[2026-04-03T03:16:18.467+0600][0.005s][info][gc] Heuristics ergonomically sets -XX:+ExplicitGCInvokesConcurrent
[2026-04-03T03:16:18.467+0600][0.005s][info][gc] Heuristics ergonomically sets -XX:+ShenandoahImplicitGCInvokesConcurrent
[2026-04-03T03:16:18.467+0600][0.006s][info][gc] Using Shenandoah
[2026-04-03T03:16:18.468+0600][0.006s][info][gc,ergo] Pacer for Idle. Initial: 15360K, Alloc Tax Rate: 1.0x
[2026-04-03T03:16:18.468+0600][0.007s][info][gc,init] Version: 21.0.10+7-Ubuntu-124.04 (release)
[2026-04-03T03:16:18.468+0600][0.007s][info][gc,init] CPUs: 12 total, 12 available
[2026-04-03T03:16:18.468+0600][0.007s][info][gc,init] Memory: 15683M
[2026-04-03T03:16:18.468+0600][0.007s][info][gc,init] Large Page Support: Disabled
[2026-04-03T03:16:18.468+0600][0.007s][info][gc,init] NUMA Support: Disabled
[2026-04-03T03:16:18.468+0600][0.007s][info][gc,init] Compressed Oops: Enabled (32-bit)
[2026-04-03T03:16:18.468+0600][0.007s][info][gc,init] Heap Min Capacity: 6656K
[2026-04-03T03:16:18.468+0600][0.007s][info][gc,init] Heap Initial Capacity: 251136K
[2026-04-03T03:16:18.468+0600][0.007s][info][gc,init] Heap Max Capacity: 750M
[2026-04-03T03:16:18.468+0600][0.007s][info][gc,init] Pre-touch: Disabled
[2026-04-03T03:16:18.468+0600][0.007s][info][gc,init] Mode: Snapshot-At-The-Beginning (SATB)
[2026-04-03T03:16:18.468+0600][0.007s][info][gc,init] Heuristics: Adaptive
[2026-04-03T03:16:18.468+0600][0.007s][info][gc,init] Heap Region Count: 3000
[2026-04-03T03:16:18.468+0600][0.007s][info][gc,init] Heap Region Size: 256K
[2026-04-03T03:16:18.468+0600][0.007s][info][gc,init] TLAB Size Max: 256K
[2026-04-03T03:16:18.468+0600][0.007s][info][gc,init] Humongous Object Threshold: 256K
[2026-04-03T03:16:18.468+0600][0.007s][info][gc,init] Parallel Workers: 6
[2026-04-03T03:16:18.468+0600][0.007s][info][gc,init] Concurrent Workers: 3
[2026-04-03T03:16:18.479+0600][0.018s][info][gc,metaspace] CDS archive(s) mapped at: [0x00007d2007000000-0x00007d2007c9c000-0x00007d2007c9c000), size 13221888, SharedBaseAddress: 0x00007d2007000000, ArchiveRelocationMode: 1.
[2026-04-03T03:16:18.479+0600][0.018s][info][gc,metaspace] Compressed class space mapped at: 0x00007d2008000000-0x00007d2048000000, reserved size: 1073741824
[2026-04-03T03:16:18.479+0600][0.018s][info][gc,metaspace] Narrow klass base: 0x00007d2007000000, Narrow klass shift: 0, Narrow klass range: 0x100000000
[2026-04-03T03:16:19.547+0600][1.086s][info][gc          ] Trigger: Learning 1 of 5. Free (524M) is below initial threshold (525M)
[2026-04-03T03:16:19.547+0600][1.086s][info][gc,ergo     ] Free: 524M, Max: 256K regular, 524M humongous, Frag: 0% external, 0% internal; Reserve: 38400K, Max: 256K
[2026-04-03T03:16:19.547+0600][1.086s][info][gc,start    ] GC(0) Concurrent reset
[2026-04-03T03:16:19.548+0600][1.086s][info][gc,task     ] GC(0) Using 3 of 6 workers for concurrent reset
[2026-04-03T03:16:19.548+0600][1.086s][info][gc,ergo     ] GC(0) Pacer for Reset. Non-Taxable: 750M
[2026-04-03T03:16:19.548+0600][1.086s][info][gc          ] GC(0) Concurrent reset 0.763ms
[2026-04-03T03:16:19.548+0600][1.087s][info][gc,start    ] GC(0) Pause Init Mark (unload classes)
[2026-04-03T03:16:19.549+0600][1.087s][info][gc,task     ] GC(0) Using 5 of 6 workers for init marking
[2026-04-03T03:16:19.549+0600][1.087s][info][gc,ergo     ] GC(0) Pacer for Mark. Expected Live: 76800K, Free: 524M, Non-Taxable: 53657K, Alloc Tax Rate: 0.2x
[2026-04-03T03:16:19.549+0600][1.087s][info][gc          ] GC(0) Pause Init Mark (unload classes) 0.346ms
[2026-04-03T03:16:19.549+0600][1.087s][info][gc,start    ] GC(0) Concurrent marking roots
[2026-04-03T03:16:19.549+0600][1.087s][info][gc,task     ] GC(0) Using 3 of 6 workers for concurrent marking roots
[2026-04-03T03:16:19.550+0600][1.088s][info][gc          ] GC(0) Concurrent marking roots 0.905ms
[2026-04-03T03:16:19.550+0600][1.088s][info][gc,start    ] GC(0) Concurrent marking (unload classes)
[2026-04-03T03:16:19.550+0600][1.088s][info][gc,task     ] GC(0) Using 3 of 6 workers for concurrent marking
[2026-04-03T03:16:19.554+0600][1.093s][info][gc          ] GC(0) Concurrent marking (unload classes) 4.526ms
[2026-04-03T03:16:19.554+0600][1.093s][info][gc,start    ] GC(0) Pause Final Mark (unload classes)
[2026-04-03T03:16:19.554+0600][1.093s][info][gc,task     ] GC(0) Using 5 of 6 workers for final marking
[2026-04-03T03:16:19.555+0600][1.093s][info][gc,ergo     ] GC(0) Adaptive CSet Selection. Target Free: 106M, Actual Free: 615M, Max CSet: 32000K, Min Garbage: 0B
[2026-04-03T03:16:19.555+0600][1.093s][info][gc,ergo     ] GC(0) Collectable Garbage: 184M (99%), Immediate: 57600K (30%), CSet: 128M (69%)
[2026-04-03T03:16:19.555+0600][1.093s][info][gc,ergo     ] GC(0) Pacer for Evacuation. Used CSet: 130M, Free: 577M, Non-Taxable: 59161K, Alloc Tax Rate: 1.1x
[2026-04-03T03:16:19.555+0600][1.093s][info][gc          ] GC(0) Pause Final Mark (unload classes) 0.708ms
[2026-04-03T03:16:19.555+0600][1.093s][info][gc,start    ] GC(0) Concurrent thread roots
[2026-04-03T03:16:19.555+0600][1.094s][info][gc,task     ] GC(0) Using 3 of 6 workers for Concurrent thread roots
[2026-04-03T03:16:19.555+0600][1.094s][info][gc          ] GC(0) Concurrent thread roots 0.255ms
[2026-04-03T03:16:19.555+0600][1.094s][info][gc,start    ] GC(0) Concurrent weak references
[2026-04-03T03:16:19.555+0600][1.094s][info][gc,task     ] GC(0) Using 3 of 6 workers for concurrent weak references
[2026-04-03T03:16:19.556+0600][1.094s][info][gc,ref      ] GC(0) Encountered references: Soft: 211, Weak: 914, Final: 0, Phantom: 28
[2026-04-03T03:16:19.556+0600][1.094s][info][gc,ref      ] GC(0) Discovered  references: Soft: 0, Weak: 723, Final: 0, Phantom: 15
[2026-04-03T03:16:19.556+0600][1.094s][info][gc,ref      ] GC(0) Enqueued    references: Soft: 0, Weak: 268, Final: 0, Phantom: 0
[2026-04-03T03:16:19.556+0600][1.094s][info][gc          ] GC(0) Concurrent weak references 0.245ms
[2026-04-03T03:16:19.556+0600][1.094s][info][gc,start    ] GC(0) Concurrent weak roots
[2026-04-03T03:16:19.556+0600][1.094s][info][gc,task     ] GC(0) Using 3 of 6 workers for concurrent weak root
[2026-04-03T03:16:19.556+0600][1.095s][info][gc          ] GC(0) Concurrent weak roots 0.692ms
[2026-04-03T03:16:19.556+0600][1.095s][info][gc,start    ] GC(0) Concurrent cleanup
[2026-04-03T03:16:19.557+0600][1.095s][info][gc          ] GC(0) Concurrent cleanup 191M->135M(245M) 0.173ms
[2026-04-03T03:16:19.557+0600][1.095s][info][gc,ergo     ] GC(0) Free: 577M, Max: 256K regular, 521M humongous, Frag: 10% external, 0% internal; Reserve: 37632K, Max: 256K
[2026-04-03T03:16:19.557+0600][1.095s][info][gc,start    ] GC(0) Concurrent class unloading
[2026-04-03T03:16:19.557+0600][1.095s][info][gc,task     ] GC(0) Using 3 of 6 workers for concurrent class unloading
[2026-04-03T03:16:19.558+0600][1.096s][info][gc          ] GC(0) Concurrent class unloading 1.195ms
[2026-04-03T03:16:19.558+0600][1.096s][info][gc,start    ] GC(0) Concurrent strong roots
[2026-04-03T03:16:19.558+0600][1.096s][info][gc,task     ] GC(0) Using 3 of 6 workers for concurrent strong root
[2026-04-03T03:16:19.558+0600][1.097s][info][gc          ] GC(0) Concurrent strong roots 0.562ms
[2026-04-03T03:16:19.558+0600][1.097s][info][gc,start    ] GC(0) Concurrent evacuation
[2026-04-03T03:16:19.558+0600][1.097s][info][gc,task     ] GC(0) Using 3 of 6 workers for concurrent evacuation
[2026-04-03T03:16:19.561+0600][1.100s][info][gc          ] GC(0) Concurrent evacuation 2.702ms
[2026-04-03T03:16:19.561+0600][1.100s][info][gc,start    ] GC(0) Pause Init Update Refs
[2026-04-03T03:16:19.561+0600][1.100s][info][gc,ergo     ] GC(0) Pacer for Update Refs. Used: 140M, Free: 575M, Non-Taxable: 58936K, Alloc Tax Rate: 1.1x
[2026-04-03T03:16:19.561+0600][1.100s][info][gc          ] GC(0) Pause Init Update Refs 0.058ms
[2026-04-03T03:16:19.561+0600][1.100s][info][gc,start    ] GC(0) Concurrent update references
[2026-04-03T03:16:19.561+0600][1.100s][info][gc,task     ] GC(0) Using 3 of 6 workers for concurrent reference update
[2026-04-03T03:16:19.564+0600][1.103s][info][gc          ] GC(0) Concurrent update references 2.916ms
[2026-04-03T03:16:19.564+0600][1.103s][info][gc,start    ] GC(0) Concurrent update thread roots
[2026-04-03T03:16:19.565+0600][1.103s][info][gc          ] GC(0) Concurrent update thread roots 0.190ms
[2026-04-03T03:16:19.565+0600][1.103s][info][gc,start    ] GC(0) Pause Final Update Refs
[2026-04-03T03:16:19.565+0600][1.103s][info][gc,task     ] GC(0) Using 5 of 6 workers for final reference update
[2026-04-03T03:16:19.565+0600][1.103s][info][gc          ] GC(0) Pause Final Update Refs 0.128ms
[2026-04-03T03:16:19.565+0600][1.103s][info][gc,start    ] GC(0) Concurrent cleanup
[2026-04-03T03:16:19.565+0600][1.104s][info][gc          ] GC(0) Concurrent cleanup 142M->11M(248M) 0.539ms
[2026-04-03T03:16:19.566+0600][1.104s][info][gc,ergo     ] Free: 700M, Max: 256K regular, 518M humongous, Frag: 27% external, 0% internal; Reserve: 38400K, Max: 256K
[2026-04-03T03:16:19.566+0600][1.104s][info][gc,stats    ] 
[2026-04-03T03:16:19.566+0600][1.104s][info][gc,stats    ] All times are wall-clock times, except per-root-class counters, that are sum over
[2026-04-03T03:16:19.566+0600][1.104s][info][gc,stats    ] all workers. Dividing the <total> over the root stage time estimates parallelism.
[2026-04-03T03:16:19.566+0600][1.104s][info][gc,stats    ] 
[2026-04-03T03:16:19.566+0600][1.104s][info][gc,stats    ] Concurrent Reset                    789 us
[2026-04-03T03:16:19.566+0600][1.104s][info][gc,stats    ] Pause Init Mark (G)                 602 us
[2026-04-03T03:16:19.566+0600][1.104s][info][gc,stats    ] Pause Init Mark (N)                 361 us
[2026-04-03T03:16:19.566+0600][1.104s][info][gc,stats    ]   Update Region States               17 us
[2026-04-03T03:16:19.566+0600][1.104s][info][gc,stats    ] Concurrent Mark Roots               939 us, parallelism: 1.76x
[2026-04-03T03:16:19.566+0600][1.104s][info][gc,stats    ]   CMR: <total>                     1650 us
[2026-04-03T03:16:19.566+0600][1.104s][info][gc,stats    ]   CMR: Thread Roots                 899 us, workers (us): 300, 592,   7, ---, ---, ---, 
[2026-04-03T03:16:19.566+0600][1.104s][info][gc,stats    ]   CMR: VM Strong Roots              416 us, workers (us): 260, 119,  37, ---, ---, ---, 
[2026-04-03T03:16:19.566+0600][1.104s][info][gc,stats    ]   CMR: CLDG Roots                   335 us, workers (us): ---, ---, 335, ---, ---, ---, 
[2026-04-03T03:16:19.566+0600][1.104s][info][gc,stats    ] Concurrent Marking                 4590 us
[2026-04-03T03:16:19.566+0600][1.104s][info][gc,stats    ] Pause Final Mark (G)                894 us
[2026-04-03T03:16:19.566+0600][1.104s][info][gc,stats    ] Pause Final Mark (N)                719 us
[2026-04-03T03:16:19.566+0600][1.104s][info][gc,stats    ]   Finish Mark                       199 us
[2026-04-03T03:16:19.566+0600][1.104s][info][gc,stats    ]   Update Region States               27 us
[2026-04-03T03:16:19.566+0600][1.104s][info][gc,stats    ]   Choose Collection Set             371 us
[2026-04-03T03:16:19.566+0600][1.104s][info][gc,stats    ]   Rebuild Free Set                   49 us
[2026-04-03T03:16:19.566+0600][1.104s][info][gc,stats    ] Concurrent Thread Roots             282 us, parallelism: 0.58x
[2026-04-03T03:16:19.566+0600][1.104s][info][gc,stats    ]   CTR: <total>                      164 us
[2026-04-03T03:16:19.566+0600][1.104s][info][gc,stats    ]   CTR: Thread Roots                 164 us, workers (us): 108,  56,   0, ---, ---, ---, 
[2026-04-03T03:16:19.566+0600][1.104s][info][gc,stats    ] Concurrent Weak References          254 us, parallelism: 0.68x
[2026-04-03T03:16:19.566+0600][1.104s][info][gc,stats    ]   CWRF: <total>                     172 us
[2026-04-03T03:16:19.566+0600][1.104s][info][gc,stats    ]   CWRF: Weak References             172 us, workers (us):  13, 159,   0, ---, ---, ---, 
[2026-04-03T03:16:19.566+0600][1.104s][info][gc,stats    ] Concurrent Weak Roots               738 us
[2026-04-03T03:16:19.566+0600][1.104s][info][gc,stats    ]   Roots                             569 us, parallelism: 2.29x
[2026-04-03T03:16:19.566+0600][1.104s][info][gc,stats    ]     CWR: <total>                   1301 us
[2026-04-03T03:16:19.566+0600][1.104s][info][gc,stats    ]     CWR: Code Cache Roots           516 us, workers (us): 128, 209, 179, ---, ---, ---, 
[2026-04-03T03:16:19.566+0600][1.104s][info][gc,stats    ]     CWR: VM Weak Roots              780 us, workers (us): 318, 286, 175, ---, ---, ---, 
[2026-04-03T03:16:19.566+0600][1.104s][info][gc,stats    ]     CWR: CLDG Roots                   5 us, workers (us): ---,   5, ---, ---, ---, ---, 
[2026-04-03T03:16:19.566+0600][1.104s][info][gc,stats    ]   Rendezvous                        103 us
[2026-04-03T03:16:19.566+0600][1.104s][info][gc,stats    ] Concurrent Cleanup                  184 us
[2026-04-03T03:16:19.566+0600][1.104s][info][gc,stats    ] Concurrent Class Unloading         1270 us
[2026-04-03T03:16:19.566+0600][1.104s][info][gc,stats    ]   Unlink Stale                      917 us
[2026-04-03T03:16:19.566+0600][1.104s][info][gc,stats    ]     System Dictionary                20 us
[2026-04-03T03:16:19.566+0600][1.104s][info][gc,stats    ]     Weak Class Links                  0 us
[2026-04-03T03:16:19.566+0600][1.104s][info][gc,stats    ]     Code Roots                      894 us
[2026-04-03T03:16:19.566+0600][1.104s][info][gc,stats    ]   Rendezvous                         58 us
[2026-04-03T03:16:19.566+0600][1.104s][info][gc,stats    ]   Purge Unlinked                    199 us
[2026-04-03T03:16:19.566+0600][1.104s][info][gc,stats    ]     Code Roots                      194 us
[2026-04-03T03:16:19.566+0600][1.104s][info][gc,stats    ]     CLDG                              5 us
[2026-04-03T03:16:19.566+0600][1.104s][info][gc,stats    ]     Exception Caches                  0 us
[2026-04-03T03:16:19.566+0600][1.104s][info][gc,stats    ] Concurrent Strong Roots             600 us, parallelism: 0.64x
[2026-04-03T03:16:19.566+0600][1.104s][info][gc,stats    ]   CSR: <total>                      385 us
[2026-04-03T03:16:19.566+0600][1.104s][info][gc,stats    ]   CSR: VM Strong Roots               13 us, workers (us):  12,   1,   0, ---, ---, ---, 
[2026-04-03T03:16:19.566+0600][1.104s][info][gc,stats    ]   CSR: CLDG Roots                   372 us, workers (us): 372, ---, ---, ---, ---, ---, 
[2026-04-03T03:16:19.566+0600][1.104s][info][gc,stats    ] Concurrent Evacuation              2752 us
[2026-04-03T03:16:19.566+0600][1.104s][info][gc,stats    ] Pause Init Update Refs (G)          191 us
[2026-04-03T03:16:19.566+0600][1.104s][info][gc,stats    ] Pause Init Update Refs (N)           66 us
[2026-04-03T03:16:19.566+0600][1.104s][info][gc,stats    ]   Manage GCLABs                       5 us
[2026-04-03T03:16:19.566+0600][1.104s][info][gc,stats    ] Concurrent Update Refs             2969 us
[2026-04-03T03:16:19.566+0600][1.104s][info][gc,stats    ] Concurrent Update Thread Roots      199 us
[2026-04-03T03:16:19.566+0600][1.104s][info][gc,stats    ] Pause Final Update Refs (G)         325 us
[2026-04-03T03:16:19.566+0600][1.104s][info][gc,stats    ] Pause Final Update Refs (N)         140 us
[2026-04-03T03:16:19.566+0600][1.104s][info][gc,stats    ]   Update Region States               30 us
[2026-04-03T03:16:19.566+0600][1.104s][info][gc,stats    ]   Trash Collection Set               14 us
[2026-04-03T03:16:19.566+0600][1.104s][info][gc,stats    ]   Rebuild Free Set                   27 us
[2026-04-03T03:16:19.566+0600][1.104s][info][gc,stats    ] Concurrent Cleanup                  558 us
[2026-04-03T03:16:19.566+0600][1.104s][info][gc,stats    ] 
[2026-04-03T03:16:19.566+0600][1.104s][info][gc,stats    ] Allocation pacing accrued:
[2026-04-03T03:16:19.566+0600][1.104s][info][gc,stats    ]       0 of  1098 ms (  0.0%): <total>
[2026-04-03T03:16:19.566+0600][1.104s][info][gc,stats    ]       0 of  1098 ms (  0.0%): <average total>
[2026-04-03T03:16:19.566+0600][1.104s][info][gc,stats    ] 
[2026-04-03T03:16:19.566+0600][1.104s][info][gc,metaspace] Metaspace: 9541K(9792K)->9627K(9792K) NonClass: 8359K(8512K)->8417K(8512K) Class: 1182K(1280K)->1209K(1280K)
[2026-04-03T03:16:19.566+0600][1.104s][info][gc,ergo     ] Pacer for Idle. Initial: 15360K, Alloc Tax Rate: 1.0x
[2026-04-03T03:16:22.528+0600][4.066s][info][gc          ] Trigger: Metadata GC Threshold
[2026-04-03T03:16:22.528+0600][4.066s][info][gc,ergo     ] Free: 530M, Max: 256K regular, 518M humongous, Frag: 3% external, 0% internal; Reserve: 38400K, Max: 256K
[2026-04-03T03:16:22.528+0600][4.067s][info][gc,start    ] GC(1) Concurrent reset
[2026-04-03T03:16:22.528+0600][4.067s][info][gc,task     ] GC(1) Using 3 of 6 workers for concurrent reset
[2026-04-03T03:16:22.528+0600][4.067s][info][gc,ergo     ] GC(1) Pacer for Reset. Non-Taxable: 750M
[2026-04-03T03:16:22.531+0600][4.069s][info][gc          ] GC(1) Concurrent reset 2.472ms
[2026-04-03T03:16:22.531+0600][4.069s][info][gc,start    ] GC(1) Pause Init Mark (unload classes)
[2026-04-03T03:16:22.531+0600][4.069s][info][gc,task     ] GC(1) Using 5 of 6 workers for init marking
[2026-04-03T03:16:22.531+0600][4.069s][info][gc,ergo     ] GC(1) Pacer for Mark. Expected Live: 3739K, Free: 530M, Non-Taxable: 54276K, Alloc Tax Rate: 0.0x
[2026-04-03T03:16:22.531+0600][4.069s][info][gc          ] GC(1) Pause Init Mark (unload classes) 0.091ms
[2026-04-03T03:16:22.531+0600][4.069s][info][gc,start    ] GC(1) Concurrent marking roots
[2026-04-03T03:16:22.531+0600][4.069s][info][gc,task     ] GC(1) Using 3 of 6 workers for concurrent marking roots
[2026-04-03T03:16:22.533+0600][4.072s][info][gc          ] GC(1) Concurrent marking roots 2.169ms
[2026-04-03T03:16:22.533+0600][4.072s][info][gc,start    ] GC(1) Concurrent marking (unload classes)
[2026-04-03T03:16:22.533+0600][4.072s][info][gc,task     ] GC(1) Using 3 of 6 workers for concurrent marking
[2026-04-03T03:16:22.539+0600][4.077s][info][gc          ] GC(1) Concurrent marking (unload classes) 5.737ms
[2026-04-03T03:16:22.539+0600][4.078s][info][gc,start    ] GC(1) Pause Final Mark (unload classes)
[2026-04-03T03:16:22.539+0600][4.078s][info][gc,task     ] GC(1) Using 5 of 6 workers for final marking
[2026-04-03T03:16:22.540+0600][4.078s][info][gc,ergo     ] GC(1) Adaptive CSet Selection. Target Free: 106M, Actual Free: 609M, Max CSet: 32000K, Min Garbage: 0B
[2026-04-03T03:16:22.540+0600][4.078s][info][gc,ergo     ] GC(1) Collectable Garbage: 161M (99%), Immediate: 43374K (26%), CSet: 119M (73%)
[2026-04-03T03:16:22.540+0600][4.078s][info][gc,ergo     ] GC(1) Pacer for Evacuation. Used CSet: 126M, Free: 572M, Non-Taxable: 58636K, Alloc Tax Rate: 1.1x
[2026-04-03T03:16:22.540+0600][4.078s][info][gc          ] GC(1) Pause Final Mark (unload classes) 0.561ms
[2026-04-03T03:16:22.540+0600][4.078s][info][gc,start    ] GC(1) Concurrent thread roots
[2026-04-03T03:16:22.540+0600][4.078s][info][gc,task     ] GC(1) Using 3 of 6 workers for Concurrent thread roots
[2026-04-03T03:16:22.540+0600][4.079s][info][gc          ] GC(1) Concurrent thread roots 0.598ms
[2026-04-03T03:16:22.540+0600][4.079s][info][gc,start    ] GC(1) Concurrent weak references
[2026-04-03T03:16:22.540+0600][4.079s][info][gc,task     ] GC(1) Using 3 of 6 workers for concurrent weak references
[2026-04-03T03:16:22.541+0600][4.079s][info][gc,ref      ] GC(1) Encountered references: Soft: 3498, Weak: 1209, Final: 0, Phantom: 563
[2026-04-03T03:16:22.541+0600][4.079s][info][gc,ref      ] GC(1) Discovered  references: Soft: 0, Weak: 854, Final: 0, Phantom: 560
[2026-04-03T03:16:22.541+0600][4.079s][info][gc,ref      ] GC(1) Enqueued    references: Soft: 0, Weak: 202, Final: 0, Phantom: 0
[2026-04-03T03:16:22.541+0600][4.079s][info][gc          ] GC(1) Concurrent weak references 0.384ms
[2026-04-03T03:16:22.541+0600][4.079s][info][gc,start    ] GC(1) Concurrent weak roots
[2026-04-03T03:16:22.541+0600][4.079s][info][gc,task     ] GC(1) Using 3 of 6 workers for concurrent weak root
[2026-04-03T03:16:22.542+0600][4.080s][info][gc          ] GC(1) Concurrent weak roots 0.729ms
[2026-04-03T03:16:22.542+0600][4.080s][info][gc,start    ] GC(1) Concurrent cleanup
[2026-04-03T03:16:22.542+0600][4.080s][info][gc          ] GC(1) Concurrent cleanup 180M->138M(248M) 0.212ms
[2026-04-03T03:16:22.542+0600][4.080s][info][gc,ergo     ] GC(1) Free: 572M, Max: 256K regular, 518M humongous, Frag: 10% external, 0% internal; Reserve: 38144K, Max: 256K
[2026-04-03T03:16:22.542+0600][4.080s][info][gc,start    ] GC(1) Concurrent class unloading
[2026-04-03T03:16:22.542+0600][4.080s][info][gc,task     ] GC(1) Using 3 of 6 workers for concurrent class unloading
[2026-04-03T03:16:22.544+0600][4.082s][info][gc          ] GC(1) Concurrent class unloading 2.063ms
[2026-04-03T03:16:22.544+0600][4.082s][info][gc,start    ] GC(1) Concurrent strong roots
[2026-04-03T03:16:22.544+0600][4.082s][info][gc,task     ] GC(1) Using 3 of 6 workers for concurrent strong root
[2026-04-03T03:16:22.545+0600][4.083s][info][gc          ] GC(1) Concurrent strong roots 0.915ms
[2026-04-03T03:16:22.545+0600][4.083s][info][gc,start    ] GC(1) Concurrent evacuation
[2026-04-03T03:16:22.545+0600][4.083s][info][gc,task     ] GC(1) Using 3 of 6 workers for concurrent evacuation
[2026-04-03T03:16:22.550+0600][4.088s][info][gc          ] GC(1) Concurrent evacuation 4.848ms
[2026-04-03T03:16:22.550+0600][4.089s][info][gc,start    ] GC(1) Pause Init Update Refs
[2026-04-03T03:16:22.550+0600][4.089s][info][gc,ergo     ] GC(1) Pacer for Update Refs. Used: 146M, Free: 572M, Non-Taxable: 58601K, Alloc Tax Rate: 1.1x
[2026-04-03T03:16:22.550+0600][4.089s][info][gc          ] GC(1) Pause Init Update Refs 0.062ms
[2026-04-03T03:16:22.550+0600][4.089s][info][gc,start    ] GC(1) Concurrent update references
[2026-04-03T03:16:22.550+0600][4.089s][info][gc,task     ] GC(1) Using 3 of 6 workers for concurrent reference update
[2026-04-03T03:16:22.554+0600][4.093s][info][gc          ] GC(1) Concurrent update references 3.828ms
[2026-04-03T03:16:22.554+0600][4.093s][info][gc,start    ] GC(1) Concurrent update thread roots
[2026-04-03T03:16:22.555+0600][4.094s][info][gc          ] GC(1) Concurrent update thread roots 0.854ms
[2026-04-03T03:16:22.555+0600][4.094s][info][gc,start    ] GC(1) Pause Final Update Refs
[2026-04-03T03:16:22.556+0600][4.094s][info][gc,task     ] GC(1) Using 6 of 6 workers for final reference update
[2026-04-03T03:16:22.556+0600][4.094s][info][gc          ] GC(1) Pause Final Update Refs 0.445ms
[2026-04-03T03:16:22.556+0600][4.094s][info][gc,start    ] GC(1) Concurrent cleanup
[2026-04-03T03:16:22.556+0600][4.095s][info][gc          ] GC(1) Concurrent cleanup 146M->20M(257M) 0.553ms
[2026-04-03T03:16:22.556+0600][4.095s][info][gc,ergo     ] Free: 691M, Max: 256K regular, 525M humongous, Frag: 24% external, 0% internal; Reserve: 38400K, Max: 256K
[2026-04-03T03:16:22.556+0600][4.095s][info][gc,stats    ] 
[2026-04-03T03:16:22.556+0600][4.095s][info][gc,stats    ] All times are wall-clock times, except per-root-class counters, that are sum over
[2026-04-03T03:16:22.556+0600][4.095s][info][gc,stats    ] all workers. Dividing the <total> over the root stage time estimates parallelism.
[2026-04-03T03:16:22.556+0600][4.095s][info][gc,stats    ] 
[2026-04-03T03:16:22.557+0600][4.095s][info][gc,stats    ] Concurrent Reset                   2518 us
[2026-04-03T03:16:22.557+0600][4.095s][info][gc,stats    ] Pause Init Mark (G)                 390 us
[2026-04-03T03:16:22.557+0600][4.095s][info][gc,stats    ] Pause Init Mark (N)                 100 us
[2026-04-03T03:16:22.557+0600][4.095s][info][gc,stats    ]   Update Region States               20 us
[2026-04-03T03:16:22.557+0600][4.095s][info][gc,stats    ] Concurrent Mark Roots              2201 us, parallelism: 1.08x
[2026-04-03T03:16:22.557+0600][4.095s][info][gc,stats    ]   CMR: <total>                     2381 us
[2026-04-03T03:16:22.557+0600][4.095s][info][gc,stats    ]   CMR: Thread Roots                2025 us, workers (us): 1952,   0,  73, ---, ---, ---, 
[2026-04-03T03:16:22.557+0600][4.095s][info][gc,stats    ]   CMR: VM Strong Roots               62 us, workers (us):  54,   7,   1, ---, ---, ---, 
[2026-04-03T03:16:22.557+0600][4.095s][info][gc,stats    ]   CMR: CLDG Roots                   294 us, workers (us): ---, 294, ---, ---, ---, ---, 
[2026-04-03T03:16:22.557+0600][4.095s][info][gc,stats    ] Concurrent Marking                 5786 us
[2026-04-03T03:16:22.557+0600][4.095s][info][gc,stats    ] Pause Final Mark (G)                792 us
[2026-04-03T03:16:22.557+0600][4.095s][info][gc,stats    ] Pause Final Mark (N)                575 us
[2026-04-03T03:16:22.557+0600][4.095s][info][gc,stats    ]   Finish Mark                       254 us
[2026-04-03T03:16:22.557+0600][4.095s][info][gc,stats    ]   Update Region States               29 us
[2026-04-03T03:16:22.557+0600][4.095s][info][gc,stats    ]   Choose Collection Set             190 us
[2026-04-03T03:16:22.557+0600][4.095s][info][gc,stats    ]   Rebuild Free Set                   24 us
[2026-04-03T03:16:22.557+0600][4.095s][info][gc,stats    ] Concurrent Thread Roots             636 us, parallelism: 0.88x
[2026-04-03T03:16:22.557+0600][4.095s][info][gc,stats    ]   CTR: <total>                      557 us
[2026-04-03T03:16:22.557+0600][4.095s][info][gc,stats    ]   CTR: Thread Roots                 557 us, workers (us): 468,  80,   8, ---, ---, ---, 
[2026-04-03T03:16:22.557+0600][4.095s][info][gc,stats    ] Concurrent Weak References          395 us, parallelism: 1.03x
[2026-04-03T03:16:22.557+0600][4.095s][info][gc,stats    ]   CWRF: <total>                     405 us
[2026-04-03T03:16:22.557+0600][4.095s][info][gc,stats    ]   CWRF: Weak References             405 us, workers (us): 203, 201,   1, ---, ---, ---, 
[2026-04-03T03:16:22.557+0600][4.095s][info][gc,stats    ] Concurrent Weak Roots               768 us
[2026-04-03T03:16:22.557+0600][4.095s][info][gc,stats    ]   Roots                             663 us, parallelism: 2.02x
[2026-04-03T03:16:22.557+0600][4.095s][info][gc,stats    ]     CWR: <total>                   1339 us
[2026-04-03T03:16:22.557+0600][4.095s][info][gc,stats    ]     CWR: Code Cache Roots           595 us, workers (us): 157, 260, 179, ---, ---, ---, 
[2026-04-03T03:16:22.557+0600][4.095s][info][gc,stats    ]     CWR: VM Weak Roots              733 us, workers (us): 292, 256, 185, ---, ---, ---, 
[2026-04-03T03:16:22.557+0600][4.095s][info][gc,stats    ]     CWR: CLDG Roots                  11 us, workers (us):  11, ---, ---, ---, ---, ---, 
[2026-04-03T03:16:22.557+0600][4.095s][info][gc,stats    ]   Rendezvous                         46 us
[2026-04-03T03:16:22.557+0600][4.095s][info][gc,stats    ] Concurrent Cleanup                  233 us
[2026-04-03T03:16:22.557+0600][4.095s][info][gc,stats    ] Concurrent Class Unloading         2110 us
[2026-04-03T03:16:22.557+0600][4.095s][info][gc,stats    ]   Unlink Stale                     1497 us
[2026-04-03T03:16:22.557+0600][4.095s][info][gc,stats    ]     System Dictionary                13 us
[2026-04-03T03:16:22.557+0600][4.095s][info][gc,stats    ]     Weak Class Links                  0 us
[2026-04-03T03:16:22.557+0600][4.095s][info][gc,stats    ]     Code Roots                     1480 us
[2026-04-03T03:16:22.557+0600][4.095s][info][gc,stats    ]   Rendezvous                        137 us
[2026-04-03T03:16:22.557+0600][4.095s][info][gc,stats    ]   Purge Unlinked                    405 us
[2026-04-03T03:16:22.557+0600][4.095s][info][gc,stats    ]     Code Roots                      395 us
[2026-04-03T03:16:22.557+0600][4.095s][info][gc,stats    ]     CLDG                             10 us
[2026-04-03T03:16:22.557+0600][4.095s][info][gc,stats    ]     Exception Caches                  0 us
[2026-04-03T03:16:22.557+0600][4.095s][info][gc,stats    ] Concurrent Strong Roots             959 us, parallelism: 0.76x
[2026-04-03T03:16:22.557+0600][4.095s][info][gc,stats    ]   CSR: <total>                      729 us
[2026-04-03T03:16:22.557+0600][4.095s][info][gc,stats    ]   CSR: VM Strong Roots               22 us, workers (us):  22,   1,   0, ---, ---, ---, 
[2026-04-03T03:16:22.557+0600][4.095s][info][gc,stats    ]   CSR: CLDG Roots                   706 us, workers (us): 706, ---, ---, ---, ---, ---, 
[2026-04-03T03:16:22.557+0600][4.095s][info][gc,stats    ] Concurrent Evacuation              4912 us
[2026-04-03T03:16:22.557+0600][4.095s][info][gc,stats    ] Pause Init Update Refs (G)          454 us
[2026-04-03T03:16:22.557+0600][4.095s][info][gc,stats    ] Pause Init Update Refs (N)           76 us
[2026-04-03T03:16:22.557+0600][4.095s][info][gc,stats    ]   Manage GCLABs                       6 us
[2026-04-03T03:16:22.557+0600][4.095s][info][gc,stats    ] Concurrent Update Refs             3891 us
[2026-04-03T03:16:22.557+0600][4.095s][info][gc,stats    ] Concurrent Update Thread Roots      899 us
[2026-04-03T03:16:22.557+0600][4.095s][info][gc,stats    ] Pause Final Update Refs (G)         678 us
[2026-04-03T03:16:22.557+0600][4.095s][info][gc,stats    ] Pause Final Update Refs (N)         461 us
[2026-04-03T03:16:22.557+0600][4.095s][info][gc,stats    ]   Update Region States               44 us
[2026-04-03T03:16:22.557+0600][4.095s][info][gc,stats    ]   Trash Collection Set               20 us
[2026-04-03T03:16:22.557+0600][4.095s][info][gc,stats    ]   Rebuild Free Set                   43 us
[2026-04-03T03:16:22.557+0600][4.095s][info][gc,stats    ] Concurrent Cleanup                  573 us
[2026-04-03T03:16:22.557+0600][4.095s][info][gc,stats    ] 
[2026-04-03T03:16:22.557+0600][4.095s][info][gc,stats    ] Allocation pacing accrued:
[2026-04-03T03:16:22.557+0600][4.095s][info][gc,stats    ]       0 of  2991 ms (  0.0%): <total>
[2026-04-03T03:16:22.557+0600][4.095s][info][gc,stats    ]       0 of  2991 ms (  0.0%): <average total>
[2026-04-03T03:16:22.557+0600][4.095s][info][gc,stats    ] 
[2026-04-03T03:16:22.557+0600][4.095s][info][gc,metaspace] Metaspace: 21252K(21568K)->21320K(21632K) NonClass: 18604K(18816K)->18655K(18816K) Class: 2648K(2752K)->2664K(2816K)
[2026-04-03T03:16:22.557+0600][4.095s][info][gc,ergo     ] Pacer for Idle. Initial: 15360K, Alloc Tax Rate: 1.0x
[2026-04-03T03:16:25.458+0600][6.996s][info][gc          ] Trigger: Metadata GC Threshold
[2026-04-03T03:16:25.458+0600][6.996s][info][gc,ergo     ] Free: 573M, Max: 256K regular, 525M humongous, Frag: 9% external, 0% internal; Reserve: 38400K, Max: 256K
[2026-04-03T03:16:25.458+0600][6.996s][info][gc,start    ] GC(2) Concurrent reset
[2026-04-03T03:16:25.458+0600][6.996s][info][gc,task     ] GC(2) Using 3 of 6 workers for concurrent reset
[2026-04-03T03:16:25.458+0600][6.996s][info][gc,ergo     ] GC(2) Pacer for Reset. Non-Taxable: 750M
[2026-04-03T03:16:25.459+0600][6.997s][info][gc          ] GC(2) Concurrent reset 1.126ms
[2026-04-03T03:16:25.459+0600][6.997s][info][gc,start    ] GC(2) Pause Init Mark (unload classes)
[2026-04-03T03:16:25.459+0600][6.998s][info][gc,task     ] GC(2) Using 6 of 6 workers for init marking
[2026-04-03T03:16:25.459+0600][6.998s][info][gc,ergo     ] GC(2) Pacer for Mark. Expected Live: 11022K, Free: 573M, Non-Taxable: 58696K, Alloc Tax Rate: 0.0x
[2026-04-03T03:16:25.459+0600][6.998s][info][gc          ] GC(2) Pause Init Mark (unload classes) 0.104ms
[2026-04-03T03:16:25.459+0600][6.998s][info][gc,start    ] GC(2) Concurrent marking roots
[2026-04-03T03:16:25.459+0600][6.998s][info][gc,task     ] GC(2) Using 3 of 6 workers for concurrent marking roots
[2026-04-03T03:16:25.460+0600][6.999s][info][gc          ] GC(2) Concurrent marking roots 1.061ms
[2026-04-03T03:16:25.460+0600][6.999s][info][gc,start    ] GC(2) Concurrent marking (unload classes)
[2026-04-03T03:16:25.460+0600][6.999s][info][gc,task     ] GC(2) Using 3 of 6 workers for concurrent marking
[2026-04-03T03:16:25.470+0600][7.009s][info][gc          ] GC(2) Concurrent marking (unload classes) 9.882ms
[2026-04-03T03:16:25.470+0600][7.009s][info][gc,start    ] GC(2) Pause Final Mark (unload classes)
[2026-04-03T03:16:25.471+0600][7.009s][info][gc,task     ] GC(2) Using 6 of 6 workers for final marking
[2026-04-03T03:16:25.471+0600][7.009s][info][gc,ergo     ] GC(2) Adaptive CSet Selection. Target Free: 106M, Actual Free: 639M, Max CSet: 32000K, Min Garbage: 0B
[2026-04-03T03:16:25.471+0600][7.009s][info][gc,ergo     ] GC(2) Collectable Garbage: 112M (99%), Immediate: 30326K (25%), CSet: 85333K (73%)
[2026-04-03T03:16:25.471+0600][7.009s][info][gc,ergo     ] GC(2) Pacer for Evacuation. Used CSet: 90559K, Free: 604M, Non-Taxable: 61897K, Alloc Tax Rate: 1.1x
[2026-04-03T03:16:25.471+0600][7.009s][info][gc          ] GC(2) Pause Final Mark (unload classes) 0.478ms
[2026-04-03T03:16:25.471+0600][7.009s][info][gc,start    ] GC(2) Concurrent thread roots
[2026-04-03T03:16:25.471+0600][7.010s][info][gc,task     ] GC(2) Using 3 of 6 workers for Concurrent thread roots
[2026-04-03T03:16:25.472+0600][7.010s][info][gc          ] GC(2) Concurrent thread roots 0.529ms
[2026-04-03T03:16:25.472+0600][7.010s][info][gc,start    ] GC(2) Concurrent weak references
[2026-04-03T03:16:25.472+0600][7.010s][info][gc,task     ] GC(2) Using 3 of 6 workers for concurrent weak references
[2026-04-03T03:16:25.472+0600][7.011s][info][gc,ref      ] GC(2) Encountered references: Soft: 3852, Weak: 2489, Final: 80, Phantom: 569
[2026-04-03T03:16:25.472+0600][7.011s][info][gc,ref      ] GC(2) Discovered  references: Soft: 0, Weak: 1125, Final: 48, Phantom: 462
[2026-04-03T03:16:25.472+0600][7.011s][info][gc,ref      ] GC(2) Enqueued    references: Soft: 0, Weak: 473, Final: 0, Phantom: 1
[2026-04-03T03:16:25.472+0600][7.011s][info][gc          ] GC(2) Concurrent weak references 0.610ms
[2026-04-03T03:16:25.472+0600][7.011s][info][gc,start    ] GC(2) Concurrent weak roots
[2026-04-03T03:16:25.472+0600][7.011s][info][gc,task     ] GC(2) Using 3 of 6 workers for concurrent weak root
[2026-04-03T03:16:25.474+0600][7.012s][info][gc          ] GC(2) Concurrent weak roots 1.273ms
[2026-04-03T03:16:25.474+0600][7.012s][info][gc,start    ] GC(2) Concurrent cleanup
[2026-04-03T03:16:25.474+0600][7.012s][info][gc          ] GC(2) Concurrent cleanup 136M->106M(257M) 0.200ms
[2026-04-03T03:16:25.474+0600][7.012s][info][gc,ergo     ] GC(2) Free: 604M, Max: 256K regular, 525M humongous, Frag: 14% external, 0% internal; Reserve: 37990K, Max: 256K
[2026-04-03T03:16:25.474+0600][7.012s][info][gc,start    ] GC(2) Concurrent class unloading
[2026-04-03T03:16:25.474+0600][7.012s][info][gc,task     ] GC(2) Using 3 of 6 workers for concurrent class unloading
[2026-04-03T03:16:25.478+0600][7.016s][info][gc          ] GC(2) Concurrent class unloading 3.839ms
[2026-04-03T03:16:25.478+0600][7.016s][info][gc,start    ] GC(2) Concurrent strong roots
[2026-04-03T03:16:25.478+0600][7.016s][info][gc,task     ] GC(2) Using 3 of 6 workers for concurrent strong root
[2026-04-03T03:16:25.479+0600][7.017s][info][gc          ] GC(2) Concurrent strong roots 1.033ms
[2026-04-03T03:16:25.479+0600][7.017s][info][gc,start    ] GC(2) Concurrent evacuation
[2026-04-03T03:16:25.479+0600][7.017s][info][gc,task     ] GC(2) Using 3 of 6 workers for concurrent evacuation
[2026-04-03T03:16:25.483+0600][7.022s][info][gc          ] GC(2) Concurrent evacuation 4.529ms
[2026-04-03T03:16:25.484+0600][7.023s][info][gc,start    ] GC(2) Pause Init Update Refs
[2026-04-03T03:16:25.484+0600][7.023s][info][gc,ergo     ] GC(2) Pacer for Update Refs. Used: 114M, Free: 602M, Non-Taxable: 61691K, Alloc Tax Rate: 1.1x
[2026-04-03T03:16:25.484+0600][7.023s][info][gc          ] GC(2) Pause Init Update Refs 0.107ms
[2026-04-03T03:16:25.484+0600][7.023s][info][gc,start    ] GC(2) Concurrent update references
[2026-04-03T03:16:25.484+0600][7.023s][info][gc,task     ] GC(2) Using 3 of 6 workers for concurrent reference update
[2026-04-03T03:16:25.491+0600][7.030s][info][gc          ] GC(2) Concurrent update references 6.848ms
[2026-04-03T03:16:25.491+0600][7.030s][info][gc,start    ] GC(2) Concurrent update thread roots
[2026-04-03T03:16:25.492+0600][7.030s][info][gc          ] GC(2) Concurrent update thread roots 0.563ms
[2026-04-03T03:16:25.492+0600][7.031s][info][gc,start    ] GC(2) Pause Final Update Refs
[2026-04-03T03:16:25.492+0600][7.031s][info][gc,task     ] GC(2) Using 6 of 6 workers for final reference update
[2026-04-03T03:16:25.492+0600][7.031s][info][gc          ] GC(2) Pause Final Update Refs 0.179ms
[2026-04-03T03:16:25.492+0600][7.031s][info][gc,start    ] GC(2) Concurrent cleanup
[2026-04-03T03:16:25.493+0600][7.031s][info][gc          ] GC(2) Concurrent cleanup 114M->26M(262M) 0.281ms
[2026-04-03T03:16:25.493+0600][7.031s][info][gc,ergo     ] Free: 685M, Max: 256K regular, 542M humongous, Frag: 21% external, 0% internal; Reserve: 38400K, Max: 256K
[2026-04-03T03:16:25.493+0600][7.031s][info][gc,stats    ] 
[2026-04-03T03:16:25.493+0600][7.031s][info][gc,stats    ] All times are wall-clock times, except per-root-class counters, that are sum over
[2026-04-03T03:16:25.493+0600][7.031s][info][gc,stats    ] all workers. Dividing the <total> over the root stage time estimates parallelism.
[2026-04-03T03:16:25.493+0600][7.031s][info][gc,stats    ] 
[2026-04-03T03:16:25.493+0600][7.031s][info][gc,stats    ] Concurrent Reset                   1173 us
[2026-04-03T03:16:25.493+0600][7.031s][info][gc,stats    ] Pause Init Mark (G)                 333 us
[2026-04-03T03:16:25.493+0600][7.031s][info][gc,stats    ] Pause Init Mark (N)                 111 us
[2026-04-03T03:16:25.493+0600][7.031s][info][gc,stats    ]   Update Region States               24 us
[2026-04-03T03:16:25.493+0600][7.031s][info][gc,stats    ] Concurrent Mark Roots              1103 us, parallelism: 2.24x
[2026-04-03T03:16:25.493+0600][7.031s][info][gc,stats    ]   CMR: <total>                     2472 us
[2026-04-03T03:16:25.493+0600][7.031s][info][gc,stats    ]   CMR: Thread Roots                2126 us, workers (us): 767, 823, 536, ---, ---, ---, 
[2026-04-03T03:16:25.493+0600][7.031s][info][gc,stats    ]   CMR: VM Strong Roots               83 us, workers (us):  48,  33,   2, ---, ---, ---, 
[2026-04-03T03:16:25.493+0600][7.031s][info][gc,stats    ]   CMR: CLDG Roots                   262 us, workers (us): ---, ---, 262, ---, ---, ---, 
[2026-04-03T03:16:25.493+0600][7.031s][info][gc,stats    ] Concurrent Marking                 9967 us
[2026-04-03T03:16:25.493+0600][7.031s][info][gc,stats    ] Pause Final Mark (G)                720 us
[2026-04-03T03:16:25.493+0600][7.031s][info][gc,stats    ] Pause Final Mark (N)                509 us
[2026-04-03T03:16:25.493+0600][7.031s][info][gc,stats    ]   Finish Mark                       138 us
[2026-04-03T03:16:25.493+0600][7.031s][info][gc,stats    ]   Update Region States               60 us
[2026-04-03T03:16:25.493+0600][7.031s][info][gc,stats    ]   Choose Collection Set             162 us
[2026-04-03T03:16:25.493+0600][7.031s][info][gc,stats    ]   Rebuild Free Set                   32 us
[2026-04-03T03:16:25.493+0600][7.031s][info][gc,stats    ] Concurrent Thread Roots             566 us, parallelism: 1.25x
[2026-04-03T03:16:25.493+0600][7.031s][info][gc,stats    ]   CTR: <total>                      710 us
[2026-04-03T03:16:25.493+0600][7.031s][info][gc,stats    ]   CTR: Thread Roots                 710 us, workers (us): 360, 211, 139, ---, ---, ---, 
[2026-04-03T03:16:25.493+0600][7.031s][info][gc,stats    ] Concurrent Weak References          624 us, parallelism: 0.77x
[2026-04-03T03:16:25.493+0600][7.031s][info][gc,stats    ]   CWRF: <total>                     478 us
[2026-04-03T03:16:25.493+0600][7.031s][info][gc,stats    ]   CWRF: Weak References             478 us, workers (us):  75,  53, 350, ---, ---, ---, 
[2026-04-03T03:16:25.493+0600][7.031s][info][gc,stats    ] Concurrent Weak Roots              1335 us
[2026-04-03T03:16:25.493+0600][7.031s][info][gc,stats    ]   Roots                            1022 us, parallelism: 2.35x
[2026-04-03T03:16:25.493+0600][7.032s][info][gc,stats    ]     CWR: <total>                   2402 us
[2026-04-03T03:16:25.493+0600][7.032s][info][gc,stats    ]     CWR: Code Cache Roots           902 us, workers (us): 306, 288, 307, ---, ---, ---, 
[2026-04-03T03:16:25.493+0600][7.032s][info][gc,stats    ]     CWR: VM Weak Roots             1480 us, workers (us): 540, 500, 440, ---, ---, ---, 
[2026-04-03T03:16:25.493+0600][7.032s][info][gc,stats    ]     CWR: CLDG Roots                  21 us, workers (us): ---, ---,  21, ---, ---, ---, 
[2026-04-03T03:16:25.493+0600][7.032s][info][gc,stats    ]   Rendezvous                        223 us
[2026-04-03T03:16:25.493+0600][7.032s][info][gc,stats    ] Concurrent Cleanup                  220 us
[2026-04-03T03:16:25.493+0600][7.032s][info][gc,stats    ] Concurrent Class Unloading         3909 us
[2026-04-03T03:16:25.493+0600][7.032s][info][gc,stats    ]   Unlink Stale                     2197 us
[2026-04-03T03:16:25.493+0600][7.032s][info][gc,stats    ]     System Dictionary                27 us
[2026-04-03T03:16:25.493+0600][7.032s][info][gc,stats    ]     Weak Class Links                  0 us
[2026-04-03T03:16:25.493+0600][7.032s][info][gc,stats    ]     Code Roots                     2166 us
[2026-04-03T03:16:25.493+0600][7.032s][info][gc,stats    ]   Rendezvous                        221 us
[2026-04-03T03:16:25.493+0600][7.032s][info][gc,stats    ]   Purge Unlinked                   1393 us
[2026-04-03T03:16:25.493+0600][7.032s][info][gc,stats    ]     Code Roots                     1353 us
[2026-04-03T03:16:25.493+0600][7.032s][info][gc,stats    ]     CLDG                             39 us
[2026-04-03T03:16:25.493+0600][7.032s][info][gc,stats    ]     Exception Caches                  0 us
[2026-04-03T03:16:25.493+0600][7.032s][info][gc,stats    ] Concurrent Strong Roots            1099 us, parallelism: 0.77x
[2026-04-03T03:16:25.493+0600][7.032s][info][gc,stats    ]   CSR: <total>                      843 us
[2026-04-03T03:16:25.493+0600][7.032s][info][gc,stats    ]   CSR: VM Strong Roots               24 us, workers (us):  23,   1,   0, ---, ---, ---, 
[2026-04-03T03:16:25.493+0600][7.032s][info][gc,stats    ]   CSR: CLDG Roots                   818 us, workers (us): 818, ---, ---, ---, ---, ---, 
[2026-04-03T03:16:25.493+0600][7.032s][info][gc,stats    ] Concurrent Evacuation              4607 us
[2026-04-03T03:16:25.493+0600][7.032s][info][gc,stats    ] Pause Init Update Refs (G)          961 us
[2026-04-03T03:16:25.493+0600][7.032s][info][gc,stats    ] Pause Init Update Refs (N)          118 us
[2026-04-03T03:16:25.493+0600][7.032s][info][gc,stats    ]   Manage GCLABs                       8 us
[2026-04-03T03:16:25.493+0600][7.032s][info][gc,stats    ] Concurrent Update Refs             6929 us
[2026-04-03T03:16:25.493+0600][7.032s][info][gc,stats    ] Concurrent Update Thread Roots      605 us
[2026-04-03T03:16:25.493+0600][7.032s][info][gc,stats    ] Pause Final Update Refs (G)         436 us
[2026-04-03T03:16:25.493+0600][7.032s][info][gc,stats    ] Pause Final Update Refs (N)         193 us
[2026-04-03T03:16:25.493+0600][7.032s][info][gc,stats    ]   Update Region States               44 us
[2026-04-03T03:16:25.493+0600][7.032s][info][gc,stats    ]   Trash Collection Set               12 us
[2026-04-03T03:16:25.493+0600][7.032s][info][gc,stats    ]   Rebuild Free Set                   36 us
[2026-04-03T03:16:25.493+0600][7.032s][info][gc,stats    ] Concurrent Cleanup                  307 us
[2026-04-03T03:16:25.493+0600][7.032s][info][gc,stats    ] 
[2026-04-03T03:16:25.493+0600][7.032s][info][gc,stats    ] Allocation pacing accrued:
[2026-04-03T03:16:25.493+0600][7.032s][info][gc,stats    ]       0 of  2937 ms (  0.0%): <total>
[2026-04-03T03:16:25.493+0600][7.032s][info][gc,stats    ]       0 of  2937 ms (  0.0%): <average total>
[2026-04-03T03:16:25.493+0600][7.032s][info][gc,stats    ] 
[2026-04-03T03:16:25.494+0600][7.032s][info][gc,metaspace] Metaspace: 35707K(36160K)->35933K(36352K) NonClass: 31272K(31552K)->31464K(31744K) Class: 4435K(4608K)->4468K(4608K)
[2026-04-03T03:16:25.494+0600][7.032s][info][gc,ergo     ] Pacer for Idle. Initial: 15360K, Alloc Tax Rate: 1.0x
[2026-04-03T03:16:27.693+0600][9.231s][info][gc          ] Trigger: Learning 4 of 5. Free (524M) is below initial threshold (525M)
[2026-04-03T03:16:27.693+0600][9.231s][info][gc,ergo     ] Free: 524M, Max: 256K regular, 524M humongous, Frag: 0% external, 0% internal; Reserve: 38400K, Max: 256K
[2026-04-03T03:16:27.693+0600][9.231s][info][gc,start    ] GC(3) Concurrent reset
[2026-04-03T03:16:27.693+0600][9.231s][info][gc,task     ] GC(3) Using 3 of 6 workers for concurrent reset
[2026-04-03T03:16:27.693+0600][9.231s][info][gc,ergo     ] GC(3) Pacer for Reset. Non-Taxable: 750M
[2026-04-03T03:16:27.693+0600][9.232s][info][gc          ] GC(3) Concurrent reset 0.814ms
[2026-04-03T03:16:27.694+0600][9.232s][info][gc,start    ] GC(3) Pause Init Mark (unload classes)
[2026-04-03T03:16:27.694+0600][9.232s][info][gc,task     ] GC(3) Using 6 of 6 workers for init marking
[2026-04-03T03:16:27.694+0600][9.232s][info][gc,ergo     ] GC(3) Pacer for Mark. Expected Live: 14646K, Free: 524M, Non-Taxable: 53690K, Alloc Tax Rate: 0.0x
[2026-04-03T03:16:27.694+0600][9.232s][info][gc          ] GC(3) Pause Init Mark (unload classes) 0.109ms
[2026-04-03T03:16:27.694+0600][9.232s][info][gc,start    ] GC(3) Concurrent marking roots
[2026-04-03T03:16:27.694+0600][9.232s][info][gc,task     ] GC(3) Using 3 of 6 workers for concurrent marking roots
[2026-04-03T03:16:27.695+0600][9.233s][info][gc          ] GC(3) Concurrent marking roots 1.081ms
[2026-04-03T03:16:27.695+0600][9.233s][info][gc,start    ] GC(3) Concurrent marking (unload classes)
[2026-04-03T03:16:27.695+0600][9.233s][info][gc,task     ] GC(3) Using 3 of 6 workers for concurrent marking
[2026-04-03T03:16:27.938+0600][9.476s][info][gc          ] GC(3) Concurrent marking (unload classes) 243.065ms
[2026-04-03T03:16:27.938+0600][9.477s][info][gc,start    ] GC(3) Pause Final Mark (unload classes)
[2026-04-03T03:16:27.938+0600][9.477s][info][gc,task     ] GC(3) Using 6 of 6 workers for final marking
[2026-04-03T03:16:27.939+0600][9.477s][info][gc,ergo     ] GC(3) Adaptive CSet Selection. Target Free: 106M, Actual Free: 514M, Max CSet: 32000K, Min Garbage: 0B
[2026-04-03T03:16:27.939+0600][9.477s][info][gc,ergo     ] GC(3) Collectable Garbage: 107M (98%), Immediate: 22934K (20%), CSet: 87543K (77%)
[2026-04-03T03:16:27.939+0600][9.477s][info][gc,ergo     ] GC(3) Pacer for Evacuation. Used CSet: 92363K, Free: 478M, Non-Taxable: 49028K, Alloc Tax Rate: 1.1x
[2026-04-03T03:16:27.939+0600][9.477s][info][gc          ] GC(3) Pause Final Mark (unload classes) 0.583ms
[2026-04-03T03:16:27.939+0600][9.477s][info][gc,start    ] GC(3) Concurrent thread roots
[2026-04-03T03:16:27.939+0600][9.477s][info][gc,task     ] GC(3) Using 3 of 6 workers for Concurrent thread roots
[2026-04-03T03:16:27.939+0600][9.478s][info][gc          ] GC(3) Concurrent thread roots 0.459ms
[2026-04-03T03:16:27.939+0600][9.478s][info][gc,start    ] GC(3) Concurrent weak references
[2026-04-03T03:16:27.939+0600][9.478s][info][gc,task     ] GC(3) Using 3 of 6 workers for concurrent weak references
[2026-04-03T03:16:27.940+0600][9.478s][info][gc,ref      ] GC(3) Encountered references: Soft: 3981, Weak: 3295, Final: 82, Phantom: 585
[2026-04-03T03:16:27.940+0600][9.478s][info][gc,ref      ] GC(3) Discovered  references: Soft: 0, Weak: 645, Final: 0, Phantom: 579
[2026-04-03T03:16:27.940+0600][9.478s][info][gc,ref      ] GC(3) Enqueued    references: Soft: 0, Weak: 538, Final: 0, Phantom: 0
[2026-04-03T03:16:27.940+0600][9.478s][info][gc          ] GC(3) Concurrent weak references 0.476ms
[2026-04-03T03:16:27.940+0600][9.478s][info][gc,start    ] GC(3) Concurrent weak roots
[2026-04-03T03:16:27.940+0600][9.478s][info][gc,task     ] GC(3) Using 3 of 6 workers for concurrent weak root
[2026-04-03T03:16:27.942+0600][9.480s][info][gc          ] GC(3) Concurrent weak roots 1.585ms
[2026-04-03T03:16:27.942+0600][9.480s][info][gc,start    ] GC(3) Concurrent cleanup
[2026-04-03T03:16:27.942+0600][9.480s][info][gc          ] GC(3) Concurrent cleanup 255M->233M(262M) 0.179ms
[2026-04-03T03:16:27.942+0600][9.480s][info][gc,ergo     ] GC(3) Free: 477M, Max: 256K regular, 454M humongous, Frag: 5% external, 0% internal; Reserve: 37950K, Max: 256K
[2026-04-03T03:16:27.942+0600][9.480s][info][gc,start    ] GC(3) Concurrent class unloading
[2026-04-03T03:16:27.942+0600][9.480s][info][gc,task     ] GC(3) Using 3 of 6 workers for concurrent class unloading
[2026-04-03T03:16:27.945+0600][9.483s][info][gc          ] GC(3) Concurrent class unloading 3.020ms
[2026-04-03T03:16:27.945+0600][9.483s][info][gc,start    ] GC(3) Concurrent strong roots
[2026-04-03T03:16:27.945+0600][9.483s][info][gc,task     ] GC(3) Using 3 of 6 workers for concurrent strong root
[2026-04-03T03:16:27.946+0600][9.484s][info][gc          ] GC(3) Concurrent strong roots 1.004ms
[2026-04-03T03:16:27.946+0600][9.484s][info][gc,start    ] GC(3) Concurrent evacuation
[2026-04-03T03:16:27.946+0600][9.484s][info][gc,task     ] GC(3) Using 3 of 6 workers for concurrent evacuation
[2026-04-03T03:16:27.949+0600][9.488s][info][gc          ] GC(3) Concurrent evacuation 3.256ms
[2026-04-03T03:16:27.949+0600][9.488s][info][gc,start    ] GC(3) Pause Init Update Refs
[2026-04-03T03:16:27.949+0600][9.488s][info][gc,ergo     ] GC(3) Pacer for Update Refs. Used: 240M, Free: 475M, Non-Taxable: 48651K, Alloc Tax Rate: 1.1x
[2026-04-03T03:16:27.949+0600][9.488s][info][gc          ] GC(3) Pause Init Update Refs 0.095ms
[2026-04-03T03:16:27.950+0600][9.488s][info][gc,start    ] GC(3) Concurrent update references
[2026-04-03T03:16:27.950+0600][9.488s][info][gc,task     ] GC(3) Using 3 of 6 workers for concurrent reference update
[2026-04-03T03:16:27.988+0600][9.526s][info][gc          ] GC(3) Concurrent update references 38.415ms
[2026-04-03T03:16:27.988+0600][9.526s][info][gc,start    ] GC(3) Concurrent update thread roots
[2026-04-03T03:16:27.989+0600][9.527s][info][gc          ] GC(3) Concurrent update thread roots 0.611ms
[2026-04-03T03:16:27.989+0600][9.527s][info][gc,start    ] GC(3) Pause Final Update Refs
[2026-04-03T03:16:27.989+0600][9.527s][info][gc,task     ] GC(3) Using 6 of 6 workers for final reference update
[2026-04-03T03:16:27.989+0600][9.527s][info][gc          ] GC(3) Pause Final Update Refs 0.116ms
[2026-04-03T03:16:27.989+0600][9.527s][info][gc,start    ] GC(3) Concurrent cleanup
[2026-04-03T03:16:27.990+0600][9.528s][info][gc          ] GC(3) Concurrent cleanup 257M->167M(265M) 0.473ms
[2026-04-03T03:16:27.990+0600][9.528s][info][gc,ergo     ] Free: 543M, Max: 256K regular, 450M humongous, Frag: 18% external, 0% internal; Reserve: 38400K, Max: 256K
[2026-04-03T03:16:27.990+0600][9.528s][info][gc,stats    ] 
[2026-04-03T03:16:27.990+0600][9.528s][info][gc,stats    ] All times are wall-clock times, except per-root-class counters, that are sum over
[2026-04-03T03:16:27.990+0600][9.528s][info][gc,stats    ] all workers. Dividing the <total> over the root stage time estimates parallelism.
[2026-04-03T03:16:27.990+0600][9.528s][info][gc,stats    ] 
[2026-04-03T03:16:27.990+0600][9.528s][info][gc,stats    ] Concurrent Reset                    851 us
[2026-04-03T03:16:27.990+0600][9.528s][info][gc,stats    ] Pause Init Mark (G)                 409 us
[2026-04-03T03:16:27.990+0600][9.528s][info][gc,stats    ] Pause Init Mark (N)                 116 us
[2026-04-03T03:16:27.990+0600][9.528s][info][gc,stats    ]   Update Region States               22 us
[2026-04-03T03:16:27.990+0600][9.528s][info][gc,stats    ] Concurrent Mark Roots              1108 us, parallelism: 2.33x
[2026-04-03T03:16:27.990+0600][9.528s][info][gc,stats    ]   CMR: <total>                     2577 us
[2026-04-03T03:16:27.990+0600][9.528s][info][gc,stats    ]   CMR: Thread Roots                2341 us, workers (us): 650, 860, 830, ---, ---, ---, 
[2026-04-03T03:16:27.990+0600][9.528s][info][gc,stats    ]   CMR: VM Strong Roots               46 us, workers (us):  39,   6,   1, ---, ---, ---, 
[2026-04-03T03:16:27.990+0600][9.528s][info][gc,stats    ]   CMR: CLDG Roots                   191 us, workers (us): 191, ---, ---, ---, ---, ---, 
[2026-04-03T03:16:27.990+0600][9.528s][info][gc,stats    ] Concurrent Marking               243132 us
[2026-04-03T03:16:27.990+0600][9.528s][info][gc,stats    ] Pause Final Mark (G)                798 us
[2026-04-03T03:16:27.990+0600][9.528s][info][gc,stats    ] Pause Final Mark (N)                592 us
[2026-04-03T03:16:27.990+0600][9.528s][info][gc,stats    ]   Finish Mark                       186 us
[2026-04-03T03:16:27.990+0600][9.528s][info][gc,stats    ]   Update Region States               47 us
[2026-04-03T03:16:27.990+0600][9.528s][info][gc,stats    ]   Choose Collection Set             220 us
[2026-04-03T03:16:27.990+0600][9.528s][info][gc,stats    ]   Rebuild Free Set                   27 us
[2026-04-03T03:16:27.990+0600][9.528s][info][gc,stats    ] Concurrent Thread Roots             489 us, parallelism: 1.63x
[2026-04-03T03:16:27.990+0600][9.528s][info][gc,stats    ]   CTR: <total>                      797 us
[2026-04-03T03:16:27.990+0600][9.528s][info][gc,stats    ]   CTR: Thread Roots                 797 us, workers (us): 276, 268, 253, ---, ---, ---, 
[2026-04-03T03:16:27.990+0600][9.528s][info][gc,stats    ] Concurrent Weak References          487 us, parallelism: 0.75x
[2026-04-03T03:16:27.990+0600][9.528s][info][gc,stats    ]   CWRF: <total>                     367 us
[2026-04-03T03:16:27.990+0600][9.528s][info][gc,stats    ]   CWRF: Weak References             367 us, workers (us):  63, 267,  38, ---, ---, ---, 
[2026-04-03T03:16:27.990+0600][9.528s][info][gc,stats    ] Concurrent Weak Roots              1634 us
[2026-04-03T03:16:27.990+0600][9.528s][info][gc,stats    ]   Roots                            1330 us, parallelism: 2.44x
[2026-04-03T03:16:27.990+0600][9.528s][info][gc,stats    ]     CWR: <total>                   3242 us
[2026-04-03T03:16:27.990+0600][9.528s][info][gc,stats    ]     CWR: Code Cache Roots          1576 us, workers (us): 516, 507, 554, ---, ---, ---, 
[2026-04-03T03:16:27.990+0600][9.528s][info][gc,stats    ]     CWR: VM Weak Roots             1640 us, workers (us): 565, 556, 518, ---, ---, ---, 
[2026-04-03T03:16:27.990+0600][9.528s][info][gc,stats    ]     CWR: CLDG Roots                  26 us, workers (us): ---,  26, ---, ---, ---, ---, 
[2026-04-03T03:16:27.990+0600][9.528s][info][gc,stats    ]   Rendezvous                        231 us
[2026-04-03T03:16:27.990+0600][9.528s][info][gc,stats    ] Concurrent Cleanup                  196 us
[2026-04-03T03:16:27.990+0600][9.528s][info][gc,stats    ] Concurrent Class Unloading         3069 us
[2026-04-03T03:16:27.990+0600][9.528s][info][gc,stats    ]   Unlink Stale                     2171 us
[2026-04-03T03:16:27.990+0600][9.528s][info][gc,stats    ]     System Dictionary                24 us
[2026-04-03T03:16:27.990+0600][9.528s][info][gc,stats    ]     Weak Class Links                  0 us
[2026-04-03T03:16:27.990+0600][9.528s][info][gc,stats    ]     Code Roots                     2143 us
[2026-04-03T03:16:27.990+0600][9.528s][info][gc,stats    ]   Rendezvous                        226 us
[2026-04-03T03:16:27.990+0600][9.528s][info][gc,stats    ]   Purge Unlinked                    594 us
[2026-04-03T03:16:27.990+0600][9.528s][info][gc,stats    ]     Code Roots                      585 us
[2026-04-03T03:16:27.990+0600][9.528s][info][gc,stats    ]     CLDG                              9 us
[2026-04-03T03:16:27.990+0600][9.528s][info][gc,stats    ]     Exception Caches                  0 us
[2026-04-03T03:16:27.990+0600][9.528s][info][gc,stats    ] Concurrent Strong Roots            1043 us, parallelism: 0.84x
[2026-04-03T03:16:27.990+0600][9.528s][info][gc,stats    ]   CSR: <total>                      873 us
[2026-04-03T03:16:27.990+0600][9.528s][info][gc,stats    ]   CSR: VM Strong Roots               23 us, workers (us):  23,   0,   0, ---, ---, ---, 
[2026-04-03T03:16:27.990+0600][9.528s][info][gc,stats    ]   CSR: CLDG Roots                   849 us, workers (us): 849, ---, ---, ---, ---, ---, 
[2026-04-03T03:16:27.990+0600][9.528s][info][gc,stats    ] Concurrent Evacuation              3316 us
[2026-04-03T03:16:27.990+0600][9.528s][info][gc,stats    ] Pause Init Update Refs (G)          354 us
[2026-04-03T03:16:27.990+0600][9.528s][info][gc,stats    ] Pause Init Update Refs (N)          105 us
[2026-04-03T03:16:27.990+0600][9.528s][info][gc,stats    ]   Manage GCLABs                      16 us
[2026-04-03T03:16:27.990+0600][9.528s][info][gc,stats    ] Concurrent Update Refs            38484 us
[2026-04-03T03:16:27.990+0600][9.528s][info][gc,stats    ] Concurrent Update Thread Roots      725 us
[2026-04-03T03:16:27.990+0600][9.528s][info][gc,stats    ] Pause Final Update Refs (G)         258 us
[2026-04-03T03:16:27.990+0600][9.528s][info][gc,stats    ] Pause Final Update Refs (N)         135 us
[2026-04-03T03:16:27.990+0600][9.528s][info][gc,stats    ]   Update Region States               31 us
[2026-04-03T03:16:27.990+0600][9.528s][info][gc,stats    ]   Trash Collection Set               10 us
[2026-04-03T03:16:27.990+0600][9.528s][info][gc,stats    ]   Rebuild Free Set                   27 us
[2026-04-03T03:16:27.990+0600][9.528s][info][gc,stats    ] Concurrent Cleanup                  485 us
[2026-04-03T03:16:27.990+0600][9.528s][info][gc,stats    ] 
[2026-04-03T03:16:27.990+0600][9.528s][info][gc,stats    ] Allocation pacing accrued:
[2026-04-03T03:16:27.990+0600][9.528s][info][gc,stats    ]       0 of  2497 ms (  0.0%): <total>
[2026-04-03T03:16:27.990+0600][9.528s][info][gc,stats    ]       0 of  2497 ms (  0.0%): <average total>
[2026-04-03T03:16:27.990+0600][9.528s][info][gc,stats    ] 
[2026-04-03T03:16:27.990+0600][9.528s][info][gc,metaspace] Metaspace: 49464K(49984K)->49464K(49984K) NonClass: 43331K(43648K)->43331K(43648K) Class: 6132K(6336K)->6132K(6336K)
[2026-04-03T03:16:27.990+0600][9.528s][info][gc,ergo     ] Pacer for Idle. Initial: 15360K, Alloc Tax Rate: 1.0x
[2026-04-03T03:16:28.030+0600][9.568s][info][gc          ] Trigger: Learning 5 of 5. Free (524M) is below initial threshold (525M)
[2026-04-03T03:16:28.030+0600][9.568s][info][gc,ergo     ] Free: 524M, Max: 256K regular, 450M humongous, Frag: 15% external, 0% internal; Reserve: 38400K, Max: 256K
[2026-04-03T03:16:28.030+0600][9.568s][info][gc,start    ] GC(4) Concurrent reset
[2026-04-03T03:16:28.030+0600][9.568s][info][gc,task     ] GC(4) Using 3 of 6 workers for concurrent reset
[2026-04-03T03:16:28.030+0600][9.568s][info][gc,ergo     ] GC(4) Pacer for Reset. Non-Taxable: 750M
[2026-04-03T03:16:28.031+0600][9.569s][info][gc          ] GC(4) Concurrent reset 0.832ms
[2026-04-03T03:16:28.031+0600][9.569s][info][gc,start    ] GC(4) Pause Init Mark (unload classes)
[2026-04-03T03:16:28.031+0600][9.569s][info][gc,task     ] GC(4) Using 6 of 6 workers for init marking
[2026-04-03T03:16:28.031+0600][9.569s][info][gc,ergo     ] GC(4) Pacer for Mark. Expected Live: 30095K, Free: 524M, Non-Taxable: 53669K, Alloc Tax Rate: 0.1x
[2026-04-03T03:16:28.031+0600][9.569s][info][gc          ] GC(4) Pause Init Mark (unload classes) 0.061ms
[2026-04-03T03:16:28.031+0600][9.569s][info][gc,start    ] GC(4) Concurrent marking roots
[2026-04-03T03:16:28.031+0600][9.569s][info][gc,task     ] GC(4) Using 3 of 6 workers for concurrent marking roots
[2026-04-03T03:16:28.032+0600][9.570s][info][gc          ] GC(4) Concurrent marking roots 0.545ms
[2026-04-03T03:16:28.032+0600][9.570s][info][gc,start    ] GC(4) Concurrent marking (unload classes)
[2026-04-03T03:16:28.032+0600][9.570s][info][gc,task     ] GC(4) Using 3 of 6 workers for concurrent marking
[2026-04-03T03:16:28.673+0600][10.211s][info][gc          ] GC(4) Concurrent marking (unload classes) 641.032ms
[2026-04-03T03:16:28.673+0600][10.211s][info][gc,start    ] GC(4) Pause Final Mark (unload classes)
[2026-04-03T03:16:28.696+0600][10.234s][info][gc,task     ] GC(4) Using 6 of 6 workers for final marking
[2026-04-03T03:16:28.697+0600][10.235s][info][gc,ergo     ] GC(4) Adaptive CSet Selection. Target Free: 106M, Actual Free: 422M, Max CSet: 32000K, Min Garbage: 0B
[2026-04-03T03:16:28.697+0600][10.235s][info][gc,ergo     ] GC(4) Collectable Garbage: 805K (15%), Immediate: 0B (0%), CSet: 805K (15%)
[2026-04-03T03:16:28.697+0600][10.236s][info][gc,ergo     ] GC(4) Pacer for Evacuation. Used CSet: 1280K, Free: 384M, Non-Taxable: 39382K, Alloc Tax Rate: 1.1x
[2026-04-03T03:16:28.697+0600][10.236s][info][gc          ] GC(4) Pause Final Mark (unload classes) 24.294ms
[2026-04-03T03:16:28.697+0600][10.236s][info][gc,start    ] GC(4) Concurrent thread roots
[2026-04-03T03:16:28.698+0600][10.236s][info][gc,task     ] GC(4) Using 3 of 6 workers for Concurrent thread roots
[2026-04-03T03:16:28.698+0600][10.237s][info][gc          ] GC(4) Concurrent thread roots 0.766ms
[2026-04-03T03:16:28.698+0600][10.237s][info][gc,start    ] GC(4) Concurrent weak references
[2026-04-03T03:16:28.698+0600][10.237s][info][gc,task     ] GC(4) Using 3 of 6 workers for concurrent weak references
[2026-04-03T03:16:28.699+0600][10.237s][info][gc,ref      ] GC(4) Encountered references: Soft: 3981, Weak: 2757, Final: 82, Phantom: 585
[2026-04-03T03:16:28.699+0600][10.237s][info][gc,ref      ] GC(4) Discovered  references: Soft: 0, Weak: 624, Final: 0, Phantom: 261
[2026-04-03T03:16:28.699+0600][10.237s][info][gc,ref      ] GC(4) Enqueued    references: Soft: 0, Weak: 0, Final: 0, Phantom: 0
[2026-04-03T03:16:28.699+0600][10.237s][info][gc          ] GC(4) Concurrent weak references 0.433ms
[2026-04-03T03:16:28.699+0600][10.237s][info][gc,start    ] GC(4) Concurrent weak roots
[2026-04-03T03:16:28.699+0600][10.237s][info][gc,task     ] GC(4) Using 3 of 6 workers for concurrent weak root
[2026-04-03T03:16:28.701+0600][10.239s][info][gc          ] GC(4) Concurrent weak roots 2.225ms
[2026-04-03T03:16:28.701+0600][10.239s][info][gc,start    ] GC(4) Concurrent cleanup
[2026-04-03T03:16:28.702+0600][10.240s][info][gc          ] GC(4) Concurrent cleanup 327M->327M(330M) 0.521ms
[2026-04-03T03:16:28.702+0600][10.240s][info][gc,ergo     ] GC(4) Free: 383M, Max: 256K regular, 383M humongous, Frag: 0% external, 0% internal; Reserve: 38371K, Max: 256K
[2026-04-03T03:16:28.702+0600][10.240s][info][gc,start    ] GC(4) Concurrent class unloading
[2026-04-03T03:16:28.702+0600][10.240s][info][gc,task     ] GC(4) Using 3 of 6 workers for concurrent class unloading
[2026-04-03T03:16:28.705+0600][10.243s][info][gc          ] GC(4) Concurrent class unloading 2.965ms
[2026-04-03T03:16:28.705+0600][10.243s][info][gc,start    ] GC(4) Concurrent strong roots
[2026-04-03T03:16:28.705+0600][10.243s][info][gc,task     ] GC(4) Using 3 of 6 workers for concurrent strong root
[2026-04-03T03:16:28.705+0600][10.244s][info][gc          ] GC(4) Concurrent strong roots 0.649ms
[2026-04-03T03:16:28.705+0600][10.244s][info][gc,start    ] GC(4) Concurrent evacuation
[2026-04-03T03:16:28.705+0600][10.244s][info][gc,task     ] GC(4) Using 3 of 6 workers for concurrent evacuation
[2026-04-03T03:16:28.706+0600][10.244s][info][gc          ] GC(4) Concurrent evacuation 0.614ms
[2026-04-03T03:16:28.706+0600][10.244s][info][gc,start    ] GC(4) Pause Init Update Refs
[2026-04-03T03:16:28.706+0600][10.244s][info][gc,ergo     ] GC(4) Pacer for Update Refs. Used: 329M, Free: 382M, Non-Taxable: 39182K, Alloc Tax Rate: 1.1x
[2026-04-03T03:16:28.706+0600][10.245s][info][gc          ] GC(4) Pause Init Update Refs 0.076ms
[2026-04-03T03:16:28.706+0600][10.245s][info][gc,start    ] GC(4) Concurrent update references
[2026-04-03T03:16:28.706+0600][10.245s][info][gc,task     ] GC(4) Using 3 of 6 workers for concurrent reference update
[2026-04-03T03:16:28.802+0600][10.340s][info][gc          ] GC(4) Concurrent update references 95.574ms
[2026-04-03T03:16:28.802+0600][10.340s][info][gc,start    ] GC(4) Concurrent update thread roots
[2026-04-03T03:16:28.802+0600][10.341s][info][gc          ] GC(4) Concurrent update thread roots 0.566ms
[2026-04-03T03:16:28.803+0600][10.341s][info][gc,start    ] GC(4) Pause Final Update Refs
[2026-04-03T03:16:28.803+0600][10.341s][info][gc,task     ] GC(4) Using 6 of 6 workers for final reference update
[2026-04-03T03:16:28.803+0600][10.341s][info][gc          ] GC(4) Pause Final Update Refs 0.207ms
[2026-04-03T03:16:28.803+0600][10.341s][info][gc,start    ] GC(4) Concurrent cleanup
[2026-04-03T03:16:28.803+0600][10.342s][info][gc          ] GC(4) Concurrent cleanup 357M->356M(359M) 0.432ms
[2026-04-03T03:16:28.804+0600][10.342s][info][gc,ergo     ] Free: 355M, Max: 256K regular, 354M humongous, Frag: 1% external, 0% internal; Reserve: 38400K, Max: 256K
[2026-04-03T03:16:28.804+0600][10.342s][info][gc,stats    ] 
[2026-04-03T03:16:28.804+0600][10.342s][info][gc,stats    ] All times are wall-clock times, except per-root-class counters, that are sum over
[2026-04-03T03:16:28.804+0600][10.342s][info][gc,stats    ] all workers. Dividing the <total> over the root stage time estimates parallelism.
[2026-04-03T03:16:28.804+0600][10.342s][info][gc,stats    ] 
[2026-04-03T03:16:28.804+0600][10.342s][info][gc,stats    ] Concurrent Reset                    865 us
[2026-04-03T03:16:28.804+0600][10.342s][info][gc,stats    ] Pause Init Mark (G)                 250 us
[2026-04-03T03:16:28.804+0600][10.342s][info][gc,stats    ] Pause Init Mark (N)                  66 us
[2026-04-03T03:16:28.804+0600][10.342s][info][gc,stats    ]   Update Region States               19 us
[2026-04-03T03:16:28.804+0600][10.342s][info][gc,stats    ] Concurrent Mark Roots               573 us, parallelism: 1.20x
[2026-04-03T03:16:28.804+0600][10.342s][info][gc,stats    ]   CMR: <total>                      685 us
[2026-04-03T03:16:28.804+0600][10.342s][info][gc,stats    ]   CMR: Thread Roots                 527 us, workers (us): 221, 224,  82, ---, ---, ---, 
[2026-04-03T03:16:28.804+0600][10.342s][info][gc,stats    ]   CMR: VM Strong Roots               18 us, workers (us):   7,   7,   4, ---, ---, ---, 
[2026-04-03T03:16:28.804+0600][10.342s][info][gc,stats    ]   CMR: CLDG Roots                   140 us, workers (us): ---, ---, 140, ---, ---, ---, 
[2026-04-03T03:16:28.804+0600][10.342s][info][gc,stats    ] Concurrent Marking               641113 us
[2026-04-03T03:16:28.804+0600][10.342s][info][gc,stats    ] Pause Final Mark (G)              24669 us
[2026-04-03T03:16:28.804+0600][10.342s][info][gc,stats    ] Pause Final Mark (N)              24313 us
[2026-04-03T03:16:28.804+0600][10.342s][info][gc,stats    ]   Finish Mark                       462 us
[2026-04-03T03:16:28.804+0600][10.342s][info][gc,stats    ]   Update Region States               76 us
[2026-04-03T03:16:28.804+0600][10.342s][info][gc,stats    ]   Choose Collection Set             573 us
[2026-04-03T03:16:28.804+0600][10.342s][info][gc,stats    ]   Rebuild Free Set                   48 us
[2026-04-03T03:16:28.804+0600][10.342s][info][gc,stats    ] Concurrent Thread Roots             839 us, parallelism: 1.37x
[2026-04-03T03:16:28.804+0600][10.342s][info][gc,stats    ]   CTR: <total>                     1153 us
[2026-04-03T03:16:28.804+0600][10.342s][info][gc,stats    ]   CTR: Thread Roots                1153 us, workers (us): 466, 344, 343, ---, ---, ---, 
[2026-04-03T03:16:28.804+0600][10.342s][info][gc,stats    ] Concurrent Weak References          449 us, parallelism: 0.45x
[2026-04-03T03:16:28.804+0600][10.342s][info][gc,stats    ]   CWRF: <total>                     202 us
[2026-04-03T03:16:28.804+0600][10.342s][info][gc,stats    ]   CWRF: Weak References             202 us, workers (us):  75, 126,   1, ---, ---, ---, 
[2026-04-03T03:16:28.804+0600][10.342s][info][gc,stats    ] Concurrent Weak Roots              2306 us
[2026-04-03T03:16:28.804+0600][10.342s][info][gc,stats    ]   Roots                            1816 us, parallelism: 2.14x
[2026-04-03T03:16:28.804+0600][10.342s][info][gc,stats    ]     CWR: <total>                   3878 us
[2026-04-03T03:16:28.804+0600][10.342s][info][gc,stats    ]     CWR: Code Cache Roots          2147 us, workers (us): 687, 698, 761, ---, ---, ---, 
[2026-04-03T03:16:28.804+0600][10.342s][info][gc,stats    ]     CWR: VM Weak Roots             1653 us, workers (us): 588, 592, 473, ---, ---, ---, 
[2026-04-03T03:16:28.804+0600][10.342s][info][gc,stats    ]     CWR: CLDG Roots                  79 us, workers (us): ---, ---,  79, ---, ---, ---, 
[2026-04-03T03:16:28.804+0600][10.342s][info][gc,stats    ]   Rendezvous                        344 us
[2026-04-03T03:16:28.804+0600][10.342s][info][gc,stats    ] Concurrent Cleanup                  536 us
[2026-04-03T03:16:28.804+0600][10.342s][info][gc,stats    ] Concurrent Class Unloading         3012 us
[2026-04-03T03:16:28.804+0600][10.342s][info][gc,stats    ]   Unlink Stale                     2729 us
[2026-04-03T03:16:28.804+0600][10.342s][info][gc,stats    ]     System Dictionary                63 us
[2026-04-03T03:16:28.804+0600][10.342s][info][gc,stats    ]     Weak Class Links                  0 us
[2026-04-03T03:16:28.804+0600][10.342s][info][gc,stats    ]     Code Roots                     2661 us
[2026-04-03T03:16:28.804+0600][10.342s][info][gc,stats    ]   Rendezvous                        138 us
[2026-04-03T03:16:28.804+0600][10.342s][info][gc,stats    ]   Purge Unlinked                     77 us
[2026-04-03T03:16:28.804+0600][10.342s][info][gc,stats    ]     Code Roots                       72 us
[2026-04-03T03:16:28.804+0600][10.342s][info][gc,stats    ]     CLDG                              5 us
[2026-04-03T03:16:28.804+0600][10.342s][info][gc,stats    ]     Exception Caches                  0 us
[2026-04-03T03:16:28.804+0600][10.342s][info][gc,stats    ] Concurrent Strong Roots             692 us, parallelism: 0.61x
[2026-04-03T03:16:28.804+0600][10.342s][info][gc,stats    ]   CSR: <total>                      422 us
[2026-04-03T03:16:28.804+0600][10.342s][info][gc,stats    ]   CSR: VM Strong Roots               33 us, workers (us):  31,   1,   1, ---, ---, ---, 
[2026-04-03T03:16:28.804+0600][10.342s][info][gc,stats    ]   CSR: CLDG Roots                   389 us, workers (us): 389, ---, ---, ---, ---, ---, 
[2026-04-03T03:16:28.804+0600][10.342s][info][gc,stats    ] Concurrent Evacuation               659 us
[2026-04-03T03:16:28.804+0600][10.342s][info][gc,stats    ] Pause Init Update Refs (G)          374 us
[2026-04-03T03:16:28.804+0600][10.342s][info][gc,stats    ] Pause Init Update Refs (N)           90 us
[2026-04-03T03:16:28.804+0600][10.342s][info][gc,stats    ]   Manage GCLABs                       8 us
[2026-04-03T03:16:28.804+0600][10.342s][info][gc,stats    ] Concurrent Update Refs            95633 us
[2026-04-03T03:16:28.804+0600][10.342s][info][gc,stats    ] Concurrent Update Thread Roots      605 us
[2026-04-03T03:16:28.804+0600][10.342s][info][gc,stats    ] Pause Final Update Refs (G)         508 us
[2026-04-03T03:16:28.804+0600][10.342s][info][gc,stats    ] Pause Final Update Refs (N)         216 us
[2026-04-03T03:16:28.804+0600][10.342s][info][gc,stats    ]   Update Region States               27 us
[2026-04-03T03:16:28.804+0600][10.342s][info][gc,stats    ]   Trash Collection Set                4 us
[2026-04-03T03:16:28.804+0600][10.342s][info][gc,stats    ]   Rebuild Free Set                   22 us
[2026-04-03T03:16:28.804+0600][10.342s][info][gc,stats    ] Concurrent Cleanup                  446 us
[2026-04-03T03:16:28.804+0600][10.342s][info][gc,stats    ] Pacing                           280120 us
[2026-04-03T03:16:28.804+0600][10.342s][info][gc,stats    ] 
[2026-04-03T03:16:28.804+0600][10.342s][info][gc,stats    ] Allocation pacing accrued:
[2026-04-03T03:16:28.804+0600][10.342s][info][gc,stats    ]     280 of   814 ms ( 34.4%): main
[2026-04-03T03:16:28.804+0600][10.342s][info][gc,stats    ]     280 of   814 ms ( 34.4%): <total>
[2026-04-03T03:16:28.804+0600][10.342s][info][gc,stats    ]       5 of   814 ms (  0.6%): <average total>
[2026-04-03T03:16:28.804+0600][10.342s][info][gc,stats    ]     280 of   814 ms ( 34.4%): <average non-zero>
[2026-04-03T03:16:28.804+0600][10.342s][info][gc,stats    ] 
[2026-04-03T03:16:28.804+0600][10.342s][info][gc,metaspace] Metaspace: 49464K(49984K)->49464K(49984K) NonClass: 43331K(43648K)->43331K(43648K) Class: 6132K(6336K)->6132K(6336K)
[2026-04-03T03:16:28.804+0600][10.342s][info][gc,ergo     ] Pacer for Idle. Initial: 15360K, Alloc Tax Rate: 1.0x
[2026-04-03T03:16:28.906+0600][10.444s][info][gc          ] Trigger: Average GC time (1043.68 ms) is above the time for average allocation rate (321 MB/s) to deplete free headroom (278M) (margin of error = 1.80)
[2026-04-03T03:16:28.906+0600][10.444s][info][gc,ergo     ] Free headroom: 315M (free) - 38400K (spike) - 0B (penalties) = 278M
[2026-04-03T03:16:28.906+0600][10.444s][info][gc,ergo     ] Free: 315M, Max: 256K regular, 315M humongous, Frag: 0% external, 0% internal; Reserve: 38400K, Max: 256K
[2026-04-03T03:16:28.906+0600][10.444s][info][gc,start    ] GC(5) Concurrent reset
[2026-04-03T03:16:28.906+0600][10.444s][info][gc,task     ] GC(5) Using 3 of 6 workers for concurrent reset
[2026-04-03T03:16:28.906+0600][10.444s][info][gc,ergo     ] GC(5) Pacer for Reset. Non-Taxable: 750M
[2026-04-03T03:16:28.907+0600][10.445s][info][gc          ] GC(5) Concurrent reset 0.987ms
[2026-04-03T03:16:28.907+0600][10.446s][info][gc,start    ] GC(5) Pause Init Mark (unload classes)
[2026-04-03T03:16:28.907+0600][10.446s][info][gc,task     ] GC(5) Using 6 of 6 workers for init marking
[2026-04-03T03:16:28.907+0600][10.446s][info][gc,ergo     ] GC(5) Pacer for Mark. Expected Live: 61391K, Free: 315M, Non-Taxable: 32297K, Alloc Tax Rate: 0.2x
[2026-04-03T03:16:28.907+0600][10.446s][info][gc          ] GC(5) Pause Init Mark (unload classes) 0.167ms
[2026-04-03T03:16:28.907+0600][10.446s][info][gc,start    ] GC(5) Concurrent marking roots
[2026-04-03T03:16:28.907+0600][10.446s][info][gc,task     ] GC(5) Using 3 of 6 workers for concurrent marking roots
[2026-04-03T03:16:28.908+0600][10.446s][info][gc          ] GC(5) Concurrent marking roots 0.561ms
[2026-04-03T03:16:28.908+0600][10.446s][info][gc,start    ] GC(5) Concurrent marking (unload classes)
[2026-04-03T03:16:28.908+0600][10.446s][info][gc,task     ] GC(5) Using 3 of 6 workers for concurrent marking
[2026-04-03T03:16:30.276+0600][11.815s][info][gc          ] GC(5) Concurrent marking (unload classes) 1368.072ms
[2026-04-03T03:16:30.276+0600][11.815s][info][gc,start    ] GC(5) Pause Final Mark (unload classes)
[2026-04-03T03:16:30.276+0600][11.815s][info][gc,task     ] GC(5) Using 6 of 6 workers for final marking
[2026-04-03T03:16:30.277+0600][11.815s][info][gc,ergo     ] GC(5) Adaptive CSet Selection. Target Free: 106M, Actual Free: 283M, Max CSet: 32000K, Min Garbage: 0B
[2026-04-03T03:16:30.277+0600][11.816s][info][gc,ergo     ] GC(5) Collectable Garbage: 501K (5%), Immediate: 0B (0%), CSet: 501K (5%)
[2026-04-03T03:16:30.277+0600][11.816s][info][gc,ergo     ] GC(5) Pacer for Evacuation. Used CSet: 897K, Free: 246M, Non-Taxable: 25226K, Alloc Tax Rate: 1.1x
[2026-04-03T03:16:30.277+0600][11.816s][info][gc          ] GC(5) Pause Final Mark (unload classes) 0.888ms
[2026-04-03T03:16:30.277+0600][11.816s][info][gc,start    ] GC(5) Concurrent thread roots
[2026-04-03T03:16:30.277+0600][11.816s][info][gc,task     ] GC(5) Using 3 of 6 workers for Concurrent thread roots
[2026-04-03T03:16:30.278+0600][11.816s][info][gc          ] GC(5) Concurrent thread roots 0.561ms
[2026-04-03T03:16:30.278+0600][11.816s][info][gc,start    ] GC(5) Concurrent weak references
[2026-04-03T03:16:30.278+0600][11.816s][info][gc,task     ] GC(5) Using 3 of 6 workers for concurrent weak references
[2026-04-03T03:16:30.278+0600][11.817s][info][gc,ref      ] GC(5) Encountered references: Soft: 3981, Weak: 2757, Final: 82, Phantom: 585
[2026-04-03T03:16:30.278+0600][11.817s][info][gc,ref      ] GC(5) Discovered  references: Soft: 0, Weak: 115, Final: 0, Phantom: 579
[2026-04-03T03:16:30.278+0600][11.817s][info][gc,ref      ] GC(5) Enqueued    references: Soft: 0, Weak: 0, Final: 0, Phantom: 0
[2026-04-03T03:16:30.278+0600][11.817s][info][gc          ] GC(5) Concurrent weak references 0.334ms
[2026-04-03T03:16:30.278+0600][11.817s][info][gc,start    ] GC(5) Concurrent weak roots
[2026-04-03T03:16:30.278+0600][11.817s][info][gc,task     ] GC(5) Using 3 of 6 workers for concurrent weak root
[2026-04-03T03:16:30.280+0600][11.818s][info][gc          ] GC(5) Concurrent weak roots 1.228ms
[2026-04-03T03:16:30.280+0600][11.818s][info][gc,start    ] GC(5) Concurrent cleanup
[2026-04-03T03:16:30.280+0600][11.818s][info][gc          ] GC(5) Concurrent cleanup 465M->465M(468M) 0.537ms
[2026-04-03T03:16:30.280+0600][11.819s][info][gc,ergo     ] GC(5) Free: 245M, Max: 256K regular, 245M humongous, Frag: 0% external, 0% internal; Reserve: 38400K, Max: 256K
[2026-04-03T03:16:30.280+0600][11.819s][info][gc,start    ] GC(5) Concurrent class unloading
[2026-04-03T03:16:30.280+0600][11.819s][info][gc,task     ] GC(5) Using 3 of 6 workers for concurrent class unloading
[2026-04-03T03:16:30.283+0600][11.822s][info][gc          ] GC(5) Concurrent class unloading 3.156ms
[2026-04-03T03:16:30.283+0600][11.822s][info][gc,start    ] GC(5) Concurrent strong roots
[2026-04-03T03:16:30.283+0600][11.822s][info][gc,task     ] GC(5) Using 3 of 6 workers for concurrent strong root
[2026-04-03T03:16:30.284+0600][11.822s][info][gc          ] GC(5) Concurrent strong roots 0.572ms
[2026-04-03T03:16:30.284+0600][11.822s][info][gc,start    ] GC(5) Concurrent evacuation
[2026-04-03T03:16:30.284+0600][11.822s][info][gc,task     ] GC(5) Using 3 of 6 workers for concurrent evacuation
[2026-04-03T03:16:30.285+0600][11.823s][info][gc          ] GC(5) Concurrent evacuation 0.755ms
[2026-04-03T03:16:30.285+0600][11.823s][info][gc,start    ] GC(5) Pause Init Update Refs
[2026-04-03T03:16:30.285+0600][11.823s][info][gc,ergo     ] GC(5) Pacer for Update Refs. Used: 466M, Free: 244M, Non-Taxable: 25047K, Alloc Tax Rate: 2.3x
[2026-04-03T03:16:30.285+0600][11.823s][info][gc          ] GC(5) Pause Init Update Refs 0.085ms
[2026-04-03T03:16:30.285+0600][11.823s][info][gc,start    ] GC(5) Concurrent update references
[2026-04-03T03:16:30.285+0600][11.824s][info][gc,task     ] GC(5) Using 3 of 6 workers for concurrent reference update
[2026-04-03T03:16:30.444+0600][11.982s][info][gc          ] GC(5) Concurrent update references 158.732ms
[2026-04-03T03:16:30.444+0600][11.982s][info][gc,start    ] GC(5) Concurrent update thread roots
[2026-04-03T03:16:30.445+0600][11.983s][info][gc          ] GC(5) Concurrent update thread roots 0.637ms
[2026-04-03T03:16:30.445+0600][11.983s][info][gc,start    ] GC(5) Pause Final Update Refs
[2026-04-03T03:16:30.445+0600][11.983s][info][gc,task     ] GC(5) Using 6 of 6 workers for final reference update
[2026-04-03T03:16:30.445+0600][11.983s][info][gc          ] GC(5) Pause Final Update Refs 0.176ms
[2026-04-03T03:16:30.445+0600][11.983s][info][gc,start    ] GC(5) Concurrent cleanup
[2026-04-03T03:16:30.445+0600][11.984s][info][gc          ] GC(5) Concurrent cleanup 516M->515M(519M) 0.440ms
[2026-04-03T03:16:30.446+0600][11.984s][info][gc,ergo     ] Free: 195M, Max: 256K regular, 194M humongous, Frag: 1% external, 26% internal; Reserve: 38400K, Max: 256K
[2026-04-03T03:16:30.446+0600][11.984s][info][gc,stats    ] 
[2026-04-03T03:16:30.446+0600][11.984s][info][gc,stats    ] All times are wall-clock times, except per-root-class counters, that are sum over
[2026-04-03T03:16:30.446+0600][11.984s][info][gc,stats    ] all workers. Dividing the <total> over the root stage time estimates parallelism.
[2026-04-03T03:16:30.446+0600][11.984s][info][gc,stats    ] 
[2026-04-03T03:16:30.446+0600][11.984s][info][gc,stats    ] Concurrent Reset                   1022 us
[2026-04-03T03:16:30.446+0600][11.984s][info][gc,stats    ] Pause Init Mark (G)                 424 us
[2026-04-03T03:16:30.446+0600][11.984s][info][gc,stats    ] Pause Init Mark (N)                 176 us
[2026-04-03T03:16:30.446+0600][11.984s][info][gc,stats    ]   Update Region States               51 us
[2026-04-03T03:16:30.446+0600][11.984s][info][gc,stats    ] Concurrent Mark Roots               591 us, parallelism: 1.50x
[2026-04-03T03:16:30.446+0600][11.984s][info][gc,stats    ]   CMR: <total>                      890 us
[2026-04-03T03:16:30.446+0600][11.984s][info][gc,stats    ]   CMR: Thread Roots                 687 us, workers (us): 342, 160, 185, ---, ---, ---, 
[2026-04-03T03:16:30.446+0600][11.984s][info][gc,stats    ]   CMR: VM Strong Roots               21 us, workers (us):  12,   7,   2, ---, ---, ---, 
[2026-04-03T03:16:30.446+0600][11.984s][info][gc,stats    ]   CMR: CLDG Roots                   182 us, workers (us): ---, 182, ---, ---, ---, ---, 
[2026-04-03T03:16:30.446+0600][11.984s][info][gc,stats    ] Concurrent Marking              1368170 us
[2026-04-03T03:16:30.446+0600][11.984s][info][gc,stats    ] Pause Final Mark (G)               1142 us
[2026-04-03T03:16:30.446+0600][11.984s][info][gc,stats    ] Pause Final Mark (N)                905 us
[2026-04-03T03:16:30.446+0600][11.984s][info][gc,stats    ]   Finish Mark                       246 us
[2026-04-03T03:16:30.446+0600][11.984s][info][gc,stats    ]   Update Region States               77 us
[2026-04-03T03:16:30.446+0600][11.984s][info][gc,stats    ]   Choose Collection Set             431 us
[2026-04-03T03:16:30.446+0600][11.984s][info][gc,stats    ]   Rebuild Free Set                   27 us
[2026-04-03T03:16:30.446+0600][11.984s][info][gc,stats    ] Concurrent Thread Roots             613 us, parallelism: 1.30x
[2026-04-03T03:16:30.446+0600][11.984s][info][gc,stats    ]   CTR: <total>                      796 us
[2026-04-03T03:16:30.446+0600][11.984s][info][gc,stats    ]   CTR: Thread Roots                 796 us, workers (us): 279, 270, 246, ---, ---, ---, 
[2026-04-03T03:16:30.446+0600][11.984s][info][gc,stats    ] Concurrent Weak References          345 us, parallelism: 0.32x
[2026-04-03T03:16:30.446+0600][11.984s][info][gc,stats    ]   CWRF: <total>                     112 us
[2026-04-03T03:16:30.446+0600][11.984s][info][gc,stats    ]   CWRF: Weak References             112 us, workers (us):  38,  72,   1, ---, ---, ---, 
[2026-04-03T03:16:30.446+0600][11.984s][info][gc,stats    ] Concurrent Weak Roots              1243 us
[2026-04-03T03:16:30.446+0600][11.984s][info][gc,stats    ]   Roots                            1080 us, parallelism: 2.40x
[2026-04-03T03:16:30.446+0600][11.984s][info][gc,stats    ]     CWR: <total>                   2588 us
[2026-04-03T03:16:30.446+0600][11.984s][info][gc,stats    ]     CWR: Code Cache Roots          1511 us, workers (us): 551, 459, 501, ---, ---, ---, 
[2026-04-03T03:16:30.446+0600][11.984s][info][gc,stats    ]     CWR: VM Weak Roots             1027 us, workers (us): 403, 335, 289, ---, ---, ---, 
[2026-04-03T03:16:30.446+0600][11.984s][info][gc,stats    ]     CWR: CLDG Roots                  49 us, workers (us): ---,  49, ---, ---, ---, ---, 
[2026-04-03T03:16:30.446+0600][11.984s][info][gc,stats    ]   Rendezvous                        129 us
[2026-04-03T03:16:30.446+0600][11.984s][info][gc,stats    ] Concurrent Cleanup                  550 us
[2026-04-03T03:16:30.446+0600][11.984s][info][gc,stats    ] Concurrent Class Unloading         3213 us
[2026-04-03T03:16:30.446+0600][11.984s][info][gc,stats    ]   Unlink Stale                     2780 us
[2026-04-03T03:16:30.446+0600][11.984s][info][gc,stats    ]     System Dictionary                21 us
[2026-04-03T03:16:30.446+0600][11.984s][info][gc,stats    ]     Weak Class Links                  0 us
[2026-04-03T03:16:30.446+0600][11.984s][info][gc,stats    ]     Code Roots                     2756 us
[2026-04-03T03:16:30.446+0600][11.984s][info][gc,stats    ]   Rendezvous                        285 us
[2026-04-03T03:16:30.446+0600][11.984s][info][gc,stats    ]   Purge Unlinked                     71 us
[2026-04-03T03:16:30.446+0600][11.984s][info][gc,stats    ]     Code Roots                       62 us
[2026-04-03T03:16:30.446+0600][11.984s][info][gc,stats    ]     CLDG                              9 us
[2026-04-03T03:16:30.446+0600][11.984s][info][gc,stats    ]     Exception Caches                  0 us
[2026-04-03T03:16:30.446+0600][11.984s][info][gc,stats    ] Concurrent Strong Roots             623 us, parallelism: 0.51x
[2026-04-03T03:16:30.446+0600][11.984s][info][gc,stats    ]   CSR: <total>                      315 us
[2026-04-03T03:16:30.446+0600][11.984s][info][gc,stats    ]   CSR: VM Strong Roots               15 us, workers (us):  14,   1,   0, ---, ---, ---, 
[2026-04-03T03:16:30.446+0600][11.984s][info][gc,stats    ]   CSR: CLDG Roots                   300 us, workers (us): 300, ---, ---, ---, ---, ---, 
[2026-04-03T03:16:30.446+0600][11.984s][info][gc,stats    ] Concurrent Evacuation               807 us
[2026-04-03T03:16:30.446+0600][11.984s][info][gc,stats    ] Pause Init Update Refs (G)          305 us
[2026-04-03T03:16:30.446+0600][11.984s][info][gc,stats    ] Pause Init Update Refs (N)          100 us
[2026-04-03T03:16:30.446+0600][11.984s][info][gc,stats    ]   Manage GCLABs                       8 us
[2026-04-03T03:16:30.446+0600][11.984s][info][gc,stats    ] Concurrent Update Refs           158793 us
[2026-04-03T03:16:30.446+0600][11.984s][info][gc,stats    ] Concurrent Update Thread Roots      674 us
[2026-04-03T03:16:30.446+0600][11.984s][info][gc,stats    ] Pause Final Update Refs (G)         465 us
[2026-04-03T03:16:30.446+0600][11.984s][info][gc,stats    ] Pause Final Update Refs (N)         195 us
[2026-04-03T03:16:30.446+0600][11.984s][info][gc,stats    ]   Update Region States               30 us
[2026-04-03T03:16:30.446+0600][11.984s][info][gc,stats    ]   Trash Collection Set                4 us
[2026-04-03T03:16:30.446+0600][11.984s][info][gc,stats    ]   Rebuild Free Set                   21 us
[2026-04-03T03:16:30.446+0600][11.984s][info][gc,stats    ] Concurrent Cleanup                  454 us
[2026-04-03T03:16:30.446+0600][11.984s][info][gc,stats    ] Pacing                          1158714 us
[2026-04-03T03:16:30.446+0600][11.984s][info][gc,stats    ] 
[2026-04-03T03:16:30.446+0600][11.984s][info][gc,stats    ] Allocation pacing accrued:
[2026-04-03T03:16:30.446+0600][11.984s][info][gc,stats    ]    1147 of  1642 ms ( 69.9%): main
[2026-04-03T03:16:30.446+0600][11.984s][info][gc,stats    ]      11 of  1642 ms (  0.7%): RemoteBlock-temp-file-clean-thread
[2026-04-03T03:16:30.446+0600][11.984s][info][gc,stats    ]    1159 of  1642 ms ( 70.6%): <total>
[2026-04-03T03:16:30.446+0600][11.984s][info][gc,stats    ]      19 of  1642 ms (  1.2%): <average total>
[2026-04-03T03:16:30.446+0600][11.984s][info][gc,stats    ]     579 of  1642 ms ( 35.3%): <average non-zero>
[2026-04-03T03:16:30.446+0600][11.984s][info][gc,stats    ] 
[2026-04-03T03:16:30.446+0600][11.984s][info][gc,metaspace] Metaspace: 49464K(49984K)->49464K(49984K) NonClass: 43331K(43648K)->43331K(43648K) Class: 6132K(6336K)->6132K(6336K)
[2026-04-03T03:16:30.446+0600][11.984s][info][gc,ergo     ] Pacer for Idle. Initial: 15360K, Alloc Tax Rate: 1.0x
[2026-04-03T03:16:30.447+0600][11.985s][info][gc          ] Trigger: Average GC time (2060.37 ms) is above the time for average allocation rate (202 MB/s) to deplete free headroom (157M) (margin of error = 1.82)
[2026-04-03T03:16:30.447+0600][11.985s][info][gc,ergo     ] Free headroom: 194M (free) - 38400K (spike) - 0B (penalties) = 157M
[2026-04-03T03:16:30.447+0600][11.985s][info][gc,ergo     ] Free: 194M, Max: 256K regular, 194M humongous, Frag: 0% external, 0% internal; Reserve: 38400K, Max: 256K
[2026-04-03T03:16:30.447+0600][11.986s][info][gc,start    ] GC(6) Concurrent reset
[2026-04-03T03:16:30.447+0600][11.986s][info][gc,task     ] GC(6) Using 3 of 6 workers for concurrent reset
[2026-04-03T03:16:30.447+0600][11.986s][info][gc,ergo     ] GC(6) Pacer for Reset. Non-Taxable: 750M
[2026-04-03T03:16:30.448+0600][11.987s][info][gc          ] GC(6) Concurrent reset 1.317ms
[2026-04-03T03:16:30.449+0600][11.987s][info][gc,start    ] GC(6) Pause Init Mark (unload classes)
[2026-04-03T03:16:30.449+0600][11.987s][info][gc,task     ] GC(6) Using 6 of 6 workers for init marking
[2026-04-03T03:16:30.449+0600][11.987s][info][gc,ergo     ] GC(6) Pacer for Mark. Expected Live: 136M, Free: 194M, Non-Taxable: 19866K, Alloc Tax Rate: 0.9x
[2026-04-03T03:16:30.449+0600][11.987s][info][gc          ] GC(6) Pause Init Mark (unload classes) 0.088ms
[2026-04-03T03:16:30.449+0600][11.987s][info][gc,start    ] GC(6) Concurrent marking roots
[2026-04-03T03:16:30.449+0600][11.987s][info][gc,task     ] GC(6) Using 3 of 6 workers for concurrent marking roots
[2026-04-03T03:16:30.449+0600][11.988s][info][gc          ] GC(6) Concurrent marking roots 0.510ms
[2026-04-03T03:16:30.449+0600][11.988s][info][gc,start    ] GC(6) Concurrent marking (unload classes)
[2026-04-03T03:16:30.449+0600][11.988s][info][gc,task     ] GC(6) Using 3 of 6 workers for concurrent marking
[2026-04-03T03:16:33.042+0600][14.580s][info][gc          ] GC(6) Concurrent marking (unload classes) 2592.170ms
[2026-04-03T03:16:33.042+0600][14.580s][info][gc,start    ] GC(6) Pause Final Mark (unload classes)
[2026-04-03T03:16:33.042+0600][14.580s][info][gc,task     ] GC(6) Using 6 of 6 workers for final marking
[2026-04-03T03:16:33.042+0600][14.581s][info][gc,ergo     ] GC(6) Adaptive CSet Selection. Target Free: 106M, Actual Free: 191M, Max CSet: 32000K, Min Garbage: 0B
[2026-04-03T03:16:33.043+0600][14.581s][info][gc,ergo     ] GC(6) Collectable Garbage: 361K (3%), Immediate: 0B (0%), CSet: 361K (3%)
[2026-04-03T03:16:33.043+0600][14.581s][info][gc,ergo     ] GC(6) Pacer for Evacuation. Used CSet: 768K, Free: 154M, Non-Taxable: 15825K, Alloc Tax Rate: 1.1x
[2026-04-03T03:16:33.043+0600][14.581s][info][gc          ] GC(6) Pause Final Mark (unload classes) 0.962ms
[2026-04-03T03:16:33.043+0600][14.581s][info][gc,start    ] GC(6) Concurrent thread roots
[2026-04-03T03:16:33.043+0600][14.582s][info][gc,task     ] GC(6) Using 3 of 6 workers for Concurrent thread roots
[2026-04-03T03:16:33.044+0600][14.582s][info][gc          ] GC(6) Concurrent thread roots 0.650ms
[2026-04-03T03:16:33.044+0600][14.582s][info][gc,start    ] GC(6) Concurrent weak references
[2026-04-03T03:16:33.044+0600][14.582s][info][gc,task     ] GC(6) Using 3 of 6 workers for concurrent weak references
[2026-04-03T03:16:33.044+0600][14.582s][info][gc,ref      ] GC(6) Encountered references: Soft: 3981, Weak: 2757, Final: 82, Phantom: 585
[2026-04-03T03:16:33.044+0600][14.582s][info][gc,ref      ] GC(6) Discovered  references: Soft: 0, Weak: 117, Final: 0, Phantom: 580
[2026-04-03T03:16:33.044+0600][14.582s][info][gc,ref      ] GC(6) Enqueued    references: Soft: 0, Weak: 0, Final: 0, Phantom: 0
[2026-04-03T03:16:33.044+0600][14.582s][info][gc          ] GC(6) Concurrent weak references 0.325ms
[2026-04-03T03:16:33.044+0600][14.582s][info][gc,start    ] GC(6) Concurrent weak roots
[2026-04-03T03:16:33.044+0600][14.582s][info][gc,task     ] GC(6) Using 3 of 6 workers for concurrent weak root
[2026-04-03T03:16:33.045+0600][14.584s][info][gc          ] GC(6) Concurrent weak roots 1.130ms
[2026-04-03T03:16:33.045+0600][14.584s][info][gc,start    ] GC(6) Concurrent cleanup
[2026-04-03T03:16:33.046+0600][14.584s][info][gc          ] GC(6) Concurrent cleanup 556M->556M(559M) 0.393ms
[2026-04-03T03:16:33.046+0600][14.584s][info][gc,ergo     ] GC(6) Free: 154M, Max: 256K regular, 154M humongous, Frag: 0% external, 31% internal; Reserve: 38400K, Max: 256K
[2026-04-03T03:16:33.046+0600][14.584s][info][gc,start    ] GC(6) Concurrent class unloading
[2026-04-03T03:16:33.046+0600][14.584s][info][gc,task     ] GC(6) Using 3 of 6 workers for concurrent class unloading
[2026-04-03T03:16:33.048+0600][14.586s][info][gc          ] GC(6) Concurrent class unloading 2.237ms
[2026-04-03T03:16:33.048+0600][14.586s][info][gc,start    ] GC(6) Concurrent strong roots
[2026-04-03T03:16:33.048+0600][14.586s][info][gc,task     ] GC(6) Using 3 of 6 workers for concurrent strong root
[2026-04-03T03:16:33.048+0600][14.587s][info][gc          ] GC(6) Concurrent strong roots 0.454ms
[2026-04-03T03:16:33.048+0600][14.587s][info][gc,start    ] GC(6) Concurrent evacuation
[2026-04-03T03:16:33.048+0600][14.587s][info][gc,task     ] GC(6) Using 3 of 6 workers for concurrent evacuation
[2026-04-03T03:16:33.049+0600][14.587s][info][gc          ] GC(6) Concurrent evacuation 0.624ms
[2026-04-03T03:16:33.049+0600][14.588s][info][gc,start    ] GC(6) Pause Init Update Refs
[2026-04-03T03:16:33.049+0600][14.588s][info][gc,ergo     ] GC(6) Pacer for Update Refs. Used: 557M, Free: 154M, Non-Taxable: 15825K, Alloc Tax Rate: 4.4x
[2026-04-03T03:16:33.049+0600][14.588s][info][gc          ] GC(6) Pause Init Update Refs 0.050ms
[2026-04-03T03:16:33.049+0600][14.588s][info][gc,start    ] GC(6) Concurrent update references
[2026-04-03T03:16:33.049+0600][14.588s][info][gc,task     ] GC(6) Using 3 of 6 workers for concurrent reference update
[2026-04-03T03:16:33.234+0600][14.772s][info][gc          ] GC(6) Concurrent update references 184.552ms
[2026-04-03T03:16:33.234+0600][14.772s][info][gc,start    ] GC(6) Concurrent update thread roots
[2026-04-03T03:16:33.234+0600][14.773s][info][gc          ] GC(6) Concurrent update thread roots 0.548ms
[2026-04-03T03:16:33.235+0600][14.773s][info][gc,start    ] GC(6) Pause Final Update Refs
[2026-04-03T03:16:33.235+0600][14.773s][info][gc,task     ] GC(6) Using 6 of 6 workers for final reference update
[2026-04-03T03:16:33.235+0600][14.773s][info][gc          ] GC(6) Pause Final Update Refs 0.119ms
[2026-04-03T03:16:33.235+0600][14.773s][info][gc,start    ] GC(6) Concurrent cleanup
[2026-04-03T03:16:33.235+0600][14.774s][info][gc          ] GC(6) Concurrent cleanup 619M->618M(622M) 0.437ms
[2026-04-03T03:16:33.235+0600][14.774s][info][gc,ergo     ] Free: 94451K, Max: 256K regular, 93440K humongous, Frag: 1% external, 30% internal; Reserve: 38400K, Max: 256K
[2026-04-03T03:16:33.235+0600][14.774s][info][gc,stats    ] 
[2026-04-03T03:16:33.235+0600][14.774s][info][gc,stats    ] All times are wall-clock times, except per-root-class counters, that are sum over
[2026-04-03T03:16:33.235+0600][14.774s][info][gc,stats    ] all workers. Dividing the <total> over the root stage time estimates parallelism.
[2026-04-03T03:16:33.235+0600][14.774s][info][gc,stats    ] 
[2026-04-03T03:16:33.235+0600][14.774s][info][gc,stats    ] Concurrent Reset                   1361 us
[2026-04-03T03:16:33.235+0600][14.774s][info][gc,stats    ] Pause Init Mark (G)                 438 us
[2026-04-03T03:16:33.235+0600][14.774s][info][gc,stats    ] Pause Init Mark (N)                  96 us
[2026-04-03T03:16:33.235+0600][14.774s][info][gc,stats    ]   Update Region States               23 us
[2026-04-03T03:16:33.235+0600][14.774s][info][gc,stats    ] Concurrent Mark Roots               548 us, parallelism: 1.42x
[2026-04-03T03:16:33.235+0600][14.774s][info][gc,stats    ]   CMR: <total>                      778 us
[2026-04-03T03:16:33.235+0600][14.774s][info][gc,stats    ]   CMR: Thread Roots                 596 us, workers (us): 116, 246, 234, ---, ---, ---, 
[2026-04-03T03:16:33.235+0600][14.774s][info][gc,stats    ]   CMR: VM Strong Roots               19 us, workers (us):  16,   0,   2, ---, ---, ---, 
[2026-04-03T03:16:33.235+0600][14.774s][info][gc,stats    ]   CMR: CLDG Roots                   163 us, workers (us): 163, ---, ---, ---, ---, ---, 
[2026-04-03T03:16:33.235+0600][14.774s][info][gc,stats    ] Concurrent Marking              2592307 us
[2026-04-03T03:16:33.235+0600][14.774s][info][gc,stats    ] Pause Final Mark (G)               1219 us
[2026-04-03T03:16:33.235+0600][14.774s][info][gc,stats    ] Pause Final Mark (N)                989 us
[2026-04-03T03:16:33.235+0600][14.774s][info][gc,stats    ]   Finish Mark                       294 us
[2026-04-03T03:16:33.236+0600][14.774s][info][gc,stats    ]   Update Region States               35 us
[2026-04-03T03:16:33.236+0600][14.774s][info][gc,stats    ]   Choose Collection Set             475 us
[2026-04-03T03:16:33.236+0600][14.774s][info][gc,stats    ]   Rebuild Free Set                   26 us
[2026-04-03T03:16:33.236+0600][14.774s][info][gc,stats    ] Concurrent Thread Roots             698 us, parallelism: 0.91x
[2026-04-03T03:16:33.236+0600][14.774s][info][gc,stats    ]   CTR: <total>                      635 us
[2026-04-03T03:16:33.236+0600][14.774s][info][gc,stats    ]   CTR: Thread Roots                 635 us, workers (us): 213, 211, 211, ---, ---, ---, 
[2026-04-03T03:16:33.236+0600][14.774s][info][gc,stats    ] Concurrent Weak References          333 us, parallelism: 0.19x
[2026-04-03T03:16:33.236+0600][14.774s][info][gc,stats    ]   CWRF: <total>                      62 us
[2026-04-03T03:16:33.236+0600][14.774s][info][gc,stats    ]   CWRF: Weak References              62 us, workers (us):  45,  16,   1, ---, ---, ---, 
[2026-04-03T03:16:33.236+0600][14.774s][info][gc,stats    ] Concurrent Weak Roots              1166 us
[2026-04-03T03:16:33.236+0600][14.774s][info][gc,stats    ]   Roots                             928 us, parallelism: 2.11x
[2026-04-03T03:16:33.236+0600][14.774s][info][gc,stats    ]     CWR: <total>                   1958 us
[2026-04-03T03:16:33.236+0600][14.774s][info][gc,stats    ]     CWR: Code Cache Roots          1256 us, workers (us): 378, 457, 421, ---, ---, ---, 
[2026-04-03T03:16:33.236+0600][14.774s][info][gc,stats    ]     CWR: VM Weak Roots              677 us, workers (us): 250, 234, 193, ---, ---, ---, 
[2026-04-03T03:16:33.236+0600][14.774s][info][gc,stats    ]     CWR: CLDG Roots                  24 us, workers (us): ---,  24, ---, ---, ---, ---, 
[2026-04-03T03:16:33.236+0600][14.774s][info][gc,stats    ]   Rendezvous                        185 us
[2026-04-03T03:16:33.236+0600][14.774s][info][gc,stats    ] Concurrent Cleanup                  404 us
[2026-04-03T03:16:33.236+0600][14.774s][info][gc,stats    ] Concurrent Class Unloading         2274 us
[2026-04-03T03:16:33.236+0600][14.774s][info][gc,stats    ]   Unlink Stale                     2037 us
[2026-04-03T03:16:33.236+0600][14.774s][info][gc,stats    ]     System Dictionary                83 us
[2026-04-03T03:16:33.236+0600][14.774s][info][gc,stats    ]     Weak Class Links                  0 us
[2026-04-03T03:16:33.236+0600][14.774s][info][gc,stats    ]     Code Roots                     1952 us
[2026-04-03T03:16:33.236+0600][14.774s][info][gc,stats    ]   Rendezvous                        174 us
[2026-04-03T03:16:33.236+0600][14.774s][info][gc,stats    ]   Purge Unlinked                      8 us
[2026-04-03T03:16:33.236+0600][14.774s][info][gc,stats    ]     Code Roots                        3 us
[2026-04-03T03:16:33.236+0600][14.774s][info][gc,stats    ]     CLDG                              5 us
[2026-04-03T03:16:33.236+0600][14.774s][info][gc,stats    ]     Exception Caches                  0 us
[2026-04-03T03:16:33.236+0600][14.774s][info][gc,stats    ] Concurrent Strong Roots             490 us, parallelism: 0.48x
[2026-04-03T03:16:33.236+0600][14.774s][info][gc,stats    ]   CSR: <total>                      234 us
[2026-04-03T03:16:33.236+0600][14.774s][info][gc,stats    ]   CSR: VM Strong Roots               14 us, workers (us):   8,   6,   0, ---, ---, ---, 
[2026-04-03T03:16:33.236+0600][14.774s][info][gc,stats    ]   CSR: CLDG Roots                   220 us, workers (us): 220, ---, ---, ---, ---, ---, 
[2026-04-03T03:16:33.236+0600][14.774s][info][gc,stats    ] Concurrent Evacuation               660 us
[2026-04-03T03:16:33.236+0600][14.774s][info][gc,stats    ] Pause Init Update Refs (G)          231 us
[2026-04-03T03:16:33.236+0600][14.774s][info][gc,stats    ] Pause Init Update Refs (N)           57 us
[2026-04-03T03:16:33.236+0600][14.774s][info][gc,stats    ]   Manage GCLABs                      10 us
[2026-04-03T03:16:33.236+0600][14.774s][info][gc,stats    ] Concurrent Update Refs           184614 us
[2026-04-03T03:16:33.236+0600][14.774s][info][gc,stats    ] Concurrent Update Thread Roots      585 us
[2026-04-03T03:16:33.236+0600][14.774s][info][gc,stats    ] Pause Final Update Refs (G)         377 us
[2026-04-03T03:16:33.236+0600][14.774s][info][gc,stats    ] Pause Final Update Refs (N)         135 us
[2026-04-03T03:16:33.236+0600][14.774s][info][gc,stats    ]   Update Region States               45 us
[2026-04-03T03:16:33.236+0600][14.774s][info][gc,stats    ]   Trash Collection Set                4 us
[2026-04-03T03:16:33.236+0600][14.774s][info][gc,stats    ]   Rebuild Free Set                   27 us
[2026-04-03T03:16:33.236+0600][14.774s][info][gc,stats    ] Concurrent Cleanup                  451 us
[2026-04-03T03:16:33.236+0600][14.774s][info][gc,stats    ] Pacing                          2457390 us
[2026-04-03T03:16:33.236+0600][14.774s][info][gc,stats    ] 
[2026-04-03T03:16:33.236+0600][14.774s][info][gc,stats    ] Allocation pacing accrued:
[2026-04-03T03:16:33.236+0600][14.774s][info][gc,stats    ]    2446 of  2790 ms ( 87.7%): main
[2026-04-03T03:16:33.236+0600][14.774s][info][gc,stats    ]      11 of  2790 ms (  0.4%): RemoteBlock-temp-file-clean-thread
[2026-04-03T03:16:33.236+0600][14.774s][info][gc,stats    ]    2457 of  2790 ms ( 88.1%): <total>
[2026-04-03T03:16:33.236+0600][14.774s][info][gc,stats    ]      41 of  2790 ms (  1.5%): <average total>
[2026-04-03T03:16:33.236+0600][14.774s][info][gc,stats    ]    1229 of  2790 ms ( 44.0%): <average non-zero>
[2026-04-03T03:16:33.236+0600][14.774s][info][gc,stats    ] 
[2026-04-03T03:16:33.236+0600][14.774s][info][gc,metaspace] Metaspace: 49464K(49984K)->49464K(49984K) NonClass: 43331K(43648K)->43331K(43648K) Class: 6132K(6336K)->6132K(6336K)
[2026-04-03T03:16:33.236+0600][14.774s][info][gc,ergo     ] Pacer for Idle. Initial: 15360K, Alloc Tax Rate: 1.0x
[2026-04-03T03:16:33.237+0600][14.775s][info][gc          ] Trigger: Average GC time (3696.87 ms) is above the time for average allocation rate (121 MB/s) to deplete free headroom (55533K) (margin of error = 1.83)
[2026-04-03T03:16:33.237+0600][14.775s][info][gc,ergo     ] Free headroom: 93933K (free) - 38400K (spike) - 0B (penalties) = 55533K
[2026-04-03T03:16:33.237+0600][14.775s][info][gc,ergo     ] Free: 93933K, Max: 256K regular, 93440K humongous, Frag: 0% external, 0% internal; Reserve: 38400K, Max: 256K
[2026-04-03T03:16:33.237+0600][14.775s][info][gc,start    ] GC(7) Concurrent reset
[2026-04-03T03:16:33.237+0600][14.775s][info][gc,task     ] GC(7) Using 3 of 6 workers for concurrent reset
[2026-04-03T03:16:33.237+0600][14.775s][info][gc,ergo     ] GC(7) Pacer for Reset. Non-Taxable: 750M
[2026-04-03T03:16:33.239+0600][14.777s][info][gc          ] GC(7) Concurrent reset 1.557ms
[2026-04-03T03:16:33.239+0600][14.777s][info][gc,start    ] GC(7) Pause Init Mark (unload classes)
[2026-04-03T03:16:33.239+0600][14.777s][info][gc,task     ] GC(7) Using 6 of 6 workers for init marking
[2026-04-03T03:16:33.239+0600][14.777s][info][gc,ergo     ] GC(7) Pacer for Mark. Expected Live: 234M, Free: 93933K, Non-Taxable: 9393K, Alloc Tax Rate: 3.1x
[2026-04-03T03:16:33.239+0600][14.777s][info][gc          ] GC(7) Pause Init Mark (unload classes) 0.087ms
[2026-04-03T03:16:33.239+0600][14.777s][info][gc,start    ] GC(7) Concurrent marking roots
[2026-04-03T03:16:33.239+0600][14.777s][info][gc,task     ] GC(7) Using 3 of 6 workers for concurrent marking roots
[2026-04-03T03:16:33.240+0600][14.778s][info][gc          ] GC(7) Concurrent marking roots 0.593ms
[2026-04-03T03:16:33.240+0600][14.778s][info][gc,start    ] GC(7) Concurrent marking (unload classes)
[2026-04-03T03:16:33.240+0600][14.778s][info][gc,task     ] GC(7) Using 3 of 6 workers for concurrent marking
[2026-04-03T03:16:34.295+0600][15.833s][info][gc          ] GC(7) Concurrent marking (unload classes) 1055.452ms
[2026-04-03T03:16:34.296+0600][15.834s][info][gc,start    ] GC(7) Pause Final Mark (unload classes)
[2026-04-03T03:16:34.296+0600][15.834s][info][gc,task     ] GC(7) Using 6 of 6 workers for final marking
[2026-04-03T03:16:34.296+0600][15.835s][info][gc,ergo     ] GC(7) Adaptive CSet Selection. Target Free: 106M, Actual Free: 128M, Max CSet: 32000K, Min Garbage: 0B
[2026-04-03T03:16:34.297+0600][15.835s][info][gc,ergo     ] GC(7) Collectable Garbage: 599K (4%), Immediate: 256K (1%), CSet: 343K (2%)
[2026-04-03T03:16:34.297+0600][15.835s][info][gc,ergo     ] GC(7) Pacer for Evacuation. Used CSet: 1024K, Free: 93554K, Non-Taxable: 9355K, Alloc Tax Rate: 1.1x
[2026-04-03T03:16:34.297+0600][15.835s][info][gc          ] GC(7) Pause Final Mark (unload classes) 0.981ms
[2026-04-03T03:16:34.297+0600][15.835s][info][gc,start    ] GC(7) Concurrent thread roots
[2026-04-03T03:16:34.297+0600][15.835s][info][gc,task     ] GC(7) Using 3 of 6 workers for Concurrent thread roots
[2026-04-03T03:16:34.297+0600][15.835s][info][gc          ] GC(7) Concurrent thread roots 0.340ms
[2026-04-03T03:16:34.297+0600][15.835s][info][gc,start    ] GC(7) Concurrent weak references
[2026-04-03T03:16:34.297+0600][15.836s][info][gc,task     ] GC(7) Using 3 of 6 workers for concurrent weak references
[2026-04-03T03:16:34.297+0600][15.836s][info][gc,ref      ] GC(7) Encountered references: Soft: 3981, Weak: 2757, Final: 82, Phantom: 586
[2026-04-03T03:16:34.297+0600][15.836s][info][gc,ref      ] GC(7) Discovered  references: Soft: 0, Weak: 458, Final: 0, Phantom: 581
[2026-04-03T03:16:34.297+0600][15.836s][info][gc,ref      ] GC(7) Enqueued    references: Soft: 0, Weak: 0, Final: 0, Phantom: 0
[2026-04-03T03:16:34.297+0600][15.836s][info][gc          ] GC(7) Concurrent weak references 0.243ms
[2026-04-03T03:16:34.297+0600][15.836s][info][gc,start    ] GC(7) Concurrent weak roots
[2026-04-03T03:16:34.297+0600][15.836s][info][gc,task     ] GC(7) Using 3 of 6 workers for concurrent weak root
[2026-04-03T03:16:34.299+0600][15.837s][info][gc          ] GC(7) Concurrent weak roots 1.439ms
[2026-04-03T03:16:34.299+0600][15.837s][info][gc,start    ] GC(7) Concurrent cleanup
[2026-04-03T03:16:34.299+0600][15.837s][info][gc          ] GC(7) Concurrent cleanup 620M->619M(622M) 0.151ms
[2026-04-03T03:16:34.299+0600][15.837s][info][gc,ergo     ] GC(7) Free: 93315K, Max: 256K regular, 92928K humongous, Frag: 1% external, 0% internal; Reserve: 38400K, Max: 256K
[2026-04-03T03:16:34.299+0600][15.837s][info][gc,start    ] GC(7) Concurrent class unloading
[2026-04-03T03:16:34.299+0600][15.837s][info][gc,task     ] GC(7) Using 3 of 6 workers for concurrent class unloading
[2026-04-03T03:16:34.301+0600][15.840s][info][gc          ] GC(7) Concurrent class unloading 2.363ms
[2026-04-03T03:16:34.301+0600][15.840s][info][gc,start    ] GC(7) Concurrent strong roots
[2026-04-03T03:16:34.301+0600][15.840s][info][gc,task     ] GC(7) Using 3 of 6 workers for concurrent strong root
[2026-04-03T03:16:34.302+0600][15.840s][info][gc          ] GC(7) Concurrent strong roots 0.340ms
[2026-04-03T03:16:34.302+0600][15.840s][info][gc,start    ] GC(7) Concurrent evacuation
[2026-04-03T03:16:34.302+0600][15.840s][info][gc,task     ] GC(7) Using 3 of 6 workers for concurrent evacuation
[2026-04-03T03:16:34.303+0600][15.841s][info][gc          ] GC(7) Concurrent evacuation 0.780ms
[2026-04-03T03:16:34.303+0600][15.841s][info][gc,start    ] GC(7) Pause Init Update Refs
[2026-04-03T03:16:34.303+0600][15.841s][info][gc,ergo     ] GC(7) Pacer for Update Refs. Used: 621M, Free: 93084K, Non-Taxable: 9308K, Alloc Tax Rate: 8.4x
[2026-04-03T03:16:34.303+0600][15.841s][info][gc          ] GC(7) Pause Init Update Refs 0.073ms
[2026-04-03T03:16:34.303+0600][15.842s][info][gc,start    ] GC(7) Concurrent update references
[2026-04-03T03:16:34.303+0600][15.842s][info][gc,task     ] GC(7) Using 3 of 6 workers for concurrent reference update
[2026-04-03T03:16:34.534+0600][16.073s][info][gc          ] GC(7) Concurrent update references 231.054ms
[2026-04-03T03:16:34.534+0600][16.073s][info][gc,start    ] GC(7) Concurrent update thread roots
[2026-04-03T03:16:34.535+0600][16.073s][info][gc          ] GC(7) Concurrent update thread roots 0.829ms
[2026-04-03T03:16:34.535+0600][16.074s][info][gc,start    ] GC(7) Pause Final Update Refs
[2026-04-03T03:16:34.535+0600][16.074s][info][gc,task     ] GC(7) Using 6 of 6 workers for final reference update
[2026-04-03T03:16:34.535+0600][16.074s][info][gc          ] GC(7) Pause Final Update Refs 0.139ms
[2026-04-03T03:16:34.535+0600][16.074s][info][gc,start    ] GC(7) Concurrent cleanup
[2026-04-03T03:16:34.536+0600][16.074s][info][gc          ] GC(7) Concurrent cleanup 657M->656M(659M) 0.179ms
[2026-04-03T03:16:34.536+0600][16.074s][info][gc,ergo     ] Free: 55744K, Max: 256K regular, 54528K humongous, Frag: 1% external, 45% internal; Reserve: 38400K, Max: 256K
[2026-04-03T03:16:34.536+0600][16.074s][info][gc,stats    ] 
[2026-04-03T03:16:34.536+0600][16.074s][info][gc,stats    ] All times are wall-clock times, except per-root-class counters, that are sum over
[2026-04-03T03:16:34.536+0600][16.074s][info][gc,stats    ] all workers. Dividing the <total> over the root stage time estimates parallelism.
[2026-04-03T03:16:34.536+0600][16.074s][info][gc,stats    ] 
[2026-04-03T03:16:34.536+0600][16.074s][info][gc,stats    ] Concurrent Reset                   1606 us
[2026-04-03T03:16:34.536+0600][16.074s][info][gc,stats    ] Pause Init Mark (G)                 349 us
[2026-04-03T03:16:34.536+0600][16.074s][info][gc,stats    ] Pause Init Mark (N)                  95 us
[2026-04-03T03:16:34.536+0600][16.074s][info][gc,stats    ]   Update Region States               24 us
[2026-04-03T03:16:34.536+0600][16.074s][info][gc,stats    ] Concurrent Mark Roots               630 us, parallelism: 1.21x
[2026-04-03T03:16:34.536+0600][16.074s][info][gc,stats    ]   CMR: <total>                      765 us
[2026-04-03T03:16:34.536+0600][16.074s][info][gc,stats    ]   CMR: Thread Roots                 618 us, workers (us): 164, 229, 225, ---, ---, ---, 
[2026-04-03T03:16:34.536+0600][16.074s][info][gc,stats    ]   CMR: VM Strong Roots               13 us, workers (us):  11,   1,   1, ---, ---, ---, 
[2026-04-03T03:16:34.536+0600][16.074s][info][gc,stats    ]   CMR: CLDG Roots                   134 us, workers (us): 134, ---, ---, ---, ---, ---, 
[2026-04-03T03:16:34.536+0600][16.074s][info][gc,stats    ] Concurrent Marking              1055587 us
[2026-04-03T03:16:34.536+0600][16.074s][info][gc,stats    ] Pause Final Mark (G)               1571 us
[2026-04-03T03:16:34.536+0600][16.074s][info][gc,stats    ] Pause Final Mark (N)                990 us
[2026-04-03T03:16:34.536+0600][16.074s][info][gc,stats    ]   Finish Mark                       330 us
[2026-04-03T03:16:34.536+0600][16.074s][info][gc,stats    ]   Update Region States               95 us
[2026-04-03T03:16:34.536+0600][16.074s][info][gc,stats    ]   Choose Collection Set             409 us
[2026-04-03T03:16:34.536+0600][16.074s][info][gc,stats    ]   Rebuild Free Set                   21 us
[2026-04-03T03:16:34.536+0600][16.074s][info][gc,stats    ] Concurrent Thread Roots             370 us, parallelism: 1.67x
[2026-04-03T03:16:34.536+0600][16.074s][info][gc,stats    ]   CTR: <total>                      618 us
[2026-04-03T03:16:34.536+0600][16.074s][info][gc,stats    ]   CTR: Thread Roots                 618 us, workers (us): 214, 203, 202, ---, ---, ---, 
[2026-04-03T03:16:34.536+0600][16.074s][info][gc,stats    ] Concurrent Weak References          253 us, parallelism: 0.47x
[2026-04-03T03:16:34.536+0600][16.074s][info][gc,stats    ]   CWRF: <total>                     119 us
[2026-04-03T03:16:34.536+0600][16.074s][info][gc,stats    ]   CWRF: Weak References             119 us, workers (us):  52,  59,   8, ---, ---, ---, 
[2026-04-03T03:16:34.536+0600][16.074s][info][gc,stats    ] Concurrent Weak Roots              1488 us
[2026-04-03T03:16:34.536+0600][16.074s][info][gc,stats    ]   Roots                            1218 us, parallelism: 2.20x
[2026-04-03T03:16:34.536+0600][16.074s][info][gc,stats    ]     CWR: <total>                   2682 us
[2026-04-03T03:16:34.536+0600][16.074s][info][gc,stats    ]     CWR: Code Cache Roots          1454 us, workers (us): 497, 483, 475, ---, ---, ---, 
[2026-04-03T03:16:34.536+0600][16.074s][info][gc,stats    ]     CWR: VM Weak Roots             1189 us, workers (us): 460, 365, 365, ---, ---, ---, 
[2026-04-03T03:16:34.536+0600][16.074s][info][gc,stats    ]     CWR: CLDG Roots                  39 us, workers (us): ---,  39, ---, ---, ---, ---, 
[2026-04-03T03:16:34.536+0600][16.074s][info][gc,stats    ]   Rendezvous                        196 us
[2026-04-03T03:16:34.536+0600][16.074s][info][gc,stats    ] Concurrent Cleanup                  161 us
[2026-04-03T03:16:34.536+0600][16.074s][info][gc,stats    ] Concurrent Class Unloading         2410 us
[2026-04-03T03:16:34.536+0600][16.074s][info][gc,stats    ]   Unlink Stale                     1979 us
[2026-04-03T03:16:34.536+0600][16.074s][info][gc,stats    ]     System Dictionary                27 us
[2026-04-03T03:16:34.536+0600][16.074s][info][gc,stats    ]     Weak Class Links                  0 us
[2026-04-03T03:16:34.536+0600][16.074s][info][gc,stats    ]     Code Roots                     1949 us
[2026-04-03T03:16:34.536+0600][16.074s][info][gc,stats    ]   Rendezvous                        294 us
[2026-04-03T03:16:34.536+0600][16.075s][info][gc,stats    ]   Purge Unlinked                     61 us
[2026-04-03T03:16:34.536+0600][16.075s][info][gc,stats    ]     Code Roots                       54 us
[2026-04-03T03:16:34.536+0600][16.075s][info][gc,stats    ]     CLDG                              7 us
[2026-04-03T03:16:34.536+0600][16.075s][info][gc,stats    ]     Exception Caches                  0 us
[2026-04-03T03:16:34.536+0600][16.075s][info][gc,stats    ] Concurrent Strong Roots             368 us, parallelism: 0.56x
[2026-04-03T03:16:34.536+0600][16.075s][info][gc,stats    ]   CSR: <total>                      208 us
[2026-04-03T03:16:34.536+0600][16.075s][info][gc,stats    ]   CSR: VM Strong Roots               16 us, workers (us):  12,   2,   2, ---, ---, ---, 
[2026-04-03T03:16:34.536+0600][16.075s][info][gc,stats    ]   CSR: CLDG Roots                   192 us, workers (us): 192, ---, ---, ---, ---, ---, 
[2026-04-03T03:16:34.536+0600][16.075s][info][gc,stats    ] Concurrent Evacuation               813 us
[2026-04-03T03:16:34.536+0600][16.075s][info][gc,stats    ] Pause Init Update Refs (G)          470 us
[2026-04-03T03:16:34.536+0600][16.075s][info][gc,stats    ] Pause Init Update Refs (N)           80 us
[2026-04-03T03:16:34.536+0600][16.075s][info][gc,stats    ]   Manage GCLABs                      11 us
[2026-04-03T03:16:34.536+0600][16.075s][info][gc,stats    ] Concurrent Update Refs           231133 us
[2026-04-03T03:16:34.536+0600][16.075s][info][gc,stats    ] Concurrent Update Thread Roots      875 us
[2026-04-03T03:16:34.536+0600][16.075s][info][gc,stats    ] Pause Final Update Refs (G)         349 us
[2026-04-03T03:16:34.536+0600][16.075s][info][gc,stats    ] Pause Final Update Refs (N)         153 us
[2026-04-03T03:16:34.536+0600][16.075s][info][gc,stats    ]   Update Region States               51 us
[2026-04-03T03:16:34.536+0600][16.075s][info][gc,stats    ]   Trash Collection Set                7 us
[2026-04-03T03:16:34.536+0600][16.075s][info][gc,stats    ]   Rebuild Free Set                   23 us
[2026-04-03T03:16:34.536+0600][16.075s][info][gc,stats    ] Concurrent Cleanup                  212 us
[2026-04-03T03:16:34.536+0600][16.075s][info][gc,stats    ] 
[2026-04-03T03:16:34.536+0600][16.075s][info][gc,stats    ] Allocation pacing accrued:
[2026-04-03T03:16:34.536+0600][16.075s][info][gc,stats    ]       0 of  1301 ms (  0.0%): <total>
[2026-04-03T03:16:34.536+0600][16.075s][info][gc,stats    ]       0 of  1301 ms (  0.0%): <average total>
[2026-04-03T03:16:34.536+0600][16.075s][info][gc,stats    ] 
[2026-04-03T03:16:34.536+0600][16.075s][info][gc,metaspace] Metaspace: 49465K(49984K)->51554K(51968K) NonClass: 43331K(43648K)->45077K(45312K) Class: 6133K(6336K)->6477K(6656K)
[2026-04-03T03:16:34.536+0600][16.075s][info][gc,ergo     ] Pacer for Idle. Initial: 15360K, Alloc Tax Rate: 1.0x
[2026-04-03T03:16:34.538+0600][16.076s][info][gc          ] Trigger: Free (55644K) is below minimum threshold (76800K)
[2026-04-03T03:16:34.538+0600][16.076s][info][gc,ergo     ] Free: 55644K, Max: 256K regular, 54528K humongous, Frag: 1% external, 46% internal; Reserve: 38400K, Max: 256K
[2026-04-03T03:16:34.538+0600][16.076s][info][gc,start    ] GC(8) Concurrent reset
[2026-04-03T03:16:34.538+0600][16.076s][info][gc,task     ] GC(8) Using 3 of 6 workers for concurrent reset
[2026-04-03T03:16:34.538+0600][16.076s][info][gc,ergo     ] GC(8) Pacer for Reset. Non-Taxable: 750M
[2026-04-03T03:16:34.540+0600][16.078s][info][gc          ] GC(8) Concurrent reset 1.858ms
[2026-04-03T03:16:34.540+0600][16.078s][info][gc,start    ] GC(8) Pause Init Mark (unload classes)
[2026-04-03T03:16:34.540+0600][16.078s][info][gc,task     ] GC(8) Using 6 of 6 workers for init marking
[2026-04-03T03:16:34.540+0600][16.078s][info][gc,ergo     ] GC(8) Pacer for Mark. Expected Live: 350M, Free: 55644K, Non-Taxable: 5564K, Alloc Tax Rate: 7.9x
[2026-04-03T03:16:34.540+0600][16.078s][info][gc          ] GC(8) Pause Init Mark (unload classes) 0.110ms
[2026-04-03T03:16:34.540+0600][16.078s][info][gc,start    ] GC(8) Concurrent marking roots
[2026-04-03T03:16:34.540+0600][16.078s][info][gc,task     ] GC(8) Using 3 of 6 workers for concurrent marking roots
[2026-04-03T03:16:34.541+0600][16.079s][info][gc          ] GC(8) Concurrent marking roots 0.755ms
[2026-04-03T03:16:34.541+0600][16.079s][info][gc,start    ] GC(8) Concurrent marking (unload classes)
[2026-04-03T03:16:34.541+0600][16.079s][info][gc,task     ] GC(8) Using 3 of 6 workers for concurrent marking
[2026-04-03T03:16:34.551+0600][16.090s][info][gc          ] GC(8) Concurrent marking (unload classes) 10.474ms
[2026-04-03T03:16:34.552+0600][16.090s][info][gc,start    ] GC(8) Pause Final Mark (unload classes)
[2026-04-03T03:16:34.552+0600][16.090s][info][gc,task     ] GC(8) Using 6 of 6 workers for final marking
[2026-04-03T03:16:34.552+0600][16.090s][info][gc,ergo     ] GC(8) Collectable Garbage: 600M (95%), Immediate: 600M (95%), CSet: 0B (0%)
[2026-04-03T03:16:34.552+0600][16.091s][info][gc          ] GC(8) Pause Final Mark (unload classes) 0.589ms
[2026-04-03T03:16:34.552+0600][16.091s][info][gc,start    ] GC(8) Concurrent weak references
[2026-04-03T03:16:34.552+0600][16.091s][info][gc,task     ] GC(8) Using 3 of 6 workers for concurrent weak references
[2026-04-03T03:16:34.553+0600][16.091s][info][gc,ref      ] GC(8) Encountered references: Soft: 3996, Weak: 3034, Final: 82, Phantom: 587
[2026-04-03T03:16:34.553+0600][16.091s][info][gc,ref      ] GC(8) Discovered  references: Soft: 0, Weak: 1054, Final: 50, Phantom: 582
[2026-04-03T03:16:34.553+0600][16.091s][info][gc,ref      ] GC(8) Enqueued    references: Soft: 0, Weak: 126, Final: 0, Phantom: 1
[2026-04-03T03:16:34.553+0600][16.091s][info][gc          ] GC(8) Concurrent weak references 0.432ms
[2026-04-03T03:16:34.553+0600][16.091s][info][gc,start    ] GC(8) Concurrent weak roots
[2026-04-03T03:16:34.553+0600][16.091s][info][gc,task     ] GC(8) Using 3 of 6 workers for concurrent weak root
[2026-04-03T03:16:34.554+0600][16.092s][info][gc          ] GC(8) Concurrent weak roots 1.242ms
[2026-04-03T03:16:34.554+0600][16.092s][info][gc,start    ] GC(8) Concurrent cleanup
[2026-04-03T03:16:34.555+0600][16.093s][info][gc          ] GC(8) Concurrent cleanup 657M->57M(659M) 0.694ms
[2026-04-03T03:16:34.555+0600][16.093s][info][gc,ergo     ] GC(8) Free: 654M, Max: 256K regular, 203M humongous, Frag: 69% external, 0% internal; Reserve: 38400K, Max: 256K
[2026-04-03T03:16:34.555+0600][16.093s][info][gc,start    ] GC(8) Concurrent class unloading
[2026-04-03T03:16:34.555+0600][16.093s][info][gc,task     ] GC(8) Using 3 of 6 workers for concurrent class unloading
[2026-04-03T03:16:34.558+0600][16.096s][info][gc          ] GC(8) Concurrent class unloading 2.935ms
[2026-04-03T03:16:34.558+0600][16.097s][info][gc,start    ] GC(8) Pause Final Roots
[2026-04-03T03:16:34.559+0600][16.097s][info][gc          ] GC(8) Pause Final Roots 0.050ms
[2026-04-03T03:16:34.559+0600][16.097s][info][gc,ergo     ] Free: 654M, Max: 256K regular, 203M humongous, Frag: 69% external, 0% internal; Reserve: 38400K, Max: 256K
[2026-04-03T03:16:34.559+0600][16.097s][info][gc,stats    ] 
[2026-04-03T03:16:34.559+0600][16.097s][info][gc,stats    ] All times are wall-clock times, except per-root-class counters, that are sum over
[2026-04-03T03:16:34.559+0600][16.097s][info][gc,stats    ] all workers. Dividing the <total> over the root stage time estimates parallelism.
[2026-04-03T03:16:34.559+0600][16.097s][info][gc,stats    ] 
[2026-04-03T03:16:34.559+0600][16.097s][info][gc,stats    ] Concurrent Reset                   1929 us
[2026-04-03T03:16:34.559+0600][16.097s][info][gc,stats    ] Pause Init Mark (G)                 362 us
[2026-04-03T03:16:34.559+0600][16.097s][info][gc,stats    ] Pause Init Mark (N)                 121 us
[2026-04-03T03:16:34.559+0600][16.097s][info][gc,stats    ]   Update Region States               28 us
[2026-04-03T03:16:34.559+0600][16.097s][info][gc,stats    ] Concurrent Mark Roots               849 us, parallelism: 1.65x
[2026-04-03T03:16:34.559+0600][16.097s][info][gc,stats    ]   CMR: <total>                     1403 us
[2026-04-03T03:16:34.559+0600][16.097s][info][gc,stats    ]   CMR: Thread Roots                 994 us, workers (us): 343, 194, 458, ---, ---, ---, 
[2026-04-03T03:16:34.559+0600][16.097s][info][gc,stats    ]   CMR: VM Strong Roots              148 us, workers (us): 132,  15,   1, ---, ---, ---, 
[2026-04-03T03:16:34.559+0600][16.097s][info][gc,stats    ]   CMR: CLDG Roots                   261 us, workers (us): ---, 261, ---, ---, ---, ---, 
[2026-04-03T03:16:34.559+0600][16.097s][info][gc,stats    ] Concurrent Marking                10539 us
[2026-04-03T03:16:34.559+0600][16.097s][info][gc,stats    ] Pause Final Mark (G)                810 us
[2026-04-03T03:16:34.559+0600][16.097s][info][gc,stats    ] Pause Final Mark (N)                606 us
[2026-04-03T03:16:34.559+0600][16.097s][info][gc,stats    ]   Finish Mark                       321 us
[2026-04-03T03:16:34.559+0600][16.097s][info][gc,stats    ]   Update Region States               57 us
[2026-04-03T03:16:34.559+0600][16.097s][info][gc,stats    ]   Choose Collection Set              84 us
[2026-04-03T03:16:34.559+0600][16.097s][info][gc,stats    ]   Rebuild Free Set                   27 us
[2026-04-03T03:16:34.559+0600][16.097s][info][gc,stats    ] Concurrent Weak References          442 us, parallelism: 0.48x
[2026-04-03T03:16:34.559+0600][16.097s][info][gc,stats    ]   CWRF: <total>                     211 us
[2026-04-03T03:16:34.559+0600][16.097s][info][gc,stats    ]   CWRF: Weak References             211 us, workers (us): 169,   1,  40, ---, ---, ---, 
[2026-04-03T03:16:34.559+0600][16.097s][info][gc,stats    ] Concurrent Weak Roots              1288 us
[2026-04-03T03:16:34.559+0600][16.097s][info][gc,stats    ]   Roots                             964 us, parallelism: 2.13x
[2026-04-03T03:16:34.559+0600][16.097s][info][gc,stats    ]     CWR: <total>                   2053 us
[2026-04-03T03:16:34.559+0600][16.097s][info][gc,stats    ]     CWR: Code Cache Roots          1348 us, workers (us): 444, 440, 464, ---, ---, ---, 
[2026-04-03T03:16:34.559+0600][16.097s][info][gc,stats    ]     CWR: VM Weak Roots              677 us, workers (us): 233, 231, 212, ---, ---, ---, 
[2026-04-03T03:16:34.559+0600][16.097s][info][gc,stats    ]     CWR: CLDG Roots                  28 us, workers (us):  28, ---, ---, ---, ---, ---, 
[2026-04-03T03:16:34.559+0600][16.097s][info][gc,stats    ]   Rendezvous                        260 us
[2026-04-03T03:16:34.559+0600][16.097s][info][gc,stats    ] Concurrent Cleanup                  710 us
[2026-04-03T03:16:34.559+0600][16.097s][info][gc,stats    ] Concurrent Class Unloading         3003 us
[2026-04-03T03:16:34.559+0600][16.097s][info][gc,stats    ]   Unlink Stale                     2435 us
[2026-04-03T03:16:34.559+0600][16.097s][info][gc,stats    ]     System Dictionary                51 us
[2026-04-03T03:16:34.559+0600][16.097s][info][gc,stats    ]     Weak Class Links                  0 us
[2026-04-03T03:16:34.559+0600][16.097s][info][gc,stats    ]     Code Roots                     2382 us
[2026-04-03T03:16:34.559+0600][16.097s][info][gc,stats    ]   Rendezvous                        226 us
[2026-04-03T03:16:34.559+0600][16.097s][info][gc,stats    ]   Purge Unlinked                    251 us
[2026-04-03T03:16:34.559+0600][16.097s][info][gc,stats    ]     Code Roots                      240 us
[2026-04-03T03:16:34.559+0600][16.097s][info][gc,stats    ]     CLDG                             11 us
[2026-04-03T03:16:34.559+0600][16.097s][info][gc,stats    ]     Exception Caches                  0 us
[2026-04-03T03:16:34.559+0600][16.097s][info][gc,stats    ] Pause Final Roots (G)               880 us
[2026-04-03T03:16:34.559+0600][16.097s][info][gc,stats    ] Pause Final Roots (N)                65 us
[2026-04-03T03:16:34.559+0600][16.097s][info][gc,stats    ] 
[2026-04-03T03:16:34.559+0600][16.097s][info][gc,stats    ] Allocation pacing accrued:
[2026-04-03T03:16:34.559+0600][16.097s][info][gc,stats    ]       0 of    23 ms (  0.0%): <total>
[2026-04-03T03:16:34.559+0600][16.097s][info][gc,stats    ]       0 of    23 ms (  0.0%): <average total>
[2026-04-03T03:16:34.559+0600][16.097s][info][gc,stats    ] 
[2026-04-03T03:16:34.559+0600][16.098s][info][gc,metaspace] Metaspace: 51567K(52032K)->51689K(52096K) NonClass: 45086K(45376K)->45191K(45440K) Class: 6481K(6656K)->6498K(6656K)
[2026-04-03T03:16:34.559+0600][16.098s][info][gc,ergo     ] Pacer for Idle. Initial: 15360K, Alloc Tax Rate: 1.0x
[2026-04-03T03:16:36.497+0600][18.036s][info][gc          ] Trigger: Explicit GC request (System.gc())
[2026-04-03T03:16:36.497+0600][18.036s][info][gc,ergo     ] Free: 599M, Max: 256K regular, 203M humongous, Frag: 67% external, 0% internal; Reserve: 38400K, Max: 256K
[2026-04-03T03:16:36.498+0600][18.036s][info][gc,start    ] GC(9) Concurrent reset
[2026-04-03T03:16:36.498+0600][18.036s][info][gc,task     ] GC(9) Using 3 of 6 workers for concurrent reset
[2026-04-03T03:16:36.498+0600][18.036s][info][gc,ergo     ] GC(9) Pacer for Reset. Non-Taxable: 750M
[2026-04-03T03:16:36.498+0600][18.037s][info][gc          ] GC(9) Concurrent reset 0.786ms
[2026-04-03T03:16:36.499+0600][18.037s][info][gc,start    ] GC(9) Pause Init Mark (unload classes)
[2026-04-03T03:16:36.499+0600][18.037s][info][gc,task     ] GC(9) Using 6 of 6 workers for init marking
[2026-04-03T03:16:36.499+0600][18.037s][info][gc,ref      ] GC(9) Clearing All SoftReferences
[2026-04-03T03:16:36.499+0600][18.037s][info][gc,ergo     ] GC(9) Pacer for Mark. Expected Live: 341M, Free: 599M, Non-Taxable: 61407K, Alloc Tax Rate: 0.7x
[2026-04-03T03:16:36.499+0600][18.037s][info][gc          ] GC(9) Pause Init Mark (unload classes) 0.163ms
[2026-04-03T03:16:36.499+0600][18.037s][info][gc,start    ] GC(9) Concurrent marking roots
[2026-04-03T03:16:36.499+0600][18.037s][info][gc,task     ] GC(9) Using 3 of 6 workers for concurrent marking roots
[2026-04-03T03:16:36.499+0600][18.038s][info][gc          ] GC(9) Concurrent marking roots 0.671ms
[2026-04-03T03:16:36.499+0600][18.038s][info][gc,start    ] GC(9) Concurrent marking (unload classes)
[2026-04-03T03:16:36.499+0600][18.038s][info][gc,task     ] GC(9) Using 3 of 6 workers for concurrent marking
[2026-04-03T03:16:36.512+0600][18.051s][info][gc          ] GC(9) Concurrent marking (unload classes) 12.813ms
[2026-04-03T03:16:36.512+0600][18.051s][info][gc,start    ] GC(9) Pause Final Mark (unload classes)
[2026-04-03T03:16:36.512+0600][18.051s][info][gc,task     ] GC(9) Using 6 of 6 workers for final marking
[2026-04-03T03:16:36.513+0600][18.051s][info][gc,ergo     ] GC(9) Adaptive CSet Selection. Target Free: 106M, Actual Free: 657M, Max CSet: 32000K, Min Garbage: 0B
[2026-04-03T03:16:36.513+0600][18.051s][info][gc,ergo     ] GC(9) Collectable Garbage: 80785K (97%), Immediate: 21736K (26%), CSet: 59048K (71%)
[2026-04-03T03:16:36.513+0600][18.051s][info][gc,ergo     ] GC(9) Pacer for Evacuation. Used CSet: 61651K, Free: 624M, Non-Taxable: 63919K, Alloc Tax Rate: 1.1x
[2026-04-03T03:16:36.513+0600][18.051s][info][gc          ] GC(9) Pause Final Mark (unload classes) 0.611ms
[2026-04-03T03:16:36.513+0600][18.052s][info][gc,start    ] GC(9) Concurrent thread roots
[2026-04-03T03:16:36.513+0600][18.052s][info][gc,task     ] GC(9) Using 3 of 6 workers for Concurrent thread roots
[2026-04-03T03:16:36.514+0600][18.052s][info][gc          ] GC(9) Concurrent thread roots 0.457ms
[2026-04-03T03:16:36.514+0600][18.052s][info][gc,start    ] GC(9) Concurrent weak references
[2026-04-03T03:16:36.514+0600][18.052s][info][gc,task     ] GC(9) Using 3 of 6 workers for concurrent weak references
[2026-04-03T03:16:36.515+0600][18.053s][info][gc,ref      ] GC(9) Encountered references: Soft: 4166, Weak: 3863, Final: 82, Phantom: 586
[2026-04-03T03:16:36.515+0600][18.053s][info][gc,ref      ] GC(9) Discovered  references: Soft: 1930, Weak: 2050, Final: 54, Phantom: 583
[2026-04-03T03:16:36.515+0600][18.053s][info][gc,ref      ] GC(9) Enqueued    references: Soft: 1693, Weak: 465, Final: 0, Phantom: 0
[2026-04-03T03:16:36.515+0600][18.053s][info][gc          ] GC(9) Concurrent weak references 1.351ms
[2026-04-03T03:16:36.515+0600][18.053s][info][gc,start    ] GC(9) Concurrent weak roots
[2026-04-03T03:16:36.515+0600][18.053s][info][gc,task     ] GC(9) Using 3 of 6 workers for concurrent weak root
[2026-04-03T03:16:36.517+0600][18.055s][info][gc          ] GC(9) Concurrent weak roots 2.021ms
[2026-04-03T03:16:36.517+0600][18.055s][info][gc,start    ] GC(9) Concurrent cleanup
[2026-04-03T03:16:36.517+0600][18.056s][info][gc          ] GC(9) Concurrent cleanup 107M->86M(659M) 0.217ms
[2026-04-03T03:16:36.517+0600][18.056s][info][gc,ergo     ] GC(9) Free: 623M, Max: 256K regular, 203M humongous, Frag: 68% external, 0% internal; Reserve: 37885K, Max: 256K
[2026-04-03T03:16:36.517+0600][18.056s][info][gc,start    ] GC(9) Concurrent class unloading
[2026-04-03T03:16:36.517+0600][18.056s][info][gc,task     ] GC(9) Using 3 of 6 workers for concurrent class unloading
[2026-04-03T03:16:36.532+0600][18.070s][info][gc          ] GC(9) Concurrent class unloading 14.544ms
[2026-04-03T03:16:36.532+0600][18.070s][info][gc,start    ] GC(9) Concurrent strong roots
[2026-04-03T03:16:36.532+0600][18.070s][info][gc,task     ] GC(9) Using 3 of 6 workers for concurrent strong root
[2026-04-03T03:16:36.533+0600][18.072s][info][gc          ] GC(9) Concurrent strong roots 1.098ms
[2026-04-03T03:16:36.533+0600][18.072s][info][gc,start    ] GC(9) Concurrent evacuation
[2026-04-03T03:16:36.533+0600][18.072s][info][gc,task     ] GC(9) Using 3 of 6 workers for concurrent evacuation
[2026-04-03T03:16:36.536+0600][18.074s][info][gc          ] GC(9) Concurrent evacuation 2.371ms
[2026-04-03T03:16:36.536+0600][18.074s][info][gc,start    ] GC(9) Pause Init Update Refs
[2026-04-03T03:16:36.536+0600][18.074s][info][gc,ergo     ] GC(9) Pacer for Update Refs. Used: 91348K, Free: 623M, Non-Taxable: 63875K, Alloc Tax Rate: 1.1x
[2026-04-03T03:16:36.536+0600][18.074s][info][gc          ] GC(9) Pause Init Update Refs 0.096ms
[2026-04-03T03:16:36.536+0600][18.074s][info][gc,start    ] GC(9) Concurrent update references
[2026-04-03T03:16:36.536+0600][18.074s][info][gc,task     ] GC(9) Using 3 of 6 workers for concurrent reference update
[2026-04-03T03:16:36.546+0600][18.084s][info][gc          ] GC(9) Concurrent update references 9.878ms
[2026-04-03T03:16:36.546+0600][18.084s][info][gc,start    ] GC(9) Concurrent update thread roots
[2026-04-03T03:16:36.547+0600][18.085s][info][gc          ] GC(9) Concurrent update thread roots 0.739ms
[2026-04-03T03:16:36.547+0600][18.085s][info][gc,start    ] GC(9) Pause Final Update Refs
[2026-04-03T03:16:36.547+0600][18.085s][info][gc,task     ] GC(9) Using 6 of 6 workers for final reference update
[2026-04-03T03:16:36.547+0600][18.085s][info][gc          ] GC(9) Pause Final Update Refs 0.179ms
[2026-04-03T03:16:36.547+0600][18.086s][info][gc,start    ] GC(9) Concurrent cleanup
[2026-04-03T03:16:36.547+0600][18.086s][info][gc          ] GC(9) Concurrent cleanup 89M->29M(660M) 0.250ms
[2026-04-03T03:16:36.547+0600][18.086s][info][gc,ergo     ] Free: 682M, Max: 256K regular, 373M humongous, Frag: 46% external, 0% internal; Reserve: 38400K, Max: 256K
[2026-04-03T03:16:36.548+0600][18.086s][info][gc,stats    ] 
[2026-04-03T03:16:36.548+0600][18.086s][info][gc,stats    ] All times are wall-clock times, except per-root-class counters, that are sum over
[2026-04-03T03:16:36.548+0600][18.086s][info][gc,stats    ] all workers. Dividing the <total> over the root stage time estimates parallelism.
[2026-04-03T03:16:36.548+0600][18.086s][info][gc,stats    ] 
[2026-04-03T03:16:36.548+0600][18.086s][info][gc,stats    ] Concurrent Reset                    834 us
[2026-04-03T03:16:36.548+0600][18.086s][info][gc,stats    ] Pause Init Mark (G)                 379 us
[2026-04-03T03:16:36.548+0600][18.086s][info][gc,stats    ] Pause Init Mark (N)                 176 us
[2026-04-03T03:16:36.548+0600][18.086s][info][gc,stats    ]   Update Region States               27 us
[2026-04-03T03:16:36.548+0600][18.086s][info][gc,stats    ] Concurrent Mark Roots               696 us, parallelism: 1.78x
[2026-04-03T03:16:36.548+0600][18.086s][info][gc,stats    ]   CMR: <total>                     1242 us
[2026-04-03T03:16:36.548+0600][18.086s][info][gc,stats    ]   CMR: Thread Roots                 969 us, workers (us): 147, 391, 431, ---, ---, ---, 
[2026-04-03T03:16:36.548+0600][18.086s][info][gc,stats    ]   CMR: VM Strong Roots               24 us, workers (us):  22,   1,   1, ---, ---, ---, 
[2026-04-03T03:16:36.548+0600][18.086s][info][gc,stats    ]   CMR: CLDG Roots                   249 us, workers (us): 249, ---, ---, ---, ---, ---, 
[2026-04-03T03:16:36.548+0600][18.086s][info][gc,stats    ] Concurrent Marking                12903 us
[2026-04-03T03:16:36.548+0600][18.086s][info][gc,stats    ] Pause Final Mark (G)                800 us
[2026-04-03T03:16:36.548+0600][18.086s][info][gc,stats    ] Pause Final Mark (N)                625 us
[2026-04-03T03:16:36.548+0600][18.086s][info][gc,stats    ]   Finish Mark                       223 us
[2026-04-03T03:16:36.548+0600][18.086s][info][gc,stats    ]   Update Region States               78 us
[2026-04-03T03:16:36.548+0600][18.086s][info][gc,stats    ]   Choose Collection Set             193 us
[2026-04-03T03:16:36.548+0600][18.086s][info][gc,stats    ]   Rebuild Free Set                   33 us
[2026-04-03T03:16:36.548+0600][18.086s][info][gc,stats    ] Concurrent Thread Roots             496 us, parallelism: 1.82x
[2026-04-03T03:16:36.548+0600][18.086s][info][gc,stats    ]   CTR: <total>                      903 us
[2026-04-03T03:16:36.548+0600][18.086s][info][gc,stats    ]   CTR: Thread Roots                 903 us, workers (us): 338, 302, 263, ---, ---, ---, 
[2026-04-03T03:16:36.548+0600][18.086s][info][gc,stats    ] Concurrent Weak References         1368 us, parallelism: 0.92x
[2026-04-03T03:16:36.548+0600][18.086s][info][gc,stats    ]   CWRF: <total>                    1260 us
[2026-04-03T03:16:36.548+0600][18.086s][info][gc,stats    ]   CWRF: Weak References            1260 us, workers (us): 987, 166, 106, ---, ---, ---, 
[2026-04-03T03:16:36.548+0600][18.086s][info][gc,stats    ] Concurrent Weak Roots              2096 us
[2026-04-03T03:16:36.548+0600][18.086s][info][gc,stats    ]   Roots                            1721 us, parallelism: 2.47x
[2026-04-03T03:16:36.548+0600][18.086s][info][gc,stats    ]     CWR: <total>                   4256 us
[2026-04-03T03:16:36.548+0600][18.086s][info][gc,stats    ]     CWR: Code Cache Roots          1968 us, workers (us): 685, 647, 635, ---, ---, ---, 
[2026-04-03T03:16:36.548+0600][18.086s][info][gc,stats    ]     CWR: VM Weak Roots             2243 us, workers (us): 786, 730, 727, ---, ---, ---, 
[2026-04-03T03:16:36.548+0600][18.086s][info][gc,stats    ]     CWR: CLDG Roots                  45 us, workers (us): ---,  45, ---, ---, ---, ---, 
[2026-04-03T03:16:36.548+0600][18.086s][info][gc,stats    ]   Rendezvous                        266 us
[2026-04-03T03:16:36.548+0600][18.086s][info][gc,stats    ] Concurrent Cleanup                  236 us
[2026-04-03T03:16:36.548+0600][18.086s][info][gc,stats    ] Concurrent Class Unloading        14651 us
[2026-04-03T03:16:36.548+0600][18.086s][info][gc,stats    ]   Unlink Stale                    13459 us
[2026-04-03T03:16:36.548+0600][18.086s][info][gc,stats    ]     System Dictionary               422 us
[2026-04-03T03:16:36.548+0600][18.086s][info][gc,stats    ]     Weak Class Links               9449 us
[2026-04-03T03:16:36.548+0600][18.086s][info][gc,stats    ]     Code Roots                     3583 us
[2026-04-03T03:16:36.548+0600][18.086s][info][gc,stats    ]   Rendezvous                        236 us
[2026-04-03T03:16:36.548+0600][18.086s][info][gc,stats    ]   Purge Unlinked                    810 us
[2026-04-03T03:16:36.548+0600][18.086s][info][gc,stats    ]     Code Roots                      438 us
[2026-04-03T03:16:36.548+0600][18.086s][info][gc,stats    ]     CLDG                            371 us
[2026-04-03T03:16:36.548+0600][18.086s][info][gc,stats    ]     Exception Caches                  0 us
[2026-04-03T03:16:36.548+0600][18.086s][info][gc,stats    ] Concurrent Strong Roots            1181 us, parallelism: 0.71x
[2026-04-03T03:16:36.548+0600][18.086s][info][gc,stats    ]   CSR: <total>                      832 us
[2026-04-03T03:16:36.548+0600][18.086s][info][gc,stats    ]   CSR: VM Strong Roots               40 us, workers (us):  32,   7,   1, ---, ---, ---, 
[2026-04-03T03:16:36.548+0600][18.086s][info][gc,stats    ]   CSR: CLDG Roots                   792 us, workers (us): 792, ---, ---, ---, ---, ---, 
[2026-04-03T03:16:36.548+0600][18.086s][info][gc,stats    ] Concurrent Evacuation              2409 us
[2026-04-03T03:16:36.548+0600][18.086s][info][gc,stats    ] Pause Init Update Refs (G)          291 us
[2026-04-03T03:16:36.548+0600][18.086s][info][gc,stats    ] Pause Init Update Refs (N)          111 us
[2026-04-03T03:16:36.548+0600][18.086s][info][gc,stats    ]   Manage GCLABs                      14 us
[2026-04-03T03:16:36.548+0600][18.086s][info][gc,stats    ] Concurrent Update Refs             9962 us
[2026-04-03T03:16:36.548+0600][18.086s][info][gc,stats    ] Concurrent Update Thread Roots      821 us
[2026-04-03T03:16:36.548+0600][18.086s][info][gc,stats    ] Pause Final Update Refs (G)         388 us
[2026-04-03T03:16:36.548+0600][18.086s][info][gc,stats    ] Pause Final Update Refs (N)         205 us
[2026-04-03T03:16:36.548+0600][18.087s][info][gc,stats    ]   Update Region States               58 us
[2026-04-03T03:16:36.548+0600][18.087s][info][gc,stats    ]   Trash Collection Set               15 us
[2026-04-03T03:16:36.548+0600][18.087s][info][gc,stats    ]   Rebuild Free Set                   35 us
[2026-04-03T03:16:36.548+0600][18.087s][info][gc,stats    ] Concurrent Cleanup                  275 us
[2026-04-03T03:16:36.548+0600][18.087s][info][gc,stats    ] 
[2026-04-03T03:16:36.548+0600][18.087s][info][gc,stats    ] Allocation pacing accrued:
[2026-04-03T03:16:36.548+0600][18.087s][info][gc,stats    ]       0 of  1989 ms (  0.0%): <total>
[2026-04-03T03:16:36.548+0600][18.087s][info][gc,stats    ]       0 of  1989 ms (  0.0%): <average total>
[2026-04-03T03:16:36.548+0600][18.087s][info][gc,stats    ] 
[2026-04-03T03:16:36.548+0600][18.087s][info][gc,metaspace] Metaspace: 57378K(57984K)->57140K(57984K) NonClass: 50184K(50560K)->50001K(50560K) Class: 7193K(7424K)->7138K(7424K)
[2026-04-03T03:16:36.548+0600][18.087s][info][gc,ergo     ] Pacer for Idle. Initial: 15360K, Alloc Tax Rate: 1.0x
[2026-04-03T03:16:36.548+0600][18.087s][info][gc,start    ] Concurrent uncommit
[2026-04-03T03:16:36.683+0600][18.221s][info][gc          ] Concurrent uncommit 29M->37M(39M) 134.688ms
[2026-04-03T03:16:38.903+0600][20.441s][info][gc          ] Trigger: Learning 2 of 5. Free (524M) is below initial threshold (525M)
[2026-04-03T03:16:38.903+0600][20.441s][info][gc,ergo     ] Free: 524M, Max: 256K regular, 360M humongous, Frag: 32% external, 0% internal; Reserve: 38400K, Max: 256K
[2026-04-03T03:16:38.903+0600][20.441s][info][gc,start    ] GC(10) Concurrent reset
[2026-04-03T03:16:38.903+0600][20.441s][info][gc,task     ] GC(10) Using 3 of 6 workers for concurrent reset
[2026-04-03T03:16:38.903+0600][20.441s][info][gc,ergo     ] GC(10) Pacer for Reset. Non-Taxable: 750M
[2026-04-03T03:16:38.904+0600][20.442s][info][gc          ] GC(10) Concurrent reset 0.942ms
[2026-04-03T03:16:38.904+0600][20.443s][info][gc,start    ] GC(10) Pause Init Mark (unload classes)
[2026-04-03T03:16:38.904+0600][20.443s][info][gc,task     ] GC(10) Using 5 of 6 workers for init marking
[2026-04-03T03:16:38.904+0600][20.443s][info][gc,ergo     ] GC(10) Pacer for Mark. Expected Live: 310M, Free: 524M, Non-Taxable: 53709K, Alloc Tax Rate: 0.7x
[2026-04-03T03:16:38.904+0600][20.443s][info][gc          ] GC(10) Pause Init Mark (unload classes) 0.141ms
[2026-04-03T03:16:38.905+0600][20.443s][info][gc,start    ] GC(10) Concurrent marking roots
[2026-04-03T03:16:38.905+0600][20.443s][info][gc,task     ] GC(10) Using 3 of 6 workers for concurrent marking roots
[2026-04-03T03:16:38.907+0600][20.445s][info][gc          ] GC(10) Concurrent marking roots 2.279ms
[2026-04-03T03:16:38.907+0600][20.445s][info][gc,start    ] GC(10) Concurrent marking (unload classes)
[2026-04-03T03:16:38.907+0600][20.445s][info][gc,task     ] GC(10) Using 3 of 6 workers for concurrent marking
[2026-04-03T03:16:38.930+0600][20.468s][info][gc          ] GC(10) Concurrent marking (unload classes) 23.272ms
[2026-04-03T03:16:38.930+0600][20.469s][info][gc,start    ] GC(10) Pause Final Mark (unload classes)
[2026-04-03T03:16:38.930+0600][20.469s][info][gc,task     ] GC(10) Using 5 of 6 workers for final marking
[2026-04-03T03:16:38.931+0600][20.469s][info][gc,ergo     ] GC(10) Adaptive CSet Selection. Target Free: 106M, Actual Free: 624M, Max CSet: 32000K, Min Garbage: 0B
[2026-04-03T03:16:38.931+0600][20.470s][info][gc,ergo     ] GC(10) Collectable Garbage: 149M (98%), Immediate: 71933K (46%), CSet: 81046K (52%)
[2026-04-03T03:16:38.931+0600][20.470s][info][gc,ergo     ] GC(10) Pacer for Evacuation. Used CSet: 86959K, Free: 590M, Non-Taxable: 60468K, Alloc Tax Rate: 1.1x
[2026-04-03T03:16:38.931+0600][20.470s][info][gc          ] GC(10) Pause Final Mark (unload classes) 0.893ms
[2026-04-03T03:16:38.931+0600][20.470s][info][gc,start    ] GC(10) Concurrent thread roots
[2026-04-03T03:16:38.931+0600][20.470s][info][gc,task     ] GC(10) Using 3 of 6 workers for Concurrent thread roots
[2026-04-03T03:16:38.932+0600][20.470s][info][gc          ] GC(10) Concurrent thread roots 0.500ms
[2026-04-03T03:16:38.932+0600][20.470s][info][gc,start    ] GC(10) Concurrent weak references
[2026-04-03T03:16:38.932+0600][20.470s][info][gc,task     ] GC(10) Using 3 of 6 workers for concurrent weak references
[2026-04-03T03:16:38.933+0600][20.471s][info][gc,ref      ] GC(10) Encountered references: Soft: 3189, Weak: 5788, Final: 82, Phantom: 605
[2026-04-03T03:16:38.933+0600][20.471s][info][gc,ref      ] GC(10) Discovered  references: Soft: 0, Weak: 2548, Final: 2, Phantom: 602
[2026-04-03T03:16:38.933+0600][20.471s][info][gc,ref      ] GC(10) Enqueued    references: Soft: 0, Weak: 793, Final: 0, Phantom: 1
[2026-04-03T03:16:38.933+0600][20.471s][info][gc          ] GC(10) Concurrent weak references 1.065ms
[2026-04-03T03:16:38.933+0600][20.471s][info][gc,start    ] GC(10) Concurrent weak roots
[2026-04-03T03:16:38.933+0600][20.471s][info][gc,task     ] GC(10) Using 3 of 6 workers for concurrent weak root
[2026-04-03T03:16:38.936+0600][20.474s][info][gc          ] GC(10) Concurrent weak roots 3.152ms
[2026-04-03T03:16:38.936+0600][20.475s][info][gc,start    ] GC(10) Concurrent cleanup
[2026-04-03T03:16:38.937+0600][20.475s][info][gc          ] GC(10) Concurrent cleanup 193M->123M(198M) 0.600ms
[2026-04-03T03:16:38.937+0600][20.475s][info][gc,ergo     ] GC(10) Free: 588M, Max: 256K regular, 351M humongous, Frag: 41% external, 0% internal; Reserve: 37247K, Max: 256K
[2026-04-03T03:16:38.937+0600][20.475s][info][gc,start    ] GC(10) Concurrent class unloading
[2026-04-03T03:16:38.937+0600][20.475s][info][gc,task     ] GC(10) Using 3 of 6 workers for concurrent class unloading
[2026-04-03T03:16:38.957+0600][20.496s][info][gc          ] GC(10) Concurrent class unloading 20.629ms
[2026-04-03T03:16:38.958+0600][20.496s][info][gc,start    ] GC(10) Concurrent strong roots
[2026-04-03T03:16:38.958+0600][20.496s][info][gc,task     ] GC(10) Using 3 of 6 workers for concurrent strong root
[2026-04-03T03:16:38.959+0600][20.498s][info][gc          ] GC(10) Concurrent strong roots 1.808ms
[2026-04-03T03:16:38.959+0600][20.498s][info][gc,start    ] GC(10) Concurrent evacuation
[2026-04-03T03:16:38.959+0600][20.498s][info][gc,task     ] GC(10) Using 3 of 6 workers for concurrent evacuation
[2026-04-03T03:16:38.966+0600][20.504s][info][gc          ] GC(10) Concurrent evacuation 6.259ms
[2026-04-03T03:16:38.966+0600][20.504s][info][gc,start    ] GC(10) Pause Init Update Refs
[2026-04-03T03:16:38.966+0600][20.504s][info][gc,ergo     ] GC(10) Pacer for Update Refs. Used: 134M, Free: 582M, Non-Taxable: 59677K, Alloc Tax Rate: 1.1x
[2026-04-03T03:16:38.966+0600][20.504s][info][gc          ] GC(10) Pause Init Update Refs 0.104ms
[2026-04-03T03:16:38.966+0600][20.504s][info][gc,start    ] GC(10) Concurrent update references
[2026-04-03T03:16:38.966+0600][20.504s][info][gc,task     ] GC(10) Using 3 of 6 workers for concurrent reference update
[2026-04-03T03:16:38.982+0600][20.521s][info][gc          ] GC(10) Concurrent update references 16.211ms
[2026-04-03T03:16:38.982+0600][20.521s][info][gc,start    ] GC(10) Concurrent update thread roots
[2026-04-03T03:16:38.983+0600][20.521s][info][gc          ] GC(10) Concurrent update thread roots 0.706ms
[2026-04-03T03:16:38.983+0600][20.522s][info][gc,start    ] GC(10) Pause Final Update Refs
[2026-04-03T03:16:38.983+0600][20.522s][info][gc,task     ] GC(10) Using 5 of 6 workers for final reference update
[2026-04-03T03:16:38.983+0600][20.522s][info][gc          ] GC(10) Pause Final Update Refs 0.151ms
[2026-04-03T03:16:38.984+0600][20.522s][info][gc,start    ] GC(10) Concurrent cleanup
[2026-04-03T03:16:38.984+0600][20.523s][info][gc          ] GC(10) Concurrent cleanup 139M->55M(204M) 0.672ms
[2026-04-03T03:16:38.984+0600][20.523s][info][gc,ergo     ] Free: 656M, Max: 256K regular, 351M humongous, Frag: 47% external, 0% internal; Reserve: 38400K, Max: 256K
[2026-04-03T03:16:38.984+0600][20.523s][info][gc,stats    ] 
[2026-04-03T03:16:38.984+0600][20.523s][info][gc,stats    ] All times are wall-clock times, except per-root-class counters, that are sum over
[2026-04-03T03:16:38.984+0600][20.523s][info][gc,stats    ] all workers. Dividing the <total> over the root stage time estimates parallelism.
[2026-04-03T03:16:38.984+0600][20.523s][info][gc,stats    ] 
[2026-04-03T03:16:38.984+0600][20.523s][info][gc,stats    ] Concurrent Reset                   1011 us
[2026-04-03T03:16:38.984+0600][20.523s][info][gc,stats    ] Pause Init Mark (G)                 484 us
[2026-04-03T03:16:38.984+0600][20.523s][info][gc,stats    ] Pause Init Mark (N)                 155 us
[2026-04-03T03:16:38.985+0600][20.523s][info][gc,stats    ]   Update Region States               32 us
[2026-04-03T03:16:38.985+0600][20.523s][info][gc,stats    ] Concurrent Mark Roots              2325 us, parallelism: 2.49x
[2026-04-03T03:16:38.985+0600][20.523s][info][gc,stats    ]   CMR: <total>                     5786 us
[2026-04-03T03:16:38.985+0600][20.523s][info][gc,stats    ]   CMR: Thread Roots                4948 us, workers (us): 1839, 1248, 1861, ---, ---, ---, 
[2026-04-03T03:16:38.985+0600][20.523s][info][gc,stats    ]   CMR: VM Strong Roots              230 us, workers (us): 143,  43,  44, ---, ---, ---, 
[2026-04-03T03:16:38.985+0600][20.523s][info][gc,stats    ]   CMR: CLDG Roots                   608 us, workers (us): ---, 608, ---, ---, ---, ---, 
[2026-04-03T03:16:38.985+0600][20.523s][info][gc,stats    ] Concurrent Marking                23366 us
[2026-04-03T03:16:38.985+0600][20.523s][info][gc,stats    ] Pause Final Mark (G)               1120 us
[2026-04-03T03:16:38.985+0600][20.523s][info][gc,stats    ] Pause Final Mark (N)                910 us
[2026-04-03T03:16:38.985+0600][20.523s][info][gc,stats    ]   Finish Mark                       170 us
[2026-04-03T03:16:38.985+0600][20.523s][info][gc,stats    ]   Update Region States              170 us
[2026-04-03T03:16:38.985+0600][20.523s][info][gc,stats    ]   Choose Collection Set             344 us
[2026-04-03T03:16:38.985+0600][20.523s][info][gc,stats    ]   Rebuild Free Set                   45 us
[2026-04-03T03:16:38.985+0600][20.523s][info][gc,stats    ] Concurrent Thread Roots             532 us, parallelism: 2.12x
[2026-04-03T03:16:38.985+0600][20.523s][info][gc,stats    ]   CTR: <total>                     1126 us
[2026-04-03T03:16:38.985+0600][20.523s][info][gc,stats    ]   CTR: Thread Roots                1126 us, workers (us): 384, 381, 361, ---, ---, ---, 
[2026-04-03T03:16:38.985+0600][20.523s][info][gc,stats    ] Concurrent Weak References         1079 us, parallelism: 1.13x
[2026-04-03T03:16:38.985+0600][20.523s][info][gc,stats    ]   CWRF: <total>                    1214 us
[2026-04-03T03:16:38.985+0600][20.523s][info][gc,stats    ]   CWRF: Weak References            1214 us, workers (us): 149, 927, 139, ---, ---, ---, 
[2026-04-03T03:16:38.985+0600][20.523s][info][gc,stats    ] Concurrent Weak Roots              3212 us
[2026-04-03T03:16:38.985+0600][20.523s][info][gc,stats    ]   Roots                            2967 us, parallelism: 2.69x
[2026-04-03T03:16:38.985+0600][20.523s][info][gc,stats    ]     CWR: <total>                   7994 us
[2026-04-03T03:16:38.985+0600][20.523s][info][gc,stats    ]     CWR: Code Cache Roots          2879 us, workers (us): 1038, 927, 914, ---, ---, ---, 
[2026-04-03T03:16:38.985+0600][20.523s][info][gc,stats    ]     CWR: VM Weak Roots             5000 us, workers (us): 1721, 1727, 1552, ---, ---, ---, 
[2026-04-03T03:16:38.985+0600][20.523s][info][gc,stats    ]     CWR: CLDG Roots                 114 us, workers (us): ---, ---, 114, ---, ---, ---, 
[2026-04-03T03:16:38.985+0600][20.523s][info][gc,stats    ]   Rendezvous                        153 us
[2026-04-03T03:16:38.985+0600][20.523s][info][gc,stats    ] Concurrent Cleanup                  626 us
[2026-04-03T03:16:38.985+0600][20.523s][info][gc,stats    ] Concurrent Class Unloading        20740 us
[2026-04-03T03:16:38.985+0600][20.523s][info][gc,stats    ]   Unlink Stale                    18305 us
[2026-04-03T03:16:38.985+0600][20.523s][info][gc,stats    ]     System Dictionary               396 us
[2026-04-03T03:16:38.985+0600][20.523s][info][gc,stats    ]     Weak Class Links              12158 us
[2026-04-03T03:16:38.985+0600][20.523s][info][gc,stats    ]     Code Roots                     5745 us
[2026-04-03T03:16:38.985+0600][20.523s][info][gc,stats    ]   Rendezvous                        155 us
[2026-04-03T03:16:38.985+0600][20.523s][info][gc,stats    ]   Purge Unlinked                   2135 us
[2026-04-03T03:16:38.985+0600][20.523s][info][gc,stats    ]     Code Roots                     1786 us
[2026-04-03T03:16:38.985+0600][20.523s][info][gc,stats    ]     CLDG                            347 us
[2026-04-03T03:16:38.985+0600][20.523s][info][gc,stats    ]     Exception Caches                  1 us
[2026-04-03T03:16:38.985+0600][20.523s][info][gc,stats    ] Concurrent Strong Roots            1862 us, parallelism: 0.86x
[2026-04-03T03:16:38.985+0600][20.523s][info][gc,stats    ]   CSR: <total>                     1600 us
[2026-04-03T03:16:38.985+0600][20.523s][info][gc,stats    ]   CSR: VM Strong Roots               34 us, workers (us):  23,   9,   2, ---, ---, ---, 
[2026-04-03T03:16:38.985+0600][20.523s][info][gc,stats    ]   CSR: CLDG Roots                  1565 us, workers (us): ---, ---, 1565, ---, ---, ---, 
[2026-04-03T03:16:38.985+0600][20.523s][info][gc,stats    ] Concurrent Evacuation              6326 us
[2026-04-03T03:16:38.985+0600][20.523s][info][gc,stats    ] Pause Init Update Refs (G)          284 us
[2026-04-03T03:16:38.985+0600][20.523s][info][gc,stats    ] Pause Init Update Refs (N)          117 us
[2026-04-03T03:16:38.985+0600][20.523s][info][gc,stats    ]   Manage GCLABs                      15 us
[2026-04-03T03:16:38.985+0600][20.523s][info][gc,stats    ] Concurrent Update Refs            16327 us
[2026-04-03T03:16:38.985+0600][20.523s][info][gc,stats    ] Concurrent Update Thread Roots      772 us
[2026-04-03T03:16:38.985+0600][20.523s][info][gc,stats    ] Pause Final Update Refs (G)         396 us
[2026-04-03T03:16:38.985+0600][20.523s][info][gc,stats    ] Pause Final Update Refs (N)         175 us
[2026-04-03T03:16:38.985+0600][20.524s][info][gc,stats    ]   Update Region States               49 us
[2026-04-03T03:16:38.985+0600][20.524s][info][gc,stats    ]   Trash Collection Set               13 us
[2026-04-03T03:16:38.985+0600][20.524s][info][gc,stats    ]   Rebuild Free Set                   37 us
[2026-04-03T03:16:38.985+0600][20.524s][info][gc,stats    ] Concurrent Cleanup                  721 us
[2026-04-03T03:16:38.985+0600][20.524s][info][gc,stats    ] 
[2026-04-03T03:16:38.985+0600][20.524s][info][gc,stats    ] Allocation pacing accrued:
[2026-04-03T03:16:38.985+0600][20.524s][info][gc,stats    ]       0 of  2437 ms (  0.0%): <total>
[2026-04-03T03:16:38.985+0600][20.524s][info][gc,stats    ]       0 of  2437 ms (  0.0%): <average total>
[2026-04-03T03:16:38.985+0600][20.524s][info][gc,stats    ] 
[2026-04-03T03:16:38.985+0600][20.524s][info][gc,metaspace] Metaspace: 66614K(67456K)->66455K(67520K) NonClass: 58245K(58688K)->58137K(58752K) Class: 8369K(8768K)->8318K(8768K)
[2026-04-03T03:16:38.985+0600][20.524s][info][gc,ergo     ] Pacer for Idle. Initial: 15360K, Alloc Tax Rate: 1.0x
[2026-04-03T03:16:39.205+0600][20.743s][info][gc          ] Trigger: Average GC time (1315.20 ms) is above the time for average allocation rate (508 MB/s) to deplete free headroom (506M) (margin of error = 1.85)
[2026-04-03T03:16:39.205+0600][20.743s][info][gc,ergo     ] Free headroom: 544M (free) - 38400K (spike) - 0B (penalties) = 506M
[2026-04-03T03:16:39.205+0600][20.743s][info][gc,ergo     ] Free: 543M, Max: 256K regular, 351M humongous, Frag: 36% external, 0% internal; Reserve: 38400K, Max: 256K
[2026-04-03T03:16:39.205+0600][20.743s][info][gc,start    ] GC(11) Concurrent reset
[2026-04-03T03:16:39.205+0600][20.743s][info][gc,task     ] GC(11) Using 3 of 6 workers for concurrent reset
[2026-04-03T03:16:39.205+0600][20.743s][info][gc,ergo     ] GC(11) Pacer for Reset. Non-Taxable: 750M
[2026-04-03T03:16:39.206+0600][20.745s][info][gc          ] GC(11) Concurrent reset 1.383ms
[2026-04-03T03:16:39.207+0600][20.745s][info][gc,start    ] GC(11) Pause Init Mark (unload classes)
[2026-04-03T03:16:39.207+0600][20.745s][info][gc,task     ] GC(11) Using 4 of 6 workers for init marking
[2026-04-03T03:16:39.207+0600][20.745s][info][gc,ergo     ] GC(11) Pacer for Mark. Expected Live: 239M, Free: 542M, Non-Taxable: 55534K, Alloc Tax Rate: 0.5x
[2026-04-03T03:16:39.207+0600][20.745s][info][gc          ] GC(11) Pause Init Mark (unload classes) 0.166ms
[2026-04-03T03:16:39.207+0600][20.745s][info][gc,start    ] GC(11) Concurrent marking roots
[2026-04-03T03:16:39.207+0600][20.745s][info][gc,task     ] GC(11) Using 3 of 6 workers for concurrent marking roots
[2026-04-03T03:16:39.207+0600][20.746s][info][gc          ] GC(11) Concurrent marking roots 0.676ms
[2026-04-03T03:16:39.207+0600][20.746s][info][gc,start    ] GC(11) Concurrent marking (unload classes)
[2026-04-03T03:16:39.207+0600][20.746s][info][gc,task     ] GC(11) Using 3 of 6 workers for concurrent marking
[2026-04-03T03:16:39.225+0600][20.764s][info][gc          ] GC(11) Concurrent marking (unload classes) 17.712ms
[2026-04-03T03:16:39.225+0600][20.764s][info][gc,start    ] GC(11) Pause Final Mark (unload classes)
[2026-04-03T03:16:39.226+0600][20.764s][info][gc,task     ] GC(11) Using 4 of 6 workers for final marking
[2026-04-03T03:16:39.226+0600][20.764s][info][gc,ergo     ] GC(11) Collectable Garbage: 127M (92%), Immediate: 127M (92%), CSet: 0B (0%)
[2026-04-03T03:16:39.226+0600][20.764s][info][gc          ] GC(11) Pause Final Mark (unload classes) 0.596ms
[2026-04-03T03:16:39.226+0600][20.765s][info][gc,start    ] GC(11) Concurrent weak references
[2026-04-03T03:16:39.226+0600][20.765s][info][gc,task     ] GC(11) Using 3 of 6 workers for concurrent weak references
[2026-04-03T03:16:39.227+0600][20.765s][info][gc,ref      ] GC(11) Encountered references: Soft: 3199, Weak: 5070, Final: 82, Phantom: 605
[2026-04-03T03:16:39.227+0600][20.765s][info][gc,ref      ] GC(11) Discovered  references: Soft: 0, Weak: 3023, Final: 50, Phantom: 602
[2026-04-03T03:16:39.227+0600][20.765s][info][gc,ref      ] GC(11) Enqueued    references: Soft: 0, Weak: 23, Final: 0, Phantom: 0
[2026-04-03T03:16:39.227+0600][20.765s][info][gc          ] GC(11) Concurrent weak references 0.822ms
[2026-04-03T03:16:39.227+0600][20.765s][info][gc,start    ] GC(11) Concurrent weak roots
[2026-04-03T03:16:39.227+0600][20.765s][info][gc,task     ] GC(11) Using 3 of 6 workers for concurrent weak root
[2026-04-03T03:16:39.229+0600][20.767s][info][gc          ] GC(11) Concurrent weak roots 1.718ms
[2026-04-03T03:16:39.229+0600][20.767s][info][gc,start    ] GC(11) Concurrent cleanup
[2026-04-03T03:16:39.229+0600][20.768s][info][gc          ] GC(11) Concurrent cleanup 190M->62M(204M) 0.310ms
[2026-04-03T03:16:39.229+0600][20.768s][info][gc,ergo     ] GC(11) Free: 648M, Max: 256K regular, 354M humongous, Frag: 46% external, 0% internal; Reserve: 38400K, Max: 256K
[2026-04-03T03:16:39.229+0600][20.768s][info][gc,start    ] GC(11) Concurrent class unloading
[2026-04-03T03:16:39.229+0600][20.768s][info][gc,task     ] GC(11) Using 3 of 6 workers for concurrent class unloading
[2026-04-03T03:16:39.234+0600][20.773s][info][gc          ] GC(11) Concurrent class unloading 4.930ms
[2026-04-03T03:16:39.235+0600][20.773s][info][gc,start    ] GC(11) Pause Final Roots
[2026-04-03T03:16:39.235+0600][20.773s][info][gc          ] GC(11) Pause Final Roots 0.066ms
[2026-04-03T03:16:39.235+0600][20.773s][info][gc,ergo     ] Free: 643M, Max: 256K regular, 354M humongous, Frag: 45% external, 0% internal; Reserve: 38400K, Max: 256K
[2026-04-03T03:16:39.235+0600][20.773s][info][gc,stats    ] 
[2026-04-03T03:16:39.235+0600][20.773s][info][gc,stats    ] All times are wall-clock times, except per-root-class counters, that are sum over
[2026-04-03T03:16:39.235+0600][20.773s][info][gc,stats    ] all workers. Dividing the <total> over the root stage time estimates parallelism.
[2026-04-03T03:16:39.235+0600][20.773s][info][gc,stats    ] 
[2026-04-03T03:16:39.235+0600][20.773s][info][gc,stats    ] Concurrent Reset                   1445 us
[2026-04-03T03:16:39.235+0600][20.773s][info][gc,stats    ] Pause Init Mark (G)                 361 us
[2026-04-03T03:16:39.235+0600][20.773s][info][gc,stats    ] Pause Init Mark (N)                 184 us
[2026-04-03T03:16:39.235+0600][20.773s][info][gc,stats    ]   Update Region States               34 us
[2026-04-03T03:16:39.235+0600][20.773s][info][gc,stats    ] Concurrent Mark Roots               701 us, parallelism: 1.70x
[2026-04-03T03:16:39.235+0600][20.773s][info][gc,stats    ]   CMR: <total>                     1195 us
[2026-04-03T03:16:39.235+0600][20.773s][info][gc,stats    ]   CMR: Thread Roots                 854 us, workers (us): 389,  79, 386, ---, ---, ---, 
[2026-04-03T03:16:39.235+0600][20.773s][info][gc,stats    ]   CMR: VM Strong Roots               33 us, workers (us):  13,  12,   9, ---, ---, ---, 
[2026-04-03T03:16:39.235+0600][20.773s][info][gc,stats    ]   CMR: CLDG Roots                   308 us, workers (us): ---, 308, ---, ---, ---, ---, 
[2026-04-03T03:16:39.235+0600][20.773s][info][gc,stats    ] Concurrent Marking                17806 us
[2026-04-03T03:16:39.235+0600][20.774s][info][gc,stats    ] Pause Final Mark (G)               1002 us
[2026-04-03T03:16:39.235+0600][20.774s][info][gc,stats    ] Pause Final Mark (N)                618 us
[2026-04-03T03:16:39.235+0600][20.774s][info][gc,stats    ]   Finish Mark                       273 us
[2026-04-03T03:16:39.235+0600][20.774s][info][gc,stats    ]   Update Region States               53 us
[2026-04-03T03:16:39.235+0600][20.774s][info][gc,stats    ]   Choose Collection Set             120 us
[2026-04-03T03:16:39.235+0600][20.774s][info][gc,stats    ]   Rebuild Free Set                   50 us
[2026-04-03T03:16:39.235+0600][20.774s][info][gc,stats    ] Concurrent Weak References          833 us, parallelism: 0.76x
[2026-04-03T03:16:39.235+0600][20.774s][info][gc,stats    ]   CWRF: <total>                     633 us
[2026-04-03T03:16:39.235+0600][20.774s][info][gc,stats    ]   CWRF: Weak References             633 us, workers (us): 117, 514,   3, ---, ---, ---, 
[2026-04-03T03:16:39.235+0600][20.774s][info][gc,stats    ] Concurrent Weak Roots              1791 us
[2026-04-03T03:16:39.235+0600][20.774s][info][gc,stats    ]   Roots                            1524 us, parallelism: 2.41x
[2026-04-03T03:16:39.235+0600][20.774s][info][gc,stats    ]     CWR: <total>                   3678 us
[2026-04-03T03:16:39.235+0600][20.774s][info][gc,stats    ]     CWR: Code Cache Roots          2431 us, workers (us): 817, 798, 816, ---, ---, ---, 
[2026-04-03T03:16:39.235+0600][20.774s][info][gc,stats    ]     CWR: VM Weak Roots             1179 us, workers (us): 397, 397, 385, ---, ---, ---, 
[2026-04-03T03:16:39.235+0600][20.774s][info][gc,stats    ]     CWR: CLDG Roots                  68 us, workers (us): ---, ---,  68, ---, ---, ---, 
[2026-04-03T03:16:39.235+0600][20.774s][info][gc,stats    ]   Rendezvous                        167 us
[2026-04-03T03:16:39.235+0600][20.774s][info][gc,stats    ] Concurrent Cleanup                  333 us
[2026-04-03T03:16:39.235+0600][20.774s][info][gc,stats    ] Concurrent Class Unloading         5008 us
[2026-04-03T03:16:39.235+0600][20.774s][info][gc,stats    ]   Unlink Stale                     4309 us
[2026-04-03T03:16:39.235+0600][20.774s][info][gc,stats    ]     System Dictionary               120 us
[2026-04-03T03:16:39.235+0600][20.774s][info][gc,stats    ]     Weak Class Links                  1 us
[2026-04-03T03:16:39.235+0600][20.774s][info][gc,stats    ]     Code Roots                     4184 us
[2026-04-03T03:16:39.235+0600][20.774s][info][gc,stats    ]   Rendezvous                        179 us
[2026-04-03T03:16:39.235+0600][20.774s][info][gc,stats    ]   Purge Unlinked                    404 us
[2026-04-03T03:16:39.235+0600][20.774s][info][gc,stats    ]     Code Roots                      390 us
[2026-04-03T03:16:39.235+0600][20.774s][info][gc,stats    ]     CLDG                             13 us
[2026-04-03T03:16:39.235+0600][20.774s][info][gc,stats    ]     Exception Caches                  0 us
[2026-04-03T03:16:39.235+0600][20.774s][info][gc,stats    ] Pause Final Roots (G)               453 us
[2026-04-03T03:16:39.235+0600][20.774s][info][gc,stats    ] Pause Final Roots (N)                80 us
[2026-04-03T03:16:39.235+0600][20.774s][info][gc,stats    ] 
[2026-04-03T03:16:39.235+0600][20.774s][info][gc,stats    ] Allocation pacing accrued:
[2026-04-03T03:16:39.235+0600][20.774s][info][gc,stats    ]       0 of   250 ms (  0.0%): <total>
[2026-04-03T03:16:39.235+0600][20.774s][info][gc,stats    ]       0 of   250 ms (  0.0%): <average total>
[2026-04-03T03:16:39.235+0600][20.774s][info][gc,stats    ] 
[2026-04-03T03:16:39.236+0600][20.774s][info][gc,metaspace] Metaspace: 66552K(67520K)->66554K(67520K) NonClass: 58208K(58752K)->58210K(58752K) Class: 8344K(8768K)->8344K(8768K)
[2026-04-03T03:16:39.236+0600][20.774s][info][gc,ergo     ] Pacer for Idle. Initial: 15360K, Alloc Tax Rate: 1.0x
[2026-04-03T03:16:39.305+0600][20.844s][info][gc          ] Trigger: Learning 4 of 5. Free (523M) is below initial threshold (525M)
[2026-04-03T03:16:39.305+0600][20.844s][info][gc,ergo     ] Free: 523M, Max: 256K regular, 354M humongous, Frag: 33% external, 0% internal; Reserve: 38400K, Max: 256K
[2026-04-03T03:16:39.305+0600][20.844s][info][gc,start    ] GC(12) Concurrent reset
[2026-04-03T03:16:39.305+0600][20.844s][info][gc,task     ] GC(12) Using 3 of 6 workers for concurrent reset
[2026-04-03T03:16:39.305+0600][20.844s][info][gc,ergo     ] GC(12) Pacer for Reset. Non-Taxable: 750M
[2026-04-03T03:16:39.306+0600][20.844s][info][gc          ] GC(12) Concurrent reset 0.525ms
[2026-04-03T03:16:39.306+0600][20.844s][info][gc,start    ] GC(12) Pause Init Mark (unload classes)
[2026-04-03T03:16:39.306+0600][20.844s][info][gc,task     ] GC(12) Using 4 of 6 workers for init marking
[2026-04-03T03:16:39.306+0600][20.844s][info][gc,ergo     ] GC(12) Pacer for Mark. Expected Live: 144M, Free: 522M, Non-Taxable: 53508K, Alloc Tax Rate: 0.3x
[2026-04-03T03:16:39.306+0600][20.844s][info][gc          ] GC(12) Pause Init Mark (unload classes) 0.102ms
[2026-04-03T03:16:39.306+0600][20.845s][info][gc,start    ] GC(12) Concurrent marking roots
[2026-04-03T03:16:39.306+0600][20.845s][info][gc,task     ] GC(12) Using 3 of 6 workers for concurrent marking roots
[2026-04-03T03:16:39.307+0600][20.845s][info][gc          ] GC(12) Concurrent marking roots 0.677ms
[2026-04-03T03:16:39.307+0600][20.845s][info][gc,start    ] GC(12) Concurrent marking (unload classes)
[2026-04-03T03:16:39.307+0600][20.845s][info][gc,task     ] GC(12) Using 3 of 6 workers for concurrent marking
[2026-04-03T03:16:39.321+0600][20.859s][info][gc          ] GC(12) Concurrent marking (unload classes) 13.935ms
[2026-04-03T03:16:39.321+0600][20.859s][info][gc,start    ] GC(12) Pause Final Mark (unload classes)
[2026-04-03T03:16:39.321+0600][20.860s][info][gc,task     ] GC(12) Using 4 of 6 workers for final marking
[2026-04-03T03:16:39.322+0600][20.860s][info][gc,ergo     ] GC(12) Collectable Garbage: 147M (93%), Immediate: 147M (93%), CSet: 0B (0%)
[2026-04-03T03:16:39.322+0600][20.860s][info][gc          ] GC(12) Pause Final Mark (unload classes) 0.568ms
[2026-04-03T03:16:39.322+0600][20.860s][info][gc,start    ] GC(12) Concurrent weak references
[2026-04-03T03:16:39.322+0600][20.860s][info][gc,task     ] GC(12) Using 3 of 6 workers for concurrent weak references
[2026-04-03T03:16:39.322+0600][20.860s][info][gc,ref      ] GC(12) Encountered references: Soft: 3199, Weak: 5047, Final: 82, Phantom: 605
[2026-04-03T03:16:39.322+0600][20.860s][info][gc,ref      ] GC(12) Discovered  references: Soft: 0, Weak: 1455, Final: 0, Phantom: 219
[2026-04-03T03:16:39.322+0600][20.860s][info][gc,ref      ] GC(12) Enqueued    references: Soft: 0, Weak: 0, Final: 0, Phantom: 0
[2026-04-03T03:16:39.322+0600][20.860s][info][gc          ] GC(12) Concurrent weak references 0.306ms
[2026-04-03T03:16:39.322+0600][20.860s][info][gc,start    ] GC(12) Concurrent weak roots
[2026-04-03T03:16:39.322+0600][20.861s][info][gc,task     ] GC(12) Using 3 of 6 workers for concurrent weak root
[2026-04-03T03:16:39.324+0600][20.862s][info][gc          ] GC(12) Concurrent weak roots 1.970ms
[2026-04-03T03:16:39.324+0600][20.863s][info][gc,start    ] GC(12) Concurrent cleanup
[2026-04-03T03:16:39.324+0600][20.863s][info][gc          ] GC(12) Concurrent cleanup 210M->63M(213M) 0.289ms
[2026-04-03T03:16:39.324+0600][20.863s][info][gc,ergo     ] GC(12) Free: 647M, Max: 256K regular, 342M humongous, Frag: 48% external, 0% internal; Reserve: 38400K, Max: 256K
[2026-04-03T03:16:39.324+0600][20.863s][info][gc,start    ] GC(12) Concurrent class unloading
[2026-04-03T03:16:39.325+0600][20.863s][info][gc,task     ] GC(12) Using 3 of 6 workers for concurrent class unloading
[2026-04-03T03:16:39.328+0600][20.866s][info][gc          ] GC(12) Concurrent class unloading 3.622ms
[2026-04-03T03:16:39.328+0600][20.867s][info][gc,start    ] GC(12) Pause Final Roots
[2026-04-03T03:16:39.328+0600][20.867s][info][gc          ] GC(12) Pause Final Roots 0.074ms
[2026-04-03T03:16:39.329+0600][20.867s][info][gc,ergo     ] Free: 642M, Max: 256K regular, 342M humongous, Frag: 47% external, 0% internal; Reserve: 38400K, Max: 256K
[2026-04-03T03:16:39.329+0600][20.867s][info][gc,stats    ] 
[2026-04-03T03:16:39.329+0600][20.867s][info][gc,stats    ] All times are wall-clock times, except per-root-class counters, that are sum over
[2026-04-03T03:16:39.329+0600][20.867s][info][gc,stats    ] all workers. Dividing the <total> over the root stage time estimates parallelism.
[2026-04-03T03:16:39.329+0600][20.867s][info][gc,stats    ] 
[2026-04-03T03:16:39.329+0600][20.867s][info][gc,stats    ] Concurrent Reset                    557 us
[2026-04-03T03:16:39.329+0600][20.867s][info][gc,stats    ] Pause Init Mark (G)                 459 us
[2026-04-03T03:16:39.329+0600][20.867s][info][gc,stats    ] Pause Init Mark (N)                 110 us
[2026-04-03T03:16:39.329+0600][20.867s][info][gc,stats    ]   Update Region States               26 us
[2026-04-03T03:16:39.329+0600][20.867s][info][gc,stats    ] Concurrent Mark Roots               707 us, parallelism: 1.36x
[2026-04-03T03:16:39.329+0600][20.867s][info][gc,stats    ]   CMR: <total>                      964 us
[2026-04-03T03:16:39.329+0600][20.867s][info][gc,stats    ]   CMR: Thread Roots                 706 us, workers (us): 120, 293, 293, ---, ---, ---, 
[2026-04-03T03:16:39.329+0600][20.867s][info][gc,stats    ]   CMR: VM Strong Roots               19 us, workers (us):  18,   1,   1, ---, ---, ---, 
[2026-04-03T03:16:39.329+0600][20.867s][info][gc,stats    ]   CMR: CLDG Roots                   239 us, workers (us): 239, ---, ---, ---, ---, ---, 
[2026-04-03T03:16:39.329+0600][20.867s][info][gc,stats    ] Concurrent Marking                14001 us
[2026-04-03T03:16:39.329+0600][20.867s][info][gc,stats    ] Pause Final Mark (G)                814 us
[2026-04-03T03:16:39.329+0600][20.867s][info][gc,stats    ] Pause Final Mark (N)                582 us
[2026-04-03T03:16:39.329+0600][20.867s][info][gc,stats    ]   Finish Mark                       306 us
[2026-04-03T03:16:39.329+0600][20.867s][info][gc,stats    ]   Update Region States               43 us
[2026-04-03T03:16:39.329+0600][20.867s][info][gc,stats    ]   Choose Collection Set              89 us
[2026-04-03T03:16:39.329+0600][20.867s][info][gc,stats    ]   Rebuild Free Set                   40 us
[2026-04-03T03:16:39.329+0600][20.867s][info][gc,stats    ] Concurrent Weak References          318 us, parallelism: 0.55x
[2026-04-03T03:16:39.329+0600][20.867s][info][gc,stats    ]   CWRF: <total>                     176 us
[2026-04-03T03:16:39.329+0600][20.867s][info][gc,stats    ]   CWRF: Weak References             176 us, workers (us): 107,  36,  32, ---, ---, ---, 
[2026-04-03T03:16:39.329+0600][20.867s][info][gc,stats    ] Concurrent Weak Roots              2028 us
[2026-04-03T03:16:39.329+0600][20.867s][info][gc,stats    ]   Roots                            1659 us, parallelism: 2.50x
[2026-04-03T03:16:39.329+0600][20.867s][info][gc,stats    ]     CWR: <total>                   4151 us
[2026-04-03T03:16:39.329+0600][20.867s][info][gc,stats    ]     CWR: Code Cache Roots          3083 us, workers (us): 940, 1062, 1080, ---, ---, ---, 
[2026-04-03T03:16:39.329+0600][20.867s][info][gc,stats    ]     CWR: VM Weak Roots             1021 us, workers (us): 343, 340, 338, ---, ---, ---, 
[2026-04-03T03:16:39.329+0600][20.867s][info][gc,stats    ]     CWR: CLDG Roots                  47 us, workers (us): ---,  47, ---, ---, ---, ---, 
[2026-04-03T03:16:39.329+0600][20.867s][info][gc,stats    ]   Rendezvous                        270 us
[2026-04-03T03:16:39.329+0600][20.867s][info][gc,stats    ] Concurrent Cleanup                  306 us
[2026-04-03T03:16:39.329+0600][20.867s][info][gc,stats    ] Concurrent Class Unloading         3686 us
[2026-04-03T03:16:39.329+0600][20.868s][info][gc,stats    ]   Unlink Stale                     3207 us
[2026-04-03T03:16:39.329+0600][20.868s][info][gc,stats    ]     System Dictionary                75 us
[2026-04-03T03:16:39.329+0600][20.868s][info][gc,stats    ]     Weak Class Links                  0 us
[2026-04-03T03:16:39.329+0600][20.868s][info][gc,stats    ]     Code Roots                     3129 us
[2026-04-03T03:16:39.329+0600][20.868s][info][gc,stats    ]   Rendezvous                        230 us
[2026-04-03T03:16:39.329+0600][20.868s][info][gc,stats    ]   Purge Unlinked                    154 us
[2026-04-03T03:16:39.329+0600][20.868s][info][gc,stats    ]     Code Roots                      141 us
[2026-04-03T03:16:39.329+0600][20.868s][info][gc,stats    ]     CLDG                             12 us
[2026-04-03T03:16:39.329+0600][20.868s][info][gc,stats    ]     Exception Caches                  0 us
[2026-04-03T03:16:39.329+0600][20.868s][info][gc,stats    ] Pause Final Roots (G)               420 us
[2026-04-03T03:16:39.329+0600][20.868s][info][gc,stats    ] Pause Final Roots (N)                86 us
[2026-04-03T03:16:39.329+0600][20.868s][info][gc,stats    ] 
[2026-04-03T03:16:39.329+0600][20.868s][info][gc,stats    ] Allocation pacing accrued:
[2026-04-03T03:16:39.329+0600][20.868s][info][gc,stats    ]       0 of    94 ms (  0.0%): <total>
[2026-04-03T03:16:39.329+0600][20.868s][info][gc,stats    ]       0 of    94 ms (  0.0%): <average total>
[2026-04-03T03:16:39.329+0600][20.868s][info][gc,stats    ] 
[2026-04-03T03:16:39.329+0600][20.868s][info][gc,metaspace] Metaspace: 66563K(67520K)->66564K(67520K) NonClass: 58218K(58752K)->58220K(58752K) Class: 8344K(8768K)->8344K(8768K)
[2026-04-03T03:16:39.329+0600][20.868s][info][gc,ergo     ] Pacer for Idle. Initial: 15360K, Alloc Tax Rate: 1.0x
[2026-04-03T03:16:39.330+0600][20.869s][info][gc          ] Trigger: Average GC time (641.58 ms) is above the time for average allocation rate (1004 MB/s) to deplete free headroom (601M) (margin of error = 1.84)
[2026-04-03T03:16:39.330+0600][20.869s][info][gc,ergo     ] Free headroom: 639M (free) - 38400K (spike) - 0B (penalties) = 601M
[2026-04-03T03:16:39.331+0600][20.869s][info][gc,ergo     ] Free: 639M, Max: 256K regular, 342M humongous, Frag: 47% external, 0% internal; Reserve: 38400K, Max: 256K
[2026-04-03T03:16:39.331+0600][20.869s][info][gc,start    ] GC(13) Concurrent reset
[2026-04-03T03:16:39.331+0600][20.869s][info][gc,task     ] GC(13) Using 3 of 6 workers for concurrent reset
[2026-04-03T03:16:39.331+0600][20.869s][info][gc,ergo     ] GC(13) Pacer for Reset. Non-Taxable: 750M
[2026-04-03T03:16:39.331+0600][20.870s][info][gc          ] GC(13) Concurrent reset 0.571ms
[2026-04-03T03:16:39.331+0600][20.870s][info][gc,start    ] GC(13) Pause Init Mark (unload classes)
[2026-04-03T03:16:39.331+0600][20.870s][info][gc,task     ] GC(13) Using 5 of 6 workers for init marking
[2026-04-03T03:16:39.332+0600][20.870s][info][gc,ergo     ] GC(13) Pacer for Mark. Expected Live: 30263K, Free: 638M, Non-Taxable: 65337K, Alloc Tax Rate: 0.1x
[2026-04-03T03:16:39.332+0600][20.870s][info][gc          ] GC(13) Pause Init Mark (unload classes) 0.153ms
[2026-04-03T03:16:39.332+0600][20.870s][info][gc,start    ] GC(13) Concurrent marking roots
[2026-04-03T03:16:39.332+0600][20.870s][info][gc,task     ] GC(13) Using 3 of 6 workers for concurrent marking roots
[2026-04-03T03:16:39.332+0600][20.871s][info][gc          ] GC(13) Concurrent marking roots 0.696ms
[2026-04-03T03:16:39.332+0600][20.871s][info][gc,start    ] GC(13) Concurrent marking (unload classes)
[2026-04-03T03:16:39.332+0600][20.871s][info][gc,task     ] GC(13) Using 3 of 6 workers for concurrent marking
[2026-04-03T03:16:39.348+0600][20.887s][info][gc          ] GC(13) Concurrent marking (unload classes) 15.922ms
[2026-04-03T03:16:39.348+0600][20.887s][info][gc,start    ] GC(13) Pause Final Mark (unload classes)
[2026-04-03T03:16:39.349+0600][20.887s][info][gc,task     ] GC(13) Using 5 of 6 workers for final marking
[2026-04-03T03:16:39.349+0600][20.888s][info][gc,ergo     ] GC(13) Adaptive CSet Selection. Target Free: 106M, Actual Free: 683M, Max CSet: 32000K, Min Garbage: 0B
[2026-04-03T03:16:39.349+0600][20.888s][info][gc,ergo     ] GC(13) Collectable Garbage: 40139K (94%), Immediate: 32500K (76%), CSet: 7639K (18%)
[2026-04-03T03:16:39.349+0600][20.888s][info][gc,ergo     ] GC(13) Pacer for Evacuation. Used CSet: 8413K, Free: 646M, Non-Taxable: 66203K, Alloc Tax Rate: 1.1x
[2026-04-03T03:16:39.349+0600][20.888s][info][gc          ] GC(13) Pause Final Mark (unload classes) 0.827ms
[2026-04-03T03:16:39.349+0600][20.888s][info][gc,start    ] GC(13) Concurrent thread roots
[2026-04-03T03:16:39.349+0600][20.888s][info][gc,task     ] GC(13) Using 3 of 6 workers for Concurrent thread roots
[2026-04-03T03:16:39.350+0600][20.888s][info][gc          ] GC(13) Concurrent thread roots 0.577ms
[2026-04-03T03:16:39.350+0600][20.888s][info][gc,start    ] GC(13) Concurrent weak references
[2026-04-03T03:16:39.350+0600][20.888s][info][gc,task     ] GC(13) Using 3 of 6 workers for concurrent weak references
[2026-04-03T03:16:39.350+0600][20.889s][info][gc,ref      ] GC(13) Encountered references: Soft: 3199, Weak: 5047, Final: 82, Phantom: 605
[2026-04-03T03:16:39.350+0600][20.889s][info][gc,ref      ] GC(13) Discovered  references: Soft: 0, Weak: 1574, Final: 0, Phantom: 219
[2026-04-03T03:16:39.350+0600][20.889s][info][gc,ref      ] GC(13) Enqueued    references: Soft: 0, Weak: 0, Final: 0, Phantom: 0
[2026-04-03T03:16:39.350+0600][20.889s][info][gc          ] GC(13) Concurrent weak references 0.360ms
[2026-04-03T03:16:39.350+0600][20.889s][info][gc,start    ] GC(13) Concurrent weak roots
[2026-04-03T03:16:39.350+0600][20.889s][info][gc,task     ] GC(13) Using 3 of 6 workers for concurrent weak root
[2026-04-03T03:16:39.352+0600][20.891s][info][gc          ] GC(13) Concurrent weak roots 2.111ms
[2026-04-03T03:16:39.353+0600][20.891s][info][gc,start    ] GC(13) Concurrent cleanup
[2026-04-03T03:16:39.353+0600][20.891s][info][gc          ] GC(13) Concurrent cleanup 100M->69M(213M) 0.244ms
[2026-04-03T03:16:39.353+0600][20.891s][info][gc,ergo     ] GC(13) Free: 643M, Max: 256K regular, 343M humongous, Frag: 47% external, 0% internal; Reserve: 37438K, Max: 256K
[2026-04-03T03:16:39.353+0600][20.891s][info][gc,start    ] GC(13) Concurrent class unloading
[2026-04-03T03:16:39.353+0600][20.891s][info][gc,task     ] GC(13) Using 3 of 6 workers for concurrent class unloading
[2026-04-03T03:16:39.357+0600][20.895s][info][gc          ] GC(13) Concurrent class unloading 3.910ms
[2026-04-03T03:16:39.357+0600][20.895s][info][gc,start    ] GC(13) Concurrent strong roots
[2026-04-03T03:16:39.357+0600][20.895s][info][gc,task     ] GC(13) Using 3 of 6 workers for concurrent strong root
[2026-04-03T03:16:39.358+0600][20.896s][info][gc          ] GC(13) Concurrent strong roots 0.816ms
[2026-04-03T03:16:39.358+0600][20.896s][info][gc,start    ] GC(13) Concurrent evacuation
[2026-04-03T03:16:39.358+0600][20.896s][info][gc,task     ] GC(13) Using 3 of 6 workers for concurrent evacuation
[2026-04-03T03:16:39.358+0600][20.896s][info][gc          ] GC(13) Concurrent evacuation 0.418ms
[2026-04-03T03:16:39.358+0600][20.897s][info][gc,start    ] GC(13) Pause Init Update Refs
[2026-04-03T03:16:39.358+0600][20.897s][info][gc,ergo     ] GC(13) Pacer for Update Refs. Used: 77476K, Free: 636M, Non-Taxable: 65206K, Alloc Tax Rate: 1.1x
[2026-04-03T03:16:39.358+0600][20.897s][info][gc          ] GC(13) Pause Init Update Refs 0.136ms
[2026-04-03T03:16:39.359+0600][20.897s][info][gc,start    ] GC(13) Concurrent update references
[2026-04-03T03:16:39.359+0600][20.897s][info][gc,task     ] GC(13) Using 3 of 6 workers for concurrent reference update
[2026-04-03T03:16:39.373+0600][20.912s][info][gc          ] GC(13) Concurrent update references 14.727ms
[2026-04-03T03:16:39.373+0600][20.912s][info][gc,start    ] GC(13) Concurrent update thread roots
[2026-04-03T03:16:39.374+0600][20.912s][info][gc          ] GC(13) Concurrent update thread roots 0.528ms
[2026-04-03T03:16:39.374+0600][20.912s][info][gc,start    ] GC(13) Pause Final Update Refs
[2026-04-03T03:16:39.374+0600][20.913s][info][gc,task     ] GC(13) Using 5 of 6 workers for final reference update
[2026-04-03T03:16:39.374+0600][20.913s][info][gc          ] GC(13) Pause Final Update Refs 0.209ms
[2026-04-03T03:16:39.374+0600][20.913s][info][gc,start    ] GC(13) Concurrent cleanup
[2026-04-03T03:16:39.375+0600][20.913s][info][gc          ] GC(13) Concurrent cleanup 94M->86M(213M) 0.221ms
[2026-04-03T03:16:39.375+0600][20.913s][info][gc,ergo     ] Free: 624M, Max: 256K regular, 373M humongous, Frag: 41% external, 0% internal; Reserve: 38400K, Max: 256K
[2026-04-03T03:16:39.375+0600][20.913s][info][gc,stats    ] 
[2026-04-03T03:16:39.375+0600][20.913s][info][gc,stats    ] All times are wall-clock times, except per-root-class counters, that are sum over
[2026-04-03T03:16:39.375+0600][20.913s][info][gc,stats    ] all workers. Dividing the <total> over the root stage time estimates parallelism.
[2026-04-03T03:16:39.375+0600][20.913s][info][gc,stats    ] 
[2026-04-03T03:16:39.375+0600][20.913s][info][gc,stats    ] Concurrent Reset                    613 us
[2026-04-03T03:16:39.375+0600][20.913s][info][gc,stats    ] Pause Init Mark (G)                 413 us
[2026-04-03T03:16:39.375+0600][20.913s][info][gc,stats    ] Pause Init Mark (N)                 164 us
[2026-04-03T03:16:39.375+0600][20.913s][info][gc,stats    ]   Update Region States               50 us
[2026-04-03T03:16:39.375+0600][20.913s][info][gc,stats    ] Concurrent Mark Roots               729 us, parallelism: 1.42x
[2026-04-03T03:16:39.375+0600][20.913s][info][gc,stats    ]   CMR: <total>                     1034 us
[2026-04-03T03:16:39.375+0600][20.913s][info][gc,stats    ]   CMR: Thread Roots                 764 us, workers (us): 111, 346, 306, ---, ---, ---, 
[2026-04-03T03:16:39.375+0600][20.913s][info][gc,stats    ]   CMR: VM Strong Roots               22 us, workers (us):  20,   1,   1, ---, ---, ---, 
[2026-04-03T03:16:39.375+0600][20.913s][info][gc,stats    ]   CMR: CLDG Roots                   248 us, workers (us): 248, ---, ---, ---, ---, ---, 
[2026-04-03T03:16:39.375+0600][20.913s][info][gc,stats    ] Concurrent Marking                15990 us
[2026-04-03T03:16:39.375+0600][20.913s][info][gc,stats    ] Pause Final Mark (G)               1022 us
[2026-04-03T03:16:39.375+0600][20.913s][info][gc,stats    ] Pause Final Mark (N)                838 us
[2026-04-03T03:16:39.375+0600][20.913s][info][gc,stats    ]   Finish Mark                       500 us
[2026-04-03T03:16:39.375+0600][20.913s][info][gc,stats    ]   Update Region States               46 us
[2026-04-03T03:16:39.375+0600][20.913s][info][gc,stats    ]   Choose Collection Set             147 us
[2026-04-03T03:16:39.375+0600][20.913s][info][gc,stats    ]   Rebuild Free Set                   42 us
[2026-04-03T03:16:39.375+0600][20.913s][info][gc,stats    ] Concurrent Thread Roots             631 us, parallelism: 1.54x
[2026-04-03T03:16:39.375+0600][20.913s][info][gc,stats    ]   CTR: <total>                      973 us
[2026-04-03T03:16:39.375+0600][20.913s][info][gc,stats    ]   CTR: Thread Roots                 973 us, workers (us): 325, 323, 324, ---, ---, ---, 
[2026-04-03T03:16:39.375+0600][20.913s][info][gc,stats    ] Concurrent Weak References          372 us, parallelism: 0.79x
[2026-04-03T03:16:39.375+0600][20.913s][info][gc,stats    ]   CWRF: <total>                     295 us
[2026-04-03T03:16:39.375+0600][20.913s][info][gc,stats    ]   CWRF: Weak References             295 us, workers (us): 187,  67,  42, ---, ---, ---, 
[2026-04-03T03:16:39.375+0600][20.913s][info][gc,stats    ] Concurrent Weak Roots              2171 us
[2026-04-03T03:16:39.375+0600][20.913s][info][gc,stats    ]   Roots                            1960 us, parallelism: 2.65x
[2026-04-03T03:16:39.375+0600][20.913s][info][gc,stats    ]     CWR: <total>                   5184 us
[2026-04-03T03:16:39.375+0600][20.913s][info][gc,stats    ]     CWR: Code Cache Roots          3255 us, workers (us): 1006, 1083, 1166, ---, ---, ---, 
[2026-04-03T03:16:39.375+0600][20.913s][info][gc,stats    ]     CWR: VM Weak Roots             1879 us, workers (us): 657, 631, 590, ---, ---, ---, 
[2026-04-03T03:16:39.375+0600][20.913s][info][gc,stats    ]     CWR: CLDG Roots                  51 us, workers (us): ---,  51, ---, ---, ---, ---, 
[2026-04-03T03:16:39.375+0600][20.913s][info][gc,stats    ]   Rendezvous                        123 us
[2026-04-03T03:16:39.375+0600][20.913s][info][gc,stats    ] Concurrent Cleanup                  267 us
[2026-04-03T03:16:39.375+0600][20.913s][info][gc,stats    ] Concurrent Class Unloading         3974 us
[2026-04-03T03:16:39.375+0600][20.913s][info][gc,stats    ]   Unlink Stale                     3700 us
[2026-04-03T03:16:39.375+0600][20.913s][info][gc,stats    ]     System Dictionary                81 us
[2026-04-03T03:16:39.375+0600][20.913s][info][gc,stats    ]     Weak Class Links                  0 us
[2026-04-03T03:16:39.375+0600][20.914s][info][gc,stats    ]     Code Roots                     3615 us
[2026-04-03T03:16:39.375+0600][20.914s][info][gc,stats    ]   Rendezvous                        162 us
[2026-04-03T03:16:39.375+0600][20.914s][info][gc,stats    ]   Purge Unlinked                     16 us
[2026-04-03T03:16:39.375+0600][20.914s][info][gc,stats    ]     Code Roots                        4 us
[2026-04-03T03:16:39.375+0600][20.914s][info][gc,stats    ]     CLDG                             11 us
[2026-04-03T03:16:39.375+0600][20.914s][info][gc,stats    ]     Exception Caches                  0 us
[2026-04-03T03:16:39.375+0600][20.914s][info][gc,stats    ] Concurrent Strong Roots             856 us, parallelism: 0.73x
[2026-04-03T03:16:39.375+0600][20.914s][info][gc,stats    ]   CSR: <total>                      620 us
[2026-04-03T03:16:39.375+0600][20.914s][info][gc,stats    ]   CSR: VM Strong Roots               50 us, workers (us):  33,  12,   5, ---, ---, ---, 
[2026-04-03T03:16:39.375+0600][20.914s][info][gc,stats    ]   CSR: CLDG Roots                   570 us, workers (us): ---, ---, 570, ---, ---, ---, 
[2026-04-03T03:16:39.375+0600][20.914s][info][gc,stats    ] Concurrent Evacuation               455 us
[2026-04-03T03:16:39.375+0600][20.914s][info][gc,stats    ] Pause Init Update Refs (G)          383 us
[2026-04-03T03:16:39.375+0600][20.914s][info][gc,stats    ] Pause Init Update Refs (N)          145 us
[2026-04-03T03:16:39.375+0600][20.914s][info][gc,stats    ]   Manage GCLABs                      18 us
[2026-04-03T03:16:39.375+0600][20.914s][info][gc,stats    ] Concurrent Update Refs            14828 us
[2026-04-03T03:16:39.375+0600][20.914s][info][gc,stats    ] Concurrent Update Thread Roots      553 us
[2026-04-03T03:16:39.375+0600][20.914s][info][gc,stats    ] Pause Final Update Refs (G)         514 us
[2026-04-03T03:16:39.375+0600][20.914s][info][gc,stats    ] Pause Final Update Refs (N)         221 us
[2026-04-03T03:16:39.375+0600][20.914s][info][gc,stats    ]   Update Region States               44 us
[2026-04-03T03:16:39.375+0600][20.914s][info][gc,stats    ]   Trash Collection Set                6 us
[2026-04-03T03:16:39.375+0600][20.914s][info][gc,stats    ]   Rebuild Free Set                   32 us
[2026-04-03T03:16:39.375+0600][20.914s][info][gc,stats    ] Concurrent Cleanup                  241 us
[2026-04-03T03:16:39.375+0600][20.914s][info][gc,stats    ] 
[2026-04-03T03:16:39.375+0600][20.914s][info][gc,stats    ] Allocation pacing accrued:
[2026-04-03T03:16:39.375+0600][20.914s][info][gc,stats    ]       0 of    46 ms (  0.0%): <total>
[2026-04-03T03:16:39.375+0600][20.914s][info][gc,stats    ]       0 of    46 ms (  0.0%): <average total>
[2026-04-03T03:16:39.375+0600][20.914s][info][gc,stats    ] 
[2026-04-03T03:16:39.375+0600][20.914s][info][gc,metaspace] Metaspace: 66564K(67520K)->66565K(67520K) NonClass: 58220K(58752K)->58221K(58752K) Class: 8344K(8768K)->8344K(8768K)
[2026-04-03T03:16:39.375+0600][20.914s][info][gc,ergo     ] Pacer for Idle. Initial: 15360K, Alloc Tax Rate: 1.0x
[2026-04-03T03:16:39.431+0600][20.970s][info][gc          ] Trigger: Average GC time (458.69 ms) is above the time for average allocation rate (1303 MB/s) to deplete free headroom (482M) (margin of error = 1.83)
[2026-04-03T03:16:39.431+0600][20.970s][info][gc,ergo     ] Free headroom: 519M (free) - 38400K (spike) - 0B (penalties) = 482M
[2026-04-03T03:16:39.431+0600][20.970s][info][gc,ergo     ] Free: 519M, Max: 256K regular, 361M humongous, Frag: 31% external, 0% internal; Reserve: 38400K, Max: 256K
[2026-04-03T03:16:39.431+0600][20.970s][info][gc,start    ] GC(14) Concurrent reset
[2026-04-03T03:16:39.431+0600][20.970s][info][gc,task     ] GC(14) Using 3 of 6 workers for concurrent reset
[2026-04-03T03:16:39.431+0600][20.970s][info][gc,ergo     ] GC(14) Pacer for Reset. Non-Taxable: 750M
[2026-04-03T03:16:39.432+0600][20.970s][info][gc          ] GC(14) Concurrent reset 0.511ms
[2026-04-03T03:16:39.432+0600][20.971s][info][gc,start    ] GC(14) Pause Init Mark (unload classes)
[2026-04-03T03:16:39.432+0600][20.971s][info][gc,task     ] GC(14) Using 5 of 6 workers for init marking
[2026-04-03T03:16:39.432+0600][20.971s][info][gc,ergo     ] GC(14) Pacer for Mark. Expected Live: 31435K, Free: 518M, Non-Taxable: 53076K, Alloc Tax Rate: 0.1x
[2026-04-03T03:16:39.432+0600][20.971s][info][gc          ] GC(14) Pause Init Mark (unload classes) 0.101ms
[2026-04-03T03:16:39.432+0600][20.971s][info][gc,start    ] GC(14) Concurrent marking roots
[2026-04-03T03:16:39.432+0600][20.971s][info][gc,task     ] GC(14) Using 3 of 6 workers for concurrent marking roots
[2026-04-03T03:16:39.433+0600][20.971s][info][gc          ] GC(14) Concurrent marking roots 0.575ms
[2026-04-03T03:16:39.433+0600][20.971s][info][gc,start    ] GC(14) Concurrent marking (unload classes)
[2026-04-03T03:16:39.433+0600][20.971s][info][gc,task     ] GC(14) Using 3 of 6 workers for concurrent marking
[2026-04-03T03:16:39.447+0600][20.985s][info][gc          ] GC(14) Concurrent marking (unload classes) 13.622ms
[2026-04-03T03:16:39.447+0600][20.985s][info][gc,start    ] GC(14) Pause Final Mark (unload classes)
[2026-04-03T03:16:39.447+0600][20.985s][info][gc,task     ] GC(14) Using 5 of 6 workers for final marking
[2026-04-03T03:16:39.447+0600][20.986s][info][gc,ergo     ] GC(14) Collectable Garbage: 156M (97%), Immediate: 156M (97%), CSet: 0B (0%)
[2026-04-03T03:16:39.447+0600][20.986s][info][gc          ] GC(14) Pause Final Mark (unload classes) 0.450ms
[2026-04-03T03:16:39.447+0600][20.986s][info][gc,start    ] GC(14) Concurrent weak references
[2026-04-03T03:16:39.448+0600][20.986s][info][gc,task     ] GC(14) Using 3 of 6 workers for concurrent weak references
[2026-04-03T03:16:39.448+0600][20.986s][info][gc,ref      ] GC(14) Encountered references: Soft: 3199, Weak: 5047, Final: 82, Phantom: 605
[2026-04-03T03:16:39.448+0600][20.986s][info][gc,ref      ] GC(14) Discovered  references: Soft: 0, Weak: 2428, Final: 50, Phantom: 218
[2026-04-03T03:16:39.448+0600][20.986s][info][gc,ref      ] GC(14) Enqueued    references: Soft: 0, Weak: 0, Final: 0, Phantom: 0
[2026-04-03T03:16:39.448+0600][20.986s][info][gc          ] GC(14) Concurrent weak references 0.340ms
[2026-04-03T03:16:39.448+0600][20.986s][info][gc,start    ] GC(14) Concurrent weak roots
[2026-04-03T03:16:39.448+0600][20.986s][info][gc,task     ] GC(14) Using 3 of 6 workers for concurrent weak root
[2026-04-03T03:16:39.450+0600][20.988s][info][gc          ] GC(14) Concurrent weak roots 1.755ms
[2026-04-03T03:16:39.450+0600][20.988s][info][gc,start    ] GC(14) Concurrent cleanup
[2026-04-03T03:16:39.450+0600][20.988s][info][gc          ] GC(14) Concurrent cleanup 215M->58M(218M) 0.300ms
[2026-04-03T03:16:39.450+0600][20.988s][info][gc,ergo     ] GC(14) Free: 652M, Max: 256K regular, 338M humongous, Frag: 49% external, 0% internal; Reserve: 38400K, Max: 256K
[2026-04-03T03:16:39.450+0600][20.988s][info][gc,start    ] GC(14) Concurrent class unloading
[2026-04-03T03:16:39.450+0600][20.988s][info][gc,task     ] GC(14) Using 3 of 6 workers for concurrent class unloading
[2026-04-03T03:16:39.454+0600][20.992s][info][gc          ] GC(14) Concurrent class unloading 3.649ms
[2026-04-03T03:16:39.454+0600][20.992s][info][gc,start    ] GC(14) Pause Final Roots
[2026-04-03T03:16:39.454+0600][20.992s][info][gc          ] GC(14) Pause Final Roots 0.056ms
[2026-04-03T03:16:39.454+0600][20.992s][info][gc,ergo     ] Free: 646M, Max: 256K regular, 338M humongous, Frag: 48% external, 0% internal; Reserve: 38400K, Max: 256K
[2026-04-03T03:16:39.454+0600][20.993s][info][gc,stats    ] 
[2026-04-03T03:16:39.454+0600][20.993s][info][gc,stats    ] All times are wall-clock times, except per-root-class counters, that are sum over
[2026-04-03T03:16:39.454+0600][20.993s][info][gc,stats    ] all workers. Dividing the <total> over the root stage time estimates parallelism.
[2026-04-03T03:16:39.454+0600][20.993s][info][gc,stats    ] 
[2026-04-03T03:16:39.454+0600][20.993s][info][gc,stats    ] Concurrent Reset                    545 us
[2026-04-03T03:16:39.454+0600][20.993s][info][gc,stats    ] Pause Init Mark (G)                 378 us
[2026-04-03T03:16:39.454+0600][20.993s][info][gc,stats    ] Pause Init Mark (N)                 108 us
[2026-04-03T03:16:39.454+0600][20.993s][info][gc,stats    ]   Update Region States               27 us
[2026-04-03T03:16:39.454+0600][20.993s][info][gc,stats    ] Concurrent Mark Roots               605 us, parallelism: 1.42x
[2026-04-03T03:16:39.454+0600][20.993s][info][gc,stats    ]   CMR: <total>                      857 us
[2026-04-03T03:16:39.454+0600][20.993s][info][gc,stats    ]   CMR: Thread Roots                 598 us, workers (us):  98, 258, 241, ---, ---, ---, 
[2026-04-03T03:16:39.454+0600][20.993s][info][gc,stats    ]   CMR: VM Strong Roots               80 us, workers (us):  10,  29,  41, ---, ---, ---, 
[2026-04-03T03:16:39.454+0600][20.993s][info][gc,stats    ]   CMR: CLDG Roots                   179 us, workers (us): 179, ---, ---, ---, ---, ---, 
[2026-04-03T03:16:39.454+0600][20.993s][info][gc,stats    ] Concurrent Marking                13732 us
[2026-04-03T03:16:39.454+0600][20.993s][info][gc,stats    ] Pause Final Mark (G)                742 us
[2026-04-03T03:16:39.454+0600][20.993s][info][gc,stats    ] Pause Final Mark (N)                466 us
[2026-04-03T03:16:39.454+0600][20.993s][info][gc,stats    ]   Finish Mark                       198 us
[2026-04-03T03:16:39.454+0600][20.993s][info][gc,stats    ]   Update Region States               41 us
[2026-04-03T03:16:39.454+0600][20.993s][info][gc,stats    ]   Choose Collection Set              87 us
[2026-04-03T03:16:39.454+0600][20.993s][info][gc,stats    ]   Rebuild Free Set                   34 us
[2026-04-03T03:16:39.454+0600][20.993s][info][gc,stats    ] Concurrent Weak References          352 us, parallelism: 0.74x
[2026-04-03T03:16:39.454+0600][20.993s][info][gc,stats    ]   CWRF: <total>                     259 us
[2026-04-03T03:16:39.454+0600][20.993s][info][gc,stats    ]   CWRF: Weak References             259 us, workers (us): 201,  58,   1, ---, ---, ---, 
[2026-04-03T03:16:39.454+0600][20.993s][info][gc,stats    ] Concurrent Weak Roots              1800 us
[2026-04-03T03:16:39.454+0600][20.993s][info][gc,stats    ]   Roots                            1599 us, parallelism: 2.46x
[2026-04-03T03:16:39.454+0600][20.993s][info][gc,stats    ]     CWR: <total>                   3941 us
[2026-04-03T03:16:39.454+0600][20.993s][info][gc,stats    ]     CWR: Code Cache Roots          2585 us, workers (us): 856, 840, 888, ---, ---, ---, 
[2026-04-03T03:16:39.454+0600][20.993s][info][gc,stats    ]     CWR: VM Weak Roots             1276 us, workers (us): 441, 416, 418, ---, ---, ---, 
[2026-04-03T03:16:39.454+0600][20.993s][info][gc,stats    ]     CWR: CLDG Roots                  80 us, workers (us): ---,  80, ---, ---, ---, ---, 
[2026-04-03T03:16:39.454+0600][20.993s][info][gc,stats    ]   Rendezvous                        130 us
[2026-04-03T03:16:39.454+0600][20.993s][info][gc,stats    ] Concurrent Cleanup                  320 us
[2026-04-03T03:16:39.454+0600][20.993s][info][gc,stats    ] Concurrent Class Unloading         3738 us
[2026-04-03T03:16:39.454+0600][20.993s][info][gc,stats    ]   Unlink Stale                     3264 us
[2026-04-03T03:16:39.454+0600][20.993s][info][gc,stats    ]     System Dictionary                52 us
[2026-04-03T03:16:39.454+0600][20.993s][info][gc,stats    ]     Weak Class Links                  0 us
[2026-04-03T03:16:39.454+0600][20.993s][info][gc,stats    ]     Code Roots                     3207 us
[2026-04-03T03:16:39.455+0600][20.993s][info][gc,stats    ]   Rendezvous                        241 us
[2026-04-03T03:16:39.455+0600][20.993s][info][gc,stats    ]   Purge Unlinked                    116 us
[2026-04-03T03:16:39.455+0600][20.993s][info][gc,stats    ]     Code Roots                      108 us
[2026-04-03T03:16:39.455+0600][20.993s][info][gc,stats    ]     CLDG                              8 us
[2026-04-03T03:16:39.455+0600][20.993s][info][gc,stats    ]     Exception Caches                  0 us
[2026-04-03T03:16:39.455+0600][20.993s][info][gc,stats    ] Pause Final Roots (G)               263 us
[2026-04-03T03:16:39.455+0600][20.993s][info][gc,stats    ] Pause Final Roots (N)                70 us
[2026-04-03T03:16:39.455+0600][20.993s][info][gc,stats    ] 
[2026-04-03T03:16:39.455+0600][20.993s][info][gc,stats    ] Allocation pacing accrued:
[2026-04-03T03:16:39.455+0600][20.993s][info][gc,stats    ]       0 of    79 ms (  0.0%): <total>
[2026-04-03T03:16:39.455+0600][20.993s][info][gc,stats    ]       0 of    79 ms (  0.0%): <average total>
[2026-04-03T03:16:39.455+0600][20.993s][info][gc,stats    ] 
[2026-04-03T03:16:39.455+0600][20.993s][info][gc,metaspace] Metaspace: 66566K(67520K)->66566K(67520K) NonClass: 58221K(58752K)->58222K(58752K) Class: 8344K(8768K)->8344K(8768K)
[2026-04-03T03:16:39.455+0600][20.993s][info][gc,ergo     ] Pacer for Idle. Initial: 15360K, Alloc Tax Rate: 1.0x
[2026-04-03T03:16:39.533+0600][21.071s][info][gc          ] Trigger: Average GC time (323.99 ms) is above the time for average allocation rate (1546 MB/s) to deplete free headroom (461M) (margin of error = 1.83)
[2026-04-03T03:16:39.533+0600][21.071s][info][gc,ergo     ] Free headroom: 499M (free) - 38400K (spike) - 0B (penalties) = 461M
[2026-04-03T03:16:39.533+0600][21.071s][info][gc,ergo     ] Free: 498M, Max: 256K regular, 338M humongous, Frag: 33% external, 0% internal; Reserve: 38400K, Max: 256K
[2026-04-03T03:16:39.533+0600][21.071s][info][gc,start    ] GC(15) Concurrent reset
[2026-04-03T03:16:39.533+0600][21.071s][info][gc,task     ] GC(15) Using 3 of 6 workers for concurrent reset
[2026-04-03T03:16:39.533+0600][21.071s][info][gc,ergo     ] GC(15) Pacer for Reset. Non-Taxable: 750M
[2026-04-03T03:16:39.533+0600][21.071s][info][gc          ] GC(15) Concurrent reset 0.388ms
[2026-04-03T03:16:39.533+0600][21.072s][info][gc,start    ] GC(15) Pause Init Mark (unload classes)
[2026-04-03T03:16:39.533+0600][21.072s][info][gc,task     ] GC(15) Using 5 of 6 workers for init marking
[2026-04-03T03:16:39.534+0600][21.072s][info][gc,ergo     ] GC(15) Pacer for Mark. Expected Live: 32564K, Free: 497M, Non-Taxable: 50978K, Alloc Tax Rate: 0.1x
[2026-04-03T03:16:39.534+0600][21.072s][info][gc          ] GC(15) Pause Init Mark (unload classes) 0.106ms
[2026-04-03T03:16:39.534+0600][21.072s][info][gc,start    ] GC(15) Concurrent marking roots
[2026-04-03T03:16:39.534+0600][21.072s][info][gc,task     ] GC(15) Using 3 of 6 workers for concurrent marking roots
[2026-04-03T03:16:39.534+0600][21.073s][info][gc          ] GC(15) Concurrent marking roots 0.576ms
[2026-04-03T03:16:39.534+0600][21.073s][info][gc,start    ] GC(15) Concurrent marking (unload classes)
[2026-04-03T03:16:39.534+0600][21.073s][info][gc,task     ] GC(15) Using 3 of 6 workers for concurrent marking
[2026-04-03T03:16:39.549+0600][21.087s][info][gc          ] GC(15) Concurrent marking (unload classes) 14.805ms
[2026-04-03T03:16:39.549+0600][21.088s][info][gc,start    ] GC(15) Pause Final Mark (unload classes)
[2026-04-03T03:16:39.549+0600][21.088s][info][gc,task     ] GC(15) Using 5 of 6 workers for final marking
[2026-04-03T03:16:39.550+0600][21.088s][info][gc,ergo     ] GC(15) Collectable Garbage: 177M (97%), Immediate: 177M (97%), CSet: 0B (0%)
[2026-04-03T03:16:39.550+0600][21.088s][info][gc          ] GC(15) Pause Final Mark (unload classes) 0.349ms
[2026-04-03T03:16:39.550+0600][21.088s][info][gc,start    ] GC(15) Concurrent weak references
[2026-04-03T03:16:39.550+0600][21.088s][info][gc,task     ] GC(15) Using 3 of 6 workers for concurrent weak references
[2026-04-03T03:16:39.550+0600][21.088s][info][gc,ref      ] GC(15) Encountered references: Soft: 3199, Weak: 5047, Final: 82, Phantom: 605
[2026-04-03T03:16:39.550+0600][21.088s][info][gc,ref      ] GC(15) Discovered  references: Soft: 0, Weak: 1615, Final: 0, Phantom: 219
[2026-04-03T03:16:39.550+0600][21.088s][info][gc,ref      ] GC(15) Enqueued    references: Soft: 0, Weak: 0, Final: 0, Phantom: 0
[2026-04-03T03:16:39.550+0600][21.089s][info][gc          ] GC(15) Concurrent weak references 0.406ms
[2026-04-03T03:16:39.550+0600][21.089s][info][gc,start    ] GC(15) Concurrent weak roots
[2026-04-03T03:16:39.550+0600][21.089s][info][gc,task     ] GC(15) Using 3 of 6 workers for concurrent weak root
[2026-04-03T03:16:39.552+0600][21.090s][info][gc          ] GC(15) Concurrent weak roots 1.784ms
[2026-04-03T03:16:39.552+0600][21.090s][info][gc,start    ] GC(15) Concurrent cleanup
[2026-04-03T03:16:39.552+0600][21.091s][info][gc          ] GC(15) Concurrent cleanup 232M->55M(235M) 0.280ms
[2026-04-03T03:16:39.552+0600][21.091s][info][gc,ergo     ] GC(15) Free: 655M, Max: 256K regular, 320M humongous, Frag: 52% external, 0% internal; Reserve: 38400K, Max: 256K
[2026-04-03T03:16:39.552+0600][21.091s][info][gc,start    ] GC(15) Concurrent class unloading
[2026-04-03T03:16:39.552+0600][21.091s][info][gc,task     ] GC(15) Using 3 of 6 workers for concurrent class unloading
[2026-04-03T03:16:39.556+0600][21.095s][info][gc          ] GC(15) Concurrent class unloading 4.120ms
[2026-04-03T03:16:39.557+0600][21.095s][info][gc,start    ] GC(15) Pause Final Roots
[2026-04-03T03:16:39.557+0600][21.095s][info][gc          ] GC(15) Pause Final Roots 0.058ms
[2026-04-03T03:16:39.557+0600][21.095s][info][gc,ergo     ] Free: 648M, Max: 256K regular, 320M humongous, Frag: 51% external, 0% internal; Reserve: 38400K, Max: 256K
[2026-04-03T03:16:39.557+0600][21.095s][info][gc,stats    ] 
[2026-04-03T03:16:39.557+0600][21.095s][info][gc,stats    ] All times are wall-clock times, except per-root-class counters, that are sum over
[2026-04-03T03:16:39.557+0600][21.095s][info][gc,stats    ] all workers. Dividing the <total> over the root stage time estimates parallelism.
[2026-04-03T03:16:39.557+0600][21.095s][info][gc,stats    ] 
[2026-04-03T03:16:39.557+0600][21.095s][info][gc,stats    ] Concurrent Reset                    420 us
[2026-04-03T03:16:39.557+0600][21.095s][info][gc,stats    ] Pause Init Mark (G)                 469 us
[2026-04-03T03:16:39.557+0600][21.095s][info][gc,stats    ] Pause Init Mark (N)                 114 us
[2026-04-03T03:16:39.557+0600][21.095s][info][gc,stats    ]   Update Region States               29 us
[2026-04-03T03:16:39.557+0600][21.095s][info][gc,stats    ] Concurrent Mark Roots               611 us, parallelism: 1.24x
[2026-04-03T03:16:39.557+0600][21.095s][info][gc,stats    ]   CMR: <total>                      760 us
[2026-04-03T03:16:39.557+0600][21.095s][info][gc,stats    ]   CMR: Thread Roots                 594 us, workers (us): 121, 250, 223, ---, ---, ---, 
[2026-04-03T03:16:39.557+0600][21.095s][info][gc,stats    ]   CMR: VM Strong Roots               16 us, workers (us):  15,   0,   1, ---, ---, ---, 
[2026-04-03T03:16:39.557+0600][21.095s][info][gc,stats    ]   CMR: CLDG Roots                   150 us, workers (us): 150, ---, ---, ---, ---, ---, 
[2026-04-03T03:16:39.557+0600][21.095s][info][gc,stats    ] Concurrent Marking                14879 us
[2026-04-03T03:16:39.557+0600][21.095s][info][gc,stats    ] Pause Final Mark (G)                608 us
[2026-04-03T03:16:39.557+0600][21.095s][info][gc,stats    ] Pause Final Mark (N)                360 us
[2026-04-03T03:16:39.557+0600][21.095s][info][gc,stats    ]   Finish Mark                       134 us
[2026-04-03T03:16:39.557+0600][21.096s][info][gc,stats    ]   Update Region States               41 us
[2026-04-03T03:16:39.557+0600][21.096s][info][gc,stats    ]   Choose Collection Set              52 us
[2026-04-03T03:16:39.557+0600][21.096s][info][gc,stats    ]   Rebuild Free Set                   29 us
[2026-04-03T03:16:39.557+0600][21.096s][info][gc,stats    ] Concurrent Weak References          418 us, parallelism: 0.59x
[2026-04-03T03:16:39.557+0600][21.096s][info][gc,stats    ]   CWRF: <total>                     246 us
[2026-04-03T03:16:39.557+0600][21.096s][info][gc,stats    ]   CWRF: Weak References             246 us, workers (us): 142, 103,   1, ---, ---, ---, 
[2026-04-03T03:16:39.557+0600][21.096s][info][gc,stats    ] Concurrent Weak Roots              1839 us
[2026-04-03T03:16:39.557+0600][21.096s][info][gc,stats    ]   Roots                            1544 us, parallelism: 2.28x
[2026-04-03T03:16:39.557+0600][21.096s][info][gc,stats    ]     CWR: <total>                   3524 us
[2026-04-03T03:16:39.557+0600][21.096s][info][gc,stats    ]     CWR: Code Cache Roots          2432 us, workers (us): 840, 870, 723, ---, ---, ---, 
[2026-04-03T03:16:39.557+0600][21.096s][info][gc,stats    ]     CWR: VM Weak Roots             1016 us, workers (us): 360, 352, 304, ---, ---, ---, 
[2026-04-03T03:16:39.557+0600][21.096s][info][gc,stats    ]     CWR: CLDG Roots                  75 us, workers (us): ---, ---,  75, ---, ---, ---, 
[2026-04-03T03:16:39.557+0600][21.096s][info][gc,stats    ]   Rendezvous                        211 us
[2026-04-03T03:16:39.557+0600][21.096s][info][gc,stats    ] Concurrent Cleanup                  297 us
[2026-04-03T03:16:39.557+0600][21.096s][info][gc,stats    ] Concurrent Class Unloading         4188 us
[2026-04-03T03:16:39.557+0600][21.096s][info][gc,stats    ]   Unlink Stale                     3542 us
[2026-04-03T03:16:39.557+0600][21.096s][info][gc,stats    ]     System Dictionary                60 us
[2026-04-03T03:16:39.557+0600][21.096s][info][gc,stats    ]     Weak Class Links                  0 us
[2026-04-03T03:16:39.557+0600][21.096s][info][gc,stats    ]     Code Roots                     3478 us
[2026-04-03T03:16:39.557+0600][21.096s][info][gc,stats    ]   Rendezvous                        263 us
[2026-04-03T03:16:39.557+0600][21.096s][info][gc,stats    ]   Purge Unlinked                    287 us
[2026-04-03T03:16:39.557+0600][21.096s][info][gc,stats    ]     Code Roots                      277 us
[2026-04-03T03:16:39.557+0600][21.096s][info][gc,stats    ]     CLDG                              9 us
[2026-04-03T03:16:39.557+0600][21.096s][info][gc,stats    ]     Exception Caches                  0 us
[2026-04-03T03:16:39.557+0600][21.096s][info][gc,stats    ] Pause Final Roots (G)               300 us
[2026-04-03T03:16:39.557+0600][21.096s][info][gc,stats    ] Pause Final Roots (N)                71 us
[2026-04-03T03:16:39.557+0600][21.096s][info][gc,stats    ] 
[2026-04-03T03:16:39.557+0600][21.096s][info][gc,stats    ] Allocation pacing accrued:
[2026-04-03T03:16:39.557+0600][21.096s][info][gc,stats    ]       0 of   103 ms (  0.0%): <total>
[2026-04-03T03:16:39.557+0600][21.096s][info][gc,stats    ]       0 of   103 ms (  0.0%): <average total>
[2026-04-03T03:16:39.557+0600][21.096s][info][gc,stats    ] 
[2026-04-03T03:16:39.557+0600][21.096s][info][gc,metaspace] Metaspace: 66576K(67520K)->66576K(67520K) NonClass: 58232K(58752K)->58232K(58752K) Class: 8344K(8768K)->8344K(8768K)
[2026-04-03T03:16:39.557+0600][21.096s][info][gc,ergo     ] Pacer for Idle. Initial: 15360K, Alloc Tax Rate: 1.0x
[2026-04-03T03:16:39.688+0600][21.227s][info][gc          ] Trigger: Average GC time (232.98 ms) is above the time for average allocation rate (1660 MB/s) to deplete free headroom (385M) (margin of error = 1.83)
[2026-04-03T03:16:39.688+0600][21.227s][info][gc,ergo     ] Free headroom: 423M (free) - 38400K (spike) - 0B (penalties) = 385M
[2026-04-03T03:16:39.688+0600][21.227s][info][gc,ergo     ] Free: 423M, Max: 256K regular, 265M humongous, Frag: 38% external, 0% internal; Reserve: 38400K, Max: 256K
[2026-04-03T03:16:39.688+0600][21.227s][info][gc,start    ] GC(16) Concurrent reset
[2026-04-03T03:16:39.688+0600][21.227s][info][gc,task     ] GC(16) Using 3 of 6 workers for concurrent reset
[2026-04-03T03:16:39.688+0600][21.227s][info][gc,ergo     ] GC(16) Pacer for Reset. Non-Taxable: 750M
[2026-04-03T03:16:39.689+0600][21.227s][info][gc          ] GC(16) Concurrent reset 0.523ms
[2026-04-03T03:16:39.689+0600][21.228s][info][gc,start    ] GC(16) Pause Init Mark (unload classes)
[2026-04-03T03:16:39.689+0600][21.228s][info][gc,task     ] GC(16) Using 6 of 6 workers for init marking
[2026-04-03T03:16:39.689+0600][21.228s][info][gc,ergo     ] GC(16) Pacer for Mark. Expected Live: 32562K, Free: 422M, Non-Taxable: 43245K, Alloc Tax Rate: 0.1x
[2026-04-03T03:16:39.689+0600][21.228s][info][gc          ] GC(16) Pause Init Mark (unload classes) 0.102ms
[2026-04-03T03:16:39.689+0600][21.228s][info][gc,start    ] GC(16) Concurrent marking roots
[2026-04-03T03:16:39.689+0600][21.228s][info][gc,task     ] GC(16) Using 3 of 6 workers for concurrent marking roots
[2026-04-03T03:16:39.690+0600][21.228s][info][gc          ] GC(16) Concurrent marking roots 0.542ms
[2026-04-03T03:16:39.690+0600][21.228s][info][gc,start    ] GC(16) Concurrent marking (unload classes)
[2026-04-03T03:16:39.690+0600][21.228s][info][gc,task     ] GC(16) Using 3 of 6 workers for concurrent marking
[2026-04-03T03:16:39.704+0600][21.243s][info][gc          ] GC(16) Concurrent marking (unload classes) 14.375ms
[2026-04-03T03:16:39.705+0600][21.243s][info][gc,start    ] GC(16) Pause Final Mark (unload classes)
[2026-04-03T03:16:39.705+0600][21.243s][info][gc,task     ] GC(16) Using 6 of 6 workers for final marking
[2026-04-03T03:16:39.705+0600][21.243s][info][gc,ergo     ] GC(16) Collectable Garbage: 252M (98%), Immediate: 252M (98%), CSet: 0B (0%)
[2026-04-03T03:16:39.705+0600][21.243s][info][gc          ] GC(16) Pause Final Mark (unload classes) 0.481ms
[2026-04-03T03:16:39.705+0600][21.244s][info][gc,start    ] GC(16) Concurrent weak references
[2026-04-03T03:16:39.705+0600][21.244s][info][gc,task     ] GC(16) Using 3 of 6 workers for concurrent weak references
[2026-04-03T03:16:39.706+0600][21.244s][info][gc,ref      ] GC(16) Encountered references: Soft: 3199, Weak: 5047, Final: 82, Phantom: 605
[2026-04-03T03:16:39.706+0600][21.244s][info][gc,ref      ] GC(16) Discovered  references: Soft: 0, Weak: 2619, Final: 48, Phantom: 602
[2026-04-03T03:16:39.706+0600][21.244s][info][gc,ref      ] GC(16) Enqueued    references: Soft: 0, Weak: 0, Final: 0, Phantom: 0
[2026-04-03T03:16:39.706+0600][21.244s][info][gc          ] GC(16) Concurrent weak references 0.558ms
[2026-04-03T03:16:39.706+0600][21.244s][info][gc,start    ] GC(16) Concurrent weak roots
[2026-04-03T03:16:39.706+0600][21.244s][info][gc,task     ] GC(16) Using 3 of 6 workers for concurrent weak root
[2026-04-03T03:16:39.708+0600][21.246s][info][gc          ] GC(16) Concurrent weak roots 1.857ms
[2026-04-03T03:16:39.708+0600][21.246s][info][gc,start    ] GC(16) Concurrent cleanup
[2026-04-03T03:16:39.708+0600][21.246s][info][gc          ] GC(16) Concurrent cleanup 307M->55M(310M) 0.416ms
[2026-04-03T03:16:39.708+0600][21.247s][info][gc,ergo     ] GC(16) Free: 655M, Max: 256K regular, 245M humongous, Frag: 63% external, 0% internal; Reserve: 38400K, Max: 256K
[2026-04-03T03:16:39.708+0600][21.247s][info][gc,start    ] GC(16) Concurrent class unloading
[2026-04-03T03:16:39.708+0600][21.247s][info][gc,task     ] GC(16) Using 3 of 6 workers for concurrent class unloading
[2026-04-03T03:16:39.712+0600][21.251s][info][gc          ] GC(16) Concurrent class unloading 4.140ms
[2026-04-03T03:16:39.713+0600][21.251s][info][gc,start    ] GC(16) Pause Final Roots
[2026-04-03T03:16:39.713+0600][21.251s][info][gc          ] GC(16) Pause Final Roots 0.050ms
[2026-04-03T03:16:39.713+0600][21.251s][info][gc,ergo     ] Free: 649M, Max: 256K regular, 245M humongous, Frag: 63% external, 0% internal; Reserve: 38400K, Max: 256K
[2026-04-03T03:16:39.713+0600][21.251s][info][gc,stats    ] 
[2026-04-03T03:16:39.713+0600][21.251s][info][gc,stats    ] All times are wall-clock times, except per-root-class counters, that are sum over
[2026-04-03T03:16:39.713+0600][21.251s][info][gc,stats    ] all workers. Dividing the <total> over the root stage time estimates parallelism.
[2026-04-03T03:16:39.713+0600][21.251s][info][gc,stats    ] 
[2026-04-03T03:16:39.713+0600][21.251s][info][gc,stats    ] Concurrent Reset                    558 us
[2026-04-03T03:16:39.713+0600][21.251s][info][gc,stats    ] Pause Init Mark (G)                 360 us
[2026-04-03T03:16:39.713+0600][21.251s][info][gc,stats    ] Pause Init Mark (N)                 110 us
[2026-04-03T03:16:39.713+0600][21.251s][info][gc,stats    ]   Update Region States               27 us
[2026-04-03T03:16:39.713+0600][21.251s][info][gc,stats    ] Concurrent Mark Roots               573 us, parallelism: 1.33x
[2026-04-03T03:16:39.713+0600][21.251s][info][gc,stats    ]   CMR: <total>                      761 us
[2026-04-03T03:16:39.713+0600][21.251s][info][gc,stats    ]   CMR: Thread Roots                 582 us, workers (us):  97, 246, 239, ---, ---, ---, 
[2026-04-03T03:16:39.713+0600][21.251s][info][gc,stats    ]   CMR: VM Strong Roots               17 us, workers (us):  16,   0,   1, ---, ---, ---, 
[2026-04-03T03:16:39.713+0600][21.251s][info][gc,stats    ]   CMR: CLDG Roots                   161 us, workers (us): 161, ---, ---, ---, ---, ---, 
[2026-04-03T03:16:39.713+0600][21.251s][info][gc,stats    ] Concurrent Marking                14448 us
[2026-04-03T03:16:39.713+0600][21.251s][info][gc,stats    ] Pause Final Mark (G)                787 us
[2026-04-03T03:16:39.713+0600][21.251s][info][gc,stats    ] Pause Final Mark (N)                495 us
[2026-04-03T03:16:39.713+0600][21.251s][info][gc,stats    ]   Finish Mark                       222 us
[2026-04-03T03:16:39.713+0600][21.251s][info][gc,stats    ]   Update Region States               42 us
[2026-04-03T03:16:39.713+0600][21.251s][info][gc,stats    ]   Choose Collection Set              90 us
[2026-04-03T03:16:39.713+0600][21.251s][info][gc,stats    ]   Rebuild Free Set                   34 us
[2026-04-03T03:16:39.713+0600][21.251s][info][gc,stats    ] Concurrent Weak References          572 us, parallelism: 0.68x
[2026-04-03T03:16:39.713+0600][21.251s][info][gc,stats    ]   CWRF: <total>                     388 us
[2026-04-03T03:16:39.713+0600][21.251s][info][gc,stats    ]   CWRF: Weak References             388 us, workers (us): 341,  30,  17, ---, ---, ---, 
[2026-04-03T03:16:39.713+0600][21.251s][info][gc,stats    ] Concurrent Weak Roots              1912 us
[2026-04-03T03:16:39.713+0600][21.251s][info][gc,stats    ]   Roots                            1610 us, parallelism: 2.29x
[2026-04-03T03:16:39.713+0600][21.251s][info][gc,stats    ]     CWR: <total>                   3690 us
[2026-04-03T03:16:39.713+0600][21.251s][info][gc,stats    ]     CWR: Code Cache Roots          2646 us, workers (us): 785, 989, 872, ---, ---, ---, 
[2026-04-03T03:16:39.713+0600][21.251s][info][gc,stats    ]     CWR: VM Weak Roots             1012 us, workers (us): 349, 340, 324, ---, ---, ---, 
[2026-04-03T03:16:39.713+0600][21.251s][info][gc,stats    ]     CWR: CLDG Roots                  32 us, workers (us):  32, ---, ---, ---, ---, ---, 
[2026-04-03T03:16:39.713+0600][21.251s][info][gc,stats    ]   Rendezvous                        215 us
[2026-04-03T03:16:39.713+0600][21.251s][info][gc,stats    ] Concurrent Cleanup                  437 us
[2026-04-03T03:16:39.713+0600][21.251s][info][gc,stats    ] Concurrent Class Unloading         4195 us
[2026-04-03T03:16:39.713+0600][21.252s][info][gc,stats    ]   Unlink Stale                     3826 us
[2026-04-03T03:16:39.713+0600][21.252s][info][gc,stats    ]     System Dictionary                65 us
[2026-04-03T03:16:39.713+0600][21.252s][info][gc,stats    ]     Weak Class Links                  0 us
[2026-04-03T03:16:39.713+0600][21.252s][info][gc,stats    ]     Code Roots                     3757 us
[2026-04-03T03:16:39.713+0600][21.252s][info][gc,stats    ]   Rendezvous                        212 us
[2026-04-03T03:16:39.713+0600][21.252s][info][gc,stats    ]   Purge Unlinked                     53 us
[2026-04-03T03:16:39.713+0600][21.252s][info][gc,stats    ]     Code Roots                       42 us
[2026-04-03T03:16:39.713+0600][21.252s][info][gc,stats    ]     CLDG                             11 us
[2026-04-03T03:16:39.713+0600][21.252s][info][gc,stats    ]     Exception Caches                  0 us
[2026-04-03T03:16:39.713+0600][21.252s][info][gc,stats    ] Pause Final Roots (G)               299 us
[2026-04-03T03:16:39.713+0600][21.252s][info][gc,stats    ] Pause Final Roots (N)                69 us
[2026-04-03T03:16:39.713+0600][21.252s][info][gc,stats    ] 
[2026-04-03T03:16:39.713+0600][21.252s][info][gc,stats    ] Allocation pacing accrued:
[2026-04-03T03:16:39.713+0600][21.252s][info][gc,stats    ]       0 of   156 ms (  0.0%): <total>
[2026-04-03T03:16:39.713+0600][21.252s][info][gc,stats    ]       0 of   156 ms (  0.0%): <average total>
[2026-04-03T03:16:39.713+0600][21.252s][info][gc,stats    ] 
[2026-04-03T03:16:39.713+0600][21.252s][info][gc,metaspace] Metaspace: 66581K(67520K)->66581K(67520K) NonClass: 58237K(58752K)->58237K(58752K) Class: 8344K(8768K)->8344K(8768K)
[2026-04-03T03:16:39.713+0600][21.252s][info][gc,ergo     ] Pacer for Idle. Initial: 15360K, Alloc Tax Rate: 1.0x
[2026-04-03T03:16:39.911+0600][21.450s][info][gc          ] Trigger: Average GC time (170.16 ms) is above the time for average allocation rate (1657 MB/s) to deplete free headroom (281M) (margin of error = 1.83)
[2026-04-03T03:16:39.911+0600][21.450s][info][gc,ergo     ] Free headroom: 319M (free) - 38400K (spike) - 0B (penalties) = 281M
[2026-04-03T03:16:39.911+0600][21.450s][info][gc,ergo     ] Free: 318M, Max: 256K regular, 160M humongous, Frag: 50% external, 0% internal; Reserve: 38400K, Max: 256K
[2026-04-03T03:16:39.911+0600][21.450s][info][gc,start    ] GC(17) Concurrent reset
[2026-04-03T03:16:39.911+0600][21.450s][info][gc,task     ] GC(17) Using 3 of 6 workers for concurrent reset
[2026-04-03T03:16:39.911+0600][21.450s][info][gc,ergo     ] GC(17) Pacer for Reset. Non-Taxable: 750M
[2026-04-03T03:16:39.912+0600][21.450s][info][gc          ] GC(17) Concurrent reset 0.516ms
[2026-04-03T03:16:39.912+0600][21.450s][info][gc,start    ] GC(17) Pause Init Mark (unload classes)
[2026-04-03T03:16:39.912+0600][21.450s][info][gc,task     ] GC(17) Using 6 of 6 workers for init marking
[2026-04-03T03:16:39.912+0600][21.450s][info][gc,ergo     ] GC(17) Pacer for Mark. Expected Live: 32562K, Free: 317M, Non-Taxable: 32519K, Alloc Tax Rate: 0.1x
[2026-04-03T03:16:39.912+0600][21.451s][info][gc          ] GC(17) Pause Init Mark (unload classes) 0.105ms
[2026-04-03T03:16:39.912+0600][21.451s][info][gc,start    ] GC(17) Concurrent marking roots
[2026-04-03T03:16:39.912+0600][21.451s][info][gc,task     ] GC(17) Using 3 of 6 workers for concurrent marking roots
[2026-04-03T03:16:39.913+0600][21.451s][info][gc          ] GC(17) Concurrent marking roots 0.608ms
[2026-04-03T03:16:39.913+0600][21.451s][info][gc,start    ] GC(17) Concurrent marking (unload classes)
[2026-04-03T03:16:39.913+0600][21.451s][info][gc,task     ] GC(17) Using 3 of 6 workers for concurrent marking
[2026-04-03T03:16:39.929+0600][21.467s][info][gc          ] GC(17) Concurrent marking (unload classes) 16.119ms
[2026-04-03T03:16:39.929+0600][21.468s][info][gc,start    ] GC(17) Pause Final Mark (unload classes)
[2026-04-03T03:16:39.929+0600][21.468s][info][gc,task     ] GC(17) Using 6 of 6 workers for final marking
[2026-04-03T03:16:39.929+0600][21.468s][info][gc,ergo     ] GC(17) Collectable Garbage: 356M (98%), Immediate: 356M (98%), CSet: 0B (0%)
[2026-04-03T03:16:39.929+0600][21.468s][info][gc          ] GC(17) Pause Final Mark (unload classes) 0.348ms
[2026-04-03T03:16:39.930+0600][21.468s][info][gc,start    ] GC(17) Concurrent weak references
[2026-04-03T03:16:39.930+0600][21.468s][info][gc,task     ] GC(17) Using 3 of 6 workers for concurrent weak references
[2026-04-03T03:16:39.930+0600][21.468s][info][gc,ref      ] GC(17) Encountered references: Soft: 3199, Weak: 5047, Final: 82, Phantom: 605
[2026-04-03T03:16:39.930+0600][21.468s][info][gc,ref      ] GC(17) Discovered  references: Soft: 0, Weak: 507, Final: 0, Phantom: 219
[2026-04-03T03:16:39.930+0600][21.468s][info][gc,ref      ] GC(17) Enqueued    references: Soft: 0, Weak: 0, Final: 0, Phantom: 0
[2026-04-03T03:16:39.930+0600][21.468s][info][gc          ] GC(17) Concurrent weak references 0.172ms
[2026-04-03T03:16:39.930+0600][21.468s][info][gc,start    ] GC(17) Concurrent weak roots
[2026-04-03T03:16:39.930+0600][21.468s][info][gc,task     ] GC(17) Using 3 of 6 workers for concurrent weak root
[2026-04-03T03:16:39.932+0600][21.470s][info][gc          ] GC(17) Concurrent weak roots 1.887ms
[2026-04-03T03:16:39.932+0600][21.470s][info][gc,start    ] GC(17) Concurrent cleanup
[2026-04-03T03:16:39.932+0600][21.471s][info][gc          ] GC(17) Concurrent cleanup 413M->56M(416M) 0.451ms
[2026-04-03T03:16:39.932+0600][21.471s][info][gc,ergo     ] GC(17) Free: 654M, Max: 256K regular, 157M humongous, Frag: 76% external, 0% internal; Reserve: 38400K, Max: 256K
[2026-04-03T03:16:39.932+0600][21.471s][info][gc,start    ] GC(17) Concurrent class unloading
[2026-04-03T03:16:39.932+0600][21.471s][info][gc,task     ] GC(17) Using 3 of 6 workers for concurrent class unloading
[2026-04-03T03:16:39.936+0600][21.475s][info][gc          ] GC(17) Concurrent class unloading 4.101ms
[2026-04-03T03:16:39.937+0600][21.475s][info][gc,start    ] GC(17) Pause Final Roots
[2026-04-03T03:16:39.937+0600][21.475s][info][gc          ] GC(17) Pause Final Roots 0.039ms
[2026-04-03T03:16:39.937+0600][21.475s][info][gc,ergo     ] Free: 648M, Max: 256K regular, 157M humongous, Frag: 76% external, 0% internal; Reserve: 38400K, Max: 256K
[2026-04-03T03:16:39.937+0600][21.475s][info][gc,stats    ] 
[2026-04-03T03:16:39.937+0600][21.475s][info][gc,stats    ] All times are wall-clock times, except per-root-class counters, that are sum over
[2026-04-03T03:16:39.937+0600][21.475s][info][gc,stats    ] all workers. Dividing the <total> over the root stage time estimates parallelism.
[2026-04-03T03:16:39.937+0600][21.475s][info][gc,stats    ] 
[2026-04-03T03:16:39.937+0600][21.475s][info][gc,stats    ] Concurrent Reset                    554 us
[2026-04-03T03:16:39.937+0600][21.475s][info][gc,stats    ] Pause Init Mark (G)                 312 us
[2026-04-03T03:16:39.937+0600][21.475s][info][gc,stats    ] Pause Init Mark (N)                 113 us
[2026-04-03T03:16:39.937+0600][21.475s][info][gc,stats    ]   Update Region States               31 us
[2026-04-03T03:16:39.937+0600][21.475s][info][gc,stats    ] Concurrent Mark Roots               638 us, parallelism: 1.58x
[2026-04-03T03:16:39.937+0600][21.475s][info][gc,stats    ]   CMR: <total>                     1010 us
[2026-04-03T03:16:39.937+0600][21.475s][info][gc,stats    ]   CMR: Thread Roots                 758 us, workers (us): 114, 339, 306, ---, ---, ---, 
[2026-04-03T03:16:39.937+0600][21.475s][info][gc,stats    ]   CMR: VM Strong Roots               26 us, workers (us):  15,  11,   1, ---, ---, ---, 
[2026-04-03T03:16:39.937+0600][21.475s][info][gc,stats    ]   CMR: CLDG Roots                   225 us, workers (us): 225, ---, ---, ---, ---, ---, 
[2026-04-03T03:16:39.937+0600][21.475s][info][gc,stats    ] Concurrent Marking                16193 us
[2026-04-03T03:16:39.937+0600][21.475s][info][gc,stats    ] Pause Final Mark (G)                501 us
[2026-04-03T03:16:39.937+0600][21.475s][info][gc,stats    ] Pause Final Mark (N)                360 us
[2026-04-03T03:16:39.937+0600][21.475s][info][gc,stats    ]   Finish Mark                       125 us
[2026-04-03T03:16:39.937+0600][21.475s][info][gc,stats    ]   Update Region States               44 us
[2026-04-03T03:16:39.937+0600][21.475s][info][gc,stats    ]   Choose Collection Set              65 us
[2026-04-03T03:16:39.937+0600][21.475s][info][gc,stats    ]   Rebuild Free Set                   31 us
[2026-04-03T03:16:39.937+0600][21.475s][info][gc,stats    ] Concurrent Weak References          183 us, parallelism: 0.42x
[2026-04-03T03:16:39.937+0600][21.475s][info][gc,stats    ]   CWRF: <total>                      77 us
[2026-04-03T03:16:39.937+0600][21.475s][info][gc,stats    ]   CWRF: Weak References              77 us, workers (us):  47,  29,   1, ---, ---, ---, 
[2026-04-03T03:16:39.937+0600][21.475s][info][gc,stats    ] Concurrent Weak Roots              1997 us
[2026-04-03T03:16:39.937+0600][21.475s][info][gc,stats    ]   Roots                            1750 us, parallelism: 2.47x
[2026-04-03T03:16:39.937+0600][21.475s][info][gc,stats    ]     CWR: <total>                   4324 us
[2026-04-03T03:16:39.937+0600][21.475s][info][gc,stats    ]     CWR: Code Cache Roots          3215 us, workers (us): 1129, 975, 1110, ---, ---, ---, 
[2026-04-03T03:16:39.937+0600][21.475s][info][gc,stats    ]     CWR: VM Weak Roots             1086 us, workers (us): 371, 358, 357, ---, ---, ---, 
[2026-04-03T03:16:39.937+0600][21.475s][info][gc,stats    ]     CWR: CLDG Roots                  23 us, workers (us): ---, ---,  23, ---, ---, ---, 
[2026-04-03T03:16:39.937+0600][21.475s][info][gc,stats    ]   Rendezvous                        111 us
[2026-04-03T03:16:39.937+0600][21.475s][info][gc,stats    ] Concurrent Cleanup                  469 us
[2026-04-03T03:16:39.937+0600][21.475s][info][gc,stats    ] Concurrent Class Unloading         4167 us
[2026-04-03T03:16:39.937+0600][21.475s][info][gc,stats    ]   Unlink Stale                     3737 us
[2026-04-03T03:16:39.937+0600][21.475s][info][gc,stats    ]     System Dictionary                74 us
[2026-04-03T03:16:39.937+0600][21.475s][info][gc,stats    ]     Weak Class Links                  0 us
[2026-04-03T03:16:39.937+0600][21.475s][info][gc,stats    ]     Code Roots                     3659 us
[2026-04-03T03:16:39.937+0600][21.475s][info][gc,stats    ]   Rendezvous                        163 us
[2026-04-03T03:16:39.937+0600][21.475s][info][gc,stats    ]   Purge Unlinked                    171 us
[2026-04-03T03:16:39.937+0600][21.475s][info][gc,stats    ]     Code Roots                      160 us
[2026-04-03T03:16:39.937+0600][21.475s][info][gc,stats    ]     CLDG                             10 us
[2026-04-03T03:16:39.937+0600][21.475s][info][gc,stats    ]     Exception Caches                  0 us
[2026-04-03T03:16:39.937+0600][21.476s][info][gc,stats    ] Pause Final Roots (G)               192 us
[2026-04-03T03:16:39.937+0600][21.476s][info][gc,stats    ] Pause Final Roots (N)                52 us
[2026-04-03T03:16:39.937+0600][21.476s][info][gc,stats    ] 
[2026-04-03T03:16:39.937+0600][21.476s][info][gc,stats    ] Allocation pacing accrued:
[2026-04-03T03:16:39.937+0600][21.476s][info][gc,stats    ]       0 of   224 ms (  0.0%): <total>
[2026-04-03T03:16:39.937+0600][21.476s][info][gc,stats    ]       0 of   224 ms (  0.0%): <average total>
[2026-04-03T03:16:39.937+0600][21.476s][info][gc,stats    ] 
[2026-04-03T03:16:39.937+0600][21.476s][info][gc,metaspace] Metaspace: 66593K(67520K)->66593K(67520K) NonClass: 58249K(58752K)->58249K(58752K) Class: 8344K(8768K)->8344K(8768K)
[2026-04-03T03:16:39.937+0600][21.476s][info][gc,ergo     ] Pacer for Idle. Initial: 15360K, Alloc Tax Rate: 1.0x
[2026-04-03T03:16:40.138+0600][21.676s][info][gc          ] Trigger: Average GC time (127.03 ms) is above the time for average allocation rate (1853 MB/s) to deplete free headroom (234M) (margin of error = 1.83)
[2026-04-03T03:16:40.138+0600][21.676s][info][gc,ergo     ] Free headroom: 272M (free) - 38400K (spike) - 0B (penalties) = 234M
[2026-04-03T03:16:40.138+0600][21.676s][info][gc,ergo     ] Free: 272M, Max: 256K regular, 157M humongous, Frag: 42% external, 0% internal; Reserve: 38400K, Max: 256K
[2026-04-03T03:16:40.138+0600][21.676s][info][gc,start    ] GC(18) Concurrent reset
[2026-04-03T03:16:40.138+0600][21.676s][info][gc,task     ] GC(18) Using 3 of 6 workers for concurrent reset
[2026-04-03T03:16:40.138+0600][21.676s][info][gc,ergo     ] GC(18) Pacer for Reset. Non-Taxable: 750M
[2026-04-03T03:16:40.138+0600][21.677s][info][gc          ] GC(18) Concurrent reset 0.545ms
[2026-04-03T03:16:40.138+0600][21.677s][info][gc,start    ] GC(18) Pause Init Mark (unload classes)
[2026-04-03T03:16:40.138+0600][21.677s][info][gc,task     ] GC(18) Using 6 of 6 workers for init marking
[2026-04-03T03:16:40.139+0600][21.677s][info][gc,ergo     ] GC(18) Pacer for Mark. Expected Live: 32563K, Free: 271M, Non-Taxable: 27782K, Alloc Tax Rate: 0.1x
[2026-04-03T03:16:40.139+0600][21.677s][info][gc          ] GC(18) Pause Init Mark (unload classes) 0.102ms
[2026-04-03T03:16:40.139+0600][21.677s][info][gc,start    ] GC(18) Concurrent marking roots
[2026-04-03T03:16:40.139+0600][21.677s][info][gc,task     ] GC(18) Using 3 of 6 workers for concurrent marking roots
[2026-04-03T03:16:40.139+0600][21.678s][info][gc          ] GC(18) Concurrent marking roots 0.621ms
[2026-04-03T03:16:40.139+0600][21.678s][info][gc,start    ] GC(18) Concurrent marking (unload classes)
[2026-04-03T03:16:40.139+0600][21.678s][info][gc,task     ] GC(18) Using 3 of 6 workers for concurrent marking
[2026-04-03T03:16:40.155+0600][21.693s][info][gc          ] GC(18) Concurrent marking (unload classes) 15.533ms
[2026-04-03T03:16:40.155+0600][21.693s][info][gc,start    ] GC(18) Pause Final Mark (unload classes)
[2026-04-03T03:16:40.155+0600][21.693s][info][gc,task     ] GC(18) Using 6 of 6 workers for final marking
[2026-04-03T03:16:40.156+0600][21.694s][info][gc,ergo     ] GC(18) Collectable Garbage: 402M (98%), Immediate: 402M (98%), CSet: 0B (0%)
[2026-04-03T03:16:40.156+0600][21.694s][info][gc          ] GC(18) Pause Final Mark (unload classes) 0.524ms
[2026-04-03T03:16:40.156+0600][21.694s][info][gc,start    ] GC(18) Concurrent weak references
[2026-04-03T03:16:40.156+0600][21.694s][info][gc,task     ] GC(18) Using 3 of 6 workers for concurrent weak references
[2026-04-03T03:16:40.156+0600][21.694s][info][gc,ref      ] GC(18) Encountered references: Soft: 3199, Weak: 5047, Final: 82, Phantom: 605
[2026-04-03T03:16:40.156+0600][21.694s][info][gc,ref      ] GC(18) Discovered  references: Soft: 0, Weak: 1120, Final: 0, Phantom: 219
[2026-04-03T03:16:40.156+0600][21.694s][info][gc,ref      ] GC(18) Enqueued    references: Soft: 0, Weak: 0, Final: 0, Phantom: 0
[2026-04-03T03:16:40.156+0600][21.694s][info][gc          ] GC(18) Concurrent weak references 0.286ms
[2026-04-03T03:16:40.156+0600][21.694s][info][gc,start    ] GC(18) Concurrent weak roots
[2026-04-03T03:16:40.156+0600][21.694s][info][gc,task     ] GC(18) Using 3 of 6 workers for concurrent weak root
[2026-04-03T03:16:40.158+0600][21.696s][info][gc          ] GC(18) Concurrent weak roots 1.698ms
[2026-04-03T03:16:40.158+0600][21.696s][info][gc,start    ] GC(18) Concurrent cleanup
[2026-04-03T03:16:40.158+0600][21.696s][info][gc          ] GC(18) Concurrent cleanup 458M->56M(461M) 0.442ms
[2026-04-03T03:16:40.158+0600][21.697s][info][gc,ergo     ] GC(18) Free: 654M, Max: 256K regular, 157M humongous, Frag: 76% external, 0% internal; Reserve: 38400K, Max: 256K
[2026-04-03T03:16:40.158+0600][21.697s][info][gc,start    ] GC(18) Concurrent class unloading
[2026-04-03T03:16:40.158+0600][21.697s][info][gc,task     ] GC(18) Using 3 of 6 workers for concurrent class unloading
[2026-04-03T03:16:40.162+0600][21.700s][info][gc          ] GC(18) Concurrent class unloading 3.539ms
[2026-04-03T03:16:40.162+0600][21.700s][info][gc,start    ] GC(18) Pause Final Roots
[2026-04-03T03:16:40.162+0600][21.700s][info][gc          ] GC(18) Pause Final Roots 0.035ms
[2026-04-03T03:16:40.162+0600][21.701s][info][gc,ergo     ] Free: 649M, Max: 256K regular, 157M humongous, Frag: 76% external, 0% internal; Reserve: 38400K, Max: 256K
[2026-04-03T03:16:40.162+0600][21.701s][info][gc,stats    ] 
[2026-04-03T03:16:40.162+0600][21.701s][info][gc,stats    ] All times are wall-clock times, except per-root-class counters, that are sum over
[2026-04-03T03:16:40.162+0600][21.701s][info][gc,stats    ] all workers. Dividing the <total> over the root stage time estimates parallelism.
[2026-04-03T03:16:40.162+0600][21.701s][info][gc,stats    ] 
[2026-04-03T03:16:40.162+0600][21.701s][info][gc,stats    ] Concurrent Reset                    577 us
[2026-04-03T03:16:40.162+0600][21.701s][info][gc,stats    ] Pause Init Mark (G)                 360 us
[2026-04-03T03:16:40.162+0600][21.701s][info][gc,stats    ] Pause Init Mark (N)                 112 us
[2026-04-03T03:16:40.162+0600][21.701s][info][gc,stats    ]   Update Region States               19 us
[2026-04-03T03:16:40.162+0600][21.701s][info][gc,stats    ] Concurrent Mark Roots               653 us, parallelism: 1.56x
[2026-04-03T03:16:40.162+0600][21.701s][info][gc,stats    ]   CMR: <total>                     1021 us
[2026-04-03T03:16:40.162+0600][21.701s][info][gc,stats    ]   CMR: Thread Roots                 751 us, workers (us): 113, 319, 319, ---, ---, ---, 
[2026-04-03T03:16:40.162+0600][21.701s][info][gc,stats    ]   CMR: VM Strong Roots               44 us, workers (us):  42,   1,   1, ---, ---, ---, 
[2026-04-03T03:16:40.162+0600][21.701s][info][gc,stats    ]   CMR: CLDG Roots                   226 us, workers (us): 226, ---, ---, ---, ---, ---, 
[2026-04-03T03:16:40.162+0600][21.701s][info][gc,stats    ] Concurrent Marking                15607 us
[2026-04-03T03:16:40.162+0600][21.701s][info][gc,stats    ] Pause Final Mark (G)                732 us
[2026-04-03T03:16:40.162+0600][21.701s][info][gc,stats    ] Pause Final Mark (N)                539 us
[2026-04-03T03:16:40.162+0600][21.701s][info][gc,stats    ]   Finish Mark                       289 us
[2026-04-03T03:16:40.162+0600][21.701s][info][gc,stats    ]   Update Region States               56 us
[2026-04-03T03:16:40.162+0600][21.701s][info][gc,stats    ]   Choose Collection Set              87 us
[2026-04-03T03:16:40.162+0600][21.701s][info][gc,stats    ]   Rebuild Free Set                   25 us
[2026-04-03T03:16:40.162+0600][21.701s][info][gc,stats    ] Concurrent Weak References          298 us, parallelism: 0.45x
[2026-04-03T03:16:40.162+0600][21.701s][info][gc,stats    ]   CWRF: <total>                     135 us
[2026-04-03T03:16:40.162+0600][21.701s][info][gc,stats    ]   CWRF: Weak References             135 us, workers (us): 109,  26,   0, ---, ---, ---, 
[2026-04-03T03:16:40.162+0600][21.701s][info][gc,stats    ] Concurrent Weak Roots              1750 us
[2026-04-03T03:16:40.162+0600][21.701s][info][gc,stats    ]   Roots                            1588 us, parallelism: 2.51x
[2026-04-03T03:16:40.162+0600][21.701s][info][gc,stats    ]     CWR: <total>                   3980 us
[2026-04-03T03:16:40.162+0600][21.701s][info][gc,stats    ]     CWR: Code Cache Roots          2853 us, workers (us): 954, 879, 1020, ---, ---, ---, 
[2026-04-03T03:16:40.163+0600][21.701s][info][gc,stats    ]     CWR: VM Weak Roots             1105 us, workers (us): 397, 366, 342, ---, ---, ---, 
[2026-04-03T03:16:40.163+0600][21.701s][info][gc,stats    ]     CWR: CLDG Roots                  21 us, workers (us): ---, ---,  21, ---, ---, ---, 
[2026-04-03T03:16:40.163+0600][21.701s][info][gc,stats    ]   Rendezvous                         87 us
[2026-04-03T03:16:40.163+0600][21.701s][info][gc,stats    ] Concurrent Cleanup                  460 us
[2026-04-03T03:16:40.163+0600][21.701s][info][gc,stats    ] Concurrent Class Unloading         3606 us
[2026-04-03T03:16:40.163+0600][21.701s][info][gc,stats    ]   Unlink Stale                     3215 us
[2026-04-03T03:16:40.163+0600][21.701s][info][gc,stats    ]     System Dictionary                55 us
[2026-04-03T03:16:40.163+0600][21.701s][info][gc,stats    ]     Weak Class Links                  0 us
[2026-04-03T03:16:40.163+0600][21.701s][info][gc,stats    ]     Code Roots                     3157 us
[2026-04-03T03:16:40.163+0600][21.701s][info][gc,stats    ]   Rendezvous                        153 us
[2026-04-03T03:16:40.163+0600][21.701s][info][gc,stats    ]   Purge Unlinked                    147 us
[2026-04-03T03:16:40.163+0600][21.701s][info][gc,stats    ]     Code Roots                      124 us
[2026-04-03T03:16:40.163+0600][21.701s][info][gc,stats    ]     CLDG                             22 us
[2026-04-03T03:16:40.163+0600][21.701s][info][gc,stats    ]     Exception Caches                  0 us
[2026-04-03T03:16:40.163+0600][21.701s][info][gc,stats    ] Pause Final Roots (G)               322 us
[2026-04-03T03:16:40.163+0600][21.701s][info][gc,stats    ] Pause Final Roots (N)                56 us
[2026-04-03T03:16:40.163+0600][21.701s][info][gc,stats    ] 
[2026-04-03T03:16:40.163+0600][21.701s][info][gc,stats    ] Allocation pacing accrued:
[2026-04-03T03:16:40.163+0600][21.701s][info][gc,stats    ]       0 of   225 ms (  0.0%): <total>
[2026-04-03T03:16:40.163+0600][21.701s][info][gc,stats    ]       0 of   225 ms (  0.0%): <average total>
[2026-04-03T03:16:40.163+0600][21.701s][info][gc,stats    ] 
[2026-04-03T03:16:40.163+0600][21.701s][info][gc,metaspace] Metaspace: 66598K(67520K)->66598K(67520K) NonClass: 58254K(58752K)->58254K(58752K) Class: 8344K(8768K)->8344K(8768K)
[2026-04-03T03:16:40.163+0600][21.701s][info][gc,ergo     ] Pacer for Idle. Initial: 15360K, Alloc Tax Rate: 1.0x
[2026-04-03T03:16:40.394+0600][21.932s][info][gc          ] Trigger: Average GC time (96.47 ms) is above the time for average allocation rate (1890 MB/s) to deplete free headroom (181M) (margin of error = 1.83)
[2026-04-03T03:16:40.394+0600][21.932s][info][gc,ergo     ] Free headroom: 219M (free) - 38400K (spike) - 0B (penalties) = 181M
[2026-04-03T03:16:40.394+0600][21.932s][info][gc,ergo     ] Free: 219M, Max: 256K regular, 157M humongous, Frag: 28% external, 0% internal; Reserve: 38400K, Max: 256K
[2026-04-03T03:16:40.394+0600][21.932s][info][gc,start    ] GC(19) Concurrent reset
[2026-04-03T03:16:40.394+0600][21.932s][info][gc,task     ] GC(19) Using 3 of 6 workers for concurrent reset
[2026-04-03T03:16:40.394+0600][21.932s][info][gc,ergo     ] GC(19) Pacer for Reset. Non-Taxable: 750M
[2026-04-03T03:16:40.395+0600][21.933s][info][gc          ] GC(19) Concurrent reset 0.623ms
[2026-04-03T03:16:40.395+0600][21.933s][info][gc,start    ] GC(19) Pause Init Mark (unload classes)
[2026-04-03T03:16:40.395+0600][21.933s][info][gc,task     ] GC(19) Using 6 of 6 workers for init marking
[2026-04-03T03:16:40.395+0600][21.933s][info][gc,ergo     ] GC(19) Pacer for Mark. Expected Live: 32563K, Free: 218M, Non-Taxable: 22380K, Alloc Tax Rate: 0.2x
[2026-04-03T03:16:40.395+0600][21.933s][info][gc          ] GC(19) Pause Init Mark (unload classes) 0.111ms
[2026-04-03T03:16:40.395+0600][21.933s][info][gc,start    ] GC(19) Concurrent marking roots
[2026-04-03T03:16:40.395+0600][21.933s][info][gc,task     ] GC(19) Using 3 of 6 workers for concurrent marking roots
[2026-04-03T03:16:40.396+0600][21.934s][info][gc          ] GC(19) Concurrent marking roots 0.556ms
[2026-04-03T03:16:40.396+0600][21.934s][info][gc,start    ] GC(19) Concurrent marking (unload classes)
[2026-04-03T03:16:40.396+0600][21.934s][info][gc,task     ] GC(19) Using 3 of 6 workers for concurrent marking
[2026-04-03T03:16:40.409+0600][21.948s][info][gc          ] GC(19) Concurrent marking (unload classes) 13.656ms
[2026-04-03T03:16:40.409+0600][21.948s][info][gc,start    ] GC(19) Pause Final Mark (unload classes)
[2026-04-03T03:16:40.409+0600][21.948s][info][gc,task     ] GC(19) Using 6 of 6 workers for final marking
[2026-04-03T03:16:40.410+0600][21.948s][info][gc,ergo     ] GC(19) Collectable Garbage: 455M (98%), Immediate: 455M (98%), CSet: 0B (0%)
[2026-04-03T03:16:40.410+0600][21.948s][info][gc          ] GC(19) Pause Final Mark (unload classes) 0.478ms
[2026-04-03T03:16:40.410+0600][21.948s][info][gc,start    ] GC(19) Concurrent weak references
[2026-04-03T03:16:40.410+0600][21.948s][info][gc,task     ] GC(19) Using 3 of 6 workers for concurrent weak references
[2026-04-03T03:16:40.411+0600][21.949s][info][gc,ref      ] GC(19) Encountered references: Soft: 3199, Weak: 5047, Final: 82, Phantom: 605
[2026-04-03T03:16:40.411+0600][21.949s][info][gc,ref      ] GC(19) Discovered  references: Soft: 0, Weak: 2833, Final: 50, Phantom: 602
[2026-04-03T03:16:40.411+0600][21.949s][info][gc,ref      ] GC(19) Enqueued    references: Soft: 0, Weak: 0, Final: 0, Phantom: 0
[2026-04-03T03:16:40.411+0600][21.949s][info][gc          ] GC(19) Concurrent weak references 0.584ms
[2026-04-03T03:16:40.411+0600][21.949s][info][gc,start    ] GC(19) Concurrent weak roots
[2026-04-03T03:16:40.411+0600][21.949s][info][gc,task     ] GC(19) Using 3 of 6 workers for concurrent weak root
[2026-04-03T03:16:40.412+0600][21.951s][info][gc          ] GC(19) Concurrent weak roots 1.694ms
[2026-04-03T03:16:40.412+0600][21.951s][info][gc,start    ] GC(19) Concurrent cleanup
[2026-04-03T03:16:40.413+0600][21.951s][info][gc          ] GC(19) Concurrent cleanup 510M->56M(513M) 0.725ms
[2026-04-03T03:16:40.413+0600][21.951s][info][gc,ergo     ] GC(19) Free: 654M, Max: 256K regular, 157M humongous, Frag: 76% external, 0% internal; Reserve: 38400K, Max: 256K
[2026-04-03T03:16:40.413+0600][21.951s][info][gc,start    ] GC(19) Concurrent class unloading
[2026-04-03T03:16:40.413+0600][21.951s][info][gc,task     ] GC(19) Using 3 of 6 workers for concurrent class unloading
[2026-04-03T03:16:40.417+0600][21.955s][info][gc          ] GC(19) Concurrent class unloading 3.468ms
[2026-04-03T03:16:40.417+0600][21.955s][info][gc,start    ] GC(19) Pause Final Roots
[2026-04-03T03:16:40.417+0600][21.955s][info][gc          ] GC(19) Pause Final Roots 0.059ms
[2026-04-03T03:16:40.417+0600][21.955s][info][gc,ergo     ] Free: 649M, Max: 256K regular, 157M humongous, Frag: 76% external, 0% internal; Reserve: 38400K, Max: 256K
[2026-04-03T03:16:40.417+0600][21.955s][info][gc,stats    ] 
[2026-04-03T03:16:40.417+0600][21.955s][info][gc,stats    ] All times are wall-clock times, except per-root-class counters, that are sum over
[2026-04-03T03:16:40.417+0600][21.955s][info][gc,stats    ] all workers. Dividing the <total> over the root stage time estimates parallelism.
[2026-04-03T03:16:40.417+0600][21.955s][info][gc,stats    ] 
[2026-04-03T03:16:40.417+0600][21.955s][info][gc,stats    ] Concurrent Reset                    644 us
[2026-04-03T03:16:40.417+0600][21.955s][info][gc,stats    ] Pause Init Mark (G)                 320 us
[2026-04-03T03:16:40.417+0600][21.955s][info][gc,stats    ] Pause Init Mark (N)                 121 us
[2026-04-03T03:16:40.417+0600][21.955s][info][gc,stats    ]   Update Region States               27 us
[2026-04-03T03:16:40.417+0600][21.955s][info][gc,stats    ] Concurrent Mark Roots               578 us, parallelism: 1.49x
[2026-04-03T03:16:40.417+0600][21.955s][info][gc,stats    ]   CMR: <total>                      862 us
[2026-04-03T03:16:40.417+0600][21.955s][info][gc,stats    ]   CMR: Thread Roots                 630 us, workers (us): 295, 276,  60, ---, ---, ---, 
[2026-04-03T03:16:40.417+0600][21.955s][info][gc,stats    ]   CMR: VM Strong Roots               21 us, workers (us):   9,   6,   5, ---, ---, ---, 
[2026-04-03T03:16:40.417+0600][21.955s][info][gc,stats    ]   CMR: CLDG Roots                   211 us, workers (us): ---, ---, 211, ---, ---, ---, 
[2026-04-03T03:16:40.417+0600][21.955s][info][gc,stats    ] Concurrent Marking                13712 us
[2026-04-03T03:16:40.417+0600][21.955s][info][gc,stats    ] Pause Final Mark (G)                688 us
[2026-04-03T03:16:40.417+0600][21.955s][info][gc,stats    ] Pause Final Mark (N)                494 us
[2026-04-03T03:16:40.417+0600][21.955s][info][gc,stats    ]   Finish Mark                       221 us
[2026-04-03T03:16:40.417+0600][21.956s][info][gc,stats    ]   Update Region States               58 us
[2026-04-03T03:16:40.417+0600][21.956s][info][gc,stats    ]   Choose Collection Set              75 us
[2026-04-03T03:16:40.417+0600][21.956s][info][gc,stats    ]   Rebuild Free Set                   33 us
[2026-04-03T03:16:40.417+0600][21.956s][info][gc,stats    ] Concurrent Weak References          599 us, parallelism: 0.78x
[2026-04-03T03:16:40.417+0600][21.956s][info][gc,stats    ]   CWRF: <total>                     466 us
[2026-04-03T03:16:40.417+0600][21.956s][info][gc,stats    ]   CWRF: Weak References             466 us, workers (us): 448,  18,   0, ---, ---, ---, 
[2026-04-03T03:16:40.417+0600][21.956s][info][gc,stats    ] Concurrent Weak Roots              1725 us
[2026-04-03T03:16:40.417+0600][21.956s][info][gc,stats    ]   Roots                            1531 us, parallelism: 2.41x
[2026-04-03T03:16:40.417+0600][21.956s][info][gc,stats    ]     CWR: <total>                   3683 us
[2026-04-03T03:16:40.417+0600][21.956s][info][gc,stats    ]     CWR: Code Cache Roots          2588 us, workers (us): 884, 947, 757, ---, ---, ---, 
[2026-04-03T03:16:40.417+0600][21.956s][info][gc,stats    ]     CWR: VM Weak Roots             1020 us, workers (us): 358, 359, 303, ---, ---, ---, 
[2026-04-03T03:16:40.417+0600][21.956s][info][gc,stats    ]     CWR: CLDG Roots                  75 us, workers (us): ---, ---,  75, ---, ---, ---, 
[2026-04-03T03:16:40.417+0600][21.956s][info][gc,stats    ]   Rendezvous                        137 us
[2026-04-03T03:16:40.417+0600][21.956s][info][gc,stats    ] Concurrent Cleanup                  742 us
[2026-04-03T03:16:40.417+0600][21.956s][info][gc,stats    ] Concurrent Class Unloading         3503 us
[2026-04-03T03:16:40.417+0600][21.956s][info][gc,stats    ]   Unlink Stale                     3175 us
[2026-04-03T03:16:40.417+0600][21.956s][info][gc,stats    ]     System Dictionary                50 us
[2026-04-03T03:16:40.417+0600][21.956s][info][gc,stats    ]     Weak Class Links                  0 us
[2026-04-03T03:16:40.417+0600][21.956s][info][gc,stats    ]     Code Roots                     3122 us
[2026-04-03T03:16:40.417+0600][21.956s][info][gc,stats    ]   Rendezvous                        145 us
[2026-04-03T03:16:40.417+0600][21.956s][info][gc,stats    ]   Purge Unlinked                    122 us
[2026-04-03T03:16:40.417+0600][21.956s][info][gc,stats    ]     Code Roots                      113 us
[2026-04-03T03:16:40.417+0600][21.956s][info][gc,stats    ]     CLDG                              8 us
[2026-04-03T03:16:40.417+0600][21.956s][info][gc,stats    ]     Exception Caches                  1 us
[2026-04-03T03:16:40.417+0600][21.956s][info][gc,stats    ] Pause Final Roots (G)               235 us
[2026-04-03T03:16:40.417+0600][21.956s][info][gc,stats    ] Pause Final Roots (N)                79 us
[2026-04-03T03:16:40.417+0600][21.956s][info][gc,stats    ] 
[2026-04-03T03:16:40.417+0600][21.956s][info][gc,stats    ] Allocation pacing accrued:
[2026-04-03T03:16:40.417+0600][21.956s][info][gc,stats    ]       0 of   255 ms (  0.0%): <total>
[2026-04-03T03:16:40.417+0600][21.956s][info][gc,stats    ]       0 of   255 ms (  0.0%): <average total>
[2026-04-03T03:16:40.417+0600][21.956s][info][gc,stats    ] 
[2026-04-03T03:16:40.418+0600][21.956s][info][gc,metaspace] Metaspace: 66598K(67520K)->66598K(67520K) NonClass: 58254K(58752K)->58254K(58752K) Class: 8344K(8768K)->8344K(8768K)
[2026-04-03T03:16:40.418+0600][21.956s][info][gc,ergo     ] Pacer for Idle. Initial: 15360K, Alloc Tax Rate: 1.0x
[2026-04-03T03:16:40.677+0600][22.215s][info][gc          ] Trigger: Average GC time (74.36 ms) is above the time for average allocation rate (1843 MB/s) to deplete free headroom (135M) (margin of error = 1.83)
[2026-04-03T03:16:40.677+0600][22.215s][info][gc,ergo     ] Free headroom: 173M (free) - 38400K (spike) - 0B (penalties) = 135M
[2026-04-03T03:16:40.677+0600][22.215s][info][gc,ergo     ] Free: 173M, Max: 256K regular, 157M humongous, Frag: 9% external, 0% internal; Reserve: 38400K, Max: 256K
[2026-04-03T03:16:40.677+0600][22.216s][info][gc,start    ] GC(20) Concurrent reset
[2026-04-03T03:16:40.677+0600][22.216s][info][gc,task     ] GC(20) Using 3 of 6 workers for concurrent reset
[2026-04-03T03:16:40.677+0600][22.216s][info][gc,ergo     ] GC(20) Pacer for Reset. Non-Taxable: 750M
[2026-04-03T03:16:40.678+0600][22.216s][info][gc          ] GC(20) Concurrent reset 0.679ms
[2026-04-03T03:16:40.678+0600][22.216s][info][gc,start    ] GC(20) Pause Init Mark (unload classes)
[2026-04-03T03:16:40.678+0600][22.217s][info][gc,task     ] GC(20) Using 6 of 6 workers for init marking
[2026-04-03T03:16:40.678+0600][22.217s][info][gc,ergo     ] GC(20) Pacer for Mark. Expected Live: 32563K, Free: 172M, Non-Taxable: 17644K, Alloc Tax Rate: 0.2x
[2026-04-03T03:16:40.678+0600][22.217s][info][gc          ] GC(20) Pause Init Mark (unload classes) 0.132ms
[2026-04-03T03:16:40.678+0600][22.217s][info][gc,start    ] GC(20) Concurrent marking roots
[2026-04-03T03:16:40.678+0600][22.217s][info][gc,task     ] GC(20) Using 3 of 6 workers for concurrent marking roots
[2026-04-03T03:16:40.679+0600][22.217s][info][gc          ] GC(20) Concurrent marking roots 0.584ms
[2026-04-03T03:16:40.679+0600][22.217s][info][gc,start    ] GC(20) Concurrent marking (unload classes)
[2026-04-03T03:16:40.679+0600][22.217s][info][gc,task     ] GC(20) Using 3 of 6 workers for concurrent marking
[2026-04-03T03:16:40.695+0600][22.233s][info][gc          ] GC(20) Concurrent marking (unload classes) 15.740ms
[2026-04-03T03:16:40.695+0600][22.233s][info][gc,start    ] GC(20) Pause Final Mark (unload classes)
[2026-04-03T03:16:40.695+0600][22.233s][info][gc,task     ] GC(20) Using 6 of 6 workers for final marking
[2026-04-03T03:16:40.695+0600][22.234s][info][gc,ergo     ] GC(20) Collectable Garbage: 501M (98%), Immediate: 501M (98%), CSet: 0B (0%)
[2026-04-03T03:16:40.695+0600][22.234s][info][gc          ] GC(20) Pause Final Mark (unload classes) 0.545ms
[2026-04-03T03:16:40.696+0600][22.234s][info][gc,start    ] GC(20) Concurrent weak references
[2026-04-03T03:16:40.696+0600][22.234s][info][gc,task     ] GC(20) Using 3 of 6 workers for concurrent weak references
[2026-04-03T03:16:40.696+0600][22.234s][info][gc,ref      ] GC(20) Encountered references: Soft: 3199, Weak: 5047, Final: 82, Phantom: 605
[2026-04-03T03:16:40.696+0600][22.234s][info][gc,ref      ] GC(20) Discovered  references: Soft: 0, Weak: 534, Final: 0, Phantom: 219
[2026-04-03T03:16:40.696+0600][22.234s][info][gc,ref      ] GC(20) Enqueued    references: Soft: 0, Weak: 0, Final: 0, Phantom: 0
[2026-04-03T03:16:40.696+0600][22.234s][info][gc          ] GC(20) Concurrent weak references 0.205ms
[2026-04-03T03:16:40.696+0600][22.234s][info][gc,start    ] GC(20) Concurrent weak roots
[2026-04-03T03:16:40.696+0600][22.234s][info][gc,task     ] GC(20) Using 3 of 6 workers for concurrent weak root
[2026-04-03T03:16:40.698+0600][22.236s][info][gc          ] GC(20) Concurrent weak roots 1.990ms
[2026-04-03T03:16:40.698+0600][22.236s][info][gc,start    ] GC(20) Concurrent cleanup
[2026-04-03T03:16:40.699+0600][22.237s][info][gc          ] GC(20) Concurrent cleanup 557M->57M(560M) 0.705ms
[2026-04-03T03:16:40.699+0600][22.237s][info][gc,ergo     ] GC(20) Free: 654M, Max: 256K regular, 153M humongous, Frag: 77% external, 0% internal; Reserve: 38400K, Max: 256K
[2026-04-03T03:16:40.699+0600][22.237s][info][gc,start    ] GC(20) Concurrent class unloading
[2026-04-03T03:16:40.699+0600][22.237s][info][gc,task     ] GC(20) Using 3 of 6 workers for concurrent class unloading
[2026-04-03T03:16:40.702+0600][22.240s][info][gc          ] GC(20) Concurrent class unloading 3.515ms
[2026-04-03T03:16:40.702+0600][22.241s][info][gc,start    ] GC(20) Pause Final Roots
[2026-04-03T03:16:40.702+0600][22.241s][info][gc          ] GC(20) Pause Final Roots 0.055ms
[2026-04-03T03:16:40.703+0600][22.241s][info][gc,ergo     ] Free: 649M, Max: 256K regular, 153M humongous, Frag: 77% external, 0% internal; Reserve: 38400K, Max: 256K
[2026-04-03T03:16:40.703+0600][22.241s][info][gc,stats    ] 
[2026-04-03T03:16:40.703+0600][22.241s][info][gc,stats    ] All times are wall-clock times, except per-root-class counters, that are sum over
[2026-04-03T03:16:40.703+0600][22.241s][info][gc,stats    ] all workers. Dividing the <total> over the root stage time estimates parallelism.
[2026-04-03T03:16:40.703+0600][22.241s][info][gc,stats    ] 
[2026-04-03T03:16:40.703+0600][22.241s][info][gc,stats    ] Concurrent Reset                    728 us
[2026-04-03T03:16:40.703+0600][22.241s][info][gc,stats    ] Pause Init Mark (G)                 422 us
[2026-04-03T03:16:40.703+0600][22.241s][info][gc,stats    ] Pause Init Mark (N)                 142 us
[2026-04-03T03:16:40.703+0600][22.241s][info][gc,stats    ]   Update Region States               23 us
[2026-04-03T03:16:40.703+0600][22.241s][info][gc,stats    ] Concurrent Mark Roots               603 us, parallelism: 1.41x
[2026-04-03T03:16:40.703+0600][22.241s][info][gc,stats    ]   CMR: <total>                      854 us
[2026-04-03T03:16:40.703+0600][22.241s][info][gc,stats    ]   CMR: Thread Roots                 696 us, workers (us): 185, 263, 248, ---, ---, ---, 
[2026-04-03T03:16:40.703+0600][22.241s][info][gc,stats    ]   CMR: VM Strong Roots               15 us, workers (us):  13,   1,   0, ---, ---, ---, 
[2026-04-03T03:16:40.703+0600][22.241s][info][gc,stats    ]   CMR: CLDG Roots                   143 us, workers (us): 143, ---, ---, ---, ---, ---, 
[2026-04-03T03:16:40.703+0600][22.241s][info][gc,stats    ] Concurrent Marking                15819 us
[2026-04-03T03:16:40.703+0600][22.241s][info][gc,stats    ] Pause Final Mark (G)                837 us
[2026-04-03T03:16:40.703+0600][22.241s][info][gc,stats    ] Pause Final Mark (N)                561 us
[2026-04-03T03:16:40.703+0600][22.241s][info][gc,stats    ]   Finish Mark                       266 us
[2026-04-03T03:16:40.703+0600][22.241s][info][gc,stats    ]   Update Region States               86 us
[2026-04-03T03:16:40.703+0600][22.241s][info][gc,stats    ]   Choose Collection Set              81 us
[2026-04-03T03:16:40.703+0600][22.241s][info][gc,stats    ]   Rebuild Free Set                   25 us
[2026-04-03T03:16:40.703+0600][22.241s][info][gc,stats    ] Concurrent Weak References          214 us, parallelism: 0.30x
[2026-04-03T03:16:40.703+0600][22.241s][info][gc,stats    ]   CWRF: <total>                      64 us
[2026-04-03T03:16:40.703+0600][22.241s][info][gc,stats    ]   CWRF: Weak References              64 us, workers (us):  63,   1,   0, ---, ---, ---, 
[2026-04-03T03:16:40.703+0600][22.241s][info][gc,stats    ] Concurrent Weak Roots              2049 us
[2026-04-03T03:16:40.703+0600][22.241s][info][gc,stats    ]   Roots                            1662 us, parallelism: 2.38x
[2026-04-03T03:16:40.703+0600][22.241s][info][gc,stats    ]     CWR: <total>                   3956 us
[2026-04-03T03:16:40.703+0600][22.241s][info][gc,stats    ]     CWR: Code Cache Roots          2812 us, workers (us): 990, 939, 884, ---, ---, ---, 
[2026-04-03T03:16:40.703+0600][22.241s][info][gc,stats    ]     CWR: VM Weak Roots             1088 us, workers (us): 378, 356, 354, ---, ---, ---, 
[2026-04-03T03:16:40.703+0600][22.241s][info][gc,stats    ]     CWR: CLDG Roots                  56 us, workers (us): ---, ---,  56, ---, ---, ---, 
[2026-04-03T03:16:40.703+0600][22.241s][info][gc,stats    ]   Rendezvous                        307 us
[2026-04-03T03:16:40.703+0600][22.241s][info][gc,stats    ] Concurrent Cleanup                  721 us
[2026-04-03T03:16:40.703+0600][22.241s][info][gc,stats    ] Concurrent Class Unloading         3569 us
[2026-04-03T03:16:40.703+0600][22.241s][info][gc,stats    ]   Unlink Stale                     3134 us
[2026-04-03T03:16:40.703+0600][22.241s][info][gc,stats    ]     System Dictionary                56 us
[2026-04-03T03:16:40.703+0600][22.241s][info][gc,stats    ]     Weak Class Links                  0 us
[2026-04-03T03:16:40.703+0600][22.241s][info][gc,stats    ]     Code Roots                     3075 us
[2026-04-03T03:16:40.703+0600][22.241s][info][gc,stats    ]   Rendezvous                        229 us
[2026-04-03T03:16:40.703+0600][22.241s][info][gc,stats    ]   Purge Unlinked                    131 us
[2026-04-03T03:16:40.703+0600][22.241s][info][gc,stats    ]     Code Roots                      120 us
[2026-04-03T03:16:40.703+0600][22.241s][info][gc,stats    ]     CLDG                             10 us
[2026-04-03T03:16:40.703+0600][22.241s][info][gc,stats    ]     Exception Caches                  0 us
[2026-04-03T03:16:40.703+0600][22.241s][info][gc,stats    ] Pause Final Roots (G)               297 us
[2026-04-03T03:16:40.703+0600][22.241s][info][gc,stats    ] Pause Final Roots (N)                71 us
[2026-04-03T03:16:40.703+0600][22.241s][info][gc,stats    ] 
[2026-04-03T03:16:40.703+0600][22.241s][info][gc,stats    ] Allocation pacing accrued:
[2026-04-03T03:16:40.703+0600][22.241s][info][gc,stats    ]       0 of   285 ms (  0.0%): <total>
[2026-04-03T03:16:40.703+0600][22.241s][info][gc,stats    ]       0 of   285 ms (  0.0%): <average total>
[2026-04-03T03:16:40.703+0600][22.241s][info][gc,stats    ] 
[2026-04-03T03:16:40.703+0600][22.241s][info][gc,metaspace] Metaspace: 66598K(67520K)->66598K(67520K) NonClass: 58254K(58752K)->58254K(58752K) Class: 8344K(8768K)->8344K(8768K)
[2026-04-03T03:16:40.703+0600][22.241s][info][gc,ergo     ] Pacer for Idle. Initial: 15360K, Alloc Tax Rate: 1.0x
[2026-04-03T03:16:40.959+0600][22.498s][info][gc          ] Trigger: Average GC time (60.12 ms) is above the time for average allocation rate (1893 MB/s) to deplete free headroom (112M) (margin of error = 1.82)
[2026-04-03T03:16:40.959+0600][22.498s][info][gc,ergo     ] Free headroom: 150M (free) - 38400K (spike) - 0B (penalties) = 112M
[2026-04-03T03:16:40.959+0600][22.498s][info][gc,ergo     ] Free: 150M, Max: 256K regular, 150M humongous, Frag: 0% external, 0% internal; Reserve: 38400K, Max: 256K
[2026-04-03T03:16:40.960+0600][22.498s][info][gc,start    ] GC(21) Concurrent reset
[2026-04-03T03:16:40.960+0600][22.498s][info][gc,task     ] GC(21) Using 3 of 6 workers for concurrent reset
[2026-04-03T03:16:40.960+0600][22.498s][info][gc,ergo     ] GC(21) Pacer for Reset. Non-Taxable: 750M
[2026-04-03T03:16:40.960+0600][22.498s][info][gc          ] GC(21) Concurrent reset 0.480ms
[2026-04-03T03:16:40.960+0600][22.499s][info][gc,start    ] GC(21) Pause Init Mark (unload classes)
[2026-04-03T03:16:40.960+0600][22.499s][info][gc,task     ] GC(21) Using 6 of 6 workers for init marking
[2026-04-03T03:16:40.960+0600][22.499s][info][gc,ergo     ] GC(21) Pacer for Mark. Expected Live: 32564K, Free: 149M, Non-Taxable: 15342K, Alloc Tax Rate: 0.3x
[2026-04-03T03:16:40.960+0600][22.499s][info][gc          ] GC(21) Pause Init Mark (unload classes) 0.110ms
[2026-04-03T03:16:40.960+0600][22.499s][info][gc,start    ] GC(21) Concurrent marking roots
[2026-04-03T03:16:40.960+0600][22.499s][info][gc,task     ] GC(21) Using 3 of 6 workers for concurrent marking roots
[2026-04-03T03:16:40.961+0600][22.499s][info][gc          ] GC(21) Concurrent marking roots 0.492ms
[2026-04-03T03:16:40.961+0600][22.499s][info][gc,start    ] GC(21) Concurrent marking (unload classes)
[2026-04-03T03:16:40.961+0600][22.499s][info][gc,task     ] GC(21) Using 3 of 6 workers for concurrent marking
[2026-04-03T03:16:40.977+0600][22.516s][info][gc          ] GC(21) Concurrent marking (unload classes) 16.308ms
[2026-04-03T03:16:40.977+0600][22.516s][info][gc,start    ] GC(21) Pause Final Mark (unload classes)
[2026-04-03T03:16:40.977+0600][22.516s][info][gc,task     ] GC(21) Using 6 of 6 workers for final marking
[2026-04-03T03:16:40.978+0600][22.516s][info][gc,ergo     ] GC(21) Collectable Garbage: 523M (98%), Immediate: 523M (98%), CSet: 0B (0%)
[2026-04-03T03:16:40.978+0600][22.516s][info][gc          ] GC(21) Pause Final Mark (unload classes) 0.474ms
[2026-04-03T03:16:40.978+0600][22.516s][info][gc,start    ] GC(21) Concurrent weak references
[2026-04-03T03:16:40.978+0600][22.516s][info][gc,task     ] GC(21) Using 3 of 6 workers for concurrent weak references
[2026-04-03T03:16:40.978+0600][22.517s][info][gc,ref      ] GC(21) Encountered references: Soft: 3199, Weak: 5047, Final: 82, Phantom: 605
[2026-04-03T03:16:40.978+0600][22.517s][info][gc,ref      ] GC(21) Discovered  references: Soft: 0, Weak: 551, Final: 0, Phantom: 219
[2026-04-03T03:16:40.978+0600][22.517s][info][gc,ref      ] GC(21) Enqueued    references: Soft: 0, Weak: 0, Final: 0, Phantom: 0
[2026-04-03T03:16:40.978+0600][22.517s][info][gc          ] GC(21) Concurrent weak references 0.327ms
[2026-04-03T03:16:40.978+0600][22.517s][info][gc,start    ] GC(21) Concurrent weak roots
[2026-04-03T03:16:40.978+0600][22.517s][info][gc,task     ] GC(21) Using 3 of 6 workers for concurrent weak root
[2026-04-03T03:16:40.980+0600][22.519s][info][gc          ] GC(21) Concurrent weak roots 2.011ms
[2026-04-03T03:16:40.980+0600][22.519s][info][gc,start    ] GC(21) Concurrent cleanup
[2026-04-03T03:16:40.981+0600][22.519s][info][gc          ] GC(21) Concurrent cleanup 577M->55M(580M) 0.781ms
[2026-04-03T03:16:40.981+0600][22.520s][info][gc,ergo     ] GC(21) Free: 655M, Max: 256K regular, 138M humongous, Frag: 79% external, 0% internal; Reserve: 38400K, Max: 256K
[2026-04-03T03:16:40.981+0600][22.520s][info][gc,start    ] GC(21) Concurrent class unloading
[2026-04-03T03:16:40.981+0600][22.520s][info][gc,task     ] GC(21) Using 3 of 6 workers for concurrent class unloading
[2026-04-03T03:16:40.985+0600][22.523s][info][gc          ] GC(21) Concurrent class unloading 3.830ms
[2026-04-03T03:16:40.985+0600][22.524s][info][gc,start    ] GC(21) Pause Final Roots
[2026-04-03T03:16:40.985+0600][22.524s][info][gc          ] GC(21) Pause Final Roots 0.052ms
[2026-04-03T03:16:40.985+0600][22.524s][info][gc,ergo     ] Free: 651M, Max: 256K regular, 138M humongous, Frag: 79% external, 0% internal; Reserve: 38400K, Max: 256K
[2026-04-03T03:16:40.985+0600][22.524s][info][gc,stats    ] 
[2026-04-03T03:16:40.985+0600][22.524s][info][gc,stats    ] All times are wall-clock times, except per-root-class counters, that are sum over
[2026-04-03T03:16:40.985+0600][22.524s][info][gc,stats    ] all workers. Dividing the <total> over the root stage time estimates parallelism.
[2026-04-03T03:16:40.985+0600][22.524s][info][gc,stats    ] 
[2026-04-03T03:16:40.985+0600][22.524s][info][gc,stats    ] Concurrent Reset                    497 us
[2026-04-03T03:16:40.985+0600][22.524s][info][gc,stats    ] Pause Init Mark (G)                 317 us
[2026-04-03T03:16:40.985+0600][22.524s][info][gc,stats    ] Pause Init Mark (N)                 120 us
[2026-04-03T03:16:40.985+0600][22.524s][info][gc,stats    ]   Update Region States               29 us
[2026-04-03T03:16:40.985+0600][22.524s][info][gc,stats    ] Concurrent Mark Roots               504 us, parallelism: 1.80x
[2026-04-03T03:16:40.985+0600][22.524s][info][gc,stats    ]   CMR: <total>                      909 us
[2026-04-03T03:16:40.985+0600][22.524s][info][gc,stats    ]   CMR: Thread Roots                 653 us, workers (us): 301,  71, 281, ---, ---, ---, 
[2026-04-03T03:16:40.985+0600][22.524s][info][gc,stats    ]   CMR: VM Strong Roots               23 us, workers (us):  10,  12,   0, ---, ---, ---, 
[2026-04-03T03:16:40.985+0600][22.524s][info][gc,stats    ]   CMR: CLDG Roots                   233 us, workers (us): ---, 233, ---, ---, ---, ---, 
[2026-04-03T03:16:40.985+0600][22.524s][info][gc,stats    ] Concurrent Marking                16380 us
[2026-04-03T03:16:40.986+0600][22.524s][info][gc,stats    ] Pause Final Mark (G)                696 us
[2026-04-03T03:16:40.986+0600][22.524s][info][gc,stats    ] Pause Final Mark (N)                489 us
[2026-04-03T03:16:40.986+0600][22.524s][info][gc,stats    ]   Finish Mark                       199 us
[2026-04-03T03:16:40.986+0600][22.524s][info][gc,stats    ]   Update Region States               62 us
[2026-04-03T03:16:40.986+0600][22.524s][info][gc,stats    ]   Choose Collection Set              90 us
[2026-04-03T03:16:40.986+0600][22.524s][info][gc,stats    ]   Rebuild Free Set                   28 us
[2026-04-03T03:16:40.986+0600][22.524s][info][gc,stats    ] Concurrent Weak References          358 us, parallelism: 0.27x
[2026-04-03T03:16:40.986+0600][22.524s][info][gc,stats    ]   CWRF: <total>                      97 us
[2026-04-03T03:16:40.986+0600][22.524s][info][gc,stats    ]   CWRF: Weak References              97 us, workers (us):  95,   1,   0, ---, ---, ---, 
[2026-04-03T03:16:40.986+0600][22.524s][info][gc,stats    ] Concurrent Weak Roots              2055 us
[2026-04-03T03:16:40.986+0600][22.524s][info][gc,stats    ]   Roots                            1725 us, parallelism: 2.40x
[2026-04-03T03:16:40.986+0600][22.524s][info][gc,stats    ]     CWR: <total>                   4147 us
[2026-04-03T03:16:40.986+0600][22.524s][info][gc,stats    ]     CWR: Code Cache Roots          2855 us, workers (us): 958, 946, 952, ---, ---, ---, 
[2026-04-03T03:16:40.986+0600][22.524s][info][gc,stats    ]     CWR: VM Weak Roots             1198 us, workers (us): 443, 400, 355, ---, ---, ---, 
[2026-04-03T03:16:40.986+0600][22.524s][info][gc,stats    ]     CWR: CLDG Roots                  94 us, workers (us):  94, ---, ---, ---, ---, ---, 
[2026-04-03T03:16:40.986+0600][22.524s][info][gc,stats    ]   Rendezvous                        263 us
[2026-04-03T03:16:40.986+0600][22.524s][info][gc,stats    ] Concurrent Cleanup                  831 us
[2026-04-03T03:16:40.986+0600][22.524s][info][gc,stats    ] Concurrent Class Unloading         3892 us
[2026-04-03T03:16:40.986+0600][22.524s][info][gc,stats    ]   Unlink Stale                     3551 us
[2026-04-03T03:16:40.986+0600][22.524s][info][gc,stats    ]     System Dictionary                63 us
[2026-04-03T03:16:40.986+0600][22.524s][info][gc,stats    ]     Weak Class Links                  0 us
[2026-04-03T03:16:40.986+0600][22.524s][info][gc,stats    ]     Code Roots                     3485 us
[2026-04-03T03:16:40.986+0600][22.524s][info][gc,stats    ]   Rendezvous                        155 us
[2026-04-03T03:16:40.986+0600][22.524s][info][gc,stats    ]   Purge Unlinked                     98 us
[2026-04-03T03:16:40.986+0600][22.524s][info][gc,stats    ]     Code Roots                       88 us
[2026-04-03T03:16:40.986+0600][22.524s][info][gc,stats    ]     CLDG                             10 us
[2026-04-03T03:16:40.986+0600][22.524s][info][gc,stats    ]     Exception Caches                  1 us
[2026-04-03T03:16:40.986+0600][22.524s][info][gc,stats    ] Pause Final Roots (G)               132 us
[2026-04-03T03:16:40.986+0600][22.524s][info][gc,stats    ] Pause Final Roots (N)                70 us
[2026-04-03T03:16:40.986+0600][22.524s][info][gc,stats    ] 
[2026-04-03T03:16:40.986+0600][22.524s][info][gc,stats    ] Allocation pacing accrued:
[2026-04-03T03:16:40.986+0600][22.524s][info][gc,stats    ]       0 of   283 ms (  0.0%): <total>
[2026-04-03T03:16:40.986+0600][22.524s][info][gc,stats    ]       0 of   283 ms (  0.0%): <average total>
[2026-04-03T03:16:40.986+0600][22.524s][info][gc,stats    ] 
[2026-04-03T03:16:40.986+0600][22.524s][info][gc,metaspace] Metaspace: 66602K(67520K)->66602K(67520K) NonClass: 58258K(58752K)->58258K(58752K) Class: 8344K(8768K)->8344K(8768K)
[2026-04-03T03:16:40.986+0600][22.524s][info][gc,ergo     ] Pacer for Idle. Initial: 15360K, Alloc Tax Rate: 1.0x
[2026-04-03T03:16:41.256+0600][22.795s][info][gc          ] Trigger: Average GC time (50.16 ms) is above the time for average allocation rate (1880 MB/s) to deplete free headroom (95572K) (margin of error = 1.81)
[2026-04-03T03:16:41.256+0600][22.795s][info][gc,ergo     ] Free headroom: 130M (free) - 38400K (spike) - 0B (penalties) = 95572K
[2026-04-03T03:16:41.256+0600][22.795s][info][gc,ergo     ] Free: 130M, Max: 256K regular, 130M humongous, Frag: 0% external, 0% internal; Reserve: 38400K, Max: 256K
[2026-04-03T03:16:41.256+0600][22.795s][info][gc,start    ] GC(22) Concurrent reset
[2026-04-03T03:16:41.256+0600][22.795s][info][gc,task     ] GC(22) Using 3 of 6 workers for concurrent reset
[2026-04-03T03:16:41.256+0600][22.795s][info][gc,ergo     ] GC(22) Pacer for Reset. Non-Taxable: 750M
[2026-04-03T03:16:41.257+0600][22.795s][info][gc          ] GC(22) Concurrent reset 0.579ms
[2026-04-03T03:16:41.257+0600][22.795s][info][gc,start    ] GC(22) Pause Init Mark (unload classes)
[2026-04-03T03:16:41.257+0600][22.795s][info][gc,task     ] GC(22) Using 6 of 6 workers for init marking
[2026-04-03T03:16:41.257+0600][22.796s][info][gc,ergo     ] GC(22) Pacer for Mark. Expected Live: 32564K, Free: 129M, Non-Taxable: 13243K, Alloc Tax Rate: 0.3x
[2026-04-03T03:16:41.257+0600][22.796s][info][gc          ] GC(22) Pause Init Mark (unload classes) 0.092ms
[2026-04-03T03:16:41.257+0600][22.796s][info][gc,start    ] GC(22) Concurrent marking roots
[2026-04-03T03:16:41.257+0600][22.796s][info][gc,task     ] GC(22) Using 3 of 6 workers for concurrent marking roots
[2026-04-03T03:16:41.258+0600][22.796s][info][gc          ] GC(22) Concurrent marking roots 0.588ms
[2026-04-03T03:16:41.258+0600][22.796s][info][gc,start    ] GC(22) Concurrent marking (unload classes)
[2026-04-03T03:16:41.258+0600][22.796s][info][gc,task     ] GC(22) Using 3 of 6 workers for concurrent marking
[2026-04-03T03:16:41.272+0600][22.810s][info][gc          ] GC(22) Concurrent marking (unload classes) 14.180ms
[2026-04-03T03:16:41.272+0600][22.811s][info][gc,start    ] GC(22) Pause Final Mark (unload classes)
[2026-04-03T03:16:41.272+0600][22.811s][info][gc,task     ] GC(22) Using 6 of 6 workers for final marking
[2026-04-03T03:16:41.273+0600][22.811s][info][gc,ergo     ] GC(22) Collectable Garbage: 543M (98%), Immediate: 543M (98%), CSet: 0B (0%)
[2026-04-03T03:16:41.273+0600][22.811s][info][gc          ] GC(22) Pause Final Mark (unload classes) 0.425ms
[2026-04-03T03:16:41.273+0600][22.811s][info][gc,start    ] GC(22) Concurrent weak references
[2026-04-03T03:16:41.273+0600][22.811s][info][gc,task     ] GC(22) Using 3 of 6 workers for concurrent weak references
[2026-04-03T03:16:41.273+0600][22.812s][info][gc,ref      ] GC(22) Encountered references: Soft: 3199, Weak: 5047, Final: 82, Phantom: 605
[2026-04-03T03:16:41.273+0600][22.812s][info][gc,ref      ] GC(22) Discovered  references: Soft: 0, Weak: 2856, Final: 50, Phantom: 219
[2026-04-03T03:16:41.273+0600][22.812s][info][gc,ref      ] GC(22) Enqueued    references: Soft: 0, Weak: 0, Final: 0, Phantom: 0
[2026-04-03T03:16:41.273+0600][22.812s][info][gc          ] GC(22) Concurrent weak references 0.512ms
[2026-04-03T03:16:41.273+0600][22.812s][info][gc,start    ] GC(22) Concurrent weak roots
[2026-04-03T03:16:41.273+0600][22.812s][info][gc,task     ] GC(22) Using 3 of 6 workers for concurrent weak root
[2026-04-03T03:16:41.275+0600][22.813s][info][gc          ] GC(22) Concurrent weak roots 1.648ms
[2026-04-03T03:16:41.275+0600][22.813s][info][gc,start    ] GC(22) Concurrent cleanup
[2026-04-03T03:16:41.276+0600][22.814s][info][gc          ] GC(22) Concurrent cleanup 600M->58M(603M) 0.532ms
[2026-04-03T03:16:41.276+0600][22.814s][info][gc,ergo     ] GC(22) Free: 653M, Max: 256K regular, 138M humongous, Frag: 79% external, 0% internal; Reserve: 38400K, Max: 256K
[2026-04-03T03:16:41.276+0600][22.814s][info][gc,start    ] GC(22) Concurrent class unloading
[2026-04-03T03:16:41.276+0600][22.814s][info][gc,task     ] GC(22) Using 3 of 6 workers for concurrent class unloading
[2026-04-03T03:16:41.279+0600][22.818s][info][gc          ] GC(22) Concurrent class unloading 3.741ms
[2026-04-03T03:16:41.279+0600][22.818s][info][gc,start    ] GC(22) Pause Final Roots
[2026-04-03T03:16:41.279+0600][22.818s][info][gc          ] GC(22) Pause Final Roots 0.030ms
[2026-04-03T03:16:41.280+0600][22.818s][info][gc,ergo     ] Free: 647M, Max: 256K regular, 138M humongous, Frag: 79% external, 0% internal; Reserve: 38400K, Max: 256K
[2026-04-03T03:16:41.280+0600][22.818s][info][gc,stats    ] 
[2026-04-03T03:16:41.280+0600][22.818s][info][gc,stats    ] All times are wall-clock times, except per-root-class counters, that are sum over
[2026-04-03T03:16:41.280+0600][22.818s][info][gc,stats    ] all workers. Dividing the <total> over the root stage time estimates parallelism.
[2026-04-03T03:16:41.280+0600][22.818s][info][gc,stats    ] 
[2026-04-03T03:16:41.280+0600][22.818s][info][gc,stats    ] Concurrent Reset                    616 us
[2026-04-03T03:16:41.280+0600][22.818s][info][gc,stats    ] Pause Init Mark (G)                 358 us
[2026-04-03T03:16:41.280+0600][22.818s][info][gc,stats    ] Pause Init Mark (N)                 115 us
[2026-04-03T03:16:41.280+0600][22.818s][info][gc,stats    ]   Update Region States               21 us
[2026-04-03T03:16:41.280+0600][22.818s][info][gc,stats    ] Concurrent Mark Roots               619 us, parallelism: 1.29x
[2026-04-03T03:16:41.280+0600][22.818s][info][gc,stats    ]   CMR: <total>                      800 us
[2026-04-03T03:16:41.280+0600][22.818s][info][gc,stats    ]   CMR: Thread Roots                 634 us, workers (us): 136, 274, 224, ---, ---, ---, 
[2026-04-03T03:16:41.280+0600][22.818s][info][gc,stats    ]   CMR: VM Strong Roots               18 us, workers (us):  16,   0,   1, ---, ---, ---, 
[2026-04-03T03:16:41.280+0600][22.818s][info][gc,stats    ]   CMR: CLDG Roots                   149 us, workers (us): 149, ---, ---, ---, ---, ---, 
[2026-04-03T03:16:41.280+0600][22.818s][info][gc,stats    ] Concurrent Marking                14252 us
[2026-04-03T03:16:41.280+0600][22.818s][info][gc,stats    ] Pause Final Mark (G)                632 us
[2026-04-03T03:16:41.280+0600][22.818s][info][gc,stats    ] Pause Final Mark (N)                438 us
[2026-04-03T03:16:41.280+0600][22.818s][info][gc,stats    ]   Finish Mark                       205 us
[2026-04-03T03:16:41.280+0600][22.818s][info][gc,stats    ]   Update Region States               57 us
[2026-04-03T03:16:41.280+0600][22.818s][info][gc,stats    ]   Choose Collection Set              70 us
[2026-04-03T03:16:41.280+0600][22.818s][info][gc,stats    ]   Rebuild Free Set                   25 us
[2026-04-03T03:16:41.280+0600][22.818s][info][gc,stats    ] Concurrent Weak References          524 us, parallelism: 0.67x
[2026-04-03T03:16:41.280+0600][22.818s][info][gc,stats    ]   CWRF: <total>                     352 us
[2026-04-03T03:16:41.280+0600][22.818s][info][gc,stats    ]   CWRF: Weak References             352 us, workers (us): 319,  19,  14, ---, ---, ---, 
[2026-04-03T03:16:41.280+0600][22.818s][info][gc,stats    ] Concurrent Weak Roots              1697 us
[2026-04-03T03:16:41.280+0600][22.818s][info][gc,stats    ]   Roots                            1464 us, parallelism: 2.31x
[2026-04-03T03:16:41.280+0600][22.818s][info][gc,stats    ]     CWR: <total>                   3388 us
[2026-04-03T03:16:41.280+0600][22.818s][info][gc,stats    ]     CWR: Code Cache Roots          2228 us, workers (us): 878, 759, 591, ---, ---, ---, 
[2026-04-03T03:16:41.280+0600][22.818s][info][gc,stats    ]     CWR: VM Weak Roots             1084 us, workers (us): 398, 395, 291, ---, ---, ---, 
[2026-04-03T03:16:41.280+0600][22.818s][info][gc,stats    ]     CWR: CLDG Roots                  76 us, workers (us): ---, ---,  76, ---, ---, ---, 
[2026-04-03T03:16:41.280+0600][22.818s][info][gc,stats    ]   Rendezvous                        161 us
[2026-04-03T03:16:41.280+0600][22.818s][info][gc,stats    ] Concurrent Cleanup                  549 us
[2026-04-03T03:16:41.280+0600][22.818s][info][gc,stats    ] Concurrent Class Unloading         3793 us
[2026-04-03T03:16:41.280+0600][22.818s][info][gc,stats    ]   Unlink Stale                     3434 us
[2026-04-03T03:16:41.280+0600][22.818s][info][gc,stats    ]     System Dictionary                52 us
[2026-04-03T03:16:41.280+0600][22.818s][info][gc,stats    ]     Weak Class Links                  0 us
[2026-04-03T03:16:41.280+0600][22.818s][info][gc,stats    ]     Code Roots                     3379 us
[2026-04-03T03:16:41.280+0600][22.818s][info][gc,stats    ]   Rendezvous                        175 us
[2026-04-03T03:16:41.280+0600][22.818s][info][gc,stats    ]   Purge Unlinked                    105 us
[2026-04-03T03:16:41.280+0600][22.818s][info][gc,stats    ]     Code Roots                       98 us
[2026-04-03T03:16:41.280+0600][22.818s][info][gc,stats    ]     CLDG                              6 us
[2026-04-03T03:16:41.280+0600][22.818s][info][gc,stats    ]     Exception Caches                  0 us
[2026-04-03T03:16:41.280+0600][22.818s][info][gc,stats    ] Pause Final Roots (G)               208 us
[2026-04-03T03:16:41.280+0600][22.818s][info][gc,stats    ] Pause Final Roots (N)                45 us
[2026-04-03T03:16:41.280+0600][22.819s][info][gc,stats    ] 
[2026-04-03T03:16:41.280+0600][22.819s][info][gc,stats    ] Allocation pacing accrued:
[2026-04-03T03:16:41.280+0600][22.819s][info][gc,stats    ]       0 of   294 ms (  0.0%): <total>
[2026-04-03T03:16:41.280+0600][22.819s][info][gc,stats    ]       0 of   294 ms (  0.0%): <average total>
[2026-04-03T03:16:41.280+0600][22.819s][info][gc,stats    ] 
[2026-04-03T03:16:41.280+0600][22.819s][info][gc,metaspace] Metaspace: 66602K(67520K)->66602K(67520K) NonClass: 58258K(58752K)->58258K(58752K) Class: 8344K(8768K)->8344K(8768K)
[2026-04-03T03:16:41.280+0600][22.819s][info][gc,ergo     ] Pacer for Idle. Initial: 15360K, Alloc Tax Rate: 1.0x
[2026-04-03T03:16:41.552+0600][23.090s][info][gc          ] Trigger: Average GC time (41.98 ms) is above the time for average allocation rate (1919 MB/s) to deplete free headroom (81492K) (margin of error = 1.81)
[2026-04-03T03:16:41.552+0600][23.090s][info][gc,ergo     ] Free headroom: 117M (free) - 38400K (spike) - 0B (penalties) = 81492K
[2026-04-03T03:16:41.552+0600][23.090s][info][gc,ergo     ] Free: 117M, Max: 256K regular, 110M humongous, Frag: 6% external, 0% internal; Reserve: 38400K, Max: 256K
[2026-04-03T03:16:41.552+0600][23.090s][info][gc,start    ] GC(23) Concurrent reset
[2026-04-03T03:16:41.552+0600][23.090s][info][gc,task     ] GC(23) Using 3 of 6 workers for concurrent reset
[2026-04-03T03:16:41.552+0600][23.090s][info][gc,ergo     ] GC(23) Pacer for Reset. Non-Taxable: 750M
[2026-04-03T03:16:41.552+0600][23.091s][info][gc          ] GC(23) Concurrent reset 0.443ms
[2026-04-03T03:16:41.553+0600][23.091s][info][gc,start    ] GC(23) Pause Init Mark (unload classes)
[2026-04-03T03:16:41.553+0600][23.091s][info][gc,task     ] GC(23) Using 6 of 6 workers for init marking
[2026-04-03T03:16:41.553+0600][23.091s][info][gc,ergo     ] GC(23) Pacer for Mark. Expected Live: 32564K, Free: 115M, Non-Taxable: 11861K, Alloc Tax Rate: 0.3x
[2026-04-03T03:16:41.553+0600][23.091s][info][gc          ] GC(23) Pause Init Mark (unload classes) 0.085ms
[2026-04-03T03:16:41.553+0600][23.091s][info][gc,start    ] GC(23) Concurrent marking roots
[2026-04-03T03:16:41.553+0600][23.091s][info][gc,task     ] GC(23) Using 3 of 6 workers for concurrent marking roots
[2026-04-03T03:16:41.553+0600][23.092s][info][gc          ] GC(23) Concurrent marking roots 0.594ms
[2026-04-03T03:16:41.553+0600][23.092s][info][gc,start    ] GC(23) Concurrent marking (unload classes)
[2026-04-03T03:16:41.553+0600][23.092s][info][gc,task     ] GC(23) Using 3 of 6 workers for concurrent marking
[2026-04-03T03:16:41.567+0600][23.106s][info][gc          ] GC(23) Concurrent marking (unload classes) 13.977ms
[2026-04-03T03:16:41.568+0600][23.106s][info][gc,start    ] GC(23) Pause Final Mark (unload classes)
[2026-04-03T03:16:41.568+0600][23.106s][info][gc,task     ] GC(23) Using 6 of 6 workers for final marking
[2026-04-03T03:16:41.568+0600][23.106s][info][gc,ergo     ] GC(23) Collectable Garbage: 556M (98%), Immediate: 556M (98%), CSet: 0B (0%)
[2026-04-03T03:16:41.568+0600][23.106s][info][gc          ] GC(23) Pause Final Mark (unload classes) 0.474ms
[2026-04-03T03:16:41.568+0600][23.106s][info][gc,start    ] GC(23) Concurrent weak references
[2026-04-03T03:16:41.568+0600][23.107s][info][gc,task     ] GC(23) Using 3 of 6 workers for concurrent weak references
[2026-04-03T03:16:41.568+0600][23.107s][info][gc,ref      ] GC(23) Encountered references: Soft: 3199, Weak: 5047, Final: 82, Phantom: 605
[2026-04-03T03:16:41.569+0600][23.107s][info][gc,ref      ] GC(23) Discovered  references: Soft: 0, Weak: 2615, Final: 50, Phantom: 219
[2026-04-03T03:16:41.569+0600][23.107s][info][gc,ref      ] GC(23) Enqueued    references: Soft: 0, Weak: 0, Final: 0, Phantom: 0
[2026-04-03T03:16:41.569+0600][23.107s][info][gc          ] GC(23) Concurrent weak references 0.429ms
[2026-04-03T03:16:41.569+0600][23.107s][info][gc,start    ] GC(23) Concurrent weak roots
[2026-04-03T03:16:41.569+0600][23.107s][info][gc,task     ] GC(23) Using 3 of 6 workers for concurrent weak root
[2026-04-03T03:16:41.570+0600][23.109s][info][gc          ] GC(23) Concurrent weak roots 1.788ms
[2026-04-03T03:16:41.570+0600][23.109s][info][gc,start    ] GC(23) Concurrent cleanup
[2026-04-03T03:16:41.571+0600][23.109s][info][gc          ] GC(23) Concurrent cleanup 614M->58M(617M) 0.542ms
[2026-04-03T03:16:41.571+0600][23.109s][info][gc,ergo     ] GC(23) Free: 652M, Max: 256K regular, 138M humongous, Frag: 79% external, 0% internal; Reserve: 38400K, Max: 256K
[2026-04-03T03:16:41.571+0600][23.109s][info][gc,start    ] GC(23) Concurrent class unloading
[2026-04-03T03:16:41.571+0600][23.109s][info][gc,task     ] GC(23) Using 3 of 6 workers for concurrent class unloading
[2026-04-03T03:16:41.575+0600][23.113s][info][gc          ] GC(23) Concurrent class unloading 3.561ms
[2026-04-03T03:16:41.575+0600][23.113s][info][gc,start    ] GC(23) Pause Final Roots
[2026-04-03T03:16:41.575+0600][23.113s][info][gc          ] GC(23) Pause Final Roots 0.034ms
[2026-04-03T03:16:41.575+0600][23.113s][info][gc,ergo     ] Free: 646M, Max: 256K regular, 138M humongous, Frag: 79% external, 0% internal; Reserve: 38400K, Max: 256K
[2026-04-03T03:16:41.575+0600][23.113s][info][gc,stats    ] 
[2026-04-03T03:16:41.575+0600][23.113s][info][gc,stats    ] All times are wall-clock times, except per-root-class counters, that are sum over
[2026-04-03T03:16:41.575+0600][23.113s][info][gc,stats    ] all workers. Dividing the <total> over the root stage time estimates parallelism.
[2026-04-03T03:16:41.575+0600][23.113s][info][gc,stats    ] 
[2026-04-03T03:16:41.575+0600][23.113s][info][gc,stats    ] Concurrent Reset                    472 us
[2026-04-03T03:16:41.575+0600][23.113s][info][gc,stats    ] Pause Init Mark (G)                 242 us
[2026-04-03T03:16:41.575+0600][23.113s][info][gc,stats    ] Pause Init Mark (N)                  95 us
[2026-04-03T03:16:41.575+0600][23.113s][info][gc,stats    ]   Update Region States               20 us
[2026-04-03T03:16:41.575+0600][23.113s][info][gc,stats    ] Concurrent Mark Roots               625 us, parallelism: 1.25x
[2026-04-03T03:16:41.575+0600][23.113s][info][gc,stats    ]   CMR: <total>                      784 us
[2026-04-03T03:16:41.575+0600][23.113s][info][gc,stats    ]   CMR: Thread Roots                 574 us, workers (us):  64, 256, 254, ---, ---, ---, 
[2026-04-03T03:16:41.575+0600][23.113s][info][gc,stats    ]   CMR: VM Strong Roots               16 us, workers (us):  15,   1,   0, ---, ---, ---, 
[2026-04-03T03:16:41.575+0600][23.113s][info][gc,stats    ]   CMR: CLDG Roots                   193 us, workers (us): 193, ---, ---, ---, ---, ---, 
[2026-04-03T03:16:41.575+0600][23.113s][info][gc,stats    ] Concurrent Marking                14044 us
[2026-04-03T03:16:41.575+0600][23.113s][info][gc,stats    ] Pause Final Mark (G)                711 us
[2026-04-03T03:16:41.575+0600][23.113s][info][gc,stats    ] Pause Final Mark (N)                489 us
[2026-04-03T03:16:41.575+0600][23.113s][info][gc,stats    ]   Finish Mark                       249 us
[2026-04-03T03:16:41.575+0600][23.113s][info][gc,stats    ]   Update Region States               55 us
[2026-04-03T03:16:41.575+0600][23.114s][info][gc,stats    ]   Choose Collection Set              87 us
[2026-04-03T03:16:41.575+0600][23.114s][info][gc,stats    ]   Rebuild Free Set                   24 us
[2026-04-03T03:16:41.575+0600][23.114s][info][gc,stats    ] Concurrent Weak References          439 us, parallelism: 0.68x
[2026-04-03T03:16:41.575+0600][23.114s][info][gc,stats    ]   CWRF: <total>                     300 us
[2026-04-03T03:16:41.575+0600][23.114s][info][gc,stats    ]   CWRF: Weak References             300 us, workers (us): 269,  17,  14, ---, ---, ---, 
[2026-04-03T03:16:41.575+0600][23.114s][info][gc,stats    ] Concurrent Weak Roots              1836 us
[2026-04-03T03:16:41.575+0600][23.114s][info][gc,stats    ]   Roots                            1603 us, parallelism: 2.47x
[2026-04-03T03:16:41.575+0600][23.114s][info][gc,stats    ]     CWR: <total>                   3966 us
[2026-04-03T03:16:41.575+0600][23.114s][info][gc,stats    ]     CWR: Code Cache Roots          2799 us, workers (us): 891, 1029, 880, ---, ---, ---, 
[2026-04-03T03:16:41.575+0600][23.114s][info][gc,stats    ]     CWR: VM Weak Roots             1100 us, workers (us): 386, 365, 348, ---, ---, ---, 
[2026-04-03T03:16:41.575+0600][23.114s][info][gc,stats    ]     CWR: CLDG Roots                  67 us, workers (us):  67, ---, ---, ---, ---, ---, 
[2026-04-03T03:16:41.575+0600][23.114s][info][gc,stats    ]   Rendezvous                        162 us
[2026-04-03T03:16:41.575+0600][23.114s][info][gc,stats    ] Concurrent Cleanup                  561 us
[2026-04-03T03:16:41.575+0600][23.114s][info][gc,stats    ] Concurrent Class Unloading         3620 us
[2026-04-03T03:16:41.575+0600][23.114s][info][gc,stats    ]   Unlink Stale                     3270 us
[2026-04-03T03:16:41.575+0600][23.114s][info][gc,stats    ]     System Dictionary                52 us
[2026-04-03T03:16:41.575+0600][23.114s][info][gc,stats    ]     Weak Class Links                  0 us
[2026-04-03T03:16:41.575+0600][23.114s][info][gc,stats    ]     Code Roots                     3214 us
[2026-04-03T03:16:41.575+0600][23.114s][info][gc,stats    ]   Rendezvous                        179 us
[2026-04-03T03:16:41.575+0600][23.114s][info][gc,stats    ]   Purge Unlinked                     86 us
[2026-04-03T03:16:41.575+0600][23.114s][info][gc,stats    ]     Code Roots                       79 us
[2026-04-03T03:16:41.575+0600][23.114s][info][gc,stats    ]     CLDG                              6 us
[2026-04-03T03:16:41.575+0600][23.114s][info][gc,stats    ]     Exception Caches                  0 us
[2026-04-03T03:16:41.575+0600][23.114s][info][gc,stats    ] Pause Final Roots (G)               235 us
[2026-04-03T03:16:41.575+0600][23.114s][info][gc,stats    ] Pause Final Roots (N)                49 us
[2026-04-03T03:16:41.575+0600][23.114s][info][gc,stats    ] 
[2026-04-03T03:16:41.575+0600][23.114s][info][gc,stats    ] Allocation pacing accrued:
[2026-04-03T03:16:41.575+0600][23.114s][info][gc,stats    ]       0 of   295 ms (  0.0%): <total>
[2026-04-03T03:16:41.575+0600][23.114s][info][gc,stats    ]       0 of   295 ms (  0.0%): <average total>
[2026-04-03T03:16:41.575+0600][23.114s][info][gc,stats    ] 
[2026-04-03T03:16:41.575+0600][23.114s][info][gc,metaspace] Metaspace: 66602K(67520K)->66602K(67520K) NonClass: 58258K(58752K)->58258K(58752K) Class: 8344K(8768K)->8344K(8768K)
[2026-04-03T03:16:41.575+0600][23.114s][info][gc,ergo     ] Pacer for Idle. Initial: 15360K, Alloc Tax Rate: 1.0x
[2026-04-03T03:16:41.908+0600][23.447s][info][gc          ] Trigger: Average GC time (36.24 ms) is above the time for average allocation rate (1707 MB/s) to deplete free headroom (63060K) (margin of error = 1.83)
[2026-04-03T03:16:41.908+0600][23.447s][info][gc,ergo     ] Free headroom: 101460K (free) - 38400K (spike) - 0B (penalties) = 63060K
[2026-04-03T03:16:41.908+0600][23.447s][info][gc,ergo     ] Free: 101204K, Max: 256K regular, 99072K humongous, Frag: 3% external, 1% internal; Reserve: 38400K, Max: 256K
[2026-04-03T03:16:41.909+0600][23.447s][info][gc,start    ] GC(24) Concurrent reset
[2026-04-03T03:16:41.909+0600][23.447s][info][gc,task     ] GC(24) Using 3 of 6 workers for concurrent reset
[2026-04-03T03:16:41.909+0600][23.447s][info][gc,ergo     ] GC(24) Pacer for Reset. Non-Taxable: 750M
[2026-04-03T03:16:41.909+0600][23.447s][info][gc          ] GC(24) Concurrent reset 0.538ms
[2026-04-03T03:16:41.909+0600][23.448s][info][gc,start    ] GC(24) Pause Init Mark (unload classes)
[2026-04-03T03:16:41.909+0600][23.448s][info][gc,task     ] GC(24) Using 6 of 6 workers for init marking
[2026-04-03T03:16:41.909+0600][23.448s][info][gc,ergo     ] GC(24) Pacer for Mark. Expected Live: 32565K, Free: 100436K, Non-Taxable: 10043K, Alloc Tax Rate: 0.4x
[2026-04-03T03:16:41.909+0600][23.448s][info][gc          ] GC(24) Pause Init Mark (unload classes) 0.132ms
[2026-04-03T03:16:41.909+0600][23.448s][info][gc,start    ] GC(24) Concurrent marking roots
[2026-04-03T03:16:41.909+0600][23.448s][info][gc,task     ] GC(24) Using 3 of 6 workers for concurrent marking roots
[2026-04-03T03:16:41.910+0600][23.449s][info][gc          ] GC(24) Concurrent marking roots 0.831ms
[2026-04-03T03:16:41.910+0600][23.449s][info][gc,start    ] GC(24) Concurrent marking (unload classes)
[2026-04-03T03:16:41.910+0600][23.449s][info][gc,task     ] GC(24) Using 3 of 6 workers for concurrent marking
[2026-04-03T03:16:41.928+0600][23.466s][info][gc          ] GC(24) Concurrent marking (unload classes) 17.465ms
[2026-04-03T03:16:41.928+0600][23.466s][info][gc,start    ] GC(24) Pause Final Mark (unload classes)
[2026-04-03T03:16:41.928+0600][23.466s][info][gc,task     ] GC(24) Using 6 of 6 workers for final marking
[2026-04-03T03:16:41.929+0600][23.467s][info][gc,ergo     ] GC(24) Collectable Garbage: 566M (97%), Immediate: 566M (97%), CSet: 0B (0%)
[2026-04-03T03:16:41.929+0600][23.467s][info][gc          ] GC(24) Pause Final Mark (unload classes) 0.596ms
[2026-04-03T03:16:41.929+0600][23.467s][info][gc,start    ] GC(24) Concurrent weak references
[2026-04-03T03:16:41.929+0600][23.467s][info][gc,task     ] GC(24) Using 3 of 6 workers for concurrent weak references
[2026-04-03T03:16:41.929+0600][23.468s][info][gc,ref      ] GC(24) Encountered references: Soft: 3248, Weak: 5526, Final: 82, Phantom: 601
[2026-04-03T03:16:41.929+0600][23.468s][info][gc,ref      ] GC(24) Discovered  references: Soft: 0, Weak: 1317, Final: 0, Phantom: 571
[2026-04-03T03:16:41.929+0600][23.468s][info][gc,ref      ] GC(24) Enqueued    references: Soft: 0, Weak: 246, Final: 0, Phantom: 0
[2026-04-03T03:16:41.929+0600][23.468s][info][gc          ] GC(24) Concurrent weak references 0.511ms
[2026-04-03T03:16:41.929+0600][23.468s][info][gc,start    ] GC(24) Concurrent weak roots
[2026-04-03T03:16:41.929+0600][23.468s][info][gc,task     ] GC(24) Using 3 of 6 workers for concurrent weak root
[2026-04-03T03:16:41.931+0600][23.470s][info][gc          ] GC(24) Concurrent weak roots 1.841ms
[2026-04-03T03:16:41.931+0600][23.470s][info][gc,start    ] GC(24) Concurrent cleanup
[2026-04-03T03:16:41.932+0600][23.470s][info][gc          ] GC(24) Concurrent cleanup 626M->60M(629M) 0.782ms
[2026-04-03T03:16:41.932+0600][23.470s][info][gc,ergo     ] GC(24) Free: 650M, Max: 256K regular, 86528K humongous, Frag: 88% external, 0% internal; Reserve: 38400K, Max: 256K
[2026-04-03T03:16:41.932+0600][23.470s][info][gc,start    ] GC(24) Concurrent class unloading
[2026-04-03T03:16:41.932+0600][23.471s][info][gc,task     ] GC(24) Using 3 of 6 workers for concurrent class unloading
[2026-04-03T03:16:41.937+0600][23.475s][info][gc          ] GC(24) Concurrent class unloading 4.461ms
[2026-04-03T03:16:41.937+0600][23.476s][info][gc,start    ] GC(24) Pause Final Roots
[2026-04-03T03:16:41.937+0600][23.476s][info][gc          ] GC(24) Pause Final Roots 0.049ms
[2026-04-03T03:16:41.938+0600][23.476s][info][gc,ergo     ] Free: 646M, Max: 256K regular, 86528K humongous, Frag: 87% external, 0% internal; Reserve: 38400K, Max: 256K
[2026-04-03T03:16:41.938+0600][23.476s][info][gc,stats    ] 
[2026-04-03T03:16:41.938+0600][23.476s][info][gc,stats    ] All times are wall-clock times, except per-root-class counters, that are sum over
[2026-04-03T03:16:41.938+0600][23.476s][info][gc,stats    ] all workers. Dividing the <total> over the root stage time estimates parallelism.
[2026-04-03T03:16:41.938+0600][23.476s][info][gc,stats    ] 
[2026-04-03T03:16:41.938+0600][23.476s][info][gc,stats    ] Concurrent Reset                    568 us
[2026-04-03T03:16:41.938+0600][23.476s][info][gc,stats    ] Pause Init Mark (G)                 382 us
[2026-04-03T03:16:41.938+0600][23.476s][info][gc,stats    ] Pause Init Mark (N)                 143 us
[2026-04-03T03:16:41.938+0600][23.476s][info][gc,stats    ]   Update Region States               37 us
[2026-04-03T03:16:41.938+0600][23.476s][info][gc,stats    ] Concurrent Mark Roots               861 us, parallelism: 1.99x
[2026-04-03T03:16:41.938+0600][23.476s][info][gc,stats    ]   CMR: <total>                     1709 us
[2026-04-03T03:16:41.938+0600][23.476s][info][gc,stats    ]   CMR: Thread Roots                1155 us, workers (us): 461, 484, 210, ---, ---, ---, 
[2026-04-03T03:16:41.938+0600][23.476s][info][gc,stats    ]   CMR: VM Strong Roots              289 us, workers (us): 136, 142,  11, ---, ---, ---, 
[2026-04-03T03:16:41.938+0600][23.476s][info][gc,stats    ]   CMR: CLDG Roots                   265 us, workers (us): ---, ---, 265, ---, ---, ---, 
[2026-04-03T03:16:41.938+0600][23.476s][info][gc,stats    ] Concurrent Marking                17557 us
[2026-04-03T03:16:41.938+0600][23.476s][info][gc,stats    ] Pause Final Mark (G)                982 us
[2026-04-03T03:16:41.938+0600][23.476s][info][gc,stats    ] Pause Final Mark (N)                614 us
[2026-04-03T03:16:41.938+0600][23.476s][info][gc,stats    ]   Finish Mark                       298 us
[2026-04-03T03:16:41.938+0600][23.476s][info][gc,stats    ]   Update Region States               64 us
[2026-04-03T03:16:41.938+0600][23.476s][info][gc,stats    ]   Choose Collection Set              97 us
[2026-04-03T03:16:41.938+0600][23.476s][info][gc,stats    ]   Rebuild Free Set                   29 us
[2026-04-03T03:16:41.938+0600][23.476s][info][gc,stats    ] Concurrent Weak References          523 us, parallelism: 0.54x
[2026-04-03T03:16:41.938+0600][23.476s][info][gc,stats    ]   CWRF: <total>                     281 us
[2026-04-03T03:16:41.938+0600][23.476s][info][gc,stats    ]   CWRF: Weak References             281 us, workers (us): 261,  18,   2, ---, ---, ---, 
[2026-04-03T03:16:41.938+0600][23.476s][info][gc,stats    ] Concurrent Weak Roots              1894 us
[2026-04-03T03:16:41.938+0600][23.476s][info][gc,stats    ]   Roots                            1587 us, parallelism: 2.39x
[2026-04-03T03:16:41.938+0600][23.476s][info][gc,stats    ]     CWR: <total>                   3789 us
[2026-04-03T03:16:41.938+0600][23.476s][info][gc,stats    ]     CWR: Code Cache Roots          2515 us, workers (us): 956, 726, 832, ---, ---, ---, 
[2026-04-03T03:16:41.938+0600][23.476s][info][gc,stats    ]     CWR: VM Weak Roots             1219 us, workers (us): 423, 407, 388, ---, ---, ---, 
[2026-04-03T03:16:41.938+0600][23.476s][info][gc,stats    ]     CWR: CLDG Roots                  55 us, workers (us): ---,  55, ---, ---, ---, ---, 
[2026-04-03T03:16:41.938+0600][23.476s][info][gc,stats    ]   Rendezvous                        229 us
[2026-04-03T03:16:41.938+0600][23.476s][info][gc,stats    ] Concurrent Cleanup                  798 us
[2026-04-03T03:16:41.938+0600][23.476s][info][gc,stats    ] Concurrent Class Unloading         4511 us
[2026-04-03T03:16:41.938+0600][23.476s][info][gc,stats    ]   Unlink Stale                     4020 us
[2026-04-03T03:16:41.938+0600][23.476s][info][gc,stats    ]     System Dictionary                99 us
[2026-04-03T03:16:41.938+0600][23.476s][info][gc,stats    ]     Weak Class Links                  1 us
[2026-04-03T03:16:41.938+0600][23.476s][info][gc,stats    ]     Code Roots                     3918 us
[2026-04-03T03:16:41.938+0600][23.476s][info][gc,stats    ]   Rendezvous                        242 us
[2026-04-03T03:16:41.938+0600][23.476s][info][gc,stats    ]   Purge Unlinked                    177 us
[2026-04-03T03:16:41.938+0600][23.476s][info][gc,stats    ]     Code Roots                      166 us
[2026-04-03T03:16:41.938+0600][23.476s][info][gc,stats    ]     CLDG                             10 us
[2026-04-03T03:16:41.938+0600][23.476s][info][gc,stats    ]     Exception Caches                  0 us
[2026-04-03T03:16:41.938+0600][23.476s][info][gc,stats    ] Pause Final Roots (G)              1010 us
[2026-04-03T03:16:41.938+0600][23.476s][info][gc,stats    ] Pause Final Roots (N)                66 us
[2026-04-03T03:16:41.938+0600][23.476s][info][gc,stats    ] 
[2026-04-03T03:16:41.938+0600][23.476s][info][gc,stats    ] Allocation pacing accrued:
[2026-04-03T03:16:41.938+0600][23.476s][info][gc,stats    ]       0 of   363 ms (  0.0%): <total>
[2026-04-03T03:16:41.938+0600][23.476s][info][gc,stats    ]       0 of   363 ms (  0.0%): <average total>
[2026-04-03T03:16:41.938+0600][23.476s][info][gc,stats    ] 
[2026-04-03T03:16:41.938+0600][23.477s][info][gc,metaspace] Metaspace: 67393K(68096K)->67393K(68096K) NonClass: 58885K(59264K)->58885K(59264K) Class: 8508K(8832K)->8508K(8832K)
[2026-04-03T03:16:41.938+0600][23.477s][info][gc,ergo     ] Pacer for Idle. Initial: 15360K, Alloc Tax Rate: 1.0x
[2026-04-03T03:16:43.514+0600][25.052s][info][gc          ] Trigger: Free (76372K) is below minimum threshold (76800K)
[2026-04-03T03:16:43.514+0600][25.052s][info][gc,ergo     ] Free: 76372K, Max: 256K regular, 76288K humongous, Frag: 0% external, 1% internal; Reserve: 38400K, Max: 256K
[2026-04-03T03:16:43.514+0600][25.052s][info][gc,start    ] GC(25) Concurrent reset
[2026-04-03T03:16:43.514+0600][25.053s][info][gc,task     ] GC(25) Using 3 of 6 workers for concurrent reset
[2026-04-03T03:16:43.514+0600][25.053s][info][gc,ergo     ] GC(25) Pacer for Reset. Non-Taxable: 750M
[2026-04-03T03:16:43.515+0600][25.053s][info][gc          ] GC(25) Concurrent reset 0.644ms
[2026-04-03T03:16:43.515+0600][25.053s][info][gc,start    ] GC(25) Pause Init Mark (unload classes)
[2026-04-03T03:16:43.515+0600][25.053s][info][gc,task     ] GC(25) Using 6 of 6 workers for init marking
[2026-04-03T03:16:43.515+0600][25.054s][info][gc,ergo     ] GC(25) Pacer for Mark. Expected Live: 32442K, Free: 76116K, Non-Taxable: 7611K, Alloc Tax Rate: 0.5x
[2026-04-03T03:16:43.515+0600][25.054s][info][gc          ] GC(25) Pause Init Mark (unload classes) 0.102ms
[2026-04-03T03:16:43.515+0600][25.054s][info][gc,start    ] GC(25) Concurrent marking roots
[2026-04-03T03:16:43.515+0600][25.054s][info][gc,task     ] GC(25) Using 3 of 6 workers for concurrent marking roots
[2026-04-03T03:16:43.516+0600][25.055s][info][gc          ] GC(25) Concurrent marking roots 1.246ms
[2026-04-03T03:16:43.517+0600][25.055s][info][gc,start    ] GC(25) Concurrent marking (unload classes)
[2026-04-03T03:16:43.517+0600][25.055s][info][gc,task     ] GC(25) Using 3 of 6 workers for concurrent marking
[2026-04-03T03:16:43.666+0600][25.204s][info][gc          ] GC(25) Concurrent marking (unload classes) 149.532ms
[2026-04-03T03:16:43.666+0600][25.205s][info][gc,start    ] GC(25) Pause Final Mark (unload classes)
[2026-04-03T03:16:43.666+0600][25.205s][info][gc,task     ] GC(25) Using 6 of 6 workers for final marking
[2026-04-03T03:16:43.667+0600][25.205s][info][gc,ergo     ] GC(25) Adaptive CSet Selection. Target Free: 106M, Actual Free: 228M, Max CSet: 32000K, Min Garbage: 0B
[2026-04-03T03:16:43.667+0600][25.206s][info][gc,ergo     ] GC(25) Collectable Garbage: 420M (79%), Immediate: 149M (28%), CSet: 271M (51%)
[2026-04-03T03:16:43.667+0600][25.206s][info][gc,ergo     ] GC(25) Pacer for Evacuation. Used CSet: 302M, Free: 193M, Non-Taxable: 19845K, Alloc Tax Rate: 3.8x
[2026-04-03T03:16:43.667+0600][25.206s][info][gc          ] GC(25) Pause Final Mark (unload classes) 1.137ms
[2026-04-03T03:16:43.668+0600][25.206s][info][gc,start    ] GC(25) Concurrent thread roots
[2026-04-03T03:16:43.668+0600][25.206s][info][gc,task     ] GC(25) Using 3 of 6 workers for Concurrent thread roots
[2026-04-03T03:16:43.668+0600][25.207s][info][gc          ] GC(25) Concurrent thread roots 0.667ms
[2026-04-03T03:16:43.668+0600][25.207s][info][gc,start    ] GC(25) Concurrent weak references
[2026-04-03T03:16:43.668+0600][25.207s][info][gc,task     ] GC(25) Using 3 of 6 workers for concurrent weak references
[2026-04-03T03:16:43.669+0600][25.207s][info][gc,ref      ] GC(25) Encountered references: Soft: 3332, Weak: 6078, Final: 82, Phantom: 597
[2026-04-03T03:16:43.669+0600][25.207s][info][gc,ref      ] GC(25) Discovered  references: Soft: 0, Weak: 909, Final: 0, Phantom: 594
[2026-04-03T03:16:43.669+0600][25.207s][info][gc,ref      ] GC(25) Enqueued    references: Soft: 0, Weak: 369, Final: 0, Phantom: 0
[2026-04-03T03:16:43.669+0600][25.207s][info][gc          ] GC(25) Concurrent weak references 0.363ms
[2026-04-03T03:16:43.669+0600][25.207s][info][gc,start    ] GC(25) Concurrent weak roots
[2026-04-03T03:16:43.669+0600][25.207s][info][gc,task     ] GC(25) Using 3 of 6 workers for concurrent weak root
[2026-04-03T03:16:43.671+0600][25.209s][info][gc          ] GC(25) Concurrent weak roots 2.002ms
[2026-04-03T03:16:43.671+0600][25.209s][info][gc,start    ] GC(25) Concurrent cleanup
[2026-04-03T03:16:43.671+0600][25.209s][info][gc          ] GC(25) Concurrent cleanup 667M->517M(673M) 0.278ms
[2026-04-03T03:16:43.671+0600][25.209s][info][gc,ergo     ] GC(25) Free: 193M, Max: 256K regular, 51200K humongous, Frag: 75% external, 0% internal; Reserve: 38287K, Max: 256K
[2026-04-03T03:16:43.671+0600][25.210s][info][gc,start    ] GC(25) Concurrent class unloading
[2026-04-03T03:16:43.671+0600][25.210s][info][gc,task     ] GC(25) Using 3 of 6 workers for concurrent class unloading
[2026-04-03T03:16:43.700+0600][25.239s][info][gc          ] GC(25) Concurrent class unloading 29.257ms
[2026-04-03T03:16:43.700+0600][25.239s][info][gc,start    ] GC(25) Concurrent strong roots
[2026-04-03T03:16:43.701+0600][25.239s][info][gc,task     ] GC(25) Using 3 of 6 workers for concurrent strong root
[2026-04-03T03:16:43.701+0600][25.240s][info][gc          ] GC(25) Concurrent strong roots 0.786ms
[2026-04-03T03:16:43.701+0600][25.240s][info][gc,start    ] GC(25) Concurrent evacuation
[2026-04-03T03:16:43.701+0600][25.240s][info][gc,task     ] GC(25) Using 3 of 6 workers for concurrent evacuation
[2026-04-03T03:16:43.742+0600][25.280s][info][gc          ] GC(25) Concurrent evacuation 40.616ms
[2026-04-03T03:16:43.742+0600][25.281s][info][gc,start    ] GC(25) Pause Init Update Refs
[2026-04-03T03:16:43.742+0600][25.281s][info][gc,ergo     ] GC(25) Pacer for Update Refs. Used: 565M, Free: 177M, Non-Taxable: 18128K, Alloc Tax Rate: 3.9x
[2026-04-03T03:16:43.742+0600][25.281s][info][gc          ] GC(25) Pause Init Update Refs 0.091ms
[2026-04-03T03:16:43.742+0600][25.281s][info][gc,start    ] GC(25) Concurrent update references
[2026-04-03T03:16:43.742+0600][25.281s][info][gc,task     ] GC(25) Using 3 of 6 workers for concurrent reference update
[2026-04-03T03:16:43.827+0600][25.365s][info][gc          ] GC(25) Concurrent update references 84.060ms
[2026-04-03T03:16:43.827+0600][25.365s][info][gc,start    ] GC(25) Concurrent update thread roots
[2026-04-03T03:16:43.828+0600][25.366s][info][gc          ] GC(25) Concurrent update thread roots 0.933ms
[2026-04-03T03:16:43.829+0600][25.367s][info][gc,start    ] GC(25) Pause Final Update Refs
[2026-04-03T03:16:43.829+0600][25.367s][info][gc,task     ] GC(25) Using 6 of 6 workers for final reference update
[2026-04-03T03:16:43.829+0600][25.367s][info][gc          ] GC(25) Pause Final Update Refs 0.362ms
[2026-04-03T03:16:43.829+0600][25.367s][info][gc,start    ] GC(25) Concurrent cleanup
[2026-04-03T03:16:43.829+0600][25.368s][info][gc          ] GC(25) Concurrent cleanup 586M->283M(704M) 0.412ms
[2026-04-03T03:16:43.830+0600][25.368s][info][gc,ergo     ] Free: 426M, Max: 256K regular, 99328K humongous, Frag: 78% external, 0% internal; Reserve: 38400K, Max: 256K
[2026-04-03T03:16:43.830+0600][25.368s][info][gc,stats    ] 
[2026-04-03T03:16:43.830+0600][25.368s][info][gc,stats    ] All times are wall-clock times, except per-root-class counters, that are sum over
[2026-04-03T03:16:43.830+0600][25.368s][info][gc,stats    ] all workers. Dividing the <total> over the root stage time estimates parallelism.
[2026-04-03T03:16:43.830+0600][25.368s][info][gc,stats    ] 
[2026-04-03T03:16:43.830+0600][25.368s][info][gc,stats    ] Concurrent Reset                    694 us
[2026-04-03T03:16:43.830+0600][25.368s][info][gc,stats    ] Pause Init Mark (G)                 425 us
[2026-04-03T03:16:43.830+0600][25.368s][info][gc,stats    ] Pause Init Mark (N)                 112 us
[2026-04-03T03:16:43.830+0600][25.368s][info][gc,stats    ]   Update Region States               25 us
[2026-04-03T03:16:43.830+0600][25.368s][info][gc,stats    ] Concurrent Mark Roots              1277 us, parallelism: 2.27x
[2026-04-03T03:16:43.830+0600][25.368s][info][gc,stats    ]   CMR: <total>                     2893 us
[2026-04-03T03:16:43.830+0600][25.368s][info][gc,stats    ]   CMR: Thread Roots                2546 us, workers (us): 679, 938, 929, ---, ---, ---, 
[2026-04-03T03:16:43.830+0600][25.368s][info][gc,stats    ]   CMR: VM Strong Roots               90 us, workers (us):  88,   1,   1, ---, ---, ---, 
[2026-04-03T03:16:43.830+0600][25.368s][info][gc,stats    ]   CMR: CLDG Roots                   257 us, workers (us): 257, ---, ---, ---, ---, ---, 
[2026-04-03T03:16:43.830+0600][25.368s][info][gc,stats    ] Concurrent Marking               149618 us
[2026-04-03T03:16:43.830+0600][25.368s][info][gc,stats    ] Pause Final Mark (G)               1451 us
[2026-04-03T03:16:43.830+0600][25.368s][info][gc,stats    ] Pause Final Mark (N)               1150 us
[2026-04-03T03:16:43.830+0600][25.368s][info][gc,stats    ]   Finish Mark                       200 us
[2026-04-03T03:16:43.830+0600][25.368s][info][gc,stats    ]   Update Region States               63 us
[2026-04-03T03:16:43.830+0600][25.368s][info][gc,stats    ]   Choose Collection Set             712 us
[2026-04-03T03:16:43.830+0600][25.368s][info][gc,stats    ]   Rebuild Free Set                   57 us
[2026-04-03T03:16:43.830+0600][25.368s][info][gc,stats    ] Concurrent Thread Roots             723 us, parallelism: 1.58x
[2026-04-03T03:16:43.830+0600][25.368s][info][gc,stats    ]   CTR: <total>                     1146 us
[2026-04-03T03:16:43.830+0600][25.368s][info][gc,stats    ]   CTR: Thread Roots                1146 us, workers (us): 414, 405, 326, ---, ---, ---, 
[2026-04-03T03:16:43.830+0600][25.368s][info][gc,stats    ] Concurrent Weak References          394 us, parallelism: 0.81x
[2026-04-03T03:16:43.830+0600][25.368s][info][gc,stats    ]   CWRF: <total>                     318 us
[2026-04-03T03:16:43.830+0600][25.368s][info][gc,stats    ]   CWRF: Weak References             318 us, workers (us): 115, 123,  80, ---, ---, ---, 
[2026-04-03T03:16:43.830+0600][25.368s][info][gc,stats    ] Concurrent Weak Roots              2058 us
[2026-04-03T03:16:43.830+0600][25.368s][info][gc,stats    ]   Roots                            1797 us, parallelism: 2.46x
[2026-04-03T03:16:43.830+0600][25.368s][info][gc,stats    ]     CWR: <total>                   4418 us
[2026-04-03T03:16:43.830+0600][25.368s][info][gc,stats    ]     CWR: Code Cache Roots          2655 us, workers (us): 859, 904, 893, ---, ---, ---, 
[2026-04-03T03:16:43.830+0600][25.368s][info][gc,stats    ]     CWR: VM Weak Roots             1650 us, workers (us): 571, 542, 537, ---, ---, ---, 
[2026-04-03T03:16:43.830+0600][25.368s][info][gc,stats    ]     CWR: CLDG Roots                 113 us, workers (us): 113, ---, ---, ---, ---, ---, 
[2026-04-03T03:16:43.830+0600][25.368s][info][gc,stats    ]   Rendezvous                        177 us
[2026-04-03T03:16:43.830+0600][25.368s][info][gc,stats    ] Concurrent Cleanup                  320 us
[2026-04-03T03:16:43.830+0600][25.368s][info][gc,stats    ] Concurrent Class Unloading        29368 us
[2026-04-03T03:16:43.830+0600][25.368s][info][gc,stats    ]   Unlink Stale                    22700 us
[2026-04-03T03:16:43.830+0600][25.368s][info][gc,stats    ]     System Dictionary               358 us
[2026-04-03T03:16:43.830+0600][25.368s][info][gc,stats    ]     Weak Class Links              14561 us
[2026-04-03T03:16:43.830+0600][25.368s][info][gc,stats    ]     Code Roots                     7775 us
[2026-04-03T03:16:43.830+0600][25.368s][info][gc,stats    ]   Rendezvous                        366 us
[2026-04-03T03:16:43.830+0600][25.368s][info][gc,stats    ]   Purge Unlinked                   6156 us
[2026-04-03T03:16:43.830+0600][25.369s][info][gc,stats    ]     Code Roots                     5971 us
[2026-04-03T03:16:43.830+0600][25.369s][info][gc,stats    ]     CLDG                            184 us
[2026-04-03T03:16:43.830+0600][25.369s][info][gc,stats    ]     Exception Caches                  1 us
[2026-04-03T03:16:43.830+0600][25.369s][info][gc,stats    ] Concurrent Strong Roots             855 us, parallelism: 0.54x
[2026-04-03T03:16:43.830+0600][25.369s][info][gc,stats    ]   CSR: <total>                      462 us
[2026-04-03T03:16:43.830+0600][25.369s][info][gc,stats    ]   CSR: VM Strong Roots               43 us, workers (us):  18,  20,   6, ---, ---, ---, 
[2026-04-03T03:16:43.830+0600][25.369s][info][gc,stats    ]   CSR: CLDG Roots                   419 us, workers (us): 419, ---, ---, ---, ---, ---, 
[2026-04-03T03:16:43.830+0600][25.369s][info][gc,stats    ] Concurrent Evacuation             40716 us
[2026-04-03T03:16:43.830+0600][25.369s][info][gc,stats    ] Pause Init Update Refs (G)          374 us
[2026-04-03T03:16:43.830+0600][25.369s][info][gc,stats    ] Pause Init Update Refs (N)          106 us
[2026-04-03T03:16:43.830+0600][25.369s][info][gc,stats    ]   Manage GCLABs                      17 us
[2026-04-03T03:16:43.830+0600][25.369s][info][gc,stats    ] Concurrent Update Refs            84179 us
[2026-04-03T03:16:43.830+0600][25.369s][info][gc,stats    ] Concurrent Update Thread Roots     1783 us
[2026-04-03T03:16:43.830+0600][25.369s][info][gc,stats    ] Pause Final Update Refs (G)         652 us
[2026-04-03T03:16:43.830+0600][25.369s][info][gc,stats    ] Pause Final Update Refs (N)         386 us
[2026-04-03T03:16:43.830+0600][25.369s][info][gc,stats    ]   Update Region States               99 us
[2026-04-03T03:16:43.830+0600][25.369s][info][gc,stats    ]   Trash Collection Set               36 us
[2026-04-03T03:16:43.830+0600][25.369s][info][gc,stats    ]   Rebuild Free Set                   48 us
[2026-04-03T03:16:43.830+0600][25.369s][info][gc,stats    ] Concurrent Cleanup                  442 us
[2026-04-03T03:16:43.830+0600][25.369s][info][gc,stats    ] Pacing                           109116 us
[2026-04-03T03:16:43.830+0600][25.369s][info][gc,stats    ] 
[2026-04-03T03:16:43.830+0600][25.369s][info][gc,stats    ] Allocation pacing accrued:
[2026-04-03T03:16:43.830+0600][25.369s][info][gc,stats    ]      35 of  1892 ms (  1.8%): Executor task launch worker for task 1.0 in stage 1.0 (TID 4)
[2026-04-03T03:16:43.830+0600][25.369s][info][gc,stats    ]      35 of  1892 ms (  1.8%): Executor task launch worker for task 2.0 in stage 1.0 (TID 5)
[2026-04-03T03:16:43.830+0600][25.369s][info][gc,stats    ]      39 of  1892 ms (  2.1%): Executor task launch worker for task 0.0 in stage 1.0 (TID 3)
[2026-04-03T03:16:43.830+0600][25.369s][info][gc,stats    ]     109 of  1892 ms (  5.8%): <total>
[2026-04-03T03:16:43.830+0600][25.369s][info][gc,stats    ]       1 of  1892 ms (  0.1%): <average total>
[2026-04-03T03:16:43.830+0600][25.369s][info][gc,stats    ]      36 of  1892 ms (  1.9%): <average non-zero>
[2026-04-03T03:16:43.830+0600][25.369s][info][gc,stats    ] 
[2026-04-03T03:16:43.830+0600][25.369s][info][gc,metaspace] Metaspace: 68966K(69824K)->69167K(69952K) NonClass: 60191K(60672K)->60351K(60800K) Class: 8774K(9152K)->8816K(9152K)
[2026-04-03T03:16:43.830+0600][25.369s][info][gc,ergo     ] Pacer for Idle. Initial: 15360K, Alloc Tax Rate: 1.0x
[2026-04-03T03:16:44.304+0600][25.843s][info][gc          ] Trigger: Average GC time (437.23 ms) is above the time for average allocation rate (442 MB/s) to deplete free headroom (193M) (margin of error = 1.84)
[2026-04-03T03:16:44.304+0600][25.843s][info][gc,ergo     ] Free headroom: 230M (free) - 38400K (spike) - 0B (penalties) = 193M
[2026-04-03T03:16:44.305+0600][25.843s][info][gc,ergo     ] Free: 230M, Max: 256K regular, 47872K humongous, Frag: 80% external, 0% internal; Reserve: 38400K, Max: 256K
[2026-04-03T03:16:44.305+0600][25.843s][info][gc,start    ] GC(26) Concurrent reset
[2026-04-03T03:16:44.305+0600][25.843s][info][gc,task     ] GC(26) Using 3 of 6 workers for concurrent reset
[2026-04-03T03:16:44.305+0600][25.843s][info][gc,ergo     ] GC(26) Pacer for Reset. Non-Taxable: 750M
[2026-04-03T03:16:44.307+0600][25.845s][info][gc          ] GC(26) Concurrent reset 2.370ms
[2026-04-03T03:16:44.307+0600][25.846s][info][gc,start    ] GC(26) Pause Init Mark (unload classes)
[2026-04-03T03:16:44.307+0600][25.846s][info][gc,task     ] GC(26) Using 6 of 6 workers for init marking
[2026-04-03T03:16:44.307+0600][25.846s][info][gc,ergo     ] GC(26) Pacer for Mark. Expected Live: 47623K, Free: 229M, Non-Taxable: 23529K, Alloc Tax Rate: 0.2x
[2026-04-03T03:16:44.307+0600][25.846s][info][gc          ] GC(26) Pause Init Mark (unload classes) 0.150ms
[2026-04-03T03:16:44.308+0600][25.846s][info][gc,start    ] GC(26) Concurrent marking roots
[2026-04-03T03:16:44.308+0600][25.846s][info][gc,task     ] GC(26) Using 3 of 6 workers for concurrent marking roots
[2026-04-03T03:16:44.308+0600][25.847s][info][gc          ] GC(26) Concurrent marking roots 0.913ms
[2026-04-03T03:16:44.308+0600][25.847s][info][gc,start    ] GC(26) Concurrent marking (unload classes)
[2026-04-03T03:16:44.308+0600][25.847s][info][gc,task     ] GC(26) Using 3 of 6 workers for concurrent marking
[2026-04-03T03:16:44.564+0600][26.102s][info][gc          ] GC(26) Concurrent marking (unload classes) 255.218ms
[2026-04-03T03:16:44.564+0600][26.102s][info][gc,start    ] GC(26) Pause Final Mark (unload classes)
[2026-04-03T03:16:44.564+0600][26.103s][info][gc,task     ] GC(26) Using 6 of 6 workers for final marking
[2026-04-03T03:16:44.565+0600][26.103s][info][gc,ergo     ] GC(26) Adaptive CSet Selection. Target Free: 106M, Actual Free: 200M, Max CSet: 32000K, Min Garbage: 0B
[2026-04-03T03:16:44.565+0600][26.104s][info][gc,ergo     ] GC(26) Collectable Garbage: 242M (72%), Immediate: 12800K (3%), CSet: 229M (68%)
[2026-04-03T03:16:44.565+0600][26.104s][info][gc,ergo     ] GC(26) Pacer for Evacuation. Used CSet: 261M, Free: 165M, Non-Taxable: 16925K, Alloc Tax Rate: 3.9x
[2026-04-03T03:16:44.566+0600][26.104s][info][gc          ] GC(26) Pause Final Mark (unload classes) 1.475ms
[2026-04-03T03:16:44.566+0600][26.104s][info][gc,start    ] GC(26) Concurrent thread roots
[2026-04-03T03:16:44.566+0600][26.104s][info][gc,task     ] GC(26) Using 3 of 6 workers for Concurrent thread roots
[2026-04-03T03:16:44.566+0600][26.105s][info][gc          ] GC(26) Concurrent thread roots 0.758ms
[2026-04-03T03:16:44.566+0600][26.105s][info][gc,start    ] GC(26) Concurrent weak references
[2026-04-03T03:16:44.566+0600][26.105s][info][gc,task     ] GC(26) Using 3 of 6 workers for concurrent weak references
[2026-04-03T03:16:44.567+0600][26.105s][info][gc,ref      ] GC(26) Encountered references: Soft: 3354, Weak: 5951, Final: 82, Phantom: 595
[2026-04-03T03:16:44.567+0600][26.105s][info][gc,ref      ] GC(26) Discovered  references: Soft: 0, Weak: 1303, Final: 0, Phantom: 592
[2026-04-03T03:16:44.567+0600][26.105s][info][gc,ref      ] GC(26) Enqueued    references: Soft: 0, Weak: 78, Final: 0, Phantom: 0
[2026-04-03T03:16:44.567+0600][26.105s][info][gc          ] GC(26) Concurrent weak references 0.601ms
[2026-04-03T03:16:44.567+0600][26.105s][info][gc,start    ] GC(26) Concurrent weak roots
[2026-04-03T03:16:44.567+0600][26.105s][info][gc,task     ] GC(26) Using 3 of 6 workers for concurrent weak root
[2026-04-03T03:16:44.570+0600][26.109s][info][gc          ] GC(26) Concurrent weak roots 3.119ms
[2026-04-03T03:16:44.570+0600][26.109s][info][gc,start    ] GC(26) Concurrent cleanup
[2026-04-03T03:16:44.571+0600][26.109s][info][gc          ] GC(26) Concurrent cleanup 557M->545M(704M) 0.251ms
[2026-04-03T03:16:44.571+0600][26.109s][info][gc,ergo     ] GC(26) Free: 163M, Max: 256K regular, 12544K humongous, Frag: 93% external, 0% internal; Reserve: 38268K, Max: 256K
[2026-04-03T03:16:44.571+0600][26.109s][info][gc,start    ] GC(26) Concurrent class unloading
[2026-04-03T03:16:44.571+0600][26.109s][info][gc,task     ] GC(26) Using 3 of 6 workers for concurrent class unloading
[2026-04-03T03:16:44.579+0600][26.117s][info][gc          ] GC(26) Concurrent class unloading 7.898ms
[2026-04-03T03:16:44.579+0600][26.117s][info][gc,start    ] GC(26) Concurrent strong roots
[2026-04-03T03:16:44.579+0600][26.117s][info][gc,task     ] GC(26) Using 3 of 6 workers for concurrent strong root
[2026-04-03T03:16:44.580+0600][26.118s][info][gc          ] GC(26) Concurrent strong roots 0.981ms
[2026-04-03T03:16:44.580+0600][26.118s][info][gc,start    ] GC(26) Concurrent evacuation
[2026-04-03T03:16:44.580+0600][26.118s][info][gc,task     ] GC(26) Using 3 of 6 workers for concurrent evacuation
[2026-04-03T03:16:44.626+0600][26.165s][info][gc          ] GC(26) Concurrent evacuation 46.749ms
[2026-04-03T03:16:44.627+0600][26.165s][info][gc,start    ] GC(26) Pause Init Update Refs
[2026-04-03T03:16:44.627+0600][26.165s][info][gc,ergo     ] GC(26) Pacer for Update Refs. Used: 597M, Free: 143M, Non-Taxable: 14646K, Alloc Tax Rate: 5.1x
[2026-04-03T03:16:44.627+0600][26.165s][info][gc          ] GC(26) Pause Init Update Refs 0.159ms
[2026-04-03T03:16:44.627+0600][26.165s][info][gc,start    ] GC(26) Concurrent update references
[2026-04-03T03:16:44.627+0600][26.165s][info][gc,task     ] GC(26) Using 3 of 6 workers for concurrent reference update
[2026-04-03T03:16:44.788+0600][26.326s][info][gc          ] GC(26) Concurrent update references 160.736ms
[2026-04-03T03:16:44.788+0600][26.326s][info][gc,start    ] GC(26) Concurrent update thread roots
[2026-04-03T03:16:44.789+0600][26.327s][info][gc          ] GC(26) Concurrent update thread roots 0.938ms
[2026-04-03T03:16:44.789+0600][26.327s][info][gc,start    ] GC(26) Pause Final Update Refs
[2026-04-03T03:16:44.789+0600][26.328s][info][gc,task     ] GC(26) Using 6 of 6 workers for final reference update
[2026-04-03T03:16:44.789+0600][26.328s][info][gc          ] GC(26) Pause Final Update Refs 0.260ms
[2026-04-03T03:16:44.789+0600][26.328s][info][gc,start    ] GC(26) Concurrent cleanup
[2026-04-03T03:16:44.790+0600][26.328s][info][gc          ] GC(26) Concurrent cleanup 663M->402M(733M) 0.409ms
[2026-04-03T03:16:44.790+0600][26.328s][info][gc,ergo     ] Free: 304M, Max: 256K regular, 17664K humongous, Frag: 95% external, 0% internal; Reserve: 38400K, Max: 256K
[2026-04-03T03:16:44.790+0600][26.328s][info][gc,stats    ] 
[2026-04-03T03:16:44.790+0600][26.328s][info][gc,stats    ] All times are wall-clock times, except per-root-class counters, that are sum over
[2026-04-03T03:16:44.790+0600][26.328s][info][gc,stats    ] all workers. Dividing the <total> over the root stage time estimates parallelism.
[2026-04-03T03:16:44.790+0600][26.328s][info][gc,stats    ] 
[2026-04-03T03:16:44.790+0600][26.328s][info][gc,stats    ] Concurrent Reset                   2437 us
[2026-04-03T03:16:44.790+0600][26.328s][info][gc,stats    ] Pause Init Mark (G)                 515 us
[2026-04-03T03:16:44.790+0600][26.328s][info][gc,stats    ] Pause Init Mark (N)                 171 us
[2026-04-03T03:16:44.790+0600][26.328s][info][gc,stats    ]   Update Region States               51 us
[2026-04-03T03:16:44.790+0600][26.328s][info][gc,stats    ] Concurrent Mark Roots               950 us, parallelism: 1.59x
[2026-04-03T03:16:44.790+0600][26.328s][info][gc,stats    ]   CMR: <total>                     1511 us
[2026-04-03T03:16:44.790+0600][26.328s][info][gc,stats    ]   CMR: Thread Roots                1165 us, workers (us): 499, 184, 482, ---, ---, ---, 
[2026-04-03T03:16:44.790+0600][26.329s][info][gc,stats    ]   CMR: VM Strong Roots               33 us, workers (us):  18,  15,   1, ---, ---, ---, 
[2026-04-03T03:16:44.790+0600][26.329s][info][gc,stats    ]   CMR: CLDG Roots                   312 us, workers (us): ---, 312, ---, ---, ---, ---, 
[2026-04-03T03:16:44.790+0600][26.329s][info][gc,stats    ] Concurrent Marking               255358 us
[2026-04-03T03:16:44.790+0600][26.329s][info][gc,stats    ] Pause Final Mark (G)               1768 us
[2026-04-03T03:16:44.790+0600][26.329s][info][gc,stats    ] Pause Final Mark (N)               1493 us
[2026-04-03T03:16:44.790+0600][26.329s][info][gc,stats    ]   Finish Mark                       295 us
[2026-04-03T03:16:44.790+0600][26.329s][info][gc,stats    ]   Update Region States               90 us
[2026-04-03T03:16:44.790+0600][26.329s][info][gc,stats    ]   Choose Collection Set             805 us
[2026-04-03T03:16:44.790+0600][26.329s][info][gc,stats    ]   Rebuild Free Set                   57 us
[2026-04-03T03:16:44.790+0600][26.329s][info][gc,stats    ] Concurrent Thread Roots             806 us, parallelism: 2.01x
[2026-04-03T03:16:44.790+0600][26.329s][info][gc,stats    ]   CTR: <total>                     1621 us
[2026-04-03T03:16:44.790+0600][26.329s][info][gc,stats    ]   CTR: Thread Roots                1621 us, workers (us): 583, 525, 512, ---, ---, ---, 
[2026-04-03T03:16:44.790+0600][26.329s][info][gc,stats    ] Concurrent Weak References          622 us, parallelism: 0.82x
[2026-04-03T03:16:44.790+0600][26.329s][info][gc,stats    ]   CWRF: <total>                     507 us
[2026-04-03T03:16:44.790+0600][26.329s][info][gc,stats    ]   CWRF: Weak References             507 us, workers (us): 231, 275,   2, ---, ---, ---, 
[2026-04-03T03:16:44.790+0600][26.329s][info][gc,stats    ] Concurrent Weak Roots              3218 us
[2026-04-03T03:16:44.790+0600][26.329s][info][gc,stats    ]   Roots                            2825 us, parallelism: 2.50x
[2026-04-03T03:16:44.790+0600][26.329s][info][gc,stats    ]     CWR: <total>                   7069 us
[2026-04-03T03:16:44.790+0600][26.329s][info][gc,stats    ]     CWR: Code Cache Roots          4750 us, workers (us): 1564, 1572, 1613, ---, ---, ---, 
[2026-04-03T03:16:44.790+0600][26.329s][info][gc,stats    ]     CWR: VM Weak Roots             2176 us, workers (us): 758, 710, 708, ---, ---, ---, 
[2026-04-03T03:16:44.790+0600][26.329s][info][gc,stats    ]     CWR: CLDG Roots                 143 us, workers (us): 143, ---, ---, ---, ---, ---, 
[2026-04-03T03:16:44.790+0600][26.329s][info][gc,stats    ]   Rendezvous                        255 us
[2026-04-03T03:16:44.790+0600][26.329s][info][gc,stats    ] Concurrent Cleanup                  275 us
[2026-04-03T03:16:44.790+0600][26.329s][info][gc,stats    ] Concurrent Class Unloading         8021 us
[2026-04-03T03:16:44.790+0600][26.329s][info][gc,stats    ]   Unlink Stale                     6455 us
[2026-04-03T03:16:44.790+0600][26.329s][info][gc,stats    ]     System Dictionary               166 us
[2026-04-03T03:16:44.790+0600][26.329s][info][gc,stats    ]     Weak Class Links                  1 us
[2026-04-03T03:16:44.790+0600][26.329s][info][gc,stats    ]     Code Roots                     6282 us
[2026-04-03T03:16:44.790+0600][26.329s][info][gc,stats    ]   Rendezvous                        275 us
[2026-04-03T03:16:44.790+0600][26.329s][info][gc,stats    ]   Purge Unlinked                   1125 us
[2026-04-03T03:16:44.791+0600][26.329s][info][gc,stats    ]     Code Roots                     1101 us
[2026-04-03T03:16:44.791+0600][26.329s][info][gc,stats    ]     CLDG                             22 us
[2026-04-03T03:16:44.791+0600][26.329s][info][gc,stats    ]     Exception Caches                  1 us
[2026-04-03T03:16:44.791+0600][26.329s][info][gc,stats    ] Concurrent Strong Roots            1043 us, parallelism: 0.57x
[2026-04-03T03:16:44.791+0600][26.329s][info][gc,stats    ]   CSR: <total>                      598 us
[2026-04-03T03:16:44.791+0600][26.329s][info][gc,stats    ]   CSR: VM Strong Roots               37 us, workers (us):  27,   9,   1, ---, ---, ---, 
[2026-04-03T03:16:44.791+0600][26.329s][info][gc,stats    ]   CSR: CLDG Roots                   562 us, workers (us): ---, 562, ---, ---, ---, ---, 
[2026-04-03T03:16:44.791+0600][26.329s][info][gc,stats    ] Concurrent Evacuation             46860 us
[2026-04-03T03:16:44.791+0600][26.329s][info][gc,stats    ] Pause Init Update Refs (G)          454 us
[2026-04-03T03:16:44.791+0600][26.329s][info][gc,stats    ] Pause Init Update Refs (N)          178 us
[2026-04-03T03:16:44.791+0600][26.329s][info][gc,stats    ]   Manage GCLABs                      34 us
[2026-04-03T03:16:44.791+0600][26.329s][info][gc,stats    ] Concurrent Update Refs           160834 us
[2026-04-03T03:16:44.791+0600][26.329s][info][gc,stats    ] Concurrent Update Thread Roots      998 us
[2026-04-03T03:16:44.791+0600][26.329s][info][gc,stats    ] Pause Final Update Refs (G)         605 us
[2026-04-03T03:16:44.791+0600][26.329s][info][gc,stats    ] Pause Final Update Refs (N)         277 us
[2026-04-03T03:16:44.791+0600][26.329s][info][gc,stats    ]   Update Region States               78 us
[2026-04-03T03:16:44.791+0600][26.329s][info][gc,stats    ]   Trash Collection Set               37 us
[2026-04-03T03:16:44.791+0600][26.329s][info][gc,stats    ]   Rebuild Free Set                   55 us
[2026-04-03T03:16:44.791+0600][26.329s][info][gc,stats    ] Concurrent Cleanup                  442 us
[2026-04-03T03:16:44.791+0600][26.329s][info][gc,stats    ] 
[2026-04-03T03:16:44.791+0600][26.329s][info][gc,stats    ] Allocation pacing accrued:
[2026-04-03T03:16:44.791+0600][26.329s][info][gc,stats    ]       0 of   960 ms (  0.0%): <total>
[2026-04-03T03:16:44.791+0600][26.329s][info][gc,stats    ]       0 of   960 ms (  0.0%): <average total>
[2026-04-03T03:16:44.791+0600][26.329s][info][gc,stats    ] 
[2026-04-03T03:16:44.791+0600][26.329s][info][gc,metaspace] Metaspace: 69421K(70272K)->69431K(70272K) NonClass: 60565K(61056K)->60574K(61056K) Class: 8856K(9216K)->8857K(9216K)
[2026-04-03T03:16:44.791+0600][26.329s][info][gc,ergo     ] Pacer for Idle. Initial: 15360K, Alloc Tax Rate: 1.0x
[2026-04-03T03:16:44.792+0600][26.330s][info][gc          ] Trigger: Average GC time (678.20 ms) is above the time for average allocation rate (400 MB/s) to deplete free headroom (266M) (margin of error = 1.87)
[2026-04-03T03:16:44.792+0600][26.330s][info][gc,ergo     ] Free headroom: 304M (free) - 38400K (spike) - 0B (penalties) = 266M
[2026-04-03T03:16:44.792+0600][26.330s][info][gc,ergo     ] Free: 304M, Max: 256K regular, 17664K humongous, Frag: 95% external, 0% internal; Reserve: 38400K, Max: 256K
[2026-04-03T03:16:44.792+0600][26.331s][info][gc,start    ] GC(27) Concurrent reset
[2026-04-03T03:16:44.792+0600][26.331s][info][gc,task     ] GC(27) Using 3 of 6 workers for concurrent reset
[2026-04-03T03:16:44.792+0600][26.331s][info][gc,ergo     ] GC(27) Pacer for Reset. Non-Taxable: 750M
[2026-04-03T03:16:44.794+0600][26.333s][info][gc          ] GC(27) Concurrent reset 2.141ms
[2026-04-03T03:16:44.795+0600][26.333s][info][gc,start    ] GC(27) Pause Init Mark (unload classes)
[2026-04-03T03:16:44.795+0600][26.333s][info][gc,task     ] GC(27) Using 6 of 6 workers for init marking
[2026-04-03T03:16:44.795+0600][26.333s][info][gc,ergo     ] GC(27) Pacer for Mark. Expected Live: 70374K, Free: 303M, Non-Taxable: 31107K, Alloc Tax Rate: 0.3x
[2026-04-03T03:16:44.795+0600][26.333s][info][gc          ] GC(27) Pause Init Mark (unload classes) 0.204ms
[2026-04-03T03:16:44.795+0600][26.333s][info][gc,start    ] GC(27) Concurrent marking roots
[2026-04-03T03:16:44.795+0600][26.333s][info][gc,task     ] GC(27) Using 3 of 6 workers for concurrent marking roots
[2026-04-03T03:16:44.796+0600][26.334s][info][gc          ] GC(27) Concurrent marking roots 1.079ms
[2026-04-03T03:16:44.796+0600][26.334s][info][gc,start    ] GC(27) Concurrent marking (unload classes)
[2026-04-03T03:16:44.796+0600][26.334s][info][gc,task     ] GC(27) Using 3 of 6 workers for concurrent marking
[2026-04-03T03:16:45.098+0600][26.636s][info][gc          ] GC(27) Concurrent marking (unload classes) 301.965ms
[2026-04-03T03:16:45.098+0600][26.637s][info][gc,start    ] GC(27) Pause Final Mark (unload classes)
[2026-04-03T03:16:45.098+0600][26.637s][info][gc,task     ] GC(27) Using 6 of 6 workers for final marking
[2026-04-03T03:16:45.099+0600][26.637s][info][gc,ergo     ] GC(27) Adaptive CSet Selection. Target Free: 106M, Actual Free: 278M, Max CSet: 32000K, Min Garbage: 0B
[2026-04-03T03:16:45.099+0600][26.638s][info][gc,ergo     ] GC(27) Collectable Garbage: 163M (72%), Immediate: 16384K (7%), CSet: 147M (65%)
[2026-04-03T03:16:45.099+0600][26.638s][info][gc,ergo     ] GC(27) Pacer for Evacuation. Used CSet: 178M, Free: 244M, Non-Taxable: 25040K, Alloc Tax Rate: 1.8x
[2026-04-03T03:16:45.099+0600][26.638s][info][gc          ] GC(27) Pause Final Mark (unload classes) 1.127ms
[2026-04-03T03:16:45.100+0600][26.638s][info][gc,start    ] GC(27) Concurrent thread roots
[2026-04-03T03:16:45.100+0600][26.638s][info][gc,task     ] GC(27) Using 3 of 6 workers for Concurrent thread roots
[2026-04-03T03:16:45.100+0600][26.639s][info][gc          ] GC(27) Concurrent thread roots 0.706ms
[2026-04-03T03:16:45.100+0600][26.639s][info][gc,start    ] GC(27) Concurrent weak references
[2026-04-03T03:16:45.100+0600][26.639s][info][gc,task     ] GC(27) Using 3 of 6 workers for concurrent weak references
[2026-04-03T03:16:45.101+0600][26.640s][info][gc,ref      ] GC(27) Encountered references: Soft: 3356, Weak: 5877, Final: 82, Phantom: 594
[2026-04-03T03:16:45.101+0600][26.640s][info][gc,ref      ] GC(27) Discovered  references: Soft: 0, Weak: 3549, Final: 64, Phantom: 591
[2026-04-03T03:16:45.101+0600][26.640s][info][gc,ref      ] GC(27) Enqueued    references: Soft: 0, Weak: 3, Final: 0, Phantom: 0
[2026-04-03T03:16:45.101+0600][26.640s][info][gc          ] GC(27) Concurrent weak references 1.202ms
[2026-04-03T03:16:45.101+0600][26.640s][info][gc,start    ] GC(27) Concurrent weak roots
[2026-04-03T03:16:45.102+0600][26.640s][info][gc,task     ] GC(27) Using 3 of 6 workers for concurrent weak root
[2026-04-03T03:16:45.104+0600][26.642s][info][gc          ] GC(27) Concurrent weak roots 2.438ms
[2026-04-03T03:16:45.104+0600][26.642s][info][gc,start    ] GC(27) Concurrent cleanup
[2026-04-03T03:16:45.105+0600][26.643s][info][gc          ] GC(27) Concurrent cleanup 481M->465M(733M) 0.595ms
[2026-04-03T03:16:45.105+0600][26.643s][info][gc,ergo     ] GC(27) Free: 243M, Max: 256K regular, 17664K humongous, Frag: 93% external, 0% internal; Reserve: 38210K, Max: 256K
[2026-04-03T03:16:45.105+0600][26.643s][info][gc,start    ] GC(27) Concurrent class unloading
[2026-04-03T03:16:45.105+0600][26.643s][info][gc,task     ] GC(27) Using 3 of 6 workers for concurrent class unloading
[2026-04-03T03:16:45.112+0600][26.650s][info][gc          ] GC(27) Concurrent class unloading 6.805ms
[2026-04-03T03:16:45.112+0600][26.650s][info][gc,start    ] GC(27) Concurrent strong roots
[2026-04-03T03:16:45.112+0600][26.650s][info][gc,task     ] GC(27) Using 3 of 6 workers for concurrent strong root
[2026-04-03T03:16:45.113+0600][26.651s][info][gc          ] GC(27) Concurrent strong roots 1.086ms
[2026-04-03T03:16:45.113+0600][26.651s][info][gc,start    ] GC(27) Concurrent evacuation
[2026-04-03T03:16:45.113+0600][26.651s][info][gc,task     ] GC(27) Using 3 of 6 workers for concurrent evacuation
[2026-04-03T03:16:45.152+0600][26.690s][info][gc          ] GC(27) Concurrent evacuation 39.004ms
[2026-04-03T03:16:45.152+0600][26.690s][info][gc,start    ] GC(27) Pause Init Update Refs
[2026-04-03T03:16:45.152+0600][26.691s][info][gc,ergo     ] GC(27) Pacer for Update Refs. Used: 503M, Free: 237M, Non-Taxable: 24323K, Alloc Tax Rate: 2.6x
[2026-04-03T03:16:45.152+0600][26.691s][info][gc          ] GC(27) Pause Init Update Refs 0.121ms
[2026-04-03T03:16:45.152+0600][26.691s][info][gc,start    ] GC(27) Concurrent update references
[2026-04-03T03:16:45.152+0600][26.691s][info][gc,task     ] GC(27) Using 3 of 6 workers for concurrent reference update
[2026-04-03T03:16:45.344+0600][26.882s][info][gc          ] GC(27) Concurrent update references 191.768ms
[2026-04-03T03:16:45.344+0600][26.883s][info][gc,start    ] GC(27) Concurrent update thread roots
[2026-04-03T03:16:45.345+0600][26.883s][info][gc          ] GC(27) Concurrent update thread roots 0.582ms
[2026-04-03T03:16:45.345+0600][26.883s][info][gc,start    ] GC(27) Pause Final Update Refs
[2026-04-03T03:16:45.345+0600][26.883s][info][gc,task     ] GC(27) Using 6 of 6 workers for final reference update
[2026-04-03T03:16:45.345+0600][26.884s][info][gc          ] GC(27) Pause Final Update Refs 0.214ms
[2026-04-03T03:16:45.345+0600][26.884s][info][gc,start    ] GC(27) Concurrent cleanup
[2026-04-03T03:16:45.346+0600][26.884s][info][gc          ] GC(27) Concurrent cleanup 530M->351M(750M) 0.664ms
[2026-04-03T03:16:45.346+0600][26.884s][info][gc,ergo     ] Free: 357M, Max: 256K regular, 25600K humongous, Frag: 93% external, 0% internal; Reserve: 38400K, Max: 256K
[2026-04-03T03:16:45.346+0600][26.884s][info][gc,stats    ] 
[2026-04-03T03:16:45.346+0600][26.884s][info][gc,stats    ] All times are wall-clock times, except per-root-class counters, that are sum over
[2026-04-03T03:16:45.346+0600][26.884s][info][gc,stats    ] all workers. Dividing the <total> over the root stage time estimates parallelism.
[2026-04-03T03:16:45.346+0600][26.884s][info][gc,stats    ] 
[2026-04-03T03:16:45.346+0600][26.884s][info][gc,stats    ] Concurrent Reset                   2235 us
[2026-04-03T03:16:45.346+0600][26.884s][info][gc,stats    ] Pause Init Mark (G)                 541 us
[2026-04-03T03:16:45.346+0600][26.884s][info][gc,stats    ] Pause Init Mark (N)                 221 us
[2026-04-03T03:16:45.346+0600][26.884s][info][gc,stats    ]   Update Region States               64 us
[2026-04-03T03:16:45.346+0600][26.884s][info][gc,stats    ] Concurrent Mark Roots              1157 us, parallelism: 1.70x
[2026-04-03T03:16:45.346+0600][26.884s][info][gc,stats    ]   CMR: <total>                     1971 us
[2026-04-03T03:16:45.346+0600][26.884s][info][gc,stats    ]   CMR: Thread Roots                1561 us, workers (us): 648, 275, 638, ---, ---, ---, 
[2026-04-03T03:16:45.346+0600][26.884s][info][gc,stats    ]   CMR: VM Strong Roots               43 us, workers (us):  24,  18,   1, ---, ---, ---, 
[2026-04-03T03:16:45.346+0600][26.884s][info][gc,stats    ]   CMR: CLDG Roots                   367 us, workers (us): ---, 367, ---, ---, ---, ---, 
[2026-04-03T03:16:45.346+0600][26.884s][info][gc,stats    ] Concurrent Marking               302081 us
[2026-04-03T03:16:45.346+0600][26.884s][info][gc,stats    ] Pause Final Mark (G)               1355 us
[2026-04-03T03:16:45.346+0600][26.884s][info][gc,stats    ] Pause Final Mark (N)               1142 us
[2026-04-03T03:16:45.346+0600][26.884s][info][gc,stats    ]   Finish Mark                       236 us
[2026-04-03T03:16:45.346+0600][26.884s][info][gc,stats    ]   Update Region States               71 us
[2026-04-03T03:16:45.346+0600][26.885s][info][gc,stats    ]   Choose Collection Set             561 us
[2026-04-03T03:16:45.346+0600][26.885s][info][gc,stats    ]   Rebuild Free Set                   64 us
[2026-04-03T03:16:45.346+0600][26.885s][info][gc,stats    ] Concurrent Thread Roots             748 us, parallelism: 1.75x
[2026-04-03T03:16:45.346+0600][26.885s][info][gc,stats    ]   CTR: <total>                     1305 us
[2026-04-03T03:16:45.346+0600][26.885s][info][gc,stats    ]   CTR: Thread Roots                1305 us, workers (us): 471, 420, 414, ---, ---, ---, 
[2026-04-03T03:16:45.346+0600][26.885s][info][gc,stats    ] Concurrent Weak References         1220 us, parallelism: 0.88x
[2026-04-03T03:16:45.346+0600][26.885s][info][gc,stats    ]   CWRF: <total>                    1076 us
[2026-04-03T03:16:45.346+0600][26.885s][info][gc,stats    ]   CWRF: Weak References            1076 us, workers (us): 121, 954,   1, ---, ---, ---, 
[2026-04-03T03:16:45.346+0600][26.885s][info][gc,stats    ] Concurrent Weak Roots              2505 us
[2026-04-03T03:16:45.346+0600][26.885s][info][gc,stats    ]   Roots                            2258 us, parallelism: 2.54x
[2026-04-03T03:16:45.346+0600][26.885s][info][gc,stats    ]     CWR: <total>                   5741 us
[2026-04-03T03:16:45.346+0600][26.885s][info][gc,stats    ]     CWR: Code Cache Roots          3221 us, workers (us): 958, 1049, 1214, ---, ---, ---, 
[2026-04-03T03:16:45.346+0600][26.885s][info][gc,stats    ]     CWR: VM Weak Roots             2379 us, workers (us): 796, 792, 792, ---, ---, ---, 
[2026-04-03T03:16:45.346+0600][26.885s][info][gc,stats    ]     CWR: CLDG Roots                 141 us, workers (us): 141, ---, ---, ---, ---, ---, 
[2026-04-03T03:16:45.346+0600][26.885s][info][gc,stats    ]   Rendezvous                        146 us
[2026-04-03T03:16:45.346+0600][26.885s][info][gc,stats    ] Concurrent Cleanup                  627 us
[2026-04-03T03:16:45.346+0600][26.885s][info][gc,stats    ] Concurrent Class Unloading         6912 us
[2026-04-03T03:16:45.346+0600][26.885s][info][gc,stats    ]   Unlink Stale                     5676 us
[2026-04-03T03:16:45.346+0600][26.885s][info][gc,stats    ]     System Dictionary               139 us
[2026-04-03T03:16:45.346+0600][26.885s][info][gc,stats    ]     Weak Class Links                  0 us
[2026-04-03T03:16:45.346+0600][26.885s][info][gc,stats    ]     Code Roots                     5533 us
[2026-04-03T03:16:45.346+0600][26.885s][info][gc,stats    ]   Rendezvous                        193 us
[2026-04-03T03:16:45.346+0600][26.885s][info][gc,stats    ]   Purge Unlinked                    896 us
[2026-04-03T03:16:45.346+0600][26.885s][info][gc,stats    ]     Code Roots                      871 us
[2026-04-03T03:16:45.346+0600][26.885s][info][gc,stats    ]     CLDG                             23 us
[2026-04-03T03:16:45.346+0600][26.885s][info][gc,stats    ]     Exception Caches                  0 us
[2026-04-03T03:16:45.346+0600][26.885s][info][gc,stats    ] Concurrent Strong Roots            1161 us, parallelism: 0.54x
[2026-04-03T03:16:45.346+0600][26.885s][info][gc,stats    ]   CSR: <total>                      623 us
[2026-04-03T03:16:45.346+0600][26.885s][info][gc,stats    ]   CSR: VM Strong Roots               28 us, workers (us):  25,   2,   1, ---, ---, ---, 
[2026-04-03T03:16:45.346+0600][26.885s][info][gc,stats    ]   CSR: CLDG Roots                   595 us, workers (us): 595, ---, ---, ---, ---, ---, 
[2026-04-03T03:16:45.346+0600][26.885s][info][gc,stats    ] Concurrent Evacuation             39079 us
[2026-04-03T03:16:45.346+0600][26.885s][info][gc,stats    ] Pause Init Update Refs (G)          372 us
[2026-04-03T03:16:45.346+0600][26.885s][info][gc,stats    ] Pause Init Update Refs (N)          135 us
[2026-04-03T03:16:45.346+0600][26.885s][info][gc,stats    ]   Manage GCLABs                      23 us
[2026-04-03T03:16:45.346+0600][26.885s][info][gc,stats    ] Concurrent Update Refs           191865 us
[2026-04-03T03:16:45.346+0600][26.885s][info][gc,stats    ] Concurrent Update Thread Roots      617 us
[2026-04-03T03:16:45.346+0600][26.885s][info][gc,stats    ] Pause Final Update Refs (G)         442 us
[2026-04-03T03:16:45.346+0600][26.885s][info][gc,stats    ] Pause Final Update Refs (N)         233 us
[2026-04-03T03:16:45.346+0600][26.885s][info][gc,stats    ]   Update Region States               64 us
[2026-04-03T03:16:45.346+0600][26.885s][info][gc,stats    ]   Trash Collection Set               32 us
[2026-04-03T03:16:45.346+0600][26.885s][info][gc,stats    ]   Rebuild Free Set                   64 us
[2026-04-03T03:16:45.346+0600][26.885s][info][gc,stats    ] Concurrent Cleanup                  681 us
[2026-04-03T03:16:45.346+0600][26.885s][info][gc,stats    ] Pacing                           275624 us
[2026-04-03T03:16:45.346+0600][26.885s][info][gc,stats    ] 
[2026-04-03T03:16:45.346+0600][26.885s][info][gc,stats    ] Allocation pacing accrued:
[2026-04-03T03:16:45.346+0600][26.885s][info][gc,stats    ]      78 of   556 ms ( 14.0%): Executor task launch worker for task 1.0 in stage 1.0 (TID 4)
[2026-04-03T03:16:45.346+0600][26.885s][info][gc,stats    ]      97 of   556 ms ( 17.5%): Executor task launch worker for task 2.0 in stage 1.0 (TID 5)
[2026-04-03T03:16:45.346+0600][26.885s][info][gc,stats    ]     101 of   556 ms ( 18.1%): Executor task launch worker for task 0.0 in stage 1.0 (TID 3)
[2026-04-03T03:16:45.346+0600][26.885s][info][gc,stats    ]     276 of   556 ms ( 49.6%): <total>
[2026-04-03T03:16:45.347+0600][26.885s][info][gc,stats    ]       4 of   556 ms (  0.7%): <average total>
[2026-04-03T03:16:45.347+0600][26.885s][info][gc,stats    ]      92 of   556 ms ( 16.5%): <average non-zero>
[2026-04-03T03:16:45.347+0600][26.885s][info][gc,stats    ] 
[2026-04-03T03:16:45.347+0600][26.885s][info][gc,metaspace] Metaspace: 69431K(70272K)->69682K(70528K) NonClass: 60574K(61056K)->60803K(61248K) Class: 8857K(9216K)->8879K(9280K)
[2026-04-03T03:16:45.347+0600][26.885s][info][gc,ergo     ] Pacer for Idle. Initial: 15360K, Alloc Tax Rate: 1.0x
[2026-04-03T03:16:45.618+0600][27.156s][info][gc          ] Trigger: Average GC time (768.62 ms) is above the time for average allocation rate (309 MB/s) to deplete free headroom (236M) (margin of error = 1.88)
[2026-04-03T03:16:45.618+0600][27.156s][info][gc,ergo     ] Free headroom: 274M (free) - 38400K (spike) - 0B (penalties) = 236M
[2026-04-03T03:16:45.618+0600][27.156s][info][gc,ergo     ] Free: 274M, Max: 256K regular, 13824K humongous, Frag: 96% external, 0% internal; Reserve: 38400K, Max: 256K
[2026-04-03T03:16:45.618+0600][27.156s][info][gc,start    ] GC(28) Concurrent reset
[2026-04-03T03:16:45.618+0600][27.156s][info][gc,task     ] GC(28) Using 3 of 6 workers for concurrent reset
[2026-04-03T03:16:45.618+0600][27.156s][info][gc,ergo     ] GC(28) Pacer for Reset. Non-Taxable: 750M
[2026-04-03T03:16:45.620+0600][27.158s][info][gc          ] GC(28) Concurrent reset 1.605ms
[2026-04-03T03:16:45.620+0600][27.158s][info][gc,start    ] GC(28) Pause Init Mark (unload classes)
[2026-04-03T03:16:45.620+0600][27.158s][info][gc,task     ] GC(28) Using 6 of 6 workers for init marking
[2026-04-03T03:16:45.620+0600][27.158s][info][gc,ergo     ] GC(28) Pacer for Mark. Expected Live: 100139K, Free: 273M, Non-Taxable: 28009K, Alloc Tax Rate: 0.4x
[2026-04-03T03:16:45.620+0600][27.158s][info][gc          ] GC(28) Pause Init Mark (unload classes) 0.172ms
[2026-04-03T03:16:45.620+0600][27.158s][info][gc,start    ] GC(28) Concurrent marking roots
[2026-04-03T03:16:45.620+0600][27.159s][info][gc,task     ] GC(28) Using 3 of 6 workers for concurrent marking roots
[2026-04-03T03:16:45.621+0600][27.159s][info][gc          ] GC(28) Concurrent marking roots 1.019ms
[2026-04-03T03:16:45.621+0600][27.160s][info][gc,start    ] GC(28) Concurrent marking (unload classes)
[2026-04-03T03:16:45.621+0600][27.160s][info][gc,task     ] GC(28) Using 3 of 6 workers for concurrent marking
[2026-04-03T03:16:45.965+0600][27.503s][info][gc          ] GC(28) Concurrent marking (unload classes) 343.750ms
[2026-04-03T03:16:45.965+0600][27.504s][info][gc,start    ] GC(28) Pause Final Mark (unload classes)
[2026-04-03T03:16:45.965+0600][27.504s][info][gc,task     ] GC(28) Using 6 of 6 workers for final marking
[2026-04-03T03:16:45.966+0600][27.504s][info][gc,ergo     ] GC(28) Adaptive CSet Selection. Target Free: 106M, Actual Free: 280M, Max CSet: 32000K, Min Garbage: 0B
[2026-04-03T03:16:45.966+0600][27.505s][info][gc,ergo     ] GC(28) Collectable Garbage: 142M (70%), Immediate: 9216K (4%), CSet: 133M (65%)
[2026-04-03T03:16:45.966+0600][27.505s][info][gc,ergo     ] GC(28) Pacer for Evacuation. Used CSet: 164M, Free: 245M, Non-Taxable: 25117K, Alloc Tax Rate: 1.6x
[2026-04-03T03:16:45.966+0600][27.505s][info][gc          ] GC(28) Pause Final Mark (unload classes) 0.994ms
[2026-04-03T03:16:45.966+0600][27.505s][info][gc,start    ] GC(28) Concurrent thread roots
[2026-04-03T03:16:45.966+0600][27.505s][info][gc,task     ] GC(28) Using 3 of 6 workers for Concurrent thread roots
[2026-04-03T03:16:45.967+0600][27.505s][info][gc          ] GC(28) Concurrent thread roots 0.641ms
[2026-04-03T03:16:45.967+0600][27.505s][info][gc,start    ] GC(28) Concurrent weak references
[2026-04-03T03:16:45.967+0600][27.505s][info][gc,task     ] GC(28) Using 3 of 6 workers for concurrent weak references
[2026-04-03T03:16:45.967+0600][27.506s][info][gc,ref      ] GC(28) Encountered references: Soft: 3379, Weak: 5945, Final: 82, Phantom: 595
[2026-04-03T03:16:45.967+0600][27.506s][info][gc,ref      ] GC(28) Discovered  references: Soft: 0, Weak: 1084, Final: 0, Phantom: 592
[2026-04-03T03:16:45.967+0600][27.506s][info][gc,ref      ] GC(28) Enqueued    references: Soft: 0, Weak: 27, Final: 0, Phantom: 0
[2026-04-03T03:16:45.967+0600][27.506s][info][gc          ] GC(28) Concurrent weak references 0.438ms
[2026-04-03T03:16:45.967+0600][27.506s][info][gc,start    ] GC(28) Concurrent weak roots
[2026-04-03T03:16:45.968+0600][27.506s][info][gc,task     ] GC(28) Using 3 of 6 workers for concurrent weak root
[2026-04-03T03:16:45.970+0600][27.508s][info][gc          ] GC(28) Concurrent weak roots 2.108ms
[2026-04-03T03:16:45.970+0600][27.508s][info][gc,start    ] GC(28) Concurrent cleanup
[2026-04-03T03:16:45.970+0600][27.509s][info][gc          ] GC(28) Concurrent cleanup 473M->464M(750M) 0.547ms
[2026-04-03T03:16:45.970+0600][27.509s][info][gc,ergo     ] GC(28) Free: 244M, Max: 256K regular, 13824K humongous, Frag: 95% external, 0% internal; Reserve: 38373K, Max: 256K
[2026-04-03T03:16:45.970+0600][27.509s][info][gc,start    ] GC(28) Concurrent class unloading
[2026-04-03T03:16:45.970+0600][27.509s][info][gc,task     ] GC(28) Using 3 of 6 workers for concurrent class unloading
[2026-04-03T03:16:45.977+0600][27.515s][info][gc          ] GC(28) Concurrent class unloading 6.735ms
[2026-04-03T03:16:45.977+0600][27.515s][info][gc,start    ] GC(28) Concurrent strong roots
[2026-04-03T03:16:45.977+0600][27.515s][info][gc,task     ] GC(28) Using 3 of 6 workers for concurrent strong root
[2026-04-03T03:16:45.978+0600][27.516s][info][gc          ] GC(28) Concurrent strong roots 0.678ms
[2026-04-03T03:16:45.978+0600][27.516s][info][gc,start    ] GC(28) Concurrent evacuation
[2026-04-03T03:16:45.978+0600][27.516s][info][gc,task     ] GC(28) Using 3 of 6 workers for concurrent evacuation
[2026-04-03T03:16:46.005+0600][27.543s][info][gc          ] GC(28) Concurrent evacuation 27.187ms
[2026-04-03T03:16:46.005+0600][27.544s][info][gc,start    ] GC(28) Pause Init Update Refs
[2026-04-03T03:16:46.005+0600][27.544s][info][gc,ergo     ] GC(28) Pacer for Update Refs. Used: 496M, Free: 243M, Non-Taxable: 24963K, Alloc Tax Rate: 2.5x
[2026-04-03T03:16:46.005+0600][27.544s][info][gc          ] GC(28) Pause Init Update Refs 0.110ms
[2026-04-03T03:16:46.005+0600][27.544s][info][gc,start    ] GC(28) Concurrent update references
[2026-04-03T03:16:46.006+0600][27.544s][info][gc,task     ] GC(28) Using 3 of 6 workers for concurrent reference update
[2026-04-03T03:16:46.162+0600][27.700s][info][gc          ] GC(28) Concurrent update references 156.504ms
[2026-04-03T03:16:46.162+0600][27.700s][info][gc,start    ] GC(28) Concurrent update thread roots
[2026-04-03T03:16:46.163+0600][27.701s][info][gc          ] GC(28) Concurrent update thread roots 0.686ms
[2026-04-03T03:16:46.163+0600][27.701s][info][gc,start    ] GC(28) Pause Final Update Refs
[2026-04-03T03:16:46.163+0600][27.701s][info][gc,task     ] GC(28) Using 6 of 6 workers for final reference update
[2026-04-03T03:16:46.163+0600][27.702s][info][gc          ] GC(28) Pause Final Update Refs 0.225ms
[2026-04-03T03:16:46.163+0600][27.702s][info][gc,start    ] GC(28) Concurrent cleanup
[2026-04-03T03:16:46.164+0600][27.702s][info][gc          ] GC(28) Concurrent cleanup 506M->342M(750M) 0.610ms
[2026-04-03T03:16:46.164+0600][27.702s][info][gc,ergo     ] Free: 366M, Max: 256K regular, 28160K humongous, Frag: 93% external, 0% internal; Reserve: 38400K, Max: 256K
[2026-04-03T03:16:46.164+0600][27.702s][info][gc,stats    ] 
[2026-04-03T03:16:46.164+0600][27.702s][info][gc,stats    ] All times are wall-clock times, except per-root-class counters, that are sum over
[2026-04-03T03:16:46.164+0600][27.703s][info][gc,stats    ] all workers. Dividing the <total> over the root stage time estimates parallelism.
[2026-04-03T03:16:46.164+0600][27.703s][info][gc,stats    ] 
[2026-04-03T03:16:46.164+0600][27.703s][info][gc,stats    ] Concurrent Reset                   1670 us
[2026-04-03T03:16:46.164+0600][27.703s][info][gc,stats    ] Pause Init Mark (G)                 484 us
[2026-04-03T03:16:46.164+0600][27.703s][info][gc,stats    ] Pause Init Mark (N)                 182 us
[2026-04-03T03:16:46.164+0600][27.703s][info][gc,stats    ]   Update Region States               42 us
[2026-04-03T03:16:46.164+0600][27.703s][info][gc,stats    ] Concurrent Mark Roots              1060 us, parallelism: 1.75x
[2026-04-03T03:16:46.164+0600][27.703s][info][gc,stats    ]   CMR: <total>                     1858 us
[2026-04-03T03:16:46.164+0600][27.703s][info][gc,stats    ]   CMR: Thread Roots                1452 us, workers (us): 565, 192, 696, ---, ---, ---, 
[2026-04-03T03:16:46.164+0600][27.703s][info][gc,stats    ]   CMR: VM Strong Roots               36 us, workers (us):  23,  12,   1, ---, ---, ---, 
[2026-04-03T03:16:46.164+0600][27.703s][info][gc,stats    ]   CMR: CLDG Roots                   369 us, workers (us): ---, 369, ---, ---, ---, ---, 
[2026-04-03T03:16:46.164+0600][27.703s][info][gc,stats    ] Concurrent Marking               343889 us
[2026-04-03T03:16:46.164+0600][27.703s][info][gc,stats    ] Pause Final Mark (G)               1297 us
[2026-04-03T03:16:46.164+0600][27.703s][info][gc,stats    ] Pause Final Mark (N)               1007 us
[2026-04-03T03:16:46.164+0600][27.703s][info][gc,stats    ]   Finish Mark                       263 us
[2026-04-03T03:16:46.164+0600][27.703s][info][gc,stats    ]   Update Region States               78 us
[2026-04-03T03:16:46.164+0600][27.703s][info][gc,stats    ]   Choose Collection Set             466 us
[2026-04-03T03:16:46.164+0600][27.703s][info][gc,stats    ]   Rebuild Free Set                   54 us
[2026-04-03T03:16:46.164+0600][27.703s][info][gc,stats    ] Concurrent Thread Roots             699 us, parallelism: 1.93x
[2026-04-03T03:16:46.164+0600][27.703s][info][gc,stats    ]   CTR: <total>                     1352 us
[2026-04-03T03:16:46.164+0600][27.703s][info][gc,stats    ]   CTR: Thread Roots                1352 us, workers (us): 473, 443, 435, ---, ---, ---, 
[2026-04-03T03:16:46.164+0600][27.703s][info][gc,stats    ] Concurrent Weak References          450 us, parallelism: 0.69x
[2026-04-03T03:16:46.164+0600][27.703s][info][gc,stats    ]   CWRF: <total>                     312 us
[2026-04-03T03:16:46.164+0600][27.703s][info][gc,stats    ]   CWRF: Weak References             312 us, workers (us): 305,   6,   2, ---, ---, ---, 
[2026-04-03T03:16:46.164+0600][27.703s][info][gc,stats    ] Concurrent Weak Roots              2150 us
[2026-04-03T03:16:46.164+0600][27.703s][info][gc,stats    ]   Roots                            1908 us, parallelism: 2.53x
[2026-04-03T03:16:46.164+0600][27.703s][info][gc,stats    ]     CWR: <total>                   4820 us
[2026-04-03T03:16:46.164+0600][27.703s][info][gc,stats    ]     CWR: Code Cache Roots          3128 us, workers (us): 1133, 907, 1088, ---, ---, ---, 
[2026-04-03T03:16:46.164+0600][27.703s][info][gc,stats    ]     CWR: VM Weak Roots             1568 us, workers (us): 543, 532, 493, ---, ---, ---, 
[2026-04-03T03:16:46.164+0600][27.703s][info][gc,stats    ]     CWR: CLDG Roots                 125 us, workers (us): ---, 125, ---, ---, ---, ---, 
[2026-04-03T03:16:46.164+0600][27.703s][info][gc,stats    ]   Rendezvous                        172 us
[2026-04-03T03:16:46.164+0600][27.703s][info][gc,stats    ] Concurrent Cleanup                  569 us
[2026-04-03T03:16:46.164+0600][27.703s][info][gc,stats    ] Concurrent Class Unloading         6813 us
[2026-04-03T03:16:46.164+0600][27.703s][info][gc,stats    ]   Unlink Stale                     5046 us
[2026-04-03T03:16:46.164+0600][27.703s][info][gc,stats    ]     System Dictionary               100 us
[2026-04-03T03:16:46.164+0600][27.703s][info][gc,stats    ]     Weak Class Links                  0 us
[2026-04-03T03:16:46.165+0600][27.703s][info][gc,stats    ]     Code Roots                     4943 us
[2026-04-03T03:16:46.165+0600][27.703s][info][gc,stats    ]   Rendezvous                        225 us
[2026-04-03T03:16:46.165+0600][27.703s][info][gc,stats    ]   Purge Unlinked                   1435 us
[2026-04-03T03:16:46.165+0600][27.703s][info][gc,stats    ]     Code Roots                     1410 us
[2026-04-03T03:16:46.165+0600][27.703s][info][gc,stats    ]     CLDG                             23 us
[2026-04-03T03:16:46.165+0600][27.703s][info][gc,stats    ]     Exception Caches                  0 us
[2026-04-03T03:16:46.165+0600][27.703s][info][gc,stats    ] Concurrent Strong Roots             705 us, parallelism: 0.68x
[2026-04-03T03:16:46.165+0600][27.703s][info][gc,stats    ]   CSR: <total>                      476 us
[2026-04-03T03:16:46.165+0600][27.703s][info][gc,stats    ]   CSR: VM Strong Roots               26 us, workers (us):  16,   9,   0, ---, ---, ---, 
[2026-04-03T03:16:46.165+0600][27.703s][info][gc,stats    ]   CSR: CLDG Roots                   451 us, workers (us): 451, ---, ---, ---, ---, ---, 
[2026-04-03T03:16:46.165+0600][27.703s][info][gc,stats    ] Concurrent Evacuation             27273 us
[2026-04-03T03:16:46.165+0600][27.703s][info][gc,stats    ] Pause Init Update Refs (G)          399 us
[2026-04-03T03:16:46.165+0600][27.703s][info][gc,stats    ] Pause Init Update Refs (N)          123 us
[2026-04-03T03:16:46.165+0600][27.703s][info][gc,stats    ]   Manage GCLABs                      26 us
[2026-04-03T03:16:46.165+0600][27.703s][info][gc,stats    ] Concurrent Update Refs           156602 us
[2026-04-03T03:16:46.165+0600][27.703s][info][gc,stats    ] Concurrent Update Thread Roots      731 us
[2026-04-03T03:16:46.165+0600][27.703s][info][gc,stats    ] Pause Final Update Refs (G)         483 us
[2026-04-03T03:16:46.165+0600][27.703s][info][gc,stats    ] Pause Final Update Refs (N)         240 us
[2026-04-03T03:16:46.165+0600][27.703s][info][gc,stats    ]   Update Region States               59 us
[2026-04-03T03:16:46.165+0600][27.703s][info][gc,stats    ]   Trash Collection Set               27 us
[2026-04-03T03:16:46.165+0600][27.703s][info][gc,stats    ]   Rebuild Free Set                   58 us
[2026-04-03T03:16:46.165+0600][27.703s][info][gc,stats    ] Concurrent Cleanup                  677 us
[2026-04-03T03:16:46.165+0600][27.703s][info][gc,stats    ] 
[2026-04-03T03:16:46.165+0600][27.703s][info][gc,stats    ] Allocation pacing accrued:
[2026-04-03T03:16:46.165+0600][27.703s][info][gc,stats    ]       0 of   818 ms (  0.0%): <total>
[2026-04-03T03:16:46.165+0600][27.703s][info][gc,stats    ]       0 of   818 ms (  0.0%): <average total>
[2026-04-03T03:16:46.165+0600][27.703s][info][gc,stats    ] 
[2026-04-03T03:16:46.165+0600][27.703s][info][gc,metaspace] Metaspace: 69725K(70592K)->69824K(70656K) NonClass: 60840K(61312K)->60936K(61376K) Class: 8884K(9280K)->8888K(9280K)
[2026-04-03T03:16:46.165+0600][27.703s][info][gc,ergo     ] Pacer for Idle. Initial: 15360K, Alloc Tax Rate: 1.0x
[2026-04-03T03:16:46.947+0600][28.485s][info][gc          ] Trigger: Average GC time (747.03 ms) is above the time for average allocation rate (212 MB/s) to deplete free headroom (158M) (margin of error = 1.89)
[2026-04-03T03:16:46.947+0600][28.485s][info][gc,ergo     ] Free headroom: 195M (free) - 38400K (spike) - 0B (penalties) = 158M
[2026-04-03T03:16:46.947+0600][28.485s][info][gc,ergo     ] Free: 195M, Max: 256K regular, 28160K humongous, Frag: 86% external, 0% internal; Reserve: 38400K, Max: 256K
[2026-04-03T03:16:46.947+0600][28.485s][info][gc,start    ] GC(29) Concurrent reset
[2026-04-03T03:16:46.947+0600][28.485s][info][gc,task     ] GC(29) Using 3 of 6 workers for concurrent reset
[2026-04-03T03:16:46.947+0600][28.485s][info][gc,ergo     ] GC(29) Pacer for Reset. Non-Taxable: 750M
[2026-04-03T03:16:46.948+0600][28.487s][info][gc          ] GC(29) Concurrent reset 1.622ms
[2026-04-03T03:16:46.949+0600][28.487s][info][gc,start    ] GC(29) Pause Init Mark (unload classes)
[2026-04-03T03:16:46.949+0600][28.487s][info][gc,task     ] GC(29) Using 6 of 6 workers for init marking
[2026-04-03T03:16:46.949+0600][28.488s][info][gc,ergo     ] GC(29) Pacer for Mark. Expected Live: 137M, Free: 194M, Non-Taxable: 19945K, Alloc Tax Rate: 0.9x
[2026-04-03T03:16:46.949+0600][28.488s][info][gc          ] GC(29) Pause Init Mark (unload classes) 0.191ms
[2026-04-03T03:16:46.949+0600][28.488s][info][gc,start    ] GC(29) Concurrent marking roots
[2026-04-03T03:16:46.949+0600][28.488s][info][gc,task     ] GC(29) Using 3 of 6 workers for concurrent marking roots
[2026-04-03T03:16:46.950+0600][28.489s][info][gc          ] GC(29) Concurrent marking roots 0.974ms
[2026-04-03T03:16:46.950+0600][28.489s][info][gc,start    ] GC(29) Concurrent marking (unload classes)
[2026-04-03T03:16:46.950+0600][28.489s][info][gc,task     ] GC(29) Using 3 of 6 workers for concurrent marking
[2026-04-03T03:16:47.261+0600][28.799s][info][gc          ] GC(29) Concurrent marking (unload classes) 310.325ms
[2026-04-03T03:16:47.261+0600][28.799s][info][gc,start    ] GC(29) Pause Final Mark (unload classes)
[2026-04-03T03:16:47.261+0600][28.799s][info][gc,task     ] GC(29) Using 6 of 6 workers for final marking
[2026-04-03T03:16:47.262+0600][28.800s][info][gc,ergo     ] GC(29) Adaptive CSet Selection. Target Free: 106M, Actual Free: 395M, Max CSet: 32000K, Min Garbage: 0B
[2026-04-03T03:16:47.262+0600][28.800s][info][gc,ergo     ] GC(29) Collectable Garbage: 309M (95%), Immediate: 210M (64%), CSet: 102239K (30%)
[2026-04-03T03:16:47.262+0600][28.800s][info][gc,ergo     ] GC(29) Pacer for Evacuation. Used CSet: 131M, Free: 360M, Non-Taxable: 36867K, Alloc Tax Rate: 1.1x
[2026-04-03T03:16:47.262+0600][28.800s][info][gc          ] GC(29) Pause Final Mark (unload classes) 1.058ms
[2026-04-03T03:16:47.262+0600][28.801s][info][gc,start    ] GC(29) Concurrent thread roots
[2026-04-03T03:16:47.262+0600][28.801s][info][gc,task     ] GC(29) Using 3 of 6 workers for Concurrent thread roots
[2026-04-03T03:16:47.263+0600][28.801s][info][gc          ] GC(29) Concurrent thread roots 0.595ms
[2026-04-03T03:16:47.263+0600][28.801s][info][gc,start    ] GC(29) Concurrent weak references
[2026-04-03T03:16:47.263+0600][28.801s][info][gc,task     ] GC(29) Using 3 of 6 workers for concurrent weak references
[2026-04-03T03:16:47.263+0600][28.801s][info][gc,ref      ] GC(29) Encountered references: Soft: 3379, Weak: 5935, Final: 82, Phantom: 596
[2026-04-03T03:16:47.263+0600][28.801s][info][gc,ref      ] GC(29) Discovered  references: Soft: 0, Weak: 717, Final: 0, Phantom: 593
[2026-04-03T03:16:47.263+0600][28.801s][info][gc,ref      ] GC(29) Enqueued    references: Soft: 0, Weak: 8, Final: 0, Phantom: 0
[2026-04-03T03:16:47.263+0600][28.801s][info][gc          ] GC(29) Concurrent weak references 0.338ms
[2026-04-03T03:16:47.263+0600][28.801s][info][gc,start    ] GC(29) Concurrent weak roots
[2026-04-03T03:16:47.263+0600][28.802s][info][gc,task     ] GC(29) Using 3 of 6 workers for concurrent weak root
[2026-04-03T03:16:47.266+0600][28.804s][info][gc          ] GC(29) Concurrent weak roots 2.639ms
[2026-04-03T03:16:47.266+0600][28.804s][info][gc,start    ] GC(29) Concurrent cleanup
[2026-04-03T03:16:47.267+0600][28.805s][info][gc          ] GC(29) Concurrent cleanup 560M->351M(750M) 0.763ms
[2026-04-03T03:16:47.267+0600][28.805s][info][gc,ergo     ] GC(29) Free: 358M, Max: 256K regular, 35840K humongous, Frag: 91% external, 0% internal; Reserve: 38144K, Max: 256K
[2026-04-03T03:16:47.267+0600][28.805s][info][gc,start    ] GC(29) Concurrent class unloading
[2026-04-03T03:16:47.267+0600][28.805s][info][gc,task     ] GC(29) Using 3 of 6 workers for concurrent class unloading
[2026-04-03T03:16:47.275+0600][28.813s][info][gc          ] GC(29) Concurrent class unloading 8.142ms
[2026-04-03T03:16:47.275+0600][28.813s][info][gc,start    ] GC(29) Concurrent strong roots
[2026-04-03T03:16:47.275+0600][28.813s][info][gc,task     ] GC(29) Using 3 of 6 workers for concurrent strong root
[2026-04-03T03:16:47.276+0600][28.814s][info][gc          ] GC(29) Concurrent strong roots 0.901ms
[2026-04-03T03:16:47.276+0600][28.814s][info][gc,start    ] GC(29) Concurrent evacuation
[2026-04-03T03:16:47.276+0600][28.814s][info][gc,task     ] GC(29) Using 3 of 6 workers for concurrent evacuation
[2026-04-03T03:16:47.319+0600][28.857s][info][gc          ] GC(29) Concurrent evacuation 42.507ms
[2026-04-03T03:16:47.319+0600][28.857s][info][gc,start    ] GC(29) Pause Init Update Refs
[2026-04-03T03:16:47.319+0600][28.857s][info][gc,ergo     ] GC(29) Pacer for Update Refs. Used: 405M, Free: 335M, Non-Taxable: 34307K, Alloc Tax Rate: 1.5x
[2026-04-03T03:16:47.319+0600][28.857s][info][gc          ] GC(29) Pause Init Update Refs 0.130ms
[2026-04-03T03:16:47.319+0600][28.858s][info][gc,start    ] GC(29) Concurrent update references
[2026-04-03T03:16:47.319+0600][28.858s][info][gc,task     ] GC(29) Using 3 of 6 workers for concurrent reference update
[2026-04-03T03:16:47.480+0600][29.018s][info][gc          ] GC(29) Concurrent update references 160.567ms
[2026-04-03T03:16:47.480+0600][29.018s][info][gc,start    ] GC(29) Concurrent update thread roots
[2026-04-03T03:16:47.481+0600][29.019s][info][gc          ] GC(29) Concurrent update thread roots 0.850ms
[2026-04-03T03:16:47.481+0600][29.019s][info][gc,start    ] GC(29) Pause Final Update Refs
[2026-04-03T03:16:47.481+0600][29.019s][info][gc,task     ] GC(29) Using 6 of 6 workers for final reference update
[2026-04-03T03:16:47.481+0600][29.020s][info][gc          ] GC(29) Pause Final Update Refs 0.237ms
[2026-04-03T03:16:47.481+0600][29.020s][info][gc,start    ] GC(29) Concurrent cleanup
[2026-04-03T03:16:47.482+0600][29.021s][info][gc          ] GC(29) Concurrent cleanup 455M->324M(750M) 0.778ms
[2026-04-03T03:16:47.482+0600][29.021s][info][gc,ergo     ] Free: 384M, Max: 256K regular, 85248K humongous, Frag: 79% external, 0% internal; Reserve: 38400K, Max: 256K
[2026-04-03T03:16:47.482+0600][29.021s][info][gc,stats    ] 
[2026-04-03T03:16:47.482+0600][29.021s][info][gc,stats    ] All times are wall-clock times, except per-root-class counters, that are sum over
[2026-04-03T03:16:47.482+0600][29.021s][info][gc,stats    ] all workers. Dividing the <total> over the root stage time estimates parallelism.
[2026-04-03T03:16:47.482+0600][29.021s][info][gc,stats    ] 
[2026-04-03T03:16:47.482+0600][29.021s][info][gc,stats    ] Concurrent Reset                   1682 us
[2026-04-03T03:16:47.482+0600][29.021s][info][gc,stats    ] Pause Init Mark (G)                 684 us
[2026-04-03T03:16:47.482+0600][29.021s][info][gc,stats    ] Pause Init Mark (N)                 207 us
[2026-04-03T03:16:47.482+0600][29.021s][info][gc,stats    ]   Update Region States               58 us
[2026-04-03T03:16:47.482+0600][29.021s][info][gc,stats    ] Concurrent Mark Roots              1028 us, parallelism: 1.80x
[2026-04-03T03:16:47.482+0600][29.021s][info][gc,stats    ]   CMR: <total>                     1851 us
[2026-04-03T03:16:47.483+0600][29.021s][info][gc,stats    ]   CMR: Thread Roots                1561 us, workers (us): 607, 353, 601, ---, ---, ---, 
[2026-04-03T03:16:47.483+0600][29.021s][info][gc,stats    ]   CMR: VM Strong Roots               38 us, workers (us):  24,  12,   1, ---, ---, ---, 
[2026-04-03T03:16:47.483+0600][29.021s][info][gc,stats    ]   CMR: CLDG Roots                   252 us, workers (us): ---, 252, ---, ---, ---, ---, 
[2026-04-03T03:16:47.483+0600][29.021s][info][gc,stats    ] Concurrent Marking               310457 us
[2026-04-03T03:16:47.483+0600][29.021s][info][gc,stats    ] Pause Final Mark (G)               1415 us
[2026-04-03T03:16:47.483+0600][29.021s][info][gc,stats    ] Pause Final Mark (N)               1109 us
[2026-04-03T03:16:47.483+0600][29.021s][info][gc,stats    ]   Finish Mark                       295 us
[2026-04-03T03:16:47.483+0600][29.021s][info][gc,stats    ]   Update Region States               80 us
[2026-04-03T03:16:47.483+0600][29.021s][info][gc,stats    ]   Choose Collection Set             464 us
[2026-04-03T03:16:47.483+0600][29.021s][info][gc,stats    ]   Rebuild Free Set                   56 us
[2026-04-03T03:16:47.483+0600][29.021s][info][gc,stats    ] Concurrent Thread Roots             630 us, parallelism: 2.09x
[2026-04-03T03:16:47.483+0600][29.021s][info][gc,stats    ]   CTR: <total>                     1319 us
[2026-04-03T03:16:47.483+0600][29.021s][info][gc,stats    ]   CTR: Thread Roots                1319 us, workers (us): 453, 451, 415, ---, ---, ---, 
[2026-04-03T03:16:47.483+0600][29.021s][info][gc,stats    ] Concurrent Weak References          351 us, parallelism: 0.78x
[2026-04-03T03:16:47.483+0600][29.021s][info][gc,stats    ]   CWRF: <total>                     273 us
[2026-04-03T03:16:47.483+0600][29.021s][info][gc,stats    ]   CWRF: Weak References             273 us, workers (us): 107, 165,   1, ---, ---, ---, 
[2026-04-03T03:16:47.483+0600][29.021s][info][gc,stats    ] Concurrent Weak Roots              2704 us
[2026-04-03T03:16:47.483+0600][29.021s][info][gc,stats    ]   Roots                            2402 us, parallelism: 2.60x
[2026-04-03T03:16:47.483+0600][29.021s][info][gc,stats    ]     CWR: <total>                   6248 us
[2026-04-03T03:16:47.483+0600][29.021s][info][gc,stats    ]     CWR: Code Cache Roots          3978 us, workers (us): 1397, 1282, 1299, ---, ---, ---, 
[2026-04-03T03:16:47.483+0600][29.021s][info][gc,stats    ]     CWR: VM Weak Roots             2109 us, workers (us): 713, 719, 676, ---, ---, ---, 
[2026-04-03T03:16:47.483+0600][29.021s][info][gc,stats    ]     CWR: CLDG Roots                 161 us, workers (us): ---, ---, 161, ---, ---, ---, 
[2026-04-03T03:16:47.483+0600][29.021s][info][gc,stats    ]   Rendezvous                        203 us
[2026-04-03T03:16:47.483+0600][29.021s][info][gc,stats    ] Concurrent Cleanup                  802 us
[2026-04-03T03:16:47.483+0600][29.021s][info][gc,stats    ] Concurrent Class Unloading         8257 us
[2026-04-03T03:16:47.483+0600][29.021s][info][gc,stats    ]   Unlink Stale                     6039 us
[2026-04-03T03:16:47.483+0600][29.021s][info][gc,stats    ]     System Dictionary               102 us
[2026-04-03T03:16:47.483+0600][29.021s][info][gc,stats    ]     Weak Class Links                  1 us
[2026-04-03T03:16:47.483+0600][29.021s][info][gc,stats    ]     Code Roots                     5931 us
[2026-04-03T03:16:47.483+0600][29.021s][info][gc,stats    ]   Rendezvous                        250 us
[2026-04-03T03:16:47.483+0600][29.021s][info][gc,stats    ]   Purge Unlinked                   1814 us
[2026-04-03T03:16:47.483+0600][29.021s][info][gc,stats    ]     Code Roots                     1794 us
[2026-04-03T03:16:47.483+0600][29.021s][info][gc,stats    ]     CLDG                             18 us
[2026-04-03T03:16:47.483+0600][29.021s][info][gc,stats    ]     Exception Caches                  0 us
[2026-04-03T03:16:47.483+0600][29.021s][info][gc,stats    ] Concurrent Strong Roots            1000 us, parallelism: 0.57x
[2026-04-03T03:16:47.483+0600][29.021s][info][gc,stats    ]   CSR: <total>                      573 us
[2026-04-03T03:16:47.483+0600][29.021s][info][gc,stats    ]   CSR: VM Strong Roots               31 us, workers (us):  19,   7,   4, ---, ---, ---, 
[2026-04-03T03:16:47.483+0600][29.021s][info][gc,stats    ]   CSR: CLDG Roots                   542 us, workers (us): ---, ---, 542, ---, ---, ---, 
[2026-04-03T03:16:47.483+0600][29.021s][info][gc,stats    ] Concurrent Evacuation             42634 us
[2026-04-03T03:16:47.483+0600][29.021s][info][gc,stats    ] Pause Init Update Refs (G)          569 us
[2026-04-03T03:16:47.483+0600][29.021s][info][gc,stats    ] Pause Init Update Refs (N)          150 us
[2026-04-03T03:16:47.483+0600][29.021s][info][gc,stats    ]   Manage GCLABs                      19 us
[2026-04-03T03:16:47.483+0600][29.021s][info][gc,stats    ] Concurrent Update Refs           160673 us
[2026-04-03T03:16:47.483+0600][29.021s][info][gc,stats    ] Concurrent Update Thread Roots      914 us
[2026-04-03T03:16:47.483+0600][29.021s][info][gc,stats    ] Pause Final Update Refs (G)         569 us
[2026-04-03T03:16:47.483+0600][29.021s][info][gc,stats    ] Pause Final Update Refs (N)         264 us
[2026-04-03T03:16:47.483+0600][29.022s][info][gc,stats    ]   Update Region States               75 us
[2026-04-03T03:16:47.483+0600][29.022s][info][gc,stats    ]   Trash Collection Set               26 us
[2026-04-03T03:16:47.483+0600][29.022s][info][gc,stats    ]   Rebuild Free Set                   53 us
[2026-04-03T03:16:47.483+0600][29.022s][info][gc,stats    ] Concurrent Cleanup                  843 us
[2026-04-03T03:16:47.483+0600][29.022s][info][gc,stats    ] Pacing                           449298 us
[2026-04-03T03:16:47.483+0600][29.022s][info][gc,stats    ] 
[2026-04-03T03:16:47.483+0600][29.022s][info][gc,stats    ] Allocation pacing accrued:
[2026-04-03T03:16:47.483+0600][29.022s][info][gc,stats    ]      11 of  1318 ms (  0.8%): RemoteBlock-temp-file-clean-thread
[2026-04-03T03:16:47.483+0600][29.022s][info][gc,stats    ]     134 of  1318 ms ( 10.2%): Executor task launch worker for task 1.0 in stage 1.0 (TID 4)
[2026-04-03T03:16:47.483+0600][29.022s][info][gc,stats    ]     134 of  1318 ms ( 10.2%): Executor task launch worker for task 2.0 in stage 1.0 (TID 5)
[2026-04-03T03:16:47.483+0600][29.022s][info][gc,stats    ]     170 of  1318 ms ( 12.9%): Executor task launch worker for task 0.0 in stage 1.0 (TID 3)
[2026-04-03T03:16:47.483+0600][29.022s][info][gc,stats    ]     449 of  1318 ms ( 34.1%): <total>
[2026-04-03T03:16:47.483+0600][29.022s][info][gc,stats    ]       6 of  1318 ms (  0.4%): <average total>
[2026-04-03T03:16:47.483+0600][29.022s][info][gc,stats    ]     112 of  1318 ms (  8.5%): <average non-zero>
[2026-04-03T03:16:47.483+0600][29.022s][info][gc,stats    ] 
[2026-04-03T03:16:47.483+0600][29.022s][info][gc,metaspace] Metaspace: 69880K(70720K)->70018K(70848K) NonClass: 60981K(61440K)->61097K(61568K) Class: 8898K(9280K)->8920K(9280K)
[2026-04-03T03:16:47.483+0600][29.022s][info][gc,ergo     ] Pacer for Idle. Initial: 15360K, Alloc Tax Rate: 1.0x
[2026-04-03T03:16:47.725+0600][29.263s][info][gc          ] Trigger: Average GC time (698.88 ms) is above the time for average allocation rate (356 MB/s) to deplete free headroom (248M) (margin of error = 1.90)
[2026-04-03T03:16:47.725+0600][29.263s][info][gc,ergo     ] Free headroom: 286M (free) - 38400K (spike) - 0B (penalties) = 248M
[2026-04-03T03:16:47.725+0600][29.263s][info][gc,ergo     ] Free: 286M, Max: 256K regular, 85248K humongous, Frag: 71% external, 0% internal; Reserve: 38400K, Max: 256K
[2026-04-03T03:16:47.725+0600][29.263s][info][gc,start    ] GC(30) Concurrent reset
[2026-04-03T03:16:47.725+0600][29.263s][info][gc,task     ] GC(30) Using 3 of 6 workers for concurrent reset
[2026-04-03T03:16:47.725+0600][29.263s][info][gc,ergo     ] GC(30) Pacer for Reset. Non-Taxable: 750M
[2026-04-03T03:16:47.727+0600][29.265s][info][gc          ] GC(30) Concurrent reset 1.560ms
[2026-04-03T03:16:47.727+0600][29.265s][info][gc,start    ] GC(30) Pause Init Mark (unload classes)
[2026-04-03T03:16:47.727+0600][29.265s][info][gc,task     ] GC(30) Using 6 of 6 workers for init marking
[2026-04-03T03:16:47.727+0600][29.265s][info][gc,ergo     ] GC(30) Pacer for Mark. Expected Live: 169M, Free: 285M, Non-Taxable: 29238K, Alloc Tax Rate: 0.7x
[2026-04-03T03:16:47.727+0600][29.265s][info][gc          ] GC(30) Pause Init Mark (unload classes) 0.225ms
[2026-04-03T03:16:47.727+0600][29.266s][info][gc,start    ] GC(30) Concurrent marking roots
[2026-04-03T03:16:47.727+0600][29.266s][info][gc,task     ] GC(30) Using 3 of 6 workers for concurrent marking roots
[2026-04-03T03:16:47.728+0600][29.266s][info][gc          ] GC(30) Concurrent marking roots 0.869ms
[2026-04-03T03:16:47.728+0600][29.266s][info][gc,start    ] GC(30) Concurrent marking (unload classes)
[2026-04-03T03:16:47.728+0600][29.266s][info][gc,task     ] GC(30) Using 3 of 6 workers for concurrent marking
[2026-04-03T03:16:48.077+0600][29.615s][info][gc          ] GC(30) Concurrent marking (unload classes) 348.938ms
[2026-04-03T03:16:48.077+0600][29.616s][info][gc,start    ] GC(30) Pause Final Mark (unload classes)
[2026-04-03T03:16:48.077+0600][29.616s][info][gc,task     ] GC(30) Using 6 of 6 workers for final marking
[2026-04-03T03:16:48.078+0600][29.616s][info][gc,ergo     ] GC(30) Adaptive CSet Selection. Target Free: 106M, Actual Free: 297M, Max CSet: 32000K, Min Garbage: 0B
[2026-04-03T03:16:48.078+0600][29.616s][info][gc,ergo     ] GC(30) Collectable Garbage: 217M (95%), Immediate: 34304K (14%), CSet: 183M (80%)
[2026-04-03T03:16:48.078+0600][29.616s][info][gc,ergo     ] GC(30) Pacer for Evacuation. Used CSet: 214M, Free: 262M, Non-Taxable: 26854K, Alloc Tax Rate: 2.0x
[2026-04-03T03:16:48.078+0600][29.617s][info][gc          ] GC(30) Pause Final Mark (unload classes) 0.836ms
[2026-04-03T03:16:48.078+0600][29.617s][info][gc,start    ] GC(30) Concurrent thread roots
[2026-04-03T03:16:48.078+0600][29.617s][info][gc,task     ] GC(30) Using 3 of 6 workers for Concurrent thread roots
[2026-04-03T03:16:48.079+0600][29.617s][info][gc          ] GC(30) Concurrent thread roots 0.502ms
[2026-04-03T03:16:48.079+0600][29.617s][info][gc,start    ] GC(30) Concurrent weak references
[2026-04-03T03:16:48.079+0600][29.617s][info][gc,task     ] GC(30) Using 3 of 6 workers for concurrent weak references
[2026-04-03T03:16:48.080+0600][29.618s][info][gc,ref      ] GC(30) Encountered references: Soft: 3379, Weak: 5927, Final: 82, Phantom: 596
[2026-04-03T03:16:48.080+0600][29.618s][info][gc,ref      ] GC(30) Discovered  references: Soft: 0, Weak: 3813, Final: 0, Phantom: 592
[2026-04-03T03:16:48.080+0600][29.618s][info][gc,ref      ] GC(30) Enqueued    references: Soft: 0, Weak: 0, Final: 0, Phantom: 0
[2026-04-03T03:16:48.080+0600][29.618s][info][gc          ] GC(30) Concurrent weak references 0.796ms
[2026-04-03T03:16:48.080+0600][29.618s][info][gc,start    ] GC(30) Concurrent weak roots
[2026-04-03T03:16:48.080+0600][29.618s][info][gc,task     ] GC(30) Using 3 of 6 workers for concurrent weak root
[2026-04-03T03:16:48.082+0600][29.620s][info][gc          ] GC(30) Concurrent weak roots 1.976ms
[2026-04-03T03:16:48.082+0600][29.620s][info][gc,start    ] GC(30) Concurrent cleanup
[2026-04-03T03:16:48.082+0600][29.620s][info][gc          ] GC(30) Concurrent cleanup 482M->448M(750M) 0.252ms
[2026-04-03T03:16:48.082+0600][29.620s][info][gc,ergo     ] GC(30) Free: 261M, Max: 256K regular, 89344K humongous, Frag: 67% external, 0% internal; Reserve: 38254K, Max: 256K
[2026-04-03T03:16:48.082+0600][29.620s][info][gc,start    ] GC(30) Concurrent class unloading
[2026-04-03T03:16:48.082+0600][29.620s][info][gc,task     ] GC(30) Using 3 of 6 workers for concurrent class unloading
[2026-04-03T03:16:48.088+0600][29.627s][info][gc          ] GC(30) Concurrent class unloading 6.350ms
[2026-04-03T03:16:48.088+0600][29.627s][info][gc,start    ] GC(30) Concurrent strong roots
[2026-04-03T03:16:48.088+0600][29.627s][info][gc,task     ] GC(30) Using 3 of 6 workers for concurrent strong root
[2026-04-03T03:16:48.089+0600][29.628s][info][gc          ] GC(30) Concurrent strong roots 0.790ms
[2026-04-03T03:16:48.089+0600][29.628s][info][gc,start    ] GC(30) Concurrent evacuation
[2026-04-03T03:16:48.089+0600][29.628s][info][gc,task     ] GC(30) Using 3 of 6 workers for concurrent evacuation
[2026-04-03T03:16:48.119+0600][29.658s][info][gc          ] GC(30) Concurrent evacuation 30.092ms
[2026-04-03T03:16:48.120+0600][29.658s][info][gc,start    ] GC(30) Pause Init Update Refs
[2026-04-03T03:16:48.120+0600][29.658s][info][gc,ergo     ] GC(30) Pacer for Update Refs. Used: 494M, Free: 247M, Non-Taxable: 25296K, Alloc Tax Rate: 2.4x
[2026-04-03T03:16:48.120+0600][29.658s][info][gc          ] GC(30) Pause Init Update Refs 0.235ms
[2026-04-03T03:16:48.120+0600][29.659s][info][gc,start    ] GC(30) Concurrent update references
[2026-04-03T03:16:48.120+0600][29.659s][info][gc,task     ] GC(30) Using 3 of 6 workers for concurrent reference update
[2026-04-03T03:16:48.255+0600][29.793s][info][gc          ] GC(30) Concurrent update references 134.742ms
[2026-04-03T03:16:48.255+0600][29.793s][info][gc,start    ] GC(30) Concurrent update thread roots
[2026-04-03T03:16:48.256+0600][29.794s][info][gc          ] GC(30) Concurrent update thread roots 0.935ms
[2026-04-03T03:16:48.256+0600][29.795s][info][gc,start    ] GC(30) Pause Final Update Refs
[2026-04-03T03:16:48.256+0600][29.795s][info][gc,task     ] GC(30) Using 6 of 6 workers for final reference update
[2026-04-03T03:16:48.256+0600][29.795s][info][gc          ] GC(30) Pause Final Update Refs 0.194ms
[2026-04-03T03:16:48.257+0600][29.795s][info][gc,start    ] GC(30) Concurrent cleanup
[2026-04-03T03:16:48.257+0600][29.796s][info][gc          ] GC(30) Concurrent cleanup 558M->344M(750M) 0.832ms
[2026-04-03T03:16:48.258+0600][29.796s][info][gc,ergo     ] Free: 365M, Max: 256K regular, 80896K humongous, Frag: 79% external, 0% internal; Reserve: 38400K, Max: 256K
[2026-04-03T03:16:48.258+0600][29.796s][info][gc,stats    ] 
[2026-04-03T03:16:48.258+0600][29.796s][info][gc,stats    ] All times are wall-clock times, except per-root-class counters, that are sum over
[2026-04-03T03:16:48.258+0600][29.796s][info][gc,stats    ] all workers. Dividing the <total> over the root stage time estimates parallelism.
[2026-04-03T03:16:48.258+0600][29.796s][info][gc,stats    ] 
[2026-04-03T03:16:48.258+0600][29.796s][info][gc,stats    ] Concurrent Reset                   1616 us
[2026-04-03T03:16:48.258+0600][29.796s][info][gc,stats    ] Pause Init Mark (G)                 579 us
[2026-04-03T03:16:48.258+0600][29.796s][info][gc,stats    ] Pause Init Mark (N)                 241 us
[2026-04-03T03:16:48.258+0600][29.796s][info][gc,stats    ]   Update Region States               66 us
[2026-04-03T03:16:48.258+0600][29.796s][info][gc,stats    ] Concurrent Mark Roots               910 us, parallelism: 1.79x
[2026-04-03T03:16:48.258+0600][29.796s][info][gc,stats    ]   CMR: <total>                     1630 us
[2026-04-03T03:16:48.258+0600][29.796s][info][gc,stats    ]   CMR: Thread Roots                1189 us, workers (us): 131, 529, 529, ---, ---, ---, 
[2026-04-03T03:16:48.258+0600][29.796s][info][gc,stats    ]   CMR: VM Strong Roots               42 us, workers (us):  22,  19,   1, ---, ---, ---, 
[2026-04-03T03:16:48.258+0600][29.796s][info][gc,stats    ]   CMR: CLDG Roots                   399 us, workers (us): 399, ---, ---, ---, ---, ---, 
[2026-04-03T03:16:48.258+0600][29.796s][info][gc,stats    ] Concurrent Marking               349017 us
[2026-04-03T03:16:48.258+0600][29.796s][info][gc,stats    ] Pause Final Mark (G)               1178 us
[2026-04-03T03:16:48.258+0600][29.796s][info][gc,stats    ] Pause Final Mark (N)                848 us
[2026-04-03T03:16:48.258+0600][29.796s][info][gc,stats    ]   Finish Mark                       202 us
[2026-04-03T03:16:48.258+0600][29.796s][info][gc,stats    ]   Update Region States               51 us
[2026-04-03T03:16:48.258+0600][29.796s][info][gc,stats    ]   Choose Collection Set             428 us
[2026-04-03T03:16:48.258+0600][29.796s][info][gc,stats    ]   Rebuild Free Set                   39 us
[2026-04-03T03:16:48.258+0600][29.796s][info][gc,stats    ] Concurrent Thread Roots             548 us, parallelism: 1.95x
[2026-04-03T03:16:48.258+0600][29.796s][info][gc,stats    ]   CTR: <total>                     1066 us
[2026-04-03T03:16:48.258+0600][29.796s][info][gc,stats    ]   CTR: Thread Roots                1066 us, workers (us): 383, 362, 321, ---, ---, ---, 
[2026-04-03T03:16:48.258+0600][29.796s][info][gc,stats    ] Concurrent Weak References          811 us, parallelism: 0.78x
[2026-04-03T03:16:48.258+0600][29.796s][info][gc,stats    ]   CWRF: <total>                     635 us
[2026-04-03T03:16:48.258+0600][29.796s][info][gc,stats    ]   CWRF: Weak References             635 us, workers (us):  89, 543,   3, ---, ---, ---, 
[2026-04-03T03:16:48.258+0600][29.796s][info][gc,stats    ] Concurrent Weak Roots              2053 us
[2026-04-03T03:16:48.258+0600][29.796s][info][gc,stats    ]   Roots                            1734 us, parallelism: 2.40x
[2026-04-03T03:16:48.258+0600][29.796s][info][gc,stats    ]     CWR: <total>                   4162 us
[2026-04-03T03:16:48.258+0600][29.796s][info][gc,stats    ]     CWR: Code Cache Roots          2571 us, workers (us): 882, 930, 759, ---, ---, ---, 
[2026-04-03T03:16:48.258+0600][29.796s][info][gc,stats    ]     CWR: VM Weak Roots             1500 us, workers (us): 523, 519, 458, ---, ---, ---, 
[2026-04-03T03:16:48.258+0600][29.796s][info][gc,stats    ]     CWR: CLDG Roots                  92 us, workers (us): ---, ---,  92, ---, ---, ---, 
[2026-04-03T03:16:48.258+0600][29.796s][info][gc,stats    ]   Rendezvous                        180 us
[2026-04-03T03:16:48.258+0600][29.796s][info][gc,stats    ] Concurrent Cleanup                  285 us
[2026-04-03T03:16:48.258+0600][29.796s][info][gc,stats    ] Concurrent Class Unloading         6434 us
[2026-04-03T03:16:48.258+0600][29.796s][info][gc,stats    ]   Unlink Stale                     4953 us
[2026-04-03T03:16:48.258+0600][29.796s][info][gc,stats    ]     System Dictionary                93 us
[2026-04-03T03:16:48.258+0600][29.797s][info][gc,stats    ]     Weak Class Links                  0 us
[2026-04-03T03:16:48.258+0600][29.797s][info][gc,stats    ]     Code Roots                     4855 us
[2026-04-03T03:16:48.258+0600][29.797s][info][gc,stats    ]   Rendezvous                        278 us
[2026-04-03T03:16:48.258+0600][29.797s][info][gc,stats    ]   Purge Unlinked                   1086 us
[2026-04-03T03:16:48.258+0600][29.797s][info][gc,stats    ]     Code Roots                     1064 us
[2026-04-03T03:16:48.258+0600][29.797s][info][gc,stats    ]     CLDG                             21 us
[2026-04-03T03:16:48.258+0600][29.797s][info][gc,stats    ]     Exception Caches                  0 us
[2026-04-03T03:16:48.258+0600][29.797s][info][gc,stats    ] Concurrent Strong Roots             851 us, parallelism: 0.59x
[2026-04-03T03:16:48.258+0600][29.797s][info][gc,stats    ]   CSR: <total>                      501 us
[2026-04-03T03:16:48.258+0600][29.797s][info][gc,stats    ]   CSR: VM Strong Roots               28 us, workers (us):  18,  10,   1, ---, ---, ---, 
[2026-04-03T03:16:48.258+0600][29.797s][info][gc,stats    ]   CSR: CLDG Roots                   473 us, workers (us): 473, ---, ---, ---, ---, ---, 
[2026-04-03T03:16:48.258+0600][29.797s][info][gc,stats    ] Concurrent Evacuation             30210 us
[2026-04-03T03:16:48.258+0600][29.797s][info][gc,stats    ] Pause Init Update Refs (G)          695 us
[2026-04-03T03:16:48.258+0600][29.797s][info][gc,stats    ] Pause Init Update Refs (N)          261 us
[2026-04-03T03:16:48.258+0600][29.797s][info][gc,stats    ]   Manage GCLABs                      21 us
[2026-04-03T03:16:48.258+0600][29.797s][info][gc,stats    ] Concurrent Update Refs           134849 us
[2026-04-03T03:16:48.258+0600][29.797s][info][gc,stats    ] Concurrent Update Thread Roots      999 us
[2026-04-03T03:16:48.258+0600][29.797s][info][gc,stats    ] Pause Final Update Refs (G)         536 us
[2026-04-03T03:16:48.258+0600][29.797s][info][gc,stats    ] Pause Final Update Refs (N)         248 us
[2026-04-03T03:16:48.258+0600][29.797s][info][gc,stats    ]   Update Region States               59 us
[2026-04-03T03:16:48.258+0600][29.797s][info][gc,stats    ]   Trash Collection Set               24 us
[2026-04-03T03:16:48.258+0600][29.797s][info][gc,stats    ]   Rebuild Free Set                   45 us
[2026-04-03T03:16:48.258+0600][29.797s][info][gc,stats    ] Concurrent Cleanup                  878 us
[2026-04-03T03:16:48.258+0600][29.797s][info][gc,stats    ] Pacing                           509599 us
[2026-04-03T03:16:48.258+0600][29.797s][info][gc,stats    ] 
[2026-04-03T03:16:48.258+0600][29.797s][info][gc,stats    ] Allocation pacing accrued:
[2026-04-03T03:16:48.258+0600][29.797s][info][gc,stats    ]     179 of   775 ms ( 23.1%): Executor task launch worker for task 1.0 in stage 1.0 (TID 4)
[2026-04-03T03:16:48.258+0600][29.797s][info][gc,stats    ]     177 of   775 ms ( 22.8%): Executor task launch worker for task 2.0 in stage 1.0 (TID 5)
[2026-04-03T03:16:48.258+0600][29.797s][info][gc,stats    ]     154 of   775 ms ( 19.8%): Executor task launch worker for task 0.0 in stage 1.0 (TID 3)
[2026-04-03T03:16:48.258+0600][29.797s][info][gc,stats    ]     510 of   775 ms ( 65.7%): <total>
[2026-04-03T03:16:48.258+0600][29.797s][info][gc,stats    ]       7 of   775 ms (  0.9%): <average total>
[2026-04-03T03:16:48.258+0600][29.797s][info][gc,stats    ]     170 of   775 ms ( 21.9%): <average non-zero>
[2026-04-03T03:16:48.259+0600][29.797s][info][gc,stats    ] 
[2026-04-03T03:16:48.259+0600][29.797s][info][gc,metaspace] Metaspace: 70024K(70848K)->70092K(70912K) NonClass: 61103K(61568K)->61166K(61632K) Class: 8920K(9280K)->8925K(9280K)
[2026-04-03T03:16:48.259+0600][29.797s][info][gc,ergo     ] Pacer for Idle. Initial: 15360K, Alloc Tax Rate: 1.0x
[2026-04-03T03:16:48.360+0600][29.898s][info][gc          ] Trigger: Average GC time (655.61 ms) is above the time for average allocation rate (476 MB/s) to deplete free headroom (264M) (margin of error = 1.91)
[2026-04-03T03:16:48.360+0600][29.898s][info][gc,ergo     ] Free headroom: 301M (free) - 38400K (spike) - 0B (penalties) = 264M
[2026-04-03T03:16:48.360+0600][29.898s][info][gc,ergo     ] Free: 301M, Max: 256K regular, 80896K humongous, Frag: 74% external, 0% internal; Reserve: 38400K, Max: 256K
[2026-04-03T03:16:48.360+0600][29.898s][info][gc,start    ] GC(31) Concurrent reset
[2026-04-03T03:16:48.360+0600][29.898s][info][gc,task     ] GC(31) Using 3 of 6 workers for concurrent reset
[2026-04-03T03:16:48.360+0600][29.898s][info][gc,ergo     ] GC(31) Pacer for Reset. Non-Taxable: 750M
[2026-04-03T03:16:48.362+0600][29.900s][info][gc          ] GC(31) Concurrent reset 1.626ms
[2026-04-03T03:16:48.362+0600][29.900s][info][gc,start    ] GC(31) Pause Init Mark (unload classes)
[2026-04-03T03:16:48.362+0600][29.900s][info][gc,task     ] GC(31) Using 6 of 6 workers for init marking
[2026-04-03T03:16:48.362+0600][29.900s][info][gc,ergo     ] GC(31) Pacer for Mark. Expected Live: 187M, Free: 300M, Non-Taxable: 30774K, Alloc Tax Rate: 0.8x
[2026-04-03T03:16:48.362+0600][29.900s][info][gc          ] GC(31) Pause Init Mark (unload classes) 0.193ms
[2026-04-03T03:16:48.362+0600][29.900s][info][gc,start    ] GC(31) Concurrent marking roots
[2026-04-03T03:16:48.362+0600][29.901s][info][gc,task     ] GC(31) Using 3 of 6 workers for concurrent marking roots
[2026-04-03T03:16:48.363+0600][29.901s][info][gc          ] GC(31) Concurrent marking roots 0.868ms
[2026-04-03T03:16:48.363+0600][29.901s][info][gc,start    ] GC(31) Concurrent marking (unload classes)
[2026-04-03T03:16:48.363+0600][29.901s][info][gc,task     ] GC(31) Using 3 of 6 workers for concurrent marking
[2026-04-03T03:16:48.653+0600][30.191s][info][gc          ] GC(31) Concurrent marking (unload classes) 289.837ms
[2026-04-03T03:16:48.653+0600][30.192s][info][gc,start    ] GC(31) Pause Final Mark (unload classes)
[2026-04-03T03:16:48.653+0600][30.192s][info][gc,task     ] GC(31) Using 6 of 6 workers for final marking
[2026-04-03T03:16:48.654+0600][30.192s][info][gc,ergo     ] GC(31) Adaptive CSet Selection. Target Free: 106M, Actual Free: 279M, Max CSet: 32000K, Min Garbage: 0B
[2026-04-03T03:16:48.654+0600][30.193s][info][gc,ergo     ] GC(31) Collectable Garbage: 198M (96%), Immediate: 3958K (1%), CSet: 194M (94%)
[2026-04-03T03:16:48.654+0600][30.193s][info][gc,ergo     ] GC(31) Pacer for Evacuation. Used CSet: 215M, Free: 243M, Non-Taxable: 24912K, Alloc Tax Rate: 2.2x
[2026-04-03T03:16:48.654+0600][30.193s][info][gc          ] GC(31) Pause Final Mark (unload classes) 1.087ms
[2026-04-03T03:16:48.654+0600][30.193s][info][gc,start    ] GC(31) Concurrent thread roots
[2026-04-03T03:16:48.654+0600][30.193s][info][gc,task     ] GC(31) Using 3 of 6 workers for Concurrent thread roots
[2026-04-03T03:16:48.655+0600][30.193s][info][gc          ] GC(31) Concurrent thread roots 0.637ms
[2026-04-03T03:16:48.655+0600][30.193s][info][gc,start    ] GC(31) Concurrent weak references
[2026-04-03T03:16:48.655+0600][30.193s][info][gc,task     ] GC(31) Using 3 of 6 workers for concurrent weak references
[2026-04-03T03:16:48.655+0600][30.194s][info][gc,ref      ] GC(31) Encountered references: Soft: 3379, Weak: 5941, Final: 82, Phantom: 597
[2026-04-03T03:16:48.655+0600][30.194s][info][gc,ref      ] GC(31) Discovered  references: Soft: 0, Weak: 390, Final: 0, Phantom: 211
[2026-04-03T03:16:48.655+0600][30.194s][info][gc,ref      ] GC(31) Enqueued    references: Soft: 0, Weak: 4, Final: 0, Phantom: 0
[2026-04-03T03:16:48.655+0600][30.194s][info][gc          ] GC(31) Concurrent weak references 0.292ms
[2026-04-03T03:16:48.655+0600][30.194s][info][gc,start    ] GC(31) Concurrent weak roots
[2026-04-03T03:16:48.655+0600][30.194s][info][gc,task     ] GC(31) Using 3 of 6 workers for concurrent weak root
[2026-04-03T03:16:48.658+0600][30.196s][info][gc          ] GC(31) Concurrent weak roots 2.205ms
[2026-04-03T03:16:48.658+0600][30.196s][info][gc,start    ] GC(31) Concurrent cleanup
[2026-04-03T03:16:48.658+0600][30.196s][info][gc          ] GC(31) Concurrent cleanup 471M->467M(750M) 0.217ms
[2026-04-03T03:16:48.658+0600][30.196s][info][gc,ergo     ] GC(31) Free: 242M, Max: 256K regular, 80896K humongous, Frag: 68% external, 0% internal; Reserve: 38275K, Max: 256K
[2026-04-03T03:16:48.658+0600][30.196s][info][gc,start    ] GC(31) Concurrent class unloading
[2026-04-03T03:16:48.658+0600][30.196s][info][gc,task     ] GC(31) Using 3 of 6 workers for concurrent class unloading
[2026-04-03T03:16:48.664+0600][30.203s][info][gc          ] GC(31) Concurrent class unloading 6.392ms
[2026-04-03T03:16:48.664+0600][30.203s][info][gc,start    ] GC(31) Concurrent strong roots
[2026-04-03T03:16:48.664+0600][30.203s][info][gc,task     ] GC(31) Using 3 of 6 workers for concurrent strong root
[2026-04-03T03:16:48.665+0600][30.204s][info][gc          ] GC(31) Concurrent strong roots 0.867ms
[2026-04-03T03:16:48.665+0600][30.204s][info][gc,start    ] GC(31) Concurrent evacuation
[2026-04-03T03:16:48.665+0600][30.204s][info][gc,task     ] GC(31) Using 3 of 6 workers for concurrent evacuation
[2026-04-03T03:16:48.687+0600][30.225s][info][gc          ] GC(31) Concurrent evacuation 21.289ms
[2026-04-03T03:16:48.687+0600][30.225s][info][gc,start    ] GC(31) Pause Init Update Refs
[2026-04-03T03:16:48.687+0600][30.225s][info][gc,ergo     ] GC(31) Pacer for Update Refs. Used: 502M, Free: 228M, Non-Taxable: 23401K, Alloc Tax Rate: 2.7x
[2026-04-03T03:16:48.687+0600][30.225s][info][gc          ] GC(31) Pause Init Update Refs 0.129ms
[2026-04-03T03:16:48.687+0600][30.226s][info][gc,start    ] GC(31) Concurrent update references
[2026-04-03T03:16:48.687+0600][30.226s][info][gc,task     ] GC(31) Using 3 of 6 workers for concurrent reference update
[2026-04-03T03:16:48.827+0600][30.365s][info][gc          ] GC(31) Concurrent update references 139.252ms
[2026-04-03T03:16:48.827+0600][30.365s][info][gc,start    ] GC(31) Concurrent update thread roots
[2026-04-03T03:16:48.827+0600][30.366s][info][gc          ] GC(31) Concurrent update thread roots 0.811ms
[2026-04-03T03:16:48.828+0600][30.366s][info][gc,start    ] GC(31) Pause Final Update Refs
[2026-04-03T03:16:48.829+0600][30.367s][info][gc,task     ] GC(31) Using 6 of 6 workers for final reference update
[2026-04-03T03:16:48.829+0600][30.367s][info][gc          ] GC(31) Pause Final Update Refs 1.401ms
[2026-04-03T03:16:48.829+0600][30.368s][info][gc,start    ] GC(31) Concurrent cleanup
[2026-04-03T03:16:48.830+0600][30.368s][info][gc          ] GC(31) Concurrent cleanup 569M->354M(750M) 0.804ms
[2026-04-03T03:16:48.830+0600][30.369s][info][gc,ergo     ] Free: 354M, Max: 256K regular, 80896K humongous, Frag: 78% external, 0% internal; Reserve: 38400K, Max: 256K
[2026-04-03T03:16:48.830+0600][30.369s][info][gc,stats    ] 
[2026-04-03T03:16:48.830+0600][30.369s][info][gc,stats    ] All times are wall-clock times, except per-root-class counters, that are sum over
[2026-04-03T03:16:48.830+0600][30.369s][info][gc,stats    ] all workers. Dividing the <total> over the root stage time estimates parallelism.
[2026-04-03T03:16:48.830+0600][30.369s][info][gc,stats    ] 
[2026-04-03T03:16:48.830+0600][30.369s][info][gc,stats    ] Concurrent Reset                   1700 us
[2026-04-03T03:16:48.830+0600][30.369s][info][gc,stats    ] Pause Init Mark (G)                 485 us
[2026-04-03T03:16:48.830+0600][30.369s][info][gc,stats    ] Pause Init Mark (N)                 204 us
[2026-04-03T03:16:48.830+0600][30.369s][info][gc,stats    ]   Update Region States               44 us
[2026-04-03T03:16:48.830+0600][30.369s][info][gc,stats    ] Concurrent Mark Roots               932 us, parallelism: 1.53x
[2026-04-03T03:16:48.830+0600][30.369s][info][gc,stats    ]   CMR: <total>                     1426 us
[2026-04-03T03:16:48.830+0600][30.369s][info][gc,stats    ]   CMR: Thread Roots                1044 us, workers (us): 461, 463, 121, ---, ---, ---, 
[2026-04-03T03:16:48.830+0600][30.369s][info][gc,stats    ]   CMR: VM Strong Roots               40 us, workers (us):  25,   9,   5, ---, ---, ---, 
[2026-04-03T03:16:48.830+0600][30.369s][info][gc,stats    ]   CMR: CLDG Roots                   342 us, workers (us): ---, ---, 342, ---, ---, ---, 
[2026-04-03T03:16:48.830+0600][30.369s][info][gc,stats    ] Concurrent Marking               289932 us
[2026-04-03T03:16:48.830+0600][30.369s][info][gc,stats    ] Pause Final Mark (G)               1360 us
[2026-04-03T03:16:48.830+0600][30.369s][info][gc,stats    ] Pause Final Mark (N)               1099 us
[2026-04-03T03:16:48.830+0600][30.369s][info][gc,stats    ]   Finish Mark                       382 us
[2026-04-03T03:16:48.830+0600][30.369s][info][gc,stats    ]   Update Region States               50 us
[2026-04-03T03:16:48.830+0600][30.369s][info][gc,stats    ]   Choose Collection Set             504 us
[2026-04-03T03:16:48.830+0600][30.369s][info][gc,stats    ]   Rebuild Free Set                   41 us
[2026-04-03T03:16:48.830+0600][30.369s][info][gc,stats    ] Concurrent Thread Roots             677 us, parallelism: 1.67x
[2026-04-03T03:16:48.830+0600][30.369s][info][gc,stats    ]   CTR: <total>                     1128 us
[2026-04-03T03:16:48.830+0600][30.369s][info][gc,stats    ]   CTR: Thread Roots                1128 us, workers (us): 390, 405, 334, ---, ---, ---, 
[2026-04-03T03:16:48.830+0600][30.369s][info][gc,stats    ] Concurrent Weak References          307 us, parallelism: 0.44x
[2026-04-03T03:16:48.830+0600][30.369s][info][gc,stats    ]   CWRF: <total>                     135 us
[2026-04-03T03:16:48.831+0600][30.369s][info][gc,stats    ]   CWRF: Weak References             135 us, workers (us):  78,  49,   7, ---, ---, ---, 
[2026-04-03T03:16:48.831+0600][30.369s][info][gc,stats    ] Concurrent Weak Roots              2278 us
[2026-04-03T03:16:48.831+0600][30.369s][info][gc,stats    ]   Roots                            2005 us, parallelism: 2.48x
[2026-04-03T03:16:48.831+0600][30.369s][info][gc,stats    ]     CWR: <total>                   4980 us
[2026-04-03T03:16:48.831+0600][30.369s][info][gc,stats    ]     CWR: Code Cache Roots          3100 us, workers (us): 1035, 1119, 946, ---, ---, ---, 
[2026-04-03T03:16:48.831+0600][30.369s][info][gc,stats    ]     CWR: VM Weak Roots             1771 us, workers (us): 627, 612, 532, ---, ---, ---, 
[2026-04-03T03:16:48.831+0600][30.369s][info][gc,stats    ]     CWR: CLDG Roots                 109 us, workers (us): ---, ---, 109, ---, ---, ---, 
[2026-04-03T03:16:48.831+0600][30.369s][info][gc,stats    ]   Rendezvous                        169 us
[2026-04-03T03:16:48.831+0600][30.369s][info][gc,stats    ] Concurrent Cleanup                  244 us
[2026-04-03T03:16:48.831+0600][30.369s][info][gc,stats    ] Concurrent Class Unloading         6479 us
[2026-04-03T03:16:48.831+0600][30.369s][info][gc,stats    ]   Unlink Stale                     5288 us
[2026-04-03T03:16:48.831+0600][30.369s][info][gc,stats    ]     System Dictionary               101 us
[2026-04-03T03:16:48.831+0600][30.369s][info][gc,stats    ]     Weak Class Links                  1 us
[2026-04-03T03:16:48.831+0600][30.369s][info][gc,stats    ]     Code Roots                     5181 us
[2026-04-03T03:16:48.831+0600][30.369s][info][gc,stats    ]   Rendezvous                        365 us
[2026-04-03T03:16:48.831+0600][30.369s][info][gc,stats    ]   Purge Unlinked                    703 us
[2026-04-03T03:16:48.831+0600][30.369s][info][gc,stats    ]     Code Roots                      686 us
[2026-04-03T03:16:48.831+0600][30.369s][info][gc,stats    ]     CLDG                             16 us
[2026-04-03T03:16:48.831+0600][30.369s][info][gc,stats    ]     Exception Caches                  0 us
[2026-04-03T03:16:48.831+0600][30.369s][info][gc,stats    ] Concurrent Strong Roots             930 us, parallelism: 0.57x
[2026-04-03T03:16:48.831+0600][30.369s][info][gc,stats    ]   CSR: <total>                      535 us
[2026-04-03T03:16:48.831+0600][30.369s][info][gc,stats    ]   CSR: VM Strong Roots               26 us, workers (us):  14,  12,   0, ---, ---, ---, 
[2026-04-03T03:16:48.831+0600][30.369s][info][gc,stats    ]   CSR: CLDG Roots                   509 us, workers (us): 509, ---, ---, ---, ---, ---, 
[2026-04-03T03:16:48.831+0600][30.369s][info][gc,stats    ] Concurrent Evacuation             21349 us
[2026-04-03T03:16:48.831+0600][30.369s][info][gc,stats    ] Pause Init Update Refs (G)          566 us
[2026-04-03T03:16:48.831+0600][30.369s][info][gc,stats    ] Pause Init Update Refs (N)          143 us
[2026-04-03T03:16:48.831+0600][30.369s][info][gc,stats    ]   Manage GCLABs                      13 us
[2026-04-03T03:16:48.831+0600][30.369s][info][gc,stats    ] Concurrent Update Refs           139341 us
[2026-04-03T03:16:48.831+0600][30.369s][info][gc,stats    ] Concurrent Update Thread Roots      869 us
[2026-04-03T03:16:48.831+0600][30.369s][info][gc,stats    ] Pause Final Update Refs (G)        1842 us
[2026-04-03T03:16:48.831+0600][30.369s][info][gc,stats    ] Pause Final Update Refs (N)        1420 us
[2026-04-03T03:16:48.831+0600][30.369s][info][gc,stats    ]   Update Region States               64 us
[2026-04-03T03:16:48.831+0600][30.369s][info][gc,stats    ]   Trash Collection Set               41 us
[2026-04-03T03:16:48.831+0600][30.369s][info][gc,stats    ]   Rebuild Free Set                   45 us
[2026-04-03T03:16:48.831+0600][30.369s][info][gc,stats    ] Concurrent Cleanup                  838 us
[2026-04-03T03:16:48.831+0600][30.369s][info][gc,stats    ] Pacing                           451586 us
[2026-04-03T03:16:48.831+0600][30.369s][info][gc,stats    ] 
[2026-04-03T03:16:48.831+0600][30.369s][info][gc,stats    ] Allocation pacing accrued:
[2026-04-03T03:16:48.831+0600][30.369s][info][gc,stats    ]     145 of   572 ms ( 25.3%): Executor task launch worker for task 1.0 in stage 1.0 (TID 4)
[2026-04-03T03:16:48.831+0600][30.369s][info][gc,stats    ]     152 of   572 ms ( 26.6%): Executor task launch worker for task 2.0 in stage 1.0 (TID 5)
[2026-04-03T03:16:48.831+0600][30.369s][info][gc,stats    ]     154 of   572 ms ( 27.0%): Executor task launch worker for task 0.0 in stage 1.0 (TID 3)
[2026-04-03T03:16:48.831+0600][30.369s][info][gc,stats    ]     452 of   572 ms ( 78.9%): <total>
[2026-04-03T03:16:48.831+0600][30.369s][info][gc,stats    ]       6 of   572 ms (  1.1%): <average total>
[2026-04-03T03:16:48.831+0600][30.369s][info][gc,stats    ]     151 of   572 ms ( 26.3%): <average non-zero>
[2026-04-03T03:16:48.831+0600][30.369s][info][gc,stats    ] 
[2026-04-03T03:16:48.831+0600][30.369s][info][gc,metaspace] Metaspace: 70092K(70912K)->70095K(70912K) NonClass: 61167K(61632K)->61169K(61632K) Class: 8925K(9280K)->8925K(9280K)
[2026-04-03T03:16:48.831+0600][30.369s][info][gc,ergo     ] Pacer for Idle. Initial: 15360K, Alloc Tax Rate: 1.0x
[2026-04-03T03:16:48.908+0600][30.446s][info][gc          ] Trigger: Average GC time (603.64 ms) is above the time for average allocation rate (398 MB/s) to deplete free headroom (239M) (margin of error = 1.92)
[2026-04-03T03:16:48.908+0600][30.446s][info][gc,ergo     ] Free headroom: 276M (free) - 38400K (spike) - 0B (penalties) = 239M
[2026-04-03T03:16:48.908+0600][30.446s][info][gc,ergo     ] Free: 276M, Max: 256K regular, 80896K humongous, Frag: 72% external, 0% internal; Reserve: 38400K, Max: 256K
[2026-04-03T03:16:48.908+0600][30.446s][info][gc,start    ] GC(32) Concurrent reset
[2026-04-03T03:16:48.908+0600][30.446s][info][gc,task     ] GC(32) Using 3 of 6 workers for concurrent reset
[2026-04-03T03:16:48.908+0600][30.446s][info][gc,ergo     ] GC(32) Pacer for Reset. Non-Taxable: 750M
[2026-04-03T03:16:48.909+0600][30.448s][info][gc          ] GC(32) Concurrent reset 1.326ms
[2026-04-03T03:16:48.910+0600][30.448s][info][gc,start    ] GC(32) Pause Init Mark (unload classes)
[2026-04-03T03:16:48.910+0600][30.448s][info][gc,task     ] GC(32) Using 6 of 6 workers for init marking
[2026-04-03T03:16:48.910+0600][30.448s][info][gc,ergo     ] GC(32) Pacer for Mark. Expected Live: 199M, Free: 275M, Non-Taxable: 28163K, Alloc Tax Rate: 0.9x
[2026-04-03T03:16:48.910+0600][30.448s][info][gc          ] GC(32) Pause Init Mark (unload classes) 0.128ms
[2026-04-03T03:16:48.910+0600][30.448s][info][gc,start    ] GC(32) Concurrent marking roots
[2026-04-03T03:16:48.910+0600][30.448s][info][gc,task     ] GC(32) Using 3 of 6 workers for concurrent marking roots
[2026-04-03T03:16:48.910+0600][30.449s][info][gc          ] GC(32) Concurrent marking roots 0.646ms
[2026-04-03T03:16:48.911+0600][30.449s][info][gc,start    ] GC(32) Concurrent marking (unload classes)
[2026-04-03T03:16:48.911+0600][30.449s][info][gc,task     ] GC(32) Using 3 of 6 workers for concurrent marking
[2026-04-03T03:16:49.159+0600][30.697s][info][gc          ] GC(32) Concurrent marking (unload classes) 247.952ms
[2026-04-03T03:16:49.159+0600][30.697s][info][gc,start    ] GC(32) Pause Final Mark (unload classes)
[2026-04-03T03:16:49.159+0600][30.697s][info][gc,task     ] GC(32) Using 6 of 6 workers for final marking
[2026-04-03T03:16:49.159+0600][30.698s][info][gc,ergo     ] GC(32) Adaptive CSet Selection. Target Free: 106M, Actual Free: 258M, Max CSet: 32000K, Min Garbage: 0B
[2026-04-03T03:16:49.160+0600][30.698s][info][gc,ergo     ] GC(32) Collectable Garbage: 212M (96%), Immediate: 4352K (1%), CSet: 208M (94%)
[2026-04-03T03:16:49.160+0600][30.698s][info][gc,ergo     ] GC(32) Pacer for Evacuation. Used CSet: 221M, Free: 222M, Non-Taxable: 22748K, Alloc Tax Rate: 2.4x
[2026-04-03T03:16:49.160+0600][30.698s][info][gc          ] GC(32) Pause Final Mark (unload classes) 1.301ms
[2026-04-03T03:16:49.160+0600][30.698s][info][gc,start    ] GC(32) Concurrent thread roots
[2026-04-03T03:16:49.160+0600][30.698s][info][gc,task     ] GC(32) Using 3 of 6 workers for Concurrent thread roots
[2026-04-03T03:16:49.161+0600][30.699s][info][gc          ] GC(32) Concurrent thread roots 0.650ms
[2026-04-03T03:16:49.161+0600][30.699s][info][gc,start    ] GC(32) Concurrent weak references
[2026-04-03T03:16:49.161+0600][30.699s][info][gc,task     ] GC(32) Using 3 of 6 workers for concurrent weak references
[2026-04-03T03:16:49.161+0600][30.699s][info][gc,ref      ] GC(32) Encountered references: Soft: 3379, Weak: 5937, Final: 82, Phantom: 596
[2026-04-03T03:16:49.161+0600][30.699s][info][gc,ref      ] GC(32) Discovered  references: Soft: 0, Weak: 455, Final: 0, Phantom: 209
[2026-04-03T03:16:49.161+0600][30.699s][info][gc,ref      ] GC(32) Enqueued    references: Soft: 0, Weak: 0, Final: 0, Phantom: 0
[2026-04-03T03:16:49.161+0600][30.699s][info][gc          ] GC(32) Concurrent weak references 0.344ms
[2026-04-03T03:16:49.161+0600][30.699s][info][gc,start    ] GC(32) Concurrent weak roots
[2026-04-03T03:16:49.161+0600][30.699s][info][gc,task     ] GC(32) Using 3 of 6 workers for concurrent weak root
[2026-04-03T03:16:49.163+0600][30.701s][info][gc          ] GC(32) Concurrent weak roots 1.819ms
[2026-04-03T03:16:49.163+0600][30.701s][info][gc,start    ] GC(32) Concurrent cleanup
[2026-04-03T03:16:49.163+0600][30.702s][info][gc          ] GC(32) Concurrent cleanup 493M->489M(750M) 0.201ms
[2026-04-03T03:16:49.163+0600][30.702s][info][gc,ergo     ] GC(32) Free: 220M, Max: 256K regular, 80896K humongous, Frag: 65% external, 0% internal; Reserve: 38141K, Max: 256K
[2026-04-03T03:16:49.163+0600][30.702s][info][gc,start    ] GC(32) Concurrent class unloading
[2026-04-03T03:16:49.163+0600][30.702s][info][gc,task     ] GC(32) Using 3 of 6 workers for concurrent class unloading
[2026-04-03T03:16:49.169+0600][30.707s][info][gc          ] GC(32) Concurrent class unloading 5.578ms
[2026-04-03T03:16:49.169+0600][30.707s][info][gc,start    ] GC(32) Concurrent strong roots
[2026-04-03T03:16:49.169+0600][30.707s][info][gc,task     ] GC(32) Using 3 of 6 workers for concurrent strong root
[2026-04-03T03:16:49.170+0600][30.708s][info][gc          ] GC(32) Concurrent strong roots 0.758ms
[2026-04-03T03:16:49.170+0600][30.708s][info][gc,start    ] GC(32) Concurrent evacuation
[2026-04-03T03:16:49.170+0600][30.708s][info][gc,task     ] GC(32) Using 3 of 6 workers for concurrent evacuation
[2026-04-03T03:16:49.185+0600][30.723s][info][gc          ] GC(32) Concurrent evacuation 14.756ms
[2026-04-03T03:16:49.185+0600][30.723s][info][gc,start    ] GC(32) Pause Init Update Refs
[2026-04-03T03:16:49.185+0600][30.723s][info][gc,ergo     ] GC(32) Pacer for Update Refs. Used: 513M, Free: 209M, Non-Taxable: 21481K, Alloc Tax Rate: 3.0x
[2026-04-03T03:16:49.185+0600][30.723s][info][gc          ] GC(32) Pause Init Update Refs 0.158ms
[2026-04-03T03:16:49.185+0600][30.724s][info][gc,start    ] GC(32) Concurrent update references
[2026-04-03T03:16:49.185+0600][30.724s][info][gc,task     ] GC(32) Using 3 of 6 workers for concurrent reference update
[2026-04-03T03:16:49.323+0600][30.861s][info][gc          ] GC(32) Concurrent update references 137.759ms
[2026-04-03T03:16:49.323+0600][30.862s][info][gc,start    ] GC(32) Concurrent update thread roots
[2026-04-03T03:16:49.324+0600][30.863s][info][gc          ] GC(32) Concurrent update thread roots 1.064ms
[2026-04-03T03:16:49.324+0600][30.863s][info][gc,start    ] GC(32) Pause Final Update Refs
[2026-04-03T03:16:49.325+0600][30.863s][info][gc,task     ] GC(32) Using 6 of 6 workers for final reference update
[2026-04-03T03:16:49.325+0600][30.863s][info][gc          ] GC(32) Pause Final Update Refs 0.191ms
[2026-04-03T03:16:49.325+0600][30.863s][info][gc,start    ] GC(32) Concurrent cleanup
[2026-04-03T03:16:49.325+0600][30.864s][info][gc          ] GC(32) Concurrent cleanup 597M->377M(750M) 0.326ms
[2026-04-03T03:16:49.325+0600][30.864s][info][gc,ergo     ] Free: 332M, Max: 256K regular, 68352K humongous, Frag: 80% external, 0% internal; Reserve: 38400K, Max: 256K
[2026-04-03T03:16:49.325+0600][30.864s][info][gc,stats    ] 
[2026-04-03T03:16:49.325+0600][30.864s][info][gc,stats    ] All times are wall-clock times, except per-root-class counters, that are sum over
[2026-04-03T03:16:49.325+0600][30.864s][info][gc,stats    ] all workers. Dividing the <total> over the root stage time estimates parallelism.
[2026-04-03T03:16:49.325+0600][30.864s][info][gc,stats    ] 
[2026-04-03T03:16:49.325+0600][30.864s][info][gc,stats    ] Concurrent Reset                   1388 us
[2026-04-03T03:16:49.325+0600][30.864s][info][gc,stats    ] Pause Init Mark (G)                 378 us
[2026-04-03T03:16:49.325+0600][30.864s][info][gc,stats    ] Pause Init Mark (N)                 140 us
[2026-04-03T03:16:49.325+0600][30.864s][info][gc,stats    ]   Update Region States               43 us
[2026-04-03T03:16:49.325+0600][30.864s][info][gc,stats    ] Concurrent Mark Roots               721 us, parallelism: 1.54x
[2026-04-03T03:16:49.325+0600][30.864s][info][gc,stats    ]   CMR: <total>                     1110 us
[2026-04-03T03:16:49.325+0600][30.864s][info][gc,stats    ]   CMR: Thread Roots                 755 us, workers (us): 374,  53, 329, ---, ---, ---, 
[2026-04-03T03:16:49.325+0600][30.864s][info][gc,stats    ]   CMR: VM Strong Roots               26 us, workers (us):  19,   6,   1, ---, ---, ---, 
[2026-04-03T03:16:49.325+0600][30.864s][info][gc,stats    ]   CMR: CLDG Roots                   328 us, workers (us): ---, 328, ---, ---, ---, ---, 
[2026-04-03T03:16:49.325+0600][30.864s][info][gc,stats    ] Concurrent Marking               248058 us
[2026-04-03T03:16:49.325+0600][30.864s][info][gc,stats    ] Pause Final Mark (G)               1428 us
[2026-04-03T03:16:49.325+0600][30.864s][info][gc,stats    ] Pause Final Mark (N)               1315 us
[2026-04-03T03:16:49.325+0600][30.864s][info][gc,stats    ]   Finish Mark                       505 us
[2026-04-03T03:16:49.325+0600][30.864s][info][gc,stats    ]   Update Region States               48 us
[2026-04-03T03:16:49.325+0600][30.864s][info][gc,stats    ]   Choose Collection Set             583 us
[2026-04-03T03:16:49.326+0600][30.864s][info][gc,stats    ]   Rebuild Free Set                   39 us
[2026-04-03T03:16:49.326+0600][30.864s][info][gc,stats    ] Concurrent Thread Roots             718 us, parallelism: 1.52x
[2026-04-03T03:16:49.326+0600][30.864s][info][gc,stats    ]   CTR: <total>                     1095 us
[2026-04-03T03:16:49.326+0600][30.864s][info][gc,stats    ]   CTR: Thread Roots                1095 us, workers (us): 374, 324, 397, ---, ---, ---, 
[2026-04-03T03:16:49.326+0600][30.864s][info][gc,stats    ] Concurrent Weak References          357 us, parallelism: 0.33x
[2026-04-03T03:16:49.326+0600][30.864s][info][gc,stats    ]   CWRF: <total>                     118 us
[2026-04-03T03:16:49.326+0600][30.864s][info][gc,stats    ]   CWRF: Weak References             118 us, workers (us): 116,   2,   1, ---, ---, ---, 
[2026-04-03T03:16:49.326+0600][30.864s][info][gc,stats    ] Concurrent Weak Roots              1937 us
[2026-04-03T03:16:49.326+0600][30.864s][info][gc,stats    ]   Roots                            1415 us, parallelism: 2.23x
[2026-04-03T03:16:49.326+0600][30.864s][info][gc,stats    ]     CWR: <total>                   3150 us
[2026-04-03T03:16:49.326+0600][30.864s][info][gc,stats    ]     CWR: Code Cache Roots          1918 us, workers (us): 626, 668, 624, ---, ---, ---, 
[2026-04-03T03:16:49.326+0600][30.864s][info][gc,stats    ]     CWR: VM Weak Roots             1165 us, workers (us): 417, 376, 372, ---, ---, ---, 
[2026-04-03T03:16:49.326+0600][30.864s][info][gc,stats    ]     CWR: CLDG Roots                  67 us, workers (us): ---, ---,  67, ---, ---, ---, 
[2026-04-03T03:16:49.326+0600][30.864s][info][gc,stats    ]   Rendezvous                        373 us
[2026-04-03T03:16:49.326+0600][30.864s][info][gc,stats    ] Concurrent Cleanup                  218 us
[2026-04-03T03:16:49.326+0600][30.864s][info][gc,stats    ] Concurrent Class Unloading         5667 us
[2026-04-03T03:16:49.326+0600][30.864s][info][gc,stats    ]   Unlink Stale                     4983 us
[2026-04-03T03:16:49.326+0600][30.864s][info][gc,stats    ]     System Dictionary                96 us
[2026-04-03T03:16:49.326+0600][30.864s][info][gc,stats    ]     Weak Class Links                  0 us
[2026-04-03T03:16:49.326+0600][30.864s][info][gc,stats    ]     Code Roots                     4882 us
[2026-04-03T03:16:49.326+0600][30.864s][info][gc,stats    ]   Rendezvous                        156 us
[2026-04-03T03:16:49.326+0600][30.864s][info][gc,stats    ]   Purge Unlinked                    405 us
[2026-04-03T03:16:49.326+0600][30.864s][info][gc,stats    ]     Code Roots                      394 us
[2026-04-03T03:16:49.326+0600][30.864s][info][gc,stats    ]     CLDG                             10 us
[2026-04-03T03:16:49.326+0600][30.864s][info][gc,stats    ]     Exception Caches                  0 us
[2026-04-03T03:16:49.326+0600][30.864s][info][gc,stats    ] Concurrent Strong Roots             801 us, parallelism: 0.60x
[2026-04-03T03:16:49.326+0600][30.864s][info][gc,stats    ]   CSR: <total>                      484 us
[2026-04-03T03:16:49.326+0600][30.864s][info][gc,stats    ]   CSR: VM Strong Roots               27 us, workers (us):  25,   1,   0, ---, ---, ---, 
[2026-04-03T03:16:49.326+0600][30.864s][info][gc,stats    ]   CSR: CLDG Roots                   457 us, workers (us): 457, ---, ---, ---, ---, ---, 
[2026-04-03T03:16:49.326+0600][30.864s][info][gc,stats    ] Concurrent Evacuation             14890 us
[2026-04-03T03:16:49.326+0600][30.864s][info][gc,stats    ] Pause Init Update Refs (G)          578 us
[2026-04-03T03:16:49.326+0600][30.864s][info][gc,stats    ] Pause Init Update Refs (N)          173 us
[2026-04-03T03:16:49.326+0600][30.864s][info][gc,stats    ]   Manage GCLABs                      19 us
[2026-04-03T03:16:49.326+0600][30.864s][info][gc,stats    ] Concurrent Update Refs           137871 us
[2026-04-03T03:16:49.326+0600][30.864s][info][gc,stats    ] Concurrent Update Thread Roots     1136 us
[2026-04-03T03:16:49.326+0600][30.864s][info][gc,stats    ] Pause Final Update Refs (G)         608 us
[2026-04-03T03:16:49.326+0600][30.864s][info][gc,stats    ] Pause Final Update Refs (N)         307 us
[2026-04-03T03:16:49.326+0600][30.864s][info][gc,stats    ]   Update Region States               61 us
[2026-04-03T03:16:49.326+0600][30.864s][info][gc,stats    ]   Trash Collection Set               21 us
[2026-04-03T03:16:49.326+0600][30.864s][info][gc,stats    ]   Rebuild Free Set                   34 us
[2026-04-03T03:16:49.326+0600][30.864s][info][gc,stats    ] Concurrent Cleanup                  349 us
[2026-04-03T03:16:49.326+0600][30.864s][info][gc,stats    ] Pacing                           477909 us
[2026-04-03T03:16:49.326+0600][30.864s][info][gc,stats    ] 
[2026-04-03T03:16:49.326+0600][30.864s][info][gc,stats    ] Allocation pacing accrued:
[2026-04-03T03:16:49.326+0600][30.864s][info][gc,stats    ]      10 of   495 ms (  2.1%): driver-heartbeater
[2026-04-03T03:16:49.326+0600][30.864s][info][gc,stats    ]     156 of   495 ms ( 31.5%): Executor task launch worker for task 1.0 in stage 1.0 (TID 4)
[2026-04-03T03:16:49.326+0600][30.864s][info][gc,stats    ]     156 of   495 ms ( 31.5%): Executor task launch worker for task 2.0 in stage 1.0 (TID 5)
[2026-04-03T03:16:49.326+0600][30.864s][info][gc,stats    ]     156 of   495 ms ( 31.5%): Executor task launch worker for task 0.0 in stage 1.0 (TID 3)
[2026-04-03T03:16:49.326+0600][30.864s][info][gc,stats    ]     478 of   495 ms ( 96.5%): <total>
[2026-04-03T03:16:49.326+0600][30.864s][info][gc,stats    ]       6 of   495 ms (  1.3%): <average total>
[2026-04-03T03:16:49.326+0600][30.864s][info][gc,stats    ]     119 of   495 ms ( 24.1%): <average non-zero>
[2026-04-03T03:16:49.326+0600][30.864s][info][gc,stats    ] 
[2026-04-03T03:16:49.326+0600][30.864s][info][gc,metaspace] Metaspace: 70095K(70912K)->70095K(70912K) NonClass: 61169K(61632K)->61170K(61632K) Class: 8925K(9280K)->8925K(9280K)
[2026-04-03T03:16:49.326+0600][30.864s][info][gc,ergo     ] Pacer for Idle. Initial: 15360K, Alloc Tax Rate: 1.0x
[2026-04-03T03:16:49.395+0600][30.933s][info][gc          ] Trigger: Average GC time (564.85 ms) is above the time for average allocation rate (393 MB/s) to deplete free headroom (221M) (margin of error = 1.93)
[2026-04-03T03:16:49.395+0600][30.933s][info][gc,ergo     ] Free headroom: 259M (free) - 38400K (spike) - 0B (penalties) = 221M
[2026-04-03T03:16:49.395+0600][30.933s][info][gc,ergo     ] Free: 259M, Max: 256K regular, 68352K humongous, Frag: 75% external, 0% internal; Reserve: 38400K, Max: 256K
[2026-04-03T03:16:49.395+0600][30.934s][info][gc,start    ] GC(33) Concurrent reset
[2026-04-03T03:16:49.395+0600][30.934s][info][gc,task     ] GC(33) Using 3 of 6 workers for concurrent reset
[2026-04-03T03:16:49.395+0600][30.934s][info][gc,ergo     ] GC(33) Pacer for Reset. Non-Taxable: 750M
[2026-04-03T03:16:49.396+0600][30.935s][info][gc          ] GC(33) Concurrent reset 1.251ms
[2026-04-03T03:16:49.397+0600][30.935s][info][gc,start    ] GC(33) Pause Init Mark (unload classes)
[2026-04-03T03:16:49.397+0600][30.935s][info][gc,task     ] GC(33) Using 6 of 6 workers for init marking
[2026-04-03T03:16:49.397+0600][30.935s][info][gc,ergo     ] GC(33) Pacer for Mark. Expected Live: 206M, Free: 258M, Non-Taxable: 26422K, Alloc Tax Rate: 1.0x
[2026-04-03T03:16:49.397+0600][30.935s][info][gc          ] GC(33) Pause Init Mark (unload classes) 0.150ms
[2026-04-03T03:16:49.397+0600][30.935s][info][gc,start    ] GC(33) Concurrent marking roots
[2026-04-03T03:16:49.397+0600][30.935s][info][gc,task     ] GC(33) Using 3 of 6 workers for concurrent marking roots
[2026-04-03T03:16:49.398+0600][30.936s][info][gc          ] GC(33) Concurrent marking roots 0.641ms
[2026-04-03T03:16:49.398+0600][30.936s][info][gc,start    ] GC(33) Concurrent marking (unload classes)
[2026-04-03T03:16:49.398+0600][30.936s][info][gc,task     ] GC(33) Using 3 of 6 workers for concurrent marking
[2026-04-03T03:16:49.637+0600][31.176s][info][gc          ] GC(33) Concurrent marking (unload classes) 239.943ms
[2026-04-03T03:16:49.638+0600][31.176s][info][gc,start    ] GC(33) Pause Final Mark (unload classes)
[2026-04-03T03:16:49.638+0600][31.176s][info][gc,task     ] GC(33) Using 6 of 6 workers for final marking
[2026-04-03T03:16:49.638+0600][31.177s][info][gc,ergo     ] GC(33) Adaptive CSet Selection. Target Free: 106M, Actual Free: 244M, Max CSet: 32000K, Min Garbage: 0B
[2026-04-03T03:16:49.639+0600][31.177s][info][gc,ergo     ] GC(33) Collectable Garbage: 222M (96%), Immediate: 4352K (1%), CSet: 218M (94%)
[2026-04-03T03:16:49.639+0600][31.177s][info][gc,ergo     ] GC(33) Pacer for Evacuation. Used CSet: 231M, Free: 207M, Non-Taxable: 21251K, Alloc Tax Rate: 2.7x
[2026-04-03T03:16:49.639+0600][31.177s][info][gc          ] GC(33) Pause Final Mark (unload classes) 1.393ms
[2026-04-03T03:16:49.639+0600][31.178s][info][gc,start    ] GC(33) Concurrent thread roots
[2026-04-03T03:16:49.639+0600][31.178s][info][gc,task     ] GC(33) Using 3 of 6 workers for Concurrent thread roots
[2026-04-03T03:16:49.640+0600][31.178s][info][gc          ] GC(33) Concurrent thread roots 0.482ms
[2026-04-03T03:16:49.640+0600][31.178s][info][gc,start    ] GC(33) Concurrent weak references
[2026-04-03T03:16:49.640+0600][31.178s][info][gc,task     ] GC(33) Using 3 of 6 workers for concurrent weak references
[2026-04-03T03:16:49.640+0600][31.179s][info][gc,ref      ] GC(33) Encountered references: Soft: 3379, Weak: 5938, Final: 82, Phantom: 597
[2026-04-03T03:16:49.640+0600][31.179s][info][gc,ref      ] GC(33) Discovered  references: Soft: 0, Weak: 2202, Final: 48, Phantom: 594
[2026-04-03T03:16:49.640+0600][31.179s][info][gc,ref      ] GC(33) Enqueued    references: Soft: 0, Weak: 1, Final: 0, Phantom: 0
[2026-04-03T03:16:49.640+0600][31.179s][info][gc          ] GC(33) Concurrent weak references 0.655ms
[2026-04-03T03:16:49.640+0600][31.179s][info][gc,start    ] GC(33) Concurrent weak roots
[2026-04-03T03:16:49.640+0600][31.179s][info][gc,task     ] GC(33) Using 3 of 6 workers for concurrent weak root
[2026-04-03T03:16:49.642+0600][31.181s][info][gc          ] GC(33) Concurrent weak roots 1.886ms
[2026-04-03T03:16:49.642+0600][31.181s][info][gc,start    ] GC(33) Concurrent cleanup
[2026-04-03T03:16:49.642+0600][31.181s][info][gc          ] GC(33) Concurrent cleanup 508M->503M(750M) 0.178ms
[2026-04-03T03:16:49.642+0600][31.181s][info][gc,ergo     ] GC(33) Free: 206M, Max: 256K regular, 68352K humongous, Frag: 68% external, 0% internal; Reserve: 38208K, Max: 256K
[2026-04-03T03:16:49.643+0600][31.181s][info][gc,start    ] GC(33) Concurrent class unloading
[2026-04-03T03:16:49.643+0600][31.181s][info][gc,task     ] GC(33) Using 3 of 6 workers for concurrent class unloading
[2026-04-03T03:16:49.648+0600][31.186s][info][gc          ] GC(33) Concurrent class unloading 5.063ms
[2026-04-03T03:16:49.648+0600][31.186s][info][gc,start    ] GC(33) Concurrent strong roots
[2026-04-03T03:16:49.648+0600][31.186s][info][gc,task     ] GC(33) Using 3 of 6 workers for concurrent strong root
[2026-04-03T03:16:49.648+0600][31.187s][info][gc          ] GC(33) Concurrent strong roots 0.692ms
[2026-04-03T03:16:49.648+0600][31.187s][info][gc,start    ] GC(33) Concurrent evacuation
[2026-04-03T03:16:49.648+0600][31.187s][info][gc,task     ] GC(33) Using 3 of 6 workers for concurrent evacuation
[2026-04-03T03:16:49.664+0600][31.202s][info][gc          ] GC(33) Concurrent evacuation 15.364ms
[2026-04-03T03:16:49.664+0600][31.202s][info][gc,start    ] GC(33) Pause Init Update Refs
[2026-04-03T03:16:49.664+0600][31.202s][info][gc,ergo     ] GC(33) Pacer for Update Refs. Used: 528M, Free: 194M, Non-Taxable: 19945K, Alloc Tax Rate: 3.3x
[2026-04-03T03:16:49.664+0600][31.203s][info][gc          ] GC(33) Pause Init Update Refs 0.099ms
[2026-04-03T03:16:49.664+0600][31.203s][info][gc,start    ] GC(33) Concurrent update references
[2026-04-03T03:16:49.664+0600][31.203s][info][gc,task     ] GC(33) Using 3 of 6 workers for concurrent reference update
[2026-04-03T03:16:49.811+0600][31.349s][info][gc          ] GC(33) Concurrent update references 146.830ms
[2026-04-03T03:16:49.811+0600][31.350s][info][gc,start    ] GC(33) Concurrent update thread roots
[2026-04-03T03:16:49.813+0600][31.351s][info][gc          ] GC(33) Concurrent update thread roots 1.738ms
[2026-04-03T03:16:49.813+0600][31.352s][info][gc,start    ] GC(33) Pause Final Update Refs
[2026-04-03T03:16:49.814+0600][31.352s][info][gc,task     ] GC(33) Using 6 of 6 workers for final reference update
[2026-04-03T03:16:49.814+0600][31.352s][info][gc          ] GC(33) Pause Final Update Refs 0.281ms
[2026-04-03T03:16:49.814+0600][31.352s][info][gc,start    ] GC(33) Concurrent cleanup
[2026-04-03T03:16:49.814+0600][31.353s][info][gc          ] GC(33) Concurrent cleanup 610M->379M(750M) 0.349ms
[2026-04-03T03:16:49.814+0600][31.353s][info][gc,ergo     ] Free: 330M, Max: 256K regular, 64000K humongous, Frag: 82% external, 0% internal; Reserve: 38400K, Max: 256K
[2026-04-03T03:16:49.814+0600][31.353s][info][gc,stats    ] 
[2026-04-03T03:16:49.814+0600][31.353s][info][gc,stats    ] All times are wall-clock times, except per-root-class counters, that are sum over
[2026-04-03T03:16:49.814+0600][31.353s][info][gc,stats    ] all workers. Dividing the <total> over the root stage time estimates parallelism.
[2026-04-03T03:16:49.814+0600][31.353s][info][gc,stats    ] 
[2026-04-03T03:16:49.814+0600][31.353s][info][gc,stats    ] Concurrent Reset                   1304 us
[2026-04-03T03:16:49.814+0600][31.353s][info][gc,stats    ] Pause Init Mark (G)                 415 us
[2026-04-03T03:16:49.814+0600][31.353s][info][gc,stats    ] Pause Init Mark (N)                 158 us
[2026-04-03T03:16:49.814+0600][31.353s][info][gc,stats    ]   Update Region States               36 us
[2026-04-03T03:16:49.814+0600][31.353s][info][gc,stats    ] Concurrent Mark Roots               673 us, parallelism: 1.30x
[2026-04-03T03:16:49.814+0600][31.353s][info][gc,stats    ]   CMR: <total>                      878 us
[2026-04-03T03:16:49.815+0600][31.353s][info][gc,stats    ]   CMR: Thread Roots                 687 us, workers (us): 137, 301, 249, ---, ---, ---, 
[2026-04-03T03:16:49.815+0600][31.353s][info][gc,stats    ]   CMR: VM Strong Roots               25 us, workers (us):  19,   5,   1, ---, ---, ---, 
[2026-04-03T03:16:49.815+0600][31.353s][info][gc,stats    ]   CMR: CLDG Roots                   166 us, workers (us): 166, ---, ---, ---, ---, ---, 
[2026-04-03T03:16:49.815+0600][31.353s][info][gc,stats    ] Concurrent Marking               240033 us
[2026-04-03T03:16:49.815+0600][31.353s][info][gc,stats    ] Pause Final Mark (G)               1575 us
[2026-04-03T03:16:49.815+0600][31.353s][info][gc,stats    ] Pause Final Mark (N)               1405 us
[2026-04-03T03:16:49.815+0600][31.353s][info][gc,stats    ]   Finish Mark                       639 us
[2026-04-03T03:16:49.815+0600][31.353s][info][gc,stats    ]   Update Region States               49 us
[2026-04-03T03:16:49.815+0600][31.353s][info][gc,stats    ]   Choose Collection Set             517 us
[2026-04-03T03:16:49.815+0600][31.353s][info][gc,stats    ]   Rebuild Free Set                   33 us
[2026-04-03T03:16:49.815+0600][31.353s][info][gc,stats    ] Concurrent Thread Roots             520 us, parallelism: 1.73x
[2026-04-03T03:16:49.815+0600][31.353s][info][gc,stats    ]   CTR: <total>                      900 us
[2026-04-03T03:16:49.815+0600][31.353s][info][gc,stats    ]   CTR: Thread Roots                 900 us, workers (us): 335, 317, 249, ---, ---, ---, 
[2026-04-03T03:16:49.815+0600][31.353s][info][gc,stats    ] Concurrent Weak References          670 us, parallelism: 0.64x
[2026-04-03T03:16:49.815+0600][31.353s][info][gc,stats    ]   CWRF: <total>                     432 us
[2026-04-03T03:16:49.815+0600][31.353s][info][gc,stats    ]   CWRF: Weak References             432 us, workers (us): 429,   1,   1, ---, ---, ---, 
[2026-04-03T03:16:49.815+0600][31.353s][info][gc,stats    ] Concurrent Weak Roots              1935 us
[2026-04-03T03:16:49.815+0600][31.353s][info][gc,stats    ]   Roots                            1665 us, parallelism: 2.48x
[2026-04-03T03:16:49.815+0600][31.353s][info][gc,stats    ]     CWR: <total>                   4133 us
[2026-04-03T03:16:49.815+0600][31.353s][info][gc,stats    ]     CWR: Code Cache Roots          2431 us, workers (us): 808, 868, 755, ---, ---, ---, 
[2026-04-03T03:16:49.815+0600][31.353s][info][gc,stats    ]     CWR: VM Weak Roots             1597 us, workers (us): 567, 566, 464, ---, ---, ---, 
[2026-04-03T03:16:49.815+0600][31.353s][info][gc,stats    ]     CWR: CLDG Roots                 105 us, workers (us): ---, ---, 105, ---, ---, ---, 
[2026-04-03T03:16:49.815+0600][31.353s][info][gc,stats    ]   Rendezvous                        194 us
[2026-04-03T03:16:49.815+0600][31.353s][info][gc,stats    ] Concurrent Cleanup                  192 us
[2026-04-03T03:16:49.815+0600][31.353s][info][gc,stats    ] Concurrent Class Unloading         5147 us
[2026-04-03T03:16:49.815+0600][31.353s][info][gc,stats    ]   Unlink Stale                     4609 us
[2026-04-03T03:16:49.815+0600][31.353s][info][gc,stats    ]     System Dictionary                76 us
[2026-04-03T03:16:49.815+0600][31.353s][info][gc,stats    ]     Weak Class Links                  0 us
[2026-04-03T03:16:49.815+0600][31.353s][info][gc,stats    ]     Code Roots                     4529 us
[2026-04-03T03:16:49.815+0600][31.353s][info][gc,stats    ]   Rendezvous                        232 us
[2026-04-03T03:16:49.815+0600][31.353s][info][gc,stats    ]   Purge Unlinked                    192 us
[2026-04-03T03:16:49.815+0600][31.353s][info][gc,stats    ]     Code Roots                      180 us
[2026-04-03T03:16:49.815+0600][31.353s][info][gc,stats    ]     CLDG                             12 us
[2026-04-03T03:16:49.815+0600][31.353s][info][gc,stats    ]     Exception Caches                  0 us
[2026-04-03T03:16:49.815+0600][31.353s][info][gc,stats    ] Concurrent Strong Roots             750 us, parallelism: 0.58x
[2026-04-03T03:16:49.815+0600][31.353s][info][gc,stats    ]   CSR: <total>                      432 us
[2026-04-03T03:16:49.815+0600][31.353s][info][gc,stats    ]   CSR: VM Strong Roots               25 us, workers (us):  18,   6,   0, ---, ---, ---, 
[2026-04-03T03:16:49.815+0600][31.353s][info][gc,stats    ]   CSR: CLDG Roots                   407 us, workers (us): 407, ---, ---, ---, ---, ---, 
[2026-04-03T03:16:49.815+0600][31.353s][info][gc,stats    ] Concurrent Evacuation             15476 us
[2026-04-03T03:16:49.815+0600][31.353s][info][gc,stats    ] Pause Init Update Refs (G)          352 us
[2026-04-03T03:16:49.815+0600][31.353s][info][gc,stats    ] Pause Init Update Refs (N)          115 us
[2026-04-03T03:16:49.815+0600][31.353s][info][gc,stats    ]   Manage GCLABs                      17 us
[2026-04-03T03:16:49.815+0600][31.353s][info][gc,stats    ] Concurrent Update Refs           146956 us
[2026-04-03T03:16:49.815+0600][31.353s][info][gc,stats    ] Concurrent Update Thread Roots     1836 us
[2026-04-03T03:16:49.815+0600][31.353s][info][gc,stats    ] Pause Final Update Refs (G)         809 us
[2026-04-03T03:16:49.815+0600][31.353s][info][gc,stats    ] Pause Final Update Refs (N)         307 us
[2026-04-03T03:16:49.815+0600][31.353s][info][gc,stats    ]   Update Region States               78 us
[2026-04-03T03:16:49.815+0600][31.353s][info][gc,stats    ]   Trash Collection Set               27 us
[2026-04-03T03:16:49.815+0600][31.353s][info][gc,stats    ]   Rebuild Free Set                   80 us
[2026-04-03T03:16:49.815+0600][31.353s][info][gc,stats    ] Concurrent Cleanup                  375 us
[2026-04-03T03:16:49.815+0600][31.354s][info][gc,stats    ] Pacing                           438252 us
[2026-04-03T03:16:49.815+0600][31.354s][info][gc,stats    ] 
[2026-04-03T03:16:49.815+0600][31.354s][info][gc,stats    ] Allocation pacing accrued:
[2026-04-03T03:16:49.815+0600][31.354s][info][gc,stats    ]     146 of   489 ms ( 29.8%): Executor task launch worker for task 1.0 in stage 1.0 (TID 4)
[2026-04-03T03:16:49.815+0600][31.354s][info][gc,stats    ]     147 of   489 ms ( 30.0%): Executor task launch worker for task 2.0 in stage 1.0 (TID 5)
[2026-04-03T03:16:49.815+0600][31.354s][info][gc,stats    ]     146 of   489 ms ( 29.8%): Executor task launch worker for task 0.0 in stage 1.0 (TID 3)
[2026-04-03T03:16:49.815+0600][31.354s][info][gc,stats    ]     438 of   489 ms ( 89.6%): <total>
[2026-04-03T03:16:49.815+0600][31.354s][info][gc,stats    ]       6 of   489 ms (  1.2%): <average total>
[2026-04-03T03:16:49.815+0600][31.354s][info][gc,stats    ]     146 of   489 ms ( 29.9%): <average non-zero>
[2026-04-03T03:16:49.815+0600][31.354s][info][gc,stats    ] 
[2026-04-03T03:16:49.815+0600][31.354s][info][gc,metaspace] Metaspace: 70095K(70912K)->70095K(70912K) NonClass: 61170K(61632K)->61170K(61632K) Class: 8925K(9280K)->8925K(9280K)
[2026-04-03T03:16:49.815+0600][31.354s][info][gc,ergo     ] Pacer for Idle. Initial: 15360K, Alloc Tax Rate: 1.0x
[2026-04-03T03:16:49.962+0600][31.500s][info][gc          ] Trigger: Average GC time (522.87 ms) is above the time for average allocation rate (422 MB/s) to deplete free headroom (220M) (margin of error = 1.93)
[2026-04-03T03:16:49.962+0600][31.500s][info][gc,ergo     ] Free headroom: 257M (free) - 38400K (spike) - 0B (penalties) = 220M
[2026-04-03T03:16:49.962+0600][31.500s][info][gc,ergo     ] Free: 257M, Max: 256K regular, 64000K humongous, Frag: 76% external, 0% internal; Reserve: 38400K, Max: 256K
[2026-04-03T03:16:49.962+0600][31.501s][info][gc,start    ] GC(34) Concurrent reset
[2026-04-03T03:16:49.962+0600][31.501s][info][gc,task     ] GC(34) Using 3 of 6 workers for concurrent reset
[2026-04-03T03:16:49.962+0600][31.501s][info][gc,ergo     ] GC(34) Pacer for Reset. Non-Taxable: 750M
[2026-04-03T03:16:49.964+0600][31.503s][info][gc          ] GC(34) Concurrent reset 2.200ms
[2026-04-03T03:16:49.965+0600][31.503s][info][gc,start    ] GC(34) Pause Init Mark (unload classes)
[2026-04-03T03:16:49.965+0600][31.503s][info][gc,task     ] GC(34) Using 6 of 6 workers for init marking
[2026-04-03T03:16:49.965+0600][31.503s][info][gc,ergo     ] GC(34) Pacer for Mark. Expected Live: 204M, Free: 255M, Non-Taxable: 26192K, Alloc Tax Rate: 1.0x
[2026-04-03T03:16:49.965+0600][31.503s][info][gc          ] GC(34) Pause Init Mark (unload classes) 0.185ms
[2026-04-03T03:16:49.965+0600][31.503s][info][gc,start    ] GC(34) Concurrent marking roots
[2026-04-03T03:16:49.965+0600][31.503s][info][gc,task     ] GC(34) Using 3 of 6 workers for concurrent marking roots
[2026-04-03T03:16:49.966+0600][31.504s][info][gc          ] GC(34) Concurrent marking roots 0.801ms
[2026-04-03T03:16:49.966+0600][31.504s][info][gc,start    ] GC(34) Concurrent marking (unload classes)
[2026-04-03T03:16:49.966+0600][31.504s][info][gc,task     ] GC(34) Using 3 of 6 workers for concurrent marking
[2026-04-03T03:16:50.247+0600][31.785s][info][gc          ] GC(34) Concurrent marking (unload classes) 280.794ms
[2026-04-03T03:16:50.247+0600][31.785s][info][gc,start    ] GC(34) Pause Final Mark (unload classes)
[2026-04-03T03:16:50.247+0600][31.785s][info][gc,task     ] GC(34) Using 6 of 6 workers for final marking
[2026-04-03T03:16:50.247+0600][31.786s][info][gc,ergo     ] GC(34) Adaptive CSet Selection. Target Free: 106M, Actual Free: 237M, Max CSet: 32000K, Min Garbage: 0B
[2026-04-03T03:16:50.248+0600][31.786s][info][gc,ergo     ] GC(34) Collectable Garbage: 215M (95%), Immediate: 2560K (1%), CSet: 212M (94%)
[2026-04-03T03:16:50.248+0600][31.787s][info][gc,ergo     ] GC(34) Pacer for Evacuation. Used CSet: 225M, Free: 200M, Non-Taxable: 20560K, Alloc Tax Rate: 2.7x
[2026-04-03T03:16:50.248+0600][31.787s][info][gc          ] GC(34) Pause Final Mark (unload classes) 1.322ms
[2026-04-03T03:16:50.248+0600][31.787s][info][gc,start    ] GC(34) Concurrent thread roots
[2026-04-03T03:16:50.248+0600][31.787s][info][gc,task     ] GC(34) Using 3 of 6 workers for Concurrent thread roots
[2026-04-03T03:16:50.249+0600][31.787s][info][gc          ] GC(34) Concurrent thread roots 0.579ms
[2026-04-03T03:16:50.249+0600][31.787s][info][gc,start    ] GC(34) Concurrent weak references
[2026-04-03T03:16:50.249+0600][31.787s][info][gc,task     ] GC(34) Using 3 of 6 workers for concurrent weak references
[2026-04-03T03:16:50.249+0600][31.788s][info][gc,ref      ] GC(34) Encountered references: Soft: 3379, Weak: 5937, Final: 82, Phantom: 597
[2026-04-03T03:16:50.249+0600][31.788s][info][gc,ref      ] GC(34) Discovered  references: Soft: 0, Weak: 250, Final: 0, Phantom: 210
[2026-04-03T03:16:50.249+0600][31.788s][info][gc,ref      ] GC(34) Enqueued    references: Soft: 0, Weak: 0, Final: 0, Phantom: 0
[2026-04-03T03:16:50.249+0600][31.788s][info][gc          ] GC(34) Concurrent weak references 0.258ms
[2026-04-03T03:16:50.249+0600][31.788s][info][gc,start    ] GC(34) Concurrent weak roots
[2026-04-03T03:16:50.249+0600][31.788s][info][gc,task     ] GC(34) Using 3 of 6 workers for concurrent weak root
[2026-04-03T03:16:50.252+0600][31.790s][info][gc          ] GC(34) Concurrent weak roots 2.451ms
[2026-04-03T03:16:50.252+0600][31.790s][info][gc,start    ] GC(34) Concurrent cleanup
[2026-04-03T03:16:50.252+0600][31.790s][info][gc          ] GC(34) Concurrent cleanup 513M->510M(750M) 0.194ms
[2026-04-03T03:16:50.252+0600][31.790s][info][gc,ergo     ] GC(34) Free: 199M, Max: 256K regular, 64000K humongous, Frag: 69% external, 0% internal; Reserve: 38144K, Max: 256K
[2026-04-03T03:16:50.252+0600][31.790s][info][gc,start    ] GC(34) Concurrent class unloading
[2026-04-03T03:16:50.252+0600][31.790s][info][gc,task     ] GC(34) Using 3 of 6 workers for concurrent class unloading
[2026-04-03T03:16:50.257+0600][31.795s][info][gc          ] GC(34) Concurrent class unloading 4.949ms
[2026-04-03T03:16:50.257+0600][31.795s][info][gc,start    ] GC(34) Concurrent strong roots
[2026-04-03T03:16:50.257+0600][31.795s][info][gc,task     ] GC(34) Using 3 of 6 workers for concurrent strong root
[2026-04-03T03:16:50.258+0600][31.796s][info][gc          ] GC(34) Concurrent strong roots 0.808ms
[2026-04-03T03:16:50.258+0600][31.796s][info][gc,start    ] GC(34) Concurrent evacuation
[2026-04-03T03:16:50.258+0600][31.796s][info][gc,task     ] GC(34) Using 3 of 6 workers for concurrent evacuation
[2026-04-03T03:16:50.273+0600][31.811s][info][gc          ] GC(34) Concurrent evacuation 14.682ms
[2026-04-03T03:16:50.273+0600][31.811s][info][gc,start    ] GC(34) Pause Init Update Refs
[2026-04-03T03:16:50.273+0600][31.812s][info][gc,ergo     ] GC(34) Pacer for Update Refs. Used: 533M, Free: 189M, Non-Taxable: 19382K, Alloc Tax Rate: 3.4x
[2026-04-03T03:16:50.273+0600][31.812s][info][gc          ] GC(34) Pause Init Update Refs 0.117ms
[2026-04-03T03:16:50.273+0600][31.812s][info][gc,start    ] GC(34) Concurrent update references
[2026-04-03T03:16:50.273+0600][31.812s][info][gc,task     ] GC(34) Using 3 of 6 workers for concurrent reference update
[2026-04-03T03:16:50.423+0600][31.961s][info][gc          ] GC(34) Concurrent update references 149.641ms
[2026-04-03T03:16:50.423+0600][31.961s][info][gc,start    ] GC(34) Concurrent update thread roots
[2026-04-03T03:16:50.424+0600][31.962s][info][gc          ] GC(34) Concurrent update thread roots 0.794ms
[2026-04-03T03:16:50.424+0600][31.962s][info][gc,start    ] GC(34) Pause Final Update Refs
[2026-04-03T03:16:50.424+0600][31.962s][info][gc,task     ] GC(34) Using 6 of 6 workers for final reference update
[2026-04-03T03:16:50.424+0600][31.963s][info][gc          ] GC(34) Pause Final Update Refs 0.194ms
[2026-04-03T03:16:50.424+0600][31.963s][info][gc,start    ] GC(34) Concurrent cleanup
[2026-04-03T03:16:50.425+0600][31.963s][info][gc          ] GC(34) Concurrent cleanup 617M->392M(750M) 0.349ms
[2026-04-03T03:16:50.425+0600][31.963s][info][gc,ergo     ] Free: 317M, Max: 256K regular, 68864K humongous, Frag: 79% external, 0% internal; Reserve: 38400K, Max: 256K
[2026-04-03T03:16:50.425+0600][31.963s][info][gc,stats    ] 
[2026-04-03T03:16:50.425+0600][31.963s][info][gc,stats    ] All times are wall-clock times, except per-root-class counters, that are sum over
[2026-04-03T03:16:50.425+0600][31.963s][info][gc,stats    ] all workers. Dividing the <total> over the root stage time estimates parallelism.
[2026-04-03T03:16:50.425+0600][31.963s][info][gc,stats    ] 
[2026-04-03T03:16:50.425+0600][31.963s][info][gc,stats    ] Concurrent Reset                   2294 us
[2026-04-03T03:16:50.425+0600][31.963s][info][gc,stats    ] Pause Init Mark (G)                 552 us
[2026-04-03T03:16:50.425+0600][31.963s][info][gc,stats    ] Pause Init Mark (N)                 198 us
[2026-04-03T03:16:50.425+0600][31.963s][info][gc,stats    ]   Update Region States               33 us
[2026-04-03T03:16:50.425+0600][31.963s][info][gc,stats    ] Concurrent Mark Roots               845 us, parallelism: 1.51x
[2026-04-03T03:16:50.425+0600][31.963s][info][gc,stats    ]   CMR: <total>                     1278 us
[2026-04-03T03:16:50.425+0600][31.963s][info][gc,stats    ]   CMR: Thread Roots                1023 us, workers (us): 415, 204, 404, ---, ---, ---, 
[2026-04-03T03:16:50.425+0600][31.963s][info][gc,stats    ]   CMR: VM Strong Roots               39 us, workers (us):  25,  13,   1, ---, ---, ---, 
[2026-04-03T03:16:50.425+0600][31.963s][info][gc,stats    ]   CMR: CLDG Roots                   216 us, workers (us): ---, 216, ---, ---, ---, ---, 
[2026-04-03T03:16:50.425+0600][31.963s][info][gc,stats    ] Concurrent Marking               280894 us
[2026-04-03T03:16:50.425+0600][31.963s][info][gc,stats    ] Pause Final Mark (G)               1627 us
[2026-04-03T03:16:50.425+0600][31.963s][info][gc,stats    ] Pause Final Mark (N)               1337 us
[2026-04-03T03:16:50.425+0600][31.963s][info][gc,stats    ]   Finish Mark                       342 us
[2026-04-03T03:16:50.425+0600][31.963s][info][gc,stats    ]   Update Region States               55 us
[2026-04-03T03:16:50.425+0600][31.963s][info][gc,stats    ]   Choose Collection Set             768 us
[2026-04-03T03:16:50.425+0600][31.963s][info][gc,stats    ]   Rebuild Free Set                   58 us
[2026-04-03T03:16:50.425+0600][31.963s][info][gc,stats    ] Concurrent Thread Roots             622 us, parallelism: 1.75x
[2026-04-03T03:16:50.425+0600][31.964s][info][gc,stats    ]   CTR: <total>                     1086 us
[2026-04-03T03:16:50.425+0600][31.964s][info][gc,stats    ]   CTR: Thread Roots                1086 us, workers (us): 389, 368, 329, ---, ---, ---, 
[2026-04-03T03:16:50.425+0600][31.964s][info][gc,stats    ] Concurrent Weak References          271 us, parallelism: 0.32x
[2026-04-03T03:16:50.425+0600][31.964s][info][gc,stats    ]   CWRF: <total>                      87 us
[2026-04-03T03:16:50.425+0600][31.964s][info][gc,stats    ]   CWRF: Weak References              87 us, workers (us):  44,  42,   0, ---, ---, ---, 
[2026-04-03T03:16:50.425+0600][31.964s][info][gc,stats    ] Concurrent Weak Roots              2513 us
[2026-04-03T03:16:50.425+0600][31.964s][info][gc,stats    ]   Roots                            2194 us, parallelism: 2.52x
[2026-04-03T03:16:50.425+0600][31.964s][info][gc,stats    ]     CWR: <total>                   5534 us
[2026-04-03T03:16:50.425+0600][31.964s][info][gc,stats    ]     CWR: Code Cache Roots          3549 us, workers (us): 1135, 1208, 1206, ---, ---, ---, 
[2026-04-03T03:16:50.425+0600][31.964s][info][gc,stats    ]     CWR: VM Weak Roots             1927 us, workers (us): 648, 648, 631, ---, ---, ---, 
[2026-04-03T03:16:50.425+0600][31.964s][info][gc,stats    ]     CWR: CLDG Roots                  58 us, workers (us): ---, ---,  58, ---, ---, ---, 
[2026-04-03T03:16:50.425+0600][31.964s][info][gc,stats    ]   Rendezvous                        230 us
[2026-04-03T03:16:50.425+0600][31.964s][info][gc,stats    ] Concurrent Cleanup                  215 us
[2026-04-03T03:16:50.425+0600][31.964s][info][gc,stats    ] Concurrent Class Unloading         5040 us
[2026-04-03T03:16:50.425+0600][31.964s][info][gc,stats    ]   Unlink Stale                     4335 us
[2026-04-03T03:16:50.425+0600][31.964s][info][gc,stats    ]     System Dictionary                98 us
[2026-04-03T03:16:50.425+0600][31.964s][info][gc,stats    ]     Weak Class Links                  0 us
[2026-04-03T03:16:50.425+0600][31.964s][info][gc,stats    ]     Code Roots                     4232 us
[2026-04-03T03:16:50.425+0600][31.964s][info][gc,stats    ]   Rendezvous                        219 us
[2026-04-03T03:16:50.425+0600][31.964s][info][gc,stats    ]   Purge Unlinked                    361 us
[2026-04-03T03:16:50.425+0600][31.964s][info][gc,stats    ]     Code Roots                      351 us
[2026-04-03T03:16:50.425+0600][31.964s][info][gc,stats    ]     CLDG                              9 us
[2026-04-03T03:16:50.425+0600][31.964s][info][gc,stats    ]     Exception Caches                  1 us
[2026-04-03T03:16:50.425+0600][31.964s][info][gc,stats    ] Concurrent Strong Roots             890 us, parallelism: 0.58x
[2026-04-03T03:16:50.425+0600][31.964s][info][gc,stats    ]   CSR: <total>                      513 us
[2026-04-03T03:16:50.425+0600][31.964s][info][gc,stats    ]   CSR: VM Strong Roots               25 us, workers (us):  24,   1,   0, ---, ---, ---, 
[2026-04-03T03:16:50.425+0600][31.964s][info][gc,stats    ]   CSR: CLDG Roots                   488 us, workers (us): 488, ---, ---, ---, ---, ---, 
[2026-04-03T03:16:50.425+0600][31.964s][info][gc,stats    ] Concurrent Evacuation             14809 us
[2026-04-03T03:16:50.425+0600][31.964s][info][gc,stats    ] Pause Init Update Refs (G)          492 us
[2026-04-03T03:16:50.425+0600][31.964s][info][gc,stats    ] Pause Init Update Refs (N)          133 us
[2026-04-03T03:16:50.425+0600][31.964s][info][gc,stats    ]   Manage GCLABs                      22 us
[2026-04-03T03:16:50.425+0600][31.964s][info][gc,stats    ] Concurrent Update Refs           149735 us
[2026-04-03T03:16:50.425+0600][31.964s][info][gc,stats    ] Concurrent Update Thread Roots      853 us
[2026-04-03T03:16:50.425+0600][31.964s][info][gc,stats    ] Pause Final Update Refs (G)         504 us
[2026-04-03T03:16:50.425+0600][31.964s][info][gc,stats    ] Pause Final Update Refs (N)         216 us
[2026-04-03T03:16:50.425+0600][31.964s][info][gc,stats    ]   Update Region States               60 us
[2026-04-03T03:16:50.426+0600][31.964s][info][gc,stats    ]   Trash Collection Set               23 us
[2026-04-03T03:16:50.426+0600][31.964s][info][gc,stats    ]   Rebuild Free Set                   36 us
[2026-04-03T03:16:50.426+0600][31.964s][info][gc,stats    ] Concurrent Cleanup                  383 us
[2026-04-03T03:16:50.426+0600][31.964s][info][gc,stats    ] Pacing                           529137 us
[2026-04-03T03:16:50.426+0600][31.964s][info][gc,stats    ] 
[2026-04-03T03:16:50.426+0600][31.964s][info][gc,stats    ] Allocation pacing accrued:
[2026-04-03T03:16:50.426+0600][31.964s][info][gc,stats    ]      11 of   610 ms (  1.8%): RemoteBlock-temp-file-clean-thread
[2026-04-03T03:16:50.426+0600][31.964s][info][gc,stats    ]     169 of   610 ms ( 27.7%): Executor task launch worker for task 1.0 in stage 1.0 (TID 4)
[2026-04-03T03:16:50.426+0600][31.964s][info][gc,stats    ]     170 of   610 ms ( 27.8%): Executor task launch worker for task 2.0 in stage 1.0 (TID 5)
[2026-04-03T03:16:50.426+0600][31.964s][info][gc,stats    ]     179 of   610 ms ( 29.4%): Executor task launch worker for task 0.0 in stage 1.0 (TID 3)
[2026-04-03T03:16:50.426+0600][31.964s][info][gc,stats    ]     529 of   610 ms ( 86.7%): <total>
[2026-04-03T03:16:50.426+0600][31.964s][info][gc,stats    ]       7 of   610 ms (  1.2%): <average total>
[2026-04-03T03:16:50.426+0600][31.964s][info][gc,stats    ]     132 of   610 ms ( 21.7%): <average non-zero>
[2026-04-03T03:16:50.426+0600][31.964s][info][gc,stats    ] 
[2026-04-03T03:16:50.426+0600][31.964s][info][gc,metaspace] Metaspace: 70095K(70912K)->70099K(70912K) NonClass: 61170K(61632K)->61174K(61632K) Class: 8925K(9280K)->8925K(9280K)
[2026-04-03T03:16:50.426+0600][31.964s][info][gc,ergo     ] Pacer for Idle. Initial: 15360K, Alloc Tax Rate: 1.0x
[2026-04-03T03:16:50.509+0600][32.048s][info][gc          ] Trigger: Average GC time (515.20 ms) is above the time for average allocation rate (384 MB/s) to deplete free headroom (197M) (margin of error = 1.94)
[2026-04-03T03:16:50.509+0600][32.048s][info][gc,ergo     ] Free headroom: 234M (free) - 38400K (spike) - 0B (penalties) = 197M
[2026-04-03T03:16:50.510+0600][32.048s][info][gc,ergo     ] Free: 234M, Max: 256K regular, 68864K humongous, Frag: 72% external, 0% internal; Reserve: 38400K, Max: 256K
[2026-04-03T03:16:50.510+0600][32.048s][info][gc,start    ] GC(35) Concurrent reset
[2026-04-03T03:16:50.510+0600][32.048s][info][gc,task     ] GC(35) Using 3 of 6 workers for concurrent reset
[2026-04-03T03:16:50.510+0600][32.048s][info][gc,ergo     ] GC(35) Pacer for Reset. Non-Taxable: 750M
[2026-04-03T03:16:50.511+0600][32.050s][info][gc          ] GC(35) Concurrent reset 1.678ms
[2026-04-03T03:16:50.511+0600][32.050s][info][gc,start    ] GC(35) Pause Init Mark (unload classes)
[2026-04-03T03:16:50.511+0600][32.050s][info][gc,task     ] GC(35) Using 6 of 6 workers for init marking
[2026-04-03T03:16:50.512+0600][32.050s][info][gc,ergo     ] GC(35) Pacer for Mark. Expected Live: 212M, Free: 233M, Non-Taxable: 23913K, Alloc Tax Rate: 1.1x
[2026-04-03T03:16:50.512+0600][32.050s][info][gc          ] GC(35) Pause Init Mark (unload classes) 0.155ms
[2026-04-03T03:16:50.512+0600][32.050s][info][gc,start    ] GC(35) Concurrent marking roots
[2026-04-03T03:16:50.512+0600][32.050s][info][gc,task     ] GC(35) Using 3 of 6 workers for concurrent marking roots
[2026-04-03T03:16:50.512+0600][32.051s][info][gc          ] GC(35) Concurrent marking roots 0.721ms
[2026-04-03T03:16:50.512+0600][32.051s][info][gc,start    ] GC(35) Concurrent marking (unload classes)
[2026-04-03T03:16:50.512+0600][32.051s][info][gc,task     ] GC(35) Using 3 of 6 workers for concurrent marking
[2026-04-03T03:16:50.784+0600][32.323s][info][gc          ] GC(35) Concurrent marking (unload classes) 271.872ms
[2026-04-03T03:16:50.784+0600][32.323s][info][gc,start    ] GC(35) Pause Final Mark (unload classes)
[2026-04-03T03:16:50.785+0600][32.323s][info][gc,task     ] GC(35) Using 6 of 6 workers for final marking
[2026-04-03T03:16:50.785+0600][32.323s][info][gc,ergo     ] GC(35) Adaptive CSet Selection. Target Free: 106M, Actual Free: 237M, Max CSet: 32000K, Min Garbage: 0B
[2026-04-03T03:16:50.786+0600][32.324s][info][gc,ergo     ] GC(35) Collectable Garbage: 231M (95%), Immediate: 17920K (7%), CSet: 213M (88%)
[2026-04-03T03:16:50.786+0600][32.324s][info][gc,ergo     ] GC(35) Pacer for Evacuation. Used CSet: 229M, Free: 200M, Non-Taxable: 20509K, Alloc Tax Rate: 2.8x
[2026-04-03T03:16:50.786+0600][32.324s][info][gc          ] GC(35) Pause Final Mark (unload classes) 1.238ms
[2026-04-03T03:16:50.786+0600][32.324s][info][gc,start    ] GC(35) Concurrent thread roots
[2026-04-03T03:16:50.786+0600][32.324s][info][gc,task     ] GC(35) Using 3 of 6 workers for Concurrent thread roots
[2026-04-03T03:16:50.786+0600][32.325s][info][gc          ] GC(35) Concurrent thread roots 0.527ms
[2026-04-03T03:16:50.786+0600][32.325s][info][gc,start    ] GC(35) Concurrent weak references
[2026-04-03T03:16:50.786+0600][32.325s][info][gc,task     ] GC(35) Using 3 of 6 workers for concurrent weak references
[2026-04-03T03:16:50.787+0600][32.325s][info][gc,ref      ] GC(35) Encountered references: Soft: 3379, Weak: 5937, Final: 82, Phantom: 597
[2026-04-03T03:16:50.787+0600][32.325s][info][gc,ref      ] GC(35) Discovered  references: Soft: 0, Weak: 827, Final: 0, Phantom: 211
[2026-04-03T03:16:50.787+0600][32.325s][info][gc,ref      ] GC(35) Enqueued    references: Soft: 0, Weak: 0, Final: 0, Phantom: 0
[2026-04-03T03:16:50.787+0600][32.325s][info][gc          ] GC(35) Concurrent weak references 0.454ms
[2026-04-03T03:16:50.787+0600][32.325s][info][gc,start    ] GC(35) Concurrent weak roots
[2026-04-03T03:16:50.787+0600][32.325s][info][gc,task     ] GC(35) Using 3 of 6 workers for concurrent weak root
[2026-04-03T03:16:50.789+0600][32.327s][info][gc          ] GC(35) Concurrent weak roots 2.019ms
[2026-04-03T03:16:50.789+0600][32.327s][info][gc,start    ] GC(35) Concurrent cleanup
[2026-04-03T03:16:50.789+0600][32.328s][info][gc          ] GC(35) Concurrent cleanup 528M->510M(750M) 0.542ms
[2026-04-03T03:16:50.790+0600][32.328s][info][gc,ergo     ] GC(35) Free: 199M, Max: 256K regular, 68864K humongous, Frag: 67% external, 0% internal; Reserve: 38321K, Max: 256K
[2026-04-03T03:16:50.790+0600][32.328s][info][gc,start    ] GC(35) Concurrent class unloading
[2026-04-03T03:16:50.790+0600][32.328s][info][gc,task     ] GC(35) Using 3 of 6 workers for concurrent class unloading
[2026-04-03T03:16:50.794+0600][32.333s][info][gc          ] GC(35) Concurrent class unloading 4.783ms
[2026-04-03T03:16:50.794+0600][32.333s][info][gc,start    ] GC(35) Concurrent strong roots
[2026-04-03T03:16:50.794+0600][32.333s][info][gc,task     ] GC(35) Using 3 of 6 workers for concurrent strong root
[2026-04-03T03:16:50.795+0600][32.334s][info][gc          ] GC(35) Concurrent strong roots 0.826ms
[2026-04-03T03:16:50.795+0600][32.334s][info][gc,start    ] GC(35) Concurrent evacuation
[2026-04-03T03:16:50.795+0600][32.334s][info][gc,task     ] GC(35) Using 3 of 6 workers for concurrent evacuation
[2026-04-03T03:16:50.811+0600][32.350s][info][gc          ] GC(35) Concurrent evacuation 16.123ms
[2026-04-03T03:16:50.812+0600][32.350s][info][gc,start    ] GC(35) Pause Init Update Refs
[2026-04-03T03:16:50.812+0600][32.350s][info][gc,ergo     ] GC(35) Pacer for Update Refs. Used: 536M, Free: 188M, Non-Taxable: 19331K, Alloc Tax Rate: 3.5x
[2026-04-03T03:16:50.812+0600][32.350s][info][gc          ] GC(35) Pause Init Update Refs 0.176ms
[2026-04-03T03:16:50.812+0600][32.350s][info][gc,start    ] GC(35) Concurrent update references
[2026-04-03T03:16:50.812+0600][32.350s][info][gc,task     ] GC(35) Using 3 of 6 workers for concurrent reference update
[2026-04-03T03:16:50.966+0600][32.504s][info][gc          ] GC(35) Concurrent update references 154.150ms
[2026-04-03T03:16:50.966+0600][32.505s][info][gc,start    ] GC(35) Concurrent update thread roots
[2026-04-03T03:16:50.967+0600][32.505s][info][gc          ] GC(35) Concurrent update thread roots 0.854ms
[2026-04-03T03:16:50.967+0600][32.506s][info][gc,start    ] GC(35) Pause Final Update Refs
[2026-04-03T03:16:50.967+0600][32.506s][info][gc,task     ] GC(35) Using 6 of 6 workers for final reference update
[2026-04-03T03:16:50.968+0600][32.506s][info][gc          ] GC(35) Pause Final Update Refs 0.205ms
[2026-04-03T03:16:50.968+0600][32.506s][info][gc,start    ] GC(35) Concurrent cleanup
[2026-04-03T03:16:50.968+0600][32.507s][info][gc          ] GC(35) Concurrent cleanup 617M->389M(750M) 0.721ms
[2026-04-03T03:16:50.969+0600][32.507s][info][gc,ergo     ] Free: 320M, Max: 256K regular, 80896K humongous, Frag: 76% external, 0% internal; Reserve: 38400K, Max: 256K
[2026-04-03T03:16:50.969+0600][32.507s][info][gc,stats    ] 
[2026-04-03T03:16:50.969+0600][32.507s][info][gc,stats    ] All times are wall-clock times, except per-root-class counters, that are sum over
[2026-04-03T03:16:50.969+0600][32.507s][info][gc,stats    ] all workers. Dividing the <total> over the root stage time estimates parallelism.
[2026-04-03T03:16:50.969+0600][32.507s][info][gc,stats    ] 
[2026-04-03T03:16:50.969+0600][32.507s][info][gc,stats    ] Concurrent Reset                   1755 us
[2026-04-03T03:16:50.969+0600][32.507s][info][gc,stats    ] Pause Init Mark (G)                 328 us
[2026-04-03T03:16:50.969+0600][32.507s][info][gc,stats    ] Pause Init Mark (N)                 180 us
[2026-04-03T03:16:50.969+0600][32.507s][info][gc,stats    ]   Update Region States               47 us
[2026-04-03T03:16:50.969+0600][32.507s][info][gc,stats    ] Concurrent Mark Roots               760 us, parallelism: 1.45x
[2026-04-03T03:16:50.969+0600][32.507s][info][gc,stats    ]   CMR: <total>                     1100 us
[2026-04-03T03:16:50.969+0600][32.507s][info][gc,stats    ]   CMR: Thread Roots                 872 us, workers (us): 363, 161, 348, ---, ---, ---, 
[2026-04-03T03:16:50.969+0600][32.507s][info][gc,stats    ]   CMR: VM Strong Roots               30 us, workers (us):  25,   5,   1, ---, ---, ---, 
[2026-04-03T03:16:50.969+0600][32.507s][info][gc,stats    ]   CMR: CLDG Roots                   197 us, workers (us): ---, 197, ---, ---, ---, ---, 
[2026-04-03T03:16:50.969+0600][32.507s][info][gc,stats    ] Concurrent Marking               271959 us
[2026-04-03T03:16:50.969+0600][32.507s][info][gc,stats    ] Pause Final Mark (G)               1444 us
[2026-04-03T03:16:50.969+0600][32.507s][info][gc,stats    ] Pause Final Mark (N)               1254 us
[2026-04-03T03:16:50.969+0600][32.507s][info][gc,stats    ]   Finish Mark                       387 us
[2026-04-03T03:16:50.969+0600][32.507s][info][gc,stats    ]   Update Region States               62 us
[2026-04-03T03:16:50.969+0600][32.507s][info][gc,stats    ]   Choose Collection Set             621 us
[2026-04-03T03:16:50.969+0600][32.507s][info][gc,stats    ]   Rebuild Free Set                   53 us
[2026-04-03T03:16:50.969+0600][32.507s][info][gc,stats    ] Concurrent Thread Roots             558 us, parallelism: 1.79x
[2026-04-03T03:16:50.969+0600][32.507s][info][gc,stats    ]   CTR: <total>                     1000 us
[2026-04-03T03:16:50.969+0600][32.507s][info][gc,stats    ]   CTR: Thread Roots                1000 us, workers (us): 372, 313, 315, ---, ---, ---, 
[2026-04-03T03:16:50.969+0600][32.507s][info][gc,stats    ] Concurrent Weak References          467 us, parallelism: 0.36x
[2026-04-03T03:16:50.969+0600][32.507s][info][gc,stats    ]   CWRF: <total>                     170 us
[2026-04-03T03:16:50.969+0600][32.507s][info][gc,stats    ]   CWRF: Weak References             170 us, workers (us):  27, 143,   0, ---, ---, ---, 
[2026-04-03T03:16:50.969+0600][32.507s][info][gc,stats    ] Concurrent Weak Roots              2080 us
[2026-04-03T03:16:50.969+0600][32.507s][info][gc,stats    ]   Roots                            1761 us, parallelism: 2.24x
[2026-04-03T03:16:50.969+0600][32.507s][info][gc,stats    ]     CWR: <total>                   3945 us
[2026-04-03T03:16:50.969+0600][32.507s][info][gc,stats    ]     CWR: Code Cache Roots          2572 us, workers (us): 948, 818, 807, ---, ---, ---, 
[2026-04-03T03:16:50.969+0600][32.507s][info][gc,stats    ]     CWR: VM Weak Roots             1305 us, workers (us): 458, 436, 411, ---, ---, ---, 
[2026-04-03T03:16:50.969+0600][32.507s][info][gc,stats    ]     CWR: CLDG Roots                  69 us, workers (us): ---, ---,  69, ---, ---, ---, 
[2026-04-03T03:16:50.969+0600][32.507s][info][gc,stats    ]   Rendezvous                        230 us
[2026-04-03T03:16:50.969+0600][32.507s][info][gc,stats    ] Concurrent Cleanup                  557 us
[2026-04-03T03:16:50.969+0600][32.507s][info][gc,stats    ] Concurrent Class Unloading         4853 us
[2026-04-03T03:16:50.969+0600][32.507s][info][gc,stats    ]   Unlink Stale                     4332 us
[2026-04-03T03:16:50.969+0600][32.507s][info][gc,stats    ]     System Dictionary                74 us
[2026-04-03T03:16:50.969+0600][32.507s][info][gc,stats    ]     Weak Class Links                  0 us
[2026-04-03T03:16:50.969+0600][32.507s][info][gc,stats    ]     Code Roots                     4255 us
[2026-04-03T03:16:50.969+0600][32.507s][info][gc,stats    ]   Rendezvous                        252 us
[2026-04-03T03:16:50.969+0600][32.507s][info][gc,stats    ]   Purge Unlinked                    176 us
[2026-04-03T03:16:50.969+0600][32.507s][info][gc,stats    ]     Code Roots                      161 us
[2026-04-03T03:16:50.969+0600][32.507s][info][gc,stats    ]     CLDG                             14 us
[2026-04-03T03:16:50.969+0600][32.507s][info][gc,stats    ]     Exception Caches                  0 us
[2026-04-03T03:16:50.969+0600][32.507s][info][gc,stats    ] Concurrent Strong Roots             879 us, parallelism: 0.55x
[2026-04-03T03:16:50.969+0600][32.507s][info][gc,stats    ]   CSR: <total>                      487 us
[2026-04-03T03:16:50.969+0600][32.507s][info][gc,stats    ]   CSR: VM Strong Roots               26 us, workers (us):  20,   6,   0, ---, ---, ---, 
[2026-04-03T03:16:50.969+0600][32.507s][info][gc,stats    ]   CSR: CLDG Roots                   461 us, workers (us): ---, 461, ---, ---, ---, ---, 
[2026-04-03T03:16:50.969+0600][32.507s][info][gc,stats    ] Concurrent Evacuation             16202 us
[2026-04-03T03:16:50.969+0600][32.507s][info][gc,stats    ] Pause Init Update Refs (G)          457 us
[2026-04-03T03:16:50.969+0600][32.507s][info][gc,stats    ] Pause Init Update Refs (N)          195 us
[2026-04-03T03:16:50.969+0600][32.507s][info][gc,stats    ]   Manage GCLABs                      16 us
[2026-04-03T03:16:50.969+0600][32.507s][info][gc,stats    ] Concurrent Update Refs           154234 us
[2026-04-03T03:16:50.969+0600][32.507s][info][gc,stats    ] Concurrent Update Thread Roots      934 us
[2026-04-03T03:16:50.969+0600][32.507s][info][gc,stats    ] Pause Final Update Refs (G)         631 us
[2026-04-03T03:16:50.969+0600][32.507s][info][gc,stats    ] Pause Final Update Refs (N)         224 us
[2026-04-03T03:16:50.969+0600][32.507s][info][gc,stats    ]   Update Region States               59 us
[2026-04-03T03:16:50.969+0600][32.507s][info][gc,stats    ]   Trash Collection Set               26 us
[2026-04-03T03:16:50.969+0600][32.507s][info][gc,stats    ]   Rebuild Free Set                   40 us
[2026-04-03T03:16:50.969+0600][32.507s][info][gc,stats    ] Concurrent Cleanup                  743 us
[2026-04-03T03:16:50.969+0600][32.507s][info][gc,stats    ] Pacing                           547922 us
[2026-04-03T03:16:50.969+0600][32.507s][info][gc,stats    ] 
[2026-04-03T03:16:50.969+0600][32.507s][info][gc,stats    ] Allocation pacing accrued:
[2026-04-03T03:16:50.969+0600][32.507s][info][gc,stats    ]     180 of   543 ms ( 33.1%): Executor task launch worker for task 1.0 in stage 1.0 (TID 4)
[2026-04-03T03:16:50.969+0600][32.507s][info][gc,stats    ]     181 of   543 ms ( 33.3%): Executor task launch worker for task 2.0 in stage 1.0 (TID 5)
[2026-04-03T03:16:50.969+0600][32.507s][info][gc,stats    ]     187 of   543 ms ( 34.4%): Executor task launch worker for task 0.0 in stage 1.0 (TID 3)
[2026-04-03T03:16:50.969+0600][32.507s][info][gc,stats    ]     548 of   543 ms (100.8%): <total>
[2026-04-03T03:16:50.969+0600][32.507s][info][gc,stats    ]       7 of   543 ms (  1.4%): <average total>
[2026-04-03T03:16:50.969+0600][32.507s][info][gc,stats    ]     183 of   543 ms ( 33.6%): <average non-zero>
[2026-04-03T03:16:50.969+0600][32.507s][info][gc,stats    ] 
[2026-04-03T03:16:50.969+0600][32.507s][info][gc,metaspace] Metaspace: 70099K(70912K)->70099K(70912K) NonClass: 61174K(61632K)->61174K(61632K) Class: 8925K(9280K)->8925K(9280K)
[2026-04-03T03:16:50.969+0600][32.508s][info][gc,ergo     ] Pacer for Idle. Initial: 15360K, Alloc Tax Rate: 1.0x
[2026-04-03T03:16:51.071+0600][32.610s][info][gc          ] Trigger: Average GC time (501.47 ms) is above the time for average allocation rate (688 MB/s) to deplete free headroom (180M) (margin of error = 1.95)
[2026-04-03T03:16:51.071+0600][32.610s][info][gc,ergo     ] Free headroom: 218M (free) - 38400K (spike) - 0B (penalties) = 180M
[2026-04-03T03:16:51.071+0600][32.610s][info][gc,ergo     ] Free: 218M, Max: 256K regular, 80896K humongous, Frag: 64% external, 0% internal; Reserve: 38400K, Max: 256K
[2026-04-03T03:16:51.071+0600][32.610s][info][gc,start    ] GC(36) Concurrent reset
[2026-04-03T03:16:51.071+0600][32.610s][info][gc,task     ] GC(36) Using 3 of 6 workers for concurrent reset
[2026-04-03T03:16:51.071+0600][32.610s][info][gc,ergo     ] GC(36) Pacer for Reset. Non-Taxable: 750M
[2026-04-03T03:16:51.073+0600][32.611s][info][gc          ] GC(36) Concurrent reset 1.530ms
[2026-04-03T03:16:51.073+0600][32.611s][info][gc,start    ] GC(36) Pause Init Mark (unload classes)
[2026-04-03T03:16:51.073+0600][32.612s][info][gc,task     ] GC(36) Using 6 of 6 workers for init marking
[2026-04-03T03:16:51.073+0600][32.612s][info][gc,ergo     ] GC(36) Pacer for Mark. Expected Live: 219M, Free: 216M, Non-Taxable: 22147K, Alloc Tax Rate: 1.2x
[2026-04-03T03:16:51.073+0600][32.612s][info][gc          ] GC(36) Pause Init Mark (unload classes) 0.145ms
[2026-04-03T03:16:51.073+0600][32.612s][info][gc,start    ] GC(36) Concurrent marking roots
[2026-04-03T03:16:51.073+0600][32.612s][info][gc,task     ] GC(36) Using 3 of 6 workers for concurrent marking roots
[2026-04-03T03:16:51.074+0600][32.613s][info][gc          ] GC(36) Concurrent marking roots 0.795ms
[2026-04-03T03:16:51.074+0600][32.613s][info][gc,start    ] GC(36) Concurrent marking (unload classes)
[2026-04-03T03:16:51.074+0600][32.613s][info][gc,task     ] GC(36) Using 3 of 6 workers for concurrent marking
[2026-04-03T03:16:51.340+0600][32.879s][info][gc          ] GC(36) Concurrent marking (unload classes) 266.187ms
[2026-04-03T03:16:51.341+0600][32.879s][info][gc,start    ] GC(36) Pause Final Mark (unload classes)
[2026-04-03T03:16:51.341+0600][32.879s][info][gc,task     ] GC(36) Using 6 of 6 workers for final marking
[2026-04-03T03:16:51.341+0600][32.879s][info][gc,ergo     ] GC(36) Adaptive CSet Selection. Target Free: 106M, Actual Free: 195M, Max CSet: 32000K, Min Garbage: 0B
[2026-04-03T03:16:51.342+0600][32.880s][info][gc,ergo     ] GC(36) Collectable Garbage: 238M (94%), Immediate: 2048K (0%), CSet: 236M (94%)
[2026-04-03T03:16:51.342+0600][32.880s][info][gc,ergo     ] GC(36) Pacer for Evacuation. Used CSet: 252M, Free: 158M, Non-Taxable: 16233K, Alloc Tax Rate: 3.9x
[2026-04-03T03:16:51.342+0600][32.880s][info][gc          ] GC(36) Pause Final Mark (unload classes) 0.987ms
[2026-04-03T03:16:51.342+0600][32.880s][info][gc,start    ] GC(36) Concurrent thread roots
[2026-04-03T03:16:51.342+0600][32.880s][info][gc,task     ] GC(36) Using 3 of 6 workers for Concurrent thread roots
[2026-04-03T03:16:51.342+0600][32.881s][info][gc          ] GC(36) Concurrent thread roots 0.566ms
[2026-04-03T03:16:51.342+0600][32.881s][info][gc,start    ] GC(36) Concurrent weak references
[2026-04-03T03:16:51.342+0600][32.881s][info][gc,task     ] GC(36) Using 3 of 6 workers for concurrent weak references
[2026-04-03T03:16:51.343+0600][32.881s][info][gc,ref      ] GC(36) Encountered references: Soft: 3379, Weak: 5937, Final: 82, Phantom: 597
[2026-04-03T03:16:51.343+0600][32.881s][info][gc,ref      ] GC(36) Discovered  references: Soft: 0, Weak: 443, Final: 0, Phantom: 211
[2026-04-03T03:16:51.343+0600][32.881s][info][gc,ref      ] GC(36) Enqueued    references: Soft: 0, Weak: 0, Final: 0, Phantom: 0
[2026-04-03T03:16:51.343+0600][32.881s][info][gc          ] GC(36) Concurrent weak references 0.219ms
[2026-04-03T03:16:51.343+0600][32.881s][info][gc,start    ] GC(36) Concurrent weak roots
[2026-04-03T03:16:51.343+0600][32.881s][info][gc,task     ] GC(36) Using 3 of 6 workers for concurrent weak root
[2026-04-03T03:16:51.344+0600][32.883s][info][gc          ] GC(36) Concurrent weak roots 1.858ms
[2026-04-03T03:16:51.345+0600][32.883s][info][gc,start    ] GC(36) Concurrent cleanup
[2026-04-03T03:16:51.345+0600][32.883s][info][gc          ] GC(36) Concurrent cleanup 554M->552M(750M) 0.526ms
[2026-04-03T03:16:51.345+0600][32.883s][info][gc,ergo     ] GC(36) Free: 157M, Max: 256K regular, 80896K humongous, Frag: 50% external, 0% internal; Reserve: 38144K, Max: 256K
[2026-04-03T03:16:51.345+0600][32.883s][info][gc,start    ] GC(36) Concurrent class unloading
[2026-04-03T03:16:51.345+0600][32.884s][info][gc,task     ] GC(36) Using 3 of 6 workers for concurrent class unloading
[2026-04-03T03:16:51.350+0600][32.889s][info][gc          ] GC(36) Concurrent class unloading 5.146ms
[2026-04-03T03:16:51.350+0600][32.889s][info][gc,start    ] GC(36) Concurrent strong roots
[2026-04-03T03:16:51.350+0600][32.889s][info][gc,task     ] GC(36) Using 3 of 6 workers for concurrent strong root
[2026-04-03T03:16:51.351+0600][32.889s][info][gc          ] GC(36) Concurrent strong roots 0.503ms
[2026-04-03T03:16:51.351+0600][32.889s][info][gc,start    ] GC(36) Concurrent evacuation
[2026-04-03T03:16:51.351+0600][32.889s][info][gc,task     ] GC(36) Using 3 of 6 workers for concurrent evacuation
[2026-04-03T03:16:51.370+0600][32.908s][info][gc          ] GC(36) Concurrent evacuation 19.031ms
[2026-04-03T03:16:51.370+0600][32.909s][info][gc,start    ] GC(36) Pause Init Update Refs
[2026-04-03T03:16:51.370+0600][32.909s][info][gc,ergo     ] GC(36) Pacer for Update Refs. Used: 577M, Free: 148M, Non-Taxable: 15209K, Alloc Tax Rate: 4.8x
[2026-04-03T03:16:51.370+0600][32.909s][info][gc          ] GC(36) Pause Init Update Refs 0.138ms
[2026-04-03T03:16:51.371+0600][32.909s][info][gc,start    ] GC(36) Concurrent update references
[2026-04-03T03:16:51.371+0600][32.909s][info][gc,task     ] GC(36) Using 3 of 6 workers for concurrent reference update
[2026-04-03T03:16:51.540+0600][33.078s][info][gc          ] GC(36) Concurrent update references 169.228ms
[2026-04-03T03:16:51.540+0600][33.078s][info][gc,start    ] GC(36) Concurrent update thread roots
[2026-04-03T03:16:51.541+0600][33.079s][info][gc          ] GC(36) Concurrent update thread roots 0.870ms
[2026-04-03T03:16:51.541+0600][33.079s][info][gc,start    ] GC(36) Pause Final Update Refs
[2026-04-03T03:16:51.541+0600][33.079s][info][gc,task     ] GC(36) Using 6 of 6 workers for final reference update
[2026-04-03T03:16:51.541+0600][33.080s][info][gc          ] GC(36) Pause Final Update Refs 0.202ms
[2026-04-03T03:16:51.541+0600][33.080s][info][gc,start    ] GC(36) Concurrent cleanup
[2026-04-03T03:16:51.542+0600][33.081s][info][gc          ] GC(36) Concurrent cleanup 676M->424M(750M) 0.763ms
[2026-04-03T03:16:51.542+0600][33.081s][info][gc,ergo     ] Free: 284M, Max: 256K regular, 51200K humongous, Frag: 83% external, 0% internal; Reserve: 38400K, Max: 256K
[2026-04-03T03:16:51.542+0600][33.081s][info][gc,stats    ] 
[2026-04-03T03:16:51.542+0600][33.081s][info][gc,stats    ] All times are wall-clock times, except per-root-class counters, that are sum over
[2026-04-03T03:16:51.542+0600][33.081s][info][gc,stats    ] all workers. Dividing the <total> over the root stage time estimates parallelism.
[2026-04-03T03:16:51.542+0600][33.081s][info][gc,stats    ] 
[2026-04-03T03:16:51.542+0600][33.081s][info][gc,stats    ] Concurrent Reset                   1595 us
[2026-04-03T03:16:51.542+0600][33.081s][info][gc,stats    ] Pause Init Mark (G)                 448 us
[2026-04-03T03:16:51.542+0600][33.081s][info][gc,stats    ] Pause Init Mark (N)                 158 us
[2026-04-03T03:16:51.542+0600][33.081s][info][gc,stats    ]   Update Region States               31 us
[2026-04-03T03:16:51.542+0600][33.081s][info][gc,stats    ] Concurrent Mark Roots               822 us, parallelism: 1.64x
[2026-04-03T03:16:51.542+0600][33.081s][info][gc,stats    ]   CMR: <total>                     1348 us
[2026-04-03T03:16:51.542+0600][33.081s][info][gc,stats    ]   CMR: Thread Roots                1140 us, workers (us): 261, 488, 390, ---, ---, ---, 
[2026-04-03T03:16:51.542+0600][33.081s][info][gc,stats    ]   CMR: VM Strong Roots               25 us, workers (us):  14,  10,   1, ---, ---, ---, 
[2026-04-03T03:16:51.542+0600][33.081s][info][gc,stats    ]   CMR: CLDG Roots                   183 us, workers (us): 183, ---, ---, ---, ---, ---, 
[2026-04-03T03:16:51.542+0600][33.081s][info][gc,stats    ] Concurrent Marking               266263 us
[2026-04-03T03:16:51.542+0600][33.081s][info][gc,stats    ] Pause Final Mark (G)               1286 us
[2026-04-03T03:16:51.542+0600][33.081s][info][gc,stats    ] Pause Final Mark (N)               1001 us
[2026-04-03T03:16:51.542+0600][33.081s][info][gc,stats    ]   Finish Mark                       194 us
[2026-04-03T03:16:51.542+0600][33.081s][info][gc,stats    ]   Update Region States               52 us
[2026-04-03T03:16:51.542+0600][33.081s][info][gc,stats    ]   Choose Collection Set             562 us
[2026-04-03T03:16:51.542+0600][33.081s][info][gc,stats    ]   Rebuild Free Set                   31 us
[2026-04-03T03:16:51.542+0600][33.081s][info][gc,stats    ] Concurrent Thread Roots             621 us, parallelism: 1.93x
[2026-04-03T03:16:51.542+0600][33.081s][info][gc,stats    ]   CTR: <total>                     1200 us
[2026-04-03T03:16:51.542+0600][33.081s][info][gc,stats    ]   CTR: Thread Roots                1200 us, workers (us): 436, 382, 382, ---, ---, ---, 
[2026-04-03T03:16:51.542+0600][33.081s][info][gc,stats    ] Concurrent Weak References          225 us, parallelism: 0.49x
[2026-04-03T03:16:51.542+0600][33.081s][info][gc,stats    ]   CWRF: <total>                     110 us
[2026-04-03T03:16:51.543+0600][33.081s][info][gc,stats    ]   CWRF: Weak References             110 us, workers (us): 108,   1,   0, ---, ---, ---, 
[2026-04-03T03:16:51.543+0600][33.081s][info][gc,stats    ] Concurrent Weak Roots              1914 us
[2026-04-03T03:16:51.543+0600][33.081s][info][gc,stats    ]   Roots                            1617 us, parallelism: 2.34x
[2026-04-03T03:16:51.543+0600][33.081s][info][gc,stats    ]     CWR: <total>                   3788 us
[2026-04-03T03:16:51.543+0600][33.081s][info][gc,stats    ]     CWR: Code Cache Roots          2485 us, workers (us): 820, 786, 879, ---, ---, ---, 
[2026-04-03T03:16:51.543+0600][33.081s][info][gc,stats    ]     CWR: VM Weak Roots             1182 us, workers (us): 447, 389, 346, ---, ---, ---, 
[2026-04-03T03:16:51.543+0600][33.081s][info][gc,stats    ]     CWR: CLDG Roots                 120 us, workers (us): ---, 120, ---, ---, ---, ---, 
[2026-04-03T03:16:51.543+0600][33.081s][info][gc,stats    ]   Rendezvous                        217 us
[2026-04-03T03:16:51.543+0600][33.081s][info][gc,stats    ] Concurrent Cleanup                  545 us
[2026-04-03T03:16:51.543+0600][33.081s][info][gc,stats    ] Concurrent Class Unloading         5212 us
[2026-04-03T03:16:51.543+0600][33.081s][info][gc,stats    ]   Unlink Stale                     4703 us
[2026-04-03T03:16:51.543+0600][33.081s][info][gc,stats    ]     System Dictionary                84 us
[2026-04-03T03:16:51.543+0600][33.081s][info][gc,stats    ]     Weak Class Links                  0 us
[2026-04-03T03:16:51.543+0600][33.081s][info][gc,stats    ]     Code Roots                     4615 us
[2026-04-03T03:16:51.543+0600][33.081s][info][gc,stats    ]   Rendezvous                        259 us
[2026-04-03T03:16:51.543+0600][33.081s][info][gc,stats    ]   Purge Unlinked                    161 us
[2026-04-03T03:16:51.543+0600][33.081s][info][gc,stats    ]     Code Roots                      151 us
[2026-04-03T03:16:51.543+0600][33.081s][info][gc,stats    ]     CLDG                              9 us
[2026-04-03T03:16:51.543+0600][33.081s][info][gc,stats    ]     Exception Caches                  0 us
[2026-04-03T03:16:51.543+0600][33.081s][info][gc,stats    ] Concurrent Strong Roots             531 us, parallelism: 0.60x
[2026-04-03T03:16:51.543+0600][33.081s][info][gc,stats    ]   CSR: <total>                      317 us
[2026-04-03T03:16:51.543+0600][33.081s][info][gc,stats    ]   CSR: VM Strong Roots               17 us, workers (us):  15,   2,   1, ---, ---, ---, 
[2026-04-03T03:16:51.543+0600][33.081s][info][gc,stats    ]   CSR: CLDG Roots                   301 us, workers (us): 301, ---, ---, ---, ---, ---, 
[2026-04-03T03:16:51.543+0600][33.081s][info][gc,stats    ] Concurrent Evacuation             19122 us
[2026-04-03T03:16:51.543+0600][33.081s][info][gc,stats    ] Pause Init Update Refs (G)          588 us
[2026-04-03T03:16:51.543+0600][33.081s][info][gc,stats    ] Pause Init Update Refs (N)          156 us
[2026-04-03T03:16:51.543+0600][33.081s][info][gc,stats    ]   Manage GCLABs                      18 us
[2026-04-03T03:16:51.543+0600][33.081s][info][gc,stats    ] Concurrent Update Refs           169313 us
[2026-04-03T03:16:51.543+0600][33.081s][info][gc,stats    ] Concurrent Update Thread Roots      926 us
[2026-04-03T03:16:51.543+0600][33.081s][info][gc,stats    ] Pause Final Update Refs (G)         591 us
[2026-04-03T03:16:51.543+0600][33.081s][info][gc,stats    ] Pause Final Update Refs (N)         221 us
[2026-04-03T03:16:51.543+0600][33.081s][info][gc,stats    ]   Update Region States               61 us
[2026-04-03T03:16:51.543+0600][33.081s][info][gc,stats    ]   Trash Collection Set               24 us
[2026-04-03T03:16:51.543+0600][33.081s][info][gc,stats    ]   Rebuild Free Set                   37 us
[2026-04-03T03:16:51.543+0600][33.081s][info][gc,stats    ] Concurrent Cleanup                  786 us
[2026-04-03T03:16:51.543+0600][33.081s][info][gc,stats    ] Pacing                           571843 us
[2026-04-03T03:16:51.543+0600][33.081s][info][gc,stats    ] 
[2026-04-03T03:16:51.543+0600][33.081s][info][gc,stats    ] Allocation pacing accrued:
[2026-04-03T03:16:51.543+0600][33.081s][info][gc,stats    ]      11 of   574 ms (  2.0%): RemoteBlock-temp-file-clean-thread
[2026-04-03T03:16:51.543+0600][33.081s][info][gc,stats    ]      11 of   574 ms (  2.0%): Spark Context Cleaner
[2026-04-03T03:16:51.543+0600][33.081s][info][gc,stats    ]     178 of   574 ms ( 31.1%): Executor task launch worker for task 1.0 in stage 1.0 (TID 4)
[2026-04-03T03:16:51.543+0600][33.081s][info][gc,stats    ]     181 of   574 ms ( 31.5%): Executor task launch worker for task 2.0 in stage 1.0 (TID 5)
[2026-04-03T03:16:51.543+0600][33.081s][info][gc,stats    ]     190 of   574 ms ( 33.1%): Executor task launch worker for task 0.0 in stage 1.0 (TID 3)
[2026-04-03T03:16:51.543+0600][33.081s][info][gc,stats    ]     572 of   574 ms ( 99.7%): <total>
[2026-04-03T03:16:51.543+0600][33.081s][info][gc,stats    ]       8 of   574 ms (  1.3%): <average total>
[2026-04-03T03:16:51.543+0600][33.081s][info][gc,stats    ]     114 of   574 ms ( 19.9%): <average non-zero>
[2026-04-03T03:16:51.543+0600][33.081s][info][gc,stats    ] 
[2026-04-03T03:16:51.543+0600][33.081s][info][gc,metaspace] Metaspace: 70099K(70912K)->70099K(70912K) NonClass: 61174K(61632K)->61174K(61632K) Class: 8925K(9280K)->8925K(9280K)
[2026-04-03T03:16:51.543+0600][33.081s][info][gc,ergo     ] Pacer for Idle. Initial: 15360K, Alloc Tax Rate: 1.0x
[2026-04-03T03:16:51.544+0600][33.082s][info][gc          ] Trigger: Average GC time (499.83 ms) is above the time for average allocation rate (534 MB/s) to deplete free headroom (246M) (margin of error = 1.97)
[2026-04-03T03:16:51.544+0600][33.082s][info][gc,ergo     ] Free headroom: 283M (free) - 38400K (spike) - 0B (penalties) = 246M
[2026-04-03T03:16:51.544+0600][33.082s][info][gc,ergo     ] Free: 283M, Max: 256K regular, 51200K humongous, Frag: 83% external, 0% internal; Reserve: 38400K, Max: 256K
[2026-04-03T03:16:51.544+0600][33.082s][info][gc,start    ] GC(37) Concurrent reset
[2026-04-03T03:16:51.544+0600][33.082s][info][gc,task     ] GC(37) Using 3 of 6 workers for concurrent reset
[2026-04-03T03:16:51.544+0600][33.083s][info][gc,ergo     ] GC(37) Pacer for Reset. Non-Taxable: 750M
[2026-04-03T03:16:51.547+0600][33.085s][info][gc          ] GC(37) Concurrent reset 2.478ms
[2026-04-03T03:16:51.547+0600][33.085s][info][gc,start    ] GC(37) Pause Init Mark (unload classes)
[2026-04-03T03:16:51.547+0600][33.085s][info][gc,task     ] GC(37) Using 6 of 6 workers for init marking
[2026-04-03T03:16:51.547+0600][33.086s][info][gc,ergo     ] GC(37) Pacer for Mark. Expected Live: 227M, Free: 281M, Non-Taxable: 28777K, Alloc Tax Rate: 1.0x
[2026-04-03T03:16:51.547+0600][33.086s][info][gc          ] GC(37) Pause Init Mark (unload classes) 0.175ms
[2026-04-03T03:16:51.547+0600][33.086s][info][gc,start    ] GC(37) Concurrent marking roots
[2026-04-03T03:16:51.547+0600][33.086s][info][gc,task     ] GC(37) Using 3 of 6 workers for concurrent marking roots
[2026-04-03T03:16:51.548+0600][33.086s][info][gc          ] GC(37) Concurrent marking roots 0.784ms
[2026-04-03T03:16:51.548+0600][33.086s][info][gc,start    ] GC(37) Concurrent marking (unload classes)
[2026-04-03T03:16:51.548+0600][33.086s][info][gc,task     ] GC(37) Using 3 of 6 workers for concurrent marking
[2026-04-03T03:16:51.859+0600][33.397s][info][gc          ] GC(37) Concurrent marking (unload classes) 310.882ms
[2026-04-03T03:16:51.859+0600][33.397s][info][gc,start    ] GC(37) Pause Final Mark (unload classes)
[2026-04-03T03:16:51.859+0600][33.397s][info][gc,task     ] GC(37) Using 6 of 6 workers for final marking
[2026-04-03T03:16:51.859+0600][33.398s][info][gc,ergo     ] GC(37) Adaptive CSet Selection. Target Free: 106M, Actual Free: 249M, Max CSet: 32000K, Min Garbage: 0B
[2026-04-03T03:16:51.860+0600][33.398s][info][gc,ergo     ] GC(37) Collectable Garbage: 164M (92%), Immediate: 5888K (3%), CSet: 159M (89%)
[2026-04-03T03:16:51.860+0600][33.399s][info][gc,ergo     ] GC(37) Pacer for Evacuation. Used CSet: 171M, Free: 212M, Non-Taxable: 21712K, Alloc Tax Rate: 2.0x
[2026-04-03T03:16:51.860+0600][33.399s][info][gc          ] GC(37) Pause Final Mark (unload classes) 1.176ms
[2026-04-03T03:16:51.860+0600][33.399s][info][gc,start    ] GC(37) Concurrent thread roots
[2026-04-03T03:16:51.860+0600][33.399s][info][gc,task     ] GC(37) Using 3 of 6 workers for Concurrent thread roots
[2026-04-03T03:16:51.861+0600][33.400s][info][gc          ] GC(37) Concurrent thread roots 0.757ms
[2026-04-03T03:16:51.861+0600][33.400s][info][gc,start    ] GC(37) Concurrent weak references
[2026-04-03T03:16:51.861+0600][33.400s][info][gc,task     ] GC(37) Using 3 of 6 workers for concurrent weak references
[2026-04-03T03:16:51.861+0600][33.400s][info][gc,ref      ] GC(37) Encountered references: Soft: 3379, Weak: 5937, Final: 82, Phantom: 597
[2026-04-03T03:16:51.861+0600][33.400s][info][gc,ref      ] GC(37) Discovered  references: Soft: 0, Weak: 239, Final: 0, Phantom: 210
[2026-04-03T03:16:51.861+0600][33.400s][info][gc,ref      ] GC(37) Enqueued    references: Soft: 0, Weak: 0, Final: 0, Phantom: 0
[2026-04-03T03:16:51.861+0600][33.400s][info][gc          ] GC(37) Concurrent weak references 0.157ms
[2026-04-03T03:16:51.861+0600][33.400s][info][gc,start    ] GC(37) Concurrent weak roots
[2026-04-03T03:16:51.861+0600][33.400s][info][gc,task     ] GC(37) Using 3 of 6 workers for concurrent weak root
[2026-04-03T03:16:51.863+0600][33.402s][info][gc          ] GC(37) Concurrent weak roots 2.088ms
[2026-04-03T03:16:51.864+0600][33.402s][info][gc,start    ] GC(37) Concurrent cleanup
[2026-04-03T03:16:51.864+0600][33.402s][info][gc          ] GC(37) Concurrent cleanup 504M->498M(750M) 0.552ms
[2026-04-03T03:16:51.864+0600][33.403s][info][gc,ergo     ] GC(37) Free: 210M, Max: 256K regular, 33536K humongous, Frag: 85% external, 0% internal; Reserve: 38333K, Max: 256K
[2026-04-03T03:16:51.864+0600][33.403s][info][gc,start    ] GC(37) Concurrent class unloading
[2026-04-03T03:16:51.864+0600][33.403s][info][gc,task     ] GC(37) Using 3 of 6 workers for concurrent class unloading
[2026-04-03T03:16:51.870+0600][33.409s][info][gc          ] GC(37) Concurrent class unloading 6.080ms
[2026-04-03T03:16:51.870+0600][33.409s][info][gc,start    ] GC(37) Concurrent strong roots
[2026-04-03T03:16:51.870+0600][33.409s][info][gc,task     ] GC(37) Using 3 of 6 workers for concurrent strong root
[2026-04-03T03:16:51.871+0600][33.409s][info][gc          ] GC(37) Concurrent strong roots 0.590ms
[2026-04-03T03:16:51.871+0600][33.409s][info][gc,start    ] GC(37) Concurrent evacuation
[2026-04-03T03:16:51.871+0600][33.409s][info][gc,task     ] GC(37) Using 3 of 6 workers for concurrent evacuation
[2026-04-03T03:16:51.887+0600][33.426s][info][gc          ] GC(37) Concurrent evacuation 16.261ms
[2026-04-03T03:16:51.888+0600][33.426s][info][gc,start    ] GC(37) Pause Init Update Refs
[2026-04-03T03:16:51.888+0600][33.426s][info][gc,ergo     ] GC(37) Pacer for Update Refs. Used: 517M, Free: 204M, Non-Taxable: 20918K, Alloc Tax Rate: 3.1x
[2026-04-03T03:16:51.888+0600][33.426s][info][gc          ] GC(37) Pause Init Update Refs 0.208ms
[2026-04-03T03:16:51.888+0600][33.427s][info][gc,start    ] GC(37) Concurrent update references
[2026-04-03T03:16:51.888+0600][33.427s][info][gc,task     ] GC(37) Using 3 of 6 workers for concurrent reference update
[2026-04-03T03:16:52.080+0600][33.618s][info][gc          ] GC(37) Concurrent update references 191.829ms
[2026-04-03T03:16:52.080+0600][33.618s][info][gc,start    ] GC(37) Concurrent update thread roots
[2026-04-03T03:16:52.081+0600][33.619s][info][gc          ] GC(37) Concurrent update thread roots 0.882ms
[2026-04-03T03:16:52.081+0600][33.620s][info][gc,start    ] GC(37) Pause Final Update Refs
[2026-04-03T03:16:52.081+0600][33.620s][info][gc,task     ] GC(37) Using 6 of 6 workers for final reference update
[2026-04-03T03:16:52.081+0600][33.620s][info][gc          ] GC(37) Pause Final Update Refs 0.182ms
[2026-04-03T03:16:52.081+0600][33.620s][info][gc,start    ] GC(37) Concurrent cleanup
[2026-04-03T03:16:52.082+0600][33.620s][info][gc          ] GC(37) Concurrent cleanup 621M->450M(750M) 0.617ms
[2026-04-03T03:16:52.082+0600][33.621s][info][gc,ergo     ] Free: 259M, Max: 256K regular, 162M humongous, Frag: 38% external, 0% internal; Reserve: 38400K, Max: 256K
[2026-04-03T03:16:52.082+0600][33.621s][info][gc,stats    ] 
[2026-04-03T03:16:52.082+0600][33.621s][info][gc,stats    ] All times are wall-clock times, except per-root-class counters, that are sum over
[2026-04-03T03:16:52.082+0600][33.621s][info][gc,stats    ] all workers. Dividing the <total> over the root stage time estimates parallelism.
[2026-04-03T03:16:52.082+0600][33.621s][info][gc,stats    ] 
[2026-04-03T03:16:52.082+0600][33.621s][info][gc,stats    ] Concurrent Reset                   2559 us
[2026-04-03T03:16:52.082+0600][33.621s][info][gc,stats    ] Pause Init Mark (G)                 545 us
[2026-04-03T03:16:52.082+0600][33.621s][info][gc,stats    ] Pause Init Mark (N)                 189 us
[2026-04-03T03:16:52.082+0600][33.621s][info][gc,stats    ]   Update Region States               54 us
[2026-04-03T03:16:52.082+0600][33.621s][info][gc,stats    ] Concurrent Mark Roots               812 us, parallelism: 1.56x
[2026-04-03T03:16:52.082+0600][33.621s][info][gc,stats    ]   CMR: <total>                     1270 us
[2026-04-03T03:16:52.082+0600][33.621s][info][gc,stats    ]   CMR: Thread Roots                1036 us, workers (us): 220, 423, 394, ---, ---, ---, 
[2026-04-03T03:16:52.082+0600][33.621s][info][gc,stats    ]   CMR: VM Strong Roots               22 us, workers (us):  20,   1,   1, ---, ---, ---, 
[2026-04-03T03:16:52.082+0600][33.621s][info][gc,stats    ]   CMR: CLDG Roots                   211 us, workers (us): 211, ---, ---, ---, ---, ---, 
[2026-04-03T03:16:52.082+0600][33.621s][info][gc,stats    ] Concurrent Marking               310960 us
[2026-04-03T03:16:52.082+0600][33.621s][info][gc,stats    ] Pause Final Mark (G)               1424 us
[2026-04-03T03:16:52.082+0600][33.621s][info][gc,stats    ] Pause Final Mark (N)               1189 us
[2026-04-03T03:16:52.082+0600][33.621s][info][gc,stats    ]   Finish Mark                       255 us
[2026-04-03T03:16:52.082+0600][33.621s][info][gc,stats    ]   Update Region States               52 us
[2026-04-03T03:16:52.082+0600][33.621s][info][gc,stats    ]   Choose Collection Set             707 us
[2026-04-03T03:16:52.082+0600][33.621s][info][gc,stats    ]   Rebuild Free Set                   48 us
[2026-04-03T03:16:52.082+0600][33.621s][info][gc,stats    ] Concurrent Thread Roots             804 us, parallelism: 1.99x
[2026-04-03T03:16:52.082+0600][33.621s][info][gc,stats    ]   CTR: <total>                     1596 us
[2026-04-03T03:16:52.082+0600][33.621s][info][gc,stats    ]   CTR: Thread Roots                1596 us, workers (us): 527, 545, 525, ---, ---, ---, 
[2026-04-03T03:16:52.082+0600][33.621s][info][gc,stats    ] Concurrent Weak References          165 us, parallelism: 0.37x
[2026-04-03T03:16:52.082+0600][33.621s][info][gc,stats    ]   CWRF: <total>                      60 us
[2026-04-03T03:16:52.082+0600][33.621s][info][gc,stats    ]   CWRF: Weak References              60 us, workers (us):  60,   0,   0, ---, ---, ---, 
[2026-04-03T03:16:52.082+0600][33.621s][info][gc,stats    ] Concurrent Weak Roots              2160 us
[2026-04-03T03:16:52.082+0600][33.621s][info][gc,stats    ]   Roots                            1845 us, parallelism: 2.39x
[2026-04-03T03:16:52.082+0600][33.621s][info][gc,stats    ]     CWR: <total>                   4416 us
[2026-04-03T03:16:52.082+0600][33.621s][info][gc,stats    ]     CWR: Code Cache Roots          2939 us, workers (us): 1015, 931, 993, ---, ---, ---, 
[2026-04-03T03:16:52.082+0600][33.621s][info][gc,stats    ]     CWR: VM Weak Roots             1418 us, workers (us): 531, 447, 440, ---, ---, ---, 
[2026-04-03T03:16:52.082+0600][33.621s][info][gc,stats    ]     CWR: CLDG Roots                  59 us, workers (us):  59, ---, ---, ---, ---, ---, 
[2026-04-03T03:16:52.082+0600][33.621s][info][gc,stats    ]   Rendezvous                        223 us
[2026-04-03T03:16:52.082+0600][33.621s][info][gc,stats    ] Concurrent Cleanup                  575 us
[2026-04-03T03:16:52.082+0600][33.621s][info][gc,stats    ] Concurrent Class Unloading         6162 us
[2026-04-03T03:16:52.082+0600][33.621s][info][gc,stats    ]   Unlink Stale                     5784 us
[2026-04-03T03:16:52.082+0600][33.621s][info][gc,stats    ]     System Dictionary                73 us
[2026-04-03T03:16:52.082+0600][33.621s][info][gc,stats    ]     Weak Class Links                  0 us
[2026-04-03T03:16:52.082+0600][33.621s][info][gc,stats    ]     Code Roots                     5707 us
[2026-04-03T03:16:52.082+0600][33.621s][info][gc,stats    ]   Rendezvous                        219 us
[2026-04-03T03:16:52.082+0600][33.621s][info][gc,stats    ]   Purge Unlinked                     21 us
[2026-04-03T03:16:52.082+0600][33.621s][info][gc,stats    ]     Code Roots                        5 us
[2026-04-03T03:16:52.082+0600][33.621s][info][gc,stats    ]     CLDG                             15 us
[2026-04-03T03:16:52.083+0600][33.621s][info][gc,stats    ]     Exception Caches                  0 us
[2026-04-03T03:16:52.083+0600][33.621s][info][gc,stats    ] Concurrent Strong Roots             625 us, parallelism: 0.61x
[2026-04-03T03:16:52.083+0600][33.621s][info][gc,stats    ]   CSR: <total>                      380 us
[2026-04-03T03:16:52.083+0600][33.621s][info][gc,stats    ]   CSR: VM Strong Roots               22 us, workers (us):  13,   9,   0, ---, ---, ---, 
[2026-04-03T03:16:52.083+0600][33.621s][info][gc,stats    ]   CSR: CLDG Roots                   358 us, workers (us): 358, ---, ---, ---, ---, ---, 
[2026-04-03T03:16:52.083+0600][33.621s][info][gc,stats    ] Concurrent Evacuation             16364 us
[2026-04-03T03:16:52.083+0600][33.621s][info][gc,stats    ] Pause Init Update Refs (G)          783 us
[2026-04-03T03:16:52.083+0600][33.621s][info][gc,stats    ] Pause Init Update Refs (N)          484 us
[2026-04-03T03:16:52.083+0600][33.621s][info][gc,stats    ]   Manage GCLABs                      33 us
[2026-04-03T03:16:52.083+0600][33.621s][info][gc,stats    ] Concurrent Update Refs           191911 us
[2026-04-03T03:16:52.083+0600][33.621s][info][gc,stats    ] Concurrent Update Thread Roots      936 us
[2026-04-03T03:16:52.083+0600][33.621s][info][gc,stats    ] Pause Final Update Refs (G)         512 us
[2026-04-03T03:16:52.083+0600][33.621s][info][gc,stats    ] Pause Final Update Refs (N)         194 us
[2026-04-03T03:16:52.083+0600][33.621s][info][gc,stats    ]   Update Region States               52 us
[2026-04-03T03:16:52.083+0600][33.621s][info][gc,stats    ]   Trash Collection Set               18 us
[2026-04-03T03:16:52.083+0600][33.621s][info][gc,stats    ]   Rebuild Free Set                   41 us
[2026-04-03T03:16:52.083+0600][33.621s][info][gc,stats    ] Concurrent Cleanup                  634 us
[2026-04-03T03:16:52.083+0600][33.621s][info][gc,stats    ] Pacing                           661972 us
[2026-04-03T03:16:52.083+0600][33.621s][info][gc,stats    ] 
[2026-04-03T03:16:52.083+0600][33.621s][info][gc,stats    ] Allocation pacing accrued:
[2026-04-03T03:16:52.083+0600][33.621s][info][gc,stats    ]       9 of   540 ms (  1.6%): dispatcher-event-loop-6
[2026-04-03T03:16:52.083+0600][33.621s][info][gc,stats    ]      11 of   540 ms (  2.1%): dispatcher-HeartbeatReceiver
[2026-04-03T03:16:52.083+0600][33.621s][info][gc,stats    ]      11 of   540 ms (  2.1%): heartbeat-receiver-event-loop-thread
[2026-04-03T03:16:52.083+0600][33.621s][info][gc,stats    ]      11 of   540 ms (  2.1%): netty-rpc-env-timeout
[2026-04-03T03:16:52.083+0600][33.621s][info][gc,stats    ]      45 of   540 ms (  8.4%): executor-heartbeater
[2026-04-03T03:16:52.083+0600][33.621s][info][gc,stats    ]       9 of   540 ms (  1.6%): spark-listener-group-appStatus
[2026-04-03T03:16:52.083+0600][33.621s][info][gc,stats    ]       9 of   540 ms (  1.6%): spark-listener-group-executorManagement
[2026-04-03T03:16:52.083+0600][33.621s][info][gc,stats    ]       9 of   540 ms (  1.6%): spark-listener-group-shared
[2026-04-03T03:16:52.083+0600][33.621s][info][gc,stats    ]     145 of   540 ms ( 26.9%): Executor task launch worker for task 1.0 in stage 1.0 (TID 4)
[2026-04-03T03:16:52.083+0600][33.621s][info][gc,stats    ]     201 of   540 ms ( 37.2%): Executor task launch worker for task 2.0 in stage 1.0 (TID 5)
[2026-04-03T03:16:52.083+0600][33.621s][info][gc,stats    ]     202 of   540 ms ( 37.4%): Executor task launch worker for task 0.0 in stage 1.0 (TID 3)
[2026-04-03T03:16:52.083+0600][33.621s][info][gc,stats    ]     662 of   540 ms (122.6%): <total>
[2026-04-03T03:16:52.083+0600][33.621s][info][gc,stats    ]       9 of   540 ms (  1.7%): <average total>
[2026-04-03T03:16:52.083+0600][33.621s][info][gc,stats    ]      60 of   540 ms ( 11.1%): <average non-zero>
[2026-04-03T03:16:52.083+0600][33.621s][info][gc,stats    ] 
[2026-04-03T03:16:52.083+0600][33.621s][info][gc,metaspace] Metaspace: 70099K(70912K)->70115K(70976K) NonClass: 61174K(61632K)->61189K(61696K) Class: 8925K(9280K)->8926K(9280K)
[2026-04-03T03:16:52.083+0600][33.621s][info][gc,ergo     ] Pacer for Idle. Initial: 15360K, Alloc Tax Rate: 1.0x
[2026-04-03T03:16:52.084+0600][33.622s][info][gc          ] Trigger: Average GC time (579.87 ms) is above the time for average allocation rate (449 MB/s) to deplete free headroom (220M) (margin of error = 1.99)
[2026-04-03T03:16:52.084+0600][33.622s][info][gc,ergo     ] Free headroom: 257M (free) - 38400K (spike) - 0B (penalties) = 220M
[2026-04-03T03:16:52.084+0600][33.622s][info][gc,ergo     ] Free: 257M, Max: 256K regular, 162M humongous, Frag: 37% external, 0% internal; Reserve: 38400K, Max: 256K
[2026-04-03T03:16:52.084+0600][33.622s][info][gc,start    ] GC(38) Concurrent reset
[2026-04-03T03:16:52.084+0600][33.622s][info][gc,task     ] GC(38) Using 3 of 6 workers for concurrent reset
[2026-04-03T03:16:52.084+0600][33.622s][info][gc,ergo     ] GC(38) Pacer for Reset. Non-Taxable: 750M
[2026-04-03T03:16:52.085+0600][33.624s][info][gc          ] GC(38) Concurrent reset 1.375ms
[2026-04-03T03:16:52.086+0600][33.624s][info][gc,start    ] GC(38) Pause Init Mark (unload classes)
[2026-04-03T03:16:52.086+0600][33.624s][info][gc,task     ] GC(38) Using 6 of 6 workers for init marking
[2026-04-03T03:16:52.086+0600][33.624s][info][gc,ergo     ] GC(38) Pacer for Mark. Expected Live: 234M, Free: 257M, Non-Taxable: 26320K, Alloc Tax Rate: 1.1x
[2026-04-03T03:16:52.086+0600][33.624s][info][gc          ] GC(38) Pause Init Mark (unload classes) 0.160ms
[2026-04-03T03:16:52.086+0600][33.624s][info][gc,start    ] GC(38) Concurrent marking roots
[2026-04-03T03:16:52.086+0600][33.624s][info][gc,task     ] GC(38) Using 3 of 6 workers for concurrent marking roots
[2026-04-03T03:16:52.086+0600][33.625s][info][gc          ] GC(38) Concurrent marking roots 0.695ms
[2026-04-03T03:16:52.087+0600][33.625s][info][gc,start    ] GC(38) Concurrent marking (unload classes)
[2026-04-03T03:16:52.087+0600][33.625s][info][gc,task     ] GC(38) Using 3 of 6 workers for concurrent marking
[2026-04-03T03:16:52.397+0600][33.936s][info][gc          ] GC(38) Concurrent marking (unload classes) 310.877ms
[2026-04-03T03:16:52.398+0600][33.936s][info][gc,start    ] GC(38) Pause Final Mark (unload classes)
[2026-04-03T03:16:52.398+0600][33.936s][info][gc,task     ] GC(38) Using 6 of 6 workers for final marking
[2026-04-03T03:16:52.398+0600][33.936s][info][gc,ergo     ] GC(38) Adaptive CSet Selection. Target Free: 106M, Actual Free: 239M, Max CSet: 32000K, Min Garbage: 0B
[2026-04-03T03:16:52.398+0600][33.937s][info][gc,ergo     ] GC(38) Collectable Garbage: 180M (92%), Immediate: 7936K (3%), CSet: 172M (88%)
[2026-04-03T03:16:52.398+0600][33.937s][info][gc,ergo     ] GC(38) Pacer for Evacuation. Used CSet: 185M, Free: 202M, Non-Taxable: 20688K, Alloc Tax Rate: 2.3x
[2026-04-03T03:16:52.398+0600][33.937s][info][gc          ] GC(38) Pause Final Mark (unload classes) 0.799ms
[2026-04-03T03:16:52.398+0600][33.937s][info][gc,start    ] GC(38) Concurrent thread roots
[2026-04-03T03:16:52.398+0600][33.937s][info][gc,task     ] GC(38) Using 3 of 6 workers for Concurrent thread roots
[2026-04-03T03:16:52.399+0600][33.937s][info][gc          ] GC(38) Concurrent thread roots 0.577ms
[2026-04-03T03:16:52.399+0600][33.937s][info][gc,start    ] GC(38) Concurrent weak references
[2026-04-03T03:16:52.399+0600][33.937s][info][gc,task     ] GC(38) Using 3 of 6 workers for concurrent weak references
[2026-04-03T03:16:52.399+0600][33.937s][info][gc,ref      ] GC(38) Encountered references: Soft: 3379, Weak: 5944, Final: 82, Phantom: 598
[2026-04-03T03:16:52.399+0600][33.938s][info][gc,ref      ] GC(38) Discovered  references: Soft: 0, Weak: 286, Final: 0, Phantom: 211
[2026-04-03T03:16:52.399+0600][33.938s][info][gc,ref      ] GC(38) Enqueued    references: Soft: 0, Weak: 37, Final: 0, Phantom: 0
[2026-04-03T03:16:52.399+0600][33.938s][info][gc          ] GC(38) Concurrent weak references 0.172ms
[2026-04-03T03:16:52.399+0600][33.938s][info][gc,start    ] GC(38) Concurrent weak roots
[2026-04-03T03:16:52.399+0600][33.938s][info][gc,task     ] GC(38) Using 3 of 6 workers for concurrent weak root
[2026-04-03T03:16:52.401+0600][33.939s][info][gc          ] GC(38) Concurrent weak roots 1.895ms
[2026-04-03T03:16:52.401+0600][33.939s][info][gc,start    ] GC(38) Concurrent cleanup
[2026-04-03T03:16:52.402+0600][33.940s][info][gc          ] GC(38) Concurrent cleanup 515M->508M(750M) 0.455ms
[2026-04-03T03:16:52.402+0600][33.940s][info][gc,ergo     ] GC(38) Free: 201M, Max: 256K regular, 162M humongous, Frag: 20% external, 0% internal; Reserve: 38355K, Max: 256K
[2026-04-03T03:16:52.402+0600][33.940s][info][gc,start    ] GC(38) Concurrent class unloading
[2026-04-03T03:16:52.402+0600][33.940s][info][gc,task     ] GC(38) Using 3 of 6 workers for concurrent class unloading
[2026-04-03T03:16:52.406+0600][33.945s][info][gc          ] GC(38) Concurrent class unloading 4.604ms
[2026-04-03T03:16:52.406+0600][33.945s][info][gc,start    ] GC(38) Concurrent strong roots
[2026-04-03T03:16:52.406+0600][33.945s][info][gc,task     ] GC(38) Using 3 of 6 workers for concurrent strong root
[2026-04-03T03:16:52.407+0600][33.945s][info][gc          ] GC(38) Concurrent strong roots 0.834ms
[2026-04-03T03:16:52.407+0600][33.946s][info][gc,start    ] GC(38) Concurrent evacuation
[2026-04-03T03:16:52.407+0600][33.946s][info][gc,task     ] GC(38) Using 3 of 6 workers for concurrent evacuation
[2026-04-03T03:16:52.422+0600][33.960s][info][gc          ] GC(38) Concurrent evacuation 14.325ms
[2026-04-03T03:16:52.422+0600][33.960s][info][gc,start    ] GC(38) Pause Init Update Refs
[2026-04-03T03:16:52.422+0600][33.960s][info][gc,ergo     ] GC(38) Pacer for Update Refs. Used: 532M, Free: 191M, Non-Taxable: 19612K, Alloc Tax Rate: 3.4x
[2026-04-03T03:16:52.422+0600][33.960s][info][gc          ] GC(38) Pause Init Update Refs 0.085ms
[2026-04-03T03:16:52.422+0600][33.960s][info][gc,start    ] GC(38) Concurrent update references
[2026-04-03T03:16:52.422+0600][33.960s][info][gc,task     ] GC(38) Using 3 of 6 workers for concurrent reference update
[2026-04-03T03:16:52.600+0600][34.139s][info][gc          ] GC(38) Concurrent update references 178.335ms
[2026-04-03T03:16:52.600+0600][34.139s][info][gc,start    ] GC(38) Concurrent update thread roots
[2026-04-03T03:16:52.601+0600][34.140s][info][gc          ] GC(38) Concurrent update thread roots 0.898ms
[2026-04-03T03:16:52.602+0600][34.140s][info][gc,start    ] GC(38) Pause Final Update Refs
[2026-04-03T03:16:52.602+0600][34.140s][info][gc,task     ] GC(38) Using 6 of 6 workers for final reference update
[2026-04-03T03:16:52.602+0600][34.140s][info][gc          ] GC(38) Pause Final Update Refs 0.375ms
[2026-04-03T03:16:52.602+0600][34.141s][info][gc,start    ] GC(38) Concurrent cleanup
[2026-04-03T03:16:52.603+0600][34.141s][info][gc          ] GC(38) Concurrent cleanup 650M->464M(750M) 0.708ms
[2026-04-03T03:16:52.603+0600][34.141s][info][gc,ergo     ] Free: 245M, Max: 256K regular, 60160K humongous, Frag: 77% external, 0% internal; Reserve: 38400K, Max: 256K
[2026-04-03T03:16:52.603+0600][34.141s][info][gc,stats    ] 
[2026-04-03T03:16:52.603+0600][34.141s][info][gc,stats    ] All times are wall-clock times, except per-root-class counters, that are sum over
[2026-04-03T03:16:52.603+0600][34.141s][info][gc,stats    ] all workers. Dividing the <total> over the root stage time estimates parallelism.
[2026-04-03T03:16:52.603+0600][34.141s][info][gc,stats    ] 
[2026-04-03T03:16:52.603+0600][34.141s][info][gc,stats    ] Concurrent Reset                   1422 us
[2026-04-03T03:16:52.603+0600][34.141s][info][gc,stats    ] Pause Init Mark (G)                 351 us
[2026-04-03T03:16:52.603+0600][34.141s][info][gc,stats    ] Pause Init Mark (N)                 169 us
[2026-04-03T03:16:52.603+0600][34.141s][info][gc,stats    ]   Update Region States               23 us
[2026-04-03T03:16:52.603+0600][34.141s][info][gc,stats    ] Concurrent Mark Roots               748 us, parallelism: 1.42x
[2026-04-03T03:16:52.603+0600][34.141s][info][gc,stats    ]   CMR: <total>                     1064 us
[2026-04-03T03:16:52.603+0600][34.141s][info][gc,stats    ]   CMR: Thread Roots                 793 us, workers (us): 344, 105, 344, ---, ---, ---, 
[2026-04-03T03:16:52.603+0600][34.141s][info][gc,stats    ]   CMR: VM Strong Roots               27 us, workers (us):  23,   3,   1, ---, ---, ---, 
[2026-04-03T03:16:52.603+0600][34.141s][info][gc,stats    ]   CMR: CLDG Roots                   243 us, workers (us): ---, 243, ---, ---, ---, ---, 
[2026-04-03T03:16:52.603+0600][34.141s][info][gc,stats    ] Concurrent Marking               310950 us
[2026-04-03T03:16:52.603+0600][34.142s][info][gc,stats    ] Pause Final Mark (G)                878 us
[2026-04-03T03:16:52.603+0600][34.142s][info][gc,stats    ] Pause Final Mark (N)                809 us
[2026-04-03T03:16:52.603+0600][34.142s][info][gc,stats    ]   Finish Mark                       226 us
[2026-04-03T03:16:52.603+0600][34.142s][info][gc,stats    ]   Update Region States               38 us
[2026-04-03T03:16:52.603+0600][34.142s][info][gc,stats    ]   Choose Collection Set             444 us
[2026-04-03T03:16:52.603+0600][34.142s][info][gc,stats    ]   Rebuild Free Set                   32 us
[2026-04-03T03:16:52.603+0600][34.142s][info][gc,stats    ] Concurrent Thread Roots             625 us, parallelism: 1.72x
[2026-04-03T03:16:52.603+0600][34.142s][info][gc,stats    ]   CTR: <total>                     1075 us
[2026-04-03T03:16:52.603+0600][34.142s][info][gc,stats    ]   CTR: Thread Roots                1075 us, workers (us): 374, 374, 327, ---, ---, ---, 
[2026-04-03T03:16:52.603+0600][34.142s][info][gc,stats    ] Concurrent Weak References          180 us, parallelism: 0.38x
[2026-04-03T03:16:52.603+0600][34.142s][info][gc,stats    ]   CWRF: <total>                      68 us
[2026-04-03T03:16:52.603+0600][34.142s][info][gc,stats    ]   CWRF: Weak References              68 us, workers (us):  66,   2,   0, ---, ---, ---, 
[2026-04-03T03:16:52.603+0600][34.142s][info][gc,stats    ] Concurrent Weak Roots              1946 us
[2026-04-03T03:16:52.603+0600][34.142s][info][gc,stats    ]   Roots                            1768 us, parallelism: 2.47x
[2026-04-03T03:16:52.603+0600][34.142s][info][gc,stats    ]     CWR: <total>                   4365 us
[2026-04-03T03:16:52.603+0600][34.142s][info][gc,stats    ]     CWR: Code Cache Roots          2942 us, workers (us): 916, 960, 1066, ---, ---, ---, 
[2026-04-03T03:16:52.603+0600][34.142s][info][gc,stats    ]     CWR: VM Weak Roots             1339 us, workers (us): 482, 428, 428, ---, ---, ---, 
[2026-04-03T03:16:52.603+0600][34.142s][info][gc,stats    ]     CWR: CLDG Roots                  84 us, workers (us):  84, ---, ---, ---, ---, ---, 
[2026-04-03T03:16:52.603+0600][34.142s][info][gc,stats    ]   Rendezvous                        109 us
[2026-04-03T03:16:52.603+0600][34.142s][info][gc,stats    ] Concurrent Cleanup                  473 us
[2026-04-03T03:16:52.603+0600][34.142s][info][gc,stats    ] Concurrent Class Unloading         4666 us
[2026-04-03T03:16:52.603+0600][34.142s][info][gc,stats    ]   Unlink Stale                     4281 us
[2026-04-03T03:16:52.603+0600][34.142s][info][gc,stats    ]     System Dictionary                81 us
[2026-04-03T03:16:52.603+0600][34.142s][info][gc,stats    ]     Weak Class Links                  0 us
[2026-04-03T03:16:52.603+0600][34.142s][info][gc,stats    ]     Code Roots                     4197 us
[2026-04-03T03:16:52.603+0600][34.142s][info][gc,stats    ]   Rendezvous                        128 us
[2026-04-03T03:16:52.603+0600][34.142s][info][gc,stats    ]   Purge Unlinked                    174 us
[2026-04-03T03:16:52.603+0600][34.142s][info][gc,stats    ]     Code Roots                      167 us
[2026-04-03T03:16:52.603+0600][34.142s][info][gc,stats    ]     CLDG                              7 us
[2026-04-03T03:16:52.603+0600][34.142s][info][gc,stats    ]     Exception Caches                  0 us
[2026-04-03T03:16:52.603+0600][34.142s][info][gc,stats    ] Concurrent Strong Roots             887 us, parallelism: 0.57x
[2026-04-03T03:16:52.604+0600][34.142s][info][gc,stats    ]   CSR: <total>                      506 us
[2026-04-03T03:16:52.604+0600][34.142s][info][gc,stats    ]   CSR: VM Strong Roots               20 us, workers (us):  19,   1,   1, ---, ---, ---, 
[2026-04-03T03:16:52.604+0600][34.142s][info][gc,stats    ]   CSR: CLDG Roots                   486 us, workers (us): 486, ---, ---, ---, ---, ---, 
[2026-04-03T03:16:52.604+0600][34.142s][info][gc,stats    ] Concurrent Evacuation             14413 us
[2026-04-03T03:16:52.604+0600][34.142s][info][gc,stats    ] Pause Init Update Refs (G)          395 us
[2026-04-03T03:16:52.604+0600][34.142s][info][gc,stats    ] Pause Init Update Refs (N)           94 us
[2026-04-03T03:16:52.604+0600][34.142s][info][gc,stats    ]   Manage GCLABs                      24 us
[2026-04-03T03:16:52.604+0600][34.142s][info][gc,stats    ] Concurrent Update Refs           178416 us
[2026-04-03T03:16:52.604+0600][34.142s][info][gc,stats    ] Concurrent Update Thread Roots      956 us
[2026-04-03T03:16:52.604+0600][34.142s][info][gc,stats    ] Pause Final Update Refs (G)         774 us
[2026-04-03T03:16:52.604+0600][34.142s][info][gc,stats    ] Pause Final Update Refs (N)         394 us
[2026-04-03T03:16:52.604+0600][34.142s][info][gc,stats    ]   Update Region States               50 us
[2026-04-03T03:16:52.604+0600][34.142s][info][gc,stats    ]   Trash Collection Set               19 us
[2026-04-03T03:16:52.604+0600][34.142s][info][gc,stats    ]   Rebuild Free Set                   40 us
[2026-04-03T03:16:52.604+0600][34.142s][info][gc,stats    ] Concurrent Cleanup                  732 us
[2026-04-03T03:16:52.604+0600][34.142s][info][gc,stats    ] Pacing                           510029 us
[2026-04-03T03:16:52.604+0600][34.142s][info][gc,stats    ] 
[2026-04-03T03:16:52.604+0600][34.142s][info][gc,stats    ] Allocation pacing accrued:
[2026-04-03T03:16:52.604+0600][34.142s][info][gc,stats    ]      11 of   521 ms (  2.1%): RemoteBlock-temp-file-clean-thread
[2026-04-03T03:16:52.604+0600][34.142s][info][gc,stats    ]     177 of   521 ms ( 34.1%): Executor task launch worker for task 1.0 in stage 1.0 (TID 4)
[2026-04-03T03:16:52.604+0600][34.142s][info][gc,stats    ]     175 of   521 ms ( 33.6%): Executor task launch worker for task 2.0 in stage 1.0 (TID 5)
[2026-04-03T03:16:52.604+0600][34.142s][info][gc,stats    ]     146 of   521 ms ( 28.1%): Executor task launch worker for task 0.0 in stage 1.0 (TID 3)
[2026-04-03T03:16:52.604+0600][34.142s][info][gc,stats    ]     510 of   521 ms ( 97.9%): <total>
[2026-04-03T03:16:52.604+0600][34.142s][info][gc,stats    ]       7 of   521 ms (  1.3%): <average total>
[2026-04-03T03:16:52.604+0600][34.142s][info][gc,stats    ]     128 of   521 ms ( 24.5%): <average non-zero>
[2026-04-03T03:16:52.604+0600][34.142s][info][gc,stats    ] 
[2026-04-03T03:16:52.604+0600][34.142s][info][gc,metaspace] Metaspace: 70115K(70976K)->70115K(70976K) NonClass: 61189K(61696K)->61189K(61696K) Class: 8926K(9280K)->8926K(9280K)
[2026-04-03T03:16:52.604+0600][34.142s][info][gc,ergo     ] Pacer for Idle. Initial: 15360K, Alloc Tax Rate: 1.0x
[2026-04-03T03:16:52.605+0600][34.143s][info][gc          ] Trigger: Average GC time (569.29 ms) is above the time for average allocation rate (417 MB/s) to deplete free headroom (206M) (margin of error = 2.01)
[2026-04-03T03:16:52.605+0600][34.143s][info][gc,ergo     ] Free headroom: 243M (free) - 38400K (spike) - 0B (penalties) = 206M
[2026-04-03T03:16:52.605+0600][34.143s][info][gc,ergo     ] Free: 243M, Max: 256K regular, 60160K humongous, Frag: 76% external, 0% internal; Reserve: 38400K, Max: 256K
[2026-04-03T03:16:52.605+0600][34.143s][info][gc,start    ] GC(39) Concurrent reset
[2026-04-03T03:16:52.605+0600][34.143s][info][gc,task     ] GC(39) Using 3 of 6 workers for concurrent reset
[2026-04-03T03:16:52.605+0600][34.144s][info][gc,ergo     ] GC(39) Pacer for Reset. Non-Taxable: 750M
[2026-04-03T03:16:52.607+0600][34.146s][info][gc          ] GC(39) Concurrent reset 2.017ms
[2026-04-03T03:16:52.607+0600][34.146s][info][gc,start    ] GC(39) Pause Init Mark (unload classes)
[2026-04-03T03:16:52.608+0600][34.146s][info][gc,task     ] GC(39) Using 6 of 6 workers for init marking
[2026-04-03T03:16:52.608+0600][34.146s][info][gc,ergo     ] GC(39) Pacer for Mark. Expected Live: 242M, Free: 242M, Non-Taxable: 24785K, Alloc Tax Rate: 1.2x
[2026-04-03T03:16:52.608+0600][34.146s][info][gc          ] GC(39) Pause Init Mark (unload classes) 0.174ms
[2026-04-03T03:16:52.608+0600][34.146s][info][gc,start    ] GC(39) Concurrent marking roots
[2026-04-03T03:16:52.608+0600][34.146s][info][gc,task     ] GC(39) Using 3 of 6 workers for concurrent marking roots
[2026-04-03T03:16:52.608+0600][34.147s][info][gc          ] GC(39) Concurrent marking roots 0.823ms
[2026-04-03T03:16:52.609+0600][34.147s][info][gc,start    ] GC(39) Concurrent marking (unload classes)
[2026-04-03T03:16:52.609+0600][34.147s][info][gc,task     ] GC(39) Using 3 of 6 workers for concurrent marking
[2026-04-03T03:16:53.061+0600][34.599s][info][gc          ] GC(39) Concurrent marking (unload classes) 452.105ms
[2026-04-03T03:16:53.061+0600][34.599s][info][gc,start    ] GC(39) Pause Final Mark (unload classes)
[2026-04-03T03:16:53.061+0600][34.600s][info][gc,task     ] GC(39) Using 6 of 6 workers for final marking
[2026-04-03T03:16:53.062+0600][34.600s][info][gc,ergo     ] GC(39) Adaptive CSet Selection. Target Free: 106M, Actual Free: 243M, Max CSet: 32000K, Min Garbage: 0B
[2026-04-03T03:16:53.062+0600][34.601s][info][gc,ergo     ] GC(39) Collectable Garbage: 220M (94%), Immediate: 18176K (7%), CSet: 202M (86%)
[2026-04-03T03:16:53.062+0600][34.601s][info][gc,ergo     ] GC(39) Pacer for Evacuation. Used CSet: 219M, Free: 206M, Non-Taxable: 21123K, Alloc Tax Rate: 2.6x
[2026-04-03T03:16:53.062+0600][34.601s][info][gc          ] GC(39) Pause Final Mark (unload classes) 1.344ms
[2026-04-03T03:16:53.063+0600][34.601s][info][gc,start    ] GC(39) Concurrent thread roots
[2026-04-03T03:16:53.063+0600][34.601s][info][gc,task     ] GC(39) Using 3 of 6 workers for Concurrent thread roots
[2026-04-03T03:16:53.063+0600][34.602s][info][gc          ] GC(39) Concurrent thread roots 0.907ms
[2026-04-03T03:16:53.063+0600][34.602s][info][gc,start    ] GC(39) Concurrent weak references
[2026-04-03T03:16:53.064+0600][34.602s][info][gc,task     ] GC(39) Using 3 of 6 workers for concurrent weak references
[2026-04-03T03:16:53.064+0600][34.603s][info][gc,ref      ] GC(39) Encountered references: Soft: 3379, Weak: 5907, Final: 82, Phantom: 598
[2026-04-03T03:16:53.064+0600][34.603s][info][gc,ref      ] GC(39) Discovered  references: Soft: 0, Weak: 2971, Final: 0, Phantom: 594
[2026-04-03T03:16:53.064+0600][34.603s][info][gc,ref      ] GC(39) Enqueued    references: Soft: 0, Weak: 0, Final: 0, Phantom: 0
[2026-04-03T03:16:53.064+0600][34.603s][info][gc          ] GC(39) Concurrent weak references 0.959ms
[2026-04-03T03:16:53.064+0600][34.603s][info][gc,start    ] GC(39) Concurrent weak roots
[2026-04-03T03:16:53.064+0600][34.603s][info][gc,task     ] GC(39) Using 3 of 6 workers for concurrent weak root
[2026-04-03T03:16:53.068+0600][34.606s][info][gc          ] GC(39) Concurrent weak roots 3.054ms
[2026-04-03T03:16:53.068+0600][34.606s][info][gc,start    ] GC(39) Concurrent cleanup
[2026-04-03T03:16:53.068+0600][34.607s][info][gc          ] GC(39) Concurrent cleanup 523M->505M(750M) 0.603ms
[2026-04-03T03:16:53.068+0600][34.607s][info][gc,ergo     ] GC(39) Free: 204M, Max: 256K regular, 60160K humongous, Frag: 72% external, 0% internal; Reserve: 38232K, Max: 256K
[2026-04-03T03:16:53.068+0600][34.607s][info][gc,start    ] GC(39) Concurrent class unloading
[2026-04-03T03:16:53.068+0600][34.607s][info][gc,task     ] GC(39) Using 3 of 6 workers for concurrent class unloading
[2026-04-03T03:16:53.075+0600][34.613s][info][gc          ] GC(39) Concurrent class unloading 6.232ms
[2026-04-03T03:16:53.075+0600][34.613s][info][gc,start    ] GC(39) Concurrent strong roots
[2026-04-03T03:16:53.075+0600][34.613s][info][gc,task     ] GC(39) Using 3 of 6 workers for concurrent strong root
[2026-04-03T03:16:53.076+0600][34.614s][info][gc          ] GC(39) Concurrent strong roots 0.954ms
[2026-04-03T03:16:53.076+0600][34.614s][info][gc,start    ] GC(39) Concurrent evacuation
[2026-04-03T03:16:53.076+0600][34.614s][info][gc,task     ] GC(39) Using 3 of 6 workers for concurrent evacuation
[2026-04-03T03:16:53.096+0600][34.634s][info][gc          ] GC(39) Concurrent evacuation 20.468ms
[2026-04-03T03:16:53.096+0600][34.635s][info][gc,start    ] GC(39) Pause Init Update Refs
[2026-04-03T03:16:53.096+0600][34.635s][info][gc,ergo     ] GC(39) Pacer for Update Refs. Used: 533M, Free: 193M, Non-Taxable: 19843K, Alloc Tax Rate: 3.4x
[2026-04-03T03:16:53.097+0600][34.635s][info][gc          ] GC(39) Pause Init Update Refs 0.168ms
[2026-04-03T03:16:53.097+0600][34.635s][info][gc,start    ] GC(39) Concurrent update references
[2026-04-03T03:16:53.097+0600][34.635s][info][gc,task     ] GC(39) Using 3 of 6 workers for concurrent reference update
[2026-04-03T03:16:53.297+0600][34.835s][info][gc          ] GC(39) Concurrent update references 200.291ms
[2026-04-03T03:16:53.297+0600][34.835s][info][gc,start    ] GC(39) Concurrent update thread roots
[2026-04-03T03:16:53.298+0600][34.836s][info][gc          ] GC(39) Concurrent update thread roots 0.887ms
[2026-04-03T03:16:53.298+0600][34.837s][info][gc,start    ] GC(39) Pause Final Update Refs
[2026-04-03T03:16:53.298+0600][34.837s][info][gc,task     ] GC(39) Using 6 of 6 workers for final reference update
[2026-04-03T03:16:53.298+0600][34.837s][info][gc          ] GC(39) Pause Final Update Refs 0.247ms
[2026-04-03T03:16:53.299+0600][34.837s][info][gc,start    ] GC(39) Concurrent cleanup
[2026-04-03T03:16:53.299+0600][34.838s][info][gc          ] GC(39) Concurrent cleanup 585M->366M(750M) 0.778ms
[2026-04-03T03:16:53.299+0600][34.838s][info][gc,ergo     ] Free: 343M, Max: 256K regular, 162M humongous, Frag: 53% external, 0% internal; Reserve: 38400K, Max: 256K
[2026-04-03T03:16:53.300+0600][34.838s][info][gc,stats    ] 
[2026-04-03T03:16:53.300+0600][34.838s][info][gc,stats    ] All times are wall-clock times, except per-root-class counters, that are sum over
[2026-04-03T03:16:53.300+0600][34.838s][info][gc,stats    ] all workers. Dividing the <total> over the root stage time estimates parallelism.
[2026-04-03T03:16:53.300+0600][34.838s][info][gc,stats    ] 
[2026-04-03T03:16:53.300+0600][34.838s][info][gc,stats    ] Concurrent Reset                   2086 us
[2026-04-03T03:16:53.300+0600][34.838s][info][gc,stats    ] Pause Init Mark (G)                 463 us
[2026-04-03T03:16:53.300+0600][34.838s][info][gc,stats    ] Pause Init Mark (N)                 184 us
[2026-04-03T03:16:53.300+0600][34.838s][info][gc,stats    ]   Update Region States               39 us
[2026-04-03T03:16:53.300+0600][34.838s][info][gc,stats    ] Concurrent Mark Roots               872 us, parallelism: 1.31x
[2026-04-03T03:16:53.300+0600][34.838s][info][gc,stats    ]   CMR: <total>                     1143 us
[2026-04-03T03:16:53.300+0600][34.838s][info][gc,stats    ]   CMR: Thread Roots                 846 us, workers (us): 378, 105, 362, ---, ---, ---, 
[2026-04-03T03:16:53.300+0600][34.838s][info][gc,stats    ]   CMR: VM Strong Roots               29 us, workers (us):  22,   6,   1, ---, ---, ---, 
[2026-04-03T03:16:53.300+0600][34.838s][info][gc,stats    ]   CMR: CLDG Roots                   268 us, workers (us): ---, 268, ---, ---, ---, ---, 
[2026-04-03T03:16:53.300+0600][34.838s][info][gc,stats    ] Concurrent Marking               452239 us
[2026-04-03T03:16:53.300+0600][34.838s][info][gc,stats    ] Pause Final Mark (G)               1730 us
[2026-04-03T03:16:53.300+0600][34.838s][info][gc,stats    ] Pause Final Mark (N)               1362 us
[2026-04-03T03:16:53.300+0600][34.838s][info][gc,stats    ]   Finish Mark                       259 us
[2026-04-03T03:16:53.300+0600][34.838s][info][gc,stats    ]   Update Region States               84 us
[2026-04-03T03:16:53.300+0600][34.838s][info][gc,stats    ]   Choose Collection Set             730 us
[2026-04-03T03:16:53.300+0600][34.838s][info][gc,stats    ]   Rebuild Free Set                   48 us
[2026-04-03T03:16:53.300+0600][34.838s][info][gc,stats    ] Concurrent Thread Roots             980 us, parallelism: 1.65x
[2026-04-03T03:16:53.300+0600][34.838s][info][gc,stats    ]   CTR: <total>                     1615 us
[2026-04-03T03:16:53.300+0600][34.838s][info][gc,stats    ]   CTR: Thread Roots                1615 us, workers (us): 552, 502, 561, ---, ---, ---, 
[2026-04-03T03:16:53.300+0600][34.838s][info][gc,stats    ] Concurrent Weak References          979 us, parallelism: 0.84x
[2026-04-03T03:16:53.300+0600][34.838s][info][gc,stats    ]   CWRF: <total>                     824 us
[2026-04-03T03:16:53.300+0600][34.838s][info][gc,stats    ]   CWRF: Weak References             824 us, workers (us): 636, 177,  12, ---, ---, ---, 
[2026-04-03T03:16:53.300+0600][34.838s][info][gc,stats    ] Concurrent Weak Roots              3129 us
[2026-04-03T03:16:53.300+0600][34.838s][info][gc,stats    ]   Roots                            2556 us, parallelism: 2.57x
[2026-04-03T03:16:53.300+0600][34.838s][info][gc,stats    ]     CWR: <total>                   6557 us
[2026-04-03T03:16:53.300+0600][34.838s][info][gc,stats    ]     CWR: Code Cache Roots          4605 us, workers (us): 1536, 1631, 1437, ---, ---, ---, 
[2026-04-03T03:16:53.300+0600][34.838s][info][gc,stats    ]     CWR: VM Weak Roots             1840 us, workers (us): 639, 610, 591, ---, ---, ---, 
[2026-04-03T03:16:53.300+0600][34.838s][info][gc,stats    ]     CWR: CLDG Roots                 112 us, workers (us): ---, ---, 112, ---, ---, ---, 
[2026-04-03T03:16:53.300+0600][34.838s][info][gc,stats    ]   Rendezvous                        456 us
[2026-04-03T03:16:53.300+0600][34.838s][info][gc,stats    ] Concurrent Cleanup                  625 us
[2026-04-03T03:16:53.300+0600][34.838s][info][gc,stats    ] Concurrent Class Unloading         6313 us
[2026-04-03T03:16:53.300+0600][34.838s][info][gc,stats    ]   Unlink Stale                     5764 us
[2026-04-03T03:16:53.300+0600][34.838s][info][gc,stats    ]     System Dictionary               110 us
[2026-04-03T03:16:53.300+0600][34.838s][info][gc,stats    ]     Weak Class Links                  1 us
[2026-04-03T03:16:53.300+0600][34.838s][info][gc,stats    ]     Code Roots                     5649 us
[2026-04-03T03:16:53.300+0600][34.838s][info][gc,stats    ]   Rendezvous                        292 us
[2026-04-03T03:16:53.300+0600][34.838s][info][gc,stats    ]   Purge Unlinked                    139 us
[2026-04-03T03:16:53.300+0600][34.838s][info][gc,stats    ]     Code Roots                      126 us
[2026-04-03T03:16:53.300+0600][34.838s][info][gc,stats    ]     CLDG                             12 us
[2026-04-03T03:16:53.300+0600][34.838s][info][gc,stats    ]     Exception Caches                  0 us
[2026-04-03T03:16:53.300+0600][34.838s][info][gc,stats    ] Concurrent Strong Roots            1003 us, parallelism: 0.70x
[2026-04-03T03:16:53.300+0600][34.838s][info][gc,stats    ]   CSR: <total>                      698 us
[2026-04-03T03:16:53.300+0600][34.838s][info][gc,stats    ]   CSR: VM Strong Roots               25 us, workers (us):  23,   2,   0, ---, ---, ---, 
[2026-04-03T03:16:53.300+0600][34.838s][info][gc,stats    ]   CSR: CLDG Roots                   673 us, workers (us): 673, ---, ---, ---, ---, ---, 
[2026-04-03T03:16:53.300+0600][34.838s][info][gc,stats    ] Concurrent Evacuation             20550 us
[2026-04-03T03:16:53.300+0600][34.838s][info][gc,stats    ] Pause Init Update Refs (G)          473 us
[2026-04-03T03:16:53.300+0600][34.838s][info][gc,stats    ] Pause Init Update Refs (N)          187 us
[2026-04-03T03:16:53.300+0600][34.838s][info][gc,stats    ]   Manage GCLABs                      55 us
[2026-04-03T03:16:53.300+0600][34.838s][info][gc,stats    ] Concurrent Update Refs           200399 us
[2026-04-03T03:16:53.300+0600][34.838s][info][gc,stats    ] Concurrent Update Thread Roots      948 us
[2026-04-03T03:16:53.300+0600][34.838s][info][gc,stats    ] Pause Final Update Refs (G)         636 us
[2026-04-03T03:16:53.300+0600][34.838s][info][gc,stats    ] Pause Final Update Refs (N)         270 us
[2026-04-03T03:16:53.300+0600][34.838s][info][gc,stats    ]   Update Region States               73 us
[2026-04-03T03:16:53.300+0600][34.838s][info][gc,stats    ]   Trash Collection Set               28 us
[2026-04-03T03:16:53.300+0600][34.838s][info][gc,stats    ]   Rebuild Free Set                   48 us
[2026-04-03T03:16:53.300+0600][34.838s][info][gc,stats    ] Concurrent Cleanup                  807 us
[2026-04-03T03:16:53.300+0600][34.838s][info][gc,stats    ] Pacing                           538161 us
[2026-04-03T03:16:53.300+0600][34.838s][info][gc,stats    ] 
[2026-04-03T03:16:53.300+0600][34.838s][info][gc,stats    ] Allocation pacing accrued:
[2026-04-03T03:16:53.300+0600][34.838s][info][gc,stats    ]     255 of   696 ms ( 36.6%): Executor task launch worker for task 1.0 in stage 1.0 (TID 4)
[2026-04-03T03:16:53.300+0600][34.838s][info][gc,stats    ]      23 of   696 ms (  3.2%): Executor task launch worker for task 2.0 in stage 1.0 (TID 5)
[2026-04-03T03:16:53.300+0600][34.838s][info][gc,stats    ]     261 of   696 ms ( 37.4%): Executor task launch worker for task 0.0 in stage 1.0 (TID 3)
[2026-04-03T03:16:53.300+0600][34.838s][info][gc,stats    ]     538 of   696 ms ( 77.3%): <total>
[2026-04-03T03:16:53.300+0600][34.838s][info][gc,stats    ]       7 of   696 ms (  1.0%): <average total>
[2026-04-03T03:16:53.300+0600][34.838s][info][gc,stats    ]     179 of   696 ms ( 25.8%): <average non-zero>
[2026-04-03T03:16:53.300+0600][34.838s][info][gc,stats    ] 
[2026-04-03T03:16:53.300+0600][34.838s][info][gc,metaspace] Metaspace: 70115K(70976K)->70132K(70976K) NonClass: 61189K(61696K)->61203K(61696K) Class: 8926K(9280K)->8928K(9280K)
[2026-04-03T03:16:53.300+0600][34.839s][info][gc,ergo     ] Pacer for Idle. Initial: 15360K, Alloc Tax Rate: 1.0x
[2026-04-03T03:16:53.403+0600][34.941s][info][gc          ] Trigger: Average GC time (791.56 ms) is above the time for average allocation rate (339 MB/s) to deplete free headroom (267M) (margin of error = 2.00)
[2026-04-03T03:16:53.403+0600][34.941s][info][gc,ergo     ] Free headroom: 305M (free) - 38400K (spike) - 0B (penalties) = 267M
[2026-04-03T03:16:53.403+0600][34.941s][info][gc,ergo     ] Free: 305M, Max: 256K regular, 162M humongous, Frag: 47% external, 0% internal; Reserve: 38400K, Max: 256K
[2026-04-03T03:16:53.403+0600][34.941s][info][gc,start    ] GC(40) Concurrent reset
[2026-04-03T03:16:53.403+0600][34.941s][info][gc,task     ] GC(40) Using 3 of 6 workers for concurrent reset
[2026-04-03T03:16:53.403+0600][34.941s][info][gc,ergo     ] GC(40) Pacer for Reset. Non-Taxable: 750M
[2026-04-03T03:16:53.405+0600][34.943s][info][gc          ] GC(40) Concurrent reset 1.772ms
[2026-04-03T03:16:53.405+0600][34.944s][info][gc,start    ] GC(40) Pause Init Mark (unload classes)
[2026-04-03T03:16:53.405+0600][34.944s][info][gc,task     ] GC(40) Using 6 of 6 workers for init marking
[2026-04-03T03:16:53.405+0600][34.944s][info][gc,ergo     ] GC(40) Pacer for Mark. Expected Live: 243M, Free: 304M, Non-Taxable: 31158K, Alloc Tax Rate: 1.0x
[2026-04-03T03:16:53.405+0600][34.944s][info][gc          ] GC(40) Pause Init Mark (unload classes) 0.137ms
[2026-04-03T03:16:53.405+0600][34.944s][info][gc,start    ] GC(40) Concurrent marking roots
[2026-04-03T03:16:53.406+0600][34.944s][info][gc,task     ] GC(40) Using 3 of 6 workers for concurrent marking roots
[2026-04-03T03:16:53.406+0600][34.945s][info][gc          ] GC(40) Concurrent marking roots 0.730ms
[2026-04-03T03:16:53.406+0600][34.945s][info][gc,start    ] GC(40) Concurrent marking (unload classes)
[2026-04-03T03:16:53.406+0600][34.945s][info][gc,task     ] GC(40) Using 3 of 6 workers for concurrent marking
[2026-04-03T03:16:53.898+0600][35.437s][info][gc          ] GC(40) Concurrent marking (unload classes) 492.008ms
[2026-04-03T03:16:53.899+0600][35.437s][info][gc,start    ] GC(40) Pause Final Mark (unload classes)
[2026-04-03T03:16:53.899+0600][35.437s][info][gc,task     ] GC(40) Using 6 of 6 workers for final marking
[2026-04-03T03:16:53.901+0600][35.439s][info][gc,ergo     ] GC(40) Adaptive CSet Selection. Target Free: 106M, Actual Free: 305M, Max CSet: 32000K, Min Garbage: 0B
[2026-04-03T03:16:53.901+0600][35.440s][info][gc,ergo     ] GC(40) Collectable Garbage: 152M (91%), Immediate: 26624K (15%), CSet: 126M (75%)
[2026-04-03T03:16:53.901+0600][35.440s][info][gc,ergo     ] GC(40) Pacer for Evacuation. Used CSet: 133M, Free: 268M, Non-Taxable: 27497K, Alloc Tax Rate: 1.2x
[2026-04-03T03:16:53.901+0600][35.440s][info][gc          ] GC(40) Pause Final Mark (unload classes) 2.742ms
[2026-04-03T03:16:53.902+0600][35.440s][info][gc,start    ] GC(40) Concurrent thread roots
[2026-04-03T03:16:53.902+0600][35.440s][info][gc,task     ] GC(40) Using 3 of 6 workers for Concurrent thread roots
[2026-04-03T03:16:53.902+0600][35.441s][info][gc          ] GC(40) Concurrent thread roots 0.736ms
[2026-04-03T03:16:53.902+0600][35.441s][info][gc,start    ] GC(40) Concurrent weak references
[2026-04-03T03:16:53.902+0600][35.441s][info][gc,task     ] GC(40) Using 3 of 6 workers for concurrent weak references
[2026-04-03T03:16:53.903+0600][35.441s][info][gc,ref      ] GC(40) Encountered references: Soft: 3379, Weak: 5914, Final: 82, Phantom: 596
[2026-04-03T03:16:53.903+0600][35.441s][info][gc,ref      ] GC(40) Discovered  references: Soft: 0, Weak: 2281, Final: 64, Phantom: 593
[2026-04-03T03:16:53.903+0600][35.441s][info][gc,ref      ] GC(40) Enqueued    references: Soft: 0, Weak: 3, Final: 0, Phantom: 0
[2026-04-03T03:16:53.903+0600][35.441s][info][gc          ] GC(40) Concurrent weak references 0.748ms
[2026-04-03T03:16:53.903+0600][35.441s][info][gc,start    ] GC(40) Concurrent weak roots
[2026-04-03T03:16:53.903+0600][35.441s][info][gc,task     ] GC(40) Using 3 of 6 workers for concurrent weak root
[2026-04-03T03:16:53.905+0600][35.444s][info][gc          ] GC(40) Concurrent weak roots 2.380ms
[2026-04-03T03:16:53.906+0600][35.444s][info][gc,start    ] GC(40) Concurrent cleanup
[2026-04-03T03:16:53.906+0600][35.445s][info][gc          ] GC(40) Concurrent cleanup 467M->441M(750M) 0.634ms
[2026-04-03T03:16:53.906+0600][35.445s][info][gc,ergo     ] GC(40) Free: 267M, Max: 256K regular, 162M humongous, Frag: 40% external, 0% internal; Reserve: 38196K, Max: 256K
[2026-04-03T03:16:53.906+0600][35.445s][info][gc,start    ] GC(40) Concurrent class unloading
[2026-04-03T03:16:53.906+0600][35.445s][info][gc,task     ] GC(40) Using 3 of 6 workers for concurrent class unloading
[2026-04-03T03:16:53.913+0600][35.451s][info][gc          ] GC(40) Concurrent class unloading 6.395ms
[2026-04-03T03:16:53.913+0600][35.451s][info][gc,start    ] GC(40) Concurrent strong roots
[2026-04-03T03:16:53.913+0600][35.451s][info][gc,task     ] GC(40) Using 3 of 6 workers for concurrent strong root
[2026-04-03T03:16:53.914+0600][35.452s][info][gc          ] GC(40) Concurrent strong roots 0.924ms
[2026-04-03T03:16:53.914+0600][35.452s][info][gc,start    ] GC(40) Concurrent evacuation
[2026-04-03T03:16:53.914+0600][35.452s][info][gc,task     ] GC(40) Using 3 of 6 workers for concurrent evacuation
[2026-04-03T03:16:53.921+0600][35.460s][info][gc          ] GC(40) Concurrent evacuation 7.769ms
[2026-04-03T03:16:53.922+0600][35.460s][info][gc,start    ] GC(40) Pause Init Update Refs
[2026-04-03T03:16:53.922+0600][35.460s][info][gc,ergo     ] GC(40) Pacer for Update Refs. Used: 451M, Free: 264M, Non-Taxable: 27088K, Alloc Tax Rate: 2.1x
[2026-04-03T03:16:53.922+0600][35.460s][info][gc          ] GC(40) Pause Init Update Refs 0.191ms
[2026-04-03T03:16:53.922+0600][35.460s][info][gc,start    ] GC(40) Concurrent update references
[2026-04-03T03:16:53.922+0600][35.461s][info][gc,task     ] GC(40) Using 3 of 6 workers for concurrent reference update
[2026-04-03T03:16:54.101+0600][35.640s][info][gc          ] GC(40) Concurrent update references 179.065ms
[2026-04-03T03:16:54.101+0600][35.640s][info][gc,start    ] GC(40) Concurrent update thread roots
[2026-04-03T03:16:54.102+0600][35.641s][info][gc          ] GC(40) Concurrent update thread roots 1.043ms
[2026-04-03T03:16:54.103+0600][35.641s][info][gc,start    ] GC(40) Pause Final Update Refs
[2026-04-03T03:16:54.103+0600][35.641s][info][gc,task     ] GC(40) Using 6 of 6 workers for final reference update
[2026-04-03T03:16:54.103+0600][35.641s][info][gc          ] GC(40) Pause Final Update Refs 0.256ms
[2026-04-03T03:16:54.103+0600][35.641s][info][gc,start    ] GC(40) Concurrent cleanup
[2026-04-03T03:16:54.104+0600][35.642s][info][gc          ] GC(40) Concurrent cleanup 497M->364M(750M) 0.737ms
[2026-04-03T03:16:54.104+0600][35.642s][info][gc,ergo     ] Free: 343M, Max: 256K regular, 162M humongous, Frag: 53% external, 0% internal; Reserve: 38400K, Max: 256K
[2026-04-03T03:16:54.104+0600][35.642s][info][gc,stats    ] 
[2026-04-03T03:16:54.104+0600][35.642s][info][gc,stats    ] All times are wall-clock times, except per-root-class counters, that are sum over
[2026-04-03T03:16:54.104+0600][35.642s][info][gc,stats    ] all workers. Dividing the <total> over the root stage time estimates parallelism.
[2026-04-03T03:16:54.104+0600][35.642s][info][gc,stats    ] 
[2026-04-03T03:16:54.104+0600][35.642s][info][gc,stats    ] Concurrent Reset                   1845 us
[2026-04-03T03:16:54.104+0600][35.642s][info][gc,stats    ] Pause Init Mark (G)                 561 us
[2026-04-03T03:16:54.104+0600][35.642s][info][gc,stats    ] Pause Init Mark (N)                 147 us
[2026-04-03T03:16:54.104+0600][35.642s][info][gc,stats    ]   Update Region States               40 us
[2026-04-03T03:16:54.104+0600][35.642s][info][gc,stats    ] Concurrent Mark Roots               775 us, parallelism: 1.40x
[2026-04-03T03:16:54.104+0600][35.642s][info][gc,stats    ]   CMR: <total>                     1088 us
[2026-04-03T03:16:54.104+0600][35.642s][info][gc,stats    ]   CMR: Thread Roots                 839 us, workers (us): 143, 360, 337, ---, ---, ---, 
[2026-04-03T03:16:54.104+0600][35.642s][info][gc,stats    ]   CMR: VM Strong Roots               25 us, workers (us):  24,   1,   0, ---, ---, ---, 
[2026-04-03T03:16:54.104+0600][35.642s][info][gc,stats    ]   CMR: CLDG Roots                   224 us, workers (us): 224, ---, ---, ---, ---, ---, 
[2026-04-03T03:16:54.104+0600][35.642s][info][gc,stats    ] Concurrent Marking               492120 us
[2026-04-03T03:16:54.104+0600][35.642s][info][gc,stats    ] Pause Final Mark (G)               3132 us
[2026-04-03T03:16:54.104+0600][35.642s][info][gc,stats    ] Pause Final Mark (N)               2761 us
[2026-04-03T03:16:54.104+0600][35.642s][info][gc,stats    ]   Finish Mark                       430 us
[2026-04-03T03:16:54.104+0600][35.642s][info][gc,stats    ]   Update Region States               84 us
[2026-04-03T03:16:54.104+0600][35.642s][info][gc,stats    ]   Choose Collection Set             651 us
[2026-04-03T03:16:54.104+0600][35.642s][info][gc,stats    ]   Rebuild Free Set                   61 us
[2026-04-03T03:16:54.104+0600][35.642s][info][gc,stats    ] Concurrent Thread Roots             789 us, parallelism: 1.85x
[2026-04-03T03:16:54.104+0600][35.642s][info][gc,stats    ]   CTR: <total>                     1457 us
[2026-04-03T03:16:54.104+0600][35.642s][info][gc,stats    ]   CTR: Thread Roots                1457 us, workers (us): 532, 475, 450, ---, ---, ---, 
[2026-04-03T03:16:54.104+0600][35.642s][info][gc,stats    ] Concurrent Weak References          763 us, parallelism: 0.93x
[2026-04-03T03:16:54.104+0600][35.643s][info][gc,stats    ]   CWRF: <total>                     710 us
[2026-04-03T03:16:54.104+0600][35.643s][info][gc,stats    ]   CWRF: Weak References             710 us, workers (us): 133, 501,  76, ---, ---, ---, 
[2026-04-03T03:16:54.104+0600][35.643s][info][gc,stats    ] Concurrent Weak Roots              2434 us
[2026-04-03T03:16:54.104+0600][35.643s][info][gc,stats    ]   Roots                            2200 us, parallelism: 2.51x
[2026-04-03T03:16:54.104+0600][35.643s][info][gc,stats    ]     CWR: <total>                   5525 us
[2026-04-03T03:16:54.104+0600][35.643s][info][gc,stats    ]     CWR: Code Cache Roots          3617 us, workers (us): 1278, 1341, 998, ---, ---, ---, 
[2026-04-03T03:16:54.104+0600][35.643s][info][gc,stats    ]     CWR: VM Weak Roots             1771 us, workers (us): 641, 585, 545, ---, ---, ---, 
[2026-04-03T03:16:54.104+0600][35.643s][info][gc,stats    ]     CWR: CLDG Roots                 137 us, workers (us): ---, ---, 137, ---, ---, ---, 
[2026-04-03T03:16:54.104+0600][35.643s][info][gc,stats    ]   Rendezvous                        148 us
[2026-04-03T03:16:54.104+0600][35.643s][info][gc,stats    ] Concurrent Cleanup                  663 us
[2026-04-03T03:16:54.104+0600][35.643s][info][gc,stats    ] Concurrent Class Unloading         6487 us
[2026-04-03T03:16:54.104+0600][35.643s][info][gc,stats    ]   Unlink Stale                     5540 us
[2026-04-03T03:16:54.104+0600][35.643s][info][gc,stats    ]     System Dictionary                98 us
[2026-04-03T03:16:54.104+0600][35.643s][info][gc,stats    ]     Weak Class Links                  0 us
[2026-04-03T03:16:54.104+0600][35.643s][info][gc,stats    ]     Code Roots                     5439 us
[2026-04-03T03:16:54.104+0600][35.643s][info][gc,stats    ]   Rendezvous                        154 us
[2026-04-03T03:16:54.104+0600][35.643s][info][gc,stats    ]   Purge Unlinked                    662 us
[2026-04-03T03:16:54.104+0600][35.643s][info][gc,stats    ]     Code Roots                      644 us
[2026-04-03T03:16:54.104+0600][35.643s][info][gc,stats    ]     CLDG                             17 us
[2026-04-03T03:16:54.104+0600][35.643s][info][gc,stats    ]     Exception Caches                  0 us
[2026-04-03T03:16:54.104+0600][35.643s][info][gc,stats    ] Concurrent Strong Roots             955 us, parallelism: 0.70x
[2026-04-03T03:16:54.104+0600][35.643s][info][gc,stats    ]   CSR: <total>                      672 us
[2026-04-03T03:16:54.104+0600][35.643s][info][gc,stats    ]   CSR: VM Strong Roots               29 us, workers (us):  27,   2,   0, ---, ---, ---, 
[2026-04-03T03:16:54.104+0600][35.643s][info][gc,stats    ]   CSR: CLDG Roots                   642 us, workers (us): 642, ---, ---, ---, ---, ---, 
[2026-04-03T03:16:54.104+0600][35.643s][info][gc,stats    ] Concurrent Evacuation              7867 us
[2026-04-03T03:16:54.104+0600][35.643s][info][gc,stats    ] Pause Init Update Refs (G)          511 us
[2026-04-03T03:16:54.104+0600][35.643s][info][gc,stats    ] Pause Init Update Refs (N)          206 us
[2026-04-03T03:16:54.104+0600][35.643s][info][gc,stats    ]   Manage GCLABs                      80 us
[2026-04-03T03:16:54.104+0600][35.643s][info][gc,stats    ] Concurrent Update Refs           179203 us
[2026-04-03T03:16:54.104+0600][35.643s][info][gc,stats    ] Concurrent Update Thread Roots     1080 us
[2026-04-03T03:16:54.104+0600][35.643s][info][gc,stats    ] Pause Final Update Refs (G)         683 us
[2026-04-03T03:16:54.104+0600][35.643s][info][gc,stats    ] Pause Final Update Refs (N)         271 us
[2026-04-03T03:16:54.104+0600][35.643s][info][gc,stats    ]   Update Region States               94 us
[2026-04-03T03:16:54.104+0600][35.643s][info][gc,stats    ]   Trash Collection Set               17 us
[2026-04-03T03:16:54.104+0600][35.643s][info][gc,stats    ]   Rebuild Free Set                   49 us
[2026-04-03T03:16:54.104+0600][35.643s][info][gc,stats    ] Concurrent Cleanup                  775 us
[2026-04-03T03:16:54.104+0600][35.643s][info][gc,stats    ] Pacing                           190845 us
[2026-04-03T03:16:54.104+0600][35.643s][info][gc,stats    ] 
[2026-04-03T03:16:54.104+0600][35.643s][info][gc,stats    ] Allocation pacing accrued:
[2026-04-03T03:16:54.104+0600][35.643s][info][gc,stats    ]     191 of   804 ms ( 23.7%): Executor task launch worker for task 0.0 in stage 1.0 (TID 3)
[2026-04-03T03:16:54.104+0600][35.643s][info][gc,stats    ]     191 of   804 ms ( 23.7%): <total>
[2026-04-03T03:16:54.104+0600][35.643s][info][gc,stats    ]       3 of   804 ms (  0.3%): <average total>
[2026-04-03T03:16:54.104+0600][35.643s][info][gc,stats    ]     191 of   804 ms ( 23.7%): <average non-zero>
[2026-04-03T03:16:54.104+0600][35.643s][info][gc,stats    ] 
[2026-04-03T03:16:54.104+0600][35.643s][info][gc,metaspace] Metaspace: 70132K(70976K)->70170K(71104K) NonClass: 61203K(61696K)->61237K(61760K) Class: 8928K(9280K)->8933K(9344K)
[2026-04-03T03:16:54.104+0600][35.643s][info][gc,ergo     ] Pacer for Idle. Initial: 15360K, Alloc Tax Rate: 1.0x
[2026-04-03T03:16:54.234+0600][35.772s][info][gc          ] Trigger: Average GC time (817.21 ms) is above the time for average allocation rate (312 MB/s) to deplete free headroom (254M) (margin of error = 1.99)
[2026-04-03T03:16:54.234+0600][35.772s][info][gc,ergo     ] Free headroom: 292M (free) - 38400K (spike) - 0B (penalties) = 254M
[2026-04-03T03:16:54.234+0600][35.773s][info][gc,ergo     ] Free: 292M, Max: 256K regular, 162M humongous, Frag: 45% external, 0% internal; Reserve: 38400K, Max: 256K
[2026-04-03T03:16:54.234+0600][35.773s][info][gc,start    ] GC(41) Concurrent reset
[2026-04-03T03:16:54.234+0600][35.773s][info][gc,task     ] GC(41) Using 3 of 6 workers for concurrent reset
[2026-04-03T03:16:54.234+0600][35.773s][info][gc,ergo     ] GC(41) Pacer for Reset. Non-Taxable: 750M
[2026-04-03T03:16:54.236+0600][35.774s][info][gc          ] GC(41) Concurrent reset 1.535ms
[2026-04-03T03:16:54.236+0600][35.774s][info][gc,start    ] GC(41) Pause Init Mark (unload classes)
[2026-04-03T03:16:54.236+0600][35.774s][info][gc,task     ] GC(41) Using 6 of 6 workers for init marking
[2026-04-03T03:16:54.236+0600][35.775s][info][gc,ergo     ] GC(41) Pacer for Mark. Expected Live: 244M, Free: 291M, Non-Taxable: 29827K, Alloc Tax Rate: 1.0x
[2026-04-03T03:16:54.236+0600][35.775s][info][gc          ] GC(41) Pause Init Mark (unload classes) 0.182ms
[2026-04-03T03:16:54.236+0600][35.775s][info][gc,start    ] GC(41) Concurrent marking roots
[2026-04-03T03:16:54.236+0600][35.775s][info][gc,task     ] GC(41) Using 3 of 6 workers for concurrent marking roots
[2026-04-03T03:16:54.237+0600][35.776s][info][gc          ] GC(41) Concurrent marking roots 0.831ms
[2026-04-03T03:16:54.237+0600][35.776s][info][gc,start    ] GC(41) Concurrent marking (unload classes)
[2026-04-03T03:16:54.237+0600][35.776s][info][gc,task     ] GC(41) Using 3 of 6 workers for concurrent marking
[2026-04-03T03:16:54.583+0600][36.121s][info][gc          ] GC(41) Concurrent marking (unload classes) 345.585ms
[2026-04-03T03:16:54.583+0600][36.122s][info][gc,start    ] GC(41) Pause Final Mark (unload classes)
[2026-04-03T03:16:54.583+0600][36.122s][info][gc,task     ] GC(41) Using 6 of 6 workers for final marking
[2026-04-03T03:16:54.584+0600][36.122s][info][gc,ergo     ] GC(41) Adaptive CSet Selection. Target Free: 106M, Actual Free: 300M, Max CSet: 32000K, Min Garbage: 0B
[2026-04-03T03:16:54.584+0600][36.123s][info][gc,ergo     ] GC(41) Collectable Garbage: 158M (91%), Immediate: 19346K (10%), CSet: 139M (80%)
[2026-04-03T03:16:54.584+0600][36.123s][info][gc,ergo     ] GC(41) Pacer for Evacuation. Used CSet: 143M, Free: 264M, Non-Taxable: 27113K, Alloc Tax Rate: 1.3x
[2026-04-03T03:16:54.584+0600][36.123s][info][gc          ] GC(41) Pause Final Mark (unload classes) 1.226ms
[2026-04-03T03:16:54.585+0600][36.123s][info][gc,start    ] GC(41) Concurrent thread roots
[2026-04-03T03:16:54.585+0600][36.123s][info][gc,task     ] GC(41) Using 3 of 6 workers for Concurrent thread roots
[2026-04-03T03:16:54.585+0600][36.123s][info][gc          ] GC(41) Concurrent thread roots 0.563ms
[2026-04-03T03:16:54.585+0600][36.124s][info][gc,start    ] GC(41) Concurrent weak references
[2026-04-03T03:16:54.585+0600][36.124s][info][gc,task     ] GC(41) Using 3 of 6 workers for concurrent weak references
[2026-04-03T03:16:54.586+0600][36.124s][info][gc,ref      ] GC(41) Encountered references: Soft: 3382, Weak: 5933, Final: 82, Phantom: 598
[2026-04-03T03:16:54.586+0600][36.124s][info][gc,ref      ] GC(41) Discovered  references: Soft: 0, Weak: 789, Final: 0, Phantom: 568
[2026-04-03T03:16:54.586+0600][36.124s][info][gc,ref      ] GC(41) Enqueued    references: Soft: 0, Weak: 6, Final: 0, Phantom: 0
[2026-04-03T03:16:54.586+0600][36.124s][info][gc          ] GC(41) Concurrent weak references 0.515ms
[2026-04-03T03:16:54.586+0600][36.124s][info][gc,start    ] GC(41) Concurrent weak roots
[2026-04-03T03:16:54.586+0600][36.124s][info][gc,task     ] GC(41) Using 3 of 6 workers for concurrent weak root
[2026-04-03T03:16:54.588+0600][36.127s][info][gc          ] GC(41) Concurrent weak roots 2.646ms
[2026-04-03T03:16:54.588+0600][36.127s][info][gc,start    ] GC(41) Concurrent cleanup
[2026-04-03T03:16:54.589+0600][36.127s][info][gc          ] GC(41) Concurrent cleanup 464M->445M(750M) 0.228ms
[2026-04-03T03:16:54.589+0600][36.127s][info][gc,ergo     ] GC(41) Free: 264M, Max: 256K regular, 162M humongous, Frag: 39% external, 0% internal; Reserve: 38287K, Max: 256K
[2026-04-03T03:16:54.589+0600][36.127s][info][gc,start    ] GC(41) Concurrent class unloading
[2026-04-03T03:16:54.589+0600][36.127s][info][gc,task     ] GC(41) Using 3 of 6 workers for concurrent class unloading
[2026-04-03T03:16:54.596+0600][36.134s][info][gc          ] GC(41) Concurrent class unloading 7.149ms
[2026-04-03T03:16:54.596+0600][36.134s][info][gc,start    ] GC(41) Concurrent strong roots
[2026-04-03T03:16:54.596+0600][36.134s][info][gc,task     ] GC(41) Using 3 of 6 workers for concurrent strong root
[2026-04-03T03:16:54.597+0600][36.135s][info][gc          ] GC(41) Concurrent strong roots 1.064ms
[2026-04-03T03:16:54.597+0600][36.136s][info][gc,start    ] GC(41) Concurrent evacuation
[2026-04-03T03:16:54.597+0600][36.136s][info][gc,task     ] GC(41) Using 3 of 6 workers for concurrent evacuation
[2026-04-03T03:16:54.604+0600][36.142s][info][gc          ] GC(41) Concurrent evacuation 6.899ms
[2026-04-03T03:16:54.604+0600][36.143s][info][gc,start    ] GC(41) Pause Init Update Refs
[2026-04-03T03:16:54.605+0600][36.143s][info][gc,ergo     ] GC(41) Pacer for Update Refs. Used: 451M, Free: 262M, Non-Taxable: 26914K, Alloc Tax Rate: 2.1x
[2026-04-03T03:16:54.605+0600][36.143s][info][gc          ] GC(41) Pause Init Update Refs 0.139ms
[2026-04-03T03:16:54.605+0600][36.143s][info][gc,start    ] GC(41) Concurrent update references
[2026-04-03T03:16:54.605+0600][36.143s][info][gc,task     ] GC(41) Using 3 of 6 workers for concurrent reference update
[2026-04-03T03:16:54.734+0600][36.272s][info][gc          ] GC(41) Concurrent update references 129.185ms
[2026-04-03T03:16:54.734+0600][36.272s][info][gc,start    ] GC(41) Concurrent update thread roots
[2026-04-03T03:16:54.735+0600][36.273s][info][gc          ] GC(41) Concurrent update thread roots 0.586ms
[2026-04-03T03:16:54.735+0600][36.273s][info][gc,start    ] GC(41) Pause Final Update Refs
[2026-04-03T03:16:54.735+0600][36.273s][info][gc,task     ] GC(41) Using 6 of 6 workers for final reference update
[2026-04-03T03:16:54.735+0600][36.273s][info][gc          ] GC(41) Pause Final Update Refs 0.174ms
[2026-04-03T03:16:54.735+0600][36.274s][info][gc,start    ] GC(41) Concurrent cleanup
[2026-04-03T03:16:54.735+0600][36.274s][info][gc          ] GC(41) Concurrent cleanup 452M->308M(750M) 0.230ms
[2026-04-03T03:16:54.735+0600][36.274s][info][gc,ergo     ] Free: 400M, Max: 256K regular, 162M humongous, Frag: 60% external, 0% internal; Reserve: 38400K, Max: 256K
[2026-04-03T03:16:54.735+0600][36.274s][info][gc,stats    ] 
[2026-04-03T03:16:54.736+0600][36.274s][info][gc,stats    ] All times are wall-clock times, except per-root-class counters, that are sum over
[2026-04-03T03:16:54.736+0600][36.274s][info][gc,stats    ] all workers. Dividing the <total> over the root stage time estimates parallelism.
[2026-04-03T03:16:54.736+0600][36.274s][info][gc,stats    ] 
[2026-04-03T03:16:54.736+0600][36.274s][info][gc,stats    ] Concurrent Reset                   1603 us
[2026-04-03T03:16:54.736+0600][36.274s][info][gc,stats    ] Pause Init Mark (G)                 533 us
[2026-04-03T03:16:54.736+0600][36.274s][info][gc,stats    ] Pause Init Mark (N)                 196 us
[2026-04-03T03:16:54.736+0600][36.274s][info][gc,stats    ]   Update Region States               41 us
[2026-04-03T03:16:54.736+0600][36.274s][info][gc,stats    ] Concurrent Mark Roots               881 us, parallelism: 1.45x
[2026-04-03T03:16:54.736+0600][36.274s][info][gc,stats    ]   CMR: <total>                     1279 us
[2026-04-03T03:16:54.736+0600][36.274s][info][gc,stats    ]   CMR: Thread Roots                 924 us, workers (us):  96, 414, 414, ---, ---, ---, 
[2026-04-03T03:16:54.736+0600][36.274s][info][gc,stats    ]   CMR: VM Strong Roots               31 us, workers (us):  29,   1,   1, ---, ---, ---, 
[2026-04-03T03:16:54.736+0600][36.274s][info][gc,stats    ]   CMR: CLDG Roots                   324 us, workers (us): 324, ---, ---, ---, ---, ---, 
[2026-04-03T03:16:54.736+0600][36.274s][info][gc,stats    ] Concurrent Marking               345680 us
[2026-04-03T03:16:54.736+0600][36.274s][info][gc,stats    ] Pause Final Mark (G)               1643 us
[2026-04-03T03:16:54.736+0600][36.274s][info][gc,stats    ] Pause Final Mark (N)               1245 us
[2026-04-03T03:16:54.736+0600][36.274s][info][gc,stats    ]   Finish Mark                       326 us
[2026-04-03T03:16:54.736+0600][36.274s][info][gc,stats    ]   Update Region States               73 us
[2026-04-03T03:16:54.736+0600][36.274s][info][gc,stats    ]   Choose Collection Set             648 us
[2026-04-03T03:16:54.736+0600][36.274s][info][gc,stats    ]   Rebuild Free Set                   55 us
[2026-04-03T03:16:54.736+0600][36.274s][info][gc,stats    ] Concurrent Thread Roots             614 us, parallelism: 1.76x
[2026-04-03T03:16:54.736+0600][36.274s][info][gc,stats    ]   CTR: <total>                     1083 us
[2026-04-03T03:16:54.736+0600][36.274s][info][gc,stats    ]   CTR: Thread Roots                1083 us, workers (us): 398, 391, 294, ---, ---, ---, 
[2026-04-03T03:16:54.736+0600][36.274s][info][gc,stats    ] Concurrent Weak References          551 us, parallelism: 0.50x
[2026-04-03T03:16:54.736+0600][36.274s][info][gc,stats    ]   CWRF: <total>                     276 us
[2026-04-03T03:16:54.736+0600][36.274s][info][gc,stats    ]   CWRF: Weak References             276 us, workers (us): 241,  12,  22, ---, ---, ---, 
[2026-04-03T03:16:54.736+0600][36.274s][info][gc,stats    ] Concurrent Weak Roots              2722 us
[2026-04-03T03:16:54.736+0600][36.274s][info][gc,stats    ]   Roots                            2408 us, parallelism: 2.38x
[2026-04-03T03:16:54.736+0600][36.274s][info][gc,stats    ]     CWR: <total>                   5719 us
[2026-04-03T03:16:54.736+0600][36.274s][info][gc,stats    ]     CWR: Code Cache Roots          3902 us, workers (us): 1181, 1481, 1240, ---, ---, ---, 
[2026-04-03T03:16:54.736+0600][36.274s][info][gc,stats    ]     CWR: VM Weak Roots             1695 us, workers (us): 604, 552, 538, ---, ---, ---, 
[2026-04-03T03:16:54.736+0600][36.274s][info][gc,stats    ]     CWR: CLDG Roots                 123 us, workers (us): 123, ---, ---, ---, ---, ---, 
[2026-04-03T03:16:54.736+0600][36.274s][info][gc,stats    ]   Rendezvous                        192 us
[2026-04-03T03:16:54.736+0600][36.274s][info][gc,stats    ] Concurrent Cleanup                  253 us
[2026-04-03T03:16:54.736+0600][36.274s][info][gc,stats    ] Concurrent Class Unloading         7254 us
[2026-04-03T03:16:54.736+0600][36.274s][info][gc,stats    ]   Unlink Stale                     5845 us
[2026-04-03T03:16:54.736+0600][36.274s][info][gc,stats    ]     System Dictionary               114 us
[2026-04-03T03:16:54.736+0600][36.274s][info][gc,stats    ]     Weak Class Links                  1 us
[2026-04-03T03:16:54.736+0600][36.274s][info][gc,stats    ]     Code Roots                     5725 us
[2026-04-03T03:16:54.736+0600][36.274s][info][gc,stats    ]   Rendezvous                        402 us
[2026-04-03T03:16:54.736+0600][36.274s][info][gc,stats    ]   Purge Unlinked                    861 us
[2026-04-03T03:16:54.736+0600][36.274s][info][gc,stats    ]     Code Roots                      826 us
[2026-04-03T03:16:54.736+0600][36.274s][info][gc,stats    ]     CLDG                             34 us
[2026-04-03T03:16:54.736+0600][36.274s][info][gc,stats    ]     Exception Caches                  0 us
[2026-04-03T03:16:54.736+0600][36.274s][info][gc,stats    ] Concurrent Strong Roots            1159 us, parallelism: 0.62x
[2026-04-03T03:16:54.736+0600][36.274s][info][gc,stats    ]   CSR: <total>                      719 us
[2026-04-03T03:16:54.736+0600][36.274s][info][gc,stats    ]   CSR: VM Strong Roots               23 us, workers (us):  22,   2,   0, ---, ---, ---, 
[2026-04-03T03:16:54.736+0600][36.274s][info][gc,stats    ]   CSR: CLDG Roots                   695 us, workers (us): 695, ---, ---, ---, ---, ---, 
[2026-04-03T03:16:54.736+0600][36.274s][info][gc,stats    ] Concurrent Evacuation              7003 us
[2026-04-03T03:16:54.736+0600][36.274s][info][gc,stats    ] Pause Init Update Refs (G)          569 us
[2026-04-03T03:16:54.736+0600][36.274s][info][gc,stats    ] Pause Init Update Refs (N)          151 us
[2026-04-03T03:16:54.736+0600][36.274s][info][gc,stats    ]   Manage GCLABs                      27 us
[2026-04-03T03:16:54.736+0600][36.274s][info][gc,stats    ] Concurrent Update Refs           129261 us
[2026-04-03T03:16:54.736+0600][36.274s][info][gc,stats    ] Concurrent Update Thread Roots      661 us
[2026-04-03T03:16:54.736+0600][36.274s][info][gc,stats    ] Pause Final Update Refs (G)         492 us
[2026-04-03T03:16:54.736+0600][36.274s][info][gc,stats    ] Pause Final Update Refs (N)         187 us
[2026-04-03T03:16:54.736+0600][36.274s][info][gc,stats    ]   Update Region States               43 us
[2026-04-03T03:16:54.736+0600][36.274s][info][gc,stats    ]   Trash Collection Set               14 us
[2026-04-03T03:16:54.736+0600][36.274s][info][gc,stats    ]   Rebuild Free Set                   38 us
[2026-04-03T03:16:54.736+0600][36.274s][info][gc,stats    ] Concurrent Cleanup                  249 us
[2026-04-03T03:16:54.736+0600][36.274s][info][gc,stats    ] 
[2026-04-03T03:16:54.736+0600][36.274s][info][gc,stats    ] Allocation pacing accrued:
[2026-04-03T03:16:54.736+0600][36.274s][info][gc,stats    ]       0 of   632 ms (  0.0%): <total>
[2026-04-03T03:16:54.736+0600][36.274s][info][gc,stats    ]       0 of   632 ms (  0.0%): <average total>
[2026-04-03T03:16:54.736+0600][36.274s][info][gc,stats    ] 
[2026-04-03T03:16:54.736+0600][36.274s][info][gc,metaspace] Metaspace: 70173K(71104K)->70234K(71104K) NonClass: 61240K(61760K)->61291K(61760K) Class: 8933K(9344K)->8942K(9344K)
[2026-04-03T03:16:54.736+0600][36.274s][info][gc,ergo     ] Pacer for Idle. Initial: 15360K, Alloc Tax Rate: 1.0x
[2026-04-03T03:16:55.440+0600][36.979s][info][gc          ] Trigger: Average GC time (764.54 ms) is above the time for average allocation rate (327 MB/s) to deplete free headroom (234M) (margin of error = 1.97)
[2026-04-03T03:16:55.440+0600][36.979s][info][gc,ergo     ] Free headroom: 272M (free) - 38400K (spike) - 0B (penalties) = 234M
[2026-04-03T03:16:55.441+0600][36.979s][info][gc,ergo     ] Free: 272M, Max: 256K regular, 162M humongous, Frag: 41% external, 0% internal; Reserve: 38400K, Max: 256K
[2026-04-03T03:16:55.441+0600][36.979s][info][gc,start    ] GC(42) Concurrent reset
[2026-04-03T03:16:55.441+0600][36.979s][info][gc,task     ] GC(42) Using 3 of 6 workers for concurrent reset
[2026-04-03T03:16:55.441+0600][36.979s][info][gc,ergo     ] GC(42) Pacer for Reset. Non-Taxable: 750M
[2026-04-03T03:16:55.442+0600][36.980s][info][gc          ] GC(42) Concurrent reset 1.395ms
[2026-04-03T03:16:55.442+0600][36.981s][info][gc,start    ] GC(42) Pause Init Mark (unload classes)
[2026-04-03T03:16:55.442+0600][36.981s][info][gc,task     ] GC(42) Using 6 of 6 workers for init marking
[2026-04-03T03:16:55.442+0600][36.981s][info][gc,ergo     ] GC(42) Pacer for Mark. Expected Live: 245M, Free: 271M, Non-Taxable: 27830K, Alloc Tax Rate: 1.1x
[2026-04-03T03:16:55.442+0600][36.981s][info][gc          ] GC(42) Pause Init Mark (unload classes) 0.115ms
[2026-04-03T03:16:55.443+0600][36.981s][info][gc,start    ] GC(42) Concurrent marking roots
[2026-04-03T03:16:55.443+0600][36.981s][info][gc,task     ] GC(42) Using 3 of 6 workers for concurrent marking roots
[2026-04-03T03:16:55.443+0600][36.982s][info][gc          ] GC(42) Concurrent marking roots 0.835ms
[2026-04-03T03:16:55.443+0600][36.982s][info][gc,start    ] GC(42) Concurrent marking (unload classes)
[2026-04-03T03:16:55.443+0600][36.982s][info][gc,task     ] GC(42) Using 3 of 6 workers for concurrent marking
[2026-04-03T03:16:55.686+0600][37.225s][info][gc          ] GC(42) Concurrent marking (unload classes) 243.000ms
[2026-04-03T03:16:55.687+0600][37.225s][info][gc,start    ] GC(42) Pause Final Mark (unload classes)
[2026-04-03T03:16:55.687+0600][37.225s][info][gc,task     ] GC(42) Using 6 of 6 workers for final marking
[2026-04-03T03:16:55.687+0600][37.225s][info][gc,ergo     ] GC(42) Adaptive CSet Selection. Target Free: 106M, Actual Free: 427M, Max CSet: 32000K, Min Garbage: 0B
[2026-04-03T03:16:55.687+0600][37.226s][info][gc,ergo     ] GC(42) Collectable Garbage: 257M (98%), Immediate: 163M (62%), CSet: 96414K (35%)
[2026-04-03T03:16:55.687+0600][37.226s][info][gc,ergo     ] GC(42) Pacer for Evacuation. Used CSet: 120M, Free: 395M, Non-Taxable: 40451K, Alloc Tax Rate: 1.1x
[2026-04-03T03:16:55.687+0600][37.226s][info][gc          ] GC(42) Pause Final Mark (unload classes) 0.798ms
[2026-04-03T03:16:55.687+0600][37.226s][info][gc,start    ] GC(42) Concurrent thread roots
[2026-04-03T03:16:55.688+0600][37.226s][info][gc,task     ] GC(42) Using 3 of 6 workers for Concurrent thread roots
[2026-04-03T03:16:55.688+0600][37.226s][info][gc          ] GC(42) Concurrent thread roots 0.582ms
[2026-04-03T03:16:55.688+0600][37.226s][info][gc,start    ] GC(42) Concurrent weak references
[2026-04-03T03:16:55.688+0600][37.226s][info][gc,task     ] GC(42) Using 3 of 6 workers for concurrent weak references
[2026-04-03T03:16:55.689+0600][37.227s][info][gc,ref      ] GC(42) Encountered references: Soft: 3384, Weak: 6202, Final: 82, Phantom: 597
[2026-04-03T03:16:55.689+0600][37.227s][info][gc,ref      ] GC(42) Discovered  references: Soft: 0, Weak: 1381, Final: 0, Phantom: 211
[2026-04-03T03:16:55.689+0600][37.227s][info][gc,ref      ] GC(42) Enqueued    references: Soft: 0, Weak: 143, Final: 0, Phantom: 0
[2026-04-03T03:16:55.689+0600][37.227s][info][gc          ] GC(42) Concurrent weak references 0.500ms
[2026-04-03T03:16:55.689+0600][37.227s][info][gc,start    ] GC(42) Concurrent weak roots
[2026-04-03T03:16:55.689+0600][37.227s][info][gc,task     ] GC(42) Using 3 of 6 workers for concurrent weak root
[2026-04-03T03:16:55.691+0600][37.229s][info][gc          ] GC(42) Concurrent weak roots 2.186ms
[2026-04-03T03:16:55.691+0600][37.229s][info][gc,start    ] GC(42) Concurrent cleanup
[2026-04-03T03:16:55.691+0600][37.230s][info][gc          ] GC(42) Concurrent cleanup 479M->315M(750M) 0.600ms
[2026-04-03T03:16:55.692+0600][37.230s][info][gc,ergo     ] GC(42) Free: 393M, Max: 256K regular, 172M humongous, Frag: 57% external, 0% internal; Reserve: 37946K, Max: 256K
[2026-04-03T03:16:55.692+0600][37.230s][info][gc,start    ] GC(42) Concurrent class unloading
[2026-04-03T03:16:55.692+0600][37.230s][info][gc,task     ] GC(42) Using 3 of 6 workers for concurrent class unloading
[2026-04-03T03:16:55.698+0600][37.237s][info][gc          ] GC(42) Concurrent class unloading 6.714ms
[2026-04-03T03:16:55.698+0600][37.237s][info][gc,start    ] GC(42) Concurrent strong roots
[2026-04-03T03:16:55.698+0600][37.237s][info][gc,task     ] GC(42) Using 3 of 6 workers for concurrent strong root
[2026-04-03T03:16:55.699+0600][37.238s][info][gc          ] GC(42) Concurrent strong roots 0.926ms
[2026-04-03T03:16:55.699+0600][37.238s][info][gc,start    ] GC(42) Concurrent evacuation
[2026-04-03T03:16:55.699+0600][37.238s][info][gc,task     ] GC(42) Using 3 of 6 workers for concurrent evacuation
[2026-04-03T03:16:55.725+0600][37.264s][info][gc          ] GC(42) Concurrent evacuation 25.965ms
[2026-04-03T03:16:55.726+0600][37.264s][info][gc,start    ] GC(42) Pause Init Update Refs
[2026-04-03T03:16:55.726+0600][37.264s][info][gc,ergo     ] GC(42) Pacer for Update Refs. Used: 348M, Free: 387M, Non-Taxable: 39717K, Alloc Tax Rate: 1.1x
[2026-04-03T03:16:55.726+0600][37.264s][info][gc          ] GC(42) Pause Init Update Refs 0.363ms
[2026-04-03T03:16:55.726+0600][37.265s][info][gc,start    ] GC(42) Concurrent update references
[2026-04-03T03:16:55.726+0600][37.265s][info][gc,task     ] GC(42) Using 3 of 6 workers for concurrent reference update
[2026-04-03T03:16:55.852+0600][37.391s][info][gc          ] GC(42) Concurrent update references 126.121ms
[2026-04-03T03:16:55.852+0600][37.391s][info][gc,start    ] GC(42) Concurrent update thread roots
[2026-04-03T03:16:55.853+0600][37.392s][info][gc          ] GC(42) Concurrent update thread roots 0.704ms
[2026-04-03T03:16:55.854+0600][37.392s][info][gc,start    ] GC(42) Pause Final Update Refs
[2026-04-03T03:16:55.854+0600][37.392s][info][gc,task     ] GC(42) Using 6 of 6 workers for final reference update
[2026-04-03T03:16:55.854+0600][37.392s][info][gc          ] GC(42) Pause Final Update Refs 0.228ms
[2026-04-03T03:16:55.854+0600][37.392s][info][gc,start    ] GC(42) Concurrent cleanup
[2026-04-03T03:16:55.854+0600][37.393s][info][gc          ] GC(42) Concurrent cleanup 395M->275M(750M) 0.618ms
[2026-04-03T03:16:55.855+0600][37.393s][info][gc,ergo     ] Free: 433M, Max: 256K regular, 172M humongous, Frag: 61% external, 0% internal; Reserve: 38400K, Max: 256K
[2026-04-03T03:16:55.855+0600][37.393s][info][gc,stats    ] 
[2026-04-03T03:16:55.855+0600][37.393s][info][gc,stats    ] All times are wall-clock times, except per-root-class counters, that are sum over
[2026-04-03T03:16:55.855+0600][37.393s][info][gc,stats    ] all workers. Dividing the <total> over the root stage time estimates parallelism.
[2026-04-03T03:16:55.855+0600][37.393s][info][gc,stats    ] 
[2026-04-03T03:16:55.855+0600][37.393s][info][gc,stats    ] Concurrent Reset                   1462 us
[2026-04-03T03:16:55.855+0600][37.393s][info][gc,stats    ] Pause Init Mark (G)                 558 us
[2026-04-03T03:16:55.855+0600][37.393s][info][gc,stats    ] Pause Init Mark (N)                 128 us
[2026-04-03T03:16:55.855+0600][37.393s][info][gc,stats    ]   Update Region States               30 us
[2026-04-03T03:16:55.855+0600][37.393s][info][gc,stats    ] Concurrent Mark Roots               870 us, parallelism: 1.55x
[2026-04-03T03:16:55.855+0600][37.393s][info][gc,stats    ]   CMR: <total>                     1353 us
[2026-04-03T03:16:55.855+0600][37.393s][info][gc,stats    ]   CMR: Thread Roots                1050 us, workers (us): 204, 436, 410, ---, ---, ---, 
[2026-04-03T03:16:55.855+0600][37.393s][info][gc,stats    ]   CMR: VM Strong Roots               25 us, workers (us):  23,   1,   1, ---, ---, ---, 
[2026-04-03T03:16:55.855+0600][37.393s][info][gc,stats    ]   CMR: CLDG Roots                   278 us, workers (us): 278, ---, ---, ---, ---, ---, 
[2026-04-03T03:16:55.855+0600][37.393s][info][gc,stats    ] Concurrent Marking               243072 us
[2026-04-03T03:16:55.855+0600][37.393s][info][gc,stats    ] Pause Final Mark (G)                945 us
[2026-04-03T03:16:55.855+0600][37.393s][info][gc,stats    ] Pause Final Mark (N)                812 us
[2026-04-03T03:16:55.855+0600][37.393s][info][gc,stats    ]   Finish Mark                       279 us
[2026-04-03T03:16:55.855+0600][37.393s][info][gc,stats    ]   Update Region States               51 us
[2026-04-03T03:16:55.855+0600][37.393s][info][gc,stats    ]   Choose Collection Set             329 us
[2026-04-03T03:16:55.855+0600][37.393s][info][gc,stats    ]   Rebuild Free Set                   42 us
[2026-04-03T03:16:55.855+0600][37.393s][info][gc,stats    ] Concurrent Thread Roots             616 us, parallelism: 1.59x
[2026-04-03T03:16:55.855+0600][37.393s][info][gc,stats    ]   CTR: <total>                      982 us
[2026-04-03T03:16:55.855+0600][37.393s][info][gc,stats    ]   CTR: Thread Roots                 982 us, workers (us): 381, 308, 294, ---, ---, ---, 
[2026-04-03T03:16:55.855+0600][37.393s][info][gc,stats    ] Concurrent Weak References          512 us, parallelism: 0.64x
[2026-04-03T03:16:55.855+0600][37.393s][info][gc,stats    ]   CWRF: <total>                     329 us
[2026-04-03T03:16:55.855+0600][37.393s][info][gc,stats    ]   CWRF: Weak References             329 us, workers (us): 307,  20,   1, ---, ---, ---, 
[2026-04-03T03:16:55.855+0600][37.393s][info][gc,stats    ] Concurrent Weak Roots              2254 us
[2026-04-03T03:16:55.855+0600][37.393s][info][gc,stats    ]   Roots                            1997 us, parallelism: 2.35x
[2026-04-03T03:16:55.855+0600][37.393s][info][gc,stats    ]     CWR: <total>                   4696 us
[2026-04-03T03:16:55.855+0600][37.393s][info][gc,stats    ]     CWR: Code Cache Roots          3057 us, workers (us): 894, 1145, 1017, ---, ---, ---, 
[2026-04-03T03:16:55.855+0600][37.393s][info][gc,stats    ]     CWR: VM Weak Roots             1556 us, workers (us): 545, 529, 482, ---, ---, ---, 
[2026-04-03T03:16:55.855+0600][37.393s][info][gc,stats    ]     CWR: CLDG Roots                  84 us, workers (us):  84, ---, ---, ---, ---, ---, 
[2026-04-03T03:16:55.855+0600][37.393s][info][gc,stats    ]   Rendezvous                        161 us
[2026-04-03T03:16:55.855+0600][37.393s][info][gc,stats    ] Concurrent Cleanup                  617 us
[2026-04-03T03:16:55.855+0600][37.393s][info][gc,stats    ] Concurrent Class Unloading         6811 us
[2026-04-03T03:16:55.855+0600][37.393s][info][gc,stats    ]   Unlink Stale                     5146 us
[2026-04-03T03:16:55.855+0600][37.393s][info][gc,stats    ]     System Dictionary                87 us
[2026-04-03T03:16:55.855+0600][37.393s][info][gc,stats    ]     Weak Class Links                  0 us
[2026-04-03T03:16:55.855+0600][37.393s][info][gc,stats    ]     Code Roots                     5055 us
[2026-04-03T03:16:55.855+0600][37.393s][info][gc,stats    ]   Rendezvous                        288 us
[2026-04-03T03:16:55.855+0600][37.393s][info][gc,stats    ]   Purge Unlinked                   1254 us
[2026-04-03T03:16:55.855+0600][37.393s][info][gc,stats    ]     Code Roots                     1224 us
[2026-04-03T03:16:55.855+0600][37.393s][info][gc,stats    ]     CLDG                             29 us
[2026-04-03T03:16:55.855+0600][37.393s][info][gc,stats    ]     Exception Caches                  0 us
[2026-04-03T03:16:55.855+0600][37.393s][info][gc,stats    ] Concurrent Strong Roots             978 us, parallelism: 0.65x
[2026-04-03T03:16:55.855+0600][37.393s][info][gc,stats    ]   CSR: <total>                      633 us
[2026-04-03T03:16:55.855+0600][37.393s][info][gc,stats    ]   CSR: VM Strong Roots               38 us, workers (us):  23,  15,   0, ---, ---, ---, 
[2026-04-03T03:16:55.855+0600][37.393s][info][gc,stats    ]   CSR: CLDG Roots                   595 us, workers (us): ---, 595, ---, ---, ---, ---, 
[2026-04-03T03:16:55.855+0600][37.393s][info][gc,stats    ] Concurrent Evacuation             26101 us
[2026-04-03T03:16:55.855+0600][37.393s][info][gc,stats    ] Pause Init Update Refs (G)          817 us
[2026-04-03T03:16:55.855+0600][37.393s][info][gc,stats    ] Pause Init Update Refs (N)          393 us
[2026-04-03T03:16:55.855+0600][37.393s][info][gc,stats    ]   Manage GCLABs                      20 us
[2026-04-03T03:16:55.855+0600][37.393s][info][gc,stats    ] Concurrent Update Refs           126214 us
[2026-04-03T03:16:55.855+0600][37.393s][info][gc,stats    ] Concurrent Update Thread Roots      786 us
[2026-04-03T03:16:55.855+0600][37.393s][info][gc,stats    ] Pause Final Update Refs (G)         585 us
[2026-04-03T03:16:55.855+0600][37.393s][info][gc,stats    ] Pause Final Update Refs (N)         242 us
[2026-04-03T03:16:55.855+0600][37.393s][info][gc,stats    ]   Update Region States               45 us
[2026-04-03T03:16:55.855+0600][37.393s][info][gc,stats    ]   Trash Collection Set               16 us
[2026-04-03T03:16:55.855+0600][37.393s][info][gc,stats    ]   Rebuild Free Set                   78 us
[2026-04-03T03:16:55.855+0600][37.393s][info][gc,stats    ] Concurrent Cleanup                  639 us
[2026-04-03T03:16:55.855+0600][37.393s][info][gc,stats    ] Pacing                           302499 us
[2026-04-03T03:16:55.855+0600][37.393s][info][gc,stats    ] 
[2026-04-03T03:16:55.855+0600][37.393s][info][gc,stats    ] Allocation pacing accrued:
[2026-04-03T03:16:55.855+0600][37.393s][info][gc,stats    ]     100 of  1119 ms (  9.0%): Executor task launch worker for task 1.0 in stage 2.0 (TID 7)
[2026-04-03T03:16:55.855+0600][37.393s][info][gc,stats    ]     101 of  1119 ms (  9.0%): Executor task launch worker for task 2.0 in stage 2.0 (TID 8)
[2026-04-03T03:16:55.855+0600][37.393s][info][gc,stats    ]     101 of  1119 ms (  9.0%): Executor task launch worker for task 0.0 in stage 2.0 (TID 6)
[2026-04-03T03:16:55.855+0600][37.393s][info][gc,stats    ]     302 of  1119 ms ( 27.0%): <total>
[2026-04-03T03:16:55.855+0600][37.393s][info][gc,stats    ]       4 of  1119 ms (  0.3%): <average total>
[2026-04-03T03:16:55.855+0600][37.393s][info][gc,stats    ]     101 of  1119 ms (  9.0%): <average non-zero>
[2026-04-03T03:16:55.855+0600][37.393s][info][gc,stats    ] 
[2026-04-03T03:16:55.855+0600][37.393s][info][gc,metaspace] Metaspace: 70290K(71168K)->70294K(71168K) NonClass: 61339K(61824K)->61343K(61824K) Class: 8951K(9344K)->8951K(9344K)
[2026-04-03T03:16:55.855+0600][37.393s][info][gc,ergo     ] Pacer for Idle. Initial: 15360K, Alloc Tax Rate: 1.0x
[2026-04-03T03:16:55.957+0600][37.495s][info][gc          ] Trigger: Average GC time (701.40 ms) is above the time for average allocation rate (606 MB/s) to deplete free headroom (303M) (margin of error = 1.95)
[2026-04-03T03:16:55.957+0600][37.495s][info][gc,ergo     ] Free headroom: 340M (free) - 38400K (spike) - 0B (penalties) = 303M
[2026-04-03T03:16:55.957+0600][37.496s][info][gc,ergo     ] Free: 340M, Max: 256K regular, 172M humongous, Frag: 50% external, 0% internal; Reserve: 38400K, Max: 256K
[2026-04-03T03:16:55.957+0600][37.496s][info][gc,start    ] GC(43) Concurrent reset
[2026-04-03T03:16:55.957+0600][37.496s][info][gc,task     ] GC(43) Using 3 of 6 workers for concurrent reset
[2026-04-03T03:16:55.957+0600][37.496s][info][gc,ergo     ] GC(43) Pacer for Reset. Non-Taxable: 750M
[2026-04-03T03:16:55.958+0600][37.497s][info][gc          ] GC(43) Concurrent reset 1.076ms
[2026-04-03T03:16:55.959+0600][37.497s][info][gc,start    ] GC(43) Pause Init Mark (unload classes)
[2026-04-03T03:16:55.959+0600][37.497s][info][gc,task     ] GC(43) Using 6 of 6 workers for init marking
[2026-04-03T03:16:55.959+0600][37.497s][info][gc,ergo     ] GC(43) Pacer for Mark. Expected Live: 229M, Free: 339M, Non-Taxable: 34802K, Alloc Tax Rate: 0.8x
[2026-04-03T03:16:55.959+0600][37.497s][info][gc          ] GC(43) Pause Init Mark (unload classes) 0.146ms
[2026-04-03T03:16:55.959+0600][37.497s][info][gc,start    ] GC(43) Concurrent marking roots
[2026-04-03T03:16:55.959+0600][37.497s][info][gc,task     ] GC(43) Using 3 of 6 workers for concurrent marking roots
[2026-04-03T03:16:55.960+0600][37.498s][info][gc          ] GC(43) Concurrent marking roots 0.780ms
[2026-04-03T03:16:55.960+0600][37.498s][info][gc,start    ] GC(43) Concurrent marking (unload classes)
[2026-04-03T03:16:55.960+0600][37.498s][info][gc,task     ] GC(43) Using 3 of 6 workers for concurrent marking
[2026-04-03T03:16:56.346+0600][37.884s][info][gc          ] GC(43) Concurrent marking (unload classes) 386.229ms
[2026-04-03T03:16:56.346+0600][37.885s][info][gc,start    ] GC(43) Pause Final Mark (unload classes)
[2026-04-03T03:16:56.346+0600][37.885s][info][gc,task     ] GC(43) Using 6 of 6 workers for final marking
[2026-04-03T03:16:56.347+0600][37.885s][info][gc,ergo     ] GC(43) Adaptive CSet Selection. Target Free: 106M, Actual Free: 361M, Max CSet: 32000K, Min Garbage: 0B
[2026-04-03T03:16:56.347+0600][37.886s][info][gc,ergo     ] GC(43) Collectable Garbage: 126M (86%), Immediate: 13568K (9%), CSet: 113M (77%)
[2026-04-03T03:16:56.347+0600][37.886s][info][gc,ergo     ] GC(43) Pacer for Evacuation. Used CSet: 144M, Free: 327M, Non-Taxable: 33488K, Alloc Tax Rate: 1.1x
[2026-04-03T03:16:56.348+0600][37.886s][info][gc          ] GC(43) Pause Final Mark (unload classes) 1.280ms
[2026-04-03T03:16:56.348+0600][37.886s][info][gc,start    ] GC(43) Concurrent thread roots
[2026-04-03T03:16:56.348+0600][37.886s][info][gc,task     ] GC(43) Using 3 of 6 workers for Concurrent thread roots
[2026-04-03T03:16:56.348+0600][37.887s][info][gc          ] GC(43) Concurrent thread roots 0.676ms
[2026-04-03T03:16:56.348+0600][37.887s][info][gc,start    ] GC(43) Concurrent weak references
[2026-04-03T03:16:56.348+0600][37.887s][info][gc,task     ] GC(43) Using 3 of 6 workers for concurrent weak references
[2026-04-03T03:16:56.349+0600][37.888s][info][gc,ref      ] GC(43) Encountered references: Soft: 3387, Weak: 6068, Final: 82, Phantom: 596
[2026-04-03T03:16:56.349+0600][37.888s][info][gc,ref      ] GC(43) Discovered  references: Soft: 0, Weak: 2894, Final: 82, Phantom: 593
[2026-04-03T03:16:56.349+0600][37.888s][info][gc,ref      ] GC(43) Enqueued    references: Soft: 0, Weak: 44, Final: 0, Phantom: 0
[2026-04-03T03:16:56.349+0600][37.888s][info][gc          ] GC(43) Concurrent weak references 0.989ms
[2026-04-03T03:16:56.349+0600][37.888s][info][gc,start    ] GC(43) Concurrent weak roots
[2026-04-03T03:16:56.349+0600][37.888s][info][gc,task     ] GC(43) Using 3 of 6 workers for concurrent weak root
[2026-04-03T03:16:56.352+0600][37.890s][info][gc          ] GC(43) Concurrent weak roots 2.434ms
[2026-04-03T03:16:56.352+0600][37.890s][info][gc,start    ] GC(43) Concurrent cleanup
[2026-04-03T03:16:56.352+0600][37.891s][info][gc          ] GC(43) Concurrent cleanup 396M->383M(750M) 0.207ms
[2026-04-03T03:16:56.352+0600][37.891s][info][gc,ergo     ] GC(43) Free: 326M, Max: 256K regular, 172M humongous, Frag: 48% external, 0% internal; Reserve: 38160K, Max: 256K
[2026-04-03T03:16:56.352+0600][37.891s][info][gc,start    ] GC(43) Concurrent class unloading
[2026-04-03T03:16:56.352+0600][37.891s][info][gc,task     ] GC(43) Using 3 of 6 workers for concurrent class unloading
[2026-04-03T03:16:56.357+0600][37.896s][info][gc          ] GC(43) Concurrent class unloading 5.204ms
[2026-04-03T03:16:56.358+0600][37.896s][info][gc,start    ] GC(43) Concurrent strong roots
[2026-04-03T03:16:56.358+0600][37.896s][info][gc,task     ] GC(43) Using 3 of 6 workers for concurrent strong root
[2026-04-03T03:16:56.358+0600][37.897s][info][gc          ] GC(43) Concurrent strong roots 0.775ms
[2026-04-03T03:16:56.358+0600][37.897s][info][gc,start    ] GC(43) Concurrent evacuation
[2026-04-03T03:16:56.358+0600][37.897s][info][gc,task     ] GC(43) Using 3 of 6 workers for concurrent evacuation
[2026-04-03T03:16:56.383+0600][37.922s][info][gc          ] GC(43) Concurrent evacuation 24.975ms
[2026-04-03T03:16:56.384+0600][37.922s][info][gc,start    ] GC(43) Pause Init Update Refs
[2026-04-03T03:16:56.384+0600][37.922s][info][gc,ergo     ] GC(43) Pacer for Update Refs. Used: 417M, Free: 324M, Non-Taxable: 33206K, Alloc Tax Rate: 1.6x
[2026-04-03T03:16:56.384+0600][37.922s][info][gc          ] GC(43) Pause Init Update Refs 0.145ms
[2026-04-03T03:16:56.384+0600][37.922s][info][gc,start    ] GC(43) Concurrent update references
[2026-04-03T03:16:56.384+0600][37.922s][info][gc,task     ] GC(43) Using 3 of 6 workers for concurrent reference update
[2026-04-03T03:16:56.548+0600][38.087s][info][gc          ] GC(43) Concurrent update references 164.407ms
[2026-04-03T03:16:56.548+0600][38.087s][info][gc,start    ] GC(43) Concurrent update thread roots
[2026-04-03T03:16:56.549+0600][38.088s][info][gc          ] GC(43) Concurrent update thread roots 0.815ms
[2026-04-03T03:16:56.549+0600][38.088s][info][gc,start    ] GC(43) Pause Final Update Refs
[2026-04-03T03:16:56.550+0600][38.088s][info][gc,task     ] GC(43) Using 6 of 6 workers for final reference update
[2026-04-03T03:16:56.550+0600][38.088s][info][gc          ] GC(43) Pause Final Update Refs 0.176ms
[2026-04-03T03:16:56.550+0600][38.088s][info][gc,start    ] GC(43) Concurrent cleanup
[2026-04-03T03:16:56.550+0600][38.088s][info][gc          ] GC(43) Concurrent cleanup 449M->304M(750M) 0.284ms
[2026-04-03T03:16:56.550+0600][38.089s][info][gc,ergo     ] Free: 404M, Max: 256K regular, 172M humongous, Frag: 58% external, 0% internal; Reserve: 38400K, Max: 256K
[2026-04-03T03:16:56.550+0600][38.089s][info][gc,stats    ] 
[2026-04-03T03:16:56.550+0600][38.089s][info][gc,stats    ] All times are wall-clock times, except per-root-class counters, that are sum over
[2026-04-03T03:16:56.550+0600][38.089s][info][gc,stats    ] all workers. Dividing the <total> over the root stage time estimates parallelism.
[2026-04-03T03:16:56.550+0600][38.089s][info][gc,stats    ] 
[2026-04-03T03:16:56.550+0600][38.089s][info][gc,stats    ] Concurrent Reset                   1132 us
[2026-04-03T03:16:56.550+0600][38.089s][info][gc,stats    ] Pause Init Mark (G)                 526 us
[2026-04-03T03:16:56.550+0600][38.089s][info][gc,stats    ] Pause Init Mark (N)                 155 us
[2026-04-03T03:16:56.550+0600][38.089s][info][gc,stats    ]   Update Region States               50 us
[2026-04-03T03:16:56.550+0600][38.089s][info][gc,stats    ] Concurrent Mark Roots               841 us, parallelism: 1.45x
[2026-04-03T03:16:56.550+0600][38.089s][info][gc,stats    ]   CMR: <total>                     1216 us
[2026-04-03T03:16:56.550+0600][38.089s][info][gc,stats    ]   CMR: Thread Roots                 882 us, workers (us): 116, 402, 364, ---, ---, ---, 
[2026-04-03T03:16:56.550+0600][38.089s][info][gc,stats    ]   CMR: VM Strong Roots               28 us, workers (us):  26,   1,   1, ---, ---, ---, 
[2026-04-03T03:16:56.550+0600][38.089s][info][gc,stats    ]   CMR: CLDG Roots                   306 us, workers (us): 306, ---, ---, ---, ---, ---, 
[2026-04-03T03:16:56.550+0600][38.089s][info][gc,stats    ] Concurrent Marking               386319 us
[2026-04-03T03:16:56.550+0600][38.089s][info][gc,stats    ] Pause Final Mark (G)               1642 us
[2026-04-03T03:16:56.550+0600][38.089s][info][gc,stats    ] Pause Final Mark (N)               1299 us
[2026-04-03T03:16:56.550+0600][38.089s][info][gc,stats    ]   Finish Mark                       323 us
[2026-04-03T03:16:56.550+0600][38.089s][info][gc,stats    ]   Update Region States               90 us
[2026-04-03T03:16:56.550+0600][38.089s][info][gc,stats    ]   Choose Collection Set             642 us
[2026-04-03T03:16:56.550+0600][38.089s][info][gc,stats    ]   Rebuild Free Set                   91 us
[2026-04-03T03:16:56.550+0600][38.089s][info][gc,stats    ] Concurrent Thread Roots             718 us, parallelism: 1.90x
[2026-04-03T03:16:56.550+0600][38.089s][info][gc,stats    ]   CTR: <total>                     1366 us
[2026-04-03T03:16:56.550+0600][38.089s][info][gc,stats    ]   CTR: Thread Roots                1366 us, workers (us): 468, 463, 434, ---, ---, ---, 
[2026-04-03T03:16:56.550+0600][38.089s][info][gc,stats    ] Concurrent Weak References         1006 us, parallelism: 0.77x
[2026-04-03T03:16:56.550+0600][38.089s][info][gc,stats    ]   CWRF: <total>                     774 us
[2026-04-03T03:16:56.550+0600][38.089s][info][gc,stats    ]   CWRF: Weak References             774 us, workers (us): 732,  31,  12, ---, ---, ---, 
[2026-04-03T03:16:56.550+0600][38.089s][info][gc,stats    ] Concurrent Weak Roots              2499 us
[2026-04-03T03:16:56.550+0600][38.089s][info][gc,stats    ]   Roots                            2147 us, parallelism: 2.42x
[2026-04-03T03:16:56.551+0600][38.089s][info][gc,stats    ]     CWR: <total>                   5190 us
[2026-04-03T03:16:56.551+0600][38.089s][info][gc,stats    ]     CWR: Code Cache Roots          3453 us, workers (us): 1107, 1174, 1172, ---, ---, ---, 
[2026-04-03T03:16:56.551+0600][38.089s][info][gc,stats    ]     CWR: VM Weak Roots             1689 us, workers (us): 604, 568, 517, ---, ---, ---, 
[2026-04-03T03:16:56.551+0600][38.089s][info][gc,stats    ]     CWR: CLDG Roots                  47 us, workers (us): ---,  47, ---, ---, ---, ---, 
[2026-04-03T03:16:56.551+0600][38.089s][info][gc,stats    ]   Rendezvous                        245 us
[2026-04-03T03:16:56.551+0600][38.089s][info][gc,stats    ] Concurrent Cleanup                  222 us
[2026-04-03T03:16:56.551+0600][38.089s][info][gc,stats    ] Concurrent Class Unloading         5283 us
[2026-04-03T03:16:56.551+0600][38.089s][info][gc,stats    ]   Unlink Stale                     4727 us
[2026-04-03T03:16:56.551+0600][38.089s][info][gc,stats    ]     System Dictionary                93 us
[2026-04-03T03:16:56.551+0600][38.089s][info][gc,stats    ]     Weak Class Links                  0 us
[2026-04-03T03:16:56.551+0600][38.089s][info][gc,stats    ]     Code Roots                     4630 us
[2026-04-03T03:16:56.551+0600][38.089s][info][gc,stats    ]   Rendezvous                        270 us
[2026-04-03T03:16:56.551+0600][38.089s][info][gc,stats    ]   Purge Unlinked                    171 us
[2026-04-03T03:16:56.551+0600][38.089s][info][gc,stats    ]     Code Roots                      163 us
[2026-04-03T03:16:56.551+0600][38.089s][info][gc,stats    ]     CLDG                              8 us
[2026-04-03T03:16:56.551+0600][38.089s][info][gc,stats    ]     Exception Caches                  0 us
[2026-04-03T03:16:56.551+0600][38.089s][info][gc,stats    ] Concurrent Strong Roots             814 us, parallelism: 0.55x
[2026-04-03T03:16:56.551+0600][38.089s][info][gc,stats    ]   CSR: <total>                      450 us
[2026-04-03T03:16:56.551+0600][38.089s][info][gc,stats    ]   CSR: VM Strong Roots               28 us, workers (us):  26,   2,   0, ---, ---, ---, 
[2026-04-03T03:16:56.551+0600][38.089s][info][gc,stats    ]   CSR: CLDG Roots                   422 us, workers (us): 422, ---, ---, ---, ---, ---, 
[2026-04-03T03:16:56.551+0600][38.089s][info][gc,stats    ] Concurrent Evacuation             25092 us
[2026-04-03T03:16:56.551+0600][38.089s][info][gc,stats    ] Pause Init Update Refs (G)          482 us
[2026-04-03T03:16:56.551+0600][38.089s][info][gc,stats    ] Pause Init Update Refs (N)          158 us
[2026-04-03T03:16:56.551+0600][38.089s][info][gc,stats    ]   Manage GCLABs                      27 us
[2026-04-03T03:16:56.551+0600][38.089s][info][gc,stats    ] Concurrent Update Refs           164495 us
[2026-04-03T03:16:56.551+0600][38.089s][info][gc,stats    ] Concurrent Update Thread Roots      861 us
[2026-04-03T03:16:56.551+0600][38.089s][info][gc,stats    ] Pause Final Update Refs (G)         497 us
[2026-04-03T03:16:56.551+0600][38.089s][info][gc,stats    ] Pause Final Update Refs (N)         201 us
[2026-04-03T03:16:56.551+0600][38.089s][info][gc,stats    ]   Update Region States               59 us
[2026-04-03T03:16:56.551+0600][38.089s][info][gc,stats    ]   Trash Collection Set               19 us
[2026-04-03T03:16:56.551+0600][38.089s][info][gc,stats    ]   Rebuild Free Set                   39 us
[2026-04-03T03:16:56.551+0600][38.089s][info][gc,stats    ] Concurrent Cleanup                  312 us
[2026-04-03T03:16:56.551+0600][38.089s][info][gc,stats    ] 
[2026-04-03T03:16:56.551+0600][38.089s][info][gc,stats    ] Allocation pacing accrued:
[2026-04-03T03:16:56.551+0600][38.089s][info][gc,stats    ]       0 of   696 ms (  0.0%): <total>
[2026-04-03T03:16:56.551+0600][38.089s][info][gc,stats    ]       0 of   696 ms (  0.0%): <average total>
[2026-04-03T03:16:56.551+0600][38.089s][info][gc,stats    ] 
[2026-04-03T03:16:56.551+0600][38.089s][info][gc,metaspace] Metaspace: 70304K(71168K)->70310K(71168K) NonClass: 61353K(61824K)->61359K(61824K) Class: 8951K(9344K)->8951K(9344K)
[2026-04-03T03:16:56.551+0600][38.089s][info][gc,ergo     ] Pacer for Idle. Initial: 15360K, Alloc Tax Rate: 1.0x
[2026-04-03T03:16:56.652+0600][38.191s][info][gc          ] Trigger: Average GC time (717.34 ms) is above the time for average allocation rate (502 MB/s) to deplete free headroom (303M) (margin of error = 1.94)
[2026-04-03T03:16:56.652+0600][38.191s][info][gc,ergo     ] Free headroom: 340M (free) - 38400K (spike) - 0B (penalties) = 303M
[2026-04-03T03:16:56.652+0600][38.191s][info][gc,ergo     ] Free: 340M, Max: 256K regular, 172M humongous, Frag: 50% external, 0% internal; Reserve: 38400K, Max: 256K
[2026-04-03T03:16:56.652+0600][38.191s][info][gc,start    ] GC(44) Concurrent reset
[2026-04-03T03:16:56.652+0600][38.191s][info][gc,task     ] GC(44) Using 3 of 6 workers for concurrent reset
[2026-04-03T03:16:56.652+0600][38.191s][info][gc,ergo     ] GC(44) Pacer for Reset. Non-Taxable: 750M
[2026-04-03T03:16:56.654+0600][38.192s][info][gc          ] GC(44) Concurrent reset 1.287ms
[2026-04-03T03:16:56.654+0600][38.192s][info][gc,start    ] GC(44) Pause Init Mark (unload classes)
[2026-04-03T03:16:56.654+0600][38.192s][info][gc,task     ] GC(44) Using 6 of 6 workers for init marking
[2026-04-03T03:16:56.654+0600][38.192s][info][gc,ergo     ] GC(44) Pacer for Mark. Expected Live: 221M, Free: 339M, Non-Taxable: 34742K, Alloc Tax Rate: 0.8x
[2026-04-03T03:16:56.654+0600][38.192s][info][gc          ] GC(44) Pause Init Mark (unload classes) 0.117ms
[2026-04-03T03:16:56.654+0600][38.192s][info][gc,start    ] GC(44) Concurrent marking roots
[2026-04-03T03:16:56.654+0600][38.192s][info][gc,task     ] GC(44) Using 3 of 6 workers for concurrent marking roots
[2026-04-03T03:16:56.655+0600][38.193s][info][gc          ] GC(44) Concurrent marking roots 0.706ms
[2026-04-03T03:16:56.655+0600][38.193s][info][gc,start    ] GC(44) Concurrent marking (unload classes)
[2026-04-03T03:16:56.655+0600][38.193s][info][gc,task     ] GC(44) Using 3 of 6 workers for concurrent marking
[2026-04-03T03:16:56.894+0600][38.432s][info][gc          ] GC(44) Concurrent marking (unload classes) 238.956ms
[2026-04-03T03:16:56.894+0600][38.433s][info][gc,start    ] GC(44) Pause Final Mark (unload classes)
[2026-04-03T03:16:56.894+0600][38.433s][info][gc,task     ] GC(44) Using 6 of 6 workers for final marking
[2026-04-03T03:16:56.895+0600][38.433s][info][gc,ergo     ] GC(44) Adaptive CSet Selection. Target Free: 106M, Actual Free: 389M, Max CSet: 32000K, Min Garbage: 0B
[2026-04-03T03:16:56.895+0600][38.433s][info][gc,ergo     ] GC(44) Collectable Garbage: 140M (92%), Immediate: 77824K (49%), CSet: 66391K (42%)
[2026-04-03T03:16:56.895+0600][38.434s][info][gc,ergo     ] GC(44) Pacer for Evacuation. Used CSet: 98304K, Free: 353M, Non-Taxable: 36201K, Alloc Tax Rate: 1.1x
[2026-04-03T03:16:56.895+0600][38.434s][info][gc          ] GC(44) Pause Final Mark (unload classes) 1.069ms
[2026-04-03T03:16:56.895+0600][38.434s][info][gc,start    ] GC(44) Concurrent thread roots
[2026-04-03T03:16:56.895+0600][38.434s][info][gc,task     ] GC(44) Using 3 of 6 workers for Concurrent thread roots
[2026-04-03T03:16:56.896+0600][38.434s][info][gc          ] GC(44) Concurrent thread roots 0.611ms
[2026-04-03T03:16:56.896+0600][38.434s][info][gc,start    ] GC(44) Concurrent weak references
[2026-04-03T03:16:56.896+0600][38.434s][info][gc,task     ] GC(44) Using 3 of 6 workers for concurrent weak references
[2026-04-03T03:16:56.897+0600][38.435s][info][gc,ref      ] GC(44) Encountered references: Soft: 3387, Weak: 6024, Final: 82, Phantom: 594
[2026-04-03T03:16:56.897+0600][38.435s][info][gc,ref      ] GC(44) Discovered  references: Soft: 0, Weak: 2204, Final: 64, Phantom: 257
[2026-04-03T03:16:56.897+0600][38.435s][info][gc,ref      ] GC(44) Enqueued    references: Soft: 0, Weak: 0, Final: 0, Phantom: 0
[2026-04-03T03:16:56.897+0600][38.435s][info][gc          ] GC(44) Concurrent weak references 0.553ms
[2026-04-03T03:16:56.897+0600][38.435s][info][gc,start    ] GC(44) Concurrent weak roots
[2026-04-03T03:16:56.897+0600][38.435s][info][gc,task     ] GC(44) Using 3 of 6 workers for concurrent weak root
[2026-04-03T03:16:56.899+0600][38.437s][info][gc          ] GC(44) Concurrent weak roots 1.934ms
[2026-04-03T03:16:56.899+0600][38.437s][info][gc,start    ] GC(44) Concurrent cleanup
[2026-04-03T03:16:56.899+0600][38.437s][info][gc          ] GC(44) Concurrent cleanup 432M->356M(750M) 0.214ms
[2026-04-03T03:16:56.899+0600][38.437s][info][gc,ergo     ] GC(44) Free: 353M, Max: 256K regular, 172M humongous, Frag: 52% external, 0% internal; Reserve: 38242K, Max: 256K
[2026-04-03T03:16:56.899+0600][38.437s][info][gc,start    ] GC(44) Concurrent class unloading
[2026-04-03T03:16:56.899+0600][38.437s][info][gc,task     ] GC(44) Using 3 of 6 workers for concurrent class unloading
[2026-04-03T03:16:56.904+0600][38.442s][info][gc          ] GC(44) Concurrent class unloading 4.837ms
[2026-04-03T03:16:56.904+0600][38.442s][info][gc,start    ] GC(44) Concurrent strong roots
[2026-04-03T03:16:56.904+0600][38.442s][info][gc,task     ] GC(44) Using 3 of 6 workers for concurrent strong root
[2026-04-03T03:16:56.905+0600][38.443s][info][gc          ] GC(44) Concurrent strong roots 0.738ms
[2026-04-03T03:16:56.905+0600][38.443s][info][gc,start    ] GC(44) Concurrent evacuation
[2026-04-03T03:16:56.905+0600][38.443s][info][gc,task     ] GC(44) Using 3 of 6 workers for concurrent evacuation
[2026-04-03T03:16:56.925+0600][38.463s][info][gc          ] GC(44) Concurrent evacuation 20.092ms
[2026-04-03T03:16:56.925+0600][38.463s][info][gc,start    ] GC(44) Pause Init Update Refs
[2026-04-03T03:16:56.925+0600][38.464s][info][gc,ergo     ] GC(44) Pacer for Update Refs. Used: 398M, Free: 342M, Non-Taxable: 35075K, Alloc Tax Rate: 1.4x
[2026-04-03T03:16:56.925+0600][38.464s][info][gc          ] GC(44) Pause Init Update Refs 0.136ms
[2026-04-03T03:16:56.925+0600][38.464s][info][gc,start    ] GC(44) Concurrent update references
[2026-04-03T03:16:56.925+0600][38.464s][info][gc,task     ] GC(44) Using 3 of 6 workers for concurrent reference update
[2026-04-03T03:16:57.043+0600][38.582s][info][gc          ] GC(44) Concurrent update references 117.871ms
[2026-04-03T03:16:57.043+0600][38.582s][info][gc,start    ] GC(44) Concurrent update thread roots
[2026-04-03T03:16:57.044+0600][38.582s][info][gc          ] GC(44) Concurrent update thread roots 0.651ms
[2026-04-03T03:16:57.044+0600][38.583s][info][gc,start    ] GC(44) Pause Final Update Refs
[2026-04-03T03:16:57.044+0600][38.583s][info][gc,task     ] GC(44) Using 6 of 6 workers for final reference update
[2026-04-03T03:16:57.045+0600][38.583s][info][gc          ] GC(44) Pause Final Update Refs 0.215ms
[2026-04-03T03:16:57.045+0600][38.583s][info][gc,start    ] GC(44) Concurrent cleanup
[2026-04-03T03:16:57.045+0600][38.584s][info][gc          ] GC(44) Concurrent cleanup 463M->367M(750M) 0.665ms
[2026-04-03T03:16:57.045+0600][38.584s][info][gc,ergo     ] Free: 341M, Max: 256K regular, 172M humongous, Frag: 50% external, 0% internal; Reserve: 38400K, Max: 256K
[2026-04-03T03:16:57.046+0600][38.584s][info][gc,stats    ] 
[2026-04-03T03:16:57.046+0600][38.584s][info][gc,stats    ] All times are wall-clock times, except per-root-class counters, that are sum over
[2026-04-03T03:16:57.046+0600][38.584s][info][gc,stats    ] all workers. Dividing the <total> over the root stage time estimates parallelism.
[2026-04-03T03:16:57.046+0600][38.584s][info][gc,stats    ] 
[2026-04-03T03:16:57.046+0600][38.584s][info][gc,stats    ] Concurrent Reset                   1348 us
[2026-04-03T03:16:57.046+0600][38.584s][info][gc,stats    ] Pause Init Mark (G)                 436 us
[2026-04-03T03:16:57.046+0600][38.584s][info][gc,stats    ] Pause Init Mark (N)                 129 us
[2026-04-03T03:16:57.046+0600][38.584s][info][gc,stats    ]   Update Region States               31 us
[2026-04-03T03:16:57.046+0600][38.584s][info][gc,stats    ] Concurrent Mark Roots               743 us, parallelism: 1.56x
[2026-04-03T03:16:57.046+0600][38.584s][info][gc,stats    ]   CMR: <total>                     1157 us
[2026-04-03T03:16:57.046+0600][38.584s][info][gc,stats    ]   CMR: Thread Roots                 948 us, workers (us): 373, 199, 376, ---, ---, ---, 
[2026-04-03T03:16:57.046+0600][38.584s][info][gc,stats    ]   CMR: VM Strong Roots               32 us, workers (us):  31,   1,   0, ---, ---, ---, 
[2026-04-03T03:16:57.046+0600][38.584s][info][gc,stats    ]   CMR: CLDG Roots                   177 us, workers (us): ---, 177, ---, ---, ---, ---, 
[2026-04-03T03:16:57.046+0600][38.584s][info][gc,stats    ] Concurrent Marking               239151 us
[2026-04-03T03:16:57.046+0600][38.584s][info][gc,stats    ] Pause Final Mark (G)               1408 us
[2026-04-03T03:16:57.046+0600][38.584s][info][gc,stats    ] Pause Final Mark (N)               1084 us
[2026-04-03T03:16:57.046+0600][38.584s][info][gc,stats    ]   Finish Mark                       215 us
[2026-04-03T03:16:57.046+0600][38.584s][info][gc,stats    ]   Update Region States               82 us
[2026-04-03T03:16:57.046+0600][38.584s][info][gc,stats    ]   Choose Collection Set             576 us
[2026-04-03T03:16:57.046+0600][38.584s][info][gc,stats    ]   Rebuild Free Set                   67 us
[2026-04-03T03:16:57.046+0600][38.584s][info][gc,stats    ] Concurrent Thread Roots             651 us, parallelism: 1.67x
[2026-04-03T03:16:57.046+0600][38.584s][info][gc,stats    ]   CTR: <total>                     1089 us
[2026-04-03T03:16:57.046+0600][38.584s][info][gc,stats    ]   CTR: Thread Roots                1089 us, workers (us): 380, 371, 339, ---, ---, ---, 
[2026-04-03T03:16:57.046+0600][38.584s][info][gc,stats    ] Concurrent Weak References          564 us, parallelism: 0.68x
[2026-04-03T03:16:57.046+0600][38.584s][info][gc,stats    ]   CWRF: <total>                     385 us
[2026-04-03T03:16:57.046+0600][38.584s][info][gc,stats    ]   CWRF: Weak References             385 us, workers (us): 333,  24,  29, ---, ---, ---, 
[2026-04-03T03:16:57.046+0600][38.584s][info][gc,stats    ] Concurrent Weak Roots              1987 us
[2026-04-03T03:16:57.046+0600][38.584s][info][gc,stats    ]   Roots                            1643 us, parallelism: 2.29x
[2026-04-03T03:16:57.046+0600][38.584s][info][gc,stats    ]     CWR: <total>                   3767 us
[2026-04-03T03:16:57.046+0600][38.584s][info][gc,stats    ]     CWR: Code Cache Roots          2448 us, workers (us): 820, 796, 831, ---, ---, ---, 
[2026-04-03T03:16:57.046+0600][38.584s][info][gc,stats    ]     CWR: VM Weak Roots             1219 us, workers (us): 435, 392, 392, ---, ---, ---, 
[2026-04-03T03:16:57.046+0600][38.584s][info][gc,stats    ]     CWR: CLDG Roots                 100 us, workers (us): ---, 100, ---, ---, ---, ---, 
[2026-04-03T03:16:57.046+0600][38.584s][info][gc,stats    ]   Rendezvous                        263 us
[2026-04-03T03:16:57.046+0600][38.584s][info][gc,stats    ] Concurrent Cleanup                  232 us
[2026-04-03T03:16:57.046+0600][38.584s][info][gc,stats    ] Concurrent Class Unloading         4911 us
[2026-04-03T03:16:57.046+0600][38.584s][info][gc,stats    ]   Unlink Stale                     4193 us
[2026-04-03T03:16:57.046+0600][38.584s][info][gc,stats    ]     System Dictionary                68 us
[2026-04-03T03:16:57.046+0600][38.584s][info][gc,stats    ]     Weak Class Links                  0 us
[2026-04-03T03:16:57.046+0600][38.584s][info][gc,stats    ]     Code Roots                     4122 us
[2026-04-03T03:16:57.046+0600][38.584s][info][gc,stats    ]   Rendezvous                        247 us
[2026-04-03T03:16:57.046+0600][38.584s][info][gc,stats    ]   Purge Unlinked                    348 us
[2026-04-03T03:16:57.046+0600][38.584s][info][gc,stats    ]     Code Roots                      338 us
[2026-04-03T03:16:57.046+0600][38.584s][info][gc,stats    ]     CLDG                             10 us
[2026-04-03T03:16:57.046+0600][38.584s][info][gc,stats    ]     Exception Caches                  0 us
[2026-04-03T03:16:57.046+0600][38.584s][info][gc,stats    ] Concurrent Strong Roots             779 us, parallelism: 0.62x
[2026-04-03T03:16:57.046+0600][38.584s][info][gc,stats    ]   CSR: <total>                      487 us
[2026-04-03T03:16:57.046+0600][38.584s][info][gc,stats    ]   CSR: VM Strong Roots               27 us, workers (us):  14,  13,   0, ---, ---, ---, 
[2026-04-03T03:16:57.046+0600][38.584s][info][gc,stats    ]   CSR: CLDG Roots                   460 us, workers (us): ---, 460, ---, ---, ---, ---, 
[2026-04-03T03:16:57.046+0600][38.584s][info][gc,stats    ] Concurrent Evacuation             20316 us
[2026-04-03T03:16:57.046+0600][38.584s][info][gc,stats    ] Pause Init Update Refs (G)          547 us
[2026-04-03T03:16:57.046+0600][38.584s][info][gc,stats    ] Pause Init Update Refs (N)          149 us
[2026-04-03T03:16:57.046+0600][38.584s][info][gc,stats    ]   Manage GCLABs                      31 us
[2026-04-03T03:16:57.046+0600][38.584s][info][gc,stats    ] Concurrent Update Refs           117943 us
[2026-04-03T03:16:57.046+0600][38.584s][info][gc,stats    ] Concurrent Update Thread Roots      729 us
[2026-04-03T03:16:57.046+0600][38.584s][info][gc,stats    ] Pause Final Update Refs (G)         630 us
[2026-04-03T03:16:57.046+0600][38.584s][info][gc,stats    ] Pause Final Update Refs (N)         228 us
[2026-04-03T03:16:57.046+0600][38.584s][info][gc,stats    ]   Update Region States               45 us
[2026-04-03T03:16:57.046+0600][38.584s][info][gc,stats    ]   Trash Collection Set               16 us
[2026-04-03T03:16:57.046+0600][38.584s][info][gc,stats    ]   Rebuild Free Set                   40 us
[2026-04-03T03:16:57.046+0600][38.584s][info][gc,stats    ] Concurrent Cleanup                  691 us
[2026-04-03T03:16:57.046+0600][38.584s][info][gc,stats    ] Pacing                           385723 us
[2026-04-03T03:16:57.046+0600][38.584s][info][gc,stats    ] 
[2026-04-03T03:16:57.046+0600][38.584s][info][gc,stats    ] Allocation pacing accrued:
[2026-04-03T03:16:57.046+0600][38.584s][info][gc,stats    ]     143 of   495 ms ( 28.8%): Executor task launch worker for task 1.0 in stage 2.0 (TID 7)
[2026-04-03T03:16:57.046+0600][38.584s][info][gc,stats    ]     144 of   495 ms ( 29.0%): Executor task launch worker for task 2.0 in stage 2.0 (TID 8)
[2026-04-03T03:16:57.046+0600][38.584s][info][gc,stats    ]      99 of   495 ms ( 20.1%): Executor task launch worker for task 0.0 in stage 2.0 (TID 6)
[2026-04-03T03:16:57.046+0600][38.584s][info][gc,stats    ]     386 of   495 ms ( 77.9%): <total>
[2026-04-03T03:16:57.046+0600][38.584s][info][gc,stats    ]       5 of   495 ms (  1.0%): <average total>
[2026-04-03T03:16:57.046+0600][38.584s][info][gc,stats    ]     129 of   495 ms ( 26.0%): <average non-zero>
[2026-04-03T03:16:57.046+0600][38.584s][info][gc,stats    ] 
[2026-04-03T03:16:57.046+0600][38.584s][info][gc,metaspace] Metaspace: 70316K(71168K)->70318K(71168K) NonClass: 61364K(61824K)->61367K(61824K) Class: 8951K(9344K)->8951K(9344K)
[2026-04-03T03:16:57.046+0600][38.584s][info][gc,ergo     ] Pacer for Idle. Initial: 15360K, Alloc Tax Rate: 1.0x
[2026-04-03T03:16:57.063+0600][38.601s][info][gc          ] Trigger: Average GC time (659.62 ms) is above the time for average allocation rate (437 MB/s) to deplete free headroom (287M) (margin of error = 1.94)
[2026-04-03T03:16:57.063+0600][38.601s][info][gc,ergo     ] Free headroom: 324M (free) - 38400K (spike) - 0B (penalties) = 287M
[2026-04-03T03:16:57.063+0600][38.601s][info][gc,ergo     ] Free: 324M, Max: 256K regular, 172M humongous, Frag: 47% external, 0% internal; Reserve: 38400K, Max: 256K
[2026-04-03T03:16:57.063+0600][38.601s][info][gc,start    ] GC(45) Concurrent reset
[2026-04-03T03:16:57.063+0600][38.601s][info][gc,task     ] GC(45) Using 3 of 6 workers for concurrent reset
[2026-04-03T03:16:57.063+0600][38.601s][info][gc,ergo     ] GC(45) Pacer for Reset. Non-Taxable: 750M
[2026-04-03T03:16:57.064+0600][38.602s][info][gc          ] GC(45) Concurrent reset 1.015ms
[2026-04-03T03:16:57.064+0600][38.602s][info][gc,start    ] GC(45) Pause Init Mark (unload classes)
[2026-04-03T03:16:57.064+0600][38.603s][info][gc,task     ] GC(45) Using 6 of 6 workers for init marking
[2026-04-03T03:16:57.064+0600][38.603s][info][gc,ergo     ] GC(45) Pacer for Mark. Expected Live: 217M, Free: 323M, Non-Taxable: 33155K, Alloc Tax Rate: 0.8x
[2026-04-03T03:16:57.064+0600][38.603s][info][gc          ] GC(45) Pause Init Mark (unload classes) 0.125ms
[2026-04-03T03:16:57.064+0600][38.603s][info][gc,start    ] GC(45) Concurrent marking roots
[2026-04-03T03:16:57.064+0600][38.603s][info][gc,task     ] GC(45) Using 3 of 6 workers for concurrent marking roots
[2026-04-03T03:16:57.065+0600][38.603s][info][gc          ] GC(45) Concurrent marking roots 0.671ms
[2026-04-03T03:16:57.065+0600][38.603s][info][gc,start    ] GC(45) Concurrent marking (unload classes)
[2026-04-03T03:16:57.065+0600][38.603s][info][gc,task     ] GC(45) Using 3 of 6 workers for concurrent marking
[2026-04-03T03:16:57.290+0600][38.828s][info][gc          ] GC(45) Concurrent marking (unload classes) 224.585ms
[2026-04-03T03:16:57.290+0600][38.828s][info][gc,start    ] GC(45) Pause Final Mark (unload classes)
[2026-04-03T03:16:57.290+0600][38.828s][info][gc,task     ] GC(45) Using 6 of 6 workers for final marking
[2026-04-03T03:16:57.290+0600][38.829s][info][gc,ergo     ] GC(45) Adaptive CSet Selection. Target Free: 106M, Actual Free: 313M, Max CSet: 32000K, Min Garbage: 0B
[2026-04-03T03:16:57.290+0600][38.829s][info][gc,ergo     ] GC(45) Collectable Garbage: 157M (97%), Immediate: 9810K (5%), CSet: 148M (91%)
[2026-04-03T03:16:57.291+0600][38.829s][info][gc,ergo     ] GC(45) Pacer for Evacuation. Used CSet: 170M, Free: 276M, Non-Taxable: 28317K, Alloc Tax Rate: 1.5x
[2026-04-03T03:16:57.291+0600][38.829s][info][gc          ] GC(45) Pause Final Mark (unload classes) 0.833ms
[2026-04-03T03:16:57.291+0600][38.829s][info][gc,start    ] GC(45) Concurrent thread roots
[2026-04-03T03:16:57.291+0600][38.829s][info][gc,task     ] GC(45) Using 3 of 6 workers for Concurrent thread roots
[2026-04-03T03:16:57.291+0600][38.829s][info][gc          ] GC(45) Concurrent thread roots 0.384ms
[2026-04-03T03:16:57.291+0600][38.829s][info][gc,start    ] GC(45) Concurrent weak references
[2026-04-03T03:16:57.291+0600][38.829s][info][gc,task     ] GC(45) Using 3 of 6 workers for concurrent weak references
[2026-04-03T03:16:57.292+0600][38.830s][info][gc,ref      ] GC(45) Encountered references: Soft: 3387, Weak: 6024, Final: 82, Phantom: 596
[2026-04-03T03:16:57.292+0600][38.830s][info][gc,ref      ] GC(45) Discovered  references: Soft: 0, Weak: 2994, Final: 82, Phantom: 209
[2026-04-03T03:16:57.292+0600][38.830s][info][gc,ref      ] GC(45) Enqueued    references: Soft: 0, Weak: 0, Final: 0, Phantom: 0
[2026-04-03T03:16:57.292+0600][38.830s][info][gc          ] GC(45) Concurrent weak references 0.656ms
[2026-04-03T03:16:57.292+0600][38.830s][info][gc,start    ] GC(45) Concurrent weak roots
[2026-04-03T03:16:57.292+0600][38.830s][info][gc,task     ] GC(45) Using 3 of 6 workers for concurrent weak root
[2026-04-03T03:16:57.294+0600][38.832s][info][gc          ] GC(45) Concurrent weak roots 1.754ms
[2026-04-03T03:16:57.294+0600][38.832s][info][gc,start    ] GC(45) Concurrent cleanup
[2026-04-03T03:16:57.294+0600][38.832s][info][gc          ] GC(45) Concurrent cleanup 444M->435M(750M) 0.439ms
[2026-04-03T03:16:57.294+0600][38.832s][info][gc,ergo     ] GC(45) Free: 274M, Max: 256K regular, 172M humongous, Frag: 37% external, 0% internal; Reserve: 38127K, Max: 256K
[2026-04-03T03:16:57.294+0600][38.832s][info][gc,start    ] GC(45) Concurrent class unloading
[2026-04-03T03:16:57.294+0600][38.832s][info][gc,task     ] GC(45) Using 3 of 6 workers for concurrent class unloading
[2026-04-03T03:16:57.299+0600][38.837s][info][gc          ] GC(45) Concurrent class unloading 4.590ms
[2026-04-03T03:16:57.299+0600][38.837s][info][gc,start    ] GC(45) Concurrent strong roots
[2026-04-03T03:16:57.299+0600][38.837s][info][gc,task     ] GC(45) Using 3 of 6 workers for concurrent strong root
[2026-04-03T03:16:57.299+0600][38.837s][info][gc          ] GC(45) Concurrent strong roots 0.400ms
[2026-04-03T03:16:57.299+0600][38.838s][info][gc,start    ] GC(45) Concurrent evacuation
[2026-04-03T03:16:57.299+0600][38.838s][info][gc,task     ] GC(45) Using 3 of 6 workers for concurrent evacuation
[2026-04-03T03:16:57.314+0600][38.853s][info][gc          ] GC(45) Concurrent evacuation 15.261ms
[2026-04-03T03:16:57.315+0600][38.853s][info][gc,start    ] GC(45) Pause Init Update Refs
[2026-04-03T03:16:57.315+0600][38.853s][info][gc,ergo     ] GC(45) Pacer for Update Refs. Used: 470M, Free: 261M, Non-Taxable: 26755K, Alloc Tax Rate: 2.2x
[2026-04-03T03:16:57.315+0600][38.853s][info][gc          ] GC(45) Pause Init Update Refs 0.200ms
[2026-04-03T03:16:57.315+0600][38.853s][info][gc,start    ] GC(45) Concurrent update references
[2026-04-03T03:16:57.315+0600][38.854s][info][gc,task     ] GC(45) Using 3 of 6 workers for concurrent reference update
[2026-04-03T03:16:57.440+0600][38.978s][info][gc          ] GC(45) Concurrent update references 124.713ms
[2026-04-03T03:16:57.440+0600][38.978s][info][gc,start    ] GC(45) Concurrent update thread roots
[2026-04-03T03:16:57.441+0600][38.979s][info][gc          ] GC(45) Concurrent update thread roots 0.705ms
[2026-04-03T03:16:57.441+0600][38.979s][info][gc,start    ] GC(45) Pause Final Update Refs
[2026-04-03T03:16:57.441+0600][38.979s][info][gc,task     ] GC(45) Using 6 of 6 workers for final reference update
[2026-04-03T03:16:57.441+0600][38.980s][info][gc          ] GC(45) Pause Final Update Refs 0.245ms
[2026-04-03T03:16:57.441+0600][38.980s][info][gc,start    ] GC(45) Concurrent cleanup
[2026-04-03T03:16:57.442+0600][38.980s][info][gc          ] GC(45) Concurrent cleanup 518M->348M(750M) 0.301ms
[2026-04-03T03:16:57.442+0600][38.980s][info][gc,ergo     ] Free: 360M, Max: 256K regular, 150M humongous, Frag: 59% external, 0% internal; Reserve: 38400K, Max: 256K
[2026-04-03T03:16:57.442+0600][38.980s][info][gc,stats    ] 
[2026-04-03T03:16:57.442+0600][38.980s][info][gc,stats    ] All times are wall-clock times, except per-root-class counters, that are sum over
[2026-04-03T03:16:57.442+0600][38.980s][info][gc,stats    ] all workers. Dividing the <total> over the root stage time estimates parallelism.
[2026-04-03T03:16:57.442+0600][38.980s][info][gc,stats    ] 
[2026-04-03T03:16:57.442+0600][38.980s][info][gc,stats    ] Concurrent Reset                   1061 us
[2026-04-03T03:16:57.442+0600][38.980s][info][gc,stats    ] Pause Init Mark (G)                 371 us
[2026-04-03T03:16:57.442+0600][38.980s][info][gc,stats    ] Pause Init Mark (N)                 133 us
[2026-04-03T03:16:57.442+0600][38.980s][info][gc,stats    ]   Update Region States               33 us
[2026-04-03T03:16:57.442+0600][38.980s][info][gc,stats    ] Concurrent Mark Roots               703 us, parallelism: 1.50x
[2026-04-03T03:16:57.442+0600][38.980s][info][gc,stats    ]   CMR: <total>                     1054 us
[2026-04-03T03:16:57.442+0600][38.980s][info][gc,stats    ]   CMR: Thread Roots                 748 us, workers (us):  70, 346, 332, ---, ---, ---, 
[2026-04-03T03:16:57.442+0600][38.980s][info][gc,stats    ]   CMR: VM Strong Roots               24 us, workers (us):  23,   1,   1, ---, ---, ---, 
[2026-04-03T03:16:57.442+0600][38.980s][info][gc,stats    ]   CMR: CLDG Roots                   282 us, workers (us): 282, ---, ---, ---, ---, ---, 
[2026-04-03T03:16:57.442+0600][38.980s][info][gc,stats    ] Concurrent Marking               224656 us
[2026-04-03T03:16:57.442+0600][38.980s][info][gc,stats    ] Pause Final Mark (G)               1112 us
[2026-04-03T03:16:57.442+0600][38.980s][info][gc,stats    ] Pause Final Mark (N)                844 us
[2026-04-03T03:16:57.442+0600][38.980s][info][gc,stats    ]   Finish Mark                       304 us
[2026-04-03T03:16:57.442+0600][38.980s][info][gc,stats    ]   Update Region States               60 us
[2026-04-03T03:16:57.442+0600][38.980s][info][gc,stats    ]   Choose Collection Set             339 us
[2026-04-03T03:16:57.442+0600][38.980s][info][gc,stats    ]   Rebuild Free Set                   35 us
[2026-04-03T03:16:57.442+0600][38.980s][info][gc,stats    ] Concurrent Thread Roots             401 us, parallelism: 1.94x
[2026-04-03T03:16:57.442+0600][38.980s][info][gc,stats    ]   CTR: <total>                      778 us
[2026-04-03T03:16:57.442+0600][38.980s][info][gc,stats    ]   CTR: Thread Roots                 778 us, workers (us): 279, 265, 234, ---, ---, ---, 
[2026-04-03T03:16:57.442+0600][38.980s][info][gc,stats    ] Concurrent Weak References          665 us, parallelism: 0.68x
[2026-04-03T03:16:57.442+0600][38.980s][info][gc,stats    ]   CWRF: <total>                     453 us
[2026-04-03T03:16:57.442+0600][38.980s][info][gc,stats    ]   CWRF: Weak References             453 us, workers (us): 408,  44,   1, ---, ---, ---, 
[2026-04-03T03:16:57.442+0600][38.980s][info][gc,stats    ] Concurrent Weak Roots              1797 us
[2026-04-03T03:16:57.442+0600][38.980s][info][gc,stats    ]   Roots                            1531 us, parallelism: 2.44x
[2026-04-03T03:16:57.442+0600][38.980s][info][gc,stats    ]     CWR: <total>                   3734 us
[2026-04-03T03:16:57.442+0600][38.980s][info][gc,stats    ]     CWR: Code Cache Roots          2350 us, workers (us): 739, 741, 870, ---, ---, ---, 
[2026-04-03T03:16:57.442+0600][38.980s][info][gc,stats    ]     CWR: VM Weak Roots             1298 us, workers (us): 440, 442, 415, ---, ---, ---, 
[2026-04-03T03:16:57.442+0600][38.980s][info][gc,stats    ]     CWR: CLDG Roots                  86 us, workers (us):  86, ---, ---, ---, ---, ---, 
[2026-04-03T03:16:57.442+0600][38.980s][info][gc,stats    ]   Rendezvous                        206 us
[2026-04-03T03:16:57.442+0600][38.980s][info][gc,stats    ] Concurrent Cleanup                  450 us
[2026-04-03T03:16:57.442+0600][38.980s][info][gc,stats    ] Concurrent Class Unloading         4667 us
[2026-04-03T03:16:57.442+0600][38.980s][info][gc,stats    ]   Unlink Stale                     4200 us
[2026-04-03T03:16:57.442+0600][38.980s][info][gc,stats    ]     System Dictionary                77 us
[2026-04-03T03:16:57.442+0600][38.980s][info][gc,stats    ]     Weak Class Links                  0 us
[2026-04-03T03:16:57.442+0600][38.980s][info][gc,stats    ]     Code Roots                     4120 us
[2026-04-03T03:16:57.442+0600][38.981s][info][gc,stats    ]   Rendezvous                        262 us
[2026-04-03T03:16:57.442+0600][38.981s][info][gc,stats    ]   Purge Unlinked                    109 us
[2026-04-03T03:16:57.442+0600][38.981s][info][gc,stats    ]     Code Roots                       98 us
[2026-04-03T03:16:57.442+0600][38.981s][info][gc,stats    ]     CLDG                             10 us
[2026-04-03T03:16:57.442+0600][38.981s][info][gc,stats    ]     Exception Caches                  0 us
[2026-04-03T03:16:57.442+0600][38.981s][info][gc,stats    ] Concurrent Strong Roots             424 us, parallelism: 0.61x
[2026-04-03T03:16:57.442+0600][38.981s][info][gc,stats    ]   CSR: <total>                      259 us
[2026-04-03T03:16:57.442+0600][38.981s][info][gc,stats    ]   CSR: VM Strong Roots               24 us, workers (us):  13,  11,   0, ---, ---, ---, 
[2026-04-03T03:16:57.442+0600][38.981s][info][gc,stats    ]   CSR: CLDG Roots                   235 us, workers (us): 235, ---, ---, ---, ---, ---, 
[2026-04-03T03:16:57.442+0600][38.981s][info][gc,stats    ] Concurrent Evacuation             15371 us
[2026-04-03T03:16:57.442+0600][38.981s][info][gc,stats    ] Pause Init Update Refs (G)          576 us
[2026-04-03T03:16:57.442+0600][38.981s][info][gc,stats    ] Pause Init Update Refs (N)          214 us
[2026-04-03T03:16:57.442+0600][38.981s][info][gc,stats    ]   Manage GCLABs                      25 us
[2026-04-03T03:16:57.442+0600][38.981s][info][gc,stats    ] Concurrent Update Refs           124808 us
[2026-04-03T03:16:57.442+0600][38.981s][info][gc,stats    ] Concurrent Update Thread Roots      754 us
[2026-04-03T03:16:57.442+0600][38.981s][info][gc,stats    ] Pause Final Update Refs (G)         585 us
[2026-04-03T03:16:57.442+0600][38.981s][info][gc,stats    ] Pause Final Update Refs (N)         257 us
[2026-04-03T03:16:57.442+0600][38.981s][info][gc,stats    ]   Update Region States               48 us
[2026-04-03T03:16:57.442+0600][38.981s][info][gc,stats    ]   Trash Collection Set               19 us
[2026-04-03T03:16:57.442+0600][38.981s][info][gc,stats    ]   Rebuild Free Set                   36 us
[2026-04-03T03:16:57.442+0600][38.981s][info][gc,stats    ] Concurrent Cleanup                  327 us
[2026-04-03T03:16:57.442+0600][38.981s][info][gc,stats    ] Pacing                           355652 us
[2026-04-03T03:16:57.442+0600][38.981s][info][gc,stats    ] 
[2026-04-03T03:16:57.442+0600][38.981s][info][gc,stats    ] Allocation pacing accrued:
[2026-04-03T03:16:57.442+0600][38.981s][info][gc,stats    ]      11 of   396 ms (  2.8%): RemoteBlock-temp-file-clean-thread
[2026-04-03T03:16:57.442+0600][38.981s][info][gc,stats    ]     124 of   396 ms ( 31.3%): Executor task launch worker for task 1.0 in stage 2.0 (TID 7)
[2026-04-03T03:16:57.442+0600][38.981s][info][gc,stats    ]     122 of   396 ms ( 30.7%): Executor task launch worker for task 2.0 in stage 2.0 (TID 8)
[2026-04-03T03:16:57.442+0600][38.981s][info][gc,stats    ]      99 of   396 ms ( 24.9%): Executor task launch worker for task 0.0 in stage 2.0 (TID 6)
[2026-04-03T03:16:57.442+0600][38.981s][info][gc,stats    ]     356 of   396 ms ( 89.7%): <total>
[2026-04-03T03:16:57.442+0600][38.981s][info][gc,stats    ]       4 of   396 ms (  1.1%): <average total>
[2026-04-03T03:16:57.442+0600][38.981s][info][gc,stats    ]      89 of   396 ms ( 22.4%): <average non-zero>
[2026-04-03T03:16:57.442+0600][38.981s][info][gc,stats    ] 
[2026-04-03T03:16:57.442+0600][38.981s][info][gc,metaspace] Metaspace: 70318K(71168K)->70318K(71168K) NonClass: 61367K(61824K)->61367K(61824K) Class: 8951K(9344K)->8951K(9344K)
[2026-04-03T03:16:57.443+0600][38.981s][info][gc,ergo     ] Pacer for Idle. Initial: 15360K, Alloc Tax Rate: 1.0x
[2026-04-03T03:16:57.846+0600][39.384s][info][gc          ] Trigger: Average GC time (584.48 ms) is above the time for average allocation rate (439 MB/s) to deplete free headroom (190M) (margin of error = 1.94)
[2026-04-03T03:16:57.846+0600][39.384s][info][gc,ergo     ] Free headroom: 227M (free) - 38400K (spike) - 0B (penalties) = 190M
[2026-04-03T03:16:57.846+0600][39.384s][info][gc,ergo     ] Free: 227M, Max: 256K regular, 150M humongous, Frag: 34% external, 0% internal; Reserve: 38400K, Max: 256K
[2026-04-03T03:16:57.846+0600][39.384s][info][gc,start    ] GC(46) Concurrent reset
[2026-04-03T03:16:57.846+0600][39.384s][info][gc,task     ] GC(46) Using 3 of 6 workers for concurrent reset
[2026-04-03T03:16:57.846+0600][39.384s][info][gc,ergo     ] GC(46) Pacer for Reset. Non-Taxable: 750M
[2026-04-03T03:16:57.847+0600][39.386s][info][gc          ] GC(46) Concurrent reset 1.268ms
[2026-04-03T03:16:57.847+0600][39.386s][info][gc,start    ] GC(46) Pause Init Mark (unload classes)
[2026-04-03T03:16:57.848+0600][39.386s][info][gc,task     ] GC(46) Using 6 of 6 workers for init marking
[2026-04-03T03:16:57.848+0600][39.386s][info][gc,ergo     ] GC(46) Pacer for Mark. Expected Live: 215M, Free: 226M, Non-Taxable: 23196K, Alloc Tax Rate: 1.2x
[2026-04-03T03:16:57.848+0600][39.386s][info][gc          ] GC(46) Pause Init Mark (unload classes) 0.111ms
[2026-04-03T03:16:57.848+0600][39.386s][info][gc,start    ] GC(46) Concurrent marking roots
[2026-04-03T03:16:57.848+0600][39.386s][info][gc,task     ] GC(46) Using 3 of 6 workers for concurrent marking roots
[2026-04-03T03:16:57.848+0600][39.387s][info][gc          ] GC(46) Concurrent marking roots 0.593ms
[2026-04-03T03:16:57.848+0600][39.387s][info][gc,start    ] GC(46) Concurrent marking (unload classes)
[2026-04-03T03:16:57.848+0600][39.387s][info][gc,task     ] GC(46) Using 3 of 6 workers for concurrent marking
[2026-04-03T03:16:58.061+0600][39.599s][info][gc          ] GC(46) Concurrent marking (unload classes) 212.639ms
[2026-04-03T03:16:58.061+0600][39.600s][info][gc,start    ] GC(46) Pause Final Mark (unload classes)
[2026-04-03T03:16:58.061+0600][39.600s][info][gc,task     ] GC(46) Using 6 of 6 workers for final marking
[2026-04-03T03:16:58.062+0600][39.600s][info][gc,ergo     ] GC(46) Adaptive CSet Selection. Target Free: 106M, Actual Free: 322M, Max CSet: 32000K, Min Garbage: 0B
[2026-04-03T03:16:58.062+0600][39.600s][info][gc,ergo     ] GC(46) Collectable Garbage: 254M (97%), Immediate: 100M (38%), CSet: 153M (58%)
[2026-04-03T03:16:58.062+0600][39.600s][info][gc,ergo     ] GC(46) Pacer for Evacuation. Used CSet: 181M, Free: 287M, Non-Taxable: 29392K, Alloc Tax Rate: 1.5x
[2026-04-03T03:16:58.062+0600][39.600s][info][gc          ] GC(46) Pause Final Mark (unload classes) 0.882ms
[2026-04-03T03:16:58.062+0600][39.601s][info][gc,start    ] GC(46) Concurrent thread roots
[2026-04-03T03:16:58.062+0600][39.601s][info][gc,task     ] GC(46) Using 3 of 6 workers for Concurrent thread roots
[2026-04-03T03:16:58.063+0600][39.601s][info][gc          ] GC(46) Concurrent thread roots 0.519ms
[2026-04-03T03:16:58.063+0600][39.601s][info][gc,start    ] GC(46) Concurrent weak references
[2026-04-03T03:16:58.063+0600][39.601s][info][gc,task     ] GC(46) Using 3 of 6 workers for concurrent weak references
[2026-04-03T03:16:58.063+0600][39.602s][info][gc,ref      ] GC(46) Encountered references: Soft: 3387, Weak: 6024, Final: 82, Phantom: 597
[2026-04-03T03:16:58.063+0600][39.602s][info][gc,ref      ] GC(46) Discovered  references: Soft: 0, Weak: 3042, Final: 82, Phantom: 211
[2026-04-03T03:16:58.063+0600][39.602s][info][gc,ref      ] GC(46) Enqueued    references: Soft: 0, Weak: 0, Final: 0, Phantom: 0
[2026-04-03T03:16:58.063+0600][39.602s][info][gc          ] GC(46) Concurrent weak references 0.676ms
[2026-04-03T03:16:58.063+0600][39.602s][info][gc,start    ] GC(46) Concurrent weak roots
[2026-04-03T03:16:58.063+0600][39.602s][info][gc,task     ] GC(46) Using 3 of 6 workers for concurrent weak root
[2026-04-03T03:16:58.065+0600][39.603s][info][gc          ] GC(46) Concurrent weak roots 1.636ms
[2026-04-03T03:16:58.065+0600][39.603s][info][gc,start    ] GC(46) Concurrent cleanup
[2026-04-03T03:16:58.065+0600][39.604s][info][gc          ] GC(46) Concurrent cleanup 523M->422M(750M) 0.219ms
[2026-04-03T03:16:58.065+0600][39.604s][info][gc,ergo     ] GC(46) Free: 286M, Max: 256K regular, 141M humongous, Frag: 51% external, 0% internal; Reserve: 38355K, Max: 256K
[2026-04-03T03:16:58.065+0600][39.604s][info][gc,start    ] GC(46) Concurrent class unloading
[2026-04-03T03:16:58.065+0600][39.604s][info][gc,task     ] GC(46) Using 3 of 6 workers for concurrent class unloading
[2026-04-03T03:16:58.070+0600][39.608s][info][gc          ] GC(46) Concurrent class unloading 4.397ms
[2026-04-03T03:16:58.070+0600][39.608s][info][gc,start    ] GC(46) Concurrent strong roots
[2026-04-03T03:16:58.070+0600][39.608s][info][gc,task     ] GC(46) Using 3 of 6 workers for concurrent strong root
[2026-04-03T03:16:58.071+0600][39.609s][info][gc          ] GC(46) Concurrent strong roots 0.628ms
[2026-04-03T03:16:58.071+0600][39.609s][info][gc,start    ] GC(46) Concurrent evacuation
[2026-04-03T03:16:58.071+0600][39.609s][info][gc,task     ] GC(46) Using 3 of 6 workers for concurrent evacuation
[2026-04-03T03:16:58.091+0600][39.629s][info][gc          ] GC(46) Concurrent evacuation 20.402ms
[2026-04-03T03:16:58.091+0600][39.630s][info][gc,start    ] GC(46) Pause Init Update Refs
[2026-04-03T03:16:58.091+0600][39.630s][info][gc,ergo     ] GC(46) Pacer for Update Refs. Used: 460M, Free: 277M, Non-Taxable: 28368K, Alloc Tax Rate: 2.0x
[2026-04-03T03:16:58.091+0600][39.630s][info][gc          ] GC(46) Pause Init Update Refs 0.170ms
[2026-04-03T03:16:58.092+0600][39.630s][info][gc,start    ] GC(46) Concurrent update references
[2026-04-03T03:16:58.092+0600][39.630s][info][gc,task     ] GC(46) Using 3 of 6 workers for concurrent reference update
[2026-04-03T03:16:58.217+0600][39.755s][info][gc          ] GC(46) Concurrent update references 124.927ms
[2026-04-03T03:16:58.217+0600][39.755s][info][gc,start    ] GC(46) Concurrent update thread roots
[2026-04-03T03:16:58.218+0600][39.756s][info][gc          ] GC(46) Concurrent update thread roots 0.820ms
[2026-04-03T03:16:58.218+0600][39.756s][info][gc,start    ] GC(46) Pause Final Update Refs
[2026-04-03T03:16:58.218+0600][39.756s][info][gc,task     ] GC(46) Using 6 of 6 workers for final reference update
[2026-04-03T03:16:58.218+0600][39.756s][info][gc          ] GC(46) Pause Final Update Refs 0.257ms
[2026-04-03T03:16:58.218+0600][39.756s][info][gc,start    ] GC(46) Concurrent cleanup
[2026-04-03T03:16:58.219+0600][39.757s][info][gc          ] GC(46) Concurrent cleanup 514M->333M(750M) 0.409ms
[2026-04-03T03:16:58.219+0600][39.757s][info][gc,ergo     ] Free: 375M, Max: 256K regular, 141M humongous, Frag: 63% external, 0% internal; Reserve: 38400K, Max: 256K
[2026-04-03T03:16:58.219+0600][39.757s][info][gc,stats    ] 
[2026-04-03T03:16:58.219+0600][39.757s][info][gc,stats    ] All times are wall-clock times, except per-root-class counters, that are sum over
[2026-04-03T03:16:58.219+0600][39.757s][info][gc,stats    ] all workers. Dividing the <total> over the root stage time estimates parallelism.
[2026-04-03T03:16:58.219+0600][39.757s][info][gc,stats    ] 
[2026-04-03T03:16:58.219+0600][39.757s][info][gc,stats    ] Concurrent Reset                   1320 us
[2026-04-03T03:16:58.219+0600][39.757s][info][gc,stats    ] Pause Init Mark (G)                 423 us
[2026-04-03T03:16:58.219+0600][39.757s][info][gc,stats    ] Pause Init Mark (N)                 122 us
[2026-04-03T03:16:58.219+0600][39.757s][info][gc,stats    ]   Update Region States               24 us
[2026-04-03T03:16:58.219+0600][39.757s][info][gc,stats    ] Concurrent Mark Roots               625 us, parallelism: 1.37x
[2026-04-03T03:16:58.219+0600][39.757s][info][gc,stats    ]   CMR: <total>                      855 us
[2026-04-03T03:16:58.219+0600][39.757s][info][gc,stats    ]   CMR: Thread Roots                 674 us, workers (us): 279, 276, 120, ---, ---, ---, 
[2026-04-03T03:16:58.219+0600][39.757s][info][gc,stats    ]   CMR: VM Strong Roots               24 us, workers (us):  12,   8,   4, ---, ---, ---, 
[2026-04-03T03:16:58.219+0600][39.757s][info][gc,stats    ]   CMR: CLDG Roots                   157 us, workers (us): ---, ---, 157, ---, ---, ---, 
[2026-04-03T03:16:58.219+0600][39.757s][info][gc,stats    ] Concurrent Marking               212707 us
[2026-04-03T03:16:58.219+0600][39.757s][info][gc,stats    ] Pause Final Mark (G)               1102 us
[2026-04-03T03:16:58.219+0600][39.757s][info][gc,stats    ] Pause Final Mark (N)                893 us
[2026-04-03T03:16:58.219+0600][39.757s][info][gc,stats    ]   Finish Mark                       287 us
[2026-04-03T03:16:58.219+0600][39.757s][info][gc,stats    ]   Update Region States               41 us
[2026-04-03T03:16:58.219+0600][39.757s][info][gc,stats    ]   Choose Collection Set             404 us
[2026-04-03T03:16:58.219+0600][39.757s][info][gc,stats    ]   Rebuild Free Set                   41 us
[2026-04-03T03:16:58.219+0600][39.757s][info][gc,stats    ] Concurrent Thread Roots             568 us, parallelism: 1.70x
[2026-04-03T03:16:58.219+0600][39.757s][info][gc,stats    ]   CTR: <total>                      964 us
[2026-04-03T03:16:58.219+0600][39.757s][info][gc,stats    ]   CTR: Thread Roots                 964 us, workers (us): 338, 328, 299, ---, ---, ---, 
[2026-04-03T03:16:58.219+0600][39.757s][info][gc,stats    ] Concurrent Weak References          687 us, parallelism: 0.55x
[2026-04-03T03:16:58.219+0600][39.757s][info][gc,stats    ]   CWRF: <total>                     381 us
[2026-04-03T03:16:58.219+0600][39.757s][info][gc,stats    ]   CWRF: Weak References             381 us, workers (us): 362,  19,   0, ---, ---, ---, 
[2026-04-03T03:16:58.219+0600][39.757s][info][gc,stats    ] Concurrent Weak Roots              1680 us
[2026-04-03T03:16:58.219+0600][39.757s][info][gc,stats    ]   Roots                            1475 us, parallelism: 2.22x
[2026-04-03T03:16:58.219+0600][39.757s][info][gc,stats    ]     CWR: <total>                   3276 us
[2026-04-03T03:16:58.219+0600][39.757s][info][gc,stats    ]     CWR: Code Cache Roots          2099 us, workers (us): 787, 698, 614, ---, ---, ---, 
[2026-04-03T03:16:58.219+0600][39.757s][info][gc,stats    ]     CWR: VM Weak Roots             1086 us, workers (us): 394, 366, 326, ---, ---, ---, 
[2026-04-03T03:16:58.219+0600][39.757s][info][gc,stats    ]     CWR: CLDG Roots                  92 us, workers (us): ---, ---,  92, ---, ---, ---, 
[2026-04-03T03:16:58.219+0600][39.757s][info][gc,stats    ]   Rendezvous                        135 us
[2026-04-03T03:16:58.219+0600][39.757s][info][gc,stats    ] Concurrent Cleanup                  237 us
[2026-04-03T03:16:58.219+0600][39.757s][info][gc,stats    ] Concurrent Class Unloading         4594 us
[2026-04-03T03:16:58.219+0600][39.757s][info][gc,stats    ]   Unlink Stale                     3951 us
[2026-04-03T03:16:58.219+0600][39.757s][info][gc,stats    ]     System Dictionary                69 us
[2026-04-03T03:16:58.219+0600][39.757s][info][gc,stats    ]     Weak Class Links                  0 us
[2026-04-03T03:16:58.219+0600][39.757s][info][gc,stats    ]     Code Roots                     3878 us
[2026-04-03T03:16:58.219+0600][39.757s][info][gc,stats    ]   Rendezvous                        194 us
[2026-04-03T03:16:58.219+0600][39.757s][info][gc,stats    ]   Purge Unlinked                    224 us
[2026-04-03T03:16:58.219+0600][39.757s][info][gc,stats    ]     Code Roots                      214 us
[2026-04-03T03:16:58.219+0600][39.757s][info][gc,stats    ]     CLDG                             10 us
[2026-04-03T03:16:58.219+0600][39.757s][info][gc,stats    ]     Exception Caches                  0 us
[2026-04-03T03:16:58.219+0600][39.757s][info][gc,stats    ] Concurrent Strong Roots             676 us, parallelism: 0.62x
[2026-04-03T03:16:58.219+0600][39.757s][info][gc,stats    ]   CSR: <total>                      417 us
[2026-04-03T03:16:58.219+0600][39.757s][info][gc,stats    ]   CSR: VM Strong Roots               19 us, workers (us):  18,   1,   0, ---, ---, ---, 
[2026-04-03T03:16:58.219+0600][39.758s][info][gc,stats    ]   CSR: CLDG Roots                   398 us, workers (us): 398, ---, ---, ---, ---, ---, 
[2026-04-03T03:16:58.219+0600][39.758s][info][gc,stats    ] Concurrent Evacuation             20480 us
[2026-04-03T03:16:58.219+0600][39.758s][info][gc,stats    ] Pause Init Update Refs (G)          545 us
[2026-04-03T03:16:58.219+0600][39.758s][info][gc,stats    ] Pause Init Update Refs (N)          183 us
[2026-04-03T03:16:58.219+0600][39.758s][info][gc,stats    ]   Manage GCLABs                      42 us
[2026-04-03T03:16:58.219+0600][39.758s][info][gc,stats    ] Concurrent Update Refs           125002 us
[2026-04-03T03:16:58.219+0600][39.758s][info][gc,stats    ] Concurrent Update Thread Roots      882 us
[2026-04-03T03:16:58.219+0600][39.758s][info][gc,stats    ] Pause Final Update Refs (G)         531 us
[2026-04-03T03:16:58.219+0600][39.758s][info][gc,stats    ] Pause Final Update Refs (N)         283 us
[2026-04-03T03:16:58.219+0600][39.758s][info][gc,stats    ]   Update Region States               76 us
[2026-04-03T03:16:58.219+0600][39.758s][info][gc,stats    ]   Trash Collection Set               23 us
[2026-04-03T03:16:58.219+0600][39.758s][info][gc,stats    ]   Rebuild Free Set                   44 us
[2026-04-03T03:16:58.219+0600][39.758s][info][gc,stats    ] Concurrent Cleanup                  437 us
[2026-04-03T03:16:58.219+0600][39.758s][info][gc,stats    ] Pacing                           345529 us
[2026-04-03T03:16:58.219+0600][39.758s][info][gc,stats    ] 
[2026-04-03T03:16:58.219+0600][39.758s][info][gc,stats    ] Allocation pacing accrued:
[2026-04-03T03:16:58.219+0600][39.758s][info][gc,stats    ]     101 of   777 ms ( 13.0%): Executor task launch worker for task 1.0 in stage 2.0 (TID 7)
[2026-04-03T03:16:58.219+0600][39.758s][info][gc,stats    ]     112 of   777 ms ( 14.4%): Executor task launch worker for task 2.0 in stage 2.0 (TID 8)
[2026-04-03T03:16:58.219+0600][39.758s][info][gc,stats    ]     133 of   777 ms ( 17.1%): Executor task launch worker for task 0.0 in stage 2.0 (TID 6)
[2026-04-03T03:16:58.219+0600][39.758s][info][gc,stats    ]     346 of   777 ms ( 44.5%): <total>
[2026-04-03T03:16:58.219+0600][39.758s][info][gc,stats    ]       4 of   777 ms (  0.6%): <average total>
[2026-04-03T03:16:58.219+0600][39.758s][info][gc,stats    ]     115 of   777 ms ( 14.8%): <average non-zero>
[2026-04-03T03:16:58.219+0600][39.758s][info][gc,stats    ] 
[2026-04-03T03:16:58.219+0600][39.758s][info][gc,metaspace] Metaspace: 70320K(71168K)->70320K(71168K) NonClass: 61369K(61824K)->61369K(61824K) Class: 8951K(9344K)->8951K(9344K)
[2026-04-03T03:16:58.219+0600][39.758s][info][gc,ergo     ] Pacer for Idle. Initial: 15360K, Alloc Tax Rate: 1.0x
[2026-04-03T03:16:58.425+0600][39.964s][info][gc          ] Trigger: Average GC time (522.20 ms) is above the time for average allocation rate (469 MB/s) to deplete free headroom (244M) (margin of error = 1.94)
[2026-04-03T03:16:58.425+0600][39.964s][info][gc,ergo     ] Free headroom: 282M (free) - 38400K (spike) - 0B (penalties) = 244M
[2026-04-03T03:16:58.425+0600][39.964s][info][gc,ergo     ] Free: 281M, Max: 256K regular, 141M humongous, Frag: 50% external, 0% internal; Reserve: 38400K, Max: 256K
[2026-04-03T03:16:58.425+0600][39.964s][info][gc,start    ] GC(47) Concurrent reset
[2026-04-03T03:16:58.425+0600][39.964s][info][gc,task     ] GC(47) Using 3 of 6 workers for concurrent reset
[2026-04-03T03:16:58.425+0600][39.964s][info][gc,ergo     ] GC(47) Pacer for Reset. Non-Taxable: 750M
[2026-04-03T03:16:58.427+0600][39.965s][info][gc          ] GC(47) Concurrent reset 1.479ms
[2026-04-03T03:16:58.427+0600][39.965s][info][gc,start    ] GC(47) Pause Init Mark (unload classes)
[2026-04-03T03:16:58.427+0600][39.965s][info][gc,task     ] GC(47) Using 6 of 6 workers for init marking
[2026-04-03T03:16:58.427+0600][39.966s][info][gc,ergo     ] GC(47) Pacer for Mark. Expected Live: 210M, Free: 280M, Non-Taxable: 28700K, Alloc Tax Rate: 0.9x
[2026-04-03T03:16:58.427+0600][39.966s][info][gc          ] GC(47) Pause Init Mark (unload classes) 0.160ms
[2026-04-03T03:16:58.427+0600][39.966s][info][gc,start    ] GC(47) Concurrent marking roots
[2026-04-03T03:16:58.427+0600][39.966s][info][gc,task     ] GC(47) Using 3 of 6 workers for concurrent marking roots
[2026-04-03T03:16:58.428+0600][39.966s][info][gc          ] GC(47) Concurrent marking roots 0.735ms
[2026-04-03T03:16:58.428+0600][39.966s][info][gc,start    ] GC(47) Concurrent marking (unload classes)
[2026-04-03T03:16:58.428+0600][39.966s][info][gc,task     ] GC(47) Using 3 of 6 workers for concurrent marking
[2026-04-03T03:16:58.673+0600][40.211s][info][gc          ] GC(47) Concurrent marking (unload classes) 244.808ms
[2026-04-03T03:16:58.673+0600][40.211s][info][gc,start    ] GC(47) Pause Final Mark (unload classes)
[2026-04-03T03:16:58.673+0600][40.212s][info][gc,task     ] GC(47) Using 6 of 6 workers for final marking
[2026-04-03T03:16:58.674+0600][40.212s][info][gc,ergo     ] GC(47) Adaptive CSet Selection. Target Free: 106M, Actual Free: 361M, Max CSet: 32000K, Min Garbage: 0B
[2026-04-03T03:16:58.674+0600][40.212s][info][gc,ergo     ] GC(47) Collectable Garbage: 232M (97%), Immediate: 99623K (40%), CSet: 135M (56%)
[2026-04-03T03:16:58.674+0600][40.212s][info][gc,ergo     ] GC(47) Pacer for Evacuation. Used CSet: 161M, Free: 326M, Non-Taxable: 33411K, Alloc Tax Rate: 1.2x
[2026-04-03T03:16:58.674+0600][40.212s][info][gc          ] GC(47) Pause Final Mark (unload classes) 0.798ms
[2026-04-03T03:16:58.674+0600][40.212s][info][gc,start    ] GC(47) Concurrent thread roots
[2026-04-03T03:16:58.674+0600][40.212s][info][gc,task     ] GC(47) Using 3 of 6 workers for Concurrent thread roots
[2026-04-03T03:16:58.675+0600][40.213s][info][gc          ] GC(47) Concurrent thread roots 0.568ms
[2026-04-03T03:16:58.675+0600][40.213s][info][gc,start    ] GC(47) Concurrent weak references
[2026-04-03T03:16:58.675+0600][40.213s][info][gc,task     ] GC(47) Using 3 of 6 workers for concurrent weak references
[2026-04-03T03:16:58.675+0600][40.213s][info][gc,ref      ] GC(47) Encountered references: Soft: 3387, Weak: 6024, Final: 82, Phantom: 597
[2026-04-03T03:16:58.675+0600][40.213s][info][gc,ref      ] GC(47) Discovered  references: Soft: 0, Weak: 600, Final: 0, Phantom: 593
[2026-04-03T03:16:58.675+0600][40.213s][info][gc,ref      ] GC(47) Enqueued    references: Soft: 0, Weak: 0, Final: 0, Phantom: 0
[2026-04-03T03:16:58.675+0600][40.213s][info][gc          ] GC(47) Concurrent weak references 0.373ms
[2026-04-03T03:16:58.675+0600][40.213s][info][gc,start    ] GC(47) Concurrent weak roots
[2026-04-03T03:16:58.675+0600][40.213s][info][gc,task     ] GC(47) Using 3 of 6 workers for concurrent weak root
[2026-04-03T03:16:58.677+0600][40.215s][info][gc          ] GC(47) Concurrent weak roots 1.837ms
[2026-04-03T03:16:58.677+0600][40.215s][info][gc,start    ] GC(47) Concurrent cleanup
[2026-04-03T03:16:58.677+0600][40.216s][info][gc          ] GC(47) Concurrent cleanup 481M->383M(750M) 0.236ms
[2026-04-03T03:16:58.677+0600][40.216s][info][gc,ergo     ] GC(47) Free: 326M, Max: 256K regular, 142M humongous, Frag: 57% external, 0% internal; Reserve: 38305K, Max: 256K
[2026-04-03T03:16:58.677+0600][40.216s][info][gc,start    ] GC(47) Concurrent class unloading
[2026-04-03T03:16:58.677+0600][40.216s][info][gc,task     ] GC(47) Using 3 of 6 workers for concurrent class unloading
[2026-04-03T03:16:58.682+0600][40.220s][info][gc          ] GC(47) Concurrent class unloading 4.778ms
[2026-04-03T03:16:58.682+0600][40.220s][info][gc,start    ] GC(47) Concurrent strong roots
[2026-04-03T03:16:58.682+0600][40.220s][info][gc,task     ] GC(47) Using 3 of 6 workers for concurrent strong root
[2026-04-03T03:16:58.683+0600][40.221s][info][gc          ] GC(47) Concurrent strong roots 0.860ms
[2026-04-03T03:16:58.683+0600][40.221s][info][gc,start    ] GC(47) Concurrent evacuation
[2026-04-03T03:16:58.683+0600][40.221s][info][gc,task     ] GC(47) Using 3 of 6 workers for concurrent evacuation
[2026-04-03T03:16:58.704+0600][40.242s][info][gc          ] GC(47) Concurrent evacuation 20.835ms
[2026-04-03T03:16:58.704+0600][40.242s][info][gc,start    ] GC(47) Pause Init Update Refs
[2026-04-03T03:16:58.704+0600][40.243s][info][gc,ergo     ] GC(47) Pacer for Update Refs. Used: 425M, Free: 310M, Non-Taxable: 31773K, Alloc Tax Rate: 1.7x
[2026-04-03T03:16:58.704+0600][40.243s][info][gc          ] GC(47) Pause Init Update Refs 0.129ms
[2026-04-03T03:16:58.704+0600][40.243s][info][gc,start    ] GC(47) Concurrent update references
[2026-04-03T03:16:58.704+0600][40.243s][info][gc,task     ] GC(47) Using 3 of 6 workers for concurrent reference update
[2026-04-03T03:16:58.836+0600][40.375s][info][gc          ] GC(47) Concurrent update references 132.149ms
[2026-04-03T03:16:58.837+0600][40.375s][info][gc,start    ] GC(47) Concurrent update thread roots
[2026-04-03T03:16:58.837+0600][40.376s][info][gc          ] GC(47) Concurrent update thread roots 0.956ms
[2026-04-03T03:16:58.838+0600][40.376s][info][gc,start    ] GC(47) Pause Final Update Refs
[2026-04-03T03:16:58.838+0600][40.376s][info][gc,task     ] GC(47) Using 6 of 6 workers for final reference update
[2026-04-03T03:16:58.838+0600][40.376s][info][gc          ] GC(47) Pause Final Update Refs 0.351ms
[2026-04-03T03:16:58.838+0600][40.377s][info][gc,start    ] GC(47) Concurrent cleanup
[2026-04-03T03:16:58.839+0600][40.377s][info][gc          ] GC(47) Concurrent cleanup 515M->354M(750M) 0.366ms
[2026-04-03T03:16:58.839+0600][40.377s][info][gc,ergo     ] Free: 354M, Max: 256K regular, 136M humongous, Frag: 62% external, 0% internal; Reserve: 38400K, Max: 256K
[2026-04-03T03:16:58.839+0600][40.377s][info][gc,stats    ] 
[2026-04-03T03:16:58.839+0600][40.377s][info][gc,stats    ] All times are wall-clock times, except per-root-class counters, that are sum over
[2026-04-03T03:16:58.839+0600][40.377s][info][gc,stats    ] all workers. Dividing the <total> over the root stage time estimates parallelism.
[2026-04-03T03:16:58.839+0600][40.377s][info][gc,stats    ] 
[2026-04-03T03:16:58.839+0600][40.377s][info][gc,stats    ] Concurrent Reset                   1543 us
[2026-04-03T03:16:58.839+0600][40.377s][info][gc,stats    ] Pause Init Mark (G)                 358 us
[2026-04-03T03:16:58.839+0600][40.377s][info][gc,stats    ] Pause Init Mark (N)                 169 us
[2026-04-03T03:16:58.839+0600][40.377s][info][gc,stats    ]   Update Region States               48 us
[2026-04-03T03:16:58.839+0600][40.377s][info][gc,stats    ] Concurrent Mark Roots               771 us, parallelism: 1.30x
[2026-04-03T03:16:58.839+0600][40.377s][info][gc,stats    ]   CMR: <total>                      999 us
[2026-04-03T03:16:58.839+0600][40.377s][info][gc,stats    ]   CMR: Thread Roots                 752 us, workers (us): 341, 138, 273, ---, ---, ---, 
[2026-04-03T03:16:58.839+0600][40.377s][info][gc,stats    ]   CMR: VM Strong Roots               45 us, workers (us):  19,   7,  19, ---, ---, ---, 
[2026-04-03T03:16:58.839+0600][40.377s][info][gc,stats    ]   CMR: CLDG Roots                   203 us, workers (us): ---, 203, ---, ---, ---, ---, 
[2026-04-03T03:16:58.839+0600][40.377s][info][gc,stats    ] Concurrent Marking               244890 us
[2026-04-03T03:16:58.839+0600][40.377s][info][gc,stats    ] Pause Final Mark (G)               1027 us
[2026-04-03T03:16:58.839+0600][40.377s][info][gc,stats    ] Pause Final Mark (N)                809 us
[2026-04-03T03:16:58.839+0600][40.377s][info][gc,stats    ]   Finish Mark                       179 us
[2026-04-03T03:16:58.839+0600][40.377s][info][gc,stats    ]   Update Region States               62 us
[2026-04-03T03:16:58.839+0600][40.377s][info][gc,stats    ]   Choose Collection Set             354 us
[2026-04-03T03:16:58.839+0600][40.377s][info][gc,stats    ]   Rebuild Free Set                   48 us
[2026-04-03T03:16:58.839+0600][40.377s][info][gc,stats    ] Concurrent Thread Roots             603 us, parallelism: 1.76x
[2026-04-03T03:16:58.839+0600][40.377s][info][gc,stats    ]   CTR: <total>                     1059 us
[2026-04-03T03:16:58.839+0600][40.377s][info][gc,stats    ]   CTR: Thread Roots                1059 us, workers (us): 385, 335, 338, ---, ---, ---, 
[2026-04-03T03:16:58.839+0600][40.377s][info][gc,stats    ] Concurrent Weak References          385 us, parallelism: 0.58x
[2026-04-03T03:16:58.839+0600][40.377s][info][gc,stats    ]   CWRF: <total>                     223 us
[2026-04-03T03:16:58.839+0600][40.378s][info][gc,stats    ]   CWRF: Weak References             223 us, workers (us): 150,  72,   1, ---, ---, ---, 
[2026-04-03T03:16:58.839+0600][40.378s][info][gc,stats    ] Concurrent Weak Roots              1915 us
[2026-04-03T03:16:58.839+0600][40.378s][info][gc,stats    ]   Roots                            1619 us, parallelism: 2.16x
[2026-04-03T03:16:58.839+0600][40.378s][info][gc,stats    ]     CWR: <total>                   3493 us
[2026-04-03T03:16:58.839+0600][40.378s][info][gc,stats    ]     CWR: Code Cache Roots          1990 us, workers (us): 743, 728, 520, ---, ---, ---, 
[2026-04-03T03:16:58.839+0600][40.378s][info][gc,stats    ]     CWR: VM Weak Roots             1321 us, workers (us): 446, 441, 433, ---, ---, ---, 
[2026-04-03T03:16:58.839+0600][40.378s][info][gc,stats    ]     CWR: CLDG Roots                 182 us, workers (us): ---, ---, 182, ---, ---, ---, 
[2026-04-03T03:16:58.839+0600][40.378s][info][gc,stats    ]   Rendezvous                        186 us
[2026-04-03T03:16:58.839+0600][40.378s][info][gc,stats    ] Concurrent Cleanup                  253 us
[2026-04-03T03:16:58.839+0600][40.378s][info][gc,stats    ] Concurrent Class Unloading         4868 us
[2026-04-03T03:16:58.839+0600][40.378s][info][gc,stats    ]   Unlink Stale                     4356 us
[2026-04-03T03:16:58.839+0600][40.378s][info][gc,stats    ]     System Dictionary               127 us
[2026-04-03T03:16:58.839+0600][40.378s][info][gc,stats    ]     Weak Class Links                  0 us
[2026-04-03T03:16:58.839+0600][40.378s][info][gc,stats    ]     Code Roots                     4225 us
[2026-04-03T03:16:58.839+0600][40.378s][info][gc,stats    ]   Rendezvous                        195 us
[2026-04-03T03:16:58.839+0600][40.378s][info][gc,stats    ]   Purge Unlinked                    196 us
[2026-04-03T03:16:58.839+0600][40.378s][info][gc,stats    ]     Code Roots                      186 us
[2026-04-03T03:16:58.839+0600][40.378s][info][gc,stats    ]     CLDG                              9 us
[2026-04-03T03:16:58.839+0600][40.378s][info][gc,stats    ]     Exception Caches                  0 us
[2026-04-03T03:16:58.839+0600][40.378s][info][gc,stats    ] Concurrent Strong Roots             904 us, parallelism: 0.64x
[2026-04-03T03:16:58.839+0600][40.378s][info][gc,stats    ]   CSR: <total>                      576 us
[2026-04-03T03:16:58.839+0600][40.378s][info][gc,stats    ]   CSR: VM Strong Roots               30 us, workers (us):  29,   1,   0, ---, ---, ---, 
[2026-04-03T03:16:58.839+0600][40.378s][info][gc,stats    ]   CSR: CLDG Roots                   546 us, workers (us): 546, ---, ---, ---, ---, ---, 
[2026-04-03T03:16:58.839+0600][40.378s][info][gc,stats    ] Concurrent Evacuation             20935 us
[2026-04-03T03:16:58.839+0600][40.378s][info][gc,stats    ] Pause Init Update Refs (G)          366 us
[2026-04-03T03:16:58.839+0600][40.378s][info][gc,stats    ] Pause Init Update Refs (N)          141 us
[2026-04-03T03:16:58.839+0600][40.378s][info][gc,stats    ]   Manage GCLABs                      13 us
[2026-04-03T03:16:58.839+0600][40.378s][info][gc,stats    ] Concurrent Update Refs           132239 us
[2026-04-03T03:16:58.839+0600][40.378s][info][gc,stats    ] Concurrent Update Thread Roots     1000 us
[2026-04-03T03:16:58.839+0600][40.378s][info][gc,stats    ] Pause Final Update Refs (G)         815 us
[2026-04-03T03:16:58.839+0600][40.378s][info][gc,stats    ] Pause Final Update Refs (N)         452 us
[2026-04-03T03:16:58.839+0600][40.378s][info][gc,stats    ]   Update Region States              200 us
[2026-04-03T03:16:58.839+0600][40.378s][info][gc,stats    ]   Trash Collection Set               26 us
[2026-04-03T03:16:58.839+0600][40.378s][info][gc,stats    ]   Rebuild Free Set                   55 us
[2026-04-03T03:16:58.839+0600][40.378s][info][gc,stats    ] Concurrent Cleanup                  397 us
[2026-04-03T03:16:58.840+0600][40.378s][info][gc,stats    ] Pacing                           509673 us
[2026-04-03T03:16:58.840+0600][40.378s][info][gc,stats    ] 
[2026-04-03T03:16:58.840+0600][40.378s][info][gc,stats    ] Allocation pacing accrued:
[2026-04-03T03:16:58.840+0600][40.378s][info][gc,stats    ]      11 of   620 ms (  1.8%): Spark Context Cleaner
[2026-04-03T03:16:58.840+0600][40.378s][info][gc,stats    ]     166 of   620 ms ( 26.8%): Executor task launch worker for task 1.0 in stage 2.0 (TID 7)
[2026-04-03T03:16:58.840+0600][40.378s][info][gc,stats    ]     166 of   620 ms ( 26.8%): Executor task launch worker for task 2.0 in stage 2.0 (TID 8)
[2026-04-03T03:16:58.840+0600][40.378s][info][gc,stats    ]     166 of   620 ms ( 26.8%): Executor task launch worker for task 0.0 in stage 2.0 (TID 6)
[2026-04-03T03:16:58.840+0600][40.378s][info][gc,stats    ]     510 of   620 ms ( 82.2%): <total>
[2026-04-03T03:16:58.840+0600][40.378s][info][gc,stats    ]       6 of   620 ms (  1.0%): <average total>
[2026-04-03T03:16:58.840+0600][40.378s][info][gc,stats    ]     127 of   620 ms ( 20.5%): <average non-zero>
[2026-04-03T03:16:58.840+0600][40.378s][info][gc,stats    ] 
[2026-04-03T03:16:58.840+0600][40.378s][info][gc,metaspace] Metaspace: 70323K(71168K)->70323K(71168K) NonClass: 61372K(61824K)->61372K(61824K) Class: 8951K(9344K)->8951K(9344K)
[2026-04-03T03:16:58.840+0600][40.378s][info][gc,ergo     ] Pacer for Idle. Initial: 15360K, Alloc Tax Rate: 1.0x
[2026-04-03T03:16:58.932+0600][40.470s][info][gc          ] Trigger: Average GC time (494.71 ms) is above the time for average allocation rate (436 MB/s) to deplete free headroom (215M) (margin of error = 1.94)
[2026-04-03T03:16:58.932+0600][40.470s][info][gc,ergo     ] Free headroom: 252M (free) - 38400K (spike) - 0B (penalties) = 215M
[2026-04-03T03:16:58.932+0600][40.470s][info][gc,ergo     ] Free: 252M, Max: 256K regular, 136M humongous, Frag: 46% external, 0% internal; Reserve: 38400K, Max: 256K
[2026-04-03T03:16:58.932+0600][40.470s][info][gc,start    ] GC(48) Concurrent reset
[2026-04-03T03:16:58.932+0600][40.470s][info][gc,task     ] GC(48) Using 3 of 6 workers for concurrent reset
[2026-04-03T03:16:58.932+0600][40.470s][info][gc,ergo     ] GC(48) Pacer for Reset. Non-Taxable: 750M
[2026-04-03T03:16:58.933+0600][40.472s][info][gc          ] GC(48) Concurrent reset 1.312ms
[2026-04-03T03:16:58.934+0600][40.472s][info][gc,start    ] GC(48) Pause Init Mark (unload classes)
[2026-04-03T03:16:58.934+0600][40.472s][info][gc,task     ] GC(48) Using 6 of 6 workers for init marking
[2026-04-03T03:16:58.934+0600][40.472s][info][gc,ergo     ] GC(48) Pacer for Mark. Expected Live: 213M, Free: 250M, Non-Taxable: 25680K, Alloc Tax Rate: 1.0x
[2026-04-03T03:16:58.934+0600][40.472s][info][gc          ] GC(48) Pause Init Mark (unload classes) 0.140ms
[2026-04-03T03:16:58.934+0600][40.472s][info][gc,start    ] GC(48) Concurrent marking roots
[2026-04-03T03:16:58.934+0600][40.472s][info][gc,task     ] GC(48) Using 3 of 6 workers for concurrent marking roots
[2026-04-03T03:16:58.935+0600][40.473s][info][gc          ] GC(48) Concurrent marking roots 0.687ms
[2026-04-03T03:16:58.935+0600][40.473s][info][gc,start    ] GC(48) Concurrent marking (unload classes)
[2026-04-03T03:16:58.935+0600][40.473s][info][gc,task     ] GC(48) Using 3 of 6 workers for concurrent marking
[2026-04-03T03:16:59.169+0600][40.707s][info][gc          ] GC(48) Concurrent marking (unload classes) 234.262ms
[2026-04-03T03:16:59.169+0600][40.708s][info][gc,start    ] GC(48) Pause Final Mark (unload classes)
[2026-04-03T03:16:59.169+0600][40.708s][info][gc,task     ] GC(48) Using 6 of 6 workers for final marking
[2026-04-03T03:16:59.170+0600][40.708s][info][gc,ergo     ] GC(48) Adaptive CSet Selection. Target Free: 106M, Actual Free: 242M, Max CSet: 32000K, Min Garbage: 0B
[2026-04-03T03:16:59.170+0600][40.709s][info][gc,ergo     ] GC(48) Collectable Garbage: 249M (97%), Immediate: 2816K (1%), CSet: 246M (96%)
[2026-04-03T03:16:59.170+0600][40.709s][info][gc,ergo     ] GC(48) Pacer for Evacuation. Used CSet: 261M, Free: 205M, Non-Taxable: 21046K, Alloc Tax Rate: 3.1x
[2026-04-03T03:16:59.170+0600][40.709s][info][gc          ] GC(48) Pause Final Mark (unload classes) 0.967ms
[2026-04-03T03:16:59.170+0600][40.709s][info][gc,start    ] GC(48) Concurrent thread roots
[2026-04-03T03:16:59.170+0600][40.709s][info][gc,task     ] GC(48) Using 3 of 6 workers for Concurrent thread roots
[2026-04-03T03:16:59.171+0600][40.709s][info][gc          ] GC(48) Concurrent thread roots 0.763ms
[2026-04-03T03:16:59.171+0600][40.710s][info][gc,start    ] GC(48) Concurrent weak references
[2026-04-03T03:16:59.171+0600][40.710s][info][gc,task     ] GC(48) Using 3 of 6 workers for concurrent weak references
[2026-04-03T03:16:59.172+0600][40.710s][info][gc,ref      ] GC(48) Encountered references: Soft: 3387, Weak: 6024, Final: 82, Phantom: 597
[2026-04-03T03:16:59.172+0600][40.710s][info][gc,ref      ] GC(48) Discovered  references: Soft: 0, Weak: 2921, Final: 66, Phantom: 212
[2026-04-03T03:16:59.172+0600][40.710s][info][gc,ref      ] GC(48) Enqueued    references: Soft: 0, Weak: 0, Final: 0, Phantom: 0
[2026-04-03T03:16:59.172+0600][40.710s][info][gc          ] GC(48) Concurrent weak references 0.740ms
[2026-04-03T03:16:59.172+0600][40.710s][info][gc,start    ] GC(48) Concurrent weak roots
[2026-04-03T03:16:59.172+0600][40.710s][info][gc,task     ] GC(48) Using 3 of 6 workers for concurrent weak root
[2026-04-03T03:16:59.174+0600][40.712s][info][gc          ] GC(48) Concurrent weak roots 1.593ms
[2026-04-03T03:16:59.174+0600][40.712s][info][gc,start    ] GC(48) Concurrent cleanup
[2026-04-03T03:16:59.174+0600][40.712s][info][gc          ] GC(48) Concurrent cleanup 507M->505M(750M) 0.484ms
[2026-04-03T03:16:59.174+0600][40.712s][info][gc,ergo     ] GC(48) Free: 204M, Max: 256K regular, 131M humongous, Frag: 36% external, 0% internal; Reserve: 38180K, Max: 256K
[2026-04-03T03:16:59.174+0600][40.712s][info][gc,start    ] GC(48) Concurrent class unloading
[2026-04-03T03:16:59.174+0600][40.712s][info][gc,task     ] GC(48) Using 3 of 6 workers for concurrent class unloading
[2026-04-03T03:16:59.179+0600][40.718s][info][gc          ] GC(48) Concurrent class unloading 5.093ms
[2026-04-03T03:16:59.179+0600][40.718s][info][gc,start    ] GC(48) Concurrent strong roots
[2026-04-03T03:16:59.179+0600][40.718s][info][gc,task     ] GC(48) Using 3 of 6 workers for concurrent strong root
[2026-04-03T03:16:59.180+0600][40.718s][info][gc          ] GC(48) Concurrent strong roots 0.584ms
[2026-04-03T03:16:59.180+0600][40.718s][info][gc,start    ] GC(48) Concurrent evacuation
[2026-04-03T03:16:59.180+0600][40.718s][info][gc,task     ] GC(48) Using 3 of 6 workers for concurrent evacuation
[2026-04-03T03:16:59.197+0600][40.735s][info][gc          ] GC(48) Concurrent evacuation 16.756ms
[2026-04-03T03:16:59.197+0600][40.735s][info][gc,start    ] GC(48) Pause Init Update Refs
[2026-04-03T03:16:59.197+0600][40.735s][info][gc,ergo     ] GC(48) Pacer for Update Refs. Used: 532M, Free: 192M, Non-Taxable: 19715K, Alloc Tax Rate: 3.4x
[2026-04-03T03:16:59.197+0600][40.736s][info][gc          ] GC(48) Pause Init Update Refs 0.091ms
[2026-04-03T03:16:59.197+0600][40.736s][info][gc,start    ] GC(48) Concurrent update references
[2026-04-03T03:16:59.197+0600][40.736s][info][gc,task     ] GC(48) Using 3 of 6 workers for concurrent reference update
[2026-04-03T03:16:59.328+0600][40.867s][info][gc          ] GC(48) Concurrent update references 131.075ms
[2026-04-03T03:16:59.328+0600][40.867s][info][gc,start    ] GC(48) Concurrent update thread roots
[2026-04-03T03:16:59.329+0600][40.868s][info][gc          ] GC(48) Concurrent update thread roots 0.979ms
[2026-04-03T03:16:59.330+0600][40.868s][info][gc,start    ] GC(48) Pause Final Update Refs
[2026-04-03T03:16:59.330+0600][40.868s][info][gc,task     ] GC(48) Using 6 of 6 workers for final reference update
[2026-04-03T03:16:59.330+0600][40.868s][info][gc          ] GC(48) Pause Final Update Refs 0.242ms
[2026-04-03T03:16:59.330+0600][40.869s][info][gc,start    ] GC(48) Concurrent cleanup
[2026-04-03T03:16:59.331+0600][40.869s][info][gc          ] GC(48) Concurrent cleanup 611M->351M(750M) 0.740ms
[2026-04-03T03:16:59.331+0600][40.869s][info][gc,ergo     ] Free: 358M, Max: 256K regular, 59392K humongous, Frag: 84% external, 0% internal; Reserve: 38400K, Max: 256K
[2026-04-03T03:16:59.331+0600][40.869s][info][gc,stats    ] 
[2026-04-03T03:16:59.331+0600][40.869s][info][gc,stats    ] All times are wall-clock times, except per-root-class counters, that are sum over
[2026-04-03T03:16:59.331+0600][40.869s][info][gc,stats    ] all workers. Dividing the <total> over the root stage time estimates parallelism.
[2026-04-03T03:16:59.331+0600][40.869s][info][gc,stats    ] 
[2026-04-03T03:16:59.331+0600][40.869s][info][gc,stats    ] Concurrent Reset                   1511 us
[2026-04-03T03:16:59.331+0600][40.869s][info][gc,stats    ] Pause Init Mark (G)                 534 us
[2026-04-03T03:16:59.331+0600][40.869s][info][gc,stats    ] Pause Init Mark (N)                 150 us
[2026-04-03T03:16:59.331+0600][40.869s][info][gc,stats    ]   Update Region States               36 us
[2026-04-03T03:16:59.331+0600][40.869s][info][gc,stats    ] Concurrent Mark Roots               721 us, parallelism: 1.46x
[2026-04-03T03:16:59.331+0600][40.869s][info][gc,stats    ]   CMR: <total>                     1053 us
[2026-04-03T03:16:59.331+0600][40.869s][info][gc,stats    ]   CMR: Thread Roots                 852 us, workers (us): 219, 322, 311, ---, ---, ---, 
[2026-04-03T03:16:59.331+0600][40.869s][info][gc,stats    ]   CMR: VM Strong Roots               24 us, workers (us):  22,   1,   1, ---, ---, ---, 
[2026-04-03T03:16:59.331+0600][40.869s][info][gc,stats    ]   CMR: CLDG Roots                   178 us, workers (us): 178, ---, ---, ---, ---, ---, 
[2026-04-03T03:16:59.331+0600][40.869s][info][gc,stats    ] Concurrent Marking               234341 us
[2026-04-03T03:16:59.331+0600][40.869s][info][gc,stats    ] Pause Final Mark (G)               1208 us
[2026-04-03T03:16:59.331+0600][40.869s][info][gc,stats    ] Pause Final Mark (N)                979 us
[2026-04-03T03:16:59.331+0600][40.870s][info][gc,stats    ]   Finish Mark                       233 us
[2026-04-03T03:16:59.331+0600][40.870s][info][gc,stats    ]   Update Region States               58 us
[2026-04-03T03:16:59.331+0600][40.870s][info][gc,stats    ]   Choose Collection Set             526 us
[2026-04-03T03:16:59.331+0600][40.870s][info][gc,stats    ]   Rebuild Free Set                   37 us
[2026-04-03T03:16:59.331+0600][40.870s][info][gc,stats    ] Concurrent Thread Roots             821 us, parallelism: 1.47x
[2026-04-03T03:16:59.331+0600][40.870s][info][gc,stats    ]   CTR: <total>                     1203 us
[2026-04-03T03:16:59.331+0600][40.870s][info][gc,stats    ]   CTR: Thread Roots                1203 us, workers (us): 413, 448, 342, ---, ---, ---, 
[2026-04-03T03:16:59.331+0600][40.870s][info][gc,stats    ] Concurrent Weak References          750 us, parallelism: 0.73x
[2026-04-03T03:16:59.331+0600][40.870s][info][gc,stats    ]   CWRF: <total>                     550 us
[2026-04-03T03:16:59.331+0600][40.870s][info][gc,stats    ]   CWRF: Weak References             550 us, workers (us): 496,  53,   1, ---, ---, ---, 
[2026-04-03T03:16:59.331+0600][40.870s][info][gc,stats    ] Concurrent Weak Roots              1647 us
[2026-04-03T03:16:59.331+0600][40.870s][info][gc,stats    ]   Roots                            1334 us, parallelism: 2.40x
[2026-04-03T03:16:59.331+0600][40.870s][info][gc,stats    ]     CWR: <total>                   3198 us
[2026-04-03T03:16:59.331+0600][40.870s][info][gc,stats    ]     CWR: Code Cache Roots          2003 us, workers (us): 629, 690, 683, ---, ---, ---, 
[2026-04-03T03:16:59.331+0600][40.870s][info][gc,stats    ]     CWR: VM Weak Roots             1139 us, workers (us): 432, 378, 329, ---, ---, ---, 
[2026-04-03T03:16:59.331+0600][40.870s][info][gc,stats    ]     CWR: CLDG Roots                  56 us, workers (us):  56, ---, ---, ---, ---, ---, 
[2026-04-03T03:16:59.331+0600][40.870s][info][gc,stats    ]   Rendezvous                        237 us
[2026-04-03T03:16:59.331+0600][40.870s][info][gc,stats    ] Concurrent Cleanup                  501 us
[2026-04-03T03:16:59.331+0600][40.870s][info][gc,stats    ] Concurrent Class Unloading         5167 us
[2026-04-03T03:16:59.331+0600][40.870s][info][gc,stats    ]   Unlink Stale                     4672 us
[2026-04-03T03:16:59.331+0600][40.870s][info][gc,stats    ]     System Dictionary                98 us
[2026-04-03T03:16:59.331+0600][40.870s][info][gc,stats    ]     Weak Class Links                  0 us
[2026-04-03T03:16:59.331+0600][40.870s][info][gc,stats    ]     Code Roots                     4571 us
[2026-04-03T03:16:59.331+0600][40.870s][info][gc,stats    ]   Rendezvous                        248 us
[2026-04-03T03:16:59.331+0600][40.870s][info][gc,stats    ]   Purge Unlinked                    149 us
[2026-04-03T03:16:59.331+0600][40.870s][info][gc,stats    ]     Code Roots                      137 us
[2026-04-03T03:16:59.331+0600][40.870s][info][gc,stats    ]     CLDG                             11 us
[2026-04-03T03:16:59.331+0600][40.870s][info][gc,stats    ]     Exception Caches                  0 us
[2026-04-03T03:16:59.331+0600][40.870s][info][gc,stats    ] Concurrent Strong Roots             616 us, parallelism: 0.64x
[2026-04-03T03:16:59.331+0600][40.870s][info][gc,stats    ]   CSR: <total>                      391 us
[2026-04-03T03:16:59.331+0600][40.870s][info][gc,stats    ]   CSR: VM Strong Roots               34 us, workers (us):  24,   9,   0, ---, ---, ---, 
[2026-04-03T03:16:59.331+0600][40.870s][info][gc,stats    ]   CSR: CLDG Roots                   357 us, workers (us): ---, 357, ---, ---, ---, ---, 
[2026-04-03T03:16:59.331+0600][40.870s][info][gc,stats    ] Concurrent Evacuation             16910 us
[2026-04-03T03:16:59.331+0600][40.870s][info][gc,stats    ] Pause Init Update Refs (G)          510 us
[2026-04-03T03:16:59.331+0600][40.870s][info][gc,stats    ] Pause Init Update Refs (N)          105 us
[2026-04-03T03:16:59.331+0600][40.870s][info][gc,stats    ]   Manage GCLABs                      13 us
[2026-04-03T03:16:59.331+0600][40.870s][info][gc,stats    ] Concurrent Update Refs           131161 us
[2026-04-03T03:16:59.331+0600][40.870s][info][gc,stats    ] Concurrent Update Thread Roots     1035 us
[2026-04-03T03:16:59.331+0600][40.870s][info][gc,stats    ] Pause Final Update Refs (G)         614 us
[2026-04-03T03:16:59.331+0600][40.870s][info][gc,stats    ] Pause Final Update Refs (N)         262 us
[2026-04-03T03:16:59.331+0600][40.870s][info][gc,stats    ]   Update Region States               63 us
[2026-04-03T03:16:59.331+0600][40.870s][info][gc,stats    ]   Trash Collection Set               24 us
[2026-04-03T03:16:59.331+0600][40.870s][info][gc,stats    ]   Rebuild Free Set                   38 us
[2026-04-03T03:16:59.331+0600][40.870s][info][gc,stats    ] Concurrent Cleanup                  766 us
[2026-04-03T03:16:59.331+0600][40.870s][info][gc,stats    ] Pacing                           533542 us
[2026-04-03T03:16:59.331+0600][40.870s][info][gc,stats    ] 
[2026-04-03T03:16:59.331+0600][40.870s][info][gc,stats    ] Allocation pacing accrued:
[2026-04-03T03:16:59.331+0600][40.870s][info][gc,stats    ]      11 of   492 ms (  2.3%): driver-heartbeater
[2026-04-03T03:16:59.331+0600][40.870s][info][gc,stats    ]      11 of   492 ms (  2.3%): Spark Context Cleaner
[2026-04-03T03:16:59.331+0600][40.870s][info][gc,stats    ]      10 of   492 ms (  2.0%): spark-listener-group-appStatus
[2026-04-03T03:16:59.331+0600][40.870s][info][gc,stats    ]      10 of   492 ms (  2.1%): spark-listener-group-executorManagement
[2026-04-03T03:16:59.331+0600][40.870s][info][gc,stats    ]      10 of   492 ms (  2.1%): spark-listener-group-shared
[2026-04-03T03:16:59.331+0600][40.870s][info][gc,stats    ]     167 of   492 ms ( 33.9%): Executor task launch worker for task 1.0 in stage 2.0 (TID 7)
[2026-04-03T03:16:59.331+0600][40.870s][info][gc,stats    ]     146 of   492 ms ( 29.7%): Executor task launch worker for task 2.0 in stage 2.0 (TID 8)
[2026-04-03T03:16:59.332+0600][40.870s][info][gc,stats    ]     168 of   492 ms ( 34.2%): Executor task launch worker for task 0.0 in stage 2.0 (TID 6)
[2026-04-03T03:16:59.332+0600][40.870s][info][gc,stats    ]     534 of   492 ms (108.5%): <total>
[2026-04-03T03:16:59.332+0600][40.870s][info][gc,stats    ]       7 of   492 ms (  1.4%): <average total>
[2026-04-03T03:16:59.332+0600][40.870s][info][gc,stats    ]      67 of   492 ms ( 13.6%): <average non-zero>
[2026-04-03T03:16:59.332+0600][40.870s][info][gc,stats    ] 
[2026-04-03T03:16:59.332+0600][40.870s][info][gc,metaspace] Metaspace: 70324K(71168K)->70326K(71168K) NonClass: 61372K(61824K)->61375K(61824K) Class: 8951K(9344K)->8951K(9344K)
[2026-04-03T03:16:59.332+0600][40.870s][info][gc,ergo     ] Pacer for Idle. Initial: 15360K, Alloc Tax Rate: 1.0x
[2026-04-03T03:16:59.433+0600][40.971s][info][gc          ] Trigger: Average GC time (465.58 ms) is above the time for average allocation rate (737 MB/s) to deplete free headroom (214M) (margin of error = 1.94)
[2026-04-03T03:16:59.433+0600][40.971s][info][gc,ergo     ] Free headroom: 251M (free) - 38400K (spike) - 0B (penalties) = 214M
[2026-04-03T03:16:59.433+0600][40.971s][info][gc,ergo     ] Free: 251M, Max: 256K regular, 59392K humongous, Frag: 77% external, 0% internal; Reserve: 38400K, Max: 256K
[2026-04-03T03:16:59.433+0600][40.971s][info][gc,start    ] GC(49) Concurrent reset
[2026-04-03T03:16:59.433+0600][40.971s][info][gc,task     ] GC(49) Using 3 of 6 workers for concurrent reset
[2026-04-03T03:16:59.433+0600][40.971s][info][gc,ergo     ] GC(49) Pacer for Reset. Non-Taxable: 750M
[2026-04-03T03:16:59.435+0600][40.973s][info][gc          ] GC(49) Concurrent reset 1.798ms
[2026-04-03T03:16:59.435+0600][40.973s][info][gc,start    ] GC(49) Pause Init Mark (unload classes)
[2026-04-03T03:16:59.435+0600][40.973s][info][gc,task     ] GC(49) Using 6 of 6 workers for init marking
[2026-04-03T03:16:59.435+0600][40.974s][info][gc,ergo     ] GC(49) Pacer for Mark. Expected Live: 210M, Free: 250M, Non-Taxable: 25654K, Alloc Tax Rate: 1.0x
[2026-04-03T03:16:59.435+0600][40.974s][info][gc          ] GC(49) Pause Init Mark (unload classes) 0.163ms
[2026-04-03T03:16:59.435+0600][40.974s][info][gc,start    ] GC(49) Concurrent marking roots
[2026-04-03T03:16:59.435+0600][40.974s][info][gc,task     ] GC(49) Using 3 of 6 workers for concurrent marking roots
[2026-04-03T03:16:59.436+0600][40.974s][info][gc          ] GC(49) Concurrent marking roots 0.641ms
[2026-04-03T03:16:59.436+0600][40.974s][info][gc,start    ] GC(49) Concurrent marking (unload classes)
[2026-04-03T03:16:59.436+0600][40.974s][info][gc,task     ] GC(49) Using 3 of 6 workers for concurrent marking
[2026-04-03T03:16:59.699+0600][41.237s][info][gc          ] GC(49) Concurrent marking (unload classes) 262.708ms
[2026-04-03T03:16:59.699+0600][41.237s][info][gc,start    ] GC(49) Pause Final Mark (unload classes)
[2026-04-03T03:16:59.699+0600][41.237s][info][gc,task     ] GC(49) Using 6 of 6 workers for final marking
[2026-04-03T03:16:59.699+0600][41.238s][info][gc,ergo     ] GC(49) Adaptive CSet Selection. Target Free: 106M, Actual Free: 236M, Max CSet: 32000K, Min Garbage: 0B
[2026-04-03T03:16:59.700+0600][41.238s][info][gc,ergo     ] GC(49) Collectable Garbage: 234M (96%), Immediate: 6400K (2%), CSet: 228M (94%)
[2026-04-03T03:16:59.700+0600][41.238s][info][gc,ergo     ] GC(49) Pacer for Evacuation. Used CSet: 241M, Free: 199M, Non-Taxable: 20381K, Alloc Tax Rate: 3.0x
[2026-04-03T03:16:59.700+0600][41.238s][info][gc          ] GC(49) Pause Final Mark (unload classes) 1.012ms
[2026-04-03T03:16:59.700+0600][41.238s][info][gc,start    ] GC(49) Concurrent thread roots
[2026-04-03T03:16:59.700+0600][41.238s][info][gc,task     ] GC(49) Using 3 of 6 workers for Concurrent thread roots
[2026-04-03T03:16:59.700+0600][41.239s][info][gc          ] GC(49) Concurrent thread roots 0.456ms
[2026-04-03T03:16:59.701+0600][41.239s][info][gc,start    ] GC(49) Concurrent weak references
[2026-04-03T03:16:59.701+0600][41.239s][info][gc,task     ] GC(49) Using 3 of 6 workers for concurrent weak references
[2026-04-03T03:16:59.701+0600][41.239s][info][gc,ref      ] GC(49) Encountered references: Soft: 3387, Weak: 6025, Final: 82, Phantom: 597
[2026-04-03T03:16:59.701+0600][41.239s][info][gc,ref      ] GC(49) Discovered  references: Soft: 0, Weak: 827, Final: 0, Phantom: 594
[2026-04-03T03:16:59.701+0600][41.239s][info][gc,ref      ] GC(49) Enqueued    references: Soft: 0, Weak: 1, Final: 0, Phantom: 0
[2026-04-03T03:16:59.701+0600][41.239s][info][gc          ] GC(49) Concurrent weak references 0.412ms
[2026-04-03T03:16:59.701+0600][41.239s][info][gc,start    ] GC(49) Concurrent weak roots
[2026-04-03T03:16:59.701+0600][41.239s][info][gc,task     ] GC(49) Using 3 of 6 workers for concurrent weak root
[2026-04-03T03:16:59.703+0600][41.241s][info][gc          ] GC(49) Concurrent weak roots 2.067ms
[2026-04-03T03:16:59.703+0600][41.241s][info][gc,start    ] GC(49) Concurrent cleanup
[2026-04-03T03:16:59.703+0600][41.242s][info][gc          ] GC(49) Concurrent cleanup 517M->511M(750M) 0.182ms
[2026-04-03T03:16:59.703+0600][41.242s][info][gc,ergo     ] GC(49) Free: 198M, Max: 256K regular, 59392K humongous, Frag: 71% external, 0% internal; Reserve: 38148K, Max: 256K
[2026-04-03T03:16:59.703+0600][41.242s][info][gc,start    ] GC(49) Concurrent class unloading
[2026-04-03T03:16:59.703+0600][41.242s][info][gc,task     ] GC(49) Using 3 of 6 workers for concurrent class unloading
[2026-04-03T03:16:59.708+0600][41.246s][info][gc          ] GC(49) Concurrent class unloading 4.506ms
[2026-04-03T03:16:59.708+0600][41.246s][info][gc,start    ] GC(49) Concurrent strong roots
[2026-04-03T03:16:59.708+0600][41.246s][info][gc,task     ] GC(49) Using 3 of 6 workers for concurrent strong root
[2026-04-03T03:16:59.709+0600][41.247s][info][gc          ] GC(49) Concurrent strong roots 0.685ms
[2026-04-03T03:16:59.709+0600][41.247s][info][gc,start    ] GC(49) Concurrent evacuation
[2026-04-03T03:16:59.709+0600][41.247s][info][gc,task     ] GC(49) Using 3 of 6 workers for concurrent evacuation
[2026-04-03T03:16:59.723+0600][41.262s][info][gc          ] GC(49) Concurrent evacuation 14.529ms
[2026-04-03T03:16:59.724+0600][41.262s][info][gc,start    ] GC(49) Pause Init Update Refs
[2026-04-03T03:16:59.724+0600][41.262s][info][gc,ergo     ] GC(49) Pacer for Update Refs. Used: 534M, Free: 189M, Non-Taxable: 19356K, Alloc Tax Rate: 3.5x
[2026-04-03T03:16:59.724+0600][41.262s][info][gc          ] GC(49) Pause Init Update Refs 0.082ms
[2026-04-03T03:16:59.724+0600][41.262s][info][gc,start    ] GC(49) Concurrent update references
[2026-04-03T03:16:59.724+0600][41.262s][info][gc,task     ] GC(49) Using 3 of 6 workers for concurrent reference update
[2026-04-03T03:16:59.880+0600][41.418s][info][gc          ] GC(49) Concurrent update references 156.023ms
[2026-04-03T03:16:59.880+0600][41.418s][info][gc,start    ] GC(49) Concurrent update thread roots
[2026-04-03T03:16:59.881+0600][41.419s][info][gc          ] GC(49) Concurrent update thread roots 0.764ms
[2026-04-03T03:16:59.881+0600][41.419s][info][gc,start    ] GC(49) Pause Final Update Refs
[2026-04-03T03:16:59.881+0600][41.419s][info][gc,task     ] GC(49) Using 6 of 6 workers for final reference update
[2026-04-03T03:16:59.881+0600][41.420s][info][gc          ] GC(49) Pause Final Update Refs 0.274ms
[2026-04-03T03:16:59.881+0600][41.420s][info][gc,start    ] GC(49) Concurrent cleanup
[2026-04-03T03:16:59.882+0600][41.420s][info][gc          ] GC(49) Concurrent cleanup 639M->398M(750M) 0.354ms
[2026-04-03T03:16:59.882+0600][41.420s][info][gc,ergo     ] Free: 310M, Max: 256K regular, 61184K humongous, Frag: 81% external, 0% internal; Reserve: 38400K, Max: 256K
[2026-04-03T03:16:59.882+0600][41.420s][info][gc,stats    ] 
[2026-04-03T03:16:59.882+0600][41.420s][info][gc,stats    ] All times are wall-clock times, except per-root-class counters, that are sum over
[2026-04-03T03:16:59.882+0600][41.420s][info][gc,stats    ] all workers. Dividing the <total> over the root stage time estimates parallelism.
[2026-04-03T03:16:59.882+0600][41.420s][info][gc,stats    ] 
[2026-04-03T03:16:59.882+0600][41.420s][info][gc,stats    ] Concurrent Reset                   1864 us
[2026-04-03T03:16:59.882+0600][41.420s][info][gc,stats    ] Pause Init Mark (G)                 495 us
[2026-04-03T03:16:59.882+0600][41.420s][info][gc,stats    ] Pause Init Mark (N)                 176 us
[2026-04-03T03:16:59.882+0600][41.420s][info][gc,stats    ]   Update Region States               43 us
[2026-04-03T03:16:59.882+0600][41.420s][info][gc,stats    ] Concurrent Mark Roots               664 us, parallelism: 1.57x
[2026-04-03T03:16:59.882+0600][41.420s][info][gc,stats    ]   CMR: <total>                     1042 us
[2026-04-03T03:16:59.882+0600][41.420s][info][gc,stats    ]   CMR: Thread Roots                 828 us, workers (us): 156, 349, 322, ---, ---, ---, 
[2026-04-03T03:16:59.882+0600][41.420s][info][gc,stats    ]   CMR: VM Strong Roots               21 us, workers (us):  20,   1,   0, ---, ---, ---, 
[2026-04-03T03:16:59.882+0600][41.420s][info][gc,stats    ]   CMR: CLDG Roots                   193 us, workers (us): 193, ---, ---, ---, ---, ---, 
[2026-04-03T03:16:59.882+0600][41.420s][info][gc,stats    ] Concurrent Marking               262778 us
[2026-04-03T03:16:59.882+0600][41.420s][info][gc,stats    ] Pause Final Mark (G)               1252 us
[2026-04-03T03:16:59.882+0600][41.420s][info][gc,stats    ] Pause Final Mark (N)               1026 us
[2026-04-03T03:16:59.882+0600][41.420s][info][gc,stats    ]   Finish Mark                       311 us
[2026-04-03T03:16:59.882+0600][41.420s][info][gc,stats    ]   Update Region States               53 us
[2026-04-03T03:16:59.882+0600][41.420s][info][gc,stats    ]   Choose Collection Set             518 us
[2026-04-03T03:16:59.882+0600][41.420s][info][gc,stats    ]   Rebuild Free Set                   32 us
[2026-04-03T03:16:59.882+0600][41.420s][info][gc,stats    ] Concurrent Thread Roots             491 us, parallelism: 2.11x
[2026-04-03T03:16:59.882+0600][41.420s][info][gc,stats    ]   CTR: <total>                     1037 us
[2026-04-03T03:16:59.882+0600][41.420s][info][gc,stats    ]   CTR: Thread Roots                1037 us, workers (us): 360, 352, 325, ---, ---, ---, 
[2026-04-03T03:16:59.882+0600][41.420s][info][gc,stats    ] Concurrent Weak References          425 us, parallelism: 0.61x
[2026-04-03T03:16:59.882+0600][41.420s][info][gc,stats    ]   CWRF: <total>                     260 us
[2026-04-03T03:16:59.882+0600][41.420s][info][gc,stats    ]   CWRF: Weak References             260 us, workers (us): 168,  75,  17, ---, ---, ---, 
[2026-04-03T03:16:59.882+0600][41.420s][info][gc,stats    ] Concurrent Weak Roots              2123 us
[2026-04-03T03:16:59.882+0600][41.420s][info][gc,stats    ]   Roots                            1816 us, parallelism: 2.48x
[2026-04-03T03:16:59.882+0600][41.420s][info][gc,stats    ]     CWR: <total>                   4513 us
[2026-04-03T03:16:59.882+0600][41.420s][info][gc,stats    ]     CWR: Code Cache Roots          2978 us, workers (us): 855, 1062, 1061, ---, ---, ---, 
[2026-04-03T03:16:59.882+0600][41.420s][info][gc,stats    ]     CWR: VM Weak Roots             1415 us, workers (us): 491, 465, 459, ---, ---, ---, 
[2026-04-03T03:16:59.882+0600][41.421s][info][gc,stats    ]     CWR: CLDG Roots                 120 us, workers (us): 120, ---, ---, ---, ---, ---, 
[2026-04-03T03:16:59.882+0600][41.421s][info][gc,stats    ]   Rendezvous                        198 us
[2026-04-03T03:16:59.882+0600][41.421s][info][gc,stats    ] Concurrent Cleanup                  195 us
[2026-04-03T03:16:59.882+0600][41.421s][info][gc,stats    ] Concurrent Class Unloading         4581 us
[2026-04-03T03:16:59.882+0600][41.421s][info][gc,stats    ]   Unlink Stale                     4162 us
[2026-04-03T03:16:59.882+0600][41.421s][info][gc,stats    ]     System Dictionary                87 us
[2026-04-03T03:16:59.882+0600][41.421s][info][gc,stats    ]     Weak Class Links                  0 us
[2026-04-03T03:16:59.882+0600][41.421s][info][gc,stats    ]     Code Roots                     4071 us
[2026-04-03T03:16:59.882+0600][41.421s][info][gc,stats    ]   Rendezvous                        172 us
[2026-04-03T03:16:59.882+0600][41.421s][info][gc,stats    ]   Purge Unlinked                    143 us
[2026-04-03T03:16:59.882+0600][41.421s][info][gc,stats    ]     Code Roots                      136 us
[2026-04-03T03:16:59.882+0600][41.421s][info][gc,stats    ]     CLDG                              6 us
[2026-04-03T03:16:59.882+0600][41.421s][info][gc,stats    ]     Exception Caches                  0 us
[2026-04-03T03:16:59.882+0600][41.421s][info][gc,stats    ] Concurrent Strong Roots             775 us, parallelism: 0.48x
[2026-04-03T03:16:59.882+0600][41.421s][info][gc,stats    ]   CSR: <total>                      372 us
[2026-04-03T03:16:59.882+0600][41.421s][info][gc,stats    ]   CSR: VM Strong Roots               28 us, workers (us):  26,   1,   0, ---, ---, ---, 
[2026-04-03T03:16:59.882+0600][41.421s][info][gc,stats    ]   CSR: CLDG Roots                   344 us, workers (us): 344, ---, ---, ---, ---, ---, 
[2026-04-03T03:16:59.882+0600][41.421s][info][gc,stats    ] Concurrent Evacuation             14629 us
[2026-04-03T03:16:59.882+0600][41.421s][info][gc,stats    ] Pause Init Update Refs (G)          412 us
[2026-04-03T03:16:59.882+0600][41.421s][info][gc,stats    ] Pause Init Update Refs (N)           98 us
[2026-04-03T03:16:59.882+0600][41.421s][info][gc,stats    ]   Manage GCLABs                      15 us
[2026-04-03T03:16:59.882+0600][41.421s][info][gc,stats    ] Concurrent Update Refs           156143 us
[2026-04-03T03:16:59.882+0600][41.421s][info][gc,stats    ] Concurrent Update Thread Roots      846 us
[2026-04-03T03:16:59.882+0600][41.421s][info][gc,stats    ] Pause Final Update Refs (G)         542 us
[2026-04-03T03:16:59.882+0600][41.421s][info][gc,stats    ] Pause Final Update Refs (N)         288 us
[2026-04-03T03:16:59.882+0600][41.421s][info][gc,stats    ]   Update Region States               52 us
[2026-04-03T03:16:59.882+0600][41.421s][info][gc,stats    ]   Trash Collection Set               22 us
[2026-04-03T03:16:59.882+0600][41.421s][info][gc,stats    ]   Rebuild Free Set                   41 us
[2026-04-03T03:16:59.882+0600][41.421s][info][gc,stats    ] Concurrent Cleanup                  386 us
[2026-04-03T03:16:59.882+0600][41.421s][info][gc,stats    ] Pacing                           524676 us
[2026-04-03T03:16:59.882+0600][41.421s][info][gc,stats    ] 
[2026-04-03T03:16:59.882+0600][41.421s][info][gc,stats    ] Allocation pacing accrued:
[2026-04-03T03:16:59.882+0600][41.421s][info][gc,stats    ]      12 of   551 ms (  2.1%): Spark Context Cleaner
[2026-04-03T03:16:59.882+0600][41.421s][info][gc,stats    ]     177 of   551 ms ( 32.0%): Executor task launch worker for task 1.0 in stage 2.0 (TID 7)
[2026-04-03T03:16:59.882+0600][41.421s][info][gc,stats    ]     179 of   551 ms ( 32.5%): Executor task launch worker for task 2.0 in stage 2.0 (TID 8)
[2026-04-03T03:16:59.882+0600][41.421s][info][gc,stats    ]     158 of   551 ms ( 28.6%): Executor task launch worker for task 0.0 in stage 2.0 (TID 6)
[2026-04-03T03:16:59.883+0600][41.421s][info][gc,stats    ]     525 of   551 ms ( 95.2%): <total>
[2026-04-03T03:16:59.883+0600][41.421s][info][gc,stats    ]       7 of   551 ms (  1.2%): <average total>
[2026-04-03T03:16:59.883+0600][41.421s][info][gc,stats    ]     131 of   551 ms ( 23.8%): <average non-zero>
[2026-04-03T03:16:59.883+0600][41.421s][info][gc,stats    ] 
[2026-04-03T03:16:59.883+0600][41.421s][info][gc,metaspace] Metaspace: 70326K(71168K)->70326K(71168K) NonClass: 61375K(61824K)->61375K(61824K) Class: 8951K(9344K)->8951K(9344K)
[2026-04-03T03:16:59.883+0600][41.421s][info][gc,ergo     ] Pacer for Idle. Initial: 15360K, Alloc Tax Rate: 1.0x
[2026-04-03T03:16:59.884+0600][41.422s][info][gc          ] Trigger: Average GC time (489.54 ms) is above the time for average allocation rate (570 MB/s) to deplete free headroom (271M) (margin of error = 1.96)
[2026-04-03T03:16:59.884+0600][41.422s][info][gc,ergo     ] Free headroom: 309M (free) - 38400K (spike) - 0B (penalties) = 271M
[2026-04-03T03:16:59.884+0600][41.422s][info][gc,ergo     ] Free: 308M, Max: 256K regular, 61184K humongous, Frag: 81% external, 0% internal; Reserve: 38400K, Max: 256K
[2026-04-03T03:16:59.884+0600][41.422s][info][gc,start    ] GC(50) Concurrent reset
[2026-04-03T03:16:59.884+0600][41.422s][info][gc,task     ] GC(50) Using 3 of 6 workers for concurrent reset
[2026-04-03T03:16:59.884+0600][41.422s][info][gc,ergo     ] GC(50) Pacer for Reset. Non-Taxable: 750M
[2026-04-03T03:16:59.886+0600][41.424s][info][gc          ] GC(50) Concurrent reset 1.751ms
[2026-04-03T03:16:59.886+0600][41.424s][info][gc,start    ] GC(50) Pause Init Mark (unload classes)
[2026-04-03T03:16:59.886+0600][41.424s][info][gc,task     ] GC(50) Using 6 of 6 workers for init marking
[2026-04-03T03:16:59.886+0600][41.424s][info][gc,ergo     ] GC(50) Pacer for Mark. Expected Live: 210M, Free: 307M, Non-Taxable: 31491K, Alloc Tax Rate: 0.8x
[2026-04-03T03:16:59.886+0600][41.425s][info][gc          ] GC(50) Pause Init Mark (unload classes) 0.200ms
[2026-04-03T03:16:59.886+0600][41.425s][info][gc,start    ] GC(50) Concurrent marking roots
[2026-04-03T03:16:59.886+0600][41.425s][info][gc,task     ] GC(50) Using 3 of 6 workers for concurrent marking roots
[2026-04-03T03:16:59.887+0600][41.425s][info][gc          ] GC(50) Concurrent marking roots 0.836ms
[2026-04-03T03:16:59.887+0600][41.426s][info][gc,start    ] GC(50) Concurrent marking (unload classes)
[2026-04-03T03:16:59.887+0600][41.426s][info][gc,task     ] GC(50) Using 3 of 6 workers for concurrent marking
[2026-04-03T03:17:00.134+0600][41.672s][info][gc          ] GC(50) Concurrent marking (unload classes) 246.723ms
[2026-04-03T03:17:00.134+0600][41.673s][info][gc,start    ] GC(50) Pause Final Mark (unload classes)
[2026-04-03T03:17:00.134+0600][41.673s][info][gc,task     ] GC(50) Using 6 of 6 workers for final marking
[2026-04-03T03:17:00.135+0600][41.673s][info][gc,ergo     ] GC(50) Adaptive CSet Selection. Target Free: 106M, Actual Free: 283M, Max CSet: 32000K, Min Garbage: 0B
[2026-04-03T03:17:00.135+0600][41.673s][info][gc,ergo     ] GC(50) Collectable Garbage: 170M (94%), Immediate: 3072K (1%), CSet: 167M (93%)
[2026-04-03T03:17:00.135+0600][41.673s][info][gc,ergo     ] GC(50) Pacer for Evacuation. Used CSet: 178M, Free: 246M, Non-Taxable: 25219K, Alloc Tax Rate: 1.8x
[2026-04-03T03:17:00.135+0600][41.673s][info][gc          ] GC(50) Pause Final Mark (unload classes) 0.921ms
[2026-04-03T03:17:00.135+0600][41.674s][info][gc,start    ] GC(50) Concurrent thread roots
[2026-04-03T03:17:00.135+0600][41.674s][info][gc,task     ] GC(50) Using 3 of 6 workers for Concurrent thread roots
[2026-04-03T03:17:00.136+0600][41.674s][info][gc          ] GC(50) Concurrent thread roots 0.534ms
[2026-04-03T03:17:00.136+0600][41.674s][info][gc,start    ] GC(50) Concurrent weak references
[2026-04-03T03:17:00.136+0600][41.674s][info][gc,task     ] GC(50) Using 3 of 6 workers for concurrent weak references
[2026-04-03T03:17:00.136+0600][41.674s][info][gc,ref      ] GC(50) Encountered references: Soft: 3387, Weak: 6024, Final: 82, Phantom: 597
[2026-04-03T03:17:00.136+0600][41.674s][info][gc,ref      ] GC(50) Discovered  references: Soft: 0, Weak: 241, Final: 0, Phantom: 593
[2026-04-03T03:17:00.136+0600][41.674s][info][gc,ref      ] GC(50) Enqueued    references: Soft: 0, Weak: 0, Final: 0, Phantom: 0
[2026-04-03T03:17:00.136+0600][41.674s][info][gc          ] GC(50) Concurrent weak references 0.272ms
[2026-04-03T03:17:00.136+0600][41.674s][info][gc,start    ] GC(50) Concurrent weak roots
[2026-04-03T03:17:00.136+0600][41.674s][info][gc,task     ] GC(50) Using 3 of 6 workers for concurrent weak root
[2026-04-03T03:17:00.138+0600][41.677s][info][gc          ] GC(50) Concurrent weak roots 2.347ms
[2026-04-03T03:17:00.138+0600][41.677s][info][gc,start    ] GC(50) Concurrent cleanup
[2026-04-03T03:17:00.139+0600][41.677s][info][gc          ] GC(50) Concurrent cleanup 468M->465M(750M) 0.209ms
[2026-04-03T03:17:00.139+0600][41.677s][info][gc,ergo     ] GC(50) Free: 244M, Max: 256K regular, 61184K humongous, Frag: 76% external, 0% internal; Reserve: 38047K, Max: 256K
[2026-04-03T03:17:00.139+0600][41.677s][info][gc,start    ] GC(50) Concurrent class unloading
[2026-04-03T03:17:00.139+0600][41.677s][info][gc,task     ] GC(50) Using 3 of 6 workers for concurrent class unloading
[2026-04-03T03:17:00.144+0600][41.682s][info][gc          ] GC(50) Concurrent class unloading 5.231ms
[2026-04-03T03:17:00.144+0600][41.682s][info][gc,start    ] GC(50) Concurrent strong roots
[2026-04-03T03:17:00.144+0600][41.682s][info][gc,task     ] GC(50) Using 3 of 6 workers for concurrent strong root
[2026-04-03T03:17:00.145+0600][41.683s][info][gc          ] GC(50) Concurrent strong roots 0.833ms
[2026-04-03T03:17:00.145+0600][41.683s][info][gc,start    ] GC(50) Concurrent evacuation
[2026-04-03T03:17:00.145+0600][41.683s][info][gc,task     ] GC(50) Using 3 of 6 workers for concurrent evacuation
[2026-04-03T03:17:00.158+0600][41.697s][info][gc          ] GC(50) Concurrent evacuation 13.476ms
[2026-04-03T03:17:00.159+0600][41.697s][info][gc,start    ] GC(50) Pause Init Update Refs
[2026-04-03T03:17:00.159+0600][41.697s][info][gc,ergo     ] GC(50) Pacer for Update Refs. Used: 486M, Free: 234M, Non-Taxable: 24041K, Alloc Tax Rate: 2.5x
[2026-04-03T03:17:00.159+0600][41.697s][info][gc          ] GC(50) Pause Init Update Refs 0.091ms
[2026-04-03T03:17:00.159+0600][41.697s][info][gc,start    ] GC(50) Concurrent update references
[2026-04-03T03:17:00.159+0600][41.697s][info][gc,task     ] GC(50) Using 3 of 6 workers for concurrent reference update
[2026-04-03T03:17:00.310+0600][41.849s][info][gc          ] GC(50) Concurrent update references 151.344ms
[2026-04-03T03:17:00.310+0600][41.849s][info][gc,start    ] GC(50) Concurrent update thread roots
[2026-04-03T03:17:00.311+0600][41.850s][info][gc          ] GC(50) Concurrent update thread roots 0.990ms
[2026-04-03T03:17:00.312+0600][41.850s][info][gc,start    ] GC(50) Pause Final Update Refs
[2026-04-03T03:17:00.312+0600][41.850s][info][gc,task     ] GC(50) Using 6 of 6 workers for final reference update
[2026-04-03T03:17:00.312+0600][41.850s][info][gc          ] GC(50) Pause Final Update Refs 0.236ms
[2026-04-03T03:17:00.312+0600][41.851s][info][gc,start    ] GC(50) Concurrent cleanup
[2026-04-03T03:17:00.312+0600][41.851s][info][gc          ] GC(50) Concurrent cleanup 585M->407M(750M) 0.331ms
[2026-04-03T03:17:00.313+0600][41.851s][info][gc,ergo     ] Free: 302M, Max: 256K regular, 108M humongous, Frag: 65% external, 0% internal; Reserve: 38400K, Max: 256K
[2026-04-03T03:17:00.313+0600][41.851s][info][gc,stats    ] 
[2026-04-03T03:17:00.313+0600][41.851s][info][gc,stats    ] All times are wall-clock times, except per-root-class counters, that are sum over
[2026-04-03T03:17:00.313+0600][41.851s][info][gc,stats    ] all workers. Dividing the <total> over the root stage time estimates parallelism.
[2026-04-03T03:17:00.313+0600][41.851s][info][gc,stats    ] 
[2026-04-03T03:17:00.313+0600][41.851s][info][gc,stats    ] Concurrent Reset                   1866 us
[2026-04-03T03:17:00.313+0600][41.851s][info][gc,stats    ] Pause Init Mark (G)                 509 us
[2026-04-03T03:17:00.313+0600][41.851s][info][gc,stats    ] Pause Init Mark (N)                 210 us
[2026-04-03T03:17:00.313+0600][41.851s][info][gc,stats    ]   Update Region States               43 us
[2026-04-03T03:17:00.313+0600][41.851s][info][gc,stats    ] Concurrent Mark Roots               882 us, parallelism: 1.35x
[2026-04-03T03:17:00.313+0600][41.851s][info][gc,stats    ]   CMR: <total>                     1189 us
[2026-04-03T03:17:00.313+0600][41.851s][info][gc,stats    ]   CMR: Thread Roots                 915 us, workers (us): 379, 155, 382, ---, ---, ---, 
[2026-04-03T03:17:00.313+0600][41.851s][info][gc,stats    ]   CMR: VM Strong Roots               41 us, workers (us):  24,  17,   1, ---, ---, ---, 
[2026-04-03T03:17:00.313+0600][41.851s][info][gc,stats    ]   CMR: CLDG Roots                   233 us, workers (us): ---, 233, ---, ---, ---, ---, 
[2026-04-03T03:17:00.313+0600][41.851s][info][gc,stats    ] Concurrent Marking               246812 us
[2026-04-03T03:17:00.313+0600][41.851s][info][gc,stats    ] Pause Final Mark (G)               1229 us
[2026-04-03T03:17:00.313+0600][41.851s][info][gc,stats    ] Pause Final Mark (N)                933 us
[2026-04-03T03:17:00.313+0600][41.851s][info][gc,stats    ]   Finish Mark                       246 us
[2026-04-03T03:17:00.313+0600][41.851s][info][gc,stats    ]   Update Region States               49 us
[2026-04-03T03:17:00.313+0600][41.851s][info][gc,stats    ]   Choose Collection Set             467 us
[2026-04-03T03:17:00.313+0600][41.851s][info][gc,stats    ]   Rebuild Free Set                   38 us
[2026-04-03T03:17:00.313+0600][41.851s][info][gc,stats    ] Concurrent Thread Roots             581 us, parallelism: 1.70x
[2026-04-03T03:17:00.313+0600][41.851s][info][gc,stats    ]   CTR: <total>                      987 us
[2026-04-03T03:17:00.313+0600][41.851s][info][gc,stats    ]   CTR: Thread Roots                 987 us, workers (us): 335, 326, 326, ---, ---, ---, 
[2026-04-03T03:17:00.313+0600][41.851s][info][gc,stats    ] Concurrent Weak References          285 us, parallelism: 0.37x
[2026-04-03T03:17:00.313+0600][41.851s][info][gc,stats    ]   CWRF: <total>                     105 us
[2026-04-03T03:17:00.313+0600][41.851s][info][gc,stats    ]   CWRF: Weak References             105 us, workers (us):  63,  40,   1, ---, ---, ---, 
[2026-04-03T03:17:00.313+0600][41.851s][info][gc,stats    ] Concurrent Weak Roots              2417 us
[2026-04-03T03:17:00.313+0600][41.851s][info][gc,stats    ]   Roots                            2062 us, parallelism: 2.50x
[2026-04-03T03:17:00.313+0600][41.851s][info][gc,stats    ]     CWR: <total>                   5159 us
[2026-04-03T03:17:00.313+0600][41.851s][info][gc,stats    ]     CWR: Code Cache Roots          3462 us, workers (us): 1214, 1234, 1014, ---, ---, ---, 
[2026-04-03T03:17:00.313+0600][41.851s][info][gc,stats    ]     CWR: VM Weak Roots             1596 us, workers (us): 544, 533, 519, ---, ---, ---, 
[2026-04-03T03:17:00.313+0600][41.851s][info][gc,stats    ]     CWR: CLDG Roots                 100 us, workers (us): ---, ---, 100, ---, ---, ---, 
[2026-04-03T03:17:00.313+0600][41.851s][info][gc,stats    ]   Rendezvous                        255 us
[2026-04-03T03:17:00.313+0600][41.851s][info][gc,stats    ] Concurrent Cleanup                  231 us
[2026-04-03T03:17:00.313+0600][41.851s][info][gc,stats    ] Concurrent Class Unloading         5313 us
[2026-04-03T03:17:00.313+0600][41.851s][info][gc,stats    ]   Unlink Stale                     4947 us
[2026-04-03T03:17:00.313+0600][41.851s][info][gc,stats    ]     System Dictionary                97 us
[2026-04-03T03:17:00.313+0600][41.851s][info][gc,stats    ]     Weak Class Links                  0 us
[2026-04-03T03:17:00.313+0600][41.851s][info][gc,stats    ]     Code Roots                     4845 us
[2026-04-03T03:17:00.313+0600][41.851s][info][gc,stats    ]   Rendezvous                        232 us
[2026-04-03T03:17:00.313+0600][41.851s][info][gc,stats    ]   Purge Unlinked                     16 us
[2026-04-03T03:17:00.313+0600][41.851s][info][gc,stats    ]     Code Roots                        5 us
[2026-04-03T03:17:00.313+0600][41.851s][info][gc,stats    ]     CLDG                             10 us
[2026-04-03T03:17:00.313+0600][41.851s][info][gc,stats    ]     Exception Caches                  0 us
[2026-04-03T03:17:00.313+0600][41.851s][info][gc,stats    ] Concurrent Strong Roots             885 us, parallelism: 0.57x
[2026-04-03T03:17:00.313+0600][41.851s][info][gc,stats    ]   CSR: <total>                      508 us
[2026-04-03T03:17:00.313+0600][41.851s][info][gc,stats    ]   CSR: VM Strong Roots               29 us, workers (us):  16,  12,   0, ---, ---, ---, 
[2026-04-03T03:17:00.313+0600][41.851s][info][gc,stats    ]   CSR: CLDG Roots                   479 us, workers (us): ---, 479, ---, ---, ---, ---, 
[2026-04-03T03:17:00.313+0600][41.851s][info][gc,stats    ] Concurrent Evacuation             13576 us
[2026-04-03T03:17:00.313+0600][41.851s][info][gc,stats    ] Pause Init Update Refs (G)          412 us
[2026-04-03T03:17:00.313+0600][41.852s][info][gc,stats    ] Pause Init Update Refs (N)          117 us
[2026-04-03T03:17:00.313+0600][41.852s][info][gc,stats    ]   Manage GCLABs                      18 us
[2026-04-03T03:17:00.313+0600][41.852s][info][gc,stats    ] Concurrent Update Refs           151450 us
[2026-04-03T03:17:00.313+0600][41.852s][info][gc,stats    ] Concurrent Update Thread Roots     1085 us
[2026-04-03T03:17:00.313+0600][41.852s][info][gc,stats    ] Pause Final Update Refs (G)         607 us
[2026-04-03T03:17:00.313+0600][41.852s][info][gc,stats    ] Pause Final Update Refs (N)         250 us
[2026-04-03T03:17:00.313+0600][41.852s][info][gc,stats    ]   Update Region States               51 us
[2026-04-03T03:17:00.313+0600][41.852s][info][gc,stats    ]   Trash Collection Set               17 us
[2026-04-03T03:17:00.313+0600][41.852s][info][gc,stats    ]   Rebuild Free Set                   40 us
[2026-04-03T03:17:00.313+0600][41.852s][info][gc,stats    ] Concurrent Cleanup                  357 us
[2026-04-03T03:17:00.313+0600][41.852s][info][gc,stats    ] Pacing                           465792 us
[2026-04-03T03:17:00.313+0600][41.852s][info][gc,stats    ] 
[2026-04-03T03:17:00.313+0600][41.852s][info][gc,stats    ] Allocation pacing accrued:
[2026-04-03T03:17:00.313+0600][41.852s][info][gc,stats    ]     154 of   431 ms ( 35.8%): Executor task launch worker for task 1.0 in stage 2.0 (TID 7)
[2026-04-03T03:17:00.313+0600][41.852s][info][gc,stats    ]     155 of   431 ms ( 36.0%): Executor task launch worker for task 2.0 in stage 2.0 (TID 8)
[2026-04-03T03:17:00.313+0600][41.852s][info][gc,stats    ]     157 of   431 ms ( 36.4%): Executor task launch worker for task 0.0 in stage 2.0 (TID 6)
[2026-04-03T03:17:00.313+0600][41.852s][info][gc,stats    ]     466 of   431 ms (108.1%): <total>
[2026-04-03T03:17:00.313+0600][41.852s][info][gc,stats    ]       6 of   431 ms (  1.4%): <average total>
[2026-04-03T03:17:00.313+0600][41.852s][info][gc,stats    ]     155 of   431 ms ( 36.0%): <average non-zero>
[2026-04-03T03:17:00.313+0600][41.852s][info][gc,stats    ] 
[2026-04-03T03:17:00.313+0600][41.852s][info][gc,metaspace] Metaspace: 70326K(71168K)->70326K(71168K) NonClass: 61375K(61824K)->61375K(61824K) Class: 8951K(9344K)->8951K(9344K)
[2026-04-03T03:17:00.313+0600][41.852s][info][gc,ergo     ] Pacer for Idle. Initial: 15360K, Alloc Tax Rate: 1.0x
[2026-04-03T03:17:00.344+0600][41.882s][info][gc          ] Trigger: Average GC time (472.80 ms) is above the time for average allocation rate (496 MB/s) to deplete free headroom (233M) (margin of error = 1.98)
[2026-04-03T03:17:00.344+0600][41.882s][info][gc,ergo     ] Free headroom: 271M (free) - 38400K (spike) - 0B (penalties) = 233M
[2026-04-03T03:17:00.344+0600][41.882s][info][gc,ergo     ] Free: 271M, Max: 256K regular, 108M humongous, Frag: 60% external, 0% internal; Reserve: 38400K, Max: 256K
[2026-04-03T03:17:00.344+0600][41.882s][info][gc,start    ] GC(51) Concurrent reset
[2026-04-03T03:17:00.344+0600][41.882s][info][gc,task     ] GC(51) Using 3 of 6 workers for concurrent reset
[2026-04-03T03:17:00.344+0600][41.882s][info][gc,ergo     ] GC(51) Pacer for Reset. Non-Taxable: 750M
[2026-04-03T03:17:00.345+0600][41.883s][info][gc          ] GC(51) Concurrent reset 1.248ms
[2026-04-03T03:17:00.345+0600][41.884s][info][gc,start    ] GC(51) Pause Init Mark (unload classes)
[2026-04-03T03:17:00.345+0600][41.884s][info][gc,task     ] GC(51) Using 6 of 6 workers for init marking
[2026-04-03T03:17:00.346+0600][41.884s][info][gc,ergo     ] GC(51) Pacer for Mark. Expected Live: 210M, Free: 269M, Non-Taxable: 27627K, Alloc Tax Rate: 1.0x
[2026-04-03T03:17:00.346+0600][41.884s][info][gc          ] GC(51) Pause Init Mark (unload classes) 0.147ms
[2026-04-03T03:17:00.346+0600][41.884s][info][gc,start    ] GC(51) Concurrent marking roots
[2026-04-03T03:17:00.346+0600][41.884s][info][gc,task     ] GC(51) Using 3 of 6 workers for concurrent marking roots
[2026-04-03T03:17:00.346+0600][41.885s][info][gc          ] GC(51) Concurrent marking roots 0.678ms
[2026-04-03T03:17:00.346+0600][41.885s][info][gc,start    ] GC(51) Concurrent marking (unload classes)
[2026-04-03T03:17:00.346+0600][41.885s][info][gc,task     ] GC(51) Using 3 of 6 workers for concurrent marking
[2026-04-03T03:17:00.612+0600][42.150s][info][gc          ] GC(51) Concurrent marking (unload classes) 265.406ms
[2026-04-03T03:17:00.612+0600][42.150s][info][gc,start    ] GC(51) Pause Final Mark (unload classes)
[2026-04-03T03:17:00.612+0600][42.151s][info][gc,task     ] GC(51) Using 6 of 6 workers for final marking
[2026-04-03T03:17:00.613+0600][42.151s][info][gc,ergo     ] GC(51) Adaptive CSet Selection. Target Free: 106M, Actual Free: 257M, Max CSet: 32000K, Min Garbage: 0B
[2026-04-03T03:17:00.613+0600][42.152s][info][gc,ergo     ] GC(51) Collectable Garbage: 200M (94%), Immediate: 6656K (3%), CSet: 194M (91%)
[2026-04-03T03:17:00.613+0600][42.152s][info][gc,ergo     ] GC(51) Pacer for Evacuation. Used CSet: 205M, Free: 220M, Non-Taxable: 22531K, Alloc Tax Rate: 2.3x
[2026-04-03T03:17:00.613+0600][42.152s][info][gc          ] GC(51) Pause Final Mark (unload classes) 1.299ms
[2026-04-03T03:17:00.614+0600][42.152s][info][gc,start    ] GC(51) Concurrent thread roots
[2026-04-03T03:17:00.614+0600][42.152s][info][gc,task     ] GC(51) Using 3 of 6 workers for Concurrent thread roots
[2026-04-03T03:17:00.614+0600][42.153s][info][gc          ] GC(51) Concurrent thread roots 0.572ms
[2026-04-03T03:17:00.614+0600][42.153s][info][gc,start    ] GC(51) Concurrent weak references
[2026-04-03T03:17:00.614+0600][42.153s][info][gc,task     ] GC(51) Using 3 of 6 workers for concurrent weak references
[2026-04-03T03:17:00.614+0600][42.153s][info][gc,ref      ] GC(51) Encountered references: Soft: 3387, Weak: 6024, Final: 82, Phantom: 597
[2026-04-03T03:17:00.614+0600][42.153s][info][gc,ref      ] GC(51) Discovered  references: Soft: 0, Weak: 486, Final: 0, Phantom: 593
[2026-04-03T03:17:00.615+0600][42.153s][info][gc,ref      ] GC(51) Enqueued    references: Soft: 0, Weak: 0, Final: 0, Phantom: 0
[2026-04-03T03:17:00.615+0600][42.153s][info][gc          ] GC(51) Concurrent weak references 0.290ms
[2026-04-03T03:17:00.615+0600][42.153s][info][gc,start    ] GC(51) Concurrent weak roots
[2026-04-03T03:17:00.615+0600][42.153s][info][gc,task     ] GC(51) Using 3 of 6 workers for concurrent weak root
[2026-04-03T03:17:00.617+0600][42.155s][info][gc          ] GC(51) Concurrent weak roots 2.014ms
[2026-04-03T03:17:00.617+0600][42.155s][info][gc,start    ] GC(51) Concurrent cleanup
[2026-04-03T03:17:00.617+0600][42.155s][info][gc          ] GC(51) Concurrent cleanup 497M->491M(750M) 0.191ms
[2026-04-03T03:17:00.617+0600][42.155s][info][gc,ergo     ] GC(51) Free: 218M, Max: 256K regular, 108M humongous, Frag: 51% external, 0% internal; Reserve: 38127K, Max: 256K
[2026-04-03T03:17:00.617+0600][42.155s][info][gc,start    ] GC(51) Concurrent class unloading
[2026-04-03T03:17:00.617+0600][42.155s][info][gc,task     ] GC(51) Using 3 of 6 workers for concurrent class unloading
[2026-04-03T03:17:00.622+0600][42.160s][info][gc          ] GC(51) Concurrent class unloading 5.245ms
[2026-04-03T03:17:00.622+0600][42.161s][info][gc,start    ] GC(51) Concurrent strong roots
[2026-04-03T03:17:00.622+0600][42.161s][info][gc,task     ] GC(51) Using 3 of 6 workers for concurrent strong root
[2026-04-03T03:17:00.623+0600][42.161s][info][gc          ] GC(51) Concurrent strong roots 0.725ms
[2026-04-03T03:17:00.623+0600][42.161s][info][gc,start    ] GC(51) Concurrent evacuation
[2026-04-03T03:17:00.623+0600][42.161s][info][gc,task     ] GC(51) Using 3 of 6 workers for concurrent evacuation
[2026-04-03T03:17:00.636+0600][42.175s][info][gc          ] GC(51) Concurrent evacuation 13.361ms
[2026-04-03T03:17:00.637+0600][42.175s][info][gc,start    ] GC(51) Pause Init Update Refs
[2026-04-03T03:17:00.637+0600][42.175s][info][gc,ergo     ] GC(51) Pacer for Update Refs. Used: 512M, Free: 210M, Non-Taxable: 21507K, Alloc Tax Rate: 3.0x
[2026-04-03T03:17:00.637+0600][42.175s][info][gc          ] GC(51) Pause Init Update Refs 0.184ms
[2026-04-03T03:17:00.637+0600][42.175s][info][gc,start    ] GC(51) Concurrent update references
[2026-04-03T03:17:00.637+0600][42.175s][info][gc,task     ] GC(51) Using 3 of 6 workers for concurrent reference update
[2026-04-03T03:17:00.789+0600][42.327s][info][gc          ] GC(51) Concurrent update references 151.976ms
[2026-04-03T03:17:00.789+0600][42.327s][info][gc,start    ] GC(51) Concurrent update thread roots
[2026-04-03T03:17:00.790+0600][42.328s][info][gc          ] GC(51) Concurrent update thread roots 0.804ms
[2026-04-03T03:17:00.790+0600][42.328s][info][gc,start    ] GC(51) Pause Final Update Refs
[2026-04-03T03:17:00.790+0600][42.328s][info][gc,task     ] GC(51) Using 6 of 6 workers for final reference update
[2026-04-03T03:17:00.790+0600][42.329s][info][gc          ] GC(51) Pause Final Update Refs 0.291ms
[2026-04-03T03:17:00.791+0600][42.329s][info][gc,start    ] GC(51) Concurrent cleanup
[2026-04-03T03:17:00.791+0600][42.330s][info][gc          ] GC(51) Concurrent cleanup 584M->379M(750M) 0.695ms
[2026-04-03T03:17:00.791+0600][42.330s][info][gc,ergo     ] Free: 330M, Max: 256K regular, 98560K humongous, Frag: 71% external, 0% internal; Reserve: 38400K, Max: 256K
[2026-04-03T03:17:00.791+0600][42.330s][info][gc,stats    ] 
[2026-04-03T03:17:00.791+0600][42.330s][info][gc,stats    ] All times are wall-clock times, except per-root-class counters, that are sum over
[2026-04-03T03:17:00.791+0600][42.330s][info][gc,stats    ] all workers. Dividing the <total> over the root stage time estimates parallelism.
[2026-04-03T03:17:00.791+0600][42.330s][info][gc,stats    ] 
[2026-04-03T03:17:00.791+0600][42.330s][info][gc,stats    ] Concurrent Reset                   1316 us
[2026-04-03T03:17:00.791+0600][42.330s][info][gc,stats    ] Pause Init Mark (G)                 590 us
[2026-04-03T03:17:00.791+0600][42.330s][info][gc,stats    ] Pause Init Mark (N)                 155 us
[2026-04-03T03:17:00.791+0600][42.330s][info][gc,stats    ]   Update Region States               40 us
[2026-04-03T03:17:00.791+0600][42.330s][info][gc,stats    ] Concurrent Mark Roots               714 us, parallelism: 1.36x
[2026-04-03T03:17:00.791+0600][42.330s][info][gc,stats    ]   CMR: <total>                      971 us
[2026-04-03T03:17:00.791+0600][42.330s][info][gc,stats    ]   CMR: Thread Roots                 756 us, workers (us): 314, 312, 130, ---, ---, ---, 
[2026-04-03T03:17:00.791+0600][42.330s][info][gc,stats    ]   CMR: VM Strong Roots               28 us, workers (us):  11,  11,   7, ---, ---, ---, 
[2026-04-03T03:17:00.792+0600][42.330s][info][gc,stats    ]   CMR: CLDG Roots                   186 us, workers (us): ---, ---, 186, ---, ---, ---, 
[2026-04-03T03:17:00.792+0600][42.330s][info][gc,stats    ] Concurrent Marking               265495 us
[2026-04-03T03:17:00.792+0600][42.330s][info][gc,stats    ] Pause Final Mark (G)               1638 us
[2026-04-03T03:17:00.792+0600][42.330s][info][gc,stats    ] Pause Final Mark (N)               1311 us
[2026-04-03T03:17:00.792+0600][42.330s][info][gc,stats    ]   Finish Mark                       263 us
[2026-04-03T03:17:00.792+0600][42.330s][info][gc,stats    ]   Update Region States               68 us
[2026-04-03T03:17:00.792+0600][42.330s][info][gc,stats    ]   Choose Collection Set             774 us
[2026-04-03T03:17:00.792+0600][42.330s][info][gc,stats    ]   Rebuild Free Set                   56 us
[2026-04-03T03:17:00.792+0600][42.330s][info][gc,stats    ] Concurrent Thread Roots             608 us, parallelism: 1.73x
[2026-04-03T03:17:00.792+0600][42.330s][info][gc,stats    ]   CTR: <total>                     1053 us
[2026-04-03T03:17:00.792+0600][42.330s][info][gc,stats    ]   CTR: Thread Roots                1053 us, workers (us): 369, 348, 335, ---, ---, ---, 
[2026-04-03T03:17:00.792+0600][42.330s][info][gc,stats    ] Concurrent Weak References          302 us, parallelism: 0.49x
[2026-04-03T03:17:00.792+0600][42.330s][info][gc,stats    ]   CWRF: <total>                     149 us
[2026-04-03T03:17:00.792+0600][42.330s][info][gc,stats    ]   CWRF: Weak References             149 us, workers (us):  72,  68,   9, ---, ---, ---, 
[2026-04-03T03:17:00.792+0600][42.330s][info][gc,stats    ] Concurrent Weak Roots              2063 us
[2026-04-03T03:17:00.792+0600][42.330s][info][gc,stats    ]   Roots                            1770 us, parallelism: 2.44x
[2026-04-03T03:17:00.792+0600][42.330s][info][gc,stats    ]     CWR: <total>                   4317 us
[2026-04-03T03:17:00.792+0600][42.330s][info][gc,stats    ]     CWR: Code Cache Roots          2661 us, workers (us): 851, 882, 928, ---, ---, ---, 
[2026-04-03T03:17:00.792+0600][42.330s][info][gc,stats    ]     CWR: VM Weak Roots             1540 us, workers (us): 555, 502, 483, ---, ---, ---, 
[2026-04-03T03:17:00.792+0600][42.330s][info][gc,stats    ]     CWR: CLDG Roots                 117 us, workers (us): 117, ---, ---, ---, ---, ---, 
[2026-04-03T03:17:00.792+0600][42.330s][info][gc,stats    ]   Rendezvous                        216 us
[2026-04-03T03:17:00.792+0600][42.330s][info][gc,stats    ] Concurrent Cleanup                  211 us
[2026-04-03T03:17:00.792+0600][42.330s][info][gc,stats    ] Concurrent Class Unloading         5325 us
[2026-04-03T03:17:00.792+0600][42.330s][info][gc,stats    ]   Unlink Stale                     4856 us
[2026-04-03T03:17:00.792+0600][42.330s][info][gc,stats    ]     System Dictionary                91 us
[2026-04-03T03:17:00.792+0600][42.330s][info][gc,stats    ]     Weak Class Links                  0 us
[2026-04-03T03:17:00.792+0600][42.330s][info][gc,stats    ]     Code Roots                     4760 us
[2026-04-03T03:17:00.792+0600][42.330s][info][gc,stats    ]   Rendezvous                        226 us
[2026-04-03T03:17:00.792+0600][42.330s][info][gc,stats    ]   Purge Unlinked                    133 us
[2026-04-03T03:17:00.792+0600][42.330s][info][gc,stats    ]     Code Roots                      121 us
[2026-04-03T03:17:00.792+0600][42.330s][info][gc,stats    ]     CLDG                             12 us
[2026-04-03T03:17:00.792+0600][42.330s][info][gc,stats    ]     Exception Caches                  0 us
[2026-04-03T03:17:00.792+0600][42.330s][info][gc,stats    ] Concurrent Strong Roots             768 us, parallelism: 0.62x
[2026-04-03T03:17:00.792+0600][42.330s][info][gc,stats    ]   CSR: <total>                      478 us
[2026-04-03T03:17:00.792+0600][42.330s][info][gc,stats    ]   CSR: VM Strong Roots               36 us, workers (us):  18,  18,   1, ---, ---, ---, 
[2026-04-03T03:17:00.792+0600][42.330s][info][gc,stats    ]   CSR: CLDG Roots                   442 us, workers (us): ---, 442, ---, ---, ---, ---, 
[2026-04-03T03:17:00.792+0600][42.330s][info][gc,stats    ] Concurrent Evacuation             13464 us
[2026-04-03T03:17:00.792+0600][42.330s][info][gc,stats    ] Pause Init Update Refs (G)          525 us
[2026-04-03T03:17:00.792+0600][42.330s][info][gc,stats    ] Pause Init Update Refs (N)          203 us
[2026-04-03T03:17:00.792+0600][42.330s][info][gc,stats    ]   Manage GCLABs                      19 us
[2026-04-03T03:17:00.792+0600][42.330s][info][gc,stats    ] Concurrent Update Refs           152063 us
[2026-04-03T03:17:00.792+0600][42.330s][info][gc,stats    ] Concurrent Update Thread Roots      968 us
[2026-04-03T03:17:00.792+0600][42.330s][info][gc,stats    ] Pause Final Update Refs (G)         603 us
[2026-04-03T03:17:00.792+0600][42.330s][info][gc,stats    ] Pause Final Update Refs (N)         336 us
[2026-04-03T03:17:00.792+0600][42.330s][info][gc,stats    ]   Update Region States              174 us
[2026-04-03T03:17:00.792+0600][42.330s][info][gc,stats    ]   Trash Collection Set               22 us
[2026-04-03T03:17:00.792+0600][42.330s][info][gc,stats    ]   Rebuild Free Set                   37 us
[2026-04-03T03:17:00.792+0600][42.330s][info][gc,stats    ] Concurrent Cleanup                  718 us
[2026-04-03T03:17:00.792+0600][42.330s][info][gc,stats    ] Pacing                           472829 us
[2026-04-03T03:17:00.792+0600][42.330s][info][gc,stats    ] 
[2026-04-03T03:17:00.792+0600][42.330s][info][gc,stats    ] Allocation pacing accrued:
[2026-04-03T03:17:00.792+0600][42.330s][info][gc,stats    ]      11 of   479 ms (  2.4%): Spark Context Cleaner
[2026-04-03T03:17:00.792+0600][42.330s][info][gc,stats    ]     165 of   479 ms ( 34.5%): Executor task launch worker for task 1.0 in stage 2.0 (TID 7)
[2026-04-03T03:17:00.792+0600][42.330s][info][gc,stats    ]     165 of   479 ms ( 34.5%): Executor task launch worker for task 2.0 in stage 2.0 (TID 8)
[2026-04-03T03:17:00.792+0600][42.330s][info][gc,stats    ]     132 of   479 ms ( 27.5%): Executor task launch worker for task 0.0 in stage 2.0 (TID 6)
[2026-04-03T03:17:00.792+0600][42.330s][info][gc,stats    ]     473 of   479 ms ( 98.8%): <total>
[2026-04-03T03:17:00.792+0600][42.330s][info][gc,stats    ]       6 of   479 ms (  1.2%): <average total>
[2026-04-03T03:17:00.792+0600][42.330s][info][gc,stats    ]     118 of   479 ms ( 24.7%): <average non-zero>
[2026-04-03T03:17:00.792+0600][42.330s][info][gc,stats    ] 
[2026-04-03T03:17:00.792+0600][42.330s][info][gc,metaspace] Metaspace: 70326K(71168K)->70327K(71168K) NonClass: 61375K(61824K)->61376K(61824K) Class: 8951K(9344K)->8951K(9344K)
[2026-04-03T03:17:00.792+0600][42.330s][info][gc,ergo     ] Pacer for Idle. Initial: 15360K, Alloc Tax Rate: 1.0x
[2026-04-03T03:17:00.893+0600][42.432s][info][gc          ] Trigger: Average GC time (475.50 ms) is above the time for average allocation rate (627 MB/s) to deplete free headroom (208M) (margin of error = 1.98)
[2026-04-03T03:17:00.893+0600][42.432s][info][gc,ergo     ] Free headroom: 245M (free) - 38400K (spike) - 0B (penalties) = 208M
[2026-04-03T03:17:00.893+0600][42.432s][info][gc,ergo     ] Free: 245M, Max: 256K regular, 98560K humongous, Frag: 61% external, 0% internal; Reserve: 38400K, Max: 256K
[2026-04-03T03:17:00.893+0600][42.432s][info][gc,start    ] GC(52) Concurrent reset
[2026-04-03T03:17:00.893+0600][42.432s][info][gc,task     ] GC(52) Using 3 of 6 workers for concurrent reset
[2026-04-03T03:17:00.893+0600][42.432s][info][gc,ergo     ] GC(52) Pacer for Reset. Non-Taxable: 750M
[2026-04-03T03:17:00.895+0600][42.434s][info][gc          ] GC(52) Concurrent reset 1.834ms
[2026-04-03T03:17:00.895+0600][42.434s][info][gc,start    ] GC(52) Pause Init Mark (unload classes)
[2026-04-03T03:17:00.896+0600][42.434s][info][gc,task     ] GC(52) Using 6 of 6 workers for init marking
[2026-04-03T03:17:00.896+0600][42.434s][info][gc,ergo     ] GC(52) Pacer for Mark. Expected Live: 211M, Free: 243M, Non-Taxable: 24963K, Alloc Tax Rate: 1.1x
[2026-04-03T03:17:00.896+0600][42.434s][info][gc          ] GC(52) Pause Init Mark (unload classes) 0.158ms
[2026-04-03T03:17:00.896+0600][42.434s][info][gc,start    ] GC(52) Concurrent marking roots
[2026-04-03T03:17:00.896+0600][42.434s][info][gc,task     ] GC(52) Using 3 of 6 workers for concurrent marking roots
[2026-04-03T03:17:00.897+0600][42.435s][info][gc          ] GC(52) Concurrent marking roots 0.769ms
[2026-04-03T03:17:00.897+0600][42.435s][info][gc,start    ] GC(52) Concurrent marking (unload classes)
[2026-04-03T03:17:00.897+0600][42.435s][info][gc,task     ] GC(52) Using 3 of 6 workers for concurrent marking
[2026-04-03T03:17:01.156+0600][42.694s][info][gc          ] GC(52) Concurrent marking (unload classes) 259.089ms
[2026-04-03T03:17:01.156+0600][42.694s][info][gc,start    ] GC(52) Pause Final Mark (unload classes)
[2026-04-03T03:17:01.156+0600][42.694s][info][gc,task     ] GC(52) Using 6 of 6 workers for final marking
[2026-04-03T03:17:01.156+0600][42.695s][info][gc,ergo     ] GC(52) Adaptive CSet Selection. Target Free: 106M, Actual Free: 240M, Max CSet: 32000K, Min Garbage: 0B
[2026-04-03T03:17:01.157+0600][42.695s][info][gc,ergo     ] GC(52) Collectable Garbage: 220M (94%), Immediate: 13056K (5%), CSet: 207M (89%)
[2026-04-03T03:17:01.157+0600][42.695s][info][gc,ergo     ] GC(52) Pacer for Evacuation. Used CSet: 222M, Free: 203M, Non-Taxable: 20841K, Alloc Tax Rate: 2.7x
[2026-04-03T03:17:01.157+0600][42.696s][info][gc          ] GC(52) Pause Final Mark (unload classes) 1.155ms
[2026-04-03T03:17:01.157+0600][42.696s][info][gc,start    ] GC(52) Concurrent thread roots
[2026-04-03T03:17:01.157+0600][42.696s][info][gc,task     ] GC(52) Using 3 of 6 workers for Concurrent thread roots
[2026-04-03T03:17:01.158+0600][42.696s][info][gc          ] GC(52) Concurrent thread roots 0.572ms
[2026-04-03T03:17:01.158+0600][42.696s][info][gc,start    ] GC(52) Concurrent weak references
[2026-04-03T03:17:01.158+0600][42.696s][info][gc,task     ] GC(52) Using 3 of 6 workers for concurrent weak references
[2026-04-03T03:17:01.158+0600][42.697s][info][gc,ref      ] GC(52) Encountered references: Soft: 3387, Weak: 6024, Final: 82, Phantom: 598
[2026-04-03T03:17:01.158+0600][42.697s][info][gc,ref      ] GC(52) Discovered  references: Soft: 0, Weak: 405, Final: 0, Phantom: 211
[2026-04-03T03:17:01.158+0600][42.697s][info][gc,ref      ] GC(52) Enqueued    references: Soft: 0, Weak: 0, Final: 0, Phantom: 0
[2026-04-03T03:17:01.158+0600][42.697s][info][gc          ] GC(52) Concurrent weak references 0.289ms
[2026-04-03T03:17:01.158+0600][42.697s][info][gc,start    ] GC(52) Concurrent weak roots
[2026-04-03T03:17:01.158+0600][42.697s][info][gc,task     ] GC(52) Using 3 of 6 workers for concurrent weak root
[2026-04-03T03:17:01.160+0600][42.699s][info][gc          ] GC(52) Concurrent weak roots 2.075ms
[2026-04-03T03:17:01.160+0600][42.699s][info][gc,start    ] GC(52) Concurrent cleanup
[2026-04-03T03:17:01.161+0600][42.699s][info][gc          ] GC(52) Concurrent cleanup 521M->508M(750M) 0.202ms
[2026-04-03T03:17:01.161+0600][42.699s][info][gc,ergo     ] GC(52) Free: 201M, Max: 256K regular, 98560K humongous, Frag: 53% external, 0% internal; Reserve: 38186K, Max: 256K
[2026-04-03T03:17:01.161+0600][42.699s][info][gc,start    ] GC(52) Concurrent class unloading
[2026-04-03T03:17:01.161+0600][42.699s][info][gc,task     ] GC(52) Using 3 of 6 workers for concurrent class unloading
[2026-04-03T03:17:01.167+0600][42.705s][info][gc          ] GC(52) Concurrent class unloading 6.208ms
[2026-04-03T03:17:01.167+0600][42.705s][info][gc,start    ] GC(52) Concurrent strong roots
[2026-04-03T03:17:01.167+0600][42.705s][info][gc,task     ] GC(52) Using 3 of 6 workers for concurrent strong root
[2026-04-03T03:17:01.168+0600][42.706s][info][gc          ] GC(52) Concurrent strong roots 0.780ms
[2026-04-03T03:17:01.168+0600][42.706s][info][gc,start    ] GC(52) Concurrent evacuation
[2026-04-03T03:17:01.168+0600][42.706s][info][gc,task     ] GC(52) Using 3 of 6 workers for concurrent evacuation
[2026-04-03T03:17:01.185+0600][42.723s][info][gc          ] GC(52) Concurrent evacuation 17.297ms
[2026-04-03T03:17:01.185+0600][42.724s][info][gc,start    ] GC(52) Pause Init Update Refs
[2026-04-03T03:17:01.186+0600][42.724s][info][gc,ergo     ] GC(52) Pacer for Update Refs. Used: 538M, Free: 187M, Non-Taxable: 19228K, Alloc Tax Rate: 3.5x
[2026-04-03T03:17:01.186+0600][42.724s][info][gc          ] GC(52) Pause Init Update Refs 0.197ms
[2026-04-03T03:17:01.186+0600][42.724s][info][gc,start    ] GC(52) Concurrent update references
[2026-04-03T03:17:01.186+0600][42.724s][info][gc,task     ] GC(52) Using 3 of 6 workers for concurrent reference update
[2026-04-03T03:17:01.359+0600][42.897s][info][gc          ] GC(52) Concurrent update references 172.915ms
[2026-04-03T03:17:01.359+0600][42.897s][info][gc,start    ] GC(52) Concurrent update thread roots
[2026-04-03T03:17:01.360+0600][42.898s][info][gc          ] GC(52) Concurrent update thread roots 0.789ms
[2026-04-03T03:17:01.360+0600][42.898s][info][gc,start    ] GC(52) Pause Final Update Refs
[2026-04-03T03:17:01.360+0600][42.899s][info][gc,task     ] GC(52) Using 6 of 6 workers for final reference update
[2026-04-03T03:17:01.360+0600][42.899s][info][gc          ] GC(52) Pause Final Update Refs 0.260ms
[2026-04-03T03:17:01.360+0600][42.899s][info][gc,start    ] GC(52) Concurrent cleanup
[2026-04-03T03:17:01.361+0600][42.899s][info][gc          ] GC(52) Concurrent cleanup 638M->416M(750M) 0.489ms
[2026-04-03T03:17:01.361+0600][42.899s][info][gc,ergo     ] Free: 293M, Max: 256K regular, 54784K humongous, Frag: 82% external, 0% internal; Reserve: 38400K, Max: 256K
[2026-04-03T03:17:01.361+0600][42.899s][info][gc,stats    ] 
[2026-04-03T03:17:01.361+0600][42.900s][info][gc,stats    ] All times are wall-clock times, except per-root-class counters, that are sum over
[2026-04-03T03:17:01.361+0600][42.900s][info][gc,stats    ] all workers. Dividing the <total> over the root stage time estimates parallelism.
[2026-04-03T03:17:01.361+0600][42.900s][info][gc,stats    ] 
[2026-04-03T03:17:01.361+0600][42.900s][info][gc,stats    ] Concurrent Reset                   1901 us
[2026-04-03T03:17:01.361+0600][42.900s][info][gc,stats    ] Pause Init Mark (G)                 517 us
[2026-04-03T03:17:01.361+0600][42.900s][info][gc,stats    ] Pause Init Mark (N)                 169 us
[2026-04-03T03:17:01.361+0600][42.900s][info][gc,stats    ]   Update Region States               41 us
[2026-04-03T03:17:01.361+0600][42.900s][info][gc,stats    ] Concurrent Mark Roots               815 us, parallelism: 1.26x
[2026-04-03T03:17:01.361+0600][42.900s][info][gc,stats    ]   CMR: <total>                     1025 us
[2026-04-03T03:17:01.361+0600][42.900s][info][gc,stats    ]   CMR: Thread Roots                 771 us, workers (us): 114, 331, 326, ---, ---, ---, 
[2026-04-03T03:17:01.361+0600][42.900s][info][gc,stats    ]   CMR: VM Strong Roots               26 us, workers (us):  25,   1,   1, ---, ---, ---, 
[2026-04-03T03:17:01.361+0600][42.900s][info][gc,stats    ]   CMR: CLDG Roots                   228 us, workers (us): 228, ---, ---, ---, ---, ---, 
[2026-04-03T03:17:01.361+0600][42.900s][info][gc,stats    ] Concurrent Marking               259198 us
[2026-04-03T03:17:01.361+0600][42.900s][info][gc,stats    ] Pause Final Mark (G)               1563 us
[2026-04-03T03:17:01.361+0600][42.900s][info][gc,stats    ] Pause Final Mark (N)               1167 us
[2026-04-03T03:17:01.361+0600][42.900s][info][gc,stats    ]   Finish Mark                       315 us
[2026-04-03T03:17:01.361+0600][42.900s][info][gc,stats    ]   Update Region States               53 us
[2026-04-03T03:17:01.361+0600][42.900s][info][gc,stats    ]   Choose Collection Set             620 us
[2026-04-03T03:17:01.361+0600][42.900s][info][gc,stats    ]   Rebuild Free Set                   53 us
[2026-04-03T03:17:01.361+0600][42.900s][info][gc,stats    ] Concurrent Thread Roots             615 us, parallelism: 1.71x
[2026-04-03T03:17:01.361+0600][42.900s][info][gc,stats    ]   CTR: <total>                     1049 us
[2026-04-03T03:17:01.361+0600][42.900s][info][gc,stats    ]   CTR: Thread Roots                1049 us, workers (us): 342, 326, 382, ---, ---, ---, 
[2026-04-03T03:17:01.361+0600][42.900s][info][gc,stats    ] Concurrent Weak References          303 us, parallelism: 0.33x
[2026-04-03T03:17:01.361+0600][42.900s][info][gc,stats    ]   CWRF: <total>                      98 us
[2026-04-03T03:17:01.361+0600][42.900s][info][gc,stats    ]   CWRF: Weak References              98 us, workers (us):  33,  65,   0, ---, ---, ---, 
[2026-04-03T03:17:01.361+0600][42.900s][info][gc,stats    ] Concurrent Weak Roots              2141 us
[2026-04-03T03:17:01.361+0600][42.900s][info][gc,stats    ]   Roots                            1779 us, parallelism: 2.42x
[2026-04-03T03:17:01.361+0600][42.900s][info][gc,stats    ]     CWR: <total>                   4298 us
[2026-04-03T03:17:01.361+0600][42.900s][info][gc,stats    ]     CWR: Code Cache Roots          2807 us, workers (us): 871, 1011, 925, ---, ---, ---, 
[2026-04-03T03:17:01.361+0600][42.900s][info][gc,stats    ]     CWR: VM Weak Roots             1448 us, workers (us): 522, 485, 441, ---, ---, ---, 
[2026-04-03T03:17:01.362+0600][42.900s][info][gc,stats    ]     CWR: CLDG Roots                  44 us, workers (us):  44, ---, ---, ---, ---, ---, 
[2026-04-03T03:17:01.362+0600][42.900s][info][gc,stats    ]   Rendezvous                        265 us
[2026-04-03T03:17:01.362+0600][42.900s][info][gc,stats    ] Concurrent Cleanup                  217 us
[2026-04-03T03:17:01.362+0600][42.900s][info][gc,stats    ] Concurrent Class Unloading         6292 us
[2026-04-03T03:17:01.362+0600][42.900s][info][gc,stats    ]   Unlink Stale                     5633 us
[2026-04-03T03:17:01.362+0600][42.900s][info][gc,stats    ]     System Dictionary                92 us
[2026-04-03T03:17:01.362+0600][42.900s][info][gc,stats    ]     Weak Class Links                  0 us
[2026-04-03T03:17:01.362+0600][42.900s][info][gc,stats    ]     Code Roots                     5536 us
[2026-04-03T03:17:01.362+0600][42.900s][info][gc,stats    ]   Rendezvous                        292 us
[2026-04-03T03:17:01.362+0600][42.900s][info][gc,stats    ]   Purge Unlinked                    230 us
[2026-04-03T03:17:01.362+0600][42.900s][info][gc,stats    ]     Code Roots                      220 us
[2026-04-03T03:17:01.362+0600][42.900s][info][gc,stats    ]     CLDG                              9 us
[2026-04-03T03:17:01.362+0600][42.900s][info][gc,stats    ]     Exception Caches                  0 us
[2026-04-03T03:17:01.362+0600][42.900s][info][gc,stats    ] Concurrent Strong Roots             831 us, parallelism: 0.58x
[2026-04-03T03:17:01.362+0600][42.900s][info][gc,stats    ]   CSR: <total>                      485 us
[2026-04-03T03:17:01.362+0600][42.900s][info][gc,stats    ]   CSR: VM Strong Roots               29 us, workers (us):  28,   1,   0, ---, ---, ---, 
[2026-04-03T03:17:01.362+0600][42.900s][info][gc,stats    ]   CSR: CLDG Roots                   457 us, workers (us): ---, 457, ---, ---, ---, ---, 
[2026-04-03T03:17:01.362+0600][42.900s][info][gc,stats    ] Concurrent Evacuation             17413 us
[2026-04-03T03:17:01.362+0600][42.900s][info][gc,stats    ] Pause Init Update Refs (G)          509 us
[2026-04-03T03:17:01.362+0600][42.900s][info][gc,stats    ] Pause Init Update Refs (N)          251 us
[2026-04-03T03:17:01.362+0600][42.900s][info][gc,stats    ]   Manage GCLABs                      45 us
[2026-04-03T03:17:01.362+0600][42.900s][info][gc,stats    ] Concurrent Update Refs           173042 us
[2026-04-03T03:17:01.362+0600][42.900s][info][gc,stats    ] Concurrent Update Thread Roots      836 us
[2026-04-03T03:17:01.362+0600][42.900s][info][gc,stats    ] Pause Final Update Refs (G)         857 us
[2026-04-03T03:17:01.362+0600][42.900s][info][gc,stats    ] Pause Final Update Refs (N)         277 us
[2026-04-03T03:17:01.362+0600][42.900s][info][gc,stats    ]   Update Region States               57 us
[2026-04-03T03:17:01.362+0600][42.900s][info][gc,stats    ]   Trash Collection Set               25 us
[2026-04-03T03:17:01.362+0600][42.900s][info][gc,stats    ]   Rebuild Free Set                   44 us
[2026-04-03T03:17:01.362+0600][42.900s][info][gc,stats    ] Concurrent Cleanup                  528 us
[2026-04-03T03:17:01.362+0600][42.900s][info][gc,stats    ] Pacing                           499065 us
[2026-04-03T03:17:01.362+0600][42.900s][info][gc,stats    ] 
[2026-04-03T03:17:01.362+0600][42.900s][info][gc,stats    ] Allocation pacing accrued:
[2026-04-03T03:17:01.362+0600][42.900s][info][gc,stats    ]     168 of   570 ms ( 29.5%): Executor task launch worker for task 1.0 in stage 2.0 (TID 7)
[2026-04-03T03:17:01.362+0600][42.900s][info][gc,stats    ]     166 of   570 ms ( 29.2%): Executor task launch worker for task 2.0 in stage 2.0 (TID 8)
[2026-04-03T03:17:01.362+0600][42.900s][info][gc,stats    ]     164 of   570 ms ( 28.8%): Executor task launch worker for task 0.0 in stage 2.0 (TID 6)
[2026-04-03T03:17:01.362+0600][42.900s][info][gc,stats    ]     499 of   570 ms ( 87.6%): <total>
[2026-04-03T03:17:01.362+0600][42.900s][info][gc,stats    ]       6 of   570 ms (  1.1%): <average total>
[2026-04-03T03:17:01.362+0600][42.900s][info][gc,stats    ]     166 of   570 ms ( 29.2%): <average non-zero>
[2026-04-03T03:17:01.362+0600][42.900s][info][gc,stats    ] 
[2026-04-03T03:17:01.362+0600][42.900s][info][gc,metaspace] Metaspace: 70327K(71168K)->70327K(71168K) NonClass: 61376K(61824K)->61376K(61824K) Class: 8951K(9344K)->8951K(9344K)
[2026-04-03T03:17:01.362+0600][42.900s][info][gc,ergo     ] Pacer for Idle. Initial: 15360K, Alloc Tax Rate: 1.0x
[2026-04-03T03:17:01.374+0600][42.913s][info][gc          ] Trigger: Average GC time (493.28 ms) is above the time for average allocation rate (505 MB/s) to deplete free headroom (248M) (margin of error = 2.00)
[2026-04-03T03:17:01.375+0600][42.913s][info][gc,ergo     ] Free headroom: 286M (free) - 38400K (spike) - 0B (penalties) = 248M
[2026-04-03T03:17:01.375+0600][42.913s][info][gc,ergo     ] Free: 286M, Max: 256K regular, 54784K humongous, Frag: 82% external, 0% internal; Reserve: 38400K, Max: 256K
[2026-04-03T03:17:01.375+0600][42.913s][info][gc,start    ] GC(53) Concurrent reset
[2026-04-03T03:17:01.375+0600][42.913s][info][gc,task     ] GC(53) Using 3 of 6 workers for concurrent reset
[2026-04-03T03:17:01.375+0600][42.913s][info][gc,ergo     ] GC(53) Pacer for Reset. Non-Taxable: 750M
[2026-04-03T03:17:01.376+0600][42.915s][info][gc          ] GC(53) Concurrent reset 1.634ms
[2026-04-03T03:17:01.377+0600][42.915s][info][gc,start    ] GC(53) Pause Init Mark (unload classes)
[2026-04-03T03:17:01.377+0600][42.915s][info][gc,task     ] GC(53) Using 6 of 6 workers for init marking
[2026-04-03T03:17:01.377+0600][42.915s][info][gc,ergo     ] GC(53) Pacer for Mark. Expected Live: 220M, Free: 285M, Non-Taxable: 29187K, Alloc Tax Rate: 0.9x
[2026-04-03T03:17:01.377+0600][42.915s][info][gc          ] GC(53) Pause Init Mark (unload classes) 0.245ms
[2026-04-03T03:17:01.377+0600][42.915s][info][gc,start    ] GC(53) Concurrent marking roots
[2026-04-03T03:17:01.377+0600][42.915s][info][gc,task     ] GC(53) Using 3 of 6 workers for concurrent marking roots
[2026-04-03T03:17:01.378+0600][42.916s][info][gc          ] GC(53) Concurrent marking roots 0.765ms
[2026-04-03T03:17:01.378+0600][42.916s][info][gc,start    ] GC(53) Concurrent marking (unload classes)
[2026-04-03T03:17:01.378+0600][42.916s][info][gc,task     ] GC(53) Using 3 of 6 workers for concurrent marking
[2026-04-03T03:17:01.638+0600][43.176s][info][gc          ] GC(53) Concurrent marking (unload classes) 259.851ms
[2026-04-03T03:17:01.638+0600][43.176s][info][gc,start    ] GC(53) Pause Final Mark (unload classes)
[2026-04-03T03:17:01.638+0600][43.176s][info][gc,task     ] GC(53) Using 6 of 6 workers for final marking
[2026-04-03T03:17:01.638+0600][43.177s][info][gc,ergo     ] GC(53) Adaptive CSet Selection. Target Free: 106M, Actual Free: 284M, Max CSet: 32000K, Min Garbage: 0B
[2026-04-03T03:17:01.639+0600][43.177s][info][gc,ergo     ] GC(53) Collectable Garbage: 202M (95%), Immediate: 21248K (9%), CSet: 181M (85%)
[2026-04-03T03:17:01.639+0600][43.177s][info][gc,ergo     ] GC(53) Pacer for Evacuation. Used CSet: 204M, Free: 247M, Non-Taxable: 25347K, Alloc Tax Rate: 2.0x
[2026-04-03T03:17:01.639+0600][43.177s][info][gc          ] GC(53) Pause Final Mark (unload classes) 0.899ms
[2026-04-03T03:17:01.639+0600][43.177s][info][gc,start    ] GC(53) Concurrent thread roots
[2026-04-03T03:17:01.639+0600][43.177s][info][gc,task     ] GC(53) Using 3 of 6 workers for Concurrent thread roots
[2026-04-03T03:17:01.639+0600][43.178s][info][gc          ] GC(53) Concurrent thread roots 0.499ms
[2026-04-03T03:17:01.639+0600][43.178s][info][gc,start    ] GC(53) Concurrent weak references
[2026-04-03T03:17:01.639+0600][43.178s][info][gc,task     ] GC(53) Using 3 of 6 workers for concurrent weak references
[2026-04-03T03:17:01.640+0600][43.178s][info][gc,ref      ] GC(53) Encountered references: Soft: 3387, Weak: 6024, Final: 82, Phantom: 598
[2026-04-03T03:17:01.640+0600][43.178s][info][gc,ref      ] GC(53) Discovered  references: Soft: 0, Weak: 1089, Final: 0, Phantom: 594
[2026-04-03T03:17:01.640+0600][43.178s][info][gc,ref      ] GC(53) Enqueued    references: Soft: 0, Weak: 0, Final: 0, Phantom: 0
[2026-04-03T03:17:01.640+0600][43.178s][info][gc          ] GC(53) Concurrent weak references 0.271ms
[2026-04-03T03:17:01.640+0600][43.178s][info][gc,start    ] GC(53) Concurrent weak roots
[2026-04-03T03:17:01.640+0600][43.178s][info][gc,task     ] GC(53) Using 3 of 6 workers for concurrent weak root
[2026-04-03T03:17:01.642+0600][43.180s][info][gc          ] GC(53) Concurrent weak roots 2.181ms
[2026-04-03T03:17:01.642+0600][43.180s][info][gc,start    ] GC(53) Concurrent cleanup
[2026-04-03T03:17:01.642+0600][43.181s][info][gc          ] GC(53) Concurrent cleanup 484M->463M(750M) 0.189ms
[2026-04-03T03:17:01.642+0600][43.181s][info][gc,ergo     ] GC(53) Free: 246M, Max: 256K regular, 54784K humongous, Frag: 79% external, 0% internal; Reserve: 38113K, Max: 256K
[2026-04-03T03:17:01.642+0600][43.181s][info][gc,start    ] GC(53) Concurrent class unloading
[2026-04-03T03:17:01.642+0600][43.181s][info][gc,task     ] GC(53) Using 3 of 6 workers for concurrent class unloading
[2026-04-03T03:17:01.647+0600][43.185s][info][gc          ] GC(53) Concurrent class unloading 4.513ms
[2026-04-03T03:17:01.647+0600][43.185s][info][gc,start    ] GC(53) Concurrent strong roots
[2026-04-03T03:17:01.647+0600][43.185s][info][gc,task     ] GC(53) Using 3 of 6 workers for concurrent strong root
[2026-04-03T03:17:01.648+0600][43.186s][info][gc          ] GC(53) Concurrent strong roots 0.898ms
[2026-04-03T03:17:01.648+0600][43.186s][info][gc,start    ] GC(53) Concurrent evacuation
[2026-04-03T03:17:01.648+0600][43.186s][info][gc,task     ] GC(53) Using 3 of 6 workers for concurrent evacuation
[2026-04-03T03:17:01.670+0600][43.209s][info][gc          ] GC(53) Concurrent evacuation 22.532ms
[2026-04-03T03:17:01.671+0600][43.209s][info][gc,start    ] GC(53) Pause Init Update Refs
[2026-04-03T03:17:01.671+0600][43.209s][info][gc,ergo     ] GC(53) Pacer for Update Refs. Used: 500M, Free: 232M, Non-Taxable: 23759K, Alloc Tax Rate: 2.6x
[2026-04-03T03:17:01.671+0600][43.209s][info][gc          ] GC(53) Pause Init Update Refs 0.151ms
[2026-04-03T03:17:01.671+0600][43.209s][info][gc,start    ] GC(53) Concurrent update references
[2026-04-03T03:17:01.671+0600][43.209s][info][gc,task     ] GC(53) Using 3 of 6 workers for concurrent reference update
[2026-04-03T03:17:01.826+0600][43.365s][info][gc          ] GC(53) Concurrent update references 155.486ms
[2026-04-03T03:17:01.827+0600][43.365s][info][gc,start    ] GC(53) Concurrent update thread roots
[2026-04-03T03:17:01.827+0600][43.366s][info][gc          ] GC(53) Concurrent update thread roots 0.689ms
[2026-04-03T03:17:01.827+0600][43.366s][info][gc,start    ] GC(53) Pause Final Update Refs
[2026-04-03T03:17:01.827+0600][43.366s][info][gc,task     ] GC(53) Using 6 of 6 workers for final reference update
[2026-04-03T03:17:01.828+0600][43.366s][info][gc          ] GC(53) Pause Final Update Refs 0.239ms
[2026-04-03T03:17:01.828+0600][43.366s][info][gc,start    ] GC(53) Concurrent cleanup
[2026-04-03T03:17:01.829+0600][43.367s][info][gc          ] GC(53) Concurrent cleanup 582M->378M(750M) 0.708ms
[2026-04-03T03:17:01.829+0600][43.367s][info][gc,ergo     ] Free: 331M, Max: 256K regular, 76544K humongous, Frag: 78% external, 0% internal; Reserve: 38400K, Max: 256K
[2026-04-03T03:17:01.829+0600][43.367s][info][gc,stats    ] 
[2026-04-03T03:17:01.829+0600][43.367s][info][gc,stats    ] All times are wall-clock times, except per-root-class counters, that are sum over
[2026-04-03T03:17:01.829+0600][43.367s][info][gc,stats    ] all workers. Dividing the <total> over the root stage time estimates parallelism.
[2026-04-03T03:17:01.829+0600][43.367s][info][gc,stats    ] 
[2026-04-03T03:17:01.829+0600][43.367s][info][gc,stats    ] Concurrent Reset                   1707 us
[2026-04-03T03:17:01.829+0600][43.367s][info][gc,stats    ] Pause Init Mark (G)                 584 us
[2026-04-03T03:17:01.829+0600][43.367s][info][gc,stats    ] Pause Init Mark (N)                 255 us
[2026-04-03T03:17:01.829+0600][43.367s][info][gc,stats    ]   Update Region States               44 us
[2026-04-03T03:17:01.829+0600][43.367s][info][gc,stats    ] Concurrent Mark Roots               802 us, parallelism: 1.32x
[2026-04-03T03:17:01.829+0600][43.367s][info][gc,stats    ]   CMR: <total>                     1061 us
[2026-04-03T03:17:01.829+0600][43.367s][info][gc,stats    ]   CMR: Thread Roots                 847 us, workers (us): 194, 359, 295, ---, ---, ---, 
[2026-04-03T03:17:01.829+0600][43.367s][info][gc,stats    ]   CMR: VM Strong Roots               24 us, workers (us):  23,   0,   1, ---, ---, ---, 
[2026-04-03T03:17:01.829+0600][43.367s][info][gc,stats    ]   CMR: CLDG Roots                   189 us, workers (us): 189, ---, ---, ---, ---, ---, 
[2026-04-03T03:17:01.829+0600][43.367s][info][gc,stats    ] Concurrent Marking               259941 us
[2026-04-03T03:17:01.829+0600][43.367s][info][gc,stats    ] Pause Final Mark (G)               1213 us
[2026-04-03T03:17:01.829+0600][43.367s][info][gc,stats    ] Pause Final Mark (N)                911 us
[2026-04-03T03:17:01.829+0600][43.367s][info][gc,stats    ]   Finish Mark                       273 us
[2026-04-03T03:17:01.829+0600][43.367s][info][gc,stats    ]   Update Region States               55 us
[2026-04-03T03:17:01.829+0600][43.367s][info][gc,stats    ]   Choose Collection Set             401 us
[2026-04-03T03:17:01.829+0600][43.367s][info][gc,stats    ]   Rebuild Free Set                   45 us
[2026-04-03T03:17:01.829+0600][43.367s][info][gc,stats    ] Concurrent Thread Roots             549 us, parallelism: 1.75x
[2026-04-03T03:17:01.829+0600][43.367s][info][gc,stats    ]   CTR: <total>                      963 us
[2026-04-03T03:17:01.829+0600][43.367s][info][gc,stats    ]   CTR: Thread Roots                 963 us, workers (us): 326, 318, 320, ---, ---, ---, 
[2026-04-03T03:17:01.829+0600][43.367s][info][gc,stats    ] Concurrent Weak References          281 us, parallelism: 0.79x
[2026-04-03T03:17:01.829+0600][43.367s][info][gc,stats    ]   CWRF: <total>                     221 us
[2026-04-03T03:17:01.829+0600][43.367s][info][gc,stats    ]   CWRF: Weak References             221 us, workers (us): 143,  75,   3, ---, ---, ---, 
[2026-04-03T03:17:01.829+0600][43.367s][info][gc,stats    ] Concurrent Weak Roots              2242 us
[2026-04-03T03:17:01.829+0600][43.367s][info][gc,stats    ]   Roots                            1845 us, parallelism: 2.49x
[2026-04-03T03:17:01.829+0600][43.367s][info][gc,stats    ]     CWR: <total>                   4592 us
[2026-04-03T03:17:01.829+0600][43.367s][info][gc,stats    ]     CWR: Code Cache Roots          3167 us, workers (us): 1029, 1057, 1081, ---, ---, ---, 
[2026-04-03T03:17:01.829+0600][43.367s][info][gc,stats    ]     CWR: VM Weak Roots             1392 us, workers (us): 465, 470, 458, ---, ---, ---, 
[2026-04-03T03:17:01.829+0600][43.367s][info][gc,stats    ]     CWR: CLDG Roots                  33 us, workers (us):  33, ---, ---, ---, ---, ---, 
[2026-04-03T03:17:01.829+0600][43.367s][info][gc,stats    ]   Rendezvous                        309 us
[2026-04-03T03:17:01.829+0600][43.367s][info][gc,stats    ] Concurrent Cleanup                  202 us
[2026-04-03T03:17:01.829+0600][43.367s][info][gc,stats    ] Concurrent Class Unloading         4588 us
[2026-04-03T03:17:01.829+0600][43.367s][info][gc,stats    ]   Unlink Stale                     4316 us
[2026-04-03T03:17:01.829+0600][43.367s][info][gc,stats    ]     System Dictionary                81 us
[2026-04-03T03:17:01.829+0600][43.367s][info][gc,stats    ]     Weak Class Links                  0 us
[2026-04-03T03:17:01.829+0600][43.367s][info][gc,stats    ]     Code Roots                     4231 us
[2026-04-03T03:17:01.829+0600][43.367s][info][gc,stats    ]   Rendezvous                        152 us
[2026-04-03T03:17:01.829+0600][43.367s][info][gc,stats    ]   Purge Unlinked                     12 us
[2026-04-03T03:17:01.829+0600][43.367s][info][gc,stats    ]     Code Roots                        4 us
[2026-04-03T03:17:01.829+0600][43.367s][info][gc,stats    ]     CLDG                              8 us
[2026-04-03T03:17:01.829+0600][43.367s][info][gc,stats    ]     Exception Caches                  1 us
[2026-04-03T03:17:01.829+0600][43.367s][info][gc,stats    ] Concurrent Strong Roots            1006 us, parallelism: 0.55x
[2026-04-03T03:17:01.829+0600][43.367s][info][gc,stats    ]   CSR: <total>                      551 us
[2026-04-03T03:17:01.829+0600][43.367s][info][gc,stats    ]   CSR: VM Strong Roots               32 us, workers (us):  30,   1,   0, ---, ---, ---, 
[2026-04-03T03:17:01.829+0600][43.367s][info][gc,stats    ]   CSR: CLDG Roots                   519 us, workers (us): 519, ---, ---, ---, ---, ---, 
[2026-04-03T03:17:01.829+0600][43.367s][info][gc,stats    ] Concurrent Evacuation             22624 us
[2026-04-03T03:17:01.829+0600][43.367s][info][gc,stats    ] Pause Init Update Refs (G)          450 us
[2026-04-03T03:17:01.829+0600][43.367s][info][gc,stats    ] Pause Init Update Refs (N)          164 us
[2026-04-03T03:17:01.829+0600][43.368s][info][gc,stats    ]   Manage GCLABs                      25 us
[2026-04-03T03:17:01.829+0600][43.368s][info][gc,stats    ] Concurrent Update Refs           155587 us
[2026-04-03T03:17:01.829+0600][43.368s][info][gc,stats    ] Concurrent Update Thread Roots      734 us
[2026-04-03T03:17:01.829+0600][43.368s][info][gc,stats    ] Pause Final Update Refs (G)         609 us
[2026-04-03T03:17:01.829+0600][43.368s][info][gc,stats    ] Pause Final Update Refs (N)         300 us
[2026-04-03T03:17:01.829+0600][43.368s][info][gc,stats    ]   Update Region States               57 us
[2026-04-03T03:17:01.829+0600][43.368s][info][gc,stats    ]   Trash Collection Set               26 us
[2026-04-03T03:17:01.829+0600][43.368s][info][gc,stats    ]   Rebuild Free Set                   56 us
[2026-04-03T03:17:01.829+0600][43.368s][info][gc,stats    ] Concurrent Cleanup                  726 us
[2026-04-03T03:17:01.829+0600][43.368s][info][gc,stats    ] Pacing                           487463 us
[2026-04-03T03:17:01.829+0600][43.368s][info][gc,stats    ] 
[2026-04-03T03:17:01.829+0600][43.368s][info][gc,stats    ] Allocation pacing accrued:
[2026-04-03T03:17:01.829+0600][43.368s][info][gc,stats    ]      11 of   467 ms (  2.4%): Spark Context Cleaner
[2026-04-03T03:17:01.829+0600][43.368s][info][gc,stats    ]     156 of   467 ms ( 33.4%): Executor task launch worker for task 1.0 in stage 2.0 (TID 7)
[2026-04-03T03:17:01.829+0600][43.368s][info][gc,stats    ]     164 of   467 ms ( 35.0%): Executor task launch worker for task 2.0 in stage 2.0 (TID 8)
[2026-04-03T03:17:01.829+0600][43.368s][info][gc,stats    ]     157 of   467 ms ( 33.5%): Executor task launch worker for task 0.0 in stage 2.0 (TID 6)
[2026-04-03T03:17:01.829+0600][43.368s][info][gc,stats    ]     487 of   467 ms (104.3%): <total>
[2026-04-03T03:17:01.829+0600][43.368s][info][gc,stats    ]       6 of   467 ms (  1.3%): <average total>
[2026-04-03T03:17:01.829+0600][43.368s][info][gc,stats    ]     122 of   467 ms ( 26.1%): <average non-zero>
[2026-04-03T03:17:01.829+0600][43.368s][info][gc,stats    ] 
[2026-04-03T03:17:01.829+0600][43.368s][info][gc,metaspace] Metaspace: 70327K(71168K)->70334K(71168K) NonClass: 61376K(61824K)->61382K(61824K) Class: 8951K(9344K)->8951K(9344K)
[2026-04-03T03:17:01.829+0600][43.368s][info][gc,ergo     ] Pacer for Idle. Initial: 15360K, Alloc Tax Rate: 1.0x
[2026-04-03T03:17:01.921+0600][43.460s][info][gc          ] Trigger: Average GC time (482.10 ms) is above the time for average allocation rate (439 MB/s) to deplete free headroom (211M) (margin of error = 2.00)
[2026-04-03T03:17:01.922+0600][43.460s][info][gc,ergo     ] Free headroom: 248M (free) - 38400K (spike) - 0B (penalties) = 211M
[2026-04-03T03:17:01.922+0600][43.460s][info][gc,ergo     ] Free: 248M, Max: 256K regular, 76544K humongous, Frag: 70% external, 0% internal; Reserve: 38400K, Max: 256K
[2026-04-03T03:17:01.922+0600][43.460s][info][gc,start    ] GC(54) Concurrent reset
[2026-04-03T03:17:01.922+0600][43.460s][info][gc,task     ] GC(54) Using 3 of 6 workers for concurrent reset
[2026-04-03T03:17:01.922+0600][43.460s][info][gc,ergo     ] GC(54) Pacer for Reset. Non-Taxable: 750M
[2026-04-03T03:17:01.923+0600][43.462s][info][gc          ] GC(54) Concurrent reset 1.502ms
[2026-04-03T03:17:01.923+0600][43.462s][info][gc,start    ] GC(54) Pause Init Mark (unload classes)
[2026-04-03T03:17:01.924+0600][43.462s][info][gc,task     ] GC(54) Using 6 of 6 workers for init marking
[2026-04-03T03:17:01.924+0600][43.462s][info][gc,ergo     ] GC(54) Pacer for Mark. Expected Live: 222M, Free: 247M, Non-Taxable: 25296K, Alloc Tax Rate: 1.1x
[2026-04-03T03:17:01.924+0600][43.462s][info][gc          ] GC(54) Pause Init Mark (unload classes) 0.165ms
[2026-04-03T03:17:01.924+0600][43.462s][info][gc,start    ] GC(54) Concurrent marking roots
[2026-04-03T03:17:01.924+0600][43.462s][info][gc,task     ] GC(54) Using 3 of 6 workers for concurrent marking roots
[2026-04-03T03:17:01.924+0600][43.463s][info][gc          ] GC(54) Concurrent marking roots 0.797ms
[2026-04-03T03:17:01.924+0600][43.463s][info][gc,start    ] GC(54) Concurrent marking (unload classes)
[2026-04-03T03:17:01.925+0600][43.463s][info][gc,task     ] GC(54) Using 3 of 6 workers for concurrent marking
[2026-04-03T03:17:02.176+0600][43.714s][info][gc          ] GC(54) Concurrent marking (unload classes) 251.102ms
[2026-04-03T03:17:02.176+0600][43.714s][info][gc,start    ] GC(54) Pause Final Mark (unload classes)
[2026-04-03T03:17:02.176+0600][43.714s][info][gc,task     ] GC(54) Using 6 of 6 workers for final marking
[2026-04-03T03:17:02.176+0600][43.715s][info][gc,ergo     ] GC(54) Adaptive CSet Selection. Target Free: 106M, Actual Free: 235M, Max CSet: 32000K, Min Garbage: 0B
[2026-04-03T03:17:02.177+0600][43.715s][info][gc,ergo     ] GC(54) Collectable Garbage: 232M (95%), Immediate: 6656K (2%), CSet: 225M (92%)
[2026-04-03T03:17:02.177+0600][43.715s][info][gc,ergo     ] GC(54) Pacer for Evacuation. Used CSet: 241M, Free: 198M, Non-Taxable: 20304K, Alloc Tax Rate: 3.0x
[2026-04-03T03:17:02.177+0600][43.715s][info][gc          ] GC(54) Pause Final Mark (unload classes) 1.295ms
[2026-04-03T03:17:02.177+0600][43.716s][info][gc,start    ] GC(54) Concurrent thread roots
[2026-04-03T03:17:02.177+0600][43.716s][info][gc,task     ] GC(54) Using 3 of 6 workers for Concurrent thread roots
[2026-04-03T03:17:02.178+0600][43.716s][info][gc          ] GC(54) Concurrent thread roots 0.601ms
[2026-04-03T03:17:02.178+0600][43.716s][info][gc,start    ] GC(54) Concurrent weak references
[2026-04-03T03:17:02.178+0600][43.716s][info][gc,task     ] GC(54) Using 3 of 6 workers for concurrent weak references
[2026-04-03T03:17:02.178+0600][43.716s][info][gc,ref      ] GC(54) Encountered references: Soft: 3387, Weak: 6029, Final: 82, Phantom: 596
[2026-04-03T03:17:02.178+0600][43.716s][info][gc,ref      ] GC(54) Discovered  references: Soft: 0, Weak: 210, Final: 0, Phantom: 235
[2026-04-03T03:17:02.178+0600][43.716s][info][gc,ref      ] GC(54) Enqueued    references: Soft: 0, Weak: 5, Final: 0, Phantom: 0
[2026-04-03T03:17:02.178+0600][43.716s][info][gc          ] GC(54) Concurrent weak references 0.197ms
[2026-04-03T03:17:02.178+0600][43.716s][info][gc,start    ] GC(54) Concurrent weak roots
[2026-04-03T03:17:02.178+0600][43.716s][info][gc,task     ] GC(54) Using 3 of 6 workers for concurrent weak root
[2026-04-03T03:17:02.181+0600][43.719s][info][gc          ] GC(54) Concurrent weak roots 2.500ms
[2026-04-03T03:17:02.181+0600][43.719s][info][gc,start    ] GC(54) Concurrent cleanup
[2026-04-03T03:17:02.181+0600][43.720s][info][gc          ] GC(54) Concurrent cleanup 520M->514M(750M) 0.540ms
[2026-04-03T03:17:02.181+0600][43.720s][info][gc,ergo     ] GC(54) Free: 196M, Max: 256K regular, 91904K humongous, Frag: 55% external, 0% internal; Reserve: 38230K, Max: 256K
[2026-04-03T03:17:02.181+0600][43.720s][info][gc,start    ] GC(54) Concurrent class unloading
[2026-04-03T03:17:02.181+0600][43.720s][info][gc,task     ] GC(54) Using 3 of 6 workers for concurrent class unloading
[2026-04-03T03:17:02.187+0600][43.725s][info][gc          ] GC(54) Concurrent class unloading 5.800ms
[2026-04-03T03:17:02.187+0600][43.726s][info][gc,start    ] GC(54) Concurrent strong roots
[2026-04-03T03:17:02.187+0600][43.726s][info][gc,task     ] GC(54) Using 3 of 6 workers for concurrent strong root
[2026-04-03T03:17:02.188+0600][43.726s][info][gc          ] GC(54) Concurrent strong roots 0.732ms
[2026-04-03T03:17:02.188+0600][43.726s][info][gc,start    ] GC(54) Concurrent evacuation
[2026-04-03T03:17:02.188+0600][43.726s][info][gc,task     ] GC(54) Using 3 of 6 workers for concurrent evacuation
[2026-04-03T03:17:02.205+0600][43.743s][info][gc          ] GC(54) Concurrent evacuation 16.981ms
[2026-04-03T03:17:02.205+0600][43.744s][info][gc,start    ] GC(54) Pause Init Update Refs
[2026-04-03T03:17:02.205+0600][43.744s][info][gc,ergo     ] GC(54) Pacer for Update Refs. Used: 542M, Free: 183M, Non-Taxable: 18793K, Alloc Tax Rate: 3.6x
[2026-04-03T03:17:02.205+0600][43.744s][info][gc          ] GC(54) Pause Init Update Refs 0.079ms
[2026-04-03T03:17:02.205+0600][43.744s][info][gc,start    ] GC(54) Concurrent update references
[2026-04-03T03:17:02.205+0600][43.744s][info][gc,task     ] GC(54) Using 3 of 6 workers for concurrent reference update
[2026-04-03T03:17:02.351+0600][43.889s][info][gc          ] GC(54) Concurrent update references 145.388ms
[2026-04-03T03:17:02.351+0600][43.889s][info][gc,start    ] GC(54) Concurrent update thread roots
[2026-04-03T03:17:02.352+0600][43.890s][info][gc          ] GC(54) Concurrent update thread roots 0.863ms
[2026-04-03T03:17:02.352+0600][43.890s][info][gc,start    ] GC(54) Pause Final Update Refs
[2026-04-03T03:17:02.352+0600][43.890s][info][gc,task     ] GC(54) Using 6 of 6 workers for final reference update
[2026-04-03T03:17:02.352+0600][43.891s][info][gc          ] GC(54) Pause Final Update Refs 0.174ms
[2026-04-03T03:17:02.352+0600][43.891s][info][gc,start    ] GC(54) Concurrent cleanup
[2026-04-03T03:17:02.353+0600][43.891s][info][gc          ] GC(54) Concurrent cleanup 628M->387M(750M) 0.777ms
[2026-04-03T03:17:02.353+0600][43.892s][info][gc,ergo     ] Free: 322M, Max: 256K regular, 48384K humongous, Frag: 86% external, 0% internal; Reserve: 38400K, Max: 256K
[2026-04-03T03:17:02.353+0600][43.892s][info][gc,stats    ] 
[2026-04-03T03:17:02.353+0600][43.892s][info][gc,stats    ] All times are wall-clock times, except per-root-class counters, that are sum over
[2026-04-03T03:17:02.353+0600][43.892s][info][gc,stats    ] all workers. Dividing the <total> over the root stage time estimates parallelism.
[2026-04-03T03:17:02.353+0600][43.892s][info][gc,stats    ] 
[2026-04-03T03:17:02.353+0600][43.892s][info][gc,stats    ] Concurrent Reset                   1570 us
[2026-04-03T03:17:02.353+0600][43.892s][info][gc,stats    ] Pause Init Mark (G)                 423 us
[2026-04-03T03:17:02.353+0600][43.892s][info][gc,stats    ] Pause Init Mark (N)                 175 us
[2026-04-03T03:17:02.353+0600][43.892s][info][gc,stats    ]   Update Region States               40 us
[2026-04-03T03:17:02.353+0600][43.892s][info][gc,stats    ] Concurrent Mark Roots               836 us, parallelism: 1.43x
[2026-04-03T03:17:02.353+0600][43.892s][info][gc,stats    ]   CMR: <total>                     1195 us
[2026-04-03T03:17:02.353+0600][43.892s][info][gc,stats    ]   CMR: Thread Roots                 967 us, workers (us): 189, 391, 386, ---, ---, ---, 
[2026-04-03T03:17:02.353+0600][43.892s][info][gc,stats    ]   CMR: VM Strong Roots               27 us, workers (us):  24,   1,   1, ---, ---, ---, 
[2026-04-03T03:17:02.353+0600][43.892s][info][gc,stats    ]   CMR: CLDG Roots                   202 us, workers (us): 202, ---, ---, ---, ---, ---, 
[2026-04-03T03:17:02.353+0600][43.892s][info][gc,stats    ] Concurrent Marking               251205 us
[2026-04-03T03:17:02.353+0600][43.892s][info][gc,stats    ] Pause Final Mark (G)               1509 us
[2026-04-03T03:17:02.353+0600][43.892s][info][gc,stats    ] Pause Final Mark (N)               1307 us
[2026-04-03T03:17:02.353+0600][43.892s][info][gc,stats    ]   Finish Mark                       185 us
[2026-04-03T03:17:02.353+0600][43.892s][info][gc,stats    ]   Update Region States               55 us
[2026-04-03T03:17:02.353+0600][43.892s][info][gc,stats    ]   Choose Collection Set             808 us
[2026-04-03T03:17:02.353+0600][43.892s][info][gc,stats    ]   Rebuild Free Set                   59 us
[2026-04-03T03:17:02.353+0600][43.892s][info][gc,stats    ] Concurrent Thread Roots             654 us, parallelism: 1.76x
[2026-04-03T03:17:02.353+0600][43.892s][info][gc,stats    ]   CTR: <total>                     1151 us
[2026-04-03T03:17:02.353+0600][43.892s][info][gc,stats    ]   CTR: Thread Roots                1151 us, workers (us): 400, 398, 354, ---, ---, ---, 
[2026-04-03T03:17:02.353+0600][43.892s][info][gc,stats    ] Concurrent Weak References          204 us, parallelism: 0.46x
[2026-04-03T03:17:02.353+0600][43.892s][info][gc,stats    ]   CWRF: <total>                      95 us
[2026-04-03T03:17:02.353+0600][43.892s][info][gc,stats    ]   CWRF: Weak References              95 us, workers (us):  29,  65,   0, ---, ---, ---, 
[2026-04-03T03:17:02.353+0600][43.892s][info][gc,stats    ] Concurrent Weak Roots              2563 us
[2026-04-03T03:17:02.353+0600][43.892s][info][gc,stats    ]   Roots                            2286 us, parallelism: 2.52x
[2026-04-03T03:17:02.353+0600][43.892s][info][gc,stats    ]     CWR: <total>                   5764 us
[2026-04-03T03:17:02.353+0600][43.892s][info][gc,stats    ]     CWR: Code Cache Roots          3956 us, workers (us): 1289, 1327, 1341, ---, ---, ---, 
[2026-04-03T03:17:02.353+0600][43.892s][info][gc,stats    ]     CWR: VM Weak Roots             1728 us, workers (us): 603, 563, 563, ---, ---, ---, 
[2026-04-03T03:17:02.353+0600][43.892s][info][gc,stats    ]     CWR: CLDG Roots                  80 us, workers (us): ---,  80, ---, ---, ---, ---, 
[2026-04-03T03:17:02.353+0600][43.892s][info][gc,stats    ]   Rendezvous                        189 us
[2026-04-03T03:17:02.353+0600][43.892s][info][gc,stats    ] Concurrent Cleanup                  570 us
[2026-04-03T03:17:02.353+0600][43.892s][info][gc,stats    ] Concurrent Class Unloading         5890 us
[2026-04-03T03:17:02.353+0600][43.892s][info][gc,stats    ]   Unlink Stale                     5483 us
[2026-04-03T03:17:02.353+0600][43.892s][info][gc,stats    ]     System Dictionary               102 us
[2026-04-03T03:17:02.353+0600][43.892s][info][gc,stats    ]     Weak Class Links                  1 us
[2026-04-03T03:17:02.353+0600][43.892s][info][gc,stats    ]     Code Roots                     5377 us
[2026-04-03T03:17:02.353+0600][43.892s][info][gc,stats    ]   Rendezvous                        245 us
[2026-04-03T03:17:02.353+0600][43.892s][info][gc,stats    ]   Purge Unlinked                     45 us
[2026-04-03T03:17:02.353+0600][43.892s][info][gc,stats    ]     Code Roots                       35 us
[2026-04-03T03:17:02.354+0600][43.892s][info][gc,stats    ]     CLDG                              9 us
[2026-04-03T03:17:02.354+0600][43.892s][info][gc,stats    ]     Exception Caches                  1 us
[2026-04-03T03:17:02.354+0600][43.892s][info][gc,stats    ] Concurrent Strong Roots             794 us, parallelism: 0.64x
[2026-04-03T03:17:02.354+0600][43.892s][info][gc,stats    ]   CSR: <total>                      508 us
[2026-04-03T03:17:02.354+0600][43.892s][info][gc,stats    ]   CSR: VM Strong Roots               33 us, workers (us):  30,   2,   1, ---, ---, ---, 
[2026-04-03T03:17:02.354+0600][43.892s][info][gc,stats    ]   CSR: CLDG Roots                   475 us, workers (us): 475, ---, ---, ---, ---, ---, 
[2026-04-03T03:17:02.354+0600][43.892s][info][gc,stats    ] Concurrent Evacuation             17069 us
[2026-04-03T03:17:02.354+0600][43.892s][info][gc,stats    ] Pause Init Update Refs (G)          392 us
[2026-04-03T03:17:02.354+0600][43.892s][info][gc,stats    ] Pause Init Update Refs (N)           91 us
[2026-04-03T03:17:02.354+0600][43.892s][info][gc,stats    ]   Manage GCLABs                      13 us
[2026-04-03T03:17:02.354+0600][43.892s][info][gc,stats    ] Concurrent Update Refs           145478 us
[2026-04-03T03:17:02.354+0600][43.892s][info][gc,stats    ] Concurrent Update Thread Roots      941 us
[2026-04-03T03:17:02.354+0600][43.892s][info][gc,stats    ] Pause Final Update Refs (G)         489 us
[2026-04-03T03:17:02.354+0600][43.892s][info][gc,stats    ] Pause Final Update Refs (N)         212 us
[2026-04-03T03:17:02.354+0600][43.892s][info][gc,stats    ]   Update Region States               52 us
[2026-04-03T03:17:02.354+0600][43.892s][info][gc,stats    ]   Trash Collection Set               18 us
[2026-04-03T03:17:02.354+0600][43.892s][info][gc,stats    ]   Rebuild Free Set                   39 us
[2026-04-03T03:17:02.354+0600][43.892s][info][gc,stats    ] Concurrent Cleanup                  797 us
[2026-04-03T03:17:02.354+0600][43.892s][info][gc,stats    ] Pacing                           504841 us
[2026-04-03T03:17:02.354+0600][43.892s][info][gc,stats    ] 
[2026-04-03T03:17:02.354+0600][43.892s][info][gc,stats    ] Allocation pacing accrued:
[2026-04-03T03:17:02.354+0600][43.892s][info][gc,stats    ]     168 of   524 ms ( 32.0%): Executor task launch worker for task 1.0 in stage 2.0 (TID 7)
[2026-04-03T03:17:02.354+0600][43.892s][info][gc,stats    ]     168 of   524 ms ( 32.1%): Executor task launch worker for task 2.0 in stage 2.0 (TID 8)
[2026-04-03T03:17:02.354+0600][43.892s][info][gc,stats    ]     169 of   524 ms ( 32.1%): Executor task launch worker for task 0.0 in stage 2.0 (TID 6)
[2026-04-03T03:17:02.354+0600][43.892s][info][gc,stats    ]     505 of   524 ms ( 96.3%): <total>
[2026-04-03T03:17:02.354+0600][43.892s][info][gc,stats    ]       6 of   524 ms (  1.2%): <average total>
[2026-04-03T03:17:02.354+0600][43.892s][info][gc,stats    ]     168 of   524 ms ( 32.1%): <average non-zero>
[2026-04-03T03:17:02.354+0600][43.892s][info][gc,stats    ] 
[2026-04-03T03:17:02.354+0600][43.892s][info][gc,metaspace] Metaspace: 70334K(71168K)->70334K(71168K) NonClass: 61382K(61824K)->61382K(61824K) Class: 8951K(9344K)->8951K(9344K)
[2026-04-03T03:17:02.354+0600][43.892s][info][gc,ergo     ] Pacer for Idle. Initial: 15360K, Alloc Tax Rate: 1.0x
[2026-04-03T03:17:02.442+0600][43.981s][info][gc          ] Trigger: Average GC time (472.15 ms) is above the time for average allocation rate (421 MB/s) to deplete free headroom (198M) (margin of error = 2.00)
[2026-04-03T03:17:02.443+0600][43.981s][info][gc,ergo     ] Free headroom: 235M (free) - 38400K (spike) - 0B (penalties) = 198M
[2026-04-03T03:17:02.443+0600][43.981s][info][gc,ergo     ] Free: 235M, Max: 256K regular, 48384K humongous, Frag: 80% external, 0% internal; Reserve: 38400K, Max: 256K
[2026-04-03T03:17:02.443+0600][43.981s][info][gc,start    ] GC(55) Concurrent reset
[2026-04-03T03:17:02.443+0600][43.981s][info][gc,task     ] GC(55) Using 3 of 6 workers for concurrent reset
[2026-04-03T03:17:02.443+0600][43.981s][info][gc,ergo     ] GC(55) Pacer for Reset. Non-Taxable: 750M
[2026-04-03T03:17:02.444+0600][43.983s][info][gc          ] GC(55) Concurrent reset 1.547ms
[2026-04-03T03:17:02.444+0600][43.983s][info][gc,start    ] GC(55) Pause Init Mark (unload classes)
[2026-04-03T03:17:02.444+0600][43.983s][info][gc,task     ] GC(55) Using 6 of 6 workers for init marking
[2026-04-03T03:17:02.444+0600][43.983s][info][gc,ergo     ] GC(55) Pacer for Mark. Expected Live: 223M, Free: 234M, Non-Taxable: 23990K, Alloc Tax Rate: 1.2x
[2026-04-03T03:17:02.445+0600][43.983s][info][gc          ] GC(55) Pause Init Mark (unload classes) 0.114ms
[2026-04-03T03:17:02.445+0600][43.983s][info][gc,start    ] GC(55) Concurrent marking roots
[2026-04-03T03:17:02.445+0600][43.983s][info][gc,task     ] GC(55) Using 3 of 6 workers for concurrent marking roots
[2026-04-03T03:17:02.445+0600][43.984s][info][gc          ] GC(55) Concurrent marking roots 0.673ms
[2026-04-03T03:17:02.445+0600][43.984s][info][gc,start    ] GC(55) Concurrent marking (unload classes)
[2026-04-03T03:17:02.445+0600][43.984s][info][gc,task     ] GC(55) Using 3 of 6 workers for concurrent marking
[2026-04-03T03:17:02.768+0600][44.306s][info][gc          ] GC(55) Concurrent marking (unload classes) 322.663ms
[2026-04-03T03:17:02.768+0600][44.307s][info][gc,start    ] GC(55) Pause Final Mark (unload classes)
[2026-04-03T03:17:02.768+0600][44.307s][info][gc,task     ] GC(55) Using 6 of 6 workers for final marking
[2026-04-03T03:17:02.769+0600][44.307s][info][gc,ergo     ] GC(55) Adaptive CSet Selection. Target Free: 106M, Actual Free: 225M, Max CSet: 32000K, Min Garbage: 0B
[2026-04-03T03:17:02.769+0600][44.307s][info][gc,ergo     ] GC(55) Collectable Garbage: 235M (95%), Immediate: 5120K (2%), CSet: 230M (93%)
[2026-04-03T03:17:02.769+0600][44.307s][info][gc,ergo     ] GC(55) Pacer for Evacuation. Used CSet: 246M, Free: 188M, Non-Taxable: 19254K, Alloc Tax Rate: 3.2x
[2026-04-03T03:17:02.769+0600][44.307s][info][gc          ] GC(55) Pause Final Mark (unload classes) 0.980ms
[2026-04-03T03:17:02.769+0600][44.308s][info][gc,start    ] GC(55) Concurrent thread roots
[2026-04-03T03:17:02.769+0600][44.308s][info][gc,task     ] GC(55) Using 3 of 6 workers for Concurrent thread roots
[2026-04-03T03:17:02.770+0600][44.308s][info][gc          ] GC(55) Concurrent thread roots 0.563ms
[2026-04-03T03:17:02.770+0600][44.308s][info][gc,start    ] GC(55) Concurrent weak references
[2026-04-03T03:17:02.770+0600][44.308s][info][gc,task     ] GC(55) Using 3 of 6 workers for concurrent weak references
[2026-04-03T03:17:02.770+0600][44.309s][info][gc,ref      ] GC(55) Encountered references: Soft: 3387, Weak: 6024, Final: 82, Phantom: 598
[2026-04-03T03:17:02.770+0600][44.309s][info][gc,ref      ] GC(55) Discovered  references: Soft: 0, Weak: 396, Final: 0, Phantom: 212
[2026-04-03T03:17:02.770+0600][44.309s][info][gc,ref      ] GC(55) Enqueued    references: Soft: 0, Weak: 0, Final: 0, Phantom: 0
[2026-04-03T03:17:02.770+0600][44.309s][info][gc          ] GC(55) Concurrent weak references 0.338ms
[2026-04-03T03:17:02.770+0600][44.309s][info][gc,start    ] GC(55) Concurrent weak roots
[2026-04-03T03:17:02.770+0600][44.309s][info][gc,task     ] GC(55) Using 3 of 6 workers for concurrent weak root
[2026-04-03T03:17:02.774+0600][44.313s][info][gc          ] GC(55) Concurrent weak roots 4.181ms
[2026-04-03T03:17:02.774+0600][44.313s][info][gc,start    ] GC(55) Concurrent cleanup
[2026-04-03T03:17:02.775+0600][44.313s][info][gc          ] GC(55) Concurrent cleanup 530M->525M(750M) 0.574ms
[2026-04-03T03:17:02.775+0600][44.313s][info][gc,ergo     ] GC(55) Free: 185M, Max: 256K regular, 48384K humongous, Frag: 75% external, 0% internal; Reserve: 37376K, Max: 256K
[2026-04-03T03:17:02.775+0600][44.313s][info][gc,start    ] GC(55) Concurrent class unloading
[2026-04-03T03:17:02.775+0600][44.313s][info][gc,task     ] GC(55) Using 3 of 6 workers for concurrent class unloading
[2026-04-03T03:17:02.780+0600][44.319s][info][gc          ] GC(55) Concurrent class unloading 5.100ms
[2026-04-03T03:17:02.780+0600][44.319s][info][gc,start    ] GC(55) Concurrent strong roots
[2026-04-03T03:17:02.780+0600][44.319s][info][gc,task     ] GC(55) Using 3 of 6 workers for concurrent strong root
[2026-04-03T03:17:02.781+0600][44.319s][info][gc          ] GC(55) Concurrent strong roots 0.612ms
[2026-04-03T03:17:02.781+0600][44.319s][info][gc,start    ] GC(55) Concurrent evacuation
[2026-04-03T03:17:02.781+0600][44.319s][info][gc,task     ] GC(55) Using 3 of 6 workers for concurrent evacuation
[2026-04-03T03:17:02.799+0600][44.337s][info][gc          ] GC(55) Concurrent evacuation 17.638ms
[2026-04-03T03:17:02.799+0600][44.337s][info][gc,start    ] GC(55) Pause Init Update Refs
[2026-04-03T03:17:02.799+0600][44.337s][info][gc,ergo     ] GC(55) Pacer for Update Refs. Used: 549M, Free: 176M, Non-Taxable: 18051K, Alloc Tax Rate: 3.8x
[2026-04-03T03:17:02.799+0600][44.337s][info][gc          ] GC(55) Pause Init Update Refs 0.122ms
[2026-04-03T03:17:02.799+0600][44.337s][info][gc,start    ] GC(55) Concurrent update references
[2026-04-03T03:17:02.799+0600][44.338s][info][gc,task     ] GC(55) Using 3 of 6 workers for concurrent reference update
[2026-04-03T03:17:02.970+0600][44.509s][info][gc          ] GC(55) Concurrent update references 171.309ms
[2026-04-03T03:17:02.971+0600][44.509s][info][gc,start    ] GC(55) Concurrent update thread roots
[2026-04-03T03:17:02.972+0600][44.510s][info][gc          ] GC(55) Concurrent update thread roots 0.983ms
[2026-04-03T03:17:02.972+0600][44.510s][info][gc,start    ] GC(55) Pause Final Update Refs
[2026-04-03T03:17:02.972+0600][44.510s][info][gc,task     ] GC(55) Using 6 of 6 workers for final reference update
[2026-04-03T03:17:02.972+0600][44.510s][info][gc          ] GC(55) Pause Final Update Refs 0.293ms
[2026-04-03T03:17:02.972+0600][44.511s][info][gc,start    ] GC(55) Concurrent cleanup
[2026-04-03T03:17:02.973+0600][44.511s][info][gc          ] GC(55) Concurrent cleanup 617M->371M(750M) 0.862ms
[2026-04-03T03:17:02.973+0600][44.512s][info][gc,ergo     ] Free: 337M, Max: 256K regular, 115M humongous, Frag: 66% external, 0% internal; Reserve: 38400K, Max: 256K
[2026-04-03T03:17:02.973+0600][44.512s][info][gc,stats    ] 
[2026-04-03T03:17:02.973+0600][44.512s][info][gc,stats    ] All times are wall-clock times, except per-root-class counters, that are sum over
[2026-04-03T03:17:02.973+0600][44.512s][info][gc,stats    ] all workers. Dividing the <total> over the root stage time estimates parallelism.
[2026-04-03T03:17:02.973+0600][44.512s][info][gc,stats    ] 
[2026-04-03T03:17:02.973+0600][44.512s][info][gc,stats    ] Concurrent Reset                   1593 us
[2026-04-03T03:17:02.973+0600][44.512s][info][gc,stats    ] Pause Init Mark (G)                 378 us
[2026-04-03T03:17:02.973+0600][44.512s][info][gc,stats    ] Pause Init Mark (N)                 123 us
[2026-04-03T03:17:02.973+0600][44.512s][info][gc,stats    ]   Update Region States               32 us
[2026-04-03T03:17:02.973+0600][44.512s][info][gc,stats    ] Concurrent Mark Roots               709 us, parallelism: 1.45x
[2026-04-03T03:17:02.973+0600][44.512s][info][gc,stats    ]   CMR: <total>                     1026 us
[2026-04-03T03:17:02.973+0600][44.512s][info][gc,stats    ]   CMR: Thread Roots                 777 us, workers (us): 115, 351, 312, ---, ---, ---, 
[2026-04-03T03:17:02.973+0600][44.512s][info][gc,stats    ]   CMR: VM Strong Roots               27 us, workers (us):  14,  12,   0, ---, ---, ---, 
[2026-04-03T03:17:02.973+0600][44.512s][info][gc,stats    ]   CMR: CLDG Roots                   222 us, workers (us): 222, ---, ---, ---, ---, ---, 
[2026-04-03T03:17:02.973+0600][44.512s][info][gc,stats    ] Concurrent Marking               322737 us
[2026-04-03T03:17:02.973+0600][44.512s][info][gc,stats    ] Pause Final Mark (G)               1213 us
[2026-04-03T03:17:02.973+0600][44.512s][info][gc,stats    ] Pause Final Mark (N)                994 us
[2026-04-03T03:17:02.973+0600][44.512s][info][gc,stats    ]   Finish Mark                       266 us
[2026-04-03T03:17:02.973+0600][44.512s][info][gc,stats    ]   Update Region States               49 us
[2026-04-03T03:17:02.973+0600][44.512s][info][gc,stats    ]   Choose Collection Set             531 us
[2026-04-03T03:17:02.974+0600][44.512s][info][gc,stats    ]   Rebuild Free Set                   41 us
[2026-04-03T03:17:02.974+0600][44.512s][info][gc,stats    ] Concurrent Thread Roots             587 us, parallelism: 1.84x
[2026-04-03T03:17:02.974+0600][44.512s][info][gc,stats    ]   CTR: <total>                     1080 us
[2026-04-03T03:17:02.974+0600][44.512s][info][gc,stats    ]   CTR: Thread Roots                1080 us, workers (us): 405, 336, 338, ---, ---, ---, 
[2026-04-03T03:17:02.974+0600][44.512s][info][gc,stats    ] Concurrent Weak References          349 us, parallelism: 0.34x
[2026-04-03T03:17:02.974+0600][44.512s][info][gc,stats    ]   CWRF: <total>                     120 us
[2026-04-03T03:17:02.974+0600][44.512s][info][gc,stats    ]   CWRF: Weak References             120 us, workers (us):  16,  47,  56, ---, ---, ---, 
[2026-04-03T03:17:02.974+0600][44.512s][info][gc,stats    ] Concurrent Weak Roots              4247 us
[2026-04-03T03:17:02.974+0600][44.512s][info][gc,stats    ]   Roots                            1854 us, parallelism: 2.43x
[2026-04-03T03:17:02.974+0600][44.512s][info][gc,stats    ]     CWR: <total>                   4500 us
[2026-04-03T03:17:02.974+0600][44.512s][info][gc,stats    ]     CWR: Code Cache Roots          2942 us, workers (us): 927, 916, 1099, ---, ---, ---, 
[2026-04-03T03:17:02.974+0600][44.512s][info][gc,stats    ]     CWR: VM Weak Roots             1444 us, workers (us): 504, 481, 459, ---, ---, ---, 
[2026-04-03T03:17:02.974+0600][44.512s][info][gc,stats    ]     CWR: CLDG Roots                 115 us, workers (us): ---, 115, ---, ---, ---, ---, 
[2026-04-03T03:17:02.974+0600][44.512s][info][gc,stats    ]   Rendezvous                       2303 us
[2026-04-03T03:17:02.974+0600][44.512s][info][gc,stats    ] Concurrent Cleanup                  589 us
[2026-04-03T03:17:02.974+0600][44.512s][info][gc,stats    ] Concurrent Class Unloading         5186 us
[2026-04-03T03:17:02.974+0600][44.512s][info][gc,stats    ]   Unlink Stale                     4910 us
[2026-04-03T03:17:02.974+0600][44.512s][info][gc,stats    ]     System Dictionary               107 us
[2026-04-03T03:17:02.974+0600][44.512s][info][gc,stats    ]     Weak Class Links                  0 us
[2026-04-03T03:17:02.974+0600][44.512s][info][gc,stats    ]     Code Roots                     4800 us
[2026-04-03T03:17:02.974+0600][44.512s][info][gc,stats    ]   Rendezvous                        146 us
[2026-04-03T03:17:02.974+0600][44.512s][info][gc,stats    ]   Purge Unlinked                     15 us
[2026-04-03T03:17:02.974+0600][44.512s][info][gc,stats    ]     Code Roots                        4 us
[2026-04-03T03:17:02.974+0600][44.512s][info][gc,stats    ]     CLDG                             10 us
[2026-04-03T03:17:02.974+0600][44.512s][info][gc,stats    ]     Exception Caches                  0 us
[2026-04-03T03:17:02.974+0600][44.512s][info][gc,stats    ] Concurrent Strong Roots             638 us, parallelism: 0.64x
[2026-04-03T03:17:02.974+0600][44.512s][info][gc,stats    ]   CSR: <total>                      410 us
[2026-04-03T03:17:02.974+0600][44.512s][info][gc,stats    ]   CSR: VM Strong Roots               26 us, workers (us):  16,  10,   0, ---, ---, ---, 
[2026-04-03T03:17:02.974+0600][44.512s][info][gc,stats    ]   CSR: CLDG Roots                   385 us, workers (us): 385, ---, ---, ---, ---, ---, 
[2026-04-03T03:17:02.974+0600][44.512s][info][gc,stats    ] Concurrent Evacuation             17722 us
[2026-04-03T03:17:02.974+0600][44.512s][info][gc,stats    ] Pause Init Update Refs (G)          441 us
[2026-04-03T03:17:02.974+0600][44.512s][info][gc,stats    ] Pause Init Update Refs (N)          135 us
[2026-04-03T03:17:02.974+0600][44.512s][info][gc,stats    ]   Manage GCLABs                      27 us
[2026-04-03T03:17:02.974+0600][44.512s][info][gc,stats    ] Concurrent Update Refs           171428 us
[2026-04-03T03:17:02.974+0600][44.512s][info][gc,stats    ] Concurrent Update Thread Roots     1020 us
[2026-04-03T03:17:02.974+0600][44.512s][info][gc,stats    ] Pause Final Update Refs (G)         644 us
[2026-04-03T03:17:02.974+0600][44.512s][info][gc,stats    ] Pause Final Update Refs (N)         317 us
[2026-04-03T03:17:02.974+0600][44.512s][info][gc,stats    ]   Update Region States               74 us
[2026-04-03T03:17:02.974+0600][44.512s][info][gc,stats    ]   Trash Collection Set               27 us
[2026-04-03T03:17:02.974+0600][44.512s][info][gc,stats    ]   Rebuild Free Set                   42 us
[2026-04-03T03:17:02.974+0600][44.512s][info][gc,stats    ] Concurrent Cleanup                  899 us
[2026-04-03T03:17:02.974+0600][44.512s][info][gc,stats    ] Pacing                           475601 us
[2026-04-03T03:17:02.974+0600][44.512s][info][gc,stats    ] 
[2026-04-03T03:17:02.974+0600][44.512s][info][gc,stats    ] Allocation pacing accrued:
[2026-04-03T03:17:02.974+0600][44.512s][info][gc,stats    ]     218 of   620 ms ( 35.1%): Executor task launch worker for task 1.0 in stage 2.0 (TID 7)
[2026-04-03T03:17:02.974+0600][44.512s][info][gc,stats    ]      44 of   620 ms (  7.1%): Executor task launch worker for task 2.0 in stage 2.0 (TID 8)
[2026-04-03T03:17:02.974+0600][44.512s][info][gc,stats    ]     214 of   620 ms ( 34.5%): Executor task launch worker for task 0.0 in stage 2.0 (TID 6)
[2026-04-03T03:17:02.974+0600][44.512s][info][gc,stats    ]     476 of   620 ms ( 76.7%): <total>
[2026-04-03T03:17:02.974+0600][44.513s][info][gc,stats    ]       6 of   620 ms (  1.0%): <average total>
[2026-04-03T03:17:02.974+0600][44.513s][info][gc,stats    ]     159 of   620 ms ( 25.6%): <average non-zero>
[2026-04-03T03:17:02.974+0600][44.513s][info][gc,stats    ] 
[2026-04-03T03:17:02.974+0600][44.513s][info][gc,metaspace] Metaspace: 70334K(71168K)->70334K(71168K) NonClass: 61382K(61824K)->61383K(61824K) Class: 8951K(9344K)->8951K(9344K)
[2026-04-03T03:17:02.974+0600][44.513s][info][gc,ergo     ] Pacer for Idle. Initial: 15360K, Alloc Tax Rate: 1.0x
[2026-04-03T03:17:03.076+0600][44.615s][info][gc          ] Trigger: Average GC time (576.92 ms) is above the time for average allocation rate (513 MB/s) to deplete free headroom (233M) (margin of error = 2.00)
[2026-04-03T03:17:03.076+0600][44.615s][info][gc,ergo     ] Free headroom: 271M (free) - 38400K (spike) - 0B (penalties) = 233M
[2026-04-03T03:17:03.076+0600][44.615s][info][gc,ergo     ] Free: 271M, Max: 256K regular, 115M humongous, Frag: 58% external, 0% internal; Reserve: 38400K, Max: 256K
[2026-04-03T03:17:03.076+0600][44.615s][info][gc,start    ] GC(56) Concurrent reset
[2026-04-03T03:17:03.076+0600][44.615s][info][gc,task     ] GC(56) Using 3 of 6 workers for concurrent reset
[2026-04-03T03:17:03.076+0600][44.615s][info][gc,ergo     ] GC(56) Pacer for Reset. Non-Taxable: 750M
[2026-04-03T03:17:03.078+0600][44.616s][info][gc          ] GC(56) Concurrent reset 1.604ms
[2026-04-03T03:17:03.078+0600][44.617s][info][gc,start    ] GC(56) Pause Init Mark (unload classes)
[2026-04-03T03:17:03.078+0600][44.617s][info][gc,task     ] GC(56) Using 6 of 6 workers for init marking
[2026-04-03T03:17:03.078+0600][44.617s][info][gc,ergo     ] GC(56) Pacer for Mark. Expected Live: 224M, Free: 270M, Non-Taxable: 27702K, Alloc Tax Rate: 1.0x
[2026-04-03T03:17:03.078+0600][44.617s][info][gc          ] GC(56) Pause Init Mark (unload classes) 0.098ms
[2026-04-03T03:17:03.078+0600][44.617s][info][gc,start    ] GC(56) Concurrent marking roots
[2026-04-03T03:17:03.078+0600][44.617s][info][gc,task     ] GC(56) Using 3 of 6 workers for concurrent marking roots
[2026-04-03T03:17:03.079+0600][44.617s][info][gc          ] GC(56) Concurrent marking roots 0.739ms
[2026-04-03T03:17:03.079+0600][44.618s][info][gc,start    ] GC(56) Concurrent marking (unload classes)
[2026-04-03T03:17:03.079+0600][44.618s][info][gc,task     ] GC(56) Using 3 of 6 workers for concurrent marking
[2026-04-03T03:17:03.564+0600][45.103s][info][gc          ] GC(56) Concurrent marking (unload classes) 485.069ms
[2026-04-03T03:17:03.564+0600][45.103s][info][gc,start    ] GC(56) Pause Final Mark (unload classes)
[2026-04-03T03:17:03.564+0600][45.103s][info][gc,task     ] GC(56) Using 6 of 6 workers for final marking
[2026-04-03T03:17:03.565+0600][45.103s][info][gc,ergo     ] GC(56) Adaptive CSet Selection. Target Free: 106M, Actual Free: 248M, Max CSet: 32000K, Min Garbage: 0B
[2026-04-03T03:17:03.565+0600][45.104s][info][gc,ergo     ] GC(56) Collectable Garbage: 193M (93%), Immediate: 3840K (1%), CSet: 189M (92%)
[2026-04-03T03:17:03.565+0600][45.104s][info][gc,ergo     ] GC(56) Pacer for Evacuation. Used CSet: 200M, Free: 211M, Non-Taxable: 21661K, Alloc Tax Rate: 2.3x
[2026-04-03T03:17:03.565+0600][45.104s][info][gc          ] GC(56) Pause Final Mark (unload classes) 0.912ms
[2026-04-03T03:17:03.566+0600][45.104s][info][gc,start    ] GC(56) Concurrent thread roots
[2026-04-03T03:17:03.566+0600][45.104s][info][gc,task     ] GC(56) Using 3 of 6 workers for Concurrent thread roots
[2026-04-03T03:17:03.566+0600][45.105s][info][gc          ] GC(56) Concurrent thread roots 0.662ms
[2026-04-03T03:17:03.566+0600][45.105s][info][gc,start    ] GC(56) Concurrent weak references
[2026-04-03T03:17:03.566+0600][45.105s][info][gc,task     ] GC(56) Using 3 of 6 workers for concurrent weak references
[2026-04-03T03:17:03.566+0600][45.105s][info][gc,ref      ] GC(56) Encountered references: Soft: 3387, Weak: 6024, Final: 82, Phantom: 595
[2026-04-03T03:17:03.567+0600][45.105s][info][gc,ref      ] GC(56) Discovered  references: Soft: 0, Weak: 274, Final: 0, Phantom: 209
[2026-04-03T03:17:03.567+0600][45.105s][info][gc,ref      ] GC(56) Enqueued    references: Soft: 0, Weak: 0, Final: 0, Phantom: 0
[2026-04-03T03:17:03.567+0600][45.105s][info][gc          ] GC(56) Concurrent weak references 0.318ms
[2026-04-03T03:17:03.567+0600][45.105s][info][gc,start    ] GC(56) Concurrent weak roots
[2026-04-03T03:17:03.567+0600][45.105s][info][gc,task     ] GC(56) Using 3 of 6 workers for concurrent weak root
[2026-04-03T03:17:03.569+0600][45.107s][info][gc          ] GC(56) Concurrent weak roots 2.389ms
[2026-04-03T03:17:03.569+0600][45.107s][info][gc,start    ] GC(56) Concurrent cleanup
[2026-04-03T03:17:03.570+0600][45.108s][info][gc          ] GC(56) Concurrent cleanup 502M->498M(750M) 0.586ms
[2026-04-03T03:17:03.570+0600][45.108s][info][gc,ergo     ] GC(56) Free: 210M, Max: 256K regular, 114M humongous, Frag: 46% external, 0% internal; Reserve: 37888K, Max: 256K
[2026-04-03T03:17:03.570+0600][45.108s][info][gc,start    ] GC(56) Concurrent class unloading
[2026-04-03T03:17:03.570+0600][45.108s][info][gc,task     ] GC(56) Using 3 of 6 workers for concurrent class unloading
[2026-04-03T03:17:03.576+0600][45.115s][info][gc          ] GC(56) Concurrent class unloading 6.566ms
[2026-04-03T03:17:03.576+0600][45.115s][info][gc,start    ] GC(56) Concurrent strong roots
[2026-04-03T03:17:03.576+0600][45.115s][info][gc,task     ] GC(56) Using 3 of 6 workers for concurrent strong root
[2026-04-03T03:17:03.577+0600][45.116s][info][gc          ] GC(56) Concurrent strong roots 0.841ms
[2026-04-03T03:17:03.577+0600][45.116s][info][gc,start    ] GC(56) Concurrent evacuation
[2026-04-03T03:17:03.577+0600][45.116s][info][gc,task     ] GC(56) Using 3 of 6 workers for concurrent evacuation
[2026-04-03T03:17:03.591+0600][45.129s][info][gc          ] GC(56) Concurrent evacuation 13.872ms
[2026-04-03T03:17:03.591+0600][45.130s][info][gc,start    ] GC(56) Pause Init Update Refs
[2026-04-03T03:17:03.591+0600][45.130s][info][gc,ergo     ] GC(56) Pacer for Update Refs. Used: 514M, Free: 206M, Non-Taxable: 21174K, Alloc Tax Rate: 3.0x
[2026-04-03T03:17:03.591+0600][45.130s][info][gc          ] GC(56) Pause Init Update Refs 0.126ms
[2026-04-03T03:17:03.592+0600][45.130s][info][gc,start    ] GC(56) Concurrent update references
[2026-04-03T03:17:03.592+0600][45.130s][info][gc,task     ] GC(56) Using 3 of 6 workers for concurrent reference update
[2026-04-03T03:17:03.762+0600][45.300s][info][gc          ] GC(56) Concurrent update references 170.370ms
[2026-04-03T03:17:03.762+0600][45.300s][info][gc,start    ] GC(56) Concurrent update thread roots
[2026-04-03T03:17:03.763+0600][45.301s][info][gc          ] GC(56) Concurrent update thread roots 0.856ms
[2026-04-03T03:17:03.763+0600][45.301s][info][gc,start    ] GC(56) Pause Final Update Refs
[2026-04-03T03:17:03.763+0600][45.302s][info][gc,task     ] GC(56) Using 6 of 6 workers for final reference update
[2026-04-03T03:17:03.763+0600][45.302s][info][gc          ] GC(56) Pause Final Update Refs 0.198ms
[2026-04-03T03:17:03.763+0600][45.302s][info][gc,start    ] GC(56) Concurrent cleanup
[2026-04-03T03:17:03.764+0600][45.303s][info][gc          ] GC(56) Concurrent cleanup 559M->359M(750M) 0.668ms
[2026-04-03T03:17:03.764+0600][45.303s][info][gc,ergo     ] Free: 349M, Max: 256K regular, 70656K humongous, Frag: 81% external, 0% internal; Reserve: 38400K, Max: 256K
[2026-04-03T03:17:03.764+0600][45.303s][info][gc,stats    ] 
[2026-04-03T03:17:03.764+0600][45.303s][info][gc,stats    ] All times are wall-clock times, except per-root-class counters, that are sum over
[2026-04-03T03:17:03.764+0600][45.303s][info][gc,stats    ] all workers. Dividing the <total> over the root stage time estimates parallelism.
[2026-04-03T03:17:03.764+0600][45.303s][info][gc,stats    ] 
[2026-04-03T03:17:03.764+0600][45.303s][info][gc,stats    ] Concurrent Reset                   1663 us
[2026-04-03T03:17:03.764+0600][45.303s][info][gc,stats    ] Pause Init Mark (G)                 282 us
[2026-04-03T03:17:03.764+0600][45.303s][info][gc,stats    ] Pause Init Mark (N)                 107 us
[2026-04-03T03:17:03.764+0600][45.303s][info][gc,stats    ]   Update Region States               29 us
[2026-04-03T03:17:03.764+0600][45.303s][info][gc,stats    ] Concurrent Mark Roots               780 us, parallelism: 1.44x
[2026-04-03T03:17:03.764+0600][45.303s][info][gc,stats    ]   CMR: <total>                     1119 us
[2026-04-03T03:17:03.764+0600][45.303s][info][gc,stats    ]   CMR: Thread Roots                 838 us, workers (us): 118, 370, 350, ---, ---, ---, 
[2026-04-03T03:17:03.764+0600][45.303s][info][gc,stats    ]   CMR: VM Strong Roots               26 us, workers (us):  24,   1,   0, ---, ---, ---, 
[2026-04-03T03:17:03.764+0600][45.303s][info][gc,stats    ]   CMR: CLDG Roots                   255 us, workers (us): 255, ---, ---, ---, ---, ---, 
[2026-04-03T03:17:03.764+0600][45.303s][info][gc,stats    ] Concurrent Marking               485151 us
[2026-04-03T03:17:03.764+0600][45.303s][info][gc,stats    ] Pause Final Mark (G)               1206 us
[2026-04-03T03:17:03.764+0600][45.303s][info][gc,stats    ] Pause Final Mark (N)                924 us
[2026-04-03T03:17:03.764+0600][45.303s][info][gc,stats    ]   Finish Mark                       205 us
[2026-04-03T03:17:03.764+0600][45.303s][info][gc,stats    ]   Update Region States               70 us
[2026-04-03T03:17:03.764+0600][45.303s][info][gc,stats    ]   Choose Collection Set             487 us
[2026-04-03T03:17:03.764+0600][45.303s][info][gc,stats    ]   Rebuild Free Set                   40 us
[2026-04-03T03:17:03.764+0600][45.303s][info][gc,stats    ] Concurrent Thread Roots             689 us, parallelism: 2.05x
[2026-04-03T03:17:03.764+0600][45.303s][info][gc,stats    ]   CTR: <total>                     1411 us
[2026-04-03T03:17:03.764+0600][45.303s][info][gc,stats    ]   CTR: Thread Roots                1411 us, workers (us): 524, 502, 386, ---, ---, ---, 
[2026-04-03T03:17:03.764+0600][45.303s][info][gc,stats    ] Concurrent Weak References          330 us, parallelism: 0.30x
[2026-04-03T03:17:03.764+0600][45.303s][info][gc,stats    ]   CWRF: <total>                      99 us
[2026-04-03T03:17:03.764+0600][45.303s][info][gc,stats    ]   CWRF: Weak References              99 us, workers (us):  96,   2,   1, ---, ---, ---, 
[2026-04-03T03:17:03.764+0600][45.303s][info][gc,stats    ] Concurrent Weak Roots              2449 us
[2026-04-03T03:17:03.764+0600][45.303s][info][gc,stats    ]   Roots                            2169 us, parallelism: 2.39x
[2026-04-03T03:17:03.764+0600][45.303s][info][gc,stats    ]     CWR: <total>                   5185 us
[2026-04-03T03:17:03.764+0600][45.303s][info][gc,stats    ]     CWR: Code Cache Roots          3474 us, workers (us): 1070, 1108, 1295, ---, ---, ---, 
[2026-04-03T03:17:03.764+0600][45.303s][info][gc,stats    ]     CWR: VM Weak Roots             1650 us, workers (us): 560, 565, 525, ---, ---, ---, 
[2026-04-03T03:17:03.764+0600][45.303s][info][gc,stats    ]     CWR: CLDG Roots                  61 us, workers (us):  61, ---, ---, ---, ---, ---, 
[2026-04-03T03:17:03.764+0600][45.303s][info][gc,stats    ]   Rendezvous                        193 us
[2026-04-03T03:17:03.765+0600][45.303s][info][gc,stats    ] Concurrent Cleanup                  604 us
[2026-04-03T03:17:03.765+0600][45.303s][info][gc,stats    ] Concurrent Class Unloading         6635 us
[2026-04-03T03:17:03.765+0600][45.303s][info][gc,stats    ]   Unlink Stale                     6133 us
[2026-04-03T03:17:03.765+0600][45.303s][info][gc,stats    ]     System Dictionary               143 us
[2026-04-03T03:17:03.765+0600][45.303s][info][gc,stats    ]     Weak Class Links                  1 us
[2026-04-03T03:17:03.765+0600][45.303s][info][gc,stats    ]     Code Roots                     5986 us
[2026-04-03T03:17:03.765+0600][45.303s][info][gc,stats    ]   Rendezvous                        241 us
[2026-04-03T03:17:03.765+0600][45.303s][info][gc,stats    ]   Purge Unlinked                    166 us
[2026-04-03T03:17:03.765+0600][45.303s][info][gc,stats    ]     Code Roots                      153 us
[2026-04-03T03:17:03.765+0600][45.303s][info][gc,stats    ]     CLDG                             11 us
[2026-04-03T03:17:03.765+0600][45.303s][info][gc,stats    ]     Exception Caches                  0 us
[2026-04-03T03:17:03.765+0600][45.303s][info][gc,stats    ] Concurrent Strong Roots             900 us, parallelism: 0.59x
[2026-04-03T03:17:03.765+0600][45.303s][info][gc,stats    ]   CSR: <total>                      529 us
[2026-04-03T03:17:03.765+0600][45.303s][info][gc,stats    ]   CSR: VM Strong Roots               27 us, workers (us):  25,   2,   0, ---, ---, ---, 
[2026-04-03T03:17:03.765+0600][45.303s][info][gc,stats    ]   CSR: CLDG Roots                   501 us, workers (us): 501, ---, ---, ---, ---, ---, 
[2026-04-03T03:17:03.765+0600][45.303s][info][gc,stats    ] Concurrent Evacuation             13959 us
[2026-04-03T03:17:03.765+0600][45.303s][info][gc,stats    ] Pause Init Update Refs (G)          467 us
[2026-04-03T03:17:03.765+0600][45.303s][info][gc,stats    ] Pause Init Update Refs (N)          141 us
[2026-04-03T03:17:03.765+0600][45.303s][info][gc,stats    ]   Manage GCLABs                      34 us
[2026-04-03T03:17:03.765+0600][45.303s][info][gc,stats    ] Concurrent Update Refs           170449 us
[2026-04-03T03:17:03.765+0600][45.303s][info][gc,stats    ] Concurrent Update Thread Roots      909 us
[2026-04-03T03:17:03.765+0600][45.303s][info][gc,stats    ] Pause Final Update Refs (G)         498 us
[2026-04-03T03:17:03.765+0600][45.303s][info][gc,stats    ] Pause Final Update Refs (N)         214 us
[2026-04-03T03:17:03.765+0600][45.303s][info][gc,stats    ]   Update Region States               49 us
[2026-04-03T03:17:03.765+0600][45.303s][info][gc,stats    ]   Trash Collection Set               15 us
[2026-04-03T03:17:03.765+0600][45.303s][info][gc,stats    ]   Rebuild Free Set                   36 us
[2026-04-03T03:17:03.765+0600][45.303s][info][gc,stats    ] Concurrent Cleanup                  693 us
[2026-04-03T03:17:03.765+0600][45.303s][info][gc,stats    ] Pacing                           373572 us
[2026-04-03T03:17:03.765+0600][45.303s][info][gc,stats    ] 
[2026-04-03T03:17:03.765+0600][45.303s][info][gc,stats    ] Allocation pacing accrued:
[2026-04-03T03:17:03.765+0600][45.303s][info][gc,stats    ]      22 of   791 ms (  2.8%): Executor task launch worker for task 1.0 in stage 2.0 (TID 7)
[2026-04-03T03:17:03.765+0600][45.303s][info][gc,stats    ]      91 of   791 ms ( 11.5%): Executor task launch worker for task 2.0 in stage 2.0 (TID 8)
[2026-04-03T03:17:03.765+0600][45.303s][info][gc,stats    ]     260 of   791 ms ( 32.9%): Executor task launch worker for task 0.0 in stage 2.0 (TID 6)
[2026-04-03T03:17:03.765+0600][45.303s][info][gc,stats    ]     374 of   791 ms ( 47.2%): <total>
[2026-04-03T03:17:03.765+0600][45.303s][info][gc,stats    ]       5 of   791 ms (  0.6%): <average total>
[2026-04-03T03:17:03.765+0600][45.303s][info][gc,stats    ]     125 of   791 ms ( 15.7%): <average non-zero>
[2026-04-03T03:17:03.765+0600][45.303s][info][gc,stats    ] 
[2026-04-03T03:17:03.765+0600][45.303s][info][gc,metaspace] Metaspace: 70334K(71168K)->70334K(71168K) NonClass: 61383K(61824K)->61383K(61824K) Class: 8951K(9344K)->8951K(9344K)
[2026-04-03T03:17:03.765+0600][45.303s][info][gc,ergo     ] Pacer for Idle. Initial: 15360K, Alloc Tax Rate: 1.0x
[2026-04-03T03:17:03.836+0600][45.374s][info][gc          ] Trigger: Average GC time (797.11 ms) is above the time for average allocation rate (358 MB/s) to deplete free headroom (285M) (margin of error = 1.99)
[2026-04-03T03:17:03.836+0600][45.374s][info][gc,ergo     ] Free headroom: 322M (free) - 38400K (spike) - 0B (penalties) = 285M
[2026-04-03T03:17:03.836+0600][45.374s][info][gc,ergo     ] Free: 322M, Max: 256K regular, 70656K humongous, Frag: 79% external, 0% internal; Reserve: 38400K, Max: 256K
[2026-04-03T03:17:03.836+0600][45.374s][info][gc,start    ] GC(57) Concurrent reset
[2026-04-03T03:17:03.836+0600][45.374s][info][gc,task     ] GC(57) Using 3 of 6 workers for concurrent reset
[2026-04-03T03:17:03.836+0600][45.374s][info][gc,ergo     ] GC(57) Pacer for Reset. Non-Taxable: 750M
[2026-04-03T03:17:03.837+0600][45.376s][info][gc          ] GC(57) Concurrent reset 1.437ms
[2026-04-03T03:17:03.838+0600][45.376s][info][gc,start    ] GC(57) Pause Init Mark (unload classes)
[2026-04-03T03:17:03.838+0600][45.376s][info][gc,task     ] GC(57) Using 6 of 6 workers for init marking
[2026-04-03T03:17:03.838+0600][45.376s][info][gc,ergo     ] GC(57) Pacer for Mark. Expected Live: 225M, Free: 322M, Non-Taxable: 33001K, Alloc Tax Rate: 0.9x
[2026-04-03T03:17:03.838+0600][45.376s][info][gc          ] GC(57) Pause Init Mark (unload classes) 0.129ms
[2026-04-03T03:17:03.838+0600][45.376s][info][gc,start    ] GC(57) Concurrent marking roots
[2026-04-03T03:17:03.838+0600][45.376s][info][gc,task     ] GC(57) Using 3 of 6 workers for concurrent marking roots
[2026-04-03T03:17:03.838+0600][45.377s][info][gc          ] GC(57) Concurrent marking roots 0.607ms
[2026-04-03T03:17:03.839+0600][45.377s][info][gc,start    ] GC(57) Concurrent marking (unload classes)
[2026-04-03T03:17:03.839+0600][45.377s][info][gc,task     ] GC(57) Using 3 of 6 workers for concurrent marking
[2026-04-03T03:17:04.125+0600][45.663s][info][gc          ] GC(57) Concurrent marking (unload classes) 286.218ms
[2026-04-03T03:17:04.125+0600][45.663s][info][gc,start    ] GC(57) Pause Final Mark (unload classes)
[2026-04-03T03:17:04.125+0600][45.663s][info][gc,task     ] GC(57) Using 6 of 6 workers for final marking
[2026-04-03T03:17:04.126+0600][45.664s][info][gc,ergo     ] GC(57) Adaptive CSet Selection. Target Free: 106M, Actual Free: 349M, Max CSet: 32000K, Min Garbage: 0B
[2026-04-03T03:17:04.126+0600][45.664s][info][gc,ergo     ] GC(57) Collectable Garbage: 174M (95%), Immediate: 50957K (27%), CSet: 125M (68%)
[2026-04-03T03:17:04.126+0600][45.664s][info][gc,ergo     ] GC(57) Pacer for Evacuation. Used CSet: 156M, Free: 313M, Non-Taxable: 32131K, Alloc Tax Rate: 1.2x
[2026-04-03T03:17:04.126+0600][45.664s][info][gc          ] GC(57) Pause Final Mark (unload classes) 1.064ms
[2026-04-03T03:17:04.126+0600][45.665s][info][gc,start    ] GC(57) Concurrent thread roots
[2026-04-03T03:17:04.126+0600][45.665s][info][gc,task     ] GC(57) Using 3 of 6 workers for Concurrent thread roots
[2026-04-03T03:17:04.127+0600][45.665s][info][gc          ] GC(57) Concurrent thread roots 0.637ms
[2026-04-03T03:17:04.127+0600][45.665s][info][gc,start    ] GC(57) Concurrent weak references
[2026-04-03T03:17:04.127+0600][45.665s][info][gc,task     ] GC(57) Using 3 of 6 workers for concurrent weak references
[2026-04-03T03:17:04.127+0600][45.666s][info][gc,ref      ] GC(57) Encountered references: Soft: 3385, Weak: 6020, Final: 82, Phantom: 596
[2026-04-03T03:17:04.127+0600][45.666s][info][gc,ref      ] GC(57) Discovered  references: Soft: 0, Weak: 1985, Final: 2, Phantom: 593
[2026-04-03T03:17:04.127+0600][45.666s][info][gc,ref      ] GC(57) Enqueued    references: Soft: 0, Weak: 1, Final: 0, Phantom: 0
[2026-04-03T03:17:04.127+0600][45.666s][info][gc          ] GC(57) Concurrent weak references 0.570ms
[2026-04-03T03:17:04.127+0600][45.666s][info][gc,start    ] GC(57) Concurrent weak roots
[2026-04-03T03:17:04.127+0600][45.666s][info][gc,task     ] GC(57) Using 3 of 6 workers for concurrent weak root
[2026-04-03T03:17:04.130+0600][45.668s][info][gc          ] GC(57) Concurrent weak roots 2.144ms
[2026-04-03T03:17:04.130+0600][45.668s][info][gc,start    ] GC(57) Concurrent cleanup
[2026-04-03T03:17:04.130+0600][45.669s][info][gc          ] GC(57) Concurrent cleanup 447M->397M(750M) 0.546ms
[2026-04-03T03:17:04.130+0600][45.669s][info][gc,ergo     ] GC(57) Free: 312M, Max: 256K regular, 70656K humongous, Frag: 78% external, 0% internal; Reserve: 38144K, Max: 256K
[2026-04-03T03:17:04.130+0600][45.669s][info][gc,start    ] GC(57) Concurrent class unloading
[2026-04-03T03:17:04.130+0600][45.669s][info][gc,task     ] GC(57) Using 3 of 6 workers for concurrent class unloading
[2026-04-03T03:17:04.136+0600][45.674s][info][gc          ] GC(57) Concurrent class unloading 5.736ms
[2026-04-03T03:17:04.136+0600][45.674s][info][gc,start    ] GC(57) Concurrent strong roots
[2026-04-03T03:17:04.136+0600][45.674s][info][gc,task     ] GC(57) Using 3 of 6 workers for concurrent strong root
[2026-04-03T03:17:04.137+0600][45.675s][info][gc          ] GC(57) Concurrent strong roots 0.899ms
[2026-04-03T03:17:04.137+0600][45.675s][info][gc,start    ] GC(57) Concurrent evacuation
[2026-04-03T03:17:04.137+0600][45.675s][info][gc,task     ] GC(57) Using 3 of 6 workers for concurrent evacuation
[2026-04-03T03:17:04.167+0600][45.706s][info][gc          ] GC(57) Concurrent evacuation 30.274ms
[2026-04-03T03:17:04.168+0600][45.706s][info][gc,start    ] GC(57) Pause Init Update Refs
[2026-04-03T03:17:04.168+0600][45.706s][info][gc,ergo     ] GC(57) Pacer for Update Refs. Used: 438M, Free: 303M, Non-Taxable: 31030K, Alloc Tax Rate: 1.8x
[2026-04-03T03:17:04.168+0600][45.706s][info][gc          ] GC(57) Pause Init Update Refs 0.105ms
[2026-04-03T03:17:04.168+0600][45.706s][info][gc,start    ] GC(57) Concurrent update references
[2026-04-03T03:17:04.168+0600][45.706s][info][gc,task     ] GC(57) Using 3 of 6 workers for concurrent reference update
[2026-04-03T03:17:04.317+0600][45.855s][info][gc          ] GC(57) Concurrent update references 148.681ms
[2026-04-03T03:17:04.317+0600][45.855s][info][gc,start    ] GC(57) Concurrent update thread roots
[2026-04-03T03:17:04.317+0600][45.856s][info][gc          ] GC(57) Concurrent update thread roots 0.875ms
[2026-04-03T03:17:04.318+0600][45.856s][info][gc,start    ] GC(57) Pause Final Update Refs
[2026-04-03T03:17:04.318+0600][45.856s][info][gc,task     ] GC(57) Using 6 of 6 workers for final reference update
[2026-04-03T03:17:04.318+0600][45.856s][info][gc          ] GC(57) Pause Final Update Refs 0.352ms
[2026-04-03T03:17:04.318+0600][45.857s][info][gc,start    ] GC(57) Concurrent cleanup
[2026-04-03T03:17:04.319+0600][45.857s][info][gc          ] GC(57) Concurrent cleanup 467M->310M(750M) 0.696ms
[2026-04-03T03:17:04.319+0600][45.857s][info][gc,ergo     ] Free: 398M, Max: 256K regular, 115M humongous, Frag: 72% external, 0% internal; Reserve: 38400K, Max: 256K
[2026-04-03T03:17:04.319+0600][45.857s][info][gc,stats    ] 
[2026-04-03T03:17:04.319+0600][45.857s][info][gc,stats    ] All times are wall-clock times, except per-root-class counters, that are sum over
[2026-04-03T03:17:04.319+0600][45.857s][info][gc,stats    ] all workers. Dividing the <total> over the root stage time estimates parallelism.
[2026-04-03T03:17:04.319+0600][45.857s][info][gc,stats    ] 
[2026-04-03T03:17:04.319+0600][45.857s][info][gc,stats    ] Concurrent Reset                   1490 us
[2026-04-03T03:17:04.319+0600][45.857s][info][gc,stats    ] Pause Init Mark (G)                 389 us
[2026-04-03T03:17:04.319+0600][45.857s][info][gc,stats    ] Pause Init Mark (N)                 136 us
[2026-04-03T03:17:04.319+0600][45.857s][info][gc,stats    ]   Update Region States               25 us
[2026-04-03T03:17:04.319+0600][45.857s][info][gc,stats    ] Concurrent Mark Roots               625 us, parallelism: 1.40x
[2026-04-03T03:17:04.319+0600][45.857s][info][gc,stats    ]   CMR: <total>                      873 us
[2026-04-03T03:17:04.319+0600][45.857s][info][gc,stats    ]   CMR: Thread Roots                 703 us, workers (us): 200, 250, 253, ---, ---, ---, 
[2026-04-03T03:17:04.319+0600][45.857s][info][gc,stats    ]   CMR: VM Strong Roots               27 us, workers (us):  25,   1,   1, ---, ---, ---, 
[2026-04-03T03:17:04.319+0600][45.857s][info][gc,stats    ]   CMR: CLDG Roots                   142 us, workers (us): 142, ---, ---, ---, ---, ---, 
[2026-04-03T03:17:04.319+0600][45.857s][info][gc,stats    ] Concurrent Marking               286297 us
[2026-04-03T03:17:04.319+0600][45.857s][info][gc,stats    ] Pause Final Mark (G)               1346 us
[2026-04-03T03:17:04.319+0600][45.857s][info][gc,stats    ] Pause Final Mark (N)               1075 us
[2026-04-03T03:17:04.319+0600][45.857s][info][gc,stats    ]   Finish Mark                       401 us
[2026-04-03T03:17:04.319+0600][45.857s][info][gc,stats    ]   Update Region States               51 us
[2026-04-03T03:17:04.319+0600][45.857s][info][gc,stats    ]   Choose Collection Set             449 us
[2026-04-03T03:17:04.319+0600][45.857s][info][gc,stats    ]   Rebuild Free Set                   52 us
[2026-04-03T03:17:04.319+0600][45.857s][info][gc,stats    ] Concurrent Thread Roots             692 us, parallelism: 1.59x
[2026-04-03T03:17:04.319+0600][45.857s][info][gc,stats    ]   CTR: <total>                     1100 us
[2026-04-03T03:17:04.319+0600][45.857s][info][gc,stats    ]   CTR: Thread Roots                1100 us, workers (us): 366, 370, 363, ---, ---, ---, 
[2026-04-03T03:17:04.319+0600][45.857s][info][gc,stats    ] Concurrent Weak References          580 us, parallelism: 0.69x
[2026-04-03T03:17:04.319+0600][45.858s][info][gc,stats    ]   CWRF: <total>                     398 us
[2026-04-03T03:17:04.319+0600][45.858s][info][gc,stats    ]   CWRF: Weak References             398 us, workers (us):  37, 289,  72, ---, ---, ---, 
[2026-04-03T03:17:04.319+0600][45.858s][info][gc,stats    ] Concurrent Weak Roots              2197 us
[2026-04-03T03:17:04.319+0600][45.858s][info][gc,stats    ]   Roots                            1917 us, parallelism: 2.43x
[2026-04-03T03:17:04.319+0600][45.858s][info][gc,stats    ]     CWR: <total>                   4654 us
[2026-04-03T03:17:04.319+0600][45.858s][info][gc,stats    ]     CWR: Code Cache Roots          3061 us, workers (us): 1033, 935, 1093, ---, ---, ---, 
[2026-04-03T03:17:04.319+0600][45.858s][info][gc,stats    ]     CWR: VM Weak Roots             1505 us, workers (us): 532, 485, 488, ---, ---, ---, 
[2026-04-03T03:17:04.319+0600][45.858s][info][gc,stats    ]     CWR: CLDG Roots                  88 us, workers (us): ---,  88, ---, ---, ---, ---, 
[2026-04-03T03:17:04.319+0600][45.858s][info][gc,stats    ]   Rendezvous                        204 us
[2026-04-03T03:17:04.319+0600][45.858s][info][gc,stats    ] Concurrent Cleanup                  563 us
[2026-04-03T03:17:04.319+0600][45.858s][info][gc,stats    ] Concurrent Class Unloading         5809 us
[2026-04-03T03:17:04.319+0600][45.858s][info][gc,stats    ]   Unlink Stale                     5283 us
[2026-04-03T03:17:04.319+0600][45.858s][info][gc,stats    ]     System Dictionary                66 us
[2026-04-03T03:17:04.319+0600][45.858s][info][gc,stats    ]     Weak Class Links                  0 us
[2026-04-03T03:17:04.319+0600][45.858s][info][gc,stats    ]     Code Roots                     5213 us
[2026-04-03T03:17:04.319+0600][45.858s][info][gc,stats    ]   Rendezvous                        203 us
[2026-04-03T03:17:04.319+0600][45.858s][info][gc,stats    ]   Purge Unlinked                    228 us
[2026-04-03T03:17:04.319+0600][45.858s][info][gc,stats    ]     Code Roots                      214 us
[2026-04-03T03:17:04.319+0600][45.858s][info][gc,stats    ]     CLDG                             13 us
[2026-04-03T03:17:04.319+0600][45.858s][info][gc,stats    ]     Exception Caches                  0 us
[2026-04-03T03:17:04.319+0600][45.858s][info][gc,stats    ] Concurrent Strong Roots             952 us, parallelism: 0.64x
[2026-04-03T03:17:04.319+0600][45.858s][info][gc,stats    ]   CSR: <total>                      610 us
[2026-04-03T03:17:04.319+0600][45.858s][info][gc,stats    ]   CSR: VM Strong Roots               42 us, workers (us):  35,   6,   1, ---, ---, ---, 
[2026-04-03T03:17:04.319+0600][45.858s][info][gc,stats    ]   CSR: CLDG Roots                   568 us, workers (us): ---, ---, 568, ---, ---, ---, 
[2026-04-03T03:17:04.319+0600][45.858s][info][gc,stats    ] Concurrent Evacuation             30348 us
[2026-04-03T03:17:04.319+0600][45.858s][info][gc,stats    ] Pause Init Update Refs (G)          466 us
[2026-04-03T03:17:04.319+0600][45.858s][info][gc,stats    ] Pause Init Update Refs (N)          116 us
[2026-04-03T03:17:04.319+0600][45.858s][info][gc,stats    ]   Manage GCLABs                      12 us
[2026-04-03T03:17:04.319+0600][45.858s][info][gc,stats    ] Concurrent Update Refs           148759 us
[2026-04-03T03:17:04.319+0600][45.858s][info][gc,stats    ] Concurrent Update Thread Roots      953 us
[2026-04-03T03:17:04.319+0600][45.858s][info][gc,stats    ] Pause Final Update Refs (G)         575 us
[2026-04-03T03:17:04.319+0600][45.858s][info][gc,stats    ] Pause Final Update Refs (N)         414 us
[2026-04-03T03:17:04.319+0600][45.858s][info][gc,stats    ]   Update Region States               67 us
[2026-04-03T03:17:04.319+0600][45.858s][info][gc,stats    ]   Trash Collection Set               26 us
[2026-04-03T03:17:04.319+0600][45.858s][info][gc,stats    ]   Rebuild Free Set                   50 us
[2026-04-03T03:17:04.319+0600][45.858s][info][gc,stats    ] Concurrent Cleanup                  741 us
[2026-04-03T03:17:04.319+0600][45.858s][info][gc,stats    ] Pacing                           139887 us
[2026-04-03T03:17:04.319+0600][45.858s][info][gc,stats    ] 
[2026-04-03T03:17:04.319+0600][45.858s][info][gc,stats    ] Allocation pacing accrued:
[2026-04-03T03:17:04.319+0600][45.858s][info][gc,stats    ]      62 of   555 ms ( 11.1%): Executor task launch worker for task 1.0 in stage 2.0 (TID 7)
[2026-04-03T03:17:04.319+0600][45.858s][info][gc,stats    ]      78 of   555 ms ( 14.1%): Executor task launch worker for task 0.0 in stage 2.0 (TID 6)
[2026-04-03T03:17:04.319+0600][45.858s][info][gc,stats    ]     140 of   555 ms ( 25.2%): <total>
[2026-04-03T03:17:04.319+0600][45.858s][info][gc,stats    ]       2 of   555 ms (  0.3%): <average total>
[2026-04-03T03:17:04.319+0600][45.858s][info][gc,stats    ]      70 of   555 ms ( 12.6%): <average non-zero>
[2026-04-03T03:17:04.319+0600][45.858s][info][gc,stats    ] 
[2026-04-03T03:17:04.319+0600][45.858s][info][gc,metaspace] Metaspace: 70344K(71168K)->70369K(71232K) NonClass: 61393K(61824K)->61418K(61888K) Class: 8951K(9344K)->8951K(9344K)
[2026-04-03T03:17:04.319+0600][45.858s][info][gc,ergo     ] Pacer for Idle. Initial: 15360K, Alloc Tax Rate: 1.0x
[2026-04-03T03:17:04.442+0600][45.980s][info][gc          ] Trigger: Average GC time (713.99 ms) is above the time for average allocation rate (420 MB/s) to deplete free headroom (299M) (margin of error = 1.97)
[2026-04-03T03:17:04.442+0600][45.980s][info][gc,ergo     ] Free headroom: 337M (free) - 38400K (spike) - 0B (penalties) = 299M
[2026-04-03T03:17:04.442+0600][45.980s][info][gc,ergo     ] Free: 337M, Max: 256K regular, 115M humongous, Frag: 66% external, 0% internal; Reserve: 38400K, Max: 256K
[2026-04-03T03:17:04.442+0600][45.980s][info][gc,start    ] GC(58) Concurrent reset
[2026-04-03T03:17:04.442+0600][45.980s][info][gc,task     ] GC(58) Using 3 of 6 workers for concurrent reset
[2026-04-03T03:17:04.442+0600][45.980s][info][gc,ergo     ] GC(58) Pacer for Reset. Non-Taxable: 750M
[2026-04-03T03:17:04.443+0600][45.982s][info][gc          ] GC(58) Concurrent reset 1.074ms
[2026-04-03T03:17:04.443+0600][45.982s][info][gc,start    ] GC(58) Pause Init Mark (unload classes)
[2026-04-03T03:17:04.443+0600][45.982s][info][gc,task     ] GC(58) Using 6 of 6 workers for init marking
[2026-04-03T03:17:04.443+0600][45.982s][info][gc,ergo     ] GC(58) Pacer for Mark. Expected Live: 219M, Free: 336M, Non-Taxable: 34435K, Alloc Tax Rate: 0.8x
[2026-04-03T03:17:04.443+0600][45.982s][info][gc          ] GC(58) Pause Init Mark (unload classes) 0.112ms
[2026-04-03T03:17:04.444+0600][45.982s][info][gc,start    ] GC(58) Concurrent marking roots
[2026-04-03T03:17:04.444+0600][45.982s][info][gc,task     ] GC(58) Using 3 of 6 workers for concurrent marking roots
[2026-04-03T03:17:04.444+0600][45.982s][info][gc          ] GC(58) Concurrent marking roots 0.519ms
[2026-04-03T03:17:04.444+0600][45.982s][info][gc,start    ] GC(58) Concurrent marking (unload classes)
[2026-04-03T03:17:04.444+0600][45.982s][info][gc,task     ] GC(58) Using 3 of 6 workers for concurrent marking
[2026-04-03T03:17:04.646+0600][46.184s][info][gc          ] GC(58) Concurrent marking (unload classes) 201.526ms
[2026-04-03T03:17:04.646+0600][46.184s][info][gc,start    ] GC(58) Pause Final Mark (unload classes)
[2026-04-03T03:17:04.646+0600][46.184s][info][gc,task     ] GC(58) Using 6 of 6 workers for final marking
[2026-04-03T03:17:04.647+0600][46.185s][info][gc,ergo     ] GC(58) Adaptive CSet Selection. Target Free: 106M, Actual Free: 401M, Max CSet: 32000K, Min Garbage: 0B
[2026-04-03T03:17:04.647+0600][46.185s][info][gc,ergo     ] GC(58) Collectable Garbage: 190M (97%), Immediate: 31238K (15%), CSet: 160M (81%)
[2026-04-03T03:17:04.647+0600][46.185s][info][gc,ergo     ] GC(58) Pacer for Evacuation. Used CSet: 181M, Free: 365M, Non-Taxable: 37379K, Alloc Tax Rate: 1.2x
[2026-04-03T03:17:04.647+0600][46.185s][info][gc          ] GC(58) Pause Final Mark (unload classes) 1.007ms
[2026-04-03T03:17:04.647+0600][46.186s][info][gc,start    ] GC(58) Concurrent thread roots
[2026-04-03T03:17:04.647+0600][46.186s][info][gc,task     ] GC(58) Using 3 of 6 workers for Concurrent thread roots
[2026-04-03T03:17:04.648+0600][46.186s][info][gc          ] GC(58) Concurrent thread roots 0.483ms
[2026-04-03T03:17:04.648+0600][46.186s][info][gc,start    ] GC(58) Concurrent weak references
[2026-04-03T03:17:04.648+0600][46.186s][info][gc,task     ] GC(58) Using 3 of 6 workers for concurrent weak references
[2026-04-03T03:17:04.648+0600][46.186s][info][gc,ref      ] GC(58) Encountered references: Soft: 3383, Weak: 6030, Final: 82, Phantom: 596
[2026-04-03T03:17:04.648+0600][46.186s][info][gc,ref      ] GC(58) Discovered  references: Soft: 0, Weak: 238, Final: 0, Phantom: 210
[2026-04-03T03:17:04.648+0600][46.186s][info][gc,ref      ] GC(58) Enqueued    references: Soft: 0, Weak: 6, Final: 0, Phantom: 0
[2026-04-03T03:17:04.648+0600][46.186s][info][gc          ] GC(58) Concurrent weak references 0.359ms
[2026-04-03T03:17:04.648+0600][46.186s][info][gc,start    ] GC(58) Concurrent weak roots
[2026-04-03T03:17:04.648+0600][46.186s][info][gc,task     ] GC(58) Using 3 of 6 workers for concurrent weak root
[2026-04-03T03:17:04.650+0600][46.188s][info][gc          ] GC(58) Concurrent weak roots 1.765ms
[2026-04-03T03:17:04.650+0600][46.188s][info][gc,start    ] GC(58) Concurrent cleanup
[2026-04-03T03:17:04.650+0600][46.189s][info][gc          ] GC(58) Concurrent cleanup 376M->345M(750M) 0.545ms
[2026-04-03T03:17:04.651+0600][46.189s][info][gc,ergo     ] GC(58) Free: 364M, Max: 256K regular, 172M humongous, Frag: 53% external, 0% internal; Reserve: 37888K, Max: 256K
[2026-04-03T03:17:04.651+0600][46.189s][info][gc,start    ] GC(58) Concurrent class unloading
[2026-04-03T03:17:04.651+0600][46.189s][info][gc,task     ] GC(58) Using 3 of 6 workers for concurrent class unloading
[2026-04-03T03:17:04.656+0600][46.194s][info][gc          ] GC(58) Concurrent class unloading 5.304ms
[2026-04-03T03:17:04.656+0600][46.194s][info][gc,start    ] GC(58) Concurrent strong roots
[2026-04-03T03:17:04.656+0600][46.194s][info][gc,task     ] GC(58) Using 3 of 6 workers for concurrent strong root
[2026-04-03T03:17:04.656+0600][46.195s][info][gc          ] GC(58) Concurrent strong roots 0.496ms
[2026-04-03T03:17:04.656+0600][46.195s][info][gc,start    ] GC(58) Concurrent evacuation
[2026-04-03T03:17:04.656+0600][46.195s][info][gc,task     ] GC(58) Using 3 of 6 workers for concurrent evacuation
[2026-04-03T03:17:04.674+0600][46.213s][info][gc          ] GC(58) Concurrent evacuation 18.052ms
[2026-04-03T03:17:04.675+0600][46.213s][info][gc,start    ] GC(58) Pause Init Update Refs
[2026-04-03T03:17:04.675+0600][46.213s][info][gc,ergo     ] GC(58) Pacer for Update Refs. Used: 366M, Free: 364M, Non-Taxable: 37353K, Alloc Tax Rate: 1.2x
[2026-04-03T03:17:04.675+0600][46.213s][info][gc          ] GC(58) Pause Init Update Refs 0.098ms
[2026-04-03T03:17:04.675+0600][46.213s][info][gc,start    ] GC(58) Concurrent update references
[2026-04-03T03:17:04.675+0600][46.213s][info][gc,task     ] GC(58) Using 3 of 6 workers for concurrent reference update
[2026-04-03T03:17:04.760+0600][46.298s][info][gc          ] GC(58) Concurrent update references 84.826ms
[2026-04-03T03:17:04.760+0600][46.298s][info][gc,start    ] GC(58) Concurrent update thread roots
[2026-04-03T03:17:04.761+0600][46.299s][info][gc          ] GC(58) Concurrent update thread roots 0.645ms
[2026-04-03T03:17:04.761+0600][46.299s][info][gc,start    ] GC(58) Pause Final Update Refs
[2026-04-03T03:17:04.761+0600][46.299s][info][gc,task     ] GC(58) Using 6 of 6 workers for final reference update
[2026-04-03T03:17:04.761+0600][46.299s][info][gc          ] GC(58) Pause Final Update Refs 0.193ms
[2026-04-03T03:17:04.761+0600][46.300s][info][gc,start    ] GC(58) Concurrent cleanup
[2026-04-03T03:17:04.762+0600][46.300s][info][gc          ] GC(58) Concurrent cleanup 366M->185M(750M) 0.575ms
[2026-04-03T03:17:04.762+0600][46.300s][info][gc,ergo     ] Free: 524M, Max: 256K regular, 172M humongous, Frag: 68% external, 0% internal; Reserve: 38400K, Max: 256K
[2026-04-03T03:17:04.762+0600][46.300s][info][gc,stats    ] 
[2026-04-03T03:17:04.762+0600][46.300s][info][gc,stats    ] All times are wall-clock times, except per-root-class counters, that are sum over
[2026-04-03T03:17:04.762+0600][46.300s][info][gc,stats    ] all workers. Dividing the <total> over the root stage time estimates parallelism.
[2026-04-03T03:17:04.762+0600][46.300s][info][gc,stats    ] 
[2026-04-03T03:17:04.762+0600][46.300s][info][gc,stats    ] Concurrent Reset                   1121 us
[2026-04-03T03:17:04.762+0600][46.300s][info][gc,stats    ] Pause Init Mark (G)                 345 us
[2026-04-03T03:17:04.762+0600][46.300s][info][gc,stats    ] Pause Init Mark (N)                 121 us
[2026-04-03T03:17:04.762+0600][46.300s][info][gc,stats    ]   Update Region States               26 us
[2026-04-03T03:17:04.762+0600][46.300s][info][gc,stats    ] Concurrent Mark Roots               549 us, parallelism: 1.34x
[2026-04-03T03:17:04.762+0600][46.300s][info][gc,stats    ]   CMR: <total>                      738 us
[2026-04-03T03:17:04.762+0600][46.300s][info][gc,stats    ]   CMR: Thread Roots                 600 us, workers (us): 154, 266, 180, ---, ---, ---, 
[2026-04-03T03:17:04.762+0600][46.300s][info][gc,stats    ]   CMR: VM Strong Roots               14 us, workers (us):  13,   1,   0, ---, ---, ---, 
[2026-04-03T03:17:04.762+0600][46.300s][info][gc,stats    ]   CMR: CLDG Roots                   123 us, workers (us): 123, ---, ---, ---, ---, ---, 
[2026-04-03T03:17:04.762+0600][46.300s][info][gc,stats    ] Concurrent Marking               201628 us
[2026-04-03T03:17:04.762+0600][46.300s][info][gc,stats    ] Pause Final Mark (G)               1428 us
[2026-04-03T03:17:04.762+0600][46.300s][info][gc,stats    ] Pause Final Mark (N)               1018 us
[2026-04-03T03:17:04.762+0600][46.300s][info][gc,stats    ]   Finish Mark                       382 us
[2026-04-03T03:17:04.762+0600][46.300s][info][gc,stats    ]   Update Region States               51 us
[2026-04-03T03:17:04.762+0600][46.300s][info][gc,stats    ]   Choose Collection Set             430 us
[2026-04-03T03:17:04.762+0600][46.300s][info][gc,stats    ]   Rebuild Free Set                   50 us
[2026-04-03T03:17:04.762+0600][46.300s][info][gc,stats    ] Concurrent Thread Roots             550 us, parallelism: 1.68x
[2026-04-03T03:17:04.762+0600][46.300s][info][gc,stats    ]   CTR: <total>                      922 us
[2026-04-03T03:17:04.762+0600][46.300s][info][gc,stats    ]   CTR: Thread Roots                 922 us, workers (us): 353, 293, 275, ---, ---, ---, 
[2026-04-03T03:17:04.762+0600][46.300s][info][gc,stats    ] Concurrent Weak References          370 us, parallelism: 0.30x
[2026-04-03T03:17:04.762+0600][46.300s][info][gc,stats    ]   CWRF: <total>                     112 us
[2026-04-03T03:17:04.762+0600][46.300s][info][gc,stats    ]   CWRF: Weak References             112 us, workers (us):  50,  61,   1, ---, ---, ---, 
[2026-04-03T03:17:04.762+0600][46.300s][info][gc,stats    ] Concurrent Weak Roots              1818 us
[2026-04-03T03:17:04.762+0600][46.300s][info][gc,stats    ]   Roots                            1536 us, parallelism: 2.47x
[2026-04-03T03:17:04.762+0600][46.300s][info][gc,stats    ]     CWR: <total>                   3787 us
[2026-04-03T03:17:04.762+0600][46.300s][info][gc,stats    ]     CWR: Code Cache Roots          2269 us, workers (us): 794, 664, 811, ---, ---, ---, 
[2026-04-03T03:17:04.762+0600][46.300s][info][gc,stats    ]     CWR: VM Weak Roots             1399 us, workers (us): 526, 443, 430, ---, ---, ---, 
[2026-04-03T03:17:04.762+0600][46.300s][info][gc,stats    ]     CWR: CLDG Roots                 119 us, workers (us): ---, 119, ---, ---, ---, ---, 
[2026-04-03T03:17:04.762+0600][46.300s][info][gc,stats    ]   Rendezvous                        200 us
[2026-04-03T03:17:04.762+0600][46.300s][info][gc,stats    ] Concurrent Cleanup                  561 us
[2026-04-03T03:17:04.762+0600][46.300s][info][gc,stats    ] Concurrent Class Unloading         5369 us
[2026-04-03T03:17:04.762+0600][46.300s][info][gc,stats    ]   Unlink Stale                     4909 us
[2026-04-03T03:17:04.762+0600][46.300s][info][gc,stats    ]     System Dictionary               103 us
[2026-04-03T03:17:04.762+0600][46.300s][info][gc,stats    ]     Weak Class Links                  0 us
[2026-04-03T03:17:04.762+0600][46.300s][info][gc,stats    ]     Code Roots                     4803 us
[2026-04-03T03:17:04.762+0600][46.300s][info][gc,stats    ]   Rendezvous                        273 us
[2026-04-03T03:17:04.762+0600][46.301s][info][gc,stats    ]   Purge Unlinked                     99 us
[2026-04-03T03:17:04.762+0600][46.301s][info][gc,stats    ]     Code Roots                       87 us
[2026-04-03T03:17:04.762+0600][46.301s][info][gc,stats    ]     CLDG                             11 us
[2026-04-03T03:17:04.762+0600][46.301s][info][gc,stats    ]     Exception Caches                  0 us
[2026-04-03T03:17:04.762+0600][46.301s][info][gc,stats    ] Concurrent Strong Roots             526 us, parallelism: 0.59x
[2026-04-03T03:17:04.762+0600][46.301s][info][gc,stats    ]   CSR: <total>                      310 us
[2026-04-03T03:17:04.762+0600][46.301s][info][gc,stats    ]   CSR: VM Strong Roots               20 us, workers (us):  19,   1,   0, ---, ---, ---, 
[2026-04-03T03:17:04.762+0600][46.301s][info][gc,stats    ]   CSR: CLDG Roots                   290 us, workers (us): 290, ---, ---, ---, ---, ---, 
[2026-04-03T03:17:04.762+0600][46.301s][info][gc,stats    ] Concurrent Evacuation             18137 us
[2026-04-03T03:17:04.762+0600][46.301s][info][gc,stats    ] Pause Init Update Refs (G)          499 us
[2026-04-03T03:17:04.762+0600][46.301s][info][gc,stats    ] Pause Init Update Refs (N)          108 us
[2026-04-03T03:17:04.762+0600][46.301s][info][gc,stats    ]   Manage GCLABs                      31 us
[2026-04-03T03:17:04.762+0600][46.301s][info][gc,stats    ] Concurrent Update Refs            84896 us
[2026-04-03T03:17:04.762+0600][46.301s][info][gc,stats    ] Concurrent Update Thread Roots      685 us
[2026-04-03T03:17:04.762+0600][46.301s][info][gc,stats    ] Pause Final Update Refs (G)         558 us
[2026-04-03T03:17:04.762+0600][46.301s][info][gc,stats    ] Pause Final Update Refs (N)         207 us
[2026-04-03T03:17:04.762+0600][46.301s][info][gc,stats    ]   Update Region States               45 us
[2026-04-03T03:17:04.762+0600][46.301s][info][gc,stats    ]   Trash Collection Set               17 us
[2026-04-03T03:17:04.762+0600][46.301s][info][gc,stats    ]   Rebuild Free Set                   41 us
[2026-04-03T03:17:04.762+0600][46.301s][info][gc,stats    ] Concurrent Cleanup                  595 us
[2026-04-03T03:17:04.762+0600][46.301s][info][gc,stats    ] 
[2026-04-03T03:17:04.762+0600][46.301s][info][gc,stats    ] Allocation pacing accrued:
[2026-04-03T03:17:04.762+0600][46.301s][info][gc,stats    ]       0 of   443 ms (  0.0%): <total>
[2026-04-03T03:17:04.762+0600][46.301s][info][gc,stats    ]       0 of   443 ms (  0.0%): <average total>
[2026-04-03T03:17:04.762+0600][46.301s][info][gc,stats    ] 
[2026-04-03T03:17:04.762+0600][46.301s][info][gc,metaspace] Metaspace: 70375K(71232K)->70376K(71232K) NonClass: 61424K(61888K)->61425K(61888K) Class: 8951K(9344K)->8951K(9344K)
[2026-04-03T03:17:04.762+0600][46.301s][info][gc,ergo     ] Pacer for Idle. Initial: 15360K, Alloc Tax Rate: 1.0x
[2026-04-03T03:17:05.321+0600][46.860s][info][gc          ] Trigger: Average GC time (670.46 ms) is above the time for average allocation rate (480 MB/s) to deplete free headroom (321M) (margin of error = 1.94)
[2026-04-03T03:17:05.321+0600][46.860s][info][gc,ergo     ] Free headroom: 358M (free) - 38400K (spike) - 0B (penalties) = 321M
[2026-04-03T03:17:05.321+0600][46.860s][info][gc,ergo     ] Free: 358M, Max: 256K regular, 172M humongous, Frag: 52% external, 0% internal; Reserve: 38400K, Max: 256K
[2026-04-03T03:17:05.321+0600][46.860s][info][gc,start    ] GC(59) Concurrent reset
[2026-04-03T03:17:05.321+0600][46.860s][info][gc,task     ] GC(59) Using 3 of 6 workers for concurrent reset
[2026-04-03T03:17:05.321+0600][46.860s][info][gc,ergo     ] GC(59) Pacer for Reset. Non-Taxable: 750M
[2026-04-03T03:17:05.323+0600][46.861s][info][gc          ] GC(59) Concurrent reset 1.365ms
[2026-04-03T03:17:05.323+0600][46.862s][info][gc,start    ] GC(59) Pause Init Mark (unload classes)
[2026-04-03T03:17:05.323+0600][46.862s][info][gc,task     ] GC(59) Using 6 of 6 workers for init marking
[2026-04-03T03:17:05.323+0600][46.862s][info][gc,ergo     ] GC(59) Pacer for Mark. Expected Live: 212M, Free: 357M, Non-Taxable: 36636K, Alloc Tax Rate: 0.7x
[2026-04-03T03:17:05.323+0600][46.862s][info][gc          ] GC(59) Pause Init Mark (unload classes) 0.160ms
[2026-04-03T03:17:05.323+0600][46.862s][info][gc,start    ] GC(59) Concurrent marking roots
[2026-04-03T03:17:05.323+0600][46.862s][info][gc,task     ] GC(59) Using 3 of 6 workers for concurrent marking roots
[2026-04-03T03:17:05.324+0600][46.863s][info][gc          ] GC(59) Concurrent marking roots 0.878ms
[2026-04-03T03:17:05.324+0600][46.863s][info][gc,start    ] GC(59) Concurrent marking (unload classes)
[2026-04-03T03:17:05.324+0600][46.863s][info][gc,task     ] GC(59) Using 3 of 6 workers for concurrent marking
[2026-04-03T03:17:05.588+0600][47.127s][info][gc          ] GC(59) Concurrent marking (unload classes) 264.008ms
[2026-04-03T03:17:05.589+0600][47.127s][info][gc,start    ] GC(59) Pause Final Mark (unload classes)
[2026-04-03T03:17:05.589+0600][47.127s][info][gc,task     ] GC(59) Using 6 of 6 workers for final marking
[2026-04-03T03:17:05.589+0600][47.127s][info][gc,ergo     ] GC(59) Adaptive CSet Selection. Target Free: 106M, Actual Free: 384M, Max CSet: 32000K, Min Garbage: 0B
[2026-04-03T03:17:05.589+0600][47.128s][info][gc,ergo     ] GC(59) Collectable Garbage: 163M (97%), Immediate: 60169K (34%), CSet: 105M (62%)
[2026-04-03T03:17:05.589+0600][47.128s][info][gc,ergo     ] GC(59) Pacer for Evacuation. Used CSet: 127M, Free: 351M, Non-Taxable: 35997K, Alloc Tax Rate: 1.1x
[2026-04-03T03:17:05.589+0600][47.128s][info][gc          ] GC(59) Pause Final Mark (unload classes) 0.805ms
[2026-04-03T03:17:05.589+0600][47.128s][info][gc,start    ] GC(59) Concurrent thread roots
[2026-04-03T03:17:05.589+0600][47.128s][info][gc,task     ] GC(59) Using 3 of 6 workers for Concurrent thread roots
[2026-04-03T03:17:05.590+0600][47.128s][info][gc          ] GC(59) Concurrent thread roots 0.673ms
[2026-04-03T03:17:05.590+0600][47.129s][info][gc,start    ] GC(59) Concurrent weak references
[2026-04-03T03:17:05.590+0600][47.129s][info][gc,task     ] GC(59) Using 3 of 6 workers for concurrent weak references
[2026-04-03T03:17:05.591+0600][47.129s][info][gc,ref      ] GC(59) Encountered references: Soft: 3388, Weak: 6268, Final: 82, Phantom: 597
[2026-04-03T03:17:05.591+0600][47.129s][info][gc,ref      ] GC(59) Discovered  references: Soft: 0, Weak: 3955, Final: 50, Phantom: 594
[2026-04-03T03:17:05.591+0600][47.129s][info][gc,ref      ] GC(59) Enqueued    references: Soft: 0, Weak: 156, Final: 0, Phantom: 0
[2026-04-03T03:17:05.591+0600][47.129s][info][gc          ] GC(59) Concurrent weak references 0.746ms
[2026-04-03T03:17:05.591+0600][47.129s][info][gc,start    ] GC(59) Concurrent weak roots
[2026-04-03T03:17:05.591+0600][47.129s][info][gc,task     ] GC(59) Using 3 of 6 workers for concurrent weak root
[2026-04-03T03:17:05.593+0600][47.131s][info][gc          ] GC(59) Concurrent weak roots 1.966ms
[2026-04-03T03:17:05.593+0600][47.131s][info][gc,start    ] GC(59) Concurrent cleanup
[2026-04-03T03:17:05.593+0600][47.132s][info][gc          ] GC(59) Concurrent cleanup 417M->359M(750M) 0.226ms
[2026-04-03T03:17:05.593+0600][47.132s][info][gc,ergo     ] GC(59) Free: 350M, Max: 256K regular, 172M humongous, Frag: 51% external, 0% internal; Reserve: 38234K, Max: 256K
[2026-04-03T03:17:05.593+0600][47.132s][info][gc,start    ] GC(59) Concurrent class unloading
[2026-04-03T03:17:05.593+0600][47.132s][info][gc,task     ] GC(59) Using 3 of 6 workers for concurrent class unloading
[2026-04-03T03:17:05.599+0600][47.138s][info][gc          ] GC(59) Concurrent class unloading 5.898ms
[2026-04-03T03:17:05.599+0600][47.138s][info][gc,start    ] GC(59) Concurrent strong roots
[2026-04-03T03:17:05.599+0600][47.138s][info][gc,task     ] GC(59) Using 3 of 6 workers for concurrent strong root
[2026-04-03T03:17:05.600+0600][47.139s][info][gc          ] GC(59) Concurrent strong roots 0.982ms
[2026-04-03T03:17:05.600+0600][47.139s][info][gc,start    ] GC(59) Concurrent evacuation
[2026-04-03T03:17:05.600+0600][47.139s][info][gc,task     ] GC(59) Using 3 of 6 workers for concurrent evacuation
[2026-04-03T03:17:05.623+0600][47.162s][info][gc          ] GC(59) Concurrent evacuation 23.114ms
[2026-04-03T03:17:05.624+0600][47.162s][info][gc,start    ] GC(59) Pause Init Update Refs
[2026-04-03T03:17:05.624+0600][47.162s][info][gc,ergo     ] GC(59) Pacer for Update Refs. Used: 391M, Free: 341M, Non-Taxable: 34931K, Alloc Tax Rate: 1.4x
[2026-04-03T03:17:05.624+0600][47.162s][info][gc          ] GC(59) Pause Init Update Refs 0.190ms
[2026-04-03T03:17:05.624+0600][47.162s][info][gc,start    ] GC(59) Concurrent update references
[2026-04-03T03:17:05.624+0600][47.163s][info][gc,task     ] GC(59) Using 3 of 6 workers for concurrent reference update
[2026-04-03T03:17:05.803+0600][47.341s][info][gc          ] GC(59) Concurrent update references 178.818ms
[2026-04-03T03:17:05.803+0600][47.341s][info][gc,start    ] GC(59) Concurrent update thread roots
[2026-04-03T03:17:05.804+0600][47.343s][info][gc          ] GC(59) Concurrent update thread roots 1.256ms
[2026-04-03T03:17:05.805+0600][47.343s][info][gc,start    ] GC(59) Pause Final Update Refs
[2026-04-03T03:17:05.805+0600][47.343s][info][gc,task     ] GC(59) Using 6 of 6 workers for final reference update
[2026-04-03T03:17:05.805+0600][47.343s][info][gc          ] GC(59) Pause Final Update Refs 0.257ms
[2026-04-03T03:17:05.805+0600][47.343s][info][gc,start    ] GC(59) Concurrent cleanup
[2026-04-03T03:17:05.806+0600][47.344s][info][gc          ] GC(59) Concurrent cleanup 417M->290M(750M) 0.777ms
[2026-04-03T03:17:05.806+0600][47.344s][info][gc,ergo     ] Free: 417M, Max: 256K regular, 172M humongous, Frag: 59% external, 0% internal; Reserve: 38400K, Max: 256K
[2026-04-03T03:17:05.806+0600][47.344s][info][gc,stats    ] 
[2026-04-03T03:17:05.806+0600][47.344s][info][gc,stats    ] All times are wall-clock times, except per-root-class counters, that are sum over
[2026-04-03T03:17:05.806+0600][47.344s][info][gc,stats    ] all workers. Dividing the <total> over the root stage time estimates parallelism.
[2026-04-03T03:17:05.806+0600][47.344s][info][gc,stats    ] 
[2026-04-03T03:17:05.806+0600][47.344s][info][gc,stats    ] Concurrent Reset                   1430 us
[2026-04-03T03:17:05.806+0600][47.344s][info][gc,stats    ] Pause Init Mark (G)                 501 us
[2026-04-03T03:17:05.806+0600][47.345s][info][gc,stats    ] Pause Init Mark (N)                 170 us
[2026-04-03T03:17:05.806+0600][47.345s][info][gc,stats    ]   Update Region States               34 us
[2026-04-03T03:17:05.806+0600][47.345s][info][gc,stats    ] Concurrent Mark Roots               917 us, parallelism: 1.54x
[2026-04-03T03:17:05.806+0600][47.345s][info][gc,stats    ]   CMR: <total>                     1409 us
[2026-04-03T03:17:05.806+0600][47.345s][info][gc,stats    ]   CMR: Thread Roots                1040 us, workers (us): 469, 141, 430, ---, ---, ---, 
[2026-04-03T03:17:05.806+0600][47.345s][info][gc,stats    ]   CMR: VM Strong Roots               36 us, workers (us):  21,  14,   1, ---, ---, ---, 
[2026-04-03T03:17:05.806+0600][47.345s][info][gc,stats    ]   CMR: CLDG Roots                   333 us, workers (us): ---, 333, ---, ---, ---, ---, 
[2026-04-03T03:17:05.806+0600][47.345s][info][gc,stats    ] Concurrent Marking               264102 us
[2026-04-03T03:17:05.806+0600][47.345s][info][gc,stats    ] Pause Final Mark (G)               1017 us
[2026-04-03T03:17:05.806+0600][47.345s][info][gc,stats    ] Pause Final Mark (N)                817 us
[2026-04-03T03:17:05.806+0600][47.345s][info][gc,stats    ]   Finish Mark                       272 us
[2026-04-03T03:17:05.806+0600][47.345s][info][gc,stats    ]   Update Region States               37 us
[2026-04-03T03:17:05.806+0600][47.345s][info][gc,stats    ]   Choose Collection Set             347 us
[2026-04-03T03:17:05.806+0600][47.345s][info][gc,stats    ]   Rebuild Free Set                   40 us
[2026-04-03T03:17:05.806+0600][47.345s][info][gc,stats    ] Concurrent Thread Roots             708 us, parallelism: 1.94x
[2026-04-03T03:17:05.806+0600][47.345s][info][gc,stats    ]   CTR: <total>                     1375 us
[2026-04-03T03:17:05.806+0600][47.345s][info][gc,stats    ]   CTR: Thread Roots                1375 us, workers (us): 497, 460, 417, ---, ---, ---, 
[2026-04-03T03:17:05.806+0600][47.345s][info][gc,stats    ] Concurrent Weak References          758 us, parallelism: 0.84x
[2026-04-03T03:17:05.806+0600][47.345s][info][gc,stats    ]   CWRF: <total>                     633 us
[2026-04-03T03:17:05.806+0600][47.345s][info][gc,stats    ]   CWRF: Weak References             633 us, workers (us):  79, 486,  68, ---, ---, ---, 
[2026-04-03T03:17:05.806+0600][47.345s][info][gc,stats    ] Concurrent Weak Roots              2029 us
[2026-04-03T03:17:05.806+0600][47.345s][info][gc,stats    ]   Roots                            1605 us, parallelism: 2.42x
[2026-04-03T03:17:05.806+0600][47.345s][info][gc,stats    ]     CWR: <total>                   3889 us
[2026-04-03T03:17:05.806+0600][47.345s][info][gc,stats    ]     CWR: Code Cache Roots          2567 us, workers (us): 857, 796, 913, ---, ---, ---, 
[2026-04-03T03:17:05.806+0600][47.345s][info][gc,stats    ]     CWR: VM Weak Roots             1252 us, workers (us): 447, 409, 396, ---, ---, ---, 
[2026-04-03T03:17:05.806+0600][47.345s][info][gc,stats    ]     CWR: CLDG Roots                  70 us, workers (us): ---,  70, ---, ---, ---, ---, 
[2026-04-03T03:17:05.806+0600][47.345s][info][gc,stats    ]   Rendezvous                        336 us
[2026-04-03T03:17:05.806+0600][47.345s][info][gc,stats    ] Concurrent Cleanup                  253 us
[2026-04-03T03:17:05.806+0600][47.345s][info][gc,stats    ] Concurrent Class Unloading         5998 us
[2026-04-03T03:17:05.806+0600][47.345s][info][gc,stats    ]   Unlink Stale                     5173 us
[2026-04-03T03:17:05.806+0600][47.345s][info][gc,stats    ]     System Dictionary                96 us
[2026-04-03T03:17:05.806+0600][47.345s][info][gc,stats    ]     Weak Class Links                  0 us
[2026-04-03T03:17:05.806+0600][47.345s][info][gc,stats    ]     Code Roots                     5073 us
[2026-04-03T03:17:05.806+0600][47.345s][info][gc,stats    ]   Rendezvous                        221 us
[2026-04-03T03:17:05.806+0600][47.345s][info][gc,stats    ]   Purge Unlinked                    472 us
[2026-04-03T03:17:05.806+0600][47.345s][info][gc,stats    ]     Code Roots                      458 us
[2026-04-03T03:17:05.807+0600][47.345s][info][gc,stats    ]     CLDG                             12 us
[2026-04-03T03:17:05.807+0600][47.345s][info][gc,stats    ]     Exception Caches                  0 us
[2026-04-03T03:17:05.807+0600][47.345s][info][gc,stats    ] Concurrent Strong Roots            1063 us, parallelism: 0.65x
[2026-04-03T03:17:05.807+0600][47.345s][info][gc,stats    ]   CSR: <total>                      693 us
[2026-04-03T03:17:05.807+0600][47.345s][info][gc,stats    ]   CSR: VM Strong Roots               34 us, workers (us):  24,   9,   1, ---, ---, ---, 
[2026-04-03T03:17:05.807+0600][47.345s][info][gc,stats    ]   CSR: CLDG Roots                   659 us, workers (us): ---, ---, 659, ---, ---, ---, 
[2026-04-03T03:17:05.807+0600][47.345s][info][gc,stats    ] Concurrent Evacuation             23205 us
[2026-04-03T03:17:05.807+0600][47.345s][info][gc,stats    ] Pause Init Update Refs (G)          552 us
[2026-04-03T03:17:05.807+0600][47.345s][info][gc,stats    ] Pause Init Update Refs (N)          204 us
[2026-04-03T03:17:05.807+0600][47.345s][info][gc,stats    ]   Manage GCLABs                      32 us
[2026-04-03T03:17:05.807+0600][47.345s][info][gc,stats    ] Concurrent Update Refs           178915 us
[2026-04-03T03:17:05.807+0600][47.345s][info][gc,stats    ] Concurrent Update Thread Roots     1339 us
[2026-04-03T03:17:05.807+0600][47.345s][info][gc,stats    ] Pause Final Update Refs (G)         751 us
[2026-04-03T03:17:05.807+0600][47.345s][info][gc,stats    ] Pause Final Update Refs (N)         285 us
[2026-04-03T03:17:05.807+0600][47.345s][info][gc,stats    ]   Update Region States               69 us
[2026-04-03T03:17:05.807+0600][47.345s][info][gc,stats    ]   Trash Collection Set               19 us
[2026-04-03T03:17:05.807+0600][47.345s][info][gc,stats    ]   Rebuild Free Set                   45 us
[2026-04-03T03:17:05.807+0600][47.345s][info][gc,stats    ] Concurrent Cleanup                  848 us
[2026-04-03T03:17:05.807+0600][47.345s][info][gc,stats    ] Pacing                           298304 us
[2026-04-03T03:17:05.807+0600][47.345s][info][gc,stats    ] 
[2026-04-03T03:17:05.807+0600][47.345s][info][gc,stats    ] Allocation pacing accrued:
[2026-04-03T03:17:05.807+0600][47.345s][info][gc,stats    ]      99 of  1045 ms (  9.5%): Executor task launch worker for task 2.0 in stage 7.0 (TID 14)
[2026-04-03T03:17:05.807+0600][47.345s][info][gc,stats    ]      99 of  1045 ms (  9.5%): Executor task launch worker for task 1.0 in stage 7.0 (TID 13)
[2026-04-03T03:17:05.807+0600][47.345s][info][gc,stats    ]      99 of  1045 ms (  9.5%): Executor task launch worker for task 0.0 in stage 7.0 (TID 12)
[2026-04-03T03:17:05.807+0600][47.345s][info][gc,stats    ]     298 of  1045 ms ( 28.6%): <total>
[2026-04-03T03:17:05.807+0600][47.345s][info][gc,stats    ]       3 of  1045 ms (  0.3%): <average total>
[2026-04-03T03:17:05.807+0600][47.345s][info][gc,stats    ]      99 of  1045 ms (  9.5%): <average non-zero>
[2026-04-03T03:17:05.807+0600][47.345s][info][gc,stats    ] 
[2026-04-03T03:17:05.807+0600][47.345s][info][gc,metaspace] Metaspace: 70433K(71296K)->70841K(71808K) NonClass: 61476K(61952K)->61798K(62336K) Class: 8957K(9344K)->9043K(9472K)
[2026-04-03T03:17:05.807+0600][47.345s][info][gc,ergo     ] Pacer for Idle. Initial: 15360K, Alloc Tax Rate: 1.0x
[2026-04-03T03:17:05.908+0600][47.447s][info][gc          ] Trigger: Average GC time (635.72 ms) is above the time for average allocation rate (527 MB/s) to deplete free headroom (313M) (margin of error = 1.93)
[2026-04-03T03:17:05.909+0600][47.447s][info][gc,ergo     ] Free headroom: 351M (free) - 38400K (spike) - 0B (penalties) = 313M
[2026-04-03T03:17:05.909+0600][47.447s][info][gc,ergo     ] Free: 351M, Max: 256K regular, 172M humongous, Frag: 51% external, 0% internal; Reserve: 38400K, Max: 256K
[2026-04-03T03:17:05.909+0600][47.447s][info][gc,start    ] GC(60) Concurrent reset
[2026-04-03T03:17:05.909+0600][47.447s][info][gc,task     ] GC(60) Using 3 of 6 workers for concurrent reset
[2026-04-03T03:17:05.909+0600][47.447s][info][gc,ergo     ] GC(60) Pacer for Reset. Non-Taxable: 750M
[2026-04-03T03:17:05.910+0600][47.449s][info][gc          ] GC(60) Concurrent reset 1.655ms
[2026-04-03T03:17:05.911+0600][47.449s][info][gc,start    ] GC(60) Pause Init Mark (unload classes)
[2026-04-03T03:17:05.911+0600][47.449s][info][gc,task     ] GC(60) Using 6 of 6 workers for init marking
[2026-04-03T03:17:05.911+0600][47.449s][info][gc,ergo     ] GC(60) Pacer for Mark. Expected Live: 204M, Free: 350M, Non-Taxable: 35920K, Alloc Tax Rate: 0.7x
[2026-04-03T03:17:05.911+0600][47.449s][info][gc          ] GC(60) Pause Init Mark (unload classes) 0.432ms
[2026-04-03T03:17:05.911+0600][47.450s][info][gc,start    ] GC(60) Concurrent marking roots
[2026-04-03T03:17:05.911+0600][47.450s][info][gc,task     ] GC(60) Using 3 of 6 workers for concurrent marking roots
[2026-04-03T03:17:05.912+0600][47.451s][info][gc          ] GC(60) Concurrent marking roots 0.917ms
[2026-04-03T03:17:05.912+0600][47.451s][info][gc,start    ] GC(60) Concurrent marking (unload classes)
[2026-04-03T03:17:05.912+0600][47.451s][info][gc,task     ] GC(60) Using 3 of 6 workers for concurrent marking
[2026-04-03T03:17:06.203+0600][47.741s][info][gc          ] GC(60) Concurrent marking (unload classes) 290.900ms
[2026-04-03T03:17:06.203+0600][47.742s][info][gc,start    ] GC(60) Pause Final Mark (unload classes)
[2026-04-03T03:17:06.203+0600][47.742s][info][gc,task     ] GC(60) Using 6 of 6 workers for final marking
[2026-04-03T03:17:06.204+0600][47.742s][info][gc,ergo     ] GC(60) Adaptive CSet Selection. Target Free: 106M, Actual Free: 444M, Max CSet: 32000K, Min Garbage: 0B
[2026-04-03T03:17:06.204+0600][47.742s][info][gc,ergo     ] GC(60) Collectable Garbage: 184M (97%), Immediate: 118M (62%), CSet: 67698K (34%)
[2026-04-03T03:17:06.204+0600][47.743s][info][gc,ergo     ] GC(60) Pacer for Evacuation. Used CSet: 82688K, Free: 412M, Non-Taxable: 42192K, Alloc Tax Rate: 1.1x
[2026-04-03T03:17:06.204+0600][47.743s][info][gc          ] GC(60) Pause Final Mark (unload classes) 0.905ms
[2026-04-03T03:17:06.204+0600][47.743s][info][gc,start    ] GC(60) Concurrent thread roots
[2026-04-03T03:17:06.204+0600][47.743s][info][gc,task     ] GC(60) Using 3 of 6 workers for Concurrent thread roots
[2026-04-03T03:17:06.205+0600][47.743s][info][gc          ] GC(60) Concurrent thread roots 0.636ms
[2026-04-03T03:17:06.205+0600][47.743s][info][gc,start    ] GC(60) Concurrent weak references
[2026-04-03T03:17:06.205+0600][47.743s][info][gc,task     ] GC(60) Using 3 of 6 workers for concurrent weak references
[2026-04-03T03:17:06.206+0600][47.744s][info][gc,ref      ] GC(60) Encountered references: Soft: 3460, Weak: 6580, Final: 82, Phantom: 597
[2026-04-03T03:17:06.206+0600][47.744s][info][gc,ref      ] GC(60) Discovered  references: Soft: 0, Weak: 4908, Final: 0, Phantom: 593
[2026-04-03T03:17:06.206+0600][47.744s][info][gc,ref      ] GC(60) Enqueued    references: Soft: 0, Weak: 438, Final: 0, Phantom: 0
[2026-04-03T03:17:06.206+0600][47.744s][info][gc          ] GC(60) Concurrent weak references 0.896ms
[2026-04-03T03:17:06.206+0600][47.744s][info][gc,start    ] GC(60) Concurrent weak roots
[2026-04-03T03:17:06.206+0600][47.744s][info][gc,task     ] GC(60) Using 3 of 6 workers for concurrent weak root
[2026-04-03T03:17:06.208+0600][47.747s][info][gc          ] GC(60) Concurrent weak roots 2.509ms
[2026-04-03T03:17:06.209+0600][47.747s][info][gc,start    ] GC(60) Concurrent cleanup
[2026-04-03T03:17:06.209+0600][47.747s][info][gc          ] GC(60) Concurrent cleanup 417M->299M(750M) 0.312ms
[2026-04-03T03:17:06.209+0600][47.747s][info][gc,ergo     ] GC(60) Free: 410M, Max: 256K regular, 172M humongous, Frag: 58% external, 0% internal; Reserve: 37888K, Max: 256K
[2026-04-03T03:17:06.209+0600][47.747s][info][gc,start    ] GC(60) Concurrent class unloading
[2026-04-03T03:17:06.209+0600][47.747s][info][gc,task     ] GC(60) Using 3 of 6 workers for concurrent class unloading
[2026-04-03T03:17:06.234+0600][47.773s][info][gc          ] GC(60) Concurrent class unloading 25.395ms
[2026-04-03T03:17:06.234+0600][47.773s][info][gc,start    ] GC(60) Concurrent strong roots
[2026-04-03T03:17:06.234+0600][47.773s][info][gc,task     ] GC(60) Using 3 of 6 workers for concurrent strong root
[2026-04-03T03:17:06.235+0600][47.774s][info][gc          ] GC(60) Concurrent strong roots 1.034ms
[2026-04-03T03:17:06.236+0600][47.774s][info][gc,start    ] GC(60) Concurrent evacuation
[2026-04-03T03:17:06.236+0600][47.774s][info][gc,task     ] GC(60) Using 3 of 6 workers for concurrent evacuation
[2026-04-03T03:17:06.250+0600][47.788s][info][gc          ] GC(60) Concurrent evacuation 14.028ms
[2026-04-03T03:17:06.250+0600][47.788s][info][gc,start    ] GC(60) Pause Init Update Refs
[2026-04-03T03:17:06.250+0600][47.789s][info][gc,ergo     ] GC(60) Pacer for Update Refs. Used: 322M, Free: 403M, Non-Taxable: 41270K, Alloc Tax Rate: 1.1x
[2026-04-03T03:17:06.250+0600][47.789s][info][gc          ] GC(60) Pause Init Update Refs 0.238ms
[2026-04-03T03:17:06.250+0600][47.789s][info][gc,start    ] GC(60) Concurrent update references
[2026-04-03T03:17:06.251+0600][47.789s][info][gc,task     ] GC(60) Using 3 of 6 workers for concurrent reference update
[2026-04-03T03:17:06.366+0600][47.904s][info][gc          ] GC(60) Concurrent update references 115.481ms
[2026-04-03T03:17:06.366+0600][47.904s][info][gc,start    ] GC(60) Concurrent update thread roots
[2026-04-03T03:17:06.367+0600][47.905s][info][gc          ] GC(60) Concurrent update thread roots 0.727ms
[2026-04-03T03:17:06.367+0600][47.905s][info][gc,start    ] GC(60) Pause Final Update Refs
[2026-04-03T03:17:06.367+0600][47.905s][info][gc,task     ] GC(60) Using 6 of 6 workers for final reference update
[2026-04-03T03:17:06.367+0600][47.906s][info][gc          ] GC(60) Pause Final Update Refs 0.213ms
[2026-04-03T03:17:06.367+0600][47.906s][info][gc,start    ] GC(60) Concurrent cleanup
[2026-04-03T03:17:06.368+0600][47.906s][info][gc          ] GC(60) Concurrent cleanup 345M->264M(750M) 0.265ms
[2026-04-03T03:17:06.368+0600][47.906s][info][gc,ergo     ] Free: 444M, Max: 256K regular, 172M humongous, Frag: 62% external, 0% internal; Reserve: 38400K, Max: 256K
[2026-04-03T03:17:06.368+0600][47.906s][info][gc,stats    ] 
[2026-04-03T03:17:06.368+0600][47.906s][info][gc,stats    ] All times are wall-clock times, except per-root-class counters, that are sum over
[2026-04-03T03:17:06.368+0600][47.906s][info][gc,stats    ] all workers. Dividing the <total> over the root stage time estimates parallelism.
[2026-04-03T03:17:06.368+0600][47.906s][info][gc,stats    ] 
[2026-04-03T03:17:06.368+0600][47.906s][info][gc,stats    ] Concurrent Reset                   1741 us
[2026-04-03T03:17:06.368+0600][47.906s][info][gc,stats    ] Pause Init Mark (G)                 813 us
[2026-04-03T03:17:06.368+0600][47.906s][info][gc,stats    ] Pause Init Mark (N)                 451 us
[2026-04-03T03:17:06.368+0600][47.906s][info][gc,stats    ]   Update Region States              189 us
[2026-04-03T03:17:06.368+0600][47.906s][info][gc,stats    ] Concurrent Mark Roots               964 us, parallelism: 1.62x
[2026-04-03T03:17:06.368+0600][47.906s][info][gc,stats    ]   CMR: <total>                     1564 us
[2026-04-03T03:17:06.368+0600][47.906s][info][gc,stats    ]   CMR: Thread Roots                1158 us, workers (us): 144, 517, 497, ---, ---, ---, 
[2026-04-03T03:17:06.368+0600][47.906s][info][gc,stats    ]   CMR: VM Strong Roots               36 us, workers (us):  28,   8,   1, ---, ---, ---, 
[2026-04-03T03:17:06.368+0600][47.906s][info][gc,stats    ]   CMR: CLDG Roots                   370 us, workers (us): 370, ---, ---, ---, ---, ---, 
[2026-04-03T03:17:06.368+0600][47.906s][info][gc,stats    ] Concurrent Marking               290986 us
[2026-04-03T03:17:06.368+0600][47.906s][info][gc,stats    ] Pause Final Mark (G)               1203 us
[2026-04-03T03:17:06.368+0600][47.906s][info][gc,stats    ] Pause Final Mark (N)                918 us
[2026-04-03T03:17:06.368+0600][47.906s][info][gc,stats    ]   Finish Mark                       356 us
[2026-04-03T03:17:06.368+0600][47.906s][info][gc,stats    ]   Update Region States               64 us
[2026-04-03T03:17:06.368+0600][47.906s][info][gc,stats    ]   Choose Collection Set             302 us
[2026-04-03T03:17:06.368+0600][47.906s][info][gc,stats    ]   Rebuild Free Set                   45 us
[2026-04-03T03:17:06.368+0600][47.906s][info][gc,stats    ] Concurrent Thread Roots             672 us, parallelism: 1.62x
[2026-04-03T03:17:06.368+0600][47.906s][info][gc,stats    ]   CTR: <total>                     1089 us
[2026-04-03T03:17:06.368+0600][47.906s][info][gc,stats    ]   CTR: Thread Roots                1089 us, workers (us): 392, 386, 311, ---, ---, ---, 
[2026-04-03T03:17:06.368+0600][47.906s][info][gc,stats    ] Concurrent Weak References          909 us, parallelism: 0.90x
[2026-04-03T03:17:06.368+0600][47.906s][info][gc,stats    ]   CWRF: <total>                     818 us
[2026-04-03T03:17:06.368+0600][47.906s][info][gc,stats    ]   CWRF: Weak References             818 us, workers (us):  27, 706,  85, ---, ---, ---, 
[2026-04-03T03:17:06.368+0600][47.906s][info][gc,stats    ] Concurrent Weak Roots              2577 us
[2026-04-03T03:17:06.368+0600][47.906s][info][gc,stats    ]   Roots                            2118 us, parallelism: 2.38x
[2026-04-03T03:17:06.368+0600][47.906s][info][gc,stats    ]     CWR: <total>                   5048 us
[2026-04-03T03:17:06.368+0600][47.906s][info][gc,stats    ]     CWR: Code Cache Roots          3049 us, workers (us): 840, 1087, 1122, ---, ---, ---, 
[2026-04-03T03:17:06.368+0600][47.906s][info][gc,stats    ]     CWR: VM Weak Roots             1874 us, workers (us): 641, 613, 620, ---, ---, ---, 
[2026-04-03T03:17:06.368+0600][47.906s][info][gc,stats    ]     CWR: CLDG Roots                 126 us, workers (us): 126, ---, ---, ---, ---, ---, 
[2026-04-03T03:17:06.368+0600][47.906s][info][gc,stats    ]   Rendezvous                        363 us
[2026-04-03T03:17:06.368+0600][47.907s][info][gc,stats    ] Concurrent Cleanup                  336 us
[2026-04-03T03:17:06.368+0600][47.907s][info][gc,stats    ] Concurrent Class Unloading        25499 us
[2026-04-03T03:17:06.368+0600][47.907s][info][gc,stats    ]   Unlink Stale                    24001 us
[2026-04-03T03:17:06.368+0600][47.907s][info][gc,stats    ]     System Dictionary               354 us
[2026-04-03T03:17:06.368+0600][47.907s][info][gc,stats    ]     Weak Class Links              16917 us
[2026-04-03T03:17:06.368+0600][47.907s][info][gc,stats    ]     Code Roots                     6724 us
[2026-04-03T03:17:06.368+0600][47.907s][info][gc,stats    ]   Rendezvous                        292 us
[2026-04-03T03:17:06.368+0600][47.907s][info][gc,stats    ]   Purge Unlinked                   1053 us
[2026-04-03T03:17:06.368+0600][47.907s][info][gc,stats    ]     Code Roots                      900 us
[2026-04-03T03:17:06.368+0600][47.907s][info][gc,stats    ]     CLDG                            152 us
[2026-04-03T03:17:06.368+0600][47.907s][info][gc,stats    ]     Exception Caches                  0 us
[2026-04-03T03:17:06.368+0600][47.907s][info][gc,stats    ] Concurrent Strong Roots            1102 us, parallelism: 0.62x
[2026-04-03T03:17:06.368+0600][47.907s][info][gc,stats    ]   CSR: <total>                      683 us
[2026-04-03T03:17:06.368+0600][47.907s][info][gc,stats    ]   CSR: VM Strong Roots               31 us, workers (us):  30,   1,   0, ---, ---, ---, 
[2026-04-03T03:17:06.368+0600][47.907s][info][gc,stats    ]   CSR: CLDG Roots                   652 us, workers (us): 652, ---, ---, ---, ---, ---, 
[2026-04-03T03:17:06.368+0600][47.907s][info][gc,stats    ] Concurrent Evacuation             14134 us
[2026-04-03T03:17:06.368+0600][47.907s][info][gc,stats    ] Pause Init Update Refs (G)          754 us
[2026-04-03T03:17:06.368+0600][47.907s][info][gc,stats    ] Pause Init Update Refs (N)          254 us
[2026-04-03T03:17:06.368+0600][47.907s][info][gc,stats    ]   Manage GCLABs                      35 us
[2026-04-03T03:17:06.368+0600][47.907s][info][gc,stats    ] Concurrent Update Refs           115586 us
[2026-04-03T03:17:06.368+0600][47.907s][info][gc,stats    ] Concurrent Update Thread Roots      794 us
[2026-04-03T03:17:06.368+0600][47.907s][info][gc,stats    ] Pause Final Update Refs (G)         531 us
[2026-04-03T03:17:06.368+0600][47.907s][info][gc,stats    ] Pause Final Update Refs (N)         229 us
[2026-04-03T03:17:06.368+0600][47.907s][info][gc,stats    ]   Update Region States               51 us
[2026-04-03T03:17:06.368+0600][47.907s][info][gc,stats    ]   Trash Collection Set               13 us
[2026-04-03T03:17:06.368+0600][47.907s][info][gc,stats    ]   Rebuild Free Set                   42 us
[2026-04-03T03:17:06.368+0600][47.907s][info][gc,stats    ] Concurrent Cleanup                  291 us
[2026-04-03T03:17:06.368+0600][47.907s][info][gc,stats    ] Pacing                           182263 us
[2026-04-03T03:17:06.368+0600][47.907s][info][gc,stats    ] 
[2026-04-03T03:17:06.368+0600][47.907s][info][gc,stats    ] Allocation pacing accrued:
[2026-04-03T03:17:06.368+0600][47.907s][info][gc,stats    ]      57 of   562 ms ( 10.1%): Executor task launch worker for task 2.0 in stage 7.0 (TID 14)
[2026-04-03T03:17:06.368+0600][47.907s][info][gc,stats    ]      60 of   562 ms ( 10.6%): Executor task launch worker for task 1.0 in stage 7.0 (TID 13)
[2026-04-03T03:17:06.368+0600][47.907s][info][gc,stats    ]      66 of   562 ms ( 11.7%): Executor task launch worker for task 0.0 in stage 7.0 (TID 12)
[2026-04-03T03:17:06.368+0600][47.907s][info][gc,stats    ]     182 of   562 ms ( 32.4%): <total>
[2026-04-03T03:17:06.368+0600][47.907s][info][gc,stats    ]       2 of   562 ms (  0.4%): <average total>
[2026-04-03T03:17:06.368+0600][47.907s][info][gc,stats    ]      61 of   562 ms ( 10.8%): <average non-zero>
[2026-04-03T03:17:06.369+0600][47.907s][info][gc,stats    ] 
[2026-04-03T03:17:06.369+0600][47.907s][info][gc,metaspace] Metaspace: 70842K(71808K)->70792K(71808K) NonClass: 61798K(62336K)->61766K(62336K) Class: 9043K(9472K)->9026K(9472K)
[2026-04-03T03:17:06.369+0600][47.907s][info][gc,ergo     ] Pacer for Idle. Initial: 15360K, Alloc Tax Rate: 1.0x
[2026-04-03T03:17:06.471+0600][48.009s][info][gc          ] Trigger: Average GC time (583.94 ms) is above the time for average allocation rate (598 MB/s) to deplete free headroom (328M) (margin of error = 1.92)
[2026-04-03T03:17:06.471+0600][48.009s][info][gc,ergo     ] Free headroom: 365M (free) - 38400K (spike) - 0B (penalties) = 328M
[2026-04-03T03:17:06.471+0600][48.009s][info][gc,ergo     ] Free: 365M, Max: 256K regular, 172M humongous, Frag: 53% external, 0% internal; Reserve: 38400K, Max: 256K
[2026-04-03T03:17:06.471+0600][48.009s][info][gc,start    ] GC(61) Concurrent reset
[2026-04-03T03:17:06.471+0600][48.009s][info][gc,task     ] GC(61) Using 3 of 6 workers for concurrent reset
[2026-04-03T03:17:06.471+0600][48.009s][info][gc,ergo     ] GC(61) Pacer for Reset. Non-Taxable: 750M
[2026-04-03T03:17:06.472+0600][48.010s][info][gc          ] GC(61) Concurrent reset 1.151ms
[2026-04-03T03:17:06.472+0600][48.011s][info][gc,start    ] GC(61) Pause Init Mark (unload classes)
[2026-04-03T03:17:06.472+0600][48.011s][info][gc,task     ] GC(61) Using 6 of 6 workers for init marking
[2026-04-03T03:17:06.472+0600][48.011s][info][gc,ergo     ] GC(61) Pacer for Mark. Expected Live: 191M, Free: 365M, Non-Taxable: 37430K, Alloc Tax Rate: 0.6x
[2026-04-03T03:17:06.472+0600][48.011s][info][gc          ] GC(61) Pause Init Mark (unload classes) 0.118ms
[2026-04-03T03:17:06.472+0600][48.011s][info][gc,start    ] GC(61) Concurrent marking roots
[2026-04-03T03:17:06.472+0600][48.011s][info][gc,task     ] GC(61) Using 3 of 6 workers for concurrent marking roots
[2026-04-03T03:17:06.473+0600][48.011s][info][gc          ] GC(61) Concurrent marking roots 0.654ms
[2026-04-03T03:17:06.473+0600][48.012s][info][gc,start    ] GC(61) Concurrent marking (unload classes)
[2026-04-03T03:17:06.473+0600][48.012s][info][gc,task     ] GC(61) Using 3 of 6 workers for concurrent marking
[2026-04-03T03:17:06.730+0600][48.269s][info][gc          ] GC(61) Concurrent marking (unload classes) 257.011ms
[2026-04-03T03:17:06.731+0600][48.269s][info][gc,start    ] GC(61) Pause Final Mark (unload classes)
[2026-04-03T03:17:06.731+0600][48.269s][info][gc,task     ] GC(61) Using 6 of 6 workers for final marking
[2026-04-03T03:17:06.731+0600][48.269s][info][gc,ergo     ] GC(61) Collectable Garbage: 183M (92%), Immediate: 183M (92%), CSet: 0B (0%)
[2026-04-03T03:17:06.731+0600][48.270s][info][gc          ] GC(61) Pause Final Mark (unload classes) 0.639ms
[2026-04-03T03:17:06.731+0600][48.270s][info][gc,start    ] GC(61) Concurrent weak references
[2026-04-03T03:17:06.731+0600][48.270s][info][gc,task     ] GC(61) Using 3 of 6 workers for concurrent weak references
[2026-04-03T03:17:06.732+0600][48.270s][info][gc,ref      ] GC(61) Encountered references: Soft: 3469, Weak: 6205, Final: 82, Phantom: 594
[2026-04-03T03:17:06.732+0600][48.270s][info][gc,ref      ] GC(61) Discovered  references: Soft: 0, Weak: 1522, Final: 0, Phantom: 591
[2026-04-03T03:17:06.732+0600][48.270s][info][gc,ref      ] GC(61) Enqueued    references: Soft: 0, Weak: 93, Final: 0, Phantom: 0
[2026-04-03T03:17:06.732+0600][48.270s][info][gc          ] GC(61) Concurrent weak references 0.809ms
[2026-04-03T03:17:06.732+0600][48.270s][info][gc,start    ] GC(61) Concurrent weak roots
[2026-04-03T03:17:06.732+0600][48.271s][info][gc,task     ] GC(61) Using 3 of 6 workers for concurrent weak root
[2026-04-03T03:17:06.735+0600][48.274s][info][gc          ] GC(61) Concurrent weak roots 3.291ms
[2026-04-03T03:17:06.736+0600][48.274s][info][gc,start    ] GC(61) Concurrent cleanup
[2026-04-03T03:17:06.736+0600][48.275s][info][gc          ] GC(61) Concurrent cleanup 397M->214M(750M) 0.793ms
[2026-04-03T03:17:06.736+0600][48.275s][info][gc,ergo     ] GC(61) Free: 494M, Max: 256K regular, 172M humongous, Frag: 66% external, 0% internal; Reserve: 38400K, Max: 256K
[2026-04-03T03:17:06.736+0600][48.275s][info][gc,start    ] GC(61) Concurrent class unloading
[2026-04-03T03:17:06.736+0600][48.275s][info][gc,task     ] GC(61) Using 3 of 6 workers for concurrent class unloading
[2026-04-03T03:17:06.745+0600][48.283s][info][gc          ] GC(61) Concurrent class unloading 8.290ms
[2026-04-03T03:17:06.746+0600][48.284s][info][gc,start    ] GC(61) Pause Final Roots
[2026-04-03T03:17:06.746+0600][48.284s][info][gc          ] GC(61) Pause Final Roots 0.092ms
[2026-04-03T03:17:06.746+0600][48.284s][info][gc,ergo     ] Free: 491M, Max: 256K regular, 172M humongous, Frag: 65% external, 0% internal; Reserve: 38400K, Max: 256K
[2026-04-03T03:17:06.746+0600][48.284s][info][gc,stats    ] 
[2026-04-03T03:17:06.746+0600][48.284s][info][gc,stats    ] All times are wall-clock times, except per-root-class counters, that are sum over
[2026-04-03T03:17:06.746+0600][48.284s][info][gc,stats    ] all workers. Dividing the <total> over the root stage time estimates parallelism.
[2026-04-03T03:17:06.746+0600][48.284s][info][gc,stats    ] 
[2026-04-03T03:17:06.746+0600][48.284s][info][gc,stats    ] Concurrent Reset                   1207 us
[2026-04-03T03:17:06.746+0600][48.284s][info][gc,stats    ] Pause Init Mark (G)                 491 us
[2026-04-03T03:17:06.746+0600][48.284s][info][gc,stats    ] Pause Init Mark (N)                 127 us
[2026-04-03T03:17:06.746+0600][48.284s][info][gc,stats    ]   Update Region States               40 us
[2026-04-03T03:17:06.746+0600][48.284s][info][gc,stats    ] Concurrent Mark Roots               686 us, parallelism: 1.67x
[2026-04-03T03:17:06.746+0600][48.284s][info][gc,stats    ]   CMR: <total>                     1148 us
[2026-04-03T03:17:06.746+0600][48.284s][info][gc,stats    ]   CMR: Thread Roots                 944 us, workers (us): 370, 217, 357, ---, ---, ---, 
[2026-04-03T03:17:06.746+0600][48.285s][info][gc,stats    ]   CMR: VM Strong Roots               52 us, workers (us):  32,  18,   1, ---, ---, ---, 
[2026-04-03T03:17:06.746+0600][48.285s][info][gc,stats    ]   CMR: CLDG Roots                   152 us, workers (us): ---, 152, ---, ---, ---, ---, 
[2026-04-03T03:17:06.746+0600][48.285s][info][gc,stats    ] Concurrent Marking               257143 us
[2026-04-03T03:17:06.746+0600][48.285s][info][gc,stats    ] Pause Final Mark (G)               1000 us
[2026-04-03T03:17:06.746+0600][48.285s][info][gc,stats    ] Pause Final Mark (N)                664 us
[2026-04-03T03:17:06.746+0600][48.285s][info][gc,stats    ]   Finish Mark                       190 us
[2026-04-03T03:17:06.746+0600][48.285s][info][gc,stats    ]   Update Region States               85 us
[2026-04-03T03:17:06.746+0600][48.285s][info][gc,stats    ]   Choose Collection Set             109 us
[2026-04-03T03:17:06.746+0600][48.285s][info][gc,stats    ]   Rebuild Free Set                   47 us
[2026-04-03T03:17:06.746+0600][48.285s][info][gc,stats    ] Concurrent Weak References          833 us, parallelism: 0.70x
[2026-04-03T03:17:06.746+0600][48.285s][info][gc,stats    ]   CWRF: <total>                     582 us
[2026-04-03T03:17:06.746+0600][48.285s][info][gc,stats    ]   CWRF: Weak References             582 us, workers (us): 488,  93,   2, ---, ---, ---, 
[2026-04-03T03:17:06.746+0600][48.285s][info][gc,stats    ] Concurrent Weak Roots              3389 us
[2026-04-03T03:17:06.746+0600][48.285s][info][gc,stats    ]   Roots                            3043 us, parallelism: 2.54x
[2026-04-03T03:17:06.746+0600][48.285s][info][gc,stats    ]     CWR: <total>                   7729 us
[2026-04-03T03:17:06.746+0600][48.285s][info][gc,stats    ]     CWR: Code Cache Roots          5625 us, workers (us): 1723, 1856, 2047, ---, ---, ---, 
[2026-04-03T03:17:06.746+0600][48.285s][info][gc,stats    ]     CWR: VM Weak Roots             1969 us, workers (us): 664, 660, 644, ---, ---, ---, 
[2026-04-03T03:17:06.746+0600][48.285s][info][gc,stats    ]     CWR: CLDG Roots                 135 us, workers (us): 135, ---, ---, ---, ---, ---, 
[2026-04-03T03:17:06.746+0600][48.285s][info][gc,stats    ]   Rendezvous                        200 us
[2026-04-03T03:17:06.746+0600][48.285s][info][gc,stats    ] Concurrent Cleanup                  824 us
[2026-04-03T03:17:06.746+0600][48.285s][info][gc,stats    ] Concurrent Class Unloading         8492 us
[2026-04-03T03:17:06.746+0600][48.285s][info][gc,stats    ]   Unlink Stale                     7229 us
[2026-04-03T03:17:06.746+0600][48.285s][info][gc,stats    ]     System Dictionary               152 us
[2026-04-03T03:17:06.746+0600][48.285s][info][gc,stats    ]     Weak Class Links                  1 us
[2026-04-03T03:17:06.746+0600][48.285s][info][gc,stats    ]     Code Roots                     7071 us
[2026-04-03T03:17:06.746+0600][48.285s][info][gc,stats    ]   Rendezvous                        429 us
[2026-04-03T03:17:06.746+0600][48.285s][info][gc,stats    ]   Purge Unlinked                    593 us
[2026-04-03T03:17:06.747+0600][48.285s][info][gc,stats    ]     Code Roots                      568 us
[2026-04-03T03:17:06.747+0600][48.285s][info][gc,stats    ]     CLDG                             24 us
[2026-04-03T03:17:06.747+0600][48.285s][info][gc,stats    ]     Exception Caches                  1 us
[2026-04-03T03:17:06.747+0600][48.285s][info][gc,stats    ] Pause Final Roots (G)               835 us
[2026-04-03T03:17:06.747+0600][48.285s][info][gc,stats    ] Pause Final Roots (N)               110 us
[2026-04-03T03:17:06.747+0600][48.285s][info][gc,stats    ] Pacing                           271889 us
[2026-04-03T03:17:06.747+0600][48.285s][info][gc,stats    ] 
[2026-04-03T03:17:06.747+0600][48.285s][info][gc,stats    ] Allocation pacing accrued:
[2026-04-03T03:17:06.747+0600][48.285s][info][gc,stats    ]      90 of   378 ms ( 23.8%): Executor task launch worker for task 2.0 in stage 11.0 (TID 17)
[2026-04-03T03:17:06.747+0600][48.285s][info][gc,stats    ]      90 of   378 ms ( 23.8%): Executor task launch worker for task 0.0 in stage 11.0 (TID 15)
[2026-04-03T03:17:06.747+0600][48.285s][info][gc,stats    ]      92 of   378 ms ( 24.3%): Executor task launch worker for task 1.0 in stage 11.0 (TID 16)
[2026-04-03T03:17:06.747+0600][48.285s][info][gc,stats    ]     272 of   378 ms ( 71.9%): <total>
[2026-04-03T03:17:06.747+0600][48.285s][info][gc,stats    ]       3 of   378 ms (  0.7%): <average total>
[2026-04-03T03:17:06.747+0600][48.285s][info][gc,stats    ]      91 of   378 ms ( 24.0%): <average non-zero>
[2026-04-03T03:17:06.747+0600][48.285s][info][gc,stats    ] 
[2026-04-03T03:17:06.747+0600][48.285s][info][gc,metaspace] Metaspace: 70892K(71808K)->70969K(71872K) NonClass: 61851K(62336K)->61921K(62400K) Class: 9041K(9472K)->9048K(9472K)
[2026-04-03T03:17:06.747+0600][48.285s][info][gc,ergo     ] Pacer for Idle. Initial: 15360K, Alloc Tax Rate: 1.0x
[2026-04-03T03:17:07.624+0600][49.162s][info][gc          ] Trigger: Average GC time (561.45 ms) is above the time for average allocation rate (302 MB/s) to deplete free headroom (169M) (margin of error = 1.91)
[2026-04-03T03:17:07.624+0600][49.162s][info][gc,ergo     ] Free headroom: 206M (free) - 38400K (spike) - 0B (penalties) = 169M
[2026-04-03T03:17:07.624+0600][49.162s][info][gc,ergo     ] Free: 206M, Max: 256K regular, 101M humongous, Frag: 51% external, 0% internal; Reserve: 38400K, Max: 256K
[2026-04-03T03:17:07.624+0600][49.162s][info][gc,start    ] GC(62) Concurrent reset
[2026-04-03T03:17:07.624+0600][49.162s][info][gc,task     ] GC(62) Using 3 of 6 workers for concurrent reset
[2026-04-03T03:17:07.624+0600][49.162s][info][gc,ergo     ] GC(62) Pacer for Reset. Non-Taxable: 750M
[2026-04-03T03:17:07.625+0600][49.163s][info][gc          ] GC(62) Concurrent reset 1.050ms
[2026-04-03T03:17:07.625+0600][49.164s][info][gc,start    ] GC(62) Pause Init Mark (unload classes)
[2026-04-03T03:17:07.625+0600][49.164s][info][gc,task     ] GC(62) Using 6 of 6 workers for init marking
[2026-04-03T03:17:07.625+0600][49.164s][info][gc,ergo     ] GC(62) Pacer for Mark. Expected Live: 174M, Free: 206M, Non-Taxable: 21123K, Alloc Tax Rate: 1.0x
[2026-04-03T03:17:07.625+0600][49.164s][info][gc          ] GC(62) Pause Init Mark (unload classes) 0.133ms
[2026-04-03T03:17:07.626+0600][49.164s][info][gc,start    ] GC(62) Concurrent marking roots
[2026-04-03T03:17:07.626+0600][49.164s][info][gc,task     ] GC(62) Using 3 of 6 workers for concurrent marking roots
[2026-04-03T03:17:07.627+0600][49.165s][info][gc          ] GC(62) Concurrent marking roots 1.042ms
[2026-04-03T03:17:07.627+0600][49.165s][info][gc,start    ] GC(62) Concurrent marking (unload classes)
[2026-04-03T03:17:07.627+0600][49.165s][info][gc,task     ] GC(62) Using 3 of 6 workers for concurrent marking
[2026-04-03T03:17:07.805+0600][49.343s][info][gc          ] GC(62) Concurrent marking (unload classes) 178.043ms
[2026-04-03T03:17:07.805+0600][49.343s][info][gc,start    ] GC(62) Pause Final Mark (unload classes)
[2026-04-03T03:17:07.805+0600][49.343s][info][gc,task     ] GC(62) Using 6 of 6 workers for final marking
[2026-04-03T03:17:07.805+0600][49.344s][info][gc,ergo     ] GC(62) Adaptive CSet Selection. Target Free: 106M, Actual Free: 511M, Max CSet: 32000K, Min Garbage: 0B
[2026-04-03T03:17:07.806+0600][49.344s][info][gc,ergo     ] GC(62) Collectable Garbage: 347M (98%), Immediate: 304M (86%), CSet: 44766K (12%)
[2026-04-03T03:17:07.806+0600][49.344s][info][gc,ergo     ] GC(62) Pacer for Evacuation. Used CSet: 46579K, Free: 479M, Non-Taxable: 49117K, Alloc Tax Rate: 1.1x
[2026-04-03T03:17:07.806+0600][49.344s][info][gc          ] GC(62) Pause Final Mark (unload classes) 0.662ms
[2026-04-03T03:17:07.806+0600][49.344s][info][gc,start    ] GC(62) Concurrent thread roots
[2026-04-03T03:17:07.806+0600][49.344s][info][gc,task     ] GC(62) Using 3 of 6 workers for Concurrent thread roots
[2026-04-03T03:17:07.806+0600][49.345s][info][gc          ] GC(62) Concurrent thread roots 0.594ms
[2026-04-03T03:17:07.806+0600][49.345s][info][gc,start    ] GC(62) Concurrent weak references
[2026-04-03T03:17:07.806+0600][49.345s][info][gc,task     ] GC(62) Using 3 of 6 workers for concurrent weak references
[2026-04-03T03:17:07.807+0600][49.345s][info][gc,ref      ] GC(62) Encountered references: Soft: 3480, Weak: 6382, Final: 82, Phantom: 597
[2026-04-03T03:17:07.807+0600][49.345s][info][gc,ref      ] GC(62) Discovered  references: Soft: 0, Weak: 525, Final: 0, Phantom: 211
[2026-04-03T03:17:07.807+0600][49.345s][info][gc,ref      ] GC(62) Enqueued    references: Soft: 0, Weak: 168, Final: 0, Phantom: 0
[2026-04-03T03:17:07.807+0600][49.345s][info][gc          ] GC(62) Concurrent weak references 0.370ms
[2026-04-03T03:17:07.807+0600][49.345s][info][gc,start    ] GC(62) Concurrent weak roots
[2026-04-03T03:17:07.807+0600][49.345s][info][gc,task     ] GC(62) Using 3 of 6 workers for concurrent weak root
[2026-04-03T03:17:07.809+0600][49.348s][info][gc          ] GC(62) Concurrent weak roots 2.661ms
[2026-04-03T03:17:07.810+0600][49.348s][info][gc,start    ] GC(62) Concurrent cleanup
[2026-04-03T03:17:07.811+0600][49.349s][info][gc          ] GC(62) Concurrent cleanup 538M->235M(750M) 0.957ms
[2026-04-03T03:17:07.811+0600][49.349s][info][gc,ergo     ] GC(62) Free: 476M, Max: 256K regular, 87552K humongous, Frag: 83% external, 0% internal; Reserve: 37888K, Max: 256K
[2026-04-03T03:17:07.811+0600][49.349s][info][gc,start    ] GC(62) Concurrent class unloading
[2026-04-03T03:17:07.811+0600][49.349s][info][gc,task     ] GC(62) Using 3 of 6 workers for concurrent class unloading
[2026-04-03T03:17:07.818+0600][49.356s][info][gc          ] GC(62) Concurrent class unloading 7.307ms
[2026-04-03T03:17:07.818+0600][49.356s][info][gc,start    ] GC(62) Concurrent strong roots
[2026-04-03T03:17:07.818+0600][49.356s][info][gc,task     ] GC(62) Using 3 of 6 workers for concurrent strong root
[2026-04-03T03:17:07.819+0600][49.358s][info][gc          ] GC(62) Concurrent strong roots 1.113ms
[2026-04-03T03:17:07.819+0600][49.358s][info][gc,start    ] GC(62) Concurrent evacuation
[2026-04-03T03:17:07.819+0600][49.358s][info][gc,task     ] GC(62) Using 3 of 6 workers for concurrent evacuation
[2026-04-03T03:17:07.821+0600][49.359s][info][gc          ] GC(62) Concurrent evacuation 1.644ms
[2026-04-03T03:17:07.821+0600][49.359s][info][gc,start    ] GC(62) Pause Init Update Refs
[2026-04-03T03:17:07.821+0600][49.359s][info][gc,ergo     ] GC(62) Pacer for Update Refs. Used: 243M, Free: 469M, Non-Taxable: 48105K, Alloc Tax Rate: 1.1x
[2026-04-03T03:17:07.821+0600][49.360s][info][gc          ] GC(62) Pause Init Update Refs 0.117ms
[2026-04-03T03:17:07.821+0600][49.360s][info][gc,start    ] GC(62) Concurrent update references
[2026-04-03T03:17:07.821+0600][49.360s][info][gc,task     ] GC(62) Using 3 of 6 workers for concurrent reference update
[2026-04-03T03:17:07.907+0600][49.445s][info][gc          ] GC(62) Concurrent update references 85.377ms
[2026-04-03T03:17:07.907+0600][49.445s][info][gc,start    ] GC(62) Concurrent update thread roots
[2026-04-03T03:17:07.908+0600][49.446s][info][gc          ] GC(62) Concurrent update thread roots 0.918ms
[2026-04-03T03:17:07.908+0600][49.446s][info][gc,start    ] GC(62) Pause Final Update Refs
[2026-04-03T03:17:07.908+0600][49.446s][info][gc,task     ] GC(62) Using 6 of 6 workers for final reference update
[2026-04-03T03:17:07.908+0600][49.446s][info][gc          ] GC(62) Pause Final Update Refs 0.214ms
[2026-04-03T03:17:07.908+0600][49.446s][info][gc,start    ] GC(62) Concurrent cleanup
[2026-04-03T03:17:07.908+0600][49.447s][info][gc          ] GC(62) Concurrent cleanup 306M->260M(750M) 0.235ms
[2026-04-03T03:17:07.908+0600][49.447s][info][gc,ergo     ] Free: 448M, Max: 256K regular, 87552K humongous, Frag: 81% external, 0% internal; Reserve: 38400K, Max: 256K
[2026-04-03T03:17:07.908+0600][49.447s][info][gc,stats    ] 
[2026-04-03T03:17:07.908+0600][49.447s][info][gc,stats    ] All times are wall-clock times, except per-root-class counters, that are sum over
[2026-04-03T03:17:07.908+0600][49.447s][info][gc,stats    ] all workers. Dividing the <total> over the root stage time estimates parallelism.
[2026-04-03T03:17:07.908+0600][49.447s][info][gc,stats    ] 
[2026-04-03T03:17:07.908+0600][49.447s][info][gc,stats    ] Concurrent Reset                   1122 us
[2026-04-03T03:17:07.908+0600][49.447s][info][gc,stats    ] Pause Init Mark (G)                 597 us
[2026-04-03T03:17:07.908+0600][49.447s][info][gc,stats    ] Pause Init Mark (N)                 142 us
[2026-04-03T03:17:07.908+0600][49.447s][info][gc,stats    ]   Update Region States               37 us
[2026-04-03T03:17:07.909+0600][49.447s][info][gc,stats    ] Concurrent Mark Roots              1113 us, parallelism: 1.54x
[2026-04-03T03:17:07.909+0600][49.447s][info][gc,stats    ]   CMR: <total>                     1714 us
[2026-04-03T03:17:07.909+0600][49.447s][info][gc,stats    ]   CMR: Thread Roots                1391 us, workers (us): 274, 564, 553, ---, ---, ---, 
[2026-04-03T03:17:07.909+0600][49.447s][info][gc,stats    ]   CMR: VM Strong Roots               37 us, workers (us):  18,  19,   1, ---, ---, ---, 
[2026-04-03T03:17:07.909+0600][49.447s][info][gc,stats    ]   CMR: CLDG Roots                   286 us, workers (us): 286, ---, ---, ---, ---, ---, 
[2026-04-03T03:17:07.909+0600][49.447s][info][gc,stats    ] Concurrent Marking               178129 us
[2026-04-03T03:17:07.909+0600][49.447s][info][gc,stats    ] Pause Final Mark (G)                969 us
[2026-04-03T03:17:07.909+0600][49.447s][info][gc,stats    ] Pause Final Mark (N)                673 us
[2026-04-03T03:17:07.909+0600][49.447s][info][gc,stats    ]   Finish Mark                       235 us
[2026-04-03T03:17:07.909+0600][49.447s][info][gc,stats    ]   Update Region States               56 us
[2026-04-03T03:17:07.909+0600][49.447s][info][gc,stats    ]   Choose Collection Set             240 us
[2026-04-03T03:17:07.909+0600][49.447s][info][gc,stats    ]   Rebuild Free Set                   39 us
[2026-04-03T03:17:07.909+0600][49.447s][info][gc,stats    ] Concurrent Thread Roots             643 us, parallelism: 1.70x
[2026-04-03T03:17:07.909+0600][49.447s][info][gc,stats    ]   CTR: <total>                     1094 us
[2026-04-03T03:17:07.909+0600][49.447s][info][gc,stats    ]   CTR: Thread Roots                1094 us, workers (us): 369, 367, 357, ---, ---, ---, 
[2026-04-03T03:17:07.909+0600][49.447s][info][gc,stats    ] Concurrent Weak References          381 us, parallelism: 0.52x
[2026-04-03T03:17:07.909+0600][49.447s][info][gc,stats    ]   CWRF: <total>                     197 us
[2026-04-03T03:17:07.909+0600][49.447s][info][gc,stats    ]   CWRF: Weak References             197 us, workers (us): 134,  52,  10, ---, ---, ---, 
[2026-04-03T03:17:07.909+0600][49.447s][info][gc,stats    ] Concurrent Weak Roots              2753 us
[2026-04-03T03:17:07.909+0600][49.447s][info][gc,stats    ]   Roots                            2486 us, parallelism: 2.70x
[2026-04-03T03:17:07.909+0600][49.447s][info][gc,stats    ]     CWR: <total>                   6708 us
[2026-04-03T03:17:07.909+0600][49.447s][info][gc,stats    ]     CWR: Code Cache Roots          4644 us, workers (us): 1440, 1596, 1608, ---, ---, ---, 
[2026-04-03T03:17:07.909+0600][49.447s][info][gc,stats    ]     CWR: VM Weak Roots             1913 us, workers (us): 659, 636, 619, ---, ---, ---, 
[2026-04-03T03:17:07.909+0600][49.447s][info][gc,stats    ]     CWR: CLDG Roots                 150 us, workers (us): 150, ---, ---, ---, ---, ---, 
[2026-04-03T03:17:07.909+0600][49.447s][info][gc,stats    ]   Rendezvous                        153 us
[2026-04-03T03:17:07.909+0600][49.447s][info][gc,stats    ] Concurrent Cleanup                 1003 us
[2026-04-03T03:17:07.909+0600][49.447s][info][gc,stats    ] Concurrent Class Unloading         7385 us
[2026-04-03T03:17:07.909+0600][49.447s][info][gc,stats    ]   Unlink Stale                     6707 us
[2026-04-03T03:17:07.909+0600][49.447s][info][gc,stats    ]     System Dictionary               169 us
[2026-04-03T03:17:07.909+0600][49.447s][info][gc,stats    ]     Weak Class Links                  1 us
[2026-04-03T03:17:07.909+0600][49.447s][info][gc,stats    ]     Code Roots                     6533 us
[2026-04-03T03:17:07.909+0600][49.447s][info][gc,stats    ]   Rendezvous                        167 us
[2026-04-03T03:17:07.909+0600][49.447s][info][gc,stats    ]   Purge Unlinked                    394 us
[2026-04-03T03:17:07.909+0600][49.447s][info][gc,stats    ]     Code Roots                      383 us
[2026-04-03T03:17:07.909+0600][49.447s][info][gc,stats    ]     CLDG                             10 us
[2026-04-03T03:17:07.909+0600][49.447s][info][gc,stats    ]     Exception Caches                  0 us
[2026-04-03T03:17:07.909+0600][49.447s][info][gc,stats    ] Concurrent Strong Roots            1172 us, parallelism: 0.64x
[2026-04-03T03:17:07.909+0600][49.447s][info][gc,stats    ]   CSR: <total>                      755 us
[2026-04-03T03:17:07.909+0600][49.447s][info][gc,stats    ]   CSR: VM Strong Roots               45 us, workers (us):  24,  11,   9, ---, ---, ---, 
[2026-04-03T03:17:07.909+0600][49.447s][info][gc,stats    ]   CSR: CLDG Roots                   710 us, workers (us): ---, 710, ---, ---, ---, ---, 
[2026-04-03T03:17:07.909+0600][49.447s][info][gc,stats    ] Concurrent Evacuation              1713 us
[2026-04-03T03:17:07.909+0600][49.447s][info][gc,stats    ] Pause Init Update Refs (G)          315 us
[2026-04-03T03:17:07.909+0600][49.447s][info][gc,stats    ] Pause Init Update Refs (N)          160 us
[2026-04-03T03:17:07.909+0600][49.447s][info][gc,stats    ]   Manage GCLABs                      32 us
[2026-04-03T03:17:07.909+0600][49.447s][info][gc,stats    ] Concurrent Update Refs            85483 us
[2026-04-03T03:17:07.909+0600][49.447s][info][gc,stats    ] Concurrent Update Thread Roots      989 us
[2026-04-03T03:17:07.909+0600][49.447s][info][gc,stats    ] Pause Final Update Refs (G)         368 us
[2026-04-03T03:17:07.909+0600][49.447s][info][gc,stats    ] Pause Final Update Refs (N)         235 us
[2026-04-03T03:17:07.909+0600][49.447s][info][gc,stats    ]   Update Region States               89 us
[2026-04-03T03:17:07.909+0600][49.447s][info][gc,stats    ]   Trash Collection Set               11 us
[2026-04-03T03:17:07.909+0600][49.447s][info][gc,stats    ]   Rebuild Free Set                   40 us
[2026-04-03T03:17:07.909+0600][49.447s][info][gc,stats    ] Concurrent Cleanup                  263 us
[2026-04-03T03:17:07.909+0600][49.447s][info][gc,stats    ] Pacing                           367123 us
[2026-04-03T03:17:07.909+0600][49.447s][info][gc,stats    ] 
[2026-04-03T03:17:07.909+0600][49.447s][info][gc,stats    ] Allocation pacing accrued:
[2026-04-03T03:17:07.909+0600][49.448s][info][gc,stats    ]     122 of  1163 ms ( 10.5%): Executor task launch worker for task 2.0 in stage 12.0 (TID 20)
[2026-04-03T03:17:07.909+0600][49.448s][info][gc,stats    ]     121 of  1163 ms ( 10.5%): Executor task launch worker for task 1.0 in stage 12.0 (TID 19)
[2026-04-03T03:17:07.909+0600][49.448s][info][gc,stats    ]     123 of  1163 ms ( 10.6%): Executor task launch worker for task 0.0 in stage 12.0 (TID 18)
[2026-04-03T03:17:07.909+0600][49.448s][info][gc,stats    ]     367 of  1163 ms ( 31.6%): <total>
[2026-04-03T03:17:07.909+0600][49.448s][info][gc,stats    ]       4 of  1163 ms (  0.3%): <average total>
[2026-04-03T03:17:07.909+0600][49.448s][info][gc,stats    ]     122 of  1163 ms ( 10.5%): <average non-zero>
[2026-04-03T03:17:07.909+0600][49.448s][info][gc,stats    ] 
[2026-04-03T03:17:07.909+0600][49.448s][info][gc,metaspace] Metaspace: 71029K(71936K)->71029K(71936K) NonClass: 61976K(62464K)->61976K(62464K) Class: 9052K(9472K)->9052K(9472K)
[2026-04-03T03:17:07.909+0600][49.448s][info][gc,ergo     ] Pacer for Idle. Initial: 15360K, Alloc Tax Rate: 1.0x
[2026-04-03T03:17:08.010+0600][49.549s][info][gc          ] Trigger: Average GC time (483.33 ms) is above the time for average allocation rate (938 MB/s) to deplete free headroom (259M) (margin of error = 1.90)
[2026-04-03T03:17:08.011+0600][49.549s][info][gc,ergo     ] Free headroom: 296M (free) - 38400K (spike) - 0B (penalties) = 259M
[2026-04-03T03:17:08.011+0600][49.549s][info][gc,ergo     ] Free: 296M, Max: 256K regular, 80384K humongous, Frag: 74% external, 0% internal; Reserve: 38400K, Max: 256K
[2026-04-03T03:17:08.011+0600][49.549s][info][gc,start    ] GC(63) Concurrent reset
[2026-04-03T03:17:08.011+0600][49.549s][info][gc,task     ] GC(63) Using 3 of 6 workers for concurrent reset
[2026-04-03T03:17:08.011+0600][49.549s][info][gc,ergo     ] GC(63) Pacer for Reset. Non-Taxable: 750M
[2026-04-03T03:17:08.012+0600][49.550s][info][gc          ] GC(63) Concurrent reset 0.917ms
[2026-04-03T03:17:08.012+0600][49.550s][info][gc,start    ] GC(63) Pause Init Mark (unload classes)
[2026-04-03T03:17:08.012+0600][49.550s][info][gc,task     ] GC(63) Using 6 of 6 workers for init marking
[2026-04-03T03:17:08.012+0600][49.550s][info][gc,ergo     ] GC(63) Pacer for Mark. Expected Live: 162M, Free: 295M, Non-Taxable: 30212K, Alloc Tax Rate: 0.7x
[2026-04-03T03:17:08.012+0600][49.550s][info][gc          ] GC(63) Pause Init Mark (unload classes) 0.116ms
[2026-04-03T03:17:08.012+0600][49.550s][info][gc,start    ] GC(63) Concurrent marking roots
[2026-04-03T03:17:08.012+0600][49.551s][info][gc,task     ] GC(63) Using 3 of 6 workers for concurrent marking roots
[2026-04-03T03:17:08.013+0600][49.551s][info][gc          ] GC(63) Concurrent marking roots 0.764ms
[2026-04-03T03:17:08.013+0600][49.551s][info][gc,start    ] GC(63) Concurrent marking (unload classes)
[2026-04-03T03:17:08.013+0600][49.551s][info][gc,task     ] GC(63) Using 3 of 6 workers for concurrent marking
[2026-04-03T03:17:08.224+0600][49.762s][info][gc          ] GC(63) Concurrent marking (unload classes) 210.598ms
[2026-04-03T03:17:08.224+0600][49.762s][info][gc,start    ] GC(63) Pause Final Mark (unload classes)
[2026-04-03T03:17:08.224+0600][49.762s][info][gc,task     ] GC(63) Using 6 of 6 workers for final marking
[2026-04-03T03:17:08.224+0600][49.763s][info][gc,ergo     ] GC(63) Adaptive CSet Selection. Target Free: 106M, Actual Free: 280M, Max CSet: 32000K, Min Garbage: 0B
[2026-04-03T03:17:08.225+0600][49.763s][info][gc,ergo     ] GC(63) Collectable Garbage: 221M (95%), Immediate: 2304K (0%), CSet: 219M (94%)
[2026-04-03T03:17:08.225+0600][49.763s][info][gc,ergo     ] GC(63) Pacer for Evacuation. Used CSet: 250M, Free: 244M, Non-Taxable: 25016K, Alloc Tax Rate: 2.5x
[2026-04-03T03:17:08.225+0600][49.763s][info][gc          ] GC(63) Pause Final Mark (unload classes) 1.008ms
[2026-04-03T03:17:08.225+0600][49.763s][info][gc,start    ] GC(63) Concurrent thread roots
[2026-04-03T03:17:08.225+0600][49.763s][info][gc,task     ] GC(63) Using 3 of 6 workers for Concurrent thread roots
[2026-04-03T03:17:08.225+0600][49.764s][info][gc          ] GC(63) Concurrent thread roots 0.716ms
[2026-04-03T03:17:08.225+0600][49.764s][info][gc,start    ] GC(63) Concurrent weak references
[2026-04-03T03:17:08.226+0600][49.764s][info][gc,task     ] GC(63) Using 3 of 6 workers for concurrent weak references
[2026-04-03T03:17:08.226+0600][49.765s][info][gc,ref      ] GC(63) Encountered references: Soft: 3480, Weak: 6222, Final: 82, Phantom: 597
[2026-04-03T03:17:08.226+0600][49.765s][info][gc,ref      ] GC(63) Discovered  references: Soft: 0, Weak: 3544, Final: 50, Phantom: 595
[2026-04-03T03:17:08.226+0600][49.765s][info][gc,ref      ] GC(63) Enqueued    references: Soft: 0, Weak: 14, Final: 0, Phantom: 0
[2026-04-03T03:17:08.226+0600][49.765s][info][gc          ] GC(63) Concurrent weak references 0.851ms
[2026-04-03T03:17:08.226+0600][49.765s][info][gc,start    ] GC(63) Concurrent weak roots
[2026-04-03T03:17:08.226+0600][49.765s][info][gc,task     ] GC(63) Using 3 of 6 workers for concurrent weak root
[2026-04-03T03:17:08.228+0600][49.767s][info][gc          ] GC(63) Concurrent weak roots 2.089ms
[2026-04-03T03:17:08.229+0600][49.767s][info][gc,start    ] GC(63) Concurrent cleanup
[2026-04-03T03:17:08.229+0600][49.767s][info][gc          ] GC(63) Concurrent cleanup 467M->465M(750M) 0.211ms
[2026-04-03T03:17:08.229+0600][49.767s][info][gc,ergo     ] GC(63) Free: 244M, Max: 256K regular, 80384K humongous, Frag: 68% external, 0% internal; Reserve: 38393K, Max: 256K
[2026-04-03T03:17:08.229+0600][49.767s][info][gc,start    ] GC(63) Concurrent class unloading
[2026-04-03T03:17:08.229+0600][49.767s][info][gc,task     ] GC(63) Using 3 of 6 workers for concurrent class unloading
[2026-04-03T03:17:08.234+0600][49.772s][info][gc          ] GC(63) Concurrent class unloading 5.311ms
[2026-04-03T03:17:08.234+0600][49.773s][info][gc,start    ] GC(63) Concurrent strong roots
[2026-04-03T03:17:08.234+0600][49.773s][info][gc,task     ] GC(63) Using 3 of 6 workers for concurrent strong root
[2026-04-03T03:17:08.235+0600][49.773s][info][gc          ] GC(63) Concurrent strong roots 0.817ms
[2026-04-03T03:17:08.235+0600][49.773s][info][gc,start    ] GC(63) Concurrent evacuation
[2026-04-03T03:17:08.235+0600][49.773s][info][gc,task     ] GC(63) Using 3 of 6 workers for concurrent evacuation
[2026-04-03T03:17:08.264+0600][49.803s][info][gc          ] GC(63) Concurrent evacuation 29.196ms
[2026-04-03T03:17:08.265+0600][49.803s][info][gc,start    ] GC(63) Pause Init Update Refs
[2026-04-03T03:17:08.265+0600][49.803s][info][gc,ergo     ] GC(63) Pacer for Update Refs. Used: 516M, Free: 225M, Non-Taxable: 23070K, Alloc Tax Rate: 2.8x
[2026-04-03T03:17:08.265+0600][49.803s][info][gc          ] GC(63) Pause Init Update Refs 0.202ms
[2026-04-03T03:17:08.265+0600][49.803s][info][gc,start    ] GC(63) Concurrent update references
[2026-04-03T03:17:08.265+0600][49.803s][info][gc,task     ] GC(63) Using 3 of 6 workers for concurrent reference update
[2026-04-03T03:17:08.382+0600][49.920s][info][gc          ] GC(63) Concurrent update references 116.781ms
[2026-04-03T03:17:08.382+0600][49.920s][info][gc,start    ] GC(63) Concurrent update thread roots
[2026-04-03T03:17:08.383+0600][49.921s][info][gc          ] GC(63) Concurrent update thread roots 0.902ms
[2026-04-03T03:17:08.383+0600][49.921s][info][gc,start    ] GC(63) Pause Final Update Refs
[2026-04-03T03:17:08.383+0600][49.921s][info][gc,task     ] GC(63) Using 6 of 6 workers for final reference update
[2026-04-03T03:17:08.383+0600][49.922s][info][gc          ] GC(63) Pause Final Update Refs 0.203ms
[2026-04-03T03:17:08.383+0600][49.922s][info][gc,start    ] GC(63) Concurrent cleanup
[2026-04-03T03:17:08.384+0600][49.923s][info][gc          ] GC(63) Concurrent cleanup 586M->335M(750M) 0.729ms
[2026-04-03T03:17:08.384+0600][49.923s][info][gc,ergo     ] Free: 373M, Max: 256K regular, 77312K humongous, Frag: 80% external, 0% internal; Reserve: 38400K, Max: 256K
[2026-04-03T03:17:08.384+0600][49.923s][info][gc,stats    ] 
[2026-04-03T03:17:08.384+0600][49.923s][info][gc,stats    ] All times are wall-clock times, except per-root-class counters, that are sum over
[2026-04-03T03:17:08.384+0600][49.923s][info][gc,stats    ] all workers. Dividing the <total> over the root stage time estimates parallelism.
[2026-04-03T03:17:08.384+0600][49.923s][info][gc,stats    ] 
[2026-04-03T03:17:08.384+0600][49.923s][info][gc,stats    ] Concurrent Reset                    979 us
[2026-04-03T03:17:08.384+0600][49.923s][info][gc,stats    ] Pause Init Mark (G)                 471 us
[2026-04-03T03:17:08.384+0600][49.923s][info][gc,stats    ] Pause Init Mark (N)                 127 us
[2026-04-03T03:17:08.384+0600][49.923s][info][gc,stats    ]   Update Region States               30 us
[2026-04-03T03:17:08.384+0600][49.923s][info][gc,stats    ] Concurrent Mark Roots               808 us, parallelism: 1.54x
[2026-04-03T03:17:08.384+0600][49.923s][info][gc,stats    ]   CMR: <total>                     1246 us
[2026-04-03T03:17:08.384+0600][49.923s][info][gc,stats    ]   CMR: Thread Roots                1033 us, workers (us): 404, 228, 400, ---, ---, ---, 
[2026-04-03T03:17:08.384+0600][49.923s][info][gc,stats    ]   CMR: VM Strong Roots               29 us, workers (us):  25,   4,   0, ---, ---, ---, 
[2026-04-03T03:17:08.384+0600][49.923s][info][gc,stats    ]   CMR: CLDG Roots                   184 us, workers (us): ---, 184, ---, ---, ---, ---, 
[2026-04-03T03:17:08.384+0600][49.923s][info][gc,stats    ] Concurrent Marking               210689 us
[2026-04-03T03:17:08.384+0600][49.923s][info][gc,stats    ] Pause Final Mark (G)               1140 us
[2026-04-03T03:17:08.384+0600][49.923s][info][gc,stats    ] Pause Final Mark (N)               1022 us
[2026-04-03T03:17:08.384+0600][49.923s][info][gc,stats    ]   Finish Mark                       269 us
[2026-04-03T03:17:08.384+0600][49.923s][info][gc,stats    ]   Update Region States               58 us
[2026-04-03T03:17:08.384+0600][49.923s][info][gc,stats    ]   Choose Collection Set             510 us
[2026-04-03T03:17:08.384+0600][49.923s][info][gc,stats    ]   Rebuild Free Set                   37 us
[2026-04-03T03:17:08.384+0600][49.923s][info][gc,stats    ] Concurrent Thread Roots             757 us, parallelism: 1.74x
[2026-04-03T03:17:08.384+0600][49.923s][info][gc,stats    ]   CTR: <total>                     1317 us
[2026-04-03T03:17:08.384+0600][49.923s][info][gc,stats    ]   CTR: Thread Roots                1317 us, workers (us): 469, 427, 421, ---, ---, ---, 
[2026-04-03T03:17:08.384+0600][49.923s][info][gc,stats    ] Concurrent Weak References          866 us, parallelism: 0.86x
[2026-04-03T03:17:08.384+0600][49.923s][info][gc,stats    ]   CWRF: <total>                     741 us
[2026-04-03T03:17:08.384+0600][49.923s][info][gc,stats    ]   CWRF: Weak References             741 us, workers (us): 134, 606,   1, ---, ---, ---, 
[2026-04-03T03:17:08.384+0600][49.923s][info][gc,stats    ] Concurrent Weak Roots              2154 us
[2026-04-03T03:17:08.384+0600][49.923s][info][gc,stats    ]   Roots                            1878 us, parallelism: 2.39x
[2026-04-03T03:17:08.384+0600][49.923s][info][gc,stats    ]     CWR: <total>                   4487 us
[2026-04-03T03:17:08.384+0600][49.923s][info][gc,stats    ]     CWR: Code Cache Roots          3081 us, workers (us): 1042, 1030, 1008, ---, ---, ---, 
[2026-04-03T03:17:08.384+0600][49.923s][info][gc,stats    ]     CWR: VM Weak Roots             1362 us, workers (us): 529, 436, 398, ---, ---, ---, 
[2026-04-03T03:17:08.384+0600][49.923s][info][gc,stats    ]     CWR: CLDG Roots                  44 us, workers (us):  44, ---, ---, ---, ---, ---, 
[2026-04-03T03:17:08.384+0600][49.923s][info][gc,stats    ]   Rendezvous                        182 us
[2026-04-03T03:17:08.385+0600][49.923s][info][gc,stats    ] Concurrent Cleanup                  234 us
[2026-04-03T03:17:08.385+0600][49.923s][info][gc,stats    ] Concurrent Class Unloading         5396 us
[2026-04-03T03:17:08.385+0600][49.923s][info][gc,stats    ]   Unlink Stale                     4754 us
[2026-04-03T03:17:08.385+0600][49.923s][info][gc,stats    ]     System Dictionary                87 us
[2026-04-03T03:17:08.385+0600][49.923s][info][gc,stats    ]     Weak Class Links                  1 us
[2026-04-03T03:17:08.385+0600][49.923s][info][gc,stats    ]     Code Roots                     4662 us
[2026-04-03T03:17:08.385+0600][49.923s][info][gc,stats    ]   Rendezvous                        251 us
[2026-04-03T03:17:08.385+0600][49.923s][info][gc,stats    ]   Purge Unlinked                    269 us
[2026-04-03T03:17:08.385+0600][49.923s][info][gc,stats    ]     Code Roots                      256 us
[2026-04-03T03:17:08.385+0600][49.923s][info][gc,stats    ]     CLDG                             13 us
[2026-04-03T03:17:08.385+0600][49.923s][info][gc,stats    ]     Exception Caches                  0 us
[2026-04-03T03:17:08.385+0600][49.923s][info][gc,stats    ] Concurrent Strong Roots             857 us, parallelism: 0.68x
[2026-04-03T03:17:08.385+0600][49.923s][info][gc,stats    ]   CSR: <total>                      581 us
[2026-04-03T03:17:08.385+0600][49.923s][info][gc,stats    ]   CSR: VM Strong Roots               29 us, workers (us):  28,   1,   0, ---, ---, ---, 
[2026-04-03T03:17:08.385+0600][49.923s][info][gc,stats    ]   CSR: CLDG Roots                   551 us, workers (us): 551, ---, ---, ---, ---, ---, 
[2026-04-03T03:17:08.385+0600][49.923s][info][gc,stats    ] Concurrent Evacuation             29334 us
[2026-04-03T03:17:08.385+0600][49.923s][info][gc,stats    ] Pause Init Update Refs (G)          638 us
[2026-04-03T03:17:08.385+0600][49.923s][info][gc,stats    ] Pause Init Update Refs (N)          216 us
[2026-04-03T03:17:08.385+0600][49.923s][info][gc,stats    ]   Manage GCLABs                      36 us
[2026-04-03T03:17:08.385+0600][49.923s][info][gc,stats    ] Concurrent Update Refs           116906 us
[2026-04-03T03:17:08.385+0600][49.923s][info][gc,stats    ] Concurrent Update Thread Roots      962 us
[2026-04-03T03:17:08.385+0600][49.923s][info][gc,stats    ] Pause Final Update Refs (G)         493 us
[2026-04-03T03:17:08.385+0600][49.923s][info][gc,stats    ] Pause Final Update Refs (N)         231 us
[2026-04-03T03:17:08.385+0600][49.923s][info][gc,stats    ]   Update Region States               56 us
[2026-04-03T03:17:08.385+0600][49.923s][info][gc,stats    ]   Trash Collection Set               24 us
[2026-04-03T03:17:08.385+0600][49.923s][info][gc,stats    ]   Rebuild Free Set                   51 us
[2026-04-03T03:17:08.385+0600][49.923s][info][gc,stats    ] Concurrent Cleanup                  753 us
[2026-04-03T03:17:08.385+0600][49.923s][info][gc,stats    ] Pacing                           467725 us
[2026-04-03T03:17:08.385+0600][49.923s][info][gc,stats    ] 
[2026-04-03T03:17:08.385+0600][49.923s][info][gc,stats    ] Allocation pacing accrued:
[2026-04-03T03:17:08.385+0600][49.923s][info][gc,stats    ]     157 of   476 ms ( 32.9%): Executor task launch worker for task 2.0 in stage 12.0 (TID 20)
[2026-04-03T03:17:08.385+0600][49.923s][info][gc,stats    ]     157 of   476 ms ( 33.0%): Executor task launch worker for task 1.0 in stage 12.0 (TID 19)
[2026-04-03T03:17:08.385+0600][49.923s][info][gc,stats    ]     154 of   476 ms ( 32.5%): Executor task launch worker for task 0.0 in stage 12.0 (TID 18)
[2026-04-03T03:17:08.385+0600][49.923s][info][gc,stats    ]     468 of   476 ms ( 98.3%): <total>
[2026-04-03T03:17:08.385+0600][49.923s][info][gc,stats    ]       5 of   476 ms (  1.0%): <average total>
[2026-04-03T03:17:08.385+0600][49.923s][info][gc,stats    ]     156 of   476 ms ( 32.8%): <average non-zero>
[2026-04-03T03:17:08.385+0600][49.923s][info][gc,stats    ] 
[2026-04-03T03:17:08.385+0600][49.923s][info][gc,metaspace] Metaspace: 71030K(71936K)->71030K(71936K) NonClass: 61977K(62464K)->61977K(62464K) Class: 9052K(9472K)->9052K(9472K)
[2026-04-03T03:17:08.385+0600][49.923s][info][gc,ergo     ] Pacer for Idle. Initial: 15360K, Alloc Tax Rate: 1.0x
[2026-04-03T03:17:08.405+0600][49.944s][info][gc          ] Trigger: Average GC time (470.52 ms) is above the time for average allocation rate (672 MB/s) to deplete free headroom (316M) (margin of error = 1.91)
[2026-04-03T03:17:08.406+0600][49.944s][info][gc,ergo     ] Free headroom: 353M (free) - 38400K (spike) - 0B (penalties) = 316M
[2026-04-03T03:17:08.406+0600][49.944s][info][gc,ergo     ] Free: 353M, Max: 256K regular, 77312K humongous, Frag: 79% external, 0% internal; Reserve: 38400K, Max: 256K
[2026-04-03T03:17:08.406+0600][49.944s][info][gc,start    ] GC(64) Concurrent reset
[2026-04-03T03:17:08.406+0600][49.944s][info][gc,task     ] GC(64) Using 3 of 6 workers for concurrent reset
[2026-04-03T03:17:08.406+0600][49.944s][info][gc,ergo     ] GC(64) Pacer for Reset. Non-Taxable: 750M
[2026-04-03T03:17:08.407+0600][49.946s][info][gc          ] GC(64) Concurrent reset 1.568ms
[2026-04-03T03:17:08.408+0600][49.946s][info][gc,start    ] GC(64) Pause Init Mark (unload classes)
[2026-04-03T03:17:08.408+0600][49.946s][info][gc,task     ] GC(64) Using 6 of 6 workers for init marking
[2026-04-03T03:17:08.408+0600][49.946s][info][gc,ergo     ] GC(64) Pacer for Mark. Expected Live: 163M, Free: 352M, Non-Taxable: 36049K, Alloc Tax Rate: 0.6x
[2026-04-03T03:17:08.408+0600][49.946s][info][gc          ] GC(64) Pause Init Mark (unload classes) 0.187ms
[2026-04-03T03:17:08.408+0600][49.946s][info][gc,start    ] GC(64) Concurrent marking roots
[2026-04-03T03:17:08.408+0600][49.946s][info][gc,task     ] GC(64) Using 3 of 6 workers for concurrent marking roots
[2026-04-03T03:17:08.409+0600][49.947s][info][gc          ] GC(64) Concurrent marking roots 0.871ms
[2026-04-03T03:17:08.409+0600][49.947s][info][gc,start    ] GC(64) Concurrent marking (unload classes)
[2026-04-03T03:17:08.409+0600][49.947s][info][gc,task     ] GC(64) Using 3 of 6 workers for concurrent marking
[2026-04-03T03:17:08.679+0600][50.217s][info][gc          ] GC(64) Concurrent marking (unload classes) 270.294ms
[2026-04-03T03:17:08.679+0600][50.218s][info][gc,start    ] GC(64) Pause Final Mark (unload classes)
[2026-04-03T03:17:08.679+0600][50.218s][info][gc,task     ] GC(64) Using 6 of 6 workers for final marking
[2026-04-03T03:17:08.680+0600][50.218s][info][gc,ergo     ] GC(64) Adaptive CSet Selection. Target Free: 106M, Actual Free: 341M, Max CSet: 32000K, Min Garbage: 0B
[2026-04-03T03:17:08.680+0600][50.219s][info][gc,ergo     ] GC(64) Collectable Garbage: 144M (96%), Immediate: 3072K (2%), CSet: 141M (94%)
[2026-04-03T03:17:08.680+0600][50.219s][info][gc,ergo     ] GC(64) Pacer for Evacuation. Used CSet: 166M, Free: 304M, Non-Taxable: 31198K, Alloc Tax Rate: 1.3x
[2026-04-03T03:17:08.680+0600][50.219s][info][gc          ] GC(64) Pause Final Mark (unload classes) 1.018ms
[2026-04-03T03:17:08.681+0600][50.219s][info][gc,start    ] GC(64) Concurrent thread roots
[2026-04-03T03:17:08.681+0600][50.219s][info][gc,task     ] GC(64) Using 3 of 6 workers for Concurrent thread roots
[2026-04-03T03:17:08.681+0600][50.220s][info][gc          ] GC(64) Concurrent thread roots 0.870ms
[2026-04-03T03:17:08.681+0600][50.220s][info][gc,start    ] GC(64) Concurrent weak references
[2026-04-03T03:17:08.681+0600][50.220s][info][gc,task     ] GC(64) Using 3 of 6 workers for concurrent weak references
[2026-04-03T03:17:08.682+0600][50.221s][info][gc,ref      ] GC(64) Encountered references: Soft: 3480, Weak: 6208, Final: 82, Phantom: 596
[2026-04-03T03:17:08.682+0600][50.221s][info][gc,ref      ] GC(64) Discovered  references: Soft: 0, Weak: 2655, Final: 0, Phantom: 209
[2026-04-03T03:17:08.682+0600][50.221s][info][gc,ref      ] GC(64) Enqueued    references: Soft: 0, Weak: 0, Final: 0, Phantom: 0
[2026-04-03T03:17:08.682+0600][50.221s][info][gc          ] GC(64) Concurrent weak references 0.892ms
[2026-04-03T03:17:08.682+0600][50.221s][info][gc,start    ] GC(64) Concurrent weak roots
[2026-04-03T03:17:08.682+0600][50.221s][info][gc,task     ] GC(64) Using 3 of 6 workers for concurrent weak root
[2026-04-03T03:17:08.686+0600][50.224s][info][gc          ] GC(64) Concurrent weak roots 3.370ms
[2026-04-03T03:17:08.686+0600][50.224s][info][gc,start    ] GC(64) Concurrent cleanup
[2026-04-03T03:17:08.686+0600][50.225s][info][gc          ] GC(64) Concurrent cleanup 409M->406M(750M) 0.561ms
[2026-04-03T03:17:08.686+0600][50.225s][info][gc,ergo     ] GC(64) Free: 304M, Max: 256K regular, 77312K humongous, Frag: 76% external, 0% internal; Reserve: 38252K, Max: 256K
[2026-04-03T03:17:08.686+0600][50.225s][info][gc,start    ] GC(64) Concurrent class unloading
[2026-04-03T03:17:08.686+0600][50.225s][info][gc,task     ] GC(64) Using 3 of 6 workers for concurrent class unloading
[2026-04-03T03:17:08.694+0600][50.232s][info][gc          ] GC(64) Concurrent class unloading 7.105ms
[2026-04-03T03:17:08.694+0600][50.232s][info][gc,start    ] GC(64) Concurrent strong roots
[2026-04-03T03:17:08.694+0600][50.232s][info][gc,task     ] GC(64) Using 3 of 6 workers for concurrent strong root
[2026-04-03T03:17:08.695+0600][50.233s][info][gc          ] GC(64) Concurrent strong roots 1.016ms
[2026-04-03T03:17:08.695+0600][50.233s][info][gc,start    ] GC(64) Concurrent evacuation
[2026-04-03T03:17:08.695+0600][50.233s][info][gc,task     ] GC(64) Using 3 of 6 workers for concurrent evacuation
[2026-04-03T03:17:08.720+0600][50.258s][info][gc          ] GC(64) Concurrent evacuation 24.753ms
[2026-04-03T03:17:08.720+0600][50.258s][info][gc,start    ] GC(64) Pause Init Update Refs
[2026-04-03T03:17:08.720+0600][50.258s][info][gc,ergo     ] GC(64) Pacer for Update Refs. Used: 431M, Free: 304M, Non-Taxable: 31134K, Alloc Tax Rate: 1.7x
[2026-04-03T03:17:08.720+0600][50.258s][info][gc          ] GC(64) Pause Init Update Refs 0.110ms
[2026-04-03T03:17:08.720+0600][50.258s][info][gc,start    ] GC(64) Concurrent update references
[2026-04-03T03:17:08.720+0600][50.258s][info][gc,task     ] GC(64) Using 3 of 6 workers for concurrent reference update
[2026-04-03T03:17:08.878+0600][50.416s][info][gc          ] GC(64) Concurrent update references 158.035ms
[2026-04-03T03:17:08.878+0600][50.417s][info][gc,start    ] GC(64) Concurrent update thread roots
[2026-04-03T03:17:08.879+0600][50.418s][info][gc          ] GC(64) Concurrent update thread roots 1.004ms
[2026-04-03T03:17:08.879+0600][50.418s][info][gc,start    ] GC(64) Pause Final Update Refs
[2026-04-03T03:17:08.879+0600][50.418s][info][gc,task     ] GC(64) Using 6 of 6 workers for final reference update
[2026-04-03T03:17:08.880+0600][50.418s][info][gc          ] GC(64) Pause Final Update Refs 0.176ms
[2026-04-03T03:17:08.880+0600][50.418s][info][gc,start    ] GC(64) Concurrent cleanup
[2026-04-03T03:17:08.880+0600][50.418s][info][gc          ] GC(64) Concurrent cleanup 433M->266M(750M) 0.293ms
[2026-04-03T03:17:08.880+0600][50.418s][info][gc,ergo     ] Free: 442M, Max: 256K regular, 147M humongous, Frag: 67% external, 0% internal; Reserve: 38400K, Max: 256K
[2026-04-03T03:17:08.880+0600][50.418s][info][gc,stats    ] 
[2026-04-03T03:17:08.880+0600][50.419s][info][gc,stats    ] All times are wall-clock times, except per-root-class counters, that are sum over
[2026-04-03T03:17:08.880+0600][50.419s][info][gc,stats    ] all workers. Dividing the <total> over the root stage time estimates parallelism.
[2026-04-03T03:17:08.880+0600][50.419s][info][gc,stats    ] 
[2026-04-03T03:17:08.880+0600][50.419s][info][gc,stats    ] Concurrent Reset                   1610 us
[2026-04-03T03:17:08.880+0600][50.419s][info][gc,stats    ] Pause Init Mark (G)                 542 us
[2026-04-03T03:17:08.880+0600][50.419s][info][gc,stats    ] Pause Init Mark (N)                 201 us
[2026-04-03T03:17:08.880+0600][50.419s][info][gc,stats    ]   Update Region States               37 us
[2026-04-03T03:17:08.880+0600][50.419s][info][gc,stats    ] Concurrent Mark Roots               924 us, parallelism: 1.56x
[2026-04-03T03:17:08.880+0600][50.419s][info][gc,stats    ]   CMR: <total>                     1444 us
[2026-04-03T03:17:08.880+0600][50.419s][info][gc,stats    ]   CMR: Thread Roots                1153 us, workers (us): 217, 462, 474, ---, ---, ---, 
[2026-04-03T03:17:08.880+0600][50.419s][info][gc,stats    ]   CMR: VM Strong Roots               48 us, workers (us):  16,  18,  14, ---, ---, ---, 
[2026-04-03T03:17:08.880+0600][50.419s][info][gc,stats    ]   CMR: CLDG Roots                   244 us, workers (us): 244, ---, ---, ---, ---, ---, 
[2026-04-03T03:17:08.880+0600][50.419s][info][gc,stats    ] Concurrent Marking               270386 us
[2026-04-03T03:17:08.880+0600][50.419s][info][gc,stats    ] Pause Final Mark (G)               1324 us
[2026-04-03T03:17:08.880+0600][50.419s][info][gc,stats    ] Pause Final Mark (N)               1034 us
[2026-04-03T03:17:08.880+0600][50.419s][info][gc,stats    ]   Finish Mark                       278 us
[2026-04-03T03:17:08.880+0600][50.419s][info][gc,stats    ]   Update Region States               67 us
[2026-04-03T03:17:08.880+0600][50.419s][info][gc,stats    ]   Choose Collection Set             457 us
[2026-04-03T03:17:08.880+0600][50.419s][info][gc,stats    ]   Rebuild Free Set                   36 us
[2026-04-03T03:17:08.880+0600][50.419s][info][gc,stats    ] Concurrent Thread Roots             929 us, parallelism: 1.89x
[2026-04-03T03:17:08.880+0600][50.419s][info][gc,stats    ]   CTR: <total>                     1752 us
[2026-04-03T03:17:08.880+0600][50.419s][info][gc,stats    ]   CTR: Thread Roots                1752 us, workers (us): 615, 568, 570, ---, ---, ---, 
[2026-04-03T03:17:08.880+0600][50.419s][info][gc,stats    ] Concurrent Weak References          909 us, parallelism: 0.68x
[2026-04-03T03:17:08.880+0600][50.419s][info][gc,stats    ]   CWRF: <total>                     619 us
[2026-04-03T03:17:08.880+0600][50.419s][info][gc,stats    ]   CWRF: Weak References             619 us, workers (us):  54, 563,   2, ---, ---, ---, 
[2026-04-03T03:17:08.880+0600][50.419s][info][gc,stats    ] Concurrent Weak Roots              3451 us
[2026-04-03T03:17:08.880+0600][50.419s][info][gc,stats    ]   Roots                            3001 us, parallelism: 2.55x
[2026-04-03T03:17:08.880+0600][50.419s][info][gc,stats    ]     CWR: <total>                   7657 us
[2026-04-03T03:17:08.880+0600][50.419s][info][gc,stats    ]     CWR: Code Cache Roots          5452 us, workers (us): 1800, 1944, 1708, ---, ---, ---, 
[2026-04-03T03:17:08.880+0600][50.419s][info][gc,stats    ]     CWR: VM Weak Roots             2094 us, workers (us): 731, 681, 681, ---, ---, ---, 
[2026-04-03T03:17:08.880+0600][50.419s][info][gc,stats    ]     CWR: CLDG Roots                 111 us, workers (us): 111, ---, ---, ---, ---, ---, 
[2026-04-03T03:17:08.880+0600][50.419s][info][gc,stats    ]   Rendezvous                        310 us
[2026-04-03T03:17:08.880+0600][50.419s][info][gc,stats    ] Concurrent Cleanup                  611 us
[2026-04-03T03:17:08.880+0600][50.419s][info][gc,stats    ] Concurrent Class Unloading         7191 us
[2026-04-03T03:17:08.881+0600][50.419s][info][gc,stats    ]   Unlink Stale                     6704 us
[2026-04-03T03:17:08.881+0600][50.419s][info][gc,stats    ]     System Dictionary               140 us
[2026-04-03T03:17:08.881+0600][50.419s][info][gc,stats    ]     Weak Class Links                  1 us
[2026-04-03T03:17:08.881+0600][50.419s][info][gc,stats    ]     Code Roots                     6560 us
[2026-04-03T03:17:08.881+0600][50.419s][info][gc,stats    ]   Rendezvous                        311 us
[2026-04-03T03:17:08.881+0600][50.419s][info][gc,stats    ]   Purge Unlinked                     51 us
[2026-04-03T03:17:08.881+0600][50.419s][info][gc,stats    ]     Code Roots                       33 us
[2026-04-03T03:17:08.881+0600][50.419s][info][gc,stats    ]     CLDG                             17 us
[2026-04-03T03:17:08.881+0600][50.419s][info][gc,stats    ]     Exception Caches                  1 us
[2026-04-03T03:17:08.881+0600][50.419s][info][gc,stats    ] Concurrent Strong Roots            1104 us, parallelism: 0.58x
[2026-04-03T03:17:08.881+0600][50.419s][info][gc,stats    ]   CSR: <total>                      639 us
[2026-04-03T03:17:08.881+0600][50.419s][info][gc,stats    ]   CSR: VM Strong Roots               46 us, workers (us):  32,  13,   1, ---, ---, ---, 
[2026-04-03T03:17:08.881+0600][50.419s][info][gc,stats    ]   CSR: CLDG Roots                   593 us, workers (us): ---, 593, ---, ---, ---, ---, 
[2026-04-03T03:17:08.881+0600][50.419s][info][gc,stats    ] Concurrent Evacuation             24861 us
[2026-04-03T03:17:08.881+0600][50.419s][info][gc,stats    ] Pause Init Update Refs (G)          378 us
[2026-04-03T03:17:08.881+0600][50.419s][info][gc,stats    ] Pause Init Update Refs (N)          125 us
[2026-04-03T03:17:08.881+0600][50.419s][info][gc,stats    ]   Manage GCLABs                      43 us
[2026-04-03T03:17:08.881+0600][50.419s][info][gc,stats    ] Concurrent Update Refs           158139 us
[2026-04-03T03:17:08.881+0600][50.419s][info][gc,stats    ] Concurrent Update Thread Roots     1058 us
[2026-04-03T03:17:08.881+0600][50.419s][info][gc,stats    ] Pause Final Update Refs (G)         504 us
[2026-04-03T03:17:08.881+0600][50.419s][info][gc,stats    ] Pause Final Update Refs (N)         195 us
[2026-04-03T03:17:08.881+0600][50.419s][info][gc,stats    ]   Update Region States               57 us
[2026-04-03T03:17:08.881+0600][50.419s][info][gc,stats    ]   Trash Collection Set               17 us
[2026-04-03T03:17:08.881+0600][50.419s][info][gc,stats    ]   Rebuild Free Set                   35 us
[2026-04-03T03:17:08.881+0600][50.419s][info][gc,stats    ] Concurrent Cleanup                  317 us
[2026-04-03T03:17:08.881+0600][50.419s][info][gc,stats    ] 
[2026-04-03T03:17:08.881+0600][50.419s][info][gc,stats    ] Allocation pacing accrued:
[2026-04-03T03:17:08.881+0600][50.419s][info][gc,stats    ]       0 of   496 ms (  0.0%): <total>
[2026-04-03T03:17:08.881+0600][50.419s][info][gc,stats    ]       0 of   496 ms (  0.0%): <average total>
[2026-04-03T03:17:08.881+0600][50.419s][info][gc,stats    ] 
[2026-04-03T03:17:08.881+0600][50.419s][info][gc,metaspace] Metaspace: 71030K(71936K)->71038K(71936K) NonClass: 61977K(62464K)->61982K(62464K) Class: 9052K(9472K)->9055K(9472K)
[2026-04-03T03:17:08.881+0600][50.419s][info][gc,ergo     ] Pacer for Idle. Initial: 15360K, Alloc Tax Rate: 1.0x
[2026-04-03T03:17:09.649+0600][51.187s][info][gc          ] Trigger: Average GC time (558.49 ms) is above the time for average allocation rate (317 MB/s) to deplete free headroom (176M) (margin of error = 1.91)
[2026-04-03T03:17:09.649+0600][51.187s][info][gc,ergo     ] Free headroom: 213M (free) - 38400K (spike) - 0B (penalties) = 176M
[2026-04-03T03:17:09.649+0600][51.187s][info][gc,ergo     ] Free: 213M, Max: 256K regular, 147M humongous, Frag: 31% external, 0% internal; Reserve: 38400K, Max: 256K
[2026-04-03T03:17:09.649+0600][51.188s][info][gc,start    ] GC(65) Concurrent reset
[2026-04-03T03:17:09.649+0600][51.188s][info][gc,task     ] GC(65) Using 3 of 6 workers for concurrent reset
[2026-04-03T03:17:09.649+0600][51.188s][info][gc,ergo     ] GC(65) Pacer for Reset. Non-Taxable: 750M
[2026-04-03T03:17:09.651+0600][51.189s][info][gc          ] GC(65) Concurrent reset 1.494ms
[2026-04-03T03:17:09.651+0600][51.190s][info][gc,start    ] GC(65) Pause Init Mark (unload classes)
[2026-04-03T03:17:09.651+0600][51.190s][info][gc,task     ] GC(65) Using 6 of 6 workers for init marking
[2026-04-03T03:17:09.651+0600][51.190s][info][gc,ergo     ] GC(65) Pacer for Mark. Expected Live: 169M, Free: 213M, Non-Taxable: 21874K, Alloc Tax Rate: 1.0x
[2026-04-03T03:17:09.651+0600][51.190s][info][gc          ] GC(65) Pause Init Mark (unload classes) 0.140ms
[2026-04-03T03:17:09.651+0600][51.190s][info][gc,start    ] GC(65) Concurrent marking roots
[2026-04-03T03:17:09.651+0600][51.190s][info][gc,task     ] GC(65) Using 3 of 6 workers for concurrent marking roots
[2026-04-03T03:17:09.653+0600][51.191s][info][gc          ] GC(65) Concurrent marking roots 1.183ms
[2026-04-03T03:17:09.653+0600][51.191s][info][gc,start    ] GC(65) Concurrent marking (unload classes)
[2026-04-03T03:17:09.653+0600][51.191s][info][gc,task     ] GC(65) Using 3 of 6 workers for concurrent marking
[2026-04-03T03:17:09.849+0600][51.388s][info][gc          ] GC(65) Concurrent marking (unload classes) 196.681ms
[2026-04-03T03:17:09.849+0600][51.388s][info][gc,start    ] GC(65) Pause Final Mark (unload classes)
[2026-04-03T03:17:09.850+0600][51.388s][info][gc,task     ] GC(65) Using 6 of 6 workers for final marking
[2026-04-03T03:17:09.850+0600][51.388s][info][gc,ergo     ] GC(65) Adaptive CSet Selection. Target Free: 106M, Actual Free: 409M, Max CSet: 32000K, Min Garbage: 0B
[2026-04-03T03:17:09.850+0600][51.389s][info][gc,ergo     ] GC(65) Collectable Garbage: 269M (98%), Immediate: 243M (88%), CSet: 26582K (9%)
[2026-04-03T03:17:09.850+0600][51.389s][info][gc,ergo     ] GC(65) Pacer for Evacuation. Used CSet: 30431K, Free: 389M, Non-Taxable: 39870K, Alloc Tax Rate: 1.1x
[2026-04-03T03:17:09.850+0600][51.389s][info][gc          ] GC(65) Pause Final Mark (unload classes) 0.863ms
[2026-04-03T03:17:09.850+0600][51.389s][info][gc,start    ] GC(65) Concurrent thread roots
[2026-04-03T03:17:09.850+0600][51.389s][info][gc,task     ] GC(65) Using 3 of 6 workers for Concurrent thread roots
[2026-04-03T03:17:09.851+0600][51.389s][info][gc          ] GC(65) Concurrent thread roots 0.545ms
[2026-04-03T03:17:09.851+0600][51.389s][info][gc,start    ] GC(65) Concurrent weak references
[2026-04-03T03:17:09.851+0600][51.389s][info][gc,task     ] GC(65) Using 3 of 6 workers for concurrent weak references
[2026-04-03T03:17:09.851+0600][51.390s][info][gc,ref      ] GC(65) Encountered references: Soft: 3529, Weak: 6404, Final: 84, Phantom: 599
[2026-04-03T03:17:09.851+0600][51.390s][info][gc,ref      ] GC(65) Discovered  references: Soft: 0, Weak: 1036, Final: 0, Phantom: 596
[2026-04-03T03:17:09.851+0600][51.390s][info][gc,ref      ] GC(65) Enqueued    references: Soft: 0, Weak: 56, Final: 0, Phantom: 0
[2026-04-03T03:17:09.851+0600][51.390s][info][gc          ] GC(65) Concurrent weak references 0.410ms
[2026-04-03T03:17:09.851+0600][51.390s][info][gc,start    ] GC(65) Concurrent weak roots
[2026-04-03T03:17:09.851+0600][51.390s][info][gc,task     ] GC(65) Using 3 of 6 workers for concurrent weak root
[2026-04-03T03:17:09.854+0600][51.392s][info][gc          ] GC(65) Concurrent weak roots 2.144ms
[2026-04-03T03:17:09.854+0600][51.392s][info][gc,start    ] GC(65) Concurrent cleanup
[2026-04-03T03:17:09.854+0600][51.393s][info][gc          ] GC(65) Concurrent cleanup 557M->313M(750M) 0.674ms
[2026-04-03T03:17:09.854+0600][51.393s][info][gc,ergo     ] GC(65) Free: 386M, Max: 256K regular, 80384K humongous, Frag: 80% external, 0% internal; Reserve: 38216K, Max: 256K
[2026-04-03T03:17:09.854+0600][51.393s][info][gc,start    ] GC(65) Concurrent class unloading
[2026-04-03T03:17:09.854+0600][51.393s][info][gc,task     ] GC(65) Using 3 of 6 workers for concurrent class unloading
[2026-04-03T03:17:09.860+0600][51.399s][info][gc          ] GC(65) Concurrent class unloading 6.038ms
[2026-04-03T03:17:09.860+0600][51.399s][info][gc,start    ] GC(65) Concurrent strong roots
[2026-04-03T03:17:09.860+0600][51.399s][info][gc,task     ] GC(65) Using 3 of 6 workers for concurrent strong root
[2026-04-03T03:17:09.861+0600][51.400s][info][gc          ] GC(65) Concurrent strong roots 0.768ms
[2026-04-03T03:17:09.861+0600][51.400s][info][gc,start    ] GC(65) Concurrent evacuation
[2026-04-03T03:17:09.861+0600][51.400s][info][gc,task     ] GC(65) Using 3 of 6 workers for concurrent evacuation
[2026-04-03T03:17:09.864+0600][51.403s][info][gc          ] GC(65) Concurrent evacuation 2.924ms
[2026-04-03T03:17:09.864+0600][51.403s][info][gc,start    ] GC(65) Pause Init Update Refs
[2026-04-03T03:17:09.864+0600][51.403s][info][gc,ergo     ] GC(65) Pacer for Update Refs. Used: 326M, Free: 377M, Non-Taxable: 38697K, Alloc Tax Rate: 1.1x
[2026-04-03T03:17:09.864+0600][51.403s][info][gc          ] GC(65) Pause Init Update Refs 0.087ms
[2026-04-03T03:17:09.865+0600][51.403s][info][gc,start    ] GC(65) Concurrent update references
[2026-04-03T03:17:09.865+0600][51.403s][info][gc,task     ] GC(65) Using 3 of 6 workers for concurrent reference update
[2026-04-03T03:17:09.960+0600][51.498s][info][gc          ] GC(65) Concurrent update references 95.346ms
[2026-04-03T03:17:09.960+0600][51.498s][info][gc,start    ] GC(65) Concurrent update thread roots
[2026-04-03T03:17:09.961+0600][51.500s][info][gc          ] GC(65) Concurrent update thread roots 1.065ms
[2026-04-03T03:17:09.961+0600][51.500s][info][gc,start    ] GC(65) Pause Final Update Refs
[2026-04-03T03:17:09.961+0600][51.500s][info][gc,task     ] GC(65) Using 6 of 6 workers for final reference update
[2026-04-03T03:17:09.962+0600][51.500s][info][gc          ] GC(65) Pause Final Update Refs 0.308ms
[2026-04-03T03:17:09.962+0600][51.500s][info][gc,start    ] GC(65) Concurrent cleanup
[2026-04-03T03:17:09.962+0600][51.501s][info][gc          ] GC(65) Concurrent cleanup 451M->422M(750M) 0.571ms
[2026-04-03T03:17:09.962+0600][51.501s][info][gc,ergo     ] Free: 275M, Max: 256K regular, 80384K humongous, Frag: 72% external, 0% internal; Reserve: 38400K, Max: 256K
[2026-04-03T03:17:09.962+0600][51.501s][info][gc,stats    ] 
[2026-04-03T03:17:09.962+0600][51.501s][info][gc,stats    ] All times are wall-clock times, except per-root-class counters, that are sum over
[2026-04-03T03:17:09.963+0600][51.501s][info][gc,stats    ] all workers. Dividing the <total> over the root stage time estimates parallelism.
[2026-04-03T03:17:09.963+0600][51.501s][info][gc,stats    ] 
[2026-04-03T03:17:09.963+0600][51.501s][info][gc,stats    ] Concurrent Reset                   1576 us
[2026-04-03T03:17:09.963+0600][51.501s][info][gc,stats    ] Pause Init Mark (G)                 628 us
[2026-04-03T03:17:09.963+0600][51.501s][info][gc,stats    ] Pause Init Mark (N)                 149 us
[2026-04-03T03:17:09.963+0600][51.501s][info][gc,stats    ]   Update Region States               32 us
[2026-04-03T03:17:09.963+0600][51.501s][info][gc,stats    ] Concurrent Mark Roots              1232 us, parallelism: 1.87x
[2026-04-03T03:17:09.963+0600][51.501s][info][gc,stats    ]   CMR: <total>                     2299 us
[2026-04-03T03:17:09.963+0600][51.501s][info][gc,stats    ]   CMR: Thread Roots                1906 us, workers (us): 435, 734, 737, ---, ---, ---, 
[2026-04-03T03:17:09.963+0600][51.501s][info][gc,stats    ]   CMR: VM Strong Roots               48 us, workers (us):  46,   1,   1, ---, ---, ---, 
[2026-04-03T03:17:09.963+0600][51.501s][info][gc,stats    ]   CMR: CLDG Roots                   345 us, workers (us): 345, ---, ---, ---, ---, ---, 
[2026-04-03T03:17:09.963+0600][51.501s][info][gc,stats    ] Concurrent Marking               196762 us
[2026-04-03T03:17:09.963+0600][51.501s][info][gc,stats    ] Pause Final Mark (G)               1076 us
[2026-04-03T03:17:09.963+0600][51.501s][info][gc,stats    ] Pause Final Mark (N)                874 us
[2026-04-03T03:17:09.963+0600][51.501s][info][gc,stats    ]   Finish Mark                       312 us
[2026-04-03T03:17:09.963+0600][51.501s][info][gc,stats    ]   Update Region States               56 us
[2026-04-03T03:17:09.963+0600][51.501s][info][gc,stats    ]   Choose Collection Set             260 us
[2026-04-03T03:17:09.963+0600][51.501s][info][gc,stats    ]   Rebuild Free Set                   44 us
[2026-04-03T03:17:09.963+0600][51.501s][info][gc,stats    ] Concurrent Thread Roots             591 us, parallelism: 1.89x
[2026-04-03T03:17:09.963+0600][51.501s][info][gc,stats    ]   CTR: <total>                     1118 us
[2026-04-03T03:17:09.963+0600][51.501s][info][gc,stats    ]   CTR: Thread Roots                1118 us, workers (us): 392, 377, 350, ---, ---, ---, 
[2026-04-03T03:17:09.963+0600][51.501s][info][gc,stats    ] Concurrent Weak References          421 us, parallelism: 0.67x
[2026-04-03T03:17:09.963+0600][51.501s][info][gc,stats    ]   CWRF: <total>                     282 us
[2026-04-03T03:17:09.963+0600][51.501s][info][gc,stats    ]   CWRF: Weak References             282 us, workers (us): 170,  73,  39, ---, ---, ---, 
[2026-04-03T03:17:09.963+0600][51.501s][info][gc,stats    ] Concurrent Weak Roots              2173 us
[2026-04-03T03:17:09.963+0600][51.501s][info][gc,stats    ]   Roots                            1905 us, parallelism: 2.64x
[2026-04-03T03:17:09.963+0600][51.501s][info][gc,stats    ]     CWR: <total>                   5037 us
[2026-04-03T03:17:09.963+0600][51.501s][info][gc,stats    ]     CWR: Code Cache Roots          3190 us, workers (us): 1017, 1089, 1084, ---, ---, ---, 
[2026-04-03T03:17:09.963+0600][51.501s][info][gc,stats    ]     CWR: VM Weak Roots             1739 us, workers (us): 596, 586, 556, ---, ---, ---, 
[2026-04-03T03:17:09.963+0600][51.501s][info][gc,stats    ]     CWR: CLDG Roots                 108 us, workers (us): 108, ---, ---, ---, ---, ---, 
[2026-04-03T03:17:09.963+0600][51.501s][info][gc,stats    ]   Rendezvous                        219 us
[2026-04-03T03:17:09.963+0600][51.501s][info][gc,stats    ] Concurrent Cleanup                  689 us
[2026-04-03T03:17:09.963+0600][51.501s][info][gc,stats    ] Concurrent Class Unloading         6116 us
[2026-04-03T03:17:09.963+0600][51.502s][info][gc,stats    ]   Unlink Stale                     5069 us
[2026-04-03T03:17:09.963+0600][51.502s][info][gc,stats    ]     System Dictionary               114 us
[2026-04-03T03:17:09.963+0600][51.502s][info][gc,stats    ]     Weak Class Links                  0 us
[2026-04-03T03:17:09.963+0600][51.502s][info][gc,stats    ]     Code Roots                     4952 us
[2026-04-03T03:17:09.963+0600][51.502s][info][gc,stats    ]   Rendezvous                        195 us
[2026-04-03T03:17:09.963+0600][51.502s][info][gc,stats    ]   Purge Unlinked                    753 us
[2026-04-03T03:17:09.963+0600][51.502s][info][gc,stats    ]     Code Roots                      735 us
[2026-04-03T03:17:09.963+0600][51.502s][info][gc,stats    ]     CLDG                             17 us
[2026-04-03T03:17:09.963+0600][51.502s][info][gc,stats    ]     Exception Caches                  0 us
[2026-04-03T03:17:09.963+0600][51.502s][info][gc,stats    ] Concurrent Strong Roots             823 us, parallelism: 0.69x
[2026-04-03T03:17:09.963+0600][51.502s][info][gc,stats    ]   CSR: <total>                      564 us
[2026-04-03T03:17:09.963+0600][51.502s][info][gc,stats    ]   CSR: VM Strong Roots               31 us, workers (us):  21,  10,   0, ---, ---, ---, 
[2026-04-03T03:17:09.963+0600][51.502s][info][gc,stats    ]   CSR: CLDG Roots                   533 us, workers (us): 533, ---, ---, ---, ---, ---, 
[2026-04-03T03:17:09.963+0600][51.502s][info][gc,stats    ] Concurrent Evacuation              2967 us
[2026-04-03T03:17:09.963+0600][51.502s][info][gc,stats    ] Pause Init Update Refs (G)          355 us
[2026-04-03T03:17:09.963+0600][51.502s][info][gc,stats    ] Pause Init Update Refs (N)           97 us
[2026-04-03T03:17:09.963+0600][51.502s][info][gc,stats    ]   Manage GCLABs                      23 us
[2026-04-03T03:17:09.963+0600][51.502s][info][gc,stats    ] Concurrent Update Refs            95445 us
[2026-04-03T03:17:09.963+0600][51.502s][info][gc,stats    ] Concurrent Update Thread Roots     1092 us
[2026-04-03T03:17:09.963+0600][51.502s][info][gc,stats    ] Pause Final Update Refs (G)         616 us
[2026-04-03T03:17:09.963+0600][51.502s][info][gc,stats    ] Pause Final Update Refs (N)         327 us
[2026-04-03T03:17:09.963+0600][51.502s][info][gc,stats    ]   Update Region States               57 us
[2026-04-03T03:17:09.963+0600][51.502s][info][gc,stats    ]   Trash Collection Set               11 us
[2026-04-03T03:17:09.963+0600][51.502s][info][gc,stats    ]   Rebuild Free Set                   37 us
[2026-04-03T03:17:09.963+0600][51.502s][info][gc,stats    ] Concurrent Cleanup                  603 us
[2026-04-03T03:17:09.963+0600][51.502s][info][gc,stats    ] Pacing                           267543 us
[2026-04-03T03:17:09.963+0600][51.502s][info][gc,stats    ] 
[2026-04-03T03:17:09.963+0600][51.502s][info][gc,stats    ] Allocation pacing accrued:
[2026-04-03T03:17:09.963+0600][51.502s][info][gc,stats    ]      89 of  1083 ms (  8.3%): task-result-getter-1
[2026-04-03T03:17:09.963+0600][51.502s][info][gc,stats    ]      90 of  1083 ms (  8.3%): task-result-getter-2
[2026-04-03T03:17:09.963+0600][51.502s][info][gc,stats    ]      89 of  1083 ms (  8.2%): task-result-getter-3
[2026-04-03T03:17:09.963+0600][51.502s][info][gc,stats    ]     268 of  1083 ms ( 24.7%): <total>
[2026-04-03T03:17:09.963+0600][51.502s][info][gc,stats    ]       3 of  1083 ms (  0.2%): <average total>
[2026-04-03T03:17:09.963+0600][51.502s][info][gc,stats    ]      89 of  1083 ms (  8.2%): <average non-zero>
[2026-04-03T03:17:09.964+0600][51.502s][info][gc,stats    ] 
[2026-04-03T03:17:09.964+0600][51.502s][info][gc,metaspace] Metaspace: 72725K(73600K)->72733K(73600K) NonClass: 63440K(63936K)->63446K(63936K) Class: 9284K(9664K)->9287K(9664K)
[2026-04-03T03:17:09.964+0600][51.502s][info][gc,ergo     ] Pacer for Idle. Initial: 15360K, Alloc Tax Rate: 1.0x
[2026-04-03T03:17:09.965+0600][51.503s][info][gc          ] Trigger: Average GC time (504.01 ms) is above the time for average allocation rate (521 MB/s) to deplete free headroom (235M) (margin of error = 1.93)
[2026-04-03T03:17:09.965+0600][51.503s][info][gc,ergo     ] Free headroom: 273M (free) - 38400K (spike) - 0B (penalties) = 235M
[2026-04-03T03:17:09.965+0600][51.503s][info][gc,ergo     ] Free: 273M, Max: 256K regular, 80384K humongous, Frag: 72% external, 0% internal; Reserve: 38400K, Max: 256K
[2026-04-03T03:17:09.965+0600][51.503s][info][gc,start    ] GC(66) Concurrent reset
[2026-04-03T03:17:09.965+0600][51.503s][info][gc,task     ] GC(66) Using 3 of 6 workers for concurrent reset
[2026-04-03T03:17:09.965+0600][51.503s][info][gc,ergo     ] GC(66) Pacer for Reset. Non-Taxable: 750M
[2026-04-03T03:17:09.966+0600][51.504s][info][gc          ] GC(66) Concurrent reset 1.017ms
[2026-04-03T03:17:09.966+0600][51.505s][info][gc,start    ] GC(66) Pause Init Mark (unload classes)
[2026-04-03T03:17:09.966+0600][51.505s][info][gc,task     ] GC(66) Using 6 of 6 workers for init marking
[2026-04-03T03:17:09.966+0600][51.505s][info][gc,ergo     ] GC(66) Pacer for Mark. Expected Live: 175M, Free: 272M, Non-Taxable: 27862K, Alloc Tax Rate: 0.8x
[2026-04-03T03:17:09.966+0600][51.505s][info][gc          ] GC(66) Pause Init Mark (unload classes) 0.139ms
[2026-04-03T03:17:09.966+0600][51.505s][info][gc,start    ] GC(66) Concurrent marking roots
[2026-04-03T03:17:09.966+0600][51.505s][info][gc,task     ] GC(66) Using 3 of 6 workers for concurrent marking roots
[2026-04-03T03:17:09.967+0600][51.506s][info][gc          ] GC(66) Concurrent marking roots 1.005ms
[2026-04-03T03:17:09.968+0600][51.506s][info][gc,start    ] GC(66) Concurrent marking (unload classes)
[2026-04-03T03:17:09.968+0600][51.506s][info][gc,task     ] GC(66) Using 3 of 6 workers for concurrent marking
[2026-04-03T03:17:10.179+0600][51.717s][info][gc          ] GC(66) Concurrent marking (unload classes) 211.493ms
[2026-04-03T03:17:10.179+0600][51.718s][info][gc,start    ] GC(66) Pause Final Mark (unload classes)
[2026-04-03T03:17:10.179+0600][51.718s][info][gc,task     ] GC(66) Using 6 of 6 workers for final marking
[2026-04-03T03:17:10.180+0600][51.718s][info][gc,ergo     ] GC(66) Adaptive CSet Selection. Target Free: 106M, Actual Free: 253M, Max CSet: 32000K, Min Garbage: 0B
[2026-04-03T03:17:10.180+0600][51.719s][info][gc,ergo     ] GC(66) Collectable Garbage: 194M (97%), Immediate: 36443K (17%), CSet: 159M (79%)
[2026-04-03T03:17:10.180+0600][51.719s][info][gc,ergo     ] GC(66) Pacer for Evacuation. Used CSet: 185M, Free: 221M, Non-Taxable: 22668K, Alloc Tax Rate: 2.1x
[2026-04-03T03:17:10.180+0600][51.719s][info][gc          ] GC(66) Pause Final Mark (unload classes) 0.852ms
[2026-04-03T03:17:10.180+0600][51.719s][info][gc,start    ] GC(66) Concurrent thread roots
[2026-04-03T03:17:10.180+0600][51.719s][info][gc,task     ] GC(66) Using 3 of 6 workers for Concurrent thread roots
[2026-04-03T03:17:10.181+0600][51.720s][info][gc          ] GC(66) Concurrent thread roots 0.771ms
[2026-04-03T03:17:10.181+0600][51.720s][info][gc,start    ] GC(66) Concurrent weak references
[2026-04-03T03:17:10.181+0600][51.720s][info][gc,task     ] GC(66) Using 3 of 6 workers for concurrent weak references
[2026-04-03T03:17:10.182+0600][51.720s][info][gc,ref      ] GC(66) Encountered references: Soft: 3529, Weak: 6361, Final: 84, Phantom: 599
[2026-04-03T03:17:10.182+0600][51.720s][info][gc,ref      ] GC(66) Discovered  references: Soft: 0, Weak: 1275, Final: 2, Phantom: 596
[2026-04-03T03:17:10.182+0600][51.720s][info][gc,ref      ] GC(66) Enqueued    references: Soft: 0, Weak: 5, Final: 0, Phantom: 0
[2026-04-03T03:17:10.182+0600][51.720s][info][gc          ] GC(66) Concurrent weak references 0.489ms
[2026-04-03T03:17:10.182+0600][51.720s][info][gc,start    ] GC(66) Concurrent weak roots
[2026-04-03T03:17:10.182+0600][51.720s][info][gc,task     ] GC(66) Using 3 of 6 workers for concurrent weak root
[2026-04-03T03:17:10.184+0600][51.723s][info][gc          ] GC(66) Concurrent weak roots 2.511ms
[2026-04-03T03:17:10.184+0600][51.723s][info][gc,start    ] GC(66) Concurrent cleanup
[2026-04-03T03:17:10.185+0600][51.723s][info][gc          ] GC(66) Concurrent cleanup 517M->481M(750M) 0.234ms
[2026-04-03T03:17:10.185+0600][51.723s][info][gc,ergo     ] GC(66) Free: 220M, Max: 256K regular, 80384K humongous, Frag: 65% external, 0% internal; Reserve: 38391K, Max: 256K
[2026-04-03T03:17:10.185+0600][51.723s][info][gc,start    ] GC(66) Concurrent class unloading
[2026-04-03T03:17:10.185+0600][51.723s][info][gc,task     ] GC(66) Using 3 of 6 workers for concurrent class unloading
[2026-04-03T03:17:10.192+0600][51.730s][info][gc          ] GC(66) Concurrent class unloading 6.975ms
[2026-04-03T03:17:10.192+0600][51.730s][info][gc,start    ] GC(66) Concurrent strong roots
[2026-04-03T03:17:10.192+0600][51.730s][info][gc,task     ] GC(66) Using 3 of 6 workers for concurrent strong root
[2026-04-03T03:17:10.193+0600][51.731s][info][gc          ] GC(66) Concurrent strong roots 0.900ms
[2026-04-03T03:17:10.193+0600][51.731s][info][gc,start    ] GC(66) Concurrent evacuation
[2026-04-03T03:17:10.193+0600][51.731s][info][gc,task     ] GC(66) Using 3 of 6 workers for concurrent evacuation
[2026-04-03T03:17:10.216+0600][51.755s][info][gc          ] GC(66) Concurrent evacuation 23.510ms
[2026-04-03T03:17:10.216+0600][51.755s][info][gc,start    ] GC(66) Pause Init Update Refs
[2026-04-03T03:17:10.217+0600][51.755s][info][gc,ergo     ] GC(66) Pacer for Update Refs. Used: 518M, Free: 210M, Non-Taxable: 21582K, Alloc Tax Rate: 3.0x
[2026-04-03T03:17:10.217+0600][51.755s][info][gc          ] GC(66) Pause Init Update Refs 0.121ms
[2026-04-03T03:17:10.217+0600][51.755s][info][gc,start    ] GC(66) Concurrent update references
[2026-04-03T03:17:10.217+0600][51.755s][info][gc,task     ] GC(66) Using 3 of 6 workers for concurrent reference update
[2026-04-03T03:17:10.341+0600][51.880s][info][gc          ] GC(66) Concurrent update references 124.801ms
[2026-04-03T03:17:10.341+0600][51.880s][info][gc,start    ] GC(66) Concurrent update thread roots
[2026-04-03T03:17:10.342+0600][51.881s][info][gc          ] GC(66) Concurrent update thread roots 0.833ms
[2026-04-03T03:17:10.342+0600][51.881s][info][gc,start    ] GC(66) Pause Final Update Refs
[2026-04-03T03:17:10.343+0600][51.881s][info][gc,task     ] GC(66) Using 6 of 6 workers for final reference update
[2026-04-03T03:17:10.343+0600][51.881s][info][gc          ] GC(66) Pause Final Update Refs 0.218ms
[2026-04-03T03:17:10.343+0600][51.881s][info][gc,start    ] GC(66) Concurrent cleanup
[2026-04-03T03:17:10.343+0600][51.881s][info][gc          ] GC(66) Concurrent cleanup 600M->415M(750M) 0.286ms
[2026-04-03T03:17:10.343+0600][51.882s][info][gc,ergo     ] Free: 287M, Max: 256K regular, 80384K humongous, Frag: 73% external, 0% internal; Reserve: 38400K, Max: 256K
[2026-04-03T03:17:10.343+0600][51.882s][info][gc,stats    ] 
[2026-04-03T03:17:10.343+0600][51.882s][info][gc,stats    ] All times are wall-clock times, except per-root-class counters, that are sum over
[2026-04-03T03:17:10.343+0600][51.882s][info][gc,stats    ] all workers. Dividing the <total> over the root stage time estimates parallelism.
[2026-04-03T03:17:10.343+0600][51.882s][info][gc,stats    ] 
[2026-04-03T03:17:10.343+0600][51.882s][info][gc,stats    ] Concurrent Reset                   1078 us
[2026-04-03T03:17:10.343+0600][51.882s][info][gc,stats    ] Pause Init Mark (G)                 513 us
[2026-04-03T03:17:10.343+0600][51.882s][info][gc,stats    ] Pause Init Mark (N)                 151 us
[2026-04-03T03:17:10.343+0600][51.882s][info][gc,stats    ]   Update Region States               42 us
[2026-04-03T03:17:10.343+0600][51.882s][info][gc,stats    ] Concurrent Mark Roots              1045 us, parallelism: 1.83x
[2026-04-03T03:17:10.343+0600][51.882s][info][gc,stats    ]   CMR: <total>                     1909 us
[2026-04-03T03:17:10.343+0600][51.882s][info][gc,stats    ]   CMR: Thread Roots                1658 us, workers (us): 432, 615, 611, ---, ---, ---, 
[2026-04-03T03:17:10.343+0600][51.882s][info][gc,stats    ]   CMR: VM Strong Roots               33 us, workers (us):  32,   1,   1, ---, ---, ---, 
[2026-04-03T03:17:10.343+0600][51.882s][info][gc,stats    ]   CMR: CLDG Roots                   218 us, workers (us): 218, ---, ---, ---, ---, ---, 
[2026-04-03T03:17:10.343+0600][51.882s][info][gc,stats    ] Concurrent Marking               211617 us
[2026-04-03T03:17:10.343+0600][51.882s][info][gc,stats    ] Pause Final Mark (G)               1214 us
[2026-04-03T03:17:10.343+0600][51.882s][info][gc,stats    ] Pause Final Mark (N)                866 us
[2026-04-03T03:17:10.343+0600][51.882s][info][gc,stats    ]   Finish Mark                       220 us
[2026-04-03T03:17:10.343+0600][51.882s][info][gc,stats    ]   Update Region States               52 us
[2026-04-03T03:17:10.343+0600][51.882s][info][gc,stats    ]   Choose Collection Set             381 us
[2026-04-03T03:17:10.343+0600][51.882s][info][gc,stats    ]   Rebuild Free Set                   42 us
[2026-04-03T03:17:10.343+0600][51.882s][info][gc,stats    ] Concurrent Thread Roots             821 us, parallelism: 1.87x
[2026-04-03T03:17:10.343+0600][51.882s][info][gc,stats    ]   CTR: <total>                     1538 us
[2026-04-03T03:17:10.343+0600][51.882s][info][gc,stats    ]   CTR: Thread Roots                1538 us, workers (us): 562, 502, 474, ---, ---, ---, 
[2026-04-03T03:17:10.343+0600][51.882s][info][gc,stats    ] Concurrent Weak References          526 us, parallelism: 0.71x
[2026-04-03T03:17:10.343+0600][51.882s][info][gc,stats    ]   CWRF: <total>                     372 us
[2026-04-03T03:17:10.343+0600][51.882s][info][gc,stats    ]   CWRF: Weak References             372 us, workers (us): 119, 234,  18, ---, ---, ---, 
[2026-04-03T03:17:10.343+0600][51.882s][info][gc,stats    ] Concurrent Weak Roots              2585 us
[2026-04-03T03:17:10.344+0600][51.882s][info][gc,stats    ]   Roots                            2274 us, parallelism: 2.39x
[2026-04-03T03:17:10.344+0600][51.882s][info][gc,stats    ]     CWR: <total>                   5431 us
[2026-04-03T03:17:10.344+0600][51.882s][info][gc,stats    ]     CWR: Code Cache Roots          3645 us, workers (us): 1249, 1305, 1091, ---, ---, ---, 
[2026-04-03T03:17:10.344+0600][51.882s][info][gc,stats    ]     CWR: VM Weak Roots             1634 us, workers (us): 598, 537, 499, ---, ---, ---, 
[2026-04-03T03:17:10.344+0600][51.882s][info][gc,stats    ]     CWR: CLDG Roots                 153 us, workers (us): ---, ---, 153, ---, ---, ---, 
[2026-04-03T03:17:10.344+0600][51.882s][info][gc,stats    ]   Rendezvous                        200 us
[2026-04-03T03:17:10.344+0600][51.882s][info][gc,stats    ] Concurrent Cleanup                  259 us
[2026-04-03T03:17:10.344+0600][51.882s][info][gc,stats    ] Concurrent Class Unloading         7063 us
[2026-04-03T03:17:10.344+0600][51.882s][info][gc,stats    ]   Unlink Stale                     6379 us
[2026-04-03T03:17:10.344+0600][51.882s][info][gc,stats    ]     System Dictionary               137 us
[2026-04-03T03:17:10.344+0600][51.882s][info][gc,stats    ]     Weak Class Links                  1 us
[2026-04-03T03:17:10.344+0600][51.882s][info][gc,stats    ]     Code Roots                     6236 us
[2026-04-03T03:17:10.344+0600][51.882s][info][gc,stats    ]   Rendezvous                        235 us
[2026-04-03T03:17:10.344+0600][51.882s][info][gc,stats    ]   Purge Unlinked                    325 us
[2026-04-03T03:17:10.344+0600][51.882s][info][gc,stats    ]     Code Roots                      312 us
[2026-04-03T03:17:10.344+0600][51.882s][info][gc,stats    ]     CLDG                             13 us
[2026-04-03T03:17:10.344+0600][51.882s][info][gc,stats    ]     Exception Caches                  0 us
[2026-04-03T03:17:10.344+0600][51.882s][info][gc,stats    ] Concurrent Strong Roots             957 us, parallelism: 0.55x
[2026-04-03T03:17:10.344+0600][51.882s][info][gc,stats    ]   CSR: <total>                      526 us
[2026-04-03T03:17:10.344+0600][51.882s][info][gc,stats    ]   CSR: VM Strong Roots               26 us, workers (us):  24,   1,   0, ---, ---, ---, 
[2026-04-03T03:17:10.344+0600][51.882s][info][gc,stats    ]   CSR: CLDG Roots                   500 us, workers (us): 500, ---, ---, ---, ---, ---, 
[2026-04-03T03:17:10.344+0600][51.882s][info][gc,stats    ] Concurrent Evacuation             23609 us
[2026-04-03T03:17:10.344+0600][51.882s][info][gc,stats    ] Pause Init Update Refs (G)          369 us
[2026-04-03T03:17:10.344+0600][51.882s][info][gc,stats    ] Pause Init Update Refs (N)          133 us
[2026-04-03T03:17:10.344+0600][51.882s][info][gc,stats    ]   Manage GCLABs                      31 us
[2026-04-03T03:17:10.344+0600][51.882s][info][gc,stats    ] Concurrent Update Refs           124888 us
[2026-04-03T03:17:10.344+0600][51.882s][info][gc,stats    ] Concurrent Update Thread Roots      890 us
[2026-04-03T03:17:10.344+0600][51.882s][info][gc,stats    ] Pause Final Update Refs (G)         424 us
[2026-04-03T03:17:10.344+0600][51.882s][info][gc,stats    ] Pause Final Update Refs (N)         243 us
[2026-04-03T03:17:10.344+0600][51.882s][info][gc,stats    ]   Update Region States               89 us
[2026-04-03T03:17:10.344+0600][51.882s][info][gc,stats    ]   Trash Collection Set               19 us
[2026-04-03T03:17:10.344+0600][51.882s][info][gc,stats    ]   Rebuild Free Set                   48 us
[2026-04-03T03:17:10.344+0600][51.882s][info][gc,stats    ] Concurrent Cleanup                  313 us
[2026-04-03T03:17:10.344+0600][51.882s][info][gc,stats    ] Pacing                             7085 us
[2026-04-03T03:17:10.344+0600][51.882s][info][gc,stats    ] 
[2026-04-03T03:17:10.344+0600][51.882s][info][gc,stats    ] Allocation pacing accrued:
[2026-04-03T03:17:10.344+0600][51.882s][info][gc,stats    ]       7 of   380 ms (  1.9%): main
[2026-04-03T03:17:10.344+0600][51.882s][info][gc,stats    ]       7 of   380 ms (  1.9%): <total>
[2026-04-03T03:17:10.344+0600][51.882s][info][gc,stats    ]       0 of   380 ms (  0.0%): <average total>
[2026-04-03T03:17:10.344+0600][51.882s][info][gc,stats    ]       7 of   380 ms (  1.9%): <average non-zero>
[2026-04-03T03:17:10.344+0600][51.882s][info][gc,stats    ] 
[2026-04-03T03:17:10.344+0600][51.882s][info][gc,metaspace] Metaspace: 72734K(73600K)->72774K(73664K) NonClass: 63447K(63936K)->63483K(64000K) Class: 9287K(9664K)->9291K(9664K)
[2026-04-03T03:17:10.344+0600][51.882s][info][gc,ergo     ] Pacer for Idle. Initial: 15360K, Alloc Tax Rate: 1.0x
[2026-04-03T03:17:10.354+0600][51.892s][info][gc          ] Trigger: Average GC time (472.41 ms) is above the time for average allocation rate (508 MB/s) to deplete free headroom (239M) (margin of error = 1.94)
[2026-04-03T03:17:10.354+0600][51.892s][info][gc,ergo     ] Free headroom: 276M (free) - 38400K (spike) - 0B (penalties) = 239M
[2026-04-03T03:17:10.354+0600][51.892s][info][gc,ergo     ] Free: 276M, Max: 256K regular, 80384K humongous, Frag: 72% external, 0% internal; Reserve: 38400K, Max: 256K
[2026-04-03T03:17:10.354+0600][51.892s][info][gc,start    ] GC(67) Concurrent reset
[2026-04-03T03:17:10.354+0600][51.892s][info][gc,task     ] GC(67) Using 3 of 6 workers for concurrent reset
[2026-04-03T03:17:10.354+0600][51.892s][info][gc,ergo     ] GC(67) Pacer for Reset. Non-Taxable: 750M
[2026-04-03T03:17:10.355+0600][51.894s][info][gc          ] GC(67) Concurrent reset 1.354ms
[2026-04-03T03:17:10.356+0600][51.894s][info][gc,start    ] GC(67) Pause Init Mark (unload classes)
[2026-04-03T03:17:10.356+0600][51.894s][info][gc,task     ] GC(67) Using 6 of 6 workers for init marking
[2026-04-03T03:17:10.356+0600][51.894s][info][gc,ergo     ] GC(67) Pacer for Mark. Expected Live: 192M, Free: 274M, Non-Taxable: 28091K, Alloc Tax Rate: 0.9x
[2026-04-03T03:17:10.356+0600][51.894s][info][gc          ] GC(67) Pause Init Mark (unload classes) 0.110ms
[2026-04-03T03:17:10.356+0600][51.894s][info][gc,start    ] GC(67) Concurrent marking roots
[2026-04-03T03:17:10.356+0600][51.894s][info][gc,task     ] GC(67) Using 3 of 6 workers for concurrent marking roots
[2026-04-03T03:17:10.357+0600][51.895s][info][gc          ] GC(67) Concurrent marking roots 0.737ms
[2026-04-03T03:17:10.357+0600][51.895s][info][gc,start    ] GC(67) Concurrent marking (unload classes)
[2026-04-03T03:17:10.357+0600][51.895s][info][gc,task     ] GC(67) Using 3 of 6 workers for concurrent marking
[2026-04-03T03:17:10.562+0600][52.100s][info][gc          ] GC(67) Concurrent marking (unload classes) 205.034ms
[2026-04-03T03:17:10.562+0600][52.100s][info][gc,start    ] GC(67) Pause Final Mark (unload classes)
[2026-04-03T03:17:10.562+0600][52.100s][info][gc,task     ] GC(67) Using 6 of 6 workers for final marking
[2026-04-03T03:17:10.562+0600][52.101s][info][gc,ergo     ] GC(67) Adaptive CSet Selection. Target Free: 106M, Actual Free: 428M, Max CSet: 32000K, Min Garbage: 0B
[2026-04-03T03:17:10.563+0600][52.101s][info][gc,ergo     ] GC(67) Collectable Garbage: 215M (97%), Immediate: 163M (74%), CSet: 53219K (23%)
[2026-04-03T03:17:10.563+0600][52.101s][info][gc,ergo     ] GC(67) Pacer for Evacuation. Used CSet: 62207K, Free: 399M, Non-Taxable: 40875K, Alloc Tax Rate: 1.1x
[2026-04-03T03:17:10.563+0600][52.101s][info][gc          ] GC(67) Pause Final Mark (unload classes) 0.805ms
[2026-04-03T03:17:10.563+0600][52.101s][info][gc,start    ] GC(67) Concurrent thread roots
[2026-04-03T03:17:10.563+0600][52.101s][info][gc,task     ] GC(67) Using 3 of 6 workers for Concurrent thread roots
[2026-04-03T03:17:10.563+0600][52.102s][info][gc          ] GC(67) Concurrent thread roots 0.545ms
[2026-04-03T03:17:10.563+0600][52.102s][info][gc,start    ] GC(67) Concurrent weak references
[2026-04-03T03:17:10.563+0600][52.102s][info][gc,task     ] GC(67) Using 3 of 6 workers for concurrent weak references
[2026-04-03T03:17:10.564+0600][52.102s][info][gc,ref      ] GC(67) Encountered references: Soft: 3533, Weak: 6383, Final: 84, Phantom: 599
[2026-04-03T03:17:10.564+0600][52.102s][info][gc,ref      ] GC(67) Discovered  references: Soft: 0, Weak: 1177, Final: 2, Phantom: 596
[2026-04-03T03:17:10.564+0600][52.102s][info][gc,ref      ] GC(67) Enqueued    references: Soft: 0, Weak: 147, Final: 0, Phantom: 0
[2026-04-03T03:17:10.564+0600][52.102s][info][gc          ] GC(67) Concurrent weak references 0.472ms
[2026-04-03T03:17:10.564+0600][52.102s][info][gc,start    ] GC(67) Concurrent weak roots
[2026-04-03T03:17:10.564+0600][52.102s][info][gc,task     ] GC(67) Using 3 of 6 workers for concurrent weak root
[2026-04-03T03:17:10.566+0600][52.104s][info][gc          ] GC(67) Concurrent weak roots 1.812ms
[2026-04-03T03:17:10.566+0600][52.104s][info][gc,start    ] GC(67) Concurrent cleanup
[2026-04-03T03:17:10.566+0600][52.104s][info][gc          ] GC(67) Concurrent cleanup 476M->313M(750M) 0.276ms
[2026-04-03T03:17:10.566+0600][52.104s][info][gc,ergo     ] GC(67) Free: 396M, Max: 256K regular, 90880K humongous, Frag: 78% external, 0% internal; Reserve: 38371K, Max: 256K
[2026-04-03T03:17:10.566+0600][52.105s][info][gc,start    ] GC(67) Concurrent class unloading
[2026-04-03T03:17:10.566+0600][52.105s][info][gc,task     ] GC(67) Using 3 of 6 workers for concurrent class unloading
[2026-04-03T03:17:10.573+0600][52.111s][info][gc          ] GC(67) Concurrent class unloading 6.436ms
[2026-04-03T03:17:10.573+0600][52.111s][info][gc,start    ] GC(67) Concurrent strong roots
[2026-04-03T03:17:10.573+0600][52.111s][info][gc,task     ] GC(67) Using 3 of 6 workers for concurrent strong root
[2026-04-03T03:17:10.573+0600][52.112s][info][gc          ] GC(67) Concurrent strong roots 0.577ms
[2026-04-03T03:17:10.596+0600][52.134s][info][gc,start    ] GC(67) Concurrent evacuation
[2026-04-03T03:17:10.596+0600][52.134s][info][gc,task     ] GC(67) Using 3 of 6 workers for concurrent evacuation
[2026-04-03T03:17:10.604+0600][52.142s][info][gc          ] GC(67) Concurrent evacuation 7.766ms
[2026-04-03T03:17:10.604+0600][52.142s][info][gc,start    ] GC(67) Pause Init Update Refs
[2026-04-03T03:17:10.604+0600][52.142s][info][gc,ergo     ] GC(67) Pacer for Update Refs. Used: 351M, Free: 367M, Non-Taxable: 37680K, Alloc Tax Rate: 1.2x
[2026-04-03T03:17:10.604+0600][52.142s][info][gc          ] GC(67) Pause Init Update Refs 0.114ms
[2026-04-03T03:17:10.604+0600][52.143s][info][gc,start    ] GC(67) Concurrent update references
[2026-04-03T03:17:10.604+0600][52.143s][info][gc,task     ] GC(67) Using 3 of 6 workers for concurrent reference update
[2026-04-03T03:17:10.713+0600][52.251s][info][gc          ] GC(67) Concurrent update references 108.677ms
[2026-04-03T03:17:10.713+0600][52.251s][info][gc,start    ] GC(67) Concurrent update thread roots
[2026-04-03T03:17:10.714+0600][52.252s][info][gc          ] GC(67) Concurrent update thread roots 0.997ms
[2026-04-03T03:17:10.714+0600][52.252s][info][gc,start    ] GC(67) Pause Final Update Refs
[2026-04-03T03:17:10.714+0600][52.253s][info][gc,task     ] GC(67) Using 6 of 6 workers for final reference update
[2026-04-03T03:17:10.714+0600][52.253s][info][gc          ] GC(67) Pause Final Update Refs 0.205ms
[2026-04-03T03:17:10.714+0600][52.253s][info][gc,start    ] GC(67) Concurrent cleanup
[2026-04-03T03:17:10.715+0600][52.253s][info][gc          ] GC(67) Concurrent cleanup 435M->376M(750M) 0.582ms
[2026-04-03T03:17:10.715+0600][52.253s][info][gc,ergo     ] Free: 334M, Max: 256K regular, 163M humongous, Frag: 51% external, 0% internal; Reserve: 38400K, Max: 256K
[2026-04-03T03:17:10.715+0600][52.253s][info][gc,stats    ] 
[2026-04-03T03:17:10.715+0600][52.253s][info][gc,stats    ] All times are wall-clock times, except per-root-class counters, that are sum over
[2026-04-03T03:17:10.715+0600][52.253s][info][gc,stats    ] all workers. Dividing the <total> over the root stage time estimates parallelism.
[2026-04-03T03:17:10.715+0600][52.254s][info][gc,stats    ] 
[2026-04-03T03:17:10.715+0600][52.254s][info][gc,stats    ] Concurrent Reset                   1417 us
[2026-04-03T03:17:10.715+0600][52.254s][info][gc,stats    ] Pause Init Mark (G)                 401 us
[2026-04-03T03:17:10.715+0600][52.254s][info][gc,stats    ] Pause Init Mark (N)                 187 us
[2026-04-03T03:17:10.715+0600][52.254s][info][gc,stats    ]   Update Region States               30 us
[2026-04-03T03:17:10.715+0600][52.254s][info][gc,stats    ] Concurrent Mark Roots               785 us, parallelism: 1.44x
[2026-04-03T03:17:10.715+0600][52.254s][info][gc,stats    ]   CMR: <total>                     1134 us
[2026-04-03T03:17:10.715+0600][52.254s][info][gc,stats    ]   CMR: Thread Roots                 874 us, workers (us): 150, 362, 362, ---, ---, ---, 
[2026-04-03T03:17:10.715+0600][52.254s][info][gc,stats    ]   CMR: VM Strong Roots               27 us, workers (us):  26,   1,   1, ---, ---, ---, 
[2026-04-03T03:17:10.715+0600][52.254s][info][gc,stats    ]   CMR: CLDG Roots                   233 us, workers (us): 233, ---, ---, ---, ---, ---, 
[2026-04-03T03:17:10.715+0600][52.254s][info][gc,stats    ] Concurrent Marking               205131 us
[2026-04-03T03:17:10.715+0600][52.254s][info][gc,stats    ] Pause Final Mark (G)               1011 us
[2026-04-03T03:17:10.715+0600][52.254s][info][gc,stats    ] Pause Final Mark (N)                820 us
[2026-04-03T03:17:10.715+0600][52.254s][info][gc,stats    ]   Finish Mark                       309 us
[2026-04-03T03:17:10.715+0600][52.254s][info][gc,stats    ]   Update Region States               55 us
[2026-04-03T03:17:10.715+0600][52.254s][info][gc,stats    ]   Choose Collection Set             305 us
[2026-04-03T03:17:10.715+0600][52.254s][info][gc,stats    ]   Rebuild Free Set                   37 us
[2026-04-03T03:17:10.715+0600][52.254s][info][gc,stats    ] Concurrent Thread Roots             614 us, parallelism: 1.83x
[2026-04-03T03:17:10.715+0600][52.254s][info][gc,stats    ]   CTR: <total>                     1126 us
[2026-04-03T03:17:10.715+0600][52.254s][info][gc,stats    ]   CTR: Thread Roots                1126 us, workers (us): 444, 354, 329, ---, ---, ---, 
[2026-04-03T03:17:10.715+0600][52.254s][info][gc,stats    ] Concurrent Weak References          490 us, parallelism: 0.68x
[2026-04-03T03:17:10.715+0600][52.254s][info][gc,stats    ]   CWRF: <total>                     332 us
[2026-04-03T03:17:10.715+0600][52.254s][info][gc,stats    ]   CWRF: Weak References             332 us, workers (us): 237,  57,  38, ---, ---, ---, 
[2026-04-03T03:17:10.715+0600][52.254s][info][gc,stats    ] Concurrent Weak Roots              1923 us
[2026-04-03T03:17:10.715+0600][52.254s][info][gc,stats    ]   Roots                            1596 us, parallelism: 2.39x
[2026-04-03T03:17:10.715+0600][52.254s][info][gc,stats    ]     CWR: <total>                   3821 us
[2026-04-03T03:17:10.715+0600][52.254s][info][gc,stats    ]     CWR: Code Cache Roots          2563 us, workers (us): 844, 797, 922, ---, ---, ---, 
[2026-04-03T03:17:10.715+0600][52.254s][info][gc,stats    ]     CWR: VM Weak Roots             1152 us, workers (us): 439, 379, 334, ---, ---, ---, 
[2026-04-03T03:17:10.715+0600][52.254s][info][gc,stats    ]     CWR: CLDG Roots                 106 us, workers (us): ---, 106, ---, ---, ---, ---, 
[2026-04-03T03:17:10.715+0600][52.254s][info][gc,stats    ]   Rendezvous                        187 us
[2026-04-03T03:17:10.715+0600][52.254s][info][gc,stats    ] Concurrent Cleanup                  305 us
[2026-04-03T03:17:10.715+0600][52.254s][info][gc,stats    ] Concurrent Class Unloading         6524 us
[2026-04-03T03:17:10.715+0600][52.254s][info][gc,stats    ]   Unlink Stale                     5632 us
[2026-04-03T03:17:10.715+0600][52.254s][info][gc,stats    ]     System Dictionary               156 us
[2026-04-03T03:17:10.715+0600][52.254s][info][gc,stats    ]     Weak Class Links                  0 us
[2026-04-03T03:17:10.715+0600][52.254s][info][gc,stats    ]     Code Roots                     5471 us
[2026-04-03T03:17:10.715+0600][52.254s][info][gc,stats    ]   Rendezvous                        251 us
[2026-04-03T03:17:10.715+0600][52.254s][info][gc,stats    ]   Purge Unlinked                    518 us
[2026-04-03T03:17:10.715+0600][52.254s][info][gc,stats    ]     Code Roots                      508 us
[2026-04-03T03:17:10.715+0600][52.254s][info][gc,stats    ]     CLDG                              9 us
[2026-04-03T03:17:10.715+0600][52.254s][info][gc,stats    ]     Exception Caches                  1 us
[2026-04-03T03:17:10.715+0600][52.254s][info][gc,stats    ] Concurrent Strong Roots           23230 us, parallelism: 0.01x
[2026-04-03T03:17:10.715+0600][52.254s][info][gc,stats    ]   CSR: <total>                      340 us
[2026-04-03T03:17:10.715+0600][52.254s][info][gc,stats    ]   CSR: VM Strong Roots               30 us, workers (us):  19,  11,   0, ---, ---, ---, 
[2026-04-03T03:17:10.715+0600][52.254s][info][gc,stats    ]   CSR: CLDG Roots                   310 us, workers (us): 310, ---, ---, ---, ---, ---, 
[2026-04-03T03:17:10.715+0600][52.254s][info][gc,stats    ] Concurrent Evacuation              7893 us
[2026-04-03T03:17:10.715+0600][52.254s][info][gc,stats    ] Pause Init Update Refs (G)          336 us
[2026-04-03T03:17:10.715+0600][52.254s][info][gc,stats    ] Pause Init Update Refs (N)          131 us
[2026-04-03T03:17:10.715+0600][52.254s][info][gc,stats    ]   Manage GCLABs                      20 us
[2026-04-03T03:17:10.715+0600][52.254s][info][gc,stats    ] Concurrent Update Refs           108739 us
[2026-04-03T03:17:10.715+0600][52.254s][info][gc,stats    ] Concurrent Update Thread Roots     1061 us
[2026-04-03T03:17:10.715+0600][52.254s][info][gc,stats    ] Pause Final Update Refs (G)         491 us
[2026-04-03T03:17:10.715+0600][52.254s][info][gc,stats    ] Pause Final Update Refs (N)         229 us
[2026-04-03T03:17:10.715+0600][52.254s][info][gc,stats    ]   Update Region States               58 us
[2026-04-03T03:17:10.715+0600][52.254s][info][gc,stats    ]   Trash Collection Set               11 us
[2026-04-03T03:17:10.715+0600][52.254s][info][gc,stats    ]   Rebuild Free Set                   34 us
[2026-04-03T03:17:10.716+0600][52.254s][info][gc,stats    ] Concurrent Cleanup                  603 us
[2026-04-03T03:17:10.716+0600][52.254s][info][gc,stats    ] Pacing                           155374 us
[2026-04-03T03:17:10.716+0600][52.254s][info][gc,stats    ] 
[2026-04-03T03:17:10.716+0600][52.254s][info][gc,stats    ] Allocation pacing accrued:
[2026-04-03T03:17:10.716+0600][52.254s][info][gc,stats    ]     144 of   372 ms ( 38.8%): main
[2026-04-03T03:17:10.716+0600][52.254s][info][gc,stats    ]      11 of   372 ms (  3.0%): Spark Context Cleaner
[2026-04-03T03:17:10.716+0600][52.254s][info][gc,stats    ]     155 of   372 ms ( 41.8%): <total>
[2026-04-03T03:17:10.716+0600][52.254s][info][gc,stats    ]       1 of   372 ms (  0.3%): <average total>
[2026-04-03T03:17:10.716+0600][52.254s][info][gc,stats    ]      78 of   372 ms ( 20.9%): <average non-zero>
[2026-04-03T03:17:10.716+0600][52.254s][info][gc,stats    ] 
[2026-04-03T03:17:10.716+0600][52.254s][info][gc,metaspace] Metaspace: 72774K(73664K)->72873K(73792K) NonClass: 63483K(64000K)->63566K(64064K) Class: 9291K(9664K)->9307K(9728K)
[2026-04-03T03:17:10.716+0600][52.254s][info][gc,ergo     ] Pacer for Idle. Initial: 15360K, Alloc Tax Rate: 1.0x
[2026-04-03T03:17:10.770+0600][52.309s][info][gc          ] Trigger: Average GC time (438.76 ms) is above the time for average allocation rate (485 MB/s) to deplete free headroom (212M) (margin of error = 1.95)
[2026-04-03T03:17:10.770+0600][52.309s][info][gc,ergo     ] Free headroom: 249M (free) - 38400K (spike) - 0B (penalties) = 212M
[2026-04-03T03:17:10.770+0600][52.309s][info][gc,ergo     ] Free: 249M, Max: 256K regular, 163M humongous, Frag: 35% external, 0% internal; Reserve: 38400K, Max: 256K
[2026-04-03T03:17:10.770+0600][52.309s][info][gc,start    ] GC(68) Concurrent reset
[2026-04-03T03:17:10.770+0600][52.309s][info][gc,task     ] GC(68) Using 3 of 6 workers for concurrent reset
[2026-04-03T03:17:10.770+0600][52.309s][info][gc,ergo     ] GC(68) Pacer for Reset. Non-Taxable: 750M
[2026-04-03T03:17:10.771+0600][52.310s][info][gc          ] GC(68) Concurrent reset 0.890ms
[2026-04-03T03:17:10.771+0600][52.310s][info][gc,start    ] GC(68) Pause Init Mark (unload classes)
[2026-04-03T03:17:10.771+0600][52.310s][info][gc,task     ] GC(68) Using 6 of 6 workers for init marking
[2026-04-03T03:17:10.771+0600][52.310s][info][gc,ergo     ] GC(68) Pacer for Mark. Expected Live: 204M, Free: 248M, Non-Taxable: 25430K, Alloc Tax Rate: 1.0x
[2026-04-03T03:17:10.771+0600][52.310s][info][gc          ] GC(68) Pause Init Mark (unload classes) 0.107ms
[2026-04-03T03:17:10.772+0600][52.310s][info][gc,start    ] GC(68) Concurrent marking roots
[2026-04-03T03:17:10.772+0600][52.310s][info][gc,task     ] GC(68) Using 3 of 6 workers for concurrent marking roots
[2026-04-03T03:17:10.772+0600][52.311s][info][gc          ] GC(68) Concurrent marking roots 0.864ms
[2026-04-03T03:17:10.772+0600][52.311s][info][gc,start    ] GC(68) Concurrent marking (unload classes)
[2026-04-03T03:17:10.772+0600][52.311s][info][gc,task     ] GC(68) Using 3 of 6 workers for concurrent marking
[2026-04-03T03:17:10.950+0600][52.488s][info][gc          ] GC(68) Concurrent marking (unload classes) 177.480ms
[2026-04-03T03:17:10.950+0600][52.489s][info][gc,start    ] GC(68) Pause Final Mark (unload classes)
[2026-04-03T03:17:10.950+0600][52.489s][info][gc,task     ] GC(68) Using 6 of 6 workers for final marking
[2026-04-03T03:17:10.951+0600][52.489s][info][gc,ergo     ] GC(68) Collectable Garbage: 236M (93%), Immediate: 236M (93%), CSet: 0B (0%)
[2026-04-03T03:17:10.951+0600][52.489s][info][gc          ] GC(68) Pause Final Mark (unload classes) 0.465ms
[2026-04-03T03:17:10.951+0600][52.489s][info][gc,start    ] GC(68) Concurrent weak references
[2026-04-03T03:17:10.951+0600][52.489s][info][gc,task     ] GC(68) Using 3 of 6 workers for concurrent weak references
[2026-04-03T03:17:10.951+0600][52.490s][info][gc,ref      ] GC(68) Encountered references: Soft: 3534, Weak: 6303, Final: 84, Phantom: 599
[2026-04-03T03:17:10.951+0600][52.490s][info][gc,ref      ] GC(68) Discovered  references: Soft: 0, Weak: 3294, Final: 2, Phantom: 596
[2026-04-03T03:17:10.951+0600][52.490s][info][gc,ref      ] GC(68) Enqueued    references: Soft: 0, Weak: 20, Final: 0, Phantom: 0
[2026-04-03T03:17:10.951+0600][52.490s][info][gc          ] GC(68) Concurrent weak references 0.665ms
[2026-04-03T03:17:10.951+0600][52.490s][info][gc,start    ] GC(68) Concurrent weak roots
[2026-04-03T03:17:10.951+0600][52.490s][info][gc,task     ] GC(68) Using 3 of 6 workers for concurrent weak root
[2026-04-03T03:17:10.953+0600][52.492s][info][gc          ] GC(68) Concurrent weak roots 1.959ms
[2026-04-03T03:17:10.953+0600][52.492s][info][gc,start    ] GC(68) Concurrent cleanup
[2026-04-03T03:17:10.954+0600][52.492s][info][gc          ] GC(68) Concurrent cleanup 503M->267M(750M) 0.283ms
[2026-04-03T03:17:10.954+0600][52.492s][info][gc,ergo     ] GC(68) Free: 442M, Max: 256K regular, 135M humongous, Frag: 70% external, 0% internal; Reserve: 38400K, Max: 256K
[2026-04-03T03:17:10.954+0600][52.492s][info][gc,start    ] GC(68) Concurrent class unloading
[2026-04-03T03:17:10.954+0600][52.492s][info][gc,task     ] GC(68) Using 3 of 6 workers for concurrent class unloading
[2026-04-03T03:17:10.959+0600][52.497s][info][gc          ] GC(68) Concurrent class unloading 5.057ms
[2026-04-03T03:17:10.959+0600][52.497s][info][gc,start    ] GC(68) Pause Final Roots
[2026-04-03T03:17:10.959+0600][52.497s][info][gc          ] GC(68) Pause Final Roots 0.036ms
[2026-04-03T03:17:10.959+0600][52.498s][info][gc,ergo     ] Free: 440M, Max: 256K regular, 135M humongous, Frag: 70% external, 0% internal; Reserve: 38400K, Max: 256K
[2026-04-03T03:17:10.959+0600][52.498s][info][gc,stats    ] 
[2026-04-03T03:17:10.959+0600][52.498s][info][gc,stats    ] All times are wall-clock times, except per-root-class counters, that are sum over
[2026-04-03T03:17:10.959+0600][52.498s][info][gc,stats    ] all workers. Dividing the <total> over the root stage time estimates parallelism.
[2026-04-03T03:17:10.959+0600][52.498s][info][gc,stats    ] 
[2026-04-03T03:17:10.959+0600][52.498s][info][gc,stats    ] Concurrent Reset                    935 us
[2026-04-03T03:17:10.959+0600][52.498s][info][gc,stats    ] Pause Init Mark (G)                 303 us
[2026-04-03T03:17:10.959+0600][52.498s][info][gc,stats    ] Pause Init Mark (N)                 117 us
[2026-04-03T03:17:10.959+0600][52.498s][info][gc,stats    ]   Update Region States               25 us
[2026-04-03T03:17:10.959+0600][52.498s][info][gc,stats    ] Concurrent Mark Roots               901 us, parallelism: 1.82x
[2026-04-03T03:17:10.959+0600][52.498s][info][gc,stats    ]   CMR: <total>                     1635 us
[2026-04-03T03:17:10.959+0600][52.498s][info][gc,stats    ]   CMR: Thread Roots                1355 us, workers (us): 286, 535, 534, ---, ---, ---, 
[2026-04-03T03:17:10.959+0600][52.498s][info][gc,stats    ]   CMR: VM Strong Roots               27 us, workers (us):  26,   1,   0, ---, ---, ---, 
[2026-04-03T03:17:10.959+0600][52.498s][info][gc,stats    ]   CMR: CLDG Roots                   252 us, workers (us): 252, ---, ---, ---, ---, ---, 
[2026-04-03T03:17:10.959+0600][52.498s][info][gc,stats    ] Concurrent Marking               177551 us
[2026-04-03T03:17:10.959+0600][52.498s][info][gc,stats    ] Pause Final Mark (G)                681 us
[2026-04-03T03:17:10.959+0600][52.498s][info][gc,stats    ] Pause Final Mark (N)                482 us
[2026-04-03T03:17:10.959+0600][52.498s][info][gc,stats    ]   Finish Mark                       245 us
[2026-04-03T03:17:10.959+0600][52.498s][info][gc,stats    ]   Update Region States               47 us
[2026-04-03T03:17:10.959+0600][52.498s][info][gc,stats    ]   Choose Collection Set              75 us
[2026-04-03T03:17:10.959+0600][52.498s][info][gc,stats    ]   Rebuild Free Set                   31 us
[2026-04-03T03:17:10.959+0600][52.498s][info][gc,stats    ] Concurrent Weak References          678 us, parallelism: 0.67x
[2026-04-03T03:17:10.959+0600][52.498s][info][gc,stats    ]   CWRF: <total>                     453 us
[2026-04-03T03:17:10.959+0600][52.498s][info][gc,stats    ]   CWRF: Weak References             453 us, workers (us): 401,  52,   0, ---, ---, ---, 
[2026-04-03T03:17:10.959+0600][52.498s][info][gc,stats    ] Concurrent Weak Roots              2015 us
[2026-04-03T03:17:10.959+0600][52.498s][info][gc,stats    ]   Roots                            1714 us, parallelism: 2.22x
[2026-04-03T03:17:10.959+0600][52.498s][info][gc,stats    ]     CWR: <total>                   3814 us
[2026-04-03T03:17:10.960+0600][52.498s][info][gc,stats    ]     CWR: Code Cache Roots          2769 us, workers (us): 1044, 892, 834, ---, ---, ---, 
[2026-04-03T03:17:10.960+0600][52.498s][info][gc,stats    ]     CWR: VM Weak Roots              952 us, workers (us): 360, 309, 283, ---, ---, ---, 
[2026-04-03T03:17:10.960+0600][52.498s][info][gc,stats    ]     CWR: CLDG Roots                  92 us, workers (us): ---, ---,  92, ---, ---, ---, 
[2026-04-03T03:17:10.960+0600][52.498s][info][gc,stats    ]   Rendezvous                        219 us
[2026-04-03T03:17:10.960+0600][52.498s][info][gc,stats    ] Concurrent Cleanup                  304 us
[2026-04-03T03:17:10.960+0600][52.498s][info][gc,stats    ] Concurrent Class Unloading         5131 us
[2026-04-03T03:17:10.960+0600][52.498s][info][gc,stats    ]   Unlink Stale                     4390 us
[2026-04-03T03:17:10.960+0600][52.498s][info][gc,stats    ]     System Dictionary                94 us
[2026-04-03T03:17:10.960+0600][52.498s][info][gc,stats    ]     Weak Class Links                  0 us
[2026-04-03T03:17:10.960+0600][52.498s][info][gc,stats    ]     Code Roots                     4292 us
[2026-04-03T03:17:10.960+0600][52.498s][info][gc,stats    ]   Rendezvous                        235 us
[2026-04-03T03:17:10.960+0600][52.498s][info][gc,stats    ]   Purge Unlinked                    401 us
[2026-04-03T03:17:10.960+0600][52.498s][info][gc,stats    ]     Code Roots                      393 us
[2026-04-03T03:17:10.960+0600][52.498s][info][gc,stats    ]     CLDG                              8 us
[2026-04-03T03:17:10.960+0600][52.498s][info][gc,stats    ]     Exception Caches                  0 us
[2026-04-03T03:17:10.960+0600][52.498s][info][gc,stats    ] Pause Final Roots (G)               236 us
[2026-04-03T03:17:10.960+0600][52.498s][info][gc,stats    ] Pause Final Roots (N)                57 us
[2026-04-03T03:17:10.960+0600][52.498s][info][gc,stats    ] Pacing                           121232 us
[2026-04-03T03:17:10.960+0600][52.498s][info][gc,stats    ] 
[2026-04-03T03:17:10.960+0600][52.498s][info][gc,stats    ] Allocation pacing accrued:
[2026-04-03T03:17:10.960+0600][52.498s][info][gc,stats    ]     121 of   244 ms ( 49.7%): main
[2026-04-03T03:17:10.960+0600][52.498s][info][gc,stats    ]     121 of   244 ms ( 49.7%): <total>
[2026-04-03T03:17:10.960+0600][52.498s][info][gc,stats    ]       1 of   244 ms (  0.4%): <average total>
[2026-04-03T03:17:10.960+0600][52.498s][info][gc,stats    ]     121 of   244 ms ( 49.7%): <average non-zero>
[2026-04-03T03:17:10.960+0600][52.498s][info][gc,stats    ] 
[2026-04-03T03:17:10.960+0600][52.498s][info][gc,metaspace] Metaspace: 72873K(73792K)->72877K(73792K) NonClass: 63566K(64064K)->63568K(64064K) Class: 9307K(9728K)->9308K(9728K)
[2026-04-03T03:17:10.960+0600][52.498s][info][gc,ergo     ] Pacer for Idle. Initial: 15360K, Alloc Tax Rate: 1.0x
[2026-04-03T03:17:11.061+0600][52.600s][info][gc          ] Trigger: Average GC time (456.85 ms) is above the time for average allocation rate (774 MB/s) to deplete free headroom (284M) (margin of error = 1.94)
[2026-04-03T03:17:11.061+0600][52.600s][info][gc,ergo     ] Free headroom: 321M (free) - 38400K (spike) - 0B (penalties) = 284M
[2026-04-03T03:17:11.061+0600][52.600s][info][gc,ergo     ] Free: 321M, Max: 256K regular, 135M humongous, Frag: 58% external, 0% internal; Reserve: 38400K, Max: 256K
[2026-04-03T03:17:11.061+0600][52.600s][info][gc,start    ] GC(69) Concurrent reset
[2026-04-03T03:17:11.061+0600][52.600s][info][gc,task     ] GC(69) Using 3 of 6 workers for concurrent reset
[2026-04-03T03:17:11.061+0600][52.600s][info][gc,ergo     ] GC(69) Pacer for Reset. Non-Taxable: 750M
[2026-04-03T03:17:11.062+0600][52.601s][info][gc          ] GC(69) Concurrent reset 0.833ms
[2026-04-03T03:17:11.062+0600][52.601s][info][gc,start    ] GC(69) Pause Init Mark (unload classes)
[2026-04-03T03:17:11.062+0600][52.601s][info][gc,task     ] GC(69) Using 6 of 6 workers for init marking
[2026-04-03T03:17:11.063+0600][52.601s][info][gc,ergo     ] GC(69) Pacer for Mark. Expected Live: 209M, Free: 319M, Non-Taxable: 32670K, Alloc Tax Rate: 0.8x
[2026-04-03T03:17:11.063+0600][52.601s][info][gc          ] GC(69) Pause Init Mark (unload classes) 0.083ms
[2026-04-03T03:17:11.063+0600][52.601s][info][gc,start    ] GC(69) Concurrent marking roots
[2026-04-03T03:17:11.063+0600][52.601s][info][gc,task     ] GC(69) Using 3 of 6 workers for concurrent marking roots
[2026-04-03T03:17:11.063+0600][52.602s][info][gc          ] GC(69) Concurrent marking roots 0.741ms
[2026-04-03T03:17:11.063+0600][52.602s][info][gc,start    ] GC(69) Concurrent marking (unload classes)
[2026-04-03T03:17:11.063+0600][52.602s][info][gc,task     ] GC(69) Using 3 of 6 workers for concurrent marking
[2026-04-03T03:17:11.243+0600][52.781s][info][gc          ] GC(69) Concurrent marking (unload classes) 179.426ms
[2026-04-03T03:17:11.243+0600][52.781s][info][gc,start    ] GC(69) Pause Final Mark (unload classes)
[2026-04-03T03:17:11.243+0600][52.781s][info][gc,task     ] GC(69) Using 6 of 6 workers for final marking
[2026-04-03T03:17:11.244+0600][52.782s][info][gc,ergo     ] GC(69) Adaptive CSet Selection. Target Free: 106M, Actual Free: 451M, Max CSet: 32000K, Min Garbage: 0B
[2026-04-03T03:17:11.244+0600][52.782s][info][gc,ergo     ] GC(69) Collectable Garbage: 139M (96%), Immediate: 126M (87%), CSet: 13299K (8%)
[2026-04-03T03:17:11.244+0600][52.782s][info][gc,ergo     ] GC(69) Pacer for Evacuation. Used CSet: 14078K, Free: 414M, Non-Taxable: 42445K, Alloc Tax Rate: 1.1x
[2026-04-03T03:17:11.244+0600][52.782s][info][gc          ] GC(69) Pause Final Mark (unload classes) 1.082ms
[2026-04-03T03:17:11.244+0600][52.783s][info][gc,start    ] GC(69) Concurrent thread roots
[2026-04-03T03:17:11.244+0600][52.783s][info][gc,task     ] GC(69) Using 3 of 6 workers for Concurrent thread roots
[2026-04-03T03:17:11.245+0600][52.783s][info][gc          ] GC(69) Concurrent thread roots 0.672ms
[2026-04-03T03:17:11.245+0600][52.783s][info][gc,start    ] GC(69) Concurrent weak references
[2026-04-03T03:17:11.245+0600][52.783s][info][gc,task     ] GC(69) Using 3 of 6 workers for concurrent weak references
[2026-04-03T03:17:11.246+0600][52.784s][info][gc,ref      ] GC(69) Encountered references: Soft: 3535, Weak: 6307, Final: 84, Phantom: 599
[2026-04-03T03:17:11.246+0600][52.784s][info][gc,ref      ] GC(69) Discovered  references: Soft: 0, Weak: 3322, Final: 68, Phantom: 277
[2026-04-03T03:17:11.246+0600][52.784s][info][gc,ref      ] GC(69) Enqueued    references: Soft: 0, Weak: 11, Final: 0, Phantom: 0
[2026-04-03T03:17:11.246+0600][52.784s][info][gc          ] GC(69) Concurrent weak references 0.764ms
[2026-04-03T03:17:11.246+0600][52.784s][info][gc,start    ] GC(69) Concurrent weak roots
[2026-04-03T03:17:11.246+0600][52.784s][info][gc,task     ] GC(69) Using 3 of 6 workers for concurrent weak root
[2026-04-03T03:17:11.248+0600][52.786s][info][gc          ] GC(69) Concurrent weak roots 2.352ms
[2026-04-03T03:17:11.248+0600][52.786s][info][gc,start    ] GC(69) Concurrent cleanup
[2026-04-03T03:17:11.248+0600][52.787s][info][gc          ] GC(69) Concurrent cleanup 422M->295M(750M) 0.219ms
[2026-04-03T03:17:11.248+0600][52.787s][info][gc,ergo     ] GC(69) Free: 414M, Max: 256K regular, 135M humongous, Frag: 68% external, 0% internal; Reserve: 38365K, Max: 256K
[2026-04-03T03:17:11.248+0600][52.787s][info][gc,start    ] GC(69) Concurrent class unloading
[2026-04-03T03:17:11.248+0600][52.787s][info][gc,task     ] GC(69) Using 3 of 6 workers for concurrent class unloading
[2026-04-03T03:17:11.253+0600][52.792s][info][gc          ] GC(69) Concurrent class unloading 5.044ms
[2026-04-03T03:17:11.253+0600][52.792s][info][gc,start    ] GC(69) Concurrent strong roots
[2026-04-03T03:17:11.253+0600][52.792s][info][gc,task     ] GC(69) Using 3 of 6 workers for concurrent strong root
[2026-04-03T03:17:11.254+0600][52.792s][info][gc          ] GC(69) Concurrent strong roots 0.618ms
[2026-04-03T03:17:11.254+0600][52.792s][info][gc,start    ] GC(69) Concurrent evacuation
[2026-04-03T03:17:11.254+0600][52.792s][info][gc,task     ] GC(69) Using 3 of 6 workers for concurrent evacuation
[2026-04-03T03:17:11.255+0600][52.793s][info][gc          ] GC(69) Concurrent evacuation 0.767ms
[2026-04-03T03:17:11.255+0600][52.793s][info][gc,start    ] GC(69) Pause Init Update Refs
[2026-04-03T03:17:11.255+0600][52.793s][info][gc,ergo     ] GC(69) Pacer for Update Refs. Used: 296M, Free: 414M, Non-Taxable: 42445K, Alloc Tax Rate: 1.1x
[2026-04-03T03:17:11.255+0600][52.793s][info][gc          ] GC(69) Pause Init Update Refs 0.088ms
[2026-04-03T03:17:11.255+0600][52.794s][info][gc,start    ] GC(69) Concurrent update references
[2026-04-03T03:17:11.255+0600][52.794s][info][gc,task     ] GC(69) Using 3 of 6 workers for concurrent reference update
[2026-04-03T03:17:11.348+0600][52.886s][info][gc          ] GC(69) Concurrent update references 92.411ms
[2026-04-03T03:17:11.348+0600][52.886s][info][gc,start    ] GC(69) Concurrent update thread roots
[2026-04-03T03:17:11.348+0600][52.887s][info][gc          ] GC(69) Concurrent update thread roots 0.623ms
[2026-04-03T03:17:11.348+0600][52.887s][info][gc,start    ] GC(69) Pause Final Update Refs
[2026-04-03T03:17:11.348+0600][52.887s][info][gc,task     ] GC(69) Using 6 of 6 workers for final reference update
[2026-04-03T03:17:11.349+0600][52.887s][info][gc          ] GC(69) Pause Final Update Refs 0.125ms
[2026-04-03T03:17:11.349+0600][52.887s][info][gc,start    ] GC(69) Concurrent cleanup
[2026-04-03T03:17:11.349+0600][52.887s][info][gc          ] GC(69) Concurrent cleanup 296M->283M(750M) 0.339ms
[2026-04-03T03:17:11.349+0600][52.887s][info][gc,ergo     ] Free: 427M, Max: 256K regular, 135M humongous, Frag: 69% external, 0% internal; Reserve: 38400K, Max: 256K
[2026-04-03T03:17:11.349+0600][52.887s][info][gc,stats    ] 
[2026-04-03T03:17:11.349+0600][52.887s][info][gc,stats    ] All times are wall-clock times, except per-root-class counters, that are sum over
[2026-04-03T03:17:11.349+0600][52.887s][info][gc,stats    ] all workers. Dividing the <total> over the root stage time estimates parallelism.
[2026-04-03T03:17:11.349+0600][52.888s][info][gc,stats    ] 
[2026-04-03T03:17:11.349+0600][52.888s][info][gc,stats    ] Concurrent Reset                    882 us
[2026-04-03T03:17:11.349+0600][52.888s][info][gc,stats    ] Pause Init Mark (G)                 317 us
[2026-04-03T03:17:11.349+0600][52.888s][info][gc,stats    ] Pause Init Mark (N)                  91 us
[2026-04-03T03:17:11.349+0600][52.888s][info][gc,stats    ]   Update Region States               20 us
[2026-04-03T03:17:11.349+0600][52.888s][info][gc,stats    ] Concurrent Mark Roots               764 us, parallelism: 1.27x
[2026-04-03T03:17:11.349+0600][52.888s][info][gc,stats    ]   CMR: <total>                      969 us
[2026-04-03T03:17:11.349+0600][52.888s][info][gc,stats    ]   CMR: Thread Roots                 739 us, workers (us): 132, 323, 284, ---, ---, ---, 
[2026-04-03T03:17:11.349+0600][52.888s][info][gc,stats    ]   CMR: VM Strong Roots               23 us, workers (us):  22,   1,   1, ---, ---, ---, 
[2026-04-03T03:17:11.349+0600][52.888s][info][gc,stats    ]   CMR: CLDG Roots                   207 us, workers (us): 207, ---, ---, ---, ---, ---, 
[2026-04-03T03:17:11.349+0600][52.888s][info][gc,stats    ] Concurrent Marking               179519 us
[2026-04-03T03:17:11.349+0600][52.888s][info][gc,stats    ] Pause Final Mark (G)               1271 us
[2026-04-03T03:17:11.349+0600][52.888s][info][gc,stats    ] Pause Final Mark (N)               1097 us
[2026-04-03T03:17:11.349+0600][52.888s][info][gc,stats    ]   Finish Mark                       399 us
[2026-04-03T03:17:11.349+0600][52.888s][info][gc,stats    ]   Update Region States               48 us
[2026-04-03T03:17:11.349+0600][52.888s][info][gc,stats    ]   Choose Collection Set             281 us
[2026-04-03T03:17:11.349+0600][52.888s][info][gc,stats    ]   Rebuild Free Set                  182 us
[2026-04-03T03:17:11.349+0600][52.888s][info][gc,stats    ] Concurrent Thread Roots             705 us, parallelism: 1.84x
[2026-04-03T03:17:11.349+0600][52.888s][info][gc,stats    ]   CTR: <total>                     1295 us
[2026-04-03T03:17:11.349+0600][52.888s][info][gc,stats    ]   CTR: Thread Roots                1295 us, workers (us): 465, 414, 416, ---, ---, ---, 
[2026-04-03T03:17:11.349+0600][52.888s][info][gc,stats    ] Concurrent Weak References          777 us, parallelism: 0.76x
[2026-04-03T03:17:11.349+0600][52.888s][info][gc,stats    ]   CWRF: <total>                     591 us
[2026-04-03T03:17:11.349+0600][52.888s][info][gc,stats    ]   CWRF: Weak References             591 us, workers (us): 573,  17,   0, ---, ---, ---, 
[2026-04-03T03:17:11.349+0600][52.888s][info][gc,stats    ] Concurrent Weak Roots              2407 us
[2026-04-03T03:17:11.349+0600][52.888s][info][gc,stats    ]   Roots                            2079 us, parallelism: 2.26x
[2026-04-03T03:17:11.349+0600][52.888s][info][gc,stats    ]     CWR: <total>                   4691 us
[2026-04-03T03:17:11.349+0600][52.888s][info][gc,stats    ]     CWR: Code Cache Roots          3027 us, workers (us): 1072, 870, 1085, ---, ---, ---, 
[2026-04-03T03:17:11.349+0600][52.888s][info][gc,stats    ]     CWR: VM Weak Roots             1502 us, workers (us): 502, 495, 506, ---, ---, ---, 
[2026-04-03T03:17:11.349+0600][52.888s][info][gc,stats    ]     CWR: CLDG Roots                 162 us, workers (us): ---, 162, ---, ---, ---, ---, 
[2026-04-03T03:17:11.349+0600][52.888s][info][gc,stats    ]   Rendezvous                        245 us
[2026-04-03T03:17:11.349+0600][52.888s][info][gc,stats    ] Concurrent Cleanup                  234 us
[2026-04-03T03:17:11.349+0600][52.888s][info][gc,stats    ] Concurrent Class Unloading         5106 us
[2026-04-03T03:17:11.349+0600][52.888s][info][gc,stats    ]   Unlink Stale                     4116 us
[2026-04-03T03:17:11.349+0600][52.888s][info][gc,stats    ]     System Dictionary                79 us
[2026-04-03T03:17:11.349+0600][52.888s][info][gc,stats    ]     Weak Class Links                  0 us
[2026-04-03T03:17:11.349+0600][52.888s][info][gc,stats    ]     Code Roots                     4034 us
[2026-04-03T03:17:11.349+0600][52.888s][info][gc,stats    ]   Rendezvous                        243 us
[2026-04-03T03:17:11.349+0600][52.888s][info][gc,stats    ]   Purge Unlinked                    656 us
[2026-04-03T03:17:11.349+0600][52.888s][info][gc,stats    ]     Code Roots                      647 us
[2026-04-03T03:17:11.349+0600][52.888s][info][gc,stats    ]     CLDG                              8 us
[2026-04-03T03:17:11.349+0600][52.888s][info][gc,stats    ]     Exception Caches                  0 us
[2026-04-03T03:17:11.349+0600][52.888s][info][gc,stats    ] Concurrent Strong Roots             639 us, parallelism: 0.53x
[2026-04-03T03:17:11.349+0600][52.888s][info][gc,stats    ]   CSR: <total>                      342 us
[2026-04-03T03:17:11.349+0600][52.888s][info][gc,stats    ]   CSR: VM Strong Roots               30 us, workers (us):  15,  14,   1, ---, ---, ---, 
[2026-04-03T03:17:11.349+0600][52.888s][info][gc,stats    ]   CSR: CLDG Roots                   312 us, workers (us): ---, 312, ---, ---, ---, ---, 
[2026-04-03T03:17:11.349+0600][52.888s][info][gc,stats    ] Concurrent Evacuation               786 us
[2026-04-03T03:17:11.349+0600][52.888s][info][gc,stats    ] Pause Init Update Refs (G)          273 us
[2026-04-03T03:17:11.349+0600][52.888s][info][gc,stats    ] Pause Init Update Refs (N)           97 us
[2026-04-03T03:17:11.349+0600][52.888s][info][gc,stats    ]   Manage GCLABs                      19 us
[2026-04-03T03:17:11.349+0600][52.888s][info][gc,stats    ] Concurrent Update Refs            92470 us
[2026-04-03T03:17:11.349+0600][52.888s][info][gc,stats    ] Concurrent Update Thread Roots      682 us
[2026-04-03T03:17:11.349+0600][52.888s][info][gc,stats    ] Pause Final Update Refs (G)         353 us
[2026-04-03T03:17:11.349+0600][52.888s][info][gc,stats    ] Pause Final Update Refs (N)         144 us
[2026-04-03T03:17:11.349+0600][52.888s][info][gc,stats    ]   Update Region States               32 us
[2026-04-03T03:17:11.349+0600][52.888s][info][gc,stats    ]   Trash Collection Set                6 us
[2026-04-03T03:17:11.349+0600][52.888s][info][gc,stats    ]   Rebuild Free Set                   31 us
[2026-04-03T03:17:11.349+0600][52.888s][info][gc,stats    ] Concurrent Cleanup                  379 us
[2026-04-03T03:17:11.349+0600][52.888s][info][gc,stats    ] 
[2026-04-03T03:17:11.349+0600][52.888s][info][gc,stats    ] Allocation pacing accrued:
[2026-04-03T03:17:11.349+0600][52.888s][info][gc,stats    ]       0 of   390 ms (  0.0%): <total>
[2026-04-03T03:17:11.349+0600][52.888s][info][gc,stats    ]       0 of   390 ms (  0.0%): <average total>
[2026-04-03T03:17:11.349+0600][52.888s][info][gc,stats    ] 
[2026-04-03T03:17:11.349+0600][52.888s][info][gc,metaspace] Metaspace: 72993K(73856K)->72996K(73920K) NonClass: 63669K(64128K)->63670K(64192K) Class: 9324K(9728K)->9325K(9728K)
[2026-04-03T03:17:11.349+0600][52.888s][info][gc,ergo     ] Pacer for Idle. Initial: 15360K, Alloc Tax Rate: 1.0x
[2026-04-03T03:17:11.351+0600][52.889s][info][gc          ] Trigger: Explicit GC request (System.gc())
[2026-04-03T03:17:11.351+0600][52.889s][info][gc,ergo     ] Free: 427M, Max: 256K regular, 135M humongous, Frag: 69% external, 0% internal; Reserve: 38400K, Max: 256K
[2026-04-03T03:17:11.351+0600][52.889s][info][gc,start    ] GC(70) Concurrent reset
[2026-04-03T03:17:11.351+0600][52.889s][info][gc,task     ] GC(70) Using 3 of 6 workers for concurrent reset
[2026-04-03T03:17:11.351+0600][52.889s][info][gc,ergo     ] GC(70) Pacer for Reset. Non-Taxable: 750M
[2026-04-03T03:17:11.352+0600][52.890s][info][gc          ] GC(70) Concurrent reset 1.104ms
[2026-04-03T03:17:11.352+0600][52.890s][info][gc,start    ] GC(70) Pause Init Mark (unload classes)
[2026-04-03T03:17:11.352+0600][52.890s][info][gc,task     ] GC(70) Using 6 of 6 workers for init marking
[2026-04-03T03:17:11.352+0600][52.891s][info][gc,ref      ] GC(70) Clearing All SoftReferences
[2026-04-03T03:17:11.352+0600][52.891s][info][gc,ergo     ] GC(70) Pacer for Mark. Expected Live: 217M, Free: 427M, Non-Taxable: 43751K, Alloc Tax Rate: 0.6x
[2026-04-03T03:17:11.352+0600][52.891s][info][gc          ] GC(70) Pause Init Mark (unload classes) 0.103ms
[2026-04-03T03:17:11.352+0600][52.891s][info][gc,start    ] GC(70) Concurrent marking roots
[2026-04-03T03:17:11.352+0600][52.891s][info][gc,task     ] GC(70) Using 3 of 6 workers for concurrent marking roots
[2026-04-03T03:17:11.353+0600][52.891s][info][gc          ] GC(70) Concurrent marking roots 0.753ms
[2026-04-03T03:17:11.353+0600][52.891s][info][gc,start    ] GC(70) Concurrent marking (unload classes)
[2026-04-03T03:17:11.353+0600][52.891s][info][gc,task     ] GC(70) Using 3 of 6 workers for concurrent marking
[2026-04-03T03:17:11.485+0600][53.023s][info][gc          ] GC(70) Concurrent marking (unload classes) 131.751ms
[2026-04-03T03:17:11.485+0600][53.023s][info][gc,start    ] GC(70) Pause Final Mark (unload classes)
[2026-04-03T03:17:11.485+0600][53.023s][info][gc,task     ] GC(70) Using 6 of 6 workers for final marking
[2026-04-03T03:17:11.486+0600][53.024s][info][gc,ergo     ] GC(70) Collectable Garbage: 126M (91%), Immediate: 126M (91%), CSet: 0B (0%)
[2026-04-03T03:17:11.486+0600][53.024s][info][gc          ] GC(70) Pause Final Mark (unload classes) 0.688ms
[2026-04-03T03:17:11.486+0600][53.024s][info][gc,start    ] GC(70) Concurrent weak references
[2026-04-03T03:17:11.486+0600][53.024s][info][gc,task     ] GC(70) Using 3 of 6 workers for concurrent weak references
[2026-04-03T03:17:11.486+0600][53.025s][info][gc,ref      ] GC(70) Encountered references: Soft: 3379, Weak: 6186, Final: 84, Phantom: 599
[2026-04-03T03:17:11.486+0600][53.025s][info][gc,ref      ] GC(70) Discovered  references: Soft: 3136, Weak: 588, Final: 0, Phantom: 596
[2026-04-03T03:17:11.487+0600][53.025s][info][gc,ref      ] GC(70) Enqueued    references: Soft: 622, Weak: 73, Final: 0, Phantom: 0
[2026-04-03T03:17:11.487+0600][53.025s][info][gc          ] GC(70) Concurrent weak references 0.697ms
[2026-04-03T03:17:11.487+0600][53.025s][info][gc,start    ] GC(70) Concurrent weak roots
[2026-04-03T03:17:11.487+0600][53.025s][info][gc,task     ] GC(70) Using 3 of 6 workers for concurrent weak root
[2026-04-03T03:17:11.489+0600][53.027s][info][gc          ] GC(70) Concurrent weak roots 2.431ms
[2026-04-03T03:17:11.489+0600][53.027s][info][gc,start    ] GC(70) Concurrent cleanup
[2026-04-03T03:17:11.489+0600][53.028s][info][gc          ] GC(70) Concurrent cleanup 283M->156M(750M) 0.256ms
[2026-04-03T03:17:11.489+0600][53.028s][info][gc,ergo     ] GC(70) Free: 553M, Max: 256K regular, 172M humongous, Frag: 69% external, 0% internal; Reserve: 38400K, Max: 256K
[2026-04-03T03:17:11.489+0600][53.028s][info][gc,start    ] GC(70) Concurrent class unloading
[2026-04-03T03:17:11.489+0600][53.028s][info][gc,task     ] GC(70) Using 3 of 6 workers for concurrent class unloading
[2026-04-03T03:17:11.509+0600][53.048s][info][gc          ] GC(70) Concurrent class unloading 19.807ms
[2026-04-03T03:17:11.509+0600][53.048s][info][gc,start    ] GC(70) Pause Final Roots
[2026-04-03T03:17:11.510+0600][53.048s][info][gc          ] GC(70) Pause Final Roots 0.060ms
[2026-04-03T03:17:11.510+0600][53.048s][info][gc,ergo     ] Free: 551M, Max: 256K regular, 172M humongous, Frag: 69% external, 0% internal; Reserve: 38400K, Max: 256K
[2026-04-03T03:17:11.510+0600][53.048s][info][gc,stats    ] 
[2026-04-03T03:17:11.510+0600][53.048s][info][gc,stats    ] All times are wall-clock times, except per-root-class counters, that are sum over
[2026-04-03T03:17:11.510+0600][53.048s][info][gc,stats    ] all workers. Dividing the <total> over the root stage time estimates parallelism.
[2026-04-03T03:17:11.510+0600][53.048s][info][gc,stats    ] 
[2026-04-03T03:17:11.510+0600][53.048s][info][gc,stats    ] Concurrent Reset                   1146 us
[2026-04-03T03:17:11.510+0600][53.048s][info][gc,stats    ] Pause Init Mark (G)                 359 us
[2026-04-03T03:17:11.510+0600][53.048s][info][gc,stats    ] Pause Init Mark (N)                 110 us
[2026-04-03T03:17:11.510+0600][53.048s][info][gc,stats    ]   Update Region States               26 us
[2026-04-03T03:17:11.510+0600][53.048s][info][gc,stats    ] Concurrent Mark Roots               790 us, parallelism: 1.21x
[2026-04-03T03:17:11.510+0600][53.048s][info][gc,stats    ]   CMR: <total>                      959 us
[2026-04-03T03:17:11.510+0600][53.048s][info][gc,stats    ]   CMR: Thread Roots                 759 us, workers (us): 140, 317, 302, ---, ---, ---, 
[2026-04-03T03:17:11.510+0600][53.048s][info][gc,stats    ]   CMR: VM Strong Roots               23 us, workers (us):  12,  10,   0, ---, ---, ---, 
[2026-04-03T03:17:11.510+0600][53.048s][info][gc,stats    ]   CMR: CLDG Roots                   178 us, workers (us): 178, ---, ---, ---, ---, ---, 
[2026-04-03T03:17:11.510+0600][53.048s][info][gc,stats    ] Concurrent Marking               131830 us
[2026-04-03T03:17:11.510+0600][53.048s][info][gc,stats    ] Pause Final Mark (G)                948 us
[2026-04-03T03:17:11.510+0600][53.048s][info][gc,stats    ] Pause Final Mark (N)                709 us
[2026-04-03T03:17:11.510+0600][53.048s][info][gc,stats    ]   Finish Mark                       361 us
[2026-04-03T03:17:11.510+0600][53.048s][info][gc,stats    ]   Update Region States               43 us
[2026-04-03T03:17:11.510+0600][53.048s][info][gc,stats    ]   Choose Collection Set             115 us
[2026-04-03T03:17:11.510+0600][53.048s][info][gc,stats    ]   Rebuild Free Set                   70 us
[2026-04-03T03:17:11.510+0600][53.048s][info][gc,stats    ] Concurrent Weak References          710 us, parallelism: 1.00x
[2026-04-03T03:17:11.510+0600][53.048s][info][gc,stats    ]   CWRF: <total>                     711 us
[2026-04-03T03:17:11.510+0600][53.048s][info][gc,stats    ]   CWRF: Weak References             711 us, workers (us): 248, 393,  70, ---, ---, ---, 
[2026-04-03T03:17:11.510+0600][53.048s][info][gc,stats    ] Concurrent Weak Roots              2506 us
[2026-04-03T03:17:11.510+0600][53.048s][info][gc,stats    ]   Roots                            1959 us, parallelism: 2.40x
[2026-04-03T03:17:11.510+0600][53.048s][info][gc,stats    ]     CWR: <total>                   4708 us
[2026-04-03T03:17:11.510+0600][53.048s][info][gc,stats    ]     CWR: Code Cache Roots          3521 us, workers (us): 1172, 1172, 1177, ---, ---, ---, 
[2026-04-03T03:17:11.510+0600][53.048s][info][gc,stats    ]     CWR: VM Weak Roots             1154 us, workers (us): 420, 394, 340, ---, ---, ---, 
[2026-04-03T03:17:11.510+0600][53.048s][info][gc,stats    ]     CWR: CLDG Roots                  33 us, workers (us): ---,  33, ---, ---, ---, ---, 
[2026-04-03T03:17:11.510+0600][53.048s][info][gc,stats    ]   Rendezvous                        447 us
[2026-04-03T03:17:11.510+0600][53.048s][info][gc,stats    ] Concurrent Cleanup                  288 us
[2026-04-03T03:17:11.510+0600][53.048s][info][gc,stats    ] Concurrent Class Unloading        19888 us
[2026-04-03T03:17:11.510+0600][53.048s][info][gc,stats    ]   Unlink Stale                    18488 us
[2026-04-03T03:17:11.510+0600][53.048s][info][gc,stats    ]     System Dictionary               593 us
[2026-04-03T03:17:11.510+0600][53.048s][info][gc,stats    ]     Weak Class Links              12221 us
[2026-04-03T03:17:11.510+0600][53.048s][info][gc,stats    ]     Code Roots                     5669 us
[2026-04-03T03:17:11.510+0600][53.048s][info][gc,stats    ]   Rendezvous                        367 us
[2026-04-03T03:17:11.510+0600][53.048s][info][gc,stats    ]   Purge Unlinked                    919 us
[2026-04-03T03:17:11.510+0600][53.048s][info][gc,stats    ]     Code Roots                      335 us
[2026-04-03T03:17:11.510+0600][53.048s][info][gc,stats    ]     CLDG                            582 us
[2026-04-03T03:17:11.510+0600][53.048s][info][gc,stats    ]     Exception Caches                  0 us
[2026-04-03T03:17:11.510+0600][53.048s][info][gc,stats    ] Pause Final Roots (G)               303 us
[2026-04-03T03:17:11.510+0600][53.048s][info][gc,stats    ] Pause Final Roots (N)                74 us
[2026-04-03T03:17:11.510+0600][53.048s][info][gc,stats    ] 
[2026-04-03T03:17:11.510+0600][53.048s][info][gc,stats    ] Allocation pacing accrued:
[2026-04-03T03:17:11.510+0600][53.048s][info][gc,stats    ]       0 of   161 ms (  0.0%): <total>
[2026-04-03T03:17:11.510+0600][53.048s][info][gc,stats    ]       0 of   161 ms (  0.0%): <average total>
[2026-04-03T03:17:11.510+0600][53.048s][info][gc,stats    ] 
[2026-04-03T03:17:11.510+0600][53.048s][info][gc,metaspace] Metaspace: 72996K(73920K)->72479K(73920K) NonClass: 63670K(64192K)->63244K(64192K) Class: 9325K(9728K)->9235K(9728K)
[2026-04-03T03:17:11.510+0600][53.049s][info][gc,ergo     ] Pacer for Idle. Initial: 15360K, Alloc Tax Rate: 1.0x
[2026-04-03T03:17:11.510+0600][53.049s][info][gc,start    ] Concurrent uncommit
[2026-04-03T03:17:11.620+0600][53.159s][info][gc          ] Concurrent uncommit 159M->172M(176M) 110.231ms
[2026-04-03T03:17:11.750+0600][53.288s][info][gc          ] Trigger: Learning 2 of 5. Free (524M) is below initial threshold (525M)
[2026-04-03T03:17:11.750+0600][53.288s][info][gc,ergo     ] Free: 524M, Max: 256K regular, 172M humongous, Frag: 68% external, 0% internal; Reserve: 38400K, Max: 256K
[2026-04-03T03:17:11.750+0600][53.288s][info][gc,start    ] GC(71) Concurrent reset
[2026-04-03T03:17:11.750+0600][53.288s][info][gc,task     ] GC(71) Using 3 of 6 workers for concurrent reset
[2026-04-03T03:17:11.750+0600][53.288s][info][gc,ergo     ] GC(71) Pacer for Reset. Non-Taxable: 750M
[2026-04-03T03:17:11.751+0600][53.289s][info][gc          ] GC(71) Concurrent reset 0.788ms
[2026-04-03T03:17:11.752+0600][53.290s][info][gc,start    ] GC(71) Pause Init Mark (unload classes)
[2026-04-03T03:17:11.752+0600][53.290s][info][gc,task     ] GC(71) Using 5 of 6 workers for init marking
[2026-04-03T03:17:11.752+0600][53.290s][info][gc,ergo     ] GC(71) Pacer for Mark. Expected Live: 206M, Free: 524M, Non-Taxable: 53730K, Alloc Tax Rate: 0.5x
[2026-04-03T03:17:11.752+0600][53.290s][info][gc          ] GC(71) Pause Init Mark (unload classes) 0.201ms
[2026-04-03T03:17:11.752+0600][53.290s][info][gc,start    ] GC(71) Concurrent marking roots
[2026-04-03T03:17:11.752+0600][53.290s][info][gc,task     ] GC(71) Using 3 of 6 workers for concurrent marking roots
[2026-04-03T03:17:11.753+0600][53.291s][info][gc          ] GC(71) Concurrent marking roots 1.225ms
[2026-04-03T03:17:11.753+0600][53.292s][info][gc,start    ] GC(71) Concurrent marking (unload classes)
[2026-04-03T03:17:11.753+0600][53.292s][info][gc,task     ] GC(71) Using 3 of 6 workers for concurrent marking
[2026-04-03T03:17:11.994+0600][53.532s][info][gc          ] GC(71) Concurrent marking (unload classes) 240.380ms
[2026-04-03T03:17:11.994+0600][53.532s][info][gc,start    ] GC(71) Pause Final Mark (unload classes)
[2026-04-03T03:17:11.994+0600][53.532s][info][gc,task     ] GC(71) Using 5 of 6 workers for final marking
[2026-04-03T03:17:11.994+0600][53.533s][info][gc,ergo     ] GC(71) Adaptive CSet Selection. Target Free: 106M, Actual Free: 501M, Max CSet: 32000K, Min Garbage: 0B
[2026-04-03T03:17:11.995+0600][53.533s][info][gc,ergo     ] GC(71) Collectable Garbage: 34725K (87%), Immediate: 12140K (30%), CSet: 22584K (57%)
[2026-04-03T03:17:11.995+0600][53.533s][info][gc,ergo     ] GC(71) Pacer for Evacuation. Used CSet: 27205K, Free: 465M, Non-Taxable: 47700K, Alloc Tax Rate: 1.1x
[2026-04-03T03:17:11.995+0600][53.533s][info][gc          ] GC(71) Pause Final Mark (unload classes) 0.905ms
[2026-04-03T03:17:11.995+0600][53.533s][info][gc,start    ] GC(71) Concurrent thread roots
[2026-04-03T03:17:11.995+0600][53.533s][info][gc,task     ] GC(71) Using 3 of 6 workers for Concurrent thread roots
[2026-04-03T03:17:11.996+0600][53.534s][info][gc          ] GC(71) Concurrent thread roots 1.135ms
[2026-04-03T03:17:11.996+0600][53.534s][info][gc,start    ] GC(71) Concurrent weak references
[2026-04-03T03:17:11.996+0600][53.534s][info][gc,task     ] GC(71) Using 3 of 6 workers for concurrent weak references
[2026-04-03T03:17:11.997+0600][53.535s][info][gc,ref      ] GC(71) Encountered references: Soft: 3150, Weak: 6354, Final: 84, Phantom: 599
[2026-04-03T03:17:11.997+0600][53.535s][info][gc,ref      ] GC(71) Discovered  references: Soft: 0, Weak: 3716, Final: 0, Phantom: 596
[2026-04-03T03:17:11.997+0600][53.535s][info][gc,ref      ] GC(71) Enqueued    references: Soft: 0, Weak: 118, Final: 0, Phantom: 0
[2026-04-03T03:17:11.997+0600][53.535s][info][gc          ] GC(71) Concurrent weak references 1.171ms
[2026-04-03T03:17:11.997+0600][53.535s][info][gc,start    ] GC(71) Concurrent weak roots
[2026-04-03T03:17:11.997+0600][53.536s][info][gc,task     ] GC(71) Using 3 of 6 workers for concurrent weak root
[2026-04-03T03:17:12.000+0600][53.539s][info][gc          ] GC(71) Concurrent weak roots 3.289ms
[2026-04-03T03:17:12.001+0600][53.539s][info][gc,start    ] GC(71) Concurrent cleanup
[2026-04-03T03:17:12.001+0600][53.539s][info][gc          ] GC(71) Concurrent cleanup 258M->247M(265M) 0.263ms
[2026-04-03T03:17:12.001+0600][53.539s][info][gc,ergo     ] GC(71) Free: 461M, Max: 256K regular, 172M humongous, Frag: 63% external, 0% internal; Reserve: 37938K, Max: 256K
[2026-04-03T03:17:12.001+0600][53.539s][info][gc,start    ] GC(71) Concurrent class unloading
[2026-04-03T03:17:12.001+0600][53.539s][info][gc,task     ] GC(71) Using 3 of 6 workers for concurrent class unloading
[2026-04-03T03:17:12.027+0600][53.566s][info][gc          ] GC(71) Concurrent class unloading 26.487ms
[2026-04-03T03:17:12.027+0600][53.566s][info][gc,start    ] GC(71) Concurrent strong roots
[2026-04-03T03:17:12.027+0600][53.566s][info][gc,task     ] GC(71) Using 3 of 6 workers for concurrent strong root
[2026-04-03T03:17:12.029+0600][53.567s][info][gc          ] GC(71) Concurrent strong roots 1.436ms
[2026-04-03T03:17:12.029+0600][53.567s][info][gc,start    ] GC(71) Concurrent evacuation
[2026-04-03T03:17:12.029+0600][53.567s][info][gc,task     ] GC(71) Using 3 of 6 workers for concurrent evacuation
[2026-04-03T03:17:12.034+0600][53.573s][info][gc          ] GC(71) Concurrent evacuation 5.456ms
[2026-04-03T03:17:12.035+0600][53.573s][info][gc,start    ] GC(71) Pause Init Update Refs
[2026-04-03T03:17:12.035+0600][53.573s][info][gc,ergo     ] GC(71) Pacer for Update Refs. Used: 266M, Free: 446M, Non-Taxable: 45754K, Alloc Tax Rate: 1.1x
[2026-04-03T03:17:12.035+0600][53.573s][info][gc          ] GC(71) Pause Init Update Refs 0.220ms
[2026-04-03T03:17:12.035+0600][53.574s][info][gc,start    ] GC(71) Concurrent update references
[2026-04-03T03:17:12.035+0600][53.574s][info][gc,task     ] GC(71) Using 3 of 6 workers for concurrent reference update
[2026-04-03T03:17:12.132+0600][53.670s][info][gc          ] GC(71) Concurrent update references 96.419ms
[2026-04-03T03:17:12.132+0600][53.670s][info][gc,start    ] GC(71) Concurrent update thread roots
[2026-04-03T03:17:12.133+0600][53.671s][info][gc          ] GC(71) Concurrent update thread roots 1.201ms
[2026-04-03T03:17:12.133+0600][53.672s][info][gc,start    ] GC(71) Pause Final Update Refs
[2026-04-03T03:17:12.133+0600][53.672s][info][gc,task     ] GC(71) Using 6 of 6 workers for final reference update
[2026-04-03T03:17:12.134+0600][53.672s][info][gc          ] GC(71) Pause Final Update Refs 0.229ms
[2026-04-03T03:17:12.134+0600][53.672s][info][gc,start    ] GC(71) Concurrent cleanup
[2026-04-03T03:17:12.134+0600][53.672s][info][gc          ] GC(71) Concurrent cleanup 306M->280M(312M) 0.272ms
[2026-04-03T03:17:12.134+0600][53.672s][info][gc,ergo     ] Free: 427M, Max: 256K regular, 172M humongous, Frag: 60% external, 0% internal; Reserve: 38400K, Max: 256K
[2026-04-03T03:17:12.134+0600][53.672s][info][gc,stats    ] 
[2026-04-03T03:17:12.134+0600][53.672s][info][gc,stats    ] All times are wall-clock times, except per-root-class counters, that are sum over
[2026-04-03T03:17:12.134+0600][53.672s][info][gc,stats    ] all workers. Dividing the <total> over the root stage time estimates parallelism.
[2026-04-03T03:17:12.134+0600][53.672s][info][gc,stats    ] 
[2026-04-03T03:17:12.134+0600][53.672s][info][gc,stats    ] Concurrent Reset                    824 us
[2026-04-03T03:17:12.134+0600][53.673s][info][gc,stats    ] Pause Init Mark (G)                1046 us
[2026-04-03T03:17:12.134+0600][53.673s][info][gc,stats    ] Pause Init Mark (N)                 215 us
[2026-04-03T03:17:12.134+0600][53.673s][info][gc,stats    ]   Update Region States               40 us
[2026-04-03T03:17:12.134+0600][53.673s][info][gc,stats    ] Concurrent Mark Roots              1288 us, parallelism: 2.01x
[2026-04-03T03:17:12.134+0600][53.673s][info][gc,stats    ]   CMR: <total>                     2584 us
[2026-04-03T03:17:12.134+0600][53.673s][info][gc,stats    ]   CMR: Thread Roots                2212 us, workers (us): 836, 851, 525, ---, ---, ---, 
[2026-04-03T03:17:12.134+0600][53.673s][info][gc,stats    ]   CMR: VM Strong Roots               49 us, workers (us):  27,  14,   8, ---, ---, ---, 
[2026-04-03T03:17:12.134+0600][53.673s][info][gc,stats    ]   CMR: CLDG Roots                   323 us, workers (us): ---, ---, 323, ---, ---, ---, 
[2026-04-03T03:17:12.134+0600][53.673s][info][gc,stats    ] Concurrent Marking               240482 us
[2026-04-03T03:17:12.134+0600][53.673s][info][gc,stats    ] Pause Final Mark (G)               1112 us
[2026-04-03T03:17:12.134+0600][53.673s][info][gc,stats    ] Pause Final Mark (N)                922 us
[2026-04-03T03:17:12.134+0600][53.673s][info][gc,stats    ]   Finish Mark                       302 us
[2026-04-03T03:17:12.134+0600][53.673s][info][gc,stats    ]   Update Region States               70 us
[2026-04-03T03:17:12.134+0600][53.673s][info][gc,stats    ]   Choose Collection Set             295 us
[2026-04-03T03:17:12.134+0600][53.673s][info][gc,stats    ]   Rebuild Free Set                   41 us
[2026-04-03T03:17:12.134+0600][53.673s][info][gc,stats    ] Concurrent Thread Roots            1195 us, parallelism: 2.34x
[2026-04-03T03:17:12.134+0600][53.673s][info][gc,stats    ]   CTR: <total>                     2790 us
[2026-04-03T03:17:12.134+0600][53.673s][info][gc,stats    ]   CTR: Thread Roots                2790 us, workers (us): 939, 917, 934, ---, ---, ---, 
[2026-04-03T03:17:12.134+0600][53.673s][info][gc,stats    ] Concurrent Weak References         1187 us, parallelism: 0.84x
[2026-04-03T03:17:12.134+0600][53.673s][info][gc,stats    ]   CWRF: <total>                     998 us
[2026-04-03T03:17:12.134+0600][53.673s][info][gc,stats    ]   CWRF: Weak References             998 us, workers (us):  46, 888,  63, ---, ---, ---, 
[2026-04-03T03:17:12.134+0600][53.673s][info][gc,stats    ] Concurrent Weak Roots              3403 us
[2026-04-03T03:17:12.134+0600][53.673s][info][gc,stats    ]   Roots                            3033 us, parallelism: 2.60x
[2026-04-03T03:17:12.134+0600][53.673s][info][gc,stats    ]     CWR: <total>                   7883 us
[2026-04-03T03:17:12.134+0600][53.673s][info][gc,stats    ]     CWR: Code Cache Roots          4730 us, workers (us): 1597, 1548, 1585, ---, ---, ---, 
[2026-04-03T03:17:12.134+0600][53.673s][info][gc,stats    ]     CWR: VM Weak Roots             3028 us, workers (us): 1062, 994, 971, ---, ---, ---, 
[2026-04-03T03:17:12.134+0600][53.673s][info][gc,stats    ]     CWR: CLDG Roots                 126 us, workers (us): ---, 126, ---, ---, ---, ---, 
[2026-04-03T03:17:12.134+0600][53.673s][info][gc,stats    ]   Rendezvous                        222 us
[2026-04-03T03:17:12.135+0600][53.673s][info][gc,stats    ] Concurrent Cleanup                  295 us
[2026-04-03T03:17:12.135+0600][53.673s][info][gc,stats    ] Concurrent Class Unloading        26595 us
[2026-04-03T03:17:12.135+0600][53.673s][info][gc,stats    ]   Unlink Stale                    25596 us
[2026-04-03T03:17:12.135+0600][53.673s][info][gc,stats    ]     System Dictionary               433 us
[2026-04-03T03:17:12.135+0600][53.673s][info][gc,stats    ]     Weak Class Links              17544 us
[2026-04-03T03:17:12.135+0600][53.673s][info][gc,stats    ]     Code Roots                     7612 us
[2026-04-03T03:17:12.135+0600][53.673s][info][gc,stats    ]   Rendezvous                        419 us
[2026-04-03T03:17:12.135+0600][53.673s][info][gc,stats    ]   Purge Unlinked                    429 us
[2026-04-03T03:17:12.135+0600][53.673s][info][gc,stats    ]     Code Roots                      372 us
[2026-04-03T03:17:12.135+0600][53.673s][info][gc,stats    ]     CLDG                             57 us
[2026-04-03T03:17:12.135+0600][53.673s][info][gc,stats    ]     Exception Caches                  0 us
[2026-04-03T03:17:12.135+0600][53.673s][info][gc,stats    ] Concurrent Strong Roots            1509 us, parallelism: 0.71x
[2026-04-03T03:17:12.135+0600][53.673s][info][gc,stats    ]   CSR: <total>                     1074 us
[2026-04-03T03:17:12.135+0600][53.673s][info][gc,stats    ]   CSR: VM Strong Roots               77 us, workers (us):  41,  36,   0, ---, ---, ---, 
[2026-04-03T03:17:12.135+0600][53.673s][info][gc,stats    ]   CSR: CLDG Roots                   997 us, workers (us): ---, 997, ---, ---, ---, ---, 
[2026-04-03T03:17:12.135+0600][53.673s][info][gc,stats    ] Concurrent Evacuation              5576 us
[2026-04-03T03:17:12.135+0600][53.673s][info][gc,stats    ] Pause Init Update Refs (G)          671 us
[2026-04-03T03:17:12.135+0600][53.673s][info][gc,stats    ] Pause Init Update Refs (N)          234 us
[2026-04-03T03:17:12.135+0600][53.673s][info][gc,stats    ]   Manage GCLABs                      29 us
[2026-04-03T03:17:12.135+0600][53.673s][info][gc,stats    ] Concurrent Update Refs            96651 us
[2026-04-03T03:17:12.135+0600][53.673s][info][gc,stats    ] Concurrent Update Thread Roots     1271 us
[2026-04-03T03:17:12.135+0600][53.673s][info][gc,stats    ] Pause Final Update Refs (G)         458 us
[2026-04-03T03:17:12.135+0600][53.673s][info][gc,stats    ] Pause Final Update Refs (N)         258 us
[2026-04-03T03:17:12.135+0600][53.673s][info][gc,stats    ]   Update Region States               70 us
[2026-04-03T03:17:12.135+0600][53.673s][info][gc,stats    ]   Trash Collection Set               13 us
[2026-04-03T03:17:12.135+0600][53.673s][info][gc,stats    ]   Rebuild Free Set                   43 us
[2026-04-03T03:17:12.135+0600][53.673s][info][gc,stats    ] Concurrent Cleanup                  300 us
[2026-04-03T03:17:12.135+0600][53.673s][info][gc,stats    ] Pacing                           138128 us
[2026-04-03T03:17:12.135+0600][53.673s][info][gc,stats    ] 
[2026-04-03T03:17:12.135+0600][53.673s][info][gc,stats    ] Allocation pacing accrued:
[2026-04-03T03:17:12.135+0600][53.673s][info][gc,stats    ]      21 of   625 ms (  3.4%): main
[2026-04-03T03:17:12.135+0600][53.673s][info][gc,stats    ]      40 of   625 ms (  6.4%): Executor task launch worker for task 2.0 in stage 14.0 (TID 23)
[2026-04-03T03:17:12.135+0600][53.673s][info][gc,stats    ]      39 of   625 ms (  6.2%): Executor task launch worker for task 0.0 in stage 14.0 (TID 21)
[2026-04-03T03:17:12.135+0600][53.673s][info][gc,stats    ]      38 of   625 ms (  6.0%): Executor task launch worker for task 1.0 in stage 14.0 (TID 22)
[2026-04-03T03:17:12.135+0600][53.673s][info][gc,stats    ]     138 of   625 ms ( 22.1%): <total>
[2026-04-03T03:17:12.135+0600][53.673s][info][gc,stats    ]       1 of   625 ms (  0.2%): <average total>
[2026-04-03T03:17:12.135+0600][53.673s][info][gc,stats    ]      35 of   625 ms (  5.5%): <average non-zero>
[2026-04-03T03:17:12.135+0600][53.673s][info][gc,stats    ] 
[2026-04-03T03:17:12.135+0600][53.673s][info][gc,metaspace] Metaspace: 72903K(73984K)->72929K(73984K) NonClass: 63610K(64256K)->63633K(64256K) Class: 9292K(9728K)->9296K(9728K)
[2026-04-03T03:17:12.135+0600][53.673s][info][gc,ergo     ] Pacer for Idle. Initial: 15360K, Alloc Tax Rate: 1.0x
[2026-04-03T03:17:12.136+0600][53.674s][info][gc          ] Trigger: Learning 3 of 5. Free (426M) is below initial threshold (525M)
[2026-04-03T03:17:12.136+0600][53.675s][info][gc,ergo     ] Free: 426M, Max: 256K regular, 172M humongous, Frag: 60% external, 0% internal; Reserve: 38400K, Max: 256K
[2026-04-03T03:17:12.136+0600][53.675s][info][gc,start    ] GC(72) Concurrent reset
[2026-04-03T03:17:12.136+0600][53.675s][info][gc,task     ] GC(72) Using 3 of 6 workers for concurrent reset
[2026-04-03T03:17:12.136+0600][53.675s][info][gc,ergo     ] GC(72) Pacer for Reset. Non-Taxable: 750M
[2026-04-03T03:17:12.137+0600][53.676s][info][gc          ] GC(72) Concurrent reset 1.138ms
[2026-04-03T03:17:12.138+0600][53.676s][info][gc,start    ] GC(72) Pause Init Mark (unload classes)
[2026-04-03T03:17:12.138+0600][53.676s][info][gc,task     ] GC(72) Using 6 of 6 workers for init marking
[2026-04-03T03:17:12.138+0600][53.676s][info][gc,ergo     ] GC(72) Pacer for Mark. Expected Live: 190M, Free: 425M, Non-Taxable: 43604K, Alloc Tax Rate: 0.5x
[2026-04-03T03:17:12.138+0600][53.676s][info][gc          ] GC(72) Pause Init Mark (unload classes) 0.189ms
[2026-04-03T03:17:12.138+0600][53.676s][info][gc,start    ] GC(72) Concurrent marking roots
[2026-04-03T03:17:12.138+0600][53.676s][info][gc,task     ] GC(72) Using 3 of 6 workers for concurrent marking roots
[2026-04-03T03:17:12.139+0600][53.677s][info][gc          ] GC(72) Concurrent marking roots 1.118ms
[2026-04-03T03:17:12.139+0600][53.677s][info][gc,start    ] GC(72) Concurrent marking (unload classes)
[2026-04-03T03:17:12.139+0600][53.677s][info][gc,task     ] GC(72) Using 3 of 6 workers for concurrent marking
[2026-04-03T03:17:12.368+0600][53.906s][info][gc          ] GC(72) Concurrent marking (unload classes) 228.600ms
[2026-04-03T03:17:12.368+0600][53.906s][info][gc,start    ] GC(72) Pause Final Mark (unload classes)
[2026-04-03T03:17:12.368+0600][53.906s][info][gc,task     ] GC(72) Using 6 of 6 workers for final marking
[2026-04-03T03:17:12.368+0600][53.907s][info][gc,ergo     ] GC(72) Adaptive CSet Selection. Target Free: 106M, Actual Free: 398M, Max CSet: 32000K, Min Garbage: 0B
[2026-04-03T03:17:12.369+0600][53.907s][info][gc,ergo     ] GC(72) Collectable Garbage: 90968K (92%), Immediate: 5376K (5%), CSet: 85592K (87%)
[2026-04-03T03:17:12.369+0600][53.907s][info][gc,ergo     ] GC(72) Pacer for Evacuation. Used CSet: 114M, Free: 363M, Non-Taxable: 37229K, Alloc Tax Rate: 1.1x
[2026-04-03T03:17:12.369+0600][53.907s][info][gc          ] GC(72) Pause Final Mark (unload classes) 0.913ms
[2026-04-03T03:17:12.369+0600][53.907s][info][gc,start    ] GC(72) Concurrent thread roots
[2026-04-03T03:17:12.369+0600][53.907s][info][gc,task     ] GC(72) Using 3 of 6 workers for Concurrent thread roots
[2026-04-03T03:17:12.370+0600][53.908s][info][gc          ] GC(72) Concurrent thread roots 0.746ms
[2026-04-03T03:17:12.370+0600][53.908s][info][gc,start    ] GC(72) Concurrent weak references
[2026-04-03T03:17:12.370+0600][53.908s][info][gc,task     ] GC(72) Using 3 of 6 workers for concurrent weak references
[2026-04-03T03:17:12.370+0600][53.908s][info][gc,ref      ] GC(72) Encountered references: Soft: 3157, Weak: 6245, Final: 84, Phantom: 599
[2026-04-03T03:17:12.370+0600][53.908s][info][gc,ref      ] GC(72) Discovered  references: Soft: 0, Weak: 1133, Final: 2, Phantom: 596
[2026-04-03T03:17:12.370+0600][53.908s][info][gc,ref      ] GC(72) Enqueued    references: Soft: 0, Weak: 6, Final: 0, Phantom: 0
[2026-04-03T03:17:12.370+0600][53.908s][info][gc          ] GC(72) Concurrent weak references 0.435ms
[2026-04-03T03:17:12.370+0600][53.908s][info][gc,start    ] GC(72) Concurrent weak roots
[2026-04-03T03:17:12.370+0600][53.909s][info][gc,task     ] GC(72) Using 3 of 6 workers for concurrent weak root
[2026-04-03T03:17:12.373+0600][53.911s][info][gc          ] GC(72) Concurrent weak roots 2.379ms
[2026-04-03T03:17:12.373+0600][53.911s][info][gc,start    ] GC(72) Concurrent cleanup
[2026-04-03T03:17:12.373+0600][53.911s][info][gc          ] GC(72) Concurrent cleanup 353M->347M(368M) 0.202ms
[2026-04-03T03:17:12.373+0600][53.911s][info][gc,ergo     ] GC(72) Free: 362M, Max: 256K regular, 172M humongous, Frag: 53% external, 0% internal; Reserve: 37759K, Max: 256K
[2026-04-03T03:17:12.373+0600][53.911s][info][gc,start    ] GC(72) Concurrent class unloading
[2026-04-03T03:17:12.373+0600][53.911s][info][gc,task     ] GC(72) Using 3 of 6 workers for concurrent class unloading
[2026-04-03T03:17:12.396+0600][53.934s][info][gc          ] GC(72) Concurrent class unloading 22.760ms
[2026-04-03T03:17:12.396+0600][53.934s][info][gc,start    ] GC(72) Concurrent strong roots
[2026-04-03T03:17:12.396+0600][53.934s][info][gc,task     ] GC(72) Using 3 of 6 workers for concurrent strong root
[2026-04-03T03:17:12.396+0600][53.935s][info][gc          ] GC(72) Concurrent strong roots 0.600ms
[2026-04-03T03:17:12.396+0600][53.935s][info][gc,start    ] GC(72) Concurrent evacuation
[2026-04-03T03:17:12.396+0600][53.935s][info][gc,task     ] GC(72) Using 3 of 6 workers for concurrent evacuation
[2026-04-03T03:17:12.428+0600][53.966s][info][gc          ] GC(72) Concurrent evacuation 31.500ms
[2026-04-03T03:17:12.428+0600][53.967s][info][gc,start    ] GC(72) Pause Init Update Refs
[2026-04-03T03:17:12.428+0600][53.967s][info][gc,ergo     ] GC(72) Pacer for Update Refs. Used: 396M, Free: 345M, Non-Taxable: 35360K, Alloc Tax Rate: 1.4x
[2026-04-03T03:17:12.428+0600][53.967s][info][gc          ] GC(72) Pause Init Update Refs 0.151ms
[2026-04-03T03:17:12.428+0600][53.967s][info][gc,start    ] GC(72) Concurrent update references
[2026-04-03T03:17:12.428+0600][53.967s][info][gc,task     ] GC(72) Using 3 of 6 workers for concurrent reference update
[2026-04-03T03:17:12.551+0600][54.089s][info][gc          ] GC(72) Concurrent update references 122.217ms
[2026-04-03T03:17:12.551+0600][54.089s][info][gc,start    ] GC(72) Concurrent update thread roots
[2026-04-03T03:17:12.552+0600][54.090s][info][gc          ] GC(72) Concurrent update thread roots 1.027ms
[2026-04-03T03:17:12.552+0600][54.090s][info][gc,start    ] GC(72) Pause Final Update Refs
[2026-04-03T03:17:12.552+0600][54.090s][info][gc,task     ] GC(72) Using 6 of 6 workers for final reference update
[2026-04-03T03:17:12.552+0600][54.091s][info][gc          ] GC(72) Pause Final Update Refs 0.196ms
[2026-04-03T03:17:12.552+0600][54.091s][info][gc,start    ] GC(72) Concurrent cleanup
[2026-04-03T03:17:12.553+0600][54.091s][info][gc          ] GC(72) Concurrent cleanup 447M->333M(452M) 0.705ms
[2026-04-03T03:17:12.553+0600][54.092s][info][gc,ergo     ] Free: 375M, Max: 256K regular, 172M humongous, Frag: 54% external, 0% internal; Reserve: 38400K, Max: 256K
[2026-04-03T03:17:12.553+0600][54.092s][info][gc,stats    ] 
[2026-04-03T03:17:12.553+0600][54.092s][info][gc,stats    ] All times are wall-clock times, except per-root-class counters, that are sum over
[2026-04-03T03:17:12.553+0600][54.092s][info][gc,stats    ] all workers. Dividing the <total> over the root stage time estimates parallelism.
[2026-04-03T03:17:12.553+0600][54.092s][info][gc,stats    ] 
[2026-04-03T03:17:12.553+0600][54.092s][info][gc,stats    ] Concurrent Reset                   1194 us
[2026-04-03T03:17:12.553+0600][54.092s][info][gc,stats    ] Pause Init Mark (G)                 419 us
[2026-04-03T03:17:12.553+0600][54.092s][info][gc,stats    ] Pause Init Mark (N)                 203 us
[2026-04-03T03:17:12.553+0600][54.092s][info][gc,stats    ]   Update Region States               43 us
[2026-04-03T03:17:12.553+0600][54.092s][info][gc,stats    ] Concurrent Mark Roots              1182 us, parallelism: 1.90x
[2026-04-03T03:17:12.553+0600][54.092s][info][gc,stats    ]   CMR: <total>                     2248 us
[2026-04-03T03:17:12.553+0600][54.092s][info][gc,stats    ]   CMR: Thread Roots                1849 us, workers (us): 459, 703, 687, ---, ---, ---, 
[2026-04-03T03:17:12.553+0600][54.092s][info][gc,stats    ]   CMR: VM Strong Roots              139 us, workers (us):  78,  60,   1, ---, ---, ---, 
[2026-04-03T03:17:12.553+0600][54.092s][info][gc,stats    ]   CMR: CLDG Roots                   260 us, workers (us): 260, ---, ---, ---, ---, ---, 
[2026-04-03T03:17:12.553+0600][54.092s][info][gc,stats    ] Concurrent Marking               228700 us
[2026-04-03T03:17:12.553+0600][54.092s][info][gc,stats    ] Pause Final Mark (G)               1150 us
[2026-04-03T03:17:12.553+0600][54.092s][info][gc,stats    ] Pause Final Mark (N)                928 us
[2026-04-03T03:17:12.553+0600][54.092s][info][gc,stats    ]   Finish Mark                       307 us
[2026-04-03T03:17:12.553+0600][54.092s][info][gc,stats    ]   Update Region States               53 us
[2026-04-03T03:17:12.553+0600][54.092s][info][gc,stats    ]   Choose Collection Set             380 us
[2026-04-03T03:17:12.553+0600][54.092s][info][gc,stats    ]   Rebuild Free Set                   58 us
[2026-04-03T03:17:12.553+0600][54.092s][info][gc,stats    ] Concurrent Thread Roots             783 us, parallelism: 2.00x
[2026-04-03T03:17:12.553+0600][54.092s][info][gc,stats    ]   CTR: <total>                     1569 us
[2026-04-03T03:17:12.553+0600][54.092s][info][gc,stats    ]   CTR: Thread Roots                1569 us, workers (us): 547, 516, 506, ---, ---, ---, 
[2026-04-03T03:17:12.553+0600][54.092s][info][gc,stats    ] Concurrent Weak References          450 us, parallelism: 0.65x
[2026-04-03T03:17:12.553+0600][54.092s][info][gc,stats    ]   CWRF: <total>                     293 us
[2026-04-03T03:17:12.553+0600][54.092s][info][gc,stats    ]   CWRF: Weak References             293 us, workers (us): 232,  60,   1, ---, ---, ---, 
[2026-04-03T03:17:12.553+0600][54.092s][info][gc,stats    ] Concurrent Weak Roots              2441 us
[2026-04-03T03:17:12.553+0600][54.092s][info][gc,stats    ]   Roots                            2170 us, parallelism: 2.51x
[2026-04-03T03:17:12.553+0600][54.092s][info][gc,stats    ]     CWR: <total>                   5444 us
[2026-04-03T03:17:12.553+0600][54.092s][info][gc,stats    ]     CWR: Code Cache Roots          3441 us, workers (us): 1059, 1182, 1200, ---, ---, ---, 
[2026-04-03T03:17:12.553+0600][54.092s][info][gc,stats    ]     CWR: VM Weak Roots             1931 us, workers (us): 703, 615, 613, ---, ---, ---, 
[2026-04-03T03:17:12.553+0600][54.092s][info][gc,stats    ]     CWR: CLDG Roots                  73 us, workers (us):  73, ---, ---, ---, ---, ---, 
[2026-04-03T03:17:12.553+0600][54.092s][info][gc,stats    ]   Rendezvous                        183 us
[2026-04-03T03:17:12.553+0600][54.092s][info][gc,stats    ] Concurrent Cleanup                  228 us
[2026-04-03T03:17:12.553+0600][54.092s][info][gc,stats    ] Concurrent Class Unloading        22852 us
[2026-04-03T03:17:12.553+0600][54.092s][info][gc,stats    ]   Unlink Stale                    22208 us
[2026-04-03T03:17:12.553+0600][54.092s][info][gc,stats    ]     System Dictionary               288 us
[2026-04-03T03:17:12.553+0600][54.092s][info][gc,stats    ]     Weak Class Links              14623 us
[2026-04-03T03:17:12.553+0600][54.092s][info][gc,stats    ]     Code Roots                     7291 us
[2026-04-03T03:17:12.553+0600][54.092s][info][gc,stats    ]   Rendezvous                        305 us
[2026-04-03T03:17:12.553+0600][54.092s][info][gc,stats    ]   Purge Unlinked                    203 us
[2026-04-03T03:17:12.553+0600][54.092s][info][gc,stats    ]     Code Roots                      141 us
[2026-04-03T03:17:12.553+0600][54.092s][info][gc,stats    ]     CLDG                             61 us
[2026-04-03T03:17:12.553+0600][54.092s][info][gc,stats    ]     Exception Caches                  0 us
[2026-04-03T03:17:12.554+0600][54.092s][info][gc,stats    ] Concurrent Strong Roots             638 us, parallelism: 0.55x
[2026-04-03T03:17:12.554+0600][54.092s][info][gc,stats    ]   CSR: <total>                      353 us
[2026-04-03T03:17:12.554+0600][54.092s][info][gc,stats    ]   CSR: VM Strong Roots               23 us, workers (us):  21,   2,   0, ---, ---, ---, 
[2026-04-03T03:17:12.554+0600][54.092s][info][gc,stats    ]   CSR: CLDG Roots                   329 us, workers (us): 329, ---, ---, ---, ---, ---, 
[2026-04-03T03:17:12.554+0600][54.092s][info][gc,stats    ] Concurrent Evacuation             31587 us
[2026-04-03T03:17:12.554+0600][54.092s][info][gc,stats    ] Pause Init Update Refs (G)          454 us
[2026-04-03T03:17:12.554+0600][54.092s][info][gc,stats    ] Pause Init Update Refs (N)          170 us
[2026-04-03T03:17:12.554+0600][54.092s][info][gc,stats    ]   Manage GCLABs                      26 us
[2026-04-03T03:17:12.554+0600][54.092s][info][gc,stats    ] Concurrent Update Refs           122333 us
[2026-04-03T03:17:12.554+0600][54.092s][info][gc,stats    ] Concurrent Update Thread Roots     1080 us
[2026-04-03T03:17:12.554+0600][54.092s][info][gc,stats    ] Pause Final Update Refs (G)         564 us
[2026-04-03T03:17:12.554+0600][54.092s][info][gc,stats    ] Pause Final Update Refs (N)         213 us
[2026-04-03T03:17:12.554+0600][54.092s][info][gc,stats    ]   Update Region States               58 us
[2026-04-03T03:17:12.554+0600][54.092s][info][gc,stats    ]   Trash Collection Set               17 us
[2026-04-03T03:17:12.554+0600][54.092s][info][gc,stats    ]   Rebuild Free Set                   38 us
[2026-04-03T03:17:12.554+0600][54.092s][info][gc,stats    ] Concurrent Cleanup                  727 us
[2026-04-03T03:17:12.554+0600][54.092s][info][gc,stats    ] Pacing                           133297 us
[2026-04-03T03:17:12.554+0600][54.092s][info][gc,stats    ] 
[2026-04-03T03:17:12.554+0600][54.092s][info][gc,stats    ] Allocation pacing accrued:
[2026-04-03T03:17:12.554+0600][54.092s][info][gc,stats    ]      58 of   419 ms ( 13.8%): Executor task launch worker for task 2.0 in stage 14.0 (TID 23)
[2026-04-03T03:17:12.554+0600][54.092s][info][gc,stats    ]      18 of   419 ms (  4.3%): Executor task launch worker for task 0.0 in stage 14.0 (TID 21)
[2026-04-03T03:17:12.554+0600][54.092s][info][gc,stats    ]      58 of   419 ms ( 13.7%): Executor task launch worker for task 1.0 in stage 14.0 (TID 22)
[2026-04-03T03:17:12.554+0600][54.092s][info][gc,stats    ]     133 of   419 ms ( 31.8%): <total>
[2026-04-03T03:17:12.554+0600][54.092s][info][gc,stats    ]       1 of   419 ms (  0.2%): <average total>
[2026-04-03T03:17:12.554+0600][54.092s][info][gc,stats    ]      44 of   419 ms ( 10.6%): <average non-zero>
[2026-04-03T03:17:12.554+0600][54.092s][info][gc,stats    ] 
[2026-04-03T03:17:12.554+0600][54.092s][info][gc,metaspace] Metaspace: 72929K(73984K)->72915K(73984K) NonClass: 63633K(64256K)->63623K(64256K) Class: 9296K(9728K)->9292K(9728K)
[2026-04-03T03:17:12.554+0600][54.092s][info][gc,ergo     ] Pacer for Idle. Initial: 15360K, Alloc Tax Rate: 1.0x
[2026-04-03T03:17:12.555+0600][54.093s][info][gc          ] Trigger: Learning 4 of 5. Free (373M) is below initial threshold (525M)
[2026-04-03T03:17:12.555+0600][54.093s][info][gc,ergo     ] Free: 373M, Max: 256K regular, 172M humongous, Frag: 54% external, 0% internal; Reserve: 38400K, Max: 256K
[2026-04-03T03:17:12.555+0600][54.093s][info][gc,start    ] GC(73) Concurrent reset
[2026-04-03T03:17:12.555+0600][54.093s][info][gc,task     ] GC(73) Using 3 of 6 workers for concurrent reset
[2026-04-03T03:17:12.555+0600][54.093s][info][gc,ergo     ] GC(73) Pacer for Reset. Non-Taxable: 750M
[2026-04-03T03:17:12.557+0600][54.095s][info][gc          ] GC(73) Concurrent reset 1.617ms
[2026-04-03T03:17:12.557+0600][54.095s][info][gc,start    ] GC(73) Pause Init Mark (unload classes)
[2026-04-03T03:17:12.557+0600][54.095s][info][gc,task     ] GC(73) Using 6 of 6 workers for init marking
[2026-04-03T03:17:12.557+0600][54.095s][info][gc,ergo     ] GC(73) Pacer for Mark. Expected Live: 186M, Free: 372M, Non-Taxable: 38125K, Alloc Tax Rate: 0.6x
[2026-04-03T03:17:12.557+0600][54.095s][info][gc          ] GC(73) Pause Init Mark (unload classes) 0.156ms
[2026-04-03T03:17:12.557+0600][54.096s][info][gc,start    ] GC(73) Concurrent marking roots
[2026-04-03T03:17:12.557+0600][54.096s][info][gc,task     ] GC(73) Using 3 of 6 workers for concurrent marking roots
[2026-04-03T03:17:12.558+0600][54.097s][info][gc          ] GC(73) Concurrent marking roots 0.959ms
[2026-04-03T03:17:12.558+0600][54.097s][info][gc,start    ] GC(73) Concurrent marking (unload classes)
[2026-04-03T03:17:12.558+0600][54.097s][info][gc,task     ] GC(73) Using 3 of 6 workers for concurrent marking
[2026-04-03T03:17:12.852+0600][54.391s][info][gc          ] GC(73) Concurrent marking (unload classes) 294.254ms
[2026-04-03T03:17:12.853+0600][54.391s][info][gc,start    ] GC(73) Pause Final Mark (unload classes)
[2026-04-03T03:17:12.853+0600][54.391s][info][gc,task     ] GC(73) Using 6 of 6 workers for final marking
[2026-04-03T03:17:12.853+0600][54.392s][info][gc,ergo     ] GC(73) Adaptive CSet Selection. Target Free: 106M, Actual Free: 351M, Max CSet: 32000K, Min Garbage: 0B
[2026-04-03T03:17:12.854+0600][54.392s][info][gc,ergo     ] GC(73) Collectable Garbage: 98969K (90%), Immediate: 6912K (6%), CSet: 92057K (84%)
[2026-04-03T03:17:12.854+0600][54.392s][info][gc,ergo     ] GC(73) Pacer for Evacuation. Used CSet: 121M, Free: 315M, Non-Taxable: 32314K, Alloc Tax Rate: 1.1x
[2026-04-03T03:17:12.854+0600][54.392s][info][gc          ] GC(73) Pause Final Mark (unload classes) 1.064ms
[2026-04-03T03:17:12.854+0600][54.392s][info][gc,start    ] GC(73) Concurrent thread roots
[2026-04-03T03:17:12.854+0600][54.392s][info][gc,task     ] GC(73) Using 3 of 6 workers for Concurrent thread roots
[2026-04-03T03:17:12.855+0600][54.393s][info][gc          ] GC(73) Concurrent thread roots 0.688ms
[2026-04-03T03:17:12.855+0600][54.393s][info][gc,start    ] GC(73) Concurrent weak references
[2026-04-03T03:17:12.855+0600][54.393s][info][gc,task     ] GC(73) Using 3 of 6 workers for concurrent weak references
[2026-04-03T03:17:12.855+0600][54.393s][info][gc,ref      ] GC(73) Encountered references: Soft: 3157, Weak: 6239, Final: 84, Phantom: 599
[2026-04-03T03:17:12.855+0600][54.393s][info][gc,ref      ] GC(73) Discovered  references: Soft: 0, Weak: 1076, Final: 0, Phantom: 596
[2026-04-03T03:17:12.855+0600][54.393s][info][gc,ref      ] GC(73) Enqueued    references: Soft: 0, Weak: 0, Final: 0, Phantom: 0
[2026-04-03T03:17:12.855+0600][54.393s][info][gc          ] GC(73) Concurrent weak references 0.327ms
[2026-04-03T03:17:12.855+0600][54.393s][info][gc,start    ] GC(73) Concurrent weak roots
[2026-04-03T03:17:12.855+0600][54.393s][info][gc,task     ] GC(73) Using 3 of 6 workers for concurrent weak root
[2026-04-03T03:17:12.857+0600][54.396s][info][gc          ] GC(73) Concurrent weak roots 2.328ms
[2026-04-03T03:17:12.857+0600][54.396s][info][gc,start    ] GC(73) Concurrent cleanup
[2026-04-03T03:17:12.858+0600][54.396s][info][gc          ] GC(73) Concurrent cleanup 400M->393M(452M) 0.183ms
[2026-04-03T03:17:12.858+0600][54.396s][info][gc,ergo     ] GC(73) Free: 314M, Max: 256K regular, 172M humongous, Frag: 46% external, 0% internal; Reserve: 38335K, Max: 256K
[2026-04-03T03:17:12.858+0600][54.396s][info][gc,start    ] GC(73) Concurrent class unloading
[2026-04-03T03:17:12.858+0600][54.396s][info][gc,task     ] GC(73) Using 3 of 6 workers for concurrent class unloading
[2026-04-03T03:17:12.863+0600][54.402s][info][gc          ] GC(73) Concurrent class unloading 5.858ms
[2026-04-03T03:17:12.864+0600][54.402s][info][gc,start    ] GC(73) Concurrent strong roots
[2026-04-03T03:17:12.864+0600][54.402s][info][gc,task     ] GC(73) Using 3 of 6 workers for concurrent strong root
[2026-04-03T03:17:12.864+0600][54.403s][info][gc          ] GC(73) Concurrent strong roots 0.827ms
[2026-04-03T03:17:12.864+0600][54.403s][info][gc,start    ] GC(73) Concurrent evacuation
[2026-04-03T03:17:12.864+0600][54.403s][info][gc,task     ] GC(73) Using 3 of 6 workers for concurrent evacuation
[2026-04-03T03:17:12.899+0600][54.437s][info][gc          ] GC(73) Concurrent evacuation 34.153ms
[2026-04-03T03:17:12.899+0600][54.437s][info][gc,start    ] GC(73) Pause Init Update Refs
[2026-04-03T03:17:12.899+0600][54.437s][info][gc,ergo     ] GC(73) Pacer for Update Refs. Used: 429M, Free: 310M, Non-Taxable: 31828K, Alloc Tax Rate: 1.7x
[2026-04-03T03:17:12.899+0600][54.437s][info][gc          ] GC(73) Pause Init Update Refs 0.096ms
[2026-04-03T03:17:12.899+0600][54.438s][info][gc,start    ] GC(73) Concurrent update references
[2026-04-03T03:17:12.899+0600][54.438s][info][gc,task     ] GC(73) Using 3 of 6 workers for concurrent reference update
[2026-04-03T03:17:13.024+0600][54.562s][info][gc          ] GC(73) Concurrent update references 124.320ms
[2026-04-03T03:17:13.024+0600][54.562s][info][gc,start    ] GC(73) Concurrent update thread roots
[2026-04-03T03:17:13.024+0600][54.563s][info][gc          ] GC(73) Concurrent update thread roots 0.876ms
[2026-04-03T03:17:13.025+0600][54.563s][info][gc,start    ] GC(73) Pause Final Update Refs
[2026-04-03T03:17:13.025+0600][54.563s][info][gc,task     ] GC(73) Using 6 of 6 workers for final reference update
[2026-04-03T03:17:13.025+0600][54.563s][info][gc          ] GC(73) Pause Final Update Refs 0.192ms
[2026-04-03T03:17:13.025+0600][54.563s][info][gc,start    ] GC(73) Concurrent cleanup
[2026-04-03T03:17:13.025+0600][54.564s][info][gc          ] GC(73) Concurrent cleanup 445M->324M(482M) 0.233ms
[2026-04-03T03:17:13.025+0600][54.564s][info][gc,ergo     ] Free: 383M, Max: 256K regular, 172M humongous, Frag: 55% external, 0% internal; Reserve: 38400K, Max: 256K
[2026-04-03T03:17:13.025+0600][54.564s][info][gc,stats    ] 
[2026-04-03T03:17:13.025+0600][54.564s][info][gc,stats    ] All times are wall-clock times, except per-root-class counters, that are sum over
[2026-04-03T03:17:13.025+0600][54.564s][info][gc,stats    ] all workers. Dividing the <total> over the root stage time estimates parallelism.
[2026-04-03T03:17:13.025+0600][54.564s][info][gc,stats    ] 
[2026-04-03T03:17:13.025+0600][54.564s][info][gc,stats    ] Concurrent Reset                   1677 us
[2026-04-03T03:17:13.025+0600][54.564s][info][gc,stats    ] Pause Init Mark (G)                 561 us
[2026-04-03T03:17:13.025+0600][54.564s][info][gc,stats    ] Pause Init Mark (N)                 168 us
[2026-04-03T03:17:13.025+0600][54.564s][info][gc,stats    ]   Update Region States               43 us
[2026-04-03T03:17:13.025+0600][54.564s][info][gc,stats    ] Concurrent Mark Roots               988 us, parallelism: 1.91x
[2026-04-03T03:17:13.025+0600][54.564s][info][gc,stats    ]   CMR: <total>                     1887 us
[2026-04-03T03:17:13.025+0600][54.564s][info][gc,stats    ]   CMR: Thread Roots                1632 us, workers (us): 623, 399, 610, ---, ---, ---, 
[2026-04-03T03:17:13.025+0600][54.564s][info][gc,stats    ]   CMR: VM Strong Roots               38 us, workers (us):  22,  15,   1, ---, ---, ---, 
[2026-04-03T03:17:13.025+0600][54.564s][info][gc,stats    ]   CMR: CLDG Roots                   217 us, workers (us): ---, 217, ---, ---, ---, ---, 
[2026-04-03T03:17:13.025+0600][54.564s][info][gc,stats    ] Concurrent Marking               294329 us
[2026-04-03T03:17:13.025+0600][54.564s][info][gc,stats    ] Pause Final Mark (G)               1349 us
[2026-04-03T03:17:13.025+0600][54.564s][info][gc,stats    ] Pause Final Mark (N)               1079 us
[2026-04-03T03:17:13.025+0600][54.564s][info][gc,stats    ]   Finish Mark                       310 us
[2026-04-03T03:17:13.025+0600][54.564s][info][gc,stats    ]   Update Region States               57 us
[2026-04-03T03:17:13.025+0600][54.564s][info][gc,stats    ]   Choose Collection Set             443 us
[2026-04-03T03:17:13.025+0600][54.564s][info][gc,stats    ]   Rebuild Free Set                   50 us
[2026-04-03T03:17:13.025+0600][54.564s][info][gc,stats    ] Concurrent Thread Roots             745 us, parallelism: 2.04x
[2026-04-03T03:17:13.025+0600][54.564s][info][gc,stats    ]   CTR: <total>                     1519 us
[2026-04-03T03:17:13.025+0600][54.564s][info][gc,stats    ]   CTR: Thread Roots                1519 us, workers (us): 537, 495, 487, ---, ---, ---, 
[2026-04-03T03:17:13.026+0600][54.564s][info][gc,stats    ] Concurrent Weak References          339 us, parallelism: 0.95x
[2026-04-03T03:17:13.026+0600][54.564s][info][gc,stats    ]   CWRF: <total>                     320 us
[2026-04-03T03:17:13.026+0600][54.564s][info][gc,stats    ]   CWRF: Weak References             320 us, workers (us):  87,  84, 149, ---, ---, ---, 
[2026-04-03T03:17:13.026+0600][54.564s][info][gc,stats    ] Concurrent Weak Roots              2403 us
[2026-04-03T03:17:13.026+0600][54.564s][info][gc,stats    ]   Roots                            2095 us, parallelism: 2.50x
[2026-04-03T03:17:13.026+0600][54.564s][info][gc,stats    ]     CWR: <total>                   5234 us
[2026-04-03T03:17:13.026+0600][54.564s][info][gc,stats    ]     CWR: Code Cache Roots          3530 us, workers (us): 1186, 1084, 1260, ---, ---, ---, 
[2026-04-03T03:17:13.026+0600][54.564s][info][gc,stats    ]     CWR: VM Weak Roots             1571 us, workers (us): 553, 542, 475, ---, ---, ---, 
[2026-04-03T03:17:13.026+0600][54.564s][info][gc,stats    ]     CWR: CLDG Roots                 134 us, workers (us): ---, 134, ---, ---, ---, ---, 
[2026-04-03T03:17:13.026+0600][54.564s][info][gc,stats    ]   Rendezvous                        198 us
[2026-04-03T03:17:13.026+0600][54.564s][info][gc,stats    ] Concurrent Cleanup                  197 us
[2026-04-03T03:17:13.026+0600][54.564s][info][gc,stats    ] Concurrent Class Unloading         5941 us
[2026-04-03T03:17:13.026+0600][54.564s][info][gc,stats    ]   Unlink Stale                     5302 us
[2026-04-03T03:17:13.026+0600][54.564s][info][gc,stats    ]     System Dictionary               103 us
[2026-04-03T03:17:13.026+0600][54.564s][info][gc,stats    ]     Weak Class Links                  0 us
[2026-04-03T03:17:13.026+0600][54.564s][info][gc,stats    ]     Code Roots                     5195 us
[2026-04-03T03:17:13.026+0600][54.564s][info][gc,stats    ]   Rendezvous                        298 us
[2026-04-03T03:17:13.026+0600][54.564s][info][gc,stats    ]   Purge Unlinked                    222 us
[2026-04-03T03:17:13.026+0600][54.564s][info][gc,stats    ]     Code Roots                      211 us
[2026-04-03T03:17:13.026+0600][54.564s][info][gc,stats    ]     CLDG                             10 us
[2026-04-03T03:17:13.026+0600][54.564s][info][gc,stats    ]     Exception Caches                  0 us
[2026-04-03T03:17:13.026+0600][54.564s][info][gc,stats    ] Concurrent Strong Roots             881 us, parallelism: 0.59x
[2026-04-03T03:17:13.026+0600][54.564s][info][gc,stats    ]   CSR: <total>                      516 us
[2026-04-03T03:17:13.026+0600][54.564s][info][gc,stats    ]   CSR: VM Strong Roots               31 us, workers (us):  30,   1,   0, ---, ---, ---, 
[2026-04-03T03:17:13.026+0600][54.564s][info][gc,stats    ]   CSR: CLDG Roots                   485 us, workers (us): 485, ---, ---, ---, ---, ---, 
[2026-04-03T03:17:13.026+0600][54.564s][info][gc,stats    ] Concurrent Evacuation             34223 us
[2026-04-03T03:17:13.026+0600][54.564s][info][gc,stats    ] Pause Init Update Refs (G)          520 us
[2026-04-03T03:17:13.026+0600][54.564s][info][gc,stats    ] Pause Init Update Refs (N)          112 us
[2026-04-03T03:17:13.026+0600][54.564s][info][gc,stats    ]   Manage GCLABs                      21 us
[2026-04-03T03:17:13.026+0600][54.564s][info][gc,stats    ] Concurrent Update Refs           124387 us
[2026-04-03T03:17:13.026+0600][54.564s][info][gc,stats    ] Concurrent Update Thread Roots      921 us
[2026-04-03T03:17:13.026+0600][54.564s][info][gc,stats    ] Pause Final Update Refs (G)         441 us
[2026-04-03T03:17:13.026+0600][54.564s][info][gc,stats    ] Pause Final Update Refs (N)         220 us
[2026-04-03T03:17:13.026+0600][54.564s][info][gc,stats    ]   Update Region States               85 us
[2026-04-03T03:17:13.026+0600][54.564s][info][gc,stats    ]   Trash Collection Set               20 us
[2026-04-03T03:17:13.026+0600][54.564s][info][gc,stats    ]   Rebuild Free Set                   36 us
[2026-04-03T03:17:13.026+0600][54.564s][info][gc,stats    ] Concurrent Cleanup                  258 us
[2026-04-03T03:17:13.026+0600][54.564s][info][gc,stats    ] 
[2026-04-03T03:17:13.026+0600][54.564s][info][gc,stats    ] Allocation pacing accrued:
[2026-04-03T03:17:13.026+0600][54.564s][info][gc,stats    ]       0 of   472 ms (  0.0%): <total>
[2026-04-03T03:17:13.026+0600][54.564s][info][gc,stats    ]       0 of   472 ms (  0.0%): <average total>
[2026-04-03T03:17:13.026+0600][54.564s][info][gc,stats    ] 
[2026-04-03T03:17:13.026+0600][54.564s][info][gc,metaspace] Metaspace: 72915K(73984K)->72953K(73984K) NonClass: 63623K(64256K)->63656K(64256K) Class: 9292K(9728K)->9296K(9728K)
[2026-04-03T03:17:13.026+0600][54.564s][info][gc,ergo     ] Pacer for Idle. Initial: 15360K, Alloc Tax Rate: 1.0x
[2026-04-03T03:17:13.027+0600][54.565s][info][gc          ] Trigger: Learning 5 of 5. Free (383M) is below initial threshold (525M)
[2026-04-03T03:17:13.027+0600][54.565s][info][gc,ergo     ] Free: 383M, Max: 256K regular, 172M humongous, Frag: 55% external, 0% internal; Reserve: 38400K, Max: 256K
[2026-04-03T03:17:13.027+0600][54.565s][info][gc,start    ] GC(74) Concurrent reset
[2026-04-03T03:17:13.027+0600][54.565s][info][gc,task     ] GC(74) Using 3 of 6 workers for concurrent reset
[2026-04-03T03:17:13.027+0600][54.566s][info][gc,ergo     ] GC(74) Pacer for Reset. Non-Taxable: 750M
[2026-04-03T03:17:13.029+0600][54.567s][info][gc          ] GC(74) Concurrent reset 1.510ms
[2026-04-03T03:17:13.029+0600][54.567s][info][gc,start    ] GC(74) Pause Init Mark (unload classes)
[2026-04-03T03:17:13.029+0600][54.567s][info][gc,task     ] GC(74) Using 6 of 6 workers for init marking
[2026-04-03T03:17:13.029+0600][54.567s][info][gc,ergo     ] GC(74) Pacer for Mark. Expected Live: 190M, Free: 382M, Non-Taxable: 39201K, Alloc Tax Rate: 0.6x
[2026-04-03T03:17:13.029+0600][54.567s][info][gc          ] GC(74) Pause Init Mark (unload classes) 0.111ms
[2026-04-03T03:17:13.029+0600][54.567s][info][gc,start    ] GC(74) Concurrent marking roots
[2026-04-03T03:17:13.029+0600][54.568s][info][gc,task     ] GC(74) Using 3 of 6 workers for concurrent marking roots
[2026-04-03T03:17:13.030+0600][54.568s][info][gc          ] GC(74) Concurrent marking roots 0.923ms
[2026-04-03T03:17:13.030+0600][54.568s][info][gc,start    ] GC(74) Concurrent marking (unload classes)
[2026-04-03T03:17:13.030+0600][54.568s][info][gc,task     ] GC(74) Using 3 of 6 workers for concurrent marking
[2026-04-03T03:17:13.335+0600][54.874s][info][gc          ] GC(74) Concurrent marking (unload classes) 305.291ms
[2026-04-03T03:17:13.336+0600][54.874s][info][gc,start    ] GC(74) Pause Final Mark (unload classes)
[2026-04-03T03:17:13.336+0600][54.874s][info][gc,task     ] GC(74) Using 6 of 6 workers for final marking
[2026-04-03T03:17:13.336+0600][54.875s][info][gc,ergo     ] GC(74) Adaptive CSet Selection. Target Free: 106M, Actual Free: 411M, Max CSet: 32000K, Min Garbage: 0B
[2026-04-03T03:17:13.337+0600][54.875s][info][gc,ergo     ] GC(74) Collectable Garbage: 87351K (93%), Immediate: 34130K (36%), CSet: 53220K (57%)
[2026-04-03T03:17:13.337+0600][54.875s][info][gc,ergo     ] GC(74) Pacer for Evacuation. Used CSet: 68608K, Free: 375M, Non-Taxable: 38458K, Alloc Tax Rate: 1.1x
[2026-04-03T03:17:13.337+0600][54.875s][info][gc          ] GC(74) Pause Final Mark (unload classes) 0.980ms
[2026-04-03T03:17:13.337+0600][54.875s][info][gc,start    ] GC(74) Concurrent thread roots
[2026-04-03T03:17:13.337+0600][54.875s][info][gc,task     ] GC(74) Using 3 of 6 workers for Concurrent thread roots
[2026-04-03T03:17:13.337+0600][54.876s][info][gc          ] GC(74) Concurrent thread roots 0.711ms
[2026-04-03T03:17:13.338+0600][54.876s][info][gc,start    ] GC(74) Concurrent weak references
[2026-04-03T03:17:13.338+0600][54.876s][info][gc,task     ] GC(74) Using 3 of 6 workers for concurrent weak references
[2026-04-03T03:17:13.338+0600][54.876s][info][gc,ref      ] GC(74) Encountered references: Soft: 3175, Weak: 6265, Final: 84, Phantom: 602
[2026-04-03T03:17:13.338+0600][54.876s][info][gc,ref      ] GC(74) Discovered  references: Soft: 0, Weak: 542, Final: 0, Phantom: 598
[2026-04-03T03:17:13.338+0600][54.876s][info][gc,ref      ] GC(74) Enqueued    references: Soft: 0, Weak: 4, Final: 0, Phantom: 0
[2026-04-03T03:17:13.338+0600][54.876s][info][gc          ] GC(74) Concurrent weak references 0.408ms
[2026-04-03T03:17:13.338+0600][54.876s][info][gc,start    ] GC(74) Concurrent weak roots
[2026-04-03T03:17:13.338+0600][54.876s][info][gc,task     ] GC(74) Using 3 of 6 workers for concurrent weak root
[2026-04-03T03:17:13.340+0600][54.879s][info][gc          ] GC(74) Concurrent weak roots 2.465ms
[2026-04-03T03:17:13.340+0600][54.879s][info][gc,start    ] GC(74) Concurrent cleanup
[2026-04-03T03:17:13.341+0600][54.879s][info][gc          ] GC(74) Concurrent cleanup 368M->334M(482M) 0.218ms
[2026-04-03T03:17:13.341+0600][54.879s][info][gc,ergo     ] GC(74) Free: 374M, Max: 256K regular, 172M humongous, Frag: 54% external, 0% internal; Reserve: 38209K, Max: 256K
[2026-04-03T03:17:13.341+0600][54.879s][info][gc,start    ] GC(74) Concurrent class unloading
[2026-04-03T03:17:13.341+0600][54.879s][info][gc,task     ] GC(74) Using 3 of 6 workers for concurrent class unloading
[2026-04-03T03:17:13.347+0600][54.885s][info][gc          ] GC(74) Concurrent class unloading 5.769ms
[2026-04-03T03:17:13.347+0600][54.885s][info][gc,start    ] GC(74) Concurrent strong roots
[2026-04-03T03:17:13.347+0600][54.885s][info][gc,task     ] GC(74) Using 3 of 6 workers for concurrent strong root
[2026-04-03T03:17:13.347+0600][54.886s][info][gc          ] GC(74) Concurrent strong roots 0.817ms
[2026-04-03T03:17:13.348+0600][54.886s][info][gc,start    ] GC(74) Concurrent evacuation
[2026-04-03T03:17:13.348+0600][54.886s][info][gc,task     ] GC(74) Using 3 of 6 workers for concurrent evacuation
[2026-04-03T03:17:13.363+0600][54.902s][info][gc          ] GC(74) Concurrent evacuation 15.857ms
[2026-04-03T03:17:13.364+0600][54.902s][info][gc,start    ] GC(74) Pause Init Update Refs
[2026-04-03T03:17:13.364+0600][54.902s][info][gc,ergo     ] GC(74) Pacer for Update Refs. Used: 353M, Free: 372M, Non-Taxable: 38124K, Alloc Tax Rate: 1.2x
[2026-04-03T03:17:13.364+0600][54.902s][info][gc          ] GC(74) Pause Init Update Refs 0.123ms
[2026-04-03T03:17:13.364+0600][54.902s][info][gc,start    ] GC(74) Concurrent update references
[2026-04-03T03:17:13.364+0600][54.902s][info][gc,task     ] GC(74) Using 3 of 6 workers for concurrent reference update
[2026-04-03T03:17:13.477+0600][55.015s][info][gc          ] GC(74) Concurrent update references 112.679ms
[2026-04-03T03:17:13.477+0600][55.015s][info][gc,start    ] GC(74) Concurrent update thread roots
[2026-04-03T03:17:13.477+0600][55.016s][info][gc          ] GC(74) Concurrent update thread roots 0.809ms
[2026-04-03T03:17:13.478+0600][55.016s][info][gc,start    ] GC(74) Pause Final Update Refs
[2026-04-03T03:17:13.478+0600][55.016s][info][gc,task     ] GC(74) Using 6 of 6 workers for final reference update
[2026-04-03T03:17:13.478+0600][55.016s][info][gc          ] GC(74) Pause Final Update Refs 0.215ms
[2026-04-03T03:17:13.478+0600][55.016s][info][gc,start    ] GC(74) Concurrent cleanup
[2026-04-03T03:17:13.478+0600][55.017s][info][gc          ] GC(74) Concurrent cleanup 368M->301M(496M) 0.244ms
[2026-04-03T03:17:13.478+0600][55.017s][info][gc,ergo     ] Free: 408M, Max: 256K regular, 172M humongous, Frag: 58% external, 0% internal; Reserve: 38400K, Max: 256K
[2026-04-03T03:17:13.478+0600][55.017s][info][gc,stats    ] 
[2026-04-03T03:17:13.478+0600][55.017s][info][gc,stats    ] All times are wall-clock times, except per-root-class counters, that are sum over
[2026-04-03T03:17:13.478+0600][55.017s][info][gc,stats    ] all workers. Dividing the <total> over the root stage time estimates parallelism.
[2026-04-03T03:17:13.478+0600][55.017s][info][gc,stats    ] 
[2026-04-03T03:17:13.478+0600][55.017s][info][gc,stats    ] Concurrent Reset                   1566 us
[2026-04-03T03:17:13.478+0600][55.017s][info][gc,stats    ] Pause Init Mark (G)                 428 us
[2026-04-03T03:17:13.478+0600][55.017s][info][gc,stats    ] Pause Init Mark (N)                 126 us
[2026-04-03T03:17:13.478+0600][55.017s][info][gc,stats    ]   Update Region States               29 us
[2026-04-03T03:17:13.478+0600][55.017s][info][gc,stats    ] Concurrent Mark Roots               968 us, parallelism: 1.64x
[2026-04-03T03:17:13.478+0600][55.017s][info][gc,stats    ]   CMR: <total>                     1592 us
[2026-04-03T03:17:13.478+0600][55.017s][info][gc,stats    ]   CMR: Thread Roots                1241 us, workers (us): 213, 514, 514, ---, ---, ---, 
[2026-04-03T03:17:13.479+0600][55.017s][info][gc,stats    ]   CMR: VM Strong Roots               56 us, workers (us):  50,   5,   1, ---, ---, ---, 
[2026-04-03T03:17:13.479+0600][55.017s][info][gc,stats    ]   CMR: CLDG Roots                   295 us, workers (us): 295, ---, ---, ---, ---, ---, 
[2026-04-03T03:17:13.479+0600][55.017s][info][gc,stats    ] Concurrent Marking               305360 us
[2026-04-03T03:17:13.479+0600][55.017s][info][gc,stats    ] Pause Final Mark (G)               1344 us
[2026-04-03T03:17:13.479+0600][55.017s][info][gc,stats    ] Pause Final Mark (N)                992 us
[2026-04-03T03:17:13.479+0600][55.017s][info][gc,stats    ]   Finish Mark                       401 us
[2026-04-03T03:17:13.479+0600][55.017s][info][gc,stats    ]   Update Region States               47 us
[2026-04-03T03:17:13.479+0600][55.017s][info][gc,stats    ]   Choose Collection Set             309 us
[2026-04-03T03:17:13.479+0600][55.017s][info][gc,stats    ]   Rebuild Free Set                   40 us
[2026-04-03T03:17:13.479+0600][55.017s][info][gc,stats    ] Concurrent Thread Roots             761 us, parallelism: 1.80x
[2026-04-03T03:17:13.479+0600][55.017s][info][gc,stats    ]   CTR: <total>                     1370 us
[2026-04-03T03:17:13.479+0600][55.017s][info][gc,stats    ]   CTR: Thread Roots                1370 us, workers (us): 513, 435, 422, ---, ---, ---, 
[2026-04-03T03:17:13.479+0600][55.017s][info][gc,stats    ] Concurrent Weak References          421 us, parallelism: 0.46x
[2026-04-03T03:17:13.479+0600][55.017s][info][gc,stats    ]   CWRF: <total>                     194 us
[2026-04-03T03:17:13.479+0600][55.017s][info][gc,stats    ]   CWRF: Weak References             194 us, workers (us):  56,  49,  90, ---, ---, ---, 
[2026-04-03T03:17:13.479+0600][55.017s][info][gc,stats    ] Concurrent Weak Roots              2528 us
[2026-04-03T03:17:13.479+0600][55.017s][info][gc,stats    ]   Roots                            2108 us, parallelism: 2.44x
[2026-04-03T03:17:13.479+0600][55.017s][info][gc,stats    ]     CWR: <total>                   5132 us
[2026-04-03T03:17:13.479+0600][55.017s][info][gc,stats    ]     CWR: Code Cache Roots          3563 us, workers (us): 1293, 1026, 1244, ---, ---, ---, 
[2026-04-03T03:17:13.479+0600][55.017s][info][gc,stats    ]     CWR: VM Weak Roots             1439 us, workers (us): 548, 444, 446, ---, ---, ---, 
[2026-04-03T03:17:13.479+0600][55.017s][info][gc,stats    ]     CWR: CLDG Roots                 131 us, workers (us): ---, 131, ---, ---, ---, ---, 
[2026-04-03T03:17:13.479+0600][55.017s][info][gc,stats    ]   Rendezvous                        328 us
[2026-04-03T03:17:13.479+0600][55.017s][info][gc,stats    ] Concurrent Cleanup                  238 us
[2026-04-03T03:17:13.479+0600][55.017s][info][gc,stats    ] Concurrent Class Unloading         5835 us
[2026-04-03T03:17:13.479+0600][55.017s][info][gc,stats    ]   Unlink Stale                     5164 us
[2026-04-03T03:17:13.479+0600][55.017s][info][gc,stats    ]     System Dictionary                86 us
[2026-04-03T03:17:13.479+0600][55.017s][info][gc,stats    ]     Weak Class Links                  0 us
[2026-04-03T03:17:13.479+0600][55.017s][info][gc,stats    ]     Code Roots                     5075 us
[2026-04-03T03:17:13.479+0600][55.017s][info][gc,stats    ]   Rendezvous                        356 us
[2026-04-03T03:17:13.479+0600][55.017s][info][gc,stats    ]   Purge Unlinked                    215 us
[2026-04-03T03:17:13.479+0600][55.017s][info][gc,stats    ]     Code Roots                      205 us
[2026-04-03T03:17:13.479+0600][55.017s][info][gc,stats    ]     CLDG                              9 us
[2026-04-03T03:17:13.479+0600][55.017s][info][gc,stats    ]     Exception Caches                  0 us
[2026-04-03T03:17:13.479+0600][55.017s][info][gc,stats    ] Concurrent Strong Roots             885 us, parallelism: 0.52x
[2026-04-03T03:17:13.479+0600][55.017s][info][gc,stats    ]   CSR: <total>                      459 us
[2026-04-03T03:17:13.479+0600][55.017s][info][gc,stats    ]   CSR: VM Strong Roots               27 us, workers (us):  26,   1,   0, ---, ---, ---, 
[2026-04-03T03:17:13.479+0600][55.017s][info][gc,stats    ]   CSR: CLDG Roots                   431 us, workers (us): 431, ---, ---, ---, ---, ---, 
[2026-04-03T03:17:13.479+0600][55.017s][info][gc,stats    ] Concurrent Evacuation             15929 us
[2026-04-03T03:17:13.479+0600][55.017s][info][gc,stats    ] Pause Init Update Refs (G)          393 us
[2026-04-03T03:17:13.479+0600][55.017s][info][gc,stats    ] Pause Init Update Refs (N)          134 us
[2026-04-03T03:17:13.479+0600][55.017s][info][gc,stats    ]   Manage GCLABs                      42 us
[2026-04-03T03:17:13.479+0600][55.017s][info][gc,stats    ] Concurrent Update Refs           112746 us
[2026-04-03T03:17:13.479+0600][55.017s][info][gc,stats    ] Concurrent Update Thread Roots      874 us
[2026-04-03T03:17:13.479+0600][55.017s][info][gc,stats    ] Pause Final Update Refs (G)         602 us
[2026-04-03T03:17:13.479+0600][55.017s][info][gc,stats    ] Pause Final Update Refs (N)         227 us
[2026-04-03T03:17:13.479+0600][55.017s][info][gc,stats    ]   Update Region States               55 us
[2026-04-03T03:17:13.479+0600][55.017s][info][gc,stats    ]   Trash Collection Set               11 us
[2026-04-03T03:17:13.479+0600][55.017s][info][gc,stats    ]   Rebuild Free Set                   35 us
[2026-04-03T03:17:13.479+0600][55.017s][info][gc,stats    ] Concurrent Cleanup                  265 us
[2026-04-03T03:17:13.479+0600][55.017s][info][gc,stats    ] 
[2026-04-03T03:17:13.479+0600][55.017s][info][gc,stats    ] Allocation pacing accrued:
[2026-04-03T03:17:13.479+0600][55.017s][info][gc,stats    ]       0 of   453 ms (  0.0%): <total>
[2026-04-03T03:17:13.479+0600][55.017s][info][gc,stats    ]       0 of   453 ms (  0.0%): <average total>
[2026-04-03T03:17:13.479+0600][55.017s][info][gc,stats    ] 
[2026-04-03T03:17:13.479+0600][55.017s][info][gc,metaspace] Metaspace: 72953K(73984K)->72955K(73984K) NonClass: 63656K(64256K)->63659K(64256K) Class: 9296K(9728K)->9296K(9728K)
[2026-04-03T03:17:13.479+0600][55.017s][info][gc,ergo     ] Pacer for Idle. Initial: 15360K, Alloc Tax Rate: 1.0x
[2026-04-03T03:17:13.781+0600][55.319s][info][gc          ] Trigger: Average GC time (553.24 ms) is above the time for average allocation rate (498 MB/s) to deplete free headroom (248M) (margin of error = 1.93)
[2026-04-03T03:17:13.781+0600][55.319s][info][gc,ergo     ] Free headroom: 286M (free) - 38400K (spike) - 0B (penalties) = 248M
[2026-04-03T03:17:13.781+0600][55.319s][info][gc,ergo     ] Free: 286M, Max: 256K regular, 172M humongous, Frag: 40% external, 0% internal; Reserve: 38400K, Max: 256K
[2026-04-03T03:17:13.781+0600][55.319s][info][gc,start    ] GC(75) Concurrent reset
[2026-04-03T03:17:13.781+0600][55.319s][info][gc,task     ] GC(75) Using 3 of 6 workers for concurrent reset
[2026-04-03T03:17:13.781+0600][55.319s][info][gc,ergo     ] GC(75) Pacer for Reset. Non-Taxable: 750M
[2026-04-03T03:17:13.782+0600][55.321s][info][gc          ] GC(75) Concurrent reset 1.103ms
[2026-04-03T03:17:13.782+0600][55.321s][info][gc,start    ] GC(75) Pause Init Mark (unload classes)
[2026-04-03T03:17:13.783+0600][55.321s][info][gc,task     ] GC(75) Using 6 of 6 workers for init marking
[2026-04-03T03:17:13.783+0600][55.321s][info][gc,ergo     ] GC(75) Pacer for Mark. Expected Live: 188M, Free: 285M, Non-Taxable: 29268K, Alloc Tax Rate: 0.8x
[2026-04-03T03:17:13.783+0600][55.321s][info][gc          ] GC(75) Pause Init Mark (unload classes) 0.114ms
[2026-04-03T03:17:13.783+0600][55.321s][info][gc,start    ] GC(75) Concurrent marking roots
[2026-04-03T03:17:13.783+0600][55.321s][info][gc,task     ] GC(75) Using 3 of 6 workers for concurrent marking roots
[2026-04-03T03:17:13.784+0600][55.322s][info][gc          ] GC(75) Concurrent marking roots 0.799ms
[2026-04-03T03:17:13.784+0600][55.322s][info][gc,start    ] GC(75) Concurrent marking (unload classes)
[2026-04-03T03:17:13.784+0600][55.322s][info][gc,task     ] GC(75) Using 3 of 6 workers for concurrent marking
[2026-04-03T03:17:13.996+0600][55.534s][info][gc          ] GC(75) Concurrent marking (unload classes) 211.958ms
[2026-04-03T03:17:13.996+0600][55.534s][info][gc,start    ] GC(75) Pause Final Mark (unload classes)
[2026-04-03T03:17:13.996+0600][55.534s][info][gc,task     ] GC(75) Using 6 of 6 workers for final marking
[2026-04-03T03:17:13.996+0600][55.535s][info][gc,ergo     ] GC(75) Adaptive CSet Selection. Target Free: 106M, Actual Free: 451M, Max CSet: 32000K, Min Garbage: 0B
[2026-04-03T03:17:13.996+0600][55.535s][info][gc,ergo     ] GC(75) Collectable Garbage: 245M (97%), Immediate: 182M (72%), CSet: 63877K (24%)
[2026-04-03T03:17:13.997+0600][55.535s][info][gc,ergo     ] GC(75) Pacer for Evacuation. Used CSet: 79615K, Free: 415M, Non-Taxable: 42503K, Alloc Tax Rate: 1.1x
[2026-04-03T03:17:13.997+0600][55.535s][info][gc          ] GC(75) Pause Final Mark (unload classes) 0.793ms
[2026-04-03T03:17:13.997+0600][55.535s][info][gc,start    ] GC(75) Concurrent thread roots
[2026-04-03T03:17:13.997+0600][55.535s][info][gc,task     ] GC(75) Using 3 of 6 workers for Concurrent thread roots
[2026-04-03T03:17:13.997+0600][55.536s][info][gc          ] GC(75) Concurrent thread roots 0.704ms
[2026-04-03T03:17:13.997+0600][55.536s][info][gc,start    ] GC(75) Concurrent weak references
[2026-04-03T03:17:13.997+0600][55.536s][info][gc,task     ] GC(75) Using 3 of 6 workers for concurrent weak references
[2026-04-03T03:17:13.998+0600][55.536s][info][gc,ref      ] GC(75) Encountered references: Soft: 3175, Weak: 6262, Final: 84, Phantom: 601
[2026-04-03T03:17:13.998+0600][55.536s][info][gc,ref      ] GC(75) Discovered  references: Soft: 0, Weak: 3043, Final: 4, Phantom: 597
[2026-04-03T03:17:13.998+0600][55.536s][info][gc,ref      ] GC(75) Enqueued    references: Soft: 0, Weak: 0, Final: 0, Phantom: 0
[2026-04-03T03:17:13.998+0600][55.536s][info][gc          ] GC(75) Concurrent weak references 0.507ms
[2026-04-03T03:17:13.998+0600][55.536s][info][gc,start    ] GC(75) Concurrent weak roots
[2026-04-03T03:17:13.998+0600][55.536s][info][gc,task     ] GC(75) Using 3 of 6 workers for concurrent weak root
[2026-04-03T03:17:14.000+0600][55.539s][info][gc          ] GC(75) Concurrent weak roots 2.333ms
[2026-04-03T03:17:14.000+0600][55.539s][info][gc,start    ] GC(75) Concurrent cleanup
[2026-04-03T03:17:14.001+0600][55.539s][info][gc          ] GC(75) Concurrent cleanup 478M->296M(496M) 0.676ms
[2026-04-03T03:17:14.001+0600][55.539s][info][gc,ergo     ] GC(75) Free: 413M, Max: 256K regular, 172M humongous, Frag: 59% external, 0% internal; Reserve: 38170K, Max: 256K
[2026-04-03T03:17:14.001+0600][55.540s][info][gc,start    ] GC(75) Concurrent class unloading
[2026-04-03T03:17:14.001+0600][55.540s][info][gc,task     ] GC(75) Using 3 of 6 workers for concurrent class unloading
[2026-04-03T03:17:14.007+0600][55.546s][info][gc          ] GC(75) Concurrent class unloading 6.190ms
[2026-04-03T03:17:14.007+0600][55.546s][info][gc,start    ] GC(75) Concurrent strong roots
[2026-04-03T03:17:14.007+0600][55.546s][info][gc,task     ] GC(75) Using 3 of 6 workers for concurrent strong root
[2026-04-03T03:17:14.008+0600][55.547s][info][gc          ] GC(75) Concurrent strong roots 0.810ms
[2026-04-03T03:17:14.008+0600][55.547s][info][gc,start    ] GC(75) Concurrent evacuation
[2026-04-03T03:17:14.008+0600][55.547s][info][gc,task     ] GC(75) Using 3 of 6 workers for concurrent evacuation
[2026-04-03T03:17:14.021+0600][55.560s][info][gc          ] GC(75) Concurrent evacuation 12.824ms
[2026-04-03T03:17:14.022+0600][55.560s][info][gc,start    ] GC(75) Pause Init Update Refs
[2026-04-03T03:17:14.022+0600][55.560s][info][gc,ergo     ] GC(75) Pacer for Update Refs. Used: 322M, Free: 403M, Non-Taxable: 41300K, Alloc Tax Rate: 1.1x
[2026-04-03T03:17:14.022+0600][55.560s][info][gc          ] GC(75) Pause Init Update Refs 0.208ms
[2026-04-03T03:17:14.022+0600][55.560s][info][gc,start    ] GC(75) Concurrent update references
[2026-04-03T03:17:14.022+0600][55.560s][info][gc,task     ] GC(75) Using 3 of 6 workers for concurrent reference update
[2026-04-03T03:17:14.123+0600][55.662s][info][gc          ] GC(75) Concurrent update references 101.439ms
[2026-04-03T03:17:14.123+0600][55.662s][info][gc,start    ] GC(75) Concurrent update thread roots
[2026-04-03T03:17:14.124+0600][55.663s][info][gc          ] GC(75) Concurrent update thread roots 0.893ms
[2026-04-03T03:17:14.125+0600][55.663s][info][gc,start    ] GC(75) Pause Final Update Refs
[2026-04-03T03:17:14.125+0600][55.663s][info][gc,task     ] GC(75) Using 6 of 6 workers for final reference update
[2026-04-03T03:17:14.125+0600][55.663s][info][gc          ] GC(75) Pause Final Update Refs 0.238ms
[2026-04-03T03:17:14.125+0600][55.663s][info][gc,start    ] GC(75) Concurrent cleanup
[2026-04-03T03:17:14.125+0600][55.664s][info][gc          ] GC(75) Concurrent cleanup 370M->292M(496M) 0.268ms
[2026-04-03T03:17:14.125+0600][55.664s][info][gc,ergo     ] Free: 416M, Max: 256K regular, 172M humongous, Frag: 59% external, 0% internal; Reserve: 38400K, Max: 256K
[2026-04-03T03:17:14.125+0600][55.664s][info][gc,stats    ] 
[2026-04-03T03:17:14.125+0600][55.664s][info][gc,stats    ] All times are wall-clock times, except per-root-class counters, that are sum over
[2026-04-03T03:17:14.125+0600][55.664s][info][gc,stats    ] all workers. Dividing the <total> over the root stage time estimates parallelism.
[2026-04-03T03:17:14.125+0600][55.664s][info][gc,stats    ] 
[2026-04-03T03:17:14.125+0600][55.664s][info][gc,stats    ] Concurrent Reset                   1155 us
[2026-04-03T03:17:14.125+0600][55.664s][info][gc,stats    ] Pause Init Mark (G)                 472 us
[2026-04-03T03:17:14.126+0600][55.664s][info][gc,stats    ] Pause Init Mark (N)                 125 us
[2026-04-03T03:17:14.126+0600][55.664s][info][gc,stats    ]   Update Region States               26 us
[2026-04-03T03:17:14.126+0600][55.664s][info][gc,stats    ] Concurrent Mark Roots               837 us, parallelism: 1.69x
[2026-04-03T03:17:14.126+0600][55.664s][info][gc,stats    ]   CMR: <total>                     1416 us
[2026-04-03T03:17:14.126+0600][55.664s][info][gc,stats    ]   CMR: Thread Roots                1094 us, workers (us): 172, 470, 452, ---, ---, ---, 
[2026-04-03T03:17:14.126+0600][55.664s][info][gc,stats    ]   CMR: VM Strong Roots               32 us, workers (us):  26,   5,   1, ---, ---, ---, 
[2026-04-03T03:17:14.126+0600][55.664s][info][gc,stats    ]   CMR: CLDG Roots                   290 us, workers (us): 290, ---, ---, ---, ---, ---, 
[2026-04-03T03:17:14.126+0600][55.664s][info][gc,stats    ] Concurrent Marking               212048 us
[2026-04-03T03:17:14.126+0600][55.664s][info][gc,stats    ] Pause Final Mark (G)               1124 us
[2026-04-03T03:17:14.126+0600][55.664s][info][gc,stats    ] Pause Final Mark (N)                808 us
[2026-04-03T03:17:14.126+0600][55.664s][info][gc,stats    ]   Finish Mark                       252 us
[2026-04-03T03:17:14.126+0600][55.664s][info][gc,stats    ]   Update Region States               66 us
[2026-04-03T03:17:14.126+0600][55.664s][info][gc,stats    ]   Choose Collection Set             335 us
[2026-04-03T03:17:14.126+0600][55.664s][info][gc,stats    ]   Rebuild Free Set                   41 us
[2026-04-03T03:17:14.126+0600][55.664s][info][gc,stats    ] Concurrent Thread Roots             731 us, parallelism: 2.12x
[2026-04-03T03:17:14.126+0600][55.664s][info][gc,stats    ]   CTR: <total>                     1546 us
[2026-04-03T03:17:14.126+0600][55.664s][info][gc,stats    ]   CTR: Thread Roots                1546 us, workers (us): 524, 525, 497, ---, ---, ---, 
[2026-04-03T03:17:14.126+0600][55.664s][info][gc,stats    ] Concurrent Weak References          515 us, parallelism: 0.82x
[2026-04-03T03:17:14.126+0600][55.664s][info][gc,stats    ]   CWRF: <total>                     423 us
[2026-04-03T03:17:14.126+0600][55.664s][info][gc,stats    ]   CWRF: Weak References             423 us, workers (us): 421,   1,   0, ---, ---, ---, 
[2026-04-03T03:17:14.126+0600][55.664s][info][gc,stats    ] Concurrent Weak Roots              2398 us
[2026-04-03T03:17:14.126+0600][55.664s][info][gc,stats    ]   Roots                            2039 us, parallelism: 2.56x
[2026-04-03T03:17:14.126+0600][55.664s][info][gc,stats    ]     CWR: <total>                   5221 us
[2026-04-03T03:17:14.126+0600][55.664s][info][gc,stats    ]     CWR: Code Cache Roots          3499 us, workers (us): 1215, 1130, 1154, ---, ---, ---, 
[2026-04-03T03:17:14.126+0600][55.664s][info][gc,stats    ]     CWR: VM Weak Roots             1593 us, workers (us): 545, 542, 506, ---, ---, ---, 
[2026-04-03T03:17:14.126+0600][55.664s][info][gc,stats    ]     CWR: CLDG Roots                 128 us, workers (us): ---, 128, ---, ---, ---, ---, 
[2026-04-03T03:17:14.126+0600][55.664s][info][gc,stats    ]   Rendezvous                        271 us
[2026-04-03T03:17:14.126+0600][55.664s][info][gc,stats    ] Concurrent Cleanup                  695 us
[2026-04-03T03:17:14.126+0600][55.664s][info][gc,stats    ] Concurrent Class Unloading         6295 us
[2026-04-03T03:17:14.126+0600][55.664s][info][gc,stats    ]   Unlink Stale                     5422 us
[2026-04-03T03:17:14.126+0600][55.664s][info][gc,stats    ]     System Dictionary               106 us
[2026-04-03T03:17:14.126+0600][55.664s][info][gc,stats    ]     Weak Class Links                  0 us
[2026-04-03T03:17:14.126+0600][55.664s][info][gc,stats    ]     Code Roots                     5312 us
[2026-04-03T03:17:14.126+0600][55.664s][info][gc,stats    ]   Rendezvous                        379 us
[2026-04-03T03:17:14.126+0600][55.664s][info][gc,stats    ]   Purge Unlinked                    364 us
[2026-04-03T03:17:14.126+0600][55.664s][info][gc,stats    ]     Code Roots                      353 us
[2026-04-03T03:17:14.126+0600][55.664s][info][gc,stats    ]     CLDG                             10 us
[2026-04-03T03:17:14.126+0600][55.664s][info][gc,stats    ]     Exception Caches                  0 us
[2026-04-03T03:17:14.126+0600][55.664s][info][gc,stats    ] Concurrent Strong Roots             893 us, parallelism: 0.59x
[2026-04-03T03:17:14.126+0600][55.664s][info][gc,stats    ]   CSR: <total>                      523 us
[2026-04-03T03:17:14.126+0600][55.664s][info][gc,stats    ]   CSR: VM Strong Roots               70 us, workers (us):  35,  34,   1, ---, ---, ---, 
[2026-04-03T03:17:14.126+0600][55.664s][info][gc,stats    ]   CSR: CLDG Roots                   453 us, workers (us): ---, 453, ---, ---, ---, ---, 
[2026-04-03T03:17:14.126+0600][55.664s][info][gc,stats    ] Concurrent Evacuation             12937 us
[2026-04-03T03:17:14.126+0600][55.664s][info][gc,stats    ] Pause Init Update Refs (G)          637 us
[2026-04-03T03:17:14.126+0600][55.664s][info][gc,stats    ] Pause Init Update Refs (N)          224 us
[2026-04-03T03:17:14.126+0600][55.664s][info][gc,stats    ]   Manage GCLABs                      68 us
[2026-04-03T03:17:14.126+0600][55.664s][info][gc,stats    ] Concurrent Update Refs           101531 us
[2026-04-03T03:17:14.126+0600][55.664s][info][gc,stats    ] Concurrent Update Thread Roots      942 us
[2026-04-03T03:17:14.126+0600][55.664s][info][gc,stats    ] Pause Final Update Refs (G)         623 us
[2026-04-03T03:17:14.126+0600][55.664s][info][gc,stats    ] Pause Final Update Refs (N)         253 us
[2026-04-03T03:17:14.126+0600][55.664s][info][gc,stats    ]   Update Region States               51 us
[2026-04-03T03:17:14.126+0600][55.664s][info][gc,stats    ]   Trash Collection Set               13 us
[2026-04-03T03:17:14.126+0600][55.664s][info][gc,stats    ]   Rebuild Free Set                   43 us
[2026-04-03T03:17:14.126+0600][55.664s][info][gc,stats    ] Concurrent Cleanup                  295 us
[2026-04-03T03:17:14.126+0600][55.665s][info][gc,stats    ] Pacing                           379885 us
[2026-04-03T03:17:14.126+0600][55.665s][info][gc,stats    ] 
[2026-04-03T03:17:14.126+0600][55.665s][info][gc,stats    ] Allocation pacing accrued:
[2026-04-03T03:17:14.126+0600][55.665s][info][gc,stats    ]     123 of   647 ms ( 19.0%): Executor task launch worker for task 2.0 in stage 14.0 (TID 23)
[2026-04-03T03:17:14.126+0600][55.665s][info][gc,stats    ]     134 of   647 ms ( 20.7%): Executor task launch worker for task 0.0 in stage 14.0 (TID 21)
[2026-04-03T03:17:14.126+0600][55.665s][info][gc,stats    ]     123 of   647 ms ( 19.0%): Executor task launch worker for task 1.0 in stage 14.0 (TID 22)
[2026-04-03T03:17:14.126+0600][55.665s][info][gc,stats    ]     380 of   647 ms ( 58.7%): <total>
[2026-04-03T03:17:14.126+0600][55.665s][info][gc,stats    ]       3 of   647 ms (  0.4%): <average total>
[2026-04-03T03:17:14.126+0600][55.665s][info][gc,stats    ]     127 of   647 ms ( 19.6%): <average non-zero>
[2026-04-03T03:17:14.126+0600][55.665s][info][gc,stats    ] 
[2026-04-03T03:17:14.126+0600][55.665s][info][gc,metaspace] Metaspace: 72972K(73984K)->72982K(73984K) NonClass: 63673K(64256K)->63682K(64256K) Class: 9299K(9728K)->9299K(9728K)
[2026-04-03T03:17:14.126+0600][55.665s][info][gc,ergo     ] Pacer for Idle. Initial: 15360K, Alloc Tax Rate: 1.0x
[2026-04-03T03:17:14.240+0600][55.779s][info][gc          ] Trigger: Average GC time (509.28 ms) is above the time for average allocation rate (581 MB/s) to deplete free headroom (295M) (margin of error = 1.93)
[2026-04-03T03:17:14.241+0600][55.779s][info][gc,ergo     ] Free headroom: 332M (free) - 38400K (spike) - 0B (penalties) = 295M
[2026-04-03T03:17:14.241+0600][55.779s][info][gc,ergo     ] Free: 332M, Max: 256K regular, 172M humongous, Frag: 49% external, 0% internal; Reserve: 38400K, Max: 256K
[2026-04-03T03:17:14.241+0600][55.779s][info][gc,start    ] GC(76) Concurrent reset
[2026-04-03T03:17:14.241+0600][55.779s][info][gc,task     ] GC(76) Using 3 of 6 workers for concurrent reset
[2026-04-03T03:17:14.241+0600][55.779s][info][gc,ergo     ] GC(76) Pacer for Reset. Non-Taxable: 750M
[2026-04-03T03:17:14.242+0600][55.780s][info][gc          ] GC(76) Concurrent reset 1.089ms
[2026-04-03T03:17:14.242+0600][55.780s][info][gc,start    ] GC(76) Pause Init Mark (unload classes)
[2026-04-03T03:17:14.242+0600][55.780s][info][gc,task     ] GC(76) Using 6 of 6 workers for init marking
[2026-04-03T03:17:14.242+0600][55.780s][info][gc,ergo     ] GC(76) Pacer for Mark. Expected Live: 193M, Free: 331M, Non-Taxable: 33952K, Alloc Tax Rate: 0.7x
[2026-04-03T03:17:14.242+0600][55.781s][info][gc          ] GC(76) Pause Init Mark (unload classes) 0.122ms
[2026-04-03T03:17:14.242+0600][55.781s][info][gc,start    ] GC(76) Concurrent marking roots
[2026-04-03T03:17:14.242+0600][55.781s][info][gc,task     ] GC(76) Using 3 of 6 workers for concurrent marking roots
[2026-04-03T03:17:14.243+0600][55.782s][info][gc          ] GC(76) Concurrent marking roots 0.951ms
[2026-04-03T03:17:14.243+0600][55.782s][info][gc,start    ] GC(76) Concurrent marking (unload classes)
[2026-04-03T03:17:14.243+0600][55.782s][info][gc,task     ] GC(76) Using 3 of 6 workers for concurrent marking
[2026-04-03T03:17:14.503+0600][56.041s][info][gc          ] GC(76) Concurrent marking (unload classes) 259.702ms
[2026-04-03T03:17:14.503+0600][56.042s][info][gc,start    ] GC(76) Pause Final Mark (unload classes)
[2026-04-03T03:17:14.503+0600][56.042s][info][gc,task     ] GC(76) Using 6 of 6 workers for final marking
[2026-04-03T03:17:14.504+0600][56.042s][info][gc,ergo     ] GC(76) Adaptive CSet Selection. Target Free: 106M, Actual Free: 312M, Max CSet: 32000K, Min Garbage: 0B
[2026-04-03T03:17:14.504+0600][56.042s][info][gc,ergo     ] GC(76) Collectable Garbage: 174M (96%), Immediate: 5888K (3%), CSet: 168M (93%)
[2026-04-03T03:17:14.504+0600][56.042s][info][gc,ergo     ] GC(76) Pacer for Evacuation. Used CSet: 194M, Free: 276M, Non-Taxable: 28269K, Alloc Tax Rate: 1.7x
[2026-04-03T03:17:14.504+0600][56.042s][info][gc          ] GC(76) Pause Final Mark (unload classes) 0.887ms
[2026-04-03T03:17:14.504+0600][56.043s][info][gc,start    ] GC(76) Concurrent thread roots
[2026-04-03T03:17:14.504+0600][56.043s][info][gc,task     ] GC(76) Using 3 of 6 workers for Concurrent thread roots
[2026-04-03T03:17:14.505+0600][56.043s][info][gc          ] GC(76) Concurrent thread roots 0.739ms
[2026-04-03T03:17:14.505+0600][56.043s][info][gc,start    ] GC(76) Concurrent weak references
[2026-04-03T03:17:14.505+0600][56.043s][info][gc,task     ] GC(76) Using 3 of 6 workers for concurrent weak references
[2026-04-03T03:17:14.505+0600][56.044s][info][gc,ref      ] GC(76) Encountered references: Soft: 3175, Weak: 6262, Final: 84, Phantom: 600
[2026-04-03T03:17:14.505+0600][56.044s][info][gc,ref      ] GC(76) Discovered  references: Soft: 0, Weak: 308, Final: 0, Phantom: 213
[2026-04-03T03:17:14.505+0600][56.044s][info][gc,ref      ] GC(76) Enqueued    references: Soft: 0, Weak: 0, Final: 0, Phantom: 0
[2026-04-03T03:17:14.505+0600][56.044s][info][gc          ] GC(76) Concurrent weak references 0.320ms
[2026-04-03T03:17:14.505+0600][56.044s][info][gc,start    ] GC(76) Concurrent weak roots
[2026-04-03T03:17:14.505+0600][56.044s][info][gc,task     ] GC(76) Using 3 of 6 workers for concurrent weak root
[2026-04-03T03:17:14.507+0600][56.046s][info][gc          ] GC(76) Concurrent weak roots 1.869ms
[2026-04-03T03:17:14.507+0600][56.046s][info][gc,start    ] GC(76) Concurrent cleanup
[2026-04-03T03:17:14.507+0600][56.046s][info][gc          ] GC(76) Concurrent cleanup 439M->433M(500M) 0.183ms
[2026-04-03T03:17:14.507+0600][56.046s][info][gc,ergo     ] GC(76) Free: 276M, Max: 256K regular, 172M humongous, Frag: 38% external, 0% internal; Reserve: 38389K, Max: 256K
[2026-04-03T03:17:14.507+0600][56.046s][info][gc,start    ] GC(76) Concurrent class unloading
[2026-04-03T03:17:14.508+0600][56.046s][info][gc,task     ] GC(76) Using 3 of 6 workers for concurrent class unloading
[2026-04-03T03:17:14.514+0600][56.052s][info][gc          ] GC(76) Concurrent class unloading 6.268ms
[2026-04-03T03:17:14.514+0600][56.052s][info][gc,start    ] GC(76) Concurrent strong roots
[2026-04-03T03:17:14.514+0600][56.052s][info][gc,task     ] GC(76) Using 3 of 6 workers for concurrent strong root
[2026-04-03T03:17:14.515+0600][56.053s][info][gc          ] GC(76) Concurrent strong roots 0.748ms
[2026-04-03T03:17:14.515+0600][56.053s][info][gc,start    ] GC(76) Concurrent evacuation
[2026-04-03T03:17:14.515+0600][56.053s][info][gc,task     ] GC(76) Using 3 of 6 workers for concurrent evacuation
[2026-04-03T03:17:14.539+0600][56.077s][info][gc          ] GC(76) Concurrent evacuation 24.063ms
[2026-04-03T03:17:14.539+0600][56.077s][info][gc,start    ] GC(76) Pause Init Update Refs
[2026-04-03T03:17:14.539+0600][56.077s][info][gc,ergo     ] GC(76) Pacer for Update Refs. Used: 472M, Free: 263M, Non-Taxable: 26938K, Alloc Tax Rate: 2.2x
[2026-04-03T03:17:14.539+0600][56.078s][info][gc          ] GC(76) Pause Init Update Refs 0.140ms
[2026-04-03T03:17:14.539+0600][56.078s][info][gc,start    ] GC(76) Concurrent update references
[2026-04-03T03:17:14.539+0600][56.078s][info][gc,task     ] GC(76) Using 3 of 6 workers for concurrent reference update
[2026-04-03T03:17:14.654+0600][56.193s][info][gc          ] GC(76) Concurrent update references 114.861ms
[2026-04-03T03:17:14.654+0600][56.193s][info][gc,start    ] GC(76) Concurrent update thread roots
[2026-04-03T03:17:14.655+0600][56.193s][info][gc          ] GC(76) Concurrent update thread roots 0.851ms
[2026-04-03T03:17:14.655+0600][56.194s][info][gc,start    ] GC(76) Pause Final Update Refs
[2026-04-03T03:17:14.655+0600][56.194s][info][gc,task     ] GC(76) Using 6 of 6 workers for final reference update
[2026-04-03T03:17:14.656+0600][56.194s][info][gc          ] GC(76) Pause Final Update Refs 0.186ms
[2026-04-03T03:17:14.656+0600][56.194s][info][gc,start    ] GC(76) Concurrent cleanup
[2026-04-03T03:17:14.656+0600][56.195s][info][gc          ] GC(76) Concurrent cleanup 519M->325M(554M) 0.672ms
[2026-04-03T03:17:14.656+0600][56.195s][info][gc,ergo     ] Free: 384M, Max: 256K regular, 128M humongous, Frag: 67% external, 0% internal; Reserve: 38400K, Max: 256K
[2026-04-03T03:17:14.657+0600][56.195s][info][gc,stats    ] 
[2026-04-03T03:17:14.657+0600][56.195s][info][gc,stats    ] All times are wall-clock times, except per-root-class counters, that are sum over
[2026-04-03T03:17:14.657+0600][56.195s][info][gc,stats    ] all workers. Dividing the <total> over the root stage time estimates parallelism.
[2026-04-03T03:17:14.657+0600][56.195s][info][gc,stats    ] 
[2026-04-03T03:17:14.657+0600][56.195s][info][gc,stats    ] Concurrent Reset                   1141 us
[2026-04-03T03:17:14.657+0600][56.195s][info][gc,stats    ] Pause Init Mark (G)                 447 us
[2026-04-03T03:17:14.657+0600][56.195s][info][gc,stats    ] Pause Init Mark (N)                 133 us
[2026-04-03T03:17:14.657+0600][56.195s][info][gc,stats    ]   Update Region States               31 us
[2026-04-03T03:17:14.657+0600][56.195s][info][gc,stats    ] Concurrent Mark Roots              1028 us, parallelism: 1.46x
[2026-04-03T03:17:14.657+0600][56.195s][info][gc,stats    ]   CMR: <total>                     1506 us
[2026-04-03T03:17:14.657+0600][56.195s][info][gc,stats    ]   CMR: Thread Roots                1167 us, workers (us): 205, 498, 463, ---, ---, ---, 
[2026-04-03T03:17:14.657+0600][56.195s][info][gc,stats    ]   CMR: VM Strong Roots               35 us, workers (us):  18,  16,   1, ---, ---, ---, 
[2026-04-03T03:17:14.657+0600][56.195s][info][gc,stats    ]   CMR: CLDG Roots                   304 us, workers (us): 304, ---, ---, ---, ---, ---, 
[2026-04-03T03:17:14.657+0600][56.195s][info][gc,stats    ] Concurrent Marking               259788 us
[2026-04-03T03:17:14.657+0600][56.195s][info][gc,stats    ] Pause Final Mark (G)               1107 us
[2026-04-03T03:17:14.657+0600][56.195s][info][gc,stats    ] Pause Final Mark (N)                901 us
[2026-04-03T03:17:14.657+0600][56.195s][info][gc,stats    ]   Finish Mark                       217 us
[2026-04-03T03:17:14.657+0600][56.195s][info][gc,stats    ]   Update Region States               56 us
[2026-04-03T03:17:14.657+0600][56.195s][info][gc,stats    ]   Choose Collection Set             489 us
[2026-04-03T03:17:14.657+0600][56.195s][info][gc,stats    ]   Rebuild Free Set                   33 us
[2026-04-03T03:17:14.657+0600][56.195s][info][gc,stats    ] Concurrent Thread Roots             799 us, parallelism: 1.88x
[2026-04-03T03:17:14.657+0600][56.195s][info][gc,stats    ]   CTR: <total>                     1501 us
[2026-04-03T03:17:14.657+0600][56.195s][info][gc,stats    ]   CTR: Thread Roots                1501 us, workers (us): 518, 492, 491, ---, ---, ---, 
[2026-04-03T03:17:14.657+0600][56.195s][info][gc,stats    ] Concurrent Weak References          333 us, parallelism: 0.33x
[2026-04-03T03:17:14.657+0600][56.195s][info][gc,stats    ]   CWRF: <total>                     111 us
[2026-04-03T03:17:14.657+0600][56.195s][info][gc,stats    ]   CWRF: Weak References             111 us, workers (us):  44,  67,   0, ---, ---, ---, 
[2026-04-03T03:17:14.657+0600][56.195s][info][gc,stats    ] Concurrent Weak Roots              1950 us
[2026-04-03T03:17:14.657+0600][56.195s][info][gc,stats    ]   Roots                            1615 us, parallelism: 2.34x
[2026-04-03T03:17:14.657+0600][56.195s][info][gc,stats    ]     CWR: <total>                   3783 us
[2026-04-03T03:17:14.657+0600][56.195s][info][gc,stats    ]     CWR: Code Cache Roots          2403 us, workers (us): 876, 862, 664, ---, ---, ---, 
[2026-04-03T03:17:14.657+0600][56.195s][info][gc,stats    ]     CWR: VM Weak Roots             1208 us, workers (us): 461, 388, 359, ---, ---, ---, 
[2026-04-03T03:17:14.657+0600][56.195s][info][gc,stats    ]     CWR: CLDG Roots                 172 us, workers (us): ---, ---, 172, ---, ---, ---, 
[2026-04-03T03:17:14.657+0600][56.195s][info][gc,stats    ]   Rendezvous                        226 us
[2026-04-03T03:17:14.657+0600][56.195s][info][gc,stats    ] Concurrent Cleanup                  197 us
[2026-04-03T03:17:14.657+0600][56.195s][info][gc,stats    ] Concurrent Class Unloading         6356 us
[2026-04-03T03:17:14.657+0600][56.195s][info][gc,stats    ]   Unlink Stale                     5825 us
[2026-04-03T03:17:14.657+0600][56.195s][info][gc,stats    ]     System Dictionary               116 us
[2026-04-03T03:17:14.657+0600][56.195s][info][gc,stats    ]     Weak Class Links                  0 us
[2026-04-03T03:17:14.657+0600][56.195s][info][gc,stats    ]     Code Roots                     5705 us
[2026-04-03T03:17:14.657+0600][56.195s][info][gc,stats    ]   Rendezvous                        217 us
[2026-04-03T03:17:14.657+0600][56.195s][info][gc,stats    ]   Purge Unlinked                    189 us
[2026-04-03T03:17:14.657+0600][56.195s][info][gc,stats    ]     Code Roots                      177 us
[2026-04-03T03:17:14.657+0600][56.195s][info][gc,stats    ]     CLDG                             11 us
[2026-04-03T03:17:14.657+0600][56.195s][info][gc,stats    ]     Exception Caches                  0 us
[2026-04-03T03:17:14.657+0600][56.195s][info][gc,stats    ] Concurrent Strong Roots             798 us, parallelism: 0.54x
[2026-04-03T03:17:14.657+0600][56.195s][info][gc,stats    ]   CSR: <total>                      428 us
[2026-04-03T03:17:14.657+0600][56.195s][info][gc,stats    ]   CSR: VM Strong Roots               44 us, workers (us):  42,   1,   1, ---, ---, ---, 
[2026-04-03T03:17:14.657+0600][56.195s][info][gc,stats    ]   CSR: CLDG Roots                   384 us, workers (us): ---, 384, ---, ---, ---, ---, 
[2026-04-03T03:17:14.657+0600][56.195s][info][gc,stats    ] Concurrent Evacuation             24172 us
[2026-04-03T03:17:14.657+0600][56.195s][info][gc,stats    ] Pause Init Update Refs (G)          442 us
[2026-04-03T03:17:14.657+0600][56.195s][info][gc,stats    ] Pause Init Update Refs (N)          165 us
[2026-04-03T03:17:14.657+0600][56.195s][info][gc,stats    ]   Manage GCLABs                      24 us
[2026-04-03T03:17:14.657+0600][56.195s][info][gc,stats    ] Concurrent Update Refs           114986 us
[2026-04-03T03:17:14.657+0600][56.195s][info][gc,stats    ] Concurrent Update Thread Roots      928 us
[2026-04-03T03:17:14.657+0600][56.195s][info][gc,stats    ] Pause Final Update Refs (G)         542 us
[2026-04-03T03:17:14.657+0600][56.195s][info][gc,stats    ] Pause Final Update Refs (N)         213 us
[2026-04-03T03:17:14.657+0600][56.195s][info][gc,stats    ]   Update Region States               50 us
[2026-04-03T03:17:14.657+0600][56.195s][info][gc,stats    ]   Trash Collection Set               18 us
[2026-04-03T03:17:14.657+0600][56.195s][info][gc,stats    ]   Rebuild Free Set                   38 us
[2026-04-03T03:17:14.657+0600][56.195s][info][gc,stats    ] Concurrent Cleanup                  693 us
[2026-04-03T03:17:14.657+0600][56.195s][info][gc,stats    ] Pacing                           307808 us
[2026-04-03T03:17:14.657+0600][56.195s][info][gc,stats    ] 
[2026-04-03T03:17:14.657+0600][56.195s][info][gc,stats    ] Allocation pacing accrued:
[2026-04-03T03:17:14.657+0600][56.195s][info][gc,stats    ]     122 of   531 ms ( 22.9%): Executor task launch worker for task 2.0 in stage 14.0 (TID 23)
[2026-04-03T03:17:14.657+0600][56.195s][info][gc,stats    ]      65 of   531 ms ( 12.2%): Executor task launch worker for task 0.0 in stage 14.0 (TID 21)
[2026-04-03T03:17:14.657+0600][56.195s][info][gc,stats    ]     122 of   531 ms ( 22.9%): Executor task launch worker for task 1.0 in stage 14.0 (TID 22)
[2026-04-03T03:17:14.657+0600][56.195s][info][gc,stats    ]     308 of   531 ms ( 58.0%): <total>
[2026-04-03T03:17:14.657+0600][56.195s][info][gc,stats    ]       2 of   531 ms (  0.4%): <average total>
[2026-04-03T03:17:14.657+0600][56.195s][info][gc,stats    ]     103 of   531 ms ( 19.3%): <average non-zero>
[2026-04-03T03:17:14.657+0600][56.195s][info][gc,stats    ] 
[2026-04-03T03:17:14.657+0600][56.195s][info][gc,metaspace] Metaspace: 72982K(73984K)->72982K(73984K) NonClass: 63682K(64256K)->63683K(64256K) Class: 9299K(9728K)->9299K(9728K)
[2026-04-03T03:17:14.657+0600][56.195s][info][gc,ergo     ] Pacer for Idle. Initial: 15360K, Alloc Tax Rate: 1.0x
[2026-04-03T03:17:14.759+0600][56.297s][info][gc          ] Trigger: Average GC time (491.70 ms) is above the time for average allocation rate (760 MB/s) to deplete free headroom (237M) (margin of error = 1.93)
[2026-04-03T03:17:14.759+0600][56.297s][info][gc,ergo     ] Free headroom: 275M (free) - 38400K (spike) - 0B (penalties) = 237M
[2026-04-03T03:17:14.759+0600][56.298s][info][gc,ergo     ] Free: 275M, Max: 256K regular, 128M humongous, Frag: 54% external, 0% internal; Reserve: 38400K, Max: 256K
[2026-04-03T03:17:14.759+0600][56.298s][info][gc,start    ] GC(77) Concurrent reset
[2026-04-03T03:17:14.759+0600][56.298s][info][gc,task     ] GC(77) Using 3 of 6 workers for concurrent reset
[2026-04-03T03:17:14.759+0600][56.298s][info][gc,ergo     ] GC(77) Pacer for Reset. Non-Taxable: 750M
[2026-04-03T03:17:14.761+0600][56.299s][info][gc          ] GC(77) Concurrent reset 1.540ms
[2026-04-03T03:17:14.761+0600][56.299s][info][gc,start    ] GC(77) Pause Init Mark (unload classes)
[2026-04-03T03:17:14.761+0600][56.299s][info][gc,task     ] GC(77) Using 6 of 6 workers for init marking
[2026-04-03T03:17:14.761+0600][56.300s][info][gc,ergo     ] GC(77) Pacer for Mark. Expected Live: 203M, Free: 273M, Non-Taxable: 27988K, Alloc Tax Rate: 0.9x
[2026-04-03T03:17:14.761+0600][56.300s][info][gc          ] GC(77) Pause Init Mark (unload classes) 0.140ms
[2026-04-03T03:17:14.761+0600][56.300s][info][gc,start    ] GC(77) Concurrent marking roots
[2026-04-03T03:17:14.761+0600][56.300s][info][gc,task     ] GC(77) Using 3 of 6 workers for concurrent marking roots
[2026-04-03T03:17:14.762+0600][56.301s][info][gc          ] GC(77) Concurrent marking roots 1.055ms
[2026-04-03T03:17:14.762+0600][56.301s][info][gc,start    ] GC(77) Concurrent marking (unload classes)
[2026-04-03T03:17:14.762+0600][56.301s][info][gc,task     ] GC(77) Using 3 of 6 workers for concurrent marking
[2026-04-03T03:17:15.037+0600][56.576s][info][gc          ] GC(77) Concurrent marking (unload classes) 274.662ms
[2026-04-03T03:17:15.037+0600][56.576s][info][gc,start    ] GC(77) Pause Final Mark (unload classes)
[2026-04-03T03:17:15.037+0600][56.576s][info][gc,task     ] GC(77) Using 6 of 6 workers for final marking
[2026-04-03T03:17:15.038+0600][56.576s][info][gc,ergo     ] GC(77) Adaptive CSet Selection. Target Free: 106M, Actual Free: 257M, Max CSet: 32000K, Min Garbage: 0B
[2026-04-03T03:17:15.038+0600][56.577s][info][gc,ergo     ] GC(77) Collectable Garbage: 222M (96%), Immediate: 4214K (1%), CSet: 218M (94%)
[2026-04-03T03:17:15.038+0600][56.577s][info][gc,ergo     ] GC(77) Pacer for Evacuation. Used CSet: 231M, Free: 220M, Non-Taxable: 22612K, Alloc Tax Rate: 2.6x
[2026-04-03T03:17:15.038+0600][56.577s][info][gc          ] GC(77) Pause Final Mark (unload classes) 1.122ms
[2026-04-03T03:17:15.039+0600][56.577s][info][gc,start    ] GC(77) Concurrent thread roots
[2026-04-03T03:17:15.039+0600][56.577s][info][gc,task     ] GC(77) Using 3 of 6 workers for Concurrent thread roots
[2026-04-03T03:17:15.039+0600][56.578s][info][gc          ] GC(77) Concurrent thread roots 0.831ms
[2026-04-03T03:17:15.040+0600][56.578s][info][gc,start    ] GC(77) Concurrent weak references
[2026-04-03T03:17:15.040+0600][56.578s][info][gc,task     ] GC(77) Using 3 of 6 workers for concurrent weak references
[2026-04-03T03:17:15.040+0600][56.578s][info][gc,ref      ] GC(77) Encountered references: Soft: 3175, Weak: 6262, Final: 84, Phantom: 602
[2026-04-03T03:17:15.040+0600][56.578s][info][gc,ref      ] GC(77) Discovered  references: Soft: 0, Weak: 396, Final: 2, Phantom: 347
[2026-04-03T03:17:15.040+0600][56.578s][info][gc,ref      ] GC(77) Enqueued    references: Soft: 0, Weak: 0, Final: 0, Phantom: 0
[2026-04-03T03:17:15.040+0600][56.578s][info][gc          ] GC(77) Concurrent weak references 0.350ms
[2026-04-03T03:17:15.040+0600][56.578s][info][gc,start    ] GC(77) Concurrent weak roots
[2026-04-03T03:17:15.040+0600][56.578s][info][gc,task     ] GC(77) Using 3 of 6 workers for concurrent weak root
[2026-04-03T03:17:15.042+0600][56.581s][info][gc          ] GC(77) Concurrent weak roots 2.465ms
[2026-04-03T03:17:15.042+0600][56.581s][info][gc,start    ] GC(77) Concurrent cleanup
[2026-04-03T03:17:15.043+0600][56.581s][info][gc          ] GC(77) Concurrent cleanup 493M->489M(554M) 0.182ms
[2026-04-03T03:17:15.043+0600][56.581s][info][gc,ergo     ] GC(77) Free: 219M, Max: 256K regular, 128M humongous, Frag: 42% external, 0% internal; Reserve: 38214K, Max: 256K
[2026-04-03T03:17:15.043+0600][56.581s][info][gc,start    ] GC(77) Concurrent class unloading
[2026-04-03T03:17:15.043+0600][56.581s][info][gc,task     ] GC(77) Using 3 of 6 workers for concurrent class unloading
[2026-04-03T03:17:15.048+0600][56.587s][info][gc          ] GC(77) Concurrent class unloading 5.769ms
[2026-04-03T03:17:15.049+0600][56.587s][info][gc,start    ] GC(77) Concurrent strong roots
[2026-04-03T03:17:15.049+0600][56.587s][info][gc,task     ] GC(77) Using 3 of 6 workers for concurrent strong root
[2026-04-03T03:17:15.049+0600][56.588s][info][gc          ] GC(77) Concurrent strong roots 0.758ms
[2026-04-03T03:17:15.049+0600][56.588s][info][gc,start    ] GC(77) Concurrent evacuation
[2026-04-03T03:17:15.049+0600][56.588s][info][gc,task     ] GC(77) Using 3 of 6 workers for concurrent evacuation
[2026-04-03T03:17:15.063+0600][56.602s][info][gc          ] GC(77) Concurrent evacuation 14.112ms
[2026-04-03T03:17:15.064+0600][56.602s][info][gc,start    ] GC(77) Pause Init Update Refs
[2026-04-03T03:17:15.064+0600][56.602s][info][gc,ergo     ] GC(77) Pacer for Update Refs. Used: 514M, Free: 208M, Non-Taxable: 21383K, Alloc Tax Rate: 3.0x
[2026-04-03T03:17:15.064+0600][56.602s][info][gc          ] GC(77) Pause Init Update Refs 0.168ms
[2026-04-03T03:17:15.064+0600][56.602s][info][gc,start    ] GC(77) Concurrent update references
[2026-04-03T03:17:15.064+0600][56.602s][info][gc,task     ] GC(77) Using 3 of 6 workers for concurrent reference update
[2026-04-03T03:17:15.200+0600][56.738s][info][gc          ] GC(77) Concurrent update references 136.026ms
[2026-04-03T03:17:15.200+0600][56.739s][info][gc,start    ] GC(77) Concurrent update thread roots
[2026-04-03T03:17:15.201+0600][56.740s][info][gc          ] GC(77) Concurrent update thread roots 1.105ms
[2026-04-03T03:17:15.201+0600][56.740s][info][gc,start    ] GC(77) Pause Final Update Refs
[2026-04-03T03:17:15.201+0600][56.740s][info][gc,task     ] GC(77) Using 6 of 6 workers for final reference update
[2026-04-03T03:17:15.202+0600][56.740s][info][gc          ] GC(77) Pause Final Update Refs 0.227ms
[2026-04-03T03:17:15.202+0600][56.740s][info][gc,start    ] GC(77) Concurrent cleanup
[2026-04-03T03:17:15.202+0600][56.740s][info][gc          ] GC(77) Concurrent cleanup 580M->349M(604M) 0.359ms
[2026-04-03T03:17:15.202+0600][56.740s][info][gc,ergo     ] Free: 359M, Max: 256K regular, 79360K humongous, Frag: 79% external, 0% internal; Reserve: 38400K, Max: 256K
[2026-04-03T03:17:15.202+0600][56.741s][info][gc,stats    ] 
[2026-04-03T03:17:15.202+0600][56.741s][info][gc,stats    ] All times are wall-clock times, except per-root-class counters, that are sum over
[2026-04-03T03:17:15.202+0600][56.741s][info][gc,stats    ] all workers. Dividing the <total> over the root stage time estimates parallelism.
[2026-04-03T03:17:15.202+0600][56.741s][info][gc,stats    ] 
[2026-04-03T03:17:15.202+0600][56.741s][info][gc,stats    ] Concurrent Reset                   1612 us
[2026-04-03T03:17:15.202+0600][56.741s][info][gc,stats    ] Pause Init Mark (G)                 500 us
[2026-04-03T03:17:15.202+0600][56.741s][info][gc,stats    ] Pause Init Mark (N)                 152 us
[2026-04-03T03:17:15.202+0600][56.741s][info][gc,stats    ]   Update Region States               31 us
[2026-04-03T03:17:15.202+0600][56.741s][info][gc,stats    ] Concurrent Mark Roots              1142 us, parallelism: 1.61x
[2026-04-03T03:17:15.202+0600][56.741s][info][gc,stats    ]   CMR: <total>                     1838 us
[2026-04-03T03:17:15.202+0600][56.741s][info][gc,stats    ]   CMR: Thread Roots                1457 us, workers (us): 592, 599, 266, ---, ---, ---, 
[2026-04-03T03:17:15.202+0600][56.741s][info][gc,stats    ]   CMR: VM Strong Roots               44 us, workers (us):  18,  18,   8, ---, ---, ---, 
[2026-04-03T03:17:15.202+0600][56.741s][info][gc,stats    ]   CMR: CLDG Roots                   336 us, workers (us): ---, ---, 336, ---, ---, ---, 
[2026-04-03T03:17:15.202+0600][56.741s][info][gc,stats    ] Concurrent Marking               274748 us
[2026-04-03T03:17:15.202+0600][56.741s][info][gc,stats    ] Pause Final Mark (G)               1421 us
[2026-04-03T03:17:15.202+0600][56.741s][info][gc,stats    ] Pause Final Mark (N)               1175 us
[2026-04-03T03:17:15.202+0600][56.741s][info][gc,stats    ]   Finish Mark                       257 us
[2026-04-03T03:17:15.202+0600][56.741s][info][gc,stats    ]   Update Region States               76 us
[2026-04-03T03:17:15.202+0600][56.741s][info][gc,stats    ]   Choose Collection Set             619 us
[2026-04-03T03:17:15.202+0600][56.741s][info][gc,stats    ]   Rebuild Free Set                   44 us
[2026-04-03T03:17:15.202+0600][56.741s][info][gc,stats    ] Concurrent Thread Roots             899 us, parallelism: 1.57x
[2026-04-03T03:17:15.202+0600][56.741s][info][gc,stats    ]   CTR: <total>                     1410 us
[2026-04-03T03:17:15.202+0600][56.741s][info][gc,stats    ]   CTR: Thread Roots                1410 us, workers (us): 511, 450, 450, ---, ---, ---, 
[2026-04-03T03:17:15.202+0600][56.741s][info][gc,stats    ] Concurrent Weak References          362 us, parallelism: 0.56x
[2026-04-03T03:17:15.202+0600][56.741s][info][gc,stats    ]   CWRF: <total>                     203 us
[2026-04-03T03:17:15.202+0600][56.741s][info][gc,stats    ]   CWRF: Weak References             203 us, workers (us): 132,  64,   6, ---, ---, ---, 
[2026-04-03T03:17:15.202+0600][56.741s][info][gc,stats    ] Concurrent Weak Roots              2529 us
[2026-04-03T03:17:15.202+0600][56.741s][info][gc,stats    ]   Roots                            2157 us, parallelism: 2.40x
[2026-04-03T03:17:15.202+0600][56.741s][info][gc,stats    ]     CWR: <total>                   5177 us
[2026-04-03T03:17:15.202+0600][56.741s][info][gc,stats    ]     CWR: Code Cache Roots          3436 us, workers (us): 1008, 1266, 1161, ---, ---, ---, 
[2026-04-03T03:17:15.202+0600][56.741s][info][gc,stats    ]     CWR: VM Weak Roots             1629 us, workers (us): 570, 542, 516, ---, ---, ---, 
[2026-04-03T03:17:15.202+0600][56.741s][info][gc,stats    ]     CWR: CLDG Roots                 113 us, workers (us): 113, ---, ---, ---, ---, ---, 
[2026-04-03T03:17:15.202+0600][56.741s][info][gc,stats    ]   Rendezvous                        278 us
[2026-04-03T03:17:15.203+0600][56.741s][info][gc,stats    ] Concurrent Cleanup                  196 us
[2026-04-03T03:17:15.203+0600][56.741s][info][gc,stats    ] Concurrent Class Unloading         5846 us
[2026-04-03T03:17:15.203+0600][56.741s][info][gc,stats    ]   Unlink Stale                     5224 us
[2026-04-03T03:17:15.203+0600][56.741s][info][gc,stats    ]     System Dictionary                81 us
[2026-04-03T03:17:15.203+0600][56.741s][info][gc,stats    ]     Weak Class Links                  0 us
[2026-04-03T03:17:15.203+0600][56.741s][info][gc,stats    ]     Code Roots                     5138 us
[2026-04-03T03:17:15.203+0600][56.741s][info][gc,stats    ]   Rendezvous                        267 us
[2026-04-03T03:17:15.203+0600][56.741s][info][gc,stats    ]   Purge Unlinked                    233 us
[2026-04-03T03:17:15.203+0600][56.741s][info][gc,stats    ]     Code Roots                      218 us
[2026-04-03T03:17:15.203+0600][56.741s][info][gc,stats    ]     CLDG                             15 us
[2026-04-03T03:17:15.203+0600][56.741s][info][gc,stats    ]     Exception Caches                  0 us
[2026-04-03T03:17:15.203+0600][56.741s][info][gc,stats    ] Concurrent Strong Roots             813 us, parallelism: 0.73x
[2026-04-03T03:17:15.203+0600][56.741s][info][gc,stats    ]   CSR: <total>                      595 us
[2026-04-03T03:17:15.203+0600][56.741s][info][gc,stats    ]   CSR: VM Strong Roots              169 us, workers (us): 147,  21,   1, ---, ---, ---, 
[2026-04-03T03:17:15.203+0600][56.741s][info][gc,stats    ]   CSR: CLDG Roots                   426 us, workers (us): ---, 426, ---, ---, ---, ---, 
[2026-04-03T03:17:15.203+0600][56.741s][info][gc,stats    ] Concurrent Evacuation             14239 us
[2026-04-03T03:17:15.203+0600][56.741s][info][gc,stats    ] Pause Init Update Refs (G)          457 us
[2026-04-03T03:17:15.203+0600][56.741s][info][gc,stats    ] Pause Init Update Refs (N)          182 us
[2026-04-03T03:17:15.203+0600][56.741s][info][gc,stats    ]   Manage GCLABs                      26 us
[2026-04-03T03:17:15.203+0600][56.741s][info][gc,stats    ] Concurrent Update Refs           136124 us
[2026-04-03T03:17:15.203+0600][56.741s][info][gc,stats    ] Concurrent Update Thread Roots     1149 us
[2026-04-03T03:17:15.203+0600][56.741s][info][gc,stats    ] Pause Final Update Refs (G)         340 us
[2026-04-03T03:17:15.203+0600][56.741s][info][gc,stats    ] Pause Final Update Refs (N)         244 us
[2026-04-03T03:17:15.203+0600][56.741s][info][gc,stats    ]   Update Region States               51 us
[2026-04-03T03:17:15.203+0600][56.741s][info][gc,stats    ]   Trash Collection Set               16 us
[2026-04-03T03:17:15.203+0600][56.741s][info][gc,stats    ]   Rebuild Free Set                   36 us
[2026-04-03T03:17:15.203+0600][56.741s][info][gc,stats    ] Concurrent Cleanup                  383 us
[2026-04-03T03:17:15.203+0600][56.741s][info][gc,stats    ] Pacing                           527481 us
[2026-04-03T03:17:15.203+0600][56.741s][info][gc,stats    ] 
[2026-04-03T03:17:15.203+0600][56.741s][info][gc,stats    ] Allocation pacing accrued:
[2026-04-03T03:17:15.203+0600][56.741s][info][gc,stats    ]     179 of   546 ms ( 32.9%): Executor task launch worker for task 2.0 in stage 14.0 (TID 23)
[2026-04-03T03:17:15.203+0600][56.741s][info][gc,stats    ]     169 of   546 ms ( 30.9%): Executor task launch worker for task 0.0 in stage 14.0 (TID 21)
[2026-04-03T03:17:15.203+0600][56.741s][info][gc,stats    ]     179 of   546 ms ( 32.9%): Executor task launch worker for task 1.0 in stage 14.0 (TID 22)
[2026-04-03T03:17:15.203+0600][56.741s][info][gc,stats    ]     527 of   546 ms ( 96.6%): <total>
[2026-04-03T03:17:15.203+0600][56.741s][info][gc,stats    ]       4 of   546 ms (  0.7%): <average total>
[2026-04-03T03:17:15.203+0600][56.741s][info][gc,stats    ]     176 of   546 ms ( 32.2%): <average non-zero>
[2026-04-03T03:17:15.203+0600][56.741s][info][gc,stats    ] 
[2026-04-03T03:17:15.203+0600][56.741s][info][gc,metaspace] Metaspace: 72982K(73984K)->72982K(73984K) NonClass: 63683K(64256K)->63683K(64256K) Class: 9299K(9728K)->9299K(9728K)
[2026-04-03T03:17:15.203+0600][56.741s][info][gc,ergo     ] Pacer for Idle. Initial: 15360K, Alloc Tax Rate: 1.0x
[2026-04-03T03:17:15.248+0600][56.787s][info][gc          ] Trigger: Average GC time (497.44 ms) is above the time for average allocation rate (541 MB/s) to deplete free headroom (268M) (margin of error = 1.94)
[2026-04-03T03:17:15.248+0600][56.787s][info][gc,ergo     ] Free headroom: 306M (free) - 38400K (spike) - 0B (penalties) = 268M
[2026-04-03T03:17:15.248+0600][56.787s][info][gc,ergo     ] Free: 306M, Max: 256K regular, 79360K humongous, Frag: 75% external, 0% internal; Reserve: 38400K, Max: 256K
[2026-04-03T03:17:15.248+0600][56.787s][info][gc,start    ] GC(78) Concurrent reset
[2026-04-03T03:17:15.248+0600][56.787s][info][gc,task     ] GC(78) Using 3 of 6 workers for concurrent reset
[2026-04-03T03:17:15.248+0600][56.787s][info][gc,ergo     ] GC(78) Pacer for Reset. Non-Taxable: 750M
[2026-04-03T03:17:15.250+0600][56.788s][info][gc          ] GC(78) Concurrent reset 1.406ms
[2026-04-03T03:17:15.250+0600][56.788s][info][gc,start    ] GC(78) Pause Init Mark (unload classes)
[2026-04-03T03:17:15.250+0600][56.788s][info][gc,task     ] GC(78) Using 6 of 6 workers for init marking
[2026-04-03T03:17:15.250+0600][56.788s][info][gc,ergo     ] GC(78) Pacer for Mark. Expected Live: 207M, Free: 304M, Non-Taxable: 31213K, Alloc Tax Rate: 0.8x
[2026-04-03T03:17:15.250+0600][56.788s][info][gc          ] GC(78) Pause Init Mark (unload classes) 0.135ms
[2026-04-03T03:17:15.250+0600][56.789s][info][gc,start    ] GC(78) Concurrent marking roots
[2026-04-03T03:17:15.250+0600][56.789s][info][gc,task     ] GC(78) Using 3 of 6 workers for concurrent marking roots
[2026-04-03T03:17:15.251+0600][56.789s][info][gc          ] GC(78) Concurrent marking roots 0.864ms
[2026-04-03T03:17:15.251+0600][56.789s][info][gc,start    ] GC(78) Concurrent marking (unload classes)
[2026-04-03T03:17:15.251+0600][56.789s][info][gc,task     ] GC(78) Using 3 of 6 workers for concurrent marking
[2026-04-03T03:17:15.491+0600][57.030s][info][gc          ] GC(78) Concurrent marking (unload classes) 240.373ms
[2026-04-03T03:17:15.492+0600][57.030s][info][gc,start    ] GC(78) Pause Final Mark (unload classes)
[2026-04-03T03:17:15.492+0600][57.030s][info][gc,task     ] GC(78) Using 6 of 6 workers for final marking
[2026-04-03T03:17:15.492+0600][57.030s][info][gc,ergo     ] GC(78) Adaptive CSet Selection. Target Free: 106M, Actual Free: 281M, Max CSet: 32000K, Min Garbage: 0B
[2026-04-03T03:17:15.492+0600][57.031s][info][gc,ergo     ] GC(78) Collectable Garbage: 181M (95%), Immediate: 3584K (1%), CSet: 177M (93%)
[2026-04-03T03:17:15.493+0600][57.031s][info][gc,ergo     ] GC(78) Pacer for Evacuation. Used CSet: 188M, Free: 245M, Non-Taxable: 25121K, Alloc Tax Rate: 1.9x
[2026-04-03T03:17:15.493+0600][57.031s][info][gc          ] GC(78) Pause Final Mark (unload classes) 1.001ms
[2026-04-03T03:17:15.493+0600][57.031s][info][gc,start    ] GC(78) Concurrent thread roots
[2026-04-03T03:17:15.493+0600][57.031s][info][gc,task     ] GC(78) Using 3 of 6 workers for Concurrent thread roots
[2026-04-03T03:17:15.493+0600][57.032s][info][gc          ] GC(78) Concurrent thread roots 0.657ms
[2026-04-03T03:17:15.493+0600][57.032s][info][gc,start    ] GC(78) Concurrent weak references
[2026-04-03T03:17:15.493+0600][57.032s][info][gc,task     ] GC(78) Using 3 of 6 workers for concurrent weak references
[2026-04-03T03:17:15.494+0600][57.032s][info][gc,ref      ] GC(78) Encountered references: Soft: 3175, Weak: 6262, Final: 84, Phantom: 602
[2026-04-03T03:17:15.494+0600][57.032s][info][gc,ref      ] GC(78) Discovered  references: Soft: 0, Weak: 2149, Final: 50, Phantom: 599
[2026-04-03T03:17:15.494+0600][57.032s][info][gc,ref      ] GC(78) Enqueued    references: Soft: 0, Weak: 0, Final: 0, Phantom: 0
[2026-04-03T03:17:15.494+0600][57.032s][info][gc          ] GC(78) Concurrent weak references 0.493ms
[2026-04-03T03:17:15.494+0600][57.032s][info][gc,start    ] GC(78) Concurrent weak roots
[2026-04-03T03:17:15.494+0600][57.032s][info][gc,task     ] GC(78) Using 3 of 6 workers for concurrent weak root
[2026-04-03T03:17:15.496+0600][57.035s][info][gc          ] GC(78) Concurrent weak roots 2.294ms
[2026-04-03T03:17:15.496+0600][57.035s][info][gc,start    ] GC(78) Concurrent cleanup
[2026-04-03T03:17:15.496+0600][57.035s][info][gc          ] GC(78) Concurrent cleanup 470M->466M(604M) 0.181ms
[2026-04-03T03:17:15.496+0600][57.035s][info][gc,ergo     ] GC(78) Free: 243M, Max: 256K regular, 79360K humongous, Frag: 69% external, 0% internal; Reserve: 38241K, Max: 256K
[2026-04-03T03:17:15.496+0600][57.035s][info][gc,start    ] GC(78) Concurrent class unloading
[2026-04-03T03:17:15.497+0600][57.035s][info][gc,task     ] GC(78) Using 3 of 6 workers for concurrent class unloading
[2026-04-03T03:17:15.502+0600][57.041s][info][gc          ] GC(78) Concurrent class unloading 5.914ms
[2026-04-03T03:17:15.502+0600][57.041s][info][gc,start    ] GC(78) Concurrent strong roots
[2026-04-03T03:17:15.503+0600][57.041s][info][gc,task     ] GC(78) Using 3 of 6 workers for concurrent strong root
[2026-04-03T03:17:15.503+0600][57.042s][info][gc          ] GC(78) Concurrent strong roots 0.879ms
[2026-04-03T03:17:15.503+0600][57.042s][info][gc,start    ] GC(78) Concurrent evacuation
[2026-04-03T03:17:15.503+0600][57.042s][info][gc,task     ] GC(78) Using 3 of 6 workers for concurrent evacuation
[2026-04-03T03:17:15.515+0600][57.054s][info][gc          ] GC(78) Concurrent evacuation 11.792ms
[2026-04-03T03:17:15.516+0600][57.054s][info][gc,start    ] GC(78) Pause Init Update Refs
[2026-04-03T03:17:15.516+0600][57.054s][info][gc,ergo     ] GC(78) Pacer for Update Refs. Used: 488M, Free: 233M, Non-Taxable: 23866K, Alloc Tax Rate: 2.6x
[2026-04-03T03:17:15.516+0600][57.054s][info][gc          ] GC(78) Pause Init Update Refs 0.154ms
[2026-04-03T03:17:15.516+0600][57.054s][info][gc,start    ] GC(78) Concurrent update references
[2026-04-03T03:17:15.516+0600][57.054s][info][gc,task     ] GC(78) Using 3 of 6 workers for concurrent reference update
[2026-04-03T03:17:15.653+0600][57.192s][info][gc          ] GC(78) Concurrent update references 137.410ms
[2026-04-03T03:17:15.654+0600][57.193s][info][gc,start    ] GC(78) Concurrent update thread roots
[2026-04-03T03:17:15.655+0600][57.194s][info][gc          ] GC(78) Concurrent update thread roots 1.072ms
[2026-04-03T03:17:15.655+0600][57.194s][info][gc,start    ] GC(78) Pause Final Update Refs
[2026-04-03T03:17:15.656+0600][57.194s][info][gc,task     ] GC(78) Using 6 of 6 workers for final reference update
[2026-04-03T03:17:15.656+0600][57.194s][info][gc          ] GC(78) Pause Final Update Refs 0.226ms
[2026-04-03T03:17:15.656+0600][57.194s][info][gc,start    ] GC(78) Concurrent cleanup
[2026-04-03T03:17:15.656+0600][57.195s][info][gc          ] GC(78) Concurrent cleanup 573M->385M(604M) 0.308ms
[2026-04-03T03:17:15.656+0600][57.195s][info][gc,ergo     ] Free: 324M, Max: 256K regular, 108M humongous, Frag: 67% external, 0% internal; Reserve: 38400K, Max: 256K
[2026-04-03T03:17:15.656+0600][57.195s][info][gc,stats    ] 
[2026-04-03T03:17:15.656+0600][57.195s][info][gc,stats    ] All times are wall-clock times, except per-root-class counters, that are sum over
[2026-04-03T03:17:15.656+0600][57.195s][info][gc,stats    ] all workers. Dividing the <total> over the root stage time estimates parallelism.
[2026-04-03T03:17:15.656+0600][57.195s][info][gc,stats    ] 
[2026-04-03T03:17:15.656+0600][57.195s][info][gc,stats    ] Concurrent Reset                   1461 us
[2026-04-03T03:17:15.656+0600][57.195s][info][gc,stats    ] Pause Init Mark (G)                 391 us
[2026-04-03T03:17:15.656+0600][57.195s][info][gc,stats    ] Pause Init Mark (N)                 143 us
[2026-04-03T03:17:15.656+0600][57.195s][info][gc,stats    ]   Update Region States               29 us
[2026-04-03T03:17:15.656+0600][57.195s][info][gc,stats    ] Concurrent Mark Roots               900 us, parallelism: 1.59x
[2026-04-03T03:17:15.656+0600][57.195s][info][gc,stats    ]   CMR: <total>                     1427 us
[2026-04-03T03:17:15.656+0600][57.195s][info][gc,stats    ]   CMR: Thread Roots                1129 us, workers (us): 200, 465, 465, ---, ---, ---, 
[2026-04-03T03:17:15.656+0600][57.195s][info][gc,stats    ]   CMR: VM Strong Roots               32 us, workers (us):  14,   9,   8, ---, ---, ---, 
[2026-04-03T03:17:15.656+0600][57.195s][info][gc,stats    ]   CMR: CLDG Roots                   265 us, workers (us): 265, ---, ---, ---, ---, ---, 
[2026-04-03T03:17:15.656+0600][57.195s][info][gc,stats    ] Concurrent Marking               240452 us
[2026-04-03T03:17:15.656+0600][57.195s][info][gc,stats    ] Pause Final Mark (G)               1168 us
[2026-04-03T03:17:15.656+0600][57.195s][info][gc,stats    ] Pause Final Mark (N)               1014 us
[2026-04-03T03:17:15.656+0600][57.195s][info][gc,stats    ]   Finish Mark                       311 us
[2026-04-03T03:17:15.656+0600][57.195s][info][gc,stats    ]   Update Region States               50 us
[2026-04-03T03:17:15.656+0600][57.195s][info][gc,stats    ]   Choose Collection Set             491 us
[2026-04-03T03:17:15.656+0600][57.195s][info][gc,stats    ]   Rebuild Free Set                   30 us
[2026-04-03T03:17:15.657+0600][57.195s][info][gc,stats    ] Concurrent Thread Roots             721 us, parallelism: 1.68x
[2026-04-03T03:17:15.657+0600][57.195s][info][gc,stats    ]   CTR: <total>                     1214 us
[2026-04-03T03:17:15.657+0600][57.195s][info][gc,stats    ]   CTR: Thread Roots                1214 us, workers (us): 427, 389, 398, ---, ---, ---, 
[2026-04-03T03:17:15.657+0600][57.195s][info][gc,stats    ] Concurrent Weak References          509 us, parallelism: 0.76x
[2026-04-03T03:17:15.657+0600][57.195s][info][gc,stats    ]   CWRF: <total>                     387 us
[2026-04-03T03:17:15.657+0600][57.195s][info][gc,stats    ]   CWRF: Weak References             387 us, workers (us): 261,  86,  40, ---, ---, ---, 
[2026-04-03T03:17:15.657+0600][57.195s][info][gc,stats    ] Concurrent Weak Roots              2356 us
[2026-04-03T03:17:15.657+0600][57.195s][info][gc,stats    ]   Roots                            2053 us, parallelism: 2.49x
[2026-04-03T03:17:15.657+0600][57.195s][info][gc,stats    ]     CWR: <total>                   5112 us
[2026-04-03T03:17:15.657+0600][57.195s][info][gc,stats    ]     CWR: Code Cache Roots          3354 us, workers (us): 1041, 1160, 1153, ---, ---, ---, 
[2026-04-03T03:17:15.657+0600][57.195s][info][gc,stats    ]     CWR: VM Weak Roots             1630 us, workers (us): 560, 535, 534, ---, ---, ---, 
[2026-04-03T03:17:15.657+0600][57.195s][info][gc,stats    ]     CWR: CLDG Roots                 128 us, workers (us): 128, ---, ---, ---, ---, ---, 
[2026-04-03T03:17:15.657+0600][57.195s][info][gc,stats    ]   Rendezvous                        216 us
[2026-04-03T03:17:15.657+0600][57.195s][info][gc,stats    ] Concurrent Cleanup                  198 us
[2026-04-03T03:17:15.657+0600][57.195s][info][gc,stats    ] Concurrent Class Unloading         5996 us
[2026-04-03T03:17:15.657+0600][57.195s][info][gc,stats    ]   Unlink Stale                     5417 us
[2026-04-03T03:17:15.657+0600][57.195s][info][gc,stats    ]     System Dictionary                55 us
[2026-04-03T03:17:15.657+0600][57.195s][info][gc,stats    ]     Weak Class Links                  0 us
[2026-04-03T03:17:15.657+0600][57.195s][info][gc,stats    ]     Code Roots                     5360 us
[2026-04-03T03:17:15.657+0600][57.195s][info][gc,stats    ]   Rendezvous                        264 us
[2026-04-03T03:17:15.657+0600][57.195s][info][gc,stats    ]   Purge Unlinked                    205 us
[2026-04-03T03:17:15.657+0600][57.195s][info][gc,stats    ]     Code Roots                      196 us
[2026-04-03T03:17:15.657+0600][57.195s][info][gc,stats    ]     CLDG                              8 us
[2026-04-03T03:17:15.657+0600][57.195s][info][gc,stats    ]     Exception Caches                  0 us
[2026-04-03T03:17:15.657+0600][57.195s][info][gc,stats    ] Concurrent Strong Roots             971 us, parallelism: 0.43x
[2026-04-03T03:17:15.657+0600][57.195s][info][gc,stats    ]   CSR: <total>                      421 us
[2026-04-03T03:17:15.657+0600][57.195s][info][gc,stats    ]   CSR: VM Strong Roots               33 us, workers (us):  17,  16,   0, ---, ---, ---, 
[2026-04-03T03:17:15.657+0600][57.195s][info][gc,stats    ]   CSR: CLDG Roots                   389 us, workers (us): ---, 389, ---, ---, ---, ---, 
[2026-04-03T03:17:15.657+0600][57.195s][info][gc,stats    ] Concurrent Evacuation             11893 us
[2026-04-03T03:17:15.657+0600][57.195s][info][gc,stats    ] Pause Init Update Refs (G)          516 us
[2026-04-03T03:17:15.657+0600][57.195s][info][gc,stats    ] Pause Init Update Refs (N)          172 us
[2026-04-03T03:17:15.657+0600][57.195s][info][gc,stats    ]   Manage GCLABs                      24 us
[2026-04-03T03:17:15.657+0600][57.195s][info][gc,stats    ] Concurrent Update Refs           138371 us
[2026-04-03T03:17:15.657+0600][57.195s][info][gc,stats    ] Concurrent Update Thread Roots     1129 us
[2026-04-03T03:17:15.657+0600][57.195s][info][gc,stats    ] Pause Final Update Refs (G)         455 us
[2026-04-03T03:17:15.657+0600][57.195s][info][gc,stats    ] Pause Final Update Refs (N)         251 us
[2026-04-03T03:17:15.657+0600][57.195s][info][gc,stats    ]   Update Region States               90 us
[2026-04-03T03:17:15.657+0600][57.195s][info][gc,stats    ]   Trash Collection Set               19 us
[2026-04-03T03:17:15.657+0600][57.195s][info][gc,stats    ]   Rebuild Free Set                   53 us
[2026-04-03T03:17:15.657+0600][57.195s][info][gc,stats    ] Concurrent Cleanup                  331 us
[2026-04-03T03:17:15.657+0600][57.195s][info][gc,stats    ] Pacing                           437969 us
[2026-04-03T03:17:15.657+0600][57.195s][info][gc,stats    ] 
[2026-04-03T03:17:15.657+0600][57.195s][info][gc,stats    ] Allocation pacing accrued:
[2026-04-03T03:17:15.657+0600][57.195s][info][gc,stats    ]     147 of   454 ms ( 32.3%): Executor task launch worker for task 2.0 in stage 14.0 (TID 23)
[2026-04-03T03:17:15.657+0600][57.195s][info][gc,stats    ]     145 of   454 ms ( 31.9%): Executor task launch worker for task 0.0 in stage 14.0 (TID 21)
[2026-04-03T03:17:15.657+0600][57.195s][info][gc,stats    ]     146 of   454 ms ( 32.2%): Executor task launch worker for task 1.0 in stage 14.0 (TID 22)
[2026-04-03T03:17:15.657+0600][57.195s][info][gc,stats    ]     438 of   454 ms ( 96.4%): <total>
[2026-04-03T03:17:15.657+0600][57.195s][info][gc,stats    ]       3 of   454 ms (  0.7%): <average total>
[2026-04-03T03:17:15.657+0600][57.195s][info][gc,stats    ]     146 of   454 ms ( 32.1%): <average non-zero>
[2026-04-03T03:17:15.657+0600][57.195s][info][gc,stats    ] 
[2026-04-03T03:17:15.657+0600][57.195s][info][gc,metaspace] Metaspace: 72982K(73984K)->72983K(73984K) NonClass: 63683K(64256K)->63684K(64256K) Class: 9299K(9728K)->9299K(9728K)
[2026-04-03T03:17:15.657+0600][57.195s][info][gc,ergo     ] Pacer for Idle. Initial: 15360K, Alloc Tax Rate: 1.0x
[2026-04-03T03:17:15.720+0600][57.258s][info][gc          ] Trigger: Average GC time (470.46 ms) is above the time for average allocation rate (473 MB/s) to deplete free headroom (222M) (margin of error = 1.96)
[2026-04-03T03:17:15.720+0600][57.259s][info][gc,ergo     ] Free headroom: 259M (free) - 38400K (spike) - 0B (penalties) = 222M
[2026-04-03T03:17:15.720+0600][57.259s][info][gc,ergo     ] Free: 259M, Max: 256K regular, 108M humongous, Frag: 59% external, 0% internal; Reserve: 38400K, Max: 256K
[2026-04-03T03:17:15.720+0600][57.259s][info][gc,start    ] GC(79) Concurrent reset
[2026-04-03T03:17:15.720+0600][57.259s][info][gc,task     ] GC(79) Using 3 of 6 workers for concurrent reset
[2026-04-03T03:17:15.720+0600][57.259s][info][gc,ergo     ] GC(79) Pacer for Reset. Non-Taxable: 750M
[2026-04-03T03:17:15.722+0600][57.260s][info][gc          ] GC(79) Concurrent reset 1.739ms
[2026-04-03T03:17:15.722+0600][57.261s][info][gc,start    ] GC(79) Pause Init Mark (unload classes)
[2026-04-03T03:17:15.722+0600][57.261s][info][gc,task     ] GC(79) Using 6 of 6 workers for init marking
[2026-04-03T03:17:15.722+0600][57.261s][info][gc,ergo     ] GC(79) Pacer for Mark. Expected Live: 204M, Free: 258M, Non-Taxable: 26452K, Alloc Tax Rate: 1.0x
[2026-04-03T03:17:15.722+0600][57.261s][info][gc          ] GC(79) Pause Init Mark (unload classes) 0.124ms
[2026-04-03T03:17:15.722+0600][57.261s][info][gc,start    ] GC(79) Concurrent marking roots
[2026-04-03T03:17:15.722+0600][57.261s][info][gc,task     ] GC(79) Using 3 of 6 workers for concurrent marking roots
[2026-04-03T03:17:15.723+0600][57.262s][info][gc          ] GC(79) Concurrent marking roots 0.939ms
[2026-04-03T03:17:15.723+0600][57.262s][info][gc,start    ] GC(79) Concurrent marking (unload classes)
[2026-04-03T03:17:15.723+0600][57.262s][info][gc,task     ] GC(79) Using 3 of 6 workers for concurrent marking
[2026-04-03T03:17:15.995+0600][57.533s][info][gc          ] GC(79) Concurrent marking (unload classes) 271.352ms
[2026-04-03T03:17:15.995+0600][57.533s][info][gc,start    ] GC(79) Pause Final Mark (unload classes)
[2026-04-03T03:17:15.995+0600][57.533s][info][gc,task     ] GC(79) Using 6 of 6 workers for final marking
[2026-04-03T03:17:15.995+0600][57.534s][info][gc,ergo     ] GC(79) Adaptive CSet Selection. Target Free: 106M, Actual Free: 242M, Max CSet: 32000K, Min Garbage: 0B
[2026-04-03T03:17:15.996+0600][57.534s][info][gc,ergo     ] GC(79) Collectable Garbage: 219M (95%), Immediate: 5376K (2%), CSet: 214M (93%)
[2026-04-03T03:17:15.996+0600][57.534s][info][gc,ergo     ] GC(79) Pacer for Evacuation. Used CSet: 228M, Free: 205M, Non-Taxable: 20999K, Alloc Tax Rate: 2.7x
[2026-04-03T03:17:15.996+0600][57.534s][info][gc          ] GC(79) Pause Final Mark (unload classes) 1.044ms
[2026-04-03T03:17:15.996+0600][57.535s][info][gc,start    ] GC(79) Concurrent thread roots
[2026-04-03T03:17:15.996+0600][57.535s][info][gc,task     ] GC(79) Using 3 of 6 workers for Concurrent thread roots
[2026-04-03T03:17:15.997+0600][57.535s][info][gc          ] GC(79) Concurrent thread roots 0.698ms
[2026-04-03T03:17:15.997+0600][57.535s][info][gc,start    ] GC(79) Concurrent weak references
[2026-04-03T03:17:15.997+0600][57.535s][info][gc,task     ] GC(79) Using 3 of 6 workers for concurrent weak references
[2026-04-03T03:17:15.997+0600][57.535s][info][gc,ref      ] GC(79) Encountered references: Soft: 3175, Weak: 6262, Final: 84, Phantom: 602
[2026-04-03T03:17:15.997+0600][57.536s][info][gc,ref      ] GC(79) Discovered  references: Soft: 0, Weak: 522, Final: 0, Phantom: 215
[2026-04-03T03:17:15.997+0600][57.536s][info][gc,ref      ] GC(79) Enqueued    references: Soft: 0, Weak: 0, Final: 0, Phantom: 0
[2026-04-03T03:17:15.997+0600][57.536s][info][gc          ] GC(79) Concurrent weak references 0.202ms
[2026-04-03T03:17:15.997+0600][57.536s][info][gc,start    ] GC(79) Concurrent weak roots
[2026-04-03T03:17:15.997+0600][57.536s][info][gc,task     ] GC(79) Using 3 of 6 workers for concurrent weak root
[2026-04-03T03:17:15.999+0600][57.538s][info][gc          ] GC(79) Concurrent weak roots 2.227ms
[2026-04-03T03:17:15.999+0600][57.538s][info][gc,start    ] GC(79) Concurrent cleanup
[2026-04-03T03:17:16.000+0600][57.538s][info][gc          ] GC(79) Concurrent cleanup 511M->507M(604M) 0.508ms
[2026-04-03T03:17:16.000+0600][57.538s][info][gc,ergo     ] GC(79) Free: 202M, Max: 256K regular, 142M humongous, Frag: 30% external, 0% internal; Reserve: 38337K, Max: 256K
[2026-04-03T03:17:16.000+0600][57.538s][info][gc,start    ] GC(79) Concurrent class unloading
[2026-04-03T03:17:16.000+0600][57.538s][info][gc,task     ] GC(79) Using 3 of 6 workers for concurrent class unloading
[2026-04-03T03:17:16.007+0600][57.545s][info][gc          ] GC(79) Concurrent class unloading 6.528ms
[2026-04-03T03:17:16.007+0600][57.545s][info][gc,start    ] GC(79) Concurrent strong roots
[2026-04-03T03:17:16.007+0600][57.545s][info][gc,task     ] GC(79) Using 3 of 6 workers for concurrent strong root
[2026-04-03T03:17:16.007+0600][57.546s][info][gc          ] GC(79) Concurrent strong roots 0.761ms
[2026-04-03T03:17:16.007+0600][57.546s][info][gc,start    ] GC(79) Concurrent evacuation
[2026-04-03T03:17:16.007+0600][57.546s][info][gc,task     ] GC(79) Using 3 of 6 workers for concurrent evacuation
[2026-04-03T03:17:16.023+0600][57.562s][info][gc          ] GC(79) Concurrent evacuation 16.062ms
[2026-04-03T03:17:16.024+0600][57.562s][info][gc,start    ] GC(79) Pause Init Update Refs
[2026-04-03T03:17:16.024+0600][57.562s][info][gc,ergo     ] GC(79) Pacer for Update Refs. Used: 534M, Free: 189M, Non-Taxable: 19437K, Alloc Tax Rate: 3.4x
[2026-04-03T03:17:16.024+0600][57.562s][info][gc          ] GC(79) Pause Init Update Refs 0.178ms
[2026-04-03T03:17:16.024+0600][57.562s][info][gc,start    ] GC(79) Concurrent update references
[2026-04-03T03:17:16.024+0600][57.563s][info][gc,task     ] GC(79) Using 3 of 6 workers for concurrent reference update
[2026-04-03T03:17:16.157+0600][57.696s][info][gc          ] GC(79) Concurrent update references 133.138ms
[2026-04-03T03:17:16.157+0600][57.696s][info][gc,start    ] GC(79) Concurrent update thread roots
[2026-04-03T03:17:16.158+0600][57.697s][info][gc          ] GC(79) Concurrent update thread roots 1.064ms
[2026-04-03T03:17:16.159+0600][57.697s][info][gc,start    ] GC(79) Pause Final Update Refs
[2026-04-03T03:17:16.159+0600][57.697s][info][gc,task     ] GC(79) Using 6 of 6 workers for final reference update
[2026-04-03T03:17:16.159+0600][57.697s][info][gc          ] GC(79) Pause Final Update Refs 0.223ms
[2026-04-03T03:17:16.159+0600][57.697s][info][gc,start    ] GC(79) Concurrent cleanup
[2026-04-03T03:17:16.160+0600][57.698s][info][gc          ] GC(79) Concurrent cleanup 607M->380M(614M) 0.757ms
[2026-04-03T03:17:16.160+0600][57.698s][info][gc,ergo     ] Free: 329M, Max: 256K regular, 69632K humongous, Frag: 80% external, 0% internal; Reserve: 38400K, Max: 256K
[2026-04-03T03:17:16.160+0600][57.698s][info][gc,stats    ] 
[2026-04-03T03:17:16.160+0600][57.698s][info][gc,stats    ] All times are wall-clock times, except per-root-class counters, that are sum over
[2026-04-03T03:17:16.160+0600][57.698s][info][gc,stats    ] all workers. Dividing the <total> over the root stage time estimates parallelism.
[2026-04-03T03:17:16.160+0600][57.698s][info][gc,stats    ] 
[2026-04-03T03:17:16.160+0600][57.698s][info][gc,stats    ] Concurrent Reset                   1811 us
[2026-04-03T03:17:16.160+0600][57.698s][info][gc,stats    ] Pause Init Mark (G)                 369 us
[2026-04-03T03:17:16.160+0600][57.698s][info][gc,stats    ] Pause Init Mark (N)                 157 us
[2026-04-03T03:17:16.160+0600][57.698s][info][gc,stats    ]   Update Region States               31 us
[2026-04-03T03:17:16.160+0600][57.698s][info][gc,stats    ] Concurrent Mark Roots               976 us, parallelism: 1.78x
[2026-04-03T03:17:16.160+0600][57.698s][info][gc,stats    ]   CMR: <total>                     1740 us
[2026-04-03T03:17:16.160+0600][57.698s][info][gc,stats    ]   CMR: Thread Roots                1529 us, workers (us): 586, 420, 523, ---, ---, ---, 
[2026-04-03T03:17:16.160+0600][57.698s][info][gc,stats    ]   CMR: VM Strong Roots               34 us, workers (us):  25,   8,   1, ---, ---, ---, 
[2026-04-03T03:17:16.160+0600][57.698s][info][gc,stats    ]   CMR: CLDG Roots                   177 us, workers (us): ---, 177, ---, ---, ---, ---, 
[2026-04-03T03:17:16.160+0600][57.698s][info][gc,stats    ] Concurrent Marking               271437 us
[2026-04-03T03:17:16.160+0600][57.698s][info][gc,stats    ] Pause Final Mark (G)               1342 us
[2026-04-03T03:17:16.160+0600][57.698s][info][gc,stats    ] Pause Final Mark (N)               1056 us
[2026-04-03T03:17:16.160+0600][57.698s][info][gc,stats    ]   Finish Mark                       347 us
[2026-04-03T03:17:16.160+0600][57.698s][info][gc,stats    ]   Update Region States               43 us
[2026-04-03T03:17:16.160+0600][57.698s][info][gc,stats    ]   Choose Collection Set             503 us
[2026-04-03T03:17:16.160+0600][57.698s][info][gc,stats    ]   Rebuild Free Set                   31 us
[2026-04-03T03:17:16.160+0600][57.698s][info][gc,stats    ] Concurrent Thread Roots             745 us, parallelism: 1.78x
[2026-04-03T03:17:16.160+0600][57.698s][info][gc,stats    ]   CTR: <total>                     1327 us
[2026-04-03T03:17:16.160+0600][57.698s][info][gc,stats    ]   CTR: Thread Roots                1327 us, workers (us): 459, 462, 406, ---, ---, ---, 
[2026-04-03T03:17:16.160+0600][57.698s][info][gc,stats    ] Concurrent Weak References          209 us, parallelism: 0.48x
[2026-04-03T03:17:16.160+0600][57.698s][info][gc,stats    ]   CWRF: <total>                     101 us
[2026-04-03T03:17:16.160+0600][57.698s][info][gc,stats    ]   CWRF: Weak References             101 us, workers (us):  98,   1,   1, ---, ---, ---, 
[2026-04-03T03:17:16.160+0600][57.698s][info][gc,stats    ] Concurrent Weak Roots              2279 us
[2026-04-03T03:17:16.160+0600][57.698s][info][gc,stats    ]   Roots                            1950 us, parallelism: 2.45x
[2026-04-03T03:17:16.160+0600][57.698s][info][gc,stats    ]     CWR: <total>                   4778 us
[2026-04-03T03:17:16.160+0600][57.698s][info][gc,stats    ]     CWR: Code Cache Roots          3203 us, workers (us): 1123, 1053, 1027, ---, ---, ---, 
[2026-04-03T03:17:16.160+0600][57.698s][info][gc,stats    ]     CWR: VM Weak Roots             1518 us, workers (us): 553, 507, 458, ---, ---, ---, 
[2026-04-03T03:17:16.160+0600][57.698s][info][gc,stats    ]     CWR: CLDG Roots                  57 us, workers (us): ---, ---,  57, ---, ---, ---, 
[2026-04-03T03:17:16.160+0600][57.698s][info][gc,stats    ]   Rendezvous                        258 us
[2026-04-03T03:17:16.160+0600][57.698s][info][gc,stats    ] Concurrent Cleanup                  523 us
[2026-04-03T03:17:16.160+0600][57.698s][info][gc,stats    ] Concurrent Class Unloading         6609 us
[2026-04-03T03:17:16.160+0600][57.698s][info][gc,stats    ]   Unlink Stale                     6084 us
[2026-04-03T03:17:16.160+0600][57.698s][info][gc,stats    ]     System Dictionary                69 us
[2026-04-03T03:17:16.160+0600][57.699s][info][gc,stats    ]     Weak Class Links                  0 us
[2026-04-03T03:17:16.160+0600][57.699s][info][gc,stats    ]     Code Roots                     6011 us
[2026-04-03T03:17:16.160+0600][57.699s][info][gc,stats    ]   Rendezvous                        399 us
[2026-04-03T03:17:16.160+0600][57.699s][info][gc,stats    ]   Purge Unlinked                     16 us
[2026-04-03T03:17:16.160+0600][57.699s][info][gc,stats    ]     Code Roots                        6 us
[2026-04-03T03:17:16.160+0600][57.699s][info][gc,stats    ]     CLDG                             10 us
[2026-04-03T03:17:16.160+0600][57.699s][info][gc,stats    ]     Exception Caches                  0 us
[2026-04-03T03:17:16.160+0600][57.699s][info][gc,stats    ] Concurrent Strong Roots             820 us, parallelism: 0.56x
[2026-04-03T03:17:16.160+0600][57.699s][info][gc,stats    ]   CSR: <total>                      460 us
[2026-04-03T03:17:16.160+0600][57.699s][info][gc,stats    ]   CSR: VM Strong Roots               44 us, workers (us):  32,  11,   0, ---, ---, ---, 
[2026-04-03T03:17:16.160+0600][57.699s][info][gc,stats    ]   CSR: CLDG Roots                   416 us, workers (us): 416, ---, ---, ---, ---, ---, 
[2026-04-03T03:17:16.160+0600][57.699s][info][gc,stats    ] Concurrent Evacuation             16182 us
[2026-04-03T03:17:16.160+0600][57.699s][info][gc,stats    ] Pause Init Update Refs (G)          460 us
[2026-04-03T03:17:16.160+0600][57.699s][info][gc,stats    ] Pause Init Update Refs (N)          196 us
[2026-04-03T03:17:16.160+0600][57.699s][info][gc,stats    ]   Manage GCLABs                      52 us
[2026-04-03T03:17:16.160+0600][57.699s][info][gc,stats    ] Concurrent Update Refs           133221 us
[2026-04-03T03:17:16.160+0600][57.699s][info][gc,stats    ] Concurrent Update Thread Roots     1120 us
[2026-04-03T03:17:16.160+0600][57.699s][info][gc,stats    ] Pause Final Update Refs (G)         572 us
[2026-04-03T03:17:16.160+0600][57.699s][info][gc,stats    ] Pause Final Update Refs (N)         239 us
[2026-04-03T03:17:16.160+0600][57.699s][info][gc,stats    ]   Update Region States               70 us
[2026-04-03T03:17:16.160+0600][57.699s][info][gc,stats    ]   Trash Collection Set               22 us
[2026-04-03T03:17:16.160+0600][57.699s][info][gc,stats    ]   Rebuild Free Set                   38 us
[2026-04-03T03:17:16.160+0600][57.699s][info][gc,stats    ] Concurrent Cleanup                  780 us
[2026-04-03T03:17:16.160+0600][57.699s][info][gc,stats    ] Pacing                           549819 us
[2026-04-03T03:17:16.160+0600][57.699s][info][gc,stats    ] 
[2026-04-03T03:17:16.160+0600][57.699s][info][gc,stats    ] Allocation pacing accrued:
[2026-04-03T03:17:16.160+0600][57.699s][info][gc,stats    ]      11 of   503 ms (  2.2%): Spark Context Cleaner
[2026-04-03T03:17:16.160+0600][57.699s][info][gc,stats    ]     180 of   503 ms ( 35.8%): Executor task launch worker for task 2.0 in stage 14.0 (TID 23)
[2026-04-03T03:17:16.160+0600][57.699s][info][gc,stats    ]     179 of   503 ms ( 35.6%): Executor task launch worker for task 0.0 in stage 14.0 (TID 21)
[2026-04-03T03:17:16.160+0600][57.699s][info][gc,stats    ]     180 of   503 ms ( 35.7%): Executor task launch worker for task 1.0 in stage 14.0 (TID 22)
[2026-04-03T03:17:16.160+0600][57.699s][info][gc,stats    ]     550 of   503 ms (109.2%): <total>
[2026-04-03T03:17:16.160+0600][57.699s][info][gc,stats    ]       4 of   503 ms (  0.8%): <average total>
[2026-04-03T03:17:16.160+0600][57.699s][info][gc,stats    ]     137 of   503 ms ( 27.3%): <average non-zero>
[2026-04-03T03:17:16.160+0600][57.699s][info][gc,stats    ] 
[2026-04-03T03:17:16.160+0600][57.699s][info][gc,metaspace] Metaspace: 72983K(73984K)->72983K(73984K) NonClass: 63684K(64256K)->63684K(64256K) Class: 9299K(9728K)->9299K(9728K)
[2026-04-03T03:17:16.160+0600][57.699s][info][gc,ergo     ] Pacer for Idle. Initial: 15360K, Alloc Tax Rate: 1.0x
[2026-04-03T03:17:16.245+0600][57.784s][info][gc          ] Trigger: Average GC time (473.37 ms) is above the time for average allocation rate (409 MB/s) to deplete free headroom (192M) (margin of error = 1.97)
[2026-04-03T03:17:16.245+0600][57.784s][info][gc,ergo     ] Free headroom: 230M (free) - 38400K (spike) - 0B (penalties) = 192M
[2026-04-03T03:17:16.245+0600][57.784s][info][gc,ergo     ] Free: 230M, Max: 256K regular, 69632K humongous, Frag: 71% external, 0% internal; Reserve: 38400K, Max: 256K
[2026-04-03T03:17:16.245+0600][57.784s][info][gc,start    ] GC(80) Concurrent reset
[2026-04-03T03:17:16.245+0600][57.784s][info][gc,task     ] GC(80) Using 3 of 6 workers for concurrent reset
[2026-04-03T03:17:16.245+0600][57.784s][info][gc,ergo     ] GC(80) Pacer for Reset. Non-Taxable: 750M
[2026-04-03T03:17:16.247+0600][57.785s][info][gc          ] GC(80) Concurrent reset 1.445ms
[2026-04-03T03:17:16.247+0600][57.785s][info][gc,start    ] GC(80) Pause Init Mark (unload classes)
[2026-04-03T03:17:16.247+0600][57.785s][info][gc,task     ] GC(80) Using 6 of 6 workers for init marking
[2026-04-03T03:17:16.247+0600][57.786s][info][gc,ergo     ] GC(80) Pacer for Mark. Expected Live: 201M, Free: 227M, Non-Taxable: 23328K, Alloc Tax Rate: 1.1x
[2026-04-03T03:17:16.247+0600][57.786s][info][gc          ] GC(80) Pause Init Mark (unload classes) 0.182ms
[2026-04-03T03:17:16.247+0600][57.786s][info][gc,start    ] GC(80) Concurrent marking roots
[2026-04-03T03:17:16.247+0600][57.786s][info][gc,task     ] GC(80) Using 3 of 6 workers for concurrent marking roots
[2026-04-03T03:17:16.248+0600][57.787s][info][gc          ] GC(80) Concurrent marking roots 0.927ms
[2026-04-03T03:17:16.248+0600][57.787s][info][gc,start    ] GC(80) Concurrent marking (unload classes)
[2026-04-03T03:17:16.248+0600][57.787s][info][gc,task     ] GC(80) Using 3 of 6 workers for concurrent marking
[2026-04-03T03:17:16.503+0600][58.042s][info][gc          ] GC(80) Concurrent marking (unload classes) 255.155ms
[2026-04-03T03:17:16.504+0600][58.042s][info][gc,start    ] GC(80) Pause Final Mark (unload classes)
[2026-04-03T03:17:16.504+0600][58.042s][info][gc,task     ] GC(80) Using 6 of 6 workers for final marking
[2026-04-03T03:17:16.504+0600][58.042s][info][gc,ergo     ] GC(80) Adaptive CSet Selection. Target Free: 106M, Actual Free: 230M, Max CSet: 32000K, Min Garbage: 0B
[2026-04-03T03:17:16.504+0600][58.043s][info][gc,ergo     ] GC(80) Collectable Garbage: 242M (95%), Immediate: 15360K (5%), CSet: 227M (89%)
[2026-04-03T03:17:16.504+0600][58.043s][info][gc,ergo     ] GC(80) Pacer for Evacuation. Used CSet: 241M, Free: 192M, Non-Taxable: 19745K, Alloc Tax Rate: 3.1x
[2026-04-03T03:17:16.504+0600][58.043s][info][gc          ] GC(80) Pause Final Mark (unload classes) 0.879ms
[2026-04-03T03:17:16.505+0600][58.043s][info][gc,start    ] GC(80) Concurrent thread roots
[2026-04-03T03:17:16.505+0600][58.043s][info][gc,task     ] GC(80) Using 3 of 6 workers for Concurrent thread roots
[2026-04-03T03:17:16.505+0600][58.044s][info][gc          ] GC(80) Concurrent thread roots 0.742ms
[2026-04-03T03:17:16.505+0600][58.044s][info][gc,start    ] GC(80) Concurrent weak references
[2026-04-03T03:17:16.505+0600][58.044s][info][gc,task     ] GC(80) Using 3 of 6 workers for concurrent weak references
[2026-04-03T03:17:16.506+0600][58.044s][info][gc,ref      ] GC(80) Encountered references: Soft: 3175, Weak: 6262, Final: 84, Phantom: 602
[2026-04-03T03:17:16.506+0600][58.044s][info][gc,ref      ] GC(80) Discovered  references: Soft: 0, Weak: 369, Final: 0, Phantom: 598
[2026-04-03T03:17:16.506+0600][58.044s][info][gc,ref      ] GC(80) Enqueued    references: Soft: 0, Weak: 0, Final: 0, Phantom: 0
[2026-04-03T03:17:16.506+0600][58.044s][info][gc          ] GC(80) Concurrent weak references 0.272ms
[2026-04-03T03:17:16.506+0600][58.044s][info][gc,start    ] GC(80) Concurrent weak roots
[2026-04-03T03:17:16.506+0600][58.044s][info][gc,task     ] GC(80) Using 3 of 6 workers for concurrent weak root
[2026-04-03T03:17:16.508+0600][58.046s][info][gc          ] GC(80) Concurrent weak roots 2.278ms
[2026-04-03T03:17:16.508+0600][58.046s][info][gc,start    ] GC(80) Concurrent cleanup
[2026-04-03T03:17:16.508+0600][58.047s][info][gc          ] GC(80) Concurrent cleanup 533M->518M(614M) 0.500ms
[2026-04-03T03:17:16.508+0600][58.047s][info][gc,ergo     ] GC(80) Free: 191M, Max: 256K regular, 69632K humongous, Frag: 65% external, 0% internal; Reserve: 38351K, Max: 256K
[2026-04-03T03:17:16.508+0600][58.047s][info][gc,start    ] GC(80) Concurrent class unloading
[2026-04-03T03:17:16.508+0600][58.047s][info][gc,task     ] GC(80) Using 3 of 6 workers for concurrent class unloading
[2026-04-03T03:17:16.515+0600][58.053s][info][gc          ] GC(80) Concurrent class unloading 6.301ms
[2026-04-03T03:17:16.515+0600][58.053s][info][gc,start    ] GC(80) Concurrent strong roots
[2026-04-03T03:17:16.515+0600][58.053s][info][gc,task     ] GC(80) Using 3 of 6 workers for concurrent strong root
[2026-04-03T03:17:16.515+0600][58.054s][info][gc          ] GC(80) Concurrent strong roots 0.473ms
[2026-04-03T03:17:16.515+0600][58.054s][info][gc,start    ] GC(80) Concurrent evacuation
[2026-04-03T03:17:16.515+0600][58.054s][info][gc,task     ] GC(80) Using 3 of 6 workers for concurrent evacuation
[2026-04-03T03:17:16.533+0600][58.071s][info][gc          ] GC(80) Concurrent evacuation 17.318ms
[2026-04-03T03:17:16.533+0600][58.071s][info][gc,start    ] GC(80) Pause Init Update Refs
[2026-04-03T03:17:16.533+0600][58.071s][info][gc,ergo     ] GC(80) Pacer for Update Refs. Used: 546M, Free: 177M, Non-Taxable: 18183K, Alloc Tax Rate: 3.8x
[2026-04-03T03:17:16.533+0600][58.072s][info][gc          ] GC(80) Pause Init Update Refs 0.145ms
[2026-04-03T03:17:16.533+0600][58.072s][info][gc,start    ] GC(80) Concurrent update references
[2026-04-03T03:17:16.533+0600][58.072s][info][gc,task     ] GC(80) Using 3 of 6 workers for concurrent reference update
[2026-04-03T03:17:16.678+0600][58.216s][info][gc          ] GC(80) Concurrent update references 144.702ms
[2026-04-03T03:17:16.678+0600][58.216s][info][gc,start    ] GC(80) Concurrent update thread roots
[2026-04-03T03:17:16.679+0600][58.217s][info][gc          ] GC(80) Concurrent update thread roots 0.856ms
[2026-04-03T03:17:16.679+0600][58.217s][info][gc,start    ] GC(80) Pause Final Update Refs
[2026-04-03T03:17:16.679+0600][58.218s][info][gc,task     ] GC(80) Using 6 of 6 workers for final reference update
[2026-04-03T03:17:16.679+0600][58.218s][info][gc          ] GC(80) Pause Final Update Refs 0.194ms
[2026-04-03T03:17:16.679+0600][58.218s][info][gc,start    ] GC(80) Concurrent cleanup
[2026-04-03T03:17:16.680+0600][58.219s][info][gc          ] GC(80) Concurrent cleanup 626M->386M(629M) 0.785ms
[2026-04-03T03:17:16.680+0600][58.219s][info][gc,ergo     ] Free: 323M, Max: 256K regular, 58112K humongous, Frag: 83% external, 0% internal; Reserve: 38400K, Max: 256K
[2026-04-03T03:17:16.680+0600][58.219s][info][gc,stats    ] 
[2026-04-03T03:17:16.680+0600][58.219s][info][gc,stats    ] All times are wall-clock times, except per-root-class counters, that are sum over
[2026-04-03T03:17:16.680+0600][58.219s][info][gc,stats    ] all workers. Dividing the <total> over the root stage time estimates parallelism.
[2026-04-03T03:17:16.680+0600][58.219s][info][gc,stats    ] 
[2026-04-03T03:17:16.680+0600][58.219s][info][gc,stats    ] Concurrent Reset                   1509 us
[2026-04-03T03:17:16.680+0600][58.219s][info][gc,stats    ] Pause Init Mark (G)                 464 us
[2026-04-03T03:17:16.680+0600][58.219s][info][gc,stats    ] Pause Init Mark (N)                 191 us
[2026-04-03T03:17:16.680+0600][58.219s][info][gc,stats    ]   Update Region States               30 us
[2026-04-03T03:17:16.680+0600][58.219s][info][gc,stats    ] Concurrent Mark Roots               960 us, parallelism: 1.53x
[2026-04-03T03:17:16.680+0600][58.219s][info][gc,stats    ]   CMR: <total>                     1470 us
[2026-04-03T03:17:16.680+0600][58.219s][info][gc,stats    ]   CMR: Thread Roots                1162 us, workers (us): 256, 452, 455, ---, ---, ---, 
[2026-04-03T03:17:16.680+0600][58.219s][info][gc,stats    ]   CMR: VM Strong Roots               29 us, workers (us):  27,   1,   1, ---, ---, ---, 
[2026-04-03T03:17:16.680+0600][58.219s][info][gc,stats    ]   CMR: CLDG Roots                   279 us, workers (us): 279, ---, ---, ---, ---, ---, 
[2026-04-03T03:17:16.680+0600][58.219s][info][gc,stats    ] Concurrent Marking               255237 us
[2026-04-03T03:17:16.680+0600][58.219s][info][gc,stats    ] Pause Final Mark (G)               1079 us
[2026-04-03T03:17:16.680+0600][58.219s][info][gc,stats    ] Pause Final Mark (N)                890 us
[2026-04-03T03:17:16.680+0600][58.219s][info][gc,stats    ]   Finish Mark                       234 us
[2026-04-03T03:17:16.680+0600][58.219s][info][gc,stats    ]   Update Region States               34 us
[2026-04-03T03:17:16.680+0600][58.219s][info][gc,stats    ]   Choose Collection Set             478 us
[2026-04-03T03:17:16.680+0600][58.219s][info][gc,stats    ]   Rebuild Free Set                   33 us
[2026-04-03T03:17:16.680+0600][58.219s][info][gc,stats    ] Concurrent Thread Roots             776 us, parallelism: 1.69x
[2026-04-03T03:17:16.681+0600][58.219s][info][gc,stats    ]   CTR: <total>                     1310 us
[2026-04-03T03:17:16.681+0600][58.219s][info][gc,stats    ]   CTR: Thread Roots                1310 us, workers (us): 448, 447, 415, ---, ---, ---, 
[2026-04-03T03:17:16.681+0600][58.219s][info][gc,stats    ] Concurrent Weak References          283 us, parallelism: 0.50x
[2026-04-03T03:17:16.681+0600][58.219s][info][gc,stats    ]   CWRF: <total>                     142 us
[2026-04-03T03:17:16.681+0600][58.219s][info][gc,stats    ]   CWRF: Weak References             142 us, workers (us):  61,  82,   0, ---, ---, ---, 
[2026-04-03T03:17:16.681+0600][58.219s][info][gc,stats    ] Concurrent Weak Roots              2335 us
[2026-04-03T03:17:16.681+0600][58.219s][info][gc,stats    ]   Roots                            1979 us, parallelism: 2.28x
[2026-04-03T03:17:16.681+0600][58.219s][info][gc,stats    ]     CWR: <total>                   4509 us
[2026-04-03T03:17:16.681+0600][58.219s][info][gc,stats    ]     CWR: Code Cache Roots          3098 us, workers (us): 1144, 873, 1081, ---, ---, ---, 
[2026-04-03T03:17:16.681+0600][58.219s][info][gc,stats    ]     CWR: VM Weak Roots             1320 us, workers (us): 475, 465, 379, ---, ---, ---, 
[2026-04-03T03:17:16.681+0600][58.219s][info][gc,stats    ]     CWR: CLDG Roots                  91 us, workers (us): ---,  91, ---, ---, ---, ---, 
[2026-04-03T03:17:16.681+0600][58.219s][info][gc,stats    ]   Rendezvous                        272 us
[2026-04-03T03:17:16.681+0600][58.219s][info][gc,stats    ] Concurrent Cleanup                  515 us
[2026-04-03T03:17:16.681+0600][58.219s][info][gc,stats    ] Concurrent Class Unloading         6366 us
[2026-04-03T03:17:16.681+0600][58.219s][info][gc,stats    ]   Unlink Stale                     5771 us
[2026-04-03T03:17:16.681+0600][58.219s][info][gc,stats    ]     System Dictionary                91 us
[2026-04-03T03:17:16.681+0600][58.219s][info][gc,stats    ]     Weak Class Links                  0 us
[2026-04-03T03:17:16.681+0600][58.219s][info][gc,stats    ]     Code Roots                     5677 us
[2026-04-03T03:17:16.681+0600][58.219s][info][gc,stats    ]   Rendezvous                        286 us
[2026-04-03T03:17:16.681+0600][58.219s][info][gc,stats    ]   Purge Unlinked                    223 us
[2026-04-03T03:17:16.681+0600][58.219s][info][gc,stats    ]     Code Roots                      213 us
[2026-04-03T03:17:16.681+0600][58.219s][info][gc,stats    ]     CLDG                              9 us
[2026-04-03T03:17:16.681+0600][58.219s][info][gc,stats    ]     Exception Caches                  0 us
[2026-04-03T03:17:16.681+0600][58.219s][info][gc,stats    ] Concurrent Strong Roots             501 us, parallelism: 0.57x
[2026-04-03T03:17:16.681+0600][58.219s][info][gc,stats    ]   CSR: <total>                      285 us
[2026-04-03T03:17:16.681+0600][58.219s][info][gc,stats    ]   CSR: VM Strong Roots               20 us, workers (us):  18,   1,   0, ---, ---, ---, 
[2026-04-03T03:17:16.681+0600][58.219s][info][gc,stats    ]   CSR: CLDG Roots                   265 us, workers (us): 265, ---, ---, ---, ---, ---, 
[2026-04-03T03:17:16.681+0600][58.219s][info][gc,stats    ] Concurrent Evacuation             17428 us
[2026-04-03T03:17:16.681+0600][58.219s][info][gc,stats    ] Pause Init Update Refs (G)          399 us
[2026-04-03T03:17:16.681+0600][58.219s][info][gc,stats    ] Pause Init Update Refs (N)          160 us
[2026-04-03T03:17:16.681+0600][58.219s][info][gc,stats    ]   Manage GCLABs                      19 us
[2026-04-03T03:17:16.681+0600][58.219s][info][gc,stats    ] Concurrent Update Refs           144784 us
[2026-04-03T03:17:16.681+0600][58.219s][info][gc,stats    ] Concurrent Update Thread Roots      940 us
[2026-04-03T03:17:16.681+0600][58.219s][info][gc,stats    ] Pause Final Update Refs (G)         523 us
[2026-04-03T03:17:16.681+0600][58.219s][info][gc,stats    ] Pause Final Update Refs (N)         219 us
[2026-04-03T03:17:16.681+0600][58.219s][info][gc,stats    ]   Update Region States               59 us
[2026-04-03T03:17:16.681+0600][58.219s][info][gc,stats    ]   Trash Collection Set               24 us
[2026-04-03T03:17:16.681+0600][58.219s][info][gc,stats    ]   Rebuild Free Set                   35 us
[2026-04-03T03:17:16.681+0600][58.219s][info][gc,stats    ] Concurrent Cleanup                  808 us
[2026-04-03T03:17:16.681+0600][58.219s][info][gc,stats    ] Pacing                           540268 us
[2026-04-03T03:17:16.681+0600][58.219s][info][gc,stats    ] 
[2026-04-03T03:17:16.681+0600][58.219s][info][gc,stats    ] Allocation pacing accrued:
[2026-04-03T03:17:16.681+0600][58.219s][info][gc,stats    ]      11 of   521 ms (  2.1%): Spark Context Cleaner
[2026-04-03T03:17:16.681+0600][58.219s][info][gc,stats    ]     177 of   521 ms ( 33.9%): Executor task launch worker for task 2.0 in stage 14.0 (TID 23)
[2026-04-03T03:17:16.681+0600][58.219s][info][gc,stats    ]     177 of   521 ms ( 34.0%): Executor task launch worker for task 0.0 in stage 14.0 (TID 21)
[2026-04-03T03:17:16.681+0600][58.219s][info][gc,stats    ]     176 of   521 ms ( 33.7%): Executor task launch worker for task 1.0 in stage 14.0 (TID 22)
[2026-04-03T03:17:16.681+0600][58.219s][info][gc,stats    ]     540 of   521 ms (103.8%): <total>
[2026-04-03T03:17:16.681+0600][58.219s][info][gc,stats    ]       4 of   521 ms (  0.8%): <average total>
[2026-04-03T03:17:16.681+0600][58.219s][info][gc,stats    ]     135 of   521 ms ( 25.9%): <average non-zero>
[2026-04-03T03:17:16.681+0600][58.219s][info][gc,stats    ] 
[2026-04-03T03:17:16.681+0600][58.219s][info][gc,metaspace] Metaspace: 72984K(73984K)->72986K(73984K) NonClass: 63685K(64256K)->63686K(64256K) Class: 9299K(9728K)->9299K(9728K)
[2026-04-03T03:17:16.681+0600][58.219s][info][gc,ergo     ] Pacer for Idle. Initial: 15360K, Alloc Tax Rate: 1.0x
[2026-04-03T03:17:16.782+0600][58.321s][info][gc          ] Trigger: Average GC time (464.79 ms) is above the time for average allocation rate (690 MB/s) to deplete free headroom (185M) (margin of error = 1.98)
[2026-04-03T03:17:16.782+0600][58.321s][info][gc,ergo     ] Free headroom: 222M (free) - 38400K (spike) - 0B (penalties) = 185M
[2026-04-03T03:17:16.782+0600][58.321s][info][gc,ergo     ] Free: 222M, Max: 256K regular, 58112K humongous, Frag: 75% external, 0% internal; Reserve: 38400K, Max: 256K
[2026-04-03T03:17:16.782+0600][58.321s][info][gc,start    ] GC(81) Concurrent reset
[2026-04-03T03:17:16.782+0600][58.321s][info][gc,task     ] GC(81) Using 3 of 6 workers for concurrent reset
[2026-04-03T03:17:16.782+0600][58.321s][info][gc,ergo     ] GC(81) Pacer for Reset. Non-Taxable: 750M
[2026-04-03T03:17:16.784+0600][58.322s][info][gc          ] GC(81) Concurrent reset 1.476ms
[2026-04-03T03:17:16.784+0600][58.322s][info][gc,start    ] GC(81) Pause Init Mark (unload classes)
[2026-04-03T03:17:16.784+0600][58.322s][info][gc,task     ] GC(81) Using 6 of 6 workers for init marking
[2026-04-03T03:17:16.784+0600][58.323s][info][gc,ergo     ] GC(81) Pacer for Mark. Expected Live: 213M, Free: 221M, Non-Taxable: 22688K, Alloc Tax Rate: 1.2x
[2026-04-03T03:17:16.784+0600][58.323s][info][gc          ] GC(81) Pause Init Mark (unload classes) 0.161ms
[2026-04-03T03:17:16.784+0600][58.323s][info][gc,start    ] GC(81) Concurrent marking roots
[2026-04-03T03:17:16.784+0600][58.323s][info][gc,task     ] GC(81) Using 3 of 6 workers for concurrent marking roots
[2026-04-03T03:17:16.785+0600][58.324s][info][gc          ] GC(81) Concurrent marking roots 0.895ms
[2026-04-03T03:17:16.785+0600][58.324s][info][gc,start    ] GC(81) Concurrent marking (unload classes)
[2026-04-03T03:17:16.785+0600][58.324s][info][gc,task     ] GC(81) Using 3 of 6 workers for concurrent marking
[2026-04-03T03:17:17.052+0600][58.590s][info][gc          ] GC(81) Concurrent marking (unload classes) 266.170ms
[2026-04-03T03:17:17.052+0600][58.590s][info][gc,start    ] GC(81) Pause Final Mark (unload classes)
[2026-04-03T03:17:17.052+0600][58.590s][info][gc,task     ] GC(81) Using 6 of 6 workers for final marking
[2026-04-03T03:17:17.052+0600][58.590s][info][gc,ergo     ] GC(81) Adaptive CSet Selection. Target Free: 106M, Actual Free: 213M, Max CSet: 32000K, Min Garbage: 0B
[2026-04-03T03:17:17.053+0600][58.591s][info][gc,ergo     ] GC(81) Collectable Garbage: 238M (95%), Immediate: 5120K (1%), CSet: 233M (93%)
[2026-04-03T03:17:17.053+0600][58.591s][info][gc,ergo     ] GC(81) Pacer for Evacuation. Used CSet: 250M, Free: 176M, Non-Taxable: 18081K, Alloc Tax Rate: 3.5x
[2026-04-03T03:17:17.053+0600][58.591s][info][gc          ] GC(81) Pause Final Mark (unload classes) 0.956ms
[2026-04-03T03:17:17.053+0600][58.591s][info][gc,start    ] GC(81) Concurrent thread roots
[2026-04-03T03:17:17.053+0600][58.591s][info][gc,task     ] GC(81) Using 3 of 6 workers for Concurrent thread roots
[2026-04-03T03:17:17.053+0600][58.592s][info][gc          ] GC(81) Concurrent thread roots 0.732ms
[2026-04-03T03:17:17.053+0600][58.592s][info][gc,start    ] GC(81) Concurrent weak references
[2026-04-03T03:17:17.053+0600][58.592s][info][gc,task     ] GC(81) Using 3 of 6 workers for concurrent weak references
[2026-04-03T03:17:17.054+0600][58.592s][info][gc,ref      ] GC(81) Encountered references: Soft: 3175, Weak: 6262, Final: 84, Phantom: 602
[2026-04-03T03:17:17.054+0600][58.592s][info][gc,ref      ] GC(81) Discovered  references: Soft: 0, Weak: 348, Final: 0, Phantom: 599
[2026-04-03T03:17:17.054+0600][58.592s][info][gc,ref      ] GC(81) Enqueued    references: Soft: 0, Weak: 0, Final: 0, Phantom: 0
[2026-04-03T03:17:17.054+0600][58.592s][info][gc          ] GC(81) Concurrent weak references 0.288ms
[2026-04-03T03:17:17.054+0600][58.592s][info][gc,start    ] GC(81) Concurrent weak roots
[2026-04-03T03:17:17.054+0600][58.592s][info][gc,task     ] GC(81) Using 3 of 6 workers for concurrent weak root
[2026-04-03T03:17:17.056+0600][58.595s][info][gc          ] GC(81) Concurrent weak roots 2.457ms
[2026-04-03T03:17:17.056+0600][58.595s][info][gc,start    ] GC(81) Concurrent cleanup
[2026-04-03T03:17:17.057+0600][58.595s][info][gc          ] GC(81) Concurrent cleanup 540M->535M(629M) 0.197ms
[2026-04-03T03:17:17.057+0600][58.595s][info][gc,ergo     ] GC(81) Free: 174M, Max: 256K regular, 58112K humongous, Frag: 68% external, 0% internal; Reserve: 38229K, Max: 256K
[2026-04-03T03:17:17.057+0600][58.595s][info][gc,start    ] GC(81) Concurrent class unloading
[2026-04-03T03:17:17.057+0600][58.595s][info][gc,task     ] GC(81) Using 3 of 6 workers for concurrent class unloading
[2026-04-03T03:17:17.063+0600][58.601s][info][gc          ] GC(81) Concurrent class unloading 6.242ms
[2026-04-03T03:17:17.063+0600][58.601s][info][gc,start    ] GC(81) Concurrent strong roots
[2026-04-03T03:17:17.063+0600][58.601s][info][gc,task     ] GC(81) Using 3 of 6 workers for concurrent strong root
[2026-04-03T03:17:17.064+0600][58.602s][info][gc          ] GC(81) Concurrent strong roots 0.808ms
[2026-04-03T03:17:17.064+0600][58.602s][info][gc,start    ] GC(81) Concurrent evacuation
[2026-04-03T03:17:17.064+0600][58.602s][info][gc,task     ] GC(81) Using 3 of 6 workers for concurrent evacuation
[2026-04-03T03:17:17.089+0600][58.627s][info][gc          ] GC(81) Concurrent evacuation 25.101ms
[2026-04-03T03:17:17.089+0600][58.627s][info][gc,start    ] GC(81) Pause Init Update Refs
[2026-04-03T03:17:17.089+0600][58.628s][info][gc,ergo     ] GC(81) Pacer for Update Refs. Used: 568M, Free: 158M, Non-Taxable: 16237K, Alloc Tax Rate: 4.4x
[2026-04-03T03:17:17.089+0600][58.628s][info][gc          ] GC(81) Pause Init Update Refs 0.093ms
[2026-04-03T03:17:17.089+0600][58.628s][info][gc,start    ] GC(81) Concurrent update references
[2026-04-03T03:17:17.089+0600][58.628s][info][gc,task     ] GC(81) Using 3 of 6 workers for concurrent reference update
[2026-04-03T03:17:17.242+0600][58.781s][info][gc          ] GC(81) Concurrent update references 152.946ms
[2026-04-03T03:17:17.242+0600][58.781s][info][gc,start    ] GC(81) Concurrent update thread roots
[2026-04-03T03:17:17.243+0600][58.782s][info][gc          ] GC(81) Concurrent update thread roots 1.001ms
[2026-04-03T03:17:17.243+0600][58.782s][info][gc,start    ] GC(81) Pause Final Update Refs
[2026-04-03T03:17:17.243+0600][58.782s][info][gc,task     ] GC(81) Using 6 of 6 workers for final reference update
[2026-04-03T03:17:17.244+0600][58.782s][info][gc          ] GC(81) Pause Final Update Refs 0.180ms
[2026-04-03T03:17:17.244+0600][58.782s][info][gc,start    ] GC(81) Concurrent cleanup
[2026-04-03T03:17:17.244+0600][58.783s][info][gc          ] GC(81) Concurrent cleanup 654M->403M(657M) 0.358ms
[2026-04-03T03:17:17.244+0600][58.783s][info][gc,ergo     ] Free: 306M, Max: 256K regular, 41216K humongous, Frag: 87% external, 0% internal; Reserve: 38400K, Max: 256K
[2026-04-03T03:17:17.244+0600][58.783s][info][gc,stats    ] 
[2026-04-03T03:17:17.244+0600][58.783s][info][gc,stats    ] All times are wall-clock times, except per-root-class counters, that are sum over
[2026-04-03T03:17:17.244+0600][58.783s][info][gc,stats    ] all workers. Dividing the <total> over the root stage time estimates parallelism.
[2026-04-03T03:17:17.244+0600][58.783s][info][gc,stats    ] 
[2026-04-03T03:17:17.244+0600][58.783s][info][gc,stats    ] Concurrent Reset                   1512 us
[2026-04-03T03:17:17.244+0600][58.783s][info][gc,stats    ] Pause Init Mark (G)                 487 us
[2026-04-03T03:17:17.244+0600][58.783s][info][gc,stats    ] Pause Init Mark (N)                 175 us
[2026-04-03T03:17:17.244+0600][58.783s][info][gc,stats    ]   Update Region States               48 us
[2026-04-03T03:17:17.244+0600][58.783s][info][gc,stats    ] Concurrent Mark Roots               945 us, parallelism: 1.67x
[2026-04-03T03:17:17.244+0600][58.783s][info][gc,stats    ]   CMR: <total>                     1582 us
[2026-04-03T03:17:17.244+0600][58.783s][info][gc,stats    ]   CMR: Thread Roots                1248 us, workers (us): 251, 496, 501, ---, ---, ---, 
[2026-04-03T03:17:17.244+0600][58.783s][info][gc,stats    ]   CMR: VM Strong Roots               61 us, workers (us):  26,  34,   1, ---, ---, ---, 
[2026-04-03T03:17:17.244+0600][58.783s][info][gc,stats    ]   CMR: CLDG Roots                   274 us, workers (us): 274, ---, ---, ---, ---, ---, 
[2026-04-03T03:17:17.244+0600][58.783s][info][gc,stats    ] Concurrent Marking               266251 us
[2026-04-03T03:17:17.244+0600][58.783s][info][gc,stats    ] Pause Final Mark (G)               1119 us
[2026-04-03T03:17:17.244+0600][58.783s][info][gc,stats    ] Pause Final Mark (N)                970 us
[2026-04-03T03:17:17.244+0600][58.783s][info][gc,stats    ]   Finish Mark                       267 us
[2026-04-03T03:17:17.244+0600][58.783s][info][gc,stats    ]   Update Region States               50 us
[2026-04-03T03:17:17.244+0600][58.783s][info][gc,stats    ]   Choose Collection Set             528 us
[2026-04-03T03:17:17.244+0600][58.783s][info][gc,stats    ]   Rebuild Free Set                   29 us
[2026-04-03T03:17:17.244+0600][58.783s][info][gc,stats    ] Concurrent Thread Roots             770 us, parallelism: 1.82x
[2026-04-03T03:17:17.245+0600][58.783s][info][gc,stats    ]   CTR: <total>                     1403 us
[2026-04-03T03:17:17.245+0600][58.783s][info][gc,stats    ]   CTR: Thread Roots                1403 us, workers (us): 497, 470, 436, ---, ---, ---, 
[2026-04-03T03:17:17.245+0600][58.783s][info][gc,stats    ] Concurrent Weak References          326 us, parallelism: 0.40x
[2026-04-03T03:17:17.245+0600][58.783s][info][gc,stats    ]   CWRF: <total>                     130 us
[2026-04-03T03:17:17.245+0600][58.783s][info][gc,stats    ]   CWRF: Weak References             130 us, workers (us):  70,  60,   0, ---, ---, ---, 
[2026-04-03T03:17:17.245+0600][58.783s][info][gc,stats    ] Concurrent Weak Roots              2527 us
[2026-04-03T03:17:17.245+0600][58.783s][info][gc,stats    ]   Roots                            2184 us, parallelism: 2.54x
[2026-04-03T03:17:17.245+0600][58.783s][info][gc,stats    ]     CWR: <total>                   5549 us
[2026-04-03T03:17:17.245+0600][58.783s][info][gc,stats    ]     CWR: Code Cache Roots          4006 us, workers (us): 1394, 1320, 1292, ---, ---, ---, 
[2026-04-03T03:17:17.245+0600][58.783s][info][gc,stats    ]     CWR: VM Weak Roots             1487 us, workers (us): 540, 494, 453, ---, ---, ---, 
[2026-04-03T03:17:17.245+0600][58.783s][info][gc,stats    ]     CWR: CLDG Roots                  57 us, workers (us): ---,  57, ---, ---, ---, ---, 
[2026-04-03T03:17:17.245+0600][58.783s][info][gc,stats    ]   Rendezvous                        243 us
[2026-04-03T03:17:17.245+0600][58.783s][info][gc,stats    ] Concurrent Cleanup                  213 us
[2026-04-03T03:17:17.245+0600][58.783s][info][gc,stats    ] Concurrent Class Unloading         6336 us
[2026-04-03T03:17:17.245+0600][58.783s][info][gc,stats    ]   Unlink Stale                     5719 us
[2026-04-03T03:17:17.245+0600][58.783s][info][gc,stats    ]     System Dictionary               126 us
[2026-04-03T03:17:17.245+0600][58.783s][info][gc,stats    ]     Weak Class Links                  0 us
[2026-04-03T03:17:17.245+0600][58.783s][info][gc,stats    ]     Code Roots                     5588 us
[2026-04-03T03:17:17.245+0600][58.783s][info][gc,stats    ]   Rendezvous                        238 us
[2026-04-03T03:17:17.245+0600][58.783s][info][gc,stats    ]   Purge Unlinked                    253 us
[2026-04-03T03:17:17.245+0600][58.783s][info][gc,stats    ]     Code Roots                      244 us
[2026-04-03T03:17:17.245+0600][58.783s][info][gc,stats    ]     CLDG                              9 us
[2026-04-03T03:17:17.245+0600][58.783s][info][gc,stats    ]     Exception Caches                  0 us
[2026-04-03T03:17:17.245+0600][58.783s][info][gc,stats    ] Concurrent Strong Roots             853 us, parallelism: 0.60x
[2026-04-03T03:17:17.245+0600][58.783s][info][gc,stats    ]   CSR: <total>                      509 us
[2026-04-03T03:17:17.245+0600][58.783s][info][gc,stats    ]   CSR: VM Strong Roots               31 us, workers (us):  26,   5,   0, ---, ---, ---, 
[2026-04-03T03:17:17.245+0600][58.783s][info][gc,stats    ]   CSR: CLDG Roots                   478 us, workers (us): 478, ---, ---, ---, ---, ---, 
[2026-04-03T03:17:17.245+0600][58.783s][info][gc,stats    ] Concurrent Evacuation             25203 us
[2026-04-03T03:17:17.245+0600][58.783s][info][gc,stats    ] Pause Init Update Refs (G)          272 us
[2026-04-03T03:17:17.245+0600][58.783s][info][gc,stats    ] Pause Init Update Refs (N)          109 us
[2026-04-03T03:17:17.245+0600][58.783s][info][gc,stats    ]   Manage GCLABs                      24 us
[2026-04-03T03:17:17.245+0600][58.783s][info][gc,stats    ] Concurrent Update Refs           153034 us
[2026-04-03T03:17:17.245+0600][58.783s][info][gc,stats    ] Concurrent Update Thread Roots     1055 us
[2026-04-03T03:17:17.245+0600][58.783s][info][gc,stats    ] Pause Final Update Refs (G)         409 us
[2026-04-03T03:17:17.245+0600][58.783s][info][gc,stats    ] Pause Final Update Refs (N)         204 us
[2026-04-03T03:17:17.245+0600][58.783s][info][gc,stats    ]   Update Region States               64 us
[2026-04-03T03:17:17.245+0600][58.783s][info][gc,stats    ]   Trash Collection Set               24 us
[2026-04-03T03:17:17.245+0600][58.783s][info][gc,stats    ]   Rebuild Free Set                   36 us
[2026-04-03T03:17:17.245+0600][58.783s][info][gc,stats    ] Concurrent Cleanup                  392 us
[2026-04-03T03:17:17.245+0600][58.783s][info][gc,stats    ] Pacing                           544220 us
[2026-04-03T03:17:17.245+0600][58.784s][info][gc,stats    ] 
[2026-04-03T03:17:17.245+0600][58.784s][info][gc,stats    ] Allocation pacing accrued:
[2026-04-03T03:17:17.245+0600][58.784s][info][gc,stats    ]     181 of   564 ms ( 32.0%): Executor task launch worker for task 2.0 in stage 14.0 (TID 23)
[2026-04-03T03:17:17.245+0600][58.784s][info][gc,stats    ]     182 of   564 ms ( 32.2%): Executor task launch worker for task 0.0 in stage 14.0 (TID 21)
[2026-04-03T03:17:17.245+0600][58.784s][info][gc,stats    ]     182 of   564 ms ( 32.2%): Executor task launch worker for task 1.0 in stage 14.0 (TID 22)
[2026-04-03T03:17:17.245+0600][58.784s][info][gc,stats    ]     544 of   564 ms ( 96.4%): <total>
[2026-04-03T03:17:17.245+0600][58.784s][info][gc,stats    ]       4 of   564 ms (  0.7%): <average total>
[2026-04-03T03:17:17.245+0600][58.784s][info][gc,stats    ]     181 of   564 ms ( 32.1%): <average non-zero>
[2026-04-03T03:17:17.245+0600][58.784s][info][gc,stats    ] 
[2026-04-03T03:17:17.245+0600][58.784s][info][gc,metaspace] Metaspace: 72987K(73984K)->72992K(73984K) NonClass: 63687K(64256K)->63692K(64256K) Class: 9299K(9728K)->9299K(9728K)
[2026-04-03T03:17:17.245+0600][58.784s][info][gc,ergo     ] Pacer for Idle. Initial: 15360K, Alloc Tax Rate: 1.0x
[2026-04-03T03:17:17.264+0600][58.803s][info][gc          ] Trigger: Average GC time (485.33 ms) is above the time for average allocation rate (516 MB/s) to deplete free headroom (249M) (margin of error = 2.00)
[2026-04-03T03:17:17.264+0600][58.803s][info][gc,ergo     ] Free headroom: 286M (free) - 38400K (spike) - 0B (penalties) = 249M
[2026-04-03T03:17:17.265+0600][58.803s][info][gc,ergo     ] Free: 286M, Max: 256K regular, 41216K humongous, Frag: 86% external, 0% internal; Reserve: 38400K, Max: 256K
[2026-04-03T03:17:17.265+0600][58.803s][info][gc,start    ] GC(82) Concurrent reset
[2026-04-03T03:17:17.265+0600][58.803s][info][gc,task     ] GC(82) Using 3 of 6 workers for concurrent reset
[2026-04-03T03:17:17.265+0600][58.803s][info][gc,ergo     ] GC(82) Pacer for Reset. Non-Taxable: 750M
[2026-04-03T03:17:17.266+0600][58.805s][info][gc          ] GC(82) Concurrent reset 1.766ms
[2026-04-03T03:17:17.267+0600][58.805s][info][gc,start    ] GC(82) Pause Init Mark (unload classes)
[2026-04-03T03:17:17.267+0600][58.805s][info][gc,task     ] GC(82) Using 6 of 6 workers for init marking
[2026-04-03T03:17:17.267+0600][58.805s][info][gc,ergo     ] GC(82) Pacer for Mark. Expected Live: 221M, Free: 284M, Non-Taxable: 29140K, Alloc Tax Rate: 1.0x
[2026-04-03T03:17:17.267+0600][58.805s][info][gc          ] GC(82) Pause Init Mark (unload classes) 0.187ms
[2026-04-03T03:17:17.267+0600][58.805s][info][gc,start    ] GC(82) Concurrent marking roots
[2026-04-03T03:17:17.267+0600][58.805s][info][gc,task     ] GC(82) Using 3 of 6 workers for concurrent marking roots
[2026-04-03T03:17:17.268+0600][58.806s][info][gc          ] GC(82) Concurrent marking roots 0.903ms
[2026-04-03T03:17:17.268+0600][58.806s][info][gc,start    ] GC(82) Concurrent marking (unload classes)
[2026-04-03T03:17:17.268+0600][58.806s][info][gc,task     ] GC(82) Using 3 of 6 workers for concurrent marking
[2026-04-03T03:17:17.606+0600][59.144s][info][gc          ] GC(82) Concurrent marking (unload classes) 338.209ms
[2026-04-03T03:17:17.606+0600][59.145s][info][gc,start    ] GC(82) Pause Final Mark (unload classes)
[2026-04-03T03:17:17.606+0600][59.145s][info][gc,task     ] GC(82) Using 6 of 6 workers for final marking
[2026-04-03T03:17:17.607+0600][59.145s][info][gc,ergo     ] GC(82) Adaptive CSet Selection. Target Free: 106M, Actual Free: 248M, Max CSet: 32000K, Min Garbage: 0B
[2026-04-03T03:17:17.607+0600][59.146s][info][gc,ergo     ] GC(82) Collectable Garbage: 169M (92%), Immediate: 512K (0%), CSet: 169M (92%)
[2026-04-03T03:17:17.607+0600][59.146s][info][gc,ergo     ] GC(82) Pacer for Evacuation. Used CSet: 181M, Free: 211M, Non-Taxable: 21639K, Alloc Tax Rate: 2.1x
[2026-04-03T03:17:17.607+0600][59.146s][info][gc          ] GC(82) Pause Final Mark (unload classes) 1.202ms
[2026-04-03T03:17:17.608+0600][59.146s][info][gc,start    ] GC(82) Concurrent thread roots
[2026-04-03T03:17:17.608+0600][59.146s][info][gc,task     ] GC(82) Using 3 of 6 workers for Concurrent thread roots
[2026-04-03T03:17:17.608+0600][59.147s][info][gc          ] GC(82) Concurrent thread roots 0.687ms
[2026-04-03T03:17:17.608+0600][59.147s][info][gc,start    ] GC(82) Concurrent weak references
[2026-04-03T03:17:17.608+0600][59.147s][info][gc,task     ] GC(82) Using 3 of 6 workers for concurrent weak references
[2026-04-03T03:17:17.609+0600][59.147s][info][gc,ref      ] GC(82) Encountered references: Soft: 3175, Weak: 6262, Final: 84, Phantom: 602
[2026-04-03T03:17:17.609+0600][59.147s][info][gc,ref      ] GC(82) Discovered  references: Soft: 0, Weak: 895, Final: 2, Phantom: 599
[2026-04-03T03:17:17.609+0600][59.147s][info][gc,ref      ] GC(82) Enqueued    references: Soft: 0, Weak: 0, Final: 0, Phantom: 0
[2026-04-03T03:17:17.609+0600][59.147s][info][gc          ] GC(82) Concurrent weak references 0.281ms
[2026-04-03T03:17:17.609+0600][59.147s][info][gc,start    ] GC(82) Concurrent weak roots
[2026-04-03T03:17:17.609+0600][59.147s][info][gc,task     ] GC(82) Using 3 of 6 workers for concurrent weak root
[2026-04-03T03:17:17.611+0600][59.149s][info][gc          ] GC(82) Concurrent weak roots 2.145ms
[2026-04-03T03:17:17.611+0600][59.149s][info][gc,start    ] GC(82) Concurrent cleanup
[2026-04-03T03:17:17.611+0600][59.150s][info][gc          ] GC(82) Concurrent cleanup 499M->499M(657M) 0.490ms
[2026-04-03T03:17:17.611+0600][59.150s][info][gc,ergo     ] GC(82) Free: 210M, Max: 256K regular, 41216K humongous, Frag: 81% external, 0% internal; Reserve: 38317K, Max: 256K
[2026-04-03T03:17:17.611+0600][59.150s][info][gc,start    ] GC(82) Concurrent class unloading
[2026-04-03T03:17:17.611+0600][59.150s][info][gc,task     ] GC(82) Using 3 of 6 workers for concurrent class unloading
[2026-04-03T03:17:17.618+0600][59.156s][info][gc          ] GC(82) Concurrent class unloading 6.435ms
[2026-04-03T03:17:17.618+0600][59.156s][info][gc,start    ] GC(82) Concurrent strong roots
[2026-04-03T03:17:17.618+0600][59.156s][info][gc,task     ] GC(82) Using 3 of 6 workers for concurrent strong root
[2026-04-03T03:17:17.619+0600][59.157s][info][gc          ] GC(82) Concurrent strong roots 0.750ms
[2026-04-03T03:17:17.619+0600][59.157s][info][gc,start    ] GC(82) Concurrent evacuation
[2026-04-03T03:17:17.619+0600][59.157s][info][gc,task     ] GC(82) Using 3 of 6 workers for concurrent evacuation
[2026-04-03T03:17:17.634+0600][59.173s][info][gc          ] GC(82) Concurrent evacuation 15.528ms
[2026-04-03T03:17:17.635+0600][59.173s][info][gc,start    ] GC(82) Pause Init Update Refs
[2026-04-03T03:17:17.635+0600][59.173s][info][gc,ergo     ] GC(82) Pacer for Update Refs. Used: 525M, Free: 196M, Non-Taxable: 20154K, Alloc Tax Rate: 3.3x
[2026-04-03T03:17:17.635+0600][59.173s][info][gc          ] GC(82) Pause Init Update Refs 0.154ms
[2026-04-03T03:17:17.635+0600][59.173s][info][gc,start    ] GC(82) Concurrent update references
[2026-04-03T03:17:17.635+0600][59.173s][info][gc,task     ] GC(82) Using 3 of 6 workers for concurrent reference update
[2026-04-03T03:17:17.810+0600][59.349s][info][gc          ] GC(82) Concurrent update references 175.505ms
[2026-04-03T03:17:17.810+0600][59.349s][info][gc,start    ] GC(82) Concurrent update thread roots
[2026-04-03T03:17:17.811+0600][59.350s][info][gc          ] GC(82) Concurrent update thread roots 1.025ms
[2026-04-03T03:17:17.812+0600][59.350s][info][gc,start    ] GC(82) Pause Final Update Refs
[2026-04-03T03:17:17.812+0600][59.350s][info][gc,task     ] GC(82) Using 6 of 6 workers for final reference update
[2026-04-03T03:17:17.812+0600][59.350s][info][gc          ] GC(82) Pause Final Update Refs 0.240ms
[2026-04-03T03:17:17.812+0600][59.350s][info][gc,start    ] GC(82) Concurrent cleanup
[2026-04-03T03:17:17.812+0600][59.351s][info][gc          ] GC(82) Concurrent cleanup 641M->460M(659M) 0.307ms
[2026-04-03T03:17:17.812+0600][59.351s][info][gc,ergo     ] Free: 249M, Max: 256K regular, 145M humongous, Frag: 42% external, 0% internal; Reserve: 38400K, Max: 256K
[2026-04-03T03:17:17.812+0600][59.351s][info][gc,stats    ] 
[2026-04-03T03:17:17.812+0600][59.351s][info][gc,stats    ] All times are wall-clock times, except per-root-class counters, that are sum over
[2026-04-03T03:17:17.812+0600][59.351s][info][gc,stats    ] all workers. Dividing the <total> over the root stage time estimates parallelism.
[2026-04-03T03:17:17.812+0600][59.351s][info][gc,stats    ] 
[2026-04-03T03:17:17.813+0600][59.351s][info][gc,stats    ] Concurrent Reset                   1837 us
[2026-04-03T03:17:17.813+0600][59.351s][info][gc,stats    ] Pause Init Mark (G)                 420 us
[2026-04-03T03:17:17.813+0600][59.351s][info][gc,stats    ] Pause Init Mark (N)                 198 us
[2026-04-03T03:17:17.813+0600][59.351s][info][gc,stats    ]   Update Region States               40 us
[2026-04-03T03:17:17.813+0600][59.351s][info][gc,stats    ] Concurrent Mark Roots               947 us, parallelism: 1.53x
[2026-04-03T03:17:17.813+0600][59.351s][info][gc,stats    ]   CMR: <total>                     1448 us
[2026-04-03T03:17:17.813+0600][59.351s][info][gc,stats    ]   CMR: Thread Roots                1236 us, workers (us): 330, 457, 449, ---, ---, ---, 
[2026-04-03T03:17:17.813+0600][59.351s][info][gc,stats    ]   CMR: VM Strong Roots               29 us, workers (us):  27,   1,   1, ---, ---, ---, 
[2026-04-03T03:17:17.813+0600][59.351s][info][gc,stats    ]   CMR: CLDG Roots                   184 us, workers (us): 184, ---, ---, ---, ---, ---, 
[2026-04-03T03:17:17.813+0600][59.351s][info][gc,stats    ] Concurrent Marking               338289 us
[2026-04-03T03:17:17.813+0600][59.351s][info][gc,stats    ] Pause Final Mark (G)               1510 us
[2026-04-03T03:17:17.813+0600][59.351s][info][gc,stats    ] Pause Final Mark (N)               1215 us
[2026-04-03T03:17:17.813+0600][59.351s][info][gc,stats    ]   Finish Mark                       269 us
[2026-04-03T03:17:17.813+0600][59.351s][info][gc,stats    ]   Update Region States               48 us
[2026-04-03T03:17:17.813+0600][59.351s][info][gc,stats    ]   Choose Collection Set             733 us
[2026-04-03T03:17:17.813+0600][59.351s][info][gc,stats    ]   Rebuild Free Set                   55 us
[2026-04-03T03:17:17.813+0600][59.351s][info][gc,stats    ] Concurrent Thread Roots             722 us, parallelism: 1.90x
[2026-04-03T03:17:17.813+0600][59.351s][info][gc,stats    ]   CTR: <total>                     1373 us
[2026-04-03T03:17:17.813+0600][59.351s][info][gc,stats    ]   CTR: Thread Roots                1373 us, workers (us): 494, 472, 408, ---, ---, ---, 
[2026-04-03T03:17:17.813+0600][59.351s][info][gc,stats    ] Concurrent Weak References          294 us, parallelism: 0.72x
[2026-04-03T03:17:17.813+0600][59.351s][info][gc,stats    ]   CWRF: <total>                     213 us
[2026-04-03T03:17:17.813+0600][59.351s][info][gc,stats    ]   CWRF: Weak References             213 us, workers (us):  96,  78,  38, ---, ---, ---, 
[2026-04-03T03:17:17.813+0600][59.351s][info][gc,stats    ] Concurrent Weak Roots              2198 us
[2026-04-03T03:17:17.813+0600][59.351s][info][gc,stats    ]   Roots                            1897 us, parallelism: 2.56x
[2026-04-03T03:17:17.813+0600][59.351s][info][gc,stats    ]     CWR: <total>                   4849 us
[2026-04-03T03:17:17.813+0600][59.351s][info][gc,stats    ]     CWR: Code Cache Roots          3263 us, workers (us): 1094, 1116, 1053, ---, ---, ---, 
[2026-04-03T03:17:17.813+0600][59.351s][info][gc,stats    ]     CWR: VM Weak Roots             1475 us, workers (us): 509, 496, 470, ---, ---, ---, 
[2026-04-03T03:17:17.813+0600][59.351s][info][gc,stats    ]     CWR: CLDG Roots                 112 us, workers (us): ---, ---, 112, ---, ---, ---, 
[2026-04-03T03:17:17.813+0600][59.351s][info][gc,stats    ]   Rendezvous                        220 us
[2026-04-03T03:17:17.813+0600][59.351s][info][gc,stats    ] Concurrent Cleanup                  503 us
[2026-04-03T03:17:17.813+0600][59.351s][info][gc,stats    ] Concurrent Class Unloading         6507 us
[2026-04-03T03:17:17.813+0600][59.351s][info][gc,stats    ]   Unlink Stale                     6104 us
[2026-04-03T03:17:17.813+0600][59.351s][info][gc,stats    ]     System Dictionary                70 us
[2026-04-03T03:17:17.813+0600][59.351s][info][gc,stats    ]     Weak Class Links                  0 us
[2026-04-03T03:17:17.813+0600][59.351s][info][gc,stats    ]     Code Roots                     6030 us
[2026-04-03T03:17:17.813+0600][59.351s][info][gc,stats    ]   Rendezvous                        289 us
[2026-04-03T03:17:17.813+0600][59.351s][info][gc,stats    ]   Purge Unlinked                     15 us
[2026-04-03T03:17:17.813+0600][59.351s][info][gc,stats    ]     Code Roots                        5 us
[2026-04-03T03:17:17.813+0600][59.351s][info][gc,stats    ]     CLDG                              9 us
[2026-04-03T03:17:17.813+0600][59.351s][info][gc,stats    ]     Exception Caches                  0 us
[2026-04-03T03:17:17.813+0600][59.351s][info][gc,stats    ] Concurrent Strong Roots             827 us, parallelism: 0.57x
[2026-04-03T03:17:17.813+0600][59.351s][info][gc,stats    ]   CSR: <total>                      471 us
[2026-04-03T03:17:17.813+0600][59.351s][info][gc,stats    ]   CSR: VM Strong Roots               32 us, workers (us):  23,   9,   0, ---, ---, ---, 
[2026-04-03T03:17:17.813+0600][59.351s][info][gc,stats    ]   CSR: CLDG Roots                   439 us, workers (us): 439, ---, ---, ---, ---, ---, 
[2026-04-03T03:17:17.813+0600][59.351s][info][gc,stats    ] Concurrent Evacuation             15632 us
[2026-04-03T03:17:17.813+0600][59.351s][info][gc,stats    ] Pause Init Update Refs (G)          457 us
[2026-04-03T03:17:17.813+0600][59.351s][info][gc,stats    ] Pause Init Update Refs (N)          174 us
[2026-04-03T03:17:17.813+0600][59.351s][info][gc,stats    ]   Manage GCLABs                      24 us
[2026-04-03T03:17:17.813+0600][59.351s][info][gc,stats    ] Concurrent Update Refs           175607 us
[2026-04-03T03:17:17.813+0600][59.351s][info][gc,stats    ] Concurrent Update Thread Roots     1074 us
[2026-04-03T03:17:17.813+0600][59.351s][info][gc,stats    ] Pause Final Update Refs (G)         592 us
[2026-04-03T03:17:17.813+0600][59.351s][info][gc,stats    ] Pause Final Update Refs (N)         260 us
[2026-04-03T03:17:17.813+0600][59.351s][info][gc,stats    ]   Update Region States               67 us
[2026-04-03T03:17:17.813+0600][59.351s][info][gc,stats    ]   Trash Collection Set               20 us
[2026-04-03T03:17:17.813+0600][59.351s][info][gc,stats    ]   Rebuild Free Set                   35 us
[2026-04-03T03:17:17.813+0600][59.351s][info][gc,stats    ] Concurrent Cleanup                  333 us
[2026-04-03T03:17:17.813+0600][59.351s][info][gc,stats    ] Pacing                           657758 us
[2026-04-03T03:17:17.813+0600][59.351s][info][gc,stats    ] 
[2026-04-03T03:17:17.813+0600][59.351s][info][gc,stats    ] Allocation pacing accrued:
[2026-04-03T03:17:17.813+0600][59.352s][info][gc,stats    ]     189 of   568 ms ( 33.2%): Executor task launch worker for task 2.0 in stage 14.0 (TID 23)
[2026-04-03T03:17:17.813+0600][59.352s][info][gc,stats    ]     233 of   568 ms ( 41.0%): Executor task launch worker for task 0.0 in stage 14.0 (TID 21)
[2026-04-03T03:17:17.813+0600][59.352s][info][gc,stats    ]     236 of   568 ms ( 41.6%): Executor task launch worker for task 1.0 in stage 14.0 (TID 22)
[2026-04-03T03:17:17.813+0600][59.352s][info][gc,stats    ]     658 of   568 ms (115.8%): <total>
[2026-04-03T03:17:17.813+0600][59.352s][info][gc,stats    ]       5 of   568 ms (  0.9%): <average total>
[2026-04-03T03:17:17.813+0600][59.352s][info][gc,stats    ]     219 of   568 ms ( 38.6%): <average non-zero>
[2026-04-03T03:17:17.813+0600][59.352s][info][gc,stats    ] 
[2026-04-03T03:17:17.813+0600][59.352s][info][gc,metaspace] Metaspace: 72992K(73984K)->72993K(73984K) NonClass: 63692K(64256K)->63694K(64256K) Class: 9299K(9728K)->9299K(9728K)
[2026-04-03T03:17:17.813+0600][59.352s][info][gc,ergo     ] Pacer for Idle. Initial: 15360K, Alloc Tax Rate: 1.0x
[2026-04-03T03:17:17.814+0600][59.353s][info][gc          ] Trigger: Average GC time (603.13 ms) is above the time for average allocation rate (449 MB/s) to deplete free headroom (210M) (margin of error = 2.02)
[2026-04-03T03:17:17.815+0600][59.353s][info][gc,ergo     ] Free headroom: 247M (free) - 38400K (spike) - 0B (penalties) = 210M
[2026-04-03T03:17:17.815+0600][59.353s][info][gc,ergo     ] Free: 247M, Max: 256K regular, 145M humongous, Frag: 42% external, 0% internal; Reserve: 38400K, Max: 256K
[2026-04-03T03:17:17.815+0600][59.353s][info][gc,start    ] GC(83) Concurrent reset
[2026-04-03T03:17:17.815+0600][59.353s][info][gc,task     ] GC(83) Using 3 of 6 workers for concurrent reset
[2026-04-03T03:17:17.815+0600][59.353s][info][gc,ergo     ] GC(83) Pacer for Reset. Non-Taxable: 750M
[2026-04-03T03:17:17.817+0600][59.355s][info][gc          ] GC(83) Concurrent reset 2.139ms
[2026-04-03T03:17:17.817+0600][59.356s][info][gc,start    ] GC(83) Pause Init Mark (unload classes)
[2026-04-03T03:17:17.817+0600][59.356s][info][gc,task     ] GC(83) Using 6 of 6 workers for init marking
[2026-04-03T03:17:17.817+0600][59.356s][info][gc,ergo     ] GC(83) Pacer for Mark. Expected Live: 228M, Free: 245M, Non-Taxable: 25121K, Alloc Tax Rate: 1.1x
[2026-04-03T03:17:17.817+0600][59.356s][info][gc          ] GC(83) Pause Init Mark (unload classes) 0.169ms
[2026-04-03T03:17:17.817+0600][59.356s][info][gc,start    ] GC(83) Concurrent marking roots
[2026-04-03T03:17:17.817+0600][59.356s][info][gc,task     ] GC(83) Using 3 of 6 workers for concurrent marking roots
[2026-04-03T03:17:17.818+0600][59.357s][info][gc          ] GC(83) Concurrent marking roots 0.997ms
[2026-04-03T03:17:17.818+0600][59.357s][info][gc,start    ] GC(83) Concurrent marking (unload classes)
[2026-04-03T03:17:17.818+0600][59.357s][info][gc,task     ] GC(83) Using 3 of 6 workers for concurrent marking
[2026-04-03T03:17:18.148+0600][59.686s][info][gc          ] GC(83) Concurrent marking (unload classes) 329.210ms
[2026-04-03T03:17:18.148+0600][59.686s][info][gc,start    ] GC(83) Pause Final Mark (unload classes)
[2026-04-03T03:17:18.148+0600][59.686s][info][gc,task     ] GC(83) Using 6 of 6 workers for final marking
[2026-04-03T03:17:18.148+0600][59.687s][info][gc,ergo     ] GC(83) Adaptive CSet Selection. Target Free: 106M, Actual Free: 226M, Max CSet: 32000K, Min Garbage: 0B
[2026-04-03T03:17:18.149+0600][59.687s][info][gc,ergo     ] GC(83) Collectable Garbage: 198M (93%), Immediate: 5888K (2%), CSet: 192M (90%)
[2026-04-03T03:17:18.149+0600][59.687s][info][gc,ergo     ] GC(83) Pacer for Evacuation. Used CSet: 205M, Free: 189M, Non-Taxable: 19437K, Alloc Tax Rate: 2.6x
[2026-04-03T03:17:18.149+0600][59.687s][info][gc          ] GC(83) Pause Final Mark (unload classes) 1.177ms
[2026-04-03T03:17:18.149+0600][59.688s][info][gc,start    ] GC(83) Concurrent thread roots
[2026-04-03T03:17:18.149+0600][59.688s][info][gc,task     ] GC(83) Using 3 of 6 workers for Concurrent thread roots
[2026-04-03T03:17:18.150+0600][59.688s][info][gc          ] GC(83) Concurrent thread roots 0.810ms
[2026-04-03T03:17:18.150+0600][59.688s][info][gc,start    ] GC(83) Concurrent weak references
[2026-04-03T03:17:18.150+0600][59.688s][info][gc,task     ] GC(83) Using 3 of 6 workers for concurrent weak references
[2026-04-03T03:17:18.150+0600][59.689s][info][gc,ref      ] GC(83) Encountered references: Soft: 3175, Weak: 6262, Final: 84, Phantom: 602
[2026-04-03T03:17:18.150+0600][59.689s][info][gc,ref      ] GC(83) Discovered  references: Soft: 0, Weak: 898, Final: 2, Phantom: 598
[2026-04-03T03:17:18.150+0600][59.689s][info][gc,ref      ] GC(83) Enqueued    references: Soft: 0, Weak: 0, Final: 0, Phantom: 0
[2026-04-03T03:17:18.150+0600][59.689s][info][gc          ] GC(83) Concurrent weak references 0.374ms
[2026-04-03T03:17:18.150+0600][59.689s][info][gc,start    ] GC(83) Concurrent weak roots
[2026-04-03T03:17:18.150+0600][59.689s][info][gc,task     ] GC(83) Using 3 of 6 workers for concurrent weak root
[2026-04-03T03:17:18.153+0600][59.691s][info][gc          ] GC(83) Concurrent weak roots 2.624ms
[2026-04-03T03:17:18.153+0600][59.692s][info][gc,start    ] GC(83) Concurrent cleanup
[2026-04-03T03:17:18.153+0600][59.692s][info][gc          ] GC(83) Concurrent cleanup 527M->521M(659M) 0.197ms
[2026-04-03T03:17:18.153+0600][59.692s][info][gc,ergo     ] GC(83) Free: 188M, Max: 256K regular, 145M humongous, Frag: 23% external, 0% internal; Reserve: 38220K, Max: 256K
[2026-04-03T03:17:18.153+0600][59.692s][info][gc,start    ] GC(83) Concurrent class unloading
[2026-04-03T03:17:18.153+0600][59.692s][info][gc,task     ] GC(83) Using 3 of 6 workers for concurrent class unloading
[2026-04-03T03:17:18.160+0600][59.698s][info][gc          ] GC(83) Concurrent class unloading 6.697ms
[2026-04-03T03:17:18.160+0600][59.699s][info][gc,start    ] GC(83) Concurrent strong roots
[2026-04-03T03:17:18.160+0600][59.699s][info][gc,task     ] GC(83) Using 3 of 6 workers for concurrent strong root
[2026-04-03T03:17:18.161+0600][59.699s][info][gc          ] GC(83) Concurrent strong roots 0.552ms
[2026-04-03T03:17:18.161+0600][59.699s][info][gc,start    ] GC(83) Concurrent evacuation
[2026-04-03T03:17:18.161+0600][59.699s][info][gc,task     ] GC(83) Using 3 of 6 workers for concurrent evacuation
[2026-04-03T03:17:18.180+0600][59.718s][info][gc          ] GC(83) Concurrent evacuation 18.817ms
[2026-04-03T03:17:18.180+0600][59.718s][info][gc,start    ] GC(83) Pause Init Update Refs
[2026-04-03T03:17:18.180+0600][59.718s][info][gc,ergo     ] GC(83) Pacer for Update Refs. Used: 544M, Free: 178M, Non-Taxable: 18311K, Alloc Tax Rate: 3.7x
[2026-04-03T03:17:18.180+0600][59.718s][info][gc          ] GC(83) Pause Init Update Refs 0.162ms
[2026-04-03T03:17:18.180+0600][59.718s][info][gc,start    ] GC(83) Concurrent update references
[2026-04-03T03:17:18.180+0600][59.719s][info][gc,task     ] GC(83) Using 3 of 6 workers for concurrent reference update
[2026-04-03T03:17:18.350+0600][59.888s][info][gc          ] GC(83) Concurrent update references 169.584ms
[2026-04-03T03:17:18.350+0600][59.888s][info][gc,start    ] GC(83) Concurrent update thread roots
[2026-04-03T03:17:18.351+0600][59.889s][info][gc          ] GC(83) Concurrent update thread roots 1.059ms
[2026-04-03T03:17:18.351+0600][59.889s][info][gc,start    ] GC(83) Pause Final Update Refs
[2026-04-03T03:17:18.351+0600][59.889s][info][gc,task     ] GC(83) Using 6 of 6 workers for final reference update
[2026-04-03T03:17:18.351+0600][59.890s][info][gc          ] GC(83) Pause Final Update Refs 0.199ms
[2026-04-03T03:17:18.351+0600][59.890s][info][gc,start    ] GC(83) Concurrent cleanup
[2026-04-03T03:17:18.352+0600][59.890s][info][gc          ] GC(83) Concurrent cleanup 613M->408M(666M) 0.347ms
[2026-04-03T03:17:18.352+0600][59.890s][info][gc,ergo     ] Free: 301M, Max: 256K regular, 92416K humongous, Frag: 71% external, 0% internal; Reserve: 38400K, Max: 256K
[2026-04-03T03:17:18.352+0600][59.890s][info][gc,stats    ] 
[2026-04-03T03:17:18.352+0600][59.890s][info][gc,stats    ] All times are wall-clock times, except per-root-class counters, that are sum over
[2026-04-03T03:17:18.352+0600][59.890s][info][gc,stats    ] all workers. Dividing the <total> over the root stage time estimates parallelism.
[2026-04-03T03:17:18.352+0600][59.890s][info][gc,stats    ] 
[2026-04-03T03:17:18.352+0600][59.890s][info][gc,stats    ] Concurrent Reset                   2223 us
[2026-04-03T03:17:18.352+0600][59.890s][info][gc,stats    ] Pause Init Mark (G)                 543 us
[2026-04-03T03:17:18.352+0600][59.890s][info][gc,stats    ] Pause Init Mark (N)                 183 us
[2026-04-03T03:17:18.352+0600][59.890s][info][gc,stats    ]   Update Region States               33 us
[2026-04-03T03:17:18.352+0600][59.890s][info][gc,stats    ] Concurrent Mark Roots              1042 us, parallelism: 1.61x
[2026-04-03T03:17:18.352+0600][59.890s][info][gc,stats    ]   CMR: <total>                     1678 us
[2026-04-03T03:17:18.352+0600][59.890s][info][gc,stats    ]   CMR: Thread Roots                1290 us, workers (us): 552, 216, 522, ---, ---, ---, 
[2026-04-03T03:17:18.352+0600][59.890s][info][gc,stats    ]   CMR: VM Strong Roots               40 us, workers (us):  28,  12,   1, ---, ---, ---, 
[2026-04-03T03:17:18.352+0600][59.890s][info][gc,stats    ]   CMR: CLDG Roots                   348 us, workers (us): ---, 348, ---, ---, ---, ---, 
[2026-04-03T03:17:18.352+0600][59.890s][info][gc,stats    ] Concurrent Marking               329321 us
[2026-04-03T03:17:18.352+0600][59.890s][info][gc,stats    ] Pause Final Mark (G)               1384 us
[2026-04-03T03:17:18.352+0600][59.890s][info][gc,stats    ] Pause Final Mark (N)               1189 us
[2026-04-03T03:17:18.352+0600][59.890s][info][gc,stats    ]   Finish Mark                       370 us
[2026-04-03T03:17:18.352+0600][59.890s][info][gc,stats    ]   Update Region States               55 us
[2026-04-03T03:17:18.352+0600][59.890s][info][gc,stats    ]   Choose Collection Set             574 us
[2026-04-03T03:17:18.352+0600][59.890s][info][gc,stats    ]   Rebuild Free Set                   38 us
[2026-04-03T03:17:18.352+0600][59.890s][info][gc,stats    ] Concurrent Thread Roots             860 us, parallelism: 1.89x
[2026-04-03T03:17:18.352+0600][59.890s][info][gc,stats    ]   CTR: <total>                     1622 us
[2026-04-03T03:17:18.352+0600][59.890s][info][gc,stats    ]   CTR: Thread Roots                1622 us, workers (us): 569, 517, 535, ---, ---, ---, 
[2026-04-03T03:17:18.352+0600][59.890s][info][gc,stats    ] Concurrent Weak References          387 us, parallelism: 0.68x
[2026-04-03T03:17:18.352+0600][59.890s][info][gc,stats    ]   CWRF: <total>                     262 us
[2026-04-03T03:17:18.352+0600][59.890s][info][gc,stats    ]   CWRF: Weak References             262 us, workers (us):  75, 142,  46, ---, ---, ---, 
[2026-04-03T03:17:18.352+0600][59.890s][info][gc,stats    ] Concurrent Weak Roots              2696 us
[2026-04-03T03:17:18.352+0600][59.890s][info][gc,stats    ]   Roots                            2377 us, parallelism: 2.47x
[2026-04-03T03:17:18.352+0600][59.890s][info][gc,stats    ]     CWR: <total>                   5860 us
[2026-04-03T03:17:18.352+0600][59.891s][info][gc,stats    ]     CWR: Code Cache Roots          4154 us, workers (us): 1448, 1485, 1221, ---, ---, ---, 
[2026-04-03T03:17:18.352+0600][59.891s][info][gc,stats    ]     CWR: VM Weak Roots             1615 us, workers (us): 612, 502, 502, ---, ---, ---, 
[2026-04-03T03:17:18.352+0600][59.891s][info][gc,stats    ]     CWR: CLDG Roots                  91 us, workers (us): ---, ---,  91, ---, ---, ---, 
[2026-04-03T03:17:18.352+0600][59.891s][info][gc,stats    ]   Rendezvous                        215 us
[2026-04-03T03:17:18.352+0600][59.891s][info][gc,stats    ] Concurrent Cleanup                  212 us
[2026-04-03T03:17:18.352+0600][59.891s][info][gc,stats    ] Concurrent Class Unloading         6778 us
[2026-04-03T03:17:18.352+0600][59.891s][info][gc,stats    ]   Unlink Stale                     6352 us
[2026-04-03T03:17:18.352+0600][59.891s][info][gc,stats    ]     System Dictionary               111 us
[2026-04-03T03:17:18.352+0600][59.891s][info][gc,stats    ]     Weak Class Links                  0 us
[2026-04-03T03:17:18.352+0600][59.891s][info][gc,stats    ]     Code Roots                     6236 us
[2026-04-03T03:17:18.352+0600][59.891s][info][gc,stats    ]   Rendezvous                        289 us
[2026-04-03T03:17:18.352+0600][59.891s][info][gc,stats    ]   Purge Unlinked                     19 us
[2026-04-03T03:17:18.352+0600][59.891s][info][gc,stats    ]     Code Roots                        6 us
[2026-04-03T03:17:18.352+0600][59.891s][info][gc,stats    ]     CLDG                             13 us
[2026-04-03T03:17:18.352+0600][59.891s][info][gc,stats    ]     Exception Caches                  0 us
[2026-04-03T03:17:18.352+0600][59.891s][info][gc,stats    ] Concurrent Strong Roots             587 us, parallelism: 0.55x
[2026-04-03T03:17:18.352+0600][59.891s][info][gc,stats    ]   CSR: <total>                      321 us
[2026-04-03T03:17:18.352+0600][59.891s][info][gc,stats    ]   CSR: VM Strong Roots               23 us, workers (us):  21,   2,   0, ---, ---, ---, 
[2026-04-03T03:17:18.352+0600][59.891s][info][gc,stats    ]   CSR: CLDG Roots                   298 us, workers (us): 298, ---, ---, ---, ---, ---, 
[2026-04-03T03:17:18.352+0600][59.891s][info][gc,stats    ] Concurrent Evacuation             18900 us
[2026-04-03T03:17:18.352+0600][59.891s][info][gc,stats    ] Pause Init Update Refs (G)          428 us
[2026-04-03T03:17:18.352+0600][59.891s][info][gc,stats    ] Pause Init Update Refs (N)          181 us
[2026-04-03T03:17:18.352+0600][59.891s][info][gc,stats    ]   Manage GCLABs                      38 us
[2026-04-03T03:17:18.352+0600][59.891s][info][gc,stats    ] Concurrent Update Refs           169716 us
[2026-04-03T03:17:18.352+0600][59.891s][info][gc,stats    ] Concurrent Update Thread Roots     1113 us
[2026-04-03T03:17:18.352+0600][59.891s][info][gc,stats    ] Pause Final Update Refs (G)         449 us
[2026-04-03T03:17:18.352+0600][59.891s][info][gc,stats    ] Pause Final Update Refs (N)         223 us
[2026-04-03T03:17:18.352+0600][59.891s][info][gc,stats    ]   Update Region States               60 us
[2026-04-03T03:17:18.352+0600][59.891s][info][gc,stats    ]   Trash Collection Set               21 us
[2026-04-03T03:17:18.352+0600][59.891s][info][gc,stats    ]   Rebuild Free Set                   35 us
[2026-04-03T03:17:18.352+0600][59.891s][info][gc,stats    ] Concurrent Cleanup                  373 us
[2026-04-03T03:17:18.352+0600][59.891s][info][gc,stats    ] Pacing                           650583 us
[2026-04-03T03:17:18.352+0600][59.891s][info][gc,stats    ] 
[2026-04-03T03:17:18.352+0600][59.891s][info][gc,stats    ] Allocation pacing accrued:
[2026-04-03T03:17:18.352+0600][59.891s][info][gc,stats    ]     224 of   539 ms ( 41.5%): Executor task launch worker for task 2.0 in stage 14.0 (TID 23)
[2026-04-03T03:17:18.352+0600][59.891s][info][gc,stats    ]     202 of   539 ms ( 37.4%): Executor task launch worker for task 0.0 in stage 14.0 (TID 21)
[2026-04-03T03:17:18.352+0600][59.891s][info][gc,stats    ]     225 of   539 ms ( 41.7%): Executor task launch worker for task 1.0 in stage 14.0 (TID 22)
[2026-04-03T03:17:18.353+0600][59.891s][info][gc,stats    ]     651 of   539 ms (120.6%): <total>
[2026-04-03T03:17:18.353+0600][59.891s][info][gc,stats    ]       5 of   539 ms (  0.9%): <average total>
[2026-04-03T03:17:18.353+0600][59.891s][info][gc,stats    ]     217 of   539 ms ( 40.2%): <average non-zero>
[2026-04-03T03:17:18.353+0600][59.891s][info][gc,stats    ] 
[2026-04-03T03:17:18.353+0600][59.891s][info][gc,metaspace] Metaspace: 72993K(73984K)->72993K(73984K) NonClass: 63694K(64256K)->63694K(64256K) Class: 9299K(9728K)->9299K(9728K)
[2026-04-03T03:17:18.353+0600][59.891s][info][gc,ergo     ] Pacer for Idle. Initial: 15360K, Alloc Tax Rate: 1.0x
[2026-04-03T03:17:18.401+0600][59.939s][info][gc          ] Trigger: Average GC time (602.54 ms) is above the time for average allocation rate (360 MB/s) to deplete free headroom (216M) (margin of error = 2.03)
[2026-04-03T03:17:18.401+0600][59.939s][info][gc,ergo     ] Free headroom: 253M (free) - 38400K (spike) - 0B (penalties) = 216M
[2026-04-03T03:17:18.401+0600][59.940s][info][gc,ergo     ] Free: 253M, Max: 256K regular, 92416K humongous, Frag: 65% external, 0% internal; Reserve: 38400K, Max: 256K
[2026-04-03T03:17:18.401+0600][59.940s][info][gc,start    ] GC(84) Concurrent reset
[2026-04-03T03:17:18.401+0600][59.940s][info][gc,task     ] GC(84) Using 3 of 6 workers for concurrent reset
[2026-04-03T03:17:18.401+0600][59.940s][info][gc,ergo     ] GC(84) Pacer for Reset. Non-Taxable: 750M
[2026-04-03T03:17:18.403+0600][59.941s][info][gc          ] GC(84) Concurrent reset 1.442ms
[2026-04-03T03:17:18.403+0600][59.941s][info][gc,start    ] GC(84) Pause Init Mark (unload classes)
[2026-04-03T03:17:18.403+0600][59.941s][info][gc,task     ] GC(84) Using 6 of 6 workers for init marking
[2026-04-03T03:17:18.403+0600][59.941s][info][gc,ergo     ] GC(84) Pacer for Mark. Expected Live: 236M, Free: 252M, Non-Taxable: 25812K, Alloc Tax Rate: 1.1x
[2026-04-03T03:17:18.403+0600][59.941s][info][gc          ] GC(84) Pause Init Mark (unload classes) 0.121ms
[2026-04-03T03:17:18.403+0600][59.941s][info][gc,start    ] GC(84) Concurrent marking roots
[2026-04-03T03:17:18.403+0600][59.941s][info][gc,task     ] GC(84) Using 3 of 6 workers for concurrent marking roots
[2026-04-03T03:17:18.404+0600][59.942s][info][gc          ] GC(84) Concurrent marking roots 0.769ms
[2026-04-03T03:17:18.404+0600][59.942s][info][gc,start    ] GC(84) Concurrent marking (unload classes)
[2026-04-03T03:17:18.404+0600][59.942s][info][gc,task     ] GC(84) Using 3 of 6 workers for concurrent marking
[2026-04-03T03:17:18.698+0600][60.236s][info][gc          ] GC(84) Concurrent marking (unload classes) 293.721ms
[2026-04-03T03:17:18.698+0600][60.236s][info][gc,start    ] GC(84) Pause Final Mark (unload classes)
[2026-04-03T03:17:18.698+0600][60.236s][info][gc,task     ] GC(84) Using 6 of 6 workers for final marking
[2026-04-03T03:17:18.698+0600][60.237s][info][gc,ergo     ] GC(84) Adaptive CSet Selection. Target Free: 106M, Actual Free: 250M, Max CSet: 32000K, Min Garbage: 0B
[2026-04-03T03:17:18.699+0600][60.237s][info][gc,ergo     ] GC(84) Collectable Garbage: 217M (93%), Immediate: 19200K (8%), CSet: 198M (85%)
[2026-04-03T03:17:18.699+0600][60.237s][info][gc,ergo     ] GC(84) Pacer for Evacuation. Used CSet: 214M, Free: 213M, Non-Taxable: 21818K, Alloc Tax Rate: 2.5x
[2026-04-03T03:17:18.699+0600][60.237s][info][gc          ] GC(84) Pause Final Mark (unload classes) 1.001ms
[2026-04-03T03:17:18.699+0600][60.237s][info][gc,start    ] GC(84) Concurrent thread roots
[2026-04-03T03:17:18.699+0600][60.237s][info][gc,task     ] GC(84) Using 3 of 6 workers for Concurrent thread roots
[2026-04-03T03:17:18.700+0600][60.238s][info][gc          ] GC(84) Concurrent thread roots 0.791ms
[2026-04-03T03:17:18.700+0600][60.238s][info][gc,start    ] GC(84) Concurrent weak references
[2026-04-03T03:17:18.700+0600][60.238s][info][gc,task     ] GC(84) Using 3 of 6 workers for concurrent weak references
[2026-04-03T03:17:18.700+0600][60.238s][info][gc,ref      ] GC(84) Encountered references: Soft: 3175, Weak: 6262, Final: 84, Phantom: 603
[2026-04-03T03:17:18.700+0600][60.239s][info][gc,ref      ] GC(84) Discovered  references: Soft: 0, Weak: 197, Final: 0, Phantom: 216
[2026-04-03T03:17:18.700+0600][60.239s][info][gc,ref      ] GC(84) Enqueued    references: Soft: 0, Weak: 0, Final: 0, Phantom: 0
[2026-04-03T03:17:18.700+0600][60.239s][info][gc          ] GC(84) Concurrent weak references 0.494ms
[2026-04-03T03:17:18.700+0600][60.239s][info][gc,start    ] GC(84) Concurrent weak roots
[2026-04-03T03:17:18.700+0600][60.239s][info][gc,task     ] GC(84) Using 3 of 6 workers for concurrent weak root
[2026-04-03T03:17:18.703+0600][60.241s][info][gc          ] GC(84) Concurrent weak roots 2.587ms
[2026-04-03T03:17:18.703+0600][60.241s][info][gc,start    ] GC(84) Concurrent cleanup
[2026-04-03T03:17:18.703+0600][60.242s][info][gc          ] GC(84) Concurrent cleanup 518M->499M(666M) 0.551ms
[2026-04-03T03:17:18.703+0600][60.242s][info][gc,ergo     ] GC(84) Free: 210M, Max: 256K regular, 92416K humongous, Frag: 58% external, 0% internal; Reserve: 37982K, Max: 256K
[2026-04-03T03:17:18.703+0600][60.242s][info][gc,start    ] GC(84) Concurrent class unloading
[2026-04-03T03:17:18.703+0600][60.242s][info][gc,task     ] GC(84) Using 3 of 6 workers for concurrent class unloading
[2026-04-03T03:17:18.710+0600][60.248s][info][gc          ] GC(84) Concurrent class unloading 6.541ms
[2026-04-03T03:17:18.710+0600][60.248s][info][gc,start    ] GC(84) Concurrent strong roots
[2026-04-03T03:17:18.710+0600][60.248s][info][gc,task     ] GC(84) Using 3 of 6 workers for concurrent strong root
[2026-04-03T03:17:18.711+0600][60.249s][info][gc          ] GC(84) Concurrent strong roots 0.733ms
[2026-04-03T03:17:18.711+0600][60.249s][info][gc,start    ] GC(84) Concurrent evacuation
[2026-04-03T03:17:18.711+0600][60.249s][info][gc,task     ] GC(84) Using 3 of 6 workers for concurrent evacuation
[2026-04-03T03:17:18.731+0600][60.270s][info][gc          ] GC(84) Concurrent evacuation 20.378ms
[2026-04-03T03:17:18.732+0600][60.270s][info][gc,start    ] GC(84) Pause Init Update Refs
[2026-04-03T03:17:18.732+0600][60.270s][info][gc,ergo     ] GC(84) Pacer for Update Refs. Used: 529M, Free: 197M, Non-Taxable: 20180K, Alloc Tax Rate: 3.3x
[2026-04-03T03:17:18.732+0600][60.270s][info][gc          ] GC(84) Pause Init Update Refs 0.244ms
[2026-04-03T03:17:18.732+0600][60.270s][info][gc,start    ] GC(84) Concurrent update references
[2026-04-03T03:17:18.732+0600][60.270s][info][gc,task     ] GC(84) Using 3 of 6 workers for concurrent reference update
[2026-04-03T03:17:18.902+0600][60.440s][info][gc          ] GC(84) Concurrent update references 169.645ms
[2026-04-03T03:17:18.902+0600][60.440s][info][gc,start    ] GC(84) Concurrent update thread roots
[2026-04-03T03:17:18.903+0600][60.441s][info][gc          ] GC(84) Concurrent update thread roots 1.147ms
[2026-04-03T03:17:18.903+0600][60.441s][info][gc,start    ] GC(84) Pause Final Update Refs
[2026-04-03T03:17:18.903+0600][60.441s][info][gc,task     ] GC(84) Using 6 of 6 workers for final reference update
[2026-04-03T03:17:18.903+0600][60.442s][info][gc          ] GC(84) Pause Final Update Refs 0.266ms
[2026-04-03T03:17:18.903+0600][60.442s][info][gc,start    ] GC(84) Concurrent cleanup
[2026-04-03T03:17:18.904+0600][60.442s][info][gc          ] GC(84) Concurrent cleanup 603M->389M(672M) 0.371ms
[2026-04-03T03:17:18.904+0600][60.442s][info][gc,ergo     ] Free: 320M, Max: 256K regular, 159M humongous, Frag: 51% external, 0% internal; Reserve: 38400K, Max: 256K
[2026-04-03T03:17:18.904+0600][60.442s][info][gc,stats    ] 
[2026-04-03T03:17:18.904+0600][60.442s][info][gc,stats    ] All times are wall-clock times, except per-root-class counters, that are sum over
[2026-04-03T03:17:18.904+0600][60.442s][info][gc,stats    ] all workers. Dividing the <total> over the root stage time estimates parallelism.
[2026-04-03T03:17:18.904+0600][60.442s][info][gc,stats    ] 
[2026-04-03T03:17:18.904+0600][60.442s][info][gc,stats    ] Concurrent Reset                   1506 us
[2026-04-03T03:17:18.904+0600][60.442s][info][gc,stats    ] Pause Init Mark (G)                 380 us
[2026-04-03T03:17:18.904+0600][60.442s][info][gc,stats    ] Pause Init Mark (N)                 132 us
[2026-04-03T03:17:18.904+0600][60.442s][info][gc,stats    ]   Update Region States               27 us
[2026-04-03T03:17:18.904+0600][60.442s][info][gc,stats    ] Concurrent Mark Roots               803 us, parallelism: 1.62x
[2026-04-03T03:17:18.904+0600][60.443s][info][gc,stats    ]   CMR: <total>                     1301 us
[2026-04-03T03:17:18.904+0600][60.443s][info][gc,stats    ]   CMR: Thread Roots                1013 us, workers (us): 193, 434, 386, ---, ---, ---, 
[2026-04-03T03:17:18.904+0600][60.443s][info][gc,stats    ]   CMR: VM Strong Roots               28 us, workers (us):  26,   1,   1, ---, ---, ---, 
[2026-04-03T03:17:18.904+0600][60.443s][info][gc,stats    ]   CMR: CLDG Roots                   260 us, workers (us): 260, ---, ---, ---, ---, ---, 
[2026-04-03T03:17:18.904+0600][60.443s][info][gc,stats    ] Concurrent Marking               293805 us
[2026-04-03T03:17:18.904+0600][60.443s][info][gc,stats    ] Pause Final Mark (G)               1168 us
[2026-04-03T03:17:18.904+0600][60.443s][info][gc,stats    ] Pause Final Mark (N)               1014 us
[2026-04-03T03:17:18.904+0600][60.443s][info][gc,stats    ]   Finish Mark                       329 us
[2026-04-03T03:17:18.904+0600][60.443s][info][gc,stats    ]   Update Region States               48 us
[2026-04-03T03:17:18.904+0600][60.443s][info][gc,stats    ]   Choose Collection Set             469 us
[2026-04-03T03:17:18.904+0600][60.443s][info][gc,stats    ]   Rebuild Free Set                   34 us
[2026-04-03T03:17:18.904+0600][60.443s][info][gc,stats    ] Concurrent Thread Roots             888 us, parallelism: 1.67x
[2026-04-03T03:17:18.904+0600][60.443s][info][gc,stats    ]   CTR: <total>                     1485 us
[2026-04-03T03:17:18.904+0600][60.443s][info][gc,stats    ]   CTR: Thread Roots                1485 us, workers (us): 549, 471, 464, ---, ---, ---, 
[2026-04-03T03:17:18.904+0600][60.443s][info][gc,stats    ] Concurrent Weak References          505 us, parallelism: 0.14x
[2026-04-03T03:17:18.904+0600][60.443s][info][gc,stats    ]   CWRF: <total>                      71 us
[2026-04-03T03:17:18.904+0600][60.443s][info][gc,stats    ]   CWRF: Weak References              71 us, workers (us):  69,   2,   0, ---, ---, ---, 
[2026-04-03T03:17:18.904+0600][60.443s][info][gc,stats    ] Concurrent Weak Roots              2643 us
[2026-04-03T03:17:18.904+0600][60.443s][info][gc,stats    ]   Roots                            2318 us, parallelism: 2.52x
[2026-04-03T03:17:18.904+0600][60.443s][info][gc,stats    ]     CWR: <total>                   5838 us
[2026-04-03T03:17:18.904+0600][60.443s][info][gc,stats    ]     CWR: Code Cache Roots          3790 us, workers (us): 1351, 1286, 1153, ---, ---, ---, 
[2026-04-03T03:17:18.904+0600][60.443s][info][gc,stats    ]     CWR: VM Weak Roots             1977 us, workers (us): 723, 627, 627, ---, ---, ---, 
[2026-04-03T03:17:18.904+0600][60.443s][info][gc,stats    ]     CWR: CLDG Roots                  70 us, workers (us): ---, ---,  70, ---, ---, ---, 
[2026-04-03T03:17:18.904+0600][60.443s][info][gc,stats    ]   Rendezvous                        245 us
[2026-04-03T03:17:18.904+0600][60.443s][info][gc,stats    ] Concurrent Cleanup                  568 us
[2026-04-03T03:17:18.904+0600][60.443s][info][gc,stats    ] Concurrent Class Unloading         6616 us
[2026-04-03T03:17:18.904+0600][60.443s][info][gc,stats    ]   Unlink Stale                     6061 us
[2026-04-03T03:17:18.904+0600][60.443s][info][gc,stats    ]     System Dictionary                74 us
[2026-04-03T03:17:18.904+0600][60.443s][info][gc,stats    ]     Weak Class Links                  0 us
[2026-04-03T03:17:18.904+0600][60.443s][info][gc,stats    ]     Code Roots                     5983 us
[2026-04-03T03:17:18.904+0600][60.443s][info][gc,stats    ]   Rendezvous                        332 us
[2026-04-03T03:17:18.904+0600][60.443s][info][gc,stats    ]   Purge Unlinked                    121 us
[2026-04-03T03:17:18.904+0600][60.443s][info][gc,stats    ]     Code Roots                      108 us
[2026-04-03T03:17:18.904+0600][60.443s][info][gc,stats    ]     CLDG                             13 us
[2026-04-03T03:17:18.905+0600][60.443s][info][gc,stats    ]     Exception Caches                  0 us
[2026-04-03T03:17:18.905+0600][60.443s][info][gc,stats    ] Concurrent Strong Roots             800 us, parallelism: 0.62x
[2026-04-03T03:17:18.905+0600][60.443s][info][gc,stats    ]   CSR: <total>                      498 us
[2026-04-03T03:17:18.905+0600][60.443s][info][gc,stats    ]   CSR: VM Strong Roots               36 us, workers (us):  33,   1,   1, ---, ---, ---, 
[2026-04-03T03:17:18.905+0600][60.443s][info][gc,stats    ]   CSR: CLDG Roots                   462 us, workers (us): 462, ---, ---, ---, ---, ---, 
[2026-04-03T03:17:18.905+0600][60.443s][info][gc,stats    ] Concurrent Evacuation             20454 us
[2026-04-03T03:17:18.905+0600][60.443s][info][gc,stats    ] Pause Init Update Refs (G)          588 us
[2026-04-03T03:17:18.905+0600][60.443s][info][gc,stats    ] Pause Init Update Refs (N)          270 us
[2026-04-03T03:17:18.905+0600][60.443s][info][gc,stats    ]   Manage GCLABs                      23 us
[2026-04-03T03:17:18.905+0600][60.443s][info][gc,stats    ] Concurrent Update Refs           169780 us
[2026-04-03T03:17:18.905+0600][60.443s][info][gc,stats    ] Concurrent Update Thread Roots     1211 us
[2026-04-03T03:17:18.905+0600][60.443s][info][gc,stats    ] Pause Final Update Refs (G)         540 us
[2026-04-03T03:17:18.905+0600][60.443s][info][gc,stats    ] Pause Final Update Refs (N)         295 us
[2026-04-03T03:17:18.905+0600][60.443s][info][gc,stats    ]   Update Region States              119 us
[2026-04-03T03:17:18.905+0600][60.443s][info][gc,stats    ]   Trash Collection Set               26 us
[2026-04-03T03:17:18.905+0600][60.443s][info][gc,stats    ]   Rebuild Free Set                   44 us
[2026-04-03T03:17:18.905+0600][60.443s][info][gc,stats    ] Concurrent Cleanup                  400 us
[2026-04-03T03:17:18.905+0600][60.443s][info][gc,stats    ] Pacing                           595402 us
[2026-04-03T03:17:18.905+0600][60.443s][info][gc,stats    ] 
[2026-04-03T03:17:18.905+0600][60.443s][info][gc,stats    ] Allocation pacing accrued:
[2026-04-03T03:17:18.905+0600][60.443s][info][gc,stats    ]     197 of   552 ms ( 35.7%): Executor task launch worker for task 2.0 in stage 14.0 (TID 23)
[2026-04-03T03:17:18.905+0600][60.443s][info][gc,stats    ]     202 of   552 ms ( 36.5%): Executor task launch worker for task 0.0 in stage 14.0 (TID 21)
[2026-04-03T03:17:18.905+0600][60.443s][info][gc,stats    ]     197 of   552 ms ( 35.6%): Executor task launch worker for task 1.0 in stage 14.0 (TID 22)
[2026-04-03T03:17:18.905+0600][60.443s][info][gc,stats    ]     595 of   552 ms (107.8%): <total>
[2026-04-03T03:17:18.905+0600][60.443s][info][gc,stats    ]       4 of   552 ms (  0.8%): <average total>
[2026-04-03T03:17:18.905+0600][60.443s][info][gc,stats    ]     198 of   552 ms ( 35.9%): <average non-zero>
[2026-04-03T03:17:18.905+0600][60.443s][info][gc,stats    ] 
[2026-04-03T03:17:18.905+0600][60.443s][info][gc,metaspace] Metaspace: 72993K(73984K)->72993K(73984K) NonClass: 63694K(64256K)->63694K(64256K) Class: 9299K(9728K)->9299K(9728K)
[2026-04-03T03:17:18.905+0600][60.443s][info][gc,ergo     ] Pacer for Idle. Initial: 15360K, Alloc Tax Rate: 1.0x
[2026-04-03T03:17:19.007+0600][60.545s][info][gc          ] Trigger: Average GC time (572.07 ms) is above the time for average allocation rate (554 MB/s) to deplete free headroom (203M) (margin of error = 2.03)
[2026-04-03T03:17:19.007+0600][60.545s][info][gc,ergo     ] Free headroom: 241M (free) - 38400K (spike) - 0B (penalties) = 203M
[2026-04-03T03:17:19.007+0600][60.545s][info][gc,ergo     ] Free: 241M, Max: 256K regular, 159M humongous, Frag: 34% external, 0% internal; Reserve: 38400K, Max: 256K
[2026-04-03T03:17:19.007+0600][60.545s][info][gc,start    ] GC(85) Concurrent reset
[2026-04-03T03:17:19.007+0600][60.545s][info][gc,task     ] GC(85) Using 3 of 6 workers for concurrent reset
[2026-04-03T03:17:19.007+0600][60.545s][info][gc,ergo     ] GC(85) Pacer for Reset. Non-Taxable: 750M
[2026-04-03T03:17:19.008+0600][60.547s][info][gc          ] GC(85) Concurrent reset 1.280ms
[2026-04-03T03:17:19.009+0600][60.547s][info][gc,start    ] GC(85) Pause Init Mark (unload classes)
[2026-04-03T03:17:19.009+0600][60.547s][info][gc,task     ] GC(85) Using 6 of 6 workers for init marking
[2026-04-03T03:17:19.009+0600][60.547s][info][gc,ergo     ] GC(85) Pacer for Mark. Expected Live: 237M, Free: 240M, Non-Taxable: 24634K, Alloc Tax Rate: 1.2x
[2026-04-03T03:17:19.009+0600][60.547s][info][gc          ] GC(85) Pause Init Mark (unload classes) 0.108ms
[2026-04-03T03:17:19.009+0600][60.547s][info][gc,start    ] GC(85) Concurrent marking roots
[2026-04-03T03:17:19.009+0600][60.547s][info][gc,task     ] GC(85) Using 3 of 6 workers for concurrent marking roots
[2026-04-03T03:17:19.010+0600][60.548s][info][gc          ] GC(85) Concurrent marking roots 0.723ms
[2026-04-03T03:17:19.010+0600][60.548s][info][gc,start    ] GC(85) Concurrent marking (unload classes)
[2026-04-03T03:17:19.010+0600][60.548s][info][gc,task     ] GC(85) Using 3 of 6 workers for concurrent marking
[2026-04-03T03:17:19.371+0600][60.909s][info][gc          ] GC(85) Concurrent marking (unload classes) 361.246ms
[2026-04-03T03:17:19.371+0600][60.910s][info][gc,start    ] GC(85) Pause Final Mark (unload classes)
[2026-04-03T03:17:19.371+0600][60.910s][info][gc,task     ] GC(85) Using 6 of 6 workers for final marking
[2026-04-03T03:17:19.372+0600][60.910s][info][gc,ergo     ] GC(85) Adaptive CSet Selection. Target Free: 106M, Actual Free: 252M, Max CSet: 32000K, Min Garbage: 0B
[2026-04-03T03:17:19.372+0600][60.911s][info][gc,ergo     ] GC(85) Collectable Garbage: 219M (93%), Immediate: 28416K (11%), CSet: 191M (81%)
[2026-04-03T03:17:19.373+0600][60.911s][info][gc,ergo     ] GC(85) Pacer for Evacuation. Used CSet: 203M, Free: 215M, Non-Taxable: 22049K, Alloc Tax Rate: 2.3x
[2026-04-03T03:17:19.373+0600][60.911s][info][gc          ] GC(85) Pause Final Mark (unload classes) 1.292ms
[2026-04-03T03:17:19.373+0600][60.911s][info][gc,start    ] GC(85) Concurrent thread roots
[2026-04-03T03:17:19.373+0600][60.911s][info][gc,task     ] GC(85) Using 3 of 6 workers for Concurrent thread roots
[2026-04-03T03:17:19.374+0600][60.912s][info][gc          ] GC(85) Concurrent thread roots 0.784ms
[2026-04-03T03:17:19.374+0600][60.912s][info][gc,start    ] GC(85) Concurrent weak references
[2026-04-03T03:17:19.374+0600][60.912s][info][gc,task     ] GC(85) Using 3 of 6 workers for concurrent weak references
[2026-04-03T03:17:19.374+0600][60.912s][info][gc,ref      ] GC(85) Encountered references: Soft: 3175, Weak: 6262, Final: 84, Phantom: 602
[2026-04-03T03:17:19.374+0600][60.912s][info][gc,ref      ] GC(85) Discovered  references: Soft: 0, Weak: 662, Final: 2, Phantom: 598
[2026-04-03T03:17:19.374+0600][60.912s][info][gc,ref      ] GC(85) Enqueued    references: Soft: 0, Weak: 0, Final: 0, Phantom: 0
[2026-04-03T03:17:19.374+0600][60.912s][info][gc          ] GC(85) Concurrent weak references 0.376ms
[2026-04-03T03:17:19.374+0600][60.912s][info][gc,start    ] GC(85) Concurrent weak roots
[2026-04-03T03:17:19.374+0600][60.912s][info][gc,task     ] GC(85) Using 3 of 6 workers for concurrent weak root
[2026-04-03T03:17:19.377+0600][60.915s][info][gc          ] GC(85) Concurrent weak roots 2.580ms
[2026-04-03T03:17:19.377+0600][60.915s][info][gc,start    ] GC(85) Concurrent cleanup
[2026-04-03T03:17:19.377+0600][60.915s][info][gc          ] GC(85) Concurrent cleanup 523M->495M(672M) 0.235ms
[2026-04-03T03:17:19.377+0600][60.915s][info][gc,ergo     ] GC(85) Free: 214M, Max: 256K regular, 152M humongous, Frag: 29% external, 0% internal; Reserve: 38315K, Max: 256K
[2026-04-03T03:17:19.377+0600][60.915s][info][gc,start    ] GC(85) Concurrent class unloading
[2026-04-03T03:17:19.377+0600][60.915s][info][gc,task     ] GC(85) Using 3 of 6 workers for concurrent class unloading
[2026-04-03T03:17:19.384+0600][60.922s][info][gc          ] GC(85) Concurrent class unloading 6.896ms
[2026-04-03T03:17:19.384+0600][60.922s][info][gc,start    ] GC(85) Concurrent strong roots
[2026-04-03T03:17:19.384+0600][60.922s][info][gc,task     ] GC(85) Using 3 of 6 workers for concurrent strong root
[2026-04-03T03:17:19.385+0600][60.923s][info][gc          ] GC(85) Concurrent strong roots 0.865ms
[2026-04-03T03:17:19.385+0600][60.923s][info][gc,start    ] GC(85) Concurrent evacuation
[2026-04-03T03:17:19.385+0600][60.923s][info][gc,task     ] GC(85) Using 3 of 6 workers for concurrent evacuation
[2026-04-03T03:17:19.400+0600][60.938s][info][gc          ] GC(85) Concurrent evacuation 14.822ms
[2026-04-03T03:17:19.400+0600][60.938s][info][gc,start    ] GC(85) Pause Init Update Refs
[2026-04-03T03:17:19.400+0600][60.939s][info][gc,ergo     ] GC(85) Pacer for Update Refs. Used: 515M, Free: 206M, Non-Taxable: 21127K, Alloc Tax Rate: 3.1x
[2026-04-03T03:17:19.400+0600][60.939s][info][gc          ] GC(85) Pause Init Update Refs 0.112ms
[2026-04-03T03:17:19.400+0600][60.939s][info][gc,start    ] GC(85) Concurrent update references
[2026-04-03T03:17:19.400+0600][60.939s][info][gc,task     ] GC(85) Using 3 of 6 workers for concurrent reference update
[2026-04-03T03:17:19.569+0600][61.107s][info][gc          ] GC(85) Concurrent update references 168.704ms
[2026-04-03T03:17:19.569+0600][61.108s][info][gc,start    ] GC(85) Concurrent update thread roots
[2026-04-03T03:17:19.570+0600][61.109s][info][gc          ] GC(85) Concurrent update thread roots 1.125ms
[2026-04-03T03:17:19.571+0600][61.109s][info][gc,start    ] GC(85) Pause Final Update Refs
[2026-04-03T03:17:19.571+0600][61.109s][info][gc,task     ] GC(85) Using 6 of 6 workers for final reference update
[2026-04-03T03:17:19.571+0600][61.109s][info][gc          ] GC(85) Pause Final Update Refs 0.286ms
[2026-04-03T03:17:19.571+0600][61.109s][info][gc,start    ] GC(85) Concurrent cleanup
[2026-04-03T03:17:19.571+0600][61.110s][info][gc          ] GC(85) Concurrent cleanup 586M->383M(672M) 0.346ms
[2026-04-03T03:17:19.571+0600][61.110s][info][gc,ergo     ] Free: 325M, Max: 256K regular, 101M humongous, Frag: 69% external, 0% internal; Reserve: 38400K, Max: 256K
[2026-04-03T03:17:19.571+0600][61.110s][info][gc,stats    ] 
[2026-04-03T03:17:19.571+0600][61.110s][info][gc,stats    ] All times are wall-clock times, except per-root-class counters, that are sum over
[2026-04-03T03:17:19.571+0600][61.110s][info][gc,stats    ] all workers. Dividing the <total> over the root stage time estimates parallelism.
[2026-04-03T03:17:19.571+0600][61.110s][info][gc,stats    ] 
[2026-04-03T03:17:19.571+0600][61.110s][info][gc,stats    ] Concurrent Reset                   1360 us
[2026-04-03T03:17:19.571+0600][61.110s][info][gc,stats    ] Pause Init Mark (G)                 391 us
[2026-04-03T03:17:19.571+0600][61.110s][info][gc,stats    ] Pause Init Mark (N)                 132 us
[2026-04-03T03:17:19.571+0600][61.110s][info][gc,stats    ]   Update Region States               29 us
[2026-04-03T03:17:19.571+0600][61.110s][info][gc,stats    ] Concurrent Mark Roots               768 us, parallelism: 1.62x
[2026-04-03T03:17:19.571+0600][61.110s][info][gc,stats    ]   CMR: <total>                     1248 us
[2026-04-03T03:17:19.572+0600][61.110s][info][gc,stats    ]   CMR: Thread Roots                1039 us, workers (us): 229, 411, 399, ---, ---, ---, 
[2026-04-03T03:17:19.572+0600][61.110s][info][gc,stats    ]   CMR: VM Strong Roots               28 us, workers (us):  27,   1,   1, ---, ---, ---, 
[2026-04-03T03:17:19.572+0600][61.110s][info][gc,stats    ]   CMR: CLDG Roots                   180 us, workers (us): 180, ---, ---, ---, ---, ---, 
[2026-04-03T03:17:19.572+0600][61.110s][info][gc,stats    ] Concurrent Marking               361489 us
[2026-04-03T03:17:19.572+0600][61.110s][info][gc,stats    ] Pause Final Mark (G)               1688 us
[2026-04-03T03:17:19.572+0600][61.110s][info][gc,stats    ] Pause Final Mark (N)               1305 us
[2026-04-03T03:17:19.572+0600][61.110s][info][gc,stats    ]   Finish Mark                       257 us
[2026-04-03T03:17:19.572+0600][61.110s][info][gc,stats    ]   Update Region States               98 us
[2026-04-03T03:17:19.572+0600][61.110s][info][gc,stats    ]   Choose Collection Set             714 us
[2026-04-03T03:17:19.572+0600][61.110s][info][gc,stats    ]   Rebuild Free Set                   64 us
[2026-04-03T03:17:19.572+0600][61.110s][info][gc,stats    ] Concurrent Thread Roots             831 us, parallelism: 1.71x
[2026-04-03T03:17:19.572+0600][61.110s][info][gc,stats    ]   CTR: <total>                     1424 us
[2026-04-03T03:17:19.572+0600][61.110s][info][gc,stats    ]   CTR: Thread Roots                1424 us, workers (us): 508, 463, 452, ---, ---, ---, 
[2026-04-03T03:17:19.572+0600][61.110s][info][gc,stats    ] Concurrent Weak References          389 us, parallelism: 0.56x
[2026-04-03T03:17:19.572+0600][61.110s][info][gc,stats    ]   CWRF: <total>                     219 us
[2026-04-03T03:17:19.572+0600][61.110s][info][gc,stats    ]   CWRF: Weak References             219 us, workers (us):  94,  86,  39, ---, ---, ---, 
[2026-04-03T03:17:19.572+0600][61.110s][info][gc,stats    ] Concurrent Weak Roots              2650 us
[2026-04-03T03:17:19.572+0600][61.110s][info][gc,stats    ]   Roots                            2295 us, parallelism: 2.54x
[2026-04-03T03:17:19.572+0600][61.110s][info][gc,stats    ]     CWR: <total>                   5827 us
[2026-04-03T03:17:19.572+0600][61.110s][info][gc,stats    ]     CWR: Code Cache Roots          4272 us, workers (us): 1455, 1412, 1404, ---, ---, ---, 
[2026-04-03T03:17:19.572+0600][61.110s][info][gc,stats    ]     CWR: VM Weak Roots             1494 us, workers (us): 540, 501, 453, ---, ---, ---, 
[2026-04-03T03:17:19.572+0600][61.110s][info][gc,stats    ]     CWR: CLDG Roots                  61 us, workers (us): ---,  61, ---, ---, ---, ---, 
[2026-04-03T03:17:19.572+0600][61.110s][info][gc,stats    ]   Rendezvous                        255 us
[2026-04-03T03:17:19.572+0600][61.110s][info][gc,stats    ] Concurrent Cleanup                  256 us
[2026-04-03T03:17:19.572+0600][61.110s][info][gc,stats    ] Concurrent Class Unloading         6994 us
[2026-04-03T03:17:19.572+0600][61.110s][info][gc,stats    ]   Unlink Stale                     6345 us
[2026-04-03T03:17:19.572+0600][61.110s][info][gc,stats    ]     System Dictionary               127 us
[2026-04-03T03:17:19.572+0600][61.110s][info][gc,stats    ]     Weak Class Links                  1 us
[2026-04-03T03:17:19.572+0600][61.110s][info][gc,stats    ]     Code Roots                     6213 us
[2026-04-03T03:17:19.572+0600][61.110s][info][gc,stats    ]   Rendezvous                        278 us
[2026-04-03T03:17:19.572+0600][61.110s][info][gc,stats    ]   Purge Unlinked                    233 us
[2026-04-03T03:17:19.572+0600][61.110s][info][gc,stats    ]     Code Roots                      222 us
[2026-04-03T03:17:19.572+0600][61.110s][info][gc,stats    ]     CLDG                             10 us
[2026-04-03T03:17:19.572+0600][61.110s][info][gc,stats    ]     Exception Caches                  0 us
[2026-04-03T03:17:19.572+0600][61.110s][info][gc,stats    ] Concurrent Strong Roots             924 us, parallelism: 0.59x
[2026-04-03T03:17:19.572+0600][61.110s][info][gc,stats    ]   CSR: <total>                      548 us
[2026-04-03T03:17:19.572+0600][61.110s][info][gc,stats    ]   CSR: VM Strong Roots               47 us, workers (us):  26,  21,   0, ---, ---, ---, 
[2026-04-03T03:17:19.572+0600][61.110s][info][gc,stats    ]   CSR: CLDG Roots                   501 us, workers (us): 501, ---, ---, ---, ---, ---, 
[2026-04-03T03:17:19.572+0600][61.110s][info][gc,stats    ] Concurrent Evacuation             15000 us
[2026-04-03T03:17:19.572+0600][61.110s][info][gc,stats    ] Pause Init Update Refs (G)          459 us
[2026-04-03T03:17:19.572+0600][61.110s][info][gc,stats    ] Pause Init Update Refs (N)          140 us
[2026-04-03T03:17:19.572+0600][61.110s][info][gc,stats    ]   Manage GCLABs                      28 us
[2026-04-03T03:17:19.572+0600][61.110s][info][gc,stats    ] Concurrent Update Refs           168817 us
[2026-04-03T03:17:19.572+0600][61.110s][info][gc,stats    ] Concurrent Update Thread Roots     1172 us
[2026-04-03T03:17:19.572+0600][61.110s][info][gc,stats    ] Pause Final Update Refs (G)         605 us
[2026-04-03T03:17:19.572+0600][61.110s][info][gc,stats    ] Pause Final Update Refs (N)         306 us
[2026-04-03T03:17:19.572+0600][61.110s][info][gc,stats    ]   Update Region States               93 us
[2026-04-03T03:17:19.572+0600][61.110s][info][gc,stats    ]   Trash Collection Set               26 us
[2026-04-03T03:17:19.572+0600][61.110s][info][gc,stats    ]   Rebuild Free Set                   48 us
[2026-04-03T03:17:19.572+0600][61.110s][info][gc,stats    ] Concurrent Cleanup                  373 us
[2026-04-03T03:17:19.572+0600][61.110s][info][gc,stats    ] Pacing                           558204 us
[2026-04-03T03:17:19.572+0600][61.110s][info][gc,stats    ] 
[2026-04-03T03:17:19.572+0600][61.110s][info][gc,stats    ] Allocation pacing accrued:
[2026-04-03T03:17:19.572+0600][61.111s][info][gc,stats    ]      11 of   667 ms (  1.7%): RemoteBlock-temp-file-clean-thread
[2026-04-03T03:17:19.572+0600][61.111s][info][gc,stats    ]      11 of   667 ms (  1.7%): driver-heartbeater
[2026-04-03T03:17:19.572+0600][61.111s][info][gc,stats    ]      45 of   667 ms (  6.7%): spark-listener-group-appStatus
[2026-04-03T03:17:19.572+0600][61.111s][info][gc,stats    ]      11 of   667 ms (  1.7%): spark-listener-group-executorManagement
[2026-04-03T03:17:19.572+0600][61.111s][info][gc,stats    ]      11 of   667 ms (  1.7%): spark-listener-group-shared
[2026-04-03T03:17:19.572+0600][61.111s][info][gc,stats    ]     235 of   667 ms ( 35.1%): Executor task launch worker for task 0.0 in stage 14.0 (TID 21)
[2026-04-03T03:17:19.572+0600][61.111s][info][gc,stats    ]     234 of   667 ms ( 35.1%): Executor task launch worker for task 1.0 in stage 14.0 (TID 22)
[2026-04-03T03:17:19.572+0600][61.111s][info][gc,stats    ]     558 of   667 ms ( 83.6%): <total>
[2026-04-03T03:17:19.572+0600][61.111s][info][gc,stats    ]       4 of   667 ms (  0.6%): <average total>
[2026-04-03T03:17:19.572+0600][61.111s][info][gc,stats    ]      80 of   667 ms ( 11.9%): <average non-zero>
[2026-04-03T03:17:19.572+0600][61.111s][info][gc,stats    ] 
[2026-04-03T03:17:19.572+0600][61.111s][info][gc,metaspace] Metaspace: 72993K(73984K)->72995K(73984K) NonClass: 63694K(64256K)->63696K(64256K) Class: 9299K(9728K)->9299K(9728K)
[2026-04-03T03:17:19.572+0600][61.111s][info][gc,ergo     ] Pacer for Idle. Initial: 15360K, Alloc Tax Rate: 1.0x
[2026-04-03T03:17:19.750+0600][61.288s][info][gc          ] Trigger: Average GC time (607.53 ms) is above the time for average allocation rate (386 MB/s) to deplete free headroom (234M) (margin of error = 2.03)
[2026-04-03T03:17:19.750+0600][61.288s][info][gc,ergo     ] Free headroom: 271M (free) - 38400K (spike) - 0B (penalties) = 234M
[2026-04-03T03:17:19.750+0600][61.288s][info][gc,ergo     ] Free: 271M, Max: 256K regular, 101M humongous, Frag: 63% external, 0% internal; Reserve: 38400K, Max: 256K
[2026-04-03T03:17:19.750+0600][61.288s][info][gc,start    ] GC(86) Concurrent reset
[2026-04-03T03:17:19.750+0600][61.288s][info][gc,task     ] GC(86) Using 3 of 6 workers for concurrent reset
[2026-04-03T03:17:19.750+0600][61.288s][info][gc,ergo     ] GC(86) Pacer for Reset. Non-Taxable: 750M
[2026-04-03T03:17:19.752+0600][61.290s][info][gc          ] GC(86) Concurrent reset 1.748ms
[2026-04-03T03:17:19.752+0600][61.291s][info][gc,start    ] GC(86) Pause Init Mark (unload classes)
[2026-04-03T03:17:19.752+0600][61.291s][info][gc,task     ] GC(86) Using 6 of 6 workers for init marking
[2026-04-03T03:17:19.752+0600][61.291s][info][gc,ergo     ] GC(86) Pacer for Mark. Expected Live: 238M, Free: 271M, Non-Taxable: 27809K, Alloc Tax Rate: 1.1x
[2026-04-03T03:17:19.752+0600][61.291s][info][gc          ] GC(86) Pause Init Mark (unload classes) 0.169ms
[2026-04-03T03:17:19.752+0600][61.291s][info][gc,start    ] GC(86) Concurrent marking roots
[2026-04-03T03:17:19.752+0600][61.291s][info][gc,task     ] GC(86) Using 3 of 6 workers for concurrent marking roots
[2026-04-03T03:17:19.754+0600][61.292s][info][gc          ] GC(86) Concurrent marking roots 1.102ms
[2026-04-03T03:17:19.754+0600][61.292s][info][gc,start    ] GC(86) Concurrent marking (unload classes)
[2026-04-03T03:17:19.754+0600][61.292s][info][gc,task     ] GC(86) Using 3 of 6 workers for concurrent marking
[2026-04-03T03:17:20.115+0600][61.653s][info][gc          ] GC(86) Concurrent marking (unload classes) 361.336ms
[2026-04-03T03:17:20.115+0600][61.654s][info][gc,start    ] GC(86) Pause Final Mark (unload classes)
[2026-04-03T03:17:20.115+0600][61.654s][info][gc,task     ] GC(86) Using 6 of 6 workers for final marking
[2026-04-03T03:17:20.116+0600][61.654s][info][gc,ergo     ] GC(86) Adaptive CSet Selection. Target Free: 106M, Actual Free: 267M, Max CSet: 32000K, Min Garbage: 0B
[2026-04-03T03:17:20.116+0600][61.655s][info][gc,ergo     ] GC(86) Collectable Garbage: 178M (92%), Immediate: 18251K (9%), CSet: 160M (83%)
[2026-04-03T03:17:20.116+0600][61.655s][info][gc,ergo     ] GC(86) Pacer for Evacuation. Used CSet: 171M, Free: 231M, Non-Taxable: 23738K, Alloc Tax Rate: 1.8x
[2026-04-03T03:17:20.116+0600][61.655s][info][gc          ] GC(86) Pause Final Mark (unload classes) 1.145ms
[2026-04-03T03:17:20.117+0600][61.655s][info][gc,start    ] GC(86) Concurrent thread roots
[2026-04-03T03:17:20.117+0600][61.655s][info][gc,task     ] GC(86) Using 3 of 6 workers for Concurrent thread roots
[2026-04-03T03:17:20.117+0600][61.656s][info][gc          ] GC(86) Concurrent thread roots 0.769ms
[2026-04-03T03:17:20.117+0600][61.656s][info][gc,start    ] GC(86) Concurrent weak references
[2026-04-03T03:17:20.117+0600][61.656s][info][gc,task     ] GC(86) Using 3 of 6 workers for concurrent weak references
[2026-04-03T03:17:20.118+0600][61.656s][info][gc,ref      ] GC(86) Encountered references: Soft: 3293, Weak: 6254, Final: 84, Phantom: 602
[2026-04-03T03:17:20.118+0600][61.656s][info][gc,ref      ] GC(86) Discovered  references: Soft: 0, Weak: 590, Final: 0, Phantom: 599
[2026-04-03T03:17:20.118+0600][61.656s][info][gc,ref      ] GC(86) Enqueued    references: Soft: 0, Weak: 44, Final: 0, Phantom: 0
[2026-04-03T03:17:20.118+0600][61.656s][info][gc          ] GC(86) Concurrent weak references 0.272ms
[2026-04-03T03:17:20.118+0600][61.656s][info][gc,start    ] GC(86) Concurrent weak roots
[2026-04-03T03:17:20.118+0600][61.656s][info][gc,task     ] GC(86) Using 3 of 6 workers for concurrent weak root
[2026-04-03T03:17:20.120+0600][61.659s][info][gc          ] GC(86) Concurrent weak roots 2.589ms
[2026-04-03T03:17:20.120+0600][61.659s][info][gc,start    ] GC(86) Concurrent cleanup
[2026-04-03T03:17:20.121+0600][61.659s][info][gc          ] GC(86) Concurrent cleanup 496M->478M(672M) 0.566ms
[2026-04-03T03:17:20.121+0600][61.659s][info][gc,ergo     ] GC(86) Free: 231M, Max: 256K regular, 101M humongous, Frag: 57% external, 0% internal; Reserve: 38144K, Max: 256K
[2026-04-03T03:17:20.121+0600][61.659s][info][gc,start    ] GC(86) Concurrent class unloading
[2026-04-03T03:17:20.121+0600][61.659s][info][gc,task     ] GC(86) Using 3 of 6 workers for concurrent class unloading
[2026-04-03T03:17:20.127+0600][61.666s][info][gc          ] GC(86) Concurrent class unloading 6.506ms
[2026-04-03T03:17:20.128+0600][61.666s][info][gc,start    ] GC(86) Concurrent strong roots
[2026-04-03T03:17:20.128+0600][61.666s][info][gc,task     ] GC(86) Using 3 of 6 workers for concurrent strong root
[2026-04-03T03:17:20.128+0600][61.667s][info][gc          ] GC(86) Concurrent strong roots 0.894ms
[2026-04-03T03:17:20.129+0600][61.667s][info][gc,start    ] GC(86) Concurrent evacuation
[2026-04-03T03:17:20.129+0600][61.667s][info][gc,task     ] GC(86) Using 3 of 6 workers for concurrent evacuation
[2026-04-03T03:17:20.140+0600][61.679s][info][gc          ] GC(86) Concurrent evacuation 11.790ms
[2026-04-03T03:17:20.141+0600][61.679s][info][gc,start    ] GC(86) Pause Init Update Refs
[2026-04-03T03:17:20.141+0600][61.679s][info][gc,ergo     ] GC(86) Pacer for Update Refs. Used: 491M, Free: 228M, Non-Taxable: 23380K, Alloc Tax Rate: 2.6x
[2026-04-03T03:17:20.141+0600][61.679s][info][gc          ] GC(86) Pause Init Update Refs 0.187ms
[2026-04-03T03:17:20.141+0600][61.680s][info][gc,start    ] GC(86) Concurrent update references
[2026-04-03T03:17:20.141+0600][61.680s][info][gc,task     ] GC(86) Using 3 of 6 workers for concurrent reference update
[2026-04-03T03:17:20.310+0600][61.848s][info][gc          ] GC(86) Concurrent update references 168.913ms
[2026-04-03T03:17:20.310+0600][61.849s][info][gc,start    ] GC(86) Concurrent update thread roots
[2026-04-03T03:17:20.311+0600][61.850s][info][gc          ] GC(86) Concurrent update thread roots 1.079ms
[2026-04-03T03:17:20.311+0600][61.850s][info][gc,start    ] GC(86) Pause Final Update Refs
[2026-04-03T03:17:20.311+0600][61.850s][info][gc,task     ] GC(86) Using 6 of 6 workers for final reference update
[2026-04-03T03:17:20.312+0600][61.850s][info][gc          ] GC(86) Pause Final Update Refs 0.251ms
[2026-04-03T03:17:20.312+0600][61.850s][info][gc,start    ] GC(86) Concurrent cleanup
[2026-04-03T03:17:20.312+0600][61.850s][info][gc          ] GC(86) Concurrent cleanup 533M->362M(672M) 0.304ms
[2026-04-03T03:17:20.312+0600][61.850s][info][gc,ergo     ] Free: 346M, Max: 256K regular, 172M humongous, Frag: 51% external, 0% internal; Reserve: 38400K, Max: 256K
[2026-04-03T03:17:20.312+0600][61.851s][info][gc,stats    ] 
[2026-04-03T03:17:20.312+0600][61.851s][info][gc,stats    ] All times are wall-clock times, except per-root-class counters, that are sum over
[2026-04-03T03:17:20.312+0600][61.851s][info][gc,stats    ] all workers. Dividing the <total> over the root stage time estimates parallelism.
[2026-04-03T03:17:20.312+0600][61.851s][info][gc,stats    ] 
[2026-04-03T03:17:20.312+0600][61.851s][info][gc,stats    ] Concurrent Reset                   1820 us
[2026-04-03T03:17:20.312+0600][61.851s][info][gc,stats    ] Pause Init Mark (G)                 483 us
[2026-04-03T03:17:20.312+0600][61.851s][info][gc,stats    ] Pause Init Mark (N)                 183 us
[2026-04-03T03:17:20.312+0600][61.851s][info][gc,stats    ]   Update Region States               42 us
[2026-04-03T03:17:20.312+0600][61.851s][info][gc,stats    ] Concurrent Mark Roots              1161 us, parallelism: 1.78x
[2026-04-03T03:17:20.312+0600][61.851s][info][gc,stats    ]   CMR: <total>                     2063 us
[2026-04-03T03:17:20.312+0600][61.851s][info][gc,stats    ]   CMR: Thread Roots                1792 us, workers (us): 672, 666, 454, ---, ---, ---, 
[2026-04-03T03:17:20.312+0600][61.851s][info][gc,stats    ]   CMR: VM Strong Roots               47 us, workers (us):  25,  18,   4, ---, ---, ---, 
[2026-04-03T03:17:20.312+0600][61.851s][info][gc,stats    ]   CMR: CLDG Roots                   224 us, workers (us): ---, ---, 224, ---, ---, ---, 
[2026-04-03T03:17:20.312+0600][61.851s][info][gc,stats    ] Concurrent Marking               361429 us
[2026-04-03T03:17:20.312+0600][61.851s][info][gc,stats    ] Pause Final Mark (G)               1576 us
[2026-04-03T03:17:20.312+0600][61.851s][info][gc,stats    ] Pause Final Mark (N)               1160 us
[2026-04-03T03:17:20.312+0600][61.851s][info][gc,stats    ]   Finish Mark                       302 us
[2026-04-03T03:17:20.312+0600][61.851s][info][gc,stats    ]   Update Region States               85 us
[2026-04-03T03:17:20.312+0600][61.851s][info][gc,stats    ]   Choose Collection Set             559 us
[2026-04-03T03:17:20.312+0600][61.851s][info][gc,stats    ]   Rebuild Free Set                   42 us
[2026-04-03T03:17:20.312+0600][61.851s][info][gc,stats    ] Concurrent Thread Roots             822 us, parallelism: 1.97x
[2026-04-03T03:17:20.312+0600][61.851s][info][gc,stats    ]   CTR: <total>                     1616 us
[2026-04-03T03:17:20.312+0600][61.851s][info][gc,stats    ]   CTR: Thread Roots                1616 us, workers (us): 577, 540, 498, ---, ---, ---, 
[2026-04-03T03:17:20.312+0600][61.851s][info][gc,stats    ] Concurrent Weak References          281 us, parallelism: 0.73x
[2026-04-03T03:17:20.312+0600][61.851s][info][gc,stats    ]   CWRF: <total>                     205 us
[2026-04-03T03:17:20.312+0600][61.851s][info][gc,stats    ]   CWRF: Weak References             205 us, workers (us):  63, 140,   1, ---, ---, ---, 
[2026-04-03T03:17:20.312+0600][61.851s][info][gc,stats    ] Concurrent Weak Roots              2654 us
[2026-04-03T03:17:20.312+0600][61.851s][info][gc,stats    ]   Roots                            2117 us, parallelism: 2.54x
[2026-04-03T03:17:20.312+0600][61.851s][info][gc,stats    ]     CWR: <total>                   5370 us
[2026-04-03T03:17:20.312+0600][61.851s][info][gc,stats    ]     CWR: Code Cache Roots          3697 us, workers (us): 1303, 1212, 1182, ---, ---, ---, 
[2026-04-03T03:17:20.312+0600][61.851s][info][gc,stats    ]     CWR: VM Weak Roots             1606 us, workers (us): 576, 517, 513, ---, ---, ---, 
[2026-04-03T03:17:20.313+0600][61.851s][info][gc,stats    ]     CWR: CLDG Roots                  67 us, workers (us): ---, ---,  67, ---, ---, ---, 
[2026-04-03T03:17:20.313+0600][61.851s][info][gc,stats    ]   Rendezvous                        437 us
[2026-04-03T03:17:20.313+0600][61.851s][info][gc,stats    ] Concurrent Cleanup                  583 us
[2026-04-03T03:17:20.313+0600][61.851s][info][gc,stats    ] Concurrent Class Unloading         6594 us
[2026-04-03T03:17:20.313+0600][61.851s][info][gc,stats    ]   Unlink Stale                     6011 us
[2026-04-03T03:17:20.313+0600][61.851s][info][gc,stats    ]     System Dictionary                82 us
[2026-04-03T03:17:20.313+0600][61.851s][info][gc,stats    ]     Weak Class Links                  0 us
[2026-04-03T03:17:20.313+0600][61.851s][info][gc,stats    ]     Code Roots                     5927 us
[2026-04-03T03:17:20.313+0600][61.851s][info][gc,stats    ]   Rendezvous                        324 us
[2026-04-03T03:17:20.313+0600][61.851s][info][gc,stats    ]   Purge Unlinked                    146 us
[2026-04-03T03:17:20.313+0600][61.851s][info][gc,stats    ]     Code Roots                      127 us
[2026-04-03T03:17:20.313+0600][61.851s][info][gc,stats    ]     CLDG                             18 us
[2026-04-03T03:17:20.313+0600][61.851s][info][gc,stats    ]     Exception Caches                  0 us
[2026-04-03T03:17:20.313+0600][61.851s][info][gc,stats    ] Concurrent Strong Roots             954 us, parallelism: 0.59x
[2026-04-03T03:17:20.313+0600][61.851s][info][gc,stats    ]   CSR: <total>                      567 us
[2026-04-03T03:17:20.313+0600][61.851s][info][gc,stats    ]   CSR: VM Strong Roots               35 us, workers (us):  17,  18,   0, ---, ---, ---, 
[2026-04-03T03:17:20.313+0600][61.851s][info][gc,stats    ]   CSR: CLDG Roots                   532 us, workers (us): 532, ---, ---, ---, ---, ---, 
[2026-04-03T03:17:20.313+0600][61.851s][info][gc,stats    ] Concurrent Evacuation             11896 us
[2026-04-03T03:17:20.313+0600][61.851s][info][gc,stats    ] Pause Init Update Refs (G)          741 us
[2026-04-03T03:17:20.313+0600][61.851s][info][gc,stats    ] Pause Init Update Refs (N)          207 us
[2026-04-03T03:17:20.313+0600][61.851s][info][gc,stats    ]   Manage GCLABs                      33 us
[2026-04-03T03:17:20.313+0600][61.851s][info][gc,stats    ] Concurrent Update Refs           169005 us
[2026-04-03T03:17:20.313+0600][61.851s][info][gc,stats    ] Concurrent Update Thread Roots     1127 us
[2026-04-03T03:17:20.313+0600][61.851s][info][gc,stats    ] Pause Final Update Refs (G)         426 us
[2026-04-03T03:17:20.313+0600][61.851s][info][gc,stats    ] Pause Final Update Refs (N)         275 us
[2026-04-03T03:17:20.313+0600][61.851s][info][gc,stats    ]   Update Region States              129 us
[2026-04-03T03:17:20.313+0600][61.851s][info][gc,stats    ]   Trash Collection Set               21 us
[2026-04-03T03:17:20.313+0600][61.851s][info][gc,stats    ]   Rebuild Free Set                   42 us
[2026-04-03T03:17:20.313+0600][61.851s][info][gc,stats    ] Concurrent Cleanup                  328 us
[2026-04-03T03:17:20.313+0600][61.851s][info][gc,stats    ] Pacing                            53477 us
[2026-04-03T03:17:20.313+0600][61.851s][info][gc,stats    ] 
[2026-04-03T03:17:20.313+0600][61.851s][info][gc,stats    ] Allocation pacing accrued:
[2026-04-03T03:17:20.313+0600][61.851s][info][gc,stats    ]      53 of   741 ms (  7.2%): Executor task launch worker for task 0.0 in stage 14.0 (TID 21)
[2026-04-03T03:17:20.313+0600][61.851s][info][gc,stats    ]      53 of   741 ms (  7.2%): <total>
[2026-04-03T03:17:20.313+0600][61.851s][info][gc,stats    ]       0 of   741 ms (  0.1%): <average total>
[2026-04-03T03:17:20.313+0600][61.851s][info][gc,stats    ]      53 of   741 ms (  7.2%): <average non-zero>
[2026-04-03T03:17:20.313+0600][61.851s][info][gc,stats    ] 
[2026-04-03T03:17:20.313+0600][61.851s][info][gc,metaspace] Metaspace: 73007K(73984K)->73010K(73984K) NonClass: 63707K(64256K)->63709K(64256K) Class: 9300K(9728K)->9300K(9728K)
[2026-04-03T03:17:20.313+0600][61.851s][info][gc,ergo     ] Pacer for Idle. Initial: 15360K, Alloc Tax Rate: 1.0x
[2026-04-03T03:17:21.020+0600][62.559s][info][gc          ] Trigger: Average GC time (605.08 ms) is above the time for average allocation rate (456 MB/s) to deplete free headroom (174M) (margin of error = 2.02)
[2026-04-03T03:17:21.020+0600][62.559s][info][gc,ergo     ] Free headroom: 211M (free) - 38400K (spike) - 0B (penalties) = 174M
[2026-04-03T03:17:21.020+0600][62.559s][info][gc,ergo     ] Free: 211M, Max: 256K regular, 172M humongous, Frag: 19% external, 0% internal; Reserve: 38400K, Max: 256K
[2026-04-03T03:17:21.020+0600][62.559s][info][gc,start    ] GC(87) Concurrent reset
[2026-04-03T03:17:21.021+0600][62.559s][info][gc,task     ] GC(87) Using 3 of 6 workers for concurrent reset
[2026-04-03T03:17:21.021+0600][62.559s][info][gc,ergo     ] GC(87) Pacer for Reset. Non-Taxable: 750M
[2026-04-03T03:17:21.022+0600][62.560s][info][gc          ] GC(87) Concurrent reset 1.288ms
[2026-04-03T03:17:21.022+0600][62.561s][info][gc,start    ] GC(87) Pause Init Mark (unload classes)
[2026-04-03T03:17:21.022+0600][62.561s][info][gc,task     ] GC(87) Using 6 of 6 workers for init marking
[2026-04-03T03:17:21.022+0600][62.561s][info][gc,ergo     ] GC(87) Pacer for Mark. Expected Live: 239M, Free: 211M, Non-Taxable: 21664K, Alloc Tax Rate: 1.4x
[2026-04-03T03:17:21.022+0600][62.561s][info][gc          ] GC(87) Pause Init Mark (unload classes) 0.119ms
[2026-04-03T03:17:21.022+0600][62.561s][info][gc,start    ] GC(87) Concurrent marking roots
[2026-04-03T03:17:21.022+0600][62.561s][info][gc,task     ] GC(87) Using 3 of 6 workers for concurrent marking roots
[2026-04-03T03:17:21.023+0600][62.562s][info][gc          ] GC(87) Concurrent marking roots 0.931ms
[2026-04-03T03:17:21.023+0600][62.562s][info][gc,start    ] GC(87) Concurrent marking (unload classes)
[2026-04-03T03:17:21.023+0600][62.562s][info][gc,task     ] GC(87) Using 3 of 6 workers for concurrent marking
[2026-04-03T03:17:21.239+0600][62.778s][info][gc          ] GC(87) Concurrent marking (unload classes) 216.061ms
[2026-04-03T03:17:21.240+0600][62.778s][info][gc,start    ] GC(87) Pause Final Mark (unload classes)
[2026-04-03T03:17:21.240+0600][62.778s][info][gc,task     ] GC(87) Using 6 of 6 workers for final marking
[2026-04-03T03:17:21.240+0600][62.778s][info][gc,ergo     ] GC(87) Adaptive CSet Selection. Target Free: 106M, Actual Free: 469M, Max CSet: 32000K, Min Garbage: 0B
[2026-04-03T03:17:21.240+0600][62.779s][info][gc,ergo     ] GC(87) Collectable Garbage: 322M (98%), Immediate: 259M (79%), CSet: 64124K (19%)
[2026-04-03T03:17:21.240+0600][62.779s][info][gc,ergo     ] GC(87) Pacer for Evacuation. Used CSet: 79612K, Free: 437M, Non-Taxable: 44807K, Alloc Tax Rate: 1.1x
[2026-04-03T03:17:21.240+0600][62.779s][info][gc          ] GC(87) Pause Final Mark (unload classes) 0.851ms
[2026-04-03T03:17:21.241+0600][62.779s][info][gc,start    ] GC(87) Concurrent thread roots
[2026-04-03T03:17:21.241+0600][62.779s][info][gc,task     ] GC(87) Using 3 of 6 workers for Concurrent thread roots
[2026-04-03T03:17:21.241+0600][62.780s][info][gc          ] GC(87) Concurrent thread roots 0.723ms
[2026-04-03T03:17:21.241+0600][62.780s][info][gc,start    ] GC(87) Concurrent weak references
[2026-04-03T03:17:21.241+0600][62.780s][info][gc,task     ] GC(87) Using 3 of 6 workers for concurrent weak references
[2026-04-03T03:17:21.242+0600][62.780s][info][gc,ref      ] GC(87) Encountered references: Soft: 3299, Weak: 6523, Final: 84, Phantom: 602
[2026-04-03T03:17:21.242+0600][62.780s][info][gc,ref      ] GC(87) Discovered  references: Soft: 0, Weak: 711, Final: 0, Phantom: 599
[2026-04-03T03:17:21.242+0600][62.780s][info][gc,ref      ] GC(87) Enqueued    references: Soft: 0, Weak: 93, Final: 0, Phantom: 0
[2026-04-03T03:17:21.242+0600][62.780s][info][gc          ] GC(87) Concurrent weak references 0.514ms
[2026-04-03T03:17:21.242+0600][62.780s][info][gc,start    ] GC(87) Concurrent weak roots
[2026-04-03T03:17:21.242+0600][62.780s][info][gc,task     ] GC(87) Using 3 of 6 workers for concurrent weak root
[2026-04-03T03:17:21.244+0600][62.783s][info][gc          ] GC(87) Concurrent weak roots 2.559ms
[2026-04-03T03:17:21.244+0600][62.783s][info][gc,start    ] GC(87) Concurrent cleanup
[2026-04-03T03:17:21.245+0600][62.784s][info][gc          ] GC(87) Concurrent cleanup 533M->273M(672M) 0.747ms
[2026-04-03T03:17:21.245+0600][62.784s][info][gc,ergo     ] GC(87) Free: 436M, Max: 256K regular, 146M humongous, Frag: 67% external, 0% internal; Reserve: 37756K, Max: 256K
[2026-04-03T03:17:21.245+0600][62.784s][info][gc,start    ] GC(87) Concurrent class unloading
[2026-04-03T03:17:21.245+0600][62.784s][info][gc,task     ] GC(87) Using 3 of 6 workers for concurrent class unloading
[2026-04-03T03:17:21.254+0600][62.792s][info][gc          ] GC(87) Concurrent class unloading 8.560ms
[2026-04-03T03:17:21.254+0600][62.792s][info][gc,start    ] GC(87) Concurrent strong roots
[2026-04-03T03:17:21.254+0600][62.792s][info][gc,task     ] GC(87) Using 3 of 6 workers for concurrent strong root
[2026-04-03T03:17:21.255+0600][62.793s][info][gc          ] GC(87) Concurrent strong roots 0.755ms
[2026-04-03T03:17:21.255+0600][62.793s][info][gc,start    ] GC(87) Concurrent evacuation
[2026-04-03T03:17:21.255+0600][62.793s][info][gc,task     ] GC(87) Using 3 of 6 workers for concurrent evacuation
[2026-04-03T03:17:21.270+0600][62.809s][info][gc          ] GC(87) Concurrent evacuation 15.596ms
[2026-04-03T03:17:21.271+0600][62.809s][info][gc,start    ] GC(87) Pause Init Update Refs
[2026-04-03T03:17:21.271+0600][62.809s][info][gc,ergo     ] GC(87) Pacer for Update Refs. Used: 298M, Free: 427M, Non-Taxable: 43757K, Alloc Tax Rate: 1.1x
[2026-04-03T03:17:21.271+0600][62.809s][info][gc          ] GC(87) Pause Init Update Refs 0.177ms
[2026-04-03T03:17:21.271+0600][62.809s][info][gc,start    ] GC(87) Concurrent update references
[2026-04-03T03:17:21.271+0600][62.810s][info][gc,task     ] GC(87) Using 3 of 6 workers for concurrent reference update
[2026-04-03T03:17:21.383+0600][62.921s][info][gc          ] GC(87) Concurrent update references 111.837ms
[2026-04-03T03:17:21.383+0600][62.921s][info][gc,start    ] GC(87) Concurrent update thread roots
[2026-04-03T03:17:21.384+0600][62.923s][info][gc          ] GC(87) Concurrent update thread roots 1.184ms
[2026-04-03T03:17:21.384+0600][62.923s][info][gc,start    ] GC(87) Pause Final Update Refs
[2026-04-03T03:17:21.384+0600][62.923s][info][gc,task     ] GC(87) Using 6 of 6 workers for final reference update
[2026-04-03T03:17:21.385+0600][62.923s][info][gc          ] GC(87) Pause Final Update Refs 0.295ms
[2026-04-03T03:17:21.385+0600][62.923s][info][gc,start    ] GC(87) Concurrent cleanup
[2026-04-03T03:17:21.386+0600][62.924s][info][gc          ] GC(87) Concurrent cleanup 328M->251M(672M) 0.704ms
[2026-04-03T03:17:21.386+0600][62.924s][info][gc,ergo     ] Free: 458M, Max: 256K regular, 146M humongous, Frag: 68% external, 0% internal; Reserve: 38400K, Max: 256K
[2026-04-03T03:17:21.386+0600][62.924s][info][gc,stats    ] 
[2026-04-03T03:17:21.386+0600][62.924s][info][gc,stats    ] All times are wall-clock times, except per-root-class counters, that are sum over
[2026-04-03T03:17:21.386+0600][62.924s][info][gc,stats    ] all workers. Dividing the <total> over the root stage time estimates parallelism.
[2026-04-03T03:17:21.386+0600][62.924s][info][gc,stats    ] 
[2026-04-03T03:17:21.386+0600][62.924s][info][gc,stats    ] Concurrent Reset                   1351 us
[2026-04-03T03:17:21.386+0600][62.924s][info][gc,stats    ] Pause Init Mark (G)                 512 us
[2026-04-03T03:17:21.386+0600][62.924s][info][gc,stats    ] Pause Init Mark (N)                 130 us
[2026-04-03T03:17:21.386+0600][62.924s][info][gc,stats    ]   Update Region States               32 us
[2026-04-03T03:17:21.386+0600][62.924s][info][gc,stats    ] Concurrent Mark Roots               970 us, parallelism: 1.69x
[2026-04-03T03:17:21.386+0600][62.924s][info][gc,stats    ]   CMR: <total>                     1634 us
[2026-04-03T03:17:21.386+0600][62.924s][info][gc,stats    ]   CMR: Thread Roots                1407 us, workers (us): 361, 526, 520, ---, ---, ---, 
[2026-04-03T03:17:21.386+0600][62.924s][info][gc,stats    ]   CMR: VM Strong Roots               26 us, workers (us):  24,   1,   0, ---, ---, ---, 
[2026-04-03T03:17:21.386+0600][62.924s][info][gc,stats    ]   CMR: CLDG Roots                   202 us, workers (us): 202, ---, ---, ---, ---, ---, 
[2026-04-03T03:17:21.386+0600][62.924s][info][gc,stats    ] Concurrent Marking               216146 us
[2026-04-03T03:17:21.386+0600][62.924s][info][gc,stats    ] Pause Final Mark (G)               1066 us
[2026-04-03T03:17:21.386+0600][62.924s][info][gc,stats    ] Pause Final Mark (N)                866 us
[2026-04-03T03:17:21.386+0600][62.924s][info][gc,stats    ]   Finish Mark                       342 us
[2026-04-03T03:17:21.386+0600][62.924s][info][gc,stats    ]   Update Region States               59 us
[2026-04-03T03:17:21.386+0600][62.924s][info][gc,stats    ]   Choose Collection Set             318 us
[2026-04-03T03:17:21.386+0600][62.924s][info][gc,stats    ]   Rebuild Free Set                   42 us
[2026-04-03T03:17:21.386+0600][62.924s][info][gc,stats    ] Concurrent Thread Roots             761 us, parallelism: 1.96x
[2026-04-03T03:17:21.386+0600][62.924s][info][gc,stats    ]   CTR: <total>                     1493 us
[2026-04-03T03:17:21.386+0600][62.924s][info][gc,stats    ]   CTR: Thread Roots                1493 us, workers (us): 580, 459, 455, ---, ---, ---, 
[2026-04-03T03:17:21.386+0600][62.924s][info][gc,stats    ] Concurrent Weak References          530 us, parallelism: 0.42x
[2026-04-03T03:17:21.386+0600][62.924s][info][gc,stats    ]   CWRF: <total>                     224 us
[2026-04-03T03:17:21.386+0600][62.924s][info][gc,stats    ]   CWRF: Weak References             224 us, workers (us): 118, 105,   2, ---, ---, ---, 
[2026-04-03T03:17:21.386+0600][62.924s][info][gc,stats    ] Concurrent Weak Roots              2628 us
[2026-04-03T03:17:21.386+0600][62.924s][info][gc,stats    ]   Roots                            2237 us, parallelism: 2.58x
[2026-04-03T03:17:21.386+0600][62.924s][info][gc,stats    ]     CWR: <total>                   5765 us
[2026-04-03T03:17:21.386+0600][62.924s][info][gc,stats    ]     CWR: Code Cache Roots          3977 us, workers (us): 1391, 1366, 1220, ---, ---, ---, 
[2026-04-03T03:17:21.386+0600][62.925s][info][gc,stats    ]     CWR: VM Weak Roots             1641 us, workers (us): 559, 555, 526, ---, ---, ---, 
[2026-04-03T03:17:21.386+0600][62.925s][info][gc,stats    ]     CWR: CLDG Roots                 148 us, workers (us): ---, ---, 148, ---, ---, ---, 
[2026-04-03T03:17:21.386+0600][62.925s][info][gc,stats    ]   Rendezvous                        292 us
[2026-04-03T03:17:21.386+0600][62.925s][info][gc,stats    ] Concurrent Cleanup                  768 us
[2026-04-03T03:17:21.386+0600][62.925s][info][gc,stats    ] Concurrent Class Unloading         8662 us
[2026-04-03T03:17:21.386+0600][62.925s][info][gc,stats    ]   Unlink Stale                     7746 us
[2026-04-03T03:17:21.386+0600][62.925s][info][gc,stats    ]     System Dictionary               169 us
[2026-04-03T03:17:21.386+0600][62.925s][info][gc,stats    ]     Weak Class Links                  0 us
[2026-04-03T03:17:21.386+0600][62.925s][info][gc,stats    ]     Code Roots                     7572 us
[2026-04-03T03:17:21.386+0600][62.925s][info][gc,stats    ]   Rendezvous                        486 us
[2026-04-03T03:17:21.386+0600][62.925s][info][gc,stats    ]   Purge Unlinked                    299 us
[2026-04-03T03:17:21.386+0600][62.925s][info][gc,stats    ]     Code Roots                      288 us
[2026-04-03T03:17:21.386+0600][62.925s][info][gc,stats    ]     CLDG                             10 us
[2026-04-03T03:17:21.386+0600][62.925s][info][gc,stats    ]     Exception Caches                  1 us
[2026-04-03T03:17:21.386+0600][62.925s][info][gc,stats    ] Concurrent Strong Roots             785 us, parallelism: 0.60x
[2026-04-03T03:17:21.386+0600][62.925s][info][gc,stats    ]   CSR: <total>                      471 us
[2026-04-03T03:17:21.386+0600][62.925s][info][gc,stats    ]   CSR: VM Strong Roots               38 us, workers (us):  26,  11,   0, ---, ---, ---, 
[2026-04-03T03:17:21.386+0600][62.925s][info][gc,stats    ]   CSR: CLDG Roots                   433 us, workers (us): ---, 433, ---, ---, ---, ---, 
[2026-04-03T03:17:21.386+0600][62.925s][info][gc,stats    ] Concurrent Evacuation             15759 us
[2026-04-03T03:17:21.386+0600][62.925s][info][gc,stats    ] Pause Init Update Refs (G)          527 us
[2026-04-03T03:17:21.387+0600][62.925s][info][gc,stats    ] Pause Init Update Refs (N)          198 us
[2026-04-03T03:17:21.387+0600][62.925s][info][gc,stats    ]   Manage GCLABs                      31 us
[2026-04-03T03:17:21.387+0600][62.925s][info][gc,stats    ] Concurrent Update Refs           111903 us
[2026-04-03T03:17:21.387+0600][62.925s][info][gc,stats    ] Concurrent Update Thread Roots     1267 us
[2026-04-03T03:17:21.387+0600][62.925s][info][gc,stats    ] Pause Final Update Refs (G)         601 us
[2026-04-03T03:17:21.387+0600][62.925s][info][gc,stats    ] Pause Final Update Refs (N)         324 us
[2026-04-03T03:17:21.387+0600][62.925s][info][gc,stats    ]   Update Region States              117 us
[2026-04-03T03:17:21.387+0600][62.925s][info][gc,stats    ]   Trash Collection Set               15 us
[2026-04-03T03:17:21.387+0600][62.925s][info][gc,stats    ]   Rebuild Free Set                   41 us
[2026-04-03T03:17:21.387+0600][62.925s][info][gc,stats    ] Concurrent Cleanup                  739 us
[2026-04-03T03:17:21.387+0600][62.925s][info][gc,stats    ] Pacing                           189340 us
[2026-04-03T03:17:21.387+0600][62.925s][info][gc,stats    ] 
[2026-04-03T03:17:21.387+0600][62.925s][info][gc,stats    ] Allocation pacing accrued:
[2026-04-03T03:17:21.387+0600][62.925s][info][gc,stats    ]      67 of  1074 ms (  6.2%): Executor task launch worker for task 2.0 in stage 15.0 (TID 26)
[2026-04-03T03:17:21.387+0600][62.925s][info][gc,stats    ]      66 of  1074 ms (  6.2%): Executor task launch worker for task 0.0 in stage 15.0 (TID 24)
[2026-04-03T03:17:21.387+0600][62.925s][info][gc,stats    ]      56 of  1074 ms (  5.2%): Executor task launch worker for task 1.0 in stage 15.0 (TID 25)
[2026-04-03T03:17:21.387+0600][62.925s][info][gc,stats    ]     189 of  1074 ms ( 17.6%): <total>
[2026-04-03T03:17:21.387+0600][62.925s][info][gc,stats    ]       1 of  1074 ms (  0.1%): <average total>
[2026-04-03T03:17:21.387+0600][62.925s][info][gc,stats    ]      63 of  1074 ms (  5.9%): <average non-zero>
[2026-04-03T03:17:21.387+0600][62.925s][info][gc,stats    ] 
[2026-04-03T03:17:21.387+0600][62.925s][info][gc,metaspace] Metaspace: 73061K(73984K)->73063K(73984K) NonClass: 63758K(64256K)->63760K(64256K) Class: 9302K(9728K)->9302K(9728K)
[2026-04-03T03:17:21.387+0600][62.925s][info][gc,ergo     ] Pacer for Idle. Initial: 15360K, Alloc Tax Rate: 1.0x
[2026-04-03T03:17:21.489+0600][63.027s][info][gc          ] Trigger: Average GC time (644.92 ms) is above the time for average allocation rate (711 MB/s) to deplete free headroom (312M) (margin of error = 1.99)
[2026-04-03T03:17:21.489+0600][63.027s][info][gc,ergo     ] Free headroom: 350M (free) - 38400K (spike) - 0B (penalties) = 312M
[2026-04-03T03:17:21.489+0600][63.027s][info][gc,ergo     ] Free: 350M, Max: 256K regular, 146M humongous, Frag: 59% external, 0% internal; Reserve: 38400K, Max: 256K
[2026-04-03T03:17:21.489+0600][63.027s][info][gc,start    ] GC(88) Concurrent reset
[2026-04-03T03:17:21.489+0600][63.027s][info][gc,task     ] GC(88) Using 3 of 6 workers for concurrent reset
[2026-04-03T03:17:21.489+0600][63.027s][info][gc,ergo     ] GC(88) Pacer for Reset. Non-Taxable: 750M
[2026-04-03T03:17:21.490+0600][63.028s][info][gc          ] GC(88) Concurrent reset 0.988ms
[2026-04-03T03:17:21.490+0600][63.029s][info][gc,start    ] GC(88) Pause Init Mark (unload classes)
[2026-04-03T03:17:21.490+0600][63.029s][info][gc,task     ] GC(88) Using 6 of 6 workers for init marking
[2026-04-03T03:17:21.490+0600][63.029s][info][gc,ergo     ] GC(88) Pacer for Mark. Expected Live: 224M, Free: 349M, Non-Taxable: 35770K, Alloc Tax Rate: 0.8x
[2026-04-03T03:17:21.490+0600][63.029s][info][gc          ] GC(88) Pause Init Mark (unload classes) 0.169ms
[2026-04-03T03:17:21.491+0600][63.029s][info][gc,start    ] GC(88) Concurrent marking roots
[2026-04-03T03:17:21.491+0600][63.029s][info][gc,task     ] GC(88) Using 3 of 6 workers for concurrent marking roots
[2026-04-03T03:17:21.492+0600][63.030s][info][gc          ] GC(88) Concurrent marking roots 0.981ms
[2026-04-03T03:17:21.492+0600][63.030s][info][gc,start    ] GC(88) Concurrent marking (unload classes)
[2026-04-03T03:17:21.492+0600][63.030s][info][gc,task     ] GC(88) Using 3 of 6 workers for concurrent marking
[2026-04-03T03:17:21.836+0600][63.374s][info][gc          ] GC(88) Concurrent marking (unload classes) 343.841ms
[2026-04-03T03:17:21.836+0600][63.374s][info][gc,start    ] GC(88) Pause Final Mark (unload classes)
[2026-04-03T03:17:21.836+0600][63.374s][info][gc,task     ] GC(88) Using 6 of 6 workers for final marking
[2026-04-03T03:17:21.836+0600][63.375s][info][gc,ergo     ] GC(88) Adaptive CSet Selection. Target Free: 106M, Actual Free: 327M, Max CSet: 32000K, Min Garbage: 0B
[2026-04-03T03:17:21.837+0600][63.375s][info][gc,ergo     ] GC(88) Collectable Garbage: 134M (89%), Immediate: 8960K (5%), CSet: 125M (83%)
[2026-04-03T03:17:21.837+0600][63.375s][info][gc,ergo     ] GC(88) Pacer for Evacuation. Used CSet: 157M, Free: 292M, Non-Taxable: 29932K, Alloc Tax Rate: 1.3x
[2026-04-03T03:17:21.837+0600][63.375s][info][gc          ] GC(88) Pause Final Mark (unload classes) 1.111ms
[2026-04-03T03:17:21.837+0600][63.375s][info][gc,start    ] GC(88) Concurrent thread roots
[2026-04-03T03:17:21.837+0600][63.375s][info][gc,task     ] GC(88) Using 3 of 6 workers for Concurrent thread roots
[2026-04-03T03:17:21.838+0600][63.376s][info][gc          ] GC(88) Concurrent thread roots 0.813ms
[2026-04-03T03:17:21.838+0600][63.376s][info][gc,start    ] GC(88) Concurrent weak references
[2026-04-03T03:17:21.838+0600][63.376s][info][gc,task     ] GC(88) Using 3 of 6 workers for concurrent weak references
[2026-04-03T03:17:21.838+0600][63.376s][info][gc,ref      ] GC(88) Encountered references: Soft: 3302, Weak: 6439, Final: 84, Phantom: 599
[2026-04-03T03:17:21.838+0600][63.376s][info][gc,ref      ] GC(88) Discovered  references: Soft: 0, Weak: 633, Final: 0, Phantom: 414
[2026-04-03T03:17:21.838+0600][63.376s][info][gc,ref      ] GC(88) Enqueued    references: Soft: 0, Weak: 78, Final: 0, Phantom: 0
[2026-04-03T03:17:21.838+0600][63.376s][info][gc          ] GC(88) Concurrent weak references 0.292ms
[2026-04-03T03:17:21.838+0600][63.376s][info][gc,start    ] GC(88) Concurrent weak roots
[2026-04-03T03:17:21.838+0600][63.376s][info][gc,task     ] GC(88) Using 3 of 6 workers for concurrent weak root
[2026-04-03T03:17:21.841+0600][63.379s][info][gc          ] GC(88) Concurrent weak roots 2.803ms
[2026-04-03T03:17:21.841+0600][63.379s][info][gc,start    ] GC(88) Concurrent cleanup
[2026-04-03T03:17:21.841+0600][63.380s][info][gc          ] GC(88) Concurrent cleanup 426M->417M(672M) 0.480ms
[2026-04-03T03:17:21.841+0600][63.380s][info][gc,ergo     ] GC(88) Free: 291M, Max: 256K regular, 146M humongous, Frag: 50% external, 0% internal; Reserve: 38079K, Max: 256K
[2026-04-03T03:17:21.842+0600][63.380s][info][gc,start    ] GC(88) Concurrent class unloading
[2026-04-03T03:17:21.842+0600][63.380s][info][gc,task     ] GC(88) Using 3 of 6 workers for concurrent class unloading
[2026-04-03T03:17:21.847+0600][63.386s][info][gc          ] GC(88) Concurrent class unloading 5.608ms
[2026-04-03T03:17:21.847+0600][63.386s][info][gc,start    ] GC(88) Concurrent strong roots
[2026-04-03T03:17:21.847+0600][63.386s][info][gc,task     ] GC(88) Using 3 of 6 workers for concurrent strong root
[2026-04-03T03:17:21.848+0600][63.386s][info][gc          ] GC(88) Concurrent strong roots 0.829ms
[2026-04-03T03:17:21.848+0600][63.386s][info][gc,start    ] GC(88) Concurrent evacuation
[2026-04-03T03:17:21.848+0600][63.386s][info][gc,task     ] GC(88) Using 3 of 6 workers for concurrent evacuation
[2026-04-03T03:17:21.877+0600][63.415s][info][gc          ] GC(88) Concurrent evacuation 28.762ms
[2026-04-03T03:17:21.878+0600][63.416s][info][gc,start    ] GC(88) Pause Init Update Refs
[2026-04-03T03:17:21.878+0600][63.416s][info][gc,ergo     ] GC(88) Pacer for Update Refs. Used: 461M, Free: 278M, Non-Taxable: 28474K, Alloc Tax Rate: 2.0x
[2026-04-03T03:17:21.878+0600][63.416s][info][gc          ] GC(88) Pause Init Update Refs 0.180ms
[2026-04-03T03:17:21.878+0600][63.416s][info][gc,start    ] GC(88) Concurrent update references
[2026-04-03T03:17:21.878+0600][63.416s][info][gc,task     ] GC(88) Using 3 of 6 workers for concurrent reference update
[2026-04-03T03:17:22.064+0600][63.603s][info][gc          ] GC(88) Concurrent update references 186.554ms
[2026-04-03T03:17:22.065+0600][63.603s][info][gc,start    ] GC(88) Concurrent update thread roots
[2026-04-03T03:17:22.065+0600][63.604s][info][gc          ] GC(88) Concurrent update thread roots 0.762ms
[2026-04-03T03:17:22.066+0600][63.604s][info][gc,start    ] GC(88) Pause Final Update Refs
[2026-04-03T03:17:22.066+0600][63.604s][info][gc,task     ] GC(88) Using 6 of 6 workers for final reference update
[2026-04-03T03:17:22.066+0600][63.604s][info][gc          ] GC(88) Pause Final Update Refs 0.204ms
[2026-04-03T03:17:22.066+0600][63.604s][info][gc,start    ] GC(88) Concurrent cleanup
[2026-04-03T03:17:22.067+0600][63.605s][info][gc          ] GC(88) Concurrent cleanup 550M->393M(672M) 0.635ms
[2026-04-03T03:17:22.067+0600][63.605s][info][gc,ergo     ] Free: 314M, Max: 256K regular, 98048K humongous, Frag: 70% external, 0% internal; Reserve: 38400K, Max: 256K
[2026-04-03T03:17:22.067+0600][63.605s][info][gc,stats    ] 
[2026-04-03T03:17:22.067+0600][63.605s][info][gc,stats    ] All times are wall-clock times, except per-root-class counters, that are sum over
[2026-04-03T03:17:22.067+0600][63.605s][info][gc,stats    ] all workers. Dividing the <total> over the root stage time estimates parallelism.
[2026-04-03T03:17:22.067+0600][63.605s][info][gc,stats    ] 
[2026-04-03T03:17:22.067+0600][63.605s][info][gc,stats    ] Concurrent Reset                   1031 us
[2026-04-03T03:17:22.067+0600][63.605s][info][gc,stats    ] Pause Init Mark (G)                 536 us
[2026-04-03T03:17:22.067+0600][63.605s][info][gc,stats    ] Pause Init Mark (N)                 181 us
[2026-04-03T03:17:22.067+0600][63.605s][info][gc,stats    ]   Update Region States               35 us
[2026-04-03T03:17:22.067+0600][63.605s][info][gc,stats    ] Concurrent Mark Roots              1014 us, parallelism: 1.75x
[2026-04-03T03:17:22.067+0600][63.605s][info][gc,stats    ]   CMR: <total>                     1773 us
[2026-04-03T03:17:22.067+0600][63.605s][info][gc,stats    ]   CMR: Thread Roots                1474 us, workers (us): 575, 306, 593, ---, ---, ---, 
[2026-04-03T03:17:22.067+0600][63.605s][info][gc,stats    ]   CMR: VM Strong Roots               31 us, workers (us):  22,   5,   5, ---, ---, ---, 
[2026-04-03T03:17:22.067+0600][63.605s][info][gc,stats    ]   CMR: CLDG Roots                   268 us, workers (us): ---, 268, ---, ---, ---, ---, 
[2026-04-03T03:17:22.067+0600][63.605s][info][gc,stats    ] Concurrent Marking               343911 us
[2026-04-03T03:17:22.067+0600][63.605s][info][gc,stats    ] Pause Final Mark (G)               1380 us
[2026-04-03T03:17:22.067+0600][63.605s][info][gc,stats    ] Pause Final Mark (N)               1122 us
[2026-04-03T03:17:22.067+0600][63.605s][info][gc,stats    ]   Finish Mark                       480 us
[2026-04-03T03:17:22.067+0600][63.605s][info][gc,stats    ]   Update Region States               45 us
[2026-04-03T03:17:22.067+0600][63.605s][info][gc,stats    ]   Choose Collection Set             411 us
[2026-04-03T03:17:22.067+0600][63.605s][info][gc,stats    ]   Rebuild Free Set                   42 us
[2026-04-03T03:17:22.067+0600][63.605s][info][gc,stats    ] Concurrent Thread Roots             859 us, parallelism: 1.70x
[2026-04-03T03:17:22.067+0600][63.605s][info][gc,stats    ]   CTR: <total>                     1463 us
[2026-04-03T03:17:22.067+0600][63.605s][info][gc,stats    ]   CTR: Thread Roots                1463 us, workers (us): 530, 465, 467, ---, ---, ---, 
[2026-04-03T03:17:22.067+0600][63.605s][info][gc,stats    ] Concurrent Weak References          303 us, parallelism: 0.57x
[2026-04-03T03:17:22.067+0600][63.605s][info][gc,stats    ]   CWRF: <total>                     171 us
[2026-04-03T03:17:22.067+0600][63.605s][info][gc,stats    ]   CWRF: Weak References             171 us, workers (us):  43, 128,   0, ---, ---, ---, 
[2026-04-03T03:17:22.067+0600][63.605s][info][gc,stats    ] Concurrent Weak Roots              2865 us
[2026-04-03T03:17:22.067+0600][63.605s][info][gc,stats    ]   Roots                            2448 us, parallelism: 2.52x
[2026-04-03T03:17:22.067+0600][63.605s][info][gc,stats    ]     CWR: <total>                   6167 us
[2026-04-03T03:17:22.067+0600][63.605s][info][gc,stats    ]     CWR: Code Cache Roots          4686 us, workers (us): 1636, 1587, 1463, ---, ---, ---, 
[2026-04-03T03:17:22.067+0600][63.605s][info][gc,stats    ]     CWR: VM Weak Roots             1385 us, workers (us): 482, 453, 450, ---, ---, ---, 
[2026-04-03T03:17:22.067+0600][63.605s][info][gc,stats    ]     CWR: CLDG Roots                  95 us, workers (us): ---, ---,  95, ---, ---, ---, 
[2026-04-03T03:17:22.067+0600][63.605s][info][gc,stats    ]   Rendezvous                        329 us
[2026-04-03T03:17:22.067+0600][63.605s][info][gc,stats    ] Concurrent Cleanup                  497 us
[2026-04-03T03:17:22.067+0600][63.606s][info][gc,stats    ] Concurrent Class Unloading         5686 us
[2026-04-03T03:17:22.067+0600][63.606s][info][gc,stats    ]   Unlink Stale                     5288 us
[2026-04-03T03:17:22.067+0600][63.606s][info][gc,stats    ]     System Dictionary                93 us
[2026-04-03T03:17:22.067+0600][63.606s][info][gc,stats    ]     Weak Class Links                  0 us
[2026-04-03T03:17:22.067+0600][63.606s][info][gc,stats    ]     Code Roots                     5192 us
[2026-04-03T03:17:22.067+0600][63.606s][info][gc,stats    ]   Rendezvous                        272 us
[2026-04-03T03:17:22.067+0600][63.606s][info][gc,stats    ]   Purge Unlinked                     16 us
[2026-04-03T03:17:22.067+0600][63.606s][info][gc,stats    ]     Code Roots                        4 us
[2026-04-03T03:17:22.067+0600][63.606s][info][gc,stats    ]     CLDG                             11 us
[2026-04-03T03:17:22.067+0600][63.606s][info][gc,stats    ]     Exception Caches                  1 us
[2026-04-03T03:17:22.067+0600][63.606s][info][gc,stats    ] Concurrent Strong Roots             854 us, parallelism: 0.68x
[2026-04-03T03:17:22.067+0600][63.606s][info][gc,stats    ]   CSR: <total>                      583 us
[2026-04-03T03:17:22.067+0600][63.606s][info][gc,stats    ]   CSR: VM Strong Roots               29 us, workers (us):  27,   2,   0, ---, ---, ---, 
[2026-04-03T03:17:22.067+0600][63.606s][info][gc,stats    ]   CSR: CLDG Roots                   554 us, workers (us): ---, 554, ---, ---, ---, ---, 
[2026-04-03T03:17:22.067+0600][63.606s][info][gc,stats    ] Concurrent Evacuation             28847 us
[2026-04-03T03:17:22.067+0600][63.606s][info][gc,stats    ] Pause Init Update Refs (G)          939 us
[2026-04-03T03:17:22.067+0600][63.606s][info][gc,stats    ] Pause Init Update Refs (N)          192 us
[2026-04-03T03:17:22.067+0600][63.606s][info][gc,stats    ]   Manage GCLABs                      84 us
[2026-04-03T03:17:22.067+0600][63.606s][info][gc,stats    ] Concurrent Update Refs           186657 us
[2026-04-03T03:17:22.067+0600][63.606s][info][gc,stats    ] Concurrent Update Thread Roots      803 us
[2026-04-03T03:17:22.067+0600][63.606s][info][gc,stats    ] Pause Final Update Refs (G)         591 us
[2026-04-03T03:17:22.067+0600][63.606s][info][gc,stats    ] Pause Final Update Refs (N)         218 us
[2026-04-03T03:17:22.067+0600][63.606s][info][gc,stats    ]   Update Region States               50 us
[2026-04-03T03:17:22.067+0600][63.606s][info][gc,stats    ]   Trash Collection Set               19 us
[2026-04-03T03:17:22.067+0600][63.606s][info][gc,stats    ]   Rebuild Free Set                   41 us
[2026-04-03T03:17:22.067+0600][63.606s][info][gc,stats    ] Concurrent Cleanup                  667 us
[2026-04-03T03:17:22.067+0600][63.606s][info][gc,stats    ] Pacing                            65625 us
[2026-04-03T03:17:22.067+0600][63.606s][info][gc,stats    ] 
[2026-04-03T03:17:22.067+0600][63.606s][info][gc,stats    ] Allocation pacing accrued:
[2026-04-03T03:17:22.067+0600][63.606s][info][gc,stats    ]      22 of   681 ms (  3.3%): Executor task launch worker for task 2.0 in stage 15.0 (TID 26)
[2026-04-03T03:17:22.067+0600][63.606s][info][gc,stats    ]      21 of   681 ms (  3.1%): Executor task launch worker for task 0.0 in stage 15.0 (TID 24)
[2026-04-03T03:17:22.067+0600][63.606s][info][gc,stats    ]      22 of   681 ms (  3.3%): Executor task launch worker for task 1.0 in stage 15.0 (TID 25)
[2026-04-03T03:17:22.068+0600][63.606s][info][gc,stats    ]      66 of   681 ms (  9.6%): <total>
[2026-04-03T03:17:22.068+0600][63.606s][info][gc,stats    ]       0 of   681 ms (  0.1%): <average total>
[2026-04-03T03:17:22.068+0600][63.606s][info][gc,stats    ]      22 of   681 ms (  3.2%): <average non-zero>
[2026-04-03T03:17:22.068+0600][63.606s][info][gc,stats    ] 
[2026-04-03T03:17:22.068+0600][63.606s][info][gc,metaspace] Metaspace: 73064K(73984K)->73073K(73984K) NonClass: 63762K(64256K)->63771K(64256K) Class: 9302K(9728K)->9302K(9728K)
[2026-04-03T03:17:22.068+0600][63.606s][info][gc,ergo     ] Pacer for Idle. Initial: 15360K, Alloc Tax Rate: 1.0x
[2026-04-03T03:17:22.069+0600][63.607s][info][gc          ] Trigger: Average GC time (696.05 ms) is above the time for average allocation rate (509 MB/s) to deplete free headroom (275M) (margin of error = 1.99)
[2026-04-03T03:17:22.069+0600][63.607s][info][gc,ergo     ] Free headroom: 312M (free) - 38400K (spike) - 0B (penalties) = 275M
[2026-04-03T03:17:22.069+0600][63.607s][info][gc,ergo     ] Free: 312M, Max: 256K regular, 98048K humongous, Frag: 70% external, 0% internal; Reserve: 38400K, Max: 256K
[2026-04-03T03:17:22.069+0600][63.607s][info][gc,start    ] GC(89) Concurrent reset
[2026-04-03T03:17:22.069+0600][63.607s][info][gc,task     ] GC(89) Using 3 of 6 workers for concurrent reset
[2026-04-03T03:17:22.069+0600][63.607s][info][gc,ergo     ] GC(89) Pacer for Reset. Non-Taxable: 750M
[2026-04-03T03:17:22.070+0600][63.609s][info][gc          ] GC(89) Concurrent reset 1.581ms
[2026-04-03T03:17:22.071+0600][63.609s][info][gc,start    ] GC(89) Pause Init Mark (unload classes)
[2026-04-03T03:17:22.071+0600][63.609s][info][gc,task     ] GC(89) Using 6 of 6 workers for init marking
[2026-04-03T03:17:22.071+0600][63.609s][info][gc,ergo     ] GC(89) Pacer for Mark. Expected Live: 215M, Free: 311M, Non-Taxable: 31905K, Alloc Tax Rate: 0.8x
[2026-04-03T03:17:22.071+0600][63.609s][info][gc          ] GC(89) Pause Init Mark (unload classes) 0.139ms
[2026-04-03T03:17:22.071+0600][63.609s][info][gc,start    ] GC(89) Concurrent marking roots
[2026-04-03T03:17:22.071+0600][63.610s][info][gc,task     ] GC(89) Using 3 of 6 workers for concurrent marking roots
[2026-04-03T03:17:22.072+0600][63.610s][info][gc          ] GC(89) Concurrent marking roots 0.955ms
[2026-04-03T03:17:22.072+0600][63.611s][info][gc,start    ] GC(89) Concurrent marking (unload classes)
[2026-04-03T03:17:22.072+0600][63.611s][info][gc,task     ] GC(89) Using 3 of 6 workers for concurrent marking
[2026-04-03T03:17:22.322+0600][63.860s][info][gc          ] GC(89) Concurrent marking (unload classes) 249.464ms
[2026-04-03T03:17:22.322+0600][63.860s][info][gc,start    ] GC(89) Pause Final Mark (unload classes)
[2026-04-03T03:17:22.322+0600][63.860s][info][gc,task     ] GC(89) Using 6 of 6 workers for final marking
[2026-04-03T03:17:22.322+0600][63.861s][info][gc,ergo     ] GC(89) Adaptive CSet Selection. Target Free: 106M, Actual Free: 369M, Max CSet: 32000K, Min Garbage: 0B
[2026-04-03T03:17:22.323+0600][63.861s][info][gc,ergo     ] GC(89) Collectable Garbage: 162M (90%), Immediate: 79360K (43%), CSet: 87167K (47%)
[2026-04-03T03:17:22.323+0600][63.862s][info][gc,ergo     ] GC(89) Pacer for Evacuation. Used CSet: 116M, Free: 334M, Non-Taxable: 34234K, Alloc Tax Rate: 1.1x
[2026-04-03T03:17:22.323+0600][63.862s][info][gc          ] GC(89) Pause Final Mark (unload classes) 1.327ms
[2026-04-03T03:17:22.323+0600][63.862s][info][gc,start    ] GC(89) Concurrent thread roots
[2026-04-03T03:17:22.323+0600][63.862s][info][gc,task     ] GC(89) Using 3 of 6 workers for Concurrent thread roots
[2026-04-03T03:17:22.324+0600][63.862s][info][gc          ] GC(89) Concurrent thread roots 0.690ms
[2026-04-03T03:17:22.324+0600][63.862s][info][gc,start    ] GC(89) Concurrent weak references
[2026-04-03T03:17:22.324+0600][63.863s][info][gc,task     ] GC(89) Using 3 of 6 workers for concurrent weak references
[2026-04-03T03:17:22.325+0600][63.863s][info][gc,ref      ] GC(89) Encountered references: Soft: 3302, Weak: 6365, Final: 84, Phantom: 600
[2026-04-03T03:17:22.325+0600][63.863s][info][gc,ref      ] GC(89) Discovered  references: Soft: 0, Weak: 1117, Final: 2, Phantom: 552
[2026-04-03T03:17:22.325+0600][63.863s][info][gc,ref      ] GC(89) Enqueued    references: Soft: 0, Weak: 4, Final: 0, Phantom: 0
[2026-04-03T03:17:22.325+0600][63.863s][info][gc          ] GC(89) Concurrent weak references 0.505ms
[2026-04-03T03:17:22.325+0600][63.863s][info][gc,start    ] GC(89) Concurrent weak roots
[2026-04-03T03:17:22.325+0600][63.863s][info][gc,task     ] GC(89) Using 3 of 6 workers for concurrent weak root
[2026-04-03T03:17:22.327+0600][63.865s][info][gc          ] GC(89) Concurrent weak roots 2.068ms
[2026-04-03T03:17:22.327+0600][63.865s][info][gc,start    ] GC(89) Concurrent cleanup
[2026-04-03T03:17:22.327+0600][63.865s][info][gc          ] GC(89) Concurrent cleanup 454M->377M(672M) 0.242ms
[2026-04-03T03:17:22.327+0600][63.865s][info][gc,ergo     ] GC(89) Free: 332M, Max: 256K regular, 98048K humongous, Frag: 72% external, 0% internal; Reserve: 38079K, Max: 256K
[2026-04-03T03:17:22.327+0600][63.865s][info][gc,start    ] GC(89) Concurrent class unloading
[2026-04-03T03:17:22.327+0600][63.866s][info][gc,task     ] GC(89) Using 3 of 6 workers for concurrent class unloading
[2026-04-03T03:17:22.333+0600][63.872s][info][gc          ] GC(89) Concurrent class unloading 6.245ms
[2026-04-03T03:17:22.333+0600][63.872s][info][gc,start    ] GC(89) Concurrent strong roots
[2026-04-03T03:17:22.333+0600][63.872s][info][gc,task     ] GC(89) Using 3 of 6 workers for concurrent strong root
[2026-04-03T03:17:22.334+0600][63.873s][info][gc          ] GC(89) Concurrent strong roots 0.807ms
[2026-04-03T03:17:22.334+0600][63.873s][info][gc,start    ] GC(89) Concurrent evacuation
[2026-04-03T03:17:22.334+0600][63.873s][info][gc,task     ] GC(89) Using 3 of 6 workers for concurrent evacuation
[2026-04-03T03:17:22.356+0600][63.895s][info][gc          ] GC(89) Concurrent evacuation 21.802ms
[2026-04-03T03:17:22.357+0600][63.895s][info][gc,start    ] GC(89) Pause Init Update Refs
[2026-04-03T03:17:22.357+0600][63.895s][info][gc,ergo     ] GC(89) Pacer for Update Refs. Used: 419M, Free: 322M, Non-Taxable: 32980K, Alloc Tax Rate: 1.6x
[2026-04-03T03:17:22.357+0600][63.895s][info][gc          ] GC(89) Pause Init Update Refs 0.221ms
[2026-04-03T03:17:22.357+0600][63.895s][info][gc,start    ] GC(89) Concurrent update references
[2026-04-03T03:17:22.357+0600][63.895s][info][gc,task     ] GC(89) Using 3 of 6 workers for concurrent reference update
[2026-04-03T03:17:22.469+0600][64.007s][info][gc          ] GC(89) Concurrent update references 112.053ms
[2026-04-03T03:17:22.469+0600][64.007s][info][gc,start    ] GC(89) Concurrent update thread roots
[2026-04-03T03:17:22.470+0600][64.008s][info][gc          ] GC(89) Concurrent update thread roots 0.900ms
[2026-04-03T03:17:22.470+0600][64.009s][info][gc,start    ] GC(89) Pause Final Update Refs
[2026-04-03T03:17:22.470+0600][64.009s][info][gc,task     ] GC(89) Using 6 of 6 workers for final reference update
[2026-04-03T03:17:22.470+0600][64.009s][info][gc          ] GC(89) Pause Final Update Refs 0.215ms
[2026-04-03T03:17:22.471+0600][64.009s][info][gc,start    ] GC(89) Concurrent cleanup
[2026-04-03T03:17:22.471+0600][64.009s][info][gc          ] GC(89) Concurrent cleanup 477M->360M(672M) 0.273ms
[2026-04-03T03:17:22.471+0600][64.009s][info][gc,ergo     ] Free: 348M, Max: 256K regular, 119M humongous, Frag: 66% external, 0% internal; Reserve: 38400K, Max: 256K
[2026-04-03T03:17:22.471+0600][64.009s][info][gc,stats    ] 
[2026-04-03T03:17:22.471+0600][64.009s][info][gc,stats    ] All times are wall-clock times, except per-root-class counters, that are sum over
[2026-04-03T03:17:22.471+0600][64.009s][info][gc,stats    ] all workers. Dividing the <total> over the root stage time estimates parallelism.
[2026-04-03T03:17:22.471+0600][64.009s][info][gc,stats    ] 
[2026-04-03T03:17:22.471+0600][64.009s][info][gc,stats    ] Concurrent Reset                   1639 us
[2026-04-03T03:17:22.471+0600][64.009s][info][gc,stats    ] Pause Init Mark (G)                 571 us
[2026-04-03T03:17:22.471+0600][64.009s][info][gc,stats    ] Pause Init Mark (N)                 153 us
[2026-04-03T03:17:22.471+0600][64.009s][info][gc,stats    ]   Update Region States               31 us
[2026-04-03T03:17:22.471+0600][64.009s][info][gc,stats    ] Concurrent Mark Roots              1022 us, parallelism: 1.54x
[2026-04-03T03:17:22.471+0600][64.009s][info][gc,stats    ]   CMR: <total>                     1570 us
[2026-04-03T03:17:22.471+0600][64.009s][info][gc,stats    ]   CMR: Thread Roots                1249 us, workers (us): 239, 511, 499, ---, ---, ---, 
[2026-04-03T03:17:22.471+0600][64.009s][info][gc,stats    ]   CMR: VM Strong Roots               39 us, workers (us):  24,  15,   1, ---, ---, ---, 
[2026-04-03T03:17:22.471+0600][64.009s][info][gc,stats    ]   CMR: CLDG Roots                   282 us, workers (us): 282, ---, ---, ---, ---, ---, 
[2026-04-03T03:17:22.471+0600][64.009s][info][gc,stats    ] Concurrent Marking               249598 us
[2026-04-03T03:17:22.471+0600][64.009s][info][gc,stats    ] Pause Final Mark (G)               1623 us
[2026-04-03T03:17:22.471+0600][64.009s][info][gc,stats    ] Pause Final Mark (N)               1341 us
[2026-04-03T03:17:22.471+0600][64.009s][info][gc,stats    ]   Finish Mark                       362 us
[2026-04-03T03:17:22.471+0600][64.009s][info][gc,stats    ]   Update Region States               64 us
[2026-04-03T03:17:22.471+0600][64.009s][info][gc,stats    ]   Choose Collection Set             652 us
[2026-04-03T03:17:22.471+0600][64.009s][info][gc,stats    ]   Rebuild Free Set                   78 us
[2026-04-03T03:17:22.471+0600][64.009s][info][gc,stats    ] Concurrent Thread Roots             753 us, parallelism: 1.86x
[2026-04-03T03:17:22.471+0600][64.009s][info][gc,stats    ]   CTR: <total>                     1397 us
[2026-04-03T03:17:22.471+0600][64.009s][info][gc,stats    ]   CTR: Thread Roots                1397 us, workers (us): 497, 452, 448, ---, ---, ---, 
[2026-04-03T03:17:22.471+0600][64.010s][info][gc,stats    ] Concurrent Weak References          519 us, parallelism: 0.54x
[2026-04-03T03:17:22.471+0600][64.010s][info][gc,stats    ]   CWRF: <total>                     281 us
[2026-04-03T03:17:22.471+0600][64.010s][info][gc,stats    ]   CWRF: Weak References             281 us, workers (us): 257,  22,   2, ---, ---, ---, 
[2026-04-03T03:17:22.471+0600][64.010s][info][gc,stats    ] Concurrent Weak Roots              2160 us
[2026-04-03T03:17:22.471+0600][64.010s][info][gc,stats    ]   Roots                            1779 us, parallelism: 2.37x
[2026-04-03T03:17:22.471+0600][64.010s][info][gc,stats    ]     CWR: <total>                   4207 us
[2026-04-03T03:17:22.471+0600][64.010s][info][gc,stats    ]     CWR: Code Cache Roots          2914 us, workers (us): 994, 1028, 892, ---, ---, ---, 
[2026-04-03T03:17:22.471+0600][64.010s][info][gc,stats    ]     CWR: VM Weak Roots             1183 us, workers (us): 425, 387, 370, ---, ---, ---, 
[2026-04-03T03:17:22.471+0600][64.010s][info][gc,stats    ]     CWR: CLDG Roots                 110 us, workers (us): ---, ---, 110, ---, ---, ---, 
[2026-04-03T03:17:22.471+0600][64.010s][info][gc,stats    ]   Rendezvous                        260 us
[2026-04-03T03:17:22.471+0600][64.010s][info][gc,stats    ] Concurrent Cleanup                  266 us
[2026-04-03T03:17:22.471+0600][64.010s][info][gc,stats    ] Concurrent Class Unloading         6339 us
[2026-04-03T03:17:22.471+0600][64.010s][info][gc,stats    ]   Unlink Stale                     5797 us
[2026-04-03T03:17:22.471+0600][64.010s][info][gc,stats    ]     System Dictionary               108 us
[2026-04-03T03:17:22.471+0600][64.010s][info][gc,stats    ]     Weak Class Links                  1 us
[2026-04-03T03:17:22.471+0600][64.010s][info][gc,stats    ]     Code Roots                     5684 us
[2026-04-03T03:17:22.471+0600][64.010s][info][gc,stats    ]   Rendezvous                        257 us
[2026-04-03T03:17:22.471+0600][64.010s][info][gc,stats    ]   Purge Unlinked                    155 us
[2026-04-03T03:17:22.471+0600][64.010s][info][gc,stats    ]     Code Roots                      136 us
[2026-04-03T03:17:22.471+0600][64.010s][info][gc,stats    ]     CLDG                             17 us
[2026-04-03T03:17:22.471+0600][64.010s][info][gc,stats    ]     Exception Caches                  0 us
[2026-04-03T03:17:22.471+0600][64.010s][info][gc,stats    ] Concurrent Strong Roots             876 us, parallelism: 0.58x
[2026-04-03T03:17:22.471+0600][64.010s][info][gc,stats    ]   CSR: <total>                      507 us
[2026-04-03T03:17:22.471+0600][64.010s][info][gc,stats    ]   CSR: VM Strong Roots               34 us, workers (us):  17,  16,   0, ---, ---, ---, 
[2026-04-03T03:17:22.471+0600][64.010s][info][gc,stats    ]   CSR: CLDG Roots                   473 us, workers (us): 473, ---, ---, ---, ---, ---, 
[2026-04-03T03:17:22.471+0600][64.010s][info][gc,stats    ] Concurrent Evacuation             21920 us
[2026-04-03T03:17:22.471+0600][64.010s][info][gc,stats    ] Pause Init Update Refs (G)          641 us
[2026-04-03T03:17:22.471+0600][64.010s][info][gc,stats    ] Pause Init Update Refs (N)          236 us
[2026-04-03T03:17:22.471+0600][64.010s][info][gc,stats    ]   Manage GCLABs                      43 us
[2026-04-03T03:17:22.471+0600][64.010s][info][gc,stats    ] Concurrent Update Refs           112153 us
[2026-04-03T03:17:22.471+0600][64.010s][info][gc,stats    ] Concurrent Update Thread Roots      950 us
[2026-04-03T03:17:22.471+0600][64.010s][info][gc,stats    ] Pause Final Update Refs (G)         493 us
[2026-04-03T03:17:22.471+0600][64.010s][info][gc,stats    ] Pause Final Update Refs (N)         231 us
[2026-04-03T03:17:22.471+0600][64.010s][info][gc,stats    ]   Update Region States               46 us
[2026-04-03T03:17:22.471+0600][64.010s][info][gc,stats    ]   Trash Collection Set               17 us
[2026-04-03T03:17:22.471+0600][64.010s][info][gc,stats    ]   Rebuild Free Set                   42 us
[2026-04-03T03:17:22.471+0600][64.010s][info][gc,stats    ] Concurrent Cleanup                  298 us
[2026-04-03T03:17:22.471+0600][64.010s][info][gc,stats    ] Pacing                           313917 us
[2026-04-03T03:17:22.472+0600][64.010s][info][gc,stats    ] 
[2026-04-03T03:17:22.472+0600][64.010s][info][gc,stats    ] Allocation pacing accrued:
[2026-04-03T03:17:22.472+0600][64.010s][info][gc,stats    ]      10 of   404 ms (  2.4%): Spark Context Cleaner
[2026-04-03T03:17:22.472+0600][64.010s][info][gc,stats    ]     148 of   404 ms ( 36.5%): Executor task launch worker for task 2.0 in stage 15.0 (TID 26)
[2026-04-03T03:17:22.472+0600][64.010s][info][gc,stats    ]      11 of   404 ms (  2.8%): Executor task launch worker for task 0.0 in stage 15.0 (TID 24)
[2026-04-03T03:17:22.472+0600][64.010s][info][gc,stats    ]     145 of   404 ms ( 36.0%): Executor task launch worker for task 1.0 in stage 15.0 (TID 25)
[2026-04-03T03:17:22.472+0600][64.010s][info][gc,stats    ]     314 of   404 ms ( 77.7%): <total>
[2026-04-03T03:17:22.472+0600][64.010s][info][gc,stats    ]       2 of   404 ms (  0.6%): <average total>
[2026-04-03T03:17:22.472+0600][64.010s][info][gc,stats    ]      78 of   404 ms ( 19.4%): <average non-zero>
[2026-04-03T03:17:22.472+0600][64.010s][info][gc,stats    ] 
[2026-04-03T03:17:22.472+0600][64.010s][info][gc,metaspace] Metaspace: 73073K(73984K)->73074K(73984K) NonClass: 63771K(64256K)->63771K(64256K) Class: 9302K(9728K)->9302K(9728K)
[2026-04-03T03:17:22.472+0600][64.010s][info][gc,ergo     ] Pacer for Idle. Initial: 15360K, Alloc Tax Rate: 1.0x
[2026-04-03T03:17:22.516+0600][64.054s][info][gc          ] Trigger: Average GC time (630.45 ms) is above the time for average allocation rate (418 MB/s) to deplete free headroom (262M) (margin of error = 1.99)
[2026-04-03T03:17:22.516+0600][64.054s][info][gc,ergo     ] Free headroom: 300M (free) - 38400K (spike) - 0B (penalties) = 262M
[2026-04-03T03:17:22.516+0600][64.055s][info][gc,ergo     ] Free: 300M, Max: 256K regular, 119M humongous, Frag: 61% external, 0% internal; Reserve: 38400K, Max: 256K
[2026-04-03T03:17:22.516+0600][64.055s][info][gc,start    ] GC(90) Concurrent reset
[2026-04-03T03:17:22.516+0600][64.055s][info][gc,task     ] GC(90) Using 3 of 6 workers for concurrent reset
[2026-04-03T03:17:22.516+0600][64.055s][info][gc,ergo     ] GC(90) Pacer for Reset. Non-Taxable: 750M
[2026-04-03T03:17:22.517+0600][64.056s][info][gc          ] GC(90) Concurrent reset 1.038ms
[2026-04-03T03:17:22.517+0600][64.056s][info][gc,start    ] GC(90) Pause Init Mark (unload classes)
[2026-04-03T03:17:22.518+0600][64.056s][info][gc,task     ] GC(90) Using 6 of 6 workers for init marking
[2026-04-03T03:17:22.518+0600][64.056s][info][gc,ergo     ] GC(90) Pacer for Mark. Expected Live: 213M, Free: 298M, Non-Taxable: 30599K, Alloc Tax Rate: 0.9x
[2026-04-03T03:17:22.518+0600][64.056s][info][gc          ] GC(90) Pause Init Mark (unload classes) 0.174ms
[2026-04-03T03:17:22.518+0600][64.056s][info][gc,start    ] GC(90) Concurrent marking roots
[2026-04-03T03:17:22.518+0600][64.056s][info][gc,task     ] GC(90) Using 3 of 6 workers for concurrent marking roots
[2026-04-03T03:17:22.518+0600][64.057s][info][gc          ] GC(90) Concurrent marking roots 0.722ms
[2026-04-03T03:17:22.518+0600][64.057s][info][gc,start    ] GC(90) Concurrent marking (unload classes)
[2026-04-03T03:17:22.518+0600][64.057s][info][gc,task     ] GC(90) Using 3 of 6 workers for concurrent marking
[2026-04-03T03:17:22.751+0600][64.289s][info][gc          ] GC(90) Concurrent marking (unload classes) 232.302ms
[2026-04-03T03:17:22.751+0600][64.289s][info][gc,start    ] GC(90) Pause Final Mark (unload classes)
[2026-04-03T03:17:22.751+0600][64.289s][info][gc,task     ] GC(90) Using 6 of 6 workers for final marking
[2026-04-03T03:17:22.751+0600][64.290s][info][gc,ergo     ] GC(90) Adaptive CSet Selection. Target Free: 106M, Actual Free: 287M, Max CSet: 32000K, Min Garbage: 0B
[2026-04-03T03:17:22.752+0600][64.290s][info][gc,ergo     ] GC(90) Collectable Garbage: 179M (97%), Immediate: 7762K (4%), CSet: 171M (93%)
[2026-04-03T03:17:22.752+0600][64.290s][info][gc,ergo     ] GC(90) Pacer for Evacuation. Used CSet: 201M, Free: 251M, Non-Taxable: 25709K, Alloc Tax Rate: 2.0x
[2026-04-03T03:17:22.752+0600][64.290s][info][gc          ] GC(90) Pause Final Mark (unload classes) 0.958ms
[2026-04-03T03:17:22.752+0600][64.290s][info][gc,start    ] GC(90) Concurrent thread roots
[2026-04-03T03:17:22.752+0600][64.290s][info][gc,task     ] GC(90) Using 3 of 6 workers for Concurrent thread roots
[2026-04-03T03:17:22.753+0600][64.291s][info][gc          ] GC(90) Concurrent thread roots 0.736ms
[2026-04-03T03:17:22.753+0600][64.291s][info][gc,start    ] GC(90) Concurrent weak references
[2026-04-03T03:17:22.753+0600][64.291s][info][gc,task     ] GC(90) Using 3 of 6 workers for concurrent weak references
[2026-04-03T03:17:22.753+0600][64.291s][info][gc,ref      ] GC(90) Encountered references: Soft: 3302, Weak: 6361, Final: 84, Phantom: 600
[2026-04-03T03:17:22.753+0600][64.291s][info][gc,ref      ] GC(90) Discovered  references: Soft: 0, Weak: 929, Final: 2, Phantom: 596
[2026-04-03T03:17:22.753+0600][64.291s][info][gc,ref      ] GC(90) Enqueued    references: Soft: 0, Weak: 0, Final: 0, Phantom: 0
[2026-04-03T03:17:22.753+0600][64.291s][info][gc          ] GC(90) Concurrent weak references 0.351ms
[2026-04-03T03:17:22.753+0600][64.291s][info][gc,start    ] GC(90) Concurrent weak roots
[2026-04-03T03:17:22.753+0600][64.291s][info][gc,task     ] GC(90) Using 3 of 6 workers for concurrent weak root
[2026-04-03T03:17:22.755+0600][64.293s][info][gc          ] GC(90) Concurrent weak roots 1.841ms
[2026-04-03T03:17:22.755+0600][64.293s][info][gc,start    ] GC(90) Concurrent cleanup
[2026-04-03T03:17:22.755+0600][64.294s][info][gc          ] GC(90) Concurrent cleanup 465M->458M(672M) 0.157ms
[2026-04-03T03:17:22.755+0600][64.294s][info][gc,ergo     ] GC(90) Free: 250M, Max: 256K regular, 119M humongous, Frag: 53% external, 0% internal; Reserve: 38327K, Max: 256K
[2026-04-03T03:17:22.755+0600][64.294s][info][gc,start    ] GC(90) Concurrent class unloading
[2026-04-03T03:17:22.755+0600][64.294s][info][gc,task     ] GC(90) Using 3 of 6 workers for concurrent class unloading
[2026-04-03T03:17:22.760+0600][64.299s][info][gc          ] GC(90) Concurrent class unloading 4.990ms
[2026-04-03T03:17:22.760+0600][64.299s][info][gc,start    ] GC(90) Concurrent strong roots
[2026-04-03T03:17:22.760+0600][64.299s][info][gc,task     ] GC(90) Using 3 of 6 workers for concurrent strong root
[2026-04-03T03:17:22.761+0600][64.299s][info][gc          ] GC(90) Concurrent strong roots 0.738ms
[2026-04-03T03:17:22.761+0600][64.299s][info][gc,start    ] GC(90) Concurrent evacuation
[2026-04-03T03:17:22.761+0600][64.299s][info][gc,task     ] GC(90) Using 3 of 6 workers for concurrent evacuation
[2026-04-03T03:17:22.782+0600][64.320s][info][gc          ] GC(90) Concurrent evacuation 20.566ms
[2026-04-03T03:17:22.782+0600][64.320s][info][gc,start    ] GC(90) Pause Init Update Refs
[2026-04-03T03:17:22.782+0600][64.321s][info][gc,ergo     ] GC(90) Pacer for Update Refs. Used: 499M, Free: 240M, Non-Taxable: 24583K, Alloc Tax Rate: 2.5x
[2026-04-03T03:17:22.782+0600][64.321s][info][gc          ] GC(90) Pause Init Update Refs 0.125ms
[2026-04-03T03:17:22.782+0600][64.321s][info][gc,start    ] GC(90) Concurrent update references
[2026-04-03T03:17:22.782+0600][64.321s][info][gc,task     ] GC(90) Using 3 of 6 workers for concurrent reference update
[2026-04-03T03:17:22.910+0600][64.448s][info][gc          ] GC(90) Concurrent update references 127.476ms
[2026-04-03T03:17:22.910+0600][64.448s][info][gc,start    ] GC(90) Concurrent update thread roots
[2026-04-03T03:17:22.911+0600][64.449s][info][gc          ] GC(90) Concurrent update thread roots 0.919ms
[2026-04-03T03:17:22.911+0600][64.449s][info][gc,start    ] GC(90) Pause Final Update Refs
[2026-04-03T03:17:22.911+0600][64.449s][info][gc,task     ] GC(90) Using 6 of 6 workers for final reference update
[2026-04-03T03:17:22.911+0600][64.450s][info][gc          ] GC(90) Pause Final Update Refs 0.235ms
[2026-04-03T03:17:22.911+0600][64.450s][info][gc,start    ] GC(90) Concurrent cleanup
[2026-04-03T03:17:22.912+0600][64.450s][info][gc          ] GC(90) Concurrent cleanup 528M->326M(672M) 0.400ms
[2026-04-03T03:17:22.912+0600][64.450s][info][gc,ergo     ] Free: 381M, Max: 256K regular, 142M humongous, Frag: 63% external, 0% internal; Reserve: 38400K, Max: 256K
[2026-04-03T03:17:22.912+0600][64.450s][info][gc,stats    ] 
[2026-04-03T03:17:22.912+0600][64.450s][info][gc,stats    ] All times are wall-clock times, except per-root-class counters, that are sum over
[2026-04-03T03:17:22.912+0600][64.450s][info][gc,stats    ] all workers. Dividing the <total> over the root stage time estimates parallelism.
[2026-04-03T03:17:22.912+0600][64.450s][info][gc,stats    ] 
[2026-04-03T03:17:22.912+0600][64.450s][info][gc,stats    ] Concurrent Reset                   1090 us
[2026-04-03T03:17:22.912+0600][64.450s][info][gc,stats    ] Pause Init Mark (G)                 380 us
[2026-04-03T03:17:22.912+0600][64.450s][info][gc,stats    ] Pause Init Mark (N)                 181 us
[2026-04-03T03:17:22.912+0600][64.450s][info][gc,stats    ]   Update Region States               32 us
[2026-04-03T03:17:22.912+0600][64.450s][info][gc,stats    ] Concurrent Mark Roots               752 us, parallelism: 1.59x
[2026-04-03T03:17:22.912+0600][64.450s][info][gc,stats    ]   CMR: <total>                     1196 us
[2026-04-03T03:17:22.912+0600][64.450s][info][gc,stats    ]   CMR: Thread Roots                 932 us, workers (us): 161, 394, 377, ---, ---, ---, 
[2026-04-03T03:17:22.912+0600][64.450s][info][gc,stats    ]   CMR: VM Strong Roots               25 us, workers (us):  24,   1,   1, ---, ---, ---, 
[2026-04-03T03:17:22.912+0600][64.450s][info][gc,stats    ]   CMR: CLDG Roots                   239 us, workers (us): 239, ---, ---, ---, ---, ---, 
[2026-04-03T03:17:22.912+0600][64.450s][info][gc,stats    ] Concurrent Marking               232386 us
[2026-04-03T03:17:22.912+0600][64.451s][info][gc,stats    ] Pause Final Mark (G)               1171 us
[2026-04-03T03:17:22.912+0600][64.451s][info][gc,stats    ] Pause Final Mark (N)                970 us
[2026-04-03T03:17:22.912+0600][64.451s][info][gc,stats    ]   Finish Mark                       342 us
[2026-04-03T03:17:22.912+0600][64.451s][info][gc,stats    ]   Update Region States               42 us
[2026-04-03T03:17:22.912+0600][64.451s][info][gc,stats    ]   Choose Collection Set             427 us
[2026-04-03T03:17:22.912+0600][64.451s][info][gc,stats    ]   Rebuild Free Set                   46 us
[2026-04-03T03:17:22.912+0600][64.451s][info][gc,stats    ] Concurrent Thread Roots             784 us, parallelism: 1.45x
[2026-04-03T03:17:22.912+0600][64.451s][info][gc,stats    ]   CTR: <total>                     1133 us
[2026-04-03T03:17:22.912+0600][64.451s][info][gc,stats    ]   CTR: Thread Roots                1133 us, workers (us): 414, 373, 347, ---, ---, ---, 
[2026-04-03T03:17:22.912+0600][64.451s][info][gc,stats    ] Concurrent Weak References          362 us, parallelism: 0.56x
[2026-04-03T03:17:22.912+0600][64.451s][info][gc,stats    ]   CWRF: <total>                     203 us
[2026-04-03T03:17:22.912+0600][64.451s][info][gc,stats    ]   CWRF: Weak References             203 us, workers (us): 112,  60,  31, ---, ---, ---, 
[2026-04-03T03:17:22.912+0600][64.451s][info][gc,stats    ] Concurrent Weak Roots              1890 us
[2026-04-03T03:17:22.912+0600][64.451s][info][gc,stats    ]   Roots                            1591 us, parallelism: 2.11x
[2026-04-03T03:17:22.912+0600][64.451s][info][gc,stats    ]     CWR: <total>                   3364 us
[2026-04-03T03:17:22.912+0600][64.451s][info][gc,stats    ]     CWR: Code Cache Roots          2198 us, workers (us): 625, 801, 772, ---, ---, ---, 
[2026-04-03T03:17:22.912+0600][64.451s][info][gc,stats    ]     CWR: VM Weak Roots             1045 us, workers (us): 356, 351, 338, ---, ---, ---, 
[2026-04-03T03:17:22.912+0600][64.451s][info][gc,stats    ]     CWR: CLDG Roots                 121 us, workers (us): 121, ---, ---, ---, ---, ---, 
[2026-04-03T03:17:22.912+0600][64.451s][info][gc,stats    ]   Rendezvous                        227 us
[2026-04-03T03:17:22.912+0600][64.451s][info][gc,stats    ] Concurrent Cleanup                  169 us
[2026-04-03T03:17:22.912+0600][64.451s][info][gc,stats    ] Concurrent Class Unloading         5054 us
[2026-04-03T03:17:22.912+0600][64.451s][info][gc,stats    ]   Unlink Stale                     4762 us
[2026-04-03T03:17:22.912+0600][64.451s][info][gc,stats    ]     System Dictionary                83 us
[2026-04-03T03:17:22.912+0600][64.451s][info][gc,stats    ]     Weak Class Links                  0 us
[2026-04-03T03:17:22.912+0600][64.451s][info][gc,stats    ]     Code Roots                     4674 us
[2026-04-03T03:17:22.912+0600][64.451s][info][gc,stats    ]   Rendezvous                        189 us
[2026-04-03T03:17:22.912+0600][64.451s][info][gc,stats    ]   Purge Unlinked                     10 us
[2026-04-03T03:17:22.912+0600][64.451s][info][gc,stats    ]     Code Roots                        3 us
[2026-04-03T03:17:22.912+0600][64.451s][info][gc,stats    ]     CLDG                              6 us
[2026-04-03T03:17:22.912+0600][64.451s][info][gc,stats    ]     Exception Caches                  0 us
[2026-04-03T03:17:22.912+0600][64.451s][info][gc,stats    ] Concurrent Strong Roots             776 us, parallelism: 0.63x
[2026-04-03T03:17:22.912+0600][64.451s][info][gc,stats    ]   CSR: <total>                      491 us
[2026-04-03T03:17:22.912+0600][64.451s][info][gc,stats    ]   CSR: VM Strong Roots               21 us, workers (us):  20,   1,   0, ---, ---, ---, 
[2026-04-03T03:17:22.912+0600][64.451s][info][gc,stats    ]   CSR: CLDG Roots                   470 us, workers (us): 470, ---, ---, ---, ---, ---, 
[2026-04-03T03:17:22.913+0600][64.451s][info][gc,stats    ] Concurrent Evacuation             20666 us
[2026-04-03T03:17:22.913+0600][64.451s][info][gc,stats    ] Pause Init Update Refs (G)          580 us
[2026-04-03T03:17:22.913+0600][64.451s][info][gc,stats    ] Pause Init Update Refs (N)          140 us
[2026-04-03T03:17:22.913+0600][64.451s][info][gc,stats    ]   Manage GCLABs                      23 us
[2026-04-03T03:17:22.913+0600][64.451s][info][gc,stats    ] Concurrent Update Refs           127554 us
[2026-04-03T03:17:22.913+0600][64.451s][info][gc,stats    ] Concurrent Update Thread Roots      992 us
[2026-04-03T03:17:22.913+0600][64.451s][info][gc,stats    ] Pause Final Update Refs (G)         571 us
[2026-04-03T03:17:22.913+0600][64.451s][info][gc,stats    ] Pause Final Update Refs (N)         256 us
[2026-04-03T03:17:22.913+0600][64.451s][info][gc,stats    ]   Update Region States               56 us
[2026-04-03T03:17:22.913+0600][64.451s][info][gc,stats    ]   Trash Collection Set               25 us
[2026-04-03T03:17:22.913+0600][64.451s][info][gc,stats    ]   Rebuild Free Set                   49 us
[2026-04-03T03:17:22.913+0600][64.451s][info][gc,stats    ] Concurrent Cleanup                  430 us
[2026-04-03T03:17:22.913+0600][64.451s][info][gc,stats    ] Pacing                           444930 us
[2026-04-03T03:17:22.913+0600][64.451s][info][gc,stats    ] 
[2026-04-03T03:17:22.913+0600][64.451s][info][gc,stats    ] Allocation pacing accrued:
[2026-04-03T03:17:22.913+0600][64.451s][info][gc,stats    ]     161 of   441 ms ( 36.5%): Executor task launch worker for task 2.0 in stage 15.0 (TID 26)
[2026-04-03T03:17:22.913+0600][64.451s][info][gc,stats    ]     122 of   441 ms ( 27.6%): Executor task launch worker for task 0.0 in stage 15.0 (TID 24)
[2026-04-03T03:17:22.913+0600][64.451s][info][gc,stats    ]     162 of   441 ms ( 36.7%): Executor task launch worker for task 1.0 in stage 15.0 (TID 25)
[2026-04-03T03:17:22.913+0600][64.451s][info][gc,stats    ]     445 of   441 ms (100.9%): <total>
[2026-04-03T03:17:22.913+0600][64.451s][info][gc,stats    ]       3 of   441 ms (  0.7%): <average total>
[2026-04-03T03:17:22.913+0600][64.451s][info][gc,stats    ]     148 of   441 ms ( 33.6%): <average non-zero>
[2026-04-03T03:17:22.913+0600][64.451s][info][gc,stats    ] 
[2026-04-03T03:17:22.913+0600][64.451s][info][gc,metaspace] Metaspace: 73074K(73984K)->73074K(73984K) NonClass: 63772K(64256K)->63772K(64256K) Class: 9302K(9728K)->9302K(9728K)
[2026-04-03T03:17:22.913+0600][64.451s][info][gc,ergo     ] Pacer for Idle. Initial: 15360K, Alloc Tax Rate: 1.0x
[2026-04-03T03:17:23.418+0600][64.956s][info][gc          ] Trigger: Average GC time (563.59 ms) is above the time for average allocation rate (508 MB/s) to deplete free headroom (176M) (margin of error = 1.98)
[2026-04-03T03:17:23.418+0600][64.956s][info][gc,ergo     ] Free headroom: 213M (free) - 38400K (spike) - 0B (penalties) = 176M
[2026-04-03T03:17:23.418+0600][64.956s][info][gc,ergo     ] Free: 213M, Max: 256K regular, 142M humongous, Frag: 34% external, 0% internal; Reserve: 38400K, Max: 256K
[2026-04-03T03:17:23.418+0600][64.956s][info][gc,start    ] GC(91) Concurrent reset
[2026-04-03T03:17:23.418+0600][64.956s][info][gc,task     ] GC(91) Using 3 of 6 workers for concurrent reset
[2026-04-03T03:17:23.418+0600][64.956s][info][gc,ergo     ] GC(91) Pacer for Reset. Non-Taxable: 750M
[2026-04-03T03:17:23.419+0600][64.957s][info][gc          ] GC(91) Concurrent reset 1.183ms
[2026-04-03T03:17:23.419+0600][64.958s][info][gc,start    ] GC(91) Pause Init Mark (unload classes)
[2026-04-03T03:17:23.419+0600][64.958s][info][gc,task     ] GC(91) Using 6 of 6 workers for init marking
[2026-04-03T03:17:23.419+0600][64.958s][info][gc,ergo     ] GC(91) Pacer for Mark. Expected Live: 211M, Free: 213M, Non-Taxable: 21868K, Alloc Tax Rate: 1.2x
[2026-04-03T03:17:23.419+0600][64.958s][info][gc          ] GC(91) Pause Init Mark (unload classes) 0.115ms
[2026-04-03T03:17:23.419+0600][64.958s][info][gc,start    ] GC(91) Concurrent marking roots
[2026-04-03T03:17:23.419+0600][64.958s][info][gc,task     ] GC(91) Using 3 of 6 workers for concurrent marking roots
[2026-04-03T03:17:23.420+0600][64.959s][info][gc          ] GC(91) Concurrent marking roots 0.778ms
[2026-04-03T03:17:23.420+0600][64.959s][info][gc,start    ] GC(91) Concurrent marking (unload classes)
[2026-04-03T03:17:23.420+0600][64.959s][info][gc,task     ] GC(91) Using 3 of 6 workers for concurrent marking
[2026-04-03T03:17:23.642+0600][65.180s][info][gc          ] GC(91) Concurrent marking (unload classes) 221.395ms
[2026-04-03T03:17:23.642+0600][65.180s][info][gc,start    ] GC(91) Pause Final Mark (unload classes)
[2026-04-03T03:17:23.642+0600][65.180s][info][gc,task     ] GC(91) Using 6 of 6 workers for final marking
[2026-04-03T03:17:23.642+0600][65.181s][info][gc,ergo     ] GC(91) Adaptive CSet Selection. Target Free: 106M, Actual Free: 330M, Max CSet: 32000K, Min Garbage: 0B
[2026-04-03T03:17:23.643+0600][65.181s][info][gc,ergo     ] GC(91) Collectable Garbage: 260M (97%), Immediate: 121M (45%), CSet: 138M (51%)
[2026-04-03T03:17:23.643+0600][65.181s][info][gc,ergo     ] GC(91) Pacer for Evacuation. Used CSet: 167M, Free: 295M, Non-Taxable: 30212K, Alloc Tax Rate: 1.4x
[2026-04-03T03:17:23.643+0600][65.181s][info][gc          ] GC(91) Pause Final Mark (unload classes) 0.898ms
[2026-04-03T03:17:23.643+0600][65.181s][info][gc,start    ] GC(91) Concurrent thread roots
[2026-04-03T03:17:23.643+0600][65.181s][info][gc,task     ] GC(91) Using 3 of 6 workers for Concurrent thread roots
[2026-04-03T03:17:23.643+0600][65.182s][info][gc          ] GC(91) Concurrent thread roots 0.565ms
[2026-04-03T03:17:23.643+0600][65.182s][info][gc,start    ] GC(91) Concurrent weak references
[2026-04-03T03:17:23.643+0600][65.182s][info][gc,task     ] GC(91) Using 3 of 6 workers for concurrent weak references
[2026-04-03T03:17:23.644+0600][65.182s][info][gc,ref      ] GC(91) Encountered references: Soft: 3302, Weak: 6361, Final: 84, Phantom: 602
[2026-04-03T03:17:23.644+0600][65.182s][info][gc,ref      ] GC(91) Discovered  references: Soft: 0, Weak: 762, Final: 48, Phantom: 347
[2026-04-03T03:17:23.644+0600][65.182s][info][gc,ref      ] GC(91) Enqueued    references: Soft: 0, Weak: 0, Final: 0, Phantom: 0
[2026-04-03T03:17:23.644+0600][65.182s][info][gc          ] GC(91) Concurrent weak references 0.374ms
[2026-04-03T03:17:23.644+0600][65.182s][info][gc,start    ] GC(91) Concurrent weak roots
[2026-04-03T03:17:23.644+0600][65.182s][info][gc,task     ] GC(91) Using 3 of 6 workers for concurrent weak root
[2026-04-03T03:17:23.646+0600][65.185s][info][gc          ] GC(91) Concurrent weak roots 2.431ms
[2026-04-03T03:17:23.646+0600][65.185s][info][gc,start    ] GC(91) Concurrent cleanup
[2026-04-03T03:17:23.647+0600][65.185s][info][gc          ] GC(91) Concurrent cleanup 537M->415M(672M) 0.564ms
[2026-04-03T03:17:23.647+0600][65.185s][info][gc,ergo     ] GC(91) Free: 293M, Max: 256K regular, 131M humongous, Frag: 56% external, 0% internal; Reserve: 38261K, Max: 256K
[2026-04-03T03:17:23.647+0600][65.185s][info][gc,start    ] GC(91) Concurrent class unloading
[2026-04-03T03:17:23.647+0600][65.185s][info][gc,task     ] GC(91) Using 3 of 6 workers for concurrent class unloading
[2026-04-03T03:17:23.653+0600][65.191s][info][gc          ] GC(91) Concurrent class unloading 5.639ms
[2026-04-03T03:17:23.653+0600][65.191s][info][gc,start    ] GC(91) Concurrent strong roots
[2026-04-03T03:17:23.653+0600][65.191s][info][gc,task     ] GC(91) Using 3 of 6 workers for concurrent strong root
[2026-04-03T03:17:23.653+0600][65.192s][info][gc          ] GC(91) Concurrent strong roots 0.724ms
[2026-04-03T03:17:23.653+0600][65.192s][info][gc,start    ] GC(91) Concurrent evacuation
[2026-04-03T03:17:23.653+0600][65.192s][info][gc,task     ] GC(91) Using 3 of 6 workers for concurrent evacuation
[2026-04-03T03:17:23.676+0600][65.214s][info][gc          ] GC(91) Concurrent evacuation 22.306ms
[2026-04-03T03:17:23.676+0600][65.214s][info][gc,start    ] GC(91) Pause Init Update Refs
[2026-04-03T03:17:23.676+0600][65.214s][info][gc,ergo     ] GC(91) Pacer for Update Refs. Used: 456M, Free: 282M, Non-Taxable: 28884K, Alloc Tax Rate: 2.0x
[2026-04-03T03:17:23.676+0600][65.215s][info][gc          ] GC(91) Pause Init Update Refs 0.142ms
[2026-04-03T03:17:23.676+0600][65.215s][info][gc,start    ] GC(91) Concurrent update references
[2026-04-03T03:17:23.676+0600][65.215s][info][gc,task     ] GC(91) Using 3 of 6 workers for concurrent reference update
[2026-04-03T03:17:23.804+0600][65.342s][info][gc          ] GC(91) Concurrent update references 127.491ms
[2026-04-03T03:17:23.804+0600][65.342s][info][gc,start    ] GC(91) Concurrent update thread roots
[2026-04-03T03:17:23.805+0600][65.343s][info][gc          ] GC(91) Concurrent update thread roots 1.028ms
[2026-04-03T03:17:23.805+0600][65.344s][info][gc,start    ] GC(91) Pause Final Update Refs
[2026-04-03T03:17:23.805+0600][65.344s][info][gc,task     ] GC(91) Using 6 of 6 workers for final reference update
[2026-04-03T03:17:23.805+0600][65.344s][info][gc          ] GC(91) Pause Final Update Refs 0.239ms
[2026-04-03T03:17:23.806+0600][65.344s][info][gc,start    ] GC(91) Concurrent cleanup
[2026-04-03T03:17:23.806+0600][65.344s][info][gc          ] GC(91) Concurrent cleanup 505M->338M(672M) 0.317ms
[2026-04-03T03:17:23.806+0600][65.344s][info][gc,ergo     ] Free: 370M, Max: 256K regular, 131M humongous, Frag: 65% external, 0% internal; Reserve: 38400K, Max: 256K
[2026-04-03T03:17:23.806+0600][65.344s][info][gc,stats    ] 
[2026-04-03T03:17:23.806+0600][65.344s][info][gc,stats    ] All times are wall-clock times, except per-root-class counters, that are sum over
[2026-04-03T03:17:23.806+0600][65.344s][info][gc,stats    ] all workers. Dividing the <total> over the root stage time estimates parallelism.
[2026-04-03T03:17:23.806+0600][65.344s][info][gc,stats    ] 
[2026-04-03T03:17:23.806+0600][65.344s][info][gc,stats    ] Concurrent Reset                   1233 us
[2026-04-03T03:17:23.806+0600][65.344s][info][gc,stats    ] Pause Init Mark (G)                 412 us
[2026-04-03T03:17:23.806+0600][65.344s][info][gc,stats    ] Pause Init Mark (N)                 126 us
[2026-04-03T03:17:23.806+0600][65.344s][info][gc,stats    ]   Update Region States               36 us
[2026-04-03T03:17:23.806+0600][65.344s][info][gc,stats    ] Concurrent Mark Roots               818 us, parallelism: 1.74x
[2026-04-03T03:17:23.806+0600][65.344s][info][gc,stats    ]   CMR: <total>                     1424 us
[2026-04-03T03:17:23.806+0600][65.344s][info][gc,stats    ]   CMR: Thread Roots                1226 us, workers (us): 311, 474, 441, ---, ---, ---, 
[2026-04-03T03:17:23.806+0600][65.345s][info][gc,stats    ]   CMR: VM Strong Roots               31 us, workers (us):  17,  14,   0, ---, ---, ---, 
[2026-04-03T03:17:23.806+0600][65.345s][info][gc,stats    ]   CMR: CLDG Roots                   167 us, workers (us): 167, ---, ---, ---, ---, ---, 
[2026-04-03T03:17:23.806+0600][65.345s][info][gc,stats    ] Concurrent Marking               221469 us
[2026-04-03T03:17:23.806+0600][65.345s][info][gc,stats    ] Pause Final Mark (G)               1111 us
[2026-04-03T03:17:23.806+0600][65.345s][info][gc,stats    ] Pause Final Mark (N)                927 us
[2026-04-03T03:17:23.806+0600][65.345s][info][gc,stats    ]   Finish Mark                       344 us
[2026-04-03T03:17:23.806+0600][65.345s][info][gc,stats    ]   Update Region States               48 us
[2026-04-03T03:17:23.806+0600][65.345s][info][gc,stats    ]   Choose Collection Set             375 us
[2026-04-03T03:17:23.806+0600][65.345s][info][gc,stats    ]   Rebuild Free Set                   36 us
[2026-04-03T03:17:23.806+0600][65.345s][info][gc,stats    ] Concurrent Thread Roots             602 us, parallelism: 1.96x
[2026-04-03T03:17:23.806+0600][65.345s][info][gc,stats    ]   CTR: <total>                     1178 us
[2026-04-03T03:17:23.806+0600][65.345s][info][gc,stats    ]   CTR: Thread Roots                1178 us, workers (us): 427, 376, 375, ---, ---, ---, 
[2026-04-03T03:17:23.806+0600][65.345s][info][gc,stats    ] Concurrent Weak References          384 us, parallelism: 0.58x
[2026-04-03T03:17:23.806+0600][65.345s][info][gc,stats    ]   CWRF: <total>                     221 us
[2026-04-03T03:17:23.806+0600][65.345s][info][gc,stats    ]   CWRF: Weak References             221 us, workers (us): 219,   1,   1, ---, ---, ---, 
[2026-04-03T03:17:23.806+0600][65.345s][info][gc,stats    ] Concurrent Weak Roots              2497 us
[2026-04-03T03:17:23.806+0600][65.345s][info][gc,stats    ]   Roots                            2210 us, parallelism: 2.56x
[2026-04-03T03:17:23.806+0600][65.345s][info][gc,stats    ]     CWR: <total>                   5660 us
[2026-04-03T03:17:23.806+0600][65.345s][info][gc,stats    ]     CWR: Code Cache Roots          3983 us, workers (us): 1353, 1375, 1256, ---, ---, ---, 
[2026-04-03T03:17:23.806+0600][65.345s][info][gc,stats    ]     CWR: VM Weak Roots             1563 us, workers (us): 548, 535, 479, ---, ---, ---, 
[2026-04-03T03:17:23.806+0600][65.345s][info][gc,stats    ]     CWR: CLDG Roots                 114 us, workers (us): ---, ---, 114, ---, ---, ---, 
[2026-04-03T03:17:23.806+0600][65.345s][info][gc,stats    ]   Rendezvous                        195 us
[2026-04-03T03:17:23.806+0600][65.345s][info][gc,stats    ] Concurrent Cleanup                  586 us
[2026-04-03T03:17:23.806+0600][65.345s][info][gc,stats    ] Concurrent Class Unloading         5685 us
[2026-04-03T03:17:23.806+0600][65.345s][info][gc,stats    ]   Unlink Stale                     5305 us
[2026-04-03T03:17:23.806+0600][65.345s][info][gc,stats    ]     System Dictionary                79 us
[2026-04-03T03:17:23.806+0600][65.345s][info][gc,stats    ]     Weak Class Links                  0 us
[2026-04-03T03:17:23.806+0600][65.345s][info][gc,stats    ]     Code Roots                     5224 us
[2026-04-03T03:17:23.806+0600][65.345s][info][gc,stats    ]   Rendezvous                        229 us
[2026-04-03T03:17:23.806+0600][65.345s][info][gc,stats    ]   Purge Unlinked                     63 us
[2026-04-03T03:17:23.806+0600][65.345s][info][gc,stats    ]     Code Roots                       56 us
[2026-04-03T03:17:23.806+0600][65.345s][info][gc,stats    ]     CLDG                              7 us
[2026-04-03T03:17:23.806+0600][65.345s][info][gc,stats    ]     Exception Caches                  0 us
[2026-04-03T03:17:23.806+0600][65.345s][info][gc,stats    ] Concurrent Strong Roots             746 us, parallelism: 0.67x
[2026-04-03T03:17:23.806+0600][65.345s][info][gc,stats    ]   CSR: <total>                      498 us
[2026-04-03T03:17:23.806+0600][65.345s][info][gc,stats    ]   CSR: VM Strong Roots               29 us, workers (us):  16,  13,   0, ---, ---, ---, 
[2026-04-03T03:17:23.806+0600][65.345s][info][gc,stats    ]   CSR: CLDG Roots                   469 us, workers (us): ---, 469, ---, ---, ---, ---, 
[2026-04-03T03:17:23.807+0600][65.345s][info][gc,stats    ] Concurrent Evacuation             22505 us
[2026-04-03T03:17:23.807+0600][65.345s][info][gc,stats    ] Pause Init Update Refs (G)          423 us
[2026-04-03T03:17:23.807+0600][65.345s][info][gc,stats    ] Pause Init Update Refs (N)          156 us
[2026-04-03T03:17:23.807+0600][65.345s][info][gc,stats    ]   Manage GCLABs                      23 us
[2026-04-03T03:17:23.807+0600][65.345s][info][gc,stats    ] Concurrent Update Refs           127622 us
[2026-04-03T03:17:23.807+0600][65.345s][info][gc,stats    ] Concurrent Update Thread Roots     1099 us
[2026-04-03T03:17:23.807+0600][65.345s][info][gc,stats    ] Pause Final Update Refs (G)         566 us
[2026-04-03T03:17:23.807+0600][65.345s][info][gc,stats    ] Pause Final Update Refs (N)         256 us
[2026-04-03T03:17:23.807+0600][65.345s][info][gc,stats    ]   Update Region States               62 us
[2026-04-03T03:17:23.807+0600][65.345s][info][gc,stats    ]   Trash Collection Set               24 us
[2026-04-03T03:17:23.807+0600][65.345s][info][gc,stats    ]   Rebuild Free Set                   45 us
[2026-04-03T03:17:23.807+0600][65.345s][info][gc,stats    ] Concurrent Cleanup                  353 us
[2026-04-03T03:17:23.807+0600][65.345s][info][gc,stats    ] Pacing                           373642 us
[2026-04-03T03:17:23.807+0600][65.345s][info][gc,stats    ] 
[2026-04-03T03:17:23.807+0600][65.345s][info][gc,stats    ] Allocation pacing accrued:
[2026-04-03T03:17:23.807+0600][65.345s][info][gc,stats    ]     117 of   894 ms ( 13.1%): Executor task launch worker for task 2.0 in stage 15.0 (TID 26)
[2026-04-03T03:17:23.807+0600][65.345s][info][gc,stats    ]     145 of   894 ms ( 16.2%): Executor task launch worker for task 0.0 in stage 15.0 (TID 24)
[2026-04-03T03:17:23.807+0600][65.345s][info][gc,stats    ]     112 of   894 ms ( 12.5%): Executor task launch worker for task 1.0 in stage 15.0 (TID 25)
[2026-04-03T03:17:23.807+0600][65.345s][info][gc,stats    ]     374 of   894 ms ( 41.8%): <total>
[2026-04-03T03:17:23.807+0600][65.345s][info][gc,stats    ]       3 of   894 ms (  0.3%): <average total>
[2026-04-03T03:17:23.807+0600][65.345s][info][gc,stats    ]     125 of   894 ms ( 13.9%): <average non-zero>
[2026-04-03T03:17:23.807+0600][65.345s][info][gc,stats    ] 
[2026-04-03T03:17:23.807+0600][65.345s][info][gc,metaspace] Metaspace: 73074K(73984K)->73074K(73984K) NonClass: 63772K(64256K)->63772K(64256K) Class: 9302K(9728K)->9302K(9728K)
[2026-04-03T03:17:23.807+0600][65.345s][info][gc,ergo     ] Pacer for Idle. Initial: 15360K, Alloc Tax Rate: 1.0x
[2026-04-03T03:17:23.909+0600][65.447s][info][gc          ] Trigger: Average GC time (511.41 ms) is above the time for average allocation rate (576 MB/s) to deplete free headroom (256M) (margin of error = 1.98)
[2026-04-03T03:17:23.909+0600][65.447s][info][gc,ergo     ] Free headroom: 293M (free) - 38400K (spike) - 0B (penalties) = 256M
[2026-04-03T03:17:23.909+0600][65.447s][info][gc,ergo     ] Free: 293M, Max: 256K regular, 131M humongous, Frag: 56% external, 0% internal; Reserve: 38400K, Max: 256K
[2026-04-03T03:17:23.909+0600][65.447s][info][gc,start    ] GC(92) Concurrent reset
[2026-04-03T03:17:23.909+0600][65.447s][info][gc,task     ] GC(92) Using 3 of 6 workers for concurrent reset
[2026-04-03T03:17:23.909+0600][65.447s][info][gc,ergo     ] GC(92) Pacer for Reset. Non-Taxable: 750M
[2026-04-03T03:17:23.910+0600][65.449s][info][gc          ] GC(92) Concurrent reset 1.268ms
[2026-04-03T03:17:23.911+0600][65.449s][info][gc,start    ] GC(92) Pause Init Mark (unload classes)
[2026-04-03T03:17:23.911+0600][65.449s][info][gc,task     ] GC(92) Using 6 of 6 workers for init marking
[2026-04-03T03:17:23.911+0600][65.449s][info][gc,ergo     ] GC(92) Pacer for Mark. Expected Live: 208M, Free: 292M, Non-Taxable: 29984K, Alloc Tax Rate: 0.9x
[2026-04-03T03:17:23.911+0600][65.449s][info][gc          ] GC(92) Pause Init Mark (unload classes) 0.129ms
[2026-04-03T03:17:23.911+0600][65.449s][info][gc,start    ] GC(92) Concurrent marking roots
[2026-04-03T03:17:23.911+0600][65.449s][info][gc,task     ] GC(92) Using 3 of 6 workers for concurrent marking roots
[2026-04-03T03:17:23.912+0600][65.450s][info][gc          ] GC(92) Concurrent marking roots 0.867ms
[2026-04-03T03:17:23.912+0600][65.450s][info][gc,start    ] GC(92) Concurrent marking (unload classes)
[2026-04-03T03:17:23.912+0600][65.450s][info][gc,task     ] GC(92) Using 3 of 6 workers for concurrent marking
[2026-04-03T03:17:24.152+0600][65.690s][info][gc          ] GC(92) Concurrent marking (unload classes) 240.216ms
[2026-04-03T03:17:24.152+0600][65.691s][info][gc,start    ] GC(92) Pause Final Mark (unload classes)
[2026-04-03T03:17:24.152+0600][65.691s][info][gc,task     ] GC(92) Using 6 of 6 workers for final marking
[2026-04-03T03:17:24.153+0600][65.691s][info][gc,ergo     ] GC(92) Adaptive CSet Selection. Target Free: 106M, Actual Free: 349M, Max CSet: 32000K, Min Garbage: 0B
[2026-04-03T03:17:24.153+0600][65.692s][info][gc,ergo     ] GC(92) Collectable Garbage: 216M (97%), Immediate: 76288K (33%), CSet: 141M (63%)
[2026-04-03T03:17:24.153+0600][65.692s][info][gc,ergo     ] GC(92) Pacer for Evacuation. Used CSet: 164M, Free: 313M, Non-Taxable: 32109K, Alloc Tax Rate: 1.3x
[2026-04-03T03:17:24.153+0600][65.692s][info][gc          ] GC(92) Pause Final Mark (unload classes) 1.173ms
[2026-04-03T03:17:24.154+0600][65.692s][info][gc,start    ] GC(92) Concurrent thread roots
[2026-04-03T03:17:24.154+0600][65.692s][info][gc,task     ] GC(92) Using 3 of 6 workers for Concurrent thread roots
[2026-04-03T03:17:24.154+0600][65.693s][info][gc          ] GC(92) Concurrent thread roots 0.705ms
[2026-04-03T03:17:24.154+0600][65.693s][info][gc,start    ] GC(92) Concurrent weak references
[2026-04-03T03:17:24.154+0600][65.693s][info][gc,task     ] GC(92) Using 3 of 6 workers for concurrent weak references
[2026-04-03T03:17:24.155+0600][65.693s][info][gc,ref      ] GC(92) Encountered references: Soft: 3302, Weak: 6361, Final: 84, Phantom: 610
[2026-04-03T03:17:24.155+0600][65.693s][info][gc,ref      ] GC(92) Discovered  references: Soft: 0, Weak: 3103, Final: 84, Phantom: 599
[2026-04-03T03:17:24.155+0600][65.693s][info][gc,ref      ] GC(92) Enqueued    references: Soft: 0, Weak: 0, Final: 0, Phantom: 0
[2026-04-03T03:17:24.155+0600][65.693s][info][gc          ] GC(92) Concurrent weak references 0.543ms
[2026-04-03T03:17:24.155+0600][65.693s][info][gc,start    ] GC(92) Concurrent weak roots
[2026-04-03T03:17:24.155+0600][65.693s][info][gc,task     ] GC(92) Using 3 of 6 workers for concurrent weak root
[2026-04-03T03:17:24.157+0600][65.695s][info][gc          ] GC(92) Concurrent weak roots 2.163ms
[2026-04-03T03:17:24.157+0600][65.695s][info][gc,start    ] GC(92) Concurrent cleanup
[2026-04-03T03:17:24.158+0600][65.696s][info][gc          ] GC(92) Concurrent cleanup 473M->398M(672M) 0.505ms
[2026-04-03T03:17:24.158+0600][65.696s][info][gc,ergo     ] GC(92) Free: 311M, Max: 256K regular, 131M humongous, Frag: 58% external, 0% internal; Reserve: 38063K, Max: 256K
[2026-04-03T03:17:24.158+0600][65.696s][info][gc,start    ] GC(92) Concurrent class unloading
[2026-04-03T03:17:24.158+0600][65.696s][info][gc,task     ] GC(92) Using 3 of 6 workers for concurrent class unloading
[2026-04-03T03:17:24.164+0600][65.703s][info][gc          ] GC(92) Concurrent class unloading 6.481ms
[2026-04-03T03:17:24.164+0600][65.703s][info][gc,start    ] GC(92) Concurrent strong roots
[2026-04-03T03:17:24.164+0600][65.703s][info][gc,task     ] GC(92) Using 3 of 6 workers for concurrent strong root
[2026-04-03T03:17:24.165+0600][65.703s][info][gc          ] GC(92) Concurrent strong roots 0.785ms
[2026-04-03T03:17:24.165+0600][65.703s][info][gc,start    ] GC(92) Concurrent evacuation
[2026-04-03T03:17:24.165+0600][65.703s][info][gc,task     ] GC(92) Using 3 of 6 workers for concurrent evacuation
[2026-04-03T03:17:24.185+0600][65.723s][info][gc          ] GC(92) Concurrent evacuation 19.967ms
[2026-04-03T03:17:24.185+0600][65.724s][info][gc,start    ] GC(92) Pause Init Update Refs
[2026-04-03T03:17:24.186+0600][65.724s][info][gc,ergo     ] GC(92) Pacer for Update Refs. Used: 437M, Free: 295M, Non-Taxable: 30215K, Alloc Tax Rate: 1.8x
[2026-04-03T03:17:24.186+0600][65.724s][info][gc          ] GC(92) Pause Init Update Refs 0.162ms
[2026-04-03T03:17:24.186+0600][65.724s][info][gc,start    ] GC(92) Concurrent update references
[2026-04-03T03:17:24.186+0600][65.724s][info][gc,task     ] GC(92) Using 3 of 6 workers for concurrent reference update
[2026-04-03T03:17:24.314+0600][65.852s][info][gc          ] GC(92) Concurrent update references 128.032ms
[2026-04-03T03:17:24.314+0600][65.852s][info][gc,start    ] GC(92) Concurrent update thread roots
[2026-04-03T03:17:24.315+0600][65.854s][info][gc          ] GC(92) Concurrent update thread roots 1.297ms
[2026-04-03T03:17:24.315+0600][65.854s][info][gc,start    ] GC(92) Pause Final Update Refs
[2026-04-03T03:17:24.316+0600][65.854s][info][gc,task     ] GC(92) Using 6 of 6 workers for final reference update
[2026-04-03T03:17:24.316+0600][65.854s][info][gc          ] GC(92) Pause Final Update Refs 0.191ms
[2026-04-03T03:17:24.316+0600][65.854s][info][gc,start    ] GC(92) Concurrent cleanup
[2026-04-03T03:17:24.316+0600][65.854s][info][gc          ] GC(92) Concurrent cleanup 521M->356M(672M) 0.305ms
[2026-04-03T03:17:24.316+0600][65.855s][info][gc,ergo     ] Free: 352M, Max: 256K regular, 138M humongous, Frag: 61% external, 0% internal; Reserve: 38400K, Max: 256K
[2026-04-03T03:17:24.316+0600][65.855s][info][gc,stats    ] 
[2026-04-03T03:17:24.316+0600][65.855s][info][gc,stats    ] All times are wall-clock times, except per-root-class counters, that are sum over
[2026-04-03T03:17:24.316+0600][65.855s][info][gc,stats    ] all workers. Dividing the <total> over the root stage time estimates parallelism.
[2026-04-03T03:17:24.316+0600][65.855s][info][gc,stats    ] 
[2026-04-03T03:17:24.316+0600][65.855s][info][gc,stats    ] Concurrent Reset                   1329 us
[2026-04-03T03:17:24.316+0600][65.855s][info][gc,stats    ] Pause Init Mark (G)                 481 us
[2026-04-03T03:17:24.316+0600][65.855s][info][gc,stats    ] Pause Init Mark (N)                 141 us
[2026-04-03T03:17:24.316+0600][65.855s][info][gc,stats    ]   Update Region States               35 us
[2026-04-03T03:17:24.316+0600][65.855s][info][gc,stats    ] Concurrent Mark Roots               928 us, parallelism: 1.62x
[2026-04-03T03:17:24.316+0600][65.855s][info][gc,stats    ]   CMR: <total>                     1504 us
[2026-04-03T03:17:24.316+0600][65.855s][info][gc,stats    ]   CMR: Thread Roots                1187 us, workers (us): 230, 506, 452, ---, ---, ---, 
[2026-04-03T03:17:24.316+0600][65.855s][info][gc,stats    ]   CMR: VM Strong Roots               37 us, workers (us):  21,  15,   1, ---, ---, ---, 
[2026-04-03T03:17:24.316+0600][65.855s][info][gc,stats    ]   CMR: CLDG Roots                   280 us, workers (us): 280, ---, ---, ---, ---, ---, 
[2026-04-03T03:17:24.316+0600][65.855s][info][gc,stats    ] Concurrent Marking               240292 us
[2026-04-03T03:17:24.316+0600][65.855s][info][gc,stats    ] Pause Final Mark (G)               1556 us
[2026-04-03T03:17:24.316+0600][65.855s][info][gc,stats    ] Pause Final Mark (N)               1185 us
[2026-04-03T03:17:24.316+0600][65.855s][info][gc,stats    ]   Finish Mark                       257 us
[2026-04-03T03:17:24.316+0600][65.855s][info][gc,stats    ]   Update Region States               57 us
[2026-04-03T03:17:24.316+0600][65.855s][info][gc,stats    ]   Choose Collection Set             658 us
[2026-04-03T03:17:24.316+0600][65.855s][info][gc,stats    ]   Rebuild Free Set                   70 us
[2026-04-03T03:17:24.316+0600][65.855s][info][gc,stats    ] Concurrent Thread Roots             753 us, parallelism: 1.87x
[2026-04-03T03:17:24.316+0600][65.855s][info][gc,stats    ]   CTR: <total>                     1407 us
[2026-04-03T03:17:24.316+0600][65.855s][info][gc,stats    ]   CTR: Thread Roots                1407 us, workers (us): 524, 454, 429, ---, ---, ---, 
[2026-04-03T03:17:24.316+0600][65.855s][info][gc,stats    ] Concurrent Weak References          557 us, parallelism: 0.81x
[2026-04-03T03:17:24.316+0600][65.855s][info][gc,stats    ]   CWRF: <total>                     449 us
[2026-04-03T03:17:24.316+0600][65.855s][info][gc,stats    ]   CWRF: Weak References             449 us, workers (us): 345,  16,  89, ---, ---, ---, 
[2026-04-03T03:17:24.316+0600][65.855s][info][gc,stats    ] Concurrent Weak Roots              2221 us
[2026-04-03T03:17:24.317+0600][65.855s][info][gc,stats    ]   Roots                            1971 us, parallelism: 2.62x
[2026-04-03T03:17:24.317+0600][65.855s][info][gc,stats    ]     CWR: <total>                   5160 us
[2026-04-03T03:17:24.317+0600][65.855s][info][gc,stats    ]     CWR: Code Cache Roots          3613 us, workers (us): 1198, 1165, 1249, ---, ---, ---, 
[2026-04-03T03:17:24.317+0600][65.855s][info][gc,stats    ]     CWR: VM Weak Roots             1467 us, workers (us): 528, 484, 454, ---, ---, ---, 
[2026-04-03T03:17:24.317+0600][65.855s][info][gc,stats    ]     CWR: CLDG Roots                  81 us, workers (us): ---,  81, ---, ---, ---, ---, 
[2026-04-03T03:17:24.317+0600][65.855s][info][gc,stats    ]   Rendezvous                        162 us
[2026-04-03T03:17:24.317+0600][65.855s][info][gc,stats    ] Concurrent Cleanup                  521 us
[2026-04-03T03:17:24.317+0600][65.855s][info][gc,stats    ] Concurrent Class Unloading         6559 us
[2026-04-03T03:17:24.317+0600][65.855s][info][gc,stats    ]   Unlink Stale                     6035 us
[2026-04-03T03:17:24.317+0600][65.855s][info][gc,stats    ]     System Dictionary                95 us
[2026-04-03T03:17:24.317+0600][65.855s][info][gc,stats    ]     Weak Class Links                  0 us
[2026-04-03T03:17:24.317+0600][65.855s][info][gc,stats    ]     Code Roots                     5936 us
[2026-04-03T03:17:24.317+0600][65.855s][info][gc,stats    ]   Rendezvous                        291 us
[2026-04-03T03:17:24.317+0600][65.855s][info][gc,stats    ]   Purge Unlinked                    129 us
[2026-04-03T03:17:24.317+0600][65.855s][info][gc,stats    ]     Code Roots                      116 us
[2026-04-03T03:17:24.317+0600][65.855s][info][gc,stats    ]     CLDG                             12 us
[2026-04-03T03:17:24.317+0600][65.855s][info][gc,stats    ]     Exception Caches                  0 us
[2026-04-03T03:17:24.317+0600][65.855s][info][gc,stats    ] Concurrent Strong Roots             851 us, parallelism: 0.63x
[2026-04-03T03:17:24.317+0600][65.855s][info][gc,stats    ]   CSR: <total>                      534 us
[2026-04-03T03:17:24.317+0600][65.855s][info][gc,stats    ]   CSR: VM Strong Roots               37 us, workers (us):  21,  16,   0, ---, ---, ---, 
[2026-04-03T03:17:24.317+0600][65.855s][info][gc,stats    ]   CSR: CLDG Roots                   497 us, workers (us): ---, 497, ---, ---, ---, ---, 
[2026-04-03T03:17:24.317+0600][65.855s][info][gc,stats    ] Concurrent Evacuation             20075 us
[2026-04-03T03:17:24.317+0600][65.855s][info][gc,stats    ] Pause Init Update Refs (G)          604 us
[2026-04-03T03:17:24.317+0600][65.855s][info][gc,stats    ] Pause Init Update Refs (N)          194 us
[2026-04-03T03:17:24.317+0600][65.855s][info][gc,stats    ]   Manage GCLABs                      29 us
[2026-04-03T03:17:24.317+0600][65.855s][info][gc,stats    ] Concurrent Update Refs           128145 us
[2026-04-03T03:17:24.317+0600][65.855s][info][gc,stats    ] Concurrent Update Thread Roots     1347 us
[2026-04-03T03:17:24.317+0600][65.855s][info][gc,stats    ] Pause Final Update Refs (G)         535 us
[2026-04-03T03:17:24.317+0600][65.855s][info][gc,stats    ] Pause Final Update Refs (N)         210 us
[2026-04-03T03:17:24.317+0600][65.855s][info][gc,stats    ]   Update Region States               61 us
[2026-04-03T03:17:24.317+0600][65.855s][info][gc,stats    ]   Trash Collection Set               22 us
[2026-04-03T03:17:24.317+0600][65.855s][info][gc,stats    ]   Rebuild Free Set                   43 us
[2026-04-03T03:17:24.317+0600][65.855s][info][gc,stats    ] Concurrent Cleanup                  329 us
[2026-04-03T03:17:24.317+0600][65.855s][info][gc,stats    ] Pacing                           399438 us
[2026-04-03T03:17:24.317+0600][65.855s][info][gc,stats    ] 
[2026-04-03T03:17:24.317+0600][65.855s][info][gc,stats    ] Allocation pacing accrued:
[2026-04-03T03:17:24.317+0600][65.855s][info][gc,stats    ]     133 of   510 ms ( 26.0%): Executor task launch worker for task 2.0 in stage 15.0 (TID 26)
[2026-04-03T03:17:24.317+0600][65.855s][info][gc,stats    ]     136 of   510 ms ( 26.7%): Executor task launch worker for task 0.0 in stage 15.0 (TID 24)
[2026-04-03T03:17:24.317+0600][65.855s][info][gc,stats    ]     130 of   510 ms ( 25.6%): Executor task launch worker for task 1.0 in stage 15.0 (TID 25)
[2026-04-03T03:17:24.317+0600][65.855s][info][gc,stats    ]     399 of   510 ms ( 78.3%): <total>
[2026-04-03T03:17:24.317+0600][65.855s][info][gc,stats    ]       3 of   510 ms (  0.6%): <average total>
[2026-04-03T03:17:24.317+0600][65.855s][info][gc,stats    ]     133 of   510 ms ( 26.1%): <average non-zero>
[2026-04-03T03:17:24.317+0600][65.855s][info][gc,stats    ] 
[2026-04-03T03:17:24.317+0600][65.855s][info][gc,metaspace] Metaspace: 73074K(73984K)->73074K(73984K) NonClass: 63772K(64256K)->63772K(64256K) Class: 9302K(9728K)->9302K(9728K)
[2026-04-03T03:17:24.317+0600][65.855s][info][gc,ergo     ] Pacer for Idle. Initial: 15360K, Alloc Tax Rate: 1.0x
[2026-04-03T03:17:24.384+0600][65.923s][info][gc          ] Trigger: Average GC time (480.72 ms) is above the time for average allocation rate (487 MB/s) to deplete free headroom (233M) (margin of error = 1.98)
[2026-04-03T03:17:24.384+0600][65.923s][info][gc,ergo     ] Free headroom: 271M (free) - 38400K (spike) - 0B (penalties) = 233M
[2026-04-03T03:17:24.384+0600][65.923s][info][gc,ergo     ] Free: 271M, Max: 256K regular, 138M humongous, Frag: 49% external, 0% internal; Reserve: 38400K, Max: 256K
[2026-04-03T03:17:24.384+0600][65.923s][info][gc,start    ] GC(93) Concurrent reset
[2026-04-03T03:17:24.385+0600][65.923s][info][gc,task     ] GC(93) Using 3 of 6 workers for concurrent reset
[2026-04-03T03:17:24.385+0600][65.923s][info][gc,ergo     ] GC(93) Pacer for Reset. Non-Taxable: 750M
[2026-04-03T03:17:24.386+0600][65.924s][info][gc          ] GC(93) Concurrent reset 1.131ms
[2026-04-03T03:17:24.386+0600][65.924s][info][gc,start    ] GC(93) Pause Init Mark (unload classes)
[2026-04-03T03:17:24.386+0600][65.924s][info][gc,task     ] GC(93) Using 6 of 6 workers for init marking
[2026-04-03T03:17:24.386+0600][65.924s][info][gc,ergo     ] GC(93) Pacer for Mark. Expected Live: 214M, Free: 269M, Non-Taxable: 27604K, Alloc Tax Rate: 1.0x
[2026-04-03T03:17:24.386+0600][65.924s][info][gc          ] GC(93) Pause Init Mark (unload classes) 0.140ms
[2026-04-03T03:17:24.386+0600][65.924s][info][gc,start    ] GC(93) Concurrent marking roots
[2026-04-03T03:17:24.386+0600][65.924s][info][gc,task     ] GC(93) Using 3 of 6 workers for concurrent marking roots
[2026-04-03T03:17:24.387+0600][65.925s][info][gc          ] GC(93) Concurrent marking roots 0.832ms
[2026-04-03T03:17:24.387+0600][65.925s][info][gc,start    ] GC(93) Concurrent marking (unload classes)
[2026-04-03T03:17:24.387+0600][65.925s][info][gc,task     ] GC(93) Using 3 of 6 workers for concurrent marking
[2026-04-03T03:17:24.633+0600][66.171s][info][gc          ] GC(93) Concurrent marking (unload classes) 245.732ms
[2026-04-03T03:17:24.633+0600][66.171s][info][gc,start    ] GC(93) Pause Final Mark (unload classes)
[2026-04-03T03:17:24.633+0600][66.171s][info][gc,task     ] GC(93) Using 6 of 6 workers for final marking
[2026-04-03T03:17:24.633+0600][66.172s][info][gc,ergo     ] GC(93) Adaptive CSet Selection. Target Free: 106M, Actual Free: 255M, Max CSet: 32000K, Min Garbage: 0B
[2026-04-03T03:17:24.634+0600][66.172s][info][gc,ergo     ] GC(93) Collectable Garbage: 229M (96%), Immediate: 2599K (1%), CSet: 227M (95%)
[2026-04-03T03:17:24.634+0600][66.172s][info][gc,ergo     ] GC(93) Pacer for Evacuation. Used CSet: 240M, Free: 219M, Non-Taxable: 22433K, Alloc Tax Rate: 2.7x
[2026-04-03T03:17:24.634+0600][66.172s][info][gc          ] GC(93) Pause Final Mark (unload classes) 1.040ms
[2026-04-03T03:17:24.634+0600][66.172s][info][gc,start    ] GC(93) Concurrent thread roots
[2026-04-03T03:17:24.634+0600][66.172s][info][gc,task     ] GC(93) Using 3 of 6 workers for Concurrent thread roots
[2026-04-03T03:17:24.635+0600][66.173s][info][gc          ] GC(93) Concurrent thread roots 0.607ms
[2026-04-03T03:17:24.635+0600][66.173s][info][gc,start    ] GC(93) Concurrent weak references
[2026-04-03T03:17:24.635+0600][66.173s][info][gc,task     ] GC(93) Using 3 of 6 workers for concurrent weak references
[2026-04-03T03:17:24.635+0600][66.173s][info][gc,ref      ] GC(93) Encountered references: Soft: 3302, Weak: 6361, Final: 84, Phantom: 602
[2026-04-03T03:17:24.635+0600][66.173s][info][gc,ref      ] GC(93) Discovered  references: Soft: 0, Weak: 998, Final: 2, Phantom: 599
[2026-04-03T03:17:24.635+0600][66.173s][info][gc,ref      ] GC(93) Enqueued    references: Soft: 0, Weak: 0, Final: 0, Phantom: 0
[2026-04-03T03:17:24.635+0600][66.173s][info][gc          ] GC(93) Concurrent weak references 0.374ms
[2026-04-03T03:17:24.635+0600][66.173s][info][gc,start    ] GC(93) Concurrent weak roots
[2026-04-03T03:17:24.635+0600][66.173s][info][gc,task     ] GC(93) Using 3 of 6 workers for concurrent weak root
[2026-04-03T03:17:24.637+0600][66.176s][info][gc          ] GC(93) Concurrent weak roots 2.262ms
[2026-04-03T03:17:24.637+0600][66.176s][info][gc,start    ] GC(93) Concurrent cleanup
[2026-04-03T03:17:24.638+0600][66.176s][info][gc          ] GC(93) Concurrent cleanup 493M->491M(672M) 0.179ms
[2026-04-03T03:17:24.638+0600][66.176s][info][gc,ergo     ] GC(93) Free: 218M, Max: 256K regular, 138M humongous, Frag: 37% external, 0% internal; Reserve: 38343K, Max: 256K
[2026-04-03T03:17:24.638+0600][66.176s][info][gc,start    ] GC(93) Concurrent class unloading
[2026-04-03T03:17:24.638+0600][66.176s][info][gc,task     ] GC(93) Using 3 of 6 workers for concurrent class unloading
[2026-04-03T03:17:24.644+0600][66.182s][info][gc          ] GC(93) Concurrent class unloading 6.329ms
[2026-04-03T03:17:24.644+0600][66.182s][info][gc,start    ] GC(93) Concurrent strong roots
[2026-04-03T03:17:24.644+0600][66.182s][info][gc,task     ] GC(93) Using 3 of 6 workers for concurrent strong root
[2026-04-03T03:17:24.645+0600][66.183s][info][gc          ] GC(93) Concurrent strong roots 0.712ms
[2026-04-03T03:17:24.645+0600][66.183s][info][gc,start    ] GC(93) Concurrent evacuation
[2026-04-03T03:17:24.645+0600][66.183s][info][gc,task     ] GC(93) Using 3 of 6 workers for concurrent evacuation
[2026-04-03T03:17:24.659+0600][66.198s][info][gc          ] GC(93) Concurrent evacuation 14.401ms
[2026-04-03T03:17:24.660+0600][66.198s][info][gc,start    ] GC(93) Pause Init Update Refs
[2026-04-03T03:17:24.660+0600][66.198s][info][gc,ergo     ] GC(93) Pacer for Update Refs. Used: 515M, Free: 207M, Non-Taxable: 21229K, Alloc Tax Rate: 3.0x
[2026-04-03T03:17:24.660+0600][66.198s][info][gc          ] GC(93) Pause Init Update Refs 0.171ms
[2026-04-03T03:17:24.660+0600][66.198s][info][gc,start    ] GC(93) Concurrent update references
[2026-04-03T03:17:24.660+0600][66.198s][info][gc,task     ] GC(93) Using 3 of 6 workers for concurrent reference update
[2026-04-03T03:17:24.782+0600][66.320s][info][gc          ] GC(93) Concurrent update references 121.981ms
[2026-04-03T03:17:24.782+0600][66.320s][info][gc,start    ] GC(93) Concurrent update thread roots
[2026-04-03T03:17:24.783+0600][66.321s][info][gc          ] GC(93) Concurrent update thread roots 0.898ms
[2026-04-03T03:17:24.783+0600][66.322s][info][gc,start    ] GC(93) Pause Final Update Refs
[2026-04-03T03:17:24.783+0600][66.322s][info][gc,task     ] GC(93) Using 6 of 6 workers for final reference update
[2026-04-03T03:17:24.784+0600][66.322s][info][gc          ] GC(93) Pause Final Update Refs 0.223ms
[2026-04-03T03:17:24.784+0600][66.322s][info][gc,start    ] GC(93) Concurrent cleanup
[2026-04-03T03:17:24.784+0600][66.323s][info][gc          ] GC(93) Concurrent cleanup 584M->344M(672M) 0.655ms
[2026-04-03T03:17:24.784+0600][66.323s][info][gc,ergo     ] Free: 364M, Max: 256K regular, 71680K humongous, Frag: 81% external, 0% internal; Reserve: 38400K, Max: 256K
[2026-04-03T03:17:24.785+0600][66.323s][info][gc,stats    ] 
[2026-04-03T03:17:24.785+0600][66.323s][info][gc,stats    ] All times are wall-clock times, except per-root-class counters, that are sum over
[2026-04-03T03:17:24.785+0600][66.323s][info][gc,stats    ] all workers. Dividing the <total> over the root stage time estimates parallelism.
[2026-04-03T03:17:24.785+0600][66.323s][info][gc,stats    ] 
[2026-04-03T03:17:24.785+0600][66.323s][info][gc,stats    ] Concurrent Reset                   1185 us
[2026-04-03T03:17:24.785+0600][66.323s][info][gc,stats    ] Pause Init Mark (G)                 379 us
[2026-04-03T03:17:24.785+0600][66.323s][info][gc,stats    ] Pause Init Mark (N)                 151 us
[2026-04-03T03:17:24.785+0600][66.323s][info][gc,stats    ]   Update Region States               59 us
[2026-04-03T03:17:24.785+0600][66.323s][info][gc,stats    ] Concurrent Mark Roots               870 us, parallelism: 1.61x
[2026-04-03T03:17:24.785+0600][66.323s][info][gc,stats    ]   CMR: <total>                     1398 us
[2026-04-03T03:17:24.785+0600][66.323s][info][gc,stats    ]   CMR: Thread Roots                1128 us, workers (us): 463, 221, 445, ---, ---, ---, 
[2026-04-03T03:17:24.785+0600][66.323s][info][gc,stats    ]   CMR: VM Strong Roots               32 us, workers (us):  17,  14,   0, ---, ---, ---, 
[2026-04-03T03:17:24.785+0600][66.323s][info][gc,stats    ]   CMR: CLDG Roots                   238 us, workers (us): ---, 238, ---, ---, ---, ---, 
[2026-04-03T03:17:24.785+0600][66.323s][info][gc,stats    ] Concurrent Marking               245832 us
[2026-04-03T03:17:24.785+0600][66.323s][info][gc,stats    ] Pause Final Mark (G)               1232 us
[2026-04-03T03:17:24.785+0600][66.323s][info][gc,stats    ] Pause Final Mark (N)               1053 us
[2026-04-03T03:17:24.785+0600][66.323s][info][gc,stats    ]   Finish Mark                       306 us
[2026-04-03T03:17:24.785+0600][66.323s][info][gc,stats    ]   Update Region States               53 us
[2026-04-03T03:17:24.785+0600][66.323s][info][gc,stats    ]   Choose Collection Set             539 us
[2026-04-03T03:17:24.785+0600][66.323s][info][gc,stats    ]   Rebuild Free Set                   32 us
[2026-04-03T03:17:24.785+0600][66.323s][info][gc,stats    ] Concurrent Thread Roots             675 us, parallelism: 1.81x
[2026-04-03T03:17:24.785+0600][66.323s][info][gc,stats    ]   CTR: <total>                     1219 us
[2026-04-03T03:17:24.785+0600][66.323s][info][gc,stats    ]   CTR: Thread Roots                1219 us, workers (us): 441, 408, 370, ---, ---, ---, 
[2026-04-03T03:17:24.785+0600][66.323s][info][gc,stats    ] Concurrent Weak References          387 us, parallelism: 0.71x
[2026-04-03T03:17:24.785+0600][66.323s][info][gc,stats    ]   CWRF: <total>                     275 us
[2026-04-03T03:17:24.785+0600][66.323s][info][gc,stats    ]   CWRF: Weak References             275 us, workers (us): 129, 145,   1, ---, ---, ---, 
[2026-04-03T03:17:24.785+0600][66.323s][info][gc,stats    ] Concurrent Weak Roots              2325 us
[2026-04-03T03:17:24.785+0600][66.323s][info][gc,stats    ]   Roots                            1991 us, parallelism: 2.51x
[2026-04-03T03:17:24.785+0600][66.323s][info][gc,stats    ]     CWR: <total>                   4999 us
[2026-04-03T03:17:24.785+0600][66.323s][info][gc,stats    ]     CWR: Code Cache Roots          3538 us, workers (us): 1042, 1238, 1257, ---, ---, ---, 
[2026-04-03T03:17:24.785+0600][66.323s][info][gc,stats    ]     CWR: VM Weak Roots             1374 us, workers (us): 482, 447, 445, ---, ---, ---, 
[2026-04-03T03:17:24.785+0600][66.323s][info][gc,stats    ]     CWR: CLDG Roots                  87 us, workers (us):  87, ---, ---, ---, ---, ---, 
[2026-04-03T03:17:24.785+0600][66.323s][info][gc,stats    ]   Rendezvous                        245 us
[2026-04-03T03:17:24.785+0600][66.323s][info][gc,stats    ] Concurrent Cleanup                  192 us
[2026-04-03T03:17:24.785+0600][66.323s][info][gc,stats    ] Concurrent Class Unloading         6410 us
[2026-04-03T03:17:24.785+0600][66.323s][info][gc,stats    ]   Unlink Stale                     5962 us
[2026-04-03T03:17:24.785+0600][66.323s][info][gc,stats    ]     System Dictionary               111 us
[2026-04-03T03:17:24.785+0600][66.323s][info][gc,stats    ]     Weak Class Links                  0 us
[2026-04-03T03:17:24.785+0600][66.323s][info][gc,stats    ]     Code Roots                     5847 us
[2026-04-03T03:17:24.785+0600][66.323s][info][gc,stats    ]   Rendezvous                        291 us
[2026-04-03T03:17:24.785+0600][66.323s][info][gc,stats    ]   Purge Unlinked                     41 us
[2026-04-03T03:17:24.785+0600][66.323s][info][gc,stats    ]     Code Roots                       32 us
[2026-04-03T03:17:24.785+0600][66.323s][info][gc,stats    ]     CLDG                              8 us
[2026-04-03T03:17:24.785+0600][66.323s][info][gc,stats    ]     Exception Caches                  0 us
[2026-04-03T03:17:24.785+0600][66.323s][info][gc,stats    ] Concurrent Strong Roots             769 us, parallelism: 0.57x
[2026-04-03T03:17:24.785+0600][66.323s][info][gc,stats    ]   CSR: <total>                      436 us
[2026-04-03T03:17:24.785+0600][66.323s][info][gc,stats    ]   CSR: VM Strong Roots               34 us, workers (us):  28,   7,   0, ---, ---, ---, 
[2026-04-03T03:17:24.785+0600][66.323s][info][gc,stats    ]   CSR: CLDG Roots                   401 us, workers (us): 401, ---, ---, ---, ---, ---, 
[2026-04-03T03:17:24.785+0600][66.323s][info][gc,stats    ] Concurrent Evacuation             14510 us
[2026-04-03T03:17:24.785+0600][66.323s][info][gc,stats    ] Pause Init Update Refs (G)          478 us
[2026-04-03T03:17:24.785+0600][66.323s][info][gc,stats    ] Pause Init Update Refs (N)          189 us
[2026-04-03T03:17:24.785+0600][66.323s][info][gc,stats    ]   Manage GCLABs                      24 us
[2026-04-03T03:17:24.785+0600][66.323s][info][gc,stats    ] Concurrent Update Refs           122106 us
[2026-04-03T03:17:24.785+0600][66.323s][info][gc,stats    ] Concurrent Update Thread Roots     1142 us
[2026-04-03T03:17:24.785+0600][66.323s][info][gc,stats    ] Pause Final Update Refs (G)         702 us
[2026-04-03T03:17:24.785+0600][66.323s][info][gc,stats    ] Pause Final Update Refs (N)         236 us
[2026-04-03T03:17:24.785+0600][66.323s][info][gc,stats    ]   Update Region States               49 us
[2026-04-03T03:17:24.785+0600][66.323s][info][gc,stats    ]   Trash Collection Set               20 us
[2026-04-03T03:17:24.785+0600][66.323s][info][gc,stats    ]   Rebuild Free Set                   41 us
[2026-04-03T03:17:24.785+0600][66.323s][info][gc,stats    ] Concurrent Cleanup                  676 us
[2026-04-03T03:17:24.785+0600][66.323s][info][gc,stats    ] Pacing                           502262 us
[2026-04-03T03:17:24.785+0600][66.323s][info][gc,stats    ] 
[2026-04-03T03:17:24.785+0600][66.323s][info][gc,stats    ] Allocation pacing accrued:
[2026-04-03T03:17:24.785+0600][66.323s][info][gc,stats    ]      11 of   468 ms (  2.4%): Spark Context Cleaner
[2026-04-03T03:17:24.785+0600][66.323s][info][gc,stats    ]     167 of   468 ms ( 35.6%): Executor task launch worker for task 2.0 in stage 15.0 (TID 26)
[2026-04-03T03:17:24.785+0600][66.323s][info][gc,stats    ]     157 of   468 ms ( 33.5%): Executor task launch worker for task 0.0 in stage 15.0 (TID 24)
[2026-04-03T03:17:24.785+0600][66.323s][info][gc,stats    ]     168 of   468 ms ( 35.8%): Executor task launch worker for task 1.0 in stage 15.0 (TID 25)
[2026-04-03T03:17:24.785+0600][66.323s][info][gc,stats    ]     502 of   468 ms (107.3%): <total>
[2026-04-03T03:17:24.785+0600][66.323s][info][gc,stats    ]       4 of   468 ms (  0.8%): <average total>
[2026-04-03T03:17:24.785+0600][66.323s][info][gc,stats    ]     126 of   468 ms ( 26.8%): <average non-zero>
[2026-04-03T03:17:24.785+0600][66.323s][info][gc,stats    ] 
[2026-04-03T03:17:24.785+0600][66.323s][info][gc,metaspace] Metaspace: 73074K(73984K)->73074K(73984K) NonClass: 63772K(64256K)->63772K(64256K) Class: 9302K(9728K)->9302K(9728K)
[2026-04-03T03:17:24.785+0600][66.323s][info][gc,ergo     ] Pacer for Idle. Initial: 15360K, Alloc Tax Rate: 1.0x
[2026-04-03T03:17:24.887+0600][66.425s][info][gc          ] Trigger: Average GC time (456.03 ms) is above the time for average allocation rate (763 MB/s) to deplete free headroom (215M) (margin of error = 1.98)
[2026-04-03T03:17:24.887+0600][66.425s][info][gc,ergo     ] Free headroom: 252M (free) - 38400K (spike) - 0B (penalties) = 215M
[2026-04-03T03:17:24.887+0600][66.426s][info][gc,ergo     ] Free: 252M, Max: 256K regular, 71680K humongous, Frag: 73% external, 0% internal; Reserve: 38400K, Max: 256K
[2026-04-03T03:17:24.887+0600][66.426s][info][gc,start    ] GC(94) Concurrent reset
[2026-04-03T03:17:24.887+0600][66.426s][info][gc,task     ] GC(94) Using 3 of 6 workers for concurrent reset
[2026-04-03T03:17:24.887+0600][66.426s][info][gc,ergo     ] GC(94) Pacer for Reset. Non-Taxable: 750M
[2026-04-03T03:17:24.889+0600][66.427s][info][gc          ] GC(94) Concurrent reset 1.373ms
[2026-04-03T03:17:24.889+0600][66.427s][info][gc,start    ] GC(94) Pause Init Mark (unload classes)
[2026-04-03T03:17:24.889+0600][66.427s][info][gc,task     ] GC(94) Using 6 of 6 workers for init marking
[2026-04-03T03:17:24.889+0600][66.427s][info][gc,ergo     ] GC(94) Pacer for Mark. Expected Live: 213M, Free: 250M, Non-Taxable: 25684K, Alloc Tax Rate: 1.0x
[2026-04-03T03:17:24.889+0600][66.427s][info][gc          ] GC(94) Pause Init Mark (unload classes) 0.185ms
[2026-04-03T03:17:24.889+0600][66.427s][info][gc,start    ] GC(94) Concurrent marking roots
[2026-04-03T03:17:24.889+0600][66.427s][info][gc,task     ] GC(94) Using 3 of 6 workers for concurrent marking roots
[2026-04-03T03:17:24.890+0600][66.428s][info][gc          ] GC(94) Concurrent marking roots 0.909ms
[2026-04-03T03:17:24.890+0600][66.428s][info][gc,start    ] GC(94) Concurrent marking (unload classes)
[2026-04-03T03:17:24.890+0600][66.428s][info][gc,task     ] GC(94) Using 3 of 6 workers for concurrent marking
[2026-04-03T03:17:25.124+0600][66.663s][info][gc          ] GC(94) Concurrent marking (unload classes) 234.110ms
[2026-04-03T03:17:25.124+0600][66.663s][info][gc,start    ] GC(94) Pause Final Mark (unload classes)
[2026-04-03T03:17:25.124+0600][66.663s][info][gc,task     ] GC(94) Using 6 of 6 workers for final marking
[2026-04-03T03:17:25.125+0600][66.663s][info][gc,ergo     ] GC(94) Adaptive CSet Selection. Target Free: 106M, Actual Free: 245M, Max CSet: 32000K, Min Garbage: 0B
[2026-04-03T03:17:25.125+0600][66.664s][info][gc,ergo     ] GC(94) Collectable Garbage: 234M (96%), Immediate: 9728K (3%), CSet: 225M (92%)
[2026-04-03T03:17:25.125+0600][66.664s][info][gc,ergo     ] GC(94) Pacer for Evacuation. Used CSet: 237M, Free: 208M, Non-Taxable: 21357K, Alloc Tax Rate: 2.8x
[2026-04-03T03:17:25.125+0600][66.664s][info][gc          ] GC(94) Pause Final Mark (unload classes) 0.938ms
[2026-04-03T03:17:25.125+0600][66.664s][info][gc,start    ] GC(94) Concurrent thread roots
[2026-04-03T03:17:25.125+0600][66.664s][info][gc,task     ] GC(94) Using 3 of 6 workers for Concurrent thread roots
[2026-04-03T03:17:25.126+0600][66.665s][info][gc          ] GC(94) Concurrent thread roots 0.805ms
[2026-04-03T03:17:25.126+0600][66.665s][info][gc,start    ] GC(94) Concurrent weak references
[2026-04-03T03:17:25.126+0600][66.665s][info][gc,task     ] GC(94) Using 3 of 6 workers for concurrent weak references
[2026-04-03T03:17:25.126+0600][66.665s][info][gc,ref      ] GC(94) Encountered references: Soft: 3302, Weak: 6361, Final: 84, Phantom: 602
[2026-04-03T03:17:25.126+0600][66.665s][info][gc,ref      ] GC(94) Discovered  references: Soft: 0, Weak: 207, Final: 0, Phantom: 346
[2026-04-03T03:17:25.126+0600][66.665s][info][gc,ref      ] GC(94) Enqueued    references: Soft: 0, Weak: 0, Final: 0, Phantom: 0
[2026-04-03T03:17:25.126+0600][66.665s][info][gc          ] GC(94) Concurrent weak references 0.232ms
[2026-04-03T03:17:25.126+0600][66.665s][info][gc,start    ] GC(94) Concurrent weak roots
[2026-04-03T03:17:25.127+0600][66.665s][info][gc,task     ] GC(94) Using 3 of 6 workers for concurrent weak root
[2026-04-03T03:17:25.129+0600][66.667s][info][gc          ] GC(94) Concurrent weak roots 2.109ms
[2026-04-03T03:17:25.129+0600][66.667s][info][gc,start    ] GC(94) Concurrent cleanup
[2026-04-03T03:17:25.129+0600][66.668s][info][gc          ] GC(94) Concurrent cleanup 512M->503M(672M) 0.509ms
[2026-04-03T03:17:25.129+0600][66.668s][info][gc,ergo     ] GC(94) Free: 206M, Max: 256K regular, 71680K humongous, Frag: 67% external, 0% internal; Reserve: 38289K, Max: 256K
[2026-04-03T03:17:25.129+0600][66.668s][info][gc,start    ] GC(94) Concurrent class unloading
[2026-04-03T03:17:25.129+0600][66.668s][info][gc,task     ] GC(94) Using 3 of 6 workers for concurrent class unloading
[2026-04-03T03:17:25.135+0600][66.673s][info][gc          ] GC(94) Concurrent class unloading 5.676ms
[2026-04-03T03:17:25.135+0600][66.673s][info][gc,start    ] GC(94) Concurrent strong roots
[2026-04-03T03:17:25.135+0600][66.673s][info][gc,task     ] GC(94) Using 3 of 6 workers for concurrent strong root
[2026-04-03T03:17:25.136+0600][66.674s][info][gc          ] GC(94) Concurrent strong roots 0.816ms
[2026-04-03T03:17:25.136+0600][66.674s][info][gc,start    ] GC(94) Concurrent evacuation
[2026-04-03T03:17:25.136+0600][66.674s][info][gc,task     ] GC(94) Using 3 of 6 workers for concurrent evacuation
[2026-04-03T03:17:25.150+0600][66.688s][info][gc          ] GC(94) Concurrent evacuation 14.010ms
[2026-04-03T03:17:25.150+0600][66.688s][info][gc,start    ] GC(94) Pause Init Update Refs
[2026-04-03T03:17:25.150+0600][66.689s][info][gc,ergo     ] GC(94) Pacer for Update Refs. Used: 527M, Free: 195M, Non-Taxable: 20052K, Alloc Tax Rate: 3.3x
[2026-04-03T03:17:25.150+0600][66.689s][info][gc          ] GC(94) Pause Init Update Refs 0.197ms
[2026-04-03T03:17:25.151+0600][66.689s][info][gc,start    ] GC(94) Concurrent update references
[2026-04-03T03:17:25.151+0600][66.689s][info][gc,task     ] GC(94) Using 3 of 6 workers for concurrent reference update
[2026-04-03T03:17:25.284+0600][66.823s][info][gc          ] GC(94) Concurrent update references 133.689ms
[2026-04-03T03:17:25.284+0600][66.823s][info][gc,start    ] GC(94) Concurrent update thread roots
[2026-04-03T03:17:25.285+0600][66.824s][info][gc          ] GC(94) Concurrent update thread roots 0.902ms
[2026-04-03T03:17:25.285+0600][66.824s][info][gc,start    ] GC(94) Pause Final Update Refs
[2026-04-03T03:17:25.286+0600][66.824s][info][gc,task     ] GC(94) Using 6 of 6 workers for final reference update
[2026-04-03T03:17:25.286+0600][66.824s][info][gc          ] GC(94) Pause Final Update Refs 0.256ms
[2026-04-03T03:17:25.286+0600][66.824s][info][gc,start    ] GC(94) Concurrent cleanup
[2026-04-03T03:17:25.286+0600][66.825s][info][gc          ] GC(94) Concurrent cleanup 606M->368M(672M) 0.356ms
[2026-04-03T03:17:25.286+0600][66.825s][info][gc,ergo     ] Free: 341M, Max: 256K regular, 60672K humongous, Frag: 83% external, 0% internal; Reserve: 38400K, Max: 256K
[2026-04-03T03:17:25.286+0600][66.825s][info][gc,stats    ] 
[2026-04-03T03:17:25.286+0600][66.825s][info][gc,stats    ] All times are wall-clock times, except per-root-class counters, that are sum over
[2026-04-03T03:17:25.286+0600][66.825s][info][gc,stats    ] all workers. Dividing the <total> over the root stage time estimates parallelism.
[2026-04-03T03:17:25.286+0600][66.825s][info][gc,stats    ] 
[2026-04-03T03:17:25.286+0600][66.825s][info][gc,stats    ] Concurrent Reset                   1440 us
[2026-04-03T03:17:25.286+0600][66.825s][info][gc,stats    ] Pause Init Mark (G)                 435 us
[2026-04-03T03:17:25.286+0600][66.825s][info][gc,stats    ] Pause Init Mark (N)                 194 us
[2026-04-03T03:17:25.286+0600][66.825s][info][gc,stats    ]   Update Region States               25 us
[2026-04-03T03:17:25.286+0600][66.825s][info][gc,stats    ] Concurrent Mark Roots               958 us, parallelism: 1.56x
[2026-04-03T03:17:25.286+0600][66.825s][info][gc,stats    ]   CMR: <total>                     1495 us
[2026-04-03T03:17:25.286+0600][66.825s][info][gc,stats    ]   CMR: Thread Roots                1276 us, workers (us): 309, 485, 482, ---, ---, ---, 
[2026-04-03T03:17:25.286+0600][66.825s][info][gc,stats    ]   CMR: VM Strong Roots               28 us, workers (us):  26,   1,   1, ---, ---, ---, 
[2026-04-03T03:17:25.287+0600][66.825s][info][gc,stats    ]   CMR: CLDG Roots                   191 us, workers (us): 191, ---, ---, ---, ---, ---, 
[2026-04-03T03:17:25.287+0600][66.825s][info][gc,stats    ] Concurrent Marking               234194 us
[2026-04-03T03:17:25.287+0600][66.825s][info][gc,stats    ] Pause Final Mark (G)               1174 us
[2026-04-03T03:17:25.287+0600][66.825s][info][gc,stats    ] Pause Final Mark (N)                950 us
[2026-04-03T03:17:25.287+0600][66.825s][info][gc,stats    ]   Finish Mark                       237 us
[2026-04-03T03:17:25.287+0600][66.825s][info][gc,stats    ]   Update Region States               68 us
[2026-04-03T03:17:25.287+0600][66.825s][info][gc,stats    ]   Choose Collection Set             486 us
[2026-04-03T03:17:25.287+0600][66.825s][info][gc,stats    ]   Rebuild Free Set                   37 us
[2026-04-03T03:17:25.287+0600][66.825s][info][gc,stats    ] Concurrent Thread Roots             860 us, parallelism: 1.54x
[2026-04-03T03:17:25.287+0600][66.825s][info][gc,stats    ]   CTR: <total>                     1326 us
[2026-04-03T03:17:25.287+0600][66.825s][info][gc,stats    ]   CTR: Thread Roots                1326 us, workers (us): 497, 422, 407, ---, ---, ---, 
[2026-04-03T03:17:25.287+0600][66.825s][info][gc,stats    ] Concurrent Weak References          250 us, parallelism: 0.27x
[2026-04-03T03:17:25.287+0600][66.825s][info][gc,stats    ]   CWRF: <total>                      69 us
[2026-04-03T03:17:25.287+0600][66.825s][info][gc,stats    ]   CWRF: Weak References              69 us, workers (us):  67,   1,   0, ---, ---, ---, 
[2026-04-03T03:17:25.287+0600][66.825s][info][gc,stats    ] Concurrent Weak Roots              2158 us
[2026-04-03T03:17:25.287+0600][66.825s][info][gc,stats    ]   Roots                            1971 us, parallelism: 2.48x
[2026-04-03T03:17:25.287+0600][66.825s][info][gc,stats    ]     CWR: <total>                   4882 us
[2026-04-03T03:17:25.287+0600][66.825s][info][gc,stats    ]     CWR: Code Cache Roots          3351 us, workers (us): 1044, 1166, 1141, ---, ---, ---, 
[2026-04-03T03:17:25.287+0600][66.825s][info][gc,stats    ]     CWR: VM Weak Roots             1458 us, workers (us): 514, 485, 459, ---, ---, ---, 
[2026-04-03T03:17:25.287+0600][66.825s][info][gc,stats    ]     CWR: CLDG Roots                  73 us, workers (us):  73, ---, ---, ---, ---, ---, 
[2026-04-03T03:17:25.287+0600][66.825s][info][gc,stats    ]   Rendezvous                        115 us
[2026-04-03T03:17:25.287+0600][66.825s][info][gc,stats    ] Concurrent Cleanup                  548 us
[2026-04-03T03:17:25.287+0600][66.825s][info][gc,stats    ] Concurrent Class Unloading         5751 us
[2026-04-03T03:17:25.287+0600][66.825s][info][gc,stats    ]   Unlink Stale                     5305 us
[2026-04-03T03:17:25.287+0600][66.825s][info][gc,stats    ]     System Dictionary                73 us
[2026-04-03T03:17:25.287+0600][66.825s][info][gc,stats    ]     Weak Class Links                  0 us
[2026-04-03T03:17:25.287+0600][66.825s][info][gc,stats    ]     Code Roots                     5230 us
[2026-04-03T03:17:25.287+0600][66.825s][info][gc,stats    ]   Rendezvous                        330 us
[2026-04-03T03:17:25.287+0600][66.825s][info][gc,stats    ]   Purge Unlinked                     15 us
[2026-04-03T03:17:25.287+0600][66.825s][info][gc,stats    ]     Code Roots                        5 us
[2026-04-03T03:17:25.287+0600][66.825s][info][gc,stats    ]     CLDG                              9 us
[2026-04-03T03:17:25.287+0600][66.825s][info][gc,stats    ]     Exception Caches                  1 us
[2026-04-03T03:17:25.287+0600][66.825s][info][gc,stats    ] Concurrent Strong Roots             877 us, parallelism: 0.60x
[2026-04-03T03:17:25.287+0600][66.825s][info][gc,stats    ]   CSR: <total>                      529 us
[2026-04-03T03:17:25.287+0600][66.825s][info][gc,stats    ]   CSR: VM Strong Roots               36 us, workers (us):  33,   2,   1, ---, ---, ---, 
[2026-04-03T03:17:25.287+0600][66.825s][info][gc,stats    ]   CSR: CLDG Roots                   493 us, workers (us): 493, ---, ---, ---, ---, ---, 
[2026-04-03T03:17:25.287+0600][66.825s][info][gc,stats    ] Concurrent Evacuation             14067 us
[2026-04-03T03:17:25.287+0600][66.825s][info][gc,stats    ] Pause Init Update Refs (G)          564 us
[2026-04-03T03:17:25.287+0600][66.825s][info][gc,stats    ] Pause Init Update Refs (N)          211 us
[2026-04-03T03:17:25.287+0600][66.825s][info][gc,stats    ]   Manage GCLABs                      99 us
[2026-04-03T03:17:25.287+0600][66.825s][info][gc,stats    ] Concurrent Update Refs           133812 us
[2026-04-03T03:17:25.287+0600][66.825s][info][gc,stats    ] Concurrent Update Thread Roots      930 us
[2026-04-03T03:17:25.287+0600][66.825s][info][gc,stats    ] Pause Final Update Refs (G)         635 us
[2026-04-03T03:17:25.287+0600][66.825s][info][gc,stats    ] Pause Final Update Refs (N)         275 us
[2026-04-03T03:17:25.287+0600][66.825s][info][gc,stats    ]   Update Region States               48 us
[2026-04-03T03:17:25.287+0600][66.825s][info][gc,stats    ]   Trash Collection Set               20 us
[2026-04-03T03:17:25.287+0600][66.825s][info][gc,stats    ]   Rebuild Free Set                   64 us
[2026-04-03T03:17:25.287+0600][66.825s][info][gc,stats    ] Concurrent Cleanup                  387 us
[2026-04-03T03:17:25.287+0600][66.825s][info][gc,stats    ] Pacing                           448015 us
[2026-04-03T03:17:25.287+0600][66.825s][info][gc,stats    ] 
[2026-04-03T03:17:25.287+0600][66.825s][info][gc,stats    ] Allocation pacing accrued:
[2026-04-03T03:17:25.287+0600][66.825s][info][gc,stats    ]     153 of   502 ms ( 30.4%): Executor task launch worker for task 2.0 in stage 15.0 (TID 26)
[2026-04-03T03:17:25.287+0600][66.825s][info][gc,stats    ]     146 of   502 ms ( 29.0%): Executor task launch worker for task 0.0 in stage 15.0 (TID 24)
[2026-04-03T03:17:25.287+0600][66.825s][info][gc,stats    ]     150 of   502 ms ( 29.9%): Executor task launch worker for task 1.0 in stage 15.0 (TID 25)
[2026-04-03T03:17:25.287+0600][66.825s][info][gc,stats    ]     448 of   502 ms ( 89.2%): <total>
[2026-04-03T03:17:25.287+0600][66.826s][info][gc,stats    ]       3 of   502 ms (  0.6%): <average total>
[2026-04-03T03:17:25.287+0600][66.826s][info][gc,stats    ]     149 of   502 ms ( 29.7%): <average non-zero>
[2026-04-03T03:17:25.287+0600][66.826s][info][gc,stats    ] 
[2026-04-03T03:17:25.287+0600][66.826s][info][gc,metaspace] Metaspace: 73074K(73984K)->73074K(73984K) NonClass: 63772K(64256K)->63772K(64256K) Class: 9302K(9728K)->9302K(9728K)
[2026-04-03T03:17:25.287+0600][66.826s][info][gc,ergo     ] Pacer for Idle. Initial: 15360K, Alloc Tax Rate: 1.0x
[2026-04-03T03:17:25.338+0600][66.877s][info][gc          ] Trigger: Average GC time (438.78 ms) is above the time for average allocation rate (569 MB/s) to deplete free headroom (249M) (margin of error = 1.98)
[2026-04-03T03:17:25.339+0600][66.877s][info][gc,ergo     ] Free headroom: 286M (free) - 38400K (spike) - 0B (penalties) = 249M
[2026-04-03T03:17:25.339+0600][66.877s][info][gc,ergo     ] Free: 286M, Max: 256K regular, 60672K humongous, Frag: 80% external, 0% internal; Reserve: 38400K, Max: 256K
[2026-04-03T03:17:25.339+0600][66.877s][info][gc,start    ] GC(95) Concurrent reset
[2026-04-03T03:17:25.339+0600][66.877s][info][gc,task     ] GC(95) Using 3 of 6 workers for concurrent reset
[2026-04-03T03:17:25.339+0600][66.877s][info][gc,ergo     ] GC(95) Pacer for Reset. Non-Taxable: 750M
[2026-04-03T03:17:25.340+0600][66.878s][info][gc          ] GC(95) Concurrent reset 1.410ms
[2026-04-03T03:17:25.340+0600][66.879s][info][gc,start    ] GC(95) Pause Init Mark (unload classes)
[2026-04-03T03:17:25.340+0600][66.879s][info][gc,task     ] GC(95) Using 6 of 6 workers for init marking
[2026-04-03T03:17:25.340+0600][66.879s][info][gc,ergo     ] GC(95) Pacer for Mark. Expected Live: 212M, Free: 284M, Non-Taxable: 29165K, Alloc Tax Rate: 0.9x
[2026-04-03T03:17:25.340+0600][66.879s][info][gc          ] GC(95) Pause Init Mark (unload classes) 0.198ms
[2026-04-03T03:17:25.341+0600][66.879s][info][gc,start    ] GC(95) Concurrent marking roots
[2026-04-03T03:17:25.341+0600][66.879s][info][gc,task     ] GC(95) Using 3 of 6 workers for concurrent marking roots
[2026-04-03T03:17:25.341+0600][66.880s][info][gc          ] GC(95) Concurrent marking roots 0.851ms
[2026-04-03T03:17:25.341+0600][66.880s][info][gc,start    ] GC(95) Concurrent marking (unload classes)
[2026-04-03T03:17:25.341+0600][66.880s][info][gc,task     ] GC(95) Using 3 of 6 workers for concurrent marking
[2026-04-03T03:17:25.594+0600][67.132s][info][gc          ] GC(95) Concurrent marking (unload classes) 252.306ms
[2026-04-03T03:17:25.594+0600][67.132s][info][gc,start    ] GC(95) Pause Final Mark (unload classes)
[2026-04-03T03:17:25.594+0600][67.132s][info][gc,task     ] GC(95) Using 6 of 6 workers for final marking
[2026-04-03T03:17:25.595+0600][67.133s][info][gc,ergo     ] GC(95) Adaptive CSet Selection. Target Free: 106M, Actual Free: 261M, Max CSet: 32000K, Min Garbage: 0B
[2026-04-03T03:17:25.595+0600][67.133s][info][gc,ergo     ] GC(95) Collectable Garbage: 192M (95%), Immediate: 1024K (0%), CSet: 191M (94%)
[2026-04-03T03:17:25.595+0600][67.133s][info][gc,ergo     ] GC(95) Pacer for Evacuation. Used CSet: 204M, Free: 224M, Non-Taxable: 22996K, Alloc Tax Rate: 2.2x
[2026-04-03T03:17:25.595+0600][67.133s][info][gc          ] GC(95) Pause Final Mark (unload classes) 0.929ms
[2026-04-03T03:17:25.595+0600][67.134s][info][gc,start    ] GC(95) Concurrent thread roots
[2026-04-03T03:17:25.595+0600][67.134s][info][gc,task     ] GC(95) Using 3 of 6 workers for Concurrent thread roots
[2026-04-03T03:17:25.596+0600][67.134s][info][gc          ] GC(95) Concurrent thread roots 0.673ms
[2026-04-03T03:17:25.596+0600][67.134s][info][gc,start    ] GC(95) Concurrent weak references
[2026-04-03T03:17:25.596+0600][67.134s][info][gc,task     ] GC(95) Using 3 of 6 workers for concurrent weak references
[2026-04-03T03:17:25.596+0600][67.134s][info][gc,ref      ] GC(95) Encountered references: Soft: 3302, Weak: 6361, Final: 84, Phantom: 602
[2026-04-03T03:17:25.596+0600][67.135s][info][gc,ref      ] GC(95) Discovered  references: Soft: 0, Weak: 348, Final: 0, Phantom: 599
[2026-04-03T03:17:25.596+0600][67.135s][info][gc,ref      ] GC(95) Enqueued    references: Soft: 0, Weak: 0, Final: 0, Phantom: 0
[2026-04-03T03:17:25.596+0600][67.135s][info][gc          ] GC(95) Concurrent weak references 0.318ms
[2026-04-03T03:17:25.596+0600][67.135s][info][gc,start    ] GC(95) Concurrent weak roots
[2026-04-03T03:17:25.596+0600][67.135s][info][gc,task     ] GC(95) Using 3 of 6 workers for concurrent weak root
[2026-04-03T03:17:25.598+0600][67.137s][info][gc          ] GC(95) Concurrent weak roots 2.173ms
[2026-04-03T03:17:25.598+0600][67.137s][info][gc,start    ] GC(95) Concurrent cleanup
[2026-04-03T03:17:25.599+0600][67.137s][info][gc          ] GC(95) Concurrent cleanup 488M->487M(672M) 0.558ms
[2026-04-03T03:17:25.599+0600][67.137s][info][gc,ergo     ] GC(95) Free: 222M, Max: 256K regular, 60672K humongous, Frag: 74% external, 0% internal; Reserve: 38303K, Max: 256K
[2026-04-03T03:17:25.599+0600][67.137s][info][gc,start    ] GC(95) Concurrent class unloading
[2026-04-03T03:17:25.599+0600][67.137s][info][gc,task     ] GC(95) Using 3 of 6 workers for concurrent class unloading
[2026-04-03T03:17:25.605+0600][67.144s][info][gc          ] GC(95) Concurrent class unloading 6.146ms
[2026-04-03T03:17:25.605+0600][67.144s][info][gc,start    ] GC(95) Concurrent strong roots
[2026-04-03T03:17:25.605+0600][67.144s][info][gc,task     ] GC(95) Using 3 of 6 workers for concurrent strong root
[2026-04-03T03:17:25.606+0600][67.144s][info][gc          ] GC(95) Concurrent strong roots 0.709ms
[2026-04-03T03:17:25.606+0600][67.144s][info][gc,start    ] GC(95) Concurrent evacuation
[2026-04-03T03:17:25.606+0600][67.144s][info][gc,task     ] GC(95) Using 3 of 6 workers for concurrent evacuation
[2026-04-03T03:17:25.621+0600][67.159s][info][gc          ] GC(95) Concurrent evacuation 14.998ms
[2026-04-03T03:17:25.621+0600][67.160s][info][gc,start    ] GC(95) Pause Init Update Refs
[2026-04-03T03:17:25.622+0600][67.160s][info][gc,ergo     ] GC(95) Pacer for Update Refs. Used: 511M, Free: 211M, Non-Taxable: 21664K, Alloc Tax Rate: 3.0x
[2026-04-03T03:17:25.622+0600][67.160s][info][gc          ] GC(95) Pause Init Update Refs 0.222ms
[2026-04-03T03:17:25.622+0600][67.160s][info][gc,start    ] GC(95) Concurrent update references
[2026-04-03T03:17:25.622+0600][67.160s][info][gc,task     ] GC(95) Using 3 of 6 workers for concurrent reference update
[2026-04-03T03:17:25.763+0600][67.301s][info][gc          ] GC(95) Concurrent update references 141.164ms
[2026-04-03T03:17:25.763+0600][67.301s][info][gc,start    ] GC(95) Concurrent update thread roots
[2026-04-03T03:17:25.764+0600][67.302s][info][gc          ] GC(95) Concurrent update thread roots 0.947ms
[2026-04-03T03:17:25.764+0600][67.303s][info][gc,start    ] GC(95) Pause Final Update Refs
[2026-04-03T03:17:25.764+0600][67.303s][info][gc,task     ] GC(95) Using 6 of 6 workers for final reference update
[2026-04-03T03:17:25.765+0600][67.303s][info][gc          ] GC(95) Pause Final Update Refs 0.262ms
[2026-04-03T03:17:25.765+0600][67.303s][info][gc,start    ] GC(95) Concurrent cleanup
[2026-04-03T03:17:25.765+0600][67.303s][info][gc          ] GC(95) Concurrent cleanup 597M->393M(672M) 0.329ms
[2026-04-03T03:17:25.765+0600][67.304s][info][gc,ergo     ] Free: 316M, Max: 256K regular, 79104K humongous, Frag: 76% external, 0% internal; Reserve: 38400K, Max: 256K
[2026-04-03T03:17:25.765+0600][67.304s][info][gc,stats    ] 
[2026-04-03T03:17:25.765+0600][67.304s][info][gc,stats    ] All times are wall-clock times, except per-root-class counters, that are sum over
[2026-04-03T03:17:25.765+0600][67.304s][info][gc,stats    ] all workers. Dividing the <total> over the root stage time estimates parallelism.
[2026-04-03T03:17:25.765+0600][67.304s][info][gc,stats    ] 
[2026-04-03T03:17:25.765+0600][67.304s][info][gc,stats    ] Concurrent Reset                   1468 us
[2026-04-03T03:17:25.765+0600][67.304s][info][gc,stats    ] Pause Init Mark (G)                 445 us
[2026-04-03T03:17:25.765+0600][67.304s][info][gc,stats    ] Pause Init Mark (N)                 208 us
[2026-04-03T03:17:25.765+0600][67.304s][info][gc,stats    ]   Update Region States               56 us
[2026-04-03T03:17:25.765+0600][67.304s][info][gc,stats    ] Concurrent Mark Roots               890 us, parallelism: 1.47x
[2026-04-03T03:17:25.765+0600][67.304s][info][gc,stats    ]   CMR: <total>                     1311 us
[2026-04-03T03:17:25.765+0600][67.304s][info][gc,stats    ]   CMR: Thread Roots                1104 us, workers (us): 262, 433, 410, ---, ---, ---, 
[2026-04-03T03:17:25.765+0600][67.304s][info][gc,stats    ]   CMR: VM Strong Roots               29 us, workers (us):  27,   1,   1, ---, ---, ---, 
[2026-04-03T03:17:25.765+0600][67.304s][info][gc,stats    ]   CMR: CLDG Roots                   178 us, workers (us): 178, ---, ---, ---, ---, ---, 
[2026-04-03T03:17:25.765+0600][67.304s][info][gc,stats    ] Concurrent Marking               252524 us
[2026-04-03T03:17:25.765+0600][67.304s][info][gc,stats    ] Pause Final Mark (G)               1210 us
[2026-04-03T03:17:25.765+0600][67.304s][info][gc,stats    ] Pause Final Mark (N)                939 us
[2026-04-03T03:17:25.765+0600][67.304s][info][gc,stats    ]   Finish Mark                       278 us
[2026-04-03T03:17:25.765+0600][67.304s][info][gc,stats    ]   Update Region States               49 us
[2026-04-03T03:17:25.765+0600][67.304s][info][gc,stats    ]   Choose Collection Set             461 us
[2026-04-03T03:17:25.765+0600][67.304s][info][gc,stats    ]   Rebuild Free Set                   33 us
[2026-04-03T03:17:25.765+0600][67.304s][info][gc,stats    ] Concurrent Thread Roots             721 us, parallelism: 1.78x
[2026-04-03T03:17:25.765+0600][67.304s][info][gc,stats    ]   CTR: <total>                     1281 us
[2026-04-03T03:17:25.765+0600][67.304s][info][gc,stats    ]   CTR: Thread Roots                1281 us, workers (us): 480, 412, 389, ---, ---, ---, 
[2026-04-03T03:17:25.765+0600][67.304s][info][gc,stats    ] Concurrent Weak References          328 us, parallelism: 0.51x
[2026-04-03T03:17:25.765+0600][67.304s][info][gc,stats    ]   CWRF: <total>                     168 us
[2026-04-03T03:17:25.765+0600][67.304s][info][gc,stats    ]   CWRF: Weak References             168 us, workers (us):  69,  98,   1, ---, ---, ---, 
[2026-04-03T03:17:25.765+0600][67.304s][info][gc,stats    ] Concurrent Weak Roots              2228 us
[2026-04-03T03:17:25.765+0600][67.304s][info][gc,stats    ]   Roots                            1894 us, parallelism: 2.31x
[2026-04-03T03:17:25.766+0600][67.304s][info][gc,stats    ]     CWR: <total>                   4377 us
[2026-04-03T03:17:25.766+0600][67.304s][info][gc,stats    ]     CWR: Code Cache Roots          2989 us, workers (us): 1078, 992, 919, ---, ---, ---, 
[2026-04-03T03:17:25.766+0600][67.304s][info][gc,stats    ]     CWR: VM Weak Roots             1329 us, workers (us): 486, 423, 420, ---, ---, ---, 
[2026-04-03T03:17:25.766+0600][67.304s][info][gc,stats    ]     CWR: CLDG Roots                  59 us, workers (us): ---, ---,  59, ---, ---, ---, 
[2026-04-03T03:17:25.766+0600][67.304s][info][gc,stats    ]   Rendezvous                        257 us
[2026-04-03T03:17:25.766+0600][67.304s][info][gc,stats    ] Concurrent Cleanup                  575 us
[2026-04-03T03:17:25.766+0600][67.304s][info][gc,stats    ] Concurrent Class Unloading         6213 us
[2026-04-03T03:17:25.766+0600][67.304s][info][gc,stats    ]   Unlink Stale                     5813 us
[2026-04-03T03:17:25.766+0600][67.304s][info][gc,stats    ]     System Dictionary                84 us
[2026-04-03T03:17:25.766+0600][67.304s][info][gc,stats    ]     Weak Class Links                  0 us
[2026-04-03T03:17:25.766+0600][67.304s][info][gc,stats    ]     Code Roots                     5725 us
[2026-04-03T03:17:25.766+0600][67.304s][info][gc,stats    ]   Rendezvous                        294 us
[2026-04-03T03:17:25.766+0600][67.304s][info][gc,stats    ]   Purge Unlinked                     13 us
[2026-04-03T03:17:25.766+0600][67.304s][info][gc,stats    ]     Code Roots                        4 us
[2026-04-03T03:17:25.766+0600][67.304s][info][gc,stats    ]     CLDG                              8 us
[2026-04-03T03:17:25.766+0600][67.304s][info][gc,stats    ]     Exception Caches                  0 us
[2026-04-03T03:17:25.766+0600][67.304s][info][gc,stats    ] Concurrent Strong Roots             773 us, parallelism: 0.54x
[2026-04-03T03:17:25.766+0600][67.304s][info][gc,stats    ]   CSR: <total>                      418 us
[2026-04-03T03:17:25.766+0600][67.304s][info][gc,stats    ]   CSR: VM Strong Roots               29 us, workers (us):  17,  12,   0, ---, ---, ---, 
[2026-04-03T03:17:25.766+0600][67.304s][info][gc,stats    ]   CSR: CLDG Roots                   389 us, workers (us): 389, ---, ---, ---, ---, ---, 
[2026-04-03T03:17:25.766+0600][67.304s][info][gc,stats    ] Concurrent Evacuation             15126 us
[2026-04-03T03:17:25.766+0600][67.304s][info][gc,stats    ] Pause Init Update Refs (G)          625 us
[2026-04-03T03:17:25.766+0600][67.304s][info][gc,stats    ] Pause Init Update Refs (N)          237 us
[2026-04-03T03:17:25.766+0600][67.304s][info][gc,stats    ]   Manage GCLABs                      41 us
[2026-04-03T03:17:25.766+0600][67.304s][info][gc,stats    ] Concurrent Update Refs           141271 us
[2026-04-03T03:17:25.766+0600][67.304s][info][gc,stats    ] Concurrent Update Thread Roots     1013 us
[2026-04-03T03:17:25.766+0600][67.304s][info][gc,stats    ] Pause Final Update Refs (G)         651 us
[2026-04-03T03:17:25.766+0600][67.304s][info][gc,stats    ] Pause Final Update Refs (N)         278 us
[2026-04-03T03:17:25.766+0600][67.304s][info][gc,stats    ]   Update Region States               82 us
[2026-04-03T03:17:25.766+0600][67.304s][info][gc,stats    ]   Trash Collection Set               19 us
[2026-04-03T03:17:25.766+0600][67.304s][info][gc,stats    ]   Rebuild Free Set                   39 us
[2026-04-03T03:17:25.766+0600][67.304s][info][gc,stats    ] Concurrent Cleanup                  353 us
[2026-04-03T03:17:25.766+0600][67.304s][info][gc,stats    ] Pacing                           464513 us
[2026-04-03T03:17:25.766+0600][67.304s][info][gc,stats    ] 
[2026-04-03T03:17:25.766+0600][67.304s][info][gc,stats    ] Allocation pacing accrued:
[2026-04-03T03:17:25.766+0600][67.304s][info][gc,stats    ]     157 of   479 ms ( 32.7%): Executor task launch worker for task 2.0 in stage 15.0 (TID 26)
[2026-04-03T03:17:25.766+0600][67.304s][info][gc,stats    ]     153 of   479 ms ( 31.9%): Executor task launch worker for task 0.0 in stage 15.0 (TID 24)
[2026-04-03T03:17:25.766+0600][67.304s][info][gc,stats    ]     155 of   479 ms ( 32.4%): Executor task launch worker for task 1.0 in stage 15.0 (TID 25)
[2026-04-03T03:17:25.766+0600][67.304s][info][gc,stats    ]     465 of   479 ms ( 97.0%): <total>
[2026-04-03T03:17:25.766+0600][67.304s][info][gc,stats    ]       3 of   479 ms (  0.7%): <average total>
[2026-04-03T03:17:25.766+0600][67.304s][info][gc,stats    ]     155 of   479 ms ( 32.3%): <average non-zero>
[2026-04-03T03:17:25.766+0600][67.304s][info][gc,stats    ] 
[2026-04-03T03:17:25.766+0600][67.304s][info][gc,metaspace] Metaspace: 73074K(73984K)->73074K(73984K) NonClass: 63772K(64256K)->63772K(64256K) Class: 9302K(9728K)->9302K(9728K)
[2026-04-03T03:17:25.766+0600][67.304s][info][gc,ergo     ] Pacer for Idle. Initial: 15360K, Alloc Tax Rate: 1.0x
[2026-04-03T03:17:25.824+0600][67.362s][info][gc          ] Trigger: Average GC time (450.41 ms) is above the time for average allocation rate (477 MB/s) to deplete free headroom (214M) (margin of error = 1.99)
[2026-04-03T03:17:25.824+0600][67.362s][info][gc,ergo     ] Free headroom: 251M (free) - 38400K (spike) - 0B (penalties) = 214M
[2026-04-03T03:17:25.824+0600][67.362s][info][gc,ergo     ] Free: 251M, Max: 256K regular, 79104K humongous, Frag: 70% external, 0% internal; Reserve: 38400K, Max: 256K
[2026-04-03T03:17:25.824+0600][67.362s][info][gc,start    ] GC(96) Concurrent reset
[2026-04-03T03:17:25.824+0600][67.362s][info][gc,task     ] GC(96) Using 3 of 6 workers for concurrent reset
[2026-04-03T03:17:25.824+0600][67.362s][info][gc,ergo     ] GC(96) Pacer for Reset. Non-Taxable: 750M
[2026-04-03T03:17:25.825+0600][67.364s][info][gc          ] GC(96) Concurrent reset 1.248ms
[2026-04-03T03:17:25.847+0600][67.386s][info][gc,start    ] GC(96) Pause Init Mark (unload classes)
[2026-04-03T03:17:25.848+0600][67.386s][info][gc,task     ] GC(96) Using 6 of 6 workers for init marking
[2026-04-03T03:17:25.848+0600][67.386s][info][gc,ergo     ] GC(96) Pacer for Mark. Expected Live: 212M, Free: 226M, Non-Taxable: 23200K, Alloc Tax Rate: 1.1x
[2026-04-03T03:17:25.848+0600][67.386s][info][gc          ] GC(96) Pause Init Mark (unload classes) 0.155ms
[2026-04-03T03:17:25.848+0600][67.386s][info][gc,start    ] GC(96) Concurrent marking roots
[2026-04-03T03:17:25.848+0600][67.386s][info][gc,task     ] GC(96) Using 3 of 6 workers for concurrent marking roots
[2026-04-03T03:17:25.848+0600][67.387s][info][gc          ] GC(96) Concurrent marking roots 0.697ms
[2026-04-03T03:17:25.848+0600][67.387s][info][gc,start    ] GC(96) Concurrent marking (unload classes)
[2026-04-03T03:17:25.849+0600][67.387s][info][gc,task     ] GC(96) Using 3 of 6 workers for concurrent marking
[2026-04-03T03:17:26.110+0600][67.648s][info][gc          ] GC(96) Concurrent marking (unload classes) 261.333ms
[2026-04-03T03:17:26.110+0600][67.649s][info][gc,start    ] GC(96) Pause Final Mark (unload classes)
[2026-04-03T03:17:26.110+0600][67.649s][info][gc,task     ] GC(96) Using 6 of 6 workers for final marking
[2026-04-03T03:17:26.111+0600][67.649s][info][gc,ergo     ] GC(96) Adaptive CSet Selection. Target Free: 106M, Actual Free: 222M, Max CSet: 32000K, Min Garbage: 0B
[2026-04-03T03:17:26.111+0600][67.650s][info][gc,ergo     ] GC(96) Collectable Garbage: 242M (95%), Immediate: 6656K (2%), CSet: 235M (93%)
[2026-04-03T03:17:26.111+0600][67.650s][info][gc,ergo     ] GC(96) Pacer for Evacuation. Used CSet: 251M, Free: 184M, Non-Taxable: 18925K, Alloc Tax Rate: 3.3x
[2026-04-03T03:17:26.111+0600][67.650s][info][gc          ] GC(96) Pause Final Mark (unload classes) 1.308ms
[2026-04-03T03:17:26.112+0600][67.650s][info][gc,start    ] GC(96) Concurrent thread roots
[2026-04-03T03:17:26.112+0600][67.650s][info][gc,task     ] GC(96) Using 3 of 6 workers for Concurrent thread roots
[2026-04-03T03:17:26.112+0600][67.651s][info][gc          ] GC(96) Concurrent thread roots 0.866ms
[2026-04-03T03:17:26.113+0600][67.651s][info][gc,start    ] GC(96) Concurrent weak references
[2026-04-03T03:17:26.113+0600][67.651s][info][gc,task     ] GC(96) Using 3 of 6 workers for concurrent weak references
[2026-04-03T03:17:26.113+0600][67.651s][info][gc,ref      ] GC(96) Encountered references: Soft: 3302, Weak: 6361, Final: 84, Phantom: 602
[2026-04-03T03:17:26.113+0600][67.651s][info][gc,ref      ] GC(96) Discovered  references: Soft: 0, Weak: 470, Final: 0, Phantom: 599
[2026-04-03T03:17:26.113+0600][67.651s][info][gc,ref      ] GC(96) Enqueued    references: Soft: 0, Weak: 0, Final: 0, Phantom: 0
[2026-04-03T03:17:26.113+0600][67.651s][info][gc          ] GC(96) Concurrent weak references 0.211ms
[2026-04-03T03:17:26.113+0600][67.651s][info][gc,start    ] GC(96) Concurrent weak roots
[2026-04-03T03:17:26.113+0600][67.651s][info][gc,task     ] GC(96) Using 3 of 6 workers for concurrent weak root
[2026-04-03T03:17:26.116+0600][67.654s][info][gc          ] GC(96) Concurrent weak roots 3.002ms
[2026-04-03T03:17:26.116+0600][67.654s][info][gc,start    ] GC(96) Concurrent cleanup
[2026-04-03T03:17:26.116+0600][67.654s][info][gc          ] GC(96) Concurrent cleanup 533M->527M(672M) 0.216ms
[2026-04-03T03:17:26.116+0600][67.654s][info][gc,ergo     ] GC(96) Free: 183M, Max: 256K regular, 79104K humongous, Frag: 58% external, 0% internal; Reserve: 38156K, Max: 256K
[2026-04-03T03:17:26.116+0600][67.654s][info][gc,start    ] GC(96) Concurrent class unloading
[2026-04-03T03:17:26.116+0600][67.655s][info][gc,task     ] GC(96) Using 3 of 6 workers for concurrent class unloading
[2026-04-03T03:17:26.123+0600][67.661s][info][gc          ] GC(96) Concurrent class unloading 6.551ms
[2026-04-03T03:17:26.123+0600][67.661s][info][gc,start    ] GC(96) Concurrent strong roots
[2026-04-03T03:17:26.123+0600][67.661s][info][gc,task     ] GC(96) Using 3 of 6 workers for concurrent strong root
[2026-04-03T03:17:26.124+0600][67.662s][info][gc          ] GC(96) Concurrent strong roots 0.930ms
[2026-04-03T03:17:26.124+0600][67.662s][info][gc,start    ] GC(96) Concurrent evacuation
[2026-04-03T03:17:26.124+0600][67.662s][info][gc,task     ] GC(96) Using 3 of 6 workers for concurrent evacuation
[2026-04-03T03:17:26.142+0600][67.680s][info][gc          ] GC(96) Concurrent evacuation 17.816ms
[2026-04-03T03:17:26.142+0600][67.680s][info][gc,start    ] GC(96) Pause Init Update Refs
[2026-04-03T03:17:26.142+0600][67.681s][info][gc,ergo     ] GC(96) Pacer for Update Refs. Used: 553M, Free: 173M, Non-Taxable: 17722K, Alloc Tax Rate: 3.9x
[2026-04-03T03:17:26.142+0600][67.681s][info][gc          ] GC(96) Pause Init Update Refs 0.164ms
[2026-04-03T03:17:26.142+0600][67.681s][info][gc,start    ] GC(96) Concurrent update references
[2026-04-03T03:17:26.142+0600][67.681s][info][gc,task     ] GC(96) Using 3 of 6 workers for concurrent reference update
[2026-04-03T03:17:26.287+0600][67.826s][info][gc          ] GC(96) Concurrent update references 144.943ms
[2026-04-03T03:17:26.287+0600][67.826s][info][gc,start    ] GC(96) Concurrent update thread roots
[2026-04-03T03:17:26.288+0600][67.827s][info][gc          ] GC(96) Concurrent update thread roots 0.913ms
[2026-04-03T03:17:26.288+0600][67.827s][info][gc,start    ] GC(96) Pause Final Update Refs
[2026-04-03T03:17:26.289+0600][67.827s][info][gc,task     ] GC(96) Using 6 of 6 workers for final reference update
[2026-04-03T03:17:26.289+0600][67.827s][info][gc          ] GC(96) Pause Final Update Refs 0.232ms
[2026-04-03T03:17:26.289+0600][67.827s][info][gc,start    ] GC(96) Concurrent cleanup
[2026-04-03T03:17:26.289+0600][67.828s][info][gc          ] GC(96) Concurrent cleanup 612M->361M(672M) 0.350ms
[2026-04-03T03:17:26.289+0600][67.828s][info][gc,ergo     ] Free: 348M, Max: 256K regular, 75264K humongous, Frag: 79% external, 0% internal; Reserve: 38400K, Max: 256K
[2026-04-03T03:17:26.289+0600][67.828s][info][gc,stats    ] 
[2026-04-03T03:17:26.289+0600][67.828s][info][gc,stats    ] All times are wall-clock times, except per-root-class counters, that are sum over
[2026-04-03T03:17:26.289+0600][67.828s][info][gc,stats    ] all workers. Dividing the <total> over the root stage time estimates parallelism.
[2026-04-03T03:17:26.289+0600][67.828s][info][gc,stats    ] 
[2026-04-03T03:17:26.289+0600][67.828s][info][gc,stats    ] Concurrent Reset                  23295 us
[2026-04-03T03:17:26.289+0600][67.828s][info][gc,stats    ] Pause Init Mark (G)                 423 us
[2026-04-03T03:17:26.289+0600][67.828s][info][gc,stats    ] Pause Init Mark (N)                 167 us
[2026-04-03T03:17:26.289+0600][67.828s][info][gc,stats    ]   Update Region States               48 us
[2026-04-03T03:17:26.289+0600][67.828s][info][gc,stats    ] Concurrent Mark Roots               717 us, parallelism: 1.74x
[2026-04-03T03:17:26.289+0600][67.828s][info][gc,stats    ]   CMR: <total>                     1248 us
[2026-04-03T03:17:26.289+0600][67.828s][info][gc,stats    ]   CMR: Thread Roots                1057 us, workers (us): 412, 250, 395, ---, ---, ---, 
[2026-04-03T03:17:26.289+0600][67.828s][info][gc,stats    ]   CMR: VM Strong Roots               31 us, workers (us):  17,  13,   1, ---, ---, ---, 
[2026-04-03T03:17:26.289+0600][67.828s][info][gc,stats    ]   CMR: CLDG Roots                   160 us, workers (us): ---, 160, ---, ---, ---, ---, 
[2026-04-03T03:17:26.289+0600][67.828s][info][gc,stats    ] Concurrent Marking               261408 us
[2026-04-03T03:17:26.290+0600][67.828s][info][gc,stats    ] Pause Final Mark (G)               1699 us
[2026-04-03T03:17:26.290+0600][67.828s][info][gc,stats    ] Pause Final Mark (N)               1322 us
[2026-04-03T03:17:26.290+0600][67.828s][info][gc,stats    ]   Finish Mark                       208 us
[2026-04-03T03:17:26.290+0600][67.828s][info][gc,stats    ]   Update Region States               71 us
[2026-04-03T03:17:26.290+0600][67.828s][info][gc,stats    ]   Choose Collection Set             817 us
[2026-04-03T03:17:26.290+0600][67.828s][info][gc,stats    ]   Rebuild Free Set                   48 us
[2026-04-03T03:17:26.290+0600][67.828s][info][gc,stats    ] Concurrent Thread Roots             918 us, parallelism: 1.86x
[2026-04-03T03:17:26.290+0600][67.828s][info][gc,stats    ]   CTR: <total>                     1712 us
[2026-04-03T03:17:26.290+0600][67.828s][info][gc,stats    ]   CTR: Thread Roots                1712 us, workers (us): 596, 550, 566, ---, ---, ---, 
[2026-04-03T03:17:26.290+0600][67.828s][info][gc,stats    ] Concurrent Weak References          223 us, parallelism: 0.84x
[2026-04-03T03:17:26.290+0600][67.828s][info][gc,stats    ]   CWRF: <total>                     188 us
[2026-04-03T03:17:26.290+0600][67.828s][info][gc,stats    ]   CWRF: Weak References             188 us, workers (us):  87,  32,  68, ---, ---, ---, 
[2026-04-03T03:17:26.290+0600][67.828s][info][gc,stats    ] Concurrent Weak Roots              3083 us
[2026-04-03T03:17:26.290+0600][67.828s][info][gc,stats    ]   Roots                            2752 us, parallelism: 2.54x
[2026-04-03T03:17:26.290+0600][67.828s][info][gc,stats    ]     CWR: <total>                   6983 us
[2026-04-03T03:17:26.290+0600][67.828s][info][gc,stats    ]     CWR: Code Cache Roots          4837 us, workers (us): 1681, 1478, 1678, ---, ---, ---, 
[2026-04-03T03:17:26.290+0600][67.828s][info][gc,stats    ]     CWR: VM Weak Roots             2025 us, workers (us): 699, 651, 675, ---, ---, ---, 
[2026-04-03T03:17:26.290+0600][67.828s][info][gc,stats    ]     CWR: CLDG Roots                 121 us, workers (us): ---, 121, ---, ---, ---, ---, 
[2026-04-03T03:17:26.290+0600][67.828s][info][gc,stats    ]   Rendezvous                        215 us
[2026-04-03T03:17:26.290+0600][67.828s][info][gc,stats    ] Concurrent Cleanup                  233 us
[2026-04-03T03:17:26.290+0600][67.828s][info][gc,stats    ] Concurrent Class Unloading         6655 us
[2026-04-03T03:17:26.290+0600][67.828s][info][gc,stats    ]   Unlink Stale                     6227 us
[2026-04-03T03:17:26.290+0600][67.828s][info][gc,stats    ]     System Dictionary               145 us
[2026-04-03T03:17:26.290+0600][67.828s][info][gc,stats    ]     Weak Class Links                  1 us
[2026-04-03T03:17:26.290+0600][67.828s][info][gc,stats    ]     Code Roots                     6077 us
[2026-04-03T03:17:26.290+0600][67.828s][info][gc,stats    ]   Rendezvous                        272 us
[2026-04-03T03:17:26.290+0600][67.828s][info][gc,stats    ]   Purge Unlinked                     13 us
[2026-04-03T03:17:26.290+0600][67.828s][info][gc,stats    ]     Code Roots                        4 us
[2026-04-03T03:17:26.290+0600][67.828s][info][gc,stats    ]     CLDG                              8 us
[2026-04-03T03:17:26.290+0600][67.828s][info][gc,stats    ]     Exception Caches                  0 us
[2026-04-03T03:17:26.290+0600][67.828s][info][gc,stats    ] Concurrent Strong Roots             979 us, parallelism: 0.58x
[2026-04-03T03:17:26.290+0600][67.828s][info][gc,stats    ]   CSR: <total>                      566 us
[2026-04-03T03:17:26.290+0600][67.828s][info][gc,stats    ]   CSR: VM Strong Roots               36 us, workers (us):  34,   2,   0, ---, ---, ---, 
[2026-04-03T03:17:26.290+0600][67.828s][info][gc,stats    ]   CSR: CLDG Roots                   530 us, workers (us): 530, ---, ---, ---, ---, ---, 
[2026-04-03T03:17:26.290+0600][67.828s][info][gc,stats    ] Concurrent Evacuation             17977 us
[2026-04-03T03:17:26.290+0600][67.828s][info][gc,stats    ] Pause Init Update Refs (G)          466 us
[2026-04-03T03:17:26.290+0600][67.828s][info][gc,stats    ] Pause Init Update Refs (N)          180 us
[2026-04-03T03:17:26.290+0600][67.828s][info][gc,stats    ]   Manage GCLABs                      30 us
[2026-04-03T03:17:26.290+0600][67.828s][info][gc,stats    ] Concurrent Update Refs           145031 us
[2026-04-03T03:17:26.290+0600][67.828s][info][gc,stats    ] Concurrent Update Thread Roots      983 us
[2026-04-03T03:17:26.290+0600][67.828s][info][gc,stats    ] Pause Final Update Refs (G)         608 us
[2026-04-03T03:17:26.290+0600][67.828s][info][gc,stats    ] Pause Final Update Refs (N)         265 us
[2026-04-03T03:17:26.290+0600][67.828s][info][gc,stats    ]   Update Region States               50 us
[2026-04-03T03:17:26.290+0600][67.828s][info][gc,stats    ]   Trash Collection Set               21 us
[2026-04-03T03:17:26.290+0600][67.828s][info][gc,stats    ]   Rebuild Free Set                   38 us
[2026-04-03T03:17:26.290+0600][67.828s][info][gc,stats    ] Concurrent Cleanup                  378 us
[2026-04-03T03:17:26.290+0600][67.828s][info][gc,stats    ] Pacing                           501502 us
[2026-04-03T03:17:26.290+0600][67.828s][info][gc,stats    ] 
[2026-04-03T03:17:26.290+0600][67.828s][info][gc,stats    ] Allocation pacing accrued:
[2026-04-03T03:17:26.290+0600][67.828s][info][gc,stats    ]     178 of   524 ms ( 34.0%): Executor task launch worker for task 2.0 in stage 15.0 (TID 26)
[2026-04-03T03:17:26.290+0600][67.828s][info][gc,stats    ]     145 of   524 ms ( 27.6%): Executor task launch worker for task 0.0 in stage 15.0 (TID 24)
[2026-04-03T03:17:26.290+0600][67.828s][info][gc,stats    ]     179 of   524 ms ( 34.1%): Executor task launch worker for task 1.0 in stage 15.0 (TID 25)
[2026-04-03T03:17:26.290+0600][67.828s][info][gc,stats    ]     502 of   524 ms ( 95.7%): <total>
[2026-04-03T03:17:26.290+0600][67.828s][info][gc,stats    ]       4 of   524 ms (  0.7%): <average total>
[2026-04-03T03:17:26.290+0600][67.828s][info][gc,stats    ]     167 of   524 ms ( 31.9%): <average non-zero>
[2026-04-03T03:17:26.290+0600][67.828s][info][gc,stats    ] 
[2026-04-03T03:17:26.290+0600][67.829s][info][gc,metaspace] Metaspace: 73074K(73984K)->73074K(73984K) NonClass: 63772K(64256K)->63772K(64256K) Class: 9302K(9728K)->9302K(9728K)
[2026-04-03T03:17:26.290+0600][67.829s][info][gc,ergo     ] Pacer for Idle. Initial: 15360K, Alloc Tax Rate: 1.0x
[2026-04-03T03:17:26.391+0600][67.930s][info][gc          ] Trigger: Average GC time (496.71 ms) is above the time for average allocation rate (614 MB/s) to deplete free headroom (227M) (margin of error = 1.99)
[2026-04-03T03:17:26.392+0600][67.930s][info][gc,ergo     ] Free headroom: 264M (free) - 38400K (spike) - 0B (penalties) = 227M
[2026-04-03T03:17:26.392+0600][67.930s][info][gc,ergo     ] Free: 264M, Max: 256K regular, 75264K humongous, Frag: 73% external, 0% internal; Reserve: 38400K, Max: 256K
[2026-04-03T03:17:26.392+0600][67.930s][info][gc,start    ] GC(97) Concurrent reset
[2026-04-03T03:17:26.392+0600][67.930s][info][gc,task     ] GC(97) Using 3 of 6 workers for concurrent reset
[2026-04-03T03:17:26.392+0600][67.930s][info][gc,ergo     ] GC(97) Pacer for Reset. Non-Taxable: 750M
[2026-04-03T03:17:26.393+0600][67.931s][info][gc          ] GC(97) Concurrent reset 1.450ms
[2026-04-03T03:17:26.393+0600][67.932s][info][gc,start    ] GC(97) Pause Init Mark (unload classes)
[2026-04-03T03:17:26.393+0600][67.932s][info][gc,task     ] GC(97) Using 6 of 6 workers for init marking
[2026-04-03T03:17:26.393+0600][67.932s][info][gc,ergo     ] GC(97) Pacer for Mark. Expected Live: 212M, Free: 263M, Non-Taxable: 26964K, Alloc Tax Rate: 1.0x
[2026-04-03T03:17:26.393+0600][67.932s][info][gc          ] GC(97) Pause Init Mark (unload classes) 0.119ms
[2026-04-03T03:17:26.394+0600][67.932s][info][gc,start    ] GC(97) Concurrent marking roots
[2026-04-03T03:17:26.394+0600][67.932s][info][gc,task     ] GC(97) Using 3 of 6 workers for concurrent marking roots
[2026-04-03T03:17:26.394+0600][67.933s][info][gc          ] GC(97) Concurrent marking roots 0.857ms
[2026-04-03T03:17:26.395+0600][67.933s][info][gc,start    ] GC(97) Concurrent marking (unload classes)
[2026-04-03T03:17:26.395+0600][67.933s][info][gc,task     ] GC(97) Using 3 of 6 workers for concurrent marking
[2026-04-03T03:17:26.681+0600][68.220s][info][gc          ] GC(97) Concurrent marking (unload classes) 286.636ms
[2026-04-03T03:17:26.682+0600][68.220s][info][gc,start    ] GC(97) Pause Final Mark (unload classes)
[2026-04-03T03:17:26.682+0600][68.220s][info][gc,task     ] GC(97) Using 6 of 6 workers for final marking
[2026-04-03T03:17:26.682+0600][68.220s][info][gc,ergo     ] GC(97) Adaptive CSet Selection. Target Free: 106M, Actual Free: 256M, Max CSet: 32000K, Min Garbage: 0B
[2026-04-03T03:17:26.682+0600][68.221s][info][gc,ergo     ] GC(97) Collectable Garbage: 199M (94%), Immediate: 12800K (5%), CSet: 186M (88%)
[2026-04-03T03:17:26.683+0600][68.221s][info][gc,ergo     ] GC(97) Pacer for Evacuation. Used CSet: 200M, Free: 219M, Non-Taxable: 22458K, Alloc Tax Rate: 2.2x
[2026-04-03T03:17:26.683+0600][68.221s][info][gc          ] GC(97) Pause Final Mark (unload classes) 1.003ms
[2026-04-03T03:17:26.683+0600][68.221s][info][gc,start    ] GC(97) Concurrent thread roots
[2026-04-03T03:17:26.683+0600][68.221s][info][gc,task     ] GC(97) Using 3 of 6 workers for Concurrent thread roots
[2026-04-03T03:17:26.683+0600][68.222s][info][gc          ] GC(97) Concurrent thread roots 0.642ms
[2026-04-03T03:17:26.683+0600][68.222s][info][gc,start    ] GC(97) Concurrent weak references
[2026-04-03T03:17:26.683+0600][68.222s][info][gc,task     ] GC(97) Using 3 of 6 workers for concurrent weak references
[2026-04-03T03:17:26.684+0600][68.222s][info][gc,ref      ] GC(97) Encountered references: Soft: 3302, Weak: 6361, Final: 84, Phantom: 603
[2026-04-03T03:17:26.684+0600][68.222s][info][gc,ref      ] GC(97) Discovered  references: Soft: 0, Weak: 602, Final: 2, Phantom: 348
[2026-04-03T03:17:26.684+0600][68.222s][info][gc,ref      ] GC(97) Enqueued    references: Soft: 0, Weak: 0, Final: 0, Phantom: 0
[2026-04-03T03:17:26.684+0600][68.222s][info][gc          ] GC(97) Concurrent weak references 0.319ms
[2026-04-03T03:17:26.684+0600][68.222s][info][gc,start    ] GC(97) Concurrent weak roots
[2026-04-03T03:17:26.684+0600][68.222s][info][gc,task     ] GC(97) Using 3 of 6 workers for concurrent weak root
[2026-04-03T03:17:26.686+0600][68.225s][info][gc          ] GC(97) Concurrent weak roots 2.453ms
[2026-04-03T03:17:26.686+0600][68.225s][info][gc,start    ] GC(97) Concurrent cleanup
[2026-04-03T03:17:26.686+0600][68.225s][info][gc          ] GC(97) Concurrent cleanup 504M->492M(672M) 0.230ms
[2026-04-03T03:17:26.686+0600][68.225s][info][gc,ergo     ] GC(97) Free: 217M, Max: 256K regular, 75264K humongous, Frag: 67% external, 0% internal; Reserve: 38230K, Max: 256K
[2026-04-03T03:17:26.686+0600][68.225s][info][gc,start    ] GC(97) Concurrent class unloading
[2026-04-03T03:17:26.687+0600][68.225s][info][gc,task     ] GC(97) Using 3 of 6 workers for concurrent class unloading
[2026-04-03T03:17:26.692+0600][68.230s][info][gc          ] GC(97) Concurrent class unloading 5.552ms
[2026-04-03T03:17:26.692+0600][68.231s][info][gc,start    ] GC(97) Concurrent strong roots
[2026-04-03T03:17:26.692+0600][68.231s][info][gc,task     ] GC(97) Using 3 of 6 workers for concurrent strong root
[2026-04-03T03:17:26.693+0600][68.231s][info][gc          ] GC(97) Concurrent strong roots 0.826ms
[2026-04-03T03:17:26.693+0600][68.231s][info][gc,start    ] GC(97) Concurrent evacuation
[2026-04-03T03:17:26.693+0600][68.231s][info][gc,task     ] GC(97) Using 3 of 6 workers for concurrent evacuation
[2026-04-03T03:17:26.708+0600][68.246s][info][gc          ] GC(97) Concurrent evacuation 14.645ms
[2026-04-03T03:17:26.708+0600][68.246s][info][gc,start    ] GC(97) Pause Init Update Refs
[2026-04-03T03:17:26.708+0600][68.247s][info][gc,ergo     ] GC(97) Pacer for Update Refs. Used: 516M, Free: 207M, Non-Taxable: 21229K, Alloc Tax Rate: 3.0x
[2026-04-03T03:17:26.708+0600][68.247s][info][gc          ] GC(97) Pause Init Update Refs 0.123ms
[2026-04-03T03:17:26.708+0600][68.247s][info][gc,start    ] GC(97) Concurrent update references
[2026-04-03T03:17:26.708+0600][68.247s][info][gc,task     ] GC(97) Using 3 of 6 workers for concurrent reference update
[2026-04-03T03:17:26.859+0600][68.397s][info][gc          ] GC(97) Concurrent update references 150.490ms
[2026-04-03T03:17:26.859+0600][68.397s][info][gc,start    ] GC(97) Concurrent update thread roots
[2026-04-03T03:17:26.860+0600][68.398s][info][gc          ] GC(97) Concurrent update thread roots 0.992ms
[2026-04-03T03:17:26.860+0600][68.398s][info][gc,start    ] GC(97) Pause Final Update Refs
[2026-04-03T03:17:26.860+0600][68.398s][info][gc,task     ] GC(97) Using 6 of 6 workers for final reference update
[2026-04-03T03:17:26.860+0600][68.399s][info][gc          ] GC(97) Pause Final Update Refs 0.241ms
[2026-04-03T03:17:26.860+0600][68.399s][info][gc,start    ] GC(97) Concurrent cleanup
[2026-04-03T03:17:26.861+0600][68.399s][info][gc          ] GC(97) Concurrent cleanup 604M->404M(672M) 0.366ms
[2026-04-03T03:17:26.861+0600][68.399s][info][gc,ergo     ] Free: 305M, Max: 256K regular, 79104K humongous, Frag: 75% external, 0% internal; Reserve: 38400K, Max: 256K
[2026-04-03T03:17:26.861+0600][68.399s][info][gc,stats    ] 
[2026-04-03T03:17:26.861+0600][68.399s][info][gc,stats    ] All times are wall-clock times, except per-root-class counters, that are sum over
[2026-04-03T03:17:26.861+0600][68.399s][info][gc,stats    ] all workers. Dividing the <total> over the root stage time estimates parallelism.
[2026-04-03T03:17:26.861+0600][68.399s][info][gc,stats    ] 
[2026-04-03T03:17:26.861+0600][68.399s][info][gc,stats    ] Concurrent Reset                   1512 us
[2026-04-03T03:17:26.861+0600][68.399s][info][gc,stats    ] Pause Init Mark (G)                 445 us
[2026-04-03T03:17:26.861+0600][68.399s][info][gc,stats    ] Pause Init Mark (N)                 129 us
[2026-04-03T03:17:26.861+0600][68.399s][info][gc,stats    ]   Update Region States               28 us
[2026-04-03T03:17:26.861+0600][68.399s][info][gc,stats    ] Concurrent Mark Roots               932 us, parallelism: 1.46x
[2026-04-03T03:17:26.861+0600][68.399s][info][gc,stats    ]   CMR: <total>                     1364 us
[2026-04-03T03:17:26.861+0600][68.399s][info][gc,stats    ]   CMR: Thread Roots                1131 us, workers (us): 245, 443, 444, ---, ---, ---, 
[2026-04-03T03:17:26.861+0600][68.399s][info][gc,stats    ]   CMR: VM Strong Roots               33 us, workers (us):  13,  10,   9, ---, ---, ---, 
[2026-04-03T03:17:26.861+0600][68.399s][info][gc,stats    ]   CMR: CLDG Roots                   200 us, workers (us): 200, ---, ---, ---, ---, ---, 
[2026-04-03T03:17:26.861+0600][68.400s][info][gc,stats    ] Concurrent Marking               286718 us
[2026-04-03T03:17:26.861+0600][68.400s][info][gc,stats    ] Pause Final Mark (G)               1421 us
[2026-04-03T03:17:26.861+0600][68.400s][info][gc,stats    ] Pause Final Mark (N)               1016 us
[2026-04-03T03:17:26.861+0600][68.400s][info][gc,stats    ]   Finish Mark                       313 us
[2026-04-03T03:17:26.861+0600][68.400s][info][gc,stats    ]   Update Region States               49 us
[2026-04-03T03:17:26.861+0600][68.400s][info][gc,stats    ]   Choose Collection Set             476 us
[2026-04-03T03:17:26.861+0600][68.400s][info][gc,stats    ]   Rebuild Free Set                   38 us
[2026-04-03T03:17:26.861+0600][68.400s][info][gc,stats    ] Concurrent Thread Roots             680 us, parallelism: 1.62x
[2026-04-03T03:17:26.861+0600][68.400s][info][gc,stats    ]   CTR: <total>                     1100 us
[2026-04-03T03:17:26.861+0600][68.400s][info][gc,stats    ]   CTR: Thread Roots                1100 us, workers (us): 410, 350, 340, ---, ---, ---, 
[2026-04-03T03:17:26.861+0600][68.400s][info][gc,stats    ] Concurrent Weak References          332 us, parallelism: 0.42x
[2026-04-03T03:17:26.861+0600][68.400s][info][gc,stats    ]   CWRF: <total>                     139 us
[2026-04-03T03:17:26.861+0600][68.400s][info][gc,stats    ]   CWRF: Weak References             139 us, workers (us): 100,  39,   1, ---, ---, ---, 
[2026-04-03T03:17:26.861+0600][68.400s][info][gc,stats    ] Concurrent Weak Roots              2517 us
[2026-04-03T03:17:26.861+0600][68.400s][info][gc,stats    ]   Roots                            2142 us, parallelism: 2.42x
[2026-04-03T03:17:26.861+0600][68.400s][info][gc,stats    ]     CWR: <total>                   5177 us
[2026-04-03T03:17:26.861+0600][68.400s][info][gc,stats    ]     CWR: Code Cache Roots          3448 us, workers (us): 1179, 1248, 1021, ---, ---, ---, 
[2026-04-03T03:17:26.861+0600][68.400s][info][gc,stats    ]     CWR: VM Weak Roots             1636 us, workers (us): 570, 568, 498, ---, ---, ---, 
[2026-04-03T03:17:26.861+0600][68.400s][info][gc,stats    ]     CWR: CLDG Roots                  94 us, workers (us): ---, ---,  94, ---, ---, ---, 
[2026-04-03T03:17:26.861+0600][68.400s][info][gc,stats    ]   Rendezvous                        266 us
[2026-04-03T03:17:26.861+0600][68.400s][info][gc,stats    ] Concurrent Cleanup                  262 us
[2026-04-03T03:17:26.861+0600][68.400s][info][gc,stats    ] Concurrent Class Unloading         5635 us
[2026-04-03T03:17:26.861+0600][68.400s][info][gc,stats    ]   Unlink Stale                     5253 us
[2026-04-03T03:17:26.861+0600][68.400s][info][gc,stats    ]     System Dictionary                99 us
[2026-04-03T03:17:26.861+0600][68.400s][info][gc,stats    ]     Weak Class Links                  0 us
[2026-04-03T03:17:26.861+0600][68.400s][info][gc,stats    ]     Code Roots                     5147 us
[2026-04-03T03:17:26.861+0600][68.400s][info][gc,stats    ]   Rendezvous                        248 us
[2026-04-03T03:17:26.861+0600][68.400s][info][gc,stats    ]   Purge Unlinked                     13 us
[2026-04-03T03:17:26.861+0600][68.400s][info][gc,stats    ]     Code Roots                        4 us
[2026-04-03T03:17:26.861+0600][68.400s][info][gc,stats    ]     CLDG                              8 us
[2026-04-03T03:17:26.861+0600][68.400s][info][gc,stats    ]     Exception Caches                  0 us
[2026-04-03T03:17:26.861+0600][68.400s][info][gc,stats    ] Concurrent Strong Roots             880 us, parallelism: 0.51x
[2026-04-03T03:17:26.861+0600][68.400s][info][gc,stats    ]   CSR: <total>                      447 us
[2026-04-03T03:17:26.861+0600][68.400s][info][gc,stats    ]   CSR: VM Strong Roots               30 us, workers (us):  21,   4,   5, ---, ---, ---, 
[2026-04-03T03:17:26.861+0600][68.400s][info][gc,stats    ]   CSR: CLDG Roots                   416 us, workers (us): 416, ---, ---, ---, ---, ---, 
[2026-04-03T03:17:26.861+0600][68.400s][info][gc,stats    ] Concurrent Evacuation             14789 us
[2026-04-03T03:17:26.861+0600][68.400s][info][gc,stats    ] Pause Init Update Refs (G)          495 us
[2026-04-03T03:17:26.862+0600][68.400s][info][gc,stats    ] Pause Init Update Refs (N)          143 us
[2026-04-03T03:17:26.862+0600][68.400s][info][gc,stats    ]   Manage GCLABs                      23 us
[2026-04-03T03:17:26.862+0600][68.400s][info][gc,stats    ] Concurrent Update Refs           150583 us
[2026-04-03T03:17:26.862+0600][68.400s][info][gc,stats    ] Concurrent Update Thread Roots     1057 us
[2026-04-03T03:17:26.862+0600][68.400s][info][gc,stats    ] Pause Final Update Refs (G)         490 us
[2026-04-03T03:17:26.862+0600][68.400s][info][gc,stats    ] Pause Final Update Refs (N)         276 us
[2026-04-03T03:17:26.862+0600][68.400s][info][gc,stats    ]   Update Region States              124 us
[2026-04-03T03:17:26.862+0600][68.400s][info][gc,stats    ]   Trash Collection Set               23 us
[2026-04-03T03:17:26.862+0600][68.400s][info][gc,stats    ]   Rebuild Free Set                   38 us
[2026-04-03T03:17:26.862+0600][68.400s][info][gc,stats    ] Concurrent Cleanup                  399 us
[2026-04-03T03:17:26.862+0600][68.400s][info][gc,stats    ] Pacing                           563969 us
[2026-04-03T03:17:26.862+0600][68.400s][info][gc,stats    ] 
[2026-04-03T03:17:26.862+0600][68.400s][info][gc,stats    ] Allocation pacing accrued:
[2026-04-03T03:17:26.862+0600][68.400s][info][gc,stats    ]      11 of   572 ms (  2.0%): Spark Context Cleaner
[2026-04-03T03:17:26.862+0600][68.400s][info][gc,stats    ]     182 of   572 ms ( 31.8%): Executor task launch worker for task 2.0 in stage 15.0 (TID 26)
[2026-04-03T03:17:26.862+0600][68.400s][info][gc,stats    ]     181 of   572 ms ( 31.7%): Executor task launch worker for task 0.0 in stage 15.0 (TID 24)
[2026-04-03T03:17:26.862+0600][68.400s][info][gc,stats    ]     190 of   572 ms ( 33.2%): Executor task launch worker for task 1.0 in stage 15.0 (TID 25)
[2026-04-03T03:17:26.862+0600][68.400s][info][gc,stats    ]     564 of   572 ms ( 98.7%): <total>
[2026-04-03T03:17:26.862+0600][68.400s][info][gc,stats    ]       4 of   572 ms (  0.7%): <average total>
[2026-04-03T03:17:26.862+0600][68.400s][info][gc,stats    ]     141 of   572 ms ( 24.7%): <average non-zero>
[2026-04-03T03:17:26.862+0600][68.400s][info][gc,stats    ] 
[2026-04-03T03:17:26.862+0600][68.400s][info][gc,metaspace] Metaspace: 73074K(73984K)->73074K(73984K) NonClass: 63772K(64256K)->63772K(64256K) Class: 9302K(9728K)->9302K(9728K)
[2026-04-03T03:17:26.862+0600][68.400s][info][gc,ergo     ] Pacer for Idle. Initial: 15360K, Alloc Tax Rate: 1.0x
[2026-04-03T03:17:26.892+0600][68.430s][info][gc          ] Trigger: Average GC time (504.88 ms) is above the time for average allocation rate (480 MB/s) to deplete free headroom (242M) (margin of error = 2.01)
[2026-04-03T03:17:26.892+0600][68.430s][info][gc,ergo     ] Free headroom: 279M (free) - 38400K (spike) - 0B (penalties) = 242M
[2026-04-03T03:17:26.892+0600][68.430s][info][gc,ergo     ] Free: 279M, Max: 256K regular, 79104K humongous, Frag: 73% external, 0% internal; Reserve: 38400K, Max: 256K
[2026-04-03T03:17:26.892+0600][68.430s][info][gc,start    ] GC(98) Concurrent reset
[2026-04-03T03:17:26.892+0600][68.430s][info][gc,task     ] GC(98) Using 3 of 6 workers for concurrent reset
[2026-04-03T03:17:26.892+0600][68.430s][info][gc,ergo     ] GC(98) Pacer for Reset. Non-Taxable: 750M
[2026-04-03T03:17:26.893+0600][68.432s][info][gc          ] GC(98) Concurrent reset 1.489ms
[2026-04-03T03:17:26.894+0600][68.432s][info][gc,start    ] GC(98) Pause Init Mark (unload classes)
[2026-04-03T03:17:26.894+0600][68.432s][info][gc,task     ] GC(98) Using 6 of 6 workers for init marking
[2026-04-03T03:17:26.894+0600][68.432s][info][gc,ergo     ] GC(98) Pacer for Mark. Expected Live: 221M, Free: 278M, Non-Taxable: 28474K, Alloc Tax Rate: 1.0x
[2026-04-03T03:17:26.894+0600][68.432s][info][gc          ] GC(98) Pause Init Mark (unload classes) 0.210ms
[2026-04-03T03:17:26.894+0600][68.432s][info][gc,start    ] GC(98) Concurrent marking roots
[2026-04-03T03:17:26.894+0600][68.432s][info][gc,task     ] GC(98) Using 3 of 6 workers for concurrent marking roots
[2026-04-03T03:17:26.895+0600][68.433s][info][gc          ] GC(98) Concurrent marking roots 0.955ms
[2026-04-03T03:17:26.895+0600][68.433s][info][gc,start    ] GC(98) Concurrent marking (unload classes)
[2026-04-03T03:17:26.895+0600][68.433s][info][gc,task     ] GC(98) Using 3 of 6 workers for concurrent marking
[2026-04-03T03:17:27.160+0600][68.698s][info][gc          ] GC(98) Concurrent marking (unload classes) 264.983ms
[2026-04-03T03:17:27.160+0600][68.698s][info][gc,start    ] GC(98) Pause Final Mark (unload classes)
[2026-04-03T03:17:27.160+0600][68.698s][info][gc,task     ] GC(98) Using 6 of 6 workers for final marking
[2026-04-03T03:17:27.161+0600][68.699s][info][gc,ergo     ] GC(98) Adaptive CSet Selection. Target Free: 106M, Actual Free: 286M, Max CSet: 32000K, Min Garbage: 0B
[2026-04-03T03:17:27.161+0600][68.699s][info][gc,ergo     ] GC(98) Collectable Garbage: 208M (94%), Immediate: 26624K (11%), CSet: 182M (82%)
[2026-04-03T03:17:27.161+0600][68.699s][info][gc,ergo     ] GC(98) Pacer for Evacuation. Used CSet: 200M, Free: 249M, Non-Taxable: 25556K, Alloc Tax Rate: 2.0x
[2026-04-03T03:17:27.161+0600][68.699s][info][gc          ] GC(98) Pause Final Mark (unload classes) 0.943ms
[2026-04-03T03:17:27.161+0600][68.699s][info][gc,start    ] GC(98) Concurrent thread roots
[2026-04-03T03:17:27.161+0600][68.700s][info][gc,task     ] GC(98) Using 3 of 6 workers for Concurrent thread roots
[2026-04-03T03:17:27.162+0600][68.700s][info][gc          ] GC(98) Concurrent thread roots 0.800ms
[2026-04-03T03:17:27.162+0600][68.700s][info][gc,start    ] GC(98) Concurrent weak references
[2026-04-03T03:17:27.162+0600][68.700s][info][gc,task     ] GC(98) Using 3 of 6 workers for concurrent weak references
[2026-04-03T03:17:27.162+0600][68.701s][info][gc,ref      ] GC(98) Encountered references: Soft: 3302, Weak: 6361, Final: 84, Phantom: 603
[2026-04-03T03:17:27.162+0600][68.701s][info][gc,ref      ] GC(98) Discovered  references: Soft: 0, Weak: 333, Final: 0, Phantom: 225
[2026-04-03T03:17:27.162+0600][68.701s][info][gc,ref      ] GC(98) Enqueued    references: Soft: 0, Weak: 0, Final: 0, Phantom: 0
[2026-04-03T03:17:27.162+0600][68.701s][info][gc          ] GC(98) Concurrent weak references 0.304ms
[2026-04-03T03:17:27.162+0600][68.701s][info][gc,start    ] GC(98) Concurrent weak roots
[2026-04-03T03:17:27.162+0600][68.701s][info][gc,task     ] GC(98) Using 3 of 6 workers for concurrent weak root
[2026-04-03T03:17:27.164+0600][68.703s][info][gc          ] GC(98) Concurrent weak roots 1.953ms
[2026-04-03T03:17:27.164+0600][68.703s][info][gc,start    ] GC(98) Concurrent cleanup
[2026-04-03T03:17:27.165+0600][68.703s][info][gc          ] GC(98) Concurrent cleanup 486M->460M(672M) 0.519ms
[2026-04-03T03:17:27.165+0600][68.703s][info][gc,ergo     ] GC(98) Free: 249M, Max: 256K regular, 79104K humongous, Frag: 70% external, 0% internal; Reserve: 38377K, Max: 256K
[2026-04-03T03:17:27.165+0600][68.703s][info][gc,start    ] GC(98) Concurrent class unloading
[2026-04-03T03:17:27.165+0600][68.703s][info][gc,task     ] GC(98) Using 3 of 6 workers for concurrent class unloading
[2026-04-03T03:17:27.170+0600][68.709s][info][gc          ] GC(98) Concurrent class unloading 5.530ms
[2026-04-03T03:17:27.170+0600][68.709s][info][gc,start    ] GC(98) Concurrent strong roots
[2026-04-03T03:17:27.170+0600][68.709s][info][gc,task     ] GC(98) Using 3 of 6 workers for concurrent strong root
[2026-04-03T03:17:27.171+0600][68.710s][info][gc          ] GC(98) Concurrent strong roots 0.871ms
[2026-04-03T03:17:27.171+0600][68.710s][info][gc,start    ] GC(98) Concurrent evacuation
[2026-04-03T03:17:27.171+0600][68.710s][info][gc,task     ] GC(98) Using 3 of 6 workers for concurrent evacuation
[2026-04-03T03:17:27.191+0600][68.729s][info][gc          ] GC(98) Concurrent evacuation 19.266ms
[2026-04-03T03:17:27.191+0600][68.730s][info][gc,start    ] GC(98) Pause Init Update Refs
[2026-04-03T03:17:27.191+0600][68.730s][info][gc,ergo     ] GC(98) Pacer for Update Refs. Used: 491M, Free: 237M, Non-Taxable: 24352K, Alloc Tax Rate: 2.5x
[2026-04-03T03:17:27.191+0600][68.730s][info][gc          ] GC(98) Pause Init Update Refs 0.106ms
[2026-04-03T03:17:27.192+0600][68.730s][info][gc,start    ] GC(98) Concurrent update references
[2026-04-03T03:17:27.192+0600][68.730s][info][gc,task     ] GC(98) Using 3 of 6 workers for concurrent reference update
[2026-04-03T03:17:27.321+0600][68.859s][info][gc          ] GC(98) Concurrent update references 129.088ms
[2026-04-03T03:17:27.321+0600][68.859s][info][gc,start    ] GC(98) Concurrent update thread roots
[2026-04-03T03:17:27.322+0600][68.860s][info][gc          ] GC(98) Concurrent update thread roots 0.975ms
[2026-04-03T03:17:27.322+0600][68.860s][info][gc,start    ] GC(98) Pause Final Update Refs
[2026-04-03T03:17:27.322+0600][68.860s][info][gc,task     ] GC(98) Using 6 of 6 workers for final reference update
[2026-04-03T03:17:27.322+0600][68.861s][info][gc          ] GC(98) Pause Final Update Refs 0.210ms
[2026-04-03T03:17:27.322+0600][68.861s][info][gc,start    ] GC(98) Concurrent cleanup
[2026-04-03T03:17:27.323+0600][68.861s][info][gc          ] GC(98) Concurrent cleanup 559M->359M(672M) 0.674ms
[2026-04-03T03:17:27.323+0600][68.862s][info][gc,ergo     ] Free: 351M, Max: 256K regular, 79104K humongous, Frag: 78% external, 0% internal; Reserve: 38400K, Max: 256K
[2026-04-03T03:17:27.323+0600][68.862s][info][gc,stats    ] 
[2026-04-03T03:17:27.323+0600][68.862s][info][gc,stats    ] All times are wall-clock times, except per-root-class counters, that are sum over
[2026-04-03T03:17:27.323+0600][68.862s][info][gc,stats    ] all workers. Dividing the <total> over the root stage time estimates parallelism.
[2026-04-03T03:17:27.323+0600][68.862s][info][gc,stats    ] 
[2026-04-03T03:17:27.323+0600][68.862s][info][gc,stats    ] Concurrent Reset                   1558 us
[2026-04-03T03:17:27.323+0600][68.862s][info][gc,stats    ] Pause Init Mark (G)                 549 us
[2026-04-03T03:17:27.323+0600][68.862s][info][gc,stats    ] Pause Init Mark (N)                 249 us
[2026-04-03T03:17:27.323+0600][68.862s][info][gc,stats    ]   Update Region States               81 us
[2026-04-03T03:17:27.323+0600][68.862s][info][gc,stats    ] Concurrent Mark Roots              1012 us, parallelism: 1.75x
[2026-04-03T03:17:27.323+0600][68.862s][info][gc,stats    ]   CMR: <total>                     1769 us
[2026-04-03T03:17:27.323+0600][68.862s][info][gc,stats    ]   CMR: Thread Roots                1417 us, workers (us): 590, 267, 560, ---, ---, ---, 
[2026-04-03T03:17:27.323+0600][68.862s][info][gc,stats    ]   CMR: VM Strong Roots               38 us, workers (us):  25,  13,   1, ---, ---, ---, 
[2026-04-03T03:17:27.323+0600][68.862s][info][gc,stats    ]   CMR: CLDG Roots                   314 us, workers (us): ---, 314, ---, ---, ---, ---, 
[2026-04-03T03:17:27.323+0600][68.862s][info][gc,stats    ] Concurrent Marking               265067 us
[2026-04-03T03:17:27.323+0600][68.862s][info][gc,stats    ] Pause Final Mark (G)               1097 us
[2026-04-03T03:17:27.323+0600][68.862s][info][gc,stats    ] Pause Final Mark (N)                953 us
[2026-04-03T03:17:27.323+0600][68.862s][info][gc,stats    ]   Finish Mark                       295 us
[2026-04-03T03:17:27.323+0600][68.862s][info][gc,stats    ]   Update Region States               46 us
[2026-04-03T03:17:27.323+0600][68.862s][info][gc,stats    ]   Choose Collection Set             460 us
[2026-04-03T03:17:27.323+0600][68.862s][info][gc,stats    ]   Rebuild Free Set                   45 us
[2026-04-03T03:17:27.323+0600][68.862s][info][gc,stats    ] Concurrent Thread Roots             857 us, parallelism: 1.65x
[2026-04-03T03:17:27.323+0600][68.862s][info][gc,stats    ]   CTR: <total>                     1414 us
[2026-04-03T03:17:27.323+0600][68.862s][info][gc,stats    ]   CTR: Thread Roots                1414 us, workers (us): 491, 471, 452, ---, ---, ---, 
[2026-04-03T03:17:27.323+0600][68.862s][info][gc,stats    ] Concurrent Weak References          315 us, parallelism: 0.38x
[2026-04-03T03:17:27.323+0600][68.862s][info][gc,stats    ]   CWRF: <total>                     119 us
[2026-04-03T03:17:27.323+0600][68.862s][info][gc,stats    ]   CWRF: Weak References             119 us, workers (us):  69,  44,   6, ---, ---, ---, 
[2026-04-03T03:17:27.323+0600][68.862s][info][gc,stats    ] Concurrent Weak Roots              2004 us
[2026-04-03T03:17:27.323+0600][68.862s][info][gc,stats    ]   Roots                            1686 us, parallelism: 2.34x
[2026-04-03T03:17:27.323+0600][68.862s][info][gc,stats    ]     CWR: <total>                   3938 us
[2026-04-03T03:17:27.323+0600][68.862s][info][gc,stats    ]     CWR: Code Cache Roots          2649 us, workers (us): 917, 923, 810, ---, ---, ---, 
[2026-04-03T03:17:27.323+0600][68.862s][info][gc,stats    ]     CWR: VM Weak Roots             1226 us, workers (us): 440, 395, 391, ---, ---, ---, 
[2026-04-03T03:17:27.323+0600][68.862s][info][gc,stats    ]     CWR: CLDG Roots                  63 us, workers (us): ---, ---,  63, ---, ---, ---, 
[2026-04-03T03:17:27.323+0600][68.862s][info][gc,stats    ]   Rendezvous                        244 us
[2026-04-03T03:17:27.323+0600][68.862s][info][gc,stats    ] Concurrent Cleanup                  546 us
[2026-04-03T03:17:27.323+0600][68.862s][info][gc,stats    ] Concurrent Class Unloading         5608 us
[2026-04-03T03:17:27.323+0600][68.862s][info][gc,stats    ]   Unlink Stale                     5179 us
[2026-04-03T03:17:27.324+0600][68.862s][info][gc,stats    ]     System Dictionary                70 us
[2026-04-03T03:17:27.324+0600][68.862s][info][gc,stats    ]     Weak Class Links                  0 us
[2026-04-03T03:17:27.324+0600][68.862s][info][gc,stats    ]     Code Roots                     5106 us
[2026-04-03T03:17:27.324+0600][68.862s][info][gc,stats    ]   Rendezvous                        309 us
[2026-04-03T03:17:27.324+0600][68.862s][info][gc,stats    ]   Purge Unlinked                     18 us
[2026-04-03T03:17:27.324+0600][68.862s][info][gc,stats    ]     Code Roots                        4 us
[2026-04-03T03:17:27.324+0600][68.862s][info][gc,stats    ]     CLDG                             13 us
[2026-04-03T03:17:27.324+0600][68.862s][info][gc,stats    ]     Exception Caches                  1 us
[2026-04-03T03:17:27.324+0600][68.862s][info][gc,stats    ] Concurrent Strong Roots             930 us, parallelism: 0.57x
[2026-04-03T03:17:27.324+0600][68.862s][info][gc,stats    ]   CSR: <total>                      534 us
[2026-04-03T03:17:27.324+0600][68.862s][info][gc,stats    ]   CSR: VM Strong Roots               67 us, workers (us):  62,   5,   0, ---, ---, ---, 
[2026-04-03T03:17:27.324+0600][68.862s][info][gc,stats    ]   CSR: CLDG Roots                   467 us, workers (us): 467, ---, ---, ---, ---, ---, 
[2026-04-03T03:17:27.324+0600][68.862s][info][gc,stats    ] Concurrent Evacuation             19397 us
[2026-04-03T03:17:27.324+0600][68.862s][info][gc,stats    ] Pause Init Update Refs (G)          865 us
[2026-04-03T03:17:27.324+0600][68.862s][info][gc,stats    ] Pause Init Update Refs (N)          116 us
[2026-04-03T03:17:27.324+0600][68.862s][info][gc,stats    ]   Manage GCLABs                      18 us
[2026-04-03T03:17:27.324+0600][68.862s][info][gc,stats    ] Concurrent Update Refs           129198 us
[2026-04-03T03:17:27.324+0600][68.862s][info][gc,stats    ] Concurrent Update Thread Roots     1059 us
[2026-04-03T03:17:27.324+0600][68.862s][info][gc,stats    ] Pause Final Update Refs (G)         527 us
[2026-04-03T03:17:27.324+0600][68.862s][info][gc,stats    ] Pause Final Update Refs (N)         234 us
[2026-04-03T03:17:27.324+0600][68.862s][info][gc,stats    ]   Update Region States               64 us
[2026-04-03T03:17:27.324+0600][68.862s][info][gc,stats    ]   Trash Collection Set               23 us
[2026-04-03T03:17:27.324+0600][68.862s][info][gc,stats    ]   Rebuild Free Set                   48 us
[2026-04-03T03:17:27.324+0600][68.862s][info][gc,stats    ] Concurrent Cleanup                  697 us
[2026-04-03T03:17:27.324+0600][68.862s][info][gc,stats    ] Pacing                           547644 us
[2026-04-03T03:17:27.324+0600][68.862s][info][gc,stats    ] 
[2026-04-03T03:17:27.324+0600][68.862s][info][gc,stats    ] Allocation pacing accrued:
[2026-04-03T03:17:27.324+0600][68.862s][info][gc,stats    ]       8 of   462 ms (  1.7%): heartbeat-receiver-event-loop-thread
[2026-04-03T03:17:27.324+0600][68.862s][info][gc,stats    ]      11 of   462 ms (  2.4%): executor-kill-mark-cleanup
[2026-04-03T03:17:27.324+0600][68.862s][info][gc,stats    ]     176 of   462 ms ( 38.2%): Executor task launch worker for task 2.0 in stage 15.0 (TID 26)
[2026-04-03T03:17:27.324+0600][68.862s][info][gc,stats    ]     176 of   462 ms ( 38.0%): Executor task launch worker for task 0.0 in stage 15.0 (TID 24)
[2026-04-03T03:17:27.324+0600][68.862s][info][gc,stats    ]     177 of   462 ms ( 38.2%): Executor task launch worker for task 1.0 in stage 15.0 (TID 25)
[2026-04-03T03:17:27.324+0600][68.862s][info][gc,stats    ]     548 of   462 ms (118.5%): <total>
[2026-04-03T03:17:27.324+0600][68.862s][info][gc,stats    ]       4 of   462 ms (  0.9%): <average total>
[2026-04-03T03:17:27.324+0600][68.862s][info][gc,stats    ]     110 of   462 ms ( 23.7%): <average non-zero>
[2026-04-03T03:17:27.324+0600][68.862s][info][gc,stats    ] 
[2026-04-03T03:17:27.324+0600][68.862s][info][gc,metaspace] Metaspace: 73074K(73984K)->73078K(73984K) NonClass: 63772K(64256K)->63776K(64256K) Class: 9302K(9728K)->9302K(9728K)
[2026-04-03T03:17:27.324+0600][68.862s][info][gc,ergo     ] Pacer for Idle. Initial: 15360K, Alloc Tax Rate: 1.0x
[2026-04-03T03:17:27.425+0600][68.963s][info][gc          ] Trigger: Average GC time (485.42 ms) is above the time for average allocation rate (748 MB/s) to deplete free headroom (203M) (margin of error = 2.01)
[2026-04-03T03:17:27.425+0600][68.963s][info][gc,ergo     ] Free headroom: 241M (free) - 38400K (spike) - 0B (penalties) = 203M
[2026-04-03T03:17:27.425+0600][68.963s][info][gc,ergo     ] Free: 241M, Max: 256K regular, 79104K humongous, Frag: 68% external, 0% internal; Reserve: 38400K, Max: 256K
[2026-04-03T03:17:27.425+0600][68.963s][info][gc,start    ] GC(99) Concurrent reset
[2026-04-03T03:17:27.425+0600][68.964s][info][gc,task     ] GC(99) Using 3 of 6 workers for concurrent reset
[2026-04-03T03:17:27.425+0600][68.964s][info][gc,ergo     ] GC(99) Pacer for Reset. Non-Taxable: 750M
[2026-04-03T03:17:27.426+0600][68.965s][info][gc          ] GC(99) Concurrent reset 1.288ms
[2026-04-03T03:17:27.427+0600][68.965s][info][gc,start    ] GC(99) Pause Init Mark (unload classes)
[2026-04-03T03:17:27.427+0600][68.965s][info][gc,task     ] GC(99) Using 6 of 6 workers for init marking
[2026-04-03T03:17:27.427+0600][68.965s][info][gc,ergo     ] GC(99) Pacer for Mark. Expected Live: 222M, Free: 240M, Non-Taxable: 24634K, Alloc Tax Rate: 1.1x
[2026-04-03T03:17:27.427+0600][68.965s][info][gc          ] GC(99) Pause Init Mark (unload classes) 0.297ms
[2026-04-03T03:17:27.427+0600][68.965s][info][gc,start    ] GC(99) Concurrent marking roots
[2026-04-03T03:17:27.427+0600][68.966s][info][gc,task     ] GC(99) Using 3 of 6 workers for concurrent marking roots
[2026-04-03T03:17:27.428+0600][68.966s][info][gc          ] GC(99) Concurrent marking roots 0.895ms
[2026-04-03T03:17:27.428+0600][68.966s][info][gc,start    ] GC(99) Concurrent marking (unload classes)
[2026-04-03T03:17:27.428+0600][68.966s][info][gc,task     ] GC(99) Using 3 of 6 workers for concurrent marking
[2026-04-03T03:17:27.716+0600][69.254s][info][gc          ] GC(99) Concurrent marking (unload classes) 287.663ms
[2026-04-03T03:17:27.716+0600][69.254s][info][gc,start    ] GC(99) Pause Final Mark (unload classes)
[2026-04-03T03:17:27.716+0600][69.254s][info][gc,task     ] GC(99) Using 6 of 6 workers for final marking
[2026-04-03T03:17:27.716+0600][69.255s][info][gc,ergo     ] GC(99) Adaptive CSet Selection. Target Free: 106M, Actual Free: 221M, Max CSet: 32000K, Min Garbage: 0B
[2026-04-03T03:17:27.717+0600][69.255s][info][gc,ergo     ] GC(99) Collectable Garbage: 232M (95%), Immediate: 768K (0%), CSet: 231M (94%)
[2026-04-03T03:17:27.717+0600][69.255s][info][gc,ergo     ] GC(99) Pacer for Evacuation. Used CSet: 248M, Free: 184M, Non-Taxable: 18849K, Alloc Tax Rate: 3.3x
[2026-04-03T03:17:27.717+0600][69.255s][info][gc          ] GC(99) Pause Final Mark (unload classes) 0.980ms
[2026-04-03T03:17:27.717+0600][69.255s][info][gc,start    ] GC(99) Concurrent thread roots
[2026-04-03T03:17:27.717+0600][69.256s][info][gc,task     ] GC(99) Using 3 of 6 workers for Concurrent thread roots
[2026-04-03T03:17:27.718+0600][69.256s][info][gc          ] GC(99) Concurrent thread roots 0.722ms
[2026-04-03T03:17:27.718+0600][69.256s][info][gc,start    ] GC(99) Concurrent weak references
[2026-04-03T03:17:27.718+0600][69.256s][info][gc,task     ] GC(99) Using 3 of 6 workers for concurrent weak references
[2026-04-03T03:17:27.718+0600][69.256s][info][gc,ref      ] GC(99) Encountered references: Soft: 3302, Weak: 6361, Final: 84, Phantom: 603
[2026-04-03T03:17:27.718+0600][69.256s][info][gc,ref      ] GC(99) Discovered  references: Soft: 0, Weak: 624, Final: 0, Phantom: 599
[2026-04-03T03:17:27.718+0600][69.256s][info][gc,ref      ] GC(99) Enqueued    references: Soft: 0, Weak: 0, Final: 0, Phantom: 0
[2026-04-03T03:17:27.718+0600][69.257s][info][gc          ] GC(99) Concurrent weak references 0.288ms
[2026-04-03T03:17:27.718+0600][69.257s][info][gc,start    ] GC(99) Concurrent weak roots
[2026-04-03T03:17:27.718+0600][69.257s][info][gc,task     ] GC(99) Using 3 of 6 workers for concurrent weak root
[2026-04-03T03:17:27.720+0600][69.259s][info][gc          ] GC(99) Concurrent weak roots 2.025ms
[2026-04-03T03:17:27.720+0600][69.259s][info][gc,start    ] GC(99) Concurrent cleanup
[2026-04-03T03:17:27.721+0600][69.259s][info][gc          ] GC(99) Concurrent cleanup 528M->527M(672M) 0.549ms
[2026-04-03T03:17:27.721+0600][69.259s][info][gc,ergo     ] GC(99) Free: 182M, Max: 256K regular, 79104K humongous, Frag: 58% external, 0% internal; Reserve: 37958K, Max: 256K
[2026-04-03T03:17:27.721+0600][69.259s][info][gc,start    ] GC(99) Concurrent class unloading
[2026-04-03T03:17:27.721+0600][69.259s][info][gc,task     ] GC(99) Using 3 of 6 workers for concurrent class unloading
[2026-04-03T03:17:27.727+0600][69.266s][info][gc          ] GC(99) Concurrent class unloading 6.298ms
[2026-04-03T03:17:27.727+0600][69.266s][info][gc,start    ] GC(99) Concurrent strong roots
[2026-04-03T03:17:27.727+0600][69.266s][info][gc,task     ] GC(99) Using 3 of 6 workers for concurrent strong root
[2026-04-03T03:17:27.728+0600][69.266s][info][gc          ] GC(99) Concurrent strong roots 0.778ms
[2026-04-03T03:17:27.728+0600][69.266s][info][gc,start    ] GC(99) Concurrent evacuation
[2026-04-03T03:17:27.728+0600][69.266s][info][gc,task     ] GC(99) Using 3 of 6 workers for concurrent evacuation
[2026-04-03T03:17:27.748+0600][69.286s][info][gc          ] GC(99) Concurrent evacuation 19.523ms
[2026-04-03T03:17:27.748+0600][69.286s][info][gc,start    ] GC(99) Pause Init Update Refs
[2026-04-03T03:17:27.748+0600][69.286s][info][gc,ergo     ] GC(99) Pacer for Update Refs. Used: 558M, Free: 168M, Non-Taxable: 17236K, Alloc Tax Rate: 4.1x
[2026-04-03T03:17:27.748+0600][69.286s][info][gc          ] GC(99) Pause Init Update Refs 0.151ms
[2026-04-03T03:17:27.748+0600][69.287s][info][gc,start    ] GC(99) Concurrent update references
[2026-04-03T03:17:27.748+0600][69.287s][info][gc,task     ] GC(99) Using 3 of 6 workers for concurrent reference update
[2026-04-03T03:17:27.928+0600][69.467s][info][gc          ] GC(99) Concurrent update references 179.947ms
[2026-04-03T03:17:27.928+0600][69.467s][info][gc,start    ] GC(99) Concurrent update thread roots
[2026-04-03T03:17:27.929+0600][69.468s][info][gc          ] GC(99) Concurrent update thread roots 1.087ms
[2026-04-03T03:17:27.930+0600][69.468s][info][gc,start    ] GC(99) Pause Final Update Refs
[2026-04-03T03:17:27.930+0600][69.468s][info][gc,task     ] GC(99) Using 6 of 6 workers for final reference update
[2026-04-03T03:17:27.930+0600][69.468s][info][gc          ] GC(99) Pause Final Update Refs 0.374ms
[2026-04-03T03:17:27.930+0600][69.469s][info][gc,start    ] GC(99) Concurrent cleanup
[2026-04-03T03:17:27.931+0600][69.469s][info][gc          ] GC(99) Concurrent cleanup 658M->410M(691M) 0.752ms
[2026-04-03T03:17:27.931+0600][69.469s][info][gc,ergo     ] Free: 299M, Max: 256K regular, 51200K humongous, Frag: 84% external, 0% internal; Reserve: 38400K, Max: 256K
[2026-04-03T03:17:27.931+0600][69.469s][info][gc,stats    ] 
[2026-04-03T03:17:27.931+0600][69.469s][info][gc,stats    ] All times are wall-clock times, except per-root-class counters, that are sum over
[2026-04-03T03:17:27.931+0600][69.469s][info][gc,stats    ] all workers. Dividing the <total> over the root stage time estimates parallelism.
[2026-04-03T03:17:27.931+0600][69.469s][info][gc,stats    ] 
[2026-04-03T03:17:27.931+0600][69.469s][info][gc,stats    ] Concurrent Reset                   1323 us
[2026-04-03T03:17:27.931+0600][69.469s][info][gc,stats    ] Pause Init Mark (G)                 661 us
[2026-04-03T03:17:27.931+0600][69.469s][info][gc,stats    ] Pause Init Mark (N)                 308 us
[2026-04-03T03:17:27.931+0600][69.469s][info][gc,stats    ]   Update Region States               34 us
[2026-04-03T03:17:27.931+0600][69.469s][info][gc,stats    ] Concurrent Mark Roots               946 us, parallelism: 1.62x
[2026-04-03T03:17:27.931+0600][69.469s][info][gc,stats    ]   CMR: <total>                     1532 us
[2026-04-03T03:17:27.931+0600][69.469s][info][gc,stats    ]   CMR: Thread Roots                1252 us, workers (us): 273, 511, 468, ---, ---, ---, 
[2026-04-03T03:17:27.931+0600][69.469s][info][gc,stats    ]   CMR: VM Strong Roots               35 us, workers (us):  33,   1,   1, ---, ---, ---, 
[2026-04-03T03:17:27.931+0600][69.469s][info][gc,stats    ]   CMR: CLDG Roots                   245 us, workers (us): 245, ---, ---, ---, ---, ---, 
[2026-04-03T03:17:27.931+0600][69.469s][info][gc,stats    ] Concurrent Marking               287739 us
[2026-04-03T03:17:27.931+0600][69.469s][info][gc,stats    ] Pause Final Mark (G)               1277 us
[2026-04-03T03:17:27.931+0600][69.469s][info][gc,stats    ] Pause Final Mark (N)                992 us
[2026-04-03T03:17:27.931+0600][69.469s][info][gc,stats    ]   Finish Mark                       220 us
[2026-04-03T03:17:27.931+0600][69.470s][info][gc,stats    ]   Update Region States               44 us
[2026-04-03T03:17:27.931+0600][69.470s][info][gc,stats    ]   Choose Collection Set             555 us
[2026-04-03T03:17:27.931+0600][69.470s][info][gc,stats    ]   Rebuild Free Set                   40 us
[2026-04-03T03:17:27.931+0600][69.470s][info][gc,stats    ] Concurrent Thread Roots             769 us, parallelism: 1.93x
[2026-04-03T03:17:27.931+0600][69.470s][info][gc,stats    ]   CTR: <total>                     1485 us
[2026-04-03T03:17:27.931+0600][69.470s][info][gc,stats    ]   CTR: Thread Roots                1485 us, workers (us): 504, 479, 502, ---, ---, ---, 
[2026-04-03T03:17:27.931+0600][69.470s][info][gc,stats    ] Concurrent Weak References          300 us, parallelism: 0.61x
[2026-04-03T03:17:27.931+0600][69.470s][info][gc,stats    ]   CWRF: <total>                     183 us
[2026-04-03T03:17:27.931+0600][69.470s][info][gc,stats    ]   CWRF: Weak References             183 us, workers (us):  80,  12,  91, ---, ---, ---, 
[2026-04-03T03:17:27.931+0600][69.470s][info][gc,stats    ] Concurrent Weak Roots              2080 us
[2026-04-03T03:17:27.931+0600][69.470s][info][gc,stats    ]   Roots                            1837 us, parallelism: 2.55x
[2026-04-03T03:17:27.931+0600][69.470s][info][gc,stats    ]     CWR: <total>                   4688 us
[2026-04-03T03:17:27.931+0600][69.470s][info][gc,stats    ]     CWR: Code Cache Roots          3121 us, workers (us): 1059, 981, 1082, ---, ---, ---, 
[2026-04-03T03:17:27.931+0600][69.470s][info][gc,stats    ]     CWR: VM Weak Roots             1428 us, workers (us): 502, 477, 449, ---, ---, ---, 
[2026-04-03T03:17:27.931+0600][69.470s][info][gc,stats    ]     CWR: CLDG Roots                 139 us, workers (us): ---, 139, ---, ---, ---, ---, 
[2026-04-03T03:17:27.931+0600][69.470s][info][gc,stats    ]   Rendezvous                        160 us
[2026-04-03T03:17:27.931+0600][69.470s][info][gc,stats    ] Concurrent Cleanup                  576 us
[2026-04-03T03:17:27.931+0600][69.470s][info][gc,stats    ] Concurrent Class Unloading         6374 us
[2026-04-03T03:17:27.931+0600][69.470s][info][gc,stats    ]   Unlink Stale                     6023 us
[2026-04-03T03:17:27.931+0600][69.470s][info][gc,stats    ]     System Dictionary                87 us
[2026-04-03T03:17:27.931+0600][69.470s][info][gc,stats    ]     Weak Class Links                  0 us
[2026-04-03T03:17:27.931+0600][69.470s][info][gc,stats    ]     Code Roots                     5933 us
[2026-04-03T03:17:27.931+0600][69.470s][info][gc,stats    ]   Rendezvous                        227 us
[2026-04-03T03:17:27.931+0600][69.470s][info][gc,stats    ]   Purge Unlinked                     13 us
[2026-04-03T03:17:27.931+0600][69.470s][info][gc,stats    ]     Code Roots                        4 us
[2026-04-03T03:17:27.931+0600][69.470s][info][gc,stats    ]     CLDG                              7 us
[2026-04-03T03:17:27.931+0600][69.470s][info][gc,stats    ]     Exception Caches                  0 us
[2026-04-03T03:17:27.931+0600][69.470s][info][gc,stats    ] Concurrent Strong Roots             812 us, parallelism: 0.66x
[2026-04-03T03:17:27.931+0600][69.470s][info][gc,stats    ]   CSR: <total>                      535 us
[2026-04-03T03:17:27.931+0600][69.470s][info][gc,stats    ]   CSR: VM Strong Roots               39 us, workers (us):  35,   2,   2, ---, ---, ---, 
[2026-04-03T03:17:27.931+0600][69.470s][info][gc,stats    ]   CSR: CLDG Roots                   496 us, workers (us): 496, ---, ---, ---, ---, ---, 
[2026-04-03T03:17:27.931+0600][69.470s][info][gc,stats    ] Concurrent Evacuation             19610 us
[2026-04-03T03:17:27.931+0600][69.470s][info][gc,stats    ] Pause Init Update Refs (G)          598 us
[2026-04-03T03:17:27.931+0600][69.470s][info][gc,stats    ] Pause Init Update Refs (N)          168 us
[2026-04-03T03:17:27.931+0600][69.470s][info][gc,stats    ]   Manage GCLABs                      25 us
[2026-04-03T03:17:27.931+0600][69.470s][info][gc,stats    ] Concurrent Update Refs           180052 us
[2026-04-03T03:17:27.931+0600][69.470s][info][gc,stats    ] Concurrent Update Thread Roots     1121 us
[2026-04-03T03:17:27.931+0600][69.470s][info][gc,stats    ] Pause Final Update Refs (G)         701 us
[2026-04-03T03:17:27.931+0600][69.470s][info][gc,stats    ] Pause Final Update Refs (N)         445 us
[2026-04-03T03:17:27.931+0600][69.470s][info][gc,stats    ]   Update Region States              139 us
[2026-04-03T03:17:27.931+0600][69.470s][info][gc,stats    ]   Trash Collection Set               63 us
[2026-04-03T03:17:27.931+0600][69.470s][info][gc,stats    ]   Rebuild Free Set                   80 us
[2026-04-03T03:17:27.931+0600][69.470s][info][gc,stats    ] Concurrent Cleanup                  787 us
[2026-04-03T03:17:27.931+0600][69.470s][info][gc,stats    ] Pacing                           525300 us
[2026-04-03T03:17:27.931+0600][69.470s][info][gc,stats    ] 
[2026-04-03T03:17:27.931+0600][69.470s][info][gc,stats    ] Allocation pacing accrued:
[2026-04-03T03:17:27.931+0600][69.470s][info][gc,stats    ]     188 of   608 ms ( 30.9%): Executor task launch worker for task 2.0 in stage 15.0 (TID 26)
[2026-04-03T03:17:27.931+0600][69.470s][info][gc,stats    ]     194 of   608 ms ( 31.9%): Executor task launch worker for task 0.0 in stage 15.0 (TID 24)
[2026-04-03T03:17:27.931+0600][69.470s][info][gc,stats    ]     144 of   608 ms ( 23.6%): Executor task launch worker for task 1.0 in stage 15.0 (TID 25)
[2026-04-03T03:17:27.931+0600][69.470s][info][gc,stats    ]     525 of   608 ms ( 86.4%): <total>
[2026-04-03T03:17:27.931+0600][69.470s][info][gc,stats    ]       4 of   608 ms (  0.6%): <average total>
[2026-04-03T03:17:27.931+0600][69.470s][info][gc,stats    ]     175 of   608 ms ( 28.8%): <average non-zero>
[2026-04-03T03:17:27.932+0600][69.470s][info][gc,stats    ] 
[2026-04-03T03:17:27.932+0600][69.470s][info][gc,metaspace] Metaspace: 73078K(73984K)->73078K(73984K) NonClass: 63776K(64256K)->63776K(64256K) Class: 9302K(9728K)->9302K(9728K)
[2026-04-03T03:17:27.932+0600][69.470s][info][gc,ergo     ] Pacer for Idle. Initial: 15360K, Alloc Tax Rate: 1.0x
[2026-04-03T03:17:27.933+0600][69.471s][info][gc          ] Trigger: Average GC time (544.92 ms) is above the time for average allocation rate (548 MB/s) to deplete free headroom (260M) (margin of error = 2.03)
[2026-04-03T03:17:27.933+0600][69.471s][info][gc,ergo     ] Free headroom: 298M (free) - 38400K (spike) - 0B (penalties) = 260M
[2026-04-03T03:17:27.933+0600][69.471s][info][gc,ergo     ] Free: 298M, Max: 256K regular, 51200K humongous, Frag: 84% external, 0% internal; Reserve: 38400K, Max: 256K
[2026-04-03T03:17:27.933+0600][69.471s][info][gc,start    ] GC(100) Concurrent reset
[2026-04-03T03:17:27.933+0600][69.471s][info][gc,task     ] GC(100) Using 3 of 6 workers for concurrent reset
[2026-04-03T03:17:27.933+0600][69.471s][info][gc,ergo     ] GC(100) Pacer for Reset. Non-Taxable: 750M
[2026-04-03T03:17:27.934+0600][69.473s][info][gc          ] GC(100) Concurrent reset 1.638ms
[2026-04-03T03:17:27.935+0600][69.473s][info][gc,start    ] GC(100) Pause Init Mark (unload classes)
[2026-04-03T03:17:27.935+0600][69.473s][info][gc,task     ] GC(100) Using 6 of 6 workers for init marking
[2026-04-03T03:17:27.935+0600][69.473s][info][gc,ergo     ] GC(100) Pacer for Mark. Expected Live: 224M, Free: 296M, Non-Taxable: 30369K, Alloc Tax Rate: 0.9x
[2026-04-03T03:17:27.935+0600][69.473s][info][gc          ] GC(100) Pause Init Mark (unload classes) 0.127ms
[2026-04-03T03:17:27.935+0600][69.473s][info][gc,start    ] GC(100) Concurrent marking roots
[2026-04-03T03:17:27.935+0600][69.473s][info][gc,task     ] GC(100) Using 3 of 6 workers for concurrent marking roots
[2026-04-03T03:17:27.936+0600][69.474s][info][gc          ] GC(100) Concurrent marking roots 0.908ms
[2026-04-03T03:17:27.936+0600][69.474s][info][gc,start    ] GC(100) Concurrent marking (unload classes)
[2026-04-03T03:17:27.936+0600][69.474s][info][gc,task     ] GC(100) Using 3 of 6 workers for concurrent marking
[2026-04-03T03:17:28.239+0600][69.778s][info][gc          ] GC(100) Concurrent marking (unload classes) 303.292ms
[2026-04-03T03:17:28.239+0600][69.778s][info][gc,start    ] GC(100) Pause Final Mark (unload classes)
[2026-04-03T03:17:28.239+0600][69.778s][info][gc,task     ] GC(100) Using 6 of 6 workers for final marking
[2026-04-03T03:17:28.240+0600][69.778s][info][gc,ergo     ] GC(100) Adaptive CSet Selection. Target Free: 106M, Actual Free: 271M, Max CSet: 32000K, Min Garbage: 0B
[2026-04-03T03:17:28.240+0600][69.779s][info][gc,ergo     ] GC(100) Collectable Garbage: 171M (92%), Immediate: 9216K (4%), CSet: 162M (88%)
[2026-04-03T03:17:28.240+0600][69.779s][info][gc,ergo     ] GC(100) Pacer for Evacuation. Used CSet: 173M, Free: 235M, Non-Taxable: 24071K, Alloc Tax Rate: 1.8x
[2026-04-03T03:17:28.240+0600][69.779s][info][gc          ] GC(100) Pause Final Mark (unload classes) 0.803ms
[2026-04-03T03:17:28.240+0600][69.779s][info][gc,start    ] GC(100) Concurrent thread roots
[2026-04-03T03:17:28.240+0600][69.779s][info][gc,task     ] GC(100) Using 3 of 6 workers for Concurrent thread roots
[2026-04-03T03:17:28.241+0600][69.779s][info][gc          ] GC(100) Concurrent thread roots 0.650ms
[2026-04-03T03:17:28.241+0600][69.779s][info][gc,start    ] GC(100) Concurrent weak references
[2026-04-03T03:17:28.241+0600][69.780s][info][gc,task     ] GC(100) Using 3 of 6 workers for concurrent weak references
[2026-04-03T03:17:28.241+0600][69.780s][info][gc,ref      ] GC(100) Encountered references: Soft: 3302, Weak: 6361, Final: 84, Phantom: 603
[2026-04-03T03:17:28.241+0600][69.780s][info][gc,ref      ] GC(100) Discovered  references: Soft: 0, Weak: 204, Final: 0, Phantom: 348
[2026-04-03T03:17:28.241+0600][69.780s][info][gc,ref      ] GC(100) Enqueued    references: Soft: 0, Weak: 0, Final: 0, Phantom: 0
[2026-04-03T03:17:28.241+0600][69.780s][info][gc          ] GC(100) Concurrent weak references 0.314ms
[2026-04-03T03:17:28.241+0600][69.780s][info][gc,start    ] GC(100) Concurrent weak roots
[2026-04-03T03:17:28.241+0600][69.780s][info][gc,task     ] GC(100) Using 3 of 6 workers for concurrent weak root
[2026-04-03T03:17:28.243+0600][69.782s][info][gc          ] GC(100) Concurrent weak roots 1.800ms
[2026-04-03T03:17:28.243+0600][69.782s][info][gc,start    ] GC(100) Concurrent cleanup
[2026-04-03T03:17:28.244+0600][69.782s][info][gc          ] GC(100) Concurrent cleanup 485M->476M(691M) 0.562ms
[2026-04-03T03:17:28.244+0600][69.782s][info][gc,ergo     ] GC(100) Free: 233M, Max: 256K regular, 42240K humongous, Frag: 83% external, 0% internal; Reserve: 38311K, Max: 256K
[2026-04-03T03:17:28.244+0600][69.782s][info][gc,start    ] GC(100) Concurrent class unloading
[2026-04-03T03:17:28.244+0600][69.782s][info][gc,task     ] GC(100) Using 3 of 6 workers for concurrent class unloading
[2026-04-03T03:17:28.250+0600][69.788s][info][gc          ] GC(100) Concurrent class unloading 5.679ms
[2026-04-03T03:17:28.250+0600][69.788s][info][gc,start    ] GC(100) Concurrent strong roots
[2026-04-03T03:17:28.250+0600][69.788s][info][gc,task     ] GC(100) Using 3 of 6 workers for concurrent strong root
[2026-04-03T03:17:28.250+0600][69.789s][info][gc          ] GC(100) Concurrent strong roots 0.746ms
[2026-04-03T03:17:28.250+0600][69.789s][info][gc,start    ] GC(100) Concurrent evacuation
[2026-04-03T03:17:28.250+0600][69.789s][info][gc,task     ] GC(100) Using 3 of 6 workers for concurrent evacuation
[2026-04-03T03:17:28.263+0600][69.801s][info][gc          ] GC(100) Concurrent evacuation 12.146ms
[2026-04-03T03:17:28.263+0600][69.801s][info][gc,start    ] GC(100) Pause Init Update Refs
[2026-04-03T03:17:28.263+0600][69.802s][info][gc,ergo     ] GC(100) Pacer for Update Refs. Used: 497M, Free: 223M, Non-Taxable: 22919K, Alloc Tax Rate: 2.7x
[2026-04-03T03:17:28.263+0600][69.802s][info][gc          ] GC(100) Pause Init Update Refs 0.143ms
[2026-04-03T03:17:28.263+0600][69.802s][info][gc,start    ] GC(100) Concurrent update references
[2026-04-03T03:17:28.264+0600][69.802s][info][gc,task     ] GC(100) Using 3 of 6 workers for concurrent reference update
[2026-04-03T03:17:28.405+0600][69.943s][info][gc          ] GC(100) Concurrent update references 141.371ms
[2026-04-03T03:17:28.405+0600][69.943s][info][gc,start    ] GC(100) Concurrent update thread roots
[2026-04-03T03:17:28.406+0600][69.944s][info][gc          ] GC(100) Concurrent update thread roots 0.899ms
[2026-04-03T03:17:28.406+0600][69.944s][info][gc,start    ] GC(100) Pause Final Update Refs
[2026-04-03T03:17:28.406+0600][69.944s][info][gc,task     ] GC(100) Using 6 of 6 workers for final reference update
[2026-04-03T03:17:28.406+0600][69.945s][info][gc          ] GC(100) Pause Final Update Refs 0.169ms
[2026-04-03T03:17:28.406+0600][69.945s][info][gc,start    ] GC(100) Concurrent cleanup
[2026-04-03T03:17:28.407+0600][69.945s][info][gc          ] GC(100) Concurrent cleanup 575M->401M(691M) 0.705ms
[2026-04-03T03:17:28.407+0600][69.946s][info][gc,ergo     ] Free: 308M, Max: 256K regular, 160M humongous, Frag: 49% external, 0% internal; Reserve: 38400K, Max: 256K
[2026-04-03T03:17:28.407+0600][69.946s][info][gc,stats    ] 
[2026-04-03T03:17:28.407+0600][69.946s][info][gc,stats    ] All times are wall-clock times, except per-root-class counters, that are sum over
[2026-04-03T03:17:28.407+0600][69.946s][info][gc,stats    ] all workers. Dividing the <total> over the root stage time estimates parallelism.
[2026-04-03T03:17:28.407+0600][69.946s][info][gc,stats    ] 
[2026-04-03T03:17:28.407+0600][69.946s][info][gc,stats    ] Concurrent Reset                   1681 us
[2026-04-03T03:17:28.407+0600][69.946s][info][gc,stats    ] Pause Init Mark (G)                 519 us
[2026-04-03T03:17:28.407+0600][69.946s][info][gc,stats    ] Pause Init Mark (N)                 136 us
[2026-04-03T03:17:28.407+0600][69.946s][info][gc,stats    ]   Update Region States               31 us
[2026-04-03T03:17:28.407+0600][69.946s][info][gc,stats    ] Concurrent Mark Roots               957 us, parallelism: 1.76x
[2026-04-03T03:17:28.407+0600][69.946s][info][gc,stats    ]   CMR: <total>                     1685 us
[2026-04-03T03:17:28.407+0600][69.946s][info][gc,stats    ]   CMR: Thread Roots                1396 us, workers (us): 313, 546, 538, ---, ---, ---, 
[2026-04-03T03:17:28.407+0600][69.946s][info][gc,stats    ]   CMR: VM Strong Roots               25 us, workers (us):  24,   1,   0, ---, ---, ---, 
[2026-04-03T03:17:28.407+0600][69.946s][info][gc,stats    ]   CMR: CLDG Roots                   264 us, workers (us): 264, ---, ---, ---, ---, ---, 
[2026-04-03T03:17:28.407+0600][69.946s][info][gc,stats    ] Concurrent Marking               303373 us
[2026-04-03T03:17:28.407+0600][69.946s][info][gc,stats    ] Pause Final Mark (G)               1127 us
[2026-04-03T03:17:28.407+0600][69.946s][info][gc,stats    ] Pause Final Mark (N)                814 us
[2026-04-03T03:17:28.407+0600][69.946s][info][gc,stats    ]   Finish Mark                       191 us
[2026-04-03T03:17:28.407+0600][69.946s][info][gc,stats    ]   Update Region States               65 us
[2026-04-03T03:17:28.408+0600][69.946s][info][gc,stats    ]   Choose Collection Set             425 us
[2026-04-03T03:17:28.408+0600][69.946s][info][gc,stats    ]   Rebuild Free Set                   35 us
[2026-04-03T03:17:28.408+0600][69.946s][info][gc,stats    ] Concurrent Thread Roots             701 us, parallelism: 1.74x
[2026-04-03T03:17:28.408+0600][69.946s][info][gc,stats    ]   CTR: <total>                     1219 us
[2026-04-03T03:17:28.408+0600][69.946s][info][gc,stats    ]   CTR: Thread Roots                1219 us, workers (us): 451, 412, 356, ---, ---, ---, 
[2026-04-03T03:17:28.408+0600][69.946s][info][gc,stats    ] Concurrent Weak References          325 us, parallelism: 0.28x
[2026-04-03T03:17:28.408+0600][69.946s][info][gc,stats    ]   CWRF: <total>                      90 us
[2026-04-03T03:17:28.408+0600][69.946s][info][gc,stats    ]   CWRF: Weak References              90 us, workers (us):  51,  32,   7, ---, ---, ---, 
[2026-04-03T03:17:28.408+0600][69.946s][info][gc,stats    ] Concurrent Weak Roots              1857 us
[2026-04-03T03:17:28.408+0600][69.946s][info][gc,stats    ]   Roots                            1587 us, parallelism: 2.45x
[2026-04-03T03:17:28.408+0600][69.946s][info][gc,stats    ]     CWR: <total>                   3894 us
[2026-04-03T03:17:28.408+0600][69.946s][info][gc,stats    ]     CWR: Code Cache Roots          2662 us, workers (us): 868, 869, 926, ---, ---, ---, 
[2026-04-03T03:17:28.408+0600][69.946s][info][gc,stats    ]     CWR: VM Weak Roots             1166 us, workers (us): 457, 361, 348, ---, ---, ---, 
[2026-04-03T03:17:28.408+0600][69.946s][info][gc,stats    ]     CWR: CLDG Roots                  66 us, workers (us): ---,  66, ---, ---, ---, ---, 
[2026-04-03T03:17:28.408+0600][69.946s][info][gc,stats    ]   Rendezvous                        191 us
[2026-04-03T03:17:28.408+0600][69.946s][info][gc,stats    ] Concurrent Cleanup                  586 us
[2026-04-03T03:17:28.408+0600][69.946s][info][gc,stats    ] Concurrent Class Unloading         5760 us
[2026-04-03T03:17:28.408+0600][69.946s][info][gc,stats    ]   Unlink Stale                     5398 us
[2026-04-03T03:17:28.408+0600][69.946s][info][gc,stats    ]     System Dictionary                91 us
[2026-04-03T03:17:28.408+0600][69.946s][info][gc,stats    ]     Weak Class Links                  0 us
[2026-04-03T03:17:28.408+0600][69.946s][info][gc,stats    ]     Code Roots                     5304 us
[2026-04-03T03:17:28.408+0600][69.946s][info][gc,stats    ]   Rendezvous                        232 us
[2026-04-03T03:17:28.408+0600][69.946s][info][gc,stats    ]   Purge Unlinked                     13 us
[2026-04-03T03:17:28.408+0600][69.946s][info][gc,stats    ]     Code Roots                        4 us
[2026-04-03T03:17:28.408+0600][69.946s][info][gc,stats    ]     CLDG                              8 us
[2026-04-03T03:17:28.408+0600][69.946s][info][gc,stats    ]     Exception Caches                  1 us
[2026-04-03T03:17:28.408+0600][69.946s][info][gc,stats    ] Concurrent Strong Roots             775 us, parallelism: 0.65x
[2026-04-03T03:17:28.408+0600][69.946s][info][gc,stats    ]   CSR: <total>                      501 us
[2026-04-03T03:17:28.408+0600][69.946s][info][gc,stats    ]   CSR: VM Strong Roots               37 us, workers (us):  36,   1,   0, ---, ---, ---, 
[2026-04-03T03:17:28.408+0600][69.946s][info][gc,stats    ]   CSR: CLDG Roots                   464 us, workers (us): 464, ---, ---, ---, ---, ---, 
[2026-04-03T03:17:28.408+0600][69.946s][info][gc,stats    ] Concurrent Evacuation             12237 us
[2026-04-03T03:17:28.408+0600][69.946s][info][gc,stats    ] Pause Init Update Refs (G)          705 us
[2026-04-03T03:17:28.408+0600][69.946s][info][gc,stats    ] Pause Init Update Refs (N)          157 us
[2026-04-03T03:17:28.408+0600][69.946s][info][gc,stats    ]   Manage GCLABs                      47 us
[2026-04-03T03:17:28.408+0600][69.946s][info][gc,stats    ] Concurrent Update Refs           141507 us
[2026-04-03T03:17:28.408+0600][69.946s][info][gc,stats    ] Concurrent Update Thread Roots      933 us
[2026-04-03T03:17:28.408+0600][69.946s][info][gc,stats    ] Pause Final Update Refs (G)         529 us
[2026-04-03T03:17:28.408+0600][69.946s][info][gc,stats    ] Pause Final Update Refs (N)         194 us
[2026-04-03T03:17:28.408+0600][69.946s][info][gc,stats    ]   Update Region States               53 us
[2026-04-03T03:17:28.408+0600][69.946s][info][gc,stats    ]   Trash Collection Set               16 us
[2026-04-03T03:17:28.408+0600][69.946s][info][gc,stats    ]   Rebuild Free Set                   40 us
[2026-04-03T03:17:28.408+0600][69.946s][info][gc,stats    ] Concurrent Cleanup                  741 us
[2026-04-03T03:17:28.408+0600][69.946s][info][gc,stats    ] Pacing                           581328 us
[2026-04-03T03:17:28.408+0600][69.946s][info][gc,stats    ] 
[2026-04-03T03:17:28.408+0600][69.946s][info][gc,stats    ] Allocation pacing accrued:
[2026-04-03T03:17:28.408+0600][69.946s][info][gc,stats    ]     192 of   477 ms ( 40.3%): Executor task launch worker for task 2.0 in stage 15.0 (TID 26)
[2026-04-03T03:17:28.408+0600][69.946s][info][gc,stats    ]     192 of   477 ms ( 40.3%): Executor task launch worker for task 0.0 in stage 15.0 (TID 24)
[2026-04-03T03:17:28.408+0600][69.946s][info][gc,stats    ]     197 of   477 ms ( 41.4%): Executor task launch worker for task 1.0 in stage 15.0 (TID 25)
[2026-04-03T03:17:28.408+0600][69.946s][info][gc,stats    ]     581 of   477 ms (122.0%): <total>
[2026-04-03T03:17:28.408+0600][69.946s][info][gc,stats    ]       4 of   477 ms (  0.9%): <average total>
[2026-04-03T03:17:28.408+0600][69.946s][info][gc,stats    ]     194 of   477 ms ( 40.7%): <average non-zero>
[2026-04-03T03:17:28.408+0600][69.946s][info][gc,stats    ] 
[2026-04-03T03:17:28.408+0600][69.946s][info][gc,metaspace] Metaspace: 73078K(73984K)->73078K(73984K) NonClass: 63776K(64256K)->63776K(64256K) Class: 9302K(9728K)->9302K(9728K)
[2026-04-03T03:17:28.408+0600][69.946s][info][gc,ergo     ] Pacer for Idle. Initial: 15360K, Alloc Tax Rate: 1.0x
[2026-04-03T03:17:28.492+0600][70.030s][info][gc          ] Trigger: Average GC time (524.55 ms) is above the time for average allocation rate (447 MB/s) to deplete free headroom (234M) (margin of error = 2.04)
[2026-04-03T03:17:28.492+0600][70.030s][info][gc,ergo     ] Free headroom: 272M (free) - 38400K (spike) - 0B (penalties) = 234M
[2026-04-03T03:17:28.492+0600][70.030s][info][gc,ergo     ] Free: 272M, Max: 256K regular, 160M humongous, Frag: 42% external, 0% internal; Reserve: 38400K, Max: 256K
[2026-04-03T03:17:28.492+0600][70.030s][info][gc,start    ] GC(101) Concurrent reset
[2026-04-03T03:17:28.492+0600][70.030s][info][gc,task     ] GC(101) Using 3 of 6 workers for concurrent reset
[2026-04-03T03:17:28.492+0600][70.030s][info][gc,ergo     ] GC(101) Pacer for Reset. Non-Taxable: 750M
[2026-04-03T03:17:28.493+0600][70.032s][info][gc          ] GC(101) Concurrent reset 1.414ms
[2026-04-03T03:17:28.494+0600][70.032s][info][gc,start    ] GC(101) Pause Init Mark (unload classes)
[2026-04-03T03:17:28.494+0600][70.032s][info][gc,task     ] GC(101) Using 6 of 6 workers for init marking
[2026-04-03T03:17:28.494+0600][70.032s][info][gc,ergo     ] GC(101) Pacer for Mark. Expected Live: 225M, Free: 271M, Non-Taxable: 27808K, Alloc Tax Rate: 1.0x
[2026-04-03T03:17:28.494+0600][70.032s][info][gc          ] GC(101) Pause Init Mark (unload classes) 0.163ms
[2026-04-03T03:17:28.494+0600][70.032s][info][gc,start    ] GC(101) Concurrent marking roots
[2026-04-03T03:17:28.494+0600][70.032s][info][gc,task     ] GC(101) Using 3 of 6 workers for concurrent marking roots
[2026-04-03T03:17:28.495+0600][70.033s][info][gc          ] GC(101) Concurrent marking roots 0.844ms
[2026-04-03T03:17:28.495+0600][70.033s][info][gc,start    ] GC(101) Concurrent marking (unload classes)
[2026-04-03T03:17:28.495+0600][70.033s][info][gc,task     ] GC(101) Using 3 of 6 workers for concurrent marking
[2026-04-03T03:17:28.924+0600][70.463s][info][gc          ] GC(101) Concurrent marking (unload classes) 429.445ms
[2026-04-03T03:17:28.925+0600][70.463s][info][gc,start    ] GC(101) Pause Final Mark (unload classes)
[2026-04-03T03:17:28.925+0600][70.463s][info][gc,task     ] GC(101) Using 6 of 6 workers for final marking
[2026-04-03T03:17:28.925+0600][70.464s][info][gc,ergo     ] GC(101) Adaptive CSet Selection. Target Free: 106M, Actual Free: 253M, Max CSet: 32000K, Min Garbage: 0B
[2026-04-03T03:17:28.926+0600][70.464s][info][gc,ergo     ] GC(101) Collectable Garbage: 191M (93%), Immediate: 2816K (1%), CSet: 189M (91%)
[2026-04-03T03:17:28.926+0600][70.465s][info][gc,ergo     ] GC(101) Pacer for Evacuation. Used CSet: 200M, Free: 215M, Non-Taxable: 22100K, Alloc Tax Rate: 2.3x
[2026-04-03T03:17:28.926+0600][70.465s][info][gc          ] GC(101) Pause Final Mark (unload classes) 1.625ms
[2026-04-03T03:17:28.926+0600][70.465s][info][gc,start    ] GC(101) Concurrent thread roots
[2026-04-03T03:17:28.927+0600][70.465s][info][gc,task     ] GC(101) Using 3 of 6 workers for Concurrent thread roots
[2026-04-03T03:17:28.927+0600][70.466s][info][gc          ] GC(101) Concurrent thread roots 0.967ms
[2026-04-03T03:17:28.927+0600][70.466s][info][gc,start    ] GC(101) Concurrent weak references
[2026-04-03T03:17:28.927+0600][70.466s][info][gc,task     ] GC(101) Using 3 of 6 workers for concurrent weak references
[2026-04-03T03:17:28.928+0600][70.466s][info][gc,ref      ] GC(101) Encountered references: Soft: 3302, Weak: 6361, Final: 84, Phantom: 601
[2026-04-03T03:17:28.928+0600][70.466s][info][gc,ref      ] GC(101) Discovered  references: Soft: 0, Weak: 337, Final: 0, Phantom: 598
[2026-04-03T03:17:28.928+0600][70.466s][info][gc,ref      ] GC(101) Enqueued    references: Soft: 0, Weak: 0, Final: 0, Phantom: 0
[2026-04-03T03:17:28.928+0600][70.466s][info][gc          ] GC(101) Concurrent weak references 0.266ms
[2026-04-03T03:17:28.928+0600][70.466s][info][gc,start    ] GC(101) Concurrent weak roots
[2026-04-03T03:17:28.928+0600][70.466s][info][gc,task     ] GC(101) Using 3 of 6 workers for concurrent weak root
[2026-04-03T03:17:28.940+0600][70.479s][info][gc          ] GC(101) Concurrent weak roots 12.631ms
[2026-04-03T03:17:28.940+0600][70.479s][info][gc,start    ] GC(101) Concurrent cleanup
[2026-04-03T03:17:28.941+0600][70.479s][info][gc          ] GC(101) Concurrent cleanup 501M->498M(691M) 0.652ms
[2026-04-03T03:17:28.941+0600][70.480s][info][gc,ergo     ] GC(101) Free: 211M, Max: 256K regular, 160M humongous, Frag: 25% external, 0% internal; Reserve: 36864K, Max: 256K
[2026-04-03T03:17:28.941+0600][70.480s][info][gc,start    ] GC(101) Concurrent class unloading
[2026-04-03T03:17:28.941+0600][70.480s][info][gc,task     ] GC(101) Using 3 of 6 workers for concurrent class unloading
[2026-04-03T03:17:28.950+0600][70.488s][info][gc          ] GC(101) Concurrent class unloading 8.358ms
[2026-04-03T03:17:28.950+0600][70.488s][info][gc,start    ] GC(101) Concurrent strong roots
[2026-04-03T03:17:28.950+0600][70.488s][info][gc,task     ] GC(101) Using 3 of 6 workers for concurrent strong root
[2026-04-03T03:17:28.951+0600][70.489s][info][gc          ] GC(101) Concurrent strong roots 0.962ms
[2026-04-03T03:17:28.951+0600][70.489s][info][gc,start    ] GC(101) Concurrent evacuation
[2026-04-03T03:17:28.951+0600][70.489s][info][gc,task     ] GC(101) Using 3 of 6 workers for concurrent evacuation
[2026-04-03T03:17:28.966+0600][70.504s][info][gc          ] GC(101) Concurrent evacuation 14.885ms
[2026-04-03T03:17:28.966+0600][70.504s][info][gc,start    ] GC(101) Pause Init Update Refs
[2026-04-03T03:17:28.966+0600][70.505s][info][gc,ergo     ] GC(101) Pacer for Update Refs. Used: 512M, Free: 208M, Non-Taxable: 21306K, Alloc Tax Rate: 3.0x
[2026-04-03T03:17:28.966+0600][70.505s][info][gc          ] GC(101) Pause Init Update Refs 0.180ms
[2026-04-03T03:17:28.966+0600][70.505s][info][gc,start    ] GC(101) Concurrent update references
[2026-04-03T03:17:28.966+0600][70.505s][info][gc,task     ] GC(101) Using 3 of 6 workers for concurrent reference update
[2026-04-03T03:17:29.133+0600][70.672s][info][gc          ] GC(101) Concurrent update references 167.035ms
[2026-04-03T03:17:29.133+0600][70.672s][info][gc,start    ] GC(101) Concurrent update thread roots
[2026-04-03T03:17:29.135+0600][70.673s][info][gc          ] GC(101) Concurrent update thread roots 1.301ms
[2026-04-03T03:17:29.135+0600][70.673s][info][gc,start    ] GC(101) Pause Final Update Refs
[2026-04-03T03:17:29.135+0600][70.674s][info][gc,task     ] GC(101) Using 6 of 6 workers for final reference update
[2026-04-03T03:17:29.135+0600][70.674s][info][gc          ] GC(101) Pause Final Update Refs 0.255ms
[2026-04-03T03:17:29.135+0600][70.674s][info][gc,start    ] GC(101) Concurrent cleanup
[2026-04-03T03:17:29.136+0600][70.675s][info][gc          ] GC(101) Concurrent cleanup 547M->346M(691M) 0.798ms
[2026-04-03T03:17:29.136+0600][70.675s][info][gc,ergo     ] Free: 362M, Max: 256K regular, 136M humongous, Frag: 63% external, 0% internal; Reserve: 38400K, Max: 256K
[2026-04-03T03:17:29.136+0600][70.675s][info][gc,stats    ] 
[2026-04-03T03:17:29.136+0600][70.675s][info][gc,stats    ] All times are wall-clock times, except per-root-class counters, that are sum over
[2026-04-03T03:17:29.136+0600][70.675s][info][gc,stats    ] all workers. Dividing the <total> over the root stage time estimates parallelism.
[2026-04-03T03:17:29.136+0600][70.675s][info][gc,stats    ] 
[2026-04-03T03:17:29.136+0600][70.675s][info][gc,stats    ] Concurrent Reset                   1510 us
[2026-04-03T03:17:29.136+0600][70.675s][info][gc,stats    ] Pause Init Mark (G)                 465 us
[2026-04-03T03:17:29.136+0600][70.675s][info][gc,stats    ] Pause Init Mark (N)                 174 us
[2026-04-03T03:17:29.136+0600][70.675s][info][gc,stats    ]   Update Region States               31 us
[2026-04-03T03:17:29.136+0600][70.675s][info][gc,stats    ] Concurrent Mark Roots               877 us, parallelism: 1.88x
[2026-04-03T03:17:29.136+0600][70.675s][info][gc,stats    ]   CMR: <total>                     1650 us
[2026-04-03T03:17:29.136+0600][70.675s][info][gc,stats    ]   CMR: Thread Roots                1325 us, workers (us): 255, 538, 532, ---, ---, ---, 
[2026-04-03T03:17:29.136+0600][70.675s][info][gc,stats    ]   CMR: VM Strong Roots               41 us, workers (us):  16,  14,  11, ---, ---, ---, 
[2026-04-03T03:17:29.136+0600][70.675s][info][gc,stats    ]   CMR: CLDG Roots                   284 us, workers (us): 284, ---, ---, ---, ---, ---, 
[2026-04-03T03:17:29.136+0600][70.675s][info][gc,stats    ] Concurrent Marking               429565 us
[2026-04-03T03:17:29.136+0600][70.675s][info][gc,stats    ] Pause Final Mark (G)               1990 us
[2026-04-03T03:17:29.136+0600][70.675s][info][gc,stats    ] Pause Final Mark (N)               1648 us
[2026-04-03T03:17:29.136+0600][70.675s][info][gc,stats    ]   Finish Mark                       257 us
[2026-04-03T03:17:29.137+0600][70.675s][info][gc,stats    ]   Update Region States               77 us
[2026-04-03T03:17:29.137+0600][70.675s][info][gc,stats    ]   Choose Collection Set            1008 us
[2026-04-03T03:17:29.137+0600][70.675s][info][gc,stats    ]   Rebuild Free Set                   66 us
[2026-04-03T03:17:29.137+0600][70.675s][info][gc,stats    ] Concurrent Thread Roots            1018 us, parallelism: 2.03x
[2026-04-03T03:17:29.137+0600][70.675s][info][gc,stats    ]   CTR: <total>                     2067 us
[2026-04-03T03:17:29.137+0600][70.675s][info][gc,stats    ]   CTR: Thread Roots                2067 us, workers (us): 733, 679, 655, ---, ---, ---, 
[2026-04-03T03:17:29.137+0600][70.675s][info][gc,stats    ] Concurrent Weak References          279 us, parallelism: 0.70x
[2026-04-03T03:17:29.137+0600][70.675s][info][gc,stats    ]   CWRF: <total>                     197 us
[2026-04-03T03:17:29.137+0600][70.675s][info][gc,stats    ]   CWRF: Weak References             197 us, workers (us):  93, 101,   2, ---, ---, ---, 
[2026-04-03T03:17:29.137+0600][70.675s][info][gc,stats    ] Concurrent Weak Roots             12711 us
[2026-04-03T03:17:29.137+0600][70.675s][info][gc,stats    ]   Roots                            3071 us, parallelism: 2.59x
[2026-04-03T03:17:29.137+0600][70.675s][info][gc,stats    ]     CWR: <total>                   7956 us
[2026-04-03T03:17:29.137+0600][70.675s][info][gc,stats    ]     CWR: Code Cache Roots          5550 us, workers (us): 2006, 1911, 1633, ---, ---, ---, 
[2026-04-03T03:17:29.137+0600][70.675s][info][gc,stats    ]     CWR: VM Weak Roots             2219 us, workers (us): 778, 750, 691, ---, ---, ---, 
[2026-04-03T03:17:29.137+0600][70.675s][info][gc,stats    ]     CWR: CLDG Roots                 187 us, workers (us): ---, ---, 187, ---, ---, ---, 
[2026-04-03T03:17:29.137+0600][70.675s][info][gc,stats    ]   Rendezvous                       9524 us
[2026-04-03T03:17:29.137+0600][70.675s][info][gc,stats    ] Concurrent Cleanup                  688 us
[2026-04-03T03:17:29.137+0600][70.675s][info][gc,stats    ] Concurrent Class Unloading         8427 us
[2026-04-03T03:17:29.137+0600][70.675s][info][gc,stats    ]   Unlink Stale                     7907 us
[2026-04-03T03:17:29.137+0600][70.675s][info][gc,stats    ]     System Dictionary               211 us
[2026-04-03T03:17:29.137+0600][70.675s][info][gc,stats    ]     Weak Class Links                  1 us
[2026-04-03T03:17:29.137+0600][70.675s][info][gc,stats    ]     Code Roots                     7691 us
[2026-04-03T03:17:29.137+0600][70.675s][info][gc,stats    ]   Rendezvous                        357 us
[2026-04-03T03:17:29.137+0600][70.675s][info][gc,stats    ]   Purge Unlinked                     57 us
[2026-04-03T03:17:29.137+0600][70.675s][info][gc,stats    ]     Code Roots                       47 us
[2026-04-03T03:17:29.137+0600][70.675s][info][gc,stats    ]     CLDG                              9 us
[2026-04-03T03:17:29.137+0600][70.675s][info][gc,stats    ]     Exception Caches                  0 us
[2026-04-03T03:17:29.137+0600][70.675s][info][gc,stats    ] Concurrent Strong Roots            1004 us, parallelism: 0.62x
[2026-04-03T03:17:29.137+0600][70.675s][info][gc,stats    ]   CSR: <total>                      621 us
[2026-04-03T03:17:29.137+0600][70.675s][info][gc,stats    ]   CSR: VM Strong Roots               46 us, workers (us):  32,  10,   4, ---, ---, ---, 
[2026-04-03T03:17:29.137+0600][70.675s][info][gc,stats    ]   CSR: CLDG Roots                   575 us, workers (us): 575, ---, ---, ---, ---, ---, 
[2026-04-03T03:17:29.137+0600][70.675s][info][gc,stats    ] Concurrent Evacuation             14965 us
[2026-04-03T03:17:29.137+0600][70.675s][info][gc,stats    ] Pause Init Update Refs (G)          729 us
[2026-04-03T03:17:29.137+0600][70.675s][info][gc,stats    ] Pause Init Update Refs (N)          199 us
[2026-04-03T03:17:29.137+0600][70.675s][info][gc,stats    ]   Manage GCLABs                      61 us
[2026-04-03T03:17:29.137+0600][70.675s][info][gc,stats    ] Concurrent Update Refs           167127 us
[2026-04-03T03:17:29.137+0600][70.675s][info][gc,stats    ] Concurrent Update Thread Roots     1361 us
[2026-04-03T03:17:29.137+0600][70.675s][info][gc,stats    ] Pause Final Update Refs (G)         629 us
[2026-04-03T03:17:29.137+0600][70.675s][info][gc,stats    ] Pause Final Update Refs (N)         276 us
[2026-04-03T03:17:29.137+0600][70.675s][info][gc,stats    ]   Update Region States               67 us
[2026-04-03T03:17:29.137+0600][70.675s][info][gc,stats    ]   Trash Collection Set               27 us
[2026-04-03T03:17:29.137+0600][70.675s][info][gc,stats    ]   Rebuild Free Set                   45 us
[2026-04-03T03:17:29.137+0600][70.675s][info][gc,stats    ] Concurrent Cleanup                  820 us
[2026-04-03T03:17:29.137+0600][70.675s][info][gc,stats    ] Pacing                           206774 us
[2026-04-03T03:17:29.137+0600][70.675s][info][gc,stats    ] 
[2026-04-03T03:17:29.137+0600][70.675s][info][gc,stats    ] Allocation pacing accrued:
[2026-04-03T03:17:29.137+0600][70.675s][info][gc,stats    ]      10 of   729 ms (  1.4%): Executor task launch worker for task 2.0 in stage 15.0 (TID 26)
[2026-04-03T03:17:29.137+0600][70.675s][info][gc,stats    ]     185 of   729 ms ( 25.4%): Executor task launch worker for task 0.0 in stage 15.0 (TID 24)
[2026-04-03T03:17:29.137+0600][70.675s][info][gc,stats    ]      11 of   729 ms (  1.5%): Executor task launch worker for task 1.0 in stage 15.0 (TID 25)
[2026-04-03T03:17:29.137+0600][70.675s][info][gc,stats    ]     207 of   729 ms ( 28.4%): <total>
[2026-04-03T03:17:29.137+0600][70.675s][info][gc,stats    ]       1 of   729 ms (  0.2%): <average total>
[2026-04-03T03:17:29.137+0600][70.675s][info][gc,stats    ]      69 of   729 ms (  9.5%): <average non-zero>
[2026-04-03T03:17:29.137+0600][70.675s][info][gc,stats    ] 
[2026-04-03T03:17:29.137+0600][70.675s][info][gc,metaspace] Metaspace: 73078K(73984K)->73078K(73984K) NonClass: 63776K(64256K)->63776K(64256K) Class: 9302K(9728K)->9302K(9728K)
[2026-04-03T03:17:29.137+0600][70.675s][info][gc,ergo     ] Pacer for Idle. Initial: 15360K, Alloc Tax Rate: 1.0x
[2026-04-03T03:17:29.339+0600][70.877s][info][gc          ] Trigger: Average GC time (734.90 ms) is above the time for average allocation rate (373 MB/s) to deplete free headroom (247M) (margin of error = 2.02)
[2026-04-03T03:17:29.339+0600][70.877s][info][gc,ergo     ] Free headroom: 284M (free) - 38400K (spike) - 0B (penalties) = 247M
[2026-04-03T03:17:29.339+0600][70.877s][info][gc,ergo     ] Free: 284M, Max: 256K regular, 136M humongous, Frag: 53% external, 0% internal; Reserve: 38400K, Max: 256K
[2026-04-03T03:17:29.339+0600][70.877s][info][gc,start    ] GC(102) Concurrent reset
[2026-04-03T03:17:29.339+0600][70.877s][info][gc,task     ] GC(102) Using 3 of 6 workers for concurrent reset
[2026-04-03T03:17:29.339+0600][70.877s][info][gc,ergo     ] GC(102) Pacer for Reset. Non-Taxable: 750M
[2026-04-03T03:17:29.341+0600][70.879s][info][gc          ] GC(102) Concurrent reset 1.484ms
[2026-04-03T03:17:29.341+0600][70.879s][info][gc,start    ] GC(102) Pause Init Mark (unload classes)
[2026-04-03T03:17:29.341+0600][70.879s][info][gc,task     ] GC(102) Using 6 of 6 workers for init marking
[2026-04-03T03:17:29.341+0600][70.879s][info][gc,ergo     ] GC(102) Pacer for Mark. Expected Live: 226M, Free: 283M, Non-Taxable: 29037K, Alloc Tax Rate: 1.0x
[2026-04-03T03:17:29.341+0600][70.879s][info][gc          ] GC(102) Pause Init Mark (unload classes) 0.150ms
[2026-04-03T03:17:29.341+0600][70.879s][info][gc,start    ] GC(102) Concurrent marking roots
[2026-04-03T03:17:29.341+0600][70.880s][info][gc,task     ] GC(102) Using 3 of 6 workers for concurrent marking roots
[2026-04-03T03:17:29.342+0600][70.880s][info][gc          ] GC(102) Concurrent marking roots 0.882ms
[2026-04-03T03:17:29.342+0600][70.880s][info][gc,start    ] GC(102) Concurrent marking (unload classes)
[2026-04-03T03:17:29.342+0600][70.880s][info][gc,task     ] GC(102) Using 3 of 6 workers for concurrent marking
[2026-04-03T03:17:29.699+0600][71.238s][info][gc          ] GC(102) Concurrent marking (unload classes) 357.115ms
[2026-04-03T03:17:29.699+0600][71.238s][info][gc,start    ] GC(102) Pause Final Mark (unload classes)
[2026-04-03T03:17:29.699+0600][71.238s][info][gc,task     ] GC(102) Using 6 of 6 workers for final marking
[2026-04-03T03:17:29.700+0600][71.238s][info][gc,ergo     ] GC(102) Adaptive CSet Selection. Target Free: 106M, Actual Free: 292M, Max CSet: 32000K, Min Garbage: 0B
[2026-04-03T03:17:29.700+0600][71.239s][info][gc,ergo     ] GC(102) Collectable Garbage: 174M (92%), Immediate: 37139K (19%), CSet: 137M (73%)
[2026-04-03T03:17:29.700+0600][71.239s][info][gc,ergo     ] GC(102) Pacer for Evacuation. Used CSet: 142M, Free: 257M, Non-Taxable: 26375K, Alloc Tax Rate: 1.4x
[2026-04-03T03:17:29.700+0600][71.239s][info][gc          ] GC(102) Pause Final Mark (unload classes) 0.918ms
[2026-04-03T03:17:29.700+0600][71.239s][info][gc,start    ] GC(102) Concurrent thread roots
[2026-04-03T03:17:29.700+0600][71.239s][info][gc,task     ] GC(102) Using 3 of 6 workers for Concurrent thread roots
[2026-04-03T03:17:29.701+0600][71.239s][info][gc          ] GC(102) Concurrent thread roots 0.682ms
[2026-04-03T03:17:29.701+0600][71.239s][info][gc,start    ] GC(102) Concurrent weak references
[2026-04-03T03:17:29.701+0600][71.240s][info][gc,task     ] GC(102) Using 3 of 6 workers for concurrent weak references
[2026-04-03T03:17:29.701+0600][71.240s][info][gc,ref      ] GC(102) Encountered references: Soft: 3300, Weak: 6362, Final: 84, Phantom: 603
[2026-04-03T03:17:29.701+0600][71.240s][info][gc,ref      ] GC(102) Discovered  references: Soft: 0, Weak: 461, Final: 0, Phantom: 599
[2026-04-03T03:17:29.701+0600][71.240s][info][gc,ref      ] GC(102) Enqueued    references: Soft: 0, Weak: 1, Final: 0, Phantom: 0
[2026-04-03T03:17:29.701+0600][71.240s][info][gc          ] GC(102) Concurrent weak references 0.314ms
[2026-04-03T03:17:29.701+0600][71.240s][info][gc,start    ] GC(102) Concurrent weak roots
[2026-04-03T03:17:29.701+0600][71.240s][info][gc,task     ] GC(102) Using 3 of 6 workers for concurrent weak root
[2026-04-03T03:17:29.704+0600][71.242s][info][gc          ] GC(102) Concurrent weak roots 2.054ms
[2026-04-03T03:17:29.704+0600][71.242s][info][gc,start    ] GC(102) Concurrent cleanup
[2026-04-03T03:17:29.704+0600][71.242s][info][gc          ] GC(102) Concurrent cleanup 489M->453M(691M) 0.216ms
[2026-04-03T03:17:29.704+0600][71.242s][info][gc,ergo     ] GC(102) Free: 256M, Max: 256K regular, 136M humongous, Frag: 47% external, 0% internal; Reserve: 38319K, Max: 256K
[2026-04-03T03:17:29.704+0600][71.242s][info][gc,start    ] GC(102) Concurrent class unloading
[2026-04-03T03:17:29.704+0600][71.242s][info][gc,task     ] GC(102) Using 3 of 6 workers for concurrent class unloading
[2026-04-03T03:17:29.710+0600][71.249s][info][gc          ] GC(102) Concurrent class unloading 6.354ms
[2026-04-03T03:17:29.710+0600][71.249s][info][gc,start    ] GC(102) Concurrent strong roots
[2026-04-03T03:17:29.710+0600][71.249s][info][gc,task     ] GC(102) Using 3 of 6 workers for concurrent strong root
[2026-04-03T03:17:29.711+0600][71.249s][info][gc          ] GC(102) Concurrent strong roots 0.827ms
[2026-04-03T03:17:29.711+0600][71.250s][info][gc,start    ] GC(102) Concurrent evacuation
[2026-04-03T03:17:29.711+0600][71.250s][info][gc,task     ] GC(102) Using 3 of 6 workers for concurrent evacuation
[2026-04-03T03:17:29.718+0600][71.256s][info][gc          ] GC(102) Concurrent evacuation 6.588ms
[2026-04-03T03:17:29.718+0600][71.257s][info][gc,start    ] GC(102) Pause Init Update Refs
[2026-04-03T03:17:29.718+0600][71.257s][info][gc,ergo     ] GC(102) Pacer for Update Refs. Used: 461M, Free: 253M, Non-Taxable: 25965K, Alloc Tax Rate: 2.2x
[2026-04-03T03:17:29.718+0600][71.257s][info][gc          ] GC(102) Pause Init Update Refs 0.143ms
[2026-04-03T03:17:29.718+0600][71.257s][info][gc,start    ] GC(102) Concurrent update references
[2026-04-03T03:17:29.718+0600][71.257s][info][gc,task     ] GC(102) Using 3 of 6 workers for concurrent reference update
[2026-04-03T03:17:29.853+0600][71.392s][info][gc          ] GC(102) Concurrent update references 134.717ms
[2026-04-03T03:17:29.853+0600][71.392s][info][gc,start    ] GC(102) Concurrent update thread roots
[2026-04-03T03:17:29.854+0600][71.393s][info][gc          ] GC(102) Concurrent update thread roots 1.115ms
[2026-04-03T03:17:29.855+0600][71.393s][info][gc,start    ] GC(102) Pause Final Update Refs
[2026-04-03T03:17:29.855+0600][71.393s][info][gc,task     ] GC(102) Using 6 of 6 workers for final reference update
[2026-04-03T03:17:29.855+0600][71.393s][info][gc          ] GC(102) Pause Final Update Refs 0.218ms
[2026-04-03T03:17:29.855+0600][71.393s][info][gc,start    ] GC(102) Concurrent cleanup
[2026-04-03T03:17:29.855+0600][71.394s][info][gc          ] GC(102) Concurrent cleanup 498M->356M(691M) 0.276ms
[2026-04-03T03:17:29.855+0600][71.394s][info][gc,ergo     ] Free: 353M, Max: 256K regular, 160M humongous, Frag: 55% external, 0% internal; Reserve: 38400K, Max: 256K
[2026-04-03T03:17:29.855+0600][71.394s][info][gc,stats    ] 
[2026-04-03T03:17:29.855+0600][71.394s][info][gc,stats    ] All times are wall-clock times, except per-root-class counters, that are sum over
[2026-04-03T03:17:29.855+0600][71.394s][info][gc,stats    ] all workers. Dividing the <total> over the root stage time estimates parallelism.
[2026-04-03T03:17:29.855+0600][71.394s][info][gc,stats    ] 
[2026-04-03T03:17:29.855+0600][71.394s][info][gc,stats    ] Concurrent Reset                   1546 us
[2026-04-03T03:17:29.855+0600][71.394s][info][gc,stats    ] Pause Init Mark (G)                 521 us
[2026-04-03T03:17:29.855+0600][71.394s][info][gc,stats    ] Pause Init Mark (N)                 161 us
[2026-04-03T03:17:29.855+0600][71.394s][info][gc,stats    ]   Update Region States               30 us
[2026-04-03T03:17:29.855+0600][71.394s][info][gc,stats    ] Concurrent Mark Roots               924 us, parallelism: 1.59x
[2026-04-03T03:17:29.855+0600][71.394s][info][gc,stats    ]   CMR: <total>                     1470 us
[2026-04-03T03:17:29.855+0600][71.394s][info][gc,stats    ]   CMR: Thread Roots                1235 us, workers (us): 284, 473, 478, ---, ---, ---, 
[2026-04-03T03:17:29.855+0600][71.394s][info][gc,stats    ]   CMR: VM Strong Roots               38 us, workers (us):  17,  15,   6, ---, ---, ---, 
[2026-04-03T03:17:29.855+0600][71.394s][info][gc,stats    ]   CMR: CLDG Roots                   197 us, workers (us): 197, ---, ---, ---, ---, ---, 
[2026-04-03T03:17:29.855+0600][71.394s][info][gc,stats    ] Concurrent Marking               357198 us
[2026-04-03T03:17:29.855+0600][71.394s][info][gc,stats    ] Pause Final Mark (G)               1141 us
[2026-04-03T03:17:29.855+0600][71.394s][info][gc,stats    ] Pause Final Mark (N)                936 us
[2026-04-03T03:17:29.855+0600][71.394s][info][gc,stats    ]   Finish Mark                       214 us
[2026-04-03T03:17:29.855+0600][71.394s][info][gc,stats    ]   Update Region States               85 us
[2026-04-03T03:17:29.855+0600][71.394s][info][gc,stats    ]   Choose Collection Set             460 us
[2026-04-03T03:17:29.855+0600][71.394s][info][gc,stats    ]   Rebuild Free Set                   35 us
[2026-04-03T03:17:29.855+0600][71.394s][info][gc,stats    ] Concurrent Thread Roots             753 us, parallelism: 1.69x
[2026-04-03T03:17:29.855+0600][71.394s][info][gc,stats    ]   CTR: <total>                     1276 us
[2026-04-03T03:17:29.855+0600][71.394s][info][gc,stats    ]   CTR: Thread Roots                1276 us, workers (us): 482, 408, 386, ---, ---, ---, 
[2026-04-03T03:17:29.855+0600][71.394s][info][gc,stats    ] Concurrent Weak References          327 us, parallelism: 0.53x
[2026-04-03T03:17:29.855+0600][71.394s][info][gc,stats    ]   CWRF: <total>                     175 us
[2026-04-03T03:17:29.855+0600][71.394s][info][gc,stats    ]   CWRF: Weak References             175 us, workers (us):  74,  65,  36, ---, ---, ---, 
[2026-04-03T03:17:29.855+0600][71.394s][info][gc,stats    ] Concurrent Weak Roots              2112 us
[2026-04-03T03:17:29.855+0600][71.394s][info][gc,stats    ]   Roots                            1795 us, parallelism: 2.36x
[2026-04-03T03:17:29.855+0600][71.394s][info][gc,stats    ]     CWR: <total>                   4228 us
[2026-04-03T03:17:29.855+0600][71.394s][info][gc,stats    ]     CWR: Code Cache Roots          2879 us, workers (us): 972, 1056, 851, ---, ---, ---, 
[2026-04-03T03:17:29.856+0600][71.394s][info][gc,stats    ]     CWR: VM Weak Roots             1233 us, workers (us): 459, 408, 366, ---, ---, ---, 
[2026-04-03T03:17:29.856+0600][71.394s][info][gc,stats    ]     CWR: CLDG Roots                 116 us, workers (us): ---, ---, 116, ---, ---, ---, 
[2026-04-03T03:17:29.856+0600][71.394s][info][gc,stats    ]   Rendezvous                        233 us
[2026-04-03T03:17:29.856+0600][71.394s][info][gc,stats    ] Concurrent Cleanup                  234 us
[2026-04-03T03:17:29.856+0600][71.394s][info][gc,stats    ] Concurrent Class Unloading         6437 us
[2026-04-03T03:17:29.856+0600][71.394s][info][gc,stats    ]   Unlink Stale                     5845 us
[2026-04-03T03:17:29.856+0600][71.394s][info][gc,stats    ]     System Dictionary                90 us
[2026-04-03T03:17:29.856+0600][71.394s][info][gc,stats    ]     Weak Class Links                  0 us
[2026-04-03T03:17:29.856+0600][71.394s][info][gc,stats    ]     Code Roots                     5749 us
[2026-04-03T03:17:29.856+0600][71.394s][info][gc,stats    ]   Rendezvous                        283 us
[2026-04-03T03:17:29.856+0600][71.394s][info][gc,stats    ]   Purge Unlinked                    195 us
[2026-04-03T03:17:29.856+0600][71.394s][info][gc,stats    ]     Code Roots                      186 us
[2026-04-03T03:17:29.856+0600][71.394s][info][gc,stats    ]     CLDG                              9 us
[2026-04-03T03:17:29.856+0600][71.394s][info][gc,stats    ]     Exception Caches                  0 us
[2026-04-03T03:17:29.856+0600][71.394s][info][gc,stats    ] Concurrent Strong Roots             875 us, parallelism: 0.59x
[2026-04-03T03:17:29.856+0600][71.394s][info][gc,stats    ]   CSR: <total>                      517 us
[2026-04-03T03:17:29.856+0600][71.394s][info][gc,stats    ]   CSR: VM Strong Roots               36 us, workers (us):  34,   1,   0, ---, ---, ---, 
[2026-04-03T03:17:29.856+0600][71.394s][info][gc,stats    ]   CSR: CLDG Roots                   482 us, workers (us): 482, ---, ---, ---, ---, ---, 
[2026-04-03T03:17:29.856+0600][71.394s][info][gc,stats    ] Concurrent Evacuation              6683 us
[2026-04-03T03:17:29.856+0600][71.394s][info][gc,stats    ] Pause Init Update Refs (G)          544 us
[2026-04-03T03:17:29.856+0600][71.394s][info][gc,stats    ] Pause Init Update Refs (N)          160 us
[2026-04-03T03:17:29.856+0600][71.394s][info][gc,stats    ]   Manage GCLABs                      35 us
[2026-04-03T03:17:29.856+0600][71.394s][info][gc,stats    ] Concurrent Update Refs           134789 us
[2026-04-03T03:17:29.856+0600][71.394s][info][gc,stats    ] Concurrent Update Thread Roots     1206 us
[2026-04-03T03:17:29.856+0600][71.394s][info][gc,stats    ] Pause Final Update Refs (G)         480 us
[2026-04-03T03:17:29.856+0600][71.394s][info][gc,stats    ] Pause Final Update Refs (N)         231 us
[2026-04-03T03:17:29.856+0600][71.394s][info][gc,stats    ]   Update Region States               56 us
[2026-04-03T03:17:29.856+0600][71.394s][info][gc,stats    ]   Trash Collection Set               14 us
[2026-04-03T03:17:29.856+0600][71.394s][info][gc,stats    ]   Rebuild Free Set                   35 us
[2026-04-03T03:17:29.856+0600][71.394s][info][gc,stats    ] Concurrent Cleanup                  299 us
[2026-04-03T03:17:29.856+0600][71.394s][info][gc,stats    ] Pacing                           352558 us
[2026-04-03T03:17:29.856+0600][71.394s][info][gc,stats    ] 
[2026-04-03T03:17:29.856+0600][71.394s][info][gc,stats    ] Allocation pacing accrued:
[2026-04-03T03:17:29.856+0600][71.394s][info][gc,stats    ]     122 of   719 ms ( 17.0%): Executor task launch worker for task 2.0 in stage 15.0 (TID 26)
[2026-04-03T03:17:29.856+0600][71.394s][info][gc,stats    ]     107 of   719 ms ( 14.9%): Executor task launch worker for task 0.0 in stage 15.0 (TID 24)
[2026-04-03T03:17:29.856+0600][71.394s][info][gc,stats    ]     123 of   719 ms ( 17.1%): Executor task launch worker for task 1.0 in stage 15.0 (TID 25)
[2026-04-03T03:17:29.856+0600][71.394s][info][gc,stats    ]     353 of   719 ms ( 49.0%): <total>
[2026-04-03T03:17:29.856+0600][71.394s][info][gc,stats    ]       3 of   719 ms (  0.4%): <average total>
[2026-04-03T03:17:29.856+0600][71.394s][info][gc,stats    ]     118 of   719 ms ( 16.3%): <average non-zero>
[2026-04-03T03:17:29.856+0600][71.394s][info][gc,stats    ] 
[2026-04-03T03:17:29.856+0600][71.394s][info][gc,metaspace] Metaspace: 73082K(73984K)->73091K(73984K) NonClass: 63779K(64256K)->63788K(64256K) Class: 9302K(9728K)->9302K(9728K)
[2026-04-03T03:17:29.856+0600][71.394s][info][gc,ergo     ] Pacer for Idle. Initial: 15360K, Alloc Tax Rate: 1.0x
[2026-04-03T03:17:30.462+0600][72.000s][info][gc          ] Trigger: Average GC time (668.86 ms) is above the time for average allocation rate (452 MB/s) to deplete free headroom (182M) (margin of error = 2.02)
[2026-04-03T03:17:30.462+0600][72.000s][info][gc,ergo     ] Free headroom: 219M (free) - 38400K (spike) - 0B (penalties) = 182M
[2026-04-03T03:17:30.462+0600][72.000s][info][gc,ergo     ] Free: 219M, Max: 256K regular, 160M humongous, Frag: 28% external, 0% internal; Reserve: 38400K, Max: 256K
[2026-04-03T03:17:30.462+0600][72.000s][info][gc,start    ] GC(103) Concurrent reset
[2026-04-03T03:17:30.462+0600][72.000s][info][gc,task     ] GC(103) Using 3 of 6 workers for concurrent reset
[2026-04-03T03:17:30.462+0600][72.000s][info][gc,ergo     ] GC(103) Pacer for Reset. Non-Taxable: 750M
[2026-04-03T03:17:30.463+0600][72.002s][info][gc          ] GC(103) Concurrent reset 1.445ms
[2026-04-03T03:17:30.464+0600][72.002s][info][gc,start    ] GC(103) Pause Init Mark (unload classes)
[2026-04-03T03:17:30.464+0600][72.002s][info][gc,task     ] GC(103) Using 6 of 6 workers for init marking
[2026-04-03T03:17:30.464+0600][72.002s][info][gc,ergo     ] GC(103) Pacer for Mark. Expected Live: 226M, Free: 218M, Non-Taxable: 22407K, Alloc Tax Rate: 1.3x
[2026-04-03T03:17:30.464+0600][72.002s][info][gc          ] GC(103) Pause Init Mark (unload classes) 0.165ms
[2026-04-03T03:17:30.464+0600][72.002s][info][gc,start    ] GC(103) Concurrent marking roots
[2026-04-03T03:17:30.464+0600][72.002s][info][gc,task     ] GC(103) Using 3 of 6 workers for concurrent marking roots
[2026-04-03T03:17:30.465+0600][72.003s][info][gc          ] GC(103) Concurrent marking roots 0.877ms
[2026-04-03T03:17:30.465+0600][72.003s][info][gc,start    ] GC(103) Concurrent marking (unload classes)
[2026-04-03T03:17:30.465+0600][72.003s][info][gc,task     ] GC(103) Using 3 of 6 workers for concurrent marking
[2026-04-03T03:17:30.690+0600][72.228s][info][gc          ] GC(103) Concurrent marking (unload classes) 224.944ms
[2026-04-03T03:17:30.690+0600][72.228s][info][gc,start    ] GC(103) Pause Final Mark (unload classes)
[2026-04-03T03:17:30.690+0600][72.229s][info][gc,task     ] GC(103) Using 6 of 6 workers for final marking
[2026-04-03T03:17:30.691+0600][72.229s][info][gc,ergo     ] GC(103) Adaptive CSet Selection. Target Free: 106M, Actual Free: 478M, Max CSet: 32000K, Min Garbage: 0B
[2026-04-03T03:17:30.691+0600][72.229s][info][gc,ergo     ] GC(103) Collectable Garbage: 317M (98%), Immediate: 259M (80%), CSet: 58870K (17%)
[2026-04-03T03:17:30.691+0600][72.229s][info][gc,ergo     ] GC(103) Pacer for Evacuation. Used CSet: 72191K, Free: 446M, Non-Taxable: 45677K, Alloc Tax Rate: 1.1x
[2026-04-03T03:17:30.691+0600][72.229s][info][gc          ] GC(103) Pause Final Mark (unload classes) 0.741ms
[2026-04-03T03:17:30.691+0600][72.229s][info][gc,start    ] GC(103) Concurrent thread roots
[2026-04-03T03:17:30.691+0600][72.229s][info][gc,task     ] GC(103) Using 3 of 6 workers for Concurrent thread roots
[2026-04-03T03:17:30.692+0600][72.230s][info][gc          ] GC(103) Concurrent thread roots 0.784ms
[2026-04-03T03:17:30.692+0600][72.230s][info][gc,start    ] GC(103) Concurrent weak references
[2026-04-03T03:17:30.692+0600][72.230s][info][gc,task     ] GC(103) Using 3 of 6 workers for concurrent weak references
[2026-04-03T03:17:30.692+0600][72.231s][info][gc,ref      ] GC(103) Encountered references: Soft: 3303, Weak: 6592, Final: 84, Phantom: 602
[2026-04-03T03:17:30.692+0600][72.231s][info][gc,ref      ] GC(103) Discovered  references: Soft: 0, Weak: 848, Final: 0, Phantom: 215
[2026-04-03T03:17:30.692+0600][72.231s][info][gc,ref      ] GC(103) Enqueued    references: Soft: 0, Weak: 125, Final: 0, Phantom: 0
[2026-04-03T03:17:30.692+0600][72.231s][info][gc          ] GC(103) Concurrent weak references 0.481ms
[2026-04-03T03:17:30.692+0600][72.231s][info][gc,start    ] GC(103) Concurrent weak roots
[2026-04-03T03:17:30.692+0600][72.231s][info][gc,task     ] GC(103) Using 3 of 6 workers for concurrent weak root
[2026-04-03T03:17:30.695+0600][72.233s][info][gc          ] GC(103) Concurrent weak roots 2.321ms
[2026-04-03T03:17:30.695+0600][72.233s][info][gc,start    ] GC(103) Concurrent cleanup
[2026-04-03T03:17:30.696+0600][72.234s][info][gc          ] GC(103) Concurrent cleanup 525M->265M(691M) 0.902ms
[2026-04-03T03:17:30.696+0600][72.234s][info][gc,ergo     ] GC(103) Free: 445M, Max: 256K regular, 151M humongous, Frag: 66% external, 0% internal; Reserve: 38190K, Max: 256K
[2026-04-03T03:17:30.696+0600][72.234s][info][gc,start    ] GC(103) Concurrent class unloading
[2026-04-03T03:17:30.696+0600][72.234s][info][gc,task     ] GC(103) Using 3 of 6 workers for concurrent class unloading
[2026-04-03T03:17:30.704+0600][72.242s][info][gc          ] GC(103) Concurrent class unloading 7.809ms
[2026-04-03T03:17:30.704+0600][72.242s][info][gc,start    ] GC(103) Concurrent strong roots
[2026-04-03T03:17:30.704+0600][72.242s][info][gc,task     ] GC(103) Using 3 of 6 workers for concurrent strong root
[2026-04-03T03:17:30.705+0600][72.243s][info][gc          ] GC(103) Concurrent strong roots 1.105ms
[2026-04-03T03:17:30.705+0600][72.243s][info][gc,start    ] GC(103) Concurrent evacuation
[2026-04-03T03:17:30.705+0600][72.243s][info][gc,task     ] GC(103) Using 3 of 6 workers for concurrent evacuation
[2026-04-03T03:17:30.718+0600][72.256s][info][gc          ] GC(103) Concurrent evacuation 12.898ms
[2026-04-03T03:17:30.718+0600][72.257s][info][gc,start    ] GC(103) Pause Init Update Refs
[2026-04-03T03:17:30.718+0600][72.257s][info][gc,ergo     ] GC(103) Pacer for Update Refs. Used: 283M, Free: 440M, Non-Taxable: 45063K, Alloc Tax Rate: 1.1x
[2026-04-03T03:17:30.718+0600][72.257s][info][gc          ] GC(103) Pause Init Update Refs 0.162ms
[2026-04-03T03:17:30.719+0600][72.257s][info][gc,start    ] GC(103) Concurrent update references
[2026-04-03T03:17:30.719+0600][72.257s][info][gc,task     ] GC(103) Using 3 of 6 workers for concurrent reference update
[2026-04-03T03:17:30.817+0600][72.356s][info][gc          ] GC(103) Concurrent update references 98.883ms
[2026-04-03T03:17:30.818+0600][72.356s][info][gc,start    ] GC(103) Concurrent update thread roots
[2026-04-03T03:17:30.819+0600][72.357s][info][gc          ] GC(103) Concurrent update thread roots 0.999ms
[2026-04-03T03:17:30.819+0600][72.357s][info][gc,start    ] GC(103) Pause Final Update Refs
[2026-04-03T03:17:30.819+0600][72.357s][info][gc,task     ] GC(103) Using 6 of 6 workers for final reference update
[2026-04-03T03:17:30.819+0600][72.358s][info][gc          ] GC(103) Pause Final Update Refs 0.261ms
[2026-04-03T03:17:30.819+0600][72.358s][info][gc,start    ] GC(103) Concurrent cleanup
[2026-04-03T03:17:30.820+0600][72.358s][info][gc          ] GC(103) Concurrent cleanup 317M->246M(691M) 0.303ms
[2026-04-03T03:17:30.820+0600][72.358s][info][gc,ergo     ] Free: 462M, Max: 256K regular, 151M humongous, Frag: 68% external, 0% internal; Reserve: 38400K, Max: 256K
[2026-04-03T03:17:30.820+0600][72.358s][info][gc,stats    ] 
[2026-04-03T03:17:30.820+0600][72.358s][info][gc,stats    ] All times are wall-clock times, except per-root-class counters, that are sum over
[2026-04-03T03:17:30.820+0600][72.358s][info][gc,stats    ] all workers. Dividing the <total> over the root stage time estimates parallelism.
[2026-04-03T03:17:30.820+0600][72.358s][info][gc,stats    ] 
[2026-04-03T03:17:30.820+0600][72.358s][info][gc,stats    ] Concurrent Reset                   1507 us
[2026-04-03T03:17:30.820+0600][72.358s][info][gc,stats    ] Pause Init Mark (G)                 613 us
[2026-04-03T03:17:30.820+0600][72.358s][info][gc,stats    ] Pause Init Mark (N)                 179 us
[2026-04-03T03:17:30.820+0600][72.358s][info][gc,stats    ]   Update Region States               37 us
[2026-04-03T03:17:30.820+0600][72.358s][info][gc,stats    ] Concurrent Mark Roots               910 us, parallelism: 1.71x
[2026-04-03T03:17:30.820+0600][72.358s][info][gc,stats    ]   CMR: <total>                     1560 us
[2026-04-03T03:17:30.820+0600][72.358s][info][gc,stats    ]   CMR: Thread Roots                1245 us, workers (us): 259, 520, 466, ---, ---, ---, 
[2026-04-03T03:17:30.820+0600][72.358s][info][gc,stats    ]   CMR: VM Strong Roots               32 us, workers (us):  30,   1,   1, ---, ---, ---, 
[2026-04-03T03:17:30.820+0600][72.359s][info][gc,stats    ]   CMR: CLDG Roots                   283 us, workers (us): 283, ---, ---, ---, ---, ---, 
[2026-04-03T03:17:30.820+0600][72.359s][info][gc,stats    ] Concurrent Marking               225134 us
[2026-04-03T03:17:30.820+0600][72.359s][info][gc,stats    ] Pause Final Mark (G)               1080 us
[2026-04-03T03:17:30.820+0600][72.359s][info][gc,stats    ] Pause Final Mark (N)                752 us
[2026-04-03T03:17:30.820+0600][72.359s][info][gc,stats    ]   Finish Mark                       241 us
[2026-04-03T03:17:30.820+0600][72.359s][info][gc,stats    ]   Update Region States               42 us
[2026-04-03T03:17:30.820+0600][72.359s][info][gc,stats    ]   Choose Collection Set             303 us
[2026-04-03T03:17:30.820+0600][72.359s][info][gc,stats    ]   Rebuild Free Set                   45 us
[2026-04-03T03:17:30.820+0600][72.359s][info][gc,stats    ] Concurrent Thread Roots             837 us, parallelism: 1.66x
[2026-04-03T03:17:30.820+0600][72.359s][info][gc,stats    ]   CTR: <total>                     1388 us
[2026-04-03T03:17:30.820+0600][72.359s][info][gc,stats    ]   CTR: Thread Roots                1388 us, workers (us): 484, 472, 432, ---, ---, ---, 
[2026-04-03T03:17:30.820+0600][72.359s][info][gc,stats    ] Concurrent Weak References          492 us, parallelism: 0.49x
[2026-04-03T03:17:30.820+0600][72.359s][info][gc,stats    ]   CWRF: <total>                     240 us
[2026-04-03T03:17:30.820+0600][72.359s][info][gc,stats    ]   CWRF: Weak References             240 us, workers (us):   9, 164,  68, ---, ---, ---, 
[2026-04-03T03:17:30.820+0600][72.359s][info][gc,stats    ] Concurrent Weak Roots              2410 us
[2026-04-03T03:17:30.820+0600][72.359s][info][gc,stats    ]   Roots                            2159 us, parallelism: 2.57x
[2026-04-03T03:17:30.820+0600][72.359s][info][gc,stats    ]     CWR: <total>                   5552 us
[2026-04-03T03:17:30.820+0600][72.359s][info][gc,stats    ]     CWR: Code Cache Roots          3980 us, workers (us): 1372, 1254, 1354, ---, ---, ---, 
[2026-04-03T03:17:30.820+0600][72.359s][info][gc,stats    ]     CWR: VM Weak Roots             1452 us, workers (us): 506, 483, 463, ---, ---, ---, 
[2026-04-03T03:17:30.820+0600][72.359s][info][gc,stats    ]     CWR: CLDG Roots                 119 us, workers (us): ---, 119, ---, ---, ---, ---, 
[2026-04-03T03:17:30.820+0600][72.359s][info][gc,stats    ]   Rendezvous                        140 us
[2026-04-03T03:17:30.820+0600][72.359s][info][gc,stats    ] Concurrent Cleanup                  952 us
[2026-04-03T03:17:30.820+0600][72.359s][info][gc,stats    ] Concurrent Class Unloading         7921 us
[2026-04-03T03:17:30.820+0600][72.359s][info][gc,stats    ]   Unlink Stale                     7240 us
[2026-04-03T03:17:30.820+0600][72.359s][info][gc,stats    ]     System Dictionary               132 us
[2026-04-03T03:17:30.820+0600][72.359s][info][gc,stats    ]     Weak Class Links                  0 us
[2026-04-03T03:17:30.820+0600][72.359s][info][gc,stats    ]     Code Roots                     7104 us
[2026-04-03T03:17:30.820+0600][72.359s][info][gc,stats    ]   Rendezvous                        272 us
[2026-04-03T03:17:30.820+0600][72.359s][info][gc,stats    ]   Purge Unlinked                    261 us
[2026-04-03T03:17:30.820+0600][72.359s][info][gc,stats    ]     Code Roots                      249 us
[2026-04-03T03:17:30.820+0600][72.359s][info][gc,stats    ]     CLDG                             11 us
[2026-04-03T03:17:30.820+0600][72.359s][info][gc,stats    ]     Exception Caches                  0 us
[2026-04-03T03:17:30.820+0600][72.359s][info][gc,stats    ] Concurrent Strong Roots            1161 us, parallelism: 0.47x
[2026-04-03T03:17:30.820+0600][72.359s][info][gc,stats    ]   CSR: <total>                      543 us
[2026-04-03T03:17:30.820+0600][72.359s][info][gc,stats    ]   CSR: VM Strong Roots               32 us, workers (us):  29,   1,   1, ---, ---, ---, 
[2026-04-03T03:17:30.820+0600][72.359s][info][gc,stats    ]   CSR: CLDG Roots                   512 us, workers (us): 512, ---, ---, ---, ---, ---, 
[2026-04-03T03:17:30.820+0600][72.359s][info][gc,stats    ] Concurrent Evacuation             13046 us
[2026-04-03T03:17:30.820+0600][72.359s][info][gc,stats    ] Pause Init Update Refs (G)          587 us
[2026-04-03T03:17:30.820+0600][72.359s][info][gc,stats    ] Pause Init Update Refs (N)          175 us
[2026-04-03T03:17:30.820+0600][72.359s][info][gc,stats    ]   Manage GCLABs                      45 us
[2026-04-03T03:17:30.820+0600][72.359s][info][gc,stats    ] Concurrent Update Refs            99014 us
[2026-04-03T03:17:30.820+0600][72.359s][info][gc,stats    ] Concurrent Update Thread Roots     1052 us
[2026-04-03T03:17:30.820+0600][72.359s][info][gc,stats    ] Pause Final Update Refs (G)         725 us
[2026-04-03T03:17:30.820+0600][72.359s][info][gc,stats    ] Pause Final Update Refs (N)         280 us
[2026-04-03T03:17:30.820+0600][72.359s][info][gc,stats    ]   Update Region States               59 us
[2026-04-03T03:17:30.820+0600][72.359s][info][gc,stats    ]   Trash Collection Set               13 us
[2026-04-03T03:17:30.820+0600][72.359s][info][gc,stats    ]   Rebuild Free Set                   48 us
[2026-04-03T03:17:30.820+0600][72.359s][info][gc,stats    ] Concurrent Cleanup                  333 us
[2026-04-03T03:17:30.820+0600][72.359s][info][gc,stats    ] Pacing                           222297 us
[2026-04-03T03:17:30.820+0600][72.359s][info][gc,stats    ] 
[2026-04-03T03:17:30.820+0600][72.359s][info][gc,stats    ] Allocation pacing accrued:
[2026-04-03T03:17:30.821+0600][72.359s][info][gc,stats    ]      77 of   965 ms (  8.0%): Executor task launch worker for task 1.0 in stage 16.0 (TID 28)
[2026-04-03T03:17:30.821+0600][72.359s][info][gc,stats    ]      68 of   965 ms (  7.0%): Executor task launch worker for task 0.0 in stage 16.0 (TID 27)
[2026-04-03T03:17:30.821+0600][72.359s][info][gc,stats    ]      78 of   965 ms (  8.1%): Executor task launch worker for task 2.0 in stage 16.0 (TID 29)
[2026-04-03T03:17:30.821+0600][72.359s][info][gc,stats    ]     222 of   965 ms ( 23.0%): <total>
[2026-04-03T03:17:30.821+0600][72.359s][info][gc,stats    ]       2 of   965 ms (  0.2%): <average total>
[2026-04-03T03:17:30.821+0600][72.359s][info][gc,stats    ]      74 of   965 ms (  7.7%): <average non-zero>
[2026-04-03T03:17:30.821+0600][72.359s][info][gc,stats    ] 
[2026-04-03T03:17:30.821+0600][72.359s][info][gc,metaspace] Metaspace: 73110K(74048K)->73111K(74048K) NonClass: 63806K(64320K)->63807K(64320K) Class: 9303K(9728K)->9303K(9728K)
[2026-04-03T03:17:30.821+0600][72.359s][info][gc,ergo     ] Pacer for Idle. Initial: 15360K, Alloc Tax Rate: 1.0x
[2026-04-03T03:17:31.015+0600][72.553s][info][gc          ] Trigger: Average GC time (648.88 ms) is above the time for average allocation rate (505 MB/s) to deplete free headroom (327M) (margin of error = 1.99)
[2026-04-03T03:17:31.015+0600][72.553s][info][gc,ergo     ] Free headroom: 364M (free) - 38400K (spike) - 0B (penalties) = 327M
[2026-04-03T03:17:31.015+0600][72.553s][info][gc,ergo     ] Free: 364M, Max: 256K regular, 151M humongous, Frag: 59% external, 0% internal; Reserve: 38400K, Max: 256K
[2026-04-03T03:17:31.015+0600][72.554s][info][gc,start    ] GC(104) Concurrent reset
[2026-04-03T03:17:31.015+0600][72.554s][info][gc,task     ] GC(104) Using 3 of 6 workers for concurrent reset
[2026-04-03T03:17:31.015+0600][72.554s][info][gc,ergo     ] GC(104) Pacer for Reset. Non-Taxable: 750M
[2026-04-03T03:17:31.016+0600][72.554s][info][gc          ] GC(104) Concurrent reset 0.981ms
[2026-04-03T03:17:31.016+0600][72.555s][info][gc,start    ] GC(104) Pause Init Mark (unload classes)
[2026-04-03T03:17:31.017+0600][72.555s][info][gc,task     ] GC(104) Using 6 of 6 workers for init marking
[2026-04-03T03:17:31.017+0600][72.555s][info][gc,ergo     ] GC(104) Pacer for Mark. Expected Live: 217M, Free: 363M, Non-Taxable: 37204K, Alloc Tax Rate: 0.7x
[2026-04-03T03:17:31.017+0600][72.555s][info][gc          ] GC(104) Pause Init Mark (unload classes) 0.125ms
[2026-04-03T03:17:31.017+0600][72.555s][info][gc,start    ] GC(104) Concurrent marking roots
[2026-04-03T03:17:31.017+0600][72.555s][info][gc,task     ] GC(104) Using 3 of 6 workers for concurrent marking roots
[2026-04-03T03:17:31.018+0600][72.556s][info][gc          ] GC(104) Concurrent marking roots 0.955ms
[2026-04-03T03:17:31.018+0600][72.556s][info][gc,start    ] GC(104) Concurrent marking (unload classes)
[2026-04-03T03:17:31.018+0600][72.556s][info][gc,task     ] GC(104) Using 3 of 6 workers for concurrent marking
[2026-04-03T03:17:31.261+0600][72.800s][info][gc          ] GC(104) Concurrent marking (unload classes) 243.459ms
[2026-04-03T03:17:31.261+0600][72.800s][info][gc,start    ] GC(104) Pause Final Mark (unload classes)
[2026-04-03T03:17:31.261+0600][72.800s][info][gc,task     ] GC(104) Using 6 of 6 workers for final marking
[2026-04-03T03:17:31.262+0600][72.800s][info][gc,ergo     ] GC(104) Adaptive CSet Selection. Target Free: 106M, Actual Free: 512M, Max CSet: 32000K, Min Garbage: 0B
[2026-04-03T03:17:31.262+0600][72.801s][info][gc,ergo     ] GC(104) Collectable Garbage: 191M (97%), Immediate: 167M (85%), CSet: 24969K (12%)
[2026-04-03T03:17:31.263+0600][72.801s][info][gc,ergo     ] GC(104) Pacer for Evacuation. Used CSet: 26552K, Free: 479M, Non-Taxable: 49082K, Alloc Tax Rate: 1.1x
[2026-04-03T03:17:31.263+0600][72.801s][info][gc          ] GC(104) Pause Final Mark (unload classes) 1.200ms
[2026-04-03T03:17:31.263+0600][72.801s][info][gc,start    ] GC(104) Concurrent thread roots
[2026-04-03T03:17:31.263+0600][72.801s][info][gc,task     ] GC(104) Using 3 of 6 workers for Concurrent thread roots
[2026-04-03T03:17:31.264+0600][72.802s][info][gc          ] GC(104) Concurrent thread roots 0.805ms
[2026-04-03T03:17:31.264+0600][72.802s][info][gc,start    ] GC(104) Concurrent weak references
[2026-04-03T03:17:31.264+0600][72.802s][info][gc,task     ] GC(104) Using 3 of 6 workers for concurrent weak references
[2026-04-03T03:17:31.265+0600][72.803s][info][gc,ref      ] GC(104) Encountered references: Soft: 3343, Weak: 6743, Final: 84, Phantom: 611
[2026-04-03T03:17:31.265+0600][72.803s][info][gc,ref      ] GC(104) Discovered  references: Soft: 0, Weak: 4081, Final: 82, Phantom: 600
[2026-04-03T03:17:31.265+0600][72.803s][info][gc,ref      ] GC(104) Enqueued    references: Soft: 0, Weak: 382, Final: 0, Phantom: 0
[2026-04-03T03:17:31.265+0600][72.803s][info][gc          ] GC(104) Concurrent weak references 1.026ms
[2026-04-03T03:17:31.265+0600][72.803s][info][gc,start    ] GC(104) Concurrent weak roots
[2026-04-03T03:17:31.265+0600][72.803s][info][gc,task     ] GC(104) Using 3 of 6 workers for concurrent weak root
[2026-04-03T03:17:31.268+0600][72.807s][info][gc          ] GC(104) Concurrent weak roots 3.528ms
[2026-04-03T03:17:31.268+0600][72.807s][info][gc,start    ] GC(104) Concurrent cleanup
[2026-04-03T03:17:31.269+0600][72.807s][info][gc          ] GC(104) Concurrent cleanup 397M->232M(691M) 0.822ms
[2026-04-03T03:17:31.269+0600][72.808s][info][gc,ergo     ] GC(104) Free: 476M, Max: 256K regular, 151M humongous, Frag: 69% external, 0% internal; Reserve: 38154K, Max: 256K
[2026-04-03T03:17:31.269+0600][72.808s][info][gc,start    ] GC(104) Concurrent class unloading
[2026-04-03T03:17:31.269+0600][72.808s][info][gc,task     ] GC(104) Using 3 of 6 workers for concurrent class unloading
[2026-04-03T03:17:31.301+0600][72.839s][info][gc          ] GC(104) Concurrent class unloading 31.734ms
[2026-04-03T03:17:31.301+0600][72.839s][info][gc,start    ] GC(104) Concurrent strong roots
[2026-04-03T03:17:31.301+0600][72.839s][info][gc,task     ] GC(104) Using 3 of 6 workers for concurrent strong root
[2026-04-03T03:17:31.302+0600][72.841s][info][gc          ] GC(104) Concurrent strong roots 1.149ms
[2026-04-03T03:17:31.302+0600][72.841s][info][gc,start    ] GC(104) Concurrent evacuation
[2026-04-03T03:17:31.302+0600][72.841s][info][gc,task     ] GC(104) Using 3 of 6 workers for concurrent evacuation
[2026-04-03T03:17:31.304+0600][72.842s][info][gc          ] GC(104) Concurrent evacuation 1.462ms
[2026-04-03T03:17:31.304+0600][72.842s][info][gc,start    ] GC(104) Pause Init Update Refs
[2026-04-03T03:17:31.304+0600][72.843s][info][gc,ergo     ] GC(104) Pacer for Update Refs. Used: 241M, Free: 468M, Non-Taxable: 48006K, Alloc Tax Rate: 1.1x
[2026-04-03T03:17:31.304+0600][72.843s][info][gc          ] GC(104) Pause Init Update Refs 0.212ms
[2026-04-03T03:17:31.304+0600][72.843s][info][gc,start    ] GC(104) Concurrent update references
[2026-04-03T03:17:31.305+0600][72.843s][info][gc,task     ] GC(104) Using 3 of 6 workers for concurrent reference update
[2026-04-03T03:17:31.411+0600][72.950s][info][gc          ] GC(104) Concurrent update references 106.936ms
[2026-04-03T03:17:31.412+0600][72.950s][info][gc,start    ] GC(104) Concurrent update thread roots
[2026-04-03T03:17:31.413+0600][72.952s][info][gc          ] GC(104) Concurrent update thread roots 1.642ms
[2026-04-03T03:17:31.413+0600][72.952s][info][gc,start    ] GC(104) Pause Final Update Refs
[2026-04-03T03:17:31.414+0600][72.952s][info][gc,task     ] GC(104) Using 6 of 6 workers for final reference update
[2026-04-03T03:17:31.414+0600][72.952s][info][gc          ] GC(104) Pause Final Update Refs 0.254ms
[2026-04-03T03:17:31.414+0600][72.952s][info][gc,start    ] GC(104) Concurrent cleanup
[2026-04-03T03:17:31.414+0600][72.953s][info][gc          ] GC(104) Concurrent cleanup 265M->239M(691M) 0.263ms
[2026-04-03T03:17:31.414+0600][72.953s][info][gc,ergo     ] Free: 468M, Max: 256K regular, 172M humongous, Frag: 64% external, 0% internal; Reserve: 38400K, Max: 256K
[2026-04-03T03:17:31.414+0600][72.953s][info][gc,stats    ] 
[2026-04-03T03:17:31.414+0600][72.953s][info][gc,stats    ] All times are wall-clock times, except per-root-class counters, that are sum over
[2026-04-03T03:17:31.414+0600][72.953s][info][gc,stats    ] all workers. Dividing the <total> over the root stage time estimates parallelism.
[2026-04-03T03:17:31.414+0600][72.953s][info][gc,stats    ] 
[2026-04-03T03:17:31.414+0600][72.953s][info][gc,stats    ] Concurrent Reset                   1047 us
[2026-04-03T03:17:31.414+0600][72.953s][info][gc,stats    ] Pause Init Mark (G)                 472 us
[2026-04-03T03:17:31.414+0600][72.953s][info][gc,stats    ] Pause Init Mark (N)                 134 us
[2026-04-03T03:17:31.414+0600][72.953s][info][gc,stats    ]   Update Region States               30 us
[2026-04-03T03:17:31.414+0600][72.953s][info][gc,stats    ] Concurrent Mark Roots              1014 us, parallelism: 1.59x
[2026-04-03T03:17:31.414+0600][72.953s][info][gc,stats    ]   CMR: <total>                     1616 us
[2026-04-03T03:17:31.414+0600][72.953s][info][gc,stats    ]   CMR: Thread Roots                1346 us, workers (us): 300, 526, 520, ---, ---, ---, 
[2026-04-03T03:17:31.414+0600][72.953s][info][gc,stats    ]   CMR: VM Strong Roots               35 us, workers (us):  24,  11,   1, ---, ---, ---, 
[2026-04-03T03:17:31.414+0600][72.953s][info][gc,stats    ]   CMR: CLDG Roots                   234 us, workers (us): 234, ---, ---, ---, ---, ---, 
[2026-04-03T03:17:31.414+0600][72.953s][info][gc,stats    ] Concurrent Marking               243574 us
[2026-04-03T03:17:31.414+0600][72.953s][info][gc,stats    ] Pause Final Mark (G)               1489 us
[2026-04-03T03:17:31.414+0600][72.953s][info][gc,stats    ] Pause Final Mark (N)               1216 us
[2026-04-03T03:17:31.415+0600][72.953s][info][gc,stats    ]   Finish Mark                       392 us
[2026-04-03T03:17:31.415+0600][72.953s][info][gc,stats    ]   Update Region States               78 us
[2026-04-03T03:17:31.415+0600][72.953s][info][gc,stats    ]   Choose Collection Set             420 us
[2026-04-03T03:17:31.415+0600][72.953s][info][gc,stats    ]   Rebuild Free Set                   77 us
[2026-04-03T03:17:31.415+0600][72.953s][info][gc,stats    ] Concurrent Thread Roots             840 us, parallelism: 2.14x
[2026-04-03T03:17:31.415+0600][72.953s][info][gc,stats    ]   CTR: <total>                     1793 us
[2026-04-03T03:17:31.415+0600][72.953s][info][gc,stats    ]   CTR: Thread Roots                1793 us, workers (us): 612, 622, 559, ---, ---, ---, 
[2026-04-03T03:17:31.415+0600][72.953s][info][gc,stats    ] Concurrent Weak References         1048 us, parallelism: 0.97x
[2026-04-03T03:17:31.415+0600][72.953s][info][gc,stats    ]   CWRF: <total>                    1019 us
[2026-04-03T03:17:31.415+0600][72.953s][info][gc,stats    ]   CWRF: Weak References            1019 us, workers (us): 756, 113, 150, ---, ---, ---, 
[2026-04-03T03:17:31.415+0600][72.953s][info][gc,stats    ] Concurrent Weak Roots              3596 us
[2026-04-03T03:17:31.415+0600][72.953s][info][gc,stats    ]   Roots                            3218 us, parallelism: 2.64x
[2026-04-03T03:17:31.415+0600][72.953s][info][gc,stats    ]     CWR: <total>                   8507 us
[2026-04-03T03:17:31.415+0600][72.953s][info][gc,stats    ]     CWR: Code Cache Roots          6022 us, workers (us): 2049, 1858, 2115, ---, ---, ---, 
[2026-04-03T03:17:31.415+0600][72.953s][info][gc,stats    ]     CWR: VM Weak Roots             2292 us, workers (us): 768, 768, 757, ---, ---, ---, 
[2026-04-03T03:17:31.415+0600][72.953s][info][gc,stats    ]     CWR: CLDG Roots                 193 us, workers (us): ---, 193, ---, ---, ---, ---, 
[2026-04-03T03:17:31.415+0600][72.953s][info][gc,stats    ]   Rendezvous                        260 us
[2026-04-03T03:17:31.415+0600][72.953s][info][gc,stats    ] Concurrent Cleanup                  867 us
[2026-04-03T03:17:31.415+0600][72.953s][info][gc,stats    ] Concurrent Class Unloading        31862 us
[2026-04-03T03:17:31.415+0600][72.953s][info][gc,stats    ]   Unlink Stale                    30818 us
[2026-04-03T03:17:31.415+0600][72.953s][info][gc,stats    ]     System Dictionary               397 us
[2026-04-03T03:17:31.415+0600][72.953s][info][gc,stats    ]     Weak Class Links              20946 us
[2026-04-03T03:17:31.415+0600][72.953s][info][gc,stats    ]     Code Roots                     9467 us
[2026-04-03T03:17:31.415+0600][72.953s][info][gc,stats    ]   Rendezvous                        351 us
[2026-04-03T03:17:31.415+0600][72.953s][info][gc,stats    ]   Purge Unlinked                    477 us
[2026-04-03T03:17:31.415+0600][72.953s][info][gc,stats    ]     Code Roots                      428 us
[2026-04-03T03:17:31.415+0600][72.953s][info][gc,stats    ]     CLDG                             48 us
[2026-04-03T03:17:31.415+0600][72.953s][info][gc,stats    ]     Exception Caches                  0 us
[2026-04-03T03:17:31.415+0600][72.953s][info][gc,stats    ] Concurrent Strong Roots            1229 us, parallelism: 0.62x
[2026-04-03T03:17:31.415+0600][72.953s][info][gc,stats    ]   CSR: <total>                      767 us
[2026-04-03T03:17:31.415+0600][72.953s][info][gc,stats    ]   CSR: VM Strong Roots               58 us, workers (us):  29,  26,   2, ---, ---, ---, 
[2026-04-03T03:17:31.415+0600][72.953s][info][gc,stats    ]   CSR: CLDG Roots                   709 us, workers (us): 709, ---, ---, ---, ---, ---, 
[2026-04-03T03:17:31.415+0600][72.953s][info][gc,stats    ] Concurrent Evacuation              1576 us
[2026-04-03T03:17:31.415+0600][72.953s][info][gc,stats    ] Pause Init Update Refs (G)          588 us
[2026-04-03T03:17:31.415+0600][72.953s][info][gc,stats    ] Pause Init Update Refs (N)          238 us
[2026-04-03T03:17:31.415+0600][72.953s][info][gc,stats    ]   Manage GCLABs                      37 us
[2026-04-03T03:17:31.415+0600][72.953s][info][gc,stats    ] Concurrent Update Refs           107061 us
[2026-04-03T03:17:31.415+0600][72.953s][info][gc,stats    ] Concurrent Update Thread Roots     1734 us
[2026-04-03T03:17:31.415+0600][72.953s][info][gc,stats    ] Pause Final Update Refs (G)         622 us
[2026-04-03T03:17:31.415+0600][72.953s][info][gc,stats    ] Pause Final Update Refs (N)         291 us
[2026-04-03T03:17:31.415+0600][72.953s][info][gc,stats    ]   Update Region States               79 us
[2026-04-03T03:17:31.415+0600][72.953s][info][gc,stats    ]   Trash Collection Set               13 us
[2026-04-03T03:17:31.415+0600][72.953s][info][gc,stats    ]   Rebuild Free Set                   62 us
[2026-04-03T03:17:31.415+0600][72.953s][info][gc,stats    ] Concurrent Cleanup                  299 us
[2026-04-03T03:17:31.415+0600][72.954s][info][gc,stats    ] Pacing                           314915 us
[2026-04-03T03:17:31.415+0600][72.954s][info][gc,stats    ] 
[2026-04-03T03:17:31.415+0600][72.954s][info][gc,stats    ] Allocation pacing accrued:
[2026-04-03T03:17:31.415+0600][72.954s][info][gc,stats    ]      11 of   595 ms (  1.9%): RemoteBlock-temp-file-clean-thread
[2026-04-03T03:17:31.415+0600][72.954s][info][gc,stats    ]     104 of   595 ms ( 17.5%): Executor task launch worker for task 1.0 in stage 20.0 (TID 31)
[2026-04-03T03:17:31.415+0600][72.954s][info][gc,stats    ]      96 of   595 ms ( 16.1%): Executor task launch worker for task 0.0 in stage 20.0 (TID 30)
[2026-04-03T03:17:31.415+0600][72.954s][info][gc,stats    ]     103 of   595 ms ( 17.4%): Executor task launch worker for task 2.0 in stage 20.0 (TID 32)
[2026-04-03T03:17:31.415+0600][72.954s][info][gc,stats    ]     315 of   595 ms ( 53.0%): <total>
[2026-04-03T03:17:31.415+0600][72.954s][info][gc,stats    ]       2 of   595 ms (  0.4%): <average total>
[2026-04-03T03:17:31.415+0600][72.954s][info][gc,stats    ]      79 of   595 ms ( 13.2%): <average non-zero>
[2026-04-03T03:17:31.415+0600][72.954s][info][gc,stats    ] 
[2026-04-03T03:17:31.415+0600][72.954s][info][gc,metaspace] Metaspace: 73192K(74112K)->73195K(74112K) NonClass: 63881K(64384K)->63885K(64384K) Class: 9310K(9728K)->9309K(9728K)
[2026-04-03T03:17:31.415+0600][72.954s][info][gc,ergo     ] Pacer for Idle. Initial: 15360K, Alloc Tax Rate: 1.0x
[2026-04-03T03:17:31.919+0600][73.457s][info][gc          ] Trigger: Average GC time (572.22 ms) is above the time for average allocation rate (531 MB/s) to deplete free headroom (210M) (margin of error = 1.97)
[2026-04-03T03:17:31.919+0600][73.458s][info][gc,ergo     ] Free headroom: 248M (free) - 38400K (spike) - 0B (penalties) = 210M
[2026-04-03T03:17:31.919+0600][73.458s][info][gc,ergo     ] Free: 248M, Max: 256K regular, 141M humongous, Frag: 43% external, 0% internal; Reserve: 38400K, Max: 256K
[2026-04-03T03:17:31.919+0600][73.458s][info][gc,start    ] GC(105) Concurrent reset
[2026-04-03T03:17:31.919+0600][73.458s][info][gc,task     ] GC(105) Using 3 of 6 workers for concurrent reset
[2026-04-03T03:17:31.919+0600][73.458s][info][gc,ergo     ] GC(105) Pacer for Reset. Non-Taxable: 750M
[2026-04-03T03:17:31.920+0600][73.459s][info][gc          ] GC(105) Concurrent reset 1.030ms
[2026-04-03T03:17:31.921+0600][73.459s][info][gc,start    ] GC(105) Pause Init Mark (unload classes)
[2026-04-03T03:17:31.921+0600][73.459s][info][gc,task     ] GC(105) Using 6 of 6 workers for init marking
[2026-04-03T03:17:31.921+0600][73.459s][info][gc,ergo     ] GC(105) Pacer for Mark. Expected Live: 201M, Free: 247M, Non-Taxable: 25351K, Alloc Tax Rate: 1.0x
[2026-04-03T03:17:31.921+0600][73.459s][info][gc          ] GC(105) Pause Init Mark (unload classes) 0.179ms
[2026-04-03T03:17:31.921+0600][73.459s][info][gc,start    ] GC(105) Concurrent marking roots
[2026-04-03T03:17:31.921+0600][73.459s][info][gc,task     ] GC(105) Using 3 of 6 workers for concurrent marking roots
[2026-04-03T03:17:31.922+0600][73.460s][info][gc          ] GC(105) Concurrent marking roots 1.084ms
[2026-04-03T03:17:31.922+0600][73.460s][info][gc,start    ] GC(105) Concurrent marking (unload classes)
[2026-04-03T03:17:31.922+0600][73.460s][info][gc,task     ] GC(105) Using 3 of 6 workers for concurrent marking
[2026-04-03T03:17:32.166+0600][73.705s][info][gc          ] GC(105) Concurrent marking (unload classes) 244.126ms
[2026-04-03T03:17:32.166+0600][73.705s][info][gc,start    ] GC(105) Pause Final Mark (unload classes)
[2026-04-03T03:17:32.166+0600][73.705s][info][gc,task     ] GC(105) Using 6 of 6 workers for final marking
[2026-04-03T03:17:32.167+0600][73.705s][info][gc,ergo     ] GC(105) Adaptive CSet Selection. Target Free: 106M, Actual Free: 477M, Max CSet: 32000K, Min Garbage: 0B
[2026-04-03T03:17:32.167+0600][73.706s][info][gc,ergo     ] GC(105) Collectable Garbage: 288M (98%), Immediate: 234M (80%), CSet: 54711K (18%)
[2026-04-03T03:17:32.167+0600][73.706s][info][gc,ergo     ] GC(105) Pacer for Evacuation. Used CSet: 66500K, Free: 447M, Non-Taxable: 45857K, Alloc Tax Rate: 1.1x
[2026-04-03T03:17:32.167+0600][73.706s][info][gc          ] GC(105) Pause Final Mark (unload classes) 0.859ms
[2026-04-03T03:17:32.167+0600][73.706s][info][gc,start    ] GC(105) Concurrent thread roots
[2026-04-03T03:17:32.167+0600][73.706s][info][gc,task     ] GC(105) Using 3 of 6 workers for Concurrent thread roots
[2026-04-03T03:17:32.168+0600][73.707s][info][gc          ] GC(105) Concurrent thread roots 0.754ms
[2026-04-03T03:17:32.168+0600][73.707s][info][gc,start    ] GC(105) Concurrent weak references
[2026-04-03T03:17:32.168+0600][73.707s][info][gc,task     ] GC(105) Using 3 of 6 workers for concurrent weak references
[2026-04-03T03:17:32.169+0600][73.707s][info][gc,ref      ] GC(105) Encountered references: Soft: 3355, Weak: 6612, Final: 84, Phantom: 602
[2026-04-03T03:17:32.169+0600][73.707s][info][gc,ref      ] GC(105) Discovered  references: Soft: 0, Weak: 3346, Final: 52, Phantom: 599
[2026-04-03T03:17:32.169+0600][73.707s][info][gc,ref      ] GC(105) Enqueued    references: Soft: 0, Weak: 180, Final: 0, Phantom: 0
[2026-04-03T03:17:32.169+0600][73.707s][info][gc          ] GC(105) Concurrent weak references 0.865ms
[2026-04-03T03:17:32.169+0600][73.707s][info][gc,start    ] GC(105) Concurrent weak roots
[2026-04-03T03:17:32.169+0600][73.707s][info][gc,task     ] GC(105) Using 3 of 6 workers for concurrent weak root
[2026-04-03T03:17:32.172+0600][73.710s][info][gc          ] GC(105) Concurrent weak roots 2.817ms
[2026-04-03T03:17:32.172+0600][73.710s][info][gc,start    ] GC(105) Concurrent cleanup
[2026-04-03T03:17:32.172+0600][73.711s][info][gc          ] GC(105) Concurrent cleanup 497M->262M(691M) 0.433ms
[2026-04-03T03:17:32.172+0600][73.711s][info][gc,ergo     ] GC(105) Free: 446M, Max: 256K regular, 100352K humongous, Frag: 79% external, 0% internal; Reserve: 38150K, Max: 256K
[2026-04-03T03:17:32.172+0600][73.711s][info][gc,start    ] GC(105) Concurrent class unloading
[2026-04-03T03:17:32.173+0600][73.711s][info][gc,task     ] GC(105) Using 3 of 6 workers for concurrent class unloading
[2026-04-03T03:17:32.181+0600][73.720s][info][gc          ] GC(105) Concurrent class unloading 8.814ms
[2026-04-03T03:17:32.181+0600][73.720s][info][gc,start    ] GC(105) Concurrent strong roots
[2026-04-03T03:17:32.181+0600][73.720s][info][gc,task     ] GC(105) Using 3 of 6 workers for concurrent strong root
[2026-04-03T03:17:32.183+0600][73.721s][info][gc          ] GC(105) Concurrent strong roots 1.224ms
[2026-04-03T03:17:32.183+0600][73.721s][info][gc,start    ] GC(105) Concurrent evacuation
[2026-04-03T03:17:32.183+0600][73.721s][info][gc,task     ] GC(105) Using 3 of 6 workers for concurrent evacuation
[2026-04-03T03:17:32.195+0600][73.733s][info][gc          ] GC(105) Concurrent evacuation 12.282ms
[2026-04-03T03:17:32.195+0600][73.734s][info][gc,start    ] GC(105) Pause Init Update Refs
[2026-04-03T03:17:32.196+0600][73.734s][info][gc,ergo     ] GC(105) Pacer for Update Refs. Used: 279M, Free: 441M, Non-Taxable: 45216K, Alloc Tax Rate: 1.1x
[2026-04-03T03:17:32.196+0600][73.734s][info][gc          ] GC(105) Pause Init Update Refs 0.142ms
[2026-04-03T03:17:32.196+0600][73.734s][info][gc,start    ] GC(105) Concurrent update references
[2026-04-03T03:17:32.196+0600][73.734s][info][gc,task     ] GC(105) Using 3 of 6 workers for concurrent reference update
[2026-04-03T03:17:32.314+0600][73.853s][info][gc          ] GC(105) Concurrent update references 118.524ms
[2026-04-03T03:17:32.314+0600][73.853s][info][gc,start    ] GC(105) Concurrent update thread roots
[2026-04-03T03:17:32.316+0600][73.854s][info][gc          ] GC(105) Concurrent update thread roots 1.320ms
[2026-04-03T03:17:32.316+0600][73.854s][info][gc,start    ] GC(105) Pause Final Update Refs
[2026-04-03T03:17:32.316+0600][73.854s][info][gc,task     ] GC(105) Using 6 of 6 workers for final reference update
[2026-04-03T03:17:32.316+0600][73.855s][info][gc          ] GC(105) Pause Final Update Refs 0.257ms
[2026-04-03T03:17:32.316+0600][73.855s][info][gc,start    ] GC(105) Concurrent cleanup
[2026-04-03T03:17:32.317+0600][73.855s][info][gc          ] GC(105) Concurrent cleanup 320M->256M(691M) 0.333ms
[2026-04-03T03:17:32.317+0600][73.855s][info][gc,ergo     ] Free: 452M, Max: 256K regular, 100352K humongous, Frag: 79% external, 0% internal; Reserve: 38400K, Max: 256K
[2026-04-03T03:17:32.317+0600][73.855s][info][gc,stats    ] 
[2026-04-03T03:17:32.317+0600][73.855s][info][gc,stats    ] All times are wall-clock times, except per-root-class counters, that are sum over
[2026-04-03T03:17:32.317+0600][73.855s][info][gc,stats    ] all workers. Dividing the <total> over the root stage time estimates parallelism.
[2026-04-03T03:17:32.317+0600][73.855s][info][gc,stats    ] 
[2026-04-03T03:17:32.317+0600][73.855s][info][gc,stats    ] Concurrent Reset                   1096 us
[2026-04-03T03:17:32.317+0600][73.855s][info][gc,stats    ] Pause Init Mark (G)                 612 us
[2026-04-03T03:17:32.317+0600][73.855s][info][gc,stats    ] Pause Init Mark (N)                 192 us
[2026-04-03T03:17:32.317+0600][73.855s][info][gc,stats    ]   Update Region States               38 us
[2026-04-03T03:17:32.317+0600][73.855s][info][gc,stats    ] Concurrent Mark Roots              1135 us, parallelism: 1.67x
[2026-04-03T03:17:32.317+0600][73.855s][info][gc,stats    ]   CMR: <total>                     1901 us
[2026-04-03T03:17:32.317+0600][73.855s][info][gc,stats    ]   CMR: Thread Roots                1548 us, workers (us): 322, 629, 597, ---, ---, ---, 
[2026-04-03T03:17:32.317+0600][73.855s][info][gc,stats    ]   CMR: VM Strong Roots               43 us, workers (us):  32,  11,   1, ---, ---, ---, 
[2026-04-03T03:17:32.317+0600][73.855s][info][gc,stats    ]   CMR: CLDG Roots                   310 us, workers (us): 310, ---, ---, ---, ---, ---, 
[2026-04-03T03:17:32.317+0600][73.855s][info][gc,stats    ] Concurrent Marking               244221 us
[2026-04-03T03:17:32.317+0600][73.855s][info][gc,stats    ] Pause Final Mark (G)               1096 us
[2026-04-03T03:17:32.317+0600][73.856s][info][gc,stats    ] Pause Final Mark (N)                875 us
[2026-04-03T03:17:32.317+0600][73.856s][info][gc,stats    ]   Finish Mark                       282 us
[2026-04-03T03:17:32.317+0600][73.856s][info][gc,stats    ]   Update Region States               63 us
[2026-04-03T03:17:32.317+0600][73.856s][info][gc,stats    ]   Choose Collection Set             361 us
[2026-04-03T03:17:32.317+0600][73.856s][info][gc,stats    ]   Rebuild Free Set                   37 us
[2026-04-03T03:17:32.317+0600][73.856s][info][gc,stats    ] Concurrent Thread Roots             796 us, parallelism: 2.12x
[2026-04-03T03:17:32.317+0600][73.856s][info][gc,stats    ]   CTR: <total>                     1690 us
[2026-04-03T03:17:32.317+0600][73.856s][info][gc,stats    ]   CTR: Thread Roots                1690 us, workers (us): 581, 575, 534, ---, ---, ---, 
[2026-04-03T03:17:32.317+0600][73.856s][info][gc,stats    ] Concurrent Weak References          883 us, parallelism: 0.88x
[2026-04-03T03:17:32.317+0600][73.856s][info][gc,stats    ]   CWRF: <total>                     777 us
[2026-04-03T03:17:32.317+0600][73.856s][info][gc,stats    ]   CWRF: Weak References             777 us, workers (us): 560,  81, 136, ---, ---, ---, 
[2026-04-03T03:17:32.317+0600][73.856s][info][gc,stats    ] Concurrent Weak Roots              2890 us
[2026-04-03T03:17:32.317+0600][73.856s][info][gc,stats    ]   Roots                            2432 us, parallelism: 2.54x
[2026-04-03T03:17:32.317+0600][73.856s][info][gc,stats    ]     CWR: <total>                   6177 us
[2026-04-03T03:17:32.317+0600][73.856s][info][gc,stats    ]     CWR: Code Cache Roots          4407 us, workers (us): 1453, 1477, 1477, ---, ---, ---, 
[2026-04-03T03:17:32.317+0600][73.856s][info][gc,stats    ]     CWR: VM Weak Roots             1697 us, workers (us): 591, 565, 541, ---, ---, ---, 
[2026-04-03T03:17:32.317+0600][73.856s][info][gc,stats    ]     CWR: CLDG Roots                  74 us, workers (us): ---, ---,  74, ---, ---, ---, 
[2026-04-03T03:17:32.317+0600][73.856s][info][gc,stats    ]   Rendezvous                        350 us
[2026-04-03T03:17:32.317+0600][73.856s][info][gc,stats    ] Concurrent Cleanup                  464 us
[2026-04-03T03:17:32.317+0600][73.856s][info][gc,stats    ] Concurrent Class Unloading         8919 us
[2026-04-03T03:17:32.317+0600][73.856s][info][gc,stats    ]   Unlink Stale                     7914 us
[2026-04-03T03:17:32.317+0600][73.856s][info][gc,stats    ]     System Dictionary               152 us
[2026-04-03T03:17:32.317+0600][73.856s][info][gc,stats    ]     Weak Class Links                  0 us
[2026-04-03T03:17:32.317+0600][73.856s][info][gc,stats    ]     Code Roots                     7756 us
[2026-04-03T03:17:32.317+0600][73.856s][info][gc,stats    ]   Rendezvous                        384 us
[2026-04-03T03:17:32.317+0600][73.856s][info][gc,stats    ]   Purge Unlinked                    476 us
[2026-04-03T03:17:32.317+0600][73.856s][info][gc,stats    ]     Code Roots                      454 us
[2026-04-03T03:17:32.317+0600][73.856s][info][gc,stats    ]     CLDG                             20 us
[2026-04-03T03:17:32.317+0600][73.856s][info][gc,stats    ]     Exception Caches                  1 us
[2026-04-03T03:17:32.317+0600][73.856s][info][gc,stats    ] Concurrent Strong Roots            1305 us, parallelism: 0.67x
[2026-04-03T03:17:32.317+0600][73.856s][info][gc,stats    ]   CSR: <total>                      875 us
[2026-04-03T03:17:32.318+0600][73.856s][info][gc,stats    ]   CSR: VM Strong Roots               84 us, workers (us):  41,  39,   4, ---, ---, ---, 
[2026-04-03T03:17:32.318+0600][73.856s][info][gc,stats    ]   CSR: CLDG Roots                   791 us, workers (us): 791, ---, ---, ---, ---, ---, 
[2026-04-03T03:17:32.318+0600][73.856s][info][gc,stats    ] Concurrent Evacuation             12419 us
[2026-04-03T03:17:32.318+0600][73.856s][info][gc,stats    ] Pause Init Update Refs (G)          578 us
[2026-04-03T03:17:32.318+0600][73.856s][info][gc,stats    ] Pause Init Update Refs (N)          172 us
[2026-04-03T03:17:32.318+0600][73.856s][info][gc,stats    ]   Manage GCLABs                      31 us
[2026-04-03T03:17:32.318+0600][73.856s][info][gc,stats    ] Concurrent Update Refs           118630 us
[2026-04-03T03:17:32.318+0600][73.856s][info][gc,stats    ] Concurrent Update Thread Roots     1424 us
[2026-04-03T03:17:32.318+0600][73.856s][info][gc,stats    ] Pause Final Update Refs (G)         636 us
[2026-04-03T03:17:32.318+0600][73.856s][info][gc,stats    ] Pause Final Update Refs (N)         283 us
[2026-04-03T03:17:32.318+0600][73.856s][info][gc,stats    ]   Update Region States               83 us
[2026-04-03T03:17:32.318+0600][73.856s][info][gc,stats    ]   Trash Collection Set               17 us
[2026-04-03T03:17:32.318+0600][73.856s][info][gc,stats    ]   Rebuild Free Set                   49 us
[2026-04-03T03:17:32.318+0600][73.856s][info][gc,stats    ] Concurrent Cleanup                  367 us
[2026-04-03T03:17:32.318+0600][73.856s][info][gc,stats    ] Pacing                           229545 us
[2026-04-03T03:17:32.318+0600][73.856s][info][gc,stats    ] 
[2026-04-03T03:17:32.318+0600][73.856s][info][gc,stats    ] Allocation pacing accrued:
[2026-04-03T03:17:32.318+0600][73.856s][info][gc,stats    ]      83 of   903 ms (  9.2%): Executor task launch worker for task 1.0 in stage 24.0 (TID 34)
[2026-04-03T03:17:32.318+0600][73.856s][info][gc,stats    ]      72 of   903 ms (  8.0%): Executor task launch worker for task 0.0 in stage 24.0 (TID 33)
[2026-04-03T03:17:32.318+0600][73.856s][info][gc,stats    ]      74 of   903 ms (  8.2%): Executor task launch worker for task 2.0 in stage 24.0 (TID 35)
[2026-04-03T03:17:32.318+0600][73.856s][info][gc,stats    ]     230 of   903 ms ( 25.4%): <total>
[2026-04-03T03:17:32.318+0600][73.856s][info][gc,stats    ]       1 of   903 ms (  0.2%): <average total>
[2026-04-03T03:17:32.318+0600][73.856s][info][gc,stats    ]      77 of   903 ms (  8.5%): <average non-zero>
[2026-04-03T03:17:32.318+0600][73.856s][info][gc,stats    ] 
[2026-04-03T03:17:32.318+0600][73.856s][info][gc,metaspace] Metaspace: 73244K(74176K)->73256K(74176K) NonClass: 63932K(64448K)->63945K(64448K) Class: 9311K(9728K)->9311K(9728K)
[2026-04-03T03:17:32.318+0600][73.856s][info][gc,ergo     ] Pacer for Idle. Initial: 15360K, Alloc Tax Rate: 1.0x
[2026-04-03T03:17:32.837+0600][74.375s][info][gc          ] Trigger: Average GC time (518.05 ms) is above the time for average allocation rate (410 MB/s) to deplete free headroom (210M) (margin of error = 1.96)
[2026-04-03T03:17:32.837+0600][74.375s][info][gc,ergo     ] Free headroom: 248M (free) - 38400K (spike) - 0B (penalties) = 210M
[2026-04-03T03:17:32.837+0600][74.376s][info][gc,ergo     ] Free: 248M, Max: 256K regular, 100352K humongous, Frag: 61% external, 0% internal; Reserve: 38400K, Max: 256K
[2026-04-03T03:17:32.837+0600][74.376s][info][gc,start    ] GC(106) Concurrent reset
[2026-04-03T03:17:32.837+0600][74.376s][info][gc,task     ] GC(106) Using 3 of 6 workers for concurrent reset
[2026-04-03T03:17:32.837+0600][74.376s][info][gc,ergo     ] GC(106) Pacer for Reset. Non-Taxable: 750M
[2026-04-03T03:17:32.838+0600][74.377s][info][gc          ] GC(106) Concurrent reset 1.017ms
[2026-04-03T03:17:32.839+0600][74.377s][info][gc,start    ] GC(106) Pause Init Mark (unload classes)
[2026-04-03T03:17:32.839+0600][74.377s][info][gc,task     ] GC(106) Using 6 of 6 workers for init marking
[2026-04-03T03:17:32.839+0600][74.377s][info][gc,ergo     ] GC(106) Pacer for Mark. Expected Live: 188M, Free: 247M, Non-Taxable: 25300K, Alloc Tax Rate: 0.9x
[2026-04-03T03:17:32.839+0600][74.377s][info][gc          ] GC(106) Pause Init Mark (unload classes) 0.180ms
[2026-04-03T03:17:32.839+0600][74.377s][info][gc,start    ] GC(106) Concurrent marking roots
[2026-04-03T03:17:32.839+0600][74.377s][info][gc,task     ] GC(106) Using 3 of 6 workers for concurrent marking roots
[2026-04-03T03:17:32.840+0600][74.378s][info][gc          ] GC(106) Concurrent marking roots 1.027ms
[2026-04-03T03:17:32.840+0600][74.378s][info][gc,start    ] GC(106) Concurrent marking (unload classes)
[2026-04-03T03:17:32.840+0600][74.378s][info][gc,task     ] GC(106) Using 3 of 6 workers for concurrent marking
[2026-04-03T03:17:33.007+0600][74.545s][info][gc          ] GC(106) Concurrent marking (unload classes) 166.949ms
[2026-04-03T03:17:33.007+0600][74.545s][info][gc,start    ] GC(106) Pause Final Mark (unload classes)
[2026-04-03T03:17:33.007+0600][74.545s][info][gc,task     ] GC(106) Using 6 of 6 workers for final marking
[2026-04-03T03:17:33.007+0600][74.546s][info][gc,ergo     ] GC(106) Adaptive CSet Selection. Target Free: 106M, Actual Free: 494M, Max CSet: 32000K, Min Garbage: 0B
[2026-04-03T03:17:33.008+0600][74.546s][info][gc,ergo     ] GC(106) Collectable Garbage: 306M (98%), Immediate: 250M (80%), CSet: 58014K (18%)
[2026-04-03T03:17:33.008+0600][74.546s][info][gc,ergo     ] GC(106) Pacer for Evacuation. Used CSet: 61696K, Free: 460M, Non-Taxable: 47162K, Alloc Tax Rate: 1.1x
[2026-04-03T03:17:33.008+0600][74.546s][info][gc          ] GC(106) Pause Final Mark (unload classes) 0.811ms
[2026-04-03T03:17:33.008+0600][74.546s][info][gc,start    ] GC(106) Concurrent thread roots
[2026-04-03T03:17:33.008+0600][74.546s][info][gc,task     ] GC(106) Using 3 of 6 workers for Concurrent thread roots
[2026-04-03T03:17:33.009+0600][74.547s][info][gc          ] GC(106) Concurrent thread roots 0.733ms
[2026-04-03T03:17:33.009+0600][74.547s][info][gc,start    ] GC(106) Concurrent weak references
[2026-04-03T03:17:33.009+0600][74.547s][info][gc,task     ] GC(106) Using 3 of 6 workers for concurrent weak references
[2026-04-03T03:17:33.009+0600][74.548s][info][gc,ref      ] GC(106) Encountered references: Soft: 3355, Weak: 6538, Final: 84, Phantom: 602
[2026-04-03T03:17:33.009+0600][74.548s][info][gc,ref      ] GC(106) Discovered  references: Soft: 0, Weak: 3687, Final: 52, Phantom: 598
[2026-04-03T03:17:33.009+0600][74.548s][info][gc,ref      ] GC(106) Enqueued    references: Soft: 0, Weak: 81, Final: 0, Phantom: 0
[2026-04-03T03:17:33.009+0600][74.548s][info][gc          ] GC(106) Concurrent weak references 0.707ms
[2026-04-03T03:17:33.009+0600][74.548s][info][gc,start    ] GC(106) Concurrent weak roots
[2026-04-03T03:17:33.009+0600][74.548s][info][gc,task     ] GC(106) Using 3 of 6 workers for concurrent weak root
[2026-04-03T03:17:33.012+0600][74.550s][info][gc          ] GC(106) Concurrent weak roots 2.283ms
[2026-04-03T03:17:33.012+0600][74.550s][info][gc,start    ] GC(106) Concurrent cleanup
[2026-04-03T03:17:33.012+0600][74.551s][info][gc          ] GC(106) Concurrent cleanup 501M->252M(691M) 0.382ms
[2026-04-03T03:17:33.012+0600][74.551s][info][gc,ergo     ] GC(106) Free: 458M, Max: 256K regular, 100352K humongous, Frag: 79% external, 0% internal; Reserve: 38181K, Max: 256K
[2026-04-03T03:17:33.012+0600][74.551s][info][gc,start    ] GC(106) Concurrent class unloading
[2026-04-03T03:17:33.012+0600][74.551s][info][gc,task     ] GC(106) Using 3 of 6 workers for concurrent class unloading
[2026-04-03T03:17:33.020+0600][74.558s][info][gc          ] GC(106) Concurrent class unloading 7.252ms
[2026-04-03T03:17:33.020+0600][74.558s][info][gc,start    ] GC(106) Concurrent strong roots
[2026-04-03T03:17:33.020+0600][74.558s][info][gc,task     ] GC(106) Using 3 of 6 workers for concurrent strong root
[2026-04-03T03:17:33.020+0600][74.559s][info][gc          ] GC(106) Concurrent strong roots 0.801ms
[2026-04-03T03:17:33.020+0600][74.559s][info][gc,start    ] GC(106) Concurrent evacuation
[2026-04-03T03:17:33.020+0600][74.559s][info][gc,task     ] GC(106) Using 3 of 6 workers for concurrent evacuation
[2026-04-03T03:17:33.024+0600][74.563s][info][gc          ] GC(106) Concurrent evacuation 3.660ms
[2026-04-03T03:17:33.024+0600][74.563s][info][gc,start    ] GC(106) Pause Init Update Refs
[2026-04-03T03:17:33.024+0600][74.563s][info][gc,ergo     ] GC(106) Pacer for Update Refs. Used: 265M, Free: 449M, Non-Taxable: 45984K, Alloc Tax Rate: 1.1x
[2026-04-03T03:17:33.024+0600][74.563s][info][gc          ] GC(106) Pause Init Update Refs 0.112ms
[2026-04-03T03:17:33.025+0600][74.563s][info][gc,start    ] GC(106) Concurrent update references
[2026-04-03T03:17:33.025+0600][74.563s][info][gc,task     ] GC(106) Using 3 of 6 workers for concurrent reference update
[2026-04-03T03:17:33.108+0600][74.647s][info][gc          ] GC(106) Concurrent update references 83.798ms
[2026-04-03T03:17:33.108+0600][74.647s][info][gc,start    ] GC(106) Concurrent update thread roots
[2026-04-03T03:17:33.110+0600][74.648s][info][gc          ] GC(106) Concurrent update thread roots 1.247ms
[2026-04-03T03:17:33.110+0600][74.648s][info][gc,start    ] GC(106) Pause Final Update Refs
[2026-04-03T03:17:33.110+0600][74.648s][info][gc,task     ] GC(106) Using 6 of 6 workers for final reference update
[2026-04-03T03:17:33.110+0600][74.649s][info][gc          ] GC(106) Pause Final Update Refs 0.173ms
[2026-04-03T03:17:33.110+0600][74.649s][info][gc,start    ] GC(106) Concurrent cleanup
[2026-04-03T03:17:33.111+0600][74.649s][info][gc          ] GC(106) Concurrent cleanup 337M->277M(691M) 0.233ms
[2026-04-03T03:17:33.111+0600][74.649s][info][gc,ergo     ] Free: 432M, Max: 256K regular, 153M humongous, Frag: 65% external, 0% internal; Reserve: 38400K, Max: 256K
[2026-04-03T03:17:33.111+0600][74.649s][info][gc,stats    ] 
[2026-04-03T03:17:33.111+0600][74.649s][info][gc,stats    ] All times are wall-clock times, except per-root-class counters, that are sum over
[2026-04-03T03:17:33.111+0600][74.649s][info][gc,stats    ] all workers. Dividing the <total> over the root stage time estimates parallelism.
[2026-04-03T03:17:33.111+0600][74.649s][info][gc,stats    ] 
[2026-04-03T03:17:33.111+0600][74.649s][info][gc,stats    ] Concurrent Reset                   1072 us
[2026-04-03T03:17:33.111+0600][74.649s][info][gc,stats    ] Pause Init Mark (G)                 563 us
[2026-04-03T03:17:33.111+0600][74.649s][info][gc,stats    ] Pause Init Mark (N)                 189 us
[2026-04-03T03:17:33.111+0600][74.649s][info][gc,stats    ]   Update Region States               33 us
[2026-04-03T03:17:33.111+0600][74.649s][info][gc,stats    ] Concurrent Mark Roots              1077 us, parallelism: 1.74x
[2026-04-03T03:17:33.111+0600][74.649s][info][gc,stats    ]   CMR: <total>                     1878 us
[2026-04-03T03:17:33.111+0600][74.649s][info][gc,stats    ]   CMR: Thread Roots                1519 us, workers (us): 304, 615, 601, ---, ---, ---, 
[2026-04-03T03:17:33.111+0600][74.649s][info][gc,stats    ]   CMR: VM Strong Roots               45 us, workers (us):  23,  22,   1, ---, ---, ---, 
[2026-04-03T03:17:33.111+0600][74.649s][info][gc,stats    ]   CMR: CLDG Roots                   313 us, workers (us): 313, ---, ---, ---, ---, ---, 
[2026-04-03T03:17:33.111+0600][74.649s][info][gc,stats    ] Concurrent Marking               167029 us
[2026-04-03T03:17:33.111+0600][74.649s][info][gc,stats    ] Pause Final Mark (G)                980 us
[2026-04-03T03:17:33.111+0600][74.649s][info][gc,stats    ] Pause Final Mark (N)                823 us
[2026-04-03T03:17:33.111+0600][74.649s][info][gc,stats    ]   Finish Mark                       299 us
[2026-04-03T03:17:33.111+0600][74.649s][info][gc,stats    ]   Update Region States               46 us
[2026-04-03T03:17:33.111+0600][74.649s][info][gc,stats    ]   Choose Collection Set             310 us
[2026-04-03T03:17:33.111+0600][74.649s][info][gc,stats    ]   Rebuild Free Set                   42 us
[2026-04-03T03:17:33.111+0600][74.649s][info][gc,stats    ] Concurrent Thread Roots             817 us, parallelism: 1.89x
[2026-04-03T03:17:33.111+0600][74.649s][info][gc,stats    ]   CTR: <total>                     1541 us
[2026-04-03T03:17:33.111+0600][74.649s][info][gc,stats    ]   CTR: Thread Roots                1541 us, workers (us): 554, 513, 475, ---, ---, ---, 
[2026-04-03T03:17:33.111+0600][74.649s][info][gc,stats    ] Concurrent Weak References          721 us, parallelism: 0.86x
[2026-04-03T03:17:33.111+0600][74.649s][info][gc,stats    ]   CWRF: <total>                     624 us
[2026-04-03T03:17:33.111+0600][74.649s][info][gc,stats    ]   CWRF: Weak References             624 us, workers (us): 487, 136,   1, ---, ---, ---, 
[2026-04-03T03:17:33.111+0600][74.649s][info][gc,stats    ] Concurrent Weak Roots              2352 us
[2026-04-03T03:17:33.111+0600][74.649s][info][gc,stats    ]   Roots                            2024 us, parallelism: 2.48x
[2026-04-03T03:17:33.111+0600][74.649s][info][gc,stats    ]     CWR: <total>                   5023 us
[2026-04-03T03:17:33.111+0600][74.649s][info][gc,stats    ]     CWR: Code Cache Roots          3373 us, workers (us): 1225, 1126, 1022, ---, ---, ---, 
[2026-04-03T03:17:33.111+0600][74.649s][info][gc,stats    ]     CWR: VM Weak Roots             1561 us, workers (us): 559, 556, 447, ---, ---, ---, 
[2026-04-03T03:17:33.111+0600][74.649s][info][gc,stats    ]     CWR: CLDG Roots                  89 us, workers (us): ---, ---,  89, ---, ---, ---, 
[2026-04-03T03:17:33.111+0600][74.649s][info][gc,stats    ]   Rendezvous                        228 us
[2026-04-03T03:17:33.111+0600][74.649s][info][gc,stats    ] Concurrent Cleanup                  407 us
[2026-04-03T03:17:33.111+0600][74.649s][info][gc,stats    ] Concurrent Class Unloading         7339 us
[2026-04-03T03:17:33.111+0600][74.649s][info][gc,stats    ]   Unlink Stale                     6628 us
[2026-04-03T03:17:33.111+0600][74.649s][info][gc,stats    ]     System Dictionary               126 us
[2026-04-03T03:17:33.111+0600][74.649s][info][gc,stats    ]     Weak Class Links                  0 us
[2026-04-03T03:17:33.111+0600][74.649s][info][gc,stats    ]     Code Roots                     6497 us
[2026-04-03T03:17:33.111+0600][74.649s][info][gc,stats    ]   Rendezvous                        312 us
[2026-04-03T03:17:33.111+0600][74.649s][info][gc,stats    ]   Purge Unlinked                    274 us
[2026-04-03T03:17:33.111+0600][74.649s][info][gc,stats    ]     Code Roots                      255 us
[2026-04-03T03:17:33.111+0600][74.649s][info][gc,stats    ]     CLDG                             18 us
[2026-04-03T03:17:33.111+0600][74.649s][info][gc,stats    ]     Exception Caches                  0 us
[2026-04-03T03:17:33.111+0600][74.649s][info][gc,stats    ] Concurrent Strong Roots             843 us, parallelism: 0.59x
[2026-04-03T03:17:33.111+0600][74.649s][info][gc,stats    ]   CSR: <total>                      497 us
[2026-04-03T03:17:33.111+0600][74.649s][info][gc,stats    ]   CSR: VM Strong Roots               36 us, workers (us):  20,  16,   0, ---, ---, ---, 
[2026-04-03T03:17:33.111+0600][74.649s][info][gc,stats    ]   CSR: CLDG Roots                   461 us, workers (us): 461, ---, ---, ---, ---, ---, 
[2026-04-03T03:17:33.111+0600][74.649s][info][gc,stats    ] Concurrent Evacuation              3740 us
[2026-04-03T03:17:33.111+0600][74.649s][info][gc,stats    ] Pause Init Update Refs (G)          366 us
[2026-04-03T03:17:33.111+0600][74.649s][info][gc,stats    ] Pause Init Update Refs (N)          125 us
[2026-04-03T03:17:33.111+0600][74.649s][info][gc,stats    ]   Manage GCLABs                      18 us
[2026-04-03T03:17:33.111+0600][74.650s][info][gc,stats    ] Concurrent Update Refs            83909 us
[2026-04-03T03:17:33.111+0600][74.650s][info][gc,stats    ] Concurrent Update Thread Roots     1289 us
[2026-04-03T03:17:33.111+0600][74.650s][info][gc,stats    ] Pause Final Update Refs (G)         486 us
[2026-04-03T03:17:33.111+0600][74.650s][info][gc,stats    ] Pause Final Update Refs (N)         190 us
[2026-04-03T03:17:33.111+0600][74.650s][info][gc,stats    ]   Update Region States               54 us
[2026-04-03T03:17:33.111+0600][74.650s][info][gc,stats    ]   Trash Collection Set               11 us
[2026-04-03T03:17:33.111+0600][74.650s][info][gc,stats    ]   Rebuild Free Set                   34 us
[2026-04-03T03:17:33.111+0600][74.650s][info][gc,stats    ] Concurrent Cleanup                  255 us
[2026-04-03T03:17:33.111+0600][74.650s][info][gc,stats    ] Pacing                           370982 us
[2026-04-03T03:17:33.111+0600][74.650s][info][gc,stats    ] 
[2026-04-03T03:17:33.111+0600][74.650s][info][gc,stats    ] Allocation pacing accrued:
[2026-04-03T03:17:33.111+0600][74.650s][info][gc,stats    ]     120 of   794 ms ( 15.1%): Executor task launch worker for task 1.0 in stage 25.0 (TID 37)
[2026-04-03T03:17:33.111+0600][74.650s][info][gc,stats    ]     121 of   794 ms ( 15.2%): Executor task launch worker for task 0.0 in stage 25.0 (TID 36)
[2026-04-03T03:17:33.111+0600][74.650s][info][gc,stats    ]     130 of   794 ms ( 16.4%): Executor task launch worker for task 2.0 in stage 25.0 (TID 38)
[2026-04-03T03:17:33.111+0600][74.650s][info][gc,stats    ]     371 of   794 ms ( 46.8%): <total>
[2026-04-03T03:17:33.111+0600][74.650s][info][gc,stats    ]       2 of   794 ms (  0.3%): <average total>
[2026-04-03T03:17:33.111+0600][74.650s][info][gc,stats    ]     124 of   794 ms ( 15.6%): <average non-zero>
[2026-04-03T03:17:33.111+0600][74.650s][info][gc,stats    ] 
[2026-04-03T03:17:33.111+0600][74.650s][info][gc,metaspace] Metaspace: 73284K(74176K)->73285K(74176K) NonClass: 63972K(64448K)->63973K(64448K) Class: 9311K(9728K)->9311K(9728K)
[2026-04-03T03:17:33.111+0600][74.650s][info][gc,ergo     ] Pacer for Idle. Initial: 15360K, Alloc Tax Rate: 1.0x
[2026-04-03T03:17:33.213+0600][74.751s][info][gc          ] Trigger: Average GC time (495.64 ms) is above the time for average allocation rate (1049 MB/s) to deplete free headroom (228M) (margin of error = 1.95)
[2026-04-03T03:17:33.213+0600][74.752s][info][gc,ergo     ] Free headroom: 265M (free) - 38400K (spike) - 0B (penalties) = 228M
[2026-04-03T03:17:33.213+0600][74.752s][info][gc,ergo     ] Free: 265M, Max: 256K regular, 153M humongous, Frag: 43% external, 0% internal; Reserve: 38400K, Max: 256K
[2026-04-03T03:17:33.213+0600][74.752s][info][gc,start    ] GC(107) Concurrent reset
[2026-04-03T03:17:33.213+0600][74.752s][info][gc,task     ] GC(107) Using 3 of 6 workers for concurrent reset
[2026-04-03T03:17:33.213+0600][74.752s][info][gc,ergo     ] GC(107) Pacer for Reset. Non-Taxable: 750M
[2026-04-03T03:17:33.214+0600][74.752s][info][gc          ] GC(107) Concurrent reset 0.794ms
[2026-04-03T03:17:33.214+0600][74.753s][info][gc,start    ] GC(107) Pause Init Mark (unload classes)
[2026-04-03T03:17:33.214+0600][74.753s][info][gc,task     ] GC(107) Using 6 of 6 workers for init marking
[2026-04-03T03:17:33.214+0600][74.753s][info][gc,ergo     ] GC(107) Pacer for Mark. Expected Live: 171M, Free: 264M, Non-Taxable: 27042K, Alloc Tax Rate: 0.8x
[2026-04-03T03:17:33.214+0600][74.753s][info][gc          ] GC(107) Pause Init Mark (unload classes) 0.117ms
[2026-04-03T03:17:33.214+0600][74.753s][info][gc,start    ] GC(107) Concurrent marking roots
[2026-04-03T03:17:33.215+0600][74.753s][info][gc,task     ] GC(107) Using 3 of 6 workers for concurrent marking roots
[2026-04-03T03:17:33.215+0600][74.754s][info][gc          ] GC(107) Concurrent marking roots 0.782ms
[2026-04-03T03:17:33.215+0600][74.754s][info][gc,start    ] GC(107) Concurrent marking (unload classes)
[2026-04-03T03:17:33.215+0600][74.754s][info][gc,task     ] GC(107) Using 3 of 6 workers for concurrent marking
[2026-04-03T03:17:33.403+0600][74.942s][info][gc          ] GC(107) Concurrent marking (unload classes) 187.969ms
[2026-04-03T03:17:33.404+0600][74.942s][info][gc,start    ] GC(107) Pause Final Mark (unload classes)
[2026-04-03T03:17:33.404+0600][74.942s][info][gc,task     ] GC(107) Using 6 of 6 workers for final marking
[2026-04-03T03:17:33.404+0600][74.942s][info][gc,ergo     ] GC(107) Adaptive CSet Selection. Target Free: 106M, Actual Free: 255M, Max CSet: 32000K, Min Garbage: 0B
[2026-04-03T03:17:33.404+0600][74.943s][info][gc,ergo     ] GC(107) Collectable Garbage: 208M (81%), Immediate: 2304K (0%), CSet: 206M (81%)
[2026-04-03T03:17:33.404+0600][74.943s][info][gc,ergo     ] GC(107) Pacer for Evacuation. Used CSet: 237M, Free: 220M, Non-Taxable: 22536K, Alloc Tax Rate: 2.6x
[2026-04-03T03:17:33.404+0600][74.943s][info][gc          ] GC(107) Pause Final Mark (unload classes) 0.947ms
[2026-04-03T03:17:33.405+0600][74.943s][info][gc,start    ] GC(107) Concurrent thread roots
[2026-04-03T03:17:33.405+0600][74.943s][info][gc,task     ] GC(107) Using 3 of 6 workers for Concurrent thread roots
[2026-04-03T03:17:33.405+0600][74.944s][info][gc          ] GC(107) Concurrent thread roots 0.654ms
[2026-04-03T03:17:33.405+0600][74.944s][info][gc,start    ] GC(107) Concurrent weak references
[2026-04-03T03:17:33.405+0600][74.944s][info][gc,task     ] GC(107) Using 3 of 6 workers for concurrent weak references
[2026-04-03T03:17:33.406+0600][74.944s][info][gc,ref      ] GC(107) Encountered references: Soft: 3355, Weak: 6465, Final: 84, Phantom: 602
[2026-04-03T03:17:33.406+0600][74.944s][info][gc,ref      ] GC(107) Discovered  references: Soft: 0, Weak: 477, Final: 0, Phantom: 599
[2026-04-03T03:17:33.406+0600][74.944s][info][gc,ref      ] GC(107) Enqueued    references: Soft: 0, Weak: 2, Final: 0, Phantom: 0
[2026-04-03T03:17:33.406+0600][74.944s][info][gc          ] GC(107) Concurrent weak references 0.298ms
[2026-04-03T03:17:33.406+0600][74.944s][info][gc,start    ] GC(107) Concurrent weak roots
[2026-04-03T03:17:33.406+0600][74.944s][info][gc,task     ] GC(107) Using 3 of 6 workers for concurrent weak root
[2026-04-03T03:17:33.408+0600][74.946s][info][gc          ] GC(107) Concurrent weak roots 2.048ms
[2026-04-03T03:17:33.408+0600][74.946s][info][gc,start    ] GC(107) Concurrent cleanup
[2026-04-03T03:17:33.408+0600][74.946s][info][gc          ] GC(107) Concurrent cleanup 492M->490M(691M) 0.182ms
[2026-04-03T03:17:33.408+0600][74.946s][info][gc,ergo     ] GC(107) Free: 219M, Max: 256K regular, 110M humongous, Frag: 50% external, 0% internal; Reserve: 38387K, Max: 256K
[2026-04-03T03:17:33.408+0600][74.946s][info][gc,start    ] GC(107) Concurrent class unloading
[2026-04-03T03:17:33.408+0600][74.946s][info][gc,task     ] GC(107) Using 3 of 6 workers for concurrent class unloading
[2026-04-03T03:17:33.415+0600][74.953s][info][gc          ] GC(107) Concurrent class unloading 6.659ms
[2026-04-03T03:17:33.415+0600][74.953s][info][gc,start    ] GC(107) Concurrent strong roots
[2026-04-03T03:17:33.415+0600][74.953s][info][gc,task     ] GC(107) Using 3 of 6 workers for concurrent strong root
[2026-04-03T03:17:33.416+0600][74.954s][info][gc          ] GC(107) Concurrent strong roots 0.854ms
[2026-04-03T03:17:33.416+0600][74.954s][info][gc,start    ] GC(107) Concurrent evacuation
[2026-04-03T03:17:33.416+0600][74.954s][info][gc,task     ] GC(107) Using 3 of 6 workers for concurrent evacuation
[2026-04-03T03:17:33.445+0600][74.983s][info][gc          ] GC(107) Concurrent evacuation 29.238ms
[2026-04-03T03:17:33.445+0600][74.984s][info][gc,start    ] GC(107) Pause Init Update Refs
[2026-04-03T03:17:33.445+0600][74.984s][info][gc,ergo     ] GC(107) Pacer for Update Refs. Used: 547M, Free: 193M, Non-Taxable: 19823K, Alloc Tax Rate: 3.5x
[2026-04-03T03:17:33.445+0600][74.984s][info][gc          ] GC(107) Pause Init Update Refs 0.126ms
[2026-04-03T03:17:33.446+0600][74.984s][info][gc,start    ] GC(107) Concurrent update references
[2026-04-03T03:17:33.446+0600][74.984s][info][gc,task     ] GC(107) Using 3 of 6 workers for concurrent reference update
[2026-04-03T03:17:33.590+0600][75.128s][info][gc          ] GC(107) Concurrent update references 144.506ms
[2026-04-03T03:17:33.590+0600][75.129s][info][gc,start    ] GC(107) Concurrent update thread roots
[2026-04-03T03:17:33.591+0600][75.130s][info][gc          ] GC(107) Concurrent update thread roots 1.140ms
[2026-04-03T03:17:33.592+0600][75.130s][info][gc,start    ] GC(107) Pause Final Update Refs
[2026-04-03T03:17:33.592+0600][75.130s][info][gc,task     ] GC(107) Using 6 of 6 workers for final reference update
[2026-04-03T03:17:33.592+0600][75.130s][info][gc          ] GC(107) Pause Final Update Refs 0.213ms
[2026-04-03T03:17:33.592+0600][75.130s][info][gc,start    ] GC(107) Concurrent cleanup
[2026-04-03T03:17:33.592+0600][75.131s][info][gc          ] GC(107) Concurrent cleanup 628M->390M(704M) 0.337ms
[2026-04-03T03:17:33.592+0600][75.131s][info][gc,ergo     ] Free: 318M, Max: 256K regular, 74752K humongous, Frag: 78% external, 0% internal; Reserve: 38400K, Max: 256K
[2026-04-03T03:17:33.592+0600][75.131s][info][gc,stats    ] 
[2026-04-03T03:17:33.592+0600][75.131s][info][gc,stats    ] All times are wall-clock times, except per-root-class counters, that are sum over
[2026-04-03T03:17:33.592+0600][75.131s][info][gc,stats    ] all workers. Dividing the <total> over the root stage time estimates parallelism.
[2026-04-03T03:17:33.592+0600][75.131s][info][gc,stats    ] 
[2026-04-03T03:17:33.592+0600][75.131s][info][gc,stats    ] Concurrent Reset                    833 us
[2026-04-03T03:17:33.592+0600][75.131s][info][gc,stats    ] Pause Init Mark (G)                 437 us
[2026-04-03T03:17:33.592+0600][75.131s][info][gc,stats    ] Pause Init Mark (N)                 127 us
[2026-04-03T03:17:33.592+0600][75.131s][info][gc,stats    ]   Update Region States               27 us
[2026-04-03T03:17:33.592+0600][75.131s][info][gc,stats    ] Concurrent Mark Roots               816 us, parallelism: 1.53x
[2026-04-03T03:17:33.592+0600][75.131s][info][gc,stats    ]   CMR: <total>                     1246 us
[2026-04-03T03:17:33.592+0600][75.131s][info][gc,stats    ]   CMR: Thread Roots                 998 us, workers (us): 407, 399, 192, ---, ---, ---, 
[2026-04-03T03:17:33.592+0600][75.131s][info][gc,stats    ]   CMR: VM Strong Roots               30 us, workers (us):  12,  12,   6, ---, ---, ---, 
[2026-04-03T03:17:33.592+0600][75.131s][info][gc,stats    ]   CMR: CLDG Roots                   218 us, workers (us): ---, ---, 218, ---, ---, ---, 
[2026-04-03T03:17:33.592+0600][75.131s][info][gc,stats    ] Concurrent Marking               188042 us
[2026-04-03T03:17:33.592+0600][75.131s][info][gc,stats    ] Pause Final Mark (G)               1231 us
[2026-04-03T03:17:33.593+0600][75.131s][info][gc,stats    ] Pause Final Mark (N)                961 us
[2026-04-03T03:17:33.593+0600][75.131s][info][gc,stats    ]   Finish Mark                       323 us
[2026-04-03T03:17:33.593+0600][75.131s][info][gc,stats    ]   Update Region States               50 us
[2026-04-03T03:17:33.593+0600][75.131s][info][gc,stats    ]   Choose Collection Set             439 us
[2026-04-03T03:17:33.593+0600][75.131s][info][gc,stats    ]   Rebuild Free Set                   35 us
[2026-04-03T03:17:33.593+0600][75.131s][info][gc,stats    ] Concurrent Thread Roots             696 us, parallelism: 2.02x
[2026-04-03T03:17:33.593+0600][75.131s][info][gc,stats    ]   CTR: <total>                     1408 us
[2026-04-03T03:17:33.593+0600][75.131s][info][gc,stats    ]   CTR: Thread Roots                1408 us, workers (us): 517, 493, 399, ---, ---, ---, 
[2026-04-03T03:17:33.593+0600][75.131s][info][gc,stats    ] Concurrent Weak References          312 us, parallelism: 0.47x
[2026-04-03T03:17:33.593+0600][75.131s][info][gc,stats    ]   CWRF: <total>                     146 us
[2026-04-03T03:17:33.593+0600][75.131s][info][gc,stats    ]   CWRF: Weak References             146 us, workers (us):  83,  62,   1, ---, ---, ---, 
[2026-04-03T03:17:33.593+0600][75.131s][info][gc,stats    ] Concurrent Weak Roots              2116 us
[2026-04-03T03:17:33.593+0600][75.131s][info][gc,stats    ]   Roots                            1835 us, parallelism: 2.42x
[2026-04-03T03:17:33.593+0600][75.131s][info][gc,stats    ]     CWR: <total>                   4439 us
[2026-04-03T03:17:33.593+0600][75.131s][info][gc,stats    ]     CWR: Code Cache Roots          3184 us, workers (us): 1063, 1070, 1050, ---, ---, ---, 
[2026-04-03T03:17:33.593+0600][75.131s][info][gc,stats    ]     CWR: VM Weak Roots             1218 us, workers (us): 453, 414, 351, ---, ---, ---, 
[2026-04-03T03:17:33.593+0600][75.131s][info][gc,stats    ]     CWR: CLDG Roots                  37 us, workers (us): ---,  37, ---, ---, ---, ---, 
[2026-04-03T03:17:33.593+0600][75.131s][info][gc,stats    ]   Rendezvous                        187 us
[2026-04-03T03:17:33.593+0600][75.131s][info][gc,stats    ] Concurrent Cleanup                  223 us
[2026-04-03T03:17:33.593+0600][75.131s][info][gc,stats    ] Concurrent Class Unloading         6759 us
[2026-04-03T03:17:33.593+0600][75.131s][info][gc,stats    ]   Unlink Stale                     6217 us
[2026-04-03T03:17:33.593+0600][75.131s][info][gc,stats    ]     System Dictionary                80 us
[2026-04-03T03:17:33.593+0600][75.131s][info][gc,stats    ]     Weak Class Links                  1 us
[2026-04-03T03:17:33.593+0600][75.131s][info][gc,stats    ]     Code Roots                     6133 us
[2026-04-03T03:17:33.593+0600][75.131s][info][gc,stats    ]   Rendezvous                        277 us
[2026-04-03T03:17:33.593+0600][75.131s][info][gc,stats    ]   Purge Unlinked                    135 us
[2026-04-03T03:17:33.593+0600][75.131s][info][gc,stats    ]     Code Roots                      126 us
[2026-04-03T03:17:33.593+0600][75.131s][info][gc,stats    ]     CLDG                              8 us
[2026-04-03T03:17:33.593+0600][75.131s][info][gc,stats    ]     Exception Caches                  0 us
[2026-04-03T03:17:33.593+0600][75.131s][info][gc,stats    ] Concurrent Strong Roots             965 us, parallelism: 0.50x
[2026-04-03T03:17:33.593+0600][75.131s][info][gc,stats    ]   CSR: <total>                      481 us
[2026-04-03T03:17:33.593+0600][75.131s][info][gc,stats    ]   CSR: VM Strong Roots               36 us, workers (us):  34,   2,   0, ---, ---, ---, 
[2026-04-03T03:17:33.593+0600][75.131s][info][gc,stats    ]   CSR: CLDG Roots                   445 us, workers (us): 445, ---, ---, ---, ---, ---, 
[2026-04-03T03:17:33.593+0600][75.131s][info][gc,stats    ] Concurrent Evacuation             29359 us
[2026-04-03T03:17:33.593+0600][75.131s][info][gc,stats    ] Pause Init Update Refs (G)          459 us
[2026-04-03T03:17:33.593+0600][75.131s][info][gc,stats    ] Pause Init Update Refs (N)          165 us
[2026-04-03T03:17:33.593+0600][75.131s][info][gc,stats    ]   Manage GCLABs                      57 us
[2026-04-03T03:17:33.593+0600][75.131s][info][gc,stats    ] Concurrent Update Refs           144601 us
[2026-04-03T03:17:33.593+0600][75.131s][info][gc,stats    ] Concurrent Update Thread Roots     1188 us
[2026-04-03T03:17:33.593+0600][75.131s][info][gc,stats    ] Pause Final Update Refs (G)         532 us
[2026-04-03T03:17:33.593+0600][75.131s][info][gc,stats    ] Pause Final Update Refs (N)         233 us
[2026-04-03T03:17:33.593+0600][75.131s][info][gc,stats    ]   Update Region States               61 us
[2026-04-03T03:17:33.593+0600][75.131s][info][gc,stats    ]   Trash Collection Set               26 us
[2026-04-03T03:17:33.593+0600][75.131s][info][gc,stats    ]   Rebuild Free Set                   57 us
[2026-04-03T03:17:33.593+0600][75.131s][info][gc,stats    ] Concurrent Cleanup                  361 us
[2026-04-03T03:17:33.593+0600][75.131s][info][gc,stats    ] Pacing                           463363 us
[2026-04-03T03:17:33.593+0600][75.131s][info][gc,stats    ] 
[2026-04-03T03:17:33.593+0600][75.131s][info][gc,stats    ] Allocation pacing accrued:
[2026-04-03T03:17:33.593+0600][75.131s][info][gc,stats    ]      11 of   482 ms (  2.3%): RemoteBlock-temp-file-clean-thread
[2026-04-03T03:17:33.593+0600][75.131s][info][gc,stats    ]     154 of   482 ms ( 31.9%): Executor task launch worker for task 1.0 in stage 25.0 (TID 37)
[2026-04-03T03:17:33.593+0600][75.131s][info][gc,stats    ]     145 of   482 ms ( 30.0%): Executor task launch worker for task 0.0 in stage 25.0 (TID 36)
[2026-04-03T03:17:33.593+0600][75.131s][info][gc,stats    ]     154 of   482 ms ( 31.9%): Executor task launch worker for task 2.0 in stage 25.0 (TID 38)
[2026-04-03T03:17:33.593+0600][75.131s][info][gc,stats    ]     463 of   482 ms ( 96.2%): <total>
[2026-04-03T03:17:33.593+0600][75.131s][info][gc,stats    ]       3 of   482 ms (  0.6%): <average total>
[2026-04-03T03:17:33.593+0600][75.131s][info][gc,stats    ]     116 of   482 ms ( 24.0%): <average non-zero>
[2026-04-03T03:17:33.593+0600][75.131s][info][gc,stats    ] 
[2026-04-03T03:17:33.593+0600][75.131s][info][gc,metaspace] Metaspace: 73285K(74176K)->73285K(74176K) NonClass: 63973K(64448K)->63973K(64448K) Class: 9311K(9728K)->9311K(9728K)
[2026-04-03T03:17:33.593+0600][75.131s][info][gc,ergo     ] Pacer for Idle. Initial: 15360K, Alloc Tax Rate: 1.0x
[2026-04-03T03:17:33.594+0600][75.133s][info][gc          ] Trigger: Average GC time (475.61 ms) is above the time for average allocation rate (737 MB/s) to deplete free headroom (280M) (margin of error = 1.96)
[2026-04-03T03:17:33.594+0600][75.133s][info][gc,ergo     ] Free headroom: 317M (free) - 38400K (spike) - 0B (penalties) = 280M
[2026-04-03T03:17:33.594+0600][75.133s][info][gc,ergo     ] Free: 317M, Max: 256K regular, 74752K humongous, Frag: 77% external, 0% internal; Reserve: 38400K, Max: 256K
[2026-04-03T03:17:33.594+0600][75.133s][info][gc,start    ] GC(108) Concurrent reset
[2026-04-03T03:17:33.594+0600][75.133s][info][gc,task     ] GC(108) Using 3 of 6 workers for concurrent reset
[2026-04-03T03:17:33.594+0600][75.133s][info][gc,ergo     ] GC(108) Pacer for Reset. Non-Taxable: 750M
[2026-04-03T03:17:33.596+0600][75.135s][info][gc          ] GC(108) Concurrent reset 1.760ms
[2026-04-03T03:17:33.596+0600][75.135s][info][gc,start    ] GC(108) Pause Init Mark (unload classes)
[2026-04-03T03:17:33.596+0600][75.135s][info][gc,task     ] GC(108) Using 6 of 6 workers for init marking
[2026-04-03T03:17:33.597+0600][75.135s][info][gc,ergo     ] GC(108) Pacer for Mark. Expected Live: 162M, Free: 316M, Non-Taxable: 32418K, Alloc Tax Rate: 0.6x
[2026-04-03T03:17:33.597+0600][75.135s][info][gc          ] GC(108) Pause Init Mark (unload classes) 0.153ms
[2026-04-03T03:17:33.597+0600][75.135s][info][gc,start    ] GC(108) Concurrent marking roots
[2026-04-03T03:17:33.597+0600][75.135s][info][gc,task     ] GC(108) Using 3 of 6 workers for concurrent marking roots
[2026-04-03T03:17:33.598+0600][75.136s][info][gc          ] GC(108) Concurrent marking roots 0.980ms
[2026-04-03T03:17:33.598+0600][75.136s][info][gc,start    ] GC(108) Concurrent marking (unload classes)
[2026-04-03T03:17:33.598+0600][75.136s][info][gc,task     ] GC(108) Using 3 of 6 workers for concurrent marking
[2026-04-03T03:17:33.944+0600][75.482s][info][gc          ] GC(108) Concurrent marking (unload classes) 346.163ms
[2026-04-03T03:17:33.944+0600][75.483s][info][gc,start    ] GC(108) Pause Final Mark (unload classes)
[2026-04-03T03:17:33.944+0600][75.483s][info][gc,task     ] GC(108) Using 6 of 6 workers for final marking
[2026-04-03T03:17:33.945+0600][75.483s][info][gc,ergo     ] GC(108) Adaptive CSet Selection. Target Free: 106M, Actual Free: 347M, Max CSet: 32000K, Min Garbage: 0B
[2026-04-03T03:17:33.945+0600][75.484s][info][gc,ergo     ] GC(108) Collectable Garbage: 172M (97%), Immediate: 3328K (1%), CSet: 168M (95%)
[2026-04-03T03:17:33.946+0600][75.484s][info][gc,ergo     ] GC(108) Pacer for Evacuation. Used CSet: 199M, Free: 311M, Non-Taxable: 31853K, Alloc Tax Rate: 1.6x
[2026-04-03T03:17:33.946+0600][75.484s][info][gc          ] GC(108) Pause Final Mark (unload classes) 1.441ms
[2026-04-03T03:17:33.946+0600][75.484s][info][gc,start    ] GC(108) Concurrent thread roots
[2026-04-03T03:17:33.946+0600][75.484s][info][gc,task     ] GC(108) Using 3 of 6 workers for Concurrent thread roots
[2026-04-03T03:17:33.947+0600][75.485s][info][gc          ] GC(108) Concurrent thread roots 1.008ms
[2026-04-03T03:17:33.947+0600][75.485s][info][gc,start    ] GC(108) Concurrent weak references
[2026-04-03T03:17:33.947+0600][75.485s][info][gc,task     ] GC(108) Using 3 of 6 workers for concurrent weak references
[2026-04-03T03:17:33.947+0600][75.486s][info][gc,ref      ] GC(108) Encountered references: Soft: 3355, Weak: 6463, Final: 84, Phantom: 599
[2026-04-03T03:17:33.947+0600][75.486s][info][gc,ref      ] GC(108) Discovered  references: Soft: 0, Weak: 998, Final: 2, Phantom: 213
[2026-04-03T03:17:33.947+0600][75.486s][info][gc,ref      ] GC(108) Enqueued    references: Soft: 0, Weak: 0, Final: 0, Phantom: 0
[2026-04-03T03:17:33.947+0600][75.486s][info][gc          ] GC(108) Concurrent weak references 0.370ms
[2026-04-03T03:17:33.947+0600][75.486s][info][gc,start    ] GC(108) Concurrent weak roots
[2026-04-03T03:17:33.947+0600][75.486s][info][gc,task     ] GC(108) Using 3 of 6 workers for concurrent weak root
[2026-04-03T03:17:33.950+0600][75.489s][info][gc          ] GC(108) Concurrent weak roots 2.897ms
[2026-04-03T03:17:33.950+0600][75.489s][info][gc,start    ] GC(108) Concurrent cleanup
[2026-04-03T03:17:33.950+0600][75.489s][info][gc          ] GC(108) Concurrent cleanup 402M->399M(704M) 0.211ms
[2026-04-03T03:17:33.950+0600][75.489s][info][gc,ergo     ] GC(108) Free: 310M, Max: 256K regular, 74752K humongous, Frag: 77% external, 0% internal; Reserve: 37311K, Max: 256K
[2026-04-03T03:17:33.950+0600][75.489s][info][gc,start    ] GC(108) Concurrent class unloading
[2026-04-03T03:17:33.950+0600][75.489s][info][gc,task     ] GC(108) Using 3 of 6 workers for concurrent class unloading
[2026-04-03T03:17:33.958+0600][75.496s][info][gc          ] GC(108) Concurrent class unloading 7.354ms
[2026-04-03T03:17:33.958+0600][75.496s][info][gc,start    ] GC(108) Concurrent strong roots
[2026-04-03T03:17:33.958+0600][75.496s][info][gc,task     ] GC(108) Using 3 of 6 workers for concurrent strong root
[2026-04-03T03:17:33.959+0600][75.497s][info][gc          ] GC(108) Concurrent strong roots 0.883ms
[2026-04-03T03:17:33.959+0600][75.497s][info][gc,start    ] GC(108) Concurrent evacuation
[2026-04-03T03:17:33.959+0600][75.497s][info][gc,task     ] GC(108) Using 3 of 6 workers for concurrent evacuation
[2026-04-03T03:17:33.986+0600][75.524s][info][gc          ] GC(108) Concurrent evacuation 27.098ms
[2026-04-03T03:17:33.986+0600][75.525s][info][gc,start    ] GC(108) Pause Init Update Refs
[2026-04-03T03:17:33.987+0600][75.525s][info][gc,ergo     ] GC(108) Pacer for Update Refs. Used: 430M, Free: 309M, Non-Taxable: 31700K, Alloc Tax Rate: 1.7x
[2026-04-03T03:17:33.987+0600][75.525s][info][gc          ] GC(108) Pause Init Update Refs 0.229ms
[2026-04-03T03:17:33.987+0600][75.525s][info][gc,start    ] GC(108) Concurrent update references
[2026-04-03T03:17:33.987+0600][75.525s][info][gc,task     ] GC(108) Using 3 of 6 workers for concurrent reference update
[2026-04-03T03:17:34.119+0600][75.657s][info][gc          ] GC(108) Concurrent update references 132.144ms
[2026-04-03T03:17:34.119+0600][75.657s][info][gc,start    ] GC(108) Concurrent update thread roots
[2026-04-03T03:17:34.120+0600][75.658s][info][gc          ] GC(108) Concurrent update thread roots 1.009ms
[2026-04-03T03:17:34.120+0600][75.659s][info][gc,start    ] GC(108) Pause Final Update Refs
[2026-04-03T03:17:34.120+0600][75.659s][info][gc,task     ] GC(108) Using 6 of 6 workers for final reference update
[2026-04-03T03:17:34.121+0600][75.659s][info][gc          ] GC(108) Pause Final Update Refs 0.243ms
[2026-04-03T03:17:34.121+0600][75.659s][info][gc,start    ] GC(108) Concurrent cleanup
[2026-04-03T03:17:34.122+0600][75.660s][info][gc          ] GC(108) Concurrent cleanup 442M->242M(704M) 0.794ms
[2026-04-03T03:17:34.122+0600][75.660s][info][gc,ergo     ] Free: 465M, Max: 256K regular, 133M humongous, Frag: 72% external, 0% internal; Reserve: 38400K, Max: 256K
[2026-04-03T03:17:34.122+0600][75.660s][info][gc,stats    ] 
[2026-04-03T03:17:34.122+0600][75.660s][info][gc,stats    ] All times are wall-clock times, except per-root-class counters, that are sum over
[2026-04-03T03:17:34.122+0600][75.660s][info][gc,stats    ] all workers. Dividing the <total> over the root stage time estimates parallelism.
[2026-04-03T03:17:34.122+0600][75.660s][info][gc,stats    ] 
[2026-04-03T03:17:34.122+0600][75.660s][info][gc,stats    ] Concurrent Reset                   1830 us
[2026-04-03T03:17:34.122+0600][75.660s][info][gc,stats    ] Pause Init Mark (G)                 441 us
[2026-04-03T03:17:34.122+0600][75.660s][info][gc,stats    ] Pause Init Mark (N)                 192 us
[2026-04-03T03:17:34.122+0600][75.660s][info][gc,stats    ]   Update Region States               37 us
[2026-04-03T03:17:34.122+0600][75.660s][info][gc,stats    ] Concurrent Mark Roots              1050 us, parallelism: 1.57x
[2026-04-03T03:17:34.122+0600][75.660s][info][gc,stats    ]   CMR: <total>                     1649 us
[2026-04-03T03:17:34.122+0600][75.660s][info][gc,stats    ]   CMR: Thread Roots                1337 us, workers (us): 257, 547, 533, ---, ---, ---, 
[2026-04-03T03:17:34.122+0600][75.660s][info][gc,stats    ]   CMR: VM Strong Roots               41 us, workers (us):  27,  13,   0, ---, ---, ---, 
[2026-04-03T03:17:34.122+0600][75.660s][info][gc,stats    ]   CMR: CLDG Roots                   272 us, workers (us): 272, ---, ---, ---, ---, ---, 
[2026-04-03T03:17:34.122+0600][75.660s][info][gc,stats    ] Concurrent Marking               346277 us
[2026-04-03T03:17:34.122+0600][75.660s][info][gc,stats    ] Pause Final Mark (G)               1771 us
[2026-04-03T03:17:34.122+0600][75.660s][info][gc,stats    ] Pause Final Mark (N)               1462 us
[2026-04-03T03:17:34.122+0600][75.660s][info][gc,stats    ]   Finish Mark                       303 us
[2026-04-03T03:17:34.122+0600][75.660s][info][gc,stats    ]   Update Region States               82 us
[2026-04-03T03:17:34.122+0600][75.660s][info][gc,stats    ]   Choose Collection Set             813 us
[2026-04-03T03:17:34.122+0600][75.660s][info][gc,stats    ]   Rebuild Free Set                   83 us
[2026-04-03T03:17:34.122+0600][75.660s][info][gc,stats    ] Concurrent Thread Roots            1065 us, parallelism: 1.99x
[2026-04-03T03:17:34.122+0600][75.660s][info][gc,stats    ]   CTR: <total>                     2119 us
[2026-04-03T03:17:34.122+0600][75.660s][info][gc,stats    ]   CTR: Thread Roots                2119 us, workers (us): 735, 705, 678, ---, ---, ---, 
[2026-04-03T03:17:34.122+0600][75.660s][info][gc,stats    ] Concurrent Weak References          385 us, parallelism: 0.72x
[2026-04-03T03:17:34.122+0600][75.660s][info][gc,stats    ]   CWRF: <total>                     279 us
[2026-04-03T03:17:34.122+0600][75.660s][info][gc,stats    ]   CWRF: Weak References             279 us, workers (us): 126, 151,   2, ---, ---, ---, 
[2026-04-03T03:17:34.122+0600][75.660s][info][gc,stats    ] Concurrent Weak Roots              2973 us
[2026-04-03T03:17:34.122+0600][75.660s][info][gc,stats    ]   Roots                            2525 us, parallelism: 2.60x
[2026-04-03T03:17:34.122+0600][75.660s][info][gc,stats    ]     CWR: <total>                   6556 us
[2026-04-03T03:17:34.122+0600][75.660s][info][gc,stats    ]     CWR: Code Cache Roots          4225 us, workers (us): 1447, 1440, 1338, ---, ---, ---, 
[2026-04-03T03:17:34.122+0600][75.660s][info][gc,stats    ]     CWR: VM Weak Roots             2199 us, workers (us): 750, 739, 710, ---, ---, ---, 
[2026-04-03T03:17:34.122+0600][75.660s][info][gc,stats    ]     CWR: CLDG Roots                 132 us, workers (us): ---, ---, 132, ---, ---, ---, 
[2026-04-03T03:17:34.122+0600][75.660s][info][gc,stats    ]   Rendezvous                        335 us
[2026-04-03T03:17:34.122+0600][75.660s][info][gc,stats    ] Concurrent Cleanup                  227 us
[2026-04-03T03:17:34.122+0600][75.660s][info][gc,stats    ] Concurrent Class Unloading         7449 us
[2026-04-03T03:17:34.122+0600][75.660s][info][gc,stats    ]   Unlink Stale                     6758 us
[2026-04-03T03:17:34.122+0600][75.660s][info][gc,stats    ]     System Dictionary               116 us
[2026-04-03T03:17:34.122+0600][75.660s][info][gc,stats    ]     Weak Class Links                  1 us
[2026-04-03T03:17:34.122+0600][75.660s][info][gc,stats    ]     Code Roots                     6638 us
[2026-04-03T03:17:34.122+0600][75.660s][info][gc,stats    ]   Rendezvous                        349 us
[2026-04-03T03:17:34.122+0600][75.660s][info][gc,stats    ]   Purge Unlinked                    208 us
[2026-04-03T03:17:34.122+0600][75.660s][info][gc,stats    ]     Code Roots                      196 us
[2026-04-03T03:17:34.122+0600][75.660s][info][gc,stats    ]     CLDG                             12 us
[2026-04-03T03:17:34.122+0600][75.660s][info][gc,stats    ]     Exception Caches                  0 us
[2026-04-03T03:17:34.122+0600][75.660s][info][gc,stats    ] Concurrent Strong Roots             927 us, parallelism: 0.66x
[2026-04-03T03:17:34.122+0600][75.660s][info][gc,stats    ]   CSR: <total>                      616 us
[2026-04-03T03:17:34.122+0600][75.660s][info][gc,stats    ]   CSR: VM Strong Roots               48 us, workers (us):  26,  21,   0, ---, ---, ---, 
[2026-04-03T03:17:34.122+0600][75.660s][info][gc,stats    ]   CSR: CLDG Roots                   568 us, workers (us): 568, ---, ---, ---, ---, ---, 
[2026-04-03T03:17:34.122+0600][75.660s][info][gc,stats    ] Concurrent Evacuation             27232 us
[2026-04-03T03:17:34.122+0600][75.661s][info][gc,stats    ] Pause Init Update Refs (G)          739 us
[2026-04-03T03:17:34.122+0600][75.661s][info][gc,stats    ] Pause Init Update Refs (N)          244 us
[2026-04-03T03:17:34.122+0600][75.661s][info][gc,stats    ]   Manage GCLABs                      66 us
[2026-04-03T03:17:34.122+0600][75.661s][info][gc,stats    ] Concurrent Update Refs           132256 us
[2026-04-03T03:17:34.122+0600][75.661s][info][gc,stats    ] Concurrent Update Thread Roots     1061 us
[2026-04-03T03:17:34.122+0600][75.661s][info][gc,stats    ] Pause Final Update Refs (G)         557 us
[2026-04-03T03:17:34.122+0600][75.661s][info][gc,stats    ] Pause Final Update Refs (N)         260 us
[2026-04-03T03:17:34.122+0600][75.661s][info][gc,stats    ]   Update Region States               60 us
[2026-04-03T03:17:34.122+0600][75.661s][info][gc,stats    ]   Trash Collection Set               23 us
[2026-04-03T03:17:34.122+0600][75.661s][info][gc,stats    ]   Rebuild Free Set                   48 us
[2026-04-03T03:17:34.122+0600][75.661s][info][gc,stats    ] Concurrent Cleanup                  864 us
[2026-04-03T03:17:34.122+0600][75.661s][info][gc,stats    ] 
[2026-04-03T03:17:34.122+0600][75.661s][info][gc,stats    ] Allocation pacing accrued:
[2026-04-03T03:17:34.122+0600][75.661s][info][gc,stats    ]       0 of   529 ms (  0.0%): <total>
[2026-04-03T03:17:34.122+0600][75.661s][info][gc,stats    ]       0 of   529 ms (  0.0%): <average total>
[2026-04-03T03:17:34.122+0600][75.661s][info][gc,stats    ] 
[2026-04-03T03:17:34.122+0600][75.661s][info][gc,metaspace] Metaspace: 73285K(74176K)->73285K(74176K) NonClass: 63973K(64448K)->63973K(64448K) Class: 9311K(9728K)->9311K(9728K)
[2026-04-03T03:17:34.122+0600][75.661s][info][gc,ergo     ] Pacer for Idle. Initial: 15360K, Alloc Tax Rate: 1.0x
[2026-04-03T03:17:34.581+0600][76.119s][info][gc          ] Trigger: Average GC time (625.43 ms) is above the time for average allocation rate (388 MB/s) to deplete free headroom (242M) (margin of error = 1.95)
[2026-04-03T03:17:34.581+0600][76.119s][info][gc,ergo     ] Free headroom: 280M (free) - 38400K (spike) - 0B (penalties) = 242M
[2026-04-03T03:17:34.581+0600][76.119s][info][gc,ergo     ] Free: 278M, Max: 256K regular, 133M humongous, Frag: 53% external, 0% internal; Reserve: 38400K, Max: 256K
[2026-04-03T03:17:34.581+0600][76.119s][info][gc,start    ] GC(109) Concurrent reset
[2026-04-03T03:17:34.581+0600][76.119s][info][gc,task     ] GC(109) Using 3 of 6 workers for concurrent reset
[2026-04-03T03:17:34.581+0600][76.119s][info][gc,ergo     ] GC(109) Pacer for Reset. Non-Taxable: 750M
[2026-04-03T03:17:34.582+0600][76.121s][info][gc          ] GC(109) Concurrent reset 1.440ms
[2026-04-03T03:17:34.583+0600][76.121s][info][gc,start    ] GC(109) Pause Init Mark (unload classes)
[2026-04-03T03:17:34.583+0600][76.121s][info][gc,task     ] GC(109) Using 6 of 6 workers for init marking
[2026-04-03T03:17:34.583+0600][76.121s][info][gc,ergo     ] GC(109) Pacer for Mark. Expected Live: 172M, Free: 274M, Non-Taxable: 28095K, Alloc Tax Rate: 0.8x
[2026-04-03T03:17:34.583+0600][76.121s][info][gc          ] GC(109) Pause Init Mark (unload classes) 0.161ms
[2026-04-03T03:17:34.583+0600][76.122s][info][gc,start    ] GC(109) Concurrent marking roots
[2026-04-03T03:17:34.583+0600][76.122s][info][gc,task     ] GC(109) Using 3 of 6 workers for concurrent marking roots
[2026-04-03T03:17:34.586+0600][76.124s][info][gc          ] GC(109) Concurrent marking roots 2.703ms
[2026-04-03T03:17:34.586+0600][76.124s][info][gc,start    ] GC(109) Concurrent marking (unload classes)
[2026-04-03T03:17:34.586+0600][76.124s][info][gc,task     ] GC(109) Using 3 of 6 workers for concurrent marking
[2026-04-03T03:17:34.817+0600][76.356s][info][gc          ] GC(109) Concurrent marking (unload classes) 231.441ms
[2026-04-03T03:17:34.818+0600][76.356s][info][gc,start    ] GC(109) Pause Final Mark (unload classes)
[2026-04-03T03:17:34.818+0600][76.356s][info][gc,task     ] GC(109) Using 6 of 6 workers for final marking
[2026-04-03T03:17:34.818+0600][76.357s][info][gc,ergo     ] GC(109) Adaptive CSet Selection. Target Free: 106M, Actual Free: 294M, Max CSet: 32000K, Min Garbage: 0B
[2026-04-03T03:17:34.818+0600][76.357s][info][gc,ergo     ] GC(109) Collectable Garbage: 190M (97%), Immediate: 106M (54%), CSet: 86637K (43%)
[2026-04-03T03:17:34.819+0600][76.357s][info][gc,ergo     ] GC(109) Pacer for Evacuation. Used CSet: 115M, Free: 269M, Non-Taxable: 27588K, Alloc Tax Rate: 1.1x
[2026-04-03T03:17:34.819+0600][76.357s][info][gc          ] GC(109) Pause Final Mark (unload classes) 0.821ms
[2026-04-03T03:17:34.819+0600][76.357s][info][gc,start    ] GC(109) Concurrent thread roots
[2026-04-03T03:17:34.819+0600][76.357s][info][gc,task     ] GC(109) Using 3 of 6 workers for Concurrent thread roots
[2026-04-03T03:17:34.819+0600][76.358s][info][gc          ] GC(109) Concurrent thread roots 0.733ms
[2026-04-03T03:17:34.819+0600][76.358s][info][gc,start    ] GC(109) Concurrent weak references
[2026-04-03T03:17:34.819+0600][76.358s][info][gc,task     ] GC(109) Using 3 of 6 workers for concurrent weak references
[2026-04-03T03:17:34.820+0600][76.358s][info][gc,ref      ] GC(109) Encountered references: Soft: 3364, Weak: 6471, Final: 84, Phantom: 599
[2026-04-03T03:17:34.820+0600][76.358s][info][gc,ref      ] GC(109) Discovered  references: Soft: 0, Weak: 367, Final: 0, Phantom: 596
[2026-04-03T03:17:34.820+0600][76.358s][info][gc,ref      ] GC(109) Enqueued    references: Soft: 0, Weak: 2, Final: 0, Phantom: 0
[2026-04-03T03:17:34.820+0600][76.358s][info][gc          ] GC(109) Concurrent weak references 0.359ms
[2026-04-03T03:17:34.820+0600][76.358s][info][gc,start    ] GC(109) Concurrent weak roots
[2026-04-03T03:17:34.820+0600][76.358s][info][gc,task     ] GC(109) Using 3 of 6 workers for concurrent weak root
[2026-04-03T03:17:34.822+0600][76.361s][info][gc          ] GC(109) Concurrent weak roots 2.658ms
[2026-04-03T03:17:34.823+0600][76.361s][info][gc,start    ] GC(109) Concurrent cleanup
[2026-04-03T03:17:34.823+0600][76.361s][info][gc          ] GC(109) Concurrent cleanup 536M->430M(704M) 0.355ms
[2026-04-03T03:17:34.823+0600][76.361s][info][gc,ergo     ] GC(109) Free: 264M, Max: 256K regular, 103M humongous, Frag: 61% external, 0% internal; Reserve: 38357K, Max: 256K
[2026-04-03T03:17:34.823+0600][76.361s][info][gc,start    ] GC(109) Concurrent class unloading
[2026-04-03T03:17:34.823+0600][76.361s][info][gc,task     ] GC(109) Using 3 of 6 workers for concurrent class unloading
[2026-04-03T03:17:34.830+0600][76.369s][info][gc          ] GC(109) Concurrent class unloading 7.499ms
[2026-04-03T03:17:34.831+0600][76.369s][info][gc,start    ] GC(109) Concurrent strong roots
[2026-04-03T03:17:34.831+0600][76.369s][info][gc,task     ] GC(109) Using 3 of 6 workers for concurrent strong root
[2026-04-03T03:17:34.831+0600][76.370s][info][gc          ] GC(109) Concurrent strong roots 0.866ms
[2026-04-03T03:17:34.831+0600][76.370s][info][gc,start    ] GC(109) Concurrent evacuation
[2026-04-03T03:17:34.832+0600][76.370s][info][gc,task     ] GC(109) Using 3 of 6 workers for concurrent evacuation
[2026-04-03T03:17:34.856+0600][76.394s][info][gc          ] GC(109) Concurrent evacuation 24.491ms
[2026-04-03T03:17:34.856+0600][76.395s][info][gc,start    ] GC(109) Pause Init Update Refs
[2026-04-03T03:17:34.856+0600][76.395s][info][gc,ergo     ] GC(109) Pacer for Update Refs. Used: 488M, Free: 238M, Non-Taxable: 24403K, Alloc Tax Rate: 2.5x
[2026-04-03T03:17:34.856+0600][76.395s][info][gc          ] GC(109) Pause Init Update Refs 0.162ms
[2026-04-03T03:17:34.856+0600][76.395s][info][gc,start    ] GC(109) Concurrent update references
[2026-04-03T03:17:34.857+0600][76.395s][info][gc,task     ] GC(109) Using 3 of 6 workers for concurrent reference update
[2026-04-03T03:17:34.952+0600][76.490s][info][gc          ] GC(109) Concurrent update references 95.135ms
[2026-04-03T03:17:34.952+0600][76.490s][info][gc,start    ] GC(109) Concurrent update thread roots
[2026-04-03T03:17:34.953+0600][76.491s][info][gc          ] GC(109) Concurrent update thread roots 0.932ms
[2026-04-03T03:17:34.953+0600][76.491s][info][gc,start    ] GC(109) Pause Final Update Refs
[2026-04-03T03:17:34.953+0600][76.491s][info][gc,task     ] GC(109) Using 6 of 6 workers for final reference update
[2026-04-03T03:17:34.953+0600][76.491s][info][gc          ] GC(109) Pause Final Update Refs 0.148ms
[2026-04-03T03:17:34.953+0600][76.492s][info][gc,start    ] GC(109) Concurrent cleanup
[2026-04-03T03:17:34.954+0600][76.492s][info][gc          ] GC(109) Concurrent cleanup 573M->458M(704M) 0.528ms
[2026-04-03T03:17:34.954+0600][76.492s][info][gc,ergo     ] Free: 235M, Max: 256K regular, 100M humongous, Frag: 58% external, 6% internal; Reserve: 38400K, Max: 256K
[2026-04-03T03:17:34.954+0600][76.492s][info][gc,stats    ] 
[2026-04-03T03:17:34.954+0600][76.492s][info][gc,stats    ] All times are wall-clock times, except per-root-class counters, that are sum over
[2026-04-03T03:17:34.954+0600][76.492s][info][gc,stats    ] all workers. Dividing the <total> over the root stage time estimates parallelism.
[2026-04-03T03:17:34.954+0600][76.492s][info][gc,stats    ] 
[2026-04-03T03:17:34.954+0600][76.492s][info][gc,stats    ] Concurrent Reset                   1518 us
[2026-04-03T03:17:34.954+0600][76.492s][info][gc,stats    ] Pause Init Mark (G)                 761 us
[2026-04-03T03:17:34.954+0600][76.492s][info][gc,stats    ] Pause Init Mark (N)                 174 us
[2026-04-03T03:17:34.954+0600][76.492s][info][gc,stats    ]   Update Region States               41 us
[2026-04-03T03:17:34.954+0600][76.492s][info][gc,stats    ] Concurrent Mark Roots              2777 us, parallelism: 1.25x
[2026-04-03T03:17:34.954+0600][76.492s][info][gc,stats    ]   CMR: <total>                     3473 us
[2026-04-03T03:17:34.954+0600][76.492s][info][gc,stats    ]   CMR: Thread Roots                3207 us, workers (us): 379, 608, 2220, ---, ---, ---, 
[2026-04-03T03:17:34.954+0600][76.492s][info][gc,stats    ]   CMR: VM Strong Roots               30 us, workers (us):  27,   1,   1, ---, ---, ---, 
[2026-04-03T03:17:34.954+0600][76.492s][info][gc,stats    ]   CMR: CLDG Roots                   235 us, workers (us): 235, ---, ---, ---, ---, ---, 
[2026-04-03T03:17:34.954+0600][76.492s][info][gc,stats    ] Concurrent Marking               231529 us
[2026-04-03T03:17:34.954+0600][76.492s][info][gc,stats    ] Pause Final Mark (G)               1170 us
[2026-04-03T03:17:34.954+0600][76.492s][info][gc,stats    ] Pause Final Mark (N)                837 us
[2026-04-03T03:17:34.954+0600][76.492s][info][gc,stats    ]   Finish Mark                       241 us
[2026-04-03T03:17:34.954+0600][76.492s][info][gc,stats    ]   Update Region States               64 us
[2026-04-03T03:17:34.954+0600][76.492s][info][gc,stats    ]   Choose Collection Set             355 us
[2026-04-03T03:17:34.954+0600][76.492s][info][gc,stats    ]   Rebuild Free Set                   40 us
[2026-04-03T03:17:34.954+0600][76.492s][info][gc,stats    ] Concurrent Thread Roots             775 us, parallelism: 1.98x
[2026-04-03T03:17:34.954+0600][76.492s][info][gc,stats    ]   CTR: <total>                     1532 us
[2026-04-03T03:17:34.954+0600][76.492s][info][gc,stats    ]   CTR: Thread Roots                1532 us, workers (us): 554, 505, 473, ---, ---, ---, 
[2026-04-03T03:17:34.954+0600][76.492s][info][gc,stats    ] Concurrent Weak References          377 us, parallelism: 0.43x
[2026-04-03T03:17:34.954+0600][76.492s][info][gc,stats    ]   CWRF: <total>                     163 us
[2026-04-03T03:17:34.954+0600][76.492s][info][gc,stats    ]   CWRF: Weak References             163 us, workers (us): 102,  60,   2, ---, ---, ---, 
[2026-04-03T03:17:34.954+0600][76.492s][info][gc,stats    ] Concurrent Weak Roots              2727 us
[2026-04-03T03:17:34.954+0600][76.492s][info][gc,stats    ]   Roots                            2356 us, parallelism: 2.55x
[2026-04-03T03:17:34.954+0600][76.492s][info][gc,stats    ]     CWR: <total>                   6004 us
[2026-04-03T03:17:34.954+0600][76.492s][info][gc,stats    ]     CWR: Code Cache Roots          4282 us, workers (us): 1384, 1442, 1457, ---, ---, ---, 
[2026-04-03T03:17:34.954+0600][76.492s][info][gc,stats    ]     CWR: VM Weak Roots             1635 us, workers (us): 558, 543, 534, ---, ---, ---, 
[2026-04-03T03:17:34.954+0600][76.492s][info][gc,stats    ]     CWR: CLDG Roots                  86 us, workers (us): ---, ---,  86, ---, ---, ---, 
[2026-04-03T03:17:34.954+0600][76.492s][info][gc,stats    ]   Rendezvous                        272 us
[2026-04-03T03:17:34.954+0600][76.492s][info][gc,stats    ] Concurrent Cleanup                  378 us
[2026-04-03T03:17:34.954+0600][76.492s][info][gc,stats    ] Concurrent Class Unloading         7605 us
[2026-04-03T03:17:34.954+0600][76.492s][info][gc,stats    ]   Unlink Stale                     6635 us
[2026-04-03T03:17:34.954+0600][76.492s][info][gc,stats    ]     System Dictionary                99 us
[2026-04-03T03:17:34.954+0600][76.492s][info][gc,stats    ]     Weak Class Links                  1 us
[2026-04-03T03:17:34.954+0600][76.492s][info][gc,stats    ]     Code Roots                     6531 us
[2026-04-03T03:17:34.954+0600][76.492s][info][gc,stats    ]   Rendezvous                        469 us
[2026-04-03T03:17:34.954+0600][76.492s][info][gc,stats    ]   Purge Unlinked                    358 us
[2026-04-03T03:17:34.954+0600][76.492s][info][gc,stats    ]     Code Roots                      345 us
[2026-04-03T03:17:34.954+0600][76.492s][info][gc,stats    ]     CLDG                             12 us
[2026-04-03T03:17:34.954+0600][76.492s][info][gc,stats    ]     Exception Caches                  0 us
[2026-04-03T03:17:34.954+0600][76.492s][info][gc,stats    ] Concurrent Strong Roots             932 us, parallelism: 0.55x
[2026-04-03T03:17:34.954+0600][76.492s][info][gc,stats    ]   CSR: <total>                      511 us
[2026-04-03T03:17:34.954+0600][76.492s][info][gc,stats    ]   CSR: VM Strong Roots               44 us, workers (us):  25,  19,   0, ---, ---, ---, 
[2026-04-03T03:17:34.954+0600][76.492s][info][gc,stats    ]   CSR: CLDG Roots                   467 us, workers (us): ---, 467, ---, ---, ---, ---, 
[2026-04-03T03:17:34.954+0600][76.493s][info][gc,stats    ] Concurrent Evacuation             24572 us
[2026-04-03T03:17:34.954+0600][76.493s][info][gc,stats    ] Pause Init Update Refs (G)          392 us
[2026-04-03T03:17:34.954+0600][76.493s][info][gc,stats    ] Pause Init Update Refs (N)          173 us
[2026-04-03T03:17:34.954+0600][76.493s][info][gc,stats    ]   Manage GCLABs                      40 us
[2026-04-03T03:17:34.954+0600][76.493s][info][gc,stats    ] Concurrent Update Refs            95214 us
[2026-04-03T03:17:34.954+0600][76.493s][info][gc,stats    ] Concurrent Update Thread Roots      993 us
[2026-04-03T03:17:34.954+0600][76.493s][info][gc,stats    ] Pause Final Update Refs (G)         544 us
[2026-04-03T03:17:34.954+0600][76.493s][info][gc,stats    ] Pause Final Update Refs (N)         159 us
[2026-04-03T03:17:34.954+0600][76.493s][info][gc,stats    ]   Update Region States               42 us
[2026-04-03T03:17:34.954+0600][76.493s][info][gc,stats    ]   Trash Collection Set               13 us
[2026-04-03T03:17:34.954+0600][76.493s][info][gc,stats    ]   Rebuild Free Set                   37 us
[2026-04-03T03:17:34.954+0600][76.493s][info][gc,stats    ] Concurrent Cleanup                  545 us
[2026-04-03T03:17:34.954+0600][76.493s][info][gc,stats    ] Pacing                           395632 us
[2026-04-03T03:17:34.954+0600][76.493s][info][gc,stats    ] 
[2026-04-03T03:17:34.954+0600][76.493s][info][gc,stats    ] Allocation pacing accrued:
[2026-04-03T03:17:34.954+0600][76.493s][info][gc,stats    ]      22 of   832 ms (  2.6%): Executor task launch worker for task 2.0 in stage 25.0 (TID 38)
[2026-04-03T03:17:34.954+0600][76.493s][info][gc,stats    ]     143 of   832 ms ( 17.2%): task-result-getter-0
[2026-04-03T03:17:34.954+0600][76.493s][info][gc,stats    ]      67 of   832 ms (  8.1%): task-result-getter-1
[2026-04-03T03:17:34.954+0600][76.493s][info][gc,stats    ]     141 of   832 ms ( 17.0%): task-result-getter-2
[2026-04-03T03:17:34.954+0600][76.493s][info][gc,stats    ]      23 of   832 ms (  2.7%): shuffle-client-5-1
[2026-04-03T03:17:34.954+0600][76.493s][info][gc,stats    ]     396 of   832 ms ( 47.6%): <total>
[2026-04-03T03:17:34.954+0600][76.493s][info][gc,stats    ]       2 of   832 ms (  0.3%): <average total>
[2026-04-03T03:17:34.954+0600][76.493s][info][gc,stats    ]      79 of   832 ms (  9.5%): <average non-zero>
[2026-04-03T03:17:34.954+0600][76.493s][info][gc,stats    ] 
[2026-04-03T03:17:34.954+0600][76.493s][info][gc,metaspace] Metaspace: 73314K(74176K)->73385K(74240K) NonClass: 64001K(64448K)->64072K(64512K) Class: 9313K(9728K)->9313K(9728K)
[2026-04-03T03:17:34.954+0600][76.493s][info][gc,ergo     ] Pacer for Idle. Initial: 15360K, Alloc Tax Rate: 1.0x
[2026-04-03T03:17:34.955+0600][76.494s][info][gc          ] Trigger: Average GC time (555.66 ms) is above the time for average allocation rate (530 MB/s) to deplete free headroom (196M) (margin of error = 1.97)
[2026-04-03T03:17:34.955+0600][76.494s][info][gc,ergo     ] Free headroom: 233M (free) - 38400K (spike) - 0B (penalties) = 196M
[2026-04-03T03:17:34.955+0600][76.494s][info][gc,ergo     ] Free: 233M, Max: 256K regular, 100M humongous, Frag: 57% external, 6% internal; Reserve: 38400K, Max: 256K
[2026-04-03T03:17:34.955+0600][76.494s][info][gc,start    ] GC(110) Concurrent reset
[2026-04-03T03:17:34.955+0600][76.494s][info][gc,task     ] GC(110) Using 3 of 6 workers for concurrent reset
[2026-04-03T03:17:34.955+0600][76.494s][info][gc,ergo     ] GC(110) Pacer for Reset. Non-Taxable: 750M
[2026-04-03T03:17:34.957+0600][76.495s][info][gc          ] GC(110) Concurrent reset 1.216ms
[2026-04-03T03:17:34.957+0600][76.495s][info][gc,start    ] GC(110) Pause Init Mark (unload classes)
[2026-04-03T03:17:34.957+0600][76.495s][info][gc,task     ] GC(110) Using 6 of 6 workers for init marking
[2026-04-03T03:17:34.957+0600][76.495s][info][gc,ergo     ] GC(110) Pacer for Mark. Expected Live: 187M, Free: 231M, Non-Taxable: 23749K, Alloc Tax Rate: 1.0x
[2026-04-03T03:17:34.957+0600][76.495s][info][gc          ] GC(110) Pause Init Mark (unload classes) 0.124ms
[2026-04-03T03:17:34.957+0600][76.496s][info][gc,start    ] GC(110) Concurrent marking roots
[2026-04-03T03:17:34.957+0600][76.496s][info][gc,task     ] GC(110) Using 3 of 6 workers for concurrent marking roots
[2026-04-03T03:17:34.958+0600][76.496s][info][gc          ] GC(110) Concurrent marking roots 0.709ms
[2026-04-03T03:17:34.958+0600][76.496s][info][gc,start    ] GC(110) Concurrent marking (unload classes)
[2026-04-03T03:17:34.958+0600][76.496s][info][gc,task     ] GC(110) Using 3 of 6 workers for concurrent marking
[2026-04-03T03:17:35.133+0600][76.671s][info][gc          ] GC(110) Concurrent marking (unload classes) 174.609ms
[2026-04-03T03:17:35.133+0600][76.671s][info][gc,start    ] GC(110) Pause Final Mark (unload classes)
[2026-04-03T03:17:35.133+0600][76.671s][info][gc,task     ] GC(110) Using 6 of 6 workers for final marking
[2026-04-03T03:17:35.133+0600][76.672s][info][gc,ergo     ] GC(110) Adaptive CSet Selection. Target Free: 106M, Actual Free: 281M, Max CSet: 32000K, Min Garbage: 0B
[2026-04-03T03:17:35.133+0600][76.672s][info][gc,ergo     ] GC(110) Collectable Garbage: 237M (97%), Immediate: 92756K (37%), CSet: 146M (60%)
[2026-04-03T03:17:35.134+0600][76.672s][info][gc,ergo     ] GC(110) Pacer for Evacuation. Used CSet: 169M, Free: 253M, Non-Taxable: 25966K, Alloc Tax Rate: 1.6x
[2026-04-03T03:17:35.134+0600][76.672s][info][gc          ] GC(110) Pause Final Mark (unload classes) 0.937ms
[2026-04-03T03:17:35.134+0600][76.672s][info][gc,start    ] GC(110) Concurrent thread roots
[2026-04-03T03:17:35.134+0600][76.672s][info][gc,task     ] GC(110) Using 3 of 6 workers for Concurrent thread roots
[2026-04-03T03:17:35.135+0600][76.673s][info][gc          ] GC(110) Concurrent thread roots 0.789ms
[2026-04-03T03:17:35.135+0600][76.673s][info][gc,start    ] GC(110) Concurrent weak references
[2026-04-03T03:17:35.135+0600][76.673s][info][gc,task     ] GC(110) Using 3 of 6 workers for concurrent weak references
[2026-04-03T03:17:35.135+0600][76.673s][info][gc,ref      ] GC(110) Encountered references: Soft: 3362, Weak: 6494, Final: 84, Phantom: 599
[2026-04-03T03:17:35.135+0600][76.674s][info][gc,ref      ] GC(110) Discovered  references: Soft: 0, Weak: 932, Final: 0, Phantom: 596
[2026-04-03T03:17:35.135+0600][76.674s][info][gc,ref      ] GC(110) Enqueued    references: Soft: 0, Weak: 7, Final: 0, Phantom: 0
[2026-04-03T03:17:35.135+0600][76.674s][info][gc          ] GC(110) Concurrent weak references 0.553ms
[2026-04-03T03:17:35.135+0600][76.674s][info][gc,start    ] GC(110) Concurrent weak roots
[2026-04-03T03:17:35.135+0600][76.674s][info][gc,task     ] GC(110) Using 3 of 6 workers for concurrent weak root
[2026-04-03T03:17:35.137+0600][76.676s][info][gc          ] GC(110) Concurrent weak roots 2.233ms
[2026-04-03T03:17:35.137+0600][76.676s][info][gc,start    ] GC(110) Concurrent cleanup
[2026-04-03T03:17:35.138+0600][76.676s][info][gc          ] GC(110) Concurrent cleanup 540M->450M(704M) 0.572ms
[2026-04-03T03:17:35.138+0600][76.676s][info][gc,ergo     ] GC(110) Free: 252M, Max: 256K regular, 77312K humongous, Frag: 71% external, 0% internal; Reserve: 38347K, Max: 256K
[2026-04-03T03:17:35.138+0600][76.676s][info][gc,start    ] GC(110) Concurrent class unloading
[2026-04-03T03:17:35.138+0600][76.676s][info][gc,task     ] GC(110) Using 3 of 6 workers for concurrent class unloading
[2026-04-03T03:17:35.145+0600][76.683s][info][gc          ] GC(110) Concurrent class unloading 6.526ms
[2026-04-03T03:17:35.145+0600][76.683s][info][gc,start    ] GC(110) Concurrent strong roots
[2026-04-03T03:17:35.145+0600][76.683s][info][gc,task     ] GC(110) Using 3 of 6 workers for concurrent strong root
[2026-04-03T03:17:35.145+0600][76.684s][info][gc          ] GC(110) Concurrent strong roots 0.648ms
[2026-04-03T03:17:35.145+0600][76.684s][info][gc,start    ] GC(110) Concurrent evacuation
[2026-04-03T03:17:35.145+0600][76.684s][info][gc,task     ] GC(110) Using 3 of 6 workers for concurrent evacuation
[2026-04-03T03:17:35.164+0600][76.703s][info][gc          ] GC(110) Concurrent evacuation 18.714ms
[2026-04-03T03:17:35.166+0600][76.705s][info][gc,start    ] GC(110) Pause Init Update Refs
[2026-04-03T03:17:35.167+0600][76.705s][info][gc,ergo     ] GC(110) Pacer for Update Refs. Used: 478M, Free: 247M, Non-Taxable: 25369K, Alloc Tax Rate: 2.4x
[2026-04-03T03:17:35.167+0600][76.705s][info][gc          ] GC(110) Pause Init Update Refs 0.147ms
[2026-04-03T03:17:35.167+0600][76.705s][info][gc,start    ] GC(110) Concurrent update references
[2026-04-03T03:17:35.167+0600][76.705s][info][gc,task     ] GC(110) Using 3 of 6 workers for concurrent reference update
[2026-04-03T03:17:35.253+0600][76.791s][info][gc          ] GC(110) Concurrent update references 86.000ms
[2026-04-03T03:17:35.253+0600][76.791s][info][gc,start    ] GC(110) Concurrent update thread roots
[2026-04-03T03:17:35.254+0600][76.792s][info][gc          ] GC(110) Concurrent update thread roots 0.896ms
[2026-04-03T03:17:35.254+0600][76.792s][info][gc,start    ] GC(110) Pause Final Update Refs
[2026-04-03T03:17:35.254+0600][76.792s][info][gc,task     ] GC(110) Using 6 of 6 workers for final reference update
[2026-04-03T03:17:35.254+0600][76.793s][info][gc          ] GC(110) Pause Final Update Refs 0.171ms
[2026-04-03T03:17:35.254+0600][76.793s][info][gc,start    ] GC(110) Concurrent cleanup
[2026-04-03T03:17:35.255+0600][76.793s][info][gc          ] GC(110) Concurrent cleanup 562M->393M(704M) 0.269ms
[2026-04-03T03:17:35.255+0600][76.793s][info][gc,ergo     ] Free: 308M, Max: 256K regular, 78336K humongous, Frag: 76% external, 3% internal; Reserve: 38400K, Max: 256K
[2026-04-03T03:17:35.255+0600][76.793s][info][gc,stats    ] 
[2026-04-03T03:17:35.255+0600][76.793s][info][gc,stats    ] All times are wall-clock times, except per-root-class counters, that are sum over
[2026-04-03T03:17:35.255+0600][76.793s][info][gc,stats    ] all workers. Dividing the <total> over the root stage time estimates parallelism.
[2026-04-03T03:17:35.255+0600][76.793s][info][gc,stats    ] 
[2026-04-03T03:17:35.255+0600][76.793s][info][gc,stats    ] Concurrent Reset                   1275 us
[2026-04-03T03:17:35.255+0600][76.793s][info][gc,stats    ] Pause Init Mark (G)                 447 us
[2026-04-03T03:17:35.255+0600][76.793s][info][gc,stats    ] Pause Init Mark (N)                 132 us
[2026-04-03T03:17:35.255+0600][76.793s][info][gc,stats    ]   Update Region States               30 us
[2026-04-03T03:17:35.255+0600][76.793s][info][gc,stats    ] Concurrent Mark Roots               733 us, parallelism: 1.69x
[2026-04-03T03:17:35.255+0600][76.793s][info][gc,stats    ]   CMR: <total>                     1239 us
[2026-04-03T03:17:35.255+0600][76.793s][info][gc,stats    ]   CMR: Thread Roots                1055 us, workers (us): 269, 411, 375, ---, ---, ---, 
[2026-04-03T03:17:35.255+0600][76.793s][info][gc,stats    ]   CMR: VM Strong Roots               24 us, workers (us):  22,   1,   1, ---, ---, ---, 
[2026-04-03T03:17:35.255+0600][76.793s][info][gc,stats    ]   CMR: CLDG Roots                   160 us, workers (us): 160, ---, ---, ---, ---, ---, 
[2026-04-03T03:17:35.255+0600][76.793s][info][gc,stats    ] Concurrent Marking               174694 us
[2026-04-03T03:17:35.255+0600][76.793s][info][gc,stats    ] Pause Final Mark (G)               1183 us
[2026-04-03T03:17:35.255+0600][76.793s][info][gc,stats    ] Pause Final Mark (N)                950 us
[2026-04-03T03:17:35.255+0600][76.793s][info][gc,stats    ]   Finish Mark                       308 us
[2026-04-03T03:17:35.255+0600][76.793s][info][gc,stats    ]   Update Region States               52 us
[2026-04-03T03:17:35.255+0600][76.793s][info][gc,stats    ]   Choose Collection Set             383 us
[2026-04-03T03:17:35.255+0600][76.793s][info][gc,stats    ]   Rebuild Free Set                   42 us
[2026-04-03T03:17:35.255+0600][76.793s][info][gc,stats    ] Concurrent Thread Roots             836 us, parallelism: 1.82x
[2026-04-03T03:17:35.255+0600][76.793s][info][gc,stats    ]   CTR: <total>                     1521 us
[2026-04-03T03:17:35.255+0600][76.793s][info][gc,stats    ]   CTR: Thread Roots                1521 us, workers (us): 506, 516, 500, ---, ---, ---, 
[2026-04-03T03:17:35.255+0600][76.793s][info][gc,stats    ] Concurrent Weak References          564 us, parallelism: 0.74x
[2026-04-03T03:17:35.255+0600][76.793s][info][gc,stats    ]   CWRF: <total>                     420 us
[2026-04-03T03:17:35.255+0600][76.793s][info][gc,stats    ]   CWRF: Weak References             420 us, workers (us): 152, 195,  72, ---, ---, ---, 
[2026-04-03T03:17:35.255+0600][76.793s][info][gc,stats    ] Concurrent Weak Roots              2283 us
[2026-04-03T03:17:35.255+0600][76.793s][info][gc,stats    ]   Roots                            1941 us, parallelism: 2.41x
[2026-04-03T03:17:35.255+0600][76.793s][info][gc,stats    ]     CWR: <total>                   4668 us
[2026-04-03T03:17:35.255+0600][76.793s][info][gc,stats    ]     CWR: Code Cache Roots          3259 us, workers (us): 1011, 1109, 1139, ---, ---, ---, 
[2026-04-03T03:17:35.255+0600][76.793s][info][gc,stats    ]     CWR: VM Weak Roots             1346 us, workers (us): 495, 449, 402, ---, ---, ---, 
[2026-04-03T03:17:35.255+0600][76.793s][info][gc,stats    ]     CWR: CLDG Roots                  63 us, workers (us):  63, ---, ---, ---, ---, ---, 
[2026-04-03T03:17:35.255+0600][76.793s][info][gc,stats    ]   Rendezvous                        271 us
[2026-04-03T03:17:35.255+0600][76.793s][info][gc,stats    ] Concurrent Cleanup                  586 us
[2026-04-03T03:17:35.255+0600][76.793s][info][gc,stats    ] Concurrent Class Unloading         6602 us
[2026-04-03T03:17:35.255+0600][76.793s][info][gc,stats    ]   Unlink Stale                     6022 us
[2026-04-03T03:17:35.255+0600][76.793s][info][gc,stats    ]     System Dictionary                74 us
[2026-04-03T03:17:35.255+0600][76.793s][info][gc,stats    ]     Weak Class Links                  0 us
[2026-04-03T03:17:35.255+0600][76.793s][info][gc,stats    ]     Code Roots                     5946 us
[2026-04-03T03:17:35.255+0600][76.793s][info][gc,stats    ]   Rendezvous                        350 us
[2026-04-03T03:17:35.255+0600][76.793s][info][gc,stats    ]   Purge Unlinked                    131 us
[2026-04-03T03:17:35.255+0600][76.793s][info][gc,stats    ]     Code Roots                      121 us
[2026-04-03T03:17:35.255+0600][76.793s][info][gc,stats    ]     CLDG                              9 us
[2026-04-03T03:17:35.255+0600][76.793s][info][gc,stats    ]     Exception Caches                  0 us
[2026-04-03T03:17:35.255+0600][76.793s][info][gc,stats    ] Concurrent Strong Roots             697 us, parallelism: 0.52x
[2026-04-03T03:17:35.255+0600][76.793s][info][gc,stats    ]   CSR: <total>                      362 us
[2026-04-03T03:17:35.255+0600][76.793s][info][gc,stats    ]   CSR: VM Strong Roots               35 us, workers (us):  34,   1,   0, ---, ---, ---, 
[2026-04-03T03:17:35.255+0600][76.793s][info][gc,stats    ]   CSR: CLDG Roots                   327 us, workers (us): 327, ---, ---, ---, ---, ---, 
[2026-04-03T03:17:35.255+0600][76.793s][info][gc,stats    ] Concurrent Evacuation             18805 us
[2026-04-03T03:17:35.255+0600][76.793s][info][gc,stats    ] Pause Init Update Refs (G)         2549 us
[2026-04-03T03:17:35.255+0600][76.793s][info][gc,stats    ] Pause Init Update Refs (N)          158 us
[2026-04-03T03:17:35.255+0600][76.793s][info][gc,stats    ]   Manage GCLABs                      35 us
[2026-04-03T03:17:35.255+0600][76.793s][info][gc,stats    ] Concurrent Update Refs            86075 us
[2026-04-03T03:17:35.255+0600][76.793s][info][gc,stats    ] Concurrent Update Thread Roots      974 us
[2026-04-03T03:17:35.255+0600][76.793s][info][gc,stats    ] Pause Final Update Refs (G)         425 us
[2026-04-03T03:17:35.255+0600][76.793s][info][gc,stats    ] Pause Final Update Refs (N)         192 us
[2026-04-03T03:17:35.255+0600][76.793s][info][gc,stats    ]   Update Region States               40 us
[2026-04-03T03:17:35.255+0600][76.793s][info][gc,stats    ]   Trash Collection Set               15 us
[2026-04-03T03:17:35.255+0600][76.793s][info][gc,stats    ]   Rebuild Free Set                   54 us
[2026-04-03T03:17:35.255+0600][76.793s][info][gc,stats    ] Concurrent Cleanup                  283 us
[2026-04-03T03:17:35.255+0600][76.793s][info][gc,stats    ] Pacing                            82559 us
[2026-04-03T03:17:35.255+0600][76.793s][info][gc,stats    ] 
[2026-04-03T03:17:35.255+0600][76.793s][info][gc,stats    ] Allocation pacing accrued:
[2026-04-03T03:17:35.255+0600][76.794s][info][gc,stats    ]      78 of   301 ms ( 25.9%): task-result-getter-0
[2026-04-03T03:17:35.255+0600][76.794s][info][gc,stats    ]       5 of   301 ms (  1.5%): task-result-getter-1
[2026-04-03T03:17:35.255+0600][76.794s][info][gc,stats    ]      83 of   301 ms ( 27.4%): <total>
[2026-04-03T03:17:35.255+0600][76.794s][info][gc,stats    ]       0 of   301 ms (  0.2%): <average total>
[2026-04-03T03:17:35.255+0600][76.794s][info][gc,stats    ]      41 of   301 ms ( 13.7%): <average non-zero>
[2026-04-03T03:17:35.255+0600][76.794s][info][gc,stats    ] 
[2026-04-03T03:17:35.255+0600][76.794s][info][gc,metaspace] Metaspace: 73385K(74240K)->73399K(74304K) NonClass: 64072K(64512K)->64085K(64576K) Class: 9313K(9728K)->9313K(9728K)
[2026-04-03T03:17:35.255+0600][76.794s][info][gc,ergo     ] Pacer for Idle. Initial: 15360K, Alloc Tax Rate: 1.0x
[2026-04-03T03:17:35.256+0600][76.795s][info][gc          ] Trigger: Average GC time (504.22 ms) is above the time for average allocation rate (559 MB/s) to deplete free headroom (267M) (margin of error = 1.98)
[2026-04-03T03:17:35.256+0600][76.795s][info][gc,ergo     ] Free headroom: 305M (free) - 38400K (spike) - 0B (penalties) = 267M
[2026-04-03T03:17:35.256+0600][76.795s][info][gc,ergo     ] Free: 305M, Max: 256K regular, 78336K humongous, Frag: 75% external, 2% internal; Reserve: 38400K, Max: 256K
[2026-04-03T03:17:35.256+0600][76.795s][info][gc,start    ] GC(111) Concurrent reset
[2026-04-03T03:17:35.256+0600][76.795s][info][gc,task     ] GC(111) Using 3 of 6 workers for concurrent reset
[2026-04-03T03:17:35.256+0600][76.795s][info][gc,ergo     ] GC(111) Pacer for Reset. Non-Taxable: 750M
[2026-04-03T03:17:35.258+0600][76.796s][info][gc          ] GC(111) Concurrent reset 1.158ms
[2026-04-03T03:17:35.258+0600][76.796s][info][gc,start    ] GC(111) Pause Init Mark (unload classes)
[2026-04-03T03:17:35.258+0600][76.796s][info][gc,task     ] GC(111) Using 6 of 6 workers for init marking
[2026-04-03T03:17:35.258+0600][76.796s][info][gc,ergo     ] GC(111) Pacer for Mark. Expected Live: 198M, Free: 303M, Non-Taxable: 31045K, Alloc Tax Rate: 0.8x
[2026-04-03T03:17:35.258+0600][76.796s][info][gc          ] GC(111) Pause Init Mark (unload classes) 0.117ms
[2026-04-03T03:17:35.258+0600][76.796s][info][gc,start    ] GC(111) Concurrent marking roots
[2026-04-03T03:17:35.258+0600][76.796s][info][gc,task     ] GC(111) Using 3 of 6 workers for concurrent marking roots
[2026-04-03T03:17:35.259+0600][76.797s][info][gc          ] GC(111) Concurrent marking roots 0.864ms
[2026-04-03T03:17:35.259+0600][76.797s][info][gc,start    ] GC(111) Concurrent marking (unload classes)
[2026-04-03T03:17:35.259+0600][76.797s][info][gc,task     ] GC(111) Using 3 of 6 workers for concurrent marking
[2026-04-03T03:17:35.442+0600][76.980s][info][gc          ] GC(111) Concurrent marking (unload classes) 182.985ms
[2026-04-03T03:17:35.442+0600][76.980s][info][gc,start    ] GC(111) Pause Final Mark (unload classes)
[2026-04-03T03:17:35.442+0600][76.981s][info][gc,task     ] GC(111) Using 6 of 6 workers for final marking
[2026-04-03T03:17:35.443+0600][76.981s][info][gc,ergo     ] GC(111) Adaptive CSet Selection. Target Free: 106M, Actual Free: 409M, Max CSet: 32000K, Min Garbage: 0B
[2026-04-03T03:17:35.443+0600][76.981s][info][gc,ergo     ] GC(111) Collectable Garbage: 186M (97%), Immediate: 119M (62%), CSet: 68811K (35%)
[2026-04-03T03:17:35.443+0600][76.981s][info][gc,ergo     ] GC(111) Pacer for Evacuation. Used CSet: 79614K, Free: 380M, Non-Taxable: 38945K, Alloc Tax Rate: 1.1x
[2026-04-03T03:17:35.443+0600][76.981s][info][gc          ] GC(111) Pause Final Mark (unload classes) 0.729ms
[2026-04-03T03:17:35.443+0600][76.981s][info][gc,start    ] GC(111) Concurrent thread roots
[2026-04-03T03:17:35.443+0600][76.981s][info][gc,task     ] GC(111) Using 3 of 6 workers for Concurrent thread roots
[2026-04-03T03:17:35.444+0600][76.982s][info][gc          ] GC(111) Concurrent thread roots 0.755ms
[2026-04-03T03:17:35.444+0600][76.982s][info][gc,start    ] GC(111) Concurrent weak references
[2026-04-03T03:17:35.444+0600][76.982s][info][gc,task     ] GC(111) Using 3 of 6 workers for concurrent weak references
[2026-04-03T03:17:35.444+0600][76.982s][info][gc,ref      ] GC(111) Encountered references: Soft: 3362, Weak: 6502, Final: 84, Phantom: 599
[2026-04-03T03:17:35.444+0600][76.982s][info][gc,ref      ] GC(111) Discovered  references: Soft: 0, Weak: 1153, Final: 2, Phantom: 596
[2026-04-03T03:17:35.444+0600][76.982s][info][gc,ref      ] GC(111) Enqueued    references: Soft: 0, Weak: 142, Final: 0, Phantom: 0
[2026-04-03T03:17:35.444+0600][76.982s][info][gc          ] GC(111) Concurrent weak references 0.365ms
[2026-04-03T03:17:35.444+0600][76.983s][info][gc,start    ] GC(111) Concurrent weak roots
[2026-04-03T03:17:35.444+0600][76.983s][info][gc,task     ] GC(111) Using 3 of 6 workers for concurrent weak root
[2026-04-03T03:17:35.446+0600][76.984s][info][gc          ] GC(111) Concurrent weak roots 1.898ms
[2026-04-03T03:17:35.446+0600][76.984s][info][gc,start    ] GC(111) Concurrent cleanup
[2026-04-03T03:17:35.447+0600][76.985s][info][gc          ] GC(111) Concurrent cleanup 449M->330M(704M) 0.508ms
[2026-04-03T03:17:35.447+0600][76.985s][info][gc,ergo     ] GC(111) Free: 380M, Max: 256K regular, 78336K humongous, Frag: 80% external, 0% internal; Reserve: 38379K, Max: 256K
[2026-04-03T03:17:35.447+0600][76.985s][info][gc,start    ] GC(111) Concurrent class unloading
[2026-04-03T03:17:35.447+0600][76.985s][info][gc,task     ] GC(111) Using 3 of 6 workers for concurrent class unloading
[2026-04-03T03:17:35.452+0600][76.991s][info][gc          ] GC(111) Concurrent class unloading 5.616ms
[2026-04-03T03:17:35.452+0600][76.991s][info][gc,start    ] GC(111) Concurrent strong roots
[2026-04-03T03:17:35.452+0600][76.991s][info][gc,task     ] GC(111) Using 3 of 6 workers for concurrent strong root
[2026-04-03T03:17:35.453+0600][76.992s][info][gc          ] GC(111) Concurrent strong roots 0.874ms
[2026-04-03T03:17:35.453+0600][76.992s][info][gc,start    ] GC(111) Concurrent evacuation
[2026-04-03T03:17:35.453+0600][76.992s][info][gc,task     ] GC(111) Using 3 of 6 workers for concurrent evacuation
[2026-04-03T03:17:35.463+0600][77.001s][info][gc          ] GC(111) Concurrent evacuation 9.590ms
[2026-04-03T03:17:35.463+0600][77.002s][info][gc,start    ] GC(111) Pause Init Update Refs
[2026-04-03T03:17:35.463+0600][77.002s][info][gc,ergo     ] GC(111) Pacer for Update Refs. Used: 354M, Free: 366M, Non-Taxable: 37551K, Alloc Tax Rate: 1.2x
[2026-04-03T03:17:35.463+0600][77.002s][info][gc          ] GC(111) Pause Init Update Refs 0.112ms
[2026-04-03T03:17:35.463+0600][77.002s][info][gc,start    ] GC(111) Concurrent update references
[2026-04-03T03:17:35.464+0600][77.002s][info][gc,task     ] GC(111) Using 3 of 6 workers for concurrent reference update
[2026-04-03T03:17:35.557+0600][77.095s][info][gc          ] GC(111) Concurrent update references 93.166ms
[2026-04-03T03:17:35.557+0600][77.095s][info][gc,start    ] GC(111) Concurrent update thread roots
[2026-04-03T03:17:35.558+0600][77.096s][info][gc          ] GC(111) Concurrent update thread roots 1.262ms
[2026-04-03T03:17:35.558+0600][77.097s][info][gc,start    ] GC(111) Pause Final Update Refs
[2026-04-03T03:17:35.558+0600][77.097s][info][gc,task     ] GC(111) Using 6 of 6 workers for final reference update
[2026-04-03T03:17:35.558+0600][77.097s][info][gc          ] GC(111) Pause Final Update Refs 0.149ms
[2026-04-03T03:17:35.558+0600][77.097s][info][gc,start    ] GC(111) Concurrent cleanup
[2026-04-03T03:17:35.559+0600][77.097s][info][gc          ] GC(111) Concurrent cleanup 500M->422M(704M) 0.261ms
[2026-04-03T03:17:35.559+0600][77.098s][info][gc,ergo     ] Free: 286M, Max: 256K regular, 171M humongous, Frag: 41% external, 0% internal; Reserve: 38400K, Max: 256K
[2026-04-03T03:17:35.559+0600][77.098s][info][gc,stats    ] 
[2026-04-03T03:17:35.559+0600][77.098s][info][gc,stats    ] All times are wall-clock times, except per-root-class counters, that are sum over
[2026-04-03T03:17:35.559+0600][77.098s][info][gc,stats    ] all workers. Dividing the <total> over the root stage time estimates parallelism.
[2026-04-03T03:17:35.559+0600][77.098s][info][gc,stats    ] 
[2026-04-03T03:17:35.559+0600][77.098s][info][gc,stats    ] Concurrent Reset                   1208 us
[2026-04-03T03:17:35.559+0600][77.098s][info][gc,stats    ] Pause Init Mark (G)                 358 us
[2026-04-03T03:17:35.559+0600][77.098s][info][gc,stats    ] Pause Init Mark (N)                 125 us
[2026-04-03T03:17:35.559+0600][77.098s][info][gc,stats    ]   Update Region States               31 us
[2026-04-03T03:17:35.559+0600][77.098s][info][gc,stats    ] Concurrent Mark Roots               908 us, parallelism: 1.53x
[2026-04-03T03:17:35.559+0600][77.098s][info][gc,stats    ]   CMR: <total>                     1392 us
[2026-04-03T03:17:35.559+0600][77.098s][info][gc,stats    ]   CMR: Thread Roots                1087 us, workers (us): 212, 464, 411, ---, ---, ---, 
[2026-04-03T03:17:35.559+0600][77.098s][info][gc,stats    ]   CMR: VM Strong Roots               31 us, workers (us):  29,   2,   1, ---, ---, ---, 
[2026-04-03T03:17:35.559+0600][77.098s][info][gc,stats    ]   CMR: CLDG Roots                   274 us, workers (us): 274, ---, ---, ---, ---, ---, 
[2026-04-03T03:17:35.559+0600][77.098s][info][gc,stats    ] Concurrent Marking               183062 us
[2026-04-03T03:17:35.559+0600][77.098s][info][gc,stats    ] Pause Final Mark (G)                941 us
[2026-04-03T03:17:35.559+0600][77.098s][info][gc,stats    ] Pause Final Mark (N)                740 us
[2026-04-03T03:17:35.559+0600][77.098s][info][gc,stats    ]   Finish Mark                       268 us
[2026-04-03T03:17:35.559+0600][77.098s][info][gc,stats    ]   Update Region States               37 us
[2026-04-03T03:17:35.559+0600][77.098s][info][gc,stats    ]   Choose Collection Set             292 us
[2026-04-03T03:17:35.559+0600][77.098s][info][gc,stats    ]   Rebuild Free Set                   37 us
[2026-04-03T03:17:35.559+0600][77.098s][info][gc,stats    ] Concurrent Thread Roots             832 us, parallelism: 1.50x
[2026-04-03T03:17:35.559+0600][77.098s][info][gc,stats    ]   CTR: <total>                     1245 us
[2026-04-03T03:17:35.559+0600][77.098s][info][gc,stats    ]   CTR: Thread Roots                1245 us, workers (us): 460, 391, 394, ---, ---, ---, 
[2026-04-03T03:17:35.559+0600][77.098s][info][gc,stats    ] Concurrent Weak References          375 us, parallelism: 0.67x
[2026-04-03T03:17:35.559+0600][77.098s][info][gc,stats    ]   CWRF: <total>                     250 us
[2026-04-03T03:17:35.559+0600][77.098s][info][gc,stats    ]   CWRF: Weak References             250 us, workers (us): 147, 101,   1, ---, ---, ---, 
[2026-04-03T03:17:35.559+0600][77.098s][info][gc,stats    ] Concurrent Weak Roots              1947 us
[2026-04-03T03:17:35.559+0600][77.098s][info][gc,stats    ]   Roots                            1608 us, parallelism: 2.35x
[2026-04-03T03:17:35.559+0600][77.098s][info][gc,stats    ]     CWR: <total>                   3782 us
[2026-04-03T03:17:35.559+0600][77.098s][info][gc,stats    ]     CWR: Code Cache Roots          2602 us, workers (us): 878, 878, 846, ---, ---, ---, 
[2026-04-03T03:17:35.559+0600][77.098s][info][gc,stats    ]     CWR: VM Weak Roots             1123 us, workers (us): 374, 374, 375, ---, ---, ---, 
[2026-04-03T03:17:35.559+0600][77.098s][info][gc,stats    ]     CWR: CLDG Roots                  58 us, workers (us):  58, ---, ---, ---, ---, ---, 
[2026-04-03T03:17:35.559+0600][77.098s][info][gc,stats    ]   Rendezvous                        267 us
[2026-04-03T03:17:35.559+0600][77.098s][info][gc,stats    ] Concurrent Cleanup                  522 us
[2026-04-03T03:17:35.559+0600][77.098s][info][gc,stats    ] Concurrent Class Unloading         5691 us
[2026-04-03T03:17:35.559+0600][77.098s][info][gc,stats    ]   Unlink Stale                     5193 us
[2026-04-03T03:17:35.559+0600][77.098s][info][gc,stats    ]     System Dictionary                91 us
[2026-04-03T03:17:35.559+0600][77.098s][info][gc,stats    ]     Weak Class Links                  0 us
[2026-04-03T03:17:35.559+0600][77.098s][info][gc,stats    ]     Code Roots                     5099 us
[2026-04-03T03:17:35.559+0600][77.098s][info][gc,stats    ]   Rendezvous                        310 us
[2026-04-03T03:17:35.559+0600][77.098s][info][gc,stats    ]   Purge Unlinked                     92 us
[2026-04-03T03:17:35.559+0600][77.098s][info][gc,stats    ]     Code Roots                       81 us
[2026-04-03T03:17:35.559+0600][77.098s][info][gc,stats    ]     CLDG                             10 us
[2026-04-03T03:17:35.559+0600][77.098s][info][gc,stats    ]     Exception Caches                  0 us
[2026-04-03T03:17:35.559+0600][77.098s][info][gc,stats    ] Concurrent Strong Roots             928 us, parallelism: 0.61x
[2026-04-03T03:17:35.559+0600][77.098s][info][gc,stats    ]   CSR: <total>                      567 us
[2026-04-03T03:17:35.559+0600][77.098s][info][gc,stats    ]   CSR: VM Strong Roots               33 us, workers (us):  32,   1,   0, ---, ---, ---, 
[2026-04-03T03:17:35.559+0600][77.098s][info][gc,stats    ]   CSR: CLDG Roots                   535 us, workers (us): 535, ---, ---, ---, ---, ---, 
[2026-04-03T03:17:35.559+0600][77.098s][info][gc,stats    ] Concurrent Evacuation              9698 us
[2026-04-03T03:17:35.559+0600][77.098s][info][gc,stats    ] Pause Init Update Refs (G)          484 us
[2026-04-03T03:17:35.559+0600][77.098s][info][gc,stats    ] Pause Init Update Refs (N)          131 us
[2026-04-03T03:17:35.559+0600][77.098s][info][gc,stats    ]   Manage GCLABs                      28 us
[2026-04-03T03:17:35.560+0600][77.098s][info][gc,stats    ] Concurrent Update Refs            93277 us
[2026-04-03T03:17:35.560+0600][77.098s][info][gc,stats    ] Concurrent Update Thread Roots     1319 us
[2026-04-03T03:17:35.560+0600][77.098s][info][gc,stats    ] Pause Final Update Refs (G)         413 us
[2026-04-03T03:17:35.560+0600][77.098s][info][gc,stats    ] Pause Final Update Refs (N)         167 us
[2026-04-03T03:17:35.560+0600][77.098s][info][gc,stats    ]   Update Region States               44 us
[2026-04-03T03:17:35.560+0600][77.098s][info][gc,stats    ]   Trash Collection Set               11 us
[2026-04-03T03:17:35.560+0600][77.098s][info][gc,stats    ]   Rebuild Free Set                   34 us
[2026-04-03T03:17:35.560+0600][77.098s][info][gc,stats    ] Concurrent Cleanup                  593 us
[2026-04-03T03:17:35.560+0600][77.098s][info][gc,stats    ] Pacing                           153680 us
[2026-04-03T03:17:35.560+0600][77.098s][info][gc,stats    ] 
[2026-04-03T03:17:35.560+0600][77.098s][info][gc,stats    ] Allocation pacing accrued:
[2026-04-03T03:17:35.560+0600][77.098s][info][gc,stats    ]     154 of   304 ms ( 50.5%): main
[2026-04-03T03:17:35.560+0600][77.098s][info][gc,stats    ]     154 of   304 ms ( 50.5%): <total>
[2026-04-03T03:17:35.560+0600][77.098s][info][gc,stats    ]       1 of   304 ms (  0.3%): <average total>
[2026-04-03T03:17:35.560+0600][77.098s][info][gc,stats    ]     154 of   304 ms ( 50.5%): <average non-zero>
[2026-04-03T03:17:35.560+0600][77.098s][info][gc,stats    ] 
[2026-04-03T03:17:35.560+0600][77.098s][info][gc,metaspace] Metaspace: 73399K(74304K)->73402K(74304K) NonClass: 64085K(64576K)->64088K(64576K) Class: 9313K(9728K)->9313K(9728K)
[2026-04-03T03:17:35.560+0600][77.098s][info][gc,ergo     ] Pacer for Idle. Initial: 15360K, Alloc Tax Rate: 1.0x
[2026-04-03T03:17:35.561+0600][77.099s][info][gc          ] Trigger: Average GC time (446.65 ms) is above the time for average allocation rate (637 MB/s) to deplete free headroom (246M) (margin of error = 1.99)
[2026-04-03T03:17:35.561+0600][77.099s][info][gc,ergo     ] Free headroom: 283M (free) - 38400K (spike) - 0B (penalties) = 246M
[2026-04-03T03:17:35.561+0600][77.099s][info][gc,ergo     ] Free: 283M, Max: 256K regular, 171M humongous, Frag: 40% external, 0% internal; Reserve: 38400K, Max: 256K
[2026-04-03T03:17:35.561+0600][77.099s][info][gc,start    ] GC(112) Concurrent reset
[2026-04-03T03:17:35.561+0600][77.099s][info][gc,task     ] GC(112) Using 3 of 6 workers for concurrent reset
[2026-04-03T03:17:35.561+0600][77.099s][info][gc,ergo     ] GC(112) Pacer for Reset. Non-Taxable: 750M
[2026-04-03T03:17:35.562+0600][77.101s][info][gc          ] GC(112) Concurrent reset 1.239ms
[2026-04-03T03:17:35.562+0600][77.101s][info][gc,start    ] GC(112) Pause Init Mark (unload classes)
[2026-04-03T03:17:35.563+0600][77.101s][info][gc,task     ] GC(112) Using 6 of 6 workers for init marking
[2026-04-03T03:17:35.563+0600][77.101s][info][gc,ergo     ] GC(112) Pacer for Mark. Expected Live: 210M, Free: 281M, Non-Taxable: 28798K, Alloc Tax Rate: 0.9x
[2026-04-03T03:17:35.563+0600][77.101s][info][gc          ] GC(112) Pause Init Mark (unload classes) 0.161ms
[2026-04-03T03:17:35.563+0600][77.101s][info][gc,start    ] GC(112) Concurrent marking roots
[2026-04-03T03:17:35.563+0600][77.101s][info][gc,task     ] GC(112) Using 3 of 6 workers for concurrent marking roots
[2026-04-03T03:17:35.564+0600][77.102s][info][gc          ] GC(112) Concurrent marking roots 0.904ms
[2026-04-03T03:17:35.564+0600][77.102s][info][gc,start    ] GC(112) Concurrent marking (unload classes)
[2026-04-03T03:17:35.564+0600][77.102s][info][gc,task     ] GC(112) Using 3 of 6 workers for concurrent marking
[2026-04-03T03:17:35.731+0600][77.269s][info][gc          ] GC(112) Concurrent marking (unload classes) 167.363ms
[2026-04-03T03:17:35.731+0600][77.270s][info][gc,start    ] GC(112) Pause Final Mark (unload classes)
[2026-04-03T03:17:35.731+0600][77.270s][info][gc,task     ] GC(112) Using 6 of 6 workers for final marking
[2026-04-03T03:17:35.732+0600][77.270s][info][gc,ergo     ] GC(112) Collectable Garbage: 210M (95%), Immediate: 210M (95%), CSet: 0B (0%)
[2026-04-03T03:17:35.732+0600][77.270s][info][gc          ] GC(112) Pause Final Mark (unload classes) 0.607ms
[2026-04-03T03:17:35.732+0600][77.271s][info][gc,start    ] GC(112) Concurrent weak references
[2026-04-03T03:17:35.732+0600][77.271s][info][gc,task     ] GC(112) Using 3 of 6 workers for concurrent weak references
[2026-04-03T03:17:35.733+0600][77.271s][info][gc,ref      ] GC(112) Encountered references: Soft: 3362, Weak: 6380, Final: 84, Phantom: 599
[2026-04-03T03:17:35.733+0600][77.271s][info][gc,ref      ] GC(112) Discovered  references: Soft: 0, Weak: 1035, Final: 2, Phantom: 596
[2026-04-03T03:17:35.733+0600][77.271s][info][gc,ref      ] GC(112) Enqueued    references: Soft: 0, Weak: 2, Final: 0, Phantom: 0
[2026-04-03T03:17:35.733+0600][77.271s][info][gc          ] GC(112) Concurrent weak references 0.428ms
[2026-04-03T03:17:35.733+0600][77.271s][info][gc,start    ] GC(112) Concurrent weak roots
[2026-04-03T03:17:35.733+0600][77.271s][info][gc,task     ] GC(112) Using 3 of 6 workers for concurrent weak root
[2026-04-03T03:17:35.735+0600][77.273s][info][gc          ] GC(112) Concurrent weak roots 2.339ms
[2026-04-03T03:17:35.735+0600][77.273s][info][gc,start    ] GC(112) Concurrent cleanup
[2026-04-03T03:17:35.736+0600][77.274s][info][gc          ] GC(112) Concurrent cleanup 476M->266M(704M) 0.566ms
[2026-04-03T03:17:35.736+0600][77.274s][info][gc,ergo     ] GC(112) Free: 443M, Max: 256K regular, 163M humongous, Frag: 64% external, 0% internal; Reserve: 38400K, Max: 256K
[2026-04-03T03:17:35.736+0600][77.274s][info][gc,start    ] GC(112) Concurrent class unloading
[2026-04-03T03:17:35.736+0600][77.274s][info][gc,task     ] GC(112) Using 3 of 6 workers for concurrent class unloading
[2026-04-03T03:17:35.741+0600][77.279s][info][gc          ] GC(112) Concurrent class unloading 5.367ms
[2026-04-03T03:17:35.741+0600][77.280s][info][gc,start    ] GC(112) Pause Final Roots
[2026-04-03T03:17:35.741+0600][77.280s][info][gc          ] GC(112) Pause Final Roots 0.050ms
[2026-04-03T03:17:35.742+0600][77.280s][info][gc,ergo     ] Free: 436M, Max: 256K regular, 163M humongous, Frag: 63% external, 0% internal; Reserve: 38400K, Max: 256K
[2026-04-03T03:17:35.742+0600][77.280s][info][gc,stats    ] 
[2026-04-03T03:17:35.742+0600][77.280s][info][gc,stats    ] All times are wall-clock times, except per-root-class counters, that are sum over
[2026-04-03T03:17:35.742+0600][77.280s][info][gc,stats    ] all workers. Dividing the <total> over the root stage time estimates parallelism.
[2026-04-03T03:17:35.742+0600][77.280s][info][gc,stats    ] 
[2026-04-03T03:17:35.742+0600][77.280s][info][gc,stats    ] Concurrent Reset                   1294 us
[2026-04-03T03:17:35.742+0600][77.280s][info][gc,stats    ] Pause Init Mark (G)                 559 us
[2026-04-03T03:17:35.742+0600][77.280s][info][gc,stats    ] Pause Init Mark (N)                 172 us
[2026-04-03T03:17:35.742+0600][77.280s][info][gc,stats    ]   Update Region States               37 us
[2026-04-03T03:17:35.742+0600][77.280s][info][gc,stats    ] Concurrent Mark Roots               946 us, parallelism: 1.54x
[2026-04-03T03:17:35.742+0600][77.280s][info][gc,stats    ]   CMR: <total>                     1456 us
[2026-04-03T03:17:35.742+0600][77.280s][info][gc,stats    ]   CMR: Thread Roots                1187 us, workers (us): 256, 484, 447, ---, ---, ---, 
[2026-04-03T03:17:35.742+0600][77.280s][info][gc,stats    ]   CMR: VM Strong Roots               32 us, workers (us):  31,   1,   0, ---, ---, ---, 
[2026-04-03T03:17:35.742+0600][77.280s][info][gc,stats    ]   CMR: CLDG Roots                   237 us, workers (us): 237, ---, ---, ---, ---, ---, 
[2026-04-03T03:17:35.742+0600][77.280s][info][gc,stats    ] Concurrent Marking               167435 us
[2026-04-03T03:17:35.742+0600][77.280s][info][gc,stats    ] Pause Final Mark (G)                985 us
[2026-04-03T03:17:35.742+0600][77.280s][info][gc,stats    ] Pause Final Mark (N)                667 us
[2026-04-03T03:17:35.742+0600][77.280s][info][gc,stats    ]   Finish Mark                       222 us
[2026-04-03T03:17:35.742+0600][77.280s][info][gc,stats    ]   Update Region States               57 us
[2026-04-03T03:17:35.742+0600][77.280s][info][gc,stats    ]   Choose Collection Set              96 us
[2026-04-03T03:17:35.742+0600][77.280s][info][gc,stats    ]   Rebuild Free Set                  146 us
[2026-04-03T03:17:35.742+0600][77.280s][info][gc,stats    ] Concurrent Weak References          438 us, parallelism: 0.45x
[2026-04-03T03:17:35.742+0600][77.280s][info][gc,stats    ]   CWRF: <total>                     198 us
[2026-04-03T03:17:35.742+0600][77.280s][info][gc,stats    ]   CWRF: Weak References             198 us, workers (us): 137,  14,  47, ---, ---, ---, 
[2026-04-03T03:17:35.742+0600][77.280s][info][gc,stats    ] Concurrent Weak Roots              2396 us
[2026-04-03T03:17:35.742+0600][77.280s][info][gc,stats    ]   Roots                            1965 us, parallelism: 2.44x
[2026-04-03T03:17:35.742+0600][77.280s][info][gc,stats    ]     CWR: <total>                   4798 us
[2026-04-03T03:17:35.742+0600][77.280s][info][gc,stats    ]     CWR: Code Cache Roots          3701 us, workers (us): 1263, 1222, 1217, ---, ---, ---, 
[2026-04-03T03:17:35.742+0600][77.280s][info][gc,stats    ]     CWR: VM Weak Roots             1039 us, workers (us): 397, 343, 299, ---, ---, ---, 
[2026-04-03T03:17:35.742+0600][77.280s][info][gc,stats    ]     CWR: CLDG Roots                  57 us, workers (us): ---, ---,  57, ---, ---, ---, 
[2026-04-03T03:17:35.742+0600][77.280s][info][gc,stats    ]   Rendezvous                        353 us
[2026-04-03T03:17:35.742+0600][77.280s][info][gc,stats    ] Concurrent Cleanup                  579 us
[2026-04-03T03:17:35.742+0600][77.280s][info][gc,stats    ] Concurrent Class Unloading         5434 us
[2026-04-03T03:17:35.742+0600][77.280s][info][gc,stats    ]   Unlink Stale                     4797 us
[2026-04-03T03:17:35.742+0600][77.280s][info][gc,stats    ]     System Dictionary                98 us
[2026-04-03T03:17:35.742+0600][77.280s][info][gc,stats    ]     Weak Class Links                  0 us
[2026-04-03T03:17:35.742+0600][77.280s][info][gc,stats    ]     Code Roots                     4696 us
[2026-04-03T03:17:35.742+0600][77.280s][info][gc,stats    ]   Rendezvous                        380 us
[2026-04-03T03:17:35.742+0600][77.280s][info][gc,stats    ]   Purge Unlinked                    168 us
[2026-04-03T03:17:35.742+0600][77.280s][info][gc,stats    ]     Code Roots                      157 us
[2026-04-03T03:17:35.742+0600][77.280s][info][gc,stats    ]     CLDG                             10 us
[2026-04-03T03:17:35.742+0600][77.280s][info][gc,stats    ]     Exception Caches                  0 us
[2026-04-03T03:17:35.742+0600][77.280s][info][gc,stats    ] Pause Final Roots (G)               429 us
[2026-04-03T03:17:35.742+0600][77.280s][info][gc,stats    ] Pause Final Roots (N)                69 us
[2026-04-03T03:17:35.742+0600][77.280s][info][gc,stats    ] Pacing                           149799 us
[2026-04-03T03:17:35.742+0600][77.280s][info][gc,stats    ] 
[2026-04-03T03:17:35.742+0600][77.280s][info][gc,stats    ] Allocation pacing accrued:
[2026-04-03T03:17:35.742+0600][77.280s][info][gc,stats    ]     138 of   182 ms ( 75.9%): main
[2026-04-03T03:17:35.742+0600][77.280s][info][gc,stats    ]      11 of   182 ms (  6.3%): Spark Context Cleaner
[2026-04-03T03:17:35.742+0600][77.280s][info][gc,stats    ]     150 of   182 ms ( 82.1%): <total>
[2026-04-03T03:17:35.742+0600][77.280s][info][gc,stats    ]       1 of   182 ms (  0.5%): <average total>
[2026-04-03T03:17:35.742+0600][77.280s][info][gc,stats    ]      75 of   182 ms ( 41.1%): <average non-zero>
[2026-04-03T03:17:35.742+0600][77.280s][info][gc,stats    ] 
[2026-04-03T03:17:35.742+0600][77.280s][info][gc,metaspace] Metaspace: 73402K(74304K)->73402K(74304K) NonClass: 64088K(64576K)->64088K(64576K) Class: 9313K(9728K)->9313K(9728K)
[2026-04-03T03:17:35.742+0600][77.280s][info][gc,ergo     ] Pacer for Idle. Initial: 15360K, Alloc Tax Rate: 1.0x
[2026-04-03T03:17:35.829+0600][77.368s][info][gc          ] Trigger: Average GC time (422.96 ms) is above the time for average allocation rate (489 MB/s) to deplete free headroom (204M) (margin of error = 1.98)
[2026-04-03T03:17:35.829+0600][77.368s][info][gc,ergo     ] Free headroom: 241M (free) - 38400K (spike) - 0B (penalties) = 204M
[2026-04-03T03:17:35.829+0600][77.368s][info][gc,ergo     ] Free: 241M, Max: 256K regular, 163M humongous, Frag: 33% external, 0% internal; Reserve: 38400K, Max: 256K
[2026-04-03T03:17:35.829+0600][77.368s][info][gc,start    ] GC(113) Concurrent reset
[2026-04-03T03:17:35.829+0600][77.368s][info][gc,task     ] GC(113) Using 3 of 6 workers for concurrent reset
[2026-04-03T03:17:35.829+0600][77.368s][info][gc,ergo     ] GC(113) Pacer for Reset. Non-Taxable: 750M
[2026-04-03T03:17:35.830+0600][77.369s][info][gc          ] GC(113) Concurrent reset 0.897ms
[2026-04-03T03:17:35.830+0600][77.369s][info][gc,start    ] GC(113) Pause Init Mark (unload classes)
[2026-04-03T03:17:35.831+0600][77.369s][info][gc,task     ] GC(113) Using 6 of 6 workers for init marking
[2026-04-03T03:17:35.831+0600][77.369s][info][gc,ergo     ] GC(113) Pacer for Mark. Expected Live: 214M, Free: 238M, Non-Taxable: 24463K, Alloc Tax Rate: 1.1x
[2026-04-03T03:17:35.831+0600][77.369s][info][gc          ] GC(113) Pause Init Mark (unload classes) 0.097ms
[2026-04-03T03:17:35.831+0600][77.369s][info][gc,start    ] GC(113) Concurrent marking roots
[2026-04-03T03:17:35.831+0600][77.369s][info][gc,task     ] GC(113) Using 3 of 6 workers for concurrent marking roots
[2026-04-03T03:17:35.832+0600][77.370s][info][gc          ] GC(113) Concurrent marking roots 0.802ms
[2026-04-03T03:17:35.832+0600][77.370s][info][gc,start    ] GC(113) Concurrent marking (unload classes)
[2026-04-03T03:17:35.832+0600][77.370s][info][gc,task     ] GC(113) Using 3 of 6 workers for concurrent marking
[2026-04-03T03:17:36.016+0600][77.555s][info][gc          ] GC(113) Concurrent marking (unload classes) 184.550ms
[2026-04-03T03:17:36.016+0600][77.555s][info][gc,start    ] GC(113) Pause Final Mark (unload classes)
[2026-04-03T03:17:36.016+0600][77.555s][info][gc,task     ] GC(113) Using 6 of 6 workers for final marking
[2026-04-03T03:17:36.017+0600][77.555s][info][gc,ergo     ] GC(113) Collectable Garbage: 213M (94%), Immediate: 213M (94%), CSet: 0B (0%)
[2026-04-03T03:17:36.017+0600][77.555s][info][gc          ] GC(113) Pause Final Mark (unload classes) 0.694ms
[2026-04-03T03:17:36.017+0600][77.556s][info][gc,start    ] GC(113) Concurrent weak references
[2026-04-03T03:17:36.017+0600][77.556s][info][gc,task     ] GC(113) Using 3 of 6 workers for concurrent weak references
[2026-04-03T03:17:36.018+0600][77.556s][info][gc,ref      ] GC(113) Encountered references: Soft: 3362, Weak: 6379, Final: 84, Phantom: 599
[2026-04-03T03:17:36.018+0600][77.556s][info][gc,ref      ] GC(113) Discovered  references: Soft: 0, Weak: 552, Final: 0, Phantom: 277
[2026-04-03T03:17:36.018+0600][77.556s][info][gc,ref      ] GC(113) Enqueued    references: Soft: 0, Weak: 0, Final: 0, Phantom: 0
[2026-04-03T03:17:36.018+0600][77.556s][info][gc          ] GC(113) Concurrent weak references 0.347ms
[2026-04-03T03:17:36.018+0600][77.556s][info][gc,start    ] GC(113) Concurrent weak roots
[2026-04-03T03:17:36.018+0600][77.556s][info][gc,task     ] GC(113) Using 3 of 6 workers for concurrent weak root
[2026-04-03T03:17:36.020+0600][77.558s][info][gc          ] GC(113) Concurrent weak roots 2.181ms
[2026-04-03T03:17:36.020+0600][77.558s][info][gc,start    ] GC(113) Concurrent cleanup
[2026-04-03T03:17:36.020+0600][77.559s][info][gc          ] GC(113) Concurrent cleanup 491M->277M(704M) 0.586ms
[2026-04-03T03:17:36.020+0600][77.559s][info][gc,ergo     ] GC(113) Free: 432M, Max: 256K regular, 148M humongous, Frag: 66% external, 0% internal; Reserve: 38400K, Max: 256K
[2026-04-03T03:17:36.020+0600][77.559s][info][gc,start    ] GC(113) Concurrent class unloading
[2026-04-03T03:17:36.020+0600][77.559s][info][gc,task     ] GC(113) Using 3 of 6 workers for concurrent class unloading
[2026-04-03T03:17:36.026+0600][77.564s][info][gc          ] GC(113) Concurrent class unloading 5.363ms
[2026-04-03T03:17:36.026+0600][77.564s][info][gc,start    ] GC(113) Pause Final Roots
[2026-04-03T03:17:36.026+0600][77.564s][info][gc          ] GC(113) Pause Final Roots 0.049ms
[2026-04-03T03:17:36.026+0600][77.565s][info][gc,ergo     ] Free: 432M, Max: 256K regular, 148M humongous, Frag: 66% external, 0% internal; Reserve: 38400K, Max: 256K
[2026-04-03T03:17:36.026+0600][77.565s][info][gc,stats    ] 
[2026-04-03T03:17:36.026+0600][77.565s][info][gc,stats    ] All times are wall-clock times, except per-root-class counters, that are sum over
[2026-04-03T03:17:36.026+0600][77.565s][info][gc,stats    ] all workers. Dividing the <total> over the root stage time estimates parallelism.
[2026-04-03T03:17:36.026+0600][77.565s][info][gc,stats    ] 
[2026-04-03T03:17:36.026+0600][77.565s][info][gc,stats    ] Concurrent Reset                    935 us
[2026-04-03T03:17:36.026+0600][77.565s][info][gc,stats    ] Pause Init Mark (G)                 446 us
[2026-04-03T03:17:36.026+0600][77.565s][info][gc,stats    ] Pause Init Mark (N)                 104 us
[2026-04-03T03:17:36.026+0600][77.565s][info][gc,stats    ]   Update Region States               20 us
[2026-04-03T03:17:36.026+0600][77.565s][info][gc,stats    ] Concurrent Mark Roots               834 us, parallelism: 1.35x
[2026-04-03T03:17:36.026+0600][77.565s][info][gc,stats    ]   CMR: <total>                     1122 us
[2026-04-03T03:17:36.026+0600][77.565s][info][gc,stats    ]   CMR: Thread Roots                 933 us, workers (us): 372, 200, 362, ---, ---, ---, 
[2026-04-03T03:17:36.026+0600][77.565s][info][gc,stats    ]   CMR: VM Strong Roots               28 us, workers (us):  11,   9,   9, ---, ---, ---, 
[2026-04-03T03:17:36.026+0600][77.565s][info][gc,stats    ]   CMR: CLDG Roots                   160 us, workers (us): ---, 160, ---, ---, ---, ---, 
[2026-04-03T03:17:36.026+0600][77.565s][info][gc,stats    ] Concurrent Marking               184619 us
[2026-04-03T03:17:36.026+0600][77.565s][info][gc,stats    ] Pause Final Mark (G)               1026 us
[2026-04-03T03:17:36.026+0600][77.565s][info][gc,stats    ] Pause Final Mark (N)                714 us
[2026-04-03T03:17:36.026+0600][77.565s][info][gc,stats    ]   Finish Mark                       331 us
[2026-04-03T03:17:36.026+0600][77.565s][info][gc,stats    ]   Update Region States               44 us
[2026-04-03T03:17:36.026+0600][77.565s][info][gc,stats    ]   Choose Collection Set              97 us
[2026-04-03T03:17:36.026+0600][77.565s][info][gc,stats    ]   Rebuild Free Set                   42 us
[2026-04-03T03:17:36.026+0600][77.565s][info][gc,stats    ] Concurrent Weak References          357 us, parallelism: 0.33x
[2026-04-03T03:17:36.026+0600][77.565s][info][gc,stats    ]   CWRF: <total>                     118 us
[2026-04-03T03:17:36.026+0600][77.565s][info][gc,stats    ]   CWRF: Weak References             118 us, workers (us):  75,  42,   1, ---, ---, ---, 
[2026-04-03T03:17:36.026+0600][77.565s][info][gc,stats    ] Concurrent Weak Roots              2237 us
[2026-04-03T03:17:36.026+0600][77.565s][info][gc,stats    ]   Roots                            1844 us, parallelism: 2.41x
[2026-04-03T03:17:36.026+0600][77.565s][info][gc,stats    ]     CWR: <total>                   4436 us
[2026-04-03T03:17:36.026+0600][77.565s][info][gc,stats    ]     CWR: Code Cache Roots          3322 us, workers (us): 1034, 1120, 1168, ---, ---, ---, 
[2026-04-03T03:17:36.026+0600][77.565s][info][gc,stats    ]     CWR: VM Weak Roots             1049 us, workers (us): 373, 350, 326, ---, ---, ---, 
[2026-04-03T03:17:36.026+0600][77.565s][info][gc,stats    ]     CWR: CLDG Roots                  65 us, workers (us):  65, ---, ---, ---, ---, ---, 
[2026-04-03T03:17:36.027+0600][77.565s][info][gc,stats    ]   Rendezvous                        315 us
[2026-04-03T03:17:36.027+0600][77.565s][info][gc,stats    ] Concurrent Cleanup                  600 us
[2026-04-03T03:17:36.027+0600][77.565s][info][gc,stats    ] Concurrent Class Unloading         5433 us
[2026-04-03T03:17:36.027+0600][77.565s][info][gc,stats    ]   Unlink Stale                     4968 us
[2026-04-03T03:17:36.027+0600][77.565s][info][gc,stats    ]     System Dictionary                73 us
[2026-04-03T03:17:36.027+0600][77.565s][info][gc,stats    ]     Weak Class Links                  0 us
[2026-04-03T03:17:36.027+0600][77.565s][info][gc,stats    ]     Code Roots                     4892 us
[2026-04-03T03:17:36.027+0600][77.565s][info][gc,stats    ]   Rendezvous                        232 us
[2026-04-03T03:17:36.027+0600][77.565s][info][gc,stats    ]   Purge Unlinked                    142 us
[2026-04-03T03:17:36.027+0600][77.565s][info][gc,stats    ]     Code Roots                      132 us
[2026-04-03T03:17:36.027+0600][77.565s][info][gc,stats    ]     CLDG                              9 us
[2026-04-03T03:17:36.027+0600][77.565s][info][gc,stats    ]     Exception Caches                  0 us
[2026-04-03T03:17:36.027+0600][77.565s][info][gc,stats    ] Pause Final Roots (G)               241 us
[2026-04-03T03:17:36.027+0600][77.565s][info][gc,stats    ] Pause Final Roots (N)                66 us
[2026-04-03T03:17:36.027+0600][77.565s][info][gc,stats    ] 
[2026-04-03T03:17:36.027+0600][77.565s][info][gc,stats    ] Allocation pacing accrued:
[2026-04-03T03:17:36.027+0600][77.565s][info][gc,stats    ]       0 of   285 ms (  0.0%): <total>
[2026-04-03T03:17:36.027+0600][77.565s][info][gc,stats    ]       0 of   285 ms (  0.0%): <average total>
[2026-04-03T03:17:36.027+0600][77.565s][info][gc,stats    ] 
[2026-04-03T03:17:36.027+0600][77.565s][info][gc,metaspace] Metaspace: 73402K(74304K)->73403K(74304K) NonClass: 64088K(64576K)->64089K(64576K) Class: 9313K(9728K)->9313K(9728K)
[2026-04-03T03:17:36.027+0600][77.565s][info][gc,ergo     ] Pacer for Idle. Initial: 15360K, Alloc Tax Rate: 1.0x
[2026-04-03T03:17:36.028+0600][77.566s][info][gc          ] Trigger: Explicit GC request (System.gc())
[2026-04-03T03:17:36.028+0600][77.566s][info][gc,ergo     ] Free: 432M, Max: 256K regular, 148M humongous, Frag: 66% external, 0% internal; Reserve: 38400K, Max: 256K
[2026-04-03T03:17:36.028+0600][77.566s][info][gc,start    ] GC(114) Concurrent reset
[2026-04-03T03:17:36.028+0600][77.566s][info][gc,task     ] GC(114) Using 3 of 6 workers for concurrent reset
[2026-04-03T03:17:36.028+0600][77.566s][info][gc,ergo     ] GC(114) Pacer for Reset. Non-Taxable: 750M
[2026-04-03T03:17:36.029+0600][77.568s][info][gc          ] GC(114) Concurrent reset 1.367ms
[2026-04-03T03:17:36.030+0600][77.568s][info][gc,start    ] GC(114) Pause Init Mark (unload classes)
[2026-04-03T03:17:36.030+0600][77.568s][info][gc,task     ] GC(114) Using 6 of 6 workers for init marking
[2026-04-03T03:17:36.030+0600][77.568s][info][gc,ref      ] GC(114) Clearing All SoftReferences
[2026-04-03T03:17:36.030+0600][77.568s][info][gc,ergo     ] GC(114) Pacer for Mark. Expected Live: 220M, Free: 432M, Non-Taxable: 44333K, Alloc Tax Rate: 0.6x
[2026-04-03T03:17:36.030+0600][77.568s][info][gc          ] GC(114) Pause Init Mark (unload classes) 0.206ms
[2026-04-03T03:17:36.030+0600][77.568s][info][gc,start    ] GC(114) Concurrent marking roots
[2026-04-03T03:17:36.030+0600][77.568s][info][gc,task     ] GC(114) Using 3 of 6 workers for concurrent marking roots
[2026-04-03T03:17:36.031+0600][77.569s][info][gc          ] GC(114) Concurrent marking roots 1.041ms
[2026-04-03T03:17:36.031+0600][77.569s][info][gc,start    ] GC(114) Concurrent marking (unload classes)
[2026-04-03T03:17:36.031+0600][77.569s][info][gc,task     ] GC(114) Using 3 of 6 workers for concurrent marking
[2026-04-03T03:17:36.161+0600][77.699s][info][gc          ] GC(114) Concurrent marking (unload classes) 130.082ms
[2026-04-03T03:17:36.161+0600][77.700s][info][gc,start    ] GC(114) Pause Final Mark (unload classes)
[2026-04-03T03:17:36.161+0600][77.700s][info][gc,task     ] GC(114) Using 6 of 6 workers for final marking
[2026-04-03T03:17:36.162+0600][77.700s][info][gc,ergo     ] GC(114) Adaptive CSet Selection. Target Free: 106M, Actual Free: 584M, Max CSet: 32000K, Min Garbage: 0B
[2026-04-03T03:17:36.162+0600][77.700s][info][gc,ergo     ] GC(114) Collectable Garbage: 128M (96%), Immediate: 114M (86%), CSet: 13719K (10%)
[2026-04-03T03:17:36.162+0600][77.700s][info][gc,ergo     ] GC(114) Pacer for Evacuation. Used CSet: 14728K, Free: 548M, Non-Taxable: 56122K, Alloc Tax Rate: 1.1x
[2026-04-03T03:17:36.162+0600][77.700s][info][gc          ] GC(114) Pause Final Mark (unload classes) 0.701ms
[2026-04-03T03:17:36.162+0600][77.701s][info][gc,start    ] GC(114) Concurrent thread roots
[2026-04-03T03:17:36.162+0600][77.701s][info][gc,task     ] GC(114) Using 3 of 6 workers for Concurrent thread roots
[2026-04-03T03:17:36.163+0600][77.702s][info][gc          ] GC(114) Concurrent thread roots 0.920ms
[2026-04-03T03:17:36.163+0600][77.702s][info][gc,start    ] GC(114) Concurrent weak references
[2026-04-03T03:17:36.163+0600][77.702s][info][gc,task     ] GC(114) Using 3 of 6 workers for concurrent weak references
[2026-04-03T03:17:36.164+0600][77.702s][info][gc,ref      ] GC(114) Encountered references: Soft: 3237, Weak: 6264, Final: 84, Phantom: 599
[2026-04-03T03:17:36.164+0600][77.702s][info][gc,ref      ] GC(114) Discovered  references: Soft: 894, Weak: 2364, Final: 2, Phantom: 596
[2026-04-03T03:17:36.164+0600][77.702s][info][gc,ref      ] GC(114) Enqueued    references: Soft: 480, Weak: 58, Final: 0, Phantom: 0
[2026-04-03T03:17:36.164+0600][77.702s][info][gc          ] GC(114) Concurrent weak references 0.698ms
[2026-04-03T03:17:36.164+0600][77.702s][info][gc,start    ] GC(114) Concurrent weak roots
[2026-04-03T03:17:36.164+0600][77.702s][info][gc,task     ] GC(114) Using 3 of 6 workers for concurrent weak root
[2026-04-03T03:17:36.166+0600][77.705s][info][gc          ] GC(114) Concurrent weak roots 2.266ms
[2026-04-03T03:17:36.166+0600][77.705s][info][gc,start    ] GC(114) Concurrent cleanup
[2026-04-03T03:17:36.167+0600][77.705s][info][gc          ] GC(114) Concurrent cleanup 278M->163M(704M) 0.539ms
[2026-04-03T03:17:36.167+0600][77.705s][info][gc,ergo     ] GC(114) Free: 547M, Max: 256K regular, 148M humongous, Frag: 73% external, 0% internal; Reserve: 37944K, Max: 256K
[2026-04-03T03:17:36.167+0600][77.705s][info][gc,start    ] GC(114) Concurrent class unloading
[2026-04-03T03:17:36.167+0600][77.705s][info][gc,task     ] GC(114) Using 3 of 6 workers for concurrent class unloading
[2026-04-03T03:17:36.186+0600][77.725s][info][gc          ] GC(114) Concurrent class unloading 19.366ms
[2026-04-03T03:17:36.186+0600][77.725s][info][gc,start    ] GC(114) Concurrent strong roots
[2026-04-03T03:17:36.186+0600][77.725s][info][gc,task     ] GC(114) Using 3 of 6 workers for concurrent strong root
[2026-04-03T03:17:36.187+0600][77.725s][info][gc          ] GC(114) Concurrent strong roots 0.785ms
[2026-04-03T03:17:36.187+0600][77.725s][info][gc,start    ] GC(114) Concurrent evacuation
[2026-04-03T03:17:36.187+0600][77.725s][info][gc,task     ] GC(114) Using 3 of 6 workers for concurrent evacuation
[2026-04-03T03:17:36.188+0600][77.726s][info][gc          ] GC(114) Concurrent evacuation 0.960ms
[2026-04-03T03:17:36.188+0600][77.727s][info][gc,start    ] GC(114) Pause Init Update Refs
[2026-04-03T03:17:36.188+0600][77.727s][info][gc,ergo     ] GC(114) Pacer for Update Refs. Used: 166M, Free: 545M, Non-Taxable: 55866K, Alloc Tax Rate: 1.1x
[2026-04-03T03:17:36.188+0600][77.727s][info][gc          ] GC(114) Pause Init Update Refs 0.098ms
[2026-04-03T03:17:36.189+0600][77.727s][info][gc,start    ] GC(114) Concurrent update references
[2026-04-03T03:17:36.189+0600][77.727s][info][gc,task     ] GC(114) Using 3 of 6 workers for concurrent reference update
[2026-04-03T03:17:36.238+0600][77.776s][info][gc          ] GC(114) Concurrent update references 49.429ms
[2026-04-03T03:17:36.238+0600][77.776s][info][gc,start    ] GC(114) Concurrent update thread roots
[2026-04-03T03:17:36.239+0600][77.778s][info][gc          ] GC(114) Concurrent update thread roots 1.219ms
[2026-04-03T03:17:36.240+0600][77.778s][info][gc,start    ] GC(114) Pause Final Update Refs
[2026-04-03T03:17:36.240+0600][77.778s][info][gc,task     ] GC(114) Using 6 of 6 workers for final reference update
[2026-04-03T03:17:36.240+0600][77.778s][info][gc          ] GC(114) Pause Final Update Refs 0.136ms
[2026-04-03T03:17:36.240+0600][77.778s][info][gc,start    ] GC(114) Concurrent cleanup
[2026-04-03T03:17:36.240+0600][77.779s][info][gc          ] GC(114) Concurrent cleanup 166M->152M(704M) 0.478ms
[2026-04-03T03:17:36.240+0600][77.779s][info][gc,ergo     ] Free: 558M, Max: 256K regular, 172M humongous, Frag: 70% external, 0% internal; Reserve: 38400K, Max: 256K
[2026-04-03T03:17:36.240+0600][77.779s][info][gc,stats    ] 
[2026-04-03T03:17:36.240+0600][77.779s][info][gc,stats    ] All times are wall-clock times, except per-root-class counters, that are sum over
[2026-04-03T03:17:36.240+0600][77.779s][info][gc,stats    ] all workers. Dividing the <total> over the root stage time estimates parallelism.
[2026-04-03T03:17:36.240+0600][77.779s][info][gc,stats    ] 
[2026-04-03T03:17:36.240+0600][77.779s][info][gc,stats    ] Concurrent Reset                   1429 us
[2026-04-03T03:17:36.240+0600][77.779s][info][gc,stats    ] Pause Init Mark (G)                 483 us
[2026-04-03T03:17:36.240+0600][77.779s][info][gc,stats    ] Pause Init Mark (N)                 219 us
[2026-04-03T03:17:36.240+0600][77.779s][info][gc,stats    ]   Update Region States               66 us
[2026-04-03T03:17:36.240+0600][77.779s][info][gc,stats    ] Concurrent Mark Roots              1113 us, parallelism: 1.67x
[2026-04-03T03:17:36.240+0600][77.779s][info][gc,stats    ]   CMR: <total>                     1861 us
[2026-04-03T03:17:36.240+0600][77.779s][info][gc,stats    ]   CMR: Thread Roots                1595 us, workers (us): 607, 375, 613, ---, ---, ---, 
[2026-04-03T03:17:36.240+0600][77.779s][info][gc,stats    ]   CMR: VM Strong Roots               37 us, workers (us):  26,   7,   5, ---, ---, ---, 
[2026-04-03T03:17:36.240+0600][77.779s][info][gc,stats    ]   CMR: CLDG Roots                   228 us, workers (us): ---, 228, ---, ---, ---, ---, 
[2026-04-03T03:17:36.240+0600][77.779s][info][gc,stats    ] Concurrent Marking               130161 us
[2026-04-03T03:17:36.241+0600][77.779s][info][gc,stats    ] Pause Final Mark (G)               1046 us
[2026-04-03T03:17:36.241+0600][77.779s][info][gc,stats    ] Pause Final Mark (N)                714 us
[2026-04-03T03:17:36.241+0600][77.779s][info][gc,stats    ]   Finish Mark                       257 us
[2026-04-03T03:17:36.241+0600][77.779s][info][gc,stats    ]   Update Region States               61 us
[2026-04-03T03:17:36.241+0600][77.779s][info][gc,stats    ]   Choose Collection Set             203 us
[2026-04-03T03:17:36.241+0600][77.779s][info][gc,stats    ]   Rebuild Free Set                   37 us
[2026-04-03T03:17:36.241+0600][77.779s][info][gc,stats    ] Concurrent Thread Roots             968 us, parallelism: 1.72x
[2026-04-03T03:17:36.241+0600][77.779s][info][gc,stats    ]   CTR: <total>                     1668 us
[2026-04-03T03:17:36.241+0600][77.779s][info][gc,stats    ]   CTR: Thread Roots                1668 us, workers (us): 568, 559, 542, ---, ---, ---, 
[2026-04-03T03:17:36.241+0600][77.779s][info][gc,stats    ] Concurrent Weak References          712 us, parallelism: 0.94x
[2026-04-03T03:17:36.241+0600][77.779s][info][gc,stats    ]   CWRF: <total>                     673 us
[2026-04-03T03:17:36.241+0600][77.779s][info][gc,stats    ]   CWRF: Weak References             673 us, workers (us): 257, 338,  77, ---, ---, ---, 
[2026-04-03T03:17:36.241+0600][77.779s][info][gc,stats    ] Concurrent Weak Roots              2322 us
[2026-04-03T03:17:36.241+0600][77.779s][info][gc,stats    ]   Roots                            1957 us, parallelism: 2.36x
[2026-04-03T03:17:36.241+0600][77.779s][info][gc,stats    ]     CWR: <total>                   4616 us
[2026-04-03T03:17:36.241+0600][77.779s][info][gc,stats    ]     CWR: Code Cache Roots          3011 us, workers (us): 916, 1018, 1077, ---, ---, ---, 
[2026-04-03T03:17:36.241+0600][77.779s][info][gc,stats    ]     CWR: VM Weak Roots             1525 us, workers (us): 527, 511, 487, ---, ---, ---, 
[2026-04-03T03:17:36.241+0600][77.779s][info][gc,stats    ]     CWR: CLDG Roots                  80 us, workers (us):  80, ---, ---, ---, ---, ---, 
[2026-04-03T03:17:36.241+0600][77.779s][info][gc,stats    ]   Rendezvous                        288 us
[2026-04-03T03:17:36.241+0600][77.779s][info][gc,stats    ] Concurrent Cleanup                  553 us
[2026-04-03T03:17:36.241+0600][77.779s][info][gc,stats    ] Concurrent Class Unloading        19441 us
[2026-04-03T03:17:36.241+0600][77.779s][info][gc,stats    ]   Unlink Stale                    17916 us
[2026-04-03T03:17:36.241+0600][77.779s][info][gc,stats    ]     System Dictionary               376 us
[2026-04-03T03:17:36.241+0600][77.779s][info][gc,stats    ]     Weak Class Links              11047 us
[2026-04-03T03:17:36.241+0600][77.779s][info][gc,stats    ]     Code Roots                     6489 us
[2026-04-03T03:17:36.241+0600][77.779s][info][gc,stats    ]   Rendezvous                        332 us
[2026-04-03T03:17:36.241+0600][77.779s][info][gc,stats    ]   Purge Unlinked                   1093 us
[2026-04-03T03:17:36.241+0600][77.779s][info][gc,stats    ]     Code Roots                      413 us
[2026-04-03T03:17:36.241+0600][77.779s][info][gc,stats    ]     CLDG                            678 us
[2026-04-03T03:17:36.241+0600][77.779s][info][gc,stats    ]     Exception Caches                  0 us
[2026-04-03T03:17:36.241+0600][77.779s][info][gc,stats    ] Concurrent Strong Roots             834 us, parallelism: 0.53x
[2026-04-03T03:17:36.241+0600][77.779s][info][gc,stats    ]   CSR: <total>                      440 us
[2026-04-03T03:17:36.241+0600][77.779s][info][gc,stats    ]   CSR: VM Strong Roots               54 us, workers (us):  53,   1,   0, ---, ---, ---, 
[2026-04-03T03:17:36.241+0600][77.779s][info][gc,stats    ]   CSR: CLDG Roots                   386 us, workers (us): 386, ---, ---, ---, ---, ---, 
[2026-04-03T03:17:36.241+0600][77.779s][info][gc,stats    ] Concurrent Evacuation              1008 us
[2026-04-03T03:17:36.241+0600][77.779s][info][gc,stats    ] Pause Init Update Refs (G)          463 us
[2026-04-03T03:17:36.241+0600][77.779s][info][gc,stats    ] Pause Init Update Refs (N)          112 us
[2026-04-03T03:17:36.241+0600][77.779s][info][gc,stats    ]   Manage GCLABs                      22 us
[2026-04-03T03:17:36.241+0600][77.779s][info][gc,stats    ] Concurrent Update Refs            49483 us
[2026-04-03T03:17:36.241+0600][77.779s][info][gc,stats    ] Concurrent Update Thread Roots     1257 us
[2026-04-03T03:17:36.241+0600][77.779s][info][gc,stats    ] Pause Final Update Refs (G)         515 us
[2026-04-03T03:17:36.241+0600][77.779s][info][gc,stats    ] Pause Final Update Refs (N)         148 us
[2026-04-03T03:17:36.241+0600][77.779s][info][gc,stats    ]   Update Region States               36 us
[2026-04-03T03:17:36.241+0600][77.779s][info][gc,stats    ]   Trash Collection Set                8 us
[2026-04-03T03:17:36.241+0600][77.779s][info][gc,stats    ]   Rebuild Free Set                   28 us
[2026-04-03T03:17:36.241+0600][77.779s][info][gc,stats    ] Concurrent Cleanup                  492 us
[2026-04-03T03:17:36.241+0600][77.779s][info][gc,stats    ] 
[2026-04-03T03:17:36.241+0600][77.779s][info][gc,stats    ] Allocation pacing accrued:
[2026-04-03T03:17:36.241+0600][77.779s][info][gc,stats    ]       0 of   214 ms (  0.0%): <total>
[2026-04-03T03:17:36.241+0600][77.779s][info][gc,stats    ]       0 of   214 ms (  0.0%): <average total>
[2026-04-03T03:17:36.241+0600][77.779s][info][gc,stats    ] 
[2026-04-03T03:17:36.241+0600][77.779s][info][gc,metaspace] Metaspace: 73403K(74304K)->72940K(74304K) NonClass: 64089K(64576K)->63702K(64576K) Class: 9313K(9728K)->9237K(9728K)
[2026-04-03T03:17:36.241+0600][77.779s][info][gc,ergo     ] Pacer for Idle. Initial: 15360K, Alloc Tax Rate: 1.0x
[2026-04-03T03:17:36.241+0600][77.779s][info][gc,start    ] Concurrent uncommit
[2026-04-03T03:17:36.318+0600][77.856s][info][gc          ] Concurrent uncommit 152M->165M(169M) 76.778ms
[2026-04-03T03:17:36.401+0600][77.939s][info][gc          ] Trigger: Learning 2 of 5. Free (524M) is below initial threshold (525M)
[2026-04-03T03:17:36.401+0600][77.939s][info][gc,ergo     ] Free: 523M, Max: 256K regular, 172M humongous, Frag: 68% external, 0% internal; Reserve: 38400K, Max: 256K
[2026-04-03T03:17:36.401+0600][77.940s][info][gc,start    ] GC(115) Concurrent reset
[2026-04-03T03:17:36.401+0600][77.940s][info][gc,task     ] GC(115) Using 3 of 6 workers for concurrent reset
[2026-04-03T03:17:36.401+0600][77.940s][info][gc,ergo     ] GC(115) Pacer for Reset. Non-Taxable: 750M
[2026-04-03T03:17:36.402+0600][77.940s][info][gc          ] GC(115) Concurrent reset 0.726ms
[2026-04-03T03:17:36.402+0600][77.940s][info][gc,start    ] GC(115) Pause Init Mark (unload classes)
[2026-04-03T03:17:36.402+0600][77.941s][info][gc,task     ] GC(115) Using 5 of 6 workers for init marking
[2026-04-03T03:17:36.402+0600][77.941s][info][gc,ergo     ] GC(115) Pacer for Mark. Expected Live: 205M, Free: 523M, Non-Taxable: 53619K, Alloc Tax Rate: 0.5x
[2026-04-03T03:17:36.402+0600][77.941s][info][gc          ] GC(115) Pause Init Mark (unload classes) 0.129ms
[2026-04-03T03:17:36.402+0600][77.941s][info][gc,start    ] GC(115) Concurrent marking roots
[2026-04-03T03:17:36.402+0600][77.941s][info][gc,task     ] GC(115) Using 3 of 6 workers for concurrent marking roots
[2026-04-03T03:17:36.403+0600][77.942s][info][gc          ] GC(115) Concurrent marking roots 1.043ms
[2026-04-03T03:17:36.403+0600][77.942s][info][gc,start    ] GC(115) Concurrent marking (unload classes)
[2026-04-03T03:17:36.403+0600][77.942s][info][gc,task     ] GC(115) Using 3 of 6 workers for concurrent marking
[2026-04-03T03:17:36.601+0600][78.139s][info][gc          ] GC(115) Concurrent marking (unload classes) 197.337ms
[2026-04-03T03:17:36.601+0600][78.139s][info][gc,start    ] GC(115) Pause Final Mark (unload classes)
[2026-04-03T03:17:36.601+0600][78.139s][info][gc,task     ] GC(115) Using 5 of 6 workers for final marking
[2026-04-03T03:17:36.601+0600][78.140s][info][gc,ergo     ] GC(115) Adaptive CSet Selection. Target Free: 106M, Actual Free: 502M, Max CSet: 32000K, Min Garbage: 0B
[2026-04-03T03:17:36.602+0600][78.140s][info][gc,ergo     ] GC(115) Collectable Garbage: 35320K (87%), Immediate: 12897K (31%), CSet: 22422K (55%)
[2026-04-03T03:17:36.602+0600][78.140s][info][gc,ergo     ] GC(115) Pacer for Evacuation. Used CSet: 24406K, Free: 467M, Non-Taxable: 47828K, Alloc Tax Rate: 1.1x
[2026-04-03T03:17:36.602+0600][78.140s][info][gc          ] GC(115) Pause Final Mark (unload classes) 0.735ms
[2026-04-03T03:17:36.602+0600][78.140s][info][gc,start    ] GC(115) Concurrent thread roots
[2026-04-03T03:17:36.602+0600][78.140s][info][gc,task     ] GC(115) Using 3 of 6 workers for Concurrent thread roots
[2026-04-03T03:17:36.603+0600][78.141s][info][gc          ] GC(115) Concurrent thread roots 0.817ms
[2026-04-03T03:17:36.603+0600][78.141s][info][gc,start    ] GC(115) Concurrent weak references
[2026-04-03T03:17:36.603+0600][78.141s][info][gc,task     ] GC(115) Using 3 of 6 workers for concurrent weak references
[2026-04-03T03:17:36.603+0600][78.142s][info][gc,ref      ] GC(115) Encountered references: Soft: 3155, Weak: 6466, Final: 84, Phantom: 599
[2026-04-03T03:17:36.603+0600][78.142s][info][gc,ref      ] GC(115) Discovered  references: Soft: 0, Weak: 794, Final: 0, Phantom: 596
[2026-04-03T03:17:36.603+0600][78.142s][info][gc,ref      ] GC(115) Enqueued    references: Soft: 0, Weak: 124, Final: 0, Phantom: 0
[2026-04-03T03:17:36.603+0600][78.142s][info][gc          ] GC(115) Concurrent weak references 0.427ms
[2026-04-03T03:17:36.603+0600][78.142s][info][gc,start    ] GC(115) Concurrent weak roots
[2026-04-03T03:17:36.603+0600][78.142s][info][gc,task     ] GC(115) Using 3 of 6 workers for concurrent weak root
[2026-04-03T03:17:36.607+0600][78.145s][info][gc          ] GC(115) Concurrent weak roots 3.497ms
[2026-04-03T03:17:36.607+0600][78.145s][info][gc,start    ] GC(115) Concurrent cleanup
[2026-04-03T03:17:36.607+0600][78.145s][info][gc          ] GC(115) Concurrent cleanup 256M->244M(263M) 0.235ms
[2026-04-03T03:17:36.607+0600][78.145s][info][gc,ergo     ] GC(115) Free: 464M, Max: 256K regular, 172M humongous, Frag: 63% external, 0% internal; Reserve: 38146K, Max: 256K
[2026-04-03T03:17:36.607+0600][78.146s][info][gc,start    ] GC(115) Concurrent class unloading
[2026-04-03T03:17:36.607+0600][78.146s][info][gc,task     ] GC(115) Using 3 of 6 workers for concurrent class unloading
[2026-04-03T03:17:36.635+0600][78.174s][info][gc          ] GC(115) Concurrent class unloading 28.055ms
[2026-04-03T03:17:36.635+0600][78.174s][info][gc,start    ] GC(115) Concurrent strong roots
[2026-04-03T03:17:36.635+0600][78.174s][info][gc,task     ] GC(115) Using 3 of 6 workers for concurrent strong root
[2026-04-03T03:17:36.637+0600][78.175s][info][gc          ] GC(115) Concurrent strong roots 1.225ms
[2026-04-03T03:17:36.637+0600][78.175s][info][gc,start    ] GC(115) Concurrent evacuation
[2026-04-03T03:17:36.637+0600][78.175s][info][gc,task     ] GC(115) Using 3 of 6 workers for concurrent evacuation
[2026-04-03T03:17:36.639+0600][78.178s][info][gc          ] GC(115) Concurrent evacuation 2.835ms
[2026-04-03T03:17:36.640+0600][78.178s][info][gc,start    ] GC(115) Pause Init Update Refs
[2026-04-03T03:17:36.640+0600][78.178s][info][gc,ergo     ] GC(115) Pacer for Update Refs. Used: 267M, Free: 443M, Non-Taxable: 45421K, Alloc Tax Rate: 1.1x
[2026-04-03T03:17:36.640+0600][78.178s][info][gc          ] GC(115) Pause Init Update Refs 0.126ms
[2026-04-03T03:17:36.640+0600][78.178s][info][gc,start    ] GC(115) Concurrent update references
[2026-04-03T03:17:36.640+0600][78.178s][info][gc,task     ] GC(115) Using 3 of 6 workers for concurrent reference update
[2026-04-03T03:17:36.734+0600][78.273s][info][gc          ] GC(115) Concurrent update references 94.576ms
[2026-04-03T03:17:36.734+0600][78.273s][info][gc,start    ] GC(115) Concurrent update thread roots
[2026-04-03T03:17:36.736+0600][78.274s][info][gc          ] GC(115) Concurrent update thread roots 1.145ms
[2026-04-03T03:17:36.736+0600][78.274s][info][gc,start    ] GC(115) Pause Final Update Refs
[2026-04-03T03:17:36.736+0600][78.274s][info][gc,task     ] GC(115) Using 6 of 6 workers for final reference update
[2026-04-03T03:17:36.736+0600][78.274s][info][gc          ] GC(115) Pause Final Update Refs 0.177ms
[2026-04-03T03:17:36.736+0600][78.274s][info][gc,start    ] GC(115) Concurrent cleanup
[2026-04-03T03:17:36.736+0600][78.275s][info][gc          ] GC(115) Concurrent cleanup 320M->296M(326M) 0.278ms
[2026-04-03T03:17:36.736+0600][78.275s][info][gc,ergo     ] Free: 410M, Max: 256K regular, 172M humongous, Frag: 58% external, 0% internal; Reserve: 38400K, Max: 256K
[2026-04-03T03:17:36.737+0600][78.275s][info][gc,stats    ] 
[2026-04-03T03:17:36.737+0600][78.275s][info][gc,stats    ] All times are wall-clock times, except per-root-class counters, that are sum over
[2026-04-03T03:17:36.737+0600][78.275s][info][gc,stats    ] all workers. Dividing the <total> over the root stage time estimates parallelism.
[2026-04-03T03:17:36.737+0600][78.275s][info][gc,stats    ] 
[2026-04-03T03:17:36.737+0600][78.275s][info][gc,stats    ] Concurrent Reset                    766 us
[2026-04-03T03:17:36.737+0600][78.275s][info][gc,stats    ] Pause Init Mark (G)                 402 us
[2026-04-03T03:17:36.737+0600][78.275s][info][gc,stats    ] Pause Init Mark (N)                 139 us
[2026-04-03T03:17:36.737+0600][78.275s][info][gc,stats    ]   Update Region States               25 us
[2026-04-03T03:17:36.737+0600][78.275s][info][gc,stats    ] Concurrent Mark Roots              1079 us, parallelism: 1.91x
[2026-04-03T03:17:36.737+0600][78.275s][info][gc,stats    ]   CMR: <total>                     2059 us
[2026-04-03T03:17:36.737+0600][78.275s][info][gc,stats    ]   CMR: Thread Roots                1724 us, workers (us): 380, 677, 667, ---, ---, ---, 
[2026-04-03T03:17:36.737+0600][78.275s][info][gc,stats    ]   CMR: VM Strong Roots               43 us, workers (us):  25,  18,   1, ---, ---, ---, 
[2026-04-03T03:17:36.737+0600][78.275s][info][gc,stats    ]   CMR: CLDG Roots                   291 us, workers (us): 291, ---, ---, ---, ---, ---, 
[2026-04-03T03:17:36.737+0600][78.275s][info][gc,stats    ] Concurrent Marking               197425 us
[2026-04-03T03:17:36.737+0600][78.275s][info][gc,stats    ] Pause Final Mark (G)               1131 us
[2026-04-03T03:17:36.737+0600][78.275s][info][gc,stats    ] Pause Final Mark (N)                751 us
[2026-04-03T03:17:36.737+0600][78.275s][info][gc,stats    ]   Finish Mark                       241 us
[2026-04-03T03:17:36.737+0600][78.275s][info][gc,stats    ]   Update Region States               40 us
[2026-04-03T03:17:36.737+0600][78.275s][info][gc,stats    ]   Choose Collection Set             244 us
[2026-04-03T03:17:36.737+0600][78.275s][info][gc,stats    ]   Rebuild Free Set                   57 us
[2026-04-03T03:17:36.737+0600][78.275s][info][gc,stats    ] Concurrent Thread Roots             860 us, parallelism: 2.21x
[2026-04-03T03:17:36.737+0600][78.275s][info][gc,stats    ]   CTR: <total>                     1900 us
[2026-04-03T03:17:36.737+0600][78.275s][info][gc,stats    ]   CTR: Thread Roots                1900 us, workers (us): 646, 646, 609, ---, ---, ---, 
[2026-04-03T03:17:36.737+0600][78.275s][info][gc,stats    ] Concurrent Weak References          441 us, parallelism: 0.73x
[2026-04-03T03:17:36.737+0600][78.275s][info][gc,stats    ]   CWRF: <total>                     324 us
[2026-04-03T03:17:36.737+0600][78.275s][info][gc,stats    ]   CWRF: Weak References             324 us, workers (us): 157, 165,   2, ---, ---, ---, 
[2026-04-03T03:17:36.737+0600][78.275s][info][gc,stats    ] Concurrent Weak Roots              3578 us
[2026-04-03T03:17:36.737+0600][78.275s][info][gc,stats    ]   Roots                            3110 us, parallelism: 2.68x
[2026-04-03T03:17:36.737+0600][78.275s][info][gc,stats    ]     CWR: <total>                   8342 us
[2026-04-03T03:17:36.737+0600][78.275s][info][gc,stats    ]     CWR: Code Cache Roots          5481 us, workers (us): 1784, 1756, 1941, ---, ---, ---, 
[2026-04-03T03:17:36.737+0600][78.275s][info][gc,stats    ]     CWR: VM Weak Roots             2787 us, workers (us): 906, 1013, 869, ---, ---, ---, 
[2026-04-03T03:17:36.737+0600][78.275s][info][gc,stats    ]     CWR: CLDG Roots                  75 us, workers (us):  75, ---, ---, ---, ---, ---, 
[2026-04-03T03:17:36.737+0600][78.275s][info][gc,stats    ]   Rendezvous                        355 us
[2026-04-03T03:17:36.737+0600][78.275s][info][gc,stats    ] Concurrent Cleanup                  255 us
[2026-04-03T03:17:36.737+0600][78.275s][info][gc,stats    ] Concurrent Class Unloading        28152 us
[2026-04-03T03:17:36.737+0600][78.275s][info][gc,stats    ]   Unlink Stale                    24387 us
[2026-04-03T03:17:36.737+0600][78.275s][info][gc,stats    ]     System Dictionary               360 us
[2026-04-03T03:17:36.737+0600][78.275s][info][gc,stats    ]     Weak Class Links              15650 us
[2026-04-03T03:17:36.737+0600][78.275s][info][gc,stats    ]     Code Roots                     8372 us
[2026-04-03T03:17:36.737+0600][78.275s][info][gc,stats    ]   Rendezvous                       3300 us
[2026-04-03T03:17:36.737+0600][78.275s][info][gc,stats    ]   Purge Unlinked                    334 us
[2026-04-03T03:17:36.737+0600][78.275s][info][gc,stats    ]     Code Roots                      252 us
[2026-04-03T03:17:36.737+0600][78.275s][info][gc,stats    ]     CLDG                             80 us
[2026-04-03T03:17:36.737+0600][78.275s][info][gc,stats    ]     Exception Caches                  0 us
[2026-04-03T03:17:36.737+0600][78.275s][info][gc,stats    ] Concurrent Strong Roots            1291 us, parallelism: 0.69x
[2026-04-03T03:17:36.737+0600][78.275s][info][gc,stats    ]   CSR: <total>                      888 us
[2026-04-03T03:17:36.737+0600][78.275s][info][gc,stats    ]   CSR: VM Strong Roots              107 us, workers (us):  68,  27,  12, ---, ---, ---, 
[2026-04-03T03:17:36.737+0600][78.275s][info][gc,stats    ]   CSR: CLDG Roots                   781 us, workers (us): 781, ---, ---, ---, ---, ---, 
[2026-04-03T03:17:36.737+0600][78.275s][info][gc,stats    ] Concurrent Evacuation              2897 us
[2026-04-03T03:17:36.737+0600][78.275s][info][gc,stats    ] Pause Init Update Refs (G)          332 us
[2026-04-03T03:17:36.737+0600][78.275s][info][gc,stats    ] Pause Init Update Refs (N)          137 us
[2026-04-03T03:17:36.737+0600][78.275s][info][gc,stats    ]   Manage GCLABs                      45 us
[2026-04-03T03:17:36.737+0600][78.275s][info][gc,stats    ] Concurrent Update Refs            94666 us
[2026-04-03T03:17:36.737+0600][78.275s][info][gc,stats    ] Concurrent Update Thread Roots     1221 us
[2026-04-03T03:17:36.737+0600][78.275s][info][gc,stats    ] Pause Final Update Refs (G)         372 us
[2026-04-03T03:17:36.737+0600][78.275s][info][gc,stats    ] Pause Final Update Refs (N)         192 us
[2026-04-03T03:17:36.737+0600][78.276s][info][gc,stats    ]   Update Region States               50 us
[2026-04-03T03:17:36.737+0600][78.276s][info][gc,stats    ]   Trash Collection Set                7 us
[2026-04-03T03:17:36.737+0600][78.276s][info][gc,stats    ]   Rebuild Free Set                   39 us
[2026-04-03T03:17:36.737+0600][78.276s][info][gc,stats    ] Concurrent Cleanup                  298 us
[2026-04-03T03:17:36.737+0600][78.276s][info][gc,stats    ] Pacing                            78927 us
[2026-04-03T03:17:36.737+0600][78.276s][info][gc,stats    ] 
[2026-04-03T03:17:36.737+0600][78.276s][info][gc,stats    ] Allocation pacing accrued:
[2026-04-03T03:17:36.737+0600][78.276s][info][gc,stats    ]      10 of   496 ms (  2.0%): main
[2026-04-03T03:17:36.737+0600][78.276s][info][gc,stats    ]      24 of   496 ms (  4.8%): Executor task launch worker for task 2.0 in stage 27.0 (TID 41)
[2026-04-03T03:17:36.737+0600][78.276s][info][gc,stats    ]      22 of   496 ms (  4.5%): Executor task launch worker for task 1.0 in stage 27.0 (TID 40)
[2026-04-03T03:17:36.737+0600][78.276s][info][gc,stats    ]      22 of   496 ms (  4.5%): Executor task launch worker for task 0.0 in stage 27.0 (TID 39)
[2026-04-03T03:17:36.737+0600][78.276s][info][gc,stats    ]      79 of   496 ms ( 15.9%): <total>
[2026-04-03T03:17:36.737+0600][78.276s][info][gc,stats    ]       0 of   496 ms (  0.1%): <average total>
[2026-04-03T03:17:36.737+0600][78.276s][info][gc,stats    ]      20 of   496 ms (  4.0%): <average non-zero>
[2026-04-03T03:17:36.737+0600][78.276s][info][gc,stats    ] 
[2026-04-03T03:17:36.737+0600][78.276s][info][gc,metaspace] Metaspace: 73351K(74304K)->73325K(74304K) NonClass: 64050K(64576K)->64031K(64576K) Class: 9301K(9728K)->9294K(9728K)
[2026-04-03T03:17:36.737+0600][78.276s][info][gc,ergo     ] Pacer for Idle. Initial: 15360K, Alloc Tax Rate: 1.0x
[2026-04-03T03:17:36.739+0600][78.277s][info][gc          ] Trigger: Learning 3 of 5. Free (410M) is below initial threshold (525M)
[2026-04-03T03:17:36.739+0600][78.277s][info][gc,ergo     ] Free: 410M, Max: 256K regular, 172M humongous, Frag: 58% external, 0% internal; Reserve: 38400K, Max: 256K
[2026-04-03T03:17:36.739+0600][78.277s][info][gc,start    ] GC(116) Concurrent reset
[2026-04-03T03:17:36.739+0600][78.277s][info][gc,task     ] GC(116) Using 3 of 6 workers for concurrent reset
[2026-04-03T03:17:36.739+0600][78.277s][info][gc,ergo     ] GC(116) Pacer for Reset. Non-Taxable: 750M
[2026-04-03T03:17:36.740+0600][78.278s][info][gc          ] GC(116) Concurrent reset 1.178ms
[2026-04-03T03:17:36.740+0600][78.278s][info][gc,start    ] GC(116) Pause Init Mark (unload classes)
[2026-04-03T03:17:36.740+0600][78.278s][info][gc,task     ] GC(116) Using 6 of 6 workers for init marking
[2026-04-03T03:17:36.740+0600][78.279s][info][gc,ergo     ] GC(116) Pacer for Mark. Expected Live: 190M, Free: 410M, Non-Taxable: 41991K, Alloc Tax Rate: 0.6x
[2026-04-03T03:17:36.740+0600][78.279s][info][gc          ] GC(116) Pause Init Mark (unload classes) 0.109ms
[2026-04-03T03:17:36.740+0600][78.279s][info][gc,start    ] GC(116) Concurrent marking roots
[2026-04-03T03:17:36.740+0600][78.279s][info][gc,task     ] GC(116) Using 3 of 6 workers for concurrent marking roots
[2026-04-03T03:17:36.742+0600][78.280s][info][gc          ] GC(116) Concurrent marking roots 1.180ms
[2026-04-03T03:17:36.742+0600][78.280s][info][gc,start    ] GC(116) Concurrent marking (unload classes)
[2026-04-03T03:17:36.742+0600][78.280s][info][gc,task     ] GC(116) Using 3 of 6 workers for concurrent marking
[2026-04-03T03:17:37.037+0600][78.575s][info][gc          ] GC(116) Concurrent marking (unload classes) 295.329ms
[2026-04-03T03:17:37.037+0600][78.576s][info][gc,start    ] GC(116) Pause Final Mark (unload classes)
[2026-04-03T03:17:37.037+0600][78.576s][info][gc,task     ] GC(116) Using 6 of 6 workers for final marking
[2026-04-03T03:17:37.038+0600][78.576s][info][gc,ergo     ] GC(116) Adaptive CSet Selection. Target Free: 106M, Actual Free: 376M, Max CSet: 32000K, Min Garbage: 0B
[2026-04-03T03:17:37.038+0600][78.576s][info][gc,ergo     ] GC(116) Collectable Garbage: 83576K (87%), Immediate: 5376K (5%), CSet: 78199K (81%)
[2026-04-03T03:17:37.038+0600][78.576s][info][gc,ergo     ] GC(116) Pacer for Evacuation. Used CSet: 107M, Free: 341M, Non-Taxable: 34951K, Alloc Tax Rate: 1.1x
[2026-04-03T03:17:37.038+0600][78.576s][info][gc          ] GC(116) Pause Final Mark (unload classes) 0.878ms
[2026-04-03T03:17:37.038+0600][78.577s][info][gc,start    ] GC(116) Concurrent thread roots
[2026-04-03T03:17:37.038+0600][78.577s][info][gc,task     ] GC(116) Using 3 of 6 workers for Concurrent thread roots
[2026-04-03T03:17:37.039+0600][78.578s][info][gc          ] GC(116) Concurrent thread roots 0.939ms
[2026-04-03T03:17:37.039+0600][78.578s][info][gc,start    ] GC(116) Concurrent weak references
[2026-04-03T03:17:37.039+0600][78.578s][info][gc,task     ] GC(116) Using 3 of 6 workers for concurrent weak references
[2026-04-03T03:17:37.040+0600][78.578s][info][gc,ref      ] GC(116) Encountered references: Soft: 3155, Weak: 6342, Final: 84, Phantom: 599
[2026-04-03T03:17:37.040+0600][78.578s][info][gc,ref      ] GC(116) Discovered  references: Soft: 0, Weak: 451, Final: 0, Phantom: 596
[2026-04-03T03:17:37.040+0600][78.578s][info][gc,ref      ] GC(116) Enqueued    references: Soft: 0, Weak: 0, Final: 0, Phantom: 0
[2026-04-03T03:17:37.040+0600][78.578s][info][gc          ] GC(116) Concurrent weak references 0.363ms
[2026-04-03T03:17:37.040+0600][78.578s][info][gc,start    ] GC(116) Concurrent weak roots
[2026-04-03T03:17:37.040+0600][78.578s][info][gc,task     ] GC(116) Using 3 of 6 workers for concurrent weak root
[2026-04-03T03:17:37.043+0600][78.581s][info][gc          ] GC(116) Concurrent weak roots 2.902ms
[2026-04-03T03:17:37.043+0600][78.581s][info][gc,start    ] GC(116) Concurrent cleanup
[2026-04-03T03:17:37.043+0600][78.581s][info][gc          ] GC(116) Concurrent cleanup 375M->369M(382M) 0.239ms
[2026-04-03T03:17:37.043+0600][78.581s][info][gc,ergo     ] GC(116) Free: 339M, Max: 256K regular, 172M humongous, Frag: 50% external, 0% internal; Reserve: 37879K, Max: 256K
[2026-04-03T03:17:37.043+0600][78.581s][info][gc,start    ] GC(116) Concurrent class unloading
[2026-04-03T03:17:37.043+0600][78.581s][info][gc,task     ] GC(116) Using 3 of 6 workers for concurrent class unloading
[2026-04-03T03:17:37.050+0600][78.588s][info][gc          ] GC(116) Concurrent class unloading 7.120ms
[2026-04-03T03:17:37.050+0600][78.588s][info][gc,start    ] GC(116) Concurrent strong roots
[2026-04-03T03:17:37.050+0600][78.589s][info][gc,task     ] GC(116) Using 3 of 6 workers for concurrent strong root
[2026-04-03T03:17:37.051+0600][78.589s][info][gc          ] GC(116) Concurrent strong roots 0.849ms
[2026-04-03T03:17:37.051+0600][78.589s][info][gc,start    ] GC(116) Concurrent evacuation
[2026-04-03T03:17:37.051+0600][78.589s][info][gc,task     ] GC(116) Using 3 of 6 workers for concurrent evacuation
[2026-04-03T03:17:37.087+0600][78.625s][info][gc          ] GC(116) Concurrent evacuation 35.584ms
[2026-04-03T03:17:37.087+0600][78.625s][info][gc,start    ] GC(116) Pause Init Update Refs
[2026-04-03T03:17:37.087+0600][78.625s][info][gc,ergo     ] GC(116) Pacer for Update Refs. Used: 417M, Free: 322M, Non-Taxable: 33031K, Alloc Tax Rate: 1.6x
[2026-04-03T03:17:37.087+0600][78.625s][info][gc          ] GC(116) Pause Init Update Refs 0.173ms
[2026-04-03T03:17:37.087+0600][78.626s][info][gc,start    ] GC(116) Concurrent update references
[2026-04-03T03:17:37.087+0600][78.626s][info][gc,task     ] GC(116) Using 3 of 6 workers for concurrent reference update
[2026-04-03T03:17:37.223+0600][78.761s][info][gc          ] GC(116) Concurrent update references 135.376ms
[2026-04-03T03:17:37.223+0600][78.761s][info][gc,start    ] GC(116) Concurrent update thread roots
[2026-04-03T03:17:37.224+0600][78.762s][info][gc          ] GC(116) Concurrent update thread roots 1.314ms
[2026-04-03T03:17:37.224+0600][78.763s][info][gc,start    ] GC(116) Pause Final Update Refs
[2026-04-03T03:17:37.224+0600][78.763s][info][gc,task     ] GC(116) Using 6 of 6 workers for final reference update
[2026-04-03T03:17:37.224+0600][78.763s][info][gc          ] GC(116) Pause Final Update Refs 0.145ms
[2026-04-03T03:17:37.224+0600][78.763s][info][gc,start    ] GC(116) Concurrent cleanup
[2026-04-03T03:17:37.225+0600][78.763s][info][gc          ] GC(116) Concurrent cleanup 464M->356M(469M) 0.568ms
[2026-04-03T03:17:37.225+0600][78.763s][info][gc,ergo     ] Free: 351M, Max: 256K regular, 168M humongous, Frag: 53% external, 0% internal; Reserve: 38400K, Max: 256K
[2026-04-03T03:17:37.225+0600][78.763s][info][gc,stats    ] 
[2026-04-03T03:17:37.225+0600][78.763s][info][gc,stats    ] All times are wall-clock times, except per-root-class counters, that are sum over
[2026-04-03T03:17:37.225+0600][78.763s][info][gc,stats    ] all workers. Dividing the <total> over the root stage time estimates parallelism.
[2026-04-03T03:17:37.225+0600][78.763s][info][gc,stats    ] 
[2026-04-03T03:17:37.225+0600][78.763s][info][gc,stats    ] Concurrent Reset                   1239 us
[2026-04-03T03:17:37.225+0600][78.763s][info][gc,stats    ] Pause Init Mark (G)                 336 us
[2026-04-03T03:17:37.225+0600][78.763s][info][gc,stats    ] Pause Init Mark (N)                 119 us
[2026-04-03T03:17:37.225+0600][78.763s][info][gc,stats    ]   Update Region States               42 us
[2026-04-03T03:17:37.225+0600][78.763s][info][gc,stats    ] Concurrent Mark Roots              1225 us, parallelism: 1.61x
[2026-04-03T03:17:37.225+0600][78.763s][info][gc,stats    ]   CMR: <total>                     1976 us
[2026-04-03T03:17:37.225+0600][78.763s][info][gc,stats    ]   CMR: Thread Roots                1715 us, workers (us): 644, 635, 436, ---, ---, ---, 
[2026-04-03T03:17:37.225+0600][78.764s][info][gc,stats    ]   CMR: VM Strong Roots               50 us, workers (us):  17,  18,  15, ---, ---, ---, 
[2026-04-03T03:17:37.225+0600][78.764s][info][gc,stats    ]   CMR: CLDG Roots                   211 us, workers (us): ---, ---, 211, ---, ---, ---, 
[2026-04-03T03:17:37.225+0600][78.764s][info][gc,stats    ] Concurrent Marking               295426 us
[2026-04-03T03:17:37.225+0600][78.764s][info][gc,stats    ] Pause Final Mark (G)               1245 us
[2026-04-03T03:17:37.225+0600][78.764s][info][gc,stats    ] Pause Final Mark (N)                890 us
[2026-04-03T03:17:37.225+0600][78.764s][info][gc,stats    ]   Finish Mark                       307 us
[2026-04-03T03:17:37.225+0600][78.764s][info][gc,stats    ]   Update Region States               47 us
[2026-04-03T03:17:37.225+0600][78.764s][info][gc,stats    ]   Choose Collection Set             361 us
[2026-04-03T03:17:37.225+0600][78.764s][info][gc,stats    ]   Rebuild Free Set                   40 us
[2026-04-03T03:17:37.225+0600][78.764s][info][gc,stats    ] Concurrent Thread Roots             991 us, parallelism: 1.90x
[2026-04-03T03:17:37.225+0600][78.764s][info][gc,stats    ]   CTR: <total>                     1886 us
[2026-04-03T03:17:37.225+0600][78.764s][info][gc,stats    ]   CTR: Thread Roots                1886 us, workers (us): 640, 627, 619, ---, ---, ---, 
[2026-04-03T03:17:37.225+0600][78.764s][info][gc,stats    ] Concurrent Weak References          376 us, parallelism: 0.45x
[2026-04-03T03:17:37.225+0600][78.764s][info][gc,stats    ]   CWRF: <total>                     169 us
[2026-04-03T03:17:37.225+0600][78.764s][info][gc,stats    ]   CWRF: Weak References             169 us, workers (us): 129,  38,   2, ---, ---, ---, 
[2026-04-03T03:17:37.225+0600][78.764s][info][gc,stats    ] Concurrent Weak Roots              2981 us
[2026-04-03T03:17:37.225+0600][78.764s][info][gc,stats    ]   Roots                            2468 us, parallelism: 2.45x
[2026-04-03T03:17:37.225+0600][78.764s][info][gc,stats    ]     CWR: <total>                   6056 us
[2026-04-03T03:17:37.225+0600][78.764s][info][gc,stats    ]     CWR: Code Cache Roots          4634 us, workers (us): 1534, 1425, 1675, ---, ---, ---, 
[2026-04-03T03:17:37.225+0600][78.764s][info][gc,stats    ]     CWR: VM Weak Roots             1356 us, workers (us): 467, 456, 433, ---, ---, ---, 
[2026-04-03T03:17:37.225+0600][78.764s][info][gc,stats    ]     CWR: CLDG Roots                  66 us, workers (us): ---,  66, ---, ---, ---, ---, 
[2026-04-03T03:17:37.225+0600][78.764s][info][gc,stats    ]   Rendezvous                        394 us
[2026-04-03T03:17:37.225+0600][78.764s][info][gc,stats    ] Concurrent Cleanup                  261 us
[2026-04-03T03:17:37.225+0600][78.764s][info][gc,stats    ] Concurrent Class Unloading         7206 us
[2026-04-03T03:17:37.225+0600][78.764s][info][gc,stats    ]   Unlink Stale                     6633 us
[2026-04-03T03:17:37.225+0600][78.764s][info][gc,stats    ]     System Dictionary               133 us
[2026-04-03T03:17:37.225+0600][78.764s][info][gc,stats    ]     Weak Class Links                  1 us
[2026-04-03T03:17:37.225+0600][78.764s][info][gc,stats    ]     Code Roots                     6495 us
[2026-04-03T03:17:37.225+0600][78.764s][info][gc,stats    ]   Rendezvous                        251 us
[2026-04-03T03:17:37.225+0600][78.764s][info][gc,stats    ]   Purge Unlinked                    202 us
[2026-04-03T03:17:37.225+0600][78.764s][info][gc,stats    ]     Code Roots                      189 us
[2026-04-03T03:17:37.225+0600][78.764s][info][gc,stats    ]     CLDG                             10 us
[2026-04-03T03:17:37.225+0600][78.764s][info][gc,stats    ]     Exception Caches                  1 us
[2026-04-03T03:17:37.225+0600][78.764s][info][gc,stats    ] Concurrent Strong Roots             912 us, parallelism: 0.56x
[2026-04-03T03:17:37.225+0600][78.764s][info][gc,stats    ]   CSR: <total>                      513 us
[2026-04-03T03:17:37.225+0600][78.764s][info][gc,stats    ]   CSR: VM Strong Roots               46 us, workers (us):  31,  15,   0, ---, ---, ---, 
[2026-04-03T03:17:37.225+0600][78.764s][info][gc,stats    ]   CSR: CLDG Roots                   467 us, workers (us): 467, ---, ---, ---, ---, ---, 
[2026-04-03T03:17:37.225+0600][78.764s][info][gc,stats    ] Concurrent Evacuation             35655 us
[2026-04-03T03:17:37.225+0600][78.764s][info][gc,stats    ] Pause Init Update Refs (G)          453 us
[2026-04-03T03:17:37.225+0600][78.764s][info][gc,stats    ] Pause Init Update Refs (N)          191 us
[2026-04-03T03:17:37.225+0600][78.764s][info][gc,stats    ]   Manage GCLABs                      32 us
[2026-04-03T03:17:37.225+0600][78.764s][info][gc,stats    ] Concurrent Update Refs           135467 us
[2026-04-03T03:17:37.225+0600][78.764s][info][gc,stats    ] Concurrent Update Thread Roots     1372 us
[2026-04-03T03:17:37.225+0600][78.764s][info][gc,stats    ] Pause Final Update Refs (G)         360 us
[2026-04-03T03:17:37.225+0600][78.764s][info][gc,stats    ] Pause Final Update Refs (N)         163 us
[2026-04-03T03:17:37.225+0600][78.764s][info][gc,stats    ]   Update Region States               49 us
[2026-04-03T03:17:37.225+0600][78.764s][info][gc,stats    ]   Trash Collection Set               14 us
[2026-04-03T03:17:37.225+0600][78.764s][info][gc,stats    ]   Rebuild Free Set                   38 us
[2026-04-03T03:17:37.225+0600][78.764s][info][gc,stats    ] Concurrent Cleanup                  583 us
[2026-04-03T03:17:37.225+0600][78.764s][info][gc,stats    ] Pacing                           148147 us
[2026-04-03T03:17:37.225+0600][78.764s][info][gc,stats    ] 
[2026-04-03T03:17:37.225+0600][78.764s][info][gc,stats    ] Allocation pacing accrued:
[2026-04-03T03:17:37.225+0600][78.764s][info][gc,stats    ]      66 of   488 ms ( 13.6%): Executor task launch worker for task 2.0 in stage 27.0 (TID 41)
[2026-04-03T03:17:37.225+0600][78.764s][info][gc,stats    ]      71 of   488 ms ( 14.5%): Executor task launch worker for task 1.0 in stage 27.0 (TID 40)
[2026-04-03T03:17:37.226+0600][78.764s][info][gc,stats    ]      11 of   488 ms (  2.3%): Executor task launch worker for task 0.0 in stage 27.0 (TID 39)
[2026-04-03T03:17:37.226+0600][78.764s][info][gc,stats    ]     148 of   488 ms ( 30.3%): <total>
[2026-04-03T03:17:37.226+0600][78.764s][info][gc,stats    ]       1 of   488 ms (  0.2%): <average total>
[2026-04-03T03:17:37.226+0600][78.764s][info][gc,stats    ]      49 of   488 ms ( 10.1%): <average non-zero>
[2026-04-03T03:17:37.226+0600][78.764s][info][gc,stats    ] 
[2026-04-03T03:17:37.226+0600][78.764s][info][gc,metaspace] Metaspace: 73325K(74304K)->73351K(74304K) NonClass: 64031K(64576K)->64052K(64576K) Class: 9294K(9728K)->9298K(9728K)
[2026-04-03T03:17:37.226+0600][78.764s][info][gc,ergo     ] Pacer for Idle. Initial: 15360K, Alloc Tax Rate: 1.0x
[2026-04-03T03:17:37.227+0600][78.765s][info][gc          ] Trigger: Learning 4 of 5. Free (350M) is below initial threshold (525M)
[2026-04-03T03:17:37.227+0600][78.765s][info][gc,ergo     ] Free: 350M, Max: 256K regular, 168M humongous, Frag: 53% external, 0% internal; Reserve: 38400K, Max: 256K
[2026-04-03T03:17:37.227+0600][78.765s][info][gc,start    ] GC(117) Concurrent reset
[2026-04-03T03:17:37.227+0600][78.765s][info][gc,task     ] GC(117) Using 3 of 6 workers for concurrent reset
[2026-04-03T03:17:37.227+0600][78.765s][info][gc,ergo     ] GC(117) Pacer for Reset. Non-Taxable: 750M
[2026-04-03T03:17:37.228+0600][78.767s][info][gc          ] GC(117) Concurrent reset 1.512ms
[2026-04-03T03:17:37.228+0600][78.767s][info][gc,start    ] GC(117) Pause Init Mark (unload classes)
[2026-04-03T03:17:37.228+0600][78.767s][info][gc,task     ] GC(117) Using 6 of 6 workers for init marking
[2026-04-03T03:17:37.229+0600][78.767s][info][gc,ergo     ] GC(117) Pacer for Mark. Expected Live: 189M, Free: 349M, Non-Taxable: 35770K, Alloc Tax Rate: 0.7x
[2026-04-03T03:17:37.229+0600][78.767s][info][gc          ] GC(117) Pause Init Mark (unload classes) 0.086ms
[2026-04-03T03:17:37.229+0600][78.767s][info][gc,start    ] GC(117) Concurrent marking roots
[2026-04-03T03:17:37.229+0600][78.767s][info][gc,task     ] GC(117) Using 3 of 6 workers for concurrent marking roots
[2026-04-03T03:17:37.229+0600][78.768s][info][gc          ] GC(117) Concurrent marking roots 0.886ms
[2026-04-03T03:17:37.230+0600][78.768s][info][gc,start    ] GC(117) Concurrent marking (unload classes)
[2026-04-03T03:17:37.230+0600][78.768s][info][gc,task     ] GC(117) Using 3 of 6 workers for concurrent marking
[2026-04-03T03:17:37.521+0600][79.060s][info][gc          ] GC(117) Concurrent marking (unload classes) 291.757ms
[2026-04-03T03:17:37.522+0600][79.060s][info][gc,start    ] GC(117) Pause Final Mark (unload classes)
[2026-04-03T03:17:37.522+0600][79.060s][info][gc,task     ] GC(117) Using 6 of 6 workers for final marking
[2026-04-03T03:17:37.522+0600][79.060s][info][gc,ergo     ] GC(117) Adaptive CSet Selection. Target Free: 106M, Actual Free: 332M, Max CSet: 32000K, Min Garbage: 0B
[2026-04-03T03:17:37.522+0600][79.061s][info][gc,ergo     ] GC(117) Collectable Garbage: 115M (91%), Immediate: 10834K (8%), CSet: 105M (83%)
[2026-04-03T03:17:37.522+0600][79.061s][info][gc,ergo     ] GC(117) Pacer for Evacuation. Used CSet: 136M, Free: 297M, Non-Taxable: 30471K, Alloc Tax Rate: 1.1x
[2026-04-03T03:17:37.522+0600][79.061s][info][gc          ] GC(117) Pause Final Mark (unload classes) 0.806ms
[2026-04-03T03:17:37.522+0600][79.061s][info][gc,start    ] GC(117) Concurrent thread roots
[2026-04-03T03:17:37.522+0600][79.061s][info][gc,task     ] GC(117) Using 3 of 6 workers for Concurrent thread roots
[2026-04-03T03:17:37.523+0600][79.062s][info][gc          ] GC(117) Concurrent thread roots 0.791ms
[2026-04-03T03:17:37.523+0600][79.062s][info][gc,start    ] GC(117) Concurrent weak references
[2026-04-03T03:17:37.523+0600][79.062s][info][gc,task     ] GC(117) Using 3 of 6 workers for concurrent weak references
[2026-04-03T03:17:37.524+0600][79.062s][info][gc,ref      ] GC(117) Encountered references: Soft: 3173, Weak: 6368, Final: 84, Phantom: 601
[2026-04-03T03:17:37.524+0600][79.062s][info][gc,ref      ] GC(117) Discovered  references: Soft: 0, Weak: 3154, Final: 52, Phantom: 281
[2026-04-03T03:17:37.524+0600][79.062s][info][gc,ref      ] GC(117) Enqueued    references: Soft: 0, Weak: 4, Final: 0, Phantom: 0
[2026-04-03T03:17:37.524+0600][79.062s][info][gc          ] GC(117) Concurrent weak references 0.826ms
[2026-04-03T03:17:37.524+0600][79.062s][info][gc,start    ] GC(117) Concurrent weak roots
[2026-04-03T03:17:37.524+0600][79.062s][info][gc,task     ] GC(117) Using 3 of 6 workers for concurrent weak root
[2026-04-03T03:17:37.527+0600][79.065s][info][gc          ] GC(117) Concurrent weak roots 2.452ms
[2026-04-03T03:17:37.527+0600][79.065s][info][gc,start    ] GC(117) Concurrent cleanup
[2026-04-03T03:17:37.527+0600][79.065s][info][gc          ] GC(117) Concurrent cleanup 423M->412M(469M) 0.483ms
[2026-04-03T03:17:37.527+0600][79.065s][info][gc,ergo     ] GC(117) Free: 296M, Max: 256K regular, 168M humongous, Frag: 44% external, 0% internal; Reserve: 38233K, Max: 256K
[2026-04-03T03:17:37.527+0600][79.065s][info][gc,start    ] GC(117) Concurrent class unloading
[2026-04-03T03:17:37.527+0600][79.065s][info][gc,task     ] GC(117) Using 3 of 6 workers for concurrent class unloading
[2026-04-03T03:17:37.534+0600][79.072s][info][gc          ] GC(117) Concurrent class unloading 6.434ms
[2026-04-03T03:17:37.534+0600][79.072s][info][gc,start    ] GC(117) Concurrent strong roots
[2026-04-03T03:17:37.534+0600][79.072s][info][gc,task     ] GC(117) Using 3 of 6 workers for concurrent strong root
[2026-04-03T03:17:37.534+0600][79.073s][info][gc          ] GC(117) Concurrent strong roots 0.772ms
[2026-04-03T03:17:37.534+0600][79.073s][info][gc,start    ] GC(117) Concurrent evacuation
[2026-04-03T03:17:37.534+0600][79.073s][info][gc,task     ] GC(117) Using 3 of 6 workers for concurrent evacuation
[2026-04-03T03:17:37.572+0600][79.111s][info][gc          ] GC(117) Concurrent evacuation 37.681ms
[2026-04-03T03:17:37.572+0600][79.111s][info][gc,start    ] GC(117) Pause Init Update Refs
[2026-04-03T03:17:37.573+0600][79.111s][info][gc,ergo     ] GC(117) Pacer for Update Refs. Used: 449M, Free: 291M, Non-Taxable: 29831K, Alloc Tax Rate: 1.9x
[2026-04-03T03:17:37.573+0600][79.111s][info][gc          ] GC(117) Pause Init Update Refs 0.131ms
[2026-04-03T03:17:37.573+0600][79.111s][info][gc,start    ] GC(117) Concurrent update references
[2026-04-03T03:17:37.573+0600][79.111s][info][gc,task     ] GC(117) Using 3 of 6 workers for concurrent reference update
[2026-04-03T03:17:37.706+0600][79.245s][info][gc          ] GC(117) Concurrent update references 133.629ms
[2026-04-03T03:17:37.706+0600][79.245s][info][gc,start    ] GC(117) Concurrent update thread roots
[2026-04-03T03:17:37.708+0600][79.246s][info][gc          ] GC(117) Concurrent update thread roots 1.294ms
[2026-04-03T03:17:37.708+0600][79.246s][info][gc,start    ] GC(117) Pause Final Update Refs
[2026-04-03T03:17:37.708+0600][79.246s][info][gc,task     ] GC(117) Using 6 of 6 workers for final reference update
[2026-04-03T03:17:37.708+0600][79.246s][info][gc          ] GC(117) Pause Final Update Refs 0.164ms
[2026-04-03T03:17:37.708+0600][79.247s][info][gc,start    ] GC(117) Concurrent cleanup
[2026-04-03T03:17:37.709+0600][79.247s][info][gc          ] GC(117) Concurrent cleanup 466M->330M(500M) 0.619ms
[2026-04-03T03:17:37.709+0600][79.247s][info][gc,ergo     ] Free: 378M, Max: 256K regular, 172M humongous, Frag: 55% external, 0% internal; Reserve: 38400K, Max: 256K
[2026-04-03T03:17:37.709+0600][79.247s][info][gc,stats    ] 
[2026-04-03T03:17:37.709+0600][79.247s][info][gc,stats    ] All times are wall-clock times, except per-root-class counters, that are sum over
[2026-04-03T03:17:37.709+0600][79.247s][info][gc,stats    ] all workers. Dividing the <total> over the root stage time estimates parallelism.
[2026-04-03T03:17:37.709+0600][79.247s][info][gc,stats    ] 
[2026-04-03T03:17:37.709+0600][79.247s][info][gc,stats    ] Concurrent Reset                   1541 us
[2026-04-03T03:17:37.709+0600][79.247s][info][gc,stats    ] Pause Init Mark (G)                 257 us
[2026-04-03T03:17:37.709+0600][79.247s][info][gc,stats    ] Pause Init Mark (N)                  94 us
[2026-04-03T03:17:37.709+0600][79.247s][info][gc,stats    ]   Update Region States               27 us
[2026-04-03T03:17:37.709+0600][79.247s][info][gc,stats    ] Concurrent Mark Roots               940 us, parallelism: 1.90x
[2026-04-03T03:17:37.709+0600][79.247s][info][gc,stats    ]   CMR: <total>                     1781 us
[2026-04-03T03:17:37.709+0600][79.247s][info][gc,stats    ]   CMR: Thread Roots                1535 us, workers (us): 582, 380, 572, ---, ---, ---, 
[2026-04-03T03:17:37.709+0600][79.247s][info][gc,stats    ]   CMR: VM Strong Roots               42 us, workers (us):  20,  21,   1, ---, ---, ---, 
[2026-04-03T03:17:37.709+0600][79.247s][info][gc,stats    ]   CMR: CLDG Roots                   204 us, workers (us): ---, 204, ---, ---, ---, ---, 
[2026-04-03T03:17:37.709+0600][79.247s][info][gc,stats    ] Concurrent Marking               291830 us
[2026-04-03T03:17:37.709+0600][79.247s][info][gc,stats    ] Pause Final Mark (G)                966 us
[2026-04-03T03:17:37.709+0600][79.247s][info][gc,stats    ] Pause Final Mark (N)                817 us
[2026-04-03T03:17:37.709+0600][79.247s][info][gc,stats    ]   Finish Mark                       329 us
[2026-04-03T03:17:37.709+0600][79.247s][info][gc,stats    ]   Update Region States               42 us
[2026-04-03T03:17:37.709+0600][79.247s][info][gc,stats    ]   Choose Collection Set             324 us
[2026-04-03T03:17:37.709+0600][79.247s][info][gc,stats    ]   Rebuild Free Set                   36 us
[2026-04-03T03:17:37.709+0600][79.247s][info][gc,stats    ] Concurrent Thread Roots             844 us, parallelism: 2.02x
[2026-04-03T03:17:37.709+0600][79.247s][info][gc,stats    ]   CTR: <total>                     1706 us
[2026-04-03T03:17:37.709+0600][79.248s][info][gc,stats    ]   CTR: Thread Roots                1706 us, workers (us): 614, 565, 528, ---, ---, ---, 
[2026-04-03T03:17:37.709+0600][79.248s][info][gc,stats    ] Concurrent Weak References          838 us, parallelism: 0.83x
[2026-04-03T03:17:37.709+0600][79.248s][info][gc,stats    ]   CWRF: <total>                     696 us
[2026-04-03T03:17:37.709+0600][79.248s][info][gc,stats    ]   CWRF: Weak References             696 us, workers (us):  34, 606,  56, ---, ---, ---, 
[2026-04-03T03:17:37.709+0600][79.248s][info][gc,stats    ] Concurrent Weak Roots              2506 us
[2026-04-03T03:17:37.709+0600][79.248s][info][gc,stats    ]   Roots                            2247 us, parallelism: 2.49x
[2026-04-03T03:17:37.709+0600][79.248s][info][gc,stats    ]     CWR: <total>                   5592 us
[2026-04-03T03:17:37.709+0600][79.248s][info][gc,stats    ]     CWR: Code Cache Roots          4022 us, workers (us): 1265, 1427, 1330, ---, ---, ---, 
[2026-04-03T03:17:37.709+0600][79.248s][info][gc,stats    ]     CWR: VM Weak Roots             1502 us, workers (us): 517, 499, 485, ---, ---, ---, 
[2026-04-03T03:17:37.709+0600][79.248s][info][gc,stats    ]     CWR: CLDG Roots                  68 us, workers (us):  68, ---, ---, ---, ---, ---, 
[2026-04-03T03:17:37.709+0600][79.248s][info][gc,stats    ]   Rendezvous                        182 us
[2026-04-03T03:17:37.709+0600][79.248s][info][gc,stats    ] Concurrent Cleanup                  500 us
[2026-04-03T03:17:37.709+0600][79.248s][info][gc,stats    ] Concurrent Class Unloading         6508 us
[2026-04-03T03:17:37.709+0600][79.248s][info][gc,stats    ]   Unlink Stale                     6056 us
[2026-04-03T03:17:37.709+0600][79.248s][info][gc,stats    ]     System Dictionary                88 us
[2026-04-03T03:17:37.709+0600][79.248s][info][gc,stats    ]     Weak Class Links                  0 us
[2026-04-03T03:17:37.709+0600][79.248s][info][gc,stats    ]     Code Roots                     5965 us
[2026-04-03T03:17:37.709+0600][79.248s][info][gc,stats    ]   Rendezvous                        222 us
[2026-04-03T03:17:37.709+0600][79.248s][info][gc,stats    ]   Purge Unlinked                    134 us
[2026-04-03T03:17:37.709+0600][79.248s][info][gc,stats    ]     Code Roots                      125 us
[2026-04-03T03:17:37.709+0600][79.248s][info][gc,stats    ]     CLDG                              9 us
[2026-04-03T03:17:37.709+0600][79.248s][info][gc,stats    ]     Exception Caches                  0 us
[2026-04-03T03:17:37.709+0600][79.248s][info][gc,stats    ] Concurrent Strong Roots             827 us, parallelism: 0.51x
[2026-04-03T03:17:37.709+0600][79.248s][info][gc,stats    ]   CSR: <total>                      424 us
[2026-04-03T03:17:37.709+0600][79.248s][info][gc,stats    ]   CSR: VM Strong Roots               42 us, workers (us):  30,  12,   1, ---, ---, ---, 
[2026-04-03T03:17:37.709+0600][79.248s][info][gc,stats    ]   CSR: CLDG Roots                   382 us, workers (us): 382, ---, ---, ---, ---, ---, 
[2026-04-03T03:17:37.709+0600][79.248s][info][gc,stats    ] Concurrent Evacuation             37766 us
[2026-04-03T03:17:37.709+0600][79.248s][info][gc,stats    ] Pause Init Update Refs (G)          431 us
[2026-04-03T03:17:37.709+0600][79.248s][info][gc,stats    ] Pause Init Update Refs (N)          144 us
[2026-04-03T03:17:37.709+0600][79.248s][info][gc,stats    ]   Manage GCLABs                      35 us
[2026-04-03T03:17:37.709+0600][79.248s][info][gc,stats    ] Concurrent Update Refs           133703 us
[2026-04-03T03:17:37.709+0600][79.248s][info][gc,stats    ] Concurrent Update Thread Roots     1388 us
[2026-04-03T03:17:37.709+0600][79.248s][info][gc,stats    ] Pause Final Update Refs (G)         520 us
[2026-04-03T03:17:37.709+0600][79.248s][info][gc,stats    ] Pause Final Update Refs (N)         185 us
[2026-04-03T03:17:37.709+0600][79.248s][info][gc,stats    ]   Update Region States               46 us
[2026-04-03T03:17:37.709+0600][79.248s][info][gc,stats    ]   Trash Collection Set               14 us
[2026-04-03T03:17:37.709+0600][79.248s][info][gc,stats    ]   Rebuild Free Set                   35 us
[2026-04-03T03:17:37.709+0600][79.248s][info][gc,stats    ] Concurrent Cleanup                  636 us
[2026-04-03T03:17:37.709+0600][79.248s][info][gc,stats    ] Pacing                            57173 us
[2026-04-03T03:17:37.709+0600][79.248s][info][gc,stats    ] 
[2026-04-03T03:17:37.709+0600][79.248s][info][gc,stats    ] Allocation pacing accrued:
[2026-04-03T03:17:37.709+0600][79.248s][info][gc,stats    ]      17 of   484 ms (  3.5%): Executor task launch worker for task 2.0 in stage 27.0 (TID 41)
[2026-04-03T03:17:37.709+0600][79.248s][info][gc,stats    ]      21 of   484 ms (  4.4%): Executor task launch worker for task 1.0 in stage 27.0 (TID 40)
[2026-04-03T03:17:37.709+0600][79.248s][info][gc,stats    ]      19 of   484 ms (  4.0%): Executor task launch worker for task 0.0 in stage 27.0 (TID 39)
[2026-04-03T03:17:37.709+0600][79.248s][info][gc,stats    ]      57 of   484 ms ( 11.8%): <total>
[2026-04-03T03:17:37.709+0600][79.248s][info][gc,stats    ]       0 of   484 ms (  0.1%): <average total>
[2026-04-03T03:17:37.709+0600][79.248s][info][gc,stats    ]      19 of   484 ms (  3.9%): <average non-zero>
[2026-04-03T03:17:37.709+0600][79.248s][info][gc,stats    ] 
[2026-04-03T03:17:37.709+0600][79.248s][info][gc,metaspace] Metaspace: 73351K(74304K)->73356K(74304K) NonClass: 64052K(64576K)->64058K(64576K) Class: 9298K(9728K)->9298K(9728K)
[2026-04-03T03:17:37.709+0600][79.248s][info][gc,ergo     ] Pacer for Idle. Initial: 15360K, Alloc Tax Rate: 1.0x
[2026-04-03T03:17:37.711+0600][79.249s][info][gc          ] Trigger: Learning 5 of 5. Free (378M) is below initial threshold (525M)
[2026-04-03T03:17:37.711+0600][79.249s][info][gc,ergo     ] Free: 378M, Max: 256K regular, 172M humongous, Frag: 55% external, 0% internal; Reserve: 38400K, Max: 256K
[2026-04-03T03:17:37.711+0600][79.249s][info][gc,start    ] GC(118) Concurrent reset
[2026-04-03T03:17:37.711+0600][79.249s][info][gc,task     ] GC(118) Using 3 of 6 workers for concurrent reset
[2026-04-03T03:17:37.711+0600][79.249s][info][gc,ergo     ] GC(118) Pacer for Reset. Non-Taxable: 750M
[2026-04-03T03:17:37.712+0600][79.251s][info][gc          ] GC(118) Concurrent reset 1.525ms
[2026-04-03T03:17:37.712+0600][79.251s][info][gc,start    ] GC(118) Pause Init Mark (unload classes)
[2026-04-03T03:17:37.712+0600][79.251s][info][gc,task     ] GC(118) Using 6 of 6 workers for init marking
[2026-04-03T03:17:37.712+0600][79.251s][info][gc,ergo     ] GC(118) Pacer for Mark. Expected Live: 194M, Free: 378M, Non-Taxable: 38714K, Alloc Tax Rate: 0.6x
[2026-04-03T03:17:37.712+0600][79.251s][info][gc          ] GC(118) Pause Init Mark (unload classes) 0.105ms
[2026-04-03T03:17:37.713+0600][79.251s][info][gc,start    ] GC(118) Concurrent marking roots
[2026-04-03T03:17:37.713+0600][79.251s][info][gc,task     ] GC(118) Using 3 of 6 workers for concurrent marking roots
[2026-04-03T03:17:37.714+0600][79.252s][info][gc          ] GC(118) Concurrent marking roots 0.929ms
[2026-04-03T03:17:37.714+0600][79.252s][info][gc,start    ] GC(118) Concurrent marking (unload classes)
[2026-04-03T03:17:37.714+0600][79.252s][info][gc,task     ] GC(118) Using 3 of 6 workers for concurrent marking
[2026-04-03T03:17:38.013+0600][79.551s][info][gc          ] GC(118) Concurrent marking (unload classes) 299.142ms
[2026-04-03T03:17:38.013+0600][79.551s][info][gc,start    ] GC(118) Pause Final Mark (unload classes)
[2026-04-03T03:17:38.013+0600][79.551s][info][gc,task     ] GC(118) Using 6 of 6 workers for final marking
[2026-04-03T03:17:38.014+0600][79.552s][info][gc,ergo     ] GC(118) Adaptive CSet Selection. Target Free: 106M, Actual Free: 421M, Max CSet: 32000K, Min Garbage: 0B
[2026-04-03T03:17:38.014+0600][79.552s][info][gc,ergo     ] GC(118) Collectable Garbage: 92873K (94%), Immediate: 52736K (53%), CSet: 40137K (40%)
[2026-04-03T03:17:38.014+0600][79.552s][info][gc,ergo     ] GC(118) Pacer for Evacuation. Used CSet: 55040K, Free: 385M, Non-Taxable: 39431K, Alloc Tax Rate: 1.1x
[2026-04-03T03:17:38.014+0600][79.552s][info][gc          ] GC(118) Pause Final Mark (unload classes) 0.977ms
[2026-04-03T03:17:38.014+0600][79.552s][info][gc,start    ] GC(118) Concurrent thread roots
[2026-04-03T03:17:38.014+0600][79.553s][info][gc,task     ] GC(118) Using 3 of 6 workers for Concurrent thread roots
[2026-04-03T03:17:38.015+0600][79.553s][info][gc          ] GC(118) Concurrent thread roots 0.934ms
[2026-04-03T03:17:38.015+0600][79.553s][info][gc,start    ] GC(118) Concurrent weak references
[2026-04-03T03:17:38.015+0600][79.553s][info][gc,task     ] GC(118) Using 3 of 6 workers for concurrent weak references
[2026-04-03T03:17:38.015+0600][79.554s][info][gc,ref      ] GC(118) Encountered references: Soft: 3173, Weak: 6364, Final: 84, Phantom: 602
[2026-04-03T03:17:38.015+0600][79.554s][info][gc,ref      ] GC(118) Discovered  references: Soft: 0, Weak: 856, Final: 2, Phantom: 599
[2026-04-03T03:17:38.015+0600][79.554s][info][gc,ref      ] GC(118) Enqueued    references: Soft: 0, Weak: 0, Final: 0, Phantom: 0
[2026-04-03T03:17:38.015+0600][79.554s][info][gc          ] GC(118) Concurrent weak references 0.413ms
[2026-04-03T03:17:38.016+0600][79.554s][info][gc,start    ] GC(118) Concurrent weak roots
[2026-04-03T03:17:38.016+0600][79.554s][info][gc,task     ] GC(118) Using 3 of 6 workers for concurrent weak root
[2026-04-03T03:17:38.019+0600][79.557s][info][gc          ] GC(118) Concurrent weak roots 3.028ms
[2026-04-03T03:17:38.019+0600][79.557s][info][gc,start    ] GC(118) Concurrent cleanup
[2026-04-03T03:17:38.019+0600][79.557s][info][gc          ] GC(118) Concurrent cleanup 377M->325M(500M) 0.229ms
[2026-04-03T03:17:38.019+0600][79.557s][info][gc,ergo     ] GC(118) Free: 384M, Max: 256K regular, 172M humongous, Frag: 56% external, 0% internal; Reserve: 38031K, Max: 256K
[2026-04-03T03:17:38.019+0600][79.557s][info][gc,start    ] GC(118) Concurrent class unloading
[2026-04-03T03:17:38.019+0600][79.557s][info][gc,task     ] GC(118) Using 3 of 6 workers for concurrent class unloading
[2026-04-03T03:17:38.026+0600][79.565s][info][gc          ] GC(118) Concurrent class unloading 7.216ms
[2026-04-03T03:17:38.026+0600][79.565s][info][gc,start    ] GC(118) Concurrent strong roots
[2026-04-03T03:17:38.026+0600][79.565s][info][gc,task     ] GC(118) Using 3 of 6 workers for concurrent strong root
[2026-04-03T03:17:38.027+0600][79.565s][info][gc          ] GC(118) Concurrent strong roots 0.815ms
[2026-04-03T03:17:38.027+0600][79.565s][info][gc,start    ] GC(118) Concurrent evacuation
[2026-04-03T03:17:38.027+0600][79.566s][info][gc,task     ] GC(118) Using 3 of 6 workers for concurrent evacuation
[2026-04-03T03:17:38.043+0600][79.581s][info][gc          ] GC(118) Concurrent evacuation 15.735ms
[2026-04-03T03:17:38.043+0600][79.581s][info][gc,start    ] GC(118) Pause Init Update Refs
[2026-04-03T03:17:38.043+0600][79.582s][info][gc,ergo     ] GC(118) Pacer for Update Refs. Used: 343M, Free: 381M, Non-Taxable: 39021K, Alloc Tax Rate: 1.1x
[2026-04-03T03:17:38.043+0600][79.582s][info][gc          ] GC(118) Pause Init Update Refs 0.085ms
[2026-04-03T03:17:38.043+0600][79.582s][info][gc,start    ] GC(118) Concurrent update references
[2026-04-03T03:17:38.043+0600][79.582s][info][gc,task     ] GC(118) Using 3 of 6 workers for concurrent reference update
[2026-04-03T03:17:38.162+0600][79.700s][info][gc          ] GC(118) Concurrent update references 118.700ms
[2026-04-03T03:17:38.162+0600][79.700s][info][gc,start    ] GC(118) Concurrent update thread roots
[2026-04-03T03:17:38.163+0600][79.701s][info][gc          ] GC(118) Concurrent update thread roots 1.071ms
[2026-04-03T03:17:38.163+0600][79.702s][info][gc,start    ] GC(118) Pause Final Update Refs
[2026-04-03T03:17:38.163+0600][79.702s][info][gc,task     ] GC(118) Using 6 of 6 workers for final reference update
[2026-04-03T03:17:38.164+0600][79.702s][info][gc          ] GC(118) Pause Final Update Refs 0.163ms
[2026-04-03T03:17:38.164+0600][79.702s][info][gc,start    ] GC(118) Concurrent cleanup
[2026-04-03T03:17:38.164+0600][79.702s][info][gc          ] GC(118) Concurrent cleanup 360M->306M(514M) 0.222ms
[2026-04-03T03:17:38.164+0600][79.702s][info][gc,ergo     ] Free: 402M, Max: 256K regular, 172M humongous, Frag: 58% external, 0% internal; Reserve: 38400K, Max: 256K
[2026-04-03T03:17:38.164+0600][79.702s][info][gc,stats    ] 
[2026-04-03T03:17:38.164+0600][79.702s][info][gc,stats    ] All times are wall-clock times, except per-root-class counters, that are sum over
[2026-04-03T03:17:38.164+0600][79.702s][info][gc,stats    ] all workers. Dividing the <total> over the root stage time estimates parallelism.
[2026-04-03T03:17:38.164+0600][79.702s][info][gc,stats    ] 
[2026-04-03T03:17:38.164+0600][79.702s][info][gc,stats    ] Concurrent Reset                   1586 us
[2026-04-03T03:17:38.164+0600][79.702s][info][gc,stats    ] Pause Init Mark (G)                 367 us
[2026-04-03T03:17:38.164+0600][79.702s][info][gc,stats    ] Pause Init Mark (N)                 114 us
[2026-04-03T03:17:38.164+0600][79.702s][info][gc,stats    ]   Update Region States               35 us
[2026-04-03T03:17:38.164+0600][79.702s][info][gc,stats    ] Concurrent Mark Roots               967 us, parallelism: 1.68x
[2026-04-03T03:17:38.164+0600][79.702s][info][gc,stats    ]   CMR: <total>                     1626 us
[2026-04-03T03:17:38.164+0600][79.702s][info][gc,stats    ]   CMR: Thread Roots                1343 us, workers (us): 533, 282, 527, ---, ---, ---, 
[2026-04-03T03:17:38.164+0600][79.702s][info][gc,stats    ]   CMR: VM Strong Roots               39 us, workers (us):  24,  15,   0, ---, ---, ---, 
[2026-04-03T03:17:38.164+0600][79.702s][info][gc,stats    ]   CMR: CLDG Roots                   244 us, workers (us): ---, 244, ---, ---, ---, ---, 
[2026-04-03T03:17:38.164+0600][79.702s][info][gc,stats    ] Concurrent Marking               299388 us
[2026-04-03T03:17:38.164+0600][79.702s][info][gc,stats    ] Pause Final Mark (G)               1174 us
[2026-04-03T03:17:38.164+0600][79.702s][info][gc,stats    ] Pause Final Mark (N)                991 us
[2026-04-03T03:17:38.164+0600][79.702s][info][gc,stats    ]   Finish Mark                       362 us
[2026-04-03T03:17:38.164+0600][79.702s][info][gc,stats    ]   Update Region States               59 us
[2026-04-03T03:17:38.164+0600][79.702s][info][gc,stats    ]   Choose Collection Set             390 us
[2026-04-03T03:17:38.164+0600][79.703s][info][gc,stats    ]   Rebuild Free Set                   43 us
[2026-04-03T03:17:38.164+0600][79.703s][info][gc,stats    ] Concurrent Thread Roots             978 us, parallelism: 2.18x
[2026-04-03T03:17:38.164+0600][79.703s][info][gc,stats    ]   CTR: <total>                     2136 us
[2026-04-03T03:17:38.164+0600][79.703s][info][gc,stats    ]   CTR: Thread Roots                2136 us, workers (us): 725, 706, 704, ---, ---, ---, 
[2026-04-03T03:17:38.164+0600][79.703s][info][gc,stats    ] Concurrent Weak References          426 us, parallelism: 0.63x
[2026-04-03T03:17:38.164+0600][79.703s][info][gc,stats    ]   CWRF: <total>                     269 us
[2026-04-03T03:17:38.164+0600][79.703s][info][gc,stats    ]   CWRF: Weak References             269 us, workers (us): 186,  82,   1, ---, ---, ---, 
[2026-04-03T03:17:38.164+0600][79.703s][info][gc,stats    ] Concurrent Weak Roots              3091 us
[2026-04-03T03:17:38.164+0600][79.703s][info][gc,stats    ]   Roots                            2749 us, parallelism: 2.65x
[2026-04-03T03:17:38.164+0600][79.703s][info][gc,stats    ]     CWR: <total>                   7290 us
[2026-04-03T03:17:38.164+0600][79.703s][info][gc,stats    ]     CWR: Code Cache Roots          5206 us, workers (us): 1726, 1752, 1728, ---, ---, ---, 
[2026-04-03T03:17:38.164+0600][79.703s][info][gc,stats    ]     CWR: VM Weak Roots             2037 us, workers (us): 714, 663, 660, ---, ---, ---, 
[2026-04-03T03:17:38.164+0600][79.703s][info][gc,stats    ]     CWR: CLDG Roots                  47 us, workers (us): ---, ---,  47, ---, ---, ---, 
[2026-04-03T03:17:38.164+0600][79.703s][info][gc,stats    ]   Rendezvous                        247 us
[2026-04-03T03:17:38.164+0600][79.703s][info][gc,stats    ] Concurrent Cleanup                  247 us
[2026-04-03T03:17:38.164+0600][79.703s][info][gc,stats    ] Concurrent Class Unloading         7295 us
[2026-04-03T03:17:38.164+0600][79.703s][info][gc,stats    ]   Unlink Stale                     6738 us
[2026-04-03T03:17:38.164+0600][79.703s][info][gc,stats    ]     System Dictionary               105 us
[2026-04-03T03:17:38.164+0600][79.703s][info][gc,stats    ]     Weak Class Links                  0 us
[2026-04-03T03:17:38.164+0600][79.703s][info][gc,stats    ]     Code Roots                     6628 us
[2026-04-03T03:17:38.164+0600][79.703s][info][gc,stats    ]   Rendezvous                        432 us
[2026-04-03T03:17:38.164+0600][79.703s][info][gc,stats    ]   Purge Unlinked                     14 us
[2026-04-03T03:17:38.164+0600][79.703s][info][gc,stats    ]     Code Roots                        4 us
[2026-04-03T03:17:38.164+0600][79.703s][info][gc,stats    ]     CLDG                              9 us
[2026-04-03T03:17:38.164+0600][79.703s][info][gc,stats    ]     Exception Caches                  1 us
[2026-04-03T03:17:38.164+0600][79.703s][info][gc,stats    ] Concurrent Strong Roots             917 us, parallelism: 0.57x
[2026-04-03T03:17:38.164+0600][79.703s][info][gc,stats    ]   CSR: <total>                      519 us
[2026-04-03T03:17:38.164+0600][79.703s][info][gc,stats    ]   CSR: VM Strong Roots               60 us, workers (us):  51,   5,   4, ---, ---, ---, 
[2026-04-03T03:17:38.164+0600][79.703s][info][gc,stats    ]   CSR: CLDG Roots                   459 us, workers (us): 459, ---, ---, ---, ---, ---, 
[2026-04-03T03:17:38.164+0600][79.703s][info][gc,stats    ] Concurrent Evacuation             15812 us
[2026-04-03T03:17:38.164+0600][79.703s][info][gc,stats    ] Pause Init Update Refs (G)          315 us
[2026-04-03T03:17:38.164+0600][79.703s][info][gc,stats    ] Pause Init Update Refs (N)           98 us
[2026-04-03T03:17:38.164+0600][79.703s][info][gc,stats    ]   Manage GCLABs                      27 us
[2026-04-03T03:17:38.164+0600][79.703s][info][gc,stats    ] Concurrent Update Refs           118768 us
[2026-04-03T03:17:38.164+0600][79.703s][info][gc,stats    ] Concurrent Update Thread Roots     1111 us
[2026-04-03T03:17:38.164+0600][79.703s][info][gc,stats    ] Pause Final Update Refs (G)         492 us
[2026-04-03T03:17:38.164+0600][79.703s][info][gc,stats    ] Pause Final Update Refs (N)         179 us
[2026-04-03T03:17:38.164+0600][79.703s][info][gc,stats    ]   Update Region States               50 us
[2026-04-03T03:17:38.164+0600][79.703s][info][gc,stats    ]   Trash Collection Set               12 us
[2026-04-03T03:17:38.164+0600][79.703s][info][gc,stats    ]   Rebuild Free Set                   32 us
[2026-04-03T03:17:38.164+0600][79.703s][info][gc,stats    ] Concurrent Cleanup                  240 us
[2026-04-03T03:17:38.164+0600][79.703s][info][gc,stats    ] 
[2026-04-03T03:17:38.165+0600][79.703s][info][gc,stats    ] Allocation pacing accrued:
[2026-04-03T03:17:38.165+0600][79.703s][info][gc,stats    ]       0 of   455 ms (  0.0%): <total>
[2026-04-03T03:17:38.165+0600][79.703s][info][gc,stats    ]       0 of   455 ms (  0.0%): <average total>
[2026-04-03T03:17:38.165+0600][79.703s][info][gc,stats    ] 
[2026-04-03T03:17:38.165+0600][79.703s][info][gc,metaspace] Metaspace: 73356K(74304K)->73356K(74304K) NonClass: 64058K(64576K)->64058K(64576K) Class: 9298K(9728K)->9298K(9728K)
[2026-04-03T03:17:38.165+0600][79.703s][info][gc,ergo     ] Pacer for Idle. Initial: 15360K, Alloc Tax Rate: 1.0x
[2026-04-03T03:17:38.368+0600][79.906s][info][gc          ] Trigger: Average GC time (576.57 ms) is above the time for average allocation rate (549 MB/s) to deplete free headroom (237M) (margin of error = 1.96)
[2026-04-03T03:17:38.368+0600][79.906s][info][gc,ergo     ] Free headroom: 274M (free) - 38400K (spike) - 0B (penalties) = 237M
[2026-04-03T03:17:38.368+0600][79.906s][info][gc,ergo     ] Free: 274M, Max: 256K regular, 172M humongous, Frag: 38% external, 0% internal; Reserve: 38400K, Max: 256K
[2026-04-03T03:17:38.368+0600][79.906s][info][gc,start    ] GC(119) Concurrent reset
[2026-04-03T03:17:38.368+0600][79.906s][info][gc,task     ] GC(119) Using 3 of 6 workers for concurrent reset
[2026-04-03T03:17:38.368+0600][79.906s][info][gc,ergo     ] GC(119) Pacer for Reset. Non-Taxable: 750M
[2026-04-03T03:17:38.369+0600][79.907s][info][gc          ] GC(119) Concurrent reset 1.033ms
[2026-04-03T03:17:38.369+0600][79.908s][info][gc,start    ] GC(119) Pause Init Mark (unload classes)
[2026-04-03T03:17:38.369+0600][79.908s][info][gc,task     ] GC(119) Using 6 of 6 workers for init marking
[2026-04-03T03:17:38.369+0600][79.908s][info][gc,ergo     ] GC(119) Pacer for Mark. Expected Live: 192M, Free: 273M, Non-Taxable: 28039K, Alloc Tax Rate: 0.9x
[2026-04-03T03:17:38.369+0600][79.908s][info][gc          ] GC(119) Pause Init Mark (unload classes) 0.134ms
[2026-04-03T03:17:38.369+0600][79.908s][info][gc,start    ] GC(119) Concurrent marking roots
[2026-04-03T03:17:38.369+0600][79.908s][info][gc,task     ] GC(119) Using 3 of 6 workers for concurrent marking roots
[2026-04-03T03:17:38.370+0600][79.909s][info][gc          ] GC(119) Concurrent marking roots 0.811ms
[2026-04-03T03:17:38.370+0600][79.909s][info][gc,start    ] GC(119) Concurrent marking (unload classes)
[2026-04-03T03:17:38.370+0600][79.909s][info][gc,task     ] GC(119) Using 3 of 6 workers for concurrent marking
[2026-04-03T03:17:38.604+0600][80.142s][info][gc          ] GC(119) Concurrent marking (unload classes) 233.274ms
[2026-04-03T03:17:38.604+0600][80.142s][info][gc,start    ] GC(119) Pause Final Mark (unload classes)
[2026-04-03T03:17:38.604+0600][80.142s][info][gc,task     ] GC(119) Using 6 of 6 workers for final marking
[2026-04-03T03:17:38.604+0600][80.143s][info][gc,ergo     ] GC(119) Adaptive CSet Selection. Target Free: 106M, Actual Free: 424M, Max CSet: 32000K, Min Garbage: 0B
[2026-04-03T03:17:38.605+0600][80.143s][info][gc,ergo     ] GC(119) Collectable Garbage: 242M (97%), Immediate: 161M (64%), CSet: 83572K (32%)
[2026-04-03T03:17:38.605+0600][80.143s][info][gc,ergo     ] GC(119) Pacer for Evacuation. Used CSet: 112M, Free: 388M, Non-Taxable: 39789K, Alloc Tax Rate: 1.1x
[2026-04-03T03:17:38.605+0600][80.143s][info][gc          ] GC(119) Pause Final Mark (unload classes) 0.906ms
[2026-04-03T03:17:38.605+0600][80.143s][info][gc,start    ] GC(119) Concurrent thread roots
[2026-04-03T03:17:38.605+0600][80.143s][info][gc,task     ] GC(119) Using 3 of 6 workers for Concurrent thread roots
[2026-04-03T03:17:38.606+0600][80.144s][info][gc          ] GC(119) Concurrent thread roots 1.023ms
[2026-04-03T03:17:38.606+0600][80.144s][info][gc,start    ] GC(119) Concurrent weak references
[2026-04-03T03:17:38.606+0600][80.144s][info][gc,task     ] GC(119) Using 3 of 6 workers for concurrent weak references
[2026-04-03T03:17:38.606+0600][80.145s][info][gc,ref      ] GC(119) Encountered references: Soft: 3173, Weak: 6365, Final: 84, Phantom: 601
[2026-04-03T03:17:38.606+0600][80.145s][info][gc,ref      ] GC(119) Discovered  references: Soft: 0, Weak: 883, Final: 2, Phantom: 597
[2026-04-03T03:17:38.606+0600][80.145s][info][gc,ref      ] GC(119) Enqueued    references: Soft: 0, Weak: 0, Final: 0, Phantom: 0
[2026-04-03T03:17:38.606+0600][80.145s][info][gc          ] GC(119) Concurrent weak references 0.475ms
[2026-04-03T03:17:38.606+0600][80.145s][info][gc,start    ] GC(119) Concurrent weak roots
[2026-04-03T03:17:38.606+0600][80.145s][info][gc,task     ] GC(119) Using 3 of 6 workers for concurrent weak root
[2026-04-03T03:17:38.609+0600][80.148s][info][gc          ] GC(119) Concurrent weak roots 2.861ms
[2026-04-03T03:17:38.609+0600][80.148s][info][gc,start    ] GC(119) Concurrent cleanup
[2026-04-03T03:17:38.610+0600][80.148s][info][gc          ] GC(119) Concurrent cleanup 483M->322M(514M) 0.341ms
[2026-04-03T03:17:38.610+0600][80.148s][info][gc,ergo     ] GC(119) Free: 386M, Max: 256K regular, 172M humongous, Frag: 56% external, 0% internal; Reserve: 38335K, Max: 256K
[2026-04-03T03:17:38.610+0600][80.148s][info][gc,start    ] GC(119) Concurrent class unloading
[2026-04-03T03:17:38.610+0600][80.148s][info][gc,task     ] GC(119) Using 3 of 6 workers for concurrent class unloading
[2026-04-03T03:17:38.617+0600][80.155s][info][gc          ] GC(119) Concurrent class unloading 6.817ms
[2026-04-03T03:17:38.617+0600][80.155s][info][gc,start    ] GC(119) Concurrent strong roots
[2026-04-03T03:17:38.617+0600][80.155s][info][gc,task     ] GC(119) Using 3 of 6 workers for concurrent strong root
[2026-04-03T03:17:38.618+0600][80.156s][info][gc          ] GC(119) Concurrent strong roots 0.997ms
[2026-04-03T03:17:38.618+0600][80.156s][info][gc,start    ] GC(119) Concurrent evacuation
[2026-04-03T03:17:38.618+0600][80.156s][info][gc,task     ] GC(119) Using 3 of 6 workers for concurrent evacuation
[2026-04-03T03:17:38.641+0600][80.179s][info][gc          ] GC(119) Concurrent evacuation 23.057ms
[2026-04-03T03:17:38.641+0600][80.180s][info][gc,start    ] GC(119) Pause Init Update Refs
[2026-04-03T03:17:38.641+0600][80.180s][info][gc,ergo     ] GC(119) Pacer for Update Refs. Used: 363M, Free: 375M, Non-Taxable: 38484K, Alloc Tax Rate: 1.2x
[2026-04-03T03:17:38.641+0600][80.180s][info][gc          ] GC(119) Pause Init Update Refs 0.157ms
[2026-04-03T03:17:38.642+0600][80.180s][info][gc,start    ] GC(119) Concurrent update references
[2026-04-03T03:17:38.642+0600][80.180s][info][gc,task     ] GC(119) Using 3 of 6 workers for concurrent reference update
[2026-04-03T03:17:38.760+0600][80.298s][info][gc          ] GC(119) Concurrent update references 118.455ms
[2026-04-03T03:17:38.760+0600][80.298s][info][gc,start    ] GC(119) Concurrent update thread roots
[2026-04-03T03:17:38.762+0600][80.300s][info][gc          ] GC(119) Concurrent update thread roots 1.438ms
[2026-04-03T03:17:38.762+0600][80.300s][info][gc,start    ] GC(119) Pause Final Update Refs
[2026-04-03T03:17:38.762+0600][80.300s][info][gc,task     ] GC(119) Using 6 of 6 workers for final reference update
[2026-04-03T03:17:38.762+0600][80.300s][info][gc          ] GC(119) Pause Final Update Refs 0.280ms
[2026-04-03T03:17:38.762+0600][80.301s][info][gc,start    ] GC(119) Concurrent cleanup
[2026-04-03T03:17:38.762+0600][80.301s][info][gc          ] GC(119) Concurrent cleanup 417M->305M(514M) 0.302ms
[2026-04-03T03:17:38.763+0600][80.301s][info][gc,ergo     ] Free: 403M, Max: 256K regular, 172M humongous, Frag: 58% external, 0% internal; Reserve: 38400K, Max: 256K
[2026-04-03T03:17:38.763+0600][80.301s][info][gc,stats    ] 
[2026-04-03T03:17:38.763+0600][80.301s][info][gc,stats    ] All times are wall-clock times, except per-root-class counters, that are sum over
[2026-04-03T03:17:38.763+0600][80.301s][info][gc,stats    ] all workers. Dividing the <total> over the root stage time estimates parallelism.
[2026-04-03T03:17:38.763+0600][80.301s][info][gc,stats    ] 
[2026-04-03T03:17:38.763+0600][80.301s][info][gc,stats    ] Concurrent Reset                   1089 us
[2026-04-03T03:17:38.763+0600][80.301s][info][gc,stats    ] Pause Init Mark (G)                 415 us
[2026-04-03T03:17:38.763+0600][80.301s][info][gc,stats    ] Pause Init Mark (N)                 145 us
[2026-04-03T03:17:38.763+0600][80.301s][info][gc,stats    ]   Update Region States               35 us
[2026-04-03T03:17:38.763+0600][80.301s][info][gc,stats    ] Concurrent Mark Roots               857 us, parallelism: 1.76x
[2026-04-03T03:17:38.763+0600][80.301s][info][gc,stats    ]   CMR: <total>                     1511 us
[2026-04-03T03:17:38.763+0600][80.301s][info][gc,stats    ]   CMR: Thread Roots                1303 us, workers (us): 487, 493, 323, ---, ---, ---, 
[2026-04-03T03:17:38.763+0600][80.301s][info][gc,stats    ]   CMR: VM Strong Roots               39 us, workers (us):  23,  13,   3, ---, ---, ---, 
[2026-04-03T03:17:38.763+0600][80.301s][info][gc,stats    ]   CMR: CLDG Roots                   168 us, workers (us): ---, ---, 168, ---, ---, ---, 
[2026-04-03T03:17:38.763+0600][80.301s][info][gc,stats    ] Concurrent Marking               233359 us
[2026-04-03T03:17:38.763+0600][80.301s][info][gc,stats    ] Pause Final Mark (G)               1173 us
[2026-04-03T03:17:38.763+0600][80.301s][info][gc,stats    ] Pause Final Mark (N)                922 us
[2026-04-03T03:17:38.763+0600][80.301s][info][gc,stats    ]   Finish Mark                       311 us
[2026-04-03T03:17:38.763+0600][80.301s][info][gc,stats    ]   Update Region States               59 us
[2026-04-03T03:17:38.763+0600][80.301s][info][gc,stats    ]   Choose Collection Set             371 us
[2026-04-03T03:17:38.763+0600][80.301s][info][gc,stats    ]   Rebuild Free Set                   57 us
[2026-04-03T03:17:38.763+0600][80.301s][info][gc,stats    ] Concurrent Thread Roots            1115 us, parallelism: 2.01x
[2026-04-03T03:17:38.763+0600][80.301s][info][gc,stats    ]   CTR: <total>                     2244 us
[2026-04-03T03:17:38.763+0600][80.301s][info][gc,stats    ]   CTR: Thread Roots                2244 us, workers (us): 810, 728, 706, ---, ---, ---, 
[2026-04-03T03:17:38.763+0600][80.301s][info][gc,stats    ] Concurrent Weak References          490 us, parallelism: 0.52x
[2026-04-03T03:17:38.763+0600][80.301s][info][gc,stats    ]   CWRF: <total>                     256 us
[2026-04-03T03:17:38.763+0600][80.301s][info][gc,stats    ]   CWRF: Weak References             256 us, workers (us):  80, 174,   2, ---, ---, ---, 
[2026-04-03T03:17:38.763+0600][80.301s][info][gc,stats    ] Concurrent Weak Roots              2922 us
[2026-04-03T03:17:38.763+0600][80.301s][info][gc,stats    ]   Roots                            2546 us, parallelism: 2.58x
[2026-04-03T03:17:38.763+0600][80.301s][info][gc,stats    ]     CWR: <total>                   6576 us
[2026-04-03T03:17:38.763+0600][80.301s][info][gc,stats    ]     CWR: Code Cache Roots          4207 us, workers (us): 1499, 1456, 1253, ---, ---, ---, 
[2026-04-03T03:17:38.763+0600][80.301s][info][gc,stats    ]     CWR: VM Weak Roots             2249 us, workers (us): 786, 776, 687, ---, ---, ---, 
[2026-04-03T03:17:38.763+0600][80.301s][info][gc,stats    ]     CWR: CLDG Roots                 120 us, workers (us): ---, ---, 120, ---, ---, ---, 
[2026-04-03T03:17:38.763+0600][80.301s][info][gc,stats    ]   Rendezvous                        287 us
[2026-04-03T03:17:38.763+0600][80.301s][info][gc,stats    ] Concurrent Cleanup                  368 us
[2026-04-03T03:17:38.763+0600][80.301s][info][gc,stats    ] Concurrent Class Unloading         6931 us
[2026-04-03T03:17:38.763+0600][80.301s][info][gc,stats    ]   Unlink Stale                     6058 us
[2026-04-03T03:17:38.763+0600][80.302s][info][gc,stats    ]     System Dictionary                94 us
[2026-04-03T03:17:38.763+0600][80.302s][info][gc,stats    ]     Weak Class Links                  0 us
[2026-04-03T03:17:38.763+0600][80.302s][info][gc,stats    ]     Code Roots                     5959 us
[2026-04-03T03:17:38.763+0600][80.302s][info][gc,stats    ]   Rendezvous                        352 us
[2026-04-03T03:17:38.763+0600][80.302s][info][gc,stats    ]   Purge Unlinked                    372 us
[2026-04-03T03:17:38.763+0600][80.302s][info][gc,stats    ]     Code Roots                      358 us
[2026-04-03T03:17:38.763+0600][80.302s][info][gc,stats    ]     CLDG                             13 us
[2026-04-03T03:17:38.763+0600][80.302s][info][gc,stats    ]     Exception Caches                  0 us
[2026-04-03T03:17:38.763+0600][80.302s][info][gc,stats    ] Concurrent Strong Roots            1102 us, parallelism: 0.51x
[2026-04-03T03:17:38.763+0600][80.302s][info][gc,stats    ]   CSR: <total>                      561 us
[2026-04-03T03:17:38.763+0600][80.302s][info][gc,stats    ]   CSR: VM Strong Roots               48 us, workers (us):  26,  15,   7, ---, ---, ---, 
[2026-04-03T03:17:38.763+0600][80.302s][info][gc,stats    ]   CSR: CLDG Roots                   513 us, workers (us): ---, ---, 513, ---, ---, ---, 
[2026-04-03T03:17:38.763+0600][80.302s][info][gc,stats    ] Concurrent Evacuation             23186 us
[2026-04-03T03:17:38.763+0600][80.302s][info][gc,stats    ] Pause Init Update Refs (G)          487 us
[2026-04-03T03:17:38.763+0600][80.302s][info][gc,stats    ] Pause Init Update Refs (N)          174 us
[2026-04-03T03:17:38.763+0600][80.302s][info][gc,stats    ]   Manage GCLABs                      32 us
[2026-04-03T03:17:38.763+0600][80.302s][info][gc,stats    ] Concurrent Update Refs           118564 us
[2026-04-03T03:17:38.763+0600][80.302s][info][gc,stats    ] Concurrent Update Thread Roots     1514 us
[2026-04-03T03:17:38.763+0600][80.302s][info][gc,stats    ] Pause Final Update Refs (G)         565 us
[2026-04-03T03:17:38.763+0600][80.302s][info][gc,stats    ] Pause Final Update Refs (N)         302 us
[2026-04-03T03:17:38.763+0600][80.302s][info][gc,stats    ]   Update Region States              114 us
[2026-04-03T03:17:38.763+0600][80.302s][info][gc,stats    ]   Trash Collection Set               21 us
[2026-04-03T03:17:38.763+0600][80.302s][info][gc,stats    ]   Rebuild Free Set                   48 us
[2026-04-03T03:17:38.763+0600][80.302s][info][gc,stats    ] Concurrent Cleanup                  329 us
[2026-04-03T03:17:38.763+0600][80.302s][info][gc,stats    ] Pacing                           278684 us
[2026-04-03T03:17:38.763+0600][80.302s][info][gc,stats    ] 
[2026-04-03T03:17:38.763+0600][80.302s][info][gc,stats    ] Allocation pacing accrued:
[2026-04-03T03:17:38.763+0600][80.302s][info][gc,stats    ]     134 of   599 ms ( 22.4%): Executor task launch worker for task 2.0 in stage 27.0 (TID 41)
[2026-04-03T03:17:38.763+0600][80.302s][info][gc,stats    ]     133 of   599 ms ( 22.3%): Executor task launch worker for task 1.0 in stage 27.0 (TID 40)
[2026-04-03T03:17:38.763+0600][80.302s][info][gc,stats    ]      11 of   599 ms (  1.9%): Executor task launch worker for task 0.0 in stage 27.0 (TID 39)
[2026-04-03T03:17:38.763+0600][80.302s][info][gc,stats    ]     279 of   599 ms ( 46.5%): <total>
[2026-04-03T03:17:38.763+0600][80.302s][info][gc,stats    ]       1 of   599 ms (  0.2%): <average total>
[2026-04-03T03:17:38.764+0600][80.302s][info][gc,stats    ]      93 of   599 ms ( 15.5%): <average non-zero>
[2026-04-03T03:17:38.764+0600][80.302s][info][gc,stats    ] 
[2026-04-03T03:17:38.764+0600][80.302s][info][gc,metaspace] Metaspace: 73370K(74304K)->73380K(74304K) NonClass: 64070K(64576K)->64079K(64576K) Class: 9300K(9728K)->9300K(9728K)
[2026-04-03T03:17:38.764+0600][80.302s][info][gc,ergo     ] Pacer for Idle. Initial: 15360K, Alloc Tax Rate: 1.0x
[2026-04-03T03:17:38.866+0600][80.404s][info][gc          ] Trigger: Average GC time (524.36 ms) is above the time for average allocation rate (837 MB/s) to deplete free headroom (240M) (margin of error = 1.96)
[2026-04-03T03:17:38.866+0600][80.404s][info][gc,ergo     ] Free headroom: 277M (free) - 38400K (spike) - 0B (penalties) = 240M
[2026-04-03T03:17:38.866+0600][80.404s][info][gc,ergo     ] Free: 277M, Max: 256K regular, 172M humongous, Frag: 38% external, 0% internal; Reserve: 38400K, Max: 256K
[2026-04-03T03:17:38.866+0600][80.404s][info][gc,start    ] GC(120) Concurrent reset
[2026-04-03T03:17:38.866+0600][80.404s][info][gc,task     ] GC(120) Using 3 of 6 workers for concurrent reset
[2026-04-03T03:17:38.866+0600][80.404s][info][gc,ergo     ] GC(120) Pacer for Reset. Non-Taxable: 750M
[2026-04-03T03:17:38.867+0600][80.405s][info][gc          ] GC(120) Concurrent reset 1.090ms
[2026-04-03T03:17:38.867+0600][80.405s][info][gc,start    ] GC(120) Pause Init Mark (unload classes)
[2026-04-03T03:17:38.867+0600][80.405s][info][gc,task     ] GC(120) Using 6 of 6 workers for init marking
[2026-04-03T03:17:38.867+0600][80.405s][info][gc,ergo     ] GC(120) Pacer for Mark. Expected Live: 200M, Free: 276M, Non-Taxable: 28288K, Alloc Tax Rate: 0.9x
[2026-04-03T03:17:38.867+0600][80.405s][info][gc          ] GC(120) Pause Init Mark (unload classes) 0.129ms
[2026-04-03T03:17:38.867+0600][80.406s][info][gc,start    ] GC(120) Concurrent marking roots
[2026-04-03T03:17:38.867+0600][80.406s][info][gc,task     ] GC(120) Using 3 of 6 workers for concurrent marking roots
[2026-04-03T03:17:38.868+0600][80.407s][info][gc          ] GC(120) Concurrent marking roots 0.986ms
[2026-04-03T03:17:38.868+0600][80.407s][info][gc,start    ] GC(120) Concurrent marking (unload classes)
[2026-04-03T03:17:38.868+0600][80.407s][info][gc,task     ] GC(120) Using 3 of 6 workers for concurrent marking
[2026-04-03T03:17:39.103+0600][80.641s][info][gc          ] GC(120) Concurrent marking (unload classes) 234.800ms
[2026-04-03T03:17:39.103+0600][80.642s][info][gc,start    ] GC(120) Pause Final Mark (unload classes)
[2026-04-03T03:17:39.103+0600][80.642s][info][gc,task     ] GC(120) Using 6 of 6 workers for final marking
[2026-04-03T03:17:39.104+0600][80.642s][info][gc,ergo     ] GC(120) Adaptive CSet Selection. Target Free: 106M, Actual Free: 263M, Max CSet: 32000K, Min Garbage: 0B
[2026-04-03T03:17:39.104+0600][80.642s][info][gc,ergo     ] GC(120) Collectable Garbage: 227M (97%), Immediate: 5238K (2%), CSet: 222M (95%)
[2026-04-03T03:17:39.104+0600][80.643s][info][gc,ergo     ] GC(120) Pacer for Evacuation. Used CSet: 236M, Free: 228M, Non-Taxable: 23348K, Alloc Tax Rate: 2.5x
[2026-04-03T03:17:39.104+0600][80.643s][info][gc          ] GC(120) Pause Final Mark (unload classes) 0.940ms
[2026-04-03T03:17:39.104+0600][80.643s][info][gc,start    ] GC(120) Concurrent thread roots
[2026-04-03T03:17:39.104+0600][80.643s][info][gc,task     ] GC(120) Using 3 of 6 workers for Concurrent thread roots
[2026-04-03T03:17:39.105+0600][80.643s][info][gc          ] GC(120) Concurrent thread roots 0.740ms
[2026-04-03T03:17:39.105+0600][80.643s][info][gc,start    ] GC(120) Concurrent weak references
[2026-04-03T03:17:39.105+0600][80.643s][info][gc,task     ] GC(120) Using 3 of 6 workers for concurrent weak references
[2026-04-03T03:17:39.105+0600][80.644s][info][gc,ref      ] GC(120) Encountered references: Soft: 3173, Weak: 6365, Final: 84, Phantom: 602
[2026-04-03T03:17:39.105+0600][80.644s][info][gc,ref      ] GC(120) Discovered  references: Soft: 0, Weak: 504, Final: 0, Phantom: 599
[2026-04-03T03:17:39.105+0600][80.644s][info][gc,ref      ] GC(120) Enqueued    references: Soft: 0, Weak: 0, Final: 0, Phantom: 0
[2026-04-03T03:17:39.105+0600][80.644s][info][gc          ] GC(120) Concurrent weak references 0.203ms
[2026-04-03T03:17:39.105+0600][80.644s][info][gc,start    ] GC(120) Concurrent weak roots
[2026-04-03T03:17:39.105+0600][80.644s][info][gc,task     ] GC(120) Using 3 of 6 workers for concurrent weak root
[2026-04-03T03:17:39.107+0600][80.646s][info][gc          ] GC(120) Concurrent weak roots 2.191ms
[2026-04-03T03:17:39.108+0600][80.646s][info][gc,start    ] GC(120) Concurrent cleanup
[2026-04-03T03:17:39.108+0600][80.646s][info][gc          ] GC(120) Concurrent cleanup 488M->483M(534M) 0.222ms
[2026-04-03T03:17:39.108+0600][80.646s][info][gc,ergo     ] GC(120) Free: 226M, Max: 256K regular, 147M humongous, Frag: 35% external, 0% internal; Reserve: 38031K, Max: 256K
[2026-04-03T03:17:39.108+0600][80.646s][info][gc,start    ] GC(120) Concurrent class unloading
[2026-04-03T03:17:39.108+0600][80.646s][info][gc,task     ] GC(120) Using 3 of 6 workers for concurrent class unloading
[2026-04-03T03:17:39.114+0600][80.653s][info][gc          ] GC(120) Concurrent class unloading 6.501ms
[2026-04-03T03:17:39.114+0600][80.653s][info][gc,start    ] GC(120) Concurrent strong roots
[2026-04-03T03:17:39.114+0600][80.653s][info][gc,task     ] GC(120) Using 3 of 6 workers for concurrent strong root
[2026-04-03T03:17:39.115+0600][80.654s][info][gc          ] GC(120) Concurrent strong roots 0.769ms
[2026-04-03T03:17:39.115+0600][80.654s][info][gc,start    ] GC(120) Concurrent evacuation
[2026-04-03T03:17:39.115+0600][80.654s][info][gc,task     ] GC(120) Using 3 of 6 workers for concurrent evacuation
[2026-04-03T03:17:39.130+0600][80.668s][info][gc          ] GC(120) Concurrent evacuation 14.390ms
[2026-04-03T03:17:39.130+0600][80.668s][info][gc,start    ] GC(120) Pause Init Update Refs
[2026-04-03T03:17:39.130+0600][80.668s][info][gc,ergo     ] GC(120) Pacer for Update Refs. Used: 506M, Free: 216M, Non-Taxable: 22196K, Alloc Tax Rate: 2.9x
[2026-04-03T03:17:39.130+0600][80.668s][info][gc          ] GC(120) Pause Init Update Refs 0.157ms
[2026-04-03T03:17:39.130+0600][80.669s][info][gc,start    ] GC(120) Concurrent update references
[2026-04-03T03:17:39.130+0600][80.669s][info][gc,task     ] GC(120) Using 3 of 6 workers for concurrent reference update
[2026-04-03T03:17:39.262+0600][80.800s][info][gc          ] GC(120) Concurrent update references 131.503ms
[2026-04-03T03:17:39.262+0600][80.800s][info][gc,start    ] GC(120) Concurrent update thread roots
[2026-04-03T03:17:39.263+0600][80.801s][info][gc          ] GC(120) Concurrent update thread roots 1.197ms
[2026-04-03T03:17:39.263+0600][80.802s][info][gc,start    ] GC(120) Pause Final Update Refs
[2026-04-03T03:17:39.263+0600][80.802s][info][gc,task     ] GC(120) Using 6 of 6 workers for final reference update
[2026-04-03T03:17:39.264+0600][80.802s][info][gc          ] GC(120) Pause Final Update Refs 0.227ms
[2026-04-03T03:17:39.264+0600][80.802s][info][gc,start    ] GC(120) Concurrent cleanup
[2026-04-03T03:17:39.264+0600][80.802s][info][gc          ] GC(120) Concurrent cleanup 563M->327M(595M) 0.388ms
[2026-04-03T03:17:39.264+0600][80.803s][info][gc,ergo     ] Free: 382M, Max: 256K regular, 89344K humongous, Frag: 78% external, 0% internal; Reserve: 38400K, Max: 256K
[2026-04-03T03:17:39.264+0600][80.803s][info][gc,stats    ] 
[2026-04-03T03:17:39.264+0600][80.803s][info][gc,stats    ] All times are wall-clock times, except per-root-class counters, that are sum over
[2026-04-03T03:17:39.264+0600][80.803s][info][gc,stats    ] all workers. Dividing the <total> over the root stage time estimates parallelism.
[2026-04-03T03:17:39.264+0600][80.803s][info][gc,stats    ] 
[2026-04-03T03:17:39.264+0600][80.803s][info][gc,stats    ] Concurrent Reset                   1162 us
[2026-04-03T03:17:39.264+0600][80.803s][info][gc,stats    ] Pause Init Mark (G)                 388 us
[2026-04-03T03:17:39.264+0600][80.803s][info][gc,stats    ] Pause Init Mark (N)                 140 us
[2026-04-03T03:17:39.264+0600][80.803s][info][gc,stats    ]   Update Region States               28 us
[2026-04-03T03:17:39.264+0600][80.803s][info][gc,stats    ] Concurrent Mark Roots              1021 us, parallelism: 1.86x
[2026-04-03T03:17:39.264+0600][80.803s][info][gc,stats    ]   CMR: <total>                     1904 us
[2026-04-03T03:17:39.264+0600][80.803s][info][gc,stats    ]   CMR: Thread Roots                1574 us, workers (us): 360, 629, 585, ---, ---, ---, 
[2026-04-03T03:17:39.264+0600][80.803s][info][gc,stats    ]   CMR: VM Strong Roots               33 us, workers (us):  32,   1,   1, ---, ---, ---, 
[2026-04-03T03:17:39.264+0600][80.803s][info][gc,stats    ]   CMR: CLDG Roots                   297 us, workers (us): 297, ---, ---, ---, ---, ---, 
[2026-04-03T03:17:39.264+0600][80.803s][info][gc,stats    ] Concurrent Marking               234882 us
[2026-04-03T03:17:39.264+0600][80.803s][info][gc,stats    ] Pause Final Mark (G)               1159 us
[2026-04-03T03:17:39.264+0600][80.803s][info][gc,stats    ] Pause Final Mark (N)                954 us
[2026-04-03T03:17:39.264+0600][80.803s][info][gc,stats    ]   Finish Mark                       229 us
[2026-04-03T03:17:39.264+0600][80.803s][info][gc,stats    ]   Update Region States               49 us
[2026-04-03T03:17:39.264+0600][80.803s][info][gc,stats    ]   Choose Collection Set             519 us
[2026-04-03T03:17:39.265+0600][80.803s][info][gc,stats    ]   Rebuild Free Set                   32 us
[2026-04-03T03:17:39.265+0600][80.803s][info][gc,stats    ] Concurrent Thread Roots             788 us, parallelism: 1.97x
[2026-04-03T03:17:39.265+0600][80.803s][info][gc,stats    ]   CTR: <total>                     1549 us
[2026-04-03T03:17:39.265+0600][80.803s][info][gc,stats    ]   CTR: Thread Roots                1549 us, workers (us): 581, 481, 487, ---, ---, ---, 
[2026-04-03T03:17:39.265+0600][80.803s][info][gc,stats    ] Concurrent Weak References          219 us, parallelism: 0.65x
[2026-04-03T03:17:39.265+0600][80.803s][info][gc,stats    ]   CWRF: <total>                     142 us
[2026-04-03T03:17:39.265+0600][80.803s][info][gc,stats    ]   CWRF: Weak References             142 us, workers (us):  83,   1,  57, ---, ---, ---, 
[2026-04-03T03:17:39.265+0600][80.803s][info][gc,stats    ] Concurrent Weak Roots              2261 us
[2026-04-03T03:17:39.265+0600][80.803s][info][gc,stats    ]   Roots                            1975 us, parallelism: 2.52x
[2026-04-03T03:17:39.265+0600][80.803s][info][gc,stats    ]     CWR: <total>                   4981 us
[2026-04-03T03:17:39.265+0600][80.803s][info][gc,stats    ]     CWR: Code Cache Roots          3312 us, workers (us): 1116, 1057, 1140, ---, ---, ---, 
[2026-04-03T03:17:39.265+0600][80.803s][info][gc,stats    ]     CWR: VM Weak Roots             1568 us, workers (us): 577, 517, 473, ---, ---, ---, 
[2026-04-03T03:17:39.265+0600][80.803s][info][gc,stats    ]     CWR: CLDG Roots                 101 us, workers (us): ---, 101, ---, ---, ---, ---, 
[2026-04-03T03:17:39.265+0600][80.803s][info][gc,stats    ]   Rendezvous                        189 us
[2026-04-03T03:17:39.265+0600][80.803s][info][gc,stats    ] Concurrent Cleanup                  247 us
[2026-04-03T03:17:39.265+0600][80.803s][info][gc,stats    ] Concurrent Class Unloading         6583 us
[2026-04-03T03:17:39.265+0600][80.803s][info][gc,stats    ]   Unlink Stale                     6164 us
[2026-04-03T03:17:39.265+0600][80.803s][info][gc,stats    ]     System Dictionary               108 us
[2026-04-03T03:17:39.265+0600][80.803s][info][gc,stats    ]     Weak Class Links                  0 us
[2026-04-03T03:17:39.265+0600][80.803s][info][gc,stats    ]     Code Roots                     6051 us
[2026-04-03T03:17:39.265+0600][80.803s][info][gc,stats    ]   Rendezvous                        290 us
[2026-04-03T03:17:39.265+0600][80.803s][info][gc,stats    ]   Purge Unlinked                     14 us
[2026-04-03T03:17:39.265+0600][80.803s][info][gc,stats    ]     Code Roots                        4 us
[2026-04-03T03:17:39.265+0600][80.803s][info][gc,stats    ]     CLDG                             10 us
[2026-04-03T03:17:39.265+0600][80.803s][info][gc,stats    ]     Exception Caches                  0 us
[2026-04-03T03:17:39.265+0600][80.803s][info][gc,stats    ] Concurrent Strong Roots             819 us, parallelism: 0.48x
[2026-04-03T03:17:39.265+0600][80.803s][info][gc,stats    ]   CSR: <total>                      393 us
[2026-04-03T03:17:39.265+0600][80.803s][info][gc,stats    ]   CSR: VM Strong Roots               49 us, workers (us):  22,  23,   4, ---, ---, ---, 
[2026-04-03T03:17:39.265+0600][80.803s][info][gc,stats    ]   CSR: CLDG Roots                   345 us, workers (us): ---, ---, 345, ---, ---, ---, 
[2026-04-03T03:17:39.265+0600][80.803s][info][gc,stats    ] Concurrent Evacuation             14502 us
[2026-04-03T03:17:39.265+0600][80.803s][info][gc,stats    ] Pause Init Update Refs (G)          383 us
[2026-04-03T03:17:39.265+0600][80.803s][info][gc,stats    ] Pause Init Update Refs (N)          170 us
[2026-04-03T03:17:39.265+0600][80.803s][info][gc,stats    ]   Manage GCLABs                      32 us
[2026-04-03T03:17:39.265+0600][80.803s][info][gc,stats    ] Concurrent Update Refs           131646 us
[2026-04-03T03:17:39.265+0600][80.803s][info][gc,stats    ] Concurrent Update Thread Roots     1279 us
[2026-04-03T03:17:39.265+0600][80.803s][info][gc,stats    ] Pause Final Update Refs (G)         634 us
[2026-04-03T03:17:39.265+0600][80.803s][info][gc,stats    ] Pause Final Update Refs (N)         246 us
[2026-04-03T03:17:39.265+0600][80.803s][info][gc,stats    ]   Update Region States               60 us
[2026-04-03T03:17:39.265+0600][80.803s][info][gc,stats    ]   Trash Collection Set               20 us
[2026-04-03T03:17:39.265+0600][80.803s][info][gc,stats    ]   Rebuild Free Set                   42 us
[2026-04-03T03:17:39.265+0600][80.803s][info][gc,stats    ] Concurrent Cleanup                  420 us
[2026-04-03T03:17:39.265+0600][80.803s][info][gc,stats    ] Pacing                           449494 us
[2026-04-03T03:17:39.265+0600][80.803s][info][gc,stats    ] 
[2026-04-03T03:17:39.265+0600][80.803s][info][gc,stats    ] Allocation pacing accrued:
[2026-04-03T03:17:39.265+0600][80.803s][info][gc,stats    ]     146 of   502 ms ( 29.1%): Executor task launch worker for task 2.0 in stage 27.0 (TID 41)
[2026-04-03T03:17:39.265+0600][80.803s][info][gc,stats    ]     152 of   502 ms ( 30.3%): Executor task launch worker for task 1.0 in stage 27.0 (TID 40)
[2026-04-03T03:17:39.265+0600][80.803s][info][gc,stats    ]     151 of   502 ms ( 30.2%): Executor task launch worker for task 0.0 in stage 27.0 (TID 39)
[2026-04-03T03:17:39.265+0600][80.803s][info][gc,stats    ]     449 of   502 ms ( 89.6%): <total>
[2026-04-03T03:17:39.265+0600][80.804s][info][gc,stats    ]       2 of   502 ms (  0.5%): <average total>
[2026-04-03T03:17:39.265+0600][80.804s][info][gc,stats    ]     150 of   502 ms ( 29.9%): <average non-zero>
[2026-04-03T03:17:39.265+0600][80.804s][info][gc,stats    ] 
[2026-04-03T03:17:39.265+0600][80.804s][info][gc,metaspace] Metaspace: 73380K(74304K)->73380K(74304K) NonClass: 64079K(64576K)->64080K(64576K) Class: 9300K(9728K)->9300K(9728K)
[2026-04-03T03:17:39.265+0600][80.804s][info][gc,ergo     ] Pacer for Idle. Initial: 15360K, Alloc Tax Rate: 1.0x
[2026-04-03T03:17:39.345+0600][80.884s][info][gc          ] Trigger: Average GC time (485.88 ms) is above the time for average allocation rate (579 MB/s) to deplete free headroom (280M) (margin of error = 1.96)
[2026-04-03T03:17:39.345+0600][80.884s][info][gc,ergo     ] Free headroom: 318M (free) - 38400K (spike) - 0B (penalties) = 280M
[2026-04-03T03:17:39.345+0600][80.884s][info][gc,ergo     ] Free: 318M, Max: 256K regular, 89344K humongous, Frag: 73% external, 0% internal; Reserve: 38400K, Max: 256K
[2026-04-03T03:17:39.345+0600][80.884s][info][gc,start    ] GC(121) Concurrent reset
[2026-04-03T03:17:39.345+0600][80.884s][info][gc,task     ] GC(121) Using 3 of 6 workers for concurrent reset
[2026-04-03T03:17:39.345+0600][80.884s][info][gc,ergo     ] GC(121) Pacer for Reset. Non-Taxable: 750M
[2026-04-03T03:17:39.347+0600][80.885s][info][gc          ] GC(121) Concurrent reset 1.663ms
[2026-04-03T03:17:39.347+0600][80.886s][info][gc,start    ] GC(121) Pause Init Mark (unload classes)
[2026-04-03T03:17:39.347+0600][80.886s][info][gc,task     ] GC(121) Using 6 of 6 workers for init marking
[2026-04-03T03:17:39.347+0600][80.886s][info][gc,ergo     ] GC(121) Pacer for Mark. Expected Live: 210M, Free: 317M, Non-Taxable: 32487K, Alloc Tax Rate: 0.8x
[2026-04-03T03:17:39.347+0600][80.886s][info][gc          ] GC(121) Pause Init Mark (unload classes) 0.173ms
[2026-04-03T03:17:39.348+0600][80.886s][info][gc,start    ] GC(121) Concurrent marking roots
[2026-04-03T03:17:39.348+0600][80.886s][info][gc,task     ] GC(121) Using 3 of 6 workers for concurrent marking roots
[2026-04-03T03:17:39.349+0600][80.887s][info][gc          ] GC(121) Concurrent marking roots 1.223ms
[2026-04-03T03:17:39.349+0600][80.887s][info][gc,start    ] GC(121) Concurrent marking (unload classes)
[2026-04-03T03:17:39.349+0600][80.887s][info][gc,task     ] GC(121) Using 3 of 6 workers for concurrent marking
[2026-04-03T03:17:39.635+0600][81.173s][info][gc          ] GC(121) Concurrent marking (unload classes) 286.027ms
[2026-04-03T03:17:39.635+0600][81.174s][info][gc,start    ] GC(121) Pause Final Mark (unload classes)
[2026-04-03T03:17:39.635+0600][81.174s][info][gc,task     ] GC(121) Using 6 of 6 workers for final marking
[2026-04-03T03:17:39.636+0600][81.174s][info][gc,ergo     ] GC(121) Adaptive CSet Selection. Target Free: 106M, Actual Free: 289M, Max CSet: 32000K, Min Garbage: 0B
[2026-04-03T03:17:39.636+0600][81.174s][info][gc,ergo     ] GC(121) Collectable Garbage: 172M (95%), Immediate: 4096K (2%), CSet: 168M (93%)
[2026-04-03T03:17:39.636+0600][81.174s][info][gc,ergo     ] GC(121) Pacer for Evacuation. Used CSet: 178M, Free: 252M, Non-Taxable: 25882K, Alloc Tax Rate: 1.7x
[2026-04-03T03:17:39.636+0600][81.174s][info][gc          ] GC(121) Pause Final Mark (unload classes) 0.881ms
[2026-04-03T03:17:39.636+0600][81.175s][info][gc,start    ] GC(121) Concurrent thread roots
[2026-04-03T03:17:39.636+0600][81.175s][info][gc,task     ] GC(121) Using 3 of 6 workers for Concurrent thread roots
[2026-04-03T03:17:39.637+0600][81.175s][info][gc          ] GC(121) Concurrent thread roots 0.811ms
[2026-04-03T03:17:39.637+0600][81.175s][info][gc,start    ] GC(121) Concurrent weak references
[2026-04-03T03:17:39.637+0600][81.175s][info][gc,task     ] GC(121) Using 3 of 6 workers for concurrent weak references
[2026-04-03T03:17:39.637+0600][81.176s][info][gc,ref      ] GC(121) Encountered references: Soft: 3175, Weak: 6366, Final: 84, Phantom: 602
[2026-04-03T03:17:39.637+0600][81.176s][info][gc,ref      ] GC(121) Discovered  references: Soft: 0, Weak: 194, Final: 0, Phantom: 599
[2026-04-03T03:17:39.637+0600][81.176s][info][gc,ref      ] GC(121) Enqueued    references: Soft: 0, Weak: 1, Final: 0, Phantom: 0
[2026-04-03T03:17:39.637+0600][81.176s][info][gc          ] GC(121) Concurrent weak references 0.338ms
[2026-04-03T03:17:39.637+0600][81.176s][info][gc,start    ] GC(121) Concurrent weak roots
[2026-04-03T03:17:39.637+0600][81.176s][info][gc,task     ] GC(121) Using 3 of 6 workers for concurrent weak root
[2026-04-03T03:17:39.640+0600][81.179s][info][gc          ] GC(121) Concurrent weak roots 2.773ms
[2026-04-03T03:17:39.640+0600][81.179s][info][gc,start    ] GC(121) Concurrent cleanup
[2026-04-03T03:17:39.641+0600][81.179s][info][gc          ] GC(121) Concurrent cleanup 463M->459M(595M) 0.217ms
[2026-04-03T03:17:39.641+0600][81.179s][info][gc,ergo     ] GC(121) Free: 250M, Max: 256K regular, 89344K humongous, Frag: 66% external, 0% internal; Reserve: 37823K, Max: 256K
[2026-04-03T03:17:39.641+0600][81.179s][info][gc,start    ] GC(121) Concurrent class unloading
[2026-04-03T03:17:39.641+0600][81.179s][info][gc,task     ] GC(121) Using 3 of 6 workers for concurrent class unloading
[2026-04-03T03:17:39.648+0600][81.186s][info][gc          ] GC(121) Concurrent class unloading 7.322ms
[2026-04-03T03:17:39.648+0600][81.186s][info][gc,start    ] GC(121) Concurrent strong roots
[2026-04-03T03:17:39.648+0600][81.186s][info][gc,task     ] GC(121) Using 3 of 6 workers for concurrent strong root
[2026-04-03T03:17:39.649+0600][81.188s][info][gc          ] GC(121) Concurrent strong roots 1.101ms
[2026-04-03T03:17:39.649+0600][81.188s][info][gc,start    ] GC(121) Concurrent evacuation
[2026-04-03T03:17:39.649+0600][81.188s][info][gc,task     ] GC(121) Using 3 of 6 workers for concurrent evacuation
[2026-04-03T03:17:39.661+0600][81.200s][info][gc          ] GC(121) Concurrent evacuation 12.128ms
[2026-04-03T03:17:39.662+0600][81.200s][info][gc,start    ] GC(121) Pause Init Update Refs
[2026-04-03T03:17:39.662+0600][81.200s][info][gc,ergo     ] GC(121) Pacer for Update Refs. Used: 479M, Free: 240M, Non-Taxable: 24628K, Alloc Tax Rate: 2.4x
[2026-04-03T03:17:39.662+0600][81.200s][info][gc          ] GC(121) Pause Init Update Refs 0.200ms
[2026-04-03T03:17:39.662+0600][81.201s][info][gc,start    ] GC(121) Concurrent update references
[2026-04-03T03:17:39.662+0600][81.201s][info][gc,task     ] GC(121) Using 3 of 6 workers for concurrent reference update
[2026-04-03T03:17:39.813+0600][81.351s][info][gc          ] GC(121) Concurrent update references 150.439ms
[2026-04-03T03:17:39.813+0600][81.351s][info][gc,start    ] GC(121) Concurrent update thread roots
[2026-04-03T03:17:39.814+0600][81.352s][info][gc          ] GC(121) Concurrent update thread roots 1.159ms
[2026-04-03T03:17:39.814+0600][81.353s][info][gc,start    ] GC(121) Pause Final Update Refs
[2026-04-03T03:17:39.814+0600][81.353s][info][gc,task     ] GC(121) Using 6 of 6 workers for final reference update
[2026-04-03T03:17:39.815+0600][81.353s][info][gc          ] GC(121) Pause Final Update Refs 0.326ms
[2026-04-03T03:17:39.815+0600][81.353s][info][gc,start    ] GC(121) Concurrent cleanup
[2026-04-03T03:17:39.815+0600][81.353s][info][gc          ] GC(121) Concurrent cleanup 568M->390M(595M) 0.347ms
[2026-04-03T03:17:39.815+0600][81.354s][info][gc,ergo     ] Free: 318M, Max: 256K regular, 92672K humongous, Frag: 72% external, 0% internal; Reserve: 38400K, Max: 256K
[2026-04-03T03:17:39.815+0600][81.354s][info][gc,stats    ] 
[2026-04-03T03:17:39.815+0600][81.354s][info][gc,stats    ] All times are wall-clock times, except per-root-class counters, that are sum over
[2026-04-03T03:17:39.815+0600][81.354s][info][gc,stats    ] all workers. Dividing the <total> over the root stage time estimates parallelism.
[2026-04-03T03:17:39.815+0600][81.354s][info][gc,stats    ] 
[2026-04-03T03:17:39.815+0600][81.354s][info][gc,stats    ] Concurrent Reset                   1735 us
[2026-04-03T03:17:39.815+0600][81.354s][info][gc,stats    ] Pause Init Mark (G)                 503 us
[2026-04-03T03:17:39.815+0600][81.354s][info][gc,stats    ] Pause Init Mark (N)                 183 us
[2026-04-03T03:17:39.815+0600][81.354s][info][gc,stats    ]   Update Region States               42 us
[2026-04-03T03:17:39.815+0600][81.354s][info][gc,stats    ] Concurrent Mark Roots              1274 us, parallelism: 1.77x
[2026-04-03T03:17:39.815+0600][81.354s][info][gc,stats    ]   CMR: <total>                     2251 us
[2026-04-03T03:17:39.815+0600][81.354s][info][gc,stats    ]   CMR: Thread Roots                1847 us, workers (us): 382, 733, 732, ---, ---, ---, 
[2026-04-03T03:17:39.815+0600][81.354s][info][gc,stats    ]   CMR: VM Strong Roots               51 us, workers (us):  28,  22,   1, ---, ---, ---, 
[2026-04-03T03:17:39.815+0600][81.354s][info][gc,stats    ]   CMR: CLDG Roots                   352 us, workers (us): 352, ---, ---, ---, ---, ---, 
[2026-04-03T03:17:39.815+0600][81.354s][info][gc,stats    ] Concurrent Marking               286119 us
[2026-04-03T03:17:39.815+0600][81.354s][info][gc,stats    ] Pause Final Mark (G)               1226 us
[2026-04-03T03:17:39.815+0600][81.354s][info][gc,stats    ] Pause Final Mark (N)                893 us
[2026-04-03T03:17:39.815+0600][81.354s][info][gc,stats    ]   Finish Mark                       197 us
[2026-04-03T03:17:39.815+0600][81.354s][info][gc,stats    ]   Update Region States               73 us
[2026-04-03T03:17:39.815+0600][81.354s][info][gc,stats    ]   Choose Collection Set             429 us
[2026-04-03T03:17:39.815+0600][81.354s][info][gc,stats    ]   Rebuild Free Set                   34 us
[2026-04-03T03:17:39.815+0600][81.354s][info][gc,stats    ] Concurrent Thread Roots             874 us, parallelism: 1.92x
[2026-04-03T03:17:39.815+0600][81.354s][info][gc,stats    ]   CTR: <total>                     1674 us
[2026-04-03T03:17:39.815+0600][81.354s][info][gc,stats    ]   CTR: Thread Roots                1674 us, workers (us): 563, 562, 549, ---, ---, ---, 
[2026-04-03T03:17:39.815+0600][81.354s][info][gc,stats    ] Concurrent Weak References          353 us, parallelism: 0.34x
[2026-04-03T03:17:39.815+0600][81.354s][info][gc,stats    ]   CWRF: <total>                     120 us
[2026-04-03T03:17:39.816+0600][81.354s][info][gc,stats    ]   CWRF: Weak References             120 us, workers (us):  55,  64,   1, ---, ---, ---, 
[2026-04-03T03:17:39.816+0600][81.354s][info][gc,stats    ] Concurrent Weak Roots              2880 us
[2026-04-03T03:17:39.816+0600][81.354s][info][gc,stats    ]   Roots                            2402 us, parallelism: 2.47x
[2026-04-03T03:17:39.816+0600][81.354s][info][gc,stats    ]     CWR: <total>                   5945 us
[2026-04-03T03:17:39.816+0600][81.354s][info][gc,stats    ]     CWR: Code Cache Roots          4160 us, workers (us): 1368, 1423, 1368, ---, ---, ---, 
[2026-04-03T03:17:39.816+0600][81.354s][info][gc,stats    ]     CWR: VM Weak Roots             1678 us, workers (us): 640, 526, 511, ---, ---, ---, 
[2026-04-03T03:17:39.816+0600][81.354s][info][gc,stats    ]     CWR: CLDG Roots                 108 us, workers (us): ---, ---, 108, ---, ---, ---, 
[2026-04-03T03:17:39.816+0600][81.354s][info][gc,stats    ]   Rendezvous                        338 us
[2026-04-03T03:17:39.816+0600][81.354s][info][gc,stats    ] Concurrent Cleanup                  234 us
[2026-04-03T03:17:39.816+0600][81.354s][info][gc,stats    ] Concurrent Class Unloading         7424 us
[2026-04-03T03:17:39.816+0600][81.354s][info][gc,stats    ]   Unlink Stale                     6706 us
[2026-04-03T03:17:39.816+0600][81.354s][info][gc,stats    ]     System Dictionary               154 us
[2026-04-03T03:17:39.816+0600][81.354s][info][gc,stats    ]     Weak Class Links                  1 us
[2026-04-03T03:17:39.816+0600][81.354s][info][gc,stats    ]     Code Roots                     6546 us
[2026-04-03T03:17:39.816+0600][81.354s][info][gc,stats    ]   Rendezvous                        374 us
[2026-04-03T03:17:39.816+0600][81.354s][info][gc,stats    ]   Purge Unlinked                    204 us
[2026-04-03T03:17:39.816+0600][81.354s][info][gc,stats    ]     Code Roots                      188 us
[2026-04-03T03:17:39.816+0600][81.354s][info][gc,stats    ]     CLDG                             15 us
[2026-04-03T03:17:39.816+0600][81.354s][info][gc,stats    ]     Exception Caches                  0 us
[2026-04-03T03:17:39.816+0600][81.354s][info][gc,stats    ] Concurrent Strong Roots            1203 us, parallelism: 0.61x
[2026-04-03T03:17:39.816+0600][81.354s][info][gc,stats    ]   CSR: <total>                      738 us
[2026-04-03T03:17:39.816+0600][81.354s][info][gc,stats    ]   CSR: VM Strong Roots               41 us, workers (us):  38,   1,   2, ---, ---, ---, 
[2026-04-03T03:17:39.816+0600][81.354s][info][gc,stats    ]   CSR: CLDG Roots                   698 us, workers (us): 698, ---, ---, ---, ---, ---, 
[2026-04-03T03:17:39.816+0600][81.354s][info][gc,stats    ] Concurrent Evacuation             12278 us
[2026-04-03T03:17:39.816+0600][81.354s][info][gc,stats    ] Pause Init Update Refs (G)          698 us
[2026-04-03T03:17:39.816+0600][81.354s][info][gc,stats    ] Pause Init Update Refs (N)          216 us
[2026-04-03T03:17:39.816+0600][81.354s][info][gc,stats    ]   Manage GCLABs                      48 us
[2026-04-03T03:17:39.816+0600][81.354s][info][gc,stats    ] Concurrent Update Refs           150580 us
[2026-04-03T03:17:39.816+0600][81.354s][info][gc,stats    ] Concurrent Update Thread Roots     1240 us
[2026-04-03T03:17:39.816+0600][81.354s][info][gc,stats    ] Pause Final Update Refs (G)         637 us
[2026-04-03T03:17:39.816+0600][81.354s][info][gc,stats    ] Pause Final Update Refs (N)         344 us
[2026-04-03T03:17:39.816+0600][81.354s][info][gc,stats    ]   Update Region States               58 us
[2026-04-03T03:17:39.816+0600][81.354s][info][gc,stats    ]   Trash Collection Set               16 us
[2026-04-03T03:17:39.816+0600][81.354s][info][gc,stats    ]   Rebuild Free Set                   40 us
[2026-04-03T03:17:39.816+0600][81.354s][info][gc,stats    ] Concurrent Cleanup                  380 us
[2026-04-03T03:17:39.816+0600][81.354s][info][gc,stats    ] Pacing                           511746 us
[2026-04-03T03:17:39.816+0600][81.354s][info][gc,stats    ] 
[2026-04-03T03:17:39.816+0600][81.354s][info][gc,stats    ] Allocation pacing accrued:
[2026-04-03T03:17:39.816+0600][81.354s][info][gc,stats    ]     170 of   551 ms ( 30.8%): Executor task launch worker for task 2.0 in stage 27.0 (TID 41)
[2026-04-03T03:17:39.816+0600][81.354s][info][gc,stats    ]     171 of   551 ms ( 31.1%): Executor task launch worker for task 1.0 in stage 27.0 (TID 40)
[2026-04-03T03:17:39.816+0600][81.354s][info][gc,stats    ]     171 of   551 ms ( 31.0%): Executor task launch worker for task 0.0 in stage 27.0 (TID 39)
[2026-04-03T03:17:39.816+0600][81.354s][info][gc,stats    ]     512 of   551 ms ( 92.9%): <total>
[2026-04-03T03:17:39.816+0600][81.354s][info][gc,stats    ]       3 of   551 ms (  0.5%): <average total>
[2026-04-03T03:17:39.816+0600][81.354s][info][gc,stats    ]     171 of   551 ms ( 31.0%): <average non-zero>
[2026-04-03T03:17:39.816+0600][81.354s][info][gc,stats    ] 
[2026-04-03T03:17:39.816+0600][81.355s][info][gc,metaspace] Metaspace: 73380K(74304K)->73380K(74304K) NonClass: 64080K(64576K)->64080K(64576K) Class: 9300K(9728K)->9300K(9728K)
[2026-04-03T03:17:39.816+0600][81.355s][info][gc,ergo     ] Pacer for Idle. Initial: 15360K, Alloc Tax Rate: 1.0x
[2026-04-03T03:17:39.851+0600][81.390s][info][gc          ] Trigger: Average GC time (520.94 ms) is above the time for average allocation rate (476 MB/s) to deplete free headroom (246M) (margin of error = 1.98)
[2026-04-03T03:17:39.851+0600][81.390s][info][gc,ergo     ] Free headroom: 284M (free) - 38400K (spike) - 0B (penalties) = 246M
[2026-04-03T03:17:39.852+0600][81.390s][info][gc,ergo     ] Free: 284M, Max: 256K regular, 92672K humongous, Frag: 69% external, 0% internal; Reserve: 38400K, Max: 256K
[2026-04-03T03:17:39.852+0600][81.390s][info][gc,start    ] GC(122) Concurrent reset
[2026-04-03T03:17:39.852+0600][81.390s][info][gc,task     ] GC(122) Using 3 of 6 workers for concurrent reset
[2026-04-03T03:17:39.852+0600][81.390s][info][gc,ergo     ] GC(122) Pacer for Reset. Non-Taxable: 750M
[2026-04-03T03:17:39.853+0600][81.391s][info][gc          ] GC(122) Concurrent reset 1.502ms
[2026-04-03T03:17:39.853+0600][81.392s][info][gc,start    ] GC(122) Pause Init Mark (unload classes)
[2026-04-03T03:17:39.853+0600][81.392s][info][gc,task     ] GC(122) Using 6 of 6 workers for init marking
[2026-04-03T03:17:39.853+0600][81.392s][info][gc,ergo     ] GC(122) Pacer for Mark. Expected Live: 212M, Free: 282M, Non-Taxable: 28954K, Alloc Tax Rate: 0.9x
[2026-04-03T03:17:39.853+0600][81.392s][info][gc          ] GC(122) Pause Init Mark (unload classes) 0.181ms
[2026-04-03T03:17:39.854+0600][81.392s][info][gc,start    ] GC(122) Concurrent marking roots
[2026-04-03T03:17:39.854+0600][81.392s][info][gc,task     ] GC(122) Using 3 of 6 workers for concurrent marking roots
[2026-04-03T03:17:39.855+0600][81.393s][info][gc          ] GC(122) Concurrent marking roots 1.037ms
[2026-04-03T03:17:39.855+0600][81.393s][info][gc,start    ] GC(122) Concurrent marking (unload classes)
[2026-04-03T03:17:39.855+0600][81.393s][info][gc,task     ] GC(122) Using 3 of 6 workers for concurrent marking
[2026-04-03T03:17:40.132+0600][81.670s][info][gc          ] GC(122) Concurrent marking (unload classes) 276.985ms
[2026-04-03T03:17:40.132+0600][81.670s][info][gc,start    ] GC(122) Pause Final Mark (unload classes)
[2026-04-03T03:17:40.132+0600][81.670s][info][gc,task     ] GC(122) Using 6 of 6 workers for final marking
[2026-04-03T03:17:40.132+0600][81.671s][info][gc,ergo     ] GC(122) Adaptive CSet Selection. Target Free: 106M, Actual Free: 264M, Max CSet: 32000K, Min Garbage: 0B
[2026-04-03T03:17:40.133+0600][81.671s][info][gc,ergo     ] GC(122) Collectable Garbage: 202M (95%), Immediate: 6144K (2%), CSet: 196M (92%)
[2026-04-03T03:17:40.133+0600][81.672s][info][gc,ergo     ] GC(122) Pacer for Evacuation. Used CSet: 208M, Free: 227M, Non-Taxable: 23322K, Alloc Tax Rate: 2.2x
[2026-04-03T03:17:40.133+0600][81.672s][info][gc          ] GC(122) Pause Final Mark (unload classes) 1.279ms
[2026-04-03T03:17:40.133+0600][81.672s][info][gc,start    ] GC(122) Concurrent thread roots
[2026-04-03T03:17:40.133+0600][81.672s][info][gc,task     ] GC(122) Using 3 of 6 workers for Concurrent thread roots
[2026-04-03T03:17:40.134+0600][81.672s][info][gc          ] GC(122) Concurrent thread roots 0.794ms
[2026-04-03T03:17:40.134+0600][81.673s][info][gc,start    ] GC(122) Concurrent weak references
[2026-04-03T03:17:40.134+0600][81.673s][info][gc,task     ] GC(122) Using 3 of 6 workers for concurrent weak references
[2026-04-03T03:17:40.134+0600][81.673s][info][gc,ref      ] GC(122) Encountered references: Soft: 3175, Weak: 6365, Final: 84, Phantom: 602
[2026-04-03T03:17:40.134+0600][81.673s][info][gc,ref      ] GC(122) Discovered  references: Soft: 0, Weak: 387, Final: 0, Phantom: 215
[2026-04-03T03:17:40.134+0600][81.673s][info][gc,ref      ] GC(122) Enqueued    references: Soft: 0, Weak: 0, Final: 0, Phantom: 0
[2026-04-03T03:17:40.134+0600][81.673s][info][gc          ] GC(122) Concurrent weak references 0.302ms
[2026-04-03T03:17:40.134+0600][81.673s][info][gc,start    ] GC(122) Concurrent weak roots
[2026-04-03T03:17:40.134+0600][81.673s][info][gc,task     ] GC(122) Using 3 of 6 workers for concurrent weak root
[2026-04-03T03:17:40.138+0600][81.676s][info][gc          ] GC(122) Concurrent weak roots 3.054ms
[2026-04-03T03:17:40.138+0600][81.676s][info][gc,start    ] GC(122) Concurrent cleanup
[2026-04-03T03:17:40.138+0600][81.676s][info][gc          ] GC(122) Concurrent cleanup 491M->485M(595M) 0.214ms
[2026-04-03T03:17:40.138+0600][81.676s][info][gc,ergo     ] GC(122) Free: 225M, Max: 256K regular, 92672K humongous, Frag: 60% external, 0% internal; Reserve: 37934K, Max: 256K
[2026-04-03T03:17:40.138+0600][81.676s][info][gc,start    ] GC(122) Concurrent class unloading
[2026-04-03T03:17:40.138+0600][81.676s][info][gc,task     ] GC(122) Using 3 of 6 workers for concurrent class unloading
[2026-04-03T03:17:40.145+0600][81.683s][info][gc          ] GC(122) Concurrent class unloading 6.853ms
[2026-04-03T03:17:40.145+0600][81.683s][info][gc,start    ] GC(122) Concurrent strong roots
[2026-04-03T03:17:40.145+0600][81.683s][info][gc,task     ] GC(122) Using 3 of 6 workers for concurrent strong root
[2026-04-03T03:17:40.146+0600][81.684s][info][gc          ] GC(122) Concurrent strong roots 0.856ms
[2026-04-03T03:17:40.146+0600][81.684s][info][gc,start    ] GC(122) Concurrent evacuation
[2026-04-03T03:17:40.146+0600][81.684s][info][gc,task     ] GC(122) Using 3 of 6 workers for concurrent evacuation
[2026-04-03T03:17:40.160+0600][81.698s][info][gc          ] GC(122) Concurrent evacuation 14.104ms
[2026-04-03T03:17:40.160+0600][81.699s][info][gc,start    ] GC(122) Pause Init Update Refs
[2026-04-03T03:17:40.160+0600][81.699s][info][gc,ergo     ] GC(122) Pacer for Update Refs. Used: 508M, Free: 213M, Non-Taxable: 21863K, Alloc Tax Rate: 2.9x
[2026-04-03T03:17:40.160+0600][81.699s][info][gc          ] GC(122) Pause Init Update Refs 0.130ms
[2026-04-03T03:17:40.160+0600][81.699s][info][gc,start    ] GC(122) Concurrent update references
[2026-04-03T03:17:40.161+0600][81.699s][info][gc,task     ] GC(122) Using 3 of 6 workers for concurrent reference update
[2026-04-03T03:17:40.302+0600][81.840s][info][gc          ] GC(122) Concurrent update references 141.436ms
[2026-04-03T03:17:40.302+0600][81.840s][info][gc,start    ] GC(122) Concurrent update thread roots
[2026-04-03T03:17:40.303+0600][81.842s][info][gc          ] GC(122) Concurrent update thread roots 1.338ms
[2026-04-03T03:17:40.304+0600][81.842s][info][gc,start    ] GC(122) Pause Final Update Refs
[2026-04-03T03:17:40.304+0600][81.842s][info][gc,task     ] GC(122) Using 6 of 6 workers for final reference update
[2026-04-03T03:17:40.304+0600][81.842s][info][gc          ] GC(122) Pause Final Update Refs 0.218ms
[2026-04-03T03:17:40.304+0600][81.842s][info][gc,start    ] GC(122) Concurrent cleanup
[2026-04-03T03:17:40.304+0600][81.843s][info][gc          ] GC(122) Concurrent cleanup 593M->385M(607M) 0.358ms
[2026-04-03T03:17:40.304+0600][81.843s][info][gc,ergo     ] Free: 324M, Max: 256K regular, 76288K humongous, Frag: 77% external, 0% internal; Reserve: 38400K, Max: 256K
[2026-04-03T03:17:40.304+0600][81.843s][info][gc,stats    ] 
[2026-04-03T03:17:40.304+0600][81.843s][info][gc,stats    ] All times are wall-clock times, except per-root-class counters, that are sum over
[2026-04-03T03:17:40.304+0600][81.843s][info][gc,stats    ] all workers. Dividing the <total> over the root stage time estimates parallelism.
[2026-04-03T03:17:40.304+0600][81.843s][info][gc,stats    ] 
[2026-04-03T03:17:40.305+0600][81.843s][info][gc,stats    ] Concurrent Reset                   1563 us
[2026-04-03T03:17:40.305+0600][81.843s][info][gc,stats    ] Pause Init Mark (G)                 485 us
[2026-04-03T03:17:40.305+0600][81.843s][info][gc,stats    ] Pause Init Mark (N)                 196 us
[2026-04-03T03:17:40.305+0600][81.843s][info][gc,stats    ]   Update Region States               31 us
[2026-04-03T03:17:40.305+0600][81.843s][info][gc,stats    ] Concurrent Mark Roots              1107 us, parallelism: 1.80x
[2026-04-03T03:17:40.305+0600][81.843s][info][gc,stats    ]   CMR: <total>                     1990 us
[2026-04-03T03:17:40.305+0600][81.843s][info][gc,stats    ]   CMR: Thread Roots                1622 us, workers (us): 329, 647, 646, ---, ---, ---, 
[2026-04-03T03:17:40.305+0600][81.843s][info][gc,stats    ]   CMR: VM Strong Roots               48 us, workers (us):  25,  22,   1, ---, ---, ---, 
[2026-04-03T03:17:40.305+0600][81.843s][info][gc,stats    ]   CMR: CLDG Roots                   320 us, workers (us): 320, ---, ---, ---, ---, ---, 
[2026-04-03T03:17:40.305+0600][81.843s][info][gc,stats    ] Concurrent Marking               277075 us
[2026-04-03T03:17:40.305+0600][81.843s][info][gc,stats    ] Pause Final Mark (G)               1523 us
[2026-04-03T03:17:40.305+0600][81.843s][info][gc,stats    ] Pause Final Mark (N)               1292 us
[2026-04-03T03:17:40.305+0600][81.843s][info][gc,stats    ]   Finish Mark                       330 us
[2026-04-03T03:17:40.305+0600][81.843s][info][gc,stats    ]   Update Region States               49 us
[2026-04-03T03:17:40.305+0600][81.843s][info][gc,stats    ]   Choose Collection Set             691 us
[2026-04-03T03:17:40.305+0600][81.843s][info][gc,stats    ]   Rebuild Free Set                   64 us
[2026-04-03T03:17:40.305+0600][81.843s][info][gc,stats    ] Concurrent Thread Roots             851 us, parallelism: 2.15x
[2026-04-03T03:17:40.305+0600][81.843s][info][gc,stats    ]   CTR: <total>                     1830 us
[2026-04-03T03:17:40.305+0600][81.843s][info][gc,stats    ]   CTR: Thread Roots                1830 us, workers (us): 642, 619, 569, ---, ---, ---, 
[2026-04-03T03:17:40.305+0600][81.843s][info][gc,stats    ] Concurrent Weak References          315 us, parallelism: 0.33x
[2026-04-03T03:17:40.305+0600][81.843s][info][gc,stats    ]   CWRF: <total>                     103 us
[2026-04-03T03:17:40.305+0600][81.843s][info][gc,stats    ]   CWRF: Weak References             103 us, workers (us):  52,  50,   0, ---, ---, ---, 
[2026-04-03T03:17:40.305+0600][81.843s][info][gc,stats    ] Concurrent Weak Roots              3123 us
[2026-04-03T03:17:40.305+0600][81.843s][info][gc,stats    ]   Roots                            2705 us, parallelism: 2.59x
[2026-04-03T03:17:40.305+0600][81.843s][info][gc,stats    ]     CWR: <total>                   7011 us
[2026-04-03T03:17:40.305+0600][81.843s][info][gc,stats    ]     CWR: Code Cache Roots          4872 us, workers (us): 1703, 1585, 1585, ---, ---, ---, 
[2026-04-03T03:17:40.305+0600][81.843s][info][gc,stats    ]     CWR: VM Weak Roots             2059 us, workers (us): 760, 648, 650, ---, ---, ---, 
[2026-04-03T03:17:40.305+0600][81.843s][info][gc,stats    ]     CWR: CLDG Roots                  80 us, workers (us): ---,  80, ---, ---, ---, ---, 
[2026-04-03T03:17:40.305+0600][81.843s][info][gc,stats    ]   Rendezvous                        315 us
[2026-04-03T03:17:40.305+0600][81.843s][info][gc,stats    ] Concurrent Cleanup                  243 us
[2026-04-03T03:17:40.305+0600][81.843s][info][gc,stats    ] Concurrent Class Unloading         6951 us
[2026-04-03T03:17:40.305+0600][81.843s][info][gc,stats    ]   Unlink Stale                     6196 us
[2026-04-03T03:17:40.305+0600][81.843s][info][gc,stats    ]     System Dictionary               104 us
[2026-04-03T03:17:40.305+0600][81.843s][info][gc,stats    ]     Weak Class Links                  0 us
[2026-04-03T03:17:40.305+0600][81.843s][info][gc,stats    ]     Code Roots                     6087 us
[2026-04-03T03:17:40.305+0600][81.843s][info][gc,stats    ]   Rendezvous                        335 us
[2026-04-03T03:17:40.305+0600][81.843s][info][gc,stats    ]   Purge Unlinked                    287 us
[2026-04-03T03:17:40.305+0600][81.843s][info][gc,stats    ]     Code Roots                      270 us
[2026-04-03T03:17:40.305+0600][81.843s][info][gc,stats    ]     CLDG                             16 us
[2026-04-03T03:17:40.305+0600][81.843s][info][gc,stats    ]     Exception Caches                  0 us
[2026-04-03T03:17:40.305+0600][81.843s][info][gc,stats    ] Concurrent Strong Roots             906 us, parallelism: 0.57x
[2026-04-03T03:17:40.305+0600][81.843s][info][gc,stats    ]   CSR: <total>                      513 us
[2026-04-03T03:17:40.305+0600][81.843s][info][gc,stats    ]   CSR: VM Strong Roots               54 us, workers (us):  26,  13,  15, ---, ---, ---, 
[2026-04-03T03:17:40.305+0600][81.843s][info][gc,stats    ]   CSR: CLDG Roots                   459 us, workers (us): 459, ---, ---, ---, ---, ---, 
[2026-04-03T03:17:40.305+0600][81.843s][info][gc,stats    ] Concurrent Evacuation             14247 us
[2026-04-03T03:17:40.305+0600][81.843s][info][gc,stats    ] Pause Init Update Refs (G)          454 us
[2026-04-03T03:17:40.305+0600][81.843s][info][gc,stats    ] Pause Init Update Refs (N)          149 us
[2026-04-03T03:17:40.305+0600][81.843s][info][gc,stats    ]   Manage GCLABs                      32 us
[2026-04-03T03:17:40.305+0600][81.843s][info][gc,stats    ] Concurrent Update Refs           141526 us
[2026-04-03T03:17:40.305+0600][81.843s][info][gc,stats    ] Concurrent Update Thread Roots     1409 us
[2026-04-03T03:17:40.305+0600][81.843s][info][gc,stats    ] Pause Final Update Refs (G)         545 us
[2026-04-03T03:17:40.305+0600][81.843s][info][gc,stats    ] Pause Final Update Refs (N)         246 us
[2026-04-03T03:17:40.305+0600][81.843s][info][gc,stats    ]   Update Region States               75 us
[2026-04-03T03:17:40.305+0600][81.844s][info][gc,stats    ]   Trash Collection Set               22 us
[2026-04-03T03:17:40.305+0600][81.844s][info][gc,stats    ]   Rebuild Free Set                   40 us
[2026-04-03T03:17:40.305+0600][81.844s][info][gc,stats    ] Concurrent Cleanup                  401 us
[2026-04-03T03:17:40.305+0600][81.844s][info][gc,stats    ] Pacing                           509786 us
[2026-04-03T03:17:40.305+0600][81.844s][info][gc,stats    ] 
[2026-04-03T03:17:40.305+0600][81.844s][info][gc,stats    ] Allocation pacing accrued:
[2026-04-03T03:17:40.305+0600][81.844s][info][gc,stats    ]     172 of   489 ms ( 35.2%): Executor task launch worker for task 2.0 in stage 27.0 (TID 41)
[2026-04-03T03:17:40.305+0600][81.844s][info][gc,stats    ]     173 of   489 ms ( 35.4%): Executor task launch worker for task 1.0 in stage 27.0 (TID 40)
[2026-04-03T03:17:40.305+0600][81.844s][info][gc,stats    ]     165 of   489 ms ( 33.7%): Executor task launch worker for task 0.0 in stage 27.0 (TID 39)
[2026-04-03T03:17:40.305+0600][81.844s][info][gc,stats    ]     510 of   489 ms (104.2%): <total>
[2026-04-03T03:17:40.305+0600][81.844s][info][gc,stats    ]       3 of   489 ms (  0.5%): <average total>
[2026-04-03T03:17:40.305+0600][81.844s][info][gc,stats    ]     170 of   489 ms ( 34.7%): <average non-zero>
[2026-04-03T03:17:40.305+0600][81.844s][info][gc,stats    ] 
[2026-04-03T03:17:40.305+0600][81.844s][info][gc,metaspace] Metaspace: 73380K(74304K)->73380K(74304K) NonClass: 64080K(64576K)->64080K(64576K) Class: 9300K(9728K)->9300K(9728K)
[2026-04-03T03:17:40.305+0600][81.844s][info][gc,ergo     ] Pacer for Idle. Initial: 15360K, Alloc Tax Rate: 1.0x
[2026-04-03T03:17:40.373+0600][81.911s][info][gc          ] Trigger: Average GC time (505.71 ms) is above the time for average allocation rate (420 MB/s) to deplete free headroom (211M) (margin of error = 1.99)
[2026-04-03T03:17:40.373+0600][81.912s][info][gc,ergo     ] Free headroom: 249M (free) - 38400K (spike) - 0B (penalties) = 211M
[2026-04-03T03:17:40.373+0600][81.912s][info][gc,ergo     ] Free: 249M, Max: 256K regular, 76288K humongous, Frag: 71% external, 0% internal; Reserve: 38400K, Max: 256K
[2026-04-03T03:17:40.373+0600][81.912s][info][gc,start    ] GC(123) Concurrent reset
[2026-04-03T03:17:40.373+0600][81.912s][info][gc,task     ] GC(123) Using 3 of 6 workers for concurrent reset
[2026-04-03T03:17:40.373+0600][81.912s][info][gc,ergo     ] GC(123) Pacer for Reset. Non-Taxable: 750M
[2026-04-03T03:17:40.375+0600][81.913s][info][gc          ] GC(123) Concurrent reset 1.446ms
[2026-04-03T03:17:40.375+0600][81.913s][info][gc,start    ] GC(123) Pause Init Mark (unload classes)
[2026-04-03T03:17:40.375+0600][81.914s][info][gc,task     ] GC(123) Using 6 of 6 workers for init marking
[2026-04-03T03:17:40.375+0600][81.914s][info][gc,ergo     ] GC(123) Pacer for Mark. Expected Live: 209M, Free: 248M, Non-Taxable: 25396K, Alloc Tax Rate: 1.0x
[2026-04-03T03:17:40.375+0600][81.914s][info][gc          ] GC(123) Pause Init Mark (unload classes) 0.141ms
[2026-04-03T03:17:40.375+0600][81.914s][info][gc,start    ] GC(123) Concurrent marking roots
[2026-04-03T03:17:40.375+0600][81.914s][info][gc,task     ] GC(123) Using 3 of 6 workers for concurrent marking roots
[2026-04-03T03:17:40.376+0600][81.915s][info][gc          ] GC(123) Concurrent marking roots 0.884ms
[2026-04-03T03:17:40.376+0600][81.915s][info][gc,start    ] GC(123) Concurrent marking (unload classes)
[2026-04-03T03:17:40.376+0600][81.915s][info][gc,task     ] GC(123) Using 3 of 6 workers for concurrent marking
[2026-04-03T03:17:40.614+0600][82.153s][info][gc          ] GC(123) Concurrent marking (unload classes) 238.188ms
[2026-04-03T03:17:40.615+0600][82.153s][info][gc,start    ] GC(123) Pause Final Mark (unload classes)
[2026-04-03T03:17:40.615+0600][82.153s][info][gc,task     ] GC(123) Using 6 of 6 workers for final marking
[2026-04-03T03:17:40.615+0600][82.153s][info][gc,ergo     ] GC(123) Adaptive CSet Selection. Target Free: 106M, Actual Free: 232M, Max CSet: 32000K, Min Garbage: 0B
[2026-04-03T03:17:40.639+0600][82.177s][info][gc,ergo     ] GC(123) Collectable Garbage: 227M (95%), Immediate: 2304K (0%), CSet: 224M (94%)
[2026-04-03T03:17:40.639+0600][82.177s][info][gc,ergo     ] GC(123) Pacer for Evacuation. Used CSet: 239M, Free: 196M, Non-Taxable: 20071K, Alloc Tax Rate: 3.0x
[2026-04-03T03:17:40.639+0600][82.177s][info][gc          ] GC(123) Pause Final Mark (unload classes) 24.196ms
[2026-04-03T03:17:40.639+0600][82.177s][info][gc,start    ] GC(123) Concurrent thread roots
[2026-04-03T03:17:40.639+0600][82.177s][info][gc,task     ] GC(123) Using 3 of 6 workers for Concurrent thread roots
[2026-04-03T03:17:40.640+0600][82.179s][info][gc          ] GC(123) Concurrent thread roots 1.142ms
[2026-04-03T03:17:40.640+0600][82.179s][info][gc,start    ] GC(123) Concurrent weak references
[2026-04-03T03:17:40.640+0600][82.179s][info][gc,task     ] GC(123) Using 3 of 6 workers for concurrent weak references
[2026-04-03T03:17:40.641+0600][82.179s][info][gc,ref      ] GC(123) Encountered references: Soft: 3175, Weak: 6365, Final: 84, Phantom: 602
[2026-04-03T03:17:40.641+0600][82.179s][info][gc,ref      ] GC(123) Discovered  references: Soft: 0, Weak: 312, Final: 0, Phantom: 599
[2026-04-03T03:17:40.641+0600][82.179s][info][gc,ref      ] GC(123) Enqueued    references: Soft: 0, Weak: 0, Final: 0, Phantom: 0
[2026-04-03T03:17:40.641+0600][82.179s][info][gc          ] GC(123) Concurrent weak references 0.416ms
[2026-04-03T03:17:40.641+0600][82.179s][info][gc,start    ] GC(123) Concurrent weak roots
[2026-04-03T03:17:40.641+0600][82.179s][info][gc,task     ] GC(123) Using 3 of 6 workers for concurrent weak root
[2026-04-03T03:17:40.644+0600][82.183s][info][gc          ] GC(123) Concurrent weak roots 3.528ms
[2026-04-03T03:17:40.644+0600][82.183s][info][gc,start    ] GC(123) Concurrent cleanup
[2026-04-03T03:17:40.645+0600][82.183s][info][gc          ] GC(123) Concurrent cleanup 518M->516M(607M) 0.496ms
[2026-04-03T03:17:40.645+0600][82.183s][info][gc,ergo     ] GC(123) Free: 193M, Max: 256K regular, 76288K humongous, Frag: 62% external, 0% internal; Reserve: 38144K, Max: 256K
[2026-04-03T03:17:40.645+0600][82.183s][info][gc,start    ] GC(123) Concurrent class unloading
[2026-04-03T03:17:40.645+0600][82.183s][info][gc,task     ] GC(123) Using 3 of 6 workers for concurrent class unloading
[2026-04-03T03:17:40.651+0600][82.190s][info][gc          ] GC(123) Concurrent class unloading 6.537ms
[2026-04-03T03:17:40.651+0600][82.190s][info][gc,start    ] GC(123) Concurrent strong roots
[2026-04-03T03:17:40.651+0600][82.190s][info][gc,task     ] GC(123) Using 3 of 6 workers for concurrent strong root
[2026-04-03T03:17:40.652+0600][82.191s][info][gc          ] GC(123) Concurrent strong roots 0.794ms
[2026-04-03T03:17:40.652+0600][82.191s][info][gc,start    ] GC(123) Concurrent evacuation
[2026-04-03T03:17:40.652+0600][82.191s][info][gc,task     ] GC(123) Using 3 of 6 workers for concurrent evacuation
[2026-04-03T03:17:40.668+0600][82.206s][info][gc          ] GC(123) Concurrent evacuation 15.386ms
[2026-04-03T03:17:40.668+0600][82.206s][info][gc,start    ] GC(123) Pause Init Update Refs
[2026-04-03T03:17:40.668+0600][82.206s][info][gc,ergo     ] GC(123) Pacer for Update Refs. Used: 544M, Free: 180M, Non-Taxable: 18432K, Alloc Tax Rate: 3.7x
[2026-04-03T03:17:40.668+0600][82.206s][info][gc          ] GC(123) Pause Init Update Refs 0.185ms
[2026-04-03T03:17:40.668+0600][82.207s][info][gc,start    ] GC(123) Concurrent update references
[2026-04-03T03:17:40.668+0600][82.207s][info][gc,task     ] GC(123) Using 3 of 6 workers for concurrent reference update
[2026-04-03T03:17:40.813+0600][82.352s][info][gc          ] GC(123) Concurrent update references 145.041ms
[2026-04-03T03:17:40.813+0600][82.352s][info][gc,start    ] GC(123) Concurrent update thread roots
[2026-04-03T03:17:40.815+0600][82.353s][info][gc          ] GC(123) Concurrent update thread roots 1.374ms
[2026-04-03T03:17:40.815+0600][82.353s][info][gc,start    ] GC(123) Pause Final Update Refs
[2026-04-03T03:17:40.815+0600][82.353s][info][gc,task     ] GC(123) Using 6 of 6 workers for final reference update
[2026-04-03T03:17:40.815+0600][82.354s][info][gc          ] GC(123) Pause Final Update Refs 0.206ms
[2026-04-03T03:17:40.815+0600][82.354s][info][gc,start    ] GC(123) Concurrent cleanup
[2026-04-03T03:17:40.816+0600][82.354s][info][gc          ] GC(123) Concurrent cleanup 629M->391M(634M) 0.733ms
[2026-04-03T03:17:40.816+0600][82.355s][info][gc,ergo     ] Free: 318M, Max: 256K regular, 59904K humongous, Frag: 82% external, 0% internal; Reserve: 38400K, Max: 256K
[2026-04-03T03:17:40.816+0600][82.355s][info][gc,stats    ] 
[2026-04-03T03:17:40.816+0600][82.355s][info][gc,stats    ] All times are wall-clock times, except per-root-class counters, that are sum over
[2026-04-03T03:17:40.816+0600][82.355s][info][gc,stats    ] all workers. Dividing the <total> over the root stage time estimates parallelism.
[2026-04-03T03:17:40.816+0600][82.355s][info][gc,stats    ] 
[2026-04-03T03:17:40.816+0600][82.355s][info][gc,stats    ] Concurrent Reset                   1517 us
[2026-04-03T03:17:40.816+0600][82.355s][info][gc,stats    ] Pause Init Mark (G)                 509 us
[2026-04-03T03:17:40.816+0600][82.355s][info][gc,stats    ] Pause Init Mark (N)                 150 us
[2026-04-03T03:17:40.816+0600][82.355s][info][gc,stats    ]   Update Region States               31 us
[2026-04-03T03:17:40.816+0600][82.355s][info][gc,stats    ] Concurrent Mark Roots               905 us, parallelism: 2.01x
[2026-04-03T03:17:40.816+0600][82.355s][info][gc,stats    ]   CMR: <total>                     1816 us
[2026-04-03T03:17:40.816+0600][82.355s][info][gc,stats    ]   CMR: Thread Roots                1476 us, workers (us): 606, 298, 572, ---, ---, ---, 
[2026-04-03T03:17:40.816+0600][82.355s][info][gc,stats    ]   CMR: VM Strong Roots               35 us, workers (us):  20,  15,   1, ---, ---, ---, 
[2026-04-03T03:17:40.816+0600][82.355s][info][gc,stats    ]   CMR: CLDG Roots                   305 us, workers (us): ---, 305, ---, ---, ---, ---, 
[2026-04-03T03:17:40.816+0600][82.355s][info][gc,stats    ] Concurrent Marking               238271 us
[2026-04-03T03:17:40.816+0600][82.355s][info][gc,stats    ] Pause Final Mark (G)              24512 us
[2026-04-03T03:17:40.816+0600][82.355s][info][gc,stats    ] Pause Final Mark (N)              24217 us
[2026-04-03T03:17:40.816+0600][82.355s][info][gc,stats    ]   Finish Mark                       311 us
[2026-04-03T03:17:40.816+0600][82.355s][info][gc,stats    ]   Update Region States               39 us
[2026-04-03T03:17:40.816+0600][82.355s][info][gc,stats    ]   Choose Collection Set           23618 us
[2026-04-03T03:17:40.816+0600][82.355s][info][gc,stats    ]   Rebuild Free Set                   93 us
[2026-04-03T03:17:40.816+0600][82.355s][info][gc,stats    ] Concurrent Thread Roots            1194 us, parallelism: 2.04x
[2026-04-03T03:17:40.816+0600][82.355s][info][gc,stats    ]   CTR: <total>                     2433 us
[2026-04-03T03:17:40.816+0600][82.355s][info][gc,stats    ]   CTR: Thread Roots                2433 us, workers (us): 860, 796, 776, ---, ---, ---, 
[2026-04-03T03:17:40.816+0600][82.355s][info][gc,stats    ] Concurrent Weak References          432 us, parallelism: 0.46x
[2026-04-03T03:17:40.816+0600][82.355s][info][gc,stats    ]   CWRF: <total>                     199 us
[2026-04-03T03:17:40.816+0600][82.355s][info][gc,stats    ]   CWRF: Weak References             199 us, workers (us): 118,  66,  15, ---, ---, ---, 
[2026-04-03T03:17:40.816+0600][82.355s][info][gc,stats    ] Concurrent Weak Roots              3595 us
[2026-04-03T03:17:40.816+0600][82.355s][info][gc,stats    ]   Roots                            3173 us, parallelism: 2.44x
[2026-04-03T03:17:40.816+0600][82.355s][info][gc,stats    ]     CWR: <total>                   7735 us
[2026-04-03T03:17:40.816+0600][82.355s][info][gc,stats    ]     CWR: Code Cache Roots          5256 us, workers (us): 1785, 1749, 1722, ---, ---, ---, 
[2026-04-03T03:17:40.816+0600][82.355s][info][gc,stats    ]     CWR: VM Weak Roots             2350 us, workers (us): 863, 745, 742, ---, ---, ---, 
[2026-04-03T03:17:40.816+0600][82.355s][info][gc,stats    ]     CWR: CLDG Roots                 129 us, workers (us): ---, ---, 129, ---, ---, ---, 
[2026-04-03T03:17:40.816+0600][82.355s][info][gc,stats    ]   Rendezvous                        319 us
[2026-04-03T03:17:40.816+0600][82.355s][info][gc,stats    ] Concurrent Cleanup                  512 us
[2026-04-03T03:17:40.817+0600][82.355s][info][gc,stats    ] Concurrent Class Unloading         6610 us
[2026-04-03T03:17:40.817+0600][82.355s][info][gc,stats    ]   Unlink Stale                     6096 us
[2026-04-03T03:17:40.817+0600][82.355s][info][gc,stats    ]     System Dictionary                82 us
[2026-04-03T03:17:40.817+0600][82.355s][info][gc,stats    ]     Weak Class Links                  0 us
[2026-04-03T03:17:40.817+0600][82.355s][info][gc,stats    ]     Code Roots                     6010 us
[2026-04-03T03:17:40.817+0600][82.355s][info][gc,stats    ]   Rendezvous                        373 us
[2026-04-03T03:17:40.817+0600][82.355s][info][gc,stats    ]   Purge Unlinked                     15 us
[2026-04-03T03:17:40.817+0600][82.355s][info][gc,stats    ]     Code Roots                        5 us
[2026-04-03T03:17:40.817+0600][82.355s][info][gc,stats    ]     CLDG                              9 us
[2026-04-03T03:17:40.817+0600][82.355s][info][gc,stats    ]     Exception Caches                  0 us
[2026-04-03T03:17:40.817+0600][82.355s][info][gc,stats    ] Concurrent Strong Roots             848 us, parallelism: 0.56x
[2026-04-03T03:17:40.817+0600][82.355s][info][gc,stats    ]   CSR: <total>                      476 us
[2026-04-03T03:17:40.817+0600][82.355s][info][gc,stats    ]   CSR: VM Strong Roots               47 us, workers (us):  35,  11,   0, ---, ---, ---, 
[2026-04-03T03:17:40.817+0600][82.355s][info][gc,stats    ]   CSR: CLDG Roots                   429 us, workers (us): 429, ---, ---, ---, ---, ---, 
[2026-04-03T03:17:40.817+0600][82.355s][info][gc,stats    ] Concurrent Evacuation             15513 us
[2026-04-03T03:17:40.817+0600][82.355s][info][gc,stats    ] Pause Init Update Refs (G)          417 us
[2026-04-03T03:17:40.817+0600][82.355s][info][gc,stats    ] Pause Init Update Refs (N)          197 us
[2026-04-03T03:17:40.817+0600][82.355s][info][gc,stats    ]   Manage GCLABs                      43 us
[2026-04-03T03:17:40.817+0600][82.355s][info][gc,stats    ] Concurrent Update Refs           145125 us
[2026-04-03T03:17:40.817+0600][82.355s][info][gc,stats    ] Concurrent Update Thread Roots     1453 us
[2026-04-03T03:17:40.817+0600][82.355s][info][gc,stats    ] Pause Final Update Refs (G)         630 us
[2026-04-03T03:17:40.817+0600][82.355s][info][gc,stats    ] Pause Final Update Refs (N)         228 us
[2026-04-03T03:17:40.817+0600][82.355s][info][gc,stats    ]   Update Region States               62 us
[2026-04-03T03:17:40.817+0600][82.355s][info][gc,stats    ]   Trash Collection Set               23 us
[2026-04-03T03:17:40.817+0600][82.355s][info][gc,stats    ]   Rebuild Free Set                   35 us
[2026-04-03T03:17:40.817+0600][82.355s][info][gc,stats    ] Concurrent Cleanup                  756 us
[2026-04-03T03:17:40.817+0600][82.355s][info][gc,stats    ] Pacing                           498050 us
[2026-04-03T03:17:40.817+0600][82.355s][info][gc,stats    ] 
[2026-04-03T03:17:40.817+0600][82.355s][info][gc,stats    ] Allocation pacing accrued:
[2026-04-03T03:17:40.817+0600][82.355s][info][gc,stats    ]     156 of   512 ms ( 30.5%): Executor task launch worker for task 2.0 in stage 27.0 (TID 41)
[2026-04-03T03:17:40.817+0600][82.355s][info][gc,stats    ]     178 of   512 ms ( 34.9%): Executor task launch worker for task 1.0 in stage 27.0 (TID 40)
[2026-04-03T03:17:40.817+0600][82.355s][info][gc,stats    ]     164 of   512 ms ( 32.0%): Executor task launch worker for task 0.0 in stage 27.0 (TID 39)
[2026-04-03T03:17:40.817+0600][82.355s][info][gc,stats    ]     498 of   512 ms ( 97.4%): <total>
[2026-04-03T03:17:40.817+0600][82.355s][info][gc,stats    ]       3 of   512 ms (  0.5%): <average total>
[2026-04-03T03:17:40.817+0600][82.355s][info][gc,stats    ]     166 of   512 ms ( 32.5%): <average non-zero>
[2026-04-03T03:17:40.817+0600][82.355s][info][gc,stats    ] 
[2026-04-03T03:17:40.817+0600][82.355s][info][gc,metaspace] Metaspace: 73382K(74304K)->73382K(74304K) NonClass: 64081K(64576K)->64081K(64576K) Class: 9300K(9728K)->9300K(9728K)
[2026-04-03T03:17:40.817+0600][82.355s][info][gc,ergo     ] Pacer for Idle. Initial: 15360K, Alloc Tax Rate: 1.0x
[2026-04-03T03:17:40.911+0600][82.449s][info][gc          ] Trigger: Average GC time (487.00 ms) is above the time for average allocation rate (392 MB/s) to deplete free headroom (189M) (margin of error = 2.00)
[2026-04-03T03:17:40.911+0600][82.449s][info][gc,ergo     ] Free headroom: 227M (free) - 38400K (spike) - 0B (penalties) = 189M
[2026-04-03T03:17:40.911+0600][82.449s][info][gc,ergo     ] Free: 227M, Max: 256K regular, 59904K humongous, Frag: 75% external, 0% internal; Reserve: 38400K, Max: 256K
[2026-04-03T03:17:40.911+0600][82.449s][info][gc,start    ] GC(124) Concurrent reset
[2026-04-03T03:17:40.911+0600][82.449s][info][gc,task     ] GC(124) Using 3 of 6 workers for concurrent reset
[2026-04-03T03:17:40.911+0600][82.449s][info][gc,ergo     ] GC(124) Pacer for Reset. Non-Taxable: 750M
[2026-04-03T03:17:40.913+0600][82.451s][info][gc          ] GC(124) Concurrent reset 1.643ms
[2026-04-03T03:17:40.913+0600][82.451s][info][gc,start    ] GC(124) Pause Init Mark (unload classes)
[2026-04-03T03:17:40.913+0600][82.451s][info][gc,task     ] GC(124) Using 6 of 6 workers for init marking
[2026-04-03T03:17:40.913+0600][82.451s][info][gc,ergo     ] GC(124) Pacer for Mark. Expected Live: 207M, Free: 225M, Non-Taxable: 23066K, Alloc Tax Rate: 1.1x
[2026-04-03T03:17:40.913+0600][82.451s][info][gc          ] GC(124) Pause Init Mark (unload classes) 0.150ms
[2026-04-03T03:17:40.913+0600][82.452s][info][gc,start    ] GC(124) Concurrent marking roots
[2026-04-03T03:17:40.913+0600][82.452s][info][gc,task     ] GC(124) Using 3 of 6 workers for concurrent marking roots
[2026-04-03T03:17:40.914+0600][82.453s][info][gc          ] GC(124) Concurrent marking roots 1.011ms
[2026-04-03T03:17:40.914+0600][82.453s][info][gc,start    ] GC(124) Concurrent marking (unload classes)
[2026-04-03T03:17:40.914+0600][82.453s][info][gc,task     ] GC(124) Using 3 of 6 workers for concurrent marking
[2026-04-03T03:17:41.220+0600][82.759s][info][gc          ] GC(124) Concurrent marking (unload classes) 306.188ms
[2026-04-03T03:17:41.221+0600][82.759s][info][gc,start    ] GC(124) Pause Final Mark (unload classes)
[2026-04-03T03:17:41.221+0600][82.759s][info][gc,task     ] GC(124) Using 6 of 6 workers for final marking
[2026-04-03T03:17:41.221+0600][82.759s][info][gc,ergo     ] GC(124) Adaptive CSet Selection. Target Free: 106M, Actual Free: 231M, Max CSet: 32000K, Min Garbage: 0B
[2026-04-03T03:17:41.221+0600][82.760s][info][gc,ergo     ] GC(124) Collectable Garbage: 242M (95%), Immediate: 18688K (7%), CSet: 224M (88%)
[2026-04-03T03:17:41.221+0600][82.760s][info][gc,ergo     ] GC(124) Pacer for Evacuation. Used CSet: 239M, Free: 194M, Non-Taxable: 19917K, Alloc Tax Rate: 3.0x
[2026-04-03T03:17:41.221+0600][82.760s][info][gc          ] GC(124) Pause Final Mark (unload classes) 0.955ms
[2026-04-03T03:17:41.222+0600][82.760s][info][gc,start    ] GC(124) Concurrent thread roots
[2026-04-03T03:17:41.222+0600][82.760s][info][gc,task     ] GC(124) Using 3 of 6 workers for Concurrent thread roots
[2026-04-03T03:17:41.222+0600][82.761s][info][gc          ] GC(124) Concurrent thread roots 0.767ms
[2026-04-03T03:17:41.222+0600][82.761s][info][gc,start    ] GC(124) Concurrent weak references
[2026-04-03T03:17:41.222+0600][82.761s][info][gc,task     ] GC(124) Using 3 of 6 workers for concurrent weak references
[2026-04-03T03:17:41.223+0600][82.761s][info][gc,ref      ] GC(124) Encountered references: Soft: 3175, Weak: 6365, Final: 84, Phantom: 602
[2026-04-03T03:17:41.223+0600][82.761s][info][gc,ref      ] GC(124) Discovered  references: Soft: 0, Weak: 301, Final: 0, Phantom: 215
[2026-04-03T03:17:41.223+0600][82.761s][info][gc,ref      ] GC(124) Enqueued    references: Soft: 0, Weak: 0, Final: 0, Phantom: 0
[2026-04-03T03:17:41.223+0600][82.761s][info][gc          ] GC(124) Concurrent weak references 0.263ms
[2026-04-03T03:17:41.223+0600][82.761s][info][gc,start    ] GC(124) Concurrent weak roots
[2026-04-03T03:17:41.223+0600][82.761s][info][gc,task     ] GC(124) Using 3 of 6 workers for concurrent weak root
[2026-04-03T03:17:41.225+0600][82.764s][info][gc          ] GC(124) Concurrent weak roots 2.539ms
[2026-04-03T03:17:41.225+0600][82.764s][info][gc,start    ] GC(124) Concurrent cleanup
[2026-04-03T03:17:41.225+0600][82.764s][info][gc          ] GC(124) Concurrent cleanup 534M->516M(634M) 0.190ms
[2026-04-03T03:17:41.225+0600][82.764s][info][gc,ergo     ] GC(124) Free: 193M, Max: 256K regular, 59904K humongous, Frag: 70% external, 0% internal; Reserve: 38075K, Max: 256K
[2026-04-03T03:17:41.226+0600][82.764s][info][gc,start    ] GC(124) Concurrent class unloading
[2026-04-03T03:17:41.226+0600][82.764s][info][gc,task     ] GC(124) Using 3 of 6 workers for concurrent class unloading
[2026-04-03T03:17:41.232+0600][82.770s][info][gc          ] GC(124) Concurrent class unloading 6.453ms
[2026-04-03T03:17:41.232+0600][82.770s][info][gc,start    ] GC(124) Concurrent strong roots
[2026-04-03T03:17:41.232+0600][82.770s][info][gc,task     ] GC(124) Using 3 of 6 workers for concurrent strong root
[2026-04-03T03:17:41.233+0600][82.771s][info][gc          ] GC(124) Concurrent strong roots 0.762ms
[2026-04-03T03:17:41.233+0600][82.771s][info][gc,start    ] GC(124) Concurrent evacuation
[2026-04-03T03:17:41.233+0600][82.771s][info][gc,task     ] GC(124) Using 3 of 6 workers for concurrent evacuation
[2026-04-03T03:17:41.253+0600][82.791s][info][gc          ] GC(124) Concurrent evacuation 20.128ms
[2026-04-03T03:17:41.253+0600][82.792s][info][gc,start    ] GC(124) Pause Init Update Refs
[2026-04-03T03:17:41.253+0600][82.792s][info][gc,ergo     ] GC(124) Pacer for Update Refs. Used: 548M, Free: 177M, Non-Taxable: 18151K, Alloc Tax Rate: 3.8x
[2026-04-03T03:17:41.253+0600][82.792s][info][gc          ] GC(124) Pause Init Update Refs 0.159ms
[2026-04-03T03:17:41.253+0600][82.792s][info][gc,start    ] GC(124) Concurrent update references
[2026-04-03T03:17:41.254+0600][82.792s][info][gc,task     ] GC(124) Using 3 of 6 workers for concurrent reference update
[2026-04-03T03:17:41.402+0600][82.941s][info][gc          ] GC(124) Concurrent update references 148.682ms
[2026-04-03T03:17:41.402+0600][82.941s][info][gc,start    ] GC(124) Concurrent update thread roots
[2026-04-03T03:17:41.404+0600][82.942s][info][gc          ] GC(124) Concurrent update thread roots 1.275ms
[2026-04-03T03:17:41.404+0600][82.942s][info][gc,start    ] GC(124) Pause Final Update Refs
[2026-04-03T03:17:41.404+0600][82.942s][info][gc,task     ] GC(124) Using 6 of 6 workers for final reference update
[2026-04-03T03:17:41.404+0600][82.942s][info][gc          ] GC(124) Pause Final Update Refs 0.229ms
[2026-04-03T03:17:41.404+0600][82.943s][info][gc,start    ] GC(124) Concurrent cleanup
[2026-04-03T03:17:41.405+0600][82.943s][info][gc          ] GC(124) Concurrent cleanup 638M->399M(643M) 0.351ms
[2026-04-03T03:17:41.405+0600][82.943s][info][gc,ergo     ] Free: 310M, Max: 256K regular, 77056K humongous, Frag: 76% external, 0% internal; Reserve: 38400K, Max: 256K
[2026-04-03T03:17:41.405+0600][82.943s][info][gc,stats    ] 
[2026-04-03T03:17:41.405+0600][82.943s][info][gc,stats    ] All times are wall-clock times, except per-root-class counters, that are sum over
[2026-04-03T03:17:41.405+0600][82.943s][info][gc,stats    ] all workers. Dividing the <total> over the root stage time estimates parallelism.
[2026-04-03T03:17:41.405+0600][82.943s][info][gc,stats    ] 
[2026-04-03T03:17:41.405+0600][82.943s][info][gc,stats    ] Concurrent Reset                   1732 us
[2026-04-03T03:17:41.405+0600][82.943s][info][gc,stats    ] Pause Init Mark (G)                 417 us
[2026-04-03T03:17:41.405+0600][82.943s][info][gc,stats    ] Pause Init Mark (N)                 163 us
[2026-04-03T03:17:41.405+0600][82.943s][info][gc,stats    ]   Update Region States               31 us
[2026-04-03T03:17:41.405+0600][82.943s][info][gc,stats    ] Concurrent Mark Roots              1048 us, parallelism: 1.85x
[2026-04-03T03:17:41.405+0600][82.943s][info][gc,stats    ]   CMR: <total>                     1943 us
[2026-04-03T03:17:41.405+0600][82.943s][info][gc,stats    ]   CMR: Thread Roots                1574 us, workers (us): 657, 324, 593, ---, ---, ---, 
[2026-04-03T03:17:41.405+0600][82.943s][info][gc,stats    ]   CMR: VM Strong Roots               38 us, workers (us):  32,   5,   1, ---, ---, ---, 
[2026-04-03T03:17:41.405+0600][82.943s][info][gc,stats    ]   CMR: CLDG Roots                   332 us, workers (us): ---, 332, ---, ---, ---, ---, 
[2026-04-03T03:17:41.405+0600][82.943s][info][gc,stats    ] Concurrent Marking               306263 us
[2026-04-03T03:17:41.405+0600][82.943s][info][gc,stats    ] Pause Final Mark (G)               1116 us
[2026-04-03T03:17:41.405+0600][82.943s][info][gc,stats    ] Pause Final Mark (N)                969 us
[2026-04-03T03:17:41.405+0600][82.943s][info][gc,stats    ]   Finish Mark                       274 us
[2026-04-03T03:17:41.405+0600][82.943s][info][gc,stats    ]   Update Region States               50 us
[2026-04-03T03:17:41.405+0600][82.943s][info][gc,stats    ]   Choose Collection Set             505 us
[2026-04-03T03:17:41.405+0600][82.943s][info][gc,stats    ]   Rebuild Free Set                   33 us
[2026-04-03T03:17:41.405+0600][82.943s][info][gc,stats    ] Concurrent Thread Roots             802 us, parallelism: 1.96x
[2026-04-03T03:17:41.405+0600][82.943s][info][gc,stats    ]   CTR: <total>                     1572 us
[2026-04-03T03:17:41.405+0600][82.943s][info][gc,stats    ]   CTR: Thread Roots                1572 us, workers (us): 547, 518, 507, ---, ---, ---, 
[2026-04-03T03:17:41.405+0600][82.943s][info][gc,stats    ] Concurrent Weak References          273 us, parallelism: 0.34x
[2026-04-03T03:17:41.405+0600][82.943s][info][gc,stats    ]   CWRF: <total>                      92 us
[2026-04-03T03:17:41.405+0600][82.943s][info][gc,stats    ]   CWRF: Weak References              92 us, workers (us):  19,  31,  42, ---, ---, ---, 
[2026-04-03T03:17:41.405+0600][82.943s][info][gc,stats    ] Concurrent Weak Roots              2597 us
[2026-04-03T03:17:41.405+0600][82.943s][info][gc,stats    ]   Roots                            2264 us, parallelism: 2.62x
[2026-04-03T03:17:41.405+0600][82.943s][info][gc,stats    ]     CWR: <total>                   5932 us
[2026-04-03T03:17:41.405+0600][82.943s][info][gc,stats    ]     CWR: Code Cache Roots          4080 us, workers (us): 1398, 1390, 1291, ---, ---, ---, 
[2026-04-03T03:17:41.405+0600][82.944s][info][gc,stats    ]     CWR: VM Weak Roots             1738 us, workers (us): 622, 601, 515, ---, ---, ---, 
[2026-04-03T03:17:41.405+0600][82.944s][info][gc,stats    ]     CWR: CLDG Roots                 115 us, workers (us): ---, ---, 115, ---, ---, ---, 
[2026-04-03T03:17:41.405+0600][82.944s][info][gc,stats    ]   Rendezvous                        239 us
[2026-04-03T03:17:41.405+0600][82.944s][info][gc,stats    ] Concurrent Cleanup                  210 us
[2026-04-03T03:17:41.405+0600][82.944s][info][gc,stats    ] Concurrent Class Unloading         6535 us
[2026-04-03T03:17:41.405+0600][82.944s][info][gc,stats    ]   Unlink Stale                     5782 us
[2026-04-03T03:17:41.405+0600][82.944s][info][gc,stats    ]     System Dictionary                97 us
[2026-04-03T03:17:41.405+0600][82.944s][info][gc,stats    ]     Weak Class Links                  0 us
[2026-04-03T03:17:41.405+0600][82.944s][info][gc,stats    ]     Code Roots                     5681 us
[2026-04-03T03:17:41.405+0600][82.944s][info][gc,stats    ]   Rendezvous                        301 us
[2026-04-03T03:17:41.405+0600][82.944s][info][gc,stats    ]   Purge Unlinked                    339 us
[2026-04-03T03:17:41.405+0600][82.944s][info][gc,stats    ]     Code Roots                      329 us
[2026-04-03T03:17:41.405+0600][82.944s][info][gc,stats    ]     CLDG                              9 us
[2026-04-03T03:17:41.405+0600][82.944s][info][gc,stats    ]     Exception Caches                  0 us
[2026-04-03T03:17:41.405+0600][82.944s][info][gc,stats    ] Concurrent Strong Roots             808 us, parallelism: 0.59x
[2026-04-03T03:17:41.405+0600][82.944s][info][gc,stats    ]   CSR: <total>                      480 us
[2026-04-03T03:17:41.405+0600][82.944s][info][gc,stats    ]   CSR: VM Strong Roots               47 us, workers (us):  35,  12,   0, ---, ---, ---, 
[2026-04-03T03:17:41.405+0600][82.944s][info][gc,stats    ]   CSR: CLDG Roots                   433 us, workers (us): 433, ---, ---, ---, ---, ---, 
[2026-04-03T03:17:41.405+0600][82.944s][info][gc,stats    ] Concurrent Evacuation             20224 us
[2026-04-03T03:17:41.405+0600][82.944s][info][gc,stats    ] Pause Init Update Refs (G)          405 us
[2026-04-03T03:17:41.405+0600][82.944s][info][gc,stats    ] Pause Init Update Refs (N)          176 us
[2026-04-03T03:17:41.405+0600][82.944s][info][gc,stats    ]   Manage GCLABs                      55 us
[2026-04-03T03:17:41.405+0600][82.944s][info][gc,stats    ] Concurrent Update Refs           148803 us
[2026-04-03T03:17:41.405+0600][82.944s][info][gc,stats    ] Concurrent Update Thread Roots     1351 us
[2026-04-03T03:17:41.405+0600][82.944s][info][gc,stats    ] Pause Final Update Refs (G)         604 us
[2026-04-03T03:17:41.405+0600][82.944s][info][gc,stats    ] Pause Final Update Refs (N)         242 us
[2026-04-03T03:17:41.405+0600][82.944s][info][gc,stats    ]   Update Region States               50 us
[2026-04-03T03:17:41.405+0600][82.944s][info][gc,stats    ]   Trash Collection Set               23 us
[2026-04-03T03:17:41.405+0600][82.944s][info][gc,stats    ]   Rebuild Free Set                   41 us
[2026-04-03T03:17:41.405+0600][82.944s][info][gc,stats    ] Concurrent Cleanup                  376 us
[2026-04-03T03:17:41.405+0600][82.944s][info][gc,stats    ] Pacing                           689371 us
[2026-04-03T03:17:41.405+0600][82.944s][info][gc,stats    ] 
[2026-04-03T03:17:41.405+0600][82.944s][info][gc,stats    ] Allocation pacing accrued:
[2026-04-03T03:17:41.405+0600][82.944s][info][gc,stats    ]      11 of   589 ms (  1.9%): Spark Context Cleaner
[2026-04-03T03:17:41.405+0600][82.944s][info][gc,stats    ]     233 of   589 ms ( 39.6%): Executor task launch worker for task 2.0 in stage 27.0 (TID 41)
[2026-04-03T03:17:41.405+0600][82.944s][info][gc,stats    ]     235 of   589 ms ( 39.9%): Executor task launch worker for task 1.0 in stage 27.0 (TID 40)
[2026-04-03T03:17:41.405+0600][82.944s][info][gc,stats    ]     210 of   589 ms ( 35.7%): Executor task launch worker for task 0.0 in stage 27.0 (TID 39)
[2026-04-03T03:17:41.406+0600][82.944s][info][gc,stats    ]     689 of   589 ms (117.1%): <total>
[2026-04-03T03:17:41.406+0600][82.944s][info][gc,stats    ]       4 of   589 ms (  0.6%): <average total>
[2026-04-03T03:17:41.406+0600][82.944s][info][gc,stats    ]     172 of   589 ms ( 29.3%): <average non-zero>
[2026-04-03T03:17:41.406+0600][82.944s][info][gc,stats    ] 
[2026-04-03T03:17:41.406+0600][82.944s][info][gc,metaspace] Metaspace: 73382K(74304K)->73382K(74304K) NonClass: 64081K(64576K)->64081K(64576K) Class: 9300K(9728K)->9300K(9728K)
[2026-04-03T03:17:41.406+0600][82.944s][info][gc,ergo     ] Pacer for Idle. Initial: 15360K, Alloc Tax Rate: 1.0x
[2026-04-03T03:17:41.483+0600][83.021s][info][gc          ] Trigger: Average GC time (527.01 ms) is above the time for average allocation rate (359 MB/s) to deplete free headroom (189M) (margin of error = 2.01)
[2026-04-03T03:17:41.483+0600][83.021s][info][gc,ergo     ] Free headroom: 226M (free) - 38400K (spike) - 0B (penalties) = 189M
[2026-04-03T03:17:41.483+0600][83.021s][info][gc,ergo     ] Free: 226M, Max: 256K regular, 77056K humongous, Frag: 67% external, 0% internal; Reserve: 38400K, Max: 256K
[2026-04-03T03:17:41.483+0600][83.022s][info][gc,start    ] GC(125) Concurrent reset
[2026-04-03T03:17:41.483+0600][83.022s][info][gc,task     ] GC(125) Using 3 of 6 workers for concurrent reset
[2026-04-03T03:17:41.483+0600][83.022s][info][gc,ergo     ] GC(125) Pacer for Reset. Non-Taxable: 750M
[2026-04-03T03:17:41.485+0600][83.023s][info][gc          ] GC(125) Concurrent reset 1.570ms
[2026-04-03T03:17:41.485+0600][83.023s][info][gc,start    ] GC(125) Pause Init Mark (unload classes)
[2026-04-03T03:17:41.485+0600][83.023s][info][gc,task     ] GC(125) Using 6 of 6 workers for init marking
[2026-04-03T03:17:41.485+0600][83.023s][info][gc,ergo     ] GC(125) Pacer for Mark. Expected Live: 216M, Free: 225M, Non-Taxable: 23040K, Alloc Tax Rate: 1.2x
[2026-04-03T03:17:41.485+0600][83.023s][info][gc          ] GC(125) Pause Init Mark (unload classes) 0.147ms
[2026-04-03T03:17:41.485+0600][83.024s][info][gc,start    ] GC(125) Concurrent marking roots
[2026-04-03T03:17:41.485+0600][83.024s][info][gc,task     ] GC(125) Using 3 of 6 workers for concurrent marking roots
[2026-04-03T03:17:41.486+0600][83.024s][info][gc          ] GC(125) Concurrent marking roots 0.890ms
[2026-04-03T03:17:41.486+0600][83.025s][info][gc,start    ] GC(125) Concurrent marking (unload classes)
[2026-04-03T03:17:41.486+0600][83.025s][info][gc,task     ] GC(125) Using 3 of 6 workers for concurrent marking
[2026-04-03T03:17:41.740+0600][83.278s][info][gc          ] GC(125) Concurrent marking (unload classes) 253.792ms
[2026-04-03T03:17:41.740+0600][83.278s][info][gc,start    ] GC(125) Pause Final Mark (unload classes)
[2026-04-03T03:17:41.740+0600][83.279s][info][gc,task     ] GC(125) Using 6 of 6 workers for final marking
[2026-04-03T03:17:41.741+0600][83.279s][info][gc,ergo     ] GC(125) Adaptive CSet Selection. Target Free: 106M, Actual Free: 214M, Max CSet: 32000K, Min Garbage: 0B
[2026-04-03T03:17:41.741+0600][83.279s][info][gc,ergo     ] GC(125) Collectable Garbage: 232M (94%), Immediate: 2560K (1%), CSet: 230M (93%)
[2026-04-03T03:17:41.741+0600][83.279s][info][gc,ergo     ] GC(125) Pacer for Evacuation. Used CSet: 245M, Free: 177M, Non-Taxable: 18202K, Alloc Tax Rate: 3.4x
[2026-04-03T03:17:41.741+0600][83.279s][info][gc          ] GC(125) Pause Final Mark (unload classes) 0.988ms
[2026-04-03T03:17:41.741+0600][83.280s][info][gc,start    ] GC(125) Concurrent thread roots
[2026-04-03T03:17:41.741+0600][83.280s][info][gc,task     ] GC(125) Using 3 of 6 workers for Concurrent thread roots
[2026-04-03T03:17:41.742+0600][83.280s][info][gc          ] GC(125) Concurrent thread roots 0.760ms
[2026-04-03T03:17:41.742+0600][83.280s][info][gc,start    ] GC(125) Concurrent weak references
[2026-04-03T03:17:41.742+0600][83.280s][info][gc,task     ] GC(125) Using 3 of 6 workers for concurrent weak references
[2026-04-03T03:17:41.742+0600][83.281s][info][gc,ref      ] GC(125) Encountered references: Soft: 3175, Weak: 6365, Final: 84, Phantom: 602
[2026-04-03T03:17:41.742+0600][83.281s][info][gc,ref      ] GC(125) Discovered  references: Soft: 0, Weak: 704, Final: 0, Phantom: 599
[2026-04-03T03:17:41.742+0600][83.281s][info][gc,ref      ] GC(125) Enqueued    references: Soft: 0, Weak: 0, Final: 0, Phantom: 0
[2026-04-03T03:17:41.742+0600][83.281s][info][gc          ] GC(125) Concurrent weak references 0.324ms
[2026-04-03T03:17:41.742+0600][83.281s][info][gc,start    ] GC(125) Concurrent weak roots
[2026-04-03T03:17:41.742+0600][83.281s][info][gc,task     ] GC(125) Using 3 of 6 workers for concurrent weak root
[2026-04-03T03:17:41.745+0600][83.283s][info][gc          ] GC(125) Concurrent weak roots 2.168ms
[2026-04-03T03:17:41.745+0600][83.283s][info][gc,start    ] GC(125) Concurrent cleanup
[2026-04-03T03:17:41.745+0600][83.283s][info][gc          ] GC(125) Concurrent cleanup 536M->533M(643M) 0.195ms
[2026-04-03T03:17:41.745+0600][83.283s][info][gc,ergo     ] GC(125) Free: 176M, Max: 256K regular, 77056K humongous, Frag: 58% external, 0% internal; Reserve: 38111K, Max: 256K
[2026-04-03T03:17:41.745+0600][83.283s][info][gc,start    ] GC(125) Concurrent class unloading
[2026-04-03T03:17:41.745+0600][83.283s][info][gc,task     ] GC(125) Using 3 of 6 workers for concurrent class unloading
[2026-04-03T03:17:41.751+0600][83.290s][info][gc          ] GC(125) Concurrent class unloading 6.490ms
[2026-04-03T03:17:41.751+0600][83.290s][info][gc,start    ] GC(125) Concurrent strong roots
[2026-04-03T03:17:41.751+0600][83.290s][info][gc,task     ] GC(125) Using 3 of 6 workers for concurrent strong root
[2026-04-03T03:17:41.752+0600][83.290s][info][gc          ] GC(125) Concurrent strong roots 0.689ms
[2026-04-03T03:17:41.752+0600][83.291s][info][gc,start    ] GC(125) Concurrent evacuation
[2026-04-03T03:17:41.752+0600][83.291s][info][gc,task     ] GC(125) Using 3 of 6 workers for concurrent evacuation
[2026-04-03T03:17:41.771+0600][83.310s][info][gc          ] GC(125) Concurrent evacuation 19.092ms
[2026-04-03T03:17:41.771+0600][83.310s][info][gc,start    ] GC(125) Pause Init Update Refs
[2026-04-03T03:17:41.772+0600][83.310s][info][gc,ergo     ] GC(125) Pacer for Update Refs. Used: 564M, Free: 161M, Non-Taxable: 16538K, Alloc Tax Rate: 4.3x
[2026-04-03T03:17:41.772+0600][83.310s][info][gc          ] GC(125) Pause Init Update Refs 0.104ms
[2026-04-03T03:17:41.772+0600][83.310s][info][gc,start    ] GC(125) Concurrent update references
[2026-04-03T03:17:41.772+0600][83.310s][info][gc,task     ] GC(125) Using 3 of 6 workers for concurrent reference update
[2026-04-03T03:17:41.917+0600][83.456s][info][gc          ] GC(125) Concurrent update references 145.575ms
[2026-04-03T03:17:41.917+0600][83.456s][info][gc,start    ] GC(125) Concurrent update thread roots
[2026-04-03T03:17:41.918+0600][83.457s][info][gc          ] GC(125) Concurrent update thread roots 1.046ms
[2026-04-03T03:17:41.919+0600][83.457s][info][gc,start    ] GC(125) Pause Final Update Refs
[2026-04-03T03:17:41.919+0600][83.457s][info][gc,task     ] GC(125) Using 6 of 6 workers for final reference update
[2026-04-03T03:17:41.919+0600][83.457s][info][gc          ] GC(125) Pause Final Update Refs 0.293ms
[2026-04-03T03:17:41.919+0600][83.457s][info][gc,start    ] GC(125) Concurrent cleanup
[2026-04-03T03:17:41.919+0600][83.458s][info][gc          ] GC(125) Concurrent cleanup 647M->401M(651M) 0.396ms
[2026-04-03T03:17:41.920+0600][83.458s][info][gc,ergo     ] Free: 308M, Max: 256K regular, 49408K humongous, Frag: 85% external, 0% internal; Reserve: 38400K, Max: 256K
[2026-04-03T03:17:41.920+0600][83.458s][info][gc,stats    ] 
[2026-04-03T03:17:41.920+0600][83.458s][info][gc,stats    ] All times are wall-clock times, except per-root-class counters, that are sum over
[2026-04-03T03:17:41.920+0600][83.458s][info][gc,stats    ] all workers. Dividing the <total> over the root stage time estimates parallelism.
[2026-04-03T03:17:41.920+0600][83.458s][info][gc,stats    ] 
[2026-04-03T03:17:41.920+0600][83.458s][info][gc,stats    ] Concurrent Reset                   1629 us
[2026-04-03T03:17:41.920+0600][83.458s][info][gc,stats    ] Pause Init Mark (G)                 412 us
[2026-04-03T03:17:41.920+0600][83.458s][info][gc,stats    ] Pause Init Mark (N)                 159 us
[2026-04-03T03:17:41.920+0600][83.458s][info][gc,stats    ]   Update Region States               31 us
[2026-04-03T03:17:41.920+0600][83.458s][info][gc,stats    ] Concurrent Mark Roots               937 us, parallelism: 1.62x
[2026-04-03T03:17:41.920+0600][83.458s][info][gc,stats    ]   CMR: <total>                     1521 us
[2026-04-03T03:17:41.920+0600][83.458s][info][gc,stats    ]   CMR: Thread Roots                1286 us, workers (us): 300, 499, 487, ---, ---, ---, 
[2026-04-03T03:17:41.920+0600][83.458s][info][gc,stats    ]   CMR: VM Strong Roots               37 us, workers (us):  29,   7,   1, ---, ---, ---, 
[2026-04-03T03:17:41.920+0600][83.458s][info][gc,stats    ]   CMR: CLDG Roots                   198 us, workers (us): 198, ---, ---, ---, ---, ---, 
[2026-04-03T03:17:41.920+0600][83.458s][info][gc,stats    ] Concurrent Marking               253871 us
[2026-04-03T03:17:41.920+0600][83.458s][info][gc,stats    ] Pause Final Mark (G)               1225 us
[2026-04-03T03:17:41.920+0600][83.458s][info][gc,stats    ] Pause Final Mark (N)               1002 us
[2026-04-03T03:17:41.920+0600][83.458s][info][gc,stats    ]   Finish Mark                       268 us
[2026-04-03T03:17:41.920+0600][83.458s][info][gc,stats    ]   Update Region States               52 us
[2026-04-03T03:17:41.920+0600][83.458s][info][gc,stats    ]   Choose Collection Set             551 us
[2026-04-03T03:17:41.920+0600][83.458s][info][gc,stats    ]   Rebuild Free Set                   32 us
[2026-04-03T03:17:41.920+0600][83.458s][info][gc,stats    ] Concurrent Thread Roots             801 us, parallelism: 1.94x
[2026-04-03T03:17:41.920+0600][83.458s][info][gc,stats    ]   CTR: <total>                     1551 us
[2026-04-03T03:17:41.920+0600][83.458s][info][gc,stats    ]   CTR: Thread Roots                1551 us, workers (us): 538, 520, 493, ---, ---, ---, 
[2026-04-03T03:17:41.920+0600][83.458s][info][gc,stats    ] Concurrent Weak References          336 us, parallelism: 0.53x
[2026-04-03T03:17:41.920+0600][83.458s][info][gc,stats    ]   CWRF: <total>                     178 us
[2026-04-03T03:17:41.920+0600][83.458s][info][gc,stats    ]   CWRF: Weak References             178 us, workers (us): 136,   1,  41, ---, ---, ---, 
[2026-04-03T03:17:41.920+0600][83.458s][info][gc,stats    ] Concurrent Weak Roots              2230 us
[2026-04-03T03:17:41.920+0600][83.458s][info][gc,stats    ]   Roots                            1922 us, parallelism: 2.43x
[2026-04-03T03:17:41.920+0600][83.458s][info][gc,stats    ]     CWR: <total>                   4676 us
[2026-04-03T03:17:41.920+0600][83.458s][info][gc,stats    ]     CWR: Code Cache Roots          3005 us, workers (us): 1011, 1070, 924, ---, ---, ---, 
[2026-04-03T03:17:41.920+0600][83.458s][info][gc,stats    ]     CWR: VM Weak Roots             1559 us, workers (us): 555, 505, 499, ---, ---, ---, 
[2026-04-03T03:17:41.920+0600][83.458s][info][gc,stats    ]     CWR: CLDG Roots                 112 us, workers (us): ---, ---, 112, ---, ---, ---, 
[2026-04-03T03:17:41.920+0600][83.458s][info][gc,stats    ]   Rendezvous                        221 us
[2026-04-03T03:17:41.920+0600][83.458s][info][gc,stats    ] Concurrent Cleanup                  215 us
[2026-04-03T03:17:41.920+0600][83.458s][info][gc,stats    ] Concurrent Class Unloading         6565 us
[2026-04-03T03:17:41.920+0600][83.458s][info][gc,stats    ]   Unlink Stale                     5976 us
[2026-04-03T03:17:41.920+0600][83.458s][info][gc,stats    ]     System Dictionary                93 us
[2026-04-03T03:17:41.920+0600][83.458s][info][gc,stats    ]     Weak Class Links                  1 us
[2026-04-03T03:17:41.920+0600][83.458s][info][gc,stats    ]     Code Roots                     5861 us
[2026-04-03T03:17:41.920+0600][83.458s][info][gc,stats    ]   Rendezvous                        325 us
[2026-04-03T03:17:41.920+0600][83.459s][info][gc,stats    ]   Purge Unlinked                    158 us
[2026-04-03T03:17:41.920+0600][83.459s][info][gc,stats    ]     Code Roots                      149 us
[2026-04-03T03:17:41.920+0600][83.459s][info][gc,stats    ]     CLDG                              9 us
[2026-04-03T03:17:41.920+0600][83.459s][info][gc,stats    ]     Exception Caches                  0 us
[2026-04-03T03:17:41.920+0600][83.459s][info][gc,stats    ] Concurrent Strong Roots             740 us, parallelism: 0.60x
[2026-04-03T03:17:41.920+0600][83.459s][info][gc,stats    ]   CSR: <total>                      448 us
[2026-04-03T03:17:41.920+0600][83.459s][info][gc,stats    ]   CSR: VM Strong Roots               33 us, workers (us):  31,   1,   1, ---, ---, ---, 
[2026-04-03T03:17:41.920+0600][83.459s][info][gc,stats    ]   CSR: CLDG Roots                   415 us, workers (us): 415, ---, ---, ---, ---, ---, 
[2026-04-03T03:17:41.920+0600][83.459s][info][gc,stats    ] Concurrent Evacuation             19180 us
[2026-04-03T03:17:41.920+0600][83.459s][info][gc,stats    ] Pause Init Update Refs (G)          266 us
[2026-04-03T03:17:41.920+0600][83.459s][info][gc,stats    ] Pause Init Update Refs (N)          115 us
[2026-04-03T03:17:41.920+0600][83.459s][info][gc,stats    ]   Manage GCLABs                      23 us
[2026-04-03T03:17:41.920+0600][83.459s][info][gc,stats    ] Concurrent Update Refs           145696 us
[2026-04-03T03:17:41.920+0600][83.459s][info][gc,stats    ] Concurrent Update Thread Roots     1124 us
[2026-04-03T03:17:41.920+0600][83.459s][info][gc,stats    ] Pause Final Update Refs (G)         639 us
[2026-04-03T03:17:41.920+0600][83.459s][info][gc,stats    ] Pause Final Update Refs (N)         310 us
[2026-04-03T03:17:41.920+0600][83.459s][info][gc,stats    ]   Update Region States               96 us
[2026-04-03T03:17:41.920+0600][83.459s][info][gc,stats    ]   Trash Collection Set               22 us
[2026-04-03T03:17:41.920+0600][83.459s][info][gc,stats    ]   Rebuild Free Set                   37 us
[2026-04-03T03:17:41.920+0600][83.459s][info][gc,stats    ] Concurrent Cleanup                  426 us
[2026-04-03T03:17:41.920+0600][83.459s][info][gc,stats    ] Pacing                           536869 us
[2026-04-03T03:17:41.920+0600][83.459s][info][gc,stats    ] 
[2026-04-03T03:17:41.920+0600][83.459s][info][gc,stats    ] Allocation pacing accrued:
[2026-04-03T03:17:41.920+0600][83.459s][info][gc,stats    ]     177 of   515 ms ( 34.4%): Executor task launch worker for task 2.0 in stage 27.0 (TID 41)
[2026-04-03T03:17:41.920+0600][83.459s][info][gc,stats    ]     179 of   515 ms ( 34.8%): Executor task launch worker for task 1.0 in stage 27.0 (TID 40)
[2026-04-03T03:17:41.920+0600][83.459s][info][gc,stats    ]     181 of   515 ms ( 35.1%): Executor task launch worker for task 0.0 in stage 27.0 (TID 39)
[2026-04-03T03:17:41.920+0600][83.459s][info][gc,stats    ]     537 of   515 ms (104.3%): <total>
[2026-04-03T03:17:41.920+0600][83.459s][info][gc,stats    ]       3 of   515 ms (  0.5%): <average total>
[2026-04-03T03:17:41.920+0600][83.459s][info][gc,stats    ]     179 of   515 ms ( 34.8%): <average non-zero>
[2026-04-03T03:17:41.920+0600][83.459s][info][gc,stats    ] 
[2026-04-03T03:17:41.920+0600][83.459s][info][gc,metaspace] Metaspace: 73382K(74304K)->73387K(74304K) NonClass: 64081K(64576K)->64086K(64576K) Class: 9300K(9728K)->9300K(9728K)
[2026-04-03T03:17:41.920+0600][83.459s][info][gc,ergo     ] Pacer for Idle. Initial: 15360K, Alloc Tax Rate: 1.0x
[2026-04-03T03:17:42.005+0600][83.543s][info][gc          ] Trigger: Average GC time (505.51 ms) is above the time for average allocation rate (355 MB/s) to deplete free headroom (178M) (margin of error = 2.02)
[2026-04-03T03:17:42.005+0600][83.544s][info][gc,ergo     ] Free headroom: 216M (free) - 38400K (spike) - 0B (penalties) = 178M
[2026-04-03T03:17:42.005+0600][83.544s][info][gc,ergo     ] Free: 216M, Max: 256K regular, 49408K humongous, Frag: 78% external, 0% internal; Reserve: 38400K, Max: 256K
[2026-04-03T03:17:42.005+0600][83.544s][info][gc,start    ] GC(126) Concurrent reset
[2026-04-03T03:17:42.005+0600][83.544s][info][gc,task     ] GC(126) Using 3 of 6 workers for concurrent reset
[2026-04-03T03:17:42.005+0600][83.544s][info][gc,ergo     ] GC(126) Pacer for Reset. Non-Taxable: 750M
[2026-04-03T03:17:42.007+0600][83.545s][info][gc          ] GC(126) Concurrent reset 1.515ms
[2026-04-03T03:17:42.007+0600][83.545s][info][gc,start    ] GC(126) Pause Init Mark (unload classes)
[2026-04-03T03:17:42.007+0600][83.545s][info][gc,task     ] GC(126) Using 6 of 6 workers for init marking
[2026-04-03T03:17:42.007+0600][83.546s][info][gc,ergo     ] GC(126) Pacer for Mark. Expected Live: 224M, Free: 214M, Non-Taxable: 21915K, Alloc Tax Rate: 1.3x
[2026-04-03T03:17:42.007+0600][83.546s][info][gc          ] GC(126) Pause Init Mark (unload classes) 0.186ms
[2026-04-03T03:17:42.007+0600][83.546s][info][gc,start    ] GC(126) Concurrent marking roots
[2026-04-03T03:17:42.007+0600][83.546s][info][gc,task     ] GC(126) Using 3 of 6 workers for concurrent marking roots
[2026-04-03T03:17:42.008+0600][83.547s][info][gc          ] GC(126) Concurrent marking roots 1.007ms
[2026-04-03T03:17:42.008+0600][83.547s][info][gc,start    ] GC(126) Concurrent marking (unload classes)
[2026-04-03T03:17:42.008+0600][83.547s][info][gc,task     ] GC(126) Using 3 of 6 workers for concurrent marking
[2026-04-03T03:17:42.296+0600][83.834s][info][gc          ] GC(126) Concurrent marking (unload classes) 287.472ms
[2026-04-03T03:17:42.296+0600][83.834s][info][gc,start    ] GC(126) Pause Final Mark (unload classes)
[2026-04-03T03:17:42.296+0600][83.834s][info][gc,task     ] GC(126) Using 6 of 6 workers for final marking
[2026-04-03T03:17:42.297+0600][83.835s][info][gc,ergo     ] GC(126) Adaptive CSet Selection. Target Free: 106M, Actual Free: 207M, Max CSet: 32000K, Min Garbage: 0B
[2026-04-03T03:17:42.297+0600][83.835s][info][gc,ergo     ] GC(126) Collectable Garbage: 235M (94%), Immediate: 1792K (0%), CSet: 234M (93%)
[2026-04-03T03:17:42.297+0600][83.835s][info][gc,ergo     ] GC(126) Pacer for Evacuation. Used CSet: 248M, Free: 170M, Non-Taxable: 17435K, Alloc Tax Rate: 3.6x
[2026-04-03T03:17:42.297+0600][83.835s][info][gc          ] GC(126) Pause Final Mark (unload classes) 1.091ms
[2026-04-03T03:17:42.297+0600][83.836s][info][gc,start    ] GC(126) Concurrent thread roots
[2026-04-03T03:17:42.297+0600][83.836s][info][gc,task     ] GC(126) Using 3 of 6 workers for Concurrent thread roots
[2026-04-03T03:17:42.298+0600][83.836s][info][gc          ] GC(126) Concurrent thread roots 0.815ms
[2026-04-03T03:17:42.298+0600][83.837s][info][gc,start    ] GC(126) Concurrent weak references
[2026-04-03T03:17:42.298+0600][83.837s][info][gc,task     ] GC(126) Using 3 of 6 workers for concurrent weak references
[2026-04-03T03:17:42.298+0600][83.837s][info][gc,ref      ] GC(126) Encountered references: Soft: 3175, Weak: 6369, Final: 84, Phantom: 602
[2026-04-03T03:17:42.298+0600][83.837s][info][gc,ref      ] GC(126) Discovered  references: Soft: 0, Weak: 331, Final: 0, Phantom: 347
[2026-04-03T03:17:42.298+0600][83.837s][info][gc,ref      ] GC(126) Enqueued    references: Soft: 0, Weak: 6, Final: 0, Phantom: 0
[2026-04-03T03:17:42.298+0600][83.837s][info][gc          ] GC(126) Concurrent weak references 0.291ms
[2026-04-03T03:17:42.298+0600][83.837s][info][gc,start    ] GC(126) Concurrent weak roots
[2026-04-03T03:17:42.298+0600][83.837s][info][gc,task     ] GC(126) Using 3 of 6 workers for concurrent weak root
[2026-04-03T03:17:42.301+0600][83.839s][info][gc          ] GC(126) Concurrent weak roots 2.635ms
[2026-04-03T03:17:42.301+0600][83.840s][info][gc,start    ] GC(126) Concurrent cleanup
[2026-04-03T03:17:42.302+0600][83.840s][info][gc          ] GC(126) Concurrent cleanup 543M->542M(651M) 0.521ms
[2026-04-03T03:17:42.302+0600][83.840s][info][gc,ergo     ] GC(126) Free: 168M, Max: 256K regular, 49408K humongous, Frag: 72% external, 0% internal; Reserve: 38077K, Max: 256K
[2026-04-03T03:17:42.302+0600][83.840s][info][gc,start    ] GC(126) Concurrent class unloading
[2026-04-03T03:17:42.302+0600][83.840s][info][gc,task     ] GC(126) Using 3 of 6 workers for concurrent class unloading
[2026-04-03T03:17:42.309+0600][83.847s][info][gc          ] GC(126) Concurrent class unloading 6.715ms
[2026-04-03T03:17:42.309+0600][83.847s][info][gc,start    ] GC(126) Concurrent strong roots
[2026-04-03T03:17:42.309+0600][83.847s][info][gc,task     ] GC(126) Using 3 of 6 workers for concurrent strong root
[2026-04-03T03:17:42.309+0600][83.848s][info][gc          ] GC(126) Concurrent strong roots 0.761ms
[2026-04-03T03:17:42.309+0600][83.848s][info][gc,start    ] GC(126) Concurrent evacuation
[2026-04-03T03:17:42.309+0600][83.848s][info][gc,task     ] GC(126) Using 3 of 6 workers for concurrent evacuation
[2026-04-03T03:17:42.328+0600][83.867s][info][gc          ] GC(126) Concurrent evacuation 18.732ms
[2026-04-03T03:17:42.328+0600][83.867s][info][gc,start    ] GC(126) Pause Init Update Refs
[2026-04-03T03:17:42.328+0600][83.867s][info][gc,ergo     ] GC(126) Pacer for Update Refs. Used: 565M, Free: 158M, Non-Taxable: 16257K, Alloc Tax Rate: 4.4x
[2026-04-03T03:17:42.328+0600][83.867s][info][gc          ] GC(126) Pause Init Update Refs 0.145ms
[2026-04-03T03:17:42.329+0600][83.867s][info][gc,start    ] GC(126) Concurrent update references
[2026-04-03T03:17:42.329+0600][83.867s][info][gc,task     ] GC(126) Using 3 of 6 workers for concurrent reference update
[2026-04-03T03:17:42.501+0600][84.039s][info][gc          ] GC(126) Concurrent update references 172.188ms
[2026-04-03T03:17:42.501+0600][84.039s][info][gc,start    ] GC(126) Concurrent update thread roots
[2026-04-03T03:17:42.502+0600][84.041s][info][gc          ] GC(126) Concurrent update thread roots 1.541ms
[2026-04-03T03:17:42.503+0600][84.041s][info][gc,start    ] GC(126) Pause Final Update Refs
[2026-04-03T03:17:42.503+0600][84.041s][info][gc,task     ] GC(126) Using 6 of 6 workers for final reference update
[2026-04-03T03:17:42.503+0600][84.041s][info][gc          ] GC(126) Pause Final Update Refs 0.226ms
[2026-04-03T03:17:42.503+0600][84.041s][info][gc,start    ] GC(126) Concurrent cleanup
[2026-04-03T03:17:42.504+0600][84.042s][info][gc          ] GC(126) Concurrent cleanup 647M->399M(657M) 0.807ms
[2026-04-03T03:17:42.504+0600][84.042s][info][gc,ergo     ] Free: 309M, Max: 256K regular, 82944K humongous, Frag: 74% external, 0% internal; Reserve: 38400K, Max: 256K
[2026-04-03T03:17:42.504+0600][84.042s][info][gc,stats    ] 
[2026-04-03T03:17:42.504+0600][84.042s][info][gc,stats    ] All times are wall-clock times, except per-root-class counters, that are sum over
[2026-04-03T03:17:42.504+0600][84.042s][info][gc,stats    ] all workers. Dividing the <total> over the root stage time estimates parallelism.
[2026-04-03T03:17:42.504+0600][84.042s][info][gc,stats    ] 
[2026-04-03T03:17:42.504+0600][84.042s][info][gc,stats    ] Concurrent Reset                   1575 us
[2026-04-03T03:17:42.504+0600][84.042s][info][gc,stats    ] Pause Init Mark (G)                 442 us
[2026-04-03T03:17:42.504+0600][84.042s][info][gc,stats    ] Pause Init Mark (N)                 197 us
[2026-04-03T03:17:42.504+0600][84.042s][info][gc,stats    ]   Update Region States               48 us
[2026-04-03T03:17:42.504+0600][84.042s][info][gc,stats    ] Concurrent Mark Roots              1042 us, parallelism: 1.74x
[2026-04-03T03:17:42.504+0600][84.042s][info][gc,stats    ]   CMR: <total>                     1810 us
[2026-04-03T03:17:42.504+0600][84.043s][info][gc,stats    ]   CMR: Thread Roots                1481 us, workers (us): 343, 563, 576, ---, ---, ---, 
[2026-04-03T03:17:42.504+0600][84.043s][info][gc,stats    ]   CMR: VM Strong Roots               35 us, workers (us):  33,   1,   1, ---, ---, ---, 
[2026-04-03T03:17:42.504+0600][84.043s][info][gc,stats    ]   CMR: CLDG Roots                   294 us, workers (us): 294, ---, ---, ---, ---, ---, 
[2026-04-03T03:17:42.504+0600][84.043s][info][gc,stats    ] Concurrent Marking               287542 us
[2026-04-03T03:17:42.504+0600][84.043s][info][gc,stats    ] Pause Final Mark (G)               1410 us
[2026-04-03T03:17:42.504+0600][84.043s][info][gc,stats    ] Pause Final Mark (N)               1101 us
[2026-04-03T03:17:42.504+0600][84.043s][info][gc,stats    ]   Finish Mark                       388 us
[2026-04-03T03:17:42.504+0600][84.043s][info][gc,stats    ]   Update Region States               45 us
[2026-04-03T03:17:42.504+0600][84.043s][info][gc,stats    ]   Choose Collection Set             525 us
[2026-04-03T03:17:42.504+0600][84.043s][info][gc,stats    ]   Rebuild Free Set                   36 us
[2026-04-03T03:17:42.504+0600][84.043s][info][gc,stats    ] Concurrent Thread Roots             863 us, parallelism: 1.80x
[2026-04-03T03:17:42.504+0600][84.043s][info][gc,stats    ]   CTR: <total>                     1549 us
[2026-04-03T03:17:42.504+0600][84.043s][info][gc,stats    ]   CTR: Thread Roots                1549 us, workers (us): 523, 534, 493, ---, ---, ---, 
[2026-04-03T03:17:42.504+0600][84.043s][info][gc,stats    ] Concurrent Weak References          310 us, parallelism: 0.37x
[2026-04-03T03:17:42.504+0600][84.043s][info][gc,stats    ]   CWRF: <total>                     113 us
[2026-04-03T03:17:42.504+0600][84.043s][info][gc,stats    ]   CWRF: Weak References             113 us, workers (us):  85,  21,   7, ---, ---, ---, 
[2026-04-03T03:17:42.504+0600][84.043s][info][gc,stats    ] Concurrent Weak Roots              2690 us
[2026-04-03T03:17:42.504+0600][84.043s][info][gc,stats    ]   Roots                            2340 us, parallelism: 2.46x
[2026-04-03T03:17:42.504+0600][84.043s][info][gc,stats    ]     CWR: <total>                   5755 us
[2026-04-03T03:17:42.504+0600][84.043s][info][gc,stats    ]     CWR: Code Cache Roots          4107 us, workers (us): 1454, 1331, 1321, ---, ---, ---, 
[2026-04-03T03:17:42.504+0600][84.043s][info][gc,stats    ]     CWR: VM Weak Roots             1570 us, workers (us): 532, 531, 507, ---, ---, ---, 
[2026-04-03T03:17:42.504+0600][84.043s][info][gc,stats    ]     CWR: CLDG Roots                  78 us, workers (us): ---,  78, ---, ---, ---, ---, 
[2026-04-03T03:17:42.504+0600][84.043s][info][gc,stats    ]   Rendezvous                        271 us
[2026-04-03T03:17:42.504+0600][84.043s][info][gc,stats    ] Concurrent Cleanup                  617 us
[2026-04-03T03:17:42.504+0600][84.043s][info][gc,stats    ] Concurrent Class Unloading         6786 us
[2026-04-03T03:17:42.504+0600][84.043s][info][gc,stats    ]   Unlink Stale                     6363 us
[2026-04-03T03:17:42.504+0600][84.043s][info][gc,stats    ]     System Dictionary                86 us
[2026-04-03T03:17:42.504+0600][84.043s][info][gc,stats    ]     Weak Class Links                  0 us
[2026-04-03T03:17:42.504+0600][84.043s][info][gc,stats    ]     Code Roots                     6273 us
[2026-04-03T03:17:42.504+0600][84.043s][info][gc,stats    ]   Rendezvous                        306 us
[2026-04-03T03:17:42.504+0600][84.043s][info][gc,stats    ]   Purge Unlinked                     19 us
[2026-04-03T03:17:42.504+0600][84.043s][info][gc,stats    ]     Code Roots                        5 us
[2026-04-03T03:17:42.504+0600][84.043s][info][gc,stats    ]     CLDG                             14 us
[2026-04-03T03:17:42.504+0600][84.043s][info][gc,stats    ]     Exception Caches                  0 us
[2026-04-03T03:17:42.504+0600][84.043s][info][gc,stats    ] Concurrent Strong Roots             813 us, parallelism: 0.55x
[2026-04-03T03:17:42.504+0600][84.043s][info][gc,stats    ]   CSR: <total>                      447 us
[2026-04-03T03:17:42.504+0600][84.043s][info][gc,stats    ]   CSR: VM Strong Roots               68 us, workers (us):  65,   1,   1, ---, ---, ---, 
[2026-04-03T03:17:42.504+0600][84.043s][info][gc,stats    ]   CSR: CLDG Roots                   379 us, workers (us): 379, ---, ---, ---, ---, ---, 
[2026-04-03T03:17:42.504+0600][84.043s][info][gc,stats    ] Concurrent Evacuation             18808 us
[2026-04-03T03:17:42.504+0600][84.043s][info][gc,stats    ] Pause Init Update Refs (G)          394 us
[2026-04-03T03:17:42.504+0600][84.043s][info][gc,stats    ] Pause Init Update Refs (N)          155 us
[2026-04-03T03:17:42.504+0600][84.043s][info][gc,stats    ]   Manage GCLABs                      43 us
[2026-04-03T03:17:42.504+0600][84.043s][info][gc,stats    ] Concurrent Update Refs           172285 us
[2026-04-03T03:17:42.504+0600][84.043s][info][gc,stats    ] Concurrent Update Thread Roots     1602 us
[2026-04-03T03:17:42.504+0600][84.043s][info][gc,stats    ] Pause Final Update Refs (G)         592 us
[2026-04-03T03:17:42.504+0600][84.043s][info][gc,stats    ] Pause Final Update Refs (N)         239 us
[2026-04-03T03:17:42.504+0600][84.043s][info][gc,stats    ]   Update Region States               52 us
[2026-04-03T03:17:42.505+0600][84.043s][info][gc,stats    ]   Trash Collection Set               22 us
[2026-04-03T03:17:42.505+0600][84.043s][info][gc,stats    ]   Rebuild Free Set                   43 us
[2026-04-03T03:17:42.505+0600][84.043s][info][gc,stats    ] Concurrent Cleanup                  835 us
[2026-04-03T03:17:42.505+0600][84.043s][info][gc,stats    ] Pacing                           593699 us
[2026-04-03T03:17:42.505+0600][84.043s][info][gc,stats    ] 
[2026-04-03T03:17:42.505+0600][84.043s][info][gc,stats    ] Allocation pacing accrued:
[2026-04-03T03:17:42.505+0600][84.043s][info][gc,stats    ]      11 of   584 ms (  1.9%): RemoteBlock-temp-file-clean-thread
[2026-04-03T03:17:42.505+0600][84.043s][info][gc,stats    ]      11 of   584 ms (  1.9%): Spark Context Cleaner
[2026-04-03T03:17:42.505+0600][84.043s][info][gc,stats    ]     194 of   584 ms ( 33.2%): Executor task launch worker for task 2.0 in stage 27.0 (TID 41)
[2026-04-03T03:17:42.505+0600][84.043s][info][gc,stats    ]     198 of   584 ms ( 33.9%): Executor task launch worker for task 1.0 in stage 27.0 (TID 40)
[2026-04-03T03:17:42.505+0600][84.043s][info][gc,stats    ]     179 of   584 ms ( 30.6%): Executor task launch worker for task 0.0 in stage 27.0 (TID 39)
[2026-04-03T03:17:42.505+0600][84.043s][info][gc,stats    ]     594 of   584 ms (101.6%): <total>
[2026-04-03T03:17:42.505+0600][84.043s][info][gc,stats    ]       3 of   584 ms (  0.5%): <average total>
[2026-04-03T03:17:42.505+0600][84.043s][info][gc,stats    ]     119 of   584 ms ( 20.3%): <average non-zero>
[2026-04-03T03:17:42.505+0600][84.043s][info][gc,stats    ] 
[2026-04-03T03:17:42.505+0600][84.043s][info][gc,metaspace] Metaspace: 73387K(74304K)->73387K(74304K) NonClass: 64086K(64576K)->64086K(64576K) Class: 9300K(9728K)->9300K(9728K)
[2026-04-03T03:17:42.505+0600][84.043s][info][gc,ergo     ] Pacer for Idle. Initial: 15360K, Alloc Tax Rate: 1.0x
[2026-04-03T03:17:42.606+0600][84.145s][info][gc          ] Trigger: Average GC time (535.57 ms) is above the time for average allocation rate (632 MB/s) to deplete free headroom (176M) (margin of error = 2.03)
[2026-04-03T03:17:42.606+0600][84.145s][info][gc,ergo     ] Free headroom: 214M (free) - 38400K (spike) - 0B (penalties) = 176M
[2026-04-03T03:17:42.607+0600][84.145s][info][gc,ergo     ] Free: 214M, Max: 256K regular, 82944K humongous, Frag: 63% external, 0% internal; Reserve: 38400K, Max: 256K
[2026-04-03T03:17:42.607+0600][84.145s][info][gc,start    ] GC(127) Concurrent reset
[2026-04-03T03:17:42.607+0600][84.145s][info][gc,task     ] GC(127) Using 3 of 6 workers for concurrent reset
[2026-04-03T03:17:42.607+0600][84.145s][info][gc,ergo     ] GC(127) Pacer for Reset. Non-Taxable: 750M
[2026-04-03T03:17:42.608+0600][84.147s][info][gc          ] GC(127) Concurrent reset 1.670ms
[2026-04-03T03:17:42.608+0600][84.147s][info][gc,start    ] GC(127) Pause Init Mark (unload classes)
[2026-04-03T03:17:42.609+0600][84.147s][info][gc,task     ] GC(127) Using 6 of 6 workers for init marking
[2026-04-03T03:17:42.609+0600][84.147s][info][gc,ergo     ] GC(127) Pacer for Mark. Expected Live: 231M, Free: 212M, Non-Taxable: 21710K, Alloc Tax Rate: 1.3x
[2026-04-03T03:17:42.609+0600][84.147s][info][gc          ] GC(127) Pause Init Mark (unload classes) 0.159ms
[2026-04-03T03:17:42.609+0600][84.147s][info][gc,start    ] GC(127) Concurrent marking roots
[2026-04-03T03:17:42.609+0600][84.147s][info][gc,task     ] GC(127) Using 3 of 6 workers for concurrent marking roots
[2026-04-03T03:17:42.610+0600][84.148s][info][gc          ] GC(127) Concurrent marking roots 0.981ms
[2026-04-03T03:17:42.610+0600][84.148s][info][gc,start    ] GC(127) Concurrent marking (unload classes)
[2026-04-03T03:17:42.610+0600][84.148s][info][gc,task     ] GC(127) Using 3 of 6 workers for concurrent marking
[2026-04-03T03:17:42.872+0600][84.411s][info][gc          ] GC(127) Concurrent marking (unload classes) 262.392ms
[2026-04-03T03:17:42.872+0600][84.411s][info][gc,start    ] GC(127) Pause Final Mark (unload classes)
[2026-04-03T03:17:42.872+0600][84.411s][info][gc,task     ] GC(127) Using 6 of 6 workers for final marking
[2026-04-03T03:17:42.873+0600][84.411s][info][gc,ergo     ] GC(127) Adaptive CSet Selection. Target Free: 106M, Actual Free: 238M, Max CSet: 32000K, Min Garbage: 0B
[2026-04-03T03:17:42.873+0600][84.412s][info][gc,ergo     ] GC(127) Collectable Garbage: 253M (95%), Immediate: 41216K (15%), CSet: 213M (79%)
[2026-04-03T03:17:42.873+0600][84.412s][info][gc,ergo     ] GC(127) Pacer for Evacuation. Used CSet: 231M, Free: 202M, Non-Taxable: 20712K, Alloc Tax Rate: 2.8x
[2026-04-03T03:17:42.874+0600][84.412s][info][gc          ] GC(127) Pause Final Mark (unload classes) 1.098ms
[2026-04-03T03:17:42.874+0600][84.412s][info][gc,start    ] GC(127) Concurrent thread roots
[2026-04-03T03:17:42.874+0600][84.412s][info][gc,task     ] GC(127) Using 3 of 6 workers for Concurrent thread roots
[2026-04-03T03:17:42.874+0600][84.413s][info][gc          ] GC(127) Concurrent thread roots 0.836ms
[2026-04-03T03:17:42.874+0600][84.413s][info][gc,start    ] GC(127) Concurrent weak references
[2026-04-03T03:17:42.875+0600][84.413s][info][gc,task     ] GC(127) Using 3 of 6 workers for concurrent weak references
[2026-04-03T03:17:42.875+0600][84.413s][info][gc,ref      ] GC(127) Encountered references: Soft: 3175, Weak: 6362, Final: 84, Phantom: 603
[2026-04-03T03:17:42.875+0600][84.413s][info][gc,ref      ] GC(127) Discovered  references: Soft: 0, Weak: 376, Final: 0, Phantom: 600
[2026-04-03T03:17:42.875+0600][84.413s][info][gc,ref      ] GC(127) Enqueued    references: Soft: 0, Weak: 0, Final: 0, Phantom: 0
[2026-04-03T03:17:42.875+0600][84.413s][info][gc          ] GC(127) Concurrent weak references 0.360ms
[2026-04-03T03:17:42.875+0600][84.413s][info][gc,start    ] GC(127) Concurrent weak roots
[2026-04-03T03:17:42.875+0600][84.413s][info][gc,task     ] GC(127) Using 3 of 6 workers for concurrent weak root
[2026-04-03T03:17:42.878+0600][84.416s][info][gc          ] GC(127) Concurrent weak roots 3.009ms
[2026-04-03T03:17:42.878+0600][84.416s][info][gc,start    ] GC(127) Concurrent cleanup
[2026-04-03T03:17:42.878+0600][84.417s][info][gc          ] GC(127) Concurrent cleanup 551M->511M(657M) 0.209ms
[2026-04-03T03:17:42.878+0600][84.417s][info][gc,ergo     ] GC(127) Free: 199M, Max: 256K regular, 82944K humongous, Frag: 60% external, 0% internal; Reserve: 37742K, Max: 256K
[2026-04-03T03:17:42.878+0600][84.417s][info][gc,start    ] GC(127) Concurrent class unloading
[2026-04-03T03:17:42.878+0600][84.417s][info][gc,task     ] GC(127) Using 3 of 6 workers for concurrent class unloading
[2026-04-03T03:17:42.885+0600][84.423s][info][gc          ] GC(127) Concurrent class unloading 6.747ms
[2026-04-03T03:17:42.885+0600][84.423s][info][gc,start    ] GC(127) Concurrent strong roots
[2026-04-03T03:17:42.885+0600][84.423s][info][gc,task     ] GC(127) Using 3 of 6 workers for concurrent strong root
[2026-04-03T03:17:42.886+0600][84.424s][info][gc          ] GC(127) Concurrent strong roots 0.979ms
[2026-04-03T03:17:42.886+0600][84.425s][info][gc,start    ] GC(127) Concurrent evacuation
[2026-04-03T03:17:42.886+0600][84.425s][info][gc,task     ] GC(127) Using 3 of 6 workers for concurrent evacuation
[2026-04-03T03:17:42.906+0600][84.444s][info][gc          ] GC(127) Concurrent evacuation 19.810ms
[2026-04-03T03:17:42.906+0600][84.445s][info][gc,start    ] GC(127) Pause Init Update Refs
[2026-04-03T03:17:42.906+0600][84.445s][info][gc,ergo     ] GC(127) Pacer for Update Refs. Used: 544M, Free: 184M, Non-Taxable: 18894K, Alloc Tax Rate: 3.6x
[2026-04-03T03:17:42.906+0600][84.445s][info][gc          ] GC(127) Pause Init Update Refs 0.180ms
[2026-04-03T03:17:42.907+0600][84.445s][info][gc,start    ] GC(127) Concurrent update references
[2026-04-03T03:17:42.907+0600][84.445s][info][gc,task     ] GC(127) Using 3 of 6 workers for concurrent reference update
[2026-04-03T03:17:43.056+0600][84.595s][info][gc          ] GC(127) Concurrent update references 149.675ms
[2026-04-03T03:17:43.056+0600][84.595s][info][gc,start    ] GC(127) Concurrent update thread roots
[2026-04-03T03:17:43.058+0600][84.596s][info][gc          ] GC(127) Concurrent update thread roots 1.193ms
[2026-04-03T03:17:43.058+0600][84.596s][info][gc,start    ] GC(127) Pause Final Update Refs
[2026-04-03T03:17:43.058+0600][84.596s][info][gc,task     ] GC(127) Using 6 of 6 workers for final reference update
[2026-04-03T03:17:43.058+0600][84.596s][info][gc          ] GC(127) Pause Final Update Refs 0.189ms
[2026-04-03T03:17:43.058+0600][84.597s][info][gc,start    ] GC(127) Concurrent cleanup
[2026-04-03T03:17:43.059+0600][84.597s][info][gc          ] GC(127) Concurrent cleanup 642M->411M(657M) 0.714ms
[2026-04-03T03:17:43.059+0600][84.597s][info][gc,ergo     ] Free: 298M, Max: 256K regular, 57088K humongous, Frag: 82% external, 0% internal; Reserve: 38400K, Max: 256K
[2026-04-03T03:17:43.059+0600][84.597s][info][gc,stats    ] 
[2026-04-03T03:17:43.059+0600][84.597s][info][gc,stats    ] All times are wall-clock times, except per-root-class counters, that are sum over
[2026-04-03T03:17:43.059+0600][84.597s][info][gc,stats    ] all workers. Dividing the <total> over the root stage time estimates parallelism.
[2026-04-03T03:17:43.059+0600][84.597s][info][gc,stats    ] 
[2026-04-03T03:17:43.059+0600][84.597s][info][gc,stats    ] Concurrent Reset                   1721 us
[2026-04-03T03:17:43.059+0600][84.597s][info][gc,stats    ] Pause Init Mark (G)                 462 us
[2026-04-03T03:17:43.059+0600][84.597s][info][gc,stats    ] Pause Init Mark (N)                 170 us
[2026-04-03T03:17:43.059+0600][84.597s][info][gc,stats    ]   Update Region States               32 us
[2026-04-03T03:17:43.059+0600][84.597s][info][gc,stats    ] Concurrent Mark Roots              1020 us, parallelism: 1.67x
[2026-04-03T03:17:43.059+0600][84.598s][info][gc,stats    ]   CMR: <total>                     1707 us
[2026-04-03T03:17:43.059+0600][84.598s][info][gc,stats    ]   CMR: Thread Roots                1487 us, workers (us): 582, 398, 507, ---, ---, ---, 
[2026-04-03T03:17:43.059+0600][84.598s][info][gc,stats    ]   CMR: VM Strong Roots               40 us, workers (us):  33,   6,   1, ---, ---, ---, 
[2026-04-03T03:17:43.059+0600][84.598s][info][gc,stats    ]   CMR: CLDG Roots                   179 us, workers (us): ---, 179, ---, ---, ---, ---, 
[2026-04-03T03:17:43.059+0600][84.598s][info][gc,stats    ] Concurrent Marking               262483 us
[2026-04-03T03:17:43.059+0600][84.598s][info][gc,stats    ] Pause Final Mark (G)               1313 us
[2026-04-03T03:17:43.059+0600][84.598s][info][gc,stats    ] Pause Final Mark (N)               1112 us
[2026-04-03T03:17:43.059+0600][84.598s][info][gc,stats    ]   Finish Mark                       357 us
[2026-04-03T03:17:43.059+0600][84.598s][info][gc,stats    ]   Update Region States               56 us
[2026-04-03T03:17:43.059+0600][84.598s][info][gc,stats    ]   Choose Collection Set             528 us
[2026-04-03T03:17:43.059+0600][84.598s][info][gc,stats    ]   Rebuild Free Set                   37 us
[2026-04-03T03:17:43.059+0600][84.598s][info][gc,stats    ] Concurrent Thread Roots             919 us, parallelism: 1.72x
[2026-04-03T03:17:43.059+0600][84.598s][info][gc,stats    ]   CTR: <total>                     1581 us
[2026-04-03T03:17:43.059+0600][84.598s][info][gc,stats    ]   CTR: Thread Roots                1581 us, workers (us): 566, 511, 504, ---, ---, ---, 
[2026-04-03T03:17:43.059+0600][84.598s][info][gc,stats    ] Concurrent Weak References          372 us, parallelism: 0.46x
[2026-04-03T03:17:43.059+0600][84.598s][info][gc,stats    ]   CWRF: <total>                     170 us
[2026-04-03T03:17:43.059+0600][84.598s][info][gc,stats    ]   CWRF: Weak References             170 us, workers (us): 126,   8,  36, ---, ---, ---, 
[2026-04-03T03:17:43.059+0600][84.598s][info][gc,stats    ] Concurrent Weak Roots              3080 us
[2026-04-03T03:17:43.059+0600][84.598s][info][gc,stats    ]   Roots                            2695 us, parallelism: 2.66x
[2026-04-03T03:17:43.059+0600][84.598s][info][gc,stats    ]     CWR: <total>                   7164 us
[2026-04-03T03:17:43.059+0600][84.598s][info][gc,stats    ]     CWR: Code Cache Roots          4702 us, workers (us): 1550, 1537, 1615, ---, ---, ---, 
[2026-04-03T03:17:43.059+0600][84.598s][info][gc,stats    ]     CWR: VM Weak Roots             2404 us, workers (us): 862, 772, 771, ---, ---, ---, 
[2026-04-03T03:17:43.059+0600][84.598s][info][gc,stats    ]     CWR: CLDG Roots                  58 us, workers (us):  58, ---, ---, ---, ---, ---, 
[2026-04-03T03:17:43.059+0600][84.598s][info][gc,stats    ]   Rendezvous                        286 us
[2026-04-03T03:17:43.059+0600][84.598s][info][gc,stats    ] Concurrent Cleanup                  234 us
[2026-04-03T03:17:43.059+0600][84.598s][info][gc,stats    ] Concurrent Class Unloading         6860 us
[2026-04-03T03:17:43.059+0600][84.598s][info][gc,stats    ]   Unlink Stale                     6362 us
[2026-04-03T03:17:43.059+0600][84.598s][info][gc,stats    ]     System Dictionary               133 us
[2026-04-03T03:17:43.059+0600][84.598s][info][gc,stats    ]     Weak Class Links                  1 us
[2026-04-03T03:17:43.059+0600][84.598s][info][gc,stats    ]     Code Roots                     6224 us
[2026-04-03T03:17:43.059+0600][84.598s][info][gc,stats    ]   Rendezvous                        319 us
[2026-04-03T03:17:43.059+0600][84.598s][info][gc,stats    ]   Purge Unlinked                     19 us
[2026-04-03T03:17:43.059+0600][84.598s][info][gc,stats    ]     Code Roots                        8 us
[2026-04-03T03:17:43.059+0600][84.598s][info][gc,stats    ]     CLDG                             10 us
[2026-04-03T03:17:43.059+0600][84.598s][info][gc,stats    ]     Exception Caches                  1 us
[2026-04-03T03:17:43.059+0600][84.598s][info][gc,stats    ] Concurrent Strong Roots            1050 us, parallelism: 0.61x
[2026-04-03T03:17:43.059+0600][84.598s][info][gc,stats    ]   CSR: <total>                      638 us
[2026-04-03T03:17:43.059+0600][84.598s][info][gc,stats    ]   CSR: VM Strong Roots               49 us, workers (us):  45,   2,   2, ---, ---, ---, 
[2026-04-03T03:17:43.059+0600][84.598s][info][gc,stats    ]   CSR: CLDG Roots                   589 us, workers (us): 589, ---, ---, ---, ---, ---, 
[2026-04-03T03:17:43.059+0600][84.598s][info][gc,stats    ] Concurrent Evacuation             19910 us
[2026-04-03T03:17:43.059+0600][84.598s][info][gc,stats    ] Pause Init Update Refs (G)          603 us
[2026-04-03T03:17:43.059+0600][84.598s][info][gc,stats    ] Pause Init Update Refs (N)          197 us
[2026-04-03T03:17:43.059+0600][84.598s][info][gc,stats    ]   Manage GCLABs                      31 us
[2026-04-03T03:17:43.059+0600][84.598s][info][gc,stats    ] Concurrent Update Refs           149761 us
[2026-04-03T03:17:43.059+0600][84.598s][info][gc,stats    ] Concurrent Update Thread Roots     1250 us
[2026-04-03T03:17:43.059+0600][84.598s][info][gc,stats    ] Pause Final Update Refs (G)         562 us
[2026-04-03T03:17:43.059+0600][84.598s][info][gc,stats    ] Pause Final Update Refs (N)         206 us
[2026-04-03T03:17:43.059+0600][84.598s][info][gc,stats    ]   Update Region States               49 us
[2026-04-03T03:17:43.059+0600][84.598s][info][gc,stats    ]   Trash Collection Set               24 us
[2026-04-03T03:17:43.059+0600][84.598s][info][gc,stats    ]   Rebuild Free Set                   44 us
[2026-04-03T03:17:43.060+0600][84.598s][info][gc,stats    ] Concurrent Cleanup                  739 us
[2026-04-03T03:17:43.060+0600][84.598s][info][gc,stats    ] Pacing                           583575 us
[2026-04-03T03:17:43.060+0600][84.598s][info][gc,stats    ] 
[2026-04-03T03:17:43.060+0600][84.598s][info][gc,stats    ] Allocation pacing accrued:
[2026-04-03T03:17:43.060+0600][84.598s][info][gc,stats    ]      11 of   555 ms (  2.1%): Spark Context Cleaner
[2026-04-03T03:17:43.060+0600][84.598s][info][gc,stats    ]     191 of   555 ms ( 34.4%): Executor task launch worker for task 2.0 in stage 27.0 (TID 41)
[2026-04-03T03:17:43.060+0600][84.598s][info][gc,stats    ]     189 of   555 ms ( 34.1%): Executor task launch worker for task 1.0 in stage 27.0 (TID 40)
[2026-04-03T03:17:43.060+0600][84.598s][info][gc,stats    ]     192 of   555 ms ( 34.6%): Executor task launch worker for task 0.0 in stage 27.0 (TID 39)
[2026-04-03T03:17:43.060+0600][84.598s][info][gc,stats    ]     584 of   555 ms (105.2%): <total>
[2026-04-03T03:17:43.060+0600][84.598s][info][gc,stats    ]       3 of   555 ms (  0.6%): <average total>
[2026-04-03T03:17:43.060+0600][84.598s][info][gc,stats    ]     146 of   555 ms ( 26.3%): <average non-zero>
[2026-04-03T03:17:43.060+0600][84.598s][info][gc,stats    ] 
[2026-04-03T03:17:43.060+0600][84.598s][info][gc,metaspace] Metaspace: 73387K(74304K)->73387K(74304K) NonClass: 64086K(64576K)->64086K(64576K) Class: 9300K(9728K)->9300K(9728K)
[2026-04-03T03:17:43.060+0600][84.598s][info][gc,ergo     ] Pacer for Idle. Initial: 15360K, Alloc Tax Rate: 1.0x
[2026-04-03T03:17:43.062+0600][84.600s][info][gc          ] Trigger: Average GC time (512.78 ms) is above the time for average allocation rate (505 MB/s) to deplete free headroom (259M) (margin of error = 2.04)
[2026-04-03T03:17:43.062+0600][84.600s][info][gc,ergo     ] Free headroom: 296M (free) - 38400K (spike) - 0B (penalties) = 259M
[2026-04-03T03:17:43.062+0600][84.600s][info][gc,ergo     ] Free: 296M, Max: 256K regular, 57088K humongous, Frag: 82% external, 0% internal; Reserve: 38400K, Max: 256K
[2026-04-03T03:17:43.062+0600][84.600s][info][gc,start    ] GC(128) Concurrent reset
[2026-04-03T03:17:43.062+0600][84.600s][info][gc,task     ] GC(128) Using 3 of 6 workers for concurrent reset
[2026-04-03T03:17:43.062+0600][84.600s][info][gc,ergo     ] GC(128) Pacer for Reset. Non-Taxable: 750M
[2026-04-03T03:17:43.064+0600][84.602s][info][gc          ] GC(128) Concurrent reset 1.586ms
[2026-04-03T03:17:43.064+0600][84.602s][info][gc,start    ] GC(128) Pause Init Mark (unload classes)
[2026-04-03T03:17:43.064+0600][84.602s][info][gc,task     ] GC(128) Using 6 of 6 workers for init marking
[2026-04-03T03:17:43.064+0600][84.602s][info][gc,ergo     ] GC(128) Pacer for Mark. Expected Live: 234M, Free: 295M, Non-Taxable: 30209K, Alloc Tax Rate: 1.0x
[2026-04-03T03:17:43.064+0600][84.602s][info][gc          ] GC(128) Pause Init Mark (unload classes) 0.177ms
[2026-04-03T03:17:43.064+0600][84.603s][info][gc,start    ] GC(128) Concurrent marking roots
[2026-04-03T03:17:43.064+0600][84.603s][info][gc,task     ] GC(128) Using 3 of 6 workers for concurrent marking roots
[2026-04-03T03:17:43.065+0600][84.604s][info][gc          ] GC(128) Concurrent marking roots 1.010ms
[2026-04-03T03:17:43.065+0600][84.604s][info][gc,start    ] GC(128) Concurrent marking (unload classes)
[2026-04-03T03:17:43.065+0600][84.604s][info][gc,task     ] GC(128) Using 3 of 6 workers for concurrent marking
[2026-04-03T03:17:43.333+0600][84.871s][info][gc          ] GC(128) Concurrent marking (unload classes) 267.787ms
[2026-04-03T03:17:43.333+0600][84.872s][info][gc,start    ] GC(128) Pause Final Mark (unload classes)
[2026-04-03T03:17:43.333+0600][84.872s][info][gc,task     ] GC(128) Using 6 of 6 workers for final marking
[2026-04-03T03:17:43.334+0600][84.872s][info][gc,ergo     ] GC(128) Adaptive CSet Selection. Target Free: 106M, Actual Free: 287M, Max CSet: 32000K, Min Garbage: 0B
[2026-04-03T03:17:43.334+0600][84.872s][info][gc,ergo     ] GC(128) Collectable Garbage: 167M (92%), Immediate: 22784K (12%), CSet: 145M (79%)
[2026-04-03T03:17:43.334+0600][84.873s][info][gc,ergo     ] GC(128) Pacer for Evacuation. Used CSet: 155M, Free: 250M, Non-Taxable: 25601K, Alloc Tax Rate: 1.5x
[2026-04-03T03:17:43.334+0600][84.873s][info][gc          ] GC(128) Pause Final Mark (unload classes) 1.035ms
[2026-04-03T03:17:43.334+0600][84.873s][info][gc,start    ] GC(128) Concurrent thread roots
[2026-04-03T03:17:43.334+0600][84.873s][info][gc,task     ] GC(128) Using 3 of 6 workers for Concurrent thread roots
[2026-04-03T03:17:43.335+0600][84.874s][info][gc          ] GC(128) Concurrent thread roots 0.849ms
[2026-04-03T03:17:43.335+0600][84.874s][info][gc,start    ] GC(128) Concurrent weak references
[2026-04-03T03:17:43.335+0600][84.874s][info][gc,task     ] GC(128) Using 3 of 6 workers for concurrent weak references
[2026-04-03T03:17:43.335+0600][84.874s][info][gc,ref      ] GC(128) Encountered references: Soft: 3175, Weak: 6362, Final: 84, Phantom: 603
[2026-04-03T03:17:43.336+0600][84.874s][info][gc,ref      ] GC(128) Discovered  references: Soft: 0, Weak: 368, Final: 0, Phantom: 600
[2026-04-03T03:17:43.336+0600][84.874s][info][gc,ref      ] GC(128) Enqueued    references: Soft: 0, Weak: 0, Final: 0, Phantom: 0
[2026-04-03T03:17:43.336+0600][84.874s][info][gc          ] GC(128) Concurrent weak references 0.365ms
[2026-04-03T03:17:43.336+0600][84.874s][info][gc,start    ] GC(128) Concurrent weak roots
[2026-04-03T03:17:43.336+0600][84.874s][info][gc,task     ] GC(128) Using 3 of 6 workers for concurrent weak root
[2026-04-03T03:17:43.338+0600][84.876s][info][gc          ] GC(128) Concurrent weak roots 2.361ms
[2026-04-03T03:17:43.338+0600][84.876s][info][gc,start    ] GC(128) Concurrent cleanup
[2026-04-03T03:17:43.338+0600][84.877s][info][gc          ] GC(128) Concurrent cleanup 482M->460M(657M) 0.191ms
[2026-04-03T03:17:43.338+0600][84.877s][info][gc,ergo     ] GC(128) Free: 249M, Max: 256K regular, 57088K humongous, Frag: 78% external, 0% internal; Reserve: 38198K, Max: 256K
[2026-04-03T03:17:43.338+0600][84.877s][info][gc,start    ] GC(128) Concurrent class unloading
[2026-04-03T03:17:43.338+0600][84.877s][info][gc,task     ] GC(128) Using 3 of 6 workers for concurrent class unloading
[2026-04-03T03:17:43.344+0600][84.883s][info][gc          ] GC(128) Concurrent class unloading 5.967ms
[2026-04-03T03:17:43.344+0600][84.883s][info][gc,start    ] GC(128) Concurrent strong roots
[2026-04-03T03:17:43.344+0600][84.883s][info][gc,task     ] GC(128) Using 3 of 6 workers for concurrent strong root
[2026-04-03T03:17:43.345+0600][84.884s][info][gc          ] GC(128) Concurrent strong roots 0.956ms
[2026-04-03T03:17:43.345+0600][84.884s][info][gc,start    ] GC(128) Concurrent evacuation
[2026-04-03T03:17:43.345+0600][84.884s][info][gc,task     ] GC(128) Using 3 of 6 workers for concurrent evacuation
[2026-04-03T03:17:43.355+0600][84.893s][info][gc          ] GC(128) Concurrent evacuation 9.754ms
[2026-04-03T03:17:43.355+0600][84.894s][info][gc,start    ] GC(128) Pause Init Update Refs
[2026-04-03T03:17:43.355+0600][84.894s][info][gc,ergo     ] GC(128) Pacer for Update Refs. Used: 478M, Free: 241M, Non-Taxable: 24731K, Alloc Tax Rate: 2.4x
[2026-04-03T03:17:43.355+0600][84.894s][info][gc          ] GC(128) Pause Init Update Refs 0.124ms
[2026-04-03T03:17:43.356+0600][84.894s][info][gc,start    ] GC(128) Concurrent update references
[2026-04-03T03:17:43.356+0600][84.894s][info][gc,task     ] GC(128) Using 3 of 6 workers for concurrent reference update
[2026-04-03T03:17:43.514+0600][85.052s][info][gc          ] GC(128) Concurrent update references 158.348ms
[2026-04-03T03:17:43.514+0600][85.052s][info][gc,start    ] GC(128) Concurrent update thread roots
[2026-04-03T03:17:43.515+0600][85.054s][info][gc          ] GC(128) Concurrent update thread roots 1.250ms
[2026-04-03T03:17:43.516+0600][85.054s][info][gc,start    ] GC(128) Pause Final Update Refs
[2026-04-03T03:17:43.516+0600][85.054s][info][gc,task     ] GC(128) Using 6 of 6 workers for final reference update
[2026-04-03T03:17:43.516+0600][85.054s][info][gc          ] GC(128) Pause Final Update Refs 0.295ms
[2026-04-03T03:17:43.516+0600][85.054s][info][gc,start    ] GC(128) Concurrent cleanup
[2026-04-03T03:17:43.516+0600][85.055s][info][gc          ] GC(128) Concurrent cleanup 574M->419M(657M) 0.291ms
[2026-04-03T03:17:43.516+0600][85.055s][info][gc,ergo     ] Free: 290M, Max: 256K regular, 110M humongous, Frag: 62% external, 0% internal; Reserve: 38400K, Max: 256K
[2026-04-03T03:17:43.516+0600][85.055s][info][gc,stats    ] 
[2026-04-03T03:17:43.516+0600][85.055s][info][gc,stats    ] All times are wall-clock times, except per-root-class counters, that are sum over
[2026-04-03T03:17:43.516+0600][85.055s][info][gc,stats    ] all workers. Dividing the <total> over the root stage time estimates parallelism.
[2026-04-03T03:17:43.516+0600][85.055s][info][gc,stats    ] 
[2026-04-03T03:17:43.516+0600][85.055s][info][gc,stats    ] Concurrent Reset                   1644 us
[2026-04-03T03:17:43.516+0600][85.055s][info][gc,stats    ] Pause Init Mark (G)                 485 us
[2026-04-03T03:17:43.516+0600][85.055s][info][gc,stats    ] Pause Init Mark (N)                 191 us
[2026-04-03T03:17:43.516+0600][85.055s][info][gc,stats    ]   Update Region States               54 us
[2026-04-03T03:17:43.516+0600][85.055s][info][gc,stats    ] Concurrent Mark Roots              1050 us, parallelism: 1.83x
[2026-04-03T03:17:43.516+0600][85.055s][info][gc,stats    ]   CMR: <total>                     1924 us
[2026-04-03T03:17:43.516+0600][85.055s][info][gc,stats    ]   CMR: Thread Roots                1524 us, workers (us): 626, 267, 631, ---, ---, ---, 
[2026-04-03T03:17:43.517+0600][85.055s][info][gc,stats    ]   CMR: VM Strong Roots               41 us, workers (us):  20,  20,   1, ---, ---, ---, 
[2026-04-03T03:17:43.517+0600][85.055s][info][gc,stats    ]   CMR: CLDG Roots                   359 us, workers (us): ---, 359, ---, ---, ---, ---, 
[2026-04-03T03:17:43.517+0600][85.055s][info][gc,stats    ] Concurrent Marking               267864 us
[2026-04-03T03:17:43.517+0600][85.055s][info][gc,stats    ] Pause Final Mark (G)               1245 us
[2026-04-03T03:17:43.517+0600][85.055s][info][gc,stats    ] Pause Final Mark (N)               1048 us
[2026-04-03T03:17:43.517+0600][85.055s][info][gc,stats    ]   Finish Mark                       323 us
[2026-04-03T03:17:43.517+0600][85.055s][info][gc,stats    ]   Update Region States               52 us
[2026-04-03T03:17:43.517+0600][85.055s][info][gc,stats    ]   Choose Collection Set             508 us
[2026-04-03T03:17:43.517+0600][85.055s][info][gc,stats    ]   Rebuild Free Set                   40 us
[2026-04-03T03:17:43.517+0600][85.055s][info][gc,stats    ] Concurrent Thread Roots             886 us, parallelism: 1.98x
[2026-04-03T03:17:43.517+0600][85.055s][info][gc,stats    ]   CTR: <total>                     1753 us
[2026-04-03T03:17:43.517+0600][85.055s][info][gc,stats    ]   CTR: Thread Roots                1753 us, workers (us): 624, 563, 566, ---, ---, ---, 
[2026-04-03T03:17:43.517+0600][85.055s][info][gc,stats    ] Concurrent Weak References          378 us, parallelism: 0.41x
[2026-04-03T03:17:43.517+0600][85.055s][info][gc,stats    ]   CWRF: <total>                     155 us
[2026-04-03T03:17:43.517+0600][85.055s][info][gc,stats    ]   CWRF: Weak References             155 us, workers (us):  41, 112,   1, ---, ---, ---, 
[2026-04-03T03:17:43.517+0600][85.055s][info][gc,stats    ] Concurrent Weak Roots              2418 us
[2026-04-03T03:17:43.517+0600][85.055s][info][gc,stats    ]   Roots                            2079 us, parallelism: 2.46x
[2026-04-03T03:17:43.517+0600][85.055s][info][gc,stats    ]     CWR: <total>                   5115 us
[2026-04-03T03:17:43.517+0600][85.055s][info][gc,stats    ]     CWR: Code Cache Roots          3496 us, workers (us): 1156, 1216, 1123, ---, ---, ---, 
[2026-04-03T03:17:43.517+0600][85.055s][info][gc,stats    ]     CWR: VM Weak Roots             1502 us, workers (us): 517, 518, 467, ---, ---, ---, 
[2026-04-03T03:17:43.517+0600][85.055s][info][gc,stats    ]     CWR: CLDG Roots                 117 us, workers (us): ---, ---, 117, ---, ---, ---, 
[2026-04-03T03:17:43.517+0600][85.055s][info][gc,stats    ]   Rendezvous                        256 us
[2026-04-03T03:17:43.517+0600][85.055s][info][gc,stats    ] Concurrent Cleanup                  204 us
[2026-04-03T03:17:43.517+0600][85.055s][info][gc,stats    ] Concurrent Class Unloading         6047 us
[2026-04-03T03:17:43.517+0600][85.055s][info][gc,stats    ]   Unlink Stale                     5613 us
[2026-04-03T03:17:43.517+0600][85.055s][info][gc,stats    ]     System Dictionary                80 us
[2026-04-03T03:17:43.517+0600][85.055s][info][gc,stats    ]     Weak Class Links                  0 us
[2026-04-03T03:17:43.517+0600][85.055s][info][gc,stats    ]     Code Roots                     5529 us
[2026-04-03T03:17:43.517+0600][85.055s][info][gc,stats    ]   Rendezvous                        310 us
[2026-04-03T03:17:43.517+0600][85.055s][info][gc,stats    ]   Purge Unlinked                     13 us
[2026-04-03T03:17:43.517+0600][85.055s][info][gc,stats    ]     Code Roots                        4 us
[2026-04-03T03:17:43.517+0600][85.055s][info][gc,stats    ]     CLDG                              9 us
[2026-04-03T03:17:43.517+0600][85.055s][info][gc,stats    ]     Exception Caches                  0 us
[2026-04-03T03:17:43.517+0600][85.055s][info][gc,stats    ] Concurrent Strong Roots            1021 us, parallelism: 0.66x
[2026-04-03T03:17:43.517+0600][85.055s][info][gc,stats    ]   CSR: <total>                      674 us
[2026-04-03T03:17:43.517+0600][85.055s][info][gc,stats    ]   CSR: VM Strong Roots               47 us, workers (us):  46,   1,   0, ---, ---, ---, 
[2026-04-03T03:17:43.517+0600][85.055s][info][gc,stats    ]   CSR: CLDG Roots                   626 us, workers (us): 626, ---, ---, ---, ---, ---, 
[2026-04-03T03:17:43.517+0600][85.055s][info][gc,stats    ] Concurrent Evacuation              9841 us
[2026-04-03T03:17:43.517+0600][85.055s][info][gc,stats    ] Pause Init Update Refs (G)          421 us
[2026-04-03T03:17:43.517+0600][85.055s][info][gc,stats    ] Pause Init Update Refs (N)          140 us
[2026-04-03T03:17:43.517+0600][85.055s][info][gc,stats    ]   Manage GCLABs                      39 us
[2026-04-03T03:17:43.517+0600][85.055s][info][gc,stats    ] Concurrent Update Refs           158441 us
[2026-04-03T03:17:43.517+0600][85.055s][info][gc,stats    ] Concurrent Update Thread Roots     1298 us
[2026-04-03T03:17:43.517+0600][85.055s][info][gc,stats    ] Pause Final Update Refs (G)         649 us
[2026-04-03T03:17:43.517+0600][85.055s][info][gc,stats    ] Pause Final Update Refs (N)         314 us
[2026-04-03T03:17:43.517+0600][85.055s][info][gc,stats    ]   Update Region States               81 us
[2026-04-03T03:17:43.517+0600][85.055s][info][gc,stats    ]   Trash Collection Set               23 us
[2026-04-03T03:17:43.517+0600][85.055s][info][gc,stats    ]   Rebuild Free Set                   47 us
[2026-04-03T03:17:43.517+0600][85.055s][info][gc,stats    ] Concurrent Cleanup                  319 us
[2026-04-03T03:17:43.517+0600][85.055s][info][gc,stats    ] Pacing                           514797 us
[2026-04-03T03:17:43.517+0600][85.055s][info][gc,stats    ] 
[2026-04-03T03:17:43.517+0600][85.055s][info][gc,stats    ] Allocation pacing accrued:
[2026-04-03T03:17:43.517+0600][85.055s][info][gc,stats    ]      11 of   458 ms (  2.5%): RemoteBlock-temp-file-clean-thread
[2026-04-03T03:17:43.517+0600][85.055s][info][gc,stats    ]     169 of   458 ms ( 36.9%): Executor task launch worker for task 2.0 in stage 27.0 (TID 41)
[2026-04-03T03:17:43.517+0600][85.055s][info][gc,stats    ]     166 of   458 ms ( 36.4%): Executor task launch worker for task 1.0 in stage 27.0 (TID 40)
[2026-04-03T03:17:43.517+0600][85.055s][info][gc,stats    ]     168 of   458 ms ( 36.8%): Executor task launch worker for task 0.0 in stage 27.0 (TID 39)
[2026-04-03T03:17:43.517+0600][85.055s][info][gc,stats    ]     515 of   458 ms (112.5%): <total>
[2026-04-03T03:17:43.517+0600][85.056s][info][gc,stats    ]       3 of   458 ms (  0.6%): <average total>
[2026-04-03T03:17:43.517+0600][85.056s][info][gc,stats    ]     129 of   458 ms ( 28.1%): <average non-zero>
[2026-04-03T03:17:43.517+0600][85.056s][info][gc,stats    ] 
[2026-04-03T03:17:43.517+0600][85.056s][info][gc,metaspace] Metaspace: 73387K(74304K)->73387K(74304K) NonClass: 64086K(64576K)->64086K(64576K) Class: 9300K(9728K)->9300K(9728K)
[2026-04-03T03:17:43.517+0600][85.056s][info][gc,ergo     ] Pacer for Idle. Initial: 15360K, Alloc Tax Rate: 1.0x
[2026-04-03T03:17:43.566+0600][85.104s][info][gc          ] Trigger: Average GC time (495.22 ms) is above the time for average allocation rate (444 MB/s) to deplete free headroom (219M) (margin of error = 2.05)
[2026-04-03T03:17:43.566+0600][85.104s][info][gc,ergo     ] Free headroom: 256M (free) - 38400K (spike) - 0B (penalties) = 219M
[2026-04-03T03:17:43.566+0600][85.104s][info][gc,ergo     ] Free: 256M, Max: 256K regular, 110M humongous, Frag: 57% external, 0% internal; Reserve: 38400K, Max: 256K
[2026-04-03T03:17:43.566+0600][85.104s][info][gc,start    ] GC(129) Concurrent reset
[2026-04-03T03:17:43.566+0600][85.104s][info][gc,task     ] GC(129) Using 3 of 6 workers for concurrent reset
[2026-04-03T03:17:43.566+0600][85.104s][info][gc,ergo     ] GC(129) Pacer for Reset. Non-Taxable: 750M
[2026-04-03T03:17:43.567+0600][85.106s][info][gc          ] GC(129) Concurrent reset 1.269ms
[2026-04-03T03:17:43.567+0600][85.106s][info][gc,start    ] GC(129) Pause Init Mark (unload classes)
[2026-04-03T03:17:43.567+0600][85.106s][info][gc,task     ] GC(129) Using 6 of 6 workers for init marking
[2026-04-03T03:17:43.567+0600][85.106s][info][gc,ergo     ] GC(129) Pacer for Mark. Expected Live: 235M, Free: 256M, Non-Taxable: 26217K, Alloc Tax Rate: 1.1x
[2026-04-03T03:17:43.568+0600][85.106s][info][gc          ] GC(129) Pause Init Mark (unload classes) 0.145ms
[2026-04-03T03:17:43.568+0600][85.106s][info][gc,start    ] GC(129) Concurrent marking roots
[2026-04-03T03:17:43.568+0600][85.106s][info][gc,task     ] GC(129) Using 3 of 6 workers for concurrent marking roots
[2026-04-03T03:17:43.569+0600][85.107s][info][gc          ] GC(129) Concurrent marking roots 0.949ms
[2026-04-03T03:17:43.569+0600][85.107s][info][gc,start    ] GC(129) Concurrent marking (unload classes)
[2026-04-03T03:17:43.569+0600][85.107s][info][gc,task     ] GC(129) Using 3 of 6 workers for concurrent marking
[2026-04-03T03:17:43.915+0600][85.453s][info][gc          ] GC(129) Concurrent marking (unload classes) 346.098ms
[2026-04-03T03:17:43.915+0600][85.453s][info][gc,start    ] GC(129) Pause Final Mark (unload classes)
[2026-04-03T03:17:43.915+0600][85.453s][info][gc,task     ] GC(129) Using 6 of 6 workers for final marking
[2026-04-03T03:17:43.916+0600][85.454s][info][gc,ergo     ] GC(129) Adaptive CSet Selection. Target Free: 106M, Actual Free: 236M, Max CSet: 32000K, Min Garbage: 0B
[2026-04-03T03:17:43.916+0600][85.455s][info][gc,ergo     ] GC(129) Collectable Garbage: 200M (92%), Immediate: 1536K (0%), CSet: 199M (92%)
[2026-04-03T03:17:43.916+0600][85.455s][info][gc,ergo     ] GC(129) Pacer for Evacuation. Used CSet: 213M, Free: 199M, Non-Taxable: 20432K, Alloc Tax Rate: 2.6x
[2026-04-03T03:17:43.916+0600][85.455s][info][gc          ] GC(129) Pause Final Mark (unload classes) 1.329ms
[2026-04-03T03:17:43.916+0600][85.455s][info][gc,start    ] GC(129) Concurrent thread roots
[2026-04-03T03:17:43.917+0600][85.455s][info][gc,task     ] GC(129) Using 3 of 6 workers for Concurrent thread roots
[2026-04-03T03:17:43.917+0600][85.456s][info][gc          ] GC(129) Concurrent thread roots 0.816ms
[2026-04-03T03:17:43.917+0600][85.456s][info][gc,start    ] GC(129) Concurrent weak references
[2026-04-03T03:17:43.917+0600][85.456s][info][gc,task     ] GC(129) Using 3 of 6 workers for concurrent weak references
[2026-04-03T03:17:43.918+0600][85.456s][info][gc,ref      ] GC(129) Encountered references: Soft: 3175, Weak: 6362, Final: 84, Phantom: 602
[2026-04-03T03:17:43.918+0600][85.456s][info][gc,ref      ] GC(129) Discovered  references: Soft: 0, Weak: 2555, Final: 48, Phantom: 599
[2026-04-03T03:17:43.918+0600][85.456s][info][gc,ref      ] GC(129) Enqueued    references: Soft: 0, Weak: 0, Final: 0, Phantom: 0
[2026-04-03T03:17:43.918+0600][85.456s][info][gc          ] GC(129) Concurrent weak references 0.577ms
[2026-04-03T03:17:43.918+0600][85.456s][info][gc,start    ] GC(129) Concurrent weak roots
[2026-04-03T03:17:43.918+0600][85.456s][info][gc,task     ] GC(129) Using 3 of 6 workers for concurrent weak root
[2026-04-03T03:17:43.921+0600][85.459s][info][gc          ] GC(129) Concurrent weak roots 2.631ms
[2026-04-03T03:17:43.921+0600][85.459s][info][gc,start    ] GC(129) Concurrent cleanup
[2026-04-03T03:17:43.921+0600][85.459s][info][gc          ] GC(129) Concurrent cleanup 513M->511M(657M) 0.247ms
[2026-04-03T03:17:43.921+0600][85.459s][info][gc,ergo     ] GC(129) Free: 198M, Max: 256K regular, 110M humongous, Frag: 44% external, 0% internal; Reserve: 37950K, Max: 256K
[2026-04-03T03:17:43.921+0600][85.459s][info][gc,start    ] GC(129) Concurrent class unloading
[2026-04-03T03:17:43.921+0600][85.459s][info][gc,task     ] GC(129) Using 3 of 6 workers for concurrent class unloading
[2026-04-03T03:17:43.929+0600][85.467s][info][gc          ] GC(129) Concurrent class unloading 8.098ms
[2026-04-03T03:17:43.929+0600][85.468s][info][gc,start    ] GC(129) Concurrent strong roots
[2026-04-03T03:17:43.929+0600][85.468s][info][gc,task     ] GC(129) Using 3 of 6 workers for concurrent strong root
[2026-04-03T03:17:43.930+0600][85.468s][info][gc          ] GC(129) Concurrent strong roots 0.850ms
[2026-04-03T03:17:43.930+0600][85.468s][info][gc,start    ] GC(129) Concurrent evacuation
[2026-04-03T03:17:43.930+0600][85.468s][info][gc,task     ] GC(129) Using 3 of 6 workers for concurrent evacuation
[2026-04-03T03:17:43.946+0600][85.484s][info][gc          ] GC(129) Concurrent evacuation 15.930ms
[2026-04-03T03:17:43.946+0600][85.485s][info][gc,start    ] GC(129) Pause Init Update Refs
[2026-04-03T03:17:43.947+0600][85.485s][info][gc,ergo     ] GC(129) Pacer for Update Refs. Used: 534M, Free: 189M, Non-Taxable: 19433K, Alloc Tax Rate: 3.4x
[2026-04-03T03:17:43.947+0600][85.485s][info][gc          ] GC(129) Pause Init Update Refs 0.214ms
[2026-04-03T03:17:43.947+0600][85.485s][info][gc,start    ] GC(129) Concurrent update references
[2026-04-03T03:17:43.947+0600][85.485s][info][gc,task     ] GC(129) Using 3 of 6 workers for concurrent reference update
[2026-04-03T03:17:44.123+0600][85.661s][info][gc          ] GC(129) Concurrent update references 176.201ms
[2026-04-03T03:17:44.123+0600][85.661s][info][gc,start    ] GC(129) Concurrent update thread roots
[2026-04-03T03:17:44.124+0600][85.663s][info][gc          ] GC(129) Concurrent update thread roots 1.115ms
[2026-04-03T03:17:44.125+0600][85.663s][info][gc,start    ] GC(129) Pause Final Update Refs
[2026-04-03T03:17:44.125+0600][85.663s][info][gc,task     ] GC(129) Using 6 of 6 workers for final reference update
[2026-04-03T03:17:44.125+0600][85.663s][info][gc          ] GC(129) Pause Final Update Refs 0.284ms
[2026-04-03T03:17:44.125+0600][85.663s][info][gc,start    ] GC(129) Concurrent cleanup
[2026-04-03T03:17:44.125+0600][85.664s][info][gc          ] GC(129) Concurrent cleanup 576M->362M(657M) 0.410ms
[2026-04-03T03:17:44.125+0600][85.664s][info][gc,ergo     ] Free: 346M, Max: 256K regular, 110M humongous, Frag: 68% external, 0% internal; Reserve: 38400K, Max: 256K
[2026-04-03T03:17:44.126+0600][85.664s][info][gc,stats    ] 
[2026-04-03T03:17:44.126+0600][85.664s][info][gc,stats    ] All times are wall-clock times, except per-root-class counters, that are sum over
[2026-04-03T03:17:44.126+0600][85.664s][info][gc,stats    ] all workers. Dividing the <total> over the root stage time estimates parallelism.
[2026-04-03T03:17:44.126+0600][85.664s][info][gc,stats    ] 
[2026-04-03T03:17:44.126+0600][85.664s][info][gc,stats    ] Concurrent Reset                   1329 us
[2026-04-03T03:17:44.126+0600][85.664s][info][gc,stats    ] Pause Init Mark (G)                 428 us
[2026-04-03T03:17:44.126+0600][85.664s][info][gc,stats    ] Pause Init Mark (N)                 157 us
[2026-04-03T03:17:44.126+0600][85.664s][info][gc,stats    ]   Update Region States               46 us
[2026-04-03T03:17:44.126+0600][85.664s][info][gc,stats    ] Concurrent Mark Roots               989 us, parallelism: 1.81x
[2026-04-03T03:17:44.126+0600][85.664s][info][gc,stats    ]   CMR: <total>                     1791 us
[2026-04-03T03:17:44.126+0600][85.664s][info][gc,stats    ]   CMR: Thread Roots                1474 us, workers (us): 307, 583, 584, ---, ---, ---, 
[2026-04-03T03:17:44.126+0600][85.664s][info][gc,stats    ]   CMR: VM Strong Roots               35 us, workers (us):  33,   1,   1, ---, ---, ---, 
[2026-04-03T03:17:44.126+0600][85.664s][info][gc,stats    ]   CMR: CLDG Roots                   283 us, workers (us): 283, ---, ---, ---, ---, ---, 
[2026-04-03T03:17:44.126+0600][85.664s][info][gc,stats    ] Concurrent Marking               346208 us
[2026-04-03T03:17:44.126+0600][85.664s][info][gc,stats    ] Pause Final Mark (G)               1628 us
[2026-04-03T03:17:44.126+0600][85.664s][info][gc,stats    ] Pause Final Mark (N)               1344 us
[2026-04-03T03:17:44.126+0600][85.664s][info][gc,stats    ]   Finish Mark                       420 us
[2026-04-03T03:17:44.126+0600][85.664s][info][gc,stats    ]   Update Region States               63 us
[2026-04-03T03:17:44.126+0600][85.664s][info][gc,stats    ]   Choose Collection Set             645 us
[2026-04-03T03:17:44.126+0600][85.664s][info][gc,stats    ]   Rebuild Free Set                   53 us
[2026-04-03T03:17:44.126+0600][85.664s][info][gc,stats    ] Concurrent Thread Roots             863 us, parallelism: 2.16x
[2026-04-03T03:17:44.126+0600][85.664s][info][gc,stats    ]   CTR: <total>                     1864 us
[2026-04-03T03:17:44.126+0600][85.664s][info][gc,stats    ]   CTR: Thread Roots                1864 us, workers (us): 652, 619, 593, ---, ---, ---, 
[2026-04-03T03:17:44.126+0600][85.664s][info][gc,stats    ] Concurrent Weak References          589 us, parallelism: 0.84x
[2026-04-03T03:17:44.126+0600][85.664s][info][gc,stats    ]   CWRF: <total>                     495 us
[2026-04-03T03:17:44.126+0600][85.664s][info][gc,stats    ]   CWRF: Weak References             495 us, workers (us):  97, 394,   4, ---, ---, ---, 
[2026-04-03T03:17:44.126+0600][85.664s][info][gc,stats    ] Concurrent Weak Roots              2709 us
[2026-04-03T03:17:44.126+0600][85.664s][info][gc,stats    ]   Roots                            2282 us, parallelism: 2.48x
[2026-04-03T03:17:44.126+0600][85.664s][info][gc,stats    ]     CWR: <total>                   5650 us
[2026-04-03T03:17:44.126+0600][85.664s][info][gc,stats    ]     CWR: Code Cache Roots          4015 us, workers (us): 1364, 1245, 1407, ---, ---, ---, 
[2026-04-03T03:17:44.126+0600][85.664s][info][gc,stats    ]     CWR: VM Weak Roots             1510 us, workers (us): 545, 495, 470, ---, ---, ---, 
[2026-04-03T03:17:44.126+0600][85.664s][info][gc,stats    ]     CWR: CLDG Roots                 125 us, workers (us): ---, 125, ---, ---, ---, ---, 
[2026-04-03T03:17:44.126+0600][85.664s][info][gc,stats    ]   Rendezvous                        317 us
[2026-04-03T03:17:44.126+0600][85.664s][info][gc,stats    ] Concurrent Cleanup                  275 us
[2026-04-03T03:17:44.126+0600][85.664s][info][gc,stats    ] Concurrent Class Unloading         8187 us
[2026-04-03T03:17:44.126+0600][85.664s][info][gc,stats    ]   Unlink Stale                     7683 us
[2026-04-03T03:17:44.126+0600][85.664s][info][gc,stats    ]     System Dictionary               129 us
[2026-04-03T03:17:44.126+0600][85.664s][info][gc,stats    ]     Weak Class Links                  1 us
[2026-04-03T03:17:44.126+0600][85.664s][info][gc,stats    ]     Code Roots                     7549 us
[2026-04-03T03:17:44.126+0600][85.664s][info][gc,stats    ]   Rendezvous                        361 us
[2026-04-03T03:17:44.126+0600][85.664s][info][gc,stats    ]   Purge Unlinked                     14 us
[2026-04-03T03:17:44.126+0600][85.664s][info][gc,stats    ]     Code Roots                        5 us
[2026-04-03T03:17:44.126+0600][85.664s][info][gc,stats    ]     CLDG                              9 us
[2026-04-03T03:17:44.126+0600][85.664s][info][gc,stats    ]     Exception Caches                  0 us
[2026-04-03T03:17:44.126+0600][85.665s][info][gc,stats    ] Concurrent Strong Roots             909 us, parallelism: 0.55x
[2026-04-03T03:17:44.126+0600][85.665s][info][gc,stats    ]   CSR: <total>                      499 us
[2026-04-03T03:17:44.126+0600][85.665s][info][gc,stats    ]   CSR: VM Strong Roots               33 us, workers (us):  31,   1,   1, ---, ---, ---, 
[2026-04-03T03:17:44.126+0600][85.665s][info][gc,stats    ]   CSR: CLDG Roots                   466 us, workers (us): 466, ---, ---, ---, ---, ---, 
[2026-04-03T03:17:44.126+0600][85.665s][info][gc,stats    ] Concurrent Evacuation             16083 us
[2026-04-03T03:17:44.126+0600][85.665s][info][gc,stats    ] Pause Init Update Refs (G)          575 us
[2026-04-03T03:17:44.126+0600][85.665s][info][gc,stats    ] Pause Init Update Refs (N)          229 us
[2026-04-03T03:17:44.126+0600][85.665s][info][gc,stats    ]   Manage GCLABs                      76 us
[2026-04-03T03:17:44.126+0600][85.665s][info][gc,stats    ] Concurrent Update Refs           176318 us
[2026-04-03T03:17:44.126+0600][85.665s][info][gc,stats    ] Concurrent Update Thread Roots     1213 us
[2026-04-03T03:17:44.126+0600][85.665s][info][gc,stats    ] Pause Final Update Refs (G)         703 us
[2026-04-03T03:17:44.126+0600][85.665s][info][gc,stats    ] Pause Final Update Refs (N)         303 us
[2026-04-03T03:17:44.126+0600][85.665s][info][gc,stats    ]   Update Region States               77 us
[2026-04-03T03:17:44.126+0600][85.665s][info][gc,stats    ]   Trash Collection Set               27 us
[2026-04-03T03:17:44.126+0600][85.665s][info][gc,stats    ]   Rebuild Free Set                   51 us
[2026-04-03T03:17:44.126+0600][85.665s][info][gc,stats    ] Concurrent Cleanup                  440 us
[2026-04-03T03:17:44.126+0600][85.665s][info][gc,stats    ] Pacing                           370090 us
[2026-04-03T03:17:44.126+0600][85.665s][info][gc,stats    ] 
[2026-04-03T03:17:44.126+0600][85.665s][info][gc,stats    ] Allocation pacing accrued:
[2026-04-03T03:17:44.126+0600][85.665s][info][gc,stats    ]     180 of   609 ms ( 29.6%): Executor task launch worker for task 2.0 in stage 27.0 (TID 41)
[2026-04-03T03:17:44.126+0600][85.665s][info][gc,stats    ]      11 of   609 ms (  1.9%): Executor task launch worker for task 1.0 in stage 27.0 (TID 40)
[2026-04-03T03:17:44.126+0600][85.665s][info][gc,stats    ]     178 of   609 ms ( 29.3%): Executor task launch worker for task 0.0 in stage 27.0 (TID 39)
[2026-04-03T03:17:44.126+0600][85.665s][info][gc,stats    ]     370 of   609 ms ( 60.7%): <total>
[2026-04-03T03:17:44.126+0600][85.665s][info][gc,stats    ]       2 of   609 ms (  0.3%): <average total>
[2026-04-03T03:17:44.126+0600][85.665s][info][gc,stats    ]     123 of   609 ms ( 20.2%): <average non-zero>
[2026-04-03T03:17:44.126+0600][85.665s][info][gc,stats    ] 
[2026-04-03T03:17:44.126+0600][85.665s][info][gc,metaspace] Metaspace: 73387K(74304K)->73388K(74304K) NonClass: 64086K(64576K)->64087K(64576K) Class: 9300K(9728K)->9300K(9728K)
[2026-04-03T03:17:44.126+0600][85.665s][info][gc,ergo     ] Pacer for Idle. Initial: 15360K, Alloc Tax Rate: 1.0x
[2026-04-03T03:17:44.328+0600][85.867s][info][gc          ] Trigger: Average GC time (614.83 ms) is above the time for average allocation rate (381 MB/s) to deplete free headroom (228M) (margin of error = 2.04)
[2026-04-03T03:17:44.329+0600][85.867s][info][gc,ergo     ] Free headroom: 265M (free) - 38400K (spike) - 0B (penalties) = 228M
[2026-04-03T03:17:44.329+0600][85.867s][info][gc,ergo     ] Free: 265M, Max: 256K regular, 110M humongous, Frag: 59% external, 0% internal; Reserve: 38400K, Max: 256K
[2026-04-03T03:17:44.329+0600][85.867s][info][gc,start    ] GC(130) Concurrent reset
[2026-04-03T03:17:44.329+0600][85.867s][info][gc,task     ] GC(130) Using 3 of 6 workers for concurrent reset
[2026-04-03T03:17:44.329+0600][85.867s][info][gc,ergo     ] GC(130) Pacer for Reset. Non-Taxable: 750M
[2026-04-03T03:17:44.330+0600][85.869s][info][gc          ] GC(130) Concurrent reset 1.583ms
[2026-04-03T03:17:44.330+0600][85.869s][info][gc,start    ] GC(130) Pause Init Mark (unload classes)
[2026-04-03T03:17:44.330+0600][85.869s][info][gc,task     ] GC(130) Using 6 of 6 workers for init marking
[2026-04-03T03:17:44.331+0600][85.869s][info][gc,ergo     ] GC(130) Pacer for Mark. Expected Live: 237M, Free: 265M, Non-Taxable: 27216K, Alloc Tax Rate: 1.1x
[2026-04-03T03:17:44.331+0600][85.869s][info][gc          ] GC(130) Pause Init Mark (unload classes) 0.156ms
[2026-04-03T03:17:44.331+0600][85.869s][info][gc,start    ] GC(130) Concurrent marking roots
[2026-04-03T03:17:44.331+0600][85.869s][info][gc,task     ] GC(130) Using 3 of 6 workers for concurrent marking roots
[2026-04-03T03:17:44.332+0600][85.870s][info][gc          ] GC(130) Concurrent marking roots 0.927ms
[2026-04-03T03:17:44.332+0600][85.870s][info][gc,start    ] GC(130) Concurrent marking (unload classes)
[2026-04-03T03:17:44.332+0600][85.870s][info][gc,task     ] GC(130) Using 3 of 6 workers for concurrent marking
[2026-04-03T03:17:44.788+0600][86.326s][info][gc          ] GC(130) Concurrent marking (unload classes) 456.237ms
[2026-04-03T03:17:44.788+0600][86.327s][info][gc,start    ] GC(130) Pause Final Mark (unload classes)
[2026-04-03T03:17:44.788+0600][86.327s][info][gc,task     ] GC(130) Using 6 of 6 workers for final marking
[2026-04-03T03:17:44.789+0600][86.327s][info][gc,ergo     ] GC(130) Adaptive CSet Selection. Target Free: 106M, Actual Free: 304M, Max CSet: 32000K, Min Garbage: 0B
[2026-04-03T03:17:44.790+0600][86.328s][info][gc,ergo     ] GC(130) Collectable Garbage: 180M (91%), Immediate: 14918K (7%), CSet: 165M (84%)
[2026-04-03T03:17:44.790+0600][86.328s][info][gc,ergo     ] GC(130) Pacer for Evacuation. Used CSet: 172M, Free: 269M, Non-Taxable: 27600K, Alloc Tax Rate: 1.6x
[2026-04-03T03:17:44.790+0600][86.328s][info][gc          ] GC(130) Pause Final Mark (unload classes) 1.410ms
[2026-04-03T03:17:44.790+0600][86.328s][info][gc,start    ] GC(130) Concurrent thread roots
[2026-04-03T03:17:44.790+0600][86.328s][info][gc,task     ] GC(130) Using 3 of 6 workers for Concurrent thread roots
[2026-04-03T03:17:44.791+0600][86.329s][info][gc          ] GC(130) Concurrent thread roots 1.029ms
[2026-04-03T03:17:44.791+0600][86.329s][info][gc,start    ] GC(130) Concurrent weak references
[2026-04-03T03:17:44.791+0600][86.329s][info][gc,task     ] GC(130) Using 3 of 6 workers for concurrent weak references
[2026-04-03T03:17:44.791+0600][86.330s][info][gc,ref      ] GC(130) Encountered references: Soft: 3293, Weak: 6338, Final: 84, Phantom: 600
[2026-04-03T03:17:44.791+0600][86.330s][info][gc,ref      ] GC(130) Discovered  references: Soft: 0, Weak: 1090, Final: 2, Phantom: 597
[2026-04-03T03:17:44.791+0600][86.330s][info][gc,ref      ] GC(130) Enqueued    references: Soft: 0, Weak: 37, Final: 0, Phantom: 0
[2026-04-03T03:17:44.791+0600][86.330s][info][gc          ] GC(130) Concurrent weak references 0.448ms
[2026-04-03T03:17:44.791+0600][86.330s][info][gc,start    ] GC(130) Concurrent weak roots
[2026-04-03T03:17:44.791+0600][86.330s][info][gc,task     ] GC(130) Using 3 of 6 workers for concurrent weak root
[2026-04-03T03:17:44.794+0600][86.333s][info][gc          ] GC(130) Concurrent weak roots 3.036ms
[2026-04-03T03:17:44.795+0600][86.333s][info][gc,start    ] GC(130) Concurrent cleanup
[2026-04-03T03:17:44.795+0600][86.334s][info][gc          ] GC(130) Concurrent cleanup 454M->439M(657M) 0.620ms
[2026-04-03T03:17:44.795+0600][86.334s][info][gc,ergo     ] GC(130) Free: 269M, Max: 256K regular, 110M humongous, Frag: 59% external, 0% internal; Reserve: 38015K, Max: 256K
[2026-04-03T03:17:44.795+0600][86.334s][info][gc,start    ] GC(130) Concurrent class unloading
[2026-04-03T03:17:44.795+0600][86.334s][info][gc,task     ] GC(130) Using 3 of 6 workers for concurrent class unloading
[2026-04-03T03:17:44.803+0600][86.341s][info][gc          ] GC(130) Concurrent class unloading 7.779ms
[2026-04-03T03:17:44.803+0600][86.341s][info][gc,start    ] GC(130) Concurrent strong roots
[2026-04-03T03:17:44.803+0600][86.342s][info][gc,task     ] GC(130) Using 3 of 6 workers for concurrent strong root
[2026-04-03T03:17:44.804+0600][86.342s][info][gc          ] GC(130) Concurrent strong roots 0.802ms
[2026-04-03T03:17:44.804+0600][86.342s][info][gc,start    ] GC(130) Concurrent evacuation
[2026-04-03T03:17:44.804+0600][86.342s][info][gc,task     ] GC(130) Using 3 of 6 workers for concurrent evacuation
[2026-04-03T03:17:44.812+0600][86.351s][info][gc          ] GC(130) Concurrent evacuation 8.356ms
[2026-04-03T03:17:44.813+0600][86.351s][info][gc,start    ] GC(130) Pause Init Update Refs
[2026-04-03T03:17:44.813+0600][86.351s][info][gc,ergo     ] GC(130) Pacer for Update Refs. Used: 447M, Free: 269M, Non-Taxable: 27600K, Alloc Tax Rate: 2.0x
[2026-04-03T03:17:44.813+0600][86.351s][info][gc          ] GC(130) Pause Init Update Refs 0.273ms
[2026-04-03T03:17:44.813+0600][86.352s][info][gc,start    ] GC(130) Concurrent update references
[2026-04-03T03:17:44.813+0600][86.352s][info][gc,task     ] GC(130) Using 3 of 6 workers for concurrent reference update
[2026-04-03T03:17:44.960+0600][86.498s][info][gc          ] GC(130) Concurrent update references 146.902ms
[2026-04-03T03:17:44.960+0600][86.499s][info][gc,start    ] GC(130) Concurrent update thread roots
[2026-04-03T03:17:44.961+0600][86.500s][info][gc          ] GC(130) Concurrent update thread roots 1.144ms
[2026-04-03T03:17:44.962+0600][86.500s][info][gc,start    ] GC(130) Pause Final Update Refs
[2026-04-03T03:17:44.962+0600][86.500s][info][gc,task     ] GC(130) Using 6 of 6 workers for final reference update
[2026-04-03T03:17:44.962+0600][86.500s][info][gc          ] GC(130) Pause Final Update Refs 0.246ms
[2026-04-03T03:17:44.962+0600][86.500s][info][gc,start    ] GC(130) Concurrent cleanup
[2026-04-03T03:17:44.962+0600][86.501s][info][gc          ] GC(130) Concurrent cleanup 454M->282M(657M) 0.320ms
[2026-04-03T03:17:44.962+0600][86.501s][info][gc,ergo     ] Free: 426M, Max: 256K regular, 110M humongous, Frag: 74% external, 0% internal; Reserve: 38400K, Max: 256K
[2026-04-03T03:17:44.963+0600][86.501s][info][gc,stats    ] 
[2026-04-03T03:17:44.963+0600][86.501s][info][gc,stats    ] All times are wall-clock times, except per-root-class counters, that are sum over
[2026-04-03T03:17:44.963+0600][86.501s][info][gc,stats    ] all workers. Dividing the <total> over the root stage time estimates parallelism.
[2026-04-03T03:17:44.963+0600][86.501s][info][gc,stats    ] 
[2026-04-03T03:17:44.963+0600][86.501s][info][gc,stats    ] Concurrent Reset                   1656 us
[2026-04-03T03:17:44.963+0600][86.501s][info][gc,stats    ] Pause Init Mark (G)                 443 us
[2026-04-03T03:17:44.963+0600][86.501s][info][gc,stats    ] Pause Init Mark (N)                 169 us
[2026-04-03T03:17:44.963+0600][86.501s][info][gc,stats    ]   Update Region States               41 us
[2026-04-03T03:17:44.963+0600][86.501s][info][gc,stats    ] Concurrent Mark Roots              1000 us, parallelism: 1.60x
[2026-04-03T03:17:44.963+0600][86.501s][info][gc,stats    ]   CMR: <total>                     1596 us
[2026-04-03T03:17:44.963+0600][86.501s][info][gc,stats    ]   CMR: Thread Roots                1374 us, workers (us): 354, 509, 511, ---, ---, ---, 
[2026-04-03T03:17:44.963+0600][86.501s][info][gc,stats    ]   CMR: VM Strong Roots               33 us, workers (us):  31,   0,   1, ---, ---, ---, 
[2026-04-03T03:17:44.963+0600][86.501s][info][gc,stats    ]   CMR: CLDG Roots                   189 us, workers (us): 189, ---, ---, ---, ---, ---, 
[2026-04-03T03:17:44.963+0600][86.501s][info][gc,stats    ] Concurrent Marking               456347 us
[2026-04-03T03:17:44.963+0600][86.501s][info][gc,stats    ] Pause Final Mark (G)               1808 us
[2026-04-03T03:17:44.963+0600][86.501s][info][gc,stats    ] Pause Final Mark (N)               1427 us
[2026-04-03T03:17:44.963+0600][86.501s][info][gc,stats    ]   Finish Mark                       252 us
[2026-04-03T03:17:44.963+0600][86.501s][info][gc,stats    ]   Update Region States              109 us
[2026-04-03T03:17:44.963+0600][86.501s][info][gc,stats    ]   Choose Collection Set             799 us
[2026-04-03T03:17:44.963+0600][86.501s][info][gc,stats    ]   Rebuild Free Set                   75 us
[2026-04-03T03:17:44.963+0600][86.501s][info][gc,stats    ] Concurrent Thread Roots            1087 us, parallelism: 1.96x
[2026-04-03T03:17:44.963+0600][86.501s][info][gc,stats    ]   CTR: <total>                     2134 us
[2026-04-03T03:17:44.963+0600][86.501s][info][gc,stats    ]   CTR: Thread Roots                2134 us, workers (us): 742, 690, 701, ---, ---, ---, 
[2026-04-03T03:17:44.963+0600][86.501s][info][gc,stats    ] Concurrent Weak References          460 us, parallelism: 0.69x
[2026-04-03T03:17:44.963+0600][86.501s][info][gc,stats    ]   CWRF: <total>                     318 us
[2026-04-03T03:17:44.963+0600][86.501s][info][gc,stats    ]   CWRF: Weak References             318 us, workers (us): 160,  68,  90, ---, ---, ---, 
[2026-04-03T03:17:44.963+0600][86.501s][info][gc,stats    ] Concurrent Weak Roots              3104 us
[2026-04-03T03:17:44.963+0600][86.501s][info][gc,stats    ]   Roots                            2590 us, parallelism: 2.53x
[2026-04-03T03:17:44.963+0600][86.501s][info][gc,stats    ]     CWR: <total>                   6554 us
[2026-04-03T03:17:44.963+0600][86.501s][info][gc,stats    ]     CWR: Code Cache Roots          4748 us, workers (us): 1565, 1590, 1593, ---, ---, ---, 
[2026-04-03T03:17:44.963+0600][86.501s][info][gc,stats    ]     CWR: VM Weak Roots             1696 us, workers (us): 587, 576, 533, ---, ---, ---, 
[2026-04-03T03:17:44.963+0600][86.501s][info][gc,stats    ]     CWR: CLDG Roots                 110 us, workers (us): 110, ---, ---, ---, ---, ---, 
[2026-04-03T03:17:44.963+0600][86.501s][info][gc,stats    ]   Rendezvous                        418 us
[2026-04-03T03:17:44.963+0600][86.501s][info][gc,stats    ] Concurrent Cleanup                  636 us
[2026-04-03T03:17:44.963+0600][86.501s][info][gc,stats    ] Concurrent Class Unloading         7882 us
[2026-04-03T03:17:44.963+0600][86.501s][info][gc,stats    ]   Unlink Stale                     7230 us
[2026-04-03T03:17:44.963+0600][86.501s][info][gc,stats    ]     System Dictionary                97 us
[2026-04-03T03:17:44.963+0600][86.501s][info][gc,stats    ]     Weak Class Links                  0 us
[2026-04-03T03:17:44.963+0600][86.501s][info][gc,stats    ]     Code Roots                     7129 us
[2026-04-03T03:17:44.963+0600][86.501s][info][gc,stats    ]   Rendezvous                        462 us
[2026-04-03T03:17:44.963+0600][86.501s][info][gc,stats    ]   Purge Unlinked                     61 us
[2026-04-03T03:17:44.963+0600][86.501s][info][gc,stats    ]     Code Roots                       48 us
[2026-04-03T03:17:44.963+0600][86.501s][info][gc,stats    ]     CLDG                             12 us
[2026-04-03T03:17:44.963+0600][86.501s][info][gc,stats    ]     Exception Caches                  0 us
[2026-04-03T03:17:44.963+0600][86.501s][info][gc,stats    ] Concurrent Strong Roots             862 us, parallelism: 0.54x
[2026-04-03T03:17:44.963+0600][86.501s][info][gc,stats    ]   CSR: <total>                      464 us
[2026-04-03T03:17:44.963+0600][86.501s][info][gc,stats    ]   CSR: VM Strong Roots               45 us, workers (us):  37,   7,   1, ---, ---, ---, 
[2026-04-03T03:17:44.963+0600][86.501s][info][gc,stats    ]   CSR: CLDG Roots                   419 us, workers (us): 419, ---, ---, ---, ---, ---, 
[2026-04-03T03:17:44.963+0600][86.501s][info][gc,stats    ] Concurrent Evacuation              8466 us
[2026-04-03T03:17:44.963+0600][86.501s][info][gc,stats    ] Pause Init Update Refs (G)          693 us
[2026-04-03T03:17:44.963+0600][86.501s][info][gc,stats    ] Pause Init Update Refs (N)          288 us
[2026-04-03T03:17:44.963+0600][86.501s][info][gc,stats    ]   Manage GCLABs                      71 us
[2026-04-03T03:17:44.963+0600][86.502s][info][gc,stats    ] Concurrent Update Refs           147003 us
[2026-04-03T03:17:44.963+0600][86.502s][info][gc,stats    ] Concurrent Update Thread Roots     1216 us
[2026-04-03T03:17:44.963+0600][86.502s][info][gc,stats    ] Pause Final Update Refs (G)         682 us
[2026-04-03T03:17:44.963+0600][86.502s][info][gc,stats    ] Pause Final Update Refs (N)         259 us
[2026-04-03T03:17:44.963+0600][86.502s][info][gc,stats    ]   Update Region States               52 us
[2026-04-03T03:17:44.963+0600][86.502s][info][gc,stats    ]   Trash Collection Set               19 us
[2026-04-03T03:17:44.963+0600][86.502s][info][gc,stats    ]   Rebuild Free Set                   43 us
[2026-04-03T03:17:44.963+0600][86.502s][info][gc,stats    ] Concurrent Cleanup                  344 us
[2026-04-03T03:17:44.963+0600][86.502s][info][gc,stats    ] 
[2026-04-03T03:17:44.963+0600][86.502s][info][gc,stats    ] Allocation pacing accrued:
[2026-04-03T03:17:44.963+0600][86.502s][info][gc,stats    ]       0 of   837 ms (  0.0%): <total>
[2026-04-03T03:17:44.963+0600][86.502s][info][gc,stats    ]       0 of   837 ms (  0.0%): <average total>
[2026-04-03T03:17:44.963+0600][86.502s][info][gc,stats    ] 
[2026-04-03T03:17:44.963+0600][86.502s][info][gc,metaspace] Metaspace: 73392K(74304K)->73399K(74304K) NonClass: 64090K(64576K)->64097K(64576K) Class: 9301K(9728K)->9302K(9728K)
[2026-04-03T03:17:44.963+0600][86.502s][info][gc,ergo     ] Pacer for Idle. Initial: 15360K, Alloc Tax Rate: 1.0x
[2026-04-03T03:17:45.347+0600][86.886s][info][gc          ] Trigger: Average GC time (716.79 ms) is above the time for average allocation rate (365 MB/s) to deplete free headroom (261M) (margin of error = 2.01)
[2026-04-03T03:17:45.347+0600][86.886s][info][gc,ergo     ] Free headroom: 299M (free) - 38400K (spike) - 0B (penalties) = 261M
[2026-04-03T03:17:45.348+0600][86.886s][info][gc,ergo     ] Free: 299M, Max: 256K regular, 110M humongous, Frag: 63% external, 0% internal; Reserve: 38400K, Max: 256K
[2026-04-03T03:17:45.348+0600][86.886s][info][gc,start    ] GC(131) Concurrent reset
[2026-04-03T03:17:45.348+0600][86.886s][info][gc,task     ] GC(131) Using 3 of 6 workers for concurrent reset
[2026-04-03T03:17:45.348+0600][86.886s][info][gc,ergo     ] GC(131) Pacer for Reset. Non-Taxable: 750M
[2026-04-03T03:17:45.349+0600][86.887s][info][gc          ] GC(131) Concurrent reset 1.456ms
[2026-04-03T03:17:45.349+0600][86.888s][info][gc,start    ] GC(131) Pause Init Mark (unload classes)
[2026-04-03T03:17:45.349+0600][86.888s][info][gc,task     ] GC(131) Using 6 of 6 workers for init marking
[2026-04-03T03:17:45.349+0600][86.888s][info][gc,ergo     ] GC(131) Pacer for Mark. Expected Live: 238M, Free: 298M, Non-Taxable: 30544K, Alloc Tax Rate: 1.0x
[2026-04-03T03:17:45.349+0600][86.888s][info][gc          ] GC(131) Pause Init Mark (unload classes) 0.156ms
[2026-04-03T03:17:45.350+0600][86.888s][info][gc,start    ] GC(131) Concurrent marking roots
[2026-04-03T03:17:45.350+0600][86.888s][info][gc,task     ] GC(131) Using 3 of 6 workers for concurrent marking roots
[2026-04-03T03:17:45.351+0600][86.889s][info][gc          ] GC(131) Concurrent marking roots 0.941ms
[2026-04-03T03:17:45.351+0600][86.889s][info][gc,start    ] GC(131) Concurrent marking (unload classes)
[2026-04-03T03:17:45.351+0600][86.889s][info][gc,task     ] GC(131) Using 3 of 6 workers for concurrent marking
[2026-04-03T03:17:45.593+0600][87.132s][info][gc          ] GC(131) Concurrent marking (unload classes) 242.608ms
[2026-04-03T03:17:45.593+0600][87.132s][info][gc,start    ] GC(131) Pause Final Mark (unload classes)
[2026-04-03T03:17:45.593+0600][87.132s][info][gc,task     ] GC(131) Using 6 of 6 workers for final marking
[2026-04-03T03:17:45.594+0600][87.132s][info][gc,ergo     ] GC(131) Adaptive CSet Selection. Target Free: 106M, Actual Free: 440M, Max CSet: 32000K, Min Garbage: 0B
[2026-04-03T03:17:45.594+0600][87.133s][info][gc,ergo     ] GC(131) Collectable Garbage: 231M (97%), Immediate: 155M (65%), CSet: 77189K (31%)
[2026-04-03T03:17:45.594+0600][87.133s][info][gc,ergo     ] GC(131) Pacer for Evacuation. Used CSet: 97232K, Free: 409M, Non-Taxable: 41914K, Alloc Tax Rate: 1.1x
[2026-04-03T03:17:45.594+0600][87.133s][info][gc          ] GC(131) Pause Final Mark (unload classes) 0.879ms
[2026-04-03T03:17:45.594+0600][87.133s][info][gc,start    ] GC(131) Concurrent thread roots
[2026-04-03T03:17:45.594+0600][87.133s][info][gc,task     ] GC(131) Using 3 of 6 workers for Concurrent thread roots
[2026-04-03T03:17:45.595+0600][87.134s][info][gc          ] GC(131) Concurrent thread roots 0.849ms
[2026-04-03T03:17:45.595+0600][87.134s][info][gc,start    ] GC(131) Concurrent weak references
[2026-04-03T03:17:45.595+0600][87.134s][info][gc,task     ] GC(131) Using 3 of 6 workers for concurrent weak references
[2026-04-03T03:17:45.596+0600][87.134s][info][gc,ref      ] GC(131) Encountered references: Soft: 3299, Weak: 6610, Final: 84, Phantom: 602
[2026-04-03T03:17:45.596+0600][87.134s][info][gc,ref      ] GC(131) Discovered  references: Soft: 0, Weak: 1234, Final: 2, Phantom: 598
[2026-04-03T03:17:45.596+0600][87.134s][info][gc,ref      ] GC(131) Enqueued    references: Soft: 0, Weak: 91, Final: 0, Phantom: 0
[2026-04-03T03:17:45.596+0600][87.134s][info][gc          ] GC(131) Concurrent weak references 0.557ms
[2026-04-03T03:17:45.596+0600][87.134s][info][gc,start    ] GC(131) Concurrent weak roots
[2026-04-03T03:17:45.596+0600][87.134s][info][gc,task     ] GC(131) Using 3 of 6 workers for concurrent weak root
[2026-04-03T03:17:45.598+0600][87.137s][info][gc          ] GC(131) Concurrent weak roots 2.598ms
[2026-04-03T03:17:45.599+0600][87.137s][info][gc,start    ] GC(131) Concurrent cleanup
[2026-04-03T03:17:45.599+0600][87.137s][info][gc          ] GC(131) Concurrent cleanup 457M->302M(657M) 0.351ms
[2026-04-03T03:17:45.599+0600][87.137s][info][gc,ergo     ] GC(131) Free: 407M, Max: 256K regular, 172M humongous, Frag: 58% external, 0% internal; Reserve: 37629K, Max: 256K
[2026-04-03T03:17:45.599+0600][87.137s][info][gc,start    ] GC(131) Concurrent class unloading
[2026-04-03T03:17:45.599+0600][87.137s][info][gc,task     ] GC(131) Using 3 of 6 workers for concurrent class unloading
[2026-04-03T03:17:45.607+0600][87.145s][info][gc          ] GC(131) Concurrent class unloading 7.971ms
[2026-04-03T03:17:45.607+0600][87.145s][info][gc,start    ] GC(131) Concurrent strong roots
[2026-04-03T03:17:45.607+0600][87.145s][info][gc,task     ] GC(131) Using 3 of 6 workers for concurrent strong root
[2026-04-03T03:17:45.608+0600][87.146s][info][gc          ] GC(131) Concurrent strong roots 0.939ms
[2026-04-03T03:17:45.608+0600][87.146s][info][gc,start    ] GC(131) Concurrent evacuation
[2026-04-03T03:17:45.608+0600][87.147s][info][gc,task     ] GC(131) Using 3 of 6 workers for concurrent evacuation
[2026-04-03T03:17:45.628+0600][87.166s][info][gc          ] GC(131) Concurrent evacuation 19.598ms
[2026-04-03T03:17:45.628+0600][87.166s][info][gc,start    ] GC(131) Pause Init Update Refs
[2026-04-03T03:17:45.628+0600][87.167s][info][gc,ergo     ] GC(131) Pacer for Update Refs. Used: 329M, Free: 400M, Non-Taxable: 41044K, Alloc Tax Rate: 1.1x
[2026-04-03T03:17:45.651+0600][87.190s][info][gc          ] GC(131) Pause Init Update Refs 23.150ms
[2026-04-03T03:17:45.652+0600][87.190s][info][gc,start    ] GC(131) Concurrent update references
[2026-04-03T03:17:45.652+0600][87.190s][info][gc,task     ] GC(131) Using 3 of 6 workers for concurrent reference update
[2026-04-03T03:17:45.776+0600][87.315s][info][gc          ] GC(131) Concurrent update references 124.750ms
[2026-04-03T03:17:45.776+0600][87.315s][info][gc,start    ] GC(131) Concurrent update thread roots
[2026-04-03T03:17:45.778+0600][87.316s][info][gc          ] GC(131) Concurrent update thread roots 1.136ms
[2026-04-03T03:17:45.778+0600][87.316s][info][gc,start    ] GC(131) Pause Final Update Refs
[2026-04-03T03:17:45.778+0600][87.316s][info][gc,task     ] GC(131) Using 6 of 6 workers for final reference update
[2026-04-03T03:17:45.778+0600][87.316s][info][gc          ] GC(131) Pause Final Update Refs 0.256ms
[2026-04-03T03:17:45.778+0600][87.316s][info][gc,start    ] GC(131) Concurrent cleanup
[2026-04-03T03:17:45.778+0600][87.317s][info][gc          ] GC(131) Concurrent cleanup 377M->282M(657M) 0.260ms
[2026-04-03T03:17:45.778+0600][87.317s][info][gc,ergo     ] Free: 426M, Max: 256K regular, 172M humongous, Frag: 60% external, 0% internal; Reserve: 38400K, Max: 256K
[2026-04-03T03:17:45.779+0600][87.317s][info][gc,stats    ] 
[2026-04-03T03:17:45.779+0600][87.317s][info][gc,stats    ] All times are wall-clock times, except per-root-class counters, that are sum over
[2026-04-03T03:17:45.779+0600][87.317s][info][gc,stats    ] all workers. Dividing the <total> over the root stage time estimates parallelism.
[2026-04-03T03:17:45.779+0600][87.317s][info][gc,stats    ] 
[2026-04-03T03:17:45.779+0600][87.317s][info][gc,stats    ] Concurrent Reset                   1519 us
[2026-04-03T03:17:45.779+0600][87.317s][info][gc,stats    ] Pause Init Mark (G)                 498 us
[2026-04-03T03:17:45.779+0600][87.317s][info][gc,stats    ] Pause Init Mark (N)                 171 us
[2026-04-03T03:17:45.779+0600][87.317s][info][gc,stats    ]   Update Region States               33 us
[2026-04-03T03:17:45.779+0600][87.317s][info][gc,stats    ] Concurrent Mark Roots               991 us, parallelism: 1.81x
[2026-04-03T03:17:45.779+0600][87.317s][info][gc,stats    ]   CMR: <total>                     1793 us
[2026-04-03T03:17:45.779+0600][87.317s][info][gc,stats    ]   CMR: Thread Roots                1494 us, workers (us): 329, 582, 582, ---, ---, ---, 
[2026-04-03T03:17:45.779+0600][87.317s][info][gc,stats    ]   CMR: VM Strong Roots               28 us, workers (us):  27,   1,   1, ---, ---, ---, 
[2026-04-03T03:17:45.779+0600][87.317s][info][gc,stats    ]   CMR: CLDG Roots                   271 us, workers (us): 271, ---, ---, ---, ---, ---, 
[2026-04-03T03:17:45.779+0600][87.317s][info][gc,stats    ] Concurrent Marking               242691 us
[2026-04-03T03:17:45.779+0600][87.317s][info][gc,stats    ] Pause Final Mark (G)               1133 us
[2026-04-03T03:17:45.779+0600][87.317s][info][gc,stats    ] Pause Final Mark (N)                899 us
[2026-04-03T03:17:45.779+0600][87.317s][info][gc,stats    ]   Finish Mark                       280 us
[2026-04-03T03:17:45.779+0600][87.317s][info][gc,stats    ]   Update Region States               59 us
[2026-04-03T03:17:45.779+0600][87.317s][info][gc,stats    ]   Choose Collection Set             356 us
[2026-04-03T03:17:45.779+0600][87.317s][info][gc,stats    ]   Rebuild Free Set                   41 us
[2026-04-03T03:17:45.779+0600][87.317s][info][gc,stats    ] Concurrent Thread Roots             897 us, parallelism: 2.09x
[2026-04-03T03:17:45.779+0600][87.317s][info][gc,stats    ]   CTR: <total>                     1874 us
[2026-04-03T03:17:45.779+0600][87.317s][info][gc,stats    ]   CTR: Thread Roots                1874 us, workers (us): 647, 633, 595, ---, ---, ---, 
[2026-04-03T03:17:45.779+0600][87.317s][info][gc,stats    ] Concurrent Weak References          571 us, parallelism: 0.62x
[2026-04-03T03:17:45.779+0600][87.317s][info][gc,stats    ]   CWRF: <total>                     354 us
[2026-04-03T03:17:45.779+0600][87.317s][info][gc,stats    ]   CWRF: Weak References             354 us, workers (us): 314,  28,  11, ---, ---, ---, 
[2026-04-03T03:17:45.779+0600][87.317s][info][gc,stats    ] Concurrent Weak Roots              2673 us
[2026-04-03T03:17:45.779+0600][87.317s][info][gc,stats    ]   Roots                            2283 us, parallelism: 2.53x
[2026-04-03T03:17:45.779+0600][87.317s][info][gc,stats    ]     CWR: <total>                   5774 us
[2026-04-03T03:17:45.779+0600][87.317s][info][gc,stats    ]     CWR: Code Cache Roots          3919 us, workers (us): 1356, 1317, 1245, ---, ---, ---, 
[2026-04-03T03:17:45.779+0600][87.317s][info][gc,stats    ]     CWR: VM Weak Roots             1767 us, workers (us): 632, 598, 537, ---, ---, ---, 
[2026-04-03T03:17:45.779+0600][87.317s][info][gc,stats    ]     CWR: CLDG Roots                  88 us, workers (us): ---, ---,  88, ---, ---, ---, 
[2026-04-03T03:17:45.779+0600][87.317s][info][gc,stats    ]   Rendezvous                        287 us
[2026-04-03T03:17:45.779+0600][87.317s][info][gc,stats    ] Concurrent Cleanup                  380 us
[2026-04-03T03:17:45.779+0600][87.317s][info][gc,stats    ] Concurrent Class Unloading         8066 us
[2026-04-03T03:17:45.779+0600][87.317s][info][gc,stats    ]   Unlink Stale                     7313 us
[2026-04-03T03:17:45.779+0600][87.317s][info][gc,stats    ]     System Dictionary               129 us
[2026-04-03T03:17:45.779+0600][87.317s][info][gc,stats    ]     Weak Class Links                  1 us
[2026-04-03T03:17:45.779+0600][87.317s][info][gc,stats    ]     Code Roots                     7179 us
[2026-04-03T03:17:45.779+0600][87.317s][info][gc,stats    ]   Rendezvous                        297 us
[2026-04-03T03:17:45.779+0600][87.317s][info][gc,stats    ]   Purge Unlinked                    326 us
[2026-04-03T03:17:45.779+0600][87.317s][info][gc,stats    ]     Code Roots                      316 us
[2026-04-03T03:17:45.779+0600][87.317s][info][gc,stats    ]     CLDG                              9 us
[2026-04-03T03:17:45.779+0600][87.317s][info][gc,stats    ]     Exception Caches                  0 us
[2026-04-03T03:17:45.779+0600][87.317s][info][gc,stats    ] Concurrent Strong Roots            1042 us, parallelism: 0.56x
[2026-04-03T03:17:45.779+0600][87.317s][info][gc,stats    ]   CSR: <total>                      580 us
[2026-04-03T03:17:45.779+0600][87.317s][info][gc,stats    ]   CSR: VM Strong Roots               54 us, workers (us):  44,  10,   0, ---, ---, ---, 
[2026-04-03T03:17:45.779+0600][87.317s][info][gc,stats    ]   CSR: CLDG Roots                   526 us, workers (us): 526, ---, ---, ---, ---, ---, 
[2026-04-03T03:17:45.779+0600][87.317s][info][gc,stats    ] Concurrent Evacuation             19707 us
[2026-04-03T03:17:45.779+0600][87.317s][info][gc,stats    ] Pause Init Update Refs (G)        23683 us
[2026-04-03T03:17:45.779+0600][87.317s][info][gc,stats    ] Pause Init Update Refs (N)        23237 us
[2026-04-03T03:17:45.779+0600][87.317s][info][gc,stats    ]   Manage GCLABs                      63 us
[2026-04-03T03:17:45.779+0600][87.317s][info][gc,stats    ] Concurrent Update Refs           124848 us
[2026-04-03T03:17:45.779+0600][87.317s][info][gc,stats    ] Concurrent Update Thread Roots     1204 us
[2026-04-03T03:17:45.779+0600][87.318s][info][gc,stats    ] Pause Final Update Refs (G)         529 us
[2026-04-03T03:17:45.779+0600][87.318s][info][gc,stats    ] Pause Final Update Refs (N)         280 us
[2026-04-03T03:17:45.779+0600][87.318s][info][gc,stats    ]   Update Region States              102 us
[2026-04-03T03:17:45.779+0600][87.318s][info][gc,stats    ]   Trash Collection Set               16 us
[2026-04-03T03:17:45.779+0600][87.318s][info][gc,stats    ]   Rebuild Free Set                   42 us
[2026-04-03T03:17:45.779+0600][87.318s][info][gc,stats    ] Concurrent Cleanup                  314 us
[2026-04-03T03:17:45.779+0600][87.318s][info][gc,stats    ] Pacing                           241640 us
[2026-04-03T03:17:45.779+0600][87.318s][info][gc,stats    ] 
[2026-04-03T03:17:45.779+0600][87.318s][info][gc,stats    ] Allocation pacing accrued:
[2026-04-03T03:17:45.779+0600][87.318s][info][gc,stats    ]      85 of   816 ms ( 10.4%): Executor task launch worker for task 1.0 in stage 28.0 (TID 43)
[2026-04-03T03:17:45.779+0600][87.318s][info][gc,stats    ]      78 of   816 ms (  9.6%): Executor task launch worker for task 2.0 in stage 28.0 (TID 44)
[2026-04-03T03:17:45.779+0600][87.318s][info][gc,stats    ]      78 of   816 ms (  9.6%): Executor task launch worker for task 0.0 in stage 28.0 (TID 42)
[2026-04-03T03:17:45.779+0600][87.318s][info][gc,stats    ]     242 of   816 ms ( 29.6%): <total>
[2026-04-03T03:17:45.779+0600][87.318s][info][gc,stats    ]       1 of   816 ms (  0.2%): <average total>
[2026-04-03T03:17:45.779+0600][87.318s][info][gc,stats    ]      81 of   816 ms (  9.9%): <average non-zero>
[2026-04-03T03:17:45.779+0600][87.318s][info][gc,stats    ] 
[2026-04-03T03:17:45.779+0600][87.318s][info][gc,metaspace] Metaspace: 73438K(74304K)->73439K(74304K) NonClass: 64133K(64576K)->64134K(64576K) Class: 9304K(9728K)->9304K(9728K)
[2026-04-03T03:17:45.779+0600][87.318s][info][gc,ergo     ] Pacer for Idle. Initial: 15360K, Alloc Tax Rate: 1.0x
[2026-04-03T03:17:45.881+0600][87.419s][info][gc          ] Trigger: Average GC time (674.47 ms) is above the time for average allocation rate (636 MB/s) to deplete free headroom (290M) (margin of error = 1.99)
[2026-04-03T03:17:45.881+0600][87.420s][info][gc,ergo     ] Free headroom: 328M (free) - 38400K (spike) - 0B (penalties) = 290M
[2026-04-03T03:17:45.881+0600][87.420s][info][gc,ergo     ] Free: 328M, Max: 256K regular, 172M humongous, Frag: 48% external, 0% internal; Reserve: 38400K, Max: 256K
[2026-04-03T03:17:45.881+0600][87.420s][info][gc,start    ] GC(132) Concurrent reset
[2026-04-03T03:17:45.881+0600][87.420s][info][gc,task     ] GC(132) Using 3 of 6 workers for concurrent reset
[2026-04-03T03:17:45.881+0600][87.420s][info][gc,ergo     ] GC(132) Pacer for Reset. Non-Taxable: 750M
[2026-04-03T03:17:45.883+0600][87.421s][info][gc          ] GC(132) Concurrent reset 1.387ms
[2026-04-03T03:17:45.883+0600][87.421s][info][gc,start    ] GC(132) Pause Init Mark (unload classes)
[2026-04-03T03:17:45.883+0600][87.421s][info][gc,task     ] GC(132) Using 6 of 6 workers for init marking
[2026-04-03T03:17:45.883+0600][87.421s][info][gc,ergo     ] GC(132) Pacer for Mark. Expected Live: 223M, Free: 328M, Non-Taxable: 33595K, Alloc Tax Rate: 0.8x
[2026-04-03T03:17:45.883+0600][87.421s][info][gc          ] GC(132) Pause Init Mark (unload classes) 0.154ms
[2026-04-03T03:17:45.883+0600][87.422s][info][gc,start    ] GC(132) Concurrent marking roots
[2026-04-03T03:17:45.883+0600][87.422s][info][gc,task     ] GC(132) Using 3 of 6 workers for concurrent marking roots
[2026-04-03T03:17:45.884+0600][87.423s][info][gc          ] GC(132) Concurrent marking roots 1.114ms
[2026-04-03T03:17:45.884+0600][87.423s][info][gc,start    ] GC(132) Concurrent marking (unload classes)
[2026-04-03T03:17:45.884+0600][87.423s][info][gc,task     ] GC(132) Using 3 of 6 workers for concurrent marking
[2026-04-03T03:17:46.254+0600][87.792s][info][gc          ] GC(132) Concurrent marking (unload classes) 369.383ms
[2026-04-03T03:17:46.254+0600][87.793s][info][gc,start    ] GC(132) Pause Final Mark (unload classes)
[2026-04-03T03:17:46.254+0600][87.793s][info][gc,task     ] GC(132) Using 6 of 6 workers for final marking
[2026-04-03T03:17:46.255+0600][87.793s][info][gc,ergo     ] GC(132) Adaptive CSet Selection. Target Free: 106M, Actual Free: 311M, Max CSet: 32000K, Min Garbage: 0B
[2026-04-03T03:17:46.255+0600][87.793s][info][gc,ergo     ] GC(132) Collectable Garbage: 132M (84%), Immediate: 12800K (8%), CSet: 120M (76%)
[2026-04-03T03:17:46.255+0600][87.793s][info][gc,ergo     ] GC(132) Pacer for Evacuation. Used CSet: 151M, Free: 277M, Non-Taxable: 28424K, Alloc Tax Rate: 1.3x
[2026-04-03T03:17:46.255+0600][87.793s][info][gc          ] GC(132) Pause Final Mark (unload classes) 0.848ms
[2026-04-03T03:17:46.255+0600][87.793s][info][gc,start    ] GC(132) Concurrent thread roots
[2026-04-03T03:17:46.255+0600][87.793s][info][gc,task     ] GC(132) Using 3 of 6 workers for Concurrent thread roots
[2026-04-03T03:17:46.256+0600][87.794s][info][gc          ] GC(132) Concurrent thread roots 0.739ms
[2026-04-03T03:17:46.256+0600][87.794s][info][gc,start    ] GC(132) Concurrent weak references
[2026-04-03T03:17:46.256+0600][87.794s][info][gc,task     ] GC(132) Using 3 of 6 workers for concurrent weak references
[2026-04-03T03:17:46.256+0600][87.795s][info][gc,ref      ] GC(132) Encountered references: Soft: 3302, Weak: 6528, Final: 84, Phantom: 611
[2026-04-03T03:17:46.257+0600][87.795s][info][gc,ref      ] GC(132) Discovered  references: Soft: 0, Weak: 4234, Final: 84, Phantom: 347
[2026-04-03T03:17:46.257+0600][87.795s][info][gc,ref      ] GC(132) Enqueued    references: Soft: 0, Weak: 78, Final: 0, Phantom: 0
[2026-04-03T03:17:46.257+0600][87.795s][info][gc          ] GC(132) Concurrent weak references 0.733ms
[2026-04-03T03:17:46.257+0600][87.795s][info][gc,start    ] GC(132) Concurrent weak roots
[2026-04-03T03:17:46.257+0600][87.795s][info][gc,task     ] GC(132) Using 3 of 6 workers for concurrent weak root
[2026-04-03T03:17:46.259+0600][87.797s][info][gc          ] GC(132) Concurrent weak roots 2.326ms
[2026-04-03T03:17:46.259+0600][87.797s][info][gc,start    ] GC(132) Concurrent cleanup
[2026-04-03T03:17:46.259+0600][87.798s][info][gc          ] GC(132) Concurrent cleanup 445M->433M(657M) 0.457ms
[2026-04-03T03:17:46.259+0600][87.798s][info][gc,ergo     ] GC(132) Free: 275M, Max: 256K regular, 171M humongous, Frag: 38% external, 0% internal; Reserve: 38383K, Max: 256K
[2026-04-03T03:17:46.259+0600][87.798s][info][gc,start    ] GC(132) Concurrent class unloading
[2026-04-03T03:17:46.259+0600][87.798s][info][gc,task     ] GC(132) Using 3 of 6 workers for concurrent class unloading
[2026-04-03T03:17:46.265+0600][87.804s][info][gc          ] GC(132) Concurrent class unloading 6.013ms
[2026-04-03T03:17:46.265+0600][87.804s][info][gc,start    ] GC(132) Concurrent strong roots
[2026-04-03T03:17:46.266+0600][87.804s][info][gc,task     ] GC(132) Using 3 of 6 workers for concurrent strong root
[2026-04-03T03:17:46.266+0600][87.805s][info][gc          ] GC(132) Concurrent strong roots 0.815ms
[2026-04-03T03:17:46.266+0600][87.805s][info][gc,start    ] GC(132) Concurrent evacuation
[2026-04-03T03:17:46.266+0600][87.805s][info][gc,task     ] GC(132) Using 3 of 6 workers for concurrent evacuation
[2026-04-03T03:17:46.295+0600][87.833s][info][gc          ] GC(132) Concurrent evacuation 28.211ms
[2026-04-03T03:17:46.295+0600][87.833s][info][gc,start    ] GC(132) Pause Init Update Refs
[2026-04-03T03:17:46.295+0600][87.834s][info][gc,ergo     ] GC(132) Pacer for Update Refs. Used: 487M, Free: 253M, Non-Taxable: 25915K, Alloc Tax Rate: 2.4x
[2026-04-03T03:17:46.295+0600][87.834s][info][gc          ] GC(132) Pause Init Update Refs 0.170ms
[2026-04-03T03:17:46.295+0600][87.834s][info][gc,start    ] GC(132) Concurrent update references
[2026-04-03T03:17:46.295+0600][87.834s][info][gc,task     ] GC(132) Using 3 of 6 workers for concurrent reference update
[2026-04-03T03:17:46.475+0600][88.013s][info][gc          ] GC(132) Concurrent update references 179.713ms
[2026-04-03T03:17:46.475+0600][88.014s][info][gc,start    ] GC(132) Concurrent update thread roots
[2026-04-03T03:17:46.476+0600][88.015s][info][gc          ] GC(132) Concurrent update thread roots 1.076ms
[2026-04-03T03:17:46.477+0600][88.015s][info][gc,start    ] GC(132) Pause Final Update Refs
[2026-04-03T03:17:46.477+0600][88.015s][info][gc,task     ] GC(132) Using 6 of 6 workers for final reference update
[2026-04-03T03:17:46.477+0600][88.015s][info][gc          ] GC(132) Pause Final Update Refs 0.196ms
[2026-04-03T03:17:46.477+0600][88.015s][info][gc,start    ] GC(132) Concurrent cleanup
[2026-04-03T03:17:46.478+0600][88.016s][info][gc          ] GC(132) Concurrent cleanup 577M->426M(657M) 0.669ms
[2026-04-03T03:17:46.478+0600][88.016s][info][gc,ergo     ] Free: 282M, Max: 256K regular, 75520K humongous, Frag: 74% external, 0% internal; Reserve: 38400K, Max: 256K
[2026-04-03T03:17:46.478+0600][88.016s][info][gc,stats    ] 
[2026-04-03T03:17:46.478+0600][88.016s][info][gc,stats    ] All times are wall-clock times, except per-root-class counters, that are sum over
[2026-04-03T03:17:46.478+0600][88.016s][info][gc,stats    ] all workers. Dividing the <total> over the root stage time estimates parallelism.
[2026-04-03T03:17:46.478+0600][88.016s][info][gc,stats    ] 
[2026-04-03T03:17:46.478+0600][88.016s][info][gc,stats    ] Concurrent Reset                   1477 us
[2026-04-03T03:17:46.478+0600][88.016s][info][gc,stats    ] Pause Init Mark (G)                 457 us
[2026-04-03T03:17:46.478+0600][88.016s][info][gc,stats    ] Pause Init Mark (N)                 167 us
[2026-04-03T03:17:46.478+0600][88.016s][info][gc,stats    ]   Update Region States               39 us
[2026-04-03T03:17:46.478+0600][88.016s][info][gc,stats    ] Concurrent Mark Roots              1159 us, parallelism: 1.91x
[2026-04-03T03:17:46.478+0600][88.016s][info][gc,stats    ]   CMR: <total>                     2209 us
[2026-04-03T03:17:46.478+0600][88.016s][info][gc,stats    ]   CMR: Thread Roots                1807 us, workers (us): 724, 363, 719, ---, ---, ---, 
[2026-04-03T03:17:46.478+0600][88.016s][info][gc,stats    ]   CMR: VM Strong Roots               37 us, workers (us):  31,   5,   1, ---, ---, ---, 
[2026-04-03T03:17:46.478+0600][88.016s][info][gc,stats    ]   CMR: CLDG Roots                   366 us, workers (us): ---, 366, ---, ---, ---, ---, 
[2026-04-03T03:17:46.478+0600][88.016s][info][gc,stats    ] Concurrent Marking               369592 us
[2026-04-03T03:17:46.478+0600][88.016s][info][gc,stats    ] Pause Final Mark (G)               1109 us
[2026-04-03T03:17:46.478+0600][88.016s][info][gc,stats    ] Pause Final Mark (N)                861 us
[2026-04-03T03:17:46.478+0600][88.016s][info][gc,stats    ]   Finish Mark                       244 us
[2026-04-03T03:17:46.478+0600][88.017s][info][gc,stats    ]   Update Region States               60 us
[2026-04-03T03:17:46.478+0600][88.017s][info][gc,stats    ]   Choose Collection Set             374 us
[2026-04-03T03:17:46.478+0600][88.017s][info][gc,stats    ]   Rebuild Free Set                   33 us
[2026-04-03T03:17:46.478+0600][88.017s][info][gc,stats    ] Concurrent Thread Roots             765 us, parallelism: 1.99x
[2026-04-03T03:17:46.478+0600][88.017s][info][gc,stats    ]   CTR: <total>                     1525 us
[2026-04-03T03:17:46.478+0600][88.017s][info][gc,stats    ]   CTR: Thread Roots                1525 us, workers (us): 518, 509, 498, ---, ---, ---, 
[2026-04-03T03:17:46.478+0600][88.017s][info][gc,stats    ] Concurrent Weak References          744 us, parallelism: 0.88x
[2026-04-03T03:17:46.478+0600][88.017s][info][gc,stats    ]   CWRF: <total>                     658 us
[2026-04-03T03:17:46.478+0600][88.017s][info][gc,stats    ]   CWRF: Weak References             658 us, workers (us):  91, 565,   2, ---, ---, ---, 
[2026-04-03T03:17:46.478+0600][88.017s][info][gc,stats    ] Concurrent Weak Roots              2360 us
[2026-04-03T03:17:46.478+0600][88.017s][info][gc,stats    ]   Roots                            2043 us, parallelism: 2.65x
[2026-04-03T03:17:46.478+0600][88.017s][info][gc,stats    ]     CWR: <total>                   5406 us
[2026-04-03T03:17:46.478+0600][88.017s][info][gc,stats    ]     CWR: Code Cache Roots          4025 us, workers (us): 1218, 1400, 1406, ---, ---, ---, 
[2026-04-03T03:17:46.478+0600][88.017s][info][gc,stats    ]     CWR: VM Weak Roots             1268 us, workers (us): 438, 434, 396, ---, ---, ---, 
[2026-04-03T03:17:46.478+0600][88.017s][info][gc,stats    ]     CWR: CLDG Roots                 114 us, workers (us): 114, ---, ---, ---, ---, ---, 
[2026-04-03T03:17:46.478+0600][88.017s][info][gc,stats    ]   Rendezvous                        232 us
[2026-04-03T03:17:46.478+0600][88.017s][info][gc,stats    ] Concurrent Cleanup                  475 us
[2026-04-03T03:17:46.478+0600][88.017s][info][gc,stats    ] Concurrent Class Unloading         6064 us
[2026-04-03T03:17:46.478+0600][88.017s][info][gc,stats    ]   Unlink Stale                     5685 us
[2026-04-03T03:17:46.478+0600][88.017s][info][gc,stats    ]     System Dictionary                85 us
[2026-04-03T03:17:46.478+0600][88.017s][info][gc,stats    ]     Weak Class Links                  0 us
[2026-04-03T03:17:46.478+0600][88.017s][info][gc,stats    ]     Code Roots                     5597 us
[2026-04-03T03:17:46.478+0600][88.017s][info][gc,stats    ]   Rendezvous                        285 us
[2026-04-03T03:17:46.478+0600][88.017s][info][gc,stats    ]   Purge Unlinked                     12 us
[2026-04-03T03:17:46.478+0600][88.017s][info][gc,stats    ]     Code Roots                        5 us
[2026-04-03T03:17:46.478+0600][88.017s][info][gc,stats    ]     CLDG                              7 us
[2026-04-03T03:17:46.478+0600][88.017s][info][gc,stats    ]     Exception Caches                  0 us
[2026-04-03T03:17:46.478+0600][88.017s][info][gc,stats    ] Concurrent Strong Roots             842 us, parallelism: 0.68x
[2026-04-03T03:17:46.478+0600][88.017s][info][gc,stats    ]   CSR: <total>                      573 us
[2026-04-03T03:17:46.478+0600][88.017s][info][gc,stats    ]   CSR: VM Strong Roots               44 us, workers (us):  22,  21,   1, ---, ---, ---, 
[2026-04-03T03:17:46.478+0600][88.017s][info][gc,stats    ]   CSR: CLDG Roots                   529 us, workers (us): ---, ---, 529, ---, ---, ---, 
[2026-04-03T03:17:46.478+0600][88.017s][info][gc,stats    ] Concurrent Evacuation             28334 us
[2026-04-03T03:17:46.478+0600][88.017s][info][gc,stats    ] Pause Init Update Refs (G)          694 us
[2026-04-03T03:17:46.478+0600][88.017s][info][gc,stats    ] Pause Init Update Refs (N)          181 us
[2026-04-03T03:17:46.478+0600][88.017s][info][gc,stats    ]   Manage GCLABs                      49 us
[2026-04-03T03:17:46.479+0600][88.017s][info][gc,stats    ] Concurrent Update Refs           179827 us
[2026-04-03T03:17:46.479+0600][88.017s][info][gc,stats    ] Concurrent Update Thread Roots     1105 us
[2026-04-03T03:17:46.479+0600][88.017s][info][gc,stats    ] Pause Final Update Refs (G)         613 us
[2026-04-03T03:17:46.479+0600][88.017s][info][gc,stats    ] Pause Final Update Refs (N)         210 us
[2026-04-03T03:17:46.479+0600][88.017s][info][gc,stats    ]   Update Region States               51 us
[2026-04-03T03:17:46.479+0600][88.017s][info][gc,stats    ]   Trash Collection Set               16 us
[2026-04-03T03:17:46.479+0600][88.017s][info][gc,stats    ]   Rebuild Free Set                   57 us
[2026-04-03T03:17:46.479+0600][88.017s][info][gc,stats    ] Concurrent Cleanup                  700 us
[2026-04-03T03:17:46.479+0600][88.017s][info][gc,stats    ] Pacing                           105043 us
[2026-04-03T03:17:46.479+0600][88.017s][info][gc,stats    ] 
[2026-04-03T03:17:46.479+0600][88.017s][info][gc,stats    ] Allocation pacing accrued:
[2026-04-03T03:17:46.479+0600][88.017s][info][gc,stats    ]      44 of   699 ms (  6.2%): Executor task launch worker for task 1.0 in stage 28.0 (TID 43)
[2026-04-03T03:17:46.479+0600][88.017s][info][gc,stats    ]      33 of   699 ms (  4.7%): Executor task launch worker for task 2.0 in stage 28.0 (TID 44)
[2026-04-03T03:17:46.479+0600][88.017s][info][gc,stats    ]      29 of   699 ms (  4.1%): Executor task launch worker for task 0.0 in stage 28.0 (TID 42)
[2026-04-03T03:17:46.479+0600][88.017s][info][gc,stats    ]     105 of   699 ms ( 15.0%): <total>
[2026-04-03T03:17:46.479+0600][88.017s][info][gc,stats    ]       1 of   699 ms (  0.1%): <average total>
[2026-04-03T03:17:46.479+0600][88.017s][info][gc,stats    ]      35 of   699 ms (  5.0%): <average non-zero>
[2026-04-03T03:17:46.479+0600][88.017s][info][gc,stats    ] 
[2026-04-03T03:17:46.479+0600][88.017s][info][gc,metaspace] Metaspace: 73440K(74304K)->73440K(74304K) NonClass: 64136K(64576K)->64136K(64576K) Class: 9304K(9728K)->9304K(9728K)
[2026-04-03T03:17:46.479+0600][88.017s][info][gc,ergo     ] Pacer for Idle. Initial: 15360K, Alloc Tax Rate: 1.0x
[2026-04-03T03:17:46.480+0600][88.018s][info][gc          ] Trigger: Average GC time (704.53 ms) is above the time for average allocation rate (473 MB/s) to deplete free headroom (243M) (margin of error = 2.00)
[2026-04-03T03:17:46.480+0600][88.018s][info][gc,ergo     ] Free headroom: 280M (free) - 38400K (spike) - 0B (penalties) = 243M
[2026-04-03T03:17:46.480+0600][88.018s][info][gc,ergo     ] Free: 280M, Max: 256K regular, 75520K humongous, Frag: 74% external, 0% internal; Reserve: 38400K, Max: 256K
[2026-04-03T03:17:46.480+0600][88.018s][info][gc,start    ] GC(133) Concurrent reset
[2026-04-03T03:17:46.480+0600][88.018s][info][gc,task     ] GC(133) Using 3 of 6 workers for concurrent reset
[2026-04-03T03:17:46.480+0600][88.018s][info][gc,ergo     ] GC(133) Pacer for Reset. Non-Taxable: 750M
[2026-04-03T03:17:46.482+0600][88.020s][info][gc          ] GC(133) Concurrent reset 1.603ms
[2026-04-03T03:17:46.482+0600][88.020s][info][gc,start    ] GC(133) Pause Init Mark (unload classes)
[2026-04-03T03:17:46.482+0600][88.020s][info][gc,task     ] GC(133) Using 6 of 6 workers for init marking
[2026-04-03T03:17:46.482+0600][88.021s][info][gc,ergo     ] GC(133) Pacer for Mark. Expected Live: 222M, Free: 279M, Non-Taxable: 28629K, Alloc Tax Rate: 1.0x
[2026-04-03T03:17:46.482+0600][88.021s][info][gc          ] GC(133) Pause Init Mark (unload classes) 0.260ms
[2026-04-03T03:17:46.482+0600][88.021s][info][gc,start    ] GC(133) Concurrent marking roots
[2026-04-03T03:17:46.483+0600][88.021s][info][gc,task     ] GC(133) Using 3 of 6 workers for concurrent marking roots
[2026-04-03T03:17:46.483+0600][88.022s][info][gc          ] GC(133) Concurrent marking roots 1.054ms
[2026-04-03T03:17:46.484+0600][88.022s][info][gc,start    ] GC(133) Concurrent marking (unload classes)
[2026-04-03T03:17:46.484+0600][88.022s][info][gc,task     ] GC(133) Using 3 of 6 workers for concurrent marking
[2026-04-03T03:17:46.720+0600][88.259s][info][gc          ] GC(133) Concurrent marking (unload classes) 236.835ms
[2026-04-03T03:17:46.721+0600][88.259s][info][gc,start    ] GC(133) Pause Final Mark (unload classes)
[2026-04-03T03:17:46.721+0600][88.259s][info][gc,task     ] GC(133) Using 6 of 6 workers for final marking
[2026-04-03T03:17:46.721+0600][88.259s][info][gc,ergo     ] GC(133) Adaptive CSet Selection. Target Free: 106M, Actual Free: 341M, Max CSet: 32000K, Min Garbage: 0B
[2026-04-03T03:17:46.721+0600][88.260s][info][gc,ergo     ] GC(133) Collectable Garbage: 193M (92%), Immediate: 77312K (36%), CSet: 117M (56%)
[2026-04-03T03:17:46.721+0600][88.260s][info][gc,ergo     ] GC(133) Pacer for Evacuation. Used CSet: 148M, Free: 306M, Non-Taxable: 31342K, Alloc Tax Rate: 1.2x
[2026-04-03T03:17:46.721+0600][88.260s][info][gc          ] GC(133) Pause Final Mark (unload classes) 0.910ms
[2026-04-03T03:17:46.722+0600][88.260s][info][gc,start    ] GC(133) Concurrent thread roots
[2026-04-03T03:17:46.722+0600][88.260s][info][gc,task     ] GC(133) Using 3 of 6 workers for Concurrent thread roots
[2026-04-03T03:17:46.723+0600][88.261s][info][gc          ] GC(133) Concurrent thread roots 0.969ms
[2026-04-03T03:17:46.723+0600][88.261s][info][gc,start    ] GC(133) Concurrent weak references
[2026-04-03T03:17:46.723+0600][88.261s][info][gc,task     ] GC(133) Using 3 of 6 workers for concurrent weak references
[2026-04-03T03:17:46.723+0600][88.262s][info][gc,ref      ] GC(133) Encountered references: Soft: 3302, Weak: 6450, Final: 84, Phantom: 600
[2026-04-03T03:17:46.723+0600][88.262s][info][gc,ref      ] GC(133) Discovered  references: Soft: 0, Weak: 2836, Final: 48, Phantom: 345
[2026-04-03T03:17:46.723+0600][88.262s][info][gc,ref      ] GC(133) Enqueued    references: Soft: 0, Weak: 0, Final: 0, Phantom: 0
[2026-04-03T03:17:46.723+0600][88.262s][info][gc          ] GC(133) Concurrent weak references 0.565ms
[2026-04-03T03:17:46.723+0600][88.262s][info][gc,start    ] GC(133) Concurrent weak roots
[2026-04-03T03:17:46.723+0600][88.262s][info][gc,task     ] GC(133) Using 3 of 6 workers for concurrent weak root
[2026-04-03T03:17:46.725+0600][88.264s][info][gc          ] GC(133) Concurrent weak roots 2.108ms
[2026-04-03T03:17:46.725+0600][88.264s][info][gc,start    ] GC(133) Concurrent cleanup
[2026-04-03T03:17:46.726+0600][88.264s][info][gc          ] GC(133) Concurrent cleanup 480M->404M(657M) 0.480ms
[2026-04-03T03:17:46.726+0600][88.264s][info][gc,ergo     ] GC(133) Free: 305M, Max: 256K regular, 80384K humongous, Frag: 75% external, 0% internal; Reserve: 38200K, Max: 256K
[2026-04-03T03:17:46.726+0600][88.264s][info][gc,start    ] GC(133) Concurrent class unloading
[2026-04-03T03:17:46.726+0600][88.264s][info][gc,task     ] GC(133) Using 3 of 6 workers for concurrent class unloading
[2026-04-03T03:17:46.731+0600][88.270s][info][gc          ] GC(133) Concurrent class unloading 5.285ms
[2026-04-03T03:17:46.731+0600][88.270s][info][gc,start    ] GC(133) Concurrent strong roots
[2026-04-03T03:17:46.731+0600][88.270s][info][gc,task     ] GC(133) Using 3 of 6 workers for concurrent strong root
[2026-04-03T03:17:46.732+0600][88.270s][info][gc          ] GC(133) Concurrent strong roots 0.784ms
[2026-04-03T03:17:46.732+0600][88.270s][info][gc,start    ] GC(133) Concurrent evacuation
[2026-04-03T03:17:46.732+0600][88.271s][info][gc,task     ] GC(133) Using 3 of 6 workers for concurrent evacuation
[2026-04-03T03:17:46.752+0600][88.291s][info][gc          ] GC(133) Concurrent evacuation 20.070ms
[2026-04-03T03:17:46.752+0600][88.291s][info][gc,start    ] GC(133) Pause Init Update Refs
[2026-04-03T03:17:46.753+0600][88.291s][info][gc,ergo     ] GC(133) Pacer for Update Refs. Used: 449M, Free: 292M, Non-Taxable: 29934K, Alloc Tax Rate: 1.9x
[2026-04-03T03:17:46.753+0600][88.291s][info][gc          ] GC(133) Pause Init Update Refs 0.186ms
[2026-04-03T03:17:46.753+0600][88.291s][info][gc,start    ] GC(133) Concurrent update references
[2026-04-03T03:17:46.753+0600][88.291s][info][gc,task     ] GC(133) Using 3 of 6 workers for concurrent reference update
[2026-04-03T03:17:46.874+0600][88.412s][info][gc          ] GC(133) Concurrent update references 121.214ms
[2026-04-03T03:17:46.874+0600][88.412s][info][gc,start    ] GC(133) Concurrent update thread roots
[2026-04-03T03:17:46.875+0600][88.414s][info][gc          ] GC(133) Concurrent update thread roots 1.296ms
[2026-04-03T03:17:46.876+0600][88.414s][info][gc,start    ] GC(133) Pause Final Update Refs
[2026-04-03T03:17:46.876+0600][88.414s][info][gc,task     ] GC(133) Using 6 of 6 workers for final reference update
[2026-04-03T03:17:46.876+0600][88.414s][info][gc          ] GC(133) Pause Final Update Refs 0.405ms
[2026-04-03T03:17:46.876+0600][88.415s][info][gc,start    ] GC(133) Concurrent cleanup
[2026-04-03T03:17:46.877+0600][88.415s][info][gc          ] GC(133) Concurrent cleanup 518M->370M(657M) 0.666ms
[2026-04-03T03:17:46.877+0600][88.415s][info][gc,ergo     ] Free: 338M, Max: 256K regular, 79104K humongous, Frag: 78% external, 0% internal; Reserve: 38400K, Max: 256K
[2026-04-03T03:17:46.877+0600][88.415s][info][gc,stats    ] 
[2026-04-03T03:17:46.877+0600][88.415s][info][gc,stats    ] All times are wall-clock times, except per-root-class counters, that are sum over
[2026-04-03T03:17:46.877+0600][88.415s][info][gc,stats    ] all workers. Dividing the <total> over the root stage time estimates parallelism.
[2026-04-03T03:17:46.877+0600][88.415s][info][gc,stats    ] 
[2026-04-03T03:17:46.877+0600][88.415s][info][gc,stats    ] Concurrent Reset                   1674 us
[2026-04-03T03:17:46.877+0600][88.415s][info][gc,stats    ] Pause Init Mark (G)                 741 us
[2026-04-03T03:17:46.877+0600][88.415s][info][gc,stats    ] Pause Init Mark (N)                 269 us
[2026-04-03T03:17:46.877+0600][88.415s][info][gc,stats    ]   Update Region States               47 us
[2026-04-03T03:17:46.877+0600][88.415s][info][gc,stats    ] Concurrent Mark Roots              1103 us, parallelism: 1.62x
[2026-04-03T03:17:46.877+0600][88.415s][info][gc,stats    ]   CMR: <total>                     1786 us
[2026-04-03T03:17:46.877+0600][88.415s][info][gc,stats    ]   CMR: Thread Roots                1556 us, workers (us): 595, 396, 565, ---, ---, ---, 
[2026-04-03T03:17:46.877+0600][88.416s][info][gc,stats    ]   CMR: VM Strong Roots               28 us, workers (us):  27,   1,   1, ---, ---, ---, 
[2026-04-03T03:17:46.877+0600][88.416s][info][gc,stats    ]   CMR: CLDG Roots                   202 us, workers (us): ---, 202, ---, ---, ---, ---, 
[2026-04-03T03:17:46.877+0600][88.416s][info][gc,stats    ] Concurrent Marking               236899 us
[2026-04-03T03:17:46.877+0600][88.416s][info][gc,stats    ] Pause Final Mark (G)               1216 us
[2026-04-03T03:17:46.877+0600][88.416s][info][gc,stats    ] Pause Final Mark (N)                921 us
[2026-04-03T03:17:46.877+0600][88.416s][info][gc,stats    ]   Finish Mark                       327 us
[2026-04-03T03:17:46.877+0600][88.416s][info][gc,stats    ]   Update Region States               57 us
[2026-04-03T03:17:46.877+0600][88.416s][info][gc,stats    ]   Choose Collection Set             361 us
[2026-04-03T03:17:46.877+0600][88.416s][info][gc,stats    ]   Rebuild Free Set                   50 us
[2026-04-03T03:17:46.877+0600][88.416s][info][gc,stats    ] Concurrent Thread Roots            1012 us, parallelism: 1.44x
[2026-04-03T03:17:46.877+0600][88.416s][info][gc,stats    ]   CTR: <total>                     1454 us
[2026-04-03T03:17:46.877+0600][88.416s][info][gc,stats    ]   CTR: Thread Roots                1454 us, workers (us): 500, 485, 468, ---, ---, ---, 
[2026-04-03T03:17:46.877+0600][88.416s][info][gc,stats    ] Concurrent Weak References          574 us, parallelism: 0.59x
[2026-04-03T03:17:46.877+0600][88.416s][info][gc,stats    ]   CWRF: <total>                     338 us
[2026-04-03T03:17:46.877+0600][88.416s][info][gc,stats    ]   CWRF: Weak References             338 us, workers (us): 312,  26,   0, ---, ---, ---, 
[2026-04-03T03:17:46.877+0600][88.416s][info][gc,stats    ] Concurrent Weak Roots              2153 us
[2026-04-03T03:17:46.877+0600][88.416s][info][gc,stats    ]   Roots                            1851 us, parallelism: 2.38x
[2026-04-03T03:17:46.877+0600][88.416s][info][gc,stats    ]     CWR: <total>                   4399 us
[2026-04-03T03:17:46.877+0600][88.416s][info][gc,stats    ]     CWR: Code Cache Roots          2931 us, workers (us): 1020, 938, 973, ---, ---, ---, 
[2026-04-03T03:17:46.877+0600][88.416s][info][gc,stats    ]     CWR: VM Weak Roots             1413 us, workers (us): 541, 452, 420, ---, ---, ---, 
[2026-04-03T03:17:46.877+0600][88.416s][info][gc,stats    ]     CWR: CLDG Roots                  54 us, workers (us): ---,  54, ---, ---, ---, ---, 
[2026-04-03T03:17:46.877+0600][88.416s][info][gc,stats    ]   Rendezvous                        238 us
[2026-04-03T03:17:46.877+0600][88.416s][info][gc,stats    ] Concurrent Cleanup                  491 us
[2026-04-03T03:17:46.877+0600][88.416s][info][gc,stats    ] Concurrent Class Unloading         5348 us
[2026-04-03T03:17:46.877+0600][88.416s][info][gc,stats    ]   Unlink Stale                     4895 us
[2026-04-03T03:17:46.877+0600][88.416s][info][gc,stats    ]     System Dictionary                66 us
[2026-04-03T03:17:46.877+0600][88.416s][info][gc,stats    ]     Weak Class Links                  0 us
[2026-04-03T03:17:46.877+0600][88.416s][info][gc,stats    ]     Code Roots                     4826 us
[2026-04-03T03:17:46.877+0600][88.416s][info][gc,stats    ]   Rendezvous                        347 us
[2026-04-03T03:17:46.877+0600][88.416s][info][gc,stats    ]   Purge Unlinked                     19 us
[2026-04-03T03:17:46.877+0600][88.416s][info][gc,stats    ]     Code Roots                        9 us
[2026-04-03T03:17:46.878+0600][88.416s][info][gc,stats    ]     CLDG                              9 us
[2026-04-03T03:17:46.878+0600][88.416s][info][gc,stats    ]     Exception Caches                  0 us
[2026-04-03T03:17:46.878+0600][88.416s][info][gc,stats    ] Concurrent Strong Roots             832 us, parallelism: 0.59x
[2026-04-03T03:17:46.878+0600][88.416s][info][gc,stats    ]   CSR: <total>                      492 us
[2026-04-03T03:17:46.878+0600][88.416s][info][gc,stats    ]   CSR: VM Strong Roots               65 us, workers (us):  39,  26,   0, ---, ---, ---, 
[2026-04-03T03:17:46.878+0600][88.416s][info][gc,stats    ]   CSR: CLDG Roots                   426 us, workers (us): ---, 426, ---, ---, ---, ---, 
[2026-04-03T03:17:46.878+0600][88.416s][info][gc,stats    ] Concurrent Evacuation             20152 us
[2026-04-03T03:17:46.878+0600][88.416s][info][gc,stats    ] Pause Init Update Refs (G)          508 us
[2026-04-03T03:17:46.878+0600][88.416s][info][gc,stats    ] Pause Init Update Refs (N)          202 us
[2026-04-03T03:17:46.878+0600][88.416s][info][gc,stats    ]   Manage GCLABs                      90 us
[2026-04-03T03:17:46.878+0600][88.416s][info][gc,stats    ] Concurrent Update Refs           121325 us
[2026-04-03T03:17:46.878+0600][88.416s][info][gc,stats    ] Concurrent Update Thread Roots     1376 us
[2026-04-03T03:17:46.878+0600][88.416s][info][gc,stats    ] Pause Final Update Refs (G)         718 us
[2026-04-03T03:17:46.878+0600][88.416s][info][gc,stats    ] Pause Final Update Refs (N)         427 us
[2026-04-03T03:17:46.878+0600][88.416s][info][gc,stats    ]   Update Region States               66 us
[2026-04-03T03:17:46.878+0600][88.416s][info][gc,stats    ]   Trash Collection Set               23 us
[2026-04-03T03:17:46.878+0600][88.416s][info][gc,stats    ]   Rebuild Free Set                   42 us
[2026-04-03T03:17:46.878+0600][88.416s][info][gc,stats    ] Concurrent Cleanup                  697 us
[2026-04-03T03:17:46.878+0600][88.416s][info][gc,stats    ] Pacing                           322210 us
[2026-04-03T03:17:46.878+0600][88.416s][info][gc,stats    ] 
[2026-04-03T03:17:46.878+0600][88.416s][info][gc,stats    ] Allocation pacing accrued:
[2026-04-03T03:17:46.878+0600][88.416s][info][gc,stats    ]     145 of   399 ms ( 36.4%): Executor task launch worker for task 1.0 in stage 28.0 (TID 43)
[2026-04-03T03:17:46.878+0600][88.416s][info][gc,stats    ]     145 of   399 ms ( 36.4%): Executor task launch worker for task 2.0 in stage 28.0 (TID 44)
[2026-04-03T03:17:46.878+0600][88.416s][info][gc,stats    ]      32 of   399 ms (  7.9%): Executor task launch worker for task 0.0 in stage 28.0 (TID 42)
[2026-04-03T03:17:46.878+0600][88.416s][info][gc,stats    ]     322 of   399 ms ( 80.7%): <total>
[2026-04-03T03:17:46.878+0600][88.416s][info][gc,stats    ]       2 of   399 ms (  0.4%): <average total>
[2026-04-03T03:17:46.878+0600][88.416s][info][gc,stats    ]     107 of   399 ms ( 26.9%): <average non-zero>
[2026-04-03T03:17:46.878+0600][88.416s][info][gc,stats    ] 
[2026-04-03T03:17:46.878+0600][88.416s][info][gc,metaspace] Metaspace: 73440K(74304K)->73440K(74304K) NonClass: 64136K(64576K)->64136K(64576K) Class: 9304K(9728K)->9304K(9728K)
[2026-04-03T03:17:46.878+0600][88.416s][info][gc,ergo     ] Pacer for Idle. Initial: 15360K, Alloc Tax Rate: 1.0x
[2026-04-03T03:17:46.922+0600][88.460s][info][gc          ] Trigger: Average GC time (660.67 ms) is above the time for average allocation rate (411 MB/s) to deplete free headroom (271M) (margin of error = 2.00)
[2026-04-03T03:17:46.922+0600][88.460s][info][gc,ergo     ] Free headroom: 308M (free) - 38400K (spike) - 0B (penalties) = 271M
[2026-04-03T03:17:46.922+0600][88.460s][info][gc,ergo     ] Free: 308M, Max: 256K regular, 79104K humongous, Frag: 75% external, 0% internal; Reserve: 38400K, Max: 256K
[2026-04-03T03:17:46.922+0600][88.460s][info][gc,start    ] GC(134) Concurrent reset
[2026-04-03T03:17:46.922+0600][88.460s][info][gc,task     ] GC(134) Using 3 of 6 workers for concurrent reset
[2026-04-03T03:17:46.922+0600][88.460s][info][gc,ergo     ] GC(134) Pacer for Reset. Non-Taxable: 750M
[2026-04-03T03:17:46.923+0600][88.462s][info][gc          ] GC(134) Concurrent reset 1.513ms
[2026-04-03T03:17:46.924+0600][88.462s][info][gc,start    ] GC(134) Pause Init Mark (unload classes)
[2026-04-03T03:17:46.924+0600][88.462s][info][gc,task     ] GC(134) Using 6 of 6 workers for init marking
[2026-04-03T03:17:46.924+0600][88.462s][info][gc,ergo     ] GC(134) Pacer for Mark. Expected Live: 219M, Free: 307M, Non-Taxable: 31496K, Alloc Tax Rate: 0.9x
[2026-04-03T03:17:46.924+0600][88.462s][info][gc          ] GC(134) Pause Init Mark (unload classes) 0.264ms
[2026-04-03T03:17:46.924+0600][88.462s][info][gc,start    ] GC(134) Concurrent marking roots
[2026-04-03T03:17:46.924+0600][88.462s][info][gc,task     ] GC(134) Using 3 of 6 workers for concurrent marking roots
[2026-04-03T03:17:46.925+0600][88.464s][info][gc          ] GC(134) Concurrent marking roots 1.235ms
[2026-04-03T03:17:46.925+0600][88.464s][info][gc,start    ] GC(134) Concurrent marking (unload classes)
[2026-04-03T03:17:46.925+0600][88.464s][info][gc,task     ] GC(134) Using 3 of 6 workers for concurrent marking
[2026-04-03T03:17:47.151+0600][88.689s][info][gc          ] GC(134) Concurrent marking (unload classes) 225.815ms
[2026-04-03T03:17:47.151+0600][88.690s][info][gc,start    ] GC(134) Pause Final Mark (unload classes)
[2026-04-03T03:17:47.151+0600][88.690s][info][gc,task     ] GC(134) Using 6 of 6 workers for final marking
[2026-04-03T03:17:47.152+0600][88.690s][info][gc,ergo     ] GC(134) Adaptive CSet Selection. Target Free: 106M, Actual Free: 299M, Max CSet: 32000K, Min Garbage: 0B
[2026-04-03T03:17:47.152+0600][88.691s][info][gc,ergo     ] GC(134) Collectable Garbage: 165M (96%), Immediate: 10834K (6%), CSet: 154M (90%)
[2026-04-03T03:17:47.152+0600][88.691s][info][gc,ergo     ] GC(134) Pacer for Evacuation. Used CSet: 183M, Free: 263M, Non-Taxable: 26990K, Alloc Tax Rate: 1.7x
[2026-04-03T03:17:47.152+0600][88.691s][info][gc          ] GC(134) Pause Final Mark (unload classes) 0.846ms
[2026-04-03T03:17:47.152+0600][88.691s][info][gc,start    ] GC(134) Concurrent thread roots
[2026-04-03T03:17:47.152+0600][88.691s][info][gc,task     ] GC(134) Using 3 of 6 workers for Concurrent thread roots
[2026-04-03T03:17:47.153+0600][88.691s][info][gc          ] GC(134) Concurrent thread roots 0.593ms
[2026-04-03T03:17:47.153+0600][88.691s][info][gc,start    ] GC(134) Concurrent weak references
[2026-04-03T03:17:47.153+0600][88.691s][info][gc,task     ] GC(134) Using 3 of 6 workers for concurrent weak references
[2026-04-03T03:17:47.153+0600][88.692s][info][gc,ref      ] GC(134) Encountered references: Soft: 3302, Weak: 6450, Final: 84, Phantom: 600
[2026-04-03T03:17:47.153+0600][88.692s][info][gc,ref      ] GC(134) Discovered  references: Soft: 0, Weak: 514, Final: 0, Phantom: 597
[2026-04-03T03:17:47.153+0600][88.692s][info][gc,ref      ] GC(134) Enqueued    references: Soft: 0, Weak: 0, Final: 0, Phantom: 0
[2026-04-03T03:17:47.153+0600][88.692s][info][gc          ] GC(134) Concurrent weak references 0.306ms
[2026-04-03T03:17:47.153+0600][88.692s][info][gc,start    ] GC(134) Concurrent weak roots
[2026-04-03T03:17:47.153+0600][88.692s][info][gc,task     ] GC(134) Using 3 of 6 workers for concurrent weak root
[2026-04-03T03:17:47.155+0600][88.694s][info][gc          ] GC(134) Concurrent weak roots 2.051ms
[2026-04-03T03:17:47.155+0600][88.694s][info][gc,start    ] GC(134) Concurrent cleanup
[2026-04-03T03:17:47.156+0600][88.694s][info][gc          ] GC(134) Concurrent cleanup 457M->447M(657M) 0.486ms
[2026-04-03T03:17:47.156+0600][88.694s][info][gc,ergo     ] GC(134) Free: 262M, Max: 256K regular, 150M humongous, Frag: 43% external, 0% internal; Reserve: 38271K, Max: 256K
[2026-04-03T03:17:47.156+0600][88.694s][info][gc,start    ] GC(134) Concurrent class unloading
[2026-04-03T03:17:47.156+0600][88.694s][info][gc,task     ] GC(134) Using 3 of 6 workers for concurrent class unloading
[2026-04-03T03:17:47.162+0600][88.700s][info][gc          ] GC(134) Concurrent class unloading 6.101ms
[2026-04-03T03:17:47.162+0600][88.701s][info][gc,start    ] GC(134) Concurrent strong roots
[2026-04-03T03:17:47.162+0600][88.701s][info][gc,task     ] GC(134) Using 3 of 6 workers for concurrent strong root
[2026-04-03T03:17:47.163+0600][88.701s][info][gc          ] GC(134) Concurrent strong roots 0.804ms
[2026-04-03T03:17:47.163+0600][88.701s][info][gc,start    ] GC(134) Concurrent evacuation
[2026-04-03T03:17:47.163+0600][88.701s][info][gc,task     ] GC(134) Using 3 of 6 workers for concurrent evacuation
[2026-04-03T03:17:47.184+0600][88.722s][info][gc          ] GC(134) Concurrent evacuation 21.089ms
[2026-04-03T03:17:47.184+0600][88.723s][info][gc,start    ] GC(134) Pause Init Update Refs
[2026-04-03T03:17:47.185+0600][88.723s][info][gc,ergo     ] GC(134) Pacer for Update Refs. Used: 480M, Free: 258M, Non-Taxable: 26453K, Alloc Tax Rate: 2.3x
[2026-04-03T03:17:47.185+0600][88.723s][info][gc          ] GC(134) Pause Init Update Refs 0.162ms
[2026-04-03T03:17:47.185+0600][88.723s][info][gc,start    ] GC(134) Concurrent update references
[2026-04-03T03:17:47.185+0600][88.723s][info][gc,task     ] GC(134) Using 3 of 6 workers for concurrent reference update
[2026-04-03T03:17:47.306+0600][88.844s][info][gc          ] GC(134) Concurrent update references 120.968ms
[2026-04-03T03:17:47.306+0600][88.844s][info][gc,start    ] GC(134) Concurrent update thread roots
[2026-04-03T03:17:47.307+0600][88.845s][info][gc          ] GC(134) Concurrent update thread roots 1.176ms
[2026-04-03T03:17:47.307+0600][88.846s][info][gc,start    ] GC(134) Pause Final Update Refs
[2026-04-03T03:17:47.307+0600][88.846s][info][gc,task     ] GC(134) Using 6 of 6 workers for final reference update
[2026-04-03T03:17:47.307+0600][88.846s][info][gc          ] GC(134) Pause Final Update Refs 0.224ms
[2026-04-03T03:17:47.308+0600][88.846s][info][gc,start    ] GC(134) Concurrent cleanup
[2026-04-03T03:17:47.308+0600][88.847s][info][gc          ] GC(134) Concurrent cleanup 496M->313M(657M) 0.670ms
[2026-04-03T03:17:47.308+0600][88.847s][info][gc,ergo     ] Free: 396M, Max: 256K regular, 167M humongous, Frag: 58% external, 0% internal; Reserve: 38400K, Max: 256K
[2026-04-03T03:17:47.308+0600][88.847s][info][gc,stats    ] 
[2026-04-03T03:17:47.308+0600][88.847s][info][gc,stats    ] All times are wall-clock times, except per-root-class counters, that are sum over
[2026-04-03T03:17:47.308+0600][88.847s][info][gc,stats    ] all workers. Dividing the <total> over the root stage time estimates parallelism.
[2026-04-03T03:17:47.309+0600][88.847s][info][gc,stats    ] 
[2026-04-03T03:17:47.309+0600][88.847s][info][gc,stats    ] Concurrent Reset                   1544 us
[2026-04-03T03:17:47.309+0600][88.847s][info][gc,stats    ] Pause Init Mark (G)                 630 us
[2026-04-03T03:17:47.309+0600][88.847s][info][gc,stats    ] Pause Init Mark (N)                 279 us
[2026-04-03T03:17:47.309+0600][88.847s][info][gc,stats    ]   Update Region States               48 us
[2026-04-03T03:17:47.309+0600][88.847s][info][gc,stats    ] Concurrent Mark Roots              1268 us, parallelism: 1.87x
[2026-04-03T03:17:47.309+0600][88.847s][info][gc,stats    ]   CMR: <total>                     2369 us
[2026-04-03T03:17:47.309+0600][88.847s][info][gc,stats    ]   CMR: Thread Roots                1961 us, workers (us): 433, 786, 741, ---, ---, ---, 
[2026-04-03T03:17:47.309+0600][88.847s][info][gc,stats    ]   CMR: VM Strong Roots               55 us, workers (us):  28,  27,   1, ---, ---, ---, 
[2026-04-03T03:17:47.309+0600][88.847s][info][gc,stats    ]   CMR: CLDG Roots                   353 us, workers (us): 353, ---, ---, ---, ---, ---, 
[2026-04-03T03:17:47.309+0600][88.847s][info][gc,stats    ] Concurrent Marking               225884 us
[2026-04-03T03:17:47.309+0600][88.847s][info][gc,stats    ] Pause Final Mark (G)               1240 us
[2026-04-03T03:17:47.309+0600][88.847s][info][gc,stats    ] Pause Final Mark (N)                856 us
[2026-04-03T03:17:47.309+0600][88.847s][info][gc,stats    ]   Finish Mark                       255 us
[2026-04-03T03:17:47.309+0600][88.847s][info][gc,stats    ]   Update Region States               37 us
[2026-04-03T03:17:47.309+0600][88.847s][info][gc,stats    ]   Choose Collection Set             399 us
[2026-04-03T03:17:47.309+0600][88.847s][info][gc,stats    ]   Rebuild Free Set                   32 us
[2026-04-03T03:17:47.309+0600][88.847s][info][gc,stats    ] Concurrent Thread Roots             614 us, parallelism: 2.31x
[2026-04-03T03:17:47.309+0600][88.847s][info][gc,stats    ]   CTR: <total>                     1418 us
[2026-04-03T03:17:47.309+0600][88.847s][info][gc,stats    ]   CTR: Thread Roots                1418 us, workers (us): 497, 477, 444, ---, ---, ---, 
[2026-04-03T03:17:47.309+0600][88.847s][info][gc,stats    ] Concurrent Weak References          315 us, parallelism: 0.52x
[2026-04-03T03:17:47.309+0600][88.847s][info][gc,stats    ]   CWRF: <total>                     162 us
[2026-04-03T03:17:47.309+0600][88.847s][info][gc,stats    ]   CWRF: Weak References             162 us, workers (us):  75,  86,   1, ---, ---, ---, 
[2026-04-03T03:17:47.309+0600][88.847s][info][gc,stats    ] Concurrent Weak Roots              2100 us
[2026-04-03T03:17:47.309+0600][88.847s][info][gc,stats    ]   Roots                            1766 us, parallelism: 2.44x
[2026-04-03T03:17:47.309+0600][88.847s][info][gc,stats    ]     CWR: <total>                   4300 us
[2026-04-03T03:17:47.309+0600][88.847s][info][gc,stats    ]     CWR: Code Cache Roots          3004 us, workers (us): 914, 1084, 1006, ---, ---, ---, 
[2026-04-03T03:17:47.309+0600][88.847s][info][gc,stats    ]     CWR: VM Weak Roots             1230 us, workers (us): 427, 405, 398, ---, ---, ---, 
[2026-04-03T03:17:47.309+0600][88.847s][info][gc,stats    ]     CWR: CLDG Roots                  66 us, workers (us):  66, ---, ---, ---, ---, ---, 
[2026-04-03T03:17:47.309+0600][88.847s][info][gc,stats    ]   Rendezvous                        265 us
[2026-04-03T03:17:47.309+0600][88.847s][info][gc,stats    ] Concurrent Cleanup                  498 us
[2026-04-03T03:17:47.309+0600][88.847s][info][gc,stats    ] Concurrent Class Unloading         6169 us
[2026-04-03T03:17:47.309+0600][88.847s][info][gc,stats    ]   Unlink Stale                     5785 us
[2026-04-03T03:17:47.309+0600][88.847s][info][gc,stats    ]     System Dictionary               112 us
[2026-04-03T03:17:47.309+0600][88.847s][info][gc,stats    ]     Weak Class Links                  0 us
[2026-04-03T03:17:47.309+0600][88.847s][info][gc,stats    ]     Code Roots                     5669 us
[2026-04-03T03:17:47.309+0600][88.847s][info][gc,stats    ]   Rendezvous                        216 us
[2026-04-03T03:17:47.309+0600][88.847s][info][gc,stats    ]   Purge Unlinked                     80 us
[2026-04-03T03:17:47.309+0600][88.847s][info][gc,stats    ]     Code Roots                       73 us
[2026-04-03T03:17:47.309+0600][88.847s][info][gc,stats    ]     CLDG                              7 us
[2026-04-03T03:17:47.309+0600][88.847s][info][gc,stats    ]     Exception Caches                  0 us
[2026-04-03T03:17:47.309+0600][88.847s][info][gc,stats    ] Concurrent Strong Roots             828 us, parallelism: 0.66x
[2026-04-03T03:17:47.309+0600][88.847s][info][gc,stats    ]   CSR: <total>                      544 us
[2026-04-03T03:17:47.309+0600][88.847s][info][gc,stats    ]   CSR: VM Strong Roots               32 us, workers (us):  25,   7,   0, ---, ---, ---, 
[2026-04-03T03:17:47.309+0600][88.847s][info][gc,stats    ]   CSR: CLDG Roots                   512 us, workers (us): ---, 512, ---, ---, ---, ---, 
[2026-04-03T03:17:47.309+0600][88.847s][info][gc,stats    ] Concurrent Evacuation             21176 us
[2026-04-03T03:17:47.309+0600][88.847s][info][gc,stats    ] Pause Init Update Refs (G)          651 us
[2026-04-03T03:17:47.309+0600][88.847s][info][gc,stats    ] Pause Init Update Refs (N)          171 us
[2026-04-03T03:17:47.309+0600][88.847s][info][gc,stats    ]   Manage GCLABs                      35 us
[2026-04-03T03:17:47.309+0600][88.847s][info][gc,stats    ] Concurrent Update Refs           121024 us
[2026-04-03T03:17:47.309+0600][88.847s][info][gc,stats    ] Concurrent Update Thread Roots     1234 us
[2026-04-03T03:17:47.309+0600][88.847s][info][gc,stats    ] Pause Final Update Refs (G)         608 us
[2026-04-03T03:17:47.309+0600][88.847s][info][gc,stats    ] Pause Final Update Refs (N)         248 us
[2026-04-03T03:17:47.309+0600][88.847s][info][gc,stats    ]   Update Region States               57 us
[2026-04-03T03:17:47.309+0600][88.847s][info][gc,stats    ]   Trash Collection Set               19 us
[2026-04-03T03:17:47.309+0600][88.847s][info][gc,stats    ]   Rebuild Free Set                   34 us
[2026-04-03T03:17:47.309+0600][88.847s][info][gc,stats    ] Concurrent Cleanup                  702 us
[2026-04-03T03:17:47.309+0600][88.847s][info][gc,stats    ] Pacing                           210704 us
[2026-04-03T03:17:47.309+0600][88.848s][info][gc,stats    ] 
[2026-04-03T03:17:47.309+0600][88.848s][info][gc,stats    ] Allocation pacing accrued:
[2026-04-03T03:17:47.309+0600][88.848s][info][gc,stats    ]      11 of   431 ms (  2.6%): executor-kill-mark-cleanup
[2026-04-03T03:17:47.309+0600][88.848s][info][gc,stats    ]      65 of   431 ms ( 15.1%): Executor task launch worker for task 1.0 in stage 28.0 (TID 43)
[2026-04-03T03:17:47.309+0600][88.848s][info][gc,stats    ]      77 of   431 ms ( 17.8%): Executor task launch worker for task 2.0 in stage 28.0 (TID 44)
[2026-04-03T03:17:47.309+0600][88.848s][info][gc,stats    ]      58 of   431 ms ( 13.4%): Executor task launch worker for task 0.0 in stage 28.0 (TID 42)
[2026-04-03T03:17:47.309+0600][88.848s][info][gc,stats    ]     211 of   431 ms ( 48.8%): <total>
[2026-04-03T03:17:47.309+0600][88.848s][info][gc,stats    ]       1 of   431 ms (  0.3%): <average total>
[2026-04-03T03:17:47.309+0600][88.848s][info][gc,stats    ]      53 of   431 ms ( 12.2%): <average non-zero>
[2026-04-03T03:17:47.309+0600][88.848s][info][gc,stats    ] 
[2026-04-03T03:17:47.309+0600][88.848s][info][gc,metaspace] Metaspace: 73440K(74304K)->73440K(74304K) NonClass: 64136K(64576K)->64136K(64576K) Class: 9304K(9728K)->9304K(9728K)
[2026-04-03T03:17:47.309+0600][88.848s][info][gc,ergo     ] Pacer for Idle. Initial: 15360K, Alloc Tax Rate: 1.0x
[2026-04-03T03:17:47.713+0600][89.251s][info][gc          ] Trigger: Average GC time (587.35 ms) is above the time for average allocation rate (474 MB/s) to deplete free headroom (222M) (margin of error = 1.99)
[2026-04-03T03:17:47.713+0600][89.251s][info][gc,ergo     ] Free headroom: 259M (free) - 38400K (spike) - 0B (penalties) = 222M
[2026-04-03T03:17:47.713+0600][89.251s][info][gc,ergo     ] Free: 259M, Max: 256K regular, 167M humongous, Frag: 36% external, 0% internal; Reserve: 38400K, Max: 256K
[2026-04-03T03:17:47.713+0600][89.252s][info][gc,start    ] GC(135) Concurrent reset
[2026-04-03T03:17:47.713+0600][89.252s][info][gc,task     ] GC(135) Using 3 of 6 workers for concurrent reset
[2026-04-03T03:17:47.713+0600][89.252s][info][gc,ergo     ] GC(135) Pacer for Reset. Non-Taxable: 750M
[2026-04-03T03:17:47.714+0600][89.253s][info][gc          ] GC(135) Concurrent reset 1.188ms
[2026-04-03T03:17:47.715+0600][89.253s][info][gc,start    ] GC(135) Pause Init Mark (unload classes)
[2026-04-03T03:17:47.715+0600][89.253s][info][gc,task     ] GC(135) Using 6 of 6 workers for init marking
[2026-04-03T03:17:47.715+0600][89.253s][info][gc,ergo     ] GC(135) Pacer for Mark. Expected Live: 217M, Free: 258M, Non-Taxable: 26504K, Alloc Tax Rate: 1.0x
[2026-04-03T03:17:47.715+0600][89.253s][info][gc          ] GC(135) Pause Init Mark (unload classes) 0.232ms
[2026-04-03T03:17:47.715+0600][89.253s][info][gc,start    ] GC(135) Concurrent marking roots
[2026-04-03T03:17:47.715+0600][89.253s][info][gc,task     ] GC(135) Using 3 of 6 workers for concurrent marking roots
[2026-04-03T03:17:47.716+0600][89.254s][info][gc          ] GC(135) Concurrent marking roots 0.872ms
[2026-04-03T03:17:47.716+0600][89.254s][info][gc,start    ] GC(135) Concurrent marking (unload classes)
[2026-04-03T03:17:47.716+0600][89.254s][info][gc,task     ] GC(135) Using 3 of 6 workers for concurrent marking
[2026-04-03T03:17:47.919+0600][89.458s][info][gc          ] GC(135) Concurrent marking (unload classes) 203.501ms
[2026-04-03T03:17:47.920+0600][89.458s][info][gc,start    ] GC(135) Pause Final Mark (unload classes)
[2026-04-03T03:17:47.920+0600][89.458s][info][gc,task     ] GC(135) Using 6 of 6 workers for final marking
[2026-04-03T03:17:47.920+0600][89.458s][info][gc,ergo     ] GC(135) Adaptive CSet Selection. Target Free: 106M, Actual Free: 364M, Max CSet: 32000K, Min Garbage: 0B
[2026-04-03T03:17:47.920+0600][89.459s][info][gc,ergo     ] GC(135) Collectable Garbage: 219M (97%), Immediate: 114M (50%), CSet: 105M (46%)
[2026-04-03T03:17:47.920+0600][89.459s][info][gc,ergo     ] GC(135) Pacer for Evacuation. Used CSet: 130M, Free: 327M, Non-Taxable: 33570K, Alloc Tax Rate: 1.1x
[2026-04-03T03:17:47.920+0600][89.459s][info][gc          ] GC(135) Pause Final Mark (unload classes) 0.856ms
[2026-04-03T03:17:47.921+0600][89.459s][info][gc,start    ] GC(135) Concurrent thread roots
[2026-04-03T03:17:47.921+0600][89.459s][info][gc,task     ] GC(135) Using 3 of 6 workers for Concurrent thread roots
[2026-04-03T03:17:47.921+0600][89.460s][info][gc          ] GC(135) Concurrent thread roots 0.781ms
[2026-04-03T03:17:47.921+0600][89.460s][info][gc,start    ] GC(135) Concurrent weak references
[2026-04-03T03:17:47.921+0600][89.460s][info][gc,task     ] GC(135) Using 3 of 6 workers for concurrent weak references
[2026-04-03T03:17:47.922+0600][89.460s][info][gc,ref      ] GC(135) Encountered references: Soft: 3302, Weak: 6450, Final: 84, Phantom: 602
[2026-04-03T03:17:47.922+0600][89.460s][info][gc,ref      ] GC(135) Discovered  references: Soft: 0, Weak: 2459, Final: 48, Phantom: 346
[2026-04-03T03:17:47.922+0600][89.460s][info][gc,ref      ] GC(135) Enqueued    references: Soft: 0, Weak: 0, Final: 0, Phantom: 0
[2026-04-03T03:17:47.922+0600][89.460s][info][gc          ] GC(135) Concurrent weak references 0.336ms
[2026-04-03T03:17:47.922+0600][89.460s][info][gc,start    ] GC(135) Concurrent weak roots
[2026-04-03T03:17:47.922+0600][89.460s][info][gc,task     ] GC(135) Using 3 of 6 workers for concurrent weak root
[2026-04-03T03:17:47.925+0600][89.463s][info][gc          ] GC(135) Concurrent weak roots 2.804ms
[2026-04-03T03:17:47.925+0600][89.463s][info][gc,start    ] GC(135) Concurrent cleanup
[2026-04-03T03:17:47.925+0600][89.464s][info][gc          ] GC(135) Concurrent cleanup 496M->382M(657M) 0.493ms
[2026-04-03T03:17:47.925+0600][89.464s][info][gc,ergo     ] GC(135) Free: 327M, Max: 256K regular, 167M humongous, Frag: 49% external, 0% internal; Reserve: 38255K, Max: 256K
[2026-04-03T03:17:47.925+0600][89.464s][info][gc,start    ] GC(135) Concurrent class unloading
[2026-04-03T03:17:47.925+0600][89.464s][info][gc,task     ] GC(135) Using 3 of 6 workers for concurrent class unloading
[2026-04-03T03:17:47.930+0600][89.469s][info][gc          ] GC(135) Concurrent class unloading 5.013ms
[2026-04-03T03:17:47.930+0600][89.469s][info][gc,start    ] GC(135) Concurrent strong roots
[2026-04-03T03:17:47.930+0600][89.469s][info][gc,task     ] GC(135) Using 3 of 6 workers for concurrent strong root
[2026-04-03T03:17:47.931+0600][89.469s][info][gc          ] GC(135) Concurrent strong roots 0.776ms
[2026-04-03T03:17:47.931+0600][89.469s][info][gc,start    ] GC(135) Concurrent evacuation
[2026-04-03T03:17:47.931+0600][89.469s][info][gc,task     ] GC(135) Using 3 of 6 workers for concurrent evacuation
[2026-04-03T03:17:47.948+0600][89.486s][info][gc          ] GC(135) Concurrent evacuation 16.834ms
[2026-04-03T03:17:47.948+0600][89.487s][info][gc,start    ] GC(135) Pause Init Update Refs
[2026-04-03T03:17:47.948+0600][89.487s][info][gc,ergo     ] GC(135) Pacer for Update Refs. Used: 414M, Free: 319M, Non-Taxable: 32725K, Alloc Tax Rate: 1.6x
[2026-04-03T03:17:47.948+0600][89.487s][info][gc          ] GC(135) Pause Init Update Refs 0.144ms
[2026-04-03T03:17:47.949+0600][89.487s][info][gc,start    ] GC(135) Concurrent update references
[2026-04-03T03:17:47.949+0600][89.487s][info][gc,task     ] GC(135) Using 3 of 6 workers for concurrent reference update
[2026-04-03T03:17:48.066+0600][89.604s][info][gc          ] GC(135) Concurrent update references 117.056ms
[2026-04-03T03:17:48.066+0600][89.604s][info][gc,start    ] GC(135) Concurrent update thread roots
[2026-04-03T03:17:48.067+0600][89.605s][info][gc          ] GC(135) Concurrent update thread roots 1.045ms
[2026-04-03T03:17:48.067+0600][89.605s][info][gc,start    ] GC(135) Pause Final Update Refs
[2026-04-03T03:17:48.067+0600][89.606s][info][gc,task     ] GC(135) Using 6 of 6 workers for final reference update
[2026-04-03T03:17:48.067+0600][89.606s][info][gc          ] GC(135) Pause Final Update Refs 0.178ms
[2026-04-03T03:17:48.067+0600][89.606s][info][gc,start    ] GC(135) Concurrent cleanup
[2026-04-03T03:17:48.068+0600][89.607s][info][gc          ] GC(135) Concurrent cleanup 470M->341M(657M) 0.743ms
[2026-04-03T03:17:48.068+0600][89.607s][info][gc,ergo     ] Free: 368M, Max: 256K regular, 167M humongous, Frag: 55% external, 0% internal; Reserve: 38400K, Max: 256K
[2026-04-03T03:17:48.068+0600][89.607s][info][gc,stats    ] 
[2026-04-03T03:17:48.068+0600][89.607s][info][gc,stats    ] All times are wall-clock times, except per-root-class counters, that are sum over
[2026-04-03T03:17:48.068+0600][89.607s][info][gc,stats    ] all workers. Dividing the <total> over the root stage time estimates parallelism.
[2026-04-03T03:17:48.068+0600][89.607s][info][gc,stats    ] 
[2026-04-03T03:17:48.068+0600][89.607s][info][gc,stats    ] Concurrent Reset                   1223 us
[2026-04-03T03:17:48.068+0600][89.607s][info][gc,stats    ] Pause Init Mark (G)                 610 us
[2026-04-03T03:17:48.068+0600][89.607s][info][gc,stats    ] Pause Init Mark (N)                 270 us
[2026-04-03T03:17:48.068+0600][89.607s][info][gc,stats    ]   Update Region States               30 us
[2026-04-03T03:17:48.068+0600][89.607s][info][gc,stats    ] Concurrent Mark Roots               908 us, parallelism: 1.66x
[2026-04-03T03:17:48.068+0600][89.607s][info][gc,stats    ]   CMR: <total>                     1507 us
[2026-04-03T03:17:48.068+0600][89.607s][info][gc,stats    ]   CMR: Thread Roots                1249 us, workers (us): 506, 276, 466, ---, ---, ---, 
[2026-04-03T03:17:48.068+0600][89.607s][info][gc,stats    ]   CMR: VM Strong Roots               33 us, workers (us):  24,   8,   1, ---, ---, ---, 
[2026-04-03T03:17:48.068+0600][89.607s][info][gc,stats    ]   CMR: CLDG Roots                   225 us, workers (us): ---, 225, ---, ---, ---, ---, 
[2026-04-03T03:17:48.068+0600][89.607s][info][gc,stats    ] Concurrent Marking               203561 us
[2026-04-03T03:17:48.068+0600][89.607s][info][gc,stats    ] Pause Final Mark (G)               1167 us
[2026-04-03T03:17:48.068+0600][89.607s][info][gc,stats    ] Pause Final Mark (N)                866 us
[2026-04-03T03:17:48.068+0600][89.607s][info][gc,stats    ]   Finish Mark                       359 us
[2026-04-03T03:17:48.068+0600][89.607s][info][gc,stats    ]   Update Region States               49 us
[2026-04-03T03:17:48.068+0600][89.607s][info][gc,stats    ]   Choose Collection Set             307 us
[2026-04-03T03:17:48.068+0600][89.607s][info][gc,stats    ]   Rebuild Free Set                   38 us
[2026-04-03T03:17:48.068+0600][89.607s][info][gc,stats    ] Concurrent Thread Roots             824 us, parallelism: 1.95x
[2026-04-03T03:17:48.068+0600][89.607s][info][gc,stats    ]   CTR: <total>                     1607 us
[2026-04-03T03:17:48.068+0600][89.607s][info][gc,stats    ]   CTR: Thread Roots                1607 us, workers (us): 570, 522, 515, ---, ---, ---, 
[2026-04-03T03:17:48.068+0600][89.607s][info][gc,stats    ] Concurrent Weak References          343 us, parallelism: 0.65x
[2026-04-03T03:17:48.068+0600][89.607s][info][gc,stats    ]   CWRF: <total>                     223 us
[2026-04-03T03:17:48.068+0600][89.607s][info][gc,stats    ]   CWRF: Weak References             223 us, workers (us): 222,   1,   0, ---, ---, ---, 
[2026-04-03T03:17:48.068+0600][89.607s][info][gc,stats    ] Concurrent Weak Roots              2880 us
[2026-04-03T03:17:48.068+0600][89.607s][info][gc,stats    ]   Roots                            2488 us, parallelism: 2.53x
[2026-04-03T03:17:48.069+0600][89.607s][info][gc,stats    ]     CWR: <total>                   6301 us
[2026-04-03T03:17:48.069+0600][89.607s][info][gc,stats    ]     CWR: Code Cache Roots          4898 us, workers (us): 1664, 1646, 1587, ---, ---, ---, 
[2026-04-03T03:17:48.069+0600][89.607s][info][gc,stats    ]     CWR: VM Weak Roots             1324 us, workers (us): 444, 442, 437, ---, ---, ---, 
[2026-04-03T03:17:48.069+0600][89.607s][info][gc,stats    ]     CWR: CLDG Roots                  80 us, workers (us): ---,  80, ---, ---, ---, ---, 
[2026-04-03T03:17:48.069+0600][89.607s][info][gc,stats    ]   Rendezvous                        295 us
[2026-04-03T03:17:48.069+0600][89.607s][info][gc,stats    ] Concurrent Cleanup                  505 us
[2026-04-03T03:17:48.069+0600][89.607s][info][gc,stats    ] Concurrent Class Unloading         5071 us
[2026-04-03T03:17:48.069+0600][89.607s][info][gc,stats    ]   Unlink Stale                     4615 us
[2026-04-03T03:17:48.069+0600][89.607s][info][gc,stats    ]     System Dictionary                94 us
[2026-04-03T03:17:48.069+0600][89.607s][info][gc,stats    ]     Weak Class Links                  0 us
[2026-04-03T03:17:48.069+0600][89.607s][info][gc,stats    ]     Code Roots                     4518 us
[2026-04-03T03:17:48.069+0600][89.607s][info][gc,stats    ]   Rendezvous                        359 us
[2026-04-03T03:17:48.069+0600][89.607s][info][gc,stats    ]   Purge Unlinked                     17 us
[2026-04-03T03:17:48.069+0600][89.607s][info][gc,stats    ]     Code Roots                        4 us
[2026-04-03T03:17:48.069+0600][89.607s][info][gc,stats    ]     CLDG                             12 us
[2026-04-03T03:17:48.069+0600][89.607s][info][gc,stats    ]     Exception Caches                  1 us
[2026-04-03T03:17:48.069+0600][89.607s][info][gc,stats    ] Concurrent Strong Roots             823 us, parallelism: 0.55x
[2026-04-03T03:17:48.069+0600][89.607s][info][gc,stats    ]   CSR: <total>                      452 us
[2026-04-03T03:17:48.069+0600][89.607s][info][gc,stats    ]   CSR: VM Strong Roots               32 us, workers (us):  20,  12,   0, ---, ---, ---, 
[2026-04-03T03:17:48.069+0600][89.607s][info][gc,stats    ]   CSR: CLDG Roots                   420 us, workers (us): 420, ---, ---, ---, ---, ---, 
[2026-04-03T03:17:48.069+0600][89.607s][info][gc,stats    ] Concurrent Evacuation             16918 us
[2026-04-03T03:17:48.069+0600][89.607s][info][gc,stats    ] Pause Init Update Refs (G)          569 us
[2026-04-03T03:17:48.069+0600][89.607s][info][gc,stats    ] Pause Init Update Refs (N)          153 us
[2026-04-03T03:17:48.069+0600][89.607s][info][gc,stats    ]   Manage GCLABs                      70 us
[2026-04-03T03:17:48.069+0600][89.607s][info][gc,stats    ] Concurrent Update Refs           117205 us
[2026-04-03T03:17:48.069+0600][89.607s][info][gc,stats    ] Concurrent Update Thread Roots     1074 us
[2026-04-03T03:17:48.069+0600][89.607s][info][gc,stats    ] Pause Final Update Refs (G)         564 us
[2026-04-03T03:17:48.069+0600][89.607s][info][gc,stats    ] Pause Final Update Refs (N)         191 us
[2026-04-03T03:17:48.069+0600][89.607s][info][gc,stats    ]   Update Region States               50 us
[2026-04-03T03:17:48.069+0600][89.607s][info][gc,stats    ]   Trash Collection Set               19 us
[2026-04-03T03:17:48.069+0600][89.607s][info][gc,stats    ]   Rebuild Free Set                   43 us
[2026-04-03T03:17:48.069+0600][89.607s][info][gc,stats    ] Concurrent Cleanup                  767 us
[2026-04-03T03:17:48.069+0600][89.607s][info][gc,stats    ] Pacing                           311273 us
[2026-04-03T03:17:48.069+0600][89.607s][info][gc,stats    ] 
[2026-04-03T03:17:48.069+0600][89.607s][info][gc,stats    ] Allocation pacing accrued:
[2026-04-03T03:17:48.069+0600][89.607s][info][gc,stats    ]      11 of   760 ms (  1.5%): Spark Context Cleaner
[2026-04-03T03:17:48.069+0600][89.607s][info][gc,stats    ]      90 of   760 ms ( 11.9%): Executor task launch worker for task 1.0 in stage 28.0 (TID 43)
[2026-04-03T03:17:48.069+0600][89.607s][info][gc,stats    ]      89 of   760 ms ( 11.8%): Executor task launch worker for task 2.0 in stage 28.0 (TID 44)
[2026-04-03T03:17:48.069+0600][89.607s][info][gc,stats    ]     121 of   760 ms ( 15.9%): Executor task launch worker for task 0.0 in stage 28.0 (TID 42)
[2026-04-03T03:17:48.069+0600][89.607s][info][gc,stats    ]     311 of   760 ms ( 41.0%): <total>
[2026-04-03T03:17:48.069+0600][89.607s][info][gc,stats    ]       2 of   760 ms (  0.2%): <average total>
[2026-04-03T03:17:48.069+0600][89.607s][info][gc,stats    ]      78 of   760 ms ( 10.2%): <average non-zero>
[2026-04-03T03:17:48.069+0600][89.607s][info][gc,stats    ] 
[2026-04-03T03:17:48.069+0600][89.607s][info][gc,metaspace] Metaspace: 73440K(74304K)->73440K(74304K) NonClass: 64136K(64576K)->64136K(64576K) Class: 9304K(9728K)->9304K(9728K)
[2026-04-03T03:17:48.069+0600][89.607s][info][gc,ergo     ] Pacer for Idle. Initial: 15360K, Alloc Tax Rate: 1.0x
[2026-04-03T03:17:48.208+0600][89.746s][info][gc          ] Trigger: Average GC time (526.39 ms) is above the time for average allocation rate (469 MB/s) to deplete free headroom (246M) (margin of error = 1.99)
[2026-04-03T03:17:48.208+0600][89.746s][info][gc,ergo     ] Free headroom: 284M (free) - 38400K (spike) - 0B (penalties) = 246M
[2026-04-03T03:17:48.208+0600][89.746s][info][gc,ergo     ] Free: 284M, Max: 256K regular, 167M humongous, Frag: 42% external, 0% internal; Reserve: 38400K, Max: 256K
[2026-04-03T03:17:48.208+0600][89.746s][info][gc,start    ] GC(136) Concurrent reset
[2026-04-03T03:17:48.208+0600][89.746s][info][gc,task     ] GC(136) Using 3 of 6 workers for concurrent reset
[2026-04-03T03:17:48.208+0600][89.746s][info][gc,ergo     ] GC(136) Pacer for Reset. Non-Taxable: 750M
[2026-04-03T03:17:48.209+0600][89.747s][info][gc          ] GC(136) Concurrent reset 1.276ms
[2026-04-03T03:17:48.209+0600][89.748s][info][gc,start    ] GC(136) Pause Init Mark (unload classes)
[2026-04-03T03:17:48.209+0600][89.748s][info][gc,task     ] GC(136) Using 6 of 6 workers for init marking
[2026-04-03T03:17:48.210+0600][89.748s][info][gc,ergo     ] GC(136) Pacer for Mark. Expected Live: 213M, Free: 283M, Non-Taxable: 29013K, Alloc Tax Rate: 0.9x
[2026-04-03T03:17:48.210+0600][89.748s][info][gc          ] GC(136) Pause Init Mark (unload classes) 0.153ms
[2026-04-03T03:17:48.210+0600][89.748s][info][gc,start    ] GC(136) Concurrent marking roots
[2026-04-03T03:17:48.210+0600][89.748s][info][gc,task     ] GC(136) Using 3 of 6 workers for concurrent marking roots
[2026-04-03T03:17:48.211+0600][89.749s][info][gc          ] GC(136) Concurrent marking roots 1.074ms
[2026-04-03T03:17:48.211+0600][89.749s][info][gc,start    ] GC(136) Concurrent marking (unload classes)
[2026-04-03T03:17:48.211+0600][89.749s][info][gc,task     ] GC(136) Using 3 of 6 workers for concurrent marking
[2026-04-03T03:17:48.437+0600][89.975s][info][gc          ] GC(136) Concurrent marking (unload classes) 226.196ms
[2026-04-03T03:17:48.437+0600][89.976s][info][gc,start    ] GC(136) Pause Final Mark (unload classes)
[2026-04-03T03:17:48.437+0600][89.976s][info][gc,task     ] GC(136) Using 6 of 6 workers for final marking
[2026-04-03T03:17:48.438+0600][89.976s][info][gc,ergo     ] GC(136) Adaptive CSet Selection. Target Free: 106M, Actual Free: 343M, Max CSet: 32000K, Min Garbage: 0B
[2026-04-03T03:17:48.438+0600][89.977s][info][gc,ergo     ] GC(136) Collectable Garbage: 225M (97%), Immediate: 78080K (32%), CSet: 149M (64%)
[2026-04-03T03:17:48.438+0600][89.977s][info][gc,ergo     ] GC(136) Pacer for Evacuation. Used CSet: 174M, Free: 308M, Non-Taxable: 31547K, Alloc Tax Rate: 1.4x
[2026-04-03T03:17:48.438+0600][89.977s][info][gc          ] GC(136) Pause Final Mark (unload classes) 0.968ms
[2026-04-03T03:17:48.438+0600][89.977s][info][gc,start    ] GC(136) Concurrent thread roots
[2026-04-03T03:17:48.439+0600][89.977s][info][gc,task     ] GC(136) Using 3 of 6 workers for Concurrent thread roots
[2026-04-03T03:17:48.439+0600][89.978s][info][gc          ] GC(136) Concurrent thread roots 0.825ms
[2026-04-03T03:17:48.439+0600][89.978s][info][gc,start    ] GC(136) Concurrent weak references
[2026-04-03T03:17:48.439+0600][89.978s][info][gc,task     ] GC(136) Using 3 of 6 workers for concurrent weak references
[2026-04-03T03:17:48.440+0600][89.978s][info][gc,ref      ] GC(136) Encountered references: Soft: 3302, Weak: 6450, Final: 84, Phantom: 600
[2026-04-03T03:17:48.440+0600][89.978s][info][gc,ref      ] GC(136) Discovered  references: Soft: 0, Weak: 2446, Final: 48, Phantom: 213
[2026-04-03T03:17:48.440+0600][89.978s][info][gc,ref      ] GC(136) Enqueued    references: Soft: 0, Weak: 0, Final: 0, Phantom: 0
[2026-04-03T03:17:48.440+0600][89.978s][info][gc          ] GC(136) Concurrent weak references 0.339ms
[2026-04-03T03:17:48.440+0600][89.978s][info][gc,start    ] GC(136) Concurrent weak roots
[2026-04-03T03:17:48.440+0600][89.978s][info][gc,task     ] GC(136) Using 3 of 6 workers for concurrent weak root
[2026-04-03T03:17:48.442+0600][89.981s][info][gc          ] GC(136) Concurrent weak roots 2.642ms
[2026-04-03T03:17:48.442+0600][89.981s][info][gc,start    ] GC(136) Concurrent cleanup
[2026-04-03T03:17:48.443+0600][89.981s][info][gc          ] GC(136) Concurrent cleanup 479M->403M(657M) 0.564ms
[2026-04-03T03:17:48.443+0600][89.981s][info][gc,ergo     ] GC(136) Free: 307M, Max: 256K regular, 172M humongous, Frag: 44% external, 0% internal; Reserve: 38015K, Max: 256K
[2026-04-03T03:17:48.443+0600][89.981s][info][gc,start    ] GC(136) Concurrent class unloading
[2026-04-03T03:17:48.443+0600][89.981s][info][gc,task     ] GC(136) Using 3 of 6 workers for concurrent class unloading
[2026-04-03T03:17:48.449+0600][89.988s][info][gc          ] GC(136) Concurrent class unloading 6.411ms
[2026-04-03T03:17:48.450+0600][89.988s][info][gc,start    ] GC(136) Concurrent strong roots
[2026-04-03T03:17:48.450+0600][89.988s][info][gc,task     ] GC(136) Using 3 of 6 workers for concurrent strong root
[2026-04-03T03:17:48.450+0600][89.989s][info][gc          ] GC(136) Concurrent strong roots 0.707ms
[2026-04-03T03:17:48.450+0600][89.989s][info][gc,start    ] GC(136) Concurrent evacuation
[2026-04-03T03:17:48.450+0600][89.989s][info][gc,task     ] GC(136) Using 3 of 6 workers for concurrent evacuation
[2026-04-03T03:17:48.472+0600][90.011s][info][gc          ] GC(136) Concurrent evacuation 21.952ms
[2026-04-03T03:17:48.472+0600][90.011s][info][gc,start    ] GC(136) Pause Init Update Refs
[2026-04-03T03:17:48.473+0600][90.011s][info][gc,ergo     ] GC(136) Pacer for Update Refs. Used: 446M, Free: 290M, Non-Taxable: 29704K, Alloc Tax Rate: 1.9x
[2026-04-03T03:17:48.473+0600][90.011s][info][gc          ] GC(136) Pause Init Update Refs 0.159ms
[2026-04-03T03:17:48.473+0600][90.011s][info][gc,start    ] GC(136) Concurrent update references
[2026-04-03T03:17:48.473+0600][90.011s][info][gc,task     ] GC(136) Using 3 of 6 workers for concurrent reference update
[2026-04-03T03:17:48.597+0600][90.136s][info][gc          ] GC(136) Concurrent update references 124.574ms
[2026-04-03T03:17:48.597+0600][90.136s][info][gc,start    ] GC(136) Concurrent update thread roots
[2026-04-03T03:17:48.599+0600][90.138s][info][gc          ] GC(136) Concurrent update thread roots 2.047ms
[2026-04-03T03:17:48.600+0600][90.138s][info][gc,start    ] GC(136) Pause Final Update Refs
[2026-04-03T03:17:48.600+0600][90.138s][info][gc,task     ] GC(136) Using 6 of 6 workers for final reference update
[2026-04-03T03:17:48.600+0600][90.138s][info][gc          ] GC(136) Pause Final Update Refs 0.291ms
[2026-04-03T03:17:48.600+0600][90.138s][info][gc,start    ] GC(136) Concurrent cleanup
[2026-04-03T03:17:48.600+0600][90.139s][info][gc          ] GC(136) Concurrent cleanup 525M->351M(657M) 0.357ms
[2026-04-03T03:17:48.600+0600][90.139s][info][gc,ergo     ] Free: 358M, Max: 256K regular, 135M humongous, Frag: 63% external, 0% internal; Reserve: 38400K, Max: 256K
[2026-04-03T03:17:48.600+0600][90.139s][info][gc,stats    ] 
[2026-04-03T03:17:48.600+0600][90.139s][info][gc,stats    ] All times are wall-clock times, except per-root-class counters, that are sum over
[2026-04-03T03:17:48.600+0600][90.139s][info][gc,stats    ] all workers. Dividing the <total> over the root stage time estimates parallelism.
[2026-04-03T03:17:48.601+0600][90.139s][info][gc,stats    ] 
[2026-04-03T03:17:48.601+0600][90.139s][info][gc,stats    ] Concurrent Reset                   1330 us
[2026-04-03T03:17:48.601+0600][90.139s][info][gc,stats    ] Pause Init Mark (G)                 487 us
[2026-04-03T03:17:48.601+0600][90.139s][info][gc,stats    ] Pause Init Mark (N)                 161 us
[2026-04-03T03:17:48.601+0600][90.139s][info][gc,stats    ]   Update Region States               36 us
[2026-04-03T03:17:48.601+0600][90.139s][info][gc,stats    ] Concurrent Mark Roots              1214 us, parallelism: 1.37x
[2026-04-03T03:17:48.601+0600][90.139s][info][gc,stats    ]   CMR: <total>                     1666 us
[2026-04-03T03:17:48.601+0600][90.139s][info][gc,stats    ]   CMR: Thread Roots                1451 us, workers (us): 401, 525, 525, ---, ---, ---, 
[2026-04-03T03:17:48.601+0600][90.139s][info][gc,stats    ]   CMR: VM Strong Roots               32 us, workers (us):  30,   1,   1, ---, ---, ---, 
[2026-04-03T03:17:48.601+0600][90.139s][info][gc,stats    ]   CMR: CLDG Roots                   183 us, workers (us): 183, ---, ---, ---, ---, ---, 
[2026-04-03T03:17:48.601+0600][90.139s][info][gc,stats    ] Concurrent Marking               226275 us
[2026-04-03T03:17:48.601+0600][90.139s][info][gc,stats    ] Pause Final Mark (G)               1313 us
[2026-04-03T03:17:48.601+0600][90.139s][info][gc,stats    ] Pause Final Mark (N)                979 us
[2026-04-03T03:17:48.601+0600][90.139s][info][gc,stats    ]   Finish Mark                       261 us
[2026-04-03T03:17:48.601+0600][90.139s][info][gc,stats    ]   Update Region States               84 us
[2026-04-03T03:17:48.601+0600][90.139s][info][gc,stats    ]   Choose Collection Set             442 us
[2026-04-03T03:17:48.601+0600][90.139s][info][gc,stats    ]   Rebuild Free Set                   49 us
[2026-04-03T03:17:48.601+0600][90.139s][info][gc,stats    ] Concurrent Thread Roots             873 us, parallelism: 2.29x
[2026-04-03T03:17:48.601+0600][90.139s][info][gc,stats    ]   CTR: <total>                     1999 us
[2026-04-03T03:17:48.601+0600][90.139s][info][gc,stats    ]   CTR: Thread Roots                1999 us, workers (us): 690, 654, 654, ---, ---, ---, 
[2026-04-03T03:17:48.601+0600][90.139s][info][gc,stats    ] Concurrent Weak References          365 us, parallelism: 0.86x
[2026-04-03T03:17:48.601+0600][90.139s][info][gc,stats    ]   CWRF: <total>                     313 us
[2026-04-03T03:17:48.601+0600][90.139s][info][gc,stats    ]   CWRF: Weak References             313 us, workers (us): 244,  68,   1, ---, ---, ---, 
[2026-04-03T03:17:48.601+0600][90.139s][info][gc,stats    ] Concurrent Weak Roots              2697 us
[2026-04-03T03:17:48.601+0600][90.139s][info][gc,stats    ]   Roots                            2335 us, parallelism: 2.47x
[2026-04-03T03:17:48.601+0600][90.139s][info][gc,stats    ]     CWR: <total>                   5769 us
[2026-04-03T03:17:48.601+0600][90.139s][info][gc,stats    ]     CWR: Code Cache Roots          4115 us, workers (us): 1425, 1440, 1250, ---, ---, ---, 
[2026-04-03T03:17:48.601+0600][90.139s][info][gc,stats    ]     CWR: VM Weak Roots             1574 us, workers (us): 534, 521, 519, ---, ---, ---, 
[2026-04-03T03:17:48.601+0600][90.139s][info][gc,stats    ]     CWR: CLDG Roots                  80 us, workers (us): ---, ---,  80, ---, ---, ---, 
[2026-04-03T03:17:48.601+0600][90.139s][info][gc,stats    ]   Rendezvous                        285 us
[2026-04-03T03:17:48.601+0600][90.139s][info][gc,stats    ] Concurrent Cleanup                  581 us
[2026-04-03T03:17:48.601+0600][90.139s][info][gc,stats    ] Concurrent Class Unloading         6479 us
[2026-04-03T03:17:48.601+0600][90.139s][info][gc,stats    ]   Unlink Stale                     6042 us
[2026-04-03T03:17:48.601+0600][90.139s][info][gc,stats    ]     System Dictionary                73 us
[2026-04-03T03:17:48.601+0600][90.139s][info][gc,stats    ]     Weak Class Links                  0 us
[2026-04-03T03:17:48.601+0600][90.139s][info][gc,stats    ]     Code Roots                     5966 us
[2026-04-03T03:17:48.601+0600][90.139s][info][gc,stats    ]   Rendezvous                        301 us
[2026-04-03T03:17:48.601+0600][90.139s][info][gc,stats    ]   Purge Unlinked                     19 us
[2026-04-03T03:17:48.601+0600][90.139s][info][gc,stats    ]     Code Roots                        4 us
[2026-04-03T03:17:48.601+0600][90.139s][info][gc,stats    ]     CLDG                             14 us
[2026-04-03T03:17:48.601+0600][90.139s][info][gc,stats    ]     Exception Caches                  1 us
[2026-04-03T03:17:48.601+0600][90.139s][info][gc,stats    ] Concurrent Strong Roots             762 us, parallelism: 0.61x
[2026-04-03T03:17:48.601+0600][90.139s][info][gc,stats    ]   CSR: <total>                      462 us
[2026-04-03T03:17:48.601+0600][90.139s][info][gc,stats    ]   CSR: VM Strong Roots               74 us, workers (us):  38,  36,   1, ---, ---, ---, 
[2026-04-03T03:17:48.601+0600][90.139s][info][gc,stats    ]   CSR: CLDG Roots                   388 us, workers (us): 388, ---, ---, ---, ---, ---, 
[2026-04-03T03:17:48.601+0600][90.139s][info][gc,stats    ] Concurrent Evacuation             22014 us
[2026-04-03T03:17:48.601+0600][90.139s][info][gc,stats    ] Pause Init Update Refs (G)          357 us
[2026-04-03T03:17:48.601+0600][90.139s][info][gc,stats    ] Pause Init Update Refs (N)          174 us
[2026-04-03T03:17:48.601+0600][90.139s][info][gc,stats    ]   Manage GCLABs                      21 us
[2026-04-03T03:17:48.601+0600][90.139s][info][gc,stats    ] Concurrent Update Refs           124666 us
[2026-04-03T03:17:48.601+0600][90.140s][info][gc,stats    ] Concurrent Update Thread Roots     2126 us
[2026-04-03T03:17:48.601+0600][90.140s][info][gc,stats    ] Pause Final Update Refs (G)         499 us
[2026-04-03T03:17:48.601+0600][90.140s][info][gc,stats    ] Pause Final Update Refs (N)         308 us
[2026-04-03T03:17:48.601+0600][90.140s][info][gc,stats    ]   Update Region States               62 us
[2026-04-03T03:17:48.601+0600][90.140s][info][gc,stats    ]   Trash Collection Set               22 us
[2026-04-03T03:17:48.601+0600][90.140s][info][gc,stats    ]   Rebuild Free Set                   58 us
[2026-04-03T03:17:48.601+0600][90.140s][info][gc,stats    ] Concurrent Cleanup                  393 us
[2026-04-03T03:17:48.601+0600][90.140s][info][gc,stats    ] Pacing                           434045 us
[2026-04-03T03:17:48.601+0600][90.140s][info][gc,stats    ] 
[2026-04-03T03:17:48.601+0600][90.140s][info][gc,stats    ] Allocation pacing accrued:
[2026-04-03T03:17:48.601+0600][90.140s][info][gc,stats    ]      11 of   532 ms (  2.1%): RemoteBlock-temp-file-clean-thread
[2026-04-03T03:17:48.601+0600][90.140s][info][gc,stats    ]     144 of   532 ms ( 27.0%): Executor task launch worker for task 1.0 in stage 28.0 (TID 43)
[2026-04-03T03:17:48.601+0600][90.140s][info][gc,stats    ]     135 of   532 ms ( 25.4%): Executor task launch worker for task 2.0 in stage 28.0 (TID 44)
[2026-04-03T03:17:48.601+0600][90.140s][info][gc,stats    ]     144 of   532 ms ( 27.0%): Executor task launch worker for task 0.0 in stage 28.0 (TID 42)
[2026-04-03T03:17:48.601+0600][90.140s][info][gc,stats    ]     434 of   532 ms ( 81.5%): <total>
[2026-04-03T03:17:48.601+0600][90.140s][info][gc,stats    ]       2 of   532 ms (  0.4%): <average total>
[2026-04-03T03:17:48.601+0600][90.140s][info][gc,stats    ]     109 of   532 ms ( 20.4%): <average non-zero>
[2026-04-03T03:17:48.601+0600][90.140s][info][gc,stats    ] 
[2026-04-03T03:17:48.601+0600][90.140s][info][gc,metaspace] Metaspace: 73440K(74304K)->73440K(74304K) NonClass: 64136K(64576K)->64136K(64576K) Class: 9304K(9728K)->9304K(9728K)
[2026-04-03T03:17:48.601+0600][90.140s][info][gc,ergo     ] Pacer for Idle. Initial: 15360K, Alloc Tax Rate: 1.0x
[2026-04-03T03:17:48.691+0600][90.229s][info][gc          ] Trigger: Average GC time (487.20 ms) is above the time for average allocation rate (436 MB/s) to deplete free headroom (211M) (margin of error = 1.99)
[2026-04-03T03:17:48.691+0600][90.229s][info][gc,ergo     ] Free headroom: 249M (free) - 38400K (spike) - 0B (penalties) = 211M
[2026-04-03T03:17:48.691+0600][90.230s][info][gc,ergo     ] Free: 249M, Max: 256K regular, 135M humongous, Frag: 46% external, 0% internal; Reserve: 38400K, Max: 256K
[2026-04-03T03:17:48.691+0600][90.230s][info][gc,start    ] GC(137) Concurrent reset
[2026-04-03T03:17:48.691+0600][90.230s][info][gc,task     ] GC(137) Using 3 of 6 workers for concurrent reset
[2026-04-03T03:17:48.691+0600][90.230s][info][gc,ergo     ] GC(137) Pacer for Reset. Non-Taxable: 750M
[2026-04-03T03:17:48.692+0600][90.231s][info][gc          ] GC(137) Concurrent reset 1.186ms
[2026-04-03T03:17:48.693+0600][90.231s][info][gc,start    ] GC(137) Pause Init Mark (unload classes)
[2026-04-03T03:17:48.693+0600][90.231s][info][gc,task     ] GC(137) Using 6 of 6 workers for init marking
[2026-04-03T03:17:48.693+0600][90.231s][info][gc,ergo     ] GC(137) Pacer for Mark. Expected Live: 217M, Free: 248M, Non-Taxable: 25403K, Alloc Tax Rate: 1.1x
[2026-04-03T03:17:48.693+0600][90.231s][info][gc          ] GC(137) Pause Init Mark (unload classes) 0.155ms
[2026-04-03T03:17:48.693+0600][90.231s][info][gc,start    ] GC(137) Concurrent marking roots
[2026-04-03T03:17:48.693+0600][90.231s][info][gc,task     ] GC(137) Using 3 of 6 workers for concurrent marking roots
[2026-04-03T03:17:48.694+0600][90.232s][info][gc          ] GC(137) Concurrent marking roots 0.881ms
[2026-04-03T03:17:48.694+0600][90.232s][info][gc,start    ] GC(137) Concurrent marking (unload classes)
[2026-04-03T03:17:48.694+0600][90.232s][info][gc,task     ] GC(137) Using 3 of 6 workers for concurrent marking
[2026-04-03T03:17:48.904+0600][90.443s][info][gc          ] GC(137) Concurrent marking (unload classes) 210.642ms
[2026-04-03T03:17:48.905+0600][90.443s][info][gc,start    ] GC(137) Pause Final Mark (unload classes)
[2026-04-03T03:17:48.905+0600][90.443s][info][gc,task     ] GC(137) Using 6 of 6 workers for final marking
[2026-04-03T03:17:48.905+0600][90.444s][info][gc,ergo     ] GC(137) Adaptive CSet Selection. Target Free: 106M, Actual Free: 240M, Max CSet: 32000K, Min Garbage: 0B
[2026-04-03T03:17:48.906+0600][90.444s][info][gc,ergo     ] GC(137) Collectable Garbage: 250M (97%), Immediate: 2087K (0%), CSet: 248M (96%)
[2026-04-03T03:17:48.906+0600][90.444s][info][gc,ergo     ] GC(137) Pacer for Evacuation. Used CSet: 262M, Free: 203M, Non-Taxable: 20872K, Alloc Tax Rate: 3.2x
[2026-04-03T03:17:48.906+0600][90.444s][info][gc          ] GC(137) Pause Final Mark (unload classes) 1.034ms
[2026-04-03T03:17:48.906+0600][90.444s][info][gc,start    ] GC(137) Concurrent thread roots
[2026-04-03T03:17:48.906+0600][90.444s][info][gc,task     ] GC(137) Using 3 of 6 workers for Concurrent thread roots
[2026-04-03T03:17:48.907+0600][90.445s][info][gc          ] GC(137) Concurrent thread roots 1.026ms
[2026-04-03T03:17:48.907+0600][90.445s][info][gc,start    ] GC(137) Concurrent weak references
[2026-04-03T03:17:48.907+0600][90.446s][info][gc,task     ] GC(137) Using 3 of 6 workers for concurrent weak references
[2026-04-03T03:17:48.907+0600][90.446s][info][gc,ref      ] GC(137) Encountered references: Soft: 3302, Weak: 6450, Final: 84, Phantom: 602
[2026-04-03T03:17:48.907+0600][90.446s][info][gc,ref      ] GC(137) Discovered  references: Soft: 0, Weak: 351, Final: 0, Phantom: 347
[2026-04-03T03:17:48.907+0600][90.446s][info][gc,ref      ] GC(137) Enqueued    references: Soft: 0, Weak: 0, Final: 0, Phantom: 0
[2026-04-03T03:17:48.907+0600][90.446s][info][gc          ] GC(137) Concurrent weak references 0.291ms
[2026-04-03T03:17:48.907+0600][90.446s][info][gc,start    ] GC(137) Concurrent weak roots
[2026-04-03T03:17:48.907+0600][90.446s][info][gc,task     ] GC(137) Using 3 of 6 workers for concurrent weak root
[2026-04-03T03:17:48.910+0600][90.448s][info][gc          ] GC(137) Concurrent weak roots 2.586ms
[2026-04-03T03:17:48.910+0600][90.448s][info][gc,start    ] GC(137) Concurrent cleanup
[2026-04-03T03:17:48.910+0600][90.449s][info][gc          ] GC(137) Concurrent cleanup 509M->508M(657M) 0.216ms
[2026-04-03T03:17:48.910+0600][90.449s][info][gc,ergo     ] GC(137) Free: 201M, Max: 256K regular, 131M humongous, Frag: 35% external, 0% internal; Reserve: 38031K, Max: 256K
[2026-04-03T03:17:48.910+0600][90.449s][info][gc,start    ] GC(137) Concurrent class unloading
[2026-04-03T03:17:48.910+0600][90.449s][info][gc,task     ] GC(137) Using 3 of 6 workers for concurrent class unloading
[2026-04-03T03:17:48.919+0600][90.457s][info][gc          ] GC(137) Concurrent class unloading 8.229ms
[2026-04-03T03:17:48.919+0600][90.457s][info][gc,start    ] GC(137) Concurrent strong roots
[2026-04-03T03:17:48.919+0600][90.457s][info][gc,task     ] GC(137) Using 3 of 6 workers for concurrent strong root
[2026-04-03T03:17:48.920+0600][90.458s][info][gc          ] GC(137) Concurrent strong roots 0.789ms
[2026-04-03T03:17:48.920+0600][90.458s][info][gc,start    ] GC(137) Concurrent evacuation
[2026-04-03T03:17:48.920+0600][90.458s][info][gc,task     ] GC(137) Using 3 of 6 workers for concurrent evacuation
[2026-04-03T03:17:48.937+0600][90.475s][info][gc          ] GC(137) Concurrent evacuation 17.010ms
[2026-04-03T03:17:48.937+0600][90.475s][info][gc,start    ] GC(137) Pause Init Update Refs
[2026-04-03T03:17:48.937+0600][90.475s][info][gc,ergo     ] GC(137) Pacer for Update Refs. Used: 533M, Free: 190M, Non-Taxable: 19541K, Alloc Tax Rate: 3.4x
[2026-04-03T03:17:48.937+0600][90.475s][info][gc          ] GC(137) Pause Init Update Refs 0.216ms
[2026-04-03T03:17:48.937+0600][90.476s][info][gc,start    ] GC(137) Concurrent update references
[2026-04-03T03:17:48.937+0600][90.476s][info][gc,task     ] GC(137) Using 3 of 6 workers for concurrent reference update
[2026-04-03T03:17:49.083+0600][90.621s][info][gc          ] GC(137) Concurrent update references 145.654ms
[2026-04-03T03:17:49.083+0600][90.621s][info][gc,start    ] GC(137) Concurrent update thread roots
[2026-04-03T03:17:49.084+0600][90.623s][info][gc          ] GC(137) Concurrent update thread roots 1.244ms
[2026-04-03T03:17:49.084+0600][90.623s][info][gc,start    ] GC(137) Pause Final Update Refs
[2026-04-03T03:17:49.085+0600][90.623s][info][gc,task     ] GC(137) Using 6 of 6 workers for final reference update
[2026-04-03T03:17:49.085+0600][90.623s][info][gc          ] GC(137) Pause Final Update Refs 0.214ms
[2026-04-03T03:17:49.085+0600][90.623s][info][gc,start    ] GC(137) Concurrent cleanup
[2026-04-03T03:17:49.085+0600][90.624s][info][gc          ] GC(137) Concurrent cleanup 623M->361M(672M) 0.423ms
[2026-04-03T03:17:49.085+0600][90.624s][info][gc,ergo     ] Free: 348M, Max: 256K regular, 56832K humongous, Frag: 85% external, 0% internal; Reserve: 38400K, Max: 256K
[2026-04-03T03:17:49.085+0600][90.624s][info][gc,stats    ] 
[2026-04-03T03:17:49.085+0600][90.624s][info][gc,stats    ] All times are wall-clock times, except per-root-class counters, that are sum over
[2026-04-03T03:17:49.085+0600][90.624s][info][gc,stats    ] all workers. Dividing the <total> over the root stage time estimates parallelism.
[2026-04-03T03:17:49.085+0600][90.624s][info][gc,stats    ] 
[2026-04-03T03:17:49.085+0600][90.624s][info][gc,stats    ] Concurrent Reset                   1248 us
[2026-04-03T03:17:49.085+0600][90.624s][info][gc,stats    ] Pause Init Mark (G)                 425 us
[2026-04-03T03:17:49.085+0600][90.624s][info][gc,stats    ] Pause Init Mark (N)                 164 us
[2026-04-03T03:17:49.085+0600][90.624s][info][gc,stats    ]   Update Region States               29 us
[2026-04-03T03:17:49.086+0600][90.624s][info][gc,stats    ] Concurrent Mark Roots               916 us, parallelism: 1.65x
[2026-04-03T03:17:49.086+0600][90.624s][info][gc,stats    ]   CMR: <total>                     1512 us
[2026-04-03T03:17:49.086+0600][90.624s][info][gc,stats    ]   CMR: Thread Roots                1242 us, workers (us): 265, 489, 488, ---, ---, ---, 
[2026-04-03T03:17:49.086+0600][90.624s][info][gc,stats    ]   CMR: VM Strong Roots               40 us, workers (us):  14,  15,  11, ---, ---, ---, 
[2026-04-03T03:17:49.086+0600][90.624s][info][gc,stats    ]   CMR: CLDG Roots                   230 us, workers (us): 230, ---, ---, ---, ---, ---, 
[2026-04-03T03:17:49.086+0600][90.624s][info][gc,stats    ] Concurrent Marking               210732 us
[2026-04-03T03:17:49.086+0600][90.624s][info][gc,stats    ] Pause Final Mark (G)               1542 us
[2026-04-03T03:17:49.086+0600][90.624s][info][gc,stats    ] Pause Final Mark (N)               1044 us
[2026-04-03T03:17:49.086+0600][90.624s][info][gc,stats    ]   Finish Mark                       267 us
[2026-04-03T03:17:49.086+0600][90.624s][info][gc,stats    ]   Update Region States               50 us
[2026-04-03T03:17:49.086+0600][90.624s][info][gc,stats    ]   Choose Collection Set             520 us
[2026-04-03T03:17:49.086+0600][90.624s][info][gc,stats    ]   Rebuild Free Set                   40 us
[2026-04-03T03:17:49.086+0600][90.624s][info][gc,stats    ] Concurrent Thread Roots            1081 us, parallelism: 2.06x
[2026-04-03T03:17:49.086+0600][90.624s][info][gc,stats    ]   CTR: <total>                     2226 us
[2026-04-03T03:17:49.086+0600][90.624s][info][gc,stats    ]   CTR: Thread Roots                2226 us, workers (us): 735, 713, 779, ---, ---, ---, 
[2026-04-03T03:17:49.086+0600][90.624s][info][gc,stats    ] Concurrent Weak References          304 us, parallelism: 0.39x
[2026-04-03T03:17:49.086+0600][90.624s][info][gc,stats    ]   CWRF: <total>                     118 us
[2026-04-03T03:17:49.086+0600][90.624s][info][gc,stats    ]   CWRF: Weak References             118 us, workers (us):  64,  54,   0, ---, ---, ---, 
[2026-04-03T03:17:49.086+0600][90.624s][info][gc,stats    ] Concurrent Weak Roots              2677 us
[2026-04-03T03:17:49.086+0600][90.624s][info][gc,stats    ]   Roots                            2377 us, parallelism: 2.63x
[2026-04-03T03:17:49.086+0600][90.624s][info][gc,stats    ]     CWR: <total>                   6260 us
[2026-04-03T03:17:49.086+0600][90.624s][info][gc,stats    ]     CWR: Code Cache Roots          4277 us, workers (us): 1430, 1453, 1394, ---, ---, ---, 
[2026-04-03T03:17:49.086+0600][90.624s][info][gc,stats    ]     CWR: VM Weak Roots             1940 us, workers (us): 668, 644, 628, ---, ---, ---, 
[2026-04-03T03:17:49.086+0600][90.624s][info][gc,stats    ]     CWR: CLDG Roots                  43 us, workers (us): ---, ---,  43, ---, ---, ---, 
[2026-04-03T03:17:49.086+0600][90.624s][info][gc,stats    ]   Rendezvous                        178 us
[2026-04-03T03:17:49.086+0600][90.624s][info][gc,stats    ] Concurrent Cleanup                  234 us
[2026-04-03T03:17:49.086+0600][90.624s][info][gc,stats    ] Concurrent Class Unloading         8336 us
[2026-04-03T03:17:49.086+0600][90.624s][info][gc,stats    ]   Unlink Stale                     7950 us
[2026-04-03T03:17:49.086+0600][90.624s][info][gc,stats    ]     System Dictionary               113 us
[2026-04-03T03:17:49.086+0600][90.624s][info][gc,stats    ]     Weak Class Links                  1 us
[2026-04-03T03:17:49.086+0600][90.624s][info][gc,stats    ]     Code Roots                     7832 us
[2026-04-03T03:17:49.086+0600][90.624s][info][gc,stats    ]   Rendezvous                        224 us
[2026-04-03T03:17:49.086+0600][90.624s][info][gc,stats    ]   Purge Unlinked                     15 us
[2026-04-03T03:17:49.086+0600][90.624s][info][gc,stats    ]     Code Roots                        3 us
[2026-04-03T03:17:49.086+0600][90.624s][info][gc,stats    ]     CLDG                             11 us
[2026-04-03T03:17:49.086+0600][90.624s][info][gc,stats    ]     Exception Caches                  0 us
[2026-04-03T03:17:49.086+0600][90.624s][info][gc,stats    ] Concurrent Strong Roots             842 us, parallelism: 0.63x
[2026-04-03T03:17:49.086+0600][90.624s][info][gc,stats    ]   CSR: <total>                      527 us
[2026-04-03T03:17:49.086+0600][90.624s][info][gc,stats    ]   CSR: VM Strong Roots               60 us, workers (us):  46,  14,   1, ---, ---, ---, 
[2026-04-03T03:17:49.086+0600][90.624s][info][gc,stats    ]   CSR: CLDG Roots                   466 us, workers (us): ---, 466, ---, ---, ---, ---, 
[2026-04-03T03:17:49.086+0600][90.624s][info][gc,stats    ] Concurrent Evacuation             17118 us
[2026-04-03T03:17:49.086+0600][90.624s][info][gc,stats    ] Pause Init Update Refs (G)          583 us
[2026-04-03T03:17:49.086+0600][90.624s][info][gc,stats    ] Pause Init Update Refs (N)          231 us
[2026-04-03T03:17:49.086+0600][90.624s][info][gc,stats    ]   Manage GCLABs                      76 us
[2026-04-03T03:17:49.086+0600][90.624s][info][gc,stats    ] Concurrent Update Refs           145764 us
[2026-04-03T03:17:49.086+0600][90.624s][info][gc,stats    ] Concurrent Update Thread Roots     1351 us
[2026-04-03T03:17:49.086+0600][90.624s][info][gc,stats    ] Pause Final Update Refs (G)         445 us
[2026-04-03T03:17:49.086+0600][90.624s][info][gc,stats    ] Pause Final Update Refs (N)         268 us
[2026-04-03T03:17:49.086+0600][90.624s][info][gc,stats    ]   Update Region States               57 us
[2026-04-03T03:17:49.086+0600][90.624s][info][gc,stats    ]   Trash Collection Set               22 us
[2026-04-03T03:17:49.086+0600][90.624s][info][gc,stats    ]   Rebuild Free Set                   42 us
[2026-04-03T03:17:49.086+0600][90.624s][info][gc,stats    ] Concurrent Cleanup                  458 us
[2026-04-03T03:17:49.086+0600][90.624s][info][gc,stats    ] Pacing                           400108 us
[2026-04-03T03:17:49.086+0600][90.624s][info][gc,stats    ] 
[2026-04-03T03:17:49.086+0600][90.624s][info][gc,stats    ] Allocation pacing accrued:
[2026-04-03T03:17:49.086+0600][90.624s][info][gc,stats    ]     124 of   485 ms ( 25.5%): Executor task launch worker for task 1.0 in stage 28.0 (TID 43)
[2026-04-03T03:17:49.086+0600][90.625s][info][gc,stats    ]     140 of   485 ms ( 28.9%): Executor task launch worker for task 2.0 in stage 28.0 (TID 44)
[2026-04-03T03:17:49.086+0600][90.625s][info][gc,stats    ]     136 of   485 ms ( 28.1%): Executor task launch worker for task 0.0 in stage 28.0 (TID 42)
[2026-04-03T03:17:49.086+0600][90.625s][info][gc,stats    ]     400 of   485 ms ( 82.5%): <total>
[2026-04-03T03:17:49.086+0600][90.625s][info][gc,stats    ]       2 of   485 ms (  0.4%): <average total>
[2026-04-03T03:17:49.086+0600][90.625s][info][gc,stats    ]     133 of   485 ms ( 27.5%): <average non-zero>
[2026-04-03T03:17:49.086+0600][90.625s][info][gc,stats    ] 
[2026-04-03T03:17:49.086+0600][90.625s][info][gc,metaspace] Metaspace: 73440K(74304K)->73440K(74304K) NonClass: 64136K(64576K)->64136K(64576K) Class: 9304K(9728K)->9304K(9728K)
[2026-04-03T03:17:49.086+0600][90.625s][info][gc,ergo     ] Pacer for Idle. Initial: 15360K, Alloc Tax Rate: 1.0x
[2026-04-03T03:17:49.188+0600][90.726s][info][gc          ] Trigger: Average GC time (460.32 ms) is above the time for average allocation rate (792 MB/s) to deplete free headroom (192M) (margin of error = 1.99)
[2026-04-03T03:17:49.188+0600][90.727s][info][gc,ergo     ] Free headroom: 229M (free) - 38400K (spike) - 0B (penalties) = 192M
[2026-04-03T03:17:49.188+0600][90.727s][info][gc,ergo     ] Free: 229M, Max: 256K regular, 56832K humongous, Frag: 76% external, 0% internal; Reserve: 38400K, Max: 256K
[2026-04-03T03:17:49.188+0600][90.727s][info][gc,start    ] GC(138) Concurrent reset
[2026-04-03T03:17:49.188+0600][90.727s][info][gc,task     ] GC(138) Using 3 of 6 workers for concurrent reset
[2026-04-03T03:17:49.188+0600][90.727s][info][gc,ergo     ] GC(138) Pacer for Reset. Non-Taxable: 750M
[2026-04-03T03:17:49.190+0600][90.728s][info][gc          ] GC(138) Concurrent reset 1.549ms
[2026-04-03T03:17:49.190+0600][90.728s][info][gc,start    ] GC(138) Pause Init Mark (unload classes)
[2026-04-03T03:17:49.190+0600][90.729s][info][gc,task     ] GC(138) Using 6 of 6 workers for init marking
[2026-04-03T03:17:49.190+0600][90.729s][info][gc,ergo     ] GC(138) Pacer for Mark. Expected Live: 213M, Free: 227M, Non-Taxable: 23329K, Alloc Tax Rate: 1.1x
[2026-04-03T03:17:49.190+0600][90.729s][info][gc          ] GC(138) Pause Init Mark (unload classes) 0.159ms
[2026-04-03T03:17:49.190+0600][90.729s][info][gc,start    ] GC(138) Concurrent marking roots
[2026-04-03T03:17:49.190+0600][90.729s][info][gc,task     ] GC(138) Using 3 of 6 workers for concurrent marking roots
[2026-04-03T03:17:49.191+0600][90.730s][info][gc          ] GC(138) Concurrent marking roots 0.966ms
[2026-04-03T03:17:49.191+0600][90.730s][info][gc,start    ] GC(138) Concurrent marking (unload classes)
[2026-04-03T03:17:49.191+0600][90.730s][info][gc,task     ] GC(138) Using 3 of 6 workers for concurrent marking
[2026-04-03T03:17:49.423+0600][90.961s][info][gc          ] GC(138) Concurrent marking (unload classes) 231.282ms
[2026-04-03T03:17:49.423+0600][90.961s][info][gc,start    ] GC(138) Pause Final Mark (unload classes)
[2026-04-03T03:17:49.423+0600][90.961s][info][gc,task     ] GC(138) Using 6 of 6 workers for final marking
[2026-04-03T03:17:49.424+0600][90.962s][info][gc,ergo     ] GC(138) Adaptive CSet Selection. Target Free: 106M, Actual Free: 224M, Max CSet: 32000K, Min Garbage: 0B
[2026-04-03T03:17:49.424+0600][90.962s][info][gc,ergo     ] GC(138) Collectable Garbage: 256M (96%), Immediate: 9472K (3%), CSet: 247M (93%)
[2026-04-03T03:17:49.424+0600][90.962s][info][gc,ergo     ] GC(138) Pacer for Evacuation. Used CSet: 261M, Free: 187M, Non-Taxable: 19208K, Alloc Tax Rate: 3.4x
[2026-04-03T03:17:49.424+0600][90.962s][info][gc          ] GC(138) Pause Final Mark (unload classes) 1.025ms
[2026-04-03T03:17:49.424+0600][90.963s][info][gc,start    ] GC(138) Concurrent thread roots
[2026-04-03T03:17:49.424+0600][90.963s][info][gc,task     ] GC(138) Using 3 of 6 workers for Concurrent thread roots
[2026-04-03T03:17:49.425+0600][90.963s][info][gc          ] GC(138) Concurrent thread roots 0.858ms
[2026-04-03T03:17:49.425+0600][90.964s][info][gc,start    ] GC(138) Concurrent weak references
[2026-04-03T03:17:49.425+0600][90.964s][info][gc,task     ] GC(138) Using 3 of 6 workers for concurrent weak references
[2026-04-03T03:17:49.425+0600][90.964s][info][gc,ref      ] GC(138) Encountered references: Soft: 3302, Weak: 6451, Final: 84, Phantom: 602
[2026-04-03T03:17:49.425+0600][90.964s][info][gc,ref      ] GC(138) Discovered  references: Soft: 0, Weak: 402, Final: 0, Phantom: 599
[2026-04-03T03:17:49.425+0600][90.964s][info][gc,ref      ] GC(138) Enqueued    references: Soft: 0, Weak: 1, Final: 0, Phantom: 0
[2026-04-03T03:17:49.426+0600][90.964s][info][gc          ] GC(138) Concurrent weak references 0.318ms
[2026-04-03T03:17:49.426+0600][90.964s][info][gc,start    ] GC(138) Concurrent weak roots
[2026-04-03T03:17:49.426+0600][90.964s][info][gc,task     ] GC(138) Using 3 of 6 workers for concurrent weak root
[2026-04-03T03:17:49.428+0600][90.966s][info][gc          ] GC(138) Concurrent weak roots 2.332ms
[2026-04-03T03:17:49.428+0600][90.966s][info][gc,start    ] GC(138) Concurrent cleanup
[2026-04-03T03:17:49.428+0600][90.967s][info][gc          ] GC(138) Concurrent cleanup 534M->524M(672M) 0.504ms
[2026-04-03T03:17:49.428+0600][90.967s][info][gc,ergo     ] GC(138) Free: 185M, Max: 256K regular, 56832K humongous, Frag: 70% external, 0% internal; Reserve: 38063K, Max: 256K
[2026-04-03T03:17:49.428+0600][90.967s][info][gc,start    ] GC(138) Concurrent class unloading
[2026-04-03T03:17:49.428+0600][90.967s][info][gc,task     ] GC(138) Using 3 of 6 workers for concurrent class unloading
[2026-04-03T03:17:49.435+0600][90.973s][info][gc          ] GC(138) Concurrent class unloading 6.388ms
[2026-04-03T03:17:49.435+0600][90.973s][info][gc,start    ] GC(138) Concurrent strong roots
[2026-04-03T03:17:49.435+0600][90.973s][info][gc,task     ] GC(138) Using 3 of 6 workers for concurrent strong root
[2026-04-03T03:17:49.436+0600][90.974s][info][gc          ] GC(138) Concurrent strong roots 0.905ms
[2026-04-03T03:17:49.436+0600][90.974s][info][gc,start    ] GC(138) Concurrent evacuation
[2026-04-03T03:17:49.436+0600][90.974s][info][gc,task     ] GC(138) Using 3 of 6 workers for concurrent evacuation
[2026-04-03T03:17:49.452+0600][90.991s][info][gc          ] GC(138) Concurrent evacuation 16.238ms
[2026-04-03T03:17:49.452+0600][90.991s][info][gc,start    ] GC(138) Pause Init Update Refs
[2026-04-03T03:17:49.453+0600][90.991s][info][gc,ergo     ] GC(138) Pacer for Update Refs. Used: 551M, Free: 172M, Non-Taxable: 17697K, Alloc Tax Rate: 3.9x
[2026-04-03T03:17:49.453+0600][90.991s][info][gc          ] GC(138) Pause Init Update Refs 0.217ms
[2026-04-03T03:17:49.453+0600][90.991s][info][gc,start    ] GC(138) Concurrent update references
[2026-04-03T03:17:49.453+0600][90.991s][info][gc,task     ] GC(138) Using 3 of 6 workers for concurrent reference update
[2026-04-03T03:17:49.582+0600][91.120s][info][gc          ] GC(138) Concurrent update references 128.762ms
[2026-04-03T03:17:49.582+0600][91.120s][info][gc,start    ] GC(138) Concurrent update thread roots
[2026-04-03T03:17:49.583+0600][91.121s][info][gc          ] GC(138) Concurrent update thread roots 1.044ms
[2026-04-03T03:17:49.583+0600][91.122s][info][gc,start    ] GC(138) Pause Final Update Refs
[2026-04-03T03:17:49.583+0600][91.122s][info][gc,task     ] GC(138) Using 6 of 6 workers for final reference update
[2026-04-03T03:17:49.583+0600][91.122s][info][gc          ] GC(138) Pause Final Update Refs 0.209ms
[2026-04-03T03:17:49.584+0600][91.122s][info][gc,start    ] GC(138) Concurrent cleanup
[2026-04-03T03:17:49.584+0600][91.122s][info][gc          ] GC(138) Concurrent cleanup 618M->357M(672M) 0.465ms
[2026-04-03T03:17:49.584+0600][91.123s][info][gc,ergo     ] Free: 352M, Max: 256K regular, 67328K humongous, Frag: 82% external, 0% internal; Reserve: 38400K, Max: 256K
[2026-04-03T03:17:49.584+0600][91.123s][info][gc,stats    ] 
[2026-04-03T03:17:49.584+0600][91.123s][info][gc,stats    ] All times are wall-clock times, except per-root-class counters, that are sum over
[2026-04-03T03:17:49.584+0600][91.123s][info][gc,stats    ] all workers. Dividing the <total> over the root stage time estimates parallelism.
[2026-04-03T03:17:49.584+0600][91.123s][info][gc,stats    ] 
[2026-04-03T03:17:49.584+0600][91.123s][info][gc,stats    ] Concurrent Reset                   1619 us
[2026-04-03T03:17:49.584+0600][91.123s][info][gc,stats    ] Pause Init Mark (G)                 535 us
[2026-04-03T03:17:49.584+0600][91.123s][info][gc,stats    ] Pause Init Mark (N)                 169 us
[2026-04-03T03:17:49.584+0600][91.123s][info][gc,stats    ]   Update Region States               40 us
[2026-04-03T03:17:49.584+0600][91.123s][info][gc,stats    ] Concurrent Mark Roots              1003 us, parallelism: 1.63x
[2026-04-03T03:17:49.584+0600][91.123s][info][gc,stats    ]   CMR: <total>                     1634 us
[2026-04-03T03:17:49.584+0600][91.123s][info][gc,stats    ]   CMR: Thread Roots                1422 us, workers (us): 370, 526, 526, ---, ---, ---, 
[2026-04-03T03:17:49.584+0600][91.123s][info][gc,stats    ]   CMR: VM Strong Roots               33 us, workers (us):  31,   1,   1, ---, ---, ---, 
[2026-04-03T03:17:49.584+0600][91.123s][info][gc,stats    ]   CMR: CLDG Roots                   178 us, workers (us): 178, ---, ---, ---, ---, ---, 
[2026-04-03T03:17:49.584+0600][91.123s][info][gc,stats    ] Concurrent Marking               231516 us
[2026-04-03T03:17:49.585+0600][91.123s][info][gc,stats    ] Pause Final Mark (G)               1340 us
[2026-04-03T03:17:49.585+0600][91.123s][info][gc,stats    ] Pause Final Mark (N)               1035 us
[2026-04-03T03:17:49.585+0600][91.123s][info][gc,stats    ]   Finish Mark                       304 us
[2026-04-03T03:17:49.585+0600][91.123s][info][gc,stats    ]   Update Region States               48 us
[2026-04-03T03:17:49.585+0600][91.123s][info][gc,stats    ]   Choose Collection Set             532 us
[2026-04-03T03:17:49.585+0600][91.123s][info][gc,stats    ]   Rebuild Free Set                   35 us
[2026-04-03T03:17:49.585+0600][91.123s][info][gc,stats    ] Concurrent Thread Roots             931 us, parallelism: 1.82x
[2026-04-03T03:17:49.585+0600][91.123s][info][gc,stats    ]   CTR: <total>                     1691 us
[2026-04-03T03:17:49.585+0600][91.123s][info][gc,stats    ]   CTR: Thread Roots                1691 us, workers (us): 578, 579, 534, ---, ---, ---, 
[2026-04-03T03:17:49.585+0600][91.123s][info][gc,stats    ] Concurrent Weak References          329 us, parallelism: 0.39x
[2026-04-03T03:17:49.585+0600][91.123s][info][gc,stats    ]   CWRF: <total>                     128 us
[2026-04-03T03:17:49.585+0600][91.123s][info][gc,stats    ]   CWRF: Weak References             128 us, workers (us):  73,  29,  27, ---, ---, ---, 
[2026-04-03T03:17:49.585+0600][91.123s][info][gc,stats    ] Concurrent Weak Roots              2391 us
[2026-04-03T03:17:49.585+0600][91.123s][info][gc,stats    ]   Roots                            2082 us, parallelism: 2.50x
[2026-04-03T03:17:49.585+0600][91.123s][info][gc,stats    ]     CWR: <total>                   5199 us
[2026-04-03T03:17:49.585+0600][91.123s][info][gc,stats    ]     CWR: Code Cache Roots          3544 us, workers (us): 1182, 1214, 1149, ---, ---, ---, 
[2026-04-03T03:17:49.585+0600][91.123s][info][gc,stats    ]     CWR: VM Weak Roots             1593 us, workers (us): 540, 535, 519, ---, ---, ---, 
[2026-04-03T03:17:49.585+0600][91.123s][info][gc,stats    ]     CWR: CLDG Roots                  61 us, workers (us): ---, ---,  61, ---, ---, ---, 
[2026-04-03T03:17:49.585+0600][91.123s][info][gc,stats    ]   Rendezvous                        228 us
[2026-04-03T03:17:49.585+0600][91.123s][info][gc,stats    ] Concurrent Cleanup                  522 us
[2026-04-03T03:17:49.585+0600][91.123s][info][gc,stats    ] Concurrent Class Unloading         6465 us
[2026-04-03T03:17:49.585+0600][91.123s][info][gc,stats    ]   Unlink Stale                     5947 us
[2026-04-03T03:17:49.585+0600][91.123s][info][gc,stats    ]     System Dictionary                86 us
[2026-04-03T03:17:49.585+0600][91.123s][info][gc,stats    ]     Weak Class Links                  0 us
[2026-04-03T03:17:49.585+0600][91.123s][info][gc,stats    ]     Code Roots                     5858 us
[2026-04-03T03:17:49.585+0600][91.123s][info][gc,stats    ]   Rendezvous                        268 us
[2026-04-03T03:17:49.585+0600][91.123s][info][gc,stats    ]   Purge Unlinked                    149 us
[2026-04-03T03:17:49.585+0600][91.123s][info][gc,stats    ]     Code Roots                      131 us
[2026-04-03T03:17:49.585+0600][91.123s][info][gc,stats    ]     CLDG                             18 us
[2026-04-03T03:17:49.585+0600][91.123s][info][gc,stats    ]     Exception Caches                  0 us
[2026-04-03T03:17:49.585+0600][91.123s][info][gc,stats    ] Concurrent Strong Roots             966 us, parallelism: 0.57x
[2026-04-03T03:17:49.585+0600][91.123s][info][gc,stats    ]   CSR: <total>                      547 us
[2026-04-03T03:17:49.585+0600][91.123s][info][gc,stats    ]   CSR: VM Strong Roots               36 us, workers (us):  32,   2,   2, ---, ---, ---, 
[2026-04-03T03:17:49.585+0600][91.123s][info][gc,stats    ]   CSR: CLDG Roots                   511 us, workers (us): 511, ---, ---, ---, ---, ---, 
[2026-04-03T03:17:49.585+0600][91.123s][info][gc,stats    ] Concurrent Evacuation             16343 us
[2026-04-03T03:17:49.585+0600][91.123s][info][gc,stats    ] Pause Init Update Refs (G)          647 us
[2026-04-03T03:17:49.585+0600][91.123s][info][gc,stats    ] Pause Init Update Refs (N)          289 us
[2026-04-03T03:17:49.585+0600][91.123s][info][gc,stats    ]   Manage GCLABs                      73 us
[2026-04-03T03:17:49.585+0600][91.123s][info][gc,stats    ] Concurrent Update Refs           128909 us
[2026-04-03T03:17:49.585+0600][91.123s][info][gc,stats    ] Concurrent Update Thread Roots     1145 us
[2026-04-03T03:17:49.585+0600][91.123s][info][gc,stats    ] Pause Final Update Refs (G)         647 us
[2026-04-03T03:17:49.585+0600][91.123s][info][gc,stats    ] Pause Final Update Refs (N)         222 us
[2026-04-03T03:17:49.585+0600][91.123s][info][gc,stats    ]   Update Region States               53 us
[2026-04-03T03:17:49.585+0600][91.123s][info][gc,stats    ]   Trash Collection Set               21 us
[2026-04-03T03:17:49.585+0600][91.123s][info][gc,stats    ]   Rebuild Free Set                   42 us
[2026-04-03T03:17:49.585+0600][91.123s][info][gc,stats    ] Concurrent Cleanup                  529 us
[2026-04-03T03:17:49.585+0600][91.123s][info][gc,stats    ] Pacing                           484008 us
[2026-04-03T03:17:49.585+0600][91.123s][info][gc,stats    ] 
[2026-04-03T03:17:49.585+0600][91.123s][info][gc,stats    ] Allocation pacing accrued:
[2026-04-03T03:17:49.585+0600][91.123s][info][gc,stats    ]      11 of   499 ms (  2.2%): RemoteBlock-temp-file-clean-thread
[2026-04-03T03:17:49.585+0600][91.123s][info][gc,stats    ]     158 of   499 ms ( 31.7%): Executor task launch worker for task 1.0 in stage 28.0 (TID 43)
[2026-04-03T03:17:49.585+0600][91.123s][info][gc,stats    ]     157 of   499 ms ( 31.4%): Executor task launch worker for task 2.0 in stage 28.0 (TID 44)
[2026-04-03T03:17:49.585+0600][91.124s][info][gc,stats    ]     158 of   499 ms ( 31.6%): Executor task launch worker for task 0.0 in stage 28.0 (TID 42)
[2026-04-03T03:17:49.585+0600][91.124s][info][gc,stats    ]     484 of   499 ms ( 97.0%): <total>
[2026-04-03T03:17:49.585+0600][91.124s][info][gc,stats    ]       3 of   499 ms (  0.5%): <average total>
[2026-04-03T03:17:49.585+0600][91.124s][info][gc,stats    ]     121 of   499 ms ( 24.2%): <average non-zero>
[2026-04-03T03:17:49.585+0600][91.124s][info][gc,stats    ] 
[2026-04-03T03:17:49.585+0600][91.124s][info][gc,metaspace] Metaspace: 73442K(74304K)->73442K(74304K) NonClass: 64138K(64576K)->64138K(64576K) Class: 9304K(9728K)->9304K(9728K)
[2026-04-03T03:17:49.585+0600][91.124s][info][gc,ergo     ] Pacer for Idle. Initial: 15360K, Alloc Tax Rate: 1.0x
[2026-04-03T03:17:49.647+0600][91.185s][info][gc          ] Trigger: Average GC time (442.08 ms) is above the time for average allocation rate (569 MB/s) to deplete free headroom (251M) (margin of error = 1.99)
[2026-04-03T03:17:49.647+0600][91.185s][info][gc,ergo     ] Free headroom: 288M (free) - 38400K (spike) - 0B (penalties) = 251M
[2026-04-03T03:17:49.647+0600][91.185s][info][gc,ergo     ] Free: 288M, Max: 256K regular, 67328K humongous, Frag: 78% external, 0% internal; Reserve: 38400K, Max: 256K
[2026-04-03T03:17:49.647+0600][91.185s][info][gc,start    ] GC(139) Concurrent reset
[2026-04-03T03:17:49.647+0600][91.185s][info][gc,task     ] GC(139) Using 3 of 6 workers for concurrent reset
[2026-04-03T03:17:49.647+0600][91.185s][info][gc,ergo     ] GC(139) Pacer for Reset. Non-Taxable: 750M
[2026-04-03T03:17:49.649+0600][91.187s][info][gc          ] GC(139) Concurrent reset 1.827ms
[2026-04-03T03:17:49.649+0600][91.187s][info][gc,start    ] GC(139) Pause Init Mark (unload classes)
[2026-04-03T03:17:49.649+0600][91.187s][info][gc,task     ] GC(139) Using 6 of 6 workers for init marking
[2026-04-03T03:17:49.649+0600][91.188s][info][gc,ergo     ] GC(139) Pacer for Mark. Expected Live: 213M, Free: 286M, Non-Taxable: 29320K, Alloc Tax Rate: 0.9x
[2026-04-03T03:17:49.649+0600][91.188s][info][gc          ] GC(139) Pause Init Mark (unload classes) 0.149ms
[2026-04-03T03:17:49.649+0600][91.188s][info][gc,start    ] GC(139) Concurrent marking roots
[2026-04-03T03:17:49.649+0600][91.188s][info][gc,task     ] GC(139) Using 3 of 6 workers for concurrent marking roots
[2026-04-03T03:17:49.650+0600][91.189s][info][gc          ] GC(139) Concurrent marking roots 0.928ms
[2026-04-03T03:17:49.650+0600][91.189s][info][gc,start    ] GC(139) Concurrent marking (unload classes)
[2026-04-03T03:17:49.650+0600][91.189s][info][gc,task     ] GC(139) Using 3 of 6 workers for concurrent marking
[2026-04-03T03:17:49.912+0600][91.450s][info][gc          ] GC(139) Concurrent marking (unload classes) 261.605ms
[2026-04-03T03:17:49.912+0600][91.450s][info][gc,start    ] GC(139) Pause Final Mark (unload classes)
[2026-04-03T03:17:49.912+0600][91.451s][info][gc,task     ] GC(139) Using 6 of 6 workers for final marking
[2026-04-03T03:17:49.913+0600][91.451s][info][gc,ergo     ] GC(139) Adaptive CSet Selection. Target Free: 106M, Actual Free: 263M, Max CSet: 32000K, Min Garbage: 0B
[2026-04-03T03:17:49.913+0600][91.452s][info][gc,ergo     ] GC(139) Collectable Garbage: 189M (95%), Immediate: 1024K (0%), CSet: 188M (94%)
[2026-04-03T03:17:49.913+0600][91.452s][info][gc,ergo     ] GC(139) Pacer for Evacuation. Used CSet: 201M, Free: 226M, Non-Taxable: 23202K, Alloc Tax Rate: 2.2x
[2026-04-03T03:17:49.913+0600][91.452s][info][gc          ] GC(139) Pause Final Mark (unload classes) 1.141ms
[2026-04-03T03:17:49.913+0600][91.452s][info][gc,start    ] GC(139) Concurrent thread roots
[2026-04-03T03:17:49.913+0600][91.452s][info][gc,task     ] GC(139) Using 3 of 6 workers for Concurrent thread roots
[2026-04-03T03:17:49.914+0600][91.453s][info][gc          ] GC(139) Concurrent thread roots 0.977ms
[2026-04-03T03:17:49.914+0600][91.453s][info][gc,start    ] GC(139) Concurrent weak references
[2026-04-03T03:17:49.914+0600][91.453s][info][gc,task     ] GC(139) Using 3 of 6 workers for concurrent weak references
[2026-04-03T03:17:49.915+0600][91.453s][info][gc,ref      ] GC(139) Encountered references: Soft: 3302, Weak: 6450, Final: 84, Phantom: 602
[2026-04-03T03:17:49.915+0600][91.453s][info][gc,ref      ] GC(139) Discovered  references: Soft: 0, Weak: 432, Final: 0, Phantom: 598
[2026-04-03T03:17:49.915+0600][91.453s][info][gc,ref      ] GC(139) Enqueued    references: Soft: 0, Weak: 0, Final: 0, Phantom: 0
[2026-04-03T03:17:49.915+0600][91.453s][info][gc          ] GC(139) Concurrent weak references 0.341ms
[2026-04-03T03:17:49.915+0600][91.453s][info][gc,start    ] GC(139) Concurrent weak roots
[2026-04-03T03:17:49.915+0600][91.453s][info][gc,task     ] GC(139) Using 3 of 6 workers for concurrent weak root
[2026-04-03T03:17:49.917+0600][91.456s][info][gc          ] GC(139) Concurrent weak roots 2.389ms
[2026-04-03T03:17:49.917+0600][91.456s][info][gc,start    ] GC(139) Concurrent cleanup
[2026-04-03T03:17:49.918+0600][91.456s][info][gc          ] GC(139) Concurrent cleanup 486M->485M(672M) 0.542ms
[2026-04-03T03:17:49.918+0600][91.456s][info][gc,ergo     ] GC(139) Free: 224M, Max: 256K regular, 67328K humongous, Frag: 71% external, 0% internal; Reserve: 38212K, Max: 256K
[2026-04-03T03:17:49.918+0600][91.456s][info][gc,start    ] GC(139) Concurrent class unloading
[2026-04-03T03:17:49.918+0600][91.456s][info][gc,task     ] GC(139) Using 3 of 6 workers for concurrent class unloading
[2026-04-03T03:17:49.925+0600][91.463s][info][gc          ] GC(139) Concurrent class unloading 6.781ms
[2026-04-03T03:17:49.925+0600][91.463s][info][gc,start    ] GC(139) Concurrent strong roots
[2026-04-03T03:17:49.925+0600][91.463s][info][gc,task     ] GC(139) Using 3 of 6 workers for concurrent strong root
[2026-04-03T03:17:49.925+0600][91.464s][info][gc          ] GC(139) Concurrent strong roots 0.724ms
[2026-04-03T03:17:49.925+0600][91.464s][info][gc,start    ] GC(139) Concurrent evacuation
[2026-04-03T03:17:49.925+0600][91.464s][info][gc,task     ] GC(139) Using 3 of 6 workers for concurrent evacuation
[2026-04-03T03:17:49.940+0600][91.478s][info][gc          ] GC(139) Concurrent evacuation 14.377ms
[2026-04-03T03:17:49.940+0600][91.479s][info][gc,start    ] GC(139) Pause Init Update Refs
[2026-04-03T03:17:49.940+0600][91.479s][info][gc,ergo     ] GC(139) Pacer for Update Refs. Used: 509M, Free: 213M, Non-Taxable: 21819K, Alloc Tax Rate: 2.9x
[2026-04-03T03:17:49.940+0600][91.479s][info][gc          ] GC(139) Pause Init Update Refs 0.157ms
[2026-04-03T03:17:49.940+0600][91.479s][info][gc,start    ] GC(139) Concurrent update references
[2026-04-03T03:17:49.940+0600][91.479s][info][gc,task     ] GC(139) Using 3 of 6 workers for concurrent reference update
[2026-04-03T03:17:50.086+0600][91.624s][info][gc          ] GC(139) Concurrent update references 145.003ms
[2026-04-03T03:17:50.086+0600][91.624s][info][gc,start    ] GC(139) Concurrent update thread roots
[2026-04-03T03:17:50.087+0600][91.625s][info][gc          ] GC(139) Concurrent update thread roots 1.312ms
[2026-04-03T03:17:50.087+0600][91.625s][info][gc,start    ] GC(139) Pause Final Update Refs
[2026-04-03T03:17:50.087+0600][91.625s][info][gc,task     ] GC(139) Using 6 of 6 workers for final reference update
[2026-04-03T03:17:50.087+0600][91.626s][info][gc          ] GC(139) Pause Final Update Refs 0.245ms
[2026-04-03T03:17:50.087+0600][91.626s][info][gc,start    ] GC(139) Concurrent cleanup
[2026-04-03T03:17:50.088+0600][91.626s][info][gc          ] GC(139) Concurrent cleanup 603M->402M(672M) 0.335ms
[2026-04-03T03:17:50.088+0600][91.626s][info][gc,ergo     ] Free: 307M, Max: 256K regular, 67328K humongous, Frag: 79% external, 0% internal; Reserve: 38400K, Max: 256K
[2026-04-03T03:17:50.088+0600][91.626s][info][gc,stats    ] 
[2026-04-03T03:17:50.088+0600][91.626s][info][gc,stats    ] All times are wall-clock times, except per-root-class counters, that are sum over
[2026-04-03T03:17:50.088+0600][91.626s][info][gc,stats    ] all workers. Dividing the <total> over the root stage time estimates parallelism.
[2026-04-03T03:17:50.088+0600][91.626s][info][gc,stats    ] 
[2026-04-03T03:17:50.088+0600][91.626s][info][gc,stats    ] Concurrent Reset                   1904 us
[2026-04-03T03:17:50.088+0600][91.626s][info][gc,stats    ] Pause Init Mark (G)                 431 us
[2026-04-03T03:17:50.088+0600][91.626s][info][gc,stats    ] Pause Init Mark (N)                 161 us
[2026-04-03T03:17:50.088+0600][91.626s][info][gc,stats    ]   Update Region States               37 us
[2026-04-03T03:17:50.088+0600][91.626s][info][gc,stats    ] Concurrent Mark Roots               964 us, parallelism: 1.84x
[2026-04-03T03:17:50.088+0600][91.626s][info][gc,stats    ]   CMR: <total>                     1777 us
[2026-04-03T03:17:50.088+0600][91.626s][info][gc,stats    ]   CMR: Thread Roots                1479 us, workers (us): 320, 582, 576, ---, ---, ---, 
[2026-04-03T03:17:50.088+0600][91.626s][info][gc,stats    ]   CMR: VM Strong Roots               37 us, workers (us):  19,  17,   1, ---, ---, ---, 
[2026-04-03T03:17:50.088+0600][91.626s][info][gc,stats    ]   CMR: CLDG Roots                   262 us, workers (us): 262, ---, ---, ---, ---, ---, 
[2026-04-03T03:17:50.088+0600][91.626s][info][gc,stats    ] Concurrent Marking               261691 us
[2026-04-03T03:17:50.088+0600][91.626s][info][gc,stats    ] Pause Final Mark (G)               1349 us
[2026-04-03T03:17:50.088+0600][91.627s][info][gc,stats    ] Pause Final Mark (N)               1155 us
[2026-04-03T03:17:50.088+0600][91.627s][info][gc,stats    ]   Finish Mark                       340 us
[2026-04-03T03:17:50.088+0600][91.627s][info][gc,stats    ]   Update Region States               54 us
[2026-04-03T03:17:50.088+0600][91.627s][info][gc,stats    ]   Choose Collection Set             586 us
[2026-04-03T03:17:50.088+0600][91.627s][info][gc,stats    ]   Rebuild Free Set                   34 us
[2026-04-03T03:17:50.088+0600][91.627s][info][gc,stats    ] Concurrent Thread Roots            1065 us, parallelism: 1.87x
[2026-04-03T03:17:50.088+0600][91.627s][info][gc,stats    ]   CTR: <total>                     1989 us
[2026-04-03T03:17:50.088+0600][91.627s][info][gc,stats    ]   CTR: Thread Roots                1989 us, workers (us): 721, 637, 630, ---, ---, ---, 
[2026-04-03T03:17:50.088+0600][91.627s][info][gc,stats    ] Concurrent Weak References          352 us, parallelism: 0.42x
[2026-04-03T03:17:50.088+0600][91.627s][info][gc,stats    ]   CWRF: <total>                     149 us
[2026-04-03T03:17:50.088+0600][91.627s][info][gc,stats    ]   CWRF: Weak References             149 us, workers (us): 147,   2,   0, ---, ---, ---, 
[2026-04-03T03:17:50.088+0600][91.627s][info][gc,stats    ] Concurrent Weak Roots              2454 us
[2026-04-03T03:17:50.088+0600][91.627s][info][gc,stats    ]   Roots                            2044 us, parallelism: 2.53x
[2026-04-03T03:17:50.088+0600][91.627s][info][gc,stats    ]     CWR: <total>                   5174 us
[2026-04-03T03:17:50.088+0600][91.627s][info][gc,stats    ]     CWR: Code Cache Roots          3486 us, workers (us): 1194, 1158, 1134, ---, ---, ---, 
[2026-04-03T03:17:50.088+0600][91.627s][info][gc,stats    ]     CWR: VM Weak Roots             1578 us, workers (us): 530, 530, 519, ---, ---, ---, 
[2026-04-03T03:17:50.088+0600][91.627s][info][gc,stats    ]     CWR: CLDG Roots                 110 us, workers (us): ---, ---, 110, ---, ---, ---, 
[2026-04-03T03:17:50.088+0600][91.627s][info][gc,stats    ]   Rendezvous                        313 us
[2026-04-03T03:17:50.088+0600][91.627s][info][gc,stats    ] Concurrent Cleanup                  557 us
[2026-04-03T03:17:50.088+0600][91.627s][info][gc,stats    ] Concurrent Class Unloading         6869 us
[2026-04-03T03:17:50.088+0600][91.627s][info][gc,stats    ]   Unlink Stale                     6341 us
[2026-04-03T03:17:50.088+0600][91.627s][info][gc,stats    ]     System Dictionary                95 us
[2026-04-03T03:17:50.088+0600][91.627s][info][gc,stats    ]     Weak Class Links                  0 us
[2026-04-03T03:17:50.088+0600][91.627s][info][gc,stats    ]     Code Roots                     6242 us
[2026-04-03T03:17:50.088+0600][91.627s][info][gc,stats    ]   Rendezvous                        389 us
[2026-04-03T03:17:50.088+0600][91.627s][info][gc,stats    ]   Purge Unlinked                     22 us
[2026-04-03T03:17:50.088+0600][91.627s][info][gc,stats    ]     Code Roots                        8 us
[2026-04-03T03:17:50.088+0600][91.627s][info][gc,stats    ]     CLDG                             13 us
[2026-04-03T03:17:50.088+0600][91.627s][info][gc,stats    ]     Exception Caches                  1 us
[2026-04-03T03:17:50.088+0600][91.627s][info][gc,stats    ] Concurrent Strong Roots             784 us, parallelism: 0.47x
[2026-04-03T03:17:50.088+0600][91.627s][info][gc,stats    ]   CSR: <total>                      369 us
[2026-04-03T03:17:50.088+0600][91.627s][info][gc,stats    ]   CSR: VM Strong Roots               45 us, workers (us):  22,  22,   2, ---, ---, ---, 
[2026-04-03T03:17:50.088+0600][91.627s][info][gc,stats    ]   CSR: CLDG Roots                   323 us, workers (us): 323, ---, ---, ---, ---, ---, 
[2026-04-03T03:17:50.088+0600][91.627s][info][gc,stats    ] Concurrent Evacuation             14515 us
[2026-04-03T03:17:50.088+0600][91.627s][info][gc,stats    ] Pause Init Update Refs (G)          478 us
[2026-04-03T03:17:50.088+0600][91.627s][info][gc,stats    ] Pause Init Update Refs (N)          175 us
[2026-04-03T03:17:50.089+0600][91.627s][info][gc,stats    ]   Manage GCLABs                      58 us
[2026-04-03T03:17:50.089+0600][91.627s][info][gc,stats    ] Concurrent Update Refs           145124 us
[2026-04-03T03:17:50.089+0600][91.627s][info][gc,stats    ] Concurrent Update Thread Roots     1373 us
[2026-04-03T03:17:50.089+0600][91.627s][info][gc,stats    ] Pause Final Update Refs (G)         496 us
[2026-04-03T03:17:50.089+0600][91.627s][info][gc,stats    ] Pause Final Update Refs (N)         269 us
[2026-04-03T03:17:50.089+0600][91.627s][info][gc,stats    ]   Update Region States              129 us
