[2026-04-03T03:26:50.045+0600][0.006s][info][gc] Heuristics ergonomically sets -XX:+ExplicitGCInvokesConcurrent
[2026-04-03T03:26:50.046+0600][0.006s][info][gc] Heuristics ergonomically sets -XX:+ShenandoahImplicitGCInvokesConcurrent
[2026-04-03T03:26:50.046+0600][0.006s][info][gc] Using Shenandoah
[2026-04-03T03:26:50.047+0600][0.007s][info][gc,ergo] Pacer for Idle. Initial: 25600K, Alloc Tax Rate: 1.0x
[2026-04-03T03:26:50.047+0600][0.008s][info][gc,init] Version: 21.0.10+7-Ubuntu-124.04 (release)
[2026-04-03T03:26:50.047+0600][0.008s][info][gc,init] CPUs: 12 total, 12 available
[2026-04-03T03:26:50.048+0600][0.008s][info][gc,init] Memory: 15683M
[2026-04-03T03:26:50.048+0600][0.008s][info][gc,init] Large Page Support: Disabled
[2026-04-03T03:26:50.048+0600][0.008s][info][gc,init] NUMA Support: Disabled
[2026-04-03T03:26:50.048+0600][0.008s][info][gc,init] Compressed Oops: Enabled (32-bit)
[2026-04-03T03:26:50.048+0600][0.008s][info][gc,init] Heap Min Capacity: 6656K
[2026-04-03T03:26:50.048+0600][0.008s][info][gc,init] Heap Initial Capacity: 251392K
[2026-04-03T03:26:50.048+0600][0.008s][info][gc,init] Heap Max Capacity: 1250M
[2026-04-03T03:26:50.048+0600][0.008s][info][gc,init] Pre-touch: Disabled
[2026-04-03T03:26:50.048+0600][0.008s][info][gc,init] Mode: Snapshot-At-The-Beginning (SATB)
[2026-04-03T03:26:50.048+0600][0.008s][info][gc,init] Heuristics: Adaptive
[2026-04-03T03:26:50.048+0600][0.008s][info][gc,init] Heap Region Count: 2500
[2026-04-03T03:26:50.048+0600][0.008s][info][gc,init] Heap Region Size: 512K
[2026-04-03T03:26:50.048+0600][0.008s][info][gc,init] TLAB Size Max: 512K
[2026-04-03T03:26:50.048+0600][0.008s][info][gc,init] Humongous Object Threshold: 512K
[2026-04-03T03:26:50.048+0600][0.008s][info][gc,init] Parallel Workers: 6
[2026-04-03T03:26:50.048+0600][0.008s][info][gc,init] Concurrent Workers: 3
[2026-04-03T03:26:50.058+0600][0.018s][info][gc,metaspace] CDS archive(s) mapped at: [0x0000717607000000-0x0000717607c9c000-0x0000717607c9c000), size 13221888, SharedBaseAddress: 0x0000717607000000, ArchiveRelocationMode: 1.
[2026-04-03T03:26:50.058+0600][0.018s][info][gc,metaspace] Compressed class space mapped at: 0x0000717608000000-0x0000717648000000, reserved size: 1073741824
[2026-04-03T03:26:50.058+0600][0.018s][info][gc,metaspace] Narrow klass base: 0x0000717607000000, Narrow klass shift: 0, Narrow klass range: 0x100000000
[2026-04-03T03:26:53.190+0600][3.150s][info][gc          ] Trigger: Learning 1 of 5. Free (874M) is below initial threshold (875M)
[2026-04-03T03:26:53.190+0600][3.150s][info][gc,ergo     ] Free: 874M, Max: 512K regular, 874M humongous, Frag: 0% external, 0% internal; Reserve: 64000K, Max: 512K
[2026-04-03T03:26:53.190+0600][3.150s][info][gc,start    ] GC(0) Concurrent reset
[2026-04-03T03:26:53.190+0600][3.150s][info][gc,task     ] GC(0) Using 3 of 6 workers for concurrent reset
[2026-04-03T03:26:53.190+0600][3.150s][info][gc,ergo     ] GC(0) Pacer for Reset. Non-Taxable: 1250M
[2026-04-03T03:26:53.190+0600][3.150s][info][gc          ] GC(0) Concurrent reset 0.793ms
[2026-04-03T03:26:53.191+0600][3.151s][info][gc,start    ] GC(0) Pause Init Mark (unload classes)
[2026-04-03T03:26:53.191+0600][3.151s][info][gc,task     ] GC(0) Using 6 of 6 workers for init marking
[2026-04-03T03:26:53.191+0600][3.151s][info][gc,ergo     ] GC(0) Pacer for Mark. Expected Live: 125M, Free: 874M, Non-Taxable: 89548K, Alloc Tax Rate: 0.2x
[2026-04-03T03:26:53.191+0600][3.151s][info][gc          ] GC(0) Pause Init Mark (unload classes) 0.664ms
[2026-04-03T03:26:53.191+0600][3.151s][info][gc,start    ] GC(0) Concurrent marking roots
[2026-04-03T03:26:53.191+0600][3.151s][info][gc,task     ] GC(0) Using 3 of 6 workers for concurrent marking roots
[2026-04-03T03:26:53.192+0600][3.152s][info][gc          ] GC(0) Concurrent marking roots 1.011ms
[2026-04-03T03:26:53.192+0600][3.152s][info][gc,start    ] GC(0) Concurrent marking (unload classes)
[2026-04-03T03:26:53.192+0600][3.152s][info][gc,task     ] GC(0) Using 3 of 6 workers for concurrent marking
[2026-04-03T03:26:53.200+0600][3.160s][info][gc          ] GC(0) Concurrent marking (unload classes) 7.575ms
[2026-04-03T03:26:53.200+0600][3.160s][info][gc,start    ] GC(0) Pause Final Mark (unload classes)
[2026-04-03T03:26:53.200+0600][3.160s][info][gc,task     ] GC(0) Using 6 of 6 workers for final marking
[2026-04-03T03:26:53.201+0600][3.161s][info][gc,ergo     ] GC(0) Adaptive CSet Selection. Target Free: 177M, Actual Free: 935M, Max CSet: 53333K, Min Garbage: 0B
[2026-04-03T03:26:53.201+0600][3.161s][info][gc,ergo     ] GC(0) Collectable Garbage: 297M (99%), Immediate: 0B (0%), CSet: 297M (99%)
[2026-04-03T03:26:53.201+0600][3.161s][info][gc,ergo     ] GC(0) Pacer for Evacuation. Used CSet: 304M, Free: 872M, Non-Taxable: 89344K, Alloc Tax Rate: 1.1x
[2026-04-03T03:26:53.201+0600][3.161s][info][gc          ] GC(0) Pause Final Mark (unload classes) 0.530ms
[2026-04-03T03:26:53.201+0600][3.161s][info][gc,start    ] GC(0) Concurrent thread roots
[2026-04-03T03:26:53.201+0600][3.161s][info][gc,task     ] GC(0) Using 3 of 6 workers for Concurrent thread roots
[2026-04-03T03:26:53.201+0600][3.161s][info][gc          ] GC(0) Concurrent thread roots 0.220ms
[2026-04-03T03:26:53.201+0600][3.161s][info][gc,start    ] GC(0) Concurrent weak references
[2026-04-03T03:26:53.201+0600][3.161s][info][gc,task     ] GC(0) Using 3 of 6 workers for concurrent weak references
[2026-04-03T03:26:53.201+0600][3.161s][info][gc,ref      ] GC(0) Encountered references: Soft: 268, Weak: 1068, Final: 0, Phantom: 311
[2026-04-03T03:26:53.201+0600][3.162s][info][gc,ref      ] GC(0) Discovered  references: Soft: 0, Weak: 817, Final: 0, Phantom: 115
[2026-04-03T03:26:53.201+0600][3.162s][info][gc,ref      ] GC(0) Enqueued    references: Soft: 0, Weak: 309, Final: 0, Phantom: 0
[2026-04-03T03:26:53.202+0600][3.162s][info][gc          ] GC(0) Concurrent weak references 0.383ms
[2026-04-03T03:26:53.202+0600][3.162s][info][gc,start    ] GC(0) Concurrent weak roots
[2026-04-03T03:26:53.202+0600][3.162s][info][gc,task     ] GC(0) Using 3 of 6 workers for concurrent weak root
[2026-04-03T03:26:53.202+0600][3.162s][info][gc          ] GC(0) Concurrent weak roots 0.833ms
[2026-04-03T03:26:53.202+0600][3.162s][info][gc,start    ] GC(0) Concurrent cleanup
[2026-04-03T03:26:53.203+0600][3.163s][info][gc          ] GC(0) Concurrent cleanup 314M->314M(316M) 0.130ms
[2026-04-03T03:26:53.203+0600][3.163s][info][gc,ergo     ] GC(0) Free: 872M, Max: 512K regular, 872M humongous, Frag: 0% external, 0% internal; Reserve: 63326K, Max: 512K
[2026-04-03T03:26:53.203+0600][3.163s][info][gc,start    ] GC(0) Concurrent class unloading
[2026-04-03T03:26:53.203+0600][3.163s][info][gc,task     ] GC(0) Using 3 of 6 workers for concurrent class unloading
[2026-04-03T03:26:53.204+0600][3.164s][info][gc          ] GC(0) Concurrent class unloading 1.831ms
[2026-04-03T03:26:53.204+0600][3.164s][info][gc,start    ] GC(0) Concurrent strong roots
[2026-04-03T03:26:53.204+0600][3.164s][info][gc,task     ] GC(0) Using 3 of 6 workers for concurrent strong root
[2026-04-03T03:26:53.205+0600][3.165s][info][gc          ] GC(0) Concurrent strong roots 0.992ms
[2026-04-03T03:26:53.205+0600][3.165s][info][gc,start    ] GC(0) Concurrent evacuation
[2026-04-03T03:26:53.205+0600][3.166s][info][gc,task     ] GC(0) Using 3 of 6 workers for concurrent evacuation
[2026-04-03T03:26:53.212+0600][3.172s][info][gc          ] GC(0) Concurrent evacuation 6.195ms
[2026-04-03T03:26:53.212+0600][3.172s][info][gc,start    ] GC(0) Pause Init Update Refs
[2026-04-03T03:26:53.212+0600][3.172s][info][gc,ergo     ] GC(0) Pacer for Update Refs. Used: 324M, Free: 870M, Non-Taxable: 89101K, Alloc Tax Rate: 1.1x
[2026-04-03T03:26:53.212+0600][3.172s][info][gc          ] GC(0) Pause Init Update Refs 0.086ms
[2026-04-03T03:26:53.212+0600][3.172s][info][gc,start    ] GC(0) Concurrent update references
[2026-04-03T03:26:53.212+0600][3.172s][info][gc,task     ] GC(0) Using 3 of 6 workers for concurrent reference update
[2026-04-03T03:26:53.216+0600][3.176s][info][gc          ] GC(0) Concurrent update references 3.718ms
[2026-04-03T03:26:53.216+0600][3.176s][info][gc,start    ] GC(0) Concurrent update thread roots
[2026-04-03T03:26:53.216+0600][3.176s][info][gc          ] GC(0) Concurrent update thread roots 0.331ms
[2026-04-03T03:26:53.216+0600][3.176s][info][gc,start    ] GC(0) Pause Final Update Refs
[2026-04-03T03:26:53.216+0600][3.176s][info][gc,task     ] GC(0) Using 6 of 6 workers for final reference update
[2026-04-03T03:26:53.217+0600][3.177s][info][gc          ] GC(0) Pause Final Update Refs 0.152ms
[2026-04-03T03:26:53.217+0600][3.177s][info][gc,start    ] GC(0) Concurrent cleanup
[2026-04-03T03:26:53.217+0600][3.177s][info][gc          ] GC(0) Concurrent cleanup 325M->21M(327M) 0.471ms
[2026-04-03T03:26:53.217+0600][3.177s][info][gc,ergo     ] Free: 1164M, Max: 512K regular, 860M humongous, Frag: 27% external, 0% internal; Reserve: 64000K, Max: 512K
[2026-04-03T03:26:53.217+0600][3.177s][info][gc,stats    ] 
[2026-04-03T03:26:53.217+0600][3.177s][info][gc,stats    ] All times are wall-clock times, except per-root-class counters, that are sum over
[2026-04-03T03:26:53.217+0600][3.177s][info][gc,stats    ] all workers. Dividing the <total> over the root stage time estimates parallelism.
[2026-04-03T03:26:53.217+0600][3.177s][info][gc,stats    ] 
[2026-04-03T03:26:53.217+0600][3.177s][info][gc,stats    ] Concurrent Reset                    813 us
[2026-04-03T03:26:53.217+0600][3.177s][info][gc,stats    ] Pause Init Mark (G)                 946 us
[2026-04-03T03:26:53.217+0600][3.177s][info][gc,stats    ] Pause Init Mark (N)                 678 us
[2026-04-03T03:26:53.217+0600][3.177s][info][gc,stats    ]   Update Region States               19 us
[2026-04-03T03:26:53.217+0600][3.177s][info][gc,stats    ] Concurrent Mark Roots              1037 us, parallelism: 1.80x
[2026-04-03T03:26:53.217+0600][3.177s][info][gc,stats    ]   CMR: <total>                     1863 us
[2026-04-03T03:26:53.217+0600][3.177s][info][gc,stats    ]   CMR: Thread Roots                1038 us, workers (us): 316, 721,   0, ---, ---, ---, 
[2026-04-03T03:26:53.217+0600][3.177s][info][gc,stats    ]   CMR: VM Strong Roots              352 us, workers (us): 203, 136,  13, ---, ---, ---, 
[2026-04-03T03:26:53.217+0600][3.177s][info][gc,stats    ]   CMR: CLDG Roots                   473 us, workers (us): ---, ---, 473, ---, ---, ---, 
[2026-04-03T03:26:53.217+0600][3.177s][info][gc,stats    ] Concurrent Marking                 7661 us
[2026-04-03T03:26:53.217+0600][3.177s][info][gc,stats    ] Pause Final Mark (G)                775 us
[2026-04-03T03:26:53.217+0600][3.177s][info][gc,stats    ] Pause Final Mark (N)                538 us
[2026-04-03T03:26:53.217+0600][3.177s][info][gc,stats    ]   Finish Mark                       168 us
[2026-04-03T03:26:53.217+0600][3.177s][info][gc,stats    ]   Update Region States               33 us
[2026-04-03T03:26:53.217+0600][3.177s][info][gc,stats    ]   Choose Collection Set             211 us
[2026-04-03T03:26:53.217+0600][3.177s][info][gc,stats    ]   Rebuild Free Set                   22 us
[2026-04-03T03:26:53.217+0600][3.177s][info][gc,stats    ] Concurrent Thread Roots             240 us, parallelism: 0.98x
[2026-04-03T03:26:53.217+0600][3.177s][info][gc,stats    ]   CTR: <total>                      235 us
[2026-04-03T03:26:53.217+0600][3.177s][info][gc,stats    ]   CTR: Thread Roots                 235 us, workers (us): 143,  60,  31, ---, ---, ---, 
[2026-04-03T03:26:53.217+0600][3.177s][info][gc,stats    ] Concurrent Weak References          392 us, parallelism: 0.80x
[2026-04-03T03:26:53.217+0600][3.177s][info][gc,stats    ]   CWRF: <total>                     312 us
[2026-04-03T03:26:53.217+0600][3.177s][info][gc,stats    ]   CWRF: Weak References             312 us, workers (us):  50, 262,   0, ---, ---, ---, 
[2026-04-03T03:26:53.217+0600][3.177s][info][gc,stats    ] Concurrent Weak Roots               862 us
[2026-04-03T03:26:53.217+0600][3.177s][info][gc,stats    ]   Roots                             709 us, parallelism: 2.30x
[2026-04-03T03:26:53.217+0600][3.177s][info][gc,stats    ]     CWR: <total>                   1635 us
[2026-04-03T03:26:53.217+0600][3.177s][info][gc,stats    ]     CWR: Code Cache Roots           522 us, workers (us): 229, 118, 175, ---, ---, ---, 
[2026-04-03T03:26:53.217+0600][3.177s][info][gc,stats    ]     CWR: VM Weak Roots             1105 us, workers (us): 380, 395, 330, ---, ---, ---, 
[2026-04-03T03:26:53.217+0600][3.177s][info][gc,stats    ]     CWR: CLDG Roots                   8 us, workers (us): ---, ---,   8, ---, ---, ---, 
[2026-04-03T03:26:53.217+0600][3.177s][info][gc,stats    ]   Rendezvous                        104 us
[2026-04-03T03:26:53.217+0600][3.177s][info][gc,stats    ] Concurrent Cleanup                  141 us
[2026-04-03T03:26:53.217+0600][3.177s][info][gc,stats    ] Concurrent Class Unloading         1885 us
[2026-04-03T03:26:53.217+0600][3.177s][info][gc,stats    ]   Unlink Stale                     1095 us
[2026-04-03T03:26:53.217+0600][3.177s][info][gc,stats    ]     System Dictionary                 9 us
[2026-04-03T03:26:53.217+0600][3.177s][info][gc,stats    ]     Weak Class Links                  0 us
[2026-04-03T03:26:53.217+0600][3.177s][info][gc,stats    ]     Code Roots                     1083 us
[2026-04-03T03:26:53.217+0600][3.177s][info][gc,stats    ]   Rendezvous                        280 us
[2026-04-03T03:26:53.217+0600][3.177s][info][gc,stats    ]   Purge Unlinked                    434 us
[2026-04-03T03:26:53.217+0600][3.177s][info][gc,stats    ]     Code Roots                      422 us
[2026-04-03T03:26:53.217+0600][3.177s][info][gc,stats    ]     CLDG                             12 us
[2026-04-03T03:26:53.217+0600][3.177s][info][gc,stats    ]     Exception Caches                  0 us
[2026-04-03T03:26:53.217+0600][3.177s][info][gc,stats    ] Concurrent Strong Roots            1036 us, parallelism: 0.80x
[2026-04-03T03:26:53.217+0600][3.177s][info][gc,stats    ]   CSR: <total>                      830 us
[2026-04-03T03:26:53.217+0600][3.177s][info][gc,stats    ]   CSR: VM Strong Roots               15 us, workers (us):  10,   5,   0, ---, ---, ---, 
[2026-04-03T03:26:53.217+0600][3.177s][info][gc,stats    ]   CSR: CLDG Roots                   815 us, workers (us): 815, ---, ---, ---, ---, ---, 
[2026-04-03T03:26:53.217+0600][3.177s][info][gc,stats    ] Concurrent Evacuation              6278 us
[2026-04-03T03:26:53.217+0600][3.177s][info][gc,stats    ] Pause Init Update Refs (G)          312 us
[2026-04-03T03:26:53.217+0600][3.177s][info][gc,stats    ] Pause Init Update Refs (N)           97 us
[2026-04-03T03:26:53.217+0600][3.177s][info][gc,stats    ]   Manage GCLABs                       6 us
[2026-04-03T03:26:53.217+0600][3.177s][info][gc,stats    ] Concurrent Update Refs             3882 us
[2026-04-03T03:26:53.217+0600][3.177s][info][gc,stats    ] Concurrent Update Thread Roots      344 us
[2026-04-03T03:26:53.217+0600][3.177s][info][gc,stats    ] Pause Final Update Refs (G)         283 us
[2026-04-03T03:26:53.217+0600][3.177s][info][gc,stats    ] Pause Final Update Refs (N)         168 us
[2026-04-03T03:26:53.217+0600][3.177s][info][gc,stats    ]   Update Region States               35 us
[2026-04-03T03:26:53.217+0600][3.177s][info][gc,stats    ]   Trash Collection Set               18 us
[2026-04-03T03:26:53.217+0600][3.177s][info][gc,stats    ]   Rebuild Free Set                   21 us
[2026-04-03T03:26:53.217+0600][3.177s][info][gc,stats    ] Concurrent Cleanup                  482 us
[2026-04-03T03:26:53.217+0600][3.177s][info][gc,stats    ] 
[2026-04-03T03:26:53.217+0600][3.177s][info][gc,stats    ] Allocation pacing accrued:
[2026-04-03T03:26:53.217+0600][3.178s][info][gc,stats    ]       0 of  3170 ms (  0.0%): <total>
[2026-04-03T03:26:53.217+0600][3.178s][info][gc,stats    ]       0 of  3170 ms (  0.0%): <average total>
[2026-04-03T03:26:53.217+0600][3.178s][info][gc,stats    ] 
[2026-04-03T03:26:53.218+0600][3.178s][info][gc,metaspace] Metaspace: 14856K(15104K)->14956K(15232K) NonClass: 13017K(13184K)->13085K(13248K) Class: 1839K(1920K)->1871K(1984K)
[2026-04-03T03:26:53.218+0600][3.178s][info][gc,ergo     ] Pacer for Idle. Initial: 25600K, Alloc Tax Rate: 1.0x
[2026-04-03T03:26:54.520+0600][4.480s][info][gc          ] Trigger: Metadata GC Threshold
[2026-04-03T03:26:54.520+0600][4.480s][info][gc,ergo     ] Free: 1082M, Max: 512K regular, 860M humongous, Frag: 21% external, 0% internal; Reserve: 64000K, Max: 512K
[2026-04-03T03:26:54.520+0600][4.480s][info][gc,start    ] GC(1) Concurrent reset
[2026-04-03T03:26:54.520+0600][4.480s][info][gc,task     ] GC(1) Using 3 of 6 workers for concurrent reset
[2026-04-03T03:26:54.520+0600][4.480s][info][gc,ergo     ] GC(1) Pacer for Reset. Non-Taxable: 1250M
[2026-04-03T03:26:54.528+0600][4.488s][info][gc          ] GC(1) Concurrent reset 7.884ms
[2026-04-03T03:26:54.528+0600][4.488s][info][gc,start    ] GC(1) Pause Init Mark (unload classes)
[2026-04-03T03:26:54.528+0600][4.488s][info][gc,task     ] GC(1) Using 6 of 6 workers for init marking
[2026-04-03T03:26:54.528+0600][4.488s][info][gc,ergo     ] GC(1) Pacer for Mark. Expected Live: 14011K, Free: 1082M, Non-Taxable: 108M, Alloc Tax Rate: 0.0x
[2026-04-03T03:26:54.528+0600][4.488s][info][gc          ] GC(1) Pause Init Mark (unload classes) 0.145ms
[2026-04-03T03:26:54.528+0600][4.488s][info][gc,start    ] GC(1) Concurrent marking roots
[2026-04-03T03:26:54.529+0600][4.489s][info][gc,task     ] GC(1) Using 3 of 6 workers for concurrent marking roots
[2026-04-03T03:26:54.529+0600][4.489s][info][gc          ] GC(1) Concurrent marking roots 0.679ms
[2026-04-03T03:26:54.529+0600][4.489s][info][gc,start    ] GC(1) Concurrent marking (unload classes)
[2026-04-03T03:26:54.529+0600][4.489s][info][gc,task     ] GC(1) Using 3 of 6 workers for concurrent marking
[2026-04-03T03:26:54.537+0600][4.497s][info][gc          ] GC(1) Concurrent marking (unload classes) 8.133ms
[2026-04-03T03:26:54.538+0600][4.498s][info][gc,start    ] GC(1) Pause Final Mark (unload classes)
[2026-04-03T03:26:54.538+0600][4.498s][info][gc,task     ] GC(1) Using 6 of 6 workers for final marking
[2026-04-03T03:26:54.538+0600][4.498s][info][gc,ergo     ] GC(1) Adaptive CSet Selection. Target Free: 177M, Actual Free: 1144M, Max CSet: 53333K, Min Garbage: 0B
[2026-04-03T03:26:54.538+0600][4.498s][info][gc,ergo     ] GC(1) Collectable Garbage: 85688K (98%), Immediate: 512K (0%), CSet: 85176K (98%)
[2026-04-03T03:26:54.538+0600][4.498s][info][gc,ergo     ] GC(1) Pacer for Evacuation. Used CSet: 91642K, Free: 1081M, Non-Taxable: 108M, Alloc Tax Rate: 1.1x
[2026-04-03T03:26:54.538+0600][4.498s][info][gc          ] GC(1) Pause Final Mark (unload classes) 0.579ms
[2026-04-03T03:26:54.538+0600][4.498s][info][gc,start    ] GC(1) Concurrent thread roots
[2026-04-03T03:26:54.538+0600][4.498s][info][gc,task     ] GC(1) Using 3 of 6 workers for Concurrent thread roots
[2026-04-03T03:26:54.539+0600][4.499s][info][gc          ] GC(1) Concurrent thread roots 0.554ms
[2026-04-03T03:26:54.539+0600][4.499s][info][gc,start    ] GC(1) Concurrent weak references
[2026-04-03T03:26:54.539+0600][4.499s][info][gc,task     ] GC(1) Using 3 of 6 workers for concurrent weak references
[2026-04-03T03:26:54.539+0600][4.499s][info][gc,ref      ] GC(1) Encountered references: Soft: 3725, Weak: 1943, Final: 0, Phantom: 563
[2026-04-03T03:26:54.539+0600][4.499s][info][gc,ref      ] GC(1) Discovered  references: Soft: 0, Weak: 1306, Final: 0, Phantom: 192
[2026-04-03T03:26:54.539+0600][4.499s][info][gc,ref      ] GC(1) Enqueued    references: Soft: 0, Weak: 386, Final: 0, Phantom: 0
[2026-04-03T03:26:54.539+0600][4.500s][info][gc          ] GC(1) Concurrent weak references 0.537ms
[2026-04-03T03:26:54.539+0600][4.500s][info][gc,start    ] GC(1) Concurrent weak roots
[2026-04-03T03:26:54.540+0600][4.500s][info][gc,task     ] GC(1) Using 3 of 6 workers for concurrent weak root
[2026-04-03T03:26:54.541+0600][4.501s][info][gc          ] GC(1) Concurrent weak roots 1.095ms
[2026-04-03T03:26:54.541+0600][4.501s][info][gc,start    ] GC(1) Concurrent cleanup
[2026-04-03T03:26:54.541+0600][4.501s][info][gc          ] GC(1) Concurrent cleanup 105M->104M(327M) 0.151ms
[2026-04-03T03:26:54.541+0600][4.501s][info][gc,ergo     ] GC(1) Free: 1081M, Max: 512K regular, 860M humongous, Frag: 21% external, 0% internal; Reserve: 63735K, Max: 512K
[2026-04-03T03:26:54.541+0600][4.501s][info][gc,start    ] GC(1) Concurrent class unloading
[2026-04-03T03:26:54.541+0600][4.501s][info][gc,task     ] GC(1) Using 3 of 6 workers for concurrent class unloading
[2026-04-03T03:26:54.544+0600][4.504s][info][gc          ] GC(1) Concurrent class unloading 2.687ms
[2026-04-03T03:26:54.544+0600][4.504s][info][gc,start    ] GC(1) Concurrent strong roots
[2026-04-03T03:26:54.544+0600][4.504s][info][gc,task     ] GC(1) Using 3 of 6 workers for concurrent strong root
[2026-04-03T03:26:54.545+0600][4.505s][info][gc          ] GC(1) Concurrent strong roots 0.942ms
[2026-04-03T03:26:54.545+0600][4.505s][info][gc,start    ] GC(1) Concurrent evacuation
[2026-04-03T03:26:54.545+0600][4.505s][info][gc,task     ] GC(1) Using 3 of 6 workers for concurrent evacuation
[2026-04-03T03:26:54.549+0600][4.509s][info][gc          ] GC(1) Concurrent evacuation 4.326ms
[2026-04-03T03:26:54.551+0600][4.511s][info][gc,start    ] GC(1) Pause Init Update Refs
[2026-04-03T03:26:54.551+0600][4.511s][info][gc,ergo     ] GC(1) Pacer for Update Refs. Used: 112M, Free: 1080M, Non-Taxable: 108M, Alloc Tax Rate: 1.1x
[2026-04-03T03:26:54.551+0600][4.511s][info][gc          ] GC(1) Pause Init Update Refs 0.083ms
[2026-04-03T03:26:54.551+0600][4.511s][info][gc,start    ] GC(1) Concurrent update references
[2026-04-03T03:26:54.551+0600][4.511s][info][gc,task     ] GC(1) Using 3 of 6 workers for concurrent reference update
[2026-04-03T03:26:54.556+0600][4.516s][info][gc          ] GC(1) Concurrent update references 4.511ms
[2026-04-03T03:26:54.556+0600][4.516s][info][gc,start    ] GC(1) Concurrent update thread roots
[2026-04-03T03:26:54.556+0600][4.516s][info][gc          ] GC(1) Concurrent update thread roots 0.413ms
[2026-04-03T03:26:54.557+0600][4.517s][info][gc,start    ] GC(1) Pause Final Update Refs
[2026-04-03T03:26:54.557+0600][4.517s][info][gc,task     ] GC(1) Using 6 of 6 workers for final reference update
[2026-04-03T03:26:54.557+0600][4.517s][info][gc          ] GC(1) Pause Final Update Refs 0.129ms
[2026-04-03T03:26:54.557+0600][4.517s][info][gc,start    ] GC(1) Concurrent cleanup
[2026-04-03T03:26:54.558+0600][4.518s][info][gc          ] GC(1) Concurrent cleanup 112M->23M(335M) 0.210ms
[2026-04-03T03:26:54.558+0600][4.518s][info][gc,ergo     ] Free: 1162M, Max: 512K regular, 886M humongous, Frag: 24% external, 0% internal; Reserve: 64000K, Max: 512K
[2026-04-03T03:26:54.558+0600][4.518s][info][gc,stats    ] 
[2026-04-03T03:26:54.558+0600][4.518s][info][gc,stats    ] All times are wall-clock times, except per-root-class counters, that are sum over
[2026-04-03T03:26:54.558+0600][4.518s][info][gc,stats    ] all workers. Dividing the <total> over the root stage time estimates parallelism.
[2026-04-03T03:26:54.558+0600][4.518s][info][gc,stats    ] 
[2026-04-03T03:26:54.558+0600][4.518s][info][gc,stats    ] Concurrent Reset                   7949 us
[2026-04-03T03:26:54.558+0600][4.518s][info][gc,stats    ] Pause Init Mark (G)                 509 us
[2026-04-03T03:26:54.558+0600][4.518s][info][gc,stats    ] Pause Init Mark (N)                 154 us
[2026-04-03T03:26:54.558+0600][4.518s][info][gc,stats    ]   Update Region States               31 us
[2026-04-03T03:26:54.558+0600][4.518s][info][gc,stats    ] Concurrent Mark Roots               713 us, parallelism: 1.12x
[2026-04-03T03:26:54.558+0600][4.518s][info][gc,stats    ]   CMR: <total>                      797 us
[2026-04-03T03:26:54.558+0600][4.518s][info][gc,stats    ]   CMR: Thread Roots                 503 us, workers (us):  80, 422,   0, ---, ---, ---, 
[2026-04-03T03:26:54.558+0600][4.518s][info][gc,stats    ]   CMR: VM Strong Roots               78 us, workers (us):  68,   5,   5, ---, ---, ---, 
[2026-04-03T03:26:54.558+0600][4.518s][info][gc,stats    ]   CMR: CLDG Roots                   216 us, workers (us): ---, ---, 216, ---, ---, ---, 
[2026-04-03T03:26:54.558+0600][4.518s][info][gc,stats    ] Concurrent Marking                 8209 us
[2026-04-03T03:26:54.558+0600][4.518s][info][gc,stats    ] Pause Final Mark (G)                983 us
[2026-04-03T03:26:54.558+0600][4.518s][info][gc,stats    ] Pause Final Mark (N)                590 us
[2026-04-03T03:26:54.558+0600][4.518s][info][gc,stats    ]   Finish Mark                       268 us
[2026-04-03T03:26:54.558+0600][4.518s][info][gc,stats    ]   Update Region States               33 us
[2026-04-03T03:26:54.558+0600][4.518s][info][gc,stats    ]   Choose Collection Set             132 us
[2026-04-03T03:26:54.558+0600][4.518s][info][gc,stats    ]   Rebuild Free Set                   29 us
[2026-04-03T03:26:54.558+0600][4.518s][info][gc,stats    ] Concurrent Thread Roots             585 us, parallelism: 0.57x
[2026-04-03T03:26:54.558+0600][4.518s][info][gc,stats    ]   CTR: <total>                      336 us
[2026-04-03T03:26:54.558+0600][4.518s][info][gc,stats    ]   CTR: Thread Roots                 336 us, workers (us): 269,  58,   9, ---, ---, ---, 
[2026-04-03T03:26:54.558+0600][4.518s][info][gc,stats    ] Concurrent Weak References          549 us, parallelism: 0.72x
[2026-04-03T03:26:54.558+0600][4.518s][info][gc,stats    ]   CWRF: <total>                     395 us
[2026-04-03T03:26:54.558+0600][4.518s][info][gc,stats    ]   CWRF: Weak References             395 us, workers (us):  70, 317,   8, ---, ---, ---, 
[2026-04-03T03:26:54.558+0600][4.518s][info][gc,stats    ] Concurrent Weak Roots              1156 us
[2026-04-03T03:26:54.558+0600][4.518s][info][gc,stats    ]   Roots                             935 us, parallelism: 2.23x
[2026-04-03T03:26:54.558+0600][4.518s][info][gc,stats    ]     CWR: <total>                   2086 us
[2026-04-03T03:26:54.558+0600][4.518s][info][gc,stats    ]     CWR: Code Cache Roots           853 us, workers (us): 344, 214, 295, ---, ---, ---, 
[2026-04-03T03:26:54.558+0600][4.518s][info][gc,stats    ]     CWR: VM Weak Roots             1214 us, workers (us): 443, 407, 364, ---, ---, ---, 
[2026-04-03T03:26:54.558+0600][4.518s][info][gc,stats    ]     CWR: CLDG Roots                  19 us, workers (us): ---,  19, ---, ---, ---, ---, 
[2026-04-03T03:26:54.558+0600][4.518s][info][gc,stats    ]   Rendezvous                        138 us
[2026-04-03T03:26:54.558+0600][4.518s][info][gc,stats    ] Concurrent Cleanup                  169 us
[2026-04-03T03:26:54.558+0600][4.518s][info][gc,stats    ] Concurrent Class Unloading         2742 us
[2026-04-03T03:26:54.558+0600][4.518s][info][gc,stats    ]   Unlink Stale                     1850 us
[2026-04-03T03:26:54.558+0600][4.518s][info][gc,stats    ]     System Dictionary                20 us
[2026-04-03T03:26:54.558+0600][4.518s][info][gc,stats    ]     Weak Class Links                  0 us
[2026-04-03T03:26:54.558+0600][4.518s][info][gc,stats    ]     Code Roots                     1827 us
[2026-04-03T03:26:54.558+0600][4.518s][info][gc,stats    ]   Rendezvous                        250 us
[2026-04-03T03:26:54.558+0600][4.518s][info][gc,stats    ]   Purge Unlinked                    555 us
[2026-04-03T03:26:54.558+0600][4.518s][info][gc,stats    ]     Code Roots                      545 us
[2026-04-03T03:26:54.558+0600][4.518s][info][gc,stats    ]     CLDG                             10 us
[2026-04-03T03:26:54.558+0600][4.518s][info][gc,stats    ]     Exception Caches                  0 us
[2026-04-03T03:26:54.558+0600][4.518s][info][gc,stats    ] Concurrent Strong Roots             982 us, parallelism: 0.81x
[2026-04-03T03:26:54.558+0600][4.518s][info][gc,stats    ]   CSR: <total>                      796 us
[2026-04-03T03:26:54.558+0600][4.518s][info][gc,stats    ]   CSR: VM Strong Roots               26 us, workers (us):  26,   0,   0, ---, ---, ---, 
[2026-04-03T03:26:54.558+0600][4.518s][info][gc,stats    ]   CSR: CLDG Roots                   770 us, workers (us): 770, ---, ---, ---, ---, ---, 
[2026-04-03T03:26:54.558+0600][4.518s][info][gc,stats    ] Concurrent Evacuation              4392 us
[2026-04-03T03:26:54.558+0600][4.518s][info][gc,stats    ] Pause Init Update Refs (G)         2411 us
[2026-04-03T03:26:54.558+0600][4.518s][info][gc,stats    ] Pause Init Update Refs (N)           92 us
[2026-04-03T03:26:54.558+0600][4.518s][info][gc,stats    ]   Manage GCLABs                       6 us
[2026-04-03T03:26:54.558+0600][4.518s][info][gc,stats    ] Concurrent Update Refs             4577 us
[2026-04-03T03:26:54.558+0600][4.518s][info][gc,stats    ] Concurrent Update Thread Roots      480 us
[2026-04-03T03:26:54.558+0600][4.518s][info][gc,stats    ] Pause Final Update Refs (G)         926 us
[2026-04-03T03:26:54.558+0600][4.518s][info][gc,stats    ] Pause Final Update Refs (N)         140 us
[2026-04-03T03:26:54.558+0600][4.518s][info][gc,stats    ]   Update Region States               27 us
[2026-04-03T03:26:54.558+0600][4.518s][info][gc,stats    ]   Trash Collection Set                6 us
[2026-04-03T03:26:54.558+0600][4.518s][info][gc,stats    ]   Rebuild Free Set                   22 us
[2026-04-03T03:26:54.558+0600][4.518s][info][gc,stats    ] Concurrent Cleanup                  232 us
[2026-04-03T03:26:54.558+0600][4.518s][info][gc,stats    ] 
[2026-04-03T03:26:54.558+0600][4.518s][info][gc,stats    ] Allocation pacing accrued:
[2026-04-03T03:26:54.558+0600][4.518s][info][gc,stats    ]       0 of  1341 ms (  0.0%): <total>
[2026-04-03T03:26:54.558+0600][4.518s][info][gc,stats    ]       0 of  1341 ms (  0.0%): <average total>
[2026-04-03T03:26:54.558+0600][4.518s][info][gc,stats    ] 
[2026-04-03T03:26:54.558+0600][4.518s][info][gc,metaspace] Metaspace: 25093K(25472K)->25429K(25728K) NonClass: 21924K(22144K)->22224K(22400K) Class: 3169K(3328K)->3204K(3328K)
[2026-04-03T03:26:54.558+0600][4.518s][info][gc,ergo     ] Pacer for Idle. Initial: 25600K, Alloc Tax Rate: 1.0x
[2026-04-03T03:26:58.592+0600][8.552s][info][gc          ] Trigger: Metadata GC Threshold
[2026-04-03T03:26:58.592+0600][8.552s][info][gc,ergo     ] Free: 1012M, Max: 512K regular, 886M humongous, Frag: 13% external, 0% internal; Reserve: 64000K, Max: 512K
[2026-04-03T03:26:58.592+0600][8.552s][info][gc,start    ] GC(2) Concurrent reset
[2026-04-03T03:26:58.592+0600][8.552s][info][gc,task     ] GC(2) Using 3 of 6 workers for concurrent reset
[2026-04-03T03:26:58.592+0600][8.552s][info][gc,ergo     ] GC(2) Pacer for Reset. Non-Taxable: 1250M
[2026-04-03T03:26:58.593+0600][8.553s][info][gc          ] GC(2) Concurrent reset 0.896ms
[2026-04-03T03:26:58.615+0600][8.575s][info][gc,start    ] GC(2) Pause Init Mark (unload classes)
[2026-04-03T03:26:58.615+0600][8.575s][info][gc,task     ] GC(2) Using 6 of 6 workers for init marking
[2026-04-03T03:26:58.615+0600][8.575s][info][gc,ergo     ] GC(2) Pacer for Mark. Expected Live: 16703K, Free: 1008M, Non-Taxable: 100M, Alloc Tax Rate: 0.0x
[2026-04-03T03:26:58.615+0600][8.575s][info][gc          ] GC(2) Pause Init Mark (unload classes) 0.100ms
[2026-04-03T03:26:58.615+0600][8.575s][info][gc,start    ] GC(2) Concurrent marking roots
[2026-04-03T03:26:58.615+0600][8.575s][info][gc,task     ] GC(2) Using 3 of 6 workers for concurrent marking roots
[2026-04-03T03:26:58.617+0600][8.577s][info][gc          ] GC(2) Concurrent marking roots 1.539ms
[2026-04-03T03:26:58.617+0600][8.577s][info][gc,start    ] GC(2) Concurrent marking (unload classes)
[2026-04-03T03:26:58.617+0600][8.577s][info][gc,task     ] GC(2) Using 3 of 6 workers for concurrent marking
[2026-04-03T03:26:58.625+0600][8.585s][info][gc          ] GC(2) Concurrent marking (unload classes) 8.434ms
[2026-04-03T03:26:58.625+0600][8.585s][info][gc,start    ] GC(2) Pause Final Mark (unload classes)
[2026-04-03T03:26:58.626+0600][8.586s][info][gc,task     ] GC(2) Using 6 of 6 workers for final marking
[2026-04-03T03:26:58.626+0600][8.586s][info][gc,ergo     ] GC(2) Adaptive CSet Selection. Target Free: 177M, Actual Free: 1085M, Max CSet: 53333K, Min Garbage: 0B
[2026-04-03T03:26:58.626+0600][8.586s][info][gc,ergo     ] GC(2) Collectable Garbage: 144M (99%), Immediate: 18042K (12%), CSet: 126M (87%)
[2026-04-03T03:26:58.626+0600][8.586s][info][gc,ergo     ] GC(2) Pacer for Evacuation. Used CSet: 132M, Free: 1030M, Non-Taxable: 103M, Alloc Tax Rate: 1.1x
[2026-04-03T03:26:58.626+0600][8.586s][info][gc          ] GC(2) Pause Final Mark (unload classes) 0.404ms
[2026-04-03T03:26:58.626+0600][8.586s][info][gc,start    ] GC(2) Concurrent thread roots
[2026-04-03T03:26:58.626+0600][8.586s][info][gc,task     ] GC(2) Using 3 of 6 workers for Concurrent thread roots
[2026-04-03T03:26:58.627+0600][8.587s][info][gc          ] GC(2) Concurrent thread roots 0.528ms
[2026-04-03T03:26:58.627+0600][8.587s][info][gc,start    ] GC(2) Concurrent weak references
[2026-04-03T03:26:58.627+0600][8.587s][info][gc,task     ] GC(2) Using 3 of 6 workers for concurrent weak references
[2026-04-03T03:26:58.627+0600][8.587s][info][gc,ref      ] GC(2) Encountered references: Soft: 3918, Weak: 2958, Final: 80, Phantom: 578
[2026-04-03T03:26:58.627+0600][8.587s][info][gc,ref      ] GC(2) Discovered  references: Soft: 0, Weak: 1607, Final: 64, Phantom: 576
[2026-04-03T03:26:58.627+0600][8.587s][info][gc,ref      ] GC(2) Enqueued    references: Soft: 0, Weak: 485, Final: 0, Phantom: 1
[2026-04-03T03:26:58.627+0600][8.587s][info][gc          ] GC(2) Concurrent weak references 0.818ms
[2026-04-03T03:26:58.627+0600][8.587s][info][gc,start    ] GC(2) Concurrent weak roots
[2026-04-03T03:26:58.627+0600][8.587s][info][gc,task     ] GC(2) Using 3 of 6 workers for concurrent weak root
[2026-04-03T03:26:58.629+0600][8.589s][info][gc          ] GC(2) Concurrent weak roots 1.558ms
[2026-04-03T03:26:58.629+0600][8.589s][info][gc,start    ] GC(2) Concurrent cleanup
[2026-04-03T03:26:58.629+0600][8.589s][info][gc          ] GC(2) Concurrent cleanup 173M->156M(335M) 0.389ms
[2026-04-03T03:26:58.629+0600][8.589s][info][gc,ergo     ] GC(2) Free: 1029M, Max: 512K regular, 886M humongous, Frag: 14% external, 0% internal; Reserve: 63290K, Max: 512K
[2026-04-03T03:26:58.629+0600][8.589s][info][gc,start    ] GC(2) Concurrent class unloading
[2026-04-03T03:26:58.629+0600][8.589s][info][gc,task     ] GC(2) Using 3 of 6 workers for concurrent class unloading
[2026-04-03T03:26:58.632+0600][8.592s][info][gc          ] GC(2) Concurrent class unloading 2.949ms
[2026-04-03T03:26:58.632+0600][8.592s][info][gc,start    ] GC(2) Concurrent strong roots
[2026-04-03T03:26:58.632+0600][8.592s][info][gc,task     ] GC(2) Using 3 of 6 workers for concurrent strong root
[2026-04-03T03:26:58.634+0600][8.594s][info][gc          ] GC(2) Concurrent strong roots 1.576ms
[2026-04-03T03:26:58.634+0600][8.594s][info][gc,start    ] GC(2) Concurrent evacuation
[2026-04-03T03:26:58.634+0600][8.594s][info][gc,task     ] GC(2) Using 3 of 6 workers for concurrent evacuation
[2026-04-03T03:26:58.638+0600][8.598s][info][gc          ] GC(2) Concurrent evacuation 4.206ms
[2026-04-03T03:26:58.638+0600][8.598s][info][gc,start    ] GC(2) Pause Init Update Refs
[2026-04-03T03:26:58.639+0600][8.599s][info][gc,ergo     ] GC(2) Pacer for Update Refs. Used: 162M, Free: 1029M, Non-Taxable: 102M, Alloc Tax Rate: 1.1x
[2026-04-03T03:26:58.639+0600][8.599s][info][gc          ] GC(2) Pause Init Update Refs 0.062ms
[2026-04-03T03:26:58.639+0600][8.599s][info][gc,start    ] GC(2) Concurrent update references
[2026-04-03T03:26:58.639+0600][8.599s][info][gc,task     ] GC(2) Using 3 of 6 workers for concurrent reference update
[2026-04-03T03:26:58.646+0600][8.606s][info][gc          ] GC(2) Concurrent update references 7.503ms
[2026-04-03T03:26:58.646+0600][8.606s][info][gc,start    ] GC(2) Concurrent update thread roots
[2026-04-03T03:26:58.648+0600][8.608s][info][gc          ] GC(2) Concurrent update thread roots 1.330ms
[2026-04-03T03:26:58.648+0600][8.608s][info][gc,start    ] GC(2) Pause Final Update Refs
[2026-04-03T03:26:58.648+0600][8.608s][info][gc,task     ] GC(2) Using 6 of 6 workers for final reference update
[2026-04-03T03:26:58.648+0600][8.608s][info][gc          ] GC(2) Pause Final Update Refs 0.150ms
[2026-04-03T03:26:58.648+0600][8.608s][info][gc,start    ] GC(2) Concurrent cleanup
[2026-04-03T03:26:58.648+0600][8.608s][info][gc          ] GC(2) Concurrent cleanup 162M->30M(340M) 0.471ms
[2026-04-03T03:26:58.648+0600][8.608s][info][gc,ergo     ] Free: 1155M, Max: 512K regular, 882M humongous, Frag: 24% external, 0% internal; Reserve: 64000K, Max: 512K
[2026-04-03T03:26:58.648+0600][8.608s][info][gc,stats    ] 
[2026-04-03T03:26:58.648+0600][8.608s][info][gc,stats    ] All times are wall-clock times, except per-root-class counters, that are sum over
[2026-04-03T03:26:58.648+0600][8.608s][info][gc,stats    ] all workers. Dividing the <total> over the root stage time estimates parallelism.
[2026-04-03T03:26:58.648+0600][8.608s][info][gc,stats    ] 
[2026-04-03T03:26:58.648+0600][8.608s][info][gc,stats    ] Concurrent Reset                  23244 us
[2026-04-03T03:26:58.648+0600][8.608s][info][gc,stats    ] Pause Init Mark (G)                 450 us
[2026-04-03T03:26:58.648+0600][8.609s][info][gc,stats    ] Pause Init Mark (N)                 107 us
[2026-04-03T03:26:58.648+0600][8.609s][info][gc,stats    ]   Update Region States               29 us
[2026-04-03T03:26:58.648+0600][8.609s][info][gc,stats    ] Concurrent Mark Roots              1575 us, parallelism: 2.39x
[2026-04-03T03:26:58.648+0600][8.609s][info][gc,stats    ]   CMR: <total>                     3761 us
[2026-04-03T03:26:58.649+0600][8.609s][info][gc,stats    ]   CMR: Thread Roots                3489 us, workers (us): 1262, 1005, 1221, ---, ---, ---, 
[2026-04-03T03:26:58.649+0600][8.609s][info][gc,stats    ]   CMR: VM Strong Roots               46 us, workers (us):  27,  19,   0, ---, ---, ---, 
[2026-04-03T03:26:58.649+0600][8.609s][info][gc,stats    ]   CMR: CLDG Roots                   226 us, workers (us): ---, 226, ---, ---, ---, ---, 
[2026-04-03T03:26:58.649+0600][8.609s][info][gc,stats    ] Concurrent Marking                 8489 us
[2026-04-03T03:26:58.649+0600][8.609s][info][gc,stats    ] Pause Final Mark (G)                573 us
[2026-04-03T03:26:58.649+0600][8.609s][info][gc,stats    ] Pause Final Mark (N)                425 us
[2026-04-03T03:26:58.649+0600][8.609s][info][gc,stats    ]   Finish Mark                       136 us
[2026-04-03T03:26:58.649+0600][8.609s][info][gc,stats    ]   Update Region States               50 us
[2026-04-03T03:26:58.649+0600][8.609s][info][gc,stats    ]   Choose Collection Set             104 us
[2026-04-03T03:26:58.649+0600][8.609s][info][gc,stats    ]   Rebuild Free Set                   21 us
[2026-04-03T03:26:58.649+0600][8.609s][info][gc,stats    ] Concurrent Thread Roots             570 us, parallelism: 1.73x
[2026-04-03T03:26:58.649+0600][8.609s][info][gc,stats    ]   CTR: <total>                      985 us
[2026-04-03T03:26:58.649+0600][8.609s][info][gc,stats    ]   CTR: Thread Roots                 985 us, workers (us): 368, 314, 303, ---, ---, ---, 
[2026-04-03T03:26:58.649+0600][8.609s][info][gc,stats    ] Concurrent Weak References          827 us, parallelism: 0.80x
[2026-04-03T03:26:58.649+0600][8.609s][info][gc,stats    ]   CWRF: <total>                     665 us
[2026-04-03T03:26:58.649+0600][8.609s][info][gc,stats    ]   CWRF: Weak References             665 us, workers (us):  84, 580,   1, ---, ---, ---, 
[2026-04-03T03:26:58.649+0600][8.609s][info][gc,stats    ] Concurrent Weak Roots              1608 us
[2026-04-03T03:26:58.649+0600][8.609s][info][gc,stats    ]   Roots                            1386 us, parallelism: 2.33x
[2026-04-03T03:26:58.649+0600][8.609s][info][gc,stats    ]     CWR: <total>                   3223 us
[2026-04-03T03:26:58.649+0600][8.609s][info][gc,stats    ]     CWR: Code Cache Roots          1085 us, workers (us): 381, 377, 328, ---, ---, ---, 
[2026-04-03T03:26:58.649+0600][8.609s][info][gc,stats    ]     CWR: VM Weak Roots             2117 us, workers (us): 726, 723, 667, ---, ---, ---, 
[2026-04-03T03:26:58.649+0600][8.609s][info][gc,stats    ]     CWR: CLDG Roots                  21 us, workers (us): ---, ---,  21, ---, ---, ---, 
[2026-04-03T03:26:58.649+0600][8.609s][info][gc,stats    ]   Rendezvous                        153 us
[2026-04-03T03:26:58.649+0600][8.609s][info][gc,stats    ] Concurrent Cleanup                  402 us
[2026-04-03T03:26:58.649+0600][8.609s][info][gc,stats    ] Concurrent Class Unloading         3001 us
[2026-04-03T03:26:58.649+0600][8.609s][info][gc,stats    ]   Unlink Stale                     2131 us
[2026-04-03T03:26:58.649+0600][8.609s][info][gc,stats    ]     System Dictionary                27 us
[2026-04-03T03:26:58.649+0600][8.609s][info][gc,stats    ]     Weak Class Links                  0 us
[2026-04-03T03:26:58.649+0600][8.609s][info][gc,stats    ]     Code Roots                     2101 us
[2026-04-03T03:26:58.649+0600][8.609s][info][gc,stats    ]   Rendezvous                        231 us
[2026-04-03T03:26:58.649+0600][8.609s][info][gc,stats    ]   Purge Unlinked                    569 us
[2026-04-03T03:26:58.649+0600][8.609s][info][gc,stats    ]     Code Roots                      558 us
[2026-04-03T03:26:58.649+0600][8.609s][info][gc,stats    ]     CLDG                             10 us
[2026-04-03T03:26:58.649+0600][8.609s][info][gc,stats    ]     Exception Caches                  0 us
[2026-04-03T03:26:58.649+0600][8.609s][info][gc,stats    ] Concurrent Strong Roots            1627 us, parallelism: 0.85x
[2026-04-03T03:26:58.649+0600][8.609s][info][gc,stats    ]   CSR: <total>                     1384 us
[2026-04-03T03:26:58.649+0600][8.609s][info][gc,stats    ]   CSR: VM Strong Roots               32 us, workers (us):  32,   0,   0, ---, ---, ---, 
[2026-04-03T03:26:58.649+0600][8.609s][info][gc,stats    ]   CSR: CLDG Roots                  1352 us, workers (us): 1352, ---, ---, ---, ---, ---, 
[2026-04-03T03:26:58.649+0600][8.609s][info][gc,stats    ] Concurrent Evacuation              4263 us
[2026-04-03T03:26:58.649+0600][8.609s][info][gc,stats    ] Pause Init Update Refs (G)          278 us
[2026-04-03T03:26:58.649+0600][8.609s][info][gc,stats    ] Pause Init Update Refs (N)           80 us
[2026-04-03T03:26:58.649+0600][8.609s][info][gc,stats    ]   Manage GCLABs                       8 us
[2026-04-03T03:26:58.649+0600][8.609s][info][gc,stats    ] Concurrent Update Refs             7571 us
[2026-04-03T03:26:58.649+0600][8.609s][info][gc,stats    ] Concurrent Update Thread Roots     1376 us
[2026-04-03T03:26:58.649+0600][8.609s][info][gc,stats    ] Pause Final Update Refs (G)         290 us
[2026-04-03T03:26:58.649+0600][8.609s][info][gc,stats    ] Pause Final Update Refs (N)         169 us
[2026-04-03T03:26:58.649+0600][8.609s][info][gc,stats    ]   Update Region States               55 us
[2026-04-03T03:26:58.649+0600][8.609s][info][gc,stats    ]   Trash Collection Set                9 us
[2026-04-03T03:26:58.649+0600][8.609s][info][gc,stats    ]   Rebuild Free Set                   27 us
[2026-04-03T03:26:58.649+0600][8.609s][info][gc,stats    ] Concurrent Cleanup                  490 us
[2026-04-03T03:26:58.649+0600][8.609s][info][gc,stats    ] 
[2026-04-03T03:26:58.649+0600][8.609s][info][gc,stats    ] Allocation pacing accrued:
[2026-04-03T03:26:58.649+0600][8.609s][info][gc,stats    ]       0 of  4091 ms (  0.0%): <total>
[2026-04-03T03:26:58.649+0600][8.609s][info][gc,stats    ]       0 of  4091 ms (  0.0%): <average total>
[2026-04-03T03:26:58.649+0600][8.609s][info][gc,stats    ] 
[2026-04-03T03:26:58.649+0600][8.609s][info][gc,metaspace] Metaspace: 42529K(42944K)->42975K(43392K) NonClass: 37274K(37504K)->37641K(37888K) Class: 5254K(5440K)->5333K(5504K)
[2026-04-03T03:26:58.649+0600][8.609s][info][gc,ergo     ] Pacer for Idle. Initial: 25600K, Alloc Tax Rate: 1.0x
[2026-04-03T03:26:59.597+0600][9.557s][info][gc          ] Trigger: Learning 4 of 5. Free (874M) is below initial threshold (875M)
[2026-04-03T03:26:59.597+0600][9.557s][info][gc,ergo     ] Free: 874M, Max: 512K regular, 874M humongous, Frag: 0% external, 0% internal; Reserve: 64000K, Max: 512K
[2026-04-03T03:26:59.597+0600][9.557s][info][gc,start    ] GC(3) Concurrent reset
[2026-04-03T03:26:59.597+0600][9.557s][info][gc,task     ] GC(3) Using 3 of 6 workers for concurrent reset
[2026-04-03T03:26:59.597+0600][9.557s][info][gc,ergo     ] GC(3) Pacer for Reset. Non-Taxable: 1250M
[2026-04-03T03:26:59.597+0600][9.558s][info][gc          ] GC(3) Concurrent reset 0.818ms
[2026-04-03T03:26:59.598+0600][9.558s][info][gc,start    ] GC(3) Pause Init Mark (unload classes)
[2026-04-03T03:26:59.598+0600][9.558s][info][gc,task     ] GC(3) Using 6 of 6 workers for init marking
[2026-04-03T03:26:59.598+0600][9.558s][info][gc,ergo     ] GC(3) Pacer for Mark. Expected Live: 19163K, Free: 874M, Non-Taxable: 89497K, Alloc Tax Rate: 0.0x
[2026-04-03T03:26:59.598+0600][9.558s][info][gc          ] GC(3) Pause Init Mark (unload classes) 0.109ms
[2026-04-03T03:26:59.598+0600][9.558s][info][gc,start    ] GC(3) Concurrent marking roots
[2026-04-03T03:26:59.598+0600][9.558s][info][gc,task     ] GC(3) Using 3 of 6 workers for concurrent marking roots
[2026-04-03T03:26:59.599+0600][9.559s][info][gc          ] GC(3) Concurrent marking roots 0.655ms
[2026-04-03T03:26:59.599+0600][9.559s][info][gc,start    ] GC(3) Concurrent marking (unload classes)
[2026-04-03T03:26:59.599+0600][9.559s][info][gc,task     ] GC(3) Using 3 of 6 workers for concurrent marking
[2026-04-03T03:27:00.569+0600][10.529s][info][gc          ] GC(3) Concurrent marking (unload classes) 969.754ms
[2026-04-03T03:27:00.569+0600][10.529s][info][gc,start    ] GC(3) Pause Final Mark (unload classes)
[2026-04-03T03:27:00.569+0600][10.529s][info][gc,task     ] GC(3) Using 6 of 6 workers for final marking
[2026-04-03T03:27:00.569+0600][10.529s][info][gc,ergo     ] GC(3) Adaptive CSet Selection. Target Free: 177M, Actual Free: 656M, Max CSet: 53333K, Min Garbage: 0B
[2026-04-03T03:27:00.569+0600][10.529s][info][gc,ergo     ] GC(3) Collectable Garbage: 53191K (90%), Immediate: 465K (0%), CSet: 52725K (89%)
[2026-04-03T03:27:00.569+0600][10.529s][info][gc,ergo     ] GC(3) Pacer for Evacuation. Used CSet: 55766K, Free: 594M, Non-Taxable: 60878K, Alloc Tax Rate: 1.1x
[2026-04-03T03:27:00.569+0600][10.529s][info][gc          ] GC(3) Pause Final Mark (unload classes) 0.745ms
[2026-04-03T03:27:00.570+0600][10.530s][info][gc,start    ] GC(3) Concurrent thread roots
[2026-04-03T03:27:00.570+0600][10.530s][info][gc,task     ] GC(3) Using 3 of 6 workers for Concurrent thread roots
[2026-04-03T03:27:00.570+0600][10.530s][info][gc          ] GC(3) Concurrent thread roots 0.509ms
[2026-04-03T03:27:00.570+0600][10.530s][info][gc,start    ] GC(3) Concurrent weak references
[2026-04-03T03:27:00.570+0600][10.530s][info][gc,task     ] GC(3) Using 3 of 6 workers for concurrent weak references
[2026-04-03T03:27:00.570+0600][10.530s][info][gc,ref      ] GC(3) Encountered references: Soft: 3981, Weak: 3049, Final: 82, Phantom: 585
[2026-04-03T03:27:00.570+0600][10.531s][info][gc,ref      ] GC(3) Discovered  references: Soft: 0, Weak: 395, Final: 0, Phantom: 580
[2026-04-03T03:27:00.571+0600][10.531s][info][gc,ref      ] GC(3) Enqueued    references: Soft: 0, Weak: 298, Final: 0, Phantom: 0
[2026-04-03T03:27:00.571+0600][10.531s][info][gc          ] GC(3) Concurrent weak references 0.401ms
[2026-04-03T03:27:00.571+0600][10.531s][info][gc,start    ] GC(3) Concurrent weak roots
[2026-04-03T03:27:00.571+0600][10.531s][info][gc,task     ] GC(3) Using 3 of 6 workers for concurrent weak root
[2026-04-03T03:27:00.572+0600][10.532s][info][gc          ] GC(3) Concurrent weak roots 1.306ms
[2026-04-03T03:27:00.572+0600][10.532s][info][gc,start    ] GC(3) Concurrent cleanup
[2026-04-03T03:27:00.572+0600][10.532s][info][gc          ] GC(3) Concurrent cleanup 591M->591M(596M) 0.410ms
[2026-04-03T03:27:00.572+0600][10.532s][info][gc,ergo     ] GC(3) Free: 594M, Max: 512K regular, 594M humongous, Frag: 0% external, 0% internal; Reserve: 63828K, Max: 512K
[2026-04-03T03:27:00.572+0600][10.532s][info][gc,start    ] GC(3) Concurrent class unloading
[2026-04-03T03:27:00.572+0600][10.532s][info][gc,task     ] GC(3) Using 3 of 6 workers for concurrent class unloading
[2026-04-03T03:27:00.576+0600][10.536s][info][gc          ] GC(3) Concurrent class unloading 3.275ms
[2026-04-03T03:27:00.576+0600][10.536s][info][gc,start    ] GC(3) Concurrent strong roots
[2026-04-03T03:27:00.576+0600][10.536s][info][gc,task     ] GC(3) Using 3 of 6 workers for concurrent strong root
[2026-04-03T03:27:00.576+0600][10.536s][info][gc          ] GC(3) Concurrent strong roots 0.633ms
[2026-04-03T03:27:00.576+0600][10.536s][info][gc,start    ] GC(3) Concurrent evacuation
[2026-04-03T03:27:00.576+0600][10.536s][info][gc,task     ] GC(3) Using 3 of 6 workers for concurrent evacuation
[2026-04-03T03:27:00.579+0600][10.539s][info][gc          ] GC(3) Concurrent evacuation 2.421ms
[2026-04-03T03:27:00.579+0600][10.539s][info][gc,start    ] GC(3) Pause Init Update Refs
[2026-04-03T03:27:00.579+0600][10.539s][info][gc,ergo     ] GC(3) Pacer for Update Refs. Used: 596M, Free: 593M, Non-Taxable: 60723K, Alloc Tax Rate: 1.2x
[2026-04-03T03:27:00.579+0600][10.539s][info][gc          ] GC(3) Pause Init Update Refs 0.086ms
[2026-04-03T03:27:00.579+0600][10.539s][info][gc,start    ] GC(3) Concurrent update references
[2026-04-03T03:27:00.579+0600][10.539s][info][gc,task     ] GC(3) Using 3 of 6 workers for concurrent reference update
[2026-04-03T03:27:00.730+0600][10.690s][info][gc          ] GC(3) Concurrent update references 150.751ms
[2026-04-03T03:27:00.730+0600][10.690s][info][gc,start    ] GC(3) Concurrent update thread roots
[2026-04-03T03:27:00.731+0600][10.691s][info][gc          ] GC(3) Concurrent update thread roots 0.539ms
[2026-04-03T03:27:00.731+0600][10.691s][info][gc,start    ] GC(3) Pause Final Update Refs
[2026-04-03T03:27:00.731+0600][10.691s][info][gc,task     ] GC(3) Using 6 of 6 workers for final reference update
[2026-04-03T03:27:00.731+0600][10.691s][info][gc          ] GC(3) Pause Final Update Refs 0.206ms
[2026-04-03T03:27:00.731+0600][10.691s][info][gc,start    ] GC(3) Concurrent cleanup
[2026-04-03T03:27:00.731+0600][10.691s][info][gc          ] GC(3) Concurrent cleanup 643M->588M(645M) 0.174ms
[2026-04-03T03:27:00.731+0600][10.691s][info][gc,ergo     ] Free: 596M, Max: 512K regular, 543M humongous, Frag: 9% external, 0% internal; Reserve: 64000K, Max: 512K
[2026-04-03T03:27:00.731+0600][10.691s][info][gc,stats    ] 
[2026-04-03T03:27:00.731+0600][10.691s][info][gc,stats    ] All times are wall-clock times, except per-root-class counters, that are sum over
[2026-04-03T03:27:00.731+0600][10.691s][info][gc,stats    ] all workers. Dividing the <total> over the root stage time estimates parallelism.
[2026-04-03T03:27:00.731+0600][10.691s][info][gc,stats    ] 
[2026-04-03T03:27:00.731+0600][10.691s][info][gc,stats    ] Concurrent Reset                    853 us
[2026-04-03T03:27:00.731+0600][10.691s][info][gc,stats    ] Pause Init Mark (G)                 543 us
[2026-04-03T03:27:00.731+0600][10.691s][info][gc,stats    ] Pause Init Mark (N)                 116 us
[2026-04-03T03:27:00.731+0600][10.691s][info][gc,stats    ]   Update Region States               18 us
[2026-04-03T03:27:00.731+0600][10.691s][info][gc,stats    ] Concurrent Mark Roots               683 us, parallelism: 1.44x
[2026-04-03T03:27:00.731+0600][10.691s][info][gc,stats    ]   CMR: <total>                      983 us
[2026-04-03T03:27:00.731+0600][10.691s][info][gc,stats    ]   CMR: Thread Roots                 807 us, workers (us): 185, 319, 303, ---, ---, ---, 
[2026-04-03T03:27:00.731+0600][10.691s][info][gc,stats    ]   CMR: VM Strong Roots               44 us, workers (us):  10,  33,   1, ---, ---, ---, 
[2026-04-03T03:27:00.731+0600][10.691s][info][gc,stats    ]   CMR: CLDG Roots                   132 us, workers (us): 132, ---, ---, ---, ---, ---, 
[2026-04-03T03:27:00.731+0600][10.691s][info][gc,stats    ] Concurrent Marking               969833 us
[2026-04-03T03:27:00.731+0600][10.692s][info][gc,stats    ] Pause Final Mark (G)                969 us
[2026-04-03T03:27:00.731+0600][10.692s][info][gc,stats    ] Pause Final Mark (N)                758 us
[2026-04-03T03:27:00.731+0600][10.692s][info][gc,stats    ]   Finish Mark                       264 us
[2026-04-03T03:27:00.731+0600][10.692s][info][gc,stats    ]   Update Region States               47 us
[2026-04-03T03:27:00.732+0600][10.692s][info][gc,stats    ]   Choose Collection Set             268 us
[2026-04-03T03:27:00.732+0600][10.692s][info][gc,stats    ]   Rebuild Free Set                   24 us
[2026-04-03T03:27:00.732+0600][10.692s][info][gc,stats    ] Concurrent Thread Roots             556 us, parallelism: 1.39x
[2026-04-03T03:27:00.732+0600][10.692s][info][gc,stats    ]   CTR: <total>                      774 us
[2026-04-03T03:27:00.732+0600][10.692s][info][gc,stats    ]   CTR: Thread Roots                 774 us, workers (us): 277, 287, 210, ---, ---, ---, 
[2026-04-03T03:27:00.732+0600][10.692s][info][gc,stats    ] Concurrent Weak References          411 us, parallelism: 0.50x
[2026-04-03T03:27:00.732+0600][10.692s][info][gc,stats    ]   CWRF: <total>                     206 us
[2026-04-03T03:27:00.732+0600][10.692s][info][gc,stats    ]   CWRF: Weak References             206 us, workers (us): 203,   2,   0, ---, ---, ---, 
[2026-04-03T03:27:00.732+0600][10.692s][info][gc,stats    ] Concurrent Weak Roots              1353 us
[2026-04-03T03:27:00.732+0600][10.692s][info][gc,stats    ]   Roots                            1059 us, parallelism: 2.45x
[2026-04-03T03:27:00.732+0600][10.692s][info][gc,stats    ]     CWR: <total>                   2594 us
[2026-04-03T03:27:00.732+0600][10.692s][info][gc,stats    ]     CWR: Code Cache Roots          1276 us, workers (us): 415, 476, 386, ---, ---, ---, 
[2026-04-03T03:27:00.732+0600][10.692s][info][gc,stats    ]     CWR: VM Weak Roots             1291 us, workers (us): 468, 475, 349, ---, ---, ---, 
[2026-04-03T03:27:00.732+0600][10.692s][info][gc,stats    ]     CWR: CLDG Roots                  26 us, workers (us): ---, ---,  26, ---, ---, ---, 
[2026-04-03T03:27:00.732+0600][10.692s][info][gc,stats    ]   Rendezvous                        224 us
[2026-04-03T03:27:00.732+0600][10.692s][info][gc,stats    ] Concurrent Cleanup                  424 us
[2026-04-03T03:27:00.732+0600][10.692s][info][gc,stats    ] Concurrent Class Unloading         3323 us
[2026-04-03T03:27:00.732+0600][10.692s][info][gc,stats    ]   Unlink Stale                     2703 us
[2026-04-03T03:27:00.732+0600][10.692s][info][gc,stats    ]     System Dictionary                30 us
[2026-04-03T03:27:00.732+0600][10.692s][info][gc,stats    ]     Weak Class Links                  0 us
[2026-04-03T03:27:00.732+0600][10.692s][info][gc,stats    ]     Code Roots                     2671 us
[2026-04-03T03:27:00.732+0600][10.692s][info][gc,stats    ]   Rendezvous                        209 us
[2026-04-03T03:27:00.732+0600][10.692s][info][gc,stats    ]   Purge Unlinked                    343 us
[2026-04-03T03:27:00.732+0600][10.692s][info][gc,stats    ]     Code Roots                      333 us
[2026-04-03T03:27:00.732+0600][10.692s][info][gc,stats    ]     CLDG                             10 us
[2026-04-03T03:27:00.732+0600][10.692s][info][gc,stats    ]     Exception Caches                  0 us
[2026-04-03T03:27:00.732+0600][10.692s][info][gc,stats    ] Concurrent Strong Roots             681 us, parallelism: 0.51x
[2026-04-03T03:27:00.732+0600][10.692s][info][gc,stats    ]   CSR: <total>                      344 us
[2026-04-03T03:27:00.732+0600][10.692s][info][gc,stats    ]   CSR: VM Strong Roots               18 us, workers (us):  10,   5,   3, ---, ---, ---, 
[2026-04-03T03:27:00.732+0600][10.692s][info][gc,stats    ]   CSR: CLDG Roots                   326 us, workers (us): 326, ---, ---, ---, ---, ---, 
[2026-04-03T03:27:00.732+0600][10.692s][info][gc,stats    ] Concurrent Evacuation              2477 us
[2026-04-03T03:27:00.732+0600][10.692s][info][gc,stats    ] Pause Init Update Refs (G)          419 us
[2026-04-03T03:27:00.732+0600][10.692s][info][gc,stats    ] Pause Init Update Refs (N)           99 us
[2026-04-03T03:27:00.732+0600][10.692s][info][gc,stats    ]   Manage GCLABs                       9 us
[2026-04-03T03:27:00.732+0600][10.692s][info][gc,stats    ] Concurrent Update Refs           150830 us
[2026-04-03T03:27:00.732+0600][10.692s][info][gc,stats    ] Concurrent Update Thread Roots      573 us
[2026-04-03T03:27:00.732+0600][10.692s][info][gc,stats    ] Pause Final Update Refs (G)         429 us
[2026-04-03T03:27:00.732+0600][10.692s][info][gc,stats    ] Pause Final Update Refs (N)         274 us
[2026-04-03T03:27:00.732+0600][10.692s][info][gc,stats    ]   Update Region States               38 us
[2026-04-03T03:27:00.732+0600][10.692s][info][gc,stats    ]   Trash Collection Set                7 us
[2026-04-03T03:27:00.732+0600][10.692s][info][gc,stats    ]   Rebuild Free Set                  107 us
[2026-04-03T03:27:00.732+0600][10.692s][info][gc,stats    ] Concurrent Cleanup                  197 us
[2026-04-03T03:27:00.732+0600][10.692s][info][gc,stats    ] Pacing                           101133 us
[2026-04-03T03:27:00.732+0600][10.692s][info][gc,stats    ] 
[2026-04-03T03:27:00.732+0600][10.692s][info][gc,stats    ] Allocation pacing accrued:
[2026-04-03T03:27:00.732+0600][10.692s][info][gc,stats    ]     101 of  2083 ms (  4.9%): main
[2026-04-03T03:27:00.732+0600][10.692s][info][gc,stats    ]     101 of  2083 ms (  4.9%): <total>
[2026-04-03T03:27:00.732+0600][10.692s][info][gc,stats    ]       2 of  2083 ms (  0.1%): <average total>
[2026-04-03T03:27:00.732+0600][10.692s][info][gc,stats    ]     101 of  2083 ms (  4.9%): <average non-zero>
[2026-04-03T03:27:00.732+0600][10.692s][info][gc,stats    ] 
[2026-04-03T03:27:00.732+0600][10.692s][info][gc,metaspace] Metaspace: 49371K(49856K)->49371K(49856K) NonClass: 43238K(43520K)->43238K(43520K) Class: 6132K(6336K)->6132K(6336K)
[2026-04-03T03:27:00.732+0600][10.692s][info][gc,ergo     ] Pacer for Idle. Initial: 25600K, Alloc Tax Rate: 1.0x
[2026-04-03T03:27:00.733+0600][10.693s][info][gc          ] Trigger: Learning 5 of 5. Free (595M) is below initial threshold (875M)
[2026-04-03T03:27:00.733+0600][10.693s][info][gc,ergo     ] Free: 595M, Max: 512K regular, 543M humongous, Frag: 9% external, 0% internal; Reserve: 64000K, Max: 512K
[2026-04-03T03:27:00.733+0600][10.693s][info][gc,start    ] GC(4) Concurrent reset
[2026-04-03T03:27:00.733+0600][10.693s][info][gc,task     ] GC(4) Using 3 of 6 workers for concurrent reset
[2026-04-03T03:27:00.733+0600][10.693s][info][gc,ergo     ] GC(4) Pacer for Reset. Non-Taxable: 1250M
[2026-04-03T03:27:00.734+0600][10.694s][info][gc          ] GC(4) Concurrent reset 1.076ms
[2026-04-03T03:27:00.735+0600][10.695s][info][gc,start    ] GC(4) Pause Init Mark (unload classes)
[2026-04-03T03:27:00.735+0600][10.695s][info][gc,task     ] GC(4) Using 6 of 6 workers for init marking
[2026-04-03T03:27:00.735+0600][10.695s][info][gc,ergo     ] GC(4) Pacer for Mark. Expected Live: 79444K, Free: 595M, Non-Taxable: 60979K, Alloc Tax Rate: 0.2x
[2026-04-03T03:27:00.735+0600][10.695s][info][gc          ] GC(4) Pause Init Mark (unload classes) 0.096ms
[2026-04-03T03:27:00.735+0600][10.695s][info][gc,start    ] GC(4) Concurrent marking roots
[2026-04-03T03:27:00.735+0600][10.695s][info][gc,task     ] GC(4) Using 3 of 6 workers for concurrent marking roots
[2026-04-03T03:27:00.735+0600][10.695s][info][gc          ] GC(4) Concurrent marking roots 0.546ms
[2026-04-03T03:27:00.735+0600][10.695s][info][gc,start    ] GC(4) Concurrent marking (unload classes)
[2026-04-03T03:27:00.735+0600][10.695s][info][gc,task     ] GC(4) Using 3 of 6 workers for concurrent marking
[2026-04-03T03:27:01.755+0600][11.715s][info][gc          ] GC(4) Concurrent marking (unload classes) 1019.855ms
[2026-04-03T03:27:01.755+0600][11.715s][info][gc,start    ] GC(4) Pause Final Mark (unload classes)
[2026-04-03T03:27:01.755+0600][11.716s][info][gc,task     ] GC(4) Using 6 of 6 workers for final marking
[2026-04-03T03:27:01.756+0600][11.716s][info][gc,ergo     ] GC(4) Adaptive CSet Selection. Target Free: 177M, Actual Free: 627M, Max CSet: 53333K, Min Garbage: 0B
[2026-04-03T03:27:01.756+0600][11.716s][info][gc,ergo     ] GC(4) Collectable Garbage: 1569K (12%), Immediate: 0B (0%), CSet: 1569K (12%)
[2026-04-03T03:27:01.756+0600][11.716s][info][gc,ergo     ] GC(4) Pacer for Evacuation. Used CSet: 3072K, Free: 565M, Non-Taxable: 57881K, Alloc Tax Rate: 1.1x
[2026-04-03T03:27:01.756+0600][11.716s][info][gc          ] GC(4) Pause Final Mark (unload classes) 0.826ms
[2026-04-03T03:27:01.757+0600][11.717s][info][gc,start    ] GC(4) Concurrent thread roots
[2026-04-03T03:27:01.757+0600][11.717s][info][gc,task     ] GC(4) Using 3 of 6 workers for Concurrent thread roots
[2026-04-03T03:27:01.757+0600][11.717s][info][gc          ] GC(4) Concurrent thread roots 0.561ms
[2026-04-03T03:27:01.757+0600][11.717s][info][gc,start    ] GC(4) Concurrent weak references
[2026-04-03T03:27:01.757+0600][11.717s][info][gc,task     ] GC(4) Using 3 of 6 workers for concurrent weak references
[2026-04-03T03:27:01.757+0600][11.717s][info][gc,ref      ] GC(4) Encountered references: Soft: 3981, Weak: 2751, Final: 82, Phantom: 585
[2026-04-03T03:27:01.757+0600][11.717s][info][gc,ref      ] GC(4) Discovered  references: Soft: 0, Weak: 108, Final: 0, Phantom: 580
[2026-04-03T03:27:01.757+0600][11.718s][info][gc,ref      ] GC(4) Enqueued    references: Soft: 0, Weak: 0, Final: 0, Phantom: 0
[2026-04-03T03:27:01.757+0600][11.718s][info][gc          ] GC(4) Concurrent weak references 0.347ms
[2026-04-03T03:27:01.758+0600][11.718s][info][gc,start    ] GC(4) Concurrent weak roots
[2026-04-03T03:27:01.758+0600][11.718s][info][gc,task     ] GC(4) Using 3 of 6 workers for concurrent weak root
[2026-04-03T03:27:01.759+0600][11.719s][info][gc          ] GC(4) Concurrent weak roots 1.173ms
[2026-04-03T03:27:01.759+0600][11.719s][info][gc,start    ] GC(4) Concurrent cleanup
[2026-04-03T03:27:01.759+0600][11.719s][info][gc          ] GC(4) Concurrent cleanup 620M->620M(645M) 0.120ms
[2026-04-03T03:27:01.759+0600][11.719s][info][gc,ergo     ] GC(4) Free: 565M, Max: 512K regular, 543M humongous, Frag: 4% external, 0% internal; Reserve: 63995K, Max: 512K
[2026-04-03T03:27:01.759+0600][11.719s][info][gc,start    ] GC(4) Concurrent class unloading
[2026-04-03T03:27:01.759+0600][11.719s][info][gc,task     ] GC(4) Using 3 of 6 workers for concurrent class unloading
[2026-04-03T03:27:01.761+0600][11.721s][info][gc          ] GC(4) Concurrent class unloading 2.345ms
[2026-04-03T03:27:01.761+0600][11.721s][info][gc,start    ] GC(4) Concurrent strong roots
[2026-04-03T03:27:01.761+0600][11.721s][info][gc,task     ] GC(4) Using 3 of 6 workers for concurrent strong root
[2026-04-03T03:27:01.762+0600][11.722s][info][gc          ] GC(4) Concurrent strong roots 0.318ms
[2026-04-03T03:27:01.762+0600][11.722s][info][gc,start    ] GC(4) Concurrent evacuation
[2026-04-03T03:27:01.762+0600][11.722s][info][gc,task     ] GC(4) Using 3 of 6 workers for concurrent evacuation
[2026-04-03T03:27:01.763+0600][11.723s][info][gc          ] GC(4) Concurrent evacuation 1.048ms
[2026-04-03T03:27:01.763+0600][11.723s][info][gc,start    ] GC(4) Pause Init Update Refs
[2026-04-03T03:27:01.763+0600][11.723s][info][gc,ergo     ] GC(4) Pacer for Update Refs. Used: 622M, Free: 565M, Non-Taxable: 57857K, Alloc Tax Rate: 1.3x
[2026-04-03T03:27:01.763+0600][11.723s][info][gc          ] GC(4) Pause Init Update Refs 0.088ms
[2026-04-03T03:27:01.763+0600][11.723s][info][gc,start    ] GC(4) Concurrent update references
[2026-04-03T03:27:01.763+0600][11.723s][info][gc,task     ] GC(4) Using 3 of 6 workers for concurrent reference update
[2026-04-03T03:27:01.987+0600][11.947s][info][gc          ] GC(4) Concurrent update references 223.799ms
[2026-04-03T03:27:01.987+0600][11.947s][info][gc,start    ] GC(4) Concurrent update thread roots
[2026-04-03T03:27:01.988+0600][11.948s][info][gc          ] GC(4) Concurrent update thread roots 0.958ms
[2026-04-03T03:27:01.988+0600][11.948s][info][gc,start    ] GC(4) Pause Final Update Refs
[2026-04-03T03:27:01.988+0600][11.948s][info][gc,task     ] GC(4) Using 6 of 6 workers for final reference update
[2026-04-03T03:27:01.988+0600][11.948s][info][gc          ] GC(4) Pause Final Update Refs 0.114ms
[2026-04-03T03:27:01.988+0600][11.948s][info][gc,start    ] GC(4) Concurrent cleanup
[2026-04-03T03:27:01.988+0600][11.948s][info][gc          ] GC(4) Concurrent cleanup 657M->654M(660M) 0.157ms
[2026-04-03T03:27:01.988+0600][11.948s][info][gc,ergo     ] Free: 530M, Max: 512K regular, 529M humongous, Frag: 1% external, 0% internal; Reserve: 64000K, Max: 512K
[2026-04-03T03:27:01.988+0600][11.948s][info][gc,stats    ] 
[2026-04-03T03:27:01.988+0600][11.948s][info][gc,stats    ] All times are wall-clock times, except per-root-class counters, that are sum over
[2026-04-03T03:27:01.988+0600][11.948s][info][gc,stats    ] all workers. Dividing the <total> over the root stage time estimates parallelism.
[2026-04-03T03:27:01.988+0600][11.949s][info][gc,stats    ] 
[2026-04-03T03:27:01.989+0600][11.949s][info][gc,stats    ] Concurrent Reset                   1123 us
[2026-04-03T03:27:01.989+0600][11.949s][info][gc,stats    ] Pause Init Mark (G)                 341 us
[2026-04-03T03:27:01.989+0600][11.949s][info][gc,stats    ] Pause Init Mark (N)                 104 us
[2026-04-03T03:27:01.989+0600][11.949s][info][gc,stats    ]   Update Region States               20 us
[2026-04-03T03:27:01.989+0600][11.949s][info][gc,stats    ] Concurrent Mark Roots               577 us, parallelism: 1.49x
[2026-04-03T03:27:01.989+0600][11.949s][info][gc,stats    ]   CMR: <total>                      860 us
[2026-04-03T03:27:01.989+0600][11.949s][info][gc,stats    ]   CMR: Thread Roots                 686 us, workers (us): 122, 285, 279, ---, ---, ---, 
[2026-04-03T03:27:01.989+0600][11.949s][info][gc,stats    ]   CMR: VM Strong Roots               17 us, workers (us):   8,   8,   1, ---, ---, ---, 
[2026-04-03T03:27:01.989+0600][11.949s][info][gc,stats    ]   CMR: CLDG Roots                   156 us, workers (us): 156, ---, ---, ---, ---, ---, 
[2026-04-03T03:27:01.989+0600][11.949s][info][gc,stats    ] Concurrent Marking              1019929 us
[2026-04-03T03:27:01.989+0600][11.949s][info][gc,stats    ] Pause Final Mark (G)               1257 us
[2026-04-03T03:27:01.989+0600][11.949s][info][gc,stats    ] Pause Final Mark (N)                838 us
[2026-04-03T03:27:01.989+0600][11.949s][info][gc,stats    ]   Finish Mark                       377 us
[2026-04-03T03:27:01.989+0600][11.949s][info][gc,stats    ]   Update Region States               30 us
[2026-04-03T03:27:01.989+0600][11.949s][info][gc,stats    ]   Choose Collection Set             219 us
[2026-04-03T03:27:01.989+0600][11.949s][info][gc,stats    ]   Rebuild Free Set                   22 us
[2026-04-03T03:27:01.989+0600][11.949s][info][gc,stats    ] Concurrent Thread Roots             648 us, parallelism: 1.26x
[2026-04-03T03:27:01.989+0600][11.949s][info][gc,stats    ]   CTR: <total>                      817 us
[2026-04-03T03:27:01.989+0600][11.949s][info][gc,stats    ]   CTR: Thread Roots                 817 us, workers (us): 279, 288, 249, ---, ---, ---, 
[2026-04-03T03:27:01.989+0600][11.949s][info][gc,stats    ] Concurrent Weak References          357 us, parallelism: 0.44x
[2026-04-03T03:27:01.989+0600][11.949s][info][gc,stats    ]   CWRF: <total>                     158 us
[2026-04-03T03:27:01.989+0600][11.949s][info][gc,stats    ]   CWRF: Weak References             158 us, workers (us):   6, 138,  13, ---, ---, ---, 
[2026-04-03T03:27:01.989+0600][11.949s][info][gc,stats    ] Concurrent Weak Roots              1237 us
[2026-04-03T03:27:01.989+0600][11.949s][info][gc,stats    ]   Roots                            1032 us, parallelism: 1.74x
[2026-04-03T03:27:01.989+0600][11.949s][info][gc,stats    ]     CWR: <total>                   1791 us
[2026-04-03T03:27:01.989+0600][11.949s][info][gc,stats    ]     CWR: Code Cache Roots           958 us, workers (us): 258, 356, 343, ---, ---, ---, 
[2026-04-03T03:27:01.989+0600][11.949s][info][gc,stats    ]     CWR: VM Weak Roots              779 us, workers (us): 263, 258, 258, ---, ---, ---, 
[2026-04-03T03:27:01.989+0600][11.949s][info][gc,stats    ]     CWR: CLDG Roots                  54 us, workers (us):  54, ---, ---, ---, ---, ---, 
[2026-04-03T03:27:01.989+0600][11.949s][info][gc,stats    ]   Rendezvous                        118 us
[2026-04-03T03:27:01.989+0600][11.949s][info][gc,stats    ] Concurrent Cleanup                  133 us
[2026-04-03T03:27:01.989+0600][11.949s][info][gc,stats    ] Concurrent Class Unloading         2387 us
[2026-04-03T03:27:01.989+0600][11.949s][info][gc,stats    ]   Unlink Stale                     2046 us
[2026-04-03T03:27:01.989+0600][11.949s][info][gc,stats    ]     System Dictionary                28 us
[2026-04-03T03:27:01.989+0600][11.949s][info][gc,stats    ]     Weak Class Links                  0 us
[2026-04-03T03:27:01.989+0600][11.949s][info][gc,stats    ]     Code Roots                     2015 us
[2026-04-03T03:27:01.989+0600][11.949s][info][gc,stats    ]   Rendezvous                        215 us
[2026-04-03T03:27:01.989+0600][11.949s][info][gc,stats    ]   Purge Unlinked                     60 us
[2026-04-03T03:27:01.989+0600][11.949s][info][gc,stats    ]     Code Roots                       53 us
[2026-04-03T03:27:01.989+0600][11.949s][info][gc,stats    ]     CLDG                              7 us
[2026-04-03T03:27:01.989+0600][11.949s][info][gc,stats    ]     Exception Caches                  0 us
[2026-04-03T03:27:01.989+0600][11.949s][info][gc,stats    ] Concurrent Strong Roots             335 us, parallelism: 0.47x
[2026-04-03T03:27:01.989+0600][11.949s][info][gc,stats    ]   CSR: <total>                      159 us
[2026-04-03T03:27:01.989+0600][11.949s][info][gc,stats    ]   CSR: VM Strong Roots               10 us, workers (us):   9,   1,   1, ---, ---, ---, 
[2026-04-03T03:27:01.989+0600][11.949s][info][gc,stats    ]   CSR: CLDG Roots                   149 us, workers (us): 149, ---, ---, ---, ---, ---, 
[2026-04-03T03:27:01.989+0600][11.949s][info][gc,stats    ] Concurrent Evacuation              1098 us
[2026-04-03T03:27:01.989+0600][11.949s][info][gc,stats    ] Pause Init Update Refs (G)          338 us
[2026-04-03T03:27:01.989+0600][11.949s][info][gc,stats    ] Pause Init Update Refs (N)           97 us
[2026-04-03T03:27:01.989+0600][11.949s][info][gc,stats    ]   Manage GCLABs                      10 us
[2026-04-03T03:27:01.989+0600][11.949s][info][gc,stats    ] Concurrent Update Refs           223887 us
[2026-04-03T03:27:01.989+0600][11.949s][info][gc,stats    ] Concurrent Update Thread Roots      992 us
[2026-04-03T03:27:01.989+0600][11.949s][info][gc,stats    ] Pause Final Update Refs (G)         252 us
[2026-04-03T03:27:01.989+0600][11.949s][info][gc,stats    ] Pause Final Update Refs (N)         132 us
[2026-04-03T03:27:01.989+0600][11.949s][info][gc,stats    ]   Update Region States               40 us
[2026-04-03T03:27:01.989+0600][11.949s][info][gc,stats    ]   Trash Collection Set                6 us
[2026-04-03T03:27:01.989+0600][11.949s][info][gc,stats    ]   Rebuild Free Set                   19 us
[2026-04-03T03:27:01.989+0600][11.949s][info][gc,stats    ] Concurrent Cleanup                  175 us
[2026-04-03T03:27:01.989+0600][11.949s][info][gc,stats    ] 
[2026-04-03T03:27:01.989+0600][11.949s][info][gc,stats    ] Allocation pacing accrued:
[2026-04-03T03:27:01.989+0600][11.949s][info][gc,stats    ]       0 of  1257 ms (  0.0%): <total>
[2026-04-03T03:27:01.989+0600][11.949s][info][gc,stats    ]       0 of  1257 ms (  0.0%): <average total>
[2026-04-03T03:27:01.989+0600][11.949s][info][gc,stats    ] 
[2026-04-03T03:27:01.989+0600][11.949s][info][gc,metaspace] Metaspace: 49371K(49856K)->51371K(51840K) NonClass: 43238K(43520K)->44934K(45184K) Class: 6132K(6336K)->6436K(6656K)
[2026-04-03T03:27:01.989+0600][11.949s][info][gc,ergo     ] Pacer for Idle. Initial: 25600K, Alloc Tax Rate: 1.0x
[2026-04-03T03:27:03.999+0600][13.959s][info][gc          ] Trigger: Explicit GC request (System.gc())
[2026-04-03T03:27:03.999+0600][13.959s][info][gc,ergo     ] Free: 473M, Max: 512K regular, 473M humongous, Frag: 0% external, 0% internal; Reserve: 64000K, Max: 512K
[2026-04-03T03:27:03.999+0600][13.959s][info][gc,start    ] GC(5) Concurrent reset
[2026-04-03T03:27:03.999+0600][13.959s][info][gc,task     ] GC(5) Using 3 of 6 workers for concurrent reset
[2026-04-03T03:27:03.999+0600][13.959s][info][gc,ergo     ] GC(5) Pacer for Reset. Non-Taxable: 1250M
[2026-04-03T03:27:04.001+0600][13.961s][info][gc          ] GC(5) Concurrent reset 1.851ms
[2026-04-03T03:27:04.001+0600][13.961s][info][gc,start    ] GC(5) Pause Init Mark (unload classes)
[2026-04-03T03:27:04.001+0600][13.961s][info][gc,task     ] GC(5) Using 6 of 6 workers for init marking
[2026-04-03T03:27:04.001+0600][13.961s][info][gc,ref      ] GC(5) Clearing All SoftReferences
[2026-04-03T03:27:04.001+0600][13.961s][info][gc,ergo     ] GC(5) Pacer for Mark. Expected Live: 177M, Free: 473M, Non-Taxable: 48487K, Alloc Tax Rate: 0.5x
[2026-04-03T03:27:04.001+0600][13.961s][info][gc          ] GC(5) Pause Init Mark (unload classes) 0.166ms
[2026-04-03T03:27:04.001+0600][13.961s][info][gc,start    ] GC(5) Concurrent marking roots
[2026-04-03T03:27:04.001+0600][13.961s][info][gc,task     ] GC(5) Using 3 of 6 workers for concurrent marking roots
[2026-04-03T03:27:04.002+0600][13.962s][info][gc          ] GC(5) Concurrent marking roots 0.776ms
[2026-04-03T03:27:04.002+0600][13.962s][info][gc,start    ] GC(5) Concurrent marking (unload classes)
[2026-04-03T03:27:04.002+0600][13.962s][info][gc,task     ] GC(5) Using 3 of 6 workers for concurrent marking
[2026-04-03T03:27:04.017+0600][13.977s][info][gc          ] GC(5) Concurrent marking (unload classes) 14.501ms
[2026-04-03T03:27:04.017+0600][13.977s][info][gc,start    ] GC(5) Pause Final Mark (unload classes)
[2026-04-03T03:27:04.017+0600][13.977s][info][gc,task     ] GC(5) Using 6 of 6 workers for final marking
[2026-04-03T03:27:04.017+0600][13.977s][info][gc,ergo     ] GC(5) Adaptive CSet Selection. Target Free: 177M, Actual Free: 1136M, Max CSet: 53333K, Min Garbage: 0B
[2026-04-03T03:27:04.017+0600][13.977s][info][gc,ergo     ] GC(5) Collectable Garbage: 678M (99%), Immediate: 600M (88%), CSet: 79661K (11%)
[2026-04-03T03:27:04.017+0600][13.977s][info][gc,ergo     ] GC(5) Pacer for Evacuation. Used CSet: 82717K, Free: 1079M, Non-Taxable: 107M, Alloc Tax Rate: 1.1x
[2026-04-03T03:27:04.017+0600][13.977s][info][gc          ] GC(5) Pause Final Mark (unload classes) 0.583ms
[2026-04-03T03:27:04.018+0600][13.978s][info][gc,start    ] GC(5) Concurrent thread roots
[2026-04-03T03:27:04.018+0600][13.978s][info][gc,task     ] GC(5) Using 3 of 6 workers for Concurrent thread roots
[2026-04-03T03:27:04.018+0600][13.978s][info][gc          ] GC(5) Concurrent thread roots 0.522ms
[2026-04-03T03:27:04.018+0600][13.978s][info][gc,start    ] GC(5) Concurrent weak references
[2026-04-03T03:27:04.018+0600][13.978s][info][gc,task     ] GC(5) Using 3 of 6 workers for concurrent weak references
[2026-04-03T03:27:04.019+0600][13.979s][info][gc,ref      ] GC(5) Encountered references: Soft: 4166, Weak: 3983, Final: 82, Phantom: 587
[2026-04-03T03:27:04.019+0600][13.979s][info][gc,ref      ] GC(5) Discovered  references: Soft: 1928, Weak: 2772, Final: 82, Phantom: 583
[2026-04-03T03:27:04.019+0600][13.979s][info][gc,ref      ] GC(5) Enqueued    references: Soft: 1693, Weak: 576, Final: 0, Phantom: 1
[2026-04-03T03:27:04.019+0600][13.979s][info][gc          ] GC(5) Concurrent weak references 1.358ms
[2026-04-03T03:27:04.019+0600][13.979s][info][gc,start    ] GC(5) Concurrent weak roots
[2026-04-03T03:27:04.019+0600][13.980s][info][gc,task     ] GC(5) Using 3 of 6 workers for concurrent weak root
[2026-04-03T03:27:04.022+0600][13.982s][info][gc          ] GC(5) Concurrent weak roots 2.046ms
[2026-04-03T03:27:04.022+0600][13.982s][info][gc,start    ] GC(5) Concurrent cleanup
[2026-04-03T03:27:04.022+0600][13.982s][info][gc          ] GC(5) Concurrent cleanup 708M->107M(716M) 0.369ms
[2026-04-03T03:27:04.022+0600][13.982s][info][gc,ergo     ] GC(5) Free: 1078M, Max: 512K regular, 473M humongous, Frag: 57% external, 0% internal; Reserve: 63098K, Max: 512K
[2026-04-03T03:27:04.022+0600][13.982s][info][gc,start    ] GC(5) Concurrent class unloading
[2026-04-03T03:27:04.022+0600][13.982s][info][gc,task     ] GC(5) Using 3 of 6 workers for concurrent class unloading
[2026-04-03T03:27:04.037+0600][13.997s][info][gc          ] GC(5) Concurrent class unloading 14.948ms
[2026-04-03T03:27:04.037+0600][13.997s][info][gc,start    ] GC(5) Concurrent strong roots
[2026-04-03T03:27:04.037+0600][13.997s][info][gc,task     ] GC(5) Using 3 of 6 workers for concurrent strong root
[2026-04-03T03:27:04.038+0600][13.998s][info][gc          ] GC(5) Concurrent strong roots 1.259ms
[2026-04-03T03:27:04.038+0600][13.998s][info][gc,start    ] GC(5) Concurrent evacuation
[2026-04-03T03:27:04.038+0600][13.998s][info][gc,task     ] GC(5) Using 3 of 6 workers for concurrent evacuation
[2026-04-03T03:27:04.042+0600][14.002s][info][gc          ] GC(5) Concurrent evacuation 3.170ms
[2026-04-03T03:27:04.042+0600][14.002s][info][gc,start    ] GC(5) Pause Init Update Refs
[2026-04-03T03:27:04.042+0600][14.002s][info][gc,ergo     ] GC(5) Pacer for Update Refs. Used: 111M, Free: 1078M, Non-Taxable: 107M, Alloc Tax Rate: 1.1x
[2026-04-03T03:27:04.042+0600][14.002s][info][gc          ] GC(5) Pause Init Update Refs 0.104ms
[2026-04-03T03:27:04.042+0600][14.002s][info][gc,start    ] GC(5) Concurrent update references
[2026-04-03T03:27:04.042+0600][14.002s][info][gc,task     ] GC(5) Using 3 of 6 workers for concurrent reference update
[2026-04-03T03:27:04.051+0600][14.011s][info][gc          ] GC(5) Concurrent update references 9.091ms
[2026-04-03T03:27:04.051+0600][14.011s][info][gc,start    ] GC(5) Concurrent update thread roots
[2026-04-03T03:27:04.052+0600][14.012s][info][gc          ] GC(5) Concurrent update thread roots 0.759ms
[2026-04-03T03:27:04.052+0600][14.012s][info][gc,start    ] GC(5) Pause Final Update Refs
[2026-04-03T03:27:04.052+0600][14.012s][info][gc,task     ] GC(5) Using 6 of 6 workers for final reference update
[2026-04-03T03:27:04.052+0600][14.012s][info][gc          ] GC(5) Pause Final Update Refs 0.177ms
[2026-04-03T03:27:04.052+0600][14.012s][info][gc,start    ] GC(5) Concurrent cleanup
[2026-04-03T03:27:04.053+0600][14.013s][info][gc          ] GC(5) Concurrent cleanup 111M->30M(719M) 0.560ms
[2026-04-03T03:27:04.053+0600][14.013s][info][gc,ergo     ] Free: 1154M, Max: 512K regular, 472M humongous, Frag: 60% external, 0% internal; Reserve: 64000K, Max: 512K
[2026-04-03T03:27:04.053+0600][14.013s][info][gc,stats    ] 
[2026-04-03T03:27:04.053+0600][14.013s][info][gc,stats    ] All times are wall-clock times, except per-root-class counters, that are sum over
[2026-04-03T03:27:04.053+0600][14.013s][info][gc,stats    ] all workers. Dividing the <total> over the root stage time estimates parallelism.
[2026-04-03T03:27:04.053+0600][14.013s][info][gc,stats    ] 
[2026-04-03T03:27:04.053+0600][14.013s][info][gc,stats    ] Concurrent Reset                   1966 us
[2026-04-03T03:27:04.053+0600][14.013s][info][gc,stats    ] Pause Init Mark (G)                 507 us
[2026-04-03T03:27:04.053+0600][14.013s][info][gc,stats    ] Pause Init Mark (N)                 175 us
[2026-04-03T03:27:04.053+0600][14.013s][info][gc,stats    ]   Update Region States               29 us
[2026-04-03T03:27:04.053+0600][14.013s][info][gc,stats    ] Concurrent Mark Roots               800 us, parallelism: 2.01x
[2026-04-03T03:27:04.053+0600][14.013s][info][gc,stats    ]   CMR: <total>                     1612 us
[2026-04-03T03:27:04.053+0600][14.013s][info][gc,stats    ]   CMR: Thread Roots                 919 us, workers (us): 437,   0, 482, ---, ---, ---, 
[2026-04-03T03:27:04.053+0600][14.013s][info][gc,stats    ]   CMR: VM Strong Roots              183 us, workers (us): 121,  61,   1, ---, ---, ---, 
[2026-04-03T03:27:04.053+0600][14.013s][info][gc,stats    ]   CMR: CLDG Roots                   510 us, workers (us): ---, 510, ---, ---, ---, ---, 
[2026-04-03T03:27:04.053+0600][14.013s][info][gc,stats    ] Concurrent Marking                14644 us
[2026-04-03T03:27:04.053+0600][14.013s][info][gc,stats    ] Pause Final Mark (G)                793 us
[2026-04-03T03:27:04.053+0600][14.013s][info][gc,stats    ] Pause Final Mark (N)                599 us
[2026-04-03T03:27:04.053+0600][14.013s][info][gc,stats    ]   Finish Mark                       208 us
[2026-04-03T03:27:04.053+0600][14.013s][info][gc,stats    ]   Update Region States               42 us
[2026-04-03T03:27:04.053+0600][14.013s][info][gc,stats    ]   Choose Collection Set             131 us
[2026-04-03T03:27:04.053+0600][14.013s][info][gc,stats    ]   Rebuild Free Set                   40 us
[2026-04-03T03:27:04.053+0600][14.013s][info][gc,stats    ] Concurrent Thread Roots             567 us, parallelism: 1.79x
[2026-04-03T03:27:04.053+0600][14.013s][info][gc,stats    ]   CTR: <total>                     1015 us
[2026-04-03T03:27:04.053+0600][14.013s][info][gc,stats    ]   CTR: Thread Roots                1015 us, workers (us): 343, 340, 332, ---, ---, ---, 
[2026-04-03T03:27:04.053+0600][14.013s][info][gc,stats    ] Concurrent Weak References         1373 us, parallelism: 1.08x
[2026-04-03T03:27:04.053+0600][14.013s][info][gc,stats    ]   CWRF: <total>                    1480 us
[2026-04-03T03:27:04.053+0600][14.013s][info][gc,stats    ]   CWRF: Weak References            1480 us, workers (us): 298, 1058, 124, ---, ---, ---, 
[2026-04-03T03:27:04.053+0600][14.013s][info][gc,stats    ] Concurrent Weak Roots              2154 us
[2026-04-03T03:27:04.053+0600][14.013s][info][gc,stats    ]   Roots                            1821 us, parallelism: 2.59x
[2026-04-03T03:27:04.053+0600][14.013s][info][gc,stats    ]     CWR: <total>                   4723 us
[2026-04-03T03:27:04.053+0600][14.013s][info][gc,stats    ]     CWR: Code Cache Roots          1855 us, workers (us): 626, 629, 599, ---, ---, ---, 
[2026-04-03T03:27:04.053+0600][14.013s][info][gc,stats    ]     CWR: VM Weak Roots             2823 us, workers (us): 964, 974, 885, ---, ---, ---, 
[2026-04-03T03:27:04.053+0600][14.013s][info][gc,stats    ]     CWR: CLDG Roots                  46 us, workers (us):  46, ---, ---, ---, ---, ---, 
[2026-04-03T03:27:04.053+0600][14.013s][info][gc,stats    ]   Rendezvous                        192 us
[2026-04-03T03:27:04.053+0600][14.013s][info][gc,stats    ] Concurrent Cleanup                  397 us
[2026-04-03T03:27:04.053+0600][14.013s][info][gc,stats    ] Concurrent Class Unloading        15042 us
[2026-04-03T03:27:04.053+0600][14.013s][info][gc,stats    ]   Unlink Stale                    13378 us
[2026-04-03T03:27:04.053+0600][14.014s][info][gc,stats    ]     System Dictionary               381 us
[2026-04-03T03:27:04.053+0600][14.014s][info][gc,stats    ]     Weak Class Links               8814 us
[2026-04-03T03:27:04.054+0600][14.014s][info][gc,stats    ]     Code Roots                     4174 us
[2026-04-03T03:27:04.054+0600][14.014s][info][gc,stats    ]   Rendezvous                        278 us
[2026-04-03T03:27:04.054+0600][14.014s][info][gc,stats    ]   Purge Unlinked                   1256 us
[2026-04-03T03:27:04.054+0600][14.014s][info][gc,stats    ]     Code Roots                      904 us
[2026-04-03T03:27:04.054+0600][14.014s][info][gc,stats    ]     CLDG                            350 us
[2026-04-03T03:27:04.054+0600][14.014s][info][gc,stats    ]     Exception Caches                  0 us
[2026-04-03T03:27:04.054+0600][14.014s][info][gc,stats    ] Concurrent Strong Roots            1317 us, parallelism: 0.74x
[2026-04-03T03:27:04.054+0600][14.014s][info][gc,stats    ]   CSR: <total>                      973 us
[2026-04-03T03:27:04.054+0600][14.014s][info][gc,stats    ]   CSR: VM Strong Roots               67 us, workers (us):  63,   2,   2, ---, ---, ---, 
[2026-04-03T03:27:04.054+0600][14.014s][info][gc,stats    ]   CSR: CLDG Roots                   906 us, workers (us): ---, ---, 906, ---, ---, ---, 
[2026-04-03T03:27:04.054+0600][14.014s][info][gc,stats    ] Concurrent Evacuation              3244 us
[2026-04-03T03:27:04.054+0600][14.014s][info][gc,stats    ] Pause Init Update Refs (G)          230 us
[2026-04-03T03:27:04.054+0600][14.014s][info][gc,stats    ] Pause Init Update Refs (N)          116 us
[2026-04-03T03:27:04.054+0600][14.014s][info][gc,stats    ]   Manage GCLABs                      21 us
[2026-04-03T03:27:04.054+0600][14.014s][info][gc,stats    ] Concurrent Update Refs             9196 us
[2026-04-03T03:27:04.054+0600][14.014s][info][gc,stats    ] Concurrent Update Thread Roots      798 us
[2026-04-03T03:27:04.054+0600][14.014s][info][gc,stats    ] Pause Final Update Refs (G)         349 us
[2026-04-03T03:27:04.054+0600][14.014s][info][gc,stats    ] Pause Final Update Refs (N)         205 us
[2026-04-03T03:27:04.054+0600][14.014s][info][gc,stats    ]   Update Region States               49 us
[2026-04-03T03:27:04.054+0600][14.014s][info][gc,stats    ]   Trash Collection Set               13 us
[2026-04-03T03:27:04.054+0600][14.014s][info][gc,stats    ]   Rebuild Free Set                   27 us
[2026-04-03T03:27:04.054+0600][14.014s][info][gc,stats    ] Concurrent Cleanup                  596 us
[2026-04-03T03:27:04.054+0600][14.014s][info][gc,stats    ] 
[2026-04-03T03:27:04.054+0600][14.014s][info][gc,stats    ] Allocation pacing accrued:
[2026-04-03T03:27:04.054+0600][14.014s][info][gc,stats    ]       0 of  2065 ms (  0.0%): <total>
[2026-04-03T03:27:04.054+0600][14.014s][info][gc,stats    ]       0 of  2065 ms (  0.0%): <average total>
[2026-04-03T03:27:04.054+0600][14.014s][info][gc,stats    ] 
[2026-04-03T03:27:04.054+0600][14.014s][info][gc,metaspace] Metaspace: 57399K(57920K)->57155K(57984K) NonClass: 50205K(50496K)->50017K(50560K) Class: 7193K(7424K)->7138K(7424K)
[2026-04-03T03:27:04.054+0600][14.014s][info][gc,ergo     ] Pacer for Idle. Initial: 25600K, Alloc Tax Rate: 1.0x
[2026-04-03T03:27:04.054+0600][14.014s][info][gc,start    ] Concurrent uncommit
[2026-04-03T03:27:04.188+0600][14.148s][info][gc          ] Concurrent uncommit 30M->38M(40M) 134.360ms
[2026-04-03T03:27:06.748+0600][16.708s][info][gc          ] Trigger: Learning 2 of 5. Free (874M) is below initial threshold (875M)
[2026-04-03T03:27:06.748+0600][16.708s][info][gc,ergo     ] Free: 874M, Max: 512K regular, 472M humongous, Frag: 46% external, 0% internal; Reserve: 64000K, Max: 512K
[2026-04-03T03:27:06.748+0600][16.708s][info][gc,start    ] GC(6) Concurrent reset
[2026-04-03T03:27:06.748+0600][16.708s][info][gc,task     ] GC(6) Using 3 of 6 workers for concurrent reset
[2026-04-03T03:27:06.748+0600][16.708s][info][gc,ergo     ] GC(6) Pacer for Reset. Non-Taxable: 1250M
[2026-04-03T03:27:06.749+0600][16.709s][info][gc          ] GC(6) Concurrent reset 0.864ms
[2026-04-03T03:27:06.749+0600][16.709s][info][gc,start    ] GC(6) Pause Init Mark (unload classes)
[2026-04-03T03:27:06.749+0600][16.709s][info][gc,task     ] GC(6) Using 6 of 6 workers for init marking
[2026-04-03T03:27:06.749+0600][16.709s][info][gc,ergo     ] GC(6) Pacer for Mark. Expected Live: 180M, Free: 873M, Non-Taxable: 89451K, Alloc Tax Rate: 0.3x
[2026-04-03T03:27:06.749+0600][16.709s][info][gc          ] GC(6) Pause Init Mark (unload classes) 0.152ms
[2026-04-03T03:27:06.749+0600][16.709s][info][gc,start    ] GC(6) Concurrent marking roots
[2026-04-03T03:27:06.749+0600][16.709s][info][gc,task     ] GC(6) Using 3 of 6 workers for concurrent marking roots
[2026-04-03T03:27:06.751+0600][16.711s][info][gc          ] GC(6) Concurrent marking roots 2.083ms
[2026-04-03T03:27:06.751+0600][16.711s][info][gc,start    ] GC(6) Concurrent marking (unload classes)
[2026-04-03T03:27:06.751+0600][16.711s][info][gc,task     ] GC(6) Using 3 of 6 workers for concurrent marking
[2026-04-03T03:27:06.777+0600][16.737s][info][gc          ] GC(6) Concurrent marking (unload classes) 25.762ms
[2026-04-03T03:27:06.777+0600][16.737s][info][gc,start    ] GC(6) Pause Final Mark (unload classes)
[2026-04-03T03:27:06.777+0600][16.737s][info][gc,task     ] GC(6) Using 6 of 6 workers for final marking
[2026-04-03T03:27:06.778+0600][16.738s][info][gc,ergo     ] GC(6) Adaptive CSet Selection. Target Free: 177M, Actual Free: 1086M, Max CSet: 53333K, Min Garbage: 0B
[2026-04-03T03:27:06.778+0600][16.738s][info][gc,ergo     ] GC(6) Collectable Garbage: 273M (99%), Immediate: 164M (59%), CSet: 109M (39%)
[2026-04-03T03:27:06.778+0600][16.738s][info][gc,ergo     ] GC(6) Pacer for Evacuation. Used CSet: 115M, Free: 1028M, Non-Taxable: 102M, Alloc Tax Rate: 1.1x
[2026-04-03T03:27:06.778+0600][16.738s][info][gc          ] GC(6) Pause Final Mark (unload classes) 0.650ms
[2026-04-03T03:27:06.778+0600][16.738s][info][gc,start    ] GC(6) Concurrent thread roots
[2026-04-03T03:27:06.778+0600][16.738s][info][gc,task     ] GC(6) Using 3 of 6 workers for Concurrent thread roots
[2026-04-03T03:27:06.779+0600][16.739s][info][gc          ] GC(6) Concurrent thread roots 0.575ms
[2026-04-03T03:27:06.779+0600][16.739s][info][gc,start    ] GC(6) Concurrent weak references
[2026-04-03T03:27:06.779+0600][16.739s][info][gc,task     ] GC(6) Using 3 of 6 workers for concurrent weak references
[2026-04-03T03:27:06.780+0600][16.740s][info][gc,ref      ] GC(6) Encountered references: Soft: 3189, Weak: 5800, Final: 82, Phantom: 605
[2026-04-03T03:27:06.780+0600][16.740s][info][gc,ref      ] GC(6) Discovered  references: Soft: 0, Weak: 3773, Final: 50, Phantom: 219
[2026-04-03T03:27:06.780+0600][16.740s][info][gc,ref      ] GC(6) Enqueued    references: Soft: 0, Weak: 805, Final: 0, Phantom: 1
[2026-04-03T03:27:06.780+0600][16.740s][info][gc          ] GC(6) Concurrent weak references 1.394ms
[2026-04-03T03:27:06.780+0600][16.740s][info][gc,start    ] GC(6) Concurrent weak roots
[2026-04-03T03:27:06.780+0600][16.740s][info][gc,task     ] GC(6) Using 3 of 6 workers for concurrent weak root
[2026-04-03T03:27:06.783+0600][16.743s][info][gc          ] GC(6) Concurrent weak roots 2.712ms
[2026-04-03T03:27:06.783+0600][16.743s][info][gc,start    ] GC(6) Concurrent cleanup
[2026-04-03T03:27:06.784+0600][16.744s][info][gc          ] GC(6) Concurrent cleanup 324M->160M(332M) 0.608ms
[2026-04-03T03:27:06.784+0600][16.744s][info][gc,ergo     ] GC(6) Free: 1025M, Max: 512K regular, 472M humongous, Frag: 54% external, 0% internal; Reserve: 62685K, Max: 512K
[2026-04-03T03:27:06.784+0600][16.744s][info][gc,start    ] GC(6) Concurrent class unloading
[2026-04-03T03:27:06.784+0600][16.744s][info][gc,task     ] GC(6) Using 3 of 6 workers for concurrent class unloading
[2026-04-03T03:27:06.806+0600][16.766s][info][gc          ] GC(6) Concurrent class unloading 21.971ms
[2026-04-03T03:27:06.806+0600][16.766s][info][gc,start    ] GC(6) Concurrent strong roots
[2026-04-03T03:27:06.806+0600][16.766s][info][gc,task     ] GC(6) Using 3 of 6 workers for concurrent strong root
[2026-04-03T03:27:06.808+0600][16.768s][info][gc          ] GC(6) Concurrent strong roots 2.188ms
[2026-04-03T03:27:06.808+0600][16.768s][info][gc,start    ] GC(6) Concurrent evacuation
[2026-04-03T03:27:06.808+0600][16.768s][info][gc,task     ] GC(6) Using 3 of 6 workers for concurrent evacuation
[2026-04-03T03:27:06.815+0600][16.775s][info][gc          ] GC(6) Concurrent evacuation 7.199ms
[2026-04-03T03:27:06.816+0600][16.776s][info][gc,start    ] GC(6) Pause Init Update Refs
[2026-04-03T03:27:06.816+0600][16.776s][info][gc,ergo     ] GC(6) Pacer for Update Refs. Used: 183M, Free: 1009M, Non-Taxable: 100M, Alloc Tax Rate: 1.1x
[2026-04-03T03:27:06.816+0600][16.776s][info][gc          ] GC(6) Pause Init Update Refs 0.136ms
[2026-04-03T03:27:06.816+0600][16.776s][info][gc,start    ] GC(6) Concurrent update references
[2026-04-03T03:27:06.816+0600][16.776s][info][gc,task     ] GC(6) Using 3 of 6 workers for concurrent reference update
[2026-04-03T03:27:06.833+0600][16.793s][info][gc          ] GC(6) Concurrent update references 17.420ms
[2026-04-03T03:27:06.833+0600][16.793s][info][gc,start    ] GC(6) Concurrent update thread roots
[2026-04-03T03:27:06.834+0600][16.794s][info][gc          ] GC(6) Concurrent update thread roots 0.891ms
[2026-04-03T03:27:06.834+0600][16.794s][info][gc,start    ] GC(6) Pause Final Update Refs
[2026-04-03T03:27:06.834+0600][16.795s][info][gc,task     ] GC(6) Using 6 of 6 workers for final reference update
[2026-04-03T03:27:06.835+0600][16.795s][info][gc          ] GC(6) Pause Final Update Refs 0.145ms
[2026-04-03T03:27:06.835+0600][16.795s][info][gc,start    ] GC(6) Concurrent cleanup
[2026-04-03T03:27:06.835+0600][16.795s][info][gc          ] GC(6) Concurrent cleanup 193M->78M(338M) 0.512ms
[2026-04-03T03:27:06.835+0600][16.795s][info][gc,ergo     ] Free: 1107M, Max: 512K regular, 852M humongous, Frag: 24% external, 0% internal; Reserve: 64000K, Max: 512K
[2026-04-03T03:27:06.835+0600][16.795s][info][gc,stats    ] 
[2026-04-03T03:27:06.835+0600][16.795s][info][gc,stats    ] All times are wall-clock times, except per-root-class counters, that are sum over
[2026-04-03T03:27:06.835+0600][16.795s][info][gc,stats    ] all workers. Dividing the <total> over the root stage time estimates parallelism.
[2026-04-03T03:27:06.835+0600][16.795s][info][gc,stats    ] 
[2026-04-03T03:27:06.835+0600][16.795s][info][gc,stats    ] Concurrent Reset                    906 us
[2026-04-03T03:27:06.835+0600][16.795s][info][gc,stats    ] Pause Init Mark (G)                 579 us
[2026-04-03T03:27:06.835+0600][16.795s][info][gc,stats    ] Pause Init Mark (N)                 166 us
[2026-04-03T03:27:06.835+0600][16.795s][info][gc,stats    ]   Update Region States               33 us
[2026-04-03T03:27:06.835+0600][16.795s][info][gc,stats    ] Concurrent Mark Roots              2130 us, parallelism: 2.52x
[2026-04-03T03:27:06.835+0600][16.795s][info][gc,stats    ]   CMR: <total>                     5361 us
[2026-04-03T03:27:06.835+0600][16.795s][info][gc,stats    ]   CMR: Thread Roots                4553 us, workers (us): 1710, 1659, 1184, ---, ---, ---, 
[2026-04-03T03:27:06.835+0600][16.795s][info][gc,stats    ]   CMR: VM Strong Roots              221 us, workers (us):  51, 159,  12, ---, ---, ---, 
[2026-04-03T03:27:06.835+0600][16.795s][info][gc,stats    ]   CMR: CLDG Roots                   587 us, workers (us): ---, ---, 587, ---, ---, ---, 
[2026-04-03T03:27:06.835+0600][16.795s][info][gc,stats    ] Concurrent Marking                25860 us
[2026-04-03T03:27:06.835+0600][16.795s][info][gc,stats    ] Pause Final Mark (G)                837 us
[2026-04-03T03:27:06.835+0600][16.795s][info][gc,stats    ] Pause Final Mark (N)                663 us
[2026-04-03T03:27:06.835+0600][16.795s][info][gc,stats    ]   Finish Mark                       126 us
[2026-04-03T03:27:06.835+0600][16.795s][info][gc,stats    ]   Update Region States               52 us
[2026-04-03T03:27:06.835+0600][16.795s][info][gc,stats    ]   Choose Collection Set             290 us
[2026-04-03T03:27:06.835+0600][16.795s][info][gc,stats    ]   Rebuild Free Set                   44 us
[2026-04-03T03:27:06.835+0600][16.795s][info][gc,stats    ] Concurrent Thread Roots             623 us, parallelism: 2.12x
[2026-04-03T03:27:06.835+0600][16.795s][info][gc,stats    ]   CTR: <total>                     1323 us
[2026-04-03T03:27:06.835+0600][16.795s][info][gc,stats    ]   CTR: Thread Roots                1323 us, workers (us): 452, 438, 434, ---, ---, ---, 
[2026-04-03T03:27:06.835+0600][16.795s][info][gc,stats    ] Concurrent Weak References         1413 us, parallelism: 0.95x
[2026-04-03T03:27:06.835+0600][16.795s][info][gc,stats    ]   CWRF: <total>                    1340 us
[2026-04-03T03:27:06.835+0600][16.796s][info][gc,stats    ]   CWRF: Weak References            1340 us, workers (us):  79, 117, 1144, ---, ---, ---, 
[2026-04-03T03:27:06.835+0600][16.796s][info][gc,stats    ] Concurrent Weak Roots              2811 us
[2026-04-03T03:27:06.835+0600][16.796s][info][gc,stats    ]   Roots                            2407 us, parallelism: 2.61x
[2026-04-03T03:27:06.835+0600][16.796s][info][gc,stats    ]     CWR: <total>                   6281 us
[2026-04-03T03:27:06.836+0600][16.796s][info][gc,stats    ]     CWR: Code Cache Roots          2685 us, workers (us): 816, 951, 918, ---, ---, ---, 
[2026-04-03T03:27:06.836+0600][16.796s][info][gc,stats    ]     CWR: VM Weak Roots             3461 us, workers (us): 1122, 1196, 1143, ---, ---, ---, 
[2026-04-03T03:27:06.836+0600][16.796s][info][gc,stats    ]     CWR: CLDG Roots                 135 us, workers (us): 135, ---, ---, ---, ---, ---, 
[2026-04-03T03:27:06.836+0600][16.796s][info][gc,stats    ]   Rendezvous                        268 us
[2026-04-03T03:27:06.836+0600][16.796s][info][gc,stats    ] Concurrent Cleanup                  647 us
[2026-04-03T03:27:06.836+0600][16.796s][info][gc,stats    ] Concurrent Class Unloading        22089 us
[2026-04-03T03:27:06.836+0600][16.796s][info][gc,stats    ]   Unlink Stale                    19335 us
[2026-04-03T03:27:06.836+0600][16.796s][info][gc,stats    ]     System Dictionary               436 us
[2026-04-03T03:27:06.836+0600][16.796s][info][gc,stats    ]     Weak Class Links              13423 us
[2026-04-03T03:27:06.836+0600][16.796s][info][gc,stats    ]     Code Roots                     5470 us
[2026-04-03T03:27:06.836+0600][16.796s][info][gc,stats    ]   Rendezvous                        181 us
[2026-04-03T03:27:06.836+0600][16.796s][info][gc,stats    ]   Purge Unlinked                   2399 us
[2026-04-03T03:27:06.836+0600][16.796s][info][gc,stats    ]     Code Roots                     2056 us
[2026-04-03T03:27:06.836+0600][16.796s][info][gc,stats    ]     CLDG                            341 us
[2026-04-03T03:27:06.836+0600][16.796s][info][gc,stats    ]     Exception Caches                  0 us
[2026-04-03T03:27:06.836+0600][16.796s][info][gc,stats    ] Concurrent Strong Roots            2255 us, parallelism: 0.85x
[2026-04-03T03:27:06.836+0600][16.796s][info][gc,stats    ]   CSR: <total>                     1925 us
[2026-04-03T03:27:06.836+0600][16.796s][info][gc,stats    ]   CSR: VM Strong Roots               50 us, workers (us):  18,  13,  19, ---, ---, ---, 
[2026-04-03T03:27:06.836+0600][16.796s][info][gc,stats    ]   CSR: CLDG Roots                  1874 us, workers (us): ---, 1874, ---, ---, ---, ---, 
[2026-04-03T03:27:06.836+0600][16.796s][info][gc,stats    ] Concurrent Evacuation              7296 us
[2026-04-03T03:27:06.836+0600][16.796s][info][gc,stats    ] Pause Init Update Refs (G)          459 us
[2026-04-03T03:27:06.836+0600][16.796s][info][gc,stats    ] Pause Init Update Refs (N)          184 us
[2026-04-03T03:27:06.836+0600][16.796s][info][gc,stats    ]   Manage GCLABs                      17 us
[2026-04-03T03:27:06.836+0600][16.796s][info][gc,stats    ] Concurrent Update Refs            17524 us
[2026-04-03T03:27:06.836+0600][16.796s][info][gc,stats    ] Concurrent Update Thread Roots      970 us
[2026-04-03T03:27:06.836+0600][16.796s][info][gc,stats    ] Pause Final Update Refs (G)         383 us
[2026-04-03T03:27:06.836+0600][16.796s][info][gc,stats    ] Pause Final Update Refs (N)         167 us
[2026-04-03T03:27:06.836+0600][16.796s][info][gc,stats    ]   Update Region States               44 us
[2026-04-03T03:27:06.836+0600][16.796s][info][gc,stats    ]   Trash Collection Set               10 us
[2026-04-03T03:27:06.836+0600][16.796s][info][gc,stats    ]   Rebuild Free Set                   33 us
[2026-04-03T03:27:06.836+0600][16.796s][info][gc,stats    ] Concurrent Cleanup                  529 us
[2026-04-03T03:27:06.836+0600][16.796s][info][gc,stats    ] 
[2026-04-03T03:27:06.836+0600][16.796s][info][gc,stats    ] Allocation pacing accrued:
[2026-04-03T03:27:06.836+0600][16.796s][info][gc,stats    ]       0 of  2782 ms (  0.0%): <total>
[2026-04-03T03:27:06.836+0600][16.796s][info][gc,stats    ]       0 of  2782 ms (  0.0%): <average total>
[2026-04-03T03:27:06.836+0600][16.796s][info][gc,stats    ] 
[2026-04-03T03:27:06.836+0600][16.796s][info][gc,metaspace] Metaspace: 66606K(67392K)->66462K(67392K) NonClass: 58239K(58688K)->58139K(58688K) Class: 8367K(8704K)->8322K(8704K)
[2026-04-03T03:27:06.836+0600][16.796s][info][gc,ergo     ] Pacer for Idle. Initial: 25600K, Alloc Tax Rate: 1.0x
[2026-04-03T03:27:06.949+0600][16.909s][info][gc          ] Trigger: Average GC time (1091.24 ms) is above the time for average allocation rate (932 MB/s) to deplete free headroom (894M) (margin of error = 1.80)
[2026-04-03T03:27:06.949+0600][16.909s][info][gc,ergo     ] Free headroom: 956M (free) - 64000K (spike) - 0B (penalties) = 894M
[2026-04-03T03:27:06.949+0600][16.909s][info][gc,ergo     ] Free: 956M, Max: 512K regular, 852M humongous, Frag: 11% external, 0% internal; Reserve: 64000K, Max: 512K
[2026-04-03T03:27:06.949+0600][16.909s][info][gc,start    ] GC(7) Concurrent reset
[2026-04-03T03:27:06.949+0600][16.909s][info][gc,task     ] GC(7) Using 3 of 6 workers for concurrent reset
[2026-04-03T03:27:06.949+0600][16.909s][info][gc,ergo     ] GC(7) Pacer for Reset. Non-Taxable: 1250M
[2026-04-03T03:27:06.951+0600][16.911s][info][gc          ] GC(7) Concurrent reset 1.730ms
[2026-04-03T03:27:06.951+0600][16.911s][info][gc,start    ] GC(7) Pause Init Mark (unload classes)
[2026-04-03T03:27:06.951+0600][16.911s][info][gc,task     ] GC(7) Using 6 of 6 workers for init marking
[2026-04-03T03:27:06.951+0600][16.911s][info][gc,ergo     ] GC(7) Pacer for Mark. Expected Live: 182M, Free: 953M, Non-Taxable: 97649K, Alloc Tax Rate: 0.2x
[2026-04-03T03:27:06.951+0600][16.911s][info][gc          ] GC(7) Pause Init Mark (unload classes) 0.105ms
[2026-04-03T03:27:06.951+0600][16.911s][info][gc,start    ] GC(7) Concurrent marking roots
[2026-04-03T03:27:06.951+0600][16.911s][info][gc,task     ] GC(7) Using 3 of 6 workers for concurrent marking roots
[2026-04-03T03:27:06.952+0600][16.912s][info][gc          ] GC(7) Concurrent marking roots 0.565ms
[2026-04-03T03:27:06.952+0600][16.912s][info][gc,start    ] GC(7) Concurrent marking (unload classes)
[2026-04-03T03:27:06.952+0600][16.912s][info][gc,task     ] GC(7) Using 3 of 6 workers for concurrent marking
[2026-04-03T03:27:06.966+0600][16.926s][info][gc          ] GC(7) Concurrent marking (unload classes) 14.561ms
[2026-04-03T03:27:06.966+0600][16.926s][info][gc,start    ] GC(7) Pause Final Mark (unload classes)
[2026-04-03T03:27:06.966+0600][16.927s][info][gc,task     ] GC(7) Using 6 of 6 workers for final marking
[2026-04-03T03:27:06.967+0600][16.927s][info][gc,ergo     ] GC(7) Collectable Garbage: 194M (97%), Immediate: 194M (97%), CSet: 0B (0%)
[2026-04-03T03:27:06.967+0600][16.927s][info][gc          ] GC(7) Pause Final Mark (unload classes) 0.415ms
[2026-04-03T03:27:06.967+0600][16.927s][info][gc,start    ] GC(7) Concurrent weak references
[2026-04-03T03:27:06.967+0600][16.927s][info][gc,task     ] GC(7) Using 3 of 6 workers for concurrent weak references
[2026-04-03T03:27:06.967+0600][16.927s][info][gc,ref      ] GC(7) Encountered references: Soft: 3189, Weak: 4995, Final: 82, Phantom: 604
[2026-04-03T03:27:06.967+0600][16.927s][info][gc,ref      ] GC(7) Discovered  references: Soft: 0, Weak: 1703, Final: 0, Phantom: 218
[2026-04-03T03:27:06.967+0600][16.927s][info][gc,ref      ] GC(7) Enqueued    references: Soft: 0, Weak: 0, Final: 0, Phantom: 0
[2026-04-03T03:27:06.967+0600][16.927s][info][gc          ] GC(7) Concurrent weak references 0.371ms
[2026-04-03T03:27:06.967+0600][16.927s][info][gc,start    ] GC(7) Concurrent weak roots
[2026-04-03T03:27:06.967+0600][16.927s][info][gc,task     ] GC(7) Using 3 of 6 workers for concurrent weak root
[2026-04-03T03:27:06.969+0600][16.929s][info][gc          ] GC(7) Concurrent weak roots 1.754ms
[2026-04-03T03:27:06.969+0600][16.929s][info][gc,start    ] GC(7) Concurrent cleanup
[2026-04-03T03:27:06.970+0600][16.930s][info][gc          ] GC(7) Concurrent cleanup 257M->63M(338M) 0.422ms
[2026-04-03T03:27:06.970+0600][16.930s][info][gc,ergo     ] GC(7) Free: 1122M, Max: 512K regular, 873M humongous, Frag: 23% external, 0% internal; Reserve: 64000K, Max: 512K
[2026-04-03T03:27:06.970+0600][16.930s][info][gc,start    ] GC(7) Concurrent class unloading
[2026-04-03T03:27:06.970+0600][16.930s][info][gc,task     ] GC(7) Using 3 of 6 workers for concurrent class unloading
[2026-04-03T03:27:06.974+0600][16.934s][info][gc          ] GC(7) Concurrent class unloading 4.262ms
[2026-04-03T03:27:06.974+0600][16.934s][info][gc,start    ] GC(7) Pause Final Roots
[2026-04-03T03:27:06.974+0600][16.934s][info][gc          ] GC(7) Pause Final Roots 0.085ms
[2026-04-03T03:27:06.974+0600][16.935s][info][gc,ergo     ] Free: 1114M, Max: 512K regular, 873M humongous, Frag: 22% external, 0% internal; Reserve: 64000K, Max: 512K
[2026-04-03T03:27:06.975+0600][16.935s][info][gc,stats    ] 
[2026-04-03T03:27:06.975+0600][16.935s][info][gc,stats    ] All times are wall-clock times, except per-root-class counters, that are sum over
[2026-04-03T03:27:06.975+0600][16.935s][info][gc,stats    ] all workers. Dividing the <total> over the root stage time estimates parallelism.
[2026-04-03T03:27:06.975+0600][16.935s][info][gc,stats    ] 
[2026-04-03T03:27:06.975+0600][16.935s][info][gc,stats    ] Concurrent Reset                   1774 us
[2026-04-03T03:27:06.975+0600][16.935s][info][gc,stats    ] Pause Init Mark (G)                 329 us
[2026-04-03T03:27:06.975+0600][16.935s][info][gc,stats    ] Pause Init Mark (N)                 113 us
[2026-04-03T03:27:06.975+0600][16.935s][info][gc,stats    ]   Update Region States               17 us
[2026-04-03T03:27:06.975+0600][16.935s][info][gc,stats    ] Concurrent Mark Roots               595 us, parallelism: 1.48x
[2026-04-03T03:27:06.975+0600][16.935s][info][gc,stats    ]   CMR: <total>                      878 us
[2026-04-03T03:27:06.975+0600][16.935s][info][gc,stats    ]   CMR: Thread Roots                 639 us, workers (us):  95, 287, 257, ---, ---, ---, 
[2026-04-03T03:27:06.975+0600][16.935s][info][gc,stats    ]   CMR: VM Strong Roots               20 us, workers (us):  18,   1,   0, ---, ---, ---, 
[2026-04-03T03:27:06.975+0600][16.935s][info][gc,stats    ]   CMR: CLDG Roots                   219 us, workers (us): 219, ---, ---, ---, ---, ---, 
[2026-04-03T03:27:06.975+0600][16.935s][info][gc,stats    ] Concurrent Marking                14626 us
[2026-04-03T03:27:06.975+0600][16.935s][info][gc,stats    ] Pause Final Mark (G)                697 us
[2026-04-03T03:27:06.975+0600][16.935s][info][gc,stats    ] Pause Final Mark (N)                426 us
[2026-04-03T03:27:06.975+0600][16.935s][info][gc,stats    ]   Finish Mark                       167 us
[2026-04-03T03:27:06.975+0600][16.935s][info][gc,stats    ]   Update Region States               31 us
[2026-04-03T03:27:06.975+0600][16.935s][info][gc,stats    ]   Choose Collection Set              50 us
[2026-04-03T03:27:06.975+0600][16.935s][info][gc,stats    ]   Rebuild Free Set                   22 us
[2026-04-03T03:27:06.975+0600][16.935s][info][gc,stats    ] Concurrent Weak References          381 us, parallelism: 0.49x
[2026-04-03T03:27:06.975+0600][16.935s][info][gc,stats    ]   CWRF: <total>                     188 us
[2026-04-03T03:27:06.975+0600][16.935s][info][gc,stats    ]   CWRF: Weak References             188 us, workers (us): 128,  59,   2, ---, ---, ---, 
[2026-04-03T03:27:06.975+0600][16.935s][info][gc,stats    ] Concurrent Weak Roots              1800 us
[2026-04-03T03:27:06.975+0600][16.935s][info][gc,stats    ]   Roots                            1513 us, parallelism: 2.31x
[2026-04-03T03:27:06.975+0600][16.935s][info][gc,stats    ]     CWR: <total>                   3491 us
[2026-04-03T03:27:06.975+0600][16.935s][info][gc,stats    ]     CWR: Code Cache Roots          2325 us, workers (us): 759, 791, 775, ---, ---, ---, 
[2026-04-03T03:27:06.975+0600][16.935s][info][gc,stats    ]     CWR: VM Weak Roots             1102 us, workers (us): 427, 368, 308, ---, ---, ---, 
[2026-04-03T03:27:06.975+0600][16.935s][info][gc,stats    ]     CWR: CLDG Roots                  64 us, workers (us):  64, ---, ---, ---, ---, ---, 
[2026-04-03T03:27:06.975+0600][16.935s][info][gc,stats    ]   Rendezvous                        220 us
[2026-04-03T03:27:06.975+0600][16.935s][info][gc,stats    ] Concurrent Cleanup                  436 us
[2026-04-03T03:27:06.975+0600][16.935s][info][gc,stats    ] Concurrent Class Unloading         4337 us
[2026-04-03T03:27:06.975+0600][16.935s][info][gc,stats    ]   Unlink Stale                     3604 us
[2026-04-03T03:27:06.975+0600][16.935s][info][gc,stats    ]     System Dictionary                66 us
[2026-04-03T03:27:06.975+0600][16.935s][info][gc,stats    ]     Weak Class Links                  0 us
[2026-04-03T03:27:06.975+0600][16.935s][info][gc,stats    ]     Code Roots                     3534 us
[2026-04-03T03:27:06.975+0600][16.935s][info][gc,stats    ]   Rendezvous                        275 us
[2026-04-03T03:27:06.975+0600][16.935s][info][gc,stats    ]   Purge Unlinked                    362 us
[2026-04-03T03:27:06.975+0600][16.935s][info][gc,stats    ]     Code Roots                      349 us
[2026-04-03T03:27:06.975+0600][16.935s][info][gc,stats    ]     CLDG                             13 us
[2026-04-03T03:27:06.975+0600][16.935s][info][gc,stats    ]     Exception Caches                  0 us
[2026-04-03T03:27:06.975+0600][16.935s][info][gc,stats    ] Pause Final Roots (G)               417 us
[2026-04-03T03:27:06.975+0600][16.935s][info][gc,stats    ] Pause Final Roots (N)                99 us
[2026-04-03T03:27:06.975+0600][16.935s][info][gc,stats    ] 
[2026-04-03T03:27:06.975+0600][16.935s][info][gc,stats    ] Allocation pacing accrued:
[2026-04-03T03:27:06.975+0600][16.935s][info][gc,stats    ]       0 of   139 ms (  0.0%): <total>
[2026-04-03T03:27:06.975+0600][16.935s][info][gc,stats    ]       0 of   139 ms (  0.0%): <average total>
[2026-04-03T03:27:06.975+0600][16.935s][info][gc,stats    ] 
[2026-04-03T03:27:06.975+0600][16.935s][info][gc,metaspace] Metaspace: 66462K(67392K)->66462K(67392K) NonClass: 58139K(58688K)->58139K(58688K) Class: 8322K(8704K)->8322K(8704K)
[2026-04-03T03:27:06.975+0600][16.935s][info][gc,ergo     ] Pacer for Idle. Initial: 25600K, Alloc Tax Rate: 1.0x
[2026-04-03T03:27:07.049+0600][17.009s][info][gc          ] Trigger: Average GC time (771.86 ms) is above the time for average allocation rate (1403 MB/s) to deplete free headroom (904M) (margin of error = 1.80)
[2026-04-03T03:27:07.049+0600][17.009s][info][gc,ergo     ] Free headroom: 967M (free) - 64000K (spike) - 0B (penalties) = 904M
[2026-04-03T03:27:07.049+0600][17.009s][info][gc,ergo     ] Free: 967M, Max: 512K regular, 873M humongous, Frag: 10% external, 0% internal; Reserve: 64000K, Max: 512K
[2026-04-03T03:27:07.049+0600][17.009s][info][gc,start    ] GC(8) Concurrent reset
[2026-04-03T03:27:07.049+0600][17.009s][info][gc,task     ] GC(8) Using 3 of 6 workers for concurrent reset
[2026-04-03T03:27:07.049+0600][17.009s][info][gc,ergo     ] GC(8) Pacer for Reset. Non-Taxable: 1250M
[2026-04-03T03:27:07.050+0600][17.010s][info][gc          ] GC(8) Concurrent reset 0.430ms
[2026-04-03T03:27:07.050+0600][17.010s][info][gc,start    ] GC(8) Pause Init Mark (unload classes)
[2026-04-03T03:27:07.050+0600][17.010s][info][gc,task     ] GC(8) Using 6 of 6 workers for init marking
[2026-04-03T03:27:07.050+0600][17.010s][info][gc,ergo     ] GC(8) Pacer for Mark. Expected Live: 184M, Free: 966M, Non-Taxable: 98920K, Alloc Tax Rate: 0.2x
[2026-04-03T03:27:07.050+0600][17.010s][info][gc          ] GC(8) Pause Init Mark (unload classes) 0.276ms
[2026-04-03T03:27:07.050+0600][17.010s][info][gc,start    ] GC(8) Concurrent marking roots
[2026-04-03T03:27:07.050+0600][17.010s][info][gc,task     ] GC(8) Using 3 of 6 workers for concurrent marking roots
[2026-04-03T03:27:07.051+0600][17.011s][info][gc          ] GC(8) Concurrent marking roots 0.631ms
[2026-04-03T03:27:07.051+0600][17.011s][info][gc,start    ] GC(8) Concurrent marking (unload classes)
[2026-04-03T03:27:07.051+0600][17.011s][info][gc,task     ] GC(8) Using 3 of 6 workers for concurrent marking
[2026-04-03T03:27:07.067+0600][17.027s][info][gc          ] GC(8) Concurrent marking (unload classes) 15.868ms
[2026-04-03T03:27:07.067+0600][17.027s][info][gc,start    ] GC(8) Pause Final Mark (unload classes)
[2026-04-03T03:27:07.067+0600][17.027s][info][gc,task     ] GC(8) Using 6 of 6 workers for final marking
[2026-04-03T03:27:07.067+0600][17.027s][info][gc,ergo     ] GC(8) Collectable Garbage: 180M (96%), Immediate: 180M (96%), CSet: 0B (0%)
[2026-04-03T03:27:07.067+0600][17.027s][info][gc          ] GC(8) Pause Final Mark (unload classes) 0.577ms
[2026-04-03T03:27:07.068+0600][17.028s][info][gc,start    ] GC(8) Concurrent weak references
[2026-04-03T03:27:07.068+0600][17.028s][info][gc,task     ] GC(8) Using 3 of 6 workers for concurrent weak references
[2026-04-03T03:27:07.068+0600][17.028s][info][gc,ref      ] GC(8) Encountered references: Soft: 3189, Weak: 4995, Final: 82, Phantom: 604
[2026-04-03T03:27:07.068+0600][17.028s][info][gc,ref      ] GC(8) Discovered  references: Soft: 0, Weak: 1900, Final: 0, Phantom: 601
[2026-04-03T03:27:07.068+0600][17.028s][info][gc,ref      ] GC(8) Enqueued    references: Soft: 0, Weak: 0, Final: 0, Phantom: 0
[2026-04-03T03:27:07.068+0600][17.028s][info][gc          ] GC(8) Concurrent weak references 0.357ms
[2026-04-03T03:27:07.068+0600][17.028s][info][gc,start    ] GC(8) Concurrent weak roots
[2026-04-03T03:27:07.068+0600][17.028s][info][gc,task     ] GC(8) Using 3 of 6 workers for concurrent weak root
[2026-04-03T03:27:07.070+0600][17.030s][info][gc          ] GC(8) Concurrent weak roots 1.542ms
[2026-04-03T03:27:07.070+0600][17.030s][info][gc,start    ] GC(8) Concurrent cleanup
[2026-04-03T03:27:07.070+0600][17.030s][info][gc          ] GC(8) Concurrent cleanup 243M->64M(338M) 0.454ms
[2026-04-03T03:27:07.070+0600][17.030s][info][gc,ergo     ] GC(8) Free: 1121M, Max: 512K regular, 873M humongous, Frag: 23% external, 0% internal; Reserve: 64000K, Max: 512K
[2026-04-03T03:27:07.070+0600][17.030s][info][gc,start    ] GC(8) Concurrent class unloading
[2026-04-03T03:27:07.070+0600][17.030s][info][gc,task     ] GC(8) Using 3 of 6 workers for concurrent class unloading
[2026-04-03T03:27:07.074+0600][17.034s][info][gc          ] GC(8) Concurrent class unloading 3.950ms
[2026-04-03T03:27:07.074+0600][17.034s][info][gc,start    ] GC(8) Pause Final Roots
[2026-04-03T03:27:07.074+0600][17.034s][info][gc          ] GC(8) Pause Final Roots 0.088ms
[2026-04-03T03:27:07.074+0600][17.034s][info][gc,ergo     ] Free: 1116M, Max: 512K regular, 873M humongous, Frag: 22% external, 0% internal; Reserve: 64000K, Max: 512K
[2026-04-03T03:27:07.075+0600][17.035s][info][gc,stats    ] 
[2026-04-03T03:27:07.075+0600][17.035s][info][gc,stats    ] All times are wall-clock times, except per-root-class counters, that are sum over
[2026-04-03T03:27:07.075+0600][17.035s][info][gc,stats    ] all workers. Dividing the <total> over the root stage time estimates parallelism.
[2026-04-03T03:27:07.075+0600][17.035s][info][gc,stats    ] 
[2026-04-03T03:27:07.075+0600][17.035s][info][gc,stats    ] Concurrent Reset                    468 us
[2026-04-03T03:27:07.075+0600][17.035s][info][gc,stats    ] Pause Init Mark (G)                 466 us
[2026-04-03T03:27:07.075+0600][17.035s][info][gc,stats    ] Pause Init Mark (N)                 286 us
[2026-04-03T03:27:07.075+0600][17.035s][info][gc,stats    ]   Update Region States               19 us
[2026-04-03T03:27:07.075+0600][17.035s][info][gc,stats    ] Concurrent Mark Roots               674 us, parallelism: 1.62x
[2026-04-03T03:27:07.075+0600][17.035s][info][gc,stats    ]   CMR: <total>                     1091 us
[2026-04-03T03:27:07.075+0600][17.035s][info][gc,stats    ]   CMR: Thread Roots                 833 us, workers (us): 124, 361, 348, ---, ---, ---, 
[2026-04-03T03:27:07.075+0600][17.035s][info][gc,stats    ]   CMR: VM Strong Roots               22 us, workers (us):  13,   8,   1, ---, ---, ---, 
[2026-04-03T03:27:07.075+0600][17.035s][info][gc,stats    ]   CMR: CLDG Roots                   236 us, workers (us): 236, ---, ---, ---, ---, ---, 
[2026-04-03T03:27:07.075+0600][17.035s][info][gc,stats    ] Concurrent Marking                15947 us
[2026-04-03T03:27:07.075+0600][17.035s][info][gc,stats    ] Pause Final Mark (G)                919 us
[2026-04-03T03:27:07.075+0600][17.035s][info][gc,stats    ] Pause Final Mark (N)                595 us
[2026-04-03T03:27:07.075+0600][17.035s][info][gc,stats    ]   Finish Mark                       334 us
[2026-04-03T03:27:07.075+0600][17.035s][info][gc,stats    ]   Update Region States               37 us
[2026-04-03T03:27:07.075+0600][17.035s][info][gc,stats    ]   Choose Collection Set              73 us
[2026-04-03T03:27:07.075+0600][17.035s][info][gc,stats    ]   Rebuild Free Set                   23 us
[2026-04-03T03:27:07.075+0600][17.035s][info][gc,stats    ] Concurrent Weak References          368 us, parallelism: 0.61x
[2026-04-03T03:27:07.075+0600][17.035s][info][gc,stats    ]   CWRF: <total>                     223 us
[2026-04-03T03:27:07.075+0600][17.035s][info][gc,stats    ]   CWRF: Weak References             223 us, workers (us): 183,  38,   1, ---, ---, ---, 
[2026-04-03T03:27:07.075+0600][17.035s][info][gc,stats    ] Concurrent Weak Roots              1565 us
[2026-04-03T03:27:07.075+0600][17.035s][info][gc,stats    ]   Roots                            1419 us, parallelism: 2.57x
[2026-04-03T03:27:07.075+0600][17.035s][info][gc,stats    ]     CWR: <total>                   3651 us
[2026-04-03T03:27:07.075+0600][17.035s][info][gc,stats    ]     CWR: Code Cache Roots          2485 us, workers (us): 841, 823, 821, ---, ---, ---, 
[2026-04-03T03:27:07.075+0600][17.035s][info][gc,stats    ]     CWR: VM Weak Roots             1138 us, workers (us): 391, 386, 362, ---, ---, ---, 
[2026-04-03T03:27:07.075+0600][17.035s][info][gc,stats    ]     CWR: CLDG Roots                  27 us, workers (us):  27, ---, ---, ---, ---, ---, 
[2026-04-03T03:27:07.075+0600][17.035s][info][gc,stats    ]   Rendezvous                        105 us
[2026-04-03T03:27:07.075+0600][17.035s][info][gc,stats    ] Concurrent Cleanup                  466 us
[2026-04-03T03:27:07.075+0600][17.035s][info][gc,stats    ] Concurrent Class Unloading         4034 us
[2026-04-03T03:27:07.075+0600][17.035s][info][gc,stats    ]   Unlink Stale                     3648 us
[2026-04-03T03:27:07.075+0600][17.035s][info][gc,stats    ]     System Dictionary                98 us
[2026-04-03T03:27:07.075+0600][17.035s][info][gc,stats    ]     Weak Class Links                  0 us
[2026-04-03T03:27:07.075+0600][17.035s][info][gc,stats    ]     Code Roots                     3546 us
[2026-04-03T03:27:07.075+0600][17.035s][info][gc,stats    ]   Rendezvous                        189 us
[2026-04-03T03:27:07.075+0600][17.035s][info][gc,stats    ]   Purge Unlinked                     92 us
[2026-04-03T03:27:07.075+0600][17.035s][info][gc,stats    ]     Code Roots                       78 us
[2026-04-03T03:27:07.075+0600][17.035s][info][gc,stats    ]     CLDG                             13 us
[2026-04-03T03:27:07.075+0600][17.035s][info][gc,stats    ]     Exception Caches                  0 us
[2026-04-03T03:27:07.075+0600][17.035s][info][gc,stats    ] Pause Final Roots (G)               294 us
[2026-04-03T03:27:07.075+0600][17.035s][info][gc,stats    ] Pause Final Roots (N)               101 us
[2026-04-03T03:27:07.075+0600][17.035s][info][gc,stats    ] 
[2026-04-03T03:27:07.075+0600][17.035s][info][gc,stats    ] Allocation pacing accrued:
[2026-04-03T03:27:07.075+0600][17.035s][info][gc,stats    ]       0 of   100 ms (  0.0%): <total>
[2026-04-03T03:27:07.075+0600][17.035s][info][gc,stats    ]       0 of   100 ms (  0.0%): <average total>
[2026-04-03T03:27:07.075+0600][17.035s][info][gc,stats    ] 
[2026-04-03T03:27:07.075+0600][17.035s][info][gc,metaspace] Metaspace: 66462K(67392K)->66464K(67392K) NonClass: 58139K(58688K)->58141K(58688K) Class: 8322K(8704K)->8322K(8704K)
[2026-04-03T03:27:07.075+0600][17.035s][info][gc,ergo     ] Pacer for Idle. Initial: 25600K, Alloc Tax Rate: 1.0x
[2026-04-03T03:27:07.150+0600][17.110s][info][gc          ] Trigger: Average GC time (541.76 ms) is above the time for instantaneous allocation rate (1717 MB/s) to deplete free headroom (912M) (spike threshold = 1.80)
[2026-04-03T03:27:07.150+0600][17.110s][info][gc,ergo     ] Free: 975M, Max: 512K regular, 873M humongous, Frag: 11% external, 0% internal; Reserve: 64000K, Max: 512K
[2026-04-03T03:27:07.150+0600][17.110s][info][gc,start    ] GC(9) Concurrent reset
[2026-04-03T03:27:07.150+0600][17.110s][info][gc,task     ] GC(9) Using 3 of 6 workers for concurrent reset
[2026-04-03T03:27:07.150+0600][17.110s][info][gc,ergo     ] GC(9) Pacer for Reset. Non-Taxable: 1250M
[2026-04-03T03:27:07.150+0600][17.110s][info][gc          ] GC(9) Concurrent reset 0.381ms
[2026-04-03T03:27:07.150+0600][17.110s][info][gc,start    ] GC(9) Pause Init Mark (unload classes)
[2026-04-03T03:27:07.150+0600][17.110s][info][gc,task     ] GC(9) Using 6 of 6 workers for init marking
[2026-04-03T03:27:07.150+0600][17.110s][info][gc,ergo     ] GC(9) Pacer for Mark. Expected Live: 139M, Free: 975M, Non-Taxable: 99842K, Alloc Tax Rate: 0.2x
[2026-04-03T03:27:07.150+0600][17.110s][info][gc          ] GC(9) Pause Init Mark (unload classes) 0.080ms
[2026-04-03T03:27:07.151+0600][17.111s][info][gc,start    ] GC(9) Concurrent marking roots
[2026-04-03T03:27:07.151+0600][17.111s][info][gc,task     ] GC(9) Using 3 of 6 workers for concurrent marking roots
[2026-04-03T03:27:07.151+0600][17.111s][info][gc          ] GC(9) Concurrent marking roots 0.620ms
[2026-04-03T03:27:07.151+0600][17.111s][info][gc,start    ] GC(9) Concurrent marking (unload classes)
[2026-04-03T03:27:07.151+0600][17.111s][info][gc,task     ] GC(9) Using 3 of 6 workers for concurrent marking
[2026-04-03T03:27:07.166+0600][17.126s][info][gc          ] GC(9) Concurrent marking (unload classes) 15.029ms
[2026-04-03T03:27:07.166+0600][17.127s][info][gc,start    ] GC(9) Pause Final Mark (unload classes)
[2026-04-03T03:27:07.167+0600][17.127s][info][gc,task     ] GC(9) Using 6 of 6 workers for final marking
[2026-04-03T03:27:07.167+0600][17.127s][info][gc,ergo     ] GC(9) Collectable Garbage: 171M (96%), Immediate: 171M (96%), CSet: 0B (0%)
[2026-04-03T03:27:07.167+0600][17.127s][info][gc          ] GC(9) Pause Final Mark (unload classes) 0.639ms
[2026-04-03T03:27:07.167+0600][17.127s][info][gc,start    ] GC(9) Concurrent weak references
[2026-04-03T03:27:07.167+0600][17.127s][info][gc,task     ] GC(9) Using 3 of 6 workers for concurrent weak references
[2026-04-03T03:27:07.168+0600][17.128s][info][gc,ref      ] GC(9) Encountered references: Soft: 3189, Weak: 4995, Final: 82, Phantom: 604
[2026-04-03T03:27:07.168+0600][17.128s][info][gc,ref      ] GC(9) Discovered  references: Soft: 0, Weak: 526, Final: 0, Phantom: 601
[2026-04-03T03:27:07.168+0600][17.128s][info][gc,ref      ] GC(9) Enqueued    references: Soft: 0, Weak: 0, Final: 0, Phantom: 0
[2026-04-03T03:27:07.168+0600][17.128s][info][gc          ] GC(9) Concurrent weak references 0.270ms
[2026-04-03T03:27:07.168+0600][17.128s][info][gc,start    ] GC(9) Concurrent weak roots
[2026-04-03T03:27:07.168+0600][17.128s][info][gc,task     ] GC(9) Using 3 of 6 workers for concurrent weak root
[2026-04-03T03:27:07.169+0600][17.129s][info][gc          ] GC(9) Concurrent weak roots 1.333ms
[2026-04-03T03:27:07.169+0600][17.129s][info][gc,start    ] GC(9) Concurrent cleanup
[2026-04-03T03:27:07.169+0600][17.129s][info][gc          ] GC(9) Concurrent cleanup 236M->66M(338M) 0.447ms
[2026-04-03T03:27:07.169+0600][17.129s][info][gc,ergo     ] GC(9) Free: 1119M, Max: 512K regular, 873M humongous, Frag: 22% external, 0% internal; Reserve: 64000K, Max: 512K
[2026-04-03T03:27:07.169+0600][17.130s][info][gc,start    ] GC(9) Concurrent class unloading
[2026-04-03T03:27:07.169+0600][17.130s][info][gc,task     ] GC(9) Using 3 of 6 workers for concurrent class unloading
[2026-04-03T03:27:07.173+0600][17.133s][info][gc          ] GC(9) Concurrent class unloading 3.438ms
[2026-04-03T03:27:07.173+0600][17.133s][info][gc,start    ] GC(9) Pause Final Roots
[2026-04-03T03:27:07.173+0600][17.133s][info][gc          ] GC(9) Pause Final Roots 0.054ms
[2026-04-03T03:27:07.173+0600][17.133s][info][gc,ergo     ] Free: 1113M, Max: 512K regular, 873M humongous, Frag: 22% external, 0% internal; Reserve: 64000K, Max: 512K
[2026-04-03T03:27:07.173+0600][17.133s][info][gc,stats    ] 
[2026-04-03T03:27:07.173+0600][17.133s][info][gc,stats    ] All times are wall-clock times, except per-root-class counters, that are sum over
[2026-04-03T03:27:07.173+0600][17.133s][info][gc,stats    ] all workers. Dividing the <total> over the root stage time estimates parallelism.
[2026-04-03T03:27:07.173+0600][17.133s][info][gc,stats    ] 
[2026-04-03T03:27:07.173+0600][17.133s][info][gc,stats    ] Concurrent Reset                    403 us
[2026-04-03T03:27:07.173+0600][17.133s][info][gc,stats    ] Pause Init Mark (G)                 434 us
[2026-04-03T03:27:07.173+0600][17.134s][info][gc,stats    ] Pause Init Mark (N)                  88 us
[2026-04-03T03:27:07.173+0600][17.134s][info][gc,stats    ]   Update Region States               16 us
[2026-04-03T03:27:07.174+0600][17.134s][info][gc,stats    ] Concurrent Mark Roots               641 us, parallelism: 1.73x
[2026-04-03T03:27:07.174+0600][17.134s][info][gc,stats    ]   CMR: <total>                     1109 us
[2026-04-03T03:27:07.174+0600][17.134s][info][gc,stats    ]   CMR: Thread Roots                 872 us, workers (us): 162, 368, 342, ---, ---, ---, 
[2026-04-03T03:27:07.174+0600][17.134s][info][gc,stats    ]   CMR: VM Strong Roots               21 us, workers (us):  15,   5,   1, ---, ---, ---, 
[2026-04-03T03:27:07.174+0600][17.134s][info][gc,stats    ]   CMR: CLDG Roots                   216 us, workers (us): 216, ---, ---, ---, ---, ---, 
[2026-04-03T03:27:07.174+0600][17.134s][info][gc,stats    ] Concurrent Marking                15090 us
[2026-04-03T03:27:07.174+0600][17.134s][info][gc,stats    ] Pause Final Mark (G)                961 us
[2026-04-03T03:27:07.174+0600][17.134s][info][gc,stats    ] Pause Final Mark (N)                657 us
[2026-04-03T03:27:07.174+0600][17.134s][info][gc,stats    ]   Finish Mark                       407 us
[2026-04-03T03:27:07.174+0600][17.134s][info][gc,stats    ]   Update Region States               35 us
[2026-04-03T03:27:07.174+0600][17.134s][info][gc,stats    ]   Choose Collection Set              81 us
[2026-04-03T03:27:07.174+0600][17.134s][info][gc,stats    ]   Rebuild Free Set                   31 us
[2026-04-03T03:27:07.174+0600][17.134s][info][gc,stats    ] Concurrent Weak References          284 us, parallelism: 0.47x
[2026-04-03T03:27:07.174+0600][17.134s][info][gc,stats    ]   CWRF: <total>                     133 us
[2026-04-03T03:27:07.174+0600][17.134s][info][gc,stats    ]   CWRF: Weak References             133 us, workers (us): 116,  16,   2, ---, ---, ---, 
[2026-04-03T03:27:07.174+0600][17.134s][info][gc,stats    ] Concurrent Weak Roots              1387 us
[2026-04-03T03:27:07.174+0600][17.134s][info][gc,stats    ]   Roots                            1214 us, parallelism: 2.55x
[2026-04-03T03:27:07.174+0600][17.134s][info][gc,stats    ]     CWR: <total>                   3095 us
[2026-04-03T03:27:07.174+0600][17.134s][info][gc,stats    ]     CWR: Code Cache Roots          1929 us, workers (us): 586, 663, 680, ---, ---, ---, 
[2026-04-03T03:27:07.174+0600][17.134s][info][gc,stats    ]     CWR: VM Weak Roots             1089 us, workers (us): 371, 361, 358, ---, ---, ---, 
[2026-04-03T03:27:07.174+0600][17.134s][info][gc,stats    ]     CWR: CLDG Roots                  77 us, workers (us):  77, ---, ---, ---, ---, ---, 
[2026-04-03T03:27:07.174+0600][17.134s][info][gc,stats    ]   Rendezvous                         93 us
[2026-04-03T03:27:07.174+0600][17.134s][info][gc,stats    ] Concurrent Cleanup                  463 us
[2026-04-03T03:27:07.174+0600][17.134s][info][gc,stats    ] Concurrent Class Unloading         3477 us
[2026-04-03T03:27:07.174+0600][17.134s][info][gc,stats    ]   Unlink Stale                     3114 us
[2026-04-03T03:27:07.174+0600][17.134s][info][gc,stats    ]     System Dictionary                60 us
[2026-04-03T03:27:07.174+0600][17.134s][info][gc,stats    ]     Weak Class Links                  0 us
[2026-04-03T03:27:07.174+0600][17.134s][info][gc,stats    ]     Code Roots                     3052 us
[2026-04-03T03:27:07.174+0600][17.134s][info][gc,stats    ]   Rendezvous                        101 us
[2026-04-03T03:27:07.174+0600][17.134s][info][gc,stats    ]   Purge Unlinked                    196 us
[2026-04-03T03:27:07.174+0600][17.134s][info][gc,stats    ]     Code Roots                      188 us
[2026-04-03T03:27:07.174+0600][17.134s][info][gc,stats    ]     CLDG                              7 us
[2026-04-03T03:27:07.174+0600][17.134s][info][gc,stats    ]     Exception Caches                  0 us
[2026-04-03T03:27:07.174+0600][17.134s][info][gc,stats    ] Pause Final Roots (G)               322 us
[2026-04-03T03:27:07.174+0600][17.134s][info][gc,stats    ] Pause Final Roots (N)                66 us
[2026-04-03T03:27:07.174+0600][17.134s][info][gc,stats    ] 
[2026-04-03T03:27:07.174+0600][17.134s][info][gc,stats    ] Allocation pacing accrued:
[2026-04-03T03:27:07.174+0600][17.134s][info][gc,stats    ]       0 of    99 ms (  0.0%): <total>
[2026-04-03T03:27:07.174+0600][17.134s][info][gc,stats    ]       0 of    99 ms (  0.0%): <average total>
[2026-04-03T03:27:07.174+0600][17.134s][info][gc,stats    ] 
[2026-04-03T03:27:07.174+0600][17.134s][info][gc,metaspace] Metaspace: 66465K(67392K)->66465K(67392K) NonClass: 58142K(58688K)->58142K(58688K) Class: 8322K(8704K)->8322K(8704K)
[2026-04-03T03:27:07.174+0600][17.134s][info][gc,ergo     ] Pacer for Idle. Initial: 25600K, Alloc Tax Rate: 1.0x
[2026-04-03T03:27:07.394+0600][17.354s][info][gc          ] Trigger: Average GC time (381.73 ms) is above the time for average allocation rate (1748 MB/s) to deplete free headroom (667M) (margin of error = 1.80)
[2026-04-03T03:27:07.394+0600][17.354s][info][gc,ergo     ] Free headroom: 729M (free) - 64000K (spike) - 0B (penalties) = 667M
[2026-04-03T03:27:07.394+0600][17.355s][info][gc,ergo     ] Free: 729M, Max: 512K regular, 729M humongous, Frag: 0% external, 0% internal; Reserve: 64000K, Max: 512K
[2026-04-03T03:27:07.395+0600][17.355s][info][gc,start    ] GC(10) Concurrent reset
[2026-04-03T03:27:07.395+0600][17.355s][info][gc,task     ] GC(10) Using 3 of 6 workers for concurrent reset
[2026-04-03T03:27:07.395+0600][17.355s][info][gc,ergo     ] GC(10) Pacer for Reset. Non-Taxable: 1250M
[2026-04-03T03:27:07.395+0600][17.355s][info][gc          ] GC(10) Concurrent reset 0.439ms
[2026-04-03T03:27:07.395+0600][17.355s][info][gc,start    ] GC(10) Pause Init Mark (unload classes)
[2026-04-03T03:27:07.395+0600][17.355s][info][gc,task     ] GC(10) Using 6 of 6 workers for init marking
[2026-04-03T03:27:07.395+0600][17.355s][info][gc,ergo     ] GC(10) Pacer for Mark. Expected Live: 31444K, Free: 729M, Non-Taxable: 74702K, Alloc Tax Rate: 0.1x
[2026-04-03T03:27:07.395+0600][17.355s][info][gc          ] GC(10) Pause Init Mark (unload classes) 0.077ms
[2026-04-03T03:27:07.395+0600][17.355s][info][gc,start    ] GC(10) Concurrent marking roots
[2026-04-03T03:27:07.395+0600][17.355s][info][gc,task     ] GC(10) Using 3 of 6 workers for concurrent marking roots
[2026-04-03T03:27:07.396+0600][17.356s][info][gc          ] GC(10) Concurrent marking roots 0.486ms
[2026-04-03T03:27:07.396+0600][17.356s][info][gc,start    ] GC(10) Concurrent marking (unload classes)
[2026-04-03T03:27:07.396+0600][17.356s][info][gc,task     ] GC(10) Using 3 of 6 workers for concurrent marking
[2026-04-03T03:27:07.409+0600][17.369s][info][gc          ] GC(10) Concurrent marking (unload classes) 13.491ms
[2026-04-03T03:27:07.409+0600][17.369s][info][gc,start    ] GC(10) Pause Final Mark (unload classes)
[2026-04-03T03:27:07.409+0600][17.369s][info][gc,task     ] GC(10) Using 6 of 6 workers for final marking
[2026-04-03T03:27:07.410+0600][17.370s][info][gc,ergo     ] GC(10) Collectable Garbage: 417M (98%), Immediate: 417M (98%), CSet: 0B (0%)
[2026-04-03T03:27:07.410+0600][17.370s][info][gc          ] GC(10) Pause Final Mark (unload classes) 0.375ms
[2026-04-03T03:27:07.410+0600][17.370s][info][gc,start    ] GC(10) Concurrent weak references
[2026-04-03T03:27:07.410+0600][17.370s][info][gc,task     ] GC(10) Using 3 of 6 workers for concurrent weak references
[2026-04-03T03:27:07.410+0600][17.370s][info][gc,ref      ] GC(10) Encountered references: Soft: 3189, Weak: 4995, Final: 82, Phantom: 604
[2026-04-03T03:27:07.410+0600][17.370s][info][gc,ref      ] GC(10) Discovered  references: Soft: 0, Weak: 1436, Final: 0, Phantom: 601
[2026-04-03T03:27:07.410+0600][17.370s][info][gc,ref      ] GC(10) Enqueued    references: Soft: 0, Weak: 0, Final: 0, Phantom: 0
[2026-04-03T03:27:07.410+0600][17.370s][info][gc          ] GC(10) Concurrent weak references 0.234ms
[2026-04-03T03:27:07.410+0600][17.370s][info][gc,start    ] GC(10) Concurrent weak roots
[2026-04-03T03:27:07.410+0600][17.370s][info][gc,task     ] GC(10) Using 3 of 6 workers for concurrent weak root
[2026-04-03T03:27:07.411+0600][17.371s][info][gc          ] GC(10) Concurrent weak roots 1.135ms
[2026-04-03T03:27:07.411+0600][17.371s][info][gc,start    ] GC(10) Concurrent cleanup
[2026-04-03T03:27:07.412+0600][17.372s][info][gc          ] GC(10) Concurrent cleanup 470M->54M(475M) 0.431ms
[2026-04-03T03:27:07.412+0600][17.372s][info][gc,ergo     ] GC(10) Free: 1131M, Max: 512K regular, 715M humongous, Frag: 37% external, 0% internal; Reserve: 64000K, Max: 512K
[2026-04-03T03:27:07.412+0600][17.372s][info][gc,start    ] GC(10) Concurrent class unloading
[2026-04-03T03:27:07.412+0600][17.372s][info][gc,task     ] GC(10) Using 3 of 6 workers for concurrent class unloading
[2026-04-03T03:27:07.415+0600][17.375s][info][gc          ] GC(10) Concurrent class unloading 3.287ms
[2026-04-03T03:27:07.415+0600][17.375s][info][gc,start    ] GC(10) Pause Final Roots
[2026-04-03T03:27:07.415+0600][17.375s][info][gc          ] GC(10) Pause Final Roots 0.040ms
[2026-04-03T03:27:07.415+0600][17.375s][info][gc,ergo     ] Free: 1125M, Max: 512K regular, 715M humongous, Frag: 37% external, 0% internal; Reserve: 64000K, Max: 512K
[2026-04-03T03:27:07.415+0600][17.375s][info][gc,stats    ] 
[2026-04-03T03:27:07.415+0600][17.375s][info][gc,stats    ] All times are wall-clock times, except per-root-class counters, that are sum over
[2026-04-03T03:27:07.415+0600][17.375s][info][gc,stats    ] all workers. Dividing the <total> over the root stage time estimates parallelism.
[2026-04-03T03:27:07.415+0600][17.375s][info][gc,stats    ] 
[2026-04-03T03:27:07.415+0600][17.375s][info][gc,stats    ] Concurrent Reset                    455 us
[2026-04-03T03:27:07.415+0600][17.375s][info][gc,stats    ] Pause Init Mark (G)                 239 us
[2026-04-03T03:27:07.415+0600][17.375s][info][gc,stats    ] Pause Init Mark (N)                  84 us
[2026-04-03T03:27:07.415+0600][17.375s][info][gc,stats    ]   Update Region States               16 us
[2026-04-03T03:27:07.415+0600][17.375s][info][gc,stats    ] Concurrent Mark Roots               503 us, parallelism: 1.69x
[2026-04-03T03:27:07.415+0600][17.375s][info][gc,stats    ]   CMR: <total>                      848 us
[2026-04-03T03:27:07.415+0600][17.375s][info][gc,stats    ]   CMR: Thread Roots                 606 us, workers (us):  73, 278, 255, ---, ---, ---, 
[2026-04-03T03:27:07.415+0600][17.375s][info][gc,stats    ]   CMR: VM Strong Roots               19 us, workers (us):  18,   1,   0, ---, ---, ---, 
[2026-04-03T03:27:07.415+0600][17.375s][info][gc,stats    ]   CMR: CLDG Roots                   222 us, workers (us): 222, ---, ---, ---, ---, ---, 
[2026-04-03T03:27:07.415+0600][17.375s][info][gc,stats    ] Concurrent Marking                13533 us
[2026-04-03T03:27:07.415+0600][17.375s][info][gc,stats    ] Pause Final Mark (G)                571 us
[2026-04-03T03:27:07.415+0600][17.375s][info][gc,stats    ] Pause Final Mark (N)                387 us
[2026-04-03T03:27:07.415+0600][17.375s][info][gc,stats    ]   Finish Mark                       164 us
[2026-04-03T03:27:07.415+0600][17.375s][info][gc,stats    ]   Update Region States               29 us
[2026-04-03T03:27:07.415+0600][17.375s][info][gc,stats    ]   Choose Collection Set              90 us
[2026-04-03T03:27:07.415+0600][17.375s][info][gc,stats    ]   Rebuild Free Set                   21 us
[2026-04-03T03:27:07.415+0600][17.375s][info][gc,stats    ] Concurrent Weak References          244 us, parallelism: 0.67x
[2026-04-03T03:27:07.415+0600][17.376s][info][gc,stats    ]   CWRF: <total>                     163 us
[2026-04-03T03:27:07.415+0600][17.376s][info][gc,stats    ]   CWRF: Weak References             163 us, workers (us):  63,  99,   1, ---, ---, ---, 
[2026-04-03T03:27:07.415+0600][17.376s][info][gc,stats    ] Concurrent Weak Roots              1157 us
[2026-04-03T03:27:07.416+0600][17.376s][info][gc,stats    ]   Roots                            1057 us, parallelism: 2.59x
[2026-04-03T03:27:07.416+0600][17.376s][info][gc,stats    ]     CWR: <total>                   2736 us
[2026-04-03T03:27:07.416+0600][17.376s][info][gc,stats    ]     CWR: Code Cache Roots          1822 us, workers (us): 576, 644, 602, ---, ---, ---, 
[2026-04-03T03:27:07.416+0600][17.376s][info][gc,stats    ]     CWR: VM Weak Roots              853 us, workers (us): 298, 294, 261, ---, ---, ---, 
[2026-04-03T03:27:07.416+0600][17.376s][info][gc,stats    ]     CWR: CLDG Roots                  61 us, workers (us):  61, ---, ---, ---, ---, ---, 
[2026-04-03T03:27:07.416+0600][17.376s][info][gc,stats    ]   Rendezvous                         58 us
[2026-04-03T03:27:07.416+0600][17.376s][info][gc,stats    ] Concurrent Cleanup                  446 us
[2026-04-03T03:27:07.416+0600][17.376s][info][gc,stats    ] Concurrent Class Unloading         3334 us
[2026-04-03T03:27:07.416+0600][17.376s][info][gc,stats    ]   Unlink Stale                     3004 us
[2026-04-03T03:27:07.416+0600][17.376s][info][gc,stats    ]     System Dictionary                43 us
[2026-04-03T03:27:07.416+0600][17.376s][info][gc,stats    ]     Weak Class Links                  0 us
[2026-04-03T03:27:07.416+0600][17.376s][info][gc,stats    ]     Code Roots                     2958 us
[2026-04-03T03:27:07.416+0600][17.376s][info][gc,stats    ]   Rendezvous                        160 us
[2026-04-03T03:27:07.416+0600][17.376s][info][gc,stats    ]   Purge Unlinked                    102 us
[2026-04-03T03:27:07.416+0600][17.376s][info][gc,stats    ]     Code Roots                       95 us
[2026-04-03T03:27:07.416+0600][17.376s][info][gc,stats    ]     CLDG                              6 us
[2026-04-03T03:27:07.416+0600][17.376s][info][gc,stats    ]     Exception Caches                  0 us
[2026-04-03T03:27:07.416+0600][17.376s][info][gc,stats    ] Pause Final Roots (G)               124 us
[2026-04-03T03:27:07.416+0600][17.376s][info][gc,stats    ] Pause Final Roots (N)                50 us
[2026-04-03T03:27:07.416+0600][17.376s][info][gc,stats    ] 
[2026-04-03T03:27:07.416+0600][17.376s][info][gc,stats    ] Allocation pacing accrued:
[2026-04-03T03:27:07.416+0600][17.376s][info][gc,stats    ]       0 of   242 ms (  0.0%): <total>
[2026-04-03T03:27:07.416+0600][17.376s][info][gc,stats    ]       0 of   242 ms (  0.0%): <average total>
[2026-04-03T03:27:07.416+0600][17.376s][info][gc,stats    ] 
[2026-04-03T03:27:07.416+0600][17.376s][info][gc,metaspace] Metaspace: 66465K(67392K)->66465K(67392K) NonClass: 58143K(58688K)->58143K(58688K) Class: 8322K(8704K)->8322K(8704K)
[2026-04-03T03:27:07.416+0600][17.376s][info][gc,ergo     ] Pacer for Idle. Initial: 25600K, Alloc Tax Rate: 1.0x
[2026-04-03T03:27:07.751+0600][17.711s][info][gc          ] Trigger: Average GC time (270.75 ms) is above the time for average allocation rate (1743 MB/s) to deplete free headroom (471M) (margin of error = 1.80)
[2026-04-03T03:27:07.751+0600][17.711s][info][gc,ergo     ] Free headroom: 534M (free) - 64000K (spike) - 0B (penalties) = 471M
[2026-04-03T03:27:07.751+0600][17.711s][info][gc,ergo     ] Free: 534M, Max: 512K regular, 534M humongous, Frag: 0% external, 0% internal; Reserve: 64000K, Max: 512K
[2026-04-03T03:27:07.751+0600][17.711s][info][gc,start    ] GC(11) Concurrent reset
[2026-04-03T03:27:07.751+0600][17.711s][info][gc,task     ] GC(11) Using 3 of 6 workers for concurrent reset
[2026-04-03T03:27:07.751+0600][17.711s][info][gc,ergo     ] GC(11) Pacer for Reset. Non-Taxable: 1250M
[2026-04-03T03:27:07.751+0600][17.711s][info][gc          ] GC(11) Concurrent reset 0.517ms
[2026-04-03T03:27:07.751+0600][17.711s][info][gc,start    ] GC(11) Pause Init Mark (unload classes)
[2026-04-03T03:27:07.752+0600][17.712s][info][gc,task     ] GC(11) Using 6 of 6 workers for init marking
[2026-04-03T03:27:07.752+0600][17.712s][info][gc,ergo     ] GC(11) Pacer for Mark. Expected Live: 32570K, Free: 533M, Non-Taxable: 54631K, Alloc Tax Rate: 0.1x
[2026-04-03T03:27:07.752+0600][17.712s][info][gc          ] GC(11) Pause Init Mark (unload classes) 0.113ms
[2026-04-03T03:27:07.752+0600][17.712s][info][gc,start    ] GC(11) Concurrent marking roots
[2026-04-03T03:27:07.752+0600][17.712s][info][gc,task     ] GC(11) Using 3 of 6 workers for concurrent marking roots
[2026-04-03T03:27:07.752+0600][17.712s][info][gc          ] GC(11) Concurrent marking roots 0.596ms
[2026-04-03T03:27:07.752+0600][17.712s][info][gc,start    ] GC(11) Concurrent marking (unload classes)
[2026-04-03T03:27:07.752+0600][17.712s][info][gc,task     ] GC(11) Using 3 of 6 workers for concurrent marking
[2026-04-03T03:27:07.766+0600][17.726s][info][gc          ] GC(11) Concurrent marking (unload classes) 13.714ms
[2026-04-03T03:27:07.766+0600][17.726s][info][gc,start    ] GC(11) Pause Final Mark (unload classes)
[2026-04-03T03:27:07.766+0600][17.726s][info][gc,task     ] GC(11) Using 6 of 6 workers for final marking
[2026-04-03T03:27:07.766+0600][17.726s][info][gc,ergo     ] GC(11) Collectable Garbage: 610M (98%), Immediate: 610M (98%), CSet: 0B (0%)
[2026-04-03T03:27:07.767+0600][17.727s][info][gc          ] GC(11) Pause Final Mark (unload classes) 0.412ms
[2026-04-03T03:27:07.767+0600][17.727s][info][gc,start    ] GC(11) Concurrent weak references
[2026-04-03T03:27:07.767+0600][17.727s][info][gc,task     ] GC(11) Using 3 of 6 workers for concurrent weak references
[2026-04-03T03:27:07.767+0600][17.727s][info][gc,ref      ] GC(11) Encountered references: Soft: 3189, Weak: 4995, Final: 82, Phantom: 604
[2026-04-03T03:27:07.767+0600][17.727s][info][gc,ref      ] GC(11) Discovered  references: Soft: 0, Weak: 1639, Final: 0, Phantom: 601
[2026-04-03T03:27:07.767+0600][17.727s][info][gc,ref      ] GC(11) Enqueued    references: Soft: 0, Weak: 0, Final: 0, Phantom: 0
[2026-04-03T03:27:07.767+0600][17.727s][info][gc          ] GC(11) Concurrent weak references 0.269ms
[2026-04-03T03:27:07.767+0600][17.727s][info][gc,start    ] GC(11) Concurrent weak roots
[2026-04-03T03:27:07.767+0600][17.727s][info][gc,task     ] GC(11) Using 3 of 6 workers for concurrent weak root
[2026-04-03T03:27:07.768+0600][17.729s][info][gc          ] GC(11) Concurrent weak roots 1.633ms
[2026-04-03T03:27:07.769+0600][17.729s][info][gc,start    ] GC(11) Concurrent cleanup
[2026-04-03T03:27:07.769+0600][17.729s][info][gc          ] GC(11) Concurrent cleanup 669M->58M(674M) 0.581ms
[2026-04-03T03:27:07.769+0600][17.729s][info][gc,ergo     ] GC(11) Free: 1126M, Max: 512K regular, 516M humongous, Frag: 55% external, 0% internal; Reserve: 64000K, Max: 512K
[2026-04-03T03:27:07.769+0600][17.729s][info][gc,start    ] GC(11) Concurrent class unloading
[2026-04-03T03:27:07.769+0600][17.729s][info][gc,task     ] GC(11) Using 3 of 6 workers for concurrent class unloading
[2026-04-03T03:27:07.772+0600][17.733s][info][gc          ] GC(11) Concurrent class unloading 3.326ms
[2026-04-03T03:27:07.773+0600][17.733s][info][gc,start    ] GC(11) Pause Final Roots
[2026-04-03T03:27:07.773+0600][17.733s][info][gc          ] GC(11) Pause Final Roots 0.040ms
[2026-04-03T03:27:07.773+0600][17.733s][info][gc,ergo     ] Free: 1121M, Max: 512K regular, 516M humongous, Frag: 54% external, 0% internal; Reserve: 64000K, Max: 512K
[2026-04-03T03:27:07.773+0600][17.733s][info][gc,stats    ] 
[2026-04-03T03:27:07.773+0600][17.733s][info][gc,stats    ] All times are wall-clock times, except per-root-class counters, that are sum over
[2026-04-03T03:27:07.773+0600][17.733s][info][gc,stats    ] all workers. Dividing the <total> over the root stage time estimates parallelism.
[2026-04-03T03:27:07.773+0600][17.733s][info][gc,stats    ] 
[2026-04-03T03:27:07.773+0600][17.733s][info][gc,stats    ] Concurrent Reset                    539 us
[2026-04-03T03:27:07.773+0600][17.733s][info][gc,stats    ] Pause Init Mark (G)                 328 us
[2026-04-03T03:27:07.773+0600][17.733s][info][gc,stats    ] Pause Init Mark (N)                 124 us
[2026-04-03T03:27:07.773+0600][17.733s][info][gc,stats    ]   Update Region States               22 us
[2026-04-03T03:27:07.773+0600][17.733s][info][gc,stats    ] Concurrent Mark Roots               616 us, parallelism: 1.54x
[2026-04-03T03:27:07.773+0600][17.733s][info][gc,stats    ]   CMR: <total>                      950 us
[2026-04-03T03:27:07.773+0600][17.733s][info][gc,stats    ]   CMR: Thread Roots                 695 us, workers (us):  76, 310, 309, ---, ---, ---, 
[2026-04-03T03:27:07.773+0600][17.733s][info][gc,stats    ]   CMR: VM Strong Roots               19 us, workers (us):  18,   0,   0, ---, ---, ---, 
[2026-04-03T03:27:07.773+0600][17.733s][info][gc,stats    ]   CMR: CLDG Roots                   236 us, workers (us): 236, ---, ---, ---, ---, ---, 
[2026-04-03T03:27:07.773+0600][17.733s][info][gc,stats    ] Concurrent Marking                13770 us
[2026-04-03T03:27:07.773+0600][17.733s][info][gc,stats    ] Pause Final Mark (G)                544 us
[2026-04-03T03:27:07.773+0600][17.733s][info][gc,stats    ] Pause Final Mark (N)                424 us
[2026-04-03T03:27:07.773+0600][17.733s][info][gc,stats    ]   Finish Mark                       227 us
[2026-04-03T03:27:07.773+0600][17.733s][info][gc,stats    ]   Update Region States               32 us
[2026-04-03T03:27:07.773+0600][17.733s][info][gc,stats    ]   Choose Collection Set              58 us
[2026-04-03T03:27:07.773+0600][17.733s][info][gc,stats    ]   Rebuild Free Set                   25 us
[2026-04-03T03:27:07.773+0600][17.733s][info][gc,stats    ] Concurrent Weak References          281 us, parallelism: 0.88x
[2026-04-03T03:27:07.773+0600][17.733s][info][gc,stats    ]   CWRF: <total>                     247 us
[2026-04-03T03:27:07.773+0600][17.733s][info][gc,stats    ]   CWRF: Weak References             247 us, workers (us): 170,  49,  28, ---, ---, ---, 
[2026-04-03T03:27:07.773+0600][17.733s][info][gc,stats    ] Concurrent Weak Roots              1666 us
[2026-04-03T03:27:07.773+0600][17.733s][info][gc,stats    ]   Roots                            1463 us, parallelism: 2.40x
[2026-04-03T03:27:07.773+0600][17.733s][info][gc,stats    ]     CWR: <total>                   3515 us
[2026-04-03T03:27:07.773+0600][17.733s][info][gc,stats    ]     CWR: Code Cache Roots          2454 us, workers (us): 726, 929, 800, ---, ---, ---, 
[2026-04-03T03:27:07.773+0600][17.733s][info][gc,stats    ]     CWR: VM Weak Roots              985 us, workers (us): 360, 317, 308, ---, ---, ---, 
[2026-04-03T03:27:07.773+0600][17.733s][info][gc,stats    ]     CWR: CLDG Roots                  76 us, workers (us):  76, ---, ---, ---, ---, ---, 
[2026-04-03T03:27:07.773+0600][17.733s][info][gc,stats    ]   Rendezvous                        146 us
[2026-04-03T03:27:07.773+0600][17.733s][info][gc,stats    ] Concurrent Cleanup                  601 us
[2026-04-03T03:27:07.773+0600][17.733s][info][gc,stats    ] Concurrent Class Unloading         3363 us
[2026-04-03T03:27:07.773+0600][17.733s][info][gc,stats    ]   Unlink Stale                     2970 us
[2026-04-03T03:27:07.773+0600][17.733s][info][gc,stats    ]     System Dictionary                59 us
[2026-04-03T03:27:07.773+0600][17.733s][info][gc,stats    ]     Weak Class Links                  0 us
[2026-04-03T03:27:07.773+0600][17.733s][info][gc,stats    ]     Code Roots                     2908 us
[2026-04-03T03:27:07.773+0600][17.733s][info][gc,stats    ]   Rendezvous                        111 us
[2026-04-03T03:27:07.773+0600][17.733s][info][gc,stats    ]   Purge Unlinked                    219 us
[2026-04-03T03:27:07.773+0600][17.733s][info][gc,stats    ]     Code Roots                      208 us
[2026-04-03T03:27:07.773+0600][17.733s][info][gc,stats    ]     CLDG                             10 us
[2026-04-03T03:27:07.773+0600][17.733s][info][gc,stats    ]     Exception Caches                  0 us
[2026-04-03T03:27:07.773+0600][17.733s][info][gc,stats    ] Pause Final Roots (G)               194 us
[2026-04-03T03:27:07.773+0600][17.733s][info][gc,stats    ] Pause Final Roots (N)                67 us
[2026-04-03T03:27:07.773+0600][17.733s][info][gc,stats    ] 
[2026-04-03T03:27:07.773+0600][17.733s][info][gc,stats    ] Allocation pacing accrued:
[2026-04-03T03:27:07.773+0600][17.733s][info][gc,stats    ]       0 of   358 ms (  0.0%): <total>
[2026-04-03T03:27:07.773+0600][17.733s][info][gc,stats    ]       0 of   358 ms (  0.0%): <average total>
[2026-04-03T03:27:07.773+0600][17.733s][info][gc,stats    ] 
[2026-04-03T03:27:07.773+0600][17.733s][info][gc,metaspace] Metaspace: 66467K(67392K)->66467K(67392K) NonClass: 58144K(58688K)->58144K(58688K) Class: 8322K(8704K)->8322K(8704K)
[2026-04-03T03:27:07.773+0600][17.733s][info][gc,ergo     ] Pacer for Idle. Initial: 25600K, Alloc Tax Rate: 1.0x
[2026-04-03T03:27:08.119+0600][18.079s][info][gc          ] Trigger: Average GC time (195.08 ms) is above the time for average allocation rate (2005 MB/s) to deplete free headroom (390M) (margin of error = 1.80)
[2026-04-03T03:27:08.119+0600][18.079s][info][gc,ergo     ] Free headroom: 452M (free) - 64000K (spike) - 0B (penalties) = 390M
[2026-04-03T03:27:08.119+0600][18.079s][info][gc,ergo     ] Free: 452M, Max: 512K regular, 452M humongous, Frag: 0% external, 0% internal; Reserve: 64000K, Max: 512K
[2026-04-03T03:27:08.119+0600][18.079s][info][gc,start    ] GC(12) Concurrent reset
[2026-04-03T03:27:08.119+0600][18.079s][info][gc,task     ] GC(12) Using 3 of 6 workers for concurrent reset
[2026-04-03T03:27:08.119+0600][18.079s][info][gc,ergo     ] GC(12) Pacer for Reset. Non-Taxable: 1250M
[2026-04-03T03:27:08.120+0600][18.080s][info][gc          ] GC(12) Concurrent reset 0.899ms
[2026-04-03T03:27:08.121+0600][18.081s][info][gc,start    ] GC(12) Pause Init Mark (unload classes)
[2026-04-03T03:27:08.121+0600][18.081s][info][gc,task     ] GC(12) Using 6 of 6 workers for init marking
[2026-04-03T03:27:08.121+0600][18.081s][info][gc,ergo     ] GC(12) Pacer for Mark. Expected Live: 32570K, Free: 450M, Non-Taxable: 46131K, Alloc Tax Rate: 0.1x
[2026-04-03T03:27:08.121+0600][18.081s][info][gc          ] GC(12) Pause Init Mark (unload classes) 0.095ms
[2026-04-03T03:27:08.121+0600][18.081s][info][gc,start    ] GC(12) Concurrent marking roots
[2026-04-03T03:27:08.121+0600][18.081s][info][gc,task     ] GC(12) Using 3 of 6 workers for concurrent marking roots
[2026-04-03T03:27:08.121+0600][18.081s][info][gc          ] GC(12) Concurrent marking roots 0.564ms
[2026-04-03T03:27:08.121+0600][18.081s][info][gc,start    ] GC(12) Concurrent marking (unload classes)
[2026-04-03T03:27:08.121+0600][18.081s][info][gc,task     ] GC(12) Using 3 of 6 workers for concurrent marking
[2026-04-03T03:27:08.138+0600][18.098s][info][gc          ] GC(12) Concurrent marking (unload classes) 16.298ms
[2026-04-03T03:27:08.138+0600][18.098s][info][gc,start    ] GC(12) Pause Final Mark (unload classes)
[2026-04-03T03:27:08.138+0600][18.098s][info][gc,task     ] GC(12) Using 6 of 6 workers for final marking
[2026-04-03T03:27:08.138+0600][18.098s][info][gc,ergo     ] GC(12) Collectable Garbage: 692M (98%), Immediate: 692M (98%), CSet: 0B (0%)
[2026-04-03T03:27:08.138+0600][18.098s][info][gc          ] GC(12) Pause Final Mark (unload classes) 0.526ms
[2026-04-03T03:27:08.138+0600][18.098s][info][gc,start    ] GC(12) Concurrent weak references
[2026-04-03T03:27:08.138+0600][18.098s][info][gc,task     ] GC(12) Using 3 of 6 workers for concurrent weak references
[2026-04-03T03:27:08.139+0600][18.099s][info][gc,ref      ] GC(12) Encountered references: Soft: 3189, Weak: 4995, Final: 82, Phantom: 604
[2026-04-03T03:27:08.139+0600][18.099s][info][gc,ref      ] GC(12) Discovered  references: Soft: 0, Weak: 2619, Final: 50, Phantom: 601
[2026-04-03T03:27:08.139+0600][18.099s][info][gc,ref      ] GC(12) Enqueued    references: Soft: 0, Weak: 0, Final: 0, Phantom: 0
[2026-04-03T03:27:08.139+0600][18.099s][info][gc          ] GC(12) Concurrent weak references 0.332ms
[2026-04-03T03:27:08.139+0600][18.099s][info][gc,start    ] GC(12) Concurrent weak roots
[2026-04-03T03:27:08.139+0600][18.099s][info][gc,task     ] GC(12) Using 3 of 6 workers for concurrent weak root
[2026-04-03T03:27:08.141+0600][18.101s][info][gc          ] GC(12) Concurrent weak roots 1.875ms
[2026-04-03T03:27:08.141+0600][18.101s][info][gc,start    ] GC(12) Concurrent cleanup
[2026-04-03T03:27:08.141+0600][18.101s][info][gc          ] GC(12) Concurrent cleanup 756M->64M(761M) 0.413ms
[2026-04-03T03:27:08.141+0600][18.101s][info][gc,ergo     ] GC(12) Free: 1121M, Max: 512K regular, 429M humongous, Frag: 62% external, 0% internal; Reserve: 64000K, Max: 512K
[2026-04-03T03:27:08.141+0600][18.101s][info][gc,start    ] GC(12) Concurrent class unloading
[2026-04-03T03:27:08.141+0600][18.101s][info][gc,task     ] GC(12) Using 3 of 6 workers for concurrent class unloading
[2026-04-03T03:27:08.145+0600][18.105s][info][gc          ] GC(12) Concurrent class unloading 4.211ms
[2026-04-03T03:27:08.146+0600][18.106s][info][gc,start    ] GC(12) Pause Final Roots
[2026-04-03T03:27:08.146+0600][18.106s][info][gc          ] GC(12) Pause Final Roots 0.043ms
[2026-04-03T03:27:08.146+0600][18.106s][info][gc,ergo     ] Free: 1115M, Max: 512K regular, 429M humongous, Frag: 62% external, 0% internal; Reserve: 64000K, Max: 512K
[2026-04-03T03:27:08.146+0600][18.106s][info][gc,stats    ] 
[2026-04-03T03:27:08.146+0600][18.106s][info][gc,stats    ] All times are wall-clock times, except per-root-class counters, that are sum over
[2026-04-03T03:27:08.146+0600][18.106s][info][gc,stats    ] all workers. Dividing the <total> over the root stage time estimates parallelism.
[2026-04-03T03:27:08.146+0600][18.106s][info][gc,stats    ] 
[2026-04-03T03:27:08.146+0600][18.106s][info][gc,stats    ] Concurrent Reset                    945 us
[2026-04-03T03:27:08.146+0600][18.106s][info][gc,stats    ] Pause Init Mark (G)                 273 us
[2026-04-03T03:27:08.146+0600][18.106s][info][gc,stats    ] Pause Init Mark (N)                 103 us
[2026-04-03T03:27:08.146+0600][18.106s][info][gc,stats    ]   Update Region States               21 us
[2026-04-03T03:27:08.146+0600][18.106s][info][gc,stats    ] Concurrent Mark Roots               594 us, parallelism: 1.48x
[2026-04-03T03:27:08.146+0600][18.106s][info][gc,stats    ]   CMR: <total>                      881 us
[2026-04-03T03:27:08.146+0600][18.106s][info][gc,stats    ]   CMR: Thread Roots                 633 us, workers (us):  71, 295, 268, ---, ---, ---, 
[2026-04-03T03:27:08.146+0600][18.106s][info][gc,stats    ]   CMR: VM Strong Roots               22 us, workers (us):  16,   5,   1, ---, ---, ---, 
[2026-04-03T03:27:08.146+0600][18.106s][info][gc,stats    ]   CMR: CLDG Roots                   225 us, workers (us): 225, ---, ---, ---, ---, ---, 
[2026-04-03T03:27:08.146+0600][18.106s][info][gc,stats    ] Concurrent Marking                16378 us
[2026-04-03T03:27:08.146+0600][18.106s][info][gc,stats    ] Pause Final Mark (G)                693 us
[2026-04-03T03:27:08.146+0600][18.106s][info][gc,stats    ] Pause Final Mark (N)                542 us
[2026-04-03T03:27:08.146+0600][18.106s][info][gc,stats    ]   Finish Mark                       256 us
[2026-04-03T03:27:08.146+0600][18.106s][info][gc,stats    ]   Update Region States               44 us
[2026-04-03T03:27:08.146+0600][18.106s][info][gc,stats    ]   Choose Collection Set              99 us
[2026-04-03T03:27:08.146+0600][18.106s][info][gc,stats    ]   Rebuild Free Set                   29 us
[2026-04-03T03:27:08.146+0600][18.106s][info][gc,stats    ] Concurrent Weak References          364 us, parallelism: 0.95x
[2026-04-03T03:27:08.146+0600][18.106s][info][gc,stats    ]   CWRF: <total>                     347 us
[2026-04-03T03:27:08.146+0600][18.106s][info][gc,stats    ]   CWRF: Weak References             347 us, workers (us): 186, 127,  34, ---, ---, ---, 
[2026-04-03T03:27:08.146+0600][18.106s][info][gc,stats    ] Concurrent Weak Roots              1933 us
[2026-04-03T03:27:08.146+0600][18.106s][info][gc,stats    ]   Roots                            1728 us, parallelism: 2.47x
[2026-04-03T03:27:08.146+0600][18.106s][info][gc,stats    ]     CWR: <total>                   4261 us
[2026-04-03T03:27:08.146+0600][18.106s][info][gc,stats    ]     CWR: Code Cache Roots          2945 us, workers (us): 901, 969, 1075, ---, ---, ---, 
[2026-04-03T03:27:08.146+0600][18.106s][info][gc,stats    ]     CWR: VM Weak Roots             1221 us, workers (us): 439, 399, 382, ---, ---, ---, 
[2026-04-03T03:27:08.146+0600][18.106s][info][gc,stats    ]     CWR: CLDG Roots                  95 us, workers (us):  95, ---, ---, ---, ---, ---, 
[2026-04-03T03:27:08.146+0600][18.106s][info][gc,stats    ]   Rendezvous                        118 us
[2026-04-03T03:27:08.146+0600][18.106s][info][gc,stats    ] Concurrent Cleanup                  433 us
[2026-04-03T03:27:08.146+0600][18.106s][info][gc,stats    ] Concurrent Class Unloading         4275 us
[2026-04-03T03:27:08.146+0600][18.106s][info][gc,stats    ]   Unlink Stale                     3818 us
[2026-04-03T03:27:08.146+0600][18.106s][info][gc,stats    ]     System Dictionary                72 us
[2026-04-03T03:27:08.146+0600][18.106s][info][gc,stats    ]     Weak Class Links                  0 us
[2026-04-03T03:27:08.146+0600][18.106s][info][gc,stats    ]     Code Roots                     3742 us
[2026-04-03T03:27:08.146+0600][18.106s][info][gc,stats    ]   Rendezvous                        168 us
[2026-04-03T03:27:08.146+0600][18.106s][info][gc,stats    ]   Purge Unlinked                    194 us
[2026-04-03T03:27:08.146+0600][18.106s][info][gc,stats    ]     Code Roots                      184 us
[2026-04-03T03:27:08.146+0600][18.106s][info][gc,stats    ]     CLDG                             10 us
[2026-04-03T03:27:08.146+0600][18.106s][info][gc,stats    ]     Exception Caches                  0 us
[2026-04-03T03:27:08.146+0600][18.106s][info][gc,stats    ] Pause Final Roots (G)               205 us
[2026-04-03T03:27:08.146+0600][18.106s][info][gc,stats    ] Pause Final Roots (N)                55 us
[2026-04-03T03:27:08.146+0600][18.106s][info][gc,stats    ] 
[2026-04-03T03:27:08.146+0600][18.106s][info][gc,stats    ] Allocation pacing accrued:
[2026-04-03T03:27:08.146+0600][18.106s][info][gc,stats    ]       0 of   373 ms (  0.0%): <total>
[2026-04-03T03:27:08.146+0600][18.106s][info][gc,stats    ]       0 of   373 ms (  0.0%): <average total>
[2026-04-03T03:27:08.146+0600][18.106s][info][gc,stats    ] 
[2026-04-03T03:27:08.146+0600][18.106s][info][gc,metaspace] Metaspace: 66467K(67392K)->66467K(67392K) NonClass: 58144K(58688K)->58144K(58688K) Class: 8322K(8704K)->8322K(8704K)
[2026-04-03T03:27:08.146+0600][18.106s][info][gc,ergo     ] Pacer for Idle. Initial: 25600K, Alloc Tax Rate: 1.0x
[2026-04-03T03:27:08.546+0600][18.506s][info][gc          ] Trigger: Average GC time (144.78 ms) is above the time for average allocation rate (1942 MB/s) to deplete free headroom (280M) (margin of error = 1.80)
[2026-04-03T03:27:08.546+0600][18.506s][info][gc,ergo     ] Free headroom: 342M (free) - 64000K (spike) - 0B (penalties) = 280M
[2026-04-03T03:27:08.546+0600][18.506s][info][gc,ergo     ] Free: 342M, Max: 512K regular, 342M humongous, Frag: 0% external, 0% internal; Reserve: 64000K, Max: 512K
[2026-04-03T03:27:08.546+0600][18.507s][info][gc,start    ] GC(13) Concurrent reset
[2026-04-03T03:27:08.546+0600][18.507s][info][gc,task     ] GC(13) Using 3 of 6 workers for concurrent reset
[2026-04-03T03:27:08.547+0600][18.507s][info][gc,ergo     ] GC(13) Pacer for Reset. Non-Taxable: 1250M
[2026-04-03T03:27:08.547+0600][18.507s][info][gc          ] GC(13) Concurrent reset 0.481ms
[2026-04-03T03:27:08.547+0600][18.507s][info][gc,start    ] GC(13) Pause Init Mark (unload classes)
[2026-04-03T03:27:08.547+0600][18.507s][info][gc,task     ] GC(13) Using 6 of 6 workers for init marking
[2026-04-03T03:27:08.547+0600][18.507s][info][gc,ergo     ] GC(13) Pacer for Mark. Expected Live: 32571K, Free: 341M, Non-Taxable: 34969K, Alloc Tax Rate: 0.1x
[2026-04-03T03:27:08.547+0600][18.507s][info][gc          ] GC(13) Pause Init Mark (unload classes) 0.094ms
[2026-04-03T03:27:08.547+0600][18.507s][info][gc,start    ] GC(13) Concurrent marking roots
[2026-04-03T03:27:08.547+0600][18.507s][info][gc,task     ] GC(13) Using 3 of 6 workers for concurrent marking roots
[2026-04-03T03:27:08.548+0600][18.508s][info][gc          ] GC(13) Concurrent marking roots 0.644ms
[2026-04-03T03:27:08.548+0600][18.508s][info][gc,start    ] GC(13) Concurrent marking (unload classes)
[2026-04-03T03:27:08.548+0600][18.508s][info][gc,task     ] GC(13) Using 3 of 6 workers for concurrent marking
[2026-04-03T03:27:08.562+0600][18.522s][info][gc          ] GC(13) Concurrent marking (unload classes) 14.404ms
[2026-04-03T03:27:08.563+0600][18.523s][info][gc,start    ] GC(13) Pause Final Mark (unload classes)
[2026-04-03T03:27:08.563+0600][18.523s][info][gc,task     ] GC(13) Using 6 of 6 workers for final marking
[2026-04-03T03:27:08.563+0600][18.523s][info][gc,ergo     ] GC(13) Collectable Garbage: 800M (98%), Immediate: 800M (98%), CSet: 0B (0%)
[2026-04-03T03:27:08.563+0600][18.523s][info][gc          ] GC(13) Pause Final Mark (unload classes) 0.475ms
[2026-04-03T03:27:08.563+0600][18.523s][info][gc,start    ] GC(13) Concurrent weak references
[2026-04-03T03:27:08.563+0600][18.523s][info][gc,task     ] GC(13) Using 3 of 6 workers for concurrent weak references
[2026-04-03T03:27:08.564+0600][18.524s][info][gc,ref      ] GC(13) Encountered references: Soft: 3189, Weak: 4995, Final: 82, Phantom: 604
[2026-04-03T03:27:08.564+0600][18.524s][info][gc,ref      ] GC(13) Discovered  references: Soft: 0, Weak: 2722, Final: 50, Phantom: 219
[2026-04-03T03:27:08.564+0600][18.524s][info][gc,ref      ] GC(13) Enqueued    references: Soft: 0, Weak: 0, Final: 0, Phantom: 0
[2026-04-03T03:27:08.564+0600][18.524s][info][gc          ] GC(13) Concurrent weak references 0.411ms
[2026-04-03T03:27:08.564+0600][18.524s][info][gc,start    ] GC(13) Concurrent weak roots
[2026-04-03T03:27:08.564+0600][18.524s][info][gc,task     ] GC(13) Using 3 of 6 workers for concurrent weak root
[2026-04-03T03:27:08.566+0600][18.526s][info][gc          ] GC(13) Concurrent weak roots 1.933ms
[2026-04-03T03:27:08.566+0600][18.526s][info][gc,start    ] GC(13) Concurrent cleanup
[2026-04-03T03:27:08.566+0600][18.526s][info][gc          ] GC(13) Concurrent cleanup 864M->64M(869M) 0.625ms
[2026-04-03T03:27:08.566+0600][18.526s][info][gc,ergo     ] GC(13) Free: 1120M, Max: 512K regular, 320M humongous, Frag: 72% external, 0% internal; Reserve: 64000K, Max: 512K
[2026-04-03T03:27:08.566+0600][18.526s][info][gc,start    ] GC(13) Concurrent class unloading
[2026-04-03T03:27:08.566+0600][18.526s][info][gc,task     ] GC(13) Using 3 of 6 workers for concurrent class unloading
[2026-04-03T03:27:08.570+0600][18.530s][info][gc          ] GC(13) Concurrent class unloading 3.681ms
[2026-04-03T03:27:08.570+0600][18.530s][info][gc,start    ] GC(13) Pause Final Roots
[2026-04-03T03:27:08.570+0600][18.530s][info][gc          ] GC(13) Pause Final Roots 0.049ms
[2026-04-03T03:27:08.571+0600][18.531s][info][gc,ergo     ] Free: 1115M, Max: 512K regular, 320M humongous, Frag: 72% external, 0% internal; Reserve: 64000K, Max: 512K
[2026-04-03T03:27:08.571+0600][18.531s][info][gc,stats    ] 
[2026-04-03T03:27:08.571+0600][18.531s][info][gc,stats    ] All times are wall-clock times, except per-root-class counters, that are sum over
[2026-04-03T03:27:08.571+0600][18.531s][info][gc,stats    ] all workers. Dividing the <total> over the root stage time estimates parallelism.
[2026-04-03T03:27:08.571+0600][18.531s][info][gc,stats    ] 
[2026-04-03T03:27:08.571+0600][18.531s][info][gc,stats    ] Concurrent Reset                    517 us
[2026-04-03T03:27:08.571+0600][18.531s][info][gc,stats    ] Pause Init Mark (G)                 280 us
[2026-04-03T03:27:08.571+0600][18.531s][info][gc,stats    ] Pause Init Mark (N)                 102 us
[2026-04-03T03:27:08.571+0600][18.531s][info][gc,stats    ]   Update Region States               23 us
[2026-04-03T03:27:08.571+0600][18.531s][info][gc,stats    ] Concurrent Mark Roots               674 us, parallelism: 1.57x
[2026-04-03T03:27:08.571+0600][18.531s][info][gc,stats    ]   CMR: <total>                     1060 us
[2026-04-03T03:27:08.571+0600][18.531s][info][gc,stats    ]   CMR: Thread Roots                 782 us, workers (us): 109, 350, 323, ---, ---, ---, 
[2026-04-03T03:27:08.571+0600][18.531s][info][gc,stats    ]   CMR: VM Strong Roots               20 us, workers (us):  19,   1,   0, ---, ---, ---, 
[2026-04-03T03:27:08.571+0600][18.531s][info][gc,stats    ]   CMR: CLDG Roots                   257 us, workers (us): 257, ---, ---, ---, ---, ---, 
[2026-04-03T03:27:08.571+0600][18.531s][info][gc,stats    ] Concurrent Marking                14478 us
[2026-04-03T03:27:08.571+0600][18.531s][info][gc,stats    ] Pause Final Mark (G)                747 us
[2026-04-03T03:27:08.571+0600][18.531s][info][gc,stats    ] Pause Final Mark (N)                491 us
[2026-04-03T03:27:08.571+0600][18.531s][info][gc,stats    ]   Finish Mark                       270 us
[2026-04-03T03:27:08.571+0600][18.531s][info][gc,stats    ]   Update Region States               47 us
[2026-04-03T03:27:08.571+0600][18.531s][info][gc,stats    ]   Choose Collection Set              74 us
[2026-04-03T03:27:08.571+0600][18.531s][info][gc,stats    ]   Rebuild Free Set                   21 us
[2026-04-03T03:27:08.571+0600][18.531s][info][gc,stats    ] Concurrent Weak References          423 us, parallelism: 0.62x
[2026-04-03T03:27:08.571+0600][18.531s][info][gc,stats    ]   CWRF: <total>                     263 us
[2026-04-03T03:27:08.571+0600][18.531s][info][gc,stats    ]   CWRF: Weak References             263 us, workers (us): 204,  60,   0, ---, ---, ---, 
[2026-04-03T03:27:08.571+0600][18.531s][info][gc,stats    ] Concurrent Weak Roots              1998 us
[2026-04-03T03:27:08.571+0600][18.531s][info][gc,stats    ]   Roots                            1764 us, parallelism: 2.42x
[2026-04-03T03:27:08.571+0600][18.531s][info][gc,stats    ]     CWR: <total>                   4269 us
[2026-04-03T03:27:08.571+0600][18.531s][info][gc,stats    ]     CWR: Code Cache Roots          3095 us, workers (us): 956, 1080, 1059, ---, ---, ---, 
[2026-04-03T03:27:08.571+0600][18.531s][info][gc,stats    ]     CWR: VM Weak Roots             1132 us, workers (us): 414, 360, 359, ---, ---, ---, 
[2026-04-03T03:27:08.571+0600][18.531s][info][gc,stats    ]     CWR: CLDG Roots                  41 us, workers (us): ---,  41, ---, ---, ---, ---, 
[2026-04-03T03:27:08.571+0600][18.531s][info][gc,stats    ]   Rendezvous                        143 us
[2026-04-03T03:27:08.571+0600][18.531s][info][gc,stats    ] Concurrent Cleanup                  690 us
[2026-04-03T03:27:08.571+0600][18.531s][info][gc,stats    ] Concurrent Class Unloading         3729 us
[2026-04-03T03:27:08.571+0600][18.531s][info][gc,stats    ]   Unlink Stale                     3348 us
[2026-04-03T03:27:08.571+0600][18.531s][info][gc,stats    ]     System Dictionary                61 us
[2026-04-03T03:27:08.571+0600][18.531s][info][gc,stats    ]     Weak Class Links                  0 us
[2026-04-03T03:27:08.571+0600][18.531s][info][gc,stats    ]     Code Roots                     3284 us
[2026-04-03T03:27:08.571+0600][18.531s][info][gc,stats    ]   Rendezvous                        207 us
[2026-04-03T03:27:08.571+0600][18.531s][info][gc,stats    ]   Purge Unlinked                    102 us
[2026-04-03T03:27:08.571+0600][18.531s][info][gc,stats    ]     Code Roots                       95 us
[2026-04-03T03:27:08.571+0600][18.531s][info][gc,stats    ]     CLDG                              6 us
[2026-04-03T03:27:08.571+0600][18.531s][info][gc,stats    ]     Exception Caches                  0 us
[2026-04-03T03:27:08.571+0600][18.531s][info][gc,stats    ] Pause Final Roots (G)               418 us
[2026-04-03T03:27:08.571+0600][18.531s][info][gc,stats    ] Pause Final Roots (N)                64 us
[2026-04-03T03:27:08.571+0600][18.531s][info][gc,stats    ] 
[2026-04-03T03:27:08.571+0600][18.531s][info][gc,stats    ] Allocation pacing accrued:
[2026-04-03T03:27:08.571+0600][18.531s][info][gc,stats    ]       0 of   425 ms (  0.0%): <total>
[2026-04-03T03:27:08.571+0600][18.531s][info][gc,stats    ]       0 of   425 ms (  0.0%): <average total>
[2026-04-03T03:27:08.571+0600][18.531s][info][gc,stats    ] 
[2026-04-03T03:27:08.571+0600][18.531s][info][gc,metaspace] Metaspace: 66469K(67392K)->66469K(67392K) NonClass: 58146K(58688K)->58146K(58688K) Class: 8322K(8704K)->8322K(8704K)
[2026-04-03T03:27:08.571+0600][18.531s][info][gc,ergo     ] Pacer for Idle. Initial: 25600K, Alloc Tax Rate: 1.0x
[2026-04-03T03:27:08.990+0600][18.950s][info][gc          ] Trigger: Average GC time (108.61 ms) is above the time for average allocation rate (2054 MB/s) to deplete free headroom (222M) (margin of error = 1.80)
[2026-04-03T03:27:08.991+0600][18.951s][info][gc,ergo     ] Free headroom: 285M (free) - 64000K (spike) - 0B (penalties) = 222M
[2026-04-03T03:27:08.991+0600][18.951s][info][gc,ergo     ] Free: 285M, Max: 512K regular, 285M humongous, Frag: 0% external, 0% internal; Reserve: 64000K, Max: 512K
[2026-04-03T03:27:08.991+0600][18.951s][info][gc,start    ] GC(14) Concurrent reset
[2026-04-03T03:27:08.991+0600][18.951s][info][gc,task     ] GC(14) Using 3 of 6 workers for concurrent reset
[2026-04-03T03:27:08.991+0600][18.951s][info][gc,ergo     ] GC(14) Pacer for Reset. Non-Taxable: 1250M
[2026-04-03T03:27:08.991+0600][18.951s][info][gc          ] GC(14) Concurrent reset 0.491ms
[2026-04-03T03:27:08.991+0600][18.951s][info][gc,start    ] GC(14) Pause Init Mark (unload classes)
[2026-04-03T03:27:08.991+0600][18.951s][info][gc,task     ] GC(14) Using 6 of 6 workers for init marking
[2026-04-03T03:27:08.991+0600][18.951s][info][gc,ergo     ] GC(14) Pacer for Mark. Expected Live: 32571K, Free: 284M, Non-Taxable: 29132K, Alloc Tax Rate: 0.1x
[2026-04-03T03:27:08.991+0600][18.951s][info][gc          ] GC(14) Pause Init Mark (unload classes) 0.099ms
[2026-04-03T03:27:08.991+0600][18.951s][info][gc,start    ] GC(14) Concurrent marking roots
[2026-04-03T03:27:08.991+0600][18.952s][info][gc,task     ] GC(14) Using 3 of 6 workers for concurrent marking roots
[2026-04-03T03:27:08.992+0600][18.952s][info][gc          ] GC(14) Concurrent marking roots 0.591ms
[2026-04-03T03:27:08.992+0600][18.952s][info][gc,start    ] GC(14) Concurrent marking (unload classes)
[2026-04-03T03:27:08.992+0600][18.952s][info][gc,task     ] GC(14) Using 3 of 6 workers for concurrent marking
[2026-04-03T03:27:09.006+0600][18.966s][info][gc          ] GC(14) Concurrent marking (unload classes) 14.091ms
[2026-04-03T03:27:09.006+0600][18.966s][info][gc,start    ] GC(14) Pause Final Mark (unload classes)
[2026-04-03T03:27:09.006+0600][18.966s][info][gc,task     ] GC(14) Using 6 of 6 workers for final marking
[2026-04-03T03:27:09.007+0600][18.967s][info][gc,ergo     ] GC(14) Collectable Garbage: 858M (98%), Immediate: 858M (98%), CSet: 0B (0%)
[2026-04-03T03:27:09.007+0600][18.967s][info][gc          ] GC(14) Pause Final Mark (unload classes) 0.474ms
[2026-04-03T03:27:09.007+0600][18.967s][info][gc,start    ] GC(14) Concurrent weak references
[2026-04-03T03:27:09.007+0600][18.967s][info][gc,task     ] GC(14) Using 3 of 6 workers for concurrent weak references
[2026-04-03T03:27:09.007+0600][18.967s][info][gc,ref      ] GC(14) Encountered references: Soft: 3189, Weak: 4995, Final: 82, Phantom: 604
[2026-04-03T03:27:09.007+0600][18.967s][info][gc,ref      ] GC(14) Discovered  references: Soft: 0, Weak: 1969, Final: 0, Phantom: 352
[2026-04-03T03:27:09.007+0600][18.967s][info][gc,ref      ] GC(14) Enqueued    references: Soft: 0, Weak: 0, Final: 0, Phantom: 0
[2026-04-03T03:27:09.007+0600][18.967s][info][gc          ] GC(14) Concurrent weak references 0.383ms
[2026-04-03T03:27:09.007+0600][18.967s][info][gc,start    ] GC(14) Concurrent weak roots
[2026-04-03T03:27:09.007+0600][18.967s][info][gc,task     ] GC(14) Using 3 of 6 workers for concurrent weak root
[2026-04-03T03:27:09.009+0600][18.969s][info][gc          ] GC(14) Concurrent weak roots 1.740ms
[2026-04-03T03:27:09.009+0600][18.969s][info][gc,start    ] GC(14) Concurrent cleanup
[2026-04-03T03:27:09.010+0600][18.970s][info][gc          ] GC(14) Concurrent cleanup 920M->63M(925M) 0.424ms
[2026-04-03T03:27:09.010+0600][18.970s][info][gc,ergo     ] GC(14) Free: 1121M, Max: 512K regular, 264M humongous, Frag: 77% external, 0% internal; Reserve: 64000K, Max: 512K
[2026-04-03T03:27:09.010+0600][18.970s][info][gc,start    ] GC(14) Concurrent class unloading
[2026-04-03T03:27:09.010+0600][18.970s][info][gc,task     ] GC(14) Using 3 of 6 workers for concurrent class unloading
[2026-04-03T03:27:09.013+0600][18.973s][info][gc          ] GC(14) Concurrent class unloading 3.549ms
[2026-04-03T03:27:09.013+0600][18.973s][info][gc,start    ] GC(14) Pause Final Roots
[2026-04-03T03:27:09.013+0600][18.973s][info][gc          ] GC(14) Pause Final Roots 0.036ms
[2026-04-03T03:27:09.013+0600][18.974s][info][gc,ergo     ] Free: 1117M, Max: 512K regular, 264M humongous, Frag: 77% external, 0% internal; Reserve: 64000K, Max: 512K
[2026-04-03T03:27:09.014+0600][18.974s][info][gc,stats    ] 
[2026-04-03T03:27:09.014+0600][18.974s][info][gc,stats    ] All times are wall-clock times, except per-root-class counters, that are sum over
[2026-04-03T03:27:09.014+0600][18.974s][info][gc,stats    ] all workers. Dividing the <total> over the root stage time estimates parallelism.
[2026-04-03T03:27:09.014+0600][18.974s][info][gc,stats    ] 
[2026-04-03T03:27:09.014+0600][18.974s][info][gc,stats    ] Concurrent Reset                    525 us
[2026-04-03T03:27:09.014+0600][18.974s][info][gc,stats    ] Pause Init Mark (G)                 360 us
[2026-04-03T03:27:09.014+0600][18.974s][info][gc,stats    ] Pause Init Mark (N)                 109 us
[2026-04-03T03:27:09.014+0600][18.974s][info][gc,stats    ]   Update Region States               16 us
[2026-04-03T03:27:09.014+0600][18.974s][info][gc,stats    ] Concurrent Mark Roots               622 us, parallelism: 1.63x
[2026-04-03T03:27:09.014+0600][18.974s][info][gc,stats    ]   CMR: <total>                     1014 us
[2026-04-03T03:27:09.014+0600][18.974s][info][gc,stats    ]   CMR: Thread Roots                 754 us, workers (us): 129, 366, 259, ---, ---, ---, 
[2026-04-03T03:27:09.014+0600][18.974s][info][gc,stats    ]   CMR: VM Strong Roots               24 us, workers (us):  11,  11,   1, ---, ---, ---, 
[2026-04-03T03:27:09.014+0600][18.974s][info][gc,stats    ]   CMR: CLDG Roots                   236 us, workers (us): 236, ---, ---, ---, ---, ---, 
[2026-04-03T03:27:09.014+0600][18.974s][info][gc,stats    ] Concurrent Marking                14158 us
[2026-04-03T03:27:09.014+0600][18.974s][info][gc,stats    ] Pause Final Mark (G)                753 us
[2026-04-03T03:27:09.014+0600][18.974s][info][gc,stats    ] Pause Final Mark (N)                491 us
[2026-04-03T03:27:09.014+0600][18.974s][info][gc,stats    ]   Finish Mark                       218 us
[2026-04-03T03:27:09.014+0600][18.974s][info][gc,stats    ]   Update Region States               36 us
[2026-04-03T03:27:09.014+0600][18.974s][info][gc,stats    ]   Choose Collection Set             128 us
[2026-04-03T03:27:09.014+0600][18.974s][info][gc,stats    ]   Rebuild Free Set                   23 us
[2026-04-03T03:27:09.014+0600][18.974s][info][gc,stats    ] Concurrent Weak References          396 us, parallelism: 0.55x
[2026-04-03T03:27:09.014+0600][18.974s][info][gc,stats    ]   CWRF: <total>                     216 us
[2026-04-03T03:27:09.014+0600][18.974s][info][gc,stats    ]   CWRF: Weak References             216 us, workers (us): 172,  44,   0, ---, ---, ---, 
[2026-04-03T03:27:09.014+0600][18.974s][info][gc,stats    ] Concurrent Weak Roots              1793 us
[2026-04-03T03:27:09.014+0600][18.974s][info][gc,stats    ]   Roots                            1510 us, parallelism: 2.41x
[2026-04-03T03:27:09.014+0600][18.974s][info][gc,stats    ]     CWR: <total>                   3646 us
[2026-04-03T03:27:09.014+0600][18.974s][info][gc,stats    ]     CWR: Code Cache Roots          2398 us, workers (us): 851, 748, 799, ---, ---, ---, 
[2026-04-03T03:27:09.014+0600][18.974s][info][gc,stats    ]     CWR: VM Weak Roots             1226 us, workers (us): 439, 403, 385, ---, ---, ---, 
[2026-04-03T03:27:09.014+0600][18.974s][info][gc,stats    ]     CWR: CLDG Roots                  22 us, workers (us):  22, ---, ---, ---, ---, ---, 
[2026-04-03T03:27:09.014+0600][18.974s][info][gc,stats    ]   Rendezvous                        203 us
[2026-04-03T03:27:09.014+0600][18.974s][info][gc,stats    ] Concurrent Cleanup                  443 us
[2026-04-03T03:27:09.014+0600][18.974s][info][gc,stats    ] Concurrent Class Unloading         3603 us
[2026-04-03T03:27:09.014+0600][18.974s][info][gc,stats    ]   Unlink Stale                     3246 us
[2026-04-03T03:27:09.014+0600][18.974s][info][gc,stats    ]     System Dictionary                59 us
[2026-04-03T03:27:09.014+0600][18.974s][info][gc,stats    ]     Weak Class Links                  0 us
[2026-04-03T03:27:09.014+0600][18.974s][info][gc,stats    ]     Code Roots                     3175 us
[2026-04-03T03:27:09.014+0600][18.974s][info][gc,stats    ]   Rendezvous                        142 us
[2026-04-03T03:27:09.014+0600][18.974s][info][gc,stats    ]   Purge Unlinked                    118 us
[2026-04-03T03:27:09.014+0600][18.974s][info][gc,stats    ]     Code Roots                      110 us
[2026-04-03T03:27:09.014+0600][18.974s][info][gc,stats    ]     CLDG                              8 us
[2026-04-03T03:27:09.014+0600][18.974s][info][gc,stats    ]     Exception Caches                  0 us
[2026-04-03T03:27:09.014+0600][18.974s][info][gc,stats    ] Pause Final Roots (G)               159 us
[2026-04-03T03:27:09.014+0600][18.974s][info][gc,stats    ] Pause Final Roots (N)                47 us
[2026-04-03T03:27:09.014+0600][18.974s][info][gc,stats    ] 
[2026-04-03T03:27:09.014+0600][18.974s][info][gc,stats    ] Allocation pacing accrued:
[2026-04-03T03:27:09.014+0600][18.974s][info][gc,stats    ]       0 of   443 ms (  0.0%): <total>
[2026-04-03T03:27:09.014+0600][18.974s][info][gc,stats    ]       0 of   443 ms (  0.0%): <average total>
[2026-04-03T03:27:09.014+0600][18.974s][info][gc,stats    ] 
[2026-04-03T03:27:09.014+0600][18.974s][info][gc,metaspace] Metaspace: 66469K(67392K)->66469K(67392K) NonClass: 58146K(58688K)->58146K(58688K) Class: 8322K(8704K)->8322K(8704K)
[2026-04-03T03:27:09.014+0600][18.974s][info][gc,ergo     ] Pacer for Idle. Initial: 25600K, Alloc Tax Rate: 1.0x
[2026-04-03T03:27:10.595+0600][20.555s][info][gc          ] Trigger: Free (124M) is below minimum threshold (125M)
[2026-04-03T03:27:10.595+0600][20.555s][info][gc,ergo     ] Free: 124M, Max: 512K regular, 124M humongous, Frag: 0% external, 0% internal; Reserve: 64000K, Max: 512K
[2026-04-03T03:27:10.595+0600][20.555s][info][gc,start    ] GC(15) Concurrent reset
[2026-04-03T03:27:10.595+0600][20.555s][info][gc,task     ] GC(15) Using 3 of 6 workers for concurrent reset
[2026-04-03T03:27:10.595+0600][20.555s][info][gc,ergo     ] GC(15) Pacer for Reset. Non-Taxable: 1250M
[2026-04-03T03:27:10.595+0600][20.555s][info][gc          ] GC(15) Concurrent reset 0.453ms
[2026-04-03T03:27:10.596+0600][20.556s][info][gc,start    ] GC(15) Pause Init Mark (unload classes)
[2026-04-03T03:27:10.596+0600][20.556s][info][gc,task     ] GC(15) Using 6 of 6 workers for init marking
[2026-04-03T03:27:10.596+0600][20.556s][info][gc,ergo     ] GC(15) Pacer for Mark. Expected Live: 32572K, Free: 124M, Non-Taxable: 12697K, Alloc Tax Rate: 0.3x
[2026-04-03T03:27:10.596+0600][20.556s][info][gc          ] GC(15) Pause Init Mark (unload classes) 0.110ms
[2026-04-03T03:27:10.596+0600][20.556s][info][gc,start    ] GC(15) Concurrent marking roots
[2026-04-03T03:27:10.596+0600][20.556s][info][gc,task     ] GC(15) Using 3 of 6 workers for concurrent marking roots
[2026-04-03T03:27:10.597+0600][20.557s][info][gc          ] GC(15) Concurrent marking roots 1.280ms
[2026-04-03T03:27:10.597+0600][20.557s][info][gc,start    ] GC(15) Concurrent marking (unload classes)
[2026-04-03T03:27:10.597+0600][20.557s][info][gc,task     ] GC(15) Using 3 of 6 workers for concurrent marking
[2026-04-03T03:27:10.630+0600][20.590s][info][gc          ] GC(15) Concurrent marking (unload classes) 32.604ms
[2026-04-03T03:27:10.630+0600][20.590s][info][gc,start    ] GC(15) Pause Final Mark (unload classes)
[2026-04-03T03:27:10.630+0600][20.590s][info][gc,task     ] GC(15) Using 6 of 6 workers for final marking
[2026-04-03T03:27:10.631+0600][20.591s][info][gc,ergo     ] GC(15) Adaptive CSet Selection. Target Free: 177M, Actual Free: 1063M, Max CSet: 53333K, Min Garbage: 0B
[2026-04-03T03:27:10.631+0600][20.591s][info][gc,ergo     ] GC(15) Collectable Garbage: 1017M (99%), Immediate: 890M (87%), CSet: 127M (12%)
[2026-04-03T03:27:10.631+0600][20.591s][info][gc,ergo     ] GC(15) Pacer for Evacuation. Used CSet: 139M, Free: 1003M, Non-Taxable: 100M, Alloc Tax Rate: 1.1x
[2026-04-03T03:27:10.631+0600][20.591s][info][gc          ] GC(15) Pause Final Mark (unload classes) 0.595ms
[2026-04-03T03:27:10.631+0600][20.591s][info][gc,start    ] GC(15) Concurrent thread roots
[2026-04-03T03:27:10.631+0600][20.591s][info][gc,task     ] GC(15) Using 3 of 6 workers for Concurrent thread roots
[2026-04-03T03:27:10.632+0600][20.592s][info][gc          ] GC(15) Concurrent thread roots 0.734ms
[2026-04-03T03:27:10.632+0600][20.592s][info][gc,start    ] GC(15) Concurrent weak references
[2026-04-03T03:27:10.632+0600][20.592s][info][gc,task     ] GC(15) Using 3 of 6 workers for concurrent weak references
[2026-04-03T03:27:10.633+0600][20.593s][info][gc,ref      ] GC(15) Encountered references: Soft: 3321, Weak: 6146, Final: 82, Phantom: 597
[2026-04-03T03:27:10.633+0600][20.593s][info][gc,ref      ] GC(15) Discovered  references: Soft: 0, Weak: 1802, Final: 0, Phantom: 594
[2026-04-03T03:27:10.633+0600][20.593s][info][gc,ref      ] GC(15) Enqueued    references: Soft: 0, Weak: 544, Final: 0, Phantom: 0
[2026-04-03T03:27:10.633+0600][20.593s][info][gc          ] GC(15) Concurrent weak references 0.767ms
[2026-04-03T03:27:10.633+0600][20.593s][info][gc,start    ] GC(15) Concurrent weak roots
[2026-04-03T03:27:10.633+0600][20.593s][info][gc,task     ] GC(15) Using 3 of 6 workers for concurrent weak root
[2026-04-03T03:27:10.636+0600][20.596s][info][gc          ] GC(15) Concurrent weak roots 2.889ms
[2026-04-03T03:27:10.636+0600][20.596s][info][gc,start    ] GC(15) Concurrent cleanup
[2026-04-03T03:27:10.636+0600][20.596s][info][gc          ] GC(15) Concurrent cleanup 1075M->185M(1081M) 0.528ms
[2026-04-03T03:27:10.636+0600][20.596s][info][gc,ergo     ] GC(15) Free: 1001M, Max: 512K regular, 165M humongous, Frag: 84% external, 0% internal; Reserve: 61601K, Max: 512K
[2026-04-03T03:27:10.636+0600][20.596s][info][gc,start    ] GC(15) Concurrent class unloading
[2026-04-03T03:27:10.636+0600][20.596s][info][gc,task     ] GC(15) Using 3 of 6 workers for concurrent class unloading
[2026-04-03T03:27:10.660+0600][20.620s][info][gc          ] GC(15) Concurrent class unloading 24.077ms
[2026-04-03T03:27:10.660+0600][20.620s][info][gc,start    ] GC(15) Concurrent strong roots
[2026-04-03T03:27:10.660+0600][20.620s][info][gc,task     ] GC(15) Using 3 of 6 workers for concurrent strong root
[2026-04-03T03:27:10.661+0600][20.621s][info][gc          ] GC(15) Concurrent strong roots 0.976ms
[2026-04-03T03:27:10.661+0600][20.621s][info][gc,start    ] GC(15) Concurrent evacuation
[2026-04-03T03:27:10.661+0600][20.621s][info][gc,task     ] GC(15) Using 3 of 6 workers for concurrent evacuation
[2026-04-03T03:27:10.672+0600][20.632s][info][gc          ] GC(15) Concurrent evacuation 10.603ms
[2026-04-03T03:27:10.672+0600][20.632s][info][gc,start    ] GC(15) Pause Init Update Refs
[2026-04-03T03:27:10.672+0600][20.632s][info][gc,ergo     ] GC(15) Pacer for Update Refs. Used: 210M, Free: 987M, Non-Taxable: 101118K, Alloc Tax Rate: 1.1x
[2026-04-03T03:27:10.672+0600][20.632s][info][gc          ] GC(15) Pause Init Update Refs 0.096ms
[2026-04-03T03:27:10.672+0600][20.632s][info][gc,start    ] GC(15) Concurrent update references
[2026-04-03T03:27:10.673+0600][20.633s][info][gc,task     ] GC(15) Using 3 of 6 workers for concurrent reference update
[2026-04-03T03:27:10.697+0600][20.657s][info][gc          ] GC(15) Concurrent update references 24.115ms
[2026-04-03T03:27:10.697+0600][20.657s][info][gc,start    ] GC(15) Concurrent update thread roots
[2026-04-03T03:27:10.697+0600][20.658s][info][gc          ] GC(15) Concurrent update thread roots 0.818ms
[2026-04-03T03:27:10.698+0600][20.658s][info][gc,start    ] GC(15) Pause Final Update Refs
[2026-04-03T03:27:10.698+0600][20.658s][info][gc,task     ] GC(15) Using 6 of 6 workers for final reference update
[2026-04-03T03:27:10.698+0600][20.658s][info][gc          ] GC(15) Pause Final Update Refs 0.207ms
[2026-04-03T03:27:10.698+0600][20.658s][info][gc,start    ] GC(15) Concurrent cleanup
[2026-04-03T03:27:10.698+0600][20.658s][info][gc          ] GC(15) Concurrent cleanup 218M->78M(1092M) 0.297ms
[2026-04-03T03:27:10.698+0600][20.658s][info][gc,ergo     ] Free: 1105M, Max: 512K regular, 749M humongous, Frag: 33% external, 0% internal; Reserve: 64000K, Max: 512K
[2026-04-03T03:27:10.698+0600][20.658s][info][gc,stats    ] 
[2026-04-03T03:27:10.698+0600][20.658s][info][gc,stats    ] All times are wall-clock times, except per-root-class counters, that are sum over
[2026-04-03T03:27:10.698+0600][20.658s][info][gc,stats    ] all workers. Dividing the <total> over the root stage time estimates parallelism.
[2026-04-03T03:27:10.698+0600][20.659s][info][gc,stats    ] 
[2026-04-03T03:27:10.698+0600][20.659s][info][gc,stats    ] Concurrent Reset                    472 us
[2026-04-03T03:27:10.698+0600][20.659s][info][gc,stats    ] Pause Init Mark (G)                 338 us
[2026-04-03T03:27:10.699+0600][20.659s][info][gc,stats    ] Pause Init Mark (N)                 118 us
[2026-04-03T03:27:10.699+0600][20.659s][info][gc,stats    ]   Update Region States               22 us
[2026-04-03T03:27:10.699+0600][20.659s][info][gc,stats    ] Concurrent Mark Roots              1308 us, parallelism: 2.40x
[2026-04-03T03:27:10.699+0600][20.659s][info][gc,stats    ]   CMR: <total>                     3138 us
[2026-04-03T03:27:10.699+0600][20.659s][info][gc,stats    ]   CMR: Thread Roots                2731 us, workers (us): 1018, 990, 724, ---, ---, ---, 
[2026-04-03T03:27:10.699+0600][20.659s][info][gc,stats    ]   CMR: VM Strong Roots              121 us, workers (us):  70,  48,   3, ---, ---, ---, 
[2026-04-03T03:27:10.699+0600][20.659s][info][gc,stats    ]   CMR: CLDG Roots                   285 us, workers (us): ---, ---, 285, ---, ---, ---, 
[2026-04-03T03:27:10.699+0600][20.659s][info][gc,stats    ] Concurrent Marking                32784 us
[2026-04-03T03:27:10.699+0600][20.659s][info][gc,stats    ] Pause Final Mark (G)               1172 us
[2026-04-03T03:27:10.699+0600][20.659s][info][gc,stats    ] Pause Final Mark (N)                608 us
[2026-04-03T03:27:10.699+0600][20.659s][info][gc,stats    ]   Finish Mark                       252 us
[2026-04-03T03:27:10.699+0600][20.659s][info][gc,stats    ]   Update Region States               42 us
[2026-04-03T03:27:10.699+0600][20.659s][info][gc,stats    ]   Choose Collection Set             140 us
[2026-04-03T03:27:10.699+0600][20.659s][info][gc,stats    ]   Rebuild Free Set                   27 us
[2026-04-03T03:27:10.699+0600][20.659s][info][gc,stats    ] Concurrent Thread Roots             773 us, parallelism: 1.92x
[2026-04-03T03:27:10.699+0600][20.659s][info][gc,stats    ]   CTR: <total>                     1482 us
[2026-04-03T03:27:10.699+0600][20.659s][info][gc,stats    ]   CTR: Thread Roots                1482 us, workers (us): 507, 494, 481, ---, ---, ---, 
[2026-04-03T03:27:10.699+0600][20.659s][info][gc,stats    ] Concurrent Weak References          782 us, parallelism: 1.02x
[2026-04-03T03:27:10.699+0600][20.659s][info][gc,stats    ]   CWRF: <total>                     795 us
[2026-04-03T03:27:10.699+0600][20.659s][info][gc,stats    ]   CWRF: Weak References             795 us, workers (us): 162,  90, 543, ---, ---, ---, 
[2026-04-03T03:27:10.699+0600][20.659s][info][gc,stats    ] Concurrent Weak Roots              2964 us
[2026-04-03T03:27:10.699+0600][20.659s][info][gc,stats    ]   Roots                            2476 us, parallelism: 2.60x
[2026-04-03T03:27:10.699+0600][20.659s][info][gc,stats    ]     CWR: <total>                   6425 us
[2026-04-03T03:27:10.699+0600][20.659s][info][gc,stats    ]     CWR: Code Cache Roots          3575 us, workers (us): 1259, 1137, 1179, ---, ---, ---, 
[2026-04-03T03:27:10.699+0600][20.659s][info][gc,stats    ]     CWR: VM Weak Roots             2771 us, workers (us): 952, 914, 905, ---, ---, ---, 
[2026-04-03T03:27:10.699+0600][20.659s][info][gc,stats    ]     CWR: CLDG Roots                  79 us, workers (us): ---,  79, ---, ---, ---, ---, 
[2026-04-03T03:27:10.699+0600][20.659s][info][gc,stats    ]   Rendezvous                        384 us
[2026-04-03T03:27:10.699+0600][20.659s][info][gc,stats    ] Concurrent Cleanup                  552 us
[2026-04-03T03:27:10.699+0600][20.659s][info][gc,stats    ] Concurrent Class Unloading        24184 us
[2026-04-03T03:27:10.699+0600][20.659s][info][gc,stats    ]   Unlink Stale                    18315 us
[2026-04-03T03:27:10.699+0600][20.659s][info][gc,stats    ]     System Dictionary               342 us
[2026-04-03T03:27:10.699+0600][20.659s][info][gc,stats    ]     Weak Class Links              12507 us
[2026-04-03T03:27:10.699+0600][20.659s][info][gc,stats    ]     Code Roots                     5461 us
[2026-04-03T03:27:10.699+0600][20.659s][info][gc,stats    ]   Rendezvous                        205 us
[2026-04-03T03:27:10.699+0600][20.659s][info][gc,stats    ]   Purge Unlinked                   5515 us
[2026-04-03T03:27:10.699+0600][20.659s][info][gc,stats    ]     Code Roots                     5270 us
[2026-04-03T03:27:10.699+0600][20.659s][info][gc,stats    ]     CLDG                            243 us
[2026-04-03T03:27:10.699+0600][20.659s][info][gc,stats    ]     Exception Caches                  1 us
[2026-04-03T03:27:10.699+0600][20.659s][info][gc,stats    ] Concurrent Strong Roots            1054 us, parallelism: 0.67x
[2026-04-03T03:27:10.699+0600][20.659s][info][gc,stats    ]   CSR: <total>                      707 us
[2026-04-03T03:27:10.699+0600][20.659s][info][gc,stats    ]   CSR: VM Strong Roots               35 us, workers (us):  16,  12,   7, ---, ---, ---, 
[2026-04-03T03:27:10.699+0600][20.659s][info][gc,stats    ]   CSR: CLDG Roots                   672 us, workers (us): ---, ---, 672, ---, ---, ---, 
[2026-04-03T03:27:10.699+0600][20.659s][info][gc,stats    ] Concurrent Evacuation             10674 us
[2026-04-03T03:27:10.699+0600][20.659s][info][gc,stats    ] Pause Init Update Refs (G)          329 us
[2026-04-03T03:27:10.699+0600][20.659s][info][gc,stats    ] Pause Init Update Refs (N)          108 us
[2026-04-03T03:27:10.699+0600][20.659s][info][gc,stats    ]   Manage GCLABs                      14 us
[2026-04-03T03:27:10.699+0600][20.659s][info][gc,stats    ] Concurrent Update Refs            24205 us
[2026-04-03T03:27:10.699+0600][20.659s][info][gc,stats    ] Concurrent Update Thread Roots      863 us
[2026-04-03T03:27:10.699+0600][20.659s][info][gc,stats    ] Pause Final Update Refs (G)         491 us
[2026-04-03T03:27:10.699+0600][20.659s][info][gc,stats    ] Pause Final Update Refs (N)         225 us
[2026-04-03T03:27:10.699+0600][20.659s][info][gc,stats    ]   Update Region States               46 us
[2026-04-03T03:27:10.699+0600][20.659s][info][gc,stats    ]   Trash Collection Set               10 us
[2026-04-03T03:27:10.699+0600][20.659s][info][gc,stats    ]   Rebuild Free Set                   32 us
[2026-04-03T03:27:10.699+0600][20.659s][info][gc,stats    ] Concurrent Cleanup                  323 us
[2026-04-03T03:27:10.699+0600][20.659s][info][gc,stats    ] 
[2026-04-03T03:27:10.699+0600][20.659s][info][gc,stats    ] Allocation pacing accrued:
[2026-04-03T03:27:10.699+0600][20.659s][info][gc,stats    ]       0 of  1685 ms (  0.0%): <total>
[2026-04-03T03:27:10.699+0600][20.659s][info][gc,stats    ]       0 of  1685 ms (  0.0%): <average total>
[2026-04-03T03:27:10.699+0600][20.659s][info][gc,stats    ] 
[2026-04-03T03:27:10.699+0600][20.659s][info][gc,metaspace] Metaspace: 68864K(69760K)->69064K(69888K) NonClass: 60106K(60608K)->60266K(60736K) Class: 8758K(9152K)->8798K(9152K)
[2026-04-03T03:27:10.699+0600][20.659s][info][gc,ergo     ] Pacer for Idle. Initial: 25600K, Alloc Tax Rate: 1.0x
[2026-04-03T03:27:12.713+0600][22.673s][info][gc          ] Trigger: Average GC time (146.02 ms) is above the time for average allocation rate (582 MB/s) to deplete free headroom (83930K) (margin of error = 1.80)
[2026-04-03T03:27:12.713+0600][22.673s][info][gc,ergo     ] Free headroom: 144M (free) - 64000K (spike) - 0B (penalties) = 83930K
[2026-04-03T03:27:12.713+0600][22.673s][info][gc,ergo     ] Free: 144M, Max: 512K regular, 100M humongous, Frag: 30% external, 0% internal; Reserve: 64000K, Max: 512K
[2026-04-03T03:27:12.713+0600][22.673s][info][gc,start    ] GC(16) Concurrent reset
[2026-04-03T03:27:12.713+0600][22.673s][info][gc,task     ] GC(16) Using 3 of 6 workers for concurrent reset
[2026-04-03T03:27:12.713+0600][22.673s][info][gc,ergo     ] GC(16) Pacer for Reset. Non-Taxable: 1250M
[2026-04-03T03:27:12.715+0600][22.675s][info][gc          ] GC(16) Concurrent reset 1.286ms
[2026-04-03T03:27:12.715+0600][22.675s][info][gc,start    ] GC(16) Pause Init Mark (unload classes)
[2026-04-03T03:27:12.715+0600][22.675s][info][gc,task     ] GC(16) Using 6 of 6 workers for init marking
[2026-04-03T03:27:12.715+0600][22.675s][info][gc,ergo     ] GC(16) Pacer for Mark. Expected Live: 34107K, Free: 141M, Non-Taxable: 14537K, Alloc Tax Rate: 0.3x
[2026-04-03T03:27:12.715+0600][22.675s][info][gc          ] GC(16) Pause Init Mark (unload classes) 0.138ms
[2026-04-03T03:27:12.715+0600][22.675s][info][gc,start    ] GC(16) Concurrent marking roots
[2026-04-03T03:27:12.715+0600][22.675s][info][gc,task     ] GC(16) Using 3 of 6 workers for concurrent marking roots
[2026-04-03T03:27:12.716+0600][22.676s][info][gc          ] GC(16) Concurrent marking roots 0.861ms
[2026-04-03T03:27:12.716+0600][22.676s][info][gc,start    ] GC(16) Concurrent marking (unload classes)
[2026-04-03T03:27:12.716+0600][22.676s][info][gc,task     ] GC(16) Using 3 of 6 workers for concurrent marking
[2026-04-03T03:27:13.068+0600][23.028s][info][gc          ] GC(16) Concurrent marking (unload classes) 351.897ms
[2026-04-03T03:27:13.068+0600][23.028s][info][gc,start    ] GC(16) Pause Final Mark (unload classes)
[2026-04-03T03:27:13.068+0600][23.028s][info][gc,task     ] GC(16) Using 6 of 6 workers for final marking
[2026-04-03T03:27:13.069+0600][23.029s][info][gc,ergo     ] GC(16) Adaptive CSet Selection. Target Free: 177M, Actual Free: 138M, Max CSet: 53333K, Min Garbage: 39252K
[2026-04-03T03:27:13.069+0600][23.029s][info][gc,ergo     ] GC(16) Collectable Garbage: 511M (65%), Immediate: 39168K (4%), CSet: 472M (60%)
[2026-04-03T03:27:13.069+0600][23.029s][info][gc,ergo     ] GC(16) Pacer for Evacuation. Used CSet: 525M, Free: 92909K, Non-Taxable: 9290K, Alloc Tax Rate: 14.1x
[2026-04-03T03:27:13.069+0600][23.029s][info][gc          ] GC(16) Pause Final Mark (unload classes) 0.920ms
[2026-04-03T03:27:13.069+0600][23.029s][info][gc,start    ] GC(16) Concurrent thread roots
[2026-04-03T03:27:13.069+0600][23.029s][info][gc,task     ] GC(16) Using 3 of 6 workers for Concurrent thread roots
[2026-04-03T03:27:13.070+0600][23.030s][info][gc          ] GC(16) Concurrent thread roots 0.585ms
[2026-04-03T03:27:13.070+0600][23.030s][info][gc,start    ] GC(16) Concurrent weak references
[2026-04-03T03:27:13.070+0600][23.030s][info][gc,task     ] GC(16) Using 3 of 6 workers for concurrent weak references
[2026-04-03T03:27:13.070+0600][23.030s][info][gc,ref      ] GC(16) Encountered references: Soft: 3357, Weak: 5913, Final: 82, Phantom: 594
[2026-04-03T03:27:13.070+0600][23.030s][info][gc,ref      ] GC(16) Discovered  references: Soft: 0, Weak: 667, Final: 0, Phantom: 591
[2026-04-03T03:27:13.070+0600][23.030s][info][gc,ref      ] GC(16) Enqueued    references: Soft: 0, Weak: 108, Final: 0, Phantom: 0
[2026-04-03T03:27:13.070+0600][23.030s][info][gc          ] GC(16) Concurrent weak references 0.334ms
[2026-04-03T03:27:13.070+0600][23.030s][info][gc,start    ] GC(16) Concurrent weak roots
[2026-04-03T03:27:13.070+0600][23.030s][info][gc,task     ] GC(16) Using 3 of 6 workers for concurrent weak root
[2026-04-03T03:27:13.072+0600][23.032s][info][gc          ] GC(16) Concurrent weak roots 1.702ms
[2026-04-03T03:27:13.072+0600][23.032s][info][gc,start    ] GC(16) Concurrent cleanup
[2026-04-03T03:27:13.072+0600][23.032s][info][gc          ] GC(16) Concurrent cleanup 1128M->1090M(1156M) 0.168ms
[2026-04-03T03:27:13.072+0600][23.032s][info][gc,ergo     ] GC(16) Free: 91373K, Max: 512K regular, 37888K humongous, Frag: 59% external, 0% internal; Reserve: 63721K, Max: 512K
[2026-04-03T03:27:13.072+0600][23.032s][info][gc,start    ] GC(16) Concurrent class unloading
[2026-04-03T03:27:13.072+0600][23.032s][info][gc,task     ] GC(16) Using 3 of 6 workers for concurrent class unloading
[2026-04-03T03:27:13.080+0600][23.040s][info][gc          ] GC(16) Concurrent class unloading 7.767ms
[2026-04-03T03:27:13.080+0600][23.040s][info][gc,start    ] GC(16) Concurrent strong roots
[2026-04-03T03:27:13.080+0600][23.040s][info][gc,task     ] GC(16) Using 3 of 6 workers for concurrent strong root
[2026-04-03T03:27:13.081+0600][23.041s][info][gc          ] GC(16) Concurrent strong roots 0.775ms
[2026-04-03T03:27:13.081+0600][23.041s][info][gc,start    ] GC(16) Concurrent evacuation
[2026-04-03T03:27:13.081+0600][23.041s][info][gc,task     ] GC(16) Using 3 of 6 workers for concurrent evacuation
[2026-04-03T03:27:13.138+0600][23.098s][info][gc          ] GC(16) Concurrent evacuation 57.119ms
[2026-04-03T03:27:13.139+0600][23.099s][info][gc,start    ] GC(16) Pause Init Update Refs
[2026-04-03T03:27:13.139+0600][23.099s][info][gc,ergo     ] GC(16) Pacer for Update Refs. Used: 1184M, Free: 49389K, Non-Taxable: 4938K, Alloc Tax Rate: 30.0x
[2026-04-03T03:27:13.139+0600][23.099s][info][gc          ] GC(16) Pause Init Update Refs 0.121ms
[2026-04-03T03:27:13.139+0600][23.099s][info][gc,start    ] GC(16) Concurrent update references
[2026-04-03T03:27:13.139+0600][23.099s][info][gc,task     ] GC(16) Using 3 of 6 workers for concurrent reference update
[2026-04-03T03:27:13.334+0600][23.294s][info][gc          ] GC(16) Concurrent update references 194.832ms
[2026-04-03T03:27:13.334+0600][23.294s][info][gc,start    ] GC(16) Concurrent update thread roots
[2026-04-03T03:27:13.334+0600][23.294s][info][gc          ] GC(16) Concurrent update thread roots 0.652ms
[2026-04-03T03:27:13.334+0600][23.295s][info][gc,start    ] GC(16) Pause Final Update Refs
[2026-04-03T03:27:13.335+0600][23.295s][info][gc,task     ] GC(16) Using 6 of 6 workers for final reference update
[2026-04-03T03:27:13.335+0600][23.295s][info][gc          ] GC(16) Pause Final Update Refs 0.237ms
[2026-04-03T03:27:13.335+0600][23.295s][info][gc,start    ] GC(16) Concurrent cleanup
[2026-04-03T03:27:13.335+0600][23.295s][info][gc          ] GC(16) Concurrent cleanup 1228M->703M(1237M) 0.631ms
[2026-04-03T03:27:13.335+0600][23.296s][info][gc,ergo     ] Free: 475M, Max: 512K regular, 53760K humongous, Frag: 89% external, 0% internal; Reserve: 64000K, Max: 512K
[2026-04-03T03:27:13.336+0600][23.296s][info][gc,stats    ] 
[2026-04-03T03:27:13.336+0600][23.296s][info][gc,stats    ] All times are wall-clock times, except per-root-class counters, that are sum over
[2026-04-03T03:27:13.336+0600][23.296s][info][gc,stats    ] all workers. Dividing the <total> over the root stage time estimates parallelism.
[2026-04-03T03:27:13.336+0600][23.296s][info][gc,stats    ] 
[2026-04-03T03:27:13.336+0600][23.296s][info][gc,stats    ] Concurrent Reset                   1357 us
[2026-04-03T03:27:13.336+0600][23.296s][info][gc,stats    ] Pause Init Mark (G)                 582 us
[2026-04-03T03:27:13.336+0600][23.296s][info][gc,stats    ] Pause Init Mark (N)                 167 us
[2026-04-03T03:27:13.336+0600][23.296s][info][gc,stats    ]   Update Region States               33 us
[2026-04-03T03:27:13.336+0600][23.296s][info][gc,stats    ] Concurrent Mark Roots               898 us, parallelism: 1.66x
[2026-04-03T03:27:13.336+0600][23.296s][info][gc,stats    ]   CMR: <total>                     1495 us
[2026-04-03T03:27:13.336+0600][23.296s][info][gc,stats    ]   CMR: Thread Roots                1063 us, workers (us): 135, 464, 464, ---, ---, ---, 
[2026-04-03T03:27:13.336+0600][23.296s][info][gc,stats    ]   CMR: VM Strong Roots              116 us, workers (us):  46,  40,  30, ---, ---, ---, 
[2026-04-03T03:27:13.336+0600][23.296s][info][gc,stats    ]   CMR: CLDG Roots                   316 us, workers (us): 316, ---, ---, ---, ---, ---, 
[2026-04-03T03:27:13.336+0600][23.296s][info][gc,stats    ] Concurrent Marking               351977 us
[2026-04-03T03:27:13.336+0600][23.296s][info][gc,stats    ] Pause Final Mark (G)               1131 us
[2026-04-03T03:27:13.336+0600][23.296s][info][gc,stats    ] Pause Final Mark (N)                931 us
[2026-04-03T03:27:13.336+0600][23.296s][info][gc,stats    ]   Finish Mark                       206 us
[2026-04-03T03:27:13.336+0600][23.296s][info][gc,stats    ]   Update Region States               33 us
[2026-04-03T03:27:13.336+0600][23.296s][info][gc,stats    ]   Choose Collection Set             529 us
[2026-04-03T03:27:13.336+0600][23.296s][info][gc,stats    ]   Rebuild Free Set                   40 us
[2026-04-03T03:27:13.336+0600][23.296s][info][gc,stats    ] Concurrent Thread Roots             626 us, parallelism: 1.65x
[2026-04-03T03:27:13.336+0600][23.296s][info][gc,stats    ]   CTR: <total>                     1033 us
[2026-04-03T03:27:13.336+0600][23.296s][info][gc,stats    ]   CTR: Thread Roots                1033 us, workers (us): 366, 344, 322, ---, ---, ---, 
[2026-04-03T03:27:13.336+0600][23.296s][info][gc,stats    ] Concurrent Weak References          348 us, parallelism: 0.57x
[2026-04-03T03:27:13.336+0600][23.296s][info][gc,stats    ]   CWRF: <total>                     200 us
[2026-04-03T03:27:13.336+0600][23.296s][info][gc,stats    ]   CWRF: Weak References             200 us, workers (us): 149,   1,  49, ---, ---, ---, 
[2026-04-03T03:27:13.336+0600][23.296s][info][gc,stats    ] Concurrent Weak Roots              1762 us
[2026-04-03T03:27:13.336+0600][23.296s][info][gc,stats    ]   Roots                            1487 us, parallelism: 2.24x
[2026-04-03T03:27:13.336+0600][23.296s][info][gc,stats    ]     CWR: <total>                   3326 us
[2026-04-03T03:27:13.336+0600][23.296s][info][gc,stats    ]     CWR: Code Cache Roots          1832 us, workers (us): 629, 684, 520, ---, ---, ---, 
[2026-04-03T03:27:13.336+0600][23.296s][info][gc,stats    ]     CWR: VM Weak Roots             1403 us, workers (us): 520, 469, 414, ---, ---, ---, 
[2026-04-03T03:27:13.336+0600][23.296s][info][gc,stats    ]     CWR: CLDG Roots                  91 us, workers (us): ---, ---,  91, ---, ---, ---, 
[2026-04-03T03:27:13.336+0600][23.296s][info][gc,stats    ]   Rendezvous                        188 us
[2026-04-03T03:27:13.336+0600][23.296s][info][gc,stats    ] Concurrent Cleanup                  187 us
[2026-04-03T03:27:13.336+0600][23.296s][info][gc,stats    ] Concurrent Class Unloading         7849 us
[2026-04-03T03:27:13.336+0600][23.296s][info][gc,stats    ]   Unlink Stale                     4680 us
[2026-04-03T03:27:13.336+0600][23.296s][info][gc,stats    ]     System Dictionary                82 us
[2026-04-03T03:27:13.336+0600][23.296s][info][gc,stats    ]     Weak Class Links                  0 us
[2026-04-03T03:27:13.336+0600][23.296s][info][gc,stats    ]     Code Roots                     4594 us
[2026-04-03T03:27:13.336+0600][23.296s][info][gc,stats    ]   Rendezvous                        215 us
[2026-04-03T03:27:13.336+0600][23.296s][info][gc,stats    ]   Purge Unlinked                   2840 us
[2026-04-03T03:27:13.336+0600][23.296s][info][gc,stats    ]     Code Roots                     2811 us
[2026-04-03T03:27:13.336+0600][23.296s][info][gc,stats    ]     CLDG                             28 us
[2026-04-03T03:27:13.336+0600][23.296s][info][gc,stats    ]     Exception Caches                  0 us
[2026-04-03T03:27:13.336+0600][23.296s][info][gc,stats    ] Concurrent Strong Roots             835 us, parallelism: 0.51x
[2026-04-03T03:27:13.336+0600][23.296s][info][gc,stats    ]   CSR: <total>                      429 us
[2026-04-03T03:27:13.336+0600][23.296s][info][gc,stats    ]   CSR: VM Strong Roots               18 us, workers (us):  16,   1,   1, ---, ---, ---, 
[2026-04-03T03:27:13.336+0600][23.296s][info][gc,stats    ]   CSR: CLDG Roots                   411 us, workers (us): 411, ---, ---, ---, ---, ---, 
[2026-04-03T03:27:13.336+0600][23.296s][info][gc,stats    ] Concurrent Evacuation             57254 us
[2026-04-03T03:27:13.336+0600][23.296s][info][gc,stats    ] Pause Init Update Refs (G)          427 us
[2026-04-03T03:27:13.336+0600][23.296s][info][gc,stats    ] Pause Init Update Refs (N)          140 us
[2026-04-03T03:27:13.336+0600][23.296s][info][gc,stats    ]   Manage GCLABs                      35 us
[2026-04-03T03:27:13.336+0600][23.296s][info][gc,stats    ] Concurrent Update Refs           194965 us
[2026-04-03T03:27:13.336+0600][23.296s][info][gc,stats    ] Concurrent Update Thread Roots      683 us
[2026-04-03T03:27:13.336+0600][23.296s][info][gc,stats    ] Pause Final Update Refs (G)         445 us
[2026-04-03T03:27:13.336+0600][23.296s][info][gc,stats    ] Pause Final Update Refs (N)         258 us
[2026-04-03T03:27:13.336+0600][23.296s][info][gc,stats    ]   Update Region States               41 us
[2026-04-03T03:27:13.336+0600][23.296s][info][gc,stats    ]   Trash Collection Set               32 us
[2026-04-03T03:27:13.336+0600][23.296s][info][gc,stats    ]   Rebuild Free Set                   63 us
[2026-04-03T03:27:13.336+0600][23.296s][info][gc,stats    ] Concurrent Cleanup                  649 us
[2026-04-03T03:27:13.336+0600][23.296s][info][gc,stats    ] Pacing                           854070 us
[2026-04-03T03:27:13.336+0600][23.296s][info][gc,stats    ] 
[2026-04-03T03:27:13.336+0600][23.296s][info][gc,stats    ] Allocation pacing accrued:
[2026-04-03T03:27:13.336+0600][23.296s][info][gc,stats    ]     286 of  2637 ms ( 10.8%): Executor task launch worker for task 0.0 in stage 1.0 (TID 3)
[2026-04-03T03:27:13.336+0600][23.296s][info][gc,stats    ]     278 of  2637 ms ( 10.5%): Executor task launch worker for task 2.0 in stage 1.0 (TID 5)
[2026-04-03T03:27:13.336+0600][23.296s][info][gc,stats    ]     290 of  2637 ms ( 11.0%): Executor task launch worker for task 1.0 in stage 1.0 (TID 4)
[2026-04-03T03:27:13.336+0600][23.296s][info][gc,stats    ]     854 of  2637 ms ( 32.4%): <total>
[2026-04-03T03:27:13.336+0600][23.296s][info][gc,stats    ]      11 of  2637 ms (  0.4%): <average total>
[2026-04-03T03:27:13.336+0600][23.296s][info][gc,stats    ]     285 of  2637 ms ( 10.8%): <average non-zero>
[2026-04-03T03:27:13.336+0600][23.296s][info][gc,stats    ] 
[2026-04-03T03:27:13.336+0600][23.296s][info][gc,metaspace] Metaspace: 69540K(70336K)->69540K(70336K) NonClass: 60681K(61120K)->60681K(61120K) Class: 8859K(9216K)->8859K(9216K)
[2026-04-03T03:27:13.336+0600][23.296s][info][gc,ergo     ] Pacer for Idle. Initial: 25600K, Alloc Tax Rate: 1.0x
[2026-04-03T03:27:13.361+0600][23.321s][info][gc          ] Trigger: Average GC time (857.07 ms) is above the time for average allocation rate (451 MB/s) to deplete free headroom (386M) (margin of error = 1.83)
[2026-04-03T03:27:13.361+0600][23.321s][info][gc,ergo     ] Free headroom: 448M (free) - 64000K (spike) - 0B (penalties) = 386M
[2026-04-03T03:27:13.361+0600][23.321s][info][gc,ergo     ] Free: 448M, Max: 512K regular, 32768K humongous, Frag: 93% external, 0% internal; Reserve: 64000K, Max: 512K
[2026-04-03T03:27:13.362+0600][23.322s][info][gc,start    ] GC(17) Concurrent reset
[2026-04-03T03:27:13.362+0600][23.322s][info][gc,task     ] GC(17) Using 3 of 6 workers for concurrent reset
[2026-04-03T03:27:13.362+0600][23.322s][info][gc,ergo     ] GC(17) Pacer for Reset. Non-Taxable: 1250M
[2026-04-03T03:27:13.365+0600][23.325s][info][gc          ] GC(17) Concurrent reset 3.772ms
[2026-04-03T03:27:13.366+0600][23.326s][info][gc,start    ] GC(17) Pause Init Mark (unload classes)
[2026-04-03T03:27:13.366+0600][23.326s][info][gc,task     ] GC(17) Using 6 of 6 workers for init marking
[2026-04-03T03:27:13.366+0600][23.326s][info][gc,ergo     ] GC(17) Pacer for Mark. Expected Live: 77959K, Free: 445M, Non-Taxable: 45591K, Alloc Tax Rate: 0.2x
[2026-04-03T03:27:13.366+0600][23.326s][info][gc          ] GC(17) Pause Init Mark (unload classes) 0.249ms
[2026-04-03T03:27:13.366+0600][23.326s][info][gc,start    ] GC(17) Concurrent marking roots
[2026-04-03T03:27:13.366+0600][23.326s][info][gc,task     ] GC(17) Using 3 of 6 workers for concurrent marking roots
[2026-04-03T03:27:13.367+0600][23.327s][info][gc          ] GC(17) Concurrent marking roots 0.910ms
[2026-04-03T03:27:13.367+0600][23.327s][info][gc,start    ] GC(17) Concurrent marking (unload classes)
[2026-04-03T03:27:13.367+0600][23.327s][info][gc,task     ] GC(17) Using 3 of 6 workers for concurrent marking
[2026-04-03T03:27:13.748+0600][23.708s][info][gc          ] GC(17) Concurrent marking (unload classes) 381.037ms
[2026-04-03T03:27:13.748+0600][23.708s][info][gc,start    ] GC(17) Pause Final Mark (unload classes)
[2026-04-03T03:27:13.751+0600][23.711s][info][gc,task     ] GC(17) Using 6 of 6 workers for final marking
[2026-04-03T03:27:13.751+0600][23.711s][info][gc,ergo     ] GC(17) Adaptive CSet Selection. Target Free: 177M, Actual Free: 343M, Max CSet: 53333K, Min Garbage: 0B
[2026-04-03T03:27:13.752+0600][23.712s][info][gc,ergo     ] GC(17) Collectable Garbage: 307M (65%), Immediate: 4096K (0%), CSet: 303M (64%)
[2026-04-03T03:27:13.752+0600][23.712s][info][gc,ergo     ] GC(17) Pacer for Evacuation. Used CSet: 355M, Free: 283M, Non-Taxable: 29054K, Alloc Tax Rate: 3.1x
[2026-04-03T03:27:13.752+0600][23.712s][info][gc          ] GC(17) Pause Final Mark (unload classes) 3.752ms
[2026-04-03T03:27:13.752+0600][23.712s][info][gc,start    ] GC(17) Concurrent thread roots
[2026-04-03T03:27:13.752+0600][23.712s][info][gc,task     ] GC(17) Using 3 of 6 workers for Concurrent thread roots
[2026-04-03T03:27:13.753+0600][23.713s][info][gc          ] GC(17) Concurrent thread roots 0.639ms
[2026-04-03T03:27:13.753+0600][23.713s][info][gc,start    ] GC(17) Concurrent weak references
[2026-04-03T03:27:13.753+0600][23.713s][info][gc,task     ] GC(17) Using 3 of 6 workers for concurrent weak references
[2026-04-03T03:27:13.753+0600][23.713s][info][gc,ref      ] GC(17) Encountered references: Soft: 3357, Weak: 5805, Final: 82, Phantom: 594
[2026-04-03T03:27:13.753+0600][23.713s][info][gc,ref      ] GC(17) Discovered  references: Soft: 0, Weak: 701, Final: 0, Phantom: 591
[2026-04-03T03:27:13.753+0600][23.713s][info][gc,ref      ] GC(17) Enqueued    references: Soft: 0, Weak: 0, Final: 0, Phantom: 0
[2026-04-03T03:27:13.753+0600][23.713s][info][gc          ] GC(17) Concurrent weak references 0.354ms
[2026-04-03T03:27:13.753+0600][23.713s][info][gc,start    ] GC(17) Concurrent weak roots
[2026-04-03T03:27:13.753+0600][23.713s][info][gc,task     ] GC(17) Using 3 of 6 workers for concurrent weak root
[2026-04-03T03:27:13.756+0600][23.716s][info][gc          ] GC(17) Concurrent weak roots 2.467ms
[2026-04-03T03:27:13.756+0600][23.716s][info][gc,start    ] GC(17) Concurrent cleanup
[2026-04-03T03:27:13.756+0600][23.716s][info][gc          ] GC(17) Concurrent cleanup 904M->900M(1237M) 0.174ms
[2026-04-03T03:27:13.756+0600][23.716s][info][gc,ergo     ] GC(17) Free: 280M, Max: 512K regular, 26624K humongous, Frag: 91% external, 0% internal; Reserve: 63742K, Max: 512K
[2026-04-03T03:27:13.756+0600][23.716s][info][gc,start    ] GC(17) Concurrent class unloading
[2026-04-03T03:27:13.756+0600][23.716s][info][gc,task     ] GC(17) Using 3 of 6 workers for concurrent class unloading
[2026-04-03T03:27:13.761+0600][23.721s][info][gc          ] GC(17) Concurrent class unloading 4.908ms
[2026-04-03T03:27:13.761+0600][23.721s][info][gc,start    ] GC(17) Concurrent strong roots
[2026-04-03T03:27:13.761+0600][23.721s][info][gc,task     ] GC(17) Using 3 of 6 workers for concurrent strong root
[2026-04-03T03:27:13.762+0600][23.722s][info][gc          ] GC(17) Concurrent strong roots 0.745ms
[2026-04-03T03:27:13.762+0600][23.722s][info][gc,start    ] GC(17) Concurrent evacuation
[2026-04-03T03:27:13.762+0600][23.722s][info][gc,task     ] GC(17) Using 3 of 6 workers for concurrent evacuation
[2026-04-03T03:27:13.813+0600][23.773s][info][gc          ] GC(17) Concurrent evacuation 51.202ms
[2026-04-03T03:27:13.813+0600][23.773s][info][gc,start    ] GC(17) Pause Init Update Refs
[2026-04-03T03:27:13.813+0600][23.773s][info][gc,ergo     ] GC(17) Pacer for Update Refs. Used: 993M, Free: 240M, Non-Taxable: 24650K, Alloc Tax Rate: 5.0x
[2026-04-03T03:27:13.813+0600][23.773s][info][gc          ] GC(17) Pause Init Update Refs 0.175ms
[2026-04-03T03:27:13.814+0600][23.774s][info][gc,start    ] GC(17) Concurrent update references
[2026-04-03T03:27:13.814+0600][23.774s][info][gc,task     ] GC(17) Using 3 of 6 workers for concurrent reference update
[2026-04-03T03:27:14.099+0600][24.059s][info][gc          ] GC(17) Concurrent update references 285.105ms
[2026-04-03T03:27:14.099+0600][24.059s][info][gc,start    ] GC(17) Concurrent update thread roots
[2026-04-03T03:27:14.100+0600][24.060s][info][gc          ] GC(17) Concurrent update thread roots 0.910ms
[2026-04-03T03:27:14.100+0600][24.060s][info][gc,start    ] GC(17) Pause Final Update Refs
[2026-04-03T03:27:14.100+0600][24.060s][info][gc,task     ] GC(17) Using 6 of 6 workers for final reference update
[2026-04-03T03:27:14.100+0600][24.060s][info][gc          ] GC(17) Pause Final Update Refs 0.247ms
[2026-04-03T03:27:14.100+0600][24.060s][info][gc,start    ] GC(17) Concurrent cleanup
[2026-04-03T03:27:14.101+0600][24.061s][info][gc          ] GC(17) Concurrent cleanup 1196M->840M(1250M) 0.361ms
[2026-04-03T03:27:14.101+0600][24.061s][info][gc,ergo     ] Free: 339M, Max: 512K regular, 35328K humongous, Frag: 90% external, 0% internal; Reserve: 64000K, Max: 512K
[2026-04-03T03:27:14.101+0600][24.061s][info][gc,stats    ] 
[2026-04-03T03:27:14.101+0600][24.061s][info][gc,stats    ] All times are wall-clock times, except per-root-class counters, that are sum over
[2026-04-03T03:27:14.101+0600][24.061s][info][gc,stats    ] all workers. Dividing the <total> over the root stage time estimates parallelism.
[2026-04-03T03:27:14.101+0600][24.061s][info][gc,stats    ] 
[2026-04-03T03:27:14.101+0600][24.061s][info][gc,stats    ] Concurrent Reset                   3869 us
[2026-04-03T03:27:14.101+0600][24.061s][info][gc,stats    ] Pause Init Mark (G)                 548 us
[2026-04-03T03:27:14.101+0600][24.061s][info][gc,stats    ] Pause Init Mark (N)                 260 us
[2026-04-03T03:27:14.101+0600][24.061s][info][gc,stats    ]   Update Region States               57 us
[2026-04-03T03:27:14.101+0600][24.061s][info][gc,stats    ] Concurrent Mark Roots               996 us, parallelism: 1.41x
[2026-04-03T03:27:14.101+0600][24.061s][info][gc,stats    ]   CMR: <total>                     1408 us
[2026-04-03T03:27:14.101+0600][24.061s][info][gc,stats    ]   CMR: Thread Roots                1147 us, workers (us): 238, 454, 454, ---, ---, ---, 
[2026-04-03T03:27:14.101+0600][24.061s][info][gc,stats    ]   CMR: VM Strong Roots               33 us, workers (us):  30,   1,   1, ---, ---, ---, 
[2026-04-03T03:27:14.101+0600][24.061s][info][gc,stats    ]   CMR: CLDG Roots                   229 us, workers (us): 229, ---, ---, ---, ---, ---, 
[2026-04-03T03:27:14.101+0600][24.061s][info][gc,stats    ] Concurrent Marking               381131 us
[2026-04-03T03:27:14.101+0600][24.061s][info][gc,stats    ] Pause Final Mark (G)               4076 us
[2026-04-03T03:27:14.101+0600][24.061s][info][gc,stats    ] Pause Final Mark (N)               3771 us
[2026-04-03T03:27:14.101+0600][24.061s][info][gc,stats    ]   Finish Mark                       273 us
[2026-04-03T03:27:14.101+0600][24.061s][info][gc,stats    ]   Update Region States               55 us
[2026-04-03T03:27:14.101+0600][24.061s][info][gc,stats    ]   Choose Collection Set             481 us
[2026-04-03T03:27:14.101+0600][24.061s][info][gc,stats    ]   Rebuild Free Set                   56 us
[2026-04-03T03:27:14.101+0600][24.061s][info][gc,stats    ] Concurrent Thread Roots             689 us, parallelism: 1.75x
[2026-04-03T03:27:14.101+0600][24.061s][info][gc,stats    ]   CTR: <total>                     1203 us
[2026-04-03T03:27:14.101+0600][24.061s][info][gc,stats    ]   CTR: Thread Roots                1203 us, workers (us): 427, 401, 376, ---, ---, ---, 
[2026-04-03T03:27:14.101+0600][24.061s][info][gc,stats    ] Concurrent Weak References          368 us, parallelism: 0.57x
[2026-04-03T03:27:14.101+0600][24.061s][info][gc,stats    ]   CWRF: <total>                     210 us
[2026-04-03T03:27:14.101+0600][24.061s][info][gc,stats    ]   CWRF: Weak References             210 us, workers (us): 117,  91,   2, ---, ---, ---, 
[2026-04-03T03:27:14.101+0600][24.061s][info][gc,stats    ] Concurrent Weak Roots              2543 us
[2026-04-03T03:27:14.101+0600][24.061s][info][gc,stats    ]   Roots                            2154 us, parallelism: 2.53x
[2026-04-03T03:27:14.101+0600][24.061s][info][gc,stats    ]     CWR: <total>                   5447 us
[2026-04-03T03:27:14.101+0600][24.061s][info][gc,stats    ]     CWR: Code Cache Roots          3040 us, workers (us): 1032, 915, 1094, ---, ---, ---, 
[2026-04-03T03:27:14.101+0600][24.061s][info][gc,stats    ]     CWR: VM Weak Roots             2285 us, workers (us): 762, 759, 763, ---, ---, ---, 
[2026-04-03T03:27:14.101+0600][24.061s][info][gc,stats    ]     CWR: CLDG Roots                 122 us, workers (us): ---, 122, ---, ---, ---, ---, 
[2026-04-03T03:27:14.101+0600][24.061s][info][gc,stats    ]   Rendezvous                        282 us
[2026-04-03T03:27:14.101+0600][24.061s][info][gc,stats    ] Concurrent Cleanup                  189 us
[2026-04-03T03:27:14.101+0600][24.061s][info][gc,stats    ] Concurrent Class Unloading         4983 us
[2026-04-03T03:27:14.101+0600][24.061s][info][gc,stats    ]   Unlink Stale                     4382 us
[2026-04-03T03:27:14.101+0600][24.061s][info][gc,stats    ]     System Dictionary                93 us
[2026-04-03T03:27:14.101+0600][24.062s][info][gc,stats    ]     Weak Class Links                  1 us
[2026-04-03T03:27:14.101+0600][24.062s][info][gc,stats    ]     Code Roots                     4284 us
[2026-04-03T03:27:14.102+0600][24.062s][info][gc,stats    ]   Rendezvous                        249 us
[2026-04-03T03:27:14.102+0600][24.062s][info][gc,stats    ]   Purge Unlinked                    245 us
[2026-04-03T03:27:14.102+0600][24.062s][info][gc,stats    ]     Code Roots                      233 us
[2026-04-03T03:27:14.102+0600][24.062s][info][gc,stats    ]     CLDG                             11 us
[2026-04-03T03:27:14.102+0600][24.062s][info][gc,stats    ]     Exception Caches                  0 us
[2026-04-03T03:27:14.102+0600][24.062s][info][gc,stats    ] Concurrent Strong Roots             784 us, parallelism: 0.56x
[2026-04-03T03:27:14.102+0600][24.062s][info][gc,stats    ]   CSR: <total>                      438 us
[2026-04-03T03:27:14.102+0600][24.062s][info][gc,stats    ]   CSR: VM Strong Roots               23 us, workers (us):  21,   1,   1, ---, ---, ---, 
[2026-04-03T03:27:14.102+0600][24.062s][info][gc,stats    ]   CSR: CLDG Roots                   414 us, workers (us): 414, ---, ---, ---, ---, ---, 
[2026-04-03T03:27:14.102+0600][24.062s][info][gc,stats    ] Concurrent Evacuation             51312 us
[2026-04-03T03:27:14.102+0600][24.062s][info][gc,stats    ] Pause Init Update Refs (G)          485 us
[2026-04-03T03:27:14.102+0600][24.062s][info][gc,stats    ] Pause Init Update Refs (N)          190 us
[2026-04-03T03:27:14.102+0600][24.062s][info][gc,stats    ]   Manage GCLABs                      13 us
[2026-04-03T03:27:14.102+0600][24.062s][info][gc,stats    ] Concurrent Update Refs           285259 us
[2026-04-03T03:27:14.102+0600][24.062s][info][gc,stats    ] Concurrent Update Thread Roots      961 us
[2026-04-03T03:27:14.102+0600][24.062s][info][gc,stats    ] Pause Final Update Refs (G)         631 us
[2026-04-03T03:27:14.102+0600][24.062s][info][gc,stats    ] Pause Final Update Refs (N)         266 us
[2026-04-03T03:27:14.102+0600][24.062s][info][gc,stats    ]   Update Region States               71 us
[2026-04-03T03:27:14.102+0600][24.062s][info][gc,stats    ]   Trash Collection Set               32 us
[2026-04-03T03:27:14.102+0600][24.062s][info][gc,stats    ]   Rebuild Free Set                   47 us
[2026-04-03T03:27:14.102+0600][24.062s][info][gc,stats    ] Concurrent Cleanup                  429 us
[2026-04-03T03:27:14.102+0600][24.062s][info][gc,stats    ] Pacing                           356929 us
[2026-04-03T03:27:14.102+0600][24.062s][info][gc,stats    ] 
[2026-04-03T03:27:14.102+0600][24.062s][info][gc,stats    ] Allocation pacing accrued:
[2026-04-03T03:27:14.102+0600][24.062s][info][gc,stats    ]      11 of   766 ms (  1.5%): RemoteBlock-temp-file-clean-thread
[2026-04-03T03:27:14.102+0600][24.062s][info][gc,stats    ]     117 of   766 ms ( 15.3%): Executor task launch worker for task 0.0 in stage 1.0 (TID 3)
[2026-04-03T03:27:14.102+0600][24.062s][info][gc,stats    ]     112 of   766 ms ( 14.6%): Executor task launch worker for task 2.0 in stage 1.0 (TID 5)
[2026-04-03T03:27:14.102+0600][24.062s][info][gc,stats    ]     117 of   766 ms ( 15.2%): Executor task launch worker for task 1.0 in stage 1.0 (TID 4)
[2026-04-03T03:27:14.102+0600][24.062s][info][gc,stats    ]     357 of   766 ms ( 46.6%): <total>
[2026-04-03T03:27:14.102+0600][24.062s][info][gc,stats    ]       5 of   766 ms (  0.6%): <average total>
[2026-04-03T03:27:14.102+0600][24.062s][info][gc,stats    ]      89 of   766 ms ( 11.7%): <average non-zero>
[2026-04-03T03:27:14.102+0600][24.062s][info][gc,stats    ] 
[2026-04-03T03:27:14.102+0600][24.062s][info][gc,metaspace] Metaspace: 69540K(70336K)->69540K(70336K) NonClass: 60681K(61120K)->60681K(61120K) Class: 8859K(9216K)->8859K(9216K)
[2026-04-03T03:27:14.102+0600][24.062s][info][gc,ergo     ] Pacer for Idle. Initial: 25600K, Alloc Tax Rate: 1.0x
[2026-04-03T03:27:14.103+0600][24.063s][info][gc          ] Trigger: Average GC time (1060.90 ms) is above the time for average allocation rate (514 MB/s) to deplete free headroom (275M) (margin of error = 1.85)
[2026-04-03T03:27:14.103+0600][24.063s][info][gc,ergo     ] Free headroom: 338M (free) - 64000K (spike) - 0B (penalties) = 275M
[2026-04-03T03:27:14.103+0600][24.063s][info][gc,ergo     ] Free: 337M, Max: 512K regular, 35328K humongous, Frag: 90% external, 0% internal; Reserve: 64000K, Max: 512K
[2026-04-03T03:27:14.103+0600][24.063s][info][gc,start    ] GC(18) Concurrent reset
[2026-04-03T03:27:14.103+0600][24.063s][info][gc,task     ] GC(18) Using 3 of 6 workers for concurrent reset
[2026-04-03T03:27:14.103+0600][24.063s][info][gc,ergo     ] GC(18) Pacer for Reset. Non-Taxable: 1250M
[2026-04-03T03:27:14.106+0600][24.066s][info][gc          ] GC(18) Concurrent reset 2.922ms
[2026-04-03T03:27:14.107+0600][24.067s][info][gc,start    ] GC(18) Pause Init Mark (unload classes)
[2026-04-03T03:27:14.107+0600][24.067s][info][gc,task     ] GC(18) Using 6 of 6 workers for init marking
[2026-04-03T03:27:14.107+0600][24.067s][info][gc,ergo     ] GC(18) Pacer for Mark. Expected Live: 122M, Free: 335M, Non-Taxable: 34378K, Alloc Tax Rate: 0.4x
[2026-04-03T03:27:14.107+0600][24.067s][info][gc          ] GC(18) Pause Init Mark (unload classes) 0.154ms
[2026-04-03T03:27:14.107+0600][24.067s][info][gc,start    ] GC(18) Concurrent marking roots
[2026-04-03T03:27:14.107+0600][24.067s][info][gc,task     ] GC(18) Using 3 of 6 workers for concurrent marking roots
[2026-04-03T03:27:14.108+0600][24.068s][info][gc          ] GC(18) Concurrent marking roots 0.901ms
[2026-04-03T03:27:14.108+0600][24.068s][info][gc,start    ] GC(18) Concurrent marking (unload classes)
[2026-04-03T03:27:14.108+0600][24.068s][info][gc,task     ] GC(18) Using 3 of 6 workers for concurrent marking
[2026-04-03T03:27:14.481+0600][24.441s][info][gc          ] GC(18) Concurrent marking (unload classes) 372.773ms
[2026-04-03T03:27:14.481+0600][24.441s][info][gc,start    ] GC(18) Pause Final Mark (unload classes)
[2026-04-03T03:27:14.481+0600][24.441s][info][gc,task     ] GC(18) Using 6 of 6 workers for final marking
[2026-04-03T03:27:14.481+0600][24.441s][info][gc,ergo     ] GC(18) Adaptive CSet Selection. Target Free: 177M, Actual Free: 294M, Max CSet: 53333K, Min Garbage: 0B
[2026-04-03T03:27:14.482+0600][24.442s][info][gc,ergo     ] GC(18) Collectable Garbage: 449M (81%), Immediate: 6144K (1%), CSet: 443M (80%)
[2026-04-03T03:27:14.482+0600][24.442s][info][gc,ergo     ] GC(18) Pacer for Evacuation. Used CSet: 495M, Free: 233M, Non-Taxable: 23882K, Alloc Tax Rate: 5.2x
[2026-04-03T03:27:14.482+0600][24.442s][info][gc          ] GC(18) Pause Final Mark (unload classes) 1.056ms
[2026-04-03T03:27:14.482+0600][24.442s][info][gc,start    ] GC(18) Concurrent thread roots
[2026-04-03T03:27:14.482+0600][24.442s][info][gc,task     ] GC(18) Using 3 of 6 workers for Concurrent thread roots
[2026-04-03T03:27:14.483+0600][24.443s][info][gc          ] GC(18) Concurrent thread roots 0.776ms
[2026-04-03T03:27:14.483+0600][24.443s][info][gc,start    ] GC(18) Concurrent weak references
[2026-04-03T03:27:14.483+0600][24.443s][info][gc,task     ] GC(18) Using 3 of 6 workers for concurrent weak references
[2026-04-03T03:27:14.483+0600][24.443s][info][gc,ref      ] GC(18) Encountered references: Soft: 3357, Weak: 5805, Final: 82, Phantom: 594
[2026-04-03T03:27:14.483+0600][24.443s][info][gc,ref      ] GC(18) Discovered  references: Soft: 0, Weak: 2927, Final: 50, Phantom: 592
[2026-04-03T03:27:14.483+0600][24.443s][info][gc,ref      ] GC(18) Enqueued    references: Soft: 0, Weak: 0, Final: 0, Phantom: 0
[2026-04-03T03:27:14.483+0600][24.443s][info][gc          ] GC(18) Concurrent weak references 0.499ms
[2026-04-03T03:27:14.483+0600][24.443s][info][gc,start    ] GC(18) Concurrent weak roots
[2026-04-03T03:27:14.483+0600][24.443s][info][gc,task     ] GC(18) Using 3 of 6 workers for concurrent weak root
[2026-04-03T03:27:14.485+0600][24.445s][info][gc          ] GC(18) Concurrent weak roots 1.701ms
[2026-04-03T03:27:14.485+0600][24.445s][info][gc,start    ] GC(18) Concurrent cleanup
[2026-04-03T03:27:14.485+0600][24.445s][info][gc          ] GC(18) Concurrent cleanup 957M->951M(1250M) 0.155ms
[2026-04-03T03:27:14.485+0600][24.445s][info][gc,ergo     ] GC(18) Free: 230M, Max: 512K regular, 36352K humongous, Frag: 85% external, 0% internal; Reserve: 63802K, Max: 512K
[2026-04-03T03:27:14.485+0600][24.445s][info][gc,start    ] GC(18) Concurrent class unloading
[2026-04-03T03:27:14.485+0600][24.445s][info][gc,task     ] GC(18) Using 3 of 6 workers for concurrent class unloading
[2026-04-03T03:27:14.490+0600][24.450s][info][gc          ] GC(18) Concurrent class unloading 5.004ms
[2026-04-03T03:27:14.490+0600][24.450s][info][gc,start    ] GC(18) Concurrent strong roots
[2026-04-03T03:27:14.490+0600][24.450s][info][gc,task     ] GC(18) Using 3 of 6 workers for concurrent strong root
[2026-04-03T03:27:14.491+0600][24.451s][info][gc          ] GC(18) Concurrent strong roots 0.701ms
[2026-04-03T03:27:14.491+0600][24.451s][info][gc,start    ] GC(18) Concurrent evacuation
[2026-04-03T03:27:14.491+0600][24.451s][info][gc,task     ] GC(18) Using 3 of 6 workers for concurrent evacuation
[2026-04-03T03:27:14.545+0600][24.505s][info][gc          ] GC(18) Concurrent evacuation 53.501ms
[2026-04-03T03:27:14.545+0600][24.505s][info][gc,start    ] GC(18) Pause Init Update Refs
[2026-04-03T03:27:14.545+0600][24.505s][info][gc,ergo     ] GC(18) Pacer for Update Refs. Used: 1038M, Free: 197M, Non-Taxable: 20196K, Alloc Tax Rate: 6.4x
[2026-04-03T03:27:14.545+0600][24.505s][info][gc          ] GC(18) Pause Init Update Refs 0.188ms
[2026-04-03T03:27:14.545+0600][24.505s][info][gc,start    ] GC(18) Concurrent update references
[2026-04-03T03:27:14.545+0600][24.505s][info][gc,task     ] GC(18) Using 3 of 6 workers for concurrent reference update
[2026-04-03T03:27:14.807+0600][24.767s][info][gc          ] GC(18) Concurrent update references 261.350ms
[2026-04-03T03:27:14.807+0600][24.767s][info][gc,start    ] GC(18) Concurrent update thread roots
[2026-04-03T03:27:14.808+0600][24.768s][info][gc          ] GC(18) Concurrent update thread roots 0.805ms
[2026-04-03T03:27:14.808+0600][24.768s][info][gc,start    ] GC(18) Pause Final Update Refs
[2026-04-03T03:27:14.808+0600][24.768s][info][gc,task     ] GC(18) Using 6 of 6 workers for final reference update
[2026-04-03T03:27:14.808+0600][24.768s][info][gc          ] GC(18) Pause Final Update Refs 0.289ms
[2026-04-03T03:27:14.808+0600][24.768s][info][gc,start    ] GC(18) Concurrent cleanup
[2026-04-03T03:27:14.809+0600][24.769s][info][gc          ] GC(18) Concurrent cleanup 1192M->698M(1250M) 0.777ms
[2026-04-03T03:27:14.809+0600][24.769s][info][gc,ergo     ] Free: 483M, Max: 512K regular, 20480K humongous, Frag: 96% external, 0% internal; Reserve: 64000K, Max: 512K
[2026-04-03T03:27:14.809+0600][24.769s][info][gc,stats    ] 
[2026-04-03T03:27:14.809+0600][24.769s][info][gc,stats    ] All times are wall-clock times, except per-root-class counters, that are sum over
[2026-04-03T03:27:14.809+0600][24.769s][info][gc,stats    ] all workers. Dividing the <total> over the root stage time estimates parallelism.
[2026-04-03T03:27:14.809+0600][24.769s][info][gc,stats    ] 
[2026-04-03T03:27:14.809+0600][24.769s][info][gc,stats    ] Concurrent Reset                   3022 us
[2026-04-03T03:27:14.809+0600][24.769s][info][gc,stats    ] Pause Init Mark (G)                 443 us
[2026-04-03T03:27:14.809+0600][24.769s][info][gc,stats    ] Pause Init Mark (N)                 186 us
[2026-04-03T03:27:14.809+0600][24.769s][info][gc,stats    ]   Update Region States               44 us
[2026-04-03T03:27:14.809+0600][24.769s][info][gc,stats    ] Concurrent Mark Roots               978 us, parallelism: 1.34x
[2026-04-03T03:27:14.809+0600][24.769s][info][gc,stats    ]   CMR: <total>                     1313 us
[2026-04-03T03:27:14.809+0600][24.769s][info][gc,stats    ]   CMR: Thread Roots                 947 us, workers (us): 426,  97, 424, ---, ---, ---, 
[2026-04-03T03:27:14.809+0600][24.769s][info][gc,stats    ]   CMR: VM Strong Roots               40 us, workers (us):  26,   9,   5, ---, ---, ---, 
[2026-04-03T03:27:14.809+0600][24.769s][info][gc,stats    ]   CMR: CLDG Roots                   327 us, workers (us): ---, 327, ---, ---, ---, ---, 
[2026-04-03T03:27:14.809+0600][24.769s][info][gc,stats    ] Concurrent Marking               372854 us
[2026-04-03T03:27:14.809+0600][24.769s][info][gc,stats    ] Pause Final Mark (G)               1298 us
[2026-04-03T03:27:14.809+0600][24.770s][info][gc,stats    ] Pause Final Mark (N)               1069 us
[2026-04-03T03:27:14.809+0600][24.770s][info][gc,stats    ]   Finish Mark                       363 us
[2026-04-03T03:27:14.809+0600][24.770s][info][gc,stats    ]   Update Region States               52 us
[2026-04-03T03:27:14.810+0600][24.770s][info][gc,stats    ]   Choose Collection Set             510 us
[2026-04-03T03:27:14.810+0600][24.770s][info][gc,stats    ]   Rebuild Free Set                   41 us
[2026-04-03T03:27:14.810+0600][24.770s][info][gc,stats    ] Concurrent Thread Roots             839 us, parallelism: 1.43x
[2026-04-03T03:27:14.810+0600][24.770s][info][gc,stats    ]   CTR: <total>                     1196 us
[2026-04-03T03:27:14.810+0600][24.770s][info][gc,stats    ]   CTR: Thread Roots                1196 us, workers (us): 345, 556, 294, ---, ---, ---, 
[2026-04-03T03:27:14.810+0600][24.770s][info][gc,stats    ] Concurrent Weak References          512 us, parallelism: 0.86x
[2026-04-03T03:27:14.810+0600][24.770s][info][gc,stats    ]   CWRF: <total>                     438 us
[2026-04-03T03:27:14.810+0600][24.770s][info][gc,stats    ]   CWRF: Weak References             438 us, workers (us): 301, 135,   1, ---, ---, ---, 
[2026-04-03T03:27:14.810+0600][24.770s][info][gc,stats    ] Concurrent Weak Roots              1770 us
[2026-04-03T03:27:14.810+0600][24.770s][info][gc,stats    ]   Roots                            1495 us, parallelism: 2.24x
[2026-04-03T03:27:14.810+0600][24.770s][info][gc,stats    ]     CWR: <total>                   3349 us
[2026-04-03T03:27:14.810+0600][24.770s][info][gc,stats    ]     CWR: Code Cache Roots          2030 us, workers (us): 661, 706, 662, ---, ---, ---, 
[2026-04-03T03:27:14.810+0600][24.770s][info][gc,stats    ]     CWR: VM Weak Roots             1260 us, workers (us): 483, 390, 387, ---, ---, ---, 
[2026-04-03T03:27:14.810+0600][24.770s][info][gc,stats    ]     CWR: CLDG Roots                  59 us, workers (us):  59, ---, ---, ---, ---, ---, 
[2026-04-03T03:27:14.810+0600][24.770s][info][gc,stats    ]   Rendezvous                        150 us
[2026-04-03T03:27:14.810+0600][24.770s][info][gc,stats    ] Concurrent Cleanup                  171 us
[2026-04-03T03:27:14.810+0600][24.770s][info][gc,stats    ] Concurrent Class Unloading         5083 us
[2026-04-03T03:27:14.810+0600][24.770s][info][gc,stats    ]   Unlink Stale                     4474 us
[2026-04-03T03:27:14.810+0600][24.770s][info][gc,stats    ]     System Dictionary                91 us
[2026-04-03T03:27:14.810+0600][24.770s][info][gc,stats    ]     Weak Class Links                  0 us
[2026-04-03T03:27:14.810+0600][24.770s][info][gc,stats    ]     Code Roots                     4380 us
[2026-04-03T03:27:14.810+0600][24.770s][info][gc,stats    ]   Rendezvous                        477 us
[2026-04-03T03:27:14.810+0600][24.770s][info][gc,stats    ]   Purge Unlinked                     18 us
[2026-04-03T03:27:14.810+0600][24.770s][info][gc,stats    ]     Code Roots                        5 us
[2026-04-03T03:27:14.810+0600][24.770s][info][gc,stats    ]     CLDG                             13 us
[2026-04-03T03:27:14.810+0600][24.770s][info][gc,stats    ]     Exception Caches                  1 us
[2026-04-03T03:27:14.810+0600][24.770s][info][gc,stats    ] Concurrent Strong Roots             756 us, parallelism: 0.59x
[2026-04-03T03:27:14.810+0600][24.770s][info][gc,stats    ]   CSR: <total>                      447 us
[2026-04-03T03:27:14.810+0600][24.770s][info][gc,stats    ]   CSR: VM Strong Roots               25 us, workers (us):  13,   8,   3, ---, ---, ---, 
[2026-04-03T03:27:14.810+0600][24.770s][info][gc,stats    ]   CSR: CLDG Roots                   422 us, workers (us): ---, 422, ---, ---, ---, ---, 
[2026-04-03T03:27:14.810+0600][24.770s][info][gc,stats    ] Concurrent Evacuation             53616 us
[2026-04-03T03:27:14.810+0600][24.770s][info][gc,stats    ] Pause Init Update Refs (G)          637 us
[2026-04-03T03:27:14.810+0600][24.770s][info][gc,stats    ] Pause Init Update Refs (N)          199 us
[2026-04-03T03:27:14.810+0600][24.770s][info][gc,stats    ]   Manage GCLABs                      30 us
[2026-04-03T03:27:14.810+0600][24.770s][info][gc,stats    ] Concurrent Update Refs           261503 us
[2026-04-03T03:27:14.810+0600][24.770s][info][gc,stats    ] Concurrent Update Thread Roots      898 us
[2026-04-03T03:27:14.810+0600][24.770s][info][gc,stats    ] Pause Final Update Refs (G)         661 us
[2026-04-03T03:27:14.810+0600][24.770s][info][gc,stats    ] Pause Final Update Refs (N)         329 us
[2026-04-03T03:27:14.810+0600][24.770s][info][gc,stats    ]   Update Region States               62 us
[2026-04-03T03:27:14.810+0600][24.770s][info][gc,stats    ]   Trash Collection Set               40 us
[2026-04-03T03:27:14.810+0600][24.770s][info][gc,stats    ]   Rebuild Free Set                   59 us
[2026-04-03T03:27:14.810+0600][24.770s][info][gc,stats    ] Concurrent Cleanup                  809 us
[2026-04-03T03:27:14.810+0600][24.770s][info][gc,stats    ] Pacing                           888546 us
[2026-04-03T03:27:14.810+0600][24.770s][info][gc,stats    ] 
[2026-04-03T03:27:14.810+0600][24.770s][info][gc,stats    ] Allocation pacing accrued:
[2026-04-03T03:27:14.810+0600][24.770s][info][gc,stats    ]      11 of   708 ms (  1.6%): dispatcher-event-loop-5
[2026-04-03T03:27:14.810+0600][24.770s][info][gc,stats    ]      11 of   708 ms (  1.6%): dispatcher-HeartbeatReceiver
[2026-04-03T03:27:14.810+0600][24.770s][info][gc,stats    ]      11 of   708 ms (  1.6%): heartbeat-receiver-event-loop-thread
[2026-04-03T03:27:14.810+0600][24.770s][info][gc,stats    ]      11 of   708 ms (  1.6%): netty-rpc-env-timeout
[2026-04-03T03:27:14.810+0600][24.770s][info][gc,stats    ]      45 of   708 ms (  6.4%): executor-heartbeater
[2026-04-03T03:27:14.810+0600][24.770s][info][gc,stats    ]     132 of   708 ms ( 18.7%): spark-listener-group-appStatus
[2026-04-03T03:27:14.810+0600][24.770s][info][gc,stats    ]      11 of   708 ms (  1.6%): spark-listener-group-executorManagement
[2026-04-03T03:27:14.810+0600][24.770s][info][gc,stats    ]      11 of   708 ms (  1.6%): spark-listener-group-shared
[2026-04-03T03:27:14.810+0600][24.770s][info][gc,stats    ]     216 of   708 ms ( 30.5%): Executor task launch worker for task 0.0 in stage 1.0 (TID 3)
[2026-04-03T03:27:14.810+0600][24.770s][info][gc,stats    ]     214 of   708 ms ( 30.3%): Executor task launch worker for task 2.0 in stage 1.0 (TID 5)
[2026-04-03T03:27:14.810+0600][24.770s][info][gc,stats    ]     213 of   708 ms ( 30.1%): Executor task launch worker for task 1.0 in stage 1.0 (TID 4)
[2026-04-03T03:27:14.810+0600][24.770s][info][gc,stats    ]     889 of   708 ms (125.5%): <total>
[2026-04-03T03:27:14.810+0600][24.770s][info][gc,stats    ]      12 of   708 ms (  1.7%): <average total>
[2026-04-03T03:27:14.810+0600][24.770s][info][gc,stats    ]      81 of   708 ms ( 11.4%): <average non-zero>
[2026-04-03T03:27:14.810+0600][24.770s][info][gc,stats    ] 
[2026-04-03T03:27:14.810+0600][24.770s][info][gc,metaspace] Metaspace: 69540K(70336K)->69647K(70400K) NonClass: 60681K(61120K)->60763K(61184K) Class: 8859K(9216K)->8884K(9216K)
[2026-04-03T03:27:14.810+0600][24.770s][info][gc,ergo     ] Pacer for Idle. Initial: 25600K, Alloc Tax Rate: 1.0x
[2026-04-03T03:27:14.811+0600][24.771s][info][gc          ] Trigger: Average GC time (1024.39 ms) is above the time for average allocation rate (477 MB/s) to deplete free headroom (420M) (margin of error = 1.87)
[2026-04-03T03:27:14.811+0600][24.771s][info][gc,ergo     ] Free headroom: 482M (free) - 64000K (spike) - 0B (penalties) = 420M
[2026-04-03T03:27:14.811+0600][24.771s][info][gc,ergo     ] Free: 482M, Max: 512K regular, 20480K humongous, Frag: 96% external, 0% internal; Reserve: 64000K, Max: 512K
[2026-04-03T03:27:14.811+0600][24.771s][info][gc,start    ] GC(19) Concurrent reset
[2026-04-03T03:27:14.811+0600][24.771s][info][gc,task     ] GC(19) Using 3 of 6 workers for concurrent reset
[2026-04-03T03:27:14.811+0600][24.771s][info][gc,ergo     ] GC(19) Pacer for Reset. Non-Taxable: 1250M
[2026-04-03T03:27:14.815+0600][24.775s][info][gc          ] GC(19) Concurrent reset 3.834ms
[2026-04-03T03:27:14.816+0600][24.776s][info][gc,start    ] GC(19) Pause Init Mark (unload classes)
[2026-04-03T03:27:14.816+0600][24.776s][info][gc,task     ] GC(19) Using 6 of 6 workers for init marking
[2026-04-03T03:27:14.816+0600][24.776s][info][gc,ergo     ] GC(19) Pacer for Mark. Expected Live: 174M, Free: 479M, Non-Taxable: 49124K, Alloc Tax Rate: 0.4x
[2026-04-03T03:27:14.816+0600][24.776s][info][gc          ] GC(19) Pause Init Mark (unload classes) 0.272ms
[2026-04-03T03:27:14.816+0600][24.776s][info][gc,start    ] GC(19) Concurrent marking roots
[2026-04-03T03:27:14.816+0600][24.776s][info][gc,task     ] GC(19) Using 3 of 6 workers for concurrent marking roots
[2026-04-03T03:27:14.817+0600][24.777s][info][gc          ] GC(19) Concurrent marking roots 1.098ms
[2026-04-03T03:27:14.817+0600][24.777s][info][gc,start    ] GC(19) Concurrent marking (unload classes)
[2026-04-03T03:27:14.817+0600][24.777s][info][gc,task     ] GC(19) Using 3 of 6 workers for concurrent marking
[2026-04-03T03:27:15.263+0600][25.223s][info][gc          ] GC(19) Concurrent marking (unload classes) 445.752ms
[2026-04-03T03:27:15.263+0600][25.223s][info][gc,start    ] GC(19) Pause Final Mark (unload classes)
[2026-04-03T03:27:15.263+0600][25.223s][info][gc,task     ] GC(19) Using 6 of 6 workers for final marking
[2026-04-03T03:27:15.264+0600][25.224s][info][gc,ergo     ] GC(19) Adaptive CSet Selection. Target Free: 177M, Actual Free: 412M, Max CSet: 53333K, Min Garbage: 0B
[2026-04-03T03:27:15.264+0600][25.224s][info][gc,ergo     ] GC(19) Collectable Garbage: 345M (86%), Immediate: 0B (0%), CSet: 345M (86%)
[2026-04-03T03:27:15.264+0600][25.224s][info][gc,ergo     ] GC(19) Pacer for Evacuation. Used CSet: 397M, Free: 350M, Non-Taxable: 35840K, Alloc Tax Rate: 2.8x
[2026-04-03T03:27:15.264+0600][25.224s][info][gc          ] GC(19) Pause Final Mark (unload classes) 0.863ms
[2026-04-03T03:27:15.264+0600][25.224s][info][gc,start    ] GC(19) Concurrent thread roots
[2026-04-03T03:27:15.264+0600][25.224s][info][gc,task     ] GC(19) Using 3 of 6 workers for Concurrent thread roots
[2026-04-03T03:27:15.265+0600][25.225s][info][gc          ] GC(19) Concurrent thread roots 0.531ms
[2026-04-03T03:27:15.265+0600][25.225s][info][gc,start    ] GC(19) Concurrent weak references
[2026-04-03T03:27:15.265+0600][25.225s][info][gc,task     ] GC(19) Using 3 of 6 workers for concurrent weak references
[2026-04-03T03:27:15.265+0600][25.225s][info][gc,ref      ] GC(19) Encountered references: Soft: 3362, Weak: 5898, Final: 82, Phantom: 594
[2026-04-03T03:27:15.265+0600][25.225s][info][gc,ref      ] GC(19) Discovered  references: Soft: 0, Weak: 567, Final: 0, Phantom: 591
[2026-04-03T03:27:15.265+0600][25.225s][info][gc,ref      ] GC(19) Enqueued    references: Soft: 0, Weak: 39, Final: 0, Phantom: 0
[2026-04-03T03:27:15.265+0600][25.225s][info][gc          ] GC(19) Concurrent weak references 0.338ms
[2026-04-03T03:27:15.265+0600][25.225s][info][gc,start    ] GC(19) Concurrent weak roots
[2026-04-03T03:27:15.265+0600][25.225s][info][gc,task     ] GC(19) Using 3 of 6 workers for concurrent weak root
[2026-04-03T03:27:15.267+0600][25.227s][info][gc          ] GC(19) Concurrent weak roots 2.012ms
[2026-04-03T03:27:15.267+0600][25.227s][info][gc,start    ] GC(19) Concurrent cleanup
[2026-04-03T03:27:15.268+0600][25.228s][info][gc          ] GC(19) Concurrent cleanup 833M->834M(1250M) 0.430ms
[2026-04-03T03:27:15.268+0600][25.228s][info][gc,ergo     ] GC(19) Free: 347M, Max: 512K regular, 11776K humongous, Frag: 97% external, 0% internal; Reserve: 63729K, Max: 512K
[2026-04-03T03:27:15.268+0600][25.228s][info][gc,start    ] GC(19) Concurrent class unloading
[2026-04-03T03:27:15.268+0600][25.228s][info][gc,task     ] GC(19) Using 3 of 6 workers for concurrent class unloading
[2026-04-03T03:27:15.274+0600][25.234s][info][gc          ] GC(19) Concurrent class unloading 5.762ms
[2026-04-03T03:27:15.274+0600][25.234s][info][gc,start    ] GC(19) Concurrent strong roots
[2026-04-03T03:27:15.274+0600][25.234s][info][gc,task     ] GC(19) Using 3 of 6 workers for concurrent strong root
[2026-04-03T03:27:15.274+0600][25.234s][info][gc          ] GC(19) Concurrent strong roots 0.782ms
[2026-04-03T03:27:15.275+0600][25.235s][info][gc,start    ] GC(19) Concurrent evacuation
[2026-04-03T03:27:15.275+0600][25.235s][info][gc,task     ] GC(19) Using 3 of 6 workers for concurrent evacuation
[2026-04-03T03:27:15.324+0600][25.284s][info][gc          ] GC(19) Concurrent evacuation 49.452ms
[2026-04-03T03:27:15.324+0600][25.284s][info][gc,start    ] GC(19) Pause Init Update Refs
[2026-04-03T03:27:15.324+0600][25.284s][info][gc,ergo     ] GC(19) Pacer for Update Refs. Used: 922M, Free: 311M, Non-Taxable: 31897K, Alloc Tax Rate: 3.6x
[2026-04-03T03:27:15.324+0600][25.284s][info][gc          ] GC(19) Pause Init Update Refs 0.117ms
[2026-04-03T03:27:15.325+0600][25.285s][info][gc,start    ] GC(19) Concurrent update references
[2026-04-03T03:27:15.325+0600][25.285s][info][gc,task     ] GC(19) Using 3 of 6 workers for concurrent reference update
[2026-04-03T03:27:15.634+0600][25.594s][info][gc          ] GC(19) Concurrent update references 309.099ms
[2026-04-03T03:27:15.634+0600][25.594s][info][gc,start    ] GC(19) Concurrent update thread roots
[2026-04-03T03:27:15.635+0600][25.595s][info][gc          ] GC(19) Concurrent update thread roots 0.910ms
[2026-04-03T03:27:15.635+0600][25.595s][info][gc,start    ] GC(19) Pause Final Update Refs
[2026-04-03T03:27:15.635+0600][25.595s][info][gc,task     ] GC(19) Using 6 of 6 workers for final reference update
[2026-04-03T03:27:15.635+0600][25.595s][info][gc          ] GC(19) Pause Final Update Refs 0.280ms
[2026-04-03T03:27:15.635+0600][25.595s][info][gc,start    ] GC(19) Concurrent cleanup
[2026-04-03T03:27:15.636+0600][25.596s][info][gc          ] GC(19) Concurrent cleanup 1102M->706M(1250M) 0.711ms
[2026-04-03T03:27:15.636+0600][25.596s][info][gc,ergo     ] Free: 474M, Max: 512K regular, 73216K humongous, Frag: 85% external, 0% internal; Reserve: 64000K, Max: 512K
[2026-04-03T03:27:15.636+0600][25.596s][info][gc,stats    ] 
[2026-04-03T03:27:15.636+0600][25.596s][info][gc,stats    ] All times are wall-clock times, except per-root-class counters, that are sum over
[2026-04-03T03:27:15.636+0600][25.596s][info][gc,stats    ] all workers. Dividing the <total> over the root stage time estimates parallelism.
[2026-04-03T03:27:15.636+0600][25.596s][info][gc,stats    ] 
[2026-04-03T03:27:15.636+0600][25.596s][info][gc,stats    ] Concurrent Reset                   3969 us
[2026-04-03T03:27:15.636+0600][25.596s][info][gc,stats    ] Pause Init Mark (G)                 689 us
[2026-04-03T03:27:15.636+0600][25.596s][info][gc,stats    ] Pause Init Mark (N)                 284 us
[2026-04-03T03:27:15.636+0600][25.596s][info][gc,stats    ]   Update Region States               62 us
[2026-04-03T03:27:15.636+0600][25.596s][info][gc,stats    ] Concurrent Mark Roots              1189 us, parallelism: 1.35x
[2026-04-03T03:27:15.636+0600][25.596s][info][gc,stats    ]   CMR: <total>                     1611 us
[2026-04-03T03:27:15.636+0600][25.596s][info][gc,stats    ]   CMR: Thread Roots                1278 us, workers (us): 251, 527, 500, ---, ---, ---, 
[2026-04-03T03:27:15.636+0600][25.596s][info][gc,stats    ]   CMR: VM Strong Roots               36 us, workers (us):  34,   2,   1, ---, ---, ---, 
[2026-04-03T03:27:15.636+0600][25.596s][info][gc,stats    ]   CMR: CLDG Roots                   296 us, workers (us): 296, ---, ---, ---, ---, ---, 
[2026-04-03T03:27:15.636+0600][25.596s][info][gc,stats    ] Concurrent Marking               445835 us
[2026-04-03T03:27:15.636+0600][25.596s][info][gc,stats    ] Pause Final Mark (G)               1235 us
[2026-04-03T03:27:15.636+0600][25.596s][info][gc,stats    ] Pause Final Mark (N)                877 us
[2026-04-03T03:27:15.636+0600][25.596s][info][gc,stats    ]   Finish Mark                       232 us
[2026-04-03T03:27:15.636+0600][25.596s][info][gc,stats    ]   Update Region States               58 us
[2026-04-03T03:27:15.636+0600][25.596s][info][gc,stats    ]   Choose Collection Set             437 us
[2026-04-03T03:27:15.636+0600][25.596s][info][gc,stats    ]   Rebuild Free Set                   44 us
[2026-04-03T03:27:15.636+0600][25.596s][info][gc,stats    ] Concurrent Thread Roots             553 us, parallelism: 2.02x
[2026-04-03T03:27:15.636+0600][25.596s][info][gc,stats    ]   CTR: <total>                     1115 us
[2026-04-03T03:27:15.636+0600][25.596s][info][gc,stats    ]   CTR: Thread Roots                1115 us, workers (us): 371, 378, 365, ---, ---, ---, 
[2026-04-03T03:27:15.636+0600][25.596s][info][gc,stats    ] Concurrent Weak References          349 us, parallelism: 0.75x
[2026-04-03T03:27:15.636+0600][25.596s][info][gc,stats    ]   CWRF: <total>                     261 us
[2026-04-03T03:27:15.636+0600][25.596s][info][gc,stats    ]   CWRF: Weak References             261 us, workers (us): 143,  45,  73, ---, ---, ---, 
[2026-04-03T03:27:15.636+0600][25.596s][info][gc,stats    ] Concurrent Weak Roots              2068 us
[2026-04-03T03:27:15.636+0600][25.596s][info][gc,stats    ]   Roots                            1756 us, parallelism: 2.44x
[2026-04-03T03:27:15.636+0600][25.596s][info][gc,stats    ]     CWR: <total>                   4288 us
[2026-04-03T03:27:15.636+0600][25.597s][info][gc,stats    ]     CWR: Code Cache Roots          2592 us, workers (us): 994, 756, 843, ---, ---, ---, 
[2026-04-03T03:27:15.636+0600][25.597s][info][gc,stats    ]     CWR: VM Weak Roots             1579 us, workers (us): 530, 526, 524, ---, ---, ---, 
[2026-04-03T03:27:15.636+0600][25.597s][info][gc,stats    ]     CWR: CLDG Roots                 116 us, workers (us): ---, 116, ---, ---, ---, ---, 
[2026-04-03T03:27:15.637+0600][25.597s][info][gc,stats    ]   Rendezvous                        234 us
[2026-04-03T03:27:15.637+0600][25.597s][info][gc,stats    ] Concurrent Cleanup                  470 us
[2026-04-03T03:27:15.637+0600][25.597s][info][gc,stats    ] Concurrent Class Unloading         5842 us
[2026-04-03T03:27:15.637+0600][25.597s][info][gc,stats    ]   Unlink Stale                     5276 us
[2026-04-03T03:27:15.637+0600][25.597s][info][gc,stats    ]     System Dictionary               101 us
[2026-04-03T03:27:15.637+0600][25.597s][info][gc,stats    ]     Weak Class Links                  0 us
[2026-04-03T03:27:15.637+0600][25.597s][info][gc,stats    ]     Code Roots                     5171 us
[2026-04-03T03:27:15.637+0600][25.597s][info][gc,stats    ]   Rendezvous                        282 us
[2026-04-03T03:27:15.637+0600][25.597s][info][gc,stats    ]   Purge Unlinked                    180 us
[2026-04-03T03:27:15.637+0600][25.597s][info][gc,stats    ]     Code Roots                      169 us
[2026-04-03T03:27:15.637+0600][25.597s][info][gc,stats    ]     CLDG                             10 us
[2026-04-03T03:27:15.637+0600][25.597s][info][gc,stats    ]     Exception Caches                  0 us
[2026-04-03T03:27:15.637+0600][25.597s][info][gc,stats    ] Concurrent Strong Roots             838 us, parallelism: 0.54x
[2026-04-03T03:27:15.637+0600][25.597s][info][gc,stats    ]   CSR: <total>                      456 us
[2026-04-03T03:27:15.637+0600][25.597s][info][gc,stats    ]   CSR: VM Strong Roots               31 us, workers (us):  15,  11,   5, ---, ---, ---, 
[2026-04-03T03:27:15.637+0600][25.597s][info][gc,stats    ]   CSR: CLDG Roots                   426 us, workers (us): 426, ---, ---, ---, ---, ---, 
[2026-04-03T03:27:15.637+0600][25.597s][info][gc,stats    ] Concurrent Evacuation             49546 us
[2026-04-03T03:27:15.637+0600][25.597s][info][gc,stats    ] Pause Init Update Refs (G)          562 us
[2026-04-03T03:27:15.637+0600][25.597s][info][gc,stats    ] Pause Init Update Refs (N)          135 us
[2026-04-03T03:27:15.637+0600][25.597s][info][gc,stats    ]   Manage GCLABs                      16 us
[2026-04-03T03:27:15.637+0600][25.597s][info][gc,stats    ] Concurrent Update Refs           309170 us
[2026-04-03T03:27:15.637+0600][25.597s][info][gc,stats    ] Concurrent Update Thread Roots      978 us
[2026-04-03T03:27:15.637+0600][25.597s][info][gc,stats    ] Pause Final Update Refs (G)         610 us
[2026-04-03T03:27:15.637+0600][25.597s][info][gc,stats    ] Pause Final Update Refs (N)         313 us
[2026-04-03T03:27:15.637+0600][25.597s][info][gc,stats    ]   Update Region States               78 us
[2026-04-03T03:27:15.637+0600][25.597s][info][gc,stats    ]   Trash Collection Set               34 us
[2026-04-03T03:27:15.637+0600][25.597s][info][gc,stats    ]   Rebuild Free Set                   56 us
[2026-04-03T03:27:15.637+0600][25.597s][info][gc,stats    ] Concurrent Cleanup                  741 us
[2026-04-03T03:27:15.637+0600][25.597s][info][gc,stats    ] Pacing                           491929 us
[2026-04-03T03:27:15.637+0600][25.597s][info][gc,stats    ] 
[2026-04-03T03:27:15.637+0600][25.597s][info][gc,stats    ] Allocation pacing accrued:
[2026-04-03T03:27:15.637+0600][25.597s][info][gc,stats    ]     146 of   827 ms ( 17.7%): Executor task launch worker for task 0.0 in stage 1.0 (TID 3)
[2026-04-03T03:27:15.637+0600][25.597s][info][gc,stats    ]     141 of   827 ms ( 17.0%): Executor task launch worker for task 2.0 in stage 1.0 (TID 5)
[2026-04-03T03:27:15.637+0600][25.597s][info][gc,stats    ]     205 of   827 ms ( 24.8%): Executor task launch worker for task 1.0 in stage 1.0 (TID 4)
[2026-04-03T03:27:15.637+0600][25.597s][info][gc,stats    ]     492 of   827 ms ( 59.5%): <total>
[2026-04-03T03:27:15.637+0600][25.597s][info][gc,stats    ]       7 of   827 ms (  0.8%): <average total>
[2026-04-03T03:27:15.637+0600][25.597s][info][gc,stats    ]     164 of   827 ms ( 19.8%): <average non-zero>
[2026-04-03T03:27:15.637+0600][25.597s][info][gc,stats    ] 
[2026-04-03T03:27:15.637+0600][25.597s][info][gc,metaspace] Metaspace: 69647K(70400K)->69647K(70400K) NonClass: 60763K(61184K)->60763K(61184K) Class: 8884K(9216K)->8884K(9216K)
[2026-04-03T03:27:15.637+0600][25.597s][info][gc,ergo     ] Pacer for Idle. Initial: 25600K, Alloc Tax Rate: 1.0x
[2026-04-03T03:27:15.638+0600][25.598s][info][gc          ] Trigger: Average GC time (1066.13 ms) is above the time for average allocation rate (459 MB/s) to deplete free headroom (410M) (margin of error = 1.88)
[2026-04-03T03:27:15.638+0600][25.598s][info][gc,ergo     ] Free headroom: 472M (free) - 64000K (spike) - 0B (penalties) = 410M
[2026-04-03T03:27:15.638+0600][25.598s][info][gc,ergo     ] Free: 472M, Max: 512K regular, 73216K humongous, Frag: 85% external, 0% internal; Reserve: 64000K, Max: 512K
[2026-04-03T03:27:15.638+0600][25.598s][info][gc,start    ] GC(20) Concurrent reset
[2026-04-03T03:27:15.638+0600][25.598s][info][gc,task     ] GC(20) Using 3 of 6 workers for concurrent reset
[2026-04-03T03:27:15.638+0600][25.598s][info][gc,ergo     ] GC(20) Pacer for Reset. Non-Taxable: 1250M
[2026-04-03T03:27:15.641+0600][25.601s][info][gc          ] GC(20) Concurrent reset 2.497ms
[2026-04-03T03:27:15.641+0600][25.601s][info][gc,start    ] GC(20) Pause Init Mark (unload classes)
[2026-04-03T03:27:15.641+0600][25.601s][info][gc,task     ] GC(20) Using 6 of 6 workers for init marking
[2026-04-03T03:27:15.641+0600][25.601s][info][gc,ergo     ] GC(20) Pacer for Mark. Expected Live: 229M, Free: 470M, Non-Taxable: 48179K, Alloc Tax Rate: 0.6x
[2026-04-03T03:27:15.641+0600][25.601s][info][gc          ] GC(20) Pause Init Mark (unload classes) 0.250ms
[2026-04-03T03:27:15.641+0600][25.601s][info][gc,start    ] GC(20) Concurrent marking roots
[2026-04-03T03:27:15.641+0600][25.601s][info][gc,task     ] GC(20) Using 3 of 6 workers for concurrent marking roots
[2026-04-03T03:27:15.642+0600][25.602s][info][gc          ] GC(20) Concurrent marking roots 0.829ms
[2026-04-03T03:27:15.642+0600][25.602s][info][gc,start    ] GC(20) Concurrent marking (unload classes)
[2026-04-03T03:27:15.642+0600][25.602s][info][gc,task     ] GC(20) Using 3 of 6 workers for concurrent marking
[2026-04-03T03:27:16.177+0600][26.137s][info][gc          ] GC(20) Concurrent marking (unload classes) 534.575ms
[2026-04-03T03:27:16.177+0600][26.137s][info][gc,start    ] GC(20) Pause Final Mark (unload classes)
[2026-04-03T03:27:16.177+0600][26.137s][info][gc,task     ] GC(20) Using 6 of 6 workers for final marking
[2026-04-03T03:27:16.178+0600][26.138s][info][gc,ergo     ] GC(20) Adaptive CSet Selection. Target Free: 177M, Actual Free: 492M, Max CSet: 53333K, Min Garbage: 0B
[2026-04-03T03:27:16.178+0600][26.138s][info][gc,ergo     ] GC(20) Collectable Garbage: 348M (91%), Immediate: 12288K (3%), CSet: 336M (87%)
[2026-04-03T03:27:16.178+0600][26.138s][info][gc,ergo     ] GC(20) Pacer for Evacuation. Used CSet: 388M, Free: 431M, Non-Taxable: 44172K, Alloc Tax Rate: 2.2x
[2026-04-03T03:27:16.178+0600][26.138s][info][gc          ] GC(20) Pause Final Mark (unload classes) 1.052ms
[2026-04-03T03:27:16.178+0600][26.138s][info][gc,start    ] GC(20) Concurrent thread roots
[2026-04-03T03:27:16.178+0600][26.138s][info][gc,task     ] GC(20) Using 3 of 6 workers for Concurrent thread roots
[2026-04-03T03:27:16.179+0600][26.139s][info][gc          ] GC(20) Concurrent thread roots 0.807ms
[2026-04-03T03:27:16.179+0600][26.139s][info][gc,start    ] GC(20) Concurrent weak references
[2026-04-03T03:27:16.179+0600][26.139s][info][gc,task     ] GC(20) Using 3 of 6 workers for concurrent weak references
[2026-04-03T03:27:16.180+0600][26.140s][info][gc,ref      ] GC(20) Encountered references: Soft: 3362, Weak: 5859, Final: 82, Phantom: 594
[2026-04-03T03:27:16.180+0600][26.140s][info][gc,ref      ] GC(20) Discovered  references: Soft: 0, Weak: 3778, Final: 48, Phantom: 591
[2026-04-03T03:27:16.180+0600][26.140s][info][gc,ref      ] GC(20) Enqueued    references: Soft: 0, Weak: 0, Final: 0, Phantom: 0
[2026-04-03T03:27:16.180+0600][26.140s][info][gc          ] GC(20) Concurrent weak references 0.920ms
[2026-04-03T03:27:16.180+0600][26.140s][info][gc,start    ] GC(20) Concurrent weak roots
[2026-04-03T03:27:16.180+0600][26.140s][info][gc,task     ] GC(20) Using 3 of 6 workers for concurrent weak root
[2026-04-03T03:27:16.183+0600][26.143s][info][gc          ] GC(20) Concurrent weak roots 2.476ms
[2026-04-03T03:27:16.183+0600][26.143s][info][gc,start    ] GC(20) Concurrent cleanup
[2026-04-03T03:27:16.183+0600][26.143s][info][gc          ] GC(20) Concurrent cleanup 764M->752M(1250M) 0.459ms
[2026-04-03T03:27:16.183+0600][26.143s][info][gc,ergo     ] GC(20) Free: 430M, Max: 512K regular, 73216K humongous, Frag: 84% external, 0% internal; Reserve: 63488K, Max: 512K
[2026-04-03T03:27:16.183+0600][26.143s][info][gc,start    ] GC(20) Concurrent class unloading
[2026-04-03T03:27:16.183+0600][26.143s][info][gc,task     ] GC(20) Using 3 of 6 workers for concurrent class unloading
[2026-04-03T03:27:16.191+0600][26.151s][info][gc          ] GC(20) Concurrent class unloading 7.266ms
[2026-04-03T03:27:16.191+0600][26.151s][info][gc,start    ] GC(20) Concurrent strong roots
[2026-04-03T03:27:16.191+0600][26.151s][info][gc,task     ] GC(20) Using 3 of 6 workers for concurrent strong root
[2026-04-03T03:27:16.191+0600][26.151s][info][gc          ] GC(20) Concurrent strong roots 0.645ms
[2026-04-03T03:27:16.191+0600][26.151s][info][gc,start    ] GC(20) Concurrent evacuation
[2026-04-03T03:27:16.191+0600][26.151s][info][gc,task     ] GC(20) Using 3 of 6 workers for concurrent evacuation
[2026-04-03T03:27:16.244+0600][26.204s][info][gc          ] GC(20) Concurrent evacuation 52.737ms
[2026-04-03T03:27:16.244+0600][26.205s][info][gc,start    ] GC(20) Pause Init Update Refs
[2026-04-03T03:27:16.245+0600][26.205s][info][gc,ergo     ] GC(20) Pacer for Update Refs. Used: 805M, Free: 429M, Non-Taxable: 44031K, Alloc Tax Rate: 2.3x
[2026-04-03T03:27:16.245+0600][26.205s][info][gc          ] GC(20) Pause Init Update Refs 0.202ms
[2026-04-03T03:27:16.245+0600][26.205s][info][gc,start    ] GC(20) Concurrent update references
[2026-04-03T03:27:16.245+0600][26.205s][info][gc,task     ] GC(20) Using 3 of 6 workers for concurrent reference update
[2026-04-03T03:27:16.497+0600][26.458s][info][gc          ] GC(20) Concurrent update references 252.569ms
[2026-04-03T03:27:16.498+0600][26.458s][info][gc,start    ] GC(20) Concurrent update thread roots
[2026-04-03T03:27:16.498+0600][26.458s][info][gc          ] GC(20) Concurrent update thread roots 0.797ms
[2026-04-03T03:27:16.499+0600][26.459s][info][gc,start    ] GC(20) Pause Final Update Refs
[2026-04-03T03:27:16.499+0600][26.459s][info][gc,task     ] GC(20) Using 6 of 6 workers for final reference update
[2026-04-03T03:27:16.499+0600][26.459s][info][gc          ] GC(20) Pause Final Update Refs 0.293ms
[2026-04-03T03:27:16.499+0600][26.459s][info][gc,start    ] GC(20) Concurrent cleanup
[2026-04-03T03:27:16.500+0600][26.460s][info][gc          ] GC(20) Concurrent cleanup 807M->419M(1250M) 0.705ms
[2026-04-03T03:27:16.500+0600][26.460s][info][gc,ergo     ] Free: 761M, Max: 512K regular, 149M humongous, Frag: 81% external, 0% internal; Reserve: 64000K, Max: 512K
[2026-04-03T03:27:16.500+0600][26.460s][info][gc,stats    ] 
[2026-04-03T03:27:16.500+0600][26.460s][info][gc,stats    ] All times are wall-clock times, except per-root-class counters, that are sum over
[2026-04-03T03:27:16.500+0600][26.460s][info][gc,stats    ] all workers. Dividing the <total> over the root stage time estimates parallelism.
[2026-04-03T03:27:16.500+0600][26.460s][info][gc,stats    ] 
[2026-04-03T03:27:16.500+0600][26.460s][info][gc,stats    ] Concurrent Reset                   2584 us
[2026-04-03T03:27:16.500+0600][26.460s][info][gc,stats    ] Pause Init Mark (G)                 649 us
[2026-04-03T03:27:16.500+0600][26.460s][info][gc,stats    ] Pause Init Mark (N)                 265 us
[2026-04-03T03:27:16.500+0600][26.460s][info][gc,stats    ]   Update Region States               56 us
[2026-04-03T03:27:16.500+0600][26.460s][info][gc,stats    ] Concurrent Mark Roots               891 us, parallelism: 1.35x
[2026-04-03T03:27:16.500+0600][26.460s][info][gc,stats    ]   CMR: <total>                     1205 us
[2026-04-03T03:27:16.500+0600][26.460s][info][gc,stats    ]   CMR: Thread Roots                 960 us, workers (us): 201, 403, 356, ---, ---, ---, 
[2026-04-03T03:27:16.500+0600][26.460s][info][gc,stats    ]   CMR: VM Strong Roots               40 us, workers (us):  37,   2,   1, ---, ---, ---, 
[2026-04-03T03:27:16.500+0600][26.460s][info][gc,stats    ]   CMR: CLDG Roots                   205 us, workers (us): 205, ---, ---, ---, ---, ---, 
[2026-04-03T03:27:16.500+0600][26.460s][info][gc,stats    ] Concurrent Marking               534666 us
[2026-04-03T03:27:16.500+0600][26.460s][info][gc,stats    ] Pause Final Mark (G)               1481 us
[2026-04-03T03:27:16.500+0600][26.460s][info][gc,stats    ] Pause Final Mark (N)               1068 us
[2026-04-03T03:27:16.500+0600][26.460s][info][gc,stats    ]   Finish Mark                       270 us
[2026-04-03T03:27:16.500+0600][26.460s][info][gc,stats    ]   Update Region States               69 us
[2026-04-03T03:27:16.500+0600][26.460s][info][gc,stats    ]   Choose Collection Set             528 us
[2026-04-03T03:27:16.500+0600][26.460s][info][gc,stats    ]   Rebuild Free Set                   47 us
[2026-04-03T03:27:16.500+0600][26.460s][info][gc,stats    ] Concurrent Thread Roots             835 us, parallelism: 2.22x
[2026-04-03T03:27:16.500+0600][26.460s][info][gc,stats    ]   CTR: <total>                     1855 us
[2026-04-03T03:27:16.500+0600][26.460s][info][gc,stats    ]   CTR: Thread Roots                1855 us, workers (us): 645, 620, 589, ---, ---, ---, 
[2026-04-03T03:27:16.500+0600][26.460s][info][gc,stats    ] Concurrent Weak References          932 us, parallelism: 0.98x
[2026-04-03T03:27:16.500+0600][26.460s][info][gc,stats    ]   CWRF: <total>                     911 us
[2026-04-03T03:27:16.500+0600][26.460s][info][gc,stats    ]   CWRF: Weak References             911 us, workers (us): 217, 692,   1, ---, ---, ---, 
[2026-04-03T03:27:16.500+0600][26.460s][info][gc,stats    ] Concurrent Weak Roots              2577 us
[2026-04-03T03:27:16.500+0600][26.460s][info][gc,stats    ]   Roots                            2125 us, parallelism: 2.46x
[2026-04-03T03:27:16.500+0600][26.460s][info][gc,stats    ]     CWR: <total>                   5234 us
[2026-04-03T03:27:16.500+0600][26.460s][info][gc,stats    ]     CWR: Code Cache Roots          3434 us, workers (us): 1201, 994, 1238, ---, ---, ---, 
[2026-04-03T03:27:16.500+0600][26.460s][info][gc,stats    ]     CWR: VM Weak Roots             1723 us, workers (us): 594, 581, 548, ---, ---, ---, 
[2026-04-03T03:27:16.500+0600][26.460s][info][gc,stats    ]     CWR: CLDG Roots                  77 us, workers (us): ---,  77, ---, ---, ---, ---, 
[2026-04-03T03:27:16.500+0600][26.460s][info][gc,stats    ]   Rendezvous                        321 us
[2026-04-03T03:27:16.500+0600][26.460s][info][gc,stats    ] Concurrent Cleanup                  480 us
[2026-04-03T03:27:16.500+0600][26.460s][info][gc,stats    ] Concurrent Class Unloading         7385 us
[2026-04-03T03:27:16.500+0600][26.460s][info][gc,stats    ]   Unlink Stale                     6708 us
[2026-04-03T03:27:16.500+0600][26.460s][info][gc,stats    ]     System Dictionary               159 us
[2026-04-03T03:27:16.500+0600][26.460s][info][gc,stats    ]     Weak Class Links                  0 us
[2026-04-03T03:27:16.500+0600][26.460s][info][gc,stats    ]     Code Roots                     6544 us
[2026-04-03T03:27:16.500+0600][26.460s][info][gc,stats    ]   Rendezvous                        349 us
[2026-04-03T03:27:16.500+0600][26.460s][info][gc,stats    ]   Purge Unlinked                    170 us
[2026-04-03T03:27:16.500+0600][26.460s][info][gc,stats    ]     Code Roots                      155 us
[2026-04-03T03:27:16.500+0600][26.460s][info][gc,stats    ]     CLDG                             14 us
[2026-04-03T03:27:16.500+0600][26.460s][info][gc,stats    ]     Exception Caches                  0 us
[2026-04-03T03:27:16.500+0600][26.460s][info][gc,stats    ] Concurrent Strong Roots             682 us, parallelism: 0.54x
[2026-04-03T03:27:16.500+0600][26.460s][info][gc,stats    ]   CSR: <total>                      368 us
[2026-04-03T03:27:16.500+0600][26.460s][info][gc,stats    ]   CSR: VM Strong Roots               19 us, workers (us):  16,   2,   0, ---, ---, ---, 
[2026-04-03T03:27:16.500+0600][26.460s][info][gc,stats    ]   CSR: CLDG Roots                   349 us, workers (us): 349, ---, ---, ---, ---, ---, 
[2026-04-03T03:27:16.500+0600][26.460s][info][gc,stats    ] Concurrent Evacuation             52844 us
[2026-04-03T03:27:16.500+0600][26.461s][info][gc,stats    ] Pause Init Update Refs (G)          726 us
[2026-04-03T03:27:16.500+0600][26.461s][info][gc,stats    ] Pause Init Update Refs (N)          252 us
[2026-04-03T03:27:16.501+0600][26.461s][info][gc,stats    ]   Manage GCLABs                      26 us
[2026-04-03T03:27:16.501+0600][26.461s][info][gc,stats    ] Concurrent Update Refs           252655 us
[2026-04-03T03:27:16.501+0600][26.461s][info][gc,stats    ] Concurrent Update Thread Roots      857 us
[2026-04-03T03:27:16.501+0600][26.461s][info][gc,stats    ] Pause Final Update Refs (G)         608 us
[2026-04-03T03:27:16.501+0600][26.461s][info][gc,stats    ] Pause Final Update Refs (N)         311 us
[2026-04-03T03:27:16.501+0600][26.461s][info][gc,stats    ]   Update Region States               89 us
[2026-04-03T03:27:16.501+0600][26.461s][info][gc,stats    ]   Trash Collection Set               31 us
[2026-04-03T03:27:16.501+0600][26.461s][info][gc,stats    ]   Rebuild Free Set                   50 us
[2026-04-03T03:27:16.501+0600][26.461s][info][gc,stats    ] Concurrent Cleanup                  731 us
[2026-04-03T03:27:16.501+0600][26.461s][info][gc,stats    ] 
[2026-04-03T03:27:16.501+0600][26.461s][info][gc,stats    ] Allocation pacing accrued:
[2026-04-03T03:27:16.501+0600][26.461s][info][gc,stats    ]       0 of   864 ms (  0.0%): <total>
[2026-04-03T03:27:16.501+0600][26.461s][info][gc,stats    ]       0 of   864 ms (  0.0%): <average total>
[2026-04-03T03:27:16.501+0600][26.461s][info][gc,stats    ] 
[2026-04-03T03:27:16.501+0600][26.461s][info][gc,metaspace] Metaspace: 69647K(70400K)->69717K(70528K) NonClass: 60763K(61184K)->60825K(61248K) Class: 8884K(9216K)->8891K(9280K)
[2026-04-03T03:27:16.501+0600][26.461s][info][gc,ergo     ] Pacer for Idle. Initial: 25600K, Alloc Tax Rate: 1.0x
[2026-04-03T03:27:17.609+0600][27.569s][info][gc          ] Trigger: Average GC time (1067.03 ms) is above the time for average allocation rate (473 MB/s) to deplete free headroom (498M) (margin of error = 1.88)
[2026-04-03T03:27:17.609+0600][27.569s][info][gc,ergo     ] Free headroom: 560M (free) - 64000K (spike) - 0B (penalties) = 498M
[2026-04-03T03:27:17.609+0600][27.569s][info][gc,ergo     ] Free: 560M, Max: 512K regular, 129M humongous, Frag: 77% external, 0% internal; Reserve: 64000K, Max: 512K
[2026-04-03T03:27:17.609+0600][27.569s][info][gc,start    ] GC(21) Concurrent reset
[2026-04-03T03:27:17.609+0600][27.569s][info][gc,task     ] GC(21) Using 3 of 6 workers for concurrent reset
[2026-04-03T03:27:17.609+0600][27.569s][info][gc,ergo     ] GC(21) Pacer for Reset. Non-Taxable: 1250M
[2026-04-03T03:27:17.611+0600][27.571s][info][gc          ] GC(21) Concurrent reset 2.200ms
[2026-04-03T03:27:17.611+0600][27.571s][info][gc,start    ] GC(21) Pause Init Mark (unload classes)
[2026-04-03T03:27:17.611+0600][27.571s][info][gc,task     ] GC(21) Using 6 of 6 workers for init marking
[2026-04-03T03:27:17.611+0600][27.571s][info][gc,ergo     ] GC(21) Pacer for Mark. Expected Live: 287M, Free: 559M, Non-Taxable: 57241K, Alloc Tax Rate: 0.6x
[2026-04-03T03:27:17.611+0600][27.572s][info][gc          ] GC(21) Pause Init Mark (unload classes) 0.138ms
[2026-04-03T03:27:17.612+0600][27.572s][info][gc,start    ] GC(21) Concurrent marking roots
[2026-04-03T03:27:17.612+0600][27.572s][info][gc,task     ] GC(21) Using 3 of 6 workers for concurrent marking roots
[2026-04-03T03:27:17.613+0600][27.573s][info][gc          ] GC(21) Concurrent marking roots 0.988ms
[2026-04-03T03:27:17.613+0600][27.573s][info][gc,start    ] GC(21) Concurrent marking (unload classes)
[2026-04-03T03:27:17.613+0600][27.573s][info][gc,task     ] GC(21) Using 3 of 6 workers for concurrent marking
[2026-04-03T03:27:17.897+0600][27.857s][info][gc          ] GC(21) Concurrent marking (unload classes) 284.602ms
[2026-04-03T03:27:17.898+0600][27.858s][info][gc,start    ] GC(21) Pause Final Mark (unload classes)
[2026-04-03T03:27:17.898+0600][27.858s][info][gc,task     ] GC(21) Using 6 of 6 workers for final marking
[2026-04-03T03:27:17.898+0600][27.858s][info][gc,ergo     ] GC(21) Adaptive CSet Selection. Target Free: 177M, Actual Free: 797M, Max CSet: 53333K, Min Garbage: 0B
[2026-04-03T03:27:17.898+0600][27.858s][info][gc,ergo     ] GC(21) Collectable Garbage: 421M (97%), Immediate: 271M (62%), CSet: 149M (34%)
[2026-04-03T03:27:17.898+0600][27.858s][info][gc,ergo     ] GC(21) Pacer for Evacuation. Used CSet: 201M, Free: 749M, Non-Taxable: 76697K, Alloc Tax Rate: 1.1x
[2026-04-03T03:27:17.898+0600][27.858s][info][gc          ] GC(21) Pause Final Mark (unload classes) 0.704ms
[2026-04-03T03:27:17.898+0600][27.858s][info][gc,start    ] GC(21) Concurrent thread roots
[2026-04-03T03:27:17.898+0600][27.858s][info][gc,task     ] GC(21) Using 3 of 6 workers for Concurrent thread roots
[2026-04-03T03:27:17.899+0600][27.859s][info][gc          ] GC(21) Concurrent thread roots 0.674ms
[2026-04-03T03:27:17.899+0600][27.859s][info][gc,start    ] GC(21) Concurrent weak references
[2026-04-03T03:27:17.899+0600][27.859s][info][gc,task     ] GC(21) Using 3 of 6 workers for concurrent weak references
[2026-04-03T03:27:17.899+0600][27.859s][info][gc,ref      ] GC(21) Encountered references: Soft: 3367, Weak: 6165, Final: 82, Phantom: 597
[2026-04-03T03:27:17.899+0600][27.859s][info][gc,ref      ] GC(21) Discovered  references: Soft: 0, Weak: 1407, Final: 0, Phantom: 594
[2026-04-03T03:27:17.899+0600][27.860s][info][gc,ref      ] GC(21) Enqueued    references: Soft: 0, Weak: 190, Final: 0, Phantom: 0
[2026-04-03T03:27:17.900+0600][27.860s][info][gc          ] GC(21) Concurrent weak references 0.441ms
[2026-04-03T03:27:17.900+0600][27.860s][info][gc,start    ] GC(21) Concurrent weak roots
[2026-04-03T03:27:17.900+0600][27.860s][info][gc,task     ] GC(21) Using 3 of 6 workers for concurrent weak root
[2026-04-03T03:27:17.901+0600][27.861s][info][gc          ] GC(21) Concurrent weak roots 1.904ms
[2026-04-03T03:27:17.902+0600][27.862s][info][gc,start    ] GC(21) Concurrent cleanup
[2026-04-03T03:27:17.902+0600][27.862s][info][gc          ] GC(21) Concurrent cleanup 705M->435M(1250M) 0.485ms
[2026-04-03T03:27:17.902+0600][27.862s][info][gc,ergo     ] GC(21) Free: 746M, Max: 512K regular, 226M humongous, Frag: 70% external, 0% internal; Reserve: 63576K, Max: 512K
[2026-04-03T03:27:17.902+0600][27.862s][info][gc,start    ] GC(21) Concurrent class unloading
[2026-04-03T03:27:17.902+0600][27.862s][info][gc,task     ] GC(21) Using 3 of 6 workers for concurrent class unloading
[2026-04-03T03:27:17.909+0600][27.869s][info][gc          ] GC(21) Concurrent class unloading 6.677ms
[2026-04-03T03:27:17.909+0600][27.869s][info][gc,start    ] GC(21) Concurrent strong roots
[2026-04-03T03:27:17.909+0600][27.869s][info][gc,task     ] GC(21) Using 3 of 6 workers for concurrent strong root
[2026-04-03T03:27:17.910+0600][27.870s][info][gc          ] GC(21) Concurrent strong roots 0.995ms
[2026-04-03T03:27:17.910+0600][27.870s][info][gc,start    ] GC(21) Concurrent evacuation
[2026-04-03T03:27:17.910+0600][27.870s][info][gc,task     ] GC(21) Using 3 of 6 workers for concurrent evacuation
[2026-04-03T03:27:17.956+0600][27.917s][info][gc          ] GC(21) Concurrent evacuation 46.661ms
[2026-04-03T03:27:17.957+0600][27.917s][info][gc,start    ] GC(21) Pause Init Update Refs
[2026-04-03T03:27:17.957+0600][27.917s][info][gc,ergo     ] GC(21) Pacer for Update Refs. Used: 517M, Free: 715M, Non-Taxable: 73216K, Alloc Tax Rate: 1.1x
[2026-04-03T03:27:17.957+0600][27.917s][info][gc          ] GC(21) Pause Init Update Refs 0.141ms
[2026-04-03T03:27:17.957+0600][27.917s][info][gc,start    ] GC(21) Concurrent update references
[2026-04-03T03:27:17.957+0600][27.917s][info][gc,task     ] GC(21) Using 3 of 6 workers for concurrent reference update
[2026-04-03T03:27:18.105+0600][28.065s][info][gc          ] GC(21) Concurrent update references 148.036ms
[2026-04-03T03:27:18.105+0600][28.065s][info][gc,start    ] GC(21) Concurrent update thread roots
[2026-04-03T03:27:18.106+0600][28.066s][info][gc          ] GC(21) Concurrent update thread roots 0.912ms
[2026-04-03T03:27:18.106+0600][28.066s][info][gc,start    ] GC(21) Pause Final Update Refs
[2026-04-03T03:27:18.107+0600][28.067s][info][gc,task     ] GC(21) Using 6 of 6 workers for final reference update
[2026-04-03T03:27:18.107+0600][28.067s][info][gc          ] GC(21) Pause Final Update Refs 0.204ms
[2026-04-03T03:27:18.107+0600][28.067s][info][gc,start    ] GC(21) Concurrent cleanup
[2026-04-03T03:27:18.107+0600][28.068s][info][gc          ] GC(21) Concurrent cleanup 595M->394M(1250M) 0.634ms
[2026-04-03T03:27:18.108+0600][28.068s][info][gc,ergo     ] Free: 783M, Max: 512K regular, 259M humongous, Frag: 67% external, 0% internal; Reserve: 64000K, Max: 512K
[2026-04-03T03:27:18.108+0600][28.068s][info][gc,stats    ] 
[2026-04-03T03:27:18.108+0600][28.068s][info][gc,stats    ] All times are wall-clock times, except per-root-class counters, that are sum over
[2026-04-03T03:27:18.108+0600][28.068s][info][gc,stats    ] all workers. Dividing the <total> over the root stage time estimates parallelism.
[2026-04-03T03:27:18.108+0600][28.068s][info][gc,stats    ] 
[2026-04-03T03:27:18.108+0600][28.068s][info][gc,stats    ] Concurrent Reset                   2287 us
[2026-04-03T03:27:18.108+0600][28.068s][info][gc,stats    ] Pause Init Mark (G)                 461 us
[2026-04-03T03:27:18.108+0600][28.068s][info][gc,stats    ] Pause Init Mark (N)                 150 us
[2026-04-03T03:27:18.108+0600][28.068s][info][gc,stats    ]   Update Region States               27 us
[2026-04-03T03:27:18.108+0600][28.068s][info][gc,stats    ] Concurrent Mark Roots              1033 us, parallelism: 1.62x
[2026-04-03T03:27:18.108+0600][28.068s][info][gc,stats    ]   CMR: <total>                     1674 us
[2026-04-03T03:27:18.108+0600][28.068s][info][gc,stats    ]   CMR: Thread Roots                1439 us, workers (us): 352, 549, 538, ---, ---, ---, 
[2026-04-03T03:27:18.108+0600][28.068s][info][gc,stats    ]   CMR: VM Strong Roots               33 us, workers (us):  16,  16,   1, ---, ---, ---, 
[2026-04-03T03:27:18.108+0600][28.068s][info][gc,stats    ]   CMR: CLDG Roots                   202 us, workers (us): 202, ---, ---, ---, ---, ---, 
[2026-04-03T03:27:18.108+0600][28.068s][info][gc,stats    ] Concurrent Marking               284687 us
[2026-04-03T03:27:18.108+0600][28.068s][info][gc,stats    ] Pause Final Mark (G)               1005 us
[2026-04-03T03:27:18.108+0600][28.068s][info][gc,stats    ] Pause Final Mark (N)                719 us
[2026-04-03T03:27:18.108+0600][28.068s][info][gc,stats    ]   Finish Mark                       295 us
[2026-04-03T03:27:18.108+0600][28.068s][info][gc,stats    ]   Update Region States               54 us
[2026-04-03T03:27:18.108+0600][28.068s][info][gc,stats    ]   Choose Collection Set             240 us
[2026-04-03T03:27:18.108+0600][28.068s][info][gc,stats    ]   Rebuild Free Set                   36 us
[2026-04-03T03:27:18.108+0600][28.068s][info][gc,stats    ] Concurrent Thread Roots             717 us, parallelism: 1.87x
[2026-04-03T03:27:18.108+0600][28.068s][info][gc,stats    ]   CTR: <total>                     1341 us
[2026-04-03T03:27:18.108+0600][28.068s][info][gc,stats    ]   CTR: Thread Roots                1341 us, workers (us): 477, 446, 418, ---, ---, ---, 
[2026-04-03T03:27:18.108+0600][28.068s][info][gc,stats    ] Concurrent Weak References          456 us, parallelism: 0.81x
[2026-04-03T03:27:18.108+0600][28.068s][info][gc,stats    ]   CWRF: <total>                     368 us
[2026-04-03T03:27:18.108+0600][28.068s][info][gc,stats    ]   CWRF: Weak References             368 us, workers (us): 272,  95,   1, ---, ---, ---, 
[2026-04-03T03:27:18.108+0600][28.068s][info][gc,stats    ] Concurrent Weak Roots              1975 us
[2026-04-03T03:27:18.108+0600][28.068s][info][gc,stats    ]   Roots                            1653 us, parallelism: 2.30x
[2026-04-03T03:27:18.108+0600][28.068s][info][gc,stats    ]     CWR: <total>                   3805 us
[2026-04-03T03:27:18.108+0600][28.068s][info][gc,stats    ]     CWR: Code Cache Roots          2283 us, workers (us): 722, 826, 735, ---, ---, ---, 
[2026-04-03T03:27:18.108+0600][28.068s][info][gc,stats    ]     CWR: VM Weak Roots             1426 us, workers (us): 547, 454, 425, ---, ---, ---, 
[2026-04-03T03:27:18.108+0600][28.068s][info][gc,stats    ]     CWR: CLDG Roots                  96 us, workers (us):  96, ---, ---, ---, ---, ---, 
[2026-04-03T03:27:18.108+0600][28.068s][info][gc,stats    ]   Rendezvous                        224 us
[2026-04-03T03:27:18.108+0600][28.068s][info][gc,stats    ] Concurrent Cleanup                  501 us
[2026-04-03T03:27:18.108+0600][28.068s][info][gc,stats    ] Concurrent Class Unloading         6759 us
[2026-04-03T03:27:18.108+0600][28.068s][info][gc,stats    ]   Unlink Stale                     4979 us
[2026-04-03T03:27:18.108+0600][28.068s][info][gc,stats    ]     System Dictionary                76 us
[2026-04-03T03:27:18.108+0600][28.068s][info][gc,stats    ]     Weak Class Links                  0 us
[2026-04-03T03:27:18.108+0600][28.068s][info][gc,stats    ]     Code Roots                     4900 us
[2026-04-03T03:27:18.108+0600][28.068s][info][gc,stats    ]   Rendezvous                        214 us
[2026-04-03T03:27:18.108+0600][28.068s][info][gc,stats    ]   Purge Unlinked                   1460 us
[2026-04-03T03:27:18.108+0600][28.068s][info][gc,stats    ]     Code Roots                     1422 us
[2026-04-03T03:27:18.108+0600][28.068s][info][gc,stats    ]     CLDG                             38 us
[2026-04-03T03:27:18.108+0600][28.068s][info][gc,stats    ]     Exception Caches                  0 us
[2026-04-03T03:27:18.108+0600][28.068s][info][gc,stats    ] Concurrent Strong Roots            1023 us, parallelism: 0.72x
[2026-04-03T03:27:18.108+0600][28.068s][info][gc,stats    ]   CSR: <total>                      737 us
[2026-04-03T03:27:18.108+0600][28.068s][info][gc,stats    ]   CSR: VM Strong Roots               37 us, workers (us):  14,  12,  11, ---, ---, ---, 
[2026-04-03T03:27:18.108+0600][28.068s][info][gc,stats    ]   CSR: CLDG Roots                   700 us, workers (us): 700, ---, ---, ---, ---, ---, 
[2026-04-03T03:27:18.108+0600][28.068s][info][gc,stats    ] Concurrent Evacuation             46754 us
[2026-04-03T03:27:18.108+0600][28.068s][info][gc,stats    ] Pause Init Update Refs (G)          621 us
[2026-04-03T03:27:18.108+0600][28.068s][info][gc,stats    ] Pause Init Update Refs (N)          158 us
[2026-04-03T03:27:18.108+0600][28.068s][info][gc,stats    ]   Manage GCLABs                      20 us
[2026-04-03T03:27:18.108+0600][28.068s][info][gc,stats    ] Concurrent Update Refs           148125 us
[2026-04-03T03:27:18.108+0600][28.068s][info][gc,stats    ] Concurrent Update Thread Roots      975 us
[2026-04-03T03:27:18.108+0600][28.068s][info][gc,stats    ] Pause Final Update Refs (G)         549 us
[2026-04-03T03:27:18.108+0600][28.068s][info][gc,stats    ] Pause Final Update Refs (N)         233 us
[2026-04-03T03:27:18.108+0600][28.068s][info][gc,stats    ]   Update Region States               55 us
[2026-04-03T03:27:18.108+0600][28.068s][info][gc,stats    ]   Trash Collection Set               18 us
[2026-04-03T03:27:18.108+0600][28.068s][info][gc,stats    ]   Rebuild Free Set                   41 us
[2026-04-03T03:27:18.108+0600][28.068s][info][gc,stats    ] Concurrent Cleanup                  661 us
[2026-04-03T03:27:18.108+0600][28.068s][info][gc,stats    ] Pacing                           166049 us
[2026-04-03T03:27:18.108+0600][28.068s][info][gc,stats    ] 
[2026-04-03T03:27:18.108+0600][28.068s][info][gc,stats    ] Allocation pacing accrued:
[2026-04-03T03:27:18.108+0600][28.068s][info][gc,stats    ]      56 of  1608 ms (  3.5%): Executor task launch worker for task 0.0 in stage 2.0 (TID 6)
[2026-04-03T03:27:18.108+0600][28.068s][info][gc,stats    ]      55 of  1608 ms (  3.4%): Executor task launch worker for task 2.0 in stage 2.0 (TID 8)
[2026-04-03T03:27:18.108+0600][28.068s][info][gc,stats    ]      55 of  1608 ms (  3.4%): Executor task launch worker for task 1.0 in stage 2.0 (TID 7)
[2026-04-03T03:27:18.108+0600][28.068s][info][gc,stats    ]     166 of  1608 ms ( 10.3%): <total>
[2026-04-03T03:27:18.108+0600][28.068s][info][gc,stats    ]       2 of  1608 ms (  0.1%): <average total>
[2026-04-03T03:27:18.108+0600][28.068s][info][gc,stats    ]      55 of  1608 ms (  3.4%): <average non-zero>
[2026-04-03T03:27:18.108+0600][28.068s][info][gc,stats    ] 
[2026-04-03T03:27:18.108+0600][28.068s][info][gc,metaspace] Metaspace: 69904K(70720K)->69910K(70784K) NonClass: 60990K(61440K)->60996K(61504K) Class: 8914K(9280K)->8914K(9280K)
[2026-04-03T03:27:18.108+0600][28.068s][info][gc,ergo     ] Pacer for Idle. Initial: 25600K, Alloc Tax Rate: 1.0x
[2026-04-03T03:27:18.292+0600][28.252s][info][gc          ] Trigger: Average GC time (983.18 ms) is above the time for average allocation rate (570 MB/s) to deplete free headroom (559M) (margin of error = 1.88)
[2026-04-03T03:27:18.292+0600][28.252s][info][gc,ergo     ] Free headroom: 622M (free) - 64000K (spike) - 0B (penalties) = 559M
[2026-04-03T03:27:18.292+0600][28.252s][info][gc,ergo     ] Free: 622M, Max: 512K regular, 259M humongous, Frag: 59% external, 0% internal; Reserve: 64000K, Max: 512K
[2026-04-03T03:27:18.292+0600][28.252s][info][gc,start    ] GC(22) Concurrent reset
[2026-04-03T03:27:18.292+0600][28.252s][info][gc,task     ] GC(22) Using 3 of 6 workers for concurrent reset
[2026-04-03T03:27:18.292+0600][28.252s][info][gc,ergo     ] GC(22) Pacer for Reset. Non-Taxable: 1250M
[2026-04-03T03:27:18.293+0600][28.253s][info][gc          ] GC(22) Concurrent reset 1.110ms
[2026-04-03T03:27:18.294+0600][28.254s][info][gc,start    ] GC(22) Pause Init Mark (unload classes)
[2026-04-03T03:27:18.294+0600][28.254s][info][gc,task     ] GC(22) Using 6 of 6 workers for init marking
[2026-04-03T03:27:18.294+0600][28.254s][info][gc,ergo     ] GC(22) Pacer for Mark. Expected Live: 274M, Free: 619M, Non-Taxable: 63437K, Alloc Tax Rate: 0.5x
[2026-04-03T03:27:18.294+0600][28.254s][info][gc          ] GC(22) Pause Init Mark (unload classes) 0.116ms
[2026-04-03T03:27:18.294+0600][28.254s][info][gc,start    ] GC(22) Concurrent marking roots
[2026-04-03T03:27:18.294+0600][28.254s][info][gc,task     ] GC(22) Using 3 of 6 workers for concurrent marking roots
[2026-04-03T03:27:18.295+0600][28.255s][info][gc          ] GC(22) Concurrent marking roots 0.632ms
[2026-04-03T03:27:18.295+0600][28.255s][info][gc,start    ] GC(22) Concurrent marking (unload classes)
[2026-04-03T03:27:18.295+0600][28.255s][info][gc,task     ] GC(22) Using 3 of 6 workers for concurrent marking
[2026-04-03T03:27:18.561+0600][28.521s][info][gc          ] GC(22) Concurrent marking (unload classes) 265.975ms
[2026-04-03T03:27:18.561+0600][28.521s][info][gc,start    ] GC(22) Pause Final Mark (unload classes)
[2026-04-03T03:27:18.561+0600][28.521s][info][gc,task     ] GC(22) Using 6 of 6 workers for final marking
[2026-04-03T03:27:18.561+0600][28.521s][info][gc,ergo     ] GC(22) Adaptive CSet Selection. Target Free: 177M, Actual Free: 597M, Max CSet: 53333K, Min Garbage: 0B
[2026-04-03T03:27:18.561+0600][28.522s][info][gc,ergo     ] GC(22) Collectable Garbage: 289M (90%), Immediate: 25600K (7%), CSet: 264M (83%)
[2026-04-03T03:27:18.562+0600][28.522s][info][gc,ergo     ] GC(22) Pacer for Evacuation. Used CSet: 316M, Free: 540M, Non-Taxable: 55348K, Alloc Tax Rate: 1.4x
[2026-04-03T03:27:18.562+0600][28.522s][info][gc          ] GC(22) Pause Final Mark (unload classes) 0.722ms
[2026-04-03T03:27:18.562+0600][28.522s][info][gc,start    ] GC(22) Concurrent thread roots
[2026-04-03T03:27:18.562+0600][28.522s][info][gc,task     ] GC(22) Using 3 of 6 workers for Concurrent thread roots
[2026-04-03T03:27:18.562+0600][28.522s][info][gc          ] GC(22) Concurrent thread roots 0.549ms
[2026-04-03T03:27:18.562+0600][28.522s][info][gc,start    ] GC(22) Concurrent weak references
[2026-04-03T03:27:18.562+0600][28.522s][info][gc,task     ] GC(22) Using 3 of 6 workers for concurrent weak references
[2026-04-03T03:27:18.563+0600][28.523s][info][gc,ref      ] GC(22) Encountered references: Soft: 3370, Weak: 5984, Final: 82, Phantom: 594
[2026-04-03T03:27:18.563+0600][28.523s][info][gc,ref      ] GC(22) Discovered  references: Soft: 0, Weak: 1227, Final: 0, Phantom: 591
[2026-04-03T03:27:18.563+0600][28.523s][info][gc,ref      ] GC(22) Enqueued    references: Soft: 0, Weak: 7, Final: 0, Phantom: 0
[2026-04-03T03:27:18.563+0600][28.523s][info][gc          ] GC(22) Concurrent weak references 0.342ms
[2026-04-03T03:27:18.563+0600][28.523s][info][gc,start    ] GC(22) Concurrent weak roots
[2026-04-03T03:27:18.563+0600][28.523s][info][gc,task     ] GC(22) Using 3 of 6 workers for concurrent weak root
[2026-04-03T03:27:18.565+0600][28.525s][info][gc          ] GC(22) Concurrent weak roots 1.898ms
[2026-04-03T03:27:18.565+0600][28.525s][info][gc,start    ] GC(22) Concurrent cleanup
[2026-04-03T03:27:18.565+0600][28.525s][info][gc          ] GC(22) Concurrent cleanup 666M->641M(1250M) 0.160ms
[2026-04-03T03:27:18.565+0600][28.525s][info][gc,ergo     ] GC(22) Free: 538M, Max: 512K regular, 259M humongous, Frag: 52% external, 0% internal; Reserve: 63613K, Max: 512K
[2026-04-03T03:27:18.565+0600][28.525s][info][gc,start    ] GC(22) Concurrent class unloading
[2026-04-03T03:27:18.565+0600][28.525s][info][gc,task     ] GC(22) Using 3 of 6 workers for concurrent class unloading
[2026-04-03T03:27:18.569+0600][28.529s][info][gc          ] GC(22) Concurrent class unloading 4.304ms
[2026-04-03T03:27:18.569+0600][28.529s][info][gc,start    ] GC(22) Concurrent strong roots
[2026-04-03T03:27:18.569+0600][28.529s][info][gc,task     ] GC(22) Using 3 of 6 workers for concurrent strong root
[2026-04-03T03:27:18.570+0600][28.530s][info][gc          ] GC(22) Concurrent strong roots 0.634ms
[2026-04-03T03:27:18.570+0600][28.530s][info][gc,start    ] GC(22) Concurrent evacuation
[2026-04-03T03:27:18.570+0600][28.530s][info][gc,task     ] GC(22) Using 3 of 6 workers for concurrent evacuation
[2026-04-03T03:27:18.606+0600][28.566s][info][gc          ] GC(22) Concurrent evacuation 36.590ms
[2026-04-03T03:27:18.607+0600][28.567s][info][gc,start    ] GC(22) Pause Init Update Refs
[2026-04-03T03:27:18.607+0600][28.567s][info][gc,ergo     ] GC(22) Pacer for Update Refs. Used: 726M, Free: 506M, Non-Taxable: 51866K, Alloc Tax Rate: 1.8x
[2026-04-03T03:27:18.607+0600][28.567s][info][gc          ] GC(22) Pause Init Update Refs 0.274ms
[2026-04-03T03:27:18.607+0600][28.567s][info][gc,start    ] GC(22) Concurrent update references
[2026-04-03T03:27:18.607+0600][28.567s][info][gc,task     ] GC(22) Using 3 of 6 workers for concurrent reference update
[2026-04-03T03:27:18.788+0600][28.748s][info][gc          ] GC(22) Concurrent update references 180.241ms
[2026-04-03T03:27:18.788+0600][28.748s][info][gc,start    ] GC(22) Concurrent update thread roots
[2026-04-03T03:27:18.789+0600][28.749s][info][gc          ] GC(22) Concurrent update thread roots 0.924ms
[2026-04-03T03:27:18.811+0600][28.771s][info][gc,start    ] GC(22) Pause Final Update Refs
[2026-04-03T03:27:18.811+0600][28.771s][info][gc,task     ] GC(22) Using 6 of 6 workers for final reference update
[2026-04-03T03:27:18.811+0600][28.771s][info][gc          ] GC(22) Pause Final Update Refs 0.222ms
[2026-04-03T03:27:18.811+0600][28.771s][info][gc,start    ] GC(22) Concurrent cleanup
[2026-04-03T03:27:18.812+0600][28.772s][info][gc          ] GC(22) Concurrent cleanup 879M->563M(1250M) 0.267ms
[2026-04-03T03:27:18.812+0600][28.772s][info][gc,ergo     ] Free: 616M, Max: 512K regular, 259M humongous, Frag: 58% external, 0% internal; Reserve: 64000K, Max: 512K
[2026-04-03T03:27:18.812+0600][28.772s][info][gc,stats    ] 
[2026-04-03T03:27:18.812+0600][28.772s][info][gc,stats    ] All times are wall-clock times, except per-root-class counters, that are sum over
[2026-04-03T03:27:18.812+0600][28.772s][info][gc,stats    ] all workers. Dividing the <total> over the root stage time estimates parallelism.
[2026-04-03T03:27:18.812+0600][28.772s][info][gc,stats    ] 
[2026-04-03T03:27:18.812+0600][28.772s][info][gc,stats    ] Concurrent Reset                   1169 us
[2026-04-03T03:27:18.812+0600][28.772s][info][gc,stats    ] Pause Init Mark (G)                 469 us
[2026-04-03T03:27:18.812+0600][28.772s][info][gc,stats    ] Pause Init Mark (N)                 126 us
[2026-04-03T03:27:18.812+0600][28.772s][info][gc,stats    ]   Update Region States               30 us
[2026-04-03T03:27:18.812+0600][28.772s][info][gc,stats    ] Concurrent Mark Roots               665 us, parallelism: 1.44x
[2026-04-03T03:27:18.812+0600][28.772s][info][gc,stats    ]   CMR: <total>                      959 us
[2026-04-03T03:27:18.812+0600][28.772s][info][gc,stats    ]   CMR: Thread Roots                 769 us, workers (us): 312, 147, 310, ---, ---, ---, 
[2026-04-03T03:27:18.812+0600][28.772s][info][gc,stats    ]   CMR: VM Strong Roots               25 us, workers (us):  24,   1,   1, ---, ---, ---, 
[2026-04-03T03:27:18.812+0600][28.772s][info][gc,stats    ]   CMR: CLDG Roots                   164 us, workers (us): ---, 164, ---, ---, ---, ---, 
[2026-04-03T03:27:18.812+0600][28.772s][info][gc,stats    ] Concurrent Marking               266064 us
[2026-04-03T03:27:18.812+0600][28.772s][info][gc,stats    ] Pause Final Mark (G)                918 us
[2026-04-03T03:27:18.812+0600][28.772s][info][gc,stats    ] Pause Final Mark (N)                735 us
[2026-04-03T03:27:18.812+0600][28.772s][info][gc,stats    ]   Finish Mark                       282 us
[2026-04-03T03:27:18.812+0600][28.772s][info][gc,stats    ]   Update Region States               34 us
[2026-04-03T03:27:18.812+0600][28.772s][info][gc,stats    ]   Choose Collection Set             304 us
[2026-04-03T03:27:18.812+0600][28.772s][info][gc,stats    ]   Rebuild Free Set                   26 us
[2026-04-03T03:27:18.812+0600][28.772s][info][gc,stats    ] Concurrent Thread Roots             621 us, parallelism: 1.32x
[2026-04-03T03:27:18.812+0600][28.772s][info][gc,stats    ]   CTR: <total>                      820 us
[2026-04-03T03:27:18.812+0600][28.772s][info][gc,stats    ]   CTR: Thread Roots                 820 us, workers (us): 275, 274, 270, ---, ---, ---, 
[2026-04-03T03:27:18.812+0600][28.772s][info][gc,stats    ] Concurrent Weak References          354 us, parallelism: 0.59x
[2026-04-03T03:27:18.812+0600][28.772s][info][gc,stats    ]   CWRF: <total>                     207 us
[2026-04-03T03:27:18.812+0600][28.772s][info][gc,stats    ]   CWRF: Weak References             207 us, workers (us): 100, 106,   1, ---, ---, ---, 
[2026-04-03T03:27:18.812+0600][28.772s][info][gc,stats    ] Concurrent Weak Roots              1967 us
[2026-04-03T03:27:18.812+0600][28.772s][info][gc,stats    ]   Roots                            1683 us, parallelism: 2.28x
[2026-04-03T03:27:18.812+0600][28.772s][info][gc,stats    ]     CWR: <total>                   3832 us
[2026-04-03T03:27:18.812+0600][28.772s][info][gc,stats    ]     CWR: Code Cache Roots          2336 us, workers (us): 782, 852, 702, ---, ---, ---, 
[2026-04-03T03:27:18.812+0600][28.772s][info][gc,stats    ]     CWR: VM Weak Roots             1352 us, workers (us): 469, 469, 414, ---, ---, ---, 
[2026-04-03T03:27:18.812+0600][28.772s][info][gc,stats    ]     CWR: CLDG Roots                 144 us, workers (us): ---, ---, 144, ---, ---, ---, 
[2026-04-03T03:27:18.812+0600][28.772s][info][gc,stats    ]   Rendezvous                        192 us
[2026-04-03T03:27:18.812+0600][28.772s][info][gc,stats    ] Concurrent Cleanup                  178 us
[2026-04-03T03:27:18.812+0600][28.772s][info][gc,stats    ] Concurrent Class Unloading         4392 us
[2026-04-03T03:27:18.812+0600][28.772s][info][gc,stats    ]   Unlink Stale                     3829 us
[2026-04-03T03:27:18.812+0600][28.772s][info][gc,stats    ]     System Dictionary               114 us
[2026-04-03T03:27:18.812+0600][28.772s][info][gc,stats    ]     Weak Class Links                  0 us
[2026-04-03T03:27:18.812+0600][28.772s][info][gc,stats    ]     Code Roots                     3712 us
[2026-04-03T03:27:18.812+0600][28.772s][info][gc,stats    ]   Rendezvous                        209 us
[2026-04-03T03:27:18.812+0600][28.772s][info][gc,stats    ]   Purge Unlinked                    239 us
[2026-04-03T03:27:18.812+0600][28.772s][info][gc,stats    ]     Code Roots                      232 us
[2026-04-03T03:27:18.812+0600][28.772s][info][gc,stats    ]     CLDG                              6 us
[2026-04-03T03:27:18.812+0600][28.772s][info][gc,stats    ]     Exception Caches                  0 us
[2026-04-03T03:27:18.812+0600][28.772s][info][gc,stats    ] Concurrent Strong Roots             668 us, parallelism: 0.50x
[2026-04-03T03:27:18.812+0600][28.772s][info][gc,stats    ]   CSR: <total>                      337 us
[2026-04-03T03:27:18.812+0600][28.772s][info][gc,stats    ]   CSR: VM Strong Roots               24 us, workers (us):  11,  12,   1, ---, ---, ---, 
[2026-04-03T03:27:18.812+0600][28.772s][info][gc,stats    ]   CSR: CLDG Roots                   313 us, workers (us): 313, ---, ---, ---, ---, ---, 
[2026-04-03T03:27:18.812+0600][28.772s][info][gc,stats    ] Concurrent Evacuation             36713 us
[2026-04-03T03:27:18.812+0600][28.772s][info][gc,stats    ] Pause Init Update Refs (G)          672 us
[2026-04-03T03:27:18.812+0600][28.772s][info][gc,stats    ] Pause Init Update Refs (N)          288 us
[2026-04-03T03:27:18.812+0600][28.772s][info][gc,stats    ]   Manage GCLABs                      36 us
[2026-04-03T03:27:18.812+0600][28.772s][info][gc,stats    ] Concurrent Update Refs           180405 us
[2026-04-03T03:27:18.812+0600][28.772s][info][gc,stats    ] Concurrent Update Thread Roots    23071 us
[2026-04-03T03:27:18.812+0600][28.772s][info][gc,stats    ] Pause Final Update Refs (G)         584 us
[2026-04-03T03:27:18.812+0600][28.772s][info][gc,stats    ] Pause Final Update Refs (N)         242 us
[2026-04-03T03:27:18.812+0600][28.772s][info][gc,stats    ]   Update Region States               50 us
[2026-04-03T03:27:18.812+0600][28.772s][info][gc,stats    ]   Trash Collection Set               18 us
[2026-04-03T03:27:18.812+0600][28.772s][info][gc,stats    ]   Rebuild Free Set                   32 us
[2026-04-03T03:27:18.812+0600][28.772s][info][gc,stats    ] Concurrent Cleanup                  290 us
[2026-04-03T03:27:18.812+0600][28.772s][info][gc,stats    ] Pacing                           400241 us
[2026-04-03T03:27:18.812+0600][28.772s][info][gc,stats    ] 
[2026-04-03T03:27:18.812+0600][28.772s][info][gc,stats    ] Allocation pacing accrued:
[2026-04-03T03:27:18.812+0600][28.772s][info][gc,stats    ]     136 of   704 ms ( 19.3%): Executor task launch worker for task 0.0 in stage 2.0 (TID 6)
[2026-04-03T03:27:18.812+0600][28.772s][info][gc,stats    ]     131 of   704 ms ( 18.6%): Executor task launch worker for task 2.0 in stage 2.0 (TID 8)
[2026-04-03T03:27:18.812+0600][28.772s][info][gc,stats    ]     133 of   704 ms ( 18.9%): Executor task launch worker for task 1.0 in stage 2.0 (TID 7)
[2026-04-03T03:27:18.812+0600][28.772s][info][gc,stats    ]     400 of   704 ms ( 56.8%): <total>
[2026-04-03T03:27:18.812+0600][28.772s][info][gc,stats    ]       5 of   704 ms (  0.7%): <average total>
[2026-04-03T03:27:18.812+0600][28.772s][info][gc,stats    ]     133 of   704 ms ( 18.9%): <average non-zero>
[2026-04-03T03:27:18.812+0600][28.772s][info][gc,stats    ] 
[2026-04-03T03:27:18.813+0600][28.773s][info][gc,metaspace] Metaspace: 69910K(70784K)->69914K(70784K) NonClass: 60996K(61504K)->61000K(61504K) Class: 8914K(9280K)->8914K(9280K)
[2026-04-03T03:27:18.813+0600][28.773s][info][gc,ergo     ] Pacer for Idle. Initial: 25600K, Alloc Tax Rate: 1.0x
[2026-04-03T03:27:18.890+0600][28.850s][info][gc          ] Trigger: Average GC time (849.02 ms) is above the time for average allocation rate (585 MB/s) to deplete free headroom (496M) (margin of error = 1.88)
[2026-04-03T03:27:18.890+0600][28.850s][info][gc,ergo     ] Free headroom: 559M (free) - 64000K (spike) - 0B (penalties) = 496M
[2026-04-03T03:27:18.890+0600][28.850s][info][gc,ergo     ] Free: 559M, Max: 512K regular, 259M humongous, Frag: 54% external, 0% internal; Reserve: 64000K, Max: 512K
[2026-04-03T03:27:18.890+0600][28.850s][info][gc,start    ] GC(23) Concurrent reset
[2026-04-03T03:27:18.890+0600][28.850s][info][gc,task     ] GC(23) Using 3 of 6 workers for concurrent reset
[2026-04-03T03:27:18.890+0600][28.850s][info][gc,ergo     ] GC(23) Pacer for Reset. Non-Taxable: 1250M
[2026-04-03T03:27:18.893+0600][28.853s][info][gc          ] GC(23) Concurrent reset 2.779ms
[2026-04-03T03:27:18.893+0600][28.853s][info][gc,start    ] GC(23) Pause Init Mark (unload classes)
[2026-04-03T03:27:18.893+0600][28.853s][info][gc,task     ] GC(23) Using 6 of 6 workers for init marking
[2026-04-03T03:27:18.893+0600][28.853s][info][gc,ergo     ] GC(23) Pacer for Mark. Expected Live: 268M, Free: 558M, Non-Taxable: 57140K, Alloc Tax Rate: 0.6x
[2026-04-03T03:27:18.893+0600][28.853s][info][gc          ] GC(23) Pause Init Mark (unload classes) 0.208ms
[2026-04-03T03:27:18.893+0600][28.854s][info][gc,start    ] GC(23) Concurrent marking roots
[2026-04-03T03:27:18.894+0600][28.854s][info][gc,task     ] GC(23) Using 3 of 6 workers for concurrent marking roots
[2026-04-03T03:27:18.895+0600][28.855s][info][gc          ] GC(23) Concurrent marking roots 1.042ms
[2026-04-03T03:27:18.895+0600][28.855s][info][gc,start    ] GC(23) Concurrent marking (unload classes)
[2026-04-03T03:27:18.895+0600][28.855s][info][gc,task     ] GC(23) Using 3 of 6 workers for concurrent marking
[2026-04-03T03:27:19.267+0600][29.227s][info][gc          ] GC(23) Concurrent marking (unload classes) 372.305ms
[2026-04-03T03:27:19.267+0600][29.227s][info][gc,start    ] GC(23) Pause Final Mark (unload classes)
[2026-04-03T03:27:19.267+0600][29.227s][info][gc,task     ] GC(23) Using 6 of 6 workers for final marking
[2026-04-03T03:27:19.268+0600][29.228s][info][gc,ergo     ] GC(23) Adaptive CSet Selection. Target Free: 177M, Actual Free: 505M, Max CSet: 53333K, Min Garbage: 0B
[2026-04-03T03:27:19.268+0600][29.228s][info][gc,ergo     ] GC(23) Collectable Garbage: 324M (95%), Immediate: 8704K (2%), CSet: 316M (92%)
[2026-04-03T03:27:19.268+0600][29.228s][info][gc,ergo     ] GC(23) Pacer for Evacuation. Used CSet: 368M, Free: 447M, Non-Taxable: 45773K, Alloc Tax Rate: 2.0x
[2026-04-03T03:27:19.268+0600][29.228s][info][gc          ] GC(23) Pause Final Mark (unload classes) 0.823ms
[2026-04-03T03:27:19.268+0600][29.228s][info][gc,start    ] GC(23) Concurrent thread roots
[2026-04-03T03:27:19.268+0600][29.228s][info][gc,task     ] GC(23) Using 3 of 6 workers for Concurrent thread roots
[2026-04-03T03:27:19.269+0600][29.229s][info][gc          ] GC(23) Concurrent thread roots 0.469ms
[2026-04-03T03:27:19.269+0600][29.229s][info][gc,start    ] GC(23) Concurrent weak references
[2026-04-03T03:27:19.269+0600][29.229s][info][gc,task     ] GC(23) Using 3 of 6 workers for concurrent weak references
[2026-04-03T03:27:19.269+0600][29.229s][info][gc,ref      ] GC(23) Encountered references: Soft: 3370, Weak: 5977, Final: 82, Phantom: 594
[2026-04-03T03:27:19.269+0600][29.229s][info][gc,ref      ] GC(23) Discovered  references: Soft: 0, Weak: 1000, Final: 0, Phantom: 591
[2026-04-03T03:27:19.269+0600][29.229s][info][gc,ref      ] GC(23) Enqueued    references: Soft: 0, Weak: 0, Final: 0, Phantom: 0
[2026-04-03T03:27:19.269+0600][29.229s][info][gc          ] GC(23) Concurrent weak references 0.487ms
[2026-04-03T03:27:19.269+0600][29.229s][info][gc,start    ] GC(23) Concurrent weak roots
[2026-04-03T03:27:19.269+0600][29.229s][info][gc,task     ] GC(23) Using 3 of 6 workers for concurrent weak root
[2026-04-03T03:27:19.271+0600][29.231s][info][gc          ] GC(23) Concurrent weak roots 2.173ms
[2026-04-03T03:27:19.271+0600][29.231s][info][gc,start    ] GC(23) Concurrent cleanup
[2026-04-03T03:27:19.272+0600][29.232s][info][gc          ] GC(23) Concurrent cleanup 745M->736M(1250M) 0.432ms
[2026-04-03T03:27:19.272+0600][29.232s][info][gc,ergo     ] GC(23) Free: 445M, Max: 512K regular, 259M humongous, Frag: 42% external, 0% internal; Reserve: 63806K, Max: 512K
[2026-04-03T03:27:19.272+0600][29.232s][info][gc,start    ] GC(23) Concurrent class unloading
[2026-04-03T03:27:19.272+0600][29.232s][info][gc,task     ] GC(23) Using 3 of 6 workers for concurrent class unloading
[2026-04-03T03:27:19.277+0600][29.237s][info][gc          ] GC(23) Concurrent class unloading 5.563ms
[2026-04-03T03:27:19.278+0600][29.238s][info][gc,start    ] GC(23) Concurrent strong roots
[2026-04-03T03:27:19.278+0600][29.238s][info][gc,task     ] GC(23) Using 3 of 6 workers for concurrent strong root
[2026-04-03T03:27:19.278+0600][29.238s][info][gc          ] GC(23) Concurrent strong roots 0.595ms
[2026-04-03T03:27:19.278+0600][29.238s][info][gc,start    ] GC(23) Concurrent evacuation
[2026-04-03T03:27:19.278+0600][29.238s][info][gc,task     ] GC(23) Using 3 of 6 workers for concurrent evacuation
[2026-04-03T03:27:19.330+0600][29.290s][info][gc          ] GC(23) Concurrent evacuation 51.576ms
[2026-04-03T03:27:19.330+0600][29.290s][info][gc,start    ] GC(23) Pause Init Update Refs
[2026-04-03T03:27:19.330+0600][29.290s][info][gc,ergo     ] GC(23) Pacer for Update Refs. Used: 825M, Free: 409M, Non-Taxable: 41933K, Alloc Tax Rate: 2.5x
[2026-04-03T03:27:19.330+0600][29.290s][info][gc          ] GC(23) Pause Init Update Refs 0.155ms
[2026-04-03T03:27:19.331+0600][29.291s][info][gc,start    ] GC(23) Concurrent update references
[2026-04-03T03:27:19.331+0600][29.291s][info][gc,task     ] GC(23) Using 3 of 6 workers for concurrent reference update
[2026-04-03T03:27:19.584+0600][29.544s][info][gc          ] GC(23) Concurrent update references 253.610ms
[2026-04-03T03:27:19.584+0600][29.544s][info][gc,start    ] GC(23) Concurrent update thread roots
[2026-04-03T03:27:19.585+0600][29.545s][info][gc          ] GC(23) Concurrent update thread roots 0.927ms
[2026-04-03T03:27:19.585+0600][29.545s][info][gc,start    ] GC(23) Pause Final Update Refs
[2026-04-03T03:27:19.586+0600][29.546s][info][gc,task     ] GC(23) Using 6 of 6 workers for final reference update
[2026-04-03T03:27:19.586+0600][29.546s][info][gc          ] GC(23) Pause Final Update Refs 0.235ms
[2026-04-03T03:27:19.586+0600][29.546s][info][gc,start    ] GC(23) Concurrent cleanup
[2026-04-03T03:27:19.587+0600][29.547s][info][gc          ] GC(23) Concurrent cleanup 978M->610M(1250M) 0.631ms
[2026-04-03T03:27:19.587+0600][29.547s][info][gc,ergo     ] Free: 571M, Max: 512K regular, 206M humongous, Frag: 64% external, 0% internal; Reserve: 64000K, Max: 512K
[2026-04-03T03:27:19.587+0600][29.547s][info][gc,stats    ] 
[2026-04-03T03:27:19.587+0600][29.547s][info][gc,stats    ] All times are wall-clock times, except per-root-class counters, that are sum over
[2026-04-03T03:27:19.587+0600][29.547s][info][gc,stats    ] all workers. Dividing the <total> over the root stage time estimates parallelism.
[2026-04-03T03:27:19.587+0600][29.547s][info][gc,stats    ] 
[2026-04-03T03:27:19.587+0600][29.547s][info][gc,stats    ] Concurrent Reset                   2875 us
[2026-04-03T03:27:19.587+0600][29.547s][info][gc,stats    ] Pause Init Mark (G)                 578 us
[2026-04-03T03:27:19.587+0600][29.547s][info][gc,stats    ] Pause Init Mark (N)                 225 us
[2026-04-03T03:27:19.587+0600][29.547s][info][gc,stats    ]   Update Region States               40 us
[2026-04-03T03:27:19.587+0600][29.547s][info][gc,stats    ] Concurrent Mark Roots              1097 us, parallelism: 1.52x
[2026-04-03T03:27:19.587+0600][29.547s][info][gc,stats    ]   CMR: <total>                     1667 us
[2026-04-03T03:27:19.587+0600][29.547s][info][gc,stats    ]   CMR: Thread Roots                1363 us, workers (us): 538, 543, 281, ---, ---, ---, 
[2026-04-03T03:27:19.587+0600][29.547s][info][gc,stats    ]   CMR: VM Strong Roots               50 us, workers (us):  29,  20,   1, ---, ---, ---, 
[2026-04-03T03:27:19.587+0600][29.547s][info][gc,stats    ]   CMR: CLDG Roots                   255 us, workers (us): ---, ---, 255, ---, ---, ---, 
[2026-04-03T03:27:19.587+0600][29.547s][info][gc,stats    ] Concurrent Marking               372396 us
[2026-04-03T03:27:19.587+0600][29.547s][info][gc,stats    ] Pause Final Mark (G)               1157 us
[2026-04-03T03:27:19.587+0600][29.547s][info][gc,stats    ] Pause Final Mark (N)                833 us
[2026-04-03T03:27:19.587+0600][29.547s][info][gc,stats    ]   Finish Mark                       258 us
[2026-04-03T03:27:19.587+0600][29.547s][info][gc,stats    ]   Update Region States               35 us
[2026-04-03T03:27:19.587+0600][29.547s][info][gc,stats    ]   Choose Collection Set             338 us
[2026-04-03T03:27:19.587+0600][29.547s][info][gc,stats    ]   Rebuild Free Set                   29 us
[2026-04-03T03:27:19.587+0600][29.547s][info][gc,stats    ] Concurrent Thread Roots             533 us, parallelism: 1.73x
[2026-04-03T03:27:19.587+0600][29.547s][info][gc,stats    ]   CTR: <total>                      922 us
[2026-04-03T03:27:19.587+0600][29.547s][info][gc,stats    ]   CTR: Thread Roots                 922 us, workers (us): 341, 312, 269, ---, ---, ---, 
[2026-04-03T03:27:19.587+0600][29.547s][info][gc,stats    ] Concurrent Weak References          500 us, parallelism: 0.51x
[2026-04-03T03:27:19.587+0600][29.547s][info][gc,stats    ]   CWRF: <total>                     256 us
[2026-04-03T03:27:19.587+0600][29.547s][info][gc,stats    ]   CWRF: Weak References             256 us, workers (us): 254,   1,   1, ---, ---, ---, 
[2026-04-03T03:27:19.587+0600][29.547s][info][gc,stats    ] Concurrent Weak Roots              2231 us
[2026-04-03T03:27:19.587+0600][29.547s][info][gc,stats    ]   Roots                            1842 us, parallelism: 2.42x
[2026-04-03T03:27:19.587+0600][29.547s][info][gc,stats    ]     CWR: <total>                   4457 us
[2026-04-03T03:27:19.587+0600][29.547s][info][gc,stats    ]     CWR: Code Cache Roots          2929 us, workers (us): 946, 973, 1010, ---, ---, ---, 
[2026-04-03T03:27:19.587+0600][29.547s][info][gc,stats    ]     CWR: VM Weak Roots             1464 us, workers (us): 538, 483, 442, ---, ---, ---, 
[2026-04-03T03:27:19.587+0600][29.547s][info][gc,stats    ]     CWR: CLDG Roots                  64 us, workers (us): ---,  64, ---, ---, ---, ---, 
[2026-04-03T03:27:19.587+0600][29.547s][info][gc,stats    ]   Rendezvous                        303 us
[2026-04-03T03:27:19.587+0600][29.547s][info][gc,stats    ] Concurrent Cleanup                  447 us
[2026-04-03T03:27:19.587+0600][29.547s][info][gc,stats    ] Concurrent Class Unloading         5642 us
[2026-04-03T03:27:19.587+0600][29.547s][info][gc,stats    ]   Unlink Stale                     5237 us
[2026-04-03T03:27:19.587+0600][29.547s][info][gc,stats    ]     System Dictionary                68 us
[2026-04-03T03:27:19.587+0600][29.547s][info][gc,stats    ]     Weak Class Links                  0 us
[2026-04-03T03:27:19.587+0600][29.547s][info][gc,stats    ]     Code Roots                     5165 us
[2026-04-03T03:27:19.587+0600][29.547s][info][gc,stats    ]   Rendezvous                        283 us
[2026-04-03T03:27:19.587+0600][29.547s][info][gc,stats    ]   Purge Unlinked                     15 us
[2026-04-03T03:27:19.587+0600][29.547s][info][gc,stats    ]     Code Roots                        5 us
[2026-04-03T03:27:19.587+0600][29.547s][info][gc,stats    ]     CLDG                              9 us
[2026-04-03T03:27:19.587+0600][29.547s][info][gc,stats    ]     Exception Caches                  0 us
[2026-04-03T03:27:19.587+0600][29.547s][info][gc,stats    ] Concurrent Strong Roots             625 us, parallelism: 0.54x
[2026-04-03T03:27:19.587+0600][29.547s][info][gc,stats    ]   CSR: <total>                      338 us
[2026-04-03T03:27:19.587+0600][29.547s][info][gc,stats    ]   CSR: VM Strong Roots               17 us, workers (us):  16,   1,   0, ---, ---, ---, 
[2026-04-03T03:27:19.587+0600][29.547s][info][gc,stats    ]   CSR: CLDG Roots                   320 us, workers (us): ---, 320, ---, ---, ---, ---, 
[2026-04-03T03:27:19.587+0600][29.547s][info][gc,stats    ] Concurrent Evacuation             51688 us
[2026-04-03T03:27:19.587+0600][29.547s][info][gc,stats    ] Pause Init Update Refs (G)          651 us
[2026-04-03T03:27:19.587+0600][29.547s][info][gc,stats    ] Pause Init Update Refs (N)          170 us
[2026-04-03T03:27:19.587+0600][29.547s][info][gc,stats    ]   Manage GCLABs                      31 us
[2026-04-03T03:27:19.587+0600][29.547s][info][gc,stats    ] Concurrent Update Refs           253702 us
[2026-04-03T03:27:19.587+0600][29.547s][info][gc,stats    ] Concurrent Update Thread Roots      994 us
[2026-04-03T03:27:19.587+0600][29.547s][info][gc,stats    ] Pause Final Update Refs (G)         714 us
[2026-04-03T03:27:19.587+0600][29.547s][info][gc,stats    ] Pause Final Update Refs (N)         285 us
[2026-04-03T03:27:19.587+0600][29.547s][info][gc,stats    ]   Update Region States               55 us
[2026-04-03T03:27:19.587+0600][29.547s][info][gc,stats    ]   Trash Collection Set               21 us
[2026-04-03T03:27:19.587+0600][29.547s][info][gc,stats    ]   Rebuild Free Set                   35 us
[2026-04-03T03:27:19.587+0600][29.547s][info][gc,stats    ] Concurrent Cleanup                  670 us
[2026-04-03T03:27:19.587+0600][29.547s][info][gc,stats    ] Pacing                           543129 us
[2026-04-03T03:27:19.587+0600][29.547s][info][gc,stats    ] 
[2026-04-03T03:27:19.587+0600][29.547s][info][gc,stats    ] Allocation pacing accrued:
[2026-04-03T03:27:19.587+0600][29.547s][info][gc,stats    ]     188 of   775 ms ( 24.3%): Executor task launch worker for task 0.0 in stage 2.0 (TID 6)
[2026-04-03T03:27:19.587+0600][29.547s][info][gc,stats    ]     177 of   775 ms ( 22.8%): Executor task launch worker for task 2.0 in stage 2.0 (TID 8)
[2026-04-03T03:27:19.587+0600][29.547s][info][gc,stats    ]     179 of   775 ms ( 23.0%): Executor task launch worker for task 1.0 in stage 2.0 (TID 7)
[2026-04-03T03:27:19.587+0600][29.547s][info][gc,stats    ]     543 of   775 ms ( 70.1%): <total>
[2026-04-03T03:27:19.587+0600][29.547s][info][gc,stats    ]       7 of   775 ms (  0.9%): <average total>
[2026-04-03T03:27:19.587+0600][29.547s][info][gc,stats    ]     181 of   775 ms ( 23.4%): <average non-zero>
[2026-04-03T03:27:19.587+0600][29.547s][info][gc,stats    ] 
[2026-04-03T03:27:19.587+0600][29.547s][info][gc,metaspace] Metaspace: 69914K(70784K)->69918K(70784K) NonClass: 61000K(61504K)->61004K(61504K) Class: 8914K(9280K)->8914K(9280K)
[2026-04-03T03:27:19.587+0600][29.547s][info][gc,ergo     ] Pacer for Idle. Initial: 25600K, Alloc Tax Rate: 1.0x
[2026-04-03T03:27:19.642+0600][29.602s][info][gc          ] Trigger: Average GC time (856.28 ms) is above the time for average allocation rate (525 MB/s) to deplete free headroom (449M) (margin of error = 1.88)
[2026-04-03T03:27:19.642+0600][29.602s][info][gc,ergo     ] Free headroom: 511M (free) - 64000K (spike) - 0B (penalties) = 449M
[2026-04-03T03:27:19.642+0600][29.602s][info][gc,ergo     ] Free: 511M, Max: 512K regular, 206M humongous, Frag: 60% external, 0% internal; Reserve: 64000K, Max: 512K
[2026-04-03T03:27:19.642+0600][29.602s][info][gc,start    ] GC(24) Concurrent reset
[2026-04-03T03:27:19.642+0600][29.602s][info][gc,task     ] GC(24) Using 3 of 6 workers for concurrent reset
[2026-04-03T03:27:19.642+0600][29.602s][info][gc,ergo     ] GC(24) Pacer for Reset. Non-Taxable: 1250M
[2026-04-03T03:27:19.644+0600][29.604s][info][gc          ] GC(24) Concurrent reset 2.101ms
[2026-04-03T03:27:19.644+0600][29.604s][info][gc,start    ] GC(24) Pause Init Mark (unload classes)
[2026-04-03T03:27:19.644+0600][29.604s][info][gc,task     ] GC(24) Using 6 of 6 workers for init marking
[2026-04-03T03:27:19.644+0600][29.604s][info][gc,ergo     ] GC(24) Pacer for Mark. Expected Live: 265M, Free: 509M, Non-Taxable: 52173K, Alloc Tax Rate: 0.6x
[2026-04-03T03:27:19.644+0600][29.604s][info][gc          ] GC(24) Pause Init Mark (unload classes) 0.175ms
[2026-04-03T03:27:19.645+0600][29.605s][info][gc,start    ] GC(24) Concurrent marking roots
[2026-04-03T03:27:19.645+0600][29.605s][info][gc,task     ] GC(24) Using 3 of 6 workers for concurrent marking roots
[2026-04-03T03:27:19.646+0600][29.606s][info][gc          ] GC(24) Concurrent marking roots 0.934ms
[2026-04-03T03:27:19.646+0600][29.606s][info][gc,start    ] GC(24) Concurrent marking (unload classes)
[2026-04-03T03:27:19.646+0600][29.606s][info][gc,task     ] GC(24) Using 3 of 6 workers for concurrent marking
[2026-04-03T03:27:19.986+0600][29.946s][info][gc          ] GC(24) Concurrent marking (unload classes) 339.893ms
[2026-04-03T03:27:19.986+0600][29.946s][info][gc,start    ] GC(24) Pause Final Mark (unload classes)
[2026-04-03T03:27:19.986+0600][29.946s][info][gc,task     ] GC(24) Using 6 of 6 workers for final marking
[2026-04-03T03:27:19.986+0600][29.946s][info][gc,ergo     ] GC(24) Adaptive CSet Selection. Target Free: 177M, Actual Free: 466M, Max CSet: 53333K, Min Garbage: 0B
[2026-04-03T03:27:19.986+0600][29.946s][info][gc,ergo     ] GC(24) Collectable Garbage: 362M (96%), Immediate: 2048K (0%), CSet: 360M (95%)
[2026-04-03T03:27:19.987+0600][29.947s][info][gc,ergo     ] GC(24) Pacer for Evacuation. Used CSet: 406M, Free: 404M, Non-Taxable: 41370K, Alloc Tax Rate: 2.5x
[2026-04-03T03:27:19.987+0600][29.947s][info][gc          ] GC(24) Pause Final Mark (unload classes) 0.684ms
[2026-04-03T03:27:19.987+0600][29.947s][info][gc,start    ] GC(24) Concurrent thread roots
[2026-04-03T03:27:19.987+0600][29.947s][info][gc,task     ] GC(24) Using 3 of 6 workers for Concurrent thread roots
[2026-04-03T03:27:19.987+0600][29.947s][info][gc          ] GC(24) Concurrent thread roots 0.471ms
[2026-04-03T03:27:19.987+0600][29.947s][info][gc,start    ] GC(24) Concurrent weak references
[2026-04-03T03:27:19.987+0600][29.947s][info][gc,task     ] GC(24) Using 3 of 6 workers for concurrent weak references
[2026-04-03T03:27:19.987+0600][29.947s][info][gc,ref      ] GC(24) Encountered references: Soft: 3370, Weak: 5978, Final: 82, Phantom: 594
[2026-04-03T03:27:19.987+0600][29.947s][info][gc,ref      ] GC(24) Discovered  references: Soft: 0, Weak: 1128, Final: 0, Phantom: 591
[2026-04-03T03:27:19.987+0600][29.947s][info][gc,ref      ] GC(24) Enqueued    references: Soft: 0, Weak: 1, Final: 0, Phantom: 0
[2026-04-03T03:27:19.987+0600][29.947s][info][gc          ] GC(24) Concurrent weak references 0.395ms
[2026-04-03T03:27:19.987+0600][29.947s][info][gc,start    ] GC(24) Concurrent weak roots
[2026-04-03T03:27:19.987+0600][29.948s][info][gc,task     ] GC(24) Using 3 of 6 workers for concurrent weak root
[2026-04-03T03:27:19.989+0600][29.950s][info][gc          ] GC(24) Concurrent weak roots 2.019ms
[2026-04-03T03:27:19.990+0600][29.950s][info][gc,start    ] GC(24) Concurrent cleanup
[2026-04-03T03:27:19.990+0600][29.950s][info][gc          ] GC(24) Concurrent cleanup 782M->781M(1250M) 0.445ms
[2026-04-03T03:27:19.990+0600][29.950s][info][gc,ergo     ] GC(24) Free: 401M, Max: 512K regular, 206M humongous, Frag: 49% external, 0% internal; Reserve: 63739K, Max: 512K
[2026-04-03T03:27:19.990+0600][29.950s][info][gc,start    ] GC(24) Concurrent class unloading
[2026-04-03T03:27:19.990+0600][29.950s][info][gc,task     ] GC(24) Using 3 of 6 workers for concurrent class unloading
[2026-04-03T03:27:19.995+0600][29.955s][info][gc          ] GC(24) Concurrent class unloading 4.706ms
[2026-04-03T03:27:19.995+0600][29.955s][info][gc,start    ] GC(24) Concurrent strong roots
[2026-04-03T03:27:19.995+0600][29.955s][info][gc,task     ] GC(24) Using 3 of 6 workers for concurrent strong root
[2026-04-03T03:27:19.996+0600][29.956s][info][gc          ] GC(24) Concurrent strong roots 0.679ms
[2026-04-03T03:27:19.996+0600][29.956s][info][gc,start    ] GC(24) Concurrent evacuation
[2026-04-03T03:27:19.996+0600][29.956s][info][gc,task     ] GC(24) Using 3 of 6 workers for concurrent evacuation
[2026-04-03T03:27:20.040+0600][30.000s][info][gc          ] GC(24) Concurrent evacuation 44.709ms
[2026-04-03T03:27:20.041+0600][30.001s][info][gc,start    ] GC(24) Pause Init Update Refs
[2026-04-03T03:27:20.041+0600][30.001s][info][gc,ergo     ] GC(24) Pacer for Update Refs. Used: 856M, Free: 373M, Non-Taxable: 38196K, Alloc Tax Rate: 2.8x
[2026-04-03T03:27:20.041+0600][30.001s][info][gc          ] GC(24) Pause Init Update Refs 0.110ms
[2026-04-03T03:27:20.041+0600][30.001s][info][gc,start    ] GC(24) Concurrent update references
[2026-04-03T03:27:20.041+0600][30.001s][info][gc,task     ] GC(24) Using 3 of 6 workers for concurrent reference update
[2026-04-03T03:27:20.298+0600][30.258s][info][gc          ] GC(24) Concurrent update references 256.866ms
[2026-04-03T03:27:20.298+0600][30.258s][info][gc,start    ] GC(24) Concurrent update thread roots
[2026-04-03T03:27:20.299+0600][30.259s][info][gc          ] GC(24) Concurrent update thread roots 0.882ms
[2026-04-03T03:27:20.299+0600][30.259s][info][gc,start    ] GC(24) Pause Final Update Refs
[2026-04-03T03:27:20.299+0600][30.259s][info][gc,task     ] GC(24) Using 6 of 6 workers for final reference update
[2026-04-03T03:27:20.299+0600][30.259s][info][gc          ] GC(24) Pause Final Update Refs 0.239ms
[2026-04-03T03:27:20.300+0600][30.260s][info][gc,start    ] GC(24) Concurrent cleanup
[2026-04-03T03:27:20.300+0600][30.260s][info][gc          ] GC(24) Concurrent cleanup 1008M->602M(1250M) 0.676ms
[2026-04-03T03:27:20.300+0600][30.260s][info][gc,ergo     ] Free: 579M, Max: 512K regular, 183M humongous, Frag: 69% external, 0% internal; Reserve: 64000K, Max: 512K
[2026-04-03T03:27:20.300+0600][30.260s][info][gc,stats    ] 
[2026-04-03T03:27:20.300+0600][30.260s][info][gc,stats    ] All times are wall-clock times, except per-root-class counters, that are sum over
[2026-04-03T03:27:20.300+0600][30.260s][info][gc,stats    ] all workers. Dividing the <total> over the root stage time estimates parallelism.
[2026-04-03T03:27:20.300+0600][30.260s][info][gc,stats    ] 
[2026-04-03T03:27:20.300+0600][30.260s][info][gc,stats    ] Concurrent Reset                   2190 us
[2026-04-03T03:27:20.300+0600][30.260s][info][gc,stats    ] Pause Init Mark (G)                 415 us
[2026-04-03T03:27:20.300+0600][30.261s][info][gc,stats    ] Pause Init Mark (N)                 189 us
[2026-04-03T03:27:20.300+0600][30.261s][info][gc,stats    ]   Update Region States               44 us
[2026-04-03T03:27:20.300+0600][30.261s][info][gc,stats    ] Concurrent Mark Roots              1041 us, parallelism: 1.33x
[2026-04-03T03:27:20.301+0600][30.261s][info][gc,stats    ]   CMR: <total>                     1385 us
[2026-04-03T03:27:20.301+0600][30.261s][info][gc,stats    ]   CMR: Thread Roots                 947 us, workers (us): 457,  57, 433, ---, ---, ---, 
[2026-04-03T03:27:20.301+0600][30.261s][info][gc,stats    ]   CMR: VM Strong Roots               39 us, workers (us):  20,  18,   1, ---, ---, ---, 
[2026-04-03T03:27:20.301+0600][30.261s][info][gc,stats    ]   CMR: CLDG Roots                   399 us, workers (us): ---, 399, ---, ---, ---, ---, 
[2026-04-03T03:27:20.301+0600][30.261s][info][gc,stats    ] Concurrent Marking               339977 us
[2026-04-03T03:27:20.301+0600][30.261s][info][gc,stats    ] Pause Final Mark (G)                955 us
[2026-04-03T03:27:20.301+0600][30.261s][info][gc,stats    ] Pause Final Mark (N)                694 us
[2026-04-03T03:27:20.301+0600][30.261s][info][gc,stats    ]   Finish Mark                       150 us
[2026-04-03T03:27:20.301+0600][30.261s][info][gc,stats    ]   Update Region States               31 us
[2026-04-03T03:27:20.301+0600][30.261s][info][gc,stats    ]   Choose Collection Set             319 us
[2026-04-03T03:27:20.301+0600][30.261s][info][gc,stats    ]   Rebuild Free Set                   26 us
[2026-04-03T03:27:20.301+0600][30.261s][info][gc,stats    ] Concurrent Thread Roots             509 us, parallelism: 1.84x
[2026-04-03T03:27:20.301+0600][30.261s][info][gc,stats    ]   CTR: <total>                      935 us
[2026-04-03T03:27:20.301+0600][30.261s][info][gc,stats    ]   CTR: Thread Roots                 935 us, workers (us): 345, 343, 247, ---, ---, ---, 
[2026-04-03T03:27:20.301+0600][30.261s][info][gc,stats    ] Concurrent Weak References          405 us, parallelism: 0.70x
[2026-04-03T03:27:20.301+0600][30.261s][info][gc,stats    ]   CWRF: <total>                     284 us
[2026-04-03T03:27:20.301+0600][30.261s][info][gc,stats    ]   CWRF: Weak References             284 us, workers (us): 170, 113,   1, ---, ---, ---, 
[2026-04-03T03:27:20.301+0600][30.261s][info][gc,stats    ] Concurrent Weak Roots              2073 us
[2026-04-03T03:27:20.301+0600][30.261s][info][gc,stats    ]   Roots                            1760 us, parallelism: 2.47x
[2026-04-03T03:27:20.301+0600][30.261s][info][gc,stats    ]     CWR: <total>                   4347 us
[2026-04-03T03:27:20.301+0600][30.261s][info][gc,stats    ]     CWR: Code Cache Roots          2825 us, workers (us): 923, 920, 982, ---, ---, ---, 
[2026-04-03T03:27:20.301+0600][30.261s][info][gc,stats    ]     CWR: VM Weak Roots             1467 us, workers (us): 510, 491, 466, ---, ---, ---, 
[2026-04-03T03:27:20.301+0600][30.261s][info][gc,stats    ]     CWR: CLDG Roots                  56 us, workers (us): ---,  56, ---, ---, ---, ---, 
[2026-04-03T03:27:20.301+0600][30.261s][info][gc,stats    ]   Rendezvous                        237 us
[2026-04-03T03:27:20.301+0600][30.261s][info][gc,stats    ] Concurrent Cleanup                  465 us
[2026-04-03T03:27:20.301+0600][30.261s][info][gc,stats    ] Concurrent Class Unloading         4791 us
[2026-04-03T03:27:20.301+0600][30.261s][info][gc,stats    ]   Unlink Stale                     4370 us
[2026-04-03T03:27:20.301+0600][30.261s][info][gc,stats    ]     System Dictionary                75 us
[2026-04-03T03:27:20.301+0600][30.261s][info][gc,stats    ]     Weak Class Links                  0 us
[2026-04-03T03:27:20.301+0600][30.261s][info][gc,stats    ]     Code Roots                     4292 us
[2026-04-03T03:27:20.301+0600][30.261s][info][gc,stats    ]   Rendezvous                        292 us
[2026-04-03T03:27:20.301+0600][30.261s][info][gc,stats    ]   Purge Unlinked                     17 us
[2026-04-03T03:27:20.301+0600][30.261s][info][gc,stats    ]     Code Roots                        5 us
[2026-04-03T03:27:20.301+0600][30.261s][info][gc,stats    ]     CLDG                             11 us
[2026-04-03T03:27:20.301+0600][30.261s][info][gc,stats    ]     Exception Caches                  0 us
[2026-04-03T03:27:20.301+0600][30.261s][info][gc,stats    ] Concurrent Strong Roots             735 us, parallelism: 0.57x
[2026-04-03T03:27:20.301+0600][30.261s][info][gc,stats    ]   CSR: <total>                      419 us
[2026-04-03T03:27:20.301+0600][30.261s][info][gc,stats    ]   CSR: VM Strong Roots               24 us, workers (us):  22,   2,   0, ---, ---, ---, 
[2026-04-03T03:27:20.301+0600][30.261s][info][gc,stats    ]   CSR: CLDG Roots                   395 us, workers (us): 395, ---, ---, ---, ---, ---, 
[2026-04-03T03:27:20.301+0600][30.261s][info][gc,stats    ] Concurrent Evacuation             44812 us
[2026-04-03T03:27:20.301+0600][30.261s][info][gc,stats    ] Pause Init Update Refs (G)          628 us
[2026-04-03T03:27:20.301+0600][30.261s][info][gc,stats    ] Pause Init Update Refs (N)          128 us
[2026-04-03T03:27:20.301+0600][30.261s][info][gc,stats    ]   Manage GCLABs                      28 us
[2026-04-03T03:27:20.301+0600][30.261s][info][gc,stats    ] Concurrent Update Refs           256969 us
[2026-04-03T03:27:20.301+0600][30.261s][info][gc,stats    ] Concurrent Update Thread Roots      952 us
[2026-04-03T03:27:20.301+0600][30.261s][info][gc,stats    ] Pause Final Update Refs (G)         658 us
[2026-04-03T03:27:20.301+0600][30.261s][info][gc,stats    ] Pause Final Update Refs (N)         257 us
[2026-04-03T03:27:20.301+0600][30.261s][info][gc,stats    ]   Update Region States               58 us
[2026-04-03T03:27:20.301+0600][30.261s][info][gc,stats    ]   Trash Collection Set               22 us
[2026-04-03T03:27:20.301+0600][30.261s][info][gc,stats    ]   Rebuild Free Set                   33 us
[2026-04-03T03:27:20.301+0600][30.261s][info][gc,stats    ] Concurrent Cleanup                  704 us
[2026-04-03T03:27:20.301+0600][30.261s][info][gc,stats    ] Pacing                           565815 us
[2026-04-03T03:27:20.301+0600][30.261s][info][gc,stats    ] 
[2026-04-03T03:27:20.301+0600][30.261s][info][gc,stats    ] Allocation pacing accrued:
[2026-04-03T03:27:20.301+0600][30.261s][info][gc,stats    ]     188 of   714 ms ( 26.3%): Executor task launch worker for task 0.0 in stage 2.0 (TID 6)
[2026-04-03T03:27:20.301+0600][30.261s][info][gc,stats    ]     189 of   714 ms ( 26.5%): Executor task launch worker for task 2.0 in stage 2.0 (TID 8)
[2026-04-03T03:27:20.301+0600][30.261s][info][gc,stats    ]     189 of   714 ms ( 26.4%): Executor task launch worker for task 1.0 in stage 2.0 (TID 7)
[2026-04-03T03:27:20.301+0600][30.261s][info][gc,stats    ]     566 of   714 ms ( 79.3%): <total>
[2026-04-03T03:27:20.301+0600][30.261s][info][gc,stats    ]       7 of   714 ms (  1.0%): <average total>
[2026-04-03T03:27:20.301+0600][30.261s][info][gc,stats    ]     189 of   714 ms ( 26.4%): <average non-zero>
[2026-04-03T03:27:20.301+0600][30.261s][info][gc,stats    ] 
[2026-04-03T03:27:20.301+0600][30.261s][info][gc,metaspace] Metaspace: 69918K(70784K)->69919K(70784K) NonClass: 61004K(61504K)->61005K(61504K) Class: 8914K(9280K)->8914K(9280K)
[2026-04-03T03:27:20.301+0600][30.261s][info][gc,ergo     ] Pacer for Idle. Initial: 25600K, Alloc Tax Rate: 1.0x
[2026-04-03T03:27:20.403+0600][30.363s][info][gc          ] Trigger: Average GC time (803.22 ms) is above the time for average allocation rate (707 MB/s) to deplete free headroom (423M) (margin of error = 1.88)
[2026-04-03T03:27:20.403+0600][30.363s][info][gc,ergo     ] Free headroom: 485M (free) - 64000K (spike) - 0B (penalties) = 423M
[2026-04-03T03:27:20.403+0600][30.363s][info][gc,ergo     ] Free: 485M, Max: 512K regular, 183M humongous, Frag: 63% external, 0% internal; Reserve: 64000K, Max: 512K
[2026-04-03T03:27:20.403+0600][30.363s][info][gc,start    ] GC(25) Concurrent reset
[2026-04-03T03:27:20.403+0600][30.363s][info][gc,task     ] GC(25) Using 3 of 6 workers for concurrent reset
[2026-04-03T03:27:20.403+0600][30.363s][info][gc,ergo     ] GC(25) Pacer for Reset. Non-Taxable: 1250M
[2026-04-03T03:27:20.405+0600][30.365s][info][gc          ] GC(25) Concurrent reset 2.327ms
[2026-04-03T03:27:20.406+0600][30.366s][info][gc,start    ] GC(25) Pause Init Mark (unload classes)
[2026-04-03T03:27:20.406+0600][30.366s][info][gc,task     ] GC(25) Using 6 of 6 workers for init marking
[2026-04-03T03:27:20.406+0600][30.366s][info][gc,ergo     ] GC(25) Pacer for Mark. Expected Live: 264M, Free: 484M, Non-Taxable: 49562K, Alloc Tax Rate: 0.7x
[2026-04-03T03:27:20.406+0600][30.366s][info][gc          ] GC(25) Pause Init Mark (unload classes) 0.162ms
[2026-04-03T03:27:20.406+0600][30.366s][info][gc,start    ] GC(25) Concurrent marking roots
[2026-04-03T03:27:20.406+0600][30.366s][info][gc,task     ] GC(25) Using 3 of 6 workers for concurrent marking roots
[2026-04-03T03:27:20.407+0600][30.367s][info][gc          ] GC(25) Concurrent marking roots 1.016ms
[2026-04-03T03:27:20.407+0600][30.367s][info][gc,start    ] GC(25) Concurrent marking (unload classes)
[2026-04-03T03:27:20.407+0600][30.367s][info][gc,task     ] GC(25) Using 3 of 6 workers for concurrent marking
[2026-04-03T03:27:20.925+0600][30.885s][info][gc          ] GC(25) Concurrent marking (unload classes) 518.168ms
[2026-04-03T03:27:20.926+0600][30.886s][info][gc,start    ] GC(25) Pause Final Mark (unload classes)
[2026-04-03T03:27:20.926+0600][30.886s][info][gc,task     ] GC(25) Using 6 of 6 workers for final marking
[2026-04-03T03:27:20.926+0600][30.886s][info][gc,ergo     ] GC(25) Adaptive CSet Selection. Target Free: 177M, Actual Free: 440M, Max CSet: 53333K, Min Garbage: 0B
[2026-04-03T03:27:20.927+0600][30.887s][info][gc,ergo     ] GC(25) Collectable Garbage: 354M (95%), Immediate: 8192K (2%), CSet: 346M (93%)
[2026-04-03T03:27:20.927+0600][30.887s][info][gc,ergo     ] GC(25) Pacer for Evacuation. Used CSet: 383M, Free: 378M, Non-Taxable: 38797K, Alloc Tax Rate: 2.5x
[2026-04-03T03:27:20.927+0600][30.887s][info][gc          ] GC(25) Pause Final Mark (unload classes) 1.042ms
[2026-04-03T03:27:20.927+0600][30.887s][info][gc,start    ] GC(25) Concurrent thread roots
[2026-04-03T03:27:20.927+0600][30.887s][info][gc,task     ] GC(25) Using 3 of 6 workers for Concurrent thread roots
[2026-04-03T03:27:20.927+0600][30.887s][info][gc          ] GC(25) Concurrent thread roots 0.619ms
[2026-04-03T03:27:20.927+0600][30.887s][info][gc,start    ] GC(25) Concurrent weak references
[2026-04-03T03:27:20.927+0600][30.887s][info][gc,task     ] GC(25) Using 3 of 6 workers for concurrent weak references
[2026-04-03T03:27:20.928+0600][30.888s][info][gc,ref      ] GC(25) Encountered references: Soft: 3370, Weak: 5977, Final: 82, Phantom: 594
[2026-04-03T03:27:20.928+0600][30.888s][info][gc,ref      ] GC(25) Discovered  references: Soft: 0, Weak: 710, Final: 0, Phantom: 591
[2026-04-03T03:27:20.928+0600][30.888s][info][gc,ref      ] GC(25) Enqueued    references: Soft: 0, Weak: 0, Final: 0, Phantom: 0
[2026-04-03T03:27:20.928+0600][30.888s][info][gc          ] GC(25) Concurrent weak references 0.475ms
[2026-04-03T03:27:20.928+0600][30.888s][info][gc,start    ] GC(25) Concurrent weak roots
[2026-04-03T03:27:20.928+0600][30.888s][info][gc,task     ] GC(25) Using 3 of 6 workers for concurrent weak root
[2026-04-03T03:27:20.934+0600][30.894s][info][gc          ] GC(25) Concurrent weak roots 5.717ms
[2026-04-03T03:27:20.934+0600][30.894s][info][gc,start    ] GC(25) Concurrent cleanup
[2026-04-03T03:27:20.934+0600][30.894s][info][gc          ] GC(25) Concurrent cleanup 811M->803M(1250M) 0.211ms
[2026-04-03T03:27:20.934+0600][30.894s][info][gc,ergo     ] GC(25) Free: 378M, Max: 512K regular, 183M humongous, Frag: 52% external, 0% internal; Reserve: 62718K, Max: 512K
[2026-04-03T03:27:20.934+0600][30.894s][info][gc,start    ] GC(25) Concurrent class unloading
[2026-04-03T03:27:20.934+0600][30.894s][info][gc,task     ] GC(25) Using 3 of 6 workers for concurrent class unloading
[2026-04-03T03:27:20.940+0600][30.900s][info][gc          ] GC(25) Concurrent class unloading 6.206ms
[2026-04-03T03:27:20.940+0600][30.900s][info][gc,start    ] GC(25) Concurrent strong roots
[2026-04-03T03:27:20.940+0600][30.900s][info][gc,task     ] GC(25) Using 3 of 6 workers for concurrent strong root
[2026-04-03T03:27:20.941+0600][30.901s][info][gc          ] GC(25) Concurrent strong roots 0.838ms
[2026-04-03T03:27:20.941+0600][30.901s][info][gc,start    ] GC(25) Concurrent evacuation
[2026-04-03T03:27:20.941+0600][30.901s][info][gc,task     ] GC(25) Using 3 of 6 workers for concurrent evacuation
[2026-04-03T03:27:20.980+0600][30.940s][info][gc          ] GC(25) Concurrent evacuation 38.953ms
[2026-04-03T03:27:20.980+0600][30.941s][info][gc,start    ] GC(25) Pause Init Update Refs
[2026-04-03T03:27:20.981+0600][30.941s][info][gc,ergo     ] GC(25) Pacer for Update Refs. Used: 841M, Free: 377M, Non-Taxable: 38605K, Alloc Tax Rate: 2.7x
[2026-04-03T03:27:20.981+0600][30.941s][info][gc          ] GC(25) Pause Init Update Refs 0.107ms
[2026-04-03T03:27:20.981+0600][30.941s][info][gc,start    ] GC(25) Concurrent update references
[2026-04-03T03:27:20.981+0600][30.941s][info][gc,task     ] GC(25) Using 3 of 6 workers for concurrent reference update
[2026-04-03T03:27:21.258+0600][31.218s][info][gc          ] GC(25) Concurrent update references 276.839ms
[2026-04-03T03:27:21.258+0600][31.218s][info][gc,start    ] GC(25) Concurrent update thread roots
[2026-04-03T03:27:21.259+0600][31.219s][info][gc          ] GC(25) Concurrent update thread roots 0.842ms
[2026-04-03T03:27:21.259+0600][31.219s][info][gc,start    ] GC(25) Pause Final Update Refs
[2026-04-03T03:27:21.259+0600][31.219s][info][gc,task     ] GC(25) Using 6 of 6 workers for final reference update
[2026-04-03T03:27:21.259+0600][31.219s][info][gc          ] GC(25) Pause Final Update Refs 0.228ms
[2026-04-03T03:27:21.259+0600][31.219s][info][gc,start    ] GC(25) Concurrent cleanup
[2026-04-03T03:27:21.260+0600][31.220s][info][gc          ] GC(25) Concurrent cleanup 844M->461M(1250M) 0.578ms
[2026-04-03T03:27:21.260+0600][31.220s][info][gc,ergo     ] Free: 718M, Max: 512K regular, 275M humongous, Frag: 62% external, 0% internal; Reserve: 64000K, Max: 512K
[2026-04-03T03:27:21.260+0600][31.220s][info][gc,stats    ] 
[2026-04-03T03:27:21.260+0600][31.220s][info][gc,stats    ] All times are wall-clock times, except per-root-class counters, that are sum over
[2026-04-03T03:27:21.260+0600][31.220s][info][gc,stats    ] all workers. Dividing the <total> over the root stage time estimates parallelism.
[2026-04-03T03:27:21.260+0600][31.220s][info][gc,stats    ] 
[2026-04-03T03:27:21.260+0600][31.220s][info][gc,stats    ] Concurrent Reset                   2413 us
[2026-04-03T03:27:21.260+0600][31.220s][info][gc,stats    ] Pause Init Mark (G)                 525 us
[2026-04-03T03:27:21.260+0600][31.220s][info][gc,stats    ] Pause Init Mark (N)                 176 us
[2026-04-03T03:27:21.260+0600][31.220s][info][gc,stats    ]   Update Region States               37 us
[2026-04-03T03:27:21.260+0600][31.220s][info][gc,stats    ] Concurrent Mark Roots              1075 us, parallelism: 1.49x
[2026-04-03T03:27:21.260+0600][31.220s][info][gc,stats    ]   CMR: <total>                     1598 us
[2026-04-03T03:27:21.260+0600][31.220s][info][gc,stats    ]   CMR: Thread Roots                1235 us, workers (us): 225, 541, 470, ---, ---, ---, 
[2026-04-03T03:27:21.260+0600][31.220s][info][gc,stats    ]   CMR: VM Strong Roots               28 us, workers (us):  26,   2,   1, ---, ---, ---, 
[2026-04-03T03:27:21.260+0600][31.220s][info][gc,stats    ]   CMR: CLDG Roots                   335 us, workers (us): 335, ---, ---, ---, ---, ---, 
[2026-04-03T03:27:21.260+0600][31.220s][info][gc,stats    ] Concurrent Marking               518270 us
[2026-04-03T03:27:21.260+0600][31.220s][info][gc,stats    ] Pause Final Mark (G)               1342 us
[2026-04-03T03:27:21.260+0600][31.220s][info][gc,stats    ] Pause Final Mark (N)               1057 us
[2026-04-03T03:27:21.260+0600][31.220s][info][gc,stats    ]   Finish Mark                       282 us
[2026-04-03T03:27:21.260+0600][31.220s][info][gc,stats    ]   Update Region States               91 us
[2026-04-03T03:27:21.260+0600][31.220s][info][gc,stats    ]   Choose Collection Set             547 us
[2026-04-03T03:27:21.260+0600][31.220s][info][gc,stats    ]   Rebuild Free Set                   31 us
[2026-04-03T03:27:21.260+0600][31.220s][info][gc,stats    ] Concurrent Thread Roots             666 us, parallelism: 1.89x
[2026-04-03T03:27:21.260+0600][31.220s][info][gc,stats    ]   CTR: <total>                     1256 us
[2026-04-03T03:27:21.260+0600][31.220s][info][gc,stats    ]   CTR: Thread Roots                1256 us, workers (us): 456, 444, 356, ---, ---, ---, 
[2026-04-03T03:27:21.260+0600][31.220s][info][gc,stats    ] Concurrent Weak References          490 us, parallelism: 0.62x
[2026-04-03T03:27:21.260+0600][31.220s][info][gc,stats    ]   CWRF: <total>                     305 us
[2026-04-03T03:27:21.260+0600][31.220s][info][gc,stats    ]   CWRF: Weak References             305 us, workers (us):  54, 246,   6, ---, ---, ---, 
[2026-04-03T03:27:21.260+0600][31.220s][info][gc,stats    ] Concurrent Weak Roots              5803 us
[2026-04-03T03:27:21.260+0600][31.220s][info][gc,stats    ]   Roots                            2157 us, parallelism: 2.41x
[2026-04-03T03:27:21.260+0600][31.220s][info][gc,stats    ]     CWR: <total>                   5207 us
[2026-04-03T03:27:21.260+0600][31.220s][info][gc,stats    ]     CWR: Code Cache Roots          3362 us, workers (us): 1112, 1169, 1081, ---, ---, ---, 
[2026-04-03T03:27:21.260+0600][31.220s][info][gc,stats    ]     CWR: VM Weak Roots             1799 us, workers (us): 652, 600, 548, ---, ---, ---, 
[2026-04-03T03:27:21.260+0600][31.220s][info][gc,stats    ]     CWR: CLDG Roots                  46 us, workers (us): ---,  46, ---, ---, ---, ---, 
[2026-04-03T03:27:21.260+0600][31.220s][info][gc,stats    ]   Rendezvous                       3528 us
[2026-04-03T03:27:21.260+0600][31.220s][info][gc,stats    ] Concurrent Cleanup                  230 us
[2026-04-03T03:27:21.260+0600][31.220s][info][gc,stats    ] Concurrent Class Unloading         6336 us
[2026-04-03T03:27:21.260+0600][31.220s][info][gc,stats    ]   Unlink Stale                     5251 us
[2026-04-03T03:27:21.260+0600][31.220s][info][gc,stats    ]     System Dictionary               139 us
[2026-04-03T03:27:21.260+0600][31.220s][info][gc,stats    ]     Weak Class Links                  1 us
[2026-04-03T03:27:21.260+0600][31.220s][info][gc,stats    ]     Code Roots                     5107 us
[2026-04-03T03:27:21.260+0600][31.220s][info][gc,stats    ]   Rendezvous                        899 us
[2026-04-03T03:27:21.260+0600][31.220s][info][gc,stats    ]   Purge Unlinked                     14 us
[2026-04-03T03:27:21.260+0600][31.220s][info][gc,stats    ]     Code Roots                        5 us
[2026-04-03T03:27:21.260+0600][31.220s][info][gc,stats    ]     CLDG                              8 us
[2026-04-03T03:27:21.260+0600][31.220s][info][gc,stats    ]     Exception Caches                  1 us
[2026-04-03T03:27:21.260+0600][31.220s][info][gc,stats    ] Concurrent Strong Roots             882 us, parallelism: 0.60x
[2026-04-03T03:27:21.260+0600][31.220s][info][gc,stats    ]   CSR: <total>                      531 us
[2026-04-03T03:27:21.260+0600][31.220s][info][gc,stats    ]   CSR: VM Strong Roots               28 us, workers (us):  26,   2,   0, ---, ---, ---, 
[2026-04-03T03:27:21.260+0600][31.220s][info][gc,stats    ]   CSR: CLDG Roots                   503 us, workers (us): 503, ---, ---, ---, ---, ---, 
[2026-04-03T03:27:21.260+0600][31.220s][info][gc,stats    ] Concurrent Evacuation             39084 us
[2026-04-03T03:27:21.260+0600][31.220s][info][gc,stats    ] Pause Init Update Refs (G)          496 us
[2026-04-03T03:27:21.260+0600][31.220s][info][gc,stats    ] Pause Init Update Refs (N)          145 us
[2026-04-03T03:27:21.260+0600][31.220s][info][gc,stats    ]   Manage GCLABs                      17 us
[2026-04-03T03:27:21.260+0600][31.220s][info][gc,stats    ] Concurrent Update Refs           276930 us
[2026-04-03T03:27:21.260+0600][31.220s][info][gc,stats    ] Concurrent Update Thread Roots      899 us
[2026-04-03T03:27:21.260+0600][31.220s][info][gc,stats    ] Pause Final Update Refs (G)         601 us
[2026-04-03T03:27:21.260+0600][31.220s][info][gc,stats    ] Pause Final Update Refs (N)         245 us
[2026-04-03T03:27:21.260+0600][31.220s][info][gc,stats    ]   Update Region States               51 us
[2026-04-03T03:27:21.260+0600][31.220s][info][gc,stats    ]   Trash Collection Set               20 us
[2026-04-03T03:27:21.260+0600][31.220s][info][gc,stats    ]   Rebuild Free Set                   33 us
[2026-04-03T03:27:21.260+0600][31.220s][info][gc,stats    ] Concurrent Cleanup                  593 us
[2026-04-03T03:27:21.260+0600][31.220s][info][gc,stats    ] 
[2026-04-03T03:27:21.260+0600][31.220s][info][gc,stats    ] Allocation pacing accrued:
[2026-04-03T03:27:21.260+0600][31.220s][info][gc,stats    ]       0 of   959 ms (  0.0%): <total>
[2026-04-03T03:27:21.260+0600][31.220s][info][gc,stats    ]       0 of   959 ms (  0.0%): <average total>
[2026-04-03T03:27:21.260+0600][31.220s][info][gc,stats    ] 
[2026-04-03T03:27:21.260+0600][31.221s][info][gc,metaspace] Metaspace: 69919K(70784K)->69925K(70784K) NonClass: 61005K(61504K)->61010K(61504K) Class: 8914K(9280K)->8914K(9280K)
[2026-04-03T03:27:21.260+0600][31.221s][info][gc,ergo     ] Pacer for Idle. Initial: 25600K, Alloc Tax Rate: 1.0x
[2026-04-03T03:27:22.067+0600][32.027s][info][gc          ] Trigger: Average GC time (975.08 ms) is above the time for average allocation rate (497 MB/s) to deplete free headroom (440M) (margin of error = 1.87)
[2026-04-03T03:27:22.067+0600][32.027s][info][gc,ergo     ] Free headroom: 503M (free) - 64000K (spike) - 0B (penalties) = 440M
[2026-04-03T03:27:22.067+0600][32.027s][info][gc,ergo     ] Free: 503M, Max: 512K regular, 183M humongous, Frag: 64% external, 0% internal; Reserve: 64000K, Max: 512K
[2026-04-03T03:27:22.068+0600][32.028s][info][gc,start    ] GC(26) Concurrent reset
[2026-04-03T03:27:22.068+0600][32.028s][info][gc,task     ] GC(26) Using 3 of 6 workers for concurrent reset
[2026-04-03T03:27:22.068+0600][32.028s][info][gc,ergo     ] GC(26) Pacer for Reset. Non-Taxable: 1250M
[2026-04-03T03:27:22.071+0600][32.031s][info][gc          ] GC(26) Concurrent reset 2.998ms
[2026-04-03T03:27:22.071+0600][32.031s][info][gc,start    ] GC(26) Pause Init Mark (unload classes)
[2026-04-03T03:27:22.071+0600][32.031s][info][gc,task     ] GC(26) Using 6 of 6 workers for init marking
[2026-04-03T03:27:22.071+0600][32.031s][info][gc,ergo     ] GC(26) Pacer for Mark. Expected Live: 263M, Free: 502M, Non-Taxable: 51405K, Alloc Tax Rate: 0.6x
[2026-04-03T03:27:22.071+0600][32.031s][info][gc          ] GC(26) Pause Init Mark (unload classes) 0.128ms
[2026-04-03T03:27:22.071+0600][32.031s][info][gc,start    ] GC(26) Concurrent marking roots
[2026-04-03T03:27:22.072+0600][32.032s][info][gc,task     ] GC(26) Using 3 of 6 workers for concurrent marking roots
[2026-04-03T03:27:22.073+0600][32.033s][info][gc          ] GC(26) Concurrent marking roots 1.172ms
[2026-04-03T03:27:22.073+0600][32.033s][info][gc,start    ] GC(26) Concurrent marking (unload classes)
[2026-04-03T03:27:22.073+0600][32.033s][info][gc,task     ] GC(26) Using 3 of 6 workers for concurrent marking
[2026-04-03T03:27:22.407+0600][32.367s][info][gc          ] GC(26) Concurrent marking (unload classes) 334.398ms
[2026-04-03T03:27:22.407+0600][32.367s][info][gc,start    ] GC(26) Pause Final Mark (unload classes)
[2026-04-03T03:27:22.407+0600][32.367s][info][gc,task     ] GC(26) Using 6 of 6 workers for final marking
[2026-04-03T03:27:22.408+0600][32.368s][info][gc,ergo     ] GC(26) Adaptive CSet Selection. Target Free: 177M, Actual Free: 828M, Max CSet: 53333K, Min Garbage: 0B
[2026-04-03T03:27:22.408+0600][32.368s][info][gc,ergo     ] GC(26) Collectable Garbage: 479M (98%), Immediate: 347M (71%), CSet: 132M (27%)
[2026-04-03T03:27:22.408+0600][32.368s][info][gc,ergo     ] GC(26) Pacer for Evacuation. Used CSet: 160M, Free: 781M, Non-Taxable: 80021K, Alloc Tax Rate: 1.1x
[2026-04-03T03:27:22.408+0600][32.368s][info][gc          ] GC(26) Pause Final Mark (unload classes) 0.635ms
[2026-04-03T03:27:22.408+0600][32.368s][info][gc,start    ] GC(26) Concurrent thread roots
[2026-04-03T03:27:22.408+0600][32.368s][info][gc,task     ] GC(26) Using 3 of 6 workers for Concurrent thread roots
[2026-04-03T03:27:22.409+0600][32.369s][info][gc          ] GC(26) Concurrent thread roots 0.827ms
[2026-04-03T03:27:22.409+0600][32.369s][info][gc,start    ] GC(26) Concurrent weak references
[2026-04-03T03:27:22.409+0600][32.369s][info][gc,task     ] GC(26) Using 3 of 6 workers for concurrent weak references
[2026-04-03T03:27:22.409+0600][32.369s][info][gc,ref      ] GC(26) Encountered references: Soft: 3374, Weak: 6246, Final: 82, Phantom: 594
[2026-04-03T03:27:22.409+0600][32.369s][info][gc,ref      ] GC(26) Discovered  references: Soft: 0, Weak: 856, Final: 0, Phantom: 591
[2026-04-03T03:27:22.409+0600][32.369s][info][gc,ref      ] GC(26) Enqueued    references: Soft: 0, Weak: 9, Final: 0, Phantom: 0
[2026-04-03T03:27:22.409+0600][32.369s][info][gc          ] GC(26) Concurrent weak references 0.232ms
[2026-04-03T03:27:22.409+0600][32.369s][info][gc,start    ] GC(26) Concurrent weak roots
[2026-04-03T03:27:22.409+0600][32.369s][info][gc,task     ] GC(26) Using 3 of 6 workers for concurrent weak root
[2026-04-03T03:27:22.414+0600][32.374s][info][gc          ] GC(26) Concurrent weak roots 4.709ms
[2026-04-03T03:27:22.414+0600][32.374s][info][gc,start    ] GC(26) Concurrent cleanup
[2026-04-03T03:27:22.415+0600][32.375s][info][gc          ] GC(26) Concurrent cleanup 751M->404M(1250M) 0.729ms
[2026-04-03T03:27:22.415+0600][32.375s][info][gc,ergo     ] GC(26) Free: 777M, Max: 512K regular, 209M humongous, Frag: 74% external, 0% internal; Reserve: 63959K, Max: 512K
[2026-04-03T03:27:22.415+0600][32.375s][info][gc,start    ] GC(26) Concurrent class unloading
[2026-04-03T03:27:22.415+0600][32.375s][info][gc,task     ] GC(26) Using 3 of 6 workers for concurrent class unloading
[2026-04-03T03:27:22.424+0600][32.384s][info][gc          ] GC(26) Concurrent class unloading 9.224ms
[2026-04-03T03:27:22.424+0600][32.384s][info][gc,start    ] GC(26) Concurrent strong roots
[2026-04-03T03:27:22.424+0600][32.384s][info][gc,task     ] GC(26) Using 3 of 6 workers for concurrent strong root
[2026-04-03T03:27:22.425+0600][32.385s][info][gc          ] GC(26) Concurrent strong roots 0.865ms
[2026-04-03T03:27:22.425+0600][32.385s][info][gc,start    ] GC(26) Concurrent evacuation
[2026-04-03T03:27:22.425+0600][32.385s][info][gc,task     ] GC(26) Using 3 of 6 workers for concurrent evacuation
[2026-04-03T03:27:22.461+0600][32.421s][info][gc          ] GC(26) Concurrent evacuation 35.832ms
[2026-04-03T03:27:22.461+0600][32.421s][info][gc,start    ] GC(26) Pause Init Update Refs
[2026-04-03T03:27:22.461+0600][32.421s][info][gc,ergo     ] GC(26) Pacer for Update Refs. Used: 457M, Free: 752M, Non-Taxable: 77005K, Alloc Tax Rate: 1.1x
[2026-04-03T03:27:22.461+0600][32.422s][info][gc          ] GC(26) Pause Init Update Refs 0.099ms
[2026-04-03T03:27:22.462+0600][32.422s][info][gc,start    ] GC(26) Concurrent update references
[2026-04-03T03:27:22.462+0600][32.422s][info][gc,task     ] GC(26) Using 3 of 6 workers for concurrent reference update
[2026-04-03T03:27:22.683+0600][32.643s][info][gc          ] GC(26) Concurrent update references 221.699ms
[2026-04-03T03:27:22.683+0600][32.643s][info][gc,start    ] GC(26) Concurrent update thread roots
[2026-04-03T03:27:22.684+0600][32.644s][info][gc          ] GC(26) Concurrent update thread roots 0.948ms
[2026-04-03T03:27:22.685+0600][32.645s][info][gc,start    ] GC(26) Pause Final Update Refs
[2026-04-03T03:27:22.685+0600][32.645s][info][gc,task     ] GC(26) Using 6 of 6 workers for final reference update
[2026-04-03T03:27:22.685+0600][32.645s][info][gc          ] GC(26) Pause Final Update Refs 0.225ms
[2026-04-03T03:27:22.685+0600][32.645s][info][gc,start    ] GC(26) Concurrent cleanup
[2026-04-03T03:27:22.685+0600][32.645s][info][gc          ] GC(26) Concurrent cleanup 521M->361M(1250M) 0.251ms
[2026-04-03T03:27:22.686+0600][32.646s][info][gc,ergo     ] Free: 816M, Max: 512K regular, 228M humongous, Frag: 72% external, 0% internal; Reserve: 64000K, Max: 512K
[2026-04-03T03:27:22.686+0600][32.646s][info][gc,stats    ] 
[2026-04-03T03:27:22.686+0600][32.646s][info][gc,stats    ] All times are wall-clock times, except per-root-class counters, that are sum over
[2026-04-03T03:27:22.686+0600][32.646s][info][gc,stats    ] all workers. Dividing the <total> over the root stage time estimates parallelism.
[2026-04-03T03:27:22.686+0600][32.646s][info][gc,stats    ] 
[2026-04-03T03:27:22.686+0600][32.646s][info][gc,stats    ] Concurrent Reset                   3080 us
[2026-04-03T03:27:22.686+0600][32.646s][info][gc,stats    ] Pause Init Mark (G)                 858 us
[2026-04-03T03:27:22.686+0600][32.646s][info][gc,stats    ] Pause Init Mark (N)                 139 us
[2026-04-03T03:27:22.686+0600][32.646s][info][gc,stats    ]   Update Region States               27 us
[2026-04-03T03:27:22.686+0600][32.646s][info][gc,stats    ] Concurrent Mark Roots              1265 us, parallelism: 1.59x
[2026-04-03T03:27:22.686+0600][32.646s][info][gc,stats    ]   CMR: <total>                     2010 us
[2026-04-03T03:27:22.686+0600][32.646s][info][gc,stats    ]   CMR: Thread Roots                1541 us, workers (us): 652, 230, 659, ---, ---, ---, 
[2026-04-03T03:27:22.686+0600][32.646s][info][gc,stats    ]   CMR: VM Strong Roots               38 us, workers (us):  18,  13,   8, ---, ---, ---, 
[2026-04-03T03:27:22.686+0600][32.646s][info][gc,stats    ]   CMR: CLDG Roots                   431 us, workers (us): ---, 431, ---, ---, ---, ---, 
[2026-04-03T03:27:22.686+0600][32.646s][info][gc,stats    ] Concurrent Marking               334490 us
[2026-04-03T03:27:22.686+0600][32.646s][info][gc,stats    ] Pause Final Mark (G)                868 us
[2026-04-03T03:27:22.686+0600][32.646s][info][gc,stats    ] Pause Final Mark (N)                648 us
[2026-04-03T03:27:22.686+0600][32.646s][info][gc,stats    ]   Finish Mark                       163 us
[2026-04-03T03:27:22.686+0600][32.646s][info][gc,stats    ]   Update Region States               50 us
[2026-04-03T03:27:22.686+0600][32.646s][info][gc,stats    ]   Choose Collection Set             267 us
[2026-04-03T03:27:22.686+0600][32.646s][info][gc,stats    ]   Rebuild Free Set                   41 us
[2026-04-03T03:27:22.686+0600][32.646s][info][gc,stats    ] Concurrent Thread Roots             856 us, parallelism: 2.33x
[2026-04-03T03:27:22.686+0600][32.646s][info][gc,stats    ]   CTR: <total>                     1993 us
[2026-04-03T03:27:22.686+0600][32.646s][info][gc,stats    ]   CTR: Thread Roots                1993 us, workers (us): 666, 668, 659, ---, ---, ---, 
[2026-04-03T03:27:22.686+0600][32.646s][info][gc,stats    ] Concurrent Weak References          241 us, parallelism: 1.11x
[2026-04-03T03:27:22.686+0600][32.646s][info][gc,stats    ]   CWRF: <total>                     268 us
[2026-04-03T03:27:22.686+0600][32.646s][info][gc,stats    ]   CWRF: Weak References             268 us, workers (us): 126,  18, 123, ---, ---, ---, 
[2026-04-03T03:27:22.686+0600][32.646s][info][gc,stats    ] Concurrent Weak Roots              4823 us
[2026-04-03T03:27:22.686+0600][32.646s][info][gc,stats    ]   Roots                            2455 us, parallelism: 2.62x
[2026-04-03T03:27:22.686+0600][32.646s][info][gc,stats    ]     CWR: <total>                   6427 us
[2026-04-03T03:27:22.686+0600][32.646s][info][gc,stats    ]     CWR: Code Cache Roots          4388 us, workers (us): 1536, 1508, 1344, ---, ---, ---, 
[2026-04-03T03:27:22.686+0600][32.646s][info][gc,stats    ]     CWR: VM Weak Roots             1961 us, workers (us): 668, 651, 642, ---, ---, ---, 
[2026-04-03T03:27:22.686+0600][32.646s][info][gc,stats    ]     CWR: CLDG Roots                  78 us, workers (us): ---, ---,  78, ---, ---, ---, 
[2026-04-03T03:27:22.686+0600][32.646s][info][gc,stats    ]   Rendezvous                       2227 us
[2026-04-03T03:27:22.686+0600][32.646s][info][gc,stats    ] Concurrent Cleanup                  775 us
[2026-04-03T03:27:22.686+0600][32.646s][info][gc,stats    ] Concurrent Class Unloading         9349 us
[2026-04-03T03:27:22.686+0600][32.646s][info][gc,stats    ]   Unlink Stale                     8084 us
[2026-04-03T03:27:22.686+0600][32.646s][info][gc,stats    ]     System Dictionary               213 us
[2026-04-03T03:27:22.686+0600][32.646s][info][gc,stats    ]     Weak Class Links                  0 us
[2026-04-03T03:27:22.686+0600][32.646s][info][gc,stats    ]     Code Roots                     7867 us
[2026-04-03T03:27:22.686+0600][32.646s][info][gc,stats    ]   Rendezvous                        250 us
[2026-04-03T03:27:22.686+0600][32.646s][info][gc,stats    ]   Purge Unlinked                    848 us
[2026-04-03T03:27:22.686+0600][32.646s][info][gc,stats    ]     Code Roots                      821 us
[2026-04-03T03:27:22.686+0600][32.646s][info][gc,stats    ]     CLDG                             25 us
[2026-04-03T03:27:22.686+0600][32.646s][info][gc,stats    ]     Exception Caches                  0 us
[2026-04-03T03:27:22.686+0600][32.646s][info][gc,stats    ] Concurrent Strong Roots             970 us, parallelism: 0.52x
[2026-04-03T03:27:22.686+0600][32.646s][info][gc,stats    ]   CSR: <total>                      508 us
[2026-04-03T03:27:22.686+0600][32.646s][info][gc,stats    ]   CSR: VM Strong Roots               34 us, workers (us):  21,  13,   0, ---, ---, ---, 
[2026-04-03T03:27:22.686+0600][32.646s][info][gc,stats    ]   CSR: CLDG Roots                   474 us, workers (us): 474, ---, ---, ---, ---, ---, 
[2026-04-03T03:27:22.686+0600][32.646s][info][gc,stats    ] Concurrent Evacuation             35969 us
[2026-04-03T03:27:22.686+0600][32.646s][info][gc,stats    ] Pause Init Update Refs (G)          459 us
[2026-04-03T03:27:22.686+0600][32.646s][info][gc,stats    ] Pause Init Update Refs (N)          116 us
[2026-04-03T03:27:22.686+0600][32.646s][info][gc,stats    ]   Manage GCLABs                      17 us
[2026-04-03T03:27:22.686+0600][32.646s][info][gc,stats    ] Concurrent Update Refs           221802 us
[2026-04-03T03:27:22.686+0600][32.646s][info][gc,stats    ] Concurrent Update Thread Roots      995 us
[2026-04-03T03:27:22.686+0600][32.646s][info][gc,stats    ] Pause Final Update Refs (G)         744 us
[2026-04-03T03:27:22.686+0600][32.646s][info][gc,stats    ] Pause Final Update Refs (N)         246 us
[2026-04-03T03:27:22.686+0600][32.646s][info][gc,stats    ]   Update Region States               58 us
[2026-04-03T03:27:22.686+0600][32.646s][info][gc,stats    ]   Trash Collection Set               14 us
[2026-04-03T03:27:22.686+0600][32.646s][info][gc,stats    ]   Rebuild Free Set                   41 us
[2026-04-03T03:27:22.686+0600][32.646s][info][gc,stats    ] Concurrent Cleanup                  311 us
[2026-04-03T03:27:22.686+0600][32.646s][info][gc,stats    ] Pacing                            45151 us
[2026-04-03T03:27:22.686+0600][32.646s][info][gc,stats    ] 
[2026-04-03T03:27:22.686+0600][32.646s][info][gc,stats    ] Allocation pacing accrued:
[2026-04-03T03:27:22.686+0600][32.646s][info][gc,stats    ]      13 of  1426 ms (  0.9%): Executor task launch worker for task 2.0 in stage 7.0 (TID 14)
[2026-04-03T03:27:22.686+0600][32.646s][info][gc,stats    ]      16 of  1426 ms (  1.1%): Executor task launch worker for task 1.0 in stage 7.0 (TID 13)
[2026-04-03T03:27:22.686+0600][32.646s][info][gc,stats    ]      16 of  1426 ms (  1.1%): Executor task launch worker for task 0.0 in stage 7.0 (TID 12)
[2026-04-03T03:27:22.686+0600][32.646s][info][gc,stats    ]      45 of  1426 ms (  3.2%): <total>
[2026-04-03T03:27:22.686+0600][32.646s][info][gc,stats    ]       1 of  1426 ms (  0.0%): <average total>
[2026-04-03T03:27:22.686+0600][32.646s][info][gc,stats    ]      15 of  1426 ms (  1.1%): <average non-zero>
[2026-04-03T03:27:22.686+0600][32.646s][info][gc,stats    ] 
[2026-04-03T03:27:22.686+0600][32.646s][info][gc,metaspace] Metaspace: 70010K(70848K)->70466K(71424K) NonClass: 61090K(61568K)->61457K(62016K) Class: 8920K(9280K)->9008K(9408K)
[2026-04-03T03:27:22.686+0600][32.646s][info][gc,ergo     ] Pacer for Idle. Initial: 25600K, Alloc Tax Rate: 1.0x
[2026-04-03T03:27:23.089+0600][33.049s][info][gc          ] Trigger: Average GC time (885.29 ms) is above the time for average allocation rate (637 MB/s) to deplete free headroom (518M) (margin of error = 1.85)
[2026-04-03T03:27:23.089+0600][33.050s][info][gc,ergo     ] Free headroom: 581M (free) - 64000K (spike) - 0B (penalties) = 518M
[2026-04-03T03:27:23.090+0600][33.050s][info][gc,ergo     ] Free: 581M, Max: 512K regular, 228M humongous, Frag: 61% external, 0% internal; Reserve: 64000K, Max: 512K
[2026-04-03T03:27:23.090+0600][33.050s][info][gc,start    ] GC(27) Concurrent reset
[2026-04-03T03:27:23.090+0600][33.050s][info][gc,task     ] GC(27) Using 3 of 6 workers for concurrent reset
[2026-04-03T03:27:23.090+0600][33.050s][info][gc,ergo     ] GC(27) Pacer for Reset. Non-Taxable: 1250M
[2026-04-03T03:27:23.091+0600][33.051s][info][gc          ] GC(27) Concurrent reset 1.348ms
[2026-04-03T03:27:23.091+0600][33.051s][info][gc,start    ] GC(27) Pause Init Mark (unload classes)
[2026-04-03T03:27:23.091+0600][33.051s][info][gc,task     ] GC(27) Using 6 of 6 workers for init marking
[2026-04-03T03:27:23.092+0600][33.052s][info][gc,ergo     ] GC(27) Pacer for Mark. Expected Live: 263M, Free: 580M, Non-Taxable: 59444K, Alloc Tax Rate: 0.6x
[2026-04-03T03:27:23.092+0600][33.052s][info][gc          ] GC(27) Pause Init Mark (unload classes) 0.148ms
[2026-04-03T03:27:23.092+0600][33.052s][info][gc,start    ] GC(27) Concurrent marking roots
[2026-04-03T03:27:23.092+0600][33.052s][info][gc,task     ] GC(27) Using 3 of 6 workers for concurrent marking roots
[2026-04-03T03:27:23.093+0600][33.053s][info][gc          ] GC(27) Concurrent marking roots 0.978ms
[2026-04-03T03:27:23.093+0600][33.053s][info][gc,start    ] GC(27) Concurrent marking (unload classes)
[2026-04-03T03:27:23.093+0600][33.053s][info][gc,task     ] GC(27) Using 3 of 6 workers for concurrent marking
[2026-04-03T03:27:23.394+0600][33.354s][info][gc          ] GC(27) Concurrent marking (unload classes) 300.889ms
[2026-04-03T03:27:23.394+0600][33.354s][info][gc,start    ] GC(27) Pause Final Mark (unload classes)
[2026-04-03T03:27:23.394+0600][33.354s][info][gc,task     ] GC(27) Using 6 of 6 workers for final marking
[2026-04-03T03:27:23.394+0600][33.355s][info][gc,ergo     ] GC(27) Adaptive CSet Selection. Target Free: 177M, Actual Free: 910M, Max CSet: 53333K, Min Garbage: 0B
[2026-04-03T03:27:23.395+0600][33.355s][info][gc,ergo     ] GC(27) Collectable Garbage: 415M (98%), Immediate: 341M (80%), CSet: 75382K (17%)
[2026-04-03T03:27:23.395+0600][33.355s][info][gc,ergo     ] GC(27) Pacer for Evacuation. Used CSet: 90896K, Free: 863M, Non-Taxable: 88423K, Alloc Tax Rate: 1.1x
[2026-04-03T03:27:23.395+0600][33.355s][info][gc          ] GC(27) Pause Final Mark (unload classes) 0.872ms
[2026-04-03T03:27:23.395+0600][33.355s][info][gc,start    ] GC(27) Concurrent thread roots
[2026-04-03T03:27:23.395+0600][33.355s][info][gc,task     ] GC(27) Using 3 of 6 workers for Concurrent thread roots
[2026-04-03T03:27:23.396+0600][33.356s][info][gc          ] GC(27) Concurrent thread roots 0.768ms
[2026-04-03T03:27:23.396+0600][33.356s][info][gc,start    ] GC(27) Concurrent weak references
[2026-04-03T03:27:23.396+0600][33.356s][info][gc,task     ] GC(27) Using 3 of 6 workers for concurrent weak references
[2026-04-03T03:27:23.397+0600][33.357s][info][gc,ref      ] GC(27) Encountered references: Soft: 3463, Weak: 6690, Final: 82, Phantom: 597
[2026-04-03T03:27:23.397+0600][33.357s][info][gc,ref      ] GC(27) Discovered  references: Soft: 0, Weak: 4838, Final: 50, Phantom: 212
[2026-04-03T03:27:23.397+0600][33.357s][info][gc,ref      ] GC(27) Enqueued    references: Soft: 0, Weak: 534, Final: 0, Phantom: 0
[2026-04-03T03:27:23.397+0600][33.357s][info][gc          ] GC(27) Concurrent weak references 0.813ms
[2026-04-03T03:27:23.397+0600][33.357s][info][gc,start    ] GC(27) Concurrent weak roots
[2026-04-03T03:27:23.397+0600][33.357s][info][gc,task     ] GC(27) Using 3 of 6 workers for concurrent weak root
[2026-04-03T03:27:23.400+0600][33.360s][info][gc          ] GC(27) Concurrent weak roots 3.667ms
[2026-04-03T03:27:23.400+0600][33.360s][info][gc,start    ] GC(27) Concurrent cleanup
[2026-04-03T03:27:23.401+0600][33.361s][info][gc          ] GC(27) Concurrent cleanup 661M->320M(1250M) 0.694ms
[2026-04-03T03:27:23.401+0600][33.361s][info][gc,ergo     ] GC(27) Free: 861M, Max: 512K regular, 228M humongous, Frag: 74% external, 0% internal; Reserve: 63721K, Max: 512K
[2026-04-03T03:27:23.401+0600][33.361s][info][gc,start    ] GC(27) Concurrent class unloading
[2026-04-03T03:27:23.401+0600][33.361s][info][gc,task     ] GC(27) Using 3 of 6 workers for concurrent class unloading
[2026-04-03T03:27:23.425+0600][33.385s][info][gc          ] GC(27) Concurrent class unloading 24.197ms
[2026-04-03T03:27:23.426+0600][33.386s][info][gc,start    ] GC(27) Concurrent strong roots
[2026-04-03T03:27:23.426+0600][33.386s][info][gc,task     ] GC(27) Using 3 of 6 workers for concurrent strong root
[2026-04-03T03:27:23.426+0600][33.386s][info][gc          ] GC(27) Concurrent strong roots 0.853ms
[2026-04-03T03:27:23.426+0600][33.386s][info][gc,start    ] GC(27) Concurrent evacuation
[2026-04-03T03:27:23.426+0600][33.386s][info][gc,task     ] GC(27) Using 3 of 6 workers for concurrent evacuation
[2026-04-03T03:27:23.443+0600][33.403s][info][gc          ] GC(27) Concurrent evacuation 16.352ms
[2026-04-03T03:27:23.443+0600][33.403s][info][gc,start    ] GC(27) Pause Init Update Refs
[2026-04-03T03:27:23.443+0600][33.403s][info][gc,ergo     ] GC(27) Pacer for Update Refs. Used: 347M, Free: 851M, Non-Taxable: 87153K, Alloc Tax Rate: 1.1x
[2026-04-03T03:27:23.443+0600][33.403s][info][gc          ] GC(27) Pause Init Update Refs 0.168ms
[2026-04-03T03:27:23.444+0600][33.404s][info][gc,start    ] GC(27) Concurrent update references
[2026-04-03T03:27:23.444+0600][33.404s][info][gc,task     ] GC(27) Using 3 of 6 workers for concurrent reference update
[2026-04-03T03:27:23.581+0600][33.541s][info][gc          ] GC(27) Concurrent update references 137.419ms
[2026-04-03T03:27:23.581+0600][33.541s][info][gc,start    ] GC(27) Concurrent update thread roots
[2026-04-03T03:27:23.582+0600][33.542s][info][gc          ] GC(27) Concurrent update thread roots 0.598ms
[2026-04-03T03:27:23.582+0600][33.542s][info][gc,start    ] GC(27) Pause Final Update Refs
[2026-04-03T03:27:23.582+0600][33.542s][info][gc,task     ] GC(27) Using 6 of 6 workers for final reference update
[2026-04-03T03:27:23.582+0600][33.542s][info][gc          ] GC(27) Pause Final Update Refs 0.142ms
[2026-04-03T03:27:23.582+0600][33.542s][info][gc,start    ] GC(27) Concurrent cleanup
[2026-04-03T03:27:23.582+0600][33.542s][info][gc          ] GC(27) Concurrent cleanup 355M->266M(1250M) 0.435ms
[2026-04-03T03:27:23.582+0600][33.542s][info][gc,ergo     ] Free: 915M, Max: 512K regular, 228M humongous, Frag: 76% external, 0% internal; Reserve: 64000K, Max: 512K
[2026-04-03T03:27:23.582+0600][33.542s][info][gc,stats    ] 
[2026-04-03T03:27:23.582+0600][33.542s][info][gc,stats    ] All times are wall-clock times, except per-root-class counters, that are sum over
[2026-04-03T03:27:23.582+0600][33.542s][info][gc,stats    ] all workers. Dividing the <total> over the root stage time estimates parallelism.
[2026-04-03T03:27:23.582+0600][33.542s][info][gc,stats    ] 
[2026-04-03T03:27:23.582+0600][33.542s][info][gc,stats    ] Concurrent Reset                   1421 us
[2026-04-03T03:27:23.582+0600][33.542s][info][gc,stats    ] Pause Init Mark (G)                 624 us
[2026-04-03T03:27:23.582+0600][33.543s][info][gc,stats    ] Pause Init Mark (N)                 160 us
[2026-04-03T03:27:23.582+0600][33.543s][info][gc,stats    ]   Update Region States               30 us
[2026-04-03T03:27:23.582+0600][33.543s][info][gc,stats    ] Concurrent Mark Roots              1025 us, parallelism: 1.58x
[2026-04-03T03:27:23.582+0600][33.543s][info][gc,stats    ]   CMR: <total>                     1622 us
[2026-04-03T03:27:23.583+0600][33.543s][info][gc,stats    ]   CMR: Thread Roots                1234 us, workers (us): 185, 534, 515, ---, ---, ---, 
[2026-04-03T03:27:23.583+0600][33.543s][info][gc,stats    ]   CMR: VM Strong Roots               33 us, workers (us):  31,   1,   1, ---, ---, ---, 
[2026-04-03T03:27:23.583+0600][33.543s][info][gc,stats    ]   CMR: CLDG Roots                   355 us, workers (us): 355, ---, ---, ---, ---, ---, 
[2026-04-03T03:27:23.583+0600][33.543s][info][gc,stats    ] Concurrent Marking               301010 us
[2026-04-03T03:27:23.583+0600][33.543s][info][gc,stats    ] Pause Final Mark (G)               1294 us
[2026-04-03T03:27:23.583+0600][33.543s][info][gc,stats    ] Pause Final Mark (N)                894 us
[2026-04-03T03:27:23.583+0600][33.543s][info][gc,stats    ]   Finish Mark                       314 us
[2026-04-03T03:27:23.583+0600][33.543s][info][gc,stats    ]   Update Region States               69 us
[2026-04-03T03:27:23.583+0600][33.543s][info][gc,stats    ]   Choose Collection Set             323 us
[2026-04-03T03:27:23.583+0600][33.543s][info][gc,stats    ]   Rebuild Free Set                   40 us
[2026-04-03T03:27:23.583+0600][33.543s][info][gc,stats    ] Concurrent Thread Roots             803 us, parallelism: 1.91x
[2026-04-03T03:27:23.583+0600][33.543s][info][gc,stats    ]   CTR: <total>                     1534 us
[2026-04-03T03:27:23.583+0600][33.543s][info][gc,stats    ]   CTR: Thread Roots                1534 us, workers (us): 532, 509, 493, ---, ---, ---, 
[2026-04-03T03:27:23.583+0600][33.543s][info][gc,stats    ] Concurrent Weak References          822 us, parallelism: 1.07x
[2026-04-03T03:27:23.583+0600][33.543s][info][gc,stats    ]   CWRF: <total>                     881 us
[2026-04-03T03:27:23.583+0600][33.543s][info][gc,stats    ]   CWRF: Weak References             881 us, workers (us): 678,  82, 121, ---, ---, ---, 
[2026-04-03T03:27:23.583+0600][33.543s][info][gc,stats    ] Concurrent Weak Roots              3764 us
[2026-04-03T03:27:23.583+0600][33.543s][info][gc,stats    ]   Roots                            3072 us, parallelism: 2.53x
[2026-04-03T03:27:23.583+0600][33.543s][info][gc,stats    ]     CWR: <total>                   7784 us
[2026-04-03T03:27:23.583+0600][33.543s][info][gc,stats    ]     CWR: Code Cache Roots          5147 us, workers (us): 1804, 1525, 1818, ---, ---, ---, 
[2026-04-03T03:27:23.583+0600][33.543s][info][gc,stats    ]     CWR: VM Weak Roots             2435 us, workers (us): 808, 799, 827, ---, ---, ---, 
[2026-04-03T03:27:23.583+0600][33.543s][info][gc,stats    ]     CWR: CLDG Roots                 202 us, workers (us): ---, 202, ---, ---, ---, ---, 
[2026-04-03T03:27:23.583+0600][33.543s][info][gc,stats    ]   Rendezvous                        536 us
[2026-04-03T03:27:23.583+0600][33.543s][info][gc,stats    ] Concurrent Cleanup                  732 us
[2026-04-03T03:27:23.583+0600][33.543s][info][gc,stats    ] Concurrent Class Unloading        24313 us
[2026-04-03T03:27:23.583+0600][33.543s][info][gc,stats    ]   Unlink Stale                    22317 us
[2026-04-03T03:27:23.583+0600][33.543s][info][gc,stats    ]     System Dictionary               435 us
[2026-04-03T03:27:23.583+0600][33.543s][info][gc,stats    ]     Weak Class Links              14395 us
[2026-04-03T03:27:23.583+0600][33.543s][info][gc,stats    ]     Code Roots                     7481 us
[2026-04-03T03:27:23.583+0600][33.543s][info][gc,stats    ]   Rendezvous                        392 us
[2026-04-03T03:27:23.583+0600][33.543s][info][gc,stats    ]   Purge Unlinked                   1441 us
[2026-04-03T03:27:23.583+0600][33.543s][info][gc,stats    ]     Code Roots                     1204 us
[2026-04-03T03:27:23.583+0600][33.543s][info][gc,stats    ]     CLDG                            235 us
[2026-04-03T03:27:23.583+0600][33.543s][info][gc,stats    ]     Exception Caches                  1 us
[2026-04-03T03:27:23.583+0600][33.543s][info][gc,stats    ] Concurrent Strong Roots             935 us, parallelism: 0.55x
[2026-04-03T03:27:23.583+0600][33.543s][info][gc,stats    ]   CSR: <total>                      511 us
[2026-04-03T03:27:23.583+0600][33.543s][info][gc,stats    ]   CSR: VM Strong Roots               46 us, workers (us):  40,   5,   1, ---, ---, ---, 
[2026-04-03T03:27:23.583+0600][33.543s][info][gc,stats    ]   CSR: CLDG Roots                   465 us, workers (us): 465, ---, ---, ---, ---, ---, 
[2026-04-03T03:27:23.583+0600][33.543s][info][gc,stats    ] Concurrent Evacuation             16448 us
[2026-04-03T03:27:23.583+0600][33.543s][info][gc,stats    ] Pause Init Update Refs (G)          616 us
[2026-04-03T03:27:23.583+0600][33.543s][info][gc,stats    ] Pause Init Update Refs (N)          191 us
[2026-04-03T03:27:23.583+0600][33.543s][info][gc,stats    ]   Manage GCLABs                      21 us
[2026-04-03T03:27:23.583+0600][33.543s][info][gc,stats    ] Concurrent Update Refs           137510 us
[2026-04-03T03:27:23.583+0600][33.543s][info][gc,stats    ] Concurrent Update Thread Roots      628 us
[2026-04-03T03:27:23.583+0600][33.543s][info][gc,stats    ] Pause Final Update Refs (G)         264 us
[2026-04-03T03:27:23.583+0600][33.543s][info][gc,stats    ] Pause Final Update Refs (N)         160 us
[2026-04-03T03:27:23.583+0600][33.543s][info][gc,stats    ]   Update Region States               45 us
[2026-04-03T03:27:23.583+0600][33.543s][info][gc,stats    ]   Trash Collection Set               10 us
[2026-04-03T03:27:23.583+0600][33.543s][info][gc,stats    ]   Rebuild Free Set                   35 us
[2026-04-03T03:27:23.583+0600][33.543s][info][gc,stats    ] Concurrent Cleanup                  449 us
[2026-04-03T03:27:23.583+0600][33.543s][info][gc,stats    ] 
[2026-04-03T03:27:23.583+0600][33.543s][info][gc,stats    ] Allocation pacing accrued:
[2026-04-03T03:27:23.583+0600][33.543s][info][gc,stats    ]       0 of   897 ms (  0.0%): <total>
[2026-04-03T03:27:23.583+0600][33.543s][info][gc,stats    ]       0 of   897 ms (  0.0%): <average total>
[2026-04-03T03:27:23.583+0600][33.543s][info][gc,stats    ] 
[2026-04-03T03:27:23.583+0600][33.543s][info][gc,metaspace] Metaspace: 70667K(71552K)->70611K(71552K) NonClass: 61636K(62144K)->61600K(62144K) Class: 9030K(9408K)->9011K(9408K)
[2026-04-03T03:27:23.583+0600][33.543s][info][gc,ergo     ] Pacer for Idle. Initial: 25600K, Alloc Tax Rate: 1.0x
[2026-04-03T03:27:24.766+0600][34.726s][info][gc          ] Trigger: Average GC time (814.65 ms) is above the time for average allocation rate (541 MB/s) to deplete free headroom (440M) (margin of error = 1.84)
[2026-04-03T03:27:24.766+0600][34.726s][info][gc,ergo     ] Free headroom: 503M (free) - 64000K (spike) - 0B (penalties) = 440M
[2026-04-03T03:27:24.766+0600][34.726s][info][gc,ergo     ] Free: 503M, Max: 512K regular, 228M humongous, Frag: 55% external, 0% internal; Reserve: 64000K, Max: 512K
[2026-04-03T03:27:24.766+0600][34.726s][info][gc,start    ] GC(28) Concurrent reset
[2026-04-03T03:27:24.766+0600][34.726s][info][gc,task     ] GC(28) Using 3 of 6 workers for concurrent reset
[2026-04-03T03:27:24.766+0600][34.726s][info][gc,ergo     ] GC(28) Pacer for Reset. Non-Taxable: 1250M
[2026-04-03T03:27:24.767+0600][34.727s][info][gc          ] GC(28) Concurrent reset 1.042ms
[2026-04-03T03:27:24.767+0600][34.727s][info][gc,start    ] GC(28) Pause Init Mark (unload classes)
[2026-04-03T03:27:24.767+0600][34.727s][info][gc,task     ] GC(28) Using 6 of 6 workers for init marking
[2026-04-03T03:27:24.767+0600][34.727s][info][gc,ergo     ] GC(28) Pacer for Mark. Expected Live: 249M, Free: 502M, Non-Taxable: 51405K, Alloc Tax Rate: 0.6x
[2026-04-03T03:27:24.767+0600][34.727s][info][gc          ] GC(28) Pause Init Mark (unload classes) 0.139ms
[2026-04-03T03:27:24.767+0600][34.727s][info][gc,start    ] GC(28) Concurrent marking roots
[2026-04-03T03:27:24.767+0600][34.728s][info][gc,task     ] GC(28) Using 3 of 6 workers for concurrent marking roots
[2026-04-03T03:27:24.768+0600][34.728s][info][gc          ] GC(28) Concurrent marking roots 0.902ms
[2026-04-03T03:27:24.768+0600][34.728s][info][gc,start    ] GC(28) Concurrent marking (unload classes)
[2026-04-03T03:27:24.768+0600][34.728s][info][gc,task     ] GC(28) Using 3 of 6 workers for concurrent marking
[2026-04-03T03:27:25.037+0600][34.997s][info][gc          ] GC(28) Concurrent marking (unload classes) 268.787ms
[2026-04-03T03:27:25.037+0600][34.997s][info][gc,start    ] GC(28) Pause Final Mark (unload classes)
[2026-04-03T03:27:25.038+0600][34.998s][info][gc,task     ] GC(28) Using 6 of 6 workers for final marking
[2026-04-03T03:27:25.038+0600][34.998s][info][gc,ergo     ] GC(28) Adaptive CSet Selection. Target Free: 177M, Actual Free: 718M, Max CSet: 53333K, Min Garbage: 0B
[2026-04-03T03:27:25.038+0600][34.998s][info][gc,ergo     ] GC(28) Collectable Garbage: 487M (98%), Immediate: 238M (48%), CSet: 249M (50%)
[2026-04-03T03:27:25.038+0600][34.998s][info][gc,ergo     ] GC(28) Pacer for Evacuation. Used CSet: 282M, Free: 662M, Non-Taxable: 67840K, Alloc Tax Rate: 1.1x
[2026-04-03T03:27:25.038+0600][34.998s][info][gc          ] GC(28) Pause Final Mark (unload classes) 0.837ms
[2026-04-03T03:27:25.038+0600][34.998s][info][gc,start    ] GC(28) Concurrent thread roots
[2026-04-03T03:27:25.038+0600][34.998s][info][gc,task     ] GC(28) Using 3 of 6 workers for Concurrent thread roots
[2026-04-03T03:27:25.039+0600][34.999s][info][gc          ] GC(28) Concurrent thread roots 0.746ms
[2026-04-03T03:27:25.039+0600][34.999s][info][gc,start    ] GC(28) Concurrent weak references
[2026-04-03T03:27:25.039+0600][34.999s][info][gc,task     ] GC(28) Using 3 of 6 workers for concurrent weak references
[2026-04-03T03:27:25.039+0600][34.999s][info][gc,ref      ] GC(28) Encountered references: Soft: 3466, Weak: 6265, Final: 82, Phantom: 597
[2026-04-03T03:27:25.039+0600][34.999s][info][gc,ref      ] GC(28) Discovered  references: Soft: 0, Weak: 458, Final: 0, Phantom: 211
[2026-04-03T03:27:25.039+0600][34.999s][info][gc,ref      ] GC(28) Enqueued    references: Soft: 0, Weak: 103, Final: 0, Phantom: 0
[2026-04-03T03:27:25.040+0600][35.000s][info][gc          ] GC(28) Concurrent weak references 0.330ms
[2026-04-03T03:27:25.040+0600][35.000s][info][gc,start    ] GC(28) Concurrent weak roots
[2026-04-03T03:27:25.040+0600][35.000s][info][gc,task     ] GC(28) Using 3 of 6 workers for concurrent weak root
[2026-04-03T03:27:25.057+0600][35.017s][info][gc          ] GC(28) Concurrent weak roots 17.020ms
[2026-04-03T03:27:25.057+0600][35.017s][info][gc,start    ] GC(28) Concurrent cleanup
[2026-04-03T03:27:25.057+0600][35.017s][info][gc          ] GC(28) Concurrent cleanup 777M->539M(1250M) 0.550ms
[2026-04-03T03:27:25.057+0600][35.017s][info][gc,ergo     ] GC(28) Free: 651M, Max: 512K regular, 228M humongous, Frag: 65% external, 0% internal; Reserve: 55296K, Max: 512K
[2026-04-03T03:27:25.057+0600][35.017s][info][gc,start    ] GC(28) Concurrent class unloading
[2026-04-03T03:27:25.057+0600][35.017s][info][gc,task     ] GC(28) Using 3 of 6 workers for concurrent class unloading
[2026-04-03T03:27:25.066+0600][35.026s][info][gc          ] GC(28) Concurrent class unloading 8.163ms
[2026-04-03T03:27:25.066+0600][35.026s][info][gc,start    ] GC(28) Concurrent strong roots
[2026-04-03T03:27:25.066+0600][35.026s][info][gc,task     ] GC(28) Using 3 of 6 workers for concurrent strong root
[2026-04-03T03:27:25.066+0600][35.026s][info][gc          ] GC(28) Concurrent strong roots 0.649ms
[2026-04-03T03:27:25.066+0600][35.026s][info][gc,start    ] GC(28) Concurrent evacuation
[2026-04-03T03:27:25.066+0600][35.026s][info][gc,task     ] GC(28) Using 3 of 6 workers for concurrent evacuation
[2026-04-03T03:27:25.094+0600][35.054s][info][gc          ] GC(28) Concurrent evacuation 28.001ms
[2026-04-03T03:27:25.095+0600][35.055s][info][gc,start    ] GC(28) Pause Init Update Refs
[2026-04-03T03:27:25.095+0600][35.055s][info][gc,ergo     ] GC(28) Pacer for Update Refs. Used: 584M, Free: 632M, Non-Taxable: 64768K, Alloc Tax Rate: 1.1x
[2026-04-03T03:27:25.095+0600][35.055s][info][gc          ] GC(28) Pause Init Update Refs 0.152ms
[2026-04-03T03:27:25.095+0600][35.055s][info][gc,start    ] GC(28) Concurrent update references
[2026-04-03T03:27:25.095+0600][35.055s][info][gc,task     ] GC(28) Using 3 of 6 workers for concurrent reference update
[2026-04-03T03:27:25.227+0600][35.187s][info][gc          ] GC(28) Concurrent update references 131.840ms
[2026-04-03T03:27:25.227+0600][35.187s][info][gc,start    ] GC(28) Concurrent update thread roots
[2026-04-03T03:27:25.228+0600][35.188s][info][gc          ] GC(28) Concurrent update thread roots 0.976ms
[2026-04-03T03:27:25.228+0600][35.188s][info][gc,start    ] GC(28) Pause Final Update Refs
[2026-04-03T03:27:25.228+0600][35.188s][info][gc,task     ] GC(28) Using 6 of 6 workers for final reference update
[2026-04-03T03:27:25.228+0600][35.188s][info][gc          ] GC(28) Pause Final Update Refs 0.233ms
[2026-04-03T03:27:25.228+0600][35.188s][info][gc,start    ] GC(28) Concurrent cleanup
[2026-04-03T03:27:25.229+0600][35.189s][info][gc          ] GC(28) Concurrent cleanup 666M->384M(1250M) 0.646ms
[2026-04-03T03:27:25.229+0600][35.189s][info][gc,ergo     ] Free: 797M, Max: 512K regular, 228M humongous, Frag: 72% external, 0% internal; Reserve: 64000K, Max: 512K
[2026-04-03T03:27:25.229+0600][35.189s][info][gc,stats    ] 
[2026-04-03T03:27:25.229+0600][35.189s][info][gc,stats    ] All times are wall-clock times, except per-root-class counters, that are sum over
[2026-04-03T03:27:25.229+0600][35.189s][info][gc,stats    ] all workers. Dividing the <total> over the root stage time estimates parallelism.
[2026-04-03T03:27:25.229+0600][35.189s][info][gc,stats    ] 
[2026-04-03T03:27:25.229+0600][35.189s][info][gc,stats    ] Concurrent Reset                   1128 us
[2026-04-03T03:27:25.229+0600][35.189s][info][gc,stats    ] Pause Init Mark (G)                 319 us
[2026-04-03T03:27:25.229+0600][35.189s][info][gc,stats    ] Pause Init Mark (N)                 149 us
[2026-04-03T03:27:25.229+0600][35.189s][info][gc,stats    ]   Update Region States               33 us
[2026-04-03T03:27:25.229+0600][35.189s][info][gc,stats    ] Concurrent Mark Roots               942 us, parallelism: 1.74x
[2026-04-03T03:27:25.229+0600][35.189s][info][gc,stats    ]   CMR: <total>                     1639 us
[2026-04-03T03:27:25.229+0600][35.189s][info][gc,stats    ]   CMR: Thread Roots                1301 us, workers (us): 530, 239, 532, ---, ---, ---, 
[2026-04-03T03:27:25.229+0600][35.189s][info][gc,stats    ]   CMR: VM Strong Roots               40 us, workers (us):  21,  14,   6, ---, ---, ---, 
[2026-04-03T03:27:25.229+0600][35.189s][info][gc,stats    ]   CMR: CLDG Roots                   298 us, workers (us): ---, 298, ---, ---, ---, ---, 
[2026-04-03T03:27:25.229+0600][35.189s][info][gc,stats    ] Concurrent Marking               268912 us
[2026-04-03T03:27:25.229+0600][35.189s][info][gc,stats    ] Pause Final Mark (G)               1041 us
[2026-04-03T03:27:25.229+0600][35.189s][info][gc,stats    ] Pause Final Mark (N)                855 us
[2026-04-03T03:27:25.229+0600][35.189s][info][gc,stats    ]   Finish Mark                       256 us
[2026-04-03T03:27:25.229+0600][35.189s][info][gc,stats    ]   Update Region States               65 us
[2026-04-03T03:27:25.229+0600][35.189s][info][gc,stats    ]   Choose Collection Set             304 us
[2026-04-03T03:27:25.229+0600][35.189s][info][gc,stats    ]   Rebuild Free Set                   34 us
[2026-04-03T03:27:25.229+0600][35.189s][info][gc,stats    ] Concurrent Thread Roots             848 us, parallelism: 1.89x
[2026-04-03T03:27:25.229+0600][35.189s][info][gc,stats    ]   CTR: <total>                     1604 us
[2026-04-03T03:27:25.229+0600][35.189s][info][gc,stats    ]   CTR: Thread Roots                1604 us, workers (us): 600, 517, 487, ---, ---, ---, 
[2026-04-03T03:27:25.229+0600][35.189s][info][gc,stats    ] Concurrent Weak References          427 us, parallelism: 0.46x
[2026-04-03T03:27:25.229+0600][35.189s][info][gc,stats    ]   CWRF: <total>                     196 us
[2026-04-03T03:27:25.229+0600][35.189s][info][gc,stats    ]   CWRF: Weak References             196 us, workers (us):  70, 113,  13, ---, ---, ---, 
[2026-04-03T03:27:25.229+0600][35.189s][info][gc,stats    ] Concurrent Weak Roots             17135 us
[2026-04-03T03:27:25.229+0600][35.189s][info][gc,stats    ]   Roots                            3082 us, parallelism: 2.58x
[2026-04-03T03:27:25.229+0600][35.189s][info][gc,stats    ]     CWR: <total>                   7951 us
[2026-04-03T03:27:25.229+0600][35.190s][info][gc,stats    ]     CWR: Code Cache Roots          5262 us, workers (us): 1769, 1808, 1685, ---, ---, ---, 
[2026-04-03T03:27:25.229+0600][35.190s][info][gc,stats    ]     CWR: VM Weak Roots             2560 us, workers (us): 899, 873, 788, ---, ---, ---, 
[2026-04-03T03:27:25.229+0600][35.190s][info][gc,stats    ]     CWR: CLDG Roots                 130 us, workers (us): ---, 130, ---, ---, ---, ---, 
[2026-04-03T03:27:25.230+0600][35.190s][info][gc,stats    ]   Rendezvous                      13746 us
[2026-04-03T03:27:25.230+0600][35.190s][info][gc,stats    ] Concurrent Cleanup                  568 us
[2026-04-03T03:27:25.230+0600][35.190s][info][gc,stats    ] Concurrent Class Unloading         8256 us
[2026-04-03T03:27:25.230+0600][35.190s][info][gc,stats    ]   Unlink Stale                     6543 us
[2026-04-03T03:27:25.230+0600][35.190s][info][gc,stats    ]     System Dictionary               186 us
[2026-04-03T03:27:25.230+0600][35.190s][info][gc,stats    ]     Weak Class Links                  0 us
[2026-04-03T03:27:25.230+0600][35.190s][info][gc,stats    ]     Code Roots                     6352 us
[2026-04-03T03:27:25.230+0600][35.190s][info][gc,stats    ]   Rendezvous                        318 us
[2026-04-03T03:27:25.230+0600][35.190s][info][gc,stats    ]   Purge Unlinked                   1272 us
[2026-04-03T03:27:25.230+0600][35.190s][info][gc,stats    ]     Code Roots                     1246 us
[2026-04-03T03:27:25.230+0600][35.190s][info][gc,stats    ]     CLDG                             26 us
[2026-04-03T03:27:25.230+0600][35.190s][info][gc,stats    ]     Exception Caches                  0 us
[2026-04-03T03:27:25.230+0600][35.190s][info][gc,stats    ] Concurrent Strong Roots             684 us, parallelism: 0.56x
[2026-04-03T03:27:25.230+0600][35.190s][info][gc,stats    ]   CSR: <total>                      380 us
[2026-04-03T03:27:25.230+0600][35.190s][info][gc,stats    ]   CSR: VM Strong Roots               38 us, workers (us):  21,  16,   1, ---, ---, ---, 
[2026-04-03T03:27:25.230+0600][35.190s][info][gc,stats    ]   CSR: CLDG Roots                   342 us, workers (us): ---, 342, ---, ---, ---, ---, 
[2026-04-03T03:27:25.230+0600][35.190s][info][gc,stats    ] Concurrent Evacuation             28087 us
[2026-04-03T03:27:25.230+0600][35.190s][info][gc,stats    ] Pause Init Update Refs (G)          522 us
[2026-04-03T03:27:25.230+0600][35.190s][info][gc,stats    ] Pause Init Update Refs (N)          170 us
[2026-04-03T03:27:25.230+0600][35.190s][info][gc,stats    ]   Manage GCLABs                      63 us
[2026-04-03T03:27:25.230+0600][35.190s][info][gc,stats    ] Concurrent Update Refs           131937 us
[2026-04-03T03:27:25.230+0600][35.190s][info][gc,stats    ] Concurrent Update Thread Roots     1038 us
[2026-04-03T03:27:25.230+0600][35.190s][info][gc,stats    ] Pause Final Update Refs (G)         567 us
[2026-04-03T03:27:25.230+0600][35.190s][info][gc,stats    ] Pause Final Update Refs (N)         262 us
[2026-04-03T03:27:25.230+0600][35.190s][info][gc,stats    ]   Update Region States               57 us
[2026-04-03T03:27:25.230+0600][35.190s][info][gc,stats    ]   Trash Collection Set               20 us
[2026-04-03T03:27:25.230+0600][35.190s][info][gc,stats    ]   Rebuild Free Set                   52 us
[2026-04-03T03:27:25.230+0600][35.190s][info][gc,stats    ] Concurrent Cleanup                  683 us
[2026-04-03T03:27:25.230+0600][35.190s][info][gc,stats    ] Pacing                           433517 us
[2026-04-03T03:27:25.230+0600][35.190s][info][gc,stats    ] 
[2026-04-03T03:27:25.230+0600][35.190s][info][gc,stats    ] Allocation pacing accrued:
[2026-04-03T03:27:25.230+0600][35.190s][info][gc,stats    ]     145 of  1647 ms (  8.8%): Executor task launch worker for task 0.0 in stage 12.0 (TID 18)
[2026-04-03T03:27:25.230+0600][35.190s][info][gc,stats    ]     144 of  1647 ms (  8.7%): Executor task launch worker for task 1.0 in stage 12.0 (TID 19)
[2026-04-03T03:27:25.230+0600][35.190s][info][gc,stats    ]     144 of  1647 ms (  8.7%): Executor task launch worker for task 2.0 in stage 12.0 (TID 20)
[2026-04-03T03:27:25.230+0600][35.190s][info][gc,stats    ]     434 of  1647 ms ( 26.3%): <total>
[2026-04-03T03:27:25.230+0600][35.190s][info][gc,stats    ]       4 of  1647 ms (  0.3%): <average total>
[2026-04-03T03:27:25.230+0600][35.190s][info][gc,stats    ]     145 of  1647 ms (  8.8%): <average non-zero>
[2026-04-03T03:27:25.230+0600][35.190s][info][gc,stats    ] 
[2026-04-03T03:27:25.230+0600][35.190s][info][gc,metaspace] Metaspace: 70689K(71616K)->70713K(71616K) NonClass: 61673K(62208K)->61693K(62208K) Class: 9016K(9408K)->9019K(9408K)
[2026-04-03T03:27:25.230+0600][35.190s][info][gc,ergo     ] Pacer for Idle. Initial: 25600K, Alloc Tax Rate: 1.0x
[2026-04-03T03:27:26.337+0600][36.297s][info][gc          ] Trigger: Average GC time (722.33 ms) is above the time for average allocation rate (1038 MB/s) to deplete free headroom (341M) (margin of error = 1.83)
[2026-04-03T03:27:26.337+0600][36.297s][info][gc,ergo     ] Free headroom: 404M (free) - 64000K (spike) - 0B (penalties) = 341M
[2026-04-03T03:27:26.337+0600][36.297s][info][gc,ergo     ] Free: 404M, Max: 512K regular, 228M humongous, Frag: 44% external, 0% internal; Reserve: 64000K, Max: 512K
[2026-04-03T03:27:26.337+0600][36.297s][info][gc,start    ] GC(29) Concurrent reset
[2026-04-03T03:27:26.337+0600][36.297s][info][gc,task     ] GC(29) Using 3 of 6 workers for concurrent reset
[2026-04-03T03:27:26.337+0600][36.297s][info][gc,ergo     ] GC(29) Pacer for Reset. Non-Taxable: 1250M
[2026-04-03T03:27:26.338+0600][36.298s][info][gc          ] GC(29) Concurrent reset 1.232ms
[2026-04-03T03:27:26.338+0600][36.298s][info][gc,start    ] GC(29) Pause Init Mark (unload classes)
[2026-04-03T03:27:26.338+0600][36.298s][info][gc,task     ] GC(29) Using 6 of 6 workers for init marking
[2026-04-03T03:27:26.338+0600][36.298s][info][gc,ergo     ] GC(29) Pacer for Mark. Expected Live: 229M, Free: 402M, Non-Taxable: 41210K, Alloc Tax Rate: 0.7x
[2026-04-03T03:27:26.338+0600][36.299s][info][gc          ] GC(29) Pause Init Mark (unload classes) 0.122ms
[2026-04-03T03:27:26.339+0600][36.299s][info][gc,start    ] GC(29) Concurrent marking roots
[2026-04-03T03:27:26.339+0600][36.299s][info][gc,task     ] GC(29) Using 3 of 6 workers for concurrent marking roots
[2026-04-03T03:27:26.340+0600][36.300s][info][gc          ] GC(29) Concurrent marking roots 0.934ms
[2026-04-03T03:27:26.340+0600][36.300s][info][gc,start    ] GC(29) Concurrent marking (unload classes)
[2026-04-03T03:27:26.340+0600][36.300s][info][gc,task     ] GC(29) Using 3 of 6 workers for concurrent marking
[2026-04-03T03:27:26.537+0600][36.497s][info][gc          ] GC(29) Concurrent marking (unload classes) 196.966ms
[2026-04-03T03:27:26.537+0600][36.497s][info][gc,start    ] GC(29) Pause Final Mark (unload classes)
[2026-04-03T03:27:26.537+0600][36.497s][info][gc,task     ] GC(29) Using 6 of 6 workers for final marking
[2026-04-03T03:27:26.537+0600][36.497s][info][gc,ergo     ] GC(29) Adaptive CSet Selection. Target Free: 177M, Actual Free: 705M, Max CSet: 53333K, Min Garbage: 0B
[2026-04-03T03:27:26.537+0600][36.497s][info][gc,ergo     ] GC(29) Collectable Garbage: 502M (98%), Immediate: 384M (75%), CSet: 117M (23%)
[2026-04-03T03:27:26.538+0600][36.498s][info][gc,ergo     ] GC(29) Pacer for Evacuation. Used CSet: 136M, Free: 671M, Non-Taxable: 68749K, Alloc Tax Rate: 1.1x
[2026-04-03T03:27:26.538+0600][36.498s][info][gc          ] GC(29) Pause Final Mark (unload classes) 0.757ms
[2026-04-03T03:27:26.538+0600][36.498s][info][gc,start    ] GC(29) Concurrent thread roots
[2026-04-03T03:27:26.538+0600][36.498s][info][gc,task     ] GC(29) Using 3 of 6 workers for Concurrent thread roots
[2026-04-03T03:27:26.538+0600][36.498s][info][gc          ] GC(29) Concurrent thread roots 0.682ms
[2026-04-03T03:27:26.538+0600][36.498s][info][gc,start    ] GC(29) Concurrent weak references
[2026-04-03T03:27:26.539+0600][36.499s][info][gc,task     ] GC(29) Using 3 of 6 workers for concurrent weak references
[2026-04-03T03:27:26.539+0600][36.499s][info][gc,ref      ] GC(29) Encountered references: Soft: 3515, Weak: 6365, Final: 84, Phantom: 599
[2026-04-03T03:27:26.539+0600][36.499s][info][gc,ref      ] GC(29) Discovered  references: Soft: 0, Weak: 1330, Final: 2, Phantom: 596
[2026-04-03T03:27:26.539+0600][36.499s][info][gc,ref      ] GC(29) Enqueued    references: Soft: 0, Weak: 59, Final: 0, Phantom: 0
[2026-04-03T03:27:26.539+0600][36.499s][info][gc          ] GC(29) Concurrent weak references 0.485ms
[2026-04-03T03:27:26.539+0600][36.499s][info][gc,start    ] GC(29) Concurrent weak roots
[2026-04-03T03:27:26.539+0600][36.499s][info][gc,task     ] GC(29) Using 3 of 6 workers for concurrent weak root
[2026-04-03T03:27:26.542+0600][36.502s][info][gc          ] GC(29) Concurrent weak roots 2.575ms
[2026-04-03T03:27:26.542+0600][36.502s][info][gc,start    ] GC(29) Concurrent cleanup
[2026-04-03T03:27:26.542+0600][36.502s][info][gc          ] GC(29) Concurrent cleanup 880M->495M(1250M) 0.368ms
[2026-04-03T03:27:26.542+0600][36.502s][info][gc,ergo     ] GC(29) Free: 668M, Max: 512K regular, 201M humongous, Frag: 70% external, 0% internal; Reserve: 63909K, Max: 512K
[2026-04-03T03:27:26.542+0600][36.502s][info][gc,start    ] GC(29) Concurrent class unloading
[2026-04-03T03:27:26.542+0600][36.502s][info][gc,task     ] GC(29) Using 3 of 6 workers for concurrent class unloading
[2026-04-03T03:27:26.550+0600][36.510s][info][gc          ] GC(29) Concurrent class unloading 8.113ms
[2026-04-03T03:27:26.550+0600][36.510s][info][gc,start    ] GC(29) Concurrent strong roots
[2026-04-03T03:27:26.550+0600][36.510s][info][gc,task     ] GC(29) Using 3 of 6 workers for concurrent strong root
[2026-04-03T03:27:26.551+0600][36.511s][info][gc          ] GC(29) Concurrent strong roots 0.880ms
[2026-04-03T03:27:26.551+0600][36.511s][info][gc,start    ] GC(29) Concurrent evacuation
[2026-04-03T03:27:26.551+0600][36.511s][info][gc,task     ] GC(29) Using 3 of 6 workers for concurrent evacuation
[2026-04-03T03:27:26.567+0600][36.527s][info][gc          ] GC(29) Concurrent evacuation 16.110ms
[2026-04-03T03:27:26.568+0600][36.528s][info][gc,start    ] GC(29) Pause Init Update Refs
[2026-04-03T03:27:26.568+0600][36.528s][info][gc,ergo     ] GC(29) Pacer for Update Refs. Used: 524M, Free: 659M, Non-Taxable: 67524K, Alloc Tax Rate: 1.1x
[2026-04-03T03:27:26.568+0600][36.528s][info][gc          ] GC(29) Pause Init Update Refs 0.169ms
[2026-04-03T03:27:26.568+0600][36.528s][info][gc,start    ] GC(29) Concurrent update references
[2026-04-03T03:27:26.568+0600][36.528s][info][gc,task     ] GC(29) Using 3 of 6 workers for concurrent reference update
[2026-04-03T03:27:26.695+0600][36.655s][info][gc          ] GC(29) Concurrent update references 126.982ms
[2026-04-03T03:27:26.695+0600][36.655s][info][gc,start    ] GC(29) Concurrent update thread roots
[2026-04-03T03:27:26.696+0600][36.656s][info][gc          ] GC(29) Concurrent update thread roots 0.968ms
[2026-04-03T03:27:26.696+0600][36.656s][info][gc,start    ] GC(29) Pause Final Update Refs
[2026-04-03T03:27:26.696+0600][36.656s][info][gc,task     ] GC(29) Using 6 of 6 workers for final reference update
[2026-04-03T03:27:26.696+0600][36.656s][info][gc          ] GC(29) Pause Final Update Refs 0.202ms
[2026-04-03T03:27:26.697+0600][36.657s][info][gc,start    ] GC(29) Concurrent cleanup
[2026-04-03T03:27:26.697+0600][36.657s][info][gc          ] GC(29) Concurrent cleanup 567M->431M(1250M) 0.323ms
[2026-04-03T03:27:26.697+0600][36.657s][info][gc,ergo     ] Free: 733M, Max: 512K regular, 201M humongous, Frag: 73% external, 2% internal; Reserve: 64000K, Max: 512K
[2026-04-03T03:27:26.697+0600][36.657s][info][gc,stats    ] 
[2026-04-03T03:27:26.697+0600][36.657s][info][gc,stats    ] All times are wall-clock times, except per-root-class counters, that are sum over
[2026-04-03T03:27:26.697+0600][36.657s][info][gc,stats    ] all workers. Dividing the <total> over the root stage time estimates parallelism.
[2026-04-03T03:27:26.697+0600][36.657s][info][gc,stats    ] 
[2026-04-03T03:27:26.697+0600][36.657s][info][gc,stats    ] Concurrent Reset                   1291 us
[2026-04-03T03:27:26.697+0600][36.657s][info][gc,stats    ] Pause Init Mark (G)                 558 us
[2026-04-03T03:27:26.697+0600][36.657s][info][gc,stats    ] Pause Init Mark (N)                 132 us
[2026-04-03T03:27:26.697+0600][36.657s][info][gc,stats    ]   Update Region States               30 us
[2026-04-03T03:27:26.697+0600][36.657s][info][gc,stats    ] Concurrent Mark Roots               973 us, parallelism: 1.68x
[2026-04-03T03:27:26.697+0600][36.657s][info][gc,stats    ]   CMR: <total>                     1635 us
[2026-04-03T03:27:26.697+0600][36.657s][info][gc,stats    ]   CMR: Thread Roots                1339 us, workers (us): 307, 527, 505, ---, ---, ---, 
[2026-04-03T03:27:26.697+0600][36.657s][info][gc,stats    ]   CMR: VM Strong Roots               29 us, workers (us):  25,   4,   1, ---, ---, ---, 
[2026-04-03T03:27:26.697+0600][36.657s][info][gc,stats    ]   CMR: CLDG Roots                   267 us, workers (us): 267, ---, ---, ---, ---, ---, 
[2026-04-03T03:27:26.697+0600][36.657s][info][gc,stats    ] Concurrent Marking               197044 us
[2026-04-03T03:27:26.697+0600][36.657s][info][gc,stats    ] Pause Final Mark (G)               1124 us
[2026-04-03T03:27:26.697+0600][36.657s][info][gc,stats    ] Pause Final Mark (N)                769 us
[2026-04-03T03:27:26.697+0600][36.657s][info][gc,stats    ]   Finish Mark                       320 us
[2026-04-03T03:27:26.697+0600][36.657s][info][gc,stats    ]   Update Region States               44 us
[2026-04-03T03:27:26.697+0600][36.657s][info][gc,stats    ]   Choose Collection Set             239 us
[2026-04-03T03:27:26.697+0600][36.657s][info][gc,stats    ]   Rebuild Free Set                   36 us
[2026-04-03T03:27:26.697+0600][36.657s][info][gc,stats    ] Concurrent Thread Roots             719 us, parallelism: 1.68x
[2026-04-03T03:27:26.697+0600][36.657s][info][gc,stats    ]   CTR: <total>                     1211 us
[2026-04-03T03:27:26.697+0600][36.657s][info][gc,stats    ]   CTR: Thread Roots                1211 us, workers (us): 438, 390, 383, ---, ---, ---, 
[2026-04-03T03:27:26.697+0600][36.657s][info][gc,stats    ] Concurrent Weak References          498 us, parallelism: 0.81x
[2026-04-03T03:27:26.697+0600][36.657s][info][gc,stats    ]   CWRF: <total>                     404 us
[2026-04-03T03:27:26.697+0600][36.657s][info][gc,stats    ]   CWRF: Weak References             404 us, workers (us): 241, 142,  21, ---, ---, ---, 
[2026-04-03T03:27:26.697+0600][36.657s][info][gc,stats    ] Concurrent Weak Roots              2634 us
[2026-04-03T03:27:26.697+0600][36.657s][info][gc,stats    ]   Roots                            2273 us, parallelism: 2.52x
[2026-04-03T03:27:26.697+0600][36.657s][info][gc,stats    ]     CWR: <total>                   5739 us
[2026-04-03T03:27:26.697+0600][36.657s][info][gc,stats    ]     CWR: Code Cache Roots          3684 us, workers (us): 1221, 1281, 1183, ---, ---, ---, 
[2026-04-03T03:27:26.697+0600][36.657s][info][gc,stats    ]     CWR: VM Weak Roots             1944 us, workers (us): 684, 634, 627, ---, ---, ---, 
[2026-04-03T03:27:26.697+0600][36.657s][info][gc,stats    ]     CWR: CLDG Roots                 110 us, workers (us): ---, ---, 110, ---, ---, ---, 
[2026-04-03T03:27:26.697+0600][36.657s][info][gc,stats    ]   Rendezvous                        274 us
[2026-04-03T03:27:26.697+0600][36.657s][info][gc,stats    ] Concurrent Cleanup                  392 us
[2026-04-03T03:27:26.697+0600][36.657s][info][gc,stats    ] Concurrent Class Unloading         8202 us
[2026-04-03T03:27:26.697+0600][36.657s][info][gc,stats    ]   Unlink Stale                     5142 us
[2026-04-03T03:27:26.697+0600][36.657s][info][gc,stats    ]     System Dictionary                98 us
[2026-04-03T03:27:26.697+0600][36.657s][info][gc,stats    ]     Weak Class Links                  0 us
[2026-04-03T03:27:26.697+0600][36.657s][info][gc,stats    ]     Code Roots                     5041 us
[2026-04-03T03:27:26.697+0600][36.657s][info][gc,stats    ]   Rendezvous                        258 us
[2026-04-03T03:27:26.697+0600][36.657s][info][gc,stats    ]   Purge Unlinked                   2679 us
[2026-04-03T03:27:26.697+0600][36.657s][info][gc,stats    ]     Code Roots                     2653 us
[2026-04-03T03:27:26.697+0600][36.657s][info][gc,stats    ]     CLDG                             25 us
[2026-04-03T03:27:26.697+0600][36.657s][info][gc,stats    ]     Exception Caches                  0 us
[2026-04-03T03:27:26.697+0600][36.657s][info][gc,stats    ] Concurrent Strong Roots             938 us, parallelism: 0.66x
[2026-04-03T03:27:26.697+0600][36.658s][info][gc,stats    ]   CSR: <total>                      618 us
[2026-04-03T03:27:26.697+0600][36.658s][info][gc,stats    ]   CSR: VM Strong Roots               35 us, workers (us):  19,  15,   2, ---, ---, ---, 
[2026-04-03T03:27:26.698+0600][36.658s][info][gc,stats    ]   CSR: CLDG Roots                   583 us, workers (us): 583, ---, ---, ---, ---, ---, 
[2026-04-03T03:27:26.698+0600][36.658s][info][gc,stats    ] Concurrent Evacuation             16204 us
[2026-04-03T03:27:26.698+0600][36.658s][info][gc,stats    ] Pause Init Update Refs (G)          560 us
[2026-04-03T03:27:26.698+0600][36.658s][info][gc,stats    ] Pause Init Update Refs (N)          180 us
[2026-04-03T03:27:26.698+0600][36.658s][info][gc,stats    ]   Manage GCLABs                      36 us
[2026-04-03T03:27:26.698+0600][36.658s][info][gc,stats    ] Concurrent Update Refs           127067 us
[2026-04-03T03:27:26.698+0600][36.658s][info][gc,stats    ] Concurrent Update Thread Roots     1057 us
[2026-04-03T03:27:26.698+0600][36.658s][info][gc,stats    ] Pause Final Update Refs (G)         420 us
[2026-04-03T03:27:26.698+0600][36.658s][info][gc,stats    ] Pause Final Update Refs (N)         219 us
[2026-04-03T03:27:26.698+0600][36.658s][info][gc,stats    ]   Update Region States               48 us
[2026-04-03T03:27:26.698+0600][36.658s][info][gc,stats    ]   Trash Collection Set               10 us
[2026-04-03T03:27:26.698+0600][36.658s][info][gc,stats    ]   Rebuild Free Set                   37 us
[2026-04-03T03:27:26.698+0600][36.658s][info][gc,stats    ] Concurrent Cleanup                  384 us
[2026-04-03T03:27:26.698+0600][36.658s][info][gc,stats    ] Pacing                            69638 us
[2026-04-03T03:27:26.698+0600][36.658s][info][gc,stats    ] 
[2026-04-03T03:27:26.698+0600][36.658s][info][gc,stats    ] Allocation pacing accrued:
[2026-04-03T03:27:26.698+0600][36.658s][info][gc,stats    ]      36 of  1468 ms (  2.4%): task-result-getter-1
[2026-04-03T03:27:26.698+0600][36.658s][info][gc,stats    ]      34 of  1468 ms (  2.3%): task-result-getter-3
[2026-04-03T03:27:26.698+0600][36.658s][info][gc,stats    ]      70 of  1468 ms (  4.7%): <total>
[2026-04-03T03:27:26.698+0600][36.658s][info][gc,stats    ]       1 of  1468 ms (  0.0%): <average total>
[2026-04-03T03:27:26.698+0600][36.658s][info][gc,stats    ]      35 of  1468 ms (  2.4%): <average non-zero>
[2026-04-03T03:27:26.698+0600][36.658s][info][gc,stats    ] 
[2026-04-03T03:27:26.698+0600][36.658s][info][gc,metaspace] Metaspace: 72370K(73280K)->72423K(73280K) NonClass: 63114K(63616K)->63161K(63616K) Class: 9256K(9664K)->9262K(9664K)
[2026-04-03T03:27:26.698+0600][36.658s][info][gc,ergo     ] Pacer for Idle. Initial: 25600K, Alloc Tax Rate: 1.0x
[2026-04-03T03:27:26.799+0600][36.759s][info][gc          ] Trigger: Average GC time (648.77 ms) is above the time for average allocation rate (1091 MB/s) to deplete free headroom (534M) (margin of error = 1.83)
[2026-04-03T03:27:26.799+0600][36.759s][info][gc,ergo     ] Free headroom: 597M (free) - 64000K (spike) - 0B (penalties) = 534M
[2026-04-03T03:27:26.799+0600][36.759s][info][gc,ergo     ] Free: 597M, Max: 512K regular, 201M humongous, Frag: 67% external, 3% internal; Reserve: 64000K, Max: 512K
[2026-04-03T03:27:26.799+0600][36.759s][info][gc,start    ] GC(30) Concurrent reset
[2026-04-03T03:27:26.799+0600][36.759s][info][gc,task     ] GC(30) Using 3 of 6 workers for concurrent reset
[2026-04-03T03:27:26.799+0600][36.759s][info][gc,ergo     ] GC(30) Pacer for Reset. Non-Taxable: 1250M
[2026-04-03T03:27:26.800+0600][36.760s][info][gc          ] GC(30) Concurrent reset 1.062ms
[2026-04-03T03:27:26.800+0600][36.760s][info][gc,start    ] GC(30) Pause Init Mark (unload classes)
[2026-04-03T03:27:26.800+0600][36.760s][info][gc,task     ] GC(30) Using 6 of 6 workers for init marking
[2026-04-03T03:27:26.800+0600][36.760s][info][gc,ergo     ] GC(30) Pacer for Mark. Expected Live: 215M, Free: 595M, Non-Taxable: 60969K, Alloc Tax Rate: 0.4x
[2026-04-03T03:27:26.800+0600][36.760s][info][gc          ] GC(30) Pause Init Mark (unload classes) 0.174ms
[2026-04-03T03:27:26.801+0600][36.761s][info][gc,start    ] GC(30) Concurrent marking roots
[2026-04-03T03:27:26.801+0600][36.761s][info][gc,task     ] GC(30) Using 3 of 6 workers for concurrent marking roots
[2026-04-03T03:27:26.801+0600][36.761s][info][gc          ] GC(30) Concurrent marking roots 0.748ms
[2026-04-03T03:27:26.801+0600][36.761s][info][gc,start    ] GC(30) Concurrent marking (unload classes)
[2026-04-03T03:27:26.801+0600][36.761s][info][gc,task     ] GC(30) Using 3 of 6 workers for concurrent marking
[2026-04-03T03:27:27.032+0600][36.992s][info][gc          ] GC(30) Concurrent marking (unload classes) 230.645ms
[2026-04-03T03:27:27.032+0600][36.992s][info][gc,start    ] GC(30) Pause Final Mark (unload classes)
[2026-04-03T03:27:27.032+0600][36.992s][info][gc,task     ] GC(30) Using 6 of 6 workers for final marking
[2026-04-03T03:27:27.033+0600][36.993s][info][gc,ergo     ] GC(30) Adaptive CSet Selection. Target Free: 177M, Actual Free: 783M, Max CSet: 53333K, Min Garbage: 0B
[2026-04-03T03:27:27.033+0600][36.993s][info][gc,ergo     ] GC(30) Collectable Garbage: 354M (97%), Immediate: 219M (60%), CSet: 134M (37%)
[2026-04-03T03:27:27.033+0600][36.993s][info][gc,ergo     ] GC(30) Pacer for Evacuation. Used CSet: 158M, Free: 740M, Non-Taxable: 75847K, Alloc Tax Rate: 1.1x
[2026-04-03T03:27:27.033+0600][36.993s][info][gc          ] GC(30) Pause Final Mark (unload classes) 0.829ms
[2026-04-03T03:27:27.033+0600][36.993s][info][gc,start    ] GC(30) Concurrent thread roots
[2026-04-03T03:27:27.033+0600][36.993s][info][gc,task     ] GC(30) Using 3 of 6 workers for Concurrent thread roots
[2026-04-03T03:27:27.034+0600][36.994s][info][gc          ] GC(30) Concurrent thread roots 0.552ms
[2026-04-03T03:27:27.034+0600][36.994s][info][gc,start    ] GC(30) Concurrent weak references
[2026-04-03T03:27:27.034+0600][36.994s][info][gc,task     ] GC(30) Using 3 of 6 workers for concurrent weak references
[2026-04-03T03:27:27.034+0600][36.994s][info][gc,ref      ] GC(30) Encountered references: Soft: 3519, Weak: 6346, Final: 84, Phantom: 599
[2026-04-03T03:27:27.034+0600][36.994s][info][gc,ref      ] GC(30) Discovered  references: Soft: 0, Weak: 646, Final: 0, Phantom: 596
[2026-04-03T03:27:27.034+0600][36.994s][info][gc,ref      ] GC(30) Enqueued    references: Soft: 0, Weak: 150, Final: 0, Phantom: 0
[2026-04-03T03:27:27.034+0600][36.994s][info][gc          ] GC(30) Concurrent weak references 0.453ms
[2026-04-03T03:27:27.034+0600][36.994s][info][gc,start    ] GC(30) Concurrent weak roots
[2026-04-03T03:27:27.034+0600][36.994s][info][gc,task     ] GC(30) Using 3 of 6 workers for concurrent weak root
[2026-04-03T03:27:27.036+0600][36.996s][info][gc          ] GC(30) Concurrent weak roots 1.983ms
[2026-04-03T03:27:27.036+0600][36.996s][info][gc,start    ] GC(30) Concurrent cleanup
[2026-04-03T03:27:27.037+0600][36.997s][info][gc          ] GC(30) Concurrent cleanup 663M->444M(1250M) 0.481ms
[2026-04-03T03:27:27.037+0600][36.997s][info][gc,ergo     ] GC(30) Free: 739M, Max: 512K regular, 201M humongous, Frag: 73% external, 0% internal; Reserve: 63903K, Max: 512K
[2026-04-03T03:27:27.037+0600][36.997s][info][gc,start    ] GC(30) Concurrent class unloading
[2026-04-03T03:27:27.037+0600][36.997s][info][gc,task     ] GC(30) Using 3 of 6 workers for concurrent class unloading
[2026-04-03T03:27:27.043+0600][37.003s][info][gc          ] GC(30) Concurrent class unloading 6.321ms
[2026-04-03T03:27:27.043+0600][37.003s][info][gc,start    ] GC(30) Concurrent strong roots
[2026-04-03T03:27:27.043+0600][37.003s][info][gc,task     ] GC(30) Using 3 of 6 workers for concurrent strong root
[2026-04-03T03:27:27.044+0600][37.004s][info][gc          ] GC(30) Concurrent strong roots 1.138ms
[2026-04-03T03:27:27.044+0600][37.004s][info][gc,start    ] GC(30) Concurrent evacuation
[2026-04-03T03:27:27.044+0600][37.004s][info][gc,task     ] GC(30) Using 3 of 6 workers for concurrent evacuation
[2026-04-03T03:27:27.069+0600][37.029s][info][gc          ] GC(30) Concurrent evacuation 25.025ms
[2026-04-03T03:27:27.070+0600][37.030s][info][gc,start    ] GC(30) Pause Init Update Refs
[2026-04-03T03:27:27.070+0600][37.030s][info][gc,ergo     ] GC(30) Pacer for Update Refs. Used: 503M, Free: 704M, Non-Taxable: 72160K, Alloc Tax Rate: 1.1x
[2026-04-03T03:27:27.070+0600][37.030s][info][gc          ] GC(30) Pause Init Update Refs 0.141ms
[2026-04-03T03:27:27.070+0600][37.030s][info][gc,start    ] GC(30) Concurrent update references
[2026-04-03T03:27:27.070+0600][37.030s][info][gc,task     ] GC(30) Using 3 of 6 workers for concurrent reference update
[2026-04-03T03:27:27.197+0600][37.157s][info][gc          ] GC(30) Concurrent update references 127.295ms
[2026-04-03T03:27:27.197+0600][37.157s][info][gc,start    ] GC(30) Concurrent update thread roots
[2026-04-03T03:27:27.198+0600][37.158s][info][gc          ] GC(30) Concurrent update thread roots 0.861ms
[2026-04-03T03:27:27.198+0600][37.159s][info][gc,start    ] GC(30) Pause Final Update Refs
[2026-04-03T03:27:27.199+0600][37.159s][info][gc,task     ] GC(30) Using 6 of 6 workers for final reference update
[2026-04-03T03:27:27.199+0600][37.159s][info][gc          ] GC(30) Pause Final Update Refs 0.168ms
[2026-04-03T03:27:27.199+0600][37.159s][info][gc,start    ] GC(30) Concurrent cleanup
[2026-04-03T03:27:27.199+0600][37.159s][info][gc          ] GC(30) Concurrent cleanup 620M->462M(1250M) 0.225ms
[2026-04-03T03:27:27.199+0600][37.159s][info][gc,ergo     ] Free: 721M, Max: 512K regular, 247M humongous, Frag: 66% external, 0% internal; Reserve: 64000K, Max: 512K
[2026-04-03T03:27:27.199+0600][37.159s][info][gc,stats    ] 
[2026-04-03T03:27:27.199+0600][37.159s][info][gc,stats    ] All times are wall-clock times, except per-root-class counters, that are sum over
[2026-04-03T03:27:27.199+0600][37.159s][info][gc,stats    ] all workers. Dividing the <total> over the root stage time estimates parallelism.
[2026-04-03T03:27:27.199+0600][37.159s][info][gc,stats    ] 
[2026-04-03T03:27:27.199+0600][37.159s][info][gc,stats    ] Concurrent Reset                   1122 us
[2026-04-03T03:27:27.199+0600][37.159s][info][gc,stats    ] Pause Init Mark (G)                 322 us
[2026-04-03T03:27:27.199+0600][37.159s][info][gc,stats    ] Pause Init Mark (N)                 187 us
[2026-04-03T03:27:27.199+0600][37.159s][info][gc,stats    ]   Update Region States               31 us
[2026-04-03T03:27:27.199+0600][37.159s][info][gc,stats    ] Concurrent Mark Roots               786 us, parallelism: 1.49x
[2026-04-03T03:27:27.199+0600][37.159s][info][gc,stats    ]   CMR: <total>                     1174 us
[2026-04-03T03:27:27.199+0600][37.159s][info][gc,stats    ]   CMR: Thread Roots                 992 us, workers (us): 229, 385, 378, ---, ---, ---, 
[2026-04-03T03:27:27.199+0600][37.159s][info][gc,stats    ]   CMR: VM Strong Roots               26 us, workers (us):  25,   0,   0, ---, ---, ---, 
[2026-04-03T03:27:27.199+0600][37.159s][info][gc,stats    ]   CMR: CLDG Roots                   156 us, workers (us): 156, ---, ---, ---, ---, ---, 
[2026-04-03T03:27:27.199+0600][37.159s][info][gc,stats    ] Concurrent Marking               230716 us
[2026-04-03T03:27:27.199+0600][37.159s][info][gc,stats    ] Pause Final Mark (G)                936 us
[2026-04-03T03:27:27.199+0600][37.159s][info][gc,stats    ] Pause Final Mark (N)                841 us
[2026-04-03T03:27:27.199+0600][37.159s][info][gc,stats    ]   Finish Mark                       332 us
[2026-04-03T03:27:27.199+0600][37.159s][info][gc,stats    ]   Update Region States               44 us
[2026-04-03T03:27:27.199+0600][37.159s][info][gc,stats    ]   Choose Collection Set             290 us
[2026-04-03T03:27:27.199+0600][37.159s][info][gc,stats    ]   Rebuild Free Set                   35 us
[2026-04-03T03:27:27.199+0600][37.159s][info][gc,stats    ] Concurrent Thread Roots             592 us, parallelism: 1.87x
[2026-04-03T03:27:27.199+0600][37.159s][info][gc,stats    ]   CTR: <total>                     1108 us
[2026-04-03T03:27:27.199+0600][37.159s][info][gc,stats    ]   CTR: Thread Roots                1108 us, workers (us): 427, 344, 336, ---, ---, ---, 
[2026-04-03T03:27:27.199+0600][37.159s][info][gc,stats    ] Concurrent Weak References          464 us, parallelism: 0.58x
[2026-04-03T03:27:27.199+0600][37.159s][info][gc,stats    ]   CWRF: <total>                     267 us
[2026-04-03T03:27:27.199+0600][37.159s][info][gc,stats    ]   CWRF: Weak References             267 us, workers (us):  87,  43, 137, ---, ---, ---, 
[2026-04-03T03:27:27.199+0600][37.160s][info][gc,stats    ] Concurrent Weak Roots              2050 us
[2026-04-03T03:27:27.199+0600][37.160s][info][gc,stats    ]   Roots                            1737 us, parallelism: 2.42x
[2026-04-03T03:27:27.199+0600][37.160s][info][gc,stats    ]     CWR: <total>                   4203 us
[2026-04-03T03:27:27.200+0600][37.160s][info][gc,stats    ]     CWR: Code Cache Roots          2828 us, workers (us): 883, 982, 963, ---, ---, ---, 
[2026-04-03T03:27:27.200+0600][37.160s][info][gc,stats    ]     CWR: VM Weak Roots             1286 us, workers (us): 483, 413, 389, ---, ---, ---, 
[2026-04-03T03:27:27.200+0600][37.160s][info][gc,stats    ]     CWR: CLDG Roots                  89 us, workers (us):  89, ---, ---, ---, ---, ---, 
[2026-04-03T03:27:27.200+0600][37.160s][info][gc,stats    ]   Rendezvous                        224 us
[2026-04-03T03:27:27.200+0600][37.160s][info][gc,stats    ] Concurrent Cleanup                  505 us
[2026-04-03T03:27:27.200+0600][37.160s][info][gc,stats    ] Concurrent Class Unloading         6437 us
[2026-04-03T03:27:27.200+0600][37.160s][info][gc,stats    ]   Unlink Stale                     5390 us
[2026-04-03T03:27:27.200+0600][37.160s][info][gc,stats    ]     System Dictionary               147 us
[2026-04-03T03:27:27.200+0600][37.160s][info][gc,stats    ]     Weak Class Links                  1 us
[2026-04-03T03:27:27.200+0600][37.160s][info][gc,stats    ]     Code Roots                     5240 us
[2026-04-03T03:27:27.200+0600][37.160s][info][gc,stats    ]   Rendezvous                        155 us
[2026-04-03T03:27:27.200+0600][37.160s][info][gc,stats    ]   Purge Unlinked                    755 us
[2026-04-03T03:27:27.200+0600][37.160s][info][gc,stats    ]     Code Roots                      746 us
[2026-04-03T03:27:27.200+0600][37.160s][info][gc,stats    ]     CLDG                              8 us
[2026-04-03T03:27:27.200+0600][37.160s][info][gc,stats    ]     Exception Caches                  0 us
[2026-04-03T03:27:27.200+0600][37.160s][info][gc,stats    ] Concurrent Strong Roots            1209 us, parallelism: 0.66x
[2026-04-03T03:27:27.200+0600][37.160s][info][gc,stats    ]   CSR: <total>                      795 us
[2026-04-03T03:27:27.200+0600][37.160s][info][gc,stats    ]   CSR: VM Strong Roots               43 us, workers (us):  29,  14,   0, ---, ---, ---, 
[2026-04-03T03:27:27.200+0600][37.160s][info][gc,stats    ]   CSR: CLDG Roots                   752 us, workers (us): 752, ---, ---, ---, ---, ---, 
[2026-04-03T03:27:27.200+0600][37.160s][info][gc,stats    ] Concurrent Evacuation             25114 us
[2026-04-03T03:27:27.200+0600][37.160s][info][gc,stats    ] Pause Init Update Refs (G)          612 us
[2026-04-03T03:27:27.200+0600][37.160s][info][gc,stats    ] Pause Init Update Refs (N)          159 us
[2026-04-03T03:27:27.200+0600][37.160s][info][gc,stats    ]   Manage GCLABs                      25 us
[2026-04-03T03:27:27.200+0600][37.160s][info][gc,stats    ] Concurrent Update Refs           127393 us
[2026-04-03T03:27:27.200+0600][37.160s][info][gc,stats    ] Concurrent Update Thread Roots      932 us
[2026-04-03T03:27:27.200+0600][37.160s][info][gc,stats    ] Pause Final Update Refs (G)         483 us
[2026-04-03T03:27:27.200+0600][37.160s][info][gc,stats    ] Pause Final Update Refs (N)         188 us
[2026-04-03T03:27:27.200+0600][37.160s][info][gc,stats    ]   Update Region States               52 us
[2026-04-03T03:27:27.200+0600][37.160s][info][gc,stats    ]   Trash Collection Set               12 us
[2026-04-03T03:27:27.200+0600][37.160s][info][gc,stats    ]   Rebuild Free Set                   31 us
[2026-04-03T03:27:27.200+0600][37.160s][info][gc,stats    ] Concurrent Cleanup                  253 us
[2026-04-03T03:27:27.200+0600][37.160s][info][gc,stats    ] Pacing                           142257 us
[2026-04-03T03:27:27.200+0600][37.160s][info][gc,stats    ] 
[2026-04-03T03:27:27.200+0600][37.160s][info][gc,stats    ] Allocation pacing accrued:
[2026-04-03T03:27:27.200+0600][37.160s][info][gc,stats    ]     142 of   502 ms ( 28.3%): main
[2026-04-03T03:27:27.200+0600][37.160s][info][gc,stats    ]     142 of   502 ms ( 28.3%): <total>
[2026-04-03T03:27:27.200+0600][37.160s][info][gc,stats    ]       1 of   502 ms (  0.2%): <average total>
[2026-04-03T03:27:27.200+0600][37.160s][info][gc,stats    ]     142 of   502 ms ( 28.3%): <average non-zero>
[2026-04-03T03:27:27.200+0600][37.160s][info][gc,stats    ] 
[2026-04-03T03:27:27.200+0600][37.160s][info][gc,metaspace] Metaspace: 72423K(73280K)->72518K(73408K) NonClass: 63161K(63616K)->63239K(63744K) Class: 9262K(9664K)->9279K(9664K)
[2026-04-03T03:27:27.200+0600][37.160s][info][gc,ergo     ] Pacer for Idle. Initial: 25600K, Alloc Tax Rate: 1.0x
[2026-04-03T03:27:27.301+0600][37.261s][info][gc          ] Trigger: Average GC time (572.23 ms) is above the time for average allocation rate (990 MB/s) to deplete free headroom (549M) (margin of error = 1.83)
[2026-04-03T03:27:27.301+0600][37.261s][info][gc,ergo     ] Free headroom: 611M (free) - 64000K (spike) - 0B (penalties) = 549M
[2026-04-03T03:27:27.301+0600][37.261s][info][gc,ergo     ] Free: 611M, Max: 512K regular, 228M humongous, Frag: 63% external, 0% internal; Reserve: 64000K, Max: 512K
[2026-04-03T03:27:27.301+0600][37.261s][info][gc,start    ] GC(31) Concurrent reset
[2026-04-03T03:27:27.301+0600][37.261s][info][gc,task     ] GC(31) Using 3 of 6 workers for concurrent reset
[2026-04-03T03:27:27.301+0600][37.261s][info][gc,ergo     ] GC(31) Pacer for Reset. Non-Taxable: 1250M
[2026-04-03T03:27:27.302+0600][37.262s][info][gc          ] GC(31) Concurrent reset 1.045ms
[2026-04-03T03:27:27.303+0600][37.263s][info][gc,start    ] GC(31) Pause Init Mark (unload classes)
[2026-04-03T03:27:27.303+0600][37.263s][info][gc,task     ] GC(31) Using 6 of 6 workers for init marking
[2026-04-03T03:27:27.303+0600][37.263s][info][gc,ergo     ] GC(31) Pacer for Mark. Expected Live: 191M, Free: 607M, Non-Taxable: 62228K, Alloc Tax Rate: 0.4x
[2026-04-03T03:27:27.303+0600][37.263s][info][gc          ] GC(31) Pause Init Mark (unload classes) 0.113ms
[2026-04-03T03:27:27.303+0600][37.263s][info][gc,start    ] GC(31) Concurrent marking roots
[2026-04-03T03:27:27.303+0600][37.263s][info][gc,task     ] GC(31) Using 3 of 6 workers for concurrent marking roots
[2026-04-03T03:27:27.303+0600][37.264s][info][gc          ] GC(31) Concurrent marking roots 0.769ms
[2026-04-03T03:27:27.304+0600][37.264s][info][gc,start    ] GC(31) Concurrent marking (unload classes)
[2026-04-03T03:27:27.304+0600][37.264s][info][gc,task     ] GC(31) Using 3 of 6 workers for concurrent marking
[2026-04-03T03:27:27.480+0600][37.440s][info][gc          ] GC(31) Concurrent marking (unload classes) 175.983ms
[2026-04-03T03:27:27.480+0600][37.440s][info][gc,start    ] GC(31) Pause Final Mark (unload classes)
[2026-04-03T03:27:27.480+0600][37.440s][info][gc,task     ] GC(31) Using 6 of 6 workers for final marking
[2026-04-03T03:27:27.480+0600][37.440s][info][gc,ergo     ] GC(31) Collectable Garbage: 302M (91%), Immediate: 302M (91%), CSet: 0B (0%)
[2026-04-03T03:27:27.480+0600][37.440s][info][gc          ] GC(31) Pause Final Mark (unload classes) 0.559ms
[2026-04-03T03:27:27.480+0600][37.440s][info][gc,start    ] GC(31) Concurrent weak references
[2026-04-03T03:27:27.480+0600][37.440s][info][gc,task     ] GC(31) Using 3 of 6 workers for concurrent weak references
[2026-04-03T03:27:27.481+0600][37.441s][info][gc,ref      ] GC(31) Encountered references: Soft: 3521, Weak: 6287, Final: 84, Phantom: 599
[2026-04-03T03:27:27.481+0600][37.441s][info][gc,ref      ] GC(31) Discovered  references: Soft: 0, Weak: 1201, Final: 2, Phantom: 277
[2026-04-03T03:27:27.481+0600][37.441s][info][gc,ref      ] GC(31) Enqueued    references: Soft: 0, Weak: 31, Final: 0, Phantom: 0
[2026-04-03T03:27:27.481+0600][37.441s][info][gc          ] GC(31) Concurrent weak references 0.416ms
[2026-04-03T03:27:27.481+0600][37.441s][info][gc,start    ] GC(31) Concurrent weak roots
[2026-04-03T03:27:27.481+0600][37.441s][info][gc,task     ] GC(31) Using 3 of 6 workers for concurrent weak root
[2026-04-03T03:27:27.483+0600][37.443s][info][gc          ] GC(31) Concurrent weak roots 1.915ms
[2026-04-03T03:27:27.483+0600][37.443s][info][gc,start    ] GC(31) Concurrent cleanup
[2026-04-03T03:27:27.483+0600][37.443s][info][gc          ] GC(31) Concurrent cleanup 632M->330M(1250M) 0.207ms
[2026-04-03T03:27:27.483+0600][37.443s][info][gc,ergo     ] GC(31) Free: 854M, Max: 512K regular, 228M humongous, Frag: 74% external, 0% internal; Reserve: 64000K, Max: 512K
[2026-04-03T03:27:27.483+0600][37.443s][info][gc,start    ] GC(31) Concurrent class unloading
[2026-04-03T03:27:27.483+0600][37.443s][info][gc,task     ] GC(31) Using 3 of 6 workers for concurrent class unloading
[2026-04-03T03:27:27.488+0600][37.448s][info][gc          ] GC(31) Concurrent class unloading 5.066ms
[2026-04-03T03:27:27.489+0600][37.449s][info][gc,start    ] GC(31) Pause Final Roots
[2026-04-03T03:27:27.489+0600][37.449s][info][gc          ] GC(31) Pause Final Roots 0.056ms
[2026-04-03T03:27:27.489+0600][37.449s][info][gc,ergo     ] Free: 854M, Max: 512K regular, 228M humongous, Frag: 74% external, 0% internal; Reserve: 64000K, Max: 512K
[2026-04-03T03:27:27.489+0600][37.449s][info][gc,stats    ] 
[2026-04-03T03:27:27.489+0600][37.449s][info][gc,stats    ] All times are wall-clock times, except per-root-class counters, that are sum over
[2026-04-03T03:27:27.489+0600][37.449s][info][gc,stats    ] all workers. Dividing the <total> over the root stage time estimates parallelism.
[2026-04-03T03:27:27.489+0600][37.449s][info][gc,stats    ] 
[2026-04-03T03:27:27.489+0600][37.449s][info][gc,stats    ] Concurrent Reset                   1094 us
[2026-04-03T03:27:27.489+0600][37.449s][info][gc,stats    ] Pause Init Mark (G)                 418 us
[2026-04-03T03:27:27.489+0600][37.449s][info][gc,stats    ] Pause Init Mark (N)                 122 us
[2026-04-03T03:27:27.489+0600][37.449s][info][gc,stats    ]   Update Region States               18 us
[2026-04-03T03:27:27.489+0600][37.449s][info][gc,stats    ] Concurrent Mark Roots               808 us, parallelism: 1.35x
[2026-04-03T03:27:27.489+0600][37.449s][info][gc,stats    ]   CMR: <total>                     1088 us
[2026-04-03T03:27:27.489+0600][37.449s][info][gc,stats    ]   CMR: Thread Roots                 852 us, workers (us): 152, 365, 335, ---, ---, ---, 
[2026-04-03T03:27:27.489+0600][37.449s][info][gc,stats    ]   CMR: VM Strong Roots               23 us, workers (us):  19,   3,   1, ---, ---, ---, 
[2026-04-03T03:27:27.489+0600][37.449s][info][gc,stats    ]   CMR: CLDG Roots                   213 us, workers (us): 213, ---, ---, ---, ---, ---, 
[2026-04-03T03:27:27.489+0600][37.449s][info][gc,stats    ] Concurrent Marking               176057 us
[2026-04-03T03:27:27.489+0600][37.449s][info][gc,stats    ] Pause Final Mark (G)                764 us
[2026-04-03T03:27:27.489+0600][37.449s][info][gc,stats    ] Pause Final Mark (N)                576 us
[2026-04-03T03:27:27.489+0600][37.449s][info][gc,stats    ]   Finish Mark                       302 us
[2026-04-03T03:27:27.489+0600][37.449s][info][gc,stats    ]   Update Region States               38 us
[2026-04-03T03:27:27.489+0600][37.449s][info][gc,stats    ]   Choose Collection Set             111 us
[2026-04-03T03:27:27.489+0600][37.449s][info][gc,stats    ]   Rebuild Free Set                   27 us
[2026-04-03T03:27:27.489+0600][37.449s][info][gc,stats    ] Concurrent Weak References          428 us, parallelism: 0.45x
[2026-04-03T03:27:27.489+0600][37.449s][info][gc,stats    ]   CWRF: <total>                     192 us
[2026-04-03T03:27:27.489+0600][37.449s][info][gc,stats    ]   CWRF: Weak References             192 us, workers (us): 138,   3,  50, ---, ---, ---, 
[2026-04-03T03:27:27.489+0600][37.449s][info][gc,stats    ] Concurrent Weak Roots              1987 us
[2026-04-03T03:27:27.489+0600][37.449s][info][gc,stats    ]   Roots                            1671 us, parallelism: 2.19x
[2026-04-03T03:27:27.489+0600][37.449s][info][gc,stats    ]     CWR: <total>                   3661 us
[2026-04-03T03:27:27.489+0600][37.449s][info][gc,stats    ]     CWR: Code Cache Roots          2610 us, workers (us): 924, 798, 888, ---, ---, ---, 
[2026-04-03T03:27:27.489+0600][37.449s][info][gc,stats    ]     CWR: VM Weak Roots              941 us, workers (us): 337, 317, 286, ---, ---, ---, 
[2026-04-03T03:27:27.489+0600][37.449s][info][gc,stats    ]     CWR: CLDG Roots                 110 us, workers (us): ---, 110, ---, ---, ---, ---, 
[2026-04-03T03:27:27.489+0600][37.449s][info][gc,stats    ]   Rendezvous                        206 us
[2026-04-03T03:27:27.489+0600][37.449s][info][gc,stats    ] Concurrent Cleanup                  220 us
[2026-04-03T03:27:27.489+0600][37.449s][info][gc,stats    ] Concurrent Class Unloading         5146 us
[2026-04-03T03:27:27.489+0600][37.449s][info][gc,stats    ]   Unlink Stale                     3887 us
[2026-04-03T03:27:27.489+0600][37.449s][info][gc,stats    ]     System Dictionary                69 us
[2026-04-03T03:27:27.489+0600][37.449s][info][gc,stats    ]     Weak Class Links                  0 us
[2026-04-03T03:27:27.489+0600][37.449s][info][gc,stats    ]     Code Roots                     3814 us
[2026-04-03T03:27:27.489+0600][37.449s][info][gc,stats    ]   Rendezvous                        237 us
[2026-04-03T03:27:27.489+0600][37.449s][info][gc,stats    ]   Purge Unlinked                    912 us
[2026-04-03T03:27:27.489+0600][37.449s][info][gc,stats    ]     Code Roots                      902 us
[2026-04-03T03:27:27.489+0600][37.449s][info][gc,stats    ]     CLDG                             10 us
[2026-04-03T03:27:27.489+0600][37.449s][info][gc,stats    ]     Exception Caches                  0 us
[2026-04-03T03:27:27.489+0600][37.449s][info][gc,stats    ] Pause Final Roots (G)               623 us
[2026-04-03T03:27:27.489+0600][37.449s][info][gc,stats    ] Pause Final Roots (N)                72 us
[2026-04-03T03:27:27.489+0600][37.449s][info][gc,stats    ] 
[2026-04-03T03:27:27.489+0600][37.449s][info][gc,stats    ] Allocation pacing accrued:
[2026-04-03T03:27:27.489+0600][37.449s][info][gc,stats    ]       0 of   289 ms (  0.0%): <total>
[2026-04-03T03:27:27.489+0600][37.449s][info][gc,stats    ]       0 of   289 ms (  0.0%): <average total>
[2026-04-03T03:27:27.489+0600][37.449s][info][gc,stats    ] 
[2026-04-03T03:27:27.489+0600][37.449s][info][gc,metaspace] Metaspace: 72635K(73536K)->72637K(73536K) NonClass: 63339K(63872K)->63341K(63872K) Class: 9295K(9664K)->9296K(9664K)
[2026-04-03T03:27:27.489+0600][37.449s][info][gc,ergo     ] Pacer for Idle. Initial: 25600K, Alloc Tax Rate: 1.0x
[2026-04-03T03:27:27.491+0600][37.451s][info][gc          ] Trigger: Explicit GC request (System.gc())
[2026-04-03T03:27:27.491+0600][37.451s][info][gc,ergo     ] Free: 854M, Max: 512K regular, 228M humongous, Frag: 74% external, 0% internal; Reserve: 64000K, Max: 512K
[2026-04-03T03:27:27.491+0600][37.451s][info][gc,start    ] GC(32) Concurrent reset
[2026-04-03T03:27:27.491+0600][37.451s][info][gc,task     ] GC(32) Using 3 of 6 workers for concurrent reset
[2026-04-03T03:27:27.491+0600][37.451s][info][gc,ergo     ] GC(32) Pacer for Reset. Non-Taxable: 1250M
[2026-04-03T03:27:27.492+0600][37.452s][info][gc          ] GC(32) Concurrent reset 1.245ms
[2026-04-03T03:27:27.493+0600][37.453s][info][gc,start    ] GC(32) Pause Init Mark (unload classes)
[2026-04-03T03:27:27.493+0600][37.453s][info][gc,task     ] GC(32) Using 6 of 6 workers for init marking
[2026-04-03T03:27:27.493+0600][37.453s][info][gc,ref      ] GC(32) Clearing All SoftReferences
[2026-04-03T03:27:27.493+0600][37.453s][info][gc,ergo     ] GC(32) Pacer for Mark. Expected Live: 205M, Free: 854M, Non-Taxable: 87470K, Alloc Tax Rate: 0.3x
[2026-04-03T03:27:27.493+0600][37.453s][info][gc          ] GC(32) Pause Init Mark (unload classes) 0.159ms
[2026-04-03T03:27:27.493+0600][37.453s][info][gc,start    ] GC(32) Concurrent marking roots
[2026-04-03T03:27:27.493+0600][37.453s][info][gc,task     ] GC(32) Using 3 of 6 workers for concurrent marking roots
[2026-04-03T03:27:27.494+0600][37.454s][info][gc          ] GC(32) Concurrent marking roots 0.789ms
[2026-04-03T03:27:27.494+0600][37.454s][info][gc,start    ] GC(32) Concurrent marking (unload classes)
[2026-04-03T03:27:27.494+0600][37.454s][info][gc,task     ] GC(32) Using 3 of 6 workers for concurrent marking
[2026-04-03T03:27:27.625+0600][37.585s][info][gc          ] GC(32) Concurrent marking (unload classes) 131.218ms
[2026-04-03T03:27:27.625+0600][37.585s][info][gc,start    ] GC(32) Pause Final Mark (unload classes)
[2026-04-03T03:27:27.625+0600][37.585s][info][gc,task     ] GC(32) Using 6 of 6 workers for final marking
[2026-04-03T03:27:27.626+0600][37.586s][info][gc,ergo     ] GC(32) Adaptive CSet Selection. Target Free: 177M, Actual Free: 1063M, Max CSet: 53333K, Min Garbage: 0B
[2026-04-03T03:27:27.626+0600][37.586s][info][gc,ergo     ] GC(32) Collectable Garbage: 178M (95%), Immediate: 147M (79%), CSet: 31759K (16%)
[2026-04-03T03:27:27.626+0600][37.586s][info][gc,ergo     ] GC(32) Pacer for Evacuation. Used CSet: 34105K, Free: 1002M, Non-Taxable: 100M, Alloc Tax Rate: 1.1x
[2026-04-03T03:27:27.626+0600][37.586s][info][gc          ] GC(32) Pause Final Mark (unload classes) 0.662ms
[2026-04-03T03:27:27.626+0600][37.586s][info][gc,start    ] GC(32) Concurrent thread roots
[2026-04-03T03:27:27.626+0600][37.586s][info][gc,task     ] GC(32) Using 3 of 6 workers for Concurrent thread roots
[2026-04-03T03:27:27.627+0600][37.587s][info][gc          ] GC(32) Concurrent thread roots 0.822ms
[2026-04-03T03:27:27.627+0600][37.587s][info][gc,start    ] GC(32) Concurrent weak references
[2026-04-03T03:27:27.627+0600][37.587s][info][gc,task     ] GC(32) Using 3 of 6 workers for concurrent weak references
[2026-04-03T03:27:27.627+0600][37.587s][info][gc,ref      ] GC(32) Encountered references: Soft: 3368, Weak: 6149, Final: 84, Phantom: 599
[2026-04-03T03:27:27.627+0600][37.587s][info][gc,ref      ] GC(32) Discovered  references: Soft: 3123, Weak: 488, Final: 0, Phantom: 596
[2026-04-03T03:27:27.627+0600][37.587s][info][gc,ref      ] GC(32) Enqueued    references: Soft: 611, Weak: 73, Final: 0, Phantom: 0
[2026-04-03T03:27:27.627+0600][37.588s][info][gc          ] GC(32) Concurrent weak references 0.597ms
[2026-04-03T03:27:27.627+0600][37.588s][info][gc,start    ] GC(32) Concurrent weak roots
[2026-04-03T03:27:27.627+0600][37.588s][info][gc,task     ] GC(32) Using 3 of 6 workers for concurrent weak root
[2026-04-03T03:27:27.630+0600][37.590s][info][gc          ] GC(32) Concurrent weak roots 2.892ms
[2026-04-03T03:27:27.630+0600][37.590s][info][gc,start    ] GC(32) Concurrent cleanup
[2026-04-03T03:27:27.631+0600][37.591s][info][gc          ] GC(32) Concurrent cleanup 331M->184M(1250M) 0.468ms
[2026-04-03T03:27:27.631+0600][37.591s][info][gc,ergo     ] GC(32) Free: 1001M, Max: 512K regular, 228M humongous, Frag: 78% external, 0% internal; Reserve: 63560K, Max: 512K
[2026-04-03T03:27:27.631+0600][37.591s][info][gc,start    ] GC(32) Concurrent class unloading
[2026-04-03T03:27:27.631+0600][37.591s][info][gc,task     ] GC(32) Using 3 of 6 workers for concurrent class unloading
[2026-04-03T03:27:27.648+0600][37.608s][info][gc          ] GC(32) Concurrent class unloading 17.435ms
[2026-04-03T03:27:27.649+0600][37.609s][info][gc,start    ] GC(32) Concurrent strong roots
[2026-04-03T03:27:27.649+0600][37.609s][info][gc,task     ] GC(32) Using 3 of 6 workers for concurrent strong root
[2026-04-03T03:27:27.649+0600][37.609s][info][gc          ] GC(32) Concurrent strong roots 0.871ms
[2026-04-03T03:27:27.649+0600][37.609s][info][gc,start    ] GC(32) Concurrent evacuation
[2026-04-03T03:27:27.649+0600][37.609s][info][gc,task     ] GC(32) Using 3 of 6 workers for concurrent evacuation
[2026-04-03T03:27:27.651+0600][37.611s][info][gc          ] GC(32) Concurrent evacuation 1.508ms
[2026-04-03T03:27:27.651+0600][37.611s][info][gc,start    ] GC(32) Pause Init Update Refs
[2026-04-03T03:27:27.651+0600][37.611s][info][gc,ergo     ] GC(32) Pacer for Update Refs. Used: 191M, Free: 997M, Non-Taxable: 102093K, Alloc Tax Rate: 1.1x
[2026-04-03T03:27:27.651+0600][37.611s][info][gc          ] GC(32) Pause Init Update Refs 0.081ms
[2026-04-03T03:27:27.651+0600][37.611s][info][gc,start    ] GC(32) Concurrent update references
[2026-04-03T03:27:27.651+0600][37.611s][info][gc,task     ] GC(32) Using 3 of 6 workers for concurrent reference update
[2026-04-03T03:27:27.701+0600][37.662s][info][gc          ] GC(32) Concurrent update references 50.197ms
[2026-04-03T03:27:27.702+0600][37.662s][info][gc,start    ] GC(32) Concurrent update thread roots
[2026-04-03T03:27:27.702+0600][37.662s][info][gc          ] GC(32) Concurrent update thread roots 0.758ms
[2026-04-03T03:27:27.702+0600][37.662s][info][gc,start    ] GC(32) Pause Final Update Refs
[2026-04-03T03:27:27.702+0600][37.663s][info][gc,task     ] GC(32) Using 6 of 6 workers for final reference update
[2026-04-03T03:27:27.703+0600][37.663s][info][gc          ] GC(32) Pause Final Update Refs 0.109ms
[2026-04-03T03:27:27.703+0600][37.663s][info][gc,start    ] GC(32) Concurrent cleanup
[2026-04-03T03:27:27.703+0600][37.663s][info][gc          ] GC(32) Concurrent cleanup 191M->158M(1250M) 0.367ms
[2026-04-03T03:27:27.703+0600][37.663s][info][gc,ergo     ] Free: 1027M, Max: 512K regular, 276M humongous, Frag: 74% external, 0% internal; Reserve: 64000K, Max: 512K
[2026-04-03T03:27:27.703+0600][37.663s][info][gc,stats    ] 
[2026-04-03T03:27:27.703+0600][37.663s][info][gc,stats    ] All times are wall-clock times, except per-root-class counters, that are sum over
[2026-04-03T03:27:27.703+0600][37.663s][info][gc,stats    ] all workers. Dividing the <total> over the root stage time estimates parallelism.
[2026-04-03T03:27:27.703+0600][37.663s][info][gc,stats    ] 
[2026-04-03T03:27:27.703+0600][37.663s][info][gc,stats    ] Concurrent Reset                   1301 us
[2026-04-03T03:27:27.703+0600][37.663s][info][gc,stats    ] Pause Init Mark (G)                 530 us
[2026-04-03T03:27:27.703+0600][37.663s][info][gc,stats    ] Pause Init Mark (N)                 174 us
[2026-04-03T03:27:27.703+0600][37.663s][info][gc,stats    ]   Update Region States               33 us
[2026-04-03T03:27:27.703+0600][37.663s][info][gc,stats    ] Concurrent Mark Roots               850 us, parallelism: 1.37x
[2026-04-03T03:27:27.703+0600][37.663s][info][gc,stats    ]   CMR: <total>                     1168 us
[2026-04-03T03:27:27.703+0600][37.663s][info][gc,stats    ]   CMR: Thread Roots                 918 us, workers (us): 198, 361, 358, ---, ---, ---, 
[2026-04-03T03:27:27.703+0600][37.663s][info][gc,stats    ]   CMR: VM Strong Roots               39 us, workers (us):  38,   1,   1, ---, ---, ---, 
[2026-04-03T03:27:27.703+0600][37.663s][info][gc,stats    ]   CMR: CLDG Roots                   211 us, workers (us): 211, ---, ---, ---, ---, ---, 
[2026-04-03T03:27:27.703+0600][37.663s][info][gc,stats    ] Concurrent Marking               131292 us
[2026-04-03T03:27:27.703+0600][37.663s][info][gc,stats    ] Pause Final Mark (G)                976 us
[2026-04-03T03:27:27.703+0600][37.663s][info][gc,stats    ] Pause Final Mark (N)                673 us
[2026-04-03T03:27:27.703+0600][37.663s][info][gc,stats    ]   Finish Mark                       296 us
[2026-04-03T03:27:27.703+0600][37.663s][info][gc,stats    ]   Update Region States               39 us
[2026-04-03T03:27:27.703+0600][37.663s][info][gc,stats    ]   Choose Collection Set             183 us
[2026-04-03T03:27:27.703+0600][37.663s][info][gc,stats    ]   Rebuild Free Set                   40 us
[2026-04-03T03:27:27.703+0600][37.663s][info][gc,stats    ] Concurrent Thread Roots             870 us, parallelism: 1.81x
[2026-04-03T03:27:27.703+0600][37.663s][info][gc,stats    ]   CTR: <total>                     1572 us
[2026-04-03T03:27:27.703+0600][37.663s][info][gc,stats    ]   CTR: Thread Roots                1572 us, workers (us): 578, 519, 475, ---, ---, ---, 
[2026-04-03T03:27:27.703+0600][37.663s][info][gc,stats    ] Concurrent Weak References          608 us, parallelism: 1.13x
[2026-04-03T03:27:27.703+0600][37.663s][info][gc,stats    ]   CWRF: <total>                     689 us
[2026-04-03T03:27:27.703+0600][37.663s][info][gc,stats    ]   CWRF: Weak References             689 us, workers (us): 272, 304, 113, ---, ---, ---, 
[2026-04-03T03:27:27.703+0600][37.663s][info][gc,stats    ] Concurrent Weak Roots              2959 us
[2026-04-03T03:27:27.703+0600][37.663s][info][gc,stats    ]   Roots                            2696 us, parallelism: 2.52x
[2026-04-03T03:27:27.703+0600][37.663s][info][gc,stats    ]     CWR: <total>                   6784 us
[2026-04-03T03:27:27.703+0600][37.663s][info][gc,stats    ]     CWR: Code Cache Roots          4839 us, workers (us): 1565, 1609, 1664, ---, ---, ---, 
[2026-04-03T03:27:27.703+0600][37.663s][info][gc,stats    ]     CWR: VM Weak Roots             1821 us, workers (us): 605, 606, 610, ---, ---, ---, 
[2026-04-03T03:27:27.703+0600][37.663s][info][gc,stats    ]     CWR: CLDG Roots                 125 us, workers (us): 125, ---, ---, ---, ---, ---, 
[2026-04-03T03:27:27.703+0600][37.663s][info][gc,stats    ]   Rendezvous                        173 us
[2026-04-03T03:27:27.703+0600][37.663s][info][gc,stats    ] Concurrent Cleanup                  482 us
[2026-04-03T03:27:27.703+0600][37.663s][info][gc,stats    ] Concurrent Class Unloading        17531 us
[2026-04-03T03:27:27.703+0600][37.663s][info][gc,stats    ]   Unlink Stale                    16364 us
[2026-04-03T03:27:27.703+0600][37.663s][info][gc,stats    ]     System Dictionary               396 us
[2026-04-03T03:27:27.703+0600][37.663s][info][gc,stats    ]     Weak Class Links              10740 us
[2026-04-03T03:27:27.703+0600][37.663s][info][gc,stats    ]     Code Roots                     5225 us
[2026-04-03T03:27:27.703+0600][37.663s][info][gc,stats    ]   Rendezvous                        256 us
[2026-04-03T03:27:27.703+0600][37.663s][info][gc,stats    ]   Purge Unlinked                    792 us
[2026-04-03T03:27:27.703+0600][37.663s][info][gc,stats    ]     Code Roots                      269 us
[2026-04-03T03:27:27.703+0600][37.663s][info][gc,stats    ]     CLDG                            522 us
[2026-04-03T03:27:27.703+0600][37.663s][info][gc,stats    ]     Exception Caches                  0 us
[2026-04-03T03:27:27.703+0600][37.663s][info][gc,stats    ] Concurrent Strong Roots             925 us, parallelism: 0.65x
[2026-04-03T03:27:27.703+0600][37.663s][info][gc,stats    ]   CSR: <total>                      599 us
[2026-04-03T03:27:27.703+0600][37.663s][info][gc,stats    ]   CSR: VM Strong Roots               67 us, workers (us):  66,   1,   0, ---, ---, ---, 
[2026-04-03T03:27:27.703+0600][37.663s][info][gc,stats    ]   CSR: CLDG Roots                   533 us, workers (us): ---, 533, ---, ---, ---, ---, 
[2026-04-03T03:27:27.703+0600][37.663s][info][gc,stats    ] Concurrent Evacuation              1533 us
[2026-04-03T03:27:27.703+0600][37.663s][info][gc,stats    ] Pause Init Update Refs (G)          327 us
[2026-04-03T03:27:27.703+0600][37.663s][info][gc,stats    ] Pause Init Update Refs (N)           91 us
[2026-04-03T03:27:27.703+0600][37.663s][info][gc,stats    ]   Manage GCLABs                      27 us
[2026-04-03T03:27:27.703+0600][37.663s][info][gc,stats    ] Concurrent Update Refs            50255 us
[2026-04-03T03:27:27.703+0600][37.663s][info][gc,stats    ] Concurrent Update Thread Roots      797 us
[2026-04-03T03:27:27.703+0600][37.663s][info][gc,stats    ] Pause Final Update Refs (G)         331 us
[2026-04-03T03:27:27.703+0600][37.663s][info][gc,stats    ] Pause Final Update Refs (N)         120 us
[2026-04-03T03:27:27.703+0600][37.663s][info][gc,stats    ]   Update Region States               32 us
[2026-04-03T03:27:27.703+0600][37.663s][info][gc,stats    ]   Trash Collection Set                6 us
[2026-04-03T03:27:27.703+0600][37.663s][info][gc,stats    ]   Rebuild Free Set                   28 us
[2026-04-03T03:27:27.703+0600][37.663s][info][gc,stats    ] Concurrent Cleanup                  382 us
[2026-04-03T03:27:27.703+0600][37.663s][info][gc,stats    ] 
[2026-04-03T03:27:27.703+0600][37.663s][info][gc,stats    ] Allocation pacing accrued:
[2026-04-03T03:27:27.703+0600][37.663s][info][gc,stats    ]       0 of   214 ms (  0.0%): <total>
[2026-04-03T03:27:27.703+0600][37.664s][info][gc,stats    ]       0 of   214 ms (  0.0%): <average total>
[2026-04-03T03:27:27.703+0600][37.664s][info][gc,stats    ] 
[2026-04-03T03:27:27.704+0600][37.664s][info][gc,metaspace] Metaspace: 72637K(73536K)->72177K(73536K) NonClass: 63341K(63872K)->62965K(63872K) Class: 9296K(9664K)->9212K(9664K)
[2026-04-03T03:27:27.704+0600][37.664s][info][gc,ergo     ] Pacer for Idle. Initial: 25600K, Alloc Tax Rate: 1.0x
[2026-04-03T03:27:27.704+0600][37.664s][info][gc,start    ] Concurrent uncommit
[2026-04-03T03:27:27.841+0600][37.801s][info][gc          ] Concurrent uncommit 158M->180M(184M) 137.187ms
[2026-04-03T03:27:28.071+0600][38.031s][info][gc          ] Trigger: Learning 2 of 5. Free (873M) is below initial threshold (875M)
[2026-04-03T03:27:28.071+0600][38.031s][info][gc,ergo     ] Free: 873M, Max: 512K regular, 276M humongous, Frag: 69% external, 0% internal; Reserve: 64000K, Max: 512K
[2026-04-03T03:27:28.071+0600][38.031s][info][gc,start    ] GC(33) Concurrent reset
[2026-04-03T03:27:28.071+0600][38.031s][info][gc,task     ] GC(33) Using 3 of 6 workers for concurrent reset
[2026-04-03T03:27:28.071+0600][38.031s][info][gc,ergo     ] GC(33) Pacer for Reset. Non-Taxable: 1250M
[2026-04-03T03:27:28.072+0600][38.032s][info][gc          ] GC(33) Concurrent reset 0.978ms
[2026-04-03T03:27:28.073+0600][38.033s][info][gc,start    ] GC(33) Pause Init Mark (unload classes)
[2026-04-03T03:27:28.073+0600][38.033s][info][gc,task     ] GC(33) Using 6 of 6 workers for init marking
[2026-04-03T03:27:28.073+0600][38.033s][info][gc,ergo     ] GC(33) Pacer for Mark. Expected Live: 200M, Free: 873M, Non-Taxable: 89402K, Alloc Tax Rate: 0.3x
[2026-04-03T03:27:28.073+0600][38.033s][info][gc          ] GC(33) Pause Init Mark (unload classes) 0.143ms
[2026-04-03T03:27:28.073+0600][38.033s][info][gc,start    ] GC(33) Concurrent marking roots
[2026-04-03T03:27:28.073+0600][38.033s][info][gc,task     ] GC(33) Using 3 of 6 workers for concurrent marking roots
[2026-04-03T03:27:28.074+0600][38.034s][info][gc          ] GC(33) Concurrent marking roots 0.959ms
[2026-04-03T03:27:28.074+0600][38.034s][info][gc,start    ] GC(33) Concurrent marking (unload classes)
[2026-04-03T03:27:28.074+0600][38.034s][info][gc,task     ] GC(33) Using 3 of 6 workers for concurrent marking
[2026-04-03T03:27:28.370+0600][38.330s][info][gc          ] GC(33) Concurrent marking (unload classes) 295.908ms
[2026-04-03T03:27:28.370+0600][38.330s][info][gc,start    ] GC(33) Pause Final Mark (unload classes)
[2026-04-03T03:27:28.370+0600][38.330s][info][gc,task     ] GC(33) Using 6 of 6 workers for final marking
[2026-04-03T03:27:28.370+0600][38.330s][info][gc,ergo     ] GC(33) Adaptive CSet Selection. Target Free: 177M, Actual Free: 812M, Max CSet: 53333K, Min Garbage: 0B
[2026-04-03T03:27:28.371+0600][38.331s][info][gc,ergo     ] GC(33) Collectable Garbage: 109M (93%), Immediate: 15317K (12%), CSet: 96641K (80%)
[2026-04-03T03:27:28.371+0600][38.331s][info][gc,ergo     ] GC(33) Pacer for Evacuation. Used CSet: 134M, Free: 754M, Non-Taxable: 77236K, Alloc Tax Rate: 1.1x
[2026-04-03T03:27:28.371+0600][38.331s][info][gc          ] GC(33) Pause Final Mark (unload classes) 0.649ms
[2026-04-03T03:27:28.371+0600][38.331s][info][gc,start    ] GC(33) Concurrent thread roots
[2026-04-03T03:27:28.371+0600][38.331s][info][gc,task     ] GC(33) Using 3 of 6 workers for Concurrent thread roots
[2026-04-03T03:27:28.372+0600][38.332s][info][gc          ] GC(33) Concurrent thread roots 0.885ms
[2026-04-03T03:27:28.372+0600][38.332s][info][gc,start    ] GC(33) Concurrent weak references
[2026-04-03T03:27:28.372+0600][38.332s][info][gc,task     ] GC(33) Using 3 of 6 workers for concurrent weak references
[2026-04-03T03:27:28.372+0600][38.332s][info][gc,ref      ] GC(33) Encountered references: Soft: 3155, Weak: 6352, Final: 84, Phantom: 599
[2026-04-03T03:27:28.372+0600][38.332s][info][gc,ref      ] GC(33) Discovered  references: Soft: 0, Weak: 2570, Final: 4, Phantom: 596
[2026-04-03T03:27:28.372+0600][38.332s][info][gc,ref      ] GC(33) Enqueued    references: Soft: 0, Weak: 128, Final: 0, Phantom: 0
[2026-04-03T03:27:28.372+0600][38.332s][info][gc          ] GC(33) Concurrent weak references 0.725ms
[2026-04-03T03:27:28.372+0600][38.332s][info][gc,start    ] GC(33) Concurrent weak roots
[2026-04-03T03:27:28.372+0600][38.332s][info][gc,task     ] GC(33) Using 3 of 6 workers for concurrent weak root
[2026-04-03T03:27:28.375+0600][38.335s][info][gc          ] GC(33) Concurrent weak roots 2.631ms
[2026-04-03T03:27:28.375+0600][38.335s][info][gc,start    ] GC(33) Concurrent cleanup
[2026-04-03T03:27:28.375+0600][38.335s][info][gc          ] GC(33) Concurrent cleanup 445M->430M(455M) 0.391ms
[2026-04-03T03:27:28.375+0600][38.335s][info][gc,ergo     ] GC(33) Free: 751M, Max: 512K regular, 253M humongous, Frag: 67% external, 0% internal; Reserve: 63544K, Max: 512K
[2026-04-03T03:27:28.375+0600][38.335s][info][gc,start    ] GC(33) Concurrent class unloading
[2026-04-03T03:27:28.375+0600][38.335s][info][gc,task     ] GC(33) Using 3 of 6 workers for concurrent class unloading
[2026-04-03T03:27:28.393+0600][38.353s][info][gc          ] GC(33) Concurrent class unloading 17.551ms
[2026-04-03T03:27:28.393+0600][38.353s][info][gc,start    ] GC(33) Concurrent strong roots
[2026-04-03T03:27:28.393+0600][38.353s][info][gc,task     ] GC(33) Using 3 of 6 workers for concurrent strong root
[2026-04-03T03:27:28.394+0600][38.354s][info][gc          ] GC(33) Concurrent strong roots 1.118ms
[2026-04-03T03:27:28.394+0600][38.354s][info][gc,start    ] GC(33) Concurrent evacuation
[2026-04-03T03:27:28.394+0600][38.354s][info][gc,task     ] GC(33) Using 3 of 6 workers for concurrent evacuation
[2026-04-03T03:27:28.437+0600][38.397s][info][gc          ] GC(33) Concurrent evacuation 42.825ms
[2026-04-03T03:27:28.437+0600][38.397s][info][gc,start    ] GC(33) Pause Init Update Refs
[2026-04-03T03:27:28.437+0600][38.397s][info][gc,ergo     ] GC(33) Pacer for Update Refs. Used: 516M, Free: 705M, Non-Taxable: 72192K, Alloc Tax Rate: 1.1x
[2026-04-03T03:27:28.437+0600][38.397s][info][gc          ] GC(33) Pause Init Update Refs 0.098ms
[2026-04-03T03:27:28.437+0600][38.397s][info][gc,start    ] GC(33) Concurrent update references
[2026-04-03T03:27:28.437+0600][38.397s][info][gc,task     ] GC(33) Using 3 of 6 workers for concurrent reference update
[2026-04-03T03:27:28.592+0600][38.552s][info][gc          ] GC(33) Concurrent update references 154.740ms
[2026-04-03T03:27:28.592+0600][38.552s][info][gc,start    ] GC(33) Concurrent update thread roots
[2026-04-03T03:27:28.593+0600][38.554s][info][gc          ] GC(33) Concurrent update thread roots 1.201ms
[2026-04-03T03:27:28.594+0600][38.554s][info][gc,start    ] GC(33) Pause Final Update Refs
[2026-04-03T03:27:28.594+0600][38.554s][info][gc,task     ] GC(33) Using 6 of 6 workers for final reference update
[2026-04-03T03:27:28.594+0600][38.554s][info][gc          ] GC(33) Pause Final Update Refs 0.237ms
[2026-04-03T03:27:28.594+0600][38.554s][info][gc,start    ] GC(33) Concurrent cleanup
[2026-04-03T03:27:28.595+0600][38.555s][info][gc          ] GC(33) Concurrent cleanup 616M->482M(626M) 0.266ms
[2026-04-03T03:27:28.595+0600][38.555s][info][gc,ergo     ] Free: 696M, Max: 512K regular, 228M humongous, Frag: 68% external, 0% internal; Reserve: 64000K, Max: 512K
[2026-04-03T03:27:28.595+0600][38.555s][info][gc,stats    ] 
[2026-04-03T03:27:28.595+0600][38.555s][info][gc,stats    ] All times are wall-clock times, except per-root-class counters, that are sum over
[2026-04-03T03:27:28.595+0600][38.555s][info][gc,stats    ] all workers. Dividing the <total> over the root stage time estimates parallelism.
[2026-04-03T03:27:28.595+0600][38.555s][info][gc,stats    ] 
[2026-04-03T03:27:28.595+0600][38.555s][info][gc,stats    ] Concurrent Reset                   1042 us
[2026-04-03T03:27:28.595+0600][38.555s][info][gc,stats    ] Pause Init Mark (G)                 406 us
[2026-04-03T03:27:28.595+0600][38.555s][info][gc,stats    ] Pause Init Mark (N)                 152 us
[2026-04-03T03:27:28.595+0600][38.555s][info][gc,stats    ]   Update Region States               25 us
[2026-04-03T03:27:28.595+0600][38.555s][info][gc,stats    ] Concurrent Mark Roots               998 us, parallelism: 1.75x
[2026-04-03T03:27:28.595+0600][38.555s][info][gc,stats    ]   CMR: <total>                     1750 us
[2026-04-03T03:27:28.595+0600][38.555s][info][gc,stats    ]   CMR: Thread Roots                1441 us, workers (us): 322, 592, 528, ---, ---, ---, 
[2026-04-03T03:27:28.595+0600][38.555s][info][gc,stats    ]   CMR: VM Strong Roots               29 us, workers (us):  22,   6,   1, ---, ---, ---, 
[2026-04-03T03:27:28.595+0600][38.555s][info][gc,stats    ]   CMR: CLDG Roots                   280 us, workers (us): 280, ---, ---, ---, ---, ---, 
[2026-04-03T03:27:28.595+0600][38.555s][info][gc,stats    ] Concurrent Marking               295974 us
[2026-04-03T03:27:28.595+0600][38.555s][info][gc,stats    ] Pause Final Mark (G)                834 us
[2026-04-03T03:27:28.595+0600][38.555s][info][gc,stats    ] Pause Final Mark (N)                658 us
[2026-04-03T03:27:28.595+0600][38.555s][info][gc,stats    ]   Finish Mark                       324 us
[2026-04-03T03:27:28.595+0600][38.555s][info][gc,stats    ]   Update Region States               31 us
[2026-04-03T03:27:28.595+0600][38.555s][info][gc,stats    ]   Choose Collection Set             179 us
[2026-04-03T03:27:28.595+0600][38.555s][info][gc,stats    ]   Rebuild Free Set                   26 us
[2026-04-03T03:27:28.595+0600][38.555s][info][gc,stats    ] Concurrent Thread Roots             929 us, parallelism: 1.78x
[2026-04-03T03:27:28.595+0600][38.555s][info][gc,stats    ]   CTR: <total>                     1658 us
[2026-04-03T03:27:28.595+0600][38.555s][info][gc,stats    ]   CTR: Thread Roots                1658 us, workers (us): 552, 548, 558, ---, ---, ---, 
[2026-04-03T03:27:28.595+0600][38.555s][info][gc,stats    ] Concurrent Weak References          735 us, parallelism: 0.87x
[2026-04-03T03:27:28.595+0600][38.555s][info][gc,stats    ]   CWRF: <total>                     638 us
[2026-04-03T03:27:28.595+0600][38.555s][info][gc,stats    ]   CWRF: Weak References             638 us, workers (us): 470, 167,   1, ---, ---, ---, 
[2026-04-03T03:27:28.595+0600][38.555s][info][gc,stats    ] Concurrent Weak Roots              2651 us
[2026-04-03T03:27:28.595+0600][38.555s][info][gc,stats    ]   Roots                            2441 us, parallelism: 2.69x
[2026-04-03T03:27:28.595+0600][38.555s][info][gc,stats    ]     CWR: <total>                   6565 us
[2026-04-03T03:27:28.595+0600][38.555s][info][gc,stats    ]     CWR: Code Cache Roots          4158 us, workers (us): 1380, 1453, 1326, ---, ---, ---, 
[2026-04-03T03:27:28.595+0600][38.555s][info][gc,stats    ]     CWR: VM Weak Roots             2265 us, workers (us): 762, 758, 745, ---, ---, ---, 
[2026-04-03T03:27:28.595+0600][38.555s][info][gc,stats    ]     CWR: CLDG Roots                 141 us, workers (us): ---, ---, 141, ---, ---, ---, 
[2026-04-03T03:27:28.595+0600][38.555s][info][gc,stats    ]   Rendezvous                        175 us
[2026-04-03T03:27:28.595+0600][38.555s][info][gc,stats    ] Concurrent Cleanup                  403 us
[2026-04-03T03:27:28.595+0600][38.555s][info][gc,stats    ] Concurrent Class Unloading        17659 us
[2026-04-03T03:27:28.595+0600][38.555s][info][gc,stats    ]   Unlink Stale                    16687 us
[2026-04-03T03:27:28.595+0600][38.555s][info][gc,stats    ]     System Dictionary               210 us
[2026-04-03T03:27:28.595+0600][38.555s][info][gc,stats    ]     Weak Class Links              10035 us
[2026-04-03T03:27:28.595+0600][38.555s][info][gc,stats    ]     Code Roots                     6437 us
[2026-04-03T03:27:28.595+0600][38.555s][info][gc,stats    ]   Rendezvous                        341 us
[2026-04-03T03:27:28.595+0600][38.555s][info][gc,stats    ]   Purge Unlinked                    501 us
[2026-04-03T03:27:28.595+0600][38.555s][info][gc,stats    ]     Code Roots                      391 us
[2026-04-03T03:27:28.595+0600][38.555s][info][gc,stats    ]     CLDG                            108 us
[2026-04-03T03:27:28.595+0600][38.555s][info][gc,stats    ]     Exception Caches                  1 us
[2026-04-03T03:27:28.595+0600][38.555s][info][gc,stats    ] Concurrent Strong Roots            1177 us, parallelism: 0.68x
[2026-04-03T03:27:28.595+0600][38.555s][info][gc,stats    ]   CSR: <total>                      797 us
[2026-04-03T03:27:28.595+0600][38.555s][info][gc,stats    ]   CSR: VM Strong Roots               81 us, workers (us):  35,  23,  23, ---, ---, ---, 
[2026-04-03T03:27:28.595+0600][38.555s][info][gc,stats    ]   CSR: CLDG Roots                   717 us, workers (us): ---, 717, ---, ---, ---, ---, 
[2026-04-03T03:27:28.595+0600][38.555s][info][gc,stats    ] Concurrent Evacuation             42921 us
[2026-04-03T03:27:28.595+0600][38.555s][info][gc,stats    ] Pause Init Update Refs (G)          273 us
[2026-04-03T03:27:28.595+0600][38.555s][info][gc,stats    ] Pause Init Update Refs (N)          125 us
[2026-04-03T03:27:28.595+0600][38.555s][info][gc,stats    ]   Manage GCLABs                      16 us
[2026-04-03T03:27:28.595+0600][38.555s][info][gc,stats    ] Concurrent Update Refs           154855 us
[2026-04-03T03:27:28.595+0600][38.555s][info][gc,stats    ] Concurrent Update Thread Roots     1312 us
[2026-04-03T03:27:28.595+0600][38.555s][info][gc,stats    ] Pause Final Update Refs (G)         668 us
[2026-04-03T03:27:28.595+0600][38.555s][info][gc,stats    ] Pause Final Update Refs (N)         254 us
[2026-04-03T03:27:28.595+0600][38.555s][info][gc,stats    ]   Update Region States               47 us
[2026-04-03T03:27:28.595+0600][38.555s][info][gc,stats    ]   Trash Collection Set               10 us
[2026-04-03T03:27:28.595+0600][38.555s][info][gc,stats    ]   Rebuild Free Set                   34 us
[2026-04-03T03:27:28.595+0600][38.555s][info][gc,stats    ] Concurrent Cleanup                  314 us
[2026-04-03T03:27:28.595+0600][38.555s][info][gc,stats    ] Pacing                            66727 us
[2026-04-03T03:27:28.595+0600][38.555s][info][gc,stats    ] 
[2026-04-03T03:27:28.595+0600][38.555s][info][gc,stats    ] Allocation pacing accrued:
[2026-04-03T03:27:28.595+0600][38.555s][info][gc,stats    ]      22 of   892 ms (  2.5%): Executor task launch worker for task 1.0 in stage 14.0 (TID 22)
[2026-04-03T03:27:28.595+0600][38.555s][info][gc,stats    ]      22 of   892 ms (  2.5%): Executor task launch worker for task 0.0 in stage 14.0 (TID 21)
[2026-04-03T03:27:28.595+0600][38.555s][info][gc,stats    ]      22 of   892 ms (  2.5%): Executor task launch worker for task 2.0 in stage 14.0 (TID 23)
[2026-04-03T03:27:28.595+0600][38.555s][info][gc,stats    ]      67 of   892 ms (  7.5%): <total>
[2026-04-03T03:27:28.595+0600][38.555s][info][gc,stats    ]       0 of   892 ms (  0.1%): <average total>
[2026-04-03T03:27:28.595+0600][38.555s][info][gc,stats    ]      22 of   892 ms (  2.5%): <average non-zero>
[2026-04-03T03:27:28.595+0600][38.555s][info][gc,stats    ] 
[2026-04-03T03:27:28.595+0600][38.555s][info][gc,metaspace] Metaspace: 72615K(73536K)->72594K(73536K) NonClass: 63340K(63872K)->63325K(63872K) Class: 9274K(9664K)->9268K(9664K)
[2026-04-03T03:27:28.595+0600][38.555s][info][gc,ergo     ] Pacer for Idle. Initial: 25600K, Alloc Tax Rate: 1.0x
[2026-04-03T03:27:28.597+0600][38.557s][info][gc          ] Trigger: Learning 3 of 5. Free (694M) is below initial threshold (875M)
[2026-04-03T03:27:28.597+0600][38.557s][info][gc,ergo     ] Free: 694M, Max: 512K regular, 228M humongous, Frag: 68% external, 0% internal; Reserve: 64000K, Max: 512K
[2026-04-03T03:27:28.597+0600][38.557s][info][gc,start    ] GC(34) Concurrent reset
[2026-04-03T03:27:28.597+0600][38.557s][info][gc,task     ] GC(34) Using 3 of 6 workers for concurrent reset
[2026-04-03T03:27:28.597+0600][38.557s][info][gc,ergo     ] GC(34) Pacer for Reset. Non-Taxable: 1250M
[2026-04-03T03:27:28.598+0600][38.559s][info][gc          ] GC(34) Concurrent reset 1.620ms
[2026-04-03T03:27:28.599+0600][38.559s][info][gc,start    ] GC(34) Pause Init Mark (unload classes)
[2026-04-03T03:27:28.599+0600][38.559s][info][gc,task     ] GC(34) Using 6 of 6 workers for init marking
[2026-04-03T03:27:28.599+0600][38.559s][info][gc,ergo     ] GC(34) Pacer for Mark. Expected Live: 202M, Free: 693M, Non-Taxable: 71015K, Alloc Tax Rate: 0.4x
[2026-04-03T03:27:28.599+0600][38.559s][info][gc          ] GC(34) Pause Init Mark (unload classes) 0.159ms
[2026-04-03T03:27:28.599+0600][38.559s][info][gc,start    ] GC(34) Concurrent marking roots
[2026-04-03T03:27:28.599+0600][38.559s][info][gc,task     ] GC(34) Using 3 of 6 workers for concurrent marking roots
[2026-04-03T03:27:28.600+0600][38.560s][info][gc          ] GC(34) Concurrent marking roots 1.110ms
[2026-04-03T03:27:28.600+0600][38.560s][info][gc,start    ] GC(34) Concurrent marking (unload classes)
[2026-04-03T03:27:28.600+0600][38.560s][info][gc,task     ] GC(34) Using 3 of 6 workers for concurrent marking
[2026-04-03T03:27:28.909+0600][38.869s][info][gc          ] GC(34) Concurrent marking (unload classes) 308.546ms
[2026-04-03T03:27:28.909+0600][38.869s][info][gc,start    ] GC(34) Pause Final Mark (unload classes)
[2026-04-03T03:27:28.932+0600][38.892s][info][gc,task     ] GC(34) Using 6 of 6 workers for final marking
[2026-04-03T03:27:28.933+0600][38.893s][info][gc,ergo     ] GC(34) Adaptive CSet Selection. Target Free: 177M, Actual Free: 624M, Max CSet: 53333K, Min Garbage: 0B
[2026-04-03T03:27:28.933+0600][38.893s][info][gc,ergo     ] GC(34) Collectable Garbage: 225M (96%), Immediate: 7680K (3%), CSet: 218M (93%)
[2026-04-03T03:27:28.933+0600][38.893s][info][gc,ergo     ] GC(34) Pacer for Evacuation. Used CSet: 270M, Free: 564M, Non-Taxable: 57805K, Alloc Tax Rate: 1.2x
[2026-04-03T03:27:28.933+0600][38.893s][info][gc          ] GC(34) Pause Final Mark (unload classes) 24.283ms
[2026-04-03T03:27:28.933+0600][38.893s][info][gc,start    ] GC(34) Concurrent thread roots
[2026-04-03T03:27:28.933+0600][38.893s][info][gc,task     ] GC(34) Using 3 of 6 workers for Concurrent thread roots
[2026-04-03T03:27:28.934+0600][38.894s][info][gc          ] GC(34) Concurrent thread roots 0.938ms
[2026-04-03T03:27:28.934+0600][38.894s][info][gc,start    ] GC(34) Concurrent weak references
[2026-04-03T03:27:28.934+0600][38.894s][info][gc,task     ] GC(34) Using 3 of 6 workers for concurrent weak references
[2026-04-03T03:27:28.935+0600][38.895s][info][gc,ref      ] GC(34) Encountered references: Soft: 3155, Weak: 6224, Final: 84, Phantom: 599
[2026-04-03T03:27:28.935+0600][38.895s][info][gc,ref      ] GC(34) Discovered  references: Soft: 0, Weak: 2814, Final: 4, Phantom: 306
[2026-04-03T03:27:28.935+0600][38.895s][info][gc,ref      ] GC(34) Enqueued    references: Soft: 0, Weak: 0, Final: 0, Phantom: 0
[2026-04-03T03:27:28.935+0600][38.895s][info][gc          ] GC(34) Concurrent weak references 0.833ms
[2026-04-03T03:27:28.935+0600][38.895s][info][gc,start    ] GC(34) Concurrent weak roots
[2026-04-03T03:27:28.935+0600][38.895s][info][gc,task     ] GC(34) Using 3 of 6 workers for concurrent weak root
[2026-04-03T03:27:28.938+0600][38.898s][info][gc          ] GC(34) Concurrent weak roots 2.844ms
[2026-04-03T03:27:28.938+0600][38.898s][info][gc,start    ] GC(34) Concurrent cleanup
[2026-04-03T03:27:28.938+0600][38.898s][info][gc          ] GC(34) Concurrent cleanup 626M->619M(639M) 0.155ms
[2026-04-03T03:27:28.938+0600][38.898s][info][gc,ergo     ] GC(34) Free: 561M, Max: 512K regular, 228M humongous, Frag: 60% external, 0% internal; Reserve: 63617K, Max: 512K
[2026-04-03T03:27:28.938+0600][38.898s][info][gc,start    ] GC(34) Concurrent class unloading
[2026-04-03T03:27:28.938+0600][38.898s][info][gc,task     ] GC(34) Using 3 of 6 workers for concurrent class unloading
[2026-04-03T03:27:28.944+0600][38.904s][info][gc          ] GC(34) Concurrent class unloading 5.271ms
[2026-04-03T03:27:28.944+0600][38.904s][info][gc,start    ] GC(34) Concurrent strong roots
[2026-04-03T03:27:28.944+0600][38.904s][info][gc,task     ] GC(34) Using 3 of 6 workers for concurrent strong root
[2026-04-03T03:27:28.944+0600][38.904s][info][gc          ] GC(34) Concurrent strong roots 0.579ms
[2026-04-03T03:27:28.944+0600][38.904s][info][gc,start    ] GC(34) Concurrent evacuation
[2026-04-03T03:27:28.944+0600][38.904s][info][gc,task     ] GC(34) Using 3 of 6 workers for concurrent evacuation
[2026-04-03T03:27:29.009+0600][38.969s][info][gc          ] GC(34) Concurrent evacuation 64.834ms
[2026-04-03T03:27:29.009+0600][38.969s][info][gc,start    ] GC(34) Pause Init Update Refs
[2026-04-03T03:27:29.010+0600][38.970s][info][gc,ergo     ] GC(34) Pacer for Update Refs. Used: 712M, Free: 522M, Non-Taxable: 53453K, Alloc Tax Rate: 1.7x
[2026-04-03T03:27:29.010+0600][38.970s][info][gc          ] GC(34) Pause Init Update Refs 0.121ms
[2026-04-03T03:27:29.010+0600][38.970s][info][gc,start    ] GC(34) Concurrent update references
[2026-04-03T03:27:29.010+0600][38.970s][info][gc,task     ] GC(34) Using 3 of 6 workers for concurrent reference update
[2026-04-03T03:27:29.220+0600][39.180s][info][gc          ] GC(34) Concurrent update references 210.591ms
[2026-04-03T03:27:29.220+0600][39.180s][info][gc,start    ] GC(34) Concurrent update thread roots
[2026-04-03T03:27:29.222+0600][39.182s][info][gc          ] GC(34) Concurrent update thread roots 1.223ms
[2026-04-03T03:27:29.222+0600][39.182s][info][gc,start    ] GC(34) Pause Final Update Refs
[2026-04-03T03:27:29.222+0600][39.182s][info][gc,task     ] GC(34) Using 6 of 6 workers for final reference update
[2026-04-03T03:27:29.222+0600][39.182s][info][gc          ] GC(34) Pause Final Update Refs 0.171ms
[2026-04-03T03:27:29.222+0600][39.182s][info][gc,start    ] GC(34) Concurrent cleanup
[2026-04-03T03:27:29.223+0600][39.183s][info][gc          ] GC(34) Concurrent cleanup 819M->549M(827M) 0.656ms
[2026-04-03T03:27:29.223+0600][39.183s][info][gc,ergo     ] Free: 630M, Max: 512K regular, 225M humongous, Frag: 65% external, 0% internal; Reserve: 64000K, Max: 512K
[2026-04-03T03:27:29.223+0600][39.183s][info][gc,stats    ] 
[2026-04-03T03:27:29.223+0600][39.183s][info][gc,stats    ] All times are wall-clock times, except per-root-class counters, that are sum over
[2026-04-03T03:27:29.223+0600][39.183s][info][gc,stats    ] all workers. Dividing the <total> over the root stage time estimates parallelism.
[2026-04-03T03:27:29.223+0600][39.183s][info][gc,stats    ] 
[2026-04-03T03:27:29.223+0600][39.183s][info][gc,stats    ] Concurrent Reset                   1695 us
[2026-04-03T03:27:29.223+0600][39.183s][info][gc,stats    ] Pause Init Mark (G)                 374 us
[2026-04-03T03:27:29.223+0600][39.183s][info][gc,stats    ] Pause Init Mark (N)                 168 us
[2026-04-03T03:27:29.223+0600][39.183s][info][gc,stats    ]   Update Region States               33 us
[2026-04-03T03:27:29.223+0600][39.183s][info][gc,stats    ] Concurrent Mark Roots              1155 us, parallelism: 1.68x
[2026-04-03T03:27:29.223+0600][39.183s][info][gc,stats    ]   CMR: <total>                     1945 us
[2026-04-03T03:27:29.223+0600][39.183s][info][gc,stats    ]   CMR: Thread Roots                1687 us, workers (us): 437, 637, 614, ---, ---, ---, 
[2026-04-03T03:27:29.223+0600][39.183s][info][gc,stats    ]   CMR: VM Strong Roots               39 us, workers (us):  20,  18,   1, ---, ---, ---, 
[2026-04-03T03:27:29.223+0600][39.183s][info][gc,stats    ]   CMR: CLDG Roots                   218 us, workers (us): 218, ---, ---, ---, ---, ---, 
[2026-04-03T03:27:29.223+0600][39.183s][info][gc,stats    ] Concurrent Marking               308628 us
[2026-04-03T03:27:29.223+0600][39.183s][info][gc,stats    ] Pause Final Mark (G)              24556 us
[2026-04-03T03:27:29.223+0600][39.183s][info][gc,stats    ] Pause Final Mark (N)              24301 us
[2026-04-03T03:27:29.223+0600][39.183s][info][gc,stats    ]   Finish Mark                       295 us
[2026-04-03T03:27:29.223+0600][39.183s][info][gc,stats    ]   Update Region States               69 us
[2026-04-03T03:27:29.223+0600][39.183s][info][gc,stats    ]   Choose Collection Set             459 us
[2026-04-03T03:27:29.223+0600][39.183s][info][gc,stats    ]   Rebuild Free Set                   47 us
[2026-04-03T03:27:29.223+0600][39.183s][info][gc,stats    ] Concurrent Thread Roots            1000 us, parallelism: 2.06x
[2026-04-03T03:27:29.223+0600][39.183s][info][gc,stats    ]   CTR: <total>                     2060 us
[2026-04-03T03:27:29.223+0600][39.183s][info][gc,stats    ]   CTR: Thread Roots                2060 us, workers (us): 716, 702, 642, ---, ---, ---, 
[2026-04-03T03:27:29.223+0600][39.183s][info][gc,stats    ] Concurrent Weak References          850 us, parallelism: 0.71x
[2026-04-03T03:27:29.223+0600][39.183s][info][gc,stats    ]   CWRF: <total>                     606 us
[2026-04-03T03:27:29.223+0600][39.183s][info][gc,stats    ]   CWRF: Weak References             606 us, workers (us): 569,  12,  25, ---, ---, ---, 
[2026-04-03T03:27:29.223+0600][39.183s][info][gc,stats    ] Concurrent Weak Roots              2905 us
[2026-04-03T03:27:29.223+0600][39.183s][info][gc,stats    ]   Roots                            2469 us, parallelism: 2.40x
[2026-04-03T03:27:29.223+0600][39.183s][info][gc,stats    ]     CWR: <total>                   5929 us
[2026-04-03T03:27:29.223+0600][39.183s][info][gc,stats    ]     CWR: Code Cache Roots          3724 us, workers (us): 1333, 1382, 1009, ---, ---, ---, 
[2026-04-03T03:27:29.223+0600][39.183s][info][gc,stats    ]     CWR: VM Weak Roots             1993 us, workers (us): 698, 694, 601, ---, ---, ---, 
[2026-04-03T03:27:29.223+0600][39.183s][info][gc,stats    ]     CWR: CLDG Roots                 211 us, workers (us): ---, ---, 211, ---, ---, ---, 
[2026-04-03T03:27:29.223+0600][39.183s][info][gc,stats    ]   Rendezvous                        339 us
[2026-04-03T03:27:29.223+0600][39.183s][info][gc,stats    ] Concurrent Cleanup                  190 us
[2026-04-03T03:27:29.223+0600][39.183s][info][gc,stats    ] Concurrent Class Unloading         5350 us
[2026-04-03T03:27:29.223+0600][39.183s][info][gc,stats    ]   Unlink Stale                     5081 us
[2026-04-03T03:27:29.223+0600][39.183s][info][gc,stats    ]     System Dictionary               136 us
[2026-04-03T03:27:29.223+0600][39.183s][info][gc,stats    ]     Weak Class Links                  0 us
[2026-04-03T03:27:29.223+0600][39.183s][info][gc,stats    ]     Code Roots                     4940 us
[2026-04-03T03:27:29.223+0600][39.183s][info][gc,stats    ]   Rendezvous                        144 us
[2026-04-03T03:27:29.223+0600][39.183s][info][gc,stats    ]   Purge Unlinked                     12 us
[2026-04-03T03:27:29.223+0600][39.183s][info][gc,stats    ]     Code Roots                        4 us
[2026-04-03T03:27:29.223+0600][39.183s][info][gc,stats    ]     CLDG                              7 us
[2026-04-03T03:27:29.223+0600][39.183s][info][gc,stats    ]     Exception Caches                  0 us
[2026-04-03T03:27:29.223+0600][39.183s][info][gc,stats    ] Concurrent Strong Roots             662 us, parallelism: 0.47x
[2026-04-03T03:27:29.223+0600][39.183s][info][gc,stats    ]   CSR: <total>                      308 us
[2026-04-03T03:27:29.223+0600][39.183s][info][gc,stats    ]   CSR: VM Strong Roots               30 us, workers (us):  10,  11,   9, ---, ---, ---, 
[2026-04-03T03:27:29.223+0600][39.183s][info][gc,stats    ]   CSR: CLDG Roots                   278 us, workers (us): 278, ---, ---, ---, ---, ---, 
[2026-04-03T03:27:29.223+0600][39.183s][info][gc,stats    ] Concurrent Evacuation             64926 us
[2026-04-03T03:27:29.223+0600][39.183s][info][gc,stats    ] Pause Init Update Refs (G)          395 us
[2026-04-03T03:27:29.223+0600][39.183s][info][gc,stats    ] Pause Init Update Refs (N)          137 us
[2026-04-03T03:27:29.223+0600][39.183s][info][gc,stats    ]   Manage GCLABs                      17 us
[2026-04-03T03:27:29.223+0600][39.183s][info][gc,stats    ] Concurrent Update Refs           210690 us
[2026-04-03T03:27:29.223+0600][39.183s][info][gc,stats    ] Concurrent Update Thread Roots     1284 us
[2026-04-03T03:27:29.223+0600][39.183s][info][gc,stats    ] Pause Final Update Refs (G)         450 us
[2026-04-03T03:27:29.223+0600][39.183s][info][gc,stats    ] Pause Final Update Refs (N)         184 us
[2026-04-03T03:27:29.223+0600][39.183s][info][gc,stats    ]   Update Region States               47 us
[2026-04-03T03:27:29.223+0600][39.183s][info][gc,stats    ]   Trash Collection Set               13 us
[2026-04-03T03:27:29.223+0600][39.183s][info][gc,stats    ]   Rebuild Free Set                   32 us
[2026-04-03T03:27:29.223+0600][39.183s][info][gc,stats    ] Concurrent Cleanup                  681 us
[2026-04-03T03:27:29.223+0600][39.183s][info][gc,stats    ] Pacing                           452487 us
[2026-04-03T03:27:29.223+0600][39.183s][info][gc,stats    ] 
[2026-04-03T03:27:29.223+0600][39.183s][info][gc,stats    ] Allocation pacing accrued:
[2026-04-03T03:27:29.223+0600][39.183s][info][gc,stats    ]     151 of   628 ms ( 24.0%): Executor task launch worker for task 1.0 in stage 14.0 (TID 22)
[2026-04-03T03:27:29.223+0600][39.183s][info][gc,stats    ]     149 of   628 ms ( 23.8%): Executor task launch worker for task 0.0 in stage 14.0 (TID 21)
[2026-04-03T03:27:29.223+0600][39.183s][info][gc,stats    ]     152 of   628 ms ( 24.3%): Executor task launch worker for task 2.0 in stage 14.0 (TID 23)
[2026-04-03T03:27:29.223+0600][39.183s][info][gc,stats    ]     452 of   628 ms ( 72.1%): <total>
[2026-04-03T03:27:29.223+0600][39.183s][info][gc,stats    ]       3 of   628 ms (  0.5%): <average total>
[2026-04-03T03:27:29.223+0600][39.183s][info][gc,stats    ]     151 of   628 ms ( 24.0%): <average non-zero>
[2026-04-03T03:27:29.223+0600][39.183s][info][gc,stats    ] 
[2026-04-03T03:27:29.223+0600][39.183s][info][gc,metaspace] Metaspace: 72594K(73536K)->72600K(73536K) NonClass: 63325K(63872K)->63331K(63872K) Class: 9268K(9664K)->9268K(9664K)
[2026-04-03T03:27:29.223+0600][39.183s][info][gc,ergo     ] Pacer for Idle. Initial: 25600K, Alloc Tax Rate: 1.0x
[2026-04-03T03:27:29.225+0600][39.185s][info][gc          ] Trigger: Learning 4 of 5. Free (627M) is below initial threshold (875M)
[2026-04-03T03:27:29.225+0600][39.185s][info][gc,ergo     ] Free: 627M, Max: 512K regular, 225M humongous, Frag: 65% external, 0% internal; Reserve: 64000K, Max: 512K
[2026-04-03T03:27:29.225+0600][39.185s][info][gc,start    ] GC(35) Concurrent reset
[2026-04-03T03:27:29.225+0600][39.185s][info][gc,task     ] GC(35) Using 3 of 6 workers for concurrent reset
[2026-04-03T03:27:29.225+0600][39.185s][info][gc,ergo     ] GC(35) Pacer for Reset. Non-Taxable: 1250M
[2026-04-03T03:27:29.227+0600][39.187s][info][gc          ] GC(35) Concurrent reset 2.084ms
[2026-04-03T03:27:29.227+0600][39.187s][info][gc,start    ] GC(35) Pause Init Mark (unload classes)
[2026-04-03T03:27:29.227+0600][39.187s][info][gc,task     ] GC(35) Using 6 of 6 workers for init marking
[2026-04-03T03:27:29.227+0600][39.187s][info][gc,ergo     ] GC(35) Pacer for Mark. Expected Live: 207M, Free: 625M, Non-Taxable: 64052K, Alloc Tax Rate: 0.4x
[2026-04-03T03:27:29.227+0600][39.187s][info][gc          ] GC(35) Pause Init Mark (unload classes) 0.114ms
[2026-04-03T03:27:29.227+0600][39.187s][info][gc,start    ] GC(35) Concurrent marking roots
[2026-04-03T03:27:29.227+0600][39.187s][info][gc,task     ] GC(35) Using 3 of 6 workers for concurrent marking roots
[2026-04-03T03:27:29.228+0600][39.188s][info][gc          ] GC(35) Concurrent marking roots 1.021ms
[2026-04-03T03:27:29.228+0600][39.188s][info][gc,start    ] GC(35) Concurrent marking (unload classes)
[2026-04-03T03:27:29.228+0600][39.189s][info][gc,task     ] GC(35) Using 3 of 6 workers for concurrent marking
[2026-04-03T03:27:29.572+0600][39.532s][info][gc          ] GC(35) Concurrent marking (unload classes) 343.549ms
[2026-04-03T03:27:29.572+0600][39.532s][info][gc,start    ] GC(35) Pause Final Mark (unload classes)
[2026-04-03T03:27:29.572+0600][39.532s][info][gc,task     ] GC(35) Using 6 of 6 workers for final marking
[2026-04-03T03:27:29.573+0600][39.533s][info][gc,ergo     ] GC(35) Adaptive CSet Selection. Target Free: 177M, Actual Free: 551M, Max CSet: 53333K, Min Garbage: 0B
[2026-04-03T03:27:29.573+0600][39.533s][info][gc,ergo     ] GC(35) Collectable Garbage: 265M (96%), Immediate: 9216K (3%), CSet: 256M (93%)
[2026-04-03T03:27:29.573+0600][39.533s][info][gc,ergo     ] GC(35) Pacer for Evacuation. Used CSet: 283M, Free: 491M, Non-Taxable: 50330K, Alloc Tax Rate: 1.4x
[2026-04-03T03:27:29.573+0600][39.533s][info][gc          ] GC(35) Pause Final Mark (unload classes) 0.701ms
[2026-04-03T03:27:29.573+0600][39.533s][info][gc,start    ] GC(35) Concurrent thread roots
[2026-04-03T03:27:29.573+0600][39.533s][info][gc,task     ] GC(35) Using 3 of 6 workers for Concurrent thread roots
[2026-04-03T03:27:29.574+0600][39.534s][info][gc          ] GC(35) Concurrent thread roots 0.572ms
[2026-04-03T03:27:29.574+0600][39.534s][info][gc,start    ] GC(35) Concurrent weak references
[2026-04-03T03:27:29.574+0600][39.534s][info][gc,task     ] GC(35) Using 3 of 6 workers for concurrent weak references
[2026-04-03T03:27:29.574+0600][39.534s][info][gc,ref      ] GC(35) Encountered references: Soft: 3157, Weak: 6225, Final: 84, Phantom: 599
[2026-04-03T03:27:29.574+0600][39.534s][info][gc,ref      ] GC(35) Discovered  references: Soft: 0, Weak: 568, Final: 0, Phantom: 596
[2026-04-03T03:27:29.574+0600][39.534s][info][gc,ref      ] GC(35) Enqueued    references: Soft: 0, Weak: 1, Final: 0, Phantom: 0
[2026-04-03T03:27:29.574+0600][39.534s][info][gc          ] GC(35) Concurrent weak references 0.333ms
[2026-04-03T03:27:29.574+0600][39.534s][info][gc,start    ] GC(35) Concurrent weak roots
[2026-04-03T03:27:29.574+0600][39.534s][info][gc,task     ] GC(35) Using 3 of 6 workers for concurrent weak root
[2026-04-03T03:27:29.576+0600][39.536s][info][gc          ] GC(35) Concurrent weak roots 2.032ms
[2026-04-03T03:27:29.576+0600][39.536s][info][gc,start    ] GC(35) Concurrent cleanup
[2026-04-03T03:27:29.576+0600][39.536s][info][gc          ] GC(35) Concurrent cleanup 703M->694M(827M) 0.143ms
[2026-04-03T03:27:29.576+0600][39.536s][info][gc,ergo     ] GC(35) Free: 488M, Max: 512K regular, 225M humongous, Frag: 54% external, 0% internal; Reserve: 63675K, Max: 512K
[2026-04-03T03:27:29.576+0600][39.536s][info][gc,start    ] GC(35) Concurrent class unloading
[2026-04-03T03:27:29.576+0600][39.536s][info][gc,task     ] GC(35) Using 3 of 6 workers for concurrent class unloading
[2026-04-03T03:27:29.582+0600][39.542s][info][gc          ] GC(35) Concurrent class unloading 5.314ms
[2026-04-03T03:27:29.582+0600][39.542s][info][gc,start    ] GC(35) Concurrent strong roots
[2026-04-03T03:27:29.582+0600][39.542s][info][gc,task     ] GC(35) Using 3 of 6 workers for concurrent strong root
[2026-04-03T03:27:29.582+0600][39.542s][info][gc          ] GC(35) Concurrent strong roots 0.806ms
[2026-04-03T03:27:29.583+0600][39.543s][info][gc,start    ] GC(35) Concurrent evacuation
[2026-04-03T03:27:29.583+0600][39.543s][info][gc,task     ] GC(35) Using 3 of 6 workers for concurrent evacuation
[2026-04-03T03:27:29.622+0600][39.582s][info][gc          ] GC(35) Concurrent evacuation 39.489ms
[2026-04-03T03:27:29.622+0600][39.582s][info][gc,start    ] GC(35) Pause Init Update Refs
[2026-04-03T03:27:29.622+0600][39.582s][info][gc,ergo     ] GC(35) Pacer for Update Refs. Used: 756M, Free: 453M, Non-Taxable: 46439K, Alloc Tax Rate: 2.0x
[2026-04-03T03:27:29.622+0600][39.582s][info][gc          ] GC(35) Pause Init Update Refs 0.102ms
[2026-04-03T03:27:29.622+0600][39.582s][info][gc,start    ] GC(35) Concurrent update references
[2026-04-03T03:27:29.622+0600][39.583s][info][gc,task     ] GC(35) Using 3 of 6 workers for concurrent reference update
[2026-04-03T03:27:29.855+0600][39.815s][info][gc          ] GC(35) Concurrent update references 232.744ms
[2026-04-03T03:27:29.855+0600][39.815s][info][gc,start    ] GC(35) Concurrent update thread roots
[2026-04-03T03:27:29.856+0600][39.817s][info][gc          ] GC(35) Concurrent update thread roots 1.195ms
[2026-04-03T03:27:29.857+0600][39.817s][info][gc,start    ] GC(35) Pause Final Update Refs
[2026-04-03T03:27:29.857+0600][39.817s][info][gc,task     ] GC(35) Using 6 of 6 workers for final reference update
[2026-04-03T03:27:29.857+0600][39.817s][info][gc          ] GC(35) Pause Final Update Refs 0.228ms
[2026-04-03T03:27:29.857+0600][39.817s][info][gc,start    ] GC(35) Concurrent cleanup
[2026-04-03T03:27:29.857+0600][39.817s][info][gc          ] GC(35) Concurrent cleanup 920M->637M(926M) 0.311ms
[2026-04-03T03:27:29.857+0600][39.817s][info][gc,ergo     ] Free: 544M, Max: 512K regular, 204M humongous, Frag: 63% external, 0% internal; Reserve: 64000K, Max: 512K
[2026-04-03T03:27:29.857+0600][39.817s][info][gc,stats    ] 
[2026-04-03T03:27:29.857+0600][39.818s][info][gc,stats    ] All times are wall-clock times, except per-root-class counters, that are sum over
[2026-04-03T03:27:29.857+0600][39.818s][info][gc,stats    ] all workers. Dividing the <total> over the root stage time estimates parallelism.
[2026-04-03T03:27:29.857+0600][39.818s][info][gc,stats    ] 
[2026-04-03T03:27:29.858+0600][39.818s][info][gc,stats    ] Concurrent Reset                   2163 us
[2026-04-03T03:27:29.858+0600][39.818s][info][gc,stats    ] Pause Init Mark (G)                 373 us
[2026-04-03T03:27:29.858+0600][39.818s][info][gc,stats    ] Pause Init Mark (N)                 125 us
[2026-04-03T03:27:29.858+0600][39.818s][info][gc,stats    ]   Update Region States               32 us
[2026-04-03T03:27:29.858+0600][39.818s][info][gc,stats    ] Concurrent Mark Roots              1097 us, parallelism: 1.59x
[2026-04-03T03:27:29.858+0600][39.818s][info][gc,stats    ]   CMR: <total>                     1739 us
[2026-04-03T03:27:29.858+0600][39.818s][info][gc,stats    ]   CMR: Thread Roots                1488 us, workers (us): 388, 564, 535, ---, ---, ---, 
[2026-04-03T03:27:29.858+0600][39.818s][info][gc,stats    ]   CMR: VM Strong Roots               47 us, workers (us):  45,   1,   1, ---, ---, ---, 
[2026-04-03T03:27:29.858+0600][39.818s][info][gc,stats    ]   CMR: CLDG Roots                   204 us, workers (us): 204, ---, ---, ---, ---, ---, 
[2026-04-03T03:27:29.858+0600][39.818s][info][gc,stats    ] Concurrent Marking               343623 us
[2026-04-03T03:27:29.858+0600][39.818s][info][gc,stats    ] Pause Final Mark (G)                920 us
[2026-04-03T03:27:29.858+0600][39.818s][info][gc,stats    ] Pause Final Mark (N)                711 us
[2026-04-03T03:27:29.858+0600][39.818s][info][gc,stats    ]   Finish Mark                       245 us
[2026-04-03T03:27:29.858+0600][39.818s][info][gc,stats    ]   Update Region States               35 us
[2026-04-03T03:27:29.858+0600][39.818s][info][gc,stats    ]   Choose Collection Set             306 us
[2026-04-03T03:27:29.858+0600][39.818s][info][gc,stats    ]   Rebuild Free Set                   24 us
[2026-04-03T03:27:29.858+0600][39.818s][info][gc,stats    ] Concurrent Thread Roots             595 us, parallelism: 2.17x
[2026-04-03T03:27:29.858+0600][39.818s][info][gc,stats    ]   CTR: <total>                     1292 us
[2026-04-03T03:27:29.858+0600][39.818s][info][gc,stats    ]   CTR: Thread Roots                1292 us, workers (us): 477, 426, 389, ---, ---, ---, 
[2026-04-03T03:27:29.858+0600][39.818s][info][gc,stats    ] Concurrent Weak References          345 us, parallelism: 0.54x
[2026-04-03T03:27:29.858+0600][39.818s][info][gc,stats    ]   CWRF: <total>                     185 us
[2026-04-03T03:27:29.858+0600][39.818s][info][gc,stats    ]   CWRF: Weak References             185 us, workers (us):  75, 110,   1, ---, ---, ---, 
[2026-04-03T03:27:29.858+0600][39.818s][info][gc,stats    ] Concurrent Weak Roots              2090 us
[2026-04-03T03:27:29.858+0600][39.818s][info][gc,stats    ]   Roots                            1782 us, parallelism: 2.48x
[2026-04-03T03:27:29.858+0600][39.818s][info][gc,stats    ]     CWR: <total>                   4428 us
[2026-04-03T03:27:29.858+0600][39.818s][info][gc,stats    ]     CWR: Code Cache Roots          3065 us, workers (us): 1062, 1077, 926, ---, ---, ---, 
[2026-04-03T03:27:29.858+0600][39.818s][info][gc,stats    ]     CWR: VM Weak Roots             1270 us, workers (us): 476, 440, 354, ---, ---, ---, 
[2026-04-03T03:27:29.858+0600][39.818s][info][gc,stats    ]     CWR: CLDG Roots                  93 us, workers (us): ---, ---,  93, ---, ---, ---, 
[2026-04-03T03:27:29.858+0600][39.818s][info][gc,stats    ]   Rendezvous                        223 us
[2026-04-03T03:27:29.858+0600][39.818s][info][gc,stats    ] Concurrent Cleanup                  155 us
[2026-04-03T03:27:29.858+0600][39.818s][info][gc,stats    ] Concurrent Class Unloading         5391 us
[2026-04-03T03:27:29.858+0600][39.818s][info][gc,stats    ]   Unlink Stale                     5006 us
[2026-04-03T03:27:29.858+0600][39.818s][info][gc,stats    ]     System Dictionary                81 us
[2026-04-03T03:27:29.858+0600][39.818s][info][gc,stats    ]     Weak Class Links                  0 us
[2026-04-03T03:27:29.858+0600][39.818s][info][gc,stats    ]     Code Roots                     4920 us
[2026-04-03T03:27:29.858+0600][39.818s][info][gc,stats    ]   Rendezvous                        258 us
[2026-04-03T03:27:29.858+0600][39.818s][info][gc,stats    ]   Purge Unlinked                     16 us
[2026-04-03T03:27:29.858+0600][39.818s][info][gc,stats    ]     Code Roots                        6 us
[2026-04-03T03:27:29.858+0600][39.818s][info][gc,stats    ]     CLDG                             10 us
[2026-04-03T03:27:29.858+0600][39.818s][info][gc,stats    ]     Exception Caches                  0 us
[2026-04-03T03:27:29.858+0600][39.818s][info][gc,stats    ] Concurrent Strong Roots             899 us, parallelism: 0.49x
[2026-04-03T03:27:29.858+0600][39.818s][info][gc,stats    ]   CSR: <total>                      443 us
[2026-04-03T03:27:29.858+0600][39.818s][info][gc,stats    ]   CSR: VM Strong Roots               30 us, workers (us):  28,   1,   0, ---, ---, ---, 
[2026-04-03T03:27:29.858+0600][39.818s][info][gc,stats    ]   CSR: CLDG Roots                   414 us, workers (us): 414, ---, ---, ---, ---, ---, 
[2026-04-03T03:27:29.858+0600][39.818s][info][gc,stats    ] Concurrent Evacuation             39594 us
[2026-04-03T03:27:29.858+0600][39.818s][info][gc,stats    ] Pause Init Update Refs (G)          307 us
[2026-04-03T03:27:29.858+0600][39.818s][info][gc,stats    ] Pause Init Update Refs (N)          129 us
[2026-04-03T03:27:29.858+0600][39.818s][info][gc,stats    ]   Manage GCLABs                      17 us
[2026-04-03T03:27:29.858+0600][39.818s][info][gc,stats    ] Concurrent Update Refs           232851 us
[2026-04-03T03:27:29.858+0600][39.818s][info][gc,stats    ] Concurrent Update Thread Roots     1239 us
[2026-04-03T03:27:29.858+0600][39.818s][info][gc,stats    ] Pause Final Update Refs (G)         493 us
[2026-04-03T03:27:29.858+0600][39.818s][info][gc,stats    ] Pause Final Update Refs (N)         243 us
[2026-04-03T03:27:29.858+0600][39.818s][info][gc,stats    ]   Update Region States               47 us
[2026-04-03T03:27:29.858+0600][39.818s][info][gc,stats    ]   Trash Collection Set               13 us
[2026-04-03T03:27:29.858+0600][39.818s][info][gc,stats    ]   Rebuild Free Set                   30 us
[2026-04-03T03:27:29.858+0600][39.818s][info][gc,stats    ] Concurrent Cleanup                  337 us
[2026-04-03T03:27:29.858+0600][39.818s][info][gc,stats    ] Pacing                           491556 us
[2026-04-03T03:27:29.858+0600][39.818s][info][gc,stats    ] 
[2026-04-03T03:27:29.858+0600][39.818s][info][gc,stats    ] Allocation pacing accrued:
[2026-04-03T03:27:29.858+0600][39.818s][info][gc,stats    ]     162 of   635 ms ( 25.5%): Executor task launch worker for task 1.0 in stage 14.0 (TID 22)
[2026-04-03T03:27:29.858+0600][39.818s][info][gc,stats    ]     166 of   635 ms ( 26.2%): Executor task launch worker for task 0.0 in stage 14.0 (TID 21)
[2026-04-03T03:27:29.858+0600][39.818s][info][gc,stats    ]     163 of   635 ms ( 25.7%): Executor task launch worker for task 2.0 in stage 14.0 (TID 23)
[2026-04-03T03:27:29.858+0600][39.818s][info][gc,stats    ]     492 of   635 ms ( 77.4%): <total>
[2026-04-03T03:27:29.858+0600][39.818s][info][gc,stats    ]       4 of   635 ms (  0.6%): <average total>
[2026-04-03T03:27:29.858+0600][39.818s][info][gc,stats    ]     164 of   635 ms ( 25.8%): <average non-zero>
[2026-04-03T03:27:29.858+0600][39.818s][info][gc,stats    ] 
[2026-04-03T03:27:29.858+0600][39.818s][info][gc,metaspace] Metaspace: 72600K(73536K)->72600K(73536K) NonClass: 63331K(63872K)->63331K(63872K) Class: 9268K(9664K)->9268K(9664K)
[2026-04-03T03:27:29.858+0600][39.818s][info][gc,ergo     ] Pacer for Idle. Initial: 25600K, Alloc Tax Rate: 1.0x
[2026-04-03T03:27:29.860+0600][39.820s][info][gc          ] Trigger: Learning 5 of 5. Free (542M) is below initial threshold (875M)
[2026-04-03T03:27:29.860+0600][39.820s][info][gc,ergo     ] Free: 542M, Max: 512K regular, 204M humongous, Frag: 63% external, 0% internal; Reserve: 64000K, Max: 512K
[2026-04-03T03:27:29.860+0600][39.820s][info][gc,start    ] GC(36) Concurrent reset
[2026-04-03T03:27:29.860+0600][39.820s][info][gc,task     ] GC(36) Using 3 of 6 workers for concurrent reset
[2026-04-03T03:27:29.860+0600][39.820s][info][gc,ergo     ] GC(36) Pacer for Reset. Non-Taxable: 1250M
[2026-04-03T03:27:29.862+0600][39.822s][info][gc          ] GC(36) Concurrent reset 2.591ms
[2026-04-03T03:27:29.863+0600][39.823s][info][gc,start    ] GC(36) Pause Init Mark (unload classes)
[2026-04-03T03:27:29.863+0600][39.823s][info][gc,task     ] GC(36) Using 6 of 6 workers for init marking
[2026-04-03T03:27:29.863+0600][39.823s][info][gc,ergo     ] GC(36) Pacer for Mark. Expected Live: 222M, Free: 540M, Non-Taxable: 55296K, Alloc Tax Rate: 0.5x
[2026-04-03T03:27:29.863+0600][39.823s][info][gc          ] GC(36) Pause Init Mark (unload classes) 0.147ms
[2026-04-03T03:27:29.863+0600][39.823s][info][gc,start    ] GC(36) Concurrent marking roots
[2026-04-03T03:27:29.863+0600][39.823s][info][gc,task     ] GC(36) Using 3 of 6 workers for concurrent marking roots
[2026-04-03T03:27:29.864+0600][39.824s][info][gc          ] GC(36) Concurrent marking roots 1.097ms
[2026-04-03T03:27:29.864+0600][39.824s][info][gc,start    ] GC(36) Concurrent marking (unload classes)
[2026-04-03T03:27:29.864+0600][39.824s][info][gc,task     ] GC(36) Using 3 of 6 workers for concurrent marking
[2026-04-03T03:27:30.239+0600][40.199s][info][gc          ] GC(36) Concurrent marking (unload classes) 375.161ms
[2026-04-03T03:27:30.239+0600][40.199s][info][gc,start    ] GC(36) Pause Final Mark (unload classes)
[2026-04-03T03:27:30.239+0600][40.199s][info][gc,task     ] GC(36) Using 6 of 6 workers for final marking
[2026-04-03T03:27:30.240+0600][40.200s][info][gc,ergo     ] GC(36) Adaptive CSet Selection. Target Free: 177M, Actual Free: 476M, Max CSet: 53333K, Min Garbage: 0B
[2026-04-03T03:27:30.240+0600][40.200s][info][gc,ergo     ] GC(36) Collectable Garbage: 333M (96%), Immediate: 0B (0%), CSet: 333M (96%)
[2026-04-03T03:27:30.240+0600][40.200s][info][gc,ergo     ] GC(36) Pacer for Evacuation. Used CSet: 366M, Free: 413M, Non-Taxable: 42343K, Alloc Tax Rate: 2.2x
[2026-04-03T03:27:30.240+0600][40.200s][info][gc          ] GC(36) Pause Final Mark (unload classes) 0.845ms
[2026-04-03T03:27:30.240+0600][40.200s][info][gc,start    ] GC(36) Concurrent thread roots
[2026-04-03T03:27:30.240+0600][40.200s][info][gc,task     ] GC(36) Using 3 of 6 workers for Concurrent thread roots
[2026-04-03T03:27:30.241+0600][40.201s][info][gc          ] GC(36) Concurrent thread roots 0.590ms
[2026-04-03T03:27:30.241+0600][40.201s][info][gc,start    ] GC(36) Concurrent weak references
[2026-04-03T03:27:30.241+0600][40.201s][info][gc,task     ] GC(36) Using 3 of 6 workers for concurrent weak references
[2026-04-03T03:27:30.241+0600][40.201s][info][gc,ref      ] GC(36) Encountered references: Soft: 3157, Weak: 6224, Final: 84, Phantom: 599
[2026-04-03T03:27:30.241+0600][40.201s][info][gc,ref      ] GC(36) Discovered  references: Soft: 0, Weak: 501, Final: 0, Phantom: 596
[2026-04-03T03:27:30.241+0600][40.201s][info][gc,ref      ] GC(36) Enqueued    references: Soft: 0, Weak: 0, Final: 0, Phantom: 0
[2026-04-03T03:27:30.241+0600][40.201s][info][gc          ] GC(36) Concurrent weak references 0.334ms
[2026-04-03T03:27:30.241+0600][40.201s][info][gc,start    ] GC(36) Concurrent weak roots
[2026-04-03T03:27:30.241+0600][40.201s][info][gc,task     ] GC(36) Using 3 of 6 workers for concurrent weak root
[2026-04-03T03:27:30.243+0600][40.203s][info][gc          ] GC(36) Concurrent weak roots 1.988ms
[2026-04-03T03:27:30.243+0600][40.203s][info][gc,start    ] GC(36) Concurrent cleanup
[2026-04-03T03:27:30.244+0600][40.204s][info][gc          ] GC(36) Concurrent cleanup 771M->771M(926M) 0.146ms
[2026-04-03T03:27:30.244+0600][40.204s][info][gc,ergo     ] GC(36) Free: 410M, Max: 512K regular, 204M humongous, Frag: 51% external, 0% internal; Reserve: 63746K, Max: 512K
[2026-04-03T03:27:30.244+0600][40.204s][info][gc,start    ] GC(36) Concurrent class unloading
[2026-04-03T03:27:30.244+0600][40.204s][info][gc,task     ] GC(36) Using 3 of 6 workers for concurrent class unloading
[2026-04-03T03:27:30.249+0600][40.209s][info][gc          ] GC(36) Concurrent class unloading 5.560ms
[2026-04-03T03:27:30.249+0600][40.209s][info][gc,start    ] GC(36) Concurrent strong roots
[2026-04-03T03:27:30.249+0600][40.209s][info][gc,task     ] GC(36) Using 3 of 6 workers for concurrent strong root
[2026-04-03T03:27:30.250+0600][40.210s][info][gc          ] GC(36) Concurrent strong roots 0.792ms
[2026-04-03T03:27:30.250+0600][40.210s][info][gc,start    ] GC(36) Concurrent evacuation
[2026-04-03T03:27:30.250+0600][40.210s][info][gc,task     ] GC(36) Using 3 of 6 workers for concurrent evacuation
[2026-04-03T03:27:30.296+0600][40.257s][info][gc          ] GC(36) Concurrent evacuation 46.386ms
[2026-04-03T03:27:30.297+0600][40.257s][info][gc,start    ] GC(36) Pause Init Update Refs
[2026-04-03T03:27:30.297+0600][40.257s][info][gc,ergo     ] GC(36) Pacer for Update Refs. Used: 840M, Free: 375M, Non-Taxable: 38400K, Alloc Tax Rate: 2.7x
[2026-04-03T03:27:30.297+0600][40.257s][info][gc          ] GC(36) Pause Init Update Refs 0.102ms
[2026-04-03T03:27:30.297+0600][40.257s][info][gc,start    ] GC(36) Concurrent update references
[2026-04-03T03:27:30.297+0600][40.257s][info][gc,task     ] GC(36) Using 3 of 6 workers for concurrent reference update
[2026-04-03T03:27:30.536+0600][40.496s][info][gc          ] GC(36) Concurrent update references 239.238ms
[2026-04-03T03:27:30.537+0600][40.497s][info][gc,start    ] GC(36) Concurrent update thread roots
[2026-04-03T03:27:30.538+0600][40.498s][info][gc          ] GC(36) Concurrent update thread roots 1.201ms
[2026-04-03T03:27:30.538+0600][40.498s][info][gc,start    ] GC(36) Pause Final Update Refs
[2026-04-03T03:27:30.538+0600][40.498s][info][gc,task     ] GC(36) Using 6 of 6 workers for final reference update
[2026-04-03T03:27:30.538+0600][40.498s][info][gc          ] GC(36) Pause Final Update Refs 0.186ms
[2026-04-03T03:27:30.538+0600][40.498s][info][gc,start    ] GC(36) Concurrent cleanup
[2026-04-03T03:27:30.539+0600][40.499s][info][gc          ] GC(36) Concurrent cleanup 994M->628M(999M) 0.302ms
[2026-04-03T03:27:30.539+0600][40.499s][info][gc,ergo     ] Free: 553M, Max: 512K regular, 184M humongous, Frag: 67% external, 0% internal; Reserve: 64000K, Max: 512K
[2026-04-03T03:27:30.539+0600][40.499s][info][gc,stats    ] 
[2026-04-03T03:27:30.539+0600][40.499s][info][gc,stats    ] All times are wall-clock times, except per-root-class counters, that are sum over
[2026-04-03T03:27:30.539+0600][40.499s][info][gc,stats    ] all workers. Dividing the <total> over the root stage time estimates parallelism.
[2026-04-03T03:27:30.539+0600][40.499s][info][gc,stats    ] 
[2026-04-03T03:27:30.539+0600][40.499s][info][gc,stats    ] Concurrent Reset                   2686 us
[2026-04-03T03:27:30.539+0600][40.499s][info][gc,stats    ] Pause Init Mark (G)                 436 us
[2026-04-03T03:27:30.539+0600][40.499s][info][gc,stats    ] Pause Init Mark (N)                 157 us
[2026-04-03T03:27:30.539+0600][40.499s][info][gc,stats    ]   Update Region States               38 us
[2026-04-03T03:27:30.539+0600][40.499s][info][gc,stats    ] Concurrent Mark Roots              1145 us, parallelism: 1.63x
[2026-04-03T03:27:30.539+0600][40.499s][info][gc,stats    ]   CMR: <total>                     1870 us
[2026-04-03T03:27:30.539+0600][40.499s][info][gc,stats    ]   CMR: Thread Roots                1576 us, workers (us): 608, 599, 369, ---, ---, ---, 
[2026-04-03T03:27:30.539+0600][40.499s][info][gc,stats    ]   CMR: VM Strong Roots               54 us, workers (us):  37,  12,   4, ---, ---, ---, 
[2026-04-03T03:27:30.539+0600][40.499s][info][gc,stats    ]   CMR: CLDG Roots                   241 us, workers (us): ---, ---, 241, ---, ---, ---, 
[2026-04-03T03:27:30.539+0600][40.499s][info][gc,stats    ] Concurrent Marking               375236 us
[2026-04-03T03:27:30.539+0600][40.499s][info][gc,stats    ] Pause Final Mark (G)               1087 us
[2026-04-03T03:27:30.539+0600][40.499s][info][gc,stats    ] Pause Final Mark (N)                857 us
[2026-04-03T03:27:30.539+0600][40.499s][info][gc,stats    ]   Finish Mark                       314 us
[2026-04-03T03:27:30.539+0600][40.499s][info][gc,stats    ]   Update Region States               35 us
[2026-04-03T03:27:30.539+0600][40.499s][info][gc,stats    ]   Choose Collection Set             373 us
[2026-04-03T03:27:30.539+0600][40.499s][info][gc,stats    ]   Rebuild Free Set                   27 us
[2026-04-03T03:27:30.539+0600][40.499s][info][gc,stats    ] Concurrent Thread Roots             631 us, parallelism: 1.78x
[2026-04-03T03:27:30.539+0600][40.499s][info][gc,stats    ]   CTR: <total>                     1121 us
[2026-04-03T03:27:30.539+0600][40.499s][info][gc,stats    ]   CTR: Thread Roots                1121 us, workers (us): 415, 374, 332, ---, ---, ---, 
[2026-04-03T03:27:30.539+0600][40.499s][info][gc,stats    ] Concurrent Weak References          345 us, parallelism: 0.49x
[2026-04-03T03:27:30.539+0600][40.499s][info][gc,stats    ]   CWRF: <total>                     170 us
[2026-04-03T03:27:30.539+0600][40.499s][info][gc,stats    ]   CWRF: Weak References             170 us, workers (us):  58, 111,   1, ---, ---, ---, 
[2026-04-03T03:27:30.539+0600][40.499s][info][gc,stats    ] Concurrent Weak Roots              2048 us
[2026-04-03T03:27:30.539+0600][40.499s][info][gc,stats    ]   Roots                            1731 us, parallelism: 2.31x
[2026-04-03T03:27:30.539+0600][40.499s][info][gc,stats    ]     CWR: <total>                   3991 us
[2026-04-03T03:27:30.539+0600][40.499s][info][gc,stats    ]     CWR: Code Cache Roots          2708 us, workers (us): 879, 1047, 782, ---, ---, ---, 
[2026-04-03T03:27:30.539+0600][40.499s][info][gc,stats    ]     CWR: VM Weak Roots             1194 us, workers (us): 439, 407, 348, ---, ---, ---, 
[2026-04-03T03:27:30.539+0600][40.499s][info][gc,stats    ]     CWR: CLDG Roots                  89 us, workers (us): ---, ---,  89, ---, ---, ---, 
[2026-04-03T03:27:30.539+0600][40.499s][info][gc,stats    ]   Rendezvous                        232 us
[2026-04-03T03:27:30.539+0600][40.499s][info][gc,stats    ] Concurrent Cleanup                  161 us
[2026-04-03T03:27:30.539+0600][40.499s][info][gc,stats    ] Concurrent Class Unloading         5644 us
[2026-04-03T03:27:30.539+0600][40.499s][info][gc,stats    ]   Unlink Stale                     5254 us
[2026-04-03T03:27:30.539+0600][40.499s][info][gc,stats    ]     System Dictionary               111 us
[2026-04-03T03:27:30.539+0600][40.499s][info][gc,stats    ]     Weak Class Links                  1 us
[2026-04-03T03:27:30.539+0600][40.499s][info][gc,stats    ]     Code Roots                     5138 us
[2026-04-03T03:27:30.539+0600][40.499s][info][gc,stats    ]   Rendezvous                        261 us
[2026-04-03T03:27:30.539+0600][40.499s][info][gc,stats    ]   Purge Unlinked                     15 us
[2026-04-03T03:27:30.539+0600][40.499s][info][gc,stats    ]     Code Roots                        4 us
[2026-04-03T03:27:30.539+0600][40.499s][info][gc,stats    ]     CLDG                             10 us
[2026-04-03T03:27:30.539+0600][40.499s][info][gc,stats    ]     Exception Caches                  0 us
[2026-04-03T03:27:30.539+0600][40.499s][info][gc,stats    ] Concurrent Strong Roots             860 us, parallelism: 0.56x
[2026-04-03T03:27:30.539+0600][40.499s][info][gc,stats    ]   CSR: <total>                      480 us
[2026-04-03T03:27:30.539+0600][40.499s][info][gc,stats    ]   CSR: VM Strong Roots               32 us, workers (us):  31,   1,   0, ---, ---, ---, 
[2026-04-03T03:27:30.539+0600][40.499s][info][gc,stats    ]   CSR: CLDG Roots                   448 us, workers (us): 448, ---, ---, ---, ---, ---, 
[2026-04-03T03:27:30.539+0600][40.499s][info][gc,stats    ] Concurrent Evacuation             46496 us
[2026-04-03T03:27:30.539+0600][40.499s][info][gc,stats    ] Pause Init Update Refs (G)          587 us
[2026-04-03T03:27:30.539+0600][40.499s][info][gc,stats    ] Pause Init Update Refs (N)          119 us
[2026-04-03T03:27:30.539+0600][40.499s][info][gc,stats    ]   Manage GCLABs                      22 us
[2026-04-03T03:27:30.539+0600][40.499s][info][gc,stats    ] Concurrent Update Refs           239349 us
[2026-04-03T03:27:30.539+0600][40.499s][info][gc,stats    ] Concurrent Update Thread Roots     1271 us
[2026-04-03T03:27:30.539+0600][40.499s][info][gc,stats    ] Pause Final Update Refs (G)         537 us
[2026-04-03T03:27:30.539+0600][40.499s][info][gc,stats    ] Pause Final Update Refs (N)         203 us
[2026-04-03T03:27:30.539+0600][40.499s][info][gc,stats    ]   Update Region States               58 us
[2026-04-03T03:27:30.539+0600][40.499s][info][gc,stats    ]   Trash Collection Set               20 us
[2026-04-03T03:27:30.539+0600][40.500s][info][gc,stats    ]   Rebuild Free Set                   31 us
[2026-04-03T03:27:30.539+0600][40.500s][info][gc,stats    ] Concurrent Cleanup                  330 us
[2026-04-03T03:27:30.539+0600][40.500s][info][gc,stats    ] Pacing                           610490 us
[2026-04-03T03:27:30.540+0600][40.500s][info][gc,stats    ] 
[2026-04-03T03:27:30.540+0600][40.500s][info][gc,stats    ] Allocation pacing accrued:
[2026-04-03T03:27:30.540+0600][40.500s][info][gc,stats    ]     206 of   681 ms ( 30.2%): Executor task launch worker for task 1.0 in stage 14.0 (TID 22)
[2026-04-03T03:27:30.540+0600][40.500s][info][gc,stats    ]     204 of   681 ms ( 29.9%): Executor task launch worker for task 0.0 in stage 14.0 (TID 21)
[2026-04-03T03:27:30.540+0600][40.500s][info][gc,stats    ]     201 of   681 ms ( 29.4%): Executor task launch worker for task 2.0 in stage 14.0 (TID 23)
[2026-04-03T03:27:30.540+0600][40.500s][info][gc,stats    ]     610 of   681 ms ( 89.6%): <total>
[2026-04-03T03:27:30.540+0600][40.500s][info][gc,stats    ]       5 of   681 ms (  0.7%): <average total>
[2026-04-03T03:27:30.540+0600][40.500s][info][gc,stats    ]     203 of   681 ms ( 29.9%): <average non-zero>
[2026-04-03T03:27:30.540+0600][40.500s][info][gc,stats    ] 
[2026-04-03T03:27:30.540+0600][40.500s][info][gc,metaspace] Metaspace: 72600K(73536K)->72600K(73536K) NonClass: 63331K(63872K)->63331K(63872K) Class: 9268K(9664K)->9268K(9664K)
[2026-04-03T03:27:30.540+0600][40.500s][info][gc,ergo     ] Pacer for Idle. Initial: 25600K, Alloc Tax Rate: 1.0x
[2026-04-03T03:27:30.632+0600][40.592s][info][gc          ] Trigger: Average GC time (814.93 ms) is above the time for average allocation rate (521 MB/s) to deplete free headroom (424M) (margin of error = 1.80)
[2026-04-03T03:27:30.632+0600][40.592s][info][gc,ergo     ] Free headroom: 487M (free) - 64000K (spike) - 0B (penalties) = 424M
[2026-04-03T03:27:30.632+0600][40.592s][info][gc,ergo     ] Free: 487M, Max: 512K regular, 184M humongous, Frag: 63% external, 0% internal; Reserve: 64000K, Max: 512K
[2026-04-03T03:27:30.632+0600][40.592s][info][gc,start    ] GC(37) Concurrent reset
[2026-04-03T03:27:30.632+0600][40.592s][info][gc,task     ] GC(37) Using 3 of 6 workers for concurrent reset
[2026-04-03T03:27:30.632+0600][40.592s][info][gc,ergo     ] GC(37) Pacer for Reset. Non-Taxable: 1250M
[2026-04-03T03:27:30.634+0600][40.594s][info][gc          ] GC(37) Concurrent reset 2.456ms
[2026-04-03T03:27:30.635+0600][40.595s][info][gc,start    ] GC(37) Pause Init Mark (unload classes)
[2026-04-03T03:27:30.635+0600][40.595s][info][gc,task     ] GC(37) Using 6 of 6 workers for init marking
[2026-04-03T03:27:30.635+0600][40.595s][info][gc,ergo     ] GC(37) Pacer for Mark. Expected Live: 232M, Free: 485M, Non-Taxable: 49664K, Alloc Tax Rate: 0.6x
[2026-04-03T03:27:30.635+0600][40.595s][info][gc          ] GC(37) Pause Init Mark (unload classes) 0.402ms
[2026-04-03T03:27:30.635+0600][40.595s][info][gc,start    ] GC(37) Concurrent marking roots
[2026-04-03T03:27:30.635+0600][40.595s][info][gc,task     ] GC(37) Using 3 of 6 workers for concurrent marking roots
[2026-04-03T03:27:30.637+0600][40.597s][info][gc          ] GC(37) Concurrent marking roots 1.193ms
[2026-04-03T03:27:30.637+0600][40.597s][info][gc,start    ] GC(37) Concurrent marking (unload classes)
[2026-04-03T03:27:30.637+0600][40.597s][info][gc,task     ] GC(37) Using 3 of 6 workers for concurrent marking
[2026-04-03T03:27:31.059+0600][41.019s][info][gc          ] GC(37) Concurrent marking (unload classes) 422.419ms
[2026-04-03T03:27:31.059+0600][41.019s][info][gc,start    ] GC(37) Pause Final Mark (unload classes)
[2026-04-03T03:27:31.059+0600][41.019s][info][gc,task     ] GC(37) Using 6 of 6 workers for final marking
[2026-04-03T03:27:31.060+0600][41.020s][info][gc,ergo     ] GC(37) Adaptive CSet Selection. Target Free: 177M, Actual Free: 419M, Max CSet: 53333K, Min Garbage: 0B
[2026-04-03T03:27:31.060+0600][41.020s][info][gc,ergo     ] GC(37) Collectable Garbage: 355M (96%), Immediate: 8192K (2%), CSet: 347M (93%)
[2026-04-03T03:27:31.060+0600][41.020s][info][gc,ergo     ] GC(37) Pacer for Evacuation. Used CSet: 380M, Free: 357M, Non-Taxable: 36608K, Alloc Tax Rate: 2.6x
[2026-04-03T03:27:31.060+0600][41.020s][info][gc          ] GC(37) Pause Final Mark (unload classes) 0.756ms
[2026-04-03T03:27:31.060+0600][41.020s][info][gc,start    ] GC(37) Concurrent thread roots
[2026-04-03T03:27:31.060+0600][41.020s][info][gc,task     ] GC(37) Using 3 of 6 workers for Concurrent thread roots
[2026-04-03T03:27:31.061+0600][41.021s][info][gc          ] GC(37) Concurrent thread roots 0.639ms
[2026-04-03T03:27:31.061+0600][41.021s][info][gc,start    ] GC(37) Concurrent weak references
[2026-04-03T03:27:31.061+0600][41.021s][info][gc,task     ] GC(37) Using 3 of 6 workers for concurrent weak references
[2026-04-03T03:27:31.061+0600][41.021s][info][gc,ref      ] GC(37) Encountered references: Soft: 3157, Weak: 6224, Final: 84, Phantom: 599
[2026-04-03T03:27:31.061+0600][41.021s][info][gc,ref      ] GC(37) Discovered  references: Soft: 0, Weak: 1093, Final: 2, Phantom: 596
[2026-04-03T03:27:31.061+0600][41.021s][info][gc,ref      ] GC(37) Enqueued    references: Soft: 0, Weak: 0, Final: 0, Phantom: 0
[2026-04-03T03:27:31.061+0600][41.021s][info][gc          ] GC(37) Concurrent weak references 0.248ms
[2026-04-03T03:27:31.061+0600][41.021s][info][gc,start    ] GC(37) Concurrent weak roots
[2026-04-03T03:27:31.061+0600][41.021s][info][gc,task     ] GC(37) Using 3 of 6 workers for concurrent weak root
[2026-04-03T03:27:31.063+0600][41.023s][info][gc          ] GC(37) Concurrent weak roots 2.161ms
[2026-04-03T03:27:31.063+0600][41.023s][info][gc,start    ] GC(37) Concurrent cleanup
[2026-04-03T03:27:31.064+0600][41.024s][info][gc          ] GC(37) Concurrent cleanup 835M->827M(999M) 0.438ms
[2026-04-03T03:27:31.064+0600][41.024s][info][gc,ergo     ] GC(37) Free: 354M, Max: 512K regular, 184M humongous, Frag: 49% external, 0% internal; Reserve: 63804K, Max: 512K
[2026-04-03T03:27:31.064+0600][41.024s][info][gc,start    ] GC(37) Concurrent class unloading
[2026-04-03T03:27:31.064+0600][41.024s][info][gc,task     ] GC(37) Using 3 of 6 workers for concurrent class unloading
[2026-04-03T03:27:31.070+0600][41.030s][info][gc          ] GC(37) Concurrent class unloading 5.763ms
[2026-04-03T03:27:31.070+0600][41.030s][info][gc,start    ] GC(37) Concurrent strong roots
[2026-04-03T03:27:31.070+0600][41.030s][info][gc,task     ] GC(37) Using 3 of 6 workers for concurrent strong root
[2026-04-03T03:27:31.070+0600][41.030s][info][gc          ] GC(37) Concurrent strong roots 0.876ms
[2026-04-03T03:27:31.071+0600][41.031s][info][gc,start    ] GC(37) Concurrent evacuation
[2026-04-03T03:27:31.071+0600][41.031s][info][gc,task     ] GC(37) Using 3 of 6 workers for concurrent evacuation
[2026-04-03T03:27:31.116+0600][41.076s][info][gc          ] GC(37) Concurrent evacuation 45.349ms
[2026-04-03T03:27:31.116+0600][41.076s][info][gc,start    ] GC(37) Pause Init Update Refs
[2026-04-03T03:27:31.116+0600][41.076s][info][gc,ergo     ] GC(37) Pacer for Update Refs. Used: 899M, Free: 317M, Non-Taxable: 32461K, Alloc Tax Rate: 3.5x
[2026-04-03T03:27:31.116+0600][41.076s][info][gc          ] GC(37) Pause Init Update Refs 0.203ms
[2026-04-03T03:27:31.116+0600][41.076s][info][gc,start    ] GC(37) Concurrent update references
[2026-04-03T03:27:31.116+0600][41.076s][info][gc,task     ] GC(37) Using 3 of 6 workers for concurrent reference update
[2026-04-03T03:27:31.380+0600][41.340s][info][gc          ] GC(37) Concurrent update references 263.880ms
[2026-04-03T03:27:31.380+0600][41.340s][info][gc,start    ] GC(37) Concurrent update thread roots
[2026-04-03T03:27:31.381+0600][41.341s][info][gc          ] GC(37) Concurrent update thread roots 1.030ms
[2026-04-03T03:27:31.382+0600][41.342s][info][gc,start    ] GC(37) Pause Final Update Refs
[2026-04-03T03:27:31.382+0600][41.342s][info][gc,task     ] GC(37) Using 6 of 6 workers for final reference update
[2026-04-03T03:27:31.382+0600][41.342s][info][gc          ] GC(37) Pause Final Update Refs 0.404ms
[2026-04-03T03:27:31.382+0600][41.342s][info][gc,start    ] GC(37) Concurrent cleanup
[2026-04-03T03:27:31.383+0600][41.343s][info][gc          ] GC(37) Concurrent cleanup 975M->594M(1021M) 0.358ms
[2026-04-03T03:27:31.383+0600][41.343s][info][gc,ergo     ] Free: 587M, Max: 512K regular, 168M humongous, Frag: 72% external, 0% internal; Reserve: 64000K, Max: 512K
[2026-04-03T03:27:31.383+0600][41.343s][info][gc,stats    ] 
[2026-04-03T03:27:31.383+0600][41.343s][info][gc,stats    ] All times are wall-clock times, except per-root-class counters, that are sum over
[2026-04-03T03:27:31.383+0600][41.343s][info][gc,stats    ] all workers. Dividing the <total> over the root stage time estimates parallelism.
[2026-04-03T03:27:31.383+0600][41.343s][info][gc,stats    ] 
[2026-04-03T03:27:31.383+0600][41.343s][info][gc,stats    ] Concurrent Reset                   2559 us
[2026-04-03T03:27:31.383+0600][41.343s][info][gc,stats    ] Pause Init Mark (G)                 904 us
[2026-04-03T03:27:31.383+0600][41.343s][info][gc,stats    ] Pause Init Mark (N)                 418 us
[2026-04-03T03:27:31.383+0600][41.343s][info][gc,stats    ]   Update Region States               43 us
[2026-04-03T03:27:31.383+0600][41.343s][info][gc,stats    ] Concurrent Mark Roots              1279 us, parallelism: 1.48x
[2026-04-03T03:27:31.383+0600][41.343s][info][gc,stats    ]   CMR: <total>                     1888 us
[2026-04-03T03:27:31.383+0600][41.343s][info][gc,stats    ]   CMR: Thread Roots                1581 us, workers (us): 614, 351, 616, ---, ---, ---, 
[2026-04-03T03:27:31.383+0600][41.343s][info][gc,stats    ]   CMR: VM Strong Roots               42 us, workers (us):  35,   6,   2, ---, ---, ---, 
[2026-04-03T03:27:31.383+0600][41.343s][info][gc,stats    ]   CMR: CLDG Roots                   264 us, workers (us): ---, 264, ---, ---, ---, ---, 
[2026-04-03T03:27:31.383+0600][41.343s][info][gc,stats    ] Concurrent Marking               422495 us
[2026-04-03T03:27:31.383+0600][41.343s][info][gc,stats    ] Pause Final Mark (G)                931 us
[2026-04-03T03:27:31.383+0600][41.343s][info][gc,stats    ] Pause Final Mark (N)                767 us
[2026-04-03T03:27:31.383+0600][41.343s][info][gc,stats    ]   Finish Mark                       230 us
[2026-04-03T03:27:31.383+0600][41.343s][info][gc,stats    ]   Update Region States               34 us
[2026-04-03T03:27:31.383+0600][41.343s][info][gc,stats    ]   Choose Collection Set             363 us
[2026-04-03T03:27:31.383+0600][41.343s][info][gc,stats    ]   Rebuild Free Set                   26 us
[2026-04-03T03:27:31.383+0600][41.343s][info][gc,stats    ] Concurrent Thread Roots             707 us, parallelism: 1.63x
[2026-04-03T03:27:31.383+0600][41.343s][info][gc,stats    ]   CTR: <total>                     1151 us
[2026-04-03T03:27:31.383+0600][41.343s][info][gc,stats    ]   CTR: Thread Roots                1151 us, workers (us): 423, 371, 357, ---, ---, ---, 
[2026-04-03T03:27:31.383+0600][41.343s][info][gc,stats    ] Concurrent Weak References          256 us, parallelism: 0.89x
[2026-04-03T03:27:31.383+0600][41.343s][info][gc,stats    ]   CWRF: <total>                     228 us
[2026-04-03T03:27:31.383+0600][41.343s][info][gc,stats    ]   CWRF: Weak References             228 us, workers (us):  91, 101,  36, ---, ---, ---, 
[2026-04-03T03:27:31.383+0600][41.343s][info][gc,stats    ] Concurrent Weak Roots              2220 us
[2026-04-03T03:27:31.383+0600][41.343s][info][gc,stats    ]   Roots                            1874 us, parallelism: 2.43x
[2026-04-03T03:27:31.383+0600][41.343s][info][gc,stats    ]     CWR: <total>                   4548 us
[2026-04-03T03:27:31.383+0600][41.343s][info][gc,stats    ]     CWR: Code Cache Roots          2973 us, workers (us): 1040, 817, 1116, ---, ---, ---, 
[2026-04-03T03:27:31.383+0600][41.343s][info][gc,stats    ]     CWR: VM Weak Roots             1382 us, workers (us): 513, 458, 411, ---, ---, ---, 
[2026-04-03T03:27:31.383+0600][41.343s][info][gc,stats    ]     CWR: CLDG Roots                 194 us, workers (us): ---, 194, ---, ---, ---, ---, 
[2026-04-03T03:27:31.383+0600][41.343s][info][gc,stats    ]   Rendezvous                        263 us
[2026-04-03T03:27:31.383+0600][41.343s][info][gc,stats    ] Concurrent Cleanup                  455 us
[2026-04-03T03:27:31.383+0600][41.343s][info][gc,stats    ] Concurrent Class Unloading         5833 us
[2026-04-03T03:27:31.383+0600][41.343s][info][gc,stats    ]   Unlink Stale                     5352 us
[2026-04-03T03:27:31.383+0600][41.343s][info][gc,stats    ]     System Dictionary                81 us
[2026-04-03T03:27:31.383+0600][41.343s][info][gc,stats    ]     Weak Class Links                  0 us
[2026-04-03T03:27:31.383+0600][41.343s][info][gc,stats    ]     Code Roots                     5268 us
[2026-04-03T03:27:31.383+0600][41.343s][info][gc,stats    ]   Rendezvous                        344 us
[2026-04-03T03:27:31.383+0600][41.343s][info][gc,stats    ]   Purge Unlinked                     15 us
[2026-04-03T03:27:31.383+0600][41.343s][info][gc,stats    ]     Code Roots                        5 us
[2026-04-03T03:27:31.383+0600][41.343s][info][gc,stats    ]     CLDG                             10 us
[2026-04-03T03:27:31.383+0600][41.343s][info][gc,stats    ]     Exception Caches                  0 us
[2026-04-03T03:27:31.383+0600][41.343s][info][gc,stats    ] Concurrent Strong Roots             931 us, parallelism: 0.57x
[2026-04-03T03:27:31.383+0600][41.343s][info][gc,stats    ]   CSR: <total>                      533 us
[2026-04-03T03:27:31.383+0600][41.343s][info][gc,stats    ]   CSR: VM Strong Roots               27 us, workers (us):  26,   1,   0, ---, ---, ---, 
[2026-04-03T03:27:31.383+0600][41.343s][info][gc,stats    ]   CSR: CLDG Roots                   506 us, workers (us): 506, ---, ---, ---, ---, ---, 
[2026-04-03T03:27:31.383+0600][41.343s][info][gc,stats    ] Concurrent Evacuation             45424 us
[2026-04-03T03:27:31.383+0600][41.343s][info][gc,stats    ] Pause Init Update Refs (G)          440 us
[2026-04-03T03:27:31.383+0600][41.343s][info][gc,stats    ] Pause Init Update Refs (N)          221 us
[2026-04-03T03:27:31.383+0600][41.343s][info][gc,stats    ]   Manage GCLABs                      50 us
[2026-04-03T03:27:31.383+0600][41.343s][info][gc,stats    ] Concurrent Update Refs           263975 us
[2026-04-03T03:27:31.383+0600][41.343s][info][gc,stats    ] Concurrent Update Thread Roots     1080 us
[2026-04-03T03:27:31.383+0600][41.343s][info][gc,stats    ] Pause Final Update Refs (G)         768 us
[2026-04-03T03:27:31.383+0600][41.343s][info][gc,stats    ] Pause Final Update Refs (N)         422 us
[2026-04-03T03:27:31.383+0600][41.343s][info][gc,stats    ]   Update Region States               39 us
[2026-04-03T03:27:31.383+0600][41.343s][info][gc,stats    ]   Trash Collection Set               14 us
[2026-04-03T03:27:31.383+0600][41.343s][info][gc,stats    ]   Rebuild Free Set                   27 us
[2026-04-03T03:27:31.383+0600][41.343s][info][gc,stats    ] Concurrent Cleanup                  383 us
[2026-04-03T03:27:31.383+0600][41.343s][info][gc,stats    ] Pacing                           656473 us
[2026-04-03T03:27:31.383+0600][41.343s][info][gc,stats    ] 
[2026-04-03T03:27:31.383+0600][41.343s][info][gc,stats    ] Allocation pacing accrued:
[2026-04-03T03:27:31.383+0600][41.343s][info][gc,stats    ]     217 of   844 ms ( 25.7%): Executor task launch worker for task 1.0 in stage 14.0 (TID 22)
[2026-04-03T03:27:31.383+0600][41.343s][info][gc,stats    ]     217 of   844 ms ( 25.8%): Executor task launch worker for task 0.0 in stage 14.0 (TID 21)
[2026-04-03T03:27:31.383+0600][41.343s][info][gc,stats    ]     222 of   844 ms ( 26.3%): Executor task launch worker for task 2.0 in stage 14.0 (TID 23)
[2026-04-03T03:27:31.383+0600][41.343s][info][gc,stats    ]     656 of   844 ms ( 77.8%): <total>
[2026-04-03T03:27:31.383+0600][41.344s][info][gc,stats    ]       5 of   844 ms (  0.6%): <average total>
[2026-04-03T03:27:31.383+0600][41.344s][info][gc,stats    ]     219 of   844 ms ( 25.9%): <average non-zero>
[2026-04-03T03:27:31.383+0600][41.344s][info][gc,stats    ] 
[2026-04-03T03:27:31.384+0600][41.344s][info][gc,metaspace] Metaspace: 72600K(73536K)->72600K(73536K) NonClass: 63331K(63872K)->63331K(63872K) Class: 9268K(9664K)->9268K(9664K)
[2026-04-03T03:27:31.384+0600][41.344s][info][gc,ergo     ] Pacer for Idle. Initial: 25600K, Alloc Tax Rate: 1.0x
[2026-04-03T03:27:32.390+0600][42.350s][info][gc          ] Trigger: Average GC time (864.49 ms) is above the time for average allocation rate (453 MB/s) to deplete free headroom (371M) (margin of error = 1.81)
[2026-04-03T03:27:32.390+0600][42.350s][info][gc,ergo     ] Free headroom: 434M (free) - 64000K (spike) - 0B (penalties) = 371M
[2026-04-03T03:27:32.390+0600][42.350s][info][gc,ergo     ] Free: 434M, Max: 512K regular, 168M humongous, Frag: 62% external, 0% internal; Reserve: 64000K, Max: 512K
[2026-04-03T03:27:32.390+0600][42.350s][info][gc,start    ] GC(38) Concurrent reset
[2026-04-03T03:27:32.390+0600][42.350s][info][gc,task     ] GC(38) Using 3 of 6 workers for concurrent reset
[2026-04-03T03:27:32.390+0600][42.350s][info][gc,ergo     ] GC(38) Pacer for Reset. Non-Taxable: 1250M
[2026-04-03T03:27:32.392+0600][42.352s][info][gc          ] GC(38) Concurrent reset 1.929ms
[2026-04-03T03:27:32.393+0600][42.353s][info][gc,start    ] GC(38) Pause Init Mark (unload classes)
[2026-04-03T03:27:32.393+0600][42.353s][info][gc,task     ] GC(38) Using 6 of 6 workers for init marking
[2026-04-03T03:27:32.393+0600][42.353s][info][gc,ergo     ] GC(38) Pacer for Mark. Expected Live: 268M, Free: 433M, Non-Taxable: 44340K, Alloc Tax Rate: 0.8x
[2026-04-03T03:27:32.393+0600][42.353s][info][gc          ] GC(38) Pause Init Mark (unload classes) 0.236ms
[2026-04-03T03:27:32.393+0600][42.353s][info][gc,start    ] GC(38) Concurrent marking roots
[2026-04-03T03:27:32.393+0600][42.353s][info][gc,task     ] GC(38) Using 3 of 6 workers for concurrent marking roots
[2026-04-03T03:27:32.394+0600][42.354s][info][gc          ] GC(38) Concurrent marking roots 1.084ms
[2026-04-03T03:27:32.394+0600][42.354s][info][gc,start    ] GC(38) Concurrent marking (unload classes)
[2026-04-03T03:27:32.394+0600][42.354s][info][gc,task     ] GC(38) Using 3 of 6 workers for concurrent marking
[2026-04-03T03:27:32.620+0600][42.580s][info][gc          ] GC(38) Concurrent marking (unload classes) 226.136ms
[2026-04-03T03:27:32.621+0600][42.581s][info][gc,start    ] GC(38) Pause Final Mark (unload classes)
[2026-04-03T03:27:32.621+0600][42.581s][info][gc,task     ] GC(38) Using 6 of 6 workers for final marking
[2026-04-03T03:27:32.621+0600][42.581s][info][gc,ergo     ] GC(38) Adaptive CSet Selection. Target Free: 177M, Actual Free: 920M, Max CSet: 53333K, Min Garbage: 0B
[2026-04-03T03:27:32.621+0600][42.581s][info][gc,ergo     ] GC(38) Collectable Garbage: 559M (98%), Immediate: 485M (85%), CSet: 75797K (13%)
[2026-04-03T03:27:32.621+0600][42.581s][info][gc,ergo     ] GC(38) Pacer for Evacuation. Used CSet: 95742K, Free: 872M, Non-Taxable: 89293K, Alloc Tax Rate: 1.1x
[2026-04-03T03:27:32.621+0600][42.582s][info][gc          ] GC(38) Pause Final Mark (unload classes) 0.886ms
[2026-04-03T03:27:32.622+0600][42.582s][info][gc,start    ] GC(38) Concurrent thread roots
[2026-04-03T03:27:32.622+0600][42.582s][info][gc,task     ] GC(38) Using 3 of 6 workers for Concurrent thread roots
[2026-04-03T03:27:32.623+0600][42.583s][info][gc          ] GC(38) Concurrent thread roots 1.095ms
[2026-04-03T03:27:32.623+0600][42.583s][info][gc,start    ] GC(38) Concurrent weak references
[2026-04-03T03:27:32.623+0600][42.583s][info][gc,task     ] GC(38) Using 3 of 6 workers for concurrent weak references
[2026-04-03T03:27:32.624+0600][42.584s][info][gc,ref      ] GC(38) Encountered references: Soft: 3281, Weak: 6497, Final: 84, Phantom: 602
[2026-04-03T03:27:32.624+0600][42.584s][info][gc,ref      ] GC(38) Discovered  references: Soft: 0, Weak: 2617, Final: 48, Phantom: 367
[2026-04-03T03:27:32.624+0600][42.584s][info][gc,ref      ] GC(38) Enqueued    references: Soft: 0, Weak: 112, Final: 0, Phantom: 0
[2026-04-03T03:27:32.624+0600][42.584s][info][gc          ] GC(38) Concurrent weak references 0.883ms
[2026-04-03T03:27:32.624+0600][42.584s][info][gc,start    ] GC(38) Concurrent weak roots
[2026-04-03T03:27:32.624+0600][42.584s][info][gc,task     ] GC(38) Using 3 of 6 workers for concurrent weak root
[2026-04-03T03:27:32.627+0600][42.587s][info][gc          ] GC(38) Concurrent weak roots 3.273ms
[2026-04-03T03:27:32.627+0600][42.587s][info][gc,start    ] GC(38) Concurrent cleanup
[2026-04-03T03:27:32.627+0600][42.587s][info][gc          ] GC(38) Concurrent cleanup 798M->312M(1021M) 0.405ms
[2026-04-03T03:27:32.628+0600][42.588s][info][gc,ergo     ] GC(38) Free: 870M, Max: 512K regular, 211M humongous, Frag: 76% external, 0% internal; Reserve: 63290K, Max: 512K
[2026-04-03T03:27:32.628+0600][42.588s][info][gc,start    ] GC(38) Concurrent class unloading
[2026-04-03T03:27:32.628+0600][42.588s][info][gc,task     ] GC(38) Using 3 of 6 workers for concurrent class unloading
[2026-04-03T03:27:32.635+0600][42.595s][info][gc          ] GC(38) Concurrent class unloading 7.818ms
[2026-04-03T03:27:32.635+0600][42.595s][info][gc,start    ] GC(38) Concurrent strong roots
[2026-04-03T03:27:32.636+0600][42.596s][info][gc,task     ] GC(38) Using 3 of 6 workers for concurrent strong root
[2026-04-03T03:27:32.636+0600][42.596s][info][gc          ] GC(38) Concurrent strong roots 0.965ms
[2026-04-03T03:27:32.637+0600][42.597s][info][gc,start    ] GC(38) Concurrent evacuation
[2026-04-03T03:27:32.637+0600][42.597s][info][gc,task     ] GC(38) Using 3 of 6 workers for concurrent evacuation
[2026-04-03T03:27:32.655+0600][42.615s][info][gc          ] GC(38) Concurrent evacuation 18.643ms
[2026-04-03T03:27:32.656+0600][42.616s][info][gc,start    ] GC(38) Pause Init Update Refs
[2026-04-03T03:27:32.656+0600][42.616s][info][gc,ergo     ] GC(38) Pacer for Update Refs. Used: 340M, Free: 862M, Non-Taxable: 88320K, Alloc Tax Rate: 1.1x
[2026-04-03T03:27:32.656+0600][42.616s][info][gc          ] GC(38) Pause Init Update Refs 0.133ms
[2026-04-03T03:27:32.656+0600][42.616s][info][gc,start    ] GC(38) Concurrent update references
[2026-04-03T03:27:32.656+0600][42.616s][info][gc,task     ] GC(38) Using 3 of 6 workers for concurrent reference update
[2026-04-03T03:27:32.770+0600][42.730s][info][gc          ] GC(38) Concurrent update references 113.888ms
[2026-04-03T03:27:32.770+0600][42.730s][info][gc,start    ] GC(38) Concurrent update thread roots
[2026-04-03T03:27:32.771+0600][42.731s][info][gc          ] GC(38) Concurrent update thread roots 1.125ms
[2026-04-03T03:27:32.771+0600][42.731s][info][gc,start    ] GC(38) Pause Final Update Refs
[2026-04-03T03:27:32.771+0600][42.731s][info][gc,task     ] GC(38) Using 6 of 6 workers for final reference update
[2026-04-03T03:27:32.771+0600][42.731s][info][gc          ] GC(38) Pause Final Update Refs 0.168ms
[2026-04-03T03:27:32.771+0600][42.731s][info][gc,start    ] GC(38) Concurrent cleanup
[2026-04-03T03:27:32.772+0600][42.732s][info][gc          ] GC(38) Concurrent cleanup 387M->294M(1021M) 0.193ms
[2026-04-03T03:27:32.772+0600][42.732s][info][gc,ergo     ] Free: 887M, Max: 512K regular, 228M humongous, Frag: 75% external, 0% internal; Reserve: 64000K, Max: 512K
[2026-04-03T03:27:32.772+0600][42.732s][info][gc,stats    ] 
[2026-04-03T03:27:32.772+0600][42.732s][info][gc,stats    ] All times are wall-clock times, except per-root-class counters, that are sum over
[2026-04-03T03:27:32.772+0600][42.732s][info][gc,stats    ] all workers. Dividing the <total> over the root stage time estimates parallelism.
[2026-04-03T03:27:32.772+0600][42.732s][info][gc,stats    ] 
[2026-04-03T03:27:32.772+0600][42.732s][info][gc,stats    ] Concurrent Reset                   1998 us
[2026-04-03T03:27:32.772+0600][42.732s][info][gc,stats    ] Pause Init Mark (G)                 655 us
[2026-04-03T03:27:32.772+0600][42.732s][info][gc,stats    ] Pause Init Mark (N)                 245 us
[2026-04-03T03:27:32.772+0600][42.732s][info][gc,stats    ]   Update Region States               56 us
[2026-04-03T03:27:32.772+0600][42.732s][info][gc,stats    ] Concurrent Mark Roots              1118 us, parallelism: 1.79x
[2026-04-03T03:27:32.772+0600][42.732s][info][gc,stats    ]   CMR: <total>                     1996 us
[2026-04-03T03:27:32.772+0600][42.732s][info][gc,stats    ]   CMR: Thread Roots                1658 us, workers (us): 352, 682, 625, ---, ---, ---, 
[2026-04-03T03:27:32.772+0600][42.732s][info][gc,stats    ]   CMR: VM Strong Roots               32 us, workers (us):  31,   1,   1, ---, ---, ---, 
[2026-04-03T03:27:32.772+0600][42.732s][info][gc,stats    ]   CMR: CLDG Roots                   306 us, workers (us): 306, ---, ---, ---, ---, ---, 
[2026-04-03T03:27:32.772+0600][42.732s][info][gc,stats    ] Concurrent Marking               226253 us
[2026-04-03T03:27:32.772+0600][42.732s][info][gc,stats    ] Pause Final Mark (G)               1255 us
[2026-04-03T03:27:32.772+0600][42.732s][info][gc,stats    ] Pause Final Mark (N)                903 us
[2026-04-03T03:27:32.772+0600][42.732s][info][gc,stats    ]   Finish Mark                       331 us
[2026-04-03T03:27:32.772+0600][42.732s][info][gc,stats    ]   Update Region States               78 us
[2026-04-03T03:27:32.772+0600][42.732s][info][gc,stats    ]   Choose Collection Set             226 us
[2026-04-03T03:27:32.772+0600][42.732s][info][gc,stats    ]   Rebuild Free Set                   44 us
[2026-04-03T03:27:32.772+0600][42.732s][info][gc,stats    ] Concurrent Thread Roots            1153 us, parallelism: 1.76x
[2026-04-03T03:27:32.772+0600][42.732s][info][gc,stats    ]   CTR: <total>                     2031 us
[2026-04-03T03:27:32.772+0600][42.732s][info][gc,stats    ]   CTR: Thread Roots                2031 us, workers (us): 712, 712, 608, ---, ---, ---, 
[2026-04-03T03:27:32.772+0600][42.732s][info][gc,stats    ] Concurrent Weak References          901 us, parallelism: 0.79x
[2026-04-03T03:27:32.772+0600][42.732s][info][gc,stats    ]   CWRF: <total>                     713 us
[2026-04-03T03:27:32.772+0600][42.732s][info][gc,stats    ]   CWRF: Weak References             713 us, workers (us):  84, 627,   2, ---, ---, ---, 
[2026-04-03T03:27:32.772+0600][42.732s][info][gc,stats    ] Concurrent Weak Roots              3368 us
[2026-04-03T03:27:32.772+0600][42.732s][info][gc,stats    ]   Roots                            2939 us, parallelism: 2.63x
[2026-04-03T03:27:32.772+0600][42.732s][info][gc,stats    ]     CWR: <total>                   7739 us
[2026-04-03T03:27:32.772+0600][42.732s][info][gc,stats    ]     CWR: Code Cache Roots          4867 us, workers (us): 1669, 1654, 1544, ---, ---, ---, 
[2026-04-03T03:27:32.772+0600][42.732s][info][gc,stats    ]     CWR: VM Weak Roots             2777 us, workers (us): 977, 930, 870, ---, ---, ---, 
[2026-04-03T03:27:32.772+0600][42.732s][info][gc,stats    ]     CWR: CLDG Roots                  95 us, workers (us): ---, ---,  95, ---, ---, ---, 
[2026-04-03T03:27:32.772+0600][42.732s][info][gc,stats    ]   Rendezvous                        275 us
[2026-04-03T03:27:32.772+0600][42.732s][info][gc,stats    ] Concurrent Cleanup                  431 us
[2026-04-03T03:27:32.772+0600][42.732s][info][gc,stats    ] Concurrent Class Unloading         7931 us
[2026-04-03T03:27:32.772+0600][42.732s][info][gc,stats    ]   Unlink Stale                     6806 us
[2026-04-03T03:27:32.772+0600][42.732s][info][gc,stats    ]     System Dictionary               176 us
[2026-04-03T03:27:32.772+0600][42.732s][info][gc,stats    ]     Weak Class Links                  1 us
[2026-04-03T03:27:32.772+0600][42.732s][info][gc,stats    ]     Code Roots                     6623 us
[2026-04-03T03:27:32.772+0600][42.732s][info][gc,stats    ]   Rendezvous                        278 us
[2026-04-03T03:27:32.772+0600][42.732s][info][gc,stats    ]   Purge Unlinked                    690 us
[2026-04-03T03:27:32.772+0600][42.732s][info][gc,stats    ]     Code Roots                      672 us
[2026-04-03T03:27:32.772+0600][42.732s][info][gc,stats    ]     CLDG                             17 us
[2026-04-03T03:27:32.772+0600][42.732s][info][gc,stats    ]     Exception Caches                  0 us
[2026-04-03T03:27:32.772+0600][42.732s][info][gc,stats    ] Concurrent Strong Roots            1028 us, parallelism: 0.57x
[2026-04-03T03:27:32.772+0600][42.732s][info][gc,stats    ]   CSR: <total>                      586 us
[2026-04-03T03:27:32.772+0600][42.732s][info][gc,stats    ]   CSR: VM Strong Roots               49 us, workers (us):  29,  19,   1, ---, ---, ---, 
[2026-04-03T03:27:32.772+0600][42.732s][info][gc,stats    ]   CSR: CLDG Roots                   537 us, workers (us): 537, ---, ---, ---, ---, ---, 
[2026-04-03T03:27:32.772+0600][42.732s][info][gc,stats    ] Concurrent Evacuation             18783 us
[2026-04-03T03:27:32.772+0600][42.732s][info][gc,stats    ] Pause Init Update Refs (G)          498 us
[2026-04-03T03:27:32.772+0600][42.732s][info][gc,stats    ] Pause Init Update Refs (N)          148 us
[2026-04-03T03:27:32.772+0600][42.732s][info][gc,stats    ]   Manage GCLABs                      18 us
[2026-04-03T03:27:32.772+0600][42.732s][info][gc,stats    ] Concurrent Update Refs           113993 us
[2026-04-03T03:27:32.772+0600][42.732s][info][gc,stats    ] Concurrent Update Thread Roots     1177 us
[2026-04-03T03:27:32.772+0600][42.732s][info][gc,stats    ] Pause Final Update Refs (G)         468 us
[2026-04-03T03:27:32.772+0600][42.732s][info][gc,stats    ] Pause Final Update Refs (N)         186 us
[2026-04-03T03:27:32.772+0600][42.732s][info][gc,stats    ]   Update Region States               48 us
[2026-04-03T03:27:32.772+0600][42.732s][info][gc,stats    ]   Trash Collection Set               10 us
[2026-04-03T03:27:32.772+0600][42.732s][info][gc,stats    ]   Rebuild Free Set                   31 us
[2026-04-03T03:27:32.772+0600][42.732s][info][gc,stats    ] Concurrent Cleanup                  227 us
[2026-04-03T03:27:32.772+0600][42.732s][info][gc,stats    ] 
[2026-04-03T03:27:32.772+0600][42.732s][info][gc,stats    ] Allocation pacing accrued:
[2026-04-03T03:27:32.772+0600][42.732s][info][gc,stats    ]       0 of  1389 ms (  0.0%): <total>
[2026-04-03T03:27:32.772+0600][42.732s][info][gc,stats    ]       0 of  1389 ms (  0.0%): <average total>
[2026-04-03T03:27:32.772+0600][42.732s][info][gc,stats    ] 
[2026-04-03T03:27:32.772+0600][42.732s][info][gc,metaspace] Metaspace: 72670K(73600K)->72673K(73600K) NonClass: 63397K(63936K)->63400K(63936K) Class: 9272K(9664K)->9272K(9664K)
[2026-04-03T03:27:32.772+0600][42.733s][info][gc,ergo     ] Pacer for Idle. Initial: 25600K, Alloc Tax Rate: 1.0x
[2026-04-03T03:27:32.874+0600][42.834s][info][gc          ] Trigger: Average GC time (836.49 ms) is above the time for instantaneous allocation rate (1148 MB/s) to deplete free headroom (708M) (spike threshold = 1.80)
[2026-04-03T03:27:32.874+0600][42.834s][info][gc,ergo     ] Free: 770M, Max: 512K regular, 228M humongous, Frag: 71% external, 0% internal; Reserve: 64000K, Max: 512K
[2026-04-03T03:27:32.874+0600][42.834s][info][gc,start    ] GC(39) Concurrent reset
[2026-04-03T03:27:32.874+0600][42.834s][info][gc,task     ] GC(39) Using 3 of 6 workers for concurrent reset
[2026-04-03T03:27:32.874+0600][42.834s][info][gc,ergo     ] GC(39) Pacer for Reset. Non-Taxable: 1250M
[2026-04-03T03:27:32.876+0600][42.836s][info][gc          ] GC(39) Concurrent reset 1.132ms
[2026-04-03T03:27:32.876+0600][42.836s][info][gc,start    ] GC(39) Pause Init Mark (unload classes)
[2026-04-03T03:27:32.876+0600][42.836s][info][gc,task     ] GC(39) Using 6 of 6 workers for init marking
[2026-04-03T03:27:32.876+0600][42.836s][info][gc,ergo     ] GC(39) Pacer for Mark. Expected Live: 264M, Free: 770M, Non-Taxable: 78848K, Alloc Tax Rate: 0.4x
[2026-04-03T03:27:32.876+0600][42.836s][info][gc          ] GC(39) Pause Init Mark (unload classes) 0.135ms
[2026-04-03T03:27:32.876+0600][42.836s][info][gc,start    ] GC(39) Concurrent marking roots
[2026-04-03T03:27:32.876+0600][42.836s][info][gc,task     ] GC(39) Using 3 of 6 workers for concurrent marking roots
[2026-04-03T03:27:32.877+0600][42.837s][info][gc          ] GC(39) Concurrent marking roots 0.985ms
[2026-04-03T03:27:32.877+0600][42.837s][info][gc,start    ] GC(39) Concurrent marking (unload classes)
[2026-04-03T03:27:32.877+0600][42.837s][info][gc,task     ] GC(39) Using 3 of 6 workers for concurrent marking
[2026-04-03T03:27:33.227+0600][43.187s][info][gc          ] GC(39) Concurrent marking (unload classes) 350.380ms
[2026-04-03T03:27:33.228+0600][43.188s][info][gc,start    ] GC(39) Pause Final Mark (unload classes)
[2026-04-03T03:27:33.228+0600][43.188s][info][gc,task     ] GC(39) Using 6 of 6 workers for final marking
[2026-04-03T03:27:33.229+0600][43.189s][info][gc,ergo     ] GC(39) Adaptive CSet Selection. Target Free: 177M, Actual Free: 686M, Max CSet: 53333K, Min Garbage: 0B
[2026-04-03T03:27:33.229+0600][43.189s][info][gc,ergo     ] GC(39) Collectable Garbage: 143M (87%), Immediate: 12800K (7%), CSet: 131M (80%)
[2026-04-03T03:27:33.229+0600][43.189s][info][gc,ergo     ] GC(39) Pacer for Evacuation. Used CSet: 183M, Free: 628M, Non-Taxable: 64359K, Alloc Tax Rate: 1.1x
[2026-04-03T03:27:33.229+0600][43.189s][info][gc          ] GC(39) Pause Final Mark (unload classes) 1.356ms
[2026-04-03T03:27:33.229+0600][43.189s][info][gc,start    ] GC(39) Concurrent thread roots
[2026-04-03T03:27:33.229+0600][43.189s][info][gc,task     ] GC(39) Using 3 of 6 workers for Concurrent thread roots
[2026-04-03T03:27:33.230+0600][43.190s][info][gc          ] GC(39) Concurrent thread roots 0.824ms
[2026-04-03T03:27:33.230+0600][43.190s][info][gc,start    ] GC(39) Concurrent weak references
[2026-04-03T03:27:33.230+0600][43.190s][info][gc,task     ] GC(39) Using 3 of 6 workers for concurrent weak references
[2026-04-03T03:27:33.230+0600][43.190s][info][gc,ref      ] GC(39) Encountered references: Soft: 3284, Weak: 6394, Final: 84, Phantom: 599
[2026-04-03T03:27:33.230+0600][43.190s][info][gc,ref      ] GC(39) Discovered  references: Soft: 0, Weak: 675, Final: 0, Phantom: 596
[2026-04-03T03:27:33.230+0600][43.190s][info][gc,ref      ] GC(39) Enqueued    references: Soft: 0, Weak: 78, Final: 0, Phantom: 0
[2026-04-03T03:27:33.230+0600][43.191s][info][gc          ] GC(39) Concurrent weak references 0.377ms
[2026-04-03T03:27:33.231+0600][43.191s][info][gc,start    ] GC(39) Concurrent weak roots
[2026-04-03T03:27:33.231+0600][43.191s][info][gc,task     ] GC(39) Using 3 of 6 workers for concurrent weak root
[2026-04-03T03:27:33.234+0600][43.194s][info][gc          ] GC(39) Concurrent weak roots 3.480ms
[2026-04-03T03:27:33.234+0600][43.194s][info][gc,start    ] GC(39) Concurrent cleanup
[2026-04-03T03:27:33.235+0600][43.195s][info][gc          ] GC(39) Concurrent cleanup 566M->554M(1021M) 0.534ms
[2026-04-03T03:27:33.235+0600][43.195s][info][gc,ergo     ] GC(39) Free: 625M, Max: 512K regular, 228M humongous, Frag: 64% external, 0% internal; Reserve: 63762K, Max: 512K
[2026-04-03T03:27:33.235+0600][43.195s][info][gc,start    ] GC(39) Concurrent class unloading
[2026-04-03T03:27:33.235+0600][43.195s][info][gc,task     ] GC(39) Using 3 of 6 workers for concurrent class unloading
[2026-04-03T03:27:33.242+0600][43.202s][info][gc          ] GC(39) Concurrent class unloading 7.738ms
[2026-04-03T03:27:33.242+0600][43.203s][info][gc,start    ] GC(39) Concurrent strong roots
[2026-04-03T03:27:33.242+0600][43.203s][info][gc,task     ] GC(39) Using 3 of 6 workers for concurrent strong root
[2026-04-03T03:27:33.243+0600][43.203s][info][gc          ] GC(39) Concurrent strong roots 0.827ms
[2026-04-03T03:27:33.243+0600][43.203s][info][gc,start    ] GC(39) Concurrent evacuation
[2026-04-03T03:27:33.243+0600][43.203s][info][gc,task     ] GC(39) Using 3 of 6 workers for concurrent evacuation
[2026-04-03T03:27:33.289+0600][43.249s][info][gc          ] GC(39) Concurrent evacuation 45.308ms
[2026-04-03T03:27:33.289+0600][43.249s][info][gc,start    ] GC(39) Pause Init Update Refs
[2026-04-03T03:27:33.289+0600][43.249s][info][gc,ergo     ] GC(39) Pacer for Update Refs. Used: 642M, Free: 590M, Non-Taxable: 60416K, Alloc Tax Rate: 1.3x
[2026-04-03T03:27:33.289+0600][43.249s][info][gc          ] GC(39) Pause Init Update Refs 0.110ms
[2026-04-03T03:27:33.289+0600][43.249s][info][gc,start    ] GC(39) Concurrent update references
[2026-04-03T03:27:33.289+0600][43.249s][info][gc,task     ] GC(39) Using 3 of 6 workers for concurrent reference update
[2026-04-03T03:27:33.556+0600][43.516s][info][gc          ] GC(39) Concurrent update references 266.666ms
[2026-04-03T03:27:33.556+0600][43.516s][info][gc,start    ] GC(39) Concurrent update thread roots
[2026-04-03T03:27:33.557+0600][43.517s][info][gc          ] GC(39) Concurrent update thread roots 1.090ms
[2026-04-03T03:27:33.557+0600][43.517s][info][gc,start    ] GC(39) Pause Final Update Refs
[2026-04-03T03:27:33.557+0600][43.517s][info][gc,task     ] GC(39) Using 6 of 6 workers for final reference update
[2026-04-03T03:27:33.557+0600][43.518s][info][gc          ] GC(39) Pause Final Update Refs 0.150ms
[2026-04-03T03:27:33.558+0600][43.518s][info][gc,start    ] GC(39) Concurrent cleanup
[2026-04-03T03:27:33.558+0600][43.518s][info][gc          ] GC(39) Concurrent cleanup 835M->652M(1021M) 0.647ms
[2026-04-03T03:27:33.558+0600][43.518s][info][gc,ergo     ] Free: 524M, Max: 512K regular, 228M humongous, Frag: 57% external, 0% internal; Reserve: 64000K, Max: 512K
[2026-04-03T03:27:33.558+0600][43.518s][info][gc,stats    ] 
[2026-04-03T03:27:33.558+0600][43.518s][info][gc,stats    ] All times are wall-clock times, except per-root-class counters, that are sum over
[2026-04-03T03:27:33.558+0600][43.518s][info][gc,stats    ] all workers. Dividing the <total> over the root stage time estimates parallelism.
[2026-04-03T03:27:33.558+0600][43.518s][info][gc,stats    ] 
[2026-04-03T03:27:33.558+0600][43.518s][info][gc,stats    ] Concurrent Reset                   1192 us
[2026-04-03T03:27:33.558+0600][43.519s][info][gc,stats    ] Pause Init Mark (G)                 399 us
[2026-04-03T03:27:33.558+0600][43.519s][info][gc,stats    ] Pause Init Mark (N)                 148 us
[2026-04-03T03:27:33.558+0600][43.519s][info][gc,stats    ]   Update Region States               26 us
[2026-04-03T03:27:33.559+0600][43.519s][info][gc,stats    ] Concurrent Mark Roots              1031 us, parallelism: 1.74x
[2026-04-03T03:27:33.559+0600][43.519s][info][gc,stats    ]   CMR: <total>                     1789 us
[2026-04-03T03:27:33.559+0600][43.519s][info][gc,stats    ]   CMR: Thread Roots                1461 us, workers (us): 289, 589, 584, ---, ---, ---, 
[2026-04-03T03:27:33.559+0600][43.519s][info][gc,stats    ]   CMR: VM Strong Roots               30 us, workers (us):  28,   1,   1, ---, ---, ---, 
[2026-04-03T03:27:33.559+0600][43.519s][info][gc,stats    ]   CMR: CLDG Roots                   298 us, workers (us): 298, ---, ---, ---, ---, ---, 
[2026-04-03T03:27:33.559+0600][43.519s][info][gc,stats    ] Concurrent Marking               350510 us
[2026-04-03T03:27:33.559+0600][43.519s][info][gc,stats    ] Pause Final Mark (G)               1721 us
[2026-04-03T03:27:33.559+0600][43.519s][info][gc,stats    ] Pause Final Mark (N)               1373 us
[2026-04-03T03:27:33.559+0600][43.519s][info][gc,stats    ]   Finish Mark                       473 us
[2026-04-03T03:27:33.559+0600][43.519s][info][gc,stats    ]   Update Region States               59 us
[2026-04-03T03:27:33.559+0600][43.519s][info][gc,stats    ]   Choose Collection Set             418 us
[2026-04-03T03:27:33.559+0600][43.519s][info][gc,stats    ]   Rebuild Free Set                   44 us
[2026-04-03T03:27:33.559+0600][43.519s][info][gc,stats    ] Concurrent Thread Roots             869 us, parallelism: 2.12x
[2026-04-03T03:27:33.559+0600][43.519s][info][gc,stats    ]   CTR: <total>                     1841 us
[2026-04-03T03:27:33.559+0600][43.519s][info][gc,stats    ]   CTR: Thread Roots                1841 us, workers (us): 627, 607, 607, ---, ---, ---, 
[2026-04-03T03:27:33.559+0600][43.519s][info][gc,stats    ] Concurrent Weak References          391 us, parallelism: 0.87x
[2026-04-03T03:27:33.559+0600][43.519s][info][gc,stats    ]   CWRF: <total>                     338 us
[2026-04-03T03:27:33.559+0600][43.519s][info][gc,stats    ]   CWRF: Weak References             338 us, workers (us): 167,  72, 100, ---, ---, ---, 
[2026-04-03T03:27:33.559+0600][43.519s][info][gc,stats    ] Concurrent Weak Roots              3535 us
[2026-04-03T03:27:33.559+0600][43.519s][info][gc,stats    ]   Roots                            3157 us, parallelism: 2.58x
[2026-04-03T03:27:33.559+0600][43.519s][info][gc,stats    ]     CWR: <total>                   8149 us
[2026-04-03T03:27:33.559+0600][43.519s][info][gc,stats    ]     CWR: Code Cache Roots          5604 us, workers (us): 1833, 1713, 2058, ---, ---, ---, 
[2026-04-03T03:27:33.559+0600][43.519s][info][gc,stats    ]     CWR: VM Weak Roots             2353 us, workers (us): 801, 800, 752, ---, ---, ---, 
[2026-04-03T03:27:33.559+0600][43.519s][info][gc,stats    ]     CWR: CLDG Roots                 192 us, workers (us): ---, 192, ---, ---, ---, ---, 
[2026-04-03T03:27:33.559+0600][43.519s][info][gc,stats    ]   Rendezvous                        249 us
[2026-04-03T03:27:33.559+0600][43.519s][info][gc,stats    ] Concurrent Cleanup                  563 us
[2026-04-03T03:27:33.559+0600][43.519s][info][gc,stats    ] Concurrent Class Unloading         7807 us
[2026-04-03T03:27:33.559+0600][43.519s][info][gc,stats    ]   Unlink Stale                     7389 us
[2026-04-03T03:27:33.559+0600][43.519s][info][gc,stats    ]     System Dictionary               151 us
[2026-04-03T03:27:33.559+0600][43.519s][info][gc,stats    ]     Weak Class Links                  1 us
[2026-04-03T03:27:33.559+0600][43.519s][info][gc,stats    ]     Code Roots                     7234 us
[2026-04-03T03:27:33.559+0600][43.519s][info][gc,stats    ]   Rendezvous                        276 us
[2026-04-03T03:27:33.559+0600][43.519s][info][gc,stats    ]   Purge Unlinked                     16 us
[2026-04-03T03:27:33.559+0600][43.519s][info][gc,stats    ]     Code Roots                        6 us
[2026-04-03T03:27:33.559+0600][43.519s][info][gc,stats    ]     CLDG                             10 us
[2026-04-03T03:27:33.559+0600][43.519s][info][gc,stats    ]     Exception Caches                  1 us
[2026-04-03T03:27:33.559+0600][43.519s][info][gc,stats    ] Concurrent Strong Roots             863 us, parallelism: 0.61x
[2026-04-03T03:27:33.559+0600][43.519s][info][gc,stats    ]   CSR: <total>                      529 us
[2026-04-03T03:27:33.559+0600][43.519s][info][gc,stats    ]   CSR: VM Strong Roots               37 us, workers (us):  20,  16,   0, ---, ---, ---, 
[2026-04-03T03:27:33.559+0600][43.519s][info][gc,stats    ]   CSR: CLDG Roots                   492 us, workers (us): 492, ---, ---, ---, ---, ---, 
[2026-04-03T03:27:33.559+0600][43.519s][info][gc,stats    ] Concurrent Evacuation             45458 us
[2026-04-03T03:27:33.559+0600][43.519s][info][gc,stats    ] Pause Init Update Refs (G)          426 us
[2026-04-03T03:27:33.559+0600][43.519s][info][gc,stats    ] Pause Init Update Refs (N)          124 us
[2026-04-03T03:27:33.559+0600][43.519s][info][gc,stats    ]   Manage GCLABs                      24 us
[2026-04-03T03:27:33.559+0600][43.519s][info][gc,stats    ] Concurrent Update Refs           266789 us
[2026-04-03T03:27:33.559+0600][43.519s][info][gc,stats    ] Concurrent Update Thread Roots     1144 us
[2026-04-03T03:27:33.559+0600][43.519s][info][gc,stats    ] Pause Final Update Refs (G)         447 us
[2026-04-03T03:27:33.559+0600][43.519s][info][gc,stats    ] Pause Final Update Refs (N)         170 us
[2026-04-03T03:27:33.559+0600][43.519s][info][gc,stats    ]   Update Region States               45 us
[2026-04-03T03:27:33.559+0600][43.519s][info][gc,stats    ]   Trash Collection Set               13 us
[2026-04-03T03:27:33.559+0600][43.519s][info][gc,stats    ]   Rebuild Free Set                   37 us
[2026-04-03T03:27:33.559+0600][43.519s][info][gc,stats    ] Concurrent Cleanup                  683 us
[2026-04-03T03:27:33.559+0600][43.519s][info][gc,stats    ] Pacing                           138526 us
[2026-04-03T03:27:33.559+0600][43.519s][info][gc,stats    ] 
[2026-04-03T03:27:33.559+0600][43.519s][info][gc,stats    ] Allocation pacing accrued:
[2026-04-03T03:27:33.559+0600][43.519s][info][gc,stats    ]      45 of   787 ms (  5.7%): Executor task launch worker for task 0.0 in stage 15.0 (TID 24)
[2026-04-03T03:27:33.559+0600][43.519s][info][gc,stats    ]      49 of   787 ms (  6.2%): Executor task launch worker for task 2.0 in stage 15.0 (TID 26)
[2026-04-03T03:27:33.559+0600][43.519s][info][gc,stats    ]      45 of   787 ms (  5.7%): Executor task launch worker for task 1.0 in stage 15.0 (TID 25)
[2026-04-03T03:27:33.559+0600][43.519s][info][gc,stats    ]     139 of   787 ms ( 17.6%): <total>
[2026-04-03T03:27:33.559+0600][43.519s][info][gc,stats    ]       1 of   787 ms (  0.1%): <average total>
[2026-04-03T03:27:33.559+0600][43.519s][info][gc,stats    ]      46 of   787 ms (  5.9%): <average non-zero>
[2026-04-03T03:27:33.559+0600][43.519s][info][gc,stats    ] 
[2026-04-03T03:27:33.559+0600][43.519s][info][gc,metaspace] Metaspace: 72673K(73600K)->72676K(73600K) NonClass: 63400K(63936K)->63403K(63936K) Class: 9272K(9664K)->9272K(9664K)
[2026-04-03T03:27:33.559+0600][43.519s][info][gc,ergo     ] Pacer for Idle. Initial: 25600K, Alloc Tax Rate: 1.0x
[2026-04-03T03:27:33.560+0600][43.521s][info][gc          ] Trigger: Average GC time (861.45 ms) is above the time for average allocation rate (677 MB/s) to deplete free headroom (461M) (margin of error = 1.80)
[2026-04-03T03:27:33.561+0600][43.521s][info][gc,ergo     ] Free headroom: 523M (free) - 64000K (spike) - 0B (penalties) = 461M
[2026-04-03T03:27:33.561+0600][43.521s][info][gc,ergo     ] Free: 523M, Max: 512K regular, 228M humongous, Frag: 57% external, 0% internal; Reserve: 64000K, Max: 512K
[2026-04-03T03:27:33.561+0600][43.521s][info][gc,start    ] GC(40) Concurrent reset
[2026-04-03T03:27:33.561+0600][43.521s][info][gc,task     ] GC(40) Using 3 of 6 workers for concurrent reset
[2026-04-03T03:27:33.561+0600][43.521s][info][gc,ergo     ] GC(40) Pacer for Reset. Non-Taxable: 1250M
[2026-04-03T03:27:33.563+0600][43.523s][info][gc          ] GC(40) Concurrent reset 2.171ms
[2026-04-03T03:27:33.563+0600][43.523s][info][gc,start    ] GC(40) Pause Init Mark (unload classes)
[2026-04-03T03:27:33.563+0600][43.523s][info][gc,task     ] GC(40) Using 6 of 6 workers for init marking
[2026-04-03T03:27:33.563+0600][43.523s][info][gc,ergo     ] GC(40) Pacer for Mark. Expected Live: 262M, Free: 522M, Non-Taxable: 53453K, Alloc Tax Rate: 0.6x
[2026-04-03T03:27:33.563+0600][43.523s][info][gc          ] GC(40) Pause Init Mark (unload classes) 0.124ms
[2026-04-03T03:27:33.563+0600][43.523s][info][gc,start    ] GC(40) Concurrent marking roots
[2026-04-03T03:27:33.563+0600][43.523s][info][gc,task     ] GC(40) Using 3 of 6 workers for concurrent marking roots
[2026-04-03T03:27:33.564+0600][43.524s][info][gc          ] GC(40) Concurrent marking roots 1.130ms
[2026-04-03T03:27:33.564+0600][43.524s][info][gc,start    ] GC(40) Concurrent marking (unload classes)
[2026-04-03T03:27:33.564+0600][43.525s][info][gc,task     ] GC(40) Using 3 of 6 workers for concurrent marking
[2026-04-03T03:27:33.873+0600][43.833s][info][gc          ] GC(40) Concurrent marking (unload classes) 308.557ms
[2026-04-03T03:27:33.873+0600][43.833s][info][gc,start    ] GC(40) Pause Final Mark (unload classes)
[2026-04-03T03:27:33.873+0600][43.833s][info][gc,task     ] GC(40) Using 6 of 6 workers for final marking
[2026-04-03T03:27:33.874+0600][43.834s][info][gc,ergo     ] GC(40) Adaptive CSet Selection. Target Free: 177M, Actual Free: 498M, Max CSet: 53333K, Min Garbage: 0B
[2026-04-03T03:27:33.874+0600][43.834s][info][gc,ergo     ] GC(40) Collectable Garbage: 372M (94%), Immediate: 19968K (4%), CSet: 353M (89%)
[2026-04-03T03:27:33.874+0600][43.834s][info][gc,ergo     ] GC(40) Pacer for Evacuation. Used CSet: 405M, Free: 441M, Non-Taxable: 45159K, Alloc Tax Rate: 2.2x
[2026-04-03T03:27:33.874+0600][43.834s][info][gc          ] GC(40) Pause Final Mark (unload classes) 0.762ms
[2026-04-03T03:27:33.874+0600][43.834s][info][gc,start    ] GC(40) Concurrent thread roots
[2026-04-03T03:27:33.874+0600][43.834s][info][gc,task     ] GC(40) Using 3 of 6 workers for Concurrent thread roots
[2026-04-03T03:27:33.875+0600][43.835s][info][gc          ] GC(40) Concurrent thread roots 0.576ms
[2026-04-03T03:27:33.875+0600][43.835s][info][gc,start    ] GC(40) Concurrent weak references
[2026-04-03T03:27:33.875+0600][43.835s][info][gc,task     ] GC(40) Using 3 of 6 workers for concurrent weak references
[2026-04-03T03:27:33.875+0600][43.835s][info][gc,ref      ] GC(40) Encountered references: Soft: 3284, Weak: 6316, Final: 84, Phantom: 599
[2026-04-03T03:27:33.875+0600][43.835s][info][gc,ref      ] GC(40) Discovered  references: Soft: 0, Weak: 1139, Final: 2, Phantom: 596
[2026-04-03T03:27:33.875+0600][43.835s][info][gc,ref      ] GC(40) Enqueued    references: Soft: 0, Weak: 0, Final: 0, Phantom: 0
[2026-04-03T03:27:33.875+0600][43.835s][info][gc          ] GC(40) Concurrent weak references 0.344ms
[2026-04-03T03:27:33.875+0600][43.835s][info][gc,start    ] GC(40) Concurrent weak roots
[2026-04-03T03:27:33.875+0600][43.835s][info][gc,task     ] GC(40) Using 3 of 6 workers for concurrent weak root
[2026-04-03T03:27:33.877+0600][43.837s][info][gc          ] GC(40) Concurrent weak roots 2.107ms
[2026-04-03T03:27:33.877+0600][43.837s][info][gc,start    ] GC(40) Concurrent cleanup
[2026-04-03T03:27:33.878+0600][43.838s][info][gc          ] GC(40) Concurrent cleanup 762M->742M(1021M) 0.353ms
[2026-04-03T03:27:33.878+0600][43.838s][info][gc,ergo     ] GC(40) Free: 438M, Max: 512K regular, 228M humongous, Frag: 48% external, 0% internal; Reserve: 63135K, Max: 512K
[2026-04-03T03:27:33.878+0600][43.838s][info][gc,start    ] GC(40) Concurrent class unloading
[2026-04-03T03:27:33.878+0600][43.838s][info][gc,task     ] GC(40) Using 3 of 6 workers for concurrent class unloading
[2026-04-03T03:27:33.883+0600][43.843s][info][gc          ] GC(40) Concurrent class unloading 4.937ms
[2026-04-03T03:27:33.883+0600][43.843s][info][gc,start    ] GC(40) Concurrent strong roots
[2026-04-03T03:27:33.883+0600][43.843s][info][gc,task     ] GC(40) Using 3 of 6 workers for concurrent strong root
[2026-04-03T03:27:33.883+0600][43.843s][info][gc          ] GC(40) Concurrent strong roots 0.755ms
[2026-04-03T03:27:33.883+0600][43.844s][info][gc,start    ] GC(40) Concurrent evacuation
[2026-04-03T03:27:33.884+0600][43.844s][info][gc,task     ] GC(40) Using 3 of 6 workers for concurrent evacuation
[2026-04-03T03:27:33.930+0600][43.890s][info][gc          ] GC(40) Concurrent evacuation 46.776ms
[2026-04-03T03:27:33.931+0600][43.891s][info][gc,start    ] GC(40) Pause Init Update Refs
[2026-04-03T03:27:33.931+0600][43.891s][info][gc,ergo     ] GC(40) Pacer for Update Refs. Used: 831M, Free: 402M, Non-Taxable: 41165K, Alloc Tax Rate: 2.5x
[2026-04-03T03:27:33.931+0600][43.891s][info][gc          ] GC(40) Pause Init Update Refs 0.093ms
[2026-04-03T03:27:33.931+0600][43.891s][info][gc,start    ] GC(40) Concurrent update references
[2026-04-03T03:27:33.954+0600][43.914s][info][gc,task     ] GC(40) Using 3 of 6 workers for concurrent reference update
[2026-04-03T03:27:34.180+0600][44.140s][info][gc          ] GC(40) Concurrent update references 249.085ms
[2026-04-03T03:27:34.180+0600][44.140s][info][gc,start    ] GC(40) Concurrent update thread roots
[2026-04-03T03:27:34.181+0600][44.141s][info][gc          ] GC(40) Concurrent update thread roots 1.169ms
[2026-04-03T03:27:34.181+0600][44.141s][info][gc,start    ] GC(40) Pause Final Update Refs
[2026-04-03T03:27:34.181+0600][44.141s][info][gc,task     ] GC(40) Using 6 of 6 workers for final reference update
[2026-04-03T03:27:34.182+0600][44.142s][info][gc          ] GC(40) Pause Final Update Refs 0.190ms
[2026-04-03T03:27:34.182+0600][44.142s][info][gc,start    ] GC(40) Concurrent cleanup
[2026-04-03T03:27:34.182+0600][44.142s][info][gc          ] GC(40) Concurrent cleanup 1003M->599M(1068M) 0.311ms
[2026-04-03T03:27:34.182+0600][44.142s][info][gc,ergo     ] Free: 581M, Max: 512K regular, 199M humongous, Frag: 66% external, 0% internal; Reserve: 64000K, Max: 512K
[2026-04-03T03:27:34.182+0600][44.142s][info][gc,stats    ] 
[2026-04-03T03:27:34.182+0600][44.142s][info][gc,stats    ] All times are wall-clock times, except per-root-class counters, that are sum over
[2026-04-03T03:27:34.182+0600][44.142s][info][gc,stats    ] all workers. Dividing the <total> over the root stage time estimates parallelism.
[2026-04-03T03:27:34.182+0600][44.142s][info][gc,stats    ] 
[2026-04-03T03:27:34.182+0600][44.142s][info][gc,stats    ] Concurrent Reset                   2227 us
[2026-04-03T03:27:34.182+0600][44.142s][info][gc,stats    ] Pause Init Mark (G)                 447 us
[2026-04-03T03:27:34.182+0600][44.142s][info][gc,stats    ] Pause Init Mark (N)                 138 us
[2026-04-03T03:27:34.182+0600][44.142s][info][gc,stats    ]   Update Region States               30 us
[2026-04-03T03:27:34.182+0600][44.142s][info][gc,stats    ] Concurrent Mark Roots              1186 us, parallelism: 1.73x
[2026-04-03T03:27:34.182+0600][44.142s][info][gc,stats    ]   CMR: <total>                     2051 us
[2026-04-03T03:27:34.182+0600][44.142s][info][gc,stats    ]   CMR: Thread Roots                1660 us, workers (us): 684, 335, 640, ---, ---, ---, 
[2026-04-03T03:27:34.182+0600][44.142s][info][gc,stats    ]   CMR: VM Strong Roots               46 us, workers (us):  25,  19,   2, ---, ---, ---, 
[2026-04-03T03:27:34.182+0600][44.142s][info][gc,stats    ]   CMR: CLDG Roots                   345 us, workers (us): ---, 345, ---, ---, ---, ---, 
[2026-04-03T03:27:34.182+0600][44.142s][info][gc,stats    ] Concurrent Marking               308644 us
[2026-04-03T03:27:34.182+0600][44.142s][info][gc,stats    ] Pause Final Mark (G)               1008 us
[2026-04-03T03:27:34.182+0600][44.142s][info][gc,stats    ] Pause Final Mark (N)                772 us
[2026-04-03T03:27:34.182+0600][44.142s][info][gc,stats    ]   Finish Mark                       272 us
[2026-04-03T03:27:34.182+0600][44.142s][info][gc,stats    ]   Update Region States               35 us
[2026-04-03T03:27:34.182+0600][44.142s][info][gc,stats    ]   Choose Collection Set             333 us
[2026-04-03T03:27:34.182+0600][44.142s][info][gc,stats    ]   Rebuild Free Set                   32 us
[2026-04-03T03:27:34.182+0600][44.142s][info][gc,stats    ] Concurrent Thread Roots             620 us, parallelism: 1.69x
[2026-04-03T03:27:34.182+0600][44.142s][info][gc,stats    ]   CTR: <total>                     1049 us
[2026-04-03T03:27:34.182+0600][44.142s][info][gc,stats    ]   CTR: Thread Roots                1049 us, workers (us): 373, 360, 317, ---, ---, ---, 
[2026-04-03T03:27:34.182+0600][44.142s][info][gc,stats    ] Concurrent Weak References          353 us, parallelism: 0.70x
[2026-04-03T03:27:34.182+0600][44.142s][info][gc,stats    ]   CWRF: <total>                     248 us
[2026-04-03T03:27:34.182+0600][44.142s][info][gc,stats    ]   CWRF: Weak References             248 us, workers (us): 141, 100,   8, ---, ---, ---, 
[2026-04-03T03:27:34.182+0600][44.143s][info][gc,stats    ] Concurrent Weak Roots              2171 us
[2026-04-03T03:27:34.182+0600][44.143s][info][gc,stats    ]   Roots                            1902 us, parallelism: 2.54x
[2026-04-03T03:27:34.182+0600][44.143s][info][gc,stats    ]     CWR: <total>                   4826 us
[2026-04-03T03:27:34.183+0600][44.143s][info][gc,stats    ]     CWR: Code Cache Roots          3132 us, workers (us): 1029, 1126, 977, ---, ---, ---, 
[2026-04-03T03:27:34.183+0600][44.143s][info][gc,stats    ]     CWR: VM Weak Roots             1641 us, workers (us): 597, 543, 501, ---, ---, ---, 
[2026-04-03T03:27:34.183+0600][44.143s][info][gc,stats    ]     CWR: CLDG Roots                  52 us, workers (us): ---, ---,  52, ---, ---, ---, 
[2026-04-03T03:27:34.183+0600][44.143s][info][gc,stats    ]   Rendezvous                        186 us
[2026-04-03T03:27:34.183+0600][44.143s][info][gc,stats    ] Concurrent Cleanup                  370 us
[2026-04-03T03:27:34.183+0600][44.143s][info][gc,stats    ] Concurrent Class Unloading         4986 us
[2026-04-03T03:27:34.183+0600][44.143s][info][gc,stats    ]   Unlink Stale                     4604 us
[2026-04-03T03:27:34.183+0600][44.143s][info][gc,stats    ]     System Dictionary                70 us
[2026-04-03T03:27:34.183+0600][44.143s][info][gc,stats    ]     Weak Class Links                  0 us
[2026-04-03T03:27:34.183+0600][44.143s][info][gc,stats    ]     Code Roots                     4532 us
[2026-04-03T03:27:34.183+0600][44.143s][info][gc,stats    ]   Rendezvous                        257 us
[2026-04-03T03:27:34.183+0600][44.143s][info][gc,stats    ]   Purge Unlinked                     39 us
[2026-04-03T03:27:34.183+0600][44.143s][info][gc,stats    ]     Code Roots                       31 us
[2026-04-03T03:27:34.183+0600][44.143s][info][gc,stats    ]     CLDG                              8 us
[2026-04-03T03:27:34.183+0600][44.143s][info][gc,stats    ]     Exception Caches                  0 us
[2026-04-03T03:27:34.183+0600][44.143s][info][gc,stats    ] Concurrent Strong Roots             828 us, parallelism: 0.52x
[2026-04-03T03:27:34.183+0600][44.143s][info][gc,stats    ]   CSR: <total>                      429 us
[2026-04-03T03:27:34.183+0600][44.143s][info][gc,stats    ]   CSR: VM Strong Roots               36 us, workers (us):  35,   1,   0, ---, ---, ---, 
[2026-04-03T03:27:34.183+0600][44.143s][info][gc,stats    ]   CSR: CLDG Roots                   393 us, workers (us): 393, ---, ---, ---, ---, ---, 
[2026-04-03T03:27:34.183+0600][44.143s][info][gc,stats    ] Concurrent Evacuation             46915 us
[2026-04-03T03:27:34.183+0600][44.143s][info][gc,stats    ] Pause Init Update Refs (G)          370 us
[2026-04-03T03:27:34.183+0600][44.143s][info][gc,stats    ] Pause Init Update Refs (N)          108 us
[2026-04-03T03:27:34.183+0600][44.143s][info][gc,stats    ]   Manage GCLABs                      25 us
[2026-04-03T03:27:34.183+0600][44.143s][info][gc,stats    ] Concurrent Update Refs           249200 us
[2026-04-03T03:27:34.183+0600][44.143s][info][gc,stats    ] Concurrent Update Thread Roots     1222 us
[2026-04-03T03:27:34.183+0600][44.143s][info][gc,stats    ] Pause Final Update Refs (G)         494 us
[2026-04-03T03:27:34.183+0600][44.143s][info][gc,stats    ] Pause Final Update Refs (N)         210 us
[2026-04-03T03:27:34.183+0600][44.143s][info][gc,stats    ]   Update Region States               59 us
[2026-04-03T03:27:34.183+0600][44.143s][info][gc,stats    ]   Trash Collection Set               23 us
[2026-04-03T03:27:34.183+0600][44.143s][info][gc,stats    ]   Rebuild Free Set                   36 us
[2026-04-03T03:27:34.183+0600][44.143s][info][gc,stats    ] Concurrent Cleanup                  340 us
[2026-04-03T03:27:34.183+0600][44.143s][info][gc,stats    ] Pacing                           470433 us
[2026-04-03T03:27:34.183+0600][44.143s][info][gc,stats    ] 
[2026-04-03T03:27:34.183+0600][44.143s][info][gc,stats    ] Allocation pacing accrued:
[2026-04-03T03:27:34.183+0600][44.143s][info][gc,stats    ]      11 of   624 ms (  1.8%): RemoteBlock-temp-file-clean-thread
[2026-04-03T03:27:34.183+0600][44.143s][info][gc,stats    ]     157 of   624 ms ( 25.2%): Executor task launch worker for task 0.0 in stage 15.0 (TID 24)
[2026-04-03T03:27:34.183+0600][44.143s][info][gc,stats    ]     145 of   624 ms ( 23.2%): Executor task launch worker for task 2.0 in stage 15.0 (TID 26)
[2026-04-03T03:27:34.183+0600][44.143s][info][gc,stats    ]     157 of   624 ms ( 25.2%): Executor task launch worker for task 1.0 in stage 15.0 (TID 25)
[2026-04-03T03:27:34.183+0600][44.143s][info][gc,stats    ]     470 of   624 ms ( 75.4%): <total>
[2026-04-03T03:27:34.183+0600][44.143s][info][gc,stats    ]       3 of   624 ms (  0.5%): <average total>
[2026-04-03T03:27:34.183+0600][44.143s][info][gc,stats    ]     118 of   624 ms ( 18.9%): <average non-zero>
[2026-04-03T03:27:34.183+0600][44.143s][info][gc,stats    ] 
[2026-04-03T03:27:34.183+0600][44.143s][info][gc,metaspace] Metaspace: 72676K(73600K)->72676K(73600K) NonClass: 63403K(63936K)->63403K(63936K) Class: 9272K(9664K)->9272K(9664K)
[2026-04-03T03:27:34.183+0600][44.143s][info][gc,ergo     ] Pacer for Idle. Initial: 25600K, Alloc Tax Rate: 1.0x
[2026-04-03T03:27:34.221+0600][44.181s][info][gc          ] Trigger: Average GC time (794.68 ms) is above the time for average allocation rate (598 MB/s) to deplete free headroom (474M) (margin of error = 1.80)
[2026-04-03T03:27:34.221+0600][44.181s][info][gc,ergo     ] Free headroom: 536M (free) - 64000K (spike) - 0B (penalties) = 474M
[2026-04-03T03:27:34.221+0600][44.181s][info][gc,ergo     ] Free: 536M, Max: 512K regular, 199M humongous, Frag: 63% external, 0% internal; Reserve: 64000K, Max: 512K
[2026-04-03T03:27:34.221+0600][44.181s][info][gc,start    ] GC(41) Concurrent reset
[2026-04-03T03:27:34.221+0600][44.181s][info][gc,task     ] GC(41) Using 3 of 6 workers for concurrent reset
[2026-04-03T03:27:34.221+0600][44.181s][info][gc,ergo     ] GC(41) Pacer for Reset. Non-Taxable: 1250M
[2026-04-03T03:27:34.223+0600][44.184s][info][gc          ] GC(41) Concurrent reset 2.249ms
[2026-04-03T03:27:34.224+0600][44.184s][info][gc,start    ] GC(41) Pause Init Mark (unload classes)
[2026-04-03T03:27:34.224+0600][44.184s][info][gc,task     ] GC(41) Using 6 of 6 workers for init marking
[2026-04-03T03:27:34.224+0600][44.184s][info][gc,ergo     ] GC(41) Pacer for Mark. Expected Live: 259M, Free: 533M, Non-Taxable: 54631K, Alloc Tax Rate: 0.6x
[2026-04-03T03:27:34.224+0600][44.184s][info][gc          ] GC(41) Pause Init Mark (unload classes) 0.138ms
[2026-04-03T03:27:34.224+0600][44.184s][info][gc,start    ] GC(41) Concurrent marking roots
[2026-04-03T03:27:34.224+0600][44.184s][info][gc,task     ] GC(41) Using 3 of 6 workers for concurrent marking roots
[2026-04-03T03:27:34.225+0600][44.185s][info][gc          ] GC(41) Concurrent marking roots 1.005ms
[2026-04-03T03:27:34.225+0600][44.185s][info][gc,start    ] GC(41) Concurrent marking (unload classes)
[2026-04-03T03:27:34.225+0600][44.185s][info][gc,task     ] GC(41) Using 3 of 6 workers for concurrent marking
[2026-04-03T03:27:34.581+0600][44.541s][info][gc          ] GC(41) Concurrent marking (unload classes) 356.336ms
[2026-04-03T03:27:34.582+0600][44.542s][info][gc,start    ] GC(41) Pause Final Mark (unload classes)
[2026-04-03T03:27:34.582+0600][44.542s][info][gc,task     ] GC(41) Using 6 of 6 workers for final marking
[2026-04-03T03:27:34.582+0600][44.542s][info][gc,ergo     ] GC(41) Adaptive CSet Selection. Target Free: 177M, Actual Free: 485M, Max CSet: 53333K, Min Garbage: 0B
[2026-04-03T03:27:34.582+0600][44.542s][info][gc,ergo     ] GC(41) Collectable Garbage: 346M (96%), Immediate: 7168K (1%), CSet: 339M (94%)
[2026-04-03T03:27:34.582+0600][44.543s][info][gc,ergo     ] GC(41) Pacer for Evacuation. Used CSet: 390M, Free: 425M, Non-Taxable: 43520K, Alloc Tax Rate: 2.2x
[2026-04-03T03:27:34.582+0600][44.543s][info][gc          ] GC(41) Pause Final Mark (unload classes) 0.877ms
[2026-04-03T03:27:34.583+0600][44.543s][info][gc,start    ] GC(41) Concurrent thread roots
[2026-04-03T03:27:34.583+0600][44.543s][info][gc,task     ] GC(41) Using 3 of 6 workers for Concurrent thread roots
[2026-04-03T03:27:34.583+0600][44.543s][info][gc          ] GC(41) Concurrent thread roots 0.590ms
[2026-04-03T03:27:34.583+0600][44.543s][info][gc,start    ] GC(41) Concurrent weak references
[2026-04-03T03:27:34.583+0600][44.543s][info][gc,task     ] GC(41) Using 3 of 6 workers for concurrent weak references
[2026-04-03T03:27:34.584+0600][44.544s][info][gc,ref      ] GC(41) Encountered references: Soft: 3284, Weak: 6316, Final: 84, Phantom: 599
[2026-04-03T03:27:34.584+0600][44.544s][info][gc,ref      ] GC(41) Discovered  references: Soft: 0, Weak: 4503, Final: 52, Phantom: 596
[2026-04-03T03:27:34.584+0600][44.544s][info][gc,ref      ] GC(41) Enqueued    references: Soft: 0, Weak: 0, Final: 0, Phantom: 0
[2026-04-03T03:27:34.584+0600][44.544s][info][gc          ] GC(41) Concurrent weak references 0.719ms
[2026-04-03T03:27:34.584+0600][44.544s][info][gc,start    ] GC(41) Concurrent weak roots
[2026-04-03T03:27:34.584+0600][44.544s][info][gc,task     ] GC(41) Using 3 of 6 workers for concurrent weak root
[2026-04-03T03:27:34.586+0600][44.546s][info][gc          ] GC(41) Concurrent weak roots 2.170ms
[2026-04-03T03:27:34.586+0600][44.546s][info][gc,start    ] GC(41) Concurrent cleanup
[2026-04-03T03:27:34.587+0600][44.547s][info][gc          ] GC(41) Concurrent cleanup 767M->761M(1068M) 0.433ms
[2026-04-03T03:27:34.587+0600][44.547s][info][gc,ergo     ] GC(41) Free: 421M, Max: 512K regular, 199M humongous, Frag: 53% external, 0% internal; Reserve: 63359K, Max: 512K
[2026-04-03T03:27:34.587+0600][44.547s][info][gc,start    ] GC(41) Concurrent class unloading
[2026-04-03T03:27:34.587+0600][44.547s][info][gc,task     ] GC(41) Using 3 of 6 workers for concurrent class unloading
[2026-04-03T03:27:34.593+0600][44.553s][info][gc          ] GC(41) Concurrent class unloading 5.910ms
[2026-04-03T03:27:34.593+0600][44.553s][info][gc,start    ] GC(41) Concurrent strong roots
[2026-04-03T03:27:34.593+0600][44.553s][info][gc,task     ] GC(41) Using 3 of 6 workers for concurrent strong root
[2026-04-03T03:27:34.594+0600][44.554s][info][gc          ] GC(41) Concurrent strong roots 0.857ms
[2026-04-03T03:27:34.594+0600][44.554s][info][gc,start    ] GC(41) Concurrent evacuation
[2026-04-03T03:27:34.594+0600][44.554s][info][gc,task     ] GC(41) Using 3 of 6 workers for concurrent evacuation
[2026-04-03T03:27:34.643+0600][44.603s][info][gc          ] GC(41) Concurrent evacuation 49.105ms
[2026-04-03T03:27:34.643+0600][44.603s][info][gc,start    ] GC(41) Pause Init Update Refs
[2026-04-03T03:27:34.643+0600][44.603s][info][gc,ergo     ] GC(41) Pacer for Update Refs. Used: 846M, Free: 387M, Non-Taxable: 39680K, Alloc Tax Rate: 2.7x
[2026-04-03T03:27:34.643+0600][44.603s][info][gc          ] GC(41) Pause Init Update Refs 0.129ms
[2026-04-03T03:27:34.644+0600][44.604s][info][gc,start    ] GC(41) Concurrent update references
[2026-04-03T03:27:34.644+0600][44.604s][info][gc,task     ] GC(41) Using 3 of 6 workers for concurrent reference update
[2026-04-03T03:27:34.880+0600][44.840s][info][gc          ] GC(41) Concurrent update references 236.517ms
[2026-04-03T03:27:34.880+0600][44.840s][info][gc,start    ] GC(41) Concurrent update thread roots
[2026-04-03T03:27:34.881+0600][44.841s][info][gc          ] GC(41) Concurrent update thread roots 1.217ms
[2026-04-03T03:27:34.882+0600][44.842s][info][gc,start    ] GC(41) Pause Final Update Refs
[2026-04-03T03:27:34.882+0600][44.842s][info][gc,task     ] GC(41) Using 6 of 6 workers for final reference update
[2026-04-03T03:27:34.882+0600][44.842s][info][gc          ] GC(41) Pause Final Update Refs 0.263ms
[2026-04-03T03:27:34.882+0600][44.842s][info][gc,start    ] GC(41) Concurrent cleanup
[2026-04-03T03:27:34.882+0600][44.842s][info][gc          ] GC(41) Concurrent cleanup 1003M->613M(1068M) 0.357ms
[2026-04-03T03:27:34.883+0600][44.843s][info][gc,ergo     ] Free: 569M, Max: 512K regular, 192M humongous, Frag: 67% external, 0% internal; Reserve: 64000K, Max: 512K
[2026-04-03T03:27:34.883+0600][44.843s][info][gc,stats    ] 
[2026-04-03T03:27:34.883+0600][44.843s][info][gc,stats    ] All times are wall-clock times, except per-root-class counters, that are sum over
[2026-04-03T03:27:34.883+0600][44.843s][info][gc,stats    ] all workers. Dividing the <total> over the root stage time estimates parallelism.
[2026-04-03T03:27:34.883+0600][44.843s][info][gc,stats    ] 
[2026-04-03T03:27:34.883+0600][44.843s][info][gc,stats    ] Concurrent Reset                   2341 us
[2026-04-03T03:27:34.883+0600][44.843s][info][gc,stats    ] Pause Init Mark (G)                 446 us
[2026-04-03T03:27:34.883+0600][44.843s][info][gc,stats    ] Pause Init Mark (N)                 160 us
[2026-04-03T03:27:34.883+0600][44.843s][info][gc,stats    ]   Update Region States               29 us
[2026-04-03T03:27:34.883+0600][44.843s][info][gc,stats    ] Concurrent Mark Roots              1064 us, parallelism: 1.74x
[2026-04-03T03:27:34.883+0600][44.843s][info][gc,stats    ]   CMR: <total>                     1851 us
[2026-04-03T03:27:34.883+0600][44.843s][info][gc,stats    ]   CMR: Thread Roots                1505 us, workers (us): 294, 607, 603, ---, ---, ---, 
[2026-04-03T03:27:34.883+0600][44.843s][info][gc,stats    ]   CMR: VM Strong Roots               31 us, workers (us):  26,   4,   1, ---, ---, ---, 
[2026-04-03T03:27:34.883+0600][44.843s][info][gc,stats    ]   CMR: CLDG Roots                   315 us, workers (us): 315, ---, ---, ---, ---, ---, 
[2026-04-03T03:27:34.883+0600][44.843s][info][gc,stats    ] Concurrent Marking               356418 us
[2026-04-03T03:27:34.883+0600][44.843s][info][gc,stats    ] Pause Final Mark (G)               1148 us
[2026-04-03T03:27:34.883+0600][44.843s][info][gc,stats    ] Pause Final Mark (N)                890 us
[2026-04-03T03:27:34.883+0600][44.843s][info][gc,stats    ]   Finish Mark                       340 us
[2026-04-03T03:27:34.883+0600][44.843s][info][gc,stats    ]   Update Region States               39 us
[2026-04-03T03:27:34.883+0600][44.843s][info][gc,stats    ]   Choose Collection Set             382 us
[2026-04-03T03:27:34.883+0600][44.843s][info][gc,stats    ]   Rebuild Free Set                   25 us
[2026-04-03T03:27:34.883+0600][44.843s][info][gc,stats    ] Concurrent Thread Roots             611 us, parallelism: 1.88x
[2026-04-03T03:27:34.883+0600][44.843s][info][gc,stats    ]   CTR: <total>                     1147 us
[2026-04-03T03:27:34.883+0600][44.843s][info][gc,stats    ]   CTR: Thread Roots                1147 us, workers (us): 426, 361, 360, ---, ---, ---, 
[2026-04-03T03:27:34.883+0600][44.843s][info][gc,stats    ] Concurrent Weak References          729 us, parallelism: 0.92x
[2026-04-03T03:27:34.883+0600][44.843s][info][gc,stats    ]   CWRF: <total>                     667 us
[2026-04-03T03:27:34.883+0600][44.843s][info][gc,stats    ]   CWRF: Weak References             667 us, workers (us): 547,  10, 110, ---, ---, ---, 
[2026-04-03T03:27:34.883+0600][44.843s][info][gc,stats    ] Concurrent Weak Roots              2225 us
[2026-04-03T03:27:34.883+0600][44.843s][info][gc,stats    ]   Roots                            1886 us, parallelism: 2.47x
[2026-04-03T03:27:34.883+0600][44.843s][info][gc,stats    ]     CWR: <total>                   4662 us
[2026-04-03T03:27:34.883+0600][44.843s][info][gc,stats    ]     CWR: Code Cache Roots          3170 us, workers (us): 1067, 999, 1104, ---, ---, ---, 
[2026-04-03T03:27:34.883+0600][44.843s][info][gc,stats    ]     CWR: VM Weak Roots             1358 us, workers (us): 478, 453, 428, ---, ---, ---, 
[2026-04-03T03:27:34.883+0600][44.843s][info][gc,stats    ]     CWR: CLDG Roots                 134 us, workers (us): ---, 134, ---, ---, ---, ---, 
[2026-04-03T03:27:34.883+0600][44.843s][info][gc,stats    ]   Rendezvous                        261 us
[2026-04-03T03:27:34.883+0600][44.843s][info][gc,stats    ] Concurrent Cleanup                  447 us
[2026-04-03T03:27:34.883+0600][44.843s][info][gc,stats    ] Concurrent Class Unloading         6013 us
[2026-04-03T03:27:34.883+0600][44.843s][info][gc,stats    ]   Unlink Stale                     5578 us
[2026-04-03T03:27:34.883+0600][44.843s][info][gc,stats    ]     System Dictionary                95 us
[2026-04-03T03:27:34.883+0600][44.843s][info][gc,stats    ]     Weak Class Links                  0 us
[2026-04-03T03:27:34.883+0600][44.843s][info][gc,stats    ]     Code Roots                     5480 us
[2026-04-03T03:27:34.883+0600][44.843s][info][gc,stats    ]   Rendezvous                        288 us
[2026-04-03T03:27:34.883+0600][44.843s][info][gc,stats    ]   Purge Unlinked                     17 us
[2026-04-03T03:27:34.883+0600][44.843s][info][gc,stats    ]     Code Roots                        6 us
[2026-04-03T03:27:34.883+0600][44.843s][info][gc,stats    ]     CLDG                             11 us
[2026-04-03T03:27:34.883+0600][44.843s][info][gc,stats    ]     Exception Caches                  0 us
[2026-04-03T03:27:34.883+0600][44.843s][info][gc,stats    ] Concurrent Strong Roots             911 us, parallelism: 0.60x
[2026-04-03T03:27:34.883+0600][44.843s][info][gc,stats    ]   CSR: <total>                      544 us
[2026-04-03T03:27:34.883+0600][44.843s][info][gc,stats    ]   CSR: VM Strong Roots               42 us, workers (us):  24,  17,   1, ---, ---, ---, 
[2026-04-03T03:27:34.883+0600][44.843s][info][gc,stats    ]   CSR: CLDG Roots                   502 us, workers (us): ---, 502, ---, ---, ---, ---, 
[2026-04-03T03:27:34.883+0600][44.843s][info][gc,stats    ] Concurrent Evacuation             49203 us
[2026-04-03T03:27:34.883+0600][44.843s][info][gc,stats    ] Pause Init Update Refs (G)          720 us
[2026-04-03T03:27:34.883+0600][44.843s][info][gc,stats    ] Pause Init Update Refs (N)          145 us
[2026-04-03T03:27:34.883+0600][44.843s][info][gc,stats    ]   Manage GCLABs                      19 us
[2026-04-03T03:27:34.883+0600][44.843s][info][gc,stats    ] Concurrent Update Refs           236616 us
[2026-04-03T03:27:34.883+0600][44.843s][info][gc,stats    ] Concurrent Update Thread Roots     1328 us
[2026-04-03T03:27:34.883+0600][44.843s][info][gc,stats    ] Pause Final Update Refs (G)         538 us
[2026-04-03T03:27:34.883+0600][44.843s][info][gc,stats    ] Pause Final Update Refs (N)         282 us
[2026-04-03T03:27:34.883+0600][44.843s][info][gc,stats    ]   Update Region States               47 us
[2026-04-03T03:27:34.883+0600][44.843s][info][gc,stats    ]   Trash Collection Set               15 us
[2026-04-03T03:27:34.883+0600][44.843s][info][gc,stats    ]   Rebuild Free Set                   30 us
[2026-04-03T03:27:34.883+0600][44.843s][info][gc,stats    ] Concurrent Cleanup                  383 us
[2026-04-03T03:27:34.883+0600][44.843s][info][gc,stats    ] Pacing                           578698 us
[2026-04-03T03:27:34.883+0600][44.843s][info][gc,stats    ] 
[2026-04-03T03:27:34.883+0600][44.843s][info][gc,stats    ] Allocation pacing accrued:
[2026-04-03T03:27:34.883+0600][44.843s][info][gc,stats    ]     190 of   700 ms ( 27.2%): Executor task launch worker for task 0.0 in stage 15.0 (TID 24)
[2026-04-03T03:27:34.883+0600][44.843s][info][gc,stats    ]     192 of   700 ms ( 27.5%): Executor task launch worker for task 2.0 in stage 15.0 (TID 26)
[2026-04-03T03:27:34.883+0600][44.843s][info][gc,stats    ]     196 of   700 ms ( 28.0%): Executor task launch worker for task 1.0 in stage 15.0 (TID 25)
[2026-04-03T03:27:34.883+0600][44.843s][info][gc,stats    ]     579 of   700 ms ( 82.6%): <total>
[2026-04-03T03:27:34.883+0600][44.843s][info][gc,stats    ]       4 of   700 ms (  0.6%): <average total>
[2026-04-03T03:27:34.883+0600][44.843s][info][gc,stats    ]     193 of   700 ms ( 27.5%): <average non-zero>
[2026-04-03T03:27:34.883+0600][44.843s][info][gc,stats    ] 
[2026-04-03T03:27:34.883+0600][44.843s][info][gc,metaspace] Metaspace: 72676K(73600K)->72682K(73600K) NonClass: 63403K(63936K)->63409K(63936K) Class: 9272K(9664K)->9272K(9664K)
[2026-04-03T03:27:34.883+0600][44.843s][info][gc,ergo     ] Pacer for Idle. Initial: 25600K, Alloc Tax Rate: 1.0x
[2026-04-03T03:27:34.963+0600][44.923s][info][gc          ] Trigger: Average GC time (772.10 ms) is above the time for average allocation rate (539 MB/s) to deplete free headroom (416M) (margin of error = 1.81)
[2026-04-03T03:27:34.963+0600][44.923s][info][gc,ergo     ] Free headroom: 478M (free) - 64000K (spike) - 0B (penalties) = 416M
[2026-04-03T03:27:34.963+0600][44.923s][info][gc,ergo     ] Free: 478M, Max: 512K regular, 192M humongous, Frag: 60% external, 0% internal; Reserve: 64000K, Max: 512K
[2026-04-03T03:27:34.963+0600][44.923s][info][gc,start    ] GC(42) Concurrent reset
[2026-04-03T03:27:34.963+0600][44.923s][info][gc,task     ] GC(42) Using 3 of 6 workers for concurrent reset
[2026-04-03T03:27:34.963+0600][44.923s][info][gc,ergo     ] GC(42) Pacer for Reset. Non-Taxable: 1250M
[2026-04-03T03:27:34.965+0600][44.925s][info][gc          ] GC(42) Concurrent reset 2.202ms
[2026-04-03T03:27:34.966+0600][44.926s][info][gc,start    ] GC(42) Pause Init Mark (unload classes)
[2026-04-03T03:27:34.966+0600][44.926s][info][gc,task     ] GC(42) Using 6 of 6 workers for init marking
[2026-04-03T03:27:34.966+0600][44.926s][info][gc,ergo     ] GC(42) Pacer for Mark. Expected Live: 257M, Free: 476M, Non-Taxable: 48794K, Alloc Tax Rate: 0.7x
[2026-04-03T03:27:34.966+0600][44.926s][info][gc          ] GC(42) Pause Init Mark (unload classes) 0.231ms
[2026-04-03T03:27:34.966+0600][44.926s][info][gc,start    ] GC(42) Concurrent marking roots
[2026-04-03T03:27:34.966+0600][44.926s][info][gc,task     ] GC(42) Using 3 of 6 workers for concurrent marking roots
[2026-04-03T03:27:34.967+0600][44.927s][info][gc          ] GC(42) Concurrent marking roots 1.037ms
[2026-04-03T03:27:34.967+0600][44.927s][info][gc,start    ] GC(42) Concurrent marking (unload classes)
[2026-04-03T03:27:34.967+0600][44.927s][info][gc,task     ] GC(42) Using 3 of 6 workers for concurrent marking
[2026-04-03T03:27:35.363+0600][45.323s][info][gc          ] GC(42) Concurrent marking (unload classes) 395.469ms
[2026-04-03T03:27:35.363+0600][45.323s][info][gc,start    ] GC(42) Pause Final Mark (unload classes)
[2026-04-03T03:27:35.363+0600][45.323s][info][gc,task     ] GC(42) Using 6 of 6 workers for final marking
[2026-04-03T03:27:35.363+0600][45.323s][info][gc,ergo     ] GC(42) Adaptive CSet Selection. Target Free: 177M, Actual Free: 422M, Max CSet: 53333K, Min Garbage: 0B
[2026-04-03T03:27:35.364+0600][45.324s][info][gc,ergo     ] GC(42) Collectable Garbage: 375M (96%), Immediate: 0B (0%), CSet: 375M (96%)
[2026-04-03T03:27:35.364+0600][45.324s][info][gc,ergo     ] GC(42) Pacer for Evacuation. Used CSet: 410M, Free: 360M, Non-Taxable: 36864K, Alloc Tax Rate: 2.8x
[2026-04-03T03:27:35.364+0600][45.324s][info][gc          ] GC(42) Pause Final Mark (unload classes) 0.857ms
[2026-04-03T03:27:35.364+0600][45.324s][info][gc,start    ] GC(42) Concurrent thread roots
[2026-04-03T03:27:35.364+0600][45.324s][info][gc,task     ] GC(42) Using 3 of 6 workers for Concurrent thread roots
[2026-04-03T03:27:35.364+0600][45.324s][info][gc          ] GC(42) Concurrent thread roots 0.663ms
[2026-04-03T03:27:35.364+0600][45.325s][info][gc,start    ] GC(42) Concurrent weak references
[2026-04-03T03:27:35.364+0600][45.325s][info][gc,task     ] GC(42) Using 3 of 6 workers for concurrent weak references
[2026-04-03T03:27:35.365+0600][45.325s][info][gc,ref      ] GC(42) Encountered references: Soft: 3284, Weak: 6321, Final: 84, Phantom: 599
[2026-04-03T03:27:35.365+0600][45.325s][info][gc,ref      ] GC(42) Discovered  references: Soft: 0, Weak: 497, Final: 0, Phantom: 596
[2026-04-03T03:27:35.365+0600][45.325s][info][gc,ref      ] GC(42) Enqueued    references: Soft: 0, Weak: 5, Final: 0, Phantom: 0
[2026-04-03T03:27:35.365+0600][45.325s][info][gc          ] GC(42) Concurrent weak references 0.183ms
[2026-04-03T03:27:35.365+0600][45.325s][info][gc,start    ] GC(42) Concurrent weak roots
[2026-04-03T03:27:35.365+0600][45.325s][info][gc,task     ] GC(42) Using 3 of 6 workers for concurrent weak root
[2026-04-03T03:27:35.367+0600][45.327s][info][gc          ] GC(42) Concurrent weak roots 1.887ms
[2026-04-03T03:27:35.367+0600][45.327s][info][gc,start    ] GC(42) Concurrent cleanup
[2026-04-03T03:27:35.367+0600][45.327s][info][gc          ] GC(42) Concurrent cleanup 821M->821M(1068M) 0.373ms
[2026-04-03T03:27:35.367+0600][45.327s][info][gc,ergo     ] GC(42) Free: 360M, Max: 512K regular, 192M humongous, Frag: 47% external, 0% internal; Reserve: 63991K, Max: 512K
[2026-04-03T03:27:35.367+0600][45.327s][info][gc,start    ] GC(42) Concurrent class unloading
[2026-04-03T03:27:35.367+0600][45.327s][info][gc,task     ] GC(42) Using 3 of 6 workers for concurrent class unloading
[2026-04-03T03:27:35.372+0600][45.332s][info][gc          ] GC(42) Concurrent class unloading 4.565ms
[2026-04-03T03:27:35.372+0600][45.332s][info][gc,start    ] GC(42) Concurrent strong roots
[2026-04-03T03:27:35.372+0600][45.332s][info][gc,task     ] GC(42) Using 3 of 6 workers for concurrent strong root
[2026-04-03T03:27:35.372+0600][45.332s][info][gc          ] GC(42) Concurrent strong roots 0.660ms
[2026-04-03T03:27:35.372+0600][45.332s][info][gc,start    ] GC(42) Concurrent evacuation
[2026-04-03T03:27:35.372+0600][45.332s][info][gc,task     ] GC(42) Using 3 of 6 workers for concurrent evacuation
[2026-04-03T03:27:35.408+0600][45.368s][info][gc          ] GC(42) Concurrent evacuation 35.906ms
[2026-04-03T03:27:35.409+0600][45.369s][info][gc,start    ] GC(42) Pause Init Update Refs
[2026-04-03T03:27:35.409+0600][45.369s][info][gc,ergo     ] GC(42) Pacer for Update Refs. Used: 885M, Free: 331M, Non-Taxable: 33895K, Alloc Tax Rate: 3.3x
[2026-04-03T03:27:35.409+0600][45.369s][info][gc          ] GC(42) Pause Init Update Refs 0.150ms
[2026-04-03T03:27:35.409+0600][45.369s][info][gc,start    ] GC(42) Concurrent update references
[2026-04-03T03:27:35.409+0600][45.369s][info][gc,task     ] GC(42) Using 3 of 6 workers for concurrent reference update
[2026-04-03T03:27:35.682+0600][45.642s][info][gc          ] GC(42) Concurrent update references 273.015ms
[2026-04-03T03:27:35.682+0600][45.642s][info][gc,start    ] GC(42) Concurrent update thread roots
[2026-04-03T03:27:35.683+0600][45.643s][info][gc          ] GC(42) Concurrent update thread roots 1.103ms
[2026-04-03T03:27:35.683+0600][45.643s][info][gc,start    ] GC(42) Pause Final Update Refs
[2026-04-03T03:27:35.683+0600][45.643s][info][gc,task     ] GC(42) Using 6 of 6 workers for final reference update
[2026-04-03T03:27:35.683+0600][45.643s][info][gc          ] GC(42) Pause Final Update Refs 0.167ms
[2026-04-03T03:27:35.684+0600][45.644s][info][gc,start    ] GC(42) Concurrent cleanup
[2026-04-03T03:27:35.684+0600][45.644s][info][gc          ] GC(42) Concurrent cleanup 952M->542M(1068M) 0.695ms
[2026-04-03T03:27:35.684+0600][45.644s][info][gc,ergo     ] Free: 637M, Max: 512K regular, 171M humongous, Frag: 74% external, 0% internal; Reserve: 64000K, Max: 512K
[2026-04-03T03:27:35.684+0600][45.644s][info][gc,stats    ] 
[2026-04-03T03:27:35.684+0600][45.644s][info][gc,stats    ] All times are wall-clock times, except per-root-class counters, that are sum over
[2026-04-03T03:27:35.684+0600][45.644s][info][gc,stats    ] all workers. Dividing the <total> over the root stage time estimates parallelism.
[2026-04-03T03:27:35.684+0600][45.644s][info][gc,stats    ] 
[2026-04-03T03:27:35.684+0600][45.644s][info][gc,stats    ] Concurrent Reset                   2305 us
[2026-04-03T03:27:35.684+0600][45.644s][info][gc,stats    ] Pause Init Mark (G)                 598 us
[2026-04-03T03:27:35.684+0600][45.644s][info][gc,stats    ] Pause Init Mark (N)                 242 us
[2026-04-03T03:27:35.684+0600][45.644s][info][gc,stats    ]   Update Region States               76 us
[2026-04-03T03:27:35.684+0600][45.644s][info][gc,stats    ] Concurrent Mark Roots              1073 us, parallelism: 1.77x
[2026-04-03T03:27:35.684+0600][45.644s][info][gc,stats    ]   CMR: <total>                     1900 us
[2026-04-03T03:27:35.684+0600][45.644s][info][gc,stats    ]   CMR: Thread Roots                1650 us, workers (us): 618, 415, 617, ---, ---, ---, 
[2026-04-03T03:27:35.684+0600][45.644s][info][gc,stats    ]   CMR: VM Strong Roots               43 us, workers (us):  24,  18,   1, ---, ---, ---, 
[2026-04-03T03:27:35.684+0600][45.644s][info][gc,stats    ]   CMR: CLDG Roots                   206 us, workers (us): ---, 206, ---, ---, ---, ---, 
[2026-04-03T03:27:35.684+0600][45.644s][info][gc,stats    ] Concurrent Marking               395537 us
[2026-04-03T03:27:35.684+0600][45.644s][info][gc,stats    ] Pause Final Mark (G)               1159 us
[2026-04-03T03:27:35.684+0600][45.644s][info][gc,stats    ] Pause Final Mark (N)                867 us
[2026-04-03T03:27:35.684+0600][45.644s][info][gc,stats    ]   Finish Mark                       300 us
[2026-04-03T03:27:35.684+0600][45.645s][info][gc,stats    ]   Update Region States               35 us
[2026-04-03T03:27:35.684+0600][45.645s][info][gc,stats    ]   Choose Collection Set             362 us
[2026-04-03T03:27:35.684+0600][45.645s][info][gc,stats    ]   Rebuild Free Set                   28 us
[2026-04-03T03:27:35.685+0600][45.645s][info][gc,stats    ] Concurrent Thread Roots             703 us, parallelism: 1.77x
[2026-04-03T03:27:35.685+0600][45.645s][info][gc,stats    ]   CTR: <total>                     1245 us
[2026-04-03T03:27:35.685+0600][45.645s][info][gc,stats    ]   CTR: Thread Roots                1245 us, workers (us): 458, 412, 376, ---, ---, ---, 
[2026-04-03T03:27:35.685+0600][45.645s][info][gc,stats    ] Concurrent Weak References          191 us, parallelism: 0.59x
[2026-04-03T03:27:35.685+0600][45.645s][info][gc,stats    ]   CWRF: <total>                     113 us
[2026-04-03T03:27:35.685+0600][45.645s][info][gc,stats    ]   CWRF: Weak References             113 us, workers (us):  34,  79,   0, ---, ---, ---, 
[2026-04-03T03:27:35.685+0600][45.645s][info][gc,stats    ] Concurrent Weak Roots              1929 us
[2026-04-03T03:27:35.685+0600][45.645s][info][gc,stats    ]   Roots                            1593 us, parallelism: 2.31x
[2026-04-03T03:27:35.685+0600][45.645s][info][gc,stats    ]     CWR: <total>                   3684 us
[2026-04-03T03:27:35.685+0600][45.645s][info][gc,stats    ]     CWR: Code Cache Roots          2581 us, workers (us): 858, 774, 949, ---, ---, ---, 
[2026-04-03T03:27:35.685+0600][45.645s][info][gc,stats    ]     CWR: VM Weak Roots             1055 us, workers (us): 373, 340, 342, ---, ---, ---, 
[2026-04-03T03:27:35.685+0600][45.645s][info][gc,stats    ]     CWR: CLDG Roots                  49 us, workers (us): ---,  49, ---, ---, ---, ---, 
[2026-04-03T03:27:35.685+0600][45.645s][info][gc,stats    ]   Rendezvous                        269 us
[2026-04-03T03:27:35.685+0600][45.645s][info][gc,stats    ] Concurrent Cleanup                  384 us
[2026-04-03T03:27:35.685+0600][45.645s][info][gc,stats    ] Concurrent Class Unloading         4626 us
[2026-04-03T03:27:35.685+0600][45.645s][info][gc,stats    ]   Unlink Stale                     4287 us
[2026-04-03T03:27:35.685+0600][45.645s][info][gc,stats    ]     System Dictionary                57 us
[2026-04-03T03:27:35.685+0600][45.645s][info][gc,stats    ]     Weak Class Links                  0 us
[2026-04-03T03:27:35.685+0600][45.645s][info][gc,stats    ]     Code Roots                     4227 us
[2026-04-03T03:27:35.685+0600][45.645s][info][gc,stats    ]   Rendezvous                        243 us
[2026-04-03T03:27:35.685+0600][45.645s][info][gc,stats    ]   Purge Unlinked                     15 us
[2026-04-03T03:27:35.685+0600][45.645s][info][gc,stats    ]     Code Roots                        4 us
[2026-04-03T03:27:35.685+0600][45.645s][info][gc,stats    ]     CLDG                             11 us
[2026-04-03T03:27:35.685+0600][45.645s][info][gc,stats    ]     Exception Caches                  0 us
[2026-04-03T03:27:35.685+0600][45.645s][info][gc,stats    ] Concurrent Strong Roots             704 us, parallelism: 0.58x
[2026-04-03T03:27:35.685+0600][45.645s][info][gc,stats    ]   CSR: <total>                      406 us
[2026-04-03T03:27:35.685+0600][45.645s][info][gc,stats    ]   CSR: VM Strong Roots               30 us, workers (us):  16,  13,   0, ---, ---, ---, 
[2026-04-03T03:27:35.685+0600][45.645s][info][gc,stats    ]   CSR: CLDG Roots                   376 us, workers (us): 376, ---, ---, ---, ---, ---, 
[2026-04-03T03:27:35.685+0600][45.645s][info][gc,stats    ] Concurrent Evacuation             35963 us
[2026-04-03T03:27:35.685+0600][45.645s][info][gc,stats    ] Pause Init Update Refs (G)          431 us
[2026-04-03T03:27:35.685+0600][45.645s][info][gc,stats    ] Pause Init Update Refs (N)          164 us
[2026-04-03T03:27:35.685+0600][45.645s][info][gc,stats    ]   Manage GCLABs                      18 us
[2026-04-03T03:27:35.685+0600][45.645s][info][gc,stats    ] Concurrent Update Refs           273100 us
[2026-04-03T03:27:35.685+0600][45.645s][info][gc,stats    ] Concurrent Update Thread Roots     1160 us
[2026-04-03T03:27:35.685+0600][45.645s][info][gc,stats    ] Pause Final Update Refs (G)         512 us
[2026-04-03T03:27:35.685+0600][45.645s][info][gc,stats    ] Pause Final Update Refs (N)         192 us
[2026-04-03T03:27:35.685+0600][45.645s][info][gc,stats    ]   Update Region States               41 us
[2026-04-03T03:27:35.685+0600][45.645s][info][gc,stats    ]   Trash Collection Set               14 us
[2026-04-03T03:27:35.685+0600][45.645s][info][gc,stats    ]   Rebuild Free Set                   29 us
[2026-04-03T03:27:35.685+0600][45.645s][info][gc,stats    ] Concurrent Cleanup                  717 us
[2026-04-03T03:27:35.685+0600][45.645s][info][gc,stats    ] Pacing                           603680 us
[2026-04-03T03:27:35.685+0600][45.645s][info][gc,stats    ] 
[2026-04-03T03:27:35.685+0600][45.645s][info][gc,stats    ] Allocation pacing accrued:
[2026-04-03T03:27:35.685+0600][45.645s][info][gc,stats    ]     201 of   801 ms ( 25.1%): Executor task launch worker for task 0.0 in stage 15.0 (TID 24)
[2026-04-03T03:27:35.685+0600][45.645s][info][gc,stats    ]     202 of   801 ms ( 25.1%): Executor task launch worker for task 2.0 in stage 15.0 (TID 26)
[2026-04-03T03:27:35.685+0600][45.645s][info][gc,stats    ]     201 of   801 ms ( 25.1%): Executor task launch worker for task 1.0 in stage 15.0 (TID 25)
[2026-04-03T03:27:35.685+0600][45.645s][info][gc,stats    ]     604 of   801 ms ( 75.3%): <total>
[2026-04-03T03:27:35.685+0600][45.645s][info][gc,stats    ]       4 of   801 ms (  0.5%): <average total>
[2026-04-03T03:27:35.685+0600][45.645s][info][gc,stats    ]     201 of   801 ms ( 25.1%): <average non-zero>
[2026-04-03T03:27:35.685+0600][45.645s][info][gc,stats    ] 
[2026-04-03T03:27:35.685+0600][45.645s][info][gc,metaspace] Metaspace: 72682K(73600K)->72682K(73600K) NonClass: 63409K(63936K)->63409K(63936K) Class: 9272K(9664K)->9272K(9664K)
[2026-04-03T03:27:35.685+0600][45.645s][info][gc,ergo     ] Pacer for Idle. Initial: 25600K, Alloc Tax Rate: 1.0x
[2026-04-03T03:27:36.792+0600][46.752s][info][gc          ] Trigger: Average GC time (800.43 ms) is above the time for average allocation rate (442 MB/s) to deplete free headroom (324M) (margin of error = 1.81)
[2026-04-03T03:27:36.792+0600][46.752s][info][gc,ergo     ] Free headroom: 386M (free) - 64000K (spike) - 0B (penalties) = 324M
[2026-04-03T03:27:36.792+0600][46.752s][info][gc,ergo     ] Free: 386M, Max: 512K regular, 171M humongous, Frag: 56% external, 0% internal; Reserve: 64000K, Max: 512K
[2026-04-03T03:27:36.792+0600][46.752s][info][gc,start    ] GC(43) Concurrent reset
[2026-04-03T03:27:36.792+0600][46.752s][info][gc,task     ] GC(43) Using 3 of 6 workers for concurrent reset
[2026-04-03T03:27:36.792+0600][46.752s][info][gc,ergo     ] GC(43) Pacer for Reset. Non-Taxable: 1250M
[2026-04-03T03:27:36.794+0600][46.754s][info][gc          ] GC(43) Concurrent reset 2.140ms
[2026-04-03T03:27:36.795+0600][46.755s][info][gc,start    ] GC(43) Pause Init Mark (unload classes)
[2026-04-03T03:27:36.795+0600][46.755s][info][gc,task     ] GC(43) Using 6 of 6 workers for init marking
[2026-04-03T03:27:36.795+0600][46.755s][info][gc,ergo     ] GC(43) Pacer for Mark. Expected Live: 255M, Free: 385M, Non-Taxable: 39476K, Alloc Tax Rate: 0.8x
[2026-04-03T03:27:36.795+0600][46.755s][info][gc          ] GC(43) Pause Init Mark (unload classes) 0.257ms
[2026-04-03T03:27:36.795+0600][46.755s][info][gc,start    ] GC(43) Concurrent marking roots
[2026-04-03T03:27:36.795+0600][46.755s][info][gc,task     ] GC(43) Using 3 of 6 workers for concurrent marking roots
[2026-04-03T03:27:36.796+0600][46.756s][info][gc          ] GC(43) Concurrent marking roots 1.027ms
[2026-04-03T03:27:36.796+0600][46.756s][info][gc,start    ] GC(43) Concurrent marking (unload classes)
[2026-04-03T03:27:36.796+0600][46.756s][info][gc,task     ] GC(43) Using 3 of 6 workers for concurrent marking
[2026-04-03T03:27:37.044+0600][47.004s][info][gc          ] GC(43) Concurrent marking (unload classes) 248.145ms
[2026-04-03T03:27:37.045+0600][47.005s][info][gc,start    ] GC(43) Pause Final Mark (unload classes)
[2026-04-03T03:27:37.045+0600][47.005s][info][gc,task     ] GC(43) Using 6 of 6 workers for final marking
[2026-04-03T03:27:37.045+0600][47.005s][info][gc,ergo     ] GC(43) Adaptive CSet Selection. Target Free: 177M, Actual Free: 861M, Max CSet: 53333K, Min Garbage: 0B
[2026-04-03T03:27:37.045+0600][47.005s][info][gc,ergo     ] GC(43) Collectable Garbage: 593M (98%), Immediate: 480M (79%), CSet: 112M (18%)
[2026-04-03T03:27:37.045+0600][47.005s][info][gc,ergo     ] GC(43) Pacer for Evacuation. Used CSet: 136M, Free: 813M, Non-Taxable: 83303K, Alloc Tax Rate: 1.1x
[2026-04-03T03:27:37.045+0600][47.005s][info][gc          ] GC(43) Pause Final Mark (unload classes) 0.777ms
[2026-04-03T03:27:37.045+0600][47.005s][info][gc,start    ] GC(43) Concurrent thread roots
[2026-04-03T03:27:37.045+0600][47.006s][info][gc,task     ] GC(43) Using 3 of 6 workers for Concurrent thread roots
[2026-04-03T03:27:37.046+0600][47.006s][info][gc          ] GC(43) Concurrent thread roots 0.817ms
[2026-04-03T03:27:37.046+0600][47.006s][info][gc,start    ] GC(43) Concurrent weak references
[2026-04-03T03:27:37.046+0600][47.006s][info][gc,task     ] GC(43) Using 3 of 6 workers for concurrent weak references
[2026-04-03T03:27:37.047+0600][47.007s][info][gc,ref      ] GC(43) Encountered references: Soft: 3285, Weak: 6558, Final: 84, Phantom: 602
[2026-04-03T03:27:37.047+0600][47.007s][info][gc,ref      ] GC(43) Discovered  references: Soft: 0, Weak: 3472, Final: 52, Phantom: 599
[2026-04-03T03:27:37.047+0600][47.007s][info][gc,ref      ] GC(43) Enqueued    references: Soft: 0, Weak: 89, Final: 0, Phantom: 0
[2026-04-03T03:27:37.047+0600][47.007s][info][gc          ] GC(43) Concurrent weak references 0.674ms
[2026-04-03T03:27:37.047+0600][47.007s][info][gc,start    ] GC(43) Concurrent weak roots
[2026-04-03T03:27:37.047+0600][47.007s][info][gc,task     ] GC(43) Using 3 of 6 workers for concurrent weak root
[2026-04-03T03:27:37.049+0600][47.009s][info][gc          ] GC(43) Concurrent weak roots 2.319ms
[2026-04-03T03:27:37.049+0600][47.009s][info][gc,start    ] GC(43) Concurrent cleanup
[2026-04-03T03:27:37.050+0600][47.010s][info][gc          ] GC(43) Concurrent cleanup 851M->370M(1068M) 0.365ms
[2026-04-03T03:27:37.050+0600][47.010s][info][gc,ergo     ] GC(43) Free: 812M, Max: 512K regular, 220M humongous, Frag: 73% external, 0% internal; Reserve: 63084K, Max: 512K
[2026-04-03T03:27:37.050+0600][47.010s][info][gc,start    ] GC(43) Concurrent class unloading
[2026-04-03T03:27:37.050+0600][47.010s][info][gc,task     ] GC(43) Using 3 of 6 workers for concurrent class unloading
[2026-04-03T03:27:37.056+0600][47.016s][info][gc          ] GC(43) Concurrent class unloading 6.490ms
[2026-04-03T03:27:37.056+0600][47.016s][info][gc,start    ] GC(43) Concurrent strong roots
[2026-04-03T03:27:37.056+0600][47.016s][info][gc,task     ] GC(43) Using 3 of 6 workers for concurrent strong root
[2026-04-03T03:27:37.057+0600][47.017s][info][gc          ] GC(43) Concurrent strong roots 0.812ms
[2026-04-03T03:27:37.057+0600][47.017s][info][gc,start    ] GC(43) Concurrent evacuation
[2026-04-03T03:27:37.057+0600][47.017s][info][gc,task     ] GC(43) Using 3 of 6 workers for concurrent evacuation
[2026-04-03T03:27:37.079+0600][47.039s][info][gc          ] GC(43) Concurrent evacuation 21.867ms
[2026-04-03T03:27:37.079+0600][47.039s][info][gc,start    ] GC(43) Pause Init Update Refs
[2026-04-03T03:27:37.079+0600][47.039s][info][gc,ergo     ] GC(43) Pacer for Update Refs. Used: 403M, Free: 802M, Non-Taxable: 82176K, Alloc Tax Rate: 1.1x
[2026-04-03T03:27:37.079+0600][47.039s][info][gc          ] GC(43) Pause Init Update Refs 0.091ms
[2026-04-03T03:27:37.080+0600][47.040s][info][gc,start    ] GC(43) Concurrent update references
[2026-04-03T03:27:37.080+0600][47.040s][info][gc,task     ] GC(43) Using 3 of 6 workers for concurrent reference update
[2026-04-03T03:27:37.262+0600][47.222s][info][gc          ] GC(43) Concurrent update references 182.604ms
[2026-04-03T03:27:37.262+0600][47.222s][info][gc,start    ] GC(43) Concurrent update thread roots
[2026-04-03T03:27:37.264+0600][47.224s][info][gc          ] GC(43) Concurrent update thread roots 1.272ms
[2026-04-03T03:27:37.264+0600][47.224s][info][gc,start    ] GC(43) Pause Final Update Refs
[2026-04-03T03:27:37.264+0600][47.224s][info][gc,task     ] GC(43) Using 6 of 6 workers for final reference update
[2026-04-03T03:27:37.264+0600][47.224s][info][gc          ] GC(43) Pause Final Update Refs 0.172ms
[2026-04-03T03:27:37.264+0600][47.224s][info][gc,start    ] GC(43) Concurrent cleanup
[2026-04-03T03:27:37.264+0600][47.224s][info][gc          ] GC(43) Concurrent cleanup 466M->330M(1068M) 0.243ms
[2026-04-03T03:27:37.265+0600][47.225s][info][gc,ergo     ] Free: 847M, Max: 512K regular, 228M humongous, Frag: 73% external, 0% internal; Reserve: 64000K, Max: 512K
[2026-04-03T03:27:37.265+0600][47.225s][info][gc,stats    ] 
[2026-04-03T03:27:37.265+0600][47.225s][info][gc,stats    ] All times are wall-clock times, except per-root-class counters, that are sum over
[2026-04-03T03:27:37.265+0600][47.225s][info][gc,stats    ] all workers. Dividing the <total> over the root stage time estimates parallelism.
[2026-04-03T03:27:37.265+0600][47.225s][info][gc,stats    ] 
[2026-04-03T03:27:37.265+0600][47.225s][info][gc,stats    ] Concurrent Reset                   2228 us
[2026-04-03T03:27:37.265+0600][47.225s][info][gc,stats    ] Pause Init Mark (G)                 831 us
[2026-04-03T03:27:37.265+0600][47.225s][info][gc,stats    ] Pause Init Mark (N)                 266 us
[2026-04-03T03:27:37.265+0600][47.225s][info][gc,stats    ]   Update Region States               39 us
[2026-04-03T03:27:37.265+0600][47.225s][info][gc,stats    ] Concurrent Mark Roots              1071 us, parallelism: 1.69x
[2026-04-03T03:27:37.265+0600][47.225s][info][gc,stats    ]   CMR: <total>                     1810 us
[2026-04-03T03:27:37.265+0600][47.225s][info][gc,stats    ]   CMR: Thread Roots                1530 us, workers (us): 584, 359, 588, ---, ---, ---, 
[2026-04-03T03:27:37.265+0600][47.225s][info][gc,stats    ]   CMR: VM Strong Roots               48 us, workers (us):  32,   9,   7, ---, ---, ---, 
[2026-04-03T03:27:37.265+0600][47.225s][info][gc,stats    ]   CMR: CLDG Roots                   231 us, workers (us): ---, 231, ---, ---, ---, ---, 
[2026-04-03T03:27:37.265+0600][47.225s][info][gc,stats    ] Concurrent Marking               248234 us
[2026-04-03T03:27:37.265+0600][47.225s][info][gc,stats    ] Pause Final Mark (G)                938 us
[2026-04-03T03:27:37.265+0600][47.225s][info][gc,stats    ] Pause Final Mark (N)                790 us
[2026-04-03T03:27:37.265+0600][47.225s][info][gc,stats    ]   Finish Mark                       313 us
[2026-04-03T03:27:37.265+0600][47.225s][info][gc,stats    ]   Update Region States               44 us
[2026-04-03T03:27:37.265+0600][47.225s][info][gc,stats    ]   Choose Collection Set             239 us
[2026-04-03T03:27:37.265+0600][47.225s][info][gc,stats    ]   Rebuild Free Set                   38 us
[2026-04-03T03:27:37.265+0600][47.225s][info][gc,stats    ] Concurrent Thread Roots             856 us, parallelism: 1.99x
[2026-04-03T03:27:37.265+0600][47.225s][info][gc,stats    ]   CTR: <total>                     1702 us
[2026-04-03T03:27:37.265+0600][47.225s][info][gc,stats    ]   CTR: Thread Roots                1702 us, workers (us): 589, 557, 557, ---, ---, ---, 
[2026-04-03T03:27:37.265+0600][47.225s][info][gc,stats    ] Concurrent Weak References          687 us, parallelism: 0.78x
[2026-04-03T03:27:37.265+0600][47.225s][info][gc,stats    ]   CWRF: <total>                     539 us
[2026-04-03T03:27:37.265+0600][47.225s][info][gc,stats    ]   CWRF: Weak References             539 us, workers (us): 118, 382,  39, ---, ---, ---, 
[2026-04-03T03:27:37.265+0600][47.225s][info][gc,stats    ] Concurrent Weak Roots              2386 us
[2026-04-03T03:27:37.265+0600][47.225s][info][gc,stats    ]   Roots                            2096 us, parallelism: 2.48x
[2026-04-03T03:27:37.265+0600][47.225s][info][gc,stats    ]     CWR: <total>                   5188 us
[2026-04-03T03:27:37.265+0600][47.225s][info][gc,stats    ]     CWR: Code Cache Roots          3268 us, workers (us): 1073, 1082, 1113, ---, ---, ---, 
[2026-04-03T03:27:37.265+0600][47.225s][info][gc,stats    ]     CWR: VM Weak Roots             1845 us, workers (us): 659, 611, 576, ---, ---, ---, 
[2026-04-03T03:27:37.265+0600][47.225s][info][gc,stats    ]     CWR: CLDG Roots                  75 us, workers (us):  75, ---, ---, ---, ---, ---, 
[2026-04-03T03:27:37.265+0600][47.225s][info][gc,stats    ]   Rendezvous                        198 us
[2026-04-03T03:27:37.265+0600][47.225s][info][gc,stats    ] Concurrent Cleanup                  388 us
[2026-04-03T03:27:37.265+0600][47.225s][info][gc,stats    ] Concurrent Class Unloading         6572 us
[2026-04-03T03:27:37.265+0600][47.225s][info][gc,stats    ]   Unlink Stale                     5926 us
[2026-04-03T03:27:37.265+0600][47.225s][info][gc,stats    ]     System Dictionary                98 us
[2026-04-03T03:27:37.265+0600][47.225s][info][gc,stats    ]     Weak Class Links                  0 us
[2026-04-03T03:27:37.265+0600][47.225s][info][gc,stats    ]     Code Roots                     5824 us
[2026-04-03T03:27:37.265+0600][47.225s][info][gc,stats    ]   Rendezvous                        273 us
[2026-04-03T03:27:37.265+0600][47.225s][info][gc,stats    ]   Purge Unlinked                    252 us
[2026-04-03T03:27:37.265+0600][47.225s][info][gc,stats    ]     Code Roots                      241 us
[2026-04-03T03:27:37.265+0600][47.225s][info][gc,stats    ]     CLDG                             10 us
[2026-04-03T03:27:37.265+0600][47.225s][info][gc,stats    ]     Exception Caches                  0 us
[2026-04-03T03:27:37.265+0600][47.225s][info][gc,stats    ] Concurrent Strong Roots             858 us, parallelism: 0.61x
[2026-04-03T03:27:37.265+0600][47.225s][info][gc,stats    ]   CSR: <total>                      527 us
[2026-04-03T03:27:37.265+0600][47.225s][info][gc,stats    ]   CSR: VM Strong Roots               41 us, workers (us):  40,   1,   0, ---, ---, ---, 
[2026-04-03T03:27:37.265+0600][47.225s][info][gc,stats    ]   CSR: CLDG Roots                   487 us, workers (us): 487, ---, ---, ---, ---, ---, 
[2026-04-03T03:27:37.265+0600][47.225s][info][gc,stats    ] Concurrent Evacuation             21953 us
[2026-04-03T03:27:37.265+0600][47.225s][info][gc,stats    ] Pause Init Update Refs (G)          368 us
[2026-04-03T03:27:37.265+0600][47.225s][info][gc,stats    ] Pause Init Update Refs (N)          110 us
[2026-04-03T03:27:37.265+0600][47.225s][info][gc,stats    ]   Manage GCLABs                      24 us
[2026-04-03T03:27:37.265+0600][47.225s][info][gc,stats    ] Concurrent Update Refs           182718 us
[2026-04-03T03:27:37.265+0600][47.225s][info][gc,stats    ] Concurrent Update Thread Roots     1342 us
[2026-04-03T03:27:37.265+0600][47.225s][info][gc,stats    ] Pause Final Update Refs (G)         571 us
[2026-04-03T03:27:37.265+0600][47.225s][info][gc,stats    ] Pause Final Update Refs (N)         194 us
[2026-04-03T03:27:37.265+0600][47.225s][info][gc,stats    ]   Update Region States               53 us
[2026-04-03T03:27:37.265+0600][47.225s][info][gc,stats    ]   Trash Collection Set               12 us
[2026-04-03T03:27:37.265+0600][47.225s][info][gc,stats    ]   Rebuild Free Set                   35 us
[2026-04-03T03:27:37.265+0600][47.225s][info][gc,stats    ] Concurrent Cleanup                  263 us
[2026-04-03T03:27:37.265+0600][47.225s][info][gc,stats    ] Pacing                            88737 us
[2026-04-03T03:27:37.265+0600][47.225s][info][gc,stats    ] 
[2026-04-03T03:27:37.265+0600][47.225s][info][gc,stats    ] Allocation pacing accrued:
[2026-04-03T03:27:37.265+0600][47.225s][info][gc,stats    ]      89 of  1580 ms (  5.6%): Executor task launch worker for task 0.0 in stage 20.0 (TID 30)
[2026-04-03T03:27:37.265+0600][47.225s][info][gc,stats    ]      89 of  1580 ms (  5.6%): <total>
[2026-04-03T03:27:37.265+0600][47.225s][info][gc,stats    ]       1 of  1580 ms (  0.0%): <average total>
[2026-04-03T03:27:37.265+0600][47.225s][info][gc,stats    ]      89 of  1580 ms (  5.6%): <average non-zero>
[2026-04-03T03:27:37.265+0600][47.225s][info][gc,stats    ] 
[2026-04-03T03:27:37.265+0600][47.225s][info][gc,metaspace] Metaspace: 72713K(73600K)->72805K(73664K) NonClass: 63439K(63936K)->63523K(64000K) Class: 9274K(9664K)->9281K(9664K)
[2026-04-03T03:27:37.265+0600][47.225s][info][gc,ergo     ] Pacer for Idle. Initial: 25600K, Alloc Tax Rate: 1.0x
[2026-04-03T03:27:37.747+0600][47.707s][info][gc          ] Trigger: Average GC time (780.12 ms) is above the time for average allocation rate (633 MB/s) to deplete free headroom (492M) (margin of error = 1.79)
[2026-04-03T03:27:37.747+0600][47.707s][info][gc,ergo     ] Free headroom: 555M (free) - 64000K (spike) - 0B (penalties) = 492M
[2026-04-03T03:27:37.747+0600][47.707s][info][gc,ergo     ] Free: 555M, Max: 512K regular, 228M humongous, Frag: 59% external, 0% internal; Reserve: 64000K, Max: 512K
[2026-04-03T03:27:37.747+0600][47.707s][info][gc,start    ] GC(44) Concurrent reset
[2026-04-03T03:27:37.747+0600][47.707s][info][gc,task     ] GC(44) Using 3 of 6 workers for concurrent reset
[2026-04-03T03:27:37.747+0600][47.707s][info][gc,ergo     ] GC(44) Pacer for Reset. Non-Taxable: 1250M
[2026-04-03T03:27:37.748+0600][47.708s][info][gc          ] GC(44) Concurrent reset 1.085ms
[2026-04-03T03:27:37.749+0600][47.709s][info][gc,start    ] GC(44) Pause Init Mark (unload classes)
[2026-04-03T03:27:37.749+0600][47.709s][info][gc,task     ] GC(44) Using 6 of 6 workers for init marking
[2026-04-03T03:27:37.749+0600][47.709s][info][gc,ergo     ] GC(44) Pacer for Mark. Expected Live: 257M, Free: 554M, Non-Taxable: 56819K, Alloc Tax Rate: 0.6x
[2026-04-03T03:27:37.749+0600][47.709s][info][gc          ] GC(44) Pause Init Mark (unload classes) 0.126ms
[2026-04-03T03:27:37.749+0600][47.709s][info][gc,start    ] GC(44) Concurrent marking roots
[2026-04-03T03:27:37.749+0600][47.709s][info][gc,task     ] GC(44) Using 3 of 6 workers for concurrent marking roots
[2026-04-03T03:27:37.750+0600][47.710s][info][gc          ] GC(44) Concurrent marking roots 0.838ms
[2026-04-03T03:27:37.750+0600][47.710s][info][gc,start    ] GC(44) Concurrent marking (unload classes)
[2026-04-03T03:27:37.750+0600][47.710s][info][gc,task     ] GC(44) Using 3 of 6 workers for concurrent marking
[2026-04-03T03:27:38.018+0600][47.978s][info][gc          ] GC(44) Concurrent marking (unload classes) 268.556ms
[2026-04-03T03:27:38.019+0600][47.979s][info][gc,start    ] GC(44) Pause Final Mark (unload classes)
[2026-04-03T03:27:38.019+0600][47.979s][info][gc,task     ] GC(44) Using 6 of 6 workers for final marking
[2026-04-03T03:27:38.019+0600][47.979s][info][gc,ergo     ] GC(44) Adaptive CSet Selection. Target Free: 177M, Actual Free: 904M, Max CSet: 53333K, Min Garbage: 0B
[2026-04-03T03:27:38.020+0600][47.980s][info][gc,ergo     ] GC(44) Collectable Garbage: 436M (98%), Immediate: 359M (81%), CSet: 78376K (17%)
[2026-04-03T03:27:38.020+0600][47.980s][info][gc,ergo     ] GC(44) Pacer for Evacuation. Used CSet: 98162K, Free: 857M, Non-Taxable: 87846K, Alloc Tax Rate: 1.1x
[2026-04-03T03:27:38.020+0600][47.980s][info][gc          ] GC(44) Pause Final Mark (unload classes) 1.224ms
[2026-04-03T03:27:38.020+0600][47.980s][info][gc,start    ] GC(44) Concurrent thread roots
[2026-04-03T03:27:38.020+0600][47.980s][info][gc,task     ] GC(44) Using 3 of 6 workers for Concurrent thread roots
[2026-04-03T03:27:38.021+0600][47.981s][info][gc          ] GC(44) Concurrent thread roots 0.914ms
[2026-04-03T03:27:38.021+0600][47.981s][info][gc,start    ] GC(44) Concurrent weak references
[2026-04-03T03:27:38.021+0600][47.981s][info][gc,task     ] GC(44) Using 3 of 6 workers for concurrent weak references
[2026-04-03T03:27:38.021+0600][47.981s][info][gc,ref      ] GC(44) Encountered references: Soft: 3337, Weak: 6790, Final: 84, Phantom: 602
[2026-04-03T03:27:38.022+0600][47.982s][info][gc,ref      ] GC(44) Discovered  references: Soft: 0, Weak: 1181, Final: 0, Phantom: 599
[2026-04-03T03:27:38.022+0600][47.982s][info][gc,ref      ] GC(44) Enqueued    references: Soft: 0, Weak: 377, Final: 0, Phantom: 0
[2026-04-03T03:27:38.022+0600][47.982s][info][gc          ] GC(44) Concurrent weak references 0.618ms
[2026-04-03T03:27:38.022+0600][47.982s][info][gc,start    ] GC(44) Concurrent weak roots
[2026-04-03T03:27:38.022+0600][47.982s][info][gc,task     ] GC(44) Using 3 of 6 workers for concurrent weak root
[2026-04-03T03:27:38.025+0600][47.985s][info][gc          ] GC(44) Concurrent weak roots 3.210ms
[2026-04-03T03:27:38.025+0600][47.985s][info][gc,start    ] GC(44) Concurrent cleanup
[2026-04-03T03:27:38.026+0600][47.986s][info][gc          ] GC(44) Concurrent cleanup 685M->326M(1068M) 0.659ms
[2026-04-03T03:27:38.026+0600][47.986s][info][gc,ergo     ] GC(44) Free: 855M, Max: 512K regular, 228M humongous, Frag: 74% external, 0% internal; Reserve: 63340K, Max: 512K
[2026-04-03T03:27:38.026+0600][47.986s][info][gc,start    ] GC(44) Concurrent class unloading
[2026-04-03T03:27:38.026+0600][47.986s][info][gc,task     ] GC(44) Using 3 of 6 workers for concurrent class unloading
[2026-04-03T03:27:38.054+0600][48.014s][info][gc          ] GC(44) Concurrent class unloading 28.193ms
[2026-04-03T03:27:38.054+0600][48.014s][info][gc,start    ] GC(44) Concurrent strong roots
[2026-04-03T03:27:38.054+0600][48.014s][info][gc,task     ] GC(44) Using 3 of 6 workers for concurrent strong root
[2026-04-03T03:27:38.055+0600][48.015s][info][gc          ] GC(44) Concurrent strong roots 1.216ms
[2026-04-03T03:27:38.055+0600][48.015s][info][gc,start    ] GC(44) Concurrent evacuation
[2026-04-03T03:27:38.055+0600][48.015s][info][gc,task     ] GC(44) Using 3 of 6 workers for concurrent evacuation
[2026-04-03T03:27:38.075+0600][48.035s][info][gc          ] GC(44) Concurrent evacuation 19.345ms
[2026-04-03T03:27:38.075+0600][48.035s][info][gc,start    ] GC(44) Pause Init Update Refs
[2026-04-03T03:27:38.075+0600][48.035s][info][gc,ergo     ] GC(44) Pacer for Update Refs. Used: 354M, Free: 847M, Non-Taxable: 86814K, Alloc Tax Rate: 1.1x
[2026-04-03T03:27:38.075+0600][48.035s][info][gc          ] GC(44) Pause Init Update Refs 0.170ms
[2026-04-03T03:27:38.075+0600][48.035s][info][gc,start    ] GC(44) Concurrent update references
[2026-04-03T03:27:38.075+0600][48.035s][info][gc,task     ] GC(44) Using 3 of 6 workers for concurrent reference update
[2026-04-03T03:27:38.195+0600][48.155s][info][gc          ] GC(44) Concurrent update references 120.102ms
[2026-04-03T03:27:38.195+0600][48.155s][info][gc,start    ] GC(44) Concurrent update thread roots
[2026-04-03T03:27:38.196+0600][48.156s][info][gc          ] GC(44) Concurrent update thread roots 0.881ms
[2026-04-03T03:27:38.197+0600][48.157s][info][gc,start    ] GC(44) Pause Final Update Refs
[2026-04-03T03:27:38.197+0600][48.157s][info][gc,task     ] GC(44) Using 6 of 6 workers for final reference update
[2026-04-03T03:27:38.197+0600][48.157s][info][gc          ] GC(44) Pause Final Update Refs 0.235ms
[2026-04-03T03:27:38.197+0600][48.157s][info][gc,start    ] GC(44) Concurrent cleanup
[2026-04-03T03:27:38.197+0600][48.157s][info][gc          ] GC(44) Concurrent cleanup 370M->274M(1068M) 0.254ms
[2026-04-03T03:27:38.197+0600][48.157s][info][gc,ergo     ] Free: 907M, Max: 512K regular, 228M humongous, Frag: 75% external, 0% internal; Reserve: 64000K, Max: 512K
[2026-04-03T03:27:38.197+0600][48.157s][info][gc,stats    ] 
[2026-04-03T03:27:38.197+0600][48.157s][info][gc,stats    ] All times are wall-clock times, except per-root-class counters, that are sum over
[2026-04-03T03:27:38.197+0600][48.157s][info][gc,stats    ] all workers. Dividing the <total> over the root stage time estimates parallelism.
[2026-04-03T03:27:38.197+0600][48.157s][info][gc,stats    ] 
[2026-04-03T03:27:38.197+0600][48.157s][info][gc,stats    ] Concurrent Reset                   1143 us
[2026-04-03T03:27:38.197+0600][48.157s][info][gc,stats    ] Pause Init Mark (G)                 508 us
[2026-04-03T03:27:38.197+0600][48.157s][info][gc,stats    ] Pause Init Mark (N)                 137 us
[2026-04-03T03:27:38.197+0600][48.157s][info][gc,stats    ]   Update Region States               40 us
[2026-04-03T03:27:38.197+0600][48.157s][info][gc,stats    ] Concurrent Mark Roots               886 us, parallelism: 1.54x
[2026-04-03T03:27:38.197+0600][48.157s][info][gc,stats    ]   CMR: <total>                     1361 us
[2026-04-03T03:27:38.197+0600][48.157s][info][gc,stats    ]   CMR: Thread Roots                1152 us, workers (us): 474, 271, 407, ---, ---, ---, 
[2026-04-03T03:27:38.197+0600][48.157s][info][gc,stats    ]   CMR: VM Strong Roots               33 us, workers (us):  18,  15,   1, ---, ---, ---, 
[2026-04-03T03:27:38.197+0600][48.157s][info][gc,stats    ]   CMR: CLDG Roots                   175 us, workers (us): ---, 175, ---, ---, ---, ---, 
[2026-04-03T03:27:38.197+0600][48.157s][info][gc,stats    ] Concurrent Marking               268667 us
[2026-04-03T03:27:38.197+0600][48.157s][info][gc,stats    ] Pause Final Mark (G)               1618 us
[2026-04-03T03:27:38.197+0600][48.157s][info][gc,stats    ] Pause Final Mark (N)               1243 us
[2026-04-03T03:27:38.197+0600][48.157s][info][gc,stats    ]   Finish Mark                       424 us
[2026-04-03T03:27:38.197+0600][48.157s][info][gc,stats    ]   Update Region States               91 us
[2026-04-03T03:27:38.197+0600][48.157s][info][gc,stats    ]   Choose Collection Set             296 us
[2026-04-03T03:27:38.197+0600][48.157s][info][gc,stats    ]   Rebuild Free Set                   87 us
[2026-04-03T03:27:38.197+0600][48.157s][info][gc,stats    ] Concurrent Thread Roots             954 us, parallelism: 2.09x
[2026-04-03T03:27:38.197+0600][48.158s][info][gc,stats    ]   CTR: <total>                     1998 us
[2026-04-03T03:27:38.197+0600][48.158s][info][gc,stats    ]   CTR: Thread Roots                1998 us, workers (us): 668, 669, 661, ---, ---, ---, 
[2026-04-03T03:27:38.198+0600][48.158s][info][gc,stats    ] Concurrent Weak References          633 us, parallelism: 0.74x
[2026-04-03T03:27:38.198+0600][48.158s][info][gc,stats    ]   CWRF: <total>                     465 us
[2026-04-03T03:27:38.198+0600][48.158s][info][gc,stats    ]   CWRF: Weak References             465 us, workers (us): 141, 322,   2, ---, ---, ---, 
[2026-04-03T03:27:38.198+0600][48.158s][info][gc,stats    ] Concurrent Weak Roots              3259 us
[2026-04-03T03:27:38.198+0600][48.158s][info][gc,stats    ]   Roots                            2951 us, parallelism: 2.65x
[2026-04-03T03:27:38.198+0600][48.158s][info][gc,stats    ]     CWR: <total>                   7823 us
[2026-04-03T03:27:38.198+0600][48.158s][info][gc,stats    ]     CWR: Code Cache Roots          4865 us, workers (us): 1707, 1500, 1658, ---, ---, ---, 
[2026-04-03T03:27:38.198+0600][48.158s][info][gc,stats    ]     CWR: VM Weak Roots             2768 us, workers (us): 934, 921, 912, ---, ---, ---, 
[2026-04-03T03:27:38.198+0600][48.158s][info][gc,stats    ]     CWR: CLDG Roots                 190 us, workers (us): ---, 190, ---, ---, ---, ---, 
[2026-04-03T03:27:38.198+0600][48.158s][info][gc,stats    ]   Rendezvous                        232 us
[2026-04-03T03:27:38.198+0600][48.158s][info][gc,stats    ] Concurrent Cleanup                  677 us
[2026-04-03T03:27:38.198+0600][48.158s][info][gc,stats    ] Concurrent Class Unloading        28323 us
[2026-04-03T03:27:38.198+0600][48.158s][info][gc,stats    ]   Unlink Stale                    27219 us
[2026-04-03T03:27:38.198+0600][48.158s][info][gc,stats    ]     System Dictionary               347 us
[2026-04-03T03:27:38.198+0600][48.158s][info][gc,stats    ]     Weak Class Links              18762 us
[2026-04-03T03:27:38.198+0600][48.158s][info][gc,stats    ]     Code Roots                     8101 us
[2026-04-03T03:27:38.198+0600][48.158s][info][gc,stats    ]   Rendezvous                        286 us
[2026-04-03T03:27:38.198+0600][48.158s][info][gc,stats    ]   Purge Unlinked                    659 us
[2026-04-03T03:27:38.198+0600][48.158s][info][gc,stats    ]     Code Roots                      610 us
[2026-04-03T03:27:38.198+0600][48.158s][info][gc,stats    ]     CLDG                             48 us
[2026-04-03T03:27:38.198+0600][48.158s][info][gc,stats    ]     Exception Caches                  1 us
[2026-04-03T03:27:38.198+0600][48.158s][info][gc,stats    ] Concurrent Strong Roots            1280 us, parallelism: 0.63x
[2026-04-03T03:27:38.198+0600][48.158s][info][gc,stats    ]   CSR: <total>                      812 us
[2026-04-03T03:27:38.198+0600][48.158s][info][gc,stats    ]   CSR: VM Strong Roots               66 us, workers (us):  47,  19,   0, ---, ---, ---, 
[2026-04-03T03:27:38.198+0600][48.158s][info][gc,stats    ]   CSR: CLDG Roots                   746 us, workers (us): 746, ---, ---, ---, ---, ---, 
[2026-04-03T03:27:38.198+0600][48.158s][info][gc,stats    ] Concurrent Evacuation             19462 us
[2026-04-03T03:27:38.198+0600][48.158s][info][gc,stats    ] Pause Init Update Refs (G)          608 us
[2026-04-03T03:27:38.198+0600][48.158s][info][gc,stats    ] Pause Init Update Refs (N)          183 us
[2026-04-03T03:27:38.198+0600][48.158s][info][gc,stats    ]   Manage GCLABs                      27 us
[2026-04-03T03:27:38.198+0600][48.158s][info][gc,stats    ] Concurrent Update Refs           120176 us
[2026-04-03T03:27:38.198+0600][48.158s][info][gc,stats    ] Concurrent Update Thread Roots      935 us
[2026-04-03T03:27:38.198+0600][48.158s][info][gc,stats    ] Pause Final Update Refs (G)         505 us
[2026-04-03T03:27:38.198+0600][48.158s][info][gc,stats    ] Pause Final Update Refs (N)         253 us
[2026-04-03T03:27:38.198+0600][48.158s][info][gc,stats    ]   Update Region States               73 us
[2026-04-03T03:27:38.198+0600][48.158s][info][gc,stats    ]   Trash Collection Set                9 us
[2026-04-03T03:27:38.198+0600][48.158s][info][gc,stats    ]   Rebuild Free Set                   36 us
[2026-04-03T03:27:38.198+0600][48.158s][info][gc,stats    ] Concurrent Cleanup                  279 us
[2026-04-03T03:27:38.198+0600][48.158s][info][gc,stats    ] 
[2026-04-03T03:27:38.198+0600][48.158s][info][gc,stats    ] Allocation pacing accrued:
[2026-04-03T03:27:38.198+0600][48.158s][info][gc,stats    ]       0 of   933 ms (  0.0%): <total>
[2026-04-03T03:27:38.198+0600][48.158s][info][gc,stats    ]       0 of   933 ms (  0.0%): <average total>
[2026-04-03T03:27:38.198+0600][48.158s][info][gc,stats    ] 
[2026-04-03T03:27:38.198+0600][48.158s][info][gc,metaspace] Metaspace: 72851K(73664K)->72865K(73728K) NonClass: 63567K(64000K)->63581K(64064K) Class: 9284K(9664K)->9283K(9664K)
[2026-04-03T03:27:38.198+0600][48.158s][info][gc,ergo     ] Pacer for Idle. Initial: 25600K, Alloc Tax Rate: 1.0x
[2026-04-03T03:27:38.601+0600][48.561s][info][gc          ] Trigger: Average GC time (694.53 ms) is above the time for average allocation rate (869 MB/s) to deplete free headroom (591M) (margin of error = 1.77)
[2026-04-03T03:27:38.601+0600][48.561s][info][gc,ergo     ] Free headroom: 653M (free) - 64000K (spike) - 0B (penalties) = 591M
[2026-04-03T03:27:38.601+0600][48.561s][info][gc,ergo     ] Free: 653M, Max: 512K regular, 228M humongous, Frag: 66% external, 0% internal; Reserve: 64000K, Max: 512K
[2026-04-03T03:27:38.601+0600][48.561s][info][gc,start    ] GC(45) Concurrent reset
[2026-04-03T03:27:38.601+0600][48.561s][info][gc,task     ] GC(45) Using 3 of 6 workers for concurrent reset
[2026-04-03T03:27:38.601+0600][48.561s][info][gc,ergo     ] GC(45) Pacer for Reset. Non-Taxable: 1250M
[2026-04-03T03:27:38.602+0600][48.562s][info][gc          ] GC(45) Concurrent reset 0.826ms
[2026-04-03T03:27:38.602+0600][48.562s][info][gc,start    ] GC(45) Pause Init Mark (unload classes)
[2026-04-03T03:27:38.602+0600][48.562s][info][gc,task     ] GC(45) Using 6 of 6 workers for init marking
[2026-04-03T03:27:38.602+0600][48.562s][info][gc,ergo     ] GC(45) Pacer for Mark. Expected Live: 243M, Free: 652M, Non-Taxable: 66795K, Alloc Tax Rate: 0.5x
[2026-04-03T03:27:38.602+0600][48.562s][info][gc          ] GC(45) Pause Init Mark (unload classes) 0.107ms
[2026-04-03T03:27:38.602+0600][48.563s][info][gc,start    ] GC(45) Concurrent marking roots
[2026-04-03T03:27:38.603+0600][48.563s][info][gc,task     ] GC(45) Using 3 of 6 workers for concurrent marking roots
[2026-04-03T03:27:38.603+0600][48.563s][info][gc          ] GC(45) Concurrent marking roots 0.819ms
[2026-04-03T03:27:38.603+0600][48.563s][info][gc,start    ] GC(45) Concurrent marking (unload classes)
[2026-04-03T03:27:38.603+0600][48.563s][info][gc,task     ] GC(45) Using 3 of 6 workers for concurrent marking
[2026-04-03T03:27:38.788+0600][48.748s][info][gc          ] GC(45) Concurrent marking (unload classes) 184.775ms
[2026-04-03T03:27:38.788+0600][48.748s][info][gc,start    ] GC(45) Pause Final Mark (unload classes)
[2026-04-03T03:27:38.788+0600][48.748s][info][gc,task     ] GC(45) Using 6 of 6 workers for final marking
[2026-04-03T03:27:38.789+0600][48.749s][info][gc,ergo     ] GC(45) Adaptive CSet Selection. Target Free: 177M, Actual Free: 846M, Max CSet: 53333K, Min Garbage: 0B
[2026-04-03T03:27:38.789+0600][48.749s][info][gc,ergo     ] GC(45) Collectable Garbage: 358M (97%), Immediate: 230M (62%), CSet: 128M (35%)
[2026-04-03T03:27:38.789+0600][48.749s][info][gc,ergo     ] GC(45) Pacer for Evacuation. Used CSet: 142M, Free: 789M, Non-Taxable: 80875K, Alloc Tax Rate: 1.1x
[2026-04-03T03:27:38.789+0600][48.749s][info][gc          ] GC(45) Pause Final Mark (unload classes) 0.904ms
[2026-04-03T03:27:38.789+0600][48.749s][info][gc,start    ] GC(45) Concurrent thread roots
[2026-04-03T03:27:38.789+0600][48.749s][info][gc,task     ] GC(45) Using 3 of 6 workers for Concurrent thread roots
[2026-04-03T03:27:38.790+0600][48.750s][info][gc          ] GC(45) Concurrent thread roots 0.865ms
[2026-04-03T03:27:38.790+0600][48.750s][info][gc,start    ] GC(45) Concurrent weak references
[2026-04-03T03:27:38.790+0600][48.750s][info][gc,task     ] GC(45) Using 3 of 6 workers for concurrent weak references
[2026-04-03T03:27:38.791+0600][48.751s][info][gc,ref      ] GC(45) Encountered references: Soft: 3341, Weak: 6516, Final: 84, Phantom: 602
[2026-04-03T03:27:38.791+0600][48.751s][info][gc,ref      ] GC(45) Discovered  references: Soft: 0, Weak: 1027, Final: 2, Phantom: 214
[2026-04-03T03:27:38.791+0600][48.751s][info][gc,ref      ] GC(45) Enqueued    references: Soft: 0, Weak: 98, Final: 0, Phantom: 0
[2026-04-03T03:27:38.791+0600][48.751s][info][gc          ] GC(45) Concurrent weak references 0.349ms
[2026-04-03T03:27:38.791+0600][48.751s][info][gc,start    ] GC(45) Concurrent weak roots
[2026-04-03T03:27:38.791+0600][48.751s][info][gc,task     ] GC(45) Using 3 of 6 workers for concurrent weak root
[2026-04-03T03:27:38.793+0600][48.753s][info][gc          ] GC(45) Concurrent weak roots 2.197ms
[2026-04-03T03:27:38.793+0600][48.753s][info][gc,start    ] GC(45) Concurrent cleanup
[2026-04-03T03:27:38.793+0600][48.753s][info][gc          ] GC(45) Concurrent cleanup 624M->394M(1068M) 0.239ms
[2026-04-03T03:27:38.793+0600][48.753s][info][gc,ergo     ] GC(45) Free: 788M, Max: 512K regular, 228M humongous, Frag: 71% external, 0% internal; Reserve: 63649K, Max: 512K
[2026-04-03T03:27:38.793+0600][48.753s][info][gc,start    ] GC(45) Concurrent class unloading
[2026-04-03T03:27:38.793+0600][48.753s][info][gc,task     ] GC(45) Using 3 of 6 workers for concurrent class unloading
[2026-04-03T03:27:38.800+0600][48.760s][info][gc          ] GC(45) Concurrent class unloading 6.561ms
[2026-04-03T03:27:38.800+0600][48.760s][info][gc,start    ] GC(45) Concurrent strong roots
[2026-04-03T03:27:38.800+0600][48.760s][info][gc,task     ] GC(45) Using 3 of 6 workers for concurrent strong root
[2026-04-03T03:27:38.801+0600][48.761s][info][gc          ] GC(45) Concurrent strong roots 0.785ms
[2026-04-03T03:27:38.801+0600][48.761s][info][gc,start    ] GC(45) Concurrent evacuation
[2026-04-03T03:27:38.801+0600][48.761s][info][gc,task     ] GC(45) Using 3 of 6 workers for concurrent evacuation
[2026-04-03T03:27:38.813+0600][48.773s][info][gc          ] GC(45) Concurrent evacuation 12.363ms
[2026-04-03T03:27:38.813+0600][48.773s][info][gc,start    ] GC(45) Pause Init Update Refs
[2026-04-03T03:27:38.813+0600][48.773s][info][gc,ergo     ] GC(45) Pacer for Update Refs. Used: 423M, Free: 773M, Non-Taxable: 79236K, Alloc Tax Rate: 1.1x
[2026-04-03T03:27:38.813+0600][48.773s][info][gc          ] GC(45) Pause Init Update Refs 0.111ms
[2026-04-03T03:27:38.814+0600][48.774s][info][gc,start    ] GC(45) Concurrent update references
[2026-04-03T03:27:38.814+0600][48.774s][info][gc,task     ] GC(45) Using 3 of 6 workers for concurrent reference update
[2026-04-03T03:27:38.919+0600][48.879s][info][gc          ] GC(45) Concurrent update references 105.717ms
[2026-04-03T03:27:38.919+0600][48.879s][info][gc,start    ] GC(45) Concurrent update thread roots
[2026-04-03T03:27:38.920+0600][48.881s][info][gc          ] GC(45) Concurrent update thread roots 1.150ms
[2026-04-03T03:27:38.921+0600][48.881s][info][gc,start    ] GC(45) Pause Final Update Refs
[2026-04-03T03:27:38.921+0600][48.881s][info][gc,task     ] GC(45) Using 6 of 6 workers for final reference update
[2026-04-03T03:27:38.921+0600][48.881s][info][gc          ] GC(45) Pause Final Update Refs 0.174ms
[2026-04-03T03:27:38.921+0600][48.881s][info][gc,start    ] GC(45) Concurrent cleanup
[2026-04-03T03:27:38.921+0600][48.881s][info][gc          ] GC(45) Concurrent cleanup 515M->373M(1068M) 0.203ms
[2026-04-03T03:27:38.921+0600][48.881s][info][gc,ergo     ] Free: 807M, Max: 512K regular, 228M humongous, Frag: 72% external, 0% internal; Reserve: 64000K, Max: 512K
[2026-04-03T03:27:38.921+0600][48.881s][info][gc,stats    ] 
[2026-04-03T03:27:38.921+0600][48.881s][info][gc,stats    ] All times are wall-clock times, except per-root-class counters, that are sum over
[2026-04-03T03:27:38.921+0600][48.881s][info][gc,stats    ] all workers. Dividing the <total> over the root stage time estimates parallelism.
[2026-04-03T03:27:38.921+0600][48.881s][info][gc,stats    ] 
[2026-04-03T03:27:38.921+0600][48.882s][info][gc,stats    ] Concurrent Reset                    905 us
[2026-04-03T03:27:38.921+0600][48.882s][info][gc,stats    ] Pause Init Mark (G)                 508 us
[2026-04-03T03:27:38.922+0600][48.882s][info][gc,stats    ] Pause Init Mark (N)                 117 us
[2026-04-03T03:27:38.922+0600][48.882s][info][gc,stats    ]   Update Region States               23 us
[2026-04-03T03:27:38.922+0600][48.882s][info][gc,stats    ] Concurrent Mark Roots               849 us, parallelism: 1.58x
[2026-04-03T03:27:38.922+0600][48.882s][info][gc,stats    ]   CMR: <total>                     1346 us
[2026-04-03T03:27:38.922+0600][48.882s][info][gc,stats    ]   CMR: Thread Roots                1065 us, workers (us): 215, 452, 398, ---, ---, ---, 
[2026-04-03T03:27:38.922+0600][48.882s][info][gc,stats    ]   CMR: VM Strong Roots               30 us, workers (us):  28,   1,   0, ---, ---, ---, 
[2026-04-03T03:27:38.922+0600][48.882s][info][gc,stats    ]   CMR: CLDG Roots                   251 us, workers (us): 251, ---, ---, ---, ---, ---, 
[2026-04-03T03:27:38.922+0600][48.882s][info][gc,stats    ] Concurrent Marking               184850 us
[2026-04-03T03:27:38.922+0600][48.882s][info][gc,stats    ] Pause Final Mark (G)               1133 us
[2026-04-03T03:27:38.922+0600][48.882s][info][gc,stats    ] Pause Final Mark (N)                918 us
[2026-04-03T03:27:38.922+0600][48.882s][info][gc,stats    ]   Finish Mark                       257 us
[2026-04-03T03:27:38.922+0600][48.882s][info][gc,stats    ]   Update Region States               57 us
[2026-04-03T03:27:38.922+0600][48.882s][info][gc,stats    ]   Choose Collection Set             411 us
[2026-04-03T03:27:38.922+0600][48.882s][info][gc,stats    ]   Rebuild Free Set                   53 us
[2026-04-03T03:27:38.922+0600][48.882s][info][gc,stats    ] Concurrent Thread Roots             905 us, parallelism: 2.00x
[2026-04-03T03:27:38.922+0600][48.882s][info][gc,stats    ]   CTR: <total>                     1807 us
[2026-04-03T03:27:38.922+0600][48.882s][info][gc,stats    ]   CTR: Thread Roots                1807 us, workers (us): 616, 608, 582, ---, ---, ---, 
[2026-04-03T03:27:38.922+0600][48.882s][info][gc,stats    ] Concurrent Weak References          362 us, parallelism: 0.61x
[2026-04-03T03:27:38.922+0600][48.882s][info][gc,stats    ]   CWRF: <total>                     222 us
[2026-04-03T03:27:38.922+0600][48.882s][info][gc,stats    ]   CWRF: Weak References             222 us, workers (us): 179,  41,   1, ---, ---, ---, 
[2026-04-03T03:27:38.922+0600][48.882s][info][gc,stats    ] Concurrent Weak Roots              2268 us
[2026-04-03T03:27:38.922+0600][48.882s][info][gc,stats    ]   Roots                            1936 us, parallelism: 2.48x
[2026-04-03T03:27:38.922+0600][48.882s][info][gc,stats    ]     CWR: <total>                   4800 us
[2026-04-03T03:27:38.922+0600][48.882s][info][gc,stats    ]     CWR: Code Cache Roots          3086 us, workers (us): 973, 1074, 1040, ---, ---, ---, 
[2026-04-03T03:27:38.922+0600][48.882s][info][gc,stats    ]     CWR: VM Weak Roots             1640 us, workers (us): 590, 552, 498, ---, ---, ---, 
[2026-04-03T03:27:38.922+0600][48.882s][info][gc,stats    ]     CWR: CLDG Roots                  74 us, workers (us):  74, ---, ---, ---, ---, ---, 
[2026-04-03T03:27:38.922+0600][48.882s][info][gc,stats    ]   Rendezvous                        231 us
[2026-04-03T03:27:38.922+0600][48.882s][info][gc,stats    ] Concurrent Cleanup                  260 us
[2026-04-03T03:27:38.922+0600][48.882s][info][gc,stats    ] Concurrent Class Unloading         6658 us
[2026-04-03T03:27:38.922+0600][48.882s][info][gc,stats    ]   Unlink Stale                     5825 us
[2026-04-03T03:27:38.922+0600][48.882s][info][gc,stats    ]     System Dictionary               100 us
[2026-04-03T03:27:38.922+0600][48.882s][info][gc,stats    ]     Weak Class Links                  0 us
[2026-04-03T03:27:38.922+0600][48.882s][info][gc,stats    ]     Code Roots                     5720 us
[2026-04-03T03:27:38.922+0600][48.882s][info][gc,stats    ]   Rendezvous                        258 us
[2026-04-03T03:27:38.922+0600][48.882s][info][gc,stats    ]   Purge Unlinked                    423 us
[2026-04-03T03:27:38.922+0600][48.882s][info][gc,stats    ]     Code Roots                      412 us
[2026-04-03T03:27:38.922+0600][48.882s][info][gc,stats    ]     CLDG                             10 us
[2026-04-03T03:27:38.922+0600][48.882s][info][gc,stats    ]     Exception Caches                  0 us
[2026-04-03T03:27:38.922+0600][48.882s][info][gc,stats    ] Concurrent Strong Roots             810 us, parallelism: 0.67x
[2026-04-03T03:27:38.922+0600][48.882s][info][gc,stats    ]   CSR: <total>                      544 us
[2026-04-03T03:27:38.922+0600][48.882s][info][gc,stats    ]   CSR: VM Strong Roots               62 us, workers (us):  40,  20,   1, ---, ---, ---, 
[2026-04-03T03:27:38.922+0600][48.882s][info][gc,stats    ]   CSR: CLDG Roots                   482 us, workers (us): ---, 482, ---, ---, ---, ---, 
[2026-04-03T03:27:38.922+0600][48.882s][info][gc,stats    ] Concurrent Evacuation             12462 us
[2026-04-03T03:27:38.922+0600][48.882s][info][gc,stats    ] Pause Init Update Refs (G)          395 us
[2026-04-03T03:27:38.922+0600][48.882s][info][gc,stats    ] Pause Init Update Refs (N)          125 us
[2026-04-03T03:27:38.922+0600][48.882s][info][gc,stats    ]   Manage GCLABs                      18 us
[2026-04-03T03:27:38.922+0600][48.882s][info][gc,stats    ] Concurrent Update Refs           105803 us
[2026-04-03T03:27:38.922+0600][48.882s][info][gc,stats    ] Concurrent Update Thread Roots     1238 us
[2026-04-03T03:27:38.922+0600][48.882s][info][gc,stats    ] Pause Final Update Refs (G)         565 us
[2026-04-03T03:27:38.922+0600][48.882s][info][gc,stats    ] Pause Final Update Refs (N)         188 us
[2026-04-03T03:27:38.922+0600][48.882s][info][gc,stats    ]   Update Region States               40 us
[2026-04-03T03:27:38.922+0600][48.882s][info][gc,stats    ]   Trash Collection Set                8 us
[2026-04-03T03:27:38.922+0600][48.882s][info][gc,stats    ]   Rebuild Free Set                   31 us
[2026-04-03T03:27:38.922+0600][48.882s][info][gc,stats    ] Concurrent Cleanup                  222 us
[2026-04-03T03:27:38.922+0600][48.882s][info][gc,stats    ] Pacing                           298127 us
[2026-04-03T03:27:38.922+0600][48.882s][info][gc,stats    ] 
[2026-04-03T03:27:38.922+0600][48.882s][info][gc,stats    ] Allocation pacing accrued:
[2026-04-03T03:27:38.922+0600][48.882s][info][gc,stats    ]      11 of   724 ms (  1.6%): RemoteBlock-temp-file-clean-thread
[2026-04-03T03:27:38.922+0600][48.882s][info][gc,stats    ]      98 of   724 ms ( 13.5%): Executor task launch worker for task 0.0 in stage 25.0 (TID 36)
[2026-04-03T03:27:38.922+0600][48.882s][info][gc,stats    ]      99 of   724 ms ( 13.7%): Executor task launch worker for task 2.0 in stage 25.0 (TID 38)
[2026-04-03T03:27:38.922+0600][48.882s][info][gc,stats    ]      90 of   724 ms ( 12.4%): Executor task launch worker for task 1.0 in stage 25.0 (TID 37)
[2026-04-03T03:27:38.922+0600][48.882s][info][gc,stats    ]     298 of   724 ms ( 41.2%): <total>
[2026-04-03T03:27:38.922+0600][48.882s][info][gc,stats    ]       2 of   724 ms (  0.3%): <average total>
[2026-04-03T03:27:38.922+0600][48.882s][info][gc,stats    ]      75 of   724 ms ( 10.3%): <average non-zero>
[2026-04-03T03:27:38.922+0600][48.882s][info][gc,stats    ] 
[2026-04-03T03:27:38.922+0600][48.882s][info][gc,metaspace] Metaspace: 72879K(73728K)->72881K(73728K) NonClass: 63595K(64064K)->63597K(64064K) Class: 9283K(9664K)->9283K(9664K)
[2026-04-03T03:27:38.922+0600][48.882s][info][gc,ergo     ] Pacer for Idle. Initial: 25600K, Alloc Tax Rate: 1.0x
[2026-04-03T03:27:39.024+0600][48.984s][info][gc          ] Trigger: Average GC time (629.51 ms) is above the time for average allocation rate (1151 MB/s) to deplete free headroom (591M) (margin of error = 1.77)
[2026-04-03T03:27:39.024+0600][48.984s][info][gc,ergo     ] Free headroom: 654M (free) - 64000K (spike) - 0B (penalties) = 591M
[2026-04-03T03:27:39.024+0600][48.984s][info][gc,ergo     ] Free: 654M, Max: 512K regular, 228M humongous, Frag: 66% external, 0% internal; Reserve: 64000K, Max: 512K
[2026-04-03T03:27:39.024+0600][48.984s][info][gc,start    ] GC(46) Concurrent reset
[2026-04-03T03:27:39.024+0600][48.984s][info][gc,task     ] GC(46) Using 3 of 6 workers for concurrent reset
[2026-04-03T03:27:39.024+0600][48.984s][info][gc,ergo     ] GC(46) Pacer for Reset. Non-Taxable: 1250M
[2026-04-03T03:27:39.025+0600][48.985s][info][gc          ] GC(46) Concurrent reset 0.815ms
[2026-04-03T03:27:39.047+0600][49.007s][info][gc,start    ] GC(46) Pause Init Mark (unload classes)
[2026-04-03T03:27:39.047+0600][49.007s][info][gc,task     ] GC(46) Using 6 of 6 workers for init marking
[2026-04-03T03:27:39.047+0600][49.008s][info][gc,ergo     ] GC(46) Pacer for Mark. Expected Live: 222M, Free: 653M, Non-Taxable: 66871K, Alloc Tax Rate: 0.4x
[2026-04-03T03:27:39.047+0600][49.008s][info][gc          ] GC(46) Pause Init Mark (unload classes) 0.152ms
[2026-04-03T03:27:39.048+0600][49.008s][info][gc,start    ] GC(46) Concurrent marking roots
[2026-04-03T03:27:39.048+0600][49.008s][info][gc,task     ] GC(46) Using 3 of 6 workers for concurrent marking roots
[2026-04-03T03:27:39.048+0600][49.008s][info][gc          ] GC(46) Concurrent marking roots 0.729ms
[2026-04-03T03:27:39.048+0600][49.008s][info][gc,start    ] GC(46) Concurrent marking (unload classes)
[2026-04-03T03:27:39.048+0600][49.008s][info][gc,task     ] GC(46) Using 3 of 6 workers for concurrent marking
[2026-04-03T03:27:39.468+0600][49.428s][info][gc          ] GC(46) Concurrent marking (unload classes) 419.833ms
[2026-04-03T03:27:39.469+0600][49.429s][info][gc,start    ] GC(46) Pause Final Mark (unload classes)
[2026-04-03T03:27:39.469+0600][49.429s][info][gc,task     ] GC(46) Using 6 of 6 workers for final marking
[2026-04-03T03:27:39.469+0600][49.429s][info][gc,ergo     ] GC(46) Adaptive CSet Selection. Target Free: 177M, Actual Free: 689M, Max CSet: 53333K, Min Garbage: 0B
[2026-04-03T03:27:39.470+0600][49.430s][info][gc,ergo     ] GC(46) Collectable Garbage: 302M (97%), Immediate: 5120K (1%), CSet: 297M (95%)
[2026-04-03T03:27:39.470+0600][49.430s][info][gc,ergo     ] GC(46) Pacer for Evacuation. Used CSet: 349M, Free: 630M, Non-Taxable: 64558K, Alloc Tax Rate: 1.4x
[2026-04-03T03:27:39.470+0600][49.430s][info][gc          ] GC(46) Pause Final Mark (unload classes) 1.067ms
[2026-04-03T03:27:39.470+0600][49.430s][info][gc,start    ] GC(46) Concurrent thread roots
[2026-04-03T03:27:39.470+0600][49.430s][info][gc,task     ] GC(46) Using 3 of 6 workers for Concurrent thread roots
[2026-04-03T03:27:39.472+0600][49.432s][info][gc          ] GC(46) Concurrent thread roots 1.840ms
[2026-04-03T03:27:39.472+0600][49.432s][info][gc,start    ] GC(46) Concurrent weak references
[2026-04-03T03:27:39.472+0600][49.432s][info][gc,task     ] GC(46) Using 3 of 6 workers for concurrent weak references
[2026-04-03T03:27:39.472+0600][49.432s][info][gc,ref      ] GC(46) Encountered references: Soft: 3341, Weak: 6426, Final: 84, Phantom: 599
[2026-04-03T03:27:39.472+0600][49.432s][info][gc,ref      ] GC(46) Discovered  references: Soft: 0, Weak: 540, Final: 0, Phantom: 596
[2026-04-03T03:27:39.472+0600][49.432s][info][gc,ref      ] GC(46) Enqueued    references: Soft: 0, Weak: 2, Final: 0, Phantom: 0
[2026-04-03T03:27:39.472+0600][49.432s][info][gc          ] GC(46) Concurrent weak references 0.454ms
[2026-04-03T03:27:39.472+0600][49.432s][info][gc,start    ] GC(46) Concurrent weak roots
[2026-04-03T03:27:39.472+0600][49.432s][info][gc,task     ] GC(46) Using 3 of 6 workers for concurrent weak root
[2026-04-03T03:27:39.476+0600][49.436s][info][gc          ] GC(46) Concurrent weak roots 3.372ms
[2026-04-03T03:27:39.476+0600][49.436s][info][gc,start    ] GC(46) Concurrent cleanup
[2026-04-03T03:27:39.476+0600][49.436s][info][gc          ] GC(46) Concurrent cleanup 555M->550M(1068M) 0.211ms
[2026-04-03T03:27:39.476+0600][49.436s][info][gc,ergo     ] GC(46) Free: 629M, Max: 512K regular, 228M humongous, Frag: 64% external, 0% internal; Reserve: 62976K, Max: 512K
[2026-04-03T03:27:39.476+0600][49.436s][info][gc,start    ] GC(46) Concurrent class unloading
[2026-04-03T03:27:39.476+0600][49.436s][info][gc,task     ] GC(46) Using 3 of 6 workers for concurrent class unloading
[2026-04-03T03:27:39.485+0600][49.445s][info][gc          ] GC(46) Concurrent class unloading 8.913ms
[2026-04-03T03:27:39.485+0600][49.445s][info][gc,start    ] GC(46) Concurrent strong roots
[2026-04-03T03:27:39.485+0600][49.445s][info][gc,task     ] GC(46) Using 3 of 6 workers for concurrent strong root
[2026-04-03T03:27:39.486+0600][49.447s][info][gc          ] GC(46) Concurrent strong roots 1.283ms
[2026-04-03T03:27:39.487+0600][49.447s][info][gc,start    ] GC(46) Concurrent evacuation
[2026-04-03T03:27:39.487+0600][49.447s][info][gc,task     ] GC(46) Using 3 of 6 workers for concurrent evacuation
[2026-04-03T03:27:39.542+0600][49.502s][info][gc          ] GC(46) Concurrent evacuation 55.707ms
[2026-04-03T03:27:39.543+0600][49.503s][info][gc,start    ] GC(46) Pause Init Update Refs
[2026-04-03T03:27:39.543+0600][49.503s][info][gc,ergo     ] GC(46) Pacer for Update Refs. Used: 612M, Free: 618M, Non-Taxable: 63364K, Alloc Tax Rate: 1.2x
[2026-04-03T03:27:39.543+0600][49.503s][info][gc          ] GC(46) Pause Init Update Refs 0.200ms
[2026-04-03T03:27:39.543+0600][49.503s][info][gc,start    ] GC(46) Concurrent update references
[2026-04-03T03:27:39.543+0600][49.503s][info][gc,task     ] GC(46) Using 3 of 6 workers for concurrent reference update
[2026-04-03T03:27:39.791+0600][49.751s][info][gc          ] GC(46) Concurrent update references 247.930ms
[2026-04-03T03:27:39.791+0600][49.751s][info][gc,start    ] GC(46) Concurrent update thread roots
[2026-04-03T03:27:39.792+0600][49.752s][info][gc          ] GC(46) Concurrent update thread roots 1.229ms
[2026-04-03T03:27:39.793+0600][49.753s][info][gc,start    ] GC(46) Pause Final Update Refs
[2026-04-03T03:27:39.793+0600][49.753s][info][gc,task     ] GC(46) Using 6 of 6 workers for final reference update
[2026-04-03T03:27:39.793+0600][49.753s][info][gc          ] GC(46) Pause Final Update Refs 0.258ms
[2026-04-03T03:27:39.793+0600][49.753s][info][gc,start    ] GC(46) Concurrent cleanup
[2026-04-03T03:27:39.794+0600][49.754s][info][gc          ] GC(46) Concurrent cleanup 654M->304M(1068M) 0.295ms
[2026-04-03T03:27:39.794+0600][49.754s][info][gc,ergo     ] Free: 865M, Max: 512K regular, 228M humongous, Frag: 74% external, 0% internal; Reserve: 64000K, Max: 512K
[2026-04-03T03:27:39.794+0600][49.754s][info][gc,stats    ] 
[2026-04-03T03:27:39.794+0600][49.754s][info][gc,stats    ] All times are wall-clock times, except per-root-class counters, that are sum over
[2026-04-03T03:27:39.794+0600][49.754s][info][gc,stats    ] all workers. Dividing the <total> over the root stage time estimates parallelism.
[2026-04-03T03:27:39.794+0600][49.754s][info][gc,stats    ] 
[2026-04-03T03:27:39.794+0600][49.754s][info][gc,stats    ] Concurrent Reset                  23113 us
[2026-04-03T03:27:39.794+0600][49.754s][info][gc,stats    ] Pause Init Mark (G)                 534 us
[2026-04-03T03:27:39.794+0600][49.754s][info][gc,stats    ] Pause Init Mark (N)                 159 us
[2026-04-03T03:27:39.794+0600][49.754s][info][gc,stats    ]   Update Region States               35 us
[2026-04-03T03:27:39.794+0600][49.754s][info][gc,stats    ] Concurrent Mark Roots               793 us, parallelism: 1.51x
[2026-04-03T03:27:39.794+0600][49.754s][info][gc,stats    ]   CMR: <total>                     1194 us
[2026-04-03T03:27:39.794+0600][49.754s][info][gc,stats    ]   CMR: Thread Roots                 998 us, workers (us): 253, 343, 402, ---, ---, ---, 
[2026-04-03T03:27:39.794+0600][49.754s][info][gc,stats    ]   CMR: VM Strong Roots               31 us, workers (us):  29,   1,   1, ---, ---, ---, 
[2026-04-03T03:27:39.794+0600][49.754s][info][gc,stats    ]   CMR: CLDG Roots                   165 us, workers (us): 165, ---, ---, ---, ---, ---, 
[2026-04-03T03:27:39.794+0600][49.754s][info][gc,stats    ] Concurrent Marking               419966 us
[2026-04-03T03:27:39.794+0600][49.754s][info][gc,stats    ] Pause Final Mark (G)               1649 us
[2026-04-03T03:27:39.794+0600][49.754s][info][gc,stats    ] Pause Final Mark (N)               1083 us
[2026-04-03T03:27:39.794+0600][49.754s][info][gc,stats    ]   Finish Mark                       366 us
[2026-04-03T03:27:39.794+0600][49.754s][info][gc,stats    ]   Update Region States               56 us
[2026-04-03T03:27:39.794+0600][49.754s][info][gc,stats    ]   Choose Collection Set             420 us
[2026-04-03T03:27:39.794+0600][49.754s][info][gc,stats    ]   Rebuild Free Set                   43 us
[2026-04-03T03:27:39.794+0600][49.754s][info][gc,stats    ] Concurrent Thread Roots            1929 us, parallelism: 1.90x
[2026-04-03T03:27:39.794+0600][49.754s][info][gc,stats    ]   CTR: <total>                     3673 us
[2026-04-03T03:27:39.794+0600][49.754s][info][gc,stats    ]   CTR: Thread Roots                3673 us, workers (us): 1088, 1105, 1480, ---, ---, ---, 
[2026-04-03T03:27:39.794+0600][49.754s][info][gc,stats    ] Concurrent Weak References          471 us, parallelism: 0.51x
[2026-04-03T03:27:39.794+0600][49.754s][info][gc,stats    ]   CWRF: <total>                     241 us
[2026-04-03T03:27:39.794+0600][49.754s][info][gc,stats    ]   CWRF: Weak References             241 us, workers (us): 170,  67,   4, ---, ---, ---, 
[2026-04-03T03:27:39.794+0600][49.754s][info][gc,stats    ] Concurrent Weak Roots              3463 us
[2026-04-03T03:27:39.794+0600][49.754s][info][gc,stats    ]   Roots                            2919 us, parallelism: 2.52x
[2026-04-03T03:27:39.794+0600][49.754s][info][gc,stats    ]     CWR: <total>                   7364 us
[2026-04-03T03:27:39.794+0600][49.754s][info][gc,stats    ]     CWR: Code Cache Roots          5189 us, workers (us): 1744, 1840, 1605, ---, ---, ---, 
[2026-04-03T03:27:39.794+0600][49.754s][info][gc,stats    ]     CWR: VM Weak Roots             1984 us, workers (us): 703, 663, 617, ---, ---, ---, 
[2026-04-03T03:27:39.794+0600][49.754s][info][gc,stats    ]     CWR: CLDG Roots                 191 us, workers (us): ---, ---, 191, ---, ---, ---, 
[2026-04-03T03:27:39.794+0600][49.754s][info][gc,stats    ]   Rendezvous                        413 us
[2026-04-03T03:27:39.794+0600][49.754s][info][gc,stats    ] Concurrent Cleanup                  229 us
[2026-04-03T03:27:39.794+0600][49.754s][info][gc,stats    ] Concurrent Class Unloading         9033 us
[2026-04-03T03:27:39.794+0600][49.754s][info][gc,stats    ]   Unlink Stale                     8177 us
[2026-04-03T03:27:39.794+0600][49.754s][info][gc,stats    ]     System Dictionary               147 us
[2026-04-03T03:27:39.794+0600][49.754s][info][gc,stats    ]     Weak Class Links                  1 us
[2026-04-03T03:27:39.794+0600][49.754s][info][gc,stats    ]     Code Roots                     8023 us
[2026-04-03T03:27:39.794+0600][49.754s][info][gc,stats    ]   Rendezvous                        460 us
[2026-04-03T03:27:39.794+0600][49.754s][info][gc,stats    ]   Purge Unlinked                    236 us
[2026-04-03T03:27:39.794+0600][49.754s][info][gc,stats    ]     Code Roots                      222 us
[2026-04-03T03:27:39.794+0600][49.754s][info][gc,stats    ]     CLDG                             13 us
[2026-04-03T03:27:39.794+0600][49.754s][info][gc,stats    ]     Exception Caches                  0 us
[2026-04-03T03:27:39.794+0600][49.754s][info][gc,stats    ] Concurrent Strong Roots            1398 us, parallelism: 0.66x
[2026-04-03T03:27:39.794+0600][49.754s][info][gc,stats    ]   CSR: <total>                      926 us
[2026-04-03T03:27:39.794+0600][49.754s][info][gc,stats    ]   CSR: VM Strong Roots               48 us, workers (us):  46,   2,   0, ---, ---, ---, 
[2026-04-03T03:27:39.794+0600][49.754s][info][gc,stats    ]   CSR: CLDG Roots                   878 us, workers (us): 878, ---, ---, ---, ---, ---, 
[2026-04-03T03:27:39.794+0600][49.754s][info][gc,stats    ] Concurrent Evacuation             55822 us
[2026-04-03T03:27:39.794+0600][49.754s][info][gc,stats    ] Pause Init Update Refs (G)          683 us
[2026-04-03T03:27:39.794+0600][49.754s][info][gc,stats    ] Pause Init Update Refs (N)          240 us
[2026-04-03T03:27:39.794+0600][49.754s][info][gc,stats    ]   Manage GCLABs                      38 us
[2026-04-03T03:27:39.794+0600][49.754s][info][gc,stats    ] Concurrent Update Refs           248068 us
[2026-04-03T03:27:39.794+0600][49.754s][info][gc,stats    ] Concurrent Update Thread Roots     1340 us
[2026-04-03T03:27:39.794+0600][49.754s][info][gc,stats    ] Pause Final Update Refs (G)         695 us
[2026-04-03T03:27:39.794+0600][49.754s][info][gc,stats    ] Pause Final Update Refs (N)         273 us
[2026-04-03T03:27:39.794+0600][49.754s][info][gc,stats    ]   Update Region States               48 us
[2026-04-03T03:27:39.794+0600][49.754s][info][gc,stats    ]   Trash Collection Set               15 us
[2026-04-03T03:27:39.794+0600][49.754s][info][gc,stats    ]   Rebuild Free Set                   37 us
[2026-04-03T03:27:39.794+0600][49.754s][info][gc,stats    ] Concurrent Cleanup                  322 us
[2026-04-03T03:27:39.794+0600][49.754s][info][gc,stats    ] 
[2026-04-03T03:27:39.794+0600][49.754s][info][gc,stats    ] Allocation pacing accrued:
[2026-04-03T03:27:39.794+0600][49.754s][info][gc,stats    ]       0 of   872 ms (  0.0%): <total>
[2026-04-03T03:27:39.794+0600][49.754s][info][gc,stats    ]       0 of   872 ms (  0.0%): <average total>
[2026-04-03T03:27:39.794+0600][49.754s][info][gc,stats    ] 
[2026-04-03T03:27:39.794+0600][49.754s][info][gc,metaspace] Metaspace: 72881K(73728K)->72886K(73728K) NonClass: 63597K(64064K)->63602K(64064K) Class: 9283K(9664K)->9283K(9664K)
[2026-04-03T03:27:39.794+0600][49.755s][info][gc,ergo     ] Pacer for Idle. Initial: 25600K, Alloc Tax Rate: 1.0x
[2026-04-03T03:27:40.098+0600][50.058s][info][gc          ] Trigger: Average GC time (937.41 ms) is above the time for average allocation rate (928 MB/s) to deplete free headroom (580M) (margin of error = 1.76)
[2026-04-03T03:27:40.098+0600][50.058s][info][gc,ergo     ] Free headroom: 642M (free) - 64000K (spike) - 0B (penalties) = 580M
[2026-04-03T03:27:40.098+0600][50.058s][info][gc,ergo     ] Free: 642M, Max: 512K regular, 228M humongous, Frag: 65% external, 0% internal; Reserve: 64000K, Max: 512K
[2026-04-03T03:27:40.098+0600][50.058s][info][gc,start    ] GC(47) Concurrent reset
[2026-04-03T03:27:40.098+0600][50.058s][info][gc,task     ] GC(47) Using 3 of 6 workers for concurrent reset
[2026-04-03T03:27:40.098+0600][50.058s][info][gc,ergo     ] GC(47) Pacer for Reset. Non-Taxable: 1250M
[2026-04-03T03:27:40.100+0600][50.060s][info][gc          ] GC(47) Concurrent reset 1.432ms
[2026-04-03T03:27:40.100+0600][50.060s][info][gc,start    ] GC(47) Pause Init Mark (unload classes)
[2026-04-03T03:27:40.100+0600][50.060s][info][gc,task     ] GC(47) Using 6 of 6 workers for init marking
[2026-04-03T03:27:40.100+0600][50.060s][info][gc,ergo     ] GC(47) Pacer for Mark. Expected Live: 208M, Free: 640M, Non-Taxable: 65576K, Alloc Tax Rate: 0.4x
[2026-04-03T03:27:40.100+0600][50.060s][info][gc          ] GC(47) Pause Init Mark (unload classes) 0.112ms
[2026-04-03T03:27:40.100+0600][50.060s][info][gc,start    ] GC(47) Concurrent marking roots
[2026-04-03T03:27:40.100+0600][50.060s][info][gc,task     ] GC(47) Using 3 of 6 workers for concurrent marking roots
[2026-04-03T03:27:40.101+0600][50.061s][info][gc          ] GC(47) Concurrent marking roots 0.849ms
[2026-04-03T03:27:40.101+0600][50.061s][info][gc,start    ] GC(47) Concurrent marking (unload classes)
[2026-04-03T03:27:40.101+0600][50.061s][info][gc,task     ] GC(47) Using 3 of 6 workers for concurrent marking
[2026-04-03T03:27:40.326+0600][50.286s][info][gc          ] GC(47) Concurrent marking (unload classes) 224.722ms
[2026-04-03T03:27:40.326+0600][50.286s][info][gc,start    ] GC(47) Pause Final Mark (unload classes)
[2026-04-03T03:27:40.326+0600][50.286s][info][gc,task     ] GC(47) Using 6 of 6 workers for final marking
[2026-04-03T03:27:40.327+0600][50.287s][info][gc,ergo     ] GC(47) Adaptive CSet Selection. Target Free: 177M, Actual Free: 633M, Max CSet: 53333K, Min Garbage: 0B
[2026-04-03T03:27:40.327+0600][50.287s][info][gc,ergo     ] GC(47) Collectable Garbage: 268M (97%), Immediate: 131M (47%), CSet: 137M (49%)
[2026-04-03T03:27:40.327+0600][50.287s][info][gc,ergo     ] GC(47) Pacer for Evacuation. Used CSet: 166M, Free: 594M, Non-Taxable: 60861K, Alloc Tax Rate: 1.1x
[2026-04-03T03:27:40.327+0600][50.287s][info][gc          ] GC(47) Pause Final Mark (unload classes) 0.939ms
[2026-04-03T03:27:40.327+0600][50.287s][info][gc,start    ] GC(47) Concurrent thread roots
[2026-04-03T03:27:40.327+0600][50.287s][info][gc,task     ] GC(47) Using 3 of 6 workers for Concurrent thread roots
[2026-04-03T03:27:40.328+0600][50.288s][info][gc          ] GC(47) Concurrent thread roots 0.673ms
[2026-04-03T03:27:40.328+0600][50.288s][info][gc,start    ] GC(47) Concurrent weak references
[2026-04-03T03:27:40.328+0600][50.288s][info][gc,task     ] GC(47) Using 3 of 6 workers for concurrent weak references
[2026-04-03T03:27:40.328+0600][50.288s][info][gc,ref      ] GC(47) Encountered references: Soft: 3349, Weak: 6450, Final: 84, Phantom: 599
[2026-04-03T03:27:40.328+0600][50.288s][info][gc,ref      ] GC(47) Discovered  references: Soft: 0, Weak: 399, Final: 0, Phantom: 596
[2026-04-03T03:27:40.328+0600][50.288s][info][gc,ref      ] GC(47) Enqueued    references: Soft: 0, Weak: 3, Final: 0, Phantom: 0
[2026-04-03T03:27:40.328+0600][50.288s][info][gc          ] GC(47) Concurrent weak references 0.365ms
[2026-04-03T03:27:40.328+0600][50.288s][info][gc,start    ] GC(47) Concurrent weak roots
[2026-04-03T03:27:40.328+0600][50.288s][info][gc,task     ] GC(47) Using 3 of 6 workers for concurrent weak root
[2026-04-03T03:27:40.331+0600][50.291s][info][gc          ] GC(47) Concurrent weak roots 2.299ms
[2026-04-03T03:27:40.331+0600][50.291s][info][gc,start    ] GC(47) Concurrent cleanup
[2026-04-03T03:27:40.331+0600][50.291s][info][gc          ] GC(47) Concurrent cleanup 696M->564M(1068M) 0.465ms
[2026-04-03T03:27:40.331+0600][50.291s][info][gc,ergo     ] GC(47) Free: 593M, Max: 512K regular, 228M humongous, Frag: 62% external, 0% internal; Reserve: 63598K, Max: 512K
[2026-04-03T03:27:40.331+0600][50.291s][info][gc,start    ] GC(47) Concurrent class unloading
[2026-04-03T03:27:40.331+0600][50.291s][info][gc,task     ] GC(47) Using 3 of 6 workers for concurrent class unloading
[2026-04-03T03:27:40.337+0600][50.297s][info][gc          ] GC(47) Concurrent class unloading 5.999ms
[2026-04-03T03:27:40.337+0600][50.297s][info][gc,start    ] GC(47) Concurrent strong roots
[2026-04-03T03:27:40.337+0600][50.297s][info][gc,task     ] GC(47) Using 3 of 6 workers for concurrent strong root
[2026-04-03T03:27:40.338+0600][50.298s][info][gc          ] GC(47) Concurrent strong roots 0.917ms
[2026-04-03T03:27:40.338+0600][50.298s][info][gc,start    ] GC(47) Concurrent evacuation
[2026-04-03T03:27:40.338+0600][50.298s][info][gc,task     ] GC(47) Using 3 of 6 workers for concurrent evacuation
[2026-04-03T03:27:40.361+0600][50.321s][info][gc          ] GC(47) Concurrent evacuation 22.971ms
[2026-04-03T03:27:40.361+0600][50.321s][info][gc,start    ] GC(47) Pause Init Update Refs
[2026-04-03T03:27:40.362+0600][50.322s][info][gc,ergo     ] GC(47) Pacer for Update Refs. Used: 606M, Free: 581M, Non-Taxable: 59496K, Alloc Tax Rate: 1.3x
[2026-04-03T03:27:40.362+0600][50.322s][info][gc          ] GC(47) Pause Init Update Refs 0.124ms
[2026-04-03T03:27:40.362+0600][50.322s][info][gc,start    ] GC(47) Concurrent update references
[2026-04-03T03:27:40.362+0600][50.322s][info][gc,task     ] GC(47) Using 3 of 6 workers for concurrent reference update
[2026-04-03T03:27:40.474+0600][50.434s][info][gc          ] GC(47) Concurrent update references 111.836ms
[2026-04-03T03:27:40.474+0600][50.434s][info][gc,start    ] GC(47) Concurrent update thread roots
[2026-04-03T03:27:40.475+0600][50.435s][info][gc          ] GC(47) Concurrent update thread roots 0.954ms
[2026-04-03T03:27:40.475+0600][50.435s][info][gc,start    ] GC(47) Pause Final Update Refs
[2026-04-03T03:27:40.475+0600][50.435s][info][gc,task     ] GC(47) Using 6 of 6 workers for final reference update
[2026-04-03T03:27:40.475+0600][50.435s][info][gc          ] GC(47) Pause Final Update Refs 0.181ms
[2026-04-03T03:27:40.475+0600][50.435s][info][gc,start    ] GC(47) Concurrent cleanup
[2026-04-03T03:27:40.475+0600][50.435s][info][gc          ] GC(47) Concurrent cleanup 699M->533M(1068M) 0.189ms
[2026-04-03T03:27:40.475+0600][50.435s][info][gc,ergo     ] Free: 623M, Max: 512K regular, 228M humongous, Frag: 64% external, 0% internal; Reserve: 64000K, Max: 512K
[2026-04-03T03:27:40.475+0600][50.435s][info][gc,stats    ] 
[2026-04-03T03:27:40.475+0600][50.435s][info][gc,stats    ] All times are wall-clock times, except per-root-class counters, that are sum over
[2026-04-03T03:27:40.475+0600][50.435s][info][gc,stats    ] all workers. Dividing the <total> over the root stage time estimates parallelism.
[2026-04-03T03:27:40.475+0600][50.435s][info][gc,stats    ] 
[2026-04-03T03:27:40.475+0600][50.435s][info][gc,stats    ] Concurrent Reset                   1503 us
[2026-04-03T03:27:40.475+0600][50.435s][info][gc,stats    ] Pause Init Mark (G)                 433 us
[2026-04-03T03:27:40.475+0600][50.435s][info][gc,stats    ] Pause Init Mark (N)                 122 us
[2026-04-03T03:27:40.475+0600][50.435s][info][gc,stats    ]   Update Region States               25 us
[2026-04-03T03:27:40.475+0600][50.435s][info][gc,stats    ] Concurrent Mark Roots               891 us, parallelism: 1.87x
[2026-04-03T03:27:40.475+0600][50.436s][info][gc,stats    ]   CMR: <total>                     1669 us
[2026-04-03T03:27:40.475+0600][50.436s][info][gc,stats    ]   CMR: Thread Roots                1367 us, workers (us): 282, 541, 544, ---, ---, ---, 
[2026-04-03T03:27:40.475+0600][50.436s][info][gc,stats    ]   CMR: VM Strong Roots               35 us, workers (us):  26,   8,   0, ---, ---, ---, 
[2026-04-03T03:27:40.476+0600][50.436s][info][gc,stats    ]   CMR: CLDG Roots                   267 us, workers (us): 267, ---, ---, ---, ---, ---, 
[2026-04-03T03:27:40.476+0600][50.436s][info][gc,stats    ] Concurrent Marking               224834 us
[2026-04-03T03:27:40.476+0600][50.436s][info][gc,stats    ] Pause Final Mark (G)               1247 us
[2026-04-03T03:27:40.476+0600][50.436s][info][gc,stats    ] Pause Final Mark (N)                954 us
[2026-04-03T03:27:40.476+0600][50.436s][info][gc,stats    ]   Finish Mark                       380 us
[2026-04-03T03:27:40.476+0600][50.436s][info][gc,stats    ]   Update Region States               46 us
[2026-04-03T03:27:40.476+0600][50.436s][info][gc,stats    ]   Choose Collection Set             317 us
[2026-04-03T03:27:40.476+0600][50.436s][info][gc,stats    ]   Rebuild Free Set                   42 us
[2026-04-03T03:27:40.476+0600][50.436s][info][gc,stats    ] Concurrent Thread Roots             844 us, parallelism: 1.66x
[2026-04-03T03:27:40.476+0600][50.436s][info][gc,stats    ]   CTR: <total>                     1403 us
[2026-04-03T03:27:40.476+0600][50.436s][info][gc,stats    ]   CTR: Thread Roots                1403 us, workers (us): 512, 466, 425, ---, ---, ---, 
[2026-04-03T03:27:40.476+0600][50.436s][info][gc,stats    ] Concurrent Weak References          377 us, parallelism: 0.52x
[2026-04-03T03:27:40.476+0600][50.436s][info][gc,stats    ]   CWRF: <total>                     197 us
[2026-04-03T03:27:40.476+0600][50.436s][info][gc,stats    ]   CWRF: Weak References             197 us, workers (us): 121,  50,  26, ---, ---, ---, 
[2026-04-03T03:27:40.476+0600][50.436s][info][gc,stats    ] Concurrent Weak Roots              2347 us
[2026-04-03T03:27:40.476+0600][50.436s][info][gc,stats    ]   Roots                            2011 us, parallelism: 2.41x
[2026-04-03T03:27:40.476+0600][50.436s][info][gc,stats    ]     CWR: <total>                   4844 us
[2026-04-03T03:27:40.476+0600][50.436s][info][gc,stats    ]     CWR: Code Cache Roots          2961 us, workers (us): 998, 1047, 917, ---, ---, ---, 
[2026-04-03T03:27:40.476+0600][50.436s][info][gc,stats    ]     CWR: VM Weak Roots             1824 us, workers (us): 681, 575, 568, ---, ---, ---, 
[2026-04-03T03:27:40.476+0600][50.436s][info][gc,stats    ]     CWR: CLDG Roots                  59 us, workers (us): ---, ---,  59, ---, ---, ---, 
[2026-04-03T03:27:40.476+0600][50.436s][info][gc,stats    ]   Rendezvous                        266 us
[2026-04-03T03:27:40.476+0600][50.436s][info][gc,stats    ] Concurrent Cleanup                  480 us
[2026-04-03T03:27:40.476+0600][50.436s][info][gc,stats    ] Concurrent Class Unloading         6062 us
[2026-04-03T03:27:40.476+0600][50.436s][info][gc,stats    ]   Unlink Stale                     5439 us
[2026-04-03T03:27:40.476+0600][50.436s][info][gc,stats    ]     System Dictionary                68 us
[2026-04-03T03:27:40.476+0600][50.436s][info][gc,stats    ]     Weak Class Links                  0 us
[2026-04-03T03:27:40.476+0600][50.436s][info][gc,stats    ]     Code Roots                     5368 us
[2026-04-03T03:27:40.476+0600][50.436s][info][gc,stats    ]   Rendezvous                        383 us
[2026-04-03T03:27:40.476+0600][50.436s][info][gc,stats    ]   Purge Unlinked                    156 us
[2026-04-03T03:27:40.476+0600][50.436s][info][gc,stats    ]     Code Roots                      146 us
[2026-04-03T03:27:40.476+0600][50.436s][info][gc,stats    ]     CLDG                             10 us
[2026-04-03T03:27:40.476+0600][50.436s][info][gc,stats    ]     Exception Caches                  0 us
[2026-04-03T03:27:40.476+0600][50.436s][info][gc,stats    ] Concurrent Strong Roots             965 us, parallelism: 0.64x
[2026-04-03T03:27:40.476+0600][50.436s][info][gc,stats    ]   CSR: <total>                      616 us
[2026-04-03T03:27:40.476+0600][50.436s][info][gc,stats    ]   CSR: VM Strong Roots               49 us, workers (us):  47,   1,   1, ---, ---, ---, 
[2026-04-03T03:27:40.476+0600][50.436s][info][gc,stats    ]   CSR: CLDG Roots                   568 us, workers (us): 568, ---, ---, ---, ---, ---, 
[2026-04-03T03:27:40.476+0600][50.436s][info][gc,stats    ] Concurrent Evacuation             23063 us
[2026-04-03T03:27:40.476+0600][50.436s][info][gc,stats    ] Pause Init Update Refs (G)          444 us
[2026-04-03T03:27:40.476+0600][50.436s][info][gc,stats    ] Pause Init Update Refs (N)          133 us
[2026-04-03T03:27:40.476+0600][50.436s][info][gc,stats    ]   Manage GCLABs                      65 us
[2026-04-03T03:27:40.476+0600][50.436s][info][gc,stats    ] Concurrent Update Refs           111954 us
[2026-04-03T03:27:40.476+0600][50.436s][info][gc,stats    ] Concurrent Update Thread Roots     1036 us
[2026-04-03T03:27:40.476+0600][50.436s][info][gc,stats    ] Pause Final Update Refs (G)         427 us
[2026-04-03T03:27:40.476+0600][50.436s][info][gc,stats    ] Pause Final Update Refs (N)         195 us
[2026-04-03T03:27:40.476+0600][50.436s][info][gc,stats    ]   Update Region States               33 us
[2026-04-03T03:27:40.476+0600][50.436s][info][gc,stats    ]   Trash Collection Set               10 us
[2026-04-03T03:27:40.476+0600][50.436s][info][gc,stats    ]   Rebuild Free Set                   31 us
[2026-04-03T03:27:40.476+0600][50.436s][info][gc,stats    ] Concurrent Cleanup                  207 us
[2026-04-03T03:27:40.476+0600][50.436s][info][gc,stats    ] 
[2026-04-03T03:27:40.476+0600][50.436s][info][gc,stats    ] Allocation pacing accrued:
[2026-04-03T03:27:40.476+0600][50.436s][info][gc,stats    ]       0 of   682 ms (  0.0%): <total>
[2026-04-03T03:27:40.476+0600][50.436s][info][gc,stats    ]       0 of   682 ms (  0.0%): <average total>
[2026-04-03T03:27:40.476+0600][50.436s][info][gc,stats    ] 
[2026-04-03T03:27:40.476+0600][50.436s][info][gc,metaspace] Metaspace: 72942K(73792K)->72999K(73856K) NonClass: 63658K(64128K)->63714K(64192K) Class: 9284K(9664K)->9284K(9664K)
[2026-04-03T03:27:40.476+0600][50.436s][info][gc,ergo     ] Pacer for Idle. Initial: 25600K, Alloc Tax Rate: 1.0x
[2026-04-03T03:27:40.477+0600][50.437s][info][gc          ] Trigger: Average GC time (795.02 ms) is above the time for average allocation rate (880 MB/s) to deplete free headroom (558M) (margin of error = 1.76)
[2026-04-03T03:27:40.477+0600][50.437s][info][gc,ergo     ] Free headroom: 621M (free) - 64000K (spike) - 0B (penalties) = 558M
[2026-04-03T03:27:40.477+0600][50.437s][info][gc,ergo     ] Free: 620M, Max: 512K regular, 228M humongous, Frag: 64% external, 0% internal; Reserve: 64000K, Max: 512K
[2026-04-03T03:27:40.477+0600][50.437s][info][gc,start    ] GC(48) Concurrent reset
[2026-04-03T03:27:40.477+0600][50.437s][info][gc,task     ] GC(48) Using 3 of 6 workers for concurrent reset
[2026-04-03T03:27:40.477+0600][50.437s][info][gc,ergo     ] GC(48) Pacer for Reset. Non-Taxable: 1250M
[2026-04-03T03:27:40.478+0600][50.438s][info][gc          ] GC(48) Concurrent reset 1.128ms
[2026-04-03T03:27:40.478+0600][50.439s][info][gc,start    ] GC(48) Pause Init Mark (unload classes)
[2026-04-03T03:27:40.479+0600][50.439s][info][gc,task     ] GC(48) Using 6 of 6 workers for init marking
[2026-04-03T03:27:40.479+0600][50.439s][info][gc,ergo     ] GC(48) Pacer for Mark. Expected Live: 191M, Free: 619M, Non-Taxable: 63485K, Alloc Tax Rate: 0.4x
[2026-04-03T03:27:40.479+0600][50.439s][info][gc          ] GC(48) Pause Init Mark (unload classes) 0.144ms
[2026-04-03T03:27:40.479+0600][50.439s][info][gc,start    ] GC(48) Concurrent marking roots
[2026-04-03T03:27:40.479+0600][50.439s][info][gc,task     ] GC(48) Using 3 of 6 workers for concurrent marking roots
[2026-04-03T03:27:40.480+0600][50.440s][info][gc          ] GC(48) Concurrent marking roots 0.920ms
[2026-04-03T03:27:40.480+0600][50.440s][info][gc,start    ] GC(48) Concurrent marking (unload classes)
[2026-04-03T03:27:40.480+0600][50.440s][info][gc,task     ] GC(48) Using 3 of 6 workers for concurrent marking
[2026-04-03T03:27:40.679+0600][50.639s][info][gc          ] GC(48) Concurrent marking (unload classes) 199.737ms
[2026-04-03T03:27:40.680+0600][50.640s][info][gc,start    ] GC(48) Pause Final Mark (unload classes)
[2026-04-03T03:27:40.680+0600][50.640s][info][gc,task     ] GC(48) Using 6 of 6 workers for final marking
[2026-04-03T03:27:40.680+0600][50.640s][info][gc,ergo     ] GC(48) Adaptive CSet Selection. Target Free: 177M, Actual Free: 755M, Max CSet: 53333K, Min Garbage: 0B
[2026-04-03T03:27:40.680+0600][50.640s][info][gc,ergo     ] GC(48) Collectable Garbage: 321M (97%), Immediate: 175M (53%), CSet: 145M (44%)
[2026-04-03T03:27:40.680+0600][50.640s][info][gc,ergo     ] GC(48) Pacer for Evacuation. Used CSet: 169M, Free: 721M, Non-Taxable: 73860K, Alloc Tax Rate: 1.1x
[2026-04-03T03:27:40.680+0600][50.640s][info][gc          ] GC(48) Pause Final Mark (unload classes) 0.708ms
[2026-04-03T03:27:40.680+0600][50.640s][info][gc,start    ] GC(48) Concurrent thread roots
[2026-04-03T03:27:40.680+0600][50.640s][info][gc,task     ] GC(48) Using 3 of 6 workers for Concurrent thread roots
[2026-04-03T03:27:40.681+0600][50.641s][info][gc          ] GC(48) Concurrent thread roots 0.793ms
[2026-04-03T03:27:40.681+0600][50.641s][info][gc,start    ] GC(48) Concurrent weak references
[2026-04-03T03:27:40.681+0600][50.641s][info][gc,task     ] GC(48) Using 3 of 6 workers for concurrent weak references
[2026-04-03T03:27:40.681+0600][50.641s][info][gc,ref      ] GC(48) Encountered references: Soft: 3348, Weak: 6470, Final: 84, Phantom: 599
[2026-04-03T03:27:40.681+0600][50.642s][info][gc,ref      ] GC(48) Discovered  references: Soft: 0, Weak: 748, Final: 0, Phantom: 596
[2026-04-03T03:27:40.681+0600][50.642s][info][gc,ref      ] GC(48) Enqueued    references: Soft: 0, Weak: 149, Final: 0, Phantom: 0
[2026-04-03T03:27:40.682+0600][50.642s][info][gc          ] GC(48) Concurrent weak references 0.346ms
[2026-04-03T03:27:40.682+0600][50.642s][info][gc,start    ] GC(48) Concurrent weak roots
[2026-04-03T03:27:40.682+0600][50.642s][info][gc,task     ] GC(48) Using 3 of 6 workers for concurrent weak root
[2026-04-03T03:27:40.684+0600][50.644s][info][gc          ] GC(48) Concurrent weak roots 2.464ms
[2026-04-03T03:27:40.684+0600][50.644s][info][gc,start    ] GC(48) Concurrent cleanup
[2026-04-03T03:27:40.685+0600][50.645s][info][gc          ] GC(48) Concurrent cleanup 641M->466M(1068M) 0.472ms
[2026-04-03T03:27:40.685+0600][50.645s][info][gc,ergo     ] GC(48) Free: 717M, Max: 512K regular, 228M humongous, Frag: 69% external, 0% internal; Reserve: 63947K, Max: 512K
[2026-04-03T03:27:40.685+0600][50.645s][info][gc,start    ] GC(48) Concurrent class unloading
[2026-04-03T03:27:40.685+0600][50.645s][info][gc,task     ] GC(48) Using 3 of 6 workers for concurrent class unloading
[2026-04-03T03:27:40.692+0600][50.652s][info][gc          ] GC(48) Concurrent class unloading 7.673ms
[2026-04-03T03:27:40.692+0600][50.652s][info][gc,start    ] GC(48) Concurrent strong roots
[2026-04-03T03:27:40.692+0600][50.652s][info][gc,task     ] GC(48) Using 3 of 6 workers for concurrent strong root
[2026-04-03T03:27:40.693+0600][50.653s][info][gc          ] GC(48) Concurrent strong roots 1.055ms
[2026-04-03T03:27:40.693+0600][50.654s][info][gc,start    ] GC(48) Concurrent evacuation
[2026-04-03T03:27:40.694+0600][50.654s][info][gc,task     ] GC(48) Using 3 of 6 workers for concurrent evacuation
[2026-04-03T03:27:40.714+0600][50.674s][info][gc          ] GC(48) Concurrent evacuation 20.856ms
[2026-04-03T03:27:40.715+0600][50.675s][info][gc,start    ] GC(48) Pause Init Update Refs
[2026-04-03T03:27:40.715+0600][50.675s][info][gc,ergo     ] GC(48) Pacer for Update Refs. Used: 521M, Free: 687M, Non-Taxable: 70399K, Alloc Tax Rate: 1.1x
[2026-04-03T03:27:40.715+0600][50.675s][info][gc          ] GC(48) Pause Init Update Refs 0.197ms
[2026-04-03T03:27:40.715+0600][50.675s][info][gc,start    ] GC(48) Concurrent update references
[2026-04-03T03:27:40.715+0600][50.675s][info][gc,task     ] GC(48) Using 3 of 6 workers for concurrent reference update
[2026-04-03T03:27:40.833+0600][50.793s][info][gc          ] GC(48) Concurrent update references 118.255ms
[2026-04-03T03:27:40.833+0600][50.793s][info][gc,start    ] GC(48) Concurrent update thread roots
[2026-04-03T03:27:40.835+0600][50.795s][info][gc          ] GC(48) Concurrent update thread roots 1.208ms
[2026-04-03T03:27:40.835+0600][50.795s][info][gc,start    ] GC(48) Pause Final Update Refs
[2026-04-03T03:27:40.835+0600][50.795s][info][gc,task     ] GC(48) Using 6 of 6 workers for final reference update
[2026-04-03T03:27:40.835+0600][50.795s][info][gc          ] GC(48) Pause Final Update Refs 0.194ms
[2026-04-03T03:27:40.835+0600][50.795s][info][gc,start    ] GC(48) Concurrent cleanup
[2026-04-03T03:27:40.835+0600][50.795s][info][gc          ] GC(48) Concurrent cleanup 655M->486M(1068M) 0.201ms
[2026-04-03T03:27:40.835+0600][50.795s][info][gc,ergo     ] Free: 697M, Max: 512K regular, 228M humongous, Frag: 68% external, 0% internal; Reserve: 64000K, Max: 512K
[2026-04-03T03:27:40.835+0600][50.795s][info][gc,stats    ] 
[2026-04-03T03:27:40.835+0600][50.795s][info][gc,stats    ] All times are wall-clock times, except per-root-class counters, that are sum over
[2026-04-03T03:27:40.835+0600][50.795s][info][gc,stats    ] all workers. Dividing the <total> over the root stage time estimates parallelism.
[2026-04-03T03:27:40.835+0600][50.795s][info][gc,stats    ] 
[2026-04-03T03:27:40.835+0600][50.795s][info][gc,stats    ] Concurrent Reset                   1165 us
[2026-04-03T03:27:40.835+0600][50.795s][info][gc,stats    ] Pause Init Mark (G)                 303 us
[2026-04-03T03:27:40.835+0600][50.795s][info][gc,stats    ] Pause Init Mark (N)                 152 us
[2026-04-03T03:27:40.835+0600][50.795s][info][gc,stats    ]   Update Region States               30 us
[2026-04-03T03:27:40.835+0600][50.795s][info][gc,stats    ] Concurrent Mark Roots               988 us, parallelism: 1.38x
[2026-04-03T03:27:40.835+0600][50.795s][info][gc,stats    ]   CMR: <total>                     1367 us
[2026-04-03T03:27:40.835+0600][50.795s][info][gc,stats    ]   CMR: Thread Roots                1082 us, workers (us): 229, 468, 385, ---, ---, ---, 
[2026-04-03T03:27:40.835+0600][50.795s][info][gc,stats    ]   CMR: VM Strong Roots               35 us, workers (us):  17,  17,   1, ---, ---, ---, 
[2026-04-03T03:27:40.835+0600][50.795s][info][gc,stats    ]   CMR: CLDG Roots                   250 us, workers (us): 250, ---, ---, ---, ---, ---, 
[2026-04-03T03:27:40.835+0600][50.795s][info][gc,stats    ] Concurrent Marking               199821 us
[2026-04-03T03:27:40.835+0600][50.795s][info][gc,stats    ] Pause Final Mark (G)                863 us
[2026-04-03T03:27:40.835+0600][50.796s][info][gc,stats    ] Pause Final Mark (N)                719 us
[2026-04-03T03:27:40.835+0600][50.796s][info][gc,stats    ]   Finish Mark                       312 us
[2026-04-03T03:27:40.835+0600][50.796s][info][gc,stats    ]   Update Region States               37 us
[2026-04-03T03:27:40.836+0600][50.796s][info][gc,stats    ]   Choose Collection Set             222 us
[2026-04-03T03:27:40.836+0600][50.796s][info][gc,stats    ]   Rebuild Free Set                   36 us
[2026-04-03T03:27:40.836+0600][50.796s][info][gc,stats    ] Concurrent Thread Roots             834 us, parallelism: 1.85x
[2026-04-03T03:27:40.836+0600][50.796s][info][gc,stats    ]   CTR: <total>                     1545 us
[2026-04-03T03:27:40.836+0600][50.796s][info][gc,stats    ]   CTR: Thread Roots                1545 us, workers (us): 527, 519, 499, ---, ---, ---, 
[2026-04-03T03:27:40.836+0600][50.796s][info][gc,stats    ] Concurrent Weak References          360 us, parallelism: 0.63x
[2026-04-03T03:27:40.836+0600][50.796s][info][gc,stats    ]   CWRF: <total>                     228 us
[2026-04-03T03:27:40.836+0600][50.796s][info][gc,stats    ]   CWRF: Weak References             228 us, workers (us): 111,  61,  56, ---, ---, ---, 
[2026-04-03T03:27:40.836+0600][50.796s][info][gc,stats    ] Concurrent Weak Roots              2528 us
[2026-04-03T03:27:40.836+0600][50.796s][info][gc,stats    ]   Roots                            1869 us, parallelism: 2.44x
[2026-04-03T03:27:40.836+0600][50.796s][info][gc,stats    ]     CWR: <total>                   4559 us
[2026-04-03T03:27:40.836+0600][50.796s][info][gc,stats    ]     CWR: Code Cache Roots          3143 us, workers (us): 1071, 1091, 980, ---, ---, ---, 
[2026-04-03T03:27:40.836+0600][50.796s][info][gc,stats    ]     CWR: VM Weak Roots             1317 us, workers (us): 502, 408, 407, ---, ---, ---, 
[2026-04-03T03:27:40.836+0600][50.796s][info][gc,stats    ]     CWR: CLDG Roots                  99 us, workers (us): ---, ---,  99, ---, ---, ---, 
[2026-04-03T03:27:40.836+0600][50.796s][info][gc,stats    ]   Rendezvous                        566 us
[2026-04-03T03:27:40.836+0600][50.796s][info][gc,stats    ] Concurrent Cleanup                  488 us
[2026-04-03T03:27:40.836+0600][50.796s][info][gc,stats    ] Concurrent Class Unloading         7758 us
[2026-04-03T03:27:40.836+0600][50.796s][info][gc,stats    ]   Unlink Stale                     6805 us
[2026-04-03T03:27:40.836+0600][50.796s][info][gc,stats    ]     System Dictionary               151 us
[2026-04-03T03:27:40.836+0600][50.796s][info][gc,stats    ]     Weak Class Links                  0 us
[2026-04-03T03:27:40.836+0600][50.796s][info][gc,stats    ]     Code Roots                     6650 us
[2026-04-03T03:27:40.836+0600][50.796s][info][gc,stats    ]   Rendezvous                        630 us
[2026-04-03T03:27:40.836+0600][50.796s][info][gc,stats    ]   Purge Unlinked                    215 us
[2026-04-03T03:27:40.836+0600][50.796s][info][gc,stats    ]     Code Roots                      203 us
[2026-04-03T03:27:40.836+0600][50.796s][info][gc,stats    ]     CLDG                             12 us
[2026-04-03T03:27:40.836+0600][50.796s][info][gc,stats    ]     Exception Caches                  0 us
[2026-04-03T03:27:40.836+0600][50.796s][info][gc,stats    ] Concurrent Strong Roots            1128 us, parallelism: 0.68x
[2026-04-03T03:27:40.836+0600][50.796s][info][gc,stats    ]   CSR: <total>                      767 us
[2026-04-03T03:27:40.836+0600][50.796s][info][gc,stats    ]   CSR: VM Strong Roots               48 us, workers (us):  25,  15,   9, ---, ---, ---, 
[2026-04-03T03:27:40.836+0600][50.796s][info][gc,stats    ]   CSR: CLDG Roots                   719 us, workers (us): ---, ---, 719, ---, ---, ---, 
[2026-04-03T03:27:40.836+0600][50.796s][info][gc,stats    ] Concurrent Evacuation             20974 us
[2026-04-03T03:27:40.836+0600][50.796s][info][gc,stats    ] Pause Init Update Refs (G)          546 us
[2026-04-03T03:27:40.836+0600][50.796s][info][gc,stats    ] Pause Init Update Refs (N)          232 us
[2026-04-03T03:27:40.836+0600][50.796s][info][gc,stats    ]   Manage GCLABs                      37 us
[2026-04-03T03:27:40.836+0600][50.796s][info][gc,stats    ] Concurrent Update Refs           118345 us
[2026-04-03T03:27:40.836+0600][50.796s][info][gc,stats    ] Concurrent Update Thread Roots     1294 us
[2026-04-03T03:27:40.836+0600][50.796s][info][gc,stats    ] Pause Final Update Refs (G)         388 us
[2026-04-03T03:27:40.836+0600][50.796s][info][gc,stats    ] Pause Final Update Refs (N)         217 us
[2026-04-03T03:27:40.836+0600][50.796s][info][gc,stats    ]   Update Region States               38 us
[2026-04-03T03:27:40.836+0600][50.796s][info][gc,stats    ]   Trash Collection Set               10 us
[2026-04-03T03:27:40.836+0600][50.796s][info][gc,stats    ]   Rebuild Free Set                   33 us
[2026-04-03T03:27:40.836+0600][50.796s][info][gc,stats    ] Concurrent Cleanup                  220 us
[2026-04-03T03:27:40.836+0600][50.796s][info][gc,stats    ] Pacing                            78023 us
[2026-04-03T03:27:40.836+0600][50.796s][info][gc,stats    ] 
[2026-04-03T03:27:40.836+0600][50.796s][info][gc,stats    ] Allocation pacing accrued:
[2026-04-03T03:27:40.836+0600][50.796s][info][gc,stats    ]      78 of   360 ms ( 21.7%): main
[2026-04-03T03:27:40.836+0600][50.796s][info][gc,stats    ]      78 of   360 ms ( 21.7%): <total>
[2026-04-03T03:27:40.836+0600][50.796s][info][gc,stats    ]       0 of   360 ms (  0.1%): <average total>
[2026-04-03T03:27:40.836+0600][50.796s][info][gc,stats    ]      78 of   360 ms ( 21.7%): <average non-zero>
[2026-04-03T03:27:40.836+0600][50.796s][info][gc,stats    ] 
[2026-04-03T03:27:40.836+0600][50.796s][info][gc,metaspace] Metaspace: 72999K(73856K)->73001K(73856K) NonClass: 63714K(64192K)->63716K(64192K) Class: 9284K(9664K)->9284K(9664K)
[2026-04-03T03:27:40.836+0600][50.796s][info][gc,ergo     ] Pacer for Idle. Initial: 25600K, Alloc Tax Rate: 1.0x
[2026-04-03T03:27:40.893+0600][50.853s][info][gc          ] Trigger: Average GC time (667.72 ms) is above the time for average allocation rate (824 MB/s) to deplete free headroom (548M) (margin of error = 1.76)
[2026-04-03T03:27:40.894+0600][50.854s][info][gc,ergo     ] Free headroom: 610M (free) - 64000K (spike) - 0B (penalties) = 548M
[2026-04-03T03:27:40.894+0600][50.854s][info][gc,ergo     ] Free: 610M, Max: 512K regular, 228M humongous, Frag: 63% external, 0% internal; Reserve: 64000K, Max: 512K
[2026-04-03T03:27:40.894+0600][50.854s][info][gc,start    ] GC(49) Concurrent reset
[2026-04-03T03:27:40.894+0600][50.854s][info][gc,task     ] GC(49) Using 3 of 6 workers for concurrent reset
[2026-04-03T03:27:40.894+0600][50.854s][info][gc,ergo     ] GC(49) Pacer for Reset. Non-Taxable: 1250M
[2026-04-03T03:27:40.895+0600][50.855s][info][gc          ] GC(49) Concurrent reset 0.967ms
[2026-04-03T03:27:40.895+0600][50.855s][info][gc,start    ] GC(49) Pause Init Mark (unload classes)
[2026-04-03T03:27:40.895+0600][50.855s][info][gc,task     ] GC(49) Using 6 of 6 workers for init marking
[2026-04-03T03:27:40.895+0600][50.855s][info][gc,ergo     ] GC(49) Pacer for Mark. Expected Live: 196M, Free: 609M, Non-Taxable: 62391K, Alloc Tax Rate: 0.4x
[2026-04-03T03:27:40.895+0600][50.855s][info][gc          ] GC(49) Pause Init Mark (unload classes) 0.139ms
[2026-04-03T03:27:40.895+0600][50.855s][info][gc,start    ] GC(49) Concurrent marking roots
[2026-04-03T03:27:40.895+0600][50.855s][info][gc,task     ] GC(49) Using 3 of 6 workers for concurrent marking roots
[2026-04-03T03:27:40.896+0600][50.856s][info][gc          ] GC(49) Concurrent marking roots 0.745ms
[2026-04-03T03:27:40.896+0600][50.856s][info][gc,start    ] GC(49) Concurrent marking (unload classes)
[2026-04-03T03:27:40.896+0600][50.856s][info][gc,task     ] GC(49) Using 3 of 6 workers for concurrent marking
[2026-04-03T03:27:41.084+0600][51.044s][info][gc          ] GC(49) Concurrent marking (unload classes) 188.448ms
[2026-04-03T03:27:41.084+0600][51.044s][info][gc,start    ] GC(49) Pause Final Mark (unload classes)
[2026-04-03T03:27:41.084+0600][51.044s][info][gc,task     ] GC(49) Using 6 of 6 workers for final marking
[2026-04-03T03:27:41.085+0600][51.045s][info][gc,ergo     ] GC(49) Collectable Garbage: 310M (94%), Immediate: 310M (94%), CSet: 0B (0%)
[2026-04-03T03:27:41.085+0600][51.045s][info][gc          ] GC(49) Pause Final Mark (unload classes) 0.555ms
[2026-04-03T03:27:41.085+0600][51.045s][info][gc,start    ] GC(49) Concurrent weak references
[2026-04-03T03:27:41.085+0600][51.045s][info][gc,task     ] GC(49) Using 3 of 6 workers for concurrent weak references
[2026-04-03T03:27:41.085+0600][51.045s][info][gc,ref      ] GC(49) Encountered references: Soft: 3348, Weak: 6342, Final: 84, Phantom: 599
[2026-04-03T03:27:41.085+0600][51.046s][info][gc,ref      ] GC(49) Discovered  references: Soft: 0, Weak: 1205, Final: 2, Phantom: 596
[2026-04-03T03:27:41.086+0600][51.046s][info][gc,ref      ] GC(49) Enqueued    references: Soft: 0, Weak: 2, Final: 0, Phantom: 0
[2026-04-03T03:27:41.086+0600][51.046s][info][gc          ] GC(49) Concurrent weak references 0.431ms
[2026-04-03T03:27:41.086+0600][51.046s][info][gc,start    ] GC(49) Concurrent weak roots
[2026-04-03T03:27:41.086+0600][51.046s][info][gc,task     ] GC(49) Using 3 of 6 workers for concurrent weak root
[2026-04-03T03:27:41.088+0600][51.048s][info][gc          ] GC(49) Concurrent weak roots 2.180ms
[2026-04-03T03:27:41.088+0600][51.048s][info][gc,start    ] GC(49) Concurrent cleanup
[2026-04-03T03:27:41.088+0600][51.048s][info][gc          ] GC(49) Concurrent cleanup 667M->357M(1068M) 0.453ms
[2026-04-03T03:27:41.088+0600][51.048s][info][gc,ergo     ] GC(49) Free: 826M, Max: 512K regular, 228M humongous, Frag: 73% external, 0% internal; Reserve: 64000K, Max: 512K
[2026-04-03T03:27:41.088+0600][51.048s][info][gc,start    ] GC(49) Concurrent class unloading
[2026-04-03T03:27:41.088+0600][51.048s][info][gc,task     ] GC(49) Using 3 of 6 workers for concurrent class unloading
[2026-04-03T03:27:41.094+0600][51.054s][info][gc          ] GC(49) Concurrent class unloading 5.984ms
[2026-04-03T03:27:41.095+0600][51.055s][info][gc,start    ] GC(49) Pause Final Roots
[2026-04-03T03:27:41.095+0600][51.055s][info][gc          ] GC(49) Pause Final Roots 0.047ms
[2026-04-03T03:27:41.095+0600][51.055s][info][gc,ergo     ] Free: 815M, Max: 512K regular, 228M humongous, Frag: 72% external, 0% internal; Reserve: 64000K, Max: 512K
[2026-04-03T03:27:41.095+0600][51.055s][info][gc,stats    ] 
[2026-04-03T03:27:41.095+0600][51.055s][info][gc,stats    ] All times are wall-clock times, except per-root-class counters, that are sum over
[2026-04-03T03:27:41.095+0600][51.055s][info][gc,stats    ] all workers. Dividing the <total> over the root stage time estimates parallelism.
[2026-04-03T03:27:41.095+0600][51.055s][info][gc,stats    ] 
[2026-04-03T03:27:41.095+0600][51.055s][info][gc,stats    ] Concurrent Reset                   1013 us
[2026-04-03T03:27:41.095+0600][51.055s][info][gc,stats    ] Pause Init Mark (G)                 323 us
[2026-04-03T03:27:41.095+0600][51.055s][info][gc,stats    ] Pause Init Mark (N)                 147 us
[2026-04-03T03:27:41.095+0600][51.055s][info][gc,stats    ]   Update Region States               37 us
[2026-04-03T03:27:41.095+0600][51.055s][info][gc,stats    ] Concurrent Mark Roots               790 us, parallelism: 1.53x
[2026-04-03T03:27:41.095+0600][51.055s][info][gc,stats    ]   CMR: <total>                     1206 us
[2026-04-03T03:27:41.095+0600][51.055s][info][gc,stats    ]   CMR: Thread Roots                 966 us, workers (us): 389, 188, 390, ---, ---, ---, 
[2026-04-03T03:27:41.095+0600][51.055s][info][gc,stats    ]   CMR: VM Strong Roots               34 us, workers (us):  16,  12,   6, ---, ---, ---, 
[2026-04-03T03:27:41.095+0600][51.055s][info][gc,stats    ]   CMR: CLDG Roots                   206 us, workers (us): ---, 206, ---, ---, ---, ---, 
[2026-04-03T03:27:41.095+0600][51.055s][info][gc,stats    ] Concurrent Marking               188528 us
[2026-04-03T03:27:41.095+0600][51.055s][info][gc,stats    ] Pause Final Mark (G)                854 us
[2026-04-03T03:27:41.095+0600][51.055s][info][gc,stats    ] Pause Final Mark (N)                572 us
[2026-04-03T03:27:41.095+0600][51.055s][info][gc,stats    ]   Finish Mark                       308 us
[2026-04-03T03:27:41.095+0600][51.055s][info][gc,stats    ]   Update Region States               40 us
[2026-04-03T03:27:41.095+0600][51.055s][info][gc,stats    ]   Choose Collection Set              97 us
[2026-04-03T03:27:41.095+0600][51.055s][info][gc,stats    ]   Rebuild Free Set                   36 us
[2026-04-03T03:27:41.095+0600][51.055s][info][gc,stats    ] Concurrent Weak References          441 us, parallelism: 0.68x
[2026-04-03T03:27:41.095+0600][51.055s][info][gc,stats    ]   CWRF: <total>                     301 us
[2026-04-03T03:27:41.095+0600][51.055s][info][gc,stats    ]   CWRF: Weak References             301 us, workers (us): 185, 115,   1, ---, ---, ---, 
[2026-04-03T03:27:41.095+0600][51.055s][info][gc,stats    ] Concurrent Weak Roots              2227 us
[2026-04-03T03:27:41.095+0600][51.055s][info][gc,stats    ]   Roots                            1825 us, parallelism: 2.28x
[2026-04-03T03:27:41.095+0600][51.055s][info][gc,stats    ]     CWR: <total>                   4158 us
[2026-04-03T03:27:41.095+0600][51.055s][info][gc,stats    ]     CWR: Code Cache Roots          3023 us, workers (us): 984, 1110, 928, ---, ---, ---, 
[2026-04-03T03:27:41.095+0600][51.055s][info][gc,stats    ]     CWR: VM Weak Roots             1074 us, workers (us): 402, 366, 306, ---, ---, ---, 
[2026-04-03T03:27:41.095+0600][51.055s][info][gc,stats    ]     CWR: CLDG Roots                  62 us, workers (us): ---, ---,  62, ---, ---, ---, 
[2026-04-03T03:27:41.095+0600][51.055s][info][gc,stats    ]   Rendezvous                        307 us
[2026-04-03T03:27:41.095+0600][51.055s][info][gc,stats    ] Concurrent Cleanup                  465 us
[2026-04-03T03:27:41.095+0600][51.055s][info][gc,stats    ] Concurrent Class Unloading         6064 us
[2026-04-03T03:27:41.095+0600][51.055s][info][gc,stats    ]   Unlink Stale                     5433 us
[2026-04-03T03:27:41.095+0600][51.055s][info][gc,stats    ]     System Dictionary                63 us
[2026-04-03T03:27:41.095+0600][51.055s][info][gc,stats    ]     Weak Class Links                  0 us
[2026-04-03T03:27:41.095+0600][51.055s][info][gc,stats    ]     Code Roots                     5366 us
[2026-04-03T03:27:41.095+0600][51.055s][info][gc,stats    ]   Rendezvous                        222 us
[2026-04-03T03:27:41.095+0600][51.055s][info][gc,stats    ]   Purge Unlinked                    308 us
[2026-04-03T03:27:41.095+0600][51.055s][info][gc,stats    ]     Code Roots                      299 us
[2026-04-03T03:27:41.095+0600][51.055s][info][gc,stats    ]     CLDG                              9 us
[2026-04-03T03:27:41.095+0600][51.055s][info][gc,stats    ]     Exception Caches                  0 us
[2026-04-03T03:27:41.095+0600][51.055s][info][gc,stats    ] Pause Final Roots (G)               376 us
[2026-04-03T03:27:41.095+0600][51.055s][info][gc,stats    ] Pause Final Roots (N)                65 us
[2026-04-03T03:27:41.095+0600][51.055s][info][gc,stats    ] Pacing                           156210 us
[2026-04-03T03:27:41.095+0600][51.055s][info][gc,stats    ] 
[2026-04-03T03:27:41.095+0600][51.055s][info][gc,stats    ] Allocation pacing accrued:
[2026-04-03T03:27:41.095+0600][51.055s][info][gc,stats    ]     145 of   259 ms ( 55.8%): main
[2026-04-03T03:27:41.095+0600][51.055s][info][gc,stats    ]      11 of   259 ms (  4.4%): Spark Context Cleaner
[2026-04-03T03:27:41.095+0600][51.055s][info][gc,stats    ]     156 of   259 ms ( 60.2%): <total>
[2026-04-03T03:27:41.095+0600][51.055s][info][gc,stats    ]       1 of   259 ms (  0.3%): <average total>
[2026-04-03T03:27:41.095+0600][51.056s][info][gc,stats    ]      78 of   259 ms ( 30.1%): <average non-zero>
[2026-04-03T03:27:41.095+0600][51.056s][info][gc,stats    ] 
[2026-04-03T03:27:41.096+0600][51.056s][info][gc,metaspace] Metaspace: 73001K(73856K)->73001K(73856K) NonClass: 63716K(64192K)->63716K(64192K) Class: 9284K(9664K)->9284K(9664K)
[2026-04-03T03:27:41.096+0600][51.056s][info][gc,ergo     ] Pacer for Idle. Initial: 25600K, Alloc Tax Rate: 1.0x
[2026-04-03T03:27:41.107+0600][51.067s][info][gc          ] Trigger: Explicit GC request (System.gc())
[2026-04-03T03:27:41.108+0600][51.068s][info][gc,ergo     ] Free: 789M, Max: 512K regular, 228M humongous, Frag: 72% external, 0% internal; Reserve: 64000K, Max: 512K
[2026-04-03T03:27:41.108+0600][51.068s][info][gc,start    ] GC(50) Concurrent reset
[2026-04-03T03:27:41.108+0600][51.068s][info][gc,task     ] GC(50) Using 3 of 6 workers for concurrent reset
[2026-04-03T03:27:41.108+0600][51.068s][info][gc,ergo     ] GC(50) Pacer for Reset. Non-Taxable: 1250M
[2026-04-03T03:27:41.108+0600][51.068s][info][gc          ] GC(50) Concurrent reset 0.694ms
[2026-04-03T03:27:41.108+0600][51.068s][info][gc,start    ] GC(50) Pause Init Mark (unload classes)
[2026-04-03T03:27:41.108+0600][51.069s][info][gc,task     ] GC(50) Using 6 of 6 workers for init marking
[2026-04-03T03:27:41.109+0600][51.069s][info][gc,ref      ] GC(50) Clearing All SoftReferences
[2026-04-03T03:27:41.109+0600][51.069s][info][gc,ergo     ] GC(50) Pacer for Mark. Expected Live: 211M, Free: 789M, Non-Taxable: 80793K, Alloc Tax Rate: 0.3x
[2026-04-03T03:27:41.109+0600][51.069s][info][gc          ] GC(50) Pause Init Mark (unload classes) 0.118ms
[2026-04-03T03:27:41.109+0600][51.069s][info][gc,start    ] GC(50) Concurrent marking roots
[2026-04-03T03:27:41.109+0600][51.069s][info][gc,task     ] GC(50) Using 3 of 6 workers for concurrent marking roots
[2026-04-03T03:27:41.110+0600][51.070s][info][gc          ] GC(50) Concurrent marking roots 0.855ms
[2026-04-03T03:27:41.110+0600][51.070s][info][gc,start    ] GC(50) Concurrent marking (unload classes)
[2026-04-03T03:27:41.110+0600][51.070s][info][gc,task     ] GC(50) Using 3 of 6 workers for concurrent marking
[2026-04-03T03:27:41.246+0600][51.206s][info][gc          ] GC(50) Concurrent marking (unload classes) 136.026ms
[2026-04-03T03:27:41.246+0600][51.206s][info][gc,start    ] GC(50) Pause Final Mark (unload classes)
[2026-04-03T03:27:41.246+0600][51.206s][info][gc,task     ] GC(50) Using 6 of 6 workers for final marking
[2026-04-03T03:27:41.246+0600][51.206s][info][gc,ergo     ] GC(50) Adaptive CSet Selection. Target Free: 177M, Actual Free: 1072M, Max CSet: 53333K, Min Garbage: 0B
[2026-04-03T03:27:41.247+0600][51.207s][info][gc,ergo     ] GC(50) Collectable Garbage: 243M (96%), Immediate: 222M (88%), CSet: 22039K (8%)
[2026-04-03T03:27:41.247+0600][51.207s][info][gc,ergo     ] GC(50) Pacer for Evacuation. Used CSet: 23343K, Free: 1011M, Non-Taxable: 101M, Alloc Tax Rate: 1.1x
[2026-04-03T03:27:41.247+0600][51.207s][info][gc          ] GC(50) Pause Final Mark (unload classes) 0.799ms
[2026-04-03T03:27:41.247+0600][51.207s][info][gc,start    ] GC(50) Concurrent thread roots
[2026-04-03T03:27:41.247+0600][51.207s][info][gc,task     ] GC(50) Using 3 of 6 workers for Concurrent thread roots
[2026-04-03T03:27:41.248+0600][51.208s][info][gc          ] GC(50) Concurrent thread roots 0.886ms
[2026-04-03T03:27:41.248+0600][51.208s][info][gc,start    ] GC(50) Concurrent weak references
[2026-04-03T03:27:41.248+0600][51.208s][info][gc,task     ] GC(50) Using 3 of 6 workers for concurrent weak references
[2026-04-03T03:27:41.248+0600][51.208s][info][gc,ref      ] GC(50) Encountered references: Soft: 3226, Weak: 6228, Final: 84, Phantom: 599
[2026-04-03T03:27:41.248+0600][51.208s][info][gc,ref      ] GC(50) Discovered  references: Soft: 882, Weak: 990, Final: 0, Phantom: 596
[2026-04-03T03:27:41.248+0600][51.208s][info][gc,ref      ] GC(50) Enqueued    references: Soft: 469, Weak: 57, Final: 0, Phantom: 0
[2026-04-03T03:27:41.248+0600][51.208s][info][gc          ] GC(50) Concurrent weak references 0.416ms
[2026-04-03T03:27:41.248+0600][51.208s][info][gc,start    ] GC(50) Concurrent weak roots
[2026-04-03T03:27:41.248+0600][51.208s][info][gc,task     ] GC(50) Using 3 of 6 workers for concurrent weak root
[2026-04-03T03:27:41.251+0600][51.211s][info][gc          ] GC(50) Concurrent weak roots 3.000ms
[2026-04-03T03:27:41.251+0600][51.211s][info][gc,start    ] GC(50) Concurrent cleanup
[2026-04-03T03:27:41.252+0600][51.212s][info][gc          ] GC(50) Concurrent cleanup 396M->174M(1068M) 0.572ms
[2026-04-03T03:27:41.252+0600][51.212s][info][gc,ergo     ] GC(50) Free: 1010M, Max: 512K regular, 228M humongous, Frag: 78% external, 0% internal; Reserve: 63655K, Max: 512K
[2026-04-03T03:27:41.252+0600][51.212s][info][gc,start    ] GC(50) Concurrent class unloading
[2026-04-03T03:27:41.252+0600][51.212s][info][gc,task     ] GC(50) Using 3 of 6 workers for concurrent class unloading
[2026-04-03T03:27:41.272+0600][51.232s][info][gc          ] GC(50) Concurrent class unloading 20.459ms
[2026-04-03T03:27:41.272+0600][51.232s][info][gc,start    ] GC(50) Concurrent strong roots
[2026-04-03T03:27:41.272+0600][51.233s][info][gc,task     ] GC(50) Using 3 of 6 workers for concurrent strong root
[2026-04-03T03:27:41.273+0600][51.233s][info][gc          ] GC(50) Concurrent strong roots 0.721ms
[2026-04-03T03:27:41.273+0600][51.233s][info][gc,start    ] GC(50) Concurrent evacuation
[2026-04-03T03:27:41.273+0600][51.233s][info][gc,task     ] GC(50) Using 3 of 6 workers for concurrent evacuation
[2026-04-03T03:27:41.275+0600][51.235s][info][gc          ] GC(50) Concurrent evacuation 1.386ms
[2026-04-03T03:27:41.275+0600][51.235s][info][gc,start    ] GC(50) Pause Init Update Refs
[2026-04-03T03:27:41.275+0600][51.235s][info][gc,ergo     ] GC(50) Pacer for Update Refs. Used: 180M, Free: 1006M, Non-Taxable: 100M, Alloc Tax Rate: 1.1x
[2026-04-03T03:27:41.275+0600][51.235s][info][gc          ] GC(50) Pause Init Update Refs 0.095ms
[2026-04-03T03:27:41.275+0600][51.235s][info][gc,start    ] GC(50) Concurrent update references
[2026-04-03T03:27:41.275+0600][51.235s][info][gc,task     ] GC(50) Using 3 of 6 workers for concurrent reference update
[2026-04-03T03:27:41.331+0600][51.291s][info][gc          ] GC(50) Concurrent update references 55.716ms
[2026-04-03T03:27:41.331+0600][51.291s][info][gc,start    ] GC(50) Concurrent update thread roots
[2026-04-03T03:27:41.332+0600][51.292s][info][gc          ] GC(50) Concurrent update thread roots 0.981ms
[2026-04-03T03:27:41.332+0600][51.292s][info][gc,start    ] GC(50) Pause Final Update Refs
[2026-04-03T03:27:41.332+0600][51.292s][info][gc,task     ] GC(50) Using 6 of 6 workers for final reference update
[2026-04-03T03:27:41.332+0600][51.292s][info][gc          ] GC(50) Pause Final Update Refs 0.120ms
[2026-04-03T03:27:41.332+0600][51.292s][info][gc,start    ] GC(50) Concurrent cleanup
[2026-04-03T03:27:41.332+0600][51.293s][info][gc          ] GC(50) Concurrent cleanup 180M->157M(1068M) 0.242ms
[2026-04-03T03:27:41.333+0600][51.293s][info][gc,ergo     ] Free: 1027M, Max: 512K regular, 250M humongous, Frag: 76% external, 0% internal; Reserve: 64000K, Max: 512K
[2026-04-03T03:27:41.333+0600][51.293s][info][gc,stats    ] 
[2026-04-03T03:27:41.333+0600][51.293s][info][gc,stats    ] All times are wall-clock times, except per-root-class counters, that are sum over
[2026-04-03T03:27:41.333+0600][51.293s][info][gc,stats    ] all workers. Dividing the <total> over the root stage time estimates parallelism.
[2026-04-03T03:27:41.333+0600][51.293s][info][gc,stats    ] 
[2026-04-03T03:27:41.333+0600][51.293s][info][gc,stats    ] Concurrent Reset                    716 us
[2026-04-03T03:27:41.333+0600][51.293s][info][gc,stats    ] Pause Init Mark (G)                 437 us
[2026-04-03T03:27:41.333+0600][51.293s][info][gc,stats    ] Pause Init Mark (N)                 127 us
[2026-04-03T03:27:41.333+0600][51.293s][info][gc,stats    ]   Update Region States               25 us
[2026-04-03T03:27:41.333+0600][51.293s][info][gc,stats    ] Concurrent Mark Roots               892 us, parallelism: 1.59x
[2026-04-03T03:27:41.333+0600][51.293s][info][gc,stats    ]   CMR: <total>                     1415 us
[2026-04-03T03:27:41.333+0600][51.293s][info][gc,stats    ]   CMR: Thread Roots                1219 us, workers (us): 296, 460, 464, ---, ---, ---, 
[2026-04-03T03:27:41.333+0600][51.293s][info][gc,stats    ]   CMR: VM Strong Roots               32 us, workers (us):  16,  11,   6, ---, ---, ---, 
[2026-04-03T03:27:41.333+0600][51.293s][info][gc,stats    ]   CMR: CLDG Roots                   163 us, workers (us): 163, ---, ---, ---, ---, ---, 
[2026-04-03T03:27:41.333+0600][51.293s][info][gc,stats    ] Concurrent Marking               136122 us
[2026-04-03T03:27:41.333+0600][51.293s][info][gc,stats    ] Pause Final Mark (G)               1110 us
[2026-04-03T03:27:41.333+0600][51.293s][info][gc,stats    ] Pause Final Mark (N)                812 us
[2026-04-03T03:27:41.333+0600][51.293s][info][gc,stats    ]   Finish Mark                       414 us
[2026-04-03T03:27:41.333+0600][51.293s][info][gc,stats    ]   Update Region States               45 us
[2026-04-03T03:27:41.333+0600][51.293s][info][gc,stats    ]   Choose Collection Set             186 us
[2026-04-03T03:27:41.333+0600][51.293s][info][gc,stats    ]   Rebuild Free Set                   45 us
[2026-04-03T03:27:41.333+0600][51.293s][info][gc,stats    ] Concurrent Thread Roots             939 us, parallelism: 1.86x
[2026-04-03T03:27:41.333+0600][51.293s][info][gc,stats    ]   CTR: <total>                     1746 us
[2026-04-03T03:27:41.333+0600][51.293s][info][gc,stats    ]   CTR: Thread Roots                1746 us, workers (us): 589, 581, 575, ---, ---, ---, 
[2026-04-03T03:27:41.333+0600][51.293s][info][gc,stats    ] Concurrent Weak References          424 us, parallelism: 1.26x
[2026-04-03T03:27:41.333+0600][51.293s][info][gc,stats    ]   CWRF: <total>                     534 us
[2026-04-03T03:27:41.333+0600][51.293s][info][gc,stats    ]   CWRF: Weak References             534 us, workers (us): 298, 123, 114, ---, ---, ---, 
[2026-04-03T03:27:41.333+0600][51.293s][info][gc,stats    ] Concurrent Weak Roots              3067 us
[2026-04-03T03:27:41.333+0600][51.293s][info][gc,stats    ]   Roots                            2618 us, parallelism: 2.48x
[2026-04-03T03:27:41.333+0600][51.293s][info][gc,stats    ]     CWR: <total>                   6494 us
[2026-04-03T03:27:41.333+0600][51.293s][info][gc,stats    ]     CWR: Code Cache Roots          4533 us, workers (us): 1511, 1657, 1365, ---, ---, ---, 
[2026-04-03T03:27:41.333+0600][51.293s][info][gc,stats    ]     CWR: VM Weak Roots             1879 us, workers (us): 652, 637, 590, ---, ---, ---, 
[2026-04-03T03:27:41.333+0600][51.293s][info][gc,stats    ]     CWR: CLDG Roots                  82 us, workers (us): ---, ---,  82, ---, ---, ---, 
[2026-04-03T03:27:41.333+0600][51.293s][info][gc,stats    ]   Rendezvous                        361 us
[2026-04-03T03:27:41.333+0600][51.293s][info][gc,stats    ] Concurrent Cleanup                  589 us
[2026-04-03T03:27:41.333+0600][51.293s][info][gc,stats    ] Concurrent Class Unloading        20542 us
[2026-04-03T03:27:41.333+0600][51.293s][info][gc,stats    ]   Unlink Stale                    19172 us
[2026-04-03T03:27:41.333+0600][51.293s][info][gc,stats    ]     System Dictionary               393 us
[2026-04-03T03:27:41.333+0600][51.293s][info][gc,stats    ]     Weak Class Links              12047 us
[2026-04-03T03:27:41.333+0600][51.293s][info][gc,stats    ]     Code Roots                     6728 us
[2026-04-03T03:27:41.333+0600][51.293s][info][gc,stats    ]   Rendezvous                        380 us
[2026-04-03T03:27:41.333+0600][51.293s][info][gc,stats    ]   Purge Unlinked                    880 us
[2026-04-03T03:27:41.333+0600][51.293s][info][gc,stats    ]     Code Roots                      283 us
[2026-04-03T03:27:41.333+0600][51.293s][info][gc,stats    ]     CLDG                            596 us
[2026-04-03T03:27:41.333+0600][51.293s][info][gc,stats    ]     Exception Caches                  0 us
[2026-04-03T03:27:41.333+0600][51.293s][info][gc,stats    ] Concurrent Strong Roots             779 us, parallelism: 0.57x
[2026-04-03T03:27:41.333+0600][51.293s][info][gc,stats    ]   CSR: <total>                      441 us
[2026-04-03T03:27:41.333+0600][51.293s][info][gc,stats    ]   CSR: VM Strong Roots               53 us, workers (us):  49,   2,   2, ---, ---, ---, 
[2026-04-03T03:27:41.333+0600][51.293s][info][gc,stats    ]   CSR: CLDG Roots                   388 us, workers (us): 388, ---, ---, ---, ---, ---, 
[2026-04-03T03:27:41.333+0600][51.293s][info][gc,stats    ] Concurrent Evacuation              1456 us
[2026-04-03T03:27:41.333+0600][51.293s][info][gc,stats    ] Pause Init Update Refs (G)          294 us
[2026-04-03T03:27:41.333+0600][51.293s][info][gc,stats    ] Pause Init Update Refs (N)          106 us
[2026-04-03T03:27:41.333+0600][51.293s][info][gc,stats    ]   Manage GCLABs                      22 us
[2026-04-03T03:27:41.333+0600][51.293s][info][gc,stats    ] Concurrent Update Refs            55810 us
[2026-04-03T03:27:41.333+0600][51.293s][info][gc,stats    ] Concurrent Update Thread Roots     1023 us
[2026-04-03T03:27:41.333+0600][51.293s][info][gc,stats    ] Pause Final Update Refs (G)         403 us
[2026-04-03T03:27:41.333+0600][51.293s][info][gc,stats    ] Pause Final Update Refs (N)         138 us
[2026-04-03T03:27:41.333+0600][51.293s][info][gc,stats    ]   Update Region States               35 us
[2026-04-03T03:27:41.333+0600][51.293s][info][gc,stats    ]   Trash Collection Set                6 us
[2026-04-03T03:27:41.333+0600][51.293s][info][gc,stats    ]   Rebuild Free Set                   31 us
[2026-04-03T03:27:41.333+0600][51.293s][info][gc,stats    ] Concurrent Cleanup                  258 us
[2026-04-03T03:27:41.333+0600][51.293s][info][gc,stats    ] 
[2026-04-03T03:27:41.333+0600][51.293s][info][gc,stats    ] Allocation pacing accrued:
[2026-04-03T03:27:41.333+0600][51.293s][info][gc,stats    ]       0 of   238 ms (  0.0%): <total>
[2026-04-03T03:27:41.333+0600][51.293s][info][gc,stats    ]       0 of   238 ms (  0.0%): <average total>
[2026-04-03T03:27:41.333+0600][51.293s][info][gc,stats    ] 
[2026-04-03T03:27:41.333+0600][51.293s][info][gc,metaspace] Metaspace: 73001K(73856K)->72582K(73856K) NonClass: 63716K(64192K)->63368K(64192K) Class: 9284K(9664K)->9214K(9664K)
[2026-04-03T03:27:41.333+0600][51.293s][info][gc,ergo     ] Pacer for Idle. Initial: 25600K, Alloc Tax Rate: 1.0x
[2026-04-03T03:27:41.333+0600][51.293s][info][gc,start    ] Concurrent uncommit
[2026-04-03T03:27:41.447+0600][51.407s][info][gc          ] Concurrent uncommit 158M->175M(179M) 113.786ms
[2026-04-03T03:27:41.669+0600][51.629s][info][gc          ] Trigger: Learning 2 of 5. Free (874M) is below initial threshold (875M)
[2026-04-03T03:27:41.669+0600][51.629s][info][gc,ergo     ] Free: 874M, Max: 512K regular, 250M humongous, Frag: 72% external, 0% internal; Reserve: 64000K, Max: 512K
[2026-04-03T03:27:41.669+0600][51.629s][info][gc,start    ] GC(51) Concurrent reset
[2026-04-03T03:27:41.669+0600][51.629s][info][gc,task     ] GC(51) Using 3 of 6 workers for concurrent reset
[2026-04-03T03:27:41.669+0600][51.629s][info][gc,ergo     ] GC(51) Pacer for Reset. Non-Taxable: 1250M
[2026-04-03T03:27:41.670+0600][51.630s][info][gc          ] GC(51) Concurrent reset 0.816ms
[2026-04-03T03:27:41.670+0600][51.630s][info][gc,start    ] GC(51) Pause Init Mark (unload classes)
[2026-04-03T03:27:41.671+0600][51.631s][info][gc,task     ] GC(51) Using 6 of 6 workers for init marking
[2026-04-03T03:27:41.671+0600][51.631s][info][gc,ergo     ] GC(51) Pacer for Mark. Expected Live: 208M, Free: 873M, Non-Taxable: 89493K, Alloc Tax Rate: 0.3x
[2026-04-03T03:27:41.671+0600][51.631s][info][gc          ] GC(51) Pause Init Mark (unload classes) 0.133ms
[2026-04-03T03:27:41.671+0600][51.631s][info][gc,start    ] GC(51) Concurrent marking roots
[2026-04-03T03:27:41.671+0600][51.631s][info][gc,task     ] GC(51) Using 3 of 6 workers for concurrent marking roots
[2026-04-03T03:27:41.672+0600][51.632s][info][gc          ] GC(51) Concurrent marking roots 1.029ms
[2026-04-03T03:27:41.672+0600][51.632s][info][gc,start    ] GC(51) Concurrent marking (unload classes)
[2026-04-03T03:27:41.672+0600][51.632s][info][gc,task     ] GC(51) Using 3 of 6 workers for concurrent marking
[2026-04-03T03:27:41.936+0600][51.896s][info][gc          ] GC(51) Concurrent marking (unload classes) 264.231ms
[2026-04-03T03:27:41.936+0600][51.896s][info][gc,start    ] GC(51) Pause Final Mark (unload classes)
[2026-04-03T03:27:41.936+0600][51.896s][info][gc,task     ] GC(51) Using 6 of 6 workers for final marking
[2026-04-03T03:27:41.937+0600][51.897s][info][gc,ergo     ] GC(51) Adaptive CSet Selection. Target Free: 177M, Actual Free: 835M, Max CSet: 53333K, Min Garbage: 0B
[2026-04-03T03:27:41.937+0600][51.897s][info][gc,ergo     ] GC(51) Collectable Garbage: 109M (93%), Immediate: 15435K (12%), CSet: 96428K (80%)
[2026-04-03T03:27:41.937+0600][51.897s][info][gc,ergo     ] GC(51) Pacer for Evacuation. Used CSet: 132M, Free: 777M, Non-Taxable: 79611K, Alloc Tax Rate: 1.1x
[2026-04-03T03:27:41.937+0600][51.897s][info][gc          ] GC(51) Pause Final Mark (unload classes) 0.702ms
[2026-04-03T03:27:41.937+0600][51.897s][info][gc,start    ] GC(51) Concurrent thread roots
[2026-04-03T03:27:41.937+0600][51.897s][info][gc,task     ] GC(51) Using 3 of 6 workers for Concurrent thread roots
[2026-04-03T03:27:41.938+0600][51.898s][info][gc          ] GC(51) Concurrent thread roots 1.173ms
[2026-04-03T03:27:41.938+0600][51.898s][info][gc,start    ] GC(51) Concurrent weak references
[2026-04-03T03:27:41.938+0600][51.898s][info][gc,task     ] GC(51) Using 3 of 6 workers for concurrent weak references
[2026-04-03T03:27:41.939+0600][51.899s][info][gc,ref      ] GC(51) Encountered references: Soft: 3155, Weak: 6453, Final: 84, Phantom: 599
[2026-04-03T03:27:41.939+0600][51.899s][info][gc,ref      ] GC(51) Discovered  references: Soft: 0, Weak: 1153, Final: 2, Phantom: 596
[2026-04-03T03:27:41.939+0600][51.899s][info][gc,ref      ] GC(51) Enqueued    references: Soft: 0, Weak: 128, Final: 0, Phantom: 0
[2026-04-03T03:27:41.939+0600][51.899s][info][gc          ] GC(51) Concurrent weak references 0.786ms
[2026-04-03T03:27:41.939+0600][51.899s][info][gc,start    ] GC(51) Concurrent weak roots
[2026-04-03T03:27:41.939+0600][51.899s][info][gc,task     ] GC(51) Using 3 of 6 workers for concurrent weak root
[2026-04-03T03:27:41.943+0600][51.903s][info][gc          ] GC(51) Concurrent weak roots 4.038ms
[2026-04-03T03:27:41.943+0600][51.903s][info][gc,start    ] GC(51) Concurrent cleanup
[2026-04-03T03:27:41.944+0600][51.904s][info][gc          ] GC(51) Concurrent cleanup 423M->407M(434M) 0.554ms
[2026-04-03T03:27:41.944+0600][51.904s][info][gc,ergo     ] GC(51) Free: 773M, Max: 512K regular, 250M humongous, Frag: 68% external, 0% internal; Reserve: 63830K, Max: 512K
[2026-04-03T03:27:41.944+0600][51.904s][info][gc,start    ] GC(51) Concurrent class unloading
[2026-04-03T03:27:41.944+0600][51.904s][info][gc,task     ] GC(51) Using 3 of 6 workers for concurrent class unloading
[2026-04-03T03:27:41.967+0600][51.927s][info][gc          ] GC(51) Concurrent class unloading 22.692ms
[2026-04-03T03:27:41.967+0600][51.927s][info][gc,start    ] GC(51) Concurrent strong roots
[2026-04-03T03:27:41.967+0600][51.927s][info][gc,task     ] GC(51) Using 3 of 6 workers for concurrent strong root
[2026-04-03T03:27:41.968+0600][51.928s][info][gc          ] GC(51) Concurrent strong roots 1.214ms
[2026-04-03T03:27:41.968+0600][51.928s][info][gc,start    ] GC(51) Concurrent evacuation
[2026-04-03T03:27:41.968+0600][51.928s][info][gc,task     ] GC(51) Using 3 of 6 workers for concurrent evacuation
[2026-04-03T03:27:42.011+0600][51.971s][info][gc          ] GC(51) Concurrent evacuation 42.712ms
[2026-04-03T03:27:42.011+0600][51.971s][info][gc,start    ] GC(51) Pause Init Update Refs
[2026-04-03T03:27:42.011+0600][51.971s][info][gc,ergo     ] GC(51) Pacer for Update Refs. Used: 478M, Free: 742M, Non-Taxable: 76027K, Alloc Tax Rate: 1.1x
[2026-04-03T03:27:42.011+0600][51.971s][info][gc          ] GC(51) Pause Init Update Refs 0.102ms
[2026-04-03T03:27:42.011+0600][51.971s][info][gc,start    ] GC(51) Concurrent update references
[2026-04-03T03:27:42.011+0600][51.971s][info][gc,task     ] GC(51) Using 3 of 6 workers for concurrent reference update
[2026-04-03T03:27:42.137+0600][52.097s][info][gc          ] GC(51) Concurrent update references 126.033ms
[2026-04-03T03:27:42.137+0600][52.097s][info][gc,start    ] GC(51) Concurrent update thread roots
[2026-04-03T03:27:42.139+0600][52.099s][info][gc          ] GC(51) Concurrent update thread roots 1.428ms
[2026-04-03T03:27:42.139+0600][52.099s][info][gc,start    ] GC(51) Pause Final Update Refs
[2026-04-03T03:27:42.139+0600][52.099s][info][gc,task     ] GC(51) Using 6 of 6 workers for final reference update
[2026-04-03T03:27:42.139+0600][52.099s][info][gc          ] GC(51) Pause Final Update Refs 0.137ms
[2026-04-03T03:27:42.139+0600][52.099s][info][gc,start    ] GC(51) Concurrent cleanup
[2026-04-03T03:27:42.139+0600][52.099s][info][gc          ] GC(51) Concurrent cleanup 511M->379M(519M) 0.201ms
[2026-04-03T03:27:42.139+0600][52.099s][info][gc,ergo     ] Free: 801M, Max: 512K regular, 228M humongous, Frag: 72% external, 0% internal; Reserve: 64000K, Max: 512K
[2026-04-03T03:27:42.139+0600][52.099s][info][gc,stats    ] 
[2026-04-03T03:27:42.139+0600][52.099s][info][gc,stats    ] All times are wall-clock times, except per-root-class counters, that are sum over
[2026-04-03T03:27:42.139+0600][52.099s][info][gc,stats    ] all workers. Dividing the <total> over the root stage time estimates parallelism.
[2026-04-03T03:27:42.139+0600][52.100s][info][gc,stats    ] 
[2026-04-03T03:27:42.140+0600][52.100s][info][gc,stats    ] Concurrent Reset                    846 us
[2026-04-03T03:27:42.140+0600][52.100s][info][gc,stats    ] Pause Init Mark (G)                 373 us
[2026-04-03T03:27:42.140+0600][52.100s][info][gc,stats    ] Pause Init Mark (N)                 142 us
[2026-04-03T03:27:42.140+0600][52.100s][info][gc,stats    ]   Update Region States               31 us
[2026-04-03T03:27:42.140+0600][52.100s][info][gc,stats    ] Concurrent Mark Roots              1059 us, parallelism: 2.00x
[2026-04-03T03:27:42.140+0600][52.100s][info][gc,stats    ]   CMR: <total>                     2117 us
[2026-04-03T03:27:42.140+0600][52.100s][info][gc,stats    ]   CMR: Thread Roots                1763 us, workers (us): 392, 702, 668, ---, ---, ---, 
[2026-04-03T03:27:42.140+0600][52.100s][info][gc,stats    ]   CMR: VM Strong Roots               52 us, workers (us):  27,  24,   1, ---, ---, ---, 
[2026-04-03T03:27:42.140+0600][52.100s][info][gc,stats    ]   CMR: CLDG Roots                   302 us, workers (us): 302, ---, ---, ---, ---, ---, 
[2026-04-03T03:27:42.140+0600][52.100s][info][gc,stats    ] Concurrent Marking               264341 us
[2026-04-03T03:27:42.140+0600][52.100s][info][gc,stats    ] Pause Final Mark (G)                979 us
[2026-04-03T03:27:42.140+0600][52.100s][info][gc,stats    ] Pause Final Mark (N)                715 us
[2026-04-03T03:27:42.140+0600][52.100s][info][gc,stats    ]   Finish Mark                       202 us
[2026-04-03T03:27:42.140+0600][52.100s][info][gc,stats    ]   Update Region States               69 us
[2026-04-03T03:27:42.140+0600][52.100s][info][gc,stats    ]   Choose Collection Set             261 us
[2026-04-03T03:27:42.140+0600][52.100s][info][gc,stats    ]   Rebuild Free Set                   39 us
[2026-04-03T03:27:42.140+0600][52.100s][info][gc,stats    ] Concurrent Thread Roots            1239 us, parallelism: 2.06x
[2026-04-03T03:27:42.140+0600][52.100s][info][gc,stats    ]   CTR: <total>                     2549 us
[2026-04-03T03:27:42.140+0600][52.100s][info][gc,stats    ]   CTR: Thread Roots                2549 us, workers (us): 900, 830, 820, ---, ---, ---, 
[2026-04-03T03:27:42.140+0600][52.100s][info][gc,stats    ] Concurrent Weak References          807 us, parallelism: 0.80x
[2026-04-03T03:27:42.140+0600][52.100s][info][gc,stats    ]   CWRF: <total>                     647 us
[2026-04-03T03:27:42.140+0600][52.100s][info][gc,stats    ]   CWRF: Weak References             647 us, workers (us): 434, 211,   1, ---, ---, ---, 
[2026-04-03T03:27:42.140+0600][52.100s][info][gc,stats    ] Concurrent Weak Roots              4132 us
[2026-04-03T03:27:42.140+0600][52.100s][info][gc,stats    ]   Roots                            3543 us, parallelism: 2.63x
[2026-04-03T03:27:42.140+0600][52.100s][info][gc,stats    ]     CWR: <total>                   9333 us
[2026-04-03T03:27:42.140+0600][52.100s][info][gc,stats    ]     CWR: Code Cache Roots          6493 us, workers (us): 2196, 2109, 2188, ---, ---, ---, 
[2026-04-03T03:27:42.140+0600][52.100s][info][gc,stats    ]     CWR: VM Weak Roots             2721 us, workers (us): 947, 894, 880, ---, ---, ---, 
[2026-04-03T03:27:42.140+0600][52.100s][info][gc,stats    ]     CWR: CLDG Roots                 119 us, workers (us): ---, 119, ---, ---, ---, ---, 
[2026-04-03T03:27:42.140+0600][52.100s][info][gc,stats    ]   Rendezvous                        451 us
[2026-04-03T03:27:42.140+0600][52.100s][info][gc,stats    ] Concurrent Cleanup                  578 us
[2026-04-03T03:27:42.140+0600][52.100s][info][gc,stats    ] Concurrent Class Unloading        22794 us
[2026-04-03T03:27:42.140+0600][52.100s][info][gc,stats    ]   Unlink Stale                    21875 us
[2026-04-03T03:27:42.140+0600][52.100s][info][gc,stats    ]     System Dictionary               360 us
[2026-04-03T03:27:42.140+0600][52.100s][info][gc,stats    ]     Weak Class Links              12405 us
[2026-04-03T03:27:42.140+0600][52.100s][info][gc,stats    ]     Code Roots                     9105 us
[2026-04-03T03:27:42.140+0600][52.100s][info][gc,stats    ]   Rendezvous                        396 us
[2026-04-03T03:27:42.140+0600][52.100s][info][gc,stats    ]   Purge Unlinked                    379 us
[2026-04-03T03:27:42.140+0600][52.100s][info][gc,stats    ]     Code Roots                      293 us
[2026-04-03T03:27:42.140+0600][52.100s][info][gc,stats    ]     CLDG                             86 us
[2026-04-03T03:27:42.140+0600][52.100s][info][gc,stats    ]     Exception Caches                  0 us
[2026-04-03T03:27:42.140+0600][52.100s][info][gc,stats    ] Concurrent Strong Roots            1285 us, parallelism: 0.62x
[2026-04-03T03:27:42.140+0600][52.100s][info][gc,stats    ]   CSR: <total>                      801 us
[2026-04-03T03:27:42.140+0600][52.100s][info][gc,stats    ]   CSR: VM Strong Roots               59 us, workers (us):  23,  19,  17, ---, ---, ---, 
[2026-04-03T03:27:42.140+0600][52.100s][info][gc,stats    ]   CSR: CLDG Roots                   742 us, workers (us): ---, ---, 742, ---, ---, ---, 
[2026-04-03T03:27:42.140+0600][52.100s][info][gc,stats    ] Concurrent Evacuation             42806 us
[2026-04-03T03:27:42.140+0600][52.100s][info][gc,stats    ] Pause Init Update Refs (G)          365 us
[2026-04-03T03:27:42.140+0600][52.100s][info][gc,stats    ] Pause Init Update Refs (N)          115 us
[2026-04-03T03:27:42.140+0600][52.100s][info][gc,stats    ]   Manage GCLABs                      18 us
[2026-04-03T03:27:42.140+0600][52.100s][info][gc,stats    ] Concurrent Update Refs           126130 us
[2026-04-03T03:27:42.140+0600][52.100s][info][gc,stats    ] Concurrent Update Thread Roots     1509 us
[2026-04-03T03:27:42.140+0600][52.100s][info][gc,stats    ] Pause Final Update Refs (G)         391 us
[2026-04-03T03:27:42.140+0600][52.100s][info][gc,stats    ] Pause Final Update Refs (N)         159 us
[2026-04-03T03:27:42.140+0600][52.100s][info][gc,stats    ]   Update Region States               46 us
[2026-04-03T03:27:42.140+0600][52.100s][info][gc,stats    ]   Trash Collection Set               10 us
[2026-04-03T03:27:42.140+0600][52.100s][info][gc,stats    ]   Rebuild Free Set                   28 us
[2026-04-03T03:27:42.140+0600][52.100s][info][gc,stats    ] Concurrent Cleanup                  226 us
[2026-04-03T03:27:42.140+0600][52.100s][info][gc,stats    ] 
[2026-04-03T03:27:42.140+0600][52.100s][info][gc,stats    ] Allocation pacing accrued:
[2026-04-03T03:27:42.140+0600][52.100s][info][gc,stats    ]       0 of   807 ms (  0.0%): <total>
[2026-04-03T03:27:42.140+0600][52.100s][info][gc,stats    ]       0 of   807 ms (  0.0%): <average total>
[2026-04-03T03:27:42.140+0600][52.100s][info][gc,stats    ] 
[2026-04-03T03:27:42.140+0600][52.100s][info][gc,metaspace] Metaspace: 72991K(73856K)->72967K(73856K) NonClass: 63713K(64192K)->63696K(64192K) Class: 9278K(9664K)->9270K(9664K)
[2026-04-03T03:27:42.140+0600][52.100s][info][gc,ergo     ] Pacer for Idle. Initial: 25600K, Alloc Tax Rate: 1.0x
[2026-04-03T03:27:42.141+0600][52.101s][info][gc          ] Trigger: Learning 3 of 5. Free (801M) is below initial threshold (875M)
[2026-04-03T03:27:42.141+0600][52.101s][info][gc,ergo     ] Free: 801M, Max: 512K regular, 228M humongous, Frag: 72% external, 0% internal; Reserve: 64000K, Max: 512K
[2026-04-03T03:27:42.141+0600][52.101s][info][gc,start    ] GC(52) Concurrent reset
[2026-04-03T03:27:42.141+0600][52.101s][info][gc,task     ] GC(52) Using 3 of 6 workers for concurrent reset
[2026-04-03T03:27:42.141+0600][52.101s][info][gc,ergo     ] GC(52) Pacer for Reset. Non-Taxable: 1250M
[2026-04-03T03:27:42.143+0600][52.103s][info][gc          ] GC(52) Concurrent reset 1.636ms
[2026-04-03T03:27:42.143+0600][52.103s][info][gc,start    ] GC(52) Pause Init Mark (unload classes)
[2026-04-03T03:27:42.143+0600][52.103s][info][gc,task     ] GC(52) Using 6 of 6 workers for init marking
[2026-04-03T03:27:42.143+0600][52.103s][info][gc,ergo     ] GC(52) Pacer for Mark. Expected Live: 203M, Free: 800M, Non-Taxable: 82018K, Alloc Tax Rate: 0.3x
[2026-04-03T03:27:42.143+0600][52.103s][info][gc          ] GC(52) Pause Init Mark (unload classes) 0.123ms
[2026-04-03T03:27:42.144+0600][52.104s][info][gc,start    ] GC(52) Concurrent marking roots
[2026-04-03T03:27:42.144+0600][52.104s][info][gc,task     ] GC(52) Using 3 of 6 workers for concurrent marking roots
[2026-04-03T03:27:42.145+0600][52.105s][info][gc          ] GC(52) Concurrent marking roots 1.075ms
[2026-04-03T03:27:42.145+0600][52.105s][info][gc,start    ] GC(52) Concurrent marking (unload classes)
[2026-04-03T03:27:42.145+0600][52.105s][info][gc,task     ] GC(52) Using 3 of 6 workers for concurrent marking
[2026-04-03T03:27:42.454+0600][52.414s][info][gc          ] GC(52) Concurrent marking (unload classes) 308.994ms
[2026-04-03T03:27:42.454+0600][52.414s][info][gc,start    ] GC(52) Pause Final Mark (unload classes)
[2026-04-03T03:27:42.454+0600][52.414s][info][gc,task     ] GC(52) Using 6 of 6 workers for final marking
[2026-04-03T03:27:42.454+0600][52.414s][info][gc,ergo     ] GC(52) Adaptive CSet Selection. Target Free: 177M, Actual Free: 722M, Max CSet: 53333K, Min Garbage: 0B
[2026-04-03T03:27:42.455+0600][52.415s][info][gc,ergo     ] GC(52) Collectable Garbage: 134M (94%), Immediate: 6144K (4%), CSet: 128M (90%)
[2026-04-03T03:27:42.455+0600][52.415s][info][gc,ergo     ] GC(52) Pacer for Evacuation. Used CSet: 171M, Free: 661M, Non-Taxable: 67784K, Alloc Tax Rate: 1.1x
[2026-04-03T03:27:42.455+0600][52.415s][info][gc          ] GC(52) Pause Final Mark (unload classes) 0.786ms
[2026-04-03T03:27:42.455+0600][52.415s][info][gc,start    ] GC(52) Concurrent thread roots
[2026-04-03T03:27:42.455+0600][52.415s][info][gc,task     ] GC(52) Using 3 of 6 workers for Concurrent thread roots
[2026-04-03T03:27:42.456+0600][52.416s][info][gc          ] GC(52) Concurrent thread roots 0.933ms
[2026-04-03T03:27:42.456+0600][52.416s][info][gc,start    ] GC(52) Concurrent weak references
[2026-04-03T03:27:42.456+0600][52.416s][info][gc,task     ] GC(52) Using 3 of 6 workers for concurrent weak references
[2026-04-03T03:27:42.456+0600][52.416s][info][gc,ref      ] GC(52) Encountered references: Soft: 3155, Weak: 6325, Final: 84, Phantom: 599
[2026-04-03T03:27:42.456+0600][52.416s][info][gc,ref      ] GC(52) Discovered  references: Soft: 0, Weak: 1205, Final: 2, Phantom: 596
[2026-04-03T03:27:42.456+0600][52.416s][info][gc,ref      ] GC(52) Enqueued    references: Soft: 0, Weak: 0, Final: 0, Phantom: 0
[2026-04-03T03:27:42.456+0600][52.416s][info][gc          ] GC(52) Concurrent weak references 0.300ms
[2026-04-03T03:27:42.456+0600][52.416s][info][gc,start    ] GC(52) Concurrent weak roots
[2026-04-03T03:27:42.456+0600][52.416s][info][gc,task     ] GC(52) Using 3 of 6 workers for concurrent weak root
[2026-04-03T03:27:42.458+0600][52.418s][info][gc          ] GC(52) Concurrent weak roots 2.090ms
[2026-04-03T03:27:42.458+0600][52.418s][info][gc,start    ] GC(52) Concurrent cleanup
[2026-04-03T03:27:42.458+0600][52.418s][info][gc          ] GC(52) Concurrent cleanup 523M->518M(535M) 0.154ms
[2026-04-03T03:27:42.458+0600][52.418s][info][gc,ergo     ] GC(52) Free: 661M, Max: 512K regular, 228M humongous, Frag: 66% external, 0% internal; Reserve: 63993K, Max: 512K
[2026-04-03T03:27:42.458+0600][52.418s][info][gc,start    ] GC(52) Concurrent class unloading
[2026-04-03T03:27:42.458+0600][52.418s][info][gc,task     ] GC(52) Using 3 of 6 workers for concurrent class unloading
[2026-04-03T03:27:42.465+0600][52.425s][info][gc          ] GC(52) Concurrent class unloading 6.127ms
[2026-04-03T03:27:42.465+0600][52.425s][info][gc,start    ] GC(52) Concurrent strong roots
[2026-04-03T03:27:42.465+0600][52.425s][info][gc,task     ] GC(52) Using 3 of 6 workers for concurrent strong root
[2026-04-03T03:27:42.466+0600][52.426s][info][gc          ] GC(52) Concurrent strong roots 0.992ms
[2026-04-03T03:27:42.466+0600][52.426s][info][gc,start    ] GC(52) Concurrent evacuation
[2026-04-03T03:27:42.466+0600][52.426s][info][gc,task     ] GC(52) Using 3 of 6 workers for concurrent evacuation
[2026-04-03T03:27:42.517+0600][52.477s][info][gc          ] GC(52) Concurrent evacuation 51.330ms
[2026-04-03T03:27:42.517+0600][52.477s][info][gc,start    ] GC(52) Pause Init Update Refs
[2026-04-03T03:27:42.517+0600][52.477s][info][gc,ergo     ] GC(52) Pacer for Update Refs. Used: 587M, Free: 635M, Non-Taxable: 65071K, Alloc Tax Rate: 1.1x
[2026-04-03T03:27:42.517+0600][52.478s][info][gc          ] GC(52) Pause Init Update Refs 0.130ms
[2026-04-03T03:27:42.518+0600][52.478s][info][gc,start    ] GC(52) Concurrent update references
[2026-04-03T03:27:42.518+0600][52.478s][info][gc,task     ] GC(52) Using 3 of 6 workers for concurrent reference update
[2026-04-03T03:27:42.691+0600][52.651s][info][gc          ] GC(52) Concurrent update references 173.580ms
[2026-04-03T03:27:42.691+0600][52.651s][info][gc,start    ] GC(52) Concurrent update thread roots
[2026-04-03T03:27:42.692+0600][52.652s][info][gc          ] GC(52) Concurrent update thread roots 0.926ms
[2026-04-03T03:27:42.692+0600][52.652s][info][gc,start    ] GC(52) Pause Final Update Refs
[2026-04-03T03:27:42.692+0600][52.652s][info][gc,task     ] GC(52) Using 6 of 6 workers for final reference update
[2026-04-03T03:27:42.692+0600][52.652s][info][gc          ] GC(52) Pause Final Update Refs 0.181ms
[2026-04-03T03:27:42.693+0600][52.653s][info][gc,start    ] GC(52) Concurrent cleanup
[2026-04-03T03:27:42.693+0600][52.653s][info][gc          ] GC(52) Concurrent cleanup 666M->495M(675M) 0.311ms
[2026-04-03T03:27:42.693+0600][52.653s][info][gc,ergo     ] Free: 683M, Max: 512K regular, 228M humongous, Frag: 67% external, 0% internal; Reserve: 64000K, Max: 512K
[2026-04-03T03:27:42.693+0600][52.653s][info][gc,stats    ] 
[2026-04-03T03:27:42.693+0600][52.653s][info][gc,stats    ] All times are wall-clock times, except per-root-class counters, that are sum over
[2026-04-03T03:27:42.693+0600][52.653s][info][gc,stats    ] all workers. Dividing the <total> over the root stage time estimates parallelism.
[2026-04-03T03:27:42.693+0600][52.653s][info][gc,stats    ] 
[2026-04-03T03:27:42.693+0600][52.653s][info][gc,stats    ] Concurrent Reset                   1702 us
[2026-04-03T03:27:42.693+0600][52.653s][info][gc,stats    ] Pause Init Mark (G)                 379 us
[2026-04-03T03:27:42.693+0600][52.653s][info][gc,stats    ] Pause Init Mark (N)                 157 us
[2026-04-03T03:27:42.693+0600][52.653s][info][gc,stats    ]   Update Region States               28 us
[2026-04-03T03:27:42.693+0600][52.653s][info][gc,stats    ] Concurrent Mark Roots              1134 us, parallelism: 1.76x
[2026-04-03T03:27:42.693+0600][52.653s][info][gc,stats    ]   CMR: <total>                     2001 us
[2026-04-03T03:27:42.693+0600][52.653s][info][gc,stats    ]   CMR: Thread Roots                1690 us, workers (us): 394, 662, 634, ---, ---, ---, 
[2026-04-03T03:27:42.693+0600][52.653s][info][gc,stats    ]   CMR: VM Strong Roots               39 us, workers (us):  25,  13,   1, ---, ---, ---, 
[2026-04-03T03:27:42.693+0600][52.653s][info][gc,stats    ]   CMR: CLDG Roots                   272 us, workers (us): 272, ---, ---, ---, ---, ---, 
[2026-04-03T03:27:42.693+0600][52.653s][info][gc,stats    ] Concurrent Marking               309093 us
[2026-04-03T03:27:42.693+0600][52.653s][info][gc,stats    ] Pause Final Mark (G)                977 us
[2026-04-03T03:27:42.693+0600][52.653s][info][gc,stats    ] Pause Final Mark (N)                801 us
[2026-04-03T03:27:42.693+0600][52.653s][info][gc,stats    ]   Finish Mark                       234 us
[2026-04-03T03:27:42.693+0600][52.653s][info][gc,stats    ]   Update Region States               47 us
[2026-04-03T03:27:42.693+0600][52.653s][info][gc,stats    ]   Choose Collection Set             322 us
[2026-04-03T03:27:42.693+0600][52.653s][info][gc,stats    ]   Rebuild Free Set                   30 us
[2026-04-03T03:27:42.693+0600][52.653s][info][gc,stats    ] Concurrent Thread Roots            1005 us, parallelism: 2.25x
[2026-04-03T03:27:42.693+0600][52.653s][info][gc,stats    ]   CTR: <total>                     2257 us
[2026-04-03T03:27:42.693+0600][52.653s][info][gc,stats    ]   CTR: Thread Roots                2257 us, workers (us): 787, 764, 705, ---, ---, ---, 
[2026-04-03T03:27:42.693+0600][52.653s][info][gc,stats    ] Concurrent Weak References          312 us, parallelism: 0.79x
[2026-04-03T03:27:42.693+0600][52.653s][info][gc,stats    ]   CWRF: <total>                     245 us
[2026-04-03T03:27:42.693+0600][52.653s][info][gc,stats    ]   CWRF: Weak References             245 us, workers (us): 149,  95,   1, ---, ---, ---, 
[2026-04-03T03:27:42.693+0600][52.653s][info][gc,stats    ] Concurrent Weak Roots              2160 us
[2026-04-03T03:27:42.693+0600][52.653s][info][gc,stats    ]   Roots                            1832 us, parallelism: 2.50x
[2026-04-03T03:27:42.693+0600][52.653s][info][gc,stats    ]     CWR: <total>                   4575 us
[2026-04-03T03:27:42.693+0600][52.653s][info][gc,stats    ]     CWR: Code Cache Roots          3147 us, workers (us): 1074, 1057, 1015, ---, ---, ---, 
[2026-04-03T03:27:42.693+0600][52.653s][info][gc,stats    ]     CWR: VM Weak Roots             1316 us, workers (us): 489, 442, 385, ---, ---, ---, 
[2026-04-03T03:27:42.693+0600][52.653s][info][gc,stats    ]     CWR: CLDG Roots                 113 us, workers (us): ---, ---, 113, ---, ---, ---, 
[2026-04-03T03:27:42.693+0600][52.653s][info][gc,stats    ]   Rendezvous                        232 us
[2026-04-03T03:27:42.693+0600][52.653s][info][gc,stats    ] Concurrent Cleanup                  168 us
[2026-04-03T03:27:42.693+0600][52.653s][info][gc,stats    ] Concurrent Class Unloading         6217 us
[2026-04-03T03:27:42.693+0600][52.653s][info][gc,stats    ]   Unlink Stale                     5758 us
[2026-04-03T03:27:42.693+0600][52.653s][info][gc,stats    ]     System Dictionary                99 us
[2026-04-03T03:27:42.693+0600][52.653s][info][gc,stats    ]     Weak Class Links                  0 us
[2026-04-03T03:27:42.693+0600][52.653s][info][gc,stats    ]     Code Roots                     5654 us
[2026-04-03T03:27:42.693+0600][52.653s][info][gc,stats    ]   Rendezvous                        317 us
[2026-04-03T03:27:42.693+0600][52.653s][info][gc,stats    ]   Purge Unlinked                     18 us
[2026-04-03T03:27:42.693+0600][52.653s][info][gc,stats    ]     Code Roots                        4 us
[2026-04-03T03:27:42.693+0600][52.653s][info][gc,stats    ]     CLDG                             14 us
[2026-04-03T03:27:42.693+0600][52.653s][info][gc,stats    ]     Exception Caches                  0 us
[2026-04-03T03:27:42.693+0600][52.654s][info][gc,stats    ] Concurrent Strong Roots            1095 us, parallelism: 0.44x
[2026-04-03T03:27:42.693+0600][52.654s][info][gc,stats    ]   CSR: <total>                      483 us
[2026-04-03T03:27:42.694+0600][52.654s][info][gc,stats    ]   CSR: VM Strong Roots               33 us, workers (us):  26,   7,   0, ---, ---, ---, 
[2026-04-03T03:27:42.694+0600][52.654s][info][gc,stats    ]   CSR: CLDG Roots                   450 us, workers (us): ---, 450, ---, ---, ---, ---, 
[2026-04-03T03:27:42.694+0600][52.654s][info][gc,stats    ] Concurrent Evacuation             51432 us
[2026-04-03T03:27:42.694+0600][52.654s][info][gc,stats    ] Pause Init Update Refs (G)          383 us
[2026-04-03T03:27:42.694+0600][52.654s][info][gc,stats    ] Pause Init Update Refs (N)          144 us
[2026-04-03T03:27:42.694+0600][52.654s][info][gc,stats    ]   Manage GCLABs                      23 us
[2026-04-03T03:27:42.694+0600][52.654s][info][gc,stats    ] Concurrent Update Refs           173667 us
[2026-04-03T03:27:42.694+0600][52.654s][info][gc,stats    ] Concurrent Update Thread Roots      942 us
[2026-04-03T03:27:42.694+0600][52.654s][info][gc,stats    ] Pause Final Update Refs (G)         363 us
[2026-04-03T03:27:42.694+0600][52.654s][info][gc,stats    ] Pause Final Update Refs (N)         205 us
[2026-04-03T03:27:42.694+0600][52.654s][info][gc,stats    ]   Update Region States               41 us
[2026-04-03T03:27:42.694+0600][52.654s][info][gc,stats    ]   Trash Collection Set               10 us
[2026-04-03T03:27:42.694+0600][52.654s][info][gc,stats    ]   Rebuild Free Set                   31 us
[2026-04-03T03:27:42.694+0600][52.654s][info][gc,stats    ] Concurrent Cleanup                  340 us
[2026-04-03T03:27:42.694+0600][52.654s][info][gc,stats    ] Pacing                           199238 us
[2026-04-03T03:27:42.694+0600][52.654s][info][gc,stats    ] 
[2026-04-03T03:27:42.694+0600][52.654s][info][gc,stats    ] Allocation pacing accrued:
[2026-04-03T03:27:42.694+0600][52.654s][info][gc,stats    ]      66 of   554 ms ( 11.9%): Executor task launch worker for task 1.0 in stage 27.0 (TID 40)
[2026-04-03T03:27:42.694+0600][52.654s][info][gc,stats    ]      67 of   554 ms ( 12.1%): Executor task launch worker for task 0.0 in stage 27.0 (TID 39)
[2026-04-03T03:27:42.694+0600][52.654s][info][gc,stats    ]      66 of   554 ms ( 11.9%): Executor task launch worker for task 2.0 in stage 27.0 (TID 41)
[2026-04-03T03:27:42.694+0600][52.654s][info][gc,stats    ]     199 of   554 ms ( 36.0%): <total>
[2026-04-03T03:27:42.694+0600][52.654s][info][gc,stats    ]       1 of   554 ms (  0.2%): <average total>
[2026-04-03T03:27:42.694+0600][52.654s][info][gc,stats    ]      66 of   554 ms ( 12.0%): <average non-zero>
[2026-04-03T03:27:42.694+0600][52.654s][info][gc,stats    ] 
[2026-04-03T03:27:42.694+0600][52.654s][info][gc,metaspace] Metaspace: 72967K(73856K)->72968K(73856K) NonClass: 63696K(64192K)->63697K(64192K) Class: 9270K(9664K)->9270K(9664K)
[2026-04-03T03:27:42.694+0600][52.654s][info][gc,ergo     ] Pacer for Idle. Initial: 25600K, Alloc Tax Rate: 1.0x
[2026-04-03T03:27:42.695+0600][52.655s][info][gc          ] Trigger: Learning 4 of 5. Free (682M) is below initial threshold (875M)
[2026-04-03T03:27:42.695+0600][52.655s][info][gc,ergo     ] Free: 681M, Max: 512K regular, 228M humongous, Frag: 67% external, 0% internal; Reserve: 64000K, Max: 512K
[2026-04-03T03:27:42.695+0600][52.655s][info][gc,start    ] GC(53) Concurrent reset
[2026-04-03T03:27:42.695+0600][52.655s][info][gc,task     ] GC(53) Using 3 of 6 workers for concurrent reset
[2026-04-03T03:27:42.695+0600][52.655s][info][gc,ergo     ] GC(53) Pacer for Reset. Non-Taxable: 1250M
[2026-04-03T03:27:42.697+0600][52.657s][info][gc          ] GC(53) Concurrent reset 1.774ms
[2026-04-03T03:27:42.697+0600][52.657s][info][gc,start    ] GC(53) Pause Init Mark (unload classes)
[2026-04-03T03:27:42.697+0600][52.657s][info][gc,task     ] GC(53) Using 6 of 6 workers for init marking
[2026-04-03T03:27:42.697+0600][52.657s][info][gc,ergo     ] GC(53) Pacer for Mark. Expected Live: 204M, Free: 680M, Non-Taxable: 69730K, Alloc Tax Rate: 0.4x
[2026-04-03T03:27:42.697+0600][52.657s][info][gc          ] GC(53) Pause Init Mark (unload classes) 0.150ms
[2026-04-03T03:27:42.697+0600][52.657s][info][gc,start    ] GC(53) Concurrent marking roots
[2026-04-03T03:27:42.697+0600][52.657s][info][gc,task     ] GC(53) Using 3 of 6 workers for concurrent marking roots
[2026-04-03T03:27:42.698+0600][52.658s][info][gc          ] GC(53) Concurrent marking roots 1.078ms
[2026-04-03T03:27:42.698+0600][52.658s][info][gc,start    ] GC(53) Concurrent marking (unload classes)
[2026-04-03T03:27:42.698+0600][52.658s][info][gc,task     ] GC(53) Using 3 of 6 workers for concurrent marking
[2026-04-03T03:27:43.065+0600][53.025s][info][gc          ] GC(53) Concurrent marking (unload classes) 366.223ms
[2026-04-03T03:27:43.065+0600][53.025s][info][gc,start    ] GC(53) Pause Final Mark (unload classes)
[2026-04-03T03:27:43.065+0600][53.025s][info][gc,task     ] GC(53) Using 6 of 6 workers for final marking
[2026-04-03T03:27:43.066+0600][53.026s][info][gc,ergo     ] GC(53) Adaptive CSet Selection. Target Free: 177M, Actual Free: 599M, Max CSet: 53333K, Min Garbage: 0B
[2026-04-03T03:27:43.066+0600][53.026s][info][gc,ergo     ] GC(53) Collectable Garbage: 225M (96%), Immediate: 4608K (1%), CSet: 221M (94%)
[2026-04-03T03:27:43.066+0600][53.026s][info][gc,ergo     ] GC(53) Pacer for Evacuation. Used CSet: 246M, Free: 540M, Non-Taxable: 55343K, Alloc Tax Rate: 1.1x
[2026-04-03T03:27:43.066+0600][53.026s][info][gc          ] GC(53) Pause Final Mark (unload classes) 0.785ms
[2026-04-03T03:27:43.066+0600][53.026s][info][gc,start    ] GC(53) Concurrent thread roots
[2026-04-03T03:27:43.066+0600][53.026s][info][gc,task     ] GC(53) Using 3 of 6 workers for Concurrent thread roots
[2026-04-03T03:27:43.067+0600][53.027s][info][gc          ] GC(53) Concurrent thread roots 0.707ms
[2026-04-03T03:27:43.067+0600][53.027s][info][gc,start    ] GC(53) Concurrent weak references
[2026-04-03T03:27:43.067+0600][53.027s][info][gc,task     ] GC(53) Using 3 of 6 workers for concurrent weak references
[2026-04-03T03:27:43.067+0600][53.027s][info][gc,ref      ] GC(53) Encountered references: Soft: 3155, Weak: 6325, Final: 84, Phantom: 599
[2026-04-03T03:27:43.067+0600][53.027s][info][gc,ref      ] GC(53) Discovered  references: Soft: 0, Weak: 617, Final: 0, Phantom: 596
[2026-04-03T03:27:43.067+0600][53.027s][info][gc,ref      ] GC(53) Enqueued    references: Soft: 0, Weak: 0, Final: 0, Phantom: 0
[2026-04-03T03:27:43.067+0600][53.027s][info][gc          ] GC(53) Concurrent weak references 0.280ms
[2026-04-03T03:27:43.067+0600][53.027s][info][gc,start    ] GC(53) Concurrent weak roots
[2026-04-03T03:27:43.067+0600][53.027s][info][gc,task     ] GC(53) Using 3 of 6 workers for concurrent weak root
[2026-04-03T03:27:43.069+0600][53.029s][info][gc          ] GC(53) Concurrent weak roots 2.086ms
[2026-04-03T03:27:43.069+0600][53.029s][info][gc,start    ] GC(53) Concurrent cleanup
[2026-04-03T03:27:43.070+0600][53.030s][info][gc          ] GC(53) Concurrent cleanup 646M->642M(675M) 0.359ms
[2026-04-03T03:27:43.070+0600][53.030s][info][gc,ergo     ] GC(53) Free: 537M, Max: 512K regular, 228M humongous, Frag: 58% external, 0% internal; Reserve: 63844K, Max: 512K
[2026-04-03T03:27:43.070+0600][53.030s][info][gc,start    ] GC(53) Concurrent class unloading
[2026-04-03T03:27:43.070+0600][53.030s][info][gc,task     ] GC(53) Using 3 of 6 workers for concurrent class unloading
[2026-04-03T03:27:43.075+0600][53.035s][info][gc          ] GC(53) Concurrent class unloading 5.772ms
[2026-04-03T03:27:43.075+0600][53.036s][info][gc,start    ] GC(53) Concurrent strong roots
[2026-04-03T03:27:43.075+0600][53.036s][info][gc,task     ] GC(53) Using 3 of 6 workers for concurrent strong root
[2026-04-03T03:27:43.076+0600][53.036s][info][gc          ] GC(53) Concurrent strong roots 0.712ms
[2026-04-03T03:27:43.076+0600][53.036s][info][gc,start    ] GC(53) Concurrent evacuation
[2026-04-03T03:27:43.076+0600][53.036s][info][gc,task     ] GC(53) Using 3 of 6 workers for concurrent evacuation
[2026-04-03T03:27:43.112+0600][53.072s][info][gc          ] GC(53) Concurrent evacuation 35.983ms
[2026-04-03T03:27:43.113+0600][53.073s][info][gc,start    ] GC(53) Pause Init Update Refs
[2026-04-03T03:27:43.113+0600][53.073s][info][gc,ergo     ] GC(53) Pacer for Update Refs. Used: 694M, Free: 512M, Non-Taxable: 52475K, Alloc Tax Rate: 1.7x
[2026-04-03T03:27:43.113+0600][53.073s][info][gc          ] GC(53) Pause Init Update Refs 0.281ms
[2026-04-03T03:27:43.113+0600][53.073s][info][gc,start    ] GC(53) Concurrent update references
[2026-04-03T03:27:43.113+0600][53.073s][info][gc,task     ] GC(53) Using 3 of 6 workers for concurrent reference update
[2026-04-03T03:27:43.331+0600][53.291s][info][gc          ] GC(53) Concurrent update references 217.782ms
[2026-04-03T03:27:43.331+0600][53.291s][info][gc,start    ] GC(53) Concurrent update thread roots
[2026-04-03T03:27:43.332+0600][53.292s][info][gc          ] GC(53) Concurrent update thread roots 1.423ms
[2026-04-03T03:27:43.333+0600][53.293s][info][gc,start    ] GC(53) Pause Final Update Refs
[2026-04-03T03:27:43.333+0600][53.293s][info][gc,task     ] GC(53) Using 6 of 6 workers for final reference update
[2026-04-03T03:27:43.333+0600][53.293s][info][gc          ] GC(53) Pause Final Update Refs 0.275ms
[2026-04-03T03:27:43.333+0600][53.293s][info][gc,start    ] GC(53) Concurrent cleanup
[2026-04-03T03:27:43.334+0600][53.294s][info][gc          ] GC(53) Concurrent cleanup 804M->558M(812M) 0.602ms
[2026-04-03T03:27:43.334+0600][53.294s][info][gc,ergo     ] Free: 622M, Max: 512K regular, 213M humongous, Frag: 66% external, 0% internal; Reserve: 64000K, Max: 512K
[2026-04-03T03:27:43.334+0600][53.294s][info][gc,stats    ] 
[2026-04-03T03:27:43.334+0600][53.294s][info][gc,stats    ] All times are wall-clock times, except per-root-class counters, that are sum over
[2026-04-03T03:27:43.334+0600][53.294s][info][gc,stats    ] all workers. Dividing the <total> over the root stage time estimates parallelism.
[2026-04-03T03:27:43.334+0600][53.294s][info][gc,stats    ] 
[2026-04-03T03:27:43.334+0600][53.294s][info][gc,stats    ] Concurrent Reset                   1857 us
[2026-04-03T03:27:43.334+0600][53.294s][info][gc,stats    ] Pause Init Mark (G)                 421 us
[2026-04-03T03:27:43.334+0600][53.294s][info][gc,stats    ] Pause Init Mark (N)                 165 us
[2026-04-03T03:27:43.334+0600][53.294s][info][gc,stats    ]   Update Region States               26 us
[2026-04-03T03:27:43.334+0600][53.294s][info][gc,stats    ] Concurrent Mark Roots              1125 us, parallelism: 1.79x
[2026-04-03T03:27:43.334+0600][53.294s][info][gc,stats    ]   CMR: <total>                     2011 us
[2026-04-03T03:27:43.334+0600][53.294s][info][gc,stats    ]   CMR: Thread Roots                1652 us, workers (us): 349, 653, 651, ---, ---, ---, 
[2026-04-03T03:27:43.334+0600][53.294s][info][gc,stats    ]   CMR: VM Strong Roots               35 us, workers (us):  33,   1,   1, ---, ---, ---, 
[2026-04-03T03:27:43.334+0600][53.294s][info][gc,stats    ]   CMR: CLDG Roots                   323 us, workers (us): 323, ---, ---, ---, ---, ---, 
[2026-04-03T03:27:43.334+0600][53.294s][info][gc,stats    ] Concurrent Marking               366477 us
[2026-04-03T03:27:43.334+0600][53.294s][info][gc,stats    ] Pause Final Mark (G)               1169 us
[2026-04-03T03:27:43.334+0600][53.294s][info][gc,stats    ] Pause Final Mark (N)                797 us
[2026-04-03T03:27:43.334+0600][53.294s][info][gc,stats    ]   Finish Mark                       279 us
[2026-04-03T03:27:43.334+0600][53.294s][info][gc,stats    ]   Update Region States               33 us
[2026-04-03T03:27:43.334+0600][53.294s][info][gc,stats    ]   Choose Collection Set             312 us
[2026-04-03T03:27:43.334+0600][53.294s][info][gc,stats    ]   Rebuild Free Set                   27 us
[2026-04-03T03:27:43.334+0600][53.294s][info][gc,stats    ] Concurrent Thread Roots             746 us, parallelism: 1.74x
[2026-04-03T03:27:43.334+0600][53.294s][info][gc,stats    ]   CTR: <total>                     1301 us
[2026-04-03T03:27:43.334+0600][53.294s][info][gc,stats    ]   CTR: Thread Roots                1301 us, workers (us): 486, 416, 399, ---, ---, ---, 
[2026-04-03T03:27:43.334+0600][53.294s][info][gc,stats    ] Concurrent Weak References          290 us, parallelism: 0.57x
[2026-04-03T03:27:43.334+0600][53.294s][info][gc,stats    ]   CWRF: <total>                     165 us
[2026-04-03T03:27:43.334+0600][53.294s][info][gc,stats    ]   CWRF: Weak References             165 us, workers (us):  96,  30,  39, ---, ---, ---, 
[2026-04-03T03:27:43.334+0600][53.294s][info][gc,stats    ] Concurrent Weak Roots              2136 us
[2026-04-03T03:27:43.334+0600][53.294s][info][gc,stats    ]   Roots                            1822 us, parallelism: 2.42x
[2026-04-03T03:27:43.334+0600][53.294s][info][gc,stats    ]     CWR: <total>                   4410 us
[2026-04-03T03:27:43.334+0600][53.294s][info][gc,stats    ]     CWR: Code Cache Roots          3133 us, workers (us): 1086, 1018, 1029, ---, ---, ---, 
[2026-04-03T03:27:43.334+0600][53.294s][info][gc,stats    ]     CWR: VM Weak Roots             1210 us, workers (us): 419, 396, 395, ---, ---, ---, 
[2026-04-03T03:27:43.334+0600][53.294s][info][gc,stats    ]     CWR: CLDG Roots                  67 us, workers (us): ---,  67, ---, ---, ---, ---, 
[2026-04-03T03:27:43.334+0600][53.294s][info][gc,stats    ]   Rendezvous                        245 us
[2026-04-03T03:27:43.334+0600][53.294s][info][gc,stats    ] Concurrent Cleanup                  371 us
[2026-04-03T03:27:43.334+0600][53.294s][info][gc,stats    ] Concurrent Class Unloading         5838 us
[2026-04-03T03:27:43.334+0600][53.294s][info][gc,stats    ]   Unlink Stale                     5375 us
[2026-04-03T03:27:43.334+0600][53.294s][info][gc,stats    ]     System Dictionary                83 us
[2026-04-03T03:27:43.334+0600][53.294s][info][gc,stats    ]     Weak Class Links                  0 us
[2026-04-03T03:27:43.334+0600][53.294s][info][gc,stats    ]     Code Roots                     5289 us
[2026-04-03T03:27:43.334+0600][53.294s][info][gc,stats    ]   Rendezvous                        305 us
[2026-04-03T03:27:43.334+0600][53.294s][info][gc,stats    ]   Purge Unlinked                     72 us
[2026-04-03T03:27:43.334+0600][53.294s][info][gc,stats    ]     Code Roots                       59 us
[2026-04-03T03:27:43.334+0600][53.294s][info][gc,stats    ]     CLDG                             11 us
[2026-04-03T03:27:43.334+0600][53.294s][info][gc,stats    ]     Exception Caches                  0 us
[2026-04-03T03:27:43.334+0600][53.294s][info][gc,stats    ] Concurrent Strong Roots             765 us, parallelism: 0.55x
[2026-04-03T03:27:43.334+0600][53.294s][info][gc,stats    ]   CSR: <total>                      424 us
[2026-04-03T03:27:43.334+0600][53.294s][info][gc,stats    ]   CSR: VM Strong Roots               54 us, workers (us):  51,   1,   1, ---, ---, ---, 
[2026-04-03T03:27:43.334+0600][53.294s][info][gc,stats    ]   CSR: CLDG Roots                   370 us, workers (us): 370, ---, ---, ---, ---, ---, 
[2026-04-03T03:27:43.334+0600][53.294s][info][gc,stats    ] Concurrent Evacuation             36074 us
[2026-04-03T03:27:43.334+0600][53.294s][info][gc,stats    ] Pause Init Update Refs (G)          738 us
[2026-04-03T03:27:43.334+0600][53.294s][info][gc,stats    ] Pause Init Update Refs (N)          355 us
[2026-04-03T03:27:43.334+0600][53.294s][info][gc,stats    ]   Manage GCLABs                      30 us
[2026-04-03T03:27:43.334+0600][53.294s][info][gc,stats    ] Concurrent Update Refs           217873 us
[2026-04-03T03:27:43.334+0600][53.294s][info][gc,stats    ] Concurrent Update Thread Roots     1480 us
[2026-04-03T03:27:43.334+0600][53.294s][info][gc,stats    ] Pause Final Update Refs (G)         723 us
[2026-04-03T03:27:43.334+0600][53.294s][info][gc,stats    ] Pause Final Update Refs (N)         291 us
[2026-04-03T03:27:43.334+0600][53.294s][info][gc,stats    ]   Update Region States               42 us
[2026-04-03T03:27:43.334+0600][53.294s][info][gc,stats    ]   Trash Collection Set               10 us
[2026-04-03T03:27:43.334+0600][53.294s][info][gc,stats    ]   Rebuild Free Set                   30 us
[2026-04-03T03:27:43.334+0600][53.294s][info][gc,stats    ] Concurrent Cleanup                  634 us
[2026-04-03T03:27:43.334+0600][53.294s][info][gc,stats    ] Pacing                           287537 us
[2026-04-03T03:27:43.334+0600][53.294s][info][gc,stats    ] 
[2026-04-03T03:27:43.334+0600][53.294s][info][gc,stats    ] Allocation pacing accrued:
[2026-04-03T03:27:43.334+0600][53.294s][info][gc,stats    ]     106 of   641 ms ( 16.6%): Executor task launch worker for task 1.0 in stage 27.0 (TID 40)
[2026-04-03T03:27:43.334+0600][53.294s][info][gc,stats    ]     108 of   641 ms ( 16.8%): Executor task launch worker for task 0.0 in stage 27.0 (TID 39)
[2026-04-03T03:27:43.334+0600][53.294s][info][gc,stats    ]      73 of   641 ms ( 11.4%): Executor task launch worker for task 2.0 in stage 27.0 (TID 41)
[2026-04-03T03:27:43.334+0600][53.294s][info][gc,stats    ]     288 of   641 ms ( 44.9%): <total>
[2026-04-03T03:27:43.334+0600][53.294s][info][gc,stats    ]       2 of   641 ms (  0.2%): <average total>
[2026-04-03T03:27:43.334+0600][53.294s][info][gc,stats    ]      96 of   641 ms ( 15.0%): <average non-zero>
[2026-04-03T03:27:43.334+0600][53.294s][info][gc,stats    ] 
[2026-04-03T03:27:43.334+0600][53.294s][info][gc,metaspace] Metaspace: 72968K(73856K)->72968K(73856K) NonClass: 63697K(64192K)->63697K(64192K) Class: 9270K(9664K)->9270K(9664K)
[2026-04-03T03:27:43.334+0600][53.294s][info][gc,ergo     ] Pacer for Idle. Initial: 25600K, Alloc Tax Rate: 1.0x
[2026-04-03T03:27:43.336+0600][53.296s][info][gc          ] Trigger: Learning 5 of 5. Free (621M) is below initial threshold (875M)
[2026-04-03T03:27:43.336+0600][53.296s][info][gc,ergo     ] Free: 621M, Max: 512K regular, 213M humongous, Frag: 66% external, 0% internal; Reserve: 64000K, Max: 512K
[2026-04-03T03:27:43.336+0600][53.296s][info][gc,start    ] GC(54) Concurrent reset
[2026-04-03T03:27:43.336+0600][53.296s][info][gc,task     ] GC(54) Using 3 of 6 workers for concurrent reset
[2026-04-03T03:27:43.336+0600][53.296s][info][gc,ergo     ] GC(54) Pacer for Reset. Non-Taxable: 1250M
[2026-04-03T03:27:43.338+0600][53.298s][info][gc          ] GC(54) Concurrent reset 1.856ms
[2026-04-03T03:27:43.338+0600][53.298s][info][gc,start    ] GC(54) Pause Init Mark (unload classes)
[2026-04-03T03:27:43.338+0600][53.298s][info][gc,task     ] GC(54) Using 6 of 6 workers for init marking
[2026-04-03T03:27:43.338+0600][53.298s][info][gc,ergo     ] GC(54) Pacer for Mark. Expected Live: 216M, Free: 620M, Non-Taxable: 63492K, Alloc Tax Rate: 0.4x
[2026-04-03T03:27:43.338+0600][53.298s][info][gc          ] GC(54) Pause Init Mark (unload classes) 0.191ms
[2026-04-03T03:27:43.338+0600][53.298s][info][gc,start    ] GC(54) Concurrent marking roots
[2026-04-03T03:27:43.338+0600][53.298s][info][gc,task     ] GC(54) Using 3 of 6 workers for concurrent marking roots
[2026-04-03T03:27:43.339+0600][53.299s][info][gc          ] GC(54) Concurrent marking roots 1.078ms
[2026-04-03T03:27:43.339+0600][53.299s][info][gc,start    ] GC(54) Concurrent marking (unload classes)
[2026-04-03T03:27:43.339+0600][53.299s][info][gc,task     ] GC(54) Using 3 of 6 workers for concurrent marking
[2026-04-03T03:27:43.670+0600][53.630s][info][gc          ] GC(54) Concurrent marking (unload classes) 331.043ms
[2026-04-03T03:27:43.671+0600][53.631s][info][gc,start    ] GC(54) Pause Final Mark (unload classes)
[2026-04-03T03:27:43.671+0600][53.631s][info][gc,task     ] GC(54) Using 6 of 6 workers for final marking
[2026-04-03T03:27:43.671+0600][53.631s][info][gc,ergo     ] GC(54) Adaptive CSet Selection. Target Free: 177M, Actual Free: 548M, Max CSet: 53333K, Min Garbage: 0B
[2026-04-03T03:27:43.671+0600][53.631s][info][gc,ergo     ] GC(54) Collectable Garbage: 262M (95%), Immediate: 6144K (2%), CSet: 256M (93%)
[2026-04-03T03:27:43.671+0600][53.631s][info][gc,ergo     ] GC(54) Pacer for Evacuation. Used CSet: 281M, Free: 487M, Non-Taxable: 49924K, Alloc Tax Rate: 1.4x
[2026-04-03T03:27:43.671+0600][53.631s][info][gc          ] GC(54) Pause Final Mark (unload classes) 0.803ms
[2026-04-03T03:27:43.672+0600][53.632s][info][gc,start    ] GC(54) Concurrent thread roots
[2026-04-03T03:27:43.672+0600][53.632s][info][gc,task     ] GC(54) Using 3 of 6 workers for Concurrent thread roots
[2026-04-03T03:27:43.672+0600][53.632s][info][gc          ] GC(54) Concurrent thread roots 0.593ms
[2026-04-03T03:27:43.672+0600][53.632s][info][gc,start    ] GC(54) Concurrent weak references
[2026-04-03T03:27:43.672+0600][53.632s][info][gc,task     ] GC(54) Using 3 of 6 workers for concurrent weak references
[2026-04-03T03:27:43.673+0600][53.633s][info][gc,ref      ] GC(54) Encountered references: Soft: 3155, Weak: 6325, Final: 84, Phantom: 599
[2026-04-03T03:27:43.673+0600][53.633s][info][gc,ref      ] GC(54) Discovered  references: Soft: 0, Weak: 3085, Final: 50, Phantom: 596
[2026-04-03T03:27:43.673+0600][53.633s][info][gc,ref      ] GC(54) Enqueued    references: Soft: 0, Weak: 0, Final: 0, Phantom: 0
[2026-04-03T03:27:43.673+0600][53.633s][info][gc          ] GC(54) Concurrent weak references 0.576ms
[2026-04-03T03:27:43.673+0600][53.633s][info][gc,start    ] GC(54) Concurrent weak roots
[2026-04-03T03:27:43.673+0600][53.633s][info][gc,task     ] GC(54) Using 3 of 6 workers for concurrent weak root
[2026-04-03T03:27:43.675+0600][53.635s][info][gc          ] GC(54) Concurrent weak roots 2.164ms
[2026-04-03T03:27:43.675+0600][53.635s][info][gc,start    ] GC(54) Concurrent cleanup
[2026-04-03T03:27:43.675+0600][53.635s][info][gc          ] GC(54) Concurrent cleanup 703M->697M(812M) 0.360ms
[2026-04-03T03:27:43.675+0600][53.635s][info][gc,ergo     ] GC(54) Free: 484M, Max: 512K regular, 213M humongous, Frag: 56% external, 0% internal; Reserve: 63873K, Max: 512K
[2026-04-03T03:27:43.675+0600][53.635s][info][gc,start    ] GC(54) Concurrent class unloading
[2026-04-03T03:27:43.675+0600][53.635s][info][gc,task     ] GC(54) Using 3 of 6 workers for concurrent class unloading
[2026-04-03T03:27:43.681+0600][53.641s][info][gc          ] GC(54) Concurrent class unloading 5.654ms
[2026-04-03T03:27:43.681+0600][53.641s][info][gc,start    ] GC(54) Concurrent strong roots
[2026-04-03T03:27:43.681+0600][53.641s][info][gc,task     ] GC(54) Using 3 of 6 workers for concurrent strong root
[2026-04-03T03:27:43.682+0600][53.642s][info][gc          ] GC(54) Concurrent strong roots 0.771ms
[2026-04-03T03:27:43.682+0600][53.642s][info][gc,start    ] GC(54) Concurrent evacuation
[2026-04-03T03:27:43.682+0600][53.642s][info][gc,task     ] GC(54) Using 3 of 6 workers for concurrent evacuation
[2026-04-03T03:27:43.716+0600][53.676s][info][gc          ] GC(54) Concurrent evacuation 33.565ms
[2026-04-03T03:27:43.716+0600][53.676s][info][gc,start    ] GC(54) Pause Init Update Refs
[2026-04-03T03:27:43.716+0600][53.676s][info][gc,ergo     ] GC(54) Pacer for Update Refs. Used: 748M, Free: 459M, Non-Taxable: 47056K, Alloc Tax Rate: 2.0x
[2026-04-03T03:27:43.716+0600][53.676s][info][gc          ] GC(54) Pause Init Update Refs 0.116ms
[2026-04-03T03:27:43.716+0600][53.676s][info][gc,start    ] GC(54) Concurrent update references
[2026-04-03T03:27:43.716+0600][53.676s][info][gc,task     ] GC(54) Using 3 of 6 workers for concurrent reference update
[2026-04-03T03:27:43.931+0600][53.891s][info][gc          ] GC(54) Concurrent update references 215.328ms
[2026-04-03T03:27:43.931+0600][53.891s][info][gc,start    ] GC(54) Concurrent update thread roots
[2026-04-03T03:27:43.933+0600][53.893s][info][gc          ] GC(54) Concurrent update thread roots 1.121ms
[2026-04-03T03:27:43.933+0600][53.893s][info][gc,start    ] GC(54) Pause Final Update Refs
[2026-04-03T03:27:43.933+0600][53.893s][info][gc,task     ] GC(54) Using 6 of 6 workers for final reference update
[2026-04-03T03:27:43.933+0600][53.893s][info][gc          ] GC(54) Pause Final Update Refs 0.199ms
[2026-04-03T03:27:43.933+0600][53.893s][info][gc,start    ] GC(54) Concurrent cleanup
[2026-04-03T03:27:43.933+0600][53.893s][info][gc          ] GC(54) Concurrent cleanup 875M->594M(881M) 0.312ms
[2026-04-03T03:27:43.933+0600][53.894s][info][gc,ergo     ] Free: 588M, Max: 512K regular, 194M humongous, Frag: 67% external, 0% internal; Reserve: 64000K, Max: 512K
[2026-04-03T03:27:43.934+0600][53.894s][info][gc,stats    ] 
[2026-04-03T03:27:43.934+0600][53.894s][info][gc,stats    ] All times are wall-clock times, except per-root-class counters, that are sum over
[2026-04-03T03:27:43.934+0600][53.894s][info][gc,stats    ] all workers. Dividing the <total> over the root stage time estimates parallelism.
[2026-04-03T03:27:43.934+0600][53.894s][info][gc,stats    ] 
[2026-04-03T03:27:43.934+0600][53.894s][info][gc,stats    ] Concurrent Reset                   1898 us
[2026-04-03T03:27:43.934+0600][53.894s][info][gc,stats    ] Pause Init Mark (G)                 580 us
[2026-04-03T03:27:43.934+0600][53.894s][info][gc,stats    ] Pause Init Mark (N)                 206 us
[2026-04-03T03:27:43.934+0600][53.894s][info][gc,stats    ]   Update Region States               37 us
[2026-04-03T03:27:43.934+0600][53.894s][info][gc,stats    ] Concurrent Mark Roots              1106 us, parallelism: 1.92x
[2026-04-03T03:27:43.934+0600][53.894s][info][gc,stats    ]   CMR: <total>                     2126 us
[2026-04-03T03:27:43.934+0600][53.894s][info][gc,stats    ]   CMR: Thread Roots                1856 us, workers (us): 697, 476, 683, ---, ---, ---, 
[2026-04-03T03:27:43.934+0600][53.894s][info][gc,stats    ]   CMR: VM Strong Roots               41 us, workers (us):  28,  12,   1, ---, ---, ---, 
[2026-04-03T03:27:43.934+0600][53.894s][info][gc,stats    ]   CMR: CLDG Roots                   229 us, workers (us): ---, 229, ---, ---, ---, ---, 
[2026-04-03T03:27:43.934+0600][53.894s][info][gc,stats    ] Concurrent Marking               331109 us
[2026-04-03T03:27:43.934+0600][53.894s][info][gc,stats    ] Pause Final Mark (G)               1141 us
[2026-04-03T03:27:43.934+0600][53.894s][info][gc,stats    ] Pause Final Mark (N)                814 us
[2026-04-03T03:27:43.934+0600][53.894s][info][gc,stats    ]   Finish Mark                       328 us
[2026-04-03T03:27:43.934+0600][53.894s][info][gc,stats    ]   Update Region States               46 us
[2026-04-03T03:27:43.934+0600][53.894s][info][gc,stats    ]   Choose Collection Set             283 us
[2026-04-03T03:27:43.934+0600][53.894s][info][gc,stats    ]   Rebuild Free Set                   22 us
[2026-04-03T03:27:43.934+0600][53.894s][info][gc,stats    ] Concurrent Thread Roots             622 us, parallelism: 2.10x
[2026-04-03T03:27:43.934+0600][53.894s][info][gc,stats    ]   CTR: <total>                     1307 us
[2026-04-03T03:27:43.934+0600][53.894s][info][gc,stats    ]   CTR: Thread Roots                1307 us, workers (us): 484, 440, 384, ---, ---, ---, 
[2026-04-03T03:27:43.934+0600][53.894s][info][gc,stats    ] Concurrent Weak References          585 us, parallelism: 0.73x
[2026-04-03T03:27:43.934+0600][53.894s][info][gc,stats    ]   CWRF: <total>                     427 us
[2026-04-03T03:27:43.934+0600][53.894s][info][gc,stats    ]   CWRF: Weak References             427 us, workers (us): 124, 292,  10, ---, ---, ---, 
[2026-04-03T03:27:43.934+0600][53.894s][info][gc,stats    ] Concurrent Weak Roots              2217 us
[2026-04-03T03:27:43.934+0600][53.894s][info][gc,stats    ]   Roots                            1769 us, parallelism: 2.42x
[2026-04-03T03:27:43.934+0600][53.894s][info][gc,stats    ]     CWR: <total>                   4287 us
[2026-04-03T03:27:43.934+0600][53.894s][info][gc,stats    ]     CWR: Code Cache Roots          3088 us, workers (us): 1019, 1001, 1068, ---, ---, ---, 
[2026-04-03T03:27:43.934+0600][53.894s][info][gc,stats    ]     CWR: VM Weak Roots             1097 us, workers (us): 450, 323, 325, ---, ---, ---, 
[2026-04-03T03:27:43.934+0600][53.894s][info][gc,stats    ]     CWR: CLDG Roots                 102 us, workers (us): ---, 102, ---, ---, ---, ---, 
[2026-04-03T03:27:43.934+0600][53.894s][info][gc,stats    ]   Rendezvous                        377 us
[2026-04-03T03:27:43.934+0600][53.894s][info][gc,stats    ] Concurrent Cleanup                  374 us
[2026-04-03T03:27:43.934+0600][53.894s][info][gc,stats    ] Concurrent Class Unloading         5725 us
[2026-04-03T03:27:43.934+0600][53.894s][info][gc,stats    ]   Unlink Stale                     5268 us
[2026-04-03T03:27:43.934+0600][53.894s][info][gc,stats    ]     System Dictionary                83 us
[2026-04-03T03:27:43.934+0600][53.894s][info][gc,stats    ]     Weak Class Links                  0 us
[2026-04-03T03:27:43.934+0600][53.894s][info][gc,stats    ]     Code Roots                     5182 us
[2026-04-03T03:27:43.934+0600][53.894s][info][gc,stats    ]   Rendezvous                        346 us
[2026-04-03T03:27:43.934+0600][53.894s][info][gc,stats    ]   Purge Unlinked                     17 us
[2026-04-03T03:27:43.934+0600][53.894s][info][gc,stats    ]     Code Roots                        4 us
[2026-04-03T03:27:43.934+0600][53.894s][info][gc,stats    ]     CLDG                             12 us
[2026-04-03T03:27:43.934+0600][53.894s][info][gc,stats    ]     Exception Caches                  0 us
[2026-04-03T03:27:43.934+0600][53.894s][info][gc,stats    ] Concurrent Strong Roots             820 us, parallelism: 0.53x
[2026-04-03T03:27:43.934+0600][53.894s][info][gc,stats    ]   CSR: <total>                      434 us
[2026-04-03T03:27:43.934+0600][53.894s][info][gc,stats    ]   CSR: VM Strong Roots               34 us, workers (us):  19,  15,   0, ---, ---, ---, 
[2026-04-03T03:27:43.934+0600][53.894s][info][gc,stats    ]   CSR: CLDG Roots                   400 us, workers (us): 400, ---, ---, ---, ---, ---, 
[2026-04-03T03:27:43.934+0600][53.894s][info][gc,stats    ] Concurrent Evacuation             33649 us
[2026-04-03T03:27:43.934+0600][53.894s][info][gc,stats    ] Pause Init Update Refs (G)          351 us
[2026-04-03T03:27:43.934+0600][53.894s][info][gc,stats    ] Pause Init Update Refs (N)          127 us
[2026-04-03T03:27:43.934+0600][53.894s][info][gc,stats    ]   Manage GCLABs                      22 us
[2026-04-03T03:27:43.934+0600][53.894s][info][gc,stats    ] Concurrent Update Refs           215431 us
[2026-04-03T03:27:43.934+0600][53.894s][info][gc,stats    ] Concurrent Update Thread Roots     1164 us
[2026-04-03T03:27:43.934+0600][53.894s][info][gc,stats    ] Pause Final Update Refs (G)         507 us
[2026-04-03T03:27:43.934+0600][53.894s][info][gc,stats    ] Pause Final Update Refs (N)         213 us
[2026-04-03T03:27:43.934+0600][53.894s][info][gc,stats    ]   Update Region States               42 us
[2026-04-03T03:27:43.934+0600][53.894s][info][gc,stats    ]   Trash Collection Set               12 us
[2026-04-03T03:27:43.934+0600][53.894s][info][gc,stats    ]   Rebuild Free Set                   28 us
[2026-04-03T03:27:43.934+0600][53.894s][info][gc,stats    ] Concurrent Cleanup                  337 us
[2026-04-03T03:27:43.934+0600][53.894s][info][gc,stats    ] Pacing                           256412 us
[2026-04-03T03:27:43.934+0600][53.894s][info][gc,stats    ] 
[2026-04-03T03:27:43.934+0600][53.894s][info][gc,stats    ] Allocation pacing accrued:
[2026-04-03T03:27:43.934+0600][53.894s][info][gc,stats    ]      87 of   600 ms ( 14.6%): Executor task launch worker for task 1.0 in stage 27.0 (TID 40)
[2026-04-03T03:27:43.934+0600][53.894s][info][gc,stats    ]      85 of   600 ms ( 14.2%): Executor task launch worker for task 0.0 in stage 27.0 (TID 39)
[2026-04-03T03:27:43.934+0600][53.894s][info][gc,stats    ]      84 of   600 ms ( 14.0%): Executor task launch worker for task 2.0 in stage 27.0 (TID 41)
[2026-04-03T03:27:43.934+0600][53.894s][info][gc,stats    ]     256 of   600 ms ( 42.7%): <total>
[2026-04-03T03:27:43.934+0600][53.894s][info][gc,stats    ]       1 of   600 ms (  0.2%): <average total>
[2026-04-03T03:27:43.934+0600][53.894s][info][gc,stats    ]      85 of   600 ms ( 14.2%): <average non-zero>
[2026-04-03T03:27:43.934+0600][53.894s][info][gc,stats    ] 
[2026-04-03T03:27:43.934+0600][53.894s][info][gc,metaspace] Metaspace: 72968K(73856K)->72968K(73856K) NonClass: 63697K(64192K)->63697K(64192K) Class: 9270K(9664K)->9270K(9664K)
[2026-04-03T03:27:43.934+0600][53.894s][info][gc,ergo     ] Pacer for Idle. Initial: 25600K, Alloc Tax Rate: 1.0x
[2026-04-03T03:27:44.036+0600][53.996s][info][gc          ] Trigger: Average GC time (737.67 ms) is above the time for average allocation rate (727 MB/s) to deplete free headroom (428M) (margin of error = 1.76)
[2026-04-03T03:27:44.036+0600][53.996s][info][gc,ergo     ] Free headroom: 491M (free) - 64000K (spike) - 0B (penalties) = 428M
[2026-04-03T03:27:44.037+0600][53.997s][info][gc,ergo     ] Free: 491M, Max: 512K regular, 194M humongous, Frag: 61% external, 0% internal; Reserve: 64000K, Max: 512K
[2026-04-03T03:27:44.037+0600][53.997s][info][gc,start    ] GC(55) Concurrent reset
[2026-04-03T03:27:44.037+0600][53.997s][info][gc,task     ] GC(55) Using 3 of 6 workers for concurrent reset
[2026-04-03T03:27:44.037+0600][53.997s][info][gc,ergo     ] GC(55) Pacer for Reset. Non-Taxable: 1250M
[2026-04-03T03:27:44.039+0600][53.999s][info][gc          ] GC(55) Concurrent reset 2.073ms
[2026-04-03T03:27:44.060+0600][54.020s][info][gc,start    ] GC(55) Pause Init Mark (unload classes)
[2026-04-03T03:27:44.060+0600][54.020s][info][gc,task     ] GC(55) Using 6 of 6 workers for init marking
[2026-04-03T03:27:44.060+0600][54.020s][info][gc,ergo     ] GC(55) Pacer for Mark. Expected Live: 224M, Free: 471M, Non-Taxable: 48285K, Alloc Tax Rate: 0.6x
[2026-04-03T03:27:44.060+0600][54.020s][info][gc          ] GC(55) Pause Init Mark (unload classes) 0.186ms
[2026-04-03T03:27:44.060+0600][54.020s][info][gc,start    ] GC(55) Concurrent marking roots
[2026-04-03T03:27:44.060+0600][54.020s][info][gc,task     ] GC(55) Using 3 of 6 workers for concurrent marking roots
[2026-04-03T03:27:44.061+0600][54.021s][info][gc          ] GC(55) Concurrent marking roots 1.121ms
[2026-04-03T03:27:44.062+0600][54.022s][info][gc,start    ] GC(55) Concurrent marking (unload classes)
[2026-04-03T03:27:44.062+0600][54.022s][info][gc,task     ] GC(55) Using 3 of 6 workers for concurrent marking
[2026-04-03T03:27:44.428+0600][54.388s][info][gc          ] GC(55) Concurrent marking (unload classes) 366.268ms
[2026-04-03T03:27:44.428+0600][54.388s][info][gc,start    ] GC(55) Pause Final Mark (unload classes)
[2026-04-03T03:27:44.428+0600][54.388s][info][gc,task     ] GC(55) Using 6 of 6 workers for final marking
[2026-04-03T03:27:44.429+0600][54.389s][info][gc,ergo     ] GC(55) Adaptive CSet Selection. Target Free: 177M, Actual Free: 416M, Max CSet: 53333K, Min Garbage: 0B
[2026-04-03T03:27:44.429+0600][54.389s][info][gc,ergo     ] GC(55) Collectable Garbage: 392M (96%), Immediate: 0B (0%), CSet: 392M (96%)
[2026-04-03T03:27:44.429+0600][54.389s][info][gc,ergo     ] GC(55) Pacer for Evacuation. Used CSet: 428M, Free: 354M, Non-Taxable: 36253K, Alloc Tax Rate: 3.0x
[2026-04-03T03:27:44.429+0600][54.389s][info][gc          ] GC(55) Pause Final Mark (unload classes) 0.999ms
[2026-04-03T03:27:44.429+0600][54.389s][info][gc,start    ] GC(55) Concurrent thread roots
[2026-04-03T03:27:44.429+0600][54.389s][info][gc,task     ] GC(55) Using 3 of 6 workers for Concurrent thread roots
[2026-04-03T03:27:44.430+0600][54.390s][info][gc          ] GC(55) Concurrent thread roots 0.838ms
[2026-04-03T03:27:44.430+0600][54.390s][info][gc,start    ] GC(55) Concurrent weak references
[2026-04-03T03:27:44.430+0600][54.390s][info][gc,task     ] GC(55) Using 3 of 6 workers for concurrent weak references
[2026-04-03T03:27:44.430+0600][54.390s][info][gc,ref      ] GC(55) Encountered references: Soft: 3155, Weak: 6325, Final: 84, Phantom: 599
[2026-04-03T03:27:44.431+0600][54.391s][info][gc,ref      ] GC(55) Discovered  references: Soft: 0, Weak: 463, Final: 0, Phantom: 596
[2026-04-03T03:27:44.431+0600][54.391s][info][gc,ref      ] GC(55) Enqueued    references: Soft: 0, Weak: 0, Final: 0, Phantom: 0
[2026-04-03T03:27:44.431+0600][54.391s][info][gc          ] GC(55) Concurrent weak references 0.371ms
[2026-04-03T03:27:44.431+0600][54.391s][info][gc,start    ] GC(55) Concurrent weak roots
[2026-04-03T03:27:44.431+0600][54.391s][info][gc,task     ] GC(55) Using 3 of 6 workers for concurrent weak root
[2026-04-03T03:27:44.433+0600][54.393s][info][gc          ] GC(55) Concurrent weak roots 2.396ms
[2026-04-03T03:27:44.433+0600][54.393s][info][gc,start    ] GC(55) Concurrent cleanup
[2026-04-03T03:27:44.433+0600][54.393s][info][gc          ] GC(55) Concurrent cleanup 829M->829M(881M) 0.435ms
[2026-04-03T03:27:44.433+0600][54.394s][info][gc,ergo     ] GC(55) Free: 352M, Max: 512K regular, 194M humongous, Frag: 45% external, 0% internal; Reserve: 63550K, Max: 512K
[2026-04-03T03:27:44.433+0600][54.394s][info][gc,start    ] GC(55) Concurrent class unloading
[2026-04-03T03:27:44.433+0600][54.394s][info][gc,task     ] GC(55) Using 3 of 6 workers for concurrent class unloading
[2026-04-03T03:27:44.440+0600][54.400s][info][gc          ] GC(55) Concurrent class unloading 6.872ms
[2026-04-03T03:27:44.440+0600][54.400s][info][gc,start    ] GC(55) Concurrent strong roots
[2026-04-03T03:27:44.440+0600][54.400s][info][gc,task     ] GC(55) Using 3 of 6 workers for concurrent strong root
[2026-04-03T03:27:44.441+0600][54.401s][info][gc          ] GC(55) Concurrent strong roots 0.989ms
[2026-04-03T03:27:44.441+0600][54.402s][info][gc,start    ] GC(55) Concurrent evacuation
[2026-04-03T03:27:44.442+0600][54.402s][info][gc,task     ] GC(55) Using 3 of 6 workers for concurrent evacuation
[2026-04-03T03:27:44.497+0600][54.457s][info][gc          ] GC(55) Concurrent evacuation 55.712ms
[2026-04-03T03:27:44.498+0600][54.458s][info][gc,start    ] GC(55) Pause Init Update Refs
[2026-04-03T03:27:44.498+0600][54.458s][info][gc,ergo     ] GC(55) Pacer for Update Refs. Used: 898M, Free: 321M, Non-Taxable: 32925K, Alloc Tax Rate: 3.4x
[2026-04-03T03:27:44.498+0600][54.458s][info][gc          ] GC(55) Pause Init Update Refs 0.194ms
[2026-04-03T03:27:44.498+0600][54.458s][info][gc,start    ] GC(55) Concurrent update references
[2026-04-03T03:27:44.498+0600][54.458s][info][gc,task     ] GC(55) Using 3 of 6 workers for concurrent reference update
[2026-04-03T03:27:44.763+0600][54.723s][info][gc          ] GC(55) Concurrent update references 264.723ms
[2026-04-03T03:27:44.763+0600][54.723s][info][gc,start    ] GC(55) Concurrent update thread roots
[2026-04-03T03:27:44.764+0600][54.724s][info][gc          ] GC(55) Concurrent update thread roots 1.078ms
[2026-04-03T03:27:44.764+0600][54.724s][info][gc,start    ] GC(55) Pause Final Update Refs
[2026-04-03T03:27:44.764+0600][54.724s][info][gc,task     ] GC(55) Using 6 of 6 workers for final reference update
[2026-04-03T03:27:44.764+0600][54.724s][info][gc          ] GC(55) Pause Final Update Refs 0.177ms
[2026-04-03T03:27:44.764+0600][54.724s][info][gc,start    ] GC(55) Concurrent cleanup
[2026-04-03T03:27:44.765+0600][54.725s][info][gc          ] GC(55) Concurrent cleanup 1003M->575M(1010M) 0.674ms
[2026-04-03T03:27:44.765+0600][54.725s][info][gc,ergo     ] Free: 605M, Max: 512K regular, 173M humongous, Frag: 72% external, 0% internal; Reserve: 64000K, Max: 512K
[2026-04-03T03:27:44.765+0600][54.725s][info][gc,stats    ] 
[2026-04-03T03:27:44.765+0600][54.725s][info][gc,stats    ] All times are wall-clock times, except per-root-class counters, that are sum over
[2026-04-03T03:27:44.765+0600][54.725s][info][gc,stats    ] all workers. Dividing the <total> over the root stage time estimates parallelism.
[2026-04-03T03:27:44.765+0600][54.725s][info][gc,stats    ] 
[2026-04-03T03:27:44.765+0600][54.725s][info][gc,stats    ] Concurrent Reset                  23356 us
[2026-04-03T03:27:44.765+0600][54.725s][info][gc,stats    ] Pause Init Mark (G)                 396 us
[2026-04-03T03:27:44.765+0600][54.725s][info][gc,stats    ] Pause Init Mark (N)                 195 us
[2026-04-03T03:27:44.765+0600][54.725s][info][gc,stats    ]   Update Region States               48 us
[2026-04-03T03:27:44.765+0600][54.725s][info][gc,stats    ] Concurrent Mark Roots              1194 us, parallelism: 1.65x
[2026-04-03T03:27:44.765+0600][54.725s][info][gc,stats    ]   CMR: <total>                     1976 us
[2026-04-03T03:27:44.765+0600][54.725s][info][gc,stats    ]   CMR: Thread Roots                1734 us, workers (us): 448, 641, 645, ---, ---, ---, 
[2026-04-03T03:27:44.765+0600][54.725s][info][gc,stats    ]   CMR: VM Strong Roots               46 us, workers (us):  18,  16,  12, ---, ---, ---, 
[2026-04-03T03:27:44.765+0600][54.725s][info][gc,stats    ]   CMR: CLDG Roots                   197 us, workers (us): 197, ---, ---, ---, ---, ---, 
[2026-04-03T03:27:44.765+0600][54.725s][info][gc,stats    ] Concurrent Marking               366350 us
[2026-04-03T03:27:44.765+0600][54.725s][info][gc,stats    ] Pause Final Mark (G)               1422 us
[2026-04-03T03:27:44.765+0600][54.725s][info][gc,stats    ] Pause Final Mark (N)               1012 us
[2026-04-03T03:27:44.765+0600][54.725s][info][gc,stats    ]   Finish Mark                       344 us
[2026-04-03T03:27:44.765+0600][54.725s][info][gc,stats    ]   Update Region States               44 us
[2026-04-03T03:27:44.765+0600][54.725s][info][gc,stats    ]   Choose Collection Set             452 us
[2026-04-03T03:27:44.765+0600][54.725s][info][gc,stats    ]   Rebuild Free Set                   32 us
[2026-04-03T03:27:44.765+0600][54.725s][info][gc,stats    ] Concurrent Thread Roots             891 us, parallelism: 2.32x
[2026-04-03T03:27:44.765+0600][54.725s][info][gc,stats    ]   CTR: <total>                     2069 us
[2026-04-03T03:27:44.765+0600][54.725s][info][gc,stats    ]   CTR: Thread Roots                2069 us, workers (us): 717, 680, 671, ---, ---, ---, 
[2026-04-03T03:27:44.765+0600][54.725s][info][gc,stats    ] Concurrent Weak References          384 us, parallelism: 0.48x
[2026-04-03T03:27:44.765+0600][54.725s][info][gc,stats    ]   CWRF: <total>                     183 us
[2026-04-03T03:27:44.765+0600][54.725s][info][gc,stats    ]   CWRF: Weak References             183 us, workers (us): 128,  53,   2, ---, ---, ---, 
[2026-04-03T03:27:44.765+0600][54.725s][info][gc,stats    ] Concurrent Weak Roots              2451 us
[2026-04-03T03:27:44.765+0600][54.725s][info][gc,stats    ]   Roots                            2077 us, parallelism: 2.51x
[2026-04-03T03:27:44.765+0600][54.725s][info][gc,stats    ]     CWR: <total>                   5218 us
[2026-04-03T03:27:44.765+0600][54.725s][info][gc,stats    ]     CWR: Code Cache Roots          3570 us, workers (us): 1112, 1242, 1217, ---, ---, ---, 
[2026-04-03T03:27:44.765+0600][54.725s][info][gc,stats    ]     CWR: VM Weak Roots             1589 us, workers (us): 531, 531, 528, ---, ---, ---, 
[2026-04-03T03:27:44.765+0600][54.725s][info][gc,stats    ]     CWR: CLDG Roots                  59 us, workers (us):  59, ---, ---, ---, ---, ---, 
[2026-04-03T03:27:44.765+0600][54.725s][info][gc,stats    ]   Rendezvous                        296 us
[2026-04-03T03:27:44.765+0600][54.725s][info][gc,stats    ] Concurrent Cleanup                  452 us
[2026-04-03T03:27:44.765+0600][54.725s][info][gc,stats    ] Concurrent Class Unloading         6953 us
[2026-04-03T03:27:44.765+0600][54.725s][info][gc,stats    ]   Unlink Stale                     6437 us
[2026-04-03T03:27:44.765+0600][54.725s][info][gc,stats    ]     System Dictionary                85 us
[2026-04-03T03:27:44.765+0600][54.726s][info][gc,stats    ]     Weak Class Links                  0 us
[2026-04-03T03:27:44.765+0600][54.726s][info][gc,stats    ]     Code Roots                     6348 us
[2026-04-03T03:27:44.765+0600][54.726s][info][gc,stats    ]   Rendezvous                        392 us
[2026-04-03T03:27:44.765+0600][54.726s][info][gc,stats    ]   Purge Unlinked                     17 us
[2026-04-03T03:27:44.765+0600][54.726s][info][gc,stats    ]     Code Roots                        5 us
[2026-04-03T03:27:44.766+0600][54.726s][info][gc,stats    ]     CLDG                             11 us
[2026-04-03T03:27:44.766+0600][54.726s][info][gc,stats    ]     Exception Caches                  0 us
[2026-04-03T03:27:44.766+0600][54.726s][info][gc,stats    ] Concurrent Strong Roots            1050 us, parallelism: 0.65x
[2026-04-03T03:27:44.766+0600][54.726s][info][gc,stats    ]   CSR: <total>                      681 us
[2026-04-03T03:27:44.766+0600][54.726s][info][gc,stats    ]   CSR: VM Strong Roots               68 us, workers (us):  42,  26,   0, ---, ---, ---, 
[2026-04-03T03:27:44.766+0600][54.726s][info][gc,stats    ]   CSR: CLDG Roots                   613 us, workers (us): ---, 613, ---, ---, ---, ---, 
[2026-04-03T03:27:44.766+0600][54.726s][info][gc,stats    ] Concurrent Evacuation             55826 us
[2026-04-03T03:27:44.766+0600][54.726s][info][gc,stats    ] Pause Init Update Refs (G)          491 us
[2026-04-03T03:27:44.766+0600][54.726s][info][gc,stats    ] Pause Init Update Refs (N)          244 us
[2026-04-03T03:27:44.766+0600][54.726s][info][gc,stats    ]   Manage GCLABs                      19 us
[2026-04-03T03:27:44.766+0600][54.726s][info][gc,stats    ] Concurrent Update Refs           264824 us
[2026-04-03T03:27:44.766+0600][54.726s][info][gc,stats    ] Concurrent Update Thread Roots     1136 us
[2026-04-03T03:27:44.766+0600][54.726s][info][gc,stats    ] Pause Final Update Refs (G)         626 us
[2026-04-03T03:27:44.766+0600][54.726s][info][gc,stats    ] Pause Final Update Refs (N)         190 us
[2026-04-03T03:27:44.766+0600][54.726s][info][gc,stats    ]   Update Region States               50 us
[2026-04-03T03:27:44.766+0600][54.726s][info][gc,stats    ]   Trash Collection Set               17 us
[2026-04-03T03:27:44.766+0600][54.726s][info][gc,stats    ]   Rebuild Free Set                   32 us
[2026-04-03T03:27:44.766+0600][54.726s][info][gc,stats    ] Concurrent Cleanup                  695 us
[2026-04-03T03:27:44.766+0600][54.726s][info][gc,stats    ] Pacing                           619631 us
[2026-04-03T03:27:44.766+0600][54.726s][info][gc,stats    ] 
[2026-04-03T03:27:44.766+0600][54.726s][info][gc,stats    ] Allocation pacing accrued:
[2026-04-03T03:27:44.766+0600][54.726s][info][gc,stats    ]      11 of   831 ms (  1.3%): dispatcher-event-loop-9
[2026-04-03T03:27:44.766+0600][54.726s][info][gc,stats    ]      11 of   831 ms (  1.4%): dispatcher-HeartbeatReceiver
[2026-04-03T03:27:44.766+0600][54.726s][info][gc,stats    ]      11 of   831 ms (  1.4%): heartbeat-receiver-event-loop-thread
[2026-04-03T03:27:44.766+0600][54.726s][info][gc,stats    ]      11 of   831 ms (  1.4%): netty-rpc-env-timeout
[2026-04-03T03:27:44.766+0600][54.726s][info][gc,stats    ]      11 of   831 ms (  1.3%): executor-heartbeater
[2026-04-03T03:27:44.766+0600][54.726s][info][gc,stats    ]      33 of   831 ms (  4.0%): spark-listener-group-appStatus
[2026-04-03T03:27:44.766+0600][54.726s][info][gc,stats    ]      11 of   831 ms (  1.3%): spark-listener-group-executorManagement
[2026-04-03T03:27:44.766+0600][54.726s][info][gc,stats    ]      11 of   831 ms (  1.4%): spark-listener-group-shared
[2026-04-03T03:27:44.766+0600][54.726s][info][gc,stats    ]     177 of   831 ms ( 21.3%): Executor task launch worker for task 1.0 in stage 27.0 (TID 40)
[2026-04-03T03:27:44.766+0600][54.726s][info][gc,stats    ]     143 of   831 ms ( 17.2%): Executor task launch worker for task 0.0 in stage 27.0 (TID 39)
[2026-04-03T03:27:44.766+0600][54.726s][info][gc,stats    ]     188 of   831 ms ( 22.6%): Executor task launch worker for task 2.0 in stage 27.0 (TID 41)
[2026-04-03T03:27:44.766+0600][54.726s][info][gc,stats    ]     620 of   831 ms ( 74.5%): <total>
[2026-04-03T03:27:44.766+0600][54.726s][info][gc,stats    ]       3 of   831 ms (  0.4%): <average total>
[2026-04-03T03:27:44.766+0600][54.726s][info][gc,stats    ]      56 of   831 ms (  6.8%): <average non-zero>
[2026-04-03T03:27:44.766+0600][54.726s][info][gc,stats    ] 
[2026-04-03T03:27:44.766+0600][54.726s][info][gc,metaspace] Metaspace: 72968K(73856K)->72979K(73856K) NonClass: 63697K(64192K)->63708K(64192K) Class: 9270K(9664K)->9270K(9664K)
[2026-04-03T03:27:44.766+0600][54.726s][info][gc,ergo     ] Pacer for Idle. Initial: 25600K, Alloc Tax Rate: 1.0x
[2026-04-03T03:27:44.850+0600][54.810s][info][gc          ] Trigger: Average GC time (830.93 ms) is above the time for average allocation rate (558 MB/s) to deplete free headroom (463M) (margin of error = 1.77)
[2026-04-03T03:27:44.850+0600][54.810s][info][gc,ergo     ] Free headroom: 526M (free) - 64000K (spike) - 0B (penalties) = 463M
[2026-04-03T03:27:44.850+0600][54.810s][info][gc,ergo     ] Free: 526M, Max: 512K regular, 173M humongous, Frag: 68% external, 0% internal; Reserve: 64000K, Max: 512K
[2026-04-03T03:27:44.850+0600][54.810s][info][gc,start    ] GC(56) Concurrent reset
[2026-04-03T03:27:44.850+0600][54.810s][info][gc,task     ] GC(56) Using 3 of 6 workers for concurrent reset
[2026-04-03T03:27:44.850+0600][54.810s][info][gc,ergo     ] GC(56) Pacer for Reset. Non-Taxable: 1250M
[2026-04-03T03:27:44.852+0600][54.812s][info][gc          ] GC(56) Concurrent reset 2.259ms
[2026-04-03T03:27:44.853+0600][54.813s][info][gc,start    ] GC(56) Pause Init Mark (unload classes)
[2026-04-03T03:27:44.853+0600][54.813s][info][gc,task     ] GC(56) Using 6 of 6 workers for init marking
[2026-04-03T03:27:44.853+0600][54.813s][info][gc,ergo     ] GC(56) Pacer for Mark. Expected Live: 256M, Free: 524M, Non-Taxable: 53661K, Alloc Tax Rate: 0.6x
[2026-04-03T03:27:44.853+0600][54.813s][info][gc          ] GC(56) Pause Init Mark (unload classes) 0.217ms
[2026-04-03T03:27:44.853+0600][54.813s][info][gc,start    ] GC(56) Concurrent marking roots
[2026-04-03T03:27:44.853+0600][54.813s][info][gc,task     ] GC(56) Using 3 of 6 workers for concurrent marking roots
[2026-04-03T03:27:44.854+0600][54.814s][info][gc          ] GC(56) Concurrent marking roots 1.148ms
[2026-04-03T03:27:44.854+0600][54.814s][info][gc,start    ] GC(56) Concurrent marking (unload classes)
[2026-04-03T03:27:44.854+0600][54.814s][info][gc,task     ] GC(56) Using 3 of 6 workers for concurrent marking
[2026-04-03T03:27:45.468+0600][55.428s][info][gc          ] GC(56) Concurrent marking (unload classes) 613.409ms
[2026-04-03T03:27:45.468+0600][55.428s][info][gc,start    ] GC(56) Pause Final Mark (unload classes)
[2026-04-03T03:27:45.468+0600][55.428s][info][gc,task     ] GC(56) Using 6 of 6 workers for final marking
[2026-04-03T03:27:45.469+0600][55.429s][info][gc,ergo     ] GC(56) Adaptive CSet Selection. Target Free: 177M, Actual Free: 487M, Max CSet: 53333K, Min Garbage: 0B
[2026-04-03T03:27:45.469+0600][55.429s][info][gc,ergo     ] GC(56) Collectable Garbage: 312M (94%), Immediate: 12288K (3%), CSet: 300M (91%)
[2026-04-03T03:27:45.469+0600][55.429s][info][gc,ergo     ] GC(56) Pacer for Evacuation. Used CSet: 330M, Free: 426M, Non-Taxable: 43690K, Alloc Tax Rate: 1.9x
[2026-04-03T03:27:45.469+0600][55.429s][info][gc          ] GC(56) Pause Final Mark (unload classes) 1.177ms
[2026-04-03T03:27:45.469+0600][55.429s][info][gc,start    ] GC(56) Concurrent thread roots
[2026-04-03T03:27:45.469+0600][55.430s][info][gc,task     ] GC(56) Using 3 of 6 workers for Concurrent thread roots
[2026-04-03T03:27:45.470+0600][55.430s][info][gc          ] GC(56) Concurrent thread roots 0.938ms
[2026-04-03T03:27:45.470+0600][55.430s][info][gc,start    ] GC(56) Concurrent weak references
[2026-04-03T03:27:45.470+0600][55.430s][info][gc,task     ] GC(56) Using 3 of 6 workers for concurrent weak references
[2026-04-03T03:27:45.471+0600][55.431s][info][gc,ref      ] GC(56) Encountered references: Soft: 3157, Weak: 6329, Final: 84, Phantom: 599
[2026-04-03T03:27:45.471+0600][55.431s][info][gc,ref      ] GC(56) Discovered  references: Soft: 0, Weak: 494, Final: 2, Phantom: 596
[2026-04-03T03:27:45.471+0600][55.431s][info][gc,ref      ] GC(56) Enqueued    references: Soft: 0, Weak: 5, Final: 0, Phantom: 0
[2026-04-03T03:27:45.471+0600][55.431s][info][gc          ] GC(56) Concurrent weak references 0.346ms
[2026-04-03T03:27:45.471+0600][55.431s][info][gc,start    ] GC(56) Concurrent weak roots
[2026-04-03T03:27:45.471+0600][55.431s][info][gc,task     ] GC(56) Using 3 of 6 workers for concurrent weak root
[2026-04-03T03:27:45.474+0600][55.434s][info][gc          ] GC(56) Concurrent weak roots 3.172ms
[2026-04-03T03:27:45.474+0600][55.434s][info][gc,start    ] GC(56) Concurrent cleanup
[2026-04-03T03:27:45.474+0600][55.434s][info][gc          ] GC(56) Concurrent cleanup 766M->754M(1010M) 0.204ms
[2026-04-03T03:27:45.474+0600][55.434s][info][gc,ergo     ] GC(56) Free: 426M, Max: 512K regular, 173M humongous, Frag: 60% external, 0% internal; Reserve: 63488K, Max: 512K
[2026-04-03T03:27:45.474+0600][55.434s][info][gc,start    ] GC(56) Concurrent class unloading
[2026-04-03T03:27:45.474+0600][55.434s][info][gc,task     ] GC(56) Using 3 of 6 workers for concurrent class unloading
[2026-04-03T03:27:45.484+0600][55.444s][info][gc          ] GC(56) Concurrent class unloading 9.266ms
[2026-04-03T03:27:45.484+0600][55.444s][info][gc,start    ] GC(56) Concurrent strong roots
[2026-04-03T03:27:45.484+0600][55.444s][info][gc,task     ] GC(56) Using 3 of 6 workers for concurrent strong root
[2026-04-03T03:27:45.485+0600][55.445s][info][gc          ] GC(56) Concurrent strong roots 1.012ms
[2026-04-03T03:27:45.485+0600][55.445s][info][gc,start    ] GC(56) Concurrent evacuation
[2026-04-03T03:27:45.485+0600][55.445s][info][gc,task     ] GC(56) Using 3 of 6 workers for concurrent evacuation
[2026-04-03T03:27:45.523+0600][55.483s][info][gc          ] GC(56) Concurrent evacuation 38.559ms
[2026-04-03T03:27:45.524+0600][55.484s][info][gc,start    ] GC(56) Pause Init Update Refs
[2026-04-03T03:27:45.524+0600][55.484s][info][gc,ergo     ] GC(56) Pacer for Update Refs. Used: 784M, Free: 426M, Non-Taxable: 43626K, Alloc Tax Rate: 2.2x
[2026-04-03T03:27:45.524+0600][55.484s][info][gc          ] GC(56) Pause Init Update Refs 0.256ms
[2026-04-03T03:27:45.524+0600][55.484s][info][gc,start    ] GC(56) Concurrent update references
[2026-04-03T03:27:45.524+0600][55.484s][info][gc,task     ] GC(56) Using 3 of 6 workers for concurrent reference update
[2026-04-03T03:27:45.794+0600][55.754s][info][gc          ] GC(56) Concurrent update references 270.157ms
[2026-04-03T03:27:45.794+0600][55.754s][info][gc,start    ] GC(56) Concurrent update thread roots
[2026-04-03T03:27:45.796+0600][55.756s][info][gc          ] GC(56) Concurrent update thread roots 1.219ms
[2026-04-03T03:27:45.796+0600][55.756s][info][gc,start    ] GC(56) Pause Final Update Refs
[2026-04-03T03:27:45.796+0600][55.756s][info][gc,task     ] GC(56) Using 6 of 6 workers for final reference update
[2026-04-03T03:27:45.796+0600][55.756s][info][gc          ] GC(56) Pause Final Update Refs 0.264ms
[2026-04-03T03:27:45.796+0600][55.756s][info][gc,start    ] GC(56) Concurrent cleanup
[2026-04-03T03:27:45.796+0600][55.757s][info][gc          ] GC(56) Concurrent cleanup 787M->457M(1023M) 0.272ms
[2026-04-03T03:27:45.797+0600][55.757s][info][gc,ergo     ] Free: 722M, Max: 512K regular, 219M humongous, Frag: 70% external, 0% internal; Reserve: 64000K, Max: 512K
[2026-04-03T03:27:45.797+0600][55.757s][info][gc,stats    ] 
[2026-04-03T03:27:45.797+0600][55.757s][info][gc,stats    ] All times are wall-clock times, except per-root-class counters, that are sum over
[2026-04-03T03:27:45.797+0600][55.757s][info][gc,stats    ] all workers. Dividing the <total> over the root stage time estimates parallelism.
[2026-04-03T03:27:45.797+0600][55.757s][info][gc,stats    ] 
[2026-04-03T03:27:45.797+0600][55.757s][info][gc,stats    ] Concurrent Reset                   2332 us
[2026-04-03T03:27:45.797+0600][55.757s][info][gc,stats    ] Pause Init Mark (G)                 582 us
[2026-04-03T03:27:45.797+0600][55.757s][info][gc,stats    ] Pause Init Mark (N)                 229 us
[2026-04-03T03:27:45.797+0600][55.757s][info][gc,stats    ]   Update Region States               72 us
[2026-04-03T03:27:45.797+0600][55.757s][info][gc,stats    ] Concurrent Mark Roots              1199 us, parallelism: 1.54x
[2026-04-03T03:27:45.797+0600][55.757s][info][gc,stats    ]   CMR: <total>                     1844 us
[2026-04-03T03:27:45.797+0600][55.757s][info][gc,stats    ]   CMR: Thread Roots                1516 us, workers (us): 314, 600, 602, ---, ---, ---, 
[2026-04-03T03:27:45.797+0600][55.757s][info][gc,stats    ]   CMR: VM Strong Roots               49 us, workers (us):  17,  17,  16, ---, ---, ---, 
[2026-04-03T03:27:45.797+0600][55.757s][info][gc,stats    ]   CMR: CLDG Roots                   279 us, workers (us): 279, ---, ---, ---, ---, ---, 
[2026-04-03T03:27:45.797+0600][55.757s][info][gc,stats    ] Concurrent Marking               613549 us
[2026-04-03T03:27:45.797+0600][55.757s][info][gc,stats    ] Pause Final Mark (G)               1512 us
[2026-04-03T03:27:45.797+0600][55.757s][info][gc,stats    ] Pause Final Mark (N)               1195 us
[2026-04-03T03:27:45.797+0600][55.757s][info][gc,stats    ]   Finish Mark                       315 us
[2026-04-03T03:27:45.797+0600][55.757s][info][gc,stats    ]   Update Region States               80 us
[2026-04-03T03:27:45.797+0600][55.757s][info][gc,stats    ]   Choose Collection Set             586 us
[2026-04-03T03:27:45.797+0600][55.757s][info][gc,stats    ]   Rebuild Free Set                   36 us
[2026-04-03T03:27:45.797+0600][55.757s][info][gc,stats    ] Concurrent Thread Roots             989 us, parallelism: 2.10x
[2026-04-03T03:27:45.797+0600][55.757s][info][gc,stats    ]   CTR: <total>                     2079 us
[2026-04-03T03:27:45.797+0600][55.757s][info][gc,stats    ]   CTR: Thread Roots                2079 us, workers (us): 740, 685, 654, ---, ---, ---, 
[2026-04-03T03:27:45.797+0600][55.757s][info][gc,stats    ] Concurrent Weak References          355 us, parallelism: 0.73x
[2026-04-03T03:27:45.797+0600][55.757s][info][gc,stats    ]   CWRF: <total>                     260 us
[2026-04-03T03:27:45.797+0600][55.757s][info][gc,stats    ]   CWRF: Weak References             260 us, workers (us):  61, 159,  40, ---, ---, ---, 
[2026-04-03T03:27:45.797+0600][55.757s][info][gc,stats    ] Concurrent Weak Roots              3275 us
[2026-04-03T03:27:45.797+0600][55.757s][info][gc,stats    ]   Roots                            2722 us, parallelism: 2.63x
[2026-04-03T03:27:45.797+0600][55.757s][info][gc,stats    ]     CWR: <total>                   7162 us
[2026-04-03T03:27:45.797+0600][55.757s][info][gc,stats    ]     CWR: Code Cache Roots          5338 us, workers (us): 1682, 1799, 1857, ---, ---, ---, 
[2026-04-03T03:27:45.797+0600][55.757s][info][gc,stats    ]     CWR: VM Weak Roots             1754 us, workers (us): 613, 569, 571, ---, ---, ---, 
[2026-04-03T03:27:45.797+0600][55.757s][info][gc,stats    ]     CWR: CLDG Roots                  70 us, workers (us):  70, ---, ---, ---, ---, ---, 
[2026-04-03T03:27:45.797+0600][55.757s][info][gc,stats    ]   Rendezvous                        425 us
[2026-04-03T03:27:45.797+0600][55.757s][info][gc,stats    ] Concurrent Cleanup                  223 us
[2026-04-03T03:27:45.797+0600][55.757s][info][gc,stats    ] Concurrent Class Unloading         9387 us
[2026-04-03T03:27:45.797+0600][55.757s][info][gc,stats    ]   Unlink Stale                     8617 us
[2026-04-03T03:27:45.797+0600][55.757s][info][gc,stats    ]     System Dictionary               213 us
[2026-04-03T03:27:45.797+0600][55.757s][info][gc,stats    ]     Weak Class Links                  1 us
[2026-04-03T03:27:45.797+0600][55.757s][info][gc,stats    ]     Code Roots                     8397 us
[2026-04-03T03:27:45.797+0600][55.757s][info][gc,stats    ]   Rendezvous                        401 us
[2026-04-03T03:27:45.797+0600][55.757s][info][gc,stats    ]   Purge Unlinked                    207 us
[2026-04-03T03:27:45.797+0600][55.757s][info][gc,stats    ]     Code Roots                      190 us
[2026-04-03T03:27:45.797+0600][55.757s][info][gc,stats    ]     CLDG                             16 us
[2026-04-03T03:27:45.797+0600][55.757s][info][gc,stats    ]     Exception Caches                  0 us
[2026-04-03T03:27:45.797+0600][55.757s][info][gc,stats    ] Concurrent Strong Roots            1064 us, parallelism: 0.57x
[2026-04-03T03:27:45.797+0600][55.757s][info][gc,stats    ]   CSR: <total>                      612 us
[2026-04-03T03:27:45.797+0600][55.757s][info][gc,stats    ]   CSR: VM Strong Roots               44 us, workers (us):  23,  19,   2, ---, ---, ---, 
[2026-04-03T03:27:45.797+0600][55.757s][info][gc,stats    ]   CSR: CLDG Roots                   568 us, workers (us): ---, 568, ---, ---, ---, ---, 
[2026-04-03T03:27:45.797+0600][55.757s][info][gc,stats    ] Concurrent Evacuation             38670 us
[2026-04-03T03:27:45.797+0600][55.757s][info][gc,stats    ] Pause Init Update Refs (G)          615 us
[2026-04-03T03:27:45.797+0600][55.757s][info][gc,stats    ] Pause Init Update Refs (N)          323 us
[2026-04-03T03:27:45.797+0600][55.757s][info][gc,stats    ]   Manage GCLABs                      78 us
[2026-04-03T03:27:45.797+0600][55.757s][info][gc,stats    ] Concurrent Update Refs           270263 us
[2026-04-03T03:27:45.797+0600][55.757s][info][gc,stats    ] Concurrent Update Thread Roots     1318 us
[2026-04-03T03:27:45.797+0600][55.757s][info][gc,stats    ] Pause Final Update Refs (G)         561 us
[2026-04-03T03:27:45.797+0600][55.757s][info][gc,stats    ] Pause Final Update Refs (N)         277 us
[2026-04-03T03:27:45.797+0600][55.757s][info][gc,stats    ]   Update Region States               41 us
[2026-04-03T03:27:45.797+0600][55.757s][info][gc,stats    ]   Trash Collection Set               14 us
[2026-04-03T03:27:45.797+0600][55.757s][info][gc,stats    ]   Rebuild Free Set                   33 us
[2026-04-03T03:27:45.797+0600][55.757s][info][gc,stats    ] Concurrent Cleanup                  296 us
[2026-04-03T03:27:45.797+0600][55.757s][info][gc,stats    ] 
[2026-04-03T03:27:45.797+0600][55.757s][info][gc,stats    ] Allocation pacing accrued:
[2026-04-03T03:27:45.797+0600][55.757s][info][gc,stats    ]       0 of  1032 ms (  0.0%): <total>
[2026-04-03T03:27:45.797+0600][55.757s][info][gc,stats    ]       0 of  1032 ms (  0.0%): <average total>
[2026-04-03T03:27:45.797+0600][55.757s][info][gc,stats    ] 
[2026-04-03T03:27:45.797+0600][55.757s][info][gc,metaspace] Metaspace: 72979K(73856K)->72979K(73856K) NonClass: 63708K(64192K)->63708K(64192K) Class: 9270K(9664K)->9270K(9664K)
[2026-04-03T03:27:45.797+0600][55.757s][info][gc,ergo     ] Pacer for Idle. Initial: 25600K, Alloc Tax Rate: 1.0x
[2026-04-03T03:27:46.404+0600][56.364s][info][gc          ] Trigger: Average GC time (1088.87 ms) is above the time for average allocation rate (466 MB/s) to deplete free headroom (498M) (margin of error = 1.77)
[2026-04-03T03:27:46.404+0600][56.364s][info][gc,ergo     ] Free headroom: 560M (free) - 64000K (spike) - 0B (penalties) = 498M
[2026-04-03T03:27:46.404+0600][56.364s][info][gc,ergo     ] Free: 560M, Max: 512K regular, 206M humongous, Frag: 64% external, 0% internal; Reserve: 64000K, Max: 512K
[2026-04-03T03:27:46.404+0600][56.364s][info][gc,start    ] GC(57) Concurrent reset
[2026-04-03T03:27:46.404+0600][56.364s][info][gc,task     ] GC(57) Using 3 of 6 workers for concurrent reset
[2026-04-03T03:27:46.404+0600][56.364s][info][gc,ergo     ] GC(57) Pacer for Reset. Non-Taxable: 1250M
[2026-04-03T03:27:46.406+0600][56.366s][info][gc          ] GC(57) Concurrent reset 2.181ms
[2026-04-03T03:27:46.406+0600][56.366s][info][gc,start    ] GC(57) Pause Init Mark (unload classes)
[2026-04-03T03:27:46.406+0600][56.366s][info][gc,task     ] GC(57) Using 6 of 6 workers for init marking
[2026-04-03T03:27:46.406+0600][56.366s][info][gc,ergo     ] GC(57) Pacer for Mark. Expected Live: 283M, Free: 559M, Non-Taxable: 57296K, Alloc Tax Rate: 0.6x
[2026-04-03T03:27:46.406+0600][56.366s][info][gc          ] GC(57) Pause Init Mark (unload classes) 0.157ms
[2026-04-03T03:27:46.407+0600][56.367s][info][gc,start    ] GC(57) Concurrent marking roots
[2026-04-03T03:27:46.407+0600][56.367s][info][gc,task     ] GC(57) Using 3 of 6 workers for concurrent marking roots
[2026-04-03T03:27:46.408+0600][56.368s][info][gc          ] GC(57) Concurrent marking roots 0.995ms
[2026-04-03T03:27:46.408+0600][56.368s][info][gc,start    ] GC(57) Concurrent marking (unload classes)
[2026-04-03T03:27:46.408+0600][56.368s][info][gc,task     ] GC(57) Using 3 of 6 workers for concurrent marking
[2026-04-03T03:27:46.700+0600][56.660s][info][gc          ] GC(57) Concurrent marking (unload classes) 292.334ms
[2026-04-03T03:27:46.700+0600][56.660s][info][gc,start    ] GC(57) Pause Final Mark (unload classes)
[2026-04-03T03:27:46.700+0600][56.660s][info][gc,task     ] GC(57) Using 6 of 6 workers for final marking
[2026-04-03T03:27:46.701+0600][56.661s][info][gc,ergo     ] GC(57) Adaptive CSet Selection. Target Free: 177M, Actual Free: 884M, Max CSet: 53333K, Min Garbage: 0B
[2026-04-03T03:27:46.701+0600][56.661s][info][gc,ergo     ] GC(57) Collectable Garbage: 431M (98%), Immediate: 346M (78%), CSet: 86991K (19%)
[2026-04-03T03:27:46.701+0600][56.661s][info][gc,ergo     ] GC(57) Pacer for Evacuation. Used CSet: 107M, Free: 834M, Non-Taxable: 85456K, Alloc Tax Rate: 1.1x
[2026-04-03T03:27:46.701+0600][56.661s][info][gc          ] GC(57) Pause Final Mark (unload classes) 0.800ms
[2026-04-03T03:27:46.701+0600][56.661s][info][gc,start    ] GC(57) Concurrent thread roots
[2026-04-03T03:27:46.701+0600][56.661s][info][gc,task     ] GC(57) Using 3 of 6 workers for Concurrent thread roots
[2026-04-03T03:27:46.702+0600][56.662s][info][gc          ] GC(57) Concurrent thread roots 0.825ms
[2026-04-03T03:27:46.702+0600][56.662s][info][gc,start    ] GC(57) Concurrent weak references
[2026-04-03T03:27:46.702+0600][56.662s][info][gc,task     ] GC(57) Using 3 of 6 workers for concurrent weak references
[2026-04-03T03:27:46.702+0600][56.662s][info][gc,ref      ] GC(57) Encountered references: Soft: 3281, Weak: 6595, Final: 84, Phantom: 601
[2026-04-03T03:27:46.702+0600][56.662s][info][gc,ref      ] GC(57) Discovered  references: Soft: 0, Weak: 614, Final: 0, Phantom: 214
[2026-04-03T03:27:46.702+0600][56.662s][info][gc,ref      ] GC(57) Enqueued    references: Soft: 0, Weak: 110, Final: 0, Phantom: 0
[2026-04-03T03:27:46.702+0600][56.662s][info][gc          ] GC(57) Concurrent weak references 0.377ms
[2026-04-03T03:27:46.702+0600][56.662s][info][gc,start    ] GC(57) Concurrent weak roots
[2026-04-03T03:27:46.702+0600][56.662s][info][gc,task     ] GC(57) Using 3 of 6 workers for concurrent weak root
[2026-04-03T03:27:46.705+0600][56.665s][info][gc          ] GC(57) Concurrent weak roots 2.402ms
[2026-04-03T03:27:46.705+0600][56.665s][info][gc,start    ] GC(57) Concurrent cleanup
[2026-04-03T03:27:46.705+0600][56.665s][info][gc          ] GC(57) Concurrent cleanup 695M->349M(1023M) 0.491ms
[2026-04-03T03:27:46.705+0600][56.665s][info][gc,ergo     ] GC(57) Free: 832M, Max: 512K regular, 226M humongous, Frag: 73% external, 0% internal; Reserve: 64346K, Max: 512K
[2026-04-03T03:27:46.705+0600][56.665s][info][gc,start    ] GC(57) Concurrent class unloading
[2026-04-03T03:27:46.705+0600][56.665s][info][gc,task     ] GC(57) Using 3 of 6 workers for concurrent class unloading
[2026-04-03T03:27:46.712+0600][56.672s][info][gc          ] GC(57) Concurrent class unloading 6.102ms
[2026-04-03T03:27:46.712+0600][56.672s][info][gc,start    ] GC(57) Concurrent strong roots
[2026-04-03T03:27:46.712+0600][56.672s][info][gc,task     ] GC(57) Using 3 of 6 workers for concurrent strong root
[2026-04-03T03:27:46.712+0600][56.672s][info][gc          ] GC(57) Concurrent strong roots 0.525ms
[2026-04-03T03:27:46.712+0600][56.672s][info][gc,start    ] GC(57) Concurrent evacuation
[2026-04-03T03:27:46.712+0600][56.672s][info][gc,task     ] GC(57) Using 3 of 6 workers for concurrent evacuation
[2026-04-03T03:27:46.733+0600][56.693s][info][gc          ] GC(57) Concurrent evacuation 20.711ms
[2026-04-03T03:27:46.733+0600][56.693s][info][gc,start    ] GC(57) Pause Init Update Refs
[2026-04-03T03:27:46.733+0600][56.693s][info][gc,ergo     ] GC(57) Pacer for Update Refs. Used: 390M, Free: 813M, Non-Taxable: 83255K, Alloc Tax Rate: 1.1x
[2026-04-03T03:27:46.733+0600][56.693s][info][gc          ] GC(57) Pause Init Update Refs 0.110ms
[2026-04-03T03:27:46.733+0600][56.693s][info][gc,start    ] GC(57) Concurrent update references
[2026-04-03T03:27:46.733+0600][56.694s][info][gc,task     ] GC(57) Using 3 of 6 workers for concurrent reference update
[2026-04-03T03:27:46.870+0600][56.830s][info][gc          ] GC(57) Concurrent update references 136.866ms
[2026-04-03T03:27:46.870+0600][56.830s][info][gc,start    ] GC(57) Concurrent update thread roots
[2026-04-03T03:27:46.872+0600][56.832s][info][gc          ] GC(57) Concurrent update thread roots 1.638ms
[2026-04-03T03:27:46.872+0600][56.832s][info][gc,start    ] GC(57) Pause Final Update Refs
[2026-04-03T03:27:46.872+0600][56.832s][info][gc,task     ] GC(57) Using 6 of 6 workers for final reference update
[2026-04-03T03:27:46.873+0600][56.833s][info][gc          ] GC(57) Pause Final Update Refs 0.217ms
[2026-04-03T03:27:46.873+0600][56.833s][info][gc,start    ] GC(57) Concurrent cleanup
[2026-04-03T03:27:46.873+0600][56.833s][info][gc          ] GC(57) Concurrent cleanup 472M->369M(1023M) 0.596ms
[2026-04-03T03:27:46.873+0600][56.833s][info][gc,ergo     ] Free: 807M, Max: 512K regular, 228M humongous, Frag: 72% external, 0% internal; Reserve: 64000K, Max: 512K
[2026-04-03T03:27:46.873+0600][56.834s][info][gc,stats    ] 
[2026-04-03T03:27:46.873+0600][56.834s][info][gc,stats    ] All times are wall-clock times, except per-root-class counters, that are sum over
[2026-04-03T03:27:46.873+0600][56.834s][info][gc,stats    ] all workers. Dividing the <total> over the root stage time estimates parallelism.
[2026-04-03T03:27:46.874+0600][56.834s][info][gc,stats    ] 
[2026-04-03T03:27:46.874+0600][56.834s][info][gc,stats    ] Concurrent Reset                   2276 us
[2026-04-03T03:27:46.874+0600][56.834s][info][gc,stats    ] Pause Init Mark (G)                 512 us
[2026-04-03T03:27:46.874+0600][56.834s][info][gc,stats    ] Pause Init Mark (N)                 175 us
[2026-04-03T03:27:46.874+0600][56.834s][info][gc,stats    ]   Update Region States               28 us
[2026-04-03T03:27:46.874+0600][56.834s][info][gc,stats    ] Concurrent Mark Roots              1036 us, parallelism: 1.84x
[2026-04-03T03:27:46.874+0600][56.834s][info][gc,stats    ]   CMR: <total>                     1903 us
[2026-04-03T03:27:46.874+0600][56.834s][info][gc,stats    ]   CMR: Thread Roots                1662 us, workers (us): 624, 617, 420, ---, ---, ---, 
[2026-04-03T03:27:46.874+0600][56.834s][info][gc,stats    ]   CMR: VM Strong Roots               46 us, workers (us):  32,   8,   7, ---, ---, ---, 
[2026-04-03T03:27:46.874+0600][56.834s][info][gc,stats    ]   CMR: CLDG Roots                   195 us, workers (us): ---, ---, 195, ---, ---, ---, 
[2026-04-03T03:27:46.874+0600][56.834s][info][gc,stats    ] Concurrent Marking               292422 us
[2026-04-03T03:27:46.874+0600][56.834s][info][gc,stats    ] Pause Final Mark (G)               1113 us
[2026-04-03T03:27:46.874+0600][56.834s][info][gc,stats    ] Pause Final Mark (N)                815 us
[2026-04-03T03:27:46.874+0600][56.834s][info][gc,stats    ]   Finish Mark                       212 us
[2026-04-03T03:27:46.874+0600][56.834s][info][gc,stats    ]   Update Region States               42 us
[2026-04-03T03:27:46.874+0600][56.834s][info][gc,stats    ]   Choose Collection Set             356 us
[2026-04-03T03:27:46.874+0600][56.834s][info][gc,stats    ]   Rebuild Free Set                   55 us
[2026-04-03T03:27:46.874+0600][56.834s][info][gc,stats    ] Concurrent Thread Roots             863 us, parallelism: 2.17x
[2026-04-03T03:27:46.874+0600][56.834s][info][gc,stats    ]   CTR: <total>                     1872 us
[2026-04-03T03:27:46.874+0600][56.834s][info][gc,stats    ]   CTR: Thread Roots                1872 us, workers (us): 675, 617, 580, ---, ---, ---, 
[2026-04-03T03:27:46.874+0600][56.834s][info][gc,stats    ] Concurrent Weak References          392 us, parallelism: 0.47x
[2026-04-03T03:27:46.874+0600][56.834s][info][gc,stats    ]   CWRF: <total>                     183 us
[2026-04-03T03:27:46.874+0600][56.834s][info][gc,stats    ]   CWRF: Weak References             183 us, workers (us): 143,  39,   2, ---, ---, ---, 
[2026-04-03T03:27:46.874+0600][56.834s][info][gc,stats    ] Concurrent Weak Roots              2467 us
[2026-04-03T03:27:46.874+0600][56.834s][info][gc,stats    ]   Roots                            1929 us, parallelism: 2.45x
[2026-04-03T03:27:46.874+0600][56.834s][info][gc,stats    ]     CWR: <total>                   4728 us
[2026-04-03T03:27:46.874+0600][56.834s][info][gc,stats    ]     CWR: Code Cache Roots          3059 us, workers (us): 935, 1057, 1068, ---, ---, ---, 
[2026-04-03T03:27:46.874+0600][56.834s][info][gc,stats    ]     CWR: VM Weak Roots             1601 us, workers (us): 582, 553, 466, ---, ---, ---, 
[2026-04-03T03:27:46.874+0600][56.834s][info][gc,stats    ]     CWR: CLDG Roots                  67 us, workers (us):  67, ---, ---, ---, ---, ---, 
[2026-04-03T03:27:46.874+0600][56.834s][info][gc,stats    ]   Rendezvous                        421 us
[2026-04-03T03:27:46.874+0600][56.834s][info][gc,stats    ] Concurrent Cleanup                  508 us
[2026-04-03T03:27:46.874+0600][56.834s][info][gc,stats    ] Concurrent Class Unloading         6173 us
[2026-04-03T03:27:46.874+0600][56.834s][info][gc,stats    ]   Unlink Stale                     5690 us
[2026-04-03T03:27:46.874+0600][56.834s][info][gc,stats    ]     System Dictionary                81 us
[2026-04-03T03:27:46.874+0600][56.834s][info][gc,stats    ]     Weak Class Links                  0 us
[2026-04-03T03:27:46.874+0600][56.834s][info][gc,stats    ]     Code Roots                     5605 us
[2026-04-03T03:27:46.874+0600][56.834s][info][gc,stats    ]   Rendezvous                        213 us
[2026-04-03T03:27:46.874+0600][56.834s][info][gc,stats    ]   Purge Unlinked                    177 us
[2026-04-03T03:27:46.874+0600][56.834s][info][gc,stats    ]     Code Roots                      168 us
[2026-04-03T03:27:46.874+0600][56.834s][info][gc,stats    ]     CLDG                              8 us
[2026-04-03T03:27:46.874+0600][56.834s][info][gc,stats    ]     Exception Caches                  0 us
[2026-04-03T03:27:46.874+0600][56.834s][info][gc,stats    ] Concurrent Strong Roots             555 us, parallelism: 0.57x
[2026-04-03T03:27:46.874+0600][56.834s][info][gc,stats    ]   CSR: <total>                      317 us
[2026-04-03T03:27:46.874+0600][56.834s][info][gc,stats    ]   CSR: VM Strong Roots               38 us, workers (us):  19,  18,   0, ---, ---, ---, 
[2026-04-03T03:27:46.874+0600][56.834s][info][gc,stats    ]   CSR: CLDG Roots                   279 us, workers (us): ---, 279, ---, ---, ---, ---, 
[2026-04-03T03:27:46.874+0600][56.834s][info][gc,stats    ] Concurrent Evacuation             20759 us
[2026-04-03T03:27:46.874+0600][56.834s][info][gc,stats    ] Pause Init Update Refs (G)          481 us
[2026-04-03T03:27:46.874+0600][56.834s][info][gc,stats    ] Pause Init Update Refs (N)          122 us
[2026-04-03T03:27:46.874+0600][56.834s][info][gc,stats    ]   Manage GCLABs                      17 us
[2026-04-03T03:27:46.874+0600][56.834s][info][gc,stats    ] Concurrent Update Refs           136954 us
[2026-04-03T03:27:46.874+0600][56.834s][info][gc,stats    ] Concurrent Update Thread Roots     1702 us
[2026-04-03T03:27:46.874+0600][56.834s][info][gc,stats    ] Pause Final Update Refs (G)         674 us
[2026-04-03T03:27:46.874+0600][56.834s][info][gc,stats    ] Pause Final Update Refs (N)         238 us
[2026-04-03T03:27:46.874+0600][56.834s][info][gc,stats    ]   Update Region States               56 us
[2026-04-03T03:27:46.874+0600][56.834s][info][gc,stats    ]   Trash Collection Set               12 us
[2026-04-03T03:27:46.874+0600][56.834s][info][gc,stats    ]   Rebuild Free Set                   36 us
[2026-04-03T03:27:46.874+0600][56.834s][info][gc,stats    ] Concurrent Cleanup                  621 us
[2026-04-03T03:27:46.874+0600][56.834s][info][gc,stats    ] Pacing                           151228 us
[2026-04-03T03:27:46.874+0600][56.834s][info][gc,stats    ] 
[2026-04-03T03:27:46.874+0600][56.834s][info][gc,stats    ] Allocation pacing accrued:
[2026-04-03T03:27:46.874+0600][56.834s][info][gc,stats    ]      55 of  1077 ms (  5.1%): Executor task launch worker for task 0.0 in stage 28.0 (TID 42)
[2026-04-03T03:27:46.874+0600][56.834s][info][gc,stats    ]      52 of  1077 ms (  4.8%): Executor task launch worker for task 2.0 in stage 28.0 (TID 44)
[2026-04-03T03:27:46.874+0600][56.834s][info][gc,stats    ]      45 of  1077 ms (  4.1%): Executor task launch worker for task 1.0 in stage 28.0 (TID 43)
[2026-04-03T03:27:46.874+0600][56.834s][info][gc,stats    ]     151 of  1077 ms ( 14.0%): <total>
[2026-04-03T03:27:46.874+0600][56.834s][info][gc,stats    ]       1 of  1077 ms (  0.1%): <average total>
[2026-04-03T03:27:46.874+0600][56.834s][info][gc,stats    ]      50 of  1077 ms (  4.7%): <average non-zero>
[2026-04-03T03:27:46.874+0600][56.834s][info][gc,stats    ] 
[2026-04-03T03:27:46.874+0600][56.834s][info][gc,metaspace] Metaspace: 73029K(73856K)->73031K(73856K) NonClass: 63755K(64192K)->63757K(64192K) Class: 9274K(9664K)->9274K(9664K)
[2026-04-03T03:27:46.874+0600][56.834s][info][gc,ergo     ] Pacer for Idle. Initial: 25600K, Alloc Tax Rate: 1.0x
[2026-04-03T03:27:47.071+0600][57.031s][info][gc          ] Trigger: Average GC time (988.86 ms) is above the time for average allocation rate (608 MB/s) to deplete free headroom (600M) (margin of error = 1.76)
[2026-04-03T03:27:47.071+0600][57.031s][info][gc,ergo     ] Free headroom: 662M (free) - 64000K (spike) - 0B (penalties) = 600M
[2026-04-03T03:27:47.071+0600][57.031s][info][gc,ergo     ] Free: 662M, Max: 512K regular, 228M humongous, Frag: 66% external, 0% internal; Reserve: 64000K, Max: 512K
[2026-04-03T03:27:47.071+0600][57.032s][info][gc,start    ] GC(58) Concurrent reset
[2026-04-03T03:27:47.071+0600][57.032s][info][gc,task     ] GC(58) Using 3 of 6 workers for concurrent reset
[2026-04-03T03:27:47.072+0600][57.032s][info][gc,ergo     ] GC(58) Pacer for Reset. Non-Taxable: 1250M
[2026-04-03T03:27:47.073+0600][57.033s][info][gc          ] GC(58) Concurrent reset 1.074ms
[2026-04-03T03:27:47.073+0600][57.033s][info][gc,start    ] GC(58) Pause Init Mark (unload classes)
[2026-04-03T03:27:47.073+0600][57.033s][info][gc,task     ] GC(58) Using 6 of 6 workers for init marking
[2026-04-03T03:27:47.073+0600][57.033s][info][gc,ergo     ] GC(58) Pacer for Mark. Expected Live: 270M, Free: 661M, Non-Taxable: 67725K, Alloc Tax Rate: 0.5x
[2026-04-03T03:27:47.073+0600][57.033s][info][gc          ] GC(58) Pause Init Mark (unload classes) 0.170ms
[2026-04-03T03:27:47.073+0600][57.033s][info][gc,start    ] GC(58) Concurrent marking roots
[2026-04-03T03:27:47.073+0600][57.033s][info][gc,task     ] GC(58) Using 3 of 6 workers for concurrent marking roots
[2026-04-03T03:27:47.074+0600][57.034s][info][gc          ] GC(58) Concurrent marking roots 1.008ms
[2026-04-03T03:27:47.074+0600][57.034s][info][gc,start    ] GC(58) Concurrent marking (unload classes)
[2026-04-03T03:27:47.074+0600][57.034s][info][gc,task     ] GC(58) Using 3 of 6 workers for concurrent marking
[2026-04-03T03:27:47.349+0600][57.309s][info][gc          ] GC(58) Concurrent marking (unload classes) 274.915ms
[2026-04-03T03:27:47.349+0600][57.309s][info][gc,start    ] GC(58) Pause Final Mark (unload classes)
[2026-04-03T03:27:47.349+0600][57.309s][info][gc,task     ] GC(58) Using 6 of 6 workers for final marking
[2026-04-03T03:27:47.350+0600][57.310s][info][gc,ergo     ] GC(58) Adaptive CSet Selection. Target Free: 177M, Actual Free: 618M, Max CSet: 53333K, Min Garbage: 0B
[2026-04-03T03:27:47.350+0600][57.310s][info][gc,ergo     ] GC(58) Collectable Garbage: 245M (90%), Immediate: 30208K (10%), CSet: 216M (79%)
[2026-04-03T03:27:47.350+0600][57.310s][info][gc,ergo     ] GC(58) Pacer for Evacuation. Used CSet: 268M, Free: 563M, Non-Taxable: 57715K, Alloc Tax Rate: 1.2x
[2026-04-03T03:27:47.350+0600][57.310s][info][gc          ] GC(58) Pause Final Mark (unload classes) 0.943ms
[2026-04-03T03:27:47.350+0600][57.310s][info][gc,start    ] GC(58) Concurrent thread roots
[2026-04-03T03:27:47.350+0600][57.310s][info][gc,task     ] GC(58) Using 3 of 6 workers for Concurrent thread roots
[2026-04-03T03:27:47.351+0600][57.311s][info][gc          ] GC(58) Concurrent thread roots 1.042ms
[2026-04-03T03:27:47.351+0600][57.312s][info][gc,start    ] GC(58) Concurrent weak references
[2026-04-03T03:27:47.352+0600][57.312s][info][gc,task     ] GC(58) Using 3 of 6 workers for concurrent weak references
[2026-04-03T03:27:47.352+0600][57.312s][info][gc,ref      ] GC(58) Encountered references: Soft: 3284, Weak: 6494, Final: 84, Phantom: 599
[2026-04-03T03:27:47.352+0600][57.312s][info][gc,ref      ] GC(58) Discovered  references: Soft: 0, Weak: 879, Final: 0, Phantom: 596
[2026-04-03T03:27:47.352+0600][57.312s][info][gc,ref      ] GC(58) Enqueued    references: Soft: 0, Weak: 78, Final: 0, Phantom: 0
[2026-04-03T03:27:47.352+0600][57.312s][info][gc          ] GC(58) Concurrent weak references 0.377ms
[2026-04-03T03:27:47.352+0600][57.312s][info][gc,start    ] GC(58) Concurrent weak roots
[2026-04-03T03:27:47.352+0600][57.312s][info][gc,task     ] GC(58) Using 3 of 6 workers for concurrent weak root
[2026-04-03T03:27:47.355+0600][57.315s][info][gc          ] GC(58) Concurrent weak roots 2.721ms
[2026-04-03T03:27:47.355+0600][57.315s][info][gc,start    ] GC(58) Concurrent cleanup
[2026-04-03T03:27:47.355+0600][57.315s][info][gc          ] GC(58) Concurrent cleanup 649M->620M(1023M) 0.219ms
[2026-04-03T03:27:47.355+0600][57.315s][info][gc,ergo     ] GC(58) Free: 559M, Max: 512K regular, 228M humongous, Frag: 60% external, 0% internal; Reserve: 63673K, Max: 512K
[2026-04-03T03:27:47.355+0600][57.315s][info][gc,start    ] GC(58) Concurrent class unloading
[2026-04-03T03:27:47.355+0600][57.315s][info][gc,task     ] GC(58) Using 3 of 6 workers for concurrent class unloading
[2026-04-03T03:27:47.362+0600][57.322s][info][gc          ] GC(58) Concurrent class unloading 7.378ms
[2026-04-03T03:27:47.362+0600][57.322s][info][gc,start    ] GC(58) Concurrent strong roots
[2026-04-03T03:27:47.362+0600][57.322s][info][gc,task     ] GC(58) Using 3 of 6 workers for concurrent strong root
[2026-04-03T03:27:47.363+0600][57.323s][info][gc          ] GC(58) Concurrent strong roots 0.872ms
[2026-04-03T03:27:47.363+0600][57.323s][info][gc,start    ] GC(58) Concurrent evacuation
[2026-04-03T03:27:47.363+0600][57.323s][info][gc,task     ] GC(58) Using 3 of 6 workers for concurrent evacuation
[2026-04-03T03:27:47.403+0600][57.363s][info][gc          ] GC(58) Concurrent evacuation 40.028ms
[2026-04-03T03:27:47.404+0600][57.364s][info][gc,start    ] GC(58) Pause Init Update Refs
[2026-04-03T03:27:47.404+0600][57.364s][info][gc,ergo     ] GC(58) Pacer for Update Refs. Used: 702M, Free: 530M, Non-Taxable: 54310K, Alloc Tax Rate: 1.6x
[2026-04-03T03:27:47.404+0600][57.364s][info][gc          ] GC(58) Pause Init Update Refs 0.386ms
[2026-04-03T03:27:47.404+0600][57.364s][info][gc,start    ] GC(58) Concurrent update references
[2026-04-03T03:27:47.405+0600][57.365s][info][gc,task     ] GC(58) Using 3 of 6 workers for concurrent reference update
[2026-04-03T03:27:47.589+0600][57.549s][info][gc          ] GC(58) Concurrent update references 184.724ms
[2026-04-03T03:27:47.589+0600][57.549s][info][gc,start    ] GC(58) Concurrent update thread roots
[2026-04-03T03:27:47.591+0600][57.551s][info][gc          ] GC(58) Concurrent update thread roots 1.323ms
[2026-04-03T03:27:47.591+0600][57.551s][info][gc,start    ] GC(58) Pause Final Update Refs
[2026-04-03T03:27:47.591+0600][57.551s][info][gc,task     ] GC(58) Using 6 of 6 workers for final reference update
[2026-04-03T03:27:47.591+0600][57.551s][info][gc          ] GC(58) Pause Final Update Refs 0.249ms
[2026-04-03T03:27:47.591+0600][57.551s][info][gc,start    ] GC(58) Concurrent cleanup
[2026-04-03T03:27:47.592+0600][57.552s][info][gc          ] GC(58) Concurrent cleanup 839M->571M(1023M) 0.651ms
[2026-04-03T03:27:47.592+0600][57.552s][info][gc,ergo     ] Free: 606M, Max: 512K regular, 228M humongous, Frag: 63% external, 0% internal; Reserve: 64000K, Max: 512K
[2026-04-03T03:27:47.592+0600][57.552s][info][gc,stats    ] 
[2026-04-03T03:27:47.592+0600][57.552s][info][gc,stats    ] All times are wall-clock times, except per-root-class counters, that are sum over
[2026-04-03T03:27:47.592+0600][57.552s][info][gc,stats    ] all workers. Dividing the <total> over the root stage time estimates parallelism.
[2026-04-03T03:27:47.592+0600][57.552s][info][gc,stats    ] 
[2026-04-03T03:27:47.592+0600][57.552s][info][gc,stats    ] Concurrent Reset                   1140 us
[2026-04-03T03:27:47.592+0600][57.552s][info][gc,stats    ] Pause Init Mark (G)                 476 us
[2026-04-03T03:27:47.592+0600][57.552s][info][gc,stats    ] Pause Init Mark (N)                 184 us
[2026-04-03T03:27:47.592+0600][57.552s][info][gc,stats    ]   Update Region States               36 us
[2026-04-03T03:27:47.592+0600][57.552s][info][gc,stats    ] Concurrent Mark Roots              1059 us, parallelism: 1.69x
[2026-04-03T03:27:47.592+0600][57.552s][info][gc,stats    ]   CMR: <total>                     1790 us
[2026-04-03T03:27:47.592+0600][57.552s][info][gc,stats    ]   CMR: Thread Roots                1557 us, workers (us): 389, 600, 568, ---, ---, ---, 
[2026-04-03T03:27:47.592+0600][57.552s][info][gc,stats    ]   CMR: VM Strong Roots               43 us, workers (us):  21,  21,   1, ---, ---, ---, 
[2026-04-03T03:27:47.592+0600][57.552s][info][gc,stats    ]   CMR: CLDG Roots                   190 us, workers (us): 190, ---, ---, ---, ---, ---, 
[2026-04-03T03:27:47.592+0600][57.552s][info][gc,stats    ] Concurrent Marking               275018 us
[2026-04-03T03:27:47.592+0600][57.552s][info][gc,stats    ] Pause Final Mark (G)               1209 us
[2026-04-03T03:27:47.592+0600][57.552s][info][gc,stats    ] Pause Final Mark (N)                960 us
[2026-04-03T03:27:47.592+0600][57.552s][info][gc,stats    ]   Finish Mark                       341 us
[2026-04-03T03:27:47.592+0600][57.552s][info][gc,stats    ]   Update Region States               59 us
[2026-04-03T03:27:47.592+0600][57.552s][info][gc,stats    ]   Choose Collection Set             377 us
[2026-04-03T03:27:47.592+0600][57.552s][info][gc,stats    ]   Rebuild Free Set                   37 us
[2026-04-03T03:27:47.592+0600][57.552s][info][gc,stats    ] Concurrent Thread Roots            1094 us, parallelism: 2.18x
[2026-04-03T03:27:47.592+0600][57.552s][info][gc,stats    ]   CTR: <total>                     2384 us
[2026-04-03T03:27:47.592+0600][57.552s][info][gc,stats    ]   CTR: Thread Roots                2384 us, workers (us): 828, 819, 737, ---, ---, ---, 
[2026-04-03T03:27:47.592+0600][57.552s][info][gc,stats    ] Concurrent Weak References          391 us, parallelism: 0.87x
[2026-04-03T03:27:47.592+0600][57.552s][info][gc,stats    ]   CWRF: <total>                     341 us
[2026-04-03T03:27:47.592+0600][57.552s][info][gc,stats    ]   CWRF: Weak References             341 us, workers (us): 156,  10, 174, ---, ---, ---, 
[2026-04-03T03:27:47.592+0600][57.552s][info][gc,stats    ] Concurrent Weak Roots              2794 us
[2026-04-03T03:27:47.592+0600][57.552s][info][gc,stats    ]   Roots                            2415 us, parallelism: 2.59x
[2026-04-03T03:27:47.592+0600][57.552s][info][gc,stats    ]     CWR: <total>                   6254 us
[2026-04-03T03:27:47.592+0600][57.552s][info][gc,stats    ]     CWR: Code Cache Roots          4278 us, workers (us): 1469, 1512, 1297, ---, ---, ---, 
[2026-04-03T03:27:47.592+0600][57.552s][info][gc,stats    ]     CWR: VM Weak Roots             1829 us, workers (us): 641, 624, 564, ---, ---, ---, 
[2026-04-03T03:27:47.592+0600][57.552s][info][gc,stats    ]     CWR: CLDG Roots                 147 us, workers (us): ---, ---, 147, ---, ---, ---, 
[2026-04-03T03:27:47.592+0600][57.552s][info][gc,stats    ]   Rendezvous                        276 us
[2026-04-03T03:27:47.592+0600][57.552s][info][gc,stats    ] Concurrent Cleanup                  236 us
[2026-04-03T03:27:47.592+0600][57.552s][info][gc,stats    ] Concurrent Class Unloading         7474 us
[2026-04-03T03:27:47.592+0600][57.552s][info][gc,stats    ]   Unlink Stale                     6889 us
[2026-04-03T03:27:47.592+0600][57.552s][info][gc,stats    ]     System Dictionary               115 us
[2026-04-03T03:27:47.592+0600][57.552s][info][gc,stats    ]     Weak Class Links                  0 us
[2026-04-03T03:27:47.592+0600][57.552s][info][gc,stats    ]     Code Roots                     6769 us
[2026-04-03T03:27:47.592+0600][57.552s][info][gc,stats    ]   Rendezvous                        362 us
[2026-04-03T03:27:47.592+0600][57.552s][info][gc,stats    ]   Purge Unlinked                     92 us
[2026-04-03T03:27:47.592+0600][57.552s][info][gc,stats    ]     Code Roots                       81 us
[2026-04-03T03:27:47.592+0600][57.552s][info][gc,stats    ]     CLDG                             10 us
[2026-04-03T03:27:47.592+0600][57.552s][info][gc,stats    ]     Exception Caches                  0 us
[2026-04-03T03:27:47.592+0600][57.552s][info][gc,stats    ] Concurrent Strong Roots             970 us, parallelism: 0.49x
[2026-04-03T03:27:47.592+0600][57.552s][info][gc,stats    ]   CSR: <total>                      480 us
[2026-04-03T03:27:47.592+0600][57.552s][info][gc,stats    ]   CSR: VM Strong Roots               47 us, workers (us):  37,  10,   0, ---, ---, ---, 
[2026-04-03T03:27:47.592+0600][57.552s][info][gc,stats    ]   CSR: CLDG Roots                   433 us, workers (us): 433, ---, ---, ---, ---, ---, 
[2026-04-03T03:27:47.592+0600][57.552s][info][gc,stats    ] Concurrent Evacuation             40115 us
[2026-04-03T03:27:47.592+0600][57.552s][info][gc,stats    ] Pause Init Update Refs (G)          898 us
[2026-04-03T03:27:47.592+0600][57.552s][info][gc,stats    ] Pause Init Update Refs (N)          413 us
[2026-04-03T03:27:47.592+0600][57.552s][info][gc,stats    ]   Manage GCLABs                      59 us
[2026-04-03T03:27:47.592+0600][57.552s][info][gc,stats    ] Concurrent Update Refs           184805 us
[2026-04-03T03:27:47.592+0600][57.552s][info][gc,stats    ] Concurrent Update Thread Roots     1388 us
[2026-04-03T03:27:47.592+0600][57.552s][info][gc,stats    ] Pause Final Update Refs (G)         618 us
[2026-04-03T03:27:47.592+0600][57.552s][info][gc,stats    ] Pause Final Update Refs (N)         265 us
[2026-04-03T03:27:47.592+0600][57.552s][info][gc,stats    ]   Update Region States               87 us
[2026-04-03T03:27:47.592+0600][57.552s][info][gc,stats    ]   Trash Collection Set               16 us
[2026-04-03T03:27:47.592+0600][57.552s][info][gc,stats    ]   Rebuild Free Set                   39 us
[2026-04-03T03:27:47.592+0600][57.553s][info][gc,stats    ] Concurrent Cleanup                  675 us
[2026-04-03T03:27:47.592+0600][57.553s][info][gc,stats    ] Pacing                           404424 us
[2026-04-03T03:27:47.593+0600][57.553s][info][gc,stats    ] 
[2026-04-03T03:27:47.593+0600][57.553s][info][gc,stats    ] Allocation pacing accrued:
[2026-04-03T03:27:47.593+0600][57.553s][info][gc,stats    ]     131 of   719 ms ( 18.2%): Executor task launch worker for task 0.0 in stage 28.0 (TID 42)
[2026-04-03T03:27:47.593+0600][57.553s][info][gc,stats    ]     136 of   719 ms ( 18.9%): Executor task launch worker for task 2.0 in stage 28.0 (TID 44)
[2026-04-03T03:27:47.593+0600][57.553s][info][gc,stats    ]     138 of   719 ms ( 19.2%): Executor task launch worker for task 1.0 in stage 28.0 (TID 43)
[2026-04-03T03:27:47.593+0600][57.553s][info][gc,stats    ]     404 of   719 ms ( 56.3%): <total>
[2026-04-03T03:27:47.593+0600][57.553s][info][gc,stats    ]       2 of   719 ms (  0.3%): <average total>
[2026-04-03T03:27:47.593+0600][57.553s][info][gc,stats    ]     135 of   719 ms ( 18.8%): <average non-zero>
[2026-04-03T03:27:47.593+0600][57.553s][info][gc,stats    ] 
[2026-04-03T03:27:47.593+0600][57.553s][info][gc,metaspace] Metaspace: 73032K(73856K)->73032K(73856K) NonClass: 63758K(64192K)->63758K(64192K) Class: 9274K(9664K)->9274K(9664K)
[2026-04-03T03:27:47.593+0600][57.553s][info][gc,ergo     ] Pacer for Idle. Initial: 25600K, Alloc Tax Rate: 1.0x
[2026-04-03T03:27:47.623+0600][57.583s][info][gc          ] Trigger: Average GC time (848.79 ms) is above the time for average allocation rate (602 MB/s) to deplete free headroom (510M) (margin of error = 1.77)
[2026-04-03T03:27:47.623+0600][57.583s][info][gc,ergo     ] Free headroom: 573M (free) - 64000K (spike) - 0B (penalties) = 510M
[2026-04-03T03:27:47.623+0600][57.583s][info][gc,ergo     ] Free: 573M, Max: 512K regular, 228M humongous, Frag: 61% external, 0% internal; Reserve: 64000K, Max: 512K
[2026-04-03T03:27:47.623+0600][57.583s][info][gc,start    ] GC(59) Concurrent reset
[2026-04-03T03:27:47.623+0600][57.583s][info][gc,task     ] GC(59) Using 3 of 6 workers for concurrent reset
[2026-04-03T03:27:47.623+0600][57.583s][info][gc,ergo     ] GC(59) Pacer for Reset. Non-Taxable: 1250M
[2026-04-03T03:27:47.625+0600][57.585s][info][gc          ] GC(59) Concurrent reset 1.665ms
[2026-04-03T03:27:47.625+0600][57.585s][info][gc,start    ] GC(59) Pause Init Mark (unload classes)
[2026-04-03T03:27:47.625+0600][57.585s][info][gc,task     ] GC(59) Using 6 of 6 workers for init marking
[2026-04-03T03:27:47.625+0600][57.585s][info][gc,ergo     ] GC(59) Pacer for Mark. Expected Live: 266M, Free: 571M, Non-Taxable: 58560K, Alloc Tax Rate: 0.6x
[2026-04-03T03:27:47.625+0600][57.585s][info][gc          ] GC(59) Pause Init Mark (unload classes) 0.157ms
[2026-04-03T03:27:47.625+0600][57.585s][info][gc,start    ] GC(59) Concurrent marking roots
[2026-04-03T03:27:47.625+0600][57.585s][info][gc,task     ] GC(59) Using 3 of 6 workers for concurrent marking roots
[2026-04-03T03:27:47.626+0600][57.586s][info][gc          ] GC(59) Concurrent marking roots 1.110ms
[2026-04-03T03:27:47.626+0600][57.586s][info][gc,start    ] GC(59) Concurrent marking (unload classes)
[2026-04-03T03:27:47.626+0600][57.586s][info][gc,task     ] GC(59) Using 3 of 6 workers for concurrent marking
[2026-04-03T03:27:47.949+0600][57.909s][info][gc          ] GC(59) Concurrent marking (unload classes) 322.702ms
[2026-04-03T03:27:47.949+0600][57.909s][info][gc,start    ] GC(59) Pause Final Mark (unload classes)
[2026-04-03T03:27:47.949+0600][57.909s][info][gc,task     ] GC(59) Using 6 of 6 workers for final marking
[2026-04-03T03:27:47.950+0600][57.910s][info][gc,ergo     ] GC(59) Adaptive CSet Selection. Target Free: 177M, Actual Free: 534M, Max CSet: 53333K, Min Garbage: 0B
[2026-04-03T03:27:47.950+0600][57.910s][info][gc,ergo     ] GC(59) Collectable Garbage: 326M (95%), Immediate: 8704K (2%), CSet: 317M (93%)
[2026-04-03T03:27:47.950+0600][57.910s][info][gc,ergo     ] GC(59) Pacer for Evacuation. Used CSet: 369M, Free: 475M, Non-Taxable: 48729K, Alloc Tax Rate: 1.9x
[2026-04-03T03:27:47.950+0600][57.910s][info][gc          ] GC(59) Pause Final Mark (unload classes) 0.810ms
[2026-04-03T03:27:47.950+0600][57.910s][info][gc,start    ] GC(59) Concurrent thread roots
[2026-04-03T03:27:47.950+0600][57.910s][info][gc,task     ] GC(59) Using 3 of 6 workers for Concurrent thread roots
[2026-04-03T03:27:47.951+0600][57.911s][info][gc          ] GC(59) Concurrent thread roots 0.668ms
[2026-04-03T03:27:47.951+0600][57.911s][info][gc,start    ] GC(59) Concurrent weak references
[2026-04-03T03:27:47.951+0600][57.911s][info][gc,task     ] GC(59) Using 3 of 6 workers for concurrent weak references
[2026-04-03T03:27:47.951+0600][57.911s][info][gc,ref      ] GC(59) Encountered references: Soft: 3284, Weak: 6416, Final: 84, Phantom: 599
[2026-04-03T03:27:47.951+0600][57.911s][info][gc,ref      ] GC(59) Discovered  references: Soft: 0, Weak: 2558, Final: 50, Phantom: 596
[2026-04-03T03:27:47.951+0600][57.911s][info][gc,ref      ] GC(59) Enqueued    references: Soft: 0, Weak: 0, Final: 0, Phantom: 0
[2026-04-03T03:27:47.951+0600][57.911s][info][gc          ] GC(59) Concurrent weak references 0.492ms
[2026-04-03T03:27:47.951+0600][57.911s][info][gc,start    ] GC(59) Concurrent weak roots
[2026-04-03T03:27:47.951+0600][57.911s][info][gc,task     ] GC(59) Using 3 of 6 workers for concurrent weak root
[2026-04-03T03:27:47.953+0600][57.913s][info][gc          ] GC(59) Concurrent weak roots 1.914ms
[2026-04-03T03:27:47.953+0600][57.913s][info][gc,start    ] GC(59) Concurrent cleanup
[2026-04-03T03:27:47.953+0600][57.913s][info][gc          ] GC(59) Concurrent cleanup 713M->704M(1023M) 0.132ms
[2026-04-03T03:27:47.953+0600][57.913s][info][gc,ergo     ] GC(59) Free: 475M, Max: 512K regular, 228M humongous, Frag: 52% external, 0% internal; Reserve: 63993K, Max: 512K
[2026-04-03T03:27:47.953+0600][57.913s][info][gc,start    ] GC(59) Concurrent class unloading
[2026-04-03T03:27:47.953+0600][57.913s][info][gc,task     ] GC(59) Using 3 of 6 workers for concurrent class unloading
[2026-04-03T03:27:47.958+0600][57.918s][info][gc          ] GC(59) Concurrent class unloading 4.557ms
[2026-04-03T03:27:47.958+0600][57.918s][info][gc,start    ] GC(59) Concurrent strong roots
[2026-04-03T03:27:47.958+0600][57.918s][info][gc,task     ] GC(59) Using 3 of 6 workers for concurrent strong root
[2026-04-03T03:27:47.959+0600][57.919s][info][gc          ] GC(59) Concurrent strong roots 0.644ms
[2026-04-03T03:27:47.959+0600][57.919s][info][gc,start    ] GC(59) Concurrent evacuation
[2026-04-03T03:27:47.959+0600][57.919s][info][gc,task     ] GC(59) Using 3 of 6 workers for concurrent evacuation
[2026-04-03T03:27:48.001+0600][57.961s][info][gc          ] GC(59) Concurrent evacuation 42.037ms
[2026-04-03T03:27:48.001+0600][57.961s][info][gc,start    ] GC(59) Pause Init Update Refs
[2026-04-03T03:27:48.001+0600][57.961s][info][gc,ergo     ] GC(59) Pacer for Update Refs. Used: 790M, Free: 443M, Non-Taxable: 45453K, Alloc Tax Rate: 2.2x
[2026-04-03T03:27:48.001+0600][57.961s][info][gc          ] GC(59) Pause Init Update Refs 0.128ms
[2026-04-03T03:27:48.001+0600][57.961s][info][gc,start    ] GC(59) Concurrent update references
[2026-04-03T03:27:48.001+0600][57.961s][info][gc,task     ] GC(59) Using 3 of 6 workers for concurrent reference update
[2026-04-03T03:27:48.252+0600][58.212s][info][gc          ] GC(59) Concurrent update references 250.325ms
[2026-04-03T03:27:48.252+0600][58.212s][info][gc,start    ] GC(59) Concurrent update thread roots
[2026-04-03T03:27:48.253+0600][58.213s][info][gc          ] GC(59) Concurrent update thread roots 1.440ms
[2026-04-03T03:27:48.253+0600][58.214s][info][gc,start    ] GC(59) Pause Final Update Refs
[2026-04-03T03:27:48.254+0600][58.214s][info][gc,task     ] GC(59) Using 6 of 6 workers for final reference update
[2026-04-03T03:27:48.254+0600][58.214s][info][gc          ] GC(59) Pause Final Update Refs 0.190ms
[2026-04-03T03:27:48.254+0600][58.214s][info][gc,start    ] GC(59) Concurrent cleanup
[2026-04-03T03:27:48.254+0600][58.214s][info][gc          ] GC(59) Concurrent cleanup 970M->601M(1043M) 0.413ms
[2026-04-03T03:27:48.254+0600][58.214s][info][gc,ergo     ] Free: 578M, Max: 512K regular, 220M humongous, Frag: 62% external, 0% internal; Reserve: 64000K, Max: 512K
[2026-04-03T03:27:48.254+0600][58.215s][info][gc,stats    ] 
[2026-04-03T03:27:48.255+0600][58.215s][info][gc,stats    ] All times are wall-clock times, except per-root-class counters, that are sum over
[2026-04-03T03:27:48.255+0600][58.215s][info][gc,stats    ] all workers. Dividing the <total> over the root stage time estimates parallelism.
[2026-04-03T03:27:48.255+0600][58.215s][info][gc,stats    ] 
[2026-04-03T03:27:48.255+0600][58.215s][info][gc,stats    ] Concurrent Reset                   1747 us
[2026-04-03T03:27:48.255+0600][58.215s][info][gc,stats    ] Pause Init Mark (G)                 377 us
[2026-04-03T03:27:48.255+0600][58.215s][info][gc,stats    ] Pause Init Mark (N)                 169 us
[2026-04-03T03:27:48.255+0600][58.215s][info][gc,stats    ]   Update Region States               31 us
[2026-04-03T03:27:48.255+0600][58.215s][info][gc,stats    ] Concurrent Mark Roots              1158 us, parallelism: 1.68x
[2026-04-03T03:27:48.255+0600][58.215s][info][gc,stats    ]   CMR: <total>                     1948 us
[2026-04-03T03:27:48.255+0600][58.215s][info][gc,stats    ]   CMR: Thread Roots                1667 us, workers (us): 396, 643, 628, ---, ---, ---, 
[2026-04-03T03:27:48.255+0600][58.215s][info][gc,stats    ]   CMR: VM Strong Roots               51 us, workers (us):  25,  24,   2, ---, ---, ---, 
[2026-04-03T03:27:48.255+0600][58.215s][info][gc,stats    ]   CMR: CLDG Roots                   230 us, workers (us): 230, ---, ---, ---, ---, ---, 
[2026-04-03T03:27:48.255+0600][58.215s][info][gc,stats    ] Concurrent Marking               322772 us
[2026-04-03T03:27:48.255+0600][58.215s][info][gc,stats    ] Pause Final Mark (G)               1004 us
[2026-04-03T03:27:48.255+0600][58.215s][info][gc,stats    ] Pause Final Mark (N)                823 us
[2026-04-03T03:27:48.255+0600][58.215s][info][gc,stats    ]   Finish Mark                       280 us
[2026-04-03T03:27:48.255+0600][58.215s][info][gc,stats    ]   Update Region States               37 us
[2026-04-03T03:27:48.255+0600][58.215s][info][gc,stats    ]   Choose Collection Set             350 us
[2026-04-03T03:27:48.255+0600][58.215s][info][gc,stats    ]   Rebuild Free Set                   25 us
[2026-04-03T03:27:48.255+0600][58.215s][info][gc,stats    ] Concurrent Thread Roots             708 us, parallelism: 1.89x
[2026-04-03T03:27:48.255+0600][58.215s][info][gc,stats    ]   CTR: <total>                     1336 us
[2026-04-03T03:27:48.255+0600][58.215s][info][gc,stats    ]   CTR: Thread Roots                1336 us, workers (us): 477, 435, 425, ---, ---, ---, 
[2026-04-03T03:27:48.255+0600][58.215s][info][gc,stats    ] Concurrent Weak References          503 us, parallelism: 0.84x
[2026-04-03T03:27:48.255+0600][58.215s][info][gc,stats    ]   CWRF: <total>                     420 us
[2026-04-03T03:27:48.255+0600][58.215s][info][gc,stats    ]   CWRF: Weak References             420 us, workers (us): 131, 288,   1, ---, ---, ---, 
[2026-04-03T03:27:48.255+0600][58.215s][info][gc,stats    ] Concurrent Weak Roots              1962 us
[2026-04-03T03:27:48.255+0600][58.215s][info][gc,stats    ]   Roots                            1657 us, parallelism: 2.43x
[2026-04-03T03:27:48.255+0600][58.215s][info][gc,stats    ]     CWR: <total>                   4031 us
[2026-04-03T03:27:48.255+0600][58.215s][info][gc,stats    ]     CWR: Code Cache Roots          2864 us, workers (us): 920, 982, 963, ---, ---, ---, 
[2026-04-03T03:27:48.255+0600][58.215s][info][gc,stats    ]     CWR: VM Weak Roots             1121 us, workers (us): 403, 369, 349, ---, ---, ---, 
[2026-04-03T03:27:48.255+0600][58.215s][info][gc,stats    ]     CWR: CLDG Roots                  46 us, workers (us):  46, ---, ---, ---, ---, ---, 
[2026-04-03T03:27:48.255+0600][58.215s][info][gc,stats    ]   Rendezvous                        235 us
[2026-04-03T03:27:48.255+0600][58.215s][info][gc,stats    ] Concurrent Cleanup                  145 us
[2026-04-03T03:27:48.255+0600][58.215s][info][gc,stats    ] Concurrent Class Unloading         4619 us
[2026-04-03T03:27:48.255+0600][58.215s][info][gc,stats    ]   Unlink Stale                     4301 us
[2026-04-03T03:27:48.255+0600][58.215s][info][gc,stats    ]     System Dictionary                62 us
[2026-04-03T03:27:48.255+0600][58.215s][info][gc,stats    ]     Weak Class Links                  0 us
[2026-04-03T03:27:48.255+0600][58.215s][info][gc,stats    ]     Code Roots                     4235 us
[2026-04-03T03:27:48.255+0600][58.215s][info][gc,stats    ]   Rendezvous                        220 us
[2026-04-03T03:27:48.255+0600][58.215s][info][gc,stats    ]   Purge Unlinked                     13 us
[2026-04-03T03:27:48.255+0600][58.215s][info][gc,stats    ]     Code Roots                        6 us
[2026-04-03T03:27:48.255+0600][58.215s][info][gc,stats    ]     CLDG                              7 us
[2026-04-03T03:27:48.255+0600][58.215s][info][gc,stats    ]     Exception Caches                  0 us
[2026-04-03T03:27:48.255+0600][58.215s][info][gc,stats    ] Concurrent Strong Roots             691 us, parallelism: 0.58x
[2026-04-03T03:27:48.255+0600][58.215s][info][gc,stats    ]   CSR: <total>                      398 us
[2026-04-03T03:27:48.255+0600][58.215s][info][gc,stats    ]   CSR: VM Strong Roots               30 us, workers (us):  15,  14,   0, ---, ---, ---, 
[2026-04-03T03:27:48.255+0600][58.215s][info][gc,stats    ]   CSR: CLDG Roots                   368 us, workers (us): 368, ---, ---, ---, ---, ---, 
[2026-04-03T03:27:48.255+0600][58.215s][info][gc,stats    ] Concurrent Evacuation             42142 us
[2026-04-03T03:27:48.255+0600][58.215s][info][gc,stats    ] Pause Init Update Refs (G)          452 us
[2026-04-03T03:27:48.255+0600][58.215s][info][gc,stats    ] Pause Init Update Refs (N)          146 us
[2026-04-03T03:27:48.255+0600][58.215s][info][gc,stats    ]   Manage GCLABs                      49 us
[2026-04-03T03:27:48.255+0600][58.215s][info][gc,stats    ] Concurrent Update Refs           250456 us
[2026-04-03T03:27:48.255+0600][58.215s][info][gc,stats    ] Concurrent Update Thread Roots     1495 us
[2026-04-03T03:27:48.255+0600][58.215s][info][gc,stats    ] Pause Final Update Refs (G)         654 us
[2026-04-03T03:27:48.255+0600][58.215s][info][gc,stats    ] Pause Final Update Refs (N)         292 us
[2026-04-03T03:27:48.255+0600][58.215s][info][gc,stats    ]   Update Region States               58 us
[2026-04-03T03:27:48.255+0600][58.215s][info][gc,stats    ]   Trash Collection Set               22 us
[2026-04-03T03:27:48.255+0600][58.215s][info][gc,stats    ]   Rebuild Free Set                   35 us
[2026-04-03T03:27:48.255+0600][58.215s][info][gc,stats    ] Concurrent Cleanup                  442 us
[2026-04-03T03:27:48.255+0600][58.215s][info][gc,stats    ] Pacing                           459550 us
[2026-04-03T03:27:48.255+0600][58.215s][info][gc,stats    ] 
[2026-04-03T03:27:48.255+0600][58.215s][info][gc,stats    ] Allocation pacing accrued:
[2026-04-03T03:27:48.255+0600][58.215s][info][gc,stats    ]     151 of   663 ms ( 22.7%): Executor task launch worker for task 0.0 in stage 28.0 (TID 42)
[2026-04-03T03:27:48.255+0600][58.215s][info][gc,stats    ]     155 of   663 ms ( 23.4%): Executor task launch worker for task 2.0 in stage 28.0 (TID 44)
[2026-04-03T03:27:48.255+0600][58.215s][info][gc,stats    ]     154 of   663 ms ( 23.2%): Executor task launch worker for task 1.0 in stage 28.0 (TID 43)
[2026-04-03T03:27:48.255+0600][58.215s][info][gc,stats    ]     460 of   663 ms ( 69.3%): <total>
[2026-04-03T03:27:48.255+0600][58.215s][info][gc,stats    ]       2 of   663 ms (  0.4%): <average total>
[2026-04-03T03:27:48.255+0600][58.215s][info][gc,stats    ]     153 of   663 ms ( 23.1%): <average non-zero>
[2026-04-03T03:27:48.255+0600][58.215s][info][gc,stats    ] 
[2026-04-03T03:27:48.255+0600][58.215s][info][gc,metaspace] Metaspace: 73032K(73856K)->73032K(73856K) NonClass: 63758K(64192K)->63758K(64192K) Class: 9274K(9664K)->9274K(9664K)
[2026-04-03T03:27:48.255+0600][58.215s][info][gc,ergo     ] Pacer for Idle. Initial: 25600K, Alloc Tax Rate: 1.0x
[2026-04-03T03:27:48.312+0600][58.272s][info][gc          ] Trigger: Average GC time (803.24 ms) is above the time for average allocation rate (561 MB/s) to deplete free headroom (449M) (margin of error = 1.78)
[2026-04-03T03:27:48.312+0600][58.272s][info][gc,ergo     ] Free headroom: 511M (free) - 64000K (spike) - 0B (penalties) = 449M
[2026-04-03T03:27:48.312+0600][58.272s][info][gc,ergo     ] Free: 511M, Max: 512K regular, 220M humongous, Frag: 57% external, 0% internal; Reserve: 64000K, Max: 512K
[2026-04-03T03:27:48.312+0600][58.272s][info][gc,start    ] GC(60) Concurrent reset
[2026-04-03T03:27:48.312+0600][58.272s][info][gc,task     ] GC(60) Using 3 of 6 workers for concurrent reset
[2026-04-03T03:27:48.312+0600][58.272s][info][gc,ergo     ] GC(60) Pacer for Reset. Non-Taxable: 1250M
[2026-04-03T03:27:48.314+0600][58.274s][info][gc          ] GC(60) Concurrent reset 2.141ms
[2026-04-03T03:27:48.314+0600][58.275s][info][gc,start    ] GC(60) Pause Init Mark (unload classes)
[2026-04-03T03:27:48.315+0600][58.275s][info][gc,task     ] GC(60) Using 6 of 6 workers for init marking
[2026-04-03T03:27:48.315+0600][58.275s][info][gc,ergo     ] GC(60) Pacer for Mark. Expected Live: 262M, Free: 509M, Non-Taxable: 52160K, Alloc Tax Rate: 0.6x
[2026-04-03T03:27:48.315+0600][58.275s][info][gc          ] GC(60) Pause Init Mark (unload classes) 0.175ms
[2026-04-03T03:27:48.315+0600][58.275s][info][gc,start    ] GC(60) Concurrent marking roots
[2026-04-03T03:27:48.315+0600][58.275s][info][gc,task     ] GC(60) Using 3 of 6 workers for concurrent marking roots
[2026-04-03T03:27:48.316+0600][58.276s][info][gc          ] GC(60) Concurrent marking roots 1.221ms
[2026-04-03T03:27:48.316+0600][58.276s][info][gc,start    ] GC(60) Concurrent marking (unload classes)
[2026-04-03T03:27:48.316+0600][58.276s][info][gc,task     ] GC(60) Using 3 of 6 workers for concurrent marking
[2026-04-03T03:27:48.650+0600][58.610s][info][gc          ] GC(60) Concurrent marking (unload classes) 333.613ms
[2026-04-03T03:27:48.650+0600][58.610s][info][gc,start    ] GC(60) Pause Final Mark (unload classes)
[2026-04-03T03:27:48.650+0600][58.610s][info][gc,task     ] GC(60) Using 6 of 6 workers for final marking
[2026-04-03T03:27:48.650+0600][58.610s][info][gc,ergo     ] GC(60) Adaptive CSet Selection. Target Free: 177M, Actual Free: 466M, Max CSet: 53333K, Min Garbage: 0B
[2026-04-03T03:27:48.651+0600][58.611s][info][gc,ergo     ] GC(60) Collectable Garbage: 365M (96%), Immediate: 6144K (1%), CSet: 359M (95%)
[2026-04-03T03:27:48.651+0600][58.611s][info][gc,ergo     ] GC(60) Pacer for Evacuation. Used CSet: 400M, Free: 405M, Non-Taxable: 41561K, Alloc Tax Rate: 2.4x
[2026-04-03T03:27:48.651+0600][58.611s][info][gc          ] GC(60) Pause Final Mark (unload classes) 0.778ms
[2026-04-03T03:27:48.651+0600][58.611s][info][gc,start    ] GC(60) Concurrent thread roots
[2026-04-03T03:27:48.651+0600][58.611s][info][gc,task     ] GC(60) Using 3 of 6 workers for Concurrent thread roots
[2026-04-03T03:27:48.652+0600][58.612s][info][gc          ] GC(60) Concurrent thread roots 0.824ms
[2026-04-03T03:27:48.652+0600][58.612s][info][gc,start    ] GC(60) Concurrent weak references
[2026-04-03T03:27:48.652+0600][58.612s][info][gc,task     ] GC(60) Using 3 of 6 workers for concurrent weak references
[2026-04-03T03:27:48.652+0600][58.612s][info][gc,ref      ] GC(60) Encountered references: Soft: 3284, Weak: 6416, Final: 84, Phantom: 599
[2026-04-03T03:27:48.652+0600][58.612s][info][gc,ref      ] GC(60) Discovered  references: Soft: 0, Weak: 1142, Final: 2, Phantom: 596
[2026-04-03T03:27:48.652+0600][58.612s][info][gc,ref      ] GC(60) Enqueued    references: Soft: 0, Weak: 0, Final: 0, Phantom: 0
[2026-04-03T03:27:48.652+0600][58.612s][info][gc          ] GC(60) Concurrent weak references 0.324ms
[2026-04-03T03:27:48.652+0600][58.612s][info][gc,start    ] GC(60) Concurrent weak roots
[2026-04-03T03:27:48.652+0600][58.612s][info][gc,task     ] GC(60) Using 3 of 6 workers for concurrent weak root
[2026-04-03T03:27:48.655+0600][58.615s][info][gc          ] GC(60) Concurrent weak roots 2.469ms
[2026-04-03T03:27:48.655+0600][58.615s][info][gc,start    ] GC(60) Concurrent cleanup
[2026-04-03T03:27:48.655+0600][58.615s][info][gc          ] GC(60) Concurrent cleanup 786M->780M(1043M) 0.387ms
[2026-04-03T03:27:48.655+0600][58.615s][info][gc,ergo     ] GC(60) Free: 402M, Max: 512K regular, 220M humongous, Frag: 46% external, 0% internal; Reserve: 63488K, Max: 512K
[2026-04-03T03:27:48.655+0600][58.615s][info][gc,start    ] GC(60) Concurrent class unloading
[2026-04-03T03:27:48.655+0600][58.615s][info][gc,task     ] GC(60) Using 3 of 6 workers for concurrent class unloading
[2026-04-03T03:27:48.662+0600][58.622s][info][gc          ] GC(60) Concurrent class unloading 7.155ms
[2026-04-03T03:27:48.662+0600][58.622s][info][gc,start    ] GC(60) Concurrent strong roots
[2026-04-03T03:27:48.662+0600][58.622s][info][gc,task     ] GC(60) Using 3 of 6 workers for concurrent strong root
[2026-04-03T03:27:48.663+0600][58.623s][info][gc          ] GC(60) Concurrent strong roots 0.837ms
[2026-04-03T03:27:48.663+0600][58.623s][info][gc,start    ] GC(60) Concurrent evacuation
[2026-04-03T03:27:48.663+0600][58.623s][info][gc,task     ] GC(60) Using 3 of 6 workers for concurrent evacuation
[2026-04-03T03:27:48.705+0600][58.665s][info][gc          ] GC(60) Concurrent evacuation 41.617ms
[2026-04-03T03:27:48.705+0600][58.665s][info][gc,start    ] GC(60) Pause Init Update Refs
[2026-04-03T03:27:48.705+0600][58.665s][info][gc,ergo     ] GC(60) Pacer for Update Refs. Used: 854M, Free: 369M, Non-Taxable: 37875K, Alloc Tax Rate: 2.8x
[2026-04-03T03:27:48.705+0600][58.665s][info][gc          ] GC(60) Pause Init Update Refs 0.128ms
[2026-04-03T03:27:48.705+0600][58.665s][info][gc,start    ] GC(60) Concurrent update references
[2026-04-03T03:27:48.705+0600][58.666s][info][gc,task     ] GC(60) Using 3 of 6 workers for concurrent reference update
[2026-04-03T03:27:48.957+0600][58.917s][info][gc          ] GC(60) Concurrent update references 251.851ms
[2026-04-03T03:27:48.957+0600][58.917s][info][gc,start    ] GC(60) Concurrent update thread roots
[2026-04-03T03:27:48.959+0600][58.919s][info][gc          ] GC(60) Concurrent update thread roots 1.748ms
[2026-04-03T03:27:48.959+0600][58.919s][info][gc,start    ] GC(60) Pause Final Update Refs
[2026-04-03T03:27:48.959+0600][58.920s][info][gc,task     ] GC(60) Using 6 of 6 workers for final reference update
[2026-04-03T03:27:48.960+0600][58.920s][info][gc          ] GC(60) Pause Final Update Refs 0.187ms
[2026-04-03T03:27:48.960+0600][58.920s][info][gc,start    ] GC(60) Concurrent cleanup
[2026-04-03T03:27:48.960+0600][58.920s][info][gc          ] GC(60) Concurrent cleanup 1036M->635M(1077M) 0.308ms
[2026-04-03T03:27:48.960+0600][58.920s][info][gc,ergo     ] Free: 546M, Max: 512K regular, 153M humongous, Frag: 72% external, 0% internal; Reserve: 64000K, Max: 512K
[2026-04-03T03:27:48.960+0600][58.920s][info][gc,stats    ] 
[2026-04-03T03:27:48.960+0600][58.920s][info][gc,stats    ] All times are wall-clock times, except per-root-class counters, that are sum over
[2026-04-03T03:27:48.960+0600][58.920s][info][gc,stats    ] all workers. Dividing the <total> over the root stage time estimates parallelism.
[2026-04-03T03:27:48.960+0600][58.920s][info][gc,stats    ] 
[2026-04-03T03:27:48.960+0600][58.920s][info][gc,stats    ] Concurrent Reset                   2230 us
[2026-04-03T03:27:48.960+0600][58.920s][info][gc,stats    ] Pause Init Mark (G)                 443 us
[2026-04-03T03:27:48.960+0600][58.920s][info][gc,stats    ] Pause Init Mark (N)                 188 us
[2026-04-03T03:27:48.960+0600][58.920s][info][gc,stats    ]   Update Region States               39 us
[2026-04-03T03:27:48.960+0600][58.920s][info][gc,stats    ] Concurrent Mark Roots              1272 us, parallelism: 1.62x
[2026-04-03T03:27:48.960+0600][58.920s][info][gc,stats    ]   CMR: <total>                     2066 us
[2026-04-03T03:27:48.960+0600][58.920s][info][gc,stats    ]   CMR: Thread Roots                1809 us, workers (us): 474, 683, 652, ---, ---, ---, 
[2026-04-03T03:27:48.960+0600][58.920s][info][gc,stats    ]   CMR: VM Strong Roots               46 us, workers (us):  32,  13,   1, ---, ---, ---, 
[2026-04-03T03:27:48.960+0600][58.920s][info][gc,stats    ]   CMR: CLDG Roots                   212 us, workers (us): 212, ---, ---, ---, ---, ---, 
[2026-04-03T03:27:48.960+0600][58.920s][info][gc,stats    ] Concurrent Marking               333820 us
[2026-04-03T03:27:48.960+0600][58.920s][info][gc,stats    ] Pause Final Mark (G)               1069 us
[2026-04-03T03:27:48.960+0600][58.920s][info][gc,stats    ] Pause Final Mark (N)                787 us
[2026-04-03T03:27:48.960+0600][58.920s][info][gc,stats    ]   Finish Mark                       280 us
[2026-04-03T03:27:48.960+0600][58.920s][info][gc,stats    ]   Update Region States               36 us
[2026-04-03T03:27:48.960+0600][58.920s][info][gc,stats    ]   Choose Collection Set             353 us
[2026-04-03T03:27:48.960+0600][58.920s][info][gc,stats    ]   Rebuild Free Set                   26 us
[2026-04-03T03:27:48.960+0600][58.920s][info][gc,stats    ] Concurrent Thread Roots             864 us, parallelism: 1.70x
[2026-04-03T03:27:48.960+0600][58.920s][info][gc,stats    ]   CTR: <total>                     1465 us
[2026-04-03T03:27:48.960+0600][58.920s][info][gc,stats    ]   CTR: Thread Roots                1465 us, workers (us): 508, 476, 481, ---, ---, ---, 
[2026-04-03T03:27:48.960+0600][58.920s][info][gc,stats    ] Concurrent Weak References          333 us, parallelism: 0.72x
[2026-04-03T03:27:48.960+0600][58.920s][info][gc,stats    ]   CWRF: <total>                     238 us
[2026-04-03T03:27:48.960+0600][58.921s][info][gc,stats    ]   CWRF: Weak References             238 us, workers (us): 142,  95,   1, ---, ---, ---, 
[2026-04-03T03:27:48.960+0600][58.921s][info][gc,stats    ] Concurrent Weak Roots              2519 us
[2026-04-03T03:27:48.960+0600][58.921s][info][gc,stats    ]   Roots                            2196 us, parallelism: 2.51x
[2026-04-03T03:27:48.961+0600][58.921s][info][gc,stats    ]     CWR: <total>                   5506 us
[2026-04-03T03:27:48.961+0600][58.921s][info][gc,stats    ]     CWR: Code Cache Roots          3874 us, workers (us): 1266, 1293, 1315, ---, ---, ---, 
[2026-04-03T03:27:48.961+0600][58.921s][info][gc,stats    ]     CWR: VM Weak Roots             1567 us, workers (us): 549, 508, 511, ---, ---, ---, 
[2026-04-03T03:27:48.961+0600][58.921s][info][gc,stats    ]     CWR: CLDG Roots                  64 us, workers (us):  64, ---, ---, ---, ---, ---, 
[2026-04-03T03:27:48.961+0600][58.921s][info][gc,stats    ]   Rendezvous                        235 us
[2026-04-03T03:27:48.961+0600][58.921s][info][gc,stats    ] Concurrent Cleanup                  400 us
[2026-04-03T03:27:48.961+0600][58.921s][info][gc,stats    ] Concurrent Class Unloading         7260 us
[2026-04-03T03:27:48.961+0600][58.921s][info][gc,stats    ]   Unlink Stale                     6825 us
[2026-04-03T03:27:48.961+0600][58.921s][info][gc,stats    ]     System Dictionary                80 us
[2026-04-03T03:27:48.961+0600][58.921s][info][gc,stats    ]     Weak Class Links                  0 us
[2026-04-03T03:27:48.961+0600][58.921s][info][gc,stats    ]     Code Roots                     6740 us
[2026-04-03T03:27:48.961+0600][58.921s][info][gc,stats    ]   Rendezvous                        288 us
[2026-04-03T03:27:48.961+0600][58.921s][info][gc,stats    ]   Purge Unlinked                     16 us
[2026-04-03T03:27:48.961+0600][58.921s][info][gc,stats    ]     Code Roots                        4 us
[2026-04-03T03:27:48.961+0600][58.921s][info][gc,stats    ]     CLDG                             11 us
[2026-04-03T03:27:48.961+0600][58.921s][info][gc,stats    ]     Exception Caches                  0 us
[2026-04-03T03:27:48.961+0600][58.921s][info][gc,stats    ] Concurrent Strong Roots             882 us, parallelism: 0.52x
[2026-04-03T03:27:48.961+0600][58.921s][info][gc,stats    ]   CSR: <total>                      457 us
[2026-04-03T03:27:48.961+0600][58.921s][info][gc,stats    ]   CSR: VM Strong Roots               57 us, workers (us):  52,   2,   3, ---, ---, ---, 
[2026-04-03T03:27:48.961+0600][58.921s][info][gc,stats    ]   CSR: CLDG Roots                   400 us, workers (us): ---, 400, ---, ---, ---, ---, 
[2026-04-03T03:27:48.961+0600][58.921s][info][gc,stats    ] Concurrent Evacuation             41741 us
[2026-04-03T03:27:48.961+0600][58.921s][info][gc,stats    ] Pause Init Update Refs (G)          393 us
[2026-04-03T03:27:48.961+0600][58.921s][info][gc,stats    ] Pause Init Update Refs (N)          143 us
[2026-04-03T03:27:48.961+0600][58.921s][info][gc,stats    ]   Manage GCLABs                      19 us
[2026-04-03T03:27:48.961+0600][58.921s][info][gc,stats    ] Concurrent Update Refs           251962 us
[2026-04-03T03:27:48.961+0600][58.921s][info][gc,stats    ] Concurrent Update Thread Roots     1856 us
[2026-04-03T03:27:48.961+0600][58.921s][info][gc,stats    ] Pause Final Update Refs (G)         505 us
[2026-04-03T03:27:48.961+0600][58.921s][info][gc,stats    ] Pause Final Update Refs (N)         208 us
[2026-04-03T03:27:48.961+0600][58.921s][info][gc,stats    ]   Update Region States               58 us
[2026-04-03T03:27:48.961+0600][58.921s][info][gc,stats    ]   Trash Collection Set               20 us
[2026-04-03T03:27:48.961+0600][58.921s][info][gc,stats    ]   Rebuild Free Set                   32 us
[2026-04-03T03:27:48.961+0600][58.921s][info][gc,stats    ] Concurrent Cleanup                  331 us
[2026-04-03T03:27:48.961+0600][58.921s][info][gc,stats    ] Pacing                           547921 us
[2026-04-03T03:27:48.961+0600][58.921s][info][gc,stats    ] 
[2026-04-03T03:27:48.961+0600][58.921s][info][gc,stats    ] Allocation pacing accrued:
[2026-04-03T03:27:48.961+0600][58.921s][info][gc,stats    ]      11 of   706 ms (  1.6%): executor-kill-mark-cleanup
[2026-04-03T03:27:48.961+0600][58.921s][info][gc,stats    ]     178 of   706 ms ( 25.3%): Executor task launch worker for task 0.0 in stage 28.0 (TID 42)
[2026-04-03T03:27:48.961+0600][58.921s][info][gc,stats    ]     179 of   706 ms ( 25.3%): Executor task launch worker for task 2.0 in stage 28.0 (TID 44)
[2026-04-03T03:27:48.961+0600][58.921s][info][gc,stats    ]     179 of   706 ms ( 25.4%): Executor task launch worker for task 1.0 in stage 28.0 (TID 43)
[2026-04-03T03:27:48.961+0600][58.921s][info][gc,stats    ]     548 of   706 ms ( 77.6%): <total>
[2026-04-03T03:27:48.961+0600][58.921s][info][gc,stats    ]       3 of   706 ms (  0.4%): <average total>
[2026-04-03T03:27:48.961+0600][58.921s][info][gc,stats    ]     137 of   706 ms ( 19.4%): <average non-zero>
[2026-04-03T03:27:48.961+0600][58.921s][info][gc,stats    ] 
[2026-04-03T03:27:48.961+0600][58.921s][info][gc,metaspace] Metaspace: 73032K(73856K)->73032K(73856K) NonClass: 63758K(64192K)->63758K(64192K) Class: 9274K(9664K)->9274K(9664K)
[2026-04-03T03:27:48.961+0600][58.921s][info][gc,ergo     ] Pacer for Idle. Initial: 25600K, Alloc Tax Rate: 1.0x
[2026-04-03T03:27:49.044+0600][59.004s][info][gc          ] Trigger: Average GC time (773.07 ms) is above the time for average allocation rate (541 MB/s) to deplete free headroom (410M) (margin of error = 1.79)
[2026-04-03T03:27:49.044+0600][59.004s][info][gc,ergo     ] Free headroom: 472M (free) - 64000K (spike) - 0B (penalties) = 410M
[2026-04-03T03:27:49.044+0600][59.004s][info][gc,ergo     ] Free: 472M, Max: 512K regular, 153M humongous, Frag: 68% external, 0% internal; Reserve: 64000K, Max: 512K
[2026-04-03T03:27:49.044+0600][59.004s][info][gc,start    ] GC(61) Concurrent reset
[2026-04-03T03:27:49.044+0600][59.004s][info][gc,task     ] GC(61) Using 3 of 6 workers for concurrent reset
[2026-04-03T03:27:49.044+0600][59.004s][info][gc,ergo     ] GC(61) Pacer for Reset. Non-Taxable: 1250M
[2026-04-03T03:27:49.047+0600][59.007s][info][gc          ] GC(61) Concurrent reset 2.561ms
[2026-04-03T03:27:49.047+0600][59.007s][info][gc,start    ] GC(61) Pause Init Mark (unload classes)
[2026-04-03T03:27:49.047+0600][59.007s][info][gc,task     ] GC(61) Using 6 of 6 workers for init marking
[2026-04-03T03:27:49.047+0600][59.007s][info][gc,ergo     ] GC(61) Pacer for Mark. Expected Live: 260M, Free: 471M, Non-Taxable: 48320K, Alloc Tax Rate: 0.7x
[2026-04-03T03:27:49.047+0600][59.007s][info][gc          ] GC(61) Pause Init Mark (unload classes) 0.266ms
[2026-04-03T03:27:49.047+0600][59.007s][info][gc,start    ] GC(61) Concurrent marking roots
[2026-04-03T03:27:49.047+0600][59.007s][info][gc,task     ] GC(61) Using 3 of 6 workers for concurrent marking roots
[2026-04-03T03:27:49.049+0600][59.009s][info][gc          ] GC(61) Concurrent marking roots 1.377ms
[2026-04-03T03:27:49.049+0600][59.009s][info][gc,start    ] GC(61) Concurrent marking (unload classes)
[2026-04-03T03:27:49.049+0600][59.009s][info][gc,task     ] GC(61) Using 3 of 6 workers for concurrent marking
[2026-04-03T03:27:49.459+0600][59.419s][info][gc          ] GC(61) Concurrent marking (unload classes) 410.250ms
[2026-04-03T03:27:49.459+0600][59.419s][info][gc,start    ] GC(61) Pause Final Mark (unload classes)
[2026-04-03T03:27:49.459+0600][59.419s][info][gc,task     ] GC(61) Using 6 of 6 workers for final marking
[2026-04-03T03:27:49.460+0600][59.420s][info][gc,ergo     ] GC(61) Adaptive CSet Selection. Target Free: 177M, Actual Free: 410M, Max CSet: 53333K, Min Garbage: 0B
[2026-04-03T03:27:49.460+0600][59.420s][info][gc,ergo     ] GC(61) Collectable Garbage: 364M (95%), Immediate: 4096K (1%), CSet: 360M (94%)
[2026-04-03T03:27:49.460+0600][59.420s][info][gc,ergo     ] GC(61) Pacer for Evacuation. Used CSet: 394M, Free: 348M, Non-Taxable: 35725K, Alloc Tax Rate: 2.8x
[2026-04-03T03:27:49.460+0600][59.420s][info][gc          ] GC(61) Pause Final Mark (unload classes) 0.928ms
[2026-04-03T03:27:49.460+0600][59.420s][info][gc,start    ] GC(61) Concurrent thread roots
[2026-04-03T03:27:49.460+0600][59.420s][info][gc,task     ] GC(61) Using 3 of 6 workers for Concurrent thread roots
[2026-04-03T03:27:49.461+0600][59.421s][info][gc          ] GC(61) Concurrent thread roots 0.881ms
[2026-04-03T03:27:49.461+0600][59.421s][info][gc,start    ] GC(61) Concurrent weak references
[2026-04-03T03:27:49.461+0600][59.421s][info][gc,task     ] GC(61) Using 3 of 6 workers for concurrent weak references
[2026-04-03T03:27:49.461+0600][59.421s][info][gc,ref      ] GC(61) Encountered references: Soft: 3284, Weak: 6416, Final: 84, Phantom: 599
[2026-04-03T03:27:49.461+0600][59.421s][info][gc,ref      ] GC(61) Discovered  references: Soft: 0, Weak: 693, Final: 2, Phantom: 596
[2026-04-03T03:27:49.461+0600][59.421s][info][gc,ref      ] GC(61) Enqueued    references: Soft: 0, Weak: 0, Final: 0, Phantom: 0
[2026-04-03T03:27:49.461+0600][59.421s][info][gc          ] GC(61) Concurrent weak references 0.199ms
[2026-04-03T03:27:49.461+0600][59.421s][info][gc,start    ] GC(61) Concurrent weak roots
[2026-04-03T03:27:49.461+0600][59.421s][info][gc,task     ] GC(61) Using 3 of 6 workers for concurrent weak root
[2026-04-03T03:27:49.464+0600][59.424s][info][gc          ] GC(61) Concurrent weak roots 2.250ms
[2026-04-03T03:27:49.464+0600][59.424s][info][gc,start    ] GC(61) Concurrent cleanup
[2026-04-03T03:27:49.464+0600][59.424s][info][gc          ] GC(61) Concurrent cleanup 839M->835M(1077M) 0.417ms
[2026-04-03T03:27:49.464+0600][59.424s][info][gc,ergo     ] GC(61) Free: 346M, Max: 512K regular, 153M humongous, Frag: 56% external, 0% internal; Reserve: 63488K, Max: 512K
[2026-04-03T03:27:49.464+0600][59.424s][info][gc,start    ] GC(61) Concurrent class unloading
[2026-04-03T03:27:49.464+0600][59.424s][info][gc,task     ] GC(61) Using 3 of 6 workers for concurrent class unloading
[2026-04-03T03:27:49.470+0600][59.430s][info][gc          ] GC(61) Concurrent class unloading 5.647ms
[2026-04-03T03:27:49.470+0600][59.430s][info][gc,start    ] GC(61) Concurrent strong roots
[2026-04-03T03:27:49.470+0600][59.430s][info][gc,task     ] GC(61) Using 3 of 6 workers for concurrent strong root
[2026-04-03T03:27:49.471+0600][59.431s][info][gc          ] GC(61) Concurrent strong roots 0.654ms
[2026-04-03T03:27:49.471+0600][59.431s][info][gc,start    ] GC(61) Concurrent evacuation
[2026-04-03T03:27:49.471+0600][59.431s][info][gc,task     ] GC(61) Using 3 of 6 workers for concurrent evacuation
[2026-04-03T03:27:49.507+0600][59.467s][info][gc          ] GC(61) Concurrent evacuation 36.367ms
[2026-04-03T03:27:49.507+0600][59.467s][info][gc,start    ] GC(61) Pause Init Update Refs
[2026-04-03T03:27:49.508+0600][59.468s][info][gc,ergo     ] GC(61) Pacer for Update Refs. Used: 888M, Free: 327M, Non-Taxable: 33574K, Alloc Tax Rate: 3.3x
[2026-04-03T03:27:49.508+0600][59.468s][info][gc          ] GC(61) Pause Init Update Refs 0.159ms
[2026-04-03T03:27:49.508+0600][59.468s][info][gc,start    ] GC(61) Concurrent update references
[2026-04-03T03:27:49.508+0600][59.468s][info][gc,task     ] GC(61) Using 3 of 6 workers for concurrent reference update
[2026-04-03T03:27:49.771+0600][59.731s][info][gc          ] GC(61) Concurrent update references 263.551ms
[2026-04-03T03:27:49.771+0600][59.731s][info][gc,start    ] GC(61) Concurrent update thread roots
[2026-04-03T03:27:49.773+0600][59.733s][info][gc          ] GC(61) Concurrent update thread roots 1.149ms
[2026-04-03T03:27:49.773+0600][59.733s][info][gc,start    ] GC(61) Pause Final Update Refs
[2026-04-03T03:27:49.773+0600][59.733s][info][gc,task     ] GC(61) Using 6 of 6 workers for final reference update
[2026-04-03T03:27:49.773+0600][59.733s][info][gc          ] GC(61) Pause Final Update Refs 0.193ms
[2026-04-03T03:27:49.773+0600][59.733s][info][gc,start    ] GC(61) Concurrent cleanup
[2026-04-03T03:27:49.774+0600][59.734s][info][gc          ] GC(61) Concurrent cleanup 903M->509M(1077M) 0.601ms
[2026-04-03T03:27:49.774+0600][59.734s][info][gc,ergo     ] Free: 670M, Max: 512K regular, 235M humongous, Frag: 65% external, 0% internal; Reserve: 64000K, Max: 512K
[2026-04-03T03:27:49.774+0600][59.734s][info][gc,stats    ] 
[2026-04-03T03:27:49.774+0600][59.734s][info][gc,stats    ] All times are wall-clock times, except per-root-class counters, that are sum over
[2026-04-03T03:27:49.774+0600][59.734s][info][gc,stats    ] all workers. Dividing the <total> over the root stage time estimates parallelism.
[2026-04-03T03:27:49.774+0600][59.734s][info][gc,stats    ] 
[2026-04-03T03:27:49.774+0600][59.734s][info][gc,stats    ] Concurrent Reset                   2662 us
[2026-04-03T03:27:49.774+0600][59.734s][info][gc,stats    ] Pause Init Mark (G)                 607 us
[2026-04-03T03:27:49.774+0600][59.734s][info][gc,stats    ] Pause Init Mark (N)                 281 us
[2026-04-03T03:27:49.774+0600][59.734s][info][gc,stats    ]   Update Region States               36 us
[2026-04-03T03:27:49.774+0600][59.734s][info][gc,stats    ] Concurrent Mark Roots              1441 us, parallelism: 1.83x
[2026-04-03T03:27:49.774+0600][59.734s][info][gc,stats    ]   CMR: <total>                     2630 us
[2026-04-03T03:27:49.774+0600][59.734s][info][gc,stats    ]   CMR: Thread Roots                2335 us, workers (us): 883, 605, 847, ---, ---, ---, 
[2026-04-03T03:27:49.774+0600][59.734s][info][gc,stats    ]   CMR: VM Strong Roots               48 us, workers (us):  43,   3,   1, ---, ---, ---, 
[2026-04-03T03:27:49.774+0600][59.734s][info][gc,stats    ]   CMR: CLDG Roots                   248 us, workers (us): ---, 248, ---, ---, ---, ---, 
[2026-04-03T03:27:49.774+0600][59.734s][info][gc,stats    ] Concurrent Marking               410332 us
[2026-04-03T03:27:49.774+0600][59.734s][info][gc,stats    ] Pause Final Mark (G)               1234 us
[2026-04-03T03:27:49.774+0600][59.734s][info][gc,stats    ] Pause Final Mark (N)                941 us
[2026-04-03T03:27:49.774+0600][59.734s][info][gc,stats    ]   Finish Mark                       337 us
[2026-04-03T03:27:49.774+0600][59.734s][info][gc,stats    ]   Update Region States               44 us
[2026-04-03T03:27:49.774+0600][59.734s][info][gc,stats    ]   Choose Collection Set             420 us
[2026-04-03T03:27:49.774+0600][59.734s][info][gc,stats    ]   Rebuild Free Set                   29 us
[2026-04-03T03:27:49.774+0600][59.734s][info][gc,stats    ] Concurrent Thread Roots             934 us, parallelism: 1.81x
[2026-04-03T03:27:49.774+0600][59.734s][info][gc,stats    ]   CTR: <total>                     1693 us
[2026-04-03T03:27:49.774+0600][59.734s][info][gc,stats    ]   CTR: Thread Roots                1693 us, workers (us): 589, 580, 525, ---, ---, ---, 
[2026-04-03T03:27:49.774+0600][59.734s][info][gc,stats    ] Concurrent Weak References          206 us, parallelism: 0.84x
[2026-04-03T03:27:49.774+0600][59.734s][info][gc,stats    ]   CWRF: <total>                     173 us
[2026-04-03T03:27:49.774+0600][59.734s][info][gc,stats    ]   CWRF: Weak References             173 us, workers (us):  78,  94,   1, ---, ---, ---, 
[2026-04-03T03:27:49.774+0600][59.734s][info][gc,stats    ] Concurrent Weak Roots              2309 us
[2026-04-03T03:27:49.774+0600][59.734s][info][gc,stats    ]   Roots                            1785 us, parallelism: 2.38x
[2026-04-03T03:27:49.774+0600][59.734s][info][gc,stats    ]     CWR: <total>                   4256 us
[2026-04-03T03:27:49.774+0600][59.734s][info][gc,stats    ]     CWR: Code Cache Roots          2957 us, workers (us): 1021, 1041, 895, ---, ---, ---, 
[2026-04-03T03:27:49.774+0600][59.734s][info][gc,stats    ]     CWR: VM Weak Roots             1244 us, workers (us): 449, 408, 387, ---, ---, ---, 
[2026-04-03T03:27:49.774+0600][59.734s][info][gc,stats    ]     CWR: CLDG Roots                  55 us, workers (us): ---, ---,  55, ---, ---, ---, 
[2026-04-03T03:27:49.774+0600][59.734s][info][gc,stats    ]   Rendezvous                        447 us
[2026-04-03T03:27:49.774+0600][59.734s][info][gc,stats    ] Concurrent Cleanup                  438 us
[2026-04-03T03:27:49.774+0600][59.734s][info][gc,stats    ] Concurrent Class Unloading         5717 us
[2026-04-03T03:27:49.774+0600][59.734s][info][gc,stats    ]   Unlink Stale                     5243 us
[2026-04-03T03:27:49.774+0600][59.734s][info][gc,stats    ]     System Dictionary                96 us
[2026-04-03T03:27:49.774+0600][59.734s][info][gc,stats    ]     Weak Class Links                  0 us
[2026-04-03T03:27:49.774+0600][59.734s][info][gc,stats    ]     Code Roots                     5144 us
[2026-04-03T03:27:49.774+0600][59.734s][info][gc,stats    ]   Rendezvous                        367 us
[2026-04-03T03:27:49.774+0600][59.734s][info][gc,stats    ]   Purge Unlinked                     13 us
[2026-04-03T03:27:49.774+0600][59.734s][info][gc,stats    ]     Code Roots                        4 us
[2026-04-03T03:27:49.774+0600][59.734s][info][gc,stats    ]     CLDG                              8 us
[2026-04-03T03:27:49.774+0600][59.734s][info][gc,stats    ]     Exception Caches                  0 us
[2026-04-03T03:27:49.774+0600][59.734s][info][gc,stats    ] Concurrent Strong Roots             709 us, parallelism: 0.52x
[2026-04-03T03:27:49.774+0600][59.734s][info][gc,stats    ]   CSR: <total>                      365 us
[2026-04-03T03:27:49.774+0600][59.734s][info][gc,stats    ]   CSR: VM Strong Roots               35 us, workers (us):  33,   1,   0, ---, ---, ---, 
[2026-04-03T03:27:49.774+0600][59.734s][info][gc,stats    ]   CSR: CLDG Roots                   330 us, workers (us): 330, ---, ---, ---, ---, ---, 
[2026-04-03T03:27:49.774+0600][59.734s][info][gc,stats    ] Concurrent Evacuation             36485 us
[2026-04-03T03:27:49.774+0600][59.734s][info][gc,stats    ] Pause Init Update Refs (G)          729 us
[2026-04-03T03:27:49.774+0600][59.734s][info][gc,stats    ] Pause Init Update Refs (N)          171 us
[2026-04-03T03:27:49.774+0600][59.734s][info][gc,stats    ]   Manage GCLABs                      40 us
[2026-04-03T03:27:49.774+0600][59.734s][info][gc,stats    ] Concurrent Update Refs           263647 us
[2026-04-03T03:27:49.774+0600][59.734s][info][gc,stats    ] Concurrent Update Thread Roots     1204 us
[2026-04-03T03:27:49.774+0600][59.734s][info][gc,stats    ] Pause Final Update Refs (G)         637 us
[2026-04-03T03:27:49.774+0600][59.734s][info][gc,stats    ] Pause Final Update Refs (N)         205 us
[2026-04-03T03:27:49.774+0600][59.734s][info][gc,stats    ]   Update Region States               42 us
[2026-04-03T03:27:49.774+0600][59.734s][info][gc,stats    ]   Trash Collection Set               18 us
[2026-04-03T03:27:49.774+0600][59.734s][info][gc,stats    ]   Rebuild Free Set                   34 us
[2026-04-03T03:27:49.774+0600][59.734s][info][gc,stats    ] Concurrent Cleanup                  622 us
[2026-04-03T03:27:49.774+0600][59.734s][info][gc,stats    ] Pacing                           564861 us
[2026-04-03T03:27:49.774+0600][59.734s][info][gc,stats    ] 
[2026-04-03T03:27:49.774+0600][59.734s][info][gc,stats    ] Allocation pacing accrued:
[2026-04-03T03:27:49.774+0600][59.734s][info][gc,stats    ]     200 of   814 ms ( 24.6%): Executor task launch worker for task 0.0 in stage 28.0 (TID 42)
[2026-04-03T03:27:49.774+0600][59.734s][info][gc,stats    ]     198 of   814 ms ( 24.3%): Executor task launch worker for task 2.0 in stage 28.0 (TID 44)
[2026-04-03T03:27:49.774+0600][59.734s][info][gc,stats    ]     167 of   814 ms ( 20.5%): Executor task launch worker for task 1.0 in stage 28.0 (TID 43)
[2026-04-03T03:27:49.774+0600][59.735s][info][gc,stats    ]     565 of   814 ms ( 69.4%): <total>
[2026-04-03T03:27:49.774+0600][59.735s][info][gc,stats    ]       3 of   814 ms (  0.4%): <average total>
[2026-04-03T03:27:49.774+0600][59.735s][info][gc,stats    ]     188 of   814 ms ( 23.1%): <average non-zero>
[2026-04-03T03:27:49.775+0600][59.735s][info][gc,stats    ] 
[2026-04-03T03:27:49.775+0600][59.735s][info][gc,metaspace] Metaspace: 73032K(73856K)->73035K(73856K) NonClass: 63758K(64192K)->63760K(64192K) Class: 9274K(9664K)->9274K(9664K)
[2026-04-03T03:27:49.775+0600][59.735s][info][gc,ergo     ] Pacer for Idle. Initial: 25600K, Alloc Tax Rate: 1.0x
[2026-04-03T03:27:50.581+0600][60.541s][info][gc          ] Trigger: Average GC time (817.53 ms) is above the time for average allocation rate (517 MB/s) to deplete free headroom (420M) (margin of error = 1.79)
[2026-04-03T03:27:50.581+0600][60.541s][info][gc,ergo     ] Free headroom: 483M (free) - 64000K (spike) - 0B (penalties) = 420M
[2026-04-03T03:27:50.581+0600][60.541s][info][gc,ergo     ] Free: 483M, Max: 512K regular, 166M humongous, Frag: 66% external, 0% internal; Reserve: 64000K, Max: 512K
[2026-04-03T03:27:50.581+0600][60.541s][info][gc,start    ] GC(62) Concurrent reset
[2026-04-03T03:27:50.581+0600][60.541s][info][gc,task     ] GC(62) Using 3 of 6 workers for concurrent reset
[2026-04-03T03:27:50.581+0600][60.541s][info][gc,ergo     ] GC(62) Pacer for Reset. Non-Taxable: 1250M
[2026-04-03T03:27:50.583+0600][60.543s][info][gc          ] GC(62) Concurrent reset 2.058ms
[2026-04-03T03:27:50.583+0600][60.543s][info][gc,start    ] GC(62) Pause Init Mark (unload classes)
[2026-04-03T03:27:50.583+0600][60.543s][info][gc,task     ] GC(62) Using 6 of 6 workers for init marking
[2026-04-03T03:27:50.584+0600][60.544s][info][gc,ergo     ] GC(62) Pacer for Mark. Expected Live: 260M, Free: 482M, Non-Taxable: 49446K, Alloc Tax Rate: 0.7x
[2026-04-03T03:27:50.584+0600][60.544s][info][gc          ] GC(62) Pause Init Mark (unload classes) 0.141ms
[2026-04-03T03:27:50.584+0600][60.544s][info][gc,start    ] GC(62) Concurrent marking roots
[2026-04-03T03:27:50.584+0600][60.544s][info][gc,task     ] GC(62) Using 3 of 6 workers for concurrent marking roots
[2026-04-03T03:27:50.585+0600][60.545s][info][gc          ] GC(62) Concurrent marking roots 1.005ms
[2026-04-03T03:27:50.585+0600][60.545s][info][gc,start    ] GC(62) Concurrent marking (unload classes)
[2026-04-03T03:27:50.585+0600][60.545s][info][gc,task     ] GC(62) Using 3 of 6 workers for concurrent marking
[2026-04-03T03:27:50.856+0600][60.816s][info][gc          ] GC(62) Concurrent marking (unload classes) 271.082ms
[2026-04-03T03:27:50.856+0600][60.816s][info][gc,start    ] GC(62) Pause Final Mark (unload classes)
[2026-04-03T03:27:50.856+0600][60.816s][info][gc,task     ] GC(62) Using 6 of 6 workers for final marking
[2026-04-03T03:27:50.857+0600][60.817s][info][gc,ergo     ] GC(62) Adaptive CSet Selection. Target Free: 177M, Actual Free: 849M, Max CSet: 53333K, Min Garbage: 0B
[2026-04-03T03:27:50.857+0600][60.817s][info][gc,ergo     ] GC(62) Collectable Garbage: 496M (98%), Immediate: 396M (78%), CSet: 100M (19%)
[2026-04-03T03:27:50.857+0600][60.817s][info][gc,ergo     ] GC(62) Pacer for Evacuation. Used CSet: 123M, Free: 801M, Non-Taxable: 82061K, Alloc Tax Rate: 1.1x
[2026-04-03T03:27:50.857+0600][60.817s][info][gc          ] GC(62) Pause Final Mark (unload classes) 0.866ms
[2026-04-03T03:27:50.857+0600][60.817s][info][gc,start    ] GC(62) Concurrent thread roots
[2026-04-03T03:27:50.857+0600][60.817s][info][gc,task     ] GC(62) Using 3 of 6 workers for Concurrent thread roots
[2026-04-03T03:27:50.858+0600][60.818s][info][gc          ] GC(62) Concurrent thread roots 0.982ms
[2026-04-03T03:27:50.858+0600][60.818s][info][gc,start    ] GC(62) Concurrent weak references
[2026-04-03T03:27:50.858+0600][60.818s][info][gc,task     ] GC(62) Using 3 of 6 workers for concurrent weak references
[2026-04-03T03:27:50.858+0600][60.818s][info][gc,ref      ] GC(62) Encountered references: Soft: 3285, Weak: 6658, Final: 84, Phantom: 602
[2026-04-03T03:27:50.858+0600][60.818s][info][gc,ref      ] GC(62) Discovered  references: Soft: 0, Weak: 1369, Final: 2, Phantom: 599
[2026-04-03T03:27:50.858+0600][60.818s][info][gc,ref      ] GC(62) Enqueued    references: Soft: 0, Weak: 141, Final: 0, Phantom: 0
[2026-04-03T03:27:50.858+0600][60.819s][info][gc          ] GC(62) Concurrent weak references 0.459ms
[2026-04-03T03:27:50.858+0600][60.819s][info][gc,start    ] GC(62) Concurrent weak roots
[2026-04-03T03:27:50.859+0600][60.819s][info][gc,task     ] GC(62) Using 3 of 6 workers for concurrent weak root
[2026-04-03T03:27:50.861+0600][60.821s][info][gc          ] GC(62) Concurrent weak roots 2.465ms
[2026-04-03T03:27:50.861+0600][60.821s][info][gc,start    ] GC(62) Concurrent cleanup
[2026-04-03T03:27:50.862+0600][60.822s][info][gc          ] GC(62) Concurrent cleanup 776M->382M(1077M) 0.594ms
[2026-04-03T03:27:50.862+0600][60.822s][info][gc,ergo     ] GC(62) Free: 798M, Max: 512K regular, 220M humongous, Frag: 73% external, 0% internal; Reserve: 63927K, Max: 512K
[2026-04-03T03:27:50.862+0600][60.822s][info][gc,start    ] GC(62) Concurrent class unloading
[2026-04-03T03:27:50.862+0600][60.822s][info][gc,task     ] GC(62) Using 3 of 6 workers for concurrent class unloading
[2026-04-03T03:27:50.869+0600][60.829s][info][gc          ] GC(62) Concurrent class unloading 6.997ms
[2026-04-03T03:27:50.869+0600][60.829s][info][gc,start    ] GC(62) Concurrent strong roots
[2026-04-03T03:27:50.869+0600][60.829s][info][gc,task     ] GC(62) Using 3 of 6 workers for concurrent strong root
[2026-04-03T03:27:50.870+0600][60.830s][info][gc          ] GC(62) Concurrent strong roots 0.809ms
[2026-04-03T03:27:50.870+0600][60.830s][info][gc,start    ] GC(62) Concurrent evacuation
[2026-04-03T03:27:50.870+0600][60.830s][info][gc,task     ] GC(62) Using 3 of 6 workers for concurrent evacuation
[2026-04-03T03:27:50.892+0600][60.852s][info][gc          ] GC(62) Concurrent evacuation 22.655ms
[2026-04-03T03:27:50.893+0600][60.853s][info][gc,start    ] GC(62) Pause Init Update Refs
[2026-04-03T03:27:50.893+0600][60.853s][info][gc,ergo     ] GC(62) Pacer for Update Refs. Used: 410M, Free: 793M, Non-Taxable: 81283K, Alloc Tax Rate: 1.1x
[2026-04-03T03:27:50.893+0600][60.853s][info][gc          ] GC(62) Pause Init Update Refs 0.089ms
[2026-04-03T03:27:50.893+0600][60.853s][info][gc,start    ] GC(62) Concurrent update references
[2026-04-03T03:27:50.893+0600][60.853s][info][gc,task     ] GC(62) Using 3 of 6 workers for concurrent reference update
[2026-04-03T03:27:51.114+0600][61.074s][info][gc          ] GC(62) Concurrent update references 221.550ms
[2026-04-03T03:27:51.114+0600][61.074s][info][gc,start    ] GC(62) Concurrent update thread roots
[2026-04-03T03:27:51.116+0600][61.076s][info][gc          ] GC(62) Concurrent update thread roots 1.748ms
[2026-04-03T03:27:51.116+0600][61.076s][info][gc,start    ] GC(62) Pause Final Update Refs
[2026-04-03T03:27:51.116+0600][61.077s][info][gc,task     ] GC(62) Using 6 of 6 workers for final reference update
[2026-04-03T03:27:51.117+0600][61.077s][info][gc          ] GC(62) Pause Final Update Refs 0.244ms
[2026-04-03T03:27:51.117+0600][61.077s][info][gc,start    ] GC(62) Concurrent cleanup
[2026-04-03T03:27:51.117+0600][61.077s][info][gc          ] GC(62) Concurrent cleanup 485M->361M(1077M) 0.472ms
[2026-04-03T03:27:51.118+0600][61.078s][info][gc,ergo     ] Free: 814M, Max: 512K regular, 228M humongous, Frag: 72% external, 0% internal; Reserve: 64000K, Max: 512K
[2026-04-03T03:27:51.118+0600][61.078s][info][gc,stats    ] 
[2026-04-03T03:27:51.118+0600][61.078s][info][gc,stats    ] All times are wall-clock times, except per-root-class counters, that are sum over
[2026-04-03T03:27:51.118+0600][61.078s][info][gc,stats    ] all workers. Dividing the <total> over the root stage time estimates parallelism.
[2026-04-03T03:27:51.118+0600][61.078s][info][gc,stats    ] 
[2026-04-03T03:27:51.118+0600][61.078s][info][gc,stats    ] Concurrent Reset                   2138 us
[2026-04-03T03:27:51.118+0600][61.078s][info][gc,stats    ] Pause Init Mark (G)                 434 us
[2026-04-03T03:27:51.118+0600][61.078s][info][gc,stats    ] Pause Init Mark (N)                 152 us
[2026-04-03T03:27:51.118+0600][61.078s][info][gc,stats    ]   Update Region States               23 us
[2026-04-03T03:27:51.118+0600][61.078s][info][gc,stats    ] Concurrent Mark Roots              1078 us, parallelism: 1.62x
[2026-04-03T03:27:51.118+0600][61.078s][info][gc,stats    ]   CMR: <total>                     1748 us
[2026-04-03T03:27:51.118+0600][61.078s][info][gc,stats    ]   CMR: Thread Roots                1516 us, workers (us): 390, 588, 538, ---, ---, ---, 
[2026-04-03T03:27:51.118+0600][61.078s][info][gc,stats    ]   CMR: VM Strong Roots               40 us, workers (us):  33,   6,   1, ---, ---, ---, 
[2026-04-03T03:27:51.118+0600][61.078s][info][gc,stats    ]   CMR: CLDG Roots                   192 us, workers (us): 192, ---, ---, ---, ---, ---, 
[2026-04-03T03:27:51.118+0600][61.078s][info][gc,stats    ] Concurrent Marking               271178 us
[2026-04-03T03:27:51.118+0600][61.078s][info][gc,stats    ] Pause Final Mark (G)               1109 us
[2026-04-03T03:27:51.118+0600][61.078s][info][gc,stats    ] Pause Final Mark (N)                886 us
[2026-04-03T03:27:51.118+0600][61.078s][info][gc,stats    ]   Finish Mark                       313 us
[2026-04-03T03:27:51.118+0600][61.078s][info][gc,stats    ]   Update Region States               56 us
[2026-04-03T03:27:51.118+0600][61.078s][info][gc,stats    ]   Choose Collection Set             327 us
[2026-04-03T03:27:51.118+0600][61.078s][info][gc,stats    ]   Rebuild Free Set                   37 us
[2026-04-03T03:27:51.118+0600][61.078s][info][gc,stats    ] Concurrent Thread Roots            1021 us, parallelism: 2.18x
[2026-04-03T03:27:51.118+0600][61.078s][info][gc,stats    ]   CTR: <total>                     2223 us
[2026-04-03T03:27:51.118+0600][61.078s][info][gc,stats    ]   CTR: Thread Roots                2223 us, workers (us): 799, 708, 716, ---, ---, ---, 
[2026-04-03T03:27:51.118+0600][61.078s][info][gc,stats    ] Concurrent Weak References          474 us, parallelism: 0.83x
[2026-04-03T03:27:51.118+0600][61.078s][info][gc,stats    ]   CWRF: <total>                     394 us
[2026-04-03T03:27:51.118+0600][61.078s][info][gc,stats    ]   CWRF: Weak References             394 us, workers (us): 234, 129,  31, ---, ---, ---, 
[2026-04-03T03:27:51.118+0600][61.078s][info][gc,stats    ] Concurrent Weak Roots              2543 us
[2026-04-03T03:27:51.118+0600][61.078s][info][gc,stats    ]   Roots                            2060 us, parallelism: 2.47x
[2026-04-03T03:27:51.118+0600][61.078s][info][gc,stats    ]     CWR: <total>                   5086 us
[2026-04-03T03:27:51.118+0600][61.078s][info][gc,stats    ]     CWR: Code Cache Roots          3602 us, workers (us): 1181, 1159, 1262, ---, ---, ---, 
[2026-04-03T03:27:51.118+0600][61.078s][info][gc,stats    ]     CWR: VM Weak Roots             1409 us, workers (us): 493, 489, 427, ---, ---, ---, 
[2026-04-03T03:27:51.118+0600][61.078s][info][gc,stats    ]     CWR: CLDG Roots                  75 us, workers (us): ---,  75, ---, ---, ---, ---, 
[2026-04-03T03:27:51.118+0600][61.078s][info][gc,stats    ]   Rendezvous                        375 us
[2026-04-03T03:27:51.118+0600][61.078s][info][gc,stats    ] Concurrent Cleanup                  610 us
[2026-04-03T03:27:51.118+0600][61.078s][info][gc,stats    ] Concurrent Class Unloading         7089 us
[2026-04-03T03:27:51.118+0600][61.078s][info][gc,stats    ]   Unlink Stale                     6593 us
[2026-04-03T03:27:51.118+0600][61.078s][info][gc,stats    ]     System Dictionary               117 us
[2026-04-03T03:27:51.118+0600][61.078s][info][gc,stats    ]     Weak Class Links                  0 us
[2026-04-03T03:27:51.118+0600][61.078s][info][gc,stats    ]     Code Roots                     6472 us
[2026-04-03T03:27:51.118+0600][61.078s][info][gc,stats    ]   Rendezvous                        231 us
[2026-04-03T03:27:51.118+0600][61.078s][info][gc,stats    ]   Purge Unlinked                    116 us
[2026-04-03T03:27:51.118+0600][61.078s][info][gc,stats    ]     Code Roots                      107 us
[2026-04-03T03:27:51.118+0600][61.078s][info][gc,stats    ]     CLDG                              8 us
[2026-04-03T03:27:51.118+0600][61.078s][info][gc,stats    ]     Exception Caches                  0 us
[2026-04-03T03:27:51.118+0600][61.078s][info][gc,stats    ] Concurrent Strong Roots             846 us, parallelism: 0.64x
[2026-04-03T03:27:51.118+0600][61.078s][info][gc,stats    ]   CSR: <total>                      542 us
[2026-04-03T03:27:51.118+0600][61.078s][info][gc,stats    ]   CSR: VM Strong Roots               52 us, workers (us):  47,   2,   3, ---, ---, ---, 
[2026-04-03T03:27:51.118+0600][61.078s][info][gc,stats    ]   CSR: CLDG Roots                   490 us, workers (us): 490, ---, ---, ---, ---, ---, 
[2026-04-03T03:27:51.118+0600][61.078s][info][gc,stats    ] Concurrent Evacuation             22738 us
[2026-04-03T03:27:51.118+0600][61.078s][info][gc,stats    ] Pause Init Update Refs (G)          251 us
[2026-04-03T03:27:51.118+0600][61.078s][info][gc,stats    ] Pause Init Update Refs (N)           99 us
[2026-04-03T03:27:51.118+0600][61.078s][info][gc,stats    ]   Manage GCLABs                      36 us
[2026-04-03T03:27:51.118+0600][61.078s][info][gc,stats    ] Concurrent Update Refs           221662 us
[2026-04-03T03:27:51.118+0600][61.078s][info][gc,stats    ] Concurrent Update Thread Roots     1828 us
[2026-04-03T03:27:51.118+0600][61.078s][info][gc,stats    ] Pause Final Update Refs (G)         712 us
[2026-04-03T03:27:51.118+0600][61.078s][info][gc,stats    ] Pause Final Update Refs (N)         292 us
[2026-04-03T03:27:51.118+0600][61.078s][info][gc,stats    ]   Update Region States               66 us
[2026-04-03T03:27:51.118+0600][61.078s][info][gc,stats    ]   Trash Collection Set               15 us
[2026-04-03T03:27:51.118+0600][61.078s][info][gc,stats    ]   Rebuild Free Set                   42 us
[2026-04-03T03:27:51.118+0600][61.078s][info][gc,stats    ] Concurrent Cleanup                  570 us
[2026-04-03T03:27:51.118+0600][61.078s][info][gc,stats    ] Pacing                           265027 us
[2026-04-03T03:27:51.118+0600][61.078s][info][gc,stats    ] 
[2026-04-03T03:27:51.118+0600][61.078s][info][gc,stats    ] Allocation pacing accrued:
[2026-04-03T03:27:51.118+0600][61.078s][info][gc,stats    ]      11 of  1344 ms (  0.8%): dispatcher-event-loop-8
[2026-04-03T03:27:51.118+0600][61.078s][info][gc,stats    ]      10 of  1344 ms (  0.8%): dispatcher-event-loop-10
[2026-04-03T03:27:51.118+0600][61.078s][info][gc,stats    ]      10 of  1344 ms (  0.7%): dag-scheduler-event-loop
[2026-04-03T03:27:51.118+0600][61.078s][info][gc,stats    ]      87 of  1344 ms (  6.5%): Executor task launch worker for task 0.0 in stage 33.0 (TID 48)
[2026-04-03T03:27:51.118+0600][61.079s][info][gc,stats    ]      45 of  1344 ms (  3.3%): Executor task launch worker for task 2.0 in stage 33.0 (TID 50)
[2026-04-03T03:27:51.118+0600][61.079s][info][gc,stats    ]      79 of  1344 ms (  5.9%): Executor task launch worker for task 1.0 in stage 33.0 (TID 49)
[2026-04-03T03:27:51.119+0600][61.079s][info][gc,stats    ]      23 of  1344 ms (  1.7%): task-result-getter-0
[2026-04-03T03:27:51.119+0600][61.079s][info][gc,stats    ]     265 of  1344 ms ( 19.7%): <total>
[2026-04-03T03:27:51.119+0600][61.079s][info][gc,stats    ]       1 of  1344 ms (  0.1%): <average total>
[2026-04-03T03:27:51.119+0600][61.079s][info][gc,stats    ]      38 of  1344 ms (  2.8%): <average non-zero>
[2026-04-03T03:27:51.119+0600][61.079s][info][gc,stats    ] 
[2026-04-03T03:27:51.119+0600][61.079s][info][gc,metaspace] Metaspace: 73083K(73984K)->73173K(74048K) NonClass: 63807K(64320K)->63890K(64384K) Class: 9276K(9664K)->9283K(9664K)
[2026-04-03T03:27:51.119+0600][61.079s][info][gc,ergo     ] Pacer for Idle. Initial: 25600K, Alloc Tax Rate: 1.0x
[2026-04-03T03:27:51.560+0600][61.520s][info][gc          ] Trigger: Average GC time (766.42 ms) is above the time for average allocation rate (656 MB/s) to deplete free headroom (502M) (margin of error = 1.77)
[2026-04-03T03:27:51.560+0600][61.520s][info][gc,ergo     ] Free headroom: 564M (free) - 64000K (spike) - 0B (penalties) = 502M
[2026-04-03T03:27:51.560+0600][61.520s][info][gc,ergo     ] Free: 564M, Max: 512K regular, 228M humongous, Frag: 60% external, 0% internal; Reserve: 64000K, Max: 512K
[2026-04-03T03:27:51.560+0600][61.520s][info][gc,start    ] GC(63) Concurrent reset
[2026-04-03T03:27:51.560+0600][61.520s][info][gc,task     ] GC(63) Using 3 of 6 workers for concurrent reset
[2026-04-03T03:27:51.560+0600][61.520s][info][gc,ergo     ] GC(63) Pacer for Reset. Non-Taxable: 1250M
[2026-04-03T03:27:51.561+0600][61.521s][info][gc          ] GC(63) Concurrent reset 1.327ms
[2026-04-03T03:27:51.561+0600][61.521s][info][gc,start    ] GC(63) Pause Init Mark (unload classes)
[2026-04-03T03:27:51.561+0600][61.521s][info][gc,task     ] GC(63) Using 6 of 6 workers for init marking
[2026-04-03T03:27:51.561+0600][61.521s][info][gc,ergo     ] GC(63) Pacer for Mark. Expected Live: 262M, Free: 561M, Non-Taxable: 57503K, Alloc Tax Rate: 0.6x
[2026-04-03T03:27:51.561+0600][61.521s][info][gc          ] GC(63) Pause Init Mark (unload classes) 0.139ms
[2026-04-03T03:27:51.562+0600][61.522s][info][gc,start    ] GC(63) Concurrent marking roots
[2026-04-03T03:27:51.562+0600][61.522s][info][gc,task     ] GC(63) Using 3 of 6 workers for concurrent marking roots
[2026-04-03T03:27:51.562+0600][61.523s][info][gc          ] GC(63) Concurrent marking roots 0.963ms
[2026-04-03T03:27:51.563+0600][61.523s][info][gc,start    ] GC(63) Concurrent marking (unload classes)
[2026-04-03T03:27:51.563+0600][61.523s][info][gc,task     ] GC(63) Using 3 of 6 workers for concurrent marking
[2026-04-03T03:27:51.836+0600][61.796s][info][gc          ] GC(63) Concurrent marking (unload classes) 273.162ms
[2026-04-03T03:27:51.836+0600][61.796s][info][gc,start    ] GC(63) Pause Final Mark (unload classes)
[2026-04-03T03:27:51.836+0600][61.796s][info][gc,task     ] GC(63) Using 6 of 6 workers for final marking
[2026-04-03T03:27:51.836+0600][61.797s][info][gc,ergo     ] GC(63) Adaptive CSet Selection. Target Free: 177M, Actual Free: 917M, Max CSet: 53333K, Min Garbage: 0B
[2026-04-03T03:27:51.837+0600][61.797s][info][gc,ergo     ] GC(63) Collectable Garbage: 433M (98%), Immediate: 376M (85%), CSet: 58637K (12%)
[2026-04-03T03:27:51.837+0600][61.797s][info][gc,ergo     ] GC(63) Pacer for Evacuation. Used CSet: 71554K, Free: 872M, Non-Taxable: 89324K, Alloc Tax Rate: 1.1x
[2026-04-03T03:27:51.837+0600][61.797s][info][gc          ] GC(63) Pause Final Mark (unload classes) 0.830ms
[2026-04-03T03:27:51.837+0600][61.797s][info][gc,start    ] GC(63) Concurrent thread roots
[2026-04-03T03:27:51.837+0600][61.797s][info][gc,task     ] GC(63) Using 3 of 6 workers for Concurrent thread roots
[2026-04-03T03:27:51.838+0600][61.798s][info][gc          ] GC(63) Concurrent thread roots 1.244ms
[2026-04-03T03:27:51.838+0600][61.799s][info][gc,start    ] GC(63) Concurrent weak references
[2026-04-03T03:27:51.839+0600][61.799s][info][gc,task     ] GC(63) Using 3 of 6 workers for concurrent weak references
[2026-04-03T03:27:51.839+0600][61.799s][info][gc,ref      ] GC(63) Encountered references: Soft: 3337, Weak: 6896, Final: 84, Phantom: 602
[2026-04-03T03:27:51.839+0600][61.799s][info][gc,ref      ] GC(63) Discovered  references: Soft: 0, Weak: 1115, Final: 0, Phantom: 599
[2026-04-03T03:27:51.839+0600][61.799s][info][gc,ref      ] GC(63) Enqueued    references: Soft: 0, Weak: 379, Final: 0, Phantom: 0
[2026-04-03T03:27:51.839+0600][61.799s][info][gc          ] GC(63) Concurrent weak references 0.628ms
[2026-04-03T03:27:51.839+0600][61.799s][info][gc,start    ] GC(63) Concurrent weak roots
[2026-04-03T03:27:51.839+0600][61.799s][info][gc,task     ] GC(63) Using 3 of 6 workers for concurrent weak root
[2026-04-03T03:27:51.843+0600][61.803s][info][gc          ] GC(63) Concurrent weak roots 3.686ms
[2026-04-03T03:27:51.843+0600][61.803s][info][gc,start    ] GC(63) Concurrent cleanup
[2026-04-03T03:27:51.844+0600][61.804s][info][gc          ] GC(63) Concurrent cleanup 686M->310M(1077M) 0.681ms
[2026-04-03T03:27:51.844+0600][61.804s][info][gc,ergo     ] GC(63) Free: 870M, Max: 512K regular, 228M humongous, Frag: 74% external, 0% internal; Reserve: 63568K, Max: 512K
[2026-04-03T03:27:51.844+0600][61.804s][info][gc,start    ] GC(63) Concurrent class unloading
[2026-04-03T03:27:51.844+0600][61.804s][info][gc,task     ] GC(63) Using 3 of 6 workers for concurrent class unloading
[2026-04-03T03:27:51.870+0600][61.830s][info][gc          ] GC(63) Concurrent class unloading 26.507ms
[2026-04-03T03:27:51.870+0600][61.830s][info][gc,start    ] GC(63) Concurrent strong roots
[2026-04-03T03:27:51.870+0600][61.830s][info][gc,task     ] GC(63) Using 3 of 6 workers for concurrent strong root
[2026-04-03T03:27:51.871+0600][61.831s][info][gc          ] GC(63) Concurrent strong roots 1.103ms
[2026-04-03T03:27:51.871+0600][61.832s][info][gc,start    ] GC(63) Concurrent evacuation
[2026-04-03T03:27:51.872+0600][61.832s][info][gc,task     ] GC(63) Using 3 of 6 workers for concurrent evacuation
[2026-04-03T03:27:51.884+0600][61.844s][info][gc          ] GC(63) Concurrent evacuation 12.412ms
[2026-04-03T03:27:51.884+0600][61.844s][info][gc,start    ] GC(63) Pause Init Update Refs
[2026-04-03T03:27:51.884+0600][61.844s][info][gc,ergo     ] GC(63) Pacer for Update Refs. Used: 336M, Free: 857M, Non-Taxable: 87829K, Alloc Tax Rate: 1.1x
[2026-04-03T03:27:51.884+0600][61.844s][info][gc          ] GC(63) Pause Init Update Refs 0.164ms
[2026-04-03T03:27:51.885+0600][61.845s][info][gc,start    ] GC(63) Concurrent update references
[2026-04-03T03:27:51.885+0600][61.845s][info][gc,task     ] GC(63) Using 3 of 6 workers for concurrent reference update
[2026-04-03T03:27:52.017+0600][61.977s][info][gc          ] GC(63) Concurrent update references 132.544ms
[2026-04-03T03:27:52.017+0600][61.977s][info][gc,start    ] GC(63) Concurrent update thread roots
[2026-04-03T03:27:52.019+0600][61.979s][info][gc          ] GC(63) Concurrent update thread roots 1.361ms
[2026-04-03T03:27:52.019+0600][61.979s][info][gc,start    ] GC(63) Pause Final Update Refs
[2026-04-03T03:27:52.019+0600][61.979s][info][gc,task     ] GC(63) Using 6 of 6 workers for final reference update
[2026-04-03T03:27:52.019+0600][61.979s][info][gc          ] GC(63) Pause Final Update Refs 0.202ms
[2026-04-03T03:27:52.019+0600][61.979s][info][gc,start    ] GC(63) Concurrent cleanup
[2026-04-03T03:27:52.019+0600][61.979s][info][gc          ] GC(63) Concurrent cleanup 368M->298M(1077M) 0.197ms
[2026-04-03T03:27:52.019+0600][61.979s][info][gc,ergo     ] Free: 882M, Max: 512K regular, 228M humongous, Frag: 75% external, 0% internal; Reserve: 64000K, Max: 512K
[2026-04-03T03:27:52.019+0600][61.979s][info][gc,stats    ] 
[2026-04-03T03:27:52.019+0600][61.979s][info][gc,stats    ] All times are wall-clock times, except per-root-class counters, that are sum over
[2026-04-03T03:27:52.019+0600][61.979s][info][gc,stats    ] all workers. Dividing the <total> over the root stage time estimates parallelism.
[2026-04-03T03:27:52.019+0600][61.979s][info][gc,stats    ] 
[2026-04-03T03:27:52.019+0600][61.980s][info][gc,stats    ] Concurrent Reset                   1389 us
[2026-04-03T03:27:52.020+0600][61.980s][info][gc,stats    ] Pause Init Mark (G)                 485 us
[2026-04-03T03:27:52.020+0600][61.980s][info][gc,stats    ] Pause Init Mark (N)                 150 us
[2026-04-03T03:27:52.020+0600][61.980s][info][gc,stats    ]   Update Region States               36 us
[2026-04-03T03:27:52.020+0600][61.980s][info][gc,stats    ] Concurrent Mark Roots               986 us, parallelism: 1.60x
[2026-04-03T03:27:52.020+0600][61.980s][info][gc,stats    ]   CMR: <total>                     1574 us
[2026-04-03T03:27:52.020+0600][61.980s][info][gc,stats    ]   CMR: Thread Roots                1373 us, workers (us): 355, 524, 494, ---, ---, ---, 
[2026-04-03T03:27:52.020+0600][61.980s][info][gc,stats    ]   CMR: VM Strong Roots               27 us, workers (us):  25,   1,   0, ---, ---, ---, 
[2026-04-03T03:27:52.020+0600][61.980s][info][gc,stats    ]   CMR: CLDG Roots                   174 us, workers (us): 174, ---, ---, ---, ---, ---, 
[2026-04-03T03:27:52.020+0600][61.980s][info][gc,stats    ] Concurrent Marking               273293 us
[2026-04-03T03:27:52.020+0600][61.980s][info][gc,stats    ] Pause Final Mark (G)               1383 us
[2026-04-03T03:27:52.020+0600][61.980s][info][gc,stats    ] Pause Final Mark (N)                850 us
[2026-04-03T03:27:52.020+0600][61.980s][info][gc,stats    ]   Finish Mark                       268 us
[2026-04-03T03:27:52.020+0600][61.980s][info][gc,stats    ]   Update Region States               73 us
[2026-04-03T03:27:52.020+0600][61.980s][info][gc,stats    ]   Choose Collection Set             293 us
[2026-04-03T03:27:52.020+0600][61.980s][info][gc,stats    ]   Rebuild Free Set                   42 us
[2026-04-03T03:27:52.020+0600][61.980s][info][gc,stats    ] Concurrent Thread Roots            1296 us, parallelism: 2.23x
[2026-04-03T03:27:52.020+0600][61.980s][info][gc,stats    ]   CTR: <total>                     2896 us
[2026-04-03T03:27:52.020+0600][61.980s][info][gc,stats    ]   CTR: Thread Roots                2896 us, workers (us): 983, 991, 922, ---, ---, ---, 
[2026-04-03T03:27:52.020+0600][61.980s][info][gc,stats    ] Concurrent Weak References          646 us, parallelism: 0.75x
[2026-04-03T03:27:52.020+0600][61.980s][info][gc,stats    ]   CWRF: <total>                     484 us
[2026-04-03T03:27:52.020+0600][61.980s][info][gc,stats    ]   CWRF: Weak References             484 us, workers (us): 150,  43, 291, ---, ---, ---, 
[2026-04-03T03:27:52.020+0600][61.980s][info][gc,stats    ] Concurrent Weak Roots              3784 us
[2026-04-03T03:27:52.020+0600][61.980s][info][gc,stats    ]   Roots                            3159 us, parallelism: 2.52x
[2026-04-03T03:27:52.020+0600][61.980s][info][gc,stats    ]     CWR: <total>                   7955 us
[2026-04-03T03:27:52.020+0600][61.980s][info][gc,stats    ]     CWR: Code Cache Roots          5774 us, workers (us): 1990, 1904, 1880, ---, ---, ---, 
[2026-04-03T03:27:52.020+0600][61.980s][info][gc,stats    ]     CWR: VM Weak Roots             2071 us, workers (us): 734, 690, 648, ---, ---, ---, 
[2026-04-03T03:27:52.020+0600][61.980s][info][gc,stats    ]     CWR: CLDG Roots                 110 us, workers (us): ---, 110, ---, ---, ---, ---, 
[2026-04-03T03:27:52.020+0600][61.980s][info][gc,stats    ]   Rendezvous                        487 us
[2026-04-03T03:27:52.020+0600][61.980s][info][gc,stats    ] Concurrent Cleanup                  704 us
[2026-04-03T03:27:52.020+0600][61.980s][info][gc,stats    ] Concurrent Class Unloading        26628 us
[2026-04-03T03:27:52.020+0600][61.980s][info][gc,stats    ]   Unlink Stale                    25413 us
[2026-04-03T03:27:52.020+0600][61.980s][info][gc,stats    ]     System Dictionary               307 us
[2026-04-03T03:27:52.020+0600][61.980s][info][gc,stats    ]     Weak Class Links              16900 us
[2026-04-03T03:27:52.020+0600][61.980s][info][gc,stats    ]     Code Roots                     8198 us
[2026-04-03T03:27:52.020+0600][61.980s][info][gc,stats    ]   Rendezvous                        416 us
[2026-04-03T03:27:52.020+0600][61.980s][info][gc,stats    ]   Purge Unlinked                    613 us
[2026-04-03T03:27:52.020+0600][61.980s][info][gc,stats    ]     Code Roots                      567 us
[2026-04-03T03:27:52.020+0600][61.980s][info][gc,stats    ]     CLDG                             45 us
[2026-04-03T03:27:52.020+0600][61.980s][info][gc,stats    ]     Exception Caches                  1 us
[2026-04-03T03:27:52.020+0600][61.980s][info][gc,stats    ] Concurrent Strong Roots            1167 us, parallelism: 0.62x
[2026-04-03T03:27:52.020+0600][61.980s][info][gc,stats    ]   CSR: <total>                      725 us
[2026-04-03T03:27:52.020+0600][61.980s][info][gc,stats    ]   CSR: VM Strong Roots               59 us, workers (us):  54,   4,   0, ---, ---, ---, 
[2026-04-03T03:27:52.020+0600][61.980s][info][gc,stats    ]   CSR: CLDG Roots                   666 us, workers (us): 666, ---, ---, ---, ---, ---, 
[2026-04-03T03:27:52.020+0600][61.980s][info][gc,stats    ] Concurrent Evacuation             12533 us
[2026-04-03T03:27:52.020+0600][61.980s][info][gc,stats    ] Pause Init Update Refs (G)          588 us
[2026-04-03T03:27:52.020+0600][61.980s][info][gc,stats    ] Pause Init Update Refs (N)          184 us
[2026-04-03T03:27:52.020+0600][61.980s][info][gc,stats    ]   Manage GCLABs                      69 us
[2026-04-03T03:27:52.020+0600][61.980s][info][gc,stats    ] Concurrent Update Refs           132629 us
[2026-04-03T03:27:52.020+0600][61.980s][info][gc,stats    ] Concurrent Update Thread Roots     1410 us
[2026-04-03T03:27:52.020+0600][61.980s][info][gc,stats    ] Pause Final Update Refs (G)         483 us
[2026-04-03T03:27:52.020+0600][61.980s][info][gc,stats    ] Pause Final Update Refs (N)         217 us
[2026-04-03T03:27:52.020+0600][61.980s][info][gc,stats    ]   Update Region States               45 us
[2026-04-03T03:27:52.020+0600][61.980s][info][gc,stats    ]   Trash Collection Set               10 us
[2026-04-03T03:27:52.020+0600][61.980s][info][gc,stats    ]   Rebuild Free Set                   30 us
[2026-04-03T03:27:52.020+0600][61.980s][info][gc,stats    ] Concurrent Cleanup                  218 us
[2026-04-03T03:27:52.020+0600][61.980s][info][gc,stats    ] 
[2026-04-03T03:27:52.020+0600][61.980s][info][gc,stats    ] Allocation pacing accrued:
[2026-04-03T03:27:52.020+0600][61.980s][info][gc,stats    ]       0 of   902 ms (  0.0%): <total>
[2026-04-03T03:27:52.020+0600][61.980s][info][gc,stats    ]       0 of   902 ms (  0.0%): <average total>
[2026-04-03T03:27:52.020+0600][61.980s][info][gc,stats    ] 
[2026-04-03T03:27:52.020+0600][61.980s][info][gc,metaspace] Metaspace: 73207K(74048K)->73222K(74112K) NonClass: 63922K(64384K)->63937K(64448K) Class: 9285K(9664K)->9285K(9664K)
[2026-04-03T03:27:52.020+0600][61.980s][info][gc,ergo     ] Pacer for Idle. Initial: 25600K, Alloc Tax Rate: 1.0x
[2026-04-03T03:27:52.425+0600][62.385s][info][gc          ] Trigger: Average GC time (704.37 ms) is above the time for average allocation rate (1028 MB/s) to deplete free headroom (529M) (margin of error = 1.76)
[2026-04-03T03:27:52.425+0600][62.385s][info][gc,ergo     ] Free headroom: 592M (free) - 64000K (spike) - 0B (penalties) = 529M
[2026-04-03T03:27:52.425+0600][62.385s][info][gc,ergo     ] Free: 592M, Max: 512K regular, 228M humongous, Frag: 62% external, 0% internal; Reserve: 64000K, Max: 512K
[2026-04-03T03:27:52.425+0600][62.385s][info][gc,start    ] GC(64) Concurrent reset
[2026-04-03T03:27:52.425+0600][62.385s][info][gc,task     ] GC(64) Using 3 of 6 workers for concurrent reset
[2026-04-03T03:27:52.425+0600][62.385s][info][gc,ergo     ] GC(64) Pacer for Reset. Non-Taxable: 1250M
[2026-04-03T03:27:52.426+0600][62.386s][info][gc          ] GC(64) Concurrent reset 0.746ms
[2026-04-03T03:27:52.426+0600][62.386s][info][gc,start    ] GC(64) Pause Init Mark (unload classes)
[2026-04-03T03:27:52.426+0600][62.386s][info][gc,task     ] GC(64) Using 6 of 6 workers for init marking
[2026-04-03T03:27:52.426+0600][62.386s][info][gc,ergo     ] GC(64) Pacer for Mark. Expected Live: 246M, Free: 591M, Non-Taxable: 60539K, Alloc Tax Rate: 0.5x
[2026-04-03T03:27:52.426+0600][62.386s][info][gc          ] GC(64) Pause Init Mark (unload classes) 0.137ms
[2026-04-03T03:27:52.426+0600][62.386s][info][gc,start    ] GC(64) Concurrent marking roots
[2026-04-03T03:27:52.426+0600][62.386s][info][gc,task     ] GC(64) Using 3 of 6 workers for concurrent marking roots
[2026-04-03T03:27:52.427+0600][62.387s][info][gc          ] GC(64) Concurrent marking roots 0.920ms
[2026-04-03T03:27:52.427+0600][62.387s][info][gc,start    ] GC(64) Concurrent marking (unload classes)
[2026-04-03T03:27:52.427+0600][62.387s][info][gc,task     ] GC(64) Using 3 of 6 workers for concurrent marking
[2026-04-03T03:27:52.609+0600][62.569s][info][gc          ] GC(64) Concurrent marking (unload classes) 181.317ms
[2026-04-03T03:27:52.609+0600][62.569s][info][gc,start    ] GC(64) Pause Final Mark (unload classes)
[2026-04-03T03:27:52.609+0600][62.569s][info][gc,task     ] GC(64) Using 6 of 6 workers for final marking
[2026-04-03T03:27:52.609+0600][62.569s][info][gc,ergo     ] GC(64) Adaptive CSet Selection. Target Free: 177M, Actual Free: 808M, Max CSet: 53333K, Min Garbage: 0B
[2026-04-03T03:27:52.610+0600][62.570s][info][gc,ergo     ] GC(64) Collectable Garbage: 411M (98%), Immediate: 245M (58%), CSet: 165M (39%)
[2026-04-03T03:27:52.610+0600][62.570s][info][gc,ergo     ] GC(64) Pacer for Evacuation. Used CSet: 186M, Free: 754M, Non-Taxable: 77281K, Alloc Tax Rate: 1.1x
[2026-04-03T03:27:52.610+0600][62.570s][info][gc          ] GC(64) Pause Final Mark (unload classes) 0.842ms
[2026-04-03T03:27:52.610+0600][62.570s][info][gc,start    ] GC(64) Concurrent thread roots
[2026-04-03T03:27:52.610+0600][62.570s][info][gc,task     ] GC(64) Using 3 of 6 workers for Concurrent thread roots
[2026-04-03T03:27:52.611+0600][62.571s][info][gc          ] GC(64) Concurrent thread roots 0.832ms
[2026-04-03T03:27:52.611+0600][62.571s][info][gc,start    ] GC(64) Concurrent weak references
[2026-04-03T03:27:52.611+0600][62.571s][info][gc,task     ] GC(64) Using 3 of 6 workers for concurrent weak references
[2026-04-03T03:27:52.611+0600][62.571s][info][gc,ref      ] GC(64) Encountered references: Soft: 3341, Weak: 6617, Final: 84, Phantom: 602
[2026-04-03T03:27:52.611+0600][62.571s][info][gc,ref      ] GC(64) Discovered  references: Soft: 0, Weak: 1069, Final: 2, Phantom: 599
[2026-04-03T03:27:52.611+0600][62.571s][info][gc,ref      ] GC(64) Enqueued    references: Soft: 0, Weak: 97, Final: 0, Phantom: 0
[2026-04-03T03:27:52.611+0600][62.571s][info][gc          ] GC(64) Concurrent weak references 0.349ms
[2026-04-03T03:27:52.611+0600][62.571s][info][gc,start    ] GC(64) Concurrent weak roots
[2026-04-03T03:27:52.611+0600][62.571s][info][gc,task     ] GC(64) Using 3 of 6 workers for concurrent weak root
[2026-04-03T03:27:52.614+0600][62.574s][info][gc          ] GC(64) Concurrent weak roots 2.552ms
[2026-04-03T03:27:52.614+0600][62.574s][info][gc,start    ] GC(64) Concurrent cleanup
[2026-04-03T03:27:52.614+0600][62.574s][info][gc          ] GC(64) Concurrent cleanup 676M->431M(1077M) 0.292ms
[2026-04-03T03:27:52.614+0600][62.574s][info][gc,ergo     ] GC(64) Free: 750M, Max: 512K regular, 228M humongous, Frag: 70% external, 0% internal; Reserve: 63859K, Max: 512K
[2026-04-03T03:27:52.614+0600][62.574s][info][gc,start    ] GC(64) Concurrent class unloading
[2026-04-03T03:27:52.614+0600][62.574s][info][gc,task     ] GC(64) Using 3 of 6 workers for concurrent class unloading
[2026-04-03T03:27:52.640+0600][62.600s][info][gc          ] GC(64) Concurrent class unloading 25.732ms
[2026-04-03T03:27:52.640+0600][62.600s][info][gc,start    ] GC(64) Concurrent strong roots
[2026-04-03T03:27:52.640+0600][62.600s][info][gc,task     ] GC(64) Using 3 of 6 workers for concurrent strong root
[2026-04-03T03:27:52.641+0600][62.601s][info][gc          ] GC(64) Concurrent strong roots 1.018ms
[2026-04-03T03:27:52.641+0600][62.601s][info][gc,start    ] GC(64) Concurrent evacuation
[2026-04-03T03:27:52.641+0600][62.601s][info][gc,task     ] GC(64) Using 3 of 6 workers for concurrent evacuation
[2026-04-03T03:27:52.660+0600][62.620s][info][gc          ] GC(64) Concurrent evacuation 19.405ms
[2026-04-03T03:27:52.661+0600][62.621s][info][gc,start    ] GC(64) Pause Init Update Refs
[2026-04-03T03:27:52.661+0600][62.621s][info][gc,ergo     ] GC(64) Pacer for Update Refs. Used: 485M, Free: 718M, Non-Taxable: 73544K, Alloc Tax Rate: 1.1x
[2026-04-03T03:27:52.661+0600][62.621s][info][gc          ] GC(64) Pause Init Update Refs 0.201ms
[2026-04-03T03:27:52.661+0600][62.621s][info][gc,start    ] GC(64) Concurrent update references
[2026-04-03T03:27:52.661+0600][62.621s][info][gc,task     ] GC(64) Using 3 of 6 workers for concurrent reference update
[2026-04-03T03:27:52.772+0600][62.732s][info][gc          ] GC(64) Concurrent update references 110.830ms
[2026-04-03T03:27:52.772+0600][62.732s][info][gc,start    ] GC(64) Concurrent update thread roots
[2026-04-03T03:27:52.773+0600][62.733s][info][gc          ] GC(64) Concurrent update thread roots 1.391ms
[2026-04-03T03:27:52.774+0600][62.734s][info][gc,start    ] GC(64) Pause Final Update Refs
[2026-04-03T03:27:52.774+0600][62.734s][info][gc,task     ] GC(64) Using 6 of 6 workers for final reference update
[2026-04-03T03:27:52.774+0600][62.734s][info][gc          ] GC(64) Pause Final Update Refs 0.189ms
[2026-04-03T03:27:52.774+0600][62.734s][info][gc,start    ] GC(64) Concurrent cleanup
[2026-04-03T03:27:52.774+0600][62.734s][info][gc          ] GC(64) Concurrent cleanup 578M->392M(1077M) 0.225ms
[2026-04-03T03:27:52.774+0600][62.734s][info][gc,ergo     ] Free: 788M, Max: 512K regular, 228M humongous, Frag: 71% external, 0% internal; Reserve: 64000K, Max: 512K
[2026-04-03T03:27:52.774+0600][62.734s][info][gc,stats    ] 
[2026-04-03T03:27:52.774+0600][62.734s][info][gc,stats    ] All times are wall-clock times, except per-root-class counters, that are sum over
[2026-04-03T03:27:52.774+0600][62.734s][info][gc,stats    ] all workers. Dividing the <total> over the root stage time estimates parallelism.
[2026-04-03T03:27:52.774+0600][62.734s][info][gc,stats    ] 
[2026-04-03T03:27:52.774+0600][62.734s][info][gc,stats    ] Concurrent Reset                    787 us
[2026-04-03T03:27:52.774+0600][62.734s][info][gc,stats    ] Pause Init Mark (G)                 387 us
[2026-04-03T03:27:52.774+0600][62.734s][info][gc,stats    ] Pause Init Mark (N)                 148 us
[2026-04-03T03:27:52.774+0600][62.734s][info][gc,stats    ]   Update Region States               26 us
[2026-04-03T03:27:52.774+0600][62.734s][info][gc,stats    ] Concurrent Mark Roots               958 us, parallelism: 1.74x
[2026-04-03T03:27:52.774+0600][62.735s][info][gc,stats    ]   CMR: <total>                     1670 us
[2026-04-03T03:27:52.774+0600][62.735s][info][gc,stats    ]   CMR: Thread Roots                1412 us, workers (us): 326, 546, 539, ---, ---, ---, 
[2026-04-03T03:27:52.775+0600][62.735s][info][gc,stats    ]   CMR: VM Strong Roots               39 us, workers (us):  27,  12,   0, ---, ---, ---, 
[2026-04-03T03:27:52.775+0600][62.735s][info][gc,stats    ]   CMR: CLDG Roots                   219 us, workers (us): 219, ---, ---, ---, ---, ---, 
[2026-04-03T03:27:52.775+0600][62.735s][info][gc,stats    ] Concurrent Marking               181415 us
[2026-04-03T03:27:52.775+0600][62.735s][info][gc,stats    ] Pause Final Mark (G)               1140 us
[2026-04-03T03:27:52.775+0600][62.735s][info][gc,stats    ] Pause Final Mark (N)                854 us
[2026-04-03T03:27:52.775+0600][62.735s][info][gc,stats    ]   Finish Mark                       325 us
[2026-04-03T03:27:52.775+0600][62.735s][info][gc,stats    ]   Update Region States               42 us
[2026-04-03T03:27:52.775+0600][62.735s][info][gc,stats    ]   Choose Collection Set             253 us
[2026-04-03T03:27:52.775+0600][62.735s][info][gc,stats    ]   Rebuild Free Set                   35 us
[2026-04-03T03:27:52.775+0600][62.735s][info][gc,stats    ] Concurrent Thread Roots             869 us, parallelism: 2.17x
[2026-04-03T03:27:52.775+0600][62.735s][info][gc,stats    ]   CTR: <total>                     1889 us
[2026-04-03T03:27:52.775+0600][62.735s][info][gc,stats    ]   CTR: Thread Roots                1889 us, workers (us): 643, 639, 606, ---, ---, ---, 
[2026-04-03T03:27:52.775+0600][62.735s][info][gc,stats    ] Concurrent Weak References          362 us, parallelism: 0.74x
[2026-04-03T03:27:52.775+0600][62.735s][info][gc,stats    ]   CWRF: <total>                     267 us
[2026-04-03T03:27:52.775+0600][62.735s][info][gc,stats    ]   CWRF: Weak References             267 us, workers (us): 163,  11,  93, ---, ---, ---, 
[2026-04-03T03:27:52.775+0600][62.735s][info][gc,stats    ] Concurrent Weak Roots              2647 us
[2026-04-03T03:27:52.775+0600][62.735s][info][gc,stats    ]   Roots                            2273 us, parallelism: 2.58x
[2026-04-03T03:27:52.775+0600][62.735s][info][gc,stats    ]     CWR: <total>                   5862 us
[2026-04-03T03:27:52.775+0600][62.735s][info][gc,stats    ]     CWR: Code Cache Roots          3738 us, workers (us): 1240, 1233, 1265, ---, ---, ---, 
[2026-04-03T03:27:52.775+0600][62.735s][info][gc,stats    ]     CWR: VM Weak Roots             2013 us, workers (us): 681, 681, 652, ---, ---, ---, 
[2026-04-03T03:27:52.775+0600][62.735s][info][gc,stats    ]     CWR: CLDG Roots                 111 us, workers (us): 111, ---, ---, ---, ---, ---, 
[2026-04-03T03:27:52.775+0600][62.735s][info][gc,stats    ]   Rendezvous                        252 us
[2026-04-03T03:27:52.775+0600][62.735s][info][gc,stats    ] Concurrent Cleanup                  318 us
[2026-04-03T03:27:52.775+0600][62.735s][info][gc,stats    ] Concurrent Class Unloading        25843 us
[2026-04-03T03:27:52.775+0600][62.735s][info][gc,stats    ]   Unlink Stale                    24855 us
[2026-04-03T03:27:52.775+0600][62.735s][info][gc,stats    ]     System Dictionary               312 us
[2026-04-03T03:27:52.775+0600][62.735s][info][gc,stats    ]     Weak Class Links              16122 us
[2026-04-03T03:27:52.775+0600][62.735s][info][gc,stats    ]     Code Roots                     8415 us
[2026-04-03T03:27:52.775+0600][62.735s][info][gc,stats    ]   Rendezvous                        302 us
[2026-04-03T03:27:52.775+0600][62.735s][info][gc,stats    ]   Purge Unlinked                    536 us
[2026-04-03T03:27:52.775+0600][62.735s][info][gc,stats    ]     Code Roots                      492 us
[2026-04-03T03:27:52.775+0600][62.735s][info][gc,stats    ]     CLDG                             43 us
[2026-04-03T03:27:52.775+0600][62.735s][info][gc,stats    ]     Exception Caches                  1 us
[2026-04-03T03:27:52.775+0600][62.735s][info][gc,stats    ] Concurrent Strong Roots            1066 us, parallelism: 0.61x
[2026-04-03T03:27:52.775+0600][62.735s][info][gc,stats    ]   CSR: <total>                      654 us
[2026-04-03T03:27:52.775+0600][62.735s][info][gc,stats    ]   CSR: VM Strong Roots               58 us, workers (us):  56,   2,   0, ---, ---, ---, 
[2026-04-03T03:27:52.775+0600][62.735s][info][gc,stats    ]   CSR: CLDG Roots                   595 us, workers (us): 595, ---, ---, ---, ---, ---, 
[2026-04-03T03:27:52.775+0600][62.735s][info][gc,stats    ] Concurrent Evacuation             19502 us
[2026-04-03T03:27:52.775+0600][62.735s][info][gc,stats    ] Pause Init Update Refs (G)          565 us
[2026-04-03T03:27:52.775+0600][62.735s][info][gc,stats    ] Pause Init Update Refs (N)          217 us
[2026-04-03T03:27:52.775+0600][62.735s][info][gc,stats    ]   Manage GCLABs                      60 us
[2026-04-03T03:27:52.775+0600][62.735s][info][gc,stats    ] Concurrent Update Refs           110927 us
[2026-04-03T03:27:52.775+0600][62.735s][info][gc,stats    ] Concurrent Update Thread Roots     1441 us
[2026-04-03T03:27:52.775+0600][62.735s][info][gc,stats    ] Pause Final Update Refs (G)         538 us
[2026-04-03T03:27:52.775+0600][62.735s][info][gc,stats    ] Pause Final Update Refs (N)         205 us
[2026-04-03T03:27:52.775+0600][62.735s][info][gc,stats    ]   Update Region States               53 us
[2026-04-03T03:27:52.775+0600][62.735s][info][gc,stats    ]   Trash Collection Set               13 us
[2026-04-03T03:27:52.775+0600][62.735s][info][gc,stats    ]   Rebuild Free Set                   42 us
[2026-04-03T03:27:52.775+0600][62.735s][info][gc,stats    ] Concurrent Cleanup                  265 us
[2026-04-03T03:27:52.775+0600][62.735s][info][gc,stats    ] Pacing                           289546 us
[2026-04-03T03:27:52.775+0600][62.735s][info][gc,stats    ] 
[2026-04-03T03:27:52.775+0600][62.735s][info][gc,stats    ] Allocation pacing accrued:
[2026-04-03T03:27:52.775+0600][62.735s][info][gc,stats    ]      96 of   755 ms ( 12.8%): Executor task launch worker for task 2.0 in stage 38.0 (TID 56)
[2026-04-03T03:27:52.775+0600][62.735s][info][gc,stats    ]      96 of   755 ms ( 12.7%): Executor task launch worker for task 1.0 in stage 38.0 (TID 55)
[2026-04-03T03:27:52.775+0600][62.735s][info][gc,stats    ]      97 of   755 ms ( 12.8%): Executor task launch worker for task 0.0 in stage 38.0 (TID 54)
[2026-04-03T03:27:52.775+0600][62.735s][info][gc,stats    ]     290 of   755 ms ( 38.3%): <total>
[2026-04-03T03:27:52.775+0600][62.735s][info][gc,stats    ]       1 of   755 ms (  0.2%): <average total>
[2026-04-03T03:27:52.775+0600][62.735s][info][gc,stats    ]      97 of   755 ms ( 12.8%): <average non-zero>
[2026-04-03T03:27:52.775+0600][62.735s][info][gc,stats    ] 
[2026-04-03T03:27:52.775+0600][62.735s][info][gc,metaspace] Metaspace: 73250K(74112K)->73256K(74112K) NonClass: 63965K(64448K)->63971K(64448K) Class: 9285K(9664K)->9284K(9664K)
[2026-04-03T03:27:52.775+0600][62.735s][info][gc,ergo     ] Pacer for Idle. Initial: 25600K, Alloc Tax Rate: 1.0x
[2026-04-03T03:27:53.436+0600][63.396s][info][gc          ] Trigger: Average GC time (642.45 ms) is above the time for average allocation rate (576 MB/s) to deplete free headroom (368M) (margin of error = 1.75)
[2026-04-03T03:27:53.436+0600][63.396s][info][gc,ergo     ] Free headroom: 431M (free) - 64000K (spike) - 0B (penalties) = 368M
[2026-04-03T03:27:53.436+0600][63.396s][info][gc,ergo     ] Free: 431M, Max: 512K regular, 228M humongous, Frag: 47% external, 0% internal; Reserve: 64000K, Max: 512K
[2026-04-03T03:27:53.436+0600][63.396s][info][gc,start    ] GC(65) Concurrent reset
[2026-04-03T03:27:53.436+0600][63.396s][info][gc,task     ] GC(65) Using 3 of 6 workers for concurrent reset
[2026-04-03T03:27:53.436+0600][63.396s][info][gc,ergo     ] GC(65) Pacer for Reset. Non-Taxable: 1250M
[2026-04-03T03:27:53.437+0600][63.397s][info][gc          ] GC(65) Concurrent reset 1.415ms
[2026-04-03T03:27:53.438+0600][63.398s][info][gc,start    ] GC(65) Pause Init Mark (unload classes)
[2026-04-03T03:27:53.438+0600][63.398s][info][gc,task     ] GC(65) Using 6 of 6 workers for init marking
[2026-04-03T03:27:53.438+0600][63.398s][info][gc,ergo     ] GC(65) Pacer for Mark. Expected Live: 226M, Free: 429M, Non-Taxable: 44005K, Alloc Tax Rate: 0.6x
[2026-04-03T03:27:53.438+0600][63.398s][info][gc          ] GC(65) Pause Init Mark (unload classes) 0.391ms
[2026-04-03T03:27:53.438+0600][63.398s][info][gc,start    ] GC(65) Concurrent marking roots
[2026-04-03T03:27:53.438+0600][63.398s][info][gc,task     ] GC(65) Using 3 of 6 workers for concurrent marking roots
[2026-04-03T03:27:53.440+0600][63.400s][info][gc          ] GC(65) Concurrent marking roots 1.297ms
[2026-04-03T03:27:53.440+0600][63.400s][info][gc,start    ] GC(65) Concurrent marking (unload classes)
[2026-04-03T03:27:53.440+0600][63.400s][info][gc,task     ] GC(65) Using 3 of 6 workers for concurrent marking
[2026-04-03T03:27:53.672+0600][63.632s][info][gc          ] GC(65) Concurrent marking (unload classes) 232.754ms
[2026-04-03T03:27:53.673+0600][63.633s][info][gc,start    ] GC(65) Pause Final Mark (unload classes)
[2026-04-03T03:27:53.673+0600][63.633s][info][gc,task     ] GC(65) Using 6 of 6 workers for final marking
[2026-04-03T03:27:53.673+0600][63.633s][info][gc,ergo     ] GC(65) Adaptive CSet Selection. Target Free: 177M, Actual Free: 677M, Max CSet: 53333K, Min Garbage: 0B
[2026-04-03T03:27:53.674+0600][63.634s][info][gc,ergo     ] GC(65) Collectable Garbage: 492M (98%), Immediate: 291M (58%), CSet: 201M (40%)
[2026-04-03T03:27:53.674+0600][63.634s][info][gc,ergo     ] GC(65) Pacer for Evacuation. Used CSet: 226M, Free: 639M, Non-Taxable: 65532K, Alloc Tax Rate: 1.1x
[2026-04-03T03:27:53.674+0600][63.634s][info][gc          ] GC(65) Pause Final Mark (unload classes) 1.042ms
[2026-04-03T03:27:53.674+0600][63.634s][info][gc,start    ] GC(65) Concurrent thread roots
[2026-04-03T03:27:53.674+0600][63.634s][info][gc,task     ] GC(65) Using 3 of 6 workers for Concurrent thread roots
[2026-04-03T03:27:53.675+0600][63.635s][info][gc          ] GC(65) Concurrent thread roots 1.171ms
[2026-04-03T03:27:53.675+0600][63.635s][info][gc,start    ] GC(65) Concurrent weak references
[2026-04-03T03:27:53.675+0600][63.635s][info][gc,task     ] GC(65) Using 3 of 6 workers for concurrent weak references
[2026-04-03T03:27:53.675+0600][63.635s][info][gc,ref      ] GC(65) Encountered references: Soft: 3349, Weak: 6552, Final: 84, Phantom: 599
[2026-04-03T03:27:53.675+0600][63.635s][info][gc,ref      ] GC(65) Discovered  references: Soft: 0, Weak: 1083, Final: 2, Phantom: 596
[2026-04-03T03:27:53.675+0600][63.636s][info][gc,ref      ] GC(65) Enqueued    references: Soft: 0, Weak: 11, Final: 0, Phantom: 0
[2026-04-03T03:27:53.675+0600][63.636s][info][gc          ] GC(65) Concurrent weak references 0.424ms
[2026-04-03T03:27:53.676+0600][63.636s][info][gc,start    ] GC(65) Concurrent weak roots
[2026-04-03T03:27:53.676+0600][63.636s][info][gc,task     ] GC(65) Using 3 of 6 workers for concurrent weak root
[2026-04-03T03:27:53.678+0600][63.638s][info][gc          ] GC(65) Concurrent weak roots 2.543ms
[2026-04-03T03:27:53.678+0600][63.638s][info][gc,start    ] GC(65) Concurrent cleanup
[2026-04-03T03:27:53.679+0600][63.639s][info][gc          ] GC(65) Concurrent cleanup 820M->528M(1077M) 0.381ms
[2026-04-03T03:27:53.679+0600][63.639s][info][gc,ergo     ] GC(65) Free: 639M, Max: 512K regular, 228M humongous, Frag: 65% external, 0% internal; Reserve: 63838K, Max: 512K
[2026-04-03T03:27:53.679+0600][63.639s][info][gc,start    ] GC(65) Concurrent class unloading
[2026-04-03T03:27:53.679+0600][63.639s][info][gc,task     ] GC(65) Using 3 of 6 workers for concurrent class unloading
[2026-04-03T03:27:53.686+0600][63.646s][info][gc          ] GC(65) Concurrent class unloading 7.556ms
[2026-04-03T03:27:53.686+0600][63.646s][info][gc,start    ] GC(65) Concurrent strong roots
[2026-04-03T03:27:53.686+0600][63.646s][info][gc,task     ] GC(65) Using 3 of 6 workers for concurrent strong root
[2026-04-03T03:27:53.687+0600][63.647s][info][gc          ] GC(65) Concurrent strong roots 1.083ms
[2026-04-03T03:27:53.687+0600][63.647s][info][gc,start    ] GC(65) Concurrent evacuation
[2026-04-03T03:27:53.687+0600][63.647s][info][gc,task     ] GC(65) Using 3 of 6 workers for concurrent evacuation
[2026-04-03T03:27:53.711+0600][63.671s][info][gc          ] GC(65) Concurrent evacuation 23.634ms
[2026-04-03T03:27:53.712+0600][63.672s][info][gc,start    ] GC(65) Pause Init Update Refs
[2026-04-03T03:27:53.712+0600][63.672s][info][gc,ergo     ] GC(65) Pacer for Update Refs. Used: 564M, Free: 629M, Non-Taxable: 64443K, Alloc Tax Rate: 1.1x
[2026-04-03T03:27:53.712+0600][63.672s][info][gc          ] GC(65) Pause Init Update Refs 0.169ms
[2026-04-03T03:27:53.712+0600][63.672s][info][gc,start    ] GC(65) Concurrent update references
[2026-04-03T03:27:53.712+0600][63.672s][info][gc,task     ] GC(65) Using 3 of 6 workers for concurrent reference update
[2026-04-03T03:27:53.851+0600][63.811s][info][gc          ] GC(65) Concurrent update references 138.940ms
[2026-04-03T03:27:53.851+0600][63.811s][info][gc,start    ] GC(65) Concurrent update thread roots
[2026-04-03T03:27:53.853+0600][63.813s][info][gc          ] GC(65) Concurrent update thread roots 1.947ms
[2026-04-03T03:27:53.854+0600][63.814s][info][gc,start    ] GC(65) Pause Final Update Refs
[2026-04-03T03:27:53.854+0600][63.814s][info][gc,task     ] GC(65) Using 6 of 6 workers for final reference update
[2026-04-03T03:27:53.854+0600][63.814s][info][gc          ] GC(65) Pause Final Update Refs 0.204ms
[2026-04-03T03:27:53.854+0600][63.814s][info][gc,start    ] GC(65) Concurrent cleanup
[2026-04-03T03:27:53.855+0600][63.815s][info][gc          ] GC(65) Concurrent cleanup 591M->364M(1077M) 0.603ms
[2026-04-03T03:27:53.855+0600][63.815s][info][gc,ergo     ] Free: 799M, Max: 512K regular, 228M humongous, Frag: 72% external, 0% internal; Reserve: 64000K, Max: 512K
[2026-04-03T03:27:53.855+0600][63.815s][info][gc,stats    ] 
[2026-04-03T03:27:53.855+0600][63.815s][info][gc,stats    ] All times are wall-clock times, except per-root-class counters, that are sum over
[2026-04-03T03:27:53.855+0600][63.815s][info][gc,stats    ] all workers. Dividing the <total> over the root stage time estimates parallelism.
[2026-04-03T03:27:53.855+0600][63.815s][info][gc,stats    ] 
[2026-04-03T03:27:53.855+0600][63.815s][info][gc,stats    ] Concurrent Reset                   1487 us
[2026-04-03T03:27:53.855+0600][63.815s][info][gc,stats    ] Pause Init Mark (G)                 834 us
[2026-04-03T03:27:53.855+0600][63.815s][info][gc,stats    ] Pause Init Mark (N)                 409 us
[2026-04-03T03:27:53.855+0600][63.815s][info][gc,stats    ]   Update Region States               39 us
[2026-04-03T03:27:53.855+0600][63.815s][info][gc,stats    ] Concurrent Mark Roots              1352 us, parallelism: 1.78x
[2026-04-03T03:27:53.855+0600][63.815s][info][gc,stats    ]   CMR: <total>                     2406 us
[2026-04-03T03:27:53.855+0600][63.815s][info][gc,stats    ]   CMR: Thread Roots                1987 us, workers (us): 423, 790, 774, ---, ---, ---, 
[2026-04-03T03:27:53.855+0600][63.815s][info][gc,stats    ]   CMR: VM Strong Roots               49 us, workers (us):  35,  13,   1, ---, ---, ---, 
[2026-04-03T03:27:53.855+0600][63.815s][info][gc,stats    ]   CMR: CLDG Roots                   371 us, workers (us): 371, ---, ---, ---, ---, ---, 
[2026-04-03T03:27:53.855+0600][63.815s][info][gc,stats    ] Concurrent Marking               232861 us
[2026-04-03T03:27:53.855+0600][63.815s][info][gc,stats    ] Pause Final Mark (G)               1388 us
[2026-04-03T03:27:53.855+0600][63.815s][info][gc,stats    ] Pause Final Mark (N)               1054 us
[2026-04-03T03:27:53.855+0600][63.815s][info][gc,stats    ]   Finish Mark                       387 us
[2026-04-03T03:27:53.855+0600][63.815s][info][gc,stats    ]   Update Region States               63 us
[2026-04-03T03:27:53.855+0600][63.815s][info][gc,stats    ]   Choose Collection Set             304 us
[2026-04-03T03:27:53.855+0600][63.815s][info][gc,stats    ]   Rebuild Free Set                   43 us
[2026-04-03T03:27:53.855+0600][63.815s][info][gc,stats    ] Concurrent Thread Roots            1245 us, parallelism: 2.08x
[2026-04-03T03:27:53.855+0600][63.815s][info][gc,stats    ]   CTR: <total>                     2593 us
[2026-04-03T03:27:53.855+0600][63.815s][info][gc,stats    ]   CTR: Thread Roots                2593 us, workers (us): 886, 868, 839, ---, ---, ---, 
[2026-04-03T03:27:53.855+0600][63.815s][info][gc,stats    ] Concurrent Weak References          438 us, parallelism: 0.94x
[2026-04-03T03:27:53.855+0600][63.815s][info][gc,stats    ]   CWRF: <total>                     410 us
[2026-04-03T03:27:53.855+0600][63.815s][info][gc,stats    ]   CWRF: Weak References             410 us, workers (us): 228,  45, 138, ---, ---, ---, 
[2026-04-03T03:27:53.855+0600][63.815s][info][gc,stats    ] Concurrent Weak Roots              2610 us
[2026-04-03T03:27:53.855+0600][63.815s][info][gc,stats    ]   Roots                            2205 us, parallelism: 2.43x
[2026-04-03T03:27:53.855+0600][63.815s][info][gc,stats    ]     CWR: <total>                   5353 us
[2026-04-03T03:27:53.855+0600][63.815s][info][gc,stats    ]     CWR: Code Cache Roots          3778 us, workers (us): 1119, 1316, 1343, ---, ---, ---, 
[2026-04-03T03:27:53.855+0600][63.815s][info][gc,stats    ]     CWR: VM Weak Roots             1414 us, workers (us): 511, 484, 419, ---, ---, ---, 
[2026-04-03T03:27:53.855+0600][63.815s][info][gc,stats    ]     CWR: CLDG Roots                 161 us, workers (us): 161, ---, ---, ---, ---, ---, 
[2026-04-03T03:27:53.855+0600][63.815s][info][gc,stats    ]   Rendezvous                        306 us
[2026-04-03T03:27:53.855+0600][63.815s][info][gc,stats    ] Concurrent Cleanup                  405 us
[2026-04-03T03:27:53.855+0600][63.815s][info][gc,stats    ] Concurrent Class Unloading         7661 us
[2026-04-03T03:27:53.855+0600][63.815s][info][gc,stats    ]   Unlink Stale                     6707 us
[2026-04-03T03:27:53.855+0600][63.815s][info][gc,stats    ]     System Dictionary               127 us
[2026-04-03T03:27:53.855+0600][63.815s][info][gc,stats    ]     Weak Class Links                  1 us
[2026-04-03T03:27:53.855+0600][63.815s][info][gc,stats    ]     Code Roots                     6574 us
[2026-04-03T03:27:53.855+0600][63.815s][info][gc,stats    ]   Rendezvous                        427 us
[2026-04-03T03:27:53.855+0600][63.815s][info][gc,stats    ]   Purge Unlinked                    387 us
[2026-04-03T03:27:53.855+0600][63.815s][info][gc,stats    ]     Code Roots                      374 us
[2026-04-03T03:27:53.855+0600][63.815s][info][gc,stats    ]     CLDG                             12 us
[2026-04-03T03:27:53.855+0600][63.815s][info][gc,stats    ]     Exception Caches                  1 us
[2026-04-03T03:27:53.855+0600][63.815s][info][gc,stats    ] Concurrent Strong Roots            1184 us, parallelism: 0.54x
[2026-04-03T03:27:53.855+0600][63.815s][info][gc,stats    ]   CSR: <total>                      636 us
[2026-04-03T03:27:53.855+0600][63.815s][info][gc,stats    ]   CSR: VM Strong Roots               46 us, workers (us):  35,  10,   0, ---, ---, ---, 
[2026-04-03T03:27:53.855+0600][63.815s][info][gc,stats    ]   CSR: CLDG Roots                   590 us, workers (us): ---, 590, ---, ---, ---, ---, 
[2026-04-03T03:27:53.855+0600][63.815s][info][gc,stats    ] Concurrent Evacuation             23731 us
[2026-04-03T03:27:53.855+0600][63.815s][info][gc,stats    ] Pause Init Update Refs (G)          684 us
[2026-04-03T03:27:53.855+0600][63.815s][info][gc,stats    ] Pause Init Update Refs (N)          200 us
[2026-04-03T03:27:53.855+0600][63.815s][info][gc,stats    ]   Manage GCLABs                      40 us
[2026-04-03T03:27:53.855+0600][63.815s][info][gc,stats    ] Concurrent Update Refs           139188 us
[2026-04-03T03:27:53.855+0600][63.815s][info][gc,stats    ] Concurrent Update Thread Roots     2012 us
[2026-04-03T03:27:53.855+0600][63.815s][info][gc,stats    ] Pause Final Update Refs (G)        1306 us
[2026-04-03T03:27:53.855+0600][63.815s][info][gc,stats    ] Pause Final Update Refs (N)         244 us
[2026-04-03T03:27:53.855+0600][63.815s][info][gc,stats    ]   Update Region States               53 us
[2026-04-03T03:27:53.855+0600][63.815s][info][gc,stats    ]   Trash Collection Set               18 us
[2026-04-03T03:27:53.855+0600][63.815s][info][gc,stats    ]   Rebuild Free Set                   41 us
[2026-04-03T03:27:53.855+0600][63.815s][info][gc,stats    ] Concurrent Cleanup                  623 us
[2026-04-03T03:27:53.855+0600][63.816s][info][gc,stats    ] 
[2026-04-03T03:27:53.855+0600][63.816s][info][gc,stats    ] Allocation pacing accrued:
[2026-04-03T03:27:53.856+0600][63.816s][info][gc,stats    ]       0 of  1080 ms (  0.0%): <total>
[2026-04-03T03:27:53.856+0600][63.816s][info][gc,stats    ]       0 of  1080 ms (  0.0%): <average total>
[2026-04-03T03:27:53.856+0600][63.816s][info][gc,stats    ] 
[2026-04-03T03:27:53.856+0600][63.816s][info][gc,metaspace] Metaspace: 73293K(74112K)->73298K(74112K) NonClass: 64007K(64448K)->64012K(64448K) Class: 9285K(9664K)->9285K(9664K)
[2026-04-03T03:27:53.856+0600][63.816s][info][gc,ergo     ] Pacer for Idle. Initial: 25600K, Alloc Tax Rate: 1.0x
[2026-04-03T03:27:54.058+0600][64.018s][info][gc          ] Trigger: Average GC time (573.18 ms) is above the time for average allocation rate (1282 MB/s) to deplete free headroom (448M) (margin of error = 1.74)
[2026-04-03T03:27:54.058+0600][64.018s][info][gc,ergo     ] Free headroom: 510M (free) - 64000K (spike) - 0B (penalties) = 448M
[2026-04-03T03:27:54.058+0600][64.018s][info][gc,ergo     ] Free: 510M, Max: 512K regular, 228M humongous, Frag: 56% external, 0% internal; Reserve: 64000K, Max: 512K
[2026-04-03T03:27:54.058+0600][64.018s][info][gc,start    ] GC(66) Concurrent reset
[2026-04-03T03:27:54.058+0600][64.018s][info][gc,task     ] GC(66) Using 3 of 6 workers for concurrent reset
[2026-04-03T03:27:54.058+0600][64.018s][info][gc,ergo     ] GC(66) Pacer for Reset. Non-Taxable: 1250M
[2026-04-03T03:27:54.059+0600][64.019s][info][gc          ] GC(66) Concurrent reset 1.024ms
[2026-04-03T03:27:54.081+0600][64.041s][info][gc,start    ] GC(66) Pause Init Mark (unload classes)
[2026-04-03T03:27:54.081+0600][64.041s][info][gc,task     ] GC(66) Using 6 of 6 workers for init marking
[2026-04-03T03:27:54.081+0600][64.041s][info][gc,ergo     ] GC(66) Pacer for Mark. Expected Live: 211M, Free: 458M, Non-Taxable: 46910K, Alloc Tax Rate: 0.6x
[2026-04-03T03:27:54.081+0600][64.041s][info][gc          ] GC(66) Pause Init Mark (unload classes) 0.138ms
[2026-04-03T03:27:54.081+0600][64.041s][info][gc,start    ] GC(66) Concurrent marking roots
[2026-04-03T03:27:54.081+0600][64.042s][info][gc,task     ] GC(66) Using 3 of 6 workers for concurrent marking roots
[2026-04-03T03:27:54.082+0600][64.042s][info][gc          ] GC(66) Concurrent marking roots 0.997ms
[2026-04-03T03:27:54.083+0600][64.043s][info][gc,start    ] GC(66) Concurrent marking (unload classes)
[2026-04-03T03:27:54.083+0600][64.043s][info][gc,task     ] GC(66) Using 3 of 6 workers for concurrent marking
[2026-04-03T03:27:54.268+0600][64.228s][info][gc          ] GC(66) Concurrent marking (unload classes) 185.889ms
[2026-04-03T03:27:54.269+0600][64.229s][info][gc,start    ] GC(66) Pause Final Mark (unload classes)
[2026-04-03T03:27:54.269+0600][64.229s][info][gc,task     ] GC(66) Using 6 of 6 workers for final marking
[2026-04-03T03:27:54.269+0600][64.229s][info][gc,ergo     ] GC(66) Adaptive CSet Selection. Target Free: 177M, Actual Free: 749M, Max CSet: 53333K, Min Garbage: 0B
[2026-04-03T03:27:54.269+0600][64.229s][info][gc,ergo     ] GC(66) Collectable Garbage: 484M (98%), Immediate: 304M (61%), CSet: 180M (36%)
[2026-04-03T03:27:54.269+0600][64.229s][info][gc,ergo     ] GC(66) Pacer for Evacuation. Used CSet: 210M, Free: 714M, Non-Taxable: 73196K, Alloc Tax Rate: 1.1x
[2026-04-03T03:27:54.269+0600][64.229s][info][gc          ] GC(66) Pause Final Mark (unload classes) 0.674ms
[2026-04-03T03:27:54.269+0600][64.229s][info][gc,start    ] GC(66) Concurrent thread roots
[2026-04-03T03:27:54.269+0600][64.229s][info][gc,task     ] GC(66) Using 3 of 6 workers for Concurrent thread roots
[2026-04-03T03:27:54.270+0600][64.230s][info][gc          ] GC(66) Concurrent thread roots 0.823ms
[2026-04-03T03:27:54.270+0600][64.230s][info][gc,start    ] GC(66) Concurrent weak references
[2026-04-03T03:27:54.270+0600][64.230s][info][gc,task     ] GC(66) Using 3 of 6 workers for concurrent weak references
[2026-04-03T03:27:54.271+0600][64.231s][info][gc,ref      ] GC(66) Encountered references: Soft: 3348, Weak: 6556, Final: 84, Phantom: 608
[2026-04-03T03:27:54.271+0600][64.231s][info][gc,ref      ] GC(66) Discovered  references: Soft: 0, Weak: 4075, Final: 84, Phantom: 278
[2026-04-03T03:27:54.271+0600][64.231s][info][gc,ref      ] GC(66) Enqueued    references: Soft: 0, Weak: 145, Final: 0, Phantom: 0
[2026-04-03T03:27:54.271+0600][64.231s][info][gc          ] GC(66) Concurrent weak references 0.680ms
[2026-04-03T03:27:54.271+0600][64.231s][info][gc,start    ] GC(66) Concurrent weak roots
[2026-04-03T03:27:54.271+0600][64.231s][info][gc,task     ] GC(66) Using 3 of 6 workers for concurrent weak root
[2026-04-03T03:27:54.273+0600][64.233s][info][gc          ] GC(66) Concurrent weak roots 2.312ms
[2026-04-03T03:27:54.273+0600][64.233s][info][gc,start    ] GC(66) Concurrent cleanup
[2026-04-03T03:27:54.274+0600][64.234s][info][gc          ] GC(66) Concurrent cleanup 774M->471M(1077M) 0.558ms
[2026-04-03T03:27:54.274+0600][64.234s][info][gc,ergo     ] GC(66) Free: 712M, Max: 512K regular, 228M humongous, Frag: 68% external, 0% internal; Reserve: 63911K, Max: 512K
[2026-04-03T03:27:54.274+0600][64.234s][info][gc,start    ] GC(66) Concurrent class unloading
[2026-04-03T03:27:54.274+0600][64.234s][info][gc,task     ] GC(66) Using 3 of 6 workers for concurrent class unloading
[2026-04-03T03:27:54.281+0600][64.241s][info][gc          ] GC(66) Concurrent class unloading 7.356ms
[2026-04-03T03:27:54.281+0600][64.241s][info][gc,start    ] GC(66) Concurrent strong roots
[2026-04-03T03:27:54.281+0600][64.241s][info][gc,task     ] GC(66) Using 3 of 6 workers for concurrent strong root
[2026-04-03T03:27:54.282+0600][64.242s][info][gc          ] GC(66) Concurrent strong roots 0.773ms
[2026-04-03T03:27:54.282+0600][64.242s][info][gc,start    ] GC(66) Concurrent evacuation
[2026-04-03T03:27:54.282+0600][64.242s][info][gc,task     ] GC(66) Using 3 of 6 workers for concurrent evacuation
[2026-04-03T03:27:54.306+0600][64.266s][info][gc          ] GC(66) Concurrent evacuation 23.526ms
[2026-04-03T03:27:54.306+0600][64.266s][info][gc,start    ] GC(66) Pause Init Update Refs
[2026-04-03T03:27:54.306+0600][64.266s][info][gc,ergo     ] GC(66) Pacer for Update Refs. Used: 547M, Free: 667M, Non-Taxable: 68369K, Alloc Tax Rate: 1.1x
[2026-04-03T03:27:54.306+0600][64.266s][info][gc          ] GC(66) Pause Init Update Refs 0.112ms
[2026-04-03T03:27:54.306+0600][64.266s][info][gc,start    ] GC(66) Concurrent update references
[2026-04-03T03:27:54.306+0600][64.267s][info][gc,task     ] GC(66) Using 3 of 6 workers for concurrent reference update
[2026-04-03T03:27:54.403+0600][64.363s][info][gc          ] GC(66) Concurrent update references 96.515ms
[2026-04-03T03:27:54.403+0600][64.363s][info][gc,start    ] GC(66) Concurrent update thread roots
[2026-04-03T03:27:54.404+0600][64.364s][info][gc          ] GC(66) Concurrent update thread roots 1.313ms
[2026-04-03T03:27:54.404+0600][64.365s][info][gc,start    ] GC(66) Pause Final Update Refs
[2026-04-03T03:27:54.405+0600][64.365s][info][gc,task     ] GC(66) Using 6 of 6 workers for final reference update
[2026-04-03T03:27:54.405+0600][64.365s][info][gc          ] GC(66) Pause Final Update Refs 0.145ms
[2026-04-03T03:27:54.405+0600][64.365s][info][gc,start    ] GC(66) Concurrent cleanup
[2026-04-03T03:27:54.405+0600][64.365s][info][gc          ] GC(66) Concurrent cleanup 708M->499M(1077M) 0.393ms
[2026-04-03T03:27:54.405+0600][64.365s][info][gc,ergo     ] Free: 684M, Max: 512K regular, 228M humongous, Frag: 67% external, 0% internal; Reserve: 64000K, Max: 512K
[2026-04-03T03:27:54.405+0600][64.365s][info][gc,stats    ] 
[2026-04-03T03:27:54.405+0600][64.365s][info][gc,stats    ] All times are wall-clock times, except per-root-class counters, that are sum over
[2026-04-03T03:27:54.405+0600][64.365s][info][gc,stats    ] all workers. Dividing the <total> over the root stage time estimates parallelism.
[2026-04-03T03:27:54.405+0600][64.365s][info][gc,stats    ] 
[2026-04-03T03:27:54.405+0600][64.365s][info][gc,stats    ] Concurrent Reset                  22998 us
[2026-04-03T03:27:54.405+0600][64.365s][info][gc,stats    ] Pause Init Mark (G)                 411 us
[2026-04-03T03:27:54.405+0600][64.365s][info][gc,stats    ] Pause Init Mark (N)                 149 us
[2026-04-03T03:27:54.405+0600][64.365s][info][gc,stats    ]   Update Region States               40 us
[2026-04-03T03:27:54.405+0600][64.365s][info][gc,stats    ] Concurrent Mark Roots              1066 us, parallelism: 1.42x
[2026-04-03T03:27:54.405+0600][64.365s][info][gc,stats    ]   CMR: <total>                     1510 us
[2026-04-03T03:27:54.405+0600][64.365s][info][gc,stats    ]   CMR: Thread Roots                1209 us, workers (us): 494, 494, 221, ---, ---, ---, 
[2026-04-03T03:27:54.405+0600][64.365s][info][gc,stats    ]   CMR: VM Strong Roots               37 us, workers (us):  21,  11,   6, ---, ---, ---, 
[2026-04-03T03:27:54.405+0600][64.365s][info][gc,stats    ]   CMR: CLDG Roots                   264 us, workers (us): ---, ---, 264, ---, ---, ---, 
[2026-04-03T03:27:54.405+0600][64.365s][info][gc,stats    ] Concurrent Marking               185964 us
[2026-04-03T03:27:54.405+0600][64.365s][info][gc,stats    ] Pause Final Mark (G)                891 us
[2026-04-03T03:27:54.405+0600][64.365s][info][gc,stats    ] Pause Final Mark (N)                688 us
[2026-04-03T03:27:54.405+0600][64.365s][info][gc,stats    ]   Finish Mark                       289 us
[2026-04-03T03:27:54.405+0600][64.365s][info][gc,stats    ]   Update Region States               43 us
[2026-04-03T03:27:54.405+0600][64.365s][info][gc,stats    ]   Choose Collection Set             227 us
[2026-04-03T03:27:54.405+0600][64.365s][info][gc,stats    ]   Rebuild Free Set                   30 us
[2026-04-03T03:27:54.405+0600][64.365s][info][gc,stats    ] Concurrent Thread Roots             878 us, parallelism: 2.05x
[2026-04-03T03:27:54.405+0600][64.365s][info][gc,stats    ]   CTR: <total>                     1801 us
[2026-04-03T03:27:54.405+0600][64.365s][info][gc,stats    ]   CTR: Thread Roots                1801 us, workers (us): 658, 570, 573, ---, ---, ---, 
[2026-04-03T03:27:54.405+0600][64.365s][info][gc,stats    ] Concurrent Weak References          694 us, parallelism: 0.70x
[2026-04-03T03:27:54.405+0600][64.365s][info][gc,stats    ]   CWRF: <total>                     484 us
[2026-04-03T03:27:54.405+0600][64.365s][info][gc,stats    ]   CWRF: Weak References             484 us, workers (us):  79, 405,   0, ---, ---, ---, 
[2026-04-03T03:27:54.405+0600][64.365s][info][gc,stats    ] Concurrent Weak Roots              2394 us
[2026-04-03T03:27:54.405+0600][64.365s][info][gc,stats    ]   Roots                            2026 us, parallelism: 2.28x
[2026-04-03T03:27:54.405+0600][64.365s][info][gc,stats    ]     CWR: <total>                   4627 us
[2026-04-03T03:27:54.405+0600][64.365s][info][gc,stats    ]     CWR: Code Cache Roots          3023 us, workers (us): 958, 844, 1221, ---, ---, ---, 
[2026-04-03T03:27:54.405+0600][64.365s][info][gc,stats    ]     CWR: VM Weak Roots             1492 us, workers (us): 536, 491, 464, ---, ---, ---, 
[2026-04-03T03:27:54.405+0600][64.365s][info][gc,stats    ]     CWR: CLDG Roots                 112 us, workers (us): ---, 112, ---, ---, ---, ---, 
[2026-04-03T03:27:54.405+0600][64.365s][info][gc,stats    ]   Rendezvous                        257 us
[2026-04-03T03:27:54.405+0600][64.365s][info][gc,stats    ] Concurrent Cleanup                  581 us
[2026-04-03T03:27:54.405+0600][64.365s][info][gc,stats    ] Concurrent Class Unloading         7417 us
[2026-04-03T03:27:54.405+0600][64.365s][info][gc,stats    ]   Unlink Stale                     6840 us
[2026-04-03T03:27:54.405+0600][64.365s][info][gc,stats    ]     System Dictionary               110 us
[2026-04-03T03:27:54.405+0600][64.365s][info][gc,stats    ]     Weak Class Links                  0 us
[2026-04-03T03:27:54.405+0600][64.365s][info][gc,stats    ]     Code Roots                     6727 us
[2026-04-03T03:27:54.405+0600][64.365s][info][gc,stats    ]   Rendezvous                        305 us
[2026-04-03T03:27:54.405+0600][64.365s][info][gc,stats    ]   Purge Unlinked                    170 us
[2026-04-03T03:27:54.405+0600][64.365s][info][gc,stats    ]     Code Roots                      161 us
[2026-04-03T03:27:54.405+0600][64.365s][info][gc,stats    ]     CLDG                              9 us
[2026-04-03T03:27:54.405+0600][64.365s][info][gc,stats    ]     Exception Caches                  0 us
[2026-04-03T03:27:54.405+0600][64.365s][info][gc,stats    ] Concurrent Strong Roots             808 us, parallelism: 0.57x
[2026-04-03T03:27:54.405+0600][64.365s][info][gc,stats    ]   CSR: <total>                      462 us
[2026-04-03T03:27:54.405+0600][64.365s][info][gc,stats    ]   CSR: VM Strong Roots               47 us, workers (us):  43,   4,   0, ---, ---, ---, 
[2026-04-03T03:27:54.405+0600][64.365s][info][gc,stats    ]   CSR: CLDG Roots                   415 us, workers (us): ---, 415, ---, ---, ---, ---, 
[2026-04-03T03:27:54.405+0600][64.366s][info][gc,stats    ] Concurrent Evacuation             23651 us
[2026-04-03T03:27:54.405+0600][64.366s][info][gc,stats    ] Pause Init Update Refs (G)          505 us
[2026-04-03T03:27:54.405+0600][64.366s][info][gc,stats    ] Pause Init Update Refs (N)          127 us
[2026-04-03T03:27:54.405+0600][64.366s][info][gc,stats    ]   Manage GCLABs                      30 us
[2026-04-03T03:27:54.405+0600][64.366s][info][gc,stats    ] Concurrent Update Refs            96579 us
[2026-04-03T03:27:54.406+0600][64.366s][info][gc,stats    ] Concurrent Update Thread Roots     1361 us
[2026-04-03T03:27:54.406+0600][64.366s][info][gc,stats    ] Pause Final Update Refs (G)         379 us
[2026-04-03T03:27:54.406+0600][64.366s][info][gc,stats    ] Pause Final Update Refs (N)         155 us
[2026-04-03T03:27:54.406+0600][64.366s][info][gc,stats    ]   Update Region States               34 us
[2026-04-03T03:27:54.406+0600][64.366s][info][gc,stats    ]   Trash Collection Set               10 us
[2026-04-03T03:27:54.406+0600][64.366s][info][gc,stats    ]   Rebuild Free Set                   28 us
[2026-04-03T03:27:54.406+0600][64.366s][info][gc,stats    ] Concurrent Cleanup                  406 us
[2026-04-03T03:27:54.406+0600][64.366s][info][gc,stats    ] Pacing                           167018 us
[2026-04-03T03:27:54.406+0600][64.366s][info][gc,stats    ] 
[2026-04-03T03:27:54.406+0600][64.366s][info][gc,stats    ] Allocation pacing accrued:
[2026-04-03T03:27:54.406+0600][64.366s][info][gc,stats    ]     147 of   550 ms ( 26.7%): main
[2026-04-03T03:27:54.406+0600][64.366s][info][gc,stats    ]      10 of   550 ms (  1.8%): executor-heartbeater
[2026-04-03T03:27:54.406+0600][64.366s][info][gc,stats    ]      10 of   550 ms (  1.9%): Spark Context Cleaner
[2026-04-03T03:27:54.406+0600][64.366s][info][gc,stats    ]     167 of   550 ms ( 30.4%): <total>
[2026-04-03T03:27:54.406+0600][64.366s][info][gc,stats    ]       1 of   550 ms (  0.1%): <average total>
[2026-04-03T03:27:54.406+0600][64.366s][info][gc,stats    ]      56 of   550 ms ( 10.1%): <average non-zero>
[2026-04-03T03:27:54.406+0600][64.366s][info][gc,stats    ] 
[2026-04-03T03:27:54.406+0600][64.366s][info][gc,metaspace] Metaspace: 73301K(74112K)->73306K(74176K) NonClass: 64015K(64448K)->64020K(64512K) Class: 9285K(9664K)->9285K(9664K)
[2026-04-03T03:27:54.406+0600][64.366s][info][gc,ergo     ] Pacer for Idle. Initial: 25600K, Alloc Tax Rate: 1.0x
[2026-04-03T03:27:54.420+0600][64.380s][info][gc          ] Trigger: Average GC time (512.99 ms) is above the time for average allocation rate (1135 MB/s) to deplete free headroom (580M) (margin of error = 1.74)
[2026-04-03T03:27:54.420+0600][64.380s][info][gc,ergo     ] Free headroom: 643M (free) - 64000K (spike) - 0B (penalties) = 580M
[2026-04-03T03:27:54.420+0600][64.380s][info][gc,ergo     ] Free: 642M, Max: 512K regular, 228M humongous, Frag: 65% external, 0% internal; Reserve: 64000K, Max: 512K
[2026-04-03T03:27:54.420+0600][64.380s][info][gc,start    ] GC(67) Concurrent reset
[2026-04-03T03:27:54.420+0600][64.380s][info][gc,task     ] GC(67) Using 3 of 6 workers for concurrent reset
[2026-04-03T03:27:54.420+0600][64.380s][info][gc,ergo     ] GC(67) Pacer for Reset. Non-Taxable: 1250M
[2026-04-03T03:27:54.421+0600][64.381s][info][gc          ] GC(67) Concurrent reset 0.957ms
[2026-04-03T03:27:54.421+0600][64.381s][info][gc,start    ] GC(67) Pause Init Mark (unload classes)
[2026-04-03T03:27:54.421+0600][64.381s][info][gc,task     ] GC(67) Using 6 of 6 workers for init marking
[2026-04-03T03:27:54.421+0600][64.381s][info][gc,ergo     ] GC(67) Pacer for Mark. Expected Live: 187M, Free: 639M, Non-Taxable: 65502K, Alloc Tax Rate: 0.4x
[2026-04-03T03:27:54.421+0600][64.381s][info][gc          ] GC(67) Pause Init Mark (unload classes) 0.113ms
[2026-04-03T03:27:54.422+0600][64.382s][info][gc,start    ] GC(67) Concurrent marking roots
[2026-04-03T03:27:54.422+0600][64.382s][info][gc,task     ] GC(67) Using 3 of 6 workers for concurrent marking roots
[2026-04-03T03:27:54.422+0600][64.382s][info][gc          ] GC(67) Concurrent marking roots 0.774ms
[2026-04-03T03:27:54.422+0600][64.382s][info][gc,start    ] GC(67) Concurrent marking (unload classes)
[2026-04-03T03:27:54.422+0600][64.382s][info][gc,task     ] GC(67) Using 3 of 6 workers for concurrent marking
[2026-04-03T03:27:54.646+0600][64.606s][info][gc          ] GC(67) Concurrent marking (unload classes) 223.211ms
[2026-04-03T03:27:54.646+0600][64.606s][info][gc,start    ] GC(67) Pause Final Mark (unload classes)
[2026-04-03T03:27:54.646+0600][64.606s][info][gc,task     ] GC(67) Using 6 of 6 workers for final marking
[2026-04-03T03:27:54.646+0600][64.606s][info][gc,ergo     ] GC(67) Collectable Garbage: 281M (94%), Immediate: 281M (94%), CSet: 0B (0%)
[2026-04-03T03:27:54.646+0600][64.606s][info][gc          ] GC(67) Pause Final Mark (unload classes) 0.436ms
[2026-04-03T03:27:54.646+0600][64.607s][info][gc,start    ] GC(67) Concurrent weak references
[2026-04-03T03:27:54.647+0600][64.607s][info][gc,task     ] GC(67) Using 3 of 6 workers for concurrent weak references
[2026-04-03T03:27:54.647+0600][64.607s][info][gc,ref      ] GC(67) Encountered references: Soft: 3348, Weak: 6429, Final: 84, Phantom: 599
[2026-04-03T03:27:54.647+0600][64.607s][info][gc,ref      ] GC(67) Discovered  references: Soft: 0, Weak: 961, Final: 0, Phantom: 277
[2026-04-03T03:27:54.647+0600][64.607s][info][gc,ref      ] GC(67) Enqueued    references: Soft: 0, Weak: 8, Final: 0, Phantom: 0
[2026-04-03T03:27:54.647+0600][64.607s][info][gc          ] GC(67) Concurrent weak references 0.269ms
[2026-04-03T03:27:54.647+0600][64.607s][info][gc,start    ] GC(67) Concurrent weak roots
[2026-04-03T03:27:54.647+0600][64.607s][info][gc,task     ] GC(67) Using 3 of 6 workers for concurrent weak root
[2026-04-03T03:27:54.649+0600][64.609s][info][gc          ] GC(67) Concurrent weak roots 2.198ms
[2026-04-03T03:27:54.649+0600][64.609s][info][gc,start    ] GC(67) Concurrent cleanup
[2026-04-03T03:27:54.650+0600][64.610s][info][gc          ] GC(67) Concurrent cleanup 653M->372M(1077M) 0.546ms
[2026-04-03T03:27:54.650+0600][64.610s][info][gc,ergo     ] GC(67) Free: 812M, Max: 512K regular, 228M humongous, Frag: 72% external, 0% internal; Reserve: 64000K, Max: 512K
[2026-04-03T03:27:54.650+0600][64.610s][info][gc,start    ] GC(67) Concurrent class unloading
[2026-04-03T03:27:54.650+0600][64.610s][info][gc,task     ] GC(67) Using 3 of 6 workers for concurrent class unloading
[2026-04-03T03:27:54.656+0600][64.616s][info][gc          ] GC(67) Concurrent class unloading 6.668ms
[2026-04-03T03:27:54.656+0600][64.616s][info][gc,start    ] GC(67) Pause Final Roots
[2026-04-03T03:27:54.657+0600][64.617s][info][gc          ] GC(67) Pause Final Roots 0.050ms
[2026-04-03T03:27:54.657+0600][64.617s][info][gc,ergo     ] Free: 812M, Max: 512K regular, 228M humongous, Frag: 72% external, 0% internal; Reserve: 64000K, Max: 512K
[2026-04-03T03:27:54.657+0600][64.617s][info][gc,stats    ] 
[2026-04-03T03:27:54.657+0600][64.617s][info][gc,stats    ] All times are wall-clock times, except per-root-class counters, that are sum over
[2026-04-03T03:27:54.657+0600][64.617s][info][gc,stats    ] all workers. Dividing the <total> over the root stage time estimates parallelism.
[2026-04-03T03:27:54.657+0600][64.617s][info][gc,stats    ] 
[2026-04-03T03:27:54.657+0600][64.617s][info][gc,stats    ] Concurrent Reset                    993 us
[2026-04-03T03:27:54.657+0600][64.617s][info][gc,stats    ] Pause Init Mark (G)                 389 us
[2026-04-03T03:27:54.657+0600][64.617s][info][gc,stats    ] Pause Init Mark (N)                 120 us
[2026-04-03T03:27:54.657+0600][64.617s][info][gc,stats    ]   Update Region States               20 us
[2026-04-03T03:27:54.657+0600][64.617s][info][gc,stats    ] Concurrent Mark Roots               812 us, parallelism: 1.61x
[2026-04-03T03:27:54.657+0600][64.617s][info][gc,stats    ]   CMR: <total>                     1305 us
[2026-04-03T03:27:54.657+0600][64.617s][info][gc,stats    ]   CMR: Thread Roots                1151 us, workers (us): 361, 397, 393, ---, ---, ---, 
[2026-04-03T03:27:54.657+0600][64.617s][info][gc,stats    ]   CMR: VM Strong Roots               23 us, workers (us):  22,   1,   1, ---, ---, ---, 
[2026-04-03T03:27:54.657+0600][64.617s][info][gc,stats    ]   CMR: CLDG Roots                   131 us, workers (us): 131, ---, ---, ---, ---, ---, 
[2026-04-03T03:27:54.657+0600][64.617s][info][gc,stats    ] Concurrent Marking               223286 us
[2026-04-03T03:27:54.657+0600][64.617s][info][gc,stats    ] Pause Final Mark (G)                877 us
[2026-04-03T03:27:54.657+0600][64.617s][info][gc,stats    ] Pause Final Mark (N)                448 us
[2026-04-03T03:27:54.657+0600][64.617s][info][gc,stats    ]   Finish Mark                       233 us
[2026-04-03T03:27:54.657+0600][64.617s][info][gc,stats    ]   Update Region States               38 us
[2026-04-03T03:27:54.657+0600][64.617s][info][gc,stats    ]   Choose Collection Set              52 us
[2026-04-03T03:27:54.657+0600][64.617s][info][gc,stats    ]   Rebuild Free Set                   32 us
[2026-04-03T03:27:54.657+0600][64.617s][info][gc,stats    ] Concurrent Weak References          282 us, parallelism: 0.72x
[2026-04-03T03:27:54.657+0600][64.617s][info][gc,stats    ]   CWRF: <total>                     203 us
[2026-04-03T03:27:54.657+0600][64.617s][info][gc,stats    ]   CWRF: Weak References             203 us, workers (us):  65,  89,  49, ---, ---, ---, 
[2026-04-03T03:27:54.657+0600][64.617s][info][gc,stats    ] Concurrent Weak Roots              2277 us
[2026-04-03T03:27:54.657+0600][64.617s][info][gc,stats    ]   Roots                            1756 us, parallelism: 2.44x
[2026-04-03T03:27:54.657+0600][64.617s][info][gc,stats    ]     CWR: <total>                   4292 us
[2026-04-03T03:27:54.657+0600][64.617s][info][gc,stats    ]     CWR: Code Cache Roots          3226 us, workers (us): 1038, 1080, 1107, ---, ---, ---, 
[2026-04-03T03:27:54.657+0600][64.617s][info][gc,stats    ]     CWR: VM Weak Roots             1027 us, workers (us): 380, 330, 316, ---, ---, ---, 
[2026-04-03T03:27:54.657+0600][64.617s][info][gc,stats    ]     CWR: CLDG Roots                  40 us, workers (us):  40, ---, ---, ---, ---, ---, 
[2026-04-03T03:27:54.657+0600][64.617s][info][gc,stats    ]   Rendezvous                        420 us
[2026-04-03T03:27:54.657+0600][64.617s][info][gc,stats    ] Concurrent Cleanup                  569 us
[2026-04-03T03:27:54.657+0600][64.617s][info][gc,stats    ] Concurrent Class Unloading         6734 us
[2026-04-03T03:27:54.657+0600][64.617s][info][gc,stats    ]   Unlink Stale                     6315 us
[2026-04-03T03:27:54.657+0600][64.617s][info][gc,stats    ]     System Dictionary               163 us
[2026-04-03T03:27:54.657+0600][64.617s][info][gc,stats    ]     Weak Class Links                  0 us
[2026-04-03T03:27:54.657+0600][64.617s][info][gc,stats    ]     Code Roots                     6145 us
[2026-04-03T03:27:54.657+0600][64.617s][info][gc,stats    ]   Rendezvous                        272 us
[2026-04-03T03:27:54.657+0600][64.617s][info][gc,stats    ]   Purge Unlinked                     57 us
[2026-04-03T03:27:54.657+0600][64.617s][info][gc,stats    ]     Code Roots                       48 us
[2026-04-03T03:27:54.657+0600][64.617s][info][gc,stats    ]     CLDG                              8 us
[2026-04-03T03:27:54.657+0600][64.617s][info][gc,stats    ]     Exception Caches                  0 us
[2026-04-03T03:27:54.657+0600][64.617s][info][gc,stats    ] Pause Final Roots (G)               154 us
[2026-04-03T03:27:54.657+0600][64.617s][info][gc,stats    ] Pause Final Roots (N)                63 us
[2026-04-03T03:27:54.657+0600][64.617s][info][gc,stats    ] Pacing                           128246 us
[2026-04-03T03:27:54.657+0600][64.617s][info][gc,stats    ] 
[2026-04-03T03:27:54.657+0600][64.617s][info][gc,stats    ] Allocation pacing accrued:
[2026-04-03T03:27:54.657+0600][64.617s][info][gc,stats    ]      11 of   252 ms (  4.4%): rpc-server-4-7
[2026-04-03T03:27:54.657+0600][64.617s][info][gc,stats    ]      12 of   252 ms (  4.7%): rpc-server-4-8
[2026-04-03T03:27:54.657+0600][64.617s][info][gc,stats    ]      12 of   252 ms (  4.7%): rpc-client-1-1
[2026-04-03T03:27:54.657+0600][64.617s][info][gc,stats    ]      12 of   252 ms (  4.6%): rpc-client-1-2
[2026-04-03T03:27:54.657+0600][64.617s][info][gc,stats    ]      11 of   252 ms (  4.5%): rpc-client-1-3
[2026-04-03T03:27:54.657+0600][64.617s][info][gc,stats    ]      11 of   252 ms (  4.6%): rpc-client-1-4
[2026-04-03T03:27:54.657+0600][64.617s][info][gc,stats    ]      12 of   252 ms (  4.8%): rpc-client-1-5
[2026-04-03T03:27:54.657+0600][64.617s][info][gc,stats    ]      12 of   252 ms (  4.8%): rpc-client-1-6
[2026-04-03T03:27:54.657+0600][64.617s][info][gc,stats    ]      12 of   252 ms (  4.8%): rpc-client-1-7
[2026-04-03T03:27:54.657+0600][64.617s][info][gc,stats    ]      12 of   252 ms (  4.7%): rpc-client-1-8
[2026-04-03T03:27:54.657+0600][64.617s][info][gc,stats    ]      11 of   252 ms (  4.5%): Thread-2
[2026-04-03T03:27:54.657+0600][64.617s][info][gc,stats    ]     128 of   252 ms ( 51.0%): <total>
[2026-04-03T03:27:54.657+0600][64.617s][info][gc,stats    ]       3 of   252 ms (  1.0%): <average total>
[2026-04-03T03:27:54.657+0600][64.617s][info][gc,stats    ]      12 of   252 ms (  4.6%): <average non-zero>
[2026-04-03T03:27:54.657+0600][64.617s][info][gc,stats    ] 
[2026-04-03T03:27:54.657+0600][64.617s][info][gc,metaspace] Metaspace: 73306K(74176K)->73795K(74624K) NonClass: 64020K(64512K)->64410K(64832K) Class: 9285K(9664K)->9385K(9792K)
[2026-04-03T03:27:54.657+0600][64.617s][info][gc,ergo     ] Pacer for Idle. Initial: 25600K, Alloc Tax Rate: 1.0x
[2026-04-03T03:27:55.216+0600][65.176s][info][gc          ] Cancelling GC: Stopping VM
[2026-04-03T03:27:55.216+0600][65.176s][info][gc,heap,exit] Heap
[2026-04-03T03:27:55.216+0600][65.176s][info][gc,heap,exit] Shenandoah Heap
[2026-04-03T03:27:55.216+0600][65.176s][info][gc,heap,exit]  1250M max, 1250M soft max, 1077M committed, 376M used
[2026-04-03T03:27:55.216+0600][65.176s][info][gc,heap,exit]  2500 x 512K regions
[2026-04-03T03:27:55.216+0600][65.176s][info][gc,heap,exit] Status: cancelled
[2026-04-03T03:27:55.216+0600][65.176s][info][gc,heap,exit] Reserved region:
[2026-04-03T03:27:55.216+0600][65.176s][info][gc,heap,exit]  - [0x00000000b1e00000, 0x0000000100000000) 
[2026-04-03T03:27:55.216+0600][65.176s][info][gc,heap,exit] Collection set:
[2026-04-03T03:27:55.216+0600][65.176s][info][gc,heap,exit]  - map (vanilla): 0x000000000001163c
[2026-04-03T03:27:55.216+0600][65.176s][info][gc,heap,exit]  - map (biased):  0x0000000000010000
[2026-04-03T03:27:55.216+0600][65.176s][info][gc,heap,exit] 
[2026-04-03T03:27:55.216+0600][65.176s][info][gc,heap,exit]  Metaspace       used 73822K, committed 74752K, reserved 1114112K
[2026-04-03T03:27:55.216+0600][65.176s][info][gc,heap,exit]   class space    used 9385K, committed 9792K, reserved 1048576K
[2026-04-03T03:27:55.216+0600][65.176s][info][gc,stats    ] 
[2026-04-03T03:27:55.216+0600][65.176s][info][gc,stats    ] GC STATISTICS:
[2026-04-03T03:27:55.216+0600][65.176s][info][gc,stats    ]   "(G)" (gross) pauses include VM time: time to notify and block threads, do the pre-
[2026-04-03T03:27:55.216+0600][65.176s][info][gc,stats    ]         and post-safepoint housekeeping. Use -Xlog:safepoint+stats to dissect.
[2026-04-03T03:27:55.216+0600][65.176s][info][gc,stats    ]   "(N)" (net) pauses are the times spent in the actual GC code.
[2026-04-03T03:27:55.216+0600][65.177s][info][gc,stats    ]   "a" is average time for each phase, look at levels to see if average makes sense.
[2026-04-03T03:27:55.216+0600][65.177s][info][gc,stats    ]   "lvls" are quantiles: 0% (minimum), 25%, 50% (median), 75%, 100% (maximum).
[2026-04-03T03:27:55.216+0600][65.177s][info][gc,stats    ] 
[2026-04-03T03:27:55.216+0600][65.177s][info][gc,stats    ]   All times are wall-clock times, except per-root-class counters, that are sum over
[2026-04-03T03:27:55.217+0600][65.177s][info][gc,stats    ]   all workers. Dividing the <total> over the root stage time estimates parallelism.
[2026-04-03T03:27:55.217+0600][65.177s][info][gc,stats    ] 
[2026-04-03T03:27:55.217+0600][65.177s][info][gc,stats    ]   Pacing delays are measured from entering the pacing code till exiting it. Therefore,
[2026-04-03T03:27:55.217+0600][65.177s][info][gc,stats    ]   observed pacing delays may be higher than the threshold when paced thread spent more
[2026-04-03T03:27:55.217+0600][65.177s][info][gc,stats    ]   time in the pacing code. It usually happens when thread is de-scheduled while paced,
[2026-04-03T03:27:55.217+0600][65.177s][info][gc,stats    ]   OS takes longer to unblock the thread, or JVM experiences an STW pause.
[2026-04-03T03:27:55.217+0600][65.177s][info][gc,stats    ] 
[2026-04-03T03:27:55.217+0600][65.177s][info][gc,stats    ]   Higher delay would prevent application outpacing the GC, but it will hide the GC latencies
[2026-04-03T03:27:55.217+0600][65.177s][info][gc,stats    ]   from the STW pause times. Pacing affects the individual threads, and so it would also be
[2026-04-03T03:27:55.217+0600][65.177s][info][gc,stats    ]   invisible to the usual profiling tools, but would add up to end-to-end application latency.
[2026-04-03T03:27:55.217+0600][65.177s][info][gc,stats    ]   Raise max pacing delay with care.
[2026-04-03T03:27:55.217+0600][65.177s][info][gc,stats    ] 
[2026-04-03T03:27:55.217+0600][65.177s][info][gc,stats    ] Concurrent Reset               =    0.203 s (a =     2985 us) (n =    68) (lvls, us =      402,      996,     1484,     2285,    23356)
[2026-04-03T03:27:55.217+0600][65.177s][info][gc,stats    ] Pause Init Mark (G)            =    0.033 s (a =      484 us) (n =    68) (lvls, us =      238,      377,      445,      547,      946)
[2026-04-03T03:27:55.217+0600][65.177s][info][gc,stats    ] Pause Init Mark (N)            =    0.012 s (a =      178 us) (n =    68) (lvls, us =       84,      125,      152,      186,      678)
[2026-04-03T03:27:55.217+0600][65.177s][info][gc,stats    ]   Update Region States         =    0.002 s (a =       33 us) (n =    68) (lvls, us =       16,       25,       30,       37,       76)
[2026-04-03T03:27:55.217+0600][65.177s][info][gc,stats    ] Concurrent Mark Roots          =    0.068 s (a =      994 us) (n =    68) (lvls, us =      502,      807,     1016,     1113,     2130)
[2026-04-03T03:27:55.217+0600][65.177s][info][gc,stats    ]   CMR: <total>                 =    0.114 s (a =     1671 us) (n =    68) (lvls, us =      797,     1191,     1621,     1895,     5361)
[2026-04-03T03:27:55.217+0600][65.177s][info][gc,stats    ]   CMR: Thread Roots            =    0.093 s (a =     1365 us) (n =    68) (lvls, us =      502,      945,     1289,     1562,     4553)
[2026-04-03T03:27:55.217+0600][65.177s][info][gc,stats    ]   CMR: VM Strong Roots         =    0.003 s (a =       48 us) (n =    68) (lvls, us =       17,       29,       38,       46,      352)
[2026-04-03T03:27:55.217+0600][65.177s][info][gc,stats    ]   CMR: CLDG Roots              =    0.018 s (a =      257 us) (n =    68) (lvls, us =      131,      205,      234,      295,      587)
[2026-04-03T03:27:55.217+0600][65.177s][info][gc,stats    ] Concurrent Marking             =   18.220 s (a =   267947 us) (n =    68) (lvls, us =     7656,   175781,   269531,   351562,  1019929)
[2026-04-03T03:27:55.217+0600][65.177s][info][gc,stats    ] Pause Final Mark (G)           =    0.098 s (a =     1448 us) (n =    68) (lvls, us =      543,      891,     1035,     1230,    24556)
[2026-04-03T03:27:55.217+0600][65.177s][info][gc,stats    ] Pause Final Mark (N)           =    0.080 s (a =     1172 us) (n =    68) (lvls, us =      385,      656,      795,      893,    24301)
[2026-04-03T03:27:55.217+0600][65.177s][info][gc,stats    ]   Finish Mark                  =    0.019 s (a =      284 us) (n =    68) (lvls, us =      125,      232,      281,      324,      473)
[2026-04-03T03:27:55.217+0600][65.177s][info][gc,stats    ]   Update Region States         =    0.003 s (a =       47 us) (n =    68) (lvls, us =       29,       35,       44,       54,       91)
[2026-04-03T03:27:55.217+0600][65.177s][info][gc,stats    ]   Choose Collection Set        =    0.019 s (a =      283 us) (n =    68) (lvls, us =       50,      182,      291,      361,      586)
[2026-04-03T03:27:55.217+0600][65.177s][info][gc,stats    ]   Rebuild Free Set             =    0.002 s (a =       34 us) (n =    68) (lvls, us =       21,       26,       32,       40,       87)
[2026-04-03T03:27:55.217+0600][65.177s][info][gc,stats    ] Concurrent Thread Roots        =    0.046 s (a =      810 us) (n =    57) (lvls, us =      238,      621,      803,      891,     1929)
[2026-04-03T03:27:55.217+0600][65.177s][info][gc,stats    ]   CTR: <total>                 =    0.088 s (a =     1541 us) (n =    57) (lvls, us =      234,     1113,     1387,     1836,     3673)
[2026-04-03T03:27:55.217+0600][65.177s][info][gc,stats    ]   CTR: Thread Roots            =    0.088 s (a =     1541 us) (n =    57) (lvls, us =      234,     1113,     1387,     1836,     3673)
[2026-04-03T03:27:55.217+0600][65.177s][info][gc,stats    ] Concurrent Weak References     =    0.033 s (a =      490 us) (n =    68) (lvls, us =      189,      354,      404,      547,     1413)
[2026-04-03T03:27:55.217+0600][65.177s][info][gc,stats    ]   CWRF: <total>                =    0.026 s (a =      377 us) (n =    68) (lvls, us =      111,      205,      266,      438,     1480)
[2026-04-03T03:27:55.217+0600][65.177s][info][gc,stats    ]   CWRF: Weak References        =    0.026 s (a =      377 us) (n =    68) (lvls, us =      111,      205,      266,      438,     1480)
[2026-04-03T03:27:55.217+0600][65.177s][info][gc,stats    ] Concurrent Weak Roots          =    0.179 s (a =     2631 us) (n =    68) (lvls, us =      861,     1953,     2227,     2637,    17135)
[2026-04-03T03:27:55.217+0600][65.177s][info][gc,stats    ]   Roots                        =    0.136 s (a =     1997 us) (n =    68) (lvls, us =      709,     1660,     1855,     2266,     3543)
[2026-04-03T03:27:55.217+0600][65.177s][info][gc,stats    ]     CWR: <total>               =    0.336 s (a =     4940 us) (n =    68) (lvls, us =     1621,     3828,     4570,     5859,     9333)
[2026-04-03T03:27:55.217+0600][65.177s][info][gc,stats    ]     CWR: Code Cache Roots      =    0.219 s (a =     3216 us) (n =    68) (lvls, us =      521,     2578,     3047,     3711,     6493)
[2026-04-03T03:27:55.217+0600][65.177s][info][gc,stats    ]     CWR: VM Weak Roots         =    0.111 s (a =     1634 us) (n =    68) (lvls, us =      779,     1211,     1445,     1934,     3461)
[2026-04-03T03:27:55.217+0600][65.177s][info][gc,stats    ]     CWR: CLDG Roots            =    0.006 s (a =       91 us) (n =    68) (lvls, us =        8,       59,       78,      111,      211)
[2026-04-03T03:27:55.217+0600][65.177s][info][gc,stats    ]   Rendezvous                   =    0.036 s (a =      537 us) (n =    68) (lvls, us =       58,      191,      244,      320,    13746)
[2026-04-03T03:27:55.217+0600][65.177s][info][gc,stats    ] Concurrent Cleanup             =    0.028 s (a =      412 us) (n =    68) (lvls, us =      131,      236,      436,      500,      775)
[2026-04-03T03:27:55.217+0600][65.177s][info][gc,stats    ] Concurrent Class Unloading     =    0.575 s (a =     8454 us) (n =    68) (lvls, us =     1875,     4785,     6172,     7832,    28323)
[2026-04-03T03:27:55.217+0600][65.177s][info][gc,stats    ]   Unlink Stale                 =    0.514 s (a =     7552 us) (n =    68) (lvls, us =     1094,     4297,     5371,     6816,    27219)
[2026-04-03T03:27:55.217+0600][65.177s][info][gc,stats    ]     System Dictionary          =    0.009 s (a =      138 us) (n =    68) (lvls, us =        9,       69,       97,      150,      436)
[2026-04-03T03:27:55.217+0600][65.177s][info][gc,stats    ]     Weak Class Links           =    0.146 s (a =     2150 us) (n =    68) (lvls, us =        0,        0,        0,        1,    18762)
[2026-04-03T03:27:55.217+0600][65.177s][info][gc,stats    ]     Code Roots                 =    0.358 s (a =     5261 us) (n =    68) (lvls, us =     1074,     4219,     5215,     6465,     9105)
[2026-04-03T03:27:55.217+0600][65.177s][info][gc,stats    ]   Rendezvous                   =    0.020 s (a =      289 us) (n =    68) (lvls, us =      100,      215,      271,      340,      899)
[2026-04-03T03:27:55.217+0600][65.177s][info][gc,stats    ]   Purge Unlinked               =    0.034 s (a =      497 us) (n =    68) (lvls, us =       12,       18,      195,      555,     5515)
[2026-04-03T03:27:55.217+0600][65.177s][info][gc,stats    ]     Code Roots                 =    0.030 s (a =      448 us) (n =    68) (lvls, us =        4,        6,      188,      420,     5270)
[2026-04-03T03:27:55.217+0600][65.177s][info][gc,stats    ]     CLDG                       =    0.003 s (a =       48 us) (n =    68) (lvls, us =        6,        9,       10,       16,      596)
[2026-04-03T03:27:55.217+0600][65.177s][info][gc,stats    ]     Exception Caches           =    0.000 s (a =        0 us) (n =    68) (lvls, us =        0,        0,        0,        0,        1)
[2026-04-03T03:27:55.217+0600][65.177s][info][gc,stats    ] Concurrent Strong Roots        =    0.054 s (a =      944 us) (n =    57) (lvls, us =      334,      764,      881,     1035,     2255)
[2026-04-03T03:27:55.217+0600][65.177s][info][gc,stats    ]   CSR: <total>                 =    0.033 s (a =      582 us) (n =    57) (lvls, us =      158,      428,      510,      652,     1925)
[2026-04-03T03:27:55.217+0600][65.177s][info][gc,stats    ]   CSR: VM Strong Roots         =    0.002 s (a =       40 us) (n =    57) (lvls, us =       10,       29,       37,       48,       81)
[2026-04-03T03:27:55.217+0600][65.177s][info][gc,stats    ]   CSR: CLDG Roots              =    0.031 s (a =      542 us) (n =    57) (lvls, us =      148,      391,      473,      594,     1874)
[2026-04-03T03:27:55.217+0600][65.177s][info][gc,stats    ] Concurrent Evacuation          =    1.779 s (a =    31218 us) (n =    57) (lvls, us =     1094,    16406,    35938,    45313,    64926)
[2026-04-03T03:27:55.217+0600][65.177s][info][gc,stats    ] Pause Final Roots (G)          =    0.003 s (a =      299 us) (n =    11) (lvls, us =      123,      152,      203,      375,      623)
[2026-04-03T03:27:55.217+0600][65.177s][info][gc,stats    ] Pause Final Roots (N)          =    0.001 s (a =       68 us) (n =    11) (lvls, us =       47,       50,       64,       67,      101)
[2026-04-03T03:27:55.217+0600][65.177s][info][gc,stats    ] Pause Init Update Refs (G)     =    0.030 s (a =      527 us) (n =    57) (lvls, us =      229,      369,      480,      611,     2411)
[2026-04-03T03:27:55.217+0600][65.177s][info][gc,stats    ] Pause Init Update Refs (N)     =    0.009 s (a =      162 us) (n =    57) (lvls, us =       80,      115,      143,      184,      413)
[2026-04-03T03:27:55.217+0600][65.177s][info][gc,stats    ]   Manage GCLABs                =    0.002 s (a =       28 us) (n =    57) (lvls, us =        6,       17,       22,       35,       78)
[2026-04-03T03:27:55.217+0600][65.177s][info][gc,stats    ] Concurrent Update Refs         =    9.899 s (a =   173660 us) (n =    57) (lvls, us =     3867,   117188,   179688,   248047,   309170)
[2026-04-03T03:27:55.217+0600][65.177s][info][gc,stats    ] Concurrent Update Thread Roots =    0.087 s (a =     1522 us) (n =    57) (lvls, us =      344,      941,     1133,     1328,    23071)
[2026-04-03T03:27:55.217+0600][65.177s][info][gc,stats    ] Pause Final Update Refs (G)    =    0.031 s (a =      542 us) (n =    57) (lvls, us =      250,      426,      510,      625,     1306)
[2026-04-03T03:27:55.217+0600][65.177s][info][gc,stats    ] Pause Final Update Refs (N)    =    0.013 s (a =      226 us) (n =    57) (lvls, us =      119,      188,      217,      258,      422)
[2026-04-03T03:27:55.217+0600][65.177s][info][gc,stats    ]   Update Region States         =    0.003 s (a =       50 us) (n =    57) (lvls, us =       27,       41,       47,       55,       89)
[2026-04-03T03:27:55.217+0600][65.177s][info][gc,stats    ]   Trash Collection Set         =    0.001 s (a =       15 us) (n =    57) (lvls, us =        6,       10,       12,       18,       40)
[2026-04-03T03:27:55.217+0600][65.177s][info][gc,stats    ]   Rebuild Free Set             =    0.002 s (a =       36 us) (n =    57) (lvls, us =       19,       30,       33,       37,      107)
[2026-04-03T03:27:55.217+0600][65.177s][info][gc,stats    ] Concurrent Cleanup             =    0.025 s (a =      443 us) (n =    57) (lvls, us =      174,      277,      383,      621,      809)
[2026-04-03T03:27:55.217+0600][65.177s][info][gc,stats    ] Concurrent Uncommit            =    0.386 s (a =   128520 us) (n =     3) (lvls, us =   113281,   113281,   113281,   132812,   137266)
[2026-04-03T03:27:55.217+0600][65.177s][info][gc,stats    ] Pacing                         =   14.089 s (a =   207194 us) (n =    68) (lvls, us =        0,        0,    88672,   404297,   888546)
[2026-04-03T03:27:55.217+0600][65.177s][info][gc,stats    ] 
[2026-04-03T03:27:55.217+0600][65.177s][info][gc,stats    ] 
[2026-04-03T03:27:55.217+0600][65.177s][info][gc,stats    ] Under allocation pressure, concurrent cycles may cancel, and either continue cycle
[2026-04-03T03:27:55.217+0600][65.177s][info][gc,stats    ] under stop-the-world pause or result in stop-the-world Full GC. Increase heap size,
[2026-04-03T03:27:55.217+0600][65.178s][info][gc,stats    ] tune GC heuristics, set more aggressive pacing delay, or lower allocation rate
[2026-04-03T03:27:55.217+0600][65.178s][info][gc,stats    ] to avoid Degenerated and Full GC cycles.
[2026-04-03T03:27:55.217+0600][65.178s][info][gc,stats    ] 
[2026-04-03T03:27:55.217+0600][65.178s][info][gc,stats    ]    68 successful concurrent GCs
[2026-04-03T03:27:55.218+0600][65.178s][info][gc,stats    ]       3 invoked explicitly
[2026-04-03T03:27:55.218+0600][65.178s][info][gc,stats    ]       0 invoked implicitly
[2026-04-03T03:27:55.218+0600][65.178s][info][gc,stats    ] 
[2026-04-03T03:27:55.218+0600][65.178s][info][gc,stats    ]     0 Degenerated GCs
[2026-04-03T03:27:55.218+0600][65.178s][info][gc,stats    ]       0 caused by allocation failure
[2026-04-03T03:27:55.218+0600][65.178s][info][gc,stats    ]       0 upgraded to Full GC
[2026-04-03T03:27:55.218+0600][65.178s][info][gc,stats    ] 
[2026-04-03T03:27:55.218+0600][65.178s][info][gc,stats    ]     0 Full GCs
[2026-04-03T03:27:55.218+0600][65.178s][info][gc,stats    ]       0 invoked explicitly
[2026-04-03T03:27:55.218+0600][65.178s][info][gc,stats    ]       0 invoked implicitly
[2026-04-03T03:27:55.218+0600][65.178s][info][gc,stats    ]       0 caused by allocation failure
[2026-04-03T03:27:55.218+0600][65.178s][info][gc,stats    ]       0 upgraded from Degenerated GC
[2026-04-03T03:27:55.218+0600][65.178s][info][gc,stats    ] 
[2026-04-03T03:27:55.218+0600][65.178s][info][gc,stats    ] 
