[2026-04-03T03:39:28.708+0600][0.005s][info][gc] Heuristics ergonomically sets -XX:+ExplicitGCInvokesConcurrent
[2026-04-03T03:39:28.708+0600][0.005s][info][gc] Heuristics ergonomically sets -XX:+ShenandoahImplicitGCInvokesConcurrent
[2026-04-03T03:39:28.708+0600][0.006s][info][gc] Using Shenandoah
[2026-04-03T03:39:28.709+0600][0.007s][info][gc,ergo] Pacer for Idle. Initial: 40960K, Alloc Tax Rate: 1.0x
[2026-04-03T03:39:28.710+0600][0.007s][info][gc,init] Version: 21.0.10+7-Ubuntu-124.04 (release)
[2026-04-03T03:39:28.710+0600][0.007s][info][gc,init] CPUs: 12 total, 12 available
[2026-04-03T03:39:28.710+0600][0.007s][info][gc,init] Memory: 15683M
[2026-04-03T03:39:28.710+0600][0.007s][info][gc,init] Large Page Support: Disabled
[2026-04-03T03:39:28.710+0600][0.007s][info][gc,init] NUMA Support: Disabled
[2026-04-03T03:39:28.710+0600][0.007s][info][gc,init] Compressed Oops: Enabled (32-bit)
[2026-04-03T03:39:28.710+0600][0.007s][info][gc,init] Heap Min Capacity: 6656K
[2026-04-03T03:39:28.710+0600][0.007s][info][gc,init] Heap Initial Capacity: 251392K
[2026-04-03T03:39:28.710+0600][0.007s][info][gc,init] Heap Max Capacity: 2000M
[2026-04-03T03:39:28.710+0600][0.007s][info][gc,init] Pre-touch: Disabled
[2026-04-03T03:39:28.710+0600][0.007s][info][gc,init] Mode: Snapshot-At-The-Beginning (SATB)
[2026-04-03T03:39:28.710+0600][0.007s][info][gc,init] Heuristics: Adaptive
[2026-04-03T03:39:28.710+0600][0.007s][info][gc,init] Heap Region Count: 4000
[2026-04-03T03:39:28.710+0600][0.007s][info][gc,init] Heap Region Size: 512K
[2026-04-03T03:39:28.710+0600][0.007s][info][gc,init] TLAB Size Max: 512K
[2026-04-03T03:39:28.710+0600][0.007s][info][gc,init] Humongous Object Threshold: 512K
[2026-04-03T03:39:28.710+0600][0.007s][info][gc,init] Parallel Workers: 6
[2026-04-03T03:39:28.710+0600][0.007s][info][gc,init] Concurrent Workers: 3
[2026-04-03T03:39:28.720+0600][0.017s][info][gc,metaspace] CDS archive(s) mapped at: [0x00007bc6cb000000-0x00007bc6cbc9c000-0x00007bc6cbc9c000), size 13221888, SharedBaseAddress: 0x00007bc6cb000000, ArchiveRelocationMode: 1.
[2026-04-03T03:39:28.720+0600][0.017s][info][gc,metaspace] Compressed class space mapped at: 0x00007bc6cc000000-0x00007bc70c000000, reserved size: 1073741824
[2026-04-03T03:39:28.720+0600][0.017s][info][gc,metaspace] Narrow klass base: 0x00007bc6cb000000, Narrow klass shift: 0, Narrow klass range: 0x100000000
[2026-04-03T03:39:32.862+0600][4.160s][info][gc          ] Trigger: Metadata GC Threshold
[2026-04-03T03:39:32.862+0600][4.160s][info][gc,ergo     ] Free: 1534M, Max: 512K regular, 1534M humongous, Frag: 0% external, 0% internal; Reserve: 100M, Max: 512K
[2026-04-03T03:39:32.862+0600][4.160s][info][gc,start    ] GC(0) Concurrent reset
[2026-04-03T03:39:32.863+0600][4.160s][info][gc,task     ] GC(0) Using 3 of 6 workers for concurrent reset
[2026-04-03T03:39:32.863+0600][4.160s][info][gc,ergo     ] GC(0) Pacer for Reset. Non-Taxable: 2000M
[2026-04-03T03:39:32.863+0600][4.161s][info][gc          ] GC(0) Concurrent reset 1.054ms
[2026-04-03T03:39:32.864+0600][4.161s][info][gc,start    ] GC(0) Pause Init Mark (unload classes)
[2026-04-03T03:39:32.864+0600][4.162s][info][gc,task     ] GC(0) Using 6 of 6 workers for init marking
[2026-04-03T03:39:32.864+0600][4.162s][info][gc,ergo     ] GC(0) Pacer for Mark. Expected Live: 200M, Free: 1534M, Non-Taxable: 153M, Alloc Tax Rate: 0.2x
[2026-04-03T03:39:32.864+0600][4.162s][info][gc          ] GC(0) Pause Init Mark (unload classes) 0.671ms
[2026-04-03T03:39:32.864+0600][4.162s][info][gc,start    ] GC(0) Concurrent marking roots
[2026-04-03T03:39:32.864+0600][4.162s][info][gc,task     ] GC(0) Using 3 of 6 workers for concurrent marking roots
[2026-04-03T03:39:32.867+0600][4.164s][info][gc          ] GC(0) Concurrent marking roots 2.570ms
[2026-04-03T03:39:32.867+0600][4.164s][info][gc,start    ] GC(0) Concurrent marking (unload classes)
[2026-04-03T03:39:32.867+0600][4.164s][info][gc,task     ] GC(0) Using 3 of 6 workers for concurrent marking
[2026-04-03T03:39:32.877+0600][4.174s][info][gc          ] GC(0) Concurrent marking (unload classes) 9.994ms
[2026-04-03T03:39:32.877+0600][4.175s][info][gc,start    ] GC(0) Pause Final Mark (unload classes)
[2026-04-03T03:39:32.877+0600][4.175s][info][gc,task     ] GC(0) Using 6 of 6 workers for final marking
[2026-04-03T03:39:32.878+0600][4.175s][info][gc,ergo     ] GC(0) Adaptive CSet Selection. Target Free: 283M, Actual Free: 1634M, Max CSet: 85333K, Min Garbage: 0B
[2026-04-03T03:39:32.878+0600][4.175s][info][gc,ergo     ] GC(0) Collectable Garbage: 346M (99%), Immediate: 512K (0%), CSet: 345M (99%)
[2026-04-03T03:39:32.878+0600][4.175s][info][gc,ergo     ] GC(0) Pacer for Evacuation. Used CSet: 357M, Free: 1534M, Non-Taxable: 153M, Alloc Tax Rate: 1.1x
[2026-04-03T03:39:32.878+0600][4.175s][info][gc          ] GC(0) Pause Final Mark (unload classes) 0.712ms
[2026-04-03T03:39:32.878+0600][4.176s][info][gc,start    ] GC(0) Concurrent thread roots
[2026-04-03T03:39:32.878+0600][4.176s][info][gc,task     ] GC(0) Using 3 of 6 workers for Concurrent thread roots
[2026-04-03T03:39:32.879+0600][4.176s][info][gc          ] GC(0) Concurrent thread roots 0.485ms
[2026-04-03T03:39:32.879+0600][4.176s][info][gc,start    ] GC(0) Concurrent weak references
[2026-04-03T03:39:32.879+0600][4.176s][info][gc,task     ] GC(0) Using 3 of 6 workers for concurrent weak references
[2026-04-03T03:39:32.879+0600][4.177s][info][gc,ref      ] GC(0) Encountered references: Soft: 3498, Weak: 1459, Final: 0, Phantom: 563
[2026-04-03T03:39:32.879+0600][4.177s][info][gc,ref      ] GC(0) Discovered  references: Soft: 0, Weak: 994, Final: 0, Phantom: 560
[2026-04-03T03:39:32.879+0600][4.177s][info][gc,ref      ] GC(0) Enqueued    references: Soft: 0, Weak: 452, Final: 0, Phantom: 0
[2026-04-03T03:39:32.879+0600][4.177s][info][gc          ] GC(0) Concurrent weak references 0.636ms
[2026-04-03T03:39:32.879+0600][4.177s][info][gc,start    ] GC(0) Concurrent weak roots
[2026-04-03T03:39:32.879+0600][4.177s][info][gc,task     ] GC(0) Using 3 of 6 workers for concurrent weak root
[2026-04-03T03:39:32.880+0600][4.178s][info][gc          ] GC(0) Concurrent weak roots 0.972ms
[2026-04-03T03:39:32.880+0600][4.178s][info][gc,start    ] GC(0) Concurrent cleanup
[2026-04-03T03:39:32.880+0600][4.178s][info][gc          ] GC(0) Concurrent cleanup 365M->365M(367M) 0.197ms
[2026-04-03T03:39:32.880+0600][4.178s][info][gc,ergo     ] GC(0) Free: 1533M, Max: 512K regular, 1533M humongous, Frag: 1% external, 0% internal; Reserve: 101956K, Max: 512K
[2026-04-03T03:39:32.880+0600][4.178s][info][gc,start    ] GC(0) Concurrent class unloading
[2026-04-03T03:39:32.880+0600][4.178s][info][gc,task     ] GC(0) Using 3 of 6 workers for concurrent class unloading
[2026-04-03T03:39:32.883+0600][4.181s][info][gc          ] GC(0) Concurrent class unloading 2.797ms
[2026-04-03T03:39:32.883+0600][4.181s][info][gc,start    ] GC(0) Concurrent strong roots
[2026-04-03T03:39:32.883+0600][4.181s][info][gc,task     ] GC(0) Using 3 of 6 workers for concurrent strong root
[2026-04-03T03:39:32.885+0600][4.182s][info][gc          ] GC(0) Concurrent strong roots 1.400ms
[2026-04-03T03:39:32.885+0600][4.182s][info][gc,start    ] GC(0) Concurrent evacuation
[2026-04-03T03:39:32.885+0600][4.182s][info][gc,task     ] GC(0) Using 3 of 6 workers for concurrent evacuation
[2026-04-03T03:39:32.893+0600][4.191s][info][gc          ] GC(0) Concurrent evacuation 8.599ms
[2026-04-03T03:39:32.894+0600][4.191s][info][gc,start    ] GC(0) Pause Init Update Refs
[2026-04-03T03:39:32.894+0600][4.191s][info][gc,ergo     ] GC(0) Pacer for Update Refs. Used: 377M, Free: 1533M, Non-Taxable: 153M, Alloc Tax Rate: 1.1x
[2026-04-03T03:39:32.894+0600][4.191s][info][gc          ] GC(0) Pause Init Update Refs 0.064ms
[2026-04-03T03:39:32.894+0600][4.191s][info][gc,start    ] GC(0) Concurrent update references
[2026-04-03T03:39:32.894+0600][4.191s][info][gc,task     ] GC(0) Using 3 of 6 workers for concurrent reference update
[2026-04-03T03:39:32.898+0600][4.195s][info][gc          ] GC(0) Concurrent update references 4.111ms
[2026-04-03T03:39:32.898+0600][4.195s][info][gc,start    ] GC(0) Concurrent update thread roots
[2026-04-03T03:39:32.898+0600][4.196s][info][gc          ] GC(0) Concurrent update thread roots 0.487ms
[2026-04-03T03:39:32.899+0600][4.196s][info][gc,start    ] GC(0) Pause Final Update Refs
[2026-04-03T03:39:32.899+0600][4.196s][info][gc,task     ] GC(0) Using 6 of 6 workers for final reference update
[2026-04-03T03:39:32.899+0600][4.196s][info][gc          ] GC(0) Pause Final Update Refs 0.241ms
[2026-04-03T03:39:32.899+0600][4.196s][info][gc,start    ] GC(0) Concurrent cleanup
[2026-04-03T03:39:32.899+0600][4.197s][info][gc          ] GC(0) Concurrent cleanup 378M->21M(380M) 0.300ms
[2026-04-03T03:39:32.899+0600][4.197s][info][gc,ergo     ] Free: 1877M, Max: 512K regular, 1520M humongous, Frag: 20% external, 0% internal; Reserve: 100M, Max: 512K
[2026-04-03T03:39:32.899+0600][4.197s][info][gc,stats    ] 
[2026-04-03T03:39:32.899+0600][4.197s][info][gc,stats    ] All times are wall-clock times, except per-root-class counters, that are sum over
[2026-04-03T03:39:32.899+0600][4.197s][info][gc,stats    ] all workers. Dividing the <total> over the root stage time estimates parallelism.
[2026-04-03T03:39:32.899+0600][4.197s][info][gc,stats    ] 
[2026-04-03T03:39:32.899+0600][4.197s][info][gc,stats    ] Concurrent Reset                   1088 us
[2026-04-03T03:39:32.899+0600][4.197s][info][gc,stats    ] Pause Init Mark (G)                 934 us
[2026-04-03T03:39:32.899+0600][4.197s][info][gc,stats    ] Pause Init Mark (N)                 683 us
[2026-04-03T03:39:32.899+0600][4.197s][info][gc,stats    ]   Update Region States               29 us
[2026-04-03T03:39:32.899+0600][4.197s][info][gc,stats    ] Concurrent Mark Roots              2622 us, parallelism: 1.47x
[2026-04-03T03:39:32.899+0600][4.197s][info][gc,stats    ]   CMR: <total>                     3847 us
[2026-04-03T03:39:32.899+0600][4.197s][info][gc,stats    ]   CMR: Thread Roots                2584 us, workers (us): 2274, 310,   0, ---, ---, ---, 
[2026-04-03T03:39:32.899+0600][4.197s][info][gc,stats    ]   CMR: VM Strong Roots              365 us, workers (us): 113, 244,   7, ---, ---, ---, 
[2026-04-03T03:39:32.899+0600][4.197s][info][gc,stats    ]   CMR: CLDG Roots                   898 us, workers (us): ---, ---, 898, ---, ---, ---, 
[2026-04-03T03:39:32.899+0600][4.197s][info][gc,stats    ] Concurrent Marking                10075 us
[2026-04-03T03:39:32.899+0600][4.197s][info][gc,stats    ] Pause Final Mark (G)               1024 us
[2026-04-03T03:39:32.899+0600][4.197s][info][gc,stats    ] Pause Final Mark (N)                723 us
[2026-04-03T03:39:32.899+0600][4.197s][info][gc,stats    ]   Finish Mark                       277 us
[2026-04-03T03:39:32.900+0600][4.197s][info][gc,stats    ]   Update Region States               42 us
[2026-04-03T03:39:32.900+0600][4.197s][info][gc,stats    ]   Choose Collection Set             268 us
[2026-04-03T03:39:32.900+0600][4.197s][info][gc,stats    ]   Rebuild Free Set                   35 us
[2026-04-03T03:39:32.900+0600][4.197s][info][gc,stats    ] Concurrent Thread Roots             517 us, parallelism: 0.75x
[2026-04-03T03:39:32.900+0600][4.197s][info][gc,stats    ]   CTR: <total>                      387 us
[2026-04-03T03:39:32.900+0600][4.197s][info][gc,stats    ]   CTR: Thread Roots                 387 us, workers (us): 276,  70,  41, ---, ---, ---, 
[2026-04-03T03:39:32.900+0600][4.197s][info][gc,stats    ] Concurrent Weak References          649 us, parallelism: 1.02x
[2026-04-03T03:39:32.900+0600][4.197s][info][gc,stats    ]   CWRF: <total>                     664 us
[2026-04-03T03:39:32.900+0600][4.197s][info][gc,stats    ]   CWRF: Weak References             664 us, workers (us): 402, 260,   2, ---, ---, ---, 
[2026-04-03T03:39:32.900+0600][4.197s][info][gc,stats    ] Concurrent Weak Roots              1016 us
[2026-04-03T03:39:32.900+0600][4.197s][info][gc,stats    ]   Roots                             823 us, parallelism: 2.41x
[2026-04-03T03:39:32.900+0600][4.197s][info][gc,stats    ]     CWR: <total>                   1986 us
[2026-04-03T03:39:32.900+0600][4.197s][info][gc,stats    ]     CWR: Code Cache Roots           632 us, workers (us): 206, 202, 224, ---, ---, ---, 
[2026-04-03T03:39:32.900+0600][4.197s][info][gc,stats    ]     CWR: VM Weak Roots             1343 us, workers (us): 457, 444, 443, ---, ---, ---, 
[2026-04-03T03:39:32.900+0600][4.197s][info][gc,stats    ]     CWR: CLDG Roots                  10 us, workers (us): ---,  10, ---, ---, ---, ---, 
[2026-04-03T03:39:32.900+0600][4.197s][info][gc,stats    ]   Rendezvous                        126 us
[2026-04-03T03:39:32.900+0600][4.197s][info][gc,stats    ] Concurrent Cleanup                  214 us
[2026-04-03T03:39:32.900+0600][4.197s][info][gc,stats    ] Concurrent Class Unloading         2858 us
[2026-04-03T03:39:32.900+0600][4.197s][info][gc,stats    ]   Unlink Stale                     1855 us
[2026-04-03T03:39:32.900+0600][4.197s][info][gc,stats    ]     System Dictionary                15 us
[2026-04-03T03:39:32.900+0600][4.197s][info][gc,stats    ]     Weak Class Links                  0 us
[2026-04-03T03:39:32.900+0600][4.197s][info][gc,stats    ]     Code Roots                     1836 us
[2026-04-03T03:39:32.900+0600][4.197s][info][gc,stats    ]   Rendezvous                         96 us
[2026-04-03T03:39:32.900+0600][4.197s][info][gc,stats    ]   Purge Unlinked                    821 us
[2026-04-03T03:39:32.900+0600][4.197s][info][gc,stats    ]     Code Roots                      806 us
[2026-04-03T03:39:32.900+0600][4.197s][info][gc,stats    ]     CLDG                             14 us
[2026-04-03T03:39:32.900+0600][4.197s][info][gc,stats    ]     Exception Caches                  0 us
[2026-04-03T03:39:32.900+0600][4.197s][info][gc,stats    ] Concurrent Strong Roots            1455 us, parallelism: 0.87x
[2026-04-03T03:39:32.900+0600][4.197s][info][gc,stats    ]   CSR: <total>                     1266 us
[2026-04-03T03:39:32.900+0600][4.197s][info][gc,stats    ]   CSR: VM Strong Roots               34 us, workers (us):  28,   6,   0, ---, ---, ---, 
[2026-04-03T03:39:32.900+0600][4.197s][info][gc,stats    ]   CSR: CLDG Roots                  1232 us, workers (us): ---, 1232, ---, ---, ---, ---, 
[2026-04-03T03:39:32.900+0600][4.197s][info][gc,stats    ] Concurrent Evacuation              8664 us
[2026-04-03T03:39:32.900+0600][4.197s][info][gc,stats    ] Pause Init Update Refs (G)          267 us
[2026-04-03T03:39:32.900+0600][4.197s][info][gc,stats    ] Pause Init Update Refs (N)           87 us
[2026-04-03T03:39:32.900+0600][4.197s][info][gc,stats    ]   Manage GCLABs                       5 us
[2026-04-03T03:39:32.900+0600][4.197s][info][gc,stats    ] Concurrent Update Refs             4174 us
[2026-04-03T03:39:32.900+0600][4.197s][info][gc,stats    ] Concurrent Update Thread Roots      509 us
[2026-04-03T03:39:32.900+0600][4.197s][info][gc,stats    ] Pause Final Update Refs (G)         561 us
[2026-04-03T03:39:32.900+0600][4.197s][info][gc,stats    ] Pause Final Update Refs (N)         307 us
[2026-04-03T03:39:32.900+0600][4.197s][info][gc,stats    ]   Update Region States               54 us
[2026-04-03T03:39:32.900+0600][4.197s][info][gc,stats    ]   Trash Collection Set               30 us
[2026-04-03T03:39:32.900+0600][4.197s][info][gc,stats    ]   Rebuild Free Set                   99 us
[2026-04-03T03:39:32.900+0600][4.197s][info][gc,stats    ] Concurrent Cleanup                  322 us
[2026-04-03T03:39:32.900+0600][4.197s][info][gc,stats    ] 
[2026-04-03T03:39:32.900+0600][4.197s][info][gc,stats    ] Allocation pacing accrued:
[2026-04-03T03:39:32.900+0600][4.197s][info][gc,stats    ]       0 of  4191 ms (  0.0%): <total>
[2026-04-03T03:39:32.900+0600][4.197s][info][gc,stats    ]       0 of  4191 ms (  0.0%): <average total>
[2026-04-03T03:39:32.900+0600][4.197s][info][gc,stats    ] 
[2026-04-03T03:39:32.900+0600][4.198s][info][gc,metaspace] Metaspace: 21336K(21568K)->21426K(21760K) NonClass: 18691K(18816K)->18762K(18944K) Class: 2644K(2752K)->2663K(2816K)
[2026-04-03T03:39:32.900+0600][4.198s][info][gc,ergo     ] Pacer for Idle. Initial: 40960K, Alloc Tax Rate: 1.0x
[2026-04-03T03:39:35.717+0600][7.014s][info][gc          ] Trigger: Metadata GC Threshold
[2026-04-03T03:39:35.717+0600][7.014s][info][gc,ergo     ] Free: 1749M, Max: 512K regular, 1520M humongous, Frag: 14% external, 0% internal; Reserve: 100M, Max: 512K
[2026-04-03T03:39:35.717+0600][7.014s][info][gc,start    ] GC(1) Concurrent reset
[2026-04-03T03:39:35.717+0600][7.014s][info][gc,task     ] GC(1) Using 3 of 6 workers for concurrent reset
[2026-04-03T03:39:35.717+0600][7.014s][info][gc,ergo     ] GC(1) Pacer for Reset. Non-Taxable: 2000M
[2026-04-03T03:39:35.725+0600][7.023s][info][gc          ] GC(1) Concurrent reset 8.317ms
[2026-04-03T03:39:35.725+0600][7.023s][info][gc,start    ] GC(1) Pause Init Mark (unload classes)
[2026-04-03T03:39:35.726+0600][7.023s][info][gc,task     ] GC(1) Using 6 of 6 workers for init marking
[2026-04-03T03:39:35.726+0600][7.023s][info][gc,ergo     ] GC(1) Pacer for Mark. Expected Live: 18344K, Free: 1749M, Non-Taxable: 174M, Alloc Tax Rate: 0.0x
[2026-04-03T03:39:35.726+0600][7.023s][info][gc          ] GC(1) Pause Init Mark (unload classes) 0.153ms
[2026-04-03T03:39:35.726+0600][7.023s][info][gc,start    ] GC(1) Concurrent marking roots
[2026-04-03T03:39:35.726+0600][7.023s][info][gc,task     ] GC(1) Using 3 of 6 workers for concurrent marking roots
[2026-04-03T03:39:35.727+0600][7.024s][info][gc          ] GC(1) Concurrent marking roots 1.156ms
[2026-04-03T03:39:35.727+0600][7.024s][info][gc,start    ] GC(1) Concurrent marking (unload classes)
[2026-04-03T03:39:35.727+0600][7.024s][info][gc,task     ] GC(1) Using 3 of 6 workers for concurrent marking
[2026-04-03T03:39:35.738+0600][7.035s][info][gc          ] GC(1) Concurrent marking (unload classes) 10.759ms
[2026-04-03T03:39:35.738+0600][7.035s][info][gc,start    ] GC(1) Pause Final Mark (unload classes)
[2026-04-03T03:39:35.738+0600][7.035s][info][gc,task     ] GC(1) Using 6 of 6 workers for final marking
[2026-04-03T03:39:35.739+0600][7.036s][info][gc,ergo     ] GC(1) Adaptive CSet Selection. Target Free: 283M, Actual Free: 1859M, Max CSet: 85333K, Min Garbage: 0B
[2026-04-03T03:39:35.739+0600][7.036s][info][gc,ergo     ] GC(1) Collectable Garbage: 121M (99%), Immediate: 11148K (8%), CSet: 110M (90%)
[2026-04-03T03:39:35.739+0600][7.036s][info][gc,ergo     ] GC(1) Pacer for Evacuation. Used CSet: 116M, Free: 1764M, Non-Taxable: 176M, Alloc Tax Rate: 1.1x
[2026-04-03T03:39:35.739+0600][7.036s][info][gc          ] GC(1) Pause Final Mark (unload classes) 0.888ms
[2026-04-03T03:39:35.739+0600][7.036s][info][gc,start    ] GC(1) Concurrent thread roots
[2026-04-03T03:39:35.739+0600][7.036s][info][gc,task     ] GC(1) Using 3 of 6 workers for Concurrent thread roots
[2026-04-03T03:39:35.739+0600][7.037s][info][gc          ] GC(1) Concurrent thread roots 0.490ms
[2026-04-03T03:39:35.739+0600][7.037s][info][gc,start    ] GC(1) Concurrent weak references
[2026-04-03T03:39:35.739+0600][7.037s][info][gc,task     ] GC(1) Using 3 of 6 workers for concurrent weak references
[2026-04-03T03:39:35.740+0600][7.037s][info][gc,ref      ] GC(1) Encountered references: Soft: 3854, Weak: 2538, Final: 80, Phantom: 569
[2026-04-03T03:39:35.740+0600][7.037s][info][gc,ref      ] GC(1) Discovered  references: Soft: 0, Weak: 638, Final: 0, Phantom: 247
[2026-04-03T03:39:35.740+0600][7.037s][info][gc,ref      ] GC(1) Enqueued    references: Soft: 0, Weak: 479, Final: 0, Phantom: 1
[2026-04-03T03:39:35.740+0600][7.037s][info][gc          ] GC(1) Concurrent weak references 0.480ms
[2026-04-03T03:39:35.740+0600][7.037s][info][gc,start    ] GC(1) Concurrent weak roots
[2026-04-03T03:39:35.740+0600][7.037s][info][gc,task     ] GC(1) Using 3 of 6 workers for concurrent weak root
[2026-04-03T03:39:35.741+0600][7.039s][info][gc          ] GC(1) Concurrent weak roots 1.460ms
[2026-04-03T03:39:35.741+0600][7.039s][info][gc,start    ] GC(1) Concurrent cleanup
[2026-04-03T03:39:35.742+0600][7.039s][info][gc          ] GC(1) Concurrent cleanup 146M->135M(381M) 0.265ms
[2026-04-03T03:39:35.742+0600][7.039s][info][gc,ergo     ] GC(1) Free: 1763M, Max: 512K regular, 1520M humongous, Frag: 14% external, 0% internal; Reserve: 101501K, Max: 512K
[2026-04-03T03:39:35.742+0600][7.039s][info][gc,start    ] GC(1) Concurrent class unloading
[2026-04-03T03:39:35.742+0600][7.039s][info][gc,task     ] GC(1) Using 3 of 6 workers for concurrent class unloading
[2026-04-03T03:39:35.746+0600][7.043s][info][gc          ] GC(1) Concurrent class unloading 4.175ms
[2026-04-03T03:39:35.746+0600][7.044s][info][gc,start    ] GC(1) Concurrent strong roots
[2026-04-03T03:39:35.746+0600][7.044s][info][gc,task     ] GC(1) Using 3 of 6 workers for concurrent strong root
[2026-04-03T03:39:35.747+0600][7.044s][info][gc          ] GC(1) Concurrent strong roots 0.641ms
[2026-04-03T03:39:35.747+0600][7.044s][info][gc,start    ] GC(1) Concurrent evacuation
[2026-04-03T03:39:35.747+0600][7.044s][info][gc,task     ] GC(1) Using 3 of 6 workers for concurrent evacuation
[2026-04-03T03:39:35.752+0600][7.049s][info][gc          ] GC(1) Concurrent evacuation 5.146ms
[2026-04-03T03:39:35.752+0600][7.050s][info][gc,start    ] GC(1) Pause Init Update Refs
[2026-04-03T03:39:35.752+0600][7.050s][info][gc,ergo     ] GC(1) Pacer for Update Refs. Used: 142M, Free: 1762M, Non-Taxable: 176M, Alloc Tax Rate: 1.1x
[2026-04-03T03:39:35.752+0600][7.050s][info][gc          ] GC(1) Pause Init Update Refs 0.058ms
[2026-04-03T03:39:35.752+0600][7.050s][info][gc,start    ] GC(1) Concurrent update references
[2026-04-03T03:39:35.752+0600][7.050s][info][gc,task     ] GC(1) Using 3 of 6 workers for concurrent reference update
[2026-04-03T03:39:35.760+0600][7.057s][info][gc          ] GC(1) Concurrent update references 7.738ms
[2026-04-03T03:39:35.760+0600][7.058s][info][gc,start    ] GC(1) Concurrent update thread roots
[2026-04-03T03:39:35.761+0600][7.058s][info][gc          ] GC(1) Concurrent update thread roots 0.676ms
[2026-04-03T03:39:35.761+0600][7.059s][info][gc,start    ] GC(1) Pause Final Update Refs
[2026-04-03T03:39:35.761+0600][7.059s][info][gc,task     ] GC(1) Using 6 of 6 workers for final reference update
[2026-04-03T03:39:35.761+0600][7.059s][info][gc          ] GC(1) Pause Final Update Refs 0.172ms
[2026-04-03T03:39:35.761+0600][7.059s][info][gc,start    ] GC(1) Concurrent cleanup
[2026-04-03T03:39:35.762+0600][7.059s][info][gc          ] GC(1) Concurrent cleanup 142M->26M(387M) 0.286ms
[2026-04-03T03:39:35.762+0600][7.059s][info][gc,ergo     ] Free: 1871M, Max: 512K regular, 1596M humongous, Frag: 15% external, 0% internal; Reserve: 100M, Max: 512K
[2026-04-03T03:39:35.762+0600][7.059s][info][gc,stats    ] 
[2026-04-03T03:39:35.762+0600][7.059s][info][gc,stats    ] All times are wall-clock times, except per-root-class counters, that are sum over
[2026-04-03T03:39:35.762+0600][7.059s][info][gc,stats    ] all workers. Dividing the <total> over the root stage time estimates parallelism.
[2026-04-03T03:39:35.762+0600][7.059s][info][gc,stats    ] 
[2026-04-03T03:39:35.762+0600][7.059s][info][gc,stats    ] Concurrent Reset                   8392 us
[2026-04-03T03:39:35.762+0600][7.059s][info][gc,stats    ] Pause Init Mark (G)                 437 us
[2026-04-03T03:39:35.762+0600][7.059s][info][gc,stats    ] Pause Init Mark (N)                 163 us
[2026-04-03T03:39:35.762+0600][7.059s][info][gc,stats    ]   Update Region States               41 us
[2026-04-03T03:39:35.762+0600][7.059s][info][gc,stats    ] Concurrent Mark Roots              1201 us, parallelism: 2.28x
[2026-04-03T03:39:35.762+0600][7.059s][info][gc,stats    ]   CMR: <total>                     2738 us
[2026-04-03T03:39:35.762+0600][7.059s][info][gc,stats    ]   CMR: Thread Roots                2325 us, workers (us): 871, 812, 642, ---, ---, ---, 
[2026-04-03T03:39:35.762+0600][7.059s][info][gc,stats    ]   CMR: VM Strong Roots              176 us, workers (us):  67,  77,  32, ---, ---, ---, 
[2026-04-03T03:39:35.762+0600][7.059s][info][gc,stats    ]   CMR: CLDG Roots                   237 us, workers (us): ---, ---, 237, ---, ---, ---, 
[2026-04-03T03:39:35.762+0600][7.059s][info][gc,stats    ] Concurrent Marking                10853 us
[2026-04-03T03:39:35.762+0600][7.059s][info][gc,stats    ] Pause Final Mark (G)               1158 us
[2026-04-03T03:39:35.762+0600][7.059s][info][gc,stats    ] Pause Final Mark (N)                903 us
[2026-04-03T03:39:35.762+0600][7.059s][info][gc,stats    ]   Finish Mark                       353 us
[2026-04-03T03:39:35.762+0600][7.060s][info][gc,stats    ]   Update Region States               51 us
[2026-04-03T03:39:35.762+0600][7.060s][info][gc,stats    ]   Choose Collection Set             328 us
[2026-04-03T03:39:35.762+0600][7.060s][info][gc,stats    ]   Rebuild Free Set                   34 us
[2026-04-03T03:39:35.762+0600][7.060s][info][gc,stats    ] Concurrent Thread Roots             545 us, parallelism: 1.33x
[2026-04-03T03:39:35.762+0600][7.060s][info][gc,stats    ]   CTR: <total>                      723 us
[2026-04-03T03:39:35.762+0600][7.060s][info][gc,stats    ]   CTR: Thread Roots                 723 us, workers (us): 330, 234, 159, ---, ---, ---, 
[2026-04-03T03:39:35.762+0600][7.060s][info][gc,stats    ] Concurrent Weak References          493 us, parallelism: 0.83x
[2026-04-03T03:39:35.762+0600][7.060s][info][gc,stats    ]   CWRF: <total>                     407 us
[2026-04-03T03:39:35.762+0600][7.060s][info][gc,stats    ]   CWRF: Weak References             407 us, workers (us):  69,  84, 254, ---, ---, ---, 
[2026-04-03T03:39:35.762+0600][7.060s][info][gc,stats    ] Concurrent Weak Roots              1516 us
[2026-04-03T03:39:35.762+0600][7.060s][info][gc,stats    ]   Roots                            1351 us, parallelism: 2.55x
[2026-04-03T03:39:35.762+0600][7.060s][info][gc,stats    ]     CWR: <total>                   3450 us
[2026-04-03T03:39:35.762+0600][7.060s][info][gc,stats    ]     CWR: Code Cache Roots           973 us, workers (us): 306, 348, 319, ---, ---, ---, 
[2026-04-03T03:39:35.762+0600][7.060s][info][gc,stats    ]     CWR: VM Weak Roots             2450 us, workers (us): 846, 805, 799, ---, ---, ---, 
[2026-04-03T03:39:35.762+0600][7.060s][info][gc,stats    ]     CWR: CLDG Roots                  26 us, workers (us):  26, ---, ---, ---, ---, ---, 
[2026-04-03T03:39:35.762+0600][7.060s][info][gc,stats    ]   Rendezvous                         85 us
[2026-04-03T03:39:35.762+0600][7.060s][info][gc,stats    ] Concurrent Cleanup                  286 us
[2026-04-03T03:39:35.762+0600][7.060s][info][gc,stats    ] Concurrent Class Unloading         4250 us
[2026-04-03T03:39:35.762+0600][7.060s][info][gc,stats    ]   Unlink Stale                     2412 us
[2026-04-03T03:39:35.762+0600][7.060s][info][gc,stats    ]     System Dictionary                31 us
[2026-04-03T03:39:35.762+0600][7.060s][info][gc,stats    ]     Weak Class Links                  0 us
[2026-04-03T03:39:35.762+0600][7.060s][info][gc,stats    ]     Code Roots                     2376 us
[2026-04-03T03:39:35.762+0600][7.060s][info][gc,stats    ]   Rendezvous                        599 us
[2026-04-03T03:39:35.762+0600][7.060s][info][gc,stats    ]   Purge Unlinked                   1132 us
[2026-04-03T03:39:35.762+0600][7.060s][info][gc,stats    ]     Code Roots                     1114 us
[2026-04-03T03:39:35.762+0600][7.060s][info][gc,stats    ]     CLDG                             18 us
[2026-04-03T03:39:35.762+0600][7.060s][info][gc,stats    ]     Exception Caches                  0 us
[2026-04-03T03:39:35.762+0600][7.060s][info][gc,stats    ] Concurrent Strong Roots             675 us, parallelism: 0.71x
[2026-04-03T03:39:35.762+0600][7.060s][info][gc,stats    ]   CSR: <total>                      482 us
[2026-04-03T03:39:35.762+0600][7.060s][info][gc,stats    ]   CSR: VM Strong Roots               50 us, workers (us):  47,   1,   2, ---, ---, ---, 
[2026-04-03T03:39:35.762+0600][7.060s][info][gc,stats    ]   CSR: CLDG Roots                   432 us, workers (us): 432, ---, ---, ---, ---, ---, 
[2026-04-03T03:39:35.762+0600][7.060s][info][gc,stats    ] Concurrent Evacuation              5220 us
[2026-04-03T03:39:35.762+0600][7.060s][info][gc,stats    ] Pause Init Update Refs (G)          307 us
[2026-04-03T03:39:35.762+0600][7.060s][info][gc,stats    ] Pause Init Update Refs (N)           70 us
[2026-04-03T03:39:35.762+0600][7.060s][info][gc,stats    ]   Manage GCLABs                       7 us
[2026-04-03T03:39:35.762+0600][7.060s][info][gc,stats    ] Concurrent Update Refs             7817 us
[2026-04-03T03:39:35.762+0600][7.060s][info][gc,stats    ] Concurrent Update Thread Roots      712 us
[2026-04-03T03:39:35.762+0600][7.060s][info][gc,stats    ] Pause Final Update Refs (G)         632 us
[2026-04-03T03:39:35.762+0600][7.060s][info][gc,stats    ] Pause Final Update Refs (N)         186 us
[2026-04-03T03:39:35.762+0600][7.060s][info][gc,stats    ]   Update Region States               62 us
[2026-04-03T03:39:35.762+0600][7.060s][info][gc,stats    ]   Trash Collection Set               13 us
[2026-04-03T03:39:35.762+0600][7.060s][info][gc,stats    ]   Rebuild Free Set                   38 us
[2026-04-03T03:39:35.762+0600][7.060s][info][gc,stats    ] Concurrent Cleanup                  310 us
[2026-04-03T03:39:35.762+0600][7.060s][info][gc,stats    ] 
[2026-04-03T03:39:35.762+0600][7.060s][info][gc,stats    ] Allocation pacing accrued:
[2026-04-03T03:39:35.762+0600][7.060s][info][gc,stats    ]       0 of  2863 ms (  0.0%): <total>
[2026-04-03T03:39:35.762+0600][7.060s][info][gc,stats    ]       0 of  2863 ms (  0.0%): <average total>
[2026-04-03T03:39:35.762+0600][7.060s][info][gc,stats    ] 
[2026-04-03T03:39:35.763+0600][7.060s][info][gc,metaspace] Metaspace: 35949K(36352K)->36244K(36672K) NonClass: 31481K(31744K)->31739K(32000K) Class: 4468K(4608K)->4505K(4672K)
[2026-04-03T03:39:35.763+0600][7.060s][info][gc,ergo     ] Pacer for Idle. Initial: 40960K, Alloc Tax Rate: 1.0x
[2026-04-03T03:39:38.612+0600][9.910s][info][gc          ] Trigger: Learning 3 of 5. Free (1399M) is below initial threshold (1400M)
[2026-04-03T03:39:38.612+0600][9.910s][info][gc,ergo     ] Free: 1399M, Max: 512K regular, 1399M humongous, Frag: 0% external, 0% internal; Reserve: 100M, Max: 512K
[2026-04-03T03:39:38.612+0600][9.910s][info][gc,start    ] GC(2) Concurrent reset
[2026-04-03T03:39:38.612+0600][9.910s][info][gc,task     ] GC(2) Using 3 of 6 workers for concurrent reset
[2026-04-03T03:39:38.612+0600][9.910s][info][gc,ergo     ] GC(2) Pacer for Reset. Non-Taxable: 2000M
[2026-04-03T03:39:38.613+0600][9.911s][info][gc          ] GC(2) Concurrent reset 0.713ms
[2026-04-03T03:39:38.613+0600][9.911s][info][gc,start    ] GC(2) Pause Init Mark (unload classes)
[2026-04-03T03:39:38.613+0600][9.911s][info][gc,task     ] GC(2) Using 6 of 6 workers for init marking
[2026-04-03T03:39:38.613+0600][9.911s][info][gc,ergo     ] GC(2) Pacer for Mark. Expected Live: 20158K, Free: 1399M, Non-Taxable: 139M, Alloc Tax Rate: 0.0x
[2026-04-03T03:39:38.613+0600][9.911s][info][gc          ] GC(2) Pause Init Mark (unload classes) 0.108ms
[2026-04-03T03:39:38.613+0600][9.911s][info][gc,start    ] GC(2) Concurrent marking roots
[2026-04-03T03:39:38.613+0600][9.911s][info][gc,task     ] GC(2) Using 3 of 6 workers for concurrent marking roots
[2026-04-03T03:39:38.615+0600][9.912s][info][gc          ] GC(2) Concurrent marking roots 1.187ms
[2026-04-03T03:39:38.615+0600][9.912s][info][gc,start    ] GC(2) Concurrent marking (unload classes)
[2026-04-03T03:39:38.615+0600][9.912s][info][gc,task     ] GC(2) Using 3 of 6 workers for concurrent marking
[2026-04-03T03:39:40.017+0600][11.315s][info][gc          ] GC(2) Concurrent marking (unload classes) 1402.711ms
[2026-04-03T03:39:40.018+0600][11.315s][info][gc,start    ] GC(2) Pause Final Mark (unload classes)
[2026-04-03T03:39:40.018+0600][11.315s][info][gc,task     ] GC(2) Using 6 of 6 workers for final marking
[2026-04-03T03:39:40.018+0600][11.316s][info][gc,ergo     ] GC(2) Adaptive CSet Selection. Target Free: 283M, Actual Free: 1274M, Max CSet: 85333K, Min Garbage: 0B
[2026-04-03T03:39:40.018+0600][11.316s][info][gc,ergo     ] GC(2) Collectable Garbage: 109M (93%), Immediate: 7328K (6%), CSet: 102M (87%)
[2026-04-03T03:39:40.018+0600][11.316s][info][gc,ergo     ] GC(2) Pacer for Evacuation. Used CSet: 107M, Free: 1177M, Non-Taxable: 117M, Alloc Tax Rate: 1.1x
[2026-04-03T03:39:40.018+0600][11.316s][info][gc          ] GC(2) Pause Final Mark (unload classes) 0.905ms
[2026-04-03T03:39:40.019+0600][11.316s][info][gc,start    ] GC(2) Concurrent thread roots
[2026-04-03T03:39:40.019+0600][11.316s][info][gc,task     ] GC(2) Using 3 of 6 workers for Concurrent thread roots
[2026-04-03T03:39:40.019+0600][11.317s][info][gc          ] GC(2) Concurrent thread roots 0.501ms
[2026-04-03T03:39:40.019+0600][11.317s][info][gc,start    ] GC(2) Concurrent weak references
[2026-04-03T03:39:40.019+0600][11.317s][info][gc,task     ] GC(2) Using 3 of 6 workers for concurrent weak references
[2026-04-03T03:39:40.019+0600][11.317s][info][gc,ref      ] GC(2) Encountered references: Soft: 3981, Weak: 3290, Final: 82, Phantom: 585
[2026-04-03T03:39:40.020+0600][11.317s][info][gc,ref      ] GC(2) Discovered  references: Soft: 0, Weak: 626, Final: 0, Phantom: 580
[2026-04-03T03:39:40.020+0600][11.317s][info][gc,ref      ] GC(2) Enqueued    references: Soft: 0, Weak: 533, Final: 0, Phantom: 0
[2026-04-03T03:39:40.020+0600][11.317s][info][gc          ] GC(2) Concurrent weak references 0.428ms
[2026-04-03T03:39:40.020+0600][11.317s][info][gc,start    ] GC(2) Concurrent weak roots
[2026-04-03T03:39:40.020+0600][11.317s][info][gc,task     ] GC(2) Using 3 of 6 workers for concurrent weak root
[2026-04-03T03:39:40.021+0600][11.319s][info][gc          ] GC(2) Concurrent weak roots 1.622ms
[2026-04-03T03:39:40.021+0600][11.319s][info][gc,start    ] GC(2) Concurrent cleanup
[2026-04-03T03:39:40.021+0600][11.319s][info][gc          ] GC(2) Concurrent cleanup 728M->720M(736M) 0.230ms
[2026-04-03T03:39:40.022+0600][11.319s][info][gc,ergo     ] GC(2) Free: 1177M, Max: 512K regular, 1167M humongous, Frag: 1% external, 0% internal; Reserve: 101984K, Max: 512K
[2026-04-03T03:39:40.022+0600][11.319s][info][gc,start    ] GC(2) Concurrent class unloading
[2026-04-03T03:39:40.022+0600][11.319s][info][gc,task     ] GC(2) Using 3 of 6 workers for concurrent class unloading
[2026-04-03T03:39:40.025+0600][11.323s][info][gc          ] GC(2) Concurrent class unloading 3.737ms
[2026-04-03T03:39:40.025+0600][11.323s][info][gc,start    ] GC(2) Concurrent strong roots
[2026-04-03T03:39:40.025+0600][11.323s][info][gc,task     ] GC(2) Using 3 of 6 workers for concurrent strong root
[2026-04-03T03:39:40.027+0600][11.324s][info][gc          ] GC(2) Concurrent strong roots 1.175ms
[2026-04-03T03:39:40.027+0600][11.324s][info][gc,start    ] GC(2) Concurrent evacuation
[2026-04-03T03:39:40.027+0600][11.324s][info][gc,task     ] GC(2) Using 3 of 6 workers for concurrent evacuation
[2026-04-03T03:39:40.031+0600][11.328s][info][gc          ] GC(2) Concurrent evacuation 4.086ms
[2026-04-03T03:39:40.031+0600][11.328s][info][gc,start    ] GC(2) Pause Init Update Refs
[2026-04-03T03:39:40.031+0600][11.329s][info][gc,ergo     ] GC(2) Pacer for Update Refs. Used: 727M, Free: 1176M, Non-Taxable: 117M, Alloc Tax Rate: 1.1x
[2026-04-03T03:39:40.031+0600][11.329s][info][gc          ] GC(2) Pause Init Update Refs 0.110ms
[2026-04-03T03:39:40.031+0600][11.329s][info][gc,start    ] GC(2) Concurrent update references
[2026-04-03T03:39:40.031+0600][11.329s][info][gc,task     ] GC(2) Using 3 of 6 workers for concurrent reference update
[2026-04-03T03:39:40.211+0600][11.508s][info][gc          ] GC(2) Concurrent update references 179.823ms
[2026-04-03T03:39:40.211+0600][11.508s][info][gc,start    ] GC(2) Concurrent update thread roots
[2026-04-03T03:39:40.212+0600][11.509s][info][gc          ] GC(2) Concurrent update thread roots 0.537ms
[2026-04-03T03:39:40.212+0600][11.509s][info][gc,start    ] GC(2) Pause Final Update Refs
[2026-04-03T03:39:40.212+0600][11.509s][info][gc,task     ] GC(2) Using 6 of 6 workers for final reference update
[2026-04-03T03:39:40.212+0600][11.509s][info][gc          ] GC(2) Pause Final Update Refs 0.174ms
[2026-04-03T03:39:40.212+0600][11.509s][info][gc,start    ] GC(2) Concurrent cleanup
[2026-04-03T03:39:40.213+0600][11.510s][info][gc          ] GC(2) Concurrent cleanup 727M->619M(739M) 0.580ms
[2026-04-03T03:39:40.213+0600][11.510s][info][gc,ergo     ] Free: 1278M, Max: 512K regular, 1162M humongous, Frag: 10% external, 0% internal; Reserve: 100M, Max: 512K
[2026-04-03T03:39:40.213+0600][11.510s][info][gc,stats    ] 
[2026-04-03T03:39:40.213+0600][11.510s][info][gc,stats    ] All times are wall-clock times, except per-root-class counters, that are sum over
[2026-04-03T03:39:40.213+0600][11.510s][info][gc,stats    ] all workers. Dividing the <total> over the root stage time estimates parallelism.
[2026-04-03T03:39:40.213+0600][11.510s][info][gc,stats    ] 
[2026-04-03T03:39:40.213+0600][11.510s][info][gc,stats    ] Concurrent Reset                    747 us
[2026-04-03T03:39:40.213+0600][11.510s][info][gc,stats    ] Pause Init Mark (G)                 375 us
[2026-04-03T03:39:40.213+0600][11.510s][info][gc,stats    ] Pause Init Mark (N)                 117 us
[2026-04-03T03:39:40.213+0600][11.510s][info][gc,stats    ]   Update Region States               23 us
[2026-04-03T03:39:40.213+0600][11.510s][info][gc,stats    ] Concurrent Mark Roots              1215 us, parallelism: 2.24x
[2026-04-03T03:39:40.213+0600][11.510s][info][gc,stats    ]   CMR: <total>                     2718 us
[2026-04-03T03:39:40.213+0600][11.510s][info][gc,stats    ]   CMR: Thread Roots                2464 us, workers (us): 742, 849, 874, ---, ---, ---, 
[2026-04-03T03:39:40.213+0600][11.510s][info][gc,stats    ]   CMR: VM Strong Roots               57 us, workers (us):  56,   1,   1, ---, ---, ---, 
[2026-04-03T03:39:40.213+0600][11.510s][info][gc,stats    ]   CMR: CLDG Roots                   196 us, workers (us): 196, ---, ---, ---, ---, ---, 
[2026-04-03T03:39:40.213+0600][11.510s][info][gc,stats    ] Concurrent Marking              1402789 us
[2026-04-03T03:39:40.213+0600][11.510s][info][gc,stats    ] Pause Final Mark (G)               1118 us
[2026-04-03T03:39:40.213+0600][11.510s][info][gc,stats    ] Pause Final Mark (N)                936 us
[2026-04-03T03:39:40.213+0600][11.510s][info][gc,stats    ]   Finish Mark                       375 us
[2026-04-03T03:39:40.213+0600][11.510s][info][gc,stats    ]   Update Region States               60 us
[2026-04-03T03:39:40.213+0600][11.510s][info][gc,stats    ]   Choose Collection Set             346 us
[2026-04-03T03:39:40.213+0600][11.510s][info][gc,stats    ]   Rebuild Free Set                   34 us
[2026-04-03T03:39:40.213+0600][11.510s][info][gc,stats    ] Concurrent Thread Roots             538 us, parallelism: 1.85x
[2026-04-03T03:39:40.213+0600][11.510s][info][gc,stats    ]   CTR: <total>                      997 us
[2026-04-03T03:39:40.213+0600][11.510s][info][gc,stats    ]   CTR: Thread Roots                 997 us, workers (us): 352, 340, 305, ---, ---, ---, 
[2026-04-03T03:39:40.213+0600][11.510s][info][gc,stats    ] Concurrent Weak References          442 us, parallelism: 0.64x
[2026-04-03T03:39:40.213+0600][11.510s][info][gc,stats    ]   CWRF: <total>                     285 us
[2026-04-03T03:39:40.213+0600][11.510s][info][gc,stats    ]   CWRF: Weak References             285 us, workers (us): 212,  71,   2, ---, ---, ---, 
[2026-04-03T03:39:40.213+0600][11.510s][info][gc,stats    ] Concurrent Weak Roots              1677 us
[2026-04-03T03:39:40.213+0600][11.510s][info][gc,stats    ]   Roots                            1405 us, parallelism: 2.56x
[2026-04-03T03:39:40.213+0600][11.510s][info][gc,stats    ]     CWR: <total>                   3592 us
[2026-04-03T03:39:40.213+0600][11.510s][info][gc,stats    ]     CWR: Code Cache Roots          1616 us, workers (us): 591, 513, 513, ---, ---, ---, 
[2026-04-03T03:39:40.213+0600][11.510s][info][gc,stats    ]     CWR: VM Weak Roots             1942 us, workers (us): 669, 642, 631, ---, ---, ---, 
[2026-04-03T03:39:40.213+0600][11.510s][info][gc,stats    ]     CWR: CLDG Roots                  34 us, workers (us): ---,  34, ---, ---, ---, ---, 
[2026-04-03T03:39:40.213+0600][11.510s][info][gc,stats    ]   Rendezvous                        191 us
[2026-04-03T03:39:40.213+0600][11.510s][info][gc,stats    ] Concurrent Cleanup                  256 us
[2026-04-03T03:39:40.213+0600][11.510s][info][gc,stats    ] Concurrent Class Unloading         3800 us
[2026-04-03T03:39:40.213+0600][11.510s][info][gc,stats    ]   Unlink Stale                     2553 us
[2026-04-03T03:39:40.213+0600][11.510s][info][gc,stats    ]     System Dictionary                36 us
[2026-04-03T03:39:40.213+0600][11.510s][info][gc,stats    ]     Weak Class Links                  0 us
[2026-04-03T03:39:40.213+0600][11.510s][info][gc,stats    ]     Code Roots                     2513 us
[2026-04-03T03:39:40.213+0600][11.510s][info][gc,stats    ]   Rendezvous                        188 us
[2026-04-03T03:39:40.213+0600][11.510s][info][gc,stats    ]   Purge Unlinked                    966 us
[2026-04-03T03:39:40.213+0600][11.510s][info][gc,stats    ]     Code Roots                      954 us
[2026-04-03T03:39:40.213+0600][11.510s][info][gc,stats    ]     CLDG                             12 us
[2026-04-03T03:39:40.213+0600][11.510s][info][gc,stats    ]     Exception Caches                  0 us
[2026-04-03T03:39:40.213+0600][11.510s][info][gc,stats    ] Concurrent Strong Roots            1253 us, parallelism: 0.73x
[2026-04-03T03:39:40.213+0600][11.510s][info][gc,stats    ]   CSR: <total>                      915 us
[2026-04-03T03:39:40.213+0600][11.510s][info][gc,stats    ]   CSR: VM Strong Roots               42 us, workers (us):  25,  17,   0, ---, ---, ---, 
[2026-04-03T03:39:40.213+0600][11.510s][info][gc,stats    ]   CSR: CLDG Roots                   873 us, workers (us): ---, 873, ---, ---, ---, ---, 
[2026-04-03T03:39:40.213+0600][11.510s][info][gc,stats    ] Concurrent Evacuation              4246 us
[2026-04-03T03:39:40.213+0600][11.510s][info][gc,stats    ] Pause Init Update Refs (G)          276 us
[2026-04-03T03:39:40.213+0600][11.510s][info][gc,stats    ] Pause Init Update Refs (N)          121 us
[2026-04-03T03:39:40.213+0600][11.510s][info][gc,stats    ]   Manage GCLABs                      16 us
[2026-04-03T03:39:40.213+0600][11.510s][info][gc,stats    ] Concurrent Update Refs           179884 us
[2026-04-03T03:39:40.213+0600][11.510s][info][gc,stats    ] Concurrent Update Thread Roots      575 us
[2026-04-03T03:39:40.213+0600][11.510s][info][gc,stats    ] Pause Final Update Refs (G)         421 us
[2026-04-03T03:39:40.213+0600][11.510s][info][gc,stats    ] Pause Final Update Refs (N)         189 us
[2026-04-03T03:39:40.213+0600][11.510s][info][gc,stats    ]   Update Region States               44 us
[2026-04-03T03:39:40.213+0600][11.510s][info][gc,stats    ]   Trash Collection Set                7 us
[2026-04-03T03:39:40.213+0600][11.510s][info][gc,stats    ]   Rebuild Free Set                   28 us
[2026-04-03T03:39:40.213+0600][11.510s][info][gc,stats    ] Concurrent Cleanup                  594 us
[2026-04-03T03:39:40.213+0600][11.510s][info][gc,stats    ] 
[2026-04-03T03:39:40.213+0600][11.510s][info][gc,stats    ] Allocation pacing accrued:
[2026-04-03T03:39:40.213+0600][11.510s][info][gc,stats    ]       0 of  4451 ms (  0.0%): <total>
[2026-04-03T03:39:40.213+0600][11.510s][info][gc,stats    ]       0 of  4451 ms (  0.0%): <average total>
[2026-04-03T03:39:40.213+0600][11.510s][info][gc,stats    ] 
[2026-04-03T03:39:40.213+0600][11.511s][info][gc,metaspace] Metaspace: 49465K(49920K)->49504K(49920K) NonClass: 43332K(43584K)->43371K(43584K) Class: 6132K(6336K)->6133K(6336K)
[2026-04-03T03:39:40.213+0600][11.511s][info][gc,ergo     ] Pacer for Idle. Initial: 40960K, Alloc Tax Rate: 1.0x
[2026-04-03T03:39:40.214+0600][11.512s][info][gc          ] Trigger: Learning 4 of 5. Free (1278M) is below initial threshold (1400M)
[2026-04-03T03:39:40.214+0600][11.512s][info][gc,ergo     ] Free: 1278M, Max: 512K regular, 1162M humongous, Frag: 10% external, 0% internal; Reserve: 100M, Max: 512K
[2026-04-03T03:39:40.214+0600][11.512s][info][gc,start    ] GC(3) Concurrent reset
[2026-04-03T03:39:40.214+0600][11.512s][info][gc,task     ] GC(3) Using 3 of 6 workers for concurrent reset
[2026-04-03T03:39:40.214+0600][11.512s][info][gc,ergo     ] GC(3) Pacer for Reset. Non-Taxable: 2000M
[2026-04-03T03:39:40.216+0600][11.513s][info][gc          ] GC(3) Concurrent reset 1.532ms
[2026-04-03T03:39:40.216+0600][11.514s][info][gc,start    ] GC(3) Pause Init Mark (unload classes)
[2026-04-03T03:39:40.216+0600][11.514s][info][gc,task     ] GC(3) Using 6 of 6 workers for init marking
[2026-04-03T03:39:40.216+0600][11.514s][info][gc,ergo     ] GC(3) Pacer for Mark. Expected Live: 139M, Free: 1278M, Non-Taxable: 127M, Alloc Tax Rate: 0.1x
[2026-04-03T03:39:40.216+0600][11.514s][info][gc          ] GC(3) Pause Init Mark (unload classes) 0.125ms
[2026-04-03T03:39:40.216+0600][11.514s][info][gc,start    ] GC(3) Concurrent marking roots
[2026-04-03T03:39:40.216+0600][11.514s][info][gc,task     ] GC(3) Using 3 of 6 workers for concurrent marking roots
[2026-04-03T03:39:40.217+0600][11.514s][info][gc          ] GC(3) Concurrent marking roots 0.372ms
[2026-04-03T03:39:40.217+0600][11.514s][info][gc,start    ] GC(3) Concurrent marking (unload classes)
[2026-04-03T03:39:40.217+0600][11.514s][info][gc,task     ] GC(3) Using 3 of 6 workers for concurrent marking
[2026-04-03T03:39:42.445+0600][13.742s][info][gc          ] GC(3) Concurrent marking (unload classes) 2228.223ms
[2026-04-03T03:39:42.446+0600][13.743s][info][gc,start    ] GC(3) Pause Final Mark (unload classes)
[2026-04-03T03:39:42.446+0600][13.743s][info][gc,task     ] GC(3) Using 6 of 6 workers for final marking
[2026-04-03T03:39:42.446+0600][13.744s][info][gc,ergo     ] GC(3) Adaptive CSet Selection. Target Free: 283M, Actual Free: 1302M, Max CSet: 85333K, Min Garbage: 0B
[2026-04-03T03:39:42.447+0600][13.744s][info][gc,ergo     ] GC(3) Collectable Garbage: 3313K (22%), Immediate: 512K (3%), CSet: 2801K (18%)
[2026-04-03T03:39:42.447+0600][13.744s][info][gc,ergo     ] GC(3) Pacer for Evacuation. Used CSet: 3584K, Free: 1203M, Non-Taxable: 120M, Alloc Tax Rate: 1.1x
[2026-04-03T03:39:42.447+0600][13.744s][info][gc          ] GC(3) Pause Final Mark (unload classes) 1.409ms
[2026-04-03T03:39:42.447+0600][13.745s][info][gc,start    ] GC(3) Concurrent thread roots
[2026-04-03T03:39:42.447+0600][13.745s][info][gc,task     ] GC(3) Using 3 of 6 workers for Concurrent thread roots
[2026-04-03T03:39:42.448+0600][13.745s][info][gc          ] GC(3) Concurrent thread roots 0.717ms
[2026-04-03T03:39:42.448+0600][13.745s][info][gc,start    ] GC(3) Concurrent weak references
[2026-04-03T03:39:42.448+0600][13.745s][info][gc,task     ] GC(3) Using 3 of 6 workers for concurrent weak references
[2026-04-03T03:39:42.448+0600][13.746s][info][gc,ref      ] GC(3) Encountered references: Soft: 3981, Weak: 2757, Final: 82, Phantom: 586
[2026-04-03T03:39:42.448+0600][13.746s][info][gc,ref      ] GC(3) Discovered  references: Soft: 0, Weak: 104, Final: 0, Phantom: 580
[2026-04-03T03:39:42.448+0600][13.746s][info][gc,ref      ] GC(3) Enqueued    references: Soft: 0, Weak: 0, Final: 0, Phantom: 0
[2026-04-03T03:39:42.448+0600][13.746s][info][gc          ] GC(3) Concurrent weak references 0.342ms
[2026-04-03T03:39:42.448+0600][13.746s][info][gc,start    ] GC(3) Concurrent weak roots
[2026-04-03T03:39:42.448+0600][13.746s][info][gc,task     ] GC(3) Using 3 of 6 workers for concurrent weak root
[2026-04-03T03:39:42.450+0600][13.748s][info][gc          ] GC(3) Concurrent weak roots 1.897ms
[2026-04-03T03:39:42.450+0600][13.748s][info][gc,start    ] GC(3) Concurrent cleanup
[2026-04-03T03:39:42.451+0600][13.748s][info][gc          ] GC(3) Concurrent cleanup 691M->691M(739M) 0.278ms
[2026-04-03T03:39:42.451+0600][13.748s][info][gc,ergo     ] GC(3) Free: 1202M, Max: 512K regular, 1163M humongous, Frag: 4% external, 0% internal; Reserve: 102393K, Max: 512K
[2026-04-03T03:39:42.451+0600][13.748s][info][gc,start    ] GC(3) Concurrent class unloading
[2026-04-03T03:39:42.451+0600][13.748s][info][gc,task     ] GC(3) Using 3 of 6 workers for concurrent class unloading
[2026-04-03T03:39:42.455+0600][13.752s][info][gc          ] GC(3) Concurrent class unloading 4.176ms
[2026-04-03T03:39:42.455+0600][13.752s][info][gc,start    ] GC(3) Concurrent strong roots
[2026-04-03T03:39:42.455+0600][13.752s][info][gc,task     ] GC(3) Using 3 of 6 workers for concurrent strong root
[2026-04-03T03:39:42.456+0600][13.753s][info][gc          ] GC(3) Concurrent strong roots 0.661ms
[2026-04-03T03:39:42.456+0600][13.753s][info][gc,start    ] GC(3) Concurrent evacuation
[2026-04-03T03:39:42.456+0600][13.753s][info][gc,task     ] GC(3) Using 3 of 6 workers for concurrent evacuation
[2026-04-03T03:39:42.457+0600][13.754s][info][gc          ] GC(3) Concurrent evacuation 1.229ms
[2026-04-03T03:39:42.457+0600][13.754s][info][gc,start    ] GC(3) Pause Init Update Refs
[2026-04-03T03:39:42.457+0600][13.755s][info][gc,ergo     ] GC(3) Pacer for Update Refs. Used: 692M, Free: 1202M, Non-Taxable: 120M, Alloc Tax Rate: 1.1x
[2026-04-03T03:39:42.457+0600][13.755s][info][gc          ] GC(3) Pause Init Update Refs 0.071ms
[2026-04-03T03:39:42.457+0600][13.755s][info][gc,start    ] GC(3) Concurrent update references
[2026-04-03T03:39:42.457+0600][13.755s][info][gc,task     ] GC(3) Using 3 of 6 workers for concurrent reference update
[2026-04-03T03:39:42.696+0600][13.994s][info][gc          ] GC(3) Concurrent update references 239.169ms
[2026-04-03T03:39:42.696+0600][13.994s][info][gc,start    ] GC(3) Concurrent update thread roots
[2026-04-03T03:39:42.697+0600][13.994s][info][gc          ] GC(3) Concurrent update thread roots 0.541ms
[2026-04-03T03:39:42.697+0600][13.995s][info][gc,start    ] GC(3) Pause Final Update Refs
[2026-04-03T03:39:42.697+0600][13.995s][info][gc,task     ] GC(3) Using 6 of 6 workers for final reference update
[2026-04-03T03:39:42.697+0600][13.995s][info][gc          ] GC(3) Pause Final Update Refs 0.137ms
[2026-04-03T03:39:42.697+0600][13.995s][info][gc,start    ] GC(3) Concurrent cleanup
[2026-04-03T03:39:42.698+0600][13.995s][info][gc          ] GC(3) Concurrent cleanup 695M->691M(739M) 0.200ms
[2026-04-03T03:39:42.698+0600][13.995s][info][gc,ergo     ] Free: 1202M, Max: 512K regular, 1165M humongous, Frag: 4% external, 0% internal; Reserve: 100M, Max: 512K
[2026-04-03T03:39:42.698+0600][13.995s][info][gc,stats    ] 
[2026-04-03T03:39:42.698+0600][13.995s][info][gc,stats    ] All times are wall-clock times, except per-root-class counters, that are sum over
[2026-04-03T03:39:42.698+0600][13.995s][info][gc,stats    ] all workers. Dividing the <total> over the root stage time estimates parallelism.
[2026-04-03T03:39:42.698+0600][13.995s][info][gc,stats    ] 
[2026-04-03T03:39:42.698+0600][13.995s][info][gc,stats    ] Concurrent Reset                   1588 us
[2026-04-03T03:39:42.698+0600][13.995s][info][gc,stats    ] Pause Init Mark (G)                 409 us
[2026-04-03T03:39:42.698+0600][13.995s][info][gc,stats    ] Pause Init Mark (N)                 132 us
[2026-04-03T03:39:42.698+0600][13.995s][info][gc,stats    ]   Update Region States               45 us
[2026-04-03T03:39:42.698+0600][13.995s][info][gc,stats    ] Concurrent Mark Roots               390 us, parallelism: 1.58x
[2026-04-03T03:39:42.698+0600][13.995s][info][gc,stats    ]   CMR: <total>                      617 us
[2026-04-03T03:39:42.698+0600][13.995s][info][gc,stats    ]   CMR: Thread Roots                 444 us, workers (us): 213,  54, 177, ---, ---, ---, 
[2026-04-03T03:39:42.698+0600][13.995s][info][gc,stats    ]   CMR: VM Strong Roots               17 us, workers (us):   9,   8,   1, ---, ---, ---, 
[2026-04-03T03:39:42.698+0600][13.995s][info][gc,stats    ]   CMR: CLDG Roots                   155 us, workers (us): ---, 155, ---, ---, ---, ---, 
[2026-04-03T03:39:42.698+0600][13.995s][info][gc,stats    ] Concurrent Marking              2228325 us
[2026-04-03T03:39:42.698+0600][13.995s][info][gc,stats    ] Pause Final Mark (G)               2107 us
[2026-04-03T03:39:42.698+0600][13.995s][info][gc,stats    ] Pause Final Mark (N)               1431 us
[2026-04-03T03:39:42.698+0600][13.995s][info][gc,stats    ]   Finish Mark                       556 us
[2026-04-03T03:39:42.698+0600][13.995s][info][gc,stats    ]   Update Region States               94 us
[2026-04-03T03:39:42.698+0600][13.995s][info][gc,stats    ]   Choose Collection Set             501 us
[2026-04-03T03:39:42.698+0600][13.995s][info][gc,stats    ]   Rebuild Free Set                   48 us
[2026-04-03T03:39:42.698+0600][13.995s][info][gc,stats    ] Concurrent Thread Roots             781 us, parallelism: 1.70x
[2026-04-03T03:39:42.698+0600][13.995s][info][gc,stats    ]   CTR: <total>                     1328 us
[2026-04-03T03:39:42.698+0600][13.995s][info][gc,stats    ]   CTR: Thread Roots                1328 us, workers (us): 426, 510, 392, ---, ---, ---, 
[2026-04-03T03:39:42.698+0600][13.995s][info][gc,stats    ] Concurrent Weak References          356 us, parallelism: 0.40x
[2026-04-03T03:39:42.698+0600][13.995s][info][gc,stats    ]   CWRF: <total>                     144 us
[2026-04-03T03:39:42.698+0600][13.995s][info][gc,stats    ]   CWRF: Weak References             144 us, workers (us): 126,  17,   2, ---, ---, ---, 
[2026-04-03T03:39:42.698+0600][13.995s][info][gc,stats    ] Concurrent Weak Roots              1982 us
[2026-04-03T03:39:42.698+0600][13.995s][info][gc,stats    ]   Roots                            1695 us, parallelism: 2.50x
[2026-04-03T03:39:42.698+0600][13.995s][info][gc,stats    ]     CWR: <total>                   4235 us
[2026-04-03T03:39:42.698+0600][13.995s][info][gc,stats    ]     CWR: Code Cache Roots          2917 us, workers (us): 971, 942, 1004, ---, ---, ---, 
[2026-04-03T03:39:42.698+0600][13.995s][info][gc,stats    ]     CWR: VM Weak Roots             1261 us, workers (us): 476, 410, 375, ---, ---, ---, 
[2026-04-03T03:39:42.698+0600][13.995s][info][gc,stats    ]     CWR: CLDG Roots                  57 us, workers (us): ---, ---,  57, ---, ---, ---, 
[2026-04-03T03:39:42.698+0600][13.995s][info][gc,stats    ]   Rendezvous                        171 us
[2026-04-03T03:39:42.698+0600][13.995s][info][gc,stats    ] Concurrent Cleanup                  305 us
[2026-04-03T03:39:42.698+0600][13.995s][info][gc,stats    ] Concurrent Class Unloading         4271 us
[2026-04-03T03:39:42.698+0600][13.995s][info][gc,stats    ]   Unlink Stale                     3561 us
[2026-04-03T03:39:42.698+0600][13.995s][info][gc,stats    ]     System Dictionary                91 us
[2026-04-03T03:39:42.698+0600][13.995s][info][gc,stats    ]     Weak Class Links                  1 us
[2026-04-03T03:39:42.698+0600][13.995s][info][gc,stats    ]     Code Roots                     3465 us
[2026-04-03T03:39:42.698+0600][13.995s][info][gc,stats    ]   Rendezvous                        171 us
[2026-04-03T03:39:42.698+0600][13.995s][info][gc,stats    ]   Purge Unlinked                    404 us
[2026-04-03T03:39:42.698+0600][13.995s][info][gc,stats    ]     Code Roots                      391 us
[2026-04-03T03:39:42.698+0600][13.995s][info][gc,stats    ]     CLDG                             12 us
[2026-04-03T03:39:42.698+0600][13.995s][info][gc,stats    ]     Exception Caches                  0 us
[2026-04-03T03:39:42.698+0600][13.995s][info][gc,stats    ] Concurrent Strong Roots             732 us, parallelism: 0.59x
[2026-04-03T03:39:42.698+0600][13.995s][info][gc,stats    ]   CSR: <total>                      429 us
[2026-04-03T03:39:42.698+0600][13.995s][info][gc,stats    ]   CSR: VM Strong Roots               20 us, workers (us):  16,   2,   2, ---, ---, ---, 
[2026-04-03T03:39:42.698+0600][13.995s][info][gc,stats    ]   CSR: CLDG Roots                   409 us, workers (us): 409, ---, ---, ---, ---, ---, 
[2026-04-03T03:39:42.698+0600][13.995s][info][gc,stats    ] Concurrent Evacuation              1296 us
[2026-04-03T03:39:42.698+0600][13.995s][info][gc,stats    ] Pause Init Update Refs (G)          257 us
[2026-04-03T03:39:42.698+0600][13.995s][info][gc,stats    ] Pause Init Update Refs (N)           86 us
[2026-04-03T03:39:42.698+0600][13.995s][info][gc,stats    ]   Manage GCLABs                      11 us
[2026-04-03T03:39:42.698+0600][13.995s][info][gc,stats    ] Concurrent Update Refs           239230 us
[2026-04-03T03:39:42.698+0600][13.995s][info][gc,stats    ] Concurrent Update Thread Roots      570 us
[2026-04-03T03:39:42.698+0600][13.995s][info][gc,stats    ] Pause Final Update Refs (G)         364 us
[2026-04-03T03:39:42.698+0600][13.996s][info][gc,stats    ] Pause Final Update Refs (N)         150 us
[2026-04-03T03:39:42.698+0600][13.996s][info][gc,stats    ]   Update Region States               50 us
[2026-04-03T03:39:42.698+0600][13.996s][info][gc,stats    ]   Trash Collection Set                7 us
[2026-04-03T03:39:42.698+0600][13.996s][info][gc,stats    ]   Rebuild Free Set                   28 us
[2026-04-03T03:39:42.698+0600][13.996s][info][gc,stats    ] Concurrent Cleanup                  216 us
[2026-04-03T03:39:42.698+0600][13.996s][info][gc,stats    ] 
[2026-04-03T03:39:42.698+0600][13.996s][info][gc,stats    ] Allocation pacing accrued:
[2026-04-03T03:39:42.698+0600][13.996s][info][gc,stats    ]       0 of  2485 ms (  0.0%): <total>
[2026-04-03T03:39:42.698+0600][13.996s][info][gc,stats    ]       0 of  2485 ms (  0.0%): <average total>
[2026-04-03T03:39:42.698+0600][13.996s][info][gc,stats    ] 
[2026-04-03T03:39:42.698+0600][13.996s][info][gc,metaspace] Metaspace: 49504K(49920K)->55939K(56512K) NonClass: 43371K(43584K)->48882K(49216K) Class: 6133K(6336K)->7056K(7296K)
[2026-04-03T03:39:42.698+0600][13.996s][info][gc,ergo     ] Pacer for Idle. Initial: 40960K, Alloc Tax Rate: 1.0x
[2026-04-03T03:39:42.699+0600][13.997s][info][gc          ] Trigger: Learning 5 of 5. Free (1202M) is below initial threshold (1400M)
[2026-04-03T03:39:42.699+0600][13.997s][info][gc,ergo     ] Free: 1202M, Max: 512K regular, 1165M humongous, Frag: 4% external, 0% internal; Reserve: 100M, Max: 512K
[2026-04-03T03:39:42.699+0600][13.997s][info][gc,start    ] GC(4) Concurrent reset
[2026-04-03T03:39:42.699+0600][13.997s][info][gc,task     ] GC(4) Using 3 of 6 workers for concurrent reset
[2026-04-03T03:39:42.699+0600][13.997s][info][gc,ergo     ] GC(4) Pacer for Reset. Non-Taxable: 2000M
[2026-04-03T03:39:42.701+0600][13.998s][info][gc          ] GC(4) Concurrent reset 1.540ms
[2026-04-03T03:39:42.701+0600][13.999s][info][gc,start    ] GC(4) Pause Init Mark (unload classes)
[2026-04-03T03:39:42.701+0600][13.999s][info][gc,task     ] GC(4) Using 6 of 6 workers for init marking
[2026-04-03T03:39:42.701+0600][13.999s][info][gc,ergo     ] GC(4) Pacer for Mark. Expected Live: 255M, Free: 1202M, Non-Taxable: 120M, Alloc Tax Rate: 0.3x
[2026-04-03T03:39:42.701+0600][13.999s][info][gc          ] GC(4) Pause Init Mark (unload classes) 0.095ms
[2026-04-03T03:39:42.701+0600][13.999s][info][gc,start    ] GC(4) Concurrent marking roots
[2026-04-03T03:39:42.701+0600][13.999s][info][gc,task     ] GC(4) Using 3 of 6 workers for concurrent marking roots
[2026-04-03T03:39:42.702+0600][14.000s][info][gc          ] GC(4) Concurrent marking roots 0.654ms
[2026-04-03T03:39:42.702+0600][14.000s][info][gc,start    ] GC(4) Concurrent marking (unload classes)
[2026-04-03T03:39:42.702+0600][14.000s][info][gc,task     ] GC(4) Using 3 of 6 workers for concurrent marking
[2026-04-03T03:39:42.712+0600][14.010s][info][gc          ] GC(4) Concurrent marking (unload classes) 10.286ms
[2026-04-03T03:39:42.713+0600][14.010s][info][gc,start    ] GC(4) Pause Final Mark (unload classes)
[2026-04-03T03:39:42.713+0600][14.010s][info][gc,task     ] GC(4) Using 6 of 6 workers for final marking
[2026-04-03T03:39:42.713+0600][14.011s][info][gc,ergo     ] GC(4) Adaptive CSet Selection. Target Free: 283M, Actual Free: 1899M, Max CSet: 85333K, Min Garbage: 0B
[2026-04-03T03:39:42.713+0600][14.011s][info][gc,ergo     ] GC(4) Collectable Garbage: 662M (99%), Immediate: 597M (89%), CSet: 66719K (9%)
[2026-04-03T03:39:42.713+0600][14.011s][info][gc,ergo     ] GC(4) Pacer for Evacuation. Used CSet: 68532K, Free: 1803M, Non-Taxable: 180M, Alloc Tax Rate: 1.1x
[2026-04-03T03:39:42.713+0600][14.011s][info][gc          ] GC(4) Pause Final Mark (unload classes) 0.587ms
[2026-04-03T03:39:42.713+0600][14.011s][info][gc,start    ] GC(4) Concurrent thread roots
[2026-04-03T03:39:42.713+0600][14.011s][info][gc,task     ] GC(4) Using 3 of 6 workers for Concurrent thread roots
[2026-04-03T03:39:42.714+0600][14.012s][info][gc          ] GC(4) Concurrent thread roots 1.006ms
[2026-04-03T03:39:42.714+0600][14.012s][info][gc,start    ] GC(4) Concurrent weak references
[2026-04-03T03:39:42.714+0600][14.012s][info][gc,task     ] GC(4) Using 3 of 6 workers for concurrent weak references
[2026-04-03T03:39:42.715+0600][14.012s][info][gc,ref      ] GC(4) Encountered references: Soft: 4154, Weak: 3773, Final: 82, Phantom: 587
[2026-04-03T03:39:42.715+0600][14.012s][info][gc,ref      ] GC(4) Discovered  references: Soft: 0, Weak: 791, Final: 0, Phantom: 582
[2026-04-03T03:39:42.715+0600][14.012s][info][gc,ref      ] GC(4) Enqueued    references: Soft: 0, Weak: 367, Final: 0, Phantom: 1
[2026-04-03T03:39:42.715+0600][14.012s][info][gc          ] GC(4) Concurrent weak references 0.366ms
[2026-04-03T03:39:42.715+0600][14.012s][info][gc,start    ] GC(4) Concurrent weak roots
[2026-04-03T03:39:42.715+0600][14.012s][info][gc,task     ] GC(4) Using 3 of 6 workers for concurrent weak root
[2026-04-03T03:39:42.716+0600][14.014s][info][gc          ] GC(4) Concurrent weak roots 1.371ms
[2026-04-03T03:39:42.716+0600][14.014s][info][gc,start    ] GC(4) Concurrent cleanup
[2026-04-03T03:39:42.716+0600][14.014s][info][gc          ] GC(4) Concurrent cleanup 692M->94M(739M) 0.317ms
[2026-04-03T03:39:42.716+0600][14.014s][info][gc,ergo     ] GC(4) Free: 1803M, Max: 512K regular, 1592M humongous, Frag: 12% external, 0% internal; Reserve: 102262K, Max: 512K
[2026-04-03T03:39:42.716+0600][14.014s][info][gc,start    ] GC(4) Concurrent class unloading
[2026-04-03T03:39:42.717+0600][14.014s][info][gc,task     ] GC(4) Using 3 of 6 workers for concurrent class unloading
[2026-04-03T03:39:42.719+0600][14.017s][info][gc          ] GC(4) Concurrent class unloading 2.975ms
[2026-04-03T03:39:42.720+0600][14.017s][info][gc,start    ] GC(4) Concurrent strong roots
[2026-04-03T03:39:42.720+0600][14.017s][info][gc,task     ] GC(4) Using 3 of 6 workers for concurrent strong root
[2026-04-03T03:39:42.720+0600][14.018s][info][gc          ] GC(4) Concurrent strong roots 0.566ms
[2026-04-03T03:39:42.720+0600][14.018s][info][gc,start    ] GC(4) Concurrent evacuation
[2026-04-03T03:39:42.720+0600][14.018s][info][gc,task     ] GC(4) Using 3 of 6 workers for concurrent evacuation
[2026-04-03T03:39:42.722+0600][14.019s][info][gc          ] GC(4) Concurrent evacuation 1.516ms
[2026-04-03T03:39:42.727+0600][14.025s][info][gc,start    ] GC(4) Pause Init Update Refs
[2026-04-03T03:39:42.727+0600][14.025s][info][gc,ergo     ] GC(4) Pacer for Update Refs. Used: 99730K, Free: 1803M, Non-Taxable: 180M, Alloc Tax Rate: 1.1x
[2026-04-03T03:39:42.727+0600][14.025s][info][gc          ] GC(4) Pause Init Update Refs 0.091ms
[2026-04-03T03:39:42.727+0600][14.025s][info][gc,start    ] GC(4) Concurrent update references
[2026-04-03T03:39:42.727+0600][14.025s][info][gc,task     ] GC(4) Using 3 of 6 workers for concurrent reference update
[2026-04-03T03:39:42.734+0600][14.031s][info][gc          ] GC(4) Concurrent update references 6.620ms
[2026-04-03T03:39:42.734+0600][14.031s][info][gc,start    ] GC(4) Concurrent update thread roots
[2026-04-03T03:39:42.734+0600][14.032s][info][gc          ] GC(4) Concurrent update thread roots 0.463ms
[2026-04-03T03:39:42.735+0600][14.032s][info][gc,start    ] GC(4) Pause Final Update Refs
[2026-04-03T03:39:42.735+0600][14.032s][info][gc,task     ] GC(4) Using 6 of 6 workers for final reference update
[2026-04-03T03:39:42.735+0600][14.032s][info][gc          ] GC(4) Pause Final Update Refs 0.163ms
[2026-04-03T03:39:42.735+0600][14.032s][info][gc,start    ] GC(4) Concurrent cleanup
[2026-04-03T03:39:42.735+0600][14.033s][info][gc          ] GC(4) Concurrent cleanup 97M->30M(739M) 0.230ms
[2026-04-03T03:39:42.735+0600][14.033s][info][gc,ergo     ] Free: 1867M, Max: 512K regular, 1591M humongous, Frag: 15% external, 0% internal; Reserve: 100M, Max: 512K
[2026-04-03T03:39:42.735+0600][14.033s][info][gc,stats    ] 
[2026-04-03T03:39:42.735+0600][14.033s][info][gc,stats    ] All times are wall-clock times, except per-root-class counters, that are sum over
[2026-04-03T03:39:42.735+0600][14.033s][info][gc,stats    ] all workers. Dividing the <total> over the root stage time estimates parallelism.
[2026-04-03T03:39:42.735+0600][14.033s][info][gc,stats    ] 
[2026-04-03T03:39:42.735+0600][14.033s][info][gc,stats    ] Concurrent Reset                   1594 us
[2026-04-03T03:39:42.735+0600][14.033s][info][gc,stats    ] Pause Init Mark (G)                 461 us
[2026-04-03T03:39:42.735+0600][14.033s][info][gc,stats    ] Pause Init Mark (N)                 105 us
[2026-04-03T03:39:42.735+0600][14.033s][info][gc,stats    ]   Update Region States               25 us
[2026-04-03T03:39:42.735+0600][14.033s][info][gc,stats    ] Concurrent Mark Roots               683 us, parallelism: 1.25x
[2026-04-03T03:39:42.735+0600][14.033s][info][gc,stats    ]   CMR: <total>                      855 us
[2026-04-03T03:39:42.735+0600][14.033s][info][gc,stats    ]   CMR: Thread Roots                 678 us, workers (us): 287, 121, 270, ---, ---, ---, 
[2026-04-03T03:39:42.735+0600][14.033s][info][gc,stats    ]   CMR: VM Strong Roots               18 us, workers (us):   9,   8,   1, ---, ---, ---, 
[2026-04-03T03:39:42.735+0600][14.033s][info][gc,stats    ]   CMR: CLDG Roots                   159 us, workers (us): ---, 159, ---, ---, ---, ---, 
[2026-04-03T03:39:42.735+0600][14.033s][info][gc,stats    ] Concurrent Marking                10347 us
[2026-04-03T03:39:42.735+0600][14.033s][info][gc,stats    ] Pause Final Mark (G)                740 us
[2026-04-03T03:39:42.735+0600][14.033s][info][gc,stats    ] Pause Final Mark (N)                601 us
[2026-04-03T03:39:42.735+0600][14.033s][info][gc,stats    ]   Finish Mark                       297 us
[2026-04-03T03:39:42.735+0600][14.033s][info][gc,stats    ]   Update Region States               50 us
[2026-04-03T03:39:42.735+0600][14.033s][info][gc,stats    ]   Choose Collection Set             140 us
[2026-04-03T03:39:42.735+0600][14.033s][info][gc,stats    ]   Rebuild Free Set                   30 us
[2026-04-03T03:39:42.735+0600][14.033s][info][gc,stats    ] Concurrent Thread Roots            1072 us, parallelism: 1.22x
[2026-04-03T03:39:42.735+0600][14.033s][info][gc,stats    ]   CTR: <total>                     1303 us
[2026-04-03T03:39:42.735+0600][14.033s][info][gc,stats    ]   CTR: Thread Roots                1303 us, workers (us): 698, 304, 301, ---, ---, ---, 
[2026-04-03T03:39:42.735+0600][14.033s][info][gc,stats    ] Concurrent Weak References          395 us, parallelism: 0.51x
[2026-04-03T03:39:42.735+0600][14.033s][info][gc,stats    ]   CWRF: <total>                     202 us
[2026-04-03T03:39:42.735+0600][14.033s][info][gc,stats    ]   CWRF: Weak References             202 us, workers (us): 145,  56,   1, ---, ---, ---, 
[2026-04-03T03:39:42.735+0600][14.033s][info][gc,stats    ] Concurrent Weak Roots              1404 us
[2026-04-03T03:39:42.735+0600][14.033s][info][gc,stats    ]   Roots                            1154 us, parallelism: 2.39x
[2026-04-03T03:39:42.735+0600][14.033s][info][gc,stats    ]     CWR: <total>                   2764 us
[2026-04-03T03:39:42.735+0600][14.033s][info][gc,stats    ]     CWR: Code Cache Roots          1333 us, workers (us): 392, 475, 466, ---, ---, ---, 
[2026-04-03T03:39:42.735+0600][14.033s][info][gc,stats    ]     CWR: VM Weak Roots             1388 us, workers (us): 501, 444, 443, ---, ---, ---, 
[2026-04-03T03:39:42.735+0600][14.033s][info][gc,stats    ]     CWR: CLDG Roots                  43 us, workers (us):  43, ---, ---, ---, ---, ---, 
[2026-04-03T03:39:42.735+0600][14.033s][info][gc,stats    ]   Rendezvous                        194 us
[2026-04-03T03:39:42.735+0600][14.033s][info][gc,stats    ] Concurrent Cleanup                  334 us
[2026-04-03T03:39:42.735+0600][14.033s][info][gc,stats    ] Concurrent Class Unloading         3027 us
[2026-04-03T03:39:42.735+0600][14.033s][info][gc,stats    ]   Unlink Stale                     2217 us
[2026-04-03T03:39:42.735+0600][14.033s][info][gc,stats    ]     System Dictionary                31 us
[2026-04-03T03:39:42.735+0600][14.033s][info][gc,stats    ]     Weak Class Links                  0 us
[2026-04-03T03:39:42.735+0600][14.033s][info][gc,stats    ]     Code Roots                     2182 us
[2026-04-03T03:39:42.736+0600][14.033s][info][gc,stats    ]   Rendezvous                        149 us
[2026-04-03T03:39:42.736+0600][14.033s][info][gc,stats    ]   Purge Unlinked                    586 us
[2026-04-03T03:39:42.736+0600][14.033s][info][gc,stats    ]     Code Roots                      576 us
[2026-04-03T03:39:42.736+0600][14.033s][info][gc,stats    ]     CLDG                              9 us
[2026-04-03T03:39:42.736+0600][14.033s][info][gc,stats    ]     Exception Caches                  0 us
[2026-04-03T03:39:42.736+0600][14.033s][info][gc,stats    ] Concurrent Strong Roots             605 us, parallelism: 0.54x
[2026-04-03T03:39:42.736+0600][14.033s][info][gc,stats    ]   CSR: <total>                      329 us
[2026-04-03T03:39:42.736+0600][14.033s][info][gc,stats    ]   CSR: VM Strong Roots               20 us, workers (us):   7,   6,   6, ---, ---, ---, 
[2026-04-03T03:39:42.736+0600][14.033s][info][gc,stats    ]   CSR: CLDG Roots                   309 us, workers (us): ---, 309, ---, ---, ---, ---, 
[2026-04-03T03:39:42.736+0600][14.033s][info][gc,stats    ] Concurrent Evacuation              1577 us
[2026-04-03T03:39:42.736+0600][14.033s][info][gc,stats    ] Pause Init Update Refs (G)         5557 us
[2026-04-03T03:39:42.736+0600][14.033s][info][gc,stats    ] Pause Init Update Refs (N)          103 us
[2026-04-03T03:39:42.736+0600][14.033s][info][gc,stats    ]   Manage GCLABs                      10 us
[2026-04-03T03:39:42.736+0600][14.033s][info][gc,stats    ] Concurrent Update Refs             6688 us
[2026-04-03T03:39:42.736+0600][14.033s][info][gc,stats    ] Concurrent Update Thread Roots      499 us
[2026-04-03T03:39:42.736+0600][14.033s][info][gc,stats    ] Pause Final Update Refs (G)         370 us
[2026-04-03T03:39:42.736+0600][14.033s][info][gc,stats    ] Pause Final Update Refs (N)         183 us
[2026-04-03T03:39:42.736+0600][14.033s][info][gc,stats    ]   Update Region States               64 us
[2026-04-03T03:39:42.736+0600][14.033s][info][gc,stats    ]   Trash Collection Set               11 us
[2026-04-03T03:39:42.736+0600][14.033s][info][gc,stats    ]   Rebuild Free Set                   43 us
[2026-04-03T03:39:42.736+0600][14.033s][info][gc,stats    ] Concurrent Cleanup                  249 us
[2026-04-03T03:39:42.736+0600][14.033s][info][gc,stats    ] 
[2026-04-03T03:39:42.736+0600][14.033s][info][gc,stats    ] Allocation pacing accrued:
[2026-04-03T03:39:42.736+0600][14.033s][info][gc,stats    ]       0 of    38 ms (  0.0%): <total>
[2026-04-03T03:39:42.736+0600][14.033s][info][gc,stats    ]       0 of    38 ms (  0.0%): <average total>
[2026-04-03T03:39:42.736+0600][14.033s][info][gc,stats    ] 
[2026-04-03T03:39:42.736+0600][14.033s][info][gc,metaspace] Metaspace: 55961K(56512K)->56387K(56896K) NonClass: 48901K(49216K)->49301K(49600K) Class: 7060K(7296K)->7085K(7296K)
[2026-04-03T03:39:42.736+0600][14.033s][info][gc,ergo     ] Pacer for Idle. Initial: 40960K, Alloc Tax Rate: 1.0x
[2026-04-03T03:39:42.838+0600][14.135s][info][gc          ] Trigger: Explicit GC request (System.gc())
[2026-04-03T03:39:42.838+0600][14.136s][info][gc,ergo     ] Free: 1854M, Max: 512K regular, 1591M humongous, Frag: 15% external, 0% internal; Reserve: 100M, Max: 512K
[2026-04-03T03:39:42.838+0600][14.136s][info][gc,start    ] GC(5) Concurrent reset
[2026-04-03T03:39:42.838+0600][14.136s][info][gc,task     ] GC(5) Using 3 of 6 workers for concurrent reset
[2026-04-03T03:39:42.838+0600][14.136s][info][gc,ergo     ] GC(5) Pacer for Reset. Non-Taxable: 2000M
[2026-04-03T03:39:42.839+0600][14.136s][info][gc          ] GC(5) Concurrent reset 0.791ms
[2026-04-03T03:39:42.839+0600][14.137s][info][gc,start    ] GC(5) Pause Init Mark (unload classes)
[2026-04-03T03:39:42.839+0600][14.137s][info][gc,task     ] GC(5) Using 6 of 6 workers for init marking
[2026-04-03T03:39:42.839+0600][14.137s][info][gc,ref      ] GC(5) Clearing All SoftReferences
[2026-04-03T03:39:42.839+0600][14.137s][info][gc,ergo     ] GC(5) Pacer for Mark. Expected Live: 209M, Free: 1854M, Non-Taxable: 185M, Alloc Tax Rate: 0.1x
[2026-04-03T03:39:42.839+0600][14.137s][info][gc          ] GC(5) Pause Init Mark (unload classes) 0.119ms
[2026-04-03T03:39:42.839+0600][14.137s][info][gc,start    ] GC(5) Concurrent marking roots
[2026-04-03T03:39:42.839+0600][14.137s][info][gc,task     ] GC(5) Using 3 of 6 workers for concurrent marking roots
[2026-04-03T03:39:42.840+0600][14.137s][info][gc          ] GC(5) Concurrent marking roots 0.609ms
[2026-04-03T03:39:42.840+0600][14.137s][info][gc,start    ] GC(5) Concurrent marking (unload classes)
[2026-04-03T03:39:42.840+0600][14.137s][info][gc,task     ] GC(5) Using 3 of 6 workers for concurrent marking
[2026-04-03T03:39:42.852+0600][14.150s][info][gc          ] GC(5) Concurrent marking (unload classes) 12.248ms
[2026-04-03T03:39:42.852+0600][14.150s][info][gc,start    ] GC(5) Pause Final Mark (unload classes)
[2026-04-03T03:39:42.852+0600][14.150s][info][gc,task     ] GC(5) Using 6 of 6 workers for final marking
[2026-04-03T03:39:42.853+0600][14.150s][info][gc,ergo     ] GC(5) Adaptive CSet Selection. Target Free: 283M, Actual Free: 1956M, Max CSet: 85333K, Min Garbage: 0B
[2026-04-03T03:39:42.853+0600][14.150s][info][gc,ergo     ] GC(5) Collectable Garbage: 15089K (86%), Immediate: 1536K (8%), CSet: 13553K (78%)
[2026-04-03T03:39:42.853+0600][14.150s][info][gc,ergo     ] GC(5) Pacer for Evacuation. Used CSet: 15262K, Free: 1856M, Non-Taxable: 185M, Alloc Tax Rate: 1.1x
[2026-04-03T03:39:42.853+0600][14.150s][info][gc          ] GC(5) Pause Final Mark (unload classes) 0.576ms
[2026-04-03T03:39:42.853+0600][14.150s][info][gc,start    ] GC(5) Concurrent thread roots
[2026-04-03T03:39:42.853+0600][14.150s][info][gc,task     ] GC(5) Using 3 of 6 workers for Concurrent thread roots
[2026-04-03T03:39:42.853+0600][14.151s][info][gc          ] GC(5) Concurrent thread roots 0.464ms
[2026-04-03T03:39:42.853+0600][14.151s][info][gc,start    ] GC(5) Concurrent weak references
[2026-04-03T03:39:42.853+0600][14.151s][info][gc,task     ] GC(5) Using 3 of 6 workers for concurrent weak references
[2026-04-03T03:39:42.854+0600][14.151s][info][gc,ref      ] GC(5) Encountered references: Soft: 4166, Weak: 3618, Final: 82, Phantom: 586
[2026-04-03T03:39:42.854+0600][14.151s][info][gc,ref      ] GC(5) Discovered  references: Soft: 3535, Weak: 523, Final: 0, Phantom: 583
[2026-04-03T03:39:42.854+0600][14.151s][info][gc,ref      ] GC(5) Enqueued    references: Soft: 1693, Weak: 211, Final: 0, Phantom: 0
[2026-04-03T03:39:42.854+0600][14.151s][info][gc          ] GC(5) Concurrent weak references 0.534ms
[2026-04-03T03:39:42.854+0600][14.151s][info][gc,start    ] GC(5) Concurrent weak roots
[2026-04-03T03:39:42.854+0600][14.151s][info][gc,task     ] GC(5) Using 3 of 6 workers for concurrent weak root
[2026-04-03T03:39:42.856+0600][14.153s][info][gc          ] GC(5) Concurrent weak roots 1.564ms
[2026-04-03T03:39:42.856+0600][14.153s][info][gc,start    ] GC(5) Concurrent cleanup
[2026-04-03T03:39:42.856+0600][14.153s][info][gc          ] GC(5) Concurrent cleanup 43M->41M(739M) 0.254ms
[2026-04-03T03:39:42.856+0600][14.153s][info][gc,ergo     ] GC(5) Free: 1856M, Max: 512K regular, 1591M humongous, Frag: 15% external, 0% internal; Reserve: 102273K, Max: 512K
[2026-04-03T03:39:42.856+0600][14.153s][info][gc,start    ] GC(5) Concurrent class unloading
[2026-04-03T03:39:42.856+0600][14.153s][info][gc,task     ] GC(5) Using 3 of 6 workers for concurrent class unloading
[2026-04-03T03:39:42.869+0600][14.166s][info][gc          ] GC(5) Concurrent class unloading 12.566ms
[2026-04-03T03:39:42.869+0600][14.166s][info][gc,start    ] GC(5) Concurrent strong roots
[2026-04-03T03:39:42.869+0600][14.166s][info][gc,task     ] GC(5) Using 3 of 6 workers for concurrent strong root
[2026-04-03T03:39:42.869+0600][14.167s][info][gc          ] GC(5) Concurrent strong roots 0.626ms
[2026-04-03T03:39:42.869+0600][14.167s][info][gc,start    ] GC(5) Concurrent evacuation
[2026-04-03T03:39:42.869+0600][14.167s][info][gc,task     ] GC(5) Using 3 of 6 workers for concurrent evacuation
[2026-04-03T03:39:42.871+0600][14.169s][info][gc          ] GC(5) Concurrent evacuation 1.912ms
[2026-04-03T03:39:42.871+0600][14.169s][info][gc,start    ] GC(5) Pause Init Update Refs
[2026-04-03T03:39:42.872+0600][14.169s][info][gc,ergo     ] GC(5) Pacer for Update Refs. Used: 45299K, Free: 1856M, Non-Taxable: 185M, Alloc Tax Rate: 1.1x
[2026-04-03T03:39:42.872+0600][14.169s][info][gc          ] GC(5) Pause Init Update Refs 0.099ms
[2026-04-03T03:39:42.872+0600][14.169s][info][gc,start    ] GC(5) Concurrent update references
[2026-04-03T03:39:42.872+0600][14.169s][info][gc,task     ] GC(5) Using 3 of 6 workers for concurrent reference update
[2026-04-03T03:39:42.879+0600][14.177s][info][gc          ] GC(5) Concurrent update references 7.439ms
[2026-04-03T03:39:42.879+0600][14.177s][info][gc,start    ] GC(5) Concurrent update thread roots
[2026-04-03T03:39:42.880+0600][14.177s][info][gc          ] GC(5) Concurrent update thread roots 0.578ms
[2026-04-03T03:39:42.880+0600][14.177s][info][gc,start    ] GC(5) Pause Final Update Refs
[2026-04-03T03:39:42.880+0600][14.177s][info][gc,task     ] GC(5) Using 6 of 6 workers for final reference update
[2026-04-03T03:39:42.880+0600][14.178s][info][gc          ] GC(5) Pause Final Update Refs 0.152ms
[2026-04-03T03:39:42.880+0600][14.178s][info][gc,start    ] GC(5) Concurrent cleanup
[2026-04-03T03:39:42.880+0600][14.178s][info][gc          ] GC(5) Concurrent cleanup 44M->29M(740M) 0.229ms
[2026-04-03T03:39:42.880+0600][14.178s][info][gc,ergo     ] Free: 1868M, Max: 512K regular, 1591M humongous, Frag: 15% external, 0% internal; Reserve: 100M, Max: 512K
[2026-04-03T03:39:42.880+0600][14.178s][info][gc,stats    ] 
[2026-04-03T03:39:42.880+0600][14.178s][info][gc,stats    ] All times are wall-clock times, except per-root-class counters, that are sum over
[2026-04-03T03:39:42.880+0600][14.178s][info][gc,stats    ] all workers. Dividing the <total> over the root stage time estimates parallelism.
[2026-04-03T03:39:42.880+0600][14.178s][info][gc,stats    ] 
[2026-04-03T03:39:42.881+0600][14.178s][info][gc,stats    ] Concurrent Reset                    839 us
[2026-04-03T03:39:42.881+0600][14.178s][info][gc,stats    ] Pause Init Mark (G)                 353 us
[2026-04-03T03:39:42.881+0600][14.178s][info][gc,stats    ] Pause Init Mark (N)                 151 us
[2026-04-03T03:39:42.881+0600][14.178s][info][gc,stats    ]   Update Region States               28 us
[2026-04-03T03:39:42.881+0600][14.178s][info][gc,stats    ] Concurrent Mark Roots               648 us, parallelism: 1.50x
[2026-04-03T03:39:42.881+0600][14.178s][info][gc,stats    ]   CMR: <total>                      975 us
[2026-04-03T03:39:42.881+0600][14.178s][info][gc,stats    ]   CMR: Thread Roots                 797 us, workers (us): 185, 339, 274, ---, ---, ---, 
[2026-04-03T03:39:42.881+0600][14.178s][info][gc,stats    ]   CMR: VM Strong Roots               22 us, workers (us):  16,   5,   1, ---, ---, ---, 
[2026-04-03T03:39:42.881+0600][14.178s][info][gc,stats    ]   CMR: CLDG Roots                   156 us, workers (us): 156, ---, ---, ---, ---, ---, 
[2026-04-03T03:39:42.881+0600][14.178s][info][gc,stats    ] Concurrent Marking                12322 us
[2026-04-03T03:39:42.881+0600][14.178s][info][gc,stats    ] Pause Final Mark (G)                686 us
[2026-04-03T03:39:42.881+0600][14.178s][info][gc,stats    ] Pause Final Mark (N)                587 us
[2026-04-03T03:39:42.881+0600][14.178s][info][gc,stats    ]   Finish Mark                       284 us
[2026-04-03T03:39:42.881+0600][14.178s][info][gc,stats    ]   Update Region States               61 us
[2026-04-03T03:39:42.881+0600][14.178s][info][gc,stats    ]   Choose Collection Set             120 us
[2026-04-03T03:39:42.881+0600][14.178s][info][gc,stats    ]   Rebuild Free Set                   33 us
[2026-04-03T03:39:42.881+0600][14.178s][info][gc,stats    ] Concurrent Thread Roots             498 us, parallelism: 1.48x
[2026-04-03T03:39:42.881+0600][14.178s][info][gc,stats    ]   CTR: <total>                      735 us
[2026-04-03T03:39:42.881+0600][14.178s][info][gc,stats    ]   CTR: Thread Roots                 735 us, workers (us): 269, 236, 230, ---, ---, ---, 
[2026-04-03T03:39:42.881+0600][14.178s][info][gc,stats    ] Concurrent Weak References          545 us, parallelism: 1.57x
[2026-04-03T03:39:42.881+0600][14.178s][info][gc,stats    ]   CWRF: <total>                     856 us
[2026-04-03T03:39:42.881+0600][14.178s][info][gc,stats    ]   CWRF: Weak References             856 us, workers (us): 122, 412, 322, ---, ---, ---, 
[2026-04-03T03:39:42.881+0600][14.178s][info][gc,stats    ] Concurrent Weak Roots              1622 us
[2026-04-03T03:39:42.881+0600][14.178s][info][gc,stats    ]   Roots                            1450 us, parallelism: 2.53x
[2026-04-03T03:39:42.881+0600][14.178s][info][gc,stats    ]     CWR: <total>                   3671 us
[2026-04-03T03:39:42.881+0600][14.178s][info][gc,stats    ]     CWR: Code Cache Roots          2024 us, workers (us): 656, 665, 703, ---, ---, ---, 
[2026-04-03T03:39:42.881+0600][14.178s][info][gc,stats    ]     CWR: VM Weak Roots             1606 us, workers (us): 574, 518, 515, ---, ---, ---, 
[2026-04-03T03:39:42.881+0600][14.178s][info][gc,stats    ]     CWR: CLDG Roots                  41 us, workers (us):  41, ---, ---, ---, ---, ---, 
[2026-04-03T03:39:42.881+0600][14.178s][info][gc,stats    ]   Rendezvous                         92 us
[2026-04-03T03:39:42.881+0600][14.178s][info][gc,stats    ] Concurrent Cleanup                  274 us
[2026-04-03T03:39:42.881+0600][14.178s][info][gc,stats    ] Concurrent Class Unloading        12650 us
[2026-04-03T03:39:42.881+0600][14.178s][info][gc,stats    ]   Unlink Stale                    11871 us
[2026-04-03T03:39:42.881+0600][14.178s][info][gc,stats    ]     System Dictionary               322 us
[2026-04-03T03:39:42.881+0600][14.178s][info][gc,stats    ]     Weak Class Links               8363 us
[2026-04-03T03:39:42.881+0600][14.178s][info][gc,stats    ]     Code Roots                     3180 us
[2026-04-03T03:39:42.881+0600][14.178s][info][gc,stats    ]   Rendezvous                        257 us
[2026-04-03T03:39:42.881+0600][14.178s][info][gc,stats    ]   Purge Unlinked                    406 us
[2026-04-03T03:39:42.881+0600][14.178s][info][gc,stats    ]     Code Roots                      131 us
[2026-04-03T03:39:42.881+0600][14.178s][info][gc,stats    ]     CLDG                            274 us
[2026-04-03T03:39:42.881+0600][14.178s][info][gc,stats    ]     Exception Caches                  0 us
[2026-04-03T03:39:42.881+0600][14.178s][info][gc,stats    ] Concurrent Strong Roots             676 us, parallelism: 0.55x
[2026-04-03T03:39:42.881+0600][14.178s][info][gc,stats    ]   CSR: <total>                      368 us
[2026-04-03T03:39:42.881+0600][14.178s][info][gc,stats    ]   CSR: VM Strong Roots               18 us, workers (us):  15,   2,   2, ---, ---, ---, 
[2026-04-03T03:39:42.881+0600][14.178s][info][gc,stats    ]   CSR: CLDG Roots                   350 us, workers (us): 350, ---, ---, ---, ---, ---, 
[2026-04-03T03:39:42.881+0600][14.178s][info][gc,stats    ] Concurrent Evacuation              1961 us
[2026-04-03T03:39:42.881+0600][14.178s][info][gc,stats    ] Pause Init Update Refs (G)          431 us
[2026-04-03T03:39:42.881+0600][14.178s][info][gc,stats    ] Pause Init Update Refs (N)          112 us
[2026-04-03T03:39:42.881+0600][14.178s][info][gc,stats    ]   Manage GCLABs                      11 us
[2026-04-03T03:39:42.881+0600][14.178s][info][gc,stats    ] Concurrent Update Refs             7513 us
[2026-04-03T03:39:42.881+0600][14.178s][info][gc,stats    ] Concurrent Update Thread Roots      610 us
[2026-04-03T03:39:42.881+0600][14.178s][info][gc,stats    ] Pause Final Update Refs (G)         323 us
[2026-04-03T03:39:42.881+0600][14.178s][info][gc,stats    ] Pause Final Update Refs (N)         171 us
[2026-04-03T03:39:42.881+0600][14.178s][info][gc,stats    ]   Update Region States               59 us
[2026-04-03T03:39:42.881+0600][14.178s][info][gc,stats    ]   Trash Collection Set               10 us
[2026-04-03T03:39:42.881+0600][14.178s][info][gc,stats    ]   Rebuild Free Set                   35 us
[2026-04-03T03:39:42.881+0600][14.178s][info][gc,stats    ] Concurrent Cleanup                  249 us
[2026-04-03T03:39:42.881+0600][14.178s][info][gc,stats    ] 
[2026-04-03T03:39:42.881+0600][14.179s][info][gc,stats    ] Allocation pacing accrued:
[2026-04-03T03:39:42.881+0600][14.179s][info][gc,stats    ]       0 of   145 ms (  0.0%): <total>
[2026-04-03T03:39:42.881+0600][14.179s][info][gc,stats    ]       0 of   145 ms (  0.0%): <average total>
[2026-04-03T03:39:42.881+0600][14.179s][info][gc,stats    ] 
[2026-04-03T03:39:42.881+0600][14.179s][info][gc,metaspace] Metaspace: 57365K(57920K)->57122K(57920K) NonClass: 50172K(50496K)->49984K(50496K) Class: 7193K(7424K)->7138K(7424K)
[2026-04-03T03:39:42.881+0600][14.179s][info][gc,ergo     ] Pacer for Idle. Initial: 40960K, Alloc Tax Rate: 1.0x
[2026-04-03T03:39:42.881+0600][14.179s][info][gc,start    ] Concurrent uncommit
[2026-04-03T03:39:43.008+0600][14.305s][info][gc          ] Concurrent uncommit 29M->41M(43M) 126.455ms
[2026-04-03T03:39:45.523+0600][16.820s][info][gc          ] Trigger: Average GC time (1987.19 ms) is above the time for instantaneous allocation rate (992 MB/s) to deplete free headroom (1431M) (spike threshold = 1.80)
[2026-04-03T03:39:45.523+0600][16.820s][info][gc,ergo     ] Free: 1530M, Max: 512K regular, 1530M humongous, Frag: 0% external, 0% internal; Reserve: 100M, Max: 512K
[2026-04-03T03:39:45.523+0600][16.820s][info][gc,start    ] GC(6) Concurrent reset
[2026-04-03T03:39:45.523+0600][16.820s][info][gc,task     ] GC(6) Using 3 of 6 workers for concurrent reset
[2026-04-03T03:39:45.523+0600][16.820s][info][gc,ergo     ] GC(6) Pacer for Reset. Non-Taxable: 2000M
[2026-04-03T03:39:45.524+0600][16.821s][info][gc          ] GC(6) Concurrent reset 0.583ms
[2026-04-03T03:39:45.524+0600][16.821s][info][gc,start    ] GC(6) Pause Init Mark (unload classes)
[2026-04-03T03:39:45.524+0600][16.821s][info][gc,task     ] GC(6) Using 6 of 6 workers for init marking
[2026-04-03T03:39:45.524+0600][16.821s][info][gc,ergo     ] GC(6) Pacer for Mark. Expected Live: 211M, Free: 1530M, Non-Taxable: 153M, Alloc Tax Rate: 0.2x
[2026-04-03T03:39:45.524+0600][16.821s][info][gc          ] GC(6) Pause Init Mark (unload classes) 0.096ms
[2026-04-03T03:39:45.524+0600][16.822s][info][gc,start    ] GC(6) Concurrent marking roots
[2026-04-03T03:39:45.524+0600][16.822s][info][gc,task     ] GC(6) Using 3 of 6 workers for concurrent marking roots
[2026-04-03T03:39:45.526+0600][16.823s][info][gc          ] GC(6) Concurrent marking roots 1.665ms
[2026-04-03T03:39:45.526+0600][16.823s][info][gc,start    ] GC(6) Concurrent marking (unload classes)
[2026-04-03T03:39:45.526+0600][16.823s][info][gc,task     ] GC(6) Using 3 of 6 workers for concurrent marking
[2026-04-03T03:39:45.545+0600][16.842s][info][gc          ] GC(6) Concurrent marking (unload classes) 19.038ms
[2026-04-03T03:39:45.545+0600][16.843s][info][gc,start    ] GC(6) Pause Final Mark (unload classes)
[2026-04-03T03:39:45.545+0600][16.843s][info][gc,task     ] GC(6) Using 6 of 6 workers for final marking
[2026-04-03T03:39:45.545+0600][16.843s][info][gc,ergo     ] GC(6) Adaptive CSet Selection. Target Free: 283M, Actual Free: 1827M, Max CSet: 85333K, Min Garbage: 0B
[2026-04-03T03:39:45.546+0600][16.843s][info][gc,ergo     ] GC(6) Collectable Garbage: 329M (99%), Immediate: 218M (65%), CSet: 111M (33%)
[2026-04-03T03:39:45.546+0600][16.843s][info][gc,ergo     ] GC(6) Pacer for Evacuation. Used CSet: 117M, Free: 1731M, Non-Taxable: 173M, Alloc Tax Rate: 1.1x
[2026-04-03T03:39:45.546+0600][16.843s][info][gc          ] GC(6) Pause Final Mark (unload classes) 0.607ms
[2026-04-03T03:39:45.546+0600][16.843s][info][gc,start    ] GC(6) Concurrent thread roots
[2026-04-03T03:39:45.546+0600][16.843s][info][gc,task     ] GC(6) Using 3 of 6 workers for Concurrent thread roots
[2026-04-03T03:39:45.546+0600][16.844s][info][gc          ] GC(6) Concurrent thread roots 0.491ms
[2026-04-03T03:39:45.546+0600][16.844s][info][gc,start    ] GC(6) Concurrent weak references
[2026-04-03T03:39:45.546+0600][16.844s][info][gc,task     ] GC(6) Using 3 of 6 workers for concurrent weak references
[2026-04-03T03:39:45.548+0600][16.845s][info][gc,ref      ] GC(6) Encountered references: Soft: 3189, Weak: 5793, Final: 82, Phantom: 605
[2026-04-03T03:39:45.548+0600][16.845s][info][gc,ref      ] GC(6) Discovered  references: Soft: 0, Weak: 3472, Final: 50, Phantom: 602
[2026-04-03T03:39:45.548+0600][16.845s][info][gc,ref      ] GC(6) Enqueued    references: Soft: 0, Weak: 798, Final: 0, Phantom: 1
[2026-04-03T03:39:45.548+0600][16.845s][info][gc          ] GC(6) Concurrent weak references 1.320ms
[2026-04-03T03:39:45.548+0600][16.845s][info][gc,start    ] GC(6) Concurrent weak roots
[2026-04-03T03:39:45.548+0600][16.845s][info][gc,task     ] GC(6) Using 3 of 6 workers for concurrent weak root
[2026-04-03T03:39:45.550+0600][16.848s][info][gc          ] GC(6) Concurrent weak roots 2.518ms
[2026-04-03T03:39:45.550+0600][16.848s][info][gc,start    ] GC(6) Concurrent cleanup
[2026-04-03T03:39:45.551+0600][16.848s][info][gc          ] GC(6) Concurrent cleanup 389M->173M(396M) 0.737ms
[2026-04-03T03:39:45.551+0600][16.849s][info][gc,ergo     ] GC(6) Free: 1726M, Max: 512K regular, 1506M humongous, Frag: 13% external, 0% internal; Reserve: 100094K, Max: 512K
[2026-04-03T03:39:45.551+0600][16.849s][info][gc,start    ] GC(6) Concurrent class unloading
[2026-04-03T03:39:45.551+0600][16.849s][info][gc,task     ] GC(6) Using 3 of 6 workers for concurrent class unloading
[2026-04-03T03:39:45.566+0600][16.864s][info][gc          ] GC(6) Concurrent class unloading 15.110ms
[2026-04-03T03:39:45.566+0600][16.864s][info][gc,start    ] GC(6) Concurrent strong roots
[2026-04-03T03:39:45.566+0600][16.864s][info][gc,task     ] GC(6) Using 3 of 6 workers for concurrent strong root
[2026-04-03T03:39:45.567+0600][16.865s][info][gc          ] GC(6) Concurrent strong roots 1.142ms
[2026-04-03T03:39:45.567+0600][16.865s][info][gc,start    ] GC(6) Concurrent evacuation
[2026-04-03T03:39:45.567+0600][16.865s][info][gc,task     ] GC(6) Using 3 of 6 workers for concurrent evacuation
[2026-04-03T03:39:45.573+0600][16.870s][info][gc          ] GC(6) Concurrent evacuation 5.143ms
[2026-04-03T03:39:45.573+0600][16.870s][info][gc,start    ] GC(6) Pause Init Update Refs
[2026-04-03T03:39:45.573+0600][16.870s][info][gc,ergo     ] GC(6) Pacer for Update Refs. Used: 200M, Free: 1705M, Non-Taxable: 170M, Alloc Tax Rate: 1.1x
[2026-04-03T03:39:45.573+0600][16.870s][info][gc          ] GC(6) Pause Init Update Refs 0.104ms
[2026-04-03T03:39:45.573+0600][16.871s][info][gc,start    ] GC(6) Concurrent update references
[2026-04-03T03:39:45.573+0600][16.871s][info][gc,task     ] GC(6) Using 3 of 6 workers for concurrent reference update
[2026-04-03T03:39:45.589+0600][16.886s][info][gc          ] GC(6) Concurrent update references 15.485ms
[2026-04-03T03:39:45.589+0600][16.886s][info][gc,start    ] GC(6) Concurrent update thread roots
[2026-04-03T03:39:45.589+0600][16.887s][info][gc          ] GC(6) Concurrent update thread roots 0.725ms
[2026-04-03T03:39:45.590+0600][16.887s][info][gc,start    ] GC(6) Pause Final Update Refs
[2026-04-03T03:39:45.590+0600][16.887s][info][gc,task     ] GC(6) Using 6 of 6 workers for final reference update
[2026-04-03T03:39:45.590+0600][16.887s][info][gc          ] GC(6) Pause Final Update Refs 0.259ms
[2026-04-03T03:39:45.590+0600][16.888s][info][gc,start    ] GC(6) Concurrent cleanup
[2026-04-03T03:39:45.591+0600][16.888s][info][gc          ] GC(6) Concurrent cleanup 218M->101M(402M) 0.786ms
[2026-04-03T03:39:45.591+0600][16.888s][info][gc,ergo     ] Free: 1796M, Max: 512K regular, 1500M humongous, Frag: 17% external, 0% internal; Reserve: 100M, Max: 512K
[2026-04-03T03:39:45.591+0600][16.888s][info][gc,stats    ] 
[2026-04-03T03:39:45.591+0600][16.888s][info][gc,stats    ] All times are wall-clock times, except per-root-class counters, that are sum over
[2026-04-03T03:39:45.591+0600][16.888s][info][gc,stats    ] all workers. Dividing the <total> over the root stage time estimates parallelism.
[2026-04-03T03:39:45.591+0600][16.888s][info][gc,stats    ] 
[2026-04-03T03:39:45.591+0600][16.888s][info][gc,stats    ] Concurrent Reset                    625 us
[2026-04-03T03:39:45.591+0600][16.889s][info][gc,stats    ] Pause Init Mark (G)                 465 us
[2026-04-03T03:39:45.591+0600][16.889s][info][gc,stats    ] Pause Init Mark (N)                 104 us
[2026-04-03T03:39:45.591+0600][16.889s][info][gc,stats    ]   Update Region States               24 us
[2026-04-03T03:39:45.591+0600][16.889s][info][gc,stats    ] Concurrent Mark Roots              1703 us, parallelism: 2.30x
[2026-04-03T03:39:45.591+0600][16.889s][info][gc,stats    ]   CMR: <total>                     3912 us
[2026-04-03T03:39:45.591+0600][16.889s][info][gc,stats    ]   CMR: Thread Roots                3358 us, workers (us): 1234, 1239, 885, ---, ---, ---, 
[2026-04-03T03:39:45.591+0600][16.889s][info][gc,stats    ]   CMR: VM Strong Roots              206 us, workers (us):  35, 140,  31, ---, ---, ---, 
[2026-04-03T03:39:45.591+0600][16.889s][info][gc,stats    ]   CMR: CLDG Roots                   348 us, workers (us): ---, ---, 348, ---, ---, ---, 
[2026-04-03T03:39:45.591+0600][16.889s][info][gc,stats    ] Concurrent Marking                19102 us
[2026-04-03T03:39:45.591+0600][16.889s][info][gc,stats    ] Pause Final Mark (G)                943 us
[2026-04-03T03:39:45.591+0600][16.889s][info][gc,stats    ] Pause Final Mark (N)                636 us
[2026-04-03T03:39:45.591+0600][16.889s][info][gc,stats    ]   Finish Mark                       245 us
[2026-04-03T03:39:45.591+0600][16.889s][info][gc,stats    ]   Update Region States               53 us
[2026-04-03T03:39:45.591+0600][16.889s][info][gc,stats    ]   Choose Collection Set             173 us
[2026-04-03T03:39:45.591+0600][16.889s][info][gc,stats    ]   Rebuild Free Set                   45 us
[2026-04-03T03:39:45.591+0600][16.889s][info][gc,stats    ] Concurrent Thread Roots             517 us, parallelism: 2.02x
[2026-04-03T03:39:45.591+0600][16.889s][info][gc,stats    ]   CTR: <total>                     1045 us
[2026-04-03T03:39:45.591+0600][16.889s][info][gc,stats    ]   CTR: Thread Roots                1045 us, workers (us): 374, 336, 335, ---, ---, ---, 
[2026-04-03T03:39:45.591+0600][16.889s][info][gc,stats    ] Concurrent Weak References         1331 us, parallelism: 0.96x
[2026-04-03T03:39:45.591+0600][16.889s][info][gc,stats    ]   CWRF: <total>                    1281 us
[2026-04-03T03:39:45.591+0600][16.889s][info][gc,stats    ]   CWRF: Weak References            1281 us, workers (us): 130,  81, 1071, ---, ---, ---, 
[2026-04-03T03:39:45.591+0600][16.889s][info][gc,stats    ] Concurrent Weak Roots              2574 us
[2026-04-03T03:39:45.591+0600][16.889s][info][gc,stats    ]   Roots                            2221 us, parallelism: 2.50x
[2026-04-03T03:39:45.591+0600][16.889s][info][gc,stats    ]     CWR: <total>                   5541 us
[2026-04-03T03:39:45.591+0600][16.889s][info][gc,stats    ]     CWR: Code Cache Roots          2279 us, workers (us): 633, 867, 779, ---, ---, ---, 
[2026-04-03T03:39:45.591+0600][16.889s][info][gc,stats    ]     CWR: VM Weak Roots             3157 us, workers (us): 1062, 1054, 1041, ---, ---, ---, 
[2026-04-03T03:39:45.591+0600][16.889s][info][gc,stats    ]     CWR: CLDG Roots                 105 us, workers (us): 105, ---, ---, ---, ---, ---, 
[2026-04-03T03:39:45.591+0600][16.889s][info][gc,stats    ]   Rendezvous                        274 us
[2026-04-03T03:39:45.591+0600][16.889s][info][gc,stats    ] Concurrent Cleanup                  753 us
[2026-04-03T03:39:45.591+0600][16.889s][info][gc,stats    ] Concurrent Class Unloading        15187 us
[2026-04-03T03:39:45.591+0600][16.889s][info][gc,stats    ]   Unlink Stale                    12694 us
[2026-04-03T03:39:45.591+0600][16.889s][info][gc,stats    ]     System Dictionary               322 us
[2026-04-03T03:39:45.591+0600][16.889s][info][gc,stats    ]     Weak Class Links               7887 us
[2026-04-03T03:39:45.591+0600][16.889s][info][gc,stats    ]     Code Roots                     4481 us
[2026-04-03T03:39:45.591+0600][16.889s][info][gc,stats    ]   Rendezvous                        238 us
[2026-04-03T03:39:45.591+0600][16.889s][info][gc,stats    ]   Purge Unlinked                   2154 us
[2026-04-03T03:39:45.591+0600][16.889s][info][gc,stats    ]     Code Roots                     1885 us
[2026-04-03T03:39:45.591+0600][16.889s][info][gc,stats    ]     CLDG                            268 us
[2026-04-03T03:39:45.591+0600][16.889s][info][gc,stats    ]     Exception Caches                  0 us
[2026-04-03T03:39:45.591+0600][16.889s][info][gc,stats    ] Concurrent Strong Roots            1205 us, parallelism: 0.73x
[2026-04-03T03:39:45.591+0600][16.889s][info][gc,stats    ]   CSR: <total>                      876 us
[2026-04-03T03:39:45.591+0600][16.889s][info][gc,stats    ]   CSR: VM Strong Roots               23 us, workers (us):  21,   2,   0, ---, ---, ---, 
[2026-04-03T03:39:45.591+0600][16.889s][info][gc,stats    ]   CSR: CLDG Roots                   853 us, workers (us): 853, ---, ---, ---, ---, ---, 
[2026-04-03T03:39:45.591+0600][16.889s][info][gc,stats    ] Concurrent Evacuation              5205 us
[2026-04-03T03:39:45.591+0600][16.889s][info][gc,stats    ] Pause Init Update Refs (G)          416 us
[2026-04-03T03:39:45.591+0600][16.889s][info][gc,stats    ] Pause Init Update Refs (N)          118 us
[2026-04-03T03:39:45.591+0600][16.889s][info][gc,stats    ]   Manage GCLABs                      12 us
[2026-04-03T03:39:45.591+0600][16.889s][info][gc,stats    ] Concurrent Update Refs            15562 us
[2026-04-03T03:39:45.591+0600][16.889s][info][gc,stats    ] Concurrent Update Thread Roots      781 us
[2026-04-03T03:39:45.591+0600][16.889s][info][gc,stats    ] Pause Final Update Refs (G)         648 us
[2026-04-03T03:39:45.591+0600][16.889s][info][gc,stats    ] Pause Final Update Refs (N)         276 us
[2026-04-03T03:39:45.591+0600][16.889s][info][gc,stats    ]   Update Region States               99 us
[2026-04-03T03:39:45.591+0600][16.889s][info][gc,stats    ]   Trash Collection Set               11 us
[2026-04-03T03:39:45.591+0600][16.889s][info][gc,stats    ]   Rebuild Free Set                   44 us
[2026-04-03T03:39:45.591+0600][16.889s][info][gc,stats    ] Concurrent Cleanup                  834 us
[2026-04-03T03:39:45.591+0600][16.889s][info][gc,stats    ] 
[2026-04-03T03:39:45.591+0600][16.889s][info][gc,stats    ] Allocation pacing accrued:
[2026-04-03T03:39:45.591+0600][16.889s][info][gc,stats    ]       0 of  2710 ms (  0.0%): <total>
[2026-04-03T03:39:45.591+0600][16.889s][info][gc,stats    ]       0 of  2710 ms (  0.0%): <average total>
[2026-04-03T03:39:45.591+0600][16.889s][info][gc,stats    ] 
[2026-04-03T03:39:45.591+0600][16.889s][info][gc,metaspace] Metaspace: 66655K(67456K)->66498K(67456K) NonClass: 58290K(58752K)->58181K(58752K) Class: 8365K(8704K)->8317K(8704K)
[2026-04-03T03:39:45.591+0600][16.889s][info][gc,ergo     ] Pacer for Idle. Initial: 40960K, Alloc Tax Rate: 1.0x
[2026-04-03T03:39:45.624+0600][16.921s][info][gc          ] Trigger: Average GC time (1398.37 ms) is above the time for instantaneous allocation rate (1237 MB/s) to deplete free headroom (1638M) (spike threshold = 1.80)
[2026-04-03T03:39:45.624+0600][16.921s][info][gc,ergo     ] Free: 1738M, Max: 512K regular, 1500M humongous, Frag: 14% external, 0% internal; Reserve: 100M, Max: 512K
[2026-04-03T03:39:45.624+0600][16.921s][info][gc,start    ] GC(7) Concurrent reset
[2026-04-03T03:39:45.624+0600][16.921s][info][gc,task     ] GC(7) Using 3 of 6 workers for concurrent reset
[2026-04-03T03:39:45.624+0600][16.921s][info][gc,ergo     ] GC(7) Pacer for Reset. Non-Taxable: 2000M
[2026-04-03T03:39:45.626+0600][16.924s][info][gc          ] GC(7) Concurrent reset 2.354ms
[2026-04-03T03:39:45.626+0600][16.924s][info][gc,start    ] GC(7) Pause Init Mark (unload classes)
[2026-04-03T03:39:45.626+0600][16.924s][info][gc,task     ] GC(7) Using 6 of 6 workers for init marking
[2026-04-03T03:39:45.626+0600][16.924s][info][gc,ergo     ] GC(7) Pacer for Mark. Expected Live: 213M, Free: 1735M, Non-Taxable: 173M, Alloc Tax Rate: 0.2x
[2026-04-03T03:39:45.626+0600][16.924s][info][gc          ] GC(7) Pause Init Mark (unload classes) 0.113ms
[2026-04-03T03:39:45.627+0600][16.924s][info][gc,start    ] GC(7) Concurrent marking roots
[2026-04-03T03:39:45.627+0600][16.924s][info][gc,task     ] GC(7) Using 3 of 6 workers for concurrent marking roots
[2026-04-03T03:39:45.627+0600][16.925s][info][gc          ] GC(7) Concurrent marking roots 0.590ms
[2026-04-03T03:39:45.627+0600][16.925s][info][gc,start    ] GC(7) Concurrent marking (unload classes)
[2026-04-03T03:39:45.627+0600][16.925s][info][gc,task     ] GC(7) Using 3 of 6 workers for concurrent marking
[2026-04-03T03:39:45.640+0600][16.938s][info][gc          ] GC(7) Concurrent marking (unload classes) 13.335ms
[2026-04-03T03:39:45.641+0600][16.938s][info][gc,start    ] GC(7) Pause Final Mark (unload classes)
[2026-04-03T03:39:45.641+0600][16.938s][info][gc,task     ] GC(7) Using 6 of 6 workers for final marking
[2026-04-03T03:39:45.641+0600][16.939s][info][gc,ergo     ] GC(7) Collectable Garbage: 123M (95%), Immediate: 123M (95%), CSet: 0B (0%)
[2026-04-03T03:39:45.641+0600][16.939s][info][gc          ] GC(7) Pause Final Mark (unload classes) 0.735ms
[2026-04-03T03:39:45.642+0600][16.939s][info][gc,start    ] GC(7) Concurrent weak references
[2026-04-03T03:39:45.642+0600][16.939s][info][gc,task     ] GC(7) Using 3 of 6 workers for concurrent weak references
[2026-04-03T03:39:45.642+0600][16.940s][info][gc,ref      ] GC(7) Encountered references: Soft: 3189, Weak: 4995, Final: 82, Phantom: 604
[2026-04-03T03:39:45.642+0600][16.940s][info][gc,ref      ] GC(7) Discovered  references: Soft: 0, Weak: 2803, Final: 50, Phantom: 601
[2026-04-03T03:39:45.642+0600][16.940s][info][gc,ref      ] GC(7) Enqueued    references: Soft: 0, Weak: 0, Final: 0, Phantom: 0
[2026-04-03T03:39:45.642+0600][16.940s][info][gc          ] GC(7) Concurrent weak references 0.645ms
[2026-04-03T03:39:45.642+0600][16.940s][info][gc,start    ] GC(7) Concurrent weak roots
[2026-04-03T03:39:45.642+0600][16.940s][info][gc,task     ] GC(7) Using 3 of 6 workers for concurrent weak root
[2026-04-03T03:39:45.644+0600][16.941s][info][gc          ] GC(7) Concurrent weak roots 1.545ms
[2026-04-03T03:39:45.644+0600][16.941s][info][gc,start    ] GC(7) Concurrent cleanup
[2026-04-03T03:39:45.644+0600][16.942s][info][gc          ] GC(7) Concurrent cleanup 183M->59M(402M) 0.250ms
[2026-04-03T03:39:45.644+0600][16.942s][info][gc,ergo     ] GC(7) Free: 1838M, Max: 512K regular, 1504M humongous, Frag: 19% external, 0% internal; Reserve: 100M, Max: 512K
[2026-04-03T03:39:45.644+0600][16.942s][info][gc,start    ] GC(7) Concurrent class unloading
[2026-04-03T03:39:45.644+0600][16.942s][info][gc,task     ] GC(7) Using 3 of 6 workers for concurrent class unloading
[2026-04-03T03:39:45.648+0600][16.945s][info][gc          ] GC(7) Concurrent class unloading 3.625ms
[2026-04-03T03:39:45.648+0600][16.946s][info][gc,start    ] GC(7) Pause Final Roots
[2026-04-03T03:39:45.648+0600][16.946s][info][gc          ] GC(7) Pause Final Roots 0.071ms
[2026-04-03T03:39:45.648+0600][16.946s][info][gc,ergo     ] Free: 1832M, Max: 512K regular, 1504M humongous, Frag: 18% external, 0% internal; Reserve: 100M, Max: 512K
[2026-04-03T03:39:45.649+0600][16.946s][info][gc,stats    ] 
[2026-04-03T03:39:45.649+0600][16.946s][info][gc,stats    ] All times are wall-clock times, except per-root-class counters, that are sum over
[2026-04-03T03:39:45.649+0600][16.946s][info][gc,stats    ] all workers. Dividing the <total> over the root stage time estimates parallelism.
[2026-04-03T03:39:45.649+0600][16.946s][info][gc,stats    ] 
[2026-04-03T03:39:45.649+0600][16.946s][info][gc,stats    ] Concurrent Reset                   2409 us
[2026-04-03T03:39:45.649+0600][16.946s][info][gc,stats    ] Pause Init Mark (G)                 438 us
[2026-04-03T03:39:45.649+0600][16.946s][info][gc,stats    ] Pause Init Mark (N)                 133 us
[2026-04-03T03:39:45.649+0600][16.946s][info][gc,stats    ]   Update Region States               34 us
[2026-04-03T03:39:45.649+0600][16.946s][info][gc,stats    ] Concurrent Mark Roots               622 us, parallelism: 1.36x
[2026-04-03T03:39:45.649+0600][16.946s][info][gc,stats    ]   CMR: <total>                      847 us
[2026-04-03T03:39:45.649+0600][16.946s][info][gc,stats    ]   CMR: Thread Roots                 620 us, workers (us):  97, 309, 214, ---, ---, ---, 
[2026-04-03T03:39:45.649+0600][16.946s][info][gc,stats    ]   CMR: VM Strong Roots               15 us, workers (us):  14,   1,   1, ---, ---, ---, 
[2026-04-03T03:39:45.649+0600][16.946s][info][gc,stats    ]   CMR: CLDG Roots                   212 us, workers (us): 212, ---, ---, ---, ---, ---, 
[2026-04-03T03:39:45.649+0600][16.946s][info][gc,stats    ] Concurrent Marking                13401 us
[2026-04-03T03:39:45.649+0600][16.946s][info][gc,stats    ] Pause Final Mark (G)               1079 us
[2026-04-03T03:39:45.649+0600][16.946s][info][gc,stats    ] Pause Final Mark (N)                751 us
[2026-04-03T03:39:45.649+0600][16.946s][info][gc,stats    ]   Finish Mark                       363 us
[2026-04-03T03:39:45.649+0600][16.946s][info][gc,stats    ]   Update Region States               83 us
[2026-04-03T03:39:45.649+0600][16.946s][info][gc,stats    ]   Choose Collection Set             108 us
[2026-04-03T03:39:45.649+0600][16.946s][info][gc,stats    ]   Rebuild Free Set                   55 us
[2026-04-03T03:39:45.649+0600][16.946s][info][gc,stats    ] Concurrent Weak References          659 us, parallelism: 0.68x
[2026-04-03T03:39:45.649+0600][16.946s][info][gc,stats    ]   CWRF: <total>                     449 us
[2026-04-03T03:39:45.649+0600][16.946s][info][gc,stats    ]   CWRF: Weak References             449 us, workers (us): 396,  39,  14, ---, ---, ---, 
[2026-04-03T03:39:45.649+0600][16.946s][info][gc,stats    ] Concurrent Weak Roots              1597 us
[2026-04-03T03:39:45.649+0600][16.946s][info][gc,stats    ]   Roots                            1374 us, parallelism: 2.33x
[2026-04-03T03:39:45.649+0600][16.946s][info][gc,stats    ]     CWR: <total>                   3208 us
[2026-04-03T03:39:45.649+0600][16.946s][info][gc,stats    ]     CWR: Code Cache Roots          2089 us, workers (us): 694, 704, 692, ---, ---, ---, 
[2026-04-03T03:39:45.649+0600][16.946s][info][gc,stats    ]     CWR: VM Weak Roots             1094 us, workers (us): 408, 376, 310, ---, ---, ---, 
[2026-04-03T03:39:45.649+0600][16.946s][info][gc,stats    ]     CWR: CLDG Roots                  25 us, workers (us):  25, ---, ---, ---, ---, ---, 
[2026-04-03T03:39:45.649+0600][16.946s][info][gc,stats    ]   Rendezvous                        143 us
[2026-04-03T03:39:45.649+0600][16.946s][info][gc,stats    ] Concurrent Cleanup                  268 us
[2026-04-03T03:39:45.649+0600][16.946s][info][gc,stats    ] Concurrent Class Unloading         3690 us
[2026-04-03T03:39:45.649+0600][16.946s][info][gc,stats    ]   Unlink Stale                     3275 us
[2026-04-03T03:39:45.649+0600][16.946s][info][gc,stats    ]     System Dictionary                59 us
[2026-04-03T03:39:45.649+0600][16.946s][info][gc,stats    ]     Weak Class Links                  1 us
[2026-04-03T03:39:45.649+0600][16.946s][info][gc,stats    ]     Code Roots                     3211 us
[2026-04-03T03:39:45.649+0600][16.946s][info][gc,stats    ]   Rendezvous                        307 us
[2026-04-03T03:39:45.649+0600][16.946s][info][gc,stats    ]   Purge Unlinked                     12 us
[2026-04-03T03:39:45.649+0600][16.946s][info][gc,stats    ]     Code Roots                        3 us
[2026-04-03T03:39:45.649+0600][16.946s][info][gc,stats    ]     CLDG                              9 us
[2026-04-03T03:39:45.649+0600][16.946s][info][gc,stats    ]     Exception Caches                  0 us
[2026-04-03T03:39:45.649+0600][16.946s][info][gc,stats    ] Pause Final Roots (G)               404 us
[2026-04-03T03:39:45.649+0600][16.946s][info][gc,stats    ] Pause Final Roots (N)                84 us
[2026-04-03T03:39:45.649+0600][16.946s][info][gc,stats    ] 
[2026-04-03T03:39:45.649+0600][16.946s][info][gc,stats    ] Allocation pacing accrued:
[2026-04-03T03:39:45.649+0600][16.946s][info][gc,stats    ]       0 of    58 ms (  0.0%): <total>
[2026-04-03T03:39:45.649+0600][16.946s][info][gc,stats    ]       0 of    58 ms (  0.0%): <average total>
[2026-04-03T03:39:45.649+0600][16.946s][info][gc,stats    ] 
[2026-04-03T03:39:45.649+0600][16.947s][info][gc,metaspace] Metaspace: 66498K(67456K)->66498K(67456K) NonClass: 58181K(58752K)->58181K(58752K) Class: 8317K(8704K)->8317K(8704K)
[2026-04-03T03:39:45.649+0600][16.947s][info][gc,ergo     ] Pacer for Idle. Initial: 40960K, Alloc Tax Rate: 1.0x
[2026-04-03T03:39:45.724+0600][17.022s][info][gc          ] Trigger: Average GC time (974.48 ms) is above the time for instantaneous allocation rate (1725 MB/s) to deplete free headroom (1589M) (spike threshold = 1.80)
[2026-04-03T03:39:45.745+0600][17.043s][info][gc,ergo     ] Free: 1689M, Max: 512K regular, 1504M humongous, Frag: 11% external, 0% internal; Reserve: 100M, Max: 512K
[2026-04-03T03:39:45.745+0600][17.043s][info][gc,start    ] GC(8) Concurrent reset
[2026-04-03T03:39:45.745+0600][17.043s][info][gc,task     ] GC(8) Using 3 of 6 workers for concurrent reset
[2026-04-03T03:39:45.745+0600][17.043s][info][gc,ergo     ] GC(8) Pacer for Reset. Non-Taxable: 2000M
[2026-04-03T03:39:45.747+0600][17.044s][info][gc          ] GC(8) Concurrent reset 1.056ms
[2026-04-03T03:39:45.747+0600][17.044s][info][gc,start    ] GC(8) Pause Init Mark (unload classes)
[2026-04-03T03:39:45.747+0600][17.044s][info][gc,task     ] GC(8) Using 6 of 6 workers for init marking
[2026-04-03T03:39:45.747+0600][17.044s][info][gc,ergo     ] GC(8) Pacer for Mark. Expected Live: 144M, Free: 1688M, Non-Taxable: 168M, Alloc Tax Rate: 0.1x
[2026-04-03T03:39:45.747+0600][17.044s][info][gc          ] GC(8) Pause Init Mark (unload classes) 0.183ms
[2026-04-03T03:39:45.747+0600][17.045s][info][gc,start    ] GC(8) Concurrent marking roots
[2026-04-03T03:39:45.747+0600][17.045s][info][gc,task     ] GC(8) Using 3 of 6 workers for concurrent marking roots
[2026-04-03T03:39:45.748+0600][17.045s][info][gc          ] GC(8) Concurrent marking roots 0.907ms
[2026-04-03T03:39:45.748+0600][17.046s][info][gc,start    ] GC(8) Concurrent marking (unload classes)
[2026-04-03T03:39:45.748+0600][17.046s][info][gc,task     ] GC(8) Using 3 of 6 workers for concurrent marking
[2026-04-03T03:39:45.767+0600][17.065s][info][gc          ] GC(8) Concurrent marking (unload classes) 18.957ms
[2026-04-03T03:39:45.767+0600][17.065s][info][gc,start    ] GC(8) Pause Final Mark (unload classes)
[2026-04-03T03:39:45.767+0600][17.065s][info][gc,task     ] GC(8) Using 6 of 6 workers for final marking
[2026-04-03T03:39:45.768+0600][17.065s][info][gc,ergo     ] GC(8) Collectable Garbage: 171M (96%), Immediate: 171M (96%), CSet: 0B (0%)
[2026-04-03T03:39:45.768+0600][17.065s][info][gc          ] GC(8) Pause Final Mark (unload classes) 0.592ms
[2026-04-03T03:39:45.768+0600][17.065s][info][gc,start    ] GC(8) Concurrent weak references
[2026-04-03T03:39:45.768+0600][17.065s][info][gc,task     ] GC(8) Using 3 of 6 workers for concurrent weak references
[2026-04-03T03:39:45.768+0600][17.066s][info][gc,ref      ] GC(8) Encountered references: Soft: 3189, Weak: 4995, Final: 82, Phantom: 604
[2026-04-03T03:39:45.768+0600][17.066s][info][gc,ref      ] GC(8) Discovered  references: Soft: 0, Weak: 329, Final: 0, Phantom: 218
[2026-04-03T03:39:45.768+0600][17.066s][info][gc,ref      ] GC(8) Enqueued    references: Soft: 0, Weak: 0, Final: 0, Phantom: 0
[2026-04-03T03:39:45.768+0600][17.066s][info][gc          ] GC(8) Concurrent weak references 0.323ms
[2026-04-03T03:39:45.768+0600][17.066s][info][gc,start    ] GC(8) Concurrent weak roots
[2026-04-03T03:39:45.768+0600][17.066s][info][gc,task     ] GC(8) Using 3 of 6 workers for concurrent weak root
[2026-04-03T03:39:45.770+0600][17.068s][info][gc          ] GC(8) Concurrent weak roots 1.761ms
[2026-04-03T03:39:45.770+0600][17.068s][info][gc,start    ] GC(8) Concurrent cleanup
[2026-04-03T03:39:45.770+0600][17.068s][info][gc          ] GC(8) Concurrent cleanup 237M->65M(402M) 0.322ms
[2026-04-03T03:39:45.771+0600][17.068s][info][gc,ergo     ] GC(8) Free: 1832M, Max: 512K regular, 1585M humongous, Frag: 14% external, 0% internal; Reserve: 100M, Max: 512K
[2026-04-03T03:39:45.771+0600][17.068s][info][gc,start    ] GC(8) Concurrent class unloading
[2026-04-03T03:39:45.771+0600][17.068s][info][gc,task     ] GC(8) Using 3 of 6 workers for concurrent class unloading
[2026-04-03T03:39:45.774+0600][17.072s][info][gc          ] GC(8) Concurrent class unloading 3.871ms
[2026-04-03T03:39:45.775+0600][17.072s][info][gc,start    ] GC(8) Pause Final Roots
[2026-04-03T03:39:45.775+0600][17.072s][info][gc          ] GC(8) Pause Final Roots 0.082ms
[2026-04-03T03:39:45.775+0600][17.072s][info][gc,ergo     ] Free: 1825M, Max: 512K regular, 1585M humongous, Frag: 14% external, 0% internal; Reserve: 100M, Max: 512K
[2026-04-03T03:39:45.775+0600][17.073s][info][gc,stats    ] 
[2026-04-03T03:39:45.775+0600][17.073s][info][gc,stats    ] All times are wall-clock times, except per-root-class counters, that are sum over
[2026-04-03T03:39:45.775+0600][17.073s][info][gc,stats    ] all workers. Dividing the <total> over the root stage time estimates parallelism.
[2026-04-03T03:39:45.775+0600][17.073s][info][gc,stats    ] 
[2026-04-03T03:39:45.775+0600][17.073s][info][gc,stats    ] Concurrent Reset                   1131 us
[2026-04-03T03:39:45.775+0600][17.073s][info][gc,stats    ] Pause Init Mark (G)                 524 us
[2026-04-03T03:39:45.775+0600][17.073s][info][gc,stats    ] Pause Init Mark (N)                 201 us
[2026-04-03T03:39:45.775+0600][17.073s][info][gc,stats    ]   Update Region States               39 us
[2026-04-03T03:39:45.775+0600][17.073s][info][gc,stats    ] Concurrent Mark Roots               958 us, parallelism: 1.58x
[2026-04-03T03:39:45.775+0600][17.073s][info][gc,stats    ]   CMR: <total>                     1513 us
[2026-04-03T03:39:45.775+0600][17.073s][info][gc,stats    ]   CMR: Thread Roots                1100 us, workers (us): 112, 491, 497, ---, ---, ---, 
[2026-04-03T03:39:45.775+0600][17.073s][info][gc,stats    ]   CMR: VM Strong Roots               35 us, workers (us):  21,  12,   1, ---, ---, ---, 
[2026-04-03T03:39:45.775+0600][17.073s][info][gc,stats    ]   CMR: CLDG Roots                   379 us, workers (us): 379, ---, ---, ---, ---, ---, 
[2026-04-03T03:39:45.775+0600][17.073s][info][gc,stats    ] Concurrent Marking                19062 us
[2026-04-03T03:39:45.775+0600][17.073s][info][gc,stats    ] Pause Final Mark (G)                844 us
[2026-04-03T03:39:45.775+0600][17.073s][info][gc,stats    ] Pause Final Mark (N)                627 us
[2026-04-03T03:39:45.775+0600][17.073s][info][gc,stats    ]   Finish Mark                       269 us
[2026-04-03T03:39:45.775+0600][17.073s][info][gc,stats    ]   Update Region States               89 us
[2026-04-03T03:39:45.775+0600][17.073s][info][gc,stats    ]   Choose Collection Set             131 us
[2026-04-03T03:39:45.775+0600][17.073s][info][gc,stats    ]   Rebuild Free Set                   37 us
[2026-04-03T03:39:45.775+0600][17.073s][info][gc,stats    ] Concurrent Weak References          337 us, parallelism: 0.18x
[2026-04-03T03:39:45.775+0600][17.073s][info][gc,stats    ]   CWRF: <total>                      62 us
[2026-04-03T03:39:45.775+0600][17.073s][info][gc,stats    ]   CWRF: Weak References              62 us, workers (us):  33,  28,   0, ---, ---, ---, 
[2026-04-03T03:39:45.775+0600][17.073s][info][gc,stats    ] Concurrent Weak Roots              1818 us
[2026-04-03T03:39:45.775+0600][17.073s][info][gc,stats    ]   Roots                            1531 us, parallelism: 2.39x
[2026-04-03T03:39:45.775+0600][17.073s][info][gc,stats    ]     CWR: <total>                   3664 us
[2026-04-03T03:39:45.775+0600][17.073s][info][gc,stats    ]     CWR: Code Cache Roots          2498 us, workers (us): 835, 829, 834, ---, ---, ---, 
[2026-04-03T03:39:45.775+0600][17.073s][info][gc,stats    ]     CWR: VM Weak Roots             1133 us, workers (us): 396, 370, 367, ---, ---, ---, 
[2026-04-03T03:39:45.775+0600][17.073s][info][gc,stats    ]     CWR: CLDG Roots                  33 us, workers (us): ---, ---,  33, ---, ---, ---, 
[2026-04-03T03:39:45.775+0600][17.073s][info][gc,stats    ]   Rendezvous                        202 us
[2026-04-03T03:39:45.775+0600][17.073s][info][gc,stats    ] Concurrent Cleanup                  341 us
[2026-04-03T03:39:45.775+0600][17.073s][info][gc,stats    ] Concurrent Class Unloading         3939 us
[2026-04-03T03:39:45.775+0600][17.073s][info][gc,stats    ]   Unlink Stale                     3569 us
[2026-04-03T03:39:45.775+0600][17.073s][info][gc,stats    ]     System Dictionary                64 us
[2026-04-03T03:39:45.775+0600][17.073s][info][gc,stats    ]     Weak Class Links                  0 us
[2026-04-03T03:39:45.775+0600][17.073s][info][gc,stats    ]     Code Roots                     3499 us
[2026-04-03T03:39:45.775+0600][17.073s][info][gc,stats    ]   Rendezvous                        151 us
[2026-04-03T03:39:45.775+0600][17.073s][info][gc,stats    ]   Purge Unlinked                    119 us
[2026-04-03T03:39:45.775+0600][17.073s][info][gc,stats    ]     Code Roots                      108 us
[2026-04-03T03:39:45.775+0600][17.073s][info][gc,stats    ]     CLDG                             11 us
[2026-04-03T03:39:45.775+0600][17.073s][info][gc,stats    ]     Exception Caches                  0 us
[2026-04-03T03:39:45.775+0600][17.073s][info][gc,stats    ] Pause Final Roots (G)               394 us
[2026-04-03T03:39:45.775+0600][17.073s][info][gc,stats    ] Pause Final Roots (N)               100 us
[2026-04-03T03:39:45.775+0600][17.073s][info][gc,stats    ] 
[2026-04-03T03:39:45.776+0600][17.073s][info][gc,stats    ] Allocation pacing accrued:
[2026-04-03T03:39:45.776+0600][17.073s][info][gc,stats    ]       0 of   127 ms (  0.0%): <total>
[2026-04-03T03:39:45.776+0600][17.073s][info][gc,stats    ]       0 of   127 ms (  0.0%): <average total>
[2026-04-03T03:39:45.776+0600][17.073s][info][gc,stats    ] 
[2026-04-03T03:39:45.776+0600][17.073s][info][gc,metaspace] Metaspace: 66498K(67456K)->66501K(67456K) NonClass: 58181K(58752K)->58184K(58752K) Class: 8317K(8704K)->8317K(8704K)
[2026-04-03T03:39:45.776+0600][17.073s][info][gc,ergo     ] Pacer for Idle. Initial: 40960K, Alloc Tax Rate: 1.0x
[2026-04-03T03:39:46.021+0600][17.318s][info][gc          ] Trigger: Learning 5 of 5. Free (1398M) is below initial threshold (1400M)
[2026-04-03T03:39:46.021+0600][17.318s][info][gc,ergo     ] Free: 1398M, Max: 512K regular, 1398M humongous, Frag: 0% external, 0% internal; Reserve: 100M, Max: 512K
[2026-04-03T03:39:46.021+0600][17.318s][info][gc,start    ] GC(9) Concurrent reset
[2026-04-03T03:39:46.021+0600][17.318s][info][gc,task     ] GC(9) Using 3 of 6 workers for concurrent reset
[2026-04-03T03:39:46.021+0600][17.318s][info][gc,ergo     ] GC(9) Pacer for Reset. Non-Taxable: 2000M
[2026-04-03T03:39:46.022+0600][17.319s][info][gc          ] GC(9) Concurrent reset 0.533ms
[2026-04-03T03:39:46.022+0600][17.319s][info][gc,start    ] GC(9) Pause Init Mark (unload classes)
[2026-04-03T03:39:46.022+0600][17.319s][info][gc,task     ] GC(9) Using 6 of 6 workers for init marking
[2026-04-03T03:39:46.022+0600][17.319s][info][gc,ergo     ] GC(9) Pacer for Mark. Expected Live: 30434K, Free: 1397M, Non-Taxable: 139M, Alloc Tax Rate: 0.0x
[2026-04-03T03:39:46.022+0600][17.319s][info][gc          ] GC(9) Pause Init Mark (unload classes) 0.091ms
[2026-04-03T03:39:46.022+0600][17.319s][info][gc,start    ] GC(9) Concurrent marking roots
[2026-04-03T03:39:46.022+0600][17.319s][info][gc,task     ] GC(9) Using 3 of 6 workers for concurrent marking roots
[2026-04-03T03:39:46.023+0600][17.320s][info][gc          ] GC(9) Concurrent marking roots 0.665ms
[2026-04-03T03:39:46.023+0600][17.320s][info][gc,start    ] GC(9) Concurrent marking (unload classes)
[2026-04-03T03:39:46.023+0600][17.320s][info][gc,task     ] GC(9) Using 3 of 6 workers for concurrent marking
[2026-04-03T03:39:46.036+0600][17.333s][info][gc          ] GC(9) Concurrent marking (unload classes) 13.396ms
[2026-04-03T03:39:46.036+0600][17.334s][info][gc,start    ] GC(9) Pause Final Mark (unload classes)
[2026-04-03T03:39:46.036+0600][17.334s][info][gc,task     ] GC(9) Using 6 of 6 workers for final marking
[2026-04-03T03:39:46.037+0600][17.334s][info][gc,ergo     ] GC(9) Collectable Garbage: 461M (98%), Immediate: 461M (98%), CSet: 0B (0%)
[2026-04-03T03:39:46.037+0600][17.334s][info][gc          ] GC(9) Pause Final Mark (unload classes) 0.431ms
[2026-04-03T03:39:46.037+0600][17.334s][info][gc,start    ] GC(9) Concurrent weak references
[2026-04-03T03:39:46.037+0600][17.334s][info][gc,task     ] GC(9) Using 3 of 6 workers for concurrent weak references
[2026-04-03T03:39:46.037+0600][17.335s][info][gc,ref      ] GC(9) Encountered references: Soft: 3189, Weak: 4995, Final: 82, Phantom: 604
[2026-04-03T03:39:46.037+0600][17.335s][info][gc,ref      ] GC(9) Discovered  references: Soft: 0, Weak: 2121, Final: 2, Phantom: 218
[2026-04-03T03:39:46.037+0600][17.335s][info][gc,ref      ] GC(9) Enqueued    references: Soft: 0, Weak: 0, Final: 0, Phantom: 0
[2026-04-03T03:39:46.037+0600][17.335s][info][gc          ] GC(9) Concurrent weak references 0.331ms
[2026-04-03T03:39:46.037+0600][17.335s][info][gc,start    ] GC(9) Concurrent weak roots
[2026-04-03T03:39:46.037+0600][17.335s][info][gc,task     ] GC(9) Using 3 of 6 workers for concurrent weak root
[2026-04-03T03:39:46.039+0600][17.336s][info][gc          ] GC(9) Concurrent weak roots 1.707ms
[2026-04-03T03:39:46.039+0600][17.336s][info][gc,start    ] GC(9) Concurrent cleanup
[2026-04-03T03:39:46.039+0600][17.337s][info][gc          ] GC(9) Concurrent cleanup 518M->57M(523M) 0.394ms
[2026-04-03T03:39:46.039+0600][17.337s][info][gc,ergo     ] GC(9) Free: 1840M, Max: 512K regular, 1379M humongous, Frag: 26% external, 0% internal; Reserve: 100M, Max: 512K
[2026-04-03T03:39:46.039+0600][17.337s][info][gc,start    ] GC(9) Concurrent class unloading
[2026-04-03T03:39:46.039+0600][17.337s][info][gc,task     ] GC(9) Using 3 of 6 workers for concurrent class unloading
[2026-04-03T03:39:46.043+0600][17.340s][info][gc          ] GC(9) Concurrent class unloading 3.304ms
[2026-04-03T03:39:46.043+0600][17.340s][info][gc,start    ] GC(9) Pause Final Roots
[2026-04-03T03:39:46.043+0600][17.340s][info][gc          ] GC(9) Pause Final Roots 0.031ms
[2026-04-03T03:39:46.043+0600][17.341s][info][gc,ergo     ] Free: 1835M, Max: 512K regular, 1379M humongous, Frag: 25% external, 0% internal; Reserve: 100M, Max: 512K
[2026-04-03T03:39:46.043+0600][17.341s][info][gc,stats    ] 
[2026-04-03T03:39:46.043+0600][17.341s][info][gc,stats    ] All times are wall-clock times, except per-root-class counters, that are sum over
[2026-04-03T03:39:46.043+0600][17.341s][info][gc,stats    ] all workers. Dividing the <total> over the root stage time estimates parallelism.
[2026-04-03T03:39:46.043+0600][17.341s][info][gc,stats    ] 
[2026-04-03T03:39:46.043+0600][17.341s][info][gc,stats    ] Concurrent Reset                    566 us
[2026-04-03T03:39:46.043+0600][17.341s][info][gc,stats    ] Pause Init Mark (G)                 365 us
[2026-04-03T03:39:46.043+0600][17.341s][info][gc,stats    ] Pause Init Mark (N)                 101 us
[2026-04-03T03:39:46.043+0600][17.341s][info][gc,stats    ]   Update Region States               22 us
[2026-04-03T03:39:46.043+0600][17.341s][info][gc,stats    ] Concurrent Mark Roots               697 us, parallelism: 1.50x
[2026-04-03T03:39:46.043+0600][17.341s][info][gc,stats    ]   CMR: <total>                     1044 us
[2026-04-03T03:39:46.043+0600][17.341s][info][gc,stats    ]   CMR: Thread Roots                 795 us, workers (us): 100, 316, 379, ---, ---, ---, 
[2026-04-03T03:39:46.043+0600][17.341s][info][gc,stats    ]   CMR: VM Strong Roots               22 us, workers (us):  21,   1,   0, ---, ---, ---, 
[2026-04-03T03:39:46.043+0600][17.341s][info][gc,stats    ]   CMR: CLDG Roots                   227 us, workers (us): 227, ---, ---, ---, ---, ---, 
[2026-04-03T03:39:46.043+0600][17.341s][info][gc,stats    ] Concurrent Marking                13468 us
[2026-04-03T03:39:46.043+0600][17.341s][info][gc,stats    ] Pause Final Mark (G)                710 us
[2026-04-03T03:39:46.043+0600][17.341s][info][gc,stats    ] Pause Final Mark (N)                462 us
[2026-04-03T03:39:46.043+0600][17.341s][info][gc,stats    ]   Finish Mark                       168 us
[2026-04-03T03:39:46.043+0600][17.341s][info][gc,stats    ]   Update Region States               55 us
[2026-04-03T03:39:46.043+0600][17.341s][info][gc,stats    ]   Choose Collection Set             112 us
[2026-04-03T03:39:46.043+0600][17.341s][info][gc,stats    ]   Rebuild Free Set                   32 us
[2026-04-03T03:39:46.043+0600][17.341s][info][gc,stats    ] Concurrent Weak References          343 us, parallelism: 0.53x
[2026-04-03T03:39:46.043+0600][17.341s][info][gc,stats    ]   CWRF: <total>                     180 us
[2026-04-03T03:39:46.043+0600][17.341s][info][gc,stats    ]   CWRF: Weak References             180 us, workers (us): 156,  24,   0, ---, ---, ---, 
[2026-04-03T03:39:46.043+0600][17.341s][info][gc,stats    ] Concurrent Weak Roots              1759 us
[2026-04-03T03:39:46.043+0600][17.341s][info][gc,stats    ]   Roots                            1516 us, parallelism: 2.52x
[2026-04-03T03:39:46.043+0600][17.341s][info][gc,stats    ]     CWR: <total>                   3826 us
[2026-04-03T03:39:46.043+0600][17.341s][info][gc,stats    ]     CWR: Code Cache Roots          2571 us, workers (us): 866, 891, 813, ---, ---, ---, 
[2026-04-03T03:39:46.043+0600][17.341s][info][gc,stats    ]     CWR: VM Weak Roots             1230 us, workers (us): 419, 420, 391, ---, ---, ---, 
[2026-04-03T03:39:46.043+0600][17.341s][info][gc,stats    ]     CWR: CLDG Roots                  25 us, workers (us): ---, ---,  25, ---, ---, ---, 
[2026-04-03T03:39:46.043+0600][17.341s][info][gc,stats    ]   Rendezvous                        166 us
[2026-04-03T03:39:46.043+0600][17.341s][info][gc,stats    ] Concurrent Cleanup                  413 us
[2026-04-03T03:39:46.043+0600][17.341s][info][gc,stats    ] Concurrent Class Unloading         3373 us
[2026-04-03T03:39:46.043+0600][17.341s][info][gc,stats    ]   Unlink Stale                     3017 us
[2026-04-03T03:39:46.043+0600][17.341s][info][gc,stats    ]     System Dictionary                52 us
[2026-04-03T03:39:46.043+0600][17.341s][info][gc,stats    ]     Weak Class Links                  0 us
[2026-04-03T03:39:46.043+0600][17.341s][info][gc,stats    ]     Code Roots                     2961 us
[2026-04-03T03:39:46.043+0600][17.341s][info][gc,stats    ]   Rendezvous                        133 us
[2026-04-03T03:39:46.043+0600][17.341s][info][gc,stats    ]   Purge Unlinked                    127 us
[2026-04-03T03:39:46.043+0600][17.341s][info][gc,stats    ]     Code Roots                      118 us
[2026-04-03T03:39:46.043+0600][17.341s][info][gc,stats    ]     CLDG                              9 us
[2026-04-03T03:39:46.043+0600][17.341s][info][gc,stats    ]     Exception Caches                  0 us
[2026-04-03T03:39:46.043+0600][17.341s][info][gc,stats    ] Pause Final Roots (G)               222 us
[2026-04-03T03:39:46.044+0600][17.341s][info][gc,stats    ] Pause Final Roots (N)                46 us
[2026-04-03T03:39:46.044+0600][17.341s][info][gc,stats    ] 
[2026-04-03T03:39:46.044+0600][17.341s][info][gc,stats    ] Allocation pacing accrued:
[2026-04-03T03:39:46.044+0600][17.341s][info][gc,stats    ]       0 of   268 ms (  0.0%): <total>
[2026-04-03T03:39:46.044+0600][17.341s][info][gc,stats    ]       0 of   268 ms (  0.0%): <average total>
[2026-04-03T03:39:46.044+0600][17.341s][info][gc,stats    ] 
[2026-04-03T03:39:46.044+0600][17.341s][info][gc,metaspace] Metaspace: 66502K(67456K)->66502K(67456K) NonClass: 58185K(58752K)->58185K(58752K) Class: 8317K(8704K)->8317K(8704K)
[2026-04-03T03:39:46.044+0600][17.341s][info][gc,ergo     ] Pacer for Idle. Initial: 40960K, Alloc Tax Rate: 1.0x
[2026-04-03T03:39:46.718+0600][18.015s][info][gc          ] Trigger: Average GC time (480.23 ms) is above the time for average allocation rate (1430 MB/s) to deplete free headroom (686M) (margin of error = 1.80)
[2026-04-03T03:39:46.718+0600][18.016s][info][gc,ergo     ] Free headroom: 786M (free) - 100M (spike) - 0B (penalties) = 686M
[2026-04-03T03:39:46.718+0600][18.016s][info][gc,ergo     ] Free: 785M, Max: 512K regular, 785M humongous, Frag: 0% external, 0% internal; Reserve: 100M, Max: 512K
[2026-04-03T03:39:46.718+0600][18.016s][info][gc,start    ] GC(10) Concurrent reset
[2026-04-03T03:39:46.718+0600][18.016s][info][gc,task     ] GC(10) Using 3 of 6 workers for concurrent reset
[2026-04-03T03:39:46.718+0600][18.016s][info][gc,ergo     ] GC(10) Pacer for Reset. Non-Taxable: 2000M
[2026-04-03T03:39:46.719+0600][18.016s][info][gc          ] GC(10) Concurrent reset 0.633ms
[2026-04-03T03:39:46.719+0600][18.017s][info][gc,start    ] GC(10) Pause Init Mark (unload classes)
[2026-04-03T03:39:46.719+0600][18.017s][info][gc,task     ] GC(10) Using 6 of 6 workers for init marking
[2026-04-03T03:39:46.719+0600][18.017s][info][gc,ergo     ] GC(10) Pacer for Mark. Expected Live: 31443K, Free: 784M, Non-Taxable: 80350K, Alloc Tax Rate: 0.0x
[2026-04-03T03:39:46.719+0600][18.017s][info][gc          ] GC(10) Pause Init Mark (unload classes) 0.100ms
[2026-04-03T03:39:46.719+0600][18.017s][info][gc,start    ] GC(10) Concurrent marking roots
[2026-04-03T03:39:46.719+0600][18.017s][info][gc,task     ] GC(10) Using 3 of 6 workers for concurrent marking roots
[2026-04-03T03:39:46.720+0600][18.017s][info][gc          ] GC(10) Concurrent marking roots 0.625ms
[2026-04-03T03:39:46.720+0600][18.017s][info][gc,start    ] GC(10) Concurrent marking (unload classes)
[2026-04-03T03:39:46.720+0600][18.017s][info][gc,task     ] GC(10) Using 3 of 6 workers for concurrent marking
[2026-04-03T03:39:46.735+0600][18.032s][info][gc          ] GC(10) Concurrent marking (unload classes) 14.627ms
[2026-04-03T03:39:46.735+0600][18.032s][info][gc,start    ] GC(10) Pause Final Mark (unload classes)
[2026-04-03T03:39:46.735+0600][18.032s][info][gc,task     ] GC(10) Using 6 of 6 workers for final marking
[2026-04-03T03:39:46.735+0600][18.033s][info][gc,ergo     ] GC(10) Collectable Garbage: 1071M (99%), Immediate: 1071M (99%), CSet: 0B (0%)
[2026-04-03T03:39:46.735+0600][18.033s][info][gc          ] GC(10) Pause Final Mark (unload classes) 0.622ms
[2026-04-03T03:39:46.736+0600][18.033s][info][gc,start    ] GC(10) Concurrent weak references
[2026-04-03T03:39:46.736+0600][18.033s][info][gc,task     ] GC(10) Using 3 of 6 workers for concurrent weak references
[2026-04-03T03:39:46.736+0600][18.033s][info][gc,ref      ] GC(10) Encountered references: Soft: 3189, Weak: 4995, Final: 82, Phantom: 604
[2026-04-03T03:39:46.736+0600][18.033s][info][gc,ref      ] GC(10) Discovered  references: Soft: 0, Weak: 440, Final: 0, Phantom: 218
[2026-04-03T03:39:46.736+0600][18.033s][info][gc,ref      ] GC(10) Enqueued    references: Soft: 0, Weak: 0, Final: 0, Phantom: 0
[2026-04-03T03:39:46.736+0600][18.033s][info][gc          ] GC(10) Concurrent weak references 0.329ms
[2026-04-03T03:39:46.736+0600][18.033s][info][gc,start    ] GC(10) Concurrent weak roots
[2026-04-03T03:39:46.736+0600][18.033s][info][gc,task     ] GC(10) Using 3 of 6 workers for concurrent weak root
[2026-04-03T03:39:46.737+0600][18.035s][info][gc          ] GC(10) Concurrent weak roots 1.437ms
[2026-04-03T03:39:46.737+0600][18.035s][info][gc,start    ] GC(10) Concurrent cleanup
[2026-04-03T03:39:46.738+0600][18.036s][info][gc          ] GC(10) Concurrent cleanup 1131M->61M(1136M) 0.963ms
[2026-04-03T03:39:46.738+0600][18.036s][info][gc,ergo     ] GC(10) Free: 1836M, Max: 512K regular, 766M humongous, Frag: 59% external, 0% internal; Reserve: 100M, Max: 512K
[2026-04-03T03:39:46.738+0600][18.036s][info][gc,start    ] GC(10) Concurrent class unloading
[2026-04-03T03:39:46.738+0600][18.036s][info][gc,task     ] GC(10) Using 3 of 6 workers for concurrent class unloading
[2026-04-03T03:39:46.742+0600][18.040s][info][gc          ] GC(10) Concurrent class unloading 3.797ms
[2026-04-03T03:39:46.742+0600][18.040s][info][gc,start    ] GC(10) Pause Final Roots
[2026-04-03T03:39:46.742+0600][18.040s][info][gc          ] GC(10) Pause Final Roots 0.068ms
[2026-04-03T03:39:46.743+0600][18.040s][info][gc,ergo     ] Free: 1830M, Max: 512K regular, 766M humongous, Frag: 59% external, 0% internal; Reserve: 100M, Max: 512K
[2026-04-03T03:39:46.743+0600][18.040s][info][gc,stats    ] 
[2026-04-03T03:39:46.743+0600][18.040s][info][gc,stats    ] All times are wall-clock times, except per-root-class counters, that are sum over
[2026-04-03T03:39:46.743+0600][18.040s][info][gc,stats    ] all workers. Dividing the <total> over the root stage time estimates parallelism.
[2026-04-03T03:39:46.743+0600][18.040s][info][gc,stats    ] 
[2026-04-03T03:39:46.743+0600][18.040s][info][gc,stats    ] Concurrent Reset                    672 us
[2026-04-03T03:39:46.743+0600][18.040s][info][gc,stats    ] Pause Init Mark (G)                 369 us
[2026-04-03T03:39:46.743+0600][18.040s][info][gc,stats    ] Pause Init Mark (N)                 110 us
[2026-04-03T03:39:46.743+0600][18.040s][info][gc,stats    ]   Update Region States               29 us
[2026-04-03T03:39:46.743+0600][18.040s][info][gc,stats    ] Concurrent Mark Roots               659 us, parallelism: 1.37x
[2026-04-03T03:39:46.743+0600][18.040s][info][gc,stats    ]   CMR: <total>                      902 us
[2026-04-03T03:39:46.743+0600][18.040s][info][gc,stats    ]   CMR: Thread Roots                 734 us, workers (us): 168, 311, 255, ---, ---, ---, 
[2026-04-03T03:39:46.743+0600][18.040s][info][gc,stats    ]   CMR: VM Strong Roots               18 us, workers (us):  17,   0,   1, ---, ---, ---, 
[2026-04-03T03:39:46.743+0600][18.040s][info][gc,stats    ]   CMR: CLDG Roots                   151 us, workers (us): 151, ---, ---, ---, ---, ---, 
[2026-04-03T03:39:46.743+0600][18.040s][info][gc,stats    ] Concurrent Marking                14698 us
[2026-04-03T03:39:46.743+0600][18.040s][info][gc,stats    ] Pause Final Mark (G)                961 us
[2026-04-03T03:39:46.743+0600][18.040s][info][gc,stats    ] Pause Final Mark (N)                640 us
[2026-04-03T03:39:46.743+0600][18.040s][info][gc,stats    ]   Finish Mark                       335 us
[2026-04-03T03:39:46.743+0600][18.040s][info][gc,stats    ]   Update Region States               73 us
[2026-04-03T03:39:46.743+0600][18.040s][info][gc,stats    ]   Choose Collection Set             107 us
[2026-04-03T03:39:46.743+0600][18.040s][info][gc,stats    ]   Rebuild Free Set                   36 us
[2026-04-03T03:39:46.743+0600][18.040s][info][gc,stats    ] Concurrent Weak References          340 us, parallelism: 0.28x
[2026-04-03T03:39:46.743+0600][18.040s][info][gc,stats    ]   CWRF: <total>                      97 us
[2026-04-03T03:39:46.743+0600][18.040s][info][gc,stats    ]   CWRF: Weak References              97 us, workers (us):  82,  14,   1, ---, ---, ---, 
[2026-04-03T03:39:46.743+0600][18.040s][info][gc,stats    ] Concurrent Weak Roots              1467 us
[2026-04-03T03:39:46.743+0600][18.040s][info][gc,stats    ]   Roots                            1281 us, parallelism: 2.45x
[2026-04-03T03:39:46.743+0600][18.040s][info][gc,stats    ]     CWR: <total>                   3141 us
[2026-04-03T03:39:46.743+0600][18.040s][info][gc,stats    ]     CWR: Code Cache Roots          2108 us, workers (us): 630, 747, 731, ---, ---, ---, 
[2026-04-03T03:39:46.743+0600][18.040s][info][gc,stats    ]     CWR: VM Weak Roots              988 us, workers (us): 349, 320, 319, ---, ---, ---, 
[2026-04-03T03:39:46.743+0600][18.040s][info][gc,stats    ]     CWR: CLDG Roots                  45 us, workers (us):  45, ---, ---, ---, ---, ---, 
[2026-04-03T03:39:46.743+0600][18.040s][info][gc,stats    ]   Rendezvous                        136 us
[2026-04-03T03:39:46.743+0600][18.041s][info][gc,stats    ] Concurrent Cleanup                  983 us
[2026-04-03T03:39:46.743+0600][18.041s][info][gc,stats    ] Concurrent Class Unloading         3834 us
[2026-04-03T03:39:46.743+0600][18.041s][info][gc,stats    ]   Unlink Stale                     3421 us
[2026-04-03T03:39:46.743+0600][18.041s][info][gc,stats    ]     System Dictionary                95 us
[2026-04-03T03:39:46.743+0600][18.041s][info][gc,stats    ]     Weak Class Links                  0 us
[2026-04-03T03:39:46.743+0600][18.041s][info][gc,stats    ]     Code Roots                     3323 us
[2026-04-03T03:39:46.743+0600][18.041s][info][gc,stats    ]   Rendezvous                        166 us
[2026-04-03T03:39:46.743+0600][18.041s][info][gc,stats    ]   Purge Unlinked                    181 us
[2026-04-03T03:39:46.743+0600][18.041s][info][gc,stats    ]     Code Roots                      175 us
[2026-04-03T03:39:46.743+0600][18.041s][info][gc,stats    ]     CLDG                              6 us
[2026-04-03T03:39:46.743+0600][18.041s][info][gc,stats    ]     Exception Caches                  0 us
[2026-04-03T03:39:46.743+0600][18.041s][info][gc,stats    ] Pause Final Roots (G)               282 us
[2026-04-03T03:39:46.743+0600][18.041s][info][gc,stats    ] Pause Final Roots (N)                83 us
[2026-04-03T03:39:46.743+0600][18.041s][info][gc,stats    ] 
[2026-04-03T03:39:46.743+0600][18.041s][info][gc,stats    ] Allocation pacing accrued:
[2026-04-03T03:39:46.743+0600][18.041s][info][gc,stats    ]       0 of   700 ms (  0.0%): <total>
[2026-04-03T03:39:46.743+0600][18.041s][info][gc,stats    ]       0 of   700 ms (  0.0%): <average total>
[2026-04-03T03:39:46.743+0600][18.041s][info][gc,stats    ] 
[2026-04-03T03:39:46.743+0600][18.041s][info][gc,metaspace] Metaspace: 66504K(67456K)->66504K(67456K) NonClass: 58186K(58752K)->58186K(58752K) Class: 8317K(8704K)->8317K(8704K)
[2026-04-03T03:39:46.743+0600][18.041s][info][gc,ergo     ] Pacer for Idle. Initial: 40960K, Alloc Tax Rate: 1.0x
[2026-04-03T03:39:47.262+0600][18.559s][info][gc          ] Trigger: Average GC time (341.83 ms) is above the time for average allocation rate (2026 MB/s) to deplete free headroom (692M) (margin of error = 1.80)
[2026-04-03T03:39:47.262+0600][18.560s][info][gc,ergo     ] Free headroom: 792M (free) - 100M (spike) - 0B (penalties) = 692M
[2026-04-03T03:39:47.262+0600][18.560s][info][gc,ergo     ] Free: 792M, Max: 512K regular, 766M humongous, Frag: 4% external, 0% internal; Reserve: 100M, Max: 512K
[2026-04-03T03:39:47.262+0600][18.560s][info][gc,start    ] GC(11) Concurrent reset
[2026-04-03T03:39:47.262+0600][18.560s][info][gc,task     ] GC(11) Using 3 of 6 workers for concurrent reset
[2026-04-03T03:39:47.262+0600][18.560s][info][gc,ergo     ] GC(11) Pacer for Reset. Non-Taxable: 2000M
[2026-04-03T03:39:47.263+0600][18.560s][info][gc          ] GC(11) Concurrent reset 0.615ms
[2026-04-03T03:39:47.263+0600][18.560s][info][gc,start    ] GC(11) Pause Init Mark (unload classes)
[2026-04-03T03:39:47.263+0600][18.561s][info][gc,task     ] GC(11) Using 6 of 6 workers for init marking
[2026-04-03T03:39:47.263+0600][18.561s][info][gc,ergo     ] GC(11) Pacer for Mark. Expected Live: 32577K, Free: 790M, Non-Taxable: 80964K, Alloc Tax Rate: 0.0x
[2026-04-03T03:39:47.263+0600][18.561s][info][gc          ] GC(11) Pause Init Mark (unload classes) 0.105ms
[2026-04-03T03:39:47.263+0600][18.561s][info][gc,start    ] GC(11) Concurrent marking roots
[2026-04-03T03:39:47.263+0600][18.561s][info][gc,task     ] GC(11) Using 3 of 6 workers for concurrent marking roots
[2026-04-03T03:39:47.264+0600][18.561s][info][gc          ] GC(11) Concurrent marking roots 0.572ms
[2026-04-03T03:39:47.264+0600][18.561s][info][gc,start    ] GC(11) Concurrent marking (unload classes)
[2026-04-03T03:39:47.264+0600][18.561s][info][gc,task     ] GC(11) Using 3 of 6 workers for concurrent marking
[2026-04-03T03:39:47.277+0600][18.574s][info][gc          ] GC(11) Concurrent marking (unload classes) 12.722ms
[2026-04-03T03:39:47.277+0600][18.574s][info][gc,start    ] GC(11) Pause Final Mark (unload classes)
[2026-04-03T03:39:47.277+0600][18.574s][info][gc,task     ] GC(11) Using 6 of 6 workers for final marking
[2026-04-03T03:39:47.277+0600][18.575s][info][gc,ergo     ] GC(11) Collectable Garbage: 1065M (99%), Immediate: 1065M (99%), CSet: 0B (0%)
[2026-04-03T03:39:47.277+0600][18.575s][info][gc          ] GC(11) Pause Final Mark (unload classes) 0.673ms
[2026-04-03T03:39:47.278+0600][18.575s][info][gc,start    ] GC(11) Concurrent weak references
[2026-04-03T03:39:47.278+0600][18.575s][info][gc,task     ] GC(11) Using 3 of 6 workers for concurrent weak references
[2026-04-03T03:39:47.278+0600][18.575s][info][gc,ref      ] GC(11) Encountered references: Soft: 3189, Weak: 4995, Final: 82, Phantom: 604
[2026-04-03T03:39:47.278+0600][18.575s][info][gc,ref      ] GC(11) Discovered  references: Soft: 0, Weak: 2195, Final: 8, Phantom: 217
[2026-04-03T03:39:47.278+0600][18.575s][info][gc,ref      ] GC(11) Enqueued    references: Soft: 0, Weak: 0, Final: 0, Phantom: 0
[2026-04-03T03:39:47.278+0600][18.575s][info][gc          ] GC(11) Concurrent weak references 0.474ms
[2026-04-03T03:39:47.278+0600][18.576s][info][gc,start    ] GC(11) Concurrent weak roots
[2026-04-03T03:39:47.278+0600][18.576s][info][gc,task     ] GC(11) Using 3 of 6 workers for concurrent weak root
[2026-04-03T03:39:47.280+0600][18.577s][info][gc          ] GC(11) Concurrent weak roots 1.622ms
[2026-04-03T03:39:47.280+0600][18.577s][info][gc,start    ] GC(11) Concurrent cleanup
[2026-04-03T03:39:47.280+0600][18.578s][info][gc          ] GC(11) Concurrent cleanup 1131M->67M(1136M) 0.644ms
[2026-04-03T03:39:47.280+0600][18.578s][info][gc,ergo     ] GC(11) Free: 1830M, Max: 512K regular, 787M humongous, Frag: 58% external, 0% internal; Reserve: 100M, Max: 512K
[2026-04-03T03:39:47.280+0600][18.578s][info][gc,start    ] GC(11) Concurrent class unloading
[2026-04-03T03:39:47.280+0600][18.578s][info][gc,task     ] GC(11) Using 3 of 6 workers for concurrent class unloading
[2026-04-03T03:39:47.284+0600][18.581s][info][gc          ] GC(11) Concurrent class unloading 3.365ms
[2026-04-03T03:39:47.284+0600][18.582s][info][gc,start    ] GC(11) Pause Final Roots
[2026-04-03T03:39:47.284+0600][18.582s][info][gc          ] GC(11) Pause Final Roots 0.051ms
[2026-04-03T03:39:47.284+0600][18.582s][info][gc,ergo     ] Free: 1824M, Max: 512K regular, 787M humongous, Frag: 57% external, 0% internal; Reserve: 100M, Max: 512K
[2026-04-03T03:39:47.284+0600][18.582s][info][gc,stats    ] 
[2026-04-03T03:39:47.284+0600][18.582s][info][gc,stats    ] All times are wall-clock times, except per-root-class counters, that are sum over
[2026-04-03T03:39:47.284+0600][18.582s][info][gc,stats    ] all workers. Dividing the <total> over the root stage time estimates parallelism.
[2026-04-03T03:39:47.284+0600][18.582s][info][gc,stats    ] 
[2026-04-03T03:39:47.284+0600][18.582s][info][gc,stats    ] Concurrent Reset                    644 us
[2026-04-03T03:39:47.284+0600][18.582s][info][gc,stats    ] Pause Init Mark (G)                 408 us
[2026-04-03T03:39:47.284+0600][18.582s][info][gc,stats    ] Pause Init Mark (N)                 115 us
[2026-04-03T03:39:47.284+0600][18.582s][info][gc,stats    ]   Update Region States               25 us
[2026-04-03T03:39:47.284+0600][18.582s][info][gc,stats    ] Concurrent Mark Roots               602 us, parallelism: 1.43x
[2026-04-03T03:39:47.284+0600][18.582s][info][gc,stats    ]   CMR: <total>                      862 us
[2026-04-03T03:39:47.284+0600][18.582s][info][gc,stats    ]   CMR: Thread Roots                 623 us, workers (us):  90, 291, 242, ---, ---, ---, 
[2026-04-03T03:39:47.284+0600][18.582s][info][gc,stats    ]   CMR: VM Strong Roots               20 us, workers (us):  19,   1,   1, ---, ---, ---, 
[2026-04-03T03:39:47.285+0600][18.582s][info][gc,stats    ]   CMR: CLDG Roots                   219 us, workers (us): 219, ---, ---, ---, ---, ---, 
[2026-04-03T03:39:47.285+0600][18.582s][info][gc,stats    ] Concurrent Marking                12787 us
[2026-04-03T03:39:47.285+0600][18.582s][info][gc,stats    ] Pause Final Mark (G)                955 us
[2026-04-03T03:39:47.285+0600][18.582s][info][gc,stats    ] Pause Final Mark (N)                691 us
[2026-04-03T03:39:47.285+0600][18.582s][info][gc,stats    ]   Finish Mark                       366 us
[2026-04-03T03:39:47.285+0600][18.582s][info][gc,stats    ]   Update Region States               67 us
[2026-04-03T03:39:47.285+0600][18.582s][info][gc,stats    ]   Choose Collection Set             109 us
[2026-04-03T03:39:47.285+0600][18.582s][info][gc,stats    ]   Rebuild Free Set                   32 us
[2026-04-03T03:39:47.285+0600][18.582s][info][gc,stats    ] Concurrent Weak References          485 us, parallelism: 0.62x
[2026-04-03T03:39:47.285+0600][18.582s][info][gc,stats    ]   CWRF: <total>                     303 us
[2026-04-03T03:39:47.285+0600][18.582s][info][gc,stats    ]   CWRF: Weak References             303 us, workers (us): 256,  46,   1, ---, ---, ---, 
[2026-04-03T03:39:47.285+0600][18.582s][info][gc,stats    ] Concurrent Weak Roots              1696 us
[2026-04-03T03:39:47.285+0600][18.582s][info][gc,stats    ]   Roots                            1464 us, parallelism: 2.41x
[2026-04-03T03:39:47.285+0600][18.582s][info][gc,stats    ]     CWR: <total>                   3532 us
[2026-04-03T03:39:47.285+0600][18.582s][info][gc,stats    ]     CWR: Code Cache Roots          2540 us, workers (us): 789, 878, 873, ---, ---, ---, 
[2026-04-03T03:39:47.285+0600][18.582s][info][gc,stats    ]     CWR: VM Weak Roots              960 us, workers (us): 361, 314, 285, ---, ---, ---, 
[2026-04-03T03:39:47.285+0600][18.582s][info][gc,stats    ]     CWR: CLDG Roots                  32 us, workers (us): ---,  32, ---, ---, ---, ---, 
[2026-04-03T03:39:47.285+0600][18.582s][info][gc,stats    ]   Rendezvous                        134 us
[2026-04-03T03:39:47.285+0600][18.582s][info][gc,stats    ] Concurrent Cleanup                  664 us
[2026-04-03T03:39:47.285+0600][18.582s][info][gc,stats    ] Concurrent Class Unloading         3420 us
[2026-04-03T03:39:47.285+0600][18.582s][info][gc,stats    ]   Unlink Stale                     3033 us
[2026-04-03T03:39:47.285+0600][18.582s][info][gc,stats    ]     System Dictionary                63 us
[2026-04-03T03:39:47.285+0600][18.582s][info][gc,stats    ]     Weak Class Links                  0 us
[2026-04-03T03:39:47.285+0600][18.582s][info][gc,stats    ]     Code Roots                     2966 us
[2026-04-03T03:39:47.285+0600][18.582s][info][gc,stats    ]   Rendezvous                        202 us
[2026-04-03T03:39:47.285+0600][18.582s][info][gc,stats    ]   Purge Unlinked                    103 us
[2026-04-03T03:39:47.285+0600][18.582s][info][gc,stats    ]     Code Roots                       97 us
[2026-04-03T03:39:47.285+0600][18.582s][info][gc,stats    ]     CLDG                              6 us
[2026-04-03T03:39:47.285+0600][18.582s][info][gc,stats    ]     Exception Caches                  0 us
[2026-04-03T03:39:47.285+0600][18.582s][info][gc,stats    ] Pause Final Roots (G)               353 us
[2026-04-03T03:39:47.285+0600][18.582s][info][gc,stats    ] Pause Final Roots (N)                66 us
[2026-04-03T03:39:47.285+0600][18.582s][info][gc,stats    ] 
[2026-04-03T03:39:47.285+0600][18.582s][info][gc,stats    ] Allocation pacing accrued:
[2026-04-03T03:39:47.285+0600][18.582s][info][gc,stats    ]       0 of   542 ms (  0.0%): <total>
[2026-04-03T03:39:47.285+0600][18.582s][info][gc,stats    ]       0 of   542 ms (  0.0%): <average total>
[2026-04-03T03:39:47.285+0600][18.582s][info][gc,stats    ] 
[2026-04-03T03:39:47.285+0600][18.582s][info][gc,metaspace] Metaspace: 66506K(67456K)->66506K(67456K) NonClass: 58188K(58752K)->58188K(58752K) Class: 8317K(8704K)->8317K(8704K)
[2026-04-03T03:39:47.285+0600][18.582s][info][gc,ergo     ] Pacer for Idle. Initial: 40960K, Alloc Tax Rate: 1.0x
[2026-04-03T03:39:48.019+0600][19.317s][info][gc          ] Trigger: Average GC time (245.23 ms) is above the time for average allocation rate (1636 MB/s) to deplete free headroom (400M) (margin of error = 1.80)
[2026-04-03T03:39:48.019+0600][19.317s][info][gc,ergo     ] Free headroom: 500M (free) - 100M (spike) - 0B (penalties) = 400M
[2026-04-03T03:39:48.019+0600][19.317s][info][gc,ergo     ] Free: 500M, Max: 512K regular, 500M humongous, Frag: 0% external, 0% internal; Reserve: 100M, Max: 512K
[2026-04-03T03:39:48.019+0600][19.317s][info][gc,start    ] GC(12) Concurrent reset
[2026-04-03T03:39:48.019+0600][19.317s][info][gc,task     ] GC(12) Using 3 of 6 workers for concurrent reset
[2026-04-03T03:39:48.019+0600][19.317s][info][gc,ergo     ] GC(12) Pacer for Reset. Non-Taxable: 2000M
[2026-04-03T03:39:48.020+0600][19.317s][info][gc          ] GC(12) Concurrent reset 0.585ms
[2026-04-03T03:39:48.020+0600][19.318s][info][gc,start    ] GC(12) Pause Init Mark (unload classes)
[2026-04-03T03:39:48.020+0600][19.318s][info][gc,task     ] GC(12) Using 6 of 6 workers for init marking
[2026-04-03T03:39:48.020+0600][19.318s][info][gc,ergo     ] GC(12) Pacer for Mark. Expected Live: 32581K, Free: 499M, Non-Taxable: 51165K, Alloc Tax Rate: 0.1x
[2026-04-03T03:39:48.020+0600][19.318s][info][gc          ] GC(12) Pause Init Mark (unload classes) 0.098ms
[2026-04-03T03:39:48.020+0600][19.318s][info][gc,start    ] GC(12) Concurrent marking roots
[2026-04-03T03:39:48.020+0600][19.318s][info][gc,task     ] GC(12) Using 3 of 6 workers for concurrent marking roots
[2026-04-03T03:39:48.021+0600][19.318s][info][gc          ] GC(12) Concurrent marking roots 0.527ms
[2026-04-03T03:39:48.021+0600][19.318s][info][gc,start    ] GC(12) Concurrent marking (unload classes)
[2026-04-03T03:39:48.021+0600][19.318s][info][gc,task     ] GC(12) Using 3 of 6 workers for concurrent marking
[2026-04-03T03:39:48.037+0600][19.334s][info][gc          ] GC(12) Concurrent marking (unload classes) 15.641ms
[2026-04-03T03:39:48.037+0600][19.334s][info][gc,start    ] GC(12) Pause Final Mark (unload classes)
[2026-04-03T03:39:48.037+0600][19.334s][info][gc,task     ] GC(12) Using 6 of 6 workers for final marking
[2026-04-03T03:39:48.037+0600][19.335s][info][gc,ergo     ] GC(12) Collectable Garbage: 1354M (99%), Immediate: 1354M (99%), CSet: 0B (0%)
[2026-04-03T03:39:48.037+0600][19.335s][info][gc          ] GC(12) Pause Final Mark (unload classes) 0.489ms
[2026-04-03T03:39:48.037+0600][19.335s][info][gc,start    ] GC(12) Concurrent weak references
[2026-04-03T03:39:48.037+0600][19.335s][info][gc,task     ] GC(12) Using 3 of 6 workers for concurrent weak references
[2026-04-03T03:39:48.038+0600][19.335s][info][gc,ref      ] GC(12) Encountered references: Soft: 3189, Weak: 4995, Final: 82, Phantom: 604
[2026-04-03T03:39:48.038+0600][19.335s][info][gc,ref      ] GC(12) Discovered  references: Soft: 0, Weak: 1314, Final: 0, Phantom: 217
[2026-04-03T03:39:48.038+0600][19.335s][info][gc,ref      ] GC(12) Enqueued    references: Soft: 0, Weak: 0, Final: 0, Phantom: 0
[2026-04-03T03:39:48.038+0600][19.335s][info][gc          ] GC(12) Concurrent weak references 0.225ms
[2026-04-03T03:39:48.038+0600][19.335s][info][gc,start    ] GC(12) Concurrent weak roots
[2026-04-03T03:39:48.038+0600][19.335s][info][gc,task     ] GC(12) Using 3 of 6 workers for concurrent weak root
[2026-04-03T03:39:48.039+0600][19.337s][info][gc          ] GC(12) Concurrent weak roots 1.572ms
[2026-04-03T03:39:48.039+0600][19.337s][info][gc,start    ] GC(12) Concurrent cleanup
[2026-04-03T03:39:48.040+0600][19.337s][info][gc          ] GC(12) Concurrent cleanup 1419M->65M(1423M) 0.718ms
[2026-04-03T03:39:48.040+0600][19.338s][info][gc,ergo     ] GC(12) Free: 1831M, Max: 512K regular, 478M humongous, Frag: 74% external, 0% internal; Reserve: 100M, Max: 512K
[2026-04-03T03:39:48.040+0600][19.338s][info][gc,start    ] GC(12) Concurrent class unloading
[2026-04-03T03:39:48.040+0600][19.338s][info][gc,task     ] GC(12) Using 3 of 6 workers for concurrent class unloading
[2026-04-03T03:39:48.044+0600][19.342s][info][gc          ] GC(12) Concurrent class unloading 3.966ms
[2026-04-03T03:39:48.044+0600][19.342s][info][gc,start    ] GC(12) Pause Final Roots
[2026-04-03T03:39:48.044+0600][19.342s][info][gc          ] GC(12) Pause Final Roots 0.030ms
[2026-04-03T03:39:48.044+0600][19.342s][info][gc,ergo     ] Free: 1826M, Max: 512K regular, 478M humongous, Frag: 74% external, 0% internal; Reserve: 100M, Max: 512K
[2026-04-03T03:39:48.045+0600][19.342s][info][gc,stats    ] 
[2026-04-03T03:39:48.045+0600][19.342s][info][gc,stats    ] All times are wall-clock times, except per-root-class counters, that are sum over
[2026-04-03T03:39:48.045+0600][19.342s][info][gc,stats    ] all workers. Dividing the <total> over the root stage time estimates parallelism.
[2026-04-03T03:39:48.045+0600][19.342s][info][gc,stats    ] 
[2026-04-03T03:39:48.045+0600][19.342s][info][gc,stats    ] Concurrent Reset                    639 us
[2026-04-03T03:39:48.045+0600][19.342s][info][gc,stats    ] Pause Init Mark (G)                 358 us
[2026-04-03T03:39:48.045+0600][19.342s][info][gc,stats    ] Pause Init Mark (N)                 108 us
[2026-04-03T03:39:48.045+0600][19.342s][info][gc,stats    ]   Update Region States               27 us
[2026-04-03T03:39:48.045+0600][19.342s][info][gc,stats    ] Concurrent Mark Roots               556 us, parallelism: 1.46x
[2026-04-03T03:39:48.045+0600][19.342s][info][gc,stats    ]   CMR: <total>                      814 us
[2026-04-03T03:39:48.045+0600][19.342s][info][gc,stats    ]   CMR: Thread Roots                 640 us, workers (us): 112, 265, 263, ---, ---, ---, 
[2026-04-03T03:39:48.045+0600][19.342s][info][gc,stats    ]   CMR: VM Strong Roots               17 us, workers (us):  15,   1,   1, ---, ---, ---, 
[2026-04-03T03:39:48.045+0600][19.342s][info][gc,stats    ]   CMR: CLDG Roots                   157 us, workers (us): 157, ---, ---, ---, ---, ---, 
[2026-04-03T03:39:48.045+0600][19.342s][info][gc,stats    ] Concurrent Marking                15713 us
[2026-04-03T03:39:48.045+0600][19.342s][info][gc,stats    ] Pause Final Mark (G)                754 us
[2026-04-03T03:39:48.045+0600][19.342s][info][gc,stats    ] Pause Final Mark (N)                507 us
[2026-04-03T03:39:48.045+0600][19.342s][info][gc,stats    ]   Finish Mark                       175 us
[2026-04-03T03:39:48.045+0600][19.342s][info][gc,stats    ]   Update Region States              108 us
[2026-04-03T03:39:48.045+0600][19.342s][info][gc,stats    ]   Choose Collection Set              99 us
[2026-04-03T03:39:48.045+0600][19.342s][info][gc,stats    ]   Rebuild Free Set                   34 us
[2026-04-03T03:39:48.045+0600][19.342s][info][gc,stats    ] Concurrent Weak References          236 us, parallelism: 0.63x
[2026-04-03T03:39:48.045+0600][19.342s][info][gc,stats    ]   CWRF: <total>                     150 us
[2026-04-03T03:39:48.045+0600][19.342s][info][gc,stats    ]   CWRF: Weak References             150 us, workers (us): 103,  31,  15, ---, ---, ---, 
[2026-04-03T03:39:48.045+0600][19.342s][info][gc,stats    ] Concurrent Weak Roots              1628 us
[2026-04-03T03:39:48.045+0600][19.342s][info][gc,stats    ]   Roots                            1377 us, parallelism: 2.42x
[2026-04-03T03:39:48.045+0600][19.342s][info][gc,stats    ]     CWR: <total>                   3336 us
[2026-04-03T03:39:48.045+0600][19.342s][info][gc,stats    ]     CWR: Code Cache Roots          2286 us, workers (us): 790, 744, 752, ---, ---, ---, 
[2026-04-03T03:39:48.045+0600][19.342s][info][gc,stats    ]     CWR: VM Weak Roots             1023 us, workers (us): 367, 331, 325, ---, ---, ---, 
[2026-04-03T03:39:48.045+0600][19.342s][info][gc,stats    ]     CWR: CLDG Roots                  28 us, workers (us): ---,  28, ---, ---, ---, ---, 
[2026-04-03T03:39:48.045+0600][19.342s][info][gc,stats    ]   Rendezvous                        171 us
[2026-04-03T03:39:48.045+0600][19.342s][info][gc,stats    ] Concurrent Cleanup                  738 us
[2026-04-03T03:39:48.045+0600][19.342s][info][gc,stats    ] Concurrent Class Unloading         4022 us
[2026-04-03T03:39:48.045+0600][19.342s][info][gc,stats    ]   Unlink Stale                     3600 us
[2026-04-03T03:39:48.045+0600][19.342s][info][gc,stats    ]     System Dictionary                62 us
[2026-04-03T03:39:48.045+0600][19.342s][info][gc,stats    ]     Weak Class Links                  0 us
[2026-04-03T03:39:48.045+0600][19.342s][info][gc,stats    ]     Code Roots                     3534 us
[2026-04-03T03:39:48.045+0600][19.342s][info][gc,stats    ]   Rendezvous                        186 us
[2026-04-03T03:39:48.045+0600][19.342s][info][gc,stats    ]   Purge Unlinked                    152 us
[2026-04-03T03:39:48.045+0600][19.342s][info][gc,stats    ]     Code Roots                      145 us
[2026-04-03T03:39:48.045+0600][19.342s][info][gc,stats    ]     CLDG                              6 us
[2026-04-03T03:39:48.045+0600][19.342s][info][gc,stats    ]     Exception Caches                  0 us
[2026-04-03T03:39:48.045+0600][19.342s][info][gc,stats    ] Pause Final Roots (G)               283 us
[2026-04-03T03:39:48.045+0600][19.342s][info][gc,stats    ] Pause Final Roots (N)                46 us
[2026-04-03T03:39:48.045+0600][19.342s][info][gc,stats    ] 
[2026-04-03T03:39:48.045+0600][19.342s][info][gc,stats    ] Allocation pacing accrued:
[2026-04-03T03:39:48.045+0600][19.342s][info][gc,stats    ]       0 of   760 ms (  0.0%): <total>
[2026-04-03T03:39:48.045+0600][19.342s][info][gc,stats    ]       0 of   760 ms (  0.0%): <average total>
[2026-04-03T03:39:48.045+0600][19.342s][info][gc,stats    ] 
[2026-04-03T03:39:48.045+0600][19.343s][info][gc,metaspace] Metaspace: 66506K(67456K)->66506K(67456K) NonClass: 58188K(58752K)->58188K(58752K) Class: 8317K(8704K)->8317K(8704K)
[2026-04-03T03:39:48.045+0600][19.343s][info][gc,ergo     ] Pacer for Idle. Initial: 40960K, Alloc Tax Rate: 1.0x
[2026-04-03T03:39:51.482+0600][22.780s][info][gc          ] Trigger: Free (199M) is below minimum threshold (200M)
[2026-04-03T03:39:51.482+0600][22.780s][info][gc,ergo     ] Free: 199M, Max: 512K regular, 199M humongous, Frag: 0% external, 0% internal; Reserve: 100M, Max: 512K
[2026-04-03T03:39:51.482+0600][22.780s][info][gc,start    ] GC(13) Concurrent reset
[2026-04-03T03:39:51.482+0600][22.780s][info][gc,task     ] GC(13) Using 3 of 6 workers for concurrent reset
[2026-04-03T03:39:51.482+0600][22.780s][info][gc,ergo     ] GC(13) Pacer for Reset. Non-Taxable: 2000M
[2026-04-03T03:39:51.483+0600][22.781s][info][gc          ] GC(13) Concurrent reset 0.758ms
[2026-04-03T03:39:51.485+0600][22.783s][info][gc,start    ] GC(13) Pause Init Mark (unload classes)
[2026-04-03T03:39:51.486+0600][22.783s][info][gc,task     ] GC(13) Using 6 of 6 workers for init marking
[2026-04-03T03:39:51.486+0600][22.783s][info][gc,ergo     ] GC(13) Pacer for Mark. Expected Live: 32578K, Free: 197M, Non-Taxable: 20240K, Alloc Tax Rate: 0.2x
[2026-04-03T03:39:51.486+0600][22.783s][info][gc          ] GC(13) Pause Init Mark (unload classes) 0.196ms
[2026-04-03T03:39:51.486+0600][22.783s][info][gc,start    ] GC(13) Concurrent marking roots
[2026-04-03T03:39:51.486+0600][22.783s][info][gc,task     ] GC(13) Using 3 of 6 workers for concurrent marking roots
[2026-04-03T03:39:51.487+0600][22.785s][info][gc          ] GC(13) Concurrent marking roots 1.382ms
[2026-04-03T03:39:51.487+0600][22.785s][info][gc,start    ] GC(13) Concurrent marking (unload classes)
[2026-04-03T03:39:51.487+0600][22.785s][info][gc,task     ] GC(13) Using 3 of 6 workers for concurrent marking
[2026-04-03T03:39:51.907+0600][23.204s][info][gc          ] GC(13) Concurrent marking (unload classes) 419.359ms
[2026-04-03T03:39:51.907+0600][23.204s][info][gc,start    ] GC(13) Pause Final Mark (unload classes)
[2026-04-03T03:39:51.907+0600][23.205s][info][gc,task     ] GC(13) Using 6 of 6 workers for final marking
[2026-04-03T03:39:51.908+0600][23.205s][info][gc,ergo     ] GC(13) Adaptive CSet Selection. Target Free: 283M, Actual Free: 700M, Max CSet: 85333K, Min Garbage: 0B
[2026-04-03T03:39:51.908+0600][23.206s][info][gc,ergo     ] GC(13) Collectable Garbage: 1233M (86%), Immediate: 548M (38%), CSet: 685M (47%)
[2026-04-03T03:39:51.908+0600][23.206s][info][gc,ergo     ] GC(13) Pacer for Evacuation. Used CSet: 768M, Free: 618M, Non-Taxable: 63299K, Alloc Tax Rate: 3.0x
[2026-04-03T03:39:51.908+0600][23.206s][info][gc          ] GC(13) Pause Final Mark (unload classes) 1.422ms
[2026-04-03T03:39:51.908+0600][23.206s][info][gc,start    ] GC(13) Concurrent thread roots
[2026-04-03T03:39:51.908+0600][23.206s][info][gc,task     ] GC(13) Using 3 of 6 workers for Concurrent thread roots
[2026-04-03T03:39:51.909+0600][23.207s][info][gc          ] GC(13) Concurrent thread roots 0.596ms
[2026-04-03T03:39:51.909+0600][23.207s][info][gc,start    ] GC(13) Concurrent weak references
[2026-04-03T03:39:51.909+0600][23.207s][info][gc,task     ] GC(13) Using 3 of 6 workers for concurrent weak references
[2026-04-03T03:39:51.909+0600][23.207s][info][gc,ref      ] GC(13) Encountered references: Soft: 3352, Weak: 6328, Final: 82, Phantom: 594
[2026-04-03T03:39:51.910+0600][23.207s][info][gc,ref      ] GC(13) Discovered  references: Soft: 0, Weak: 1343, Final: 0, Phantom: 591
[2026-04-03T03:39:51.910+0600][23.207s][info][gc,ref      ] GC(13) Enqueued    references: Soft: 0, Weak: 559, Final: 0, Phantom: 0
[2026-04-03T03:39:51.910+0600][23.207s][info][gc          ] GC(13) Concurrent weak references 0.509ms
[2026-04-03T03:39:51.910+0600][23.207s][info][gc,start    ] GC(13) Concurrent weak roots
[2026-04-03T03:39:51.910+0600][23.207s][info][gc,task     ] GC(13) Using 3 of 6 workers for concurrent weak root
[2026-04-03T03:39:51.911+0600][23.209s][info][gc          ] GC(13) Concurrent weak roots 1.879ms
[2026-04-03T03:39:51.912+0600][23.209s][info][gc,start    ] GC(13) Concurrent cleanup
[2026-04-03T03:39:51.912+0600][23.209s][info][gc          ] GC(13) Concurrent cleanup 1824M->1277M(1851M) 0.445ms
[2026-04-03T03:39:51.912+0600][23.210s][info][gc,ergo     ] GC(13) Free: 616M, Max: 512K regular, 113M humongous, Frag: 82% external, 0% internal; Reserve: 102029K, Max: 512K
[2026-04-03T03:39:51.912+0600][23.210s][info][gc,start    ] GC(13) Concurrent class unloading
[2026-04-03T03:39:51.912+0600][23.210s][info][gc,task     ] GC(13) Using 3 of 6 workers for concurrent class unloading
[2026-04-03T03:39:51.939+0600][23.236s][info][gc          ] GC(13) Concurrent class unloading 26.563ms
[2026-04-03T03:39:51.939+0600][23.236s][info][gc,start    ] GC(13) Concurrent strong roots
[2026-04-03T03:39:51.939+0600][23.236s][info][gc,task     ] GC(13) Using 3 of 6 workers for concurrent strong root
[2026-04-03T03:39:51.940+0600][23.237s][info][gc          ] GC(13) Concurrent strong roots 0.772ms
[2026-04-03T03:39:51.940+0600][23.237s][info][gc,start    ] GC(13) Concurrent evacuation
[2026-04-03T03:39:51.940+0600][23.237s][info][gc,task     ] GC(13) Using 3 of 6 workers for concurrent evacuation
[2026-04-03T03:39:52.039+0600][23.337s][info][gc          ] GC(13) Concurrent evacuation 99.578ms
[2026-04-03T03:39:52.039+0600][23.337s][info][gc,start    ] GC(13) Pause Init Update Refs
[2026-04-03T03:39:52.040+0600][23.337s][info][gc,ergo     ] GC(13) Pacer for Update Refs. Used: 1437M, Free: 541M, Non-Taxable: 55412K, Alloc Tax Rate: 3.2x
[2026-04-03T03:39:52.040+0600][23.337s][info][gc          ] GC(13) Pause Init Update Refs 0.124ms
[2026-04-03T03:39:52.040+0600][23.337s][info][gc,start    ] GC(13) Concurrent update references
[2026-04-03T03:39:52.040+0600][23.337s][info][gc,task     ] GC(13) Using 3 of 6 workers for concurrent reference update
[2026-04-03T03:39:52.347+0600][23.645s][info][gc          ] GC(13) Concurrent update references 307.788ms
[2026-04-03T03:39:52.348+0600][23.645s][info][gc,start    ] GC(13) Concurrent update thread roots
[2026-04-03T03:39:52.349+0600][23.646s][info][gc          ] GC(13) Concurrent update thread roots 1.293ms
[2026-04-03T03:39:52.349+0600][23.647s][info][gc,start    ] GC(13) Pause Final Update Refs
[2026-04-03T03:39:52.349+0600][23.647s][info][gc,task     ] GC(13) Using 6 of 6 workers for final reference update
[2026-04-03T03:39:52.350+0600][23.647s][info][gc          ] GC(13) Pause Final Update Refs 0.366ms
[2026-04-03T03:39:52.350+0600][23.647s][info][gc,start    ] GC(13) Concurrent cleanup
[2026-04-03T03:39:52.351+0600][23.649s][info][gc          ] GC(13) Concurrent cleanup 1603M->835M(1933M) 1.295ms
[2026-04-03T03:39:52.351+0600][23.649s][info][gc,ergo     ] Free: 1056M, Max: 512K regular, 327M humongous, Frag: 69% external, 0% internal; Reserve: 100M, Max: 512K
[2026-04-03T03:39:52.351+0600][23.649s][info][gc,stats    ] 
[2026-04-03T03:39:52.351+0600][23.649s][info][gc,stats    ] All times are wall-clock times, except per-root-class counters, that are sum over
[2026-04-03T03:39:52.351+0600][23.649s][info][gc,stats    ] all workers. Dividing the <total> over the root stage time estimates parallelism.
[2026-04-03T03:39:52.351+0600][23.649s][info][gc,stats    ] 
[2026-04-03T03:39:52.351+0600][23.649s][info][gc,stats    ] Concurrent Reset                   2683 us
[2026-04-03T03:39:52.351+0600][23.649s][info][gc,stats    ] Pause Init Mark (G)                 631 us
[2026-04-03T03:39:52.351+0600][23.649s][info][gc,stats    ] Pause Init Mark (N)                 210 us
[2026-04-03T03:39:52.351+0600][23.649s][info][gc,stats    ]   Update Region States               73 us
[2026-04-03T03:39:52.351+0600][23.649s][info][gc,stats    ] Concurrent Mark Roots              1456 us, parallelism: 1.96x
[2026-04-03T03:39:52.351+0600][23.649s][info][gc,stats    ]   CMR: <total>                     2849 us
[2026-04-03T03:39:52.351+0600][23.649s][info][gc,stats    ]   CMR: Thread Roots                1734 us, workers (us): 728, 260, 746, ---, ---, ---, 
[2026-04-03T03:39:52.351+0600][23.649s][info][gc,stats    ]   CMR: VM Strong Roots              749 us, workers (us): 275, 235, 239, ---, ---, ---, 
[2026-04-03T03:39:52.351+0600][23.649s][info][gc,stats    ]   CMR: CLDG Roots                   365 us, workers (us): ---, 365, ---, ---, ---, ---, 
[2026-04-03T03:39:52.351+0600][23.649s][info][gc,stats    ] Concurrent Marking               419436 us
[2026-04-03T03:39:52.351+0600][23.649s][info][gc,stats    ] Pause Final Mark (G)               1774 us
[2026-04-03T03:39:52.351+0600][23.649s][info][gc,stats    ] Pause Final Mark (N)               1434 us
[2026-04-03T03:39:52.351+0600][23.649s][info][gc,stats    ]   Finish Mark                       342 us
[2026-04-03T03:39:52.351+0600][23.649s][info][gc,stats    ]   Update Region States               61 us
[2026-04-03T03:39:52.351+0600][23.649s][info][gc,stats    ]   Choose Collection Set             677 us
[2026-04-03T03:39:52.351+0600][23.649s][info][gc,stats    ]   Rebuild Free Set                   52 us
[2026-04-03T03:39:52.351+0600][23.649s][info][gc,stats    ] Concurrent Thread Roots             634 us, parallelism: 1.61x
[2026-04-03T03:39:52.351+0600][23.649s][info][gc,stats    ]   CTR: <total>                     1022 us
[2026-04-03T03:39:52.352+0600][23.649s][info][gc,stats    ]   CTR: Thread Roots                1022 us, workers (us): 354, 353, 314, ---, ---, ---, 
[2026-04-03T03:39:52.352+0600][23.649s][info][gc,stats    ] Concurrent Weak References          523 us, parallelism: 0.82x
[2026-04-03T03:39:52.352+0600][23.649s][info][gc,stats    ]   CWRF: <total>                     429 us
[2026-04-03T03:39:52.352+0600][23.649s][info][gc,stats    ]   CWRF: Weak References             429 us, workers (us): 130,  97, 201, ---, ---, ---, 
[2026-04-03T03:39:52.352+0600][23.649s][info][gc,stats    ] Concurrent Weak Roots              1944 us
[2026-04-03T03:39:52.352+0600][23.649s][info][gc,stats    ]   Roots                            1644 us, parallelism: 2.44x
[2026-04-03T03:39:52.352+0600][23.649s][info][gc,stats    ]     CWR: <total>                   4009 us
[2026-04-03T03:39:52.352+0600][23.649s][info][gc,stats    ]     CWR: Code Cache Roots          2432 us, workers (us): 836, 844, 752, ---, ---, ---, 
[2026-04-03T03:39:52.352+0600][23.649s][info][gc,stats    ]     CWR: VM Weak Roots             1500 us, workers (us): 539, 490, 471, ---, ---, ---, 
[2026-04-03T03:39:52.352+0600][23.649s][info][gc,stats    ]     CWR: CLDG Roots                  77 us, workers (us): ---, ---,  77, ---, ---, ---, 
[2026-04-03T03:39:52.352+0600][23.649s][info][gc,stats    ]   Rendezvous                        204 us
[2026-04-03T03:39:52.352+0600][23.649s][info][gc,stats    ] Concurrent Cleanup                  468 us
[2026-04-03T03:39:52.352+0600][23.649s][info][gc,stats    ] Concurrent Class Unloading        26715 us
[2026-04-03T03:39:52.352+0600][23.649s][info][gc,stats    ]   Unlink Stale                    19633 us
[2026-04-03T03:39:52.352+0600][23.649s][info][gc,stats    ]     System Dictionary               317 us
[2026-04-03T03:39:52.352+0600][23.649s][info][gc,stats    ]     Weak Class Links              12209 us
[2026-04-03T03:39:52.352+0600][23.649s][info][gc,stats    ]     Code Roots                     7087 us
[2026-04-03T03:39:52.352+0600][23.649s][info][gc,stats    ]   Rendezvous                        469 us
[2026-04-03T03:39:52.352+0600][23.649s][info][gc,stats    ]   Purge Unlinked                   6424 us
[2026-04-03T03:39:52.352+0600][23.649s][info][gc,stats    ]     Code Roots                     6188 us
[2026-04-03T03:39:52.352+0600][23.649s][info][gc,stats    ]     CLDG                            234 us
[2026-04-03T03:39:52.352+0600][23.649s][info][gc,stats    ]     Exception Caches                  0 us
[2026-04-03T03:39:52.352+0600][23.649s][info][gc,stats    ] Concurrent Strong Roots             859 us, parallelism: 0.55x
[2026-04-03T03:39:52.352+0600][23.649s][info][gc,stats    ]   CSR: <total>                      469 us
[2026-04-03T03:39:52.352+0600][23.649s][info][gc,stats    ]   CSR: VM Strong Roots               31 us, workers (us):  24,   6,   0, ---, ---, ---, 
[2026-04-03T03:39:52.352+0600][23.649s][info][gc,stats    ]   CSR: CLDG Roots                   438 us, workers (us): ---, 438, ---, ---, ---, ---, 
[2026-04-03T03:39:52.352+0600][23.649s][info][gc,stats    ] Concurrent Evacuation             99680 us
[2026-04-03T03:39:52.352+0600][23.649s][info][gc,stats    ] Pause Init Update Refs (G)          356 us
[2026-04-03T03:39:52.352+0600][23.649s][info][gc,stats    ] Pause Init Update Refs (N)          139 us
[2026-04-03T03:39:52.352+0600][23.649s][info][gc,stats    ]   Manage GCLABs                      19 us
[2026-04-03T03:39:52.352+0600][23.649s][info][gc,stats    ] Concurrent Update Refs           307900 us
[2026-04-03T03:39:52.352+0600][23.649s][info][gc,stats    ] Concurrent Update Thread Roots     1376 us
[2026-04-03T03:39:52.352+0600][23.649s][info][gc,stats    ] Pause Final Update Refs (G)         818 us
[2026-04-03T03:39:52.352+0600][23.649s][info][gc,stats    ] Pause Final Update Refs (N)         406 us
[2026-04-03T03:39:52.352+0600][23.649s][info][gc,stats    ]   Update Region States              117 us
[2026-04-03T03:39:52.352+0600][23.649s][info][gc,stats    ]   Trash Collection Set               58 us
[2026-04-03T03:39:52.352+0600][23.649s][info][gc,stats    ]   Rebuild Free Set                   81 us
[2026-04-03T03:39:52.352+0600][23.649s][info][gc,stats    ] Concurrent Cleanup                 1339 us
[2026-04-03T03:39:52.352+0600][23.649s][info][gc,stats    ] Pacing                           418462 us
[2026-04-03T03:39:52.352+0600][23.649s][info][gc,stats    ] 
[2026-04-03T03:39:52.352+0600][23.649s][info][gc,stats    ] Allocation pacing accrued:
[2026-04-03T03:39:52.352+0600][23.649s][info][gc,stats    ]     143 of  4307 ms (  3.3%): Executor task launch worker for task 0.0 in stage 1.0 (TID 3)
[2026-04-03T03:39:52.352+0600][23.649s][info][gc,stats    ]     133 of  4307 ms (  3.1%): Executor task launch worker for task 2.0 in stage 1.0 (TID 5)
[2026-04-03T03:39:52.352+0600][23.649s][info][gc,stats    ]     143 of  4307 ms (  3.3%): Executor task launch worker for task 1.0 in stage 1.0 (TID 4)
[2026-04-03T03:39:52.352+0600][23.649s][info][gc,stats    ]     418 of  4307 ms (  9.7%): <total>
[2026-04-03T03:39:52.352+0600][23.649s][info][gc,stats    ]       6 of  4307 ms (  0.1%): <average total>
[2026-04-03T03:39:52.352+0600][23.649s][info][gc,stats    ]     139 of  4307 ms (  3.2%): <average non-zero>
[2026-04-03T03:39:52.352+0600][23.649s][info][gc,stats    ] 
[2026-04-03T03:39:52.352+0600][23.649s][info][gc,metaspace] Metaspace: 69341K(70208K)->69529K(70336K) NonClass: 60527K(60992K)->60676K(61120K) Class: 8813K(9216K)->8853K(9216K)
[2026-04-03T03:39:52.352+0600][23.650s][info][gc,ergo     ] Pacer for Idle. Initial: 40960K, Alloc Tax Rate: 1.0x
[2026-04-03T03:39:52.454+0600][23.751s][info][gc          ] Trigger: Average GC time (1212.66 ms) is above the time for average allocation rate (726 MB/s) to deplete free headroom (855M) (margin of error = 1.80)
[2026-04-03T03:39:52.454+0600][23.751s][info][gc,ergo     ] Free headroom: 955M (free) - 100M (spike) - 0B (penalties) = 855M
[2026-04-03T03:39:52.454+0600][23.751s][info][gc,ergo     ] Free: 955M, Max: 512K regular, 258M humongous, Frag: 73% external, 0% internal; Reserve: 100M, Max: 512K
[2026-04-03T03:39:52.454+0600][23.751s][info][gc,start    ] GC(14) Concurrent reset
[2026-04-03T03:39:52.454+0600][23.751s][info][gc,task     ] GC(14) Using 3 of 6 workers for concurrent reset
[2026-04-03T03:39:52.454+0600][23.751s][info][gc,ergo     ] GC(14) Pacer for Reset. Non-Taxable: 2000M
[2026-04-03T03:39:52.459+0600][23.756s][info][gc          ] GC(14) Concurrent reset 4.992ms
[2026-04-03T03:39:52.459+0600][23.757s][info][gc,start    ] GC(14) Pause Init Mark (unload classes)
[2026-04-03T03:39:52.459+0600][23.757s][info][gc,task     ] GC(14) Using 6 of 6 workers for init marking
[2026-04-03T03:39:52.459+0600][23.757s][info][gc,ergo     ] GC(14) Pacer for Mark. Expected Live: 76854K, Free: 951M, Non-Taxable: 97396K, Alloc Tax Rate: 0.1x
[2026-04-03T03:39:52.459+0600][23.757s][info][gc          ] GC(14) Pause Init Mark (unload classes) 0.170ms
[2026-04-03T03:39:52.459+0600][23.757s][info][gc,start    ] GC(14) Concurrent marking roots
[2026-04-03T03:39:52.459+0600][23.757s][info][gc,task     ] GC(14) Using 3 of 6 workers for concurrent marking roots
[2026-04-03T03:39:52.460+0600][23.758s][info][gc          ] GC(14) Concurrent marking roots 0.900ms
[2026-04-03T03:39:52.460+0600][23.758s][info][gc,start    ] GC(14) Concurrent marking (unload classes)
[2026-04-03T03:39:52.460+0600][23.758s][info][gc,task     ] GC(14) Using 3 of 6 workers for concurrent marking
[2026-04-03T03:39:52.935+0600][24.233s][info][gc          ] GC(14) Concurrent marking (unload classes) 475.083ms
[2026-04-03T03:39:52.936+0600][24.233s][info][gc,start    ] GC(14) Pause Final Mark (unload classes)
[2026-04-03T03:39:52.936+0600][24.233s][info][gc,task     ] GC(14) Using 6 of 6 workers for final marking
[2026-04-03T03:39:52.937+0600][24.234s][info][gc,ergo     ] GC(14) Adaptive CSet Selection. Target Free: 283M, Actual Free: 755M, Max CSet: 85333K, Min Garbage: 0B
[2026-04-03T03:39:52.937+0600][24.235s][info][gc,ergo     ] GC(14) Collectable Garbage: 580M (88%), Immediate: 8192K (1%), CSet: 572M (87%)
[2026-04-03T03:39:52.937+0600][24.235s][info][gc,ergo     ] GC(14) Pacer for Evacuation. Used CSet: 656M, Free: 658M, Non-Taxable: 67393K, Alloc Tax Rate: 2.4x
[2026-04-03T03:39:52.937+0600][24.235s][info][gc          ] GC(14) Pause Final Mark (unload classes) 1.548ms
[2026-04-03T03:39:52.938+0600][24.235s][info][gc,start    ] GC(14) Concurrent thread roots
[2026-04-03T03:39:52.938+0600][24.235s][info][gc,task     ] GC(14) Using 3 of 6 workers for Concurrent thread roots
[2026-04-03T03:39:52.938+0600][24.236s][info][gc          ] GC(14) Concurrent thread roots 0.678ms
[2026-04-03T03:39:52.938+0600][24.236s][info][gc,start    ] GC(14) Concurrent weak references
[2026-04-03T03:39:52.938+0600][24.236s][info][gc,task     ] GC(14) Using 3 of 6 workers for concurrent weak references
[2026-04-03T03:39:52.939+0600][24.236s][info][gc,ref      ] GC(14) Encountered references: Soft: 3357, Weak: 5887, Final: 82, Phantom: 594
[2026-04-03T03:39:52.939+0600][24.236s][info][gc,ref      ] GC(14) Discovered  references: Soft: 0, Weak: 644, Final: 0, Phantom: 591
[2026-04-03T03:39:52.939+0600][24.236s][info][gc,ref      ] GC(14) Enqueued    references: Soft: 0, Weak: 40, Final: 0, Phantom: 0
[2026-04-03T03:39:52.939+0600][24.236s][info][gc          ] GC(14) Concurrent weak references 0.370ms
[2026-04-03T03:39:52.939+0600][24.236s][info][gc,start    ] GC(14) Concurrent weak roots
[2026-04-03T03:39:52.939+0600][24.236s][info][gc,task     ] GC(14) Using 3 of 6 workers for concurrent weak root
[2026-04-03T03:39:52.941+0600][24.239s][info][gc          ] GC(14) Concurrent weak roots 2.564ms
[2026-04-03T03:39:52.941+0600][24.239s][info][gc,start    ] GC(14) Concurrent cleanup
[2026-04-03T03:39:52.942+0600][24.239s][info][gc          ] GC(14) Concurrent cleanup 1247M->1239M(1933M) 0.345ms
[2026-04-03T03:39:52.942+0600][24.239s][info][gc,ergo     ] GC(14) Free: 655M, Max: 512K regular, 100M humongous, Frag: 85% external, 0% internal; Reserve: 102085K, Max: 512K
[2026-04-03T03:39:52.942+0600][24.239s][info][gc,start    ] GC(14) Concurrent class unloading
[2026-04-03T03:39:52.942+0600][24.239s][info][gc,task     ] GC(14) Using 3 of 6 workers for concurrent class unloading
[2026-04-03T03:39:52.949+0600][24.246s][info][gc          ] GC(14) Concurrent class unloading 6.653ms
[2026-04-03T03:39:52.949+0600][24.246s][info][gc,start    ] GC(14) Concurrent strong roots
[2026-04-03T03:39:52.949+0600][24.246s][info][gc,task     ] GC(14) Using 3 of 6 workers for concurrent strong root
[2026-04-03T03:39:52.950+0600][24.248s][info][gc          ] GC(14) Concurrent strong roots 1.374ms
[2026-04-03T03:39:52.950+0600][24.248s][info][gc,start    ] GC(14) Concurrent evacuation
[2026-04-03T03:39:52.950+0600][24.248s][info][gc,task     ] GC(14) Using 3 of 6 workers for concurrent evacuation
[2026-04-03T03:39:53.062+0600][24.360s][info][gc          ] GC(14) Concurrent evacuation 112.023ms
[2026-04-03T03:39:53.063+0600][24.360s][info][gc,start    ] GC(14) Pause Init Update Refs
[2026-04-03T03:39:53.063+0600][24.360s][info][gc,ergo     ] GC(14) Pacer for Update Refs. Used: 1380M, Free: 598M, Non-Taxable: 61249K, Alloc Tax Rate: 2.8x
[2026-04-03T03:39:53.063+0600][24.360s][info][gc          ] GC(14) Pause Init Update Refs 0.115ms
[2026-04-03T03:39:53.063+0600][24.360s][info][gc,start    ] GC(14) Concurrent update references
[2026-04-03T03:39:53.063+0600][24.360s][info][gc,task     ] GC(14) Using 3 of 6 workers for concurrent reference update
[2026-04-03T03:39:53.448+0600][24.746s][info][gc          ] GC(14) Concurrent update references 385.265ms
[2026-04-03T03:39:53.448+0600][24.746s][info][gc,start    ] GC(14) Concurrent update thread roots
[2026-04-03T03:39:53.449+0600][24.747s][info][gc          ] GC(14) Concurrent update thread roots 0.915ms
[2026-04-03T03:39:53.450+0600][24.747s][info][gc,start    ] GC(14) Pause Final Update Refs
[2026-04-03T03:39:53.450+0600][24.747s][info][gc,task     ] GC(14) Using 6 of 6 workers for final reference update
[2026-04-03T03:39:53.450+0600][24.747s][info][gc          ] GC(14) Pause Final Update Refs 0.334ms
[2026-04-03T03:39:53.450+0600][24.747s][info][gc,start    ] GC(14) Concurrent cleanup
[2026-04-03T03:39:53.451+0600][24.749s][info][gc          ] GC(14) Concurrent cleanup 1571M->915M(2000M) 1.104ms
[2026-04-03T03:39:53.451+0600][24.749s][info][gc,ergo     ] Free: 977M, Max: 512K regular, 187M humongous, Frag: 81% external, 0% internal; Reserve: 100M, Max: 512K
[2026-04-03T03:39:53.451+0600][24.749s][info][gc,stats    ] 
[2026-04-03T03:39:53.451+0600][24.749s][info][gc,stats    ] All times are wall-clock times, except per-root-class counters, that are sum over
[2026-04-03T03:39:53.451+0600][24.749s][info][gc,stats    ] all workers. Dividing the <total> over the root stage time estimates parallelism.
[2026-04-03T03:39:53.451+0600][24.749s][info][gc,stats    ] 
[2026-04-03T03:39:53.451+0600][24.749s][info][gc,stats    ] Concurrent Reset                   5097 us
[2026-04-03T03:39:53.451+0600][24.749s][info][gc,stats    ] Pause Init Mark (G)                 534 us
[2026-04-03T03:39:53.451+0600][24.749s][info][gc,stats    ] Pause Init Mark (N)                 185 us
[2026-04-03T03:39:53.451+0600][24.749s][info][gc,stats    ]   Update Region States               60 us
[2026-04-03T03:39:53.451+0600][24.749s][info][gc,stats    ] Concurrent Mark Roots               950 us, parallelism: 1.50x
[2026-04-03T03:39:53.451+0600][24.749s][info][gc,stats    ]   CMR: <total>                     1428 us
[2026-04-03T03:39:53.451+0600][24.749s][info][gc,stats    ]   CMR: Thread Roots                 990 us, workers (us): 460,  74, 455, ---, ---, ---, 
[2026-04-03T03:39:53.451+0600][24.749s][info][gc,stats    ]   CMR: VM Strong Roots               40 us, workers (us):  26,   6,   8, ---, ---, ---, 
[2026-04-03T03:39:53.451+0600][24.749s][info][gc,stats    ]   CMR: CLDG Roots                   399 us, workers (us): ---, 399, ---, ---, ---, ---, 
[2026-04-03T03:39:53.451+0600][24.749s][info][gc,stats    ] Concurrent Marking               475214 us
[2026-04-03T03:39:53.451+0600][24.749s][info][gc,stats    ] Pause Final Mark (G)               2032 us
[2026-04-03T03:39:53.451+0600][24.749s][info][gc,stats    ] Pause Final Mark (N)               1562 us
[2026-04-03T03:39:53.451+0600][24.749s][info][gc,stats    ]   Finish Mark                       422 us
[2026-04-03T03:39:53.451+0600][24.749s][info][gc,stats    ]   Update Region States              105 us
[2026-04-03T03:39:53.451+0600][24.749s][info][gc,stats    ]   Choose Collection Set             776 us
[2026-04-03T03:39:53.451+0600][24.749s][info][gc,stats    ]   Rebuild Free Set                   73 us
[2026-04-03T03:39:53.451+0600][24.749s][info][gc,stats    ] Concurrent Thread Roots             732 us, parallelism: 1.73x
[2026-04-03T03:39:53.451+0600][24.749s][info][gc,stats    ]   CTR: <total>                     1267 us
[2026-04-03T03:39:53.451+0600][24.749s][info][gc,stats    ]   CTR: Thread Roots                1267 us, workers (us): 423, 426, 418, ---, ---, ---, 
[2026-04-03T03:39:53.452+0600][24.749s][info][gc,stats    ] Concurrent Weak References          387 us, parallelism: 0.73x
[2026-04-03T03:39:53.452+0600][24.749s][info][gc,stats    ]   CWRF: <total>                     282 us
[2026-04-03T03:39:53.452+0600][24.749s][info][gc,stats    ]   CWRF: Weak References             282 us, workers (us): 133, 146,   2, ---, ---, ---, 
[2026-04-03T03:39:53.452+0600][24.749s][info][gc,stats    ] Concurrent Weak Roots              2667 us
[2026-04-03T03:39:53.452+0600][24.749s][info][gc,stats    ]   Roots                            2280 us, parallelism: 2.46x
[2026-04-03T03:39:53.452+0600][24.749s][info][gc,stats    ]     CWR: <total>                   5600 us
[2026-04-03T03:39:53.452+0600][24.749s][info][gc,stats    ]     CWR: Code Cache Roots          3385 us, workers (us): 1163, 1165, 1057, ---, ---, ---, 
[2026-04-03T03:39:53.452+0600][24.749s][info][gc,stats    ]     CWR: VM Weak Roots             2072 us, workers (us): 738, 684, 650, ---, ---, ---, 
[2026-04-03T03:39:53.452+0600][24.749s][info][gc,stats    ]     CWR: CLDG Roots                 143 us, workers (us): ---, ---, 143, ---, ---, ---, 
[2026-04-03T03:39:53.452+0600][24.749s][info][gc,stats    ]   Rendezvous                        242 us
[2026-04-03T03:39:53.452+0600][24.749s][info][gc,stats    ] Concurrent Cleanup                  376 us
[2026-04-03T03:39:53.452+0600][24.749s][info][gc,stats    ] Concurrent Class Unloading         6808 us
[2026-04-03T03:39:53.452+0600][24.749s][info][gc,stats    ]   Unlink Stale                     5973 us
[2026-04-03T03:39:53.452+0600][24.749s][info][gc,stats    ]     System Dictionary               154 us
[2026-04-03T03:39:53.452+0600][24.749s][info][gc,stats    ]     Weak Class Links                  1 us
[2026-04-03T03:39:53.452+0600][24.749s][info][gc,stats    ]     Code Roots                     5811 us
[2026-04-03T03:39:53.452+0600][24.749s][info][gc,stats    ]   Rendezvous                        296 us
[2026-04-03T03:39:53.452+0600][24.749s][info][gc,stats    ]   Purge Unlinked                    337 us
[2026-04-03T03:39:53.452+0600][24.749s][info][gc,stats    ]     Code Roots                      322 us
[2026-04-03T03:39:53.452+0600][24.749s][info][gc,stats    ]     CLDG                             14 us
[2026-04-03T03:39:53.452+0600][24.749s][info][gc,stats    ]     Exception Caches                  0 us
[2026-04-03T03:39:53.452+0600][24.749s][info][gc,stats    ] Concurrent Strong Roots            1457 us, parallelism: 0.64x
[2026-04-03T03:39:53.452+0600][24.749s][info][gc,stats    ]   CSR: <total>                      929 us
[2026-04-03T03:39:53.452+0600][24.749s][info][gc,stats    ]   CSR: VM Strong Roots               42 us, workers (us):  16,  15,  11, ---, ---, ---, 
[2026-04-03T03:39:53.452+0600][24.749s][info][gc,stats    ]   CSR: CLDG Roots                   887 us, workers (us): ---, 887, ---, ---, ---, ---, 
[2026-04-03T03:39:53.452+0600][24.749s][info][gc,stats    ] Concurrent Evacuation            112135 us
[2026-04-03T03:39:53.452+0600][24.749s][info][gc,stats    ] Pause Init Update Refs (G)          544 us
[2026-04-03T03:39:53.452+0600][24.749s][info][gc,stats    ] Pause Init Update Refs (N)          138 us
[2026-04-03T03:39:53.452+0600][24.749s][info][gc,stats    ]   Manage GCLABs                      16 us
[2026-04-03T03:39:53.452+0600][24.749s][info][gc,stats    ] Concurrent Update Refs           385382 us
[2026-04-03T03:39:53.452+0600][24.749s][info][gc,stats    ] Concurrent Update Thread Roots     1002 us
[2026-04-03T03:39:53.452+0600][24.749s][info][gc,stats    ] Pause Final Update Refs (G)         739 us
[2026-04-03T03:39:53.452+0600][24.749s][info][gc,stats    ] Pause Final Update Refs (N)         360 us
[2026-04-03T03:39:53.452+0600][24.749s][info][gc,stats    ]   Update Region States              112 us
[2026-04-03T03:39:53.452+0600][24.749s][info][gc,stats    ]   Trash Collection Set               39 us
[2026-04-03T03:39:53.452+0600][24.749s][info][gc,stats    ]   Rebuild Free Set                   66 us
[2026-04-03T03:39:53.452+0600][24.749s][info][gc,stats    ] Concurrent Cleanup                 1145 us
[2026-04-03T03:39:53.452+0600][24.749s][info][gc,stats    ] 
[2026-04-03T03:39:53.452+0600][24.749s][info][gc,stats    ] Allocation pacing accrued:
[2026-04-03T03:39:53.452+0600][24.749s][info][gc,stats    ]       0 of  1100 ms (  0.0%): <total>
[2026-04-03T03:39:53.452+0600][24.749s][info][gc,stats    ]       0 of  1100 ms (  0.0%): <average total>
[2026-04-03T03:39:53.452+0600][24.749s][info][gc,stats    ] 
[2026-04-03T03:39:53.452+0600][24.749s][info][gc,metaspace] Metaspace: 69529K(70336K)->69529K(70336K) NonClass: 60676K(61120K)->60676K(61120K) Class: 8853K(9216K)->8853K(9216K)
[2026-04-03T03:39:53.452+0600][24.749s][info][gc,ergo     ] Pacer for Idle. Initial: 40960K, Alloc Tax Rate: 1.0x
[2026-04-03T03:39:53.453+0600][24.751s][info][gc          ] Trigger: Average GC time (1463.86 ms) is above the time for average allocation rate (650 MB/s) to deplete free headroom (877M) (margin of error = 1.82)
[2026-04-03T03:39:53.453+0600][24.751s][info][gc,ergo     ] Free headroom: 977M (free) - 100M (spike) - 0B (penalties) = 877M
[2026-04-03T03:39:53.453+0600][24.751s][info][gc,ergo     ] Free: 977M, Max: 512K regular, 187M humongous, Frag: 81% external, 0% internal; Reserve: 100M, Max: 512K
[2026-04-03T03:39:53.453+0600][24.751s][info][gc,start    ] GC(15) Concurrent reset
[2026-04-03T03:39:53.453+0600][24.751s][info][gc,task     ] GC(15) Using 3 of 6 workers for concurrent reset
[2026-04-03T03:39:53.453+0600][24.751s][info][gc,ergo     ] GC(15) Pacer for Reset. Non-Taxable: 2000M
[2026-04-03T03:39:53.457+0600][24.754s][info][gc          ] GC(15) Concurrent reset 3.772ms
[2026-04-03T03:39:53.457+0600][24.755s][info][gc,start    ] GC(15) Pause Init Mark (unload classes)
[2026-04-03T03:39:53.457+0600][24.755s][info][gc,task     ] GC(15) Using 6 of 6 workers for init marking
[2026-04-03T03:39:53.458+0600][24.755s][info][gc,ergo     ] GC(15) Pacer for Mark. Expected Live: 126M, Free: 977M, Non-Taxable: 100110K, Alloc Tax Rate: 0.2x
[2026-04-03T03:39:53.458+0600][24.755s][info][gc          ] GC(15) Pause Init Mark (unload classes) 0.247ms
[2026-04-03T03:39:53.458+0600][24.755s][info][gc,start    ] GC(15) Concurrent marking roots
[2026-04-03T03:39:53.458+0600][24.755s][info][gc,task     ] GC(15) Using 3 of 6 workers for concurrent marking roots
[2026-04-03T03:39:53.459+0600][24.756s][info][gc          ] GC(15) Concurrent marking roots 0.919ms
[2026-04-03T03:39:53.459+0600][24.756s][info][gc,start    ] GC(15) Concurrent marking (unload classes)
[2026-04-03T03:39:53.459+0600][24.756s][info][gc,task     ] GC(15) Using 3 of 6 workers for concurrent marking
[2026-04-03T03:39:53.990+0600][25.288s][info][gc          ] GC(15) Concurrent marking (unload classes) 531.679ms
[2026-04-03T03:39:53.991+0600][25.288s][info][gc,start    ] GC(15) Pause Final Mark (unload classes)
[2026-04-03T03:39:53.991+0600][25.288s][info][gc,task     ] GC(15) Using 6 of 6 workers for final marking
[2026-04-03T03:39:53.991+0600][25.289s][info][gc,ergo     ] GC(15) Adaptive CSet Selection. Target Free: 283M, Actual Free: 812M, Max CSet: 85333K, Min Garbage: 0B
[2026-04-03T03:39:53.992+0600][25.290s][info][gc,ergo     ] GC(15) Collectable Garbage: 557M (95%), Immediate: 0B (0%), CSet: 557M (95%)
[2026-04-03T03:39:53.992+0600][25.290s][info][gc,ergo     ] GC(15) Pacer for Evacuation. Used CSet: 641M, Free: 712M, Non-Taxable: 72974K, Alloc Tax Rate: 2.2x
[2026-04-03T03:39:53.992+0600][25.290s][info][gc          ] GC(15) Pause Final Mark (unload classes) 1.636ms
[2026-04-03T03:39:53.993+0600][25.290s][info][gc,start    ] GC(15) Concurrent thread roots
[2026-04-03T03:39:53.993+0600][25.290s][info][gc,task     ] GC(15) Using 3 of 6 workers for Concurrent thread roots
[2026-04-03T03:39:53.994+0600][25.291s][info][gc          ] GC(15) Concurrent thread roots 0.939ms
[2026-04-03T03:39:53.994+0600][25.291s][info][gc,start    ] GC(15) Concurrent weak references
[2026-04-03T03:39:53.994+0600][25.291s][info][gc,task     ] GC(15) Using 3 of 6 workers for concurrent weak references
[2026-04-03T03:39:53.994+0600][25.291s][info][gc,ref      ] GC(15) Encountered references: Soft: 3357, Weak: 5847, Final: 82, Phantom: 594
[2026-04-03T03:39:53.994+0600][25.292s][info][gc,ref      ] GC(15) Discovered  references: Soft: 0, Weak: 1067, Final: 0, Phantom: 591
[2026-04-03T03:39:53.994+0600][25.292s][info][gc,ref      ] GC(15) Enqueued    references: Soft: 0, Weak: 0, Final: 0, Phantom: 0
[2026-04-03T03:39:53.994+0600][25.292s][info][gc          ] GC(15) Concurrent weak references 0.473ms
[2026-04-03T03:39:53.994+0600][25.292s][info][gc,start    ] GC(15) Concurrent weak roots
[2026-04-03T03:39:53.994+0600][25.292s][info][gc,task     ] GC(15) Using 3 of 6 workers for concurrent weak root
[2026-04-03T03:39:53.997+0600][25.294s][info][gc          ] GC(15) Concurrent weak roots 2.830ms
[2026-04-03T03:39:53.997+0600][25.294s][info][gc,start    ] GC(15) Concurrent cleanup
[2026-04-03T03:39:53.997+0600][25.295s][info][gc          ] GC(15) Concurrent cleanup 1182M->1182M(2000M) 0.247ms
[2026-04-03T03:39:53.997+0600][25.295s][info][gc,ergo     ] GC(15) Free: 711M, Max: 512K regular, 187M humongous, Frag: 74% external, 0% internal; Reserve: 101517K, Max: 512K
[2026-04-03T03:39:53.997+0600][25.295s][info][gc,start    ] GC(15) Concurrent class unloading
[2026-04-03T03:39:53.997+0600][25.295s][info][gc,task     ] GC(15) Using 3 of 6 workers for concurrent class unloading
[2026-04-03T03:39:54.002+0600][25.300s][info][gc          ] GC(15) Concurrent class unloading 4.708ms
[2026-04-03T03:39:54.002+0600][25.300s][info][gc,start    ] GC(15) Concurrent strong roots
[2026-04-03T03:39:54.002+0600][25.300s][info][gc,task     ] GC(15) Using 3 of 6 workers for concurrent strong root
[2026-04-03T03:39:54.003+0600][25.300s][info][gc          ] GC(15) Concurrent strong roots 0.868ms
[2026-04-03T03:39:54.003+0600][25.301s][info][gc,start    ] GC(15) Concurrent evacuation
[2026-04-03T03:39:54.003+0600][25.301s][info][gc,task     ] GC(15) Using 3 of 6 workers for concurrent evacuation
[2026-04-03T03:39:54.076+0600][25.373s][info][gc          ] GC(15) Concurrent evacuation 72.611ms
[2026-04-03T03:39:54.076+0600][25.374s][info][gc,start    ] GC(15) Pause Init Update Refs
[2026-04-03T03:39:54.076+0600][25.374s][info][gc,ergo     ] GC(15) Pacer for Update Refs. Used: 1266M, Free: 711M, Non-Taxable: 72820K, Alloc Tax Rate: 2.2x
[2026-04-03T03:39:54.076+0600][25.374s][info][gc          ] GC(15) Pause Init Update Refs 0.130ms
[2026-04-03T03:39:54.076+0600][25.374s][info][gc,start    ] GC(15) Concurrent update references
[2026-04-03T03:39:54.076+0600][25.374s][info][gc,task     ] GC(15) Using 3 of 6 workers for concurrent reference update
[2026-04-03T03:39:54.409+0600][25.706s][info][gc          ] GC(15) Concurrent update references 332.557ms
[2026-04-03T03:39:54.409+0600][25.706s][info][gc,start    ] GC(15) Concurrent update thread roots
[2026-04-03T03:39:54.410+0600][25.707s][info][gc          ] GC(15) Concurrent update thread roots 0.679ms
[2026-04-03T03:39:54.410+0600][25.707s][info][gc,start    ] GC(15) Pause Final Update Refs
[2026-04-03T03:39:54.410+0600][25.708s][info][gc,task     ] GC(15) Using 6 of 6 workers for final reference update
[2026-04-03T03:39:54.410+0600][25.708s][info][gc          ] GC(15) Pause Final Update Refs 0.291ms
[2026-04-03T03:39:54.410+0600][25.708s][info][gc,start    ] GC(15) Concurrent cleanup
[2026-04-03T03:39:54.411+0600][25.708s][info][gc          ] GC(15) Concurrent cleanup 1266M->625M(2000M) 0.463ms
[2026-04-03T03:39:54.411+0600][25.708s][info][gc,ergo     ] Free: 1267M, Max: 512K regular, 685M humongous, Frag: 46% external, 0% internal; Reserve: 100M, Max: 512K
[2026-04-03T03:39:54.411+0600][25.708s][info][gc,stats    ] 
[2026-04-03T03:39:54.411+0600][25.708s][info][gc,stats    ] All times are wall-clock times, except per-root-class counters, that are sum over
[2026-04-03T03:39:54.411+0600][25.709s][info][gc,stats    ] all workers. Dividing the <total> over the root stage time estimates parallelism.
[2026-04-03T03:39:54.411+0600][25.709s][info][gc,stats    ] 
[2026-04-03T03:39:54.411+0600][25.709s][info][gc,stats    ] Concurrent Reset                   3824 us
[2026-04-03T03:39:54.411+0600][25.709s][info][gc,stats    ] Pause Init Mark (G)                 698 us
[2026-04-03T03:39:54.411+0600][25.709s][info][gc,stats    ] Pause Init Mark (N)                 262 us
[2026-04-03T03:39:54.411+0600][25.709s][info][gc,stats    ]   Update Region States               90 us
[2026-04-03T03:39:54.411+0600][25.709s][info][gc,stats    ] Concurrent Mark Roots               975 us, parallelism: 1.47x
[2026-04-03T03:39:54.411+0600][25.709s][info][gc,stats    ]   CMR: <total>                     1435 us
[2026-04-03T03:39:54.411+0600][25.709s][info][gc,stats    ]   CMR: Thread Roots                1146 us, workers (us): 236, 465, 445, ---, ---, ---, 
[2026-04-03T03:39:54.411+0600][25.709s][info][gc,stats    ]   CMR: VM Strong Roots               26 us, workers (us):  24,   2,   1, ---, ---, ---, 
[2026-04-03T03:39:54.411+0600][25.709s][info][gc,stats    ]   CMR: CLDG Roots                   262 us, workers (us): 262, ---, ---, ---, ---, ---, 
[2026-04-03T03:39:54.411+0600][25.709s][info][gc,stats    ] Concurrent Marking               531777 us
[2026-04-03T03:39:54.411+0600][25.709s][info][gc,stats    ] Pause Final Mark (G)               2091 us
[2026-04-03T03:39:54.411+0600][25.709s][info][gc,stats    ] Pause Final Mark (N)               1652 us
[2026-04-03T03:39:54.411+0600][25.709s][info][gc,stats    ]   Finish Mark                       368 us
[2026-04-03T03:39:54.411+0600][25.709s][info][gc,stats    ]   Update Region States               93 us
[2026-04-03T03:39:54.411+0600][25.709s][info][gc,stats    ]   Choose Collection Set             903 us
[2026-04-03T03:39:54.411+0600][25.709s][info][gc,stats    ]   Rebuild Free Set                  109 us
[2026-04-03T03:39:54.411+0600][25.709s][info][gc,stats    ] Concurrent Thread Roots             994 us, parallelism: 1.68x
[2026-04-03T03:39:54.411+0600][25.709s][info][gc,stats    ]   CTR: <total>                     1669 us
[2026-04-03T03:39:54.411+0600][25.709s][info][gc,stats    ]   CTR: Thread Roots                1669 us, workers (us): 689, 507, 474, ---, ---, ---, 
[2026-04-03T03:39:54.411+0600][25.709s][info][gc,stats    ] Concurrent Weak References          488 us, parallelism: 0.63x
[2026-04-03T03:39:54.411+0600][25.709s][info][gc,stats    ]   CWRF: <total>                     309 us
[2026-04-03T03:39:54.411+0600][25.709s][info][gc,stats    ]   CWRF: Weak References             309 us, workers (us): 220,  87,   2, ---, ---, ---, 
[2026-04-03T03:39:54.411+0600][25.709s][info][gc,stats    ] Concurrent Weak Roots              2896 us
[2026-04-03T03:39:54.411+0600][25.709s][info][gc,stats    ]   Roots                            2436 us, parallelism: 2.43x
[2026-04-03T03:39:54.411+0600][25.709s][info][gc,stats    ]     CWR: <total>                   5917 us
[2026-04-03T03:39:54.411+0600][25.709s][info][gc,stats    ]     CWR: Code Cache Roots          2616 us, workers (us): 863, 959, 794, ---, ---, ---, 
[2026-04-03T03:39:54.411+0600][25.709s][info][gc,stats    ]     CWR: VM Weak Roots             3226 us, workers (us): 1082, 1082, 1062, ---, ---, ---, 
[2026-04-03T03:39:54.411+0600][25.709s][info][gc,stats    ]     CWR: CLDG Roots                  75 us, workers (us): ---, ---,  75, ---, ---, ---, 
[2026-04-03T03:39:54.411+0600][25.709s][info][gc,stats    ]   Rendezvous                        358 us
[2026-04-03T03:39:54.411+0600][25.709s][info][gc,stats    ] Concurrent Cleanup                  269 us
[2026-04-03T03:39:54.411+0600][25.709s][info][gc,stats    ] Concurrent Class Unloading         4797 us
[2026-04-03T03:39:54.411+0600][25.709s][info][gc,stats    ]   Unlink Stale                     4300 us
[2026-04-03T03:39:54.411+0600][25.709s][info][gc,stats    ]     System Dictionary                97 us
[2026-04-03T03:39:54.411+0600][25.709s][info][gc,stats    ]     Weak Class Links                  0 us
[2026-04-03T03:39:54.411+0600][25.709s][info][gc,stats    ]     Code Roots                     4197 us
[2026-04-03T03:39:54.411+0600][25.709s][info][gc,stats    ]   Rendezvous                        346 us
[2026-04-03T03:39:54.411+0600][25.709s][info][gc,stats    ]   Purge Unlinked                     24 us
[2026-04-03T03:39:54.411+0600][25.709s][info][gc,stats    ]     Code Roots                       12 us
[2026-04-03T03:39:54.411+0600][25.709s][info][gc,stats    ]     CLDG                             11 us
[2026-04-03T03:39:54.411+0600][25.709s][info][gc,stats    ]     Exception Caches                  0 us
[2026-04-03T03:39:54.411+0600][25.709s][info][gc,stats    ] Concurrent Strong Roots             932 us, parallelism: 0.56x
[2026-04-03T03:39:54.412+0600][25.709s][info][gc,stats    ]   CSR: <total>                      521 us
[2026-04-03T03:39:54.412+0600][25.709s][info][gc,stats    ]   CSR: VM Strong Roots               29 us, workers (us):  15,  13,   1, ---, ---, ---, 
[2026-04-03T03:39:54.412+0600][25.709s][info][gc,stats    ]   CSR: CLDG Roots                   492 us, workers (us): ---, 492, ---, ---, ---, ---, 
[2026-04-03T03:39:54.412+0600][25.709s][info][gc,stats    ] Concurrent Evacuation             72740 us
[2026-04-03T03:39:54.412+0600][25.709s][info][gc,stats    ] Pause Init Update Refs (G)          542 us
[2026-04-03T03:39:54.412+0600][25.709s][info][gc,stats    ] Pause Init Update Refs (N)          141 us
[2026-04-03T03:39:54.412+0600][25.709s][info][gc,stats    ]   Manage GCLABs                      26 us
[2026-04-03T03:39:54.412+0600][25.709s][info][gc,stats    ] Concurrent Update Refs           332654 us
[2026-04-03T03:39:54.412+0600][25.709s][info][gc,stats    ] Concurrent Update Thread Roots      751 us
[2026-04-03T03:39:54.412+0600][25.709s][info][gc,stats    ] Pause Final Update Refs (G)         580 us
[2026-04-03T03:39:54.412+0600][25.709s][info][gc,stats    ] Pause Final Update Refs (N)         309 us
[2026-04-03T03:39:54.412+0600][25.709s][info][gc,stats    ]   Update Region States               77 us
[2026-04-03T03:39:54.412+0600][25.709s][info][gc,stats    ]   Trash Collection Set               28 us
[2026-04-03T03:39:54.412+0600][25.709s][info][gc,stats    ]   Rebuild Free Set                   60 us
[2026-04-03T03:39:54.412+0600][25.709s][info][gc,stats    ] Concurrent Cleanup                  538 us
[2026-04-03T03:39:54.412+0600][25.709s][info][gc,stats    ] 
[2026-04-03T03:39:54.412+0600][25.709s][info][gc,stats    ] Allocation pacing accrued:
[2026-04-03T03:39:54.412+0600][25.709s][info][gc,stats    ]       0 of   960 ms (  0.0%): <total>
[2026-04-03T03:39:54.412+0600][25.709s][info][gc,stats    ]       0 of   960 ms (  0.0%): <average total>
[2026-04-03T03:39:54.412+0600][25.709s][info][gc,stats    ] 
[2026-04-03T03:39:54.412+0600][25.709s][info][gc,metaspace] Metaspace: 69529K(70336K)->69592K(70400K) NonClass: 60676K(61120K)->60735K(61184K) Class: 8853K(9216K)->8857K(9216K)
[2026-04-03T03:39:54.412+0600][25.709s][info][gc,ergo     ] Pacer for Idle. Initial: 40960K, Alloc Tax Rate: 1.0x
[2026-04-03T03:39:56.022+0600][27.319s][info][gc          ] Trigger: Average GC time (1409.30 ms) is above the time for average allocation rate (627 MB/s) to deplete free headroom (870M) (margin of error = 1.83)
[2026-04-03T03:39:56.022+0600][27.319s][info][gc,ergo     ] Free headroom: 970M (free) - 100M (spike) - 0B (penalties) = 870M
[2026-04-03T03:39:56.022+0600][27.319s][info][gc,ergo     ] Free: 970M, Max: 512K regular, 389M humongous, Frag: 60% external, 0% internal; Reserve: 100M, Max: 512K
[2026-04-03T03:39:56.022+0600][27.319s][info][gc,start    ] GC(16) Concurrent reset
[2026-04-03T03:39:56.022+0600][27.320s][info][gc,task     ] GC(16) Using 3 of 6 workers for concurrent reset
[2026-04-03T03:39:56.022+0600][27.320s][info][gc,ergo     ] GC(16) Pacer for Reset. Non-Taxable: 2000M
[2026-04-03T03:39:56.025+0600][27.322s][info][gc          ] GC(16) Concurrent reset 2.671ms
[2026-04-03T03:39:56.025+0600][27.323s][info][gc,start    ] GC(16) Pause Init Mark (unload classes)
[2026-04-03T03:39:56.025+0600][27.323s][info][gc,task     ] GC(16) Using 6 of 6 workers for init marking
[2026-04-03T03:39:56.025+0600][27.323s][info][gc,ergo     ] GC(16) Pacer for Mark. Expected Live: 186M, Free: 969M, Non-Taxable: 99291K, Alloc Tax Rate: 0.2x
[2026-04-03T03:39:56.025+0600][27.323s][info][gc          ] GC(16) Pause Init Mark (unload classes) 0.119ms
[2026-04-03T03:39:56.025+0600][27.323s][info][gc,start    ] GC(16) Concurrent marking roots
[2026-04-03T03:39:56.025+0600][27.323s][info][gc,task     ] GC(16) Using 3 of 6 workers for concurrent marking roots
[2026-04-03T03:39:56.027+0600][27.324s][info][gc          ] GC(16) Concurrent marking roots 1.298ms
[2026-04-03T03:39:56.027+0600][27.324s][info][gc,start    ] GC(16) Concurrent marking (unload classes)
[2026-04-03T03:39:56.027+0600][27.324s][info][gc,task     ] GC(16) Using 3 of 6 workers for concurrent marking
[2026-04-03T03:39:56.356+0600][27.653s][info][gc          ] GC(16) Concurrent marking (unload classes) 329.143ms
[2026-04-03T03:39:56.356+0600][27.654s][info][gc,start    ] GC(16) Pause Final Mark (unload classes)
[2026-04-03T03:39:56.356+0600][27.654s][info][gc,task     ] GC(16) Using 6 of 6 workers for final marking
[2026-04-03T03:39:56.357+0600][27.654s][info][gc,ergo     ] GC(16) Adaptive CSet Selection. Target Free: 283M, Actual Free: 1401M, Max CSet: 85333K, Min Garbage: 0B
[2026-04-03T03:39:56.357+0600][27.655s][info][gc,ergo     ] GC(16) Collectable Garbage: 707M (99%), Immediate: 504M (71%), CSet: 202M (28%)
[2026-04-03T03:39:56.357+0600][27.655s][info][gc,ergo     ] GC(16) Pacer for Evacuation. Used CSet: 254M, Free: 1318M, Non-Taxable: 131M, Alloc Tax Rate: 1.1x
[2026-04-03T03:39:56.357+0600][27.655s][info][gc          ] GC(16) Pause Final Mark (unload classes) 1.167ms
[2026-04-03T03:39:56.357+0600][27.655s][info][gc,start    ] GC(16) Concurrent thread roots
[2026-04-03T03:39:56.358+0600][27.655s][info][gc,task     ] GC(16) Using 3 of 6 workers for Concurrent thread roots
[2026-04-03T03:39:56.358+0600][27.656s][info][gc          ] GC(16) Concurrent thread roots 0.843ms
[2026-04-03T03:39:56.358+0600][27.656s][info][gc,start    ] GC(16) Concurrent weak references
[2026-04-03T03:39:56.358+0600][27.656s][info][gc,task     ] GC(16) Using 3 of 6 workers for concurrent weak references
[2026-04-03T03:39:56.359+0600][27.657s][info][gc,ref      ] GC(16) Encountered references: Soft: 3365, Weak: 6104, Final: 82, Phantom: 594
[2026-04-03T03:39:56.359+0600][27.657s][info][gc,ref      ] GC(16) Discovered  references: Soft: 0, Weak: 2761, Final: 80, Phantom: 591
[2026-04-03T03:39:56.359+0600][27.657s][info][gc,ref      ] GC(16) Enqueued    references: Soft: 0, Weak: 175, Final: 0, Phantom: 0
[2026-04-03T03:39:56.359+0600][27.657s][info][gc          ] GC(16) Concurrent weak references 1.056ms
[2026-04-03T03:39:56.359+0600][27.657s][info][gc,start    ] GC(16) Concurrent weak roots
[2026-04-03T03:39:56.359+0600][27.657s][info][gc,task     ] GC(16) Using 3 of 6 workers for concurrent weak root
[2026-04-03T03:39:56.362+0600][27.660s][info][gc          ] GC(16) Concurrent weak roots 2.926ms
[2026-04-03T03:39:56.362+0600][27.660s][info][gc,start    ] GC(16) Concurrent cleanup
[2026-04-03T03:39:56.363+0600][27.661s][info][gc          ] GC(16) Concurrent cleanup 1080M->577M(2000M) 0.667ms
[2026-04-03T03:39:56.363+0600][27.661s][info][gc,ergo     ] GC(16) Free: 1314M, Max: 512K regular, 458M humongous, Frag: 66% external, 0% internal; Reserve: 101369K, Max: 512K
[2026-04-03T03:39:56.363+0600][27.661s][info][gc,start    ] GC(16) Concurrent class unloading
[2026-04-03T03:39:56.363+0600][27.661s][info][gc,task     ] GC(16) Using 3 of 6 workers for concurrent class unloading
[2026-04-03T03:39:56.374+0600][27.672s][info][gc          ] GC(16) Concurrent class unloading 10.725ms
[2026-04-03T03:39:56.374+0600][27.672s][info][gc,start    ] GC(16) Concurrent strong roots
[2026-04-03T03:39:56.374+0600][27.672s][info][gc,task     ] GC(16) Using 3 of 6 workers for concurrent strong root
[2026-04-03T03:39:56.375+0600][27.673s][info][gc          ] GC(16) Concurrent strong roots 1.353ms
[2026-04-03T03:39:56.376+0600][27.673s][info][gc,start    ] GC(16) Concurrent evacuation
[2026-04-03T03:39:56.376+0600][27.673s][info][gc,task     ] GC(16) Using 3 of 6 workers for concurrent evacuation
[2026-04-03T03:39:56.429+0600][27.726s][info][gc          ] GC(16) Concurrent evacuation 53.317ms
[2026-04-03T03:39:56.429+0600][27.727s][info][gc,start    ] GC(16) Pause Init Update Refs
[2026-04-03T03:39:56.429+0600][27.727s][info][gc,ergo     ] GC(16) Pacer for Update Refs. Used: 654M, Free: 1289M, Non-Taxable: 128M, Alloc Tax Rate: 1.1x
[2026-04-03T03:39:56.429+0600][27.727s][info][gc          ] GC(16) Pause Init Update Refs 0.158ms
[2026-04-03T03:39:56.430+0600][27.727s][info][gc,start    ] GC(16) Concurrent update references
[2026-04-03T03:39:56.430+0600][27.727s][info][gc,task     ] GC(16) Using 3 of 6 workers for concurrent reference update
[2026-04-03T03:39:56.700+0600][27.997s][info][gc          ] GC(16) Concurrent update references 269.906ms
[2026-04-03T03:39:56.700+0600][27.997s][info][gc,start    ] GC(16) Concurrent update thread roots
[2026-04-03T03:39:56.700+0600][27.998s][info][gc          ] GC(16) Concurrent update thread roots 0.859ms
[2026-04-03T03:39:56.703+0600][28.000s][info][gc,start    ] GC(16) Pause Final Update Refs
[2026-04-03T03:39:56.703+0600][28.000s][info][gc,task     ] GC(16) Using 6 of 6 workers for final reference update
[2026-04-03T03:39:56.703+0600][28.000s][info][gc          ] GC(16) Pause Final Update Refs 0.334ms
[2026-04-03T03:39:56.703+0600][28.001s][info][gc,start    ] GC(16) Concurrent cleanup
[2026-04-03T03:39:56.704+0600][28.002s][info][gc          ] GC(16) Concurrent cleanup 859M->605M(2000M) 0.919ms
[2026-04-03T03:39:56.704+0600][28.002s][info][gc,ergo     ] Free: 1280M, Max: 512K regular, 476M humongous, Frag: 63% external, 0% internal; Reserve: 100M, Max: 512K
[2026-04-03T03:39:56.704+0600][28.002s][info][gc,stats    ] 
[2026-04-03T03:39:56.704+0600][28.002s][info][gc,stats    ] All times are wall-clock times, except per-root-class counters, that are sum over
[2026-04-03T03:39:56.704+0600][28.002s][info][gc,stats    ] all workers. Dividing the <total> over the root stage time estimates parallelism.
[2026-04-03T03:39:56.704+0600][28.002s][info][gc,stats    ] 
[2026-04-03T03:39:56.704+0600][28.002s][info][gc,stats    ] Concurrent Reset                   2777 us
[2026-04-03T03:39:56.704+0600][28.002s][info][gc,stats    ] Pause Init Mark (G)                 502 us
[2026-04-03T03:39:56.704+0600][28.002s][info][gc,stats    ] Pause Init Mark (N)                 128 us
[2026-04-03T03:39:56.704+0600][28.002s][info][gc,stats    ]   Update Region States               39 us
[2026-04-03T03:39:56.704+0600][28.002s][info][gc,stats    ] Concurrent Mark Roots              1348 us, parallelism: 1.95x
[2026-04-03T03:39:56.704+0600][28.002s][info][gc,stats    ]   CMR: <total>                     2627 us
[2026-04-03T03:39:56.704+0600][28.002s][info][gc,stats    ]   CMR: Thread Roots                2272 us, workers (us): 897, 572, 803, ---, ---, ---, 
[2026-04-03T03:39:56.704+0600][28.002s][info][gc,stats    ]   CMR: VM Strong Roots               32 us, workers (us):  19,  12,   1, ---, ---, ---, 
[2026-04-03T03:39:56.704+0600][28.002s][info][gc,stats    ]   CMR: CLDG Roots                   323 us, workers (us): ---, 323, ---, ---, ---, ---, 
[2026-04-03T03:39:56.704+0600][28.002s][info][gc,stats    ] Concurrent Marking               329258 us
[2026-04-03T03:39:56.704+0600][28.002s][info][gc,stats    ] Pause Final Mark (G)               1551 us
[2026-04-03T03:39:56.704+0600][28.002s][info][gc,stats    ] Pause Final Mark (N)               1185 us
[2026-04-03T03:39:56.704+0600][28.002s][info][gc,stats    ]   Finish Mark                       317 us
[2026-04-03T03:39:56.704+0600][28.002s][info][gc,stats    ]   Update Region States              130 us
[2026-04-03T03:39:56.704+0600][28.002s][info][gc,stats    ]   Choose Collection Set             443 us
[2026-04-03T03:39:56.704+0600][28.002s][info][gc,stats    ]   Rebuild Free Set                   68 us
[2026-04-03T03:39:56.704+0600][28.002s][info][gc,stats    ] Concurrent Thread Roots             896 us, parallelism: 1.99x
[2026-04-03T03:39:56.704+0600][28.002s][info][gc,stats    ]   CTR: <total>                     1785 us
[2026-04-03T03:39:56.704+0600][28.002s][info][gc,stats    ]   CTR: Thread Roots                1785 us, workers (us): 605, 607, 572, ---, ---, ---, 
[2026-04-03T03:39:56.704+0600][28.002s][info][gc,stats    ] Concurrent Weak References         1077 us, parallelism: 1.08x
[2026-04-03T03:39:56.704+0600][28.002s][info][gc,stats    ]   CWRF: <total>                    1168 us
[2026-04-03T03:39:56.704+0600][28.002s][info][gc,stats    ]   CWRF: Weak References            1168 us, workers (us): 412, 754,   1, ---, ---, ---, 
[2026-04-03T03:39:56.704+0600][28.002s][info][gc,stats    ] Concurrent Weak Roots              3033 us
[2026-04-03T03:39:56.704+0600][28.002s][info][gc,stats    ]   Roots                            2648 us, parallelism: 2.49x
[2026-04-03T03:39:56.704+0600][28.002s][info][gc,stats    ]     CWR: <total>                   6592 us
[2026-04-03T03:39:56.704+0600][28.002s][info][gc,stats    ]     CWR: Code Cache Roots          4311 us, workers (us): 1431, 1444, 1436, ---, ---, ---, 
[2026-04-03T03:39:56.704+0600][28.002s][info][gc,stats    ]     CWR: VM Weak Roots             2158 us, workers (us): 750, 731, 677, ---, ---, ---, 
[2026-04-03T03:39:56.704+0600][28.002s][info][gc,stats    ]     CWR: CLDG Roots                 122 us, workers (us): 122, ---, ---, ---, ---, ---, 
[2026-04-03T03:39:56.704+0600][28.002s][info][gc,stats    ]   Rendezvous                        234 us
[2026-04-03T03:39:56.704+0600][28.002s][info][gc,stats    ] Concurrent Cleanup                  706 us
[2026-04-03T03:39:56.704+0600][28.002s][info][gc,stats    ] Concurrent Class Unloading        10848 us
[2026-04-03T03:39:56.704+0600][28.002s][info][gc,stats    ]   Unlink Stale                     7718 us
[2026-04-03T03:39:56.704+0600][28.002s][info][gc,stats    ]     System Dictionary               152 us
[2026-04-03T03:39:56.704+0600][28.002s][info][gc,stats    ]     Weak Class Links                  1 us
[2026-04-03T03:39:56.704+0600][28.002s][info][gc,stats    ]     Code Roots                     7559 us
[2026-04-03T03:39:56.705+0600][28.002s][info][gc,stats    ]   Rendezvous                        234 us
[2026-04-03T03:39:56.705+0600][28.002s][info][gc,stats    ]   Purge Unlinked                   2680 us
[2026-04-03T03:39:56.705+0600][28.002s][info][gc,stats    ]     Code Roots                     2644 us
[2026-04-03T03:39:56.705+0600][28.002s][info][gc,stats    ]     CLDG                             35 us
[2026-04-03T03:39:56.705+0600][28.002s][info][gc,stats    ]     Exception Caches                  1 us
[2026-04-03T03:39:56.705+0600][28.002s][info][gc,stats    ] Concurrent Strong Roots            1421 us, parallelism: 0.69x
[2026-04-03T03:39:56.705+0600][28.002s][info][gc,stats    ]   CSR: <total>                      986 us
[2026-04-03T03:39:56.705+0600][28.002s][info][gc,stats    ]   CSR: VM Strong Roots               57 us, workers (us):  35,  21,   1, ---, ---, ---, 
[2026-04-03T03:39:56.705+0600][28.002s][info][gc,stats    ]   CSR: CLDG Roots                   929 us, workers (us): 929, ---, ---, ---, ---, ---, 
[2026-04-03T03:39:56.705+0600][28.002s][info][gc,stats    ] Concurrent Evacuation             53434 us
[2026-04-03T03:39:56.705+0600][28.002s][info][gc,stats    ] Pause Init Update Refs (G)          582 us
[2026-04-03T03:39:56.705+0600][28.002s][info][gc,stats    ] Pause Init Update Refs (N)          174 us
[2026-04-03T03:39:56.705+0600][28.002s][info][gc,stats    ]   Manage GCLABs                      26 us
[2026-04-03T03:39:56.705+0600][28.002s][info][gc,stats    ] Concurrent Update Refs           270019 us
[2026-04-03T03:39:56.705+0600][28.002s][info][gc,stats    ] Concurrent Update Thread Roots     2858 us
[2026-04-03T03:39:56.705+0600][28.002s][info][gc,stats    ] Pause Final Update Refs (G)         645 us
[2026-04-03T03:39:56.705+0600][28.002s][info][gc,stats    ] Pause Final Update Refs (N)         360 us
[2026-04-03T03:39:56.705+0600][28.002s][info][gc,stats    ]   Update Region States              150 us
[2026-04-03T03:39:56.705+0600][28.002s][info][gc,stats    ]   Trash Collection Set               24 us
[2026-04-03T03:39:56.705+0600][28.002s][info][gc,stats    ]   Rebuild Free Set                   56 us
[2026-04-03T03:39:56.705+0600][28.002s][info][gc,stats    ] Concurrent Cleanup                  964 us
[2026-04-03T03:39:56.705+0600][28.002s][info][gc,stats    ] 
[2026-04-03T03:39:56.705+0600][28.002s][info][gc,stats    ] Allocation pacing accrued:
[2026-04-03T03:39:56.705+0600][28.002s][info][gc,stats    ]       0 of  2293 ms (  0.0%): <total>
[2026-04-03T03:39:56.705+0600][28.002s][info][gc,stats    ]       0 of  2293 ms (  0.0%): <average total>
[2026-04-03T03:39:56.705+0600][28.002s][info][gc,stats    ] 
[2026-04-03T03:39:56.705+0600][28.002s][info][gc,metaspace] Metaspace: 69766K(70528K)->69781K(70528K) NonClass: 60883K(61312K)->60898K(61312K) Class: 8883K(9216K)->8883K(9216K)
[2026-04-03T03:39:56.705+0600][28.002s][info][gc,ergo     ] Pacer for Idle. Initial: 40960K, Alloc Tax Rate: 1.0x
[2026-04-03T03:39:56.817+0600][28.115s][info][gc          ] Trigger: Average GC time (1190.67 ms) is above the time for average allocation rate (885 MB/s) to deplete free headroom (1053M) (margin of error = 1.84)
[2026-04-03T03:39:56.817+0600][28.115s][info][gc,ergo     ] Free headroom: 1153M (free) - 100M (spike) - 0B (penalties) = 1053M
[2026-04-03T03:39:56.817+0600][28.115s][info][gc,ergo     ] Free: 1153M, Max: 512K regular, 476M humongous, Frag: 59% external, 0% internal; Reserve: 100M, Max: 512K
[2026-04-03T03:39:56.817+0600][28.115s][info][gc,start    ] GC(17) Concurrent reset
[2026-04-03T03:39:56.817+0600][28.115s][info][gc,task     ] GC(17) Using 3 of 6 workers for concurrent reset
[2026-04-03T03:39:56.817+0600][28.115s][info][gc,ergo     ] GC(17) Pacer for Reset. Non-Taxable: 2000M
[2026-04-03T03:39:56.819+0600][28.117s][info][gc          ] GC(17) Concurrent reset 2.126ms
[2026-04-03T03:39:56.820+0600][28.117s][info][gc,start    ] GC(17) Pause Init Mark (unload classes)
[2026-04-03T03:39:56.820+0600][28.117s][info][gc,task     ] GC(17) Using 6 of 6 workers for init marking
[2026-04-03T03:39:56.820+0600][28.117s][info][gc,ergo     ] GC(17) Pacer for Mark. Expected Live: 219M, Free: 1150M, Non-Taxable: 115M, Alloc Tax Rate: 0.2x
[2026-04-03T03:39:56.820+0600][28.117s][info][gc          ] GC(17) Pause Init Mark (unload classes) 0.212ms
[2026-04-03T03:39:56.820+0600][28.118s][info][gc,start    ] GC(17) Concurrent marking roots
[2026-04-03T03:39:56.820+0600][28.118s][info][gc,task     ] GC(17) Using 3 of 6 workers for concurrent marking roots
[2026-04-03T03:39:56.821+0600][28.119s][info][gc          ] GC(17) Concurrent marking roots 0.926ms
[2026-04-03T03:39:56.821+0600][28.119s][info][gc,start    ] GC(17) Concurrent marking (unload classes)
[2026-04-03T03:39:56.821+0600][28.119s][info][gc,task     ] GC(17) Using 3 of 6 workers for concurrent marking
[2026-04-03T03:39:57.212+0600][28.510s][info][gc          ] GC(17) Concurrent marking (unload classes) 391.019ms
[2026-04-03T03:39:57.212+0600][28.510s][info][gc,start    ] GC(17) Pause Final Mark (unload classes)
[2026-04-03T03:39:57.212+0600][28.510s][info][gc,task     ] GC(17) Using 6 of 6 workers for final marking
[2026-04-03T03:39:57.213+0600][28.510s][info][gc,ergo     ] GC(17) Adaptive CSet Selection. Target Free: 283M, Actual Free: 1045M, Max CSet: 85333K, Min Garbage: 0B
[2026-04-03T03:39:57.213+0600][28.511s][info][gc,ergo     ] GC(17) Collectable Garbage: 462M (98%), Immediate: 27648K (5%), CSet: 435M (92%)
[2026-04-03T03:39:57.213+0600][28.511s][info][gc,ergo     ] GC(17) Pacer for Evacuation. Used CSet: 519M, Free: 954M, Non-Taxable: 97704K, Alloc Tax Rate: 1.3x
[2026-04-03T03:39:57.213+0600][28.511s][info][gc          ] GC(17) Pause Final Mark (unload classes) 0.943ms
[2026-04-03T03:39:57.213+0600][28.511s][info][gc,start    ] GC(17) Concurrent thread roots
[2026-04-03T03:39:57.214+0600][28.511s][info][gc,task     ] GC(17) Using 3 of 6 workers for Concurrent thread roots
[2026-04-03T03:39:57.214+0600][28.512s][info][gc          ] GC(17) Concurrent thread roots 0.575ms
[2026-04-03T03:39:57.214+0600][28.512s][info][gc,start    ] GC(17) Concurrent weak references
[2026-04-03T03:39:57.214+0600][28.512s][info][gc,task     ] GC(17) Using 3 of 6 workers for concurrent weak references
[2026-04-03T03:39:57.215+0600][28.512s][info][gc,ref      ] GC(17) Encountered references: Soft: 3370, Weak: 6030, Final: 82, Phantom: 594
[2026-04-03T03:39:57.215+0600][28.512s][info][gc,ref      ] GC(17) Discovered  references: Soft: 0, Weak: 2933, Final: 50, Phantom: 591
[2026-04-03T03:39:57.215+0600][28.512s][info][gc,ref      ] GC(17) Enqueued    references: Soft: 0, Weak: 55, Final: 0, Phantom: 0
[2026-04-03T03:39:57.215+0600][28.512s][info][gc          ] GC(17) Concurrent weak references 0.850ms
[2026-04-03T03:39:57.215+0600][28.512s][info][gc,start    ] GC(17) Concurrent weak roots
[2026-04-03T03:39:57.215+0600][28.512s][info][gc,task     ] GC(17) Using 3 of 6 workers for concurrent weak root
[2026-04-03T03:39:57.217+0600][28.514s][info][gc          ] GC(17) Concurrent weak roots 2.018ms
[2026-04-03T03:39:57.217+0600][28.515s][info][gc,start    ] GC(17) Concurrent cleanup
[2026-04-03T03:39:57.217+0600][28.515s][info][gc          ] GC(17) Concurrent cleanup 969M->942M(2000M) 0.228ms
[2026-04-03T03:39:57.217+0600][28.515s][info][gc,ergo     ] GC(17) Free: 951M, Max: 512K regular, 451M humongous, Frag: 53% external, 0% internal; Reserve: 101376K, Max: 512K
[2026-04-03T03:39:57.217+0600][28.515s][info][gc,start    ] GC(17) Concurrent class unloading
[2026-04-03T03:39:57.217+0600][28.515s][info][gc,task     ] GC(17) Using 3 of 6 workers for concurrent class unloading
[2026-04-03T03:39:57.223+0600][28.520s][info][gc          ] GC(17) Concurrent class unloading 5.262ms
[2026-04-03T03:39:57.223+0600][28.520s][info][gc,start    ] GC(17) Concurrent strong roots
[2026-04-03T03:39:57.223+0600][28.520s][info][gc,task     ] GC(17) Using 3 of 6 workers for concurrent strong root
[2026-04-03T03:39:57.224+0600][28.521s][info][gc          ] GC(17) Concurrent strong roots 0.949ms
[2026-04-03T03:39:57.224+0600][28.521s][info][gc,start    ] GC(17) Concurrent evacuation
[2026-04-03T03:39:57.224+0600][28.521s][info][gc,task     ] GC(17) Using 3 of 6 workers for concurrent evacuation
[2026-04-03T03:39:57.295+0600][28.593s][info][gc          ] GC(17) Concurrent evacuation 71.478ms
[2026-04-03T03:39:57.296+0600][28.593s][info][gc,start    ] GC(17) Pause Init Update Refs
[2026-04-03T03:39:57.296+0600][28.593s][info][gc,ergo     ] GC(17) Pacer for Update Refs. Used: 1079M, Free: 898M, Non-Taxable: 91969K, Alloc Tax Rate: 1.5x
[2026-04-03T03:39:57.296+0600][28.593s][info][gc          ] GC(17) Pause Init Update Refs 0.170ms
[2026-04-03T03:39:57.296+0600][28.594s][info][gc,start    ] GC(17) Concurrent update references
[2026-04-03T03:39:57.296+0600][28.594s][info][gc,task     ] GC(17) Using 3 of 6 workers for concurrent reference update
[2026-04-03T03:39:57.572+0600][28.870s][info][gc          ] GC(17) Concurrent update references 276.380ms
[2026-04-03T03:39:57.573+0600][28.870s][info][gc,start    ] GC(17) Concurrent update thread roots
[2026-04-03T03:39:57.573+0600][28.871s][info][gc          ] GC(17) Concurrent update thread roots 0.781ms
[2026-04-03T03:39:57.574+0600][28.871s][info][gc,start    ] GC(17) Pause Final Update Refs
[2026-04-03T03:39:57.574+0600][28.871s][info][gc,task     ] GC(17) Using 6 of 6 workers for final reference update
[2026-04-03T03:39:57.574+0600][28.871s][info][gc          ] GC(17) Pause Final Update Refs 0.258ms
[2026-04-03T03:39:57.574+0600][28.872s][info][gc,start    ] GC(17) Concurrent cleanup
[2026-04-03T03:39:57.575+0600][28.872s][info][gc          ] GC(17) Concurrent cleanup 1268M->750M(2000M) 0.485ms
[2026-04-03T03:39:57.575+0600][28.872s][info][gc,ergo     ] Free: 1142M, Max: 512K regular, 392M humongous, Frag: 66% external, 0% internal; Reserve: 100M, Max: 512K
[2026-04-03T03:39:57.575+0600][28.872s][info][gc,stats    ] 
[2026-04-03T03:39:57.575+0600][28.872s][info][gc,stats    ] All times are wall-clock times, except per-root-class counters, that are sum over
[2026-04-03T03:39:57.575+0600][28.872s][info][gc,stats    ] all workers. Dividing the <total> over the root stage time estimates parallelism.
[2026-04-03T03:39:57.575+0600][28.872s][info][gc,stats    ] 
[2026-04-03T03:39:57.575+0600][28.872s][info][gc,stats    ] Concurrent Reset                   2201 us
[2026-04-03T03:39:57.575+0600][28.872s][info][gc,stats    ] Pause Init Mark (G)                 651 us
[2026-04-03T03:39:57.575+0600][28.872s][info][gc,stats    ] Pause Init Mark (N)                 226 us
[2026-04-03T03:39:57.575+0600][28.872s][info][gc,stats    ]   Update Region States               77 us
[2026-04-03T03:39:57.575+0600][28.872s][info][gc,stats    ] Concurrent Mark Roots               983 us, parallelism: 1.40x
[2026-04-03T03:39:57.575+0600][28.872s][info][gc,stats    ]   CMR: <total>                     1377 us
[2026-04-03T03:39:57.575+0600][28.872s][info][gc,stats    ]   CMR: Thread Roots                 984 us, workers (us): 444, 449,  91, ---, ---, ---, 
[2026-04-03T03:39:57.575+0600][28.872s][info][gc,stats    ]   CMR: VM Strong Roots               37 us, workers (us):  14,  14,   9, ---, ---, ---, 
[2026-04-03T03:39:57.575+0600][28.872s][info][gc,stats    ]   CMR: CLDG Roots                   355 us, workers (us): ---, ---, 355, ---, ---, ---, 
[2026-04-03T03:39:57.575+0600][28.872s][info][gc,stats    ] Concurrent Marking               391100 us
[2026-04-03T03:39:57.575+0600][28.872s][info][gc,stats    ] Pause Final Mark (G)               1307 us
[2026-04-03T03:39:57.575+0600][28.872s][info][gc,stats    ] Pause Final Mark (N)                958 us
[2026-04-03T03:39:57.575+0600][28.872s][info][gc,stats    ]   Finish Mark                       309 us
[2026-04-03T03:39:57.575+0600][28.872s][info][gc,stats    ]   Update Region States               62 us
[2026-04-03T03:39:57.575+0600][28.872s][info][gc,stats    ]   Choose Collection Set             397 us
[2026-04-03T03:39:57.575+0600][28.872s][info][gc,stats    ]   Rebuild Free Set                   35 us
[2026-04-03T03:39:57.575+0600][28.872s][info][gc,stats    ] Concurrent Thread Roots             615 us, parallelism: 1.60x
[2026-04-03T03:39:57.575+0600][28.872s][info][gc,stats    ]   CTR: <total>                      985 us
[2026-04-03T03:39:57.575+0600][28.873s][info][gc,stats    ]   CTR: Thread Roots                 985 us, workers (us): 367, 344, 273, ---, ---, ---, 
[2026-04-03T03:39:57.575+0600][28.873s][info][gc,stats    ] Concurrent Weak References          863 us, parallelism: 0.75x
[2026-04-03T03:39:57.575+0600][28.873s][info][gc,stats    ]   CWRF: <total>                     645 us
[2026-04-03T03:39:57.575+0600][28.873s][info][gc,stats    ]   CWRF: Weak References             645 us, workers (us):  28,  20, 598, ---, ---, ---, 
[2026-04-03T03:39:57.575+0600][28.873s][info][gc,stats    ] Concurrent Weak Roots              2073 us
[2026-04-03T03:39:57.575+0600][28.873s][info][gc,stats    ]   Roots                            1775 us, parallelism: 2.44x
[2026-04-03T03:39:57.575+0600][28.873s][info][gc,stats    ]     CWR: <total>                   4326 us
[2026-04-03T03:39:57.575+0600][28.873s][info][gc,stats    ]     CWR: Code Cache Roots          2646 us, workers (us): 845, 965, 836, ---, ---, ---, 
[2026-04-03T03:39:57.575+0600][28.873s][info][gc,stats    ]     CWR: VM Weak Roots             1581 us, workers (us): 577, 532, 472, ---, ---, ---, 
[2026-04-03T03:39:57.575+0600][28.873s][info][gc,stats    ]     CWR: CLDG Roots                  99 us, workers (us): ---, ---,  99, ---, ---, ---, 
[2026-04-03T03:39:57.575+0600][28.873s][info][gc,stats    ]   Rendezvous                        212 us
[2026-04-03T03:39:57.575+0600][28.873s][info][gc,stats    ] Concurrent Cleanup                  247 us
[2026-04-03T03:39:57.575+0600][28.873s][info][gc,stats    ] Concurrent Class Unloading         5364 us
[2026-04-03T03:39:57.575+0600][28.873s][info][gc,stats    ]   Unlink Stale                     4558 us
[2026-04-03T03:39:57.575+0600][28.873s][info][gc,stats    ]     System Dictionary                74 us
[2026-04-03T03:39:57.575+0600][28.873s][info][gc,stats    ]     Weak Class Links                  0 us
[2026-04-03T03:39:57.575+0600][28.873s][info][gc,stats    ]     Code Roots                     4480 us
[2026-04-03T03:39:57.575+0600][28.873s][info][gc,stats    ]   Rendezvous                        343 us
[2026-04-03T03:39:57.575+0600][28.873s][info][gc,stats    ]   Purge Unlinked                    331 us
[2026-04-03T03:39:57.575+0600][28.873s][info][gc,stats    ]     Code Roots                      321 us
[2026-04-03T03:39:57.575+0600][28.873s][info][gc,stats    ]     CLDG                              9 us
[2026-04-03T03:39:57.575+0600][28.873s][info][gc,stats    ]     Exception Caches                  0 us
[2026-04-03T03:39:57.575+0600][28.873s][info][gc,stats    ] Concurrent Strong Roots            1068 us, parallelism: 0.55x
[2026-04-03T03:39:57.575+0600][28.873s][info][gc,stats    ]   CSR: <total>                      589 us
[2026-04-03T03:39:57.575+0600][28.873s][info][gc,stats    ]   CSR: VM Strong Roots               33 us, workers (us):  31,   2,   0, ---, ---, ---, 
[2026-04-03T03:39:57.575+0600][28.873s][info][gc,stats    ]   CSR: CLDG Roots                   556 us, workers (us): 556, ---, ---, ---, ---, ---, 
[2026-04-03T03:39:57.575+0600][28.873s][info][gc,stats    ] Concurrent Evacuation             71593 us
[2026-04-03T03:39:57.575+0600][28.873s][info][gc,stats    ] Pause Init Update Refs (G)          719 us
[2026-04-03T03:39:57.575+0600][28.873s][info][gc,stats    ] Pause Init Update Refs (N)          183 us
[2026-04-03T03:39:57.575+0600][28.873s][info][gc,stats    ]   Manage GCLABs                      31 us
[2026-04-03T03:39:57.575+0600][28.873s][info][gc,stats    ] Concurrent Update Refs           276493 us
[2026-04-03T03:39:57.575+0600][28.873s][info][gc,stats    ] Concurrent Update Thread Roots      838 us
[2026-04-03T03:39:57.575+0600][28.873s][info][gc,stats    ] Pause Final Update Refs (G)         673 us
[2026-04-03T03:39:57.575+0600][28.873s][info][gc,stats    ] Pause Final Update Refs (N)         273 us
[2026-04-03T03:39:57.575+0600][28.873s][info][gc,stats    ]   Update Region States               68 us
[2026-04-03T03:39:57.575+0600][28.873s][info][gc,stats    ]   Trash Collection Set               23 us
[2026-04-03T03:39:57.575+0600][28.873s][info][gc,stats    ]   Rebuild Free Set                   51 us
[2026-04-03T03:39:57.575+0600][28.873s][info][gc,stats    ] Concurrent Cleanup                  520 us
[2026-04-03T03:39:57.575+0600][28.873s][info][gc,stats    ] Pacing                           203641 us
[2026-04-03T03:39:57.575+0600][28.873s][info][gc,stats    ] 
[2026-04-03T03:39:57.575+0600][28.873s][info][gc,stats    ] Allocation pacing accrued:
[2026-04-03T03:39:57.575+0600][28.873s][info][gc,stats    ]      69 of   871 ms (  7.9%): Executor task launch worker for task 1.0 in stage 2.0 (TID 7)
[2026-04-03T03:39:57.576+0600][28.873s][info][gc,stats    ]      68 of   871 ms (  7.9%): Executor task launch worker for task 2.0 in stage 2.0 (TID 8)
[2026-04-03T03:39:57.576+0600][28.873s][info][gc,stats    ]      66 of   871 ms (  7.6%): Executor task launch worker for task 0.0 in stage 2.0 (TID 6)
[2026-04-03T03:39:57.576+0600][28.873s][info][gc,stats    ]     204 of   871 ms ( 23.4%): <total>
[2026-04-03T03:39:57.576+0600][28.873s][info][gc,stats    ]       3 of   871 ms (  0.3%): <average total>
[2026-04-03T03:39:57.576+0600][28.873s][info][gc,stats    ]      68 of   871 ms (  7.8%): <average non-zero>
[2026-04-03T03:39:57.576+0600][28.873s][info][gc,stats    ] 
[2026-04-03T03:39:57.576+0600][28.873s][info][gc,metaspace] Metaspace: 69908K(70784K)->69908K(70784K) NonClass: 60998K(61504K)->60998K(61504K) Class: 8909K(9280K)->8909K(9280K)
[2026-04-03T03:39:57.576+0600][28.873s][info][gc,ergo     ] Pacer for Idle. Initial: 40960K, Alloc Tax Rate: 1.0x
[2026-04-03T03:39:57.677+0600][28.974s][info][gc          ] Trigger: Average GC time (1064.63 ms) is above the time for average allocation rate (938 MB/s) to deplete free headroom (932M) (margin of error = 1.85)
[2026-04-03T03:39:57.677+0600][28.974s][info][gc,ergo     ] Free headroom: 1032M (free) - 100M (spike) - 0B (penalties) = 932M
[2026-04-03T03:39:57.677+0600][28.974s][info][gc,ergo     ] Free: 1032M, Max: 512K regular, 392M humongous, Frag: 62% external, 0% internal; Reserve: 100M, Max: 512K
[2026-04-03T03:39:57.677+0600][28.975s][info][gc,start    ] GC(18) Concurrent reset
[2026-04-03T03:39:57.677+0600][28.975s][info][gc,task     ] GC(18) Using 3 of 6 workers for concurrent reset
[2026-04-03T03:39:57.677+0600][28.975s][info][gc,ergo     ] GC(18) Pacer for Reset. Non-Taxable: 2000M
[2026-04-03T03:39:57.680+0600][28.977s][info][gc          ] GC(18) Concurrent reset 2.505ms
[2026-04-03T03:39:57.680+0600][28.977s][info][gc,start    ] GC(18) Pause Init Mark (unload classes)
[2026-04-03T03:39:57.680+0600][28.977s][info][gc,task     ] GC(18) Using 6 of 6 workers for init marking
[2026-04-03T03:39:57.680+0600][28.978s][info][gc,ergo     ] GC(18) Pacer for Mark. Expected Live: 266M, Free: 1029M, Non-Taxable: 102M, Alloc Tax Rate: 0.3x
[2026-04-03T03:39:57.680+0600][28.978s][info][gc          ] GC(18) Pause Init Mark (unload classes) 0.187ms
[2026-04-03T03:39:57.680+0600][28.978s][info][gc,start    ] GC(18) Concurrent marking roots
[2026-04-03T03:39:57.680+0600][28.978s][info][gc,task     ] GC(18) Using 3 of 6 workers for concurrent marking roots
[2026-04-03T03:39:57.681+0600][28.979s][info][gc          ] GC(18) Concurrent marking roots 0.936ms
[2026-04-03T03:39:57.681+0600][28.979s][info][gc,start    ] GC(18) Concurrent marking (unload classes)
[2026-04-03T03:39:57.681+0600][28.979s][info][gc,task     ] GC(18) Using 3 of 6 workers for concurrent marking
[2026-04-03T03:39:58.113+0600][29.410s][info][gc          ] GC(18) Concurrent marking (unload classes) 431.323ms
[2026-04-03T03:39:58.113+0600][29.410s][info][gc,start    ] GC(18) Pause Final Mark (unload classes)
[2026-04-03T03:39:58.113+0600][29.410s][info][gc,task     ] GC(18) Using 6 of 6 workers for final marking
[2026-04-03T03:39:58.113+0600][29.411s][info][gc,ergo     ] GC(18) Adaptive CSet Selection. Target Free: 283M, Actual Free: 927M, Max CSet: 85333K, Min Garbage: 0B
[2026-04-03T03:39:58.114+0600][29.411s][info][gc,ergo     ] GC(18) Collectable Garbage: 556M (98%), Immediate: 6144K (1%), CSet: 550M (97%)
[2026-04-03T03:39:58.114+0600][29.411s][info][gc,ergo     ] GC(18) Pacer for Evacuation. Used CSet: 602M, Free: 829M, Non-Taxable: 84904K, Alloc Tax Rate: 1.8x
[2026-04-03T03:39:58.114+0600][29.411s][info][gc          ] GC(18) Pause Final Mark (unload classes) 1.191ms
[2026-04-03T03:39:58.114+0600][29.411s][info][gc,start    ] GC(18) Concurrent thread roots
[2026-04-03T03:39:58.114+0600][29.412s][info][gc,task     ] GC(18) Using 3 of 6 workers for Concurrent thread roots
[2026-04-03T03:39:58.115+0600][29.412s][info][gc          ] GC(18) Concurrent thread roots 0.577ms
[2026-04-03T03:39:58.115+0600][29.412s][info][gc,start    ] GC(18) Concurrent weak references
[2026-04-03T03:39:58.115+0600][29.412s][info][gc,task     ] GC(18) Using 3 of 6 workers for concurrent weak references
[2026-04-03T03:39:58.115+0600][29.412s][info][gc,ref      ] GC(18) Encountered references: Soft: 3370, Weak: 5975, Final: 82, Phantom: 594
[2026-04-03T03:39:58.115+0600][29.412s][info][gc,ref      ] GC(18) Discovered  references: Soft: 0, Weak: 560, Final: 0, Phantom: 591
[2026-04-03T03:39:58.115+0600][29.412s][info][gc,ref      ] GC(18) Enqueued    references: Soft: 0, Weak: 0, Final: 0, Phantom: 0
[2026-04-03T03:39:58.115+0600][29.412s][info][gc          ] GC(18) Concurrent weak references 0.384ms
[2026-04-03T03:39:58.115+0600][29.413s][info][gc,start    ] GC(18) Concurrent weak roots
[2026-04-03T03:39:58.115+0600][29.413s][info][gc,task     ] GC(18) Using 3 of 6 workers for concurrent weak root
[2026-04-03T03:39:58.117+0600][29.415s][info][gc          ] GC(18) Concurrent weak roots 2.345ms
[2026-04-03T03:39:58.117+0600][29.415s][info][gc,start    ] GC(18) Concurrent cleanup
[2026-04-03T03:39:58.118+0600][29.415s][info][gc          ] GC(18) Concurrent cleanup 1072M->1066M(2000M) 0.230ms
[2026-04-03T03:39:58.118+0600][29.415s][info][gc,ergo     ] GC(18) Free: 827M, Max: 512K regular, 392M humongous, Frag: 53% external, 0% internal; Reserve: 102303K, Max: 512K
[2026-04-03T03:39:58.118+0600][29.415s][info][gc,start    ] GC(18) Concurrent class unloading
[2026-04-03T03:39:58.118+0600][29.415s][info][gc,task     ] GC(18) Using 3 of 6 workers for concurrent class unloading
[2026-04-03T03:39:58.122+0600][29.420s][info][gc          ] GC(18) Concurrent class unloading 4.558ms
[2026-04-03T03:39:58.122+0600][29.420s][info][gc,start    ] GC(18) Concurrent strong roots
[2026-04-03T03:39:58.122+0600][29.420s][info][gc,task     ] GC(18) Using 3 of 6 workers for concurrent strong root
[2026-04-03T03:39:58.123+0600][29.421s][info][gc          ] GC(18) Concurrent strong roots 0.962ms
[2026-04-03T03:39:58.123+0600][29.421s][info][gc,start    ] GC(18) Concurrent evacuation
[2026-04-03T03:39:58.123+0600][29.421s][info][gc,task     ] GC(18) Using 3 of 6 workers for concurrent evacuation
[2026-04-03T03:39:58.179+0600][29.476s][info][gc          ] GC(18) Concurrent evacuation 55.424ms
[2026-04-03T03:39:58.179+0600][29.477s][info][gc,start    ] GC(18) Pause Init Update Refs
[2026-04-03T03:39:58.179+0600][29.477s][info][gc,ergo     ] GC(18) Pacer for Update Refs. Used: 1163M, Free: 783M, Non-Taxable: 80193K, Alloc Tax Rate: 1.8x
[2026-04-03T03:39:58.179+0600][29.477s][info][gc          ] GC(18) Pause Init Update Refs 0.184ms
[2026-04-03T03:39:58.180+0600][29.477s][info][gc,start    ] GC(18) Concurrent update references
[2026-04-03T03:39:58.180+0600][29.477s][info][gc,task     ] GC(18) Using 3 of 6 workers for concurrent reference update
[2026-04-03T03:39:58.491+0600][29.788s][info][gc          ] GC(18) Concurrent update references 311.173ms
[2026-04-03T03:39:58.491+0600][29.788s][info][gc,start    ] GC(18) Concurrent update thread roots
[2026-04-03T03:39:58.492+0600][29.789s][info][gc          ] GC(18) Concurrent update thread roots 0.848ms
[2026-04-03T03:39:58.492+0600][29.789s][info][gc,start    ] GC(18) Pause Final Update Refs
[2026-04-03T03:39:58.492+0600][29.789s][info][gc,task     ] GC(18) Using 6 of 6 workers for final reference update
[2026-04-03T03:39:58.492+0600][29.790s][info][gc          ] GC(18) Pause Final Update Refs 0.234ms
[2026-04-03T03:39:58.492+0600][29.790s][info][gc,start    ] GC(18) Concurrent cleanup
[2026-04-03T03:39:58.493+0600][29.790s][info][gc          ] GC(18) Concurrent cleanup 1290M->687M(2000M) 0.461ms
[2026-04-03T03:39:58.493+0600][29.790s][info][gc,ergo     ] Free: 1205M, Max: 512K regular, 482M humongous, Frag: 60% external, 0% internal; Reserve: 100M, Max: 512K
[2026-04-03T03:39:58.493+0600][29.790s][info][gc,stats    ] 
[2026-04-03T03:39:58.493+0600][29.790s][info][gc,stats    ] All times are wall-clock times, except per-root-class counters, that are sum over
[2026-04-03T03:39:58.493+0600][29.790s][info][gc,stats    ] all workers. Dividing the <total> over the root stage time estimates parallelism.
[2026-04-03T03:39:58.493+0600][29.790s][info][gc,stats    ] 
[2026-04-03T03:39:58.493+0600][29.790s][info][gc,stats    ] Concurrent Reset                   2601 us
[2026-04-03T03:39:58.493+0600][29.790s][info][gc,stats    ] Pause Init Mark (G)                 579 us
[2026-04-03T03:39:58.493+0600][29.790s][info][gc,stats    ] Pause Init Mark (N)                 203 us
[2026-04-03T03:39:58.493+0600][29.790s][info][gc,stats    ]   Update Region States               75 us
[2026-04-03T03:39:58.493+0600][29.790s][info][gc,stats    ] Concurrent Mark Roots               986 us, parallelism: 1.65x
[2026-04-03T03:39:58.493+0600][29.790s][info][gc,stats    ]   CMR: <total>                     1623 us
[2026-04-03T03:39:58.493+0600][29.791s][info][gc,stats    ]   CMR: Thread Roots                1308 us, workers (us): 523, 523, 262, ---, ---, ---, 
[2026-04-03T03:39:58.493+0600][29.791s][info][gc,stats    ]   CMR: VM Strong Roots               54 us, workers (us):  48,   5,   1, ---, ---, ---, 
[2026-04-03T03:39:58.493+0600][29.791s][info][gc,stats    ]   CMR: CLDG Roots                   262 us, workers (us): ---, ---, 262, ---, ---, ---, 
[2026-04-03T03:39:58.493+0600][29.791s][info][gc,stats    ] Concurrent Marking               431417 us
[2026-04-03T03:39:58.493+0600][29.791s][info][gc,stats    ] Pause Final Mark (G)               1369 us
[2026-04-03T03:39:58.493+0600][29.791s][info][gc,stats    ] Pause Final Mark (N)               1205 us
[2026-04-03T03:39:58.493+0600][29.791s][info][gc,stats    ]   Finish Mark                       333 us
[2026-04-03T03:39:58.493+0600][29.791s][info][gc,stats    ]   Update Region States               69 us
[2026-04-03T03:39:58.493+0600][29.791s][info][gc,stats    ]   Choose Collection Set             645 us
[2026-04-03T03:39:58.493+0600][29.791s][info][gc,stats    ]   Rebuild Free Set                   40 us
[2026-04-03T03:39:58.493+0600][29.791s][info][gc,stats    ] Concurrent Thread Roots             617 us, parallelism: 1.75x
[2026-04-03T03:39:58.493+0600][29.791s][info][gc,stats    ]   CTR: <total>                     1077 us
[2026-04-03T03:39:58.493+0600][29.791s][info][gc,stats    ]   CTR: Thread Roots                1077 us, workers (us): 398, 339, 340, ---, ---, ---, 
[2026-04-03T03:39:58.493+0600][29.791s][info][gc,stats    ] Concurrent Weak References          404 us, parallelism: 0.58x
[2026-04-03T03:39:58.493+0600][29.791s][info][gc,stats    ]   CWRF: <total>                     236 us
[2026-04-03T03:39:58.493+0600][29.791s][info][gc,stats    ]   CWRF: Weak References             236 us, workers (us): 155,  80,   1, ---, ---, ---, 
[2026-04-03T03:39:58.493+0600][29.791s][info][gc,stats    ] Concurrent Weak Roots              2409 us
[2026-04-03T03:39:58.493+0600][29.791s][info][gc,stats    ]   Roots                            2128 us, parallelism: 2.44x
[2026-04-03T03:39:58.493+0600][29.791s][info][gc,stats    ]     CWR: <total>                   5184 us
[2026-04-03T03:39:58.493+0600][29.791s][info][gc,stats    ]     CWR: Code Cache Roots          3275 us, workers (us): 1059, 1006, 1210, ---, ---, ---, 
[2026-04-03T03:39:58.493+0600][29.791s][info][gc,stats    ]     CWR: VM Weak Roots             1791 us, workers (us): 622, 583, 586, ---, ---, ---, 
[2026-04-03T03:39:58.493+0600][29.791s][info][gc,stats    ]     CWR: CLDG Roots                 118 us, workers (us): ---, 118, ---, ---, ---, ---, 
[2026-04-03T03:39:58.493+0600][29.791s][info][gc,stats    ]   Rendezvous                        162 us
[2026-04-03T03:39:58.493+0600][29.791s][info][gc,stats    ] Concurrent Cleanup                  266 us
[2026-04-03T03:39:58.493+0600][29.791s][info][gc,stats    ] Concurrent Class Unloading         4635 us
[2026-04-03T03:39:58.493+0600][29.791s][info][gc,stats    ]   Unlink Stale                     4247 us
[2026-04-03T03:39:58.493+0600][29.791s][info][gc,stats    ]     System Dictionary                99 us
[2026-04-03T03:39:58.493+0600][29.791s][info][gc,stats    ]     Weak Class Links                  1 us
[2026-04-03T03:39:58.493+0600][29.791s][info][gc,stats    ]     Code Roots                     4144 us
[2026-04-03T03:39:58.493+0600][29.791s][info][gc,stats    ]   Rendezvous                        259 us
[2026-04-03T03:39:58.493+0600][29.791s][info][gc,stats    ]   Purge Unlinked                     15 us
[2026-04-03T03:39:58.493+0600][29.791s][info][gc,stats    ]     Code Roots                        5 us
[2026-04-03T03:39:58.493+0600][29.791s][info][gc,stats    ]     CLDG                              9 us
[2026-04-03T03:39:58.493+0600][29.791s][info][gc,stats    ]     Exception Caches                  1 us
[2026-04-03T03:39:58.493+0600][29.791s][info][gc,stats    ] Concurrent Strong Roots            1020 us, parallelism: 0.62x
[2026-04-03T03:39:58.493+0600][29.791s][info][gc,stats    ]   CSR: <total>                      630 us
[2026-04-03T03:39:58.493+0600][29.791s][info][gc,stats    ]   CSR: VM Strong Roots               19 us, workers (us):  19,   1,   0, ---, ---, ---, 
[2026-04-03T03:39:58.493+0600][29.791s][info][gc,stats    ]   CSR: CLDG Roots                   611 us, workers (us): 611, ---, ---, ---, ---, ---, 
[2026-04-03T03:39:58.493+0600][29.791s][info][gc,stats    ] Concurrent Evacuation             55519 us
[2026-04-03T03:39:58.493+0600][29.791s][info][gc,stats    ] Pause Init Update Refs (G)          629 us
[2026-04-03T03:39:58.493+0600][29.791s][info][gc,stats    ] Pause Init Update Refs (N)          202 us
[2026-04-03T03:39:58.493+0600][29.791s][info][gc,stats    ]   Manage GCLABs                      22 us
[2026-04-03T03:39:58.493+0600][29.791s][info][gc,stats    ] Concurrent Update Refs           311284 us
[2026-04-03T03:39:58.493+0600][29.791s][info][gc,stats    ] Concurrent Update Thread Roots      895 us
[2026-04-03T03:39:58.493+0600][29.791s][info][gc,stats    ] Pause Final Update Refs (G)         562 us
[2026-04-03T03:39:58.493+0600][29.791s][info][gc,stats    ] Pause Final Update Refs (N)         254 us
[2026-04-03T03:39:58.493+0600][29.791s][info][gc,stats    ]   Update Region States               87 us
[2026-04-03T03:39:58.494+0600][29.791s][info][gc,stats    ]   Trash Collection Set               29 us
[2026-04-03T03:39:58.494+0600][29.791s][info][gc,stats    ]   Rebuild Free Set                   47 us
[2026-04-03T03:39:58.494+0600][29.791s][info][gc,stats    ] Concurrent Cleanup                  486 us
[2026-04-03T03:39:58.494+0600][29.791s][info][gc,stats    ] Pacing                           305355 us
[2026-04-03T03:39:58.494+0600][29.791s][info][gc,stats    ] 
[2026-04-03T03:39:58.494+0600][29.791s][info][gc,stats    ] Allocation pacing accrued:
[2026-04-03T03:39:58.494+0600][29.791s][info][gc,stats    ]      77 of   918 ms (  8.4%): Executor task launch worker for task 1.0 in stage 2.0 (TID 7)
[2026-04-03T03:39:58.494+0600][29.791s][info][gc,stats    ]     133 of   918 ms ( 14.5%): Executor task launch worker for task 2.0 in stage 2.0 (TID 8)
[2026-04-03T03:39:58.494+0600][29.791s][info][gc,stats    ]      95 of   918 ms ( 10.3%): Executor task launch worker for task 0.0 in stage 2.0 (TID 6)
[2026-04-03T03:39:58.494+0600][29.791s][info][gc,stats    ]     305 of   918 ms ( 33.3%): <total>
[2026-04-03T03:39:58.494+0600][29.791s][info][gc,stats    ]       4 of   918 ms (  0.4%): <average total>
[2026-04-03T03:39:58.494+0600][29.791s][info][gc,stats    ]     102 of   918 ms ( 11.1%): <average non-zero>
[2026-04-03T03:39:58.494+0600][29.791s][info][gc,stats    ] 
[2026-04-03T03:39:58.494+0600][29.791s][info][gc,metaspace] Metaspace: 69908K(70784K)->69911K(70784K) NonClass: 60998K(61504K)->61002K(61504K) Class: 8909K(9280K)->8909K(9280K)
[2026-04-03T03:39:58.494+0600][29.791s][info][gc,ergo     ] Pacer for Idle. Initial: 40960K, Alloc Tax Rate: 1.0x
[2026-04-03T03:40:00.104+0600][31.401s][info][gc          ] Trigger: Average GC time (1010.44 ms) is above the time for average allocation rate (647 MB/s) to deplete free headroom (570M) (margin of error = 1.86)
[2026-04-03T03:40:00.104+0600][31.401s][info][gc,ergo     ] Free headroom: 670M (free) - 100M (spike) - 0B (penalties) = 570M
[2026-04-03T03:40:00.104+0600][31.401s][info][gc,ergo     ] Free: 670M, Max: 512K regular, 352M humongous, Frag: 48% external, 0% internal; Reserve: 100M, Max: 512K
[2026-04-03T03:40:00.104+0600][31.401s][info][gc,start    ] GC(19) Concurrent reset
[2026-04-03T03:40:00.104+0600][31.402s][info][gc,task     ] GC(19) Using 3 of 6 workers for concurrent reset
[2026-04-03T03:40:00.104+0600][31.402s][info][gc,ergo     ] GC(19) Pacer for Reset. Non-Taxable: 2000M
[2026-04-03T03:40:00.107+0600][31.404s][info][gc          ] GC(19) Concurrent reset 2.677ms
[2026-04-03T03:40:00.107+0600][31.404s][info][gc,start    ] GC(19) Pause Init Mark (unload classes)
[2026-04-03T03:40:00.107+0600][31.405s][info][gc,task     ] GC(19) Using 6 of 6 workers for init marking
[2026-04-03T03:40:00.107+0600][31.405s][info][gc,ergo     ] GC(19) Pacer for Mark. Expected Live: 276M, Free: 666M, Non-Taxable: 68264K, Alloc Tax Rate: 0.5x
[2026-04-03T03:40:00.107+0600][31.405s][info][gc          ] GC(19) Pause Init Mark (unload classes) 0.241ms
[2026-04-03T03:40:00.107+0600][31.405s][info][gc,start    ] GC(19) Concurrent marking roots
[2026-04-03T03:40:00.107+0600][31.405s][info][gc,task     ] GC(19) Using 3 of 6 workers for concurrent marking roots
[2026-04-03T03:40:00.109+0600][31.406s][info][gc          ] GC(19) Concurrent marking roots 1.279ms
[2026-04-03T03:40:00.109+0600][31.406s][info][gc,start    ] GC(19) Concurrent marking (unload classes)
[2026-04-03T03:40:00.109+0600][31.406s][info][gc,task     ] GC(19) Using 3 of 6 workers for concurrent marking
[2026-04-03T03:40:00.392+0600][31.690s][info][gc          ] GC(19) Concurrent marking (unload classes) 283.395ms
[2026-04-03T03:40:00.393+0600][31.690s][info][gc,start    ] GC(19) Pause Final Mark (unload classes)
[2026-04-03T03:40:00.393+0600][31.690s][info][gc,task     ] GC(19) Using 6 of 6 workers for final marking
[2026-04-03T03:40:00.393+0600][31.691s][info][gc,ergo     ] GC(19) Adaptive CSet Selection. Target Free: 283M, Actual Free: 1605M, Max CSet: 85333K, Min Garbage: 0B
[2026-04-03T03:40:00.394+0600][31.691s][info][gc,ergo     ] GC(19) Collectable Garbage: 1032M (99%), Immediate: 928M (89%), CSet: 104M (10%)
[2026-04-03T03:40:00.394+0600][31.691s][info][gc,ergo     ] GC(19) Pacer for Evacuation. Used CSet: 121M, Free: 1532M, Non-Taxable: 153M, Alloc Tax Rate: 1.1x
[2026-04-03T03:40:00.394+0600][31.691s][info][gc          ] GC(19) Pause Final Mark (unload classes) 1.037ms
[2026-04-03T03:40:00.394+0600][31.691s][info][gc,start    ] GC(19) Concurrent thread roots
[2026-04-03T03:40:00.394+0600][31.691s][info][gc,task     ] GC(19) Using 3 of 6 workers for Concurrent thread roots
[2026-04-03T03:40:00.395+0600][31.692s][info][gc          ] GC(19) Concurrent thread roots 1.035ms
[2026-04-03T03:40:00.395+0600][31.692s][info][gc,start    ] GC(19) Concurrent weak references
[2026-04-03T03:40:00.395+0600][31.692s][info][gc,task     ] GC(19) Using 3 of 6 workers for concurrent weak references
[2026-04-03T03:40:00.395+0600][31.693s][info][gc,ref      ] GC(19) Encountered references: Soft: 3448, Weak: 6527, Final: 82, Phantom: 594
[2026-04-03T03:40:00.395+0600][31.693s][info][gc,ref      ] GC(19) Discovered  references: Soft: 0, Weak: 882, Final: 0, Phantom: 591
[2026-04-03T03:40:00.395+0600][31.693s][info][gc,ref      ] GC(19) Enqueued    references: Soft: 0, Weak: 358, Final: 0, Phantom: 0
[2026-04-03T03:40:00.395+0600][31.693s][info][gc          ] GC(19) Concurrent weak references 0.468ms
[2026-04-03T03:40:00.395+0600][31.693s][info][gc,start    ] GC(19) Concurrent weak roots
[2026-04-03T03:40:00.395+0600][31.693s][info][gc,task     ] GC(19) Using 3 of 6 workers for concurrent weak root
[2026-04-03T03:40:00.399+0600][31.697s][info][gc          ] GC(19) Concurrent weak roots 3.607ms
[2026-04-03T03:40:00.399+0600][31.697s][info][gc,start    ] GC(19) Concurrent cleanup
[2026-04-03T03:40:00.400+0600][31.698s][info][gc          ] GC(19) Concurrent cleanup 1287M->360M(2000M) 1.039ms
[2026-04-03T03:40:00.400+0600][31.698s][info][gc,ergo     ] GC(19) Free: 1530M, Max: 512K regular, 439M humongous, Frag: 72% external, 0% internal; Reserve: 102144K, Max: 512K
[2026-04-03T03:40:00.400+0600][31.698s][info][gc,start    ] GC(19) Concurrent class unloading
[2026-04-03T03:40:00.400+0600][31.698s][info][gc,task     ] GC(19) Using 3 of 6 workers for concurrent class unloading
[2026-04-03T03:40:00.430+0600][31.727s][info][gc          ] GC(19) Concurrent class unloading 29.507ms
[2026-04-03T03:40:00.430+0600][31.727s][info][gc,start    ] GC(19) Concurrent strong roots
[2026-04-03T03:40:00.430+0600][31.728s][info][gc,task     ] GC(19) Using 3 of 6 workers for concurrent strong root
[2026-04-03T03:40:00.431+0600][31.729s][info][gc          ] GC(19) Concurrent strong roots 1.030ms
[2026-04-03T03:40:00.431+0600][31.729s][info][gc,start    ] GC(19) Concurrent evacuation
[2026-04-03T03:40:00.431+0600][31.729s][info][gc,task     ] GC(19) Using 3 of 6 workers for concurrent evacuation
[2026-04-03T03:40:00.453+0600][31.750s][info][gc          ] GC(19) Concurrent evacuation 21.505ms
[2026-04-03T03:40:00.453+0600][31.750s][info][gc,start    ] GC(19) Pause Init Update Refs
[2026-04-03T03:40:00.453+0600][31.751s][info][gc,ergo     ] GC(19) Pacer for Update Refs. Used: 393M, Free: 1514M, Non-Taxable: 151M, Alloc Tax Rate: 1.1x
[2026-04-03T03:40:00.453+0600][31.751s][info][gc          ] GC(19) Pause Init Update Refs 0.156ms
[2026-04-03T03:40:00.453+0600][31.751s][info][gc,start    ] GC(19) Concurrent update references
[2026-04-03T03:40:00.453+0600][31.751s][info][gc,task     ] GC(19) Using 3 of 6 workers for concurrent reference update
[2026-04-03T03:40:00.578+0600][31.875s][info][gc          ] GC(19) Concurrent update references 124.528ms
[2026-04-03T03:40:00.578+0600][31.875s][info][gc,start    ] GC(19) Concurrent update thread roots
[2026-04-03T03:40:00.579+0600][31.876s][info][gc          ] GC(19) Concurrent update thread roots 0.932ms
[2026-04-03T03:40:00.579+0600][31.877s][info][gc,start    ] GC(19) Pause Final Update Refs
[2026-04-03T03:40:00.579+0600][31.877s][info][gc,task     ] GC(19) Using 6 of 6 workers for final reference update
[2026-04-03T03:40:00.579+0600][31.877s][info][gc          ] GC(19) Pause Final Update Refs 0.213ms
[2026-04-03T03:40:00.579+0600][31.877s][info][gc,start    ] GC(19) Concurrent cleanup
[2026-04-03T03:40:00.580+0600][31.877s][info][gc          ] GC(19) Concurrent cleanup 424M->303M(2000M) 0.318ms
[2026-04-03T03:40:00.580+0600][31.877s][info][gc,ergo     ] Free: 1587M, Max: 512K regular, 548M humongous, Frag: 66% external, 0% internal; Reserve: 100M, Max: 512K
[2026-04-03T03:40:00.580+0600][31.877s][info][gc,stats    ] 
[2026-04-03T03:40:00.580+0600][31.877s][info][gc,stats    ] All times are wall-clock times, except per-root-class counters, that are sum over
[2026-04-03T03:40:00.580+0600][31.877s][info][gc,stats    ] all workers. Dividing the <total> over the root stage time estimates parallelism.
[2026-04-03T03:40:00.580+0600][31.877s][info][gc,stats    ] 
[2026-04-03T03:40:00.580+0600][31.877s][info][gc,stats    ] Concurrent Reset                   2802 us
[2026-04-03T03:40:00.580+0600][31.877s][info][gc,stats    ] Pause Init Mark (G)                 557 us
[2026-04-03T03:40:00.580+0600][31.877s][info][gc,stats    ] Pause Init Mark (N)                 259 us
[2026-04-03T03:40:00.580+0600][31.877s][info][gc,stats    ]   Update Region States               52 us
[2026-04-03T03:40:00.580+0600][31.877s][info][gc,stats    ] Concurrent Mark Roots              1419 us, parallelism: 1.86x
[2026-04-03T03:40:00.580+0600][31.877s][info][gc,stats    ]   CMR: <total>                     2646 us
[2026-04-03T03:40:00.580+0600][31.877s][info][gc,stats    ]   CMR: Thread Roots                2243 us, workers (us): 502, 874, 866, ---, ---, ---, 
[2026-04-03T03:40:00.580+0600][31.877s][info][gc,stats    ]   CMR: VM Strong Roots               36 us, workers (us):  17,  13,   5, ---, ---, ---, 
[2026-04-03T03:40:00.580+0600][31.877s][info][gc,stats    ]   CMR: CLDG Roots                   368 us, workers (us): 368, ---, ---, ---, ---, ---, 
[2026-04-03T03:40:00.580+0600][31.877s][info][gc,stats    ] Concurrent Marking               283505 us
[2026-04-03T03:40:00.580+0600][31.877s][info][gc,stats    ] Pause Final Mark (G)               1528 us
[2026-04-03T03:40:00.580+0600][31.878s][info][gc,stats    ] Pause Final Mark (N)               1081 us
[2026-04-03T03:40:00.580+0600][31.878s][info][gc,stats    ]   Finish Mark                       398 us
[2026-04-03T03:40:00.580+0600][31.878s][info][gc,stats    ]   Update Region States              117 us
[2026-04-03T03:40:00.580+0600][31.878s][info][gc,stats    ]   Choose Collection Set             313 us
[2026-04-03T03:40:00.580+0600][31.878s][info][gc,stats    ]   Rebuild Free Set                   59 us
[2026-04-03T03:40:00.580+0600][31.878s][info][gc,stats    ] Concurrent Thread Roots            1109 us, parallelism: 2.10x
[2026-04-03T03:40:00.580+0600][31.878s][info][gc,stats    ]   CTR: <total>                     2327 us
[2026-04-03T03:40:00.580+0600][31.878s][info][gc,stats    ]   CTR: Thread Roots                2327 us, workers (us): 785, 776, 766, ---, ---, ---, 
[2026-04-03T03:40:00.580+0600][31.878s][info][gc,stats    ] Concurrent Weak References          486 us, parallelism: 0.95x
[2026-04-03T03:40:00.580+0600][31.878s][info][gc,stats    ]   CWRF: <total>                     464 us
[2026-04-03T03:40:00.580+0600][31.878s][info][gc,stats    ]   CWRF: Weak References             464 us, workers (us): 124, 252,  87, ---, ---, ---, 
[2026-04-03T03:40:00.580+0600][31.878s][info][gc,stats    ] Concurrent Weak Roots              3729 us
[2026-04-03T03:40:00.580+0600][31.878s][info][gc,stats    ]   Roots                            3165 us, parallelism: 2.52x
[2026-04-03T03:40:00.580+0600][31.878s][info][gc,stats    ]     CWR: <total>                   7966 us
[2026-04-03T03:40:00.580+0600][31.878s][info][gc,stats    ]     CWR: Code Cache Roots          5102 us, workers (us): 1732, 1650, 1720, ---, ---, ---, 
[2026-04-03T03:40:00.580+0600][31.878s][info][gc,stats    ]     CWR: VM Weak Roots             2660 us, workers (us): 897, 884, 880, ---, ---, ---, 
[2026-04-03T03:40:00.580+0600][31.878s][info][gc,stats    ]     CWR: CLDG Roots                 204 us, workers (us): ---, 204, ---, ---, ---, ---, 
[2026-04-03T03:40:00.580+0600][31.878s][info][gc,stats    ]   Rendezvous                        404 us
[2026-04-03T03:40:00.580+0600][31.878s][info][gc,stats    ] Concurrent Cleanup                 1101 us
[2026-04-03T03:40:00.580+0600][31.878s][info][gc,stats    ] Concurrent Class Unloading        29616 us
[2026-04-03T03:40:00.580+0600][31.878s][info][gc,stats    ]   Unlink Stale                    27748 us
[2026-04-03T03:40:00.580+0600][31.878s][info][gc,stats    ]     System Dictionary               591 us
[2026-04-03T03:40:00.580+0600][31.878s][info][gc,stats    ]     Weak Class Links              18551 us
[2026-04-03T03:40:00.580+0600][31.878s][info][gc,stats    ]     Code Roots                     8598 us
[2026-04-03T03:40:00.580+0600][31.878s][info][gc,stats    ]   Rendezvous                        340 us
[2026-04-03T03:40:00.580+0600][31.878s][info][gc,stats    ]   Purge Unlinked                   1366 us
[2026-04-03T03:40:00.580+0600][31.878s][info][gc,stats    ]     Code Roots                     1205 us
[2026-04-03T03:40:00.580+0600][31.878s][info][gc,stats    ]     CLDG                            159 us
[2026-04-03T03:40:00.580+0600][31.878s][info][gc,stats    ]     Exception Caches                  1 us
[2026-04-03T03:40:00.580+0600][31.878s][info][gc,stats    ] Concurrent Strong Roots            1073 us, parallelism: 0.67x
[2026-04-03T03:40:00.580+0600][31.878s][info][gc,stats    ]   CSR: <total>                      720 us
[2026-04-03T03:40:00.580+0600][31.878s][info][gc,stats    ]   CSR: VM Strong Roots               39 us, workers (us):  28,  11,   0, ---, ---, ---, 
[2026-04-03T03:40:00.580+0600][31.878s][info][gc,stats    ]   CSR: CLDG Roots                   681 us, workers (us): 681, ---, ---, ---, ---, ---, 
[2026-04-03T03:40:00.580+0600][31.878s][info][gc,stats    ] Concurrent Evacuation             21630 us
[2026-04-03T03:40:00.580+0600][31.878s][info][gc,stats    ] Pause Init Update Refs (G)          597 us
[2026-04-03T03:40:00.580+0600][31.878s][info][gc,stats    ] Pause Init Update Refs (N)          179 us
[2026-04-03T03:40:00.580+0600][31.878s][info][gc,stats    ]   Manage GCLABs                      27 us
[2026-04-03T03:40:00.580+0600][31.878s][info][gc,stats    ] Concurrent Update Refs           124625 us
[2026-04-03T03:40:00.580+0600][31.878s][info][gc,stats    ] Concurrent Update Thread Roots      987 us
[2026-04-03T03:40:00.580+0600][31.878s][info][gc,stats    ] Pause Final Update Refs (G)         480 us
[2026-04-03T03:40:00.580+0600][31.878s][info][gc,stats    ] Pause Final Update Refs (N)         262 us
[2026-04-03T03:40:00.580+0600][31.878s][info][gc,stats    ]   Update Region States               75 us
[2026-04-03T03:40:00.581+0600][31.878s][info][gc,stats    ]   Trash Collection Set               18 us
[2026-04-03T03:40:00.581+0600][31.878s][info][gc,stats    ]   Rebuild Free Set                   48 us
[2026-04-03T03:40:00.581+0600][31.878s][info][gc,stats    ] Concurrent Cleanup                  351 us
[2026-04-03T03:40:00.581+0600][31.878s][info][gc,stats    ] 
[2026-04-03T03:40:00.581+0600][31.878s][info][gc,stats    ] Allocation pacing accrued:
[2026-04-03T03:40:00.581+0600][31.878s][info][gc,stats    ]       0 of  2087 ms (  0.0%): <total>
[2026-04-03T03:40:00.581+0600][31.878s][info][gc,stats    ]       0 of  2087 ms (  0.0%): <average total>
[2026-04-03T03:40:00.581+0600][31.878s][info][gc,stats    ] 
[2026-04-03T03:40:00.581+0600][31.878s][info][gc,metaspace] Metaspace: 70432K(71360K)->70552K(71552K) NonClass: 61428K(61952K)->61547K(62144K) Class: 9003K(9408K)->9004K(9408K)
[2026-04-03T03:40:00.581+0600][31.878s][info][gc,ergo     ] Pacer for Idle. Initial: 40960K, Alloc Tax Rate: 1.0x
[2026-04-03T03:40:02.193+0600][33.491s][info][gc          ] Trigger: Average GC time (959.98 ms) is above the time for average allocation rate (968 MB/s) to deplete free headroom (861M) (margin of error = 1.85)
[2026-04-03T03:40:02.193+0600][33.491s][info][gc,ergo     ] Free headroom: 961M (free) - 100M (spike) - 0B (penalties) = 861M
[2026-04-03T03:40:02.193+0600][33.491s][info][gc,ergo     ] Free: 961M, Max: 512K regular, 472M humongous, Frag: 51% external, 0% internal; Reserve: 100M, Max: 512K
[2026-04-03T03:40:02.193+0600][33.491s][info][gc,start    ] GC(20) Concurrent reset
[2026-04-03T03:40:02.193+0600][33.491s][info][gc,task     ] GC(20) Using 3 of 6 workers for concurrent reset
[2026-04-03T03:40:02.193+0600][33.491s][info][gc,ergo     ] GC(20) Pacer for Reset. Non-Taxable: 2000M
[2026-04-03T03:40:02.194+0600][33.492s][info][gc          ] GC(20) Concurrent reset 1.194ms
[2026-04-03T03:40:02.195+0600][33.492s][info][gc,start    ] GC(20) Pause Init Mark (unload classes)
[2026-04-03T03:40:02.195+0600][33.492s][info][gc,task     ] GC(20) Using 6 of 6 workers for init marking
[2026-04-03T03:40:02.195+0600][33.492s][info][gc,ergo     ] GC(20) Pacer for Mark. Expected Live: 253M, Free: 960M, Non-Taxable: 98369K, Alloc Tax Rate: 0.3x
[2026-04-03T03:40:02.195+0600][33.492s][info][gc          ] GC(20) Pause Init Mark (unload classes) 0.185ms
[2026-04-03T03:40:02.195+0600][33.492s][info][gc,start    ] GC(20) Concurrent marking roots
[2026-04-03T03:40:02.195+0600][33.493s][info][gc,task     ] GC(20) Using 3 of 6 workers for concurrent marking roots
[2026-04-03T03:40:02.196+0600][33.494s][info][gc          ] GC(20) Concurrent marking roots 1.077ms
[2026-04-03T03:40:02.196+0600][33.494s][info][gc,start    ] GC(20) Concurrent marking (unload classes)
[2026-04-03T03:40:02.196+0600][33.494s][info][gc,task     ] GC(20) Using 3 of 6 workers for concurrent marking
[2026-04-03T03:40:02.568+0600][33.866s][info][gc          ] GC(20) Concurrent marking (unload classes) 371.951ms
[2026-04-03T03:40:02.568+0600][33.866s][info][gc,start    ] GC(20) Pause Final Mark (unload classes)
[2026-04-03T03:40:02.568+0600][33.866s][info][gc,task     ] GC(20) Using 6 of 6 workers for final marking
[2026-04-03T03:40:02.569+0600][33.867s][info][gc,ergo     ] GC(20) Adaptive CSet Selection. Target Free: 283M, Actual Free: 1326M, Max CSet: 85333K, Min Garbage: 0B
[2026-04-03T03:40:02.570+0600][33.867s][info][gc,ergo     ] GC(20) Collectable Garbage: 712M (99%), Immediate: 325M (45%), CSet: 386M (54%)
[2026-04-03T03:40:02.570+0600][33.867s][info][gc,ergo     ] GC(20) Pacer for Evacuation. Used CSet: 443M, Free: 1241M, Non-Taxable: 124M, Alloc Tax Rate: 1.1x
[2026-04-03T03:40:02.570+0600][33.867s][info][gc          ] GC(20) Pause Final Mark (unload classes) 1.258ms
[2026-04-03T03:40:02.570+0600][33.868s][info][gc,start    ] GC(20) Concurrent thread roots
[2026-04-03T03:40:02.570+0600][33.868s][info][gc,task     ] GC(20) Using 3 of 6 workers for Concurrent thread roots
[2026-04-03T03:40:02.571+0600][33.869s][info][gc          ] GC(20) Concurrent thread roots 1.069ms
[2026-04-03T03:40:02.571+0600][33.869s][info][gc,start    ] GC(20) Concurrent weak references
[2026-04-03T03:40:02.571+0600][33.869s][info][gc,task     ] GC(20) Using 3 of 6 workers for concurrent weak references
[2026-04-03T03:40:02.572+0600][33.869s][info][gc,ref      ] GC(20) Encountered references: Soft: 3466, Weak: 6426, Final: 82, Phantom: 595
[2026-04-03T03:40:02.572+0600][33.870s][info][gc,ref      ] GC(20) Discovered  references: Soft: 0, Weak: 1377, Final: 0, Phantom: 591
[2026-04-03T03:40:02.572+0600][33.870s][info][gc,ref      ] GC(20) Enqueued    references: Soft: 0, Weak: 261, Final: 0, Phantom: 0
[2026-04-03T03:40:02.572+0600][33.870s][info][gc          ] GC(20) Concurrent weak references 0.830ms
[2026-04-03T03:40:02.572+0600][33.870s][info][gc,start    ] GC(20) Concurrent weak roots
[2026-04-03T03:40:02.572+0600][33.870s][info][gc,task     ] GC(20) Using 3 of 6 workers for concurrent weak root
[2026-04-03T03:40:02.576+0600][33.874s][info][gc          ] GC(20) Concurrent weak roots 4.337ms
[2026-04-03T03:40:02.577+0600][33.874s][info][gc,start    ] GC(20) Concurrent cleanup
[2026-04-03T03:40:02.577+0600][33.875s][info][gc          ] GC(20) Concurrent cleanup 984M->658M(2000M) 0.484ms
[2026-04-03T03:40:02.577+0600][33.875s][info][gc,ergo     ] GC(20) Free: 1239M, Max: 512K regular, 485M humongous, Frag: 61% external, 0% internal; Reserve: 99833K, Max: 512K
[2026-04-03T03:40:02.577+0600][33.875s][info][gc,start    ] GC(20) Concurrent class unloading
[2026-04-03T03:40:02.577+0600][33.875s][info][gc,task     ] GC(20) Using 3 of 6 workers for concurrent class unloading
[2026-04-03T03:40:02.589+0600][33.886s][info][gc          ] GC(20) Concurrent class unloading 11.409ms
[2026-04-03T03:40:02.589+0600][33.886s][info][gc,start    ] GC(20) Concurrent strong roots
[2026-04-03T03:40:02.589+0600][33.886s][info][gc,task     ] GC(20) Using 3 of 6 workers for concurrent strong root
[2026-04-03T03:40:02.590+0600][33.887s][info][gc          ] GC(20) Concurrent strong roots 1.106ms
[2026-04-03T03:40:02.590+0600][33.887s][info][gc,start    ] GC(20) Concurrent evacuation
[2026-04-03T03:40:02.590+0600][33.887s][info][gc,task     ] GC(20) Using 3 of 6 workers for concurrent evacuation
[2026-04-03T03:40:02.643+0600][33.940s][info][gc          ] GC(20) Concurrent evacuation 52.652ms
[2026-04-03T03:40:02.643+0600][33.941s][info][gc,start    ] GC(20) Pause Init Update Refs
[2026-04-03T03:40:02.643+0600][33.941s][info][gc,ergo     ] GC(20) Pacer for Update Refs. Used: 719M, Free: 1234M, Non-Taxable: 123M, Alloc Tax Rate: 1.1x
[2026-04-03T03:40:02.643+0600][33.941s][info][gc          ] GC(20) Pause Init Update Refs 0.163ms
[2026-04-03T03:40:02.643+0600][33.941s][info][gc,start    ] GC(20) Concurrent update references
[2026-04-03T03:40:02.644+0600][33.941s][info][gc,task     ] GC(20) Using 3 of 6 workers for concurrent reference update
[2026-04-03T03:40:02.793+0600][34.091s][info][gc          ] GC(20) Concurrent update references 149.734ms
[2026-04-03T03:40:02.793+0600][34.091s][info][gc,start    ] GC(20) Concurrent update thread roots
[2026-04-03T03:40:02.794+0600][34.092s][info][gc          ] GC(20) Concurrent update thread roots 0.872ms
[2026-04-03T03:40:02.795+0600][34.092s][info][gc,start    ] GC(20) Pause Final Update Refs
[2026-04-03T03:40:02.795+0600][34.092s][info][gc,task     ] GC(20) Using 6 of 6 workers for final reference update
[2026-04-03T03:40:02.795+0600][34.092s][info][gc          ] GC(20) Pause Final Update Refs 0.268ms
[2026-04-03T03:40:02.795+0600][34.092s][info][gc,start    ] GC(20) Concurrent cleanup
[2026-04-03T03:40:02.795+0600][34.093s][info][gc          ] GC(20) Concurrent cleanup 720M->277M(2000M) 0.439ms
[2026-04-03T03:40:02.795+0600][34.093s][info][gc,ergo     ] Free: 1617M, Max: 512K regular, 494M humongous, Frag: 70% external, 0% internal; Reserve: 100M, Max: 512K
[2026-04-03T03:40:02.796+0600][34.093s][info][gc,stats    ] 
[2026-04-03T03:40:02.796+0600][34.093s][info][gc,stats    ] All times are wall-clock times, except per-root-class counters, that are sum over
[2026-04-03T03:40:02.796+0600][34.093s][info][gc,stats    ] all workers. Dividing the <total> over the root stage time estimates parallelism.
[2026-04-03T03:40:02.796+0600][34.093s][info][gc,stats    ] 
[2026-04-03T03:40:02.796+0600][34.093s][info][gc,stats    ] Concurrent Reset                   1241 us
[2026-04-03T03:40:02.796+0600][34.093s][info][gc,stats    ] Pause Init Mark (G)                 455 us
[2026-04-03T03:40:02.796+0600][34.093s][info][gc,stats    ] Pause Init Mark (N)                 199 us
[2026-04-03T03:40:02.796+0600][34.093s][info][gc,stats    ]   Update Region States               56 us
[2026-04-03T03:40:02.796+0600][34.093s][info][gc,stats    ] Concurrent Mark Roots              1132 us, parallelism: 1.70x
[2026-04-03T03:40:02.796+0600][34.093s][info][gc,stats    ]   CMR: <total>                     1921 us
[2026-04-03T03:40:02.796+0600][34.093s][info][gc,stats    ]   CMR: Thread Roots                1571 us, workers (us): 322, 630, 619, ---, ---, ---, 
[2026-04-03T03:40:02.796+0600][34.093s][info][gc,stats    ]   CMR: VM Strong Roots               39 us, workers (us):  21,  17,   1, ---, ---, ---, 
[2026-04-03T03:40:02.796+0600][34.093s][info][gc,stats    ]   CMR: CLDG Roots                   310 us, workers (us): 310, ---, ---, ---, ---, ---, 
[2026-04-03T03:40:02.796+0600][34.093s][info][gc,stats    ] Concurrent Marking               372070 us
[2026-04-03T03:40:02.796+0600][34.093s][info][gc,stats    ] Pause Final Mark (G)               1871 us
[2026-04-03T03:40:02.796+0600][34.093s][info][gc,stats    ] Pause Final Mark (N)               1336 us
[2026-04-03T03:40:02.796+0600][34.093s][info][gc,stats    ]   Finish Mark                       233 us
[2026-04-03T03:40:02.796+0600][34.093s][info][gc,stats    ]   Update Region States              144 us
[2026-04-03T03:40:02.796+0600][34.093s][info][gc,stats    ]   Choose Collection Set             638 us
[2026-04-03T03:40:02.796+0600][34.093s][info][gc,stats    ]   Rebuild Free Set                   73 us
[2026-04-03T03:40:02.796+0600][34.093s][info][gc,stats    ] Concurrent Thread Roots            1176 us, parallelism: 1.98x
[2026-04-03T03:40:02.796+0600][34.093s][info][gc,stats    ]   CTR: <total>                     2330 us
[2026-04-03T03:40:02.796+0600][34.093s][info][gc,stats    ]   CTR: Thread Roots                2330 us, workers (us): 779, 788, 763, ---, ---, ---, 
[2026-04-03T03:40:02.796+0600][34.093s][info][gc,stats    ] Concurrent Weak References          848 us, parallelism: 0.66x
[2026-04-03T03:40:02.796+0600][34.093s][info][gc,stats    ]   CWRF: <total>                     556 us
[2026-04-03T03:40:02.796+0600][34.093s][info][gc,stats    ]   CWRF: Weak References             556 us, workers (us): 438,   2, 116, ---, ---, ---, 
[2026-04-03T03:40:02.796+0600][34.093s][info][gc,stats    ] Concurrent Weak Roots              4453 us
[2026-04-03T03:40:02.796+0600][34.093s][info][gc,stats    ]   Roots                            3997 us, parallelism: 2.16x
[2026-04-03T03:40:02.796+0600][34.093s][info][gc,stats    ]     CWR: <total>                   8629 us
[2026-04-03T03:40:02.796+0600][34.093s][info][gc,stats    ]     CWR: Code Cache Roots          5653 us, workers (us): 1792, 1926, 1936, ---, ---, ---, 
[2026-04-03T03:40:02.796+0600][34.093s][info][gc,stats    ]     CWR: VM Weak Roots             2857 us, workers (us): 967, 949, 942, ---, ---, ---, 
[2026-04-03T03:40:02.796+0600][34.093s][info][gc,stats    ]     CWR: CLDG Roots                 118 us, workers (us): 118, ---, ---, ---, ---, ---, 
[2026-04-03T03:40:02.796+0600][34.093s][info][gc,stats    ]   Rendezvous                        300 us
[2026-04-03T03:40:02.796+0600][34.093s][info][gc,stats    ] Concurrent Cleanup                  544 us
[2026-04-03T03:40:02.796+0600][34.093s][info][gc,stats    ] Concurrent Class Unloading        11573 us
[2026-04-03T03:40:02.796+0600][34.093s][info][gc,stats    ]   Unlink Stale                     7775 us
[2026-04-03T03:40:02.796+0600][34.093s][info][gc,stats    ]     System Dictionary               198 us
[2026-04-03T03:40:02.796+0600][34.093s][info][gc,stats    ]     Weak Class Links                  1 us
[2026-04-03T03:40:02.796+0600][34.093s][info][gc,stats    ]     Code Roots                     7572 us
[2026-04-03T03:40:02.796+0600][34.093s][info][gc,stats    ]   Rendezvous                        255 us
[2026-04-03T03:40:02.796+0600][34.093s][info][gc,stats    ]   Purge Unlinked                   3331 us
[2026-04-03T03:40:02.796+0600][34.093s][info][gc,stats    ]     Code Roots                     3278 us
[2026-04-03T03:40:02.796+0600][34.094s][info][gc,stats    ]     CLDG                             52 us
[2026-04-03T03:40:02.796+0600][34.094s][info][gc,stats    ]     Exception Caches                  0 us
[2026-04-03T03:40:02.796+0600][34.094s][info][gc,stats    ] Concurrent Strong Roots            1211 us, parallelism: 0.68x
[2026-04-03T03:40:02.796+0600][34.094s][info][gc,stats    ]   CSR: <total>                      825 us
[2026-04-03T03:40:02.796+0600][34.094s][info][gc,stats    ]   CSR: VM Strong Roots               66 us, workers (us):  26,  24,  16, ---, ---, ---, 
[2026-04-03T03:40:02.796+0600][34.094s][info][gc,stats    ]   CSR: CLDG Roots                   759 us, workers (us): 759, ---, ---, ---, ---, ---, 
[2026-04-03T03:40:02.796+0600][34.094s][info][gc,stats    ] Concurrent Evacuation             52771 us
[2026-04-03T03:40:02.796+0600][34.094s][info][gc,stats    ] Pause Init Update Refs (G)          673 us
[2026-04-03T03:40:02.796+0600][34.094s][info][gc,stats    ] Pause Init Update Refs (N)          176 us
[2026-04-03T03:40:02.796+0600][34.094s][info][gc,stats    ]   Manage GCLABs                      43 us
[2026-04-03T03:40:02.796+0600][34.094s][info][gc,stats    ] Concurrent Update Refs           149864 us
[2026-04-03T03:40:02.796+0600][34.094s][info][gc,stats    ] Concurrent Update Thread Roots      958 us
[2026-04-03T03:40:02.796+0600][34.094s][info][gc,stats    ] Pause Final Update Refs (G)         664 us
[2026-04-03T03:40:02.796+0600][34.094s][info][gc,stats    ] Pause Final Update Refs (N)         287 us
[2026-04-03T03:40:02.796+0600][34.094s][info][gc,stats    ]   Update Region States               71 us
[2026-04-03T03:40:02.796+0600][34.094s][info][gc,stats    ]   Trash Collection Set               42 us
[2026-04-03T03:40:02.796+0600][34.094s][info][gc,stats    ]   Rebuild Free Set                   57 us
[2026-04-03T03:40:02.796+0600][34.094s][info][gc,stats    ] Concurrent Cleanup                  471 us
[2026-04-03T03:40:02.796+0600][34.094s][info][gc,stats    ] 
[2026-04-03T03:40:02.796+0600][34.094s][info][gc,stats    ] Allocation pacing accrued:
[2026-04-03T03:40:02.796+0600][34.094s][info][gc,stats    ]       0 of  2216 ms (  0.0%): <total>
[2026-04-03T03:40:02.796+0600][34.094s][info][gc,stats    ]       0 of  2216 ms (  0.0%): <average total>
[2026-04-03T03:40:02.796+0600][34.094s][info][gc,stats    ] 
[2026-04-03T03:40:02.796+0600][34.094s][info][gc,metaspace] Metaspace: 70625K(71552K)->70645K(71616K) NonClass: 61611K(62144K)->61631K(62208K) Class: 9014K(9408K)->9014K(9408K)
[2026-04-03T03:40:02.796+0600][34.094s][info][gc,ergo     ] Pacer for Idle. Initial: 40960K, Alloc Tax Rate: 1.0x
[2026-04-03T03:40:03.905+0600][35.202s][info][gc          ] Trigger: Average GC time (849.63 ms) is above the time for average allocation rate (1249 MB/s) to deplete free headroom (978M) (margin of error = 1.84)
[2026-04-03T03:40:03.905+0600][35.203s][info][gc,ergo     ] Free headroom: 1078M (free) - 100M (spike) - 0B (penalties) = 978M
[2026-04-03T03:40:03.905+0600][35.203s][info][gc,ergo     ] Free: 1078M, Max: 512K regular, 494M humongous, Frag: 55% external, 0% internal; Reserve: 100M, Max: 512K
[2026-04-03T03:40:03.905+0600][35.203s][info][gc,start    ] GC(21) Concurrent reset
[2026-04-03T03:40:03.905+0600][35.203s][info][gc,task     ] GC(21) Using 3 of 6 workers for concurrent reset
[2026-04-03T03:40:03.905+0600][35.203s][info][gc,ergo     ] GC(21) Pacer for Reset. Non-Taxable: 2000M
[2026-04-03T03:40:03.907+0600][35.204s][info][gc          ] GC(21) Concurrent reset 1.585ms
[2026-04-03T03:40:03.907+0600][35.204s][info][gc,start    ] GC(21) Pause Init Mark (unload classes)
[2026-04-03T03:40:03.907+0600][35.205s][info][gc,task     ] GC(21) Using 6 of 6 workers for init marking
[2026-04-03T03:40:03.907+0600][35.205s][info][gc,ergo     ] GC(21) Pacer for Mark. Expected Live: 227M, Free: 1078M, Non-Taxable: 107M, Alloc Tax Rate: 0.3x
[2026-04-03T03:40:03.907+0600][35.205s][info][gc          ] GC(21) Pause Init Mark (unload classes) 0.149ms
[2026-04-03T03:40:03.907+0600][35.205s][info][gc,start    ] GC(21) Concurrent marking roots
[2026-04-03T03:40:03.907+0600][35.205s][info][gc,task     ] GC(21) Using 3 of 6 workers for concurrent marking roots
[2026-04-03T03:40:03.908+0600][35.205s][info][gc          ] GC(21) Concurrent marking roots 0.742ms
[2026-04-03T03:40:03.908+0600][35.205s][info][gc,start    ] GC(21) Concurrent marking (unload classes)
[2026-04-03T03:40:03.908+0600][35.205s][info][gc,task     ] GC(21) Using 3 of 6 workers for concurrent marking
[2026-04-03T03:40:04.130+0600][35.428s][info][gc          ] GC(21) Concurrent marking (unload classes) 222.506ms
[2026-04-03T03:40:04.131+0600][35.428s][info][gc,start    ] GC(21) Pause Final Mark (unload classes)
[2026-04-03T03:40:04.131+0600][35.428s][info][gc,task     ] GC(21) Using 6 of 6 workers for final marking
[2026-04-03T03:40:04.131+0600][35.429s][info][gc,ergo     ] GC(21) Adaptive CSet Selection. Target Free: 283M, Actual Free: 1407M, Max CSet: 85333K, Min Garbage: 0B
[2026-04-03T03:40:04.132+0600][35.429s][info][gc,ergo     ] GC(21) Collectable Garbage: 580M (99%), Immediate: 327M (56%), CSet: 253M (43%)
[2026-04-03T03:40:04.132+0600][35.429s][info][gc,ergo     ] GC(21) Pacer for Evacuation. Used CSet: 292M, Free: 1354M, Non-Taxable: 135M, Alloc Tax Rate: 1.1x
[2026-04-03T03:40:04.132+0600][35.429s][info][gc          ] GC(21) Pause Final Mark (unload classes) 1.119ms
[2026-04-03T03:40:04.132+0600][35.430s][info][gc,start    ] GC(21) Concurrent thread roots
[2026-04-03T03:40:04.132+0600][35.430s][info][gc,task     ] GC(21) Using 3 of 6 workers for Concurrent thread roots
[2026-04-03T03:40:04.133+0600][35.430s][info][gc          ] GC(21) Concurrent thread roots 0.865ms
[2026-04-03T03:40:04.133+0600][35.431s][info][gc,start    ] GC(21) Concurrent weak references
[2026-04-03T03:40:04.133+0600][35.431s][info][gc,task     ] GC(21) Using 3 of 6 workers for concurrent weak references
[2026-04-03T03:40:04.134+0600][35.432s][info][gc,ref      ] GC(21) Encountered references: Soft: 3519, Weak: 6412, Final: 84, Phantom: 600
[2026-04-03T03:40:04.134+0600][35.432s][info][gc,ref      ] GC(21) Discovered  references: Soft: 0, Weak: 3664, Final: 52, Phantom: 597
[2026-04-03T03:40:04.134+0600][35.432s][info][gc,ref      ] GC(21) Enqueued    references: Soft: 0, Weak: 219, Final: 0, Phantom: 0
[2026-04-03T03:40:04.134+0600][35.432s][info][gc          ] GC(21) Concurrent weak references 1.118ms
[2026-04-03T03:40:04.134+0600][35.432s][info][gc,start    ] GC(21) Concurrent weak roots
[2026-04-03T03:40:04.134+0600][35.432s][info][gc,task     ] GC(21) Using 3 of 6 workers for concurrent weak root
[2026-04-03T03:40:04.137+0600][35.434s][info][gc          ] GC(21) Concurrent weak roots 2.567ms
[2026-04-03T03:40:04.137+0600][35.434s][info][gc,start    ] GC(21) Concurrent cleanup
[2026-04-03T03:40:04.138+0600][35.435s][info][gc          ] GC(21) Concurrent cleanup 873M->547M(2000M) 0.821ms
[2026-04-03T03:40:04.138+0600][35.435s][info][gc,ergo     ] GC(21) Free: 1347M, Max: 512K regular, 494M humongous, Frag: 64% external, 0% internal; Reserve: 102023K, Max: 512K
[2026-04-03T03:40:04.138+0600][35.435s][info][gc,start    ] GC(21) Concurrent class unloading
[2026-04-03T03:40:04.138+0600][35.435s][info][gc,task     ] GC(21) Using 3 of 6 workers for concurrent class unloading
[2026-04-03T03:40:04.146+0600][35.443s][info][gc          ] GC(21) Concurrent class unloading 7.797ms
[2026-04-03T03:40:04.146+0600][35.443s][info][gc,start    ] GC(21) Concurrent strong roots
[2026-04-03T03:40:04.146+0600][35.443s][info][gc,task     ] GC(21) Using 3 of 6 workers for concurrent strong root
[2026-04-03T03:40:04.146+0600][35.444s][info][gc          ] GC(21) Concurrent strong roots 0.824ms
[2026-04-03T03:40:04.146+0600][35.444s][info][gc,start    ] GC(21) Concurrent evacuation
[2026-04-03T03:40:04.147+0600][35.444s][info][gc,task     ] GC(21) Using 3 of 6 workers for concurrent evacuation
[2026-04-03T03:40:04.182+0600][35.480s][info][gc          ] GC(21) Concurrent evacuation 35.978ms
[2026-04-03T03:40:04.183+0600][35.480s][info][gc,start    ] GC(21) Pause Init Update Refs
[2026-04-03T03:40:04.183+0600][35.480s][info][gc,ergo     ] GC(21) Pacer for Update Refs. Used: 629M, Free: 1305M, Non-Taxable: 130M, Alloc Tax Rate: 1.1x
[2026-04-03T03:40:04.183+0600][35.480s][info][gc          ] GC(21) Pause Init Update Refs 0.119ms
[2026-04-03T03:40:04.183+0600][35.481s][info][gc,start    ] GC(21) Concurrent update references
[2026-04-03T03:40:04.183+0600][35.481s][info][gc,task     ] GC(21) Using 3 of 6 workers for concurrent reference update
[2026-04-03T03:40:04.305+0600][35.603s][info][gc          ] GC(21) Concurrent update references 122.401ms
[2026-04-03T03:40:04.306+0600][35.603s][info][gc,start    ] GC(21) Concurrent update thread roots
[2026-04-03T03:40:04.306+0600][35.604s][info][gc          ] GC(21) Concurrent update thread roots 0.775ms
[2026-04-03T03:40:04.307+0600][35.604s][info][gc,start    ] GC(21) Pause Final Update Refs
[2026-04-03T03:40:04.307+0600][35.604s][info][gc,task     ] GC(21) Using 6 of 6 workers for final reference update
[2026-04-03T03:40:04.307+0600][35.604s][info][gc          ] GC(21) Pause Final Update Refs 0.222ms
[2026-04-03T03:40:04.307+0600][35.604s][info][gc,start    ] GC(21) Concurrent cleanup
[2026-04-03T03:40:04.308+0600][35.605s][info][gc          ] GC(21) Concurrent cleanup 756M->464M(2000M) 0.739ms
[2026-04-03T03:40:04.308+0600][35.605s][info][gc,ergo     ] Free: 1432M, Max: 512K regular, 575M humongous, Frag: 60% external, 0% internal; Reserve: 100M, Max: 512K
[2026-04-03T03:40:04.308+0600][35.605s][info][gc,stats    ] 
[2026-04-03T03:40:04.308+0600][35.605s][info][gc,stats    ] All times are wall-clock times, except per-root-class counters, that are sum over
[2026-04-03T03:40:04.308+0600][35.605s][info][gc,stats    ] all workers. Dividing the <total> over the root stage time estimates parallelism.
[2026-04-03T03:40:04.308+0600][35.605s][info][gc,stats    ] 
[2026-04-03T03:40:04.308+0600][35.605s][info][gc,stats    ] Concurrent Reset                   1656 us
[2026-04-03T03:40:04.308+0600][35.605s][info][gc,stats    ] Pause Init Mark (G)                 385 us
[2026-04-03T03:40:04.308+0600][35.605s][info][gc,stats    ] Pause Init Mark (N)                 156 us
[2026-04-03T03:40:04.308+0600][35.605s][info][gc,stats    ]   Update Region States               45 us
[2026-04-03T03:40:04.308+0600][35.605s][info][gc,stats    ] Concurrent Mark Roots               770 us, parallelism: 1.88x
[2026-04-03T03:40:04.308+0600][35.605s][info][gc,stats    ]   CMR: <total>                     1446 us
[2026-04-03T03:40:04.308+0600][35.605s][info][gc,stats    ]   CMR: Thread Roots                1161 us, workers (us): 228, 469, 465, ---, ---, ---, 
[2026-04-03T03:40:04.308+0600][35.605s][info][gc,stats    ]   CMR: VM Strong Roots               38 us, workers (us):  18,  19,   0, ---, ---, ---, 
[2026-04-03T03:40:04.308+0600][35.605s][info][gc,stats    ]   CMR: CLDG Roots                   246 us, workers (us): 246, ---, ---, ---, ---, ---, 
[2026-04-03T03:40:04.308+0600][35.605s][info][gc,stats    ] Concurrent Marking               222609 us
[2026-04-03T03:40:04.308+0600][35.605s][info][gc,stats    ] Pause Final Mark (G)               1545 us
[2026-04-03T03:40:04.308+0600][35.605s][info][gc,stats    ] Pause Final Mark (N)               1132 us
[2026-04-03T03:40:04.308+0600][35.605s][info][gc,stats    ]   Finish Mark                       417 us
[2026-04-03T03:40:04.308+0600][35.605s][info][gc,stats    ]   Update Region States               76 us
[2026-04-03T03:40:04.308+0600][35.605s][info][gc,stats    ]   Choose Collection Set             448 us
[2026-04-03T03:40:04.308+0600][35.605s][info][gc,stats    ]   Rebuild Free Set                   64 us
[2026-04-03T03:40:04.308+0600][35.605s][info][gc,stats    ] Concurrent Thread Roots             926 us, parallelism: 2.12x
[2026-04-03T03:40:04.308+0600][35.605s][info][gc,stats    ]   CTR: <total>                     1969 us
[2026-04-03T03:40:04.308+0600][35.605s][info][gc,stats    ]   CTR: Thread Roots                1969 us, workers (us): 686, 663, 620, ---, ---, ---, 
[2026-04-03T03:40:04.308+0600][35.605s][info][gc,stats    ] Concurrent Weak References         1129 us, parallelism: 0.95x
[2026-04-03T03:40:04.308+0600][35.605s][info][gc,stats    ]   CWRF: <total>                    1072 us
[2026-04-03T03:40:04.308+0600][35.605s][info][gc,stats    ]   CWRF: Weak References            1072 us, workers (us): 883,  75, 114, ---, ---, ---, 
[2026-04-03T03:40:04.308+0600][35.605s][info][gc,stats    ] Concurrent Weak Roots              2639 us
[2026-04-03T03:40:04.308+0600][35.605s][info][gc,stats    ]   Roots                            2257 us, parallelism: 2.59x
[2026-04-03T03:40:04.308+0600][35.605s][info][gc,stats    ]     CWR: <total>                   5847 us
[2026-04-03T03:40:04.308+0600][35.605s][info][gc,stats    ]     CWR: Code Cache Roots          3836 us, workers (us): 1268, 1300, 1268, ---, ---, ---, 
[2026-04-03T03:40:04.308+0600][35.605s][info][gc,stats    ]     CWR: VM Weak Roots             1913 us, workers (us): 655, 647, 611, ---, ---, ---, 
[2026-04-03T03:40:04.308+0600][35.605s][info][gc,stats    ]     CWR: CLDG Roots                  98 us, workers (us):  98, ---, ---, ---, ---, ---, 
[2026-04-03T03:40:04.308+0600][35.605s][info][gc,stats    ]   Rendezvous                        283 us
[2026-04-03T03:40:04.308+0600][35.605s][info][gc,stats    ] Concurrent Cleanup                  840 us
[2026-04-03T03:40:04.308+0600][35.605s][info][gc,stats    ] Concurrent Class Unloading         7880 us
[2026-04-03T03:40:04.308+0600][35.605s][info][gc,stats    ]   Unlink Stale                     6275 us
[2026-04-03T03:40:04.308+0600][35.605s][info][gc,stats    ]     System Dictionary               149 us
[2026-04-03T03:40:04.308+0600][35.605s][info][gc,stats    ]     Weak Class Links                  0 us
[2026-04-03T03:40:04.308+0600][35.605s][info][gc,stats    ]     Code Roots                     6122 us
[2026-04-03T03:40:04.308+0600][35.605s][info][gc,stats    ]   Rendezvous                        176 us
[2026-04-03T03:40:04.308+0600][35.606s][info][gc,stats    ]   Purge Unlinked                   1314 us
[2026-04-03T03:40:04.308+0600][35.606s][info][gc,stats    ]     Code Roots                     1296 us
[2026-04-03T03:40:04.308+0600][35.606s][info][gc,stats    ]     CLDG                             18 us
[2026-04-03T03:40:04.308+0600][35.606s][info][gc,stats    ]     Exception Caches                  0 us
[2026-04-03T03:40:04.308+0600][35.606s][info][gc,stats    ] Concurrent Strong Roots             853 us, parallelism: 0.67x
[2026-04-03T03:40:04.308+0600][35.606s][info][gc,stats    ]   CSR: <total>                      573 us
[2026-04-03T03:40:04.308+0600][35.606s][info][gc,stats    ]   CSR: VM Strong Roots               37 us, workers (us):  31,   6,   1, ---, ---, ---, 
[2026-04-03T03:40:04.308+0600][35.606s][info][gc,stats    ]   CSR: CLDG Roots                   536 us, workers (us): 536, ---, ---, ---, ---, ---, 
[2026-04-03T03:40:04.308+0600][35.606s][info][gc,stats    ] Concurrent Evacuation             36089 us
[2026-04-03T03:40:04.308+0600][35.606s][info][gc,stats    ] Pause Init Update Refs (G)          497 us
[2026-04-03T03:40:04.308+0600][35.606s][info][gc,stats    ] Pause Init Update Refs (N)          132 us
[2026-04-03T03:40:04.308+0600][35.606s][info][gc,stats    ]   Manage GCLABs                      35 us
[2026-04-03T03:40:04.308+0600][35.606s][info][gc,stats    ] Concurrent Update Refs           122556 us
[2026-04-03T03:40:04.308+0600][35.606s][info][gc,stats    ] Concurrent Update Thread Roots      807 us
[2026-04-03T03:40:04.308+0600][35.606s][info][gc,stats    ] Pause Final Update Refs (G)         420 us
[2026-04-03T03:40:04.308+0600][35.606s][info][gc,stats    ] Pause Final Update Refs (N)         274 us
[2026-04-03T03:40:04.308+0600][35.606s][info][gc,stats    ]   Update Region States               65 us
[2026-04-03T03:40:04.308+0600][35.606s][info][gc,stats    ]   Trash Collection Set               17 us
[2026-04-03T03:40:04.308+0600][35.606s][info][gc,stats    ]   Rebuild Free Set                   48 us
[2026-04-03T03:40:04.308+0600][35.606s][info][gc,stats    ] Concurrent Cleanup                  756 us
[2026-04-03T03:40:04.308+0600][35.606s][info][gc,stats    ] 
[2026-04-03T03:40:04.308+0600][35.606s][info][gc,stats    ] Allocation pacing accrued:
[2026-04-03T03:40:04.308+0600][35.606s][info][gc,stats    ]       0 of  1512 ms (  0.0%): <total>
[2026-04-03T03:40:04.308+0600][35.606s][info][gc,stats    ]       0 of  1512 ms (  0.0%): <average total>
[2026-04-03T03:40:04.308+0600][35.606s][info][gc,stats    ] 
[2026-04-03T03:40:04.308+0600][35.606s][info][gc,metaspace] Metaspace: 72376K(73280K)->72492K(73408K) NonClass: 63118K(63616K)->63216K(63744K) Class: 9258K(9664K)->9276K(9664K)
[2026-04-03T03:40:04.308+0600][35.606s][info][gc,ergo     ] Pacer for Idle. Initial: 40960K, Alloc Tax Rate: 1.0x
[2026-04-03T03:40:04.534+0600][35.832s][info][gc          ] Trigger: Explicit GC request (System.gc())
[2026-04-03T03:40:04.534+0600][35.832s][info][gc,ergo     ] Free: 1126M, Max: 512K regular, 575M humongous, Frag: 49% external, 0% internal; Reserve: 100M, Max: 512K
[2026-04-03T03:40:04.534+0600][35.832s][info][gc,start    ] GC(22) Concurrent reset
[2026-04-03T03:40:04.534+0600][35.832s][info][gc,task     ] GC(22) Using 3 of 6 workers for concurrent reset
[2026-04-03T03:40:04.534+0600][35.832s][info][gc,ergo     ] GC(22) Pacer for Reset. Non-Taxable: 2000M
[2026-04-03T03:40:04.535+0600][35.833s][info][gc          ] GC(22) Concurrent reset 1.152ms
[2026-04-03T03:40:04.536+0600][35.833s][info][gc,start    ] GC(22) Pause Init Mark (unload classes)
[2026-04-03T03:40:04.536+0600][35.833s][info][gc,task     ] GC(22) Using 6 of 6 workers for init marking
[2026-04-03T03:40:04.536+0600][35.833s][info][gc,ref      ] GC(22) Clearing All SoftReferences
[2026-04-03T03:40:04.536+0600][35.833s][info][gc,ergo     ] GC(22) Pacer for Mark. Expected Live: 225M, Free: 1126M, Non-Taxable: 112M, Alloc Tax Rate: 0.2x
[2026-04-03T03:40:04.536+0600][35.833s][info][gc          ] GC(22) Pause Init Mark (unload classes) 0.134ms
[2026-04-03T03:40:04.536+0600][35.833s][info][gc,start    ] GC(22) Concurrent marking roots
[2026-04-03T03:40:04.536+0600][35.833s][info][gc,task     ] GC(22) Using 3 of 6 workers for concurrent marking roots
[2026-04-03T03:40:04.537+0600][35.834s][info][gc          ] GC(22) Concurrent marking roots 0.790ms
[2026-04-03T03:40:04.537+0600][35.834s][info][gc,start    ] GC(22) Concurrent marking (unload classes)
[2026-04-03T03:40:04.537+0600][35.834s][info][gc,task     ] GC(22) Using 3 of 6 workers for concurrent marking
[2026-04-03T03:40:04.666+0600][35.963s][info][gc          ] GC(22) Concurrent marking (unload classes) 129.292ms
[2026-04-03T03:40:04.666+0600][35.964s][info][gc,start    ] GC(22) Pause Final Mark (unload classes)
[2026-04-03T03:40:04.666+0600][35.964s][info][gc,task     ] GC(22) Using 6 of 6 workers for final marking
[2026-04-03T03:40:04.667+0600][35.964s][info][gc,ergo     ] GC(22) Collectable Garbage: 595M (95%), Immediate: 595M (95%), CSet: 0B (0%)
[2026-04-03T03:40:04.667+0600][35.964s][info][gc          ] GC(22) Pause Final Mark (unload classes) 0.589ms
[2026-04-03T03:40:04.667+0600][35.964s][info][gc,start    ] GC(22) Concurrent weak references
[2026-04-03T03:40:04.667+0600][35.964s][info][gc,task     ] GC(22) Using 3 of 6 workers for concurrent weak references
[2026-04-03T03:40:04.667+0600][35.965s][info][gc,ref      ] GC(22) Encountered references: Soft: 3369, Weak: 6177, Final: 84, Phantom: 600
[2026-04-03T03:40:04.667+0600][35.965s][info][gc,ref      ] GC(22) Discovered  references: Soft: 3124, Weak: 435, Final: 0, Phantom: 597
[2026-04-03T03:40:04.667+0600][35.965s][info][gc,ref      ] GC(22) Enqueued    references: Soft: 612, Weak: 113, Final: 0, Phantom: 0
[2026-04-03T03:40:04.668+0600][35.965s][info][gc          ] GC(22) Concurrent weak references 0.608ms
[2026-04-03T03:40:04.668+0600][35.965s][info][gc,start    ] GC(22) Concurrent weak roots
[2026-04-03T03:40:04.668+0600][35.965s][info][gc,task     ] GC(22) Using 3 of 6 workers for concurrent weak root
[2026-04-03T03:40:04.670+0600][35.967s][info][gc          ] GC(22) Concurrent weak roots 2.069ms
[2026-04-03T03:40:04.670+0600][35.967s][info][gc,start    ] GC(22) Concurrent cleanup
[2026-04-03T03:40:04.670+0600][35.968s][info][gc          ] GC(22) Concurrent cleanup 770M->174M(2000M) 0.432ms
[2026-04-03T03:40:04.670+0600][35.968s][info][gc,ergo     ] GC(22) Free: 1722M, Max: 512K regular, 576M humongous, Frag: 67% external, 0% internal; Reserve: 100M, Max: 512K
[2026-04-03T03:40:04.670+0600][35.968s][info][gc,start    ] GC(22) Concurrent class unloading
[2026-04-03T03:40:04.670+0600][35.968s][info][gc,task     ] GC(22) Using 3 of 6 workers for concurrent class unloading
[2026-04-03T03:40:04.691+0600][35.988s][info][gc          ] GC(22) Concurrent class unloading 20.749ms
[2026-04-03T03:40:04.691+0600][35.989s][info][gc,start    ] GC(22) Pause Final Roots
[2026-04-03T03:40:04.691+0600][35.989s][info][gc          ] GC(22) Pause Final Roots 0.051ms
[2026-04-03T03:40:04.692+0600][35.989s][info][gc,ergo     ] Free: 1718M, Max: 512K regular, 576M humongous, Frag: 67% external, 0% internal; Reserve: 100M, Max: 512K
[2026-04-03T03:40:04.692+0600][35.989s][info][gc,stats    ] 
[2026-04-03T03:40:04.692+0600][35.989s][info][gc,stats    ] All times are wall-clock times, except per-root-class counters, that are sum over
[2026-04-03T03:40:04.692+0600][35.989s][info][gc,stats    ] all workers. Dividing the <total> over the root stage time estimates parallelism.
[2026-04-03T03:40:04.692+0600][35.989s][info][gc,stats    ] 
[2026-04-03T03:40:04.692+0600][35.989s][info][gc,stats    ] Concurrent Reset                   1205 us
[2026-04-03T03:40:04.692+0600][35.989s][info][gc,stats    ] Pause Init Mark (G)                 348 us
[2026-04-03T03:40:04.692+0600][35.989s][info][gc,stats    ] Pause Init Mark (N)                 141 us
[2026-04-03T03:40:04.692+0600][35.989s][info][gc,stats    ]   Update Region States               28 us
[2026-04-03T03:40:04.692+0600][35.989s][info][gc,stats    ] Concurrent Mark Roots               825 us, parallelism: 1.14x
[2026-04-03T03:40:04.692+0600][35.989s][info][gc,stats    ]   CMR: <total>                      937 us
[2026-04-03T03:40:04.692+0600][35.989s][info][gc,stats    ]   CMR: Thread Roots                 743 us, workers (us): 159, 312, 271, ---, ---, ---, 
[2026-04-03T03:40:04.692+0600][35.989s][info][gc,stats    ]   CMR: VM Strong Roots               24 us, workers (us):  22,   2,   1, ---, ---, ---, 
[2026-04-03T03:40:04.692+0600][35.989s][info][gc,stats    ]   CMR: CLDG Roots                   170 us, workers (us): 170, ---, ---, ---, ---, ---, 
[2026-04-03T03:40:04.692+0600][35.989s][info][gc,stats    ] Concurrent Marking               129371 us
[2026-04-03T03:40:04.692+0600][35.989s][info][gc,stats    ] Pause Final Mark (G)                870 us
[2026-04-03T03:40:04.692+0600][35.989s][info][gc,stats    ] Pause Final Mark (N)                630 us
[2026-04-03T03:40:04.692+0600][35.989s][info][gc,stats    ]   Finish Mark                       273 us
[2026-04-03T03:40:04.692+0600][35.989s][info][gc,stats    ]   Update Region States               56 us
[2026-04-03T03:40:04.692+0600][35.989s][info][gc,stats    ]   Choose Collection Set             111 us
[2026-04-03T03:40:04.692+0600][35.989s][info][gc,stats    ]   Rebuild Free Set                   69 us
[2026-04-03T03:40:04.692+0600][35.989s][info][gc,stats    ] Concurrent Weak References          619 us, parallelism: 0.89x
[2026-04-03T03:40:04.692+0600][35.990s][info][gc,stats    ]   CWRF: <total>                     550 us
[2026-04-03T03:40:04.692+0600][35.990s][info][gc,stats    ]   CWRF: Weak References             550 us, workers (us): 239, 262,  49, ---, ---, ---, 
[2026-04-03T03:40:04.692+0600][35.990s][info][gc,stats    ] Concurrent Weak Roots              2151 us
[2026-04-03T03:40:04.692+0600][35.990s][info][gc,stats    ]   Roots                            1640 us, parallelism: 2.43x
[2026-04-03T03:40:04.692+0600][35.990s][info][gc,stats    ]     CWR: <total>                   3986 us
[2026-04-03T03:40:04.692+0600][35.990s][info][gc,stats    ]     CWR: Code Cache Roots          2857 us, workers (us): 972, 960, 924, ---, ---, ---, 
[2026-04-03T03:40:04.692+0600][35.990s][info][gc,stats    ]     CWR: VM Weak Roots             1066 us, workers (us): 374, 360, 333, ---, ---, ---, 
[2026-04-03T03:40:04.692+0600][35.990s][info][gc,stats    ]     CWR: CLDG Roots                  63 us, workers (us): ---, ---,  63, ---, ---, ---, 
[2026-04-03T03:40:04.692+0600][35.990s][info][gc,stats    ]   Rendezvous                        386 us
[2026-04-03T03:40:04.692+0600][35.990s][info][gc,stats    ] Concurrent Cleanup                  489 us
[2026-04-03T03:40:04.692+0600][35.990s][info][gc,stats    ] Concurrent Class Unloading        20829 us
[2026-04-03T03:40:04.692+0600][35.990s][info][gc,stats    ]   Unlink Stale                    18756 us
[2026-04-03T03:40:04.692+0600][35.990s][info][gc,stats    ]     System Dictionary               519 us
[2026-04-03T03:40:04.692+0600][35.990s][info][gc,stats    ]     Weak Class Links              12526 us
[2026-04-03T03:40:04.692+0600][35.990s][info][gc,stats    ]     Code Roots                     5706 us
[2026-04-03T03:40:04.692+0600][35.990s][info][gc,stats    ]   Rendezvous                        377 us
[2026-04-03T03:40:04.692+0600][35.990s][info][gc,stats    ]   Purge Unlinked                   1579 us
[2026-04-03T03:40:04.692+0600][35.990s][info][gc,stats    ]     Code Roots                     1029 us
[2026-04-03T03:40:04.692+0600][35.990s][info][gc,stats    ]     CLDG                            549 us
[2026-04-03T03:40:04.692+0600][35.990s][info][gc,stats    ]     Exception Caches                  0 us
[2026-04-03T03:40:04.692+0600][35.990s][info][gc,stats    ] Pause Final Roots (G)               511 us
[2026-04-03T03:40:04.692+0600][35.990s][info][gc,stats    ] Pause Final Roots (N)                68 us
[2026-04-03T03:40:04.692+0600][35.990s][info][gc,stats    ] 
[2026-04-03T03:40:04.692+0600][35.990s][info][gc,stats    ] Allocation pacing accrued:
[2026-04-03T03:40:04.692+0600][35.990s][info][gc,stats    ]       0 of   384 ms (  0.0%): <total>
[2026-04-03T03:40:04.692+0600][35.990s][info][gc,stats    ]       0 of   384 ms (  0.0%): <average total>
[2026-04-03T03:40:04.692+0600][35.990s][info][gc,stats    ] 
[2026-04-03T03:40:04.692+0600][35.990s][info][gc,metaspace] Metaspace: 72616K(73472K)->72160K(73472K) NonClass: 63322K(63808K)->62950K(63808K) Class: 9294K(9664K)->9210K(9664K)
[2026-04-03T03:40:04.692+0600][35.990s][info][gc,ergo     ] Pacer for Idle. Initial: 40960K, Alloc Tax Rate: 1.0x
[2026-04-03T03:40:04.692+0600][35.990s][info][gc,start    ] Concurrent uncommit
[2026-04-03T03:40:04.972+0600][36.270s][info][gc          ] Concurrent uncommit 179M->203M(208M) 279.819ms
[2026-04-03T03:40:05.452+0600][36.750s][info][gc          ] Trigger: Learning 2 of 5. Free (1399M) is below initial threshold (1400M)
[2026-04-03T03:40:05.452+0600][36.750s][info][gc,ergo     ] Free: 1398M, Max: 512K regular, 576M humongous, Frag: 59% external, 0% internal; Reserve: 100M, Max: 512K
[2026-04-03T03:40:05.452+0600][36.750s][info][gc,start    ] GC(23) Concurrent reset
[2026-04-03T03:40:05.453+0600][36.750s][info][gc,task     ] GC(23) Using 3 of 6 workers for concurrent reset
[2026-04-03T03:40:05.453+0600][36.750s][info][gc,ergo     ] GC(23) Pacer for Reset. Non-Taxable: 2000M
[2026-04-03T03:40:05.453+0600][36.751s][info][gc          ] GC(23) Concurrent reset 0.889ms
[2026-04-03T03:40:05.454+0600][36.751s][info][gc,start    ] GC(23) Pause Init Mark (unload classes)
[2026-04-03T03:40:05.454+0600][36.751s][info][gc,task     ] GC(23) Using 6 of 6 workers for init marking
[2026-04-03T03:40:05.454+0600][36.751s][info][gc,ergo     ] GC(23) Pacer for Mark. Expected Live: 201M, Free: 1398M, Non-Taxable: 139M, Alloc Tax Rate: 0.2x
[2026-04-03T03:40:05.454+0600][36.751s][info][gc          ] GC(23) Pause Init Mark (unload classes) 0.147ms
[2026-04-03T03:40:05.454+0600][36.751s][info][gc,start    ] GC(23) Concurrent marking roots
[2026-04-03T03:40:05.454+0600][36.751s][info][gc,task     ] GC(23) Using 3 of 6 workers for concurrent marking roots
[2026-04-03T03:40:05.455+0600][36.752s][info][gc          ] GC(23) Concurrent marking roots 0.981ms
[2026-04-03T03:40:05.455+0600][36.752s][info][gc,start    ] GC(23) Concurrent marking (unload classes)
[2026-04-03T03:40:05.455+0600][36.752s][info][gc,task     ] GC(23) Using 3 of 6 workers for concurrent marking
[2026-04-03T03:40:05.824+0600][37.122s][info][gc          ] GC(23) Concurrent marking (unload classes) 369.273ms
[2026-04-03T03:40:05.824+0600][37.122s][info][gc,start    ] GC(23) Pause Final Mark (unload classes)
[2026-04-03T03:40:05.824+0600][37.122s][info][gc,task     ] GC(23) Using 6 of 6 workers for final marking
[2026-04-03T03:40:05.825+0600][37.122s][info][gc,ergo     ] GC(23) Adaptive CSet Selection. Target Free: 283M, Actual Free: 1319M, Max CSet: 85333K, Min Garbage: 0B
[2026-04-03T03:40:05.825+0600][37.123s][info][gc,ergo     ] GC(23) Collectable Garbage: 252M (98%), Immediate: 23222K (8%), CSet: 230M (89%)
[2026-04-03T03:40:05.825+0600][37.123s][info][gc,ergo     ] GC(23) Pacer for Evacuation. Used CSet: 312M, Free: 1225M, Non-Taxable: 122M, Alloc Tax Rate: 1.1x
[2026-04-03T03:40:05.825+0600][37.123s][info][gc          ] GC(23) Pause Final Mark (unload classes) 0.910ms
[2026-04-03T03:40:05.825+0600][37.123s][info][gc,start    ] GC(23) Concurrent thread roots
[2026-04-03T03:40:05.825+0600][37.123s][info][gc,task     ] GC(23) Using 3 of 6 workers for Concurrent thread roots
[2026-04-03T03:40:05.826+0600][37.124s][info][gc          ] GC(23) Concurrent thread roots 0.858ms
[2026-04-03T03:40:05.826+0600][37.124s][info][gc,start    ] GC(23) Concurrent weak references
[2026-04-03T03:40:05.826+0600][37.124s][info][gc,task     ] GC(23) Using 3 of 6 workers for concurrent weak references
[2026-04-03T03:40:05.827+0600][37.124s][info][gc,ref      ] GC(23) Encountered references: Soft: 3155, Weak: 6330, Final: 84, Phantom: 600
[2026-04-03T03:40:05.827+0600][37.124s][info][gc,ref      ] GC(23) Discovered  references: Soft: 0, Weak: 587, Final: 0, Phantom: 597
[2026-04-03T03:40:05.827+0600][37.124s][info][gc,ref      ] GC(23) Enqueued    references: Soft: 0, Weak: 118, Final: 0, Phantom: 0
[2026-04-03T03:40:05.827+0600][37.124s][info][gc          ] GC(23) Concurrent weak references 0.410ms
[2026-04-03T03:40:05.827+0600][37.124s][info][gc,start    ] GC(23) Concurrent weak roots
[2026-04-03T03:40:05.827+0600][37.124s][info][gc,task     ] GC(23) Using 3 of 6 workers for concurrent weak root
[2026-04-03T03:40:05.830+0600][37.128s][info][gc          ] GC(23) Concurrent weak roots 3.318ms
[2026-04-03T03:40:05.830+0600][37.128s][info][gc,start    ] GC(23) Concurrent cleanup
[2026-04-03T03:40:05.831+0600][37.128s][info][gc          ] GC(23) Concurrent cleanup 691M->669M(706M) 0.807ms
[2026-04-03T03:40:05.831+0600][37.128s][info][gc,ergo     ] GC(23) Free: 1223M, Max: 512K regular, 576M humongous, Frag: 53% external, 0% internal; Reserve: 101214K, Max: 512K
[2026-04-03T03:40:05.831+0600][37.128s][info][gc,start    ] GC(23) Concurrent class unloading
[2026-04-03T03:40:05.831+0600][37.129s][info][gc,task     ] GC(23) Using 3 of 6 workers for concurrent class unloading
[2026-04-03T03:40:05.853+0600][37.150s][info][gc          ] GC(23) Concurrent class unloading 21.661ms
[2026-04-03T03:40:05.853+0600][37.150s][info][gc,start    ] GC(23) Concurrent strong roots
[2026-04-03T03:40:05.853+0600][37.150s][info][gc,task     ] GC(23) Using 3 of 6 workers for concurrent strong root
[2026-04-03T03:40:05.854+0600][37.152s][info][gc          ] GC(23) Concurrent strong roots 1.414ms
[2026-04-03T03:40:05.854+0600][37.152s][info][gc,start    ] GC(23) Concurrent evacuation
[2026-04-03T03:40:05.854+0600][37.152s][info][gc,task     ] GC(23) Using 3 of 6 workers for concurrent evacuation
[2026-04-03T03:40:05.943+0600][37.241s][info][gc          ] GC(23) Concurrent evacuation 88.806ms
[2026-04-03T03:40:05.943+0600][37.241s][info][gc,start    ] GC(23) Pause Init Update Refs
[2026-04-03T03:40:05.943+0600][37.241s][info][gc,ergo     ] GC(23) Pacer for Update Refs. Used: 805M, Free: 1169M, Non-Taxable: 116M, Alloc Tax Rate: 1.1x
[2026-04-03T03:40:05.943+0600][37.241s][info][gc          ] GC(23) Pause Init Update Refs 0.087ms
[2026-04-03T03:40:05.943+0600][37.241s][info][gc,start    ] GC(23) Concurrent update references
[2026-04-03T03:40:05.944+0600][37.241s][info][gc,task     ] GC(23) Using 3 of 6 workers for concurrent reference update
[2026-04-03T03:40:06.134+0600][37.432s][info][gc          ] GC(23) Concurrent update references 190.860ms
[2026-04-03T03:40:06.134+0600][37.432s][info][gc,start    ] GC(23) Concurrent update thread roots
[2026-04-03T03:40:06.135+0600][37.433s][info][gc          ] GC(23) Concurrent update thread roots 0.870ms
[2026-04-03T03:40:06.135+0600][37.433s][info][gc,start    ] GC(23) Pause Final Update Refs
[2026-04-03T03:40:06.136+0600][37.433s][info][gc,task     ] GC(23) Using 6 of 6 workers for final reference update
[2026-04-03T03:40:06.136+0600][37.433s][info][gc          ] GC(23) Pause Final Update Refs 0.178ms
[2026-04-03T03:40:06.136+0600][37.433s][info][gc,start    ] GC(23) Concurrent cleanup
[2026-04-03T03:40:06.137+0600][37.434s][info][gc          ] GC(23) Concurrent cleanup 896M->584M(907M) 0.786ms
[2026-04-03T03:40:06.137+0600][37.434s][info][gc,ergo     ] Free: 1306M, Max: 512K regular, 562M humongous, Frag: 57% external, 0% internal; Reserve: 100M, Max: 512K
[2026-04-03T03:40:06.137+0600][37.434s][info][gc,stats    ] 
[2026-04-03T03:40:06.137+0600][37.434s][info][gc,stats    ] All times are wall-clock times, except per-root-class counters, that are sum over
[2026-04-03T03:40:06.137+0600][37.434s][info][gc,stats    ] all workers. Dividing the <total> over the root stage time estimates parallelism.
[2026-04-03T03:40:06.137+0600][37.434s][info][gc,stats    ] 
[2026-04-03T03:40:06.137+0600][37.434s][info][gc,stats    ] Concurrent Reset                    928 us
[2026-04-03T03:40:06.137+0600][37.434s][info][gc,stats    ] Pause Init Mark (G)                 367 us
[2026-04-03T03:40:06.137+0600][37.434s][info][gc,stats    ] Pause Init Mark (N)                 155 us
[2026-04-03T03:40:06.137+0600][37.434s][info][gc,stats    ]   Update Region States               51 us
[2026-04-03T03:40:06.137+0600][37.434s][info][gc,stats    ] Concurrent Mark Roots              1010 us, parallelism: 1.92x
[2026-04-03T03:40:06.137+0600][37.434s][info][gc,stats    ]   CMR: <total>                     1936 us
[2026-04-03T03:40:06.137+0600][37.434s][info][gc,stats    ]   CMR: Thread Roots                1621 us, workers (us): 340, 680, 602, ---, ---, ---, 
[2026-04-03T03:40:06.137+0600][37.434s][info][gc,stats    ]   CMR: VM Strong Roots               31 us, workers (us):  30,   1,   1, ---, ---, ---, 
[2026-04-03T03:40:06.137+0600][37.434s][info][gc,stats    ]   CMR: CLDG Roots                   283 us, workers (us): 283, ---, ---, ---, ---, ---, 
[2026-04-03T03:40:06.137+0600][37.434s][info][gc,stats    ] Concurrent Marking               369376 us
[2026-04-03T03:40:06.137+0600][37.434s][info][gc,stats    ] Pause Final Mark (G)               1214 us
[2026-04-03T03:40:06.137+0600][37.434s][info][gc,stats    ] Pause Final Mark (N)                928 us
[2026-04-03T03:40:06.137+0600][37.434s][info][gc,stats    ]   Finish Mark                       280 us
[2026-04-03T03:40:06.137+0600][37.434s][info][gc,stats    ]   Update Region States               63 us
[2026-04-03T03:40:06.137+0600][37.434s][info][gc,stats    ]   Choose Collection Set             368 us
[2026-04-03T03:40:06.137+0600][37.434s][info][gc,stats    ]   Rebuild Free Set                   49 us
[2026-04-03T03:40:06.137+0600][37.434s][info][gc,stats    ] Concurrent Thread Roots             893 us, parallelism: 2.34x
[2026-04-03T03:40:06.137+0600][37.434s][info][gc,stats    ]   CTR: <total>                     2092 us
[2026-04-03T03:40:06.137+0600][37.434s][info][gc,stats    ]   CTR: Thread Roots                2092 us, workers (us): 764, 686, 642, ---, ---, ---, 
[2026-04-03T03:40:06.137+0600][37.434s][info][gc,stats    ] Concurrent Weak References          424 us, parallelism: 0.94x
[2026-04-03T03:40:06.137+0600][37.434s][info][gc,stats    ]   CWRF: <total>                     398 us
[2026-04-03T03:40:06.137+0600][37.434s][info][gc,stats    ]   CWRF: Weak References             398 us, workers (us): 175,  40, 183, ---, ---, ---, 
[2026-04-03T03:40:06.137+0600][37.434s][info][gc,stats    ] Concurrent Weak Roots              3387 us
[2026-04-03T03:40:06.137+0600][37.434s][info][gc,stats    ]   Roots                            3020 us, parallelism: 2.68x
[2026-04-03T03:40:06.137+0600][37.434s][info][gc,stats    ]     CWR: <total>                   8085 us
[2026-04-03T03:40:06.137+0600][37.434s][info][gc,stats    ]     CWR: Code Cache Roots          4047 us, workers (us): 1285, 1376, 1386, ---, ---, ---, 
[2026-04-03T03:40:06.137+0600][37.434s][info][gc,stats    ]     CWR: VM Weak Roots             3877 us, workers (us): 1328, 1278, 1271, ---, ---, ---, 
[2026-04-03T03:40:06.137+0600][37.434s][info][gc,stats    ]     CWR: CLDG Roots                 161 us, workers (us): 161, ---, ---, ---, ---, ---, 
[2026-04-03T03:40:06.137+0600][37.434s][info][gc,stats    ]   Rendezvous                        265 us
[2026-04-03T03:40:06.137+0600][37.434s][info][gc,stats    ] Concurrent Cleanup                  839 us
[2026-04-03T03:40:06.137+0600][37.434s][info][gc,stats    ] Concurrent Class Unloading        21815 us
[2026-04-03T03:40:06.137+0600][37.434s][info][gc,stats    ]   Unlink Stale                    20980 us
[2026-04-03T03:40:06.137+0600][37.434s][info][gc,stats    ]     System Dictionary               334 us
[2026-04-03T03:40:06.137+0600][37.434s][info][gc,stats    ]     Weak Class Links              12876 us
[2026-04-03T03:40:06.137+0600][37.434s][info][gc,stats    ]     Code Roots                     7765 us
[2026-04-03T03:40:06.137+0600][37.434s][info][gc,stats    ]   Rendezvous                        241 us
[2026-04-03T03:40:06.137+0600][37.434s][info][gc,stats    ]   Purge Unlinked                    404 us
[2026-04-03T03:40:06.137+0600][37.434s][info][gc,stats    ]     Code Roots                      327 us
[2026-04-03T03:40:06.137+0600][37.434s][info][gc,stats    ]     CLDG                             76 us
[2026-04-03T03:40:06.137+0600][37.434s][info][gc,stats    ]     Exception Caches                  0 us
[2026-04-03T03:40:06.137+0600][37.434s][info][gc,stats    ] Concurrent Strong Roots            1483 us, parallelism: 0.71x
[2026-04-03T03:40:06.137+0600][37.434s][info][gc,stats    ]   CSR: <total>                     1049 us
[2026-04-03T03:40:06.137+0600][37.434s][info][gc,stats    ]   CSR: VM Strong Roots               70 us, workers (us):  48,  21,   0, ---, ---, ---, 
[2026-04-03T03:40:06.137+0600][37.435s][info][gc,stats    ]   CSR: CLDG Roots                   979 us, workers (us): 979, ---, ---, ---, ---, ---, 
[2026-04-03T03:40:06.137+0600][37.435s][info][gc,stats    ] Concurrent Evacuation             88874 us
[2026-04-03T03:40:06.137+0600][37.435s][info][gc,stats    ] Pause Init Update Refs (G)          286 us
[2026-04-03T03:40:06.137+0600][37.435s][info][gc,stats    ] Pause Init Update Refs (N)           97 us
[2026-04-03T03:40:06.137+0600][37.435s][info][gc,stats    ]   Manage GCLABs                      17 us
[2026-04-03T03:40:06.137+0600][37.435s][info][gc,stats    ] Concurrent Update Refs           190957 us
[2026-04-03T03:40:06.137+0600][37.435s][info][gc,stats    ] Concurrent Update Thread Roots      912 us
[2026-04-03T03:40:06.137+0600][37.435s][info][gc,stats    ] Pause Final Update Refs (G)         375 us
[2026-04-03T03:40:06.137+0600][37.435s][info][gc,stats    ] Pause Final Update Refs (N)         211 us
[2026-04-03T03:40:06.137+0600][37.435s][info][gc,stats    ]   Update Region States               69 us
[2026-04-03T03:40:06.137+0600][37.435s][info][gc,stats    ]   Trash Collection Set               17 us
[2026-04-03T03:40:06.137+0600][37.435s][info][gc,stats    ]   Rebuild Free Set                   45 us
[2026-04-03T03:40:06.137+0600][37.435s][info][gc,stats    ] Concurrent Cleanup                  801 us
[2026-04-03T03:40:06.137+0600][37.435s][info][gc,stats    ] 
[2026-04-03T03:40:06.137+0600][37.435s][info][gc,stats    ] Allocation pacing accrued:
[2026-04-03T03:40:06.137+0600][37.435s][info][gc,stats    ]       0 of  1445 ms (  0.0%): <total>
[2026-04-03T03:40:06.137+0600][37.435s][info][gc,stats    ]       0 of  1445 ms (  0.0%): <average total>
[2026-04-03T03:40:06.137+0600][37.435s][info][gc,stats    ] 
[2026-04-03T03:40:06.137+0600][37.435s][info][gc,metaspace] Metaspace: 72600K(73536K)->72578K(73536K) NonClass: 63326K(63872K)->63311K(63872K) Class: 9273K(9664K)->9267K(9664K)
[2026-04-03T03:40:06.137+0600][37.435s][info][gc,ergo     ] Pacer for Idle. Initial: 40960K, Alloc Tax Rate: 1.0x
[2026-04-03T03:40:06.138+0600][37.436s][info][gc          ] Trigger: Learning 3 of 5. Free (1304M) is below initial threshold (1400M)
[2026-04-03T03:40:06.139+0600][37.436s][info][gc,ergo     ] Free: 1304M, Max: 512K regular, 562M humongous, Frag: 57% external, 0% internal; Reserve: 100M, Max: 512K
[2026-04-03T03:40:06.139+0600][37.436s][info][gc,start    ] GC(24) Concurrent reset
[2026-04-03T03:40:06.139+0600][37.436s][info][gc,task     ] GC(24) Using 3 of 6 workers for concurrent reset
[2026-04-03T03:40:06.139+0600][37.436s][info][gc,ergo     ] GC(24) Pacer for Reset. Non-Taxable: 2000M
[2026-04-03T03:40:06.141+0600][37.438s][info][gc          ] GC(24) Concurrent reset 2.190ms
[2026-04-03T03:40:06.141+0600][37.438s][info][gc,start    ] GC(24) Pause Init Mark (unload classes)
[2026-04-03T03:40:06.141+0600][37.438s][info][gc,task     ] GC(24) Using 6 of 6 workers for init marking
[2026-04-03T03:40:06.141+0600][37.438s][info][gc,ergo     ] GC(24) Pacer for Mark. Expected Live: 188M, Free: 1303M, Non-Taxable: 130M, Alloc Tax Rate: 0.2x
[2026-04-03T03:40:06.141+0600][37.439s][info][gc          ] GC(24) Pause Init Mark (unload classes) 0.117ms
[2026-04-03T03:40:06.141+0600][37.439s][info][gc,start    ] GC(24) Concurrent marking roots
[2026-04-03T03:40:06.141+0600][37.439s][info][gc,task     ] GC(24) Using 3 of 6 workers for concurrent marking roots
[2026-04-03T03:40:06.143+0600][37.440s][info][gc          ] GC(24) Concurrent marking roots 1.500ms
[2026-04-03T03:40:06.143+0600][37.440s][info][gc,start    ] GC(24) Concurrent marking (unload classes)
[2026-04-03T03:40:06.143+0600][37.440s][info][gc,task     ] GC(24) Using 3 of 6 workers for concurrent marking
[2026-04-03T03:40:06.589+0600][37.886s][info][gc          ] GC(24) Concurrent marking (unload classes) 445.990ms
[2026-04-03T03:40:06.589+0600][37.886s][info][gc,start    ] GC(24) Pause Final Mark (unload classes)
[2026-04-03T03:40:06.589+0600][37.886s][info][gc,task     ] GC(24) Using 6 of 6 workers for final marking
[2026-04-03T03:40:06.590+0600][37.887s][info][gc,ergo     ] GC(24) Adaptive CSet Selection. Target Free: 283M, Actual Free: 1164M, Max CSet: 85333K, Min Garbage: 0B
[2026-04-03T03:40:06.590+0600][37.887s][info][gc,ergo     ] GC(24) Collectable Garbage: 311M (98%), Immediate: 8704K (2%), CSet: 302M (96%)
[2026-04-03T03:40:06.590+0600][37.888s][info][gc,ergo     ] GC(24) Pacer for Evacuation. Used CSet: 335M, Free: 1069M, Non-Taxable: 106M, Alloc Tax Rate: 1.1x
[2026-04-03T03:40:06.590+0600][37.888s][info][gc          ] GC(24) Pause Final Mark (unload classes) 1.204ms
[2026-04-03T03:40:06.590+0600][37.888s][info][gc,start    ] GC(24) Concurrent thread roots
[2026-04-03T03:40:06.590+0600][37.888s][info][gc,task     ] GC(24) Using 3 of 6 workers for Concurrent thread roots
[2026-04-03T03:40:06.591+0600][37.889s][info][gc          ] GC(24) Concurrent thread roots 1.092ms
[2026-04-03T03:40:06.591+0600][37.889s][info][gc,start    ] GC(24) Concurrent weak references
[2026-04-03T03:40:06.591+0600][37.889s][info][gc,task     ] GC(24) Using 3 of 6 workers for concurrent weak references
[2026-04-03T03:40:06.592+0600][37.890s][info][gc,ref      ] GC(24) Encountered references: Soft: 3155, Weak: 6212, Final: 84, Phantom: 600
[2026-04-03T03:40:06.592+0600][37.890s][info][gc,ref      ] GC(24) Discovered  references: Soft: 0, Weak: 3000, Final: 52, Phantom: 597
[2026-04-03T03:40:06.592+0600][37.890s][info][gc,ref      ] GC(24) Enqueued    references: Soft: 0, Weak: 0, Final: 0, Phantom: 0
[2026-04-03T03:40:06.592+0600][37.890s][info][gc          ] GC(24) Concurrent weak references 0.981ms
[2026-04-03T03:40:06.592+0600][37.890s][info][gc,start    ] GC(24) Concurrent weak roots
[2026-04-03T03:40:06.592+0600][37.890s][info][gc,task     ] GC(24) Using 3 of 6 workers for concurrent weak root
[2026-04-03T03:40:06.596+0600][37.893s][info][gc          ] GC(24) Concurrent weak roots 3.396ms
[2026-04-03T03:40:06.596+0600][37.893s][info][gc,start    ] GC(24) Concurrent cleanup
[2026-04-03T03:40:06.597+0600][37.894s][info][gc          ] GC(24) Concurrent cleanup 837M->829M(907M) 0.711ms
[2026-04-03T03:40:06.597+0600][37.894s][info][gc,ergo     ] GC(24) Free: 1065M, Max: 512K regular, 562M humongous, Frag: 48% external, 0% internal; Reserve: 101501K, Max: 512K
[2026-04-03T03:40:06.597+0600][37.894s][info][gc,start    ] GC(24) Concurrent class unloading
[2026-04-03T03:40:06.597+0600][37.894s][info][gc,task     ] GC(24) Using 3 of 6 workers for concurrent class unloading
[2026-04-03T03:40:06.603+0600][37.900s][info][gc          ] GC(24) Concurrent class unloading 6.356ms
[2026-04-03T03:40:06.603+0600][37.901s][info][gc,start    ] GC(24) Concurrent strong roots
[2026-04-03T03:40:06.603+0600][37.901s][info][gc,task     ] GC(24) Using 3 of 6 workers for concurrent strong root
[2026-04-03T03:40:06.604+0600][37.902s][info][gc          ] GC(24) Concurrent strong roots 1.049ms
[2026-04-03T03:40:06.604+0600][37.902s][info][gc,start    ] GC(24) Concurrent evacuation
[2026-04-03T03:40:06.604+0600][37.902s][info][gc,task     ] GC(24) Using 3 of 6 workers for concurrent evacuation
[2026-04-03T03:40:06.649+0600][37.946s][info][gc          ] GC(24) Concurrent evacuation 44.829ms
[2026-04-03T03:40:06.649+0600][37.947s][info][gc,start    ] GC(24) Pause Init Update Refs
[2026-04-03T03:40:06.649+0600][37.947s][info][gc,ergo     ] GC(24) Pacer for Update Refs. Used: 889M, Free: 1038M, Non-Taxable: 103M, Alloc Tax Rate: 1.1x
[2026-04-03T03:40:06.649+0600][37.947s][info][gc          ] GC(24) Pause Init Update Refs 0.084ms
[2026-04-03T03:40:06.649+0600][37.947s][info][gc,start    ] GC(24) Concurrent update references
[2026-04-03T03:40:06.649+0600][37.947s][info][gc,task     ] GC(24) Using 3 of 6 workers for concurrent reference update
[2026-04-03T03:40:06.918+0600][38.216s][info][gc          ] GC(24) Concurrent update references 269.074ms
[2026-04-03T03:40:06.918+0600][38.216s][info][gc,start    ] GC(24) Concurrent update thread roots
[2026-04-03T03:40:06.919+0600][38.217s][info][gc          ] GC(24) Concurrent update thread roots 0.720ms
[2026-04-03T03:40:06.919+0600][38.217s][info][gc,start    ] GC(24) Pause Final Update Refs
[2026-04-03T03:40:06.919+0600][38.217s][info][gc,task     ] GC(24) Using 6 of 6 workers for final reference update
[2026-04-03T03:40:06.919+0600][38.217s][info][gc          ] GC(24) Pause Final Update Refs 0.158ms
[2026-04-03T03:40:06.919+0600][38.217s][info][gc,start    ] GC(24) Concurrent cleanup
[2026-04-03T03:40:06.920+0600][38.218s][info][gc          ] GC(24) Concurrent cleanup 1039M->705M(1046M) 0.742ms
[2026-04-03T03:40:06.920+0600][38.218s][info][gc,ergo     ] Free: 1188M, Max: 512K regular, 447M humongous, Frag: 63% external, 0% internal; Reserve: 100M, Max: 512K
[2026-04-03T03:40:06.920+0600][38.218s][info][gc,stats    ] 
[2026-04-03T03:40:06.920+0600][38.218s][info][gc,stats    ] All times are wall-clock times, except per-root-class counters, that are sum over
[2026-04-03T03:40:06.920+0600][38.218s][info][gc,stats    ] all workers. Dividing the <total> over the root stage time estimates parallelism.
[2026-04-03T03:40:06.920+0600][38.218s][info][gc,stats    ] 
[2026-04-03T03:40:06.920+0600][38.218s][info][gc,stats    ] Concurrent Reset                   2223 us
[2026-04-03T03:40:06.920+0600][38.218s][info][gc,stats    ] Pause Init Mark (G)                 303 us
[2026-04-03T03:40:06.920+0600][38.218s][info][gc,stats    ] Pause Init Mark (N)                 126 us
[2026-04-03T03:40:06.920+0600][38.218s][info][gc,stats    ]   Update Region States               29 us
[2026-04-03T03:40:06.920+0600][38.218s][info][gc,stats    ] Concurrent Mark Roots              1553 us, parallelism: 2.28x
[2026-04-03T03:40:06.920+0600][38.218s][info][gc,stats    ]   CMR: <total>                     3541 us
[2026-04-03T03:40:06.920+0600][38.218s][info][gc,stats    ]   CMR: Thread Roots                3033 us, workers (us): 1133, 1112, 789, ---, ---, ---, 
[2026-04-03T03:40:06.920+0600][38.218s][info][gc,stats    ]   CMR: VM Strong Roots              140 us, workers (us):  66,  66,   8, ---, ---, ---, 
[2026-04-03T03:40:06.920+0600][38.218s][info][gc,stats    ]   CMR: CLDG Roots                   367 us, workers (us): ---, ---, 367, ---, ---, ---, 
[2026-04-03T03:40:06.920+0600][38.218s][info][gc,stats    ] Concurrent Marking               446120 us
[2026-04-03T03:40:06.920+0600][38.218s][info][gc,stats    ] Pause Final Mark (G)               1448 us
[2026-04-03T03:40:06.920+0600][38.218s][info][gc,stats    ] Pause Final Mark (N)               1220 us
[2026-04-03T03:40:06.920+0600][38.218s][info][gc,stats    ]   Finish Mark                       371 us
[2026-04-03T03:40:06.920+0600][38.218s][info][gc,stats    ]   Update Region States               88 us
[2026-04-03T03:40:06.920+0600][38.218s][info][gc,stats    ]   Choose Collection Set             528 us
[2026-04-03T03:40:06.920+0600][38.218s][info][gc,stats    ]   Rebuild Free Set                   65 us
[2026-04-03T03:40:06.920+0600][38.218s][info][gc,stats    ] Concurrent Thread Roots            1159 us, parallelism: 2.08x
[2026-04-03T03:40:06.920+0600][38.218s][info][gc,stats    ]   CTR: <total>                     2408 us
[2026-04-03T03:40:06.920+0600][38.218s][info][gc,stats    ]   CTR: Thread Roots                2408 us, workers (us): 813, 795, 801, ---, ---, ---, 
[2026-04-03T03:40:06.921+0600][38.218s][info][gc,stats    ] Concurrent Weak References          994 us, parallelism: 0.79x
[2026-04-03T03:40:06.921+0600][38.218s][info][gc,stats    ]   CWRF: <total>                     786 us
[2026-04-03T03:40:06.921+0600][38.218s][info][gc,stats    ]   CWRF: Weak References             786 us, workers (us):  47, 130, 609, ---, ---, ---, 
[2026-04-03T03:40:06.921+0600][38.218s][info][gc,stats    ] Concurrent Weak Roots              3468 us
[2026-04-03T03:40:06.921+0600][38.218s][info][gc,stats    ]   Roots                            3154 us, parallelism: 2.60x
[2026-04-03T03:40:06.921+0600][38.218s][info][gc,stats    ]     CWR: <total>                   8188 us
[2026-04-03T03:40:06.921+0600][38.218s][info][gc,stats    ]     CWR: Code Cache Roots          5520 us, workers (us): 1884, 1933, 1703, ---, ---, ---, 
[2026-04-03T03:40:06.921+0600][38.218s][info][gc,stats    ]     CWR: VM Weak Roots             2545 us, workers (us): 885, 839, 821, ---, ---, ---, 
[2026-04-03T03:40:06.921+0600][38.218s][info][gc,stats    ]     CWR: CLDG Roots                 123 us, workers (us): ---, ---, 123, ---, ---, ---, 
[2026-04-03T03:40:06.921+0600][38.218s][info][gc,stats    ]   Rendezvous                        217 us
[2026-04-03T03:40:06.921+0600][38.218s][info][gc,stats    ] Concurrent Cleanup                  726 us
[2026-04-03T03:40:06.921+0600][38.218s][info][gc,stats    ] Concurrent Class Unloading         6460 us
[2026-04-03T03:40:06.921+0600][38.218s][info][gc,stats    ]   Unlink Stale                     6051 us
[2026-04-03T03:40:06.921+0600][38.218s][info][gc,stats    ]     System Dictionary               127 us
[2026-04-03T03:40:06.921+0600][38.218s][info][gc,stats    ]     Weak Class Links                  1 us
[2026-04-03T03:40:06.921+0600][38.218s][info][gc,stats    ]     Code Roots                     5919 us
[2026-04-03T03:40:06.921+0600][38.218s][info][gc,stats    ]   Rendezvous                        261 us
[2026-04-03T03:40:06.921+0600][38.218s][info][gc,stats    ]   Purge Unlinked                     16 us
[2026-04-03T03:40:06.921+0600][38.218s][info][gc,stats    ]     Code Roots                        5 us
[2026-04-03T03:40:06.921+0600][38.218s][info][gc,stats    ]     CLDG                              9 us
[2026-04-03T03:40:06.921+0600][38.218s][info][gc,stats    ]     Exception Caches                  1 us
[2026-04-03T03:40:06.921+0600][38.218s][info][gc,stats    ] Concurrent Strong Roots            1121 us, parallelism: 0.61x
[2026-04-03T03:40:06.921+0600][38.218s][info][gc,stats    ]   CSR: <total>                      687 us
[2026-04-03T03:40:06.921+0600][38.218s][info][gc,stats    ]   CSR: VM Strong Roots               47 us, workers (us):  43,   3,   1, ---, ---, ---, 
[2026-04-03T03:40:06.921+0600][38.218s][info][gc,stats    ]   CSR: CLDG Roots                   641 us, workers (us): 641, ---, ---, ---, ---, ---, 
[2026-04-03T03:40:06.921+0600][38.218s][info][gc,stats    ] Concurrent Evacuation             44906 us
[2026-04-03T03:40:06.921+0600][38.218s][info][gc,stats    ] Pause Init Update Refs (G)          228 us
[2026-04-03T03:40:06.921+0600][38.218s][info][gc,stats    ] Pause Init Update Refs (N)          102 us
[2026-04-03T03:40:06.921+0600][38.218s][info][gc,stats    ]   Manage GCLABs                      21 us
[2026-04-03T03:40:06.921+0600][38.218s][info][gc,stats    ] Concurrent Update Refs           269154 us
[2026-04-03T03:40:06.921+0600][38.218s][info][gc,stats    ] Concurrent Update Thread Roots      749 us
[2026-04-03T03:40:06.921+0600][38.218s][info][gc,stats    ] Pause Final Update Refs (G)         265 us
[2026-04-03T03:40:06.921+0600][38.218s][info][gc,stats    ] Pause Final Update Refs (N)         168 us
[2026-04-03T03:40:06.921+0600][38.218s][info][gc,stats    ]   Update Region States               59 us
[2026-04-03T03:40:06.921+0600][38.218s][info][gc,stats    ]   Trash Collection Set               15 us
[2026-04-03T03:40:06.921+0600][38.218s][info][gc,stats    ]   Rebuild Free Set                   42 us
[2026-04-03T03:40:06.921+0600][38.218s][info][gc,stats    ] Concurrent Cleanup                  757 us
[2026-04-03T03:40:06.921+0600][38.218s][info][gc,stats    ] 
[2026-04-03T03:40:06.921+0600][38.218s][info][gc,stats    ] Allocation pacing accrued:
[2026-04-03T03:40:06.921+0600][38.218s][info][gc,stats    ]       0 of   784 ms (  0.0%): <total>
[2026-04-03T03:40:06.921+0600][38.218s][info][gc,stats    ]       0 of   784 ms (  0.0%): <average total>
[2026-04-03T03:40:06.921+0600][38.218s][info][gc,stats    ] 
[2026-04-03T03:40:06.921+0600][38.218s][info][gc,metaspace] Metaspace: 72578K(73536K)->72584K(73536K) NonClass: 63311K(63872K)->63317K(63872K) Class: 9267K(9664K)->9267K(9664K)
[2026-04-03T03:40:06.921+0600][38.218s][info][gc,ergo     ] Pacer for Idle. Initial: 40960K, Alloc Tax Rate: 1.0x
[2026-04-03T03:40:06.922+0600][38.219s][info][gc          ] Trigger: Learning 4 of 5. Free (1187M) is below initial threshold (1400M)
[2026-04-03T03:40:06.922+0600][38.219s][info][gc,ergo     ] Free: 1187M, Max: 512K regular, 447M humongous, Frag: 63% external, 0% internal; Reserve: 100M, Max: 512K
[2026-04-03T03:40:06.922+0600][38.220s][info][gc,start    ] GC(25) Concurrent reset
[2026-04-03T03:40:06.922+0600][38.220s][info][gc,task     ] GC(25) Using 3 of 6 workers for concurrent reset
[2026-04-03T03:40:06.922+0600][38.220s][info][gc,ergo     ] GC(25) Pacer for Reset. Non-Taxable: 2000M
[2026-04-03T03:40:06.924+0600][38.222s][info][gc          ] GC(25) Concurrent reset 2.168ms
[2026-04-03T03:40:06.924+0600][38.222s][info][gc,start    ] GC(25) Pause Init Mark (unload classes)
[2026-04-03T03:40:06.924+0600][38.222s][info][gc,task     ] GC(25) Using 6 of 6 workers for init marking
[2026-04-03T03:40:06.924+0600][38.222s][info][gc,ergo     ] GC(25) Pacer for Mark. Expected Live: 209M, Free: 1185M, Non-Taxable: 118M, Alloc Tax Rate: 0.2x
[2026-04-03T03:40:06.924+0600][38.222s][info][gc          ] GC(25) Pause Init Mark (unload classes) 0.093ms
[2026-04-03T03:40:06.924+0600][38.222s][info][gc,start    ] GC(25) Concurrent marking roots
[2026-04-03T03:40:06.924+0600][38.222s][info][gc,task     ] GC(25) Using 3 of 6 workers for concurrent marking roots
[2026-04-03T03:40:06.926+0600][38.223s][info][gc          ] GC(25) Concurrent marking roots 1.084ms
[2026-04-03T03:40:06.926+0600][38.223s][info][gc,start    ] GC(25) Concurrent marking (unload classes)
[2026-04-03T03:40:06.926+0600][38.223s][info][gc,task     ] GC(25) Using 3 of 6 workers for concurrent marking
[2026-04-03T03:40:07.410+0600][38.707s][info][gc          ] GC(25) Concurrent marking (unload classes) 484.181ms
[2026-04-03T03:40:07.410+0600][38.707s][info][gc,start    ] GC(25) Pause Final Mark (unload classes)
[2026-04-03T03:40:07.410+0600][38.707s][info][gc,task     ] GC(25) Using 6 of 6 workers for final marking
[2026-04-03T03:40:07.410+0600][38.708s][info][gc,ergo     ] GC(25) Adaptive CSet Selection. Target Free: 283M, Actual Free: 1020M, Max CSet: 85333K, Min Garbage: 0B
[2026-04-03T03:40:07.434+0600][38.731s][info][gc,ergo     ] GC(25) Collectable Garbage: 405M (98%), Immediate: 2048K (0%), CSet: 403M (97%)
[2026-04-03T03:40:07.434+0600][38.732s][info][gc,ergo     ] GC(25) Pacer for Evacuation. Used CSet: 437M, Free: 922M, Non-Taxable: 94423K, Alloc Tax Rate: 1.2x
[2026-04-03T03:40:07.434+0600][38.732s][info][gc          ] GC(25) Pause Final Mark (unload classes) 24.220ms
[2026-04-03T03:40:07.434+0600][38.732s][info][gc,start    ] GC(25) Concurrent thread roots
[2026-04-03T03:40:07.434+0600][38.732s][info][gc,task     ] GC(25) Using 3 of 6 workers for Concurrent thread roots
[2026-04-03T03:40:07.435+0600][38.733s][info][gc          ] GC(25) Concurrent thread roots 1.079ms
[2026-04-03T03:40:07.435+0600][38.733s][info][gc,start    ] GC(25) Concurrent weak references
[2026-04-03T03:40:07.435+0600][38.733s][info][gc,task     ] GC(25) Using 3 of 6 workers for concurrent weak references
[2026-04-03T03:40:07.436+0600][38.733s][info][gc,ref      ] GC(25) Encountered references: Soft: 3157, Weak: 6216, Final: 84, Phantom: 600
[2026-04-03T03:40:07.436+0600][38.733s][info][gc,ref      ] GC(25) Discovered  references: Soft: 0, Weak: 654, Final: 1, Phantom: 597
[2026-04-03T03:40:07.436+0600][38.733s][info][gc,ref      ] GC(25) Enqueued    references: Soft: 0, Weak: 5, Final: 0, Phantom: 0
[2026-04-03T03:40:07.436+0600][38.733s][info][gc          ] GC(25) Concurrent weak references 0.256ms
[2026-04-03T03:40:07.436+0600][38.733s][info][gc,start    ] GC(25) Concurrent weak roots
[2026-04-03T03:40:07.436+0600][38.733s][info][gc,task     ] GC(25) Using 3 of 6 workers for concurrent weak root
[2026-04-03T03:40:07.439+0600][38.736s][info][gc          ] GC(25) Concurrent weak roots 3.049ms
[2026-04-03T03:40:07.439+0600][38.736s][info][gc,start    ] GC(25) Concurrent cleanup
[2026-04-03T03:40:07.439+0600][38.737s][info][gc          ] GC(25) Concurrent cleanup 977M->975M(1046M) 0.598ms
[2026-04-03T03:40:07.439+0600][38.737s][info][gc,ergo     ] GC(25) Free: 918M, Max: 512K regular, 447M humongous, Frag: 52% external, 0% internal; Reserve: 102115K, Max: 512K
[2026-04-03T03:40:07.439+0600][38.737s][info][gc,start    ] GC(25) Concurrent class unloading
[2026-04-03T03:40:07.439+0600][38.737s][info][gc,task     ] GC(25) Using 3 of 6 workers for concurrent class unloading
[2026-04-03T03:40:07.445+0600][38.743s][info][gc          ] GC(25) Concurrent class unloading 5.680ms
[2026-04-03T03:40:07.445+0600][38.743s][info][gc,start    ] GC(25) Concurrent strong roots
[2026-04-03T03:40:07.445+0600][38.743s][info][gc,task     ] GC(25) Using 3 of 6 workers for concurrent strong root
[2026-04-03T03:40:07.446+0600][38.744s][info][gc          ] GC(25) Concurrent strong roots 0.924ms
[2026-04-03T03:40:07.446+0600][38.744s][info][gc,start    ] GC(25) Concurrent evacuation
[2026-04-03T03:40:07.446+0600][38.744s][info][gc,task     ] GC(25) Using 3 of 6 workers for concurrent evacuation
[2026-04-03T03:40:07.498+0600][38.795s][info][gc          ] GC(25) Concurrent evacuation 51.604ms
[2026-04-03T03:40:07.498+0600][38.795s][info][gc,start    ] GC(25) Pause Init Update Refs
[2026-04-03T03:40:07.498+0600][38.796s][info][gc,ergo     ] GC(25) Pacer for Update Refs. Used: 1046M, Free: 883M, Non-Taxable: 90481K, Alloc Tax Rate: 1.4x
[2026-04-03T03:40:07.498+0600][38.796s][info][gc          ] GC(25) Pause Init Update Refs 0.168ms
[2026-04-03T03:40:07.498+0600][38.796s][info][gc,start    ] GC(25) Concurrent update references
[2026-04-03T03:40:07.498+0600][38.796s][info][gc,task     ] GC(25) Using 3 of 6 workers for concurrent reference update
[2026-04-03T03:40:07.809+0600][39.106s][info][gc          ] GC(25) Concurrent update references 310.652ms
[2026-04-03T03:40:07.809+0600][39.106s][info][gc,start    ] GC(25) Concurrent update thread roots
[2026-04-03T03:40:07.810+0600][39.108s][info][gc          ] GC(25) Concurrent update thread roots 1.193ms
[2026-04-03T03:40:07.811+0600][39.108s][info][gc,start    ] GC(25) Pause Final Update Refs
[2026-04-03T03:40:07.811+0600][39.108s][info][gc,task     ] GC(25) Using 6 of 6 workers for final reference update
[2026-04-03T03:40:07.811+0600][39.108s][info][gc          ] GC(25) Pause Final Update Refs 0.310ms
[2026-04-03T03:40:07.811+0600][39.108s][info][gc,start    ] GC(25) Concurrent cleanup
[2026-04-03T03:40:07.811+0600][39.109s][info][gc          ] GC(25) Concurrent cleanup 1205M->767M(1213M) 0.446ms
[2026-04-03T03:40:07.812+0600][39.109s][info][gc,ergo     ] Free: 1125M, Max: 512K regular, 356M humongous, Frag: 69% external, 0% internal; Reserve: 100M, Max: 512K
[2026-04-03T03:40:07.812+0600][39.109s][info][gc,stats    ] 
[2026-04-03T03:40:07.812+0600][39.109s][info][gc,stats    ] All times are wall-clock times, except per-root-class counters, that are sum over
[2026-04-03T03:40:07.812+0600][39.109s][info][gc,stats    ] all workers. Dividing the <total> over the root stage time estimates parallelism.
[2026-04-03T03:40:07.812+0600][39.109s][info][gc,stats    ] 
[2026-04-03T03:40:07.812+0600][39.109s][info][gc,stats    ] Concurrent Reset                   2204 us
[2026-04-03T03:40:07.812+0600][39.109s][info][gc,stats    ] Pause Init Mark (G)                 201 us
[2026-04-03T03:40:07.812+0600][39.109s][info][gc,stats    ] Pause Init Mark (N)                 101 us
[2026-04-03T03:40:07.812+0600][39.109s][info][gc,stats    ]   Update Region States               29 us
[2026-04-03T03:40:07.812+0600][39.109s][info][gc,stats    ] Concurrent Mark Roots              1138 us, parallelism: 1.83x
[2026-04-03T03:40:07.812+0600][39.109s][info][gc,stats    ]   CMR: <total>                     2081 us
[2026-04-03T03:40:07.812+0600][39.109s][info][gc,stats    ]   CMR: Thread Roots                1739 us, workers (us): 385, 678, 676, ---, ---, ---, 
[2026-04-03T03:40:07.812+0600][39.109s][info][gc,stats    ]   CMR: VM Strong Roots               50 us, workers (us):  28,  21,   1, ---, ---, ---, 
[2026-04-03T03:40:07.812+0600][39.109s][info][gc,stats    ]   CMR: CLDG Roots                   292 us, workers (us): 292, ---, ---, ---, ---, ---, 
[2026-04-03T03:40:07.812+0600][39.109s][info][gc,stats    ] Concurrent Marking               484263 us
[2026-04-03T03:40:07.812+0600][39.109s][info][gc,stats    ] Pause Final Mark (G)              24401 us
[2026-04-03T03:40:07.812+0600][39.109s][info][gc,stats    ] Pause Final Mark (N)              24241 us
[2026-04-03T03:40:07.812+0600][39.109s][info][gc,stats    ]   Finish Mark                       160 us
[2026-04-03T03:40:07.812+0600][39.109s][info][gc,stats    ]   Update Region States               75 us
[2026-04-03T03:40:07.812+0600][39.109s][info][gc,stats    ]   Choose Collection Set           23793 us
[2026-04-03T03:40:07.812+0600][39.109s][info][gc,stats    ]   Rebuild Free Set                   91 us
[2026-04-03T03:40:07.812+0600][39.109s][info][gc,stats    ] Concurrent Thread Roots            1151 us, parallelism: 1.76x
[2026-04-03T03:40:07.812+0600][39.109s][info][gc,stats    ]   CTR: <total>                     2026 us
[2026-04-03T03:40:07.812+0600][39.109s][info][gc,stats    ]   CTR: Thread Roots                2026 us, workers (us): 671, 672, 683, ---, ---, ---, 
[2026-04-03T03:40:07.812+0600][39.109s][info][gc,stats    ] Concurrent Weak References          266 us, parallelism: 0.70x
[2026-04-03T03:40:07.812+0600][39.109s][info][gc,stats    ]   CWRF: <total>                     187 us
[2026-04-03T03:40:07.812+0600][39.109s][info][gc,stats    ]   CWRF: Weak References             187 us, workers (us):  97,  89,   0, ---, ---, ---, 
[2026-04-03T03:40:07.812+0600][39.109s][info][gc,stats    ] Concurrent Weak Roots              3103 us
[2026-04-03T03:40:07.812+0600][39.109s][info][gc,stats    ]   Roots                            2826 us, parallelism: 2.52x
[2026-04-03T03:40:07.812+0600][39.109s][info][gc,stats    ]     CWR: <total>                   7110 us
[2026-04-03T03:40:07.812+0600][39.109s][info][gc,stats    ]     CWR: Code Cache Roots          5104 us, workers (us): 1803, 1605, 1696, ---, ---, ---, 
[2026-04-03T03:40:07.812+0600][39.109s][info][gc,stats    ]     CWR: VM Weak Roots             1874 us, workers (us): 636, 624, 615, ---, ---, ---, 
[2026-04-03T03:40:07.812+0600][39.109s][info][gc,stats    ]     CWR: CLDG Roots                 131 us, workers (us): ---, 131, ---, ---, ---, ---, 
[2026-04-03T03:40:07.812+0600][39.109s][info][gc,stats    ]   Rendezvous                        183 us
[2026-04-03T03:40:07.812+0600][39.109s][info][gc,stats    ] Concurrent Cleanup                  611 us
[2026-04-03T03:40:07.812+0600][39.109s][info][gc,stats    ] Concurrent Class Unloading         5747 us
[2026-04-03T03:40:07.812+0600][39.109s][info][gc,stats    ]   Unlink Stale                     5477 us
[2026-04-03T03:40:07.812+0600][39.109s][info][gc,stats    ]     System Dictionary                98 us
[2026-04-03T03:40:07.812+0600][39.109s][info][gc,stats    ]     Weak Class Links                  0 us
[2026-04-03T03:40:07.812+0600][39.110s][info][gc,stats    ]     Code Roots                     5375 us
[2026-04-03T03:40:07.812+0600][39.110s][info][gc,stats    ]   Rendezvous                        172 us
[2026-04-03T03:40:07.812+0600][39.110s][info][gc,stats    ]   Purge Unlinked                     10 us
[2026-04-03T03:40:07.812+0600][39.110s][info][gc,stats    ]     Code Roots                        4 us
[2026-04-03T03:40:07.812+0600][39.110s][info][gc,stats    ]     CLDG                              5 us
[2026-04-03T03:40:07.812+0600][39.110s][info][gc,stats    ]     Exception Caches                  0 us
[2026-04-03T03:40:07.812+0600][39.110s][info][gc,stats    ] Concurrent Strong Roots             977 us, parallelism: 0.62x
[2026-04-03T03:40:07.812+0600][39.110s][info][gc,stats    ]   CSR: <total>                      604 us
[2026-04-03T03:40:07.812+0600][39.110s][info][gc,stats    ]   CSR: VM Strong Roots               44 us, workers (us):  43,   1,   1, ---, ---, ---, 
[2026-04-03T03:40:07.812+0600][39.110s][info][gc,stats    ]   CSR: CLDG Roots                   560 us, workers (us): 560, ---, ---, ---, ---, ---, 
[2026-04-03T03:40:07.812+0600][39.110s][info][gc,stats    ] Concurrent Evacuation             51720 us
[2026-04-03T03:40:07.812+0600][39.110s][info][gc,stats    ] Pause Init Update Refs (G)          305 us
[2026-04-03T03:40:07.812+0600][39.110s][info][gc,stats    ] Pause Init Update Refs (N)          182 us
[2026-04-03T03:40:07.812+0600][39.110s][info][gc,stats    ]   Manage GCLABs                      60 us
[2026-04-03T03:40:07.812+0600][39.110s][info][gc,stats    ] Concurrent Update Refs           310763 us
[2026-04-03T03:40:07.812+0600][39.110s][info][gc,stats    ] Concurrent Update Thread Roots     1308 us
[2026-04-03T03:40:07.812+0600][39.110s][info][gc,stats    ] Pause Final Update Refs (G)         701 us
[2026-04-03T03:40:07.812+0600][39.110s][info][gc,stats    ] Pause Final Update Refs (N)         330 us
[2026-04-03T03:40:07.812+0600][39.110s][info][gc,stats    ]   Update Region States               98 us
[2026-04-03T03:40:07.812+0600][39.110s][info][gc,stats    ]   Trash Collection Set               26 us
[2026-04-03T03:40:07.812+0600][39.110s][info][gc,stats    ]   Rebuild Free Set                   47 us
[2026-04-03T03:40:07.812+0600][39.110s][info][gc,stats    ] Concurrent Cleanup                  477 us
[2026-04-03T03:40:07.812+0600][39.110s][info][gc,stats    ] Pacing                            64879 us
[2026-04-03T03:40:07.812+0600][39.110s][info][gc,stats    ] 
[2026-04-03T03:40:07.812+0600][39.110s][info][gc,stats    ] Allocation pacing accrued:
[2026-04-03T03:40:07.812+0600][39.110s][info][gc,stats    ]      10 of   891 ms (  1.1%): RemoteBlock-temp-file-clean-thread
[2026-04-03T03:40:07.812+0600][39.110s][info][gc,stats    ]      34 of   891 ms (  3.9%): Executor task launch worker for task 2.0 in stage 14.0 (TID 23)
[2026-04-03T03:40:07.812+0600][39.110s][info][gc,stats    ]      10 of   891 ms (  1.1%): Executor task launch worker for task 0.0 in stage 14.0 (TID 21)
[2026-04-03T03:40:07.812+0600][39.110s][info][gc,stats    ]      10 of   891 ms (  1.1%): Executor task launch worker for task 1.0 in stage 14.0 (TID 22)
[2026-04-03T03:40:07.812+0600][39.110s][info][gc,stats    ]      65 of   891 ms (  7.3%): <total>
[2026-04-03T03:40:07.812+0600][39.110s][info][gc,stats    ]       0 of   891 ms (  0.1%): <average total>
[2026-04-03T03:40:07.812+0600][39.110s][info][gc,stats    ]      16 of   891 ms (  1.8%): <average non-zero>
[2026-04-03T03:40:07.812+0600][39.110s][info][gc,stats    ] 
[2026-04-03T03:40:07.812+0600][39.110s][info][gc,metaspace] Metaspace: 72584K(73536K)->72584K(73536K) NonClass: 63317K(63872K)->63317K(63872K) Class: 9267K(9664K)->9267K(9664K)
[2026-04-03T03:40:07.812+0600][39.110s][info][gc,ergo     ] Pacer for Idle. Initial: 40960K, Alloc Tax Rate: 1.0x
[2026-04-03T03:40:07.814+0600][39.111s][info][gc          ] Trigger: Learning 5 of 5. Free (1124M) is below initial threshold (1400M)
[2026-04-03T03:40:07.814+0600][39.111s][info][gc,ergo     ] Free: 1124M, Max: 512K regular, 356M humongous, Frag: 69% external, 0% internal; Reserve: 100M, Max: 512K
[2026-04-03T03:40:07.814+0600][39.111s][info][gc,start    ] GC(26) Concurrent reset
[2026-04-03T03:40:07.814+0600][39.111s][info][gc,task     ] GC(26) Using 3 of 6 workers for concurrent reset
[2026-04-03T03:40:07.814+0600][39.111s][info][gc,ergo     ] GC(26) Pacer for Reset. Non-Taxable: 2000M
[2026-04-03T03:40:07.816+0600][39.114s][info][gc          ] GC(26) Concurrent reset 2.528ms
[2026-04-03T03:40:07.817+0600][39.114s][info][gc,start    ] GC(26) Pause Init Mark (unload classes)
[2026-04-03T03:40:07.817+0600][39.114s][info][gc,task     ] GC(26) Using 6 of 6 workers for init marking
[2026-04-03T03:40:07.817+0600][39.114s][info][gc,ergo     ] GC(26) Pacer for Mark. Expected Live: 227M, Free: 1123M, Non-Taxable: 112M, Alloc Tax Rate: 0.2x
[2026-04-03T03:40:07.817+0600][39.114s][info][gc          ] GC(26) Pause Init Mark (unload classes) 0.248ms
[2026-04-03T03:40:07.817+0600][39.115s][info][gc,start    ] GC(26) Concurrent marking roots
[2026-04-03T03:40:07.817+0600][39.115s][info][gc,task     ] GC(26) Using 3 of 6 workers for concurrent marking roots
[2026-04-03T03:40:07.818+0600][39.116s][info][gc          ] GC(26) Concurrent marking roots 1.044ms
[2026-04-03T03:40:07.818+0600][39.116s][info][gc,start    ] GC(26) Concurrent marking (unload classes)
[2026-04-03T03:40:07.818+0600][39.116s][info][gc,task     ] GC(26) Using 3 of 6 workers for concurrent marking
[2026-04-03T03:40:08.355+0600][39.653s][info][gc          ] GC(26) Concurrent marking (unload classes) 536.917ms
[2026-04-03T03:40:08.355+0600][39.653s][info][gc,start    ] GC(26) Pause Final Mark (unload classes)
[2026-04-03T03:40:08.355+0600][39.653s][info][gc,task     ] GC(26) Using 6 of 6 workers for final marking
[2026-04-03T03:40:08.356+0600][39.653s][info][gc,ergo     ] GC(26) Adaptive CSet Selection. Target Free: 283M, Actual Free: 1064M, Max CSet: 85333K, Min Garbage: 0B
[2026-04-03T03:40:08.356+0600][39.654s][info][gc,ergo     ] GC(26) Collectable Garbage: 431M (97%), Immediate: 8192K (1%), CSet: 423M (95%)
[2026-04-03T03:40:08.356+0600][39.654s][info][gc,ergo     ] GC(26) Pacer for Evacuation. Used CSet: 460M, Free: 966M, Non-Taxable: 98954K, Alloc Tax Rate: 1.2x
[2026-04-03T03:40:08.356+0600][39.654s][info][gc          ] GC(26) Pause Final Mark (unload classes) 1.067ms
[2026-04-03T03:40:08.357+0600][39.654s][info][gc,start    ] GC(26) Concurrent thread roots
[2026-04-03T03:40:08.357+0600][39.654s][info][gc,task     ] GC(26) Using 3 of 6 workers for Concurrent thread roots
[2026-04-03T03:40:08.357+0600][39.655s][info][gc          ] GC(26) Concurrent thread roots 0.764ms
[2026-04-03T03:40:08.357+0600][39.655s][info][gc,start    ] GC(26) Concurrent weak references
[2026-04-03T03:40:08.357+0600][39.655s][info][gc,task     ] GC(26) Using 3 of 6 workers for concurrent weak references
[2026-04-03T03:40:08.358+0600][39.655s][info][gc,ref      ] GC(26) Encountered references: Soft: 3157, Weak: 6211, Final: 84, Phantom: 600
[2026-04-03T03:40:08.358+0600][39.655s][info][gc,ref      ] GC(26) Discovered  references: Soft: 0, Weak: 574, Final: 0, Phantom: 597
[2026-04-03T03:40:08.358+0600][39.655s][info][gc,ref      ] GC(26) Enqueued    references: Soft: 0, Weak: 0, Final: 0, Phantom: 0
[2026-04-03T03:40:08.358+0600][39.655s][info][gc          ] GC(26) Concurrent weak references 0.206ms
[2026-04-03T03:40:08.358+0600][39.655s][info][gc,start    ] GC(26) Concurrent weak roots
[2026-04-03T03:40:08.358+0600][39.655s][info][gc,task     ] GC(26) Using 3 of 6 workers for concurrent weak root
[2026-04-03T03:40:08.360+0600][39.657s][info][gc          ] GC(26) Concurrent weak roots 2.179ms
[2026-04-03T03:40:08.360+0600][39.657s][info][gc,start    ] GC(26) Concurrent cleanup
[2026-04-03T03:40:08.360+0600][39.658s][info][gc          ] GC(26) Concurrent cleanup 936M->928M(1213M) 0.711ms
[2026-04-03T03:40:08.361+0600][39.658s][info][gc,ergo     ] GC(26) Free: 965M, Max: 512K regular, 356M humongous, Frag: 64% external, 0% internal; Reserve: 101501K, Max: 512K
[2026-04-03T03:40:08.361+0600][39.658s][info][gc,start    ] GC(26) Concurrent class unloading
[2026-04-03T03:40:08.361+0600][39.658s][info][gc,task     ] GC(26) Using 3 of 6 workers for concurrent class unloading
[2026-04-03T03:40:08.367+0600][39.664s][info][gc          ] GC(26) Concurrent class unloading 6.423ms
[2026-04-03T03:40:08.367+0600][39.664s][info][gc,start    ] GC(26) Concurrent strong roots
[2026-04-03T03:40:08.367+0600][39.665s][info][gc,task     ] GC(26) Using 3 of 6 workers for concurrent strong root
[2026-04-03T03:40:08.368+0600][39.665s][info][gc          ] GC(26) Concurrent strong roots 0.638ms
[2026-04-03T03:40:08.368+0600][39.665s][info][gc,start    ] GC(26) Concurrent evacuation
[2026-04-03T03:40:08.368+0600][39.665s][info][gc,task     ] GC(26) Using 3 of 6 workers for concurrent evacuation
[2026-04-03T03:40:08.416+0600][39.714s][info][gc          ] GC(26) Concurrent evacuation 48.647ms
[2026-04-03T03:40:08.419+0600][39.716s][info][gc,start    ] GC(26) Pause Init Update Refs
[2026-04-03T03:40:08.419+0600][39.716s][info][gc,ergo     ] GC(26) Pacer for Update Refs. Used: 967M, Free: 964M, Non-Taxable: 98723K, Alloc Tax Rate: 1.2x
[2026-04-03T03:40:08.419+0600][39.716s][info][gc          ] GC(26) Pause Init Update Refs 0.113ms
[2026-04-03T03:40:08.419+0600][39.716s][info][gc,start    ] GC(26) Concurrent update references
[2026-04-03T03:40:08.419+0600][39.716s][info][gc,task     ] GC(26) Using 3 of 6 workers for concurrent reference update
[2026-04-03T03:40:08.711+0600][40.008s][info][gc          ] GC(26) Concurrent update references 291.831ms
[2026-04-03T03:40:08.711+0600][40.008s][info][gc,start    ] GC(26) Concurrent update thread roots
[2026-04-03T03:40:08.711+0600][40.009s][info][gc          ] GC(26) Concurrent update thread roots 0.720ms
[2026-04-03T03:40:08.712+0600][40.009s][info][gc,start    ] GC(26) Pause Final Update Refs
[2026-04-03T03:40:08.712+0600][40.009s][info][gc,task     ] GC(26) Using 6 of 6 workers for final reference update
[2026-04-03T03:40:08.712+0600][40.009s][info][gc          ] GC(26) Pause Final Update Refs 0.205ms
[2026-04-03T03:40:08.712+0600][40.009s][info][gc,start    ] GC(26) Concurrent cleanup
[2026-04-03T03:40:08.713+0600][40.010s][info][gc          ] GC(26) Concurrent cleanup 969M->509M(1240M) 0.753ms
[2026-04-03T03:40:08.713+0600][40.010s][info][gc,ergo     ] Free: 1381M, Max: 512K regular, 337M humongous, Frag: 76% external, 0% internal; Reserve: 100M, Max: 512K
[2026-04-03T03:40:08.713+0600][40.010s][info][gc,stats    ] 
[2026-04-03T03:40:08.713+0600][40.010s][info][gc,stats    ] All times are wall-clock times, except per-root-class counters, that are sum over
[2026-04-03T03:40:08.713+0600][40.010s][info][gc,stats    ] all workers. Dividing the <total> over the root stage time estimates parallelism.
[2026-04-03T03:40:08.713+0600][40.010s][info][gc,stats    ] 
[2026-04-03T03:40:08.713+0600][40.010s][info][gc,stats    ] Concurrent Reset                   2616 us
[2026-04-03T03:40:08.713+0600][40.010s][info][gc,stats    ] Pause Init Mark (G)                 725 us
[2026-04-03T03:40:08.713+0600][40.010s][info][gc,stats    ] Pause Init Mark (N)                 261 us
[2026-04-03T03:40:08.713+0600][40.010s][info][gc,stats    ]   Update Region States               60 us
[2026-04-03T03:40:08.713+0600][40.010s][info][gc,stats    ] Concurrent Mark Roots              1090 us, parallelism: 1.60x
[2026-04-03T03:40:08.713+0600][40.010s][info][gc,stats    ]   CMR: <total>                     1743 us
[2026-04-03T03:40:08.713+0600][40.010s][info][gc,stats    ]   CMR: Thread Roots                1370 us, workers (us): 239, 563, 569, ---, ---, ---, 
[2026-04-03T03:40:08.713+0600][40.010s][info][gc,stats    ]   CMR: VM Strong Roots               38 us, workers (us):  35,   1,   1, ---, ---, ---, 
[2026-04-03T03:40:08.713+0600][40.010s][info][gc,stats    ]   CMR: CLDG Roots                   335 us, workers (us): 335, ---, ---, ---, ---, ---, 
[2026-04-03T03:40:08.713+0600][40.010s][info][gc,stats    ] Concurrent Marking               537012 us
[2026-04-03T03:40:08.713+0600][40.010s][info][gc,stats    ] Pause Final Mark (G)               1264 us
[2026-04-03T03:40:08.713+0600][40.010s][info][gc,stats    ] Pause Final Mark (N)               1079 us
[2026-04-03T03:40:08.713+0600][40.010s][info][gc,stats    ]   Finish Mark                       292 us
[2026-04-03T03:40:08.713+0600][40.010s][info][gc,stats    ]   Update Region States               76 us
[2026-04-03T03:40:08.713+0600][40.010s][info][gc,stats    ]   Choose Collection Set             565 us
[2026-04-03T03:40:08.713+0600][40.010s][info][gc,stats    ]   Rebuild Free Set                   47 us
[2026-04-03T03:40:08.713+0600][40.010s][info][gc,stats    ] Concurrent Thread Roots             795 us, parallelism: 2.26x
[2026-04-03T03:40:08.713+0600][40.010s][info][gc,stats    ]   CTR: <total>                     1797 us
[2026-04-03T03:40:08.713+0600][40.010s][info][gc,stats    ]   CTR: Thread Roots                1797 us, workers (us): 657, 584, 557, ---, ---, ---, 
[2026-04-03T03:40:08.713+0600][40.010s][info][gc,stats    ] Concurrent Weak References          214 us, parallelism: 0.71x
[2026-04-03T03:40:08.713+0600][40.010s][info][gc,stats    ]   CWRF: <total>                     152 us
[2026-04-03T03:40:08.713+0600][40.010s][info][gc,stats    ]   CWRF: Weak References             152 us, workers (us):  96,  55,   2, ---, ---, ---, 
[2026-04-03T03:40:08.713+0600][40.010s][info][gc,stats    ] Concurrent Weak Roots              2209 us
[2026-04-03T03:40:08.713+0600][40.010s][info][gc,stats    ]   Roots                            2009 us, parallelism: 2.56x
[2026-04-03T03:40:08.713+0600][40.010s][info][gc,stats    ]     CWR: <total>                   5148 us
[2026-04-03T03:40:08.713+0600][40.010s][info][gc,stats    ]     CWR: Code Cache Roots          3550 us, workers (us): 1247, 1083, 1220, ---, ---, ---, 
[2026-04-03T03:40:08.713+0600][40.010s][info][gc,stats    ]     CWR: VM Weak Roots             1461 us, workers (us): 514, 489, 459, ---, ---, ---, 
[2026-04-03T03:40:08.713+0600][40.010s][info][gc,stats    ]     CWR: CLDG Roots                 137 us, workers (us): ---, 137, ---, ---, ---, ---, 
[2026-04-03T03:40:08.713+0600][40.010s][info][gc,stats    ]   Rendezvous                        148 us
[2026-04-03T03:40:08.713+0600][40.010s][info][gc,stats    ] Concurrent Cleanup                  726 us
[2026-04-03T03:40:08.713+0600][40.010s][info][gc,stats    ] Concurrent Class Unloading         6474 us
[2026-04-03T03:40:08.713+0600][40.010s][info][gc,stats    ]   Unlink Stale                     6216 us
[2026-04-03T03:40:08.713+0600][40.010s][info][gc,stats    ]     System Dictionary               100 us
[2026-04-03T03:40:08.713+0600][40.010s][info][gc,stats    ]     Weak Class Links                  1 us
[2026-04-03T03:40:08.713+0600][40.010s][info][gc,stats    ]     Code Roots                     6112 us
[2026-04-03T03:40:08.713+0600][40.011s][info][gc,stats    ]   Rendezvous                        172 us
[2026-04-03T03:40:08.713+0600][40.011s][info][gc,stats    ]   Purge Unlinked                     12 us
[2026-04-03T03:40:08.713+0600][40.011s][info][gc,stats    ]     Code Roots                        5 us
[2026-04-03T03:40:08.713+0600][40.011s][info][gc,stats    ]     CLDG                              6 us
[2026-04-03T03:40:08.713+0600][40.011s][info][gc,stats    ]     Exception Caches                  0 us
[2026-04-03T03:40:08.713+0600][40.011s][info][gc,stats    ] Concurrent Strong Roots             679 us, parallelism: 0.61x
[2026-04-03T03:40:08.713+0600][40.011s][info][gc,stats    ]   CSR: <total>                      412 us
[2026-04-03T03:40:08.713+0600][40.011s][info][gc,stats    ]   CSR: VM Strong Roots               23 us, workers (us):  21,   2,   0, ---, ---, ---, 
[2026-04-03T03:40:08.713+0600][40.011s][info][gc,stats    ]   CSR: CLDG Roots                   389 us, workers (us): 389, ---, ---, ---, ---, ---, 
[2026-04-03T03:40:08.713+0600][40.011s][info][gc,stats    ] Concurrent Evacuation             48714 us
[2026-04-03T03:40:08.713+0600][40.011s][info][gc,stats    ] Pause Init Update Refs (G)         2353 us
[2026-04-03T03:40:08.713+0600][40.011s][info][gc,stats    ] Pause Init Update Refs (N)          137 us
[2026-04-03T03:40:08.713+0600][40.011s][info][gc,stats    ]   Manage GCLABs                      33 us
[2026-04-03T03:40:08.713+0600][40.011s][info][gc,stats    ] Concurrent Update Refs           291930 us
[2026-04-03T03:40:08.713+0600][40.011s][info][gc,stats    ] Concurrent Update Thread Roots      751 us
[2026-04-03T03:40:08.713+0600][40.011s][info][gc,stats    ] Pause Final Update Refs (G)         403 us
[2026-04-03T03:40:08.713+0600][40.011s][info][gc,stats    ] Pause Final Update Refs (N)         222 us
[2026-04-03T03:40:08.713+0600][40.011s][info][gc,stats    ]   Update Region States               77 us
[2026-04-03T03:40:08.713+0600][40.011s][info][gc,stats    ]   Trash Collection Set               18 us
[2026-04-03T03:40:08.713+0600][40.011s][info][gc,stats    ]   Rebuild Free Set                   46 us
[2026-04-03T03:40:08.713+0600][40.011s][info][gc,stats    ] Concurrent Cleanup                  766 us
[2026-04-03T03:40:08.713+0600][40.011s][info][gc,stats    ] 
[2026-04-03T03:40:08.713+0600][40.011s][info][gc,stats    ] Allocation pacing accrued:
[2026-04-03T03:40:08.713+0600][40.011s][info][gc,stats    ]       0 of   901 ms (  0.0%): <total>
[2026-04-03T03:40:08.713+0600][40.011s][info][gc,stats    ]       0 of   901 ms (  0.0%): <average total>
[2026-04-03T03:40:08.713+0600][40.011s][info][gc,stats    ] 
[2026-04-03T03:40:08.713+0600][40.011s][info][gc,metaspace] Metaspace: 72584K(73536K)->72584K(73536K) NonClass: 63317K(63872K)->63317K(63872K) Class: 9267K(9664K)->9267K(9664K)
[2026-04-03T03:40:08.713+0600][40.011s][info][gc,ergo     ] Pacer for Idle. Initial: 40960K, Alloc Tax Rate: 1.0x
[2026-04-03T03:40:09.920+0600][41.218s][info][gc          ] Trigger: Average GC time (1111.23 ms) is above the time for average allocation rate (819 MB/s) to deplete free headroom (873M) (margin of error = 1.84)
[2026-04-03T03:40:09.921+0600][41.218s][info][gc,ergo     ] Free headroom: 973M (free) - 100M (spike) - 0B (penalties) = 873M
[2026-04-03T03:40:09.921+0600][41.218s][info][gc,ergo     ] Free: 973M, Max: 512K regular, 337M humongous, Frag: 66% external, 0% internal; Reserve: 100M, Max: 512K
[2026-04-03T03:40:09.921+0600][41.218s][info][gc,start    ] GC(27) Concurrent reset
[2026-04-03T03:40:09.921+0600][41.218s][info][gc,task     ] GC(27) Using 3 of 6 workers for concurrent reset
[2026-04-03T03:40:09.921+0600][41.218s][info][gc,ergo     ] GC(27) Pacer for Reset. Non-Taxable: 2000M
[2026-04-03T03:40:09.924+0600][41.221s][info][gc          ] GC(27) Concurrent reset 2.885ms
[2026-04-03T03:40:09.924+0600][41.221s][info][gc,start    ] GC(27) Pause Init Mark (unload classes)
[2026-04-03T03:40:09.924+0600][41.221s][info][gc,task     ] GC(27) Using 6 of 6 workers for init marking
[2026-04-03T03:40:09.924+0600][41.222s][info][gc,ergo     ] GC(27) Pacer for Mark. Expected Live: 255M, Free: 971M, Non-Taxable: 99492K, Alloc Tax Rate: 0.3x
[2026-04-03T03:40:09.924+0600][41.222s][info][gc          ] GC(27) Pause Init Mark (unload classes) 0.315ms
[2026-04-03T03:40:09.924+0600][41.222s][info][gc,start    ] GC(27) Concurrent marking roots
[2026-04-03T03:40:09.924+0600][41.222s][info][gc,task     ] GC(27) Using 3 of 6 workers for concurrent marking roots
[2026-04-03T03:40:09.926+0600][41.223s][info][gc          ] GC(27) Concurrent marking roots 1.243ms
[2026-04-03T03:40:09.926+0600][41.223s][info][gc,start    ] GC(27) Concurrent marking (unload classes)
[2026-04-03T03:40:09.926+0600][41.223s][info][gc,task     ] GC(27) Using 3 of 6 workers for concurrent marking
[2026-04-03T03:40:10.294+0600][41.592s][info][gc          ] GC(27) Concurrent marking (unload classes) 368.523ms
[2026-04-03T03:40:10.294+0600][41.592s][info][gc,start    ] GC(27) Pause Final Mark (unload classes)
[2026-04-03T03:40:10.294+0600][41.592s][info][gc,task     ] GC(27) Using 6 of 6 workers for final marking
[2026-04-03T03:40:10.295+0600][41.593s][info][gc,ergo     ] GC(27) Adaptive CSet Selection. Target Free: 283M, Actual Free: 1284M, Max CSet: 85333K, Min Garbage: 0B
[2026-04-03T03:40:10.295+0600][41.593s][info][gc,ergo     ] GC(27) Collectable Garbage: 647M (99%), Immediate: 419M (64%), CSet: 228M (35%)
[2026-04-03T03:40:10.296+0600][41.593s][info][gc,ergo     ] GC(27) Pacer for Evacuation. Used CSet: 311M, Free: 1204M, Non-Taxable: 120M, Alloc Tax Rate: 1.1x
[2026-04-03T03:40:10.296+0600][41.593s][info][gc          ] GC(27) Pause Final Mark (unload classes) 1.163ms
[2026-04-03T03:40:10.296+0600][41.593s][info][gc,start    ] GC(27) Concurrent thread roots
[2026-04-03T03:40:10.296+0600][41.593s][info][gc,task     ] GC(27) Using 3 of 6 workers for Concurrent thread roots
[2026-04-03T03:40:10.296+0600][41.594s][info][gc          ] GC(27) Concurrent thread roots 0.764ms
[2026-04-03T03:40:10.296+0600][41.594s][info][gc,start    ] GC(27) Concurrent weak references
[2026-04-03T03:40:10.296+0600][41.594s][info][gc,task     ] GC(27) Using 3 of 6 workers for concurrent weak references
[2026-04-03T03:40:10.297+0600][41.594s][info][gc,ref      ] GC(27) Encountered references: Soft: 3284, Weak: 6498, Final: 84, Phantom: 600
[2026-04-03T03:40:10.297+0600][41.594s][info][gc,ref      ] GC(27) Discovered  references: Soft: 0, Weak: 1348, Final: 2, Phantom: 597
[2026-04-03T03:40:10.297+0600][41.594s][info][gc,ref      ] GC(27) Enqueued    references: Soft: 0, Weak: 117, Final: 0, Phantom: 0
[2026-04-03T03:40:10.297+0600][41.594s][info][gc          ] GC(27) Concurrent weak references 0.508ms
[2026-04-03T03:40:10.297+0600][41.594s][info][gc,start    ] GC(27) Concurrent weak roots
[2026-04-03T03:40:10.297+0600][41.594s][info][gc,task     ] GC(27) Using 3 of 6 workers for concurrent weak root
[2026-04-03T03:40:10.300+0600][41.597s][info][gc          ] GC(27) Concurrent weak roots 3.085ms
[2026-04-03T03:40:10.300+0600][41.598s][info][gc,start    ] GC(27) Concurrent cleanup
[2026-04-03T03:40:10.301+0600][41.598s][info][gc          ] GC(27) Concurrent cleanup 1113M->695M(1240M) 0.511ms
[2026-04-03T03:40:10.301+0600][41.598s][info][gc,ergo     ] GC(27) Free: 1196M, Max: 512K regular, 424M humongous, Frag: 65% external, 0% internal; Reserve: 101678K, Max: 512K
[2026-04-03T03:40:10.301+0600][41.598s][info][gc,start    ] GC(27) Concurrent class unloading
[2026-04-03T03:40:10.301+0600][41.598s][info][gc,task     ] GC(27) Using 3 of 6 workers for concurrent class unloading
[2026-04-03T03:40:10.309+0600][41.606s][info][gc          ] GC(27) Concurrent class unloading 7.718ms
[2026-04-03T03:40:10.309+0600][41.606s][info][gc,start    ] GC(27) Concurrent strong roots
[2026-04-03T03:40:10.309+0600][41.606s][info][gc,task     ] GC(27) Using 3 of 6 workers for concurrent strong root
[2026-04-03T03:40:10.310+0600][41.607s][info][gc          ] GC(27) Concurrent strong roots 0.983ms
[2026-04-03T03:40:10.310+0600][41.607s][info][gc,start    ] GC(27) Concurrent evacuation
[2026-04-03T03:40:10.310+0600][41.607s][info][gc,task     ] GC(27) Using 3 of 6 workers for concurrent evacuation
[2026-04-03T03:40:10.374+0600][41.671s][info][gc          ] GC(27) Concurrent evacuation 64.005ms
[2026-04-03T03:40:10.374+0600][41.672s][info][gc,start    ] GC(27) Pause Init Update Refs
[2026-04-03T03:40:10.374+0600][41.672s][info][gc,ergo     ] GC(27) Pacer for Update Refs. Used: 830M, Free: 1144M, Non-Taxable: 114M, Alloc Tax Rate: 1.1x
[2026-04-03T03:40:10.374+0600][41.672s][info][gc          ] GC(27) Pause Init Update Refs 0.165ms
[2026-04-03T03:40:10.374+0600][41.672s][info][gc,start    ] GC(27) Concurrent update references
[2026-04-03T03:40:10.375+0600][41.672s][info][gc,task     ] GC(27) Using 3 of 6 workers for concurrent reference update
[2026-04-03T03:40:10.669+0600][41.966s][info][gc          ] GC(27) Concurrent update references 294.414ms
[2026-04-03T03:40:10.669+0600][41.966s][info][gc,start    ] GC(27) Concurrent update thread roots
[2026-04-03T03:40:10.670+0600][41.967s][info][gc          ] GC(27) Concurrent update thread roots 1.024ms
[2026-04-03T03:40:10.670+0600][41.968s][info][gc,start    ] GC(27) Pause Final Update Refs
[2026-04-03T03:40:10.670+0600][41.968s][info][gc,task     ] GC(27) Using 6 of 6 workers for final reference update
[2026-04-03T03:40:10.671+0600][41.968s][info][gc          ] GC(27) Pause Final Update Refs 0.291ms
[2026-04-03T03:40:10.671+0600][41.968s][info][gc,start    ] GC(27) Concurrent cleanup
[2026-04-03T03:40:10.671+0600][41.969s][info][gc          ] GC(27) Concurrent cleanup 1030M->719M(1240M) 0.427ms
[2026-04-03T03:40:10.671+0600][41.969s][info][gc,ergo     ] Free: 1169M, Max: 512K regular, 405M humongous, Frag: 66% external, 0% internal; Reserve: 100M, Max: 512K
[2026-04-03T03:40:10.671+0600][41.969s][info][gc,stats    ] 
[2026-04-03T03:40:10.671+0600][41.969s][info][gc,stats    ] All times are wall-clock times, except per-root-class counters, that are sum over
[2026-04-03T03:40:10.671+0600][41.969s][info][gc,stats    ] all workers. Dividing the <total> over the root stage time estimates parallelism.
[2026-04-03T03:40:10.671+0600][41.969s][info][gc,stats    ] 
[2026-04-03T03:40:10.671+0600][41.969s][info][gc,stats    ] Concurrent Reset                   2977 us
[2026-04-03T03:40:10.671+0600][41.969s][info][gc,stats    ] Pause Init Mark (G)                 625 us
[2026-04-03T03:40:10.671+0600][41.969s][info][gc,stats    ] Pause Init Mark (N)                 328 us
[2026-04-03T03:40:10.671+0600][41.969s][info][gc,stats    ]   Update Region States               55 us
[2026-04-03T03:40:10.671+0600][41.969s][info][gc,stats    ] Concurrent Mark Roots              1287 us, parallelism: 1.70x
[2026-04-03T03:40:10.671+0600][41.969s][info][gc,stats    ]   CMR: <total>                     2185 us
[2026-04-03T03:40:10.671+0600][41.969s][info][gc,stats    ]   CMR: Thread Roots                1741 us, workers (us): 720, 350, 671, ---, ---, ---, 
[2026-04-03T03:40:10.671+0600][41.969s][info][gc,stats    ]   CMR: VM Strong Roots               48 us, workers (us):  26,  22,   1, ---, ---, ---, 
[2026-04-03T03:40:10.671+0600][41.969s][info][gc,stats    ]   CMR: CLDG Roots                   396 us, workers (us): ---, 396, ---, ---, ---, ---, 
[2026-04-03T03:40:10.671+0600][41.969s][info][gc,stats    ] Concurrent Marking               368631 us
[2026-04-03T03:40:10.671+0600][41.969s][info][gc,stats    ] Pause Final Mark (G)               1393 us
[2026-04-03T03:40:10.671+0600][41.969s][info][gc,stats    ] Pause Final Mark (N)               1177 us
[2026-04-03T03:40:10.671+0600][41.969s][info][gc,stats    ]   Finish Mark                       403 us
[2026-04-03T03:40:10.671+0600][41.969s][info][gc,stats    ]   Update Region States               79 us
[2026-04-03T03:40:10.671+0600][41.969s][info][gc,stats    ]   Choose Collection Set             407 us
[2026-04-03T03:40:10.671+0600][41.969s][info][gc,stats    ]   Rebuild Free Set                   58 us
[2026-04-03T03:40:10.671+0600][41.969s][info][gc,stats    ] Concurrent Thread Roots             810 us, parallelism: 1.96x
[2026-04-03T03:40:10.672+0600][41.969s][info][gc,stats    ]   CTR: <total>                     1591 us
[2026-04-03T03:40:10.672+0600][41.969s][info][gc,stats    ]   CTR: Thread Roots                1591 us, workers (us): 484, 565, 542, ---, ---, ---, 
[2026-04-03T03:40:10.672+0600][41.969s][info][gc,stats    ] Concurrent Weak References          525 us, parallelism: 0.73x
[2026-04-03T03:40:10.672+0600][41.969s][info][gc,stats    ]   CWRF: <total>                     385 us
[2026-04-03T03:40:10.672+0600][41.969s][info][gc,stats    ]   CWRF: Weak References             385 us, workers (us):  90, 294,   2, ---, ---, ---, 
[2026-04-03T03:40:10.672+0600][41.969s][info][gc,stats    ] Concurrent Weak Roots              3208 us
[2026-04-03T03:40:10.672+0600][41.969s][info][gc,stats    ]   Roots                            2787 us, parallelism: 2.52x
[2026-04-03T03:40:10.672+0600][41.969s][info][gc,stats    ]     CWR: <total>                   7020 us
[2026-04-03T03:40:10.672+0600][41.969s][info][gc,stats    ]     CWR: Code Cache Roots          4472 us, workers (us): 1476, 1630, 1366, ---, ---, ---, 
[2026-04-03T03:40:10.672+0600][41.969s][info][gc,stats    ]     CWR: VM Weak Roots             2458 us, workers (us): 857, 850, 751, ---, ---, ---, 
[2026-04-03T03:40:10.672+0600][41.969s][info][gc,stats    ]     CWR: CLDG Roots                  90 us, workers (us): ---, ---,  90, ---, ---, ---, 
[2026-04-03T03:40:10.672+0600][41.969s][info][gc,stats    ]   Rendezvous                        263 us
[2026-04-03T03:40:10.672+0600][41.969s][info][gc,stats    ] Concurrent Cleanup                  566 us
[2026-04-03T03:40:10.672+0600][41.969s][info][gc,stats    ] Concurrent Class Unloading         7819 us
[2026-04-03T03:40:10.672+0600][41.969s][info][gc,stats    ]   Unlink Stale                     6745 us
[2026-04-03T03:40:10.672+0600][41.969s][info][gc,stats    ]     System Dictionary               189 us
[2026-04-03T03:40:10.672+0600][41.969s][info][gc,stats    ]     Weak Class Links                  1 us
[2026-04-03T03:40:10.672+0600][41.969s][info][gc,stats    ]     Code Roots                     6550 us
[2026-04-03T03:40:10.672+0600][41.969s][info][gc,stats    ]   Rendezvous                        427 us
[2026-04-03T03:40:10.672+0600][41.969s][info][gc,stats    ]   Purge Unlinked                    504 us
[2026-04-03T03:40:10.672+0600][41.969s][info][gc,stats    ]     Code Roots                      487 us
[2026-04-03T03:40:10.672+0600][41.969s][info][gc,stats    ]     CLDG                             15 us
[2026-04-03T03:40:10.672+0600][41.969s][info][gc,stats    ]     Exception Caches                  0 us
[2026-04-03T03:40:10.672+0600][41.969s][info][gc,stats    ] Concurrent Strong Roots            1115 us, parallelism: 0.50x
[2026-04-03T03:40:10.672+0600][41.969s][info][gc,stats    ]   CSR: <total>                      554 us
[2026-04-03T03:40:10.672+0600][41.969s][info][gc,stats    ]   CSR: VM Strong Roots               41 us, workers (us):  21,  20,   0, ---, ---, ---, 
[2026-04-03T03:40:10.672+0600][41.969s][info][gc,stats    ]   CSR: CLDG Roots                   513 us, workers (us): 513, ---, ---, ---, ---, ---, 
[2026-04-03T03:40:10.672+0600][41.969s][info][gc,stats    ] Concurrent Evacuation             64156 us
[2026-04-03T03:40:10.672+0600][41.969s][info][gc,stats    ] Pause Init Update Refs (G)          570 us
[2026-04-03T03:40:10.672+0600][41.969s][info][gc,stats    ] Pause Init Update Refs (N)          177 us
[2026-04-03T03:40:10.672+0600][41.969s][info][gc,stats    ]   Manage GCLABs                      43 us
[2026-04-03T03:40:10.672+0600][41.969s][info][gc,stats    ] Concurrent Update Refs           294530 us
[2026-04-03T03:40:10.672+0600][41.969s][info][gc,stats    ] Concurrent Update Thread Roots     1074 us
[2026-04-03T03:40:10.672+0600][41.969s][info][gc,stats    ] Pause Final Update Refs (G)         604 us
[2026-04-03T03:40:10.672+0600][41.969s][info][gc,stats    ] Pause Final Update Refs (N)         307 us
[2026-04-03T03:40:10.672+0600][41.969s][info][gc,stats    ]   Update Region States               92 us
[2026-04-03T03:40:10.672+0600][41.969s][info][gc,stats    ]   Trash Collection Set               18 us
[2026-04-03T03:40:10.672+0600][41.969s][info][gc,stats    ]   Rebuild Free Set                   55 us
[2026-04-03T03:40:10.672+0600][41.969s][info][gc,stats    ] Concurrent Cleanup                  456 us
[2026-04-03T03:40:10.672+0600][41.969s][info][gc,stats    ] Pacing                           101428 us
[2026-04-03T03:40:10.672+0600][41.970s][info][gc,stats    ] 
[2026-04-03T03:40:10.672+0600][41.970s][info][gc,stats    ] Allocation pacing accrued:
[2026-04-03T03:40:10.672+0600][41.970s][info][gc,stats    ]      34 of  1959 ms (  1.7%): Executor task launch worker for task 1.0 in stage 15.0 (TID 25)
[2026-04-03T03:40:10.672+0600][41.970s][info][gc,stats    ]      34 of  1959 ms (  1.7%): Executor task launch worker for task 2.0 in stage 15.0 (TID 26)
[2026-04-03T03:40:10.672+0600][41.970s][info][gc,stats    ]      34 of  1959 ms (  1.7%): Executor task launch worker for task 0.0 in stage 15.0 (TID 24)
[2026-04-03T03:40:10.672+0600][41.970s][info][gc,stats    ]     101 of  1959 ms (  5.2%): <total>
[2026-04-03T03:40:10.672+0600][41.970s][info][gc,stats    ]       1 of  1959 ms (  0.0%): <average total>
[2026-04-03T03:40:10.672+0600][41.970s][info][gc,stats    ]      34 of  1959 ms (  1.7%): <average non-zero>
[2026-04-03T03:40:10.672+0600][41.970s][info][gc,stats    ] 
[2026-04-03T03:40:10.672+0600][41.970s][info][gc,metaspace] Metaspace: 72658K(73536K)->72659K(73536K) NonClass: 63386K(63872K)->63388K(63872K) Class: 9271K(9664K)->9271K(9664K)
[2026-04-03T03:40:10.672+0600][41.970s][info][gc,ergo     ] Pacer for Idle. Initial: 40960K, Alloc Tax Rate: 1.0x
[2026-04-03T03:40:10.874+0600][42.172s][info][gc          ] Trigger: Average GC time (1003.82 ms) is above the time for average allocation rate (1010 MB/s) to deplete free headroom (856M) (margin of error = 1.85)
[2026-04-03T03:40:10.874+0600][42.172s][info][gc,ergo     ] Free headroom: 956M (free) - 100M (spike) - 0B (penalties) = 856M
[2026-04-03T03:40:10.874+0600][42.172s][info][gc,ergo     ] Free: 955M, Max: 512K regular, 405M humongous, Frag: 58% external, 0% internal; Reserve: 100M, Max: 512K
[2026-04-03T03:40:10.874+0600][42.172s][info][gc,start    ] GC(28) Concurrent reset
[2026-04-03T03:40:10.874+0600][42.172s][info][gc,task     ] GC(28) Using 3 of 6 workers for concurrent reset
[2026-04-03T03:40:10.874+0600][42.172s][info][gc,ergo     ] GC(28) Pacer for Reset. Non-Taxable: 2000M
[2026-04-03T03:40:10.876+0600][42.174s][info][gc          ] GC(28) Concurrent reset 2.020ms
[2026-04-03T03:40:10.877+0600][42.174s][info][gc,start    ] GC(28) Pause Init Mark (unload classes)
[2026-04-03T03:40:10.877+0600][42.174s][info][gc,task     ] GC(28) Using 6 of 6 workers for init marking
[2026-04-03T03:40:10.877+0600][42.175s][info][gc,ergo     ] GC(28) Pacer for Mark. Expected Live: 277M, Free: 953M, Non-Taxable: 97649K, Alloc Tax Rate: 0.4x
[2026-04-03T03:40:10.877+0600][42.175s][info][gc          ] GC(28) Pause Init Mark (unload classes) 0.208ms
[2026-04-03T03:40:10.877+0600][42.175s][info][gc,start    ] GC(28) Concurrent marking roots
[2026-04-03T03:40:10.877+0600][42.175s][info][gc,task     ] GC(28) Using 3 of 6 workers for concurrent marking roots
[2026-04-03T03:40:10.878+0600][42.176s][info][gc          ] GC(28) Concurrent marking roots 1.199ms
[2026-04-03T03:40:10.878+0600][42.176s][info][gc,start    ] GC(28) Concurrent marking (unload classes)
[2026-04-03T03:40:10.879+0600][42.176s][info][gc,task     ] GC(28) Using 3 of 6 workers for concurrent marking
[2026-04-03T03:40:11.251+0600][42.549s][info][gc          ] GC(28) Concurrent marking (unload classes) 372.729ms
[2026-04-03T03:40:11.252+0600][42.549s][info][gc,start    ] GC(28) Pause Final Mark (unload classes)
[2026-04-03T03:40:11.252+0600][42.549s][info][gc,task     ] GC(28) Using 6 of 6 workers for final marking
[2026-04-03T03:40:11.252+0600][42.549s][info][gc,ergo     ] GC(28) Adaptive CSet Selection. Target Free: 283M, Actual Free: 885M, Max CSet: 85333K, Min Garbage: 0B
[2026-04-03T03:40:11.252+0600][42.550s][info][gc,ergo     ] GC(28) Collectable Garbage: 645M (99%), Immediate: 23552K (3%), CSet: 622M (95%)
[2026-04-03T03:40:11.253+0600][42.550s][info][gc,ergo     ] GC(28) Pacer for Evacuation. Used CSet: 684M, Free: 792M, Non-Taxable: 81111K, Alloc Tax Rate: 2.1x
[2026-04-03T03:40:11.253+0600][42.550s][info][gc          ] GC(28) Pause Final Mark (unload classes) 1.032ms
[2026-04-03T03:40:11.253+0600][42.550s][info][gc,start    ] GC(28) Concurrent thread roots
[2026-04-03T03:40:11.253+0600][42.550s][info][gc,task     ] GC(28) Using 3 of 6 workers for Concurrent thread roots
[2026-04-03T03:40:11.253+0600][42.551s][info][gc          ] GC(28) Concurrent thread roots 0.760ms
[2026-04-03T03:40:11.253+0600][42.551s][info][gc,start    ] GC(28) Concurrent weak references
[2026-04-03T03:40:11.253+0600][42.551s][info][gc,task     ] GC(28) Using 3 of 6 workers for concurrent weak references
[2026-04-03T03:40:11.254+0600][42.551s][info][gc,ref      ] GC(28) Encountered references: Soft: 3284, Weak: 6389, Final: 84, Phantom: 600
[2026-04-03T03:40:11.254+0600][42.551s][info][gc,ref      ] GC(28) Discovered  references: Soft: 0, Weak: 884, Final: 48, Phantom: 597
[2026-04-03T03:40:11.254+0600][42.551s][info][gc,ref      ] GC(28) Enqueued    references: Soft: 0, Weak: 79, Final: 0, Phantom: 0
[2026-04-03T03:40:11.254+0600][42.551s][info][gc          ] GC(28) Concurrent weak references 0.324ms
[2026-04-03T03:40:11.254+0600][42.551s][info][gc,start    ] GC(28) Concurrent weak roots
[2026-04-03T03:40:11.254+0600][42.551s][info][gc,task     ] GC(28) Using 3 of 6 workers for concurrent weak root
[2026-04-03T03:40:11.256+0600][42.553s][info][gc          ] GC(28) Concurrent weak roots 1.967ms
[2026-04-03T03:40:11.256+0600][42.553s][info][gc,start    ] GC(28) Concurrent cleanup
[2026-04-03T03:40:11.256+0600][42.554s][info][gc          ] GC(28) Concurrent cleanup 1129M->1106M(1240M) 0.226ms
[2026-04-03T03:40:11.256+0600][42.554s][info][gc,ergo     ] GC(28) Free: 789M, Max: 512K regular, 405M humongous, Frag: 49% external, 0% internal; Reserve: 101247K, Max: 512K
[2026-04-03T03:40:11.256+0600][42.554s][info][gc,start    ] GC(28) Concurrent class unloading
[2026-04-03T03:40:11.256+0600][42.554s][info][gc,task     ] GC(28) Using 3 of 6 workers for concurrent class unloading
[2026-04-03T03:40:11.262+0600][42.559s][info][gc          ] GC(28) Concurrent class unloading 5.505ms
[2026-04-03T03:40:11.262+0600][42.559s][info][gc,start    ] GC(28) Concurrent strong roots
[2026-04-03T03:40:11.262+0600][42.559s][info][gc,task     ] GC(28) Using 3 of 6 workers for concurrent strong root
[2026-04-03T03:40:11.263+0600][42.560s][info][gc          ] GC(28) Concurrent strong roots 0.892ms
[2026-04-03T03:40:11.263+0600][42.560s][info][gc,start    ] GC(28) Concurrent evacuation
[2026-04-03T03:40:11.263+0600][42.560s][info][gc,task     ] GC(28) Using 3 of 6 workers for concurrent evacuation
[2026-04-03T03:40:11.325+0600][42.622s][info][gc          ] GC(28) Concurrent evacuation 62.101ms
[2026-04-03T03:40:11.325+0600][42.623s][info][gc,start    ] GC(28) Pause Init Update Refs
[2026-04-03T03:40:11.325+0600][42.623s][info][gc,ergo     ] GC(28) Pacer for Update Refs. Used: 1201M, Free: 756M, Non-Taxable: 77425K, Alloc Tax Rate: 1.9x
[2026-04-03T03:40:11.325+0600][42.623s][info][gc          ] GC(28) Pause Init Update Refs 0.125ms
[2026-04-03T03:40:11.325+0600][42.623s][info][gc,start    ] GC(28) Concurrent update references
[2026-04-03T03:40:11.325+0600][42.623s][info][gc,task     ] GC(28) Using 3 of 6 workers for concurrent reference update
[2026-04-03T03:40:11.586+0600][42.884s][info][gc          ] GC(28) Concurrent update references 261.094ms
[2026-04-03T03:40:11.587+0600][42.884s][info][gc,start    ] GC(28) Concurrent update thread roots
[2026-04-03T03:40:11.588+0600][42.885s][info][gc          ] GC(28) Concurrent update thread roots 1.156ms
[2026-04-03T03:40:11.588+0600][42.885s][info][gc,start    ] GC(28) Pause Final Update Refs
[2026-04-03T03:40:11.588+0600][42.885s][info][gc,task     ] GC(28) Using 6 of 6 workers for final reference update
[2026-04-03T03:40:11.588+0600][42.886s][info][gc          ] GC(28) Pause Final Update Refs 0.264ms
[2026-04-03T03:40:11.588+0600][42.886s][info][gc,start    ] GC(28) Concurrent cleanup
[2026-04-03T03:40:11.589+0600][42.886s][info][gc          ] GC(28) Concurrent cleanup 1319M->635M(1350M) 0.485ms
[2026-04-03T03:40:11.589+0600][42.886s][info][gc,ergo     ] Free: 1258M, Max: 512K regular, 370M humongous, Frag: 71% external, 0% internal; Reserve: 100M, Max: 512K
[2026-04-03T03:40:11.589+0600][42.886s][info][gc,stats    ] 
[2026-04-03T03:40:11.589+0600][42.886s][info][gc,stats    ] All times are wall-clock times, except per-root-class counters, that are sum over
[2026-04-03T03:40:11.589+0600][42.886s][info][gc,stats    ] all workers. Dividing the <total> over the root stage time estimates parallelism.
[2026-04-03T03:40:11.589+0600][42.886s][info][gc,stats    ] 
[2026-04-03T03:40:11.589+0600][42.886s][info][gc,stats    ] Concurrent Reset                   2097 us
[2026-04-03T03:40:11.589+0600][42.886s][info][gc,stats    ] Pause Init Mark (G)                 711 us
[2026-04-03T03:40:11.589+0600][42.886s][info][gc,stats    ] Pause Init Mark (N)                 218 us
[2026-04-03T03:40:11.589+0600][42.886s][info][gc,stats    ]   Update Region States               51 us
[2026-04-03T03:40:11.589+0600][42.886s][info][gc,stats    ] Concurrent Mark Roots              1247 us, parallelism: 1.89x
[2026-04-03T03:40:11.589+0600][42.887s][info][gc,stats    ]   CMR: <total>                     2362 us
[2026-04-03T03:40:11.589+0600][42.887s][info][gc,stats    ]   CMR: Thread Roots                1961 us, workers (us): 795, 444, 723, ---, ---, ---, 
[2026-04-03T03:40:11.589+0600][42.887s][info][gc,stats    ]   CMR: VM Strong Roots               44 us, workers (us):  32,  12,   1, ---, ---, ---, 
[2026-04-03T03:40:11.589+0600][42.887s][info][gc,stats    ]   CMR: CLDG Roots                   356 us, workers (us): ---, 356, ---, ---, ---, ---, 
[2026-04-03T03:40:11.589+0600][42.887s][info][gc,stats    ] Concurrent Marking               372806 us
[2026-04-03T03:40:11.589+0600][42.887s][info][gc,stats    ] Pause Final Mark (G)               1365 us
[2026-04-03T03:40:11.589+0600][42.887s][info][gc,stats    ] Pause Final Mark (N)               1045 us
[2026-04-03T03:40:11.589+0600][42.887s][info][gc,stats    ]   Finish Mark                       322 us
[2026-04-03T03:40:11.589+0600][42.887s][info][gc,stats    ]   Update Region States               58 us
[2026-04-03T03:40:11.589+0600][42.887s][info][gc,stats    ]   Choose Collection Set             533 us
[2026-04-03T03:40:11.589+0600][42.887s][info][gc,stats    ]   Rebuild Free Set                   31 us
[2026-04-03T03:40:11.589+0600][42.887s][info][gc,stats    ] Concurrent Thread Roots             796 us, parallelism: 2.09x
[2026-04-03T03:40:11.589+0600][42.887s][info][gc,stats    ]   CTR: <total>                     1666 us
[2026-04-03T03:40:11.589+0600][42.887s][info][gc,stats    ]   CTR: Thread Roots                1666 us, workers (us): 578, 544, 544, ---, ---, ---, 
[2026-04-03T03:40:11.589+0600][42.887s][info][gc,stats    ] Concurrent Weak References          337 us, parallelism: 0.71x
[2026-04-03T03:40:11.589+0600][42.887s][info][gc,stats    ]   CWRF: <total>                     237 us
[2026-04-03T03:40:11.589+0600][42.887s][info][gc,stats    ]   CWRF: Weak References             237 us, workers (us):  57,  79, 101, ---, ---, ---, 
[2026-04-03T03:40:11.589+0600][42.887s][info][gc,stats    ] Concurrent Weak Roots              2026 us
[2026-04-03T03:40:11.589+0600][42.887s][info][gc,stats    ]   Roots                            1679 us, parallelism: 2.40x
[2026-04-03T03:40:11.589+0600][42.887s][info][gc,stats    ]     CWR: <total>                   4029 us
[2026-04-03T03:40:11.589+0600][42.887s][info][gc,stats    ]     CWR: Code Cache Roots          2405 us, workers (us): 838, 834, 733, ---, ---, ---, 
[2026-04-03T03:40:11.589+0600][42.887s][info][gc,stats    ]     CWR: VM Weak Roots             1553 us, workers (us): 550, 509, 495, ---, ---, ---, 
[2026-04-03T03:40:11.589+0600][42.887s][info][gc,stats    ]     CWR: CLDG Roots                  70 us, workers (us): ---, ---,  70, ---, ---, ---, 
[2026-04-03T03:40:11.589+0600][42.887s][info][gc,stats    ]   Rendezvous                        262 us
[2026-04-03T03:40:11.589+0600][42.887s][info][gc,stats    ] Concurrent Cleanup                  247 us
[2026-04-03T03:40:11.589+0600][42.887s][info][gc,stats    ] Concurrent Class Unloading         5608 us
[2026-04-03T03:40:11.589+0600][42.887s][info][gc,stats    ]   Unlink Stale                     5179 us
[2026-04-03T03:40:11.589+0600][42.887s][info][gc,stats    ]     System Dictionary                98 us
[2026-04-03T03:40:11.589+0600][42.887s][info][gc,stats    ]     Weak Class Links                  0 us
[2026-04-03T03:40:11.589+0600][42.887s][info][gc,stats    ]     Code Roots                     5075 us
[2026-04-03T03:40:11.589+0600][42.887s][info][gc,stats    ]   Rendezvous                        279 us
[2026-04-03T03:40:11.589+0600][42.887s][info][gc,stats    ]   Purge Unlinked                     18 us
[2026-04-03T03:40:11.589+0600][42.887s][info][gc,stats    ]     Code Roots                        4 us
[2026-04-03T03:40:11.589+0600][42.887s][info][gc,stats    ]     CLDG                             13 us
[2026-04-03T03:40:11.589+0600][42.887s][info][gc,stats    ]     Exception Caches                  0 us
[2026-04-03T03:40:11.589+0600][42.887s][info][gc,stats    ] Concurrent Strong Roots             984 us, parallelism: 0.48x
[2026-04-03T03:40:11.589+0600][42.887s][info][gc,stats    ]   CSR: <total>                      470 us
[2026-04-03T03:40:11.589+0600][42.887s][info][gc,stats    ]   CSR: VM Strong Roots               47 us, workers (us):  44,   1,   1, ---, ---, ---, 
[2026-04-03T03:40:11.589+0600][42.887s][info][gc,stats    ]   CSR: CLDG Roots                   423 us, workers (us): 423, ---, ---, ---, ---, ---, 
[2026-04-03T03:40:11.589+0600][42.887s][info][gc,stats    ] Concurrent Evacuation             62208 us
[2026-04-03T03:40:11.589+0600][42.887s][info][gc,stats    ] Pause Init Update Refs (G)          421 us
[2026-04-03T03:40:11.589+0600][42.887s][info][gc,stats    ] Pause Init Update Refs (N)          140 us
[2026-04-03T03:40:11.589+0600][42.887s][info][gc,stats    ]   Manage GCLABs                      24 us
[2026-04-03T03:40:11.589+0600][42.887s][info][gc,stats    ] Concurrent Update Refs           261208 us
[2026-04-03T03:40:11.589+0600][42.887s][info][gc,stats    ] Concurrent Update Thread Roots     1207 us
[2026-04-03T03:40:11.589+0600][42.887s][info][gc,stats    ] Pause Final Update Refs (G)         532 us
[2026-04-03T03:40:11.589+0600][42.887s][info][gc,stats    ] Pause Final Update Refs (N)         293 us
[2026-04-03T03:40:11.590+0600][42.887s][info][gc,stats    ]   Update Region States               92 us
[2026-04-03T03:40:11.590+0600][42.887s][info][gc,stats    ]   Trash Collection Set               32 us
[2026-04-03T03:40:11.590+0600][42.887s][info][gc,stats    ]   Rebuild Free Set                   46 us
[2026-04-03T03:40:11.590+0600][42.887s][info][gc,stats    ] Concurrent Cleanup                  519 us
[2026-04-03T03:40:11.590+0600][42.887s][info][gc,stats    ] Pacing                           273624 us
[2026-04-03T03:40:11.590+0600][42.887s][info][gc,stats    ] 
[2026-04-03T03:40:11.590+0600][42.887s][info][gc,stats    ] Allocation pacing accrued:
[2026-04-03T03:40:11.590+0600][42.887s][info][gc,stats    ]      89 of   918 ms (  9.7%): Executor task launch worker for task 1.0 in stage 15.0 (TID 25)
[2026-04-03T03:40:11.590+0600][42.887s][info][gc,stats    ]      90 of   918 ms (  9.8%): Executor task launch worker for task 2.0 in stage 15.0 (TID 26)
[2026-04-03T03:40:11.590+0600][42.887s][info][gc,stats    ]      94 of   918 ms ( 10.3%): Executor task launch worker for task 0.0 in stage 15.0 (TID 24)
[2026-04-03T03:40:11.590+0600][42.887s][info][gc,stats    ]     274 of   918 ms ( 29.8%): <total>
[2026-04-03T03:40:11.590+0600][42.887s][info][gc,stats    ]       2 of   918 ms (  0.2%): <average total>
[2026-04-03T03:40:11.590+0600][42.887s][info][gc,stats    ]      91 of   918 ms (  9.9%): <average non-zero>
[2026-04-03T03:40:11.590+0600][42.887s][info][gc,stats    ] 
[2026-04-03T03:40:11.590+0600][42.887s][info][gc,metaspace] Metaspace: 72659K(73536K)->72659K(73536K) NonClass: 63388K(63872K)->63388K(63872K) Class: 9271K(9664K)->9271K(9664K)
[2026-04-03T03:40:11.590+0600][42.887s][info][gc,ergo     ] Pacer for Idle. Initial: 40960K, Alloc Tax Rate: 1.0x
[2026-04-03T03:40:13.301+0600][44.598s][info][gc          ] Trigger: Average GC time (919.81 ms) is above the time for average allocation rate (541 MB/s) to deplete free headroom (493M) (margin of error = 1.86)
[2026-04-03T03:40:13.301+0600][44.598s][info][gc,ergo     ] Free headroom: 593M (free) - 100M (spike) - 0B (penalties) = 493M
[2026-04-03T03:40:13.301+0600][44.598s][info][gc,ergo     ] Free: 593M, Max: 512K regular, 370M humongous, Frag: 38% external, 0% internal; Reserve: 100M, Max: 512K
[2026-04-03T03:40:13.301+0600][44.598s][info][gc,start    ] GC(29) Concurrent reset
[2026-04-03T03:40:13.301+0600][44.598s][info][gc,task     ] GC(29) Using 3 of 6 workers for concurrent reset
[2026-04-03T03:40:13.301+0600][44.598s][info][gc,ergo     ] GC(29) Pacer for Reset. Non-Taxable: 2000M
[2026-04-03T03:40:13.304+0600][44.601s][info][gc          ] GC(29) Concurrent reset 2.734ms
[2026-04-03T03:40:13.304+0600][44.601s][info][gc,start    ] GC(29) Pause Init Mark (unload classes)
[2026-04-03T03:40:13.304+0600][44.602s][info][gc,task     ] GC(29) Using 6 of 6 workers for init marking
[2026-04-03T03:40:13.304+0600][44.602s][info][gc,ergo     ] GC(29) Pacer for Mark. Expected Live: 287M, Free: 591M, Non-Taxable: 60529K, Alloc Tax Rate: 0.6x
[2026-04-03T03:40:13.304+0600][44.602s][info][gc          ] GC(29) Pause Init Mark (unload classes) 0.158ms
[2026-04-03T03:40:13.304+0600][44.602s][info][gc,start    ] GC(29) Concurrent marking roots
[2026-04-03T03:40:13.304+0600][44.602s][info][gc,task     ] GC(29) Using 3 of 6 workers for concurrent marking roots
[2026-04-03T03:40:13.305+0600][44.603s][info][gc          ] GC(29) Concurrent marking roots 1.006ms
[2026-04-03T03:40:13.305+0600][44.603s][info][gc,start    ] GC(29) Concurrent marking (unload classes)
[2026-04-03T03:40:13.305+0600][44.603s][info][gc,task     ] GC(29) Using 3 of 6 workers for concurrent marking
[2026-04-03T03:40:13.519+0600][44.816s][info][gc          ] GC(29) Concurrent marking (unload classes) 213.466ms
[2026-04-03T03:40:13.519+0600][44.816s][info][gc,start    ] GC(29) Pause Final Mark (unload classes)
[2026-04-03T03:40:13.519+0600][44.817s][info][gc,task     ] GC(29) Using 6 of 6 workers for final marking
[2026-04-03T03:40:13.520+0600][44.817s][info][gc,ergo     ] GC(29) Collectable Garbage: 1110M (97%), Immediate: 1110M (97%), CSet: 0B (0%)
[2026-04-03T03:40:13.520+0600][44.817s][info][gc          ] GC(29) Pause Final Mark (unload classes) 0.738ms
[2026-04-03T03:40:13.520+0600][44.817s][info][gc,start    ] GC(29) Concurrent weak references
[2026-04-03T03:40:13.520+0600][44.817s][info][gc,task     ] GC(29) Using 3 of 6 workers for concurrent weak references
[2026-04-03T03:40:13.520+0600][44.818s][info][gc,ref      ] GC(29) Encountered references: Soft: 3325, Weak: 6686, Final: 84, Phantom: 603
[2026-04-03T03:40:13.520+0600][44.818s][info][gc,ref      ] GC(29) Discovered  references: Soft: 0, Weak: 727, Final: 0, Phantom: 600
[2026-04-03T03:40:13.520+0600][44.818s][info][gc,ref      ] GC(29) Enqueued    references: Soft: 0, Weak: 302, Final: 0, Phantom: 0
[2026-04-03T03:40:13.520+0600][44.818s][info][gc          ] GC(29) Concurrent weak references 0.361ms
[2026-04-03T03:40:13.520+0600][44.818s][info][gc,start    ] GC(29) Concurrent weak roots
[2026-04-03T03:40:13.520+0600][44.818s][info][gc,task     ] GC(29) Using 3 of 6 workers for concurrent weak root
[2026-04-03T03:40:13.523+0600][44.820s][info][gc          ] GC(29) Concurrent weak roots 2.441ms
[2026-04-03T03:40:13.523+0600][44.820s][info][gc,start    ] GC(29) Concurrent cleanup
[2026-04-03T03:40:13.523+0600][44.821s][info][gc          ] GC(29) Concurrent cleanup 1353M->244M(1433M) 0.634ms
[2026-04-03T03:40:13.524+0600][44.821s][info][gc,ergo     ] GC(29) Free: 1648M, Max: 512K regular, 442M humongous, Frag: 74% external, 0% internal; Reserve: 100M, Max: 512K
[2026-04-03T03:40:13.524+0600][44.821s][info][gc,start    ] GC(29) Concurrent class unloading
[2026-04-03T03:40:13.524+0600][44.821s][info][gc,task     ] GC(29) Using 3 of 6 workers for concurrent class unloading
[2026-04-03T03:40:13.550+0600][44.847s][info][gc          ] GC(29) Concurrent class unloading 25.993ms
[2026-04-03T03:40:13.550+0600][44.847s][info][gc,start    ] GC(29) Pause Final Roots
[2026-04-03T03:40:13.550+0600][44.847s][info][gc          ] GC(29) Pause Final Roots 0.075ms
[2026-04-03T03:40:13.550+0600][44.848s][info][gc,ergo     ] Free: 1637M, Max: 512K regular, 442M humongous, Frag: 73% external, 0% internal; Reserve: 100M, Max: 512K
[2026-04-03T03:40:13.550+0600][44.848s][info][gc,stats    ] 
[2026-04-03T03:40:13.550+0600][44.848s][info][gc,stats    ] All times are wall-clock times, except per-root-class counters, that are sum over
[2026-04-03T03:40:13.550+0600][44.848s][info][gc,stats    ] all workers. Dividing the <total> over the root stage time estimates parallelism.
[2026-04-03T03:40:13.550+0600][44.848s][info][gc,stats    ] 
[2026-04-03T03:40:13.550+0600][44.848s][info][gc,stats    ] Concurrent Reset                   2846 us
[2026-04-03T03:40:13.550+0600][44.848s][info][gc,stats    ] Pause Init Mark (G)                 532 us
[2026-04-03T03:40:13.550+0600][44.848s][info][gc,stats    ] Pause Init Mark (N)                 171 us
[2026-04-03T03:40:13.550+0600][44.848s][info][gc,stats    ]   Update Region States               54 us
[2026-04-03T03:40:13.550+0600][44.848s][info][gc,stats    ] Concurrent Mark Roots              1051 us, parallelism: 1.88x
[2026-04-03T03:40:13.550+0600][44.848s][info][gc,stats    ]   CMR: <total>                     1973 us
[2026-04-03T03:40:13.550+0600][44.848s][info][gc,stats    ]   CMR: Thread Roots                1591 us, workers (us): 649, 302, 639, ---, ---, ---, 
[2026-04-03T03:40:13.550+0600][44.848s][info][gc,stats    ]   CMR: VM Strong Roots               47 us, workers (us):  23,  13,  10, ---, ---, ---, 
[2026-04-03T03:40:13.550+0600][44.848s][info][gc,stats    ]   CMR: CLDG Roots                   336 us, workers (us): ---, 336, ---, ---, ---, ---, 
[2026-04-03T03:40:13.550+0600][44.848s][info][gc,stats    ] Concurrent Marking               213558 us
[2026-04-03T03:40:13.550+0600][44.848s][info][gc,stats    ] Pause Final Mark (G)                968 us
[2026-04-03T03:40:13.550+0600][44.848s][info][gc,stats    ] Pause Final Mark (N)                760 us
[2026-04-03T03:40:13.550+0600][44.848s][info][gc,stats    ]   Finish Mark                       344 us
[2026-04-03T03:40:13.550+0600][44.848s][info][gc,stats    ]   Update Region States               92 us
[2026-04-03T03:40:13.550+0600][44.848s][info][gc,stats    ]   Choose Collection Set             158 us
[2026-04-03T03:40:13.550+0600][44.848s][info][gc,stats    ]   Rebuild Free Set                   64 us
[2026-04-03T03:40:13.550+0600][44.848s][info][gc,stats    ] Concurrent Weak References          377 us, parallelism: 0.46x
[2026-04-03T03:40:13.550+0600][44.848s][info][gc,stats    ]   CWRF: <total>                     173 us
[2026-04-03T03:40:13.550+0600][44.848s][info][gc,stats    ]   CWRF: Weak References             173 us, workers (us): 108,  64,   1, ---, ---, ---, 
[2026-04-03T03:40:13.550+0600][44.848s][info][gc,stats    ] Concurrent Weak Roots              2549 us
[2026-04-03T03:40:13.550+0600][44.848s][info][gc,stats    ]   Roots                            2140 us, parallelism: 2.51x
[2026-04-03T03:40:13.550+0600][44.848s][info][gc,stats    ]     CWR: <total>                   5376 us
[2026-04-03T03:40:13.550+0600][44.848s][info][gc,stats    ]     CWR: Code Cache Roots          3902 us, workers (us): 1269, 1333, 1300, ---, ---, ---, 
[2026-04-03T03:40:13.550+0600][44.848s][info][gc,stats    ]     CWR: VM Weak Roots             1398 us, workers (us): 483, 464, 451, ---, ---, ---, 
[2026-04-03T03:40:13.551+0600][44.848s][info][gc,stats    ]     CWR: CLDG Roots                  76 us, workers (us): ---, ---,  76, ---, ---, ---, 
[2026-04-03T03:40:13.551+0600][44.848s][info][gc,stats    ]   Rendezvous                        267 us
[2026-04-03T03:40:13.551+0600][44.848s][info][gc,stats    ] Concurrent Cleanup                  677 us
[2026-04-03T03:40:13.551+0600][44.848s][info][gc,stats    ] Concurrent Class Unloading        26097 us
[2026-04-03T03:40:13.551+0600][44.848s][info][gc,stats    ]   Unlink Stale                    25183 us
[2026-04-03T03:40:13.551+0600][44.848s][info][gc,stats    ]     System Dictionary               412 us
[2026-04-03T03:40:13.551+0600][44.848s][info][gc,stats    ]     Weak Class Links              16978 us
[2026-04-03T03:40:13.551+0600][44.848s][info][gc,stats    ]     Code Roots                     7787 us
[2026-04-03T03:40:13.551+0600][44.848s][info][gc,stats    ]   Rendezvous                        382 us
[2026-04-03T03:40:13.551+0600][44.848s][info][gc,stats    ]   Purge Unlinked                    385 us
[2026-04-03T03:40:13.551+0600][44.848s][info][gc,stats    ]     Code Roots                      339 us
[2026-04-03T03:40:13.551+0600][44.848s][info][gc,stats    ]     CLDG                             45 us
[2026-04-03T03:40:13.551+0600][44.848s][info][gc,stats    ]     Exception Caches                  0 us
[2026-04-03T03:40:13.551+0600][44.848s][info][gc,stats    ] Pause Final Roots (G)               333 us
[2026-04-03T03:40:13.551+0600][44.848s][info][gc,stats    ] Pause Final Roots (N)                93 us
[2026-04-03T03:40:13.551+0600][44.848s][info][gc,stats    ] Pacing                            29977 us
[2026-04-03T03:40:13.551+0600][44.848s][info][gc,stats    ] 
[2026-04-03T03:40:13.551+0600][44.848s][info][gc,stats    ] Allocation pacing accrued:
[2026-04-03T03:40:13.551+0600][44.848s][info][gc,stats    ]      10 of  1961 ms (  0.5%): Executor task launch worker for task 2.0 in stage 20.0 (TID 32)
[2026-04-03T03:40:13.551+0600][44.848s][info][gc,stats    ]      10 of  1961 ms (  0.5%): Executor task launch worker for task 0.0 in stage 20.0 (TID 30)
[2026-04-03T03:40:13.551+0600][44.848s][info][gc,stats    ]      10 of  1961 ms (  0.5%): Executor task launch worker for task 1.0 in stage 20.0 (TID 31)
[2026-04-03T03:40:13.551+0600][44.848s][info][gc,stats    ]      30 of  1961 ms (  1.5%): <total>
[2026-04-03T03:40:13.551+0600][44.848s][info][gc,stats    ]       0 of  1961 ms (  0.0%): <average total>
[2026-04-03T03:40:13.551+0600][44.848s][info][gc,stats    ]      10 of  1961 ms (  0.5%): <average non-zero>
[2026-04-03T03:40:13.551+0600][44.848s][info][gc,stats    ] 
[2026-04-03T03:40:13.551+0600][44.848s][info][gc,metaspace] Metaspace: 72782K(73664K)->72791K(73664K) NonClass: 63503K(64000K)->63513K(64000K) Class: 9279K(9664K)->9278K(9664K)
[2026-04-03T03:40:13.551+0600][44.848s][info][gc,ergo     ] Pacer for Idle. Initial: 40960K, Alloc Tax Rate: 1.0x
[2026-04-03T03:40:14.759+0600][46.057s][info][gc          ] Trigger: Average GC time (980.57 ms) is above the time for average allocation rate (1201 MB/s) to deplete free headroom (800M) (margin of error = 1.85)
[2026-04-03T03:40:14.759+0600][46.057s][info][gc,ergo     ] Free headroom: 900M (free) - 100M (spike) - 0B (penalties) = 800M
[2026-04-03T03:40:14.760+0600][46.057s][info][gc,ergo     ] Free: 900M, Max: 512K regular, 442M humongous, Frag: 51% external, 0% internal; Reserve: 100M, Max: 512K
[2026-04-03T03:40:14.760+0600][46.057s][info][gc,start    ] GC(30) Concurrent reset
[2026-04-03T03:40:14.760+0600][46.057s][info][gc,task     ] GC(30) Using 3 of 6 workers for concurrent reset
[2026-04-03T03:40:14.760+0600][46.057s][info][gc,ergo     ] GC(30) Pacer for Reset. Non-Taxable: 2000M
[2026-04-03T03:40:14.761+0600][46.058s][info][gc          ] GC(30) Concurrent reset 0.979ms
[2026-04-03T03:40:14.761+0600][46.058s][info][gc,start    ] GC(30) Pause Init Mark (unload classes)
[2026-04-03T03:40:14.761+0600][46.058s][info][gc,task     ] GC(30) Using 6 of 6 workers for init marking
[2026-04-03T03:40:14.761+0600][46.059s][info][gc,ergo     ] GC(30) Pacer for Mark. Expected Live: 262M, Free: 898M, Non-Taxable: 92015K, Alloc Tax Rate: 0.4x
[2026-04-03T03:40:14.761+0600][46.059s][info][gc          ] GC(30) Pause Init Mark (unload classes) 0.242ms
[2026-04-03T03:40:14.761+0600][46.059s][info][gc,start    ] GC(30) Concurrent marking roots
[2026-04-03T03:40:14.761+0600][46.059s][info][gc,task     ] GC(30) Using 3 of 6 workers for concurrent marking roots
[2026-04-03T03:40:14.762+0600][46.060s][info][gc          ] GC(30) Concurrent marking roots 0.863ms
[2026-04-03T03:40:14.762+0600][46.060s][info][gc,start    ] GC(30) Concurrent marking (unload classes)
[2026-04-03T03:40:14.762+0600][46.060s][info][gc,task     ] GC(30) Using 3 of 6 workers for concurrent marking
[2026-04-03T03:40:14.977+0600][46.274s][info][gc          ] GC(30) Concurrent marking (unload classes) 214.439ms
[2026-04-03T03:40:14.977+0600][46.274s][info][gc,start    ] GC(30) Pause Final Mark (unload classes)
[2026-04-03T03:40:14.977+0600][46.275s][info][gc,task     ] GC(30) Using 6 of 6 workers for final marking
[2026-04-03T03:40:14.977+0600][46.275s][info][gc,ergo     ] GC(30) Adaptive CSet Selection. Target Free: 283M, Actual Free: 1399M, Max CSet: 85333K, Min Garbage: 0B
[2026-04-03T03:40:14.978+0600][46.275s][info][gc,ergo     ] GC(30) Collectable Garbage: 795M (99%), Immediate: 534M (66%), CSet: 260M (32%)
[2026-04-03T03:40:14.978+0600][46.275s][info][gc,ergo     ] GC(30) Pacer for Evacuation. Used CSet: 294M, Free: 1318M, Non-Taxable: 131M, Alloc Tax Rate: 1.1x
[2026-04-03T03:40:14.978+0600][46.275s][info][gc          ] GC(30) Pause Final Mark (unload classes) 0.805ms
[2026-04-03T03:40:14.978+0600][46.275s][info][gc,start    ] GC(30) Concurrent thread roots
[2026-04-03T03:40:14.978+0600][46.275s][info][gc,task     ] GC(30) Using 3 of 6 workers for Concurrent thread roots
[2026-04-03T03:40:14.979+0600][46.276s][info][gc          ] GC(30) Concurrent thread roots 0.706ms
[2026-04-03T03:40:14.979+0600][46.276s][info][gc,start    ] GC(30) Concurrent weak references
[2026-04-03T03:40:14.979+0600][46.276s][info][gc,task     ] GC(30) Using 3 of 6 workers for concurrent weak references
[2026-04-03T03:40:14.979+0600][46.276s][info][gc,ref      ] GC(30) Encountered references: Soft: 3341, Weak: 6651, Final: 84, Phantom: 603
[2026-04-03T03:40:14.979+0600][46.276s][info][gc,ref      ] GC(30) Discovered  references: Soft: 0, Weak: 603, Final: 0, Phantom: 543
[2026-04-03T03:40:14.979+0600][46.277s][info][gc,ref      ] GC(30) Enqueued    references: Soft: 0, Weak: 199, Final: 0, Phantom: 0
[2026-04-03T03:40:14.979+0600][46.277s][info][gc          ] GC(30) Concurrent weak references 0.345ms
[2026-04-03T03:40:14.979+0600][46.277s][info][gc,start    ] GC(30) Concurrent weak roots
[2026-04-03T03:40:14.979+0600][46.277s][info][gc,task     ] GC(30) Using 3 of 6 workers for concurrent weak root
[2026-04-03T03:40:14.982+0600][46.280s][info][gc          ] GC(30) Concurrent weak roots 3.260ms
[2026-04-03T03:40:14.982+0600][46.280s][info][gc,start    ] GC(30) Concurrent cleanup
[2026-04-03T03:40:14.983+0600][46.280s][info][gc          ] GC(30) Concurrent cleanup 1115M->581M(1433M) 0.525ms
[2026-04-03T03:40:14.983+0600][46.280s][info][gc,ergo     ] GC(30) Free: 1313M, Max: 512K regular, 442M humongous, Frag: 67% external, 0% internal; Reserve: 101341K, Max: 512K
[2026-04-03T03:40:14.983+0600][46.281s][info][gc,start    ] GC(30) Concurrent class unloading
[2026-04-03T03:40:14.983+0600][46.281s][info][gc,task     ] GC(30) Using 3 of 6 workers for concurrent class unloading
[2026-04-03T03:40:15.007+0600][46.304s][info][gc          ] GC(30) Concurrent class unloading 23.490ms
[2026-04-03T03:40:15.007+0600][46.304s][info][gc,start    ] GC(30) Concurrent strong roots
[2026-04-03T03:40:15.007+0600][46.304s][info][gc,task     ] GC(30) Using 3 of 6 workers for concurrent strong root
[2026-04-03T03:40:15.008+0600][46.305s][info][gc          ] GC(30) Concurrent strong roots 0.964ms
[2026-04-03T03:40:15.008+0600][46.305s][info][gc,start    ] GC(30) Concurrent evacuation
[2026-04-03T03:40:15.008+0600][46.305s][info][gc,task     ] GC(30) Using 3 of 6 workers for concurrent evacuation
[2026-04-03T03:40:15.037+0600][46.335s][info][gc          ] GC(30) Concurrent evacuation 29.390ms
[2026-04-03T03:40:15.037+0600][46.335s][info][gc,start    ] GC(30) Pause Init Update Refs
[2026-04-03T03:40:15.037+0600][46.335s][info][gc,ergo     ] GC(30) Pacer for Update Refs. Used: 658M, Free: 1271M, Non-Taxable: 127M, Alloc Tax Rate: 1.1x
[2026-04-03T03:40:15.037+0600][46.335s][info][gc          ] GC(30) Pause Init Update Refs 0.135ms
[2026-04-03T03:40:15.038+0600][46.335s][info][gc,start    ] GC(30) Concurrent update references
[2026-04-03T03:40:15.038+0600][46.335s][info][gc,task     ] GC(30) Using 3 of 6 workers for concurrent reference update
[2026-04-03T03:40:15.180+0600][46.477s][info][gc          ] GC(30) Concurrent update references 142.076ms
[2026-04-03T03:40:15.180+0600][46.477s][info][gc,start    ] GC(30) Concurrent update thread roots
[2026-04-03T03:40:15.181+0600][46.479s][info][gc          ] GC(30) Concurrent update thread roots 1.301ms
[2026-04-03T03:40:15.181+0600][46.479s][info][gc,start    ] GC(30) Pause Final Update Refs
[2026-04-03T03:40:15.182+0600][46.479s][info][gc,task     ] GC(30) Using 6 of 6 workers for final reference update
[2026-04-03T03:40:15.182+0600][46.479s][info][gc          ] GC(30) Pause Final Update Refs 0.267ms
[2026-04-03T03:40:15.182+0600][46.479s][info][gc,start    ] GC(30) Concurrent cleanup
[2026-04-03T03:40:15.183+0600][46.480s][info][gc          ] GC(30) Concurrent cleanup 711M->416M(1433M) 0.850ms
[2026-04-03T03:40:15.183+0600][46.480s][info][gc,ergo     ] Free: 1478M, Max: 512K regular, 455M humongous, Frag: 70% external, 0% internal; Reserve: 100M, Max: 512K
[2026-04-03T03:40:15.183+0600][46.480s][info][gc,stats    ] 
[2026-04-03T03:40:15.183+0600][46.480s][info][gc,stats    ] All times are wall-clock times, except per-root-class counters, that are sum over
[2026-04-03T03:40:15.183+0600][46.480s][info][gc,stats    ] all workers. Dividing the <total> over the root stage time estimates parallelism.
[2026-04-03T03:40:15.183+0600][46.480s][info][gc,stats    ] 
[2026-04-03T03:40:15.183+0600][46.480s][info][gc,stats    ] Concurrent Reset                   1032 us
[2026-04-03T03:40:15.183+0600][46.480s][info][gc,stats    ] Pause Init Mark (G)                 638 us
[2026-04-03T03:40:15.183+0600][46.480s][info][gc,stats    ] Pause Init Mark (N)                 254 us
[2026-04-03T03:40:15.183+0600][46.480s][info][gc,stats    ]   Update Region States               87 us
[2026-04-03T03:40:15.183+0600][46.480s][info][gc,stats    ] Concurrent Mark Roots               892 us, parallelism: 1.65x
[2026-04-03T03:40:15.183+0600][46.480s][info][gc,stats    ]   CMR: <total>                     1473 us
[2026-04-03T03:40:15.183+0600][46.480s][info][gc,stats    ]   CMR: Thread Roots                1180 us, workers (us): 231, 487, 462, ---, ---, ---, 
[2026-04-03T03:40:15.183+0600][46.480s][info][gc,stats    ]   CMR: VM Strong Roots               33 us, workers (us):  21,  11,   1, ---, ---, ---, 
[2026-04-03T03:40:15.183+0600][46.480s][info][gc,stats    ]   CMR: CLDG Roots                   261 us, workers (us): 261, ---, ---, ---, ---, ---, 
[2026-04-03T03:40:15.183+0600][46.480s][info][gc,stats    ] Concurrent Marking               214563 us
[2026-04-03T03:40:15.183+0600][46.480s][info][gc,stats    ] Pause Final Mark (G)               1219 us
[2026-04-03T03:40:15.183+0600][46.480s][info][gc,stats    ] Pause Final Mark (N)                819 us
[2026-04-03T03:40:15.183+0600][46.480s][info][gc,stats    ]   Finish Mark                       269 us
[2026-04-03T03:40:15.183+0600][46.481s][info][gc,stats    ]   Update Region States               88 us
[2026-04-03T03:40:15.183+0600][46.481s][info][gc,stats    ]   Choose Collection Set             325 us
[2026-04-03T03:40:15.183+0600][46.481s][info][gc,stats    ]   Rebuild Free Set                   38 us
[2026-04-03T03:40:15.183+0600][46.481s][info][gc,stats    ] Concurrent Thread Roots             764 us, parallelism: 2.07x
[2026-04-03T03:40:15.183+0600][46.481s][info][gc,stats    ]   CTR: <total>                     1584 us
[2026-04-03T03:40:15.183+0600][46.481s][info][gc,stats    ]   CTR: Thread Roots                1584 us, workers (us): 536, 543, 505, ---, ---, ---, 
[2026-04-03T03:40:15.183+0600][46.481s][info][gc,stats    ] Concurrent Weak References          359 us, parallelism: 0.67x
[2026-04-03T03:40:15.183+0600][46.481s][info][gc,stats    ]   CWRF: <total>                     242 us
[2026-04-03T03:40:15.183+0600][46.481s][info][gc,stats    ]   CWRF: Weak References             242 us, workers (us): 100,  43,  99, ---, ---, ---, 
[2026-04-03T03:40:15.183+0600][46.481s][info][gc,stats    ] Concurrent Weak Roots              3338 us
[2026-04-03T03:40:15.183+0600][46.481s][info][gc,stats    ]   Roots                            2973 us, parallelism: 2.70x
[2026-04-03T03:40:15.183+0600][46.481s][info][gc,stats    ]     CWR: <total>                   8024 us
[2026-04-03T03:40:15.183+0600][46.481s][info][gc,stats    ]     CWR: Code Cache Roots          4544 us, workers (us): 1553, 1462, 1529, ---, ---, ---, 
[2026-04-03T03:40:15.183+0600][46.481s][info][gc,stats    ]     CWR: VM Weak Roots             3403 us, workers (us): 1181, 1108, 1115, ---, ---, ---, 
[2026-04-03T03:40:15.183+0600][46.481s][info][gc,stats    ]     CWR: CLDG Roots                  77 us, workers (us): ---,  77, ---, ---, ---, ---, 
[2026-04-03T03:40:15.183+0600][46.481s][info][gc,stats    ]   Rendezvous                        258 us
[2026-04-03T03:40:15.183+0600][46.481s][info][gc,stats    ] Concurrent Cleanup                  556 us
[2026-04-03T03:40:15.183+0600][46.481s][info][gc,stats    ] Concurrent Class Unloading        23587 us
[2026-04-03T03:40:15.183+0600][46.481s][info][gc,stats    ]   Unlink Stale                    22516 us
[2026-04-03T03:40:15.183+0600][46.481s][info][gc,stats    ]     System Dictionary               336 us
[2026-04-03T03:40:15.183+0600][46.481s][info][gc,stats    ]     Weak Class Links              15653 us
[2026-04-03T03:40:15.183+0600][46.481s][info][gc,stats    ]     Code Roots                     6521 us
[2026-04-03T03:40:15.183+0600][46.481s][info][gc,stats    ]   Rendezvous                        363 us
[2026-04-03T03:40:15.183+0600][46.481s][info][gc,stats    ]   Purge Unlinked                    572 us
[2026-04-03T03:40:15.183+0600][46.481s][info][gc,stats    ]     Code Roots                      533 us
[2026-04-03T03:40:15.183+0600][46.481s][info][gc,stats    ]     CLDG                             38 us
[2026-04-03T03:40:15.183+0600][46.481s][info][gc,stats    ]     Exception Caches                  0 us
[2026-04-03T03:40:15.183+0600][46.481s][info][gc,stats    ] Concurrent Strong Roots            1015 us, parallelism: 0.59x
[2026-04-03T03:40:15.183+0600][46.481s][info][gc,stats    ]   CSR: <total>                      601 us
[2026-04-03T03:40:15.183+0600][46.481s][info][gc,stats    ]   CSR: VM Strong Roots               64 us, workers (us):  25,  25,  15, ---, ---, ---, 
[2026-04-03T03:40:15.183+0600][46.481s][info][gc,stats    ]   CSR: CLDG Roots                   537 us, workers (us): ---, 537, ---, ---, ---, ---, 
[2026-04-03T03:40:15.183+0600][46.481s][info][gc,stats    ] Concurrent Evacuation             29509 us
[2026-04-03T03:40:15.183+0600][46.481s][info][gc,stats    ] Pause Init Update Refs (G)          393 us
[2026-04-03T03:40:15.183+0600][46.481s][info][gc,stats    ] Pause Init Update Refs (N)          151 us
[2026-04-03T03:40:15.183+0600][46.481s][info][gc,stats    ]   Manage GCLABs                      36 us
[2026-04-03T03:40:15.183+0600][46.481s][info][gc,stats    ] Concurrent Update Refs           142323 us
[2026-04-03T03:40:15.183+0600][46.481s][info][gc,stats    ] Concurrent Update Thread Roots     1354 us
[2026-04-03T03:40:15.183+0600][46.481s][info][gc,stats    ] Pause Final Update Refs (G)         706 us
[2026-04-03T03:40:15.183+0600][46.481s][info][gc,stats    ] Pause Final Update Refs (N)         288 us
[2026-04-03T03:40:15.183+0600][46.481s][info][gc,stats    ]   Update Region States               76 us
[2026-04-03T03:40:15.183+0600][46.481s][info][gc,stats    ]   Trash Collection Set               20 us
[2026-04-03T03:40:15.183+0600][46.481s][info][gc,stats    ]   Rebuild Free Set                   59 us
[2026-04-03T03:40:15.183+0600][46.481s][info][gc,stats    ] Concurrent Cleanup                  880 us
[2026-04-03T03:40:15.183+0600][46.481s][info][gc,stats    ] Pacing                           283339 us
[2026-04-03T03:40:15.183+0600][46.481s][info][gc,stats    ] 
[2026-04-03T03:40:15.183+0600][46.481s][info][gc,stats    ] Allocation pacing accrued:
[2026-04-03T03:40:15.183+0600][46.481s][info][gc,stats    ]      93 of  1633 ms (  5.7%): Executor task launch worker for task 0.0 in stage 25.0 (TID 36)
[2026-04-03T03:40:15.183+0600][46.481s][info][gc,stats    ]      98 of  1633 ms (  6.0%): Executor task launch worker for task 1.0 in stage 25.0 (TID 37)
[2026-04-03T03:40:15.183+0600][46.481s][info][gc,stats    ]      93 of  1633 ms (  5.7%): Executor task launch worker for task 2.0 in stage 25.0 (TID 38)
[2026-04-03T03:40:15.183+0600][46.481s][info][gc,stats    ]     283 of  1633 ms ( 17.4%): <total>
[2026-04-03T03:40:15.183+0600][46.481s][info][gc,stats    ]       2 of  1633 ms (  0.1%): <average total>
[2026-04-03T03:40:15.183+0600][46.481s][info][gc,stats    ]      94 of  1633 ms (  5.8%): <average non-zero>
[2026-04-03T03:40:15.183+0600][46.481s][info][gc,stats    ] 
[2026-04-03T03:40:15.183+0600][46.481s][info][gc,metaspace] Metaspace: 72882K(73728K)->72892K(73792K) NonClass: 63599K(64064K)->63610K(64128K) Class: 9282K(9664K)->9281K(9664K)
[2026-04-03T03:40:15.183+0600][46.481s][info][gc,ergo     ] Pacer for Idle. Initial: 40960K, Alloc Tax Rate: 1.0x
[2026-04-03T03:40:15.889+0600][47.186s][info][gc          ] Trigger: Average GC time (807.65 ms) is above the time for instantaneous allocation rate (1607 MB/s) to deplete free headroom (1041M) (spike threshold = 1.80)
[2026-04-03T03:40:15.889+0600][47.186s][info][gc,ergo     ] Free: 1141M, Max: 512K regular, 455M humongous, Frag: 61% external, 0% internal; Reserve: 100M, Max: 512K
[2026-04-03T03:40:15.889+0600][47.187s][info][gc,start    ] GC(31) Concurrent reset
[2026-04-03T03:40:15.889+0600][47.187s][info][gc,task     ] GC(31) Using 3 of 6 workers for concurrent reset
[2026-04-03T03:40:15.889+0600][47.187s][info][gc,ergo     ] GC(31) Pacer for Reset. Non-Taxable: 2000M
[2026-04-03T03:40:15.891+0600][47.188s][info][gc          ] GC(31) Concurrent reset 1.495ms
[2026-04-03T03:40:15.892+0600][47.189s][info][gc,start    ] GC(31) Pause Init Mark (unload classes)
[2026-04-03T03:40:15.892+0600][47.189s][info][gc,task     ] GC(31) Using 6 of 6 workers for init marking
[2026-04-03T03:40:15.892+0600][47.189s][info][gc,ergo     ] GC(31) Pacer for Mark. Expected Live: 238M, Free: 1140M, Non-Taxable: 114M, Alloc Tax Rate: 0.3x
[2026-04-03T03:40:15.892+0600][47.189s][info][gc          ] GC(31) Pause Init Mark (unload classes) 0.239ms
[2026-04-03T03:40:15.892+0600][47.190s][info][gc,start    ] GC(31) Concurrent marking roots
[2026-04-03T03:40:15.892+0600][47.190s][info][gc,task     ] GC(31) Using 3 of 6 workers for concurrent marking roots
[2026-04-03T03:40:15.893+0600][47.191s][info][gc          ] GC(31) Concurrent marking roots 1.390ms
[2026-04-03T03:40:15.894+0600][47.191s][info][gc,start    ] GC(31) Concurrent marking (unload classes)
[2026-04-03T03:40:15.894+0600][47.191s][info][gc,task     ] GC(31) Using 3 of 6 workers for concurrent marking
[2026-04-03T03:40:16.082+0600][47.380s][info][gc          ] GC(31) Concurrent marking (unload classes) 188.756ms
[2026-04-03T03:40:16.083+0600][47.380s][info][gc,start    ] GC(31) Pause Final Mark (unload classes)
[2026-04-03T03:40:16.083+0600][47.380s][info][gc,task     ] GC(31) Using 6 of 6 workers for final marking
[2026-04-03T03:40:16.083+0600][47.381s][info][gc,ergo     ] GC(31) Adaptive CSet Selection. Target Free: 283M, Actual Free: 1424M, Max CSet: 85333K, Min Garbage: 0B
[2026-04-03T03:40:16.083+0600][47.381s][info][gc,ergo     ] GC(31) Collectable Garbage: 498M (99%), Immediate: 387M (77%), CSet: 110M (22%)
[2026-04-03T03:40:16.083+0600][47.381s][info][gc,ergo     ] GC(31) Pacer for Evacuation. Used CSet: 127M, Free: 1353M, Non-Taxable: 135M, Alloc Tax Rate: 1.1x
[2026-04-03T03:40:16.083+0600][47.381s][info][gc          ] GC(31) Pause Final Mark (unload classes) 0.853ms
[2026-04-03T03:40:16.084+0600][47.381s][info][gc,start    ] GC(31) Concurrent thread roots
[2026-04-03T03:40:16.084+0600][47.381s][info][gc,task     ] GC(31) Using 3 of 6 workers for Concurrent thread roots
[2026-04-03T03:40:16.084+0600][47.382s][info][gc          ] GC(31) Concurrent thread roots 0.751ms
[2026-04-03T03:40:16.084+0600][47.382s][info][gc,start    ] GC(31) Concurrent weak references
[2026-04-03T03:40:16.084+0600][47.382s][info][gc,task     ] GC(31) Using 3 of 6 workers for concurrent weak references
[2026-04-03T03:40:16.085+0600][47.382s][info][gc,ref      ] GC(31) Encountered references: Soft: 3348, Weak: 6494, Final: 84, Phantom: 600
[2026-04-03T03:40:16.085+0600][47.382s][info][gc,ref      ] GC(31) Discovered  references: Soft: 0, Weak: 1303, Final: 2, Phantom: 597
[2026-04-03T03:40:16.085+0600][47.382s][info][gc,ref      ] GC(31) Enqueued    references: Soft: 0, Weak: 53, Final: 0, Phantom: 0
[2026-04-03T03:40:16.085+0600][47.382s][info][gc          ] GC(31) Concurrent weak references 0.598ms
[2026-04-03T03:40:16.085+0600][47.382s][info][gc,start    ] GC(31) Concurrent weak roots
[2026-04-03T03:40:16.085+0600][47.382s][info][gc,task     ] GC(31) Using 3 of 6 workers for concurrent weak root
[2026-04-03T03:40:16.087+0600][47.385s][info][gc          ] GC(31) Concurrent weak roots 2.248ms
[2026-04-03T03:40:16.087+0600][47.385s][info][gc,start    ] GC(31) Concurrent cleanup
[2026-04-03T03:40:16.088+0600][47.385s][info][gc          ] GC(31) Concurrent cleanup 909M->521M(1433M) 0.753ms
[2026-04-03T03:40:16.088+0600][47.386s][info][gc,ergo     ] GC(31) Free: 1352M, Max: 512K regular, 485M humongous, Frag: 65% external, 0% internal; Reserve: 102194K, Max: 512K
[2026-04-03T03:40:16.088+0600][47.386s][info][gc,start    ] GC(31) Concurrent class unloading
[2026-04-03T03:40:16.088+0600][47.386s][info][gc,task     ] GC(31) Using 3 of 6 workers for concurrent class unloading
[2026-04-03T03:40:16.094+0600][47.391s][info][gc          ] GC(31) Concurrent class unloading 5.506ms
[2026-04-03T03:40:16.094+0600][47.391s][info][gc,start    ] GC(31) Concurrent strong roots
[2026-04-03T03:40:16.094+0600][47.391s][info][gc,task     ] GC(31) Using 3 of 6 workers for concurrent strong root
[2026-04-03T03:40:16.094+0600][47.392s][info][gc          ] GC(31) Concurrent strong roots 0.556ms
[2026-04-03T03:40:16.094+0600][47.392s][info][gc,start    ] GC(31) Concurrent evacuation
[2026-04-03T03:40:16.094+0600][47.392s][info][gc,task     ] GC(31) Using 3 of 6 workers for concurrent evacuation
[2026-04-03T03:40:16.106+0600][47.404s][info][gc          ] GC(31) Concurrent evacuation 11.830ms
[2026-04-03T03:40:16.106+0600][47.404s][info][gc,start    ] GC(31) Pause Init Update Refs
[2026-04-03T03:40:16.106+0600][47.404s][info][gc,ergo     ] GC(31) Pacer for Update Refs. Used: 548M, Free: 1344M, Non-Taxable: 134M, Alloc Tax Rate: 1.1x
[2026-04-03T03:40:16.106+0600][47.404s][info][gc          ] GC(31) Pause Init Update Refs 0.138ms
[2026-04-03T03:40:16.107+0600][47.404s][info][gc,start    ] GC(31) Concurrent update references
[2026-04-03T03:40:16.107+0600][47.404s][info][gc,task     ] GC(31) Using 3 of 6 workers for concurrent reference update
[2026-04-03T03:40:16.213+0600][47.510s][info][gc          ] GC(31) Concurrent update references 106.040ms
[2026-04-03T03:40:16.213+0600][47.510s][info][gc,start    ] GC(31) Concurrent update thread roots
[2026-04-03T03:40:16.214+0600][47.511s][info][gc          ] GC(31) Concurrent update thread roots 1.186ms
[2026-04-03T03:40:16.214+0600][47.512s][info][gc,start    ] GC(31) Pause Final Update Refs
[2026-04-03T03:40:16.214+0600][47.512s][info][gc,task     ] GC(31) Using 6 of 6 workers for final reference update
[2026-04-03T03:40:16.214+0600][47.512s][info][gc          ] GC(31) Pause Final Update Refs 0.216ms
[2026-04-03T03:40:16.215+0600][47.512s][info][gc,start    ] GC(31) Concurrent cleanup
[2026-04-03T03:40:16.215+0600][47.513s][info][gc          ] GC(31) Concurrent cleanup 596M->470M(1433M) 0.711ms
[2026-04-03T03:40:16.215+0600][47.513s][info][gc,ergo     ] Free: 1404M, Max: 512K regular, 592M humongous, Frag: 58% external, 1% internal; Reserve: 100M, Max: 512K
[2026-04-03T03:40:16.215+0600][47.513s][info][gc,stats    ] 
[2026-04-03T03:40:16.215+0600][47.513s][info][gc,stats    ] All times are wall-clock times, except per-root-class counters, that are sum over
[2026-04-03T03:40:16.215+0600][47.513s][info][gc,stats    ] all workers. Dividing the <total> over the root stage time estimates parallelism.
[2026-04-03T03:40:16.215+0600][47.513s][info][gc,stats    ] 
[2026-04-03T03:40:16.215+0600][47.513s][info][gc,stats    ] Concurrent Reset                   1571 us
[2026-04-03T03:40:16.215+0600][47.513s][info][gc,stats    ] Pause Init Mark (G)                1478 us
[2026-04-03T03:40:16.215+0600][47.513s][info][gc,stats    ] Pause Init Mark (N)                 252 us
[2026-04-03T03:40:16.215+0600][47.513s][info][gc,stats    ]   Update Region States               99 us
[2026-04-03T03:40:16.215+0600][47.513s][info][gc,stats    ] Concurrent Mark Roots              1435 us, parallelism: 1.83x
[2026-04-03T03:40:16.215+0600][47.513s][info][gc,stats    ]   CMR: <total>                     2620 us
[2026-04-03T03:40:16.215+0600][47.513s][info][gc,stats    ]   CMR: Thread Roots                2395 us, workers (us): 614, 1005, 777, ---, ---, ---, 
[2026-04-03T03:40:16.215+0600][47.513s][info][gc,stats    ]   CMR: VM Strong Roots               40 us, workers (us):  20,  19,   1, ---, ---, ---, 
[2026-04-03T03:40:16.215+0600][47.513s][info][gc,stats    ]   CMR: CLDG Roots                   184 us, workers (us): 184, ---, ---, ---, ---, ---, 
[2026-04-03T03:40:16.215+0600][47.513s][info][gc,stats    ] Concurrent Marking               188828 us
[2026-04-03T03:40:16.215+0600][47.513s][info][gc,stats    ] Pause Final Mark (G)               1181 us
[2026-04-03T03:40:16.215+0600][47.513s][info][gc,stats    ] Pause Final Mark (N)                865 us
[2026-04-03T03:40:16.215+0600][47.513s][info][gc,stats    ]   Finish Mark                       366 us
[2026-04-03T03:40:16.215+0600][47.513s][info][gc,stats    ]   Update Region States               62 us
[2026-04-03T03:40:16.215+0600][47.513s][info][gc,stats    ]   Choose Collection Set             257 us
[2026-04-03T03:40:16.215+0600][47.513s][info][gc,stats    ]   Rebuild Free Set                   51 us
[2026-04-03T03:40:16.215+0600][47.513s][info][gc,stats    ] Concurrent Thread Roots             777 us, parallelism: 2.04x
[2026-04-03T03:40:16.215+0600][47.513s][info][gc,stats    ]   CTR: <total>                     1589 us
[2026-04-03T03:40:16.215+0600][47.513s][info][gc,stats    ]   CTR: Thread Roots                1589 us, workers (us): 590, 497, 502, ---, ---, ---, 
[2026-04-03T03:40:16.215+0600][47.513s][info][gc,stats    ] Concurrent Weak References          609 us, parallelism: 0.58x
[2026-04-03T03:40:16.215+0600][47.513s][info][gc,stats    ]   CWRF: <total>                     350 us
[2026-04-03T03:40:16.215+0600][47.513s][info][gc,stats    ]   CWRF: Weak References             350 us, workers (us):  88, 242,  20, ---, ---, ---, 
[2026-04-03T03:40:16.216+0600][47.513s][info][gc,stats    ] Concurrent Weak Roots              2294 us
[2026-04-03T03:40:16.216+0600][47.513s][info][gc,stats    ]   Roots                            2015 us, parallelism: 2.61x
[2026-04-03T03:40:16.216+0600][47.513s][info][gc,stats    ]     CWR: <total>                   5267 us
[2026-04-03T03:40:16.216+0600][47.513s][info][gc,stats    ]     CWR: Code Cache Roots          3161 us, workers (us): 1003, 1080, 1078, ---, ---, ---, 
[2026-04-03T03:40:16.216+0600][47.513s][info][gc,stats    ]     CWR: VM Weak Roots             2034 us, workers (us): 745, 645, 645, ---, ---, ---, 
[2026-04-03T03:40:16.216+0600][47.513s][info][gc,stats    ]     CWR: CLDG Roots                  72 us, workers (us):  72, ---, ---, ---, ---, ---, 
[2026-04-03T03:40:16.216+0600][47.513s][info][gc,stats    ]   Rendezvous                        212 us
[2026-04-03T03:40:16.216+0600][47.513s][info][gc,stats    ] Concurrent Cleanup                  767 us
[2026-04-03T03:40:16.216+0600][47.513s][info][gc,stats    ] Concurrent Class Unloading         5568 us
[2026-04-03T03:40:16.216+0600][47.513s][info][gc,stats    ]   Unlink Stale                     4980 us
[2026-04-03T03:40:16.216+0600][47.513s][info][gc,stats    ]     System Dictionary               103 us
[2026-04-03T03:40:16.216+0600][47.513s][info][gc,stats    ]     Weak Class Links                  0 us
[2026-04-03T03:40:16.216+0600][47.513s][info][gc,stats    ]     Code Roots                     4874 us
[2026-04-03T03:40:16.216+0600][47.513s][info][gc,stats    ]   Rendezvous                        327 us
[2026-04-03T03:40:16.216+0600][47.513s][info][gc,stats    ]   Purge Unlinked                    179 us
[2026-04-03T03:40:16.216+0600][47.513s][info][gc,stats    ]     Code Roots                      168 us
[2026-04-03T03:40:16.216+0600][47.513s][info][gc,stats    ]     CLDG                             11 us
[2026-04-03T03:40:16.216+0600][47.513s][info][gc,stats    ]     Exception Caches                  0 us
[2026-04-03T03:40:16.216+0600][47.513s][info][gc,stats    ] Concurrent Strong Roots             582 us, parallelism: 0.62x
[2026-04-03T03:40:16.216+0600][47.513s][info][gc,stats    ]   CSR: <total>                      361 us
[2026-04-03T03:40:16.216+0600][47.513s][info][gc,stats    ]   CSR: VM Strong Roots               28 us, workers (us):  26,   1,   0, ---, ---, ---, 
[2026-04-03T03:40:16.216+0600][47.513s][info][gc,stats    ]   CSR: CLDG Roots                   333 us, workers (us): 333, ---, ---, ---, ---, ---, 
[2026-04-03T03:40:16.216+0600][47.513s][info][gc,stats    ] Concurrent Evacuation             11874 us
[2026-04-03T03:40:16.216+0600][47.513s][info][gc,stats    ] Pause Init Update Refs (G)          511 us
[2026-04-03T03:40:16.216+0600][47.513s][info][gc,stats    ] Pause Init Update Refs (N)          151 us
[2026-04-03T03:40:16.216+0600][47.513s][info][gc,stats    ]   Manage GCLABs                      21 us
[2026-04-03T03:40:16.216+0600][47.513s][info][gc,stats    ] Concurrent Update Refs           106138 us
[2026-04-03T03:40:16.216+0600][47.513s][info][gc,stats    ] Concurrent Update Thread Roots     1235 us
[2026-04-03T03:40:16.216+0600][47.513s][info][gc,stats    ] Pause Final Update Refs (G)         544 us
[2026-04-03T03:40:16.216+0600][47.513s][info][gc,stats    ] Pause Final Update Refs (N)         232 us
[2026-04-03T03:40:16.216+0600][47.513s][info][gc,stats    ]   Update Region States               64 us
[2026-04-03T03:40:16.216+0600][47.513s][info][gc,stats    ]   Trash Collection Set               14 us
[2026-04-03T03:40:16.216+0600][47.513s][info][gc,stats    ]   Rebuild Free Set                   41 us
[2026-04-03T03:40:16.216+0600][47.513s][info][gc,stats    ] Concurrent Cleanup                  751 us
[2026-04-03T03:40:16.216+0600][47.513s][info][gc,stats    ] 
[2026-04-03T03:40:16.216+0600][47.513s][info][gc,stats    ] Allocation pacing accrued:
[2026-04-03T03:40:16.216+0600][47.513s][info][gc,stats    ]       0 of  1032 ms (  0.0%): <total>
[2026-04-03T03:40:16.216+0600][47.513s][info][gc,stats    ]       0 of  1032 ms (  0.0%): <average total>
[2026-04-03T03:40:16.216+0600][47.513s][info][gc,stats    ] 
[2026-04-03T03:40:16.216+0600][47.513s][info][gc,metaspace] Metaspace: 72970K(73792K)->73003K(73856K) NonClass: 63687K(64128K)->63720K(64192K) Class: 9282K(9664K)->9282K(9664K)
[2026-04-03T03:40:16.216+0600][47.513s][info][gc,ergo     ] Pacer for Idle. Initial: 40960K, Alloc Tax Rate: 1.0x
[2026-04-03T03:40:16.495+0600][47.792s][info][gc          ] Trigger: Average GC time (668.63 ms) is above the time for average allocation rate (1353 MB/s) to deplete free headroom (904M) (margin of error = 1.84)
[2026-04-03T03:40:16.495+0600][47.792s][info][gc,ergo     ] Free headroom: 1004M (free) - 100M (spike) - 0B (penalties) = 904M
[2026-04-03T03:40:16.495+0600][47.792s][info][gc,ergo     ] Free: 1004M, Max: 512K regular, 501M humongous, Frag: 51% external, 0% internal; Reserve: 100M, Max: 512K
[2026-04-03T03:40:16.495+0600][47.792s][info][gc,start    ] GC(32) Concurrent reset
[2026-04-03T03:40:16.495+0600][47.793s][info][gc,task     ] GC(32) Using 3 of 6 workers for concurrent reset
[2026-04-03T03:40:16.495+0600][47.793s][info][gc,ergo     ] GC(32) Pacer for Reset. Non-Taxable: 2000M
[2026-04-03T03:40:16.496+0600][47.794s][info][gc          ] GC(32) Concurrent reset 1.038ms
[2026-04-03T03:40:16.496+0600][47.794s][info][gc,start    ] GC(32) Pause Init Mark (unload classes)
[2026-04-03T03:40:16.496+0600][47.794s][info][gc,task     ] GC(32) Using 6 of 6 workers for init marking
[2026-04-03T03:40:16.496+0600][47.794s][info][gc,ergo     ] GC(32) Pacer for Mark. Expected Live: 215M, Free: 1003M, Non-Taxable: 100M, Alloc Tax Rate: 0.3x
[2026-04-03T03:40:16.496+0600][47.794s][info][gc          ] GC(32) Pause Init Mark (unload classes) 0.097ms
[2026-04-03T03:40:16.496+0600][47.794s][info][gc,start    ] GC(32) Concurrent marking roots
[2026-04-03T03:40:16.496+0600][47.794s][info][gc,task     ] GC(32) Using 3 of 6 workers for concurrent marking roots
[2026-04-03T03:40:16.497+0600][47.795s][info][gc          ] GC(32) Concurrent marking roots 0.898ms
[2026-04-03T03:40:16.497+0600][47.795s][info][gc,start    ] GC(32) Concurrent marking (unload classes)
[2026-04-03T03:40:16.497+0600][47.795s][info][gc,task     ] GC(32) Using 3 of 6 workers for concurrent marking
[2026-04-03T03:40:16.692+0600][47.989s][info][gc          ] GC(32) Concurrent marking (unload classes) 194.531ms
[2026-04-03T03:40:16.692+0600][47.990s][info][gc,start    ] GC(32) Pause Final Mark (unload classes)
[2026-04-03T03:40:16.692+0600][47.990s][info][gc,task     ] GC(32) Using 6 of 6 workers for final marking
[2026-04-03T03:40:16.693+0600][47.990s][info][gc,ergo     ] GC(32) Adaptive CSet Selection. Target Free: 283M, Actual Free: 1436M, Max CSet: 85333K, Min Garbage: 0B
[2026-04-03T03:40:16.693+0600][47.990s][info][gc,ergo     ] GC(32) Collectable Garbage: 621M (99%), Immediate: 464M (74%), CSet: 156M (25%)
[2026-04-03T03:40:16.693+0600][47.990s][info][gc,ergo     ] GC(32) Pacer for Evacuation. Used CSet: 180M, Free: 1360M, Non-Taxable: 136M, Alloc Tax Rate: 1.1x
[2026-04-03T03:40:16.693+0600][47.990s][info][gc          ] GC(32) Pause Final Mark (unload classes) 0.820ms
[2026-04-03T03:40:16.693+0600][47.990s][info][gc,start    ] GC(32) Concurrent thread roots
[2026-04-03T03:40:16.693+0600][47.990s][info][gc,task     ] GC(32) Using 3 of 6 workers for Concurrent thread roots
[2026-04-03T03:40:16.694+0600][47.991s][info][gc          ] GC(32) Concurrent thread roots 0.826ms
[2026-04-03T03:40:16.694+0600][47.991s][info][gc,start    ] GC(32) Concurrent weak references
[2026-04-03T03:40:16.694+0600][47.991s][info][gc,task     ] GC(32) Using 3 of 6 workers for concurrent weak references
[2026-04-03T03:40:16.694+0600][47.992s][info][gc,ref      ] GC(32) Encountered references: Soft: 3348, Weak: 6463, Final: 84, Phantom: 600
[2026-04-03T03:40:16.694+0600][47.992s][info][gc,ref      ] GC(32) Discovered  references: Soft: 0, Weak: 1340, Final: 34, Phantom: 597
[2026-04-03T03:40:16.694+0600][47.992s][info][gc,ref      ] GC(32) Enqueued    references: Soft: 0, Weak: 144, Final: 0, Phantom: 0
[2026-04-03T03:40:16.694+0600][47.992s][info][gc          ] GC(32) Concurrent weak references 0.506ms
[2026-04-03T03:40:16.694+0600][47.992s][info][gc,start    ] GC(32) Concurrent weak roots
[2026-04-03T03:40:16.694+0600][47.992s][info][gc,task     ] GC(32) Using 3 of 6 workers for concurrent weak root
[2026-04-03T03:40:16.697+0600][47.994s][info][gc          ] GC(32) Concurrent weak roots 2.412ms
[2026-04-03T03:40:16.697+0600][47.994s][info][gc,start    ] GC(32) Concurrent cleanup
[2026-04-03T03:40:16.698+0600][47.995s][info][gc          ] GC(32) Concurrent cleanup 1002M->538M(1433M) 0.720ms
[2026-04-03T03:40:16.698+0600][47.995s][info][gc,ergo     ] GC(32) Free: 1359M, Max: 512K regular, 472M humongous, Frag: 66% external, 0% internal; Reserve: 102178K, Max: 512K
[2026-04-03T03:40:16.698+0600][47.995s][info][gc,start    ] GC(32) Concurrent class unloading
[2026-04-03T03:40:16.698+0600][47.995s][info][gc,task     ] GC(32) Using 3 of 6 workers for concurrent class unloading
[2026-04-03T03:40:16.704+0600][48.001s][info][gc          ] GC(32) Concurrent class unloading 6.181ms
[2026-04-03T03:40:16.704+0600][48.001s][info][gc,start    ] GC(32) Concurrent strong roots
[2026-04-03T03:40:16.704+0600][48.001s][info][gc,task     ] GC(32) Using 3 of 6 workers for concurrent strong root
[2026-04-03T03:40:16.705+0600][48.002s][info][gc          ] GC(32) Concurrent strong roots 0.761ms
[2026-04-03T03:40:16.705+0600][48.002s][info][gc,start    ] GC(32) Concurrent evacuation
[2026-04-03T03:40:16.705+0600][48.002s][info][gc,task     ] GC(32) Using 3 of 6 workers for concurrent evacuation
[2026-04-03T03:40:16.723+0600][48.021s][info][gc          ] GC(32) Concurrent evacuation 18.361ms
[2026-04-03T03:40:16.723+0600][48.021s][info][gc,start    ] GC(32) Pause Init Update Refs
[2026-04-03T03:40:16.723+0600][48.021s][info][gc,ergo     ] GC(32) Pacer for Update Refs. Used: 567M, Free: 1354M, Non-Taxable: 135M, Alloc Tax Rate: 1.1x
[2026-04-03T03:40:16.723+0600][48.021s][info][gc          ] GC(32) Pause Init Update Refs 0.096ms
[2026-04-03T03:40:16.724+0600][48.021s][info][gc,start    ] GC(32) Concurrent update references
[2026-04-03T03:40:16.724+0600][48.021s][info][gc,task     ] GC(32) Using 3 of 6 workers for concurrent reference update
[2026-04-03T03:40:16.834+0600][48.131s][info][gc          ] GC(32) Concurrent update references 110.429ms
[2026-04-03T03:40:16.834+0600][48.131s][info][gc,start    ] GC(32) Concurrent update thread roots
[2026-04-03T03:40:16.835+0600][48.132s][info][gc          ] GC(32) Concurrent update thread roots 0.795ms
[2026-04-03T03:40:16.835+0600][48.132s][info][gc,start    ] GC(32) Pause Final Update Refs
[2026-04-03T03:40:16.835+0600][48.132s][info][gc,task     ] GC(32) Using 6 of 6 workers for final reference update
[2026-04-03T03:40:16.835+0600][48.133s][info][gc          ] GC(32) Pause Final Update Refs 0.132ms
[2026-04-03T03:40:16.835+0600][48.133s][info][gc,start    ] GC(32) Concurrent cleanup
[2026-04-03T03:40:16.836+0600][48.133s][info][gc          ] GC(32) Concurrent cleanup 568M->387M(1433M) 0.615ms
[2026-04-03T03:40:16.836+0600][48.133s][info][gc,ergo     ] Free: 1509M, Max: 512K regular, 450M humongous, Frag: 71% external, 0% internal; Reserve: 100M, Max: 512K
[2026-04-03T03:40:16.836+0600][48.133s][info][gc,stats    ] 
[2026-04-03T03:40:16.836+0600][48.133s][info][gc,stats    ] All times are wall-clock times, except per-root-class counters, that are sum over
[2026-04-03T03:40:16.836+0600][48.133s][info][gc,stats    ] all workers. Dividing the <total> over the root stage time estimates parallelism.
[2026-04-03T03:40:16.836+0600][48.133s][info][gc,stats    ] 
[2026-04-03T03:40:16.836+0600][48.133s][info][gc,stats    ] Concurrent Reset                   1083 us
[2026-04-03T03:40:16.836+0600][48.133s][info][gc,stats    ] Pause Init Mark (G)                 323 us
[2026-04-03T03:40:16.836+0600][48.133s][info][gc,stats    ] Pause Init Mark (N)                 106 us
[2026-04-03T03:40:16.836+0600][48.133s][info][gc,stats    ]   Update Region States               25 us
[2026-04-03T03:40:16.836+0600][48.133s][info][gc,stats    ] Concurrent Mark Roots               925 us, parallelism: 1.79x
[2026-04-03T03:40:16.836+0600][48.133s][info][gc,stats    ]   CMR: <total>                     1654 us
[2026-04-03T03:40:16.836+0600][48.133s][info][gc,stats    ]   CMR: Thread Roots                1376 us, workers (us): 351, 511, 514, ---, ---, ---, 
[2026-04-03T03:40:16.836+0600][48.133s][info][gc,stats    ]   CMR: VM Strong Roots               30 us, workers (us):  29,   1,   1, ---, ---, ---, 
[2026-04-03T03:40:16.836+0600][48.133s][info][gc,stats    ]   CMR: CLDG Roots                   249 us, workers (us): 249, ---, ---, ---, ---, ---, 
[2026-04-03T03:40:16.836+0600][48.133s][info][gc,stats    ] Concurrent Marking               194604 us
[2026-04-03T03:40:16.836+0600][48.133s][info][gc,stats    ] Pause Final Mark (G)               1024 us
[2026-04-03T03:40:16.836+0600][48.133s][info][gc,stats    ] Pause Final Mark (N)                834 us
[2026-04-03T03:40:16.836+0600][48.133s][info][gc,stats    ]   Finish Mark                       353 us
[2026-04-03T03:40:16.836+0600][48.133s][info][gc,stats    ]   Update Region States               58 us
[2026-04-03T03:40:16.836+0600][48.133s][info][gc,stats    ]   Choose Collection Set             262 us
[2026-04-03T03:40:16.836+0600][48.133s][info][gc,stats    ]   Rebuild Free Set                   35 us
[2026-04-03T03:40:16.836+0600][48.134s][info][gc,stats    ] Concurrent Thread Roots             901 us, parallelism: 1.74x
[2026-04-03T03:40:16.836+0600][48.134s][info][gc,stats    ]   CTR: <total>                     1570 us
[2026-04-03T03:40:16.836+0600][48.134s][info][gc,stats    ]   CTR: Thread Roots                1570 us, workers (us): 583, 487, 499, ---, ---, ---, 
[2026-04-03T03:40:16.836+0600][48.134s][info][gc,stats    ] Concurrent Weak References          521 us, parallelism: 0.47x
[2026-04-03T03:40:16.836+0600][48.134s][info][gc,stats    ]   CWRF: <total>                     245 us
[2026-04-03T03:40:16.836+0600][48.134s][info][gc,stats    ]   CWRF: Weak References             245 us, workers (us): 163,  20,  62, ---, ---, ---, 
[2026-04-03T03:40:16.836+0600][48.134s][info][gc,stats    ] Concurrent Weak Roots              2473 us
[2026-04-03T03:40:16.836+0600][48.134s][info][gc,stats    ]   Roots                            2060 us, parallelism: 2.44x
[2026-04-03T03:40:16.836+0600][48.134s][info][gc,stats    ]     CWR: <total>                   5016 us
[2026-04-03T03:40:16.836+0600][48.134s][info][gc,stats    ]     CWR: Code Cache Roots          3177 us, workers (us): 1020, 1095, 1062, ---, ---, ---, 
[2026-04-03T03:40:16.836+0600][48.134s][info][gc,stats    ]     CWR: VM Weak Roots             1742 us, workers (us): 644, 546, 552, ---, ---, ---, 
[2026-04-03T03:40:16.836+0600][48.134s][info][gc,stats    ]     CWR: CLDG Roots                  97 us, workers (us):  97, ---, ---, ---, ---, ---, 
[2026-04-03T03:40:16.836+0600][48.134s][info][gc,stats    ]   Rendezvous                        321 us
[2026-04-03T03:40:16.836+0600][48.134s][info][gc,stats    ] Concurrent Cleanup                  735 us
[2026-04-03T03:40:16.836+0600][48.134s][info][gc,stats    ] Concurrent Class Unloading         6250 us
[2026-04-03T03:40:16.836+0600][48.134s][info][gc,stats    ]   Unlink Stale                     5484 us
[2026-04-03T03:40:16.836+0600][48.134s][info][gc,stats    ]     System Dictionary                77 us
[2026-04-03T03:40:16.836+0600][48.134s][info][gc,stats    ]     Weak Class Links                  0 us
[2026-04-03T03:40:16.836+0600][48.134s][info][gc,stats    ]     Code Roots                     5403 us
[2026-04-03T03:40:16.836+0600][48.134s][info][gc,stats    ]   Rendezvous                        352 us
[2026-04-03T03:40:16.836+0600][48.134s][info][gc,stats    ]   Purge Unlinked                    293 us
[2026-04-03T03:40:16.836+0600][48.134s][info][gc,stats    ]     Code Roots                      282 us
[2026-04-03T03:40:16.836+0600][48.134s][info][gc,stats    ]     CLDG                             10 us
[2026-04-03T03:40:16.836+0600][48.134s][info][gc,stats    ]     Exception Caches                  0 us
[2026-04-03T03:40:16.836+0600][48.134s][info][gc,stats    ] Concurrent Strong Roots             842 us, parallelism: 0.54x
[2026-04-03T03:40:16.836+0600][48.134s][info][gc,stats    ]   CSR: <total>                      453 us
[2026-04-03T03:40:16.836+0600][48.134s][info][gc,stats    ]   CSR: VM Strong Roots               44 us, workers (us):  42,   1,   1, ---, ---, ---, 
[2026-04-03T03:40:16.836+0600][48.134s][info][gc,stats    ]   CSR: CLDG Roots                   408 us, workers (us): 408, ---, ---, ---, ---, ---, 
[2026-04-03T03:40:16.836+0600][48.134s][info][gc,stats    ] Concurrent Evacuation             18424 us
[2026-04-03T03:40:16.836+0600][48.134s][info][gc,stats    ] Pause Init Update Refs (G)          330 us
[2026-04-03T03:40:16.836+0600][48.134s][info][gc,stats    ] Pause Init Update Refs (N)          105 us
[2026-04-03T03:40:16.836+0600][48.134s][info][gc,stats    ]   Manage GCLABs                      29 us
[2026-04-03T03:40:16.836+0600][48.134s][info][gc,stats    ] Concurrent Update Refs           110484 us
[2026-04-03T03:40:16.836+0600][48.134s][info][gc,stats    ] Concurrent Update Thread Roots      833 us
[2026-04-03T03:40:16.836+0600][48.134s][info][gc,stats    ] Pause Final Update Refs (G)         376 us
[2026-04-03T03:40:16.836+0600][48.134s][info][gc,stats    ] Pause Final Update Refs (N)         148 us
[2026-04-03T03:40:16.836+0600][48.134s][info][gc,stats    ]   Update Region States               44 us
[2026-04-03T03:40:16.836+0600][48.134s][info][gc,stats    ]   Trash Collection Set               10 us
[2026-04-03T03:40:16.836+0600][48.134s][info][gc,stats    ]   Rebuild Free Set                   36 us
[2026-04-03T03:40:16.836+0600][48.134s][info][gc,stats    ] Concurrent Cleanup                  629 us
[2026-04-03T03:40:16.836+0600][48.134s][info][gc,stats    ] 
[2026-04-03T03:40:16.836+0600][48.134s][info][gc,stats    ] Allocation pacing accrued:
[2026-04-03T03:40:16.836+0600][48.134s][info][gc,stats    ]       0 of   621 ms (  0.0%): <total>
[2026-04-03T03:40:16.836+0600][48.134s][info][gc,stats    ]       0 of   621 ms (  0.0%): <average total>
[2026-04-03T03:40:16.836+0600][48.134s][info][gc,stats    ] 
[2026-04-03T03:40:16.836+0600][48.134s][info][gc,metaspace] Metaspace: 73003K(73856K)->73010K(73856K) NonClass: 63720K(64192K)->63728K(64192K) Class: 9282K(9664K)->9282K(9664K)
[2026-04-03T03:40:16.836+0600][48.134s][info][gc,ergo     ] Pacer for Idle. Initial: 40960K, Alloc Tax Rate: 1.0x
[2026-04-03T03:40:16.838+0600][48.135s][info][gc          ] Trigger: Explicit GC request (System.gc())
[2026-04-03T03:40:16.838+0600][48.135s][info][gc,ergo     ] Free: 1509M, Max: 512K regular, 450M humongous, Frag: 71% external, 0% internal; Reserve: 100M, Max: 512K
[2026-04-03T03:40:16.838+0600][48.135s][info][gc,start    ] GC(33) Concurrent reset
[2026-04-03T03:40:16.838+0600][48.135s][info][gc,task     ] GC(33) Using 3 of 6 workers for concurrent reset
[2026-04-03T03:40:16.838+0600][48.135s][info][gc,ergo     ] GC(33) Pacer for Reset. Non-Taxable: 2000M
[2026-04-03T03:40:16.839+0600][48.136s][info][gc          ] GC(33) Concurrent reset 1.204ms
[2026-04-03T03:40:16.839+0600][48.136s][info][gc,start    ] GC(33) Pause Init Mark (unload classes)
[2026-04-03T03:40:16.839+0600][48.137s][info][gc,task     ] GC(33) Using 6 of 6 workers for init marking
[2026-04-03T03:40:16.839+0600][48.137s][info][gc,ref      ] GC(33) Clearing All SoftReferences
[2026-04-03T03:40:16.839+0600][48.137s][info][gc,ergo     ] GC(33) Pacer for Mark. Expected Live: 213M, Free: 1509M, Non-Taxable: 150M, Alloc Tax Rate: 0.2x
[2026-04-03T03:40:16.839+0600][48.137s][info][gc          ] GC(33) Pause Init Mark (unload classes) 0.117ms
[2026-04-03T03:40:16.839+0600][48.137s][info][gc,start    ] GC(33) Concurrent marking roots
[2026-04-03T03:40:16.839+0600][48.137s][info][gc,task     ] GC(33) Using 3 of 6 workers for concurrent marking roots
[2026-04-03T03:40:16.840+0600][48.138s][info][gc          ] GC(33) Concurrent marking roots 0.854ms
[2026-04-03T03:40:16.840+0600][48.138s][info][gc,start    ] GC(33) Concurrent marking (unload classes)
[2026-04-03T03:40:16.840+0600][48.138s][info][gc,task     ] GC(33) Using 3 of 6 workers for concurrent marking
[2026-04-03T03:40:16.969+0600][48.266s][info][gc          ] GC(33) Concurrent marking (unload classes) 128.414ms
[2026-04-03T03:40:16.969+0600][48.266s][info][gc,start    ] GC(33) Pause Final Mark (unload classes)
[2026-04-03T03:40:16.969+0600][48.266s][info][gc,task     ] GC(33) Using 6 of 6 workers for final marking
[2026-04-03T03:40:16.969+0600][48.267s][info][gc,ergo     ] GC(33) Collectable Garbage: 222M (91%), Immediate: 222M (91%), CSet: 0B (0%)
[2026-04-03T03:40:16.969+0600][48.267s][info][gc          ] GC(33) Pause Final Mark (unload classes) 0.532ms
[2026-04-03T03:40:16.969+0600][48.267s][info][gc,start    ] GC(33) Concurrent weak references
[2026-04-03T03:40:16.970+0600][48.267s][info][gc,task     ] GC(33) Using 3 of 6 workers for concurrent weak references
[2026-04-03T03:40:16.970+0600][48.267s][info][gc,ref      ] GC(33) Encountered references: Soft: 3226, Weak: 6229, Final: 84, Phantom: 600
[2026-04-03T03:40:16.970+0600][48.267s][info][gc,ref      ] GC(33) Discovered  references: Soft: 2969, Weak: 666, Final: 0, Phantom: 597
[2026-04-03T03:40:16.970+0600][48.267s][info][gc,ref      ] GC(33) Enqueued    references: Soft: 469, Weak: 72, Final: 0, Phantom: 0
[2026-04-03T03:40:16.970+0600][48.267s][info][gc          ] GC(33) Concurrent weak references 0.412ms
[2026-04-03T03:40:16.970+0600][48.267s][info][gc,start    ] GC(33) Concurrent weak roots
[2026-04-03T03:40:16.970+0600][48.267s][info][gc,task     ] GC(33) Using 3 of 6 workers for concurrent weak root
[2026-04-03T03:40:16.972+0600][48.270s][info][gc          ] GC(33) Concurrent weak roots 2.309ms
[2026-04-03T03:40:16.972+0600][48.270s][info][gc,start    ] GC(33) Concurrent cleanup
[2026-04-03T03:40:16.973+0600][48.271s][info][gc          ] GC(33) Concurrent cleanup 388M->165M(1433M) 0.788ms
[2026-04-03T03:40:16.973+0600][48.271s][info][gc,ergo     ] GC(33) Free: 1731M, Max: 512K regular, 479M humongous, Frag: 73% external, 0% internal; Reserve: 100M, Max: 512K
[2026-04-03T03:40:16.973+0600][48.271s][info][gc,start    ] GC(33) Concurrent class unloading
[2026-04-03T03:40:16.973+0600][48.271s][info][gc,task     ] GC(33) Using 3 of 6 workers for concurrent class unloading
[2026-04-03T03:40:16.991+0600][48.289s][info][gc          ] GC(33) Concurrent class unloading 18.226ms
[2026-04-03T03:40:16.992+0600][48.289s][info][gc,start    ] GC(33) Pause Final Roots
[2026-04-03T03:40:16.992+0600][48.289s][info][gc          ] GC(33) Pause Final Roots 0.045ms
[2026-04-03T03:40:16.992+0600][48.289s][info][gc,ergo     ] Free: 1727M, Max: 512K regular, 479M humongous, Frag: 73% external, 0% internal; Reserve: 100M, Max: 512K
[2026-04-03T03:40:16.992+0600][48.289s][info][gc,stats    ] 
[2026-04-03T03:40:16.992+0600][48.289s][info][gc,stats    ] All times are wall-clock times, except per-root-class counters, that are sum over
[2026-04-03T03:40:16.992+0600][48.289s][info][gc,stats    ] all workers. Dividing the <total> over the root stage time estimates parallelism.
[2026-04-03T03:40:16.992+0600][48.290s][info][gc,stats    ] 
[2026-04-03T03:40:16.992+0600][48.290s][info][gc,stats    ] Concurrent Reset                   1230 us
[2026-04-03T03:40:16.992+0600][48.290s][info][gc,stats    ] Pause Init Mark (G)                 375 us
[2026-04-03T03:40:16.992+0600][48.290s][info][gc,stats    ] Pause Init Mark (N)                 126 us
[2026-04-03T03:40:16.992+0600][48.290s][info][gc,stats    ]   Update Region States               31 us
[2026-04-03T03:40:16.992+0600][48.290s][info][gc,stats    ] Concurrent Mark Roots               895 us, parallelism: 1.32x
[2026-04-03T03:40:16.992+0600][48.290s][info][gc,stats    ]   CMR: <total>                     1182 us
[2026-04-03T03:40:16.992+0600][48.290s][info][gc,stats    ]   CMR: Thread Roots                 969 us, workers (us): 213, 382, 373, ---, ---, ---, 
[2026-04-03T03:40:16.992+0600][48.290s][info][gc,stats    ]   CMR: VM Strong Roots               25 us, workers (us):  23,   1,   1, ---, ---, ---, 
[2026-04-03T03:40:16.992+0600][48.290s][info][gc,stats    ]   CMR: CLDG Roots                   189 us, workers (us): 189, ---, ---, ---, ---, ---, 
[2026-04-03T03:40:16.992+0600][48.290s][info][gc,stats    ] Concurrent Marking               128479 us
[2026-04-03T03:40:16.992+0600][48.290s][info][gc,stats    ] Pause Final Mark (G)                820 us
[2026-04-03T03:40:16.992+0600][48.290s][info][gc,stats    ] Pause Final Mark (N)                547 us
[2026-04-03T03:40:16.992+0600][48.290s][info][gc,stats    ]   Finish Mark                       253 us
[2026-04-03T03:40:16.992+0600][48.290s][info][gc,stats    ]   Update Region States               60 us
[2026-04-03T03:40:16.992+0600][48.290s][info][gc,stats    ]   Choose Collection Set              94 us
[2026-04-03T03:40:16.992+0600][48.290s][info][gc,stats    ]   Rebuild Free Set                   44 us
[2026-04-03T03:40:16.992+0600][48.290s][info][gc,stats    ] Concurrent Weak References          422 us, parallelism: 1.24x
[2026-04-03T03:40:16.992+0600][48.290s][info][gc,stats    ]   CWRF: <total>                     524 us
[2026-04-03T03:40:16.992+0600][48.290s][info][gc,stats    ]   CWRF: Weak References             524 us, workers (us): 227, 215,  82, ---, ---, ---, 
[2026-04-03T03:40:16.992+0600][48.290s][info][gc,stats    ] Concurrent Weak Roots              2366 us
[2026-04-03T03:40:16.992+0600][48.290s][info][gc,stats    ]   Roots                            1828 us, parallelism: 2.32x
[2026-04-03T03:40:16.992+0600][48.290s][info][gc,stats    ]     CWR: <total>                   4247 us
[2026-04-03T03:40:16.992+0600][48.290s][info][gc,stats    ]     CWR: Code Cache Roots          3086 us, workers (us): 948, 1034, 1104, ---, ---, ---, 
[2026-04-03T03:40:16.992+0600][48.290s][info][gc,stats    ]     CWR: VM Weak Roots             1090 us, workers (us): 422, 367, 302, ---, ---, ---, 
[2026-04-03T03:40:16.992+0600][48.290s][info][gc,stats    ]     CWR: CLDG Roots                  71 us, workers (us):  71, ---, ---, ---, ---, ---, 
[2026-04-03T03:40:16.992+0600][48.290s][info][gc,stats    ]   Rendezvous                        461 us
[2026-04-03T03:40:16.992+0600][48.290s][info][gc,stats    ] Concurrent Cleanup                  807 us
[2026-04-03T03:40:16.992+0600][48.290s][info][gc,stats    ] Concurrent Class Unloading        18300 us
[2026-04-03T03:40:16.992+0600][48.290s][info][gc,stats    ]   Unlink Stale                    16983 us
[2026-04-03T03:40:16.992+0600][48.290s][info][gc,stats    ]     System Dictionary               349 us
[2026-04-03T03:40:16.992+0600][48.290s][info][gc,stats    ]     Weak Class Links              10508 us
[2026-04-03T03:40:16.992+0600][48.290s][info][gc,stats    ]     Code Roots                     6122 us
[2026-04-03T03:40:16.992+0600][48.290s][info][gc,stats    ]   Rendezvous                        374 us
[2026-04-03T03:40:16.992+0600][48.290s][info][gc,stats    ]   Purge Unlinked                    844 us
[2026-04-03T03:40:16.992+0600][48.290s][info][gc,stats    ]     Code Roots                      264 us
[2026-04-03T03:40:16.992+0600][48.290s][info][gc,stats    ]     CLDG                            580 us
[2026-04-03T03:40:16.992+0600][48.290s][info][gc,stats    ]     Exception Caches                  0 us
[2026-04-03T03:40:16.992+0600][48.290s][info][gc,stats    ] Pause Final Roots (G)               383 us
[2026-04-03T03:40:16.992+0600][48.290s][info][gc,stats    ] Pause Final Roots (N)                58 us
[2026-04-03T03:40:16.993+0600][48.290s][info][gc,stats    ] 
[2026-04-03T03:40:16.993+0600][48.290s][info][gc,stats    ] Allocation pacing accrued:
[2026-04-03T03:40:16.993+0600][48.290s][info][gc,stats    ]       0 of   156 ms (  0.0%): <total>
[2026-04-03T03:40:16.993+0600][48.290s][info][gc,stats    ]       0 of   156 ms (  0.0%): <average total>
[2026-04-03T03:40:16.993+0600][48.290s][info][gc,stats    ] 
[2026-04-03T03:40:16.993+0600][48.290s][info][gc,metaspace] Metaspace: 73010K(73856K)->72590K(73856K) NonClass: 63728K(64192K)->63378K(64192K) Class: 9282K(9664K)->9212K(9664K)
[2026-04-03T03:40:16.993+0600][48.290s][info][gc,ergo     ] Pacer for Idle. Initial: 40960K, Alloc Tax Rate: 1.0x
[2026-04-03T03:40:16.993+0600][48.290s][info][gc,start    ] Concurrent uncommit
[2026-04-03T03:40:17.155+0600][48.453s][info][gc          ] Concurrent uncommit 170M->193M(198M) 162.843ms
[2026-04-03T03:40:17.658+0600][48.955s][info][gc          ] Trigger: Learning 2 of 5. Free (1399M) is below initial threshold (1400M)
[2026-04-03T03:40:17.658+0600][48.955s][info][gc,ergo     ] Free: 1399M, Max: 512K regular, 479M humongous, Frag: 66% external, 0% internal; Reserve: 100M, Max: 512K
[2026-04-03T03:40:17.658+0600][48.955s][info][gc,start    ] GC(34) Concurrent reset
[2026-04-03T03:40:17.658+0600][48.955s][info][gc,task     ] GC(34) Using 3 of 6 workers for concurrent reset
[2026-04-03T03:40:17.658+0600][48.955s][info][gc,ergo     ] GC(34) Pacer for Reset. Non-Taxable: 2000M
[2026-04-03T03:40:17.659+0600][48.956s][info][gc          ] GC(34) Concurrent reset 0.860ms
[2026-04-03T03:40:17.659+0600][48.957s][info][gc,start    ] GC(34) Pause Init Mark (unload classes)
[2026-04-03T03:40:17.659+0600][48.957s][info][gc,task     ] GC(34) Using 6 of 6 workers for init marking
[2026-04-03T03:40:17.659+0600][48.957s][info][gc,ergo     ] GC(34) Pacer for Mark. Expected Live: 185M, Free: 1398M, Non-Taxable: 139M, Alloc Tax Rate: 0.2x
[2026-04-03T03:40:17.659+0600][48.957s][info][gc          ] GC(34) Pause Init Mark (unload classes) 0.118ms
[2026-04-03T03:40:17.659+0600][48.957s][info][gc,start    ] GC(34) Concurrent marking roots
[2026-04-03T03:40:17.659+0600][48.957s][info][gc,task     ] GC(34) Using 3 of 6 workers for concurrent marking roots
[2026-04-03T03:40:17.660+0600][48.958s][info][gc          ] GC(34) Concurrent marking roots 0.976ms
[2026-04-03T03:40:17.660+0600][48.958s][info][gc,start    ] GC(34) Concurrent marking (unload classes)
[2026-04-03T03:40:17.660+0600][48.958s][info][gc,task     ] GC(34) Using 3 of 6 workers for concurrent marking
[2026-04-03T03:40:18.044+0600][49.342s][info][gc          ] GC(34) Concurrent marking (unload classes) 383.956ms
[2026-04-03T03:40:18.045+0600][49.342s][info][gc,start    ] GC(34) Pause Final Mark (unload classes)
[2026-04-03T03:40:18.045+0600][49.342s][info][gc,task     ] GC(34) Using 6 of 6 workers for final marking
[2026-04-03T03:40:18.045+0600][49.343s][info][gc,ergo     ] GC(34) Adaptive CSet Selection. Target Free: 283M, Actual Free: 1311M, Max CSet: 85333K, Min Garbage: 0B
[2026-04-03T03:40:18.045+0600][49.343s][info][gc,ergo     ] GC(34) Collectable Garbage: 250M (98%), Immediate: 22960K (8%), CSet: 227M (89%)
[2026-04-03T03:40:18.045+0600][49.343s][info][gc,ergo     ] GC(34) Pacer for Evacuation. Used CSet: 307M, Free: 1217M, Non-Taxable: 121M, Alloc Tax Rate: 1.1x
[2026-04-03T03:40:18.046+0600][49.343s][info][gc          ] GC(34) Pause Final Mark (unload classes) 0.981ms
[2026-04-03T03:40:18.046+0600][49.343s][info][gc,start    ] GC(34) Concurrent thread roots
[2026-04-03T03:40:18.046+0600][49.343s][info][gc,task     ] GC(34) Using 3 of 6 workers for Concurrent thread roots
[2026-04-03T03:40:18.047+0600][49.344s][info][gc          ] GC(34) Concurrent thread roots 0.991ms
[2026-04-03T03:40:18.047+0600][49.344s][info][gc,start    ] GC(34) Concurrent weak references
[2026-04-03T03:40:18.047+0600][49.344s][info][gc,task     ] GC(34) Using 3 of 6 workers for concurrent weak references
[2026-04-03T03:40:18.047+0600][49.345s][info][gc,ref      ] GC(34) Encountered references: Soft: 3155, Weak: 6430, Final: 84, Phantom: 600
[2026-04-03T03:40:18.047+0600][49.345s][info][gc,ref      ] GC(34) Discovered  references: Soft: 0, Weak: 809, Final: 2, Phantom: 597
[2026-04-03T03:40:18.047+0600][49.345s][info][gc,ref      ] GC(34) Enqueued    references: Soft: 0, Weak: 117, Final: 0, Phantom: 0
[2026-04-03T03:40:18.047+0600][49.345s][info][gc          ] GC(34) Concurrent weak references 0.507ms
[2026-04-03T03:40:18.047+0600][49.345s][info][gc,start    ] GC(34) Concurrent weak roots
[2026-04-03T03:40:18.047+0600][49.345s][info][gc,task     ] GC(34) Using 3 of 6 workers for concurrent weak root
[2026-04-03T03:40:18.050+0600][49.348s][info][gc          ] GC(34) Concurrent weak roots 3.217ms
[2026-04-03T03:40:18.051+0600][49.348s][info][gc,start    ] GC(34) Concurrent cleanup
[2026-04-03T03:40:18.051+0600][49.348s][info][gc          ] GC(34) Concurrent cleanup 699M->677M(715M) 0.314ms
[2026-04-03T03:40:18.051+0600][49.348s][info][gc,ergo     ] GC(34) Free: 1214M, Max: 512K regular, 480M humongous, Frag: 61% external, 0% internal; Reserve: 101630K, Max: 512K
[2026-04-03T03:40:18.051+0600][49.348s][info][gc,start    ] GC(34) Concurrent class unloading
[2026-04-03T03:40:18.051+0600][49.348s][info][gc,task     ] GC(34) Using 3 of 6 workers for concurrent class unloading
[2026-04-03T03:40:18.078+0600][49.375s][info][gc          ] GC(34) Concurrent class unloading 26.925ms
[2026-04-03T03:40:18.078+0600][49.375s][info][gc,start    ] GC(34) Concurrent strong roots
[2026-04-03T03:40:18.078+0600][49.375s][info][gc,task     ] GC(34) Using 3 of 6 workers for concurrent strong root
[2026-04-03T03:40:18.079+0600][49.377s][info][gc          ] GC(34) Concurrent strong roots 1.438ms
[2026-04-03T03:40:18.079+0600][49.377s][info][gc,start    ] GC(34) Concurrent evacuation
[2026-04-03T03:40:18.080+0600][49.377s][info][gc,task     ] GC(34) Using 3 of 6 workers for concurrent evacuation
[2026-04-03T03:40:18.170+0600][49.467s][info][gc          ] GC(34) Concurrent evacuation 90.333ms
[2026-04-03T03:40:18.170+0600][49.468s][info][gc,start    ] GC(34) Pause Init Update Refs
[2026-04-03T03:40:18.170+0600][49.468s][info][gc,ergo     ] GC(34) Pacer for Update Refs. Used: 824M, Free: 1148M, Non-Taxable: 114M, Alloc Tax Rate: 1.1x
[2026-04-03T03:40:18.170+0600][49.468s][info][gc          ] GC(34) Pause Init Update Refs 0.290ms
[2026-04-03T03:40:18.171+0600][49.468s][info][gc,start    ] GC(34) Concurrent update references
[2026-04-03T03:40:18.171+0600][49.468s][info][gc,task     ] GC(34) Using 3 of 6 workers for concurrent reference update
[2026-04-03T03:40:18.356+0600][49.654s][info][gc          ] GC(34) Concurrent update references 185.848ms
[2026-04-03T03:40:18.357+0600][49.654s][info][gc,start    ] GC(34) Concurrent update thread roots
[2026-04-03T03:40:18.358+0600][49.655s][info][gc          ] GC(34) Concurrent update thread roots 1.175ms
[2026-04-03T03:40:18.358+0600][49.656s][info][gc,start    ] GC(34) Pause Final Update Refs
[2026-04-03T03:40:18.358+0600][49.656s][info][gc,task     ] GC(34) Using 6 of 6 workers for final reference update
[2026-04-03T03:40:18.358+0600][49.656s][info][gc          ] GC(34) Pause Final Update Refs 0.252ms
[2026-04-03T03:40:18.358+0600][49.656s][info][gc,start    ] GC(34) Concurrent cleanup
[2026-04-03T03:40:18.359+0600][49.656s][info][gc          ] GC(34) Concurrent cleanup 910M->603M(922M) 0.447ms
[2026-04-03T03:40:18.359+0600][49.656s][info][gc,ergo     ] Free: 1287M, Max: 512K regular, 550M humongous, Frag: 58% external, 0% internal; Reserve: 100M, Max: 512K
[2026-04-03T03:40:18.359+0600][49.657s][info][gc,stats    ] 
[2026-04-03T03:40:18.359+0600][49.657s][info][gc,stats    ] All times are wall-clock times, except per-root-class counters, that are sum over
[2026-04-03T03:40:18.359+0600][49.657s][info][gc,stats    ] all workers. Dividing the <total> over the root stage time estimates parallelism.
[2026-04-03T03:40:18.359+0600][49.657s][info][gc,stats    ] 
[2026-04-03T03:40:18.359+0600][49.657s][info][gc,stats    ] Concurrent Reset                    933 us
[2026-04-03T03:40:18.359+0600][49.657s][info][gc,stats    ] Pause Init Mark (G)                 447 us
[2026-04-03T03:40:18.359+0600][49.657s][info][gc,stats    ] Pause Init Mark (N)                 129 us
[2026-04-03T03:40:18.359+0600][49.657s][info][gc,stats    ]   Update Region States               33 us
[2026-04-03T03:40:18.359+0600][49.657s][info][gc,stats    ] Concurrent Mark Roots              1011 us, parallelism: 1.95x
[2026-04-03T03:40:18.359+0600][49.657s][info][gc,stats    ]   CMR: <total>                     1968 us
[2026-04-03T03:40:18.359+0600][49.657s][info][gc,stats    ]   CMR: Thread Roots                1633 us, workers (us): 644, 638, 351, ---, ---, ---, 
[2026-04-03T03:40:18.359+0600][49.657s][info][gc,stats    ]   CMR: VM Strong Roots               45 us, workers (us):  24,  15,   6, ---, ---, ---, 
[2026-04-03T03:40:18.359+0600][49.657s][info][gc,stats    ]   CMR: CLDG Roots                   290 us, workers (us): ---, ---, 290, ---, ---, ---, 
[2026-04-03T03:40:18.359+0600][49.657s][info][gc,stats    ] Concurrent Marking               384045 us
[2026-04-03T03:40:18.359+0600][49.657s][info][gc,stats    ] Pause Final Mark (G)               1329 us
[2026-04-03T03:40:18.359+0600][49.657s][info][gc,stats    ] Pause Final Mark (N)                998 us
[2026-04-03T03:40:18.359+0600][49.657s][info][gc,stats    ]   Finish Mark                       308 us
[2026-04-03T03:40:18.359+0600][49.657s][info][gc,stats    ]   Update Region States               78 us
[2026-04-03T03:40:18.359+0600][49.657s][info][gc,stats    ]   Choose Collection Set             409 us
[2026-04-03T03:40:18.359+0600][49.657s][info][gc,stats    ]   Rebuild Free Set                   47 us
[2026-04-03T03:40:18.359+0600][49.657s][info][gc,stats    ] Concurrent Thread Roots            1046 us, parallelism: 2.15x
[2026-04-03T03:40:18.359+0600][49.657s][info][gc,stats    ]   CTR: <total>                     2246 us
[2026-04-03T03:40:18.359+0600][49.657s][info][gc,stats    ]   CTR: Thread Roots                2246 us, workers (us): 763, 764, 720, ---, ---, ---, 
[2026-04-03T03:40:18.359+0600][49.657s][info][gc,stats    ] Concurrent Weak References          522 us, parallelism: 0.71x
[2026-04-03T03:40:18.359+0600][49.657s][info][gc,stats    ]   CWRF: <total>                     371 us
[2026-04-03T03:40:18.359+0600][49.657s][info][gc,stats    ]   CWRF: Weak References             371 us, workers (us): 274,  96,   1, ---, ---, ---, 
[2026-04-03T03:40:18.359+0600][49.657s][info][gc,stats    ] Concurrent Weak Roots              3314 us
[2026-04-03T03:40:18.359+0600][49.657s][info][gc,stats    ]   Roots                            2869 us, parallelism: 2.58x
[2026-04-03T03:40:18.359+0600][49.657s][info][gc,stats    ]     CWR: <total>                   7416 us
[2026-04-03T03:40:18.359+0600][49.657s][info][gc,stats    ]     CWR: Code Cache Roots          4361 us, workers (us): 1287, 1591, 1482, ---, ---, ---, 
[2026-04-03T03:40:18.359+0600][49.657s][info][gc,stats    ]     CWR: VM Weak Roots             2831 us, workers (us): 970, 974, 888, ---, ---, ---, 
[2026-04-03T03:40:18.359+0600][49.657s][info][gc,stats    ]     CWR: CLDG Roots                 224 us, workers (us): 224, ---, ---, ---, ---, ---, 
[2026-04-03T03:40:18.359+0600][49.657s][info][gc,stats    ]   Rendezvous                        314 us
[2026-04-03T03:40:18.359+0600][49.657s][info][gc,stats    ] Concurrent Cleanup                  339 us
[2026-04-03T03:40:18.359+0600][49.657s][info][gc,stats    ] Concurrent Class Unloading        27034 us
[2026-04-03T03:40:18.360+0600][49.657s][info][gc,stats    ]   Unlink Stale                    25902 us
[2026-04-03T03:40:18.360+0600][49.657s][info][gc,stats    ]     System Dictionary               382 us
[2026-04-03T03:40:18.360+0600][49.657s][info][gc,stats    ]     Weak Class Links              16816 us
[2026-04-03T03:40:18.360+0600][49.657s][info][gc,stats    ]     Code Roots                     8539 us
[2026-04-03T03:40:18.360+0600][49.657s][info][gc,stats    ]   Rendezvous                        474 us
[2026-04-03T03:40:18.360+0600][49.657s][info][gc,stats    ]   Purge Unlinked                    507 us
[2026-04-03T03:40:18.360+0600][49.657s][info][gc,stats    ]     Code Roots                      423 us
[2026-04-03T03:40:18.360+0600][49.657s][info][gc,stats    ]     CLDG                             83 us
[2026-04-03T03:40:18.360+0600][49.657s][info][gc,stats    ]     Exception Caches                  0 us
[2026-04-03T03:40:18.360+0600][49.657s][info][gc,stats    ] Concurrent Strong Roots            1508 us, parallelism: 0.71x
[2026-04-03T03:40:18.360+0600][49.657s][info][gc,stats    ]   CSR: <total>                     1073 us
[2026-04-03T03:40:18.360+0600][49.657s][info][gc,stats    ]   CSR: VM Strong Roots               72 us, workers (us):  29,  27,  16, ---, ---, ---, 
[2026-04-03T03:40:18.360+0600][49.657s][info][gc,stats    ]   CSR: CLDG Roots                  1001 us, workers (us): ---, 1001, ---, ---, ---, ---, 
[2026-04-03T03:40:18.360+0600][49.657s][info][gc,stats    ] Concurrent Evacuation             90446 us
[2026-04-03T03:40:18.360+0600][49.657s][info][gc,stats    ] Pause Init Update Refs (G)          593 us
[2026-04-03T03:40:18.360+0600][49.657s][info][gc,stats    ] Pause Init Update Refs (N)          310 us
[2026-04-03T03:40:18.360+0600][49.657s][info][gc,stats    ]   Manage GCLABs                     126 us
[2026-04-03T03:40:18.360+0600][49.657s][info][gc,stats    ] Concurrent Update Refs           185992 us
[2026-04-03T03:40:18.360+0600][49.657s][info][gc,stats    ] Concurrent Update Thread Roots     1250 us
[2026-04-03T03:40:18.360+0600][49.657s][info][gc,stats    ] Pause Final Update Refs (G)         659 us
[2026-04-03T03:40:18.360+0600][49.657s][info][gc,stats    ] Pause Final Update Refs (N)         266 us
[2026-04-03T03:40:18.360+0600][49.657s][info][gc,stats    ]   Update Region States               71 us
[2026-04-03T03:40:18.360+0600][49.657s][info][gc,stats    ]   Trash Collection Set               17 us
[2026-04-03T03:40:18.360+0600][49.657s][info][gc,stats    ]   Rebuild Free Set                   49 us
[2026-04-03T03:40:18.360+0600][49.657s][info][gc,stats    ] Concurrent Cleanup                  478 us
[2026-04-03T03:40:18.360+0600][49.657s][info][gc,stats    ] 
[2026-04-03T03:40:18.360+0600][49.657s][info][gc,stats    ] Allocation pacing accrued:
[2026-04-03T03:40:18.360+0600][49.657s][info][gc,stats    ]       0 of  1367 ms (  0.0%): <total>
[2026-04-03T03:40:18.360+0600][49.657s][info][gc,stats    ]       0 of  1367 ms (  0.0%): <average total>
[2026-04-03T03:40:18.360+0600][49.657s][info][gc,stats    ] 
[2026-04-03T03:40:18.360+0600][49.657s][info][gc,metaspace] Metaspace: 73003K(73920K)->72982K(73920K) NonClass: 63728K(64256K)->63713K(64256K) Class: 9275K(9664K)->9269K(9664K)
[2026-04-03T03:40:18.360+0600][49.657s][info][gc,ergo     ] Pacer for Idle. Initial: 40960K, Alloc Tax Rate: 1.0x
[2026-04-03T03:40:18.361+0600][49.658s][info][gc          ] Trigger: Learning 3 of 5. Free (1286M) is below initial threshold (1400M)
[2026-04-03T03:40:18.361+0600][49.659s][info][gc,ergo     ] Free: 1286M, Max: 512K regular, 550M humongous, Frag: 58% external, 0% internal; Reserve: 100M, Max: 512K
[2026-04-03T03:40:18.361+0600][49.659s][info][gc,start    ] GC(35) Concurrent reset
[2026-04-03T03:40:18.361+0600][49.659s][info][gc,task     ] GC(35) Using 3 of 6 workers for concurrent reset
[2026-04-03T03:40:18.361+0600][49.659s][info][gc,ergo     ] GC(35) Pacer for Reset. Non-Taxable: 2000M
[2026-04-03T03:40:18.364+0600][49.661s][info][gc          ] GC(35) Concurrent reset 2.479ms
[2026-04-03T03:40:18.364+0600][49.662s][info][gc,start    ] GC(35) Pause Init Mark (unload classes)
[2026-04-03T03:40:18.364+0600][49.662s][info][gc,task     ] GC(35) Using 6 of 6 workers for init marking
[2026-04-03T03:40:18.364+0600][49.662s][info][gc,ergo     ] GC(35) Pacer for Mark. Expected Live: 203M, Free: 1284M, Non-Taxable: 128M, Alloc Tax Rate: 0.2x
[2026-04-03T03:40:18.364+0600][49.662s][info][gc          ] GC(35) Pause Init Mark (unload classes) 0.222ms
[2026-04-03T03:40:18.364+0600][49.662s][info][gc,start    ] GC(35) Concurrent marking roots
[2026-04-03T03:40:18.364+0600][49.662s][info][gc,task     ] GC(35) Using 3 of 6 workers for concurrent marking roots
[2026-04-03T03:40:18.366+0600][49.663s][info][gc          ] GC(35) Concurrent marking roots 1.370ms
[2026-04-03T03:40:18.366+0600][49.663s][info][gc,start    ] GC(35) Concurrent marking (unload classes)
[2026-04-03T03:40:18.366+0600][49.663s][info][gc,task     ] GC(35) Using 3 of 6 workers for concurrent marking
[2026-04-03T03:40:18.785+0600][50.083s][info][gc          ] GC(35) Concurrent marking (unload classes) 419.266ms
[2026-04-03T03:40:18.786+0600][50.083s][info][gc,start    ] GC(35) Pause Final Mark (unload classes)
[2026-04-03T03:40:18.786+0600][50.083s][info][gc,task     ] GC(35) Using 6 of 6 workers for final marking
[2026-04-03T03:40:18.786+0600][50.084s][info][gc,ergo     ] GC(35) Adaptive CSet Selection. Target Free: 283M, Actual Free: 1107M, Max CSet: 85333K, Min Garbage: 0B
[2026-04-03T03:40:18.787+0600][50.084s][info][gc,ergo     ] GC(35) Collectable Garbage: 325M (98%), Immediate: 6656K (1%), CSet: 319M (96%)
[2026-04-03T03:40:18.787+0600][50.085s][info][gc,ergo     ] GC(35) Pacer for Evacuation. Used CSet: 352M, Free: 1011M, Non-Taxable: 101M, Alloc Tax Rate: 1.1x
[2026-04-03T03:40:18.787+0600][50.085s][info][gc          ] GC(35) Pause Final Mark (unload classes) 1.505ms
[2026-04-03T03:40:18.787+0600][50.085s][info][gc,start    ] GC(35) Concurrent thread roots
[2026-04-03T03:40:18.787+0600][50.085s][info][gc,task     ] GC(35) Using 3 of 6 workers for Concurrent thread roots
[2026-04-03T03:40:18.788+0600][50.086s][info][gc          ] GC(35) Concurrent thread roots 1.102ms
[2026-04-03T03:40:18.788+0600][50.086s][info][gc,start    ] GC(35) Concurrent weak references
[2026-04-03T03:40:18.788+0600][50.086s][info][gc,task     ] GC(35) Using 3 of 6 workers for concurrent weak references
[2026-04-03T03:40:18.789+0600][50.087s][info][gc,ref      ] GC(35) Encountered references: Soft: 3155, Weak: 6313, Final: 84, Phantom: 600
[2026-04-03T03:40:18.789+0600][50.087s][info][gc,ref      ] GC(35) Discovered  references: Soft: 0, Weak: 2679, Final: 50, Phantom: 597
[2026-04-03T03:40:18.789+0600][50.087s][info][gc,ref      ] GC(35) Enqueued    references: Soft: 0, Weak: 0, Final: 0, Phantom: 0
[2026-04-03T03:40:18.789+0600][50.087s][info][gc          ] GC(35) Concurrent weak references 0.912ms
[2026-04-03T03:40:18.789+0600][50.087s][info][gc,start    ] GC(35) Concurrent weak roots
[2026-04-03T03:40:18.789+0600][50.087s][info][gc,task     ] GC(35) Using 3 of 6 workers for concurrent weak root
[2026-04-03T03:40:18.792+0600][50.090s][info][gc          ] GC(35) Concurrent weak roots 2.693ms
[2026-04-03T03:40:18.792+0600][50.090s][info][gc,start    ] GC(35) Concurrent cleanup
[2026-04-03T03:40:18.793+0600][50.090s][info][gc          ] GC(35) Concurrent cleanup 892M->885M(922M) 0.818ms
[2026-04-03T03:40:18.793+0600][50.091s][info][gc,ergo     ] GC(35) Free: 1008M, Max: 512K regular, 550M humongous, Frag: 46% external, 0% internal; Reserve: 101956K, Max: 512K
[2026-04-03T03:40:18.793+0600][50.091s][info][gc,start    ] GC(35) Concurrent class unloading
[2026-04-03T03:40:18.793+0600][50.091s][info][gc,task     ] GC(35) Using 3 of 6 workers for concurrent class unloading
[2026-04-03T03:40:18.801+0600][50.099s][info][gc          ] GC(35) Concurrent class unloading 8.194ms
[2026-04-03T03:40:18.801+0600][50.099s][info][gc,start    ] GC(35) Concurrent strong roots
[2026-04-03T03:40:18.801+0600][50.099s][info][gc,task     ] GC(35) Using 3 of 6 workers for concurrent strong root
[2026-04-03T03:40:18.802+0600][50.100s][info][gc          ] GC(35) Concurrent strong roots 1.029ms
[2026-04-03T03:40:18.802+0600][50.100s][info][gc,start    ] GC(35) Concurrent evacuation
[2026-04-03T03:40:18.802+0600][50.100s][info][gc,task     ] GC(35) Using 3 of 6 workers for concurrent evacuation
[2026-04-03T03:40:18.848+0600][50.145s][info][gc          ] GC(35) Concurrent evacuation 45.534ms
[2026-04-03T03:40:18.848+0600][50.146s][info][gc,start    ] GC(35) Pause Init Update Refs
[2026-04-03T03:40:18.848+0600][50.146s][info][gc,ergo     ] GC(35) Pacer for Update Refs. Used: 950M, Free: 977M, Non-Taxable: 100106K, Alloc Tax Rate: 1.2x
[2026-04-03T03:40:18.848+0600][50.146s][info][gc          ] GC(35) Pause Init Update Refs 0.125ms
[2026-04-03T03:40:18.848+0600][50.146s][info][gc,start    ] GC(35) Concurrent update references
[2026-04-03T03:40:18.848+0600][50.146s][info][gc,task     ] GC(35) Using 3 of 6 workers for concurrent reference update
[2026-04-03T03:40:19.130+0600][50.427s][info][gc          ] GC(35) Concurrent update references 281.255ms
[2026-04-03T03:40:19.130+0600][50.427s][info][gc,start    ] GC(35) Concurrent update thread roots
[2026-04-03T03:40:19.131+0600][50.429s][info][gc          ] GC(35) Concurrent update thread roots 1.490ms
[2026-04-03T03:40:19.132+0600][50.429s][info][gc,start    ] GC(35) Pause Final Update Refs
[2026-04-03T03:40:19.132+0600][50.429s][info][gc,task     ] GC(35) Using 6 of 6 workers for final reference update
[2026-04-03T03:40:19.132+0600][50.429s][info][gc          ] GC(35) Pause Final Update Refs 0.290ms
[2026-04-03T03:40:19.132+0600][50.430s][info][gc,start    ] GC(35) Concurrent cleanup
[2026-04-03T03:40:19.133+0600][50.431s][info][gc          ] GC(35) Concurrent cleanup 1103M->751M(1111M) 1.016ms
[2026-04-03T03:40:19.133+0600][50.431s][info][gc,ergo     ] Free: 1141M, Max: 512K regular, 384M humongous, Frag: 67% external, 0% internal; Reserve: 100M, Max: 512K
[2026-04-03T03:40:19.133+0600][50.431s][info][gc,stats    ] 
[2026-04-03T03:40:19.133+0600][50.431s][info][gc,stats    ] All times are wall-clock times, except per-root-class counters, that are sum over
[2026-04-03T03:40:19.133+0600][50.431s][info][gc,stats    ] all workers. Dividing the <total> over the root stage time estimates parallelism.
[2026-04-03T03:40:19.133+0600][50.431s][info][gc,stats    ] 
[2026-04-03T03:40:19.133+0600][50.431s][info][gc,stats    ] Concurrent Reset                   2599 us
[2026-04-03T03:40:19.133+0600][50.431s][info][gc,stats    ] Pause Init Mark (G)                 650 us
[2026-04-03T03:40:19.133+0600][50.431s][info][gc,stats    ] Pause Init Mark (N)                 234 us
[2026-04-03T03:40:19.133+0600][50.431s][info][gc,stats    ]   Update Region States               56 us
[2026-04-03T03:40:19.133+0600][50.431s][info][gc,stats    ] Concurrent Mark Roots              1453 us, parallelism: 1.64x
[2026-04-03T03:40:19.133+0600][50.431s][info][gc,stats    ]   CMR: <total>                     2383 us
[2026-04-03T03:40:19.133+0600][50.431s][info][gc,stats    ]   CMR: Thread Roots                1850 us, workers (us): 734, 395, 721, ---, ---, ---, 
[2026-04-03T03:40:19.133+0600][50.431s][info][gc,stats    ]   CMR: VM Strong Roots              187 us, workers (us):  98,  55,  34, ---, ---, ---, 
[2026-04-03T03:40:19.133+0600][50.431s][info][gc,stats    ]   CMR: CLDG Roots                   347 us, workers (us): ---, 347, ---, ---, ---, ---, 
[2026-04-03T03:40:19.133+0600][50.431s][info][gc,stats    ] Concurrent Marking               419403 us
[2026-04-03T03:40:19.133+0600][50.431s][info][gc,stats    ] Pause Final Mark (G)               1998 us
[2026-04-03T03:40:19.133+0600][50.431s][info][gc,stats    ] Pause Final Mark (N)               1526 us
[2026-04-03T03:40:19.133+0600][50.431s][info][gc,stats    ]   Finish Mark                       486 us
[2026-04-03T03:40:19.133+0600][50.431s][info][gc,stats    ]   Update Region States               89 us
[2026-04-03T03:40:19.133+0600][50.431s][info][gc,stats    ]   Choose Collection Set             615 us
[2026-04-03T03:40:19.133+0600][50.431s][info][gc,stats    ]   Rebuild Free Set                   76 us
[2026-04-03T03:40:19.133+0600][50.431s][info][gc,stats    ] Concurrent Thread Roots            1158 us, parallelism: 2.18x
[2026-04-03T03:40:19.133+0600][50.431s][info][gc,stats    ]   CTR: <total>                     2529 us
[2026-04-03T03:40:19.133+0600][50.431s][info][gc,stats    ]   CTR: Thread Roots                2529 us, workers (us): 870, 853, 805, ---, ---, ---, 
[2026-04-03T03:40:19.133+0600][50.431s][info][gc,stats    ] Concurrent Weak References          924 us, parallelism: 0.85x
[2026-04-03T03:40:19.133+0600][50.431s][info][gc,stats    ]   CWRF: <total>                     786 us
[2026-04-03T03:40:19.133+0600][50.431s][info][gc,stats    ]   CWRF: Weak References             786 us, workers (us): 668, 106,  11, ---, ---, ---, 
[2026-04-03T03:40:19.133+0600][50.431s][info][gc,stats    ] Concurrent Weak Roots              2767 us
[2026-04-03T03:40:19.133+0600][50.431s][info][gc,stats    ]   Roots                            2237 us, parallelism: 2.47x
[2026-04-03T03:40:19.133+0600][50.431s][info][gc,stats    ]     CWR: <total>                   5530 us
[2026-04-03T03:40:19.133+0600][50.431s][info][gc,stats    ]     CWR: Code Cache Roots          3938 us, workers (us): 1251, 1370, 1317, ---, ---, ---, 
[2026-04-03T03:40:19.133+0600][50.431s][info][gc,stats    ]     CWR: VM Weak Roots             1521 us, workers (us): 556, 510, 455, ---, ---, ---, 
[2026-04-03T03:40:19.133+0600][50.431s][info][gc,stats    ]     CWR: CLDG Roots                  72 us, workers (us):  72, ---, ---, ---, ---, ---, 
[2026-04-03T03:40:19.133+0600][50.431s][info][gc,stats    ]   Rendezvous                        429 us
[2026-04-03T03:40:19.133+0600][50.431s][info][gc,stats    ] Concurrent Cleanup                  837 us
[2026-04-03T03:40:19.133+0600][50.431s][info][gc,stats    ] Concurrent Class Unloading         8287 us
[2026-04-03T03:40:19.133+0600][50.431s][info][gc,stats    ]   Unlink Stale                     7718 us
[2026-04-03T03:40:19.133+0600][50.431s][info][gc,stats    ]     System Dictionary               158 us
[2026-04-03T03:40:19.134+0600][50.431s][info][gc,stats    ]     Weak Class Links                  0 us
[2026-04-03T03:40:19.134+0600][50.431s][info][gc,stats    ]     Code Roots                     7556 us
[2026-04-03T03:40:19.134+0600][50.431s][info][gc,stats    ]   Rendezvous                        426 us
[2026-04-03T03:40:19.134+0600][50.431s][info][gc,stats    ]   Purge Unlinked                     17 us
[2026-04-03T03:40:19.134+0600][50.431s][info][gc,stats    ]     Code Roots                        6 us
[2026-04-03T03:40:19.134+0600][50.431s][info][gc,stats    ]     CLDG                             11 us
[2026-04-03T03:40:19.134+0600][50.431s][info][gc,stats    ]     Exception Caches                  0 us
[2026-04-03T03:40:19.134+0600][50.431s][info][gc,stats    ] Concurrent Strong Roots            1088 us, parallelism: 0.61x
[2026-04-03T03:40:19.134+0600][50.431s][info][gc,stats    ]   CSR: <total>                      662 us
[2026-04-03T03:40:19.134+0600][50.431s][info][gc,stats    ]   CSR: VM Strong Roots               37 us, workers (us):  34,   3,   1, ---, ---, ---, 
[2026-04-03T03:40:19.134+0600][50.431s][info][gc,stats    ]   CSR: CLDG Roots                   625 us, workers (us): ---, 625, ---, ---, ---, ---, 
[2026-04-03T03:40:19.134+0600][50.431s][info][gc,stats    ] Concurrent Evacuation             45632 us
[2026-04-03T03:40:19.134+0600][50.431s][info][gc,stats    ] Pause Init Update Refs (G)          394 us
[2026-04-03T03:40:19.134+0600][50.431s][info][gc,stats    ] Pause Init Update Refs (N)          140 us
[2026-04-03T03:40:19.134+0600][50.431s][info][gc,stats    ]   Manage GCLABs                      27 us
[2026-04-03T03:40:19.134+0600][50.431s][info][gc,stats    ] Concurrent Update Refs           281354 us
[2026-04-03T03:40:19.134+0600][50.431s][info][gc,stats    ] Concurrent Update Thread Roots     1552 us
[2026-04-03T03:40:19.134+0600][50.431s][info][gc,stats    ] Pause Final Update Refs (G)         707 us
[2026-04-03T03:40:19.134+0600][50.431s][info][gc,stats    ] Pause Final Update Refs (N)         311 us
[2026-04-03T03:40:19.134+0600][50.431s][info][gc,stats    ]   Update Region States               91 us
[2026-04-03T03:40:19.134+0600][50.431s][info][gc,stats    ]   Trash Collection Set               23 us
[2026-04-03T03:40:19.134+0600][50.431s][info][gc,stats    ]   Rebuild Free Set                   48 us
[2026-04-03T03:40:19.134+0600][50.431s][info][gc,stats    ] Concurrent Cleanup                 1039 us
[2026-04-03T03:40:19.134+0600][50.431s][info][gc,stats    ] 
[2026-04-03T03:40:19.134+0600][50.431s][info][gc,stats    ] Allocation pacing accrued:
[2026-04-03T03:40:19.134+0600][50.431s][info][gc,stats    ]       0 of   774 ms (  0.0%): <total>
[2026-04-03T03:40:19.134+0600][50.431s][info][gc,stats    ]       0 of   774 ms (  0.0%): <average total>
[2026-04-03T03:40:19.134+0600][50.431s][info][gc,stats    ] 
[2026-04-03T03:40:19.134+0600][50.431s][info][gc,metaspace] Metaspace: 72982K(73920K)->72982K(73920K) NonClass: 63713K(64256K)->63713K(64256K) Class: 9269K(9664K)->9269K(9664K)
[2026-04-03T03:40:19.134+0600][50.431s][info][gc,ergo     ] Pacer for Idle. Initial: 40960K, Alloc Tax Rate: 1.0x
[2026-04-03T03:40:19.135+0600][50.432s][info][gc          ] Trigger: Learning 4 of 5. Free (1140M) is below initial threshold (1400M)
[2026-04-03T03:40:19.135+0600][50.432s][info][gc,ergo     ] Free: 1139M, Max: 512K regular, 384M humongous, Frag: 67% external, 0% internal; Reserve: 100M, Max: 512K
[2026-04-03T03:40:19.135+0600][50.433s][info][gc,start    ] GC(36) Concurrent reset
[2026-04-03T03:40:19.135+0600][50.433s][info][gc,task     ] GC(36) Using 3 of 6 workers for concurrent reset
[2026-04-03T03:40:19.135+0600][50.433s][info][gc,ergo     ] GC(36) Pacer for Reset. Non-Taxable: 2000M
[2026-04-03T03:40:19.138+0600][50.435s][info][gc          ] GC(36) Concurrent reset 2.542ms
[2026-04-03T03:40:19.138+0600][50.435s][info][gc,start    ] GC(36) Pause Init Mark (unload classes)
[2026-04-03T03:40:19.138+0600][50.435s][info][gc,task     ] GC(36) Using 6 of 6 workers for init marking
[2026-04-03T03:40:19.138+0600][50.436s][info][gc,ergo     ] GC(36) Pacer for Mark. Expected Live: 222M, Free: 1137M, Non-Taxable: 113M, Alloc Tax Rate: 0.2x
[2026-04-03T03:40:19.138+0600][50.436s][info][gc          ] GC(36) Pause Init Mark (unload classes) 0.235ms
[2026-04-03T03:40:19.138+0600][50.436s][info][gc,start    ] GC(36) Concurrent marking roots
[2026-04-03T03:40:19.138+0600][50.436s][info][gc,task     ] GC(36) Using 3 of 6 workers for concurrent marking roots
[2026-04-03T03:40:19.140+0600][50.437s][info][gc          ] GC(36) Concurrent marking roots 1.225ms
[2026-04-03T03:40:19.140+0600][50.437s][info][gc,start    ] GC(36) Concurrent marking (unload classes)
[2026-04-03T03:40:19.140+0600][50.437s][info][gc,task     ] GC(36) Using 3 of 6 workers for concurrent marking
[2026-04-03T03:40:19.579+0600][50.876s][info][gc          ] GC(36) Concurrent marking (unload classes) 439.093ms
[2026-04-03T03:40:19.579+0600][50.876s][info][gc,start    ] GC(36) Pause Final Mark (unload classes)
[2026-04-03T03:40:19.579+0600][50.876s][info][gc,task     ] GC(36) Using 6 of 6 workers for final marking
[2026-04-03T03:40:19.579+0600][50.877s][info][gc,ergo     ] GC(36) Adaptive CSet Selection. Target Free: 283M, Actual Free: 991M, Max CSet: 85333K, Min Garbage: 0B
[2026-04-03T03:40:19.580+0600][50.877s][info][gc,ergo     ] GC(36) Collectable Garbage: 449M (98%), Immediate: 4096K (0%), CSet: 445M (97%)
[2026-04-03T03:40:19.580+0600][50.877s][info][gc,ergo     ] GC(36) Pacer for Evacuation. Used CSet: 482M, Free: 892M, Non-Taxable: 91402K, Alloc Tax Rate: 1.3x
[2026-04-03T03:40:19.580+0600][50.877s][info][gc          ] GC(36) Pause Final Mark (unload classes) 1.089ms
[2026-04-03T03:40:19.580+0600][50.878s][info][gc,start    ] GC(36) Concurrent thread roots
[2026-04-03T03:40:19.580+0600][50.878s][info][gc,task     ] GC(36) Using 3 of 6 workers for Concurrent thread roots
[2026-04-03T03:40:19.581+0600][50.879s][info][gc          ] GC(36) Concurrent thread roots 0.967ms
[2026-04-03T03:40:19.581+0600][50.879s][info][gc,start    ] GC(36) Concurrent weak references
[2026-04-03T03:40:19.581+0600][50.879s][info][gc,task     ] GC(36) Using 3 of 6 workers for concurrent weak references
[2026-04-03T03:40:19.581+0600][50.879s][info][gc,ref      ] GC(36) Encountered references: Soft: 3155, Weak: 6313, Final: 84, Phantom: 600
[2026-04-03T03:40:19.581+0600][50.879s][info][gc,ref      ] GC(36) Discovered  references: Soft: 0, Weak: 577, Final: 0, Phantom: 278
[2026-04-03T03:40:19.581+0600][50.879s][info][gc,ref      ] GC(36) Enqueued    references: Soft: 0, Weak: 0, Final: 0, Phantom: 0
[2026-04-03T03:40:19.581+0600][50.879s][info][gc          ] GC(36) Concurrent weak references 0.174ms
[2026-04-03T03:40:19.581+0600][50.879s][info][gc,start    ] GC(36) Concurrent weak roots
[2026-04-03T03:40:19.581+0600][50.879s][info][gc,task     ] GC(36) Using 3 of 6 workers for concurrent weak root
[2026-04-03T03:40:19.584+0600][50.882s][info][gc          ] GC(36) Concurrent weak roots 2.750ms
[2026-04-03T03:40:19.584+0600][50.882s][info][gc,start    ] GC(36) Concurrent cleanup
[2026-04-03T03:40:19.585+0600][50.882s][info][gc          ] GC(36) Concurrent cleanup 1008M->1005M(1111M) 0.730ms
[2026-04-03T03:40:19.585+0600][50.882s][info][gc,ergo     ] GC(36) Free: 888M, Max: 512K regular, 384M humongous, Frag: 57% external, 0% internal; Reserve: 102083K, Max: 512K
[2026-04-03T03:40:19.585+0600][50.882s][info][gc,start    ] GC(36) Concurrent class unloading
[2026-04-03T03:40:19.585+0600][50.882s][info][gc,task     ] GC(36) Using 3 of 6 workers for concurrent class unloading
[2026-04-03T03:40:19.592+0600][50.889s][info][gc          ] GC(36) Concurrent class unloading 6.843ms
[2026-04-03T03:40:19.592+0600][50.889s][info][gc,start    ] GC(36) Concurrent strong roots
[2026-04-03T03:40:19.592+0600][50.889s][info][gc,task     ] GC(36) Using 3 of 6 workers for concurrent strong root
[2026-04-03T03:40:19.593+0600][50.890s][info][gc          ] GC(36) Concurrent strong roots 0.862ms
[2026-04-03T03:40:19.593+0600][50.890s][info][gc,start    ] GC(36) Concurrent evacuation
[2026-04-03T03:40:19.593+0600][50.890s][info][gc,task     ] GC(36) Using 3 of 6 workers for concurrent evacuation
[2026-04-03T03:40:19.655+0600][50.952s][info][gc          ] GC(36) Concurrent evacuation 62.028ms
[2026-04-03T03:40:19.655+0600][50.953s][info][gc,start    ] GC(36) Pause Init Update Refs
[2026-04-03T03:40:19.655+0600][50.953s][info][gc,ergo     ] GC(36) Pacer for Update Refs. Used: 1085M, Free: 846M, Non-Taxable: 86641K, Alloc Tax Rate: 1.6x
[2026-04-03T03:40:19.655+0600][50.953s][info][gc          ] GC(36) Pause Init Update Refs 0.131ms
[2026-04-03T03:40:19.655+0600][50.953s][info][gc,start    ] GC(36) Concurrent update references
[2026-04-03T03:40:19.655+0600][50.953s][info][gc,task     ] GC(36) Using 3 of 6 workers for concurrent reference update
[2026-04-03T03:40:19.941+0600][51.239s][info][gc          ] GC(36) Concurrent update references 286.085ms
[2026-04-03T03:40:19.941+0600][51.239s][info][gc,start    ] GC(36) Concurrent update thread roots
[2026-04-03T03:40:19.943+0600][51.240s][info][gc          ] GC(36) Concurrent update thread roots 1.203ms
[2026-04-03T03:40:19.943+0600][51.240s][info][gc,start    ] GC(36) Pause Final Update Refs
[2026-04-03T03:40:19.943+0600][51.241s][info][gc,task     ] GC(36) Using 6 of 6 workers for final reference update
[2026-04-03T03:40:19.943+0600][51.241s][info][gc          ] GC(36) Pause Final Update Refs 0.211ms
[2026-04-03T03:40:19.943+0600][51.241s][info][gc,start    ] GC(36) Concurrent cleanup
[2026-04-03T03:40:19.944+0600][51.242s][info][gc          ] GC(36) Concurrent cleanup 1191M->709M(1199M) 0.950ms
[2026-04-03T03:40:19.944+0600][51.242s][info][gc,ergo     ] Free: 1183M, Max: 512K regular, 353M humongous, Frag: 71% external, 0% internal; Reserve: 100M, Max: 512K
[2026-04-03T03:40:19.944+0600][51.242s][info][gc,stats    ] 
[2026-04-03T03:40:19.944+0600][51.242s][info][gc,stats    ] All times are wall-clock times, except per-root-class counters, that are sum over
[2026-04-03T03:40:19.944+0600][51.242s][info][gc,stats    ] all workers. Dividing the <total> over the root stage time estimates parallelism.
[2026-04-03T03:40:19.944+0600][51.242s][info][gc,stats    ] 
[2026-04-03T03:40:19.944+0600][51.242s][info][gc,stats    ] Concurrent Reset                   2587 us
[2026-04-03T03:40:19.944+0600][51.242s][info][gc,stats    ] Pause Init Mark (G)                 641 us
[2026-04-03T03:40:19.945+0600][51.242s][info][gc,stats    ] Pause Init Mark (N)                 253 us
[2026-04-03T03:40:19.945+0600][51.242s][info][gc,stats    ]   Update Region States               57 us
[2026-04-03T03:40:19.945+0600][51.242s][info][gc,stats    ] Concurrent Mark Roots              1278 us, parallelism: 1.71x
[2026-04-03T03:40:19.945+0600][51.242s][info][gc,stats    ]   CMR: <total>                     2191 us
[2026-04-03T03:40:19.945+0600][51.242s][info][gc,stats    ]   CMR: Thread Roots                1808 us, workers (us): 418, 702, 688, ---, ---, ---, 
[2026-04-03T03:40:19.945+0600][51.242s][info][gc,stats    ]   CMR: VM Strong Roots               95 us, workers (us):  56,  38,   1, ---, ---, ---, 
[2026-04-03T03:40:19.945+0600][51.242s][info][gc,stats    ]   CMR: CLDG Roots                   288 us, workers (us): 288, ---, ---, ---, ---, ---, 
[2026-04-03T03:40:19.945+0600][51.242s][info][gc,stats    ] Concurrent Marking               439196 us
[2026-04-03T03:40:19.945+0600][51.242s][info][gc,stats    ] Pause Final Mark (G)               1340 us
[2026-04-03T03:40:19.945+0600][51.242s][info][gc,stats    ] Pause Final Mark (N)               1104 us
[2026-04-03T03:40:19.945+0600][51.242s][info][gc,stats    ]   Finish Mark                       260 us
[2026-04-03T03:40:19.945+0600][51.242s][info][gc,stats    ]   Update Region States               78 us
[2026-04-03T03:40:19.945+0600][51.242s][info][gc,stats    ]   Choose Collection Set             579 us
[2026-04-03T03:40:19.945+0600][51.242s][info][gc,stats    ]   Rebuild Free Set                   58 us
[2026-04-03T03:40:19.945+0600][51.242s][info][gc,stats    ] Concurrent Thread Roots            1020 us, parallelism: 2.07x
[2026-04-03T03:40:19.945+0600][51.242s][info][gc,stats    ]   CTR: <total>                     2114 us
[2026-04-03T03:40:19.945+0600][51.242s][info][gc,stats    ]   CTR: Thread Roots                2114 us, workers (us): 727, 714, 673, ---, ---, ---, 
[2026-04-03T03:40:19.945+0600][51.242s][info][gc,stats    ] Concurrent Weak References          182 us, parallelism: 0.60x
[2026-04-03T03:40:19.945+0600][51.242s][info][gc,stats    ]   CWRF: <total>                     110 us
[2026-04-03T03:40:19.945+0600][51.242s][info][gc,stats    ]   CWRF: Weak References             110 us, workers (us):  60,  33,  17, ---, ---, ---, 
[2026-04-03T03:40:19.945+0600][51.242s][info][gc,stats    ] Concurrent Weak Roots              2814 us
[2026-04-03T03:40:19.945+0600][51.242s][info][gc,stats    ]   Roots                            2432 us, parallelism: 2.57x
[2026-04-03T03:40:19.945+0600][51.242s][info][gc,stats    ]     CWR: <total>                   6243 us
[2026-04-03T03:40:19.945+0600][51.242s][info][gc,stats    ]     CWR: Code Cache Roots          4395 us, workers (us): 1460, 1481, 1455, ---, ---, ---, 
[2026-04-03T03:40:19.945+0600][51.242s][info][gc,stats    ]     CWR: VM Weak Roots             1768 us, workers (us): 603, 601, 564, ---, ---, ---, 
[2026-04-03T03:40:19.945+0600][51.242s][info][gc,stats    ]     CWR: CLDG Roots                  80 us, workers (us): ---, ---,  80, ---, ---, ---, 
[2026-04-03T03:40:19.945+0600][51.242s][info][gc,stats    ]   Rendezvous                        297 us
[2026-04-03T03:40:19.945+0600][51.242s][info][gc,stats    ] Concurrent Cleanup                  748 us
[2026-04-03T03:40:19.945+0600][51.242s][info][gc,stats    ] Concurrent Class Unloading         6933 us
[2026-04-03T03:40:19.945+0600][51.242s][info][gc,stats    ]   Unlink Stale                     6425 us
[2026-04-03T03:40:19.945+0600][51.242s][info][gc,stats    ]     System Dictionary                84 us
[2026-04-03T03:40:19.945+0600][51.242s][info][gc,stats    ]     Weak Class Links                  0 us
[2026-04-03T03:40:19.945+0600][51.242s][info][gc,stats    ]     Code Roots                     6339 us
[2026-04-03T03:40:19.945+0600][51.242s][info][gc,stats    ]   Rendezvous                        371 us
[2026-04-03T03:40:19.945+0600][51.242s][info][gc,stats    ]   Purge Unlinked                     17 us
[2026-04-03T03:40:19.945+0600][51.242s][info][gc,stats    ]     Code Roots                        6 us
[2026-04-03T03:40:19.945+0600][51.242s][info][gc,stats    ]     CLDG                             11 us
[2026-04-03T03:40:19.945+0600][51.242s][info][gc,stats    ]     Exception Caches                  0 us
[2026-04-03T03:40:19.945+0600][51.242s][info][gc,stats    ] Concurrent Strong Roots             925 us, parallelism: 0.55x
[2026-04-03T03:40:19.945+0600][51.242s][info][gc,stats    ]   CSR: <total>                      506 us
[2026-04-03T03:40:19.945+0600][51.242s][info][gc,stats    ]   CSR: VM Strong Roots               60 us, workers (us):  33,  26,   0, ---, ---, ---, 
[2026-04-03T03:40:19.945+0600][51.242s][info][gc,stats    ]   CSR: CLDG Roots                   446 us, workers (us): 446, ---, ---, ---, ---, ---, 
[2026-04-03T03:40:19.945+0600][51.242s][info][gc,stats    ] Concurrent Evacuation             62101 us
[2026-04-03T03:40:19.945+0600][51.242s][info][gc,stats    ] Pause Init Update Refs (G)          352 us
[2026-04-03T03:40:19.945+0600][51.242s][info][gc,stats    ] Pause Init Update Refs (N)          144 us
[2026-04-03T03:40:19.945+0600][51.242s][info][gc,stats    ]   Manage GCLABs                      23 us
[2026-04-03T03:40:19.945+0600][51.242s][info][gc,stats    ] Concurrent Update Refs           286179 us
[2026-04-03T03:40:19.945+0600][51.242s][info][gc,stats    ] Concurrent Update Thread Roots     1265 us
[2026-04-03T03:40:19.945+0600][51.242s][info][gc,stats    ] Pause Final Update Refs (G)         706 us
[2026-04-03T03:40:19.945+0600][51.242s][info][gc,stats    ] Pause Final Update Refs (N)         223 us
[2026-04-03T03:40:19.945+0600][51.242s][info][gc,stats    ]   Update Region States               70 us
[2026-04-03T03:40:19.945+0600][51.242s][info][gc,stats    ]   Trash Collection Set               19 us
[2026-04-03T03:40:19.945+0600][51.242s][info][gc,stats    ]   Rebuild Free Set                   45 us
[2026-04-03T03:40:19.945+0600][51.242s][info][gc,stats    ] Concurrent Cleanup                  973 us
[2026-04-03T03:40:19.945+0600][51.242s][info][gc,stats    ] Pacing                           260361 us
[2026-04-03T03:40:19.945+0600][51.242s][info][gc,stats    ] 
[2026-04-03T03:40:19.945+0600][51.242s][info][gc,stats    ] Allocation pacing accrued:
[2026-04-03T03:40:19.945+0600][51.242s][info][gc,stats    ]      99 of   811 ms ( 12.2%): Executor task launch worker for task 1.0 in stage 27.0 (TID 40)
[2026-04-03T03:40:19.945+0600][51.242s][info][gc,stats    ]      64 of   811 ms (  7.9%): Executor task launch worker for task 2.0 in stage 27.0 (TID 41)
[2026-04-03T03:40:19.945+0600][51.242s][info][gc,stats    ]      98 of   811 ms ( 12.1%): Executor task launch worker for task 0.0 in stage 27.0 (TID 39)
[2026-04-03T03:40:19.945+0600][51.242s][info][gc,stats    ]     260 of   811 ms ( 32.1%): <total>
[2026-04-03T03:40:19.945+0600][51.242s][info][gc,stats    ]       1 of   811 ms (  0.2%): <average total>
[2026-04-03T03:40:19.945+0600][51.242s][info][gc,stats    ]      87 of   811 ms ( 10.7%): <average non-zero>
[2026-04-03T03:40:19.945+0600][51.242s][info][gc,stats    ] 
[2026-04-03T03:40:19.945+0600][51.243s][info][gc,metaspace] Metaspace: 72982K(73920K)->72984K(73920K) NonClass: 63713K(64256K)->63715K(64256K) Class: 9269K(9664K)->9269K(9664K)
[2026-04-03T03:40:19.945+0600][51.243s][info][gc,ergo     ] Pacer for Idle. Initial: 40960K, Alloc Tax Rate: 1.0x
[2026-04-03T03:40:19.946+0600][51.244s][info][gc          ] Trigger: Learning 5 of 5. Free (1183M) is below initial threshold (1400M)
[2026-04-03T03:40:19.946+0600][51.244s][info][gc,ergo     ] Free: 1182M, Max: 512K regular, 353M humongous, Frag: 71% external, 0% internal; Reserve: 100M, Max: 512K
[2026-04-03T03:40:19.946+0600][51.244s][info][gc,start    ] GC(37) Concurrent reset
[2026-04-03T03:40:19.946+0600][51.244s][info][gc,task     ] GC(37) Using 3 of 6 workers for concurrent reset
[2026-04-03T03:40:19.946+0600][51.244s][info][gc,ergo     ] GC(37) Pacer for Reset. Non-Taxable: 2000M
[2026-04-03T03:40:19.949+0600][51.247s][info][gc          ] GC(37) Concurrent reset 3.144ms
[2026-04-03T03:40:19.950+0600][51.247s][info][gc,start    ] GC(37) Pause Init Mark (unload classes)
[2026-04-03T03:40:19.950+0600][51.247s][info][gc,task     ] GC(37) Using 6 of 6 workers for init marking
[2026-04-03T03:40:19.950+0600][51.247s][info][gc,ergo     ] GC(37) Pacer for Mark. Expected Live: 240M, Free: 1181M, Non-Taxable: 118M, Alloc Tax Rate: 0.2x
[2026-04-03T03:40:19.950+0600][51.247s][info][gc          ] GC(37) Pause Init Mark (unload classes) 0.183ms
[2026-04-03T03:40:19.950+0600][51.248s][info][gc,start    ] GC(37) Concurrent marking roots
[2026-04-03T03:40:19.950+0600][51.248s][info][gc,task     ] GC(37) Using 3 of 6 workers for concurrent marking roots
[2026-04-03T03:40:19.952+0600][51.249s][info][gc          ] GC(37) Concurrent marking roots 1.365ms
[2026-04-03T03:40:19.952+0600][51.249s][info][gc,start    ] GC(37) Concurrent marking (unload classes)
[2026-04-03T03:40:19.952+0600][51.249s][info][gc,task     ] GC(37) Using 3 of 6 workers for concurrent marking
[2026-04-03T03:40:20.482+0600][51.779s][info][gc          ] GC(37) Concurrent marking (unload classes) 530.240ms
[2026-04-03T03:40:20.482+0600][51.780s][info][gc,start    ] GC(37) Pause Final Mark (unload classes)
[2026-04-03T03:40:20.482+0600][51.780s][info][gc,task     ] GC(37) Using 6 of 6 workers for final marking
[2026-04-03T03:40:20.483+0600][51.780s][info][gc,ergo     ] GC(37) Adaptive CSet Selection. Target Free: 283M, Actual Free: 1147M, Max CSet: 85333K, Min Garbage: 0B
[2026-04-03T03:40:20.483+0600][51.781s][info][gc,ergo     ] GC(37) Collectable Garbage: 402M (97%), Immediate: 26112K (6%), CSet: 377M (90%)
[2026-04-03T03:40:20.483+0600][51.781s][info][gc,ergo     ] GC(37) Pacer for Evacuation. Used CSet: 420M, Free: 1049M, Non-Taxable: 104M, Alloc Tax Rate: 1.1x
[2026-04-03T03:40:20.483+0600][51.781s][info][gc          ] GC(37) Pause Final Mark (unload classes) 1.164ms
[2026-04-03T03:40:20.484+0600][51.781s][info][gc,start    ] GC(37) Concurrent thread roots
[2026-04-03T03:40:20.484+0600][51.781s][info][gc,task     ] GC(37) Using 3 of 6 workers for Concurrent thread roots
[2026-04-03T03:40:20.485+0600][51.782s][info][gc          ] GC(37) Concurrent thread roots 1.131ms
[2026-04-03T03:40:20.485+0600][51.782s][info][gc,start    ] GC(37) Concurrent weak references
[2026-04-03T03:40:20.485+0600][51.782s][info][gc,task     ] GC(37) Using 3 of 6 workers for concurrent weak references
[2026-04-03T03:40:20.485+0600][51.783s][info][gc,ref      ] GC(37) Encountered references: Soft: 3157, Weak: 6314, Final: 84, Phantom: 600
[2026-04-03T03:40:20.485+0600][51.783s][info][gc,ref      ] GC(37) Discovered  references: Soft: 0, Weak: 1076, Final: 2, Phantom: 597
[2026-04-03T03:40:20.485+0600][51.783s][info][gc,ref      ] GC(37) Enqueued    references: Soft: 0, Weak: 1, Final: 0, Phantom: 0
[2026-04-03T03:40:20.485+0600][51.783s][info][gc          ] GC(37) Concurrent weak references 0.401ms
[2026-04-03T03:40:20.485+0600][51.783s][info][gc,start    ] GC(37) Concurrent weak roots
[2026-04-03T03:40:20.485+0600][51.783s][info][gc,task     ] GC(37) Using 3 of 6 workers for concurrent weak root
[2026-04-03T03:40:20.488+0600][51.786s][info][gc          ] GC(37) Concurrent weak roots 2.886ms
[2026-04-03T03:40:20.488+0600][51.786s][info][gc,start    ] GC(37) Concurrent cleanup
[2026-04-03T03:40:20.489+0600][51.786s][info][gc          ] GC(37) Concurrent cleanup 870M->845M(1199M) 0.294ms
[2026-04-03T03:40:20.489+0600][51.786s][info][gc,ergo     ] GC(37) Free: 1049M, Max: 512K regular, 363M humongous, Frag: 66% external, 0% internal; Reserve: 101376K, Max: 512K
[2026-04-03T03:40:20.489+0600][51.786s][info][gc,start    ] GC(37) Concurrent class unloading
[2026-04-03T03:40:20.489+0600][51.786s][info][gc,task     ] GC(37) Using 3 of 6 workers for concurrent class unloading
[2026-04-03T03:40:20.496+0600][51.793s][info][gc          ] GC(37) Concurrent class unloading 7.228ms
[2026-04-03T03:40:20.496+0600][51.793s][info][gc,start    ] GC(37) Concurrent strong roots
[2026-04-03T03:40:20.496+0600][51.793s][info][gc,task     ] GC(37) Using 3 of 6 workers for concurrent strong root
[2026-04-03T03:40:20.497+0600][51.794s][info][gc          ] GC(37) Concurrent strong roots 0.690ms
[2026-04-03T03:40:20.497+0600][51.794s][info][gc,start    ] GC(37) Concurrent evacuation
[2026-04-03T03:40:20.497+0600][51.794s][info][gc,task     ] GC(37) Using 3 of 6 workers for concurrent evacuation
[2026-04-03T03:40:20.550+0600][51.847s][info][gc          ] GC(37) Concurrent evacuation 52.889ms
[2026-04-03T03:40:20.550+0600][51.847s][info][gc,start    ] GC(37) Pause Init Update Refs
[2026-04-03T03:40:20.550+0600][51.847s][info][gc,ergo     ] GC(37) Pacer for Update Refs. Used: 889M, Free: 1049M, Non-Taxable: 104M, Alloc Tax Rate: 1.1x
[2026-04-03T03:40:20.550+0600][51.847s][info][gc          ] GC(37) Pause Init Update Refs 0.121ms
[2026-04-03T03:40:20.550+0600][51.847s][info][gc,start    ] GC(37) Concurrent update references
[2026-04-03T03:40:20.550+0600][51.847s][info][gc,task     ] GC(37) Using 3 of 6 workers for concurrent reference update
[2026-04-03T03:40:20.801+0600][52.099s][info][gc          ] GC(37) Concurrent update references 251.044ms
[2026-04-03T03:40:20.801+0600][52.099s][info][gc,start    ] GC(37) Concurrent update thread roots
[2026-04-03T03:40:20.802+0600][52.100s][info][gc          ] GC(37) Concurrent update thread roots 1.324ms
[2026-04-03T03:40:20.803+0600][52.100s][info][gc,start    ] GC(37) Pause Final Update Refs
[2026-04-03T03:40:20.803+0600][52.100s][info][gc,task     ] GC(37) Using 6 of 6 workers for final reference update
[2026-04-03T03:40:20.803+0600][52.100s][info][gc          ] GC(37) Pause Final Update Refs 0.256ms
[2026-04-03T03:40:20.803+0600][52.101s][info][gc,start    ] GC(37) Concurrent cleanup
[2026-04-03T03:40:20.804+0600][52.101s][info][gc          ] GC(37) Concurrent cleanup 890M->470M(1222M) 0.916ms
[2026-04-03T03:40:20.804+0600][52.102s][info][gc,ergo     ] Free: 1422M, Max: 512K regular, 371M humongous, Frag: 74% external, 0% internal; Reserve: 100M, Max: 512K
[2026-04-03T03:40:20.804+0600][52.102s][info][gc,stats    ] 
[2026-04-03T03:40:20.804+0600][52.102s][info][gc,stats    ] All times are wall-clock times, except per-root-class counters, that are sum over
[2026-04-03T03:40:20.804+0600][52.102s][info][gc,stats    ] all workers. Dividing the <total> over the root stage time estimates parallelism.
[2026-04-03T03:40:20.804+0600][52.102s][info][gc,stats    ] 
[2026-04-03T03:40:20.804+0600][52.102s][info][gc,stats    ] Concurrent Reset                   3236 us
[2026-04-03T03:40:20.804+0600][52.102s][info][gc,stats    ] Pause Init Mark (G)                 611 us
[2026-04-03T03:40:20.804+0600][52.102s][info][gc,stats    ] Pause Init Mark (N)                 193 us
[2026-04-03T03:40:20.804+0600][52.102s][info][gc,stats    ]   Update Region States               61 us
[2026-04-03T03:40:20.804+0600][52.102s][info][gc,stats    ] Concurrent Mark Roots              1460 us, parallelism: 1.49x
[2026-04-03T03:40:20.804+0600][52.102s][info][gc,stats    ]   CMR: <total>                     2176 us
[2026-04-03T03:40:20.804+0600][52.102s][info][gc,stats    ]   CMR: Thread Roots                1889 us, workers (us): 503, 696, 689, ---, ---, ---, 
[2026-04-03T03:40:20.804+0600][52.102s][info][gc,stats    ]   CMR: VM Strong Roots               42 us, workers (us):  40,   1,   1, ---, ---, ---, 
[2026-04-03T03:40:20.804+0600][52.102s][info][gc,stats    ]   CMR: CLDG Roots                   245 us, workers (us): 245, ---, ---, ---, ---, ---, 
[2026-04-03T03:40:20.804+0600][52.102s][info][gc,stats    ] Concurrent Marking               530365 us
[2026-04-03T03:40:20.804+0600][52.102s][info][gc,stats    ] Pause Final Mark (G)               1616 us
[2026-04-03T03:40:20.804+0600][52.102s][info][gc,stats    ] Pause Final Mark (N)               1215 us
[2026-04-03T03:40:20.804+0600][52.102s][info][gc,stats    ]   Finish Mark                       339 us
[2026-04-03T03:40:20.804+0600][52.102s][info][gc,stats    ]   Update Region States               87 us
[2026-04-03T03:40:20.804+0600][52.102s][info][gc,stats    ]   Choose Collection Set             511 us
[2026-04-03T03:40:20.804+0600][52.102s][info][gc,stats    ]   Rebuild Free Set                   56 us
[2026-04-03T03:40:20.804+0600][52.102s][info][gc,stats    ] Concurrent Thread Roots            1188 us, parallelism: 2.07x
[2026-04-03T03:40:20.804+0600][52.102s][info][gc,stats    ]   CTR: <total>                     2456 us
[2026-04-03T03:40:20.804+0600][52.102s][info][gc,stats    ]   CTR: Thread Roots                2456 us, workers (us): 839, 814, 803, ---, ---, ---, 
[2026-04-03T03:40:20.804+0600][52.102s][info][gc,stats    ] Concurrent Weak References          418 us, parallelism: 0.71x
[2026-04-03T03:40:20.804+0600][52.102s][info][gc,stats    ]   CWRF: <total>                     298 us
[2026-04-03T03:40:20.804+0600][52.102s][info][gc,stats    ]   CWRF: Weak References             298 us, workers (us): 227,  70,   2, ---, ---, ---, 
[2026-04-03T03:40:20.804+0600][52.102s][info][gc,stats    ] Concurrent Weak Roots              2967 us
[2026-04-03T03:40:20.804+0600][52.102s][info][gc,stats    ]   Roots                            2491 us, parallelism: 2.52x
[2026-04-03T03:40:20.804+0600][52.102s][info][gc,stats    ]     CWR: <total>                   6289 us
[2026-04-03T03:40:20.804+0600][52.102s][info][gc,stats    ]     CWR: Code Cache Roots          4422 us, workers (us): 1549, 1469, 1404, ---, ---, ---, 
[2026-04-03T03:40:20.804+0600][52.102s][info][gc,stats    ]     CWR: VM Weak Roots             1774 us, workers (us): 609, 594, 571, ---, ---, ---, 
[2026-04-03T03:40:20.804+0600][52.102s][info][gc,stats    ]     CWR: CLDG Roots                  94 us, workers (us): ---, ---,  94, ---, ---, ---, 
[2026-04-03T03:40:20.804+0600][52.102s][info][gc,stats    ]   Rendezvous                        351 us
[2026-04-03T03:40:20.804+0600][52.102s][info][gc,stats    ] Concurrent Cleanup                  319 us
[2026-04-03T03:40:20.804+0600][52.102s][info][gc,stats    ] Concurrent Class Unloading         7325 us
[2026-04-03T03:40:20.804+0600][52.102s][info][gc,stats    ]   Unlink Stale                     6667 us
[2026-04-03T03:40:20.804+0600][52.102s][info][gc,stats    ]     System Dictionary               166 us
[2026-04-03T03:40:20.804+0600][52.102s][info][gc,stats    ]     Weak Class Links                  1 us
[2026-04-03T03:40:20.804+0600][52.102s][info][gc,stats    ]     Code Roots                     6496 us
[2026-04-03T03:40:20.804+0600][52.102s][info][gc,stats    ]   Rendezvous                        500 us
[2026-04-03T03:40:20.804+0600][52.102s][info][gc,stats    ]   Purge Unlinked                     20 us
[2026-04-03T03:40:20.804+0600][52.102s][info][gc,stats    ]     Code Roots                        6 us
[2026-04-03T03:40:20.804+0600][52.102s][info][gc,stats    ]     CLDG                             13 us
[2026-04-03T03:40:20.804+0600][52.102s][info][gc,stats    ]     Exception Caches                  1 us
[2026-04-03T03:40:20.804+0600][52.102s][info][gc,stats    ] Concurrent Strong Roots             728 us, parallelism: 0.56x
[2026-04-03T03:40:20.804+0600][52.102s][info][gc,stats    ]   CSR: <total>                      411 us
[2026-04-03T03:40:20.804+0600][52.102s][info][gc,stats    ]   CSR: VM Strong Roots               29 us, workers (us):  27,   2,   0, ---, ---, ---, 
[2026-04-03T03:40:20.804+0600][52.102s][info][gc,stats    ]   CSR: CLDG Roots                   381 us, workers (us): 381, ---, ---, ---, ---, ---, 
[2026-04-03T03:40:20.804+0600][52.102s][info][gc,stats    ] Concurrent Evacuation             52944 us
[2026-04-03T03:40:20.805+0600][52.102s][info][gc,stats    ] Pause Init Update Refs (G)          395 us
[2026-04-03T03:40:20.805+0600][52.102s][info][gc,stats    ] Pause Init Update Refs (N)          136 us
[2026-04-03T03:40:20.805+0600][52.102s][info][gc,stats    ]   Manage GCLABs                      24 us
[2026-04-03T03:40:20.805+0600][52.102s][info][gc,stats    ] Concurrent Update Refs           251136 us
[2026-04-03T03:40:20.805+0600][52.102s][info][gc,stats    ] Concurrent Update Thread Roots     1379 us
[2026-04-03T03:40:20.805+0600][52.102s][info][gc,stats    ] Pause Final Update Refs (G)         591 us
[2026-04-03T03:40:20.805+0600][52.102s][info][gc,stats    ] Pause Final Update Refs (N)         271 us
[2026-04-03T03:40:20.805+0600][52.102s][info][gc,stats    ]   Update Region States               63 us
[2026-04-03T03:40:20.805+0600][52.102s][info][gc,stats    ]   Trash Collection Set               20 us
[2026-04-03T03:40:20.805+0600][52.102s][info][gc,stats    ]   Rebuild Free Set                   55 us
[2026-04-03T03:40:20.805+0600][52.102s][info][gc,stats    ] Concurrent Cleanup                  937 us
[2026-04-03T03:40:20.805+0600][52.102s][info][gc,stats    ] 
[2026-04-03T03:40:20.805+0600][52.102s][info][gc,stats    ] Allocation pacing accrued:
[2026-04-03T03:40:20.805+0600][52.102s][info][gc,stats    ]       0 of   860 ms (  0.0%): <total>
[2026-04-03T03:40:20.805+0600][52.102s][info][gc,stats    ]       0 of   860 ms (  0.0%): <average total>
[2026-04-03T03:40:20.805+0600][52.102s][info][gc,stats    ] 
[2026-04-03T03:40:20.805+0600][52.102s][info][gc,metaspace] Metaspace: 72984K(73920K)->72984K(73920K) NonClass: 63715K(64256K)->63715K(64256K) Class: 9269K(9664K)->9269K(9664K)
[2026-04-03T03:40:20.805+0600][52.102s][info][gc,ergo     ] Pacer for Idle. Initial: 40960K, Alloc Tax Rate: 1.0x
[2026-04-03T03:40:21.885+0600][53.182s][info][gc          ] Trigger: Average GC time (1053.42 ms) is above the time for average allocation rate (830 MB/s) to deplete free headroom (874M) (margin of error = 1.81)
[2026-04-03T03:40:21.885+0600][53.182s][info][gc,ergo     ] Free headroom: 974M (free) - 100M (spike) - 0B (penalties) = 874M
[2026-04-03T03:40:21.885+0600][53.182s][info][gc,ergo     ] Free: 974M, Max: 512K regular, 371M humongous, Frag: 62% external, 0% internal; Reserve: 100M, Max: 512K
[2026-04-03T03:40:21.885+0600][53.182s][info][gc,start    ] GC(38) Concurrent reset
[2026-04-03T03:40:21.885+0600][53.182s][info][gc,task     ] GC(38) Using 3 of 6 workers for concurrent reset
[2026-04-03T03:40:21.885+0600][53.182s][info][gc,ergo     ] GC(38) Pacer for Reset. Non-Taxable: 2000M
[2026-04-03T03:40:21.888+0600][53.186s][info][gc          ] GC(38) Concurrent reset 3.079ms
[2026-04-03T03:40:21.888+0600][53.186s][info][gc,start    ] GC(38) Pause Init Mark (unload classes)
[2026-04-03T03:40:21.889+0600][53.186s][info][gc,task     ] GC(38) Using 6 of 6 workers for init marking
[2026-04-03T03:40:21.889+0600][53.186s][info][gc,ergo     ] GC(38) Pacer for Mark. Expected Live: 250M, Free: 972M, Non-Taxable: 99594K, Alloc Tax Rate: 0.3x
[2026-04-03T03:40:21.889+0600][53.186s][info][gc          ] GC(38) Pause Init Mark (unload classes) 0.395ms
[2026-04-03T03:40:21.889+0600][53.186s][info][gc,start    ] GC(38) Concurrent marking roots
[2026-04-03T03:40:21.889+0600][53.186s][info][gc,task     ] GC(38) Using 3 of 6 workers for concurrent marking roots
[2026-04-03T03:40:21.891+0600][53.188s][info][gc          ] GC(38) Concurrent marking roots 1.635ms
[2026-04-03T03:40:21.891+0600][53.188s][info][gc,start    ] GC(38) Concurrent marking (unload classes)
[2026-04-03T03:40:21.891+0600][53.188s][info][gc,task     ] GC(38) Using 3 of 6 workers for concurrent marking
[2026-04-03T03:40:22.225+0600][53.523s][info][gc          ] GC(38) Concurrent marking (unload classes) 334.492ms
[2026-04-03T03:40:22.225+0600][53.523s][info][gc,start    ] GC(38) Pause Final Mark (unload classes)
[2026-04-03T03:40:22.225+0600][53.523s][info][gc,task     ] GC(38) Using 6 of 6 workers for final marking
[2026-04-03T03:40:22.226+0600][53.524s][info][gc,ergo     ] GC(38) Adaptive CSet Selection. Target Free: 283M, Actual Free: 1251M, Max CSet: 85333K, Min Garbage: 0B
[2026-04-03T03:40:22.226+0600][53.524s][info][gc,ergo     ] GC(38) Collectable Garbage: 637M (98%), Immediate: 382M (59%), CSet: 255M (39%)
[2026-04-03T03:40:22.226+0600][53.524s][info][gc,ergo     ] GC(38) Pacer for Evacuation. Used CSet: 338M, Free: 1170M, Non-Taxable: 117M, Alloc Tax Rate: 1.1x
[2026-04-03T03:40:22.226+0600][53.524s][info][gc          ] GC(38) Pause Final Mark (unload classes) 1.056ms
[2026-04-03T03:40:22.227+0600][53.524s][info][gc,start    ] GC(38) Concurrent thread roots
[2026-04-03T03:40:22.227+0600][53.524s][info][gc,task     ] GC(38) Using 3 of 6 workers for Concurrent thread roots
[2026-04-03T03:40:22.228+0600][53.525s][info][gc          ] GC(38) Concurrent thread roots 1.031ms
[2026-04-03T03:40:22.228+0600][53.525s][info][gc,start    ] GC(38) Concurrent weak references
[2026-04-03T03:40:22.228+0600][53.525s][info][gc,task     ] GC(38) Using 3 of 6 workers for concurrent weak references
[2026-04-03T03:40:22.228+0600][53.526s][info][gc,ref      ] GC(38) Encountered references: Soft: 3284, Weak: 6592, Final: 84, Phantom: 600
[2026-04-03T03:40:22.228+0600][53.526s][info][gc,ref      ] GC(38) Discovered  references: Soft: 0, Weak: 1378, Final: 2, Phantom: 597
[2026-04-03T03:40:22.228+0600][53.526s][info][gc,ref      ] GC(38) Enqueued    references: Soft: 0, Weak: 113, Final: 0, Phantom: 0
[2026-04-03T03:40:22.228+0600][53.526s][info][gc          ] GC(38) Concurrent weak references 0.775ms
[2026-04-03T03:40:22.228+0600][53.526s][info][gc,start    ] GC(38) Concurrent weak roots
[2026-04-03T03:40:22.228+0600][53.526s][info][gc,task     ] GC(38) Using 3 of 6 workers for concurrent weak root
[2026-04-03T03:40:22.232+0600][53.530s][info][gc          ] GC(38) Concurrent weak roots 3.962ms
[2026-04-03T03:40:22.233+0600][53.530s][info][gc,start    ] GC(38) Concurrent cleanup
[2026-04-03T03:40:22.233+0600][53.531s][info][gc          ] GC(38) Concurrent cleanup 1106M->724M(1222M) 0.591ms
[2026-04-03T03:40:22.233+0600][53.531s][info][gc,ergo     ] GC(38) Free: 1167M, Max: 512K regular, 419M humongous, Frag: 65% external, 0% internal; Reserve: 101910K, Max: 512K
[2026-04-03T03:40:22.233+0600][53.531s][info][gc,start    ] GC(38) Concurrent class unloading
[2026-04-03T03:40:22.233+0600][53.531s][info][gc,task     ] GC(38) Using 3 of 6 workers for concurrent class unloading
[2026-04-03T03:40:22.244+0600][53.542s][info][gc          ] GC(38) Concurrent class unloading 11.144ms
[2026-04-03T03:40:22.245+0600][53.542s][info][gc,start    ] GC(38) Concurrent strong roots
[2026-04-03T03:40:22.245+0600][53.542s][info][gc,task     ] GC(38) Using 3 of 6 workers for concurrent strong root
[2026-04-03T03:40:22.246+0600][53.543s][info][gc          ] GC(38) Concurrent strong roots 1.033ms
[2026-04-03T03:40:22.246+0600][53.543s][info][gc,start    ] GC(38) Concurrent evacuation
[2026-04-03T03:40:22.246+0600][53.543s][info][gc,task     ] GC(38) Using 3 of 6 workers for concurrent evacuation
[2026-04-03T03:40:22.319+0600][53.616s][info][gc          ] GC(38) Concurrent evacuation 73.148ms
[2026-04-03T03:40:22.319+0600][53.617s][info][gc,start    ] GC(38) Pause Init Update Refs
[2026-04-03T03:40:22.319+0600][53.617s][info][gc,ergo     ] GC(38) Pacer for Update Refs. Used: 857M, Free: 1117M, Non-Taxable: 111M, Alloc Tax Rate: 1.1x
[2026-04-03T03:40:22.319+0600][53.617s][info][gc          ] GC(38) Pause Init Update Refs 0.189ms
[2026-04-03T03:40:22.320+0600][53.617s][info][gc,start    ] GC(38) Concurrent update references
[2026-04-03T03:40:22.320+0600][53.617s][info][gc,task     ] GC(38) Using 3 of 6 workers for concurrent reference update
[2026-04-03T03:40:22.581+0600][53.879s][info][gc          ] GC(38) Concurrent update references 261.511ms
[2026-04-03T03:40:22.581+0600][53.879s][info][gc,start    ] GC(38) Concurrent update thread roots
[2026-04-03T03:40:22.582+0600][53.880s][info][gc          ] GC(38) Concurrent update thread roots 1.192ms
[2026-04-03T03:40:22.605+0600][53.902s][info][gc,start    ] GC(38) Pause Final Update Refs
[2026-04-03T03:40:22.605+0600][53.902s][info][gc,task     ] GC(38) Using 6 of 6 workers for final reference update
[2026-04-03T03:40:22.605+0600][53.902s][info][gc          ] GC(38) Pause Final Update Refs 0.222ms
[2026-04-03T03:40:22.605+0600][53.903s][info][gc,start    ] GC(38) Concurrent cleanup
[2026-04-03T03:40:22.606+0600][53.903s][info][gc          ] GC(38) Concurrent cleanup 1051M->713M(1222M) 0.388ms
[2026-04-03T03:40:22.606+0600][53.903s][info][gc,ergo     ] Free: 1175M, Max: 512K regular, 405M humongous, Frag: 66% external, 0% internal; Reserve: 100M, Max: 512K
[2026-04-03T03:40:22.606+0600][53.903s][info][gc,stats    ] 
[2026-04-03T03:40:22.606+0600][53.903s][info][gc,stats    ] All times are wall-clock times, except per-root-class counters, that are sum over
[2026-04-03T03:40:22.606+0600][53.903s][info][gc,stats    ] all workers. Dividing the <total> over the root stage time estimates parallelism.
[2026-04-03T03:40:22.606+0600][53.903s][info][gc,stats    ] 
[2026-04-03T03:40:22.606+0600][53.903s][info][gc,stats    ] Concurrent Reset                   3187 us
[2026-04-03T03:40:22.606+0600][53.903s][info][gc,stats    ] Pause Init Mark (G)                 792 us
[2026-04-03T03:40:22.606+0600][53.903s][info][gc,stats    ] Pause Init Mark (N)                 409 us
[2026-04-03T03:40:22.606+0600][53.903s][info][gc,stats    ]   Update Region States              101 us
[2026-04-03T03:40:22.606+0600][53.903s][info][gc,stats    ] Concurrent Mark Roots              1708 us, parallelism: 1.79x
[2026-04-03T03:40:22.606+0600][53.903s][info][gc,stats    ]   CMR: <total>                     3052 us
[2026-04-03T03:40:22.606+0600][53.903s][info][gc,stats    ]   CMR: Thread Roots                2518 us, workers (us): 562, 1012, 944, ---, ---, ---, 
[2026-04-03T03:40:22.606+0600][53.903s][info][gc,stats    ]   CMR: VM Strong Roots               64 us, workers (us):  32,  30,   1, ---, ---, ---, 
[2026-04-03T03:40:22.606+0600][53.903s][info][gc,stats    ]   CMR: CLDG Roots                   471 us, workers (us): 471, ---, ---, ---, ---, ---, 
[2026-04-03T03:40:22.606+0600][53.903s][info][gc,stats    ] Concurrent Marking               334605 us
[2026-04-03T03:40:22.606+0600][53.903s][info][gc,stats    ] Pause Final Mark (G)               1319 us
[2026-04-03T03:40:22.606+0600][53.903s][info][gc,stats    ] Pause Final Mark (N)               1071 us
[2026-04-03T03:40:22.606+0600][53.903s][info][gc,stats    ]   Finish Mark                       329 us
[2026-04-03T03:40:22.606+0600][53.903s][info][gc,stats    ]   Update Region States              102 us
[2026-04-03T03:40:22.606+0600][53.903s][info][gc,stats    ]   Choose Collection Set             420 us
[2026-04-03T03:40:22.606+0600][53.903s][info][gc,stats    ]   Rebuild Free Set                   62 us
[2026-04-03T03:40:22.606+0600][53.903s][info][gc,stats    ] Concurrent Thread Roots            1057 us, parallelism: 2.29x
[2026-04-03T03:40:22.606+0600][53.904s][info][gc,stats    ]   CTR: <total>                     2425 us
[2026-04-03T03:40:22.606+0600][53.904s][info][gc,stats    ]   CTR: Thread Roots                2425 us, workers (us): 857, 811, 757, ---, ---, ---, 
[2026-04-03T03:40:22.606+0600][53.904s][info][gc,stats    ] Concurrent Weak References          796 us, parallelism: 0.71x
[2026-04-03T03:40:22.606+0600][53.904s][info][gc,stats    ]   CWRF: <total>                     564 us
[2026-04-03T03:40:22.606+0600][53.904s][info][gc,stats    ]   CWRF: Weak References             564 us, workers (us): 432, 121,  11, ---, ---, ---, 
[2026-04-03T03:40:22.606+0600][53.904s][info][gc,stats    ] Concurrent Weak Roots              4087 us
[2026-04-03T03:40:22.606+0600][53.904s][info][gc,stats    ]   Roots                            3545 us, parallelism: 2.50x
[2026-04-03T03:40:22.606+0600][53.904s][info][gc,stats    ]     CWR: <total>                   8873 us
[2026-04-03T03:40:22.606+0600][53.904s][info][gc,stats    ]     CWR: Code Cache Roots          6343 us, workers (us): 2200, 2056, 2088, ---, ---, ---, 
[2026-04-03T03:40:22.606+0600][53.904s][info][gc,stats    ]     CWR: VM Weak Roots             2428 us, workers (us): 853, 813, 762, ---, ---, ---, 
[2026-04-03T03:40:22.606+0600][53.904s][info][gc,stats    ]     CWR: CLDG Roots                 102 us, workers (us): ---, 102, ---, ---, ---, ---, 
[2026-04-03T03:40:22.606+0600][53.904s][info][gc,stats    ]   Rendezvous                        375 us
[2026-04-03T03:40:22.606+0600][53.904s][info][gc,stats    ] Concurrent Cleanup                  637 us
[2026-04-03T03:40:22.606+0600][53.904s][info][gc,stats    ] Concurrent Class Unloading        11291 us
[2026-04-03T03:40:22.606+0600][53.904s][info][gc,stats    ]   Unlink Stale                    10284 us
[2026-04-03T03:40:22.606+0600][53.904s][info][gc,stats    ]     System Dictionary               225 us
[2026-04-03T03:40:22.606+0600][53.904s][info][gc,stats    ]     Weak Class Links                  1 us
[2026-04-03T03:40:22.606+0600][53.904s][info][gc,stats    ]     Code Roots                    10052 us
[2026-04-03T03:40:22.606+0600][53.904s][info][gc,stats    ]   Rendezvous                        339 us
[2026-04-03T03:40:22.606+0600][53.904s][info][gc,stats    ]   Purge Unlinked                    470 us
[2026-04-03T03:40:22.606+0600][53.904s][info][gc,stats    ]     Code Roots                      450 us
[2026-04-03T03:40:22.606+0600][53.904s][info][gc,stats    ]     CLDG                             18 us
[2026-04-03T03:40:22.606+0600][53.904s][info][gc,stats    ]     Exception Caches                  0 us
[2026-04-03T03:40:22.606+0600][53.904s][info][gc,stats    ] Concurrent Strong Roots            1094 us, parallelism: 0.59x
[2026-04-03T03:40:22.606+0600][53.904s][info][gc,stats    ]   CSR: <total>                      645 us
[2026-04-03T03:40:22.606+0600][53.904s][info][gc,stats    ]   CSR: VM Strong Roots               49 us, workers (us):  31,  18,   0, ---, ---, ---, 
[2026-04-03T03:40:22.606+0600][53.904s][info][gc,stats    ]   CSR: CLDG Roots                   596 us, workers (us): ---, 596, ---, ---, ---, ---, 
[2026-04-03T03:40:22.606+0600][53.904s][info][gc,stats    ] Concurrent Evacuation             73264 us
[2026-04-03T03:40:22.606+0600][53.904s][info][gc,stats    ] Pause Init Update Refs (G)          652 us
[2026-04-03T03:40:22.606+0600][53.904s][info][gc,stats    ] Pause Init Update Refs (N)          204 us
[2026-04-03T03:40:22.606+0600][53.904s][info][gc,stats    ]   Manage GCLABs                      46 us
[2026-04-03T03:40:22.606+0600][53.904s][info][gc,stats    ] Concurrent Update Refs           261638 us
[2026-04-03T03:40:22.606+0600][53.904s][info][gc,stats    ] Concurrent Update Thread Roots    23298 us
[2026-04-03T03:40:22.606+0600][53.904s][info][gc,stats    ] Pause Final Update Refs (G)         696 us
[2026-04-03T03:40:22.606+0600][53.904s][info][gc,stats    ] Pause Final Update Refs (N)         236 us
[2026-04-03T03:40:22.606+0600][53.904s][info][gc,stats    ]   Update Region States               54 us
[2026-04-03T03:40:22.606+0600][53.904s][info][gc,stats    ]   Trash Collection Set               14 us
[2026-04-03T03:40:22.606+0600][53.904s][info][gc,stats    ]   Rebuild Free Set                   42 us
[2026-04-03T03:40:22.606+0600][53.904s][info][gc,stats    ] Concurrent Cleanup                  410 us
[2026-04-03T03:40:22.606+0600][53.904s][info][gc,stats    ] Pacing                            93798 us
[2026-04-03T03:40:22.606+0600][53.904s][info][gc,stats    ] 
[2026-04-03T03:40:22.606+0600][53.904s][info][gc,stats    ] Allocation pacing accrued:
[2026-04-03T03:40:22.606+0600][53.904s][info][gc,stats    ]      32 of  1802 ms (  1.8%): Executor task launch worker for task 0.0 in stage 28.0 (TID 42)
[2026-04-03T03:40:22.606+0600][53.904s][info][gc,stats    ]      31 of  1802 ms (  1.7%): Executor task launch worker for task 2.0 in stage 28.0 (TID 44)
[2026-04-03T03:40:22.606+0600][53.904s][info][gc,stats    ]      32 of  1802 ms (  1.8%): Executor task launch worker for task 1.0 in stage 28.0 (TID 43)
[2026-04-03T03:40:22.606+0600][53.904s][info][gc,stats    ]      94 of  1802 ms (  5.2%): <total>
[2026-04-03T03:40:22.606+0600][53.904s][info][gc,stats    ]       0 of  1802 ms (  0.0%): <average total>
[2026-04-03T03:40:22.606+0600][53.904s][info][gc,stats    ]      31 of  1802 ms (  1.7%): <average non-zero>
[2026-04-03T03:40:22.606+0600][53.904s][info][gc,stats    ] 
[2026-04-03T03:40:22.606+0600][53.904s][info][gc,metaspace] Metaspace: 73033K(73920K)->73034K(73920K) NonClass: 63761K(64256K)->63762K(64256K) Class: 9272K(9664K)->9272K(9664K)
[2026-04-03T03:40:22.606+0600][53.904s][info][gc,ergo     ] Pacer for Idle. Initial: 40960K, Alloc Tax Rate: 1.0x
[2026-04-03T03:40:22.809+0600][54.106s][info][gc          ] Trigger: Average GC time (952.93 ms) is above the time for average allocation rate (951 MB/s) to deplete free headroom (872M) (margin of error = 1.82)
[2026-04-03T03:40:22.809+0600][54.106s][info][gc,ergo     ] Free headroom: 972M (free) - 100M (spike) - 0B (penalties) = 872M
[2026-04-03T03:40:22.809+0600][54.106s][info][gc,ergo     ] Free: 972M, Max: 512K regular, 405M humongous, Frag: 59% external, 0% internal; Reserve: 100M, Max: 512K
[2026-04-03T03:40:22.809+0600][54.106s][info][gc,start    ] GC(39) Concurrent reset
[2026-04-03T03:40:22.809+0600][54.106s][info][gc,task     ] GC(39) Using 3 of 6 workers for concurrent reset
[2026-04-03T03:40:22.809+0600][54.106s][info][gc,ergo     ] GC(39) Pacer for Reset. Non-Taxable: 2000M
[2026-04-03T03:40:22.811+0600][54.109s][info][gc          ] GC(39) Concurrent reset 2.486ms
[2026-04-03T03:40:22.812+0600][54.109s][info][gc,start    ] GC(39) Pause Init Mark (unload classes)
[2026-04-03T03:40:22.812+0600][54.109s][info][gc,task     ] GC(39) Using 6 of 6 workers for init marking
[2026-04-03T03:40:22.812+0600][54.109s][info][gc,ergo     ] GC(39) Pacer for Mark. Expected Live: 273M, Free: 970M, Non-Taxable: 99391K, Alloc Tax Rate: 0.3x
[2026-04-03T03:40:22.812+0600][54.109s][info][gc          ] GC(39) Pause Init Mark (unload classes) 0.297ms
[2026-04-03T03:40:22.812+0600][54.110s][info][gc,start    ] GC(39) Concurrent marking roots
[2026-04-03T03:40:22.812+0600][54.110s][info][gc,task     ] GC(39) Using 3 of 6 workers for concurrent marking roots
[2026-04-03T03:40:22.814+0600][54.111s][info][gc          ] GC(39) Concurrent marking roots 1.477ms
[2026-04-03T03:40:22.814+0600][54.111s][info][gc,start    ] GC(39) Concurrent marking (unload classes)
[2026-04-03T03:40:22.814+0600][54.111s][info][gc,task     ] GC(39) Using 3 of 6 workers for concurrent marking
[2026-04-03T03:40:23.232+0600][54.530s][info][gc          ] GC(39) Concurrent marking (unload classes) 418.787ms
[2026-04-03T03:40:23.233+0600][54.530s][info][gc,start    ] GC(39) Pause Final Mark (unload classes)
[2026-04-03T03:40:23.233+0600][54.530s][info][gc,task     ] GC(39) Using 6 of 6 workers for final marking
[2026-04-03T03:40:23.233+0600][54.530s][info][gc,ergo     ] GC(39) Adaptive CSet Selection. Target Free: 283M, Actual Free: 894M, Max CSet: 85333K, Min Garbage: 0B
[2026-04-03T03:40:23.233+0600][54.531s][info][gc,ergo     ] GC(39) Collectable Garbage: 627M (99%), Immediate: 23040K (3%), CSet: 604M (95%)
[2026-04-03T03:40:23.233+0600][54.531s][info][gc,ergo     ] GC(39) Pacer for Evacuation. Used CSet: 666M, Free: 800M, Non-Taxable: 81983K, Alloc Tax Rate: 2.0x
[2026-04-03T03:40:23.233+0600][54.531s][info][gc          ] GC(39) Pause Final Mark (unload classes) 0.848ms
[2026-04-03T03:40:23.234+0600][54.531s][info][gc,start    ] GC(39) Concurrent thread roots
[2026-04-03T03:40:23.234+0600][54.531s][info][gc,task     ] GC(39) Using 3 of 6 workers for Concurrent thread roots
[2026-04-03T03:40:23.234+0600][54.532s][info][gc          ] GC(39) Concurrent thread roots 0.713ms
[2026-04-03T03:40:23.234+0600][54.532s][info][gc,start    ] GC(39) Concurrent weak references
[2026-04-03T03:40:23.234+0600][54.532s][info][gc,task     ] GC(39) Using 3 of 6 workers for concurrent weak references
[2026-04-03T03:40:23.234+0600][54.532s][info][gc,ref      ] GC(39) Encountered references: Soft: 3284, Weak: 6487, Final: 84, Phantom: 600
[2026-04-03T03:40:23.235+0600][54.532s][info][gc,ref      ] GC(39) Discovered  references: Soft: 0, Weak: 681, Final: 0, Phantom: 597
[2026-04-03T03:40:23.235+0600][54.532s][info][gc,ref      ] GC(39) Enqueued    references: Soft: 0, Weak: 79, Final: 0, Phantom: 0
[2026-04-03T03:40:23.235+0600][54.532s][info][gc          ] GC(39) Concurrent weak references 0.280ms
[2026-04-03T03:40:23.235+0600][54.532s][info][gc,start    ] GC(39) Concurrent weak roots
[2026-04-03T03:40:23.235+0600][54.532s][info][gc,task     ] GC(39) Using 3 of 6 workers for concurrent weak root
[2026-04-03T03:40:23.237+0600][54.534s][info][gc          ] GC(39) Concurrent weak roots 1.945ms
[2026-04-03T03:40:23.237+0600][54.534s][info][gc,start    ] GC(39) Concurrent cleanup
[2026-04-03T03:40:23.237+0600][54.535s][info][gc          ] GC(39) Concurrent cleanup 1120M->1097M(1222M) 0.571ms
[2026-04-03T03:40:23.237+0600][54.535s][info][gc,ergo     ] GC(39) Free: 797M, Max: 512K regular, 405M humongous, Frag: 50% external, 0% internal; Reserve: 101630K, Max: 512K
[2026-04-03T03:40:23.237+0600][54.535s][info][gc,start    ] GC(39) Concurrent class unloading
[2026-04-03T03:40:23.237+0600][54.535s][info][gc,task     ] GC(39) Using 3 of 6 workers for concurrent class unloading
[2026-04-03T03:40:23.243+0600][54.541s][info][gc          ] GC(39) Concurrent class unloading 6.209ms
[2026-04-03T03:40:23.243+0600][54.541s][info][gc,start    ] GC(39) Concurrent strong roots
[2026-04-03T03:40:23.243+0600][54.541s][info][gc,task     ] GC(39) Using 3 of 6 workers for concurrent strong root
[2026-04-03T03:40:23.244+0600][54.542s][info][gc          ] GC(39) Concurrent strong roots 0.614ms
[2026-04-03T03:40:23.244+0600][54.542s][info][gc,start    ] GC(39) Concurrent evacuation
[2026-04-03T03:40:23.244+0600][54.542s][info][gc,task     ] GC(39) Using 3 of 6 workers for concurrent evacuation
[2026-04-03T03:40:23.306+0600][54.604s][info][gc          ] GC(39) Concurrent evacuation 62.333ms
[2026-04-03T03:40:23.307+0600][54.604s][info][gc,start    ] GC(39) Pause Init Update Refs
[2026-04-03T03:40:23.307+0600][54.604s][info][gc,ergo     ] GC(39) Pacer for Update Refs. Used: 1200M, Free: 757M, Non-Taxable: 77580K, Alloc Tax Rate: 1.9x
[2026-04-03T03:40:23.307+0600][54.604s][info][gc          ] GC(39) Pause Init Update Refs 0.134ms
[2026-04-03T03:40:23.307+0600][54.604s][info][gc,start    ] GC(39) Concurrent update references
[2026-04-03T03:40:23.307+0600][54.604s][info][gc,task     ] GC(39) Using 3 of 6 workers for concurrent reference update
[2026-04-03T03:40:23.573+0600][54.870s][info][gc          ] GC(39) Concurrent update references 265.815ms
[2026-04-03T03:40:23.573+0600][54.870s][info][gc,start    ] GC(39) Concurrent update thread roots
[2026-04-03T03:40:23.574+0600][54.872s][info][gc          ] GC(39) Concurrent update thread roots 1.498ms
[2026-04-03T03:40:23.575+0600][54.872s][info][gc,start    ] GC(39) Pause Final Update Refs
[2026-04-03T03:40:23.575+0600][54.872s][info][gc,task     ] GC(39) Using 6 of 6 workers for final reference update
[2026-04-03T03:40:23.575+0600][54.872s][info][gc          ] GC(39) Pause Final Update Refs 0.275ms
[2026-04-03T03:40:23.575+0600][54.873s][info][gc,start    ] GC(39) Concurrent cleanup
[2026-04-03T03:40:23.576+0600][54.874s][info][gc          ] GC(39) Concurrent cleanup 1338M->673M(1368M) 1.012ms
[2026-04-03T03:40:23.576+0600][54.874s][info][gc,ergo     ] Free: 1221M, Max: 512K regular, 369M humongous, Frag: 70% external, 0% internal; Reserve: 100M, Max: 512K
[2026-04-03T03:40:23.576+0600][54.874s][info][gc,stats    ] 
[2026-04-03T03:40:23.576+0600][54.874s][info][gc,stats    ] All times are wall-clock times, except per-root-class counters, that are sum over
[2026-04-03T03:40:23.576+0600][54.874s][info][gc,stats    ] all workers. Dividing the <total> over the root stage time estimates parallelism.
[2026-04-03T03:40:23.576+0600][54.874s][info][gc,stats    ] 
[2026-04-03T03:40:23.576+0600][54.874s][info][gc,stats    ] Concurrent Reset                   2595 us
[2026-04-03T03:40:23.576+0600][54.874s][info][gc,stats    ] Pause Init Mark (G)                 613 us
[2026-04-03T03:40:23.576+0600][54.874s][info][gc,stats    ] Pause Init Mark (N)                 311 us
[2026-04-03T03:40:23.576+0600][54.874s][info][gc,stats    ]   Update Region States              113 us
[2026-04-03T03:40:23.576+0600][54.874s][info][gc,stats    ] Concurrent Mark Roots              1529 us, parallelism: 1.87x
[2026-04-03T03:40:23.576+0600][54.874s][info][gc,stats    ]   CMR: <total>                     2855 us
[2026-04-03T03:40:23.576+0600][54.874s][info][gc,stats    ]   CMR: Thread Roots                2320 us, workers (us): 933, 463, 924, ---, ---, ---, 
[2026-04-03T03:40:23.576+0600][54.874s][info][gc,stats    ]   CMR: VM Strong Roots               56 us, workers (us):  50,   4,   2, ---, ---, ---, 
[2026-04-03T03:40:23.576+0600][54.874s][info][gc,stats    ]   CMR: CLDG Roots                   479 us, workers (us): ---, 479, ---, ---, ---, ---, 
[2026-04-03T03:40:23.576+0600][54.874s][info][gc,stats    ] Concurrent Marking               418877 us
[2026-04-03T03:40:23.576+0600][54.874s][info][gc,stats    ] Pause Final Mark (G)               1082 us
[2026-04-03T03:40:23.576+0600][54.874s][info][gc,stats    ] Pause Final Mark (N)                857 us
[2026-04-03T03:40:23.576+0600][54.874s][info][gc,stats    ]   Finish Mark                       210 us
[2026-04-03T03:40:23.576+0600][54.874s][info][gc,stats    ]   Update Region States               67 us
[2026-04-03T03:40:23.576+0600][54.874s][info][gc,stats    ]   Choose Collection Set             439 us
[2026-04-03T03:40:23.576+0600][54.874s][info][gc,stats    ]   Rebuild Free Set                   35 us
[2026-04-03T03:40:23.576+0600][54.874s][info][gc,stats    ] Concurrent Thread Roots             735 us, parallelism: 2.12x
[2026-04-03T03:40:23.576+0600][54.874s][info][gc,stats    ]   CTR: <total>                     1563 us
[2026-04-03T03:40:23.576+0600][54.874s][info][gc,stats    ]   CTR: Thread Roots                1563 us, workers (us): 560, 493, 510, ---, ---, ---, 
[2026-04-03T03:40:23.576+0600][54.874s][info][gc,stats    ] Concurrent Weak References          289 us, parallelism: 0.54x
[2026-04-03T03:40:23.576+0600][54.874s][info][gc,stats    ]   CWRF: <total>                     156 us
[2026-04-03T03:40:23.576+0600][54.874s][info][gc,stats    ]   CWRF: Weak References             156 us, workers (us): 100,  50,   6, ---, ---, ---, 
[2026-04-03T03:40:23.576+0600][54.874s][info][gc,stats    ] Concurrent Weak Roots              1973 us
[2026-04-03T03:40:23.576+0600][54.874s][info][gc,stats    ]   Roots                            1746 us, parallelism: 2.58x
[2026-04-03T03:40:23.576+0600][54.874s][info][gc,stats    ]     CWR: <total>                   4506 us
[2026-04-03T03:40:23.576+0600][54.874s][info][gc,stats    ]     CWR: Code Cache Roots          3255 us, workers (us): 1151, 1108, 996, ---, ---, ---, 
[2026-04-03T03:40:23.576+0600][54.874s][info][gc,stats    ]     CWR: VM Weak Roots             1136 us, workers (us): 417, 376, 344, ---, ---, ---, 
[2026-04-03T03:40:23.576+0600][54.874s][info][gc,stats    ]     CWR: CLDG Roots                 114 us, workers (us): ---, ---, 114, ---, ---, ---, 
[2026-04-03T03:40:23.576+0600][54.874s][info][gc,stats    ]   Rendezvous                        182 us
[2026-04-03T03:40:23.576+0600][54.874s][info][gc,stats    ] Concurrent Cleanup                  582 us
[2026-04-03T03:40:23.576+0600][54.874s][info][gc,stats    ] Concurrent Class Unloading         6287 us
[2026-04-03T03:40:23.576+0600][54.874s][info][gc,stats    ]   Unlink Stale                     5851 us
[2026-04-03T03:40:23.576+0600][54.874s][info][gc,stats    ]     System Dictionary                81 us
[2026-04-03T03:40:23.576+0600][54.874s][info][gc,stats    ]     Weak Class Links                  0 us
[2026-04-03T03:40:23.576+0600][54.874s][info][gc,stats    ]     Code Roots                     5767 us
[2026-04-03T03:40:23.576+0600][54.874s][info][gc,stats    ]   Rendezvous                        320 us
[2026-04-03T03:40:23.576+0600][54.874s][info][gc,stats    ]   Purge Unlinked                     15 us
[2026-04-03T03:40:23.576+0600][54.874s][info][gc,stats    ]     Code Roots                        5 us
[2026-04-03T03:40:23.576+0600][54.874s][info][gc,stats    ]     CLDG                              9 us
[2026-04-03T03:40:23.576+0600][54.874s][info][gc,stats    ]     Exception Caches                  0 us
[2026-04-03T03:40:23.577+0600][54.874s][info][gc,stats    ] Concurrent Strong Roots             645 us, parallelism: 0.58x
[2026-04-03T03:40:23.577+0600][54.874s][info][gc,stats    ]   CSR: <total>                      373 us
[2026-04-03T03:40:23.577+0600][54.874s][info][gc,stats    ]   CSR: VM Strong Roots               51 us, workers (us):  44,   7,   0, ---, ---, ---, 
[2026-04-03T03:40:23.577+0600][54.874s][info][gc,stats    ]   CSR: CLDG Roots                   322 us, workers (us): 322, ---, ---, ---, ---, ---, 
[2026-04-03T03:40:23.577+0600][54.874s][info][gc,stats    ] Concurrent Evacuation             62421 us
[2026-04-03T03:40:23.577+0600][54.874s][info][gc,stats    ] Pause Init Update Refs (G)          404 us
[2026-04-03T03:40:23.577+0600][54.874s][info][gc,stats    ] Pause Init Update Refs (N)          146 us
[2026-04-03T03:40:23.577+0600][54.874s][info][gc,stats    ]   Manage GCLABs                      25 us
[2026-04-03T03:40:23.577+0600][54.874s][info][gc,stats    ] Concurrent Update Refs           265945 us
[2026-04-03T03:40:23.577+0600][54.874s][info][gc,stats    ] Concurrent Update Thread Roots     1560 us
[2026-04-03T03:40:23.577+0600][54.874s][info][gc,stats    ] Pause Final Update Refs (G)         606 us
[2026-04-03T03:40:23.577+0600][54.874s][info][gc,stats    ] Pause Final Update Refs (N)         291 us
[2026-04-03T03:40:23.577+0600][54.874s][info][gc,stats    ]   Update Region States              122 us
[2026-04-03T03:40:23.577+0600][54.874s][info][gc,stats    ]   Trash Collection Set               25 us
[2026-04-03T03:40:23.577+0600][54.874s][info][gc,stats    ]   Rebuild Free Set                   47 us
[2026-04-03T03:40:23.577+0600][54.874s][info][gc,stats    ] Concurrent Cleanup                 1037 us
[2026-04-03T03:40:23.577+0600][54.874s][info][gc,stats    ] Pacing                           403952 us
[2026-04-03T03:40:23.577+0600][54.874s][info][gc,stats    ] 
[2026-04-03T03:40:23.577+0600][54.874s][info][gc,stats    ] Allocation pacing accrued:
[2026-04-03T03:40:23.577+0600][54.874s][info][gc,stats    ]     137 of   970 ms ( 14.1%): Executor task launch worker for task 0.0 in stage 28.0 (TID 42)
[2026-04-03T03:40:23.577+0600][54.874s][info][gc,stats    ]     135 of   970 ms ( 13.9%): Executor task launch worker for task 2.0 in stage 28.0 (TID 44)
[2026-04-03T03:40:23.577+0600][54.874s][info][gc,stats    ]     132 of   970 ms ( 13.6%): Executor task launch worker for task 1.0 in stage 28.0 (TID 43)
[2026-04-03T03:40:23.577+0600][54.874s][info][gc,stats    ]     404 of   970 ms ( 41.6%): <total>
[2026-04-03T03:40:23.577+0600][54.874s][info][gc,stats    ]       2 of   970 ms (  0.2%): <average total>
[2026-04-03T03:40:23.577+0600][54.874s][info][gc,stats    ]     135 of   970 ms ( 13.9%): <average non-zero>
[2026-04-03T03:40:23.577+0600][54.874s][info][gc,stats    ] 
[2026-04-03T03:40:23.577+0600][54.874s][info][gc,metaspace] Metaspace: 73034K(73920K)->73034K(73920K) NonClass: 63762K(64256K)->63762K(64256K) Class: 9272K(9664K)->9272K(9664K)
[2026-04-03T03:40:23.577+0600][54.874s][info][gc,ergo     ] Pacer for Idle. Initial: 40960K, Alloc Tax Rate: 1.0x
[2026-04-03T03:40:25.085+0600][56.382s][info][gc          ] Trigger: Average GC time (902.33 ms) is above the time for average allocation rate (659 MB/s) to deplete free headroom (525M) (margin of error = 1.83)
[2026-04-03T03:40:25.085+0600][56.382s][info][gc,ergo     ] Free headroom: 625M (free) - 100M (spike) - 0B (penalties) = 525M
[2026-04-03T03:40:25.085+0600][56.382s][info][gc,ergo     ] Free: 625M, Max: 512K regular, 369M humongous, Frag: 41% external, 0% internal; Reserve: 100M, Max: 512K
[2026-04-03T03:40:25.085+0600][56.382s][info][gc,start    ] GC(40) Concurrent reset
[2026-04-03T03:40:25.085+0600][56.382s][info][gc,task     ] GC(40) Using 3 of 6 workers for concurrent reset
[2026-04-03T03:40:25.085+0600][56.382s][info][gc,ergo     ] GC(40) Pacer for Reset. Non-Taxable: 2000M
[2026-04-03T03:40:25.088+0600][56.385s][info][gc          ] GC(40) Concurrent reset 2.719ms
[2026-04-03T03:40:25.088+0600][56.386s][info][gc,start    ] GC(40) Pause Init Mark (unload classes)
[2026-04-03T03:40:25.088+0600][56.386s][info][gc,task     ] GC(40) Using 6 of 6 workers for init marking
[2026-04-03T03:40:25.088+0600][56.386s][info][gc,ergo     ] GC(40) Pacer for Mark. Expected Live: 283M, Free: 625M, Non-Taxable: 64042K, Alloc Tax Rate: 0.6x
[2026-04-03T03:40:25.088+0600][56.386s][info][gc          ] GC(40) Pause Init Mark (unload classes) 0.165ms
[2026-04-03T03:40:25.088+0600][56.386s][info][gc,start    ] GC(40) Concurrent marking roots
[2026-04-03T03:40:25.088+0600][56.386s][info][gc,task     ] GC(40) Using 3 of 6 workers for concurrent marking roots
[2026-04-03T03:40:25.090+0600][56.387s][info][gc          ] GC(40) Concurrent marking roots 1.264ms
[2026-04-03T03:40:25.090+0600][56.387s][info][gc,start    ] GC(40) Concurrent marking (unload classes)
[2026-04-03T03:40:25.090+0600][56.387s][info][gc,task     ] GC(40) Using 3 of 6 workers for concurrent marking
[2026-04-03T03:40:25.305+0600][56.603s][info][gc          ] GC(40) Concurrent marking (unload classes) 215.682ms
[2026-04-03T03:40:25.306+0600][56.603s][info][gc,start    ] GC(40) Pause Final Mark (unload classes)
[2026-04-03T03:40:25.306+0600][56.603s][info][gc,task     ] GC(40) Using 6 of 6 workers for final marking
[2026-04-03T03:40:25.306+0600][56.604s][info][gc,ergo     ] GC(40) Collectable Garbage: 1092M (98%), Immediate: 1092M (98%), CSet: 0B (0%)
[2026-04-03T03:40:25.306+0600][56.604s][info][gc          ] GC(40) Pause Final Mark (unload classes) 0.730ms
[2026-04-03T03:40:25.306+0600][56.604s][info][gc,start    ] GC(40) Concurrent weak references
[2026-04-03T03:40:25.307+0600][56.604s][info][gc,task     ] GC(40) Using 3 of 6 workers for concurrent weak references
[2026-04-03T03:40:25.307+0600][56.605s][info][gc,ref      ] GC(40) Encountered references: Soft: 3286, Weak: 6658, Final: 84, Phantom: 600
[2026-04-03T03:40:25.307+0600][56.605s][info][gc,ref      ] GC(40) Discovered  references: Soft: 0, Weak: 3985, Final: 0, Phantom: 597
[2026-04-03T03:40:25.307+0600][56.605s][info][gc,ref      ] GC(40) Enqueued    references: Soft: 0, Weak: 219, Final: 0, Phantom: 0
[2026-04-03T03:40:25.307+0600][56.605s][info][gc          ] GC(40) Concurrent weak references 0.986ms
[2026-04-03T03:40:25.307+0600][56.605s][info][gc,start    ] GC(40) Concurrent weak roots
[2026-04-03T03:40:25.307+0600][56.605s][info][gc,task     ] GC(40) Using 3 of 6 workers for concurrent weak root
[2026-04-03T03:40:25.311+0600][56.608s][info][gc          ] GC(40) Concurrent weak roots 3.466ms
[2026-04-03T03:40:25.311+0600][56.609s][info][gc,start    ] GC(40) Concurrent cleanup
[2026-04-03T03:40:25.312+0600][56.609s][info][gc          ] GC(40) Concurrent cleanup 1328M->237M(1406M) 0.834ms
[2026-04-03T03:40:25.312+0600][56.609s][info][gc,ergo     ] GC(40) Free: 1655M, Max: 512K regular, 443M humongous, Frag: 74% external, 0% internal; Reserve: 100M, Max: 512K
[2026-04-03T03:40:25.312+0600][56.609s][info][gc,start    ] GC(40) Concurrent class unloading
[2026-04-03T03:40:25.312+0600][56.609s][info][gc,task     ] GC(40) Using 3 of 6 workers for concurrent class unloading
[2026-04-03T03:40:25.341+0600][56.639s][info][gc          ] GC(40) Concurrent class unloading 29.055ms
[2026-04-03T03:40:25.341+0600][56.639s][info][gc,start    ] GC(40) Pause Final Roots
[2026-04-03T03:40:25.341+0600][56.639s][info][gc          ] GC(40) Pause Final Roots 0.057ms
[2026-04-03T03:40:25.342+0600][56.639s][info][gc,ergo     ] Free: 1643M, Max: 512K regular, 443M humongous, Frag: 73% external, 0% internal; Reserve: 100M, Max: 512K
[2026-04-03T03:40:25.342+0600][56.639s][info][gc,stats    ] 
[2026-04-03T03:40:25.342+0600][56.639s][info][gc,stats    ] All times are wall-clock times, except per-root-class counters, that are sum over
[2026-04-03T03:40:25.342+0600][56.639s][info][gc,stats    ] all workers. Dividing the <total> over the root stage time estimates parallelism.
[2026-04-03T03:40:25.342+0600][56.639s][info][gc,stats    ] 
[2026-04-03T03:40:25.342+0600][56.639s][info][gc,stats    ] Concurrent Reset                   2821 us
[2026-04-03T03:40:25.342+0600][56.639s][info][gc,stats    ] Pause Init Mark (G)                 540 us
[2026-04-03T03:40:25.342+0600][56.639s][info][gc,stats    ] Pause Init Mark (N)                 180 us
[2026-04-03T03:40:25.342+0600][56.639s][info][gc,stats    ]   Update Region States               44 us
[2026-04-03T03:40:25.342+0600][56.639s][info][gc,stats    ] Concurrent Mark Roots              1310 us, parallelism: 2.01x
[2026-04-03T03:40:25.342+0600][56.639s][info][gc,stats    ]   CMR: <total>                     2640 us
[2026-04-03T03:40:25.342+0600][56.639s][info][gc,stats    ]   CMR: Thread Roots                2356 us, workers (us): 863, 861, 632, ---, ---, ---, 
[2026-04-03T03:40:25.342+0600][56.640s][info][gc,stats    ]   CMR: VM Strong Roots               57 us, workers (us):  27,  26,   3, ---, ---, ---, 
[2026-04-03T03:40:25.342+0600][56.640s][info][gc,stats    ]   CMR: CLDG Roots                   227 us, workers (us): ---, ---, 227, ---, ---, ---, 
[2026-04-03T03:40:25.342+0600][56.640s][info][gc,stats    ] Concurrent Marking               215782 us
[2026-04-03T03:40:25.342+0600][56.640s][info][gc,stats    ] Pause Final Mark (G)               1044 us
[2026-04-03T03:40:25.342+0600][56.640s][info][gc,stats    ] Pause Final Mark (N)                751 us
[2026-04-03T03:40:25.342+0600][56.640s][info][gc,stats    ]   Finish Mark                       358 us
[2026-04-03T03:40:25.342+0600][56.640s][info][gc,stats    ]   Update Region States               92 us
[2026-04-03T03:40:25.342+0600][56.640s][info][gc,stats    ]   Choose Collection Set             126 us
[2026-04-03T03:40:25.342+0600][56.640s][info][gc,stats    ]   Rebuild Free Set                   47 us
[2026-04-03T03:40:25.342+0600][56.640s][info][gc,stats    ] Concurrent Weak References         1002 us, parallelism: 0.80x
[2026-04-03T03:40:25.342+0600][56.640s][info][gc,stats    ]   CWRF: <total>                     806 us
[2026-04-03T03:40:25.342+0600][56.640s][info][gc,stats    ]   CWRF: Weak References             806 us, workers (us):  60,  76, 670, ---, ---, ---, 
[2026-04-03T03:40:25.342+0600][56.640s][info][gc,stats    ] Concurrent Weak Roots              3559 us
[2026-04-03T03:40:25.342+0600][56.640s][info][gc,stats    ]   Roots                            3059 us, parallelism: 2.61x
[2026-04-03T03:40:25.342+0600][56.640s][info][gc,stats    ]     CWR: <total>                   7989 us
[2026-04-03T03:40:25.342+0600][56.640s][info][gc,stats    ]     CWR: Code Cache Roots          6043 us, workers (us): 2103, 2007, 1932, ---, ---, ---, 
[2026-04-03T03:40:25.342+0600][56.640s][info][gc,stats    ]     CWR: VM Weak Roots             1854 us, workers (us): 639, 625, 590, ---, ---, ---, 
[2026-04-03T03:40:25.342+0600][56.640s][info][gc,stats    ]     CWR: CLDG Roots                  92 us, workers (us): ---, ---,  92, ---, ---, ---, 
[2026-04-03T03:40:25.342+0600][56.640s][info][gc,stats    ]   Rendezvous                        344 us
[2026-04-03T03:40:25.342+0600][56.640s][info][gc,stats    ] Concurrent Cleanup                  870 us
[2026-04-03T03:40:25.342+0600][56.640s][info][gc,stats    ] Concurrent Class Unloading        29180 us
[2026-04-03T03:40:25.342+0600][56.640s][info][gc,stats    ]   Unlink Stale                    28246 us
[2026-04-03T03:40:25.342+0600][56.640s][info][gc,stats    ]     System Dictionary               470 us
[2026-04-03T03:40:25.342+0600][56.640s][info][gc,stats    ]     Weak Class Links              19042 us
[2026-04-03T03:40:25.342+0600][56.640s][info][gc,stats    ]     Code Roots                     8727 us
[2026-04-03T03:40:25.342+0600][56.640s][info][gc,stats    ]   Rendezvous                        446 us
[2026-04-03T03:40:25.342+0600][56.640s][info][gc,stats    ]   Purge Unlinked                    319 us
[2026-04-03T03:40:25.342+0600][56.640s][info][gc,stats    ]     Code Roots                      275 us
[2026-04-03T03:40:25.342+0600][56.640s][info][gc,stats    ]     CLDG                             43 us
[2026-04-03T03:40:25.342+0600][56.640s][info][gc,stats    ]     Exception Caches                  0 us
[2026-04-03T03:40:25.342+0600][56.640s][info][gc,stats    ] Pause Final Roots (G)               412 us
[2026-04-03T03:40:25.343+0600][56.640s][info][gc,stats    ] Pause Final Roots (N)                89 us
[2026-04-03T03:40:25.343+0600][56.640s][info][gc,stats    ] Pacing                            13325 us
[2026-04-03T03:40:25.343+0600][56.640s][info][gc,stats    ] 
[2026-04-03T03:40:25.343+0600][56.640s][info][gc,stats    ] Allocation pacing accrued:
[2026-04-03T03:40:25.343+0600][56.640s][info][gc,stats    ]       9 of  1766 ms (  0.5%): Executor task launch worker for task 0.0 in stage 33.0 (TID 48)
[2026-04-03T03:40:25.343+0600][56.640s][info][gc,stats    ]       5 of  1766 ms (  0.3%): Executor task launch worker for task 2.0 in stage 33.0 (TID 50)
[2026-04-03T03:40:25.343+0600][56.640s][info][gc,stats    ]      13 of  1766 ms (  0.8%): <total>
[2026-04-03T03:40:25.343+0600][56.640s][info][gc,stats    ]       0 of  1766 ms (  0.0%): <average total>
[2026-04-03T03:40:25.343+0600][56.640s][info][gc,stats    ]       7 of  1766 ms (  0.4%): <average non-zero>
[2026-04-03T03:40:25.343+0600][56.640s][info][gc,stats    ] 
[2026-04-03T03:40:25.343+0600][56.640s][info][gc,metaspace] Metaspace: 73095K(73984K)->73160K(74048K) NonClass: 63821K(64320K)->63880K(64384K) Class: 9274K(9664K)->9280K(9664K)
[2026-04-03T03:40:25.343+0600][56.640s][info][gc,ergo     ] Pacer for Idle. Initial: 40960K, Alloc Tax Rate: 1.0x
[2026-04-03T03:40:26.449+0600][57.747s][info][gc          ] Trigger: Average GC time (977.27 ms) is above the time for average allocation rate (1070 MB/s) to deplete free headroom (866M) (margin of error = 1.82)
[2026-04-03T03:40:26.449+0600][57.747s][info][gc,ergo     ] Free headroom: 966M (free) - 100M (spike) - 0B (penalties) = 866M
[2026-04-03T03:40:26.449+0600][57.747s][info][gc,ergo     ] Free: 966M, Max: 512K regular, 443M humongous, Frag: 55% external, 0% internal; Reserve: 100M, Max: 512K
[2026-04-03T03:40:26.449+0600][57.747s][info][gc,start    ] GC(41) Concurrent reset
[2026-04-03T03:40:26.449+0600][57.747s][info][gc,task     ] GC(41) Using 3 of 6 workers for concurrent reset
[2026-04-03T03:40:26.449+0600][57.747s][info][gc,ergo     ] GC(41) Pacer for Reset. Non-Taxable: 2000M
[2026-04-03T03:40:26.450+0600][57.748s][info][gc          ] GC(41) Concurrent reset 0.778ms
[2026-04-03T03:40:26.450+0600][57.748s][info][gc,start    ] GC(41) Pause Init Mark (unload classes)
[2026-04-03T03:40:26.450+0600][57.748s][info][gc,task     ] GC(41) Using 6 of 6 workers for init marking
[2026-04-03T03:40:26.450+0600][57.748s][info][gc,ergo     ] GC(41) Pacer for Mark. Expected Live: 257M, Free: 965M, Non-Taxable: 98868K, Alloc Tax Rate: 0.3x
[2026-04-03T03:40:26.450+0600][57.748s][info][gc          ] GC(41) Pause Init Mark (unload classes) 0.152ms
[2026-04-03T03:40:26.451+0600][57.748s][info][gc,start    ] GC(41) Concurrent marking roots
[2026-04-03T03:40:26.451+0600][57.748s][info][gc,task     ] GC(41) Using 3 of 6 workers for concurrent marking roots
[2026-04-03T03:40:26.451+0600][57.749s][info][gc          ] GC(41) Concurrent marking roots 0.824ms
[2026-04-03T03:40:26.451+0600][57.749s][info][gc,start    ] GC(41) Concurrent marking (unload classes)
[2026-04-03T03:40:26.451+0600][57.749s][info][gc,task     ] GC(41) Using 3 of 6 workers for concurrent marking
[2026-04-03T03:40:26.671+0600][57.969s][info][gc          ] GC(41) Concurrent marking (unload classes) 219.780ms
[2026-04-03T03:40:26.672+0600][57.969s][info][gc,start    ] GC(41) Pause Final Mark (unload classes)
[2026-04-03T03:40:26.672+0600][57.969s][info][gc,task     ] GC(41) Using 6 of 6 workers for final marking
[2026-04-03T03:40:26.672+0600][57.970s][info][gc,ergo     ] GC(41) Adaptive CSet Selection. Target Free: 283M, Actual Free: 1467M, Max CSet: 85333K, Min Garbage: 0B
[2026-04-03T03:40:26.672+0600][57.970s][info][gc,ergo     ] GC(41) Collectable Garbage: 738M (99%), Immediate: 542M (73%), CSet: 195M (26%)
[2026-04-03T03:40:26.672+0600][57.970s][info][gc,ergo     ] GC(41) Pacer for Evacuation. Used CSet: 218M, Free: 1387M, Non-Taxable: 138M, Alloc Tax Rate: 1.1x
[2026-04-03T03:40:26.672+0600][57.970s][info][gc          ] GC(41) Pause Final Mark (unload classes) 0.708ms
[2026-04-03T03:40:26.673+0600][57.970s][info][gc,start    ] GC(41) Concurrent thread roots
[2026-04-03T03:40:26.673+0600][57.970s][info][gc,task     ] GC(41) Using 3 of 6 workers for Concurrent thread roots
[2026-04-03T03:40:26.673+0600][57.971s][info][gc          ] GC(41) Concurrent thread roots 0.788ms
[2026-04-03T03:40:26.673+0600][57.971s][info][gc,start    ] GC(41) Concurrent weak references
[2026-04-03T03:40:26.673+0600][57.971s][info][gc,task     ] GC(41) Using 3 of 6 workers for concurrent weak references
[2026-04-03T03:40:26.674+0600][57.971s][info][gc,ref      ] GC(41) Encountered references: Soft: 3341, Weak: 6761, Final: 84, Phantom: 603
[2026-04-03T03:40:26.674+0600][57.971s][info][gc,ref      ] GC(41) Discovered  references: Soft: 0, Weak: 533, Final: 0, Phantom: 281
[2026-04-03T03:40:26.674+0600][57.971s][info][gc,ref      ] GC(41) Enqueued    references: Soft: 0, Weak: 242, Final: 0, Phantom: 0
[2026-04-03T03:40:26.674+0600][57.971s][info][gc          ] GC(41) Concurrent weak references 0.284ms
[2026-04-03T03:40:26.674+0600][57.971s][info][gc,start    ] GC(41) Concurrent weak roots
[2026-04-03T03:40:26.674+0600][57.971s][info][gc,task     ] GC(41) Using 3 of 6 workers for concurrent weak root
[2026-04-03T03:40:26.684+0600][57.982s][info][gc          ] GC(41) Concurrent weak roots 10.346ms
[2026-04-03T03:40:26.684+0600][57.982s][info][gc,start    ] GC(41) Concurrent cleanup
[2026-04-03T03:40:26.685+0600][57.983s][info][gc          ] GC(41) Concurrent cleanup 1069M->529M(1406M) 0.978ms
[2026-04-03T03:40:26.685+0600][57.983s][info][gc,ergo     ] GC(41) Free: 1373M, Max: 512K regular, 443M humongous, Frag: 68% external, 0% internal; Reserve: 93184K, Max: 512K
[2026-04-03T03:40:26.685+0600][57.983s][info][gc,start    ] GC(41) Concurrent class unloading
[2026-04-03T03:40:26.685+0600][57.983s][info][gc,task     ] GC(41) Using 3 of 6 workers for concurrent class unloading
[2026-04-03T03:40:26.709+0600][58.007s][info][gc          ] GC(41) Concurrent class unloading 24.018ms
[2026-04-03T03:40:26.709+0600][58.007s][info][gc,start    ] GC(41) Concurrent strong roots
[2026-04-03T03:40:26.709+0600][58.007s][info][gc,task     ] GC(41) Using 3 of 6 workers for concurrent strong root
[2026-04-03T03:40:26.710+0600][58.008s][info][gc          ] GC(41) Concurrent strong roots 0.976ms
[2026-04-03T03:40:26.711+0600][58.008s][info][gc,start    ] GC(41) Concurrent evacuation
[2026-04-03T03:40:26.711+0600][58.008s][info][gc,task     ] GC(41) Using 3 of 6 workers for concurrent evacuation
[2026-04-03T03:40:26.731+0600][58.028s][info][gc          ] GC(41) Concurrent evacuation 20.261ms
[2026-04-03T03:40:26.731+0600][58.029s][info][gc,start    ] GC(41) Pause Init Update Refs
[2026-04-03T03:40:26.731+0600][58.029s][info][gc,ergo     ] GC(41) Pacer for Update Refs. Used: 577M, Free: 1341M, Non-Taxable: 134M, Alloc Tax Rate: 1.1x
[2026-04-03T03:40:26.731+0600][58.029s][info][gc          ] GC(41) Pause Init Update Refs 0.148ms
[2026-04-03T03:40:26.731+0600][58.029s][info][gc,start    ] GC(41) Concurrent update references
[2026-04-03T03:40:26.731+0600][58.029s][info][gc,task     ] GC(41) Using 3 of 6 workers for concurrent reference update
[2026-04-03T03:40:26.859+0600][58.156s][info][gc          ] GC(41) Concurrent update references 127.487ms
[2026-04-03T03:40:26.859+0600][58.156s][info][gc,start    ] GC(41) Concurrent update thread roots
[2026-04-03T03:40:26.860+0600][58.158s][info][gc          ] GC(41) Concurrent update thread roots 1.473ms
[2026-04-03T03:40:26.861+0600][58.158s][info][gc,start    ] GC(41) Pause Final Update Refs
[2026-04-03T03:40:26.861+0600][58.158s][info][gc,task     ] GC(41) Using 6 of 6 workers for final reference update
[2026-04-03T03:40:26.861+0600][58.158s][info][gc          ] GC(41) Pause Final Update Refs 0.330ms
[2026-04-03T03:40:26.861+0600][58.159s][info][gc,start    ] GC(41) Concurrent cleanup
[2026-04-03T03:40:26.861+0600][58.159s][info][gc          ] GC(41) Concurrent cleanup 668M->449M(1406M) 0.322ms
[2026-04-03T03:40:26.862+0600][58.159s][info][gc,ergo     ] Free: 1445M, Max: 512K regular, 464M humongous, Frag: 68% external, 0% internal; Reserve: 100M, Max: 512K
[2026-04-03T03:40:26.862+0600][58.159s][info][gc,stats    ] 
[2026-04-03T03:40:26.862+0600][58.159s][info][gc,stats    ] All times are wall-clock times, except per-root-class counters, that are sum over
[2026-04-03T03:40:26.862+0600][58.159s][info][gc,stats    ] all workers. Dividing the <total> over the root stage time estimates parallelism.
[2026-04-03T03:40:26.862+0600][58.159s][info][gc,stats    ] 
[2026-04-03T03:40:26.862+0600][58.159s][info][gc,stats    ] Concurrent Reset                    809 us
[2026-04-03T03:40:26.862+0600][58.159s][info][gc,stats    ] Pause Init Mark (G)                 461 us
[2026-04-03T03:40:26.862+0600][58.159s][info][gc,stats    ] Pause Init Mark (N)                 168 us
[2026-04-03T03:40:26.862+0600][58.159s][info][gc,stats    ]   Update Region States               38 us
[2026-04-03T03:40:26.862+0600][58.159s][info][gc,stats    ] Concurrent Mark Roots               848 us, parallelism: 1.83x
[2026-04-03T03:40:26.862+0600][58.159s][info][gc,stats    ]   CMR: <total>                     1554 us
[2026-04-03T03:40:26.862+0600][58.159s][info][gc,stats    ]   CMR: Thread Roots                1284 us, workers (us): 272, 507, 505, ---, ---, ---, 
[2026-04-03T03:40:26.862+0600][58.159s][info][gc,stats    ]   CMR: VM Strong Roots               32 us, workers (us):  31,   1,   1, ---, ---, ---, 
[2026-04-03T03:40:26.862+0600][58.159s][info][gc,stats    ]   CMR: CLDG Roots                   238 us, workers (us): 238, ---, ---, ---, ---, ---, 
[2026-04-03T03:40:26.862+0600][58.159s][info][gc,stats    ] Concurrent Marking               219878 us
[2026-04-03T03:40:26.862+0600][58.159s][info][gc,stats    ] Pause Final Mark (G)               1294 us
[2026-04-03T03:40:26.862+0600][58.159s][info][gc,stats    ] Pause Final Mark (N)                721 us
[2026-04-03T03:40:26.862+0600][58.159s][info][gc,stats    ]   Finish Mark                       192 us
[2026-04-03T03:40:26.862+0600][58.159s][info][gc,stats    ]   Update Region States               91 us
[2026-04-03T03:40:26.862+0600][58.159s][info][gc,stats    ]   Choose Collection Set             256 us
[2026-04-03T03:40:26.862+0600][58.159s][info][gc,stats    ]   Rebuild Free Set                   36 us
[2026-04-03T03:40:26.862+0600][58.159s][info][gc,stats    ] Concurrent Thread Roots             824 us, parallelism: 2.15x
[2026-04-03T03:40:26.862+0600][58.159s][info][gc,stats    ]   CTR: <total>                     1775 us
[2026-04-03T03:40:26.862+0600][58.159s][info][gc,stats    ]   CTR: Thread Roots                1775 us, workers (us): 635, 613, 527, ---, ---, ---, 
[2026-04-03T03:40:26.862+0600][58.159s][info][gc,stats    ] Concurrent Weak References          295 us, parallelism: 0.65x
[2026-04-03T03:40:26.862+0600][58.159s][info][gc,stats    ]   CWRF: <total>                     190 us
[2026-04-03T03:40:26.862+0600][58.159s][info][gc,stats    ]   CWRF: Weak References             190 us, workers (us): 180,  10,   0, ---, ---, ---, 
[2026-04-03T03:40:26.862+0600][58.159s][info][gc,stats    ] Concurrent Weak Roots             10425 us
[2026-04-03T03:40:26.862+0600][58.159s][info][gc,stats    ]   Roots                            2137 us, parallelism: 2.62x
[2026-04-03T03:40:26.862+0600][58.159s][info][gc,stats    ]     CWR: <total>                   5598 us
[2026-04-03T03:40:26.862+0600][58.159s][info][gc,stats    ]     CWR: Code Cache Roots          3483 us, workers (us): 1247, 1192, 1044, ---, ---, ---, 
[2026-04-03T03:40:26.862+0600][58.159s][info][gc,stats    ]     CWR: VM Weak Roots             2000 us, workers (us): 695, 702, 602, ---, ---, ---, 
[2026-04-03T03:40:26.862+0600][58.159s][info][gc,stats    ]     CWR: CLDG Roots                 115 us, workers (us): ---, ---, 115, ---, ---, ---, 
[2026-04-03T03:40:26.862+0600][58.159s][info][gc,stats    ]   Rendezvous                       8180 us
[2026-04-03T03:40:26.862+0600][58.159s][info][gc,stats    ] Concurrent Cleanup                 1021 us
[2026-04-03T03:40:26.862+0600][58.159s][info][gc,stats    ] Concurrent Class Unloading        24123 us
[2026-04-03T03:40:26.862+0600][58.159s][info][gc,stats    ]   Unlink Stale                    23110 us
[2026-04-03T03:40:26.862+0600][58.159s][info][gc,stats    ]     System Dictionary               365 us
[2026-04-03T03:40:26.862+0600][58.159s][info][gc,stats    ]     Weak Class Links              14732 us
[2026-04-03T03:40:26.862+0600][58.159s][info][gc,stats    ]     Code Roots                     8007 us
[2026-04-03T03:40:26.862+0600][58.159s][info][gc,stats    ]   Rendezvous                        414 us
[2026-04-03T03:40:26.862+0600][58.160s][info][gc,stats    ]   Purge Unlinked                    457 us
[2026-04-03T03:40:26.862+0600][58.160s][info][gc,stats    ]     Code Roots                      410 us
[2026-04-03T03:40:26.862+0600][58.160s][info][gc,stats    ]     CLDG                             46 us
[2026-04-03T03:40:26.862+0600][58.160s][info][gc,stats    ]     Exception Caches                  0 us
[2026-04-03T03:40:26.862+0600][58.160s][info][gc,stats    ] Concurrent Strong Roots            1065 us, parallelism: 0.57x
[2026-04-03T03:40:26.862+0600][58.160s][info][gc,stats    ]   CSR: <total>                      603 us
[2026-04-03T03:40:26.862+0600][58.160s][info][gc,stats    ]   CSR: VM Strong Roots               58 us, workers (us):  31,  27,   0, ---, ---, ---, 
[2026-04-03T03:40:26.862+0600][58.160s][info][gc,stats    ]   CSR: CLDG Roots                   545 us, workers (us): 545, ---, ---, ---, ---, ---, 
[2026-04-03T03:40:26.862+0600][58.160s][info][gc,stats    ] Concurrent Evacuation             20365 us
[2026-04-03T03:40:26.862+0600][58.160s][info][gc,stats    ] Pause Init Update Refs (G)          518 us
[2026-04-03T03:40:26.862+0600][58.160s][info][gc,stats    ] Pause Init Update Refs (N)          165 us
[2026-04-03T03:40:26.862+0600][58.160s][info][gc,stats    ]   Manage GCLABs                      63 us
[2026-04-03T03:40:26.862+0600][58.160s][info][gc,stats    ] Concurrent Update Refs           127584 us
[2026-04-03T03:40:26.862+0600][58.160s][info][gc,stats    ] Concurrent Update Thread Roots     1542 us
[2026-04-03T03:40:26.862+0600][58.160s][info][gc,stats    ] Pause Final Update Refs (G)         603 us
[2026-04-03T03:40:26.862+0600][58.160s][info][gc,stats    ] Pause Final Update Refs (N)         351 us
[2026-04-03T03:40:26.862+0600][58.160s][info][gc,stats    ]   Update Region States              138 us
[2026-04-03T03:40:26.862+0600][58.160s][info][gc,stats    ]   Trash Collection Set               19 us
[2026-04-03T03:40:26.862+0600][58.160s][info][gc,stats    ]   Rebuild Free Set                   45 us
[2026-04-03T03:40:26.862+0600][58.160s][info][gc,stats    ] Concurrent Cleanup                  346 us
[2026-04-03T03:40:26.862+0600][58.160s][info][gc,stats    ] Pacing                           267369 us
[2026-04-03T03:40:26.862+0600][58.160s][info][gc,stats    ] 
[2026-04-03T03:40:26.862+0600][58.160s][info][gc,stats    ] Allocation pacing accrued:
[2026-04-03T03:40:26.862+0600][58.160s][info][gc,stats    ]      89 of  1520 ms (  5.8%): Executor task launch worker for task 0.0 in stage 38.0 (TID 54)
[2026-04-03T03:40:26.862+0600][58.160s][info][gc,stats    ]      89 of  1520 ms (  5.8%): Executor task launch worker for task 1.0 in stage 38.0 (TID 55)
[2026-04-03T03:40:26.862+0600][58.160s][info][gc,stats    ]      90 of  1520 ms (  5.9%): Executor task launch worker for task 2.0 in stage 38.0 (TID 56)
[2026-04-03T03:40:26.862+0600][58.160s][info][gc,stats    ]     267 of  1520 ms ( 17.6%): <total>
[2026-04-03T03:40:26.862+0600][58.160s][info][gc,stats    ]       1 of  1520 ms (  0.1%): <average total>
[2026-04-03T03:40:26.862+0600][58.160s][info][gc,stats    ]      89 of  1520 ms (  5.9%): <average non-zero>
[2026-04-03T03:40:26.862+0600][58.160s][info][gc,stats    ] 
[2026-04-03T03:40:26.862+0600][58.160s][info][gc,metaspace] Metaspace: 73221K(74048K)->73233K(74048K) NonClass: 63936K(64384K)->63951K(64384K) Class: 9284K(9664K)->9282K(9664K)
[2026-04-03T03:40:26.862+0600][58.160s][info][gc,ergo     ] Pacer for Idle. Initial: 40960K, Alloc Tax Rate: 1.0x
[2026-04-03T03:40:27.855+0600][59.152s][info][gc          ] Trigger: Average GC time (803.16 ms) is above the time for average allocation rate (857 MB/s) to deplete free headroom (687M) (margin of error = 1.82)
[2026-04-03T03:40:27.855+0600][59.152s][info][gc,ergo     ] Free headroom: 787M (free) - 100M (spike) - 0B (penalties) = 687M
[2026-04-03T03:40:27.855+0600][59.152s][info][gc,ergo     ] Free: 787M, Max: 512K regular, 464M humongous, Frag: 41% external, 0% internal; Reserve: 100M, Max: 512K
[2026-04-03T03:40:27.855+0600][59.152s][info][gc,start    ] GC(42) Concurrent reset
[2026-04-03T03:40:27.855+0600][59.152s][info][gc,task     ] GC(42) Using 3 of 6 workers for concurrent reset
[2026-04-03T03:40:27.855+0600][59.152s][info][gc,ergo     ] GC(42) Pacer for Reset. Non-Taxable: 2000M
[2026-04-03T03:40:27.856+0600][59.154s][info][gc          ] GC(42) Concurrent reset 1.456ms
[2026-04-03T03:40:27.857+0600][59.154s][info][gc,start    ] GC(42) Pause Init Mark (unload classes)
[2026-04-03T03:40:27.857+0600][59.154s][info][gc,task     ] GC(42) Using 6 of 6 workers for init marking
[2026-04-03T03:40:27.857+0600][59.154s][info][gc,ergo     ] GC(42) Pacer for Mark. Expected Live: 231M, Free: 785M, Non-Taxable: 80420K, Alloc Tax Rate: 0.4x
[2026-04-03T03:40:27.857+0600][59.154s][info][gc          ] GC(42) Pause Init Mark (unload classes) 0.198ms
[2026-04-03T03:40:27.857+0600][59.155s][info][gc,start    ] GC(42) Concurrent marking roots
[2026-04-03T03:40:27.857+0600][59.155s][info][gc,task     ] GC(42) Using 3 of 6 workers for concurrent marking roots
[2026-04-03T03:40:27.858+0600][59.156s][info][gc          ] GC(42) Concurrent marking roots 1.177ms
[2026-04-03T03:40:27.858+0600][59.156s][info][gc,start    ] GC(42) Concurrent marking (unload classes)
[2026-04-03T03:40:27.858+0600][59.156s][info][gc,task     ] GC(42) Using 3 of 6 workers for concurrent marking
[2026-04-03T03:40:28.056+0600][59.353s][info][gc          ] GC(42) Concurrent marking (unload classes) 197.559ms
[2026-04-03T03:40:28.056+0600][59.354s][info][gc,start    ] GC(42) Pause Final Mark (unload classes)
[2026-04-03T03:40:28.056+0600][59.354s][info][gc,task     ] GC(42) Using 6 of 6 workers for final marking
[2026-04-03T03:40:28.057+0600][59.354s][info][gc,ergo     ] GC(42) Adaptive CSet Selection. Target Free: 283M, Actual Free: 1345M, Max CSet: 85333K, Min Garbage: 0B
[2026-04-03T03:40:28.057+0600][59.354s][info][gc,ergo     ] GC(42) Collectable Garbage: 851M (99%), Immediate: 579M (67%), CSet: 271M (31%)
[2026-04-03T03:40:28.057+0600][59.355s][info][gc,ergo     ] GC(42) Pacer for Evacuation. Used CSet: 310M, Free: 1293M, Non-Taxable: 129M, Alloc Tax Rate: 1.1x
[2026-04-03T03:40:28.057+0600][59.355s][info][gc          ] GC(42) Pause Final Mark (unload classes) 1.030ms
[2026-04-03T03:40:28.057+0600][59.355s][info][gc,start    ] GC(42) Concurrent thread roots
[2026-04-03T03:40:28.057+0600][59.355s][info][gc,task     ] GC(42) Using 3 of 6 workers for Concurrent thread roots
[2026-04-03T03:40:28.058+0600][59.356s][info][gc          ] GC(42) Concurrent thread roots 0.854ms
[2026-04-03T03:40:28.058+0600][59.356s][info][gc,start    ] GC(42) Concurrent weak references
[2026-04-03T03:40:28.058+0600][59.356s][info][gc,task     ] GC(42) Using 3 of 6 workers for concurrent weak references
[2026-04-03T03:40:28.058+0600][59.356s][info][gc,ref      ] GC(42) Encountered references: Soft: 3348, Weak: 6586, Final: 84, Phantom: 600
[2026-04-03T03:40:28.058+0600][59.356s][info][gc,ref      ] GC(42) Discovered  references: Soft: 0, Weak: 1179, Final: 2, Phantom: 597
[2026-04-03T03:40:28.058+0600][59.356s][info][gc,ref      ] GC(42) Enqueued    references: Soft: 0, Weak: 168, Final: 0, Phantom: 0
[2026-04-03T03:40:28.058+0600][59.356s][info][gc          ] GC(42) Concurrent weak references 0.273ms
[2026-04-03T03:40:28.058+0600][59.356s][info][gc,start    ] GC(42) Concurrent weak roots
[2026-04-03T03:40:28.058+0600][59.356s][info][gc,task     ] GC(42) Using 3 of 6 workers for concurrent weak root
[2026-04-03T03:40:28.061+0600][59.358s][info][gc          ] GC(42) Concurrent weak roots 2.256ms
[2026-04-03T03:40:28.061+0600][59.358s][info][gc,start    ] GC(42) Concurrent cleanup
[2026-04-03T03:40:28.062+0600][59.359s][info][gc          ] GC(42) Concurrent cleanup 1183M->605M(1406M) 0.865ms
[2026-04-03T03:40:28.062+0600][59.359s][info][gc,ergo     ] GC(42) Free: 1290M, Max: 512K regular, 481M humongous, Frag: 63% external, 0% internal; Reserve: 102000K, Max: 512K
[2026-04-03T03:40:28.062+0600][59.359s][info][gc,start    ] GC(42) Concurrent class unloading
[2026-04-03T03:40:28.062+0600][59.359s][info][gc,task     ] GC(42) Using 3 of 6 workers for concurrent class unloading
[2026-04-03T03:40:28.069+0600][59.366s][info][gc          ] GC(42) Concurrent class unloading 7.106ms
[2026-04-03T03:40:28.069+0600][59.366s][info][gc,start    ] GC(42) Concurrent strong roots
[2026-04-03T03:40:28.069+0600][59.366s][info][gc,task     ] GC(42) Using 3 of 6 workers for concurrent strong root
[2026-04-03T03:40:28.070+0600][59.367s][info][gc          ] GC(42) Concurrent strong roots 0.935ms
[2026-04-03T03:40:28.070+0600][59.367s][info][gc,start    ] GC(42) Concurrent evacuation
[2026-04-03T03:40:28.070+0600][59.367s][info][gc,task     ] GC(42) Using 3 of 6 workers for concurrent evacuation
[2026-04-03T03:40:28.099+0600][59.396s][info][gc          ] GC(42) Concurrent evacuation 28.860ms
[2026-04-03T03:40:28.099+0600][59.397s][info][gc,start    ] GC(42) Pause Init Update Refs
[2026-04-03T03:40:28.099+0600][59.397s][info][gc,ergo     ] GC(42) Pacer for Update Refs. Used: 694M, Free: 1240M, Non-Taxable: 124M, Alloc Tax Rate: 1.1x
[2026-04-03T03:40:28.099+0600][59.397s][info][gc          ] GC(42) Pause Init Update Refs 0.112ms
[2026-04-03T03:40:28.099+0600][59.397s][info][gc,start    ] GC(42) Concurrent update references
[2026-04-03T03:40:28.099+0600][59.397s][info][gc,task     ] GC(42) Using 3 of 6 workers for concurrent reference update
[2026-04-03T03:40:28.213+0600][59.511s][info][gc          ] GC(42) Concurrent update references 113.759ms
[2026-04-03T03:40:28.213+0600][59.511s][info][gc,start    ] GC(42) Concurrent update thread roots
[2026-04-03T03:40:28.214+0600][59.512s][info][gc          ] GC(42) Concurrent update thread roots 0.982ms
[2026-04-03T03:40:28.214+0600][59.512s][info][gc,start    ] GC(42) Pause Final Update Refs
[2026-04-03T03:40:28.214+0600][59.512s][info][gc,task     ] GC(42) Using 6 of 6 workers for final reference update
[2026-04-03T03:40:28.215+0600][59.512s][info][gc          ] GC(42) Pause Final Update Refs 0.222ms
[2026-04-03T03:40:28.215+0600][59.512s][info][gc,start    ] GC(42) Concurrent cleanup
[2026-04-03T03:40:28.215+0600][59.513s][info][gc          ] GC(42) Concurrent cleanup 870M->561M(1406M) 0.523ms
[2026-04-03T03:40:28.215+0600][59.513s][info][gc,ergo     ] Free: 1335M, Max: 512K regular, 525M humongous, Frag: 61% external, 0% internal; Reserve: 100M, Max: 512K
[2026-04-03T03:40:28.215+0600][59.513s][info][gc,stats    ] 
[2026-04-03T03:40:28.215+0600][59.513s][info][gc,stats    ] All times are wall-clock times, except per-root-class counters, that are sum over
[2026-04-03T03:40:28.215+0600][59.513s][info][gc,stats    ] all workers. Dividing the <total> over the root stage time estimates parallelism.
[2026-04-03T03:40:28.215+0600][59.513s][info][gc,stats    ] 
[2026-04-03T03:40:28.215+0600][59.513s][info][gc,stats    ] Concurrent Reset                   1515 us
[2026-04-03T03:40:28.215+0600][59.513s][info][gc,stats    ] Pause Init Mark (G)                 700 us
[2026-04-03T03:40:28.215+0600][59.513s][info][gc,stats    ] Pause Init Mark (N)                 209 us
[2026-04-03T03:40:28.215+0600][59.513s][info][gc,stats    ]   Update Region States               47 us
[2026-04-03T03:40:28.215+0600][59.513s][info][gc,stats    ] Concurrent Mark Roots              1219 us, parallelism: 1.43x
[2026-04-03T03:40:28.215+0600][59.513s][info][gc,stats    ]   CMR: <total>                     1739 us
[2026-04-03T03:40:28.215+0600][59.513s][info][gc,stats    ]   CMR: Thread Roots                1489 us, workers (us): 363, 574, 552, ---, ---, ---, 
[2026-04-03T03:40:28.215+0600][59.513s][info][gc,stats    ]   CMR: VM Strong Roots               40 us, workers (us):  19,  20,   0, ---, ---, ---, 
[2026-04-03T03:40:28.216+0600][59.513s][info][gc,stats    ]   CMR: CLDG Roots                   210 us, workers (us): 210, ---, ---, ---, ---, ---, 
[2026-04-03T03:40:28.216+0600][59.513s][info][gc,stats    ] Concurrent Marking               197633 us
[2026-04-03T03:40:28.216+0600][59.513s][info][gc,stats    ] Pause Final Mark (G)               1378 us
[2026-04-03T03:40:28.216+0600][59.513s][info][gc,stats    ] Pause Final Mark (N)               1042 us
[2026-04-03T03:40:28.216+0600][59.513s][info][gc,stats    ]   Finish Mark                       238 us
[2026-04-03T03:40:28.216+0600][59.513s][info][gc,stats    ]   Update Region States               91 us
[2026-04-03T03:40:28.216+0600][59.513s][info][gc,stats    ]   Choose Collection Set             476 us
[2026-04-03T03:40:28.216+0600][59.513s][info][gc,stats    ]   Rebuild Free Set                   74 us
[2026-04-03T03:40:28.216+0600][59.513s][info][gc,stats    ] Concurrent Thread Roots             900 us, parallelism: 1.86x
[2026-04-03T03:40:28.216+0600][59.513s][info][gc,stats    ]   CTR: <total>                     1675 us
[2026-04-03T03:40:28.216+0600][59.513s][info][gc,stats    ]   CTR: Thread Roots                1675 us, workers (us): 611, 556, 509, ---, ---, ---, 
[2026-04-03T03:40:28.216+0600][59.513s][info][gc,stats    ] Concurrent Weak References          280 us, parallelism: 0.97x
[2026-04-03T03:40:28.216+0600][59.513s][info][gc,stats    ]   CWRF: <total>                     272 us
[2026-04-03T03:40:28.216+0600][59.513s][info][gc,stats    ]   CWRF: Weak References             272 us, workers (us): 162,  29,  81, ---, ---, ---, 
[2026-04-03T03:40:28.216+0600][59.513s][info][gc,stats    ] Concurrent Weak Roots              2320 us
[2026-04-03T03:40:28.216+0600][59.513s][info][gc,stats    ]   Roots                            1925 us, parallelism: 2.58x
[2026-04-03T03:40:28.216+0600][59.513s][info][gc,stats    ]     CWR: <total>                   4960 us
[2026-04-03T03:40:28.216+0600][59.513s][info][gc,stats    ]     CWR: Code Cache Roots          3354 us, workers (us): 1111, 1136, 1107, ---, ---, ---, 
[2026-04-03T03:40:28.216+0600][59.513s][info][gc,stats    ]     CWR: VM Weak Roots             1550 us, workers (us): 578, 499, 473, ---, ---, ---, 
[2026-04-03T03:40:28.216+0600][59.513s][info][gc,stats    ]     CWR: CLDG Roots                  56 us, workers (us): ---, ---,  56, ---, ---, ---, 
[2026-04-03T03:40:28.216+0600][59.513s][info][gc,stats    ]   Rendezvous                        312 us
[2026-04-03T03:40:28.216+0600][59.513s][info][gc,stats    ] Concurrent Cleanup                  916 us
[2026-04-03T03:40:28.216+0600][59.513s][info][gc,stats    ] Concurrent Class Unloading         7182 us
[2026-04-03T03:40:28.216+0600][59.513s][info][gc,stats    ]   Unlink Stale                     6518 us
[2026-04-03T03:40:28.216+0600][59.513s][info][gc,stats    ]     System Dictionary               107 us
[2026-04-03T03:40:28.216+0600][59.513s][info][gc,stats    ]     Weak Class Links                  1 us
[2026-04-03T03:40:28.216+0600][59.513s][info][gc,stats    ]     Code Roots                     6407 us
[2026-04-03T03:40:28.216+0600][59.513s][info][gc,stats    ]   Rendezvous                        324 us
[2026-04-03T03:40:28.216+0600][59.513s][info][gc,stats    ]   Purge Unlinked                    231 us
[2026-04-03T03:40:28.216+0600][59.513s][info][gc,stats    ]     Code Roots                      221 us
[2026-04-03T03:40:28.216+0600][59.513s][info][gc,stats    ]     CLDG                              9 us
[2026-04-03T03:40:28.216+0600][59.513s][info][gc,stats    ]     Exception Caches                  0 us
[2026-04-03T03:40:28.216+0600][59.513s][info][gc,stats    ] Concurrent Strong Roots             989 us, parallelism: 0.65x
[2026-04-03T03:40:28.216+0600][59.513s][info][gc,stats    ]   CSR: <total>                      642 us
[2026-04-03T03:40:28.216+0600][59.513s][info][gc,stats    ]   CSR: VM Strong Roots               63 us, workers (us):  54,   4,   5, ---, ---, ---, 
[2026-04-03T03:40:28.216+0600][59.513s][info][gc,stats    ]   CSR: CLDG Roots                   579 us, workers (us): ---, ---, 579, ---, ---, ---, 
[2026-04-03T03:40:28.216+0600][59.513s][info][gc,stats    ] Concurrent Evacuation             28968 us
[2026-04-03T03:40:28.216+0600][59.513s][info][gc,stats    ] Pause Init Update Refs (G)          462 us
[2026-04-03T03:40:28.216+0600][59.513s][info][gc,stats    ] Pause Init Update Refs (N)          122 us
[2026-04-03T03:40:28.216+0600][59.513s][info][gc,stats    ]   Manage GCLABs                      33 us
[2026-04-03T03:40:28.216+0600][59.513s][info][gc,stats    ] Concurrent Update Refs           113857 us
[2026-04-03T03:40:28.216+0600][59.513s][info][gc,stats    ] Concurrent Update Thread Roots     1009 us
[2026-04-03T03:40:28.216+0600][59.513s][info][gc,stats    ] Pause Final Update Refs (G)         469 us
[2026-04-03T03:40:28.216+0600][59.513s][info][gc,stats    ] Pause Final Update Refs (N)         232 us
[2026-04-03T03:40:28.216+0600][59.513s][info][gc,stats    ]   Update Region States               59 us
[2026-04-03T03:40:28.216+0600][59.513s][info][gc,stats    ]   Trash Collection Set               14 us
[2026-04-03T03:40:28.216+0600][59.513s][info][gc,stats    ]   Rebuild Free Set                   40 us
[2026-04-03T03:40:28.216+0600][59.513s][info][gc,stats    ] Concurrent Cleanup                  573 us
[2026-04-03T03:40:28.216+0600][59.513s][info][gc,stats    ] Pacing                            97963 us
[2026-04-03T03:40:28.216+0600][59.513s][info][gc,stats    ] 
[2026-04-03T03:40:28.216+0600][59.513s][info][gc,stats    ] Allocation pacing accrued:
[2026-04-03T03:40:28.216+0600][59.513s][info][gc,stats    ]      98 of  1354 ms (  7.2%): main
[2026-04-03T03:40:28.216+0600][59.513s][info][gc,stats    ]      98 of  1354 ms (  7.2%): <total>
[2026-04-03T03:40:28.216+0600][59.513s][info][gc,stats    ]       0 of  1354 ms (  0.0%): <average total>
[2026-04-03T03:40:28.216+0600][59.513s][info][gc,stats    ]      98 of  1354 ms (  7.2%): <average non-zero>
[2026-04-03T03:40:28.216+0600][59.513s][info][gc,stats    ] 
[2026-04-03T03:40:28.216+0600][59.514s][info][gc,metaspace] Metaspace: 73279K(74176K)->73281K(74176K) NonClass: 63996K(64512K)->63997K(64512K) Class: 9283K(9664K)->9283K(9664K)
[2026-04-03T03:40:28.216+0600][59.514s][info][gc,ergo     ] Pacer for Idle. Initial: 40960K, Alloc Tax Rate: 1.0x
[2026-04-03T03:40:28.317+0600][59.615s][info][gc          ] Trigger: Average GC time (669.25 ms) is above the time for instantaneous allocation rate (1854 MB/s) to deplete free headroom (1047M) (spike threshold = 1.80)
[2026-04-03T03:40:28.317+0600][59.615s][info][gc,ergo     ] Free: 1147M, Max: 512K regular, 450M humongous, Frag: 61% external, 0% internal; Reserve: 100M, Max: 512K
[2026-04-03T03:40:28.317+0600][59.615s][info][gc,start    ] GC(43) Concurrent reset
[2026-04-03T03:40:28.318+0600][59.615s][info][gc,task     ] GC(43) Using 3 of 6 workers for concurrent reset
[2026-04-03T03:40:28.318+0600][59.615s][info][gc,ergo     ] GC(43) Pacer for Reset. Non-Taxable: 2000M
[2026-04-03T03:40:28.319+0600][59.616s][info][gc          ] GC(43) Concurrent reset 1.424ms
[2026-04-03T03:40:28.320+0600][59.617s][info][gc,start    ] GC(43) Pause Init Mark (unload classes)
[2026-04-03T03:40:28.320+0600][59.617s][info][gc,task     ] GC(43) Using 6 of 6 workers for init marking
[2026-04-03T03:40:28.320+0600][59.617s][info][gc,ergo     ] GC(43) Pacer for Mark. Expected Live: 213M, Free: 1147M, Non-Taxable: 114M, Alloc Tax Rate: 0.2x
[2026-04-03T03:40:28.320+0600][59.617s][info][gc          ] GC(43) Pause Init Mark (unload classes) 0.152ms
[2026-04-03T03:40:28.320+0600][59.617s][info][gc,start    ] GC(43) Concurrent marking roots
[2026-04-03T03:40:28.320+0600][59.617s][info][gc,task     ] GC(43) Using 3 of 6 workers for concurrent marking roots
[2026-04-03T03:40:28.321+0600][59.618s][info][gc          ] GC(43) Concurrent marking roots 0.890ms
[2026-04-03T03:40:28.321+0600][59.618s][info][gc,start    ] GC(43) Concurrent marking (unload classes)
[2026-04-03T03:40:28.321+0600][59.618s][info][gc,task     ] GC(43) Using 3 of 6 workers for concurrent marking
[2026-04-03T03:40:28.483+0600][59.781s][info][gc          ] GC(43) Concurrent marking (unload classes) 162.643ms
[2026-04-03T03:40:28.484+0600][59.781s][info][gc,start    ] GC(43) Pause Final Mark (unload classes)
[2026-04-03T03:40:28.484+0600][59.781s][info][gc,task     ] GC(43) Using 6 of 6 workers for final marking
[2026-04-03T03:40:28.484+0600][59.782s][info][gc,ergo     ] GC(43) Collectable Garbage: 572M (94%), Immediate: 572M (94%), CSet: 0B (0%)
[2026-04-03T03:40:28.484+0600][59.782s][info][gc          ] GC(43) Pause Final Mark (unload classes) 0.830ms
[2026-04-03T03:40:28.485+0600][59.782s][info][gc,start    ] GC(43) Concurrent weak references
[2026-04-03T03:40:28.485+0600][59.782s][info][gc,task     ] GC(43) Using 3 of 6 workers for concurrent weak references
[2026-04-03T03:40:28.485+0600][59.782s][info][gc,ref      ] GC(43) Encountered references: Soft: 3353, Weak: 6306, Final: 84, Phantom: 590
[2026-04-03T03:40:28.485+0600][59.782s][info][gc,ref      ] GC(43) Discovered  references: Soft: 0, Weak: 527, Final: 1, Phantom: 587
[2026-04-03T03:40:28.485+0600][59.783s][info][gc,ref      ] GC(43) Enqueued    references: Soft: 0, Weak: 81, Final: 0, Phantom: 0
[2026-04-03T03:40:28.485+0600][59.783s][info][gc          ] GC(43) Concurrent weak references 0.429ms
[2026-04-03T03:40:28.485+0600][59.783s][info][gc,start    ] GC(43) Concurrent weak roots
[2026-04-03T03:40:28.485+0600][59.783s][info][gc,task     ] GC(43) Using 3 of 6 workers for concurrent weak root
[2026-04-03T03:40:28.488+0600][59.785s][info][gc          ] GC(43) Concurrent weak roots 2.651ms
[2026-04-03T03:40:28.488+0600][59.785s][info][gc,start    ] GC(43) Concurrent cleanup
[2026-04-03T03:40:28.488+0600][59.786s][info][gc          ] GC(43) Concurrent cleanup 785M->212M(1406M) 0.720ms
[2026-04-03T03:40:28.489+0600][59.786s][info][gc,ergo     ] GC(43) Free: 1684M, Max: 512K regular, 520M humongous, Frag: 70% external, 0% internal; Reserve: 100M, Max: 512K
[2026-04-03T03:40:28.489+0600][59.786s][info][gc,start    ] GC(43) Concurrent class unloading
[2026-04-03T03:40:28.489+0600][59.786s][info][gc,task     ] GC(43) Using 3 of 6 workers for concurrent class unloading
[2026-04-03T03:40:28.495+0600][59.793s][info][gc          ] GC(43) Concurrent class unloading 6.629ms
[2026-04-03T03:40:28.495+0600][59.793s][info][gc,start    ] GC(43) Pause Final Roots
[2026-04-03T03:40:28.495+0600][59.793s][info][gc          ] GC(43) Pause Final Roots 0.048ms
[2026-04-03T03:40:28.496+0600][59.793s][info][gc,ergo     ] Free: 1684M, Max: 512K regular, 520M humongous, Frag: 70% external, 0% internal; Reserve: 100M, Max: 512K
[2026-04-03T03:40:28.496+0600][59.793s][info][gc,stats    ] 
[2026-04-03T03:40:28.496+0600][59.793s][info][gc,stats    ] All times are wall-clock times, except per-root-class counters, that are sum over
[2026-04-03T03:40:28.496+0600][59.793s][info][gc,stats    ] all workers. Dividing the <total> over the root stage time estimates parallelism.
[2026-04-03T03:40:28.496+0600][59.793s][info][gc,stats    ] 
[2026-04-03T03:40:28.496+0600][59.793s][info][gc,stats    ] Concurrent Reset                   1493 us
[2026-04-03T03:40:28.496+0600][59.793s][info][gc,stats    ] Pause Init Mark (G)                 885 us
[2026-04-03T03:40:28.496+0600][59.793s][info][gc,stats    ] Pause Init Mark (N)                 163 us
[2026-04-03T03:40:28.496+0600][59.793s][info][gc,stats    ]   Update Region States               47 us
[2026-04-03T03:40:28.496+0600][59.793s][info][gc,stats    ] Concurrent Mark Roots               918 us, parallelism: 2.08x
[2026-04-03T03:40:28.496+0600][59.793s][info][gc,stats    ]   CMR: <total>                     1907 us
[2026-04-03T03:40:28.496+0600][59.793s][info][gc,stats    ]   CMR: Thread Roots                1698 us, workers (us): 621, 456, 621, ---, ---, ---, 
[2026-04-03T03:40:28.496+0600][59.793s][info][gc,stats    ]   CMR: VM Strong Roots               46 us, workers (us):  19,  14,  13, ---, ---, ---, 
[2026-04-03T03:40:28.496+0600][59.793s][info][gc,stats    ]   CMR: CLDG Roots                   163 us, workers (us): ---, 163, ---, ---, ---, ---, 
[2026-04-03T03:40:28.496+0600][59.793s][info][gc,stats    ] Concurrent Marking               162721 us
[2026-04-03T03:40:28.496+0600][59.793s][info][gc,stats    ] Pause Final Mark (G)               1088 us
[2026-04-03T03:40:28.496+0600][59.793s][info][gc,stats    ] Pause Final Mark (N)                850 us
[2026-04-03T03:40:28.496+0600][59.793s][info][gc,stats    ]   Finish Mark                       404 us
[2026-04-03T03:40:28.496+0600][59.793s][info][gc,stats    ]   Update Region States               75 us
[2026-04-03T03:40:28.496+0600][59.793s][info][gc,stats    ]   Choose Collection Set             114 us
[2026-04-03T03:40:28.496+0600][59.793s][info][gc,stats    ]   Rebuild Free Set                   44 us
[2026-04-03T03:40:28.496+0600][59.793s][info][gc,stats    ] Concurrent Weak References          442 us, parallelism: 0.34x
[2026-04-03T03:40:28.496+0600][59.793s][info][gc,stats    ]   CWRF: <total>                     152 us
[2026-04-03T03:40:28.496+0600][59.793s][info][gc,stats    ]   CWRF: Weak References             152 us, workers (us):  85,  23,  44, ---, ---, ---, 
[2026-04-03T03:40:28.496+0600][59.793s][info][gc,stats    ] Concurrent Weak Roots              2709 us
[2026-04-03T03:40:28.496+0600][59.793s][info][gc,stats    ]   Roots                            2349 us, parallelism: 2.45x
[2026-04-03T03:40:28.496+0600][59.793s][info][gc,stats    ]     CWR: <total>                   5767 us
[2026-04-03T03:40:28.496+0600][59.793s][info][gc,stats    ]     CWR: Code Cache Roots          4434 us, workers (us): 1458, 1490, 1487, ---, ---, ---, 
[2026-04-03T03:40:28.496+0600][59.793s][info][gc,stats    ]     CWR: VM Weak Roots             1226 us, workers (us): 446, 408, 373, ---, ---, ---, 
[2026-04-03T03:40:28.496+0600][59.793s][info][gc,stats    ]     CWR: CLDG Roots                 107 us, workers (us): 107, ---, ---, ---, ---, ---, 
[2026-04-03T03:40:28.496+0600][59.793s][info][gc,stats    ]   Rendezvous                        276 us
[2026-04-03T03:40:28.496+0600][59.793s][info][gc,stats    ] Concurrent Cleanup                  734 us
[2026-04-03T03:40:28.496+0600][59.793s][info][gc,stats    ] Concurrent Class Unloading         6703 us
[2026-04-03T03:40:28.496+0600][59.793s][info][gc,stats    ]   Unlink Stale                     6111 us
[2026-04-03T03:40:28.496+0600][59.794s][info][gc,stats    ]     System Dictionary                76 us
[2026-04-03T03:40:28.496+0600][59.794s][info][gc,stats    ]     Weak Class Links                  0 us
[2026-04-03T03:40:28.496+0600][59.794s][info][gc,stats    ]     Code Roots                     6031 us
[2026-04-03T03:40:28.496+0600][59.794s][info][gc,stats    ]   Rendezvous                        314 us
[2026-04-03T03:40:28.496+0600][59.794s][info][gc,stats    ]   Purge Unlinked                    183 us
[2026-04-03T03:40:28.496+0600][59.794s][info][gc,stats    ]     Code Roots                      172 us
[2026-04-03T03:40:28.496+0600][59.794s][info][gc,stats    ]     CLDG                             11 us
[2026-04-03T03:40:28.496+0600][59.794s][info][gc,stats    ]     Exception Caches                  0 us
[2026-04-03T03:40:28.496+0600][59.794s][info][gc,stats    ] Pause Final Roots (G)               258 us
[2026-04-03T03:40:28.496+0600][59.794s][info][gc,stats    ] Pause Final Roots (N)                63 us
[2026-04-03T03:40:28.496+0600][59.794s][info][gc,stats    ] 
[2026-04-03T03:40:28.496+0600][59.794s][info][gc,stats    ] Allocation pacing accrued:
[2026-04-03T03:40:28.496+0600][59.794s][info][gc,stats    ]       0 of   280 ms (  0.0%): <total>
[2026-04-03T03:40:28.496+0600][59.794s][info][gc,stats    ]       0 of   280 ms (  0.0%): <average total>
[2026-04-03T03:40:28.496+0600][59.794s][info][gc,stats    ] 
[2026-04-03T03:40:28.496+0600][59.794s][info][gc,metaspace] Metaspace: 73648K(74496K)->73761K(74688K) NonClass: 64290K(64768K)->64378K(64896K) Class: 9357K(9728K)->9382K(9792K)
[2026-04-03T03:40:28.496+0600][59.794s][info][gc,ergo     ] Pacer for Idle. Initial: 40960K, Alloc Tax Rate: 1.0x
[2026-04-03T03:40:28.977+0600][60.274s][info][gc          ] Cancelling GC: Stopping VM
[2026-04-03T03:40:28.977+0600][60.275s][info][gc,heap,exit] Heap
[2026-04-03T03:40:28.977+0600][60.275s][info][gc,heap,exit] Shenandoah Heap
[2026-04-03T03:40:28.977+0600][60.275s][info][gc,heap,exit]  2000M max, 2000M soft max, 1406M committed, 217M used
[2026-04-03T03:40:28.977+0600][60.275s][info][gc,heap,exit]  4000 x 512K regions
[2026-04-03T03:40:28.977+0600][60.275s][info][gc,heap,exit] Status: cancelled
[2026-04-03T03:40:28.977+0600][60.275s][info][gc,heap,exit] Reserved region:
[2026-04-03T03:40:28.977+0600][60.275s][info][gc,heap,exit]  - [0x0000000083000000, 0x0000000100000000) 
[2026-04-03T03:40:28.977+0600][60.275s][info][gc,heap,exit] Collection set:
[2026-04-03T03:40:28.977+0600][60.275s][info][gc,heap,exit]  - map (vanilla): 0x0000000000011060
[2026-04-03T03:40:28.977+0600][60.275s][info][gc,heap,exit]  - map (biased):  0x0000000000010000
[2026-04-03T03:40:28.977+0600][60.275s][info][gc,heap,exit] 
[2026-04-03T03:40:28.977+0600][60.275s][info][gc,heap,exit]  Metaspace       used 73787K, committed 74688K, reserved 1114112K
[2026-04-03T03:40:28.977+0600][60.275s][info][gc,heap,exit]   class space    used 9382K, committed 9792K, reserved 1048576K
[2026-04-03T03:40:28.977+0600][60.275s][info][gc,stats    ] 
[2026-04-03T03:40:28.977+0600][60.275s][info][gc,stats    ] GC STATISTICS:
[2026-04-03T03:40:28.977+0600][60.275s][info][gc,stats    ]   "(G)" (gross) pauses include VM time: time to notify and block threads, do the pre-
[2026-04-03T03:40:28.977+0600][60.275s][info][gc,stats    ]         and post-safepoint housekeeping. Use -Xlog:safepoint+stats to dissect.
[2026-04-03T03:40:28.977+0600][60.275s][info][gc,stats    ]   "(N)" (net) pauses are the times spent in the actual GC code.
[2026-04-03T03:40:28.977+0600][60.275s][info][gc,stats    ]   "a" is average time for each phase, look at levels to see if average makes sense.
[2026-04-03T03:40:28.977+0600][60.275s][info][gc,stats    ]   "lvls" are quantiles: 0% (minimum), 25%, 50% (median), 75%, 100% (maximum).
[2026-04-03T03:40:28.977+0600][60.275s][info][gc,stats    ] 
[2026-04-03T03:40:28.977+0600][60.275s][info][gc,stats    ]   All times are wall-clock times, except per-root-class counters, that are sum over
[2026-04-03T03:40:28.977+0600][60.275s][info][gc,stats    ]   all workers. Dividing the <total> over the root stage time estimates parallelism.
[2026-04-03T03:40:28.977+0600][60.275s][info][gc,stats    ] 
[2026-04-03T03:40:28.977+0600][60.275s][info][gc,stats    ]   Pacing delays are measured from entering the pacing code till exiting it. Therefore,
[2026-04-03T03:40:28.977+0600][60.275s][info][gc,stats    ]   observed pacing delays may be higher than the threshold when paced thread spent more
[2026-04-03T03:40:28.977+0600][60.275s][info][gc,stats    ]   time in the pacing code. It usually happens when thread is de-scheduled while paced,
[2026-04-03T03:40:28.977+0600][60.275s][info][gc,stats    ]   OS takes longer to unblock the thread, or JVM experiences an STW pause.
[2026-04-03T03:40:28.977+0600][60.275s][info][gc,stats    ] 
[2026-04-03T03:40:28.977+0600][60.275s][info][gc,stats    ]   Higher delay would prevent application outpacing the GC, but it will hide the GC latencies
[2026-04-03T03:40:28.977+0600][60.275s][info][gc,stats    ]   from the STW pause times. Pacing affects the individual threads, and so it would also be
[2026-04-03T03:40:28.977+0600][60.275s][info][gc,stats    ]   invisible to the usual profiling tools, but would add up to end-to-end application latency.
[2026-04-03T03:40:28.977+0600][60.275s][info][gc,stats    ]   Raise max pacing delay with care.
[2026-04-03T03:40:28.977+0600][60.275s][info][gc,stats    ] 
[2026-04-03T03:40:28.977+0600][60.275s][info][gc,stats    ] Concurrent Reset               =    0.090 s (a =     2036 us) (n =    44) (lvls, us =      564,     1016,     1582,     2598,     8392)
[2026-04-03T03:40:28.977+0600][60.275s][info][gc,stats    ] Pause Init Mark (G)            =    0.024 s (a =      542 us) (n =    44) (lvls, us =      201,      373,      502,      637,     1478)
[2026-04-03T03:40:28.977+0600][60.275s][info][gc,stats    ] Pause Init Mark (N)            =    0.009 s (a =      194 us) (n =    44) (lvls, us =      100,      125,      168,      225,      683)
[2026-04-03T03:40:28.977+0600][60.275s][info][gc,stats    ]   Update Region States         =    0.002 s (a =       49 us) (n =    44) (lvls, us =       22,       29,       45,       57,      113)
[2026-04-03T03:40:28.977+0600][60.275s][info][gc,stats    ] Concurrent Mark Roots          =    0.049 s (a =     1106 us) (n =    44) (lvls, us =      389,      848,      996,     1309,     2622)
[2026-04-03T03:40:28.977+0600][60.275s][info][gc,stats    ]   CMR: <total>                 =    0.085 s (a =     1935 us) (n =    44) (lvls, us =      615,     1367,     1895,     2617,     3912)
[2026-04-03T03:40:28.977+0600][60.275s][info][gc,stats    ]   CMR: Thread Roots            =    0.069 s (a =     1571 us) (n =    44) (lvls, us =      443,      982,     1562,     1953,     3358)
[2026-04-03T03:40:28.977+0600][60.275s][info][gc,stats    ]   CMR: VM Strong Roots         =    0.003 s (a =       74 us) (n =    44) (lvls, us =       15,       26,       39,       54,      749)
[2026-04-03T03:40:28.977+0600][60.275s][info][gc,stats    ]   CMR: CLDG Roots              =    0.013 s (a =      290 us) (n =    44) (lvls, us =      150,      209,      262,      348,      898)
[2026-04-03T03:40:28.978+0600][60.275s][info][gc,stats    ] Concurrent Marking             =   14.209 s (a =   322942 us) (n =    44) (lvls, us =     9961,    18945,   220703,   417969,  2228325)
[2026-04-03T03:40:28.978+0600][60.275s][info][gc,stats    ] Pause Final Mark (G)           =    0.079 s (a =     1791 us) (n =    44) (lvls, us =      686,      967,     1211,     1445,    24401)
[2026-04-03T03:40:28.978+0600][60.275s][info][gc,stats    ] Pause Final Mark (N)           =    0.065 s (a =     1485 us) (n =    44) (lvls, us =      461,      721,      928,     1172,    24241)
[2026-04-03T03:40:28.978+0600][60.275s][info][gc,stats    ]   Finish Mark                  =    0.014 s (a =      319 us) (n =    44) (lvls, us =      158,      268,      320,      365,      556)
[2026-04-03T03:40:28.978+0600][60.275s][info][gc,stats    ]   Update Region States         =    0.003 s (a =       78 us) (n =    44) (lvls, us =       42,       61,       76,       90,      144)
[2026-04-03T03:40:28.978+0600][60.275s][info][gc,stats    ]   Choose Collection Set        =    0.039 s (a =      889 us) (n =    44) (lvls, us =       94,      131,      346,      510,    23793)
[2026-04-03T03:40:28.978+0600][60.275s][info][gc,stats    ]   Rebuild Free Set             =    0.002 s (a =       51 us) (n =    44) (lvls, us =       30,       35,       47,       62,      109)
[2026-04-03T03:40:28.978+0600][60.275s][info][gc,stats    ] Concurrent Thread Roots        =    0.028 s (a =      853 us) (n =    33) (lvls, us =      498,      633,      809,     1016,     1188)
[2026-04-03T03:40:28.978+0600][60.275s][info][gc,stats    ]   CTR: <total>                 =    0.054 s (a =     1638 us) (n =    33) (lvls, us =      385,     1074,     1582,     2012,     2529)
[2026-04-03T03:40:28.978+0600][60.275s][info][gc,stats    ]   CTR: Thread Roots            =    0.054 s (a =     1638 us) (n =    33) (lvls, us =      385,     1074,     1582,     2012,     2529)
[2026-04-03T03:40:28.978+0600][60.275s][info][gc,stats    ] Concurrent Weak References     =    0.024 s (a =      537 us) (n =    44) (lvls, us =      182,      342,      441,      619,     1331)
[2026-04-03T03:40:28.978+0600][60.275s][info][gc,stats    ]   CWRF: <total>                =    0.018 s (a =      413 us) (n =    44) (lvls, us =       62,      186,      301,      549,     1281)
[2026-04-03T03:40:28.978+0600][60.275s][info][gc,stats    ]   CWRF: Weak References        =    0.018 s (a =      413 us) (n =    44) (lvls, us =       62,      186,      301,      549,     1281)
[2026-04-03T03:40:28.978+0600][60.275s][info][gc,stats    ] Concurrent Weak Roots          =    0.117 s (a =     2662 us) (n =    44) (lvls, us =     1016,     1816,     2402,     3027,    10425)
[2026-04-03T03:40:28.978+0600][60.275s][info][gc,stats    ]   Roots                        =    0.094 s (a =     2134 us) (n =    44) (lvls, us =      822,     1523,     2051,     2480,     3997)
[2026-04-03T03:40:28.978+0600][60.275s][info][gc,stats    ]     CWR: <total>               =    0.235 s (a =     5334 us) (n =    44) (lvls, us =     1973,     3809,     5176,     6270,     8873)
[2026-04-03T03:40:28.978+0600][60.275s][info][gc,stats    ]     CWR: Code Cache Roots      =    0.149 s (a =     3386 us) (n =    44) (lvls, us =      631,     2422,     3242,     4355,     6343)
[2026-04-03T03:40:28.978+0600][60.275s][info][gc,stats    ]     CWR: VM Weak Roots         =    0.082 s (a =     1862 us) (n =    44) (lvls, us =      959,     1250,     1738,     2148,     3877)
[2026-04-03T03:40:28.978+0600][60.275s][info][gc,stats    ]     CWR: CLDG Roots            =    0.004 s (a =       86 us) (n =    44) (lvls, us =       10,       44,       77,      113,      224)
[2026-04-03T03:40:28.978+0600][60.275s][info][gc,stats    ]   Rendezvous                   =    0.019 s (a =      427 us) (n =    44) (lvls, us =       85,      170,      240,      311,     8180)
[2026-04-03T03:40:28.978+0600][60.275s][info][gc,stats    ] Concurrent Cleanup             =    0.025 s (a =      577 us) (n =    44) (lvls, us =      213,      318,      582,      746,     1101)
[2026-04-03T03:40:28.978+0600][60.275s][info][gc,stats    ] Concurrent Class Unloading     =    0.465 s (a =    10578 us) (n =    44) (lvls, us =     2852,     4258,     6699,    12500,    29616)
[2026-04-03T03:40:28.978+0600][60.275s][info][gc,stats    ]   Unlink Stale                 =    0.417 s (a =     9470 us) (n =    44) (lvls, us =     1836,     3594,     6094,    11719,    28246)
[2026-04-03T03:40:28.978+0600][60.275s][info][gc,stats    ]     System Dictionary          =    0.008 s (a =      180 us) (n =    44) (lvls, us =       15,       76,      102,      316,      591)
[2026-04-03T03:40:28.978+0600][60.275s][info][gc,stats    ]     Weak Class Links           =    0.166 s (a =     3776 us) (n =    44) (lvls, us =        0,        0,        1,     7871,    19042)
[2026-04-03T03:40:28.978+0600][60.275s][info][gc,stats    ]     Code Roots                 =    0.242 s (a =     5505 us) (n =    44) (lvls, us =     1836,     3496,     5762,     6543,    10052)
[2026-04-03T03:40:28.978+0600][60.275s][info][gc,stats    ]   Rendezvous                   =    0.013 s (a =      300 us) (n =    44) (lvls, us =       96,      188,      307,      369,      599)
[2026-04-03T03:40:28.978+0600][60.275s][info][gc,stats    ]   Purge Unlinked               =    0.030 s (a =      683 us) (n =    44) (lvls, us =       10,       24,      330,      584,     6424)
[2026-04-03T03:40:28.978+0600][60.275s][info][gc,stats    ]     Code Roots                 =    0.027 s (a =      618 us) (n =    44) (lvls, us =        3,       12,      273,      533,     6188)
[2026-04-03T03:40:28.978+0600][60.275s][info][gc,stats    ]     CLDG                       =    0.003 s (a =       64 us) (n =    44) (lvls, us =        5,        9,       12,       43,      580)
[2026-04-03T03:40:28.978+0600][60.275s][info][gc,stats    ]     Exception Caches           =    0.000 s (a =        0 us) (n =    44) (lvls, us =        0,        0,        0,        0,        1)
[2026-04-03T03:40:28.978+0600][60.275s][info][gc,stats    ] Concurrent Strong Roots        =    0.033 s (a =     1010 us) (n =    33) (lvls, us =      580,      732,      988,     1113,     1508)
[2026-04-03T03:40:28.978+0600][60.275s][info][gc,stats    ]   CSR: <total>                 =    0.021 s (a =      637 us) (n =    33) (lvls, us =      328,      451,      588,      686,     1266)
[2026-04-03T03:40:28.978+0600][60.275s][info][gc,stats    ]   CSR: VM Strong Roots         =    0.001 s (a =       42 us) (n =    33) (lvls, us =       18,       28,       41,       50,       72)
[2026-04-03T03:40:28.978+0600][60.275s][info][gc,stats    ]   CSR: CLDG Roots              =    0.020 s (a =      595 us) (n =    33) (lvls, us =      309,      408,      535,      641,     1232)
[2026-04-03T03:40:28.978+0600][60.275s][info][gc,stats    ] Concurrent Evacuation          =    1.460 s (a =    44251 us) (n =    33) (lvls, us =     1289,    11719,    45508,    62109,   112135)
[2026-04-03T03:40:28.978+0600][60.275s][info][gc,stats    ] Pause Final Roots (G)          =    0.004 s (a =      349 us) (n =    11) (lvls, us =      221,      258,      332,      393,      511)
[2026-04-03T03:40:28.978+0600][60.275s][info][gc,stats    ] Pause Final Roots (N)          =    0.001 s (a =       72 us) (n =    11) (lvls, us =       46,       46,       66,       84,      100)
[2026-04-03T03:40:28.978+0600][60.275s][info][gc,stats    ] Pause Init Update Refs (G)     =    0.022 s (a =      661 us) (n =    33) (lvls, us =      227,      330,      420,      568,     5557)
[2026-04-03T03:40:28.978+0600][60.275s][info][gc,stats    ] Pause Init Update Refs (N)     =    0.005 s (a =      145 us) (n =    33) (lvls, us =       70,      111,      139,      164,      310)
[2026-04-03T03:40:28.978+0600][60.275s][info][gc,stats    ]   Manage GCLABs                =    0.001 s (a =       29 us) (n =    33) (lvls, us =        5,       16,       24,       32,      126)
[2026-04-03T03:40:28.978+0600][60.275s][info][gc,stats    ] Concurrent Update Refs         =    6.493 s (a =   196752 us) (n =    33) (lvls, us =     4160,   113281,   189453,   275391,   385382)
[2026-04-03T03:40:28.978+0600][60.275s][info][gc,stats    ] Concurrent Update Thread Roots =    0.057 s (a =     1727 us) (n =    33) (lvls, us =      498,      750,      957,     1250,    23298)
[2026-04-03T03:40:28.978+0600][60.275s][info][gc,stats    ] Pause Final Update Refs (G)    =    0.018 s (a =      559 us) (n =    33) (lvls, us =      264,      420,      578,      658,      818)
[2026-04-03T03:40:28.978+0600][60.275s][info][gc,stats    ] Pause Final Update Refs (N)    =    0.009 s (a =      261 us) (n =    33) (lvls, us =      146,      209,      266,      291,      406)
[2026-04-03T03:40:28.978+0600][60.275s][info][gc,stats    ]   Update Region States         =    0.003 s (a =       79 us) (n =    33) (lvls, us =       44,       59,       70,       91,      150)
[2026-04-03T03:40:28.978+0600][60.275s][info][gc,stats    ]   Trash Collection Set         =    0.001 s (a =       21 us) (n =    33) (lvls, us =        7,       14,       18,       24,       58)
[2026-04-03T03:40:28.978+0600][60.275s][info][gc,stats    ]   Rebuild Free Set             =    0.002 s (a =       49 us) (n =    33) (lvls, us =       28,       41,       46,       51,       99)
[2026-04-03T03:40:28.978+0600][60.275s][info][gc,stats    ] Concurrent Cleanup             =    0.021 s (a =      642 us) (n =    33) (lvls, us =      215,      408,      537,      801,     1339)
[2026-04-03T03:40:28.978+0600][60.275s][info][gc,stats    ] Concurrent Uncommit            =    0.569 s (a =   189786 us) (n =     3) (lvls, us =   125000,   125000,   125000,   162109,   279905)
[2026-04-03T03:40:28.978+0600][60.275s][info][gc,stats    ] Pacing                         =    2.817 s (a =    64033 us) (n =    44) (lvls, us =        0,        0,        0,    64844,   418462)
[2026-04-03T03:40:28.978+0600][60.275s][info][gc,stats    ] 
[2026-04-03T03:40:28.978+0600][60.275s][info][gc,stats    ] 
[2026-04-03T03:40:28.978+0600][60.275s][info][gc,stats    ] Under allocation pressure, concurrent cycles may cancel, and either continue cycle
[2026-04-03T03:40:28.978+0600][60.275s][info][gc,stats    ] under stop-the-world pause or result in stop-the-world Full GC. Increase heap size,
[2026-04-03T03:40:28.978+0600][60.275s][info][gc,stats    ] tune GC heuristics, set more aggressive pacing delay, or lower allocation rate
[2026-04-03T03:40:28.978+0600][60.275s][info][gc,stats    ] to avoid Degenerated and Full GC cycles.
[2026-04-03T03:40:28.978+0600][60.275s][info][gc,stats    ] 
[2026-04-03T03:40:28.978+0600][60.275s][info][gc,stats    ]    44 successful concurrent GCs
[2026-04-03T03:40:28.978+0600][60.275s][info][gc,stats    ]       3 invoked explicitly
[2026-04-03T03:40:28.978+0600][60.275s][info][gc,stats    ]       0 invoked implicitly
[2026-04-03T03:40:28.978+0600][60.276s][info][gc,stats    ] 
[2026-04-03T03:40:28.978+0600][60.276s][info][gc,stats    ]     0 Degenerated GCs
[2026-04-03T03:40:28.978+0600][60.276s][info][gc,stats    ]       0 caused by allocation failure
[2026-04-03T03:40:28.978+0600][60.276s][info][gc,stats    ]       0 upgraded to Full GC
[2026-04-03T03:40:28.978+0600][60.276s][info][gc,stats    ] 
[2026-04-03T03:40:28.978+0600][60.276s][info][gc,stats    ]     0 Full GCs
[2026-04-03T03:40:28.978+0600][60.276s][info][gc,stats    ]       0 invoked explicitly
[2026-04-03T03:40:28.978+0600][60.276s][info][gc,stats    ]       0 invoked implicitly
[2026-04-03T03:40:28.978+0600][60.276s][info][gc,stats    ]       0 caused by allocation failure
[2026-04-03T03:40:28.978+0600][60.276s][info][gc,stats    ]       0 upgraded from Degenerated GC
[2026-04-03T03:40:28.978+0600][60.276s][info][gc,stats    ] 
[2026-04-03T03:40:28.978+0600][60.276s][info][gc,stats    ] 
