[2026-04-03T03:22:02.707+0600][0.006s][info][gc] Heuristics ergonomically sets -XX:+ExplicitGCInvokesConcurrent
[2026-04-03T03:22:02.707+0600][0.006s][info][gc] Heuristics ergonomically sets -XX:+ShenandoahImplicitGCInvokesConcurrent
[2026-04-03T03:22:02.707+0600][0.006s][info][gc] Using Shenandoah
[2026-04-03T03:22:02.708+0600][0.007s][info][gc,ergo] Pacer for Idle. Initial: 20480K, Alloc Tax Rate: 1.0x
[2026-04-03T03:22:02.709+0600][0.007s][info][gc,init] Version: 21.0.10+7-Ubuntu-124.04 (release)
[2026-04-03T03:22:02.709+0600][0.007s][info][gc,init] CPUs: 12 total, 12 available
[2026-04-03T03:22:02.709+0600][0.007s][info][gc,init] Memory: 15683M
[2026-04-03T03:22:02.709+0600][0.007s][info][gc,init] Large Page Support: Disabled
[2026-04-03T03:22:02.709+0600][0.007s][info][gc,init] NUMA Support: Disabled
[2026-04-03T03:22:02.709+0600][0.007s][info][gc,init] Compressed Oops: Enabled (32-bit)
[2026-04-03T03:22:02.709+0600][0.007s][info][gc,init] Heap Min Capacity: 6656K
[2026-04-03T03:22:02.709+0600][0.007s][info][gc,init] Heap Initial Capacity: 251136K
[2026-04-03T03:22:02.709+0600][0.007s][info][gc,init] Heap Max Capacity: 1000M
[2026-04-03T03:22:02.709+0600][0.007s][info][gc,init] Pre-touch: Disabled
[2026-04-03T03:22:02.709+0600][0.007s][info][gc,init] Mode: Snapshot-At-The-Beginning (SATB)
[2026-04-03T03:22:02.709+0600][0.007s][info][gc,init] Heuristics: Adaptive
[2026-04-03T03:22:02.709+0600][0.007s][info][gc,init] Heap Region Count: 4000
[2026-04-03T03:22:02.709+0600][0.007s][info][gc,init] Heap Region Size: 256K
[2026-04-03T03:22:02.709+0600][0.007s][info][gc,init] TLAB Size Max: 256K
[2026-04-03T03:22:02.709+0600][0.007s][info][gc,init] Humongous Object Threshold: 256K
[2026-04-03T03:22:02.709+0600][0.007s][info][gc,init] Parallel Workers: 6
[2026-04-03T03:22:02.709+0600][0.007s][info][gc,init] Concurrent Workers: 3
[2026-04-03T03:22:02.720+0600][0.018s][info][gc,metaspace] CDS archive(s) mapped at: [0x00007609a3000000-0x00007609a3c9c000-0x00007609a3c9c000), size 13221888, SharedBaseAddress: 0x00007609a3000000, ArchiveRelocationMode: 1.
[2026-04-03T03:22:02.720+0600][0.018s][info][gc,metaspace] Compressed class space mapped at: 0x00007609a4000000-0x00007609e4000000, reserved size: 1073741824
[2026-04-03T03:22:02.720+0600][0.018s][info][gc,metaspace] Narrow klass base: 0x00007609a3000000, Narrow klass shift: 0, Narrow klass range: 0x100000000
[2026-04-03T03:22:03.936+0600][1.234s][info][gc          ] Trigger: Learning 1 of 5. Free (699M) is below initial threshold (700M)
[2026-04-03T03:22:03.936+0600][1.235s][info][gc,ergo     ] Free: 699M, Max: 256K regular, 699M humongous, Frag: 0% external, 0% internal; Reserve: 51200K, Max: 256K
[2026-04-03T03:22:03.936+0600][1.235s][info][gc,start    ] GC(0) Concurrent reset
[2026-04-03T03:22:03.936+0600][1.235s][info][gc,task     ] GC(0) Using 3 of 6 workers for concurrent reset
[2026-04-03T03:22:03.936+0600][1.235s][info][gc,ergo     ] GC(0) Pacer for Reset. Non-Taxable: 1000M
[2026-04-03T03:22:03.937+0600][1.235s][info][gc          ] GC(0) Concurrent reset 0.822ms
[2026-04-03T03:22:03.937+0600][1.236s][info][gc,start    ] GC(0) Pause Init Mark (unload classes)
[2026-04-03T03:22:03.937+0600][1.236s][info][gc,task     ] GC(0) Using 6 of 6 workers for init marking
[2026-04-03T03:22:03.937+0600][1.236s][info][gc,ergo     ] GC(0) Pacer for Mark. Expected Live: 100M, Free: 699M, Non-Taxable: 71628K, Alloc Tax Rate: 0.2x
[2026-04-03T03:22:03.937+0600][1.236s][info][gc          ] GC(0) Pause Init Mark (unload classes) 0.595ms
[2026-04-03T03:22:03.937+0600][1.236s][info][gc,start    ] GC(0) Concurrent marking roots
[2026-04-03T03:22:03.937+0600][1.236s][info][gc,task     ] GC(0) Using 3 of 6 workers for concurrent marking roots
[2026-04-03T03:22:03.938+0600][1.237s][info][gc          ] GC(0) Concurrent marking roots 0.894ms
[2026-04-03T03:22:03.938+0600][1.237s][info][gc,start    ] GC(0) Concurrent marking (unload classes)
[2026-04-03T03:22:03.938+0600][1.237s][info][gc,task     ] GC(0) Using 3 of 6 workers for concurrent marking
[2026-04-03T03:22:03.944+0600][1.242s][info][gc          ] GC(0) Concurrent marking (unload classes) 5.214ms
[2026-04-03T03:22:03.944+0600][1.243s][info][gc,start    ] GC(0) Pause Final Mark (unload classes)
[2026-04-03T03:22:03.944+0600][1.243s][info][gc,task     ] GC(0) Using 6 of 6 workers for final marking
[2026-04-03T03:22:03.944+0600][1.243s][info][gc,ergo     ] GC(0) Adaptive CSet Selection. Target Free: 141M, Actual Free: 823M, Max CSet: 42666K, Min Garbage: 0B
[2026-04-03T03:22:03.944+0600][1.243s][info][gc,ergo     ] GC(0) Collectable Garbage: 246M (99%), Immediate: 77568K (30%), CSet: 170M (69%)
[2026-04-03T03:22:03.944+0600][1.243s][info][gc,ergo     ] GC(0) Pacer for Evacuation. Used CSet: 173M, Free: 773M, Non-Taxable: 79206K, Alloc Tax Rate: 1.1x
[2026-04-03T03:22:03.944+0600][1.243s][info][gc          ] GC(0) Pause Final Mark (unload classes) 0.613ms
[2026-04-03T03:22:03.944+0600][1.243s][info][gc,start    ] GC(0) Concurrent thread roots
[2026-04-03T03:22:03.944+0600][1.243s][info][gc,task     ] GC(0) Using 3 of 6 workers for Concurrent thread roots
[2026-04-03T03:22:03.945+0600][1.243s][info][gc          ] GC(0) Concurrent thread roots 0.158ms
[2026-04-03T03:22:03.945+0600][1.243s][info][gc,start    ] GC(0) Concurrent weak references
[2026-04-03T03:22:03.945+0600][1.243s][info][gc,task     ] GC(0) Using 3 of 6 workers for concurrent weak references
[2026-04-03T03:22:03.945+0600][1.244s][info][gc,ref      ] GC(0) Encountered references: Soft: 211, Weak: 921, Final: 0, Phantom: 28
[2026-04-03T03:22:03.945+0600][1.244s][info][gc,ref      ] GC(0) Discovered  references: Soft: 0, Weak: 693, Final: 0, Phantom: 15
[2026-04-03T03:22:03.945+0600][1.244s][info][gc,ref      ] GC(0) Enqueued    references: Soft: 0, Weak: 272, Final: 0, Phantom: 0
[2026-04-03T03:22:03.945+0600][1.244s][info][gc          ] GC(0) Concurrent weak references 0.330ms
[2026-04-03T03:22:03.945+0600][1.244s][info][gc,start    ] GC(0) Concurrent weak roots
[2026-04-03T03:22:03.945+0600][1.244s][info][gc,task     ] GC(0) Using 3 of 6 workers for concurrent weak root
[2026-04-03T03:22:03.946+0600][1.244s][info][gc          ] GC(0) Concurrent weak roots 0.673ms
[2026-04-03T03:22:03.946+0600][1.244s][info][gc,start    ] GC(0) Concurrent cleanup
[2026-04-03T03:22:03.946+0600][1.245s][info][gc          ] GC(0) Concurrent cleanup 252M->177M(253M) 0.232ms
[2026-04-03T03:22:03.946+0600][1.245s][info][gc,ergo     ] GC(0) Free: 773M, Max: 256K regular, 697M humongous, Frag: 10% external, 0% internal; Reserve: 50432K, Max: 256K
[2026-04-03T03:22:03.946+0600][1.245s][info][gc,start    ] GC(0) Concurrent class unloading
[2026-04-03T03:22:03.946+0600][1.245s][info][gc,task     ] GC(0) Using 3 of 6 workers for concurrent class unloading
[2026-04-03T03:22:03.947+0600][1.246s][info][gc          ] GC(0) Concurrent class unloading 1.277ms
[2026-04-03T03:22:03.947+0600][1.246s][info][gc,start    ] GC(0) Concurrent strong roots
[2026-04-03T03:22:03.947+0600][1.246s][info][gc,task     ] GC(0) Using 3 of 6 workers for concurrent strong root
[2026-04-03T03:22:03.948+0600][1.246s][info][gc          ] GC(0) Concurrent strong roots 0.503ms
[2026-04-03T03:22:03.948+0600][1.247s][info][gc,start    ] GC(0) Concurrent evacuation
[2026-04-03T03:22:03.948+0600][1.247s][info][gc,task     ] GC(0) Using 3 of 6 workers for concurrent evacuation
[2026-04-03T03:22:03.951+0600][1.250s][info][gc          ] GC(0) Concurrent evacuation 3.425ms
[2026-04-03T03:22:03.951+0600][1.250s][info][gc,start    ] GC(0) Pause Init Update Refs
[2026-04-03T03:22:03.951+0600][1.250s][info][gc,ergo     ] GC(0) Pacer for Update Refs. Used: 181M, Free: 771M, Non-Taxable: 79031K, Alloc Tax Rate: 1.1x
[2026-04-03T03:22:03.951+0600][1.250s][info][gc          ] GC(0) Pause Init Update Refs 0.045ms
[2026-04-03T03:22:03.951+0600][1.250s][info][gc,start    ] GC(0) Concurrent update references
[2026-04-03T03:22:03.951+0600][1.250s][info][gc,task     ] GC(0) Using 3 of 6 workers for concurrent reference update
[2026-04-03T03:22:03.954+0600][1.253s][info][gc          ] GC(0) Concurrent update references 2.792ms
[2026-04-03T03:22:03.954+0600][1.253s][info][gc,start    ] GC(0) Concurrent update thread roots
[2026-04-03T03:22:03.954+0600][1.253s][info][gc          ] GC(0) Concurrent update thread roots 0.206ms
[2026-04-03T03:22:03.955+0600][1.253s][info][gc,start    ] GC(0) Pause Final Update Refs
[2026-04-03T03:22:03.955+0600][1.253s][info][gc,task     ] GC(0) Using 6 of 6 workers for final reference update
[2026-04-03T03:22:03.955+0600][1.254s][info][gc          ] GC(0) Pause Final Update Refs 0.167ms
[2026-04-03T03:22:03.955+0600][1.254s][info][gc,start    ] GC(0) Concurrent cleanup
[2026-04-03T03:22:03.955+0600][1.254s][info][gc          ] GC(0) Concurrent cleanup 182M->9M(256M) 0.275ms
[2026-04-03T03:22:03.955+0600][1.254s][info][gc,ergo     ] Free: 940M, Max: 256K regular, 694M humongous, Frag: 27% external, 0% internal; Reserve: 51200K, Max: 256K
[2026-04-03T03:22:03.955+0600][1.254s][info][gc,stats    ] 
[2026-04-03T03:22:03.955+0600][1.254s][info][gc,stats    ] All times are wall-clock times, except per-root-class counters, that are sum over
[2026-04-03T03:22:03.955+0600][1.254s][info][gc,stats    ] all workers. Dividing the <total> over the root stage time estimates parallelism.
[2026-04-03T03:22:03.955+0600][1.254s][info][gc,stats    ] 
[2026-04-03T03:22:03.955+0600][1.254s][info][gc,stats    ] Concurrent Reset                    841 us
[2026-04-03T03:22:03.955+0600][1.254s][info][gc,stats    ] Pause Init Mark (G)                 795 us
[2026-04-03T03:22:03.955+0600][1.254s][info][gc,stats    ] Pause Init Mark (N)                 610 us
[2026-04-03T03:22:03.955+0600][1.254s][info][gc,stats    ]   Update Region States               21 us
[2026-04-03T03:22:03.955+0600][1.254s][info][gc,stats    ] Concurrent Mark Roots               933 us, parallelism: 1.96x
[2026-04-03T03:22:03.955+0600][1.254s][info][gc,stats    ]   CMR: <total>                     1829 us
[2026-04-03T03:22:03.955+0600][1.254s][info][gc,stats    ]   CMR: Thread Roots                 901 us, workers (us): 280,   2, 619, ---, ---, ---, 
[2026-04-03T03:22:03.955+0600][1.254s][info][gc,stats    ]   CMR: VM Strong Roots              583 us, workers (us): 272, 169, 141, ---, ---, ---, 
[2026-04-03T03:22:03.955+0600][1.254s][info][gc,stats    ]   CMR: CLDG Roots                   346 us, workers (us): ---, 346, ---, ---, ---, ---, 
[2026-04-03T03:22:03.955+0600][1.254s][info][gc,stats    ] Concurrent Marking                 5287 us
[2026-04-03T03:22:03.955+0600][1.254s][info][gc,stats    ] Pause Final Mark (G)                751 us
[2026-04-03T03:22:03.955+0600][1.254s][info][gc,stats    ] Pause Final Mark (N)                624 us
[2026-04-03T03:22:03.955+0600][1.254s][info][gc,stats    ]   Finish Mark                       252 us
[2026-04-03T03:22:03.955+0600][1.254s][info][gc,stats    ]   Update Region States               50 us
[2026-04-03T03:22:03.955+0600][1.254s][info][gc,stats    ]   Choose Collection Set             220 us
[2026-04-03T03:22:03.955+0600][1.254s][info][gc,stats    ]   Rebuild Free Set                   31 us
[2026-04-03T03:22:03.955+0600][1.254s][info][gc,stats    ] Concurrent Thread Roots             175 us, parallelism: 1.03x
[2026-04-03T03:22:03.955+0600][1.254s][info][gc,stats    ]   CTR: <total>                      180 us
[2026-04-03T03:22:03.955+0600][1.254s][info][gc,stats    ]   CTR: Thread Roots                 180 us, workers (us):  92,  88,   0, ---, ---, ---, 
[2026-04-03T03:22:03.955+0600][1.254s][info][gc,stats    ] Concurrent Weak References          340 us, parallelism: 0.58x
[2026-04-03T03:22:03.955+0600][1.254s][info][gc,stats    ]   CWRF: <total>                     196 us
[2026-04-03T03:22:03.955+0600][1.254s][info][gc,stats    ]   CWRF: Weak References             196 us, workers (us): 196,   1,   0, ---, ---, ---, 
[2026-04-03T03:22:03.955+0600][1.254s][info][gc,stats    ] Concurrent Weak Roots               709 us
[2026-04-03T03:22:03.955+0600][1.254s][info][gc,stats    ]   Roots                             564 us, parallelism: 2.08x
[2026-04-03T03:22:03.955+0600][1.254s][info][gc,stats    ]     CWR: <total>                   1173 us
[2026-04-03T03:22:03.955+0600][1.254s][info][gc,stats    ]     CWR: Code Cache Roots           438 us, workers (us): 106, 192, 139, ---, ---, ---, 
[2026-04-03T03:22:03.955+0600][1.254s][info][gc,stats    ]     CWR: VM Weak Roots              727 us, workers (us): 297, 259, 171, ---, ---, ---, 
[2026-04-03T03:22:03.955+0600][1.254s][info][gc,stats    ]     CWR: CLDG Roots                   8 us, workers (us): ---, ---,   8, ---, ---, ---, 
[2026-04-03T03:22:03.955+0600][1.254s][info][gc,stats    ]   Rendezvous                         90 us
[2026-04-03T03:22:03.955+0600][1.254s][info][gc,stats    ] Concurrent Cleanup                  248 us
[2026-04-03T03:22:03.955+0600][1.254s][info][gc,stats    ] Concurrent Class Unloading         1315 us
[2026-04-03T03:22:03.955+0600][1.254s][info][gc,stats    ]   Unlink Stale                      881 us
[2026-04-03T03:22:03.955+0600][1.254s][info][gc,stats    ]     System Dictionary                 9 us
[2026-04-03T03:22:03.955+0600][1.254s][info][gc,stats    ]     Weak Class Links                  0 us
[2026-04-03T03:22:03.955+0600][1.254s][info][gc,stats    ]     Code Roots                      870 us
[2026-04-03T03:22:03.956+0600][1.254s][info][gc,stats    ]   Rendezvous                        163 us
[2026-04-03T03:22:03.956+0600][1.254s][info][gc,stats    ]   Purge Unlinked                    212 us
[2026-04-03T03:22:03.956+0600][1.254s][info][gc,stats    ]     Code Roots                      207 us
[2026-04-03T03:22:03.956+0600][1.254s][info][gc,stats    ]     CLDG                              5 us
[2026-04-03T03:22:03.956+0600][1.254s][info][gc,stats    ]     Exception Caches                  0 us
[2026-04-03T03:22:03.956+0600][1.254s][info][gc,stats    ] Concurrent Strong Roots             543 us, parallelism: 0.80x
[2026-04-03T03:22:03.956+0600][1.254s][info][gc,stats    ]   CSR: <total>                      437 us
[2026-04-03T03:22:03.956+0600][1.254s][info][gc,stats    ]   CSR: VM Strong Roots               12 us, workers (us):  12,   1,   0, ---, ---, ---, 
[2026-04-03T03:22:03.956+0600][1.254s][info][gc,stats    ]   CSR: CLDG Roots                   425 us, workers (us): 425, ---, ---, ---, ---, ---, 
[2026-04-03T03:22:03.956+0600][1.254s][info][gc,stats    ] Concurrent Evacuation              3478 us
[2026-04-03T03:22:03.956+0600][1.254s][info][gc,stats    ] Pause Init Update Refs (G)          195 us
[2026-04-03T03:22:03.956+0600][1.254s][info][gc,stats    ] Pause Init Update Refs (N)           55 us
[2026-04-03T03:22:03.956+0600][1.254s][info][gc,stats    ]   Manage GCLABs                       5 us
[2026-04-03T03:22:03.956+0600][1.254s][info][gc,stats    ] Concurrent Update Refs             2844 us
[2026-04-03T03:22:03.956+0600][1.254s][info][gc,stats    ] Concurrent Update Thread Roots      228 us
[2026-04-03T03:22:03.956+0600][1.254s][info][gc,stats    ] Pause Final Update Refs (G)         383 us
[2026-04-03T03:22:03.956+0600][1.254s][info][gc,stats    ] Pause Final Update Refs (N)         179 us
[2026-04-03T03:22:03.956+0600][1.254s][info][gc,stats    ]   Update Region States               55 us
[2026-04-03T03:22:03.956+0600][1.254s][info][gc,stats    ]   Trash Collection Set               33 us
[2026-04-03T03:22:03.956+0600][1.254s][info][gc,stats    ]   Rebuild Free Set                   34 us
[2026-04-03T03:22:03.956+0600][1.254s][info][gc,stats    ] Concurrent Cleanup                  292 us
[2026-04-03T03:22:03.956+0600][1.254s][info][gc,stats    ] 
[2026-04-03T03:22:03.956+0600][1.254s][info][gc,stats    ] Allocation pacing accrued:
[2026-04-03T03:22:03.956+0600][1.254s][info][gc,stats    ]       0 of  1247 ms (  0.0%): <total>
[2026-04-03T03:22:03.956+0600][1.254s][info][gc,stats    ]       0 of  1247 ms (  0.0%): <average total>
[2026-04-03T03:22:03.956+0600][1.254s][info][gc,stats    ] 
[2026-04-03T03:22:03.956+0600][1.255s][info][gc,metaspace] Metaspace: 11223K(11456K)->11405K(11584K) NonClass: 9778K(9920K)->9886K(9984K) Class: 1444K(1536K)->1518K(1600K)
[2026-04-03T03:22:03.956+0600][1.255s][info][gc,ergo     ] Pacer for Idle. Initial: 20480K, Alloc Tax Rate: 1.0x
[2026-04-03T03:22:06.773+0600][4.072s][info][gc          ] Trigger: Metadata GC Threshold
[2026-04-03T03:22:06.773+0600][4.072s][info][gc,ergo     ] Free: 829M, Max: 256K regular, 694M humongous, Frag: 17% external, 0% internal; Reserve: 51200K, Max: 256K
[2026-04-03T03:22:06.773+0600][4.072s][info][gc,start    ] GC(1) Concurrent reset
[2026-04-03T03:22:06.773+0600][4.072s][info][gc,task     ] GC(1) Using 3 of 6 workers for concurrent reset
[2026-04-03T03:22:06.773+0600][4.072s][info][gc,ergo     ] GC(1) Pacer for Reset. Non-Taxable: 1000M
[2026-04-03T03:22:06.776+0600][4.075s][info][gc          ] GC(1) Concurrent reset 3.349ms
[2026-04-03T03:22:06.777+0600][4.076s][info][gc,start    ] GC(1) Pause Init Mark (unload classes)
[2026-04-03T03:22:06.777+0600][4.076s][info][gc,task     ] GC(1) Using 6 of 6 workers for init marking
[2026-04-03T03:22:06.777+0600][4.076s][info][gc,ergo     ] GC(1) Pacer for Mark. Expected Live: 3848K, Free: 829M, Non-Taxable: 84924K, Alloc Tax Rate: 0.0x
[2026-04-03T03:22:06.777+0600][4.076s][info][gc          ] GC(1) Pause Init Mark (unload classes) 0.100ms
[2026-04-03T03:22:06.777+0600][4.076s][info][gc,start    ] GC(1) Concurrent marking roots
[2026-04-03T03:22:06.777+0600][4.076s][info][gc,task     ] GC(1) Using 3 of 6 workers for concurrent marking roots
[2026-04-03T03:22:06.779+0600][4.078s][info][gc          ] GC(1) Concurrent marking roots 2.348ms
[2026-04-03T03:22:06.779+0600][4.078s][info][gc,start    ] GC(1) Concurrent marking (unload classes)
[2026-04-03T03:22:06.779+0600][4.078s][info][gc,task     ] GC(1) Using 3 of 6 workers for concurrent marking
[2026-04-03T03:22:06.785+0600][4.084s][info][gc          ] GC(1) Concurrent marking (unload classes) 5.600ms
[2026-04-03T03:22:06.785+0600][4.084s][info][gc,start    ] GC(1) Pause Final Mark (unload classes)
[2026-04-03T03:22:06.785+0600][4.084s][info][gc,task     ] GC(1) Using 6 of 6 workers for final marking
[2026-04-03T03:22:06.785+0600][4.084s][info][gc,ergo     ] GC(1) Adaptive CSet Selection. Target Free: 141M, Actual Free: 901M, Max CSet: 42666K, Min Garbage: 0B
[2026-04-03T03:22:06.786+0600][4.084s][info][gc,ergo     ] GC(1) Collectable Garbage: 100M (99%), Immediate: 23723K (23%), CSet: 78749K (76%)
[2026-04-03T03:22:06.786+0600][4.084s][info][gc,ergo     ] GC(1) Pacer for Evacuation. Used CSet: 85945K, Free: 852M, Non-Taxable: 87268K, Alloc Tax Rate: 1.1x
[2026-04-03T03:22:06.786+0600][4.084s][info][gc          ] GC(1) Pause Final Mark (unload classes) 0.645ms
[2026-04-03T03:22:06.786+0600][4.085s][info][gc,start    ] GC(1) Concurrent thread roots
[2026-04-03T03:22:06.786+0600][4.085s][info][gc,task     ] GC(1) Using 3 of 6 workers for Concurrent thread roots
[2026-04-03T03:22:06.787+0600][4.085s][info][gc          ] GC(1) Concurrent thread roots 0.763ms
[2026-04-03T03:22:06.787+0600][4.085s][info][gc,start    ] GC(1) Concurrent weak references
[2026-04-03T03:22:06.787+0600][4.085s][info][gc,task     ] GC(1) Using 3 of 6 workers for concurrent weak references
[2026-04-03T03:22:06.787+0600][4.086s][info][gc,ref      ] GC(1) Encountered references: Soft: 3500, Weak: 1210, Final: 0, Phantom: 563
[2026-04-03T03:22:06.787+0600][4.086s][info][gc,ref      ] GC(1) Discovered  references: Soft: 0, Weak: 864, Final: 0, Phantom: 490
[2026-04-03T03:22:06.787+0600][4.086s][info][gc,ref      ] GC(1) Enqueued    references: Soft: 0, Weak: 203, Final: 0, Phantom: 0
[2026-04-03T03:22:06.787+0600][4.086s][info][gc          ] GC(1) Concurrent weak references 0.443ms
[2026-04-03T03:22:06.787+0600][4.086s][info][gc,start    ] GC(1) Concurrent weak roots
[2026-04-03T03:22:06.787+0600][4.086s][info][gc,task     ] GC(1) Using 3 of 6 workers for concurrent weak root
[2026-04-03T03:22:06.788+0600][4.087s][info][gc          ] GC(1) Concurrent weak roots 0.863ms
[2026-04-03T03:22:06.788+0600][4.087s][info][gc,start    ] GC(1) Concurrent cleanup
[2026-04-03T03:22:06.788+0600][4.087s][info][gc          ] GC(1) Concurrent cleanup 120M->97M(257M) 0.582ms
[2026-04-03T03:22:06.789+0600][4.087s][info][gc,ergo     ] GC(1) Free: 852M, Max: 256K regular, 694M humongous, Frag: 19% external, 0% internal; Reserve: 49920K, Max: 256K
[2026-04-03T03:22:06.789+0600][4.087s][info][gc,start    ] GC(1) Concurrent class unloading
[2026-04-03T03:22:06.789+0600][4.087s][info][gc,task     ] GC(1) Using 3 of 6 workers for concurrent class unloading
[2026-04-03T03:22:06.791+0600][4.090s][info][gc          ] GC(1) Concurrent class unloading 2.233ms
[2026-04-03T03:22:06.791+0600][4.090s][info][gc,start    ] GC(1) Concurrent strong roots
[2026-04-03T03:22:06.791+0600][4.090s][info][gc,task     ] GC(1) Using 3 of 6 workers for concurrent strong root
[2026-04-03T03:22:06.791+0600][4.090s][info][gc          ] GC(1) Concurrent strong roots 0.521ms
[2026-04-03T03:22:06.791+0600][4.090s][info][gc,start    ] GC(1) Concurrent evacuation
[2026-04-03T03:22:06.791+0600][4.090s][info][gc,task     ] GC(1) Using 3 of 6 workers for concurrent evacuation
[2026-04-03T03:22:06.796+0600][4.095s][info][gc          ] GC(1) Concurrent evacuation 4.785ms
[2026-04-03T03:22:06.796+0600][4.095s][info][gc,start    ] GC(1) Pause Init Update Refs
[2026-04-03T03:22:06.796+0600][4.095s][info][gc,ergo     ] GC(1) Pacer for Update Refs. Used: 104M, Free: 851M, Non-Taxable: 87229K, Alloc Tax Rate: 1.1x
[2026-04-03T03:22:06.796+0600][4.095s][info][gc          ] GC(1) Pause Init Update Refs 0.061ms
[2026-04-03T03:22:06.796+0600][4.095s][info][gc,start    ] GC(1) Concurrent update references
[2026-04-03T03:22:06.797+0600][4.095s][info][gc,task     ] GC(1) Using 3 of 6 workers for concurrent reference update
[2026-04-03T03:22:06.800+0600][4.099s][info][gc          ] GC(1) Concurrent update references 4.019ms
[2026-04-03T03:22:06.801+0600][4.099s][info][gc,start    ] GC(1) Concurrent update thread roots
[2026-04-03T03:22:06.801+0600][4.100s][info][gc          ] GC(1) Concurrent update thread roots 0.429ms
[2026-04-03T03:22:06.801+0600][4.100s][info][gc,start    ] GC(1) Pause Final Update Refs
[2026-04-03T03:22:06.801+0600][4.100s][info][gc,task     ] GC(1) Using 6 of 6 workers for final reference update
[2026-04-03T03:22:06.801+0600][4.100s][info][gc          ] GC(1) Pause Final Update Refs 0.168ms
[2026-04-03T03:22:06.801+0600][4.100s][info][gc,start    ] GC(1) Concurrent cleanup
[2026-04-03T03:22:06.802+0600][4.101s][info][gc          ] GC(1) Concurrent cleanup 104M->20M(264M) 0.661ms
[2026-04-03T03:22:06.802+0600][4.101s][info][gc,ergo     ] Free: 928M, Max: 256K regular, 823M humongous, Frag: 12% external, 0% internal; Reserve: 51200K, Max: 256K
[2026-04-03T03:22:06.802+0600][4.101s][info][gc,stats    ] 
[2026-04-03T03:22:06.802+0600][4.101s][info][gc,stats    ] All times are wall-clock times, except per-root-class counters, that are sum over
[2026-04-03T03:22:06.802+0600][4.101s][info][gc,stats    ] all workers. Dividing the <total> over the root stage time estimates parallelism.
[2026-04-03T03:22:06.802+0600][4.101s][info][gc,stats    ] 
[2026-04-03T03:22:06.802+0600][4.101s][info][gc,stats    ] Concurrent Reset                   3399 us
[2026-04-03T03:22:06.802+0600][4.101s][info][gc,stats    ] Pause Init Mark (G)                 528 us
[2026-04-03T03:22:06.802+0600][4.101s][info][gc,stats    ] Pause Init Mark (N)                 110 us
[2026-04-03T03:22:06.802+0600][4.101s][info][gc,stats    ]   Update Region States               25 us
[2026-04-03T03:22:06.802+0600][4.101s][info][gc,stats    ] Concurrent Mark Roots              2378 us, parallelism: 1.07x
[2026-04-03T03:22:06.802+0600][4.101s][info][gc,stats    ]   CMR: <total>                     2534 us
[2026-04-03T03:22:06.802+0600][4.101s][info][gc,stats    ]   CMR: Thread Roots                2116 us, workers (us): 2060,  56,   0, ---, ---, ---, 
[2026-04-03T03:22:06.802+0600][4.101s][info][gc,stats    ]   CMR: VM Strong Roots              189 us, workers (us):  70,  98,  22, ---, ---, ---, 
[2026-04-03T03:22:06.802+0600][4.101s][info][gc,stats    ]   CMR: CLDG Roots                   228 us, workers (us): ---, ---, 228, ---, ---, ---, 
[2026-04-03T03:22:06.802+0600][4.101s][info][gc,stats    ] Concurrent Marking                 5655 us
[2026-04-03T03:22:06.802+0600][4.101s][info][gc,stats    ] Pause Final Mark (G)                745 us
[2026-04-03T03:22:06.802+0600][4.101s][info][gc,stats    ] Pause Final Mark (N)                657 us
[2026-04-03T03:22:06.802+0600][4.101s][info][gc,stats    ]   Finish Mark                       310 us
[2026-04-03T03:22:06.802+0600][4.101s][info][gc,stats    ]   Update Region States               39 us
[2026-04-03T03:22:06.802+0600][4.101s][info][gc,stats    ]   Choose Collection Set             191 us
[2026-04-03T03:22:06.802+0600][4.101s][info][gc,stats    ]   Rebuild Free Set                   32 us
[2026-04-03T03:22:06.802+0600][4.101s][info][gc,stats    ] Concurrent Thread Roots             783 us, parallelism: 0.92x
[2026-04-03T03:22:06.802+0600][4.101s][info][gc,stats    ]   CTR: <total>                      720 us
[2026-04-03T03:22:06.802+0600][4.101s][info][gc,stats    ]   CTR: Thread Roots                 720 us, workers (us): 641,  56,  24, ---, ---, ---, 
[2026-04-03T03:22:06.802+0600][4.101s][info][gc,stats    ] Concurrent Weak References          452 us, parallelism: 0.90x
[2026-04-03T03:22:06.802+0600][4.101s][info][gc,stats    ]   CWRF: <total>                     408 us
[2026-04-03T03:22:06.802+0600][4.101s][info][gc,stats    ]   CWRF: Weak References             408 us, workers (us): 165, 242,   1, ---, ---, ---, 
[2026-04-03T03:22:06.802+0600][4.101s][info][gc,stats    ] Concurrent Weak Roots               909 us
[2026-04-03T03:22:06.802+0600][4.101s][info][gc,stats    ]   Roots                             650 us, parallelism: 2.45x
[2026-04-03T03:22:06.802+0600][4.101s][info][gc,stats    ]     CWR: <total>                   1589 us
[2026-04-03T03:22:06.802+0600][4.101s][info][gc,stats    ]     CWR: Code Cache Roots           515 us, workers (us): 187, 150, 178, ---, ---, ---, 
[2026-04-03T03:22:06.802+0600][4.101s][info][gc,stats    ]     CWR: VM Weak Roots             1064 us, workers (us): 391, 383, 290, ---, ---, ---, 
[2026-04-03T03:22:06.802+0600][4.101s][info][gc,stats    ]     CWR: CLDG Roots                  10 us, workers (us): ---, ---,  10, ---, ---, ---, 
[2026-04-03T03:22:06.802+0600][4.101s][info][gc,stats    ]   Rendezvous                        195 us
[2026-04-03T03:22:06.802+0600][4.101s][info][gc,stats    ] Concurrent Cleanup                  595 us
[2026-04-03T03:22:06.802+0600][4.101s][info][gc,stats    ] Concurrent Class Unloading         2275 us
[2026-04-03T03:22:06.802+0600][4.101s][info][gc,stats    ]   Unlink Stale                     1591 us
[2026-04-03T03:22:06.802+0600][4.101s][info][gc,stats    ]     System Dictionary                14 us
[2026-04-03T03:22:06.802+0600][4.101s][info][gc,stats    ]     Weak Class Links                  0 us
[2026-04-03T03:22:06.802+0600][4.101s][info][gc,stats    ]     Code Roots                     1575 us
[2026-04-03T03:22:06.802+0600][4.101s][info][gc,stats    ]   Rendezvous                        347 us
[2026-04-03T03:22:06.802+0600][4.101s][info][gc,stats    ]   Purge Unlinked                    278 us
[2026-04-03T03:22:06.802+0600][4.101s][info][gc,stats    ]     Code Roots                      267 us
[2026-04-03T03:22:06.802+0600][4.101s][info][gc,stats    ]     CLDG                             10 us
[2026-04-03T03:22:06.802+0600][4.101s][info][gc,stats    ]     Exception Caches                  0 us
[2026-04-03T03:22:06.803+0600][4.101s][info][gc,stats    ] Concurrent Strong Roots             541 us, parallelism: 0.81x
[2026-04-03T03:22:06.803+0600][4.101s][info][gc,stats    ]   CSR: <total>                      436 us
[2026-04-03T03:22:06.803+0600][4.101s][info][gc,stats    ]   CSR: VM Strong Roots               12 us, workers (us):  11,   1,   0, ---, ---, ---, 
[2026-04-03T03:22:06.803+0600][4.101s][info][gc,stats    ]   CSR: CLDG Roots                   424 us, workers (us): 424, ---, ---, ---, ---, ---, 
[2026-04-03T03:22:06.803+0600][4.101s][info][gc,stats    ] Concurrent Evacuation              4842 us
[2026-04-03T03:22:06.803+0600][4.101s][info][gc,stats    ] Pause Init Update Refs (G)          273 us
[2026-04-03T03:22:06.803+0600][4.101s][info][gc,stats    ] Pause Init Update Refs (N)           73 us
[2026-04-03T03:22:06.803+0600][4.101s][info][gc,stats    ]   Manage GCLABs                       5 us
[2026-04-03T03:22:06.803+0600][4.101s][info][gc,stats    ] Concurrent Update Refs             4077 us
[2026-04-03T03:22:06.803+0600][4.101s][info][gc,stats    ] Concurrent Update Thread Roots      471 us
[2026-04-03T03:22:06.803+0600][4.101s][info][gc,stats    ] Pause Final Update Refs (G)         465 us
[2026-04-03T03:22:06.803+0600][4.101s][info][gc,stats    ] Pause Final Update Refs (N)         184 us
[2026-04-03T03:22:06.803+0600][4.101s][info][gc,stats    ]   Update Region States               53 us
[2026-04-03T03:22:06.803+0600][4.101s][info][gc,stats    ]   Trash Collection Set               18 us
[2026-04-03T03:22:06.803+0600][4.101s][info][gc,stats    ]   Rebuild Free Set                   36 us
[2026-04-03T03:22:06.803+0600][4.101s][info][gc,stats    ] Concurrent Cleanup                  678 us
[2026-04-03T03:22:06.803+0600][4.101s][info][gc,stats    ] 
[2026-04-03T03:22:06.803+0600][4.101s][info][gc,stats    ] Allocation pacing accrued:
[2026-04-03T03:22:06.803+0600][4.101s][info][gc,stats    ]       0 of  2847 ms (  0.0%): <total>
[2026-04-03T03:22:06.803+0600][4.101s][info][gc,stats    ]       0 of  2847 ms (  0.0%): <average total>
[2026-04-03T03:22:06.803+0600][4.101s][info][gc,stats    ] 
[2026-04-03T03:22:06.803+0600][4.101s][info][gc,metaspace] Metaspace: 21198K(21568K)->21322K(21632K) NonClass: 18538K(18752K)->18641K(18816K) Class: 2659K(2816K)->2681K(2816K)
[2026-04-03T03:22:06.803+0600][4.101s][info][gc,ergo     ] Pacer for Idle. Initial: 20480K, Alloc Tax Rate: 1.0x
[2026-04-03T03:22:09.636+0600][6.935s][info][gc          ] Trigger: Metadata GC Threshold
[2026-04-03T03:22:09.636+0600][6.935s][info][gc,ergo     ] Free: 812M, Max: 256K regular, 812M humongous, Frag: 0% external, 0% internal; Reserve: 51200K, Max: 256K
[2026-04-03T03:22:09.636+0600][6.935s][info][gc,start    ] GC(2) Concurrent reset
[2026-04-03T03:22:09.636+0600][6.935s][info][gc,task     ] GC(2) Using 3 of 6 workers for concurrent reset
[2026-04-03T03:22:09.636+0600][6.935s][info][gc,ergo     ] GC(2) Pacer for Reset. Non-Taxable: 1000M
[2026-04-03T03:22:09.637+0600][6.936s][info][gc          ] GC(2) Concurrent reset 0.929ms
[2026-04-03T03:22:09.637+0600][6.936s][info][gc,start    ] GC(2) Pause Init Mark (unload classes)
[2026-04-03T03:22:09.637+0600][6.936s][info][gc,task     ] GC(2) Using 6 of 6 workers for init marking
[2026-04-03T03:22:09.637+0600][6.936s][info][gc,ergo     ] GC(2) Pacer for Mark. Expected Live: 11083K, Free: 812M, Non-Taxable: 83166K, Alloc Tax Rate: 0.0x
[2026-04-03T03:22:09.637+0600][6.936s][info][gc          ] GC(2) Pause Init Mark (unload classes) 0.092ms
[2026-04-03T03:22:09.637+0600][6.936s][info][gc,start    ] GC(2) Concurrent marking roots
[2026-04-03T03:22:09.637+0600][6.936s][info][gc,task     ] GC(2) Using 3 of 6 workers for concurrent marking roots
[2026-04-03T03:22:09.638+0600][6.937s][info][gc          ] GC(2) Concurrent marking roots 1.011ms
[2026-04-03T03:22:09.639+0600][6.937s][info][gc,start    ] GC(2) Concurrent marking (unload classes)
[2026-04-03T03:22:09.639+0600][6.937s][info][gc,task     ] GC(2) Using 3 of 6 workers for concurrent marking
[2026-04-03T03:22:09.648+0600][6.947s][info][gc          ] GC(2) Concurrent marking (unload classes) 9.857ms
[2026-04-03T03:22:09.649+0600][6.947s][info][gc,start    ] GC(2) Pause Final Mark (unload classes)
[2026-04-03T03:22:09.649+0600][6.947s][info][gc,task     ] GC(2) Using 6 of 6 workers for final marking
[2026-04-03T03:22:09.649+0600][6.948s][info][gc,ergo     ] GC(2) Adaptive CSet Selection. Target Free: 141M, Actual Free: 890M, Max CSet: 42666K, Min Garbage: 0B
[2026-04-03T03:22:09.649+0600][6.948s][info][gc,ergo     ] GC(2) Collectable Garbage: 111M (98%), Immediate: 30934K (26%), CSet: 82765K (71%)
[2026-04-03T03:22:09.649+0600][6.948s][info][gc,ergo     ] GC(2) Pacer for Evacuation. Used CSet: 87512K, Free: 843M, Non-Taxable: 86375K, Alloc Tax Rate: 1.1x
[2026-04-03T03:22:09.649+0600][6.948s][info][gc          ] GC(2) Pause Final Mark (unload classes) 0.648ms
[2026-04-03T03:22:09.649+0600][6.948s][info][gc,start    ] GC(2) Concurrent thread roots
[2026-04-03T03:22:09.649+0600][6.948s][info][gc,task     ] GC(2) Using 3 of 6 workers for Concurrent thread roots
[2026-04-03T03:22:09.650+0600][6.949s][info][gc          ] GC(2) Concurrent thread roots 0.373ms
[2026-04-03T03:22:09.650+0600][6.949s][info][gc,start    ] GC(2) Concurrent weak references
[2026-04-03T03:22:09.650+0600][6.949s][info][gc,task     ] GC(2) Using 3 of 6 workers for concurrent weak references
[2026-04-03T03:22:09.650+0600][6.949s][info][gc,ref      ] GC(2) Encountered references: Soft: 3851, Weak: 2479, Final: 80, Phantom: 568
[2026-04-03T03:22:09.650+0600][6.949s][info][gc,ref      ] GC(2) Discovered  references: Soft: 0, Weak: 792, Final: 0, Phantom: 247
[2026-04-03T03:22:09.650+0600][6.949s][info][gc,ref      ] GC(2) Enqueued    references: Soft: 0, Weak: 462, Final: 0, Phantom: 1
[2026-04-03T03:22:09.650+0600][6.949s][info][gc          ] GC(2) Concurrent weak references 0.457ms
[2026-04-03T03:22:09.650+0600][6.949s][info][gc,start    ] GC(2) Concurrent weak roots
[2026-04-03T03:22:09.650+0600][6.949s][info][gc,task     ] GC(2) Using 3 of 6 workers for concurrent weak root
[2026-04-03T03:22:09.652+0600][6.951s][info][gc          ] GC(2) Concurrent weak roots 1.529ms
[2026-04-03T03:22:09.652+0600][6.951s][info][gc,start    ] GC(2) Concurrent cleanup
[2026-04-03T03:22:09.652+0600][6.951s][info][gc          ] GC(2) Concurrent cleanup 136M->105M(264M) 0.239ms
[2026-04-03T03:22:09.652+0600][6.951s][info][gc,ergo     ] GC(2) Free: 843M, Max: 256K regular, 810M humongous, Frag: 4% external, 0% internal; Reserve: 50559K, Max: 256K
[2026-04-03T03:22:09.652+0600][6.951s][info][gc,start    ] GC(2) Concurrent class unloading
[2026-04-03T03:22:09.652+0600][6.951s][info][gc,task     ] GC(2) Using 3 of 6 workers for concurrent class unloading
[2026-04-03T03:22:09.656+0600][6.955s][info][gc          ] GC(2) Concurrent class unloading 3.909ms
[2026-04-03T03:22:09.656+0600][6.955s][info][gc,start    ] GC(2) Concurrent strong roots
[2026-04-03T03:22:09.656+0600][6.955s][info][gc,task     ] GC(2) Using 3 of 6 workers for concurrent strong root
[2026-04-03T03:22:09.657+0600][6.956s][info][gc          ] GC(2) Concurrent strong roots 0.975ms
[2026-04-03T03:22:09.657+0600][6.956s][info][gc,start    ] GC(2) Concurrent evacuation
[2026-04-03T03:22:09.657+0600][6.956s][info][gc,task     ] GC(2) Using 3 of 6 workers for concurrent evacuation
[2026-04-03T03:22:09.662+0600][6.961s][info][gc          ] GC(2) Concurrent evacuation 4.703ms
[2026-04-03T03:22:09.662+0600][6.961s][info][gc,start    ] GC(2) Pause Init Update Refs
[2026-04-03T03:22:09.662+0600][6.961s][info][gc,ergo     ] GC(2) Pacer for Update Refs. Used: 111M, Free: 843M, Non-Taxable: 86326K, Alloc Tax Rate: 1.1x
[2026-04-03T03:22:09.662+0600][6.961s][info][gc          ] GC(2) Pause Init Update Refs 0.064ms
[2026-04-03T03:22:09.662+0600][6.961s][info][gc,start    ] GC(2) Concurrent update references
[2026-04-03T03:22:09.662+0600][6.961s][info][gc,task     ] GC(2) Using 3 of 6 workers for concurrent reference update
[2026-04-03T03:22:09.669+0600][6.968s][info][gc          ] GC(2) Concurrent update references 6.746ms
[2026-04-03T03:22:09.669+0600][6.968s][info][gc,start    ] GC(2) Concurrent update thread roots
[2026-04-03T03:22:09.670+0600][6.969s][info][gc          ] GC(2) Concurrent update thread roots 0.654ms
[2026-04-03T03:22:09.670+0600][6.969s][info][gc,start    ] GC(2) Pause Final Update Refs
[2026-04-03T03:22:09.670+0600][6.969s][info][gc,task     ] GC(2) Using 6 of 6 workers for final reference update
[2026-04-03T03:22:09.670+0600][6.969s][info][gc          ] GC(2) Pause Final Update Refs 0.167ms
[2026-04-03T03:22:09.670+0600][6.969s][info][gc,start    ] GC(2) Concurrent cleanup
[2026-04-03T03:22:09.671+0600][6.970s][info][gc          ] GC(2) Concurrent cleanup 111M->26M(268M) 0.290ms
[2026-04-03T03:22:09.671+0600][6.970s][info][gc,ergo     ] Free: 922M, Max: 256K regular, 806M humongous, Frag: 13% external, 0% internal; Reserve: 51200K, Max: 256K
[2026-04-03T03:22:09.671+0600][6.970s][info][gc,stats    ] 
[2026-04-03T03:22:09.671+0600][6.970s][info][gc,stats    ] All times are wall-clock times, except per-root-class counters, that are sum over
[2026-04-03T03:22:09.671+0600][6.970s][info][gc,stats    ] all workers. Dividing the <total> over the root stage time estimates parallelism.
[2026-04-03T03:22:09.671+0600][6.970s][info][gc,stats    ] 
[2026-04-03T03:22:09.671+0600][6.970s][info][gc,stats    ] Concurrent Reset                    973 us
[2026-04-03T03:22:09.671+0600][6.970s][info][gc,stats    ] Pause Init Mark (G)                 417 us
[2026-04-03T03:22:09.671+0600][6.970s][info][gc,stats    ] Pause Init Mark (N)                 101 us
[2026-04-03T03:22:09.671+0600][6.970s][info][gc,stats    ]   Update Region States               21 us
[2026-04-03T03:22:09.671+0600][6.970s][info][gc,stats    ] Concurrent Mark Roots              1043 us, parallelism: 2.12x
[2026-04-03T03:22:09.671+0600][6.970s][info][gc,stats    ]   CMR: <total>                     2209 us
[2026-04-03T03:22:09.671+0600][6.970s][info][gc,stats    ]   CMR: Thread Roots                1855 us, workers (us): 771, 510, 574, ---, ---, ---, 
[2026-04-03T03:22:09.671+0600][6.970s][info][gc,stats    ]   CMR: VM Strong Roots               71 us, workers (us):  63,   7,   1, ---, ---, ---, 
[2026-04-03T03:22:09.671+0600][6.970s][info][gc,stats    ]   CMR: CLDG Roots                   283 us, workers (us): ---, 283, ---, ---, ---, ---, 
[2026-04-03T03:22:09.671+0600][6.970s][info][gc,stats    ] Concurrent Marking                 9933 us
[2026-04-03T03:22:09.671+0600][6.970s][info][gc,stats    ] Pause Final Mark (G)                911 us
[2026-04-03T03:22:09.671+0600][6.970s][info][gc,stats    ] Pause Final Mark (N)                681 us
[2026-04-03T03:22:09.671+0600][6.970s][info][gc,stats    ]   Finish Mark                       293 us
[2026-04-03T03:22:09.671+0600][6.970s][info][gc,stats    ]   Update Region States               46 us
[2026-04-03T03:22:09.671+0600][6.970s][info][gc,stats    ]   Choose Collection Set             208 us
[2026-04-03T03:22:09.671+0600][6.970s][info][gc,stats    ]   Rebuild Free Set                   35 us
[2026-04-03T03:22:09.671+0600][6.970s][info][gc,stats    ] Concurrent Thread Roots             450 us, parallelism: 0.98x
[2026-04-03T03:22:09.671+0600][6.970s][info][gc,stats    ]   CTR: <total>                      439 us
[2026-04-03T03:22:09.671+0600][6.970s][info][gc,stats    ]   CTR: Thread Roots                 439 us, workers (us): 185, 169,  85, ---, ---, ---, 
[2026-04-03T03:22:09.671+0600][6.970s][info][gc,stats    ] Concurrent Weak References          469 us, parallelism: 0.66x
[2026-04-03T03:22:09.671+0600][6.970s][info][gc,stats    ]   CWRF: <total>                     307 us
[2026-04-03T03:22:09.671+0600][6.970s][info][gc,stats    ]   CWRF: Weak References             307 us, workers (us):  36, 228,  43, ---, ---, ---, 
[2026-04-03T03:22:09.671+0600][6.970s][info][gc,stats    ] Concurrent Weak Roots              1615 us
[2026-04-03T03:22:09.671+0600][6.970s][info][gc,stats    ]   Roots                            1286 us, parallelism: 2.29x
[2026-04-03T03:22:09.671+0600][6.970s][info][gc,stats    ]     CWR: <total>                   2951 us
[2026-04-03T03:22:09.671+0600][6.970s][info][gc,stats    ]     CWR: Code Cache Roots          1110 us, workers (us): 419, 372, 319, ---, ---, ---, 
[2026-04-03T03:22:09.671+0600][6.970s][info][gc,stats    ]     CWR: VM Weak Roots             1804 us, workers (us): 621, 618, 564, ---, ---, ---, 
[2026-04-03T03:22:09.671+0600][6.970s][info][gc,stats    ]     CWR: CLDG Roots                  37 us, workers (us): ---, ---,  37, ---, ---, ---, 
[2026-04-03T03:22:09.671+0600][6.970s][info][gc,stats    ]   Rendezvous                        218 us
[2026-04-03T03:22:09.671+0600][6.970s][info][gc,stats    ] Concurrent Cleanup                  256 us
[2026-04-03T03:22:09.671+0600][6.970s][info][gc,stats    ] Concurrent Class Unloading         3982 us
[2026-04-03T03:22:09.671+0600][6.970s][info][gc,stats    ]   Unlink Stale                     2491 us
[2026-04-03T03:22:09.671+0600][6.970s][info][gc,stats    ]     System Dictionary                35 us
[2026-04-03T03:22:09.671+0600][6.970s][info][gc,stats    ]     Weak Class Links                  0 us
[2026-04-03T03:22:09.671+0600][6.970s][info][gc,stats    ]     Code Roots                     2453 us
[2026-04-03T03:22:09.671+0600][6.970s][info][gc,stats    ]   Rendezvous                        172 us
[2026-04-03T03:22:09.671+0600][6.970s][info][gc,stats    ]   Purge Unlinked                   1218 us
[2026-04-03T03:22:09.671+0600][6.970s][info][gc,stats    ]     Code Roots                     1204 us
[2026-04-03T03:22:09.671+0600][6.970s][info][gc,stats    ]     CLDG                             13 us
[2026-04-03T03:22:09.671+0600][6.970s][info][gc,stats    ]     Exception Caches                  0 us
[2026-04-03T03:22:09.671+0600][6.970s][info][gc,stats    ] Concurrent Strong Roots            1021 us, parallelism: 0.80x
[2026-04-03T03:22:09.671+0600][6.970s][info][gc,stats    ]   CSR: <total>                      816 us
[2026-04-03T03:22:09.671+0600][6.970s][info][gc,stats    ]   CSR: VM Strong Roots               43 us, workers (us):  26,  16,   0, ---, ---, ---, 
[2026-04-03T03:22:09.671+0600][6.970s][info][gc,stats    ]   CSR: CLDG Roots                   774 us, workers (us): ---, 774, ---, ---, ---, ---, 
[2026-04-03T03:22:09.671+0600][6.970s][info][gc,stats    ] Concurrent Evacuation              4776 us
[2026-04-03T03:22:09.671+0600][6.970s][info][gc,stats    ] Pause Init Update Refs (G)          324 us
[2026-04-03T03:22:09.671+0600][6.970s][info][gc,stats    ] Pause Init Update Refs (N)           78 us
[2026-04-03T03:22:09.671+0600][6.970s][info][gc,stats    ]   Manage GCLABs                       7 us
[2026-04-03T03:22:09.671+0600][6.970s][info][gc,stats    ] Concurrent Update Refs             6821 us
[2026-04-03T03:22:09.671+0600][6.970s][info][gc,stats    ] Concurrent Update Thread Roots      686 us
[2026-04-03T03:22:09.671+0600][6.970s][info][gc,stats    ] Pause Final Update Refs (G)         653 us
[2026-04-03T03:22:09.671+0600][6.970s][info][gc,stats    ] Pause Final Update Refs (N)         180 us
[2026-04-03T03:22:09.671+0600][6.970s][info][gc,stats    ]   Update Region States               53 us
[2026-04-03T03:22:09.671+0600][6.970s][info][gc,stats    ]   Trash Collection Set               21 us
[2026-04-03T03:22:09.671+0600][6.970s][info][gc,stats    ]   Rebuild Free Set                   38 us
[2026-04-03T03:22:09.671+0600][6.970s][info][gc,stats    ] Concurrent Cleanup                  324 us
[2026-04-03T03:22:09.671+0600][6.970s][info][gc,stats    ] 
[2026-04-03T03:22:09.671+0600][6.970s][info][gc,stats    ] Allocation pacing accrued:
[2026-04-03T03:22:09.671+0600][6.970s][info][gc,stats    ]       0 of  2869 ms (  0.0%): <total>
[2026-04-03T03:22:09.671+0600][6.970s][info][gc,stats    ]       0 of  2869 ms (  0.0%): <average total>
[2026-04-03T03:22:09.671+0600][6.970s][info][gc,stats    ] 
[2026-04-03T03:22:09.672+0600][6.970s][info][gc,metaspace] Metaspace: 35588K(36032K)->35824K(36224K) NonClass: 31164K(31424K)->31364K(31616K) Class: 4424K(4608K)->4460K(4608K)
[2026-04-03T03:22:09.672+0600][6.970s][info][gc,ergo     ] Pacer for Idle. Initial: 20480K, Alloc Tax Rate: 1.0x
[2026-04-03T03:22:12.021+0600][9.319s][info][gc          ] Trigger: Learning 4 of 5. Free (699M) is below initial threshold (700M)
[2026-04-03T03:22:12.021+0600][9.320s][info][gc,ergo     ] Free: 699M, Max: 256K regular, 699M humongous, Frag: 0% external, 0% internal; Reserve: 51200K, Max: 256K
[2026-04-03T03:22:12.021+0600][9.320s][info][gc,start    ] GC(3) Concurrent reset
[2026-04-03T03:22:12.021+0600][9.320s][info][gc,task     ] GC(3) Using 3 of 6 workers for concurrent reset
[2026-04-03T03:22:12.021+0600][9.320s][info][gc,ergo     ] GC(3) Pacer for Reset. Non-Taxable: 1000M
[2026-04-03T03:22:12.022+0600][9.320s][info][gc          ] GC(3) Concurrent reset 0.822ms
[2026-04-03T03:22:12.022+0600][9.321s][info][gc,start    ] GC(3) Pause Init Mark (unload classes)
[2026-04-03T03:22:12.022+0600][9.321s][info][gc,task     ] GC(3) Using 6 of 6 workers for init marking
[2026-04-03T03:22:12.022+0600][9.321s][info][gc,ergo     ] GC(3) Pacer for Mark. Expected Live: 14708K, Free: 698M, Non-Taxable: 71554K, Alloc Tax Rate: 0.0x
[2026-04-03T03:22:12.022+0600][9.321s][info][gc          ] GC(3) Pause Init Mark (unload classes) 0.117ms
[2026-04-03T03:22:12.022+0600][9.321s][info][gc,start    ] GC(3) Concurrent marking roots
[2026-04-03T03:22:12.022+0600][9.321s][info][gc,task     ] GC(3) Using 3 of 6 workers for concurrent marking roots
[2026-04-03T03:22:12.023+0600][9.322s][info][gc          ] GC(3) Concurrent marking roots 1.278ms
[2026-04-03T03:22:12.023+0600][9.322s][info][gc,start    ] GC(3) Concurrent marking (unload classes)
[2026-04-03T03:22:12.023+0600][9.322s][info][gc,task     ] GC(3) Using 3 of 6 workers for concurrent marking
[2026-04-03T03:22:12.451+0600][9.749s][info][gc          ] GC(3) Concurrent marking (unload classes) 427.276ms
[2026-04-03T03:22:12.451+0600][9.750s][info][gc,start    ] GC(3) Pause Final Mark (unload classes)
[2026-04-03T03:22:12.451+0600][9.750s][info][gc,task     ] GC(3) Using 6 of 6 workers for final marking
[2026-04-03T03:22:12.451+0600][9.750s][info][gc,ergo     ] GC(3) Adaptive CSet Selection. Target Free: 141M, Actual Free: 631M, Max CSet: 42666K, Min Garbage: 0B
[2026-04-03T03:22:12.452+0600][9.751s][info][gc,ergo     ] GC(3) Collectable Garbage: 109M (96%), Immediate: 22650K (19%), CSet: 89882K (77%)
[2026-04-03T03:22:12.452+0600][9.751s][info][gc,ergo     ] GC(3) Pacer for Evacuation. Used CSet: 94683K, Free: 582M, Non-Taxable: 59674K, Alloc Tax Rate: 1.1x
[2026-04-03T03:22:12.452+0600][9.751s][info][gc          ] GC(3) Pause Final Mark (unload classes) 0.795ms
[2026-04-03T03:22:12.452+0600][9.751s][info][gc,start    ] GC(3) Concurrent thread roots
[2026-04-03T03:22:12.452+0600][9.751s][info][gc,task     ] GC(3) Using 3 of 6 workers for Concurrent thread roots
[2026-04-03T03:22:12.452+0600][9.751s][info][gc          ] GC(3) Concurrent thread roots 0.578ms
[2026-04-03T03:22:12.452+0600][9.751s][info][gc,start    ] GC(3) Concurrent weak references
[2026-04-03T03:22:12.452+0600][9.751s][info][gc,task     ] GC(3) Using 3 of 6 workers for concurrent weak references
[2026-04-03T03:22:12.453+0600][9.752s][info][gc,ref      ] GC(3) Encountered references: Soft: 3981, Weak: 3296, Final: 82, Phantom: 585
[2026-04-03T03:22:12.453+0600][9.752s][info][gc,ref      ] GC(3) Discovered  references: Soft: 0, Weak: 1892, Final: 50, Phantom: 581
[2026-04-03T03:22:12.453+0600][9.752s][info][gc,ref      ] GC(3) Enqueued    references: Soft: 0, Weak: 545, Final: 0, Phantom: 0
[2026-04-03T03:22:12.453+0600][9.752s][info][gc          ] GC(3) Concurrent weak references 0.695ms
[2026-04-03T03:22:12.453+0600][9.752s][info][gc,start    ] GC(3) Concurrent weak roots
[2026-04-03T03:22:12.453+0600][9.752s][info][gc,task     ] GC(3) Using 3 of 6 workers for concurrent weak root
[2026-04-03T03:22:12.455+0600][9.753s][info][gc          ] GC(3) Concurrent weak roots 1.348ms
[2026-04-03T03:22:12.455+0600][9.753s][info][gc,start    ] GC(3) Concurrent cleanup
[2026-04-03T03:22:12.455+0600][9.754s][info][gc          ] GC(3) Concurrent cleanup 388M->366M(393M) 0.576ms
[2026-04-03T03:22:12.455+0600][9.754s][info][gc,ergo     ] GC(3) Free: 581M, Max: 256K regular, 558M humongous, Frag: 5% external, 0% internal; Reserve: 50688K, Max: 256K
[2026-04-03T03:22:12.455+0600][9.754s][info][gc,start    ] GC(3) Concurrent class unloading
[2026-04-03T03:22:12.455+0600][9.754s][info][gc,task     ] GC(3) Using 3 of 6 workers for concurrent class unloading
[2026-04-03T03:22:12.458+0600][9.757s][info][gc          ] GC(3) Concurrent class unloading 3.267ms
[2026-04-03T03:22:12.458+0600][9.757s][info][gc,start    ] GC(3) Concurrent strong roots
[2026-04-03T03:22:12.458+0600][9.757s][info][gc,task     ] GC(3) Using 3 of 6 workers for concurrent strong root
[2026-04-03T03:22:12.460+0600][9.758s][info][gc          ] GC(3) Concurrent strong roots 1.078ms
[2026-04-03T03:22:12.460+0600][9.758s][info][gc,start    ] GC(3) Concurrent evacuation
[2026-04-03T03:22:12.460+0600][9.758s][info][gc,task     ] GC(3) Using 3 of 6 workers for concurrent evacuation
[2026-04-03T03:22:12.463+0600][9.762s][info][gc          ] GC(3) Concurrent evacuation 3.549ms
[2026-04-03T03:22:12.463+0600][9.762s][info][gc,start    ] GC(3) Pause Init Update Refs
[2026-04-03T03:22:12.463+0600][9.762s][info][gc,ergo     ] GC(3) Pacer for Update Refs. Used: 373M, Free: 579M, Non-Taxable: 59334K, Alloc Tax Rate: 1.1x
[2026-04-03T03:22:12.463+0600][9.762s][info][gc          ] GC(3) Pause Init Update Refs 0.088ms
[2026-04-03T03:22:12.464+0600][9.762s][info][gc,start    ] GC(3) Concurrent update references
[2026-04-03T03:22:12.464+0600][9.762s][info][gc,task     ] GC(3) Using 3 of 6 workers for concurrent reference update
[2026-04-03T03:22:12.537+0600][9.835s][info][gc          ] GC(3) Concurrent update references 73.028ms
[2026-04-03T03:22:12.537+0600][9.835s][info][gc,start    ] GC(3) Concurrent update thread roots
[2026-04-03T03:22:12.537+0600][9.836s][info][gc          ] GC(3) Concurrent update thread roots 0.653ms
[2026-04-03T03:22:12.537+0600][9.836s][info][gc,start    ] GC(3) Pause Final Update Refs
[2026-04-03T03:22:12.537+0600][9.836s][info][gc,task     ] GC(3) Using 6 of 6 workers for final reference update
[2026-04-03T03:22:12.537+0600][9.836s][info][gc          ] GC(3) Pause Final Update Refs 0.137ms
[2026-04-03T03:22:12.538+0600][9.836s][info][gc,start    ] GC(3) Concurrent cleanup
[2026-04-03T03:22:12.538+0600][9.837s][info][gc          ] GC(3) Concurrent cleanup 400M->308M(402M) 0.629ms
[2026-04-03T03:22:12.538+0600][9.837s][info][gc,ergo     ] Free: 640M, Max: 256K regular, 549M humongous, Frag: 15% external, 0% internal; Reserve: 51200K, Max: 256K
[2026-04-03T03:22:12.538+0600][9.837s][info][gc,stats    ] 
[2026-04-03T03:22:12.538+0600][9.837s][info][gc,stats    ] All times are wall-clock times, except per-root-class counters, that are sum over
[2026-04-03T03:22:12.538+0600][9.837s][info][gc,stats    ] all workers. Dividing the <total> over the root stage time estimates parallelism.
[2026-04-03T03:22:12.538+0600][9.837s][info][gc,stats    ] 
[2026-04-03T03:22:12.538+0600][9.837s][info][gc,stats    ] Concurrent Reset                    874 us
[2026-04-03T03:22:12.538+0600][9.837s][info][gc,stats    ] Pause Init Mark (G)                 370 us
[2026-04-03T03:22:12.538+0600][9.837s][info][gc,stats    ] Pause Init Mark (N)                 126 us
[2026-04-03T03:22:12.538+0600][9.837s][info][gc,stats    ]   Update Region States               28 us
[2026-04-03T03:22:12.538+0600][9.837s][info][gc,stats    ] Concurrent Mark Roots              1313 us, parallelism: 2.10x
[2026-04-03T03:22:12.538+0600][9.837s][info][gc,stats    ]   CMR: <total>                     2761 us
[2026-04-03T03:22:12.538+0600][9.837s][info][gc,stats    ]   CMR: Thread Roots                2505 us, workers (us): 724, 931, 850, ---, ---, ---, 
[2026-04-03T03:22:12.538+0600][9.837s][info][gc,stats    ]   CMR: VM Strong Roots               45 us, workers (us):  43,   1,   1, ---, ---, ---, 
[2026-04-03T03:22:12.538+0600][9.837s][info][gc,stats    ]   CMR: CLDG Roots                   211 us, workers (us): 211, ---, ---, ---, ---, ---, 
[2026-04-03T03:22:12.538+0600][9.837s][info][gc,stats    ] Concurrent Marking               427351 us
[2026-04-03T03:22:12.538+0600][9.837s][info][gc,stats    ] Pause Final Mark (G)               1094 us
[2026-04-03T03:22:12.538+0600][9.837s][info][gc,stats    ] Pause Final Mark (N)                806 us
[2026-04-03T03:22:12.538+0600][9.837s][info][gc,stats    ]   Finish Mark                       264 us
[2026-04-03T03:22:12.538+0600][9.837s][info][gc,stats    ]   Update Region States               50 us
[2026-04-03T03:22:12.538+0600][9.837s][info][gc,stats    ]   Choose Collection Set             346 us
[2026-04-03T03:22:12.538+0600][9.837s][info][gc,stats    ]   Rebuild Free Set                   43 us
[2026-04-03T03:22:12.538+0600][9.837s][info][gc,stats    ] Concurrent Thread Roots             622 us, parallelism: 1.34x
[2026-04-03T03:22:12.538+0600][9.837s][info][gc,stats    ]   CTR: <total>                      834 us
[2026-04-03T03:22:12.538+0600][9.837s][info][gc,stats    ]   CTR: Thread Roots                 834 us, workers (us): 286, 276, 273, ---, ---, ---, 
[2026-04-03T03:22:12.538+0600][9.837s][info][gc,stats    ] Concurrent Weak References          704 us, parallelism: 0.86x
[2026-04-03T03:22:12.538+0600][9.837s][info][gc,stats    ]   CWRF: <total>                     603 us
[2026-04-03T03:22:12.538+0600][9.837s][info][gc,stats    ]   CWRF: Weak References             603 us, workers (us): 573,  28,   1, ---, ---, ---, 
[2026-04-03T03:22:12.538+0600][9.837s][info][gc,stats    ] Concurrent Weak Roots              1369 us
[2026-04-03T03:22:12.539+0600][9.837s][info][gc,stats    ]   Roots                            1177 us, parallelism: 2.45x
[2026-04-03T03:22:12.539+0600][9.837s][info][gc,stats    ]     CWR: <total>                   2886 us
[2026-04-03T03:22:12.539+0600][9.837s][info][gc,stats    ]     CWR: Code Cache Roots          1092 us, workers (us): 322, 433, 337, ---, ---, ---, 
[2026-04-03T03:22:12.539+0600][9.837s][info][gc,stats    ]     CWR: VM Weak Roots             1760 us, workers (us): 645, 575, 541, ---, ---, ---, 
[2026-04-03T03:22:12.539+0600][9.837s][info][gc,stats    ]     CWR: CLDG Roots                  34 us, workers (us):  34, ---, ---, ---, ---, ---, 
[2026-04-03T03:22:12.539+0600][9.837s][info][gc,stats    ]   Rendezvous                        150 us
[2026-04-03T03:22:12.539+0600][9.837s][info][gc,stats    ] Concurrent Cleanup                  592 us
[2026-04-03T03:22:12.539+0600][9.837s][info][gc,stats    ] Concurrent Class Unloading         3300 us
[2026-04-03T03:22:12.539+0600][9.837s][info][gc,stats    ]   Unlink Stale                     2398 us
[2026-04-03T03:22:12.539+0600][9.837s][info][gc,stats    ]     System Dictionary                26 us
[2026-04-03T03:22:12.539+0600][9.837s][info][gc,stats    ]     Weak Class Links                  0 us
[2026-04-03T03:22:12.539+0600][9.837s][info][gc,stats    ]     Code Roots                     2371 us
[2026-04-03T03:22:12.539+0600][9.837s][info][gc,stats    ]   Rendezvous                        199 us
[2026-04-03T03:22:12.539+0600][9.837s][info][gc,stats    ]   Purge Unlinked                    646 us
[2026-04-03T03:22:12.539+0600][9.837s][info][gc,stats    ]     Code Roots                      635 us
[2026-04-03T03:22:12.539+0600][9.837s][info][gc,stats    ]     CLDG                             10 us
[2026-04-03T03:22:12.539+0600][9.837s][info][gc,stats    ]     Exception Caches                  0 us
[2026-04-03T03:22:12.539+0600][9.837s][info][gc,stats    ] Concurrent Strong Roots            1131 us, parallelism: 0.79x
[2026-04-03T03:22:12.539+0600][9.837s][info][gc,stats    ]   CSR: <total>                      889 us
[2026-04-03T03:22:12.539+0600][9.837s][info][gc,stats    ]   CSR: VM Strong Roots               28 us, workers (us):  27,   1,   1, ---, ---, ---, 
[2026-04-03T03:22:12.539+0600][9.837s][info][gc,stats    ]   CSR: CLDG Roots                   860 us, workers (us): 860, ---, ---, ---, ---, ---, 
[2026-04-03T03:22:12.539+0600][9.837s][info][gc,stats    ] Concurrent Evacuation              3586 us
[2026-04-03T03:22:12.539+0600][9.838s][info][gc,stats    ] Pause Init Update Refs (G)          327 us
[2026-04-03T03:22:12.539+0600][9.838s][info][gc,stats    ] Pause Init Update Refs (N)          101 us
[2026-04-03T03:22:12.539+0600][9.838s][info][gc,stats    ]   Manage GCLABs                       9 us
[2026-04-03T03:22:12.539+0600][9.838s][info][gc,stats    ] Concurrent Update Refs            73091 us
[2026-04-03T03:22:12.539+0600][9.838s][info][gc,stats    ] Concurrent Update Thread Roots      673 us
[2026-04-03T03:22:12.539+0600][9.838s][info][gc,stats    ] Pause Final Update Refs (G)         219 us
[2026-04-03T03:22:12.539+0600][9.838s][info][gc,stats    ] Pause Final Update Refs (N)         147 us
[2026-04-03T03:22:12.539+0600][9.838s][info][gc,stats    ]   Update Region States               42 us
[2026-04-03T03:22:12.539+0600][9.838s][info][gc,stats    ]   Trash Collection Set               11 us
[2026-04-03T03:22:12.539+0600][9.838s][info][gc,stats    ]   Rebuild Free Set                   33 us
[2026-04-03T03:22:12.539+0600][9.838s][info][gc,stats    ] Concurrent Cleanup                  646 us
[2026-04-03T03:22:12.539+0600][9.838s][info][gc,stats    ] 
[2026-04-03T03:22:12.539+0600][9.838s][info][gc,stats    ] Allocation pacing accrued:
[2026-04-03T03:22:12.539+0600][9.838s][info][gc,stats    ]       0 of  2867 ms (  0.0%): <total>
[2026-04-03T03:22:12.539+0600][9.838s][info][gc,stats    ]       0 of  2867 ms (  0.0%): <average total>
[2026-04-03T03:22:12.539+0600][9.838s][info][gc,stats    ] 
[2026-04-03T03:22:12.539+0600][9.838s][info][gc,metaspace] Metaspace: 49467K(49920K)->49467K(49920K) NonClass: 43334K(43584K)->43334K(43584K) Class: 6132K(6336K)->6132K(6336K)
[2026-04-03T03:22:12.539+0600][9.838s][info][gc,ergo     ] Pacer for Idle. Initial: 20480K, Alloc Tax Rate: 1.0x
[2026-04-03T03:22:12.540+0600][9.839s][info][gc          ] Trigger: Learning 5 of 5. Free (639M) is below initial threshold (700M)
[2026-04-03T03:22:12.540+0600][9.839s][info][gc,ergo     ] Free: 639M, Max: 256K regular, 549M humongous, Frag: 15% external, 0% internal; Reserve: 51200K, Max: 256K
[2026-04-03T03:22:12.540+0600][9.839s][info][gc,start    ] GC(4) Concurrent reset
[2026-04-03T03:22:12.540+0600][9.839s][info][gc,task     ] GC(4) Using 3 of 6 workers for concurrent reset
[2026-04-03T03:22:12.540+0600][9.839s][info][gc,ergo     ] GC(4) Pacer for Reset. Non-Taxable: 1000M
[2026-04-03T03:22:12.541+0600][9.840s][info][gc          ] GC(4) Concurrent reset 1.000ms
[2026-04-03T03:22:12.541+0600][9.840s][info][gc,start    ] GC(4) Pause Init Mark (unload classes)
[2026-04-03T03:22:12.541+0600][9.840s][info][gc,task     ] GC(4) Using 6 of 6 workers for init marking
[2026-04-03T03:22:12.541+0600][9.840s][info][gc,ergo     ] GC(4) Pacer for Mark. Expected Live: 45449K, Free: 639M, Non-Taxable: 65443K, Alloc Tax Rate: 0.1x
[2026-04-03T03:22:12.541+0600][9.840s][info][gc          ] GC(4) Pause Init Mark (unload classes) 0.102ms
[2026-04-03T03:22:12.541+0600][9.840s][info][gc,start    ] GC(4) Concurrent marking roots
[2026-04-03T03:22:12.541+0600][9.840s][info][gc,task     ] GC(4) Using 3 of 6 workers for concurrent marking roots
[2026-04-03T03:22:12.542+0600][9.841s][info][gc          ] GC(4) Concurrent marking roots 0.505ms
[2026-04-03T03:22:12.542+0600][9.841s][info][gc,start    ] GC(4) Concurrent marking (unload classes)
[2026-04-03T03:22:12.542+0600][9.841s][info][gc,task     ] GC(4) Using 3 of 6 workers for concurrent marking
[2026-04-03T03:22:13.764+0600][11.063s][info][gc          ] GC(4) Concurrent marking (unload classes) 1221.922ms
[2026-04-03T03:22:13.764+0600][11.063s][info][gc,start    ] GC(4) Pause Final Mark (unload classes)
[2026-04-03T03:22:13.764+0600][11.063s][info][gc,task     ] GC(4) Using 6 of 6 workers for final marking
[2026-04-03T03:22:13.765+0600][11.063s][info][gc,ergo     ] GC(4) Adaptive CSet Selection. Target Free: 141M, Actual Free: 547M, Max CSet: 42666K, Min Garbage: 0B
[2026-04-03T03:22:13.765+0600][11.064s][info][gc,ergo     ] GC(4) Collectable Garbage: 673K (8%), Immediate: 0B (0%), CSet: 673K (8%)
[2026-04-03T03:22:13.765+0600][11.064s][info][gc,ergo     ] GC(4) Pacer for Evacuation. Used CSet: 1280K, Free: 497M, Non-Taxable: 50978K, Alloc Tax Rate: 1.1x
[2026-04-03T03:22:13.765+0600][11.064s][info][gc          ] GC(4) Pause Final Mark (unload classes) 0.911ms
[2026-04-03T03:22:13.765+0600][11.064s][info][gc,start    ] GC(4) Concurrent thread roots
[2026-04-03T03:22:13.765+0600][11.064s][info][gc,task     ] GC(4) Using 3 of 6 workers for Concurrent thread roots
[2026-04-03T03:22:13.765+0600][11.064s][info][gc          ] GC(4) Concurrent thread roots 0.440ms
[2026-04-03T03:22:13.765+0600][11.064s][info][gc,start    ] GC(4) Concurrent weak references
[2026-04-03T03:22:13.765+0600][11.064s][info][gc,task     ] GC(4) Using 3 of 6 workers for concurrent weak references
[2026-04-03T03:22:13.766+0600][11.065s][info][gc,ref      ] GC(4) Encountered references: Soft: 3981, Weak: 2751, Final: 82, Phantom: 585
[2026-04-03T03:22:13.766+0600][11.065s][info][gc,ref      ] GC(4) Discovered  references: Soft: 0, Weak: 448, Final: 0, Phantom: 579
[2026-04-03T03:22:13.766+0600][11.065s][info][gc,ref      ] GC(4) Enqueued    references: Soft: 0, Weak: 0, Final: 0, Phantom: 0
[2026-04-03T03:22:13.766+0600][11.065s][info][gc          ] GC(4) Concurrent weak references 0.342ms
[2026-04-03T03:22:13.766+0600][11.065s][info][gc,start    ] GC(4) Concurrent weak roots
[2026-04-03T03:22:13.766+0600][11.065s][info][gc,task     ] GC(4) Using 3 of 6 workers for concurrent weak root
[2026-04-03T03:22:13.767+0600][11.066s][info][gc          ] GC(4) Concurrent weak roots 1.136ms
[2026-04-03T03:22:13.767+0600][11.066s][info][gc,start    ] GC(4) Concurrent cleanup
[2026-04-03T03:22:13.768+0600][11.067s][info][gc          ] GC(4) Concurrent cleanup 451M->451M(454M) 0.721ms
[2026-04-03T03:22:13.768+0600][11.067s][info][gc,ergo     ] GC(4) Free: 497M, Max: 256K regular, 497M humongous, Frag: 0% external, 0% internal; Reserve: 51181K, Max: 256K
[2026-04-03T03:22:13.768+0600][11.067s][info][gc,start    ] GC(4) Concurrent class unloading
[2026-04-03T03:22:13.768+0600][11.067s][info][gc,task     ] GC(4) Using 3 of 6 workers for concurrent class unloading
[2026-04-03T03:22:13.771+0600][11.070s][info][gc          ] GC(4) Concurrent class unloading 2.933ms
[2026-04-03T03:22:13.771+0600][11.070s][info][gc,start    ] GC(4) Concurrent strong roots
[2026-04-03T03:22:13.771+0600][11.070s][info][gc,task     ] GC(4) Using 3 of 6 workers for concurrent strong root
[2026-04-03T03:22:13.771+0600][11.070s][info][gc          ] GC(4) Concurrent strong roots 0.493ms
[2026-04-03T03:22:13.771+0600][11.070s][info][gc,start    ] GC(4) Concurrent evacuation
[2026-04-03T03:22:13.771+0600][11.070s][info][gc,task     ] GC(4) Using 3 of 6 workers for concurrent evacuation
[2026-04-03T03:22:13.772+0600][11.071s][info][gc          ] GC(4) Concurrent evacuation 0.573ms
[2026-04-03T03:22:13.772+0600][11.071s][info][gc,start    ] GC(4) Pause Init Update Refs
[2026-04-03T03:22:13.772+0600][11.071s][info][gc,ergo     ] GC(4) Pacer for Update Refs. Used: 453M, Free: 496M, Non-Taxable: 50853K, Alloc Tax Rate: 1.1x
[2026-04-03T03:22:13.772+0600][11.071s][info][gc          ] GC(4) Pause Init Update Refs 0.090ms
[2026-04-03T03:22:13.772+0600][11.071s][info][gc,start    ] GC(4) Concurrent update references
[2026-04-03T03:22:13.772+0600][11.071s][info][gc,task     ] GC(4) Using 3 of 6 workers for concurrent reference update
[2026-04-03T03:22:13.913+0600][11.212s][info][gc          ] GC(4) Concurrent update references 140.787ms
[2026-04-03T03:22:13.913+0600][11.212s][info][gc,start    ] GC(4) Concurrent update thread roots
[2026-04-03T03:22:13.914+0600][11.212s][info][gc          ] GC(4) Concurrent update thread roots 0.515ms
[2026-04-03T03:22:13.914+0600][11.213s][info][gc,start    ] GC(4) Pause Final Update Refs
[2026-04-03T03:22:13.914+0600][11.213s][info][gc,task     ] GC(4) Using 6 of 6 workers for final reference update
[2026-04-03T03:22:13.914+0600][11.213s][info][gc          ] GC(4) Pause Final Update Refs 0.148ms
[2026-04-03T03:22:13.914+0600][11.213s][info][gc,start    ] GC(4) Concurrent cleanup
[2026-04-03T03:22:13.915+0600][11.213s][info][gc          ] GC(4) Concurrent cleanup 498M->497M(501M) 0.565ms
[2026-04-03T03:22:13.915+0600][11.213s][info][gc,ergo     ] Free: 451M, Max: 256K regular, 450M humongous, Frag: 1% external, 0% internal; Reserve: 51200K, Max: 256K
[2026-04-03T03:22:13.915+0600][11.214s][info][gc,stats    ] 
[2026-04-03T03:22:13.915+0600][11.214s][info][gc,stats    ] All times are wall-clock times, except per-root-class counters, that are sum over
[2026-04-03T03:22:13.915+0600][11.214s][info][gc,stats    ] all workers. Dividing the <total> over the root stage time estimates parallelism.
[2026-04-03T03:22:13.915+0600][11.214s][info][gc,stats    ] 
[2026-04-03T03:22:13.915+0600][11.214s][info][gc,stats    ] Concurrent Reset                   1023 us
[2026-04-03T03:22:13.915+0600][11.214s][info][gc,stats    ] Pause Init Mark (G)                 240 us
[2026-04-03T03:22:13.915+0600][11.214s][info][gc,stats    ] Pause Init Mark (N)                 110 us
[2026-04-03T03:22:13.915+0600][11.214s][info][gc,stats    ]   Update Region States               35 us
[2026-04-03T03:22:13.915+0600][11.214s][info][gc,stats    ] Concurrent Mark Roots               544 us, parallelism: 1.51x
[2026-04-03T03:22:13.915+0600][11.214s][info][gc,stats    ]   CMR: <total>                      822 us
[2026-04-03T03:22:13.915+0600][11.214s][info][gc,stats    ]   CMR: Thread Roots                 662 us, workers (us): 156, 265, 241, ---, ---, ---, 
[2026-04-03T03:22:13.915+0600][11.214s][info][gc,stats    ]   CMR: VM Strong Roots               14 us, workers (us):  12,   1,   1, ---, ---, ---, 
[2026-04-03T03:22:13.915+0600][11.214s][info][gc,stats    ]   CMR: CLDG Roots                   146 us, workers (us): 146, ---, ---, ---, ---, ---, 
[2026-04-03T03:22:13.915+0600][11.214s][info][gc,stats    ] Concurrent Marking              1222026 us
[2026-04-03T03:22:13.915+0600][11.214s][info][gc,stats    ] Pause Final Mark (G)               1089 us
[2026-04-03T03:22:13.915+0600][11.214s][info][gc,stats    ] Pause Final Mark (N)                924 us
[2026-04-03T03:22:13.915+0600][11.214s][info][gc,stats    ]   Finish Mark                       283 us
[2026-04-03T03:22:13.915+0600][11.214s][info][gc,stats    ]   Update Region States               59 us
[2026-04-03T03:22:13.915+0600][11.214s][info][gc,stats    ]   Choose Collection Set             416 us
[2026-04-03T03:22:13.915+0600][11.214s][info][gc,stats    ]   Rebuild Free Set                   49 us
[2026-04-03T03:22:13.915+0600][11.214s][info][gc,stats    ] Concurrent Thread Roots             490 us, parallelism: 1.42x
[2026-04-03T03:22:13.915+0600][11.214s][info][gc,stats    ]   CTR: <total>                      695 us
[2026-04-03T03:22:13.915+0600][11.214s][info][gc,stats    ]   CTR: Thread Roots                 695 us, workers (us): 258, 223, 214, ---, ---, ---, 
[2026-04-03T03:22:13.915+0600][11.214s][info][gc,stats    ] Concurrent Weak References          354 us, parallelism: 0.54x
[2026-04-03T03:22:13.915+0600][11.214s][info][gc,stats    ]   CWRF: <total>                     190 us
[2026-04-03T03:22:13.915+0600][11.214s][info][gc,stats    ]   CWRF: Weak References             190 us, workers (us):  65,  22, 103, ---, ---, ---, 
[2026-04-03T03:22:13.915+0600][11.214s][info][gc,stats    ] Concurrent Weak Roots              1176 us
[2026-04-03T03:22:13.915+0600][11.214s][info][gc,stats    ]   Roots                             947 us, parallelism: 2.35x
[2026-04-03T03:22:13.915+0600][11.214s][info][gc,stats    ]     CWR: <total>                   2224 us
[2026-04-03T03:22:13.915+0600][11.214s][info][gc,stats    ]     CWR: Code Cache Roots          1322 us, workers (us): 466, 404, 452, ---, ---, ---, 
[2026-04-03T03:22:13.915+0600][11.214s][info][gc,stats    ]     CWR: VM Weak Roots              851 us, workers (us): 318, 277, 256, ---, ---, ---, 
[2026-04-03T03:22:13.915+0600][11.214s][info][gc,stats    ]     CWR: CLDG Roots                  51 us, workers (us): ---,  51, ---, ---, ---, ---, 
[2026-04-03T03:22:13.915+0600][11.214s][info][gc,stats    ]   Rendezvous                        160 us
[2026-04-03T03:22:13.915+0600][11.214s][info][gc,stats    ] Concurrent Cleanup                  743 us
[2026-04-03T03:22:13.915+0600][11.214s][info][gc,stats    ] Concurrent Class Unloading         2976 us
[2026-04-03T03:22:13.915+0600][11.214s][info][gc,stats    ]   Unlink Stale                     2624 us
[2026-04-03T03:22:13.915+0600][11.214s][info][gc,stats    ]     System Dictionary                41 us
[2026-04-03T03:22:13.915+0600][11.214s][info][gc,stats    ]     Weak Class Links                  1 us
[2026-04-03T03:22:13.915+0600][11.214s][info][gc,stats    ]     Code Roots                     2581 us
[2026-04-03T03:22:13.915+0600][11.214s][info][gc,stats    ]   Rendezvous                        187 us
[2026-04-03T03:22:13.915+0600][11.214s][info][gc,stats    ]   Purge Unlinked                     92 us
[2026-04-03T03:22:13.915+0600][11.214s][info][gc,stats    ]     Code Roots                       84 us
[2026-04-03T03:22:13.915+0600][11.214s][info][gc,stats    ]     CLDG                              7 us
[2026-04-03T03:22:13.915+0600][11.214s][info][gc,stats    ]     Exception Caches                  0 us
[2026-04-03T03:22:13.915+0600][11.214s][info][gc,stats    ] Concurrent Strong Roots             515 us, parallelism: 0.61x
[2026-04-03T03:22:13.915+0600][11.214s][info][gc,stats    ]   CSR: <total>                      316 us
[2026-04-03T03:22:13.915+0600][11.214s][info][gc,stats    ]   CSR: VM Strong Roots               21 us, workers (us):   9,  10,   1, ---, ---, ---, 
[2026-04-03T03:22:13.915+0600][11.214s][info][gc,stats    ]   CSR: CLDG Roots                   296 us, workers (us): 296, ---, ---, ---, ---, ---, 
[2026-04-03T03:22:13.915+0600][11.214s][info][gc,stats    ] Concurrent Evacuation               594 us
[2026-04-03T03:22:13.915+0600][11.214s][info][gc,stats    ] Pause Init Update Refs (G)          337 us
[2026-04-03T03:22:13.915+0600][11.214s][info][gc,stats    ] Pause Init Update Refs (N)          102 us
[2026-04-03T03:22:13.915+0600][11.214s][info][gc,stats    ]   Manage GCLABs                      15 us
[2026-04-03T03:22:13.915+0600][11.214s][info][gc,stats    ] Concurrent Update Refs           140850 us
[2026-04-03T03:22:13.915+0600][11.214s][info][gc,stats    ] Concurrent Update Thread Roots      553 us
[2026-04-03T03:22:13.915+0600][11.214s][info][gc,stats    ] Pause Final Update Refs (G)         450 us
[2026-04-03T03:22:13.915+0600][11.214s][info][gc,stats    ] Pause Final Update Refs (N)         159 us
[2026-04-03T03:22:13.915+0600][11.214s][info][gc,stats    ]   Update Region States               37 us
[2026-04-03T03:22:13.915+0600][11.214s][info][gc,stats    ]   Trash Collection Set                4 us
[2026-04-03T03:22:13.915+0600][11.214s][info][gc,stats    ]   Rebuild Free Set                   29 us
[2026-04-03T03:22:13.915+0600][11.214s][info][gc,stats    ] Concurrent Cleanup                  579 us
[2026-04-03T03:22:13.915+0600][11.214s][info][gc,stats    ] Pacing                           844272 us
[2026-04-03T03:22:13.915+0600][11.214s][info][gc,stats    ] 
[2026-04-03T03:22:13.915+0600][11.214s][info][gc,stats    ] Allocation pacing accrued:
[2026-04-03T03:22:13.915+0600][11.214s][info][gc,stats    ]     833 of  1376 ms ( 60.5%): main
[2026-04-03T03:22:13.915+0600][11.214s][info][gc,stats    ]      11 of  1376 ms (  0.8%): RemoteBlock-temp-file-clean-thread
[2026-04-03T03:22:13.915+0600][11.214s][info][gc,stats    ]     844 of  1376 ms ( 61.3%): <total>
[2026-04-03T03:22:13.915+0600][11.214s][info][gc,stats    ]      14 of  1376 ms (  1.0%): <average total>
[2026-04-03T03:22:13.915+0600][11.214s][info][gc,stats    ]     422 of  1376 ms ( 30.7%): <average non-zero>
[2026-04-03T03:22:13.915+0600][11.214s][info][gc,stats    ] 
[2026-04-03T03:22:13.915+0600][11.214s][info][gc,metaspace] Metaspace: 49467K(49920K)->49467K(49920K) NonClass: 43334K(43584K)->43334K(43584K) Class: 6132K(6336K)->6132K(6336K)
[2026-04-03T03:22:13.915+0600][11.214s][info][gc,ergo     ] Pacer for Idle. Initial: 20480K, Alloc Tax Rate: 1.0x
[2026-04-03T03:22:13.916+0600][11.215s][info][gc          ] Trigger: Average GC time (1862.58 ms) is above the time for average allocation rate (244 MB/s) to deplete free headroom (400M) (margin of error = 1.80)
[2026-04-03T03:22:13.916+0600][11.215s][info][gc,ergo     ] Free headroom: 450M (free) - 51200K (spike) - 0B (penalties) = 400M
[2026-04-03T03:22:13.916+0600][11.215s][info][gc,ergo     ] Free: 450M, Max: 256K regular, 450M humongous, Frag: 0% external, 0% internal; Reserve: 51200K, Max: 256K
[2026-04-03T03:22:13.916+0600][11.215s][info][gc,start    ] GC(5) Concurrent reset
[2026-04-03T03:22:13.916+0600][11.215s][info][gc,task     ] GC(5) Using 3 of 6 workers for concurrent reset
[2026-04-03T03:22:13.916+0600][11.215s][info][gc,ergo     ] GC(5) Pacer for Reset. Non-Taxable: 1000M
[2026-04-03T03:22:13.918+0600][11.217s][info][gc          ] GC(5) Concurrent reset 1.364ms
[2026-04-03T03:22:13.918+0600][11.217s][info][gc,start    ] GC(5) Pause Init Mark (unload classes)
[2026-04-03T03:22:13.918+0600][11.217s][info][gc,task     ] GC(5) Using 6 of 6 workers for init marking
[2026-04-03T03:22:13.918+0600][11.217s][info][gc,ergo     ] GC(5) Pacer for Mark. Expected Live: 98264K, Free: 450M, Non-Taxable: 46080K, Alloc Tax Rate: 0.3x
[2026-04-03T03:22:13.918+0600][11.217s][info][gc          ] GC(5) Pause Init Mark (unload classes) 0.113ms
[2026-04-03T03:22:13.918+0600][11.217s][info][gc,start    ] GC(5) Concurrent marking roots
[2026-04-03T03:22:13.918+0600][11.217s][info][gc,task     ] GC(5) Using 3 of 6 workers for concurrent marking roots
[2026-04-03T03:22:13.919+0600][11.217s][info][gc          ] GC(5) Concurrent marking roots 0.464ms
[2026-04-03T03:22:13.919+0600][11.217s][info][gc,start    ] GC(5) Concurrent marking (unload classes)
[2026-04-03T03:22:13.919+0600][11.217s][info][gc,task     ] GC(5) Using 3 of 6 workers for concurrent marking
[2026-04-03T03:22:15.486+0600][12.785s][info][gc          ] GC(5) Concurrent marking (unload classes) 1567.362ms
[2026-04-03T03:22:15.486+0600][12.785s][info][gc,start    ] GC(5) Pause Final Mark (unload classes)
[2026-04-03T03:22:15.486+0600][12.785s][info][gc,task     ] GC(5) Using 6 of 6 workers for final marking
[2026-04-03T03:22:15.487+0600][12.786s][info][gc,ergo     ] GC(5) Adaptive CSet Selection. Target Free: 141M, Actual Free: 423M, Max CSet: 42666K, Min Garbage: 0B
[2026-04-03T03:22:15.487+0600][12.786s][info][gc,ergo     ] GC(5) Collectable Garbage: 810K (6%), Immediate: 0B (0%), CSet: 810K (6%)
[2026-04-03T03:22:15.487+0600][12.786s][info][gc,ergo     ] GC(5) Pacer for Evacuation. Used CSet: 1536K, Free: 373M, Non-Taxable: 38208K, Alloc Tax Rate: 1.1x
[2026-04-03T03:22:15.487+0600][12.786s][info][gc          ] GC(5) Pause Final Mark (unload classes) 1.107ms
[2026-04-03T03:22:15.487+0600][12.786s][info][gc,start    ] GC(5) Concurrent thread roots
[2026-04-03T03:22:15.487+0600][12.786s][info][gc,task     ] GC(5) Using 3 of 6 workers for Concurrent thread roots
[2026-04-03T03:22:15.488+0600][12.787s][info][gc          ] GC(5) Concurrent thread roots 0.556ms
[2026-04-03T03:22:15.488+0600][12.787s][info][gc,start    ] GC(5) Concurrent weak references
[2026-04-03T03:22:15.488+0600][12.787s][info][gc,task     ] GC(5) Using 3 of 6 workers for concurrent weak references
[2026-04-03T03:22:15.488+0600][12.787s][info][gc,ref      ] GC(5) Encountered references: Soft: 3981, Weak: 2751, Final: 82, Phantom: 585
[2026-04-03T03:22:15.488+0600][12.787s][info][gc,ref      ] GC(5) Discovered  references: Soft: 0, Weak: 99, Final: 0, Phantom: 580
[2026-04-03T03:22:15.488+0600][12.787s][info][gc,ref      ] GC(5) Enqueued    references: Soft: 0, Weak: 0, Final: 0, Phantom: 0
[2026-04-03T03:22:15.488+0600][12.787s][info][gc          ] GC(5) Concurrent weak references 0.184ms
[2026-04-03T03:22:15.488+0600][12.787s][info][gc,start    ] GC(5) Concurrent weak roots
[2026-04-03T03:22:15.488+0600][12.787s][info][gc,task     ] GC(5) Using 3 of 6 workers for concurrent weak root
[2026-04-03T03:22:15.490+0600][12.788s][info][gc          ] GC(5) Concurrent weak roots 1.274ms
[2026-04-03T03:22:15.490+0600][12.788s][info][gc,start    ] GC(5) Concurrent cleanup
[2026-04-03T03:22:15.490+0600][12.789s][info][gc          ] GC(5) Concurrent cleanup 576M->576M(579M) 0.610ms
[2026-04-03T03:22:15.490+0600][12.789s][info][gc,ergo     ] GC(5) Free: 372M, Max: 256K regular, 372M humongous, Frag: 0% external, 0% internal; Reserve: 51183K, Max: 256K
[2026-04-03T03:22:15.490+0600][12.789s][info][gc,start    ] GC(5) Concurrent class unloading
[2026-04-03T03:22:15.490+0600][12.789s][info][gc,task     ] GC(5) Using 3 of 6 workers for concurrent class unloading
[2026-04-03T03:22:15.493+0600][12.792s][info][gc          ] GC(5) Concurrent class unloading 2.907ms
[2026-04-03T03:22:15.493+0600][12.792s][info][gc,start    ] GC(5) Concurrent strong roots
[2026-04-03T03:22:15.493+0600][12.792s][info][gc,task     ] GC(5) Using 3 of 6 workers for concurrent strong root
[2026-04-03T03:22:15.494+0600][12.793s][info][gc          ] GC(5) Concurrent strong roots 0.682ms
[2026-04-03T03:22:15.494+0600][12.793s][info][gc,start    ] GC(5) Concurrent evacuation
[2026-04-03T03:22:15.494+0600][12.793s][info][gc,task     ] GC(5) Using 3 of 6 workers for concurrent evacuation
[2026-04-03T03:22:15.495+0600][12.794s][info][gc          ] GC(5) Concurrent evacuation 0.991ms
[2026-04-03T03:22:15.495+0600][12.794s][info][gc,start    ] GC(5) Pause Init Update Refs
[2026-04-03T03:22:15.495+0600][12.794s][info][gc,ergo     ] GC(5) Pacer for Update Refs. Used: 578M, Free: 371M, Non-Taxable: 38021K, Alloc Tax Rate: 1.9x
[2026-04-03T03:22:15.495+0600][12.794s][info][gc          ] GC(5) Pause Init Update Refs 0.059ms
[2026-04-03T03:22:15.495+0600][12.794s][info][gc,start    ] GC(5) Concurrent update references
[2026-04-03T03:22:15.495+0600][12.794s][info][gc,task     ] GC(5) Using 3 of 6 workers for concurrent reference update
[2026-04-03T03:22:15.700+0600][12.999s][info][gc          ] GC(5) Concurrent update references 204.664ms
[2026-04-03T03:22:15.700+0600][12.999s][info][gc,start    ] GC(5) Concurrent update thread roots
[2026-04-03T03:22:15.700+0600][12.999s][info][gc          ] GC(5) Concurrent update thread roots 0.414ms
[2026-04-03T03:22:15.700+0600][12.999s][info][gc,start    ] GC(5) Pause Final Update Refs
[2026-04-03T03:22:15.700+0600][12.999s][info][gc,task     ] GC(5) Using 6 of 6 workers for final reference update
[2026-04-03T03:22:15.701+0600][12.999s][info][gc          ] GC(5) Pause Final Update Refs 0.154ms
[2026-04-03T03:22:15.701+0600][12.999s][info][gc,start    ] GC(5) Concurrent cleanup
[2026-04-03T03:22:15.701+0600][13.000s][info][gc          ] GC(5) Concurrent cleanup 620M->619M(622M) 0.543ms
[2026-04-03T03:22:15.701+0600][13.000s][info][gc,ergo     ] Free: 329M, Max: 256K regular, 328M humongous, Frag: 1% external, 0% internal; Reserve: 51200K, Max: 256K
[2026-04-03T03:22:15.701+0600][13.000s][info][gc,stats    ] 
[2026-04-03T03:22:15.701+0600][13.000s][info][gc,stats    ] All times are wall-clock times, except per-root-class counters, that are sum over
[2026-04-03T03:22:15.701+0600][13.000s][info][gc,stats    ] all workers. Dividing the <total> over the root stage time estimates parallelism.
[2026-04-03T03:22:15.701+0600][13.000s][info][gc,stats    ] 
[2026-04-03T03:22:15.701+0600][13.000s][info][gc,stats    ] Concurrent Reset                   1408 us
[2026-04-03T03:22:15.701+0600][13.000s][info][gc,stats    ] Pause Init Mark (G)                 435 us
[2026-04-03T03:22:15.701+0600][13.000s][info][gc,stats    ] Pause Init Mark (N)                 121 us
[2026-04-03T03:22:15.701+0600][13.000s][info][gc,stats    ]   Update Region States               32 us
[2026-04-03T03:22:15.701+0600][13.000s][info][gc,stats    ] Concurrent Mark Roots               505 us, parallelism: 1.54x
[2026-04-03T03:22:15.701+0600][13.000s][info][gc,stats    ]   CMR: <total>                      777 us
[2026-04-03T03:22:15.701+0600][13.000s][info][gc,stats    ]   CMR: Thread Roots                 645 us, workers (us): 159, 279, 207, ---, ---, ---, 
[2026-04-03T03:22:15.701+0600][13.000s][info][gc,stats    ]   CMR: VM Strong Roots               18 us, workers (us):   9,   9,   1, ---, ---, ---, 
[2026-04-03T03:22:15.701+0600][13.000s][info][gc,stats    ]   CMR: CLDG Roots                   114 us, workers (us): 114, ---, ---, ---, ---, ---, 
[2026-04-03T03:22:15.701+0600][13.000s][info][gc,stats    ] Concurrent Marking              1567442 us
[2026-04-03T03:22:15.701+0600][13.000s][info][gc,stats    ] Pause Final Mark (G)               1297 us
[2026-04-03T03:22:15.701+0600][13.000s][info][gc,stats    ] Pause Final Mark (N)               1119 us
[2026-04-03T03:22:15.701+0600][13.000s][info][gc,stats    ]   Finish Mark                       317 us
[2026-04-03T03:22:15.701+0600][13.000s][info][gc,stats    ]   Update Region States               87 us
[2026-04-03T03:22:15.701+0600][13.000s][info][gc,stats    ]   Choose Collection Set             572 us
[2026-04-03T03:22:15.701+0600][13.000s][info][gc,stats    ]   Rebuild Free Set                   41 us
[2026-04-03T03:22:15.701+0600][13.000s][info][gc,stats    ] Concurrent Thread Roots             610 us, parallelism: 1.43x
[2026-04-03T03:22:15.701+0600][13.000s][info][gc,stats    ]   CTR: <total>                      875 us
[2026-04-03T03:22:15.701+0600][13.000s][info][gc,stats    ]   CTR: Thread Roots                 875 us, workers (us): 319, 284, 271, ---, ---, ---, 
[2026-04-03T03:22:15.701+0600][13.000s][info][gc,stats    ] Concurrent Weak References          193 us, parallelism: 0.39x
[2026-04-03T03:22:15.701+0600][13.000s][info][gc,stats    ]   CWRF: <total>                      74 us
[2026-04-03T03:22:15.701+0600][13.000s][info][gc,stats    ]   CWRF: Weak References              74 us, workers (us):  74,   0,   0, ---, ---, ---, 
[2026-04-03T03:22:15.701+0600][13.000s][info][gc,stats    ] Concurrent Weak Roots              1321 us
[2026-04-03T03:22:15.701+0600][13.000s][info][gc,stats    ]   Roots                            1162 us, parallelism: 2.21x
[2026-04-03T03:22:15.701+0600][13.000s][info][gc,stats    ]     CWR: <total>                   2571 us
[2026-04-03T03:22:15.701+0600][13.000s][info][gc,stats    ]     CWR: Code Cache Roots          1511 us, workers (us): 511, 532, 468, ---, ---, ---, 
[2026-04-03T03:22:15.701+0600][13.000s][info][gc,stats    ]     CWR: VM Weak Roots             1026 us, workers (us): 362, 351, 314, ---, ---, ---, 
[2026-04-03T03:22:15.701+0600][13.000s][info][gc,stats    ]     CWR: CLDG Roots                  34 us, workers (us):  34, ---, ---, ---, ---, ---, 
[2026-04-03T03:22:15.701+0600][13.000s][info][gc,stats    ]   Rendezvous                         94 us
[2026-04-03T03:22:15.701+0600][13.000s][info][gc,stats    ] Concurrent Cleanup                  623 us
[2026-04-03T03:22:15.701+0600][13.000s][info][gc,stats    ] Concurrent Class Unloading         2959 us
[2026-04-03T03:22:15.701+0600][13.000s][info][gc,stats    ]   Unlink Stale                     2774 us
[2026-04-03T03:22:15.701+0600][13.000s][info][gc,stats    ]     System Dictionary                40 us
[2026-04-03T03:22:15.701+0600][13.000s][info][gc,stats    ]     Weak Class Links                  0 us
[2026-04-03T03:22:15.701+0600][13.000s][info][gc,stats    ]     Code Roots                     2731 us
[2026-04-03T03:22:15.701+0600][13.000s][info][gc,stats    ]   Rendezvous                        102 us
[2026-04-03T03:22:15.701+0600][13.000s][info][gc,stats    ]   Purge Unlinked                     10 us
[2026-04-03T03:22:15.701+0600][13.000s][info][gc,stats    ]     Code Roots                        3 us
[2026-04-03T03:22:15.701+0600][13.000s][info][gc,stats    ]     CLDG                              6 us
[2026-04-03T03:22:15.701+0600][13.000s][info][gc,stats    ]     Exception Caches                  0 us
[2026-04-03T03:22:15.701+0600][13.000s][info][gc,stats    ] Concurrent Strong Roots             735 us, parallelism: 0.55x
[2026-04-03T03:22:15.701+0600][13.000s][info][gc,stats    ]   CSR: <total>                      404 us
[2026-04-03T03:22:15.701+0600][13.000s][info][gc,stats    ]   CSR: VM Strong Roots               17 us, workers (us):   9,   8,   0, ---, ---, ---, 
[2026-04-03T03:22:15.701+0600][13.000s][info][gc,stats    ]   CSR: CLDG Roots                   387 us, workers (us): ---, 387, ---, ---, ---, ---, 
[2026-04-03T03:22:15.701+0600][13.000s][info][gc,stats    ] Concurrent Evacuation              1046 us
[2026-04-03T03:22:15.701+0600][13.000s][info][gc,stats    ] Pause Init Update Refs (G)          157 us
[2026-04-03T03:22:15.701+0600][13.000s][info][gc,stats    ] Pause Init Update Refs (N)           68 us
[2026-04-03T03:22:15.701+0600][13.000s][info][gc,stats    ]   Manage GCLABs                      12 us
[2026-04-03T03:22:15.702+0600][13.000s][info][gc,stats    ] Concurrent Update Refs           204732 us
[2026-04-03T03:22:15.702+0600][13.000s][info][gc,stats    ] Concurrent Update Thread Roots      433 us
[2026-04-03T03:22:15.702+0600][13.000s][info][gc,stats    ] Pause Final Update Refs (G)         312 us
[2026-04-03T03:22:15.702+0600][13.000s][info][gc,stats    ] Pause Final Update Refs (N)         164 us
[2026-04-03T03:22:15.702+0600][13.000s][info][gc,stats    ]   Update Region States               46 us
[2026-04-03T03:22:15.702+0600][13.000s][info][gc,stats    ]   Trash Collection Set                5 us
[2026-04-03T03:22:15.702+0600][13.000s][info][gc,stats    ]   Rebuild Free Set                   29 us
[2026-04-03T03:22:15.702+0600][13.000s][info][gc,stats    ] Concurrent Cleanup                  554 us
[2026-04-03T03:22:15.702+0600][13.000s][info][gc,stats    ] Pacing                          1330413 us
[2026-04-03T03:22:15.702+0600][13.000s][info][gc,stats    ] 
[2026-04-03T03:22:15.702+0600][13.000s][info][gc,stats    ] Allocation pacing accrued:
[2026-04-03T03:22:15.702+0600][13.000s][info][gc,stats    ]    1319 of  1787 ms ( 73.8%): main
[2026-04-03T03:22:15.702+0600][13.000s][info][gc,stats    ]      11 of  1787 ms (  0.6%): RemoteBlock-temp-file-clean-thread
[2026-04-03T03:22:15.702+0600][13.000s][info][gc,stats    ]    1330 of  1787 ms ( 74.5%): <total>
[2026-04-03T03:22:15.702+0600][13.000s][info][gc,stats    ]      22 of  1787 ms (  1.2%): <average total>
[2026-04-03T03:22:15.702+0600][13.000s][info][gc,stats    ]     665 of  1787 ms ( 37.2%): <average non-zero>
[2026-04-03T03:22:15.702+0600][13.000s][info][gc,stats    ] 
[2026-04-03T03:22:15.702+0600][13.000s][info][gc,metaspace] Metaspace: 49467K(49920K)->49491K(49920K) NonClass: 43334K(43584K)->43358K(43584K) Class: 6132K(6336K)->6133K(6336K)
[2026-04-03T03:22:15.702+0600][13.000s][info][gc,ergo     ] Pacer for Idle. Initial: 20480K, Alloc Tax Rate: 1.0x
[2026-04-03T03:22:15.703+0600][13.002s][info][gc          ] Trigger: Average GC time (2448.45 ms) is above the time for average allocation rate (157 MB/s) to deplete free headroom (279M) (margin of error = 1.82)
[2026-04-03T03:22:15.703+0600][13.002s][info][gc,ergo     ] Free headroom: 329M (free) - 51200K (spike) - 0B (penalties) = 279M
[2026-04-03T03:22:15.703+0600][13.002s][info][gc,ergo     ] Free: 329M, Max: 256K regular, 328M humongous, Frag: 1% external, 0% internal; Reserve: 51200K, Max: 256K
[2026-04-03T03:22:15.703+0600][13.002s][info][gc,start    ] GC(6) Concurrent reset
[2026-04-03T03:22:15.703+0600][13.002s][info][gc,task     ] GC(6) Using 3 of 6 workers for concurrent reset
[2026-04-03T03:22:15.703+0600][13.002s][info][gc,ergo     ] GC(6) Pacer for Reset. Non-Taxable: 1000M
[2026-04-03T03:22:15.704+0600][13.003s][info][gc          ] GC(6) Concurrent reset 1.349ms
[2026-04-03T03:22:15.704+0600][13.003s][info][gc,start    ] GC(6) Pause Init Mark (unload classes)
[2026-04-03T03:22:15.704+0600][13.003s][info][gc,task     ] GC(6) Using 6 of 6 workers for init marking
[2026-04-03T03:22:15.704+0600][13.003s][info][gc,ergo     ] GC(6) Pacer for Mark. Expected Live: 192M, Free: 329M, Non-Taxable: 33741K, Alloc Tax Rate: 0.7x
[2026-04-03T03:22:15.704+0600][13.003s][info][gc          ] GC(6) Pause Init Mark (unload classes) 0.064ms
[2026-04-03T03:22:15.704+0600][13.003s][info][gc,start    ] GC(6) Concurrent marking roots
[2026-04-03T03:22:15.704+0600][13.003s][info][gc,task     ] GC(6) Using 3 of 6 workers for concurrent marking roots
[2026-04-03T03:22:15.705+0600][13.004s][info][gc          ] GC(6) Concurrent marking roots 0.413ms
[2026-04-03T03:22:15.705+0600][13.004s][info][gc,start    ] GC(6) Concurrent marking (unload classes)
[2026-04-03T03:22:15.705+0600][13.004s][info][gc,task     ] GC(6) Using 3 of 6 workers for concurrent marking
[2026-04-03T03:22:16.627+0600][13.926s][info][gc          ] GC(6) Concurrent marking (unload classes) 922.523ms
[2026-04-03T03:22:16.628+0600][13.927s][info][gc,start    ] GC(6) Pause Final Mark (unload classes)
[2026-04-03T03:22:16.628+0600][13.927s][info][gc,task     ] GC(6) Using 6 of 6 workers for final marking
[2026-04-03T03:22:16.628+0600][13.927s][info][gc,ergo     ] GC(6) Adaptive CSet Selection. Target Free: 141M, Actual Free: 378M, Max CSet: 42666K, Min Garbage: 0B
[2026-04-03T03:22:16.629+0600][13.928s][info][gc,ergo     ] GC(6) Collectable Garbage: 1018K (7%), Immediate: 0B (0%), CSet: 1018K (7%)
[2026-04-03T03:22:16.629+0600][13.928s][info][gc,ergo     ] GC(6) Pacer for Evacuation. Used CSet: 1792K, Free: 328M, Non-Taxable: 33646K, Alloc Tax Rate: 1.1x
[2026-04-03T03:22:16.629+0600][13.928s][info][gc          ] GC(6) Pause Final Mark (unload classes) 0.991ms
[2026-04-03T03:22:16.629+0600][13.928s][info][gc,start    ] GC(6) Concurrent thread roots
[2026-04-03T03:22:16.629+0600][13.928s][info][gc,task     ] GC(6) Using 3 of 6 workers for Concurrent thread roots
[2026-04-03T03:22:16.629+0600][13.928s][info][gc          ] GC(6) Concurrent thread roots 0.369ms
[2026-04-03T03:22:16.629+0600][13.928s][info][gc,start    ] GC(6) Concurrent weak references
[2026-04-03T03:22:16.629+0600][13.928s][info][gc,task     ] GC(6) Using 3 of 6 workers for concurrent weak references
[2026-04-03T03:22:16.629+0600][13.928s][info][gc,ref      ] GC(6) Encountered references: Soft: 3981, Weak: 2751, Final: 82, Phantom: 586
[2026-04-03T03:22:16.629+0600][13.928s][info][gc,ref      ] GC(6) Discovered  references: Soft: 0, Weak: 1269, Final: 48, Phantom: 581
[2026-04-03T03:22:16.629+0600][13.928s][info][gc,ref      ] GC(6) Enqueued    references: Soft: 0, Weak: 0, Final: 0, Phantom: 0
[2026-04-03T03:22:16.630+0600][13.928s][info][gc          ] GC(6) Concurrent weak references 0.231ms
[2026-04-03T03:22:16.630+0600][13.928s][info][gc,start    ] GC(6) Concurrent weak roots
[2026-04-03T03:22:16.630+0600][13.928s][info][gc,task     ] GC(6) Using 3 of 6 workers for concurrent weak root
[2026-04-03T03:22:16.631+0600][13.929s][info][gc          ] GC(6) Concurrent weak roots 1.082ms
[2026-04-03T03:22:16.631+0600][13.929s][info][gc,start    ] GC(6) Concurrent cleanup
[2026-04-03T03:22:16.631+0600][13.930s][info][gc          ] GC(6) Concurrent cleanup 620M->620M(622M) 0.501ms
[2026-04-03T03:22:16.631+0600][13.930s][info][gc,ergo     ] GC(6) Free: 328M, Max: 256K regular, 328M humongous, Frag: 0% external, 0% internal; Reserve: 51064K, Max: 256K
[2026-04-03T03:22:16.631+0600][13.930s][info][gc,start    ] GC(6) Concurrent class unloading
[2026-04-03T03:22:16.631+0600][13.930s][info][gc,task     ] GC(6) Using 3 of 6 workers for concurrent class unloading
[2026-04-03T03:22:16.634+0600][13.933s][info][gc          ] GC(6) Concurrent class unloading 2.558ms
[2026-04-03T03:22:16.634+0600][13.933s][info][gc,start    ] GC(6) Concurrent strong roots
[2026-04-03T03:22:16.634+0600][13.933s][info][gc,task     ] GC(6) Using 3 of 6 workers for concurrent strong root
[2026-04-03T03:22:16.634+0600][13.933s][info][gc          ] GC(6) Concurrent strong roots 0.339ms
[2026-04-03T03:22:16.634+0600][13.933s][info][gc,start    ] GC(6) Concurrent evacuation
[2026-04-03T03:22:16.634+0600][13.933s][info][gc,task     ] GC(6) Using 3 of 6 workers for concurrent evacuation
[2026-04-03T03:22:16.635+0600][13.934s][info][gc          ] GC(6) Concurrent evacuation 0.556ms
[2026-04-03T03:22:16.635+0600][13.934s][info][gc,start    ] GC(6) Pause Init Update Refs
[2026-04-03T03:22:16.635+0600][13.934s][info][gc,ergo     ] GC(6) Pacer for Update Refs. Used: 621M, Free: 328M, Non-Taxable: 33619K, Alloc Tax Rate: 2.3x
[2026-04-03T03:22:16.635+0600][13.934s][info][gc          ] GC(6) Pause Init Update Refs 0.044ms
[2026-04-03T03:22:16.635+0600][13.934s][info][gc,start    ] GC(6) Concurrent update references
[2026-04-03T03:22:16.635+0600][13.934s][info][gc,task     ] GC(6) Using 3 of 6 workers for concurrent reference update
[2026-04-03T03:22:16.868+0600][14.167s][info][gc          ] GC(6) Concurrent update references 232.963ms
[2026-04-03T03:22:16.868+0600][14.167s][info][gc,start    ] GC(6) Concurrent update thread roots
[2026-04-03T03:22:16.869+0600][14.167s][info][gc          ] GC(6) Concurrent update thread roots 0.603ms
[2026-04-03T03:22:16.869+0600][14.167s][info][gc,start    ] GC(6) Pause Final Update Refs
[2026-04-03T03:22:16.869+0600][14.167s][info][gc,task     ] GC(6) Using 6 of 6 workers for final reference update
[2026-04-03T03:22:16.869+0600][14.168s][info][gc          ] GC(6) Pause Final Update Refs 0.132ms
[2026-04-03T03:22:16.869+0600][14.168s][info][gc,start    ] GC(6) Concurrent cleanup
[2026-04-03T03:22:16.869+0600][14.168s][info][gc          ] GC(6) Concurrent cleanup 658M->656M(659M) 0.520ms
[2026-04-03T03:22:16.869+0600][14.168s][info][gc,ergo     ] Free: 292M, Max: 256K regular, 291M humongous, Frag: 1% external, 0% internal; Reserve: 51200K, Max: 256K
[2026-04-03T03:22:16.869+0600][14.168s][info][gc,stats    ] 
[2026-04-03T03:22:16.869+0600][14.168s][info][gc,stats    ] All times are wall-clock times, except per-root-class counters, that are sum over
[2026-04-03T03:22:16.869+0600][14.168s][info][gc,stats    ] all workers. Dividing the <total> over the root stage time estimates parallelism.
[2026-04-03T03:22:16.869+0600][14.168s][info][gc,stats    ] 
[2026-04-03T03:22:16.869+0600][14.168s][info][gc,stats    ] Concurrent Reset                   1373 us
[2026-04-03T03:22:16.869+0600][14.168s][info][gc,stats    ] Pause Init Mark (G)                 199 us
[2026-04-03T03:22:16.869+0600][14.168s][info][gc,stats    ] Pause Init Mark (N)                  71 us
[2026-04-03T03:22:16.869+0600][14.168s][info][gc,stats    ]   Update Region States               20 us
[2026-04-03T03:22:16.869+0600][14.168s][info][gc,stats    ] Concurrent Mark Roots               441 us, parallelism: 1.65x
[2026-04-03T03:22:16.869+0600][14.168s][info][gc,stats    ]   CMR: <total>                      728 us
[2026-04-03T03:22:16.869+0600][14.168s][info][gc,stats    ]   CMR: Thread Roots                 586 us, workers (us): 172, 216, 198, ---, ---, ---, 
[2026-04-03T03:22:16.869+0600][14.168s][info][gc,stats    ]   CMR: VM Strong Roots               13 us, workers (us):  12,   1,   1, ---, ---, ---, 
[2026-04-03T03:22:16.869+0600][14.168s][info][gc,stats    ]   CMR: CLDG Roots                   129 us, workers (us): 129, ---, ---, ---, ---, ---, 
[2026-04-03T03:22:16.870+0600][14.168s][info][gc,stats    ] Concurrent Marking               922579 us
[2026-04-03T03:22:16.870+0600][14.168s][info][gc,stats    ] Pause Final Mark (G)               1376 us
[2026-04-03T03:22:16.870+0600][14.168s][info][gc,stats    ] Pause Final Mark (N)                999 us
[2026-04-03T03:22:16.870+0600][14.168s][info][gc,stats    ]   Finish Mark                       286 us
[2026-04-03T03:22:16.870+0600][14.168s][info][gc,stats    ]   Update Region States              103 us
[2026-04-03T03:22:16.870+0600][14.168s][info][gc,stats    ]   Choose Collection Set             448 us
[2026-04-03T03:22:16.870+0600][14.168s][info][gc,stats    ]   Rebuild Free Set                   32 us
[2026-04-03T03:22:16.870+0600][14.168s][info][gc,stats    ] Concurrent Thread Roots             395 us, parallelism: 1.70x
[2026-04-03T03:22:16.870+0600][14.168s][info][gc,stats    ]   CTR: <total>                      673 us
[2026-04-03T03:22:16.870+0600][14.168s][info][gc,stats    ]   CTR: Thread Roots                 673 us, workers (us): 278, 196, 199, ---, ---, ---, 
[2026-04-03T03:22:16.870+0600][14.168s][info][gc,stats    ] Concurrent Weak References          236 us, parallelism: 0.75x
[2026-04-03T03:22:16.870+0600][14.168s][info][gc,stats    ]   CWRF: <total>                     177 us
[2026-04-03T03:22:16.870+0600][14.168s][info][gc,stats    ]   CWRF: Weak References             177 us, workers (us): 175,   1,   1, ---, ---, ---, 
[2026-04-03T03:22:16.870+0600][14.168s][info][gc,stats    ] Concurrent Weak Roots              1122 us
[2026-04-03T03:22:16.870+0600][14.168s][info][gc,stats    ]   Roots                             993 us, parallelism: 2.02x
[2026-04-03T03:22:16.870+0600][14.168s][info][gc,stats    ]     CWR: <total>                   2004 us
[2026-04-03T03:22:16.870+0600][14.168s][info][gc,stats    ]     CWR: Code Cache Roots          1026 us, workers (us): 306, 399, 321, ---, ---, ---, 
[2026-04-03T03:22:16.870+0600][14.168s][info][gc,stats    ]     CWR: VM Weak Roots              960 us, workers (us): 401, 291, 267, ---, ---, ---, 
[2026-04-03T03:22:16.870+0600][14.168s][info][gc,stats    ]     CWR: CLDG Roots                  18 us, workers (us):  18, ---, ---, ---, ---, ---, 
[2026-04-03T03:22:16.870+0600][14.168s][info][gc,stats    ]   Rendezvous                         76 us
[2026-04-03T03:22:16.870+0600][14.168s][info][gc,stats    ] Concurrent Cleanup                  512 us
[2026-04-03T03:22:16.870+0600][14.168s][info][gc,stats    ] Concurrent Class Unloading         2600 us
[2026-04-03T03:22:16.870+0600][14.168s][info][gc,stats    ]   Unlink Stale                     2145 us
[2026-04-03T03:22:16.870+0600][14.168s][info][gc,stats    ]     System Dictionary                22 us
[2026-04-03T03:22:16.870+0600][14.168s][info][gc,stats    ]     Weak Class Links                  0 us
[2026-04-03T03:22:16.870+0600][14.168s][info][gc,stats    ]     Code Roots                     2121 us
[2026-04-03T03:22:16.870+0600][14.168s][info][gc,stats    ]   Rendezvous                        249 us
[2026-04-03T03:22:16.870+0600][14.168s][info][gc,stats    ]   Purge Unlinked                    148 us
[2026-04-03T03:22:16.870+0600][14.168s][info][gc,stats    ]     Code Roots                      142 us
[2026-04-03T03:22:16.870+0600][14.168s][info][gc,stats    ]     CLDG                              5 us
[2026-04-03T03:22:16.870+0600][14.168s][info][gc,stats    ]     Exception Caches                  0 us
[2026-04-03T03:22:16.870+0600][14.169s][info][gc,stats    ] Concurrent Strong Roots             377 us, parallelism: 0.52x
[2026-04-03T03:22:16.870+0600][14.169s][info][gc,stats    ]   CSR: <total>                      197 us
[2026-04-03T03:22:16.870+0600][14.169s][info][gc,stats    ]   CSR: VM Strong Roots               14 us, workers (us):  11,   2,   1, ---, ---, ---, 
[2026-04-03T03:22:16.870+0600][14.169s][info][gc,stats    ]   CSR: CLDG Roots                   183 us, workers (us): ---, ---, 183, ---, ---, ---, 
[2026-04-03T03:22:16.870+0600][14.169s][info][gc,stats    ] Concurrent Evacuation               573 us
[2026-04-03T03:22:16.870+0600][14.169s][info][gc,stats    ] Pause Init Update Refs (G)          240 us
[2026-04-03T03:22:16.870+0600][14.169s][info][gc,stats    ] Pause Init Update Refs (N)           51 us
[2026-04-03T03:22:16.870+0600][14.169s][info][gc,stats    ]   Manage GCLABs                       9 us
[2026-04-03T03:22:16.870+0600][14.169s][info][gc,stats    ] Concurrent Update Refs           233021 us
[2026-04-03T03:22:16.870+0600][14.169s][info][gc,stats    ] Concurrent Update Thread Roots      622 us
[2026-04-03T03:22:16.870+0600][14.169s][info][gc,stats    ] Pause Final Update Refs (G)         221 us
[2026-04-03T03:22:16.870+0600][14.169s][info][gc,stats    ] Pause Final Update Refs (N)         141 us
[2026-04-03T03:22:16.870+0600][14.169s][info][gc,stats    ]   Update Region States               49 us
[2026-04-03T03:22:16.870+0600][14.169s][info][gc,stats    ]   Trash Collection Set                5 us
[2026-04-03T03:22:16.870+0600][14.169s][info][gc,stats    ]   Rebuild Free Set                   31 us
[2026-04-03T03:22:16.870+0600][14.169s][info][gc,stats    ] Concurrent Cleanup                  548 us
[2026-04-03T03:22:16.870+0600][14.169s][info][gc,stats    ] 
[2026-04-03T03:22:16.870+0600][14.169s][info][gc,stats    ] Allocation pacing accrued:
[2026-04-03T03:22:16.870+0600][14.169s][info][gc,stats    ]       0 of  1168 ms (  0.0%): <total>
[2026-04-03T03:22:16.870+0600][14.169s][info][gc,stats    ]       0 of  1168 ms (  0.0%): <average total>
[2026-04-03T03:22:16.870+0600][14.169s][info][gc,stats    ] 
[2026-04-03T03:22:16.870+0600][14.169s][info][gc,metaspace] Metaspace: 49491K(49920K)->51650K(52096K) NonClass: 43358K(43584K)->45160K(45440K) Class: 6133K(6336K)->6490K(6656K)
[2026-04-03T03:22:16.870+0600][14.169s][info][gc,ergo     ] Pacer for Idle. Initial: 20480K, Alloc Tax Rate: 1.0x
[2026-04-03T03:22:18.834+0600][16.133s][info][gc          ] Trigger: Explicit GC request (System.gc())
[2026-04-03T03:22:18.834+0600][16.133s][info][gc,ergo     ] Free: 238M, Max: 256K regular, 238M humongous, Frag: 0% external, 0% internal; Reserve: 51200K, Max: 256K
[2026-04-03T03:22:18.834+0600][16.133s][info][gc,start    ] GC(7) Concurrent reset
[2026-04-03T03:22:18.834+0600][16.133s][info][gc,task     ] GC(7) Using 3 of 6 workers for concurrent reset
[2026-04-03T03:22:18.834+0600][16.133s][info][gc,ergo     ] GC(7) Pacer for Reset. Non-Taxable: 1000M
[2026-04-03T03:22:18.836+0600][16.135s][info][gc          ] GC(7) Concurrent reset 2.190ms
[2026-04-03T03:22:18.837+0600][16.135s][info][gc,start    ] GC(7) Pause Init Mark (unload classes)
[2026-04-03T03:22:18.837+0600][16.135s][info][gc,task     ] GC(7) Using 6 of 6 workers for init marking
[2026-04-03T03:22:18.837+0600][16.136s][info][gc,ref      ] GC(7) Clearing All SoftReferences
[2026-04-03T03:22:18.837+0600][16.136s][info][gc,ergo     ] GC(7) Pacer for Mark. Expected Live: 310M, Free: 238M, Non-Taxable: 24438K, Alloc Tax Rate: 1.6x
[2026-04-03T03:22:18.837+0600][16.136s][info][gc          ] GC(7) Pause Init Mark (unload classes) 0.150ms
[2026-04-03T03:22:18.837+0600][16.136s][info][gc,start    ] GC(7) Concurrent marking roots
[2026-04-03T03:22:18.837+0600][16.136s][info][gc,task     ] GC(7) Using 3 of 6 workers for concurrent marking roots
[2026-04-03T03:22:18.838+0600][16.137s][info][gc          ] GC(7) Concurrent marking roots 0.982ms
[2026-04-03T03:22:18.838+0600][16.137s][info][gc,start    ] GC(7) Concurrent marking (unload classes)
[2026-04-03T03:22:18.838+0600][16.137s][info][gc,task     ] GC(7) Using 3 of 6 workers for concurrent marking
[2026-04-03T03:22:18.853+0600][16.152s][info][gc          ] GC(7) Concurrent marking (unload classes) 14.857ms
[2026-04-03T03:22:18.853+0600][16.152s][info][gc,start    ] GC(7) Pause Final Mark (unload classes)
[2026-04-03T03:22:18.853+0600][16.152s][info][gc,task     ] GC(7) Using 6 of 6 workers for final marking
[2026-04-03T03:22:18.853+0600][16.152s][info][gc,ergo     ] GC(7) Collectable Garbage: 619M (91%), Immediate: 619M (91%), CSet: 0B (0%)
[2026-04-03T03:22:18.854+0600][16.152s][info][gc          ] GC(7) Pause Final Mark (unload classes) 0.645ms
[2026-04-03T03:22:18.854+0600][16.152s][info][gc,start    ] GC(7) Concurrent weak references
[2026-04-03T03:22:18.854+0600][16.153s][info][gc,task     ] GC(7) Using 3 of 6 workers for concurrent weak references
[2026-04-03T03:22:18.855+0600][16.153s][info][gc,ref      ] GC(7) Encountered references: Soft: 4166, Weak: 3983, Final: 82, Phantom: 587
[2026-04-03T03:22:18.855+0600][16.154s][info][gc,ref      ] GC(7) Discovered  references: Soft: 1929, Weak: 2053, Final: 48, Phantom: 582
[2026-04-03T03:22:18.855+0600][16.154s][info][gc,ref      ] GC(7) Enqueued    references: Soft: 1693, Weak: 576, Final: 0, Phantom: 1
[2026-04-03T03:22:18.855+0600][16.154s][info][gc          ] GC(7) Concurrent weak references 1.158ms
[2026-04-03T03:22:18.855+0600][16.154s][info][gc,start    ] GC(7) Concurrent weak roots
[2026-04-03T03:22:18.855+0600][16.154s][info][gc,task     ] GC(7) Using 3 of 6 workers for concurrent weak root
[2026-04-03T03:22:18.857+0600][16.155s][info][gc          ] GC(7) Concurrent weak roots 1.766ms
[2026-04-03T03:22:18.857+0600][16.155s][info][gc,start    ] GC(7) Concurrent cleanup
[2026-04-03T03:22:18.857+0600][16.156s][info][gc          ] GC(7) Concurrent cleanup 706M->86M(712M) 0.580ms
[2026-04-03T03:22:18.857+0600][16.156s][info][gc,ergo     ] GC(7) Free: 862M, Max: 256K regular, 280M humongous, Frag: 68% external, 0% internal; Reserve: 51200K, Max: 256K
[2026-04-03T03:22:18.857+0600][16.156s][info][gc,start    ] GC(7) Concurrent class unloading
[2026-04-03T03:22:18.857+0600][16.156s][info][gc,task     ] GC(7) Using 3 of 6 workers for concurrent class unloading
[2026-04-03T03:22:18.871+0600][16.169s][info][gc          ] GC(7) Concurrent class unloading 13.202ms
[2026-04-03T03:22:18.871+0600][16.170s][info][gc,start    ] GC(7) Pause Final Roots
[2026-04-03T03:22:18.871+0600][16.170s][info][gc          ] GC(7) Pause Final Roots 0.101ms
[2026-04-03T03:22:18.871+0600][16.170s][info][gc,ergo     ] Free: 862M, Max: 256K regular, 280M humongous, Frag: 68% external, 0% internal; Reserve: 51200K, Max: 256K
[2026-04-03T03:22:18.871+0600][16.170s][info][gc,stats    ] 
[2026-04-03T03:22:18.871+0600][16.170s][info][gc,stats    ] All times are wall-clock times, except per-root-class counters, that are sum over
[2026-04-03T03:22:18.871+0600][16.170s][info][gc,stats    ] all workers. Dividing the <total> over the root stage time estimates parallelism.
[2026-04-03T03:22:18.871+0600][16.170s][info][gc,stats    ] 
[2026-04-03T03:22:18.871+0600][16.170s][info][gc,stats    ] Concurrent Reset                   2293 us
[2026-04-03T03:22:18.871+0600][16.170s][info][gc,stats    ] Pause Init Mark (G)                 382 us
[2026-04-03T03:22:18.871+0600][16.170s][info][gc,stats    ] Pause Init Mark (N)                 161 us
[2026-04-03T03:22:18.871+0600][16.170s][info][gc,stats    ]   Update Region States               53 us
[2026-04-03T03:22:18.871+0600][16.170s][info][gc,stats    ] Concurrent Mark Roots              1019 us, parallelism: 1.90x
[2026-04-03T03:22:18.871+0600][16.170s][info][gc,stats    ]   CMR: <total>                     1938 us
[2026-04-03T03:22:18.871+0600][16.170s][info][gc,stats    ]   CMR: Thread Roots                1293 us, workers (us): 479, 544, 270, ---, ---, ---, 
[2026-04-03T03:22:18.871+0600][16.170s][info][gc,stats    ]   CMR: VM Strong Roots              254 us, workers (us): 187,  63,   4, ---, ---, ---, 
[2026-04-03T03:22:18.871+0600][16.170s][info][gc,stats    ]   CMR: CLDG Roots                   392 us, workers (us): ---, ---, 392, ---, ---, ---, 
[2026-04-03T03:22:18.871+0600][16.170s][info][gc,stats    ] Concurrent Marking                14954 us
[2026-04-03T03:22:18.871+0600][16.170s][info][gc,stats    ] Pause Final Mark (G)                846 us
[2026-04-03T03:22:18.871+0600][16.170s][info][gc,stats    ] Pause Final Mark (N)                665 us
[2026-04-03T03:22:18.871+0600][16.170s][info][gc,stats    ]   Finish Mark                       324 us
[2026-04-03T03:22:18.871+0600][16.170s][info][gc,stats    ]   Update Region States               88 us
[2026-04-03T03:22:18.871+0600][16.170s][info][gc,stats    ]   Choose Collection Set             118 us
[2026-04-03T03:22:18.871+0600][16.170s][info][gc,stats    ]   Rebuild Free Set                   43 us
[2026-04-03T03:22:18.871+0600][16.170s][info][gc,stats    ] Concurrent Weak References         1175 us, parallelism: 0.78x
[2026-04-03T03:22:18.871+0600][16.170s][info][gc,stats    ]   CWRF: <total>                     912 us
[2026-04-03T03:22:18.871+0600][16.170s][info][gc,stats    ]   CWRF: Weak References             912 us, workers (us): 158, 652, 102, ---, ---, ---, 
[2026-04-03T03:22:18.871+0600][16.170s][info][gc,stats    ] Concurrent Weak Roots              1830 us
[2026-04-03T03:22:18.871+0600][16.170s][info][gc,stats    ]   Roots                            1563 us, parallelism: 2.27x
[2026-04-03T03:22:18.871+0600][16.170s][info][gc,stats    ]     CWR: <total>                   3552 us
[2026-04-03T03:22:18.871+0600][16.170s][info][gc,stats    ]     CWR: Code Cache Roots          2267 us, workers (us): 714, 853, 700, ---, ---, ---, 
[2026-04-03T03:22:18.871+0600][16.170s][info][gc,stats    ]     CWR: VM Weak Roots             1257 us, workers (us): 466, 437, 354, ---, ---, ---, 
[2026-04-03T03:22:18.871+0600][16.170s][info][gc,stats    ]     CWR: CLDG Roots                  28 us, workers (us): ---,  28, ---, ---, ---, ---, 
[2026-04-03T03:22:18.871+0600][16.170s][info][gc,stats    ]   Rendezvous                        171 us
[2026-04-03T03:22:18.871+0600][16.170s][info][gc,stats    ] Concurrent Cleanup                  603 us
[2026-04-03T03:22:18.872+0600][16.170s][info][gc,stats    ] Concurrent Class Unloading        13289 us
[2026-04-03T03:22:18.872+0600][16.170s][info][gc,stats    ]   Unlink Stale                    11866 us
[2026-04-03T03:22:18.872+0600][16.170s][info][gc,stats    ]     System Dictionary               528 us
[2026-04-03T03:22:18.872+0600][16.170s][info][gc,stats    ]     Weak Class Links               7656 us
[2026-04-03T03:22:18.872+0600][16.170s][info][gc,stats    ]     Code Roots                     3677 us
[2026-04-03T03:22:18.872+0600][16.170s][info][gc,stats    ]   Rendezvous                        300 us
[2026-04-03T03:22:18.872+0600][16.170s][info][gc,stats    ]   Purge Unlinked                   1000 us
[2026-04-03T03:22:18.872+0600][16.170s][info][gc,stats    ]     Code Roots                      694 us
[2026-04-03T03:22:18.872+0600][16.170s][info][gc,stats    ]     CLDG                            306 us
[2026-04-03T03:22:18.872+0600][16.170s][info][gc,stats    ]     Exception Caches                  0 us
[2026-04-03T03:22:18.872+0600][16.170s][info][gc,stats    ] Pause Final Roots (G)               315 us
[2026-04-03T03:22:18.872+0600][16.170s][info][gc,stats    ] Pause Final Roots (N)               121 us
[2026-04-03T03:22:18.872+0600][16.170s][info][gc,stats    ] 
[2026-04-03T03:22:18.872+0600][16.170s][info][gc,stats    ] Allocation pacing accrued:
[2026-04-03T03:22:18.872+0600][16.170s][info][gc,stats    ]       0 of  2002 ms (  0.0%): <total>
[2026-04-03T03:22:18.872+0600][16.170s][info][gc,stats    ]       0 of  2002 ms (  0.0%): <average total>
[2026-04-03T03:22:18.872+0600][16.171s][info][gc,stats    ] 
[2026-04-03T03:22:18.872+0600][16.171s][info][gc,metaspace] Metaspace: 57402K(57920K)->57158K(57920K) NonClass: 50208K(50496K)->50020K(50496K) Class: 7193K(7424K)->7138K(7424K)
[2026-04-03T03:22:18.872+0600][16.171s][info][gc,ergo     ] Pacer for Idle. Initial: 20480K, Alloc Tax Rate: 1.0x
[2026-04-03T03:22:18.872+0600][16.171s][info][gc,start    ] Concurrent uncommit
[2026-04-03T03:22:19.003+0600][16.301s][info][gc          ] Concurrent uncommit 86M->93M(96M) 130.781ms
[2026-04-03T03:22:21.165+0600][18.464s][info][gc          ] Trigger: Learning 2 of 5. Free (699M) is below initial threshold (700M)
[2026-04-03T03:22:21.165+0600][18.464s][info][gc,ergo     ] Free: 699M, Max: 256K regular, 280M humongous, Frag: 60% external, 0% internal; Reserve: 51200K, Max: 256K
[2026-04-03T03:22:21.165+0600][18.464s][info][gc,start    ] GC(8) Concurrent reset
[2026-04-03T03:22:21.165+0600][18.464s][info][gc,task     ] GC(8) Using 3 of 6 workers for concurrent reset
[2026-04-03T03:22:21.165+0600][18.464s][info][gc,ergo     ] GC(8) Pacer for Reset. Non-Taxable: 1000M
[2026-04-03T03:22:21.166+0600][18.465s][info][gc          ] GC(8) Concurrent reset 0.972ms
[2026-04-03T03:22:21.167+0600][18.465s][info][gc,start    ] GC(8) Pause Init Mark (unload classes)
[2026-04-03T03:22:21.167+0600][18.466s][info][gc,task     ] GC(8) Using 6 of 6 workers for init marking
[2026-04-03T03:22:21.167+0600][18.466s][info][gc,ergo     ] GC(8) Pacer for Mark. Expected Live: 311M, Free: 699M, Non-Taxable: 71628K, Alloc Tax Rate: 0.5x
[2026-04-03T03:22:21.167+0600][18.466s][info][gc          ] GC(8) Pause Init Mark (unload classes) 0.368ms
[2026-04-03T03:22:21.167+0600][18.466s][info][gc,start    ] GC(8) Concurrent marking roots
[2026-04-03T03:22:21.167+0600][18.466s][info][gc,task     ] GC(8) Using 3 of 6 workers for concurrent marking roots
[2026-04-03T03:22:21.169+0600][18.468s][info][gc          ] GC(8) Concurrent marking roots 2.078ms
[2026-04-03T03:22:21.169+0600][18.468s][info][gc,start    ] GC(8) Concurrent marking (unload classes)
[2026-04-03T03:22:21.169+0600][18.468s][info][gc,task     ] GC(8) Using 3 of 6 workers for concurrent marking
[2026-04-03T03:22:21.193+0600][18.492s][info][gc          ] GC(8) Concurrent marking (unload classes) 23.951ms
[2026-04-03T03:22:21.193+0600][18.492s][info][gc,start    ] GC(8) Pause Final Mark (unload classes)
[2026-04-03T03:22:21.194+0600][18.492s][info][gc,task     ] GC(8) Using 6 of 6 workers for final marking
[2026-04-03T03:22:21.194+0600][18.493s][info][gc,ergo     ] GC(8) Adaptive CSet Selection. Target Free: 141M, Actual Free: 816M, Max CSet: 42666K, Min Garbage: 0B
[2026-04-03T03:22:21.194+0600][18.493s][info][gc,ergo     ] GC(8) Collectable Garbage: 211M (99%), Immediate: 76613K (35%), CSet: 136M (63%)
[2026-04-03T03:22:21.194+0600][18.493s][info][gc,ergo     ] GC(8) Pacer for Evacuation. Used CSet: 144M, Free: 769M, Non-Taxable: 78822K, Alloc Tax Rate: 1.1x
[2026-04-03T03:22:21.194+0600][18.493s][info][gc          ] GC(8) Pause Final Mark (unload classes) 0.860ms
[2026-04-03T03:22:21.194+0600][18.493s][info][gc,start    ] GC(8) Concurrent thread roots
[2026-04-03T03:22:21.194+0600][18.493s][info][gc,task     ] GC(8) Using 3 of 6 workers for Concurrent thread roots
[2026-04-03T03:22:21.195+0600][18.494s][info][gc          ] GC(8) Concurrent thread roots 0.489ms
[2026-04-03T03:22:21.195+0600][18.494s][info][gc,start    ] GC(8) Concurrent weak references
[2026-04-03T03:22:21.195+0600][18.494s][info][gc,task     ] GC(8) Using 3 of 6 workers for concurrent weak references
[2026-04-03T03:22:21.196+0600][18.495s][info][gc,ref      ] GC(8) Encountered references: Soft: 3188, Weak: 5796, Final: 82, Phantom: 604
[2026-04-03T03:22:21.196+0600][18.495s][info][gc,ref      ] GC(8) Discovered  references: Soft: 0, Weak: 1482, Final: 0, Phantom: 601
[2026-04-03T03:22:21.196+0600][18.495s][info][gc,ref      ] GC(8) Enqueued    references: Soft: 0, Weak: 803, Final: 0, Phantom: 1
[2026-04-03T03:22:21.196+0600][18.495s][info][gc          ] GC(8) Concurrent weak references 0.877ms
[2026-04-03T03:22:21.196+0600][18.495s][info][gc,start    ] GC(8) Concurrent weak roots
[2026-04-03T03:22:21.196+0600][18.495s][info][gc,task     ] GC(8) Using 3 of 6 workers for concurrent weak root
[2026-04-03T03:22:21.199+0600][18.498s][info][gc          ] GC(8) Concurrent weak roots 2.888ms
[2026-04-03T03:22:21.199+0600][18.498s][info][gc,start    ] GC(8) Concurrent cleanup
[2026-04-03T03:22:21.200+0600][18.498s][info][gc          ] GC(8) Concurrent cleanup 255M->180M(261M) 0.776ms
[2026-04-03T03:22:21.200+0600][18.499s][info][gc,ergo     ] GC(8) Free: 768M, Max: 256K regular, 280M humongous, Frag: 64% external, 0% internal; Reserve: 49982K, Max: 256K
[2026-04-03T03:22:21.200+0600][18.499s][info][gc,start    ] GC(8) Concurrent class unloading
[2026-04-03T03:22:21.200+0600][18.499s][info][gc,task     ] GC(8) Using 3 of 6 workers for concurrent class unloading
[2026-04-03T03:22:21.217+0600][18.516s][info][gc          ] GC(8) Concurrent class unloading 17.653ms
[2026-04-03T03:22:21.217+0600][18.516s][info][gc,start    ] GC(8) Concurrent strong roots
[2026-04-03T03:22:21.217+0600][18.516s][info][gc,task     ] GC(8) Using 3 of 6 workers for concurrent strong root
[2026-04-03T03:22:21.220+0600][18.519s][info][gc          ] GC(8) Concurrent strong roots 2.500ms
[2026-04-03T03:22:21.220+0600][18.519s][info][gc,start    ] GC(8) Concurrent evacuation
[2026-04-03T03:22:21.220+0600][18.519s][info][gc,task     ] GC(8) Using 3 of 6 workers for concurrent evacuation
[2026-04-03T03:22:21.228+0600][18.526s][info][gc          ] GC(8) Concurrent evacuation 7.543ms
[2026-04-03T03:22:21.228+0600][18.527s][info][gc,start    ] GC(8) Pause Init Update Refs
[2026-04-03T03:22:21.228+0600][18.527s][info][gc,ergo     ] GC(8) Pacer for Update Refs. Used: 193M, Free: 763M, Non-Taxable: 78162K, Alloc Tax Rate: 1.1x
[2026-04-03T03:22:21.228+0600][18.527s][info][gc          ] GC(8) Pause Init Update Refs 0.128ms
[2026-04-03T03:22:21.228+0600][18.527s][info][gc,start    ] GC(8) Concurrent update references
[2026-04-03T03:22:21.228+0600][18.527s][info][gc,task     ] GC(8) Using 3 of 6 workers for concurrent reference update
[2026-04-03T03:22:21.246+0600][18.544s][info][gc          ] GC(8) Concurrent update references 17.387ms
[2026-04-03T03:22:21.246+0600][18.544s][info][gc,start    ] GC(8) Concurrent update thread roots
[2026-04-03T03:22:21.246+0600][18.545s][info][gc          ] GC(8) Concurrent update thread roots 0.516ms
[2026-04-03T03:22:21.246+0600][18.545s][info][gc,start    ] GC(8) Pause Final Update Refs
[2026-04-03T03:22:21.246+0600][18.545s][info][gc,task     ] GC(8) Using 6 of 6 workers for final reference update
[2026-04-03T03:22:21.247+0600][18.545s][info][gc          ] GC(8) Pause Final Update Refs 0.227ms
[2026-04-03T03:22:21.247+0600][18.546s][info][gc,start    ] GC(8) Concurrent cleanup
[2026-04-03T03:22:21.248+0600][18.546s][info][gc          ] GC(8) Concurrent cleanup 197M->53M(269M) 0.808ms
[2026-04-03T03:22:21.248+0600][18.546s][info][gc,ergo     ] Free: 895M, Max: 256K regular, 741M humongous, Frag: 18% external, 0% internal; Reserve: 51200K, Max: 256K
[2026-04-03T03:22:21.248+0600][18.547s][info][gc,stats    ] 
[2026-04-03T03:22:21.248+0600][18.547s][info][gc,stats    ] All times are wall-clock times, except per-root-class counters, that are sum over
[2026-04-03T03:22:21.248+0600][18.547s][info][gc,stats    ] all workers. Dividing the <total> over the root stage time estimates parallelism.
[2026-04-03T03:22:21.248+0600][18.547s][info][gc,stats    ] 
[2026-04-03T03:22:21.248+0600][18.547s][info][gc,stats    ] Concurrent Reset                   1025 us
[2026-04-03T03:22:21.248+0600][18.547s][info][gc,stats    ] Pause Init Mark (G)                 793 us
[2026-04-03T03:22:21.248+0600][18.547s][info][gc,stats    ] Pause Init Mark (N)                 386 us
[2026-04-03T03:22:21.248+0600][18.547s][info][gc,stats    ]   Update Region States               50 us
[2026-04-03T03:22:21.248+0600][18.547s][info][gc,stats    ] Concurrent Mark Roots              2134 us, parallelism: 2.43x
[2026-04-03T03:22:21.248+0600][18.547s][info][gc,stats    ]   CMR: <total>                     5176 us
[2026-04-03T03:22:21.248+0600][18.547s][info][gc,stats    ]   CMR: Thread Roots                4421 us, workers (us): 1730, 1607, 1084, ---, ---, ---, 
[2026-04-03T03:22:21.248+0600][18.547s][info][gc,stats    ]   CMR: VM Strong Roots              183 us, workers (us):  46, 123,  15, ---, ---, ---, 
[2026-04-03T03:22:21.248+0600][18.547s][info][gc,stats    ]   CMR: CLDG Roots                   571 us, workers (us): ---, ---, 571, ---, ---, ---, 
[2026-04-03T03:22:21.248+0600][18.547s][info][gc,stats    ] Concurrent Marking                24057 us
[2026-04-03T03:22:21.248+0600][18.547s][info][gc,stats    ] Pause Final Mark (G)               1062 us
[2026-04-03T03:22:21.248+0600][18.547s][info][gc,stats    ] Pause Final Mark (N)                878 us
[2026-04-03T03:22:21.248+0600][18.547s][info][gc,stats    ]   Finish Mark                       263 us
[2026-04-03T03:22:21.248+0600][18.547s][info][gc,stats    ]   Update Region States               73 us
[2026-04-03T03:22:21.248+0600][18.547s][info][gc,stats    ]   Choose Collection Set             337 us
[2026-04-03T03:22:21.248+0600][18.547s][info][gc,stats    ]   Rebuild Free Set                   46 us
[2026-04-03T03:22:21.248+0600][18.547s][info][gc,stats    ] Concurrent Thread Roots             544 us, parallelism: 2.03x
[2026-04-03T03:22:21.248+0600][18.547s][info][gc,stats    ]   CTR: <total>                     1103 us
[2026-04-03T03:22:21.248+0600][18.547s][info][gc,stats    ]   CTR: Thread Roots                1103 us, workers (us): 370, 373, 360, ---, ---, ---, 
[2026-04-03T03:22:21.248+0600][18.547s][info][gc,stats    ] Concurrent Weak References          892 us, parallelism: 0.96x
[2026-04-03T03:22:21.248+0600][18.547s][info][gc,stats    ]   CWRF: <total>                     856 us
[2026-04-03T03:22:21.248+0600][18.547s][info][gc,stats    ]   CWRF: Weak References             856 us, workers (us): 135, 719,   2, ---, ---, ---, 
[2026-04-03T03:22:21.248+0600][18.547s][info][gc,stats    ] Concurrent Weak Roots              2955 us
[2026-04-03T03:22:21.248+0600][18.547s][info][gc,stats    ]   Roots                            2651 us, parallelism: 2.72x
[2026-04-03T03:22:21.248+0600][18.547s][info][gc,stats    ]     CWR: <total>                   7212 us
[2026-04-03T03:22:21.248+0600][18.547s][info][gc,stats    ]     CWR: Code Cache Roots          2894 us, workers (us): 993, 887, 1014, ---, ---, ---, 
[2026-04-03T03:22:21.248+0600][18.547s][info][gc,stats    ]     CWR: VM Weak Roots             4188 us, workers (us): 1396, 1390, 1403, ---, ---, ---, 
[2026-04-03T03:22:21.248+0600][18.547s][info][gc,stats    ]     CWR: CLDG Roots                 130 us, workers (us): ---, 130, ---, ---, ---, ---, 
[2026-04-03T03:22:21.248+0600][18.547s][info][gc,stats    ]   Rendezvous                        205 us
[2026-04-03T03:22:21.248+0600][18.547s][info][gc,stats    ] Concurrent Cleanup                  812 us
[2026-04-03T03:22:21.248+0600][18.547s][info][gc,stats    ] Concurrent Class Unloading        17741 us
[2026-04-03T03:22:21.248+0600][18.547s][info][gc,stats    ]   Unlink Stale                    15984 us
[2026-04-03T03:22:21.248+0600][18.547s][info][gc,stats    ]     System Dictionary               428 us
[2026-04-03T03:22:21.248+0600][18.547s][info][gc,stats    ]     Weak Class Links              10530 us
[2026-04-03T03:22:21.248+0600][18.547s][info][gc,stats    ]     Code Roots                     5021 us
[2026-04-03T03:22:21.248+0600][18.547s][info][gc,stats    ]   Rendezvous                        153 us
[2026-04-03T03:22:21.248+0600][18.547s][info][gc,stats    ]   Purge Unlinked                   1481 us
[2026-04-03T03:22:21.248+0600][18.547s][info][gc,stats    ]     Code Roots                     1219 us
[2026-04-03T03:22:21.248+0600][18.547s][info][gc,stats    ]     CLDG                            261 us
[2026-04-03T03:22:21.248+0600][18.547s][info][gc,stats    ]     Exception Caches                  1 us
[2026-04-03T03:22:21.248+0600][18.547s][info][gc,stats    ] Concurrent Strong Roots            2579 us, parallelism: 0.90x
[2026-04-03T03:22:21.248+0600][18.547s][info][gc,stats    ]   CSR: <total>                     2315 us
[2026-04-03T03:22:21.248+0600][18.547s][info][gc,stats    ]   CSR: VM Strong Roots               58 us, workers (us):  27,  16,  15, ---, ---, ---, 
[2026-04-03T03:22:21.248+0600][18.547s][info][gc,stats    ]   CSR: CLDG Roots                  2257 us, workers (us): ---, 2257, ---, ---, ---, ---, 
[2026-04-03T03:22:21.248+0600][18.547s][info][gc,stats    ] Concurrent Evacuation              7654 us
[2026-04-03T03:22:21.248+0600][18.547s][info][gc,stats    ] Pause Init Update Refs (G)          430 us
[2026-04-03T03:22:21.248+0600][18.547s][info][gc,stats    ] Pause Init Update Refs (N)          145 us
[2026-04-03T03:22:21.248+0600][18.547s][info][gc,stats    ]   Manage GCLABs                      16 us
[2026-04-03T03:22:21.248+0600][18.547s][info][gc,stats    ] Concurrent Update Refs            17490 us
[2026-04-03T03:22:21.248+0600][18.547s][info][gc,stats    ] Concurrent Update Thread Roots      568 us
[2026-04-03T03:22:21.248+0600][18.547s][info][gc,stats    ] Pause Final Update Refs (G)         532 us
[2026-04-03T03:22:21.248+0600][18.547s][info][gc,stats    ] Pause Final Update Refs (N)         244 us
[2026-04-03T03:22:21.248+0600][18.547s][info][gc,stats    ]   Update Region States               68 us
[2026-04-03T03:22:21.248+0600][18.547s][info][gc,stats    ]   Trash Collection Set               21 us
[2026-04-03T03:22:21.248+0600][18.547s][info][gc,stats    ]   Rebuild Free Set                   56 us
[2026-04-03T03:22:21.248+0600][18.547s][info][gc,stats    ] Concurrent Cleanup                  844 us
[2026-04-03T03:22:21.248+0600][18.547s][info][gc,stats    ] 
[2026-04-03T03:22:21.248+0600][18.547s][info][gc,stats    ] Allocation pacing accrued:
[2026-04-03T03:22:21.248+0600][18.547s][info][gc,stats    ]       0 of  2377 ms (  0.0%): <total>
[2026-04-03T03:22:21.248+0600][18.547s][info][gc,stats    ]       0 of  2377 ms (  0.0%): <average total>
[2026-04-03T03:22:21.248+0600][18.547s][info][gc,stats    ] 
[2026-04-03T03:22:21.248+0600][18.547s][info][gc,metaspace] Metaspace: 66647K(67520K)->66460K(67520K) NonClass: 58272K(58752K)->58141K(58752K) Class: 8374K(8768K)->8319K(8768K)
[2026-04-03T03:22:21.248+0600][18.547s][info][gc,ergo     ] Pacer for Idle. Initial: 20480K, Alloc Tax Rate: 1.0x
[2026-04-03T03:22:21.466+0600][18.765s][info][gc          ] Trigger: Average GC time (1372.38 ms) is above the time for average allocation rate (643 MB/s) to deplete free headroom (701M) (margin of error = 1.83)
[2026-04-03T03:22:21.466+0600][18.765s][info][gc,ergo     ] Free headroom: 751M (free) - 51200K (spike) - 0B (penalties) = 701M
[2026-04-03T03:22:21.466+0600][18.765s][info][gc,ergo     ] Free: 750M, Max: 256K regular, 741M humongous, Frag: 2% external, 0% internal; Reserve: 51200K, Max: 256K
[2026-04-03T03:22:21.466+0600][18.765s][info][gc,start    ] GC(9) Concurrent reset
[2026-04-03T03:22:21.466+0600][18.765s][info][gc,task     ] GC(9) Using 3 of 6 workers for concurrent reset
[2026-04-03T03:22:21.466+0600][18.765s][info][gc,ergo     ] GC(9) Pacer for Reset. Non-Taxable: 1000M
[2026-04-03T03:22:21.468+0600][18.766s][info][gc          ] GC(9) Concurrent reset 1.430ms
[2026-04-03T03:22:21.468+0600][18.767s][info][gc,start    ] GC(9) Pause Init Mark (unload classes)
[2026-04-03T03:22:21.468+0600][18.767s][info][gc,task     ] GC(9) Using 6 of 6 workers for init marking
[2026-04-03T03:22:21.468+0600][18.767s][info][gc,ergo     ] GC(9) Pacer for Mark. Expected Live: 290M, Free: 748M, Non-Taxable: 76651K, Alloc Tax Rate: 0.5x
[2026-04-03T03:22:21.468+0600][18.767s][info][gc          ] GC(9) Pause Init Mark (unload classes) 0.156ms
[2026-04-03T03:22:21.468+0600][18.767s][info][gc,start    ] GC(9) Concurrent marking roots
[2026-04-03T03:22:21.468+0600][18.767s][info][gc,task     ] GC(9) Using 3 of 6 workers for concurrent marking roots
[2026-04-03T03:22:21.469+0600][18.767s][info][gc          ] GC(9) Concurrent marking roots 0.658ms
[2026-04-03T03:22:21.469+0600][18.767s][info][gc,start    ] GC(9) Concurrent marking (unload classes)
[2026-04-03T03:22:21.469+0600][18.767s][info][gc,task     ] GC(9) Using 3 of 6 workers for concurrent marking
[2026-04-03T03:22:21.484+0600][18.783s][info][gc          ] GC(9) Concurrent marking (unload classes) 15.319ms
[2026-04-03T03:22:21.484+0600][18.783s][info][gc,start    ] GC(9) Pause Final Mark (unload classes)
[2026-04-03T03:22:21.484+0600][18.783s][info][gc,task     ] GC(9) Using 6 of 6 workers for final marking
[2026-04-03T03:22:21.485+0600][18.783s][info][gc,ergo     ] GC(9) Collectable Garbage: 160M (95%), Immediate: 160M (95%), CSet: 0B (0%)
[2026-04-03T03:22:21.485+0600][18.783s][info][gc          ] GC(9) Pause Final Mark (unload classes) 0.486ms
[2026-04-03T03:22:21.485+0600][18.783s][info][gc,start    ] GC(9) Concurrent weak references
[2026-04-03T03:22:21.485+0600][18.784s][info][gc,task     ] GC(9) Using 3 of 6 workers for concurrent weak references
[2026-04-03T03:22:21.485+0600][18.784s][info][gc,ref      ] GC(9) Encountered references: Soft: 3188, Weak: 4993, Final: 82, Phantom: 603
[2026-04-03T03:22:21.485+0600][18.784s][info][gc,ref      ] GC(9) Discovered  references: Soft: 0, Weak: 522, Final: 0, Phantom: 576
[2026-04-03T03:22:21.485+0600][18.784s][info][gc,ref      ] GC(9) Enqueued    references: Soft: 0, Weak: 0, Final: 0, Phantom: 0
[2026-04-03T03:22:21.485+0600][18.784s][info][gc          ] GC(9) Concurrent weak references 0.328ms
[2026-04-03T03:22:21.485+0600][18.784s][info][gc,start    ] GC(9) Concurrent weak roots
[2026-04-03T03:22:21.485+0600][18.784s][info][gc,task     ] GC(9) Using 3 of 6 workers for concurrent weak root
[2026-04-03T03:22:21.486+0600][18.785s][info][gc          ] GC(9) Concurrent weak roots 1.331ms
[2026-04-03T03:22:21.486+0600][18.785s][info][gc,start    ] GC(9) Concurrent cleanup
[2026-04-03T03:22:21.487+0600][18.786s][info][gc          ] GC(9) Concurrent cleanup 219M->60M(281M) 0.655ms
[2026-04-03T03:22:21.487+0600][18.786s][info][gc,ergo     ] GC(9) Free: 888M, Max: 256K regular, 729M humongous, Frag: 18% external, 0% internal; Reserve: 51200K, Max: 256K
[2026-04-03T03:22:21.487+0600][18.786s][info][gc,start    ] GC(9) Concurrent class unloading
[2026-04-03T03:22:21.487+0600][18.786s][info][gc,task     ] GC(9) Using 3 of 6 workers for concurrent class unloading
[2026-04-03T03:22:21.491+0600][18.790s][info][gc          ] GC(9) Concurrent class unloading 3.874ms
[2026-04-03T03:22:21.491+0600][18.790s][info][gc,start    ] GC(9) Pause Final Roots
[2026-04-03T03:22:21.491+0600][18.790s][info][gc          ] GC(9) Pause Final Roots 0.035ms
[2026-04-03T03:22:21.491+0600][18.790s][info][gc,ergo     ] Free: 883M, Max: 256K regular, 729M humongous, Frag: 18% external, 0% internal; Reserve: 51200K, Max: 256K
[2026-04-03T03:22:21.491+0600][18.790s][info][gc,stats    ] 
[2026-04-03T03:22:21.491+0600][18.790s][info][gc,stats    ] All times are wall-clock times, except per-root-class counters, that are sum over
[2026-04-03T03:22:21.491+0600][18.790s][info][gc,stats    ] all workers. Dividing the <total> over the root stage time estimates parallelism.
[2026-04-03T03:22:21.491+0600][18.790s][info][gc,stats    ] 
[2026-04-03T03:22:21.491+0600][18.790s][info][gc,stats    ] Concurrent Reset                   1459 us
[2026-04-03T03:22:21.491+0600][18.790s][info][gc,stats    ] Pause Init Mark (G)                 379 us
[2026-04-03T03:22:21.491+0600][18.790s][info][gc,stats    ] Pause Init Mark (N)                 165 us
[2026-04-03T03:22:21.492+0600][18.790s][info][gc,stats    ]   Update Region States               33 us
[2026-04-03T03:22:21.492+0600][18.790s][info][gc,stats    ] Concurrent Mark Roots               680 us, parallelism: 1.48x
[2026-04-03T03:22:21.492+0600][18.790s][info][gc,stats    ]   CMR: <total>                     1005 us
[2026-04-03T03:22:21.492+0600][18.790s][info][gc,stats    ]   CMR: Thread Roots                 678 us, workers (us):  64, 330, 283, ---, ---, ---, 
[2026-04-03T03:22:21.492+0600][18.790s][info][gc,stats    ]   CMR: VM Strong Roots               63 us, workers (us):  62,   1,   0, ---, ---, ---, 
[2026-04-03T03:22:21.492+0600][18.790s][info][gc,stats    ]   CMR: CLDG Roots                   264 us, workers (us): 264, ---, ---, ---, ---, ---, 
[2026-04-03T03:22:21.492+0600][18.790s][info][gc,stats    ] Concurrent Marking                15381 us
[2026-04-03T03:22:21.492+0600][18.790s][info][gc,stats    ] Pause Final Mark (G)                634 us
[2026-04-03T03:22:21.492+0600][18.790s][info][gc,stats    ] Pause Final Mark (N)                502 us
[2026-04-03T03:22:21.492+0600][18.790s][info][gc,stats    ]   Finish Mark                       206 us
[2026-04-03T03:22:21.492+0600][18.790s][info][gc,stats    ]   Update Region States               53 us
[2026-04-03T03:22:21.492+0600][18.790s][info][gc,stats    ]   Choose Collection Set             102 us
[2026-04-03T03:22:21.492+0600][18.790s][info][gc,stats    ]   Rebuild Free Set                   35 us
[2026-04-03T03:22:21.492+0600][18.790s][info][gc,stats    ] Concurrent Weak References          339 us, parallelism: 0.57x
[2026-04-03T03:22:21.492+0600][18.790s][info][gc,stats    ]   CWRF: <total>                     193 us
[2026-04-03T03:22:21.492+0600][18.790s][info][gc,stats    ]   CWRF: Weak References             193 us, workers (us): 161,  32,   0, ---, ---, ---, 
[2026-04-03T03:22:21.492+0600][18.790s][info][gc,stats    ] Concurrent Weak Roots              1357 us
[2026-04-03T03:22:21.492+0600][18.790s][info][gc,stats    ]   Roots                            1190 us, parallelism: 2.49x
[2026-04-03T03:22:21.492+0600][18.790s][info][gc,stats    ]     CWR: <total>                   2962 us
[2026-04-03T03:22:21.492+0600][18.790s][info][gc,stats    ]     CWR: Code Cache Roots          1951 us, workers (us): 582, 693, 677, ---, ---, ---, 
[2026-04-03T03:22:21.492+0600][18.790s][info][gc,stats    ]     CWR: VM Weak Roots              987 us, workers (us): 360, 324, 302, ---, ---, ---, 
[2026-04-03T03:22:21.492+0600][18.790s][info][gc,stats    ]     CWR: CLDG Roots                  24 us, workers (us):  24, ---, ---, ---, ---, ---, 
[2026-04-03T03:22:21.492+0600][18.790s][info][gc,stats    ]   Rendezvous                        125 us
[2026-04-03T03:22:21.492+0600][18.790s][info][gc,stats    ] Concurrent Cleanup                  666 us
[2026-04-03T03:22:21.492+0600][18.790s][info][gc,stats    ] Concurrent Class Unloading         3941 us
[2026-04-03T03:22:21.492+0600][18.790s][info][gc,stats    ]   Unlink Stale                     3485 us
[2026-04-03T03:22:21.492+0600][18.790s][info][gc,stats    ]     System Dictionary                87 us
[2026-04-03T03:22:21.492+0600][18.790s][info][gc,stats    ]     Weak Class Links                  0 us
[2026-04-03T03:22:21.492+0600][18.791s][info][gc,stats    ]     Code Roots                     3395 us
[2026-04-03T03:22:21.492+0600][18.791s][info][gc,stats    ]   Rendezvous                        157 us
[2026-04-03T03:22:21.492+0600][18.791s][info][gc,stats    ]   Purge Unlinked                    212 us
[2026-04-03T03:22:21.492+0600][18.791s][info][gc,stats    ]     Code Roots                      204 us
[2026-04-03T03:22:21.492+0600][18.791s][info][gc,stats    ]     CLDG                              7 us
[2026-04-03T03:22:21.492+0600][18.791s][info][gc,stats    ]     Exception Caches                  0 us
[2026-04-03T03:22:21.492+0600][18.791s][info][gc,stats    ] Pause Final Roots (G)               272 us
[2026-04-03T03:22:21.492+0600][18.791s][info][gc,stats    ] Pause Final Roots (N)                46 us
[2026-04-03T03:22:21.492+0600][18.791s][info][gc,stats    ] 
[2026-04-03T03:22:21.492+0600][18.791s][info][gc,stats    ] Allocation pacing accrued:
[2026-04-03T03:22:21.492+0600][18.791s][info][gc,stats    ]       0 of   243 ms (  0.0%): <total>
[2026-04-03T03:22:21.492+0600][18.791s][info][gc,stats    ]       0 of   243 ms (  0.0%): <average total>
[2026-04-03T03:22:21.492+0600][18.791s][info][gc,stats    ] 
[2026-04-03T03:22:21.492+0600][18.791s][info][gc,metaspace] Metaspace: 66464K(67520K)->66464K(67520K) NonClass: 58145K(58752K)->58145K(58752K) Class: 8319K(8768K)->8319K(8768K)
[2026-04-03T03:22:21.492+0600][18.791s][info][gc,ergo     ] Pacer for Idle. Initial: 20480K, Alloc Tax Rate: 1.0x
[2026-04-03T03:22:21.566+0600][18.865s][info][gc          ] Trigger: Average GC time (968.09 ms) is above the time for average allocation rate (1183 MB/s) to deplete free headroom (691M) (margin of error = 1.82)
[2026-04-03T03:22:21.566+0600][18.865s][info][gc,ergo     ] Free headroom: 741M (free) - 51200K (spike) - 0B (penalties) = 691M
[2026-04-03T03:22:21.566+0600][18.865s][info][gc,ergo     ] Free: 741M, Max: 256K regular, 729M humongous, Frag: 2% external, 0% internal; Reserve: 51200K, Max: 256K
[2026-04-03T03:22:21.567+0600][18.865s][info][gc,start    ] GC(10) Concurrent reset
[2026-04-03T03:22:21.567+0600][18.865s][info][gc,task     ] GC(10) Using 3 of 6 workers for concurrent reset
[2026-04-03T03:22:21.567+0600][18.865s][info][gc,ergo     ] GC(10) Pacer for Reset. Non-Taxable: 1000M
[2026-04-03T03:22:21.567+0600][18.866s][info][gc          ] GC(10) Concurrent reset 0.589ms
[2026-04-03T03:22:21.567+0600][18.866s][info][gc,start    ] GC(10) Pause Init Mark (unload classes)
[2026-04-03T03:22:21.567+0600][18.866s][info][gc,task     ] GC(10) Using 6 of 6 workers for init marking
[2026-04-03T03:22:21.567+0600][18.866s][info][gc,ergo     ] GC(10) Pacer for Mark. Expected Live: 236M, Free: 739M, Non-Taxable: 75750K, Alloc Tax Rate: 0.4x
[2026-04-03T03:22:21.567+0600][18.866s][info][gc          ] GC(10) Pause Init Mark (unload classes) 0.104ms
[2026-04-03T03:22:21.568+0600][18.866s][info][gc,start    ] GC(10) Concurrent marking roots
[2026-04-03T03:22:21.568+0600][18.866s][info][gc,task     ] GC(10) Using 3 of 6 workers for concurrent marking roots
[2026-04-03T03:22:21.568+0600][18.867s][info][gc          ] GC(10) Concurrent marking roots 0.569ms
[2026-04-03T03:22:21.568+0600][18.867s][info][gc,start    ] GC(10) Concurrent marking (unload classes)
[2026-04-03T03:22:21.568+0600][18.867s][info][gc,task     ] GC(10) Using 3 of 6 workers for concurrent marking
[2026-04-03T03:22:21.583+0600][18.882s][info][gc          ] GC(10) Concurrent marking (unload classes) 14.985ms
[2026-04-03T03:22:21.583+0600][18.882s][info][gc,start    ] GC(10) Pause Final Mark (unload classes)
[2026-04-03T03:22:21.583+0600][18.882s][info][gc,task     ] GC(10) Using 6 of 6 workers for final marking
[2026-04-03T03:22:21.584+0600][18.882s][info][gc,ergo     ] GC(10) Collectable Garbage: 169M (95%), Immediate: 169M (95%), CSet: 0B (0%)
[2026-04-03T03:22:21.584+0600][18.882s][info][gc          ] GC(10) Pause Final Mark (unload classes) 0.369ms
[2026-04-03T03:22:21.584+0600][18.883s][info][gc,start    ] GC(10) Concurrent weak references
[2026-04-03T03:22:21.584+0600][18.883s][info][gc,task     ] GC(10) Using 3 of 6 workers for concurrent weak references
[2026-04-03T03:22:21.584+0600][18.883s][info][gc,ref      ] GC(10) Encountered references: Soft: 3188, Weak: 4993, Final: 82, Phantom: 603
[2026-04-03T03:22:21.584+0600][18.883s][info][gc,ref      ] GC(10) Discovered  references: Soft: 0, Weak: 335, Final: 0, Phantom: 577
[2026-04-03T03:22:21.584+0600][18.883s][info][gc,ref      ] GC(10) Enqueued    references: Soft: 0, Weak: 0, Final: 0, Phantom: 0
[2026-04-03T03:22:21.584+0600][18.883s][info][gc          ] GC(10) Concurrent weak references 0.314ms
[2026-04-03T03:22:21.584+0600][18.883s][info][gc,start    ] GC(10) Concurrent weak roots
[2026-04-03T03:22:21.584+0600][18.883s][info][gc,task     ] GC(10) Using 3 of 6 workers for concurrent weak root
[2026-04-03T03:22:21.586+0600][18.884s][info][gc          ] GC(10) Concurrent weak roots 1.491ms
[2026-04-03T03:22:21.586+0600][18.884s][info][gc,start    ] GC(10) Concurrent cleanup
[2026-04-03T03:22:21.586+0600][18.885s][info][gc          ] GC(10) Concurrent cleanup 227M->58M(288M) 0.349ms
[2026-04-03T03:22:21.586+0600][18.885s][info][gc,ergo     ] GC(10) Free: 890M, Max: 256K regular, 721M humongous, Frag: 19% external, 0% internal; Reserve: 51200K, Max: 256K
[2026-04-03T03:22:21.586+0600][18.885s][info][gc,start    ] GC(10) Concurrent class unloading
[2026-04-03T03:22:21.586+0600][18.885s][info][gc,task     ] GC(10) Using 3 of 6 workers for concurrent class unloading
[2026-04-03T03:22:21.590+0600][18.889s][info][gc          ] GC(10) Concurrent class unloading 3.692ms
[2026-04-03T03:22:21.590+0600][18.889s][info][gc,start    ] GC(10) Pause Final Roots
[2026-04-03T03:22:21.590+0600][18.889s][info][gc          ] GC(10) Pause Final Roots 0.035ms
[2026-04-03T03:22:21.590+0600][18.889s][info][gc,ergo     ] Free: 884M, Max: 256K regular, 721M humongous, Frag: 19% external, 0% internal; Reserve: 51200K, Max: 256K
[2026-04-03T03:22:21.590+0600][18.889s][info][gc,stats    ] 
[2026-04-03T03:22:21.590+0600][18.889s][info][gc,stats    ] All times are wall-clock times, except per-root-class counters, that are sum over
[2026-04-03T03:22:21.590+0600][18.889s][info][gc,stats    ] all workers. Dividing the <total> over the root stage time estimates parallelism.
[2026-04-03T03:22:21.590+0600][18.889s][info][gc,stats    ] 
[2026-04-03T03:22:21.590+0600][18.889s][info][gc,stats    ] Concurrent Reset                    620 us
[2026-04-03T03:22:21.590+0600][18.889s][info][gc,stats    ] Pause Init Mark (G)                 393 us
[2026-04-03T03:22:21.590+0600][18.889s][info][gc,stats    ] Pause Init Mark (N)                 111 us
[2026-04-03T03:22:21.590+0600][18.889s][info][gc,stats    ]   Update Region States               29 us
[2026-04-03T03:22:21.590+0600][18.889s][info][gc,stats    ] Concurrent Mark Roots               602 us, parallelism: 1.46x
[2026-04-03T03:22:21.590+0600][18.889s][info][gc,stats    ]   CMR: <total>                      880 us
[2026-04-03T03:22:21.590+0600][18.889s][info][gc,stats    ]   CMR: Thread Roots                 679 us, workers (us): 294, 120, 265, ---, ---, ---, 
[2026-04-03T03:22:21.590+0600][18.889s][info][gc,stats    ]   CMR: VM Strong Roots               25 us, workers (us):  14,  11,   0, ---, ---, ---, 
[2026-04-03T03:22:21.590+0600][18.889s][info][gc,stats    ]   CMR: CLDG Roots                   176 us, workers (us): ---, 176, ---, ---, ---, ---, 
[2026-04-03T03:22:21.590+0600][18.889s][info][gc,stats    ] Concurrent Marking                15050 us
[2026-04-03T03:22:21.590+0600][18.889s][info][gc,stats    ] Pause Final Mark (G)                591 us
[2026-04-03T03:22:21.590+0600][18.889s][info][gc,stats    ] Pause Final Mark (N)                393 us
[2026-04-03T03:22:21.590+0600][18.889s][info][gc,stats    ]   Finish Mark                       167 us
[2026-04-03T03:22:21.590+0600][18.889s][info][gc,stats    ]   Update Region States               47 us
[2026-04-03T03:22:21.590+0600][18.889s][info][gc,stats    ]   Choose Collection Set              56 us
[2026-04-03T03:22:21.590+0600][18.889s][info][gc,stats    ]   Rebuild Free Set                   36 us
[2026-04-03T03:22:21.590+0600][18.889s][info][gc,stats    ] Concurrent Weak References          325 us, parallelism: 0.24x
[2026-04-03T03:22:21.590+0600][18.889s][info][gc,stats    ]   CWRF: <total>                      80 us
[2026-04-03T03:22:21.590+0600][18.889s][info][gc,stats    ]   CWRF: Weak References              80 us, workers (us):  10,  54,  16, ---, ---, ---, 
[2026-04-03T03:22:21.590+0600][18.889s][info][gc,stats    ] Concurrent Weak Roots              1537 us
[2026-04-03T03:22:21.590+0600][18.889s][info][gc,stats    ]   Roots                            1367 us, parallelism: 2.43x
[2026-04-03T03:22:21.590+0600][18.889s][info][gc,stats    ]     CWR: <total>                   3318 us
[2026-04-03T03:22:21.590+0600][18.889s][info][gc,stats    ]     CWR: Code Cache Roots          2291 us, workers (us): 698, 842, 751, ---, ---, ---, 
[2026-04-03T03:22:21.590+0600][18.889s][info][gc,stats    ]     CWR: VM Weak Roots              953 us, workers (us): 368, 318, 267, ---, ---, ---, 
[2026-04-03T03:22:21.590+0600][18.889s][info][gc,stats    ]     CWR: CLDG Roots                  74 us, workers (us):  74, ---, ---, ---, ---, ---, 
[2026-04-03T03:22:21.590+0600][18.889s][info][gc,stats    ]   Rendezvous                         85 us
[2026-04-03T03:22:21.590+0600][18.889s][info][gc,stats    ] Concurrent Cleanup                  368 us
[2026-04-03T03:22:21.590+0600][18.889s][info][gc,stats    ] Concurrent Class Unloading         3756 us
[2026-04-03T03:22:21.590+0600][18.889s][info][gc,stats    ]   Unlink Stale                     3471 us
[2026-04-03T03:22:21.591+0600][18.889s][info][gc,stats    ]     System Dictionary                50 us
[2026-04-03T03:22:21.591+0600][18.889s][info][gc,stats    ]     Weak Class Links                  0 us
[2026-04-03T03:22:21.591+0600][18.889s][info][gc,stats    ]     Code Roots                     3418 us
[2026-04-03T03:22:21.591+0600][18.889s][info][gc,stats    ]   Rendezvous                        100 us
[2026-04-03T03:22:21.591+0600][18.889s][info][gc,stats    ]   Purge Unlinked                     95 us
[2026-04-03T03:22:21.591+0600][18.889s][info][gc,stats    ]     Code Roots                       83 us
[2026-04-03T03:22:21.591+0600][18.889s][info][gc,stats    ]     CLDG                             12 us
[2026-04-03T03:22:21.591+0600][18.889s][info][gc,stats    ]     Exception Caches                  0 us
[2026-04-03T03:22:21.591+0600][18.889s][info][gc,stats    ] Pause Final Roots (G)               225 us
[2026-04-03T03:22:21.591+0600][18.889s][info][gc,stats    ] Pause Final Roots (N)                46 us
[2026-04-03T03:22:21.591+0600][18.889s][info][gc,stats    ] 
[2026-04-03T03:22:21.591+0600][18.889s][info][gc,stats    ] Allocation pacing accrued:
[2026-04-03T03:22:21.591+0600][18.889s][info][gc,stats    ]       0 of    99 ms (  0.0%): <total>
[2026-04-03T03:22:21.591+0600][18.889s][info][gc,stats    ]       0 of    99 ms (  0.0%): <average total>
[2026-04-03T03:22:21.591+0600][18.889s][info][gc,stats    ] 
[2026-04-03T03:22:21.591+0600][18.890s][info][gc,metaspace] Metaspace: 66464K(67520K)->66464K(67520K) NonClass: 58145K(58752K)->58145K(58752K) Class: 8319K(8768K)->8319K(8768K)
[2026-04-03T03:22:21.591+0600][18.890s][info][gc,ergo     ] Pacer for Idle. Initial: 20480K, Alloc Tax Rate: 1.0x
[2026-04-03T03:22:21.612+0600][18.911s][info][gc          ] Trigger: Average GC time (675.37 ms) is above the time for average allocation rate (1183 MB/s) to deplete free headroom (797M) (margin of error = 1.81)
[2026-04-03T03:22:21.612+0600][18.911s][info][gc,ergo     ] Free headroom: 847M (free) - 51200K (spike) - 0B (penalties) = 797M
[2026-04-03T03:22:21.613+0600][18.911s][info][gc,ergo     ] Free: 847M, Max: 256K regular, 721M humongous, Frag: 15% external, 0% internal; Reserve: 51200K, Max: 256K
[2026-04-03T03:22:21.613+0600][18.911s][info][gc,start    ] GC(11) Concurrent reset
[2026-04-03T03:22:21.613+0600][18.911s][info][gc,task     ] GC(11) Using 3 of 6 workers for concurrent reset
[2026-04-03T03:22:21.613+0600][18.911s][info][gc,ergo     ] GC(11) Pacer for Reset. Non-Taxable: 1000M
[2026-04-03T03:22:21.613+0600][18.912s][info][gc          ] GC(11) Concurrent reset 0.603ms
[2026-04-03T03:22:21.613+0600][18.912s][info][gc,start    ] GC(11) Pause Init Mark (unload classes)
[2026-04-03T03:22:21.613+0600][18.912s][info][gc,task     ] GC(11) Using 6 of 6 workers for init marking
[2026-04-03T03:22:21.613+0600][18.912s][info][gc,ergo     ] GC(11) Pacer for Mark. Expected Live: 145M, Free: 846M, Non-Taxable: 86656K, Alloc Tax Rate: 0.2x
[2026-04-03T03:22:21.613+0600][18.912s][info][gc          ] GC(11) Pause Init Mark (unload classes) 0.102ms
[2026-04-03T03:22:21.614+0600][18.912s][info][gc,start    ] GC(11) Concurrent marking roots
[2026-04-03T03:22:21.614+0600][18.912s][info][gc,task     ] GC(11) Using 3 of 6 workers for concurrent marking roots
[2026-04-03T03:22:21.614+0600][18.913s][info][gc          ] GC(11) Concurrent marking roots 0.703ms
[2026-04-03T03:22:21.614+0600][18.913s][info][gc,start    ] GC(11) Concurrent marking (unload classes)
[2026-04-03T03:22:21.614+0600][18.913s][info][gc,task     ] GC(11) Using 3 of 6 workers for concurrent marking
[2026-04-03T03:22:21.631+0600][18.929s][info][gc          ] GC(11) Concurrent marking (unload classes) 16.381ms
[2026-04-03T03:22:21.631+0600][18.930s][info][gc,start    ] GC(11) Pause Final Mark (unload classes)
[2026-04-03T03:22:21.631+0600][18.930s][info][gc,task     ] GC(11) Using 6 of 6 workers for final marking
[2026-04-03T03:22:21.631+0600][18.930s][info][gc,ergo     ] GC(11) Adaptive CSet Selection. Target Free: 141M, Actual Free: 937M, Max CSet: 42666K, Min Garbage: 0B
[2026-04-03T03:22:21.632+0600][18.930s][info][gc,ergo     ] GC(11) Collectable Garbage: 69981K (96%), Immediate: 64000K (88%), CSet: 5981K (8%)
[2026-04-03T03:22:21.632+0600][18.930s][info][gc,ergo     ] GC(11) Pacer for Evacuation. Used CSet: 6400K, Free: 887M, Non-Taxable: 90854K, Alloc Tax Rate: 1.1x
[2026-04-03T03:22:21.632+0600][18.930s][info][gc          ] GC(11) Pause Final Mark (unload classes) 0.736ms
[2026-04-03T03:22:21.632+0600][18.931s][info][gc,start    ] GC(11) Concurrent thread roots
[2026-04-03T03:22:21.632+0600][18.931s][info][gc,task     ] GC(11) Using 3 of 6 workers for Concurrent thread roots
[2026-04-03T03:22:21.632+0600][18.931s][info][gc          ] GC(11) Concurrent thread roots 0.455ms
[2026-04-03T03:22:21.632+0600][18.931s][info][gc,start    ] GC(11) Concurrent weak references
[2026-04-03T03:22:21.632+0600][18.931s][info][gc,task     ] GC(11) Using 3 of 6 workers for concurrent weak references
[2026-04-03T03:22:21.632+0600][18.931s][info][gc,ref      ] GC(11) Encountered references: Soft: 3188, Weak: 4993, Final: 82, Phantom: 603
[2026-04-03T03:22:21.632+0600][18.931s][info][gc,ref      ] GC(11) Discovered  references: Soft: 0, Weak: 420, Final: 0, Phantom: 576
[2026-04-03T03:22:21.632+0600][18.931s][info][gc,ref      ] GC(11) Enqueued    references: Soft: 0, Weak: 0, Final: 0, Phantom: 0
[2026-04-03T03:22:21.632+0600][18.931s][info][gc          ] GC(11) Concurrent weak references 0.194ms
[2026-04-03T03:22:21.632+0600][18.931s][info][gc,start    ] GC(11) Concurrent weak roots
[2026-04-03T03:22:21.632+0600][18.931s][info][gc,task     ] GC(11) Using 3 of 6 workers for concurrent weak root
[2026-04-03T03:22:21.634+0600][18.933s][info][gc          ] GC(11) Concurrent weak roots 1.933ms
[2026-04-03T03:22:21.634+0600][18.933s][info][gc,start    ] GC(11) Concurrent cleanup
[2026-04-03T03:22:21.635+0600][18.934s][info][gc          ] GC(11) Concurrent cleanup 127M->65M(288M) 0.296ms
[2026-04-03T03:22:21.635+0600][18.934s][info][gc,ergo     ] GC(11) Free: 883M, Max: 256K regular, 800M humongous, Frag: 10% external, 0% internal; Reserve: 51042K, Max: 256K
[2026-04-03T03:22:21.635+0600][18.934s][info][gc,start    ] GC(11) Concurrent class unloading
[2026-04-03T03:22:21.635+0600][18.934s][info][gc,task     ] GC(11) Using 3 of 6 workers for concurrent class unloading
[2026-04-03T03:22:21.639+0600][18.937s][info][gc          ] GC(11) Concurrent class unloading 3.799ms
[2026-04-03T03:22:21.639+0600][18.938s][info][gc,start    ] GC(11) Concurrent strong roots
[2026-04-03T03:22:21.639+0600][18.938s][info][gc,task     ] GC(11) Using 3 of 6 workers for concurrent strong root
[2026-04-03T03:22:21.639+0600][18.938s][info][gc          ] GC(11) Concurrent strong roots 0.736ms
[2026-04-03T03:22:21.640+0600][18.938s][info][gc,start    ] GC(11) Concurrent evacuation
[2026-04-03T03:22:21.640+0600][18.938s][info][gc,task     ] GC(11) Using 3 of 6 workers for concurrent evacuation
[2026-04-03T03:22:21.640+0600][18.939s][info][gc          ] GC(11) Concurrent evacuation 0.394ms
[2026-04-03T03:22:21.640+0600][18.939s][info][gc,start    ] GC(11) Pause Init Update Refs
[2026-04-03T03:22:21.640+0600][18.939s][info][gc,ergo     ] GC(11) Pacer for Update Refs. Used: 73503K, Free: 877M, Non-Taxable: 89856K, Alloc Tax Rate: 1.1x
[2026-04-03T03:22:21.640+0600][18.939s][info][gc          ] GC(11) Pause Init Update Refs 0.084ms
[2026-04-03T03:22:21.640+0600][18.939s][info][gc,start    ] GC(11) Concurrent update references
[2026-04-03T03:22:21.640+0600][18.939s][info][gc,task     ] GC(11) Using 3 of 6 workers for concurrent reference update
[2026-04-03T03:22:21.656+0600][18.955s][info][gc          ] GC(11) Concurrent update references 15.875ms
[2026-04-03T03:22:21.656+0600][18.955s][info][gc,start    ] GC(11) Concurrent update thread roots
[2026-04-03T03:22:21.657+0600][18.956s][info][gc          ] GC(11) Concurrent update thread roots 0.637ms
[2026-04-03T03:22:21.657+0600][18.956s][info][gc,start    ] GC(11) Pause Final Update Refs
[2026-04-03T03:22:21.657+0600][18.956s][info][gc,task     ] GC(11) Using 6 of 6 workers for final reference update
[2026-04-03T03:22:21.657+0600][18.956s][info][gc          ] GC(11) Pause Final Update Refs 0.187ms
[2026-04-03T03:22:21.657+0600][18.956s][info][gc,start    ] GC(11) Concurrent cleanup
[2026-04-03T03:22:21.658+0600][18.956s][info][gc          ] GC(11) Concurrent cleanup 90M->84M(288M) 0.252ms
[2026-04-03T03:22:21.658+0600][18.956s][info][gc,ergo     ] Free: 864M, Max: 256K regular, 801M humongous, Frag: 8% external, 0% internal; Reserve: 51200K, Max: 256K
[2026-04-03T03:22:21.658+0600][18.956s][info][gc,stats    ] 
[2026-04-03T03:22:21.658+0600][18.957s][info][gc,stats    ] All times are wall-clock times, except per-root-class counters, that are sum over
[2026-04-03T03:22:21.658+0600][18.957s][info][gc,stats    ] all workers. Dividing the <total> over the root stage time estimates parallelism.
[2026-04-03T03:22:21.658+0600][18.957s][info][gc,stats    ] 
[2026-04-03T03:22:21.658+0600][18.957s][info][gc,stats    ] Concurrent Reset                    642 us
[2026-04-03T03:22:21.658+0600][18.957s][info][gc,stats    ] Pause Init Mark (G)                 338 us
[2026-04-03T03:22:21.658+0600][18.957s][info][gc,stats    ] Pause Init Mark (N)                 110 us
[2026-04-03T03:22:21.658+0600][18.957s][info][gc,stats    ]   Update Region States               32 us
[2026-04-03T03:22:21.658+0600][18.957s][info][gc,stats    ] Concurrent Mark Roots               738 us, parallelism: 1.46x
[2026-04-03T03:22:21.658+0600][18.957s][info][gc,stats    ]   CMR: <total>                     1081 us
[2026-04-03T03:22:21.658+0600][18.957s][info][gc,stats    ]   CMR: Thread Roots                 822 us, workers (us): 352, 352, 117, ---, ---, ---, 
[2026-04-03T03:22:21.658+0600][18.957s][info][gc,stats    ]   CMR: VM Strong Roots               24 us, workers (us):  14,   5,   5, ---, ---, ---, 
[2026-04-03T03:22:21.658+0600][18.957s][info][gc,stats    ]   CMR: CLDG Roots                   235 us, workers (us): ---, ---, 235, ---, ---, ---, 
[2026-04-03T03:22:21.658+0600][18.957s][info][gc,stats    ] Concurrent Marking                16478 us
[2026-04-03T03:22:21.658+0600][18.957s][info][gc,stats    ] Pause Final Mark (G)               1009 us
[2026-04-03T03:22:21.658+0600][18.957s][info][gc,stats    ] Pause Final Mark (N)                749 us
[2026-04-03T03:22:21.658+0600][18.957s][info][gc,stats    ]   Finish Mark                       319 us
[2026-04-03T03:22:21.658+0600][18.957s][info][gc,stats    ]   Update Region States               65 us
[2026-04-03T03:22:21.658+0600][18.957s][info][gc,stats    ]   Choose Collection Set             170 us
[2026-04-03T03:22:21.658+0600][18.957s][info][gc,stats    ]   Rebuild Free Set                   54 us
[2026-04-03T03:22:21.658+0600][18.957s][info][gc,stats    ] Concurrent Thread Roots             491 us, parallelism: 1.80x
[2026-04-03T03:22:21.658+0600][18.957s][info][gc,stats    ]   CTR: <total>                      884 us
[2026-04-03T03:22:21.658+0600][18.957s][info][gc,stats    ]   CTR: Thread Roots                 884 us, workers (us): 316, 291, 278, ---, ---, ---, 
[2026-04-03T03:22:21.658+0600][18.957s][info][gc,stats    ] Concurrent Weak References          205 us, parallelism: 0.62x
[2026-04-03T03:22:21.658+0600][18.957s][info][gc,stats    ]   CWRF: <total>                     128 us
[2026-04-03T03:22:21.658+0600][18.957s][info][gc,stats    ]   CWRF: Weak References             128 us, workers (us):  50,  76,   1, ---, ---, ---, 
[2026-04-03T03:22:21.658+0600][18.957s][info][gc,stats    ] Concurrent Weak Roots              1988 us
[2026-04-03T03:22:21.658+0600][18.957s][info][gc,stats    ]   Roots                            1792 us, parallelism: 2.54x
[2026-04-03T03:22:21.658+0600][18.957s][info][gc,stats    ]     CWR: <total>                   4550 us
[2026-04-03T03:22:21.658+0600][18.957s][info][gc,stats    ]     CWR: Code Cache Roots          2724 us, workers (us): 952, 865, 907, ---, ---, ---, 
[2026-04-03T03:22:21.658+0600][18.957s][info][gc,stats    ]     CWR: VM Weak Roots             1794 us, workers (us): 610, 608, 575, ---, ---, ---, 
[2026-04-03T03:22:21.658+0600][18.957s][info][gc,stats    ]     CWR: CLDG Roots                  32 us, workers (us): ---,  32, ---, ---, ---, ---, 
[2026-04-03T03:22:21.658+0600][18.957s][info][gc,stats    ]   Rendezvous                        109 us
[2026-04-03T03:22:21.658+0600][18.957s][info][gc,stats    ] Concurrent Cleanup                  317 us
[2026-04-03T03:22:21.658+0600][18.957s][info][gc,stats    ] Concurrent Class Unloading         3882 us
[2026-04-03T03:22:21.658+0600][18.957s][info][gc,stats    ]   Unlink Stale                     3606 us
[2026-04-03T03:22:21.658+0600][18.957s][info][gc,stats    ]     System Dictionary                66 us
[2026-04-03T03:22:21.658+0600][18.957s][info][gc,stats    ]     Weak Class Links                  0 us
[2026-04-03T03:22:21.658+0600][18.957s][info][gc,stats    ]     Code Roots                     3535 us
[2026-04-03T03:22:21.658+0600][18.957s][info][gc,stats    ]   Rendezvous                        147 us
[2026-04-03T03:22:21.658+0600][18.957s][info][gc,stats    ]   Purge Unlinked                     13 us
[2026-04-03T03:22:21.658+0600][18.957s][info][gc,stats    ]     Code Roots                        5 us
[2026-04-03T03:22:21.658+0600][18.957s][info][gc,stats    ]     CLDG                              8 us
[2026-04-03T03:22:21.658+0600][18.957s][info][gc,stats    ]     Exception Caches                  0 us
[2026-04-03T03:22:21.658+0600][18.957s][info][gc,stats    ] Concurrent Strong Roots             804 us, parallelism: 0.57x
[2026-04-03T03:22:21.658+0600][18.957s][info][gc,stats    ]   CSR: <total>                      458 us
[2026-04-03T03:22:21.658+0600][18.957s][info][gc,stats    ]   CSR: VM Strong Roots               33 us, workers (us):  31,   1,   0, ---, ---, ---, 
[2026-04-03T03:22:21.658+0600][18.957s][info][gc,stats    ]   CSR: CLDG Roots                   425 us, workers (us): 425, ---, ---, ---, ---, ---, 
[2026-04-03T03:22:21.658+0600][18.957s][info][gc,stats    ] Concurrent Evacuation               430 us
[2026-04-03T03:22:21.658+0600][18.957s][info][gc,stats    ] Pause Init Update Refs (G)          323 us
[2026-04-03T03:22:21.658+0600][18.957s][info][gc,stats    ] Pause Init Update Refs (N)           95 us
[2026-04-03T03:22:21.658+0600][18.957s][info][gc,stats    ]   Manage GCLABs                      14 us
[2026-04-03T03:22:21.658+0600][18.957s][info][gc,stats    ] Concurrent Update Refs            15950 us
[2026-04-03T03:22:21.658+0600][18.957s][info][gc,stats    ] Concurrent Update Thread Roots      672 us
[2026-04-03T03:22:21.658+0600][18.957s][info][gc,stats    ] Pause Final Update Refs (G)         405 us
[2026-04-03T03:22:21.658+0600][18.957s][info][gc,stats    ] Pause Final Update Refs (N)         198 us
[2026-04-03T03:22:21.658+0600][18.957s][info][gc,stats    ]   Update Region States               55 us
[2026-04-03T03:22:21.658+0600][18.957s][info][gc,stats    ]   Trash Collection Set                6 us
[2026-04-03T03:22:21.658+0600][18.957s][info][gc,stats    ]   Rebuild Free Set                   40 us
[2026-04-03T03:22:21.658+0600][18.957s][info][gc,stats    ] Concurrent Cleanup                  273 us
[2026-04-03T03:22:21.658+0600][18.957s][info][gc,stats    ] 
[2026-04-03T03:22:21.658+0600][18.957s][info][gc,stats    ] Allocation pacing accrued:
[2026-04-03T03:22:21.658+0600][18.957s][info][gc,stats    ]       0 of    68 ms (  0.0%): <total>
[2026-04-03T03:22:21.658+0600][18.957s][info][gc,stats    ]       0 of    68 ms (  0.0%): <average total>
[2026-04-03T03:22:21.658+0600][18.957s][info][gc,stats    ] 
[2026-04-03T03:22:21.658+0600][18.957s][info][gc,metaspace] Metaspace: 66465K(67520K)->66465K(67520K) NonClass: 58145K(58752K)->58146K(58752K) Class: 8319K(8768K)->8319K(8768K)
[2026-04-03T03:22:21.658+0600][18.957s][info][gc,ergo     ] Pacer for Idle. Initial: 20480K, Alloc Tax Rate: 1.0x
[2026-04-03T03:22:21.713+0600][19.012s][info][gc          ] Trigger: Average GC time (480.26 ms) is above the time for instantaneous allocation rate (1544 MB/s) to deplete free headroom (710M) (spike threshold = 1.80)
[2026-04-03T03:22:21.713+0600][19.012s][info][gc,ergo     ] Free: 760M, Max: 256K regular, 760M humongous, Frag: 0% external, 0% internal; Reserve: 51200K, Max: 256K
[2026-04-03T03:22:21.713+0600][19.012s][info][gc,start    ] GC(12) Concurrent reset
[2026-04-03T03:22:21.713+0600][19.012s][info][gc,task     ] GC(12) Using 3 of 6 workers for concurrent reset
[2026-04-03T03:22:21.713+0600][19.012s][info][gc,ergo     ] GC(12) Pacer for Reset. Non-Taxable: 1000M
[2026-04-03T03:22:21.714+0600][19.013s][info][gc          ] GC(12) Concurrent reset 0.643ms
[2026-04-03T03:22:21.714+0600][19.013s][info][gc,start    ] GC(12) Pause Init Mark (unload classes)
[2026-04-03T03:22:21.714+0600][19.013s][info][gc,task     ] GC(12) Using 6 of 6 workers for init marking
[2026-04-03T03:22:21.714+0600][19.013s][info][gc,ergo     ] GC(12) Pacer for Mark. Expected Live: 31433K, Free: 759M, Non-Taxable: 77747K, Alloc Tax Rate: 0.0x
[2026-04-03T03:22:21.714+0600][19.013s][info][gc          ] GC(12) Pause Init Mark (unload classes) 0.099ms
[2026-04-03T03:22:21.714+0600][19.013s][info][gc,start    ] GC(12) Concurrent marking roots
[2026-04-03T03:22:21.714+0600][19.013s][info][gc,task     ] GC(12) Using 3 of 6 workers for concurrent marking roots
[2026-04-03T03:22:21.715+0600][19.014s][info][gc          ] GC(12) Concurrent marking roots 0.606ms
[2026-04-03T03:22:21.715+0600][19.014s][info][gc,start    ] GC(12) Concurrent marking (unload classes)
[2026-04-03T03:22:21.715+0600][19.014s][info][gc,task     ] GC(12) Using 3 of 6 workers for concurrent marking
[2026-04-03T03:22:21.729+0600][19.028s][info][gc          ] GC(12) Concurrent marking (unload classes) 14.028ms
[2026-04-03T03:22:21.729+0600][19.028s][info][gc,start    ] GC(12) Pause Final Mark (unload classes)
[2026-04-03T03:22:21.729+0600][19.028s][info][gc,task     ] GC(12) Using 6 of 6 workers for final marking
[2026-04-03T03:22:21.730+0600][19.028s][info][gc,ergo     ] GC(12) Collectable Garbage: 153M (97%), Immediate: 153M (97%), CSet: 0B (0%)
[2026-04-03T03:22:21.730+0600][19.029s][info][gc          ] GC(12) Pause Final Mark (unload classes) 0.593ms
[2026-04-03T03:22:21.730+0600][19.029s][info][gc,start    ] GC(12) Concurrent weak references
[2026-04-03T03:22:21.730+0600][19.029s][info][gc,task     ] GC(12) Using 3 of 6 workers for concurrent weak references
[2026-04-03T03:22:21.730+0600][19.029s][info][gc,ref      ] GC(12) Encountered references: Soft: 3188, Weak: 4993, Final: 82, Phantom: 603
[2026-04-03T03:22:21.730+0600][19.029s][info][gc,ref      ] GC(12) Discovered  references: Soft: 0, Weak: 1986, Final: 0, Phantom: 577
[2026-04-03T03:22:21.730+0600][19.029s][info][gc,ref      ] GC(12) Enqueued    references: Soft: 0, Weak: 0, Final: 0, Phantom: 0
[2026-04-03T03:22:21.730+0600][19.029s][info][gc          ] GC(12) Concurrent weak references 0.421ms
[2026-04-03T03:22:21.730+0600][19.029s][info][gc,start    ] GC(12) Concurrent weak roots
[2026-04-03T03:22:21.730+0600][19.029s][info][gc,task     ] GC(12) Using 3 of 6 workers for concurrent weak root
[2026-04-03T03:22:21.732+0600][19.031s][info][gc          ] GC(12) Concurrent weak roots 1.548ms
[2026-04-03T03:22:21.732+0600][19.031s][info][gc,start    ] GC(12) Concurrent cleanup
[2026-04-03T03:22:21.732+0600][19.031s][info][gc          ] GC(12) Concurrent cleanup 209M->56M(288M) 0.314ms
[2026-04-03T03:22:21.732+0600][19.031s][info][gc,ergo     ] GC(12) Free: 892M, Max: 256K regular, 739M humongous, Frag: 18% external, 0% internal; Reserve: 51200K, Max: 256K
[2026-04-03T03:22:21.732+0600][19.031s][info][gc,start    ] GC(12) Concurrent class unloading
[2026-04-03T03:22:21.732+0600][19.031s][info][gc,task     ] GC(12) Using 3 of 6 workers for concurrent class unloading
[2026-04-03T03:22:21.736+0600][19.035s][info][gc          ] GC(12) Concurrent class unloading 3.538ms
[2026-04-03T03:22:21.736+0600][19.035s][info][gc,start    ] GC(12) Pause Final Roots
[2026-04-03T03:22:21.736+0600][19.035s][info][gc          ] GC(12) Pause Final Roots 0.057ms
[2026-04-03T03:22:21.736+0600][19.035s][info][gc,ergo     ] Free: 887M, Max: 256K regular, 739M humongous, Frag: 17% external, 0% internal; Reserve: 51200K, Max: 256K
[2026-04-03T03:22:21.736+0600][19.035s][info][gc,stats    ] 
[2026-04-03T03:22:21.736+0600][19.035s][info][gc,stats    ] All times are wall-clock times, except per-root-class counters, that are sum over
[2026-04-03T03:22:21.736+0600][19.035s][info][gc,stats    ] all workers. Dividing the <total> over the root stage time estimates parallelism.
[2026-04-03T03:22:21.736+0600][19.035s][info][gc,stats    ] 
[2026-04-03T03:22:21.736+0600][19.035s][info][gc,stats    ] Concurrent Reset                    681 us
[2026-04-03T03:22:21.736+0600][19.035s][info][gc,stats    ] Pause Init Mark (G)                 330 us
[2026-04-03T03:22:21.736+0600][19.035s][info][gc,stats    ] Pause Init Mark (N)                 107 us
[2026-04-03T03:22:21.736+0600][19.035s][info][gc,stats    ]   Update Region States               29 us
[2026-04-03T03:22:21.736+0600][19.035s][info][gc,stats    ] Concurrent Mark Roots               660 us, parallelism: 1.41x
[2026-04-03T03:22:21.736+0600][19.035s][info][gc,stats    ]   CMR: <total>                      929 us
[2026-04-03T03:22:21.736+0600][19.035s][info][gc,stats    ]   CMR: Thread Roots                 761 us, workers (us): 197, 278, 287, ---, ---, ---, 
[2026-04-03T03:22:21.736+0600][19.035s][info][gc,stats    ]   CMR: VM Strong Roots               18 us, workers (us):  17,   1,   1, ---, ---, ---, 
[2026-04-03T03:22:21.736+0600][19.035s][info][gc,stats    ]   CMR: CLDG Roots                   149 us, workers (us): 149, ---, ---, ---, ---, ---, 
[2026-04-03T03:22:21.736+0600][19.035s][info][gc,stats    ] Concurrent Marking                14091 us
[2026-04-03T03:22:21.736+0600][19.035s][info][gc,stats    ] Pause Final Mark (G)                842 us
[2026-04-03T03:22:21.736+0600][19.035s][info][gc,stats    ] Pause Final Mark (N)                607 us
[2026-04-03T03:22:21.736+0600][19.035s][info][gc,stats    ]   Finish Mark                       294 us
[2026-04-03T03:22:21.736+0600][19.035s][info][gc,stats    ]   Update Region States               53 us
[2026-04-03T03:22:21.736+0600][19.035s][info][gc,stats    ]   Choose Collection Set              99 us
[2026-04-03T03:22:21.736+0600][19.035s][info][gc,stats    ]   Rebuild Free Set                   63 us
[2026-04-03T03:22:21.737+0600][19.035s][info][gc,stats    ] Concurrent Weak References          432 us, parallelism: 0.71x
[2026-04-03T03:22:21.737+0600][19.035s][info][gc,stats    ]   CWRF: <total>                     305 us
[2026-04-03T03:22:21.737+0600][19.035s][info][gc,stats    ]   CWRF: Weak References             305 us, workers (us): 215,  52,  39, ---, ---, ---, 
[2026-04-03T03:22:21.737+0600][19.035s][info][gc,stats    ] Concurrent Weak Roots              1597 us
[2026-04-03T03:22:21.737+0600][19.035s][info][gc,stats    ]   Roots                            1343 us, parallelism: 2.32x
[2026-04-03T03:22:21.737+0600][19.035s][info][gc,stats    ]     CWR: <total>                   3118 us
[2026-04-03T03:22:21.737+0600][19.035s][info][gc,stats    ]     CWR: Code Cache Roots          2092 us, workers (us): 671, 679, 743, ---, ---, ---, 
[2026-04-03T03:22:21.737+0600][19.035s][info][gc,stats    ]     CWR: VM Weak Roots             1003 us, workers (us): 365, 343, 295, ---, ---, ---, 
[2026-04-03T03:22:21.737+0600][19.035s][info][gc,stats    ]     CWR: CLDG Roots                  23 us, workers (us):  23, ---, ---, ---, ---, ---, 
[2026-04-03T03:22:21.737+0600][19.035s][info][gc,stats    ]   Rendezvous                        176 us
[2026-04-03T03:22:21.737+0600][19.035s][info][gc,stats    ] Concurrent Cleanup                  348 us
[2026-04-03T03:22:21.737+0600][19.035s][info][gc,stats    ] Concurrent Class Unloading         3596 us
[2026-04-03T03:22:21.737+0600][19.035s][info][gc,stats    ]   Unlink Stale                     3244 us
[2026-04-03T03:22:21.737+0600][19.035s][info][gc,stats    ]     System Dictionary                55 us
[2026-04-03T03:22:21.737+0600][19.035s][info][gc,stats    ]     Weak Class Links                  0 us
[2026-04-03T03:22:21.737+0600][19.035s][info][gc,stats    ]     Code Roots                     3185 us
[2026-04-03T03:22:21.737+0600][19.035s][info][gc,stats    ]   Rendezvous                        133 us
[2026-04-03T03:22:21.737+0600][19.035s][info][gc,stats    ]   Purge Unlinked                    133 us
[2026-04-03T03:22:21.737+0600][19.035s][info][gc,stats    ]     Code Roots                      126 us
[2026-04-03T03:22:21.737+0600][19.036s][info][gc,stats    ]     CLDG                              6 us
[2026-04-03T03:22:21.737+0600][19.036s][info][gc,stats    ]     Exception Caches                  0 us
[2026-04-03T03:22:21.737+0600][19.036s][info][gc,stats    ] Pause Final Roots (G)               291 us
[2026-04-03T03:22:21.737+0600][19.036s][info][gc,stats    ] Pause Final Roots (N)                69 us
[2026-04-03T03:22:21.737+0600][19.036s][info][gc,stats    ] 
[2026-04-03T03:22:21.737+0600][19.036s][info][gc,stats    ] Allocation pacing accrued:
[2026-04-03T03:22:21.737+0600][19.036s][info][gc,stats    ]       0 of    78 ms (  0.0%): <total>
[2026-04-03T03:22:21.737+0600][19.036s][info][gc,stats    ]       0 of    78 ms (  0.0%): <average total>
[2026-04-03T03:22:21.737+0600][19.036s][info][gc,stats    ] 
[2026-04-03T03:22:21.737+0600][19.036s][info][gc,metaspace] Metaspace: 66467K(67520K)->66467K(67520K) NonClass: 58148K(58752K)->58148K(58752K) Class: 8319K(8768K)->8319K(8768K)
[2026-04-03T03:22:21.737+0600][19.036s][info][gc,ergo     ] Pacer for Idle. Initial: 20480K, Alloc Tax Rate: 1.0x
[2026-04-03T03:22:21.955+0600][19.254s][info][gc          ] Trigger: Average GC time (339.30 ms) is above the time for average allocation rate (1480 MB/s) to deplete free headroom (501M) (margin of error = 1.81)
[2026-04-03T03:22:21.955+0600][19.254s][info][gc,ergo     ] Free headroom: 551M (free) - 51200K (spike) - 0B (penalties) = 501M
[2026-04-03T03:22:21.955+0600][19.254s][info][gc,ergo     ] Free: 551M, Max: 256K regular, 551M humongous, Frag: 0% external, 0% internal; Reserve: 51200K, Max: 256K
[2026-04-03T03:22:21.955+0600][19.254s][info][gc,start    ] GC(13) Concurrent reset
[2026-04-03T03:22:21.955+0600][19.254s][info][gc,task     ] GC(13) Using 3 of 6 workers for concurrent reset
[2026-04-03T03:22:21.955+0600][19.254s][info][gc,ergo     ] GC(13) Pacer for Reset. Non-Taxable: 1000M
[2026-04-03T03:22:21.956+0600][19.254s][info][gc          ] GC(13) Concurrent reset 0.575ms
[2026-04-03T03:22:21.956+0600][19.255s][info][gc,start    ] GC(13) Pause Init Mark (unload classes)
[2026-04-03T03:22:21.956+0600][19.255s][info][gc,task     ] GC(13) Using 6 of 6 workers for init marking
[2026-04-03T03:22:21.956+0600][19.255s][info][gc,ergo     ] GC(13) Pacer for Mark. Expected Live: 32556K, Free: 550M, Non-Taxable: 56345K, Alloc Tax Rate: 0.1x
[2026-04-03T03:22:21.956+0600][19.255s][info][gc          ] GC(13) Pause Init Mark (unload classes) 0.111ms
[2026-04-03T03:22:21.956+0600][19.255s][info][gc,start    ] GC(13) Concurrent marking roots
[2026-04-03T03:22:21.956+0600][19.255s][info][gc,task     ] GC(13) Using 3 of 6 workers for concurrent marking roots
[2026-04-03T03:22:21.957+0600][19.255s][info][gc          ] GC(13) Concurrent marking roots 0.703ms
[2026-04-03T03:22:21.957+0600][19.255s][info][gc,start    ] GC(13) Concurrent marking (unload classes)
[2026-04-03T03:22:21.957+0600][19.255s][info][gc,task     ] GC(13) Using 3 of 6 workers for concurrent marking
[2026-04-03T03:22:21.971+0600][19.270s][info][gc          ] GC(13) Concurrent marking (unload classes) 14.115ms
[2026-04-03T03:22:21.971+0600][19.270s][info][gc,start    ] GC(13) Pause Final Mark (unload classes)
[2026-04-03T03:22:21.971+0600][19.270s][info][gc,task     ] GC(13) Using 6 of 6 workers for final marking
[2026-04-03T03:22:21.972+0600][19.270s][info][gc,ergo     ] GC(13) Collectable Garbage: 362M (98%), Immediate: 362M (98%), CSet: 0B (0%)
[2026-04-03T03:22:21.972+0600][19.270s][info][gc          ] GC(13) Pause Final Mark (unload classes) 0.532ms
[2026-04-03T03:22:21.972+0600][19.271s][info][gc,start    ] GC(13) Concurrent weak references
[2026-04-03T03:22:21.972+0600][19.271s][info][gc,task     ] GC(13) Using 3 of 6 workers for concurrent weak references
[2026-04-03T03:22:21.972+0600][19.271s][info][gc,ref      ] GC(13) Encountered references: Soft: 3188, Weak: 4993, Final: 82, Phantom: 603
[2026-04-03T03:22:21.972+0600][19.271s][info][gc,ref      ] GC(13) Discovered  references: Soft: 0, Weak: 387, Final: 0, Phantom: 577
[2026-04-03T03:22:21.972+0600][19.271s][info][gc,ref      ] GC(13) Enqueued    references: Soft: 0, Weak: 0, Final: 0, Phantom: 0
[2026-04-03T03:22:21.972+0600][19.271s][info][gc          ] GC(13) Concurrent weak references 0.352ms
[2026-04-03T03:22:21.972+0600][19.271s][info][gc,start    ] GC(13) Concurrent weak roots
[2026-04-03T03:22:21.972+0600][19.271s][info][gc,task     ] GC(13) Using 3 of 6 workers for concurrent weak root
[2026-04-03T03:22:21.974+0600][19.272s][info][gc          ] GC(13) Concurrent weak roots 1.583ms
[2026-04-03T03:22:21.974+0600][19.273s][info][gc,start    ] GC(13) Concurrent cleanup
[2026-04-03T03:22:21.974+0600][19.273s][info][gc          ] GC(13) Concurrent cleanup 415M->54M(477M) 0.769ms
[2026-04-03T03:22:21.975+0600][19.273s][info][gc,ergo     ] GC(13) Free: 894M, Max: 256K regular, 533M humongous, Frag: 41% external, 0% internal; Reserve: 51200K, Max: 256K
[2026-04-03T03:22:21.975+0600][19.273s][info][gc,start    ] GC(13) Concurrent class unloading
[2026-04-03T03:22:21.975+0600][19.273s][info][gc,task     ] GC(13) Using 3 of 6 workers for concurrent class unloading
[2026-04-03T03:22:21.979+0600][19.277s][info][gc          ] GC(13) Concurrent class unloading 3.970ms
[2026-04-03T03:22:21.979+0600][19.277s][info][gc,start    ] GC(13) Pause Final Roots
[2026-04-03T03:22:21.979+0600][19.277s][info][gc          ] GC(13) Pause Final Roots 0.022ms
[2026-04-03T03:22:21.979+0600][19.278s][info][gc,ergo     ] Free: 889M, Max: 256K regular, 533M humongous, Frag: 41% external, 0% internal; Reserve: 51200K, Max: 256K
[2026-04-03T03:22:21.979+0600][19.278s][info][gc,stats    ] 
[2026-04-03T03:22:21.979+0600][19.278s][info][gc,stats    ] All times are wall-clock times, except per-root-class counters, that are sum over
[2026-04-03T03:22:21.979+0600][19.278s][info][gc,stats    ] all workers. Dividing the <total> over the root stage time estimates parallelism.
[2026-04-03T03:22:21.979+0600][19.278s][info][gc,stats    ] 
[2026-04-03T03:22:21.979+0600][19.278s][info][gc,stats    ] Concurrent Reset                    607 us
[2026-04-03T03:22:21.979+0600][19.278s][info][gc,stats    ] Pause Init Mark (G)                 285 us
[2026-04-03T03:22:21.979+0600][19.278s][info][gc,stats    ] Pause Init Mark (N)                 119 us
[2026-04-03T03:22:21.979+0600][19.278s][info][gc,stats    ]   Update Region States               29 us
[2026-04-03T03:22:21.979+0600][19.278s][info][gc,stats    ] Concurrent Mark Roots               746 us, parallelism: 1.16x
[2026-04-03T03:22:21.979+0600][19.278s][info][gc,stats    ]   CMR: <total>                      866 us
[2026-04-03T03:22:21.979+0600][19.278s][info][gc,stats    ]   CMR: Thread Roots                 598 us, workers (us):  93, 253, 253, ---, ---, ---, 
[2026-04-03T03:22:21.979+0600][19.278s][info][gc,stats    ]   CMR: VM Strong Roots               20 us, workers (us):  19,   1,   1, ---, ---, ---, 
[2026-04-03T03:22:21.979+0600][19.278s][info][gc,stats    ]   CMR: CLDG Roots                   247 us, workers (us): 247, ---, ---, ---, ---, ---, 
[2026-04-03T03:22:21.979+0600][19.278s][info][gc,stats    ] Concurrent Marking                14292 us
[2026-04-03T03:22:21.979+0600][19.278s][info][gc,stats    ] Pause Final Mark (G)                764 us
[2026-04-03T03:22:21.979+0600][19.278s][info][gc,stats    ] Pause Final Mark (N)                544 us
[2026-04-03T03:22:21.979+0600][19.278s][info][gc,stats    ]   Finish Mark                       279 us
[2026-04-03T03:22:21.979+0600][19.278s][info][gc,stats    ]   Update Region States               85 us
[2026-04-03T03:22:21.979+0600][19.278s][info][gc,stats    ]   Choose Collection Set              69 us
[2026-04-03T03:22:21.979+0600][19.278s][info][gc,stats    ]   Rebuild Free Set                   42 us
[2026-04-03T03:22:21.979+0600][19.278s][info][gc,stats    ] Concurrent Weak References          363 us, parallelism: 0.41x
[2026-04-03T03:22:21.979+0600][19.278s][info][gc,stats    ]   CWRF: <total>                     148 us
[2026-04-03T03:22:21.979+0600][19.278s][info][gc,stats    ]   CWRF: Weak References             148 us, workers (us):  24,  85,  39, ---, ---, ---, 
[2026-04-03T03:22:21.979+0600][19.278s][info][gc,stats    ] Concurrent Weak Roots              1647 us
[2026-04-03T03:22:21.979+0600][19.278s][info][gc,stats    ]   Roots                            1380 us, parallelism: 2.45x
[2026-04-03T03:22:21.979+0600][19.278s][info][gc,stats    ]     CWR: <total>                   3384 us
[2026-04-03T03:22:21.979+0600][19.278s][info][gc,stats    ]     CWR: Code Cache Roots          2233 us, workers (us): 769, 688, 776, ---, ---, ---, 
[2026-04-03T03:22:21.979+0600][19.278s][info][gc,stats    ]     CWR: VM Weak Roots             1039 us, workers (us): 371, 349, 319, ---, ---, ---, 
[2026-04-03T03:22:21.979+0600][19.278s][info][gc,stats    ]     CWR: CLDG Roots                 112 us, workers (us): ---, 112, ---, ---, ---, ---, 
[2026-04-03T03:22:21.979+0600][19.278s][info][gc,stats    ]   Rendezvous                        181 us
[2026-04-03T03:22:21.979+0600][19.278s][info][gc,stats    ] Concurrent Cleanup                  783 us
[2026-04-03T03:22:21.979+0600][19.278s][info][gc,stats    ] Concurrent Class Unloading         4017 us
[2026-04-03T03:22:21.979+0600][19.278s][info][gc,stats    ]   Unlink Stale                     3682 us
[2026-04-03T03:22:21.979+0600][19.278s][info][gc,stats    ]     System Dictionary                55 us
[2026-04-03T03:22:21.979+0600][19.278s][info][gc,stats    ]     Weak Class Links                  1 us
[2026-04-03T03:22:21.979+0600][19.278s][info][gc,stats    ]     Code Roots                     3624 us
[2026-04-03T03:22:21.979+0600][19.278s][info][gc,stats    ]   Rendezvous                        176 us
[2026-04-03T03:22:21.979+0600][19.278s][info][gc,stats    ]   Purge Unlinked                     92 us
[2026-04-03T03:22:21.979+0600][19.278s][info][gc,stats    ]     Code Roots                       83 us
[2026-04-03T03:22:21.979+0600][19.278s][info][gc,stats    ]     CLDG                              8 us
[2026-04-03T03:22:21.979+0600][19.278s][info][gc,stats    ]     Exception Caches                  0 us
[2026-04-03T03:22:21.979+0600][19.278s][info][gc,stats    ] Pause Final Roots (G)               246 us
[2026-04-03T03:22:21.979+0600][19.278s][info][gc,stats    ] Pause Final Roots (N)                51 us
[2026-04-03T03:22:21.979+0600][19.278s][info][gc,stats    ] 
[2026-04-03T03:22:21.979+0600][19.278s][info][gc,stats    ] Allocation pacing accrued:
[2026-04-03T03:22:21.979+0600][19.278s][info][gc,stats    ]       0 of   243 ms (  0.0%): <total>
[2026-04-03T03:22:21.979+0600][19.278s][info][gc,stats    ]       0 of   243 ms (  0.0%): <average total>
[2026-04-03T03:22:21.979+0600][19.278s][info][gc,stats    ] 
[2026-04-03T03:22:21.979+0600][19.278s][info][gc,metaspace] Metaspace: 66469K(67520K)->66469K(67520K) NonClass: 58150K(58752K)->58150K(58752K) Class: 8319K(8768K)->8319K(8768K)
[2026-04-03T03:22:21.979+0600][19.278s][info][gc,ergo     ] Pacer for Idle. Initial: 20480K, Alloc Tax Rate: 1.0x
[2026-04-03T03:22:22.191+0600][19.489s][info][gc          ] Trigger: Average GC time (242.09 ms) is above the time for average allocation rate (1834 MB/s) to deplete free headroom (442M) (margin of error = 1.80)
[2026-04-03T03:22:22.191+0600][19.489s][info][gc,ergo     ] Free headroom: 492M (free) - 51200K (spike) - 0B (penalties) = 442M
[2026-04-03T03:22:22.191+0600][19.489s][info][gc,ergo     ] Free: 492M, Max: 256K regular, 492M humongous, Frag: 0% external, 0% internal; Reserve: 51200K, Max: 256K
[2026-04-03T03:22:22.191+0600][19.489s][info][gc,start    ] GC(14) Concurrent reset
[2026-04-03T03:22:22.191+0600][19.490s][info][gc,task     ] GC(14) Using 3 of 6 workers for concurrent reset
[2026-04-03T03:22:22.191+0600][19.490s][info][gc,ergo     ] GC(14) Pacer for Reset. Non-Taxable: 1000M
[2026-04-03T03:22:22.191+0600][19.490s][info][gc          ] GC(14) Concurrent reset 0.637ms
[2026-04-03T03:22:22.191+0600][19.490s][info][gc,start    ] GC(14) Pause Init Mark (unload classes)
[2026-04-03T03:22:22.192+0600][19.490s][info][gc,task     ] GC(14) Using 6 of 6 workers for init marking
[2026-04-03T03:22:22.192+0600][19.490s][info][gc,ergo     ] GC(14) Pacer for Mark. Expected Live: 32556K, Free: 491M, Non-Taxable: 50304K, Alloc Tax Rate: 0.1x
[2026-04-03T03:22:22.192+0600][19.490s][info][gc          ] GC(14) Pause Init Mark (unload classes) 0.106ms
[2026-04-03T03:22:22.192+0600][19.490s][info][gc,start    ] GC(14) Concurrent marking roots
[2026-04-03T03:22:22.192+0600][19.491s][info][gc,task     ] GC(14) Using 3 of 6 workers for concurrent marking roots
[2026-04-03T03:22:22.192+0600][19.491s][info][gc          ] GC(14) Concurrent marking roots 0.536ms
[2026-04-03T03:22:22.192+0600][19.491s][info][gc,start    ] GC(14) Concurrent marking (unload classes)
[2026-04-03T03:22:22.192+0600][19.491s][info][gc,task     ] GC(14) Using 3 of 6 workers for concurrent marking
[2026-04-03T03:22:22.206+0600][19.505s][info][gc          ] GC(14) Concurrent marking (unload classes) 14.044ms
[2026-04-03T03:22:22.207+0600][19.505s][info][gc,start    ] GC(14) Pause Final Mark (unload classes)
[2026-04-03T03:22:22.207+0600][19.505s][info][gc,task     ] GC(14) Using 6 of 6 workers for final marking
[2026-04-03T03:22:22.207+0600][19.506s][info][gc,ergo     ] GC(14) Collectable Garbage: 421M (98%), Immediate: 421M (98%), CSet: 0B (0%)
[2026-04-03T03:22:22.207+0600][19.506s][info][gc          ] GC(14) Pause Final Mark (unload classes) 0.494ms
[2026-04-03T03:22:22.207+0600][19.506s][info][gc,start    ] GC(14) Concurrent weak references
[2026-04-03T03:22:22.207+0600][19.506s][info][gc,task     ] GC(14) Using 3 of 6 workers for concurrent weak references
[2026-04-03T03:22:22.208+0600][19.506s][info][gc,ref      ] GC(14) Encountered references: Soft: 3188, Weak: 4993, Final: 82, Phantom: 603
[2026-04-03T03:22:22.208+0600][19.506s][info][gc,ref      ] GC(14) Discovered  references: Soft: 0, Weak: 2519, Final: 50, Phantom: 576
[2026-04-03T03:22:22.208+0600][19.506s][info][gc,ref      ] GC(14) Enqueued    references: Soft: 0, Weak: 0, Final: 0, Phantom: 0
[2026-04-03T03:22:22.208+0600][19.506s][info][gc          ] GC(14) Concurrent weak references 0.542ms
[2026-04-03T03:22:22.208+0600][19.506s][info][gc,start    ] GC(14) Concurrent weak roots
[2026-04-03T03:22:22.208+0600][19.506s][info][gc,task     ] GC(14) Using 3 of 6 workers for concurrent weak root
[2026-04-03T03:22:22.209+0600][19.508s][info][gc          ] GC(14) Concurrent weak roots 1.855ms
[2026-04-03T03:22:22.209+0600][19.508s][info][gc,start    ] GC(14) Concurrent cleanup
[2026-04-03T03:22:22.210+0600][19.509s][info][gc          ] GC(14) Concurrent cleanup 475M->55M(537M) 0.575ms
[2026-04-03T03:22:22.210+0600][19.509s][info][gc,ergo     ] GC(14) Free: 893M, Max: 256K regular, 473M humongous, Frag: 48% external, 0% internal; Reserve: 51200K, Max: 256K
[2026-04-03T03:22:22.210+0600][19.509s][info][gc,start    ] GC(14) Concurrent class unloading
[2026-04-03T03:22:22.210+0600][19.509s][info][gc,task     ] GC(14) Using 3 of 6 workers for concurrent class unloading
[2026-04-03T03:22:22.214+0600][19.513s][info][gc          ] GC(14) Concurrent class unloading 3.989ms
[2026-04-03T03:22:22.214+0600][19.513s][info][gc,start    ] GC(14) Pause Final Roots
[2026-04-03T03:22:22.214+0600][19.513s][info][gc          ] GC(14) Pause Final Roots 0.034ms
[2026-04-03T03:22:22.214+0600][19.513s][info][gc,ergo     ] Free: 887M, Max: 256K regular, 473M humongous, Frag: 47% external, 0% internal; Reserve: 51200K, Max: 256K
[2026-04-03T03:22:22.215+0600][19.513s][info][gc,stats    ] 
[2026-04-03T03:22:22.215+0600][19.513s][info][gc,stats    ] All times are wall-clock times, except per-root-class counters, that are sum over
[2026-04-03T03:22:22.215+0600][19.513s][info][gc,stats    ] all workers. Dividing the <total> over the root stage time estimates parallelism.
[2026-04-03T03:22:22.215+0600][19.513s][info][gc,stats    ] 
[2026-04-03T03:22:22.215+0600][19.513s][info][gc,stats    ] Concurrent Reset                    671 us
[2026-04-03T03:22:22.215+0600][19.513s][info][gc,stats    ] Pause Init Mark (G)                 346 us
[2026-04-03T03:22:22.215+0600][19.513s][info][gc,stats    ] Pause Init Mark (N)                 114 us
[2026-04-03T03:22:22.215+0600][19.513s][info][gc,stats    ]   Update Region States               31 us
[2026-04-03T03:22:22.215+0600][19.513s][info][gc,stats    ] Concurrent Mark Roots               566 us, parallelism: 1.53x
[2026-04-03T03:22:22.215+0600][19.513s][info][gc,stats    ]   CMR: <total>                      868 us
[2026-04-03T03:22:22.215+0600][19.513s][info][gc,stats    ]   CMR: Thread Roots                 620 us, workers (us): 287,  66, 267, ---, ---, ---, 
[2026-04-03T03:22:22.215+0600][19.513s][info][gc,stats    ]   CMR: VM Strong Roots               26 us, workers (us):  15,  10,   1, ---, ---, ---, 
[2026-04-03T03:22:22.215+0600][19.514s][info][gc,stats    ]   CMR: CLDG Roots                   222 us, workers (us): ---, 222, ---, ---, ---, ---, 
[2026-04-03T03:22:22.215+0600][19.514s][info][gc,stats    ] Concurrent Marking                14125 us
[2026-04-03T03:22:22.215+0600][19.514s][info][gc,stats    ] Pause Final Mark (G)                646 us
[2026-04-03T03:22:22.215+0600][19.514s][info][gc,stats    ] Pause Final Mark (N)                506 us
[2026-04-03T03:22:22.215+0600][19.514s][info][gc,stats    ]   Finish Mark                       259 us
[2026-04-03T03:22:22.215+0600][19.514s][info][gc,stats    ]   Update Region States               55 us
[2026-04-03T03:22:22.215+0600][19.514s][info][gc,stats    ]   Choose Collection Set              68 us
[2026-04-03T03:22:22.215+0600][19.514s][info][gc,stats    ]   Rebuild Free Set                   42 us
[2026-04-03T03:22:22.215+0600][19.514s][info][gc,stats    ] Concurrent Weak References          554 us, parallelism: 0.76x
[2026-04-03T03:22:22.215+0600][19.514s][info][gc,stats    ]   CWRF: <total>                     420 us
[2026-04-03T03:22:22.215+0600][19.514s][info][gc,stats    ]   CWRF: Weak References             420 us, workers (us): 406,  14,   0, ---, ---, ---, 
[2026-04-03T03:22:22.215+0600][19.514s][info][gc,stats    ] Concurrent Weak Roots              1901 us
[2026-04-03T03:22:22.215+0600][19.514s][info][gc,stats    ]   Roots                            1735 us, parallelism: 2.39x
[2026-04-03T03:22:22.215+0600][19.514s][info][gc,stats    ]     CWR: <total>                   4139 us
[2026-04-03T03:22:22.215+0600][19.514s][info][gc,stats    ]     CWR: Code Cache Roots          2687 us, workers (us): 1018, 907, 762, ---, ---, ---, 
[2026-04-03T03:22:22.215+0600][19.514s][info][gc,stats    ]     CWR: VM Weak Roots             1370 us, workers (us): 528, 421, 421, ---, ---, ---, 
[2026-04-03T03:22:22.215+0600][19.514s][info][gc,stats    ]     CWR: CLDG Roots                  83 us, workers (us): ---, ---,  83, ---, ---, ---, 
[2026-04-03T03:22:22.215+0600][19.514s][info][gc,stats    ]   Rendezvous                         94 us
[2026-04-03T03:22:22.215+0600][19.514s][info][gc,stats    ] Concurrent Cleanup                  600 us
[2026-04-03T03:22:22.215+0600][19.514s][info][gc,stats    ] Concurrent Class Unloading         4074 us
[2026-04-03T03:22:22.215+0600][19.514s][info][gc,stats    ]   Unlink Stale                     3700 us
[2026-04-03T03:22:22.215+0600][19.514s][info][gc,stats    ]     System Dictionary                55 us
[2026-04-03T03:22:22.215+0600][19.514s][info][gc,stats    ]     Weak Class Links                  0 us
[2026-04-03T03:22:22.215+0600][19.514s][info][gc,stats    ]     Code Roots                     3640 us
[2026-04-03T03:22:22.215+0600][19.514s][info][gc,stats    ]   Rendezvous                        107 us
[2026-04-03T03:22:22.215+0600][19.514s][info][gc,stats    ]   Purge Unlinked                    153 us
[2026-04-03T03:22:22.215+0600][19.514s][info][gc,stats    ]     Code Roots                      146 us
[2026-04-03T03:22:22.215+0600][19.514s][info][gc,stats    ]     CLDG                              6 us
[2026-04-03T03:22:22.215+0600][19.514s][info][gc,stats    ]     Exception Caches                  1 us
[2026-04-03T03:22:22.215+0600][19.514s][info][gc,stats    ] Pause Final Roots (G)               179 us
[2026-04-03T03:22:22.215+0600][19.514s][info][gc,stats    ] Pause Final Roots (N)                46 us
[2026-04-03T03:22:22.215+0600][19.514s][info][gc,stats    ] 
[2026-04-03T03:22:22.215+0600][19.514s][info][gc,stats    ] Allocation pacing accrued:
[2026-04-03T03:22:22.215+0600][19.514s][info][gc,stats    ]       0 of   236 ms (  0.0%): <total>
[2026-04-03T03:22:22.215+0600][19.514s][info][gc,stats    ]       0 of   236 ms (  0.0%): <average total>
[2026-04-03T03:22:22.215+0600][19.514s][info][gc,stats    ] 
[2026-04-03T03:22:22.215+0600][19.514s][info][gc,metaspace] Metaspace: 66476K(67520K)->66476K(67520K) NonClass: 58157K(58752K)->58157K(58752K) Class: 8319K(8768K)->8319K(8768K)
[2026-04-03T03:22:22.215+0600][19.514s][info][gc,ergo     ] Pacer for Idle. Initial: 20480K, Alloc Tax Rate: 1.0x
[2026-04-03T03:22:22.521+0600][19.820s][info][gc          ] Trigger: Average GC time (175.49 ms) is above the time for average allocation rate (1741 MB/s) to deplete free headroom (304M) (margin of error = 1.80)
[2026-04-03T03:22:22.521+0600][19.820s][info][gc,ergo     ] Free headroom: 354M (free) - 51200K (spike) - 0B (penalties) = 304M
[2026-04-03T03:22:22.521+0600][19.820s][info][gc,ergo     ] Free: 354M, Max: 256K regular, 354M humongous, Frag: 0% external, 0% internal; Reserve: 51200K, Max: 256K
[2026-04-03T03:22:22.521+0600][19.820s][info][gc,start    ] GC(15) Concurrent reset
[2026-04-03T03:22:22.521+0600][19.820s][info][gc,task     ] GC(15) Using 3 of 6 workers for concurrent reset
[2026-04-03T03:22:22.521+0600][19.820s][info][gc,ergo     ] GC(15) Pacer for Reset. Non-Taxable: 1000M
[2026-04-03T03:22:22.521+0600][19.820s][info][gc          ] GC(15) Concurrent reset 0.505ms
[2026-04-03T03:22:22.522+0600][19.820s][info][gc,start    ] GC(15) Pause Init Mark (unload classes)
[2026-04-03T03:22:22.522+0600][19.821s][info][gc,task     ] GC(15) Using 6 of 6 workers for init marking
[2026-04-03T03:22:22.522+0600][19.821s][info][gc,ergo     ] GC(15) Pacer for Mark. Expected Live: 32556K, Free: 353M, Non-Taxable: 36224K, Alloc Tax Rate: 0.1x
[2026-04-03T03:22:22.522+0600][19.821s][info][gc          ] GC(15) Pause Init Mark (unload classes) 0.123ms
[2026-04-03T03:22:22.522+0600][19.821s][info][gc,start    ] GC(15) Concurrent marking roots
[2026-04-03T03:22:22.522+0600][19.821s][info][gc,task     ] GC(15) Using 3 of 6 workers for concurrent marking roots
[2026-04-03T03:22:22.522+0600][19.821s][info][gc          ] GC(15) Concurrent marking roots 0.553ms
[2026-04-03T03:22:22.522+0600][19.821s][info][gc,start    ] GC(15) Concurrent marking (unload classes)
[2026-04-03T03:22:22.522+0600][19.821s][info][gc,task     ] GC(15) Using 3 of 6 workers for concurrent marking
[2026-04-03T03:22:22.536+0600][19.835s][info][gc          ] GC(15) Concurrent marking (unload classes) 13.369ms
[2026-04-03T03:22:22.536+0600][19.835s][info][gc,start    ] GC(15) Pause Final Mark (unload classes)
[2026-04-03T03:22:22.536+0600][19.835s][info][gc,task     ] GC(15) Using 6 of 6 workers for final marking
[2026-04-03T03:22:22.536+0600][19.835s][info][gc,ergo     ] GC(15) Collectable Garbage: 557M (98%), Immediate: 557M (98%), CSet: 0B (0%)
[2026-04-03T03:22:22.536+0600][19.835s][info][gc          ] GC(15) Pause Final Mark (unload classes) 0.472ms
[2026-04-03T03:22:22.537+0600][19.835s][info][gc,start    ] GC(15) Concurrent weak references
[2026-04-03T03:22:22.537+0600][19.835s][info][gc,task     ] GC(15) Using 3 of 6 workers for concurrent weak references
[2026-04-03T03:22:22.537+0600][19.836s][info][gc,ref      ] GC(15) Encountered references: Soft: 3188, Weak: 4993, Final: 82, Phantom: 603
[2026-04-03T03:22:22.537+0600][19.836s][info][gc,ref      ] GC(15) Discovered  references: Soft: 0, Weak: 2170, Final: 0, Phantom: 577
[2026-04-03T03:22:22.537+0600][19.836s][info][gc,ref      ] GC(15) Enqueued    references: Soft: 0, Weak: 0, Final: 0, Phantom: 0
[2026-04-03T03:22:22.537+0600][19.836s][info][gc          ] GC(15) Concurrent weak references 0.520ms
[2026-04-03T03:22:22.537+0600][19.836s][info][gc,start    ] GC(15) Concurrent weak roots
[2026-04-03T03:22:22.537+0600][19.836s][info][gc,task     ] GC(15) Using 3 of 6 workers for concurrent weak root
[2026-04-03T03:22:22.539+0600][19.838s][info][gc          ] GC(15) Concurrent weak roots 1.759ms
[2026-04-03T03:22:22.539+0600][19.838s][info][gc,start    ] GC(15) Concurrent cleanup
[2026-04-03T03:22:22.540+0600][19.838s][info][gc          ] GC(15) Concurrent cleanup 611M->55M(672M) 0.600ms
[2026-04-03T03:22:22.540+0600][19.838s][info][gc,ergo     ] GC(15) Free: 893M, Max: 256K regular, 336M humongous, Frag: 63% external, 0% internal; Reserve: 51200K, Max: 256K
[2026-04-03T03:22:22.540+0600][19.838s][info][gc,start    ] GC(15) Concurrent class unloading
[2026-04-03T03:22:22.540+0600][19.838s][info][gc,task     ] GC(15) Using 3 of 6 workers for concurrent class unloading
[2026-04-03T03:22:22.543+0600][19.842s][info][gc          ] GC(15) Concurrent class unloading 3.812ms
[2026-04-03T03:22:22.544+0600][19.842s][info][gc,start    ] GC(15) Pause Final Roots
[2026-04-03T03:22:22.544+0600][19.842s][info][gc          ] GC(15) Pause Final Roots 0.029ms
[2026-04-03T03:22:22.544+0600][19.843s][info][gc,ergo     ] Free: 887M, Max: 256K regular, 336M humongous, Frag: 63% external, 0% internal; Reserve: 51200K, Max: 256K
[2026-04-03T03:22:22.544+0600][19.843s][info][gc,stats    ] 
[2026-04-03T03:22:22.544+0600][19.843s][info][gc,stats    ] All times are wall-clock times, except per-root-class counters, that are sum over
[2026-04-03T03:22:22.544+0600][19.843s][info][gc,stats    ] all workers. Dividing the <total> over the root stage time estimates parallelism.
[2026-04-03T03:22:22.544+0600][19.843s][info][gc,stats    ] 
[2026-04-03T03:22:22.544+0600][19.843s][info][gc,stats    ] Concurrent Reset                    540 us
[2026-04-03T03:22:22.544+0600][19.843s][info][gc,stats    ] Pause Init Mark (G)                 365 us
[2026-04-03T03:22:22.544+0600][19.843s][info][gc,stats    ] Pause Init Mark (N)                 130 us
[2026-04-03T03:22:22.544+0600][19.843s][info][gc,stats    ]   Update Region States               30 us
[2026-04-03T03:22:22.544+0600][19.843s][info][gc,stats    ] Concurrent Mark Roots               583 us, parallelism: 1.50x
[2026-04-03T03:22:22.544+0600][19.843s][info][gc,stats    ]   CMR: <total>                      874 us
[2026-04-03T03:22:22.544+0600][19.843s][info][gc,stats    ]   CMR: Thread Roots                 701 us, workers (us): 134, 285, 282, ---, ---, ---, 
[2026-04-03T03:22:22.544+0600][19.843s][info][gc,stats    ]   CMR: VM Strong Roots               22 us, workers (us):  13,   5,   4, ---, ---, ---, 
[2026-04-03T03:22:22.544+0600][19.843s][info][gc,stats    ]   CMR: CLDG Roots                   152 us, workers (us): 152, ---, ---, ---, ---, ---, 
[2026-04-03T03:22:22.544+0600][19.843s][info][gc,stats    ] Concurrent Marking                13438 us
[2026-04-03T03:22:22.544+0600][19.843s][info][gc,stats    ] Pause Final Mark (G)                672 us
[2026-04-03T03:22:22.544+0600][19.843s][info][gc,stats    ] Pause Final Mark (N)                485 us
[2026-04-03T03:22:22.544+0600][19.843s][info][gc,stats    ]   Finish Mark                       226 us
[2026-04-03T03:22:22.544+0600][19.843s][info][gc,stats    ]   Update Region States               57 us
[2026-04-03T03:22:22.544+0600][19.843s][info][gc,stats    ]   Choose Collection Set              86 us
[2026-04-03T03:22:22.544+0600][19.843s][info][gc,stats    ]   Rebuild Free Set                   43 us
[2026-04-03T03:22:22.544+0600][19.843s][info][gc,stats    ] Concurrent Weak References          533 us, parallelism: 0.75x
[2026-04-03T03:22:22.544+0600][19.843s][info][gc,stats    ]   CWRF: <total>                     400 us
[2026-04-03T03:22:22.544+0600][19.843s][info][gc,stats    ]   CWRF: Weak References             400 us, workers (us): 301,  46,  53, ---, ---, ---, 
[2026-04-03T03:22:22.544+0600][19.843s][info][gc,stats    ] Concurrent Weak Roots              1810 us
[2026-04-03T03:22:22.544+0600][19.843s][info][gc,stats    ]   Roots                            1579 us, parallelism: 2.30x
[2026-04-03T03:22:22.544+0600][19.843s][info][gc,stats    ]     CWR: <total>                   3631 us
[2026-04-03T03:22:22.544+0600][19.843s][info][gc,stats    ]     CWR: Code Cache Roots          2466 us, workers (us): 924, 844, 699, ---, ---, ---, 
[2026-04-03T03:22:22.544+0600][19.843s][info][gc,stats    ]     CWR: VM Weak Roots             1078 us, workers (us): 398, 366, 314, ---, ---, ---, 
[2026-04-03T03:22:22.544+0600][19.843s][info][gc,stats    ]     CWR: CLDG Roots                  87 us, workers (us): ---, ---,  87, ---, ---, ---, 
[2026-04-03T03:22:22.544+0600][19.843s][info][gc,stats    ]   Rendezvous                        149 us
[2026-04-03T03:22:22.544+0600][19.843s][info][gc,stats    ] Concurrent Cleanup                  618 us
[2026-04-03T03:22:22.544+0600][19.843s][info][gc,stats    ] Concurrent Class Unloading         3866 us
[2026-04-03T03:22:22.544+0600][19.843s][info][gc,stats    ]   Unlink Stale                     3508 us
[2026-04-03T03:22:22.544+0600][19.843s][info][gc,stats    ]     System Dictionary                59 us
[2026-04-03T03:22:22.544+0600][19.843s][info][gc,stats    ]     Weak Class Links                  0 us
[2026-04-03T03:22:22.544+0600][19.843s][info][gc,stats    ]     Code Roots                     3445 us
[2026-04-03T03:22:22.544+0600][19.843s][info][gc,stats    ]   Rendezvous                        132 us
[2026-04-03T03:22:22.544+0600][19.843s][info][gc,stats    ]   Purge Unlinked                    145 us
[2026-04-03T03:22:22.544+0600][19.843s][info][gc,stats    ]     Code Roots                      135 us
[2026-04-03T03:22:22.544+0600][19.843s][info][gc,stats    ]     CLDG                              9 us
[2026-04-03T03:22:22.544+0600][19.843s][info][gc,stats    ]     Exception Caches                  0 us
[2026-04-03T03:22:22.544+0600][19.843s][info][gc,stats    ] Pause Final Roots (G)               216 us
[2026-04-03T03:22:22.544+0600][19.843s][info][gc,stats    ] Pause Final Roots (N)                40 us
[2026-04-03T03:22:22.544+0600][19.843s][info][gc,stats    ] 
[2026-04-03T03:22:22.544+0600][19.843s][info][gc,stats    ] Allocation pacing accrued:
[2026-04-03T03:22:22.544+0600][19.843s][info][gc,stats    ]       0 of   329 ms (  0.0%): <total>
[2026-04-03T03:22:22.544+0600][19.843s][info][gc,stats    ]       0 of   329 ms (  0.0%): <average total>
[2026-04-03T03:22:22.544+0600][19.843s][info][gc,stats    ] 
[2026-04-03T03:22:22.544+0600][19.843s][info][gc,metaspace] Metaspace: 66480K(67520K)->66480K(67520K) NonClass: 58161K(58752K)->58161K(58752K) Class: 8319K(8768K)->8319K(8768K)
[2026-04-03T03:22:22.544+0600][19.843s][info][gc,ergo     ] Pacer for Idle. Initial: 20480K, Alloc Tax Rate: 1.0x
[2026-04-03T03:22:22.843+0600][20.141s][info][gc          ] Trigger: Average GC time (129.40 ms) is above the time for average allocation rate (1971 MB/s) to deplete free headroom (254M) (margin of error = 1.80)
[2026-04-03T03:22:22.843+0600][20.142s][info][gc,ergo     ] Free headroom: 304M (free) - 51200K (spike) - 0B (penalties) = 254M
[2026-04-03T03:22:22.843+0600][20.142s][info][gc,ergo     ] Free: 304M, Max: 256K regular, 304M humongous, Frag: 0% external, 0% internal; Reserve: 51200K, Max: 256K
[2026-04-03T03:22:22.843+0600][20.142s][info][gc,start    ] GC(16) Concurrent reset
[2026-04-03T03:22:22.843+0600][20.142s][info][gc,task     ] GC(16) Using 3 of 6 workers for concurrent reset
[2026-04-03T03:22:22.843+0600][20.142s][info][gc,ergo     ] GC(16) Pacer for Reset. Non-Taxable: 1000M
[2026-04-03T03:22:22.843+0600][20.142s][info][gc          ] GC(16) Concurrent reset 0.678ms
[2026-04-03T03:22:22.844+0600][20.142s][info][gc,start    ] GC(16) Pause Init Mark (unload classes)
[2026-04-03T03:22:22.844+0600][20.143s][info][gc,task     ] GC(16) Using 6 of 6 workers for init marking
[2026-04-03T03:22:22.844+0600][20.143s][info][gc,ergo     ] GC(16) Pacer for Mark. Expected Live: 32556K, Free: 303M, Non-Taxable: 31027K, Alloc Tax Rate: 0.1x
[2026-04-03T03:22:22.844+0600][20.143s][info][gc          ] GC(16) Pause Init Mark (unload classes) 0.115ms
[2026-04-03T03:22:22.844+0600][20.143s][info][gc,start    ] GC(16) Concurrent marking roots
[2026-04-03T03:22:22.844+0600][20.143s][info][gc,task     ] GC(16) Using 3 of 6 workers for concurrent marking roots
[2026-04-03T03:22:22.845+0600][20.143s][info][gc          ] GC(16) Concurrent marking roots 0.672ms
[2026-04-03T03:22:22.845+0600][20.143s][info][gc,start    ] GC(16) Concurrent marking (unload classes)
[2026-04-03T03:22:22.845+0600][20.143s][info][gc,task     ] GC(16) Using 3 of 6 workers for concurrent marking
[2026-04-03T03:22:22.859+0600][20.158s][info][gc          ] GC(16) Concurrent marking (unload classes) 14.419ms
[2026-04-03T03:22:22.859+0600][20.158s][info][gc,start    ] GC(16) Pause Final Mark (unload classes)
[2026-04-03T03:22:22.859+0600][20.158s][info][gc,task     ] GC(16) Using 6 of 6 workers for final marking
[2026-04-03T03:22:22.860+0600][20.158s][info][gc,ergo     ] GC(16) Collectable Garbage: 608M (99%), Immediate: 608M (99%), CSet: 0B (0%)
[2026-04-03T03:22:22.860+0600][20.158s][info][gc          ] GC(16) Pause Final Mark (unload classes) 0.430ms
[2026-04-03T03:22:22.860+0600][20.159s][info][gc,start    ] GC(16) Concurrent weak references
[2026-04-03T03:22:22.860+0600][20.159s][info][gc,task     ] GC(16) Using 3 of 6 workers for concurrent weak references
[2026-04-03T03:22:22.860+0600][20.159s][info][gc,ref      ] GC(16) Encountered references: Soft: 3188, Weak: 4993, Final: 82, Phantom: 603
[2026-04-03T03:22:22.860+0600][20.159s][info][gc,ref      ] GC(16) Discovered  references: Soft: 0, Weak: 1286, Final: 0, Phantom: 576
[2026-04-03T03:22:22.860+0600][20.159s][info][gc,ref      ] GC(16) Enqueued    references: Soft: 0, Weak: 0, Final: 0, Phantom: 0
[2026-04-03T03:22:22.860+0600][20.159s][info][gc          ] GC(16) Concurrent weak references 0.237ms
[2026-04-03T03:22:22.860+0600][20.159s][info][gc,start    ] GC(16) Concurrent weak roots
[2026-04-03T03:22:22.860+0600][20.159s][info][gc,task     ] GC(16) Using 3 of 6 workers for concurrent weak root
[2026-04-03T03:22:22.861+0600][20.160s][info][gc          ] GC(16) Concurrent weak roots 1.466ms
[2026-04-03T03:22:22.861+0600][20.160s][info][gc,start    ] GC(16) Concurrent cleanup
[2026-04-03T03:22:22.862+0600][20.161s][info][gc          ] GC(16) Concurrent cleanup 669M->62M(699M) 0.885ms
[2026-04-03T03:22:22.862+0600][20.161s][info][gc,ergo     ] GC(16) Free: 886M, Max: 256K regular, 279M humongous, Frag: 69% external, 0% internal; Reserve: 51200K, Max: 256K
[2026-04-03T03:22:22.862+0600][20.161s][info][gc,start    ] GC(16) Concurrent class unloading
[2026-04-03T03:22:22.862+0600][20.161s][info][gc,task     ] GC(16) Using 3 of 6 workers for concurrent class unloading
[2026-04-03T03:22:22.866+0600][20.165s][info][gc          ] GC(16) Concurrent class unloading 3.513ms
[2026-04-03T03:22:22.866+0600][20.165s][info][gc,start    ] GC(16) Pause Final Roots
[2026-04-03T03:22:22.866+0600][20.165s][info][gc          ] GC(16) Pause Final Roots 0.021ms
[2026-04-03T03:22:22.866+0600][20.165s][info][gc,ergo     ] Free: 880M, Max: 256K regular, 279M humongous, Frag: 69% external, 0% internal; Reserve: 51200K, Max: 256K
[2026-04-03T03:22:22.866+0600][20.165s][info][gc,stats    ] 
[2026-04-03T03:22:22.866+0600][20.165s][info][gc,stats    ] All times are wall-clock times, except per-root-class counters, that are sum over
[2026-04-03T03:22:22.866+0600][20.165s][info][gc,stats    ] all workers. Dividing the <total> over the root stage time estimates parallelism.
[2026-04-03T03:22:22.866+0600][20.165s][info][gc,stats    ] 
[2026-04-03T03:22:22.866+0600][20.165s][info][gc,stats    ] Concurrent Reset                    714 us
[2026-04-03T03:22:22.866+0600][20.165s][info][gc,stats    ] Pause Init Mark (G)                 319 us
[2026-04-03T03:22:22.866+0600][20.165s][info][gc,stats    ] Pause Init Mark (N)                 123 us
[2026-04-03T03:22:22.866+0600][20.165s][info][gc,stats    ]   Update Region States               32 us
[2026-04-03T03:22:22.866+0600][20.165s][info][gc,stats    ] Concurrent Mark Roots               701 us, parallelism: 1.22x
[2026-04-03T03:22:22.866+0600][20.165s][info][gc,stats    ]   CMR: <total>                      855 us
[2026-04-03T03:22:22.866+0600][20.165s][info][gc,stats    ]   CMR: Thread Roots                 616 us, workers (us): 109, 254, 253, ---, ---, ---, 
[2026-04-03T03:22:22.866+0600][20.165s][info][gc,stats    ]   CMR: VM Strong Roots               20 us, workers (us):  18,   1,   1, ---, ---, ---, 
[2026-04-03T03:22:22.866+0600][20.165s][info][gc,stats    ]   CMR: CLDG Roots                   219 us, workers (us): 219, ---, ---, ---, ---, ---, 
[2026-04-03T03:22:22.866+0600][20.165s][info][gc,stats    ] Concurrent Marking                14479 us
[2026-04-03T03:22:22.866+0600][20.165s][info][gc,stats    ] Pause Final Mark (G)                686 us
[2026-04-03T03:22:22.866+0600][20.165s][info][gc,stats    ] Pause Final Mark (N)                440 us
[2026-04-03T03:22:22.866+0600][20.165s][info][gc,stats    ]   Finish Mark                       221 us
[2026-04-03T03:22:22.866+0600][20.165s][info][gc,stats    ]   Update Region States               54 us
[2026-04-03T03:22:22.866+0600][20.165s][info][gc,stats    ]   Choose Collection Set              70 us
[2026-04-03T03:22:22.866+0600][20.165s][info][gc,stats    ]   Rebuild Free Set                   39 us
[2026-04-03T03:22:22.866+0600][20.165s][info][gc,stats    ] Concurrent Weak References          246 us, parallelism: 0.65x
[2026-04-03T03:22:22.866+0600][20.165s][info][gc,stats    ]   CWRF: <total>                     161 us
[2026-04-03T03:22:22.867+0600][20.165s][info][gc,stats    ]   CWRF: Weak References             161 us, workers (us):  97,  16,  47, ---, ---, ---, 
[2026-04-03T03:22:22.867+0600][20.165s][info][gc,stats    ] Concurrent Weak Roots              1511 us
[2026-04-03T03:22:22.867+0600][20.165s][info][gc,stats    ]   Roots                            1275 us, parallelism: 2.52x
[2026-04-03T03:22:22.867+0600][20.165s][info][gc,stats    ]     CWR: <total>                   3215 us
[2026-04-03T03:22:22.867+0600][20.165s][info][gc,stats    ]     CWR: Code Cache Roots          2200 us, workers (us): 768, 705, 727, ---, ---, ---, 
[2026-04-03T03:22:22.867+0600][20.165s][info][gc,stats    ]     CWR: VM Weak Roots              995 us, workers (us): 352, 340, 304, ---, ---, ---, 
[2026-04-03T03:22:22.867+0600][20.165s][info][gc,stats    ]     CWR: CLDG Roots                  19 us, workers (us): ---,  19, ---, ---, ---, ---, 
[2026-04-03T03:22:22.867+0600][20.165s][info][gc,stats    ]   Rendezvous                        174 us
[2026-04-03T03:22:22.867+0600][20.165s][info][gc,stats    ] Concurrent Cleanup                  899 us
[2026-04-03T03:22:22.867+0600][20.165s][info][gc,stats    ] Concurrent Class Unloading         3561 us
[2026-04-03T03:22:22.867+0600][20.165s][info][gc,stats    ]   Unlink Stale                     3228 us
[2026-04-03T03:22:22.867+0600][20.165s][info][gc,stats    ]     System Dictionary                85 us
[2026-04-03T03:22:22.867+0600][20.165s][info][gc,stats    ]     Weak Class Links                  1 us
[2026-04-03T03:22:22.867+0600][20.165s][info][gc,stats    ]     Code Roots                     3140 us
[2026-04-03T03:22:22.867+0600][20.165s][info][gc,stats    ]   Rendezvous                        198 us
[2026-04-03T03:22:22.867+0600][20.165s][info][gc,stats    ]   Purge Unlinked                     68 us
[2026-04-03T03:22:22.867+0600][20.165s][info][gc,stats    ]     Code Roots                       60 us
[2026-04-03T03:22:22.867+0600][20.165s][info][gc,stats    ]     CLDG                              8 us
[2026-04-03T03:22:22.867+0600][20.165s][info][gc,stats    ]     Exception Caches                  0 us
[2026-04-03T03:22:22.867+0600][20.165s][info][gc,stats    ] Pause Final Roots (G)               220 us
[2026-04-03T03:22:22.867+0600][20.165s][info][gc,stats    ] Pause Final Roots (N)                30 us
[2026-04-03T03:22:22.867+0600][20.165s][info][gc,stats    ] 
[2026-04-03T03:22:22.867+0600][20.165s][info][gc,stats    ] Allocation pacing accrued:
[2026-04-03T03:22:22.867+0600][20.165s][info][gc,stats    ]       0 of   322 ms (  0.0%): <total>
[2026-04-03T03:22:22.867+0600][20.165s][info][gc,stats    ]       0 of   322 ms (  0.0%): <average total>
[2026-04-03T03:22:22.867+0600][20.165s][info][gc,stats    ] 
[2026-04-03T03:22:22.867+0600][20.165s][info][gc,metaspace] Metaspace: 66480K(67520K)->66480K(67520K) NonClass: 58161K(58752K)->58161K(58752K) Class: 8319K(8768K)->8319K(8768K)
[2026-04-03T03:22:22.867+0600][20.166s][info][gc,ergo     ] Pacer for Idle. Initial: 20480K, Alloc Tax Rate: 1.0x
[2026-04-03T03:22:23.190+0600][20.488s][info][gc          ] Trigger: Average GC time (97.77 ms) is above the time for average allocation rate (2019 MB/s) to deplete free headroom (195M) (margin of error = 1.80)
[2026-04-03T03:22:23.190+0600][20.489s][info][gc,ergo     ] Free headroom: 245M (free) - 51200K (spike) - 0B (penalties) = 195M
[2026-04-03T03:22:23.190+0600][20.489s][info][gc,ergo     ] Free: 245M, Max: 256K regular, 245M humongous, Frag: 0% external, 0% internal; Reserve: 51200K, Max: 256K
[2026-04-03T03:22:23.190+0600][20.489s][info][gc,start    ] GC(17) Concurrent reset
[2026-04-03T03:22:23.190+0600][20.489s][info][gc,task     ] GC(17) Using 3 of 6 workers for concurrent reset
[2026-04-03T03:22:23.190+0600][20.489s][info][gc,ergo     ] GC(17) Pacer for Reset. Non-Taxable: 1000M
[2026-04-03T03:22:23.190+0600][20.489s][info][gc          ] GC(17) Concurrent reset 0.632ms
[2026-04-03T03:22:23.191+0600][20.489s][info][gc,start    ] GC(17) Pause Init Mark (unload classes)
[2026-04-03T03:22:23.191+0600][20.490s][info][gc,task     ] GC(17) Using 6 of 6 workers for init marking
[2026-04-03T03:22:23.191+0600][20.490s][info][gc,ergo     ] GC(17) Pacer for Mark. Expected Live: 32557K, Free: 244M, Non-Taxable: 25011K, Alloc Tax Rate: 0.2x
[2026-04-03T03:22:23.191+0600][20.490s][info][gc          ] GC(17) Pause Init Mark (unload classes) 0.171ms
[2026-04-03T03:22:23.191+0600][20.490s][info][gc,start    ] GC(17) Concurrent marking roots
[2026-04-03T03:22:23.191+0600][20.490s][info][gc,task     ] GC(17) Using 3 of 6 workers for concurrent marking roots
[2026-04-03T03:22:23.191+0600][20.490s][info][gc          ] GC(17) Concurrent marking roots 0.550ms
[2026-04-03T03:22:23.191+0600][20.490s][info][gc,start    ] GC(17) Concurrent marking (unload classes)
[2026-04-03T03:22:23.192+0600][20.490s][info][gc,task     ] GC(17) Using 3 of 6 workers for concurrent marking
[2026-04-03T03:22:23.208+0600][20.507s][info][gc          ] GC(17) Concurrent marking (unload classes) 16.403ms
[2026-04-03T03:22:23.208+0600][20.507s][info][gc,start    ] GC(17) Pause Final Mark (unload classes)
[2026-04-03T03:22:23.208+0600][20.507s][info][gc,task     ] GC(17) Using 6 of 6 workers for final marking
[2026-04-03T03:22:23.208+0600][20.507s][info][gc,ergo     ] GC(17) Collectable Garbage: 666M (99%), Immediate: 666M (99%), CSet: 0B (0%)
[2026-04-03T03:22:23.208+0600][20.507s][info][gc          ] GC(17) Pause Final Mark (unload classes) 0.397ms
[2026-04-03T03:22:23.209+0600][20.507s][info][gc,start    ] GC(17) Concurrent weak references
[2026-04-03T03:22:23.209+0600][20.507s][info][gc,task     ] GC(17) Using 3 of 6 workers for concurrent weak references
[2026-04-03T03:22:23.209+0600][20.508s][info][gc,ref      ] GC(17) Encountered references: Soft: 3188, Weak: 4993, Final: 82, Phantom: 603
[2026-04-03T03:22:23.209+0600][20.508s][info][gc,ref      ] GC(17) Discovered  references: Soft: 0, Weak: 1791, Final: 2, Phantom: 577
[2026-04-03T03:22:23.209+0600][20.508s][info][gc,ref      ] GC(17) Enqueued    references: Soft: 0, Weak: 0, Final: 0, Phantom: 0
[2026-04-03T03:22:23.209+0600][20.508s][info][gc          ] GC(17) Concurrent weak references 0.523ms
[2026-04-03T03:22:23.209+0600][20.508s][info][gc,start    ] GC(17) Concurrent weak roots
[2026-04-03T03:22:23.209+0600][20.508s][info][gc,task     ] GC(17) Using 3 of 6 workers for concurrent weak root
[2026-04-03T03:22:23.211+0600][20.510s][info][gc          ] GC(17) Concurrent weak roots 2.042ms
[2026-04-03T03:22:23.211+0600][20.510s][info][gc,start    ] GC(17) Concurrent cleanup
[2026-04-03T03:22:23.212+0600][20.511s][info][gc          ] GC(17) Concurrent cleanup 725M->59M(730M) 0.743ms
[2026-04-03T03:22:23.212+0600][20.511s][info][gc,ergo     ] GC(17) Free: 889M, Max: 256K regular, 249M humongous, Frag: 72% external, 0% internal; Reserve: 51200K, Max: 256K
[2026-04-03T03:22:23.212+0600][20.511s][info][gc,start    ] GC(17) Concurrent class unloading
[2026-04-03T03:22:23.212+0600][20.511s][info][gc,task     ] GC(17) Using 3 of 6 workers for concurrent class unloading
[2026-04-03T03:22:23.216+0600][20.515s][info][gc          ] GC(17) Concurrent class unloading 4.114ms
[2026-04-03T03:22:23.216+0600][20.515s][info][gc,start    ] GC(17) Pause Final Roots
[2026-04-03T03:22:23.216+0600][20.515s][info][gc          ] GC(17) Pause Final Roots 0.045ms
[2026-04-03T03:22:23.217+0600][20.515s][info][gc,ergo     ] Free: 883M, Max: 256K regular, 249M humongous, Frag: 72% external, 0% internal; Reserve: 51200K, Max: 256K
[2026-04-03T03:22:23.217+0600][20.515s][info][gc,stats    ] 
[2026-04-03T03:22:23.217+0600][20.515s][info][gc,stats    ] All times are wall-clock times, except per-root-class counters, that are sum over
[2026-04-03T03:22:23.217+0600][20.515s][info][gc,stats    ] all workers. Dividing the <total> over the root stage time estimates parallelism.
[2026-04-03T03:22:23.217+0600][20.515s][info][gc,stats    ] 
[2026-04-03T03:22:23.217+0600][20.515s][info][gc,stats    ] Concurrent Reset                    673 us
[2026-04-03T03:22:23.217+0600][20.515s][info][gc,stats    ] Pause Init Mark (G)                 451 us
[2026-04-03T03:22:23.217+0600][20.515s][info][gc,stats    ] Pause Init Mark (N)                 179 us
[2026-04-03T03:22:23.217+0600][20.515s][info][gc,stats    ]   Update Region States               33 us
[2026-04-03T03:22:23.217+0600][20.515s][info][gc,stats    ] Concurrent Mark Roots               580 us, parallelism: 1.44x
[2026-04-03T03:22:23.217+0600][20.515s][info][gc,stats    ]   CMR: <total>                      836 us
[2026-04-03T03:22:23.217+0600][20.515s][info][gc,stats    ]   CMR: Thread Roots                 594 us, workers (us):  56, 270, 269, ---, ---, ---, 
[2026-04-03T03:22:23.217+0600][20.515s][info][gc,stats    ]   CMR: VM Strong Roots               20 us, workers (us):  18,   1,   0, ---, ---, ---, 
[2026-04-03T03:22:23.217+0600][20.515s][info][gc,stats    ]   CMR: CLDG Roots                   222 us, workers (us): 222, ---, ---, ---, ---, ---, 
[2026-04-03T03:22:23.217+0600][20.516s][info][gc,stats    ] Concurrent Marking                16476 us
[2026-04-03T03:22:23.217+0600][20.516s][info][gc,stats    ] Pause Final Mark (G)                601 us
[2026-04-03T03:22:23.217+0600][20.516s][info][gc,stats    ] Pause Final Mark (N)                411 us
[2026-04-03T03:22:23.217+0600][20.516s][info][gc,stats    ]   Finish Mark                       137 us
[2026-04-03T03:22:23.217+0600][20.516s][info][gc,stats    ]   Update Region States               57 us
[2026-04-03T03:22:23.217+0600][20.516s][info][gc,stats    ]   Choose Collection Set              86 us
[2026-04-03T03:22:23.217+0600][20.516s][info][gc,stats    ]   Rebuild Free Set                   43 us
[2026-04-03T03:22:23.217+0600][20.516s][info][gc,stats    ] Concurrent Weak References          536 us, parallelism: 0.80x
[2026-04-03T03:22:23.217+0600][20.516s][info][gc,stats    ]   CWRF: <total>                     430 us
[2026-04-03T03:22:23.217+0600][20.516s][info][gc,stats    ]   CWRF: Weak References             430 us, workers (us): 360,  69,   1, ---, ---, ---, 
[2026-04-03T03:22:23.217+0600][20.516s][info][gc,stats    ] Concurrent Weak Roots              2105 us
[2026-04-03T03:22:23.217+0600][20.516s][info][gc,stats    ]   Roots                            1773 us, parallelism: 2.42x
[2026-04-03T03:22:23.217+0600][20.516s][info][gc,stats    ]     CWR: <total>                   4281 us
[2026-04-03T03:22:23.217+0600][20.516s][info][gc,stats    ]     CWR: Code Cache Roots          3010 us, workers (us): 987, 895, 1127, ---, ---, ---, 
[2026-04-03T03:22:23.217+0600][20.516s][info][gc,stats    ]     CWR: VM Weak Roots             1237 us, workers (us): 442, 407, 388, ---, ---, ---, 
[2026-04-03T03:22:23.217+0600][20.516s][info][gc,stats    ]     CWR: CLDG Roots                  34 us, workers (us): ---,  34, ---, ---, ---, ---, 
[2026-04-03T03:22:23.217+0600][20.516s][info][gc,stats    ]   Rendezvous                        240 us
[2026-04-03T03:22:23.217+0600][20.516s][info][gc,stats    ] Concurrent Cleanup                  764 us
[2026-04-03T03:22:23.217+0600][20.516s][info][gc,stats    ] Concurrent Class Unloading         4180 us
[2026-04-03T03:22:23.217+0600][20.516s][info][gc,stats    ]   Unlink Stale                     3853 us
[2026-04-03T03:22:23.217+0600][20.516s][info][gc,stats    ]     System Dictionary                63 us
[2026-04-03T03:22:23.217+0600][20.516s][info][gc,stats    ]     Weak Class Links                  0 us
[2026-04-03T03:22:23.217+0600][20.516s][info][gc,stats    ]     Code Roots                     3786 us
[2026-04-03T03:22:23.217+0600][20.516s][info][gc,stats    ]   Rendezvous                        106 us
[2026-04-03T03:22:23.217+0600][20.516s][info][gc,stats    ]   Purge Unlinked                    125 us
[2026-04-03T03:22:23.217+0600][20.516s][info][gc,stats    ]     Code Roots                      118 us
[2026-04-03T03:22:23.217+0600][20.516s][info][gc,stats    ]     CLDG                              6 us
[2026-04-03T03:22:23.217+0600][20.516s][info][gc,stats    ]     Exception Caches                  0 us
[2026-04-03T03:22:23.217+0600][20.516s][info][gc,stats    ] Pause Final Roots (G)               194 us
[2026-04-03T03:22:23.217+0600][20.516s][info][gc,stats    ] Pause Final Roots (N)                59 us
[2026-04-03T03:22:23.217+0600][20.516s][info][gc,stats    ] 
[2026-04-03T03:22:23.217+0600][20.516s][info][gc,stats    ] Allocation pacing accrued:
[2026-04-03T03:22:23.217+0600][20.516s][info][gc,stats    ]       0 of   350 ms (  0.0%): <total>
[2026-04-03T03:22:23.217+0600][20.516s][info][gc,stats    ]       0 of   350 ms (  0.0%): <average total>
[2026-04-03T03:22:23.217+0600][20.516s][info][gc,stats    ] 
[2026-04-03T03:22:23.217+0600][20.516s][info][gc,metaspace] Metaspace: 66482K(67520K)->66482K(67520K) NonClass: 58163K(58752K)->58163K(58752K) Class: 8319K(8768K)->8319K(8768K)
[2026-04-03T03:22:23.217+0600][20.516s][info][gc,ergo     ] Pacer for Idle. Initial: 20480K, Alloc Tax Rate: 1.0x
[2026-04-03T03:22:23.569+0600][20.868s][info][gc          ] Trigger: Average GC time (77.31 ms) is above the time for average allocation rate (1987 MB/s) to deplete free headroom (152M) (margin of error = 1.80)
[2026-04-03T03:22:23.569+0600][20.868s][info][gc,ergo     ] Free headroom: 202M (free) - 51200K (spike) - 0B (penalties) = 152M
[2026-04-03T03:22:23.569+0600][20.868s][info][gc,ergo     ] Free: 202M, Max: 256K regular, 202M humongous, Frag: 0% external, 0% internal; Reserve: 51200K, Max: 256K
[2026-04-03T03:22:23.569+0600][20.868s][info][gc,start    ] GC(18) Concurrent reset
[2026-04-03T03:22:23.569+0600][20.868s][info][gc,task     ] GC(18) Using 3 of 6 workers for concurrent reset
[2026-04-03T03:22:23.569+0600][20.868s][info][gc,ergo     ] GC(18) Pacer for Reset. Non-Taxable: 1000M
[2026-04-03T03:22:23.570+0600][20.869s][info][gc          ] GC(18) Concurrent reset 0.627ms
[2026-04-03T03:22:23.570+0600][20.869s][info][gc,start    ] GC(18) Pause Init Mark (unload classes)
[2026-04-03T03:22:23.570+0600][20.869s][info][gc,task     ] GC(18) Using 6 of 6 workers for init marking
[2026-04-03T03:22:23.570+0600][20.869s][info][gc,ergo     ] GC(18) Pacer for Mark. Expected Live: 32558K, Free: 201M, Non-Taxable: 20659K, Alloc Tax Rate: 0.2x
[2026-04-03T03:22:23.570+0600][20.869s][info][gc          ] GC(18) Pause Init Mark (unload classes) 0.118ms
[2026-04-03T03:22:23.570+0600][20.869s][info][gc,start    ] GC(18) Concurrent marking roots
[2026-04-03T03:22:23.570+0600][20.869s][info][gc,task     ] GC(18) Using 3 of 6 workers for concurrent marking roots
[2026-04-03T03:22:23.571+0600][20.869s][info][gc          ] GC(18) Concurrent marking roots 0.592ms
[2026-04-03T03:22:23.571+0600][20.870s][info][gc,start    ] GC(18) Concurrent marking (unload classes)
[2026-04-03T03:22:23.571+0600][20.870s][info][gc,task     ] GC(18) Using 3 of 6 workers for concurrent marking
[2026-04-03T03:22:23.586+0600][20.885s][info][gc          ] GC(18) Concurrent marking (unload classes) 15.723ms
[2026-04-03T03:22:23.587+0600][20.885s][info][gc,start    ] GC(18) Pause Final Mark (unload classes)
[2026-04-03T03:22:23.587+0600][20.886s][info][gc,task     ] GC(18) Using 6 of 6 workers for final marking
[2026-04-03T03:22:23.587+0600][20.886s][info][gc,ergo     ] GC(18) Collectable Garbage: 708M (99%), Immediate: 708M (99%), CSet: 0B (0%)
[2026-04-03T03:22:23.587+0600][20.886s][info][gc          ] GC(18) Pause Final Mark (unload classes) 0.425ms
[2026-04-03T03:22:23.587+0600][20.886s][info][gc,start    ] GC(18) Concurrent weak references
[2026-04-03T03:22:23.587+0600][20.886s][info][gc,task     ] GC(18) Using 3 of 6 workers for concurrent weak references
[2026-04-03T03:22:23.587+0600][20.886s][info][gc,ref      ] GC(18) Encountered references: Soft: 3188, Weak: 4993, Final: 82, Phantom: 603
[2026-04-03T03:22:23.587+0600][20.886s][info][gc,ref      ] GC(18) Discovered  references: Soft: 0, Weak: 652, Final: 0, Phantom: 577
[2026-04-03T03:22:23.587+0600][20.886s][info][gc,ref      ] GC(18) Enqueued    references: Soft: 0, Weak: 0, Final: 0, Phantom: 0
[2026-04-03T03:22:23.587+0600][20.886s][info][gc          ] GC(18) Concurrent weak references 0.212ms
[2026-04-03T03:22:23.587+0600][20.886s][info][gc,start    ] GC(18) Concurrent weak roots
[2026-04-03T03:22:23.587+0600][20.886s][info][gc,task     ] GC(18) Using 3 of 6 workers for concurrent weak root
[2026-04-03T03:22:23.589+0600][20.888s][info][gc          ] GC(18) Concurrent weak roots 1.932ms
[2026-04-03T03:22:23.589+0600][20.888s][info][gc,start    ] GC(18) Concurrent cleanup
[2026-04-03T03:22:23.590+0600][20.889s][info][gc          ] GC(18) Concurrent cleanup 766M->59M(771M) 0.754ms
[2026-04-03T03:22:23.590+0600][20.889s][info][gc,ergo     ] GC(18) Free: 889M, Max: 256K regular, 249M humongous, Frag: 72% external, 0% internal; Reserve: 51200K, Max: 256K
[2026-04-03T03:22:23.590+0600][20.889s][info][gc,start    ] GC(18) Concurrent class unloading
[2026-04-03T03:22:23.590+0600][20.889s][info][gc,task     ] GC(18) Using 3 of 6 workers for concurrent class unloading
[2026-04-03T03:22:23.594+0600][20.893s][info][gc          ] GC(18) Concurrent class unloading 3.770ms
[2026-04-03T03:22:23.594+0600][20.893s][info][gc,start    ] GC(18) Pause Final Roots
[2026-04-03T03:22:23.594+0600][20.893s][info][gc          ] GC(18) Pause Final Roots 0.031ms
[2026-04-03T03:22:23.594+0600][20.893s][info][gc,ergo     ] Free: 884M, Max: 256K regular, 249M humongous, Frag: 72% external, 0% internal; Reserve: 51200K, Max: 256K
[2026-04-03T03:22:23.595+0600][20.893s][info][gc,stats    ] 
[2026-04-03T03:22:23.595+0600][20.893s][info][gc,stats    ] All times are wall-clock times, except per-root-class counters, that are sum over
[2026-04-03T03:22:23.595+0600][20.893s][info][gc,stats    ] all workers. Dividing the <total> over the root stage time estimates parallelism.
[2026-04-03T03:22:23.595+0600][20.893s][info][gc,stats    ] 
[2026-04-03T03:22:23.595+0600][20.893s][info][gc,stats    ] Concurrent Reset                    664 us
[2026-04-03T03:22:23.595+0600][20.893s][info][gc,stats    ] Pause Init Mark (G)                 322 us
[2026-04-03T03:22:23.595+0600][20.893s][info][gc,stats    ] Pause Init Mark (N)                 126 us
[2026-04-03T03:22:23.595+0600][20.893s][info][gc,stats    ]   Update Region States               30 us
[2026-04-03T03:22:23.595+0600][20.893s][info][gc,stats    ] Concurrent Mark Roots               640 us, parallelism: 1.28x
[2026-04-03T03:22:23.595+0600][20.893s][info][gc,stats    ]   CMR: <total>                      820 us
[2026-04-03T03:22:23.595+0600][20.893s][info][gc,stats    ]   CMR: Thread Roots                 645 us, workers (us): 139, 292, 214, ---, ---, ---, 
[2026-04-03T03:22:23.595+0600][20.893s][info][gc,stats    ]   CMR: VM Strong Roots               22 us, workers (us):  12,  10,   1, ---, ---, ---, 
[2026-04-03T03:22:23.595+0600][20.893s][info][gc,stats    ]   CMR: CLDG Roots                   153 us, workers (us): 153, ---, ---, ---, ---, ---, 
[2026-04-03T03:22:23.595+0600][20.893s][info][gc,stats    ] Concurrent Marking                15796 us
[2026-04-03T03:22:23.595+0600][20.893s][info][gc,stats    ] Pause Final Mark (G)                698 us
[2026-04-03T03:22:23.595+0600][20.893s][info][gc,stats    ] Pause Final Mark (N)                440 us
[2026-04-03T03:22:23.595+0600][20.894s][info][gc,stats    ]   Finish Mark                       130 us
[2026-04-03T03:22:23.595+0600][20.894s][info][gc,stats    ]   Update Region States               81 us
[2026-04-03T03:22:23.595+0600][20.894s][info][gc,stats    ]   Choose Collection Set              92 us
[2026-04-03T03:22:23.595+0600][20.894s][info][gc,stats    ]   Rebuild Free Set                   35 us
[2026-04-03T03:22:23.595+0600][20.894s][info][gc,stats    ] Concurrent Weak References          226 us, parallelism: 0.54x
[2026-04-03T03:22:23.595+0600][20.894s][info][gc,stats    ]   CWRF: <total>                     123 us
[2026-04-03T03:22:23.595+0600][20.894s][info][gc,stats    ]   CWRF: Weak References             123 us, workers (us):  80,  41,   1, ---, ---, ---, 
[2026-04-03T03:22:23.595+0600][20.894s][info][gc,stats    ] Concurrent Weak Roots              1989 us
[2026-04-03T03:22:23.595+0600][20.894s][info][gc,stats    ]   Roots                            1775 us, parallelism: 2.44x
[2026-04-03T03:22:23.595+0600][20.894s][info][gc,stats    ]     CWR: <total>                   4335 us
[2026-04-03T03:22:23.595+0600][20.894s][info][gc,stats    ]     CWR: Code Cache Roots          3080 us, workers (us): 990, 972, 1118, ---, ---, ---, 
[2026-04-03T03:22:23.595+0600][20.894s][info][gc,stats    ]     CWR: VM Weak Roots             1220 us, workers (us): 420, 420, 380, ---, ---, ---, 
[2026-04-03T03:22:23.595+0600][20.894s][info][gc,stats    ]     CWR: CLDG Roots                  35 us, workers (us): ---, ---,  35, ---, ---, ---, 
[2026-04-03T03:22:23.595+0600][20.894s][info][gc,stats    ]   Rendezvous                        132 us
[2026-04-03T03:22:23.595+0600][20.894s][info][gc,stats    ] Concurrent Cleanup                  775 us
[2026-04-03T03:22:23.595+0600][20.894s][info][gc,stats    ] Concurrent Class Unloading         3825 us
[2026-04-03T03:22:23.595+0600][20.894s][info][gc,stats    ]   Unlink Stale                     3459 us
[2026-04-03T03:22:23.595+0600][20.894s][info][gc,stats    ]     System Dictionary                63 us
[2026-04-03T03:22:23.595+0600][20.894s][info][gc,stats    ]     Weak Class Links                  0 us
[2026-04-03T03:22:23.595+0600][20.894s][info][gc,stats    ]     Code Roots                     3392 us
[2026-04-03T03:22:23.595+0600][20.894s][info][gc,stats    ]   Rendezvous                        183 us
[2026-04-03T03:22:23.595+0600][20.894s][info][gc,stats    ]   Purge Unlinked                     98 us
[2026-04-03T03:22:23.595+0600][20.894s][info][gc,stats    ]     Code Roots                       91 us
[2026-04-03T03:22:23.595+0600][20.894s][info][gc,stats    ]     CLDG                              6 us
[2026-04-03T03:22:23.595+0600][20.894s][info][gc,stats    ]     Exception Caches                  0 us
[2026-04-03T03:22:23.595+0600][20.894s][info][gc,stats    ] Pause Final Roots (G)               307 us
[2026-04-03T03:22:23.595+0600][20.894s][info][gc,stats    ] Pause Final Roots (N)                47 us
[2026-04-03T03:22:23.595+0600][20.894s][info][gc,stats    ] 
[2026-04-03T03:22:23.595+0600][20.894s][info][gc,stats    ] Allocation pacing accrued:
[2026-04-03T03:22:23.595+0600][20.894s][info][gc,stats    ]       0 of   378 ms (  0.0%): <total>
[2026-04-03T03:22:23.595+0600][20.894s][info][gc,stats    ]       0 of   378 ms (  0.0%): <average total>
[2026-04-03T03:22:23.595+0600][20.894s][info][gc,stats    ] 
[2026-04-03T03:22:23.595+0600][20.894s][info][gc,metaspace] Metaspace: 66482K(67520K)->66482K(67520K) NonClass: 58163K(58752K)->58163K(58752K) Class: 8319K(8768K)->8319K(8768K)
[2026-04-03T03:22:23.595+0600][20.894s][info][gc,ergo     ] Pacer for Idle. Initial: 20480K, Alloc Tax Rate: 1.0x
[2026-04-03T03:22:23.963+0600][21.262s][info][gc          ] Trigger: Average GC time (61.99 ms) is above the time for average allocation rate (1971 MB/s) to deplete free headroom (121M) (margin of error = 1.80)
[2026-04-03T03:22:23.963+0600][21.262s][info][gc,ergo     ] Free headroom: 171M (free) - 51200K (spike) - 0B (penalties) = 121M
[2026-04-03T03:22:23.963+0600][21.262s][info][gc,ergo     ] Free: 171M, Max: 256K regular, 171M humongous, Frag: 0% external, 0% internal; Reserve: 51200K, Max: 256K
[2026-04-03T03:22:23.963+0600][21.262s][info][gc,start    ] GC(19) Concurrent reset
[2026-04-03T03:22:23.963+0600][21.262s][info][gc,task     ] GC(19) Using 3 of 6 workers for concurrent reset
[2026-04-03T03:22:23.963+0600][21.262s][info][gc,ergo     ] GC(19) Pacer for Reset. Non-Taxable: 1000M
[2026-04-03T03:22:23.964+0600][21.263s][info][gc          ] GC(19) Concurrent reset 0.644ms
[2026-04-03T03:22:23.964+0600][21.263s][info][gc,start    ] GC(19) Pause Init Mark (unload classes)
[2026-04-03T03:22:23.964+0600][21.263s][info][gc,task     ] GC(19) Using 6 of 6 workers for init marking
[2026-04-03T03:22:23.964+0600][21.263s][info][gc,ergo     ] GC(19) Pacer for Mark. Expected Live: 32558K, Free: 170M, Non-Taxable: 17433K, Alloc Tax Rate: 0.2x
[2026-04-03T03:22:23.964+0600][21.263s][info][gc          ] GC(19) Pause Init Mark (unload classes) 0.116ms
[2026-04-03T03:22:23.964+0600][21.263s][info][gc,start    ] GC(19) Concurrent marking roots
[2026-04-03T03:22:23.964+0600][21.263s][info][gc,task     ] GC(19) Using 3 of 6 workers for concurrent marking roots
[2026-04-03T03:22:23.965+0600][21.263s][info][gc          ] GC(19) Concurrent marking roots 0.545ms
[2026-04-03T03:22:23.965+0600][21.263s][info][gc,start    ] GC(19) Concurrent marking (unload classes)
[2026-04-03T03:22:23.965+0600][21.264s][info][gc,task     ] GC(19) Using 3 of 6 workers for concurrent marking
[2026-04-03T03:22:23.978+0600][21.277s][info][gc          ] GC(19) Concurrent marking (unload classes) 13.316ms
[2026-04-03T03:22:23.978+0600][21.277s][info][gc,start    ] GC(19) Pause Final Mark (unload classes)
[2026-04-03T03:22:23.978+0600][21.277s][info][gc,task     ] GC(19) Using 6 of 6 workers for final marking
[2026-04-03T03:22:23.979+0600][21.277s][info][gc,ergo     ] GC(19) Collectable Garbage: 740M (99%), Immediate: 740M (99%), CSet: 0B (0%)
[2026-04-03T03:22:23.979+0600][21.278s][info][gc          ] GC(19) Pause Final Mark (unload classes) 0.419ms
[2026-04-03T03:22:23.979+0600][21.278s][info][gc,start    ] GC(19) Concurrent weak references
[2026-04-03T03:22:23.979+0600][21.278s][info][gc,task     ] GC(19) Using 3 of 6 workers for concurrent weak references
[2026-04-03T03:22:23.979+0600][21.278s][info][gc,ref      ] GC(19) Encountered references: Soft: 3188, Weak: 4993, Final: 82, Phantom: 603
[2026-04-03T03:22:23.979+0600][21.278s][info][gc,ref      ] GC(19) Discovered  references: Soft: 0, Weak: 1866, Final: 0, Phantom: 577
[2026-04-03T03:22:23.979+0600][21.278s][info][gc,ref      ] GC(19) Enqueued    references: Soft: 0, Weak: 0, Final: 0, Phantom: 0
[2026-04-03T03:22:23.979+0600][21.278s][info][gc          ] GC(19) Concurrent weak references 0.377ms
[2026-04-03T03:22:23.979+0600][21.278s][info][gc,start    ] GC(19) Concurrent weak roots
[2026-04-03T03:22:23.979+0600][21.278s][info][gc,task     ] GC(19) Using 3 of 6 workers for concurrent weak root
[2026-04-03T03:22:23.981+0600][21.279s][info][gc          ] GC(19) Concurrent weak roots 1.321ms
[2026-04-03T03:22:23.981+0600][21.279s][info][gc,start    ] GC(19) Concurrent cleanup
[2026-04-03T03:22:23.982+0600][21.280s][info][gc          ] GC(19) Concurrent cleanup 793M->54M(798M) 1.039ms
[2026-04-03T03:22:23.982+0600][21.281s][info][gc,ergo     ] GC(19) Free: 894M, Max: 256K regular, 249M humongous, Frag: 73% external, 0% internal; Reserve: 51200K, Max: 256K
[2026-04-03T03:22:23.982+0600][21.281s][info][gc,start    ] GC(19) Concurrent class unloading
[2026-04-03T03:22:23.982+0600][21.281s][info][gc,task     ] GC(19) Using 3 of 6 workers for concurrent class unloading
[2026-04-03T03:22:23.986+0600][21.284s][info][gc          ] GC(19) Concurrent class unloading 3.890ms
[2026-04-03T03:22:23.986+0600][21.285s][info][gc,start    ] GC(19) Pause Final Roots
[2026-04-03T03:22:23.986+0600][21.285s][info][gc          ] GC(19) Pause Final Roots 0.035ms
[2026-04-03T03:22:23.986+0600][21.285s][info][gc,ergo     ] Free: 887M, Max: 256K regular, 249M humongous, Frag: 72% external, 0% internal; Reserve: 51200K, Max: 256K
[2026-04-03T03:22:23.986+0600][21.285s][info][gc,stats    ] 
[2026-04-03T03:22:23.986+0600][21.285s][info][gc,stats    ] All times are wall-clock times, except per-root-class counters, that are sum over
[2026-04-03T03:22:23.986+0600][21.285s][info][gc,stats    ] all workers. Dividing the <total> over the root stage time estimates parallelism.
[2026-04-03T03:22:23.986+0600][21.285s][info][gc,stats    ] 
[2026-04-03T03:22:23.986+0600][21.285s][info][gc,stats    ] Concurrent Reset                    678 us
[2026-04-03T03:22:23.986+0600][21.285s][info][gc,stats    ] Pause Init Mark (G)                 354 us
[2026-04-03T03:22:23.986+0600][21.285s][info][gc,stats    ] Pause Init Mark (N)                 126 us
[2026-04-03T03:22:23.986+0600][21.285s][info][gc,stats    ]   Update Region States               26 us
[2026-04-03T03:22:23.986+0600][21.285s][info][gc,stats    ] Concurrent Mark Roots               587 us, parallelism: 1.41x
[2026-04-03T03:22:23.986+0600][21.285s][info][gc,stats    ]   CMR: <total>                      829 us
[2026-04-03T03:22:23.986+0600][21.285s][info][gc,stats    ]   CMR: Thread Roots                 650 us, workers (us): 268, 269, 113, ---, ---, ---, 
[2026-04-03T03:22:23.986+0600][21.285s][info][gc,stats    ]   CMR: VM Strong Roots               24 us, workers (us):  17,   6,   1, ---, ---, ---, 
[2026-04-03T03:22:23.986+0600][21.285s][info][gc,stats    ]   CMR: CLDG Roots                   155 us, workers (us): ---, ---, 155, ---, ---, ---, 
[2026-04-03T03:22:23.986+0600][21.285s][info][gc,stats    ] Concurrent Marking                13396 us
[2026-04-03T03:22:23.986+0600][21.285s][info][gc,stats    ] Pause Final Mark (G)                769 us
[2026-04-03T03:22:23.986+0600][21.285s][info][gc,stats    ] Pause Final Mark (N)                430 us
[2026-04-03T03:22:23.986+0600][21.285s][info][gc,stats    ]   Finish Mark                       118 us
[2026-04-03T03:22:23.986+0600][21.285s][info][gc,stats    ]   Update Region States               62 us
[2026-04-03T03:22:23.986+0600][21.285s][info][gc,stats    ]   Choose Collection Set              91 us
[2026-04-03T03:22:23.986+0600][21.285s][info][gc,stats    ]   Rebuild Free Set                   55 us
[2026-04-03T03:22:23.986+0600][21.285s][info][gc,stats    ] Concurrent Weak References          389 us, parallelism: 0.68x
[2026-04-03T03:22:23.986+0600][21.285s][info][gc,stats    ]   CWRF: <total>                     264 us
[2026-04-03T03:22:23.986+0600][21.285s][info][gc,stats    ]   CWRF: Weak References             264 us, workers (us):  65,  31, 168, ---, ---, ---, 
[2026-04-03T03:22:23.986+0600][21.285s][info][gc,stats    ] Concurrent Weak Roots              1372 us
[2026-04-03T03:22:23.986+0600][21.285s][info][gc,stats    ]   Roots                            1195 us, parallelism: 2.37x
[2026-04-03T03:22:23.987+0600][21.285s][info][gc,stats    ]     CWR: <total>                   2835 us
[2026-04-03T03:22:23.987+0600][21.285s][info][gc,stats    ]     CWR: Code Cache Roots          1862 us, workers (us): 589, 598, 674, ---, ---, ---, 
[2026-04-03T03:22:23.987+0600][21.285s][info][gc,stats    ]     CWR: VM Weak Roots              909 us, workers (us): 318, 309, 283, ---, ---, ---, 
[2026-04-03T03:22:23.987+0600][21.285s][info][gc,stats    ]     CWR: CLDG Roots                  64 us, workers (us): ---,  64, ---, ---, ---, ---, 
[2026-04-03T03:22:23.987+0600][21.285s][info][gc,stats    ]   Rendezvous                         80 us
[2026-04-03T03:22:23.987+0600][21.285s][info][gc,stats    ] Concurrent Cleanup                 1097 us
[2026-04-03T03:22:23.987+0600][21.285s][info][gc,stats    ] Concurrent Class Unloading         3973 us
[2026-04-03T03:22:23.987+0600][21.285s][info][gc,stats    ]   Unlink Stale                     3528 us
[2026-04-03T03:22:23.987+0600][21.285s][info][gc,stats    ]     System Dictionary                47 us
[2026-04-03T03:22:23.987+0600][21.285s][info][gc,stats    ]     Weak Class Links                  0 us
[2026-04-03T03:22:23.987+0600][21.285s][info][gc,stats    ]     Code Roots                     3476 us
[2026-04-03T03:22:23.987+0600][21.285s][info][gc,stats    ]   Rendezvous                        211 us
[2026-04-03T03:22:23.987+0600][21.285s][info][gc,stats    ]   Purge Unlinked                    130 us
[2026-04-03T03:22:23.987+0600][21.285s][info][gc,stats    ]     Code Roots                      123 us
[2026-04-03T03:22:23.987+0600][21.285s][info][gc,stats    ]     CLDG                              6 us
[2026-04-03T03:22:23.987+0600][21.285s][info][gc,stats    ]     Exception Caches                  0 us
[2026-04-03T03:22:23.987+0600][21.285s][info][gc,stats    ] Pause Final Roots (G)               337 us
[2026-04-03T03:22:23.987+0600][21.285s][info][gc,stats    ] Pause Final Roots (N)                56 us
[2026-04-03T03:22:23.987+0600][21.285s][info][gc,stats    ] 
[2026-04-03T03:22:23.987+0600][21.285s][info][gc,stats    ] Allocation pacing accrued:
[2026-04-03T03:22:23.987+0600][21.285s][info][gc,stats    ]       0 of   392 ms (  0.0%): <total>
[2026-04-03T03:22:23.987+0600][21.286s][info][gc,stats    ]       0 of   392 ms (  0.0%): <average total>
[2026-04-03T03:22:23.987+0600][21.286s][info][gc,stats    ] 
[2026-04-03T03:22:23.987+0600][21.286s][info][gc,metaspace] Metaspace: 66482K(67520K)->66482K(67520K) NonClass: 58163K(58752K)->58163K(58752K) Class: 8319K(8768K)->8319K(8768K)
[2026-04-03T03:22:23.987+0600][21.286s][info][gc,ergo     ] Pacer for Idle. Initial: 20480K, Alloc Tax Rate: 1.0x
[2026-04-03T03:22:26.040+0600][23.339s][info][gc          ] Trigger: Free (102144K) is below minimum threshold (100M)
[2026-04-03T03:22:26.040+0600][23.339s][info][gc,ergo     ] Free: 101632K, Max: 256K regular, 101632K humongous, Frag: 0% external, 0% internal; Reserve: 51200K, Max: 256K
[2026-04-03T03:22:26.040+0600][23.339s][info][gc,start    ] GC(20) Concurrent reset
[2026-04-03T03:22:26.040+0600][23.339s][info][gc,task     ] GC(20) Using 3 of 6 workers for concurrent reset
[2026-04-03T03:22:26.040+0600][23.339s][info][gc,ergo     ] GC(20) Pacer for Reset. Non-Taxable: 1000M
[2026-04-03T03:22:26.041+0600][23.340s][info][gc          ] GC(20) Concurrent reset 0.638ms
[2026-04-03T03:22:26.041+0600][23.340s][info][gc,start    ] GC(20) Pause Init Mark (unload classes)
[2026-04-03T03:22:26.041+0600][23.340s][info][gc,task     ] GC(20) Using 6 of 6 workers for init marking
[2026-04-03T03:22:26.041+0600][23.340s][info][gc,ergo     ] GC(20) Pacer for Mark. Expected Live: 32562K, Free: 101632K, Non-Taxable: 10163K, Alloc Tax Rate: 0.4x
[2026-04-03T03:22:26.041+0600][23.340s][info][gc          ] GC(20) Pause Init Mark (unload classes) 0.129ms
[2026-04-03T03:22:26.041+0600][23.340s][info][gc,start    ] GC(20) Concurrent marking roots
[2026-04-03T03:22:26.041+0600][23.340s][info][gc,task     ] GC(20) Using 3 of 6 workers for concurrent marking roots
[2026-04-03T03:22:26.043+0600][23.342s][info][gc          ] GC(20) Concurrent marking roots 1.487ms
[2026-04-03T03:22:26.043+0600][23.342s][info][gc,start    ] GC(20) Concurrent marking (unload classes)
[2026-04-03T03:22:26.043+0600][23.342s][info][gc,task     ] GC(20) Using 3 of 6 workers for concurrent marking
[2026-04-03T03:22:26.196+0600][23.494s][info][gc          ] GC(20) Concurrent marking (unload classes) 152.766ms
[2026-04-03T03:22:26.196+0600][23.495s][info][gc,start    ] GC(20) Pause Final Mark (unload classes)
[2026-04-03T03:22:26.196+0600][23.495s][info][gc,task     ] GC(20) Using 6 of 6 workers for final marking
[2026-04-03T03:22:26.197+0600][23.495s][info][gc,ergo     ] GC(20) Adaptive CSet Selection. Target Free: 141M, Actual Free: 437M, Max CSet: 42666K, Min Garbage: 0B
[2026-04-03T03:22:26.197+0600][23.496s][info][gc,ergo     ] GC(20) Collectable Garbage: 653M (88%), Immediate: 329M (44%), CSet: 323M (43%)
[2026-04-03T03:22:26.197+0600][23.496s][info][gc,ergo     ] GC(20) Pacer for Evacuation. Used CSet: 365M, Free: 390M, Non-Taxable: 40013K, Alloc Tax Rate: 2.3x
[2026-04-03T03:22:26.197+0600][23.496s][info][gc          ] GC(20) Pause Final Mark (unload classes) 1.228ms
[2026-04-03T03:22:26.197+0600][23.496s][info][gc,start    ] GC(20) Concurrent thread roots
[2026-04-03T03:22:26.198+0600][23.496s][info][gc,task     ] GC(20) Using 3 of 6 workers for Concurrent thread roots
[2026-04-03T03:22:26.198+0600][23.497s][info][gc          ] GC(20) Concurrent thread roots 0.695ms
[2026-04-03T03:22:26.198+0600][23.497s][info][gc,start    ] GC(20) Concurrent weak references
[2026-04-03T03:22:26.198+0600][23.497s][info][gc,task     ] GC(20) Using 3 of 6 workers for concurrent weak references
[2026-04-03T03:22:26.199+0600][23.498s][info][gc,ref      ] GC(20) Encountered references: Soft: 3316, Weak: 6108, Final: 82, Phantom: 596
[2026-04-03T03:22:26.199+0600][23.498s][info][gc,ref      ] GC(20) Discovered  references: Soft: 0, Weak: 1598, Final: 0, Phantom: 593
[2026-04-03T03:22:26.199+0600][23.498s][info][gc,ref      ] GC(20) Enqueued    references: Soft: 0, Weak: 492, Final: 0, Phantom: 0
[2026-04-03T03:22:26.199+0600][23.498s][info][gc          ] GC(20) Concurrent weak references 0.580ms
[2026-04-03T03:22:26.199+0600][23.498s][info][gc,start    ] GC(20) Concurrent weak roots
[2026-04-03T03:22:26.199+0600][23.498s][info][gc,task     ] GC(20) Using 3 of 6 workers for concurrent weak root
[2026-04-03T03:22:26.201+0600][23.500s][info][gc          ] GC(20) Concurrent weak roots 2.108ms
[2026-04-03T03:22:26.201+0600][23.500s][info][gc,start    ] GC(20) Concurrent cleanup
[2026-04-03T03:22:26.202+0600][23.500s][info][gc          ] GC(20) Concurrent cleanup 888M->558M(897M) 0.623ms
[2026-04-03T03:22:26.202+0600][23.500s][info][gc,ergo     ] GC(20) Free: 389M, Max: 256K regular, 57088K humongous, Frag: 86% external, 0% internal; Reserve: 50988K, Max: 256K
[2026-04-03T03:22:26.202+0600][23.501s][info][gc,start    ] GC(20) Concurrent class unloading
[2026-04-03T03:22:26.202+0600][23.501s][info][gc,task     ] GC(20) Using 3 of 6 workers for concurrent class unloading
[2026-04-03T03:22:26.231+0600][23.529s][info][gc          ] GC(20) Concurrent class unloading 28.859ms
[2026-04-03T03:22:26.231+0600][23.530s][info][gc,start    ] GC(20) Concurrent strong roots
[2026-04-03T03:22:26.231+0600][23.530s][info][gc,task     ] GC(20) Using 3 of 6 workers for concurrent strong root
[2026-04-03T03:22:26.232+0600][23.530s][info][gc          ] GC(20) Concurrent strong roots 0.811ms
[2026-04-03T03:22:26.232+0600][23.530s][info][gc,start    ] GC(20) Concurrent evacuation
[2026-04-03T03:22:26.232+0600][23.530s][info][gc,task     ] GC(20) Using 3 of 6 workers for concurrent evacuation
[2026-04-03T03:22:26.287+0600][23.586s][info][gc          ] GC(20) Concurrent evacuation 55.595ms
[2026-04-03T03:22:26.288+0600][23.586s][info][gc,start    ] GC(20) Pause Init Update Refs
[2026-04-03T03:22:26.288+0600][23.587s][info][gc,ergo     ] GC(20) Pacer for Update Refs. Used: 627M, Free: 362M, Non-Taxable: 37119K, Alloc Tax Rate: 2.1x
[2026-04-03T03:22:26.288+0600][23.587s][info][gc          ] GC(20) Pause Init Update Refs 0.201ms
[2026-04-03T03:22:26.288+0600][23.587s][info][gc,start    ] GC(20) Concurrent update references
[2026-04-03T03:22:26.288+0600][23.587s][info][gc,task     ] GC(20) Using 3 of 6 workers for concurrent reference update
[2026-04-03T03:22:26.380+0600][23.679s][info][gc          ] GC(20) Concurrent update references 92.304ms
[2026-04-03T03:22:26.380+0600][23.679s][info][gc,start    ] GC(20) Concurrent update thread roots
[2026-04-03T03:22:26.381+0600][23.680s][info][gc          ] GC(20) Concurrent update thread roots 1.143ms
[2026-04-03T03:22:26.382+0600][23.681s][info][gc,start    ] GC(20) Pause Final Update Refs
[2026-04-03T03:22:26.382+0600][23.681s][info][gc,task     ] GC(20) Using 6 of 6 workers for final reference update
[2026-04-03T03:22:26.382+0600][23.681s][info][gc          ] GC(20) Pause Final Update Refs 0.391ms
[2026-04-03T03:22:26.382+0600][23.681s][info][gc,start    ] GC(20) Concurrent cleanup
[2026-04-03T03:22:26.383+0600][23.682s][info][gc          ] GC(20) Concurrent cleanup 659M->295M(936M) 1.086ms
[2026-04-03T03:22:26.384+0600][23.682s][info][gc,ergo     ] Free: 652M, Max: 256K regular, 241M humongous, Frag: 63% external, 0% internal; Reserve: 51200K, Max: 256K
[2026-04-03T03:22:26.384+0600][23.682s][info][gc,stats    ] 
[2026-04-03T03:22:26.384+0600][23.682s][info][gc,stats    ] All times are wall-clock times, except per-root-class counters, that are sum over
[2026-04-03T03:22:26.384+0600][23.682s][info][gc,stats    ] all workers. Dividing the <total> over the root stage time estimates parallelism.
[2026-04-03T03:22:26.384+0600][23.682s][info][gc,stats    ] 
[2026-04-03T03:22:26.384+0600][23.682s][info][gc,stats    ] Concurrent Reset                    684 us
[2026-04-03T03:22:26.384+0600][23.682s][info][gc,stats    ] Pause Init Mark (G)                 412 us
[2026-04-03T03:22:26.384+0600][23.682s][info][gc,stats    ] Pause Init Mark (N)                 144 us
[2026-04-03T03:22:26.384+0600][23.682s][info][gc,stats    ]   Update Region States               32 us
[2026-04-03T03:22:26.384+0600][23.682s][info][gc,stats    ] Concurrent Mark Roots              1545 us, parallelism: 2.22x
[2026-04-03T03:22:26.384+0600][23.682s][info][gc,stats    ]   CMR: <total>                     3428 us
[2026-04-03T03:22:26.384+0600][23.682s][info][gc,stats    ]   CMR: Thread Roots                3095 us, workers (us): 1105, 1101, 888, ---, ---, ---, 
[2026-04-03T03:22:26.384+0600][23.682s][info][gc,stats    ]   CMR: VM Strong Roots               95 us, workers (us):  38,  41,  17, ---, ---, ---, 
[2026-04-03T03:22:26.384+0600][23.682s][info][gc,stats    ]   CMR: CLDG Roots                   238 us, workers (us): ---, ---, 238, ---, ---, ---, 
[2026-04-03T03:22:26.384+0600][23.682s][info][gc,stats    ] Concurrent Marking               152972 us
[2026-04-03T03:22:26.384+0600][23.682s][info][gc,stats    ] Pause Final Mark (G)               1592 us
[2026-04-03T03:22:26.384+0600][23.682s][info][gc,stats    ] Pause Final Mark (N)               1241 us
[2026-04-03T03:22:26.384+0600][23.682s][info][gc,stats    ]   Finish Mark                       297 us
[2026-04-03T03:22:26.384+0600][23.682s][info][gc,stats    ]   Update Region States               79 us
[2026-04-03T03:22:26.384+0600][23.683s][info][gc,stats    ]   Choose Collection Set             693 us
[2026-04-03T03:22:26.384+0600][23.683s][info][gc,stats    ]   Rebuild Free Set                   48 us
[2026-04-03T03:22:26.384+0600][23.683s][info][gc,stats    ] Concurrent Thread Roots             749 us, parallelism: 1.54x
[2026-04-03T03:22:26.384+0600][23.683s][info][gc,stats    ]   CTR: <total>                     1151 us
[2026-04-03T03:22:26.384+0600][23.683s][info][gc,stats    ]   CTR: Thread Roots                1151 us, workers (us): 388, 397, 367, ---, ---, ---, 
[2026-04-03T03:22:26.384+0600][23.683s][info][gc,stats    ] Concurrent Weak References          592 us, parallelism: 0.80x
[2026-04-03T03:22:26.384+0600][23.683s][info][gc,stats    ]   CWRF: <total>                     471 us
[2026-04-03T03:22:26.384+0600][23.683s][info][gc,stats    ]   CWRF: Weak References             471 us, workers (us): 136,  85, 250, ---, ---, ---, 
[2026-04-03T03:22:26.384+0600][23.683s][info][gc,stats    ] Concurrent Weak Roots              2184 us
[2026-04-03T03:22:26.384+0600][23.683s][info][gc,stats    ]   Roots                            1739 us, parallelism: 2.44x
[2026-04-03T03:22:26.384+0600][23.683s][info][gc,stats    ]     CWR: <total>                   4245 us
[2026-04-03T03:22:26.384+0600][23.683s][info][gc,stats    ]     CWR: Code Cache Roots          2607 us, workers (us): 839, 890, 878, ---, ---, ---, 
[2026-04-03T03:22:26.384+0600][23.683s][info][gc,stats    ]     CWR: VM Weak Roots             1557 us, workers (us): 523, 525, 508, ---, ---, ---, 
[2026-04-03T03:22:26.384+0600][23.683s][info][gc,stats    ]     CWR: CLDG Roots                  82 us, workers (us):  82, ---, ---, ---, ---, ---, 
[2026-04-03T03:22:26.384+0600][23.683s][info][gc,stats    ]   Rendezvous                        346 us
[2026-04-03T03:22:26.384+0600][23.683s][info][gc,stats    ] Concurrent Cleanup                  647 us
[2026-04-03T03:22:26.384+0600][23.683s][info][gc,stats    ] Concurrent Class Unloading        29002 us
[2026-04-03T03:22:26.384+0600][23.683s][info][gc,stats    ]   Unlink Stale                    22283 us
[2026-04-03T03:22:26.384+0600][23.683s][info][gc,stats    ]     System Dictionary               367 us
[2026-04-03T03:22:26.384+0600][23.683s][info][gc,stats    ]     Weak Class Links              15173 us
[2026-04-03T03:22:26.384+0600][23.683s][info][gc,stats    ]     Code Roots                     6736 us
[2026-04-03T03:22:26.384+0600][23.683s][info][gc,stats    ]   Rendezvous                        244 us
[2026-04-03T03:22:26.384+0600][23.683s][info][gc,stats    ]   Purge Unlinked                   6290 us
[2026-04-03T03:22:26.384+0600][23.683s][info][gc,stats    ]     Code Roots                     6080 us
[2026-04-03T03:22:26.384+0600][23.683s][info][gc,stats    ]     CLDG                            208 us
[2026-04-03T03:22:26.384+0600][23.683s][info][gc,stats    ]     Exception Caches                  0 us
[2026-04-03T03:22:26.384+0600][23.683s][info][gc,stats    ] Concurrent Strong Roots             909 us, parallelism: 0.58x
[2026-04-03T03:22:26.384+0600][23.683s][info][gc,stats    ]   CSR: <total>                      527 us
[2026-04-03T03:22:26.384+0600][23.683s][info][gc,stats    ]   CSR: VM Strong Roots               39 us, workers (us):  17,  14,   8, ---, ---, ---, 
[2026-04-03T03:22:26.384+0600][23.683s][info][gc,stats    ]   CSR: CLDG Roots                   488 us, workers (us): ---, ---, 488, ---, ---, ---, 
[2026-04-03T03:22:26.384+0600][23.683s][info][gc,stats    ] Concurrent Evacuation             55699 us
[2026-04-03T03:22:26.384+0600][23.683s][info][gc,stats    ] Pause Init Update Refs (G)          526 us
[2026-04-03T03:22:26.384+0600][23.683s][info][gc,stats    ] Pause Init Update Refs (N)          250 us
[2026-04-03T03:22:26.384+0600][23.683s][info][gc,stats    ]   Manage GCLABs                      21 us
[2026-04-03T03:22:26.384+0600][23.683s][info][gc,stats    ] Concurrent Update Refs            92408 us
[2026-04-03T03:22:26.384+0600][23.683s][info][gc,stats    ] Concurrent Update Thread Roots     1216 us
[2026-04-03T03:22:26.384+0600][23.683s][info][gc,stats    ] Pause Final Update Refs (G)         821 us
[2026-04-03T03:22:26.384+0600][23.683s][info][gc,stats    ] Pause Final Update Refs (N)         421 us
[2026-04-03T03:22:26.384+0600][23.683s][info][gc,stats    ]   Update Region States              111 us
[2026-04-03T03:22:26.384+0600][23.683s][info][gc,stats    ]   Trash Collection Set               51 us
[2026-04-03T03:22:26.384+0600][23.683s][info][gc,stats    ]   Rebuild Free Set                   73 us
[2026-04-03T03:22:26.384+0600][23.683s][info][gc,stats    ] Concurrent Cleanup                 1124 us
[2026-04-03T03:22:26.384+0600][23.683s][info][gc,stats    ] Pacing                            77383 us
[2026-04-03T03:22:26.384+0600][23.683s][info][gc,stats    ] 
[2026-04-03T03:22:26.384+0600][23.683s][info][gc,stats    ] Allocation pacing accrued:
[2026-04-03T03:22:26.384+0600][23.683s][info][gc,stats    ]      29 of  2397 ms (  1.2%): Executor task launch worker for task 0.0 in stage 1.0 (TID 3)
[2026-04-03T03:22:26.384+0600][23.683s][info][gc,stats    ]      26 of  2397 ms (  1.1%): Executor task launch worker for task 2.0 in stage 1.0 (TID 5)
[2026-04-03T03:22:26.384+0600][23.683s][info][gc,stats    ]      22 of  2397 ms (  0.9%): Executor task launch worker for task 1.0 in stage 1.0 (TID 4)
[2026-04-03T03:22:26.384+0600][23.683s][info][gc,stats    ]      77 of  2397 ms (  3.2%): <total>
[2026-04-03T03:22:26.384+0600][23.683s][info][gc,stats    ]       1 of  2397 ms (  0.0%): <average total>
[2026-04-03T03:22:26.384+0600][23.683s][info][gc,stats    ]      26 of  2397 ms (  1.1%): <average non-zero>
[2026-04-03T03:22:26.384+0600][23.683s][info][gc,stats    ] 
[2026-04-03T03:22:26.384+0600][23.683s][info][gc,metaspace] Metaspace: 68756K(69568K)->68955K(69760K) NonClass: 60021K(60480K)->60178K(60608K) Class: 8734K(9088K)->8777K(9152K)
[2026-04-03T03:22:26.384+0600][23.683s][info][gc,ergo     ] Pacer for Idle. Initial: 20480K, Alloc Tax Rate: 1.0x
[2026-04-03T03:22:27.190+0600][24.489s][info][gc          ] Trigger: Average GC time (469.76 ms) is above the time for average allocation rate (509 MB/s) to deplete free headroom (238M) (margin of error = 1.79)
[2026-04-03T03:22:27.190+0600][24.489s][info][gc,ergo     ] Free headroom: 288M (free) - 51200K (spike) - 0B (penalties) = 238M
[2026-04-03T03:22:27.191+0600][24.489s][info][gc,ergo     ] Free: 288M, Max: 256K regular, 48384K humongous, Frag: 84% external, 0% internal; Reserve: 51200K, Max: 256K
[2026-04-03T03:22:27.191+0600][24.489s][info][gc,start    ] GC(21) Concurrent reset
[2026-04-03T03:22:27.191+0600][24.489s][info][gc,task     ] GC(21) Using 3 of 6 workers for concurrent reset
[2026-04-03T03:22:27.191+0600][24.489s][info][gc,ergo     ] GC(21) Pacer for Reset. Non-Taxable: 1000M
[2026-04-03T03:22:27.193+0600][24.492s][info][gc          ] GC(21) Concurrent reset 2.527ms
[2026-04-03T03:22:27.193+0600][24.492s][info][gc,start    ] GC(21) Pause Init Mark (unload classes)
[2026-04-03T03:22:27.193+0600][24.492s][info][gc,task     ] GC(21) Using 6 of 6 workers for init marking
[2026-04-03T03:22:27.194+0600][24.492s][info][gc,ergo     ] GC(21) Pacer for Mark. Expected Live: 48648K, Free: 287M, Non-Taxable: 29490K, Alloc Tax Rate: 0.2x
[2026-04-03T03:22:27.194+0600][24.492s][info][gc          ] GC(21) Pause Init Mark (unload classes) 0.173ms
[2026-04-03T03:22:27.194+0600][24.492s][info][gc,start    ] GC(21) Concurrent marking roots
[2026-04-03T03:22:27.194+0600][24.493s][info][gc,task     ] GC(21) Using 3 of 6 workers for concurrent marking roots
[2026-04-03T03:22:27.195+0600][24.493s][info][gc          ] GC(21) Concurrent marking roots 0.945ms
[2026-04-03T03:22:27.195+0600][24.493s][info][gc,start    ] GC(21) Concurrent marking (unload classes)
[2026-04-03T03:22:27.195+0600][24.493s][info][gc,task     ] GC(21) Using 3 of 6 workers for concurrent marking
[2026-04-03T03:22:27.540+0600][24.839s][info][gc          ] GC(21) Concurrent marking (unload classes) 345.065ms
[2026-04-03T03:22:27.540+0600][24.839s][info][gc,start    ] GC(21) Pause Final Mark (unload classes)
[2026-04-03T03:22:27.540+0600][24.839s][info][gc,task     ] GC(21) Using 6 of 6 workers for final marking
[2026-04-03T03:22:27.541+0600][24.840s][info][gc,ergo     ] GC(21) Adaptive CSet Selection. Target Free: 141M, Actual Free: 232M, Max CSet: 42666K, Min Garbage: 0B
[2026-04-03T03:22:27.542+0600][24.840s][info][gc,ergo     ] GC(21) Collectable Garbage: 323M (73%), Immediate: 32512K (7%), CSet: 291M (66%)
[2026-04-03T03:22:27.542+0600][24.840s][info][gc,ergo     ] GC(21) Pacer for Evacuation. Used CSet: 333M, Free: 188M, Non-Taxable: 19328K, Alloc Tax Rate: 4.3x
[2026-04-03T03:22:27.542+0600][24.841s][info][gc          ] GC(21) Pause Final Mark (unload classes) 1.586ms
[2026-04-03T03:22:27.542+0600][24.841s][info][gc,start    ] GC(21) Concurrent thread roots
[2026-04-03T03:22:27.542+0600][24.841s][info][gc,task     ] GC(21) Using 3 of 6 workers for Concurrent thread roots
[2026-04-03T03:22:27.542+0600][24.841s][info][gc          ] GC(21) Concurrent thread roots 0.506ms
[2026-04-03T03:22:27.542+0600][24.841s][info][gc,start    ] GC(21) Concurrent weak references
[2026-04-03T03:22:27.542+0600][24.841s][info][gc,task     ] GC(21) Using 3 of 6 workers for concurrent weak references
[2026-04-03T03:22:27.543+0600][24.842s][info][gc,ref      ] GC(21) Encountered references: Soft: 3356, Weak: 5962, Final: 82, Phantom: 594
[2026-04-03T03:22:27.543+0600][24.842s][info][gc,ref      ] GC(21) Discovered  references: Soft: 0, Weak: 3258, Final: 0, Phantom: 591
[2026-04-03T03:22:27.543+0600][24.842s][info][gc,ref      ] GC(21) Enqueued    references: Soft: 0, Weak: 119, Final: 0, Phantom: 0
[2026-04-03T03:22:27.543+0600][24.842s][info][gc          ] GC(21) Concurrent weak references 0.850ms
[2026-04-03T03:22:27.543+0600][24.842s][info][gc,start    ] GC(21) Concurrent weak roots
[2026-04-03T03:22:27.543+0600][24.842s][info][gc,task     ] GC(21) Using 3 of 6 workers for concurrent weak root
[2026-04-03T03:22:27.545+0600][24.844s][info][gc          ] GC(21) Concurrent weak roots 1.898ms
[2026-04-03T03:22:27.545+0600][24.844s][info][gc,start    ] GC(21) Concurrent cleanup
[2026-04-03T03:22:27.546+0600][24.845s][info][gc          ] GC(21) Concurrent cleanup 791M->760M(936M) 0.684ms
[2026-04-03T03:22:27.546+0600][24.845s][info][gc,ergo     ] GC(21) Free: 185M, Max: 256K regular, 19456K humongous, Frag: 90% external, 0% internal; Reserve: 50960K, Max: 256K
[2026-04-03T03:22:27.546+0600][24.845s][info][gc,start    ] GC(21) Concurrent class unloading
[2026-04-03T03:22:27.546+0600][24.845s][info][gc,task     ] GC(21) Using 3 of 6 workers for concurrent class unloading
[2026-04-03T03:22:27.552+0600][24.851s][info][gc          ] GC(21) Concurrent class unloading 6.261ms
[2026-04-03T03:22:27.552+0600][24.851s][info][gc,start    ] GC(21) Concurrent strong roots
[2026-04-03T03:22:27.552+0600][24.851s][info][gc,task     ] GC(21) Using 3 of 6 workers for concurrent strong root
[2026-04-03T03:22:27.553+0600][24.852s][info][gc          ] GC(21) Concurrent strong roots 0.517ms
[2026-04-03T03:22:27.553+0600][24.852s][info][gc,start    ] GC(21) Concurrent evacuation
[2026-04-03T03:22:27.553+0600][24.852s][info][gc,task     ] GC(21) Using 3 of 6 workers for concurrent evacuation
[2026-04-03T03:22:27.605+0600][24.903s][info][gc          ] GC(21) Concurrent evacuation 51.702ms
[2026-04-03T03:22:27.605+0600][24.904s][info][gc,start    ] GC(21) Pause Init Update Refs
[2026-04-03T03:22:27.605+0600][24.904s][info][gc,ergo     ] GC(21) Pacer for Update Refs. Used: 843M, Free: 144M, Non-Taxable: 14770K, Alloc Tax Rate: 7.1x
[2026-04-03T03:22:27.605+0600][24.904s][info][gc          ] GC(21) Pause Init Update Refs 0.119ms
[2026-04-03T03:22:27.605+0600][24.904s][info][gc,start    ] GC(21) Concurrent update references
[2026-04-03T03:22:27.605+0600][24.904s][info][gc,task     ] GC(21) Using 3 of 6 workers for concurrent reference update
[2026-04-03T03:22:27.842+0600][25.141s][info][gc          ] GC(21) Concurrent update references 237.303ms
[2026-04-03T03:22:27.843+0600][25.141s][info][gc,start    ] GC(21) Concurrent update thread roots
[2026-04-03T03:22:27.843+0600][25.142s][info][gc          ] GC(21) Concurrent update thread roots 0.941ms
[2026-04-03T03:22:27.844+0600][25.143s][info][gc,start    ] GC(21) Pause Final Update Refs
[2026-04-03T03:22:27.844+0600][25.143s][info][gc,task     ] GC(21) Using 6 of 6 workers for final reference update
[2026-04-03T03:22:27.844+0600][25.143s][info][gc          ] GC(21) Pause Final Update Refs 0.258ms
[2026-04-03T03:22:27.844+0600][25.143s][info][gc,start    ] GC(21) Concurrent cleanup
[2026-04-03T03:22:27.845+0600][25.144s][info][gc          ] GC(21) Concurrent cleanup 957M->624M(977M) 1.058ms
[2026-04-03T03:22:27.845+0600][25.144s][info][gc,ergo     ] Free: 319M, Max: 256K regular, 20480K humongous, Frag: 94% external, 0% internal; Reserve: 51200K, Max: 256K
[2026-04-03T03:22:27.845+0600][25.144s][info][gc,stats    ] 
[2026-04-03T03:22:27.845+0600][25.144s][info][gc,stats    ] All times are wall-clock times, except per-root-class counters, that are sum over
[2026-04-03T03:22:27.845+0600][25.144s][info][gc,stats    ] all workers. Dividing the <total> over the root stage time estimates parallelism.
[2026-04-03T03:22:27.845+0600][25.144s][info][gc,stats    ] 
[2026-04-03T03:22:27.845+0600][25.144s][info][gc,stats    ] Concurrent Reset                   2605 us
[2026-04-03T03:22:27.845+0600][25.144s][info][gc,stats    ] Pause Init Mark (G)                 498 us
[2026-04-03T03:22:27.845+0600][25.144s][info][gc,stats    ] Pause Init Mark (N)                 186 us
[2026-04-03T03:22:27.845+0600][25.144s][info][gc,stats    ]   Update Region States               55 us
[2026-04-03T03:22:27.845+0600][25.144s][info][gc,stats    ] Concurrent Mark Roots               997 us, parallelism: 1.76x
[2026-04-03T03:22:27.845+0600][25.144s][info][gc,stats    ]   CMR: <total>                     1759 us
[2026-04-03T03:22:27.845+0600][25.144s][info][gc,stats    ]   CMR: Thread Roots                1298 us, workers (us): 545, 223, 530, ---, ---, ---, 
[2026-04-03T03:22:27.845+0600][25.144s][info][gc,stats    ]   CMR: VM Strong Roots              107 us, workers (us):  51,  16,  40, ---, ---, ---, 
[2026-04-03T03:22:27.846+0600][25.144s][info][gc,stats    ]   CMR: CLDG Roots                   354 us, workers (us): ---, 354, ---, ---, ---, ---, 
[2026-04-03T03:22:27.846+0600][25.144s][info][gc,stats    ] Concurrent Marking               345175 us
[2026-04-03T03:22:27.846+0600][25.144s][info][gc,stats    ] Pause Final Mark (G)               1974 us
[2026-04-03T03:22:27.846+0600][25.144s][info][gc,stats    ] Pause Final Mark (N)               1618 us
[2026-04-03T03:22:27.846+0600][25.144s][info][gc,stats    ]   Finish Mark                       370 us
[2026-04-03T03:22:27.846+0600][25.144s][info][gc,stats    ]   Update Region States               84 us
[2026-04-03T03:22:27.846+0600][25.144s][info][gc,stats    ]   Choose Collection Set             947 us
[2026-04-03T03:22:27.846+0600][25.144s][info][gc,stats    ]   Rebuild Free Set                   77 us
[2026-04-03T03:22:27.846+0600][25.144s][info][gc,stats    ] Concurrent Thread Roots             550 us, parallelism: 1.60x
[2026-04-03T03:22:27.846+0600][25.144s][info][gc,stats    ]   CTR: <total>                      881 us
[2026-04-03T03:22:27.846+0600][25.144s][info][gc,stats    ]   CTR: Thread Roots                 881 us, workers (us): 358, 260, 262, ---, ---, ---, 
[2026-04-03T03:22:27.846+0600][25.144s][info][gc,stats    ] Concurrent Weak References          863 us, parallelism: 0.81x
[2026-04-03T03:22:27.846+0600][25.144s][info][gc,stats    ]   CWRF: <total>                     703 us
[2026-04-03T03:22:27.846+0600][25.144s][info][gc,stats    ]   CWRF: Weak References             703 us, workers (us):  67, 577,  59, ---, ---, ---, 
[2026-04-03T03:22:27.846+0600][25.144s][info][gc,stats    ] Concurrent Weak Roots              1953 us
[2026-04-03T03:22:27.846+0600][25.144s][info][gc,stats    ]   Roots                            1689 us, parallelism: 2.45x
[2026-04-03T03:22:27.846+0600][25.144s][info][gc,stats    ]     CWR: <total>                   4139 us
[2026-04-03T03:22:27.846+0600][25.144s][info][gc,stats    ]     CWR: Code Cache Roots          2419 us, workers (us): 828, 872, 718, ---, ---, ---, 
[2026-04-03T03:22:27.846+0600][25.144s][info][gc,stats    ]     CWR: VM Weak Roots             1610 us, workers (us): 599, 508, 503, ---, ---, ---, 
[2026-04-03T03:22:27.846+0600][25.144s][info][gc,stats    ]     CWR: CLDG Roots                 111 us, workers (us): ---, ---, 111, ---, ---, ---, 
[2026-04-03T03:22:27.846+0600][25.144s][info][gc,stats    ]   Rendezvous                        187 us
[2026-04-03T03:22:27.846+0600][25.144s][info][gc,stats    ] Concurrent Cleanup                  700 us
[2026-04-03T03:22:27.846+0600][25.144s][info][gc,stats    ] Concurrent Class Unloading         6333 us
[2026-04-03T03:22:27.846+0600][25.144s][info][gc,stats    ]   Unlink Stale                     4686 us
[2026-04-03T03:22:27.846+0600][25.144s][info][gc,stats    ]     System Dictionary                88 us
[2026-04-03T03:22:27.846+0600][25.145s][info][gc,stats    ]     Weak Class Links                  1 us
[2026-04-03T03:22:27.846+0600][25.145s][info][gc,stats    ]     Code Roots                     4594 us
[2026-04-03T03:22:27.846+0600][25.145s][info][gc,stats    ]   Rendezvous                        179 us
[2026-04-03T03:22:27.846+0600][25.145s][info][gc,stats    ]   Purge Unlinked                   1373 us
[2026-04-03T03:22:27.846+0600][25.145s][info][gc,stats    ]     Code Roots                     1344 us
[2026-04-03T03:22:27.846+0600][25.145s][info][gc,stats    ]     CLDG                             28 us
[2026-04-03T03:22:27.846+0600][25.145s][info][gc,stats    ]     Exception Caches                  0 us
[2026-04-03T03:22:27.846+0600][25.145s][info][gc,stats    ] Concurrent Strong Roots             548 us, parallelism: 0.58x
[2026-04-03T03:22:27.846+0600][25.145s][info][gc,stats    ]   CSR: <total>                      319 us
[2026-04-03T03:22:27.846+0600][25.145s][info][gc,stats    ]   CSR: VM Strong Roots               19 us, workers (us):  16,   1,   1, ---, ---, ---, 
[2026-04-03T03:22:27.846+0600][25.145s][info][gc,stats    ]   CSR: CLDG Roots                   300 us, workers (us): 300, ---, ---, ---, ---, ---, 
[2026-04-03T03:22:27.846+0600][25.145s][info][gc,stats    ] Concurrent Evacuation             51793 us
[2026-04-03T03:22:27.846+0600][25.145s][info][gc,stats    ] Pause Init Update Refs (G)          502 us
[2026-04-03T03:22:27.846+0600][25.145s][info][gc,stats    ] Pause Init Update Refs (N)          137 us
[2026-04-03T03:22:27.846+0600][25.145s][info][gc,stats    ]   Manage GCLABs                      16 us
[2026-04-03T03:22:27.846+0600][25.145s][info][gc,stats    ] Concurrent Update Refs           237414 us
[2026-04-03T03:22:27.846+0600][25.145s][info][gc,stats    ] Concurrent Update Thread Roots     1003 us
[2026-04-03T03:22:27.846+0600][25.145s][info][gc,stats    ] Pause Final Update Refs (G)         623 us
[2026-04-03T03:22:27.846+0600][25.145s][info][gc,stats    ] Pause Final Update Refs (N)         279 us
[2026-04-03T03:22:27.846+0600][25.145s][info][gc,stats    ]   Update Region States               70 us
[2026-04-03T03:22:27.846+0600][25.145s][info][gc,stats    ]   Trash Collection Set               44 us
[2026-04-03T03:22:27.846+0600][25.145s][info][gc,stats    ]   Rebuild Free Set                   66 us
[2026-04-03T03:22:27.846+0600][25.145s][info][gc,stats    ] Concurrent Cleanup                 1094 us
[2026-04-03T03:22:27.846+0600][25.145s][info][gc,stats    ] Pacing                           317612 us
[2026-04-03T03:22:27.846+0600][25.145s][info][gc,stats    ] 
[2026-04-03T03:22:27.846+0600][25.145s][info][gc,stats    ] Allocation pacing accrued:
[2026-04-03T03:22:27.846+0600][25.145s][info][gc,stats    ]      21 of  1462 ms (  1.5%): spark-listener-group-appStatus
[2026-04-03T03:22:27.846+0600][25.145s][info][gc,stats    ]      99 of  1462 ms (  6.8%): Executor task launch worker for task 0.0 in stage 1.0 (TID 3)
[2026-04-03T03:22:27.846+0600][25.145s][info][gc,stats    ]      99 of  1462 ms (  6.8%): Executor task launch worker for task 2.0 in stage 1.0 (TID 5)
[2026-04-03T03:22:27.846+0600][25.145s][info][gc,stats    ]      98 of  1462 ms (  6.7%): Executor task launch worker for task 1.0 in stage 1.0 (TID 4)
[2026-04-03T03:22:27.846+0600][25.145s][info][gc,stats    ]     318 of  1462 ms ( 21.7%): <total>
[2026-04-03T03:22:27.846+0600][25.145s][info][gc,stats    ]       4 of  1462 ms (  0.3%): <average total>
[2026-04-03T03:22:27.846+0600][25.145s][info][gc,stats    ]      79 of  1462 ms (  5.4%): <average non-zero>
[2026-04-03T03:22:27.846+0600][25.145s][info][gc,stats    ] 
[2026-04-03T03:22:27.846+0600][25.145s][info][gc,metaspace] Metaspace: 69540K(70336K)->69694K(70528K) NonClass: 60681K(61120K)->60804K(61248K) Class: 8859K(9216K)->8890K(9280K)
[2026-04-03T03:22:27.846+0600][25.145s][info][gc,ergo     ] Pacer for Idle. Initial: 20480K, Alloc Tax Rate: 1.0x
[2026-04-03T03:22:27.847+0600][25.146s][info][gc          ] Trigger: Average GC time (893.97 ms) is above the time for average allocation rate (486 MB/s) to deplete free headroom (268M) (margin of error = 1.82)
[2026-04-03T03:22:27.847+0600][25.146s][info][gc,ergo     ] Free headroom: 318M (free) - 51200K (spike) - 0B (penalties) = 268M
[2026-04-03T03:22:27.847+0600][25.146s][info][gc,ergo     ] Free: 318M, Max: 256K regular, 20480K humongous, Frag: 94% external, 0% internal; Reserve: 51200K, Max: 256K
[2026-04-03T03:22:27.847+0600][25.146s][info][gc,start    ] GC(22) Concurrent reset
[2026-04-03T03:22:27.847+0600][25.146s][info][gc,task     ] GC(22) Using 3 of 6 workers for concurrent reset
[2026-04-03T03:22:27.847+0600][25.146s][info][gc,ergo     ] GC(22) Pacer for Reset. Non-Taxable: 1000M
[2026-04-03T03:22:27.850+0600][25.149s][info][gc          ] GC(22) Concurrent reset 2.661ms
[2026-04-03T03:22:27.850+0600][25.149s][info][gc,start    ] GC(22) Pause Init Mark (unload classes)
[2026-04-03T03:22:27.850+0600][25.149s][info][gc,task     ] GC(22) Using 6 of 6 workers for init marking
[2026-04-03T03:22:27.850+0600][25.149s][info][gc,ergo     ] GC(22) Pacer for Mark. Expected Live: 85241K, Free: 317M, Non-Taxable: 32486K, Alloc Tax Rate: 0.3x
[2026-04-03T03:22:27.851+0600][25.149s][info][gc          ] GC(22) Pause Init Mark (unload classes) 0.236ms
[2026-04-03T03:22:27.851+0600][25.150s][info][gc,start    ] GC(22) Concurrent marking roots
[2026-04-03T03:22:27.851+0600][25.150s][info][gc,task     ] GC(22) Using 3 of 6 workers for concurrent marking roots
[2026-04-03T03:22:27.852+0600][25.151s][info][gc          ] GC(22) Concurrent marking roots 1.005ms
[2026-04-03T03:22:27.852+0600][25.151s][info][gc,start    ] GC(22) Concurrent marking (unload classes)
[2026-04-03T03:22:27.852+0600][25.151s][info][gc,task     ] GC(22) Using 3 of 6 workers for concurrent marking
[2026-04-03T03:22:28.280+0600][25.579s][info][gc          ] GC(22) Concurrent marking (unload classes) 428.311ms
[2026-04-03T03:22:28.280+0600][25.579s][info][gc,start    ] GC(22) Pause Final Mark (unload classes)
[2026-04-03T03:22:28.280+0600][25.579s][info][gc,task     ] GC(22) Using 6 of 6 workers for final marking
[2026-04-03T03:22:28.281+0600][25.580s][info][gc,ergo     ] GC(22) Adaptive CSet Selection. Target Free: 141M, Actual Free: 263M, Max CSet: 42666K, Min Garbage: 0B
[2026-04-03T03:22:28.282+0600][25.580s][info][gc,ergo     ] GC(22) Collectable Garbage: 269M (72%), Immediate: 8960K (2%), CSet: 260M (70%)
[2026-04-03T03:22:28.282+0600][25.580s][info][gc,ergo     ] GC(22) Pacer for Evacuation. Used CSet: 302M, Free: 216M, Non-Taxable: 22118K, Alloc Tax Rate: 3.4x
[2026-04-03T03:22:28.282+0600][25.581s][info][gc          ] GC(22) Pause Final Mark (unload classes) 1.408ms
[2026-04-03T03:22:28.282+0600][25.581s][info][gc,start    ] GC(22) Concurrent thread roots
[2026-04-03T03:22:28.282+0600][25.581s][info][gc,task     ] GC(22) Using 3 of 6 workers for Concurrent thread roots
[2026-04-03T03:22:28.282+0600][25.581s][info][gc          ] GC(22) Concurrent thread roots 0.518ms
[2026-04-03T03:22:28.282+0600][25.581s][info][gc,start    ] GC(22) Concurrent weak references
[2026-04-03T03:22:28.282+0600][25.581s][info][gc,task     ] GC(22) Using 3 of 6 workers for concurrent weak references
[2026-04-03T03:22:28.283+0600][25.582s][info][gc,ref      ] GC(22) Encountered references: Soft: 3378, Weak: 5967, Final: 82, Phantom: 595
[2026-04-03T03:22:28.283+0600][25.582s][info][gc,ref      ] GC(22) Discovered  references: Soft: 0, Weak: 2975, Final: 80, Phantom: 592
[2026-04-03T03:22:28.283+0600][25.582s][info][gc,ref      ] GC(22) Enqueued    references: Soft: 0, Weak: 85, Final: 0, Phantom: 0
[2026-04-03T03:22:28.283+0600][25.582s][info][gc          ] GC(22) Concurrent weak references 0.838ms
[2026-04-03T03:22:28.283+0600][25.582s][info][gc,start    ] GC(22) Concurrent weak roots
[2026-04-03T03:22:28.283+0600][25.582s][info][gc,task     ] GC(22) Using 3 of 6 workers for concurrent weak root
[2026-04-03T03:22:28.286+0600][25.584s][info][gc          ] GC(22) Concurrent weak roots 2.364ms
[2026-04-03T03:22:28.286+0600][25.585s][info][gc,start    ] GC(22) Concurrent cleanup
[2026-04-03T03:22:28.286+0600][25.585s][info][gc          ] GC(22) Concurrent cleanup 741M->732M(977M) 0.297ms
[2026-04-03T03:22:28.286+0600][25.585s][info][gc,ergo     ] GC(22) Free: 214M, Max: 256K regular, 20480K humongous, Frag: 91% external, 0% internal; Reserve: 50962K, Max: 256K
[2026-04-03T03:22:28.286+0600][25.585s][info][gc,start    ] GC(22) Concurrent class unloading
[2026-04-03T03:22:28.286+0600][25.585s][info][gc,task     ] GC(22) Using 3 of 6 workers for concurrent class unloading
[2026-04-03T03:22:28.293+0600][25.591s][info][gc          ] GC(22) Concurrent class unloading 6.403ms
[2026-04-03T03:22:28.293+0600][25.591s][info][gc,start    ] GC(22) Concurrent strong roots
[2026-04-03T03:22:28.293+0600][25.591s][info][gc,task     ] GC(22) Using 3 of 6 workers for concurrent strong root
[2026-04-03T03:22:28.294+0600][25.592s][info][gc          ] GC(22) Concurrent strong roots 0.919ms
[2026-04-03T03:22:28.294+0600][25.592s][info][gc,start    ] GC(22) Concurrent evacuation
[2026-04-03T03:22:28.294+0600][25.592s][info][gc,task     ] GC(22) Using 3 of 6 workers for concurrent evacuation
[2026-04-03T03:22:28.350+0600][25.649s][info][gc          ] GC(22) Concurrent evacuation 56.330ms
[2026-04-03T03:22:28.350+0600][25.649s][info][gc,start    ] GC(22) Pause Init Update Refs
[2026-04-03T03:22:28.350+0600][25.649s][info][gc,ergo     ] GC(22) Pacer for Update Refs. Used: 797M, Free: 191M, Non-Taxable: 19583K, Alloc Tax Rate: 5.1x
[2026-04-03T03:22:28.350+0600][25.649s][info][gc          ] GC(22) Pause Init Update Refs 0.165ms
[2026-04-03T03:22:28.351+0600][25.649s][info][gc,start    ] GC(22) Concurrent update references
[2026-04-03T03:22:28.351+0600][25.649s][info][gc,task     ] GC(22) Using 3 of 6 workers for concurrent reference update
[2026-04-03T03:22:28.599+0600][25.897s][info][gc          ] GC(22) Concurrent update references 248.137ms
[2026-04-03T03:22:28.599+0600][25.898s][info][gc,start    ] GC(22) Concurrent update thread roots
[2026-04-03T03:22:28.600+0600][25.898s][info][gc          ] GC(22) Concurrent update thread roots 0.778ms
[2026-04-03T03:22:28.600+0600][25.899s][info][gc,start    ] GC(22) Pause Final Update Refs
[2026-04-03T03:22:28.600+0600][25.899s][info][gc,task     ] GC(22) Using 6 of 6 workers for final reference update
[2026-04-03T03:22:28.600+0600][25.899s][info][gc          ] GC(22) Pause Final Update Refs 0.459ms
[2026-04-03T03:22:28.601+0600][25.899s][info][gc,start    ] GC(22) Concurrent cleanup
[2026-04-03T03:22:28.601+0600][25.900s][info][gc          ] GC(22) Concurrent cleanup 902M->600M(1000M) 0.616ms
[2026-04-03T03:22:28.601+0600][25.900s][info][gc,ergo     ] Free: 345M, Max: 256K regular, 21248K humongous, Frag: 94% external, 0% internal; Reserve: 51200K, Max: 256K
[2026-04-03T03:22:28.601+0600][25.900s][info][gc,stats    ] 
[2026-04-03T03:22:28.601+0600][25.900s][info][gc,stats    ] All times are wall-clock times, except per-root-class counters, that are sum over
[2026-04-03T03:22:28.601+0600][25.900s][info][gc,stats    ] all workers. Dividing the <total> over the root stage time estimates parallelism.
[2026-04-03T03:22:28.601+0600][25.900s][info][gc,stats    ] 
[2026-04-03T03:22:28.601+0600][25.900s][info][gc,stats    ] Concurrent Reset                   2710 us
[2026-04-03T03:22:28.601+0600][25.900s][info][gc,stats    ] Pause Init Mark (G)                 716 us
[2026-04-03T03:22:28.601+0600][25.900s][info][gc,stats    ] Pause Init Mark (N)                 251 us
[2026-04-03T03:22:28.601+0600][25.900s][info][gc,stats    ]   Update Region States               83 us
[2026-04-03T03:22:28.601+0600][25.900s][info][gc,stats    ] Concurrent Mark Roots              1053 us, parallelism: 1.61x
[2026-04-03T03:22:28.601+0600][25.900s][info][gc,stats    ]   CMR: <total>                     1697 us
[2026-04-03T03:22:28.601+0600][25.900s][info][gc,stats    ]   CMR: Thread Roots                1332 us, workers (us): 230, 551, 551, ---, ---, ---, 
[2026-04-03T03:22:28.602+0600][25.900s][info][gc,stats    ]   CMR: VM Strong Roots               43 us, workers (us):  27,  15,   1, ---, ---, ---, 
[2026-04-03T03:22:28.602+0600][25.900s][info][gc,stats    ]   CMR: CLDG Roots                   322 us, workers (us): 322, ---, ---, ---, ---, ---, 
[2026-04-03T03:22:28.602+0600][25.900s][info][gc,stats    ] Concurrent Marking               428394 us
[2026-04-03T03:22:28.602+0600][25.900s][info][gc,stats    ] Pause Final Mark (G)               1649 us
[2026-04-03T03:22:28.602+0600][25.900s][info][gc,stats    ] Pause Final Mark (N)               1426 us
[2026-04-03T03:22:28.602+0600][25.900s][info][gc,stats    ]   Finish Mark                       216 us
[2026-04-03T03:22:28.602+0600][25.900s][info][gc,stats    ]   Update Region States              171 us
[2026-04-03T03:22:28.602+0600][25.900s][info][gc,stats    ]   Choose Collection Set             770 us
[2026-04-03T03:22:28.602+0600][25.900s][info][gc,stats    ]   Rebuild Free Set                   86 us
[2026-04-03T03:22:28.602+0600][25.900s][info][gc,stats    ] Concurrent Thread Roots             552 us, parallelism: 1.90x
[2026-04-03T03:22:28.602+0600][25.900s][info][gc,stats    ]   CTR: <total>                     1049 us
[2026-04-03T03:22:28.602+0600][25.901s][info][gc,stats    ]   CTR: Thread Roots                1049 us, workers (us): 369, 358, 323, ---, ---, ---, 
[2026-04-03T03:22:28.602+0600][25.901s][info][gc,stats    ] Concurrent Weak References          853 us, parallelism: 0.88x
[2026-04-03T03:22:28.602+0600][25.901s][info][gc,stats    ]   CWRF: <total>                     747 us
[2026-04-03T03:22:28.602+0600][25.901s][info][gc,stats    ]   CWRF: Weak References             747 us, workers (us): 699,  47,   1, ---, ---, ---, 
[2026-04-03T03:22:28.602+0600][25.901s][info][gc,stats    ] Concurrent Weak Roots              2480 us
[2026-04-03T03:22:28.602+0600][25.901s][info][gc,stats    ]   Roots                            2112 us, parallelism: 2.61x
[2026-04-03T03:22:28.602+0600][25.901s][info][gc,stats    ]     CWR: <total>                   5511 us
[2026-04-03T03:22:28.602+0600][25.901s][info][gc,stats    ]     CWR: Code Cache Roots          3588 us, workers (us): 1188, 1260, 1141, ---, ---, ---, 
[2026-04-03T03:22:28.602+0600][25.901s][info][gc,stats    ]     CWR: VM Weak Roots             1778 us, workers (us): 625, 599, 554, ---, ---, ---, 
[2026-04-03T03:22:28.602+0600][25.901s][info][gc,stats    ]     CWR: CLDG Roots                 145 us, workers (us): ---, ---, 145, ---, ---, ---, 
[2026-04-03T03:22:28.602+0600][25.901s][info][gc,stats    ]   Rendezvous                        217 us
[2026-04-03T03:22:28.602+0600][25.901s][info][gc,stats    ] Concurrent Cleanup                  333 us
[2026-04-03T03:22:28.602+0600][25.901s][info][gc,stats    ] Concurrent Class Unloading         6514 us
[2026-04-03T03:22:28.602+0600][25.901s][info][gc,stats    ]   Unlink Stale                     5042 us
[2026-04-03T03:22:28.602+0600][25.901s][info][gc,stats    ]     System Dictionary               149 us
[2026-04-03T03:22:28.602+0600][25.901s][info][gc,stats    ]     Weak Class Links                  1 us
[2026-04-03T03:22:28.602+0600][25.901s][info][gc,stats    ]     Code Roots                     4886 us
[2026-04-03T03:22:28.602+0600][25.901s][info][gc,stats    ]   Rendezvous                        185 us
[2026-04-03T03:22:28.602+0600][25.901s][info][gc,stats    ]   Purge Unlinked                   1131 us
[2026-04-03T03:22:28.602+0600][25.901s][info][gc,stats    ]     Code Roots                     1105 us
[2026-04-03T03:22:28.602+0600][25.901s][info][gc,stats    ]     CLDG                             25 us
[2026-04-03T03:22:28.602+0600][25.901s][info][gc,stats    ]     Exception Caches                  0 us
[2026-04-03T03:22:28.602+0600][25.901s][info][gc,stats    ] Concurrent Strong Roots            1005 us, parallelism: 0.53x
[2026-04-03T03:22:28.602+0600][25.901s][info][gc,stats    ]   CSR: <total>                      534 us
[2026-04-03T03:22:28.602+0600][25.901s][info][gc,stats    ]   CSR: VM Strong Roots               32 us, workers (us):  13,  11,   8, ---, ---, ---, 
[2026-04-03T03:22:28.602+0600][25.901s][info][gc,stats    ]   CSR: CLDG Roots                   502 us, workers (us): 502, ---, ---, ---, ---, ---, 
[2026-04-03T03:22:28.602+0600][25.901s][info][gc,stats    ] Concurrent Evacuation             56444 us
[2026-04-03T03:22:28.602+0600][25.901s][info][gc,stats    ] Pause Init Update Refs (G)          430 us
[2026-04-03T03:22:28.602+0600][25.901s][info][gc,stats    ] Pause Init Update Refs (N)          185 us
[2026-04-03T03:22:28.602+0600][25.901s][info][gc,stats    ]   Manage GCLABs                      18 us
[2026-04-03T03:22:28.602+0600][25.901s][info][gc,stats    ] Concurrent Update Refs           248295 us
[2026-04-03T03:22:28.602+0600][25.901s][info][gc,stats    ] Concurrent Update Thread Roots      838 us
[2026-04-03T03:22:28.602+0600][25.901s][info][gc,stats    ] Pause Final Update Refs (G)         894 us
[2026-04-03T03:22:28.602+0600][25.901s][info][gc,stats    ] Pause Final Update Refs (N)         492 us
[2026-04-03T03:22:28.602+0600][25.901s][info][gc,stats    ]   Update Region States              133 us
[2026-04-03T03:22:28.602+0600][25.901s][info][gc,stats    ]   Trash Collection Set               53 us
[2026-04-03T03:22:28.602+0600][25.901s][info][gc,stats    ]   Rebuild Free Set                  100 us
[2026-04-03T03:22:28.602+0600][25.901s][info][gc,stats    ] Concurrent Cleanup                  658 us
[2026-04-03T03:22:28.602+0600][25.901s][info][gc,stats    ] Pacing                           316016 us
[2026-04-03T03:22:28.602+0600][25.901s][info][gc,stats    ] 
[2026-04-03T03:22:28.602+0600][25.901s][info][gc,stats    ] Allocation pacing accrued:
[2026-04-03T03:22:28.602+0600][25.901s][info][gc,stats    ]      89 of   756 ms ( 11.7%): Executor task launch worker for task 0.0 in stage 1.0 (TID 3)
[2026-04-03T03:22:28.602+0600][25.901s][info][gc,stats    ]     109 of   756 ms ( 14.4%): Executor task launch worker for task 2.0 in stage 1.0 (TID 5)
[2026-04-03T03:22:28.602+0600][25.901s][info][gc,stats    ]     118 of   756 ms ( 15.6%): Executor task launch worker for task 1.0 in stage 1.0 (TID 4)
[2026-04-03T03:22:28.602+0600][25.901s][info][gc,stats    ]     316 of   756 ms ( 41.8%): <total>
[2026-04-03T03:22:28.602+0600][25.901s][info][gc,stats    ]       4 of   756 ms (  0.5%): <average total>
[2026-04-03T03:22:28.602+0600][25.901s][info][gc,stats    ]     105 of   756 ms ( 13.9%): <average non-zero>
[2026-04-03T03:22:28.602+0600][25.901s][info][gc,stats    ] 
[2026-04-03T03:22:28.602+0600][25.901s][info][gc,metaspace] Metaspace: 69694K(70528K)->69752K(70592K) NonClass: 60804K(61248K)->60858K(61312K) Class: 8890K(9280K)->8893K(9280K)
[2026-04-03T03:22:28.602+0600][25.901s][info][gc,ergo     ] Pacer for Idle. Initial: 20480K, Alloc Tax Rate: 1.0x
[2026-04-03T03:22:28.603+0600][25.902s][info][gc          ] Trigger: Average GC time (1044.18 ms) is above the time for average allocation rate (407 MB/s) to deplete free headroom (294M) (margin of error = 1.84)
[2026-04-03T03:22:28.603+0600][25.902s][info][gc,ergo     ] Free headroom: 344M (free) - 51200K (spike) - 0B (penalties) = 294M
[2026-04-03T03:22:28.604+0600][25.902s][info][gc,ergo     ] Free: 344M, Max: 256K regular, 21248K humongous, Frag: 94% external, 0% internal; Reserve: 51200K, Max: 256K
[2026-04-03T03:22:28.604+0600][25.902s][info][gc,start    ] GC(23) Concurrent reset
[2026-04-03T03:22:28.604+0600][25.902s][info][gc,task     ] GC(23) Using 3 of 6 workers for concurrent reset
[2026-04-03T03:22:28.604+0600][25.902s][info][gc,ergo     ] GC(23) Pacer for Reset. Non-Taxable: 1000M
[2026-04-03T03:22:28.606+0600][25.905s][info][gc          ] GC(23) Concurrent reset 2.816ms
[2026-04-03T03:22:28.607+0600][25.906s][info][gc,start    ] GC(23) Pause Init Mark (unload classes)
[2026-04-03T03:22:28.607+0600][25.906s][info][gc,task     ] GC(23) Using 6 of 6 workers for init marking
[2026-04-03T03:22:28.607+0600][25.906s][info][gc,ergo     ] GC(23) Pacer for Mark. Expected Live: 128M, Free: 343M, Non-Taxable: 35148K, Alloc Tax Rate: 0.5x
[2026-04-03T03:22:28.607+0600][25.906s][info][gc          ] GC(23) Pause Init Mark (unload classes) 0.250ms
[2026-04-03T03:22:28.607+0600][25.906s][info][gc,start    ] GC(23) Concurrent marking roots
[2026-04-03T03:22:28.607+0600][25.906s][info][gc,task     ] GC(23) Using 3 of 6 workers for concurrent marking roots
[2026-04-03T03:22:28.608+0600][25.907s][info][gc          ] GC(23) Concurrent marking roots 1.004ms
[2026-04-03T03:22:28.608+0600][25.907s][info][gc,start    ] GC(23) Concurrent marking (unload classes)
[2026-04-03T03:22:28.608+0600][25.907s][info][gc,task     ] GC(23) Using 3 of 6 workers for concurrent marking
[2026-04-03T03:22:28.995+0600][26.294s][info][gc          ] GC(23) Concurrent marking (unload classes) 386.451ms
[2026-04-03T03:22:28.995+0600][26.294s][info][gc,start    ] GC(23) Pause Final Mark (unload classes)
[2026-04-03T03:22:28.995+0600][26.294s][info][gc,task     ] GC(23) Using 6 of 6 workers for final marking
[2026-04-03T03:22:28.996+0600][26.295s][info][gc,ergo     ] GC(23) Adaptive CSet Selection. Target Free: 141M, Actual Free: 346M, Max CSet: 42666K, Min Garbage: 0B
[2026-04-03T03:22:28.996+0600][26.295s][info][gc,ergo     ] GC(23) Collectable Garbage: 274M (83%), Immediate: 19968K (5%), CSet: 255M (77%)
[2026-04-03T03:22:28.996+0600][26.295s][info][gc,ergo     ] GC(23) Pacer for Evacuation. Used CSet: 296M, Free: 297M, Non-Taxable: 30438K, Alloc Tax Rate: 2.4x
[2026-04-03T03:22:28.996+0600][26.295s][info][gc          ] GC(23) Pause Final Mark (unload classes) 1.405ms
[2026-04-03T03:22:28.997+0600][26.296s][info][gc,start    ] GC(23) Concurrent thread roots
[2026-04-03T03:22:28.997+0600][26.296s][info][gc,task     ] GC(23) Using 3 of 6 workers for Concurrent thread roots
[2026-04-03T03:22:28.997+0600][26.296s][info][gc          ] GC(23) Concurrent thread roots 0.626ms
[2026-04-03T03:22:28.997+0600][26.296s][info][gc,start    ] GC(23) Concurrent weak references
[2026-04-03T03:22:28.997+0600][26.296s][info][gc,task     ] GC(23) Using 3 of 6 workers for concurrent weak references
[2026-04-03T03:22:28.998+0600][26.297s][info][gc,ref      ] GC(23) Encountered references: Soft: 3378, Weak: 5882, Final: 82, Phantom: 595
[2026-04-03T03:22:28.998+0600][26.297s][info][gc,ref      ] GC(23) Discovered  references: Soft: 0, Weak: 1079, Final: 0, Phantom: 592
[2026-04-03T03:22:28.998+0600][26.297s][info][gc,ref      ] GC(23) Enqueued    references: Soft: 0, Weak: 0, Final: 0, Phantom: 0
[2026-04-03T03:22:28.998+0600][26.297s][info][gc          ] GC(23) Concurrent weak references 0.398ms
[2026-04-03T03:22:28.998+0600][26.297s][info][gc,start    ] GC(23) Concurrent weak roots
[2026-04-03T03:22:28.998+0600][26.297s][info][gc,task     ] GC(23) Using 3 of 6 workers for concurrent weak root
[2026-04-03T03:22:29.001+0600][26.299s][info][gc          ] GC(23) Concurrent weak roots 2.737ms
[2026-04-03T03:22:29.001+0600][26.299s][info][gc,start    ] GC(23) Concurrent cleanup
[2026-04-03T03:22:29.001+0600][26.300s][info][gc          ] GC(23) Concurrent cleanup 669M->650M(1000M) 0.299ms
[2026-04-03T03:22:29.001+0600][26.300s][info][gc,ergo     ] GC(23) Free: 296M, Max: 256K regular, 23552K humongous, Frag: 93% external, 0% internal; Reserve: 51073K, Max: 256K
[2026-04-03T03:22:29.001+0600][26.300s][info][gc,start    ] GC(23) Concurrent class unloading
[2026-04-03T03:22:29.001+0600][26.300s][info][gc,task     ] GC(23) Using 3 of 6 workers for concurrent class unloading
[2026-04-03T03:22:29.007+0600][26.306s][info][gc          ] GC(23) Concurrent class unloading 5.816ms
[2026-04-03T03:22:29.007+0600][26.306s][info][gc,start    ] GC(23) Concurrent strong roots
[2026-04-03T03:22:29.007+0600][26.306s][info][gc,task     ] GC(23) Using 3 of 6 workers for concurrent strong root
[2026-04-03T03:22:29.008+0600][26.307s][info][gc          ] GC(23) Concurrent strong roots 0.810ms
[2026-04-03T03:22:29.008+0600][26.307s][info][gc,start    ] GC(23) Concurrent evacuation
[2026-04-03T03:22:29.008+0600][26.307s][info][gc,task     ] GC(23) Using 3 of 6 workers for concurrent evacuation
[2026-04-03T03:22:29.048+0600][26.347s][info][gc          ] GC(23) Concurrent evacuation 40.448ms
[2026-04-03T03:22:29.049+0600][26.347s][info][gc,start    ] GC(23) Pause Init Update Refs
[2026-04-03T03:22:29.049+0600][26.348s][info][gc,ergo     ] GC(23) Pacer for Update Refs. Used: 697M, Free: 291M, Non-Taxable: 29849K, Alloc Tax Rate: 2.9x
[2026-04-03T03:22:29.049+0600][26.348s][info][gc          ] GC(23) Pause Init Update Refs 0.156ms
[2026-04-03T03:22:29.049+0600][26.348s][info][gc,start    ] GC(23) Concurrent update references
[2026-04-03T03:22:29.049+0600][26.348s][info][gc,task     ] GC(23) Using 3 of 6 workers for concurrent reference update
[2026-04-03T03:22:29.248+0600][26.547s][info][gc          ] GC(23) Concurrent update references 198.954ms
[2026-04-03T03:22:29.248+0600][26.547s][info][gc,start    ] GC(23) Concurrent update thread roots
[2026-04-03T03:22:29.249+0600][26.548s][info][gc          ] GC(23) Concurrent update thread roots 0.652ms
[2026-04-03T03:22:29.249+0600][26.548s][info][gc,start    ] GC(23) Pause Final Update Refs
[2026-04-03T03:22:29.249+0600][26.548s][info][gc,task     ] GC(23) Using 6 of 6 workers for final reference update
[2026-04-03T03:22:29.249+0600][26.548s][info][gc          ] GC(23) Pause Final Update Refs 0.266ms
[2026-04-03T03:22:29.249+0600][26.548s][info][gc,start    ] GC(23) Concurrent cleanup
[2026-04-03T03:22:29.250+0600][26.549s][info][gc          ] GC(23) Concurrent cleanup 720M->423M(1000M) 0.425ms
[2026-04-03T03:22:29.250+0600][26.549s][info][gc,ergo     ] Free: 523M, Max: 256K regular, 35584K humongous, Frag: 94% external, 0% internal; Reserve: 51200K, Max: 256K
[2026-04-03T03:22:29.250+0600][26.549s][info][gc,stats    ] 
[2026-04-03T03:22:29.250+0600][26.549s][info][gc,stats    ] All times are wall-clock times, except per-root-class counters, that are sum over
[2026-04-03T03:22:29.250+0600][26.549s][info][gc,stats    ] all workers. Dividing the <total> over the root stage time estimates parallelism.
[2026-04-03T03:22:29.250+0600][26.549s][info][gc,stats    ] 
[2026-04-03T03:22:29.250+0600][26.549s][info][gc,stats    ] Concurrent Reset                   2928 us
[2026-04-03T03:22:29.250+0600][26.549s][info][gc,stats    ] Pause Init Mark (G)                 631 us
[2026-04-03T03:22:29.250+0600][26.549s][info][gc,stats    ] Pause Init Mark (N)                 293 us
[2026-04-03T03:22:29.250+0600][26.549s][info][gc,stats    ]   Update Region States               80 us
[2026-04-03T03:22:29.250+0600][26.549s][info][gc,stats    ] Concurrent Mark Roots              1101 us, parallelism: 1.47x
[2026-04-03T03:22:29.250+0600][26.549s][info][gc,stats    ]   CMR: <total>                     1613 us
[2026-04-03T03:22:29.250+0600][26.549s][info][gc,stats    ]   CMR: Thread Roots                1138 us, workers (us): 523,  92, 523, ---, ---, ---, 
[2026-04-03T03:22:29.250+0600][26.549s][info][gc,stats    ]   CMR: VM Strong Roots               43 us, workers (us):  19,  18,   6, ---, ---, ---, 
[2026-04-03T03:22:29.250+0600][26.549s][info][gc,stats    ]   CMR: CLDG Roots                   432 us, workers (us): ---, 432, ---, ---, ---, ---, 
[2026-04-03T03:22:29.250+0600][26.549s][info][gc,stats    ] Concurrent Marking               386530 us
[2026-04-03T03:22:29.250+0600][26.549s][info][gc,stats    ] Pause Final Mark (G)               1926 us
[2026-04-03T03:22:29.250+0600][26.549s][info][gc,stats    ] Pause Final Mark (N)               1422 us
[2026-04-03T03:22:29.250+0600][26.549s][info][gc,stats    ]   Finish Mark                       389 us
[2026-04-03T03:22:29.250+0600][26.549s][info][gc,stats    ]   Update Region States              120 us
[2026-04-03T03:22:29.250+0600][26.549s][info][gc,stats    ]   Choose Collection Set             671 us
[2026-04-03T03:22:29.250+0600][26.549s][info][gc,stats    ]   Rebuild Free Set                   76 us
[2026-04-03T03:22:29.250+0600][26.549s][info][gc,stats    ] Concurrent Thread Roots             666 us, parallelism: 1.64x
[2026-04-03T03:22:29.250+0600][26.549s][info][gc,stats    ]   CTR: <total>                     1089 us
[2026-04-03T03:22:29.250+0600][26.549s][info][gc,stats    ]   CTR: Thread Roots                1089 us, workers (us): 364, 364, 360, ---, ---, ---, 
[2026-04-03T03:22:29.250+0600][26.549s][info][gc,stats    ] Concurrent Weak References          411 us, parallelism: 0.79x
[2026-04-03T03:22:29.250+0600][26.549s][info][gc,stats    ]   CWRF: <total>                     325 us
[2026-04-03T03:22:29.250+0600][26.549s][info][gc,stats    ]   CWRF: Weak References             325 us, workers (us):  93, 170,  61, ---, ---, ---, 
[2026-04-03T03:22:29.250+0600][26.549s][info][gc,stats    ] Concurrent Weak Roots              2805 us
[2026-04-03T03:22:29.250+0600][26.549s][info][gc,stats    ]   Roots                            2368 us, parallelism: 2.51x
[2026-04-03T03:22:29.250+0600][26.549s][info][gc,stats    ]     CWR: <total>                   5936 us
[2026-04-03T03:22:29.250+0600][26.549s][info][gc,stats    ]     CWR: Code Cache Roots          4348 us, workers (us): 1499, 1526, 1322, ---, ---, ---, 
[2026-04-03T03:22:29.250+0600][26.549s][info][gc,stats    ]     CWR: VM Weak Roots             1534 us, workers (us): 529, 504, 501, ---, ---, ---, 
[2026-04-03T03:22:29.250+0600][26.549s][info][gc,stats    ]     CWR: CLDG Roots                  54 us, workers (us): ---, ---,  54, ---, ---, ---, 
[2026-04-03T03:22:29.250+0600][26.549s][info][gc,stats    ]   Rendezvous                        336 us
[2026-04-03T03:22:29.250+0600][26.549s][info][gc,stats    ] Concurrent Cleanup                  322 us
[2026-04-03T03:22:29.250+0600][26.549s][info][gc,stats    ] Concurrent Class Unloading         5890 us
[2026-04-03T03:22:29.250+0600][26.549s][info][gc,stats    ]   Unlink Stale                     5077 us
[2026-04-03T03:22:29.250+0600][26.549s][info][gc,stats    ]     System Dictionary               111 us
[2026-04-03T03:22:29.250+0600][26.549s][info][gc,stats    ]     Weak Class Links                  1 us
[2026-04-03T03:22:29.250+0600][26.549s][info][gc,stats    ]     Code Roots                     4961 us
[2026-04-03T03:22:29.250+0600][26.549s][info][gc,stats    ]   Rendezvous                        232 us
[2026-04-03T03:22:29.250+0600][26.549s][info][gc,stats    ]   Purge Unlinked                    473 us
[2026-04-03T03:22:29.250+0600][26.549s][info][gc,stats    ]     Code Roots                      461 us
[2026-04-03T03:22:29.250+0600][26.549s][info][gc,stats    ]     CLDG                             11 us
[2026-04-03T03:22:29.250+0600][26.549s][info][gc,stats    ]     Exception Caches                  0 us
[2026-04-03T03:22:29.250+0600][26.549s][info][gc,stats    ] Concurrent Strong Roots             908 us, parallelism: 0.51x
[2026-04-03T03:22:29.250+0600][26.549s][info][gc,stats    ]   CSR: <total>                      466 us
[2026-04-03T03:22:29.250+0600][26.549s][info][gc,stats    ]   CSR: VM Strong Roots               21 us, workers (us):  20,   1,   0, ---, ---, ---, 
[2026-04-03T03:22:29.250+0600][26.549s][info][gc,stats    ]   CSR: CLDG Roots                   444 us, workers (us): 444, ---, ---, ---, ---, ---, 
[2026-04-03T03:22:29.250+0600][26.549s][info][gc,stats    ] Concurrent Evacuation             40542 us
[2026-04-03T03:22:29.250+0600][26.549s][info][gc,stats    ] Pause Init Update Refs (G)          699 us
[2026-04-03T03:22:29.250+0600][26.549s][info][gc,stats    ] Pause Init Update Refs (N)          172 us
[2026-04-03T03:22:29.250+0600][26.549s][info][gc,stats    ]   Manage GCLABs                      16 us
[2026-04-03T03:22:29.250+0600][26.549s][info][gc,stats    ] Concurrent Update Refs           199020 us
[2026-04-03T03:22:29.250+0600][26.549s][info][gc,stats    ] Concurrent Update Thread Roots      699 us
[2026-04-03T03:22:29.250+0600][26.549s][info][gc,stats    ] Pause Final Update Refs (G)         624 us
[2026-04-03T03:22:29.250+0600][26.549s][info][gc,stats    ] Pause Final Update Refs (N)         282 us
[2026-04-03T03:22:29.250+0600][26.549s][info][gc,stats    ]   Update Region States               64 us
[2026-04-03T03:22:29.250+0600][26.549s][info][gc,stats    ]   Trash Collection Set               34 us
[2026-04-03T03:22:29.250+0600][26.549s][info][gc,stats    ]   Rebuild Free Set                   61 us
[2026-04-03T03:22:29.251+0600][26.549s][info][gc,stats    ] Concurrent Cleanup                  461 us
[2026-04-03T03:22:29.251+0600][26.549s][info][gc,stats    ] 
[2026-04-03T03:22:29.251+0600][26.549s][info][gc,stats    ] Allocation pacing accrued:
[2026-04-03T03:22:29.251+0600][26.549s][info][gc,stats    ]       0 of   648 ms (  0.0%): <total>
[2026-04-03T03:22:29.251+0600][26.549s][info][gc,stats    ]       0 of   648 ms (  0.0%): <average total>
[2026-04-03T03:22:29.251+0600][26.549s][info][gc,stats    ] 
[2026-04-03T03:22:29.251+0600][26.549s][info][gc,metaspace] Metaspace: 69752K(70592K)->69756K(70592K) NonClass: 60858K(61312K)->60862K(61312K) Class: 8893K(9280K)->8893K(9280K)
[2026-04-03T03:22:29.251+0600][26.549s][info][gc,ergo     ] Pacer for Idle. Initial: 20480K, Alloc Tax Rate: 1.0x
[2026-04-03T03:22:29.754+0600][27.053s][info][gc          ] Trigger: Average GC time (946.12 ms) is above the time for average allocation rate (387 MB/s) to deplete free headroom (342M) (margin of error = 1.84)
[2026-04-03T03:22:29.754+0600][27.053s][info][gc,ergo     ] Free headroom: 392M (free) - 51200K (spike) - 0B (penalties) = 342M
[2026-04-03T03:22:29.754+0600][27.053s][info][gc,ergo     ] Free: 392M, Max: 256K regular, 35584K humongous, Frag: 92% external, 0% internal; Reserve: 51200K, Max: 256K
[2026-04-03T03:22:29.754+0600][27.053s][info][gc,start    ] GC(24) Concurrent reset
[2026-04-03T03:22:29.754+0600][27.053s][info][gc,task     ] GC(24) Using 3 of 6 workers for concurrent reset
[2026-04-03T03:22:29.754+0600][27.053s][info][gc,ergo     ] GC(24) Pacer for Reset. Non-Taxable: 1000M
[2026-04-03T03:22:29.757+0600][27.056s][info][gc          ] GC(24) Concurrent reset 2.595ms
[2026-04-03T03:22:29.757+0600][27.056s][info][gc,start    ] GC(24) Pause Init Mark (unload classes)
[2026-04-03T03:22:29.757+0600][27.056s][info][gc,task     ] GC(24) Using 6 of 6 workers for init marking
[2026-04-03T03:22:29.757+0600][27.056s][info][gc,ergo     ] GC(24) Pacer for Mark. Expected Live: 176M, Free: 391M, Non-Taxable: 40140K, Alloc Tax Rate: 0.6x
[2026-04-03T03:22:29.757+0600][27.056s][info][gc          ] GC(24) Pause Init Mark (unload classes) 0.214ms
[2026-04-03T03:22:29.757+0600][27.056s][info][gc,start    ] GC(24) Concurrent marking roots
[2026-04-03T03:22:29.758+0600][27.056s][info][gc,task     ] GC(24) Using 3 of 6 workers for concurrent marking roots
[2026-04-03T03:22:29.758+0600][27.057s][info][gc          ] GC(24) Concurrent marking roots 0.918ms
[2026-04-03T03:22:29.758+0600][27.057s][info][gc,start    ] GC(24) Concurrent marking (unload classes)
[2026-04-03T03:22:29.758+0600][27.057s][info][gc,task     ] GC(24) Using 3 of 6 workers for concurrent marking
[2026-04-03T03:22:30.113+0600][27.412s][info][gc          ] GC(24) Concurrent marking (unload classes) 354.247ms
[2026-04-03T03:22:30.113+0600][27.412s][info][gc,start    ] GC(24) Pause Final Mark (unload classes)
[2026-04-03T03:22:30.113+0600][27.412s][info][gc,task     ] GC(24) Using 6 of 6 workers for final marking
[2026-04-03T03:22:30.114+0600][27.413s][info][gc,ergo     ] GC(24) Adaptive CSet Selection. Target Free: 141M, Actual Free: 562M, Max CSet: 42666K, Min Garbage: 0B
[2026-04-03T03:22:30.114+0600][27.413s][info][gc,ergo     ] GC(24) Collectable Garbage: 352M (97%), Immediate: 198M (55%), CSet: 153M (42%)
[2026-04-03T03:22:30.114+0600][27.413s][info][gc,ergo     ] GC(24) Pacer for Evacuation. Used CSet: 183M, Free: 513M, Non-Taxable: 52556K, Alloc Tax Rate: 1.1x
[2026-04-03T03:22:30.114+0600][27.413s][info][gc          ] GC(24) Pause Final Mark (unload classes) 1.461ms
[2026-04-03T03:22:30.115+0600][27.413s][info][gc,start    ] GC(24) Concurrent thread roots
[2026-04-03T03:22:30.115+0600][27.414s][info][gc,task     ] GC(24) Using 3 of 6 workers for Concurrent thread roots
[2026-04-03T03:22:30.115+0600][27.414s][info][gc          ] GC(24) Concurrent thread roots 0.644ms
[2026-04-03T03:22:30.115+0600][27.414s][info][gc,start    ] GC(24) Concurrent weak references
[2026-04-03T03:22:30.115+0600][27.414s][info][gc,task     ] GC(24) Using 3 of 6 workers for concurrent weak references
[2026-04-03T03:22:30.116+0600][27.414s][info][gc,ref      ] GC(24) Encountered references: Soft: 3378, Weak: 5896, Final: 82, Phantom: 597
[2026-04-03T03:22:30.116+0600][27.415s][info][gc,ref      ] GC(24) Discovered  references: Soft: 0, Weak: 887, Final: 0, Phantom: 211
[2026-04-03T03:22:30.116+0600][27.415s][info][gc,ref      ] GC(24) Enqueued    references: Soft: 0, Weak: 5, Final: 0, Phantom: 0
[2026-04-03T03:22:30.116+0600][27.415s][info][gc          ] GC(24) Concurrent weak references 0.472ms
[2026-04-03T03:22:30.116+0600][27.415s][info][gc,start    ] GC(24) Concurrent weak roots
[2026-04-03T03:22:30.116+0600][27.415s][info][gc,task     ] GC(24) Using 3 of 6 workers for concurrent weak root
[2026-04-03T03:22:30.118+0600][27.417s][info][gc          ] GC(24) Concurrent weak roots 2.419ms
[2026-04-03T03:22:30.118+0600][27.417s][info][gc,start    ] GC(24) Concurrent cleanup
[2026-04-03T03:22:30.119+0600][27.418s][info][gc          ] GC(24) Concurrent cleanup 634M->436M(1000M) 0.510ms
[2026-04-03T03:22:30.119+0600][27.418s][info][gc,ergo     ] GC(24) Free: 511M, Max: 256K regular, 150M humongous, Frag: 71% external, 0% internal; Reserve: 51069K, Max: 256K
[2026-04-03T03:22:30.119+0600][27.418s][info][gc,start    ] GC(24) Concurrent class unloading
[2026-04-03T03:22:30.119+0600][27.418s][info][gc,task     ] GC(24) Using 3 of 6 workers for concurrent class unloading
[2026-04-03T03:22:30.127+0600][27.426s][info][gc          ] GC(24) Concurrent class unloading 7.991ms
[2026-04-03T03:22:30.127+0600][27.426s][info][gc,start    ] GC(24) Concurrent strong roots
[2026-04-03T03:22:30.127+0600][27.426s][info][gc,task     ] GC(24) Using 3 of 6 workers for concurrent strong root
[2026-04-03T03:22:30.128+0600][27.427s][info][gc          ] GC(24) Concurrent strong roots 0.913ms
[2026-04-03T03:22:30.128+0600][27.427s][info][gc,start    ] GC(24) Concurrent evacuation
[2026-04-03T03:22:30.128+0600][27.427s][info][gc,task     ] GC(24) Using 3 of 6 workers for concurrent evacuation
[2026-04-03T03:22:30.159+0600][27.458s][info][gc          ] GC(24) Concurrent evacuation 30.759ms
[2026-04-03T03:22:30.159+0600][27.458s][info][gc,start    ] GC(24) Pause Init Update Refs
[2026-04-03T03:22:30.159+0600][27.458s][info][gc,ergo     ] GC(24) Pacer for Update Refs. Used: 477M, Free: 500M, Non-Taxable: 51250K, Alloc Tax Rate: 1.2x
[2026-04-03T03:22:30.159+0600][27.458s][info][gc          ] GC(24) Pause Init Update Refs 0.088ms
[2026-04-03T03:22:30.159+0600][27.458s][info][gc,start    ] GC(24) Concurrent update references
[2026-04-03T03:22:30.160+0600][27.458s][info][gc,task     ] GC(24) Using 3 of 6 workers for concurrent reference update
[2026-04-03T03:22:30.311+0600][27.610s][info][gc          ] GC(24) Concurrent update references 151.465ms
[2026-04-03T03:22:30.311+0600][27.610s][info][gc,start    ] GC(24) Concurrent update thread roots
[2026-04-03T03:22:30.312+0600][27.611s][info][gc          ] GC(24) Concurrent update thread roots 0.976ms
[2026-04-03T03:22:30.312+0600][27.611s][info][gc,start    ] GC(24) Pause Final Update Refs
[2026-04-03T03:22:30.312+0600][27.611s][info][gc,task     ] GC(24) Using 6 of 6 workers for final reference update
[2026-04-03T03:22:30.312+0600][27.611s][info][gc          ] GC(24) Pause Final Update Refs 0.222ms
[2026-04-03T03:22:30.313+0600][27.611s][info][gc,start    ] GC(24) Concurrent cleanup
[2026-04-03T03:22:30.314+0600][27.612s][info][gc          ] GC(24) Concurrent cleanup 530M->347M(1000M) 0.917ms
[2026-04-03T03:22:30.314+0600][27.612s][info][gc,ergo     ] Free: 599M, Max: 256K regular, 443M humongous, Frag: 27% external, 0% internal; Reserve: 51200K, Max: 256K
[2026-04-03T03:22:30.314+0600][27.612s][info][gc,stats    ] 
[2026-04-03T03:22:30.314+0600][27.612s][info][gc,stats    ] All times are wall-clock times, except per-root-class counters, that are sum over
[2026-04-03T03:22:30.314+0600][27.612s][info][gc,stats    ] all workers. Dividing the <total> over the root stage time estimates parallelism.
[2026-04-03T03:22:30.314+0600][27.612s][info][gc,stats    ] 
[2026-04-03T03:22:30.314+0600][27.613s][info][gc,stats    ] Concurrent Reset                   2676 us
[2026-04-03T03:22:30.314+0600][27.613s][info][gc,stats    ] Pause Init Mark (G)                 540 us
[2026-04-03T03:22:30.314+0600][27.613s][info][gc,stats    ] Pause Init Mark (N)                 230 us
[2026-04-03T03:22:30.314+0600][27.613s][info][gc,stats    ]   Update Region States               66 us
[2026-04-03T03:22:30.314+0600][27.613s][info][gc,stats    ] Concurrent Mark Roots               956 us, parallelism: 1.65x
[2026-04-03T03:22:30.314+0600][27.613s][info][gc,stats    ]   CMR: <total>                     1574 us
[2026-04-03T03:22:30.314+0600][27.613s][info][gc,stats    ]   CMR: Thread Roots                1123 us, workers (us): 511, 104, 508, ---, ---, ---, 
[2026-04-03T03:22:30.314+0600][27.613s][info][gc,stats    ]   CMR: VM Strong Roots               51 us, workers (us):  27,  22,   1, ---, ---, ---, 
[2026-04-03T03:22:30.314+0600][27.613s][info][gc,stats    ]   CMR: CLDG Roots                   401 us, workers (us): ---, 401, ---, ---, ---, ---, 
[2026-04-03T03:22:30.314+0600][27.613s][info][gc,stats    ] Concurrent Marking               354362 us
[2026-04-03T03:22:30.314+0600][27.613s][info][gc,stats    ] Pause Final Mark (G)               1824 us
[2026-04-03T03:22:30.314+0600][27.613s][info][gc,stats    ] Pause Final Mark (N)               1475 us
[2026-04-03T03:22:30.314+0600][27.613s][info][gc,stats    ]   Finish Mark                       351 us
[2026-04-03T03:22:30.314+0600][27.613s][info][gc,stats    ]   Update Region States               97 us
[2026-04-03T03:22:30.314+0600][27.613s][info][gc,stats    ]   Choose Collection Set             723 us
[2026-04-03T03:22:30.314+0600][27.613s][info][gc,stats    ]   Rebuild Free Set                   93 us
[2026-04-03T03:22:30.314+0600][27.613s][info][gc,stats    ] Concurrent Thread Roots             698 us, parallelism: 1.73x
[2026-04-03T03:22:30.314+0600][27.613s][info][gc,stats    ]   CTR: <total>                     1209 us
[2026-04-03T03:22:30.314+0600][27.613s][info][gc,stats    ]   CTR: Thread Roots                1209 us, workers (us): 419, 422, 368, ---, ---, ---, 
[2026-04-03T03:22:30.314+0600][27.613s][info][gc,stats    ] Concurrent Weak References          488 us, parallelism: 0.45x
[2026-04-03T03:22:30.314+0600][27.613s][info][gc,stats    ]   CWRF: <total>                     220 us
[2026-04-03T03:22:30.314+0600][27.613s][info][gc,stats    ]   CWRF: Weak References             220 us, workers (us): 218,   1,   0, ---, ---, ---, 
[2026-04-03T03:22:30.314+0600][27.613s][info][gc,stats    ] Concurrent Weak Roots              2513 us
[2026-04-03T03:22:30.314+0600][27.613s][info][gc,stats    ]   Roots                            2175 us, parallelism: 2.42x
[2026-04-03T03:22:30.314+0600][27.613s][info][gc,stats    ]     CWR: <total>                   5271 us
[2026-04-03T03:22:30.314+0600][27.613s][info][gc,stats    ]     CWR: Code Cache Roots          3596 us, workers (us): 1194, 1149, 1253, ---, ---, ---, 
[2026-04-03T03:22:30.314+0600][27.613s][info][gc,stats    ]     CWR: VM Weak Roots             1589 us, workers (us): 544, 541, 504, ---, ---, ---, 
[2026-04-03T03:22:30.314+0600][27.613s][info][gc,stats    ]     CWR: CLDG Roots                  86 us, workers (us): ---, ---,  86, ---, ---, ---, 
[2026-04-03T03:22:30.314+0600][27.613s][info][gc,stats    ]   Rendezvous                        204 us
[2026-04-03T03:22:30.314+0600][27.613s][info][gc,stats    ] Concurrent Cleanup                  560 us
[2026-04-03T03:22:30.314+0600][27.613s][info][gc,stats    ] Concurrent Class Unloading         8110 us
[2026-04-03T03:22:30.314+0600][27.613s][info][gc,stats    ]   Unlink Stale                     5982 us
[2026-04-03T03:22:30.314+0600][27.613s][info][gc,stats    ]     System Dictionary               155 us
[2026-04-03T03:22:30.314+0600][27.613s][info][gc,stats    ]     Weak Class Links                  1 us
[2026-04-03T03:22:30.314+0600][27.613s][info][gc,stats    ]     Code Roots                     5820 us
[2026-04-03T03:22:30.314+0600][27.613s][info][gc,stats    ]   Rendezvous                        214 us
[2026-04-03T03:22:30.314+0600][27.613s][info][gc,stats    ]   Purge Unlinked                   1750 us
[2026-04-03T03:22:30.314+0600][27.613s][info][gc,stats    ]     Code Roots                     1721 us
[2026-04-03T03:22:30.314+0600][27.613s][info][gc,stats    ]     CLDG                             28 us
[2026-04-03T03:22:30.314+0600][27.613s][info][gc,stats    ]     Exception Caches                  1 us
[2026-04-03T03:22:30.314+0600][27.613s][info][gc,stats    ] Concurrent Strong Roots             986 us, parallelism: 0.58x
[2026-04-03T03:22:30.314+0600][27.613s][info][gc,stats    ]   CSR: <total>                      576 us
[2026-04-03T03:22:30.314+0600][27.613s][info][gc,stats    ]   CSR: VM Strong Roots               35 us, workers (us):  21,  13,   1, ---, ---, ---, 
[2026-04-03T03:22:30.314+0600][27.613s][info][gc,stats    ]   CSR: CLDG Roots                   541 us, workers (us): ---, 541, ---, ---, ---, ---, 
[2026-04-03T03:22:30.314+0600][27.613s][info][gc,stats    ] Concurrent Evacuation             30859 us
[2026-04-03T03:22:30.314+0600][27.613s][info][gc,stats    ] Pause Init Update Refs (G)          510 us
[2026-04-03T03:22:30.314+0600][27.613s][info][gc,stats    ] Pause Init Update Refs (N)          103 us
[2026-04-03T03:22:30.314+0600][27.613s][info][gc,stats    ]   Manage GCLABs                      12 us
[2026-04-03T03:22:30.314+0600][27.613s][info][gc,stats    ] Concurrent Update Refs           151560 us
[2026-04-03T03:22:30.314+0600][27.613s][info][gc,stats    ] Concurrent Update Thread Roots     1040 us
[2026-04-03T03:22:30.314+0600][27.613s][info][gc,stats    ] Pause Final Update Refs (G)         546 us
[2026-04-03T03:22:30.314+0600][27.613s][info][gc,stats    ] Pause Final Update Refs (N)         248 us
[2026-04-03T03:22:30.314+0600][27.613s][info][gc,stats    ]   Update Region States               70 us
[2026-04-03T03:22:30.314+0600][27.613s][info][gc,stats    ]   Trash Collection Set               26 us
[2026-04-03T03:22:30.314+0600][27.613s][info][gc,stats    ]   Rebuild Free Set                   60 us
[2026-04-03T03:22:30.314+0600][27.613s][info][gc,stats    ] Concurrent Cleanup                  945 us
[2026-04-03T03:22:30.314+0600][27.613s][info][gc,stats    ] Pacing                           393328 us
[2026-04-03T03:22:30.314+0600][27.613s][info][gc,stats    ] 
[2026-04-03T03:22:30.314+0600][27.613s][info][gc,stats    ] Allocation pacing accrued:
[2026-04-03T03:22:30.314+0600][27.613s][info][gc,stats    ]     129 of  1064 ms ( 12.1%): Executor task launch worker for task 0.0 in stage 1.0 (TID 3)
[2026-04-03T03:22:30.314+0600][27.613s][info][gc,stats    ]     132 of  1064 ms ( 12.4%): Executor task launch worker for task 2.0 in stage 1.0 (TID 5)
[2026-04-03T03:22:30.314+0600][27.613s][info][gc,stats    ]     132 of  1064 ms ( 12.5%): Executor task launch worker for task 1.0 in stage 1.0 (TID 4)
[2026-04-03T03:22:30.314+0600][27.613s][info][gc,stats    ]     393 of  1064 ms ( 37.0%): <total>
[2026-04-03T03:22:30.314+0600][27.613s][info][gc,stats    ]       5 of  1064 ms (  0.5%): <average total>
[2026-04-03T03:22:30.314+0600][27.613s][info][gc,stats    ]     131 of  1064 ms ( 12.3%): <average non-zero>
[2026-04-03T03:22:30.314+0600][27.613s][info][gc,stats    ] 
[2026-04-03T03:22:30.314+0600][27.613s][info][gc,metaspace] Metaspace: 69827K(70720K)->69828K(70720K) NonClass: 60925K(61440K)->60927K(61440K) Class: 8901K(9280K)->8901K(9280K)
[2026-04-03T03:22:30.314+0600][27.613s][info][gc,ergo     ] Pacer for Idle. Initial: 20480K, Alloc Tax Rate: 1.0x
[2026-04-03T03:22:30.463+0600][27.761s][info][gc          ] Trigger: Average GC time (826.88 ms) is above the time for average allocation rate (528 MB/s) to deplete free headroom (435M) (margin of error = 1.84)
[2026-04-03T03:22:30.463+0600][27.762s][info][gc,ergo     ] Free headroom: 485M (free) - 51200K (spike) - 0B (penalties) = 435M
[2026-04-03T03:22:30.463+0600][27.762s][info][gc,ergo     ] Free: 485M, Max: 256K regular, 443M humongous, Frag: 9% external, 0% internal; Reserve: 51200K, Max: 256K
[2026-04-03T03:22:30.463+0600][27.762s][info][gc,start    ] GC(25) Concurrent reset
[2026-04-03T03:22:30.463+0600][27.762s][info][gc,task     ] GC(25) Using 3 of 6 workers for concurrent reset
[2026-04-03T03:22:30.463+0600][27.762s][info][gc,ergo     ] GC(25) Pacer for Reset. Non-Taxable: 1000M
[2026-04-03T03:22:30.465+0600][27.763s][info][gc          ] GC(25) Concurrent reset 1.774ms
[2026-04-03T03:22:30.465+0600][27.764s][info][gc,start    ] GC(25) Pause Init Mark (unload classes)
[2026-04-03T03:22:30.465+0600][27.764s][info][gc,task     ] GC(25) Using 6 of 6 workers for init marking
[2026-04-03T03:22:30.465+0600][27.764s][info][gc,ergo     ] GC(25) Pacer for Mark. Expected Live: 209M, Free: 484M, Non-Taxable: 49638K, Alloc Tax Rate: 0.5x
[2026-04-03T03:22:30.465+0600][27.764s][info][gc          ] GC(25) Pause Init Mark (unload classes) 0.203ms
[2026-04-03T03:22:30.465+0600][27.764s][info][gc,start    ] GC(25) Concurrent marking roots
[2026-04-03T03:22:30.465+0600][27.764s][info][gc,task     ] GC(25) Using 3 of 6 workers for concurrent marking roots
[2026-04-03T03:22:30.466+0600][27.765s][info][gc          ] GC(25) Concurrent marking roots 0.947ms
[2026-04-03T03:22:30.466+0600][27.765s][info][gc,start    ] GC(25) Concurrent marking (unload classes)
[2026-04-03T03:22:30.466+0600][27.765s][info][gc,task     ] GC(25) Using 3 of 6 workers for concurrent marking
[2026-04-03T03:22:30.747+0600][28.046s][info][gc          ] GC(25) Concurrent marking (unload classes) 280.787ms
[2026-04-03T03:22:30.747+0600][28.046s][info][gc,start    ] GC(25) Pause Final Mark (unload classes)
[2026-04-03T03:22:30.747+0600][28.046s][info][gc,task     ] GC(25) Using 6 of 6 workers for final marking
[2026-04-03T03:22:30.748+0600][28.047s][info][gc,ergo     ] GC(25) Adaptive CSet Selection. Target Free: 141M, Actual Free: 446M, Max CSet: 42666K, Min Garbage: 0B
[2026-04-03T03:22:30.748+0600][28.047s][info][gc,ergo     ] GC(25) Collectable Garbage: 250M (96%), Immediate: 768K (0%), CSet: 249M (96%)
[2026-04-03T03:22:30.748+0600][28.047s][info][gc,ergo     ] GC(25) Pacer for Evacuation. Used CSet: 266M, Free: 397M, Non-Taxable: 40652K, Alloc Tax Rate: 1.6x
[2026-04-03T03:22:30.748+0600][28.047s][info][gc          ] GC(25) Pause Final Mark (unload classes) 0.980ms
[2026-04-03T03:22:30.748+0600][28.047s][info][gc,start    ] GC(25) Concurrent thread roots
[2026-04-03T03:22:30.748+0600][28.047s][info][gc,task     ] GC(25) Using 3 of 6 workers for Concurrent thread roots
[2026-04-03T03:22:30.749+0600][28.048s][info][gc          ] GC(25) Concurrent thread roots 0.682ms
[2026-04-03T03:22:30.749+0600][28.048s][info][gc,start    ] GC(25) Concurrent weak references
[2026-04-03T03:22:30.749+0600][28.048s][info][gc,task     ] GC(25) Using 3 of 6 workers for concurrent weak references
[2026-04-03T03:22:30.749+0600][28.048s][info][gc,ref      ] GC(25) Encountered references: Soft: 3378, Weak: 5891, Final: 82, Phantom: 597
[2026-04-03T03:22:30.749+0600][28.048s][info][gc,ref      ] GC(25) Discovered  references: Soft: 0, Weak: 978, Final: 0, Phantom: 594
[2026-04-03T03:22:30.749+0600][28.048s][info][gc,ref      ] GC(25) Enqueued    references: Soft: 0, Weak: 0, Final: 0, Phantom: 0
[2026-04-03T03:22:30.749+0600][28.048s][info][gc          ] GC(25) Concurrent weak references 0.345ms
[2026-04-03T03:22:30.749+0600][28.048s][info][gc,start    ] GC(25) Concurrent weak roots
[2026-04-03T03:22:30.749+0600][28.048s][info][gc,task     ] GC(25) Using 3 of 6 workers for concurrent weak root
[2026-04-03T03:22:30.751+0600][28.050s][info][gc          ] GC(25) Concurrent weak roots 1.586ms
[2026-04-03T03:22:30.751+0600][28.050s][info][gc,start    ] GC(25) Concurrent cleanup
[2026-04-03T03:22:30.752+0600][28.051s][info][gc          ] GC(25) Concurrent cleanup 552M->551M(1000M) 0.663ms
[2026-04-03T03:22:30.752+0600][28.051s][info][gc,ergo     ] GC(25) Free: 396M, Max: 256K regular, 395M humongous, Frag: 1% external, 0% internal; Reserve: 51125K, Max: 256K
[2026-04-03T03:22:30.752+0600][28.051s][info][gc,start    ] GC(25) Concurrent class unloading
[2026-04-03T03:22:30.752+0600][28.051s][info][gc,task     ] GC(25) Using 3 of 6 workers for concurrent class unloading
[2026-04-03T03:22:30.757+0600][28.056s][info][gc          ] GC(25) Concurrent class unloading 5.341ms
[2026-04-03T03:22:30.757+0600][28.056s][info][gc,start    ] GC(25) Concurrent strong roots
[2026-04-03T03:22:30.757+0600][28.056s][info][gc,task     ] GC(25) Using 3 of 6 workers for concurrent strong root
[2026-04-03T03:22:30.758+0600][28.057s][info][gc          ] GC(25) Concurrent strong roots 0.838ms
[2026-04-03T03:22:30.758+0600][28.057s][info][gc,start    ] GC(25) Concurrent evacuation
[2026-04-03T03:22:30.758+0600][28.057s][info][gc,task     ] GC(25) Using 3 of 6 workers for concurrent evacuation
[2026-04-03T03:22:30.778+0600][28.076s][info][gc          ] GC(25) Concurrent evacuation 19.411ms
[2026-04-03T03:22:30.778+0600][28.077s][info][gc,start    ] GC(25) Pause Init Update Refs
[2026-04-03T03:22:30.778+0600][28.077s][info][gc,ergo     ] GC(25) Pacer for Update Refs. Used: 583M, Free: 381M, Non-Taxable: 39090K, Alloc Tax Rate: 1.9x
[2026-04-03T03:22:30.778+0600][28.077s][info][gc          ] GC(25) Pause Init Update Refs 0.109ms
[2026-04-03T03:22:30.778+0600][28.077s][info][gc,start    ] GC(25) Concurrent update references
[2026-04-03T03:22:30.778+0600][28.077s][info][gc,task     ] GC(25) Using 3 of 6 workers for concurrent reference update
[2026-04-03T03:22:30.940+0600][28.239s][info][gc          ] GC(25) Concurrent update references 161.820ms
[2026-04-03T03:22:30.940+0600][28.239s][info][gc,start    ] GC(25) Concurrent update thread roots
[2026-04-03T03:22:30.941+0600][28.240s][info][gc          ] GC(25) Concurrent update thread roots 0.844ms
[2026-04-03T03:22:30.942+0600][28.241s][info][gc,start    ] GC(25) Pause Final Update Refs
[2026-04-03T03:22:30.942+0600][28.241s][info][gc,task     ] GC(25) Using 6 of 6 workers for final reference update
[2026-04-03T03:22:30.943+0600][28.241s][info][gc          ] GC(25) Pause Final Update Refs 0.336ms
[2026-04-03T03:22:30.943+0600][28.242s][info][gc,start    ] GC(25) Concurrent cleanup
[2026-04-03T03:22:30.943+0600][28.242s][info][gc          ] GC(25) Concurrent cleanup 679M->413M(1000M) 0.476ms
[2026-04-03T03:22:30.943+0600][28.242s][info][gc,ergo     ] Free: 534M, Max: 256K regular, 275M humongous, Frag: 49% external, 0% internal; Reserve: 51200K, Max: 256K
[2026-04-03T03:22:30.943+0600][28.242s][info][gc,stats    ] 
[2026-04-03T03:22:30.943+0600][28.242s][info][gc,stats    ] All times are wall-clock times, except per-root-class counters, that are sum over
[2026-04-03T03:22:30.943+0600][28.242s][info][gc,stats    ] all workers. Dividing the <total> over the root stage time estimates parallelism.
[2026-04-03T03:22:30.943+0600][28.242s][info][gc,stats    ] 
[2026-04-03T03:22:30.943+0600][28.242s][info][gc,stats    ] Concurrent Reset                   1903 us
[2026-04-03T03:22:30.943+0600][28.242s][info][gc,stats    ] Pause Init Mark (G)                 493 us
[2026-04-03T03:22:30.943+0600][28.242s][info][gc,stats    ] Pause Init Mark (N)                 214 us
[2026-04-03T03:22:30.943+0600][28.242s][info][gc,stats    ]   Update Region States               46 us
[2026-04-03T03:22:30.943+0600][28.242s][info][gc,stats    ] Concurrent Mark Roots              1035 us, parallelism: 1.40x
[2026-04-03T03:22:30.943+0600][28.242s][info][gc,stats    ]   CMR: <total>                     1451 us
[2026-04-03T03:22:30.943+0600][28.242s][info][gc,stats    ]   CMR: Thread Roots                1058 us, workers (us): 117, 472, 470, ---, ---, ---, 
[2026-04-03T03:22:30.943+0600][28.242s][info][gc,stats    ]   CMR: VM Strong Roots               37 us, workers (us):  26,   5,   6, ---, ---, ---, 
[2026-04-03T03:22:30.943+0600][28.242s][info][gc,stats    ]   CMR: CLDG Roots                   356 us, workers (us): 356, ---, ---, ---, ---, ---, 
[2026-04-03T03:22:30.943+0600][28.242s][info][gc,stats    ] Concurrent Marking               280867 us
[2026-04-03T03:22:30.944+0600][28.242s][info][gc,stats    ] Pause Final Mark (G)               1194 us
[2026-04-03T03:22:30.944+0600][28.242s][info][gc,stats    ] Pause Final Mark (N)                993 us
[2026-04-03T03:22:30.944+0600][28.242s][info][gc,stats    ]   Finish Mark                       217 us
[2026-04-03T03:22:30.944+0600][28.242s][info][gc,stats    ]   Update Region States               59 us
[2026-04-03T03:22:30.944+0600][28.242s][info][gc,stats    ]   Choose Collection Set             549 us
[2026-04-03T03:22:30.944+0600][28.242s][info][gc,stats    ]   Rebuild Free Set                   47 us
[2026-04-03T03:22:30.944+0600][28.242s][info][gc,stats    ] Concurrent Thread Roots             719 us, parallelism: 1.51x
[2026-04-03T03:22:30.944+0600][28.242s][info][gc,stats    ]   CTR: <total>                     1085 us
[2026-04-03T03:22:30.944+0600][28.242s][info][gc,stats    ]   CTR: Thread Roots                1085 us, workers (us): 383, 352, 350, ---, ---, ---, 
[2026-04-03T03:22:30.944+0600][28.242s][info][gc,stats    ] Concurrent Weak References          357 us, parallelism: 0.63x
[2026-04-03T03:22:30.944+0600][28.242s][info][gc,stats    ]   CWRF: <total>                     225 us
[2026-04-03T03:22:30.944+0600][28.242s][info][gc,stats    ]   CWRF: Weak References             225 us, workers (us): 111,  64,  50, ---, ---, ---, 
[2026-04-03T03:22:30.944+0600][28.242s][info][gc,stats    ] Concurrent Weak Roots              1643 us
[2026-04-03T03:22:30.944+0600][28.242s][info][gc,stats    ]   Roots                            1384 us, parallelism: 2.37x
[2026-04-03T03:22:30.944+0600][28.242s][info][gc,stats    ]     CWR: <total>                   3278 us
[2026-04-03T03:22:30.944+0600][28.243s][info][gc,stats    ]     CWR: Code Cache Roots          2012 us, workers (us): 688, 624, 700, ---, ---, ---, 
[2026-04-03T03:22:30.944+0600][28.243s][info][gc,stats    ]     CWR: VM Weak Roots             1209 us, workers (us): 449, 394, 367, ---, ---, ---, 
[2026-04-03T03:22:30.944+0600][28.243s][info][gc,stats    ]     CWR: CLDG Roots                  56 us, workers (us): ---,  56, ---, ---, ---, ---, 
[2026-04-03T03:22:30.944+0600][28.243s][info][gc,stats    ]   Rendezvous                        178 us
[2026-04-03T03:22:30.944+0600][28.243s][info][gc,stats    ] Concurrent Cleanup                  689 us
[2026-04-03T03:22:30.944+0600][28.243s][info][gc,stats    ] Concurrent Class Unloading         5447 us
[2026-04-03T03:22:30.944+0600][28.243s][info][gc,stats    ]   Unlink Stale                     4165 us
[2026-04-03T03:22:30.944+0600][28.243s][info][gc,stats    ]     System Dictionary                72 us
[2026-04-03T03:22:30.944+0600][28.243s][info][gc,stats    ]     Weak Class Links                  0 us
[2026-04-03T03:22:30.944+0600][28.243s][info][gc,stats    ]     Code Roots                     4090 us
[2026-04-03T03:22:30.944+0600][28.243s][info][gc,stats    ]   Rendezvous                        179 us
[2026-04-03T03:22:30.944+0600][28.243s][info][gc,stats    ]   Purge Unlinked                    967 us
[2026-04-03T03:22:30.944+0600][28.243s][info][gc,stats    ]     Code Roots                      948 us
[2026-04-03T03:22:30.944+0600][28.243s][info][gc,stats    ]     CLDG                             17 us
[2026-04-03T03:22:30.944+0600][28.243s][info][gc,stats    ]     Exception Caches                  0 us
[2026-04-03T03:22:30.944+0600][28.243s][info][gc,stats    ] Concurrent Strong Roots             912 us, parallelism: 0.54x
[2026-04-03T03:22:30.944+0600][28.243s][info][gc,stats    ]   CSR: <total>                      495 us
[2026-04-03T03:22:30.944+0600][28.243s][info][gc,stats    ]   CSR: VM Strong Roots               26 us, workers (us):  24,   1,   0, ---, ---, ---, 
[2026-04-03T03:22:30.944+0600][28.243s][info][gc,stats    ]   CSR: CLDG Roots                   469 us, workers (us): 469, ---, ---, ---, ---, ---, 
[2026-04-03T03:22:30.944+0600][28.243s][info][gc,stats    ] Concurrent Evacuation             19508 us
[2026-04-03T03:22:30.944+0600][28.243s][info][gc,stats    ] Pause Init Update Refs (G)          563 us
[2026-04-03T03:22:30.944+0600][28.243s][info][gc,stats    ] Pause Init Update Refs (N)          120 us
[2026-04-03T03:22:30.944+0600][28.243s][info][gc,stats    ]   Manage GCLABs                      26 us
[2026-04-03T03:22:30.944+0600][28.243s][info][gc,stats    ] Concurrent Update Refs           161930 us
[2026-04-03T03:22:30.944+0600][28.243s][info][gc,stats    ] Concurrent Update Thread Roots     1764 us
[2026-04-03T03:22:30.944+0600][28.243s][info][gc,stats    ] Pause Final Update Refs (G)         696 us
[2026-04-03T03:22:30.944+0600][28.243s][info][gc,stats    ] Pause Final Update Refs (N)         357 us
[2026-04-03T03:22:30.944+0600][28.243s][info][gc,stats    ]   Update Region States               76 us
[2026-04-03T03:22:30.944+0600][28.243s][info][gc,stats    ]   Trash Collection Set               27 us
[2026-04-03T03:22:30.944+0600][28.243s][info][gc,stats    ]   Rebuild Free Set                   57 us
[2026-04-03T03:22:30.944+0600][28.243s][info][gc,stats    ] Concurrent Cleanup                  504 us
[2026-04-03T03:22:30.944+0600][28.243s][info][gc,stats    ] Pacing                           378095 us
[2026-04-03T03:22:30.944+0600][28.243s][info][gc,stats    ] 
[2026-04-03T03:22:30.944+0600][28.243s][info][gc,stats    ] Allocation pacing accrued:
[2026-04-03T03:22:30.944+0600][28.243s][info][gc,stats    ]     124 of   630 ms ( 19.7%): Executor task launch worker for task 0.0 in stage 1.0 (TID 3)
[2026-04-03T03:22:30.944+0600][28.243s][info][gc,stats    ]     127 of   630 ms ( 20.1%): Executor task launch worker for task 2.0 in stage 1.0 (TID 5)
[2026-04-03T03:22:30.944+0600][28.243s][info][gc,stats    ]     127 of   630 ms ( 20.2%): Executor task launch worker for task 1.0 in stage 1.0 (TID 4)
[2026-04-03T03:22:30.944+0600][28.243s][info][gc,stats    ]     378 of   630 ms ( 60.0%): <total>
[2026-04-03T03:22:30.944+0600][28.243s][info][gc,stats    ]       5 of   630 ms (  0.8%): <average total>
[2026-04-03T03:22:30.944+0600][28.243s][info][gc,stats    ]     126 of   630 ms ( 20.0%): <average non-zero>
[2026-04-03T03:22:30.944+0600][28.243s][info][gc,stats    ] 
[2026-04-03T03:22:30.944+0600][28.243s][info][gc,metaspace] Metaspace: 69829K(70720K)->69832K(70720K) NonClass: 60927K(61440K)->60930K(61440K) Class: 8901K(9280K)->8901K(9280K)
[2026-04-03T03:22:30.944+0600][28.243s][info][gc,ergo     ] Pacer for Idle. Initial: 20480K, Alloc Tax Rate: 1.0x
[2026-04-03T03:22:31.046+0600][28.345s][info][gc          ] Trigger: Average GC time (730.64 ms) is above the time for average allocation rate (755 MB/s) to deplete free headroom (380M) (margin of error = 1.85)
[2026-04-03T03:22:31.046+0600][28.345s][info][gc,ergo     ] Free headroom: 430M (free) - 51200K (spike) - 0B (penalties) = 380M
[2026-04-03T03:22:31.046+0600][28.345s][info][gc,ergo     ] Free: 429M, Max: 256K regular, 275M humongous, Frag: 37% external, 0% internal; Reserve: 51200K, Max: 256K
[2026-04-03T03:22:31.046+0600][28.345s][info][gc,start    ] GC(26) Concurrent reset
[2026-04-03T03:22:31.046+0600][28.345s][info][gc,task     ] GC(26) Using 3 of 6 workers for concurrent reset
[2026-04-03T03:22:31.046+0600][28.345s][info][gc,ergo     ] GC(26) Pacer for Reset. Non-Taxable: 1000M
[2026-04-03T03:22:31.048+0600][28.347s][info][gc          ] GC(26) Concurrent reset 1.707ms
[2026-04-03T03:22:31.048+0600][28.347s][info][gc,start    ] GC(26) Pause Init Mark (unload classes)
[2026-04-03T03:22:31.048+0600][28.347s][info][gc,task     ] GC(26) Using 6 of 6 workers for init marking
[2026-04-03T03:22:31.048+0600][28.347s][info][gc,ergo     ] GC(26) Pacer for Mark. Expected Live: 227M, Free: 428M, Non-Taxable: 43878K, Alloc Tax Rate: 0.7x
[2026-04-03T03:22:31.048+0600][28.347s][info][gc          ] GC(26) Pause Init Mark (unload classes) 0.163ms
[2026-04-03T03:22:31.049+0600][28.347s][info][gc,start    ] GC(26) Concurrent marking roots
[2026-04-03T03:22:31.049+0600][28.347s][info][gc,task     ] GC(26) Using 3 of 6 workers for concurrent marking roots
[2026-04-03T03:22:31.049+0600][28.348s][info][gc          ] GC(26) Concurrent marking roots 0.807ms
[2026-04-03T03:22:31.049+0600][28.348s][info][gc,start    ] GC(26) Concurrent marking (unload classes)
[2026-04-03T03:22:31.049+0600][28.348s][info][gc,task     ] GC(26) Using 3 of 6 workers for concurrent marking
[2026-04-03T03:22:31.321+0600][28.619s][info][gc          ] GC(26) Concurrent marking (unload classes) 271.111ms
[2026-04-03T03:22:31.321+0600][28.620s][info][gc,start    ] GC(26) Pause Final Mark (unload classes)
[2026-04-03T03:22:31.321+0600][28.620s][info][gc,task     ] GC(26) Using 6 of 6 workers for final marking
[2026-04-03T03:22:31.321+0600][28.620s][info][gc,ergo     ] GC(26) Adaptive CSet Selection. Target Free: 141M, Actual Free: 399M, Max CSet: 42666K, Min Garbage: 0B
[2026-04-03T03:22:31.322+0600][28.621s][info][gc,ergo     ] GC(26) Collectable Garbage: 294M (96%), Immediate: 2048K (0%), CSet: 292M (95%)
[2026-04-03T03:22:31.322+0600][28.621s][info][gc,ergo     ] GC(26) Pacer for Evacuation. Used CSet: 312M, Free: 350M, Non-Taxable: 35840K, Alloc Tax Rate: 2.2x
[2026-04-03T03:22:31.322+0600][28.621s][info][gc          ] GC(26) Pause Final Mark (unload classes) 1.194ms
[2026-04-03T03:22:31.322+0600][28.621s][info][gc,start    ] GC(26) Concurrent thread roots
[2026-04-03T03:22:31.322+0600][28.621s][info][gc,task     ] GC(26) Using 3 of 6 workers for Concurrent thread roots
[2026-04-03T03:22:31.323+0600][28.621s][info][gc          ] GC(26) Concurrent thread roots 0.442ms
[2026-04-03T03:22:31.323+0600][28.621s][info][gc,start    ] GC(26) Concurrent weak references
[2026-04-03T03:22:31.323+0600][28.621s][info][gc,task     ] GC(26) Using 3 of 6 workers for concurrent weak references
[2026-04-03T03:22:31.323+0600][28.622s][info][gc,ref      ] GC(26) Encountered references: Soft: 3378, Weak: 5891, Final: 82, Phantom: 597
[2026-04-03T03:22:31.323+0600][28.622s][info][gc,ref      ] GC(26) Discovered  references: Soft: 0, Weak: 1329, Final: 0, Phantom: 211
[2026-04-03T03:22:31.323+0600][28.622s][info][gc,ref      ] GC(26) Enqueued    references: Soft: 0, Weak: 0, Final: 0, Phantom: 0
[2026-04-03T03:22:31.323+0600][28.622s][info][gc          ] GC(26) Concurrent weak references 0.345ms
[2026-04-03T03:22:31.323+0600][28.622s][info][gc,start    ] GC(26) Concurrent weak roots
[2026-04-03T03:22:31.323+0600][28.622s][info][gc,task     ] GC(26) Using 3 of 6 workers for concurrent weak root
[2026-04-03T03:22:31.325+0600][28.623s][info][gc          ] GC(26) Concurrent weak roots 1.679ms
[2026-04-03T03:22:31.325+0600][28.624s][info][gc,start    ] GC(26) Concurrent cleanup
[2026-04-03T03:22:31.325+0600][28.624s][info][gc          ] GC(26) Concurrent cleanup 601M->599M(1000M) 0.233ms
[2026-04-03T03:22:31.325+0600][28.624s][info][gc,ergo     ] GC(26) Free: 348M, Max: 256K regular, 275M humongous, Frag: 21% external, 0% internal; Reserve: 51075K, Max: 256K
[2026-04-03T03:22:31.325+0600][28.624s][info][gc,start    ] GC(26) Concurrent class unloading
[2026-04-03T03:22:31.325+0600][28.624s][info][gc,task     ] GC(26) Using 3 of 6 workers for concurrent class unloading
[2026-04-03T03:22:31.330+0600][28.629s][info][gc          ] GC(26) Concurrent class unloading 5.065ms
[2026-04-03T03:22:31.330+0600][28.629s][info][gc,start    ] GC(26) Concurrent strong roots
[2026-04-03T03:22:31.330+0600][28.629s][info][gc,task     ] GC(26) Using 3 of 6 workers for concurrent strong root
[2026-04-03T03:22:31.331+0600][28.630s][info][gc          ] GC(26) Concurrent strong roots 0.748ms
[2026-04-03T03:22:31.331+0600][28.630s][info][gc,start    ] GC(26) Concurrent evacuation
[2026-04-03T03:22:31.331+0600][28.630s][info][gc,task     ] GC(26) Using 3 of 6 workers for concurrent evacuation
[2026-04-03T03:22:31.352+0600][28.651s][info][gc          ] GC(26) Concurrent evacuation 21.399ms
[2026-04-03T03:22:31.353+0600][28.652s][info][gc,start    ] GC(26) Pause Init Update Refs
[2026-04-03T03:22:31.353+0600][28.652s][info][gc,ergo     ] GC(26) Pacer for Update Refs. Used: 634M, Free: 333M, Non-Taxable: 34175K, Alloc Tax Rate: 2.3x
[2026-04-03T03:22:31.353+0600][28.652s][info][gc          ] GC(26) Pause Init Update Refs 0.189ms
[2026-04-03T03:22:31.353+0600][28.652s][info][gc,start    ] GC(26) Concurrent update references
[2026-04-03T03:22:31.353+0600][28.652s][info][gc,task     ] GC(26) Using 3 of 6 workers for concurrent reference update
[2026-04-03T03:22:31.514+0600][28.813s][info][gc          ] GC(26) Concurrent update references 161.365ms
[2026-04-03T03:22:31.515+0600][28.813s][info][gc,start    ] GC(26) Concurrent update thread roots
[2026-04-03T03:22:31.515+0600][28.814s][info][gc          ] GC(26) Concurrent update thread roots 0.824ms
[2026-04-03T03:22:31.516+0600][28.814s][info][gc,start    ] GC(26) Pause Final Update Refs
[2026-04-03T03:22:31.516+0600][28.815s][info][gc,task     ] GC(26) Using 6 of 6 workers for final reference update
[2026-04-03T03:22:31.516+0600][28.815s][info][gc          ] GC(26) Pause Final Update Refs 0.349ms
[2026-04-03T03:22:31.516+0600][28.815s][info][gc,start    ] GC(26) Concurrent cleanup
[2026-04-03T03:22:31.517+0600][28.815s][info][gc          ] GC(26) Concurrent cleanup 727M->414M(1000M) 0.504ms
[2026-04-03T03:22:31.517+0600][28.816s][info][gc,ergo     ] Free: 532M, Max: 256K regular, 230M humongous, Frag: 57% external, 0% internal; Reserve: 51200K, Max: 256K
[2026-04-03T03:22:31.517+0600][28.816s][info][gc,stats    ] 
[2026-04-03T03:22:31.517+0600][28.816s][info][gc,stats    ] All times are wall-clock times, except per-root-class counters, that are sum over
[2026-04-03T03:22:31.517+0600][28.816s][info][gc,stats    ] all workers. Dividing the <total> over the root stage time estimates parallelism.
[2026-04-03T03:22:31.517+0600][28.816s][info][gc,stats    ] 
[2026-04-03T03:22:31.517+0600][28.816s][info][gc,stats    ] Concurrent Reset                   1773 us
[2026-04-03T03:22:31.517+0600][28.816s][info][gc,stats    ] Pause Init Mark (G)                 398 us
[2026-04-03T03:22:31.517+0600][28.816s][info][gc,stats    ] Pause Init Mark (N)                 175 us
[2026-04-03T03:22:31.517+0600][28.816s][info][gc,stats    ]   Update Region States               53 us
[2026-04-03T03:22:31.517+0600][28.816s][info][gc,stats    ] Concurrent Mark Roots               848 us, parallelism: 1.55x
[2026-04-03T03:22:31.517+0600][28.816s][info][gc,stats    ]   CMR: <total>                     1318 us
[2026-04-03T03:22:31.517+0600][28.816s][info][gc,stats    ]   CMR: Thread Roots                 985 us, workers (us): 143, 423, 419, ---, ---, ---, 
[2026-04-03T03:22:31.517+0600][28.816s][info][gc,stats    ]   CMR: VM Strong Roots               27 us, workers (us):  26,   1,   0, ---, ---, ---, 
[2026-04-03T03:22:31.517+0600][28.816s][info][gc,stats    ]   CMR: CLDG Roots                   305 us, workers (us): 305, ---, ---, ---, ---, ---, 
[2026-04-03T03:22:31.517+0600][28.816s][info][gc,stats    ] Concurrent Marking               271240 us
[2026-04-03T03:22:31.517+0600][28.816s][info][gc,stats    ] Pause Final Mark (G)               1416 us
[2026-04-03T03:22:31.517+0600][28.816s][info][gc,stats    ] Pause Final Mark (N)               1207 us
[2026-04-03T03:22:31.517+0600][28.816s][info][gc,stats    ]   Finish Mark                       355 us
[2026-04-03T03:22:31.517+0600][28.816s][info][gc,stats    ]   Update Region States               64 us
[2026-04-03T03:22:31.517+0600][28.816s][info][gc,stats    ]   Choose Collection Set             602 us
[2026-04-03T03:22:31.517+0600][28.816s][info][gc,stats    ]   Rebuild Free Set                   44 us
[2026-04-03T03:22:31.517+0600][28.816s][info][gc,stats    ] Concurrent Thread Roots             490 us, parallelism: 1.54x
[2026-04-03T03:22:31.517+0600][28.816s][info][gc,stats    ]   CTR: <total>                      754 us
[2026-04-03T03:22:31.517+0600][28.816s][info][gc,stats    ]   CTR: Thread Roots                 754 us, workers (us): 258, 257, 239, ---, ---, ---, 
[2026-04-03T03:22:31.517+0600][28.816s][info][gc,stats    ] Concurrent Weak References          357 us, parallelism: 0.69x
[2026-04-03T03:22:31.517+0600][28.816s][info][gc,stats    ]   CWRF: <total>                     247 us
[2026-04-03T03:22:31.517+0600][28.816s][info][gc,stats    ]   CWRF: Weak References             247 us, workers (us): 198,  49,   0, ---, ---, ---, 
[2026-04-03T03:22:31.517+0600][28.816s][info][gc,stats    ] Concurrent Weak Roots              1753 us
[2026-04-03T03:22:31.517+0600][28.816s][info][gc,stats    ]   Roots                            1437 us, parallelism: 2.29x
[2026-04-03T03:22:31.517+0600][28.816s][info][gc,stats    ]     CWR: <total>                   3288 us
[2026-04-03T03:22:31.517+0600][28.816s][info][gc,stats    ]     CWR: Code Cache Roots          2048 us, workers (us): 751, 687, 610, ---, ---, ---, 
[2026-04-03T03:22:31.517+0600][28.816s][info][gc,stats    ]     CWR: VM Weak Roots             1122 us, workers (us): 440, 358, 323, ---, ---, ---, 
[2026-04-03T03:22:31.517+0600][28.816s][info][gc,stats    ]     CWR: CLDG Roots                 119 us, workers (us): ---, ---, 119, ---, ---, ---, 
[2026-04-03T03:22:31.517+0600][28.816s][info][gc,stats    ]   Rendezvous                        213 us
[2026-04-03T03:22:31.517+0600][28.816s][info][gc,stats    ] Concurrent Cleanup                  255 us
[2026-04-03T03:22:31.517+0600][28.816s][info][gc,stats    ] Concurrent Class Unloading         5141 us
[2026-04-03T03:22:31.517+0600][28.816s][info][gc,stats    ]   Unlink Stale                     4541 us
[2026-04-03T03:22:31.517+0600][28.816s][info][gc,stats    ]     System Dictionary                85 us
[2026-04-03T03:22:31.517+0600][28.816s][info][gc,stats    ]     Weak Class Links                  1 us
[2026-04-03T03:22:31.517+0600][28.816s][info][gc,stats    ]     Code Roots                     4451 us
[2026-04-03T03:22:31.517+0600][28.816s][info][gc,stats    ]   Rendezvous                        258 us
[2026-04-03T03:22:31.517+0600][28.816s][info][gc,stats    ]   Purge Unlinked                    234 us
[2026-04-03T03:22:31.517+0600][28.816s][info][gc,stats    ]     Code Roots                      224 us
[2026-04-03T03:22:31.517+0600][28.816s][info][gc,stats    ]     CLDG                              9 us
[2026-04-03T03:22:31.517+0600][28.816s][info][gc,stats    ]     Exception Caches                  0 us
[2026-04-03T03:22:31.517+0600][28.816s][info][gc,stats    ] Concurrent Strong Roots             804 us, parallelism: 0.59x
[2026-04-03T03:22:31.517+0600][28.816s][info][gc,stats    ]   CSR: <total>                      476 us
[2026-04-03T03:22:31.517+0600][28.816s][info][gc,stats    ]   CSR: VM Strong Roots               26 us, workers (us):  25,   1,   0, ---, ---, ---, 
[2026-04-03T03:22:31.517+0600][28.816s][info][gc,stats    ]   CSR: CLDG Roots                   450 us, workers (us): 450, ---, ---, ---, ---, ---, 
[2026-04-03T03:22:31.517+0600][28.816s][info][gc,stats    ] Concurrent Evacuation             21505 us
[2026-04-03T03:22:31.517+0600][28.816s][info][gc,stats    ] Pause Init Update Refs (G)          586 us
[2026-04-03T03:22:31.517+0600][28.816s][info][gc,stats    ] Pause Init Update Refs (N)          204 us
[2026-04-03T03:22:31.517+0600][28.816s][info][gc,stats    ]   Manage GCLABs                      25 us
[2026-04-03T03:22:31.517+0600][28.816s][info][gc,stats    ] Concurrent Update Refs           161510 us
[2026-04-03T03:22:31.517+0600][28.816s][info][gc,stats    ] Concurrent Update Thread Roots      881 us
[2026-04-03T03:22:31.517+0600][28.816s][info][gc,stats    ] Pause Final Update Refs (G)         645 us
[2026-04-03T03:22:31.517+0600][28.816s][info][gc,stats    ] Pause Final Update Refs (N)         367 us
[2026-04-03T03:22:31.517+0600][28.816s][info][gc,stats    ]   Update Region States               74 us
[2026-04-03T03:22:31.517+0600][28.816s][info][gc,stats    ]   Trash Collection Set               27 us
[2026-04-03T03:22:31.517+0600][28.816s][info][gc,stats    ]   Rebuild Free Set                   52 us
[2026-04-03T03:22:31.517+0600][28.816s][info][gc,stats    ] Concurrent Cleanup                  536 us
[2026-04-03T03:22:31.518+0600][28.816s][info][gc,stats    ] Pacing                           415869 us
[2026-04-03T03:22:31.518+0600][28.816s][info][gc,stats    ] 
[2026-04-03T03:22:31.518+0600][28.816s][info][gc,stats    ] Allocation pacing accrued:
[2026-04-03T03:22:31.518+0600][28.816s][info][gc,stats    ]      11 of   573 ms (  2.0%): executor-kill-mark-cleanup
[2026-04-03T03:22:31.518+0600][28.816s][info][gc,stats    ]     136 of   573 ms ( 23.6%): Executor task launch worker for task 0.0 in stage 1.0 (TID 3)
[2026-04-03T03:22:31.518+0600][28.816s][info][gc,stats    ]     136 of   573 ms ( 23.7%): Executor task launch worker for task 2.0 in stage 1.0 (TID 5)
[2026-04-03T03:22:31.518+0600][28.816s][info][gc,stats    ]     133 of   573 ms ( 23.2%): Executor task launch worker for task 1.0 in stage 1.0 (TID 4)
[2026-04-03T03:22:31.518+0600][28.816s][info][gc,stats    ]     416 of   573 ms ( 72.5%): <total>
[2026-04-03T03:22:31.518+0600][28.816s][info][gc,stats    ]       6 of   573 ms (  1.0%): <average total>
[2026-04-03T03:22:31.518+0600][28.816s][info][gc,stats    ]     104 of   573 ms ( 18.1%): <average non-zero>
[2026-04-03T03:22:31.518+0600][28.816s][info][gc,stats    ] 
[2026-04-03T03:22:31.518+0600][28.816s][info][gc,metaspace] Metaspace: 69832K(70720K)->69832K(70720K) NonClass: 60930K(61440K)->60930K(61440K) Class: 8901K(9280K)->8901K(9280K)
[2026-04-03T03:22:31.518+0600][28.817s][info][gc,ergo     ] Pacer for Idle. Initial: 20480K, Alloc Tax Rate: 1.0x
[2026-04-03T03:22:31.619+0600][28.918s][info][gc          ] Trigger: Average GC time (653.18 ms) is above the time for average allocation rate (713 MB/s) to deplete free headroom (399M) (margin of error = 1.85)
[2026-04-03T03:22:31.619+0600][28.918s][info][gc,ergo     ] Free headroom: 449M (free) - 51200K (spike) - 0B (penalties) = 399M
[2026-04-03T03:22:31.619+0600][28.918s][info][gc,ergo     ] Free: 448M, Max: 256K regular, 230M humongous, Frag: 49% external, 0% internal; Reserve: 51200K, Max: 256K
[2026-04-03T03:22:31.619+0600][28.918s][info][gc,start    ] GC(27) Concurrent reset
[2026-04-03T03:22:31.619+0600][28.918s][info][gc,task     ] GC(27) Using 3 of 6 workers for concurrent reset
[2026-04-03T03:22:31.619+0600][28.918s][info][gc,ergo     ] GC(27) Pacer for Reset. Non-Taxable: 1000M
[2026-04-03T03:22:31.621+0600][28.920s][info][gc          ] GC(27) Concurrent reset 2.025ms
[2026-04-03T03:22:31.621+0600][28.920s][info][gc,start    ] GC(27) Pause Init Mark (unload classes)
[2026-04-03T03:22:31.621+0600][28.920s][info][gc,task     ] GC(27) Using 6 of 6 workers for init marking
[2026-04-03T03:22:31.622+0600][28.920s][info][gc,ergo     ] GC(27) Pacer for Mark. Expected Live: 228M, Free: 447M, Non-Taxable: 45798K, Alloc Tax Rate: 0.6x
[2026-04-03T03:22:31.622+0600][28.920s][info][gc          ] GC(27) Pause Init Mark (unload classes) 0.174ms
[2026-04-03T03:22:31.622+0600][28.920s][info][gc,start    ] GC(27) Concurrent marking roots
[2026-04-03T03:22:31.622+0600][28.921s][info][gc,task     ] GC(27) Using 3 of 6 workers for concurrent marking roots
[2026-04-03T03:22:31.623+0600][28.921s][info][gc          ] GC(27) Concurrent marking roots 0.869ms
[2026-04-03T03:22:31.623+0600][28.921s][info][gc,start    ] GC(27) Concurrent marking (unload classes)
[2026-04-03T03:22:31.623+0600][28.921s][info][gc,task     ] GC(27) Using 3 of 6 workers for concurrent marking
[2026-04-03T03:22:31.934+0600][29.233s][info][gc          ] GC(27) Concurrent marking (unload classes) 311.576ms
[2026-04-03T03:22:31.934+0600][29.233s][info][gc,start    ] GC(27) Pause Final Mark (unload classes)
[2026-04-03T03:22:31.934+0600][29.233s][info][gc,task     ] GC(27) Using 6 of 6 workers for final marking
[2026-04-03T03:22:31.935+0600][29.234s][info][gc,ergo     ] GC(27) Adaptive CSet Selection. Target Free: 141M, Actual Free: 407M, Max CSet: 42666K, Min Garbage: 0B
[2026-04-03T03:22:31.936+0600][29.234s][info][gc,ergo     ] GC(27) Collectable Garbage: 259M (95%), Immediate: 8192K (2%), CSet: 251M (92%)
[2026-04-03T03:22:31.936+0600][29.234s][info][gc,ergo     ] GC(27) Pacer for Evacuation. Used CSet: 269M, Free: 358M, Non-Taxable: 36710K, Alloc Tax Rate: 1.8x
[2026-04-03T03:22:31.936+0600][29.234s][info][gc          ] GC(27) Pause Final Mark (unload classes) 1.233ms
[2026-04-03T03:22:31.936+0600][29.235s][info][gc,start    ] GC(27) Concurrent thread roots
[2026-04-03T03:22:31.936+0600][29.235s][info][gc,task     ] GC(27) Using 3 of 6 workers for Concurrent thread roots
[2026-04-03T03:22:31.936+0600][29.235s][info][gc          ] GC(27) Concurrent thread roots 0.417ms
[2026-04-03T03:22:31.936+0600][29.235s][info][gc,start    ] GC(27) Concurrent weak references
[2026-04-03T03:22:31.936+0600][29.235s][info][gc,task     ] GC(27) Using 3 of 6 workers for concurrent weak references
[2026-04-03T03:22:31.936+0600][29.235s][info][gc,ref      ] GC(27) Encountered references: Soft: 3378, Weak: 5891, Final: 82, Phantom: 597
[2026-04-03T03:22:31.936+0600][29.235s][info][gc,ref      ] GC(27) Discovered  references: Soft: 0, Weak: 795, Final: 0, Phantom: 593
[2026-04-03T03:22:31.936+0600][29.235s][info][gc,ref      ] GC(27) Enqueued    references: Soft: 0, Weak: 0, Final: 0, Phantom: 0
[2026-04-03T03:22:31.937+0600][29.235s][info][gc          ] GC(27) Concurrent weak references 0.272ms
[2026-04-03T03:22:31.937+0600][29.235s][info][gc,start    ] GC(27) Concurrent weak roots
[2026-04-03T03:22:31.937+0600][29.235s][info][gc,task     ] GC(27) Using 3 of 6 workers for concurrent weak root
[2026-04-03T03:22:31.938+0600][29.237s][info][gc          ] GC(27) Concurrent weak roots 1.812ms
[2026-04-03T03:22:31.938+0600][29.237s][info][gc,start    ] GC(27) Concurrent cleanup
[2026-04-03T03:22:31.939+0600][29.237s][info][gc          ] GC(27) Concurrent cleanup 598M->590M(1000M) 0.244ms
[2026-04-03T03:22:31.939+0600][29.237s][info][gc,ergo     ] GC(27) Free: 356M, Max: 256K regular, 230M humongous, Frag: 36% external, 0% internal; Reserve: 51119K, Max: 256K
[2026-04-03T03:22:31.939+0600][29.238s][info][gc,start    ] GC(27) Concurrent class unloading
[2026-04-03T03:22:31.939+0600][29.238s][info][gc,task     ] GC(27) Using 3 of 6 workers for concurrent class unloading
[2026-04-03T03:22:31.944+0600][29.243s][info][gc          ] GC(27) Concurrent class unloading 4.995ms
[2026-04-03T03:22:31.944+0600][29.243s][info][gc,start    ] GC(27) Concurrent strong roots
[2026-04-03T03:22:31.944+0600][29.243s][info][gc,task     ] GC(27) Using 3 of 6 workers for concurrent strong root
[2026-04-03T03:22:31.945+0600][29.243s][info][gc          ] GC(27) Concurrent strong roots 0.792ms
[2026-04-03T03:22:31.945+0600][29.243s][info][gc,start    ] GC(27) Concurrent evacuation
[2026-04-03T03:22:31.945+0600][29.243s][info][gc,task     ] GC(27) Using 3 of 6 workers for concurrent evacuation
[2026-04-03T03:22:31.964+0600][29.263s][info][gc          ] GC(27) Concurrent evacuation 19.806ms
[2026-04-03T03:22:31.965+0600][29.264s][info][gc,start    ] GC(27) Pause Init Update Refs
[2026-04-03T03:22:31.965+0600][29.264s][info][gc,ergo     ] GC(27) Pacer for Update Refs. Used: 624M, Free: 341M, Non-Taxable: 34969K, Alloc Tax Rate: 2.2x
[2026-04-03T03:22:31.965+0600][29.264s][info][gc          ] GC(27) Pause Init Update Refs 0.186ms
[2026-04-03T03:22:31.965+0600][29.264s][info][gc,start    ] GC(27) Concurrent update references
[2026-04-03T03:22:31.966+0600][29.264s][info][gc,task     ] GC(27) Using 3 of 6 workers for concurrent reference update
[2026-04-03T03:22:32.130+0600][29.429s][info][gc          ] GC(27) Concurrent update references 164.576ms
[2026-04-03T03:22:32.130+0600][29.429s][info][gc,start    ] GC(27) Concurrent update thread roots
[2026-04-03T03:22:32.131+0600][29.430s][info][gc          ] GC(27) Concurrent update thread roots 0.762ms
[2026-04-03T03:22:32.131+0600][29.430s][info][gc,start    ] GC(27) Pause Final Update Refs
[2026-04-03T03:22:32.131+0600][29.430s][info][gc,task     ] GC(27) Using 6 of 6 workers for final reference update
[2026-04-03T03:22:32.131+0600][29.430s][info][gc          ] GC(27) Pause Final Update Refs 0.238ms
[2026-04-03T03:22:32.131+0600][29.430s][info][gc,start    ] GC(27) Concurrent cleanup
[2026-04-03T03:22:32.132+0600][29.431s][info][gc          ] GC(27) Concurrent cleanup 723M->455M(1000M) 0.649ms
[2026-04-03T03:22:32.132+0600][29.431s][info][gc,ergo     ] Free: 492M, Max: 256K regular, 223M humongous, Frag: 55% external, 0% internal; Reserve: 51200K, Max: 256K
[2026-04-03T03:22:32.132+0600][29.431s][info][gc,stats    ] 
[2026-04-03T03:22:32.132+0600][29.431s][info][gc,stats    ] All times are wall-clock times, except per-root-class counters, that are sum over
[2026-04-03T03:22:32.132+0600][29.431s][info][gc,stats    ] all workers. Dividing the <total> over the root stage time estimates parallelism.
[2026-04-03T03:22:32.132+0600][29.431s][info][gc,stats    ] 
[2026-04-03T03:22:32.132+0600][29.431s][info][gc,stats    ] Concurrent Reset                   2114 us
[2026-04-03T03:22:32.132+0600][29.431s][info][gc,stats    ] Pause Init Mark (G)                 536 us
[2026-04-03T03:22:32.132+0600][29.431s][info][gc,stats    ] Pause Init Mark (N)                 187 us
[2026-04-03T03:22:32.132+0600][29.431s][info][gc,stats    ]   Update Region States               47 us
[2026-04-03T03:22:32.132+0600][29.431s][info][gc,stats    ] Concurrent Mark Roots               914 us, parallelism: 1.62x
[2026-04-03T03:22:32.132+0600][29.431s][info][gc,stats    ]   CMR: <total>                     1484 us
[2026-04-03T03:22:32.132+0600][29.431s][info][gc,stats    ]   CMR: Thread Roots                1107 us, workers (us): 148, 490, 469, ---, ---, ---, 
[2026-04-03T03:22:32.132+0600][29.431s][info][gc,stats    ]   CMR: VM Strong Roots               37 us, workers (us):  21,  15,   1, ---, ---, ---, 
[2026-04-03T03:22:32.132+0600][29.431s][info][gc,stats    ]   CMR: CLDG Roots                   340 us, workers (us): 340, ---, ---, ---, ---, ---, 
[2026-04-03T03:22:32.132+0600][29.431s][info][gc,stats    ] Concurrent Marking               311650 us
[2026-04-03T03:22:32.132+0600][29.431s][info][gc,stats    ] Pause Final Mark (G)               1523 us
[2026-04-03T03:22:32.132+0600][29.431s][info][gc,stats    ] Pause Final Mark (N)               1247 us
[2026-04-03T03:22:32.132+0600][29.431s][info][gc,stats    ]   Finish Mark                       455 us
[2026-04-03T03:22:32.132+0600][29.431s][info][gc,stats    ]   Update Region States               68 us
[2026-04-03T03:22:32.133+0600][29.431s][info][gc,stats    ]   Choose Collection Set             589 us
[2026-04-03T03:22:32.133+0600][29.431s][info][gc,stats    ]   Rebuild Free Set                   40 us
[2026-04-03T03:22:32.133+0600][29.431s][info][gc,stats    ] Concurrent Thread Roots             472 us, parallelism: 1.89x
[2026-04-03T03:22:32.133+0600][29.431s][info][gc,stats    ]   CTR: <total>                      894 us
[2026-04-03T03:22:32.133+0600][29.431s][info][gc,stats    ]   CTR: Thread Roots                 894 us, workers (us): 303, 296, 295, ---, ---, ---, 
[2026-04-03T03:22:32.133+0600][29.431s][info][gc,stats    ] Concurrent Weak References          282 us, parallelism: 0.77x
[2026-04-03T03:22:32.133+0600][29.431s][info][gc,stats    ]   CWRF: <total>                     216 us
[2026-04-03T03:22:32.133+0600][29.431s][info][gc,stats    ]   CWRF: Weak References             216 us, workers (us): 122,  94,   1, ---, ---, ---, 
[2026-04-03T03:22:32.133+0600][29.431s][info][gc,stats    ] Concurrent Weak Roots              1870 us
[2026-04-03T03:22:32.133+0600][29.431s][info][gc,stats    ]   Roots                            1639 us, parallelism: 2.30x
[2026-04-03T03:22:32.133+0600][29.431s][info][gc,stats    ]     CWR: <total>                   3774 us
[2026-04-03T03:22:32.133+0600][29.431s][info][gc,stats    ]     CWR: Code Cache Roots          2433 us, workers (us): 919, 786, 729, ---, ---, ---, 
[2026-04-03T03:22:32.133+0600][29.431s][info][gc,stats    ]     CWR: VM Weak Roots             1242 us, workers (us): 483, 382, 377, ---, ---, ---, 
[2026-04-03T03:22:32.133+0600][29.431s][info][gc,stats    ]     CWR: CLDG Roots                  99 us, workers (us): ---, ---,  99, ---, ---, ---, 
[2026-04-03T03:22:32.133+0600][29.431s][info][gc,stats    ]   Rendezvous                        150 us
[2026-04-03T03:22:32.133+0600][29.431s][info][gc,stats    ] Concurrent Cleanup                  268 us
[2026-04-03T03:22:32.133+0600][29.431s][info][gc,stats    ] Concurrent Class Unloading         5082 us
[2026-04-03T03:22:32.133+0600][29.431s][info][gc,stats    ]   Unlink Stale                     4579 us
[2026-04-03T03:22:32.133+0600][29.431s][info][gc,stats    ]     System Dictionary               104 us
[2026-04-03T03:22:32.133+0600][29.431s][info][gc,stats    ]     Weak Class Links                  1 us
[2026-04-03T03:22:32.133+0600][29.431s][info][gc,stats    ]     Code Roots                     4470 us
[2026-04-03T03:22:32.133+0600][29.431s][info][gc,stats    ]   Rendezvous                        191 us
[2026-04-03T03:22:32.133+0600][29.431s][info][gc,stats    ]   Purge Unlinked                    193 us
[2026-04-03T03:22:32.133+0600][29.431s][info][gc,stats    ]     Code Roots                      166 us
[2026-04-03T03:22:32.133+0600][29.431s][info][gc,stats    ]     CLDG                             26 us
[2026-04-03T03:22:32.133+0600][29.431s][info][gc,stats    ]     Exception Caches                  0 us
[2026-04-03T03:22:32.133+0600][29.432s][info][gc,stats    ] Concurrent Strong Roots             852 us, parallelism: 0.55x
[2026-04-03T03:22:32.133+0600][29.432s][info][gc,stats    ]   CSR: <total>                      465 us
[2026-04-03T03:22:32.133+0600][29.432s][info][gc,stats    ]   CSR: VM Strong Roots               27 us, workers (us):  21,   5,   1, ---, ---, ---, 
[2026-04-03T03:22:32.133+0600][29.432s][info][gc,stats    ]   CSR: CLDG Roots                   438 us, workers (us): 438, ---, ---, ---, ---, ---, 
[2026-04-03T03:22:32.133+0600][29.432s][info][gc,stats    ] Concurrent Evacuation             19931 us
[2026-04-03T03:22:32.133+0600][29.432s][info][gc,stats    ] Pause Init Update Refs (G)          847 us
[2026-04-03T03:22:32.133+0600][29.432s][info][gc,stats    ] Pause Init Update Refs (N)          199 us
[2026-04-03T03:22:32.133+0600][29.432s][info][gc,stats    ]   Manage GCLABs                      45 us
[2026-04-03T03:22:32.133+0600][29.432s][info][gc,stats    ] Concurrent Update Refs           164673 us
[2026-04-03T03:22:32.133+0600][29.432s][info][gc,stats    ] Concurrent Update Thread Roots      825 us
[2026-04-03T03:22:32.133+0600][29.432s][info][gc,stats    ] Pause Final Update Refs (G)         551 us
[2026-04-03T03:22:32.133+0600][29.432s][info][gc,stats    ] Pause Final Update Refs (N)         262 us
[2026-04-03T03:22:32.133+0600][29.432s][info][gc,stats    ]   Update Region States               81 us
[2026-04-03T03:22:32.133+0600][29.432s][info][gc,stats    ]   Trash Collection Set               28 us
[2026-04-03T03:22:32.133+0600][29.432s][info][gc,stats    ]   Rebuild Free Set                   47 us
[2026-04-03T03:22:32.133+0600][29.432s][info][gc,stats    ] Concurrent Cleanup                  732 us
[2026-04-03T03:22:32.133+0600][29.432s][info][gc,stats    ] Pacing                           445917 us
[2026-04-03T03:22:32.133+0600][29.432s][info][gc,stats    ] 
[2026-04-03T03:22:32.133+0600][29.432s][info][gc,stats    ] Allocation pacing accrued:
[2026-04-03T03:22:32.133+0600][29.432s][info][gc,stats    ]     153 of   615 ms ( 24.8%): Executor task launch worker for task 0.0 in stage 1.0 (TID 3)
[2026-04-03T03:22:32.133+0600][29.432s][info][gc,stats    ]     147 of   615 ms ( 23.9%): Executor task launch worker for task 2.0 in stage 1.0 (TID 5)
[2026-04-03T03:22:32.133+0600][29.432s][info][gc,stats    ]     146 of   615 ms ( 23.7%): Executor task launch worker for task 1.0 in stage 1.0 (TID 4)
[2026-04-03T03:22:32.133+0600][29.432s][info][gc,stats    ]     446 of   615 ms ( 72.5%): <total>
[2026-04-03T03:22:32.133+0600][29.432s][info][gc,stats    ]       6 of   615 ms (  1.0%): <average total>
[2026-04-03T03:22:32.133+0600][29.432s][info][gc,stats    ]     149 of   615 ms ( 24.2%): <average non-zero>
[2026-04-03T03:22:32.133+0600][29.432s][info][gc,stats    ] 
[2026-04-03T03:22:32.133+0600][29.432s][info][gc,metaspace] Metaspace: 69832K(70720K)->69832K(70720K) NonClass: 60930K(61440K)->60930K(61440K) Class: 8901K(9280K)->8901K(9280K)
[2026-04-03T03:22:32.133+0600][29.432s][info][gc,ergo     ] Pacer for Idle. Initial: 20480K, Alloc Tax Rate: 1.0x
[2026-04-03T03:22:32.235+0600][29.533s][info][gc          ] Trigger: Average GC time (614.97 ms) is above the time for average allocation rate (666 MB/s) to deplete free headroom (366M) (margin of error = 1.85)
[2026-04-03T03:22:32.235+0600][29.533s][info][gc,ergo     ] Free headroom: 416M (free) - 51200K (spike) - 0B (penalties) = 366M
[2026-04-03T03:22:32.235+0600][29.534s][info][gc,ergo     ] Free: 416M, Max: 256K regular, 223M humongous, Frag: 47% external, 0% internal; Reserve: 51200K, Max: 256K
[2026-04-03T03:22:32.235+0600][29.534s][info][gc,start    ] GC(28) Concurrent reset
[2026-04-03T03:22:32.235+0600][29.534s][info][gc,task     ] GC(28) Using 3 of 6 workers for concurrent reset
[2026-04-03T03:22:32.235+0600][29.534s][info][gc,ergo     ] GC(28) Pacer for Reset. Non-Taxable: 1000M
[2026-04-03T03:22:32.237+0600][29.536s][info][gc          ] GC(28) Concurrent reset 2.006ms
[2026-04-03T03:22:32.237+0600][29.536s][info][gc,start    ] GC(28) Pause Init Mark (unload classes)
[2026-04-03T03:22:32.237+0600][29.536s][info][gc,task     ] GC(28) Using 6 of 6 workers for init marking
[2026-04-03T03:22:32.237+0600][29.536s][info][gc,ergo     ] GC(28) Pacer for Mark. Expected Live: 222M, Free: 415M, Non-Taxable: 42547K, Alloc Tax Rate: 0.7x
[2026-04-03T03:22:32.237+0600][29.536s][info][gc          ] GC(28) Pause Init Mark (unload classes) 0.150ms
[2026-04-03T03:22:32.237+0600][29.536s][info][gc,start    ] GC(28) Concurrent marking roots
[2026-04-03T03:22:32.237+0600][29.536s][info][gc,task     ] GC(28) Using 3 of 6 workers for concurrent marking roots
[2026-04-03T03:22:32.238+0600][29.537s][info][gc          ] GC(28) Concurrent marking roots 0.891ms
[2026-04-03T03:22:32.238+0600][29.537s][info][gc,start    ] GC(28) Concurrent marking (unload classes)
[2026-04-03T03:22:32.238+0600][29.537s][info][gc,task     ] GC(28) Using 3 of 6 workers for concurrent marking
[2026-04-03T03:22:32.792+0600][30.091s][info][gc          ] GC(28) Concurrent marking (unload classes) 553.603ms
[2026-04-03T03:22:32.792+0600][30.091s][info][gc,start    ] GC(28) Pause Final Mark (unload classes)
[2026-04-03T03:22:32.792+0600][30.091s][info][gc,task     ] GC(28) Using 6 of 6 workers for final marking
[2026-04-03T03:22:32.793+0600][30.092s][info][gc,ergo     ] GC(28) Adaptive CSet Selection. Target Free: 141M, Actual Free: 373M, Max CSet: 42666K, Min Garbage: 0B
[2026-04-03T03:22:32.794+0600][30.093s][info][gc,ergo     ] GC(28) Collectable Garbage: 285M (95%), Immediate: 0B (0%), CSet: 285M (95%)
[2026-04-03T03:22:32.794+0600][30.093s][info][gc,ergo     ] GC(28) Pacer for Evacuation. Used CSet: 307M, Free: 324M, Non-Taxable: 33177K, Alloc Tax Rate: 2.3x
[2026-04-03T03:22:32.794+0600][30.093s][info][gc          ] GC(28) Pause Final Mark (unload classes) 1.508ms
[2026-04-03T03:22:32.794+0600][30.093s][info][gc,start    ] GC(28) Concurrent thread roots
[2026-04-03T03:22:32.794+0600][30.093s][info][gc,task     ] GC(28) Using 3 of 6 workers for Concurrent thread roots
[2026-04-03T03:22:32.795+0600][30.094s][info][gc          ] GC(28) Concurrent thread roots 0.693ms
[2026-04-03T03:22:32.795+0600][30.094s][info][gc,start    ] GC(28) Concurrent weak references
[2026-04-03T03:22:32.795+0600][30.094s][info][gc,task     ] GC(28) Using 3 of 6 workers for concurrent weak references
[2026-04-03T03:22:32.795+0600][30.094s][info][gc,ref      ] GC(28) Encountered references: Soft: 3378, Weak: 5898, Final: 82, Phantom: 596
[2026-04-03T03:22:32.795+0600][30.094s][info][gc,ref      ] GC(28) Discovered  references: Soft: 0, Weak: 537, Final: 0, Phantom: 592
[2026-04-03T03:22:32.795+0600][30.094s][info][gc,ref      ] GC(28) Enqueued    references: Soft: 0, Weak: 3, Final: 0, Phantom: 0
[2026-04-03T03:22:32.795+0600][30.094s][info][gc          ] GC(28) Concurrent weak references 0.297ms
[2026-04-03T03:22:32.795+0600][30.094s][info][gc,start    ] GC(28) Concurrent weak roots
[2026-04-03T03:22:32.795+0600][30.094s][info][gc,task     ] GC(28) Using 3 of 6 workers for concurrent weak root
[2026-04-03T03:22:32.798+0600][30.096s][info][gc          ] GC(28) Concurrent weak roots 2.383ms
[2026-04-03T03:22:32.798+0600][30.096s][info][gc,start    ] GC(28) Concurrent cleanup
[2026-04-03T03:22:32.798+0600][30.097s][info][gc          ] GC(28) Concurrent cleanup 623M->623M(1000M) 0.288ms
[2026-04-03T03:22:32.798+0600][30.097s][info][gc,ergo     ] GC(28) Free: 323M, Max: 256K regular, 223M humongous, Frag: 31% external, 0% internal; Reserve: 50679K, Max: 256K
[2026-04-03T03:22:32.798+0600][30.097s][info][gc,start    ] GC(28) Concurrent class unloading
[2026-04-03T03:22:32.798+0600][30.097s][info][gc,task     ] GC(28) Using 3 of 6 workers for concurrent class unloading
[2026-04-03T03:22:32.804+0600][30.103s][info][gc          ] GC(28) Concurrent class unloading 6.501ms
[2026-04-03T03:22:32.805+0600][30.103s][info][gc,start    ] GC(28) Concurrent strong roots
[2026-04-03T03:22:32.805+0600][30.103s][info][gc,task     ] GC(28) Using 3 of 6 workers for concurrent strong root
[2026-04-03T03:22:32.805+0600][30.104s][info][gc          ] GC(28) Concurrent strong roots 0.847ms
[2026-04-03T03:22:32.805+0600][30.104s][info][gc,start    ] GC(28) Concurrent evacuation
[2026-04-03T03:22:32.805+0600][30.104s][info][gc,task     ] GC(28) Using 3 of 6 workers for concurrent evacuation
[2026-04-03T03:22:32.831+0600][30.130s][info][gc          ] GC(28) Concurrent evacuation 25.916ms
[2026-04-03T03:22:32.832+0600][30.131s][info][gc,start    ] GC(28) Pause Init Update Refs
[2026-04-03T03:22:32.832+0600][30.131s][info][gc,ergo     ] GC(28) Pacer for Update Refs. Used: 651M, Free: 318M, Non-Taxable: 32639K, Alloc Tax Rate: 2.5x
[2026-04-03T03:22:32.832+0600][30.131s][info][gc          ] GC(28) Pause Init Update Refs 0.192ms
[2026-04-03T03:22:32.832+0600][30.131s][info][gc,start    ] GC(28) Concurrent update references
[2026-04-03T03:22:32.832+0600][30.131s][info][gc,task     ] GC(28) Using 3 of 6 workers for concurrent reference update
[2026-04-03T03:22:33.028+0600][30.327s][info][gc          ] GC(28) Concurrent update references 195.756ms
[2026-04-03T03:22:33.028+0600][30.327s][info][gc,start    ] GC(28) Concurrent update thread roots
[2026-04-03T03:22:33.029+0600][30.328s][info][gc          ] GC(28) Concurrent update thread roots 0.730ms
[2026-04-03T03:22:33.029+0600][30.328s][info][gc,start    ] GC(28) Pause Final Update Refs
[2026-04-03T03:22:33.029+0600][30.328s][info][gc,task     ] GC(28) Using 6 of 6 workers for final reference update
[2026-04-03T03:22:33.029+0600][30.328s][info][gc          ] GC(28) Pause Final Update Refs 0.364ms
[2026-04-03T03:22:33.030+0600][30.328s][info][gc,start    ] GC(28) Concurrent cleanup
[2026-04-03T03:22:33.030+0600][30.329s][info][gc          ] GC(28) Concurrent cleanup 684M->376M(1000M) 0.513ms
[2026-04-03T03:22:33.030+0600][30.329s][info][gc,ergo     ] Free: 570M, Max: 256K regular, 216M humongous, Frag: 63% external, 0% internal; Reserve: 51200K, Max: 256K
[2026-04-03T03:22:33.030+0600][30.329s][info][gc,stats    ] 
[2026-04-03T03:22:33.030+0600][30.329s][info][gc,stats    ] All times are wall-clock times, except per-root-class counters, that are sum over
[2026-04-03T03:22:33.030+0600][30.329s][info][gc,stats    ] all workers. Dividing the <total> over the root stage time estimates parallelism.
[2026-04-03T03:22:33.030+0600][30.329s][info][gc,stats    ] 
[2026-04-03T03:22:33.030+0600][30.329s][info][gc,stats    ] Concurrent Reset                   2088 us
[2026-04-03T03:22:33.030+0600][30.329s][info][gc,stats    ] Pause Init Mark (G)                 545 us
[2026-04-03T03:22:33.030+0600][30.329s][info][gc,stats    ] Pause Init Mark (N)                 163 us
[2026-04-03T03:22:33.030+0600][30.329s][info][gc,stats    ]   Update Region States               46 us
[2026-04-03T03:22:33.030+0600][30.329s][info][gc,stats    ] Concurrent Mark Roots               942 us, parallelism: 1.41x
[2026-04-03T03:22:33.030+0600][30.329s][info][gc,stats    ]   CMR: <total>                     1332 us
[2026-04-03T03:22:33.030+0600][30.329s][info][gc,stats    ]   CMR: Thread Roots                 992 us, workers (us): 322, 405, 265, ---, ---, ---, 
[2026-04-03T03:22:33.030+0600][30.329s][info][gc,stats    ]   CMR: VM Strong Roots              125 us, workers (us): 119,   5,   1, ---, ---, ---, 
[2026-04-03T03:22:33.030+0600][30.329s][info][gc,stats    ]   CMR: CLDG Roots                   215 us, workers (us): ---, ---, 215, ---, ---, ---, 
[2026-04-03T03:22:33.030+0600][30.329s][info][gc,stats    ] Concurrent Marking               553707 us
[2026-04-03T03:22:33.030+0600][30.329s][info][gc,stats    ] Pause Final Mark (G)               1919 us
[2026-04-03T03:22:33.030+0600][30.329s][info][gc,stats    ] Pause Final Mark (N)               1529 us
[2026-04-03T03:22:33.030+0600][30.329s][info][gc,stats    ]   Finish Mark                       231 us
[2026-04-03T03:22:33.030+0600][30.329s][info][gc,stats    ]   Update Region States              227 us
[2026-04-03T03:22:33.030+0600][30.329s][info][gc,stats    ]   Choose Collection Set             864 us
[2026-04-03T03:22:33.031+0600][30.329s][info][gc,stats    ]   Rebuild Free Set                   66 us
[2026-04-03T03:22:33.031+0600][30.329s][info][gc,stats    ] Concurrent Thread Roots             776 us, parallelism: 1.61x
[2026-04-03T03:22:33.031+0600][30.329s][info][gc,stats    ]   CTR: <total>                     1249 us
[2026-04-03T03:22:33.031+0600][30.329s][info][gc,stats    ]   CTR: Thread Roots                1249 us, workers (us): 439, 424, 386, ---, ---, ---, 
[2026-04-03T03:22:33.031+0600][30.329s][info][gc,stats    ] Concurrent Weak References          310 us, parallelism: 0.68x
[2026-04-03T03:22:33.031+0600][30.329s][info][gc,stats    ]   CWRF: <total>                     212 us
[2026-04-03T03:22:33.031+0600][30.329s][info][gc,stats    ]   CWRF: Weak References             212 us, workers (us): 115,  96,   1, ---, ---, ---, 
[2026-04-03T03:22:33.031+0600][30.329s][info][gc,stats    ] Concurrent Weak Roots              2471 us
[2026-04-03T03:22:33.031+0600][30.329s][info][gc,stats    ]   Roots                            2112 us, parallelism: 2.50x
[2026-04-03T03:22:33.031+0600][30.329s][info][gc,stats    ]     CWR: <total>                   5283 us
[2026-04-03T03:22:33.031+0600][30.329s][info][gc,stats    ]     CWR: Code Cache Roots          3175 us, workers (us): 961, 1185, 1029, ---, ---, ---, 
[2026-04-03T03:22:33.031+0600][30.329s][info][gc,stats    ]     CWR: VM Weak Roots             1898 us, workers (us): 637, 640, 621, ---, ---, ---, 
[2026-04-03T03:22:33.031+0600][30.329s][info][gc,stats    ]     CWR: CLDG Roots                 210 us, workers (us): 210, ---, ---, ---, ---, ---, 
[2026-04-03T03:22:33.031+0600][30.329s][info][gc,stats    ]   Rendezvous                        234 us
[2026-04-03T03:22:33.031+0600][30.329s][info][gc,stats    ] Concurrent Cleanup                  318 us
[2026-04-03T03:22:33.031+0600][30.329s][info][gc,stats    ] Concurrent Class Unloading         6596 us
[2026-04-03T03:22:33.031+0600][30.329s][info][gc,stats    ]   Unlink Stale                     5707 us
[2026-04-03T03:22:33.031+0600][30.330s][info][gc,stats    ]     System Dictionary               150 us
[2026-04-03T03:22:33.031+0600][30.330s][info][gc,stats    ]     Weak Class Links                  1 us
[2026-04-03T03:22:33.031+0600][30.330s][info][gc,stats    ]     Code Roots                     5552 us
[2026-04-03T03:22:33.031+0600][30.330s][info][gc,stats    ]   Rendezvous                        287 us
[2026-04-03T03:22:33.031+0600][30.330s][info][gc,stats    ]   Purge Unlinked                    430 us
[2026-04-03T03:22:33.031+0600][30.330s][info][gc,stats    ]     Code Roots                      417 us
[2026-04-03T03:22:33.031+0600][30.330s][info][gc,stats    ]     CLDG                             13 us
[2026-04-03T03:22:33.031+0600][30.330s][info][gc,stats    ]     Exception Caches                  0 us
[2026-04-03T03:22:33.031+0600][30.330s][info][gc,stats    ] Concurrent Strong Roots             901 us, parallelism: 0.59x
[2026-04-03T03:22:33.031+0600][30.330s][info][gc,stats    ]   CSR: <total>                      534 us
[2026-04-03T03:22:33.031+0600][30.330s][info][gc,stats    ]   CSR: VM Strong Roots               32 us, workers (us):  19,  13,   0, ---, ---, ---, 
[2026-04-03T03:22:33.031+0600][30.330s][info][gc,stats    ]   CSR: CLDG Roots                   503 us, workers (us): 503, ---, ---, ---, ---, ---, 
[2026-04-03T03:22:33.031+0600][30.330s][info][gc,stats    ] Concurrent Evacuation             26051 us
[2026-04-03T03:22:33.031+0600][30.330s][info][gc,stats    ] Pause Init Update Refs (G)          619 us
[2026-04-03T03:22:33.031+0600][30.330s][info][gc,stats    ] Pause Init Update Refs (N)          211 us
[2026-04-03T03:22:33.031+0600][30.330s][info][gc,stats    ]   Manage GCLABs                      25 us
[2026-04-03T03:22:33.031+0600][30.330s][info][gc,stats    ] Concurrent Update Refs           195866 us
[2026-04-03T03:22:33.031+0600][30.330s][info][gc,stats    ] Concurrent Update Thread Roots      800 us
[2026-04-03T03:22:33.031+0600][30.330s][info][gc,stats    ] Pause Final Update Refs (G)         813 us
[2026-04-03T03:22:33.031+0600][30.330s][info][gc,stats    ] Pause Final Update Refs (N)         391 us
[2026-04-03T03:22:33.031+0600][30.330s][info][gc,stats    ]   Update Region States               71 us
[2026-04-03T03:22:33.031+0600][30.330s][info][gc,stats    ]   Trash Collection Set               35 us
[2026-04-03T03:22:33.031+0600][30.330s][info][gc,stats    ]   Rebuild Free Set                   66 us
[2026-04-03T03:22:33.031+0600][30.330s][info][gc,stats    ] Concurrent Cleanup                  538 us
[2026-04-03T03:22:33.031+0600][30.330s][info][gc,stats    ] Pacing                           392159 us
[2026-04-03T03:22:33.031+0600][30.330s][info][gc,stats    ] 
[2026-04-03T03:22:33.031+0600][30.330s][info][gc,stats    ] Allocation pacing accrued:
[2026-04-03T03:22:33.031+0600][30.330s][info][gc,stats    ]     302 of   898 ms ( 33.7%): Executor task launch worker for task 0.0 in stage 1.0 (TID 3)
[2026-04-03T03:22:33.031+0600][30.330s][info][gc,stats    ]      56 of   898 ms (  6.2%): Executor task launch worker for task 2.0 in stage 1.0 (TID 5)
[2026-04-03T03:22:33.031+0600][30.330s][info][gc,stats    ]      34 of   898 ms (  3.8%): Executor task launch worker for task 1.0 in stage 1.0 (TID 4)
[2026-04-03T03:22:33.031+0600][30.330s][info][gc,stats    ]     392 of   898 ms ( 43.7%): <total>
[2026-04-03T03:22:33.031+0600][30.330s][info][gc,stats    ]       5 of   898 ms (  0.6%): <average total>
[2026-04-03T03:22:33.031+0600][30.330s][info][gc,stats    ]     131 of   898 ms ( 14.6%): <average non-zero>
[2026-04-03T03:22:33.031+0600][30.330s][info][gc,stats    ] 
[2026-04-03T03:22:33.031+0600][30.330s][info][gc,metaspace] Metaspace: 69842K(70720K)->69892K(70720K) NonClass: 60938K(61440K)->60986K(61440K) Class: 8904K(9280K)->8906K(9280K)
[2026-04-03T03:22:33.031+0600][30.330s][info][gc,ergo     ] Pacer for Idle. Initial: 20480K, Alloc Tax Rate: 1.0x
[2026-04-03T03:22:33.637+0600][30.935s][info][gc          ] Trigger: Average GC time (928.23 ms) is above the time for average allocation rate (366 MB/s) to deplete free headroom (318M) (margin of error = 1.85)
[2026-04-03T03:22:33.637+0600][30.935s][info][gc,ergo     ] Free headroom: 368M (free) - 51200K (spike) - 0B (penalties) = 318M
[2026-04-03T03:22:33.637+0600][30.936s][info][gc,ergo     ] Free: 368M, Max: 256K regular, 216M humongous, Frag: 42% external, 0% internal; Reserve: 51200K, Max: 256K
[2026-04-03T03:22:33.637+0600][30.936s][info][gc,start    ] GC(29) Concurrent reset
[2026-04-03T03:22:33.637+0600][30.936s][info][gc,task     ] GC(29) Using 3 of 6 workers for concurrent reset
[2026-04-03T03:22:33.637+0600][30.936s][info][gc,ergo     ] GC(29) Pacer for Reset. Non-Taxable: 1000M
[2026-04-03T03:22:33.639+0600][30.938s][info][gc          ] GC(29) Concurrent reset 2.571ms
[2026-04-03T03:22:33.640+0600][30.939s][info][gc,start    ] GC(29) Pause Init Mark (unload classes)
[2026-04-03T03:22:33.640+0600][30.939s][info][gc,task     ] GC(29) Using 6 of 6 workers for init marking
[2026-04-03T03:22:33.640+0600][30.939s][info][gc,ergo     ] GC(29) Pacer for Mark. Expected Live: 214M, Free: 366M, Non-Taxable: 37554K, Alloc Tax Rate: 0.7x
[2026-04-03T03:22:33.640+0600][30.939s][info][gc          ] GC(29) Pause Init Mark (unload classes) 0.351ms
[2026-04-03T03:22:33.640+0600][30.939s][info][gc,start    ] GC(29) Concurrent marking roots
[2026-04-03T03:22:33.640+0600][30.939s][info][gc,task     ] GC(29) Using 3 of 6 workers for concurrent marking roots
[2026-04-03T03:22:33.641+0600][30.940s][info][gc          ] GC(29) Concurrent marking roots 0.982ms
[2026-04-03T03:22:33.641+0600][30.940s][info][gc,start    ] GC(29) Concurrent marking (unload classes)
[2026-04-03T03:22:33.641+0600][30.940s][info][gc,task     ] GC(29) Using 3 of 6 workers for concurrent marking
[2026-04-03T03:22:33.963+0600][31.261s][info][gc          ] GC(29) Concurrent marking (unload classes) 321.341ms
[2026-04-03T03:22:33.963+0600][31.262s][info][gc,start    ] GC(29) Pause Final Mark (unload classes)
[2026-04-03T03:22:33.963+0600][31.262s][info][gc,task     ] GC(29) Using 6 of 6 workers for final marking
[2026-04-03T03:22:33.964+0600][31.262s][info][gc,ergo     ] GC(29) Adaptive CSet Selection. Target Free: 141M, Actual Free: 362M, Max CSet: 42666K, Min Garbage: 0B
[2026-04-03T03:22:33.964+0600][31.263s][info][gc,ergo     ] GC(29) Collectable Garbage: 319M (95%), Immediate: 29330K (8%), CSet: 291M (86%)
[2026-04-03T03:22:33.964+0600][31.263s][info][gc,ergo     ] GC(29) Pacer for Evacuation. Used CSet: 308M, Free: 314M, Non-Taxable: 32204K, Alloc Tax Rate: 2.4x
[2026-04-03T03:22:33.964+0600][31.263s][info][gc          ] GC(29) Pause Final Mark (unload classes) 1.170ms
[2026-04-03T03:22:33.964+0600][31.263s][info][gc,start    ] GC(29) Concurrent thread roots
[2026-04-03T03:22:33.964+0600][31.263s][info][gc,task     ] GC(29) Using 3 of 6 workers for Concurrent thread roots
[2026-04-03T03:22:33.965+0600][31.264s][info][gc          ] GC(29) Concurrent thread roots 0.474ms
[2026-04-03T03:22:33.965+0600][31.264s][info][gc,start    ] GC(29) Concurrent weak references
[2026-04-03T03:22:33.965+0600][31.264s][info][gc,task     ] GC(29) Using 3 of 6 workers for concurrent weak references
[2026-04-03T03:22:33.966+0600][31.264s][info][gc,ref      ] GC(29) Encountered references: Soft: 3381, Weak: 5927, Final: 82, Phantom: 597
[2026-04-03T03:22:33.966+0600][31.265s][info][gc,ref      ] GC(29) Discovered  references: Soft: 0, Weak: 3451, Final: 50, Phantom: 595
[2026-04-03T03:22:33.966+0600][31.265s][info][gc,ref      ] GC(29) Enqueued    references: Soft: 0, Weak: 14, Final: 0, Phantom: 0
[2026-04-03T03:22:33.966+0600][31.265s][info][gc          ] GC(29) Concurrent weak references 0.904ms
[2026-04-03T03:22:33.966+0600][31.265s][info][gc,start    ] GC(29) Concurrent weak roots
[2026-04-03T03:22:33.966+0600][31.265s][info][gc,task     ] GC(29) Using 3 of 6 workers for concurrent weak root
[2026-04-03T03:22:33.967+0600][31.266s][info][gc          ] GC(29) Concurrent weak roots 1.728ms
[2026-04-03T03:22:33.968+0600][31.266s][info][gc,start    ] GC(29) Concurrent cleanup
[2026-04-03T03:22:33.968+0600][31.267s][info][gc          ] GC(29) Concurrent cleanup 662M->633M(1000M) 0.652ms
[2026-04-03T03:22:33.968+0600][31.267s][info][gc,ergo     ] GC(29) Free: 313M, Max: 256K regular, 216M humongous, Frag: 31% external, 0% internal; Reserve: 51159K, Max: 256K
[2026-04-03T03:22:33.968+0600][31.267s][info][gc,start    ] GC(29) Concurrent class unloading
[2026-04-03T03:22:33.968+0600][31.267s][info][gc,task     ] GC(29) Using 3 of 6 workers for concurrent class unloading
[2026-04-03T03:22:33.974+0600][31.272s][info][gc          ] GC(29) Concurrent class unloading 5.242ms
[2026-04-03T03:22:33.974+0600][31.272s][info][gc,start    ] GC(29) Concurrent strong roots
[2026-04-03T03:22:33.974+0600][31.272s][info][gc,task     ] GC(29) Using 3 of 6 workers for concurrent strong root
[2026-04-03T03:22:33.974+0600][31.273s][info][gc          ] GC(29) Concurrent strong roots 0.453ms
[2026-04-03T03:22:33.974+0600][31.273s][info][gc,start    ] GC(29) Concurrent evacuation
[2026-04-03T03:22:33.974+0600][31.273s][info][gc,task     ] GC(29) Using 3 of 6 workers for concurrent evacuation
[2026-04-03T03:22:33.991+0600][31.290s][info][gc          ] GC(29) Concurrent evacuation 16.798ms
[2026-04-03T03:22:33.991+0600][31.290s][info][gc,start    ] GC(29) Pause Init Update Refs
[2026-04-03T03:22:33.991+0600][31.290s][info][gc,ergo     ] GC(29) Pacer for Update Refs. Used: 657M, Free: 307M, Non-Taxable: 31487K, Alloc Tax Rate: 2.6x
[2026-04-03T03:22:33.991+0600][31.290s][info][gc          ] GC(29) Pause Init Update Refs 0.093ms
[2026-04-03T03:22:33.991+0600][31.290s][info][gc,start    ] GC(29) Concurrent update references
[2026-04-03T03:22:33.992+0600][31.290s][info][gc,task     ] GC(29) Using 3 of 6 workers for concurrent reference update
[2026-04-03T03:22:34.134+0600][31.433s][info][gc          ] GC(29) Concurrent update references 142.602ms
[2026-04-03T03:22:34.134+0600][31.433s][info][gc,start    ] GC(29) Concurrent update thread roots
[2026-04-03T03:22:34.135+0600][31.434s][info][gc          ] GC(29) Concurrent update thread roots 0.647ms
[2026-04-03T03:22:34.135+0600][31.434s][info][gc,start    ] GC(29) Pause Final Update Refs
[2026-04-03T03:22:34.135+0600][31.434s][info][gc,task     ] GC(29) Using 6 of 6 workers for final reference update
[2026-04-03T03:22:34.135+0600][31.434s][info][gc          ] GC(29) Pause Final Update Refs 0.163ms
[2026-04-03T03:22:34.135+0600][31.434s][info][gc,start    ] GC(29) Concurrent cleanup
[2026-04-03T03:22:34.136+0600][31.435s][info][gc          ] GC(29) Concurrent cleanup 680M->372M(1000M) 0.693ms
[2026-04-03T03:22:34.136+0600][31.435s][info][gc,ergo     ] Free: 575M, Max: 256K regular, 209M humongous, Frag: 64% external, 0% internal; Reserve: 51200K, Max: 256K
[2026-04-03T03:22:34.136+0600][31.435s][info][gc,stats    ] 
[2026-04-03T03:22:34.136+0600][31.435s][info][gc,stats    ] All times are wall-clock times, except per-root-class counters, that are sum over
[2026-04-03T03:22:34.136+0600][31.435s][info][gc,stats    ] all workers. Dividing the <total> over the root stage time estimates parallelism.
[2026-04-03T03:22:34.136+0600][31.435s][info][gc,stats    ] 
[2026-04-03T03:22:34.136+0600][31.435s][info][gc,stats    ] Concurrent Reset                   2651 us
[2026-04-03T03:22:34.136+0600][31.435s][info][gc,stats    ] Pause Init Mark (G)                 791 us
[2026-04-03T03:22:34.136+0600][31.435s][info][gc,stats    ] Pause Init Mark (N)                 362 us
[2026-04-03T03:22:34.136+0600][31.435s][info][gc,stats    ]   Update Region States               52 us
[2026-04-03T03:22:34.136+0600][31.435s][info][gc,stats    ] Concurrent Mark Roots              1049 us, parallelism: 1.52x
[2026-04-03T03:22:34.136+0600][31.435s][info][gc,stats    ]   CMR: <total>                     1591 us
[2026-04-03T03:22:34.136+0600][31.435s][info][gc,stats    ]   CMR: Thread Roots                1137 us, workers (us): 131, 519, 487, ---, ---, ---, 
[2026-04-03T03:22:34.136+0600][31.435s][info][gc,stats    ]   CMR: VM Strong Roots               59 us, workers (us):  56,   2,   1, ---, ---, ---, 
[2026-04-03T03:22:34.136+0600][31.435s][info][gc,stats    ]   CMR: CLDG Roots                   394 us, workers (us): 394, ---, ---, ---, ---, ---, 
[2026-04-03T03:22:34.136+0600][31.435s][info][gc,stats    ] Concurrent Marking               321439 us
[2026-04-03T03:22:34.136+0600][31.435s][info][gc,stats    ] Pause Final Mark (G)               1639 us
[2026-04-03T03:22:34.136+0600][31.435s][info][gc,stats    ] Pause Final Mark (N)               1180 us
[2026-04-03T03:22:34.136+0600][31.435s][info][gc,stats    ]   Finish Mark                       369 us
[2026-04-03T03:22:34.136+0600][31.435s][info][gc,stats    ]   Update Region States               59 us
[2026-04-03T03:22:34.136+0600][31.435s][info][gc,stats    ]   Choose Collection Set             594 us
[2026-04-03T03:22:34.136+0600][31.435s][info][gc,stats    ]   Rebuild Free Set                   47 us
[2026-04-03T03:22:34.136+0600][31.435s][info][gc,stats    ] Concurrent Thread Roots             497 us, parallelism: 1.88x
[2026-04-03T03:22:34.136+0600][31.435s][info][gc,stats    ]   CTR: <total>                      936 us
[2026-04-03T03:22:34.136+0600][31.435s][info][gc,stats    ]   CTR: Thread Roots                 936 us, workers (us): 339, 294, 303, ---, ---, ---, 
[2026-04-03T03:22:34.136+0600][31.435s][info][gc,stats    ] Concurrent Weak References          914 us, parallelism: 0.73x
[2026-04-03T03:22:34.136+0600][31.435s][info][gc,stats    ]   CWRF: <total>                     668 us
[2026-04-03T03:22:34.136+0600][31.435s][info][gc,stats    ]   CWRF: Weak References             668 us, workers (us): 587,  80,   1, ---, ---, ---, 
[2026-04-03T03:22:34.136+0600][31.435s][info][gc,stats    ] Concurrent Weak Roots              1782 us
[2026-04-03T03:22:34.136+0600][31.435s][info][gc,stats    ]   Roots                            1497 us, parallelism: 2.30x
[2026-04-03T03:22:34.136+0600][31.435s][info][gc,stats    ]     CWR: <total>                   3447 us
[2026-04-03T03:22:34.136+0600][31.435s][info][gc,stats    ]     CWR: Code Cache Roots          2222 us, workers (us): 672, 726, 824, ---, ---, ---, 
[2026-04-03T03:22:34.136+0600][31.435s][info][gc,stats    ]     CWR: VM Weak Roots             1182 us, workers (us): 425, 374, 383, ---, ---, ---, 
[2026-04-03T03:22:34.136+0600][31.435s][info][gc,stats    ]     CWR: CLDG Roots                  43 us, workers (us):  43, ---, ---, ---, ---, ---, 
[2026-04-03T03:22:34.136+0600][31.435s][info][gc,stats    ]   Rendezvous                        210 us
[2026-04-03T03:22:34.136+0600][31.435s][info][gc,stats    ] Concurrent Cleanup                  669 us
[2026-04-03T03:22:34.136+0600][31.435s][info][gc,stats    ] Concurrent Class Unloading         5300 us
[2026-04-03T03:22:34.136+0600][31.435s][info][gc,stats    ]   Unlink Stale                     4405 us
[2026-04-03T03:22:34.136+0600][31.435s][info][gc,stats    ]     System Dictionary               116 us
[2026-04-03T03:22:34.136+0600][31.435s][info][gc,stats    ]     Weak Class Links                  0 us
[2026-04-03T03:22:34.136+0600][31.435s][info][gc,stats    ]     Code Roots                     4286 us
[2026-04-03T03:22:34.136+0600][31.435s][info][gc,stats    ]   Rendezvous                        244 us
[2026-04-03T03:22:34.136+0600][31.435s][info][gc,stats    ]   Purge Unlinked                    571 us
[2026-04-03T03:22:34.136+0600][31.435s][info][gc,stats    ]     Code Roots                      556 us
[2026-04-03T03:22:34.136+0600][31.435s][info][gc,stats    ]     CLDG                             14 us
[2026-04-03T03:22:34.136+0600][31.435s][info][gc,stats    ]     Exception Caches                  0 us
[2026-04-03T03:22:34.136+0600][31.435s][info][gc,stats    ] Concurrent Strong Roots             477 us, parallelism: 0.56x
[2026-04-03T03:22:34.136+0600][31.435s][info][gc,stats    ]   CSR: <total>                      269 us
[2026-04-03T03:22:34.136+0600][31.435s][info][gc,stats    ]   CSR: VM Strong Roots               15 us, workers (us):  14,   1,   0, ---, ---, ---, 
[2026-04-03T03:22:34.136+0600][31.435s][info][gc,stats    ]   CSR: CLDG Roots                   253 us, workers (us): 253, ---, ---, ---, ---, ---, 
[2026-04-03T03:22:34.136+0600][31.435s][info][gc,stats    ] Concurrent Evacuation             16872 us
[2026-04-03T03:22:34.136+0600][31.435s][info][gc,stats    ] Pause Init Update Refs (G)          535 us
[2026-04-03T03:22:34.136+0600][31.435s][info][gc,stats    ] Pause Init Update Refs (N)          105 us
[2026-04-03T03:22:34.136+0600][31.435s][info][gc,stats    ]   Manage GCLABs                      24 us
[2026-04-03T03:22:34.136+0600][31.435s][info][gc,stats    ] Concurrent Update Refs           142667 us
[2026-04-03T03:22:34.136+0600][31.435s][info][gc,stats    ] Concurrent Update Thread Roots      695 us
[2026-04-03T03:22:34.136+0600][31.435s][info][gc,stats    ] Pause Final Update Refs (G)         506 us
[2026-04-03T03:22:34.136+0600][31.435s][info][gc,stats    ] Pause Final Update Refs (N)         176 us
[2026-04-03T03:22:34.136+0600][31.435s][info][gc,stats    ]   Update Region States               47 us
[2026-04-03T03:22:34.136+0600][31.435s][info][gc,stats    ]   Trash Collection Set               21 us
[2026-04-03T03:22:34.136+0600][31.435s][info][gc,stats    ]   Rebuild Free Set                   41 us
[2026-04-03T03:22:34.136+0600][31.435s][info][gc,stats    ] Concurrent Cleanup                  718 us
[2026-04-03T03:22:34.136+0600][31.435s][info][gc,stats    ] Pacing                            22624 us
[2026-04-03T03:22:34.136+0600][31.435s][info][gc,stats    ] 
[2026-04-03T03:22:34.136+0600][31.435s][info][gc,stats    ] Allocation pacing accrued:
[2026-04-03T03:22:34.136+0600][31.435s][info][gc,stats    ]      23 of  1105 ms (  2.0%): Executor task launch worker for task 0.0 in stage 1.0 (TID 3)
[2026-04-03T03:22:34.136+0600][31.435s][info][gc,stats    ]      23 of  1105 ms (  2.0%): <total>
[2026-04-03T03:22:34.136+0600][31.435s][info][gc,stats    ]       0 of  1105 ms (  0.0%): <average total>
[2026-04-03T03:22:34.136+0600][31.435s][info][gc,stats    ]      23 of  1105 ms (  2.0%): <average non-zero>
[2026-04-03T03:22:34.136+0600][31.435s][info][gc,stats    ] 
[2026-04-03T03:22:34.137+0600][31.435s][info][gc,metaspace] Metaspace: 69994K(70848K)->70023K(70848K) NonClass: 61075K(61568K)->61101K(61568K) Class: 8918K(9280K)->8921K(9280K)
[2026-04-03T03:22:34.137+0600][31.435s][info][gc,ergo     ] Pacer for Idle. Initial: 20480K, Alloc Tax Rate: 1.0x
[2026-04-03T03:22:35.192+0600][32.491s][info][gc          ] Trigger: Average GC time (815.69 ms) is above the time for average allocation rate (405 MB/s) to deplete free headroom (329M) (margin of error = 1.84)
[2026-04-03T03:22:35.192+0600][32.491s][info][gc,ergo     ] Free headroom: 379M (free) - 51200K (spike) - 0B (penalties) = 329M
[2026-04-03T03:22:35.192+0600][32.491s][info][gc,ergo     ] Free: 379M, Max: 256K regular, 209M humongous, Frag: 45% external, 0% internal; Reserve: 51200K, Max: 256K
[2026-04-03T03:22:35.192+0600][32.491s][info][gc,start    ] GC(30) Concurrent reset
[2026-04-03T03:22:35.192+0600][32.491s][info][gc,task     ] GC(30) Using 3 of 6 workers for concurrent reset
[2026-04-03T03:22:35.192+0600][32.491s][info][gc,ergo     ] GC(30) Pacer for Reset. Non-Taxable: 1000M
[2026-04-03T03:22:35.194+0600][32.493s][info][gc          ] GC(30) Concurrent reset 2.016ms
[2026-04-03T03:22:35.194+0600][32.493s][info][gc,start    ] GC(30) Pause Init Mark (unload classes)
[2026-04-03T03:22:35.194+0600][32.493s][info][gc,task     ] GC(30) Using 6 of 6 workers for init marking
[2026-04-03T03:22:35.195+0600][32.493s][info][gc,ergo     ] GC(30) Pacer for Mark. Expected Live: 224M, Free: 377M, Non-Taxable: 38706K, Alloc Tax Rate: 0.7x
[2026-04-03T03:22:35.195+0600][32.493s][info][gc          ] GC(30) Pause Init Mark (unload classes) 0.155ms
[2026-04-03T03:22:35.195+0600][32.494s][info][gc,start    ] GC(30) Concurrent marking roots
[2026-04-03T03:22:35.195+0600][32.494s][info][gc,task     ] GC(30) Using 3 of 6 workers for concurrent marking roots
[2026-04-03T03:22:35.195+0600][32.494s][info][gc          ] GC(30) Concurrent marking roots 0.750ms
[2026-04-03T03:22:35.196+0600][32.494s][info][gc,start    ] GC(30) Concurrent marking (unload classes)
[2026-04-03T03:22:35.196+0600][32.494s][info][gc,task     ] GC(30) Using 3 of 6 workers for concurrent marking
[2026-04-03T03:22:35.416+0600][32.715s][info][gc          ] GC(30) Concurrent marking (unload classes) 220.371ms
[2026-04-03T03:22:35.416+0600][32.715s][info][gc,start    ] GC(30) Pause Final Mark (unload classes)
[2026-04-03T03:22:35.416+0600][32.715s][info][gc,task     ] GC(30) Using 6 of 6 workers for final marking
[2026-04-03T03:22:35.417+0600][32.715s][info][gc,ergo     ] GC(30) Adaptive CSet Selection. Target Free: 141M, Actual Free: 576M, Max CSet: 42666K, Min Garbage: 0B
[2026-04-03T03:22:35.417+0600][32.716s][info][gc,ergo     ] GC(30) Collectable Garbage: 377M (98%), Immediate: 217M (56%), CSet: 160M (41%)
[2026-04-03T03:22:35.417+0600][32.716s][info][gc,ergo     ] GC(30) Pacer for Evacuation. Used CSet: 200M, Free: 532M, Non-Taxable: 54553K, Alloc Tax Rate: 1.1x
[2026-04-03T03:22:35.417+0600][32.716s][info][gc          ] GC(30) Pause Final Mark (unload classes) 1.020ms
[2026-04-03T03:22:35.417+0600][32.716s][info][gc,start    ] GC(30) Concurrent thread roots
[2026-04-03T03:22:35.417+0600][32.716s][info][gc,task     ] GC(30) Using 3 of 6 workers for Concurrent thread roots
[2026-04-03T03:22:35.418+0600][32.717s][info][gc          ] GC(30) Concurrent thread roots 0.747ms
[2026-04-03T03:22:35.418+0600][32.717s][info][gc,start    ] GC(30) Concurrent weak references
[2026-04-03T03:22:35.418+0600][32.717s][info][gc,task     ] GC(30) Using 3 of 6 workers for concurrent weak references
[2026-04-03T03:22:35.418+0600][32.717s][info][gc,ref      ] GC(30) Encountered references: Soft: 3386, Weak: 6180, Final: 82, Phantom: 594
[2026-04-03T03:22:35.418+0600][32.717s][info][gc,ref      ] GC(30) Discovered  references: Soft: 0, Weak: 761, Final: 0, Phantom: 591
[2026-04-03T03:22:35.418+0600][32.717s][info][gc,ref      ] GC(30) Enqueued    references: Soft: 0, Weak: 145, Final: 0, Phantom: 0
[2026-04-03T03:22:35.418+0600][32.717s][info][gc          ] GC(30) Concurrent weak references 0.473ms
[2026-04-03T03:22:35.419+0600][32.717s][info][gc,start    ] GC(30) Concurrent weak roots
[2026-04-03T03:22:35.419+0600][32.717s][info][gc,task     ] GC(30) Using 3 of 6 workers for concurrent weak root
[2026-04-03T03:22:35.420+0600][32.719s][info][gc          ] GC(30) Concurrent weak roots 1.944ms
[2026-04-03T03:22:35.420+0600][32.719s][info][gc,start    ] GC(30) Concurrent cleanup
[2026-04-03T03:22:35.421+0600][32.720s][info][gc          ] GC(30) Concurrent cleanup 632M->415M(1000M) 0.715ms
[2026-04-03T03:22:35.421+0600][32.720s][info][gc,ergo     ] GC(30) Free: 529M, Max: 256K regular, 335M humongous, Frag: 37% external, 0% internal; Reserve: 50764K, Max: 256K
[2026-04-03T03:22:35.421+0600][32.720s][info][gc,start    ] GC(30) Concurrent class unloading
[2026-04-03T03:22:35.421+0600][32.720s][info][gc,task     ] GC(30) Using 3 of 6 workers for concurrent class unloading
[2026-04-03T03:22:35.428+0600][32.726s][info][gc          ] GC(30) Concurrent class unloading 6.360ms
[2026-04-03T03:22:35.428+0600][32.727s][info][gc,start    ] GC(30) Concurrent strong roots
[2026-04-03T03:22:35.428+0600][32.727s][info][gc,task     ] GC(30) Using 3 of 6 workers for concurrent strong root
[2026-04-03T03:22:35.428+0600][32.727s][info][gc          ] GC(30) Concurrent strong roots 0.583ms
[2026-04-03T03:22:35.428+0600][32.727s][info][gc,start    ] GC(30) Concurrent evacuation
[2026-04-03T03:22:35.428+0600][32.727s][info][gc,task     ] GC(30) Using 3 of 6 workers for concurrent evacuation
[2026-04-03T03:22:35.468+0600][32.767s][info][gc          ] GC(30) Concurrent evacuation 39.468ms
[2026-04-03T03:22:35.468+0600][32.767s][info][gc,start    ] GC(30) Pause Init Update Refs
[2026-04-03T03:22:35.468+0600][32.767s][info][gc,ergo     ] GC(30) Pacer for Update Refs. Used: 484M, Free: 500M, Non-Taxable: 51276K, Alloc Tax Rate: 1.2x
[2026-04-03T03:22:35.468+0600][32.767s][info][gc          ] GC(30) Pause Init Update Refs 0.094ms
[2026-04-03T03:22:35.468+0600][32.767s][info][gc,start    ] GC(30) Concurrent update references
[2026-04-03T03:22:35.468+0600][32.767s][info][gc,task     ] GC(30) Using 3 of 6 workers for concurrent reference update
[2026-04-03T03:22:35.612+0600][32.911s][info][gc          ] GC(30) Concurrent update references 143.589ms
[2026-04-03T03:22:35.612+0600][32.911s][info][gc,start    ] GC(30) Concurrent update thread roots
[2026-04-03T03:22:35.613+0600][32.912s][info][gc          ] GC(30) Concurrent update thread roots 0.840ms
[2026-04-03T03:22:35.613+0600][32.912s][info][gc,start    ] GC(30) Pause Final Update Refs
[2026-04-03T03:22:35.613+0600][32.912s][info][gc,task     ] GC(30) Using 6 of 6 workers for final reference update
[2026-04-03T03:22:35.613+0600][32.912s][info][gc          ] GC(30) Pause Final Update Refs 0.236ms
[2026-04-03T03:22:35.614+0600][32.912s][info][gc,start    ] GC(30) Concurrent cleanup
[2026-04-03T03:22:35.615+0600][32.913s][info][gc          ] GC(30) Concurrent cleanup 563M->363M(1000M) 0.976ms
[2026-04-03T03:22:35.615+0600][32.913s][info][gc,ergo     ] Free: 580M, Max: 256K regular, 429M humongous, Frag: 27% external, 0% internal; Reserve: 51200K, Max: 256K
[2026-04-03T03:22:35.615+0600][32.913s][info][gc,stats    ] 
[2026-04-03T03:22:35.615+0600][32.913s][info][gc,stats    ] All times are wall-clock times, except per-root-class counters, that are sum over
[2026-04-03T03:22:35.615+0600][32.914s][info][gc,stats    ] all workers. Dividing the <total> over the root stage time estimates parallelism.
[2026-04-03T03:22:35.615+0600][32.914s][info][gc,stats    ] 
[2026-04-03T03:22:35.615+0600][32.914s][info][gc,stats    ] Concurrent Reset                   2066 us
[2026-04-03T03:22:35.615+0600][32.914s][info][gc,stats    ] Pause Init Mark (G)                 506 us
[2026-04-03T03:22:35.615+0600][32.914s][info][gc,stats    ] Pause Init Mark (N)                 164 us
[2026-04-03T03:22:35.615+0600][32.914s][info][gc,stats    ]   Update Region States               39 us
[2026-04-03T03:22:35.615+0600][32.914s][info][gc,stats    ] Concurrent Mark Roots               778 us, parallelism: 1.58x
[2026-04-03T03:22:35.615+0600][32.914s][info][gc,stats    ]   CMR: <total>                     1227 us
[2026-04-03T03:22:35.615+0600][32.914s][info][gc,stats    ]   CMR: Thread Roots                 894 us, workers (us): 401, 115, 379, ---, ---, ---, 
[2026-04-03T03:22:35.615+0600][32.914s][info][gc,stats    ]   CMR: VM Strong Roots               37 us, workers (us):  22,  15,   0, ---, ---, ---, 
[2026-04-03T03:22:35.615+0600][32.914s][info][gc,stats    ]   CMR: CLDG Roots                   296 us, workers (us): ---, 296, ---, ---, ---, ---, 
[2026-04-03T03:22:35.615+0600][32.914s][info][gc,stats    ] Concurrent Marking               220449 us
[2026-04-03T03:22:35.615+0600][32.914s][info][gc,stats    ] Pause Final Mark (G)               1266 us
[2026-04-03T03:22:35.615+0600][32.914s][info][gc,stats    ] Pause Final Mark (N)               1032 us
[2026-04-03T03:22:35.615+0600][32.914s][info][gc,stats    ]   Finish Mark                       383 us
[2026-04-03T03:22:35.615+0600][32.914s][info][gc,stats    ]   Update Region States               56 us
[2026-04-03T03:22:35.615+0600][32.914s][info][gc,stats    ]   Choose Collection Set             421 us
[2026-04-03T03:22:35.615+0600][32.914s][info][gc,stats    ]   Rebuild Free Set                   64 us
[2026-04-03T03:22:35.615+0600][32.914s][info][gc,stats    ] Concurrent Thread Roots             796 us, parallelism: 1.64x
[2026-04-03T03:22:35.615+0600][32.914s][info][gc,stats    ]   CTR: <total>                     1304 us
[2026-04-03T03:22:35.615+0600][32.914s][info][gc,stats    ]   CTR: Thread Roots                1304 us, workers (us): 437, 497, 370, ---, ---, ---, 
[2026-04-03T03:22:35.615+0600][32.914s][info][gc,stats    ] Concurrent Weak References          484 us, parallelism: 0.51x
[2026-04-03T03:22:35.615+0600][32.914s][info][gc,stats    ]   CWRF: <total>                     246 us
[2026-04-03T03:22:35.615+0600][32.914s][info][gc,stats    ]   CWRF: Weak References             246 us, workers (us):  88, 158,   1, ---, ---, ---, 
[2026-04-03T03:22:35.615+0600][32.914s][info][gc,stats    ] Concurrent Weak Roots              1973 us
[2026-04-03T03:22:35.615+0600][32.914s][info][gc,stats    ]   Roots                            1687 us, parallelism: 2.59x
[2026-04-03T03:22:35.615+0600][32.914s][info][gc,stats    ]     CWR: <total>                   4361 us
[2026-04-03T03:22:35.615+0600][32.914s][info][gc,stats    ]     CWR: Code Cache Roots          2714 us, workers (us): 892, 933, 889, ---, ---, ---, 
[2026-04-03T03:22:35.615+0600][32.914s][info][gc,stats    ]     CWR: VM Weak Roots             1580 us, workers (us): 522, 541, 517, ---, ---, ---, 
[2026-04-03T03:22:35.615+0600][32.914s][info][gc,stats    ]     CWR: CLDG Roots                  68 us, workers (us):  68, ---, ---, ---, ---, ---, 
[2026-04-03T03:22:35.615+0600][32.914s][info][gc,stats    ]   Rendezvous                        238 us
[2026-04-03T03:22:35.615+0600][32.914s][info][gc,stats    ] Concurrent Cleanup                  729 us
[2026-04-03T03:22:35.615+0600][32.914s][info][gc,stats    ] Concurrent Class Unloading         6454 us
[2026-04-03T03:22:35.615+0600][32.914s][info][gc,stats    ]   Unlink Stale                     5305 us
[2026-04-03T03:22:35.615+0600][32.914s][info][gc,stats    ]     System Dictionary               114 us
[2026-04-03T03:22:35.615+0600][32.914s][info][gc,stats    ]     Weak Class Links                  0 us
[2026-04-03T03:22:35.615+0600][32.914s][info][gc,stats    ]     Code Roots                     5187 us
[2026-04-03T03:22:35.615+0600][32.914s][info][gc,stats    ]   Rendezvous                        168 us
[2026-04-03T03:22:35.615+0600][32.914s][info][gc,stats    ]   Purge Unlinked                    864 us
[2026-04-03T03:22:35.615+0600][32.914s][info][gc,stats    ]     Code Roots                      843 us
[2026-04-03T03:22:35.615+0600][32.914s][info][gc,stats    ]     CLDG                             20 us
[2026-04-03T03:22:35.615+0600][32.914s][info][gc,stats    ]     Exception Caches                  0 us
[2026-04-03T03:22:35.615+0600][32.914s][info][gc,stats    ] Concurrent Strong Roots             614 us, parallelism: 0.62x
[2026-04-03T03:22:35.615+0600][32.914s][info][gc,stats    ]   CSR: <total>                      382 us
[2026-04-03T03:22:35.615+0600][32.914s][info][gc,stats    ]   CSR: VM Strong Roots               32 us, workers (us):  16,  15,   0, ---, ---, ---, 
[2026-04-03T03:22:35.615+0600][32.914s][info][gc,stats    ]   CSR: CLDG Roots                   350 us, workers (us): ---, 350, ---, ---, ---, ---, 
[2026-04-03T03:22:35.615+0600][32.914s][info][gc,stats    ] Concurrent Evacuation             39595 us
[2026-04-03T03:22:35.615+0600][32.914s][info][gc,stats    ] Pause Init Update Refs (G)          459 us
[2026-04-03T03:22:35.615+0600][32.914s][info][gc,stats    ] Pause Init Update Refs (N)          104 us
[2026-04-03T03:22:35.615+0600][32.914s][info][gc,stats    ]   Manage GCLABs                      12 us
[2026-04-03T03:22:35.615+0600][32.914s][info][gc,stats    ] Concurrent Update Refs           143701 us
[2026-04-03T03:22:35.615+0600][32.914s][info][gc,stats    ] Concurrent Update Thread Roots      873 us
[2026-04-03T03:22:35.615+0600][32.914s][info][gc,stats    ] Pause Final Update Refs (G)         559 us
[2026-04-03T03:22:35.615+0600][32.914s][info][gc,stats    ] Pause Final Update Refs (N)         257 us
[2026-04-03T03:22:35.615+0600][32.914s][info][gc,stats    ]   Update Region States               71 us
[2026-04-03T03:22:35.615+0600][32.914s][info][gc,stats    ]   Trash Collection Set               23 us
[2026-04-03T03:22:35.615+0600][32.914s][info][gc,stats    ]   Rebuild Free Set                   62 us
[2026-04-03T03:22:35.615+0600][32.914s][info][gc,stats    ] Concurrent Cleanup                 1014 us
[2026-04-03T03:22:35.615+0600][32.914s][info][gc,stats    ] Pacing                           357647 us
[2026-04-03T03:22:35.615+0600][32.914s][info][gc,stats    ] 
[2026-04-03T03:22:35.615+0600][32.914s][info][gc,stats    ] Allocation pacing accrued:
[2026-04-03T03:22:35.615+0600][32.914s][info][gc,stats    ]       4 of  1479 ms (  0.2%): RemoteBlock-temp-file-clean-thread
[2026-04-03T03:22:35.615+0600][32.914s][info][gc,stats    ]     117 of  1479 ms (  7.9%): Executor task launch worker for task 0.0 in stage 2.0 (TID 6)
[2026-04-03T03:22:35.615+0600][32.914s][info][gc,stats    ]     117 of  1479 ms (  7.9%): Executor task launch worker for task 1.0 in stage 2.0 (TID 7)
[2026-04-03T03:22:35.615+0600][32.914s][info][gc,stats    ]     120 of  1479 ms (  8.1%): Executor task launch worker for task 2.0 in stage 2.0 (TID 8)
[2026-04-03T03:22:35.615+0600][32.914s][info][gc,stats    ]     358 of  1479 ms ( 24.2%): <total>
[2026-04-03T03:22:35.616+0600][32.914s][info][gc,stats    ]       4 of  1479 ms (  0.3%): <average total>
[2026-04-03T03:22:35.616+0600][32.914s][info][gc,stats    ]      89 of  1479 ms (  6.0%): <average non-zero>
[2026-04-03T03:22:35.616+0600][32.914s][info][gc,stats    ] 
[2026-04-03T03:22:35.616+0600][32.914s][info][gc,metaspace] Metaspace: 70096K(70912K)->70108K(70912K) NonClass: 61166K(61632K)->61177K(61632K) Class: 8930K(9280K)->8930K(9280K)
[2026-04-03T03:22:35.616+0600][32.914s][info][gc,ergo     ] Pacer for Idle. Initial: 20480K, Alloc Tax Rate: 1.0x
[2026-04-03T03:22:35.812+0600][33.111s][info][gc          ] Trigger: Average GC time (718.80 ms) is above the time for average allocation rate (535 MB/s) to deplete free headroom (384M) (margin of error = 1.84)
[2026-04-03T03:22:35.812+0600][33.111s][info][gc,ergo     ] Free headroom: 434M (free) - 51200K (spike) - 0B (penalties) = 384M
[2026-04-03T03:22:35.812+0600][33.111s][info][gc,ergo     ] Free: 434M, Max: 256K regular, 429M humongous, Frag: 2% external, 0% internal; Reserve: 51200K, Max: 256K
[2026-04-03T03:22:35.812+0600][33.111s][info][gc,start    ] GC(31) Concurrent reset
[2026-04-03T03:22:35.812+0600][33.111s][info][gc,task     ] GC(31) Using 3 of 6 workers for concurrent reset
[2026-04-03T03:22:35.812+0600][33.111s][info][gc,ergo     ] GC(31) Pacer for Reset. Non-Taxable: 1000M
[2026-04-03T03:22:35.814+0600][33.113s][info][gc          ] GC(31) Concurrent reset 1.857ms
[2026-04-03T03:22:35.814+0600][33.113s][info][gc,start    ] GC(31) Pause Init Mark (unload classes)
[2026-04-03T03:22:35.814+0600][33.113s][info][gc,task     ] GC(31) Using 6 of 6 workers for init marking
[2026-04-03T03:22:35.814+0600][33.113s][info][gc,ergo     ] GC(31) Pacer for Mark. Expected Live: 219M, Free: 432M, Non-Taxable: 44287K, Alloc Tax Rate: 0.6x
[2026-04-03T03:22:35.814+0600][33.113s][info][gc          ] GC(31) Pause Init Mark (unload classes) 0.131ms
[2026-04-03T03:22:35.815+0600][33.113s][info][gc,start    ] GC(31) Concurrent marking roots
[2026-04-03T03:22:35.815+0600][33.114s][info][gc,task     ] GC(31) Using 3 of 6 workers for concurrent marking roots
[2026-04-03T03:22:35.816+0600][33.114s][info][gc          ] GC(31) Concurrent marking roots 0.990ms
[2026-04-03T03:22:35.816+0600][33.114s][info][gc,start    ] GC(31) Concurrent marking (unload classes)
[2026-04-03T03:22:35.816+0600][33.114s][info][gc,task     ] GC(31) Using 3 of 6 workers for concurrent marking
[2026-04-03T03:22:36.091+0600][33.390s][info][gc          ] GC(31) Concurrent marking (unload classes) 275.605ms
[2026-04-03T03:22:36.092+0600][33.390s][info][gc,start    ] GC(31) Pause Final Mark (unload classes)
[2026-04-03T03:22:36.115+0600][33.414s][info][gc,task     ] GC(31) Using 6 of 6 workers for final marking
[2026-04-03T03:22:36.116+0600][33.414s][info][gc,ergo     ] GC(31) Adaptive CSet Selection. Target Free: 141M, Actual Free: 438M, Max CSet: 42666K, Min Garbage: 0B
[2026-04-03T03:22:36.116+0600][33.415s][info][gc,ergo     ] GC(31) Collectable Garbage: 250M (90%), Immediate: 40192K (14%), CSet: 211M (76%)
[2026-04-03T03:22:36.117+0600][33.415s][info][gc,ergo     ] GC(31) Pacer for Evacuation. Used CSet: 252M, Free: 393M, Non-Taxable: 40320K, Alloc Tax Rate: 1.6x
[2026-04-03T03:22:36.117+0600][33.415s][info][gc          ] GC(31) Pause Final Mark (unload classes) 25.025ms
[2026-04-03T03:22:36.117+0600][33.416s][info][gc,start    ] GC(31) Concurrent thread roots
[2026-04-03T03:22:36.117+0600][33.416s][info][gc,task     ] GC(31) Using 3 of 6 workers for Concurrent thread roots
[2026-04-03T03:22:36.118+0600][33.416s][info][gc          ] GC(31) Concurrent thread roots 0.751ms
[2026-04-03T03:22:36.118+0600][33.416s][info][gc,start    ] GC(31) Concurrent weak references
[2026-04-03T03:22:36.118+0600][33.416s][info][gc,task     ] GC(31) Using 3 of 6 workers for concurrent weak references
[2026-04-03T03:22:36.118+0600][33.417s][info][gc,ref      ] GC(31) Encountered references: Soft: 3386, Weak: 6043, Final: 82, Phantom: 594
[2026-04-03T03:22:36.118+0600][33.417s][info][gc,ref      ] GC(31) Discovered  references: Soft: 0, Weak: 428, Final: 0, Phantom: 591
[2026-04-03T03:22:36.118+0600][33.417s][info][gc,ref      ] GC(31) Enqueued    references: Soft: 0, Weak: 34, Final: 0, Phantom: 0
[2026-04-03T03:22:36.118+0600][33.417s][info][gc          ] GC(31) Concurrent weak references 0.355ms
[2026-04-03T03:22:36.118+0600][33.417s][info][gc,start    ] GC(31) Concurrent weak roots
[2026-04-03T03:22:36.118+0600][33.417s][info][gc,task     ] GC(31) Using 3 of 6 workers for concurrent weak root
[2026-04-03T03:22:36.120+0600][33.419s][info][gc          ] GC(31) Concurrent weak roots 2.217ms
[2026-04-03T03:22:36.120+0600][33.419s][info][gc,start    ] GC(31) Concurrent cleanup
[2026-04-03T03:22:36.121+0600][33.420s][info][gc          ] GC(31) Concurrent cleanup 594M->555M(1000M) 0.707ms
[2026-04-03T03:22:36.121+0600][33.420s][info][gc,ergo     ] GC(31) Free: 391M, Max: 256K regular, 344M humongous, Frag: 12% external, 0% internal; Reserve: 50688K, Max: 256K
[2026-04-03T03:22:36.121+0600][33.420s][info][gc,start    ] GC(31) Concurrent class unloading
[2026-04-03T03:22:36.121+0600][33.420s][info][gc,task     ] GC(31) Using 3 of 6 workers for concurrent class unloading
[2026-04-03T03:22:36.126+0600][33.425s][info][gc          ] GC(31) Concurrent class unloading 4.831ms
[2026-04-03T03:22:36.126+0600][33.425s][info][gc,start    ] GC(31) Concurrent strong roots
[2026-04-03T03:22:36.126+0600][33.425s][info][gc,task     ] GC(31) Using 3 of 6 workers for concurrent strong root
[2026-04-03T03:22:36.127+0600][33.426s][info][gc          ] GC(31) Concurrent strong roots 0.839ms
[2026-04-03T03:22:36.127+0600][33.426s][info][gc,start    ] GC(31) Concurrent evacuation
[2026-04-03T03:22:36.127+0600][33.426s][info][gc,task     ] GC(31) Using 3 of 6 workers for concurrent evacuation
[2026-04-03T03:22:36.160+0600][33.459s][info][gc          ] GC(31) Concurrent evacuation 32.810ms
[2026-04-03T03:22:36.160+0600][33.459s][info][gc,start    ] GC(31) Pause Init Update Refs
[2026-04-03T03:22:36.160+0600][33.459s][info][gc,ergo     ] GC(31) Pacer for Update Refs. Used: 624M, Free: 363M, Non-Taxable: 37273K, Alloc Tax Rate: 2.1x
[2026-04-03T03:22:36.160+0600][33.459s][info][gc          ] GC(31) Pause Init Update Refs 0.162ms
[2026-04-03T03:22:36.160+0600][33.459s][info][gc,start    ] GC(31) Concurrent update references
[2026-04-03T03:22:36.160+0600][33.459s][info][gc,task     ] GC(31) Using 3 of 6 workers for concurrent reference update
[2026-04-03T03:22:36.320+0600][33.619s][info][gc          ] GC(31) Concurrent update references 159.740ms
[2026-04-03T03:22:36.320+0600][33.619s][info][gc,start    ] GC(31) Concurrent update thread roots
[2026-04-03T03:22:36.321+0600][33.620s][info][gc          ] GC(31) Concurrent update thread roots 0.851ms
[2026-04-03T03:22:36.321+0600][33.620s][info][gc,start    ] GC(31) Pause Final Update Refs
[2026-04-03T03:22:36.322+0600][33.620s][info][gc,task     ] GC(31) Using 6 of 6 workers for final reference update
[2026-04-03T03:22:36.322+0600][33.621s][info][gc          ] GC(31) Pause Final Update Refs 0.326ms
[2026-04-03T03:22:36.322+0600][33.621s][info][gc,start    ] GC(31) Concurrent cleanup
[2026-04-03T03:22:36.322+0600][33.621s][info][gc          ] GC(31) Concurrent cleanup 739M->487M(1000M) 0.492ms
[2026-04-03T03:22:36.322+0600][33.621s][info][gc,ergo     ] Free: 459M, Max: 256K regular, 229M humongous, Frag: 51% external, 0% internal; Reserve: 51200K, Max: 256K
[2026-04-03T03:22:36.323+0600][33.621s][info][gc,stats    ] 
[2026-04-03T03:22:36.323+0600][33.621s][info][gc,stats    ] All times are wall-clock times, except per-root-class counters, that are sum over
[2026-04-03T03:22:36.323+0600][33.621s][info][gc,stats    ] all workers. Dividing the <total> over the root stage time estimates parallelism.
[2026-04-03T03:22:36.323+0600][33.621s][info][gc,stats    ] 
[2026-04-03T03:22:36.323+0600][33.621s][info][gc,stats    ] Concurrent Reset                   1908 us
[2026-04-03T03:22:36.323+0600][33.621s][info][gc,stats    ] Pause Init Mark (G)                 461 us
[2026-04-03T03:22:36.323+0600][33.621s][info][gc,stats    ] Pause Init Mark (N)                 139 us
[2026-04-03T03:22:36.323+0600][33.621s][info][gc,stats    ]   Update Region States               41 us
[2026-04-03T03:22:36.323+0600][33.621s][info][gc,stats    ] Concurrent Mark Roots              1023 us, parallelism: 1.70x
[2026-04-03T03:22:36.323+0600][33.621s][info][gc,stats    ]   CMR: <total>                     1744 us
[2026-04-03T03:22:36.323+0600][33.621s][info][gc,stats    ]   CMR: Thread Roots                1375 us, workers (us): 579, 247, 550, ---, ---, ---, 
[2026-04-03T03:22:36.323+0600][33.621s][info][gc,stats    ]   CMR: VM Strong Roots               34 us, workers (us):  32,   1,   1, ---, ---, ---, 
[2026-04-03T03:22:36.323+0600][33.622s][info][gc,stats    ]   CMR: CLDG Roots                   335 us, workers (us): ---, 335, ---, ---, ---, ---, 
[2026-04-03T03:22:36.323+0600][33.622s][info][gc,stats    ] Concurrent Marking               275688 us
[2026-04-03T03:22:36.323+0600][33.622s][info][gc,stats    ] Pause Final Mark (G)              25447 us
[2026-04-03T03:22:36.323+0600][33.622s][info][gc,stats    ] Pause Final Mark (N)              25044 us
[2026-04-03T03:22:36.323+0600][33.622s][info][gc,stats    ]   Finish Mark                       475 us
[2026-04-03T03:22:36.323+0600][33.622s][info][gc,stats    ]   Update Region States               95 us
[2026-04-03T03:22:36.323+0600][33.622s][info][gc,stats    ]   Choose Collection Set             922 us
[2026-04-03T03:22:36.323+0600][33.622s][info][gc,stats    ]   Rebuild Free Set                   98 us
[2026-04-03T03:22:36.323+0600][33.622s][info][gc,stats    ] Concurrent Thread Roots             797 us, parallelism: 1.79x
[2026-04-03T03:22:36.323+0600][33.622s][info][gc,stats    ]   CTR: <total>                     1427 us
[2026-04-03T03:22:36.323+0600][33.622s][info][gc,stats    ]   CTR: Thread Roots                1427 us, workers (us): 483, 486, 458, ---, ---, ---, 
[2026-04-03T03:22:36.323+0600][33.622s][info][gc,stats    ] Concurrent Weak References          370 us, parallelism: 0.54x
[2026-04-03T03:22:36.323+0600][33.622s][info][gc,stats    ]   CWRF: <total>                     200 us
[2026-04-03T03:22:36.323+0600][33.622s][info][gc,stats    ]   CWRF: Weak References             200 us, workers (us):  99,  99,   1, ---, ---, ---, 
[2026-04-03T03:22:36.323+0600][33.622s][info][gc,stats    ] Concurrent Weak Roots              2271 us
[2026-04-03T03:22:36.323+0600][33.622s][info][gc,stats    ]   Roots                            2007 us, parallelism: 2.37x
[2026-04-03T03:22:36.323+0600][33.622s][info][gc,stats    ]     CWR: <total>                   4748 us
[2026-04-03T03:22:36.323+0600][33.622s][info][gc,stats    ]     CWR: Code Cache Roots          2988 us, workers (us): 1089, 1008, 891, ---, ---, ---, 
[2026-04-03T03:22:36.323+0600][33.622s][info][gc,stats    ]     CWR: VM Weak Roots             1625 us, workers (us): 564, 552, 510, ---, ---, ---, 
[2026-04-03T03:22:36.323+0600][33.622s][info][gc,stats    ]     CWR: CLDG Roots                 135 us, workers (us): ---, ---, 135, ---, ---, ---, 
[2026-04-03T03:22:36.323+0600][33.622s][info][gc,stats    ]   Rendezvous                        177 us
[2026-04-03T03:22:36.323+0600][33.622s][info][gc,stats    ] Concurrent Cleanup                  731 us
[2026-04-03T03:22:36.323+0600][33.622s][info][gc,stats    ] Concurrent Class Unloading         5013 us
[2026-04-03T03:22:36.323+0600][33.622s][info][gc,stats    ]   Unlink Stale                     4252 us
[2026-04-03T03:22:36.323+0600][33.622s][info][gc,stats    ]     System Dictionary               101 us
[2026-04-03T03:22:36.323+0600][33.622s][info][gc,stats    ]     Weak Class Links                  0 us
[2026-04-03T03:22:36.323+0600][33.622s][info][gc,stats    ]     Code Roots                     4148 us
[2026-04-03T03:22:36.323+0600][33.622s][info][gc,stats    ]   Rendezvous                        190 us
[2026-04-03T03:22:36.323+0600][33.622s][info][gc,stats    ]   Purge Unlinked                    338 us
[2026-04-03T03:22:36.323+0600][33.622s][info][gc,stats    ]     Code Roots                      327 us
[2026-04-03T03:22:36.323+0600][33.622s][info][gc,stats    ]     CLDG                             10 us
[2026-04-03T03:22:36.323+0600][33.622s][info][gc,stats    ]     Exception Caches                  0 us
[2026-04-03T03:22:36.323+0600][33.622s][info][gc,stats    ] Concurrent Strong Roots             902 us, parallelism: 0.56x
[2026-04-03T03:22:36.323+0600][33.622s][info][gc,stats    ]   CSR: <total>                      501 us
[2026-04-03T03:22:36.323+0600][33.622s][info][gc,stats    ]   CSR: VM Strong Roots               27 us, workers (us):  25,   1,   0, ---, ---, ---, 
[2026-04-03T03:22:36.323+0600][33.622s][info][gc,stats    ]   CSR: CLDG Roots                   474 us, workers (us): 474, ---, ---, ---, ---, ---, 
[2026-04-03T03:22:36.323+0600][33.622s][info][gc,stats    ] Concurrent Evacuation             32908 us
[2026-04-03T03:22:36.323+0600][33.622s][info][gc,stats    ] Pause Init Update Refs (G)          592 us
[2026-04-03T03:22:36.323+0600][33.622s][info][gc,stats    ] Pause Init Update Refs (N)          177 us
[2026-04-03T03:22:36.323+0600][33.622s][info][gc,stats    ]   Manage GCLABs                      36 us
[2026-04-03T03:22:36.323+0600][33.622s][info][gc,stats    ] Concurrent Update Refs           159851 us
[2026-04-03T03:22:36.323+0600][33.622s][info][gc,stats    ] Concurrent Update Thread Roots      928 us
[2026-04-03T03:22:36.323+0600][33.622s][info][gc,stats    ] Pause Final Update Refs (G)         668 us
[2026-04-03T03:22:36.323+0600][33.622s][info][gc,stats    ] Pause Final Update Refs (N)         348 us
[2026-04-03T03:22:36.323+0600][33.622s][info][gc,stats    ]   Update Region States               76 us
[2026-04-03T03:22:36.323+0600][33.622s][info][gc,stats    ]   Trash Collection Set               32 us
[2026-04-03T03:22:36.323+0600][33.622s][info][gc,stats    ]   Rebuild Free Set                   83 us
[2026-04-03T03:22:36.323+0600][33.622s][info][gc,stats    ] Concurrent Cleanup                  526 us
[2026-04-03T03:22:36.323+0600][33.622s][info][gc,stats    ] Pacing                           489612 us
[2026-04-03T03:22:36.323+0600][33.622s][info][gc,stats    ] 
[2026-04-03T03:22:36.323+0600][33.622s][info][gc,stats    ] Allocation pacing accrued:
[2026-04-03T03:22:36.323+0600][33.622s][info][gc,stats    ]     163 of   708 ms ( 23.0%): Executor task launch worker for task 0.0 in stage 2.0 (TID 6)
[2026-04-03T03:22:36.323+0600][33.622s][info][gc,stats    ]     165 of   708 ms ( 23.3%): Executor task launch worker for task 1.0 in stage 2.0 (TID 7)
[2026-04-03T03:22:36.323+0600][33.622s][info][gc,stats    ]     161 of   708 ms ( 22.8%): Executor task launch worker for task 2.0 in stage 2.0 (TID 8)
[2026-04-03T03:22:36.323+0600][33.622s][info][gc,stats    ]     490 of   708 ms ( 69.2%): <total>
[2026-04-03T03:22:36.323+0600][33.622s][info][gc,stats    ]       6 of   708 ms (  0.9%): <average total>
[2026-04-03T03:22:36.323+0600][33.622s][info][gc,stats    ]     163 of   708 ms ( 23.1%): <average non-zero>
[2026-04-03T03:22:36.323+0600][33.622s][info][gc,stats    ] 
[2026-04-03T03:22:36.323+0600][33.622s][info][gc,metaspace] Metaspace: 70110K(70912K)->70110K(70912K) NonClass: 61180K(61632K)->61180K(61632K) Class: 8930K(9280K)->8930K(9280K)
[2026-04-03T03:22:36.323+0600][33.622s][info][gc,ergo     ] Pacer for Idle. Initial: 20480K, Alloc Tax Rate: 1.0x
[2026-04-03T03:22:36.397+0600][33.696s][info][gc          ] Trigger: Average GC time (661.12 ms) is above the time for average allocation rate (500 MB/s) to deplete free headroom (329M) (margin of error = 1.84)
[2026-04-03T03:22:36.398+0600][33.696s][info][gc,ergo     ] Free headroom: 379M (free) - 51200K (spike) - 0B (penalties) = 329M
[2026-04-03T03:22:36.398+0600][33.696s][info][gc,ergo     ] Free: 379M, Max: 256K regular, 229M humongous, Frag: 40% external, 0% internal; Reserve: 51200K, Max: 256K
[2026-04-03T03:22:36.398+0600][33.696s][info][gc,start    ] GC(32) Concurrent reset
[2026-04-03T03:22:36.398+0600][33.696s][info][gc,task     ] GC(32) Using 3 of 6 workers for concurrent reset
[2026-04-03T03:22:36.398+0600][33.696s][info][gc,ergo     ] GC(32) Pacer for Reset. Non-Taxable: 1000M
[2026-04-03T03:22:36.399+0600][33.698s][info][gc          ] GC(32) Concurrent reset 1.790ms
[2026-04-03T03:22:36.400+0600][33.698s][info][gc,start    ] GC(32) Pause Init Mark (unload classes)
[2026-04-03T03:22:36.400+0600][33.699s][info][gc,task     ] GC(32) Using 6 of 6 workers for init marking
[2026-04-03T03:22:36.400+0600][33.699s][info][gc,ergo     ] GC(32) Pacer for Mark. Expected Live: 223M, Free: 377M, Non-Taxable: 38681K, Alloc Tax Rate: 0.7x
[2026-04-03T03:22:36.400+0600][33.699s][info][gc          ] GC(32) Pause Init Mark (unload classes) 0.305ms
[2026-04-03T03:22:36.400+0600][33.699s][info][gc,start    ] GC(32) Concurrent marking roots
[2026-04-03T03:22:36.400+0600][33.699s][info][gc,task     ] GC(32) Using 3 of 6 workers for concurrent marking roots
[2026-04-03T03:22:36.401+0600][33.700s][info][gc          ] GC(32) Concurrent marking roots 0.828ms
[2026-04-03T03:22:36.401+0600][33.700s][info][gc,start    ] GC(32) Concurrent marking (unload classes)
[2026-04-03T03:22:36.401+0600][33.700s][info][gc,task     ] GC(32) Using 3 of 6 workers for concurrent marking
[2026-04-03T03:22:36.695+0600][33.994s][info][gc          ] GC(32) Concurrent marking (unload classes) 294.041ms
[2026-04-03T03:22:36.695+0600][33.994s][info][gc,start    ] GC(32) Pause Final Mark (unload classes)
[2026-04-03T03:22:36.695+0600][33.994s][info][gc,task     ] GC(32) Using 6 of 6 workers for final marking
[2026-04-03T03:22:36.696+0600][33.995s][info][gc,ergo     ] GC(32) Adaptive CSet Selection. Target Free: 141M, Actual Free: 349M, Max CSet: 42666K, Min Garbage: 0B
[2026-04-03T03:22:36.696+0600][33.995s][info][gc,ergo     ] GC(32) Collectable Garbage: 288M (94%), Immediate: 4096K (1%), CSet: 284M (93%)
[2026-04-03T03:22:36.696+0600][33.995s][info][gc,ergo     ] GC(32) Pacer for Evacuation. Used CSet: 326M, Free: 300M, Non-Taxable: 30745K, Alloc Tax Rate: 2.7x
[2026-04-03T03:22:36.696+0600][33.995s][info][gc          ] GC(32) Pause Final Mark (unload classes) 0.945ms
[2026-04-03T03:22:36.696+0600][33.995s][info][gc,start    ] GC(32) Concurrent thread roots
[2026-04-03T03:22:36.696+0600][33.995s][info][gc,task     ] GC(32) Using 3 of 6 workers for Concurrent thread roots
[2026-04-03T03:22:36.697+0600][33.996s][info][gc          ] GC(32) Concurrent thread roots 0.485ms
[2026-04-03T03:22:36.697+0600][33.996s][info][gc,start    ] GC(32) Concurrent weak references
[2026-04-03T03:22:36.697+0600][33.996s][info][gc,task     ] GC(32) Using 3 of 6 workers for concurrent weak references
[2026-04-03T03:22:36.697+0600][33.996s][info][gc,ref      ] GC(32) Encountered references: Soft: 3386, Weak: 6009, Final: 82, Phantom: 594
[2026-04-03T03:22:36.697+0600][33.996s][info][gc,ref      ] GC(32) Discovered  references: Soft: 0, Weak: 533, Final: 0, Phantom: 591
[2026-04-03T03:22:36.697+0600][33.996s][info][gc,ref      ] GC(32) Enqueued    references: Soft: 0, Weak: 0, Final: 0, Phantom: 0
[2026-04-03T03:22:36.697+0600][33.996s][info][gc          ] GC(32) Concurrent weak references 0.297ms
[2026-04-03T03:22:36.697+0600][33.996s][info][gc,start    ] GC(32) Concurrent weak roots
[2026-04-03T03:22:36.697+0600][33.996s][info][gc,task     ] GC(32) Using 3 of 6 workers for concurrent weak root
[2026-04-03T03:22:36.699+0600][33.998s][info][gc          ] GC(32) Concurrent weak roots 1.636ms
[2026-04-03T03:22:36.699+0600][33.998s][info][gc,start    ] GC(32) Concurrent cleanup
[2026-04-03T03:22:36.699+0600][33.998s][info][gc          ] GC(32) Concurrent cleanup 652M->648M(1000M) 0.199ms
[2026-04-03T03:22:36.699+0600][33.998s][info][gc,ergo     ] GC(32) Free: 298M, Max: 256K regular, 229M humongous, Frag: 24% external, 0% internal; Reserve: 50990K, Max: 256K
[2026-04-03T03:22:36.699+0600][33.998s][info][gc,start    ] GC(32) Concurrent class unloading
[2026-04-03T03:22:36.699+0600][33.998s][info][gc,task     ] GC(32) Using 3 of 6 workers for concurrent class unloading
[2026-04-03T03:22:36.704+0600][34.002s][info][gc          ] GC(32) Concurrent class unloading 4.496ms
[2026-04-03T03:22:36.704+0600][34.002s][info][gc,start    ] GC(32) Concurrent strong roots
[2026-04-03T03:22:36.704+0600][34.002s][info][gc,task     ] GC(32) Using 3 of 6 workers for concurrent strong root
[2026-04-03T03:22:36.704+0600][34.003s][info][gc          ] GC(32) Concurrent strong roots 0.778ms
[2026-04-03T03:22:36.705+0600][34.003s][info][gc,start    ] GC(32) Concurrent evacuation
[2026-04-03T03:22:36.705+0600][34.003s][info][gc,task     ] GC(32) Using 3 of 6 workers for concurrent evacuation
[2026-04-03T03:22:36.740+0600][34.038s][info][gc          ] GC(32) Concurrent evacuation 35.134ms
[2026-04-03T03:22:36.740+0600][34.039s][info][gc,start    ] GC(32) Pause Init Update Refs
[2026-04-03T03:22:36.740+0600][34.039s][info][gc,ergo     ] GC(32) Pacer for Update Refs. Used: 714M, Free: 274M, Non-Taxable: 28108K, Alloc Tax Rate: 3.2x
[2026-04-03T03:22:36.740+0600][34.039s][info][gc          ] GC(32) Pause Init Update Refs 0.116ms
[2026-04-03T03:22:36.740+0600][34.039s][info][gc,start    ] GC(32) Concurrent update references
[2026-04-03T03:22:36.740+0600][34.039s][info][gc,task     ] GC(32) Using 3 of 6 workers for concurrent reference update
[2026-04-03T03:22:36.933+0600][34.232s][info][gc          ] GC(32) Concurrent update references 192.489ms
[2026-04-03T03:22:36.933+0600][34.232s][info][gc,start    ] GC(32) Concurrent update thread roots
[2026-04-03T03:22:36.934+0600][34.233s][info][gc          ] GC(32) Concurrent update thread roots 0.842ms
[2026-04-03T03:22:36.934+0600][34.233s][info][gc,start    ] GC(32) Pause Final Update Refs
[2026-04-03T03:22:36.934+0600][34.233s][info][gc,task     ] GC(32) Using 6 of 6 workers for final reference update
[2026-04-03T03:22:36.934+0600][34.233s][info][gc          ] GC(32) Pause Final Update Refs 0.211ms
[2026-04-03T03:22:36.934+0600][34.233s][info][gc,start    ] GC(32) Concurrent cleanup
[2026-04-03T03:22:36.935+0600][34.234s][info][gc          ] GC(32) Concurrent cleanup 792M->466M(1000M) 0.916ms
[2026-04-03T03:22:36.935+0600][34.234s][info][gc,ergo     ] Free: 479M, Max: 256K regular, 154M humongous, Frag: 68% external, 0% internal; Reserve: 51200K, Max: 256K
[2026-04-03T03:22:36.935+0600][34.234s][info][gc,stats    ] 
[2026-04-03T03:22:36.935+0600][34.234s][info][gc,stats    ] All times are wall-clock times, except per-root-class counters, that are sum over
[2026-04-03T03:22:36.935+0600][34.234s][info][gc,stats    ] all workers. Dividing the <total> over the root stage time estimates parallelism.
[2026-04-03T03:22:36.935+0600][34.234s][info][gc,stats    ] 
[2026-04-03T03:22:36.935+0600][34.234s][info][gc,stats    ] Concurrent Reset                   1866 us
[2026-04-03T03:22:36.935+0600][34.234s][info][gc,stats    ] Pause Init Mark (G)                 645 us
[2026-04-03T03:22:36.935+0600][34.234s][info][gc,stats    ] Pause Init Mark (N)                 342 us
[2026-04-03T03:22:36.935+0600][34.234s][info][gc,stats    ]   Update Region States               43 us
[2026-04-03T03:22:36.935+0600][34.234s][info][gc,stats    ] Concurrent Mark Roots               875 us, parallelism: 1.29x
[2026-04-03T03:22:36.935+0600][34.234s][info][gc,stats    ]   CMR: <total>                     1132 us
[2026-04-03T03:22:36.935+0600][34.234s][info][gc,stats    ]   CMR: Thread Roots                 913 us, workers (us): 228, 351, 334, ---, ---, ---, 
[2026-04-03T03:22:36.935+0600][34.234s][info][gc,stats    ]   CMR: VM Strong Roots               26 us, workers (us):  23,   1,   1, ---, ---, ---, 
[2026-04-03T03:22:36.935+0600][34.234s][info][gc,stats    ]   CMR: CLDG Roots                   193 us, workers (us): 193, ---, ---, ---, ---, ---, 
[2026-04-03T03:22:36.935+0600][34.234s][info][gc,stats    ] Concurrent Marking               294106 us
[2026-04-03T03:22:36.935+0600][34.234s][info][gc,stats    ] Pause Final Mark (G)               1197 us
[2026-04-03T03:22:36.935+0600][34.234s][info][gc,stats    ] Pause Final Mark (N)                955 us
[2026-04-03T03:22:36.935+0600][34.234s][info][gc,stats    ]   Finish Mark                       290 us
[2026-04-03T03:22:36.935+0600][34.234s][info][gc,stats    ]   Update Region States               42 us
[2026-04-03T03:22:36.935+0600][34.234s][info][gc,stats    ]   Choose Collection Set             464 us
[2026-04-03T03:22:36.936+0600][34.234s][info][gc,stats    ]   Rebuild Free Set                   40 us
[2026-04-03T03:22:36.936+0600][34.234s][info][gc,stats    ] Concurrent Thread Roots             515 us, parallelism: 1.60x
[2026-04-03T03:22:36.936+0600][34.234s][info][gc,stats    ]   CTR: <total>                      825 us
[2026-04-03T03:22:36.936+0600][34.234s][info][gc,stats    ]   CTR: Thread Roots                 825 us, workers (us): 316, 277, 233, ---, ---, ---, 
[2026-04-03T03:22:36.936+0600][34.234s][info][gc,stats    ] Concurrent Weak References          308 us, parallelism: 0.44x
[2026-04-03T03:22:36.936+0600][34.234s][info][gc,stats    ]   CWRF: <total>                     134 us
[2026-04-03T03:22:36.936+0600][34.234s][info][gc,stats    ]   CWRF: Weak References             134 us, workers (us): 120,  12,   2, ---, ---, ---, 
[2026-04-03T03:22:36.936+0600][34.234s][info][gc,stats    ] Concurrent Weak Roots              1682 us
[2026-04-03T03:22:36.936+0600][34.234s][info][gc,stats    ]   Roots                            1474 us, parallelism: 2.44x
[2026-04-03T03:22:36.936+0600][34.234s][info][gc,stats    ]     CWR: <total>                   3602 us
[2026-04-03T03:22:36.936+0600][34.234s][info][gc,stats    ]     CWR: Code Cache Roots          2276 us, workers (us): 776, 745, 756, ---, ---, ---, 
[2026-04-03T03:22:36.936+0600][34.234s][info][gc,stats    ]     CWR: VM Weak Roots             1278 us, workers (us): 478, 426, 374, ---, ---, ---, 
[2026-04-03T03:22:36.936+0600][34.234s][info][gc,stats    ]     CWR: CLDG Roots                  48 us, workers (us): ---,  48, ---, ---, ---, ---, 
[2026-04-03T03:22:36.936+0600][34.234s][info][gc,stats    ]   Rendezvous                        138 us
[2026-04-03T03:22:36.936+0600][34.234s][info][gc,stats    ] Concurrent Cleanup                  214 us
[2026-04-03T03:22:36.936+0600][34.234s][info][gc,stats    ] Concurrent Class Unloading         4565 us
[2026-04-03T03:22:36.936+0600][34.234s][info][gc,stats    ]   Unlink Stale                     4131 us
[2026-04-03T03:22:36.936+0600][34.234s][info][gc,stats    ]     System Dictionary               101 us
[2026-04-03T03:22:36.936+0600][34.234s][info][gc,stats    ]     Weak Class Links                  0 us
[2026-04-03T03:22:36.936+0600][34.234s][info][gc,stats    ]     Code Roots                     4025 us
[2026-04-03T03:22:36.936+0600][34.234s][info][gc,stats    ]   Rendezvous                        191 us
[2026-04-03T03:22:36.936+0600][34.234s][info][gc,stats    ]   Purge Unlinked                    148 us
[2026-04-03T03:22:36.936+0600][34.234s][info][gc,stats    ]     Code Roots                      139 us
[2026-04-03T03:22:36.936+0600][34.234s][info][gc,stats    ]     CLDG                              8 us
[2026-04-03T03:22:36.936+0600][34.234s][info][gc,stats    ]     Exception Caches                  0 us
[2026-04-03T03:22:36.936+0600][34.234s][info][gc,stats    ] Concurrent Strong Roots             852 us, parallelism: 0.51x
[2026-04-03T03:22:36.936+0600][34.234s][info][gc,stats    ]   CSR: <total>                      437 us
[2026-04-03T03:22:36.936+0600][34.235s][info][gc,stats    ]   CSR: VM Strong Roots               20 us, workers (us):  10,  10,   0, ---, ---, ---, 
[2026-04-03T03:22:36.936+0600][34.235s][info][gc,stats    ]   CSR: CLDG Roots                   417 us, workers (us): ---, 417, ---, ---, ---, ---, 
[2026-04-03T03:22:36.936+0600][34.235s][info][gc,stats    ] Concurrent Evacuation             35360 us
[2026-04-03T03:22:36.936+0600][34.235s][info][gc,stats    ] Pause Init Update Refs (G)          459 us
[2026-04-03T03:22:36.936+0600][34.235s][info][gc,stats    ] Pause Init Update Refs (N)          135 us
[2026-04-03T03:22:36.936+0600][34.235s][info][gc,stats    ]   Manage GCLABs                      35 us
[2026-04-03T03:22:36.936+0600][34.235s][info][gc,stats    ] Concurrent Update Refs           192569 us
[2026-04-03T03:22:36.936+0600][34.235s][info][gc,stats    ] Concurrent Update Thread Roots      902 us
[2026-04-03T03:22:36.936+0600][34.235s][info][gc,stats    ] Pause Final Update Refs (G)         539 us
[2026-04-03T03:22:36.936+0600][34.235s][info][gc,stats    ] Pause Final Update Refs (N)         228 us
[2026-04-03T03:22:36.936+0600][34.235s][info][gc,stats    ]   Update Region States               63 us
[2026-04-03T03:22:36.936+0600][34.235s][info][gc,stats    ]   Trash Collection Set               25 us
[2026-04-03T03:22:36.936+0600][34.235s][info][gc,stats    ]   Rebuild Free Set                   48 us
[2026-04-03T03:22:36.936+0600][34.235s][info][gc,stats    ] Concurrent Cleanup                  940 us
[2026-04-03T03:22:36.936+0600][34.235s][info][gc,stats    ] Pacing                           533107 us
[2026-04-03T03:22:36.936+0600][34.235s][info][gc,stats    ] 
[2026-04-03T03:22:36.936+0600][34.235s][info][gc,stats    ] Allocation pacing accrued:
[2026-04-03T03:22:36.936+0600][34.235s][info][gc,stats    ]      11 of   612 ms (  1.9%): C1 CompilerThread0
[2026-04-03T03:22:36.936+0600][34.235s][info][gc,stats    ]      11 of   612 ms (  1.8%): driver-heartbeater
[2026-04-03T03:22:36.936+0600][34.235s][info][gc,stats    ]      11 of   612 ms (  1.8%): spark-listener-group-appStatus
[2026-04-03T03:22:36.936+0600][34.235s][info][gc,stats    ]      11 of   612 ms (  1.8%): spark-listener-group-executorManagement
[2026-04-03T03:22:36.936+0600][34.235s][info][gc,stats    ]      11 of   612 ms (  1.8%): spark-listener-group-shared
[2026-04-03T03:22:36.936+0600][34.235s][info][gc,stats    ]     123 of   612 ms ( 20.1%): Executor task launch worker for task 0.0 in stage 2.0 (TID 6)
[2026-04-03T03:22:36.936+0600][34.235s][info][gc,stats    ]     177 of   612 ms ( 28.9%): Executor task launch worker for task 1.0 in stage 2.0 (TID 7)
[2026-04-03T03:22:36.936+0600][34.235s][info][gc,stats    ]     177 of   612 ms ( 28.9%): Executor task launch worker for task 2.0 in stage 2.0 (TID 8)
[2026-04-03T03:22:36.936+0600][34.235s][info][gc,stats    ]     533 of   612 ms ( 87.0%): <total>
[2026-04-03T03:22:36.936+0600][34.235s][info][gc,stats    ]       7 of   612 ms (  1.1%): <average total>
[2026-04-03T03:22:36.936+0600][34.235s][info][gc,stats    ]      67 of   612 ms ( 10.9%): <average non-zero>
[2026-04-03T03:22:36.936+0600][34.235s][info][gc,stats    ] 
[2026-04-03T03:22:36.936+0600][34.235s][info][gc,metaspace] Metaspace: 70113K(70912K)->70122K(70912K) NonClass: 61182K(61632K)->61191K(61632K) Class: 8930K(9280K)->8930K(9280K)
[2026-04-03T03:22:36.936+0600][34.235s][info][gc,ergo     ] Pacer for Idle. Initial: 20480K, Alloc Tax Rate: 1.0x
[2026-04-03T03:22:37.441+0600][34.740s][info][gc          ] Trigger: Average GC time (636.74 ms) is above the time for average allocation rate (568 MB/s) to deplete free headroom (248M) (margin of error = 1.86)
[2026-04-03T03:22:37.441+0600][34.740s][info][gc,ergo     ] Free headroom: 298M (free) - 51200K (spike) - 0B (penalties) = 248M
[2026-04-03T03:22:37.441+0600][34.740s][info][gc,ergo     ] Free: 298M, Max: 256K regular, 154M humongous, Frag: 49% external, 0% internal; Reserve: 51200K, Max: 256K
[2026-04-03T03:22:37.441+0600][34.740s][info][gc,start    ] GC(33) Concurrent reset
[2026-04-03T03:22:37.441+0600][34.740s][info][gc,task     ] GC(33) Using 3 of 6 workers for concurrent reset
[2026-04-03T03:22:37.441+0600][34.740s][info][gc,ergo     ] GC(33) Pacer for Reset. Non-Taxable: 1000M
[2026-04-03T03:22:37.443+0600][34.742s][info][gc          ] GC(33) Concurrent reset 1.707ms
[2026-04-03T03:22:37.443+0600][34.742s][info][gc,start    ] GC(33) Pause Init Mark (unload classes)
[2026-04-03T03:22:37.443+0600][34.742s][info][gc,task     ] GC(33) Using 6 of 6 workers for init marking
[2026-04-03T03:22:37.443+0600][34.742s][info][gc,ergo     ] GC(33) Pacer for Mark. Expected Live: 231M, Free: 297M, Non-Taxable: 30438K, Alloc Tax Rate: 0.9x
[2026-04-03T03:22:37.443+0600][34.742s][info][gc          ] GC(33) Pause Init Mark (unload classes) 0.132ms
[2026-04-03T03:22:37.443+0600][34.742s][info][gc,start    ] GC(33) Concurrent marking roots
[2026-04-03T03:22:37.443+0600][34.742s][info][gc,task     ] GC(33) Using 3 of 6 workers for concurrent marking roots
[2026-04-03T03:22:37.444+0600][34.743s][info][gc          ] GC(33) Concurrent marking roots 0.740ms
[2026-04-03T03:22:37.444+0600][34.743s][info][gc,start    ] GC(33) Concurrent marking (unload classes)
[2026-04-03T03:22:37.444+0600][34.743s][info][gc,task     ] GC(33) Using 3 of 6 workers for concurrent marking
[2026-04-03T03:22:37.698+0600][34.997s][info][gc          ] GC(33) Concurrent marking (unload classes) 253.938ms
[2026-04-03T03:22:37.698+0600][34.997s][info][gc,start    ] GC(33) Pause Final Mark (unload classes)
[2026-04-03T03:22:37.698+0600][34.997s][info][gc,task     ] GC(33) Using 6 of 6 workers for final marking
[2026-04-03T03:22:37.699+0600][34.998s][info][gc,ergo     ] GC(33) Adaptive CSet Selection. Target Free: 141M, Actual Free: 432M, Max CSet: 42666K, Min Garbage: 0B
[2026-04-03T03:22:37.699+0600][34.998s][info][gc,ergo     ] GC(33) Collectable Garbage: 419M (97%), Immediate: 145M (33%), CSet: 274M (64%)
[2026-04-03T03:22:37.699+0600][34.998s][info][gc,ergo     ] GC(33) Pacer for Evacuation. Used CSet: 311M, Free: 384M, Non-Taxable: 39347K, Alloc Tax Rate: 2.0x
[2026-04-03T03:22:37.699+0600][34.998s][info][gc          ] GC(33) Pause Final Mark (unload classes) 1.137ms
[2026-04-03T03:22:37.700+0600][34.998s][info][gc,start    ] GC(33) Concurrent thread roots
[2026-04-03T03:22:37.700+0600][34.998s][info][gc,task     ] GC(33) Using 3 of 6 workers for Concurrent thread roots
[2026-04-03T03:22:37.700+0600][34.999s][info][gc          ] GC(33) Concurrent thread roots 0.501ms
[2026-04-03T03:22:37.700+0600][34.999s][info][gc,start    ] GC(33) Concurrent weak references
[2026-04-03T03:22:37.700+0600][34.999s][info][gc,task     ] GC(33) Using 3 of 6 workers for concurrent weak references
[2026-04-03T03:22:37.700+0600][34.999s][info][gc,ref      ] GC(33) Encountered references: Soft: 3386, Weak: 6014, Final: 82, Phantom: 597
[2026-04-03T03:22:37.700+0600][34.999s][info][gc,ref      ] GC(33) Discovered  references: Soft: 0, Weak: 499, Final: 0, Phantom: 210
[2026-04-03T03:22:37.700+0600][34.999s][info][gc,ref      ] GC(33) Enqueued    references: Soft: 0, Weak: 4, Final: 0, Phantom: 0
[2026-04-03T03:22:37.700+0600][34.999s][info][gc          ] GC(33) Concurrent weak references 0.269ms
[2026-04-03T03:22:37.700+0600][34.999s][info][gc,start    ] GC(33) Concurrent weak roots
[2026-04-03T03:22:37.700+0600][34.999s][info][gc,task     ] GC(33) Using 3 of 6 workers for concurrent weak root
[2026-04-03T03:22:37.702+0600][35.001s][info][gc          ] GC(33) Concurrent weak roots 1.832ms
[2026-04-03T03:22:37.702+0600][35.001s][info][gc,start    ] GC(33) Concurrent cleanup
[2026-04-03T03:22:37.703+0600][35.001s][info][gc          ] GC(33) Concurrent cleanup 709M->564M(1000M) 0.378ms
[2026-04-03T03:22:37.703+0600][35.001s][info][gc,ergo     ] GC(33) Free: 382M, Max: 256K regular, 175M humongous, Frag: 55% external, 0% internal; Reserve: 50965K, Max: 256K
[2026-04-03T03:22:37.703+0600][35.002s][info][gc,start    ] GC(33) Concurrent class unloading
[2026-04-03T03:22:37.703+0600][35.002s][info][gc,task     ] GC(33) Using 3 of 6 workers for concurrent class unloading
[2026-04-03T03:22:37.708+0600][35.007s][info][gc          ] GC(33) Concurrent class unloading 5.230ms
[2026-04-03T03:22:37.708+0600][35.007s][info][gc,start    ] GC(33) Concurrent strong roots
[2026-04-03T03:22:37.708+0600][35.007s][info][gc,task     ] GC(33) Using 3 of 6 workers for concurrent strong root
[2026-04-03T03:22:37.709+0600][35.008s][info][gc          ] GC(33) Concurrent strong roots 0.730ms
[2026-04-03T03:22:37.709+0600][35.008s][info][gc,start    ] GC(33) Concurrent evacuation
[2026-04-03T03:22:37.709+0600][35.008s][info][gc,task     ] GC(33) Using 3 of 6 workers for concurrent evacuation
[2026-04-03T03:22:37.743+0600][35.042s][info][gc          ] GC(33) Concurrent evacuation 34.179ms
[2026-04-03T03:22:37.743+0600][35.042s][info][gc,start    ] GC(33) Pause Init Update Refs
[2026-04-03T03:22:37.743+0600][35.042s][info][gc,ergo     ] GC(33) Pacer for Update Refs. Used: 624M, Free: 360M, Non-Taxable: 36914K, Alloc Tax Rate: 2.1x
[2026-04-03T03:22:37.744+0600][35.042s][info][gc          ] GC(33) Pause Init Update Refs 0.106ms
[2026-04-03T03:22:37.744+0600][35.042s][info][gc,start    ] GC(33) Concurrent update references
[2026-04-03T03:22:37.744+0600][35.042s][info][gc,task     ] GC(33) Using 3 of 6 workers for concurrent reference update
[2026-04-03T03:22:37.883+0600][35.182s][info][gc          ] GC(33) Concurrent update references 139.658ms
[2026-04-03T03:22:37.883+0600][35.182s][info][gc,start    ] GC(33) Concurrent update thread roots
[2026-04-03T03:22:37.884+0600][35.183s][info][gc          ] GC(33) Concurrent update thread roots 0.759ms
[2026-04-03T03:22:37.884+0600][35.183s][info][gc,start    ] GC(33) Pause Final Update Refs
[2026-04-03T03:22:37.885+0600][35.183s][info][gc,task     ] GC(33) Using 6 of 6 workers for final reference update
[2026-04-03T03:22:37.885+0600][35.184s][info][gc          ] GC(33) Pause Final Update Refs 0.329ms
[2026-04-03T03:22:37.885+0600][35.184s][info][gc,start    ] GC(33) Concurrent cleanup
[2026-04-03T03:22:37.886+0600][35.185s][info][gc          ] GC(33) Concurrent cleanup 702M->391M(1000M) 1.027ms
[2026-04-03T03:22:37.886+0600][35.185s][info][gc,ergo     ] Free: 555M, Max: 256K regular, 287M humongous, Frag: 49% external, 0% internal; Reserve: 51200K, Max: 256K
[2026-04-03T03:22:37.886+0600][35.185s][info][gc,stats    ] 
[2026-04-03T03:22:37.886+0600][35.185s][info][gc,stats    ] All times are wall-clock times, except per-root-class counters, that are sum over
[2026-04-03T03:22:37.886+0600][35.185s][info][gc,stats    ] all workers. Dividing the <total> over the root stage time estimates parallelism.
[2026-04-03T03:22:37.886+0600][35.185s][info][gc,stats    ] 
[2026-04-03T03:22:37.886+0600][35.185s][info][gc,stats    ] Concurrent Reset                   1771 us
[2026-04-03T03:22:37.886+0600][35.185s][info][gc,stats    ] Pause Init Mark (G)                 419 us
[2026-04-03T03:22:37.886+0600][35.185s][info][gc,stats    ] Pause Init Mark (N)                 142 us
[2026-04-03T03:22:37.886+0600][35.185s][info][gc,stats    ]   Update Region States               33 us
[2026-04-03T03:22:37.886+0600][35.185s][info][gc,stats    ] Concurrent Mark Roots               775 us, parallelism: 1.37x
[2026-04-03T03:22:37.886+0600][35.185s][info][gc,stats    ]   CMR: <total>                     1064 us
[2026-04-03T03:22:37.886+0600][35.185s][info][gc,stats    ]   CMR: Thread Roots                 850 us, workers (us): 366, 176, 308, ---, ---, ---, 
[2026-04-03T03:22:37.886+0600][35.185s][info][gc,stats    ]   CMR: VM Strong Roots               26 us, workers (us):  14,  11,   1, ---, ---, ---, 
[2026-04-03T03:22:37.886+0600][35.185s][info][gc,stats    ]   CMR: CLDG Roots                   189 us, workers (us): ---, 189, ---, ---, ---, ---, 
[2026-04-03T03:22:37.886+0600][35.185s][info][gc,stats    ] Concurrent Marking               254022 us
[2026-04-03T03:22:37.886+0600][35.185s][info][gc,stats    ] Pause Final Mark (G)               1344 us
[2026-04-03T03:22:37.886+0600][35.185s][info][gc,stats    ] Pause Final Mark (N)               1151 us
[2026-04-03T03:22:37.886+0600][35.185s][info][gc,stats    ]   Finish Mark                       196 us
[2026-04-03T03:22:37.886+0600][35.185s][info][gc,stats    ]   Update Region States              106 us
[2026-04-03T03:22:37.886+0600][35.185s][info][gc,stats    ]   Choose Collection Set             651 us
[2026-04-03T03:22:37.886+0600][35.185s][info][gc,stats    ]   Rebuild Free Set                   53 us
[2026-04-03T03:22:37.886+0600][35.185s][info][gc,stats    ] Concurrent Thread Roots             546 us, parallelism: 1.64x
[2026-04-03T03:22:37.886+0600][35.185s][info][gc,stats    ]   CTR: <total>                      897 us
[2026-04-03T03:22:37.886+0600][35.185s][info][gc,stats    ]   CTR: Thread Roots                 897 us, workers (us): 339, 284, 274, ---, ---, ---, 
[2026-04-03T03:22:37.886+0600][35.185s][info][gc,stats    ] Concurrent Weak References          285 us, parallelism: 0.45x
[2026-04-03T03:22:37.886+0600][35.185s][info][gc,stats    ]   CWRF: <total>                     130 us
[2026-04-03T03:22:37.886+0600][35.185s][info][gc,stats    ]   CWRF: Weak References             130 us, workers (us):  80,  43,   6, ---, ---, ---, 
[2026-04-03T03:22:37.886+0600][35.185s][info][gc,stats    ] Concurrent Weak Roots              1892 us
[2026-04-03T03:22:37.886+0600][35.185s][info][gc,stats    ]   Roots                            1622 us, parallelism: 2.37x
[2026-04-03T03:22:37.886+0600][35.185s][info][gc,stats    ]     CWR: <total>                   3839 us
[2026-04-03T03:22:37.886+0600][35.185s][info][gc,stats    ]     CWR: Code Cache Roots          2481 us, workers (us): 875, 739, 867, ---, ---, ---, 
[2026-04-03T03:22:37.886+0600][35.185s][info][gc,stats    ]     CWR: VM Weak Roots             1243 us, workers (us): 469, 386, 388, ---, ---, ---, 
[2026-04-03T03:22:37.886+0600][35.185s][info][gc,stats    ]     CWR: CLDG Roots                 115 us, workers (us): ---, 115, ---, ---, ---, ---, 
[2026-04-03T03:22:37.886+0600][35.185s][info][gc,stats    ]   Rendezvous                        183 us
[2026-04-03T03:22:37.886+0600][35.185s][info][gc,stats    ] Concurrent Cleanup                  405 us
[2026-04-03T03:22:37.886+0600][35.185s][info][gc,stats    ] Concurrent Class Unloading         5309 us
[2026-04-03T03:22:37.886+0600][35.185s][info][gc,stats    ]   Unlink Stale                     4859 us
[2026-04-03T03:22:37.886+0600][35.185s][info][gc,stats    ]     System Dictionary               114 us
[2026-04-03T03:22:37.886+0600][35.185s][info][gc,stats    ]     Weak Class Links                  1 us
[2026-04-03T03:22:37.886+0600][35.185s][info][gc,stats    ]     Code Roots                     4742 us
[2026-04-03T03:22:37.886+0600][35.185s][info][gc,stats    ]   Rendezvous                        142 us
[2026-04-03T03:22:37.886+0600][35.185s][info][gc,stats    ]   Purge Unlinked                    194 us
[2026-04-03T03:22:37.886+0600][35.185s][info][gc,stats    ]     Code Roots                      182 us
[2026-04-03T03:22:37.886+0600][35.185s][info][gc,stats    ]     CLDG                             11 us
[2026-04-03T03:22:37.886+0600][35.185s][info][gc,stats    ]     Exception Caches                  0 us
[2026-04-03T03:22:37.886+0600][35.185s][info][gc,stats    ] Concurrent Strong Roots             782 us, parallelism: 0.61x
[2026-04-03T03:22:37.886+0600][35.185s][info][gc,stats    ]   CSR: <total>                      478 us
[2026-04-03T03:22:37.886+0600][35.185s][info][gc,stats    ]   CSR: VM Strong Roots               25 us, workers (us):  24,   1,   0, ---, ---, ---, 
[2026-04-03T03:22:37.886+0600][35.185s][info][gc,stats    ]   CSR: CLDG Roots                   453 us, workers (us): 453, ---, ---, ---, ---, ---, 
[2026-04-03T03:22:37.886+0600][35.185s][info][gc,stats    ] Concurrent Evacuation             34298 us
[2026-04-03T03:22:37.886+0600][35.185s][info][gc,stats    ] Pause Init Update Refs (G)          526 us
[2026-04-03T03:22:37.886+0600][35.185s][info][gc,stats    ] Pause Init Update Refs (N)          123 us
[2026-04-03T03:22:37.886+0600][35.185s][info][gc,stats    ]   Manage GCLABs                      15 us
[2026-04-03T03:22:37.886+0600][35.185s][info][gc,stats    ] Concurrent Update Refs           139768 us
[2026-04-03T03:22:37.886+0600][35.185s][info][gc,stats    ] Concurrent Update Thread Roots      807 us
[2026-04-03T03:22:37.887+0600][35.185s][info][gc,stats    ] Pause Final Update Refs (G)         700 us
[2026-04-03T03:22:37.887+0600][35.185s][info][gc,stats    ] Pause Final Update Refs (N)         352 us
[2026-04-03T03:22:37.887+0600][35.185s][info][gc,stats    ]   Update Region States               72 us
[2026-04-03T03:22:37.887+0600][35.185s][info][gc,stats    ]   Trash Collection Set               35 us
[2026-04-03T03:22:37.887+0600][35.185s][info][gc,stats    ]   Rebuild Free Set                   88 us
[2026-04-03T03:22:37.887+0600][35.185s][info][gc,stats    ] Concurrent Cleanup                 1082 us
[2026-04-03T03:22:37.887+0600][35.185s][info][gc,stats    ] Pacing                           401789 us
[2026-04-03T03:22:37.887+0600][35.185s][info][gc,stats    ] 
[2026-04-03T03:22:37.887+0600][35.185s][info][gc,stats    ] Allocation pacing accrued:
[2026-04-03T03:22:37.887+0600][35.185s][info][gc,stats    ]     133 of   951 ms ( 14.0%): Executor task launch worker for task 0.0 in stage 2.0 (TID 6)
[2026-04-03T03:22:37.887+0600][35.185s][info][gc,stats    ]     135 of   951 ms ( 14.2%): Executor task launch worker for task 1.0 in stage 2.0 (TID 7)
[2026-04-03T03:22:37.887+0600][35.185s][info][gc,stats    ]     134 of   951 ms ( 14.1%): Executor task launch worker for task 2.0 in stage 2.0 (TID 8)
[2026-04-03T03:22:37.887+0600][35.185s][info][gc,stats    ]     402 of   951 ms ( 42.3%): <total>
[2026-04-03T03:22:37.887+0600][35.185s][info][gc,stats    ]       5 of   951 ms (  0.5%): <average total>
[2026-04-03T03:22:37.887+0600][35.185s][info][gc,stats    ]     134 of   951 ms ( 14.1%): <average non-zero>
[2026-04-03T03:22:37.887+0600][35.185s][info][gc,stats    ] 
[2026-04-03T03:22:37.887+0600][35.185s][info][gc,metaspace] Metaspace: 70130K(70912K)->70131K(70912K) NonClass: 61200K(61632K)->61200K(61632K) Class: 8930K(9280K)->8930K(9280K)
[2026-04-03T03:22:37.887+0600][35.185s][info][gc,ergo     ] Pacer for Idle. Initial: 20480K, Alloc Tax Rate: 1.0x
[2026-04-03T03:22:37.989+0600][35.287s][info][gc          ] Trigger: Average GC time (591.15 ms) is above the time for average allocation rate (734 MB/s) to deplete free headroom (405M) (margin of error = 1.86)
[2026-04-03T03:22:37.989+0600][35.287s][info][gc,ergo     ] Free headroom: 455M (free) - 51200K (spike) - 0B (penalties) = 405M
[2026-04-03T03:22:37.989+0600][35.288s][info][gc,ergo     ] Free: 455M, Max: 256K regular, 287M humongous, Frag: 37% external, 0% internal; Reserve: 51200K, Max: 256K
[2026-04-03T03:22:37.989+0600][35.288s][info][gc,start    ] GC(34) Concurrent reset
[2026-04-03T03:22:37.989+0600][35.288s][info][gc,task     ] GC(34) Using 3 of 6 workers for concurrent reset
[2026-04-03T03:22:37.989+0600][35.288s][info][gc,ergo     ] GC(34) Pacer for Reset. Non-Taxable: 1000M
[2026-04-03T03:22:37.991+0600][35.289s][info][gc          ] GC(34) Concurrent reset 1.710ms
[2026-04-03T03:22:37.991+0600][35.290s][info][gc,start    ] GC(34) Pause Init Mark (unload classes)
[2026-04-03T03:22:37.991+0600][35.290s][info][gc,task     ] GC(34) Using 6 of 6 workers for init marking
[2026-04-03T03:22:37.991+0600][35.290s][info][gc,ergo     ] GC(34) Pacer for Mark. Expected Live: 228M, Free: 453M, Non-Taxable: 46463K, Alloc Tax Rate: 0.6x
[2026-04-03T03:22:37.991+0600][35.290s][info][gc          ] GC(34) Pause Init Mark (unload classes) 0.171ms
[2026-04-03T03:22:37.991+0600][35.290s][info][gc,start    ] GC(34) Concurrent marking roots
[2026-04-03T03:22:37.991+0600][35.290s][info][gc,task     ] GC(34) Using 3 of 6 workers for concurrent marking roots
[2026-04-03T03:22:37.992+0600][35.291s][info][gc          ] GC(34) Concurrent marking roots 0.770ms
[2026-04-03T03:22:37.992+0600][35.291s][info][gc,start    ] GC(34) Concurrent marking (unload classes)
[2026-04-03T03:22:37.992+0600][35.291s][info][gc,task     ] GC(34) Using 3 of 6 workers for concurrent marking
[2026-04-03T03:22:38.246+0600][35.545s][info][gc          ] GC(34) Concurrent marking (unload classes) 254.442ms
[2026-04-03T03:22:38.247+0600][35.545s][info][gc,start    ] GC(34) Pause Final Mark (unload classes)
[2026-04-03T03:22:38.247+0600][35.546s][info][gc,task     ] GC(34) Using 6 of 6 workers for final marking
[2026-04-03T03:22:38.247+0600][35.546s][info][gc,ergo     ] GC(34) Adaptive CSet Selection. Target Free: 141M, Actual Free: 436M, Max CSet: 42666K, Min Garbage: 0B
[2026-04-03T03:22:38.248+0600][35.546s][info][gc,ergo     ] GC(34) Collectable Garbage: 283M (97%), Immediate: 14848K (4%), CSet: 269M (92%)
[2026-04-03T03:22:38.248+0600][35.547s][info][gc,ergo     ] GC(34) Pacer for Evacuation. Used CSet: 300M, Free: 387M, Non-Taxable: 39654K, Alloc Tax Rate: 1.9x
[2026-04-03T03:22:38.248+0600][35.547s][info][gc          ] GC(34) Pause Final Mark (unload classes) 1.058ms
[2026-04-03T03:22:38.248+0600][35.547s][info][gc,start    ] GC(34) Concurrent thread roots
[2026-04-03T03:22:38.248+0600][35.547s][info][gc,task     ] GC(34) Using 3 of 6 workers for Concurrent thread roots
[2026-04-03T03:22:38.248+0600][35.547s][info][gc          ] GC(34) Concurrent thread roots 0.493ms
[2026-04-03T03:22:38.248+0600][35.547s][info][gc,start    ] GC(34) Concurrent weak references
[2026-04-03T03:22:38.248+0600][35.547s][info][gc,task     ] GC(34) Using 3 of 6 workers for concurrent weak references
[2026-04-03T03:22:38.249+0600][35.547s][info][gc,ref      ] GC(34) Encountered references: Soft: 3386, Weak: 6010, Final: 82, Phantom: 597
[2026-04-03T03:22:38.249+0600][35.547s][info][gc,ref      ] GC(34) Discovered  references: Soft: 0, Weak: 380, Final: 0, Phantom: 593
[2026-04-03T03:22:38.249+0600][35.547s][info][gc,ref      ] GC(34) Enqueued    references: Soft: 0, Weak: 0, Final: 0, Phantom: 0
[2026-04-03T03:22:38.249+0600][35.547s][info][gc          ] GC(34) Concurrent weak references 0.222ms
[2026-04-03T03:22:38.249+0600][35.547s][info][gc,start    ] GC(34) Concurrent weak roots
[2026-04-03T03:22:38.249+0600][35.547s][info][gc,task     ] GC(34) Using 3 of 6 workers for concurrent weak root
[2026-04-03T03:22:38.250+0600][35.549s][info][gc          ] GC(34) Concurrent weak roots 1.655ms
[2026-04-03T03:22:38.250+0600][35.549s][info][gc,start    ] GC(34) Concurrent cleanup
[2026-04-03T03:22:38.251+0600][35.550s][info][gc          ] GC(34) Concurrent cleanup 576M->562M(1000M) 0.656ms
[2026-04-03T03:22:38.251+0600][35.550s][info][gc,ergo     ] GC(34) Free: 385M, Max: 256K regular, 292M humongous, Frag: 25% external, 0% internal; Reserve: 51034K, Max: 256K
[2026-04-03T03:22:38.251+0600][35.550s][info][gc,start    ] GC(34) Concurrent class unloading
[2026-04-03T03:22:38.251+0600][35.550s][info][gc,task     ] GC(34) Using 3 of 6 workers for concurrent class unloading
[2026-04-03T03:22:38.256+0600][35.555s][info][gc          ] GC(34) Concurrent class unloading 5.477ms
[2026-04-03T03:22:38.257+0600][35.555s][info][gc,start    ] GC(34) Concurrent strong roots
[2026-04-03T03:22:38.257+0600][35.555s][info][gc,task     ] GC(34) Using 3 of 6 workers for concurrent strong root
[2026-04-03T03:22:38.257+0600][35.556s][info][gc          ] GC(34) Concurrent strong roots 0.507ms
[2026-04-03T03:22:38.257+0600][35.556s][info][gc,start    ] GC(34) Concurrent evacuation
[2026-04-03T03:22:38.257+0600][35.556s][info][gc,task     ] GC(34) Using 3 of 6 workers for concurrent evacuation
[2026-04-03T03:22:38.288+0600][35.586s][info][gc          ] GC(34) Concurrent evacuation 30.479ms
[2026-04-03T03:22:38.288+0600][35.587s][info][gc,start    ] GC(34) Pause Init Update Refs
[2026-04-03T03:22:38.288+0600][35.587s][info][gc,ergo     ] GC(34) Pacer for Update Refs. Used: 612M, Free: 366M, Non-Taxable: 37580K, Alloc Tax Rate: 2.0x
[2026-04-03T03:22:38.288+0600][35.587s][info][gc          ] GC(34) Pause Init Update Refs 0.109ms
[2026-04-03T03:22:38.288+0600][35.587s][info][gc,start    ] GC(34) Concurrent update references
[2026-04-03T03:22:38.288+0600][35.587s][info][gc,task     ] GC(34) Using 3 of 6 workers for concurrent reference update
[2026-04-03T03:22:38.425+0600][35.724s][info][gc          ] GC(34) Concurrent update references 136.457ms
[2026-04-03T03:22:38.425+0600][35.724s][info][gc,start    ] GC(34) Concurrent update thread roots
[2026-04-03T03:22:38.426+0600][35.724s][info][gc          ] GC(34) Concurrent update thread roots 0.749ms
[2026-04-03T03:22:38.426+0600][35.725s][info][gc,start    ] GC(34) Pause Final Update Refs
[2026-04-03T03:22:38.426+0600][35.725s][info][gc,task     ] GC(34) Using 6 of 6 workers for final reference update
[2026-04-03T03:22:38.426+0600][35.725s][info][gc          ] GC(34) Pause Final Update Refs 0.224ms
[2026-04-03T03:22:38.426+0600][35.725s][info][gc,start    ] GC(34) Concurrent cleanup
[2026-04-03T03:22:38.427+0600][35.726s][info][gc          ] GC(34) Concurrent cleanup 689M->389M(1000M) 0.896ms
[2026-04-03T03:22:38.427+0600][35.726s][info][gc,ergo     ] Free: 558M, Max: 256K regular, 298M humongous, Frag: 47% external, 0% internal; Reserve: 51200K, Max: 256K
[2026-04-03T03:22:38.427+0600][35.726s][info][gc,stats    ] 
[2026-04-03T03:22:38.427+0600][35.726s][info][gc,stats    ] All times are wall-clock times, except per-root-class counters, that are sum over
[2026-04-03T03:22:38.427+0600][35.726s][info][gc,stats    ] all workers. Dividing the <total> over the root stage time estimates parallelism.
[2026-04-03T03:22:38.427+0600][35.726s][info][gc,stats    ] 
[2026-04-03T03:22:38.427+0600][35.726s][info][gc,stats    ] Concurrent Reset                   1785 us
[2026-04-03T03:22:38.427+0600][35.726s][info][gc,stats    ] Pause Init Mark (G)                 553 us
[2026-04-03T03:22:38.427+0600][35.726s][info][gc,stats    ] Pause Init Mark (N)                 182 us
[2026-04-03T03:22:38.427+0600][35.726s][info][gc,stats    ]   Update Region States               44 us
[2026-04-03T03:22:38.427+0600][35.726s][info][gc,stats    ] Concurrent Mark Roots               805 us, parallelism: 1.47x
[2026-04-03T03:22:38.427+0600][35.726s][info][gc,stats    ]   CMR: <total>                     1182 us
[2026-04-03T03:22:38.427+0600][35.726s][info][gc,stats    ]   CMR: Thread Roots                 827 us, workers (us):  83, 376, 368, ---, ---, ---, 
[2026-04-03T03:22:38.427+0600][35.726s][info][gc,stats    ]   CMR: VM Strong Roots               28 us, workers (us):  26,   1,   1, ---, ---, ---, 
[2026-04-03T03:22:38.427+0600][35.726s][info][gc,stats    ]   CMR: CLDG Roots                   327 us, workers (us): 327, ---, ---, ---, ---, ---, 
[2026-04-03T03:22:38.427+0600][35.726s][info][gc,stats    ] Concurrent Marking               254529 us
[2026-04-03T03:22:38.427+0600][35.726s][info][gc,stats    ] Pause Final Mark (G)               1349 us
[2026-04-03T03:22:38.427+0600][35.726s][info][gc,stats    ] Pause Final Mark (N)               1071 us
[2026-04-03T03:22:38.427+0600][35.726s][info][gc,stats    ]   Finish Mark                       268 us
[2026-04-03T03:22:38.427+0600][35.726s][info][gc,stats    ]   Update Region States               50 us
[2026-04-03T03:22:38.427+0600][35.726s][info][gc,stats    ]   Choose Collection Set             530 us
[2026-04-03T03:22:38.427+0600][35.726s][info][gc,stats    ]   Rebuild Free Set                   70 us
[2026-04-03T03:22:38.427+0600][35.726s][info][gc,stats    ] Concurrent Thread Roots             517 us, parallelism: 1.81x
[2026-04-03T03:22:38.427+0600][35.726s][info][gc,stats    ]   CTR: <total>                      938 us
[2026-04-03T03:22:38.427+0600][35.726s][info][gc,stats    ]   CTR: Thread Roots                 938 us, workers (us): 376, 282, 280, ---, ---, ---, 
[2026-04-03T03:22:38.427+0600][35.726s][info][gc,stats    ] Concurrent Weak References          229 us, parallelism: 0.64x
[2026-04-03T03:22:38.427+0600][35.726s][info][gc,stats    ]   CWRF: <total>                     146 us
[2026-04-03T03:22:38.428+0600][35.726s][info][gc,stats    ]   CWRF: Weak References             146 us, workers (us):  56,  90,   0, ---, ---, ---, 
[2026-04-03T03:22:38.428+0600][35.726s][info][gc,stats    ] Concurrent Weak Roots              1708 us
[2026-04-03T03:22:38.428+0600][35.726s][info][gc,stats    ]   Roots                            1391 us, parallelism: 2.38x
[2026-04-03T03:22:38.428+0600][35.726s][info][gc,stats    ]     CWR: <total>                   3305 us
[2026-04-03T03:22:38.428+0600][35.726s][info][gc,stats    ]     CWR: Code Cache Roots          2041 us, workers (us): 638, 688, 715, ---, ---, ---, 
[2026-04-03T03:22:38.428+0600][35.726s][info][gc,stats    ]     CWR: VM Weak Roots             1226 us, workers (us): 457, 393, 375, ---, ---, ---, 
[2026-04-03T03:22:38.428+0600][35.726s][info][gc,stats    ]     CWR: CLDG Roots                  38 us, workers (us):  38, ---, ---, ---, ---, ---, 
[2026-04-03T03:22:38.428+0600][35.726s][info][gc,stats    ]   Rendezvous                        225 us
[2026-04-03T03:22:38.428+0600][35.726s][info][gc,stats    ] Concurrent Cleanup                  672 us
[2026-04-03T03:22:38.428+0600][35.726s][info][gc,stats    ] Concurrent Class Unloading         5546 us
[2026-04-03T03:22:38.428+0600][35.726s][info][gc,stats    ]   Unlink Stale                     5027 us
[2026-04-03T03:22:38.428+0600][35.726s][info][gc,stats    ]     System Dictionary               115 us
[2026-04-03T03:22:38.428+0600][35.726s][info][gc,stats    ]     Weak Class Links                  0 us
[2026-04-03T03:22:38.428+0600][35.726s][info][gc,stats    ]     Code Roots                     4908 us
[2026-04-03T03:22:38.428+0600][35.726s][info][gc,stats    ]   Rendezvous                        296 us
[2026-04-03T03:22:38.428+0600][35.726s][info][gc,stats    ]   Purge Unlinked                    131 us
[2026-04-03T03:22:38.428+0600][35.726s][info][gc,stats    ]     Code Roots                      120 us
[2026-04-03T03:22:38.428+0600][35.726s][info][gc,stats    ]     CLDG                             11 us
[2026-04-03T03:22:38.428+0600][35.726s][info][gc,stats    ]     Exception Caches                  0 us
[2026-04-03T03:22:38.428+0600][35.726s][info][gc,stats    ] Concurrent Strong Roots             535 us, parallelism: 0.55x
[2026-04-03T03:22:38.428+0600][35.726s][info][gc,stats    ]   CSR: <total>                      296 us
[2026-04-03T03:22:38.428+0600][35.726s][info][gc,stats    ]   CSR: VM Strong Roots               19 us, workers (us):  12,   6,   0, ---, ---, ---, 
[2026-04-03T03:22:38.428+0600][35.726s][info][gc,stats    ]   CSR: CLDG Roots                   277 us, workers (us): 277, ---, ---, ---, ---, ---, 
[2026-04-03T03:22:38.428+0600][35.726s][info][gc,stats    ] Concurrent Evacuation             30587 us
[2026-04-03T03:22:38.428+0600][35.726s][info][gc,stats    ] Pause Init Update Refs (G)          558 us
[2026-04-03T03:22:38.428+0600][35.726s][info][gc,stats    ] Pause Init Update Refs (N)          122 us
[2026-04-03T03:22:38.428+0600][35.726s][info][gc,stats    ]   Manage GCLABs                      28 us
[2026-04-03T03:22:38.428+0600][35.727s][info][gc,stats    ] Concurrent Update Refs           136567 us
[2026-04-03T03:22:38.428+0600][35.727s][info][gc,stats    ] Concurrent Update Thread Roots      805 us
[2026-04-03T03:22:38.428+0600][35.727s][info][gc,stats    ] Pause Final Update Refs (G)         669 us
[2026-04-03T03:22:38.428+0600][35.727s][info][gc,stats    ] Pause Final Update Refs (N)         242 us
[2026-04-03T03:22:38.428+0600][35.727s][info][gc,stats    ]   Update Region States               65 us
[2026-04-03T03:22:38.428+0600][35.727s][info][gc,stats    ]   Trash Collection Set               28 us
[2026-04-03T03:22:38.428+0600][35.727s][info][gc,stats    ]   Rebuild Free Set                   58 us
[2026-04-03T03:22:38.428+0600][35.727s][info][gc,stats    ] Concurrent Cleanup                  923 us
[2026-04-03T03:22:38.428+0600][35.727s][info][gc,stats    ] Pacing                           335161 us
[2026-04-03T03:22:38.428+0600][35.727s][info][gc,stats    ] 
[2026-04-03T03:22:38.428+0600][35.727s][info][gc,stats    ] Allocation pacing accrued:
[2026-04-03T03:22:38.428+0600][35.727s][info][gc,stats    ]     112 of   541 ms ( 20.7%): Executor task launch worker for task 0.0 in stage 2.0 (TID 6)
[2026-04-03T03:22:38.428+0600][35.727s][info][gc,stats    ]     111 of   541 ms ( 20.6%): Executor task launch worker for task 1.0 in stage 2.0 (TID 7)
[2026-04-03T03:22:38.428+0600][35.727s][info][gc,stats    ]     112 of   541 ms ( 20.7%): Executor task launch worker for task 2.0 in stage 2.0 (TID 8)
[2026-04-03T03:22:38.428+0600][35.727s][info][gc,stats    ]     335 of   541 ms ( 61.9%): <total>
[2026-04-03T03:22:38.428+0600][35.727s][info][gc,stats    ]       4 of   541 ms (  0.8%): <average total>
[2026-04-03T03:22:38.428+0600][35.727s][info][gc,stats    ]     112 of   541 ms ( 20.6%): <average non-zero>
[2026-04-03T03:22:38.428+0600][35.727s][info][gc,stats    ] 
[2026-04-03T03:22:38.428+0600][35.727s][info][gc,metaspace] Metaspace: 70131K(70912K)->70131K(70912K) NonClass: 61200K(61632K)->61200K(61632K) Class: 8930K(9280K)->8930K(9280K)
[2026-04-03T03:22:38.428+0600][35.727s][info][gc,ergo     ] Pacer for Idle. Initial: 20480K, Alloc Tax Rate: 1.0x
[2026-04-03T03:22:38.529+0600][35.828s][info][gc          ] Trigger: Average GC time (547.38 ms) is above the time for average allocation rate (830 MB/s) to deplete free headroom (400M) (margin of error = 1.85)
[2026-04-03T03:22:38.529+0600][35.828s][info][gc,ergo     ] Free headroom: 450M (free) - 51200K (spike) - 0B (penalties) = 400M
[2026-04-03T03:22:38.529+0600][35.828s][info][gc,ergo     ] Free: 450M, Max: 256K regular, 298M humongous, Frag: 34% external, 0% internal; Reserve: 51200K, Max: 256K
[2026-04-03T03:22:38.529+0600][35.828s][info][gc,start    ] GC(35) Concurrent reset
[2026-04-03T03:22:38.529+0600][35.828s][info][gc,task     ] GC(35) Using 3 of 6 workers for concurrent reset
[2026-04-03T03:22:38.529+0600][35.828s][info][gc,ergo     ] GC(35) Pacer for Reset. Non-Taxable: 1000M
[2026-04-03T03:22:38.531+0600][35.830s][info][gc          ] GC(35) Concurrent reset 1.767ms
[2026-04-03T03:22:38.531+0600][35.830s][info][gc,start    ] GC(35) Pause Init Mark (unload classes)
[2026-04-03T03:22:38.531+0600][35.830s][info][gc,task     ] GC(35) Using 6 of 6 workers for init marking
[2026-04-03T03:22:38.531+0600][35.830s][info][gc,ergo     ] GC(35) Pacer for Mark. Expected Live: 220M, Free: 449M, Non-Taxable: 46002K, Alloc Tax Rate: 0.6x
[2026-04-03T03:22:38.531+0600][35.830s][info][gc          ] GC(35) Pause Init Mark (unload classes) 0.178ms
[2026-04-03T03:22:38.532+0600][35.830s][info][gc,start    ] GC(35) Concurrent marking roots
[2026-04-03T03:22:38.532+0600][35.831s][info][gc,task     ] GC(35) Using 3 of 6 workers for concurrent marking roots
[2026-04-03T03:22:38.532+0600][35.831s][info][gc          ] GC(35) Concurrent marking roots 0.664ms
[2026-04-03T03:22:38.532+0600][35.831s][info][gc,start    ] GC(35) Concurrent marking (unload classes)
[2026-04-03T03:22:38.532+0600][35.831s][info][gc,task     ] GC(35) Using 3 of 6 workers for concurrent marking
[2026-04-03T03:22:38.811+0600][36.110s][info][gc          ] GC(35) Concurrent marking (unload classes) 279.119ms
[2026-04-03T03:22:38.812+0600][36.110s][info][gc,start    ] GC(35) Pause Final Mark (unload classes)
[2026-04-03T03:22:38.812+0600][36.111s][info][gc,task     ] GC(35) Using 6 of 6 workers for final marking
[2026-04-03T03:22:38.812+0600][36.111s][info][gc,ergo     ] GC(35) Adaptive CSet Selection. Target Free: 141M, Actual Free: 411M, Max CSet: 42666K, Min Garbage: 0B
[2026-04-03T03:22:38.813+0600][36.111s][info][gc,ergo     ] GC(35) Collectable Garbage: 274M (96%), Immediate: 0B (0%), CSet: 274M (96%)
[2026-04-03T03:22:38.813+0600][36.112s][info][gc,ergo     ] GC(35) Pacer for Evacuation. Used CSet: 293M, Free: 361M, Non-Taxable: 37043K, Alloc Tax Rate: 2.0x
[2026-04-03T03:22:38.813+0600][36.112s][info][gc          ] GC(35) Pause Final Mark (unload classes) 1.118ms
[2026-04-03T03:22:38.813+0600][36.112s][info][gc,start    ] GC(35) Concurrent thread roots
[2026-04-03T03:22:38.813+0600][36.112s][info][gc,task     ] GC(35) Using 3 of 6 workers for Concurrent thread roots
[2026-04-03T03:22:38.814+0600][36.113s][info][gc          ] GC(35) Concurrent thread roots 0.717ms
[2026-04-03T03:22:38.814+0600][36.113s][info][gc,start    ] GC(35) Concurrent weak references
[2026-04-03T03:22:38.814+0600][36.113s][info][gc,task     ] GC(35) Using 3 of 6 workers for concurrent weak references
[2026-04-03T03:22:38.814+0600][36.113s][info][gc,ref      ] GC(35) Encountered references: Soft: 3386, Weak: 6010, Final: 82, Phantom: 597
[2026-04-03T03:22:38.814+0600][36.113s][info][gc,ref      ] GC(35) Discovered  references: Soft: 0, Weak: 829, Final: 0, Phantom: 594
[2026-04-03T03:22:38.814+0600][36.113s][info][gc,ref      ] GC(35) Enqueued    references: Soft: 0, Weak: 0, Final: 0, Phantom: 0
[2026-04-03T03:22:38.814+0600][36.113s][info][gc          ] GC(35) Concurrent weak references 0.263ms
[2026-04-03T03:22:38.814+0600][36.113s][info][gc,start    ] GC(35) Concurrent weak roots
[2026-04-03T03:22:38.814+0600][36.113s][info][gc,task     ] GC(35) Using 3 of 6 workers for concurrent weak root
[2026-04-03T03:22:38.816+0600][36.115s][info][gc          ] GC(35) Concurrent weak roots 1.660ms
[2026-04-03T03:22:38.816+0600][36.115s][info][gc,start    ] GC(35) Concurrent cleanup
[2026-04-03T03:22:38.817+0600][36.115s][info][gc          ] GC(35) Concurrent cleanup 585M->585M(1000M) 0.595ms
[2026-04-03T03:22:38.817+0600][36.115s][info][gc,ergo     ] GC(35) Free: 361M, Max: 256K regular, 298M humongous, Frag: 18% external, 0% internal; Reserve: 51195K, Max: 256K
[2026-04-03T03:22:38.817+0600][36.115s][info][gc,start    ] GC(35) Concurrent class unloading
[2026-04-03T03:22:38.817+0600][36.115s][info][gc,task     ] GC(35) Using 3 of 6 workers for concurrent class unloading
[2026-04-03T03:22:38.820+0600][36.119s][info][gc          ] GC(35) Concurrent class unloading 3.872ms
[2026-04-03T03:22:38.820+0600][36.119s][info][gc,start    ] GC(35) Concurrent strong roots
[2026-04-03T03:22:38.821+0600][36.119s][info][gc,task     ] GC(35) Using 3 of 6 workers for concurrent strong root
[2026-04-03T03:22:38.821+0600][36.120s][info][gc          ] GC(35) Concurrent strong roots 0.614ms
[2026-04-03T03:22:38.821+0600][36.120s][info][gc,start    ] GC(35) Concurrent evacuation
[2026-04-03T03:22:38.821+0600][36.120s][info][gc,task     ] GC(35) Using 3 of 6 workers for concurrent evacuation
[2026-04-03T03:22:38.841+0600][36.140s][info][gc          ] GC(35) Concurrent evacuation 19.812ms
[2026-04-03T03:22:38.841+0600][36.140s][info][gc,start    ] GC(35) Pause Init Update Refs
[2026-04-03T03:22:38.841+0600][36.140s][info][gc,ergo     ] GC(35) Pacer for Update Refs. Used: 618M, Free: 348M, Non-Taxable: 35686K, Alloc Tax Rate: 2.2x
[2026-04-03T03:22:38.841+0600][36.140s][info][gc          ] GC(35) Pause Init Update Refs 0.137ms
[2026-04-03T03:22:38.842+0600][36.140s][info][gc,start    ] GC(35) Concurrent update references
[2026-04-03T03:22:38.842+0600][36.140s][info][gc,task     ] GC(35) Using 3 of 6 workers for concurrent reference update
[2026-04-03T03:22:39.007+0600][36.306s][info][gc          ] GC(35) Concurrent update references 165.355ms
[2026-04-03T03:22:39.007+0600][36.306s][info][gc,start    ] GC(35) Concurrent update thread roots
[2026-04-03T03:22:39.008+0600][36.307s][info][gc          ] GC(35) Concurrent update thread roots 0.880ms
[2026-04-03T03:22:39.008+0600][36.307s][info][gc,start    ] GC(35) Pause Final Update Refs
[2026-04-03T03:22:39.008+0600][36.307s][info][gc,task     ] GC(35) Using 6 of 6 workers for final reference update
[2026-04-03T03:22:39.008+0600][36.307s][info][gc          ] GC(35) Pause Final Update Refs 0.316ms
[2026-04-03T03:22:39.009+0600][36.307s][info][gc,start    ] GC(35) Concurrent cleanup
[2026-04-03T03:22:39.009+0600][36.308s][info][gc          ] GC(35) Concurrent cleanup 705M->412M(1000M) 0.477ms
[2026-04-03T03:22:39.009+0600][36.308s][info][gc,ergo     ] Free: 534M, Max: 256K regular, 251M humongous, Frag: 54% external, 0% internal; Reserve: 51200K, Max: 256K
[2026-04-03T03:22:39.009+0600][36.308s][info][gc,stats    ] 
[2026-04-03T03:22:39.009+0600][36.308s][info][gc,stats    ] All times are wall-clock times, except per-root-class counters, that are sum over
[2026-04-03T03:22:39.009+0600][36.308s][info][gc,stats    ] all workers. Dividing the <total> over the root stage time estimates parallelism.
[2026-04-03T03:22:39.009+0600][36.308s][info][gc,stats    ] 
[2026-04-03T03:22:39.009+0600][36.308s][info][gc,stats    ] Concurrent Reset                   1832 us
[2026-04-03T03:22:39.009+0600][36.308s][info][gc,stats    ] Pause Init Mark (G)                 602 us
[2026-04-03T03:22:39.009+0600][36.308s][info][gc,stats    ] Pause Init Mark (N)                 191 us
[2026-04-03T03:22:39.009+0600][36.308s][info][gc,stats    ]   Update Region States               50 us
[2026-04-03T03:22:39.009+0600][36.308s][info][gc,stats    ] Concurrent Mark Roots               685 us, parallelism: 1.56x
[2026-04-03T03:22:39.009+0600][36.308s][info][gc,stats    ]   CMR: <total>                     1070 us
[2026-04-03T03:22:39.009+0600][36.308s][info][gc,stats    ]   CMR: Thread Roots                 755 us, workers (us): 344, 345,  67, ---, ---, ---, 
[2026-04-03T03:22:39.009+0600][36.308s][info][gc,stats    ]   CMR: VM Strong Roots               31 us, workers (us):  18,   8,   4, ---, ---, ---, 
[2026-04-03T03:22:39.009+0600][36.308s][info][gc,stats    ]   CMR: CLDG Roots                   284 us, workers (us): ---, ---, 284, ---, ---, ---, 
[2026-04-03T03:22:39.009+0600][36.308s][info][gc,stats    ] Concurrent Marking               279191 us
[2026-04-03T03:22:39.009+0600][36.308s][info][gc,stats    ] Pause Final Mark (G)               1694 us
[2026-04-03T03:22:39.009+0600][36.308s][info][gc,stats    ] Pause Final Mark (N)               1133 us
[2026-04-03T03:22:39.009+0600][36.308s][info][gc,stats    ]   Finish Mark                       270 us
[2026-04-03T03:22:39.009+0600][36.308s][info][gc,stats    ]   Update Region States               66 us
[2026-04-03T03:22:39.009+0600][36.308s][info][gc,stats    ]   Choose Collection Set             614 us
[2026-04-03T03:22:39.009+0600][36.308s][info][gc,stats    ]   Rebuild Free Set                   42 us
[2026-04-03T03:22:39.009+0600][36.308s][info][gc,stats    ] Concurrent Thread Roots             767 us, parallelism: 1.35x
[2026-04-03T03:22:39.009+0600][36.308s][info][gc,stats    ]   CTR: <total>                     1033 us
[2026-04-03T03:22:39.009+0600][36.308s][info][gc,stats    ]   CTR: Thread Roots                1033 us, workers (us): 355, 350, 328, ---, ---, ---, 
[2026-04-03T03:22:39.010+0600][36.308s][info][gc,stats    ] Concurrent Weak References          270 us, parallelism: 0.60x
[2026-04-03T03:22:39.010+0600][36.308s][info][gc,stats    ]   CWRF: <total>                     162 us
[2026-04-03T03:22:39.010+0600][36.308s][info][gc,stats    ]   CWRF: Weak References             162 us, workers (us): 160,   1,   0, ---, ---, ---, 
[2026-04-03T03:22:39.010+0600][36.308s][info][gc,stats    ] Concurrent Weak Roots              1705 us
[2026-04-03T03:22:39.010+0600][36.308s][info][gc,stats    ]   Roots                            1331 us, parallelism: 2.26x
[2026-04-03T03:22:39.010+0600][36.308s][info][gc,stats    ]     CWR: <total>                   3008 us
[2026-04-03T03:22:39.010+0600][36.308s][info][gc,stats    ]     CWR: Code Cache Roots          1813 us, workers (us): 616, 560, 637, ---, ---, ---, 
[2026-04-03T03:22:39.010+0600][36.308s][info][gc,stats    ]     CWR: VM Weak Roots             1144 us, workers (us): 436, 362, 345, ---, ---, ---, 
[2026-04-03T03:22:39.010+0600][36.308s][info][gc,stats    ]     CWR: CLDG Roots                  52 us, workers (us): ---,  52, ---, ---, ---, ---, 
[2026-04-03T03:22:39.010+0600][36.308s][info][gc,stats    ]   Rendezvous                        309 us
[2026-04-03T03:22:39.010+0600][36.308s][info][gc,stats    ] Concurrent Cleanup                  610 us
[2026-04-03T03:22:39.010+0600][36.308s][info][gc,stats    ] Concurrent Class Unloading         3908 us
[2026-04-03T03:22:39.010+0600][36.308s][info][gc,stats    ]   Unlink Stale                     3599 us
[2026-04-03T03:22:39.010+0600][36.309s][info][gc,stats    ]     System Dictionary                58 us
[2026-04-03T03:22:39.010+0600][36.309s][info][gc,stats    ]     Weak Class Links                  0 us
[2026-04-03T03:22:39.010+0600][36.309s][info][gc,stats    ]     Code Roots                     3538 us
[2026-04-03T03:22:39.010+0600][36.309s][info][gc,stats    ]   Rendezvous                        169 us
[2026-04-03T03:22:39.010+0600][36.309s][info][gc,stats    ]   Purge Unlinked                     86 us
[2026-04-03T03:22:39.010+0600][36.309s][info][gc,stats    ]     Code Roots                       79 us
[2026-04-03T03:22:39.010+0600][36.309s][info][gc,stats    ]     CLDG                              6 us
[2026-04-03T03:22:39.010+0600][36.309s][info][gc,stats    ]     Exception Caches                  0 us
[2026-04-03T03:22:39.010+0600][36.309s][info][gc,stats    ] Concurrent Strong Roots             663 us, parallelism: 0.54x
[2026-04-03T03:22:39.010+0600][36.309s][info][gc,stats    ]   CSR: <total>                      359 us
[2026-04-03T03:22:39.010+0600][36.309s][info][gc,stats    ]   CSR: VM Strong Roots               22 us, workers (us):  20,   1,   0, ---, ---, ---, 
[2026-04-03T03:22:39.010+0600][36.309s][info][gc,stats    ]   CSR: CLDG Roots                   337 us, workers (us): 337, ---, ---, ---, ---, ---, 
[2026-04-03T03:22:39.010+0600][36.309s][info][gc,stats    ] Concurrent Evacuation             19911 us
[2026-04-03T03:22:39.010+0600][36.309s][info][gc,stats    ] Pause Init Update Refs (G)          506 us
[2026-04-03T03:22:39.010+0600][36.309s][info][gc,stats    ] Pause Init Update Refs (N)          164 us
[2026-04-03T03:22:39.010+0600][36.309s][info][gc,stats    ]   Manage GCLABs                      38 us
[2026-04-03T03:22:39.010+0600][36.309s][info][gc,stats    ] Concurrent Update Refs           165457 us
[2026-04-03T03:22:39.010+0600][36.309s][info][gc,stats    ] Concurrent Update Thread Roots      930 us
[2026-04-03T03:22:39.010+0600][36.309s][info][gc,stats    ] Pause Final Update Refs (G)         632 us
[2026-04-03T03:22:39.010+0600][36.309s][info][gc,stats    ] Pause Final Update Refs (N)         337 us
[2026-04-03T03:22:39.010+0600][36.309s][info][gc,stats    ]   Update Region States              147 us
[2026-04-03T03:22:39.010+0600][36.309s][info][gc,stats    ]   Trash Collection Set               33 us
[2026-04-03T03:22:39.010+0600][36.309s][info][gc,stats    ]   Rebuild Free Set                   55 us
[2026-04-03T03:22:39.010+0600][36.309s][info][gc,stats    ] Concurrent Cleanup                  506 us
[2026-04-03T03:22:39.010+0600][36.309s][info][gc,stats    ] Pacing                           395962 us
[2026-04-03T03:22:39.010+0600][36.309s][info][gc,stats    ] 
[2026-04-03T03:22:39.010+0600][36.309s][info][gc,stats    ] Allocation pacing accrued:
[2026-04-03T03:22:39.010+0600][36.309s][info][gc,stats    ]     132 of   582 ms ( 22.6%): Executor task launch worker for task 0.0 in stage 2.0 (TID 6)
[2026-04-03T03:22:39.010+0600][36.309s][info][gc,stats    ]     132 of   582 ms ( 22.7%): Executor task launch worker for task 1.0 in stage 2.0 (TID 7)
[2026-04-03T03:22:39.010+0600][36.309s][info][gc,stats    ]     132 of   582 ms ( 22.7%): Executor task launch worker for task 2.0 in stage 2.0 (TID 8)
[2026-04-03T03:22:39.010+0600][36.309s][info][gc,stats    ]     396 of   582 ms ( 68.0%): <total>
[2026-04-03T03:22:39.010+0600][36.309s][info][gc,stats    ]       5 of   582 ms (  0.9%): <average total>
[2026-04-03T03:22:39.010+0600][36.309s][info][gc,stats    ]     132 of   582 ms ( 22.7%): <average non-zero>
[2026-04-03T03:22:39.010+0600][36.309s][info][gc,stats    ] 
[2026-04-03T03:22:39.010+0600][36.309s][info][gc,metaspace] Metaspace: 70131K(70912K)->70131K(70912K) NonClass: 61200K(61632K)->61201K(61632K) Class: 8930K(9280K)->8930K(9280K)
[2026-04-03T03:22:39.010+0600][36.309s][info][gc,ergo     ] Pacer for Idle. Initial: 20480K, Alloc Tax Rate: 1.0x
[2026-04-03T03:22:39.111+0600][36.410s][info][gc          ] Trigger: Average GC time (534.16 ms) is above the time for average allocation rate (790 MB/s) to deplete free headroom (388M) (margin of error = 1.85)
[2026-04-03T03:22:39.111+0600][36.410s][info][gc,ergo     ] Free headroom: 438M (free) - 51200K (spike) - 0B (penalties) = 388M
[2026-04-03T03:22:39.112+0600][36.410s][info][gc,ergo     ] Free: 438M, Max: 256K regular, 251M humongous, Frag: 43% external, 0% internal; Reserve: 51200K, Max: 256K
[2026-04-03T03:22:39.112+0600][36.410s][info][gc,start    ] GC(36) Concurrent reset
[2026-04-03T03:22:39.112+0600][36.410s][info][gc,task     ] GC(36) Using 3 of 6 workers for concurrent reset
[2026-04-03T03:22:39.112+0600][36.410s][info][gc,ergo     ] GC(36) Pacer for Reset. Non-Taxable: 1000M
[2026-04-03T03:22:39.113+0600][36.412s][info][gc          ] GC(36) Concurrent reset 1.688ms
[2026-04-03T03:22:39.113+0600][36.412s][info][gc,start    ] GC(36) Pause Init Mark (unload classes)
[2026-04-03T03:22:39.113+0600][36.412s][info][gc,task     ] GC(36) Using 6 of 6 workers for init marking
[2026-04-03T03:22:39.114+0600][36.412s][info][gc,ergo     ] GC(36) Pacer for Mark. Expected Live: 226M, Free: 436M, Non-Taxable: 44697K, Alloc Tax Rate: 0.6x
[2026-04-03T03:22:39.114+0600][36.412s][info][gc          ] GC(36) Pause Init Mark (unload classes) 0.141ms
[2026-04-03T03:22:39.114+0600][36.413s][info][gc,start    ] GC(36) Concurrent marking roots
[2026-04-03T03:22:39.114+0600][36.413s][info][gc,task     ] GC(36) Using 3 of 6 workers for concurrent marking roots
[2026-04-03T03:22:39.115+0600][36.413s][info][gc          ] GC(36) Concurrent marking roots 0.801ms
[2026-04-03T03:22:39.115+0600][36.413s][info][gc,start    ] GC(36) Concurrent marking (unload classes)
[2026-04-03T03:22:39.115+0600][36.413s][info][gc,task     ] GC(36) Using 3 of 6 workers for concurrent marking
[2026-04-03T03:22:39.408+0600][36.707s][info][gc          ] GC(36) Concurrent marking (unload classes) 293.885ms
[2026-04-03T03:22:39.409+0600][36.707s][info][gc,start    ] GC(36) Pause Final Mark (unload classes)
[2026-04-03T03:22:39.409+0600][36.707s][info][gc,task     ] GC(36) Using 6 of 6 workers for final marking
[2026-04-03T03:22:39.409+0600][36.708s][info][gc,ergo     ] GC(36) Adaptive CSet Selection. Target Free: 141M, Actual Free: 401M, Max CSet: 42666K, Min Garbage: 0B
[2026-04-03T03:22:39.410+0600][36.709s][info][gc,ergo     ] GC(36) Collectable Garbage: 272M (95%), Immediate: 10240K (3%), CSet: 262M (92%)
[2026-04-03T03:22:39.410+0600][36.709s][info][gc,ergo     ] GC(36) Pacer for Evacuation. Used CSet: 281M, Free: 352M, Non-Taxable: 36070K, Alloc Tax Rate: 2.0x
[2026-04-03T03:22:39.410+0600][36.709s][info][gc          ] GC(36) Pause Final Mark (unload classes) 1.253ms
[2026-04-03T03:22:39.410+0600][36.709s][info][gc,start    ] GC(36) Concurrent thread roots
[2026-04-03T03:22:39.410+0600][36.709s][info][gc,task     ] GC(36) Using 3 of 6 workers for Concurrent thread roots
[2026-04-03T03:22:39.410+0600][36.709s][info][gc          ] GC(36) Concurrent thread roots 0.482ms
[2026-04-03T03:22:39.410+0600][36.709s][info][gc,start    ] GC(36) Concurrent weak references
[2026-04-03T03:22:39.411+0600][36.709s][info][gc,task     ] GC(36) Using 3 of 6 workers for concurrent weak references
[2026-04-03T03:22:39.411+0600][36.709s][info][gc,ref      ] GC(36) Encountered references: Soft: 3386, Weak: 6010, Final: 82, Phantom: 597
[2026-04-03T03:22:39.411+0600][36.710s][info][gc,ref      ] GC(36) Discovered  references: Soft: 0, Weak: 332, Final: 0, Phantom: 211
[2026-04-03T03:22:39.411+0600][36.710s][info][gc,ref      ] GC(36) Enqueued    references: Soft: 0, Weak: 0, Final: 0, Phantom: 0
[2026-04-03T03:22:39.411+0600][36.710s][info][gc          ] GC(36) Concurrent weak references 0.252ms
[2026-04-03T03:22:39.411+0600][36.710s][info][gc,start    ] GC(36) Concurrent weak roots
[2026-04-03T03:22:39.411+0600][36.710s][info][gc,task     ] GC(36) Using 3 of 6 workers for concurrent weak root
[2026-04-03T03:22:39.413+0600][36.712s][info][gc          ] GC(36) Concurrent weak roots 2.087ms
[2026-04-03T03:22:39.413+0600][36.712s][info][gc,start    ] GC(36) Concurrent cleanup
[2026-04-03T03:22:39.413+0600][36.712s][info][gc          ] GC(36) Concurrent cleanup 606M->596M(1000M) 0.237ms
[2026-04-03T03:22:39.413+0600][36.712s][info][gc,ergo     ] GC(36) Free: 350M, Max: 256K regular, 251M humongous, Frag: 29% external, 0% internal; Reserve: 51151K, Max: 256K
[2026-04-03T03:22:39.413+0600][36.712s][info][gc,start    ] GC(36) Concurrent class unloading
[2026-04-03T03:22:39.413+0600][36.712s][info][gc,task     ] GC(36) Using 3 of 6 workers for concurrent class unloading
[2026-04-03T03:22:39.419+0600][36.718s][info][gc          ] GC(36) Concurrent class unloading 5.518ms
[2026-04-03T03:22:39.419+0600][36.718s][info][gc,start    ] GC(36) Concurrent strong roots
[2026-04-03T03:22:39.419+0600][36.718s][info][gc,task     ] GC(36) Using 3 of 6 workers for concurrent strong root
[2026-04-03T03:22:39.420+0600][36.718s][info][gc          ] GC(36) Concurrent strong roots 0.729ms
[2026-04-03T03:22:39.420+0600][36.718s][info][gc,start    ] GC(36) Concurrent evacuation
[2026-04-03T03:22:39.420+0600][36.718s][info][gc,task     ] GC(36) Using 3 of 6 workers for concurrent evacuation
[2026-04-03T03:22:39.439+0600][36.738s][info][gc          ] GC(36) Concurrent evacuation 19.051ms
[2026-04-03T03:22:39.439+0600][36.738s][info][gc,start    ] GC(36) Pause Init Update Refs
[2026-04-03T03:22:39.439+0600][36.738s][info][gc,ergo     ] GC(36) Pacer for Update Refs. Used: 630M, Free: 335M, Non-Taxable: 34406K, Alloc Tax Rate: 2.3x
[2026-04-03T03:22:39.439+0600][36.738s][info][gc          ] GC(36) Pause Init Update Refs 0.112ms
[2026-04-03T03:22:39.439+0600][36.738s][info][gc,start    ] GC(36) Concurrent update references
[2026-04-03T03:22:39.439+0600][36.738s][info][gc,task     ] GC(36) Using 3 of 6 workers for concurrent reference update
[2026-04-03T03:22:39.631+0600][36.930s][info][gc          ] GC(36) Concurrent update references 191.751ms
[2026-04-03T03:22:39.631+0600][36.930s][info][gc,start    ] GC(36) Concurrent update thread roots
[2026-04-03T03:22:39.632+0600][36.931s][info][gc          ] GC(36) Concurrent update thread roots 0.800ms
[2026-04-03T03:22:39.632+0600][36.931s][info][gc,start    ] GC(36) Pause Final Update Refs
[2026-04-03T03:22:39.632+0600][36.931s][info][gc,task     ] GC(36) Using 6 of 6 workers for final reference update
[2026-04-03T03:22:39.632+0600][36.931s][info][gc          ] GC(36) Pause Final Update Refs 0.246ms
[2026-04-03T03:22:39.633+0600][36.931s][info][gc,start    ] GC(36) Concurrent cleanup
[2026-04-03T03:22:39.633+0600][36.932s][info][gc          ] GC(36) Concurrent cleanup 713M->431M(1000M) 0.472ms
[2026-04-03T03:22:39.633+0600][36.932s][info][gc,ergo     ] Free: 515M, Max: 256K regular, 257M humongous, Frag: 51% external, 0% internal; Reserve: 51200K, Max: 256K
[2026-04-03T03:22:39.633+0600][36.932s][info][gc,stats    ] 
[2026-04-03T03:22:39.633+0600][36.932s][info][gc,stats    ] All times are wall-clock times, except per-root-class counters, that are sum over
[2026-04-03T03:22:39.633+0600][36.932s][info][gc,stats    ] all workers. Dividing the <total> over the root stage time estimates parallelism.
[2026-04-03T03:22:39.633+0600][36.932s][info][gc,stats    ] 
[2026-04-03T03:22:39.633+0600][36.932s][info][gc,stats    ] Concurrent Reset                   1760 us
[2026-04-03T03:22:39.633+0600][36.932s][info][gc,stats    ] Pause Init Mark (G)                 375 us
[2026-04-03T03:22:39.633+0600][36.932s][info][gc,stats    ] Pause Init Mark (N)                 154 us
[2026-04-03T03:22:39.633+0600][36.932s][info][gc,stats    ]   Update Region States               44 us
[2026-04-03T03:22:39.633+0600][36.932s][info][gc,stats    ] Concurrent Mark Roots               843 us, parallelism: 1.63x
[2026-04-03T03:22:39.633+0600][36.932s][info][gc,stats    ]   CMR: <total>                     1372 us
[2026-04-03T03:22:39.633+0600][36.932s][info][gc,stats    ]   CMR: Thread Roots                1059 us, workers (us): 171, 455, 433, ---, ---, ---, 
[2026-04-03T03:22:39.633+0600][36.932s][info][gc,stats    ]   CMR: VM Strong Roots               26 us, workers (us):  25,   1,   1, ---, ---, ---, 
[2026-04-03T03:22:39.633+0600][36.932s][info][gc,stats    ]   CMR: CLDG Roots                   286 us, workers (us): 286, ---, ---, ---, ---, ---, 
[2026-04-03T03:22:39.633+0600][36.932s][info][gc,stats    ] Concurrent Marking               293965 us
[2026-04-03T03:22:39.633+0600][36.932s][info][gc,stats    ] Pause Final Mark (G)               1457 us
[2026-04-03T03:22:39.633+0600][36.932s][info][gc,stats    ] Pause Final Mark (N)               1268 us
[2026-04-03T03:22:39.633+0600][36.932s][info][gc,stats    ]   Finish Mark                       376 us
[2026-04-03T03:22:39.633+0600][36.932s][info][gc,stats    ]   Update Region States               66 us
[2026-04-03T03:22:39.633+0600][36.932s][info][gc,stats    ]   Choose Collection Set             633 us
[2026-04-03T03:22:39.633+0600][36.932s][info][gc,stats    ]   Rebuild Free Set                   42 us
[2026-04-03T03:22:39.633+0600][36.932s][info][gc,stats    ] Concurrent Thread Roots             517 us, parallelism: 1.65x
[2026-04-03T03:22:39.633+0600][36.932s][info][gc,stats    ]   CTR: <total>                      856 us
[2026-04-03T03:22:39.633+0600][36.932s][info][gc,stats    ]   CTR: Thread Roots                 856 us, workers (us): 339, 279, 237, ---, ---, ---, 
[2026-04-03T03:22:39.633+0600][36.932s][info][gc,stats    ] Concurrent Weak References          265 us, parallelism: 0.32x
[2026-04-03T03:22:39.633+0600][36.932s][info][gc,stats    ]   CWRF: <total>                      86 us
[2026-04-03T03:22:39.633+0600][36.932s][info][gc,stats    ]   CWRF: Weak References              86 us, workers (us):  51,  34,   0, ---, ---, ---, 
[2026-04-03T03:22:39.633+0600][36.932s][info][gc,stats    ] Concurrent Weak Roots              2147 us
[2026-04-03T03:22:39.633+0600][36.932s][info][gc,stats    ]   Roots                            1870 us, parallelism: 2.44x
[2026-04-03T03:22:39.633+0600][36.932s][info][gc,stats    ]     CWR: <total>                   4570 us
[2026-04-03T03:22:39.633+0600][36.932s][info][gc,stats    ]     CWR: Code Cache Roots          3176 us, workers (us): 1136, 1082, 958, ---, ---, ---, 
[2026-04-03T03:22:39.633+0600][36.932s][info][gc,stats    ]     CWR: VM Weak Roots             1282 us, workers (us): 448, 436, 397, ---, ---, ---, 
[2026-04-03T03:22:39.633+0600][36.932s][info][gc,stats    ]     CWR: CLDG Roots                 112 us, workers (us): ---, ---, 112, ---, ---, ---, 
[2026-04-03T03:22:39.633+0600][36.932s][info][gc,stats    ]   Rendezvous                        192 us
[2026-04-03T03:22:39.633+0600][36.932s][info][gc,stats    ] Concurrent Cleanup                  256 us
[2026-04-03T03:22:39.633+0600][36.932s][info][gc,stats    ] Concurrent Class Unloading         5596 us
[2026-04-03T03:22:39.633+0600][36.932s][info][gc,stats    ]   Unlink Stale                     5243 us
[2026-04-03T03:22:39.633+0600][36.932s][info][gc,stats    ]     System Dictionary                87 us
[2026-04-03T03:22:39.634+0600][36.932s][info][gc,stats    ]     Weak Class Links                  0 us
[2026-04-03T03:22:39.634+0600][36.932s][info][gc,stats    ]     Code Roots                     5151 us
[2026-04-03T03:22:39.634+0600][36.932s][info][gc,stats    ]   Rendezvous                        236 us
[2026-04-03T03:22:39.634+0600][36.932s][info][gc,stats    ]   Purge Unlinked                     11 us
[2026-04-03T03:22:39.634+0600][36.932s][info][gc,stats    ]     Code Roots                        4 us
[2026-04-03T03:22:39.634+0600][36.932s][info][gc,stats    ]     CLDG                              7 us
[2026-04-03T03:22:39.634+0600][36.932s][info][gc,stats    ]     Exception Caches                  0 us
[2026-04-03T03:22:39.634+0600][36.932s][info][gc,stats    ] Concurrent Strong Roots             810 us, parallelism: 0.51x
[2026-04-03T03:22:39.634+0600][36.932s][info][gc,stats    ]   CSR: <total>                      414 us
[2026-04-03T03:22:39.634+0600][36.932s][info][gc,stats    ]   CSR: VM Strong Roots               22 us, workers (us):  20,   1,   0, ---, ---, ---, 
[2026-04-03T03:22:39.634+0600][36.932s][info][gc,stats    ]   CSR: CLDG Roots                   392 us, workers (us): 392, ---, ---, ---, ---, ---, 
[2026-04-03T03:22:39.634+0600][36.932s][info][gc,stats    ] Concurrent Evacuation             19205 us
[2026-04-03T03:22:39.634+0600][36.932s][info][gc,stats    ] Pause Init Update Refs (G)          466 us
[2026-04-03T03:22:39.634+0600][36.932s][info][gc,stats    ] Pause Init Update Refs (N)          126 us
[2026-04-03T03:22:39.634+0600][36.932s][info][gc,stats    ]   Manage GCLABs                      16 us
[2026-04-03T03:22:39.634+0600][36.932s][info][gc,stats    ] Concurrent Update Refs           191846 us
[2026-04-03T03:22:39.634+0600][36.932s][info][gc,stats    ] Concurrent Update Thread Roots      843 us
[2026-04-03T03:22:39.634+0600][36.932s][info][gc,stats    ] Pause Final Update Refs (G)         534 us
[2026-04-03T03:22:39.634+0600][36.932s][info][gc,stats    ] Pause Final Update Refs (N)         266 us
[2026-04-03T03:22:39.634+0600][36.933s][info][gc,stats    ]   Update Region States               79 us
[2026-04-03T03:22:39.634+0600][36.933s][info][gc,stats    ]   Trash Collection Set               29 us
[2026-04-03T03:22:39.634+0600][36.933s][info][gc,stats    ]   Rebuild Free Set                   49 us
[2026-04-03T03:22:39.634+0600][36.933s][info][gc,stats    ] Concurrent Cleanup                  500 us
[2026-04-03T03:22:39.634+0600][36.933s][info][gc,stats    ] Pacing                           426075 us
[2026-04-03T03:22:39.634+0600][36.933s][info][gc,stats    ] 
[2026-04-03T03:22:39.634+0600][36.933s][info][gc,stats    ] Allocation pacing accrued:
[2026-04-03T03:22:39.634+0600][36.933s][info][gc,stats    ]      11 of   624 ms (  1.8%): RemoteBlock-temp-file-clean-thread
[2026-04-03T03:22:39.634+0600][36.933s][info][gc,stats    ]     136 of   624 ms ( 21.8%): Executor task launch worker for task 0.0 in stage 2.0 (TID 6)
[2026-04-03T03:22:39.634+0600][36.933s][info][gc,stats    ]     134 of   624 ms ( 21.4%): Executor task launch worker for task 1.0 in stage 2.0 (TID 7)
[2026-04-03T03:22:39.634+0600][36.933s][info][gc,stats    ]     145 of   624 ms ( 23.3%): Executor task launch worker for task 2.0 in stage 2.0 (TID 8)
[2026-04-03T03:22:39.634+0600][36.933s][info][gc,stats    ]     426 of   624 ms ( 68.3%): <total>
[2026-04-03T03:22:39.634+0600][36.933s][info][gc,stats    ]       5 of   624 ms (  0.9%): <average total>
[2026-04-03T03:22:39.634+0600][36.933s][info][gc,stats    ]     107 of   624 ms ( 17.1%): <average non-zero>
[2026-04-03T03:22:39.634+0600][36.933s][info][gc,stats    ] 
[2026-04-03T03:22:39.634+0600][36.933s][info][gc,metaspace] Metaspace: 70134K(70912K)->70138K(70912K) NonClass: 61204K(61632K)->61207K(61632K) Class: 8930K(9280K)->8930K(9280K)
[2026-04-03T03:22:39.634+0600][36.933s][info][gc,ergo     ] Pacer for Idle. Initial: 20480K, Alloc Tax Rate: 1.0x
[2026-04-03T03:22:40.234+0600][37.533s][info][gc          ] Trigger: Average GC time (561.32 ms) is above the time for average allocation rate (414 MB/s) to deplete free headroom (232M) (margin of error = 1.85)
[2026-04-03T03:22:40.234+0600][37.533s][info][gc,ergo     ] Free headroom: 282M (free) - 51200K (spike) - 0B (penalties) = 232M
[2026-04-03T03:22:40.234+0600][37.533s][info][gc,ergo     ] Free: 282M, Max: 256K regular, 257M humongous, Frag: 9% external, 0% internal; Reserve: 51200K, Max: 256K
[2026-04-03T03:22:40.234+0600][37.533s][info][gc,start    ] GC(37) Concurrent reset
[2026-04-03T03:22:40.234+0600][37.533s][info][gc,task     ] GC(37) Using 3 of 6 workers for concurrent reset
[2026-04-03T03:22:40.234+0600][37.533s][info][gc,ergo     ] GC(37) Pacer for Reset. Non-Taxable: 1000M
[2026-04-03T03:22:40.236+0600][37.535s][info][gc          ] GC(37) Concurrent reset 1.761ms
[2026-04-03T03:22:40.236+0600][37.535s][info][gc,start    ] GC(37) Pause Init Mark (unload classes)
[2026-04-03T03:22:40.236+0600][37.535s][info][gc,task     ] GC(37) Using 6 of 6 workers for init marking
[2026-04-03T03:22:40.237+0600][37.535s][info][gc,ergo     ] GC(37) Pacer for Mark. Expected Live: 225M, Free: 281M, Non-Taxable: 28876K, Alloc Tax Rate: 1.0x
[2026-04-03T03:22:40.237+0600][37.535s][info][gc          ] GC(37) Pause Init Mark (unload classes) 0.147ms
[2026-04-03T03:22:40.237+0600][37.536s][info][gc,start    ] GC(37) Concurrent marking roots
[2026-04-03T03:22:40.237+0600][37.536s][info][gc,task     ] GC(37) Using 3 of 6 workers for concurrent marking roots
[2026-04-03T03:22:40.238+0600][37.536s][info][gc          ] GC(37) Concurrent marking roots 0.788ms
[2026-04-03T03:22:40.238+0600][37.536s][info][gc,start    ] GC(37) Concurrent marking (unload classes)
[2026-04-03T03:22:40.238+0600][37.536s][info][gc,task     ] GC(37) Using 3 of 6 workers for concurrent marking
[2026-04-03T03:22:40.521+0600][37.820s][info][gc          ] GC(37) Concurrent marking (unload classes) 283.533ms
[2026-04-03T03:22:40.521+0600][37.820s][info][gc,start    ] GC(37) Pause Final Mark (unload classes)
[2026-04-03T03:22:40.521+0600][37.820s][info][gc,task     ] GC(37) Using 6 of 6 workers for final marking
[2026-04-03T03:22:40.522+0600][37.821s][info][gc,ergo     ] GC(37) Adaptive CSet Selection. Target Free: 141M, Actual Free: 300M, Max CSet: 42666K, Min Garbage: 0B
[2026-04-03T03:22:40.522+0600][37.821s][info][gc,ergo     ] GC(37) Collectable Garbage: 416M (97%), Immediate: 27411K (6%), CSet: 389M (90%)
[2026-04-03T03:22:40.523+0600][37.821s][info][gc,ergo     ] GC(37) Pacer for Evacuation. Used CSet: 416M, Free: 252M, Non-Taxable: 25830K, Alloc Tax Rate: 4.0x
[2026-04-03T03:22:40.523+0600][37.821s][info][gc          ] GC(37) Pause Final Mark (unload classes) 1.239ms
[2026-04-03T03:22:40.523+0600][37.821s][info][gc,start    ] GC(37) Concurrent thread roots
[2026-04-03T03:22:40.523+0600][37.821s][info][gc,task     ] GC(37) Using 3 of 6 workers for Concurrent thread roots
[2026-04-03T03:22:40.523+0600][37.822s][info][gc          ] GC(37) Concurrent thread roots 0.518ms
[2026-04-03T03:22:40.523+0600][37.822s][info][gc,start    ] GC(37) Concurrent weak references
[2026-04-03T03:22:40.523+0600][37.822s][info][gc,task     ] GC(37) Using 3 of 6 workers for concurrent weak references
[2026-04-03T03:22:40.523+0600][37.822s][info][gc,ref      ] GC(37) Encountered references: Soft: 3384, Weak: 6008, Final: 82, Phantom: 597
[2026-04-03T03:22:40.523+0600][37.822s][info][gc,ref      ] GC(37) Discovered  references: Soft: 0, Weak: 205, Final: 0, Phantom: 593
[2026-04-03T03:22:40.523+0600][37.822s][info][gc,ref      ] GC(37) Enqueued    references: Soft: 0, Weak: 0, Final: 0, Phantom: 0
[2026-04-03T03:22:40.523+0600][37.822s][info][gc          ] GC(37) Concurrent weak references 0.280ms
[2026-04-03T03:22:40.524+0600][37.822s][info][gc,start    ] GC(37) Concurrent weak roots
[2026-04-03T03:22:40.524+0600][37.822s][info][gc,task     ] GC(37) Using 3 of 6 workers for concurrent weak root
[2026-04-03T03:22:40.525+0600][37.824s][info][gc          ] GC(37) Concurrent weak roots 1.793ms
[2026-04-03T03:22:40.525+0600][37.824s][info][gc,start    ] GC(37) Concurrent cleanup
[2026-04-03T03:22:40.526+0600][37.824s][info][gc          ] GC(37) Concurrent cleanup 722M->695M(1000M) 0.261ms
[2026-04-03T03:22:40.526+0600][37.825s][info][gc,ergo     ] GC(37) Free: 251M, Max: 256K regular, 222M humongous, Frag: 12% external, 0% internal; Reserve: 51133K, Max: 256K
[2026-04-03T03:22:40.526+0600][37.825s][info][gc,start    ] GC(37) Concurrent class unloading
[2026-04-03T03:22:40.526+0600][37.825s][info][gc,task     ] GC(37) Using 3 of 6 workers for concurrent class unloading
[2026-04-03T03:22:40.530+0600][37.829s][info][gc          ] GC(37) Concurrent class unloading 4.538ms
[2026-04-03T03:22:40.530+0600][37.829s][info][gc,start    ] GC(37) Concurrent strong roots
[2026-04-03T03:22:40.530+0600][37.829s][info][gc,task     ] GC(37) Using 3 of 6 workers for concurrent strong root
[2026-04-03T03:22:40.531+0600][37.830s][info][gc          ] GC(37) Concurrent strong roots 0.692ms
[2026-04-03T03:22:40.531+0600][37.830s][info][gc,start    ] GC(37) Concurrent evacuation
[2026-04-03T03:22:40.531+0600][37.830s][info][gc,task     ] GC(37) Using 3 of 6 workers for concurrent evacuation
[2026-04-03T03:22:40.556+0600][37.855s][info][gc          ] GC(37) Concurrent evacuation 25.348ms
[2026-04-03T03:22:40.557+0600][37.855s][info][gc,start    ] GC(37) Pause Init Update Refs
[2026-04-03T03:22:40.557+0600][37.855s][info][gc,ergo     ] GC(37) Pacer for Update Refs. Used: 730M, Free: 244M, Non-Taxable: 25036K, Alloc Tax Rate: 3.6x
[2026-04-03T03:22:40.557+0600][37.856s][info][gc          ] GC(37) Pause Init Update Refs 0.082ms
[2026-04-03T03:22:40.557+0600][37.856s][info][gc,start    ] GC(37) Concurrent update references
[2026-04-03T03:22:40.557+0600][37.856s][info][gc,task     ] GC(37) Using 3 of 6 workers for concurrent reference update
[2026-04-03T03:22:40.699+0600][37.998s][info][gc          ] GC(37) Concurrent update references 142.349ms
[2026-04-03T03:22:40.699+0600][37.998s][info][gc,start    ] GC(37) Concurrent update thread roots
[2026-04-03T03:22:40.700+0600][37.999s][info][gc          ] GC(37) Concurrent update thread roots 1.077ms
[2026-04-03T03:22:40.701+0600][37.999s][info][gc,start    ] GC(37) Pause Final Update Refs
[2026-04-03T03:22:40.701+0600][37.999s][info][gc,task     ] GC(37) Using 6 of 6 workers for final reference update
[2026-04-03T03:22:40.701+0600][38.000s][info][gc          ] GC(37) Pause Final Update Refs 0.228ms
[2026-04-03T03:22:40.701+0600][38.000s][info][gc,start    ] GC(37) Concurrent cleanup
[2026-04-03T03:22:40.701+0600][38.000s][info][gc          ] GC(37) Concurrent cleanup 756M->339M(1000M) 0.417ms
[2026-04-03T03:22:40.701+0600][38.000s][info][gc,ergo     ] Free: 607M, Max: 256K regular, 204M humongous, Frag: 67% external, 0% internal; Reserve: 51200K, Max: 256K
[2026-04-03T03:22:40.701+0600][38.000s][info][gc,stats    ] 
[2026-04-03T03:22:40.701+0600][38.000s][info][gc,stats    ] All times are wall-clock times, except per-root-class counters, that are sum over
[2026-04-03T03:22:40.701+0600][38.000s][info][gc,stats    ] all workers. Dividing the <total> over the root stage time estimates parallelism.
[2026-04-03T03:22:40.701+0600][38.000s][info][gc,stats    ] 
[2026-04-03T03:22:40.701+0600][38.000s][info][gc,stats    ] Concurrent Reset                   1824 us
[2026-04-03T03:22:40.701+0600][38.000s][info][gc,stats    ] Pause Init Mark (G)                 503 us
[2026-04-03T03:22:40.701+0600][38.000s][info][gc,stats    ] Pause Init Mark (N)                 159 us
[2026-04-03T03:22:40.701+0600][38.000s][info][gc,stats    ]   Update Region States               41 us
[2026-04-03T03:22:40.701+0600][38.000s][info][gc,stats    ] Concurrent Mark Roots               836 us, parallelism: 1.37x
[2026-04-03T03:22:40.701+0600][38.000s][info][gc,stats    ]   CMR: <total>                     1146 us
[2026-04-03T03:22:40.702+0600][38.000s][info][gc,stats    ]   CMR: Thread Roots                 919 us, workers (us): 380, 180, 359, ---, ---, ---, 
[2026-04-03T03:22:40.702+0600][38.000s][info][gc,stats    ]   CMR: VM Strong Roots               32 us, workers (us):  17,  14,   1, ---, ---, ---, 
[2026-04-03T03:22:40.702+0600][38.000s][info][gc,stats    ]   CMR: CLDG Roots                   195 us, workers (us): ---, 195, ---, ---, ---, ---, 
[2026-04-03T03:22:40.702+0600][38.000s][info][gc,stats    ] Concurrent Marking               283617 us
[2026-04-03T03:22:40.702+0600][38.000s][info][gc,stats    ] Pause Final Mark (G)               1466 us
[2026-04-03T03:22:40.702+0600][38.000s][info][gc,stats    ] Pause Final Mark (N)               1253 us
[2026-04-03T03:22:40.702+0600][38.000s][info][gc,stats    ]   Finish Mark                       290 us
[2026-04-03T03:22:40.702+0600][38.000s][info][gc,stats    ]   Update Region States               80 us
[2026-04-03T03:22:40.702+0600][38.000s][info][gc,stats    ]   Choose Collection Set             749 us
[2026-04-03T03:22:40.702+0600][38.000s][info][gc,stats    ]   Rebuild Free Set                   41 us
[2026-04-03T03:22:40.702+0600][38.000s][info][gc,stats    ] Concurrent Thread Roots             559 us, parallelism: 1.38x
[2026-04-03T03:22:40.702+0600][38.000s][info][gc,stats    ]   CTR: <total>                      772 us
[2026-04-03T03:22:40.702+0600][38.000s][info][gc,stats    ]   CTR: Thread Roots                 772 us, workers (us): 257, 257, 258, ---, ---, ---, 
[2026-04-03T03:22:40.702+0600][38.000s][info][gc,stats    ] Concurrent Weak References          317 us, parallelism: 0.38x
[2026-04-03T03:22:40.702+0600][38.000s][info][gc,stats    ]   CWRF: <total>                     122 us
[2026-04-03T03:22:40.702+0600][38.000s][info][gc,stats    ]   CWRF: Weak References             122 us, workers (us):  18,  86,  17, ---, ---, ---, 
[2026-04-03T03:22:40.702+0600][38.000s][info][gc,stats    ] Concurrent Weak Roots              1879 us
[2026-04-03T03:22:40.702+0600][38.000s][info][gc,stats    ]   Roots                            1555 us, parallelism: 2.21x
[2026-04-03T03:22:40.702+0600][38.000s][info][gc,stats    ]     CWR: <total>                   3439 us
[2026-04-03T03:22:40.702+0600][38.000s][info][gc,stats    ]     CWR: Code Cache Roots          2156 us, workers (us): 592, 783, 781, ---, ---, ---, 
[2026-04-03T03:22:40.702+0600][38.000s][info][gc,stats    ]     CWR: VM Weak Roots             1102 us, workers (us): 376, 364, 363, ---, ---, ---, 
[2026-04-03T03:22:40.702+0600][38.000s][info][gc,stats    ]     CWR: CLDG Roots                 181 us, workers (us): 181, ---, ---, ---, ---, ---, 
[2026-04-03T03:22:40.702+0600][38.001s][info][gc,stats    ]   Rendezvous                        209 us
[2026-04-03T03:22:40.702+0600][38.001s][info][gc,stats    ] Concurrent Cleanup                  282 us
[2026-04-03T03:22:40.702+0600][38.001s][info][gc,stats    ] Concurrent Class Unloading         4600 us
[2026-04-03T03:22:40.702+0600][38.001s][info][gc,stats    ]   Unlink Stale                     4137 us
[2026-04-03T03:22:40.702+0600][38.001s][info][gc,stats    ]     System Dictionary               124 us
[2026-04-03T03:22:40.702+0600][38.001s][info][gc,stats    ]     Weak Class Links                  0 us
[2026-04-03T03:22:40.702+0600][38.001s][info][gc,stats    ]     Code Roots                     4009 us
[2026-04-03T03:22:40.702+0600][38.001s][info][gc,stats    ]   Rendezvous                        201 us
[2026-04-03T03:22:40.702+0600][38.001s][info][gc,stats    ]   Purge Unlinked                    169 us
[2026-04-03T03:22:40.702+0600][38.001s][info][gc,stats    ]     Code Roots                      161 us
[2026-04-03T03:22:40.702+0600][38.001s][info][gc,stats    ]     CLDG                              7 us
[2026-04-03T03:22:40.702+0600][38.001s][info][gc,stats    ]     Exception Caches                  0 us
[2026-04-03T03:22:40.702+0600][38.001s][info][gc,stats    ] Concurrent Strong Roots             753 us, parallelism: 0.50x
[2026-04-03T03:22:40.702+0600][38.001s][info][gc,stats    ]   CSR: <total>                      374 us
[2026-04-03T03:22:40.702+0600][38.001s][info][gc,stats    ]   CSR: VM Strong Roots               18 us, workers (us):   9,   9,   0, ---, ---, ---, 
[2026-04-03T03:22:40.702+0600][38.001s][info][gc,stats    ]   CSR: CLDG Roots                   356 us, workers (us): ---, 356, ---, ---, ---, ---, 
[2026-04-03T03:22:40.702+0600][38.001s][info][gc,stats    ] Concurrent Evacuation             25421 us
[2026-04-03T03:22:40.702+0600][38.001s][info][gc,stats    ] Pause Init Update Refs (G)          271 us
[2026-04-03T03:22:40.702+0600][38.001s][info][gc,stats    ] Pause Init Update Refs (N)          101 us
[2026-04-03T03:22:40.702+0600][38.001s][info][gc,stats    ]   Manage GCLABs                      12 us
[2026-04-03T03:22:40.702+0600][38.001s][info][gc,stats    ] Concurrent Update Refs           142433 us
[2026-04-03T03:22:40.702+0600][38.001s][info][gc,stats    ] Concurrent Update Thread Roots     1153 us
[2026-04-03T03:22:40.702+0600][38.001s][info][gc,stats    ] Pause Final Update Refs (G)         478 us
[2026-04-03T03:22:40.702+0600][38.001s][info][gc,stats    ] Pause Final Update Refs (N)         285 us
[2026-04-03T03:22:40.702+0600][38.001s][info][gc,stats    ]   Update Region States               51 us
[2026-04-03T03:22:40.702+0600][38.001s][info][gc,stats    ]   Trash Collection Set               44 us
[2026-04-03T03:22:40.702+0600][38.001s][info][gc,stats    ]   Rebuild Free Set                   47 us
[2026-04-03T03:22:40.702+0600][38.001s][info][gc,stats    ] Concurrent Cleanup                  442 us
[2026-04-03T03:22:40.702+0600][38.001s][info][gc,stats    ] Pacing                            68034 us
[2026-04-03T03:22:40.702+0600][38.001s][info][gc,stats    ] 
[2026-04-03T03:22:40.702+0600][38.001s][info][gc,stats    ] Allocation pacing accrued:
[2026-04-03T03:22:40.702+0600][38.001s][info][gc,stats    ]      68 of  1068 ms (  6.4%): Executor task launch worker for task 0.0 in stage 2.0 (TID 6)
[2026-04-03T03:22:40.702+0600][38.001s][info][gc,stats    ]      68 of  1068 ms (  6.4%): <total>
[2026-04-03T03:22:40.702+0600][38.001s][info][gc,stats    ]       1 of  1068 ms (  0.1%): <average total>
[2026-04-03T03:22:40.702+0600][38.001s][info][gc,stats    ]      68 of  1068 ms (  6.4%): <average non-zero>
[2026-04-03T03:22:40.702+0600][38.001s][info][gc,stats    ] 
[2026-04-03T03:22:40.702+0600][38.001s][info][gc,metaspace] Metaspace: 70140K(70912K)->70153K(70976K) NonClass: 61210K(61632K)->61222K(61696K) Class: 8930K(9280K)->8930K(9280K)
[2026-04-03T03:22:40.702+0600][38.001s][info][gc,ergo     ] Pacer for Idle. Initial: 20480K, Alloc Tax Rate: 1.0x
[2026-04-03T03:22:41.764+0600][39.063s][info][gc          ] Trigger: Average GC time (534.47 ms) is above the time for average allocation rate (517 MB/s) to deplete free headroom (275M) (margin of error = 1.84)
[2026-04-03T03:22:41.764+0600][39.063s][info][gc,ergo     ] Free headroom: 325M (free) - 51200K (spike) - 0B (penalties) = 275M
[2026-04-03T03:22:41.764+0600][39.063s][info][gc,ergo     ] Free: 325M, Max: 256K regular, 204M humongous, Frag: 38% external, 0% internal; Reserve: 51200K, Max: 256K
[2026-04-03T03:22:41.764+0600][39.063s][info][gc,start    ] GC(38) Concurrent reset
[2026-04-03T03:22:41.764+0600][39.063s][info][gc,task     ] GC(38) Using 3 of 6 workers for concurrent reset
[2026-04-03T03:22:41.764+0600][39.063s][info][gc,ergo     ] GC(38) Pacer for Reset. Non-Taxable: 1000M
[2026-04-03T03:22:41.766+0600][39.065s][info][gc          ] GC(38) Concurrent reset 2.248ms
[2026-04-03T03:22:41.767+0600][39.065s][info][gc,start    ] GC(38) Pause Init Mark (unload classes)
[2026-04-03T03:22:41.767+0600][39.065s][info][gc,task     ] GC(38) Using 6 of 6 workers for init marking
[2026-04-03T03:22:41.767+0600][39.066s][info][gc,ergo     ] GC(38) Pacer for Mark. Expected Live: 219M, Free: 323M, Non-Taxable: 33126K, Alloc Tax Rate: 0.8x
[2026-04-03T03:22:41.767+0600][39.066s][info][gc          ] GC(38) Pause Init Mark (unload classes) 0.217ms
[2026-04-03T03:22:41.767+0600][39.066s][info][gc,start    ] GC(38) Concurrent marking roots
[2026-04-03T03:22:41.767+0600][39.066s][info][gc,task     ] GC(38) Using 3 of 6 workers for concurrent marking roots
[2026-04-03T03:22:41.768+0600][39.067s][info][gc          ] GC(38) Concurrent marking roots 0.924ms
[2026-04-03T03:22:41.768+0600][39.067s][info][gc,start    ] GC(38) Concurrent marking (unload classes)
[2026-04-03T03:22:41.768+0600][39.067s][info][gc,task     ] GC(38) Using 3 of 6 workers for concurrent marking
[2026-04-03T03:22:42.085+0600][39.384s][info][gc          ] GC(38) Concurrent marking (unload classes) 317.513ms
[2026-04-03T03:22:42.086+0600][39.385s][info][gc,start    ] GC(38) Pause Final Mark (unload classes)
[2026-04-03T03:22:42.086+0600][39.385s][info][gc,task     ] GC(38) Using 6 of 6 workers for final marking
[2026-04-03T03:22:42.087+0600][39.385s][info][gc,ergo     ] GC(38) Adaptive CSet Selection. Target Free: 141M, Actual Free: 623M, Max CSet: 42666K, Min Garbage: 0B
[2026-04-03T03:22:42.087+0600][39.386s][info][gc,ergo     ] GC(38) Collectable Garbage: 432M (98%), Immediate: 312M (71%), CSet: 120M (27%)
[2026-04-03T03:22:42.087+0600][39.386s][info][gc,ergo     ] GC(38) Pacer for Evacuation. Used CSet: 144M, Free: 580M, Non-Taxable: 59459K, Alloc Tax Rate: 1.1x
[2026-04-03T03:22:42.087+0600][39.386s][info][gc          ] GC(38) Pause Final Mark (unload classes) 1.232ms
[2026-04-03T03:22:42.087+0600][39.386s][info][gc,start    ] GC(38) Concurrent thread roots
[2026-04-03T03:22:42.087+0600][39.386s][info][gc,task     ] GC(38) Using 3 of 6 workers for Concurrent thread roots
[2026-04-03T03:22:42.088+0600][39.387s][info][gc          ] GC(38) Concurrent thread roots 0.875ms
[2026-04-03T03:22:42.088+0600][39.387s][info][gc,start    ] GC(38) Concurrent weak references
[2026-04-03T03:22:42.088+0600][39.387s][info][gc,task     ] GC(38) Using 3 of 6 workers for concurrent weak references
[2026-04-03T03:22:42.089+0600][39.387s][info][gc,ref      ] GC(38) Encountered references: Soft: 3390, Weak: 6277, Final: 82, Phantom: 594
[2026-04-03T03:22:42.089+0600][39.387s][info][gc,ref      ] GC(38) Discovered  references: Soft: 0, Weak: 1373, Final: 0, Phantom: 591
[2026-04-03T03:22:42.089+0600][39.387s][info][gc,ref      ] GC(38) Enqueued    references: Soft: 0, Weak: 9, Final: 0, Phantom: 0
[2026-04-03T03:22:42.089+0600][39.387s][info][gc          ] GC(38) Concurrent weak references 0.439ms
[2026-04-03T03:22:42.089+0600][39.387s][info][gc,start    ] GC(38) Concurrent weak roots
[2026-04-03T03:22:42.089+0600][39.388s][info][gc,task     ] GC(38) Using 3 of 6 workers for concurrent weak root
[2026-04-03T03:22:42.092+0600][39.390s][info][gc          ] GC(38) Concurrent weak roots 2.996ms
[2026-04-03T03:22:42.092+0600][39.391s][info][gc,start    ] GC(38) Concurrent cleanup
[2026-04-03T03:22:42.092+0600][39.391s][info][gc          ] GC(38) Concurrent cleanup 680M->368M(1000M) 0.555ms
[2026-04-03T03:22:42.092+0600][39.391s][info][gc,ergo     ] GC(38) Free: 577M, Max: 256K regular, 288M humongous, Frag: 51% external, 0% internal; Reserve: 51145K, Max: 256K
[2026-04-03T03:22:42.092+0600][39.391s][info][gc,start    ] GC(38) Concurrent class unloading
[2026-04-03T03:22:42.092+0600][39.391s][info][gc,task     ] GC(38) Using 3 of 6 workers for concurrent class unloading
[2026-04-03T03:22:42.100+0600][39.399s][info][gc          ] GC(38) Concurrent class unloading 7.575ms
[2026-04-03T03:22:42.100+0600][39.399s][info][gc,start    ] GC(38) Concurrent strong roots
[2026-04-03T03:22:42.100+0600][39.399s][info][gc,task     ] GC(38) Using 3 of 6 workers for concurrent strong root
[2026-04-03T03:22:42.101+0600][39.400s][info][gc          ] GC(38) Concurrent strong roots 0.922ms
[2026-04-03T03:22:42.101+0600][39.400s][info][gc,start    ] GC(38) Concurrent evacuation
[2026-04-03T03:22:42.101+0600][39.400s][info][gc,task     ] GC(38) Using 3 of 6 workers for concurrent evacuation
[2026-04-03T03:22:42.128+0600][39.427s][info][gc          ] GC(38) Concurrent evacuation 26.853ms
[2026-04-03T03:22:42.128+0600][39.427s][info][gc,start    ] GC(38) Pause Init Update Refs
[2026-04-03T03:22:42.128+0600][39.427s][info][gc,ergo     ] GC(38) Pacer for Update Refs. Used: 411M, Free: 558M, Non-Taxable: 57215K, Alloc Tax Rate: 1.1x
[2026-04-03T03:22:42.129+0600][39.427s][info][gc          ] GC(38) Pause Init Update Refs 0.110ms
[2026-04-03T03:22:42.129+0600][39.427s][info][gc,start    ] GC(38) Concurrent update references
[2026-04-03T03:22:42.129+0600][39.427s][info][gc,task     ] GC(38) Using 3 of 6 workers for concurrent reference update
[2026-04-03T03:22:42.305+0600][39.604s][info][gc          ] GC(38) Concurrent update references 176.239ms
[2026-04-03T03:22:42.305+0600][39.604s][info][gc,start    ] GC(38) Concurrent update thread roots
[2026-04-03T03:22:42.306+0600][39.605s][info][gc          ] GC(38) Concurrent update thread roots 0.926ms
[2026-04-03T03:22:42.306+0600][39.605s][info][gc,start    ] GC(38) Pause Final Update Refs
[2026-04-03T03:22:42.306+0600][39.605s][info][gc,task     ] GC(38) Using 6 of 6 workers for final reference update
[2026-04-03T03:22:42.306+0600][39.605s][info][gc          ] GC(38) Pause Final Update Refs 0.286ms
[2026-04-03T03:22:42.307+0600][39.605s][info][gc,start    ] GC(38) Concurrent cleanup
[2026-04-03T03:22:42.307+0600][39.606s][info][gc          ] GC(38) Concurrent cleanup 471M->327M(1000M) 0.394ms
[2026-04-03T03:22:42.307+0600][39.606s][info][gc,ergo     ] Free: 615M, Max: 256K regular, 401M humongous, Frag: 35% external, 0% internal; Reserve: 51200K, Max: 256K
[2026-04-03T03:22:42.307+0600][39.606s][info][gc,stats    ] 
[2026-04-03T03:22:42.307+0600][39.606s][info][gc,stats    ] All times are wall-clock times, except per-root-class counters, that are sum over
[2026-04-03T03:22:42.307+0600][39.606s][info][gc,stats    ] all workers. Dividing the <total> over the root stage time estimates parallelism.
[2026-04-03T03:22:42.307+0600][39.606s][info][gc,stats    ] 
[2026-04-03T03:22:42.307+0600][39.606s][info][gc,stats    ] Concurrent Reset                   2337 us
[2026-04-03T03:22:42.307+0600][39.606s][info][gc,stats    ] Pause Init Mark (G)                 566 us
[2026-04-03T03:22:42.307+0600][39.606s][info][gc,stats    ] Pause Init Mark (N)                 252 us
[2026-04-03T03:22:42.307+0600][39.606s][info][gc,stats    ]   Update Region States               54 us
[2026-04-03T03:22:42.307+0600][39.606s][info][gc,stats    ] Concurrent Mark Roots               962 us, parallelism: 1.66x
[2026-04-03T03:22:42.307+0600][39.606s][info][gc,stats    ]   CMR: <total>                     1594 us
[2026-04-03T03:22:42.307+0600][39.606s][info][gc,stats    ]   CMR: Thread Roots                1219 us, workers (us): 517, 519, 183, ---, ---, ---, 
[2026-04-03T03:22:42.307+0600][39.606s][info][gc,stats    ]   CMR: VM Strong Roots               41 us, workers (us):  24,  13,   4, ---, ---, ---, 
[2026-04-03T03:22:42.307+0600][39.606s][info][gc,stats    ]   CMR: CLDG Roots                   334 us, workers (us): ---, ---, 334, ---, ---, ---, 
[2026-04-03T03:22:42.307+0600][39.606s][info][gc,stats    ] Concurrent Marking               317616 us
[2026-04-03T03:22:42.307+0600][39.606s][info][gc,stats    ] Pause Final Mark (G)               1729 us
[2026-04-03T03:22:42.307+0600][39.606s][info][gc,stats    ] Pause Final Mark (N)               1260 us
[2026-04-03T03:22:42.307+0600][39.606s][info][gc,stats    ]   Finish Mark                       377 us
[2026-04-03T03:22:42.307+0600][39.606s][info][gc,stats    ]   Update Region States               83 us
[2026-04-03T03:22:42.307+0600][39.606s][info][gc,stats    ]   Choose Collection Set             497 us
[2026-04-03T03:22:42.307+0600][39.606s][info][gc,stats    ]   Rebuild Free Set                   93 us
[2026-04-03T03:22:42.307+0600][39.606s][info][gc,stats    ] Concurrent Thread Roots             941 us, parallelism: 2.07x
[2026-04-03T03:22:42.307+0600][39.606s][info][gc,stats    ]   CTR: <total>                     1945 us
[2026-04-03T03:22:42.307+0600][39.606s][info][gc,stats    ]   CTR: Thread Roots                1945 us, workers (us): 657, 646, 642, ---, ---, ---, 
[2026-04-03T03:22:42.307+0600][39.606s][info][gc,stats    ] Concurrent Weak References          456 us, parallelism: 0.90x
[2026-04-03T03:22:42.307+0600][39.606s][info][gc,stats    ]   CWRF: <total>                     412 us
[2026-04-03T03:22:42.307+0600][39.606s][info][gc,stats    ]   CWRF: Weak References             412 us, workers (us): 144,  85, 183, ---, ---, ---, 
[2026-04-03T03:22:42.307+0600][39.606s][info][gc,stats    ] Concurrent Weak Roots              3130 us
[2026-04-03T03:22:42.307+0600][39.606s][info][gc,stats    ]   Roots                            2707 us, parallelism: 2.57x
[2026-04-03T03:22:42.307+0600][39.606s][info][gc,stats    ]     CWR: <total>                   6953 us
[2026-04-03T03:22:42.307+0600][39.606s][info][gc,stats    ]     CWR: Code Cache Roots          4943 us, workers (us): 1689, 1778, 1477, ---, ---, ---, 
[2026-04-03T03:22:42.307+0600][39.606s][info][gc,stats    ]     CWR: VM Weak Roots             1872 us, workers (us): 640, 627, 605, ---, ---, ---, 
[2026-04-03T03:22:42.307+0600][39.606s][info][gc,stats    ]     CWR: CLDG Roots                 138 us, workers (us): ---, ---, 138, ---, ---, ---, 
[2026-04-03T03:22:42.307+0600][39.606s][info][gc,stats    ]   Rendezvous                        224 us
[2026-04-03T03:22:42.307+0600][39.606s][info][gc,stats    ] Concurrent Cleanup                  594 us
[2026-04-03T03:22:42.307+0600][39.606s][info][gc,stats    ] Concurrent Class Unloading         7684 us
[2026-04-03T03:22:42.307+0600][39.606s][info][gc,stats    ]   Unlink Stale                     6821 us
[2026-04-03T03:22:42.308+0600][39.606s][info][gc,stats    ]     System Dictionary               198 us
[2026-04-03T03:22:42.308+0600][39.606s][info][gc,stats    ]     Weak Class Links                  1 us
[2026-04-03T03:22:42.308+0600][39.606s][info][gc,stats    ]     Code Roots                     6615 us
[2026-04-03T03:22:42.308+0600][39.606s][info][gc,stats    ]   Rendezvous                        208 us
[2026-04-03T03:22:42.308+0600][39.606s][info][gc,stats    ]   Purge Unlinked                    505 us
[2026-04-03T03:22:42.308+0600][39.606s][info][gc,stats    ]     Code Roots                      490 us
[2026-04-03T03:22:42.308+0600][39.606s][info][gc,stats    ]     CLDG                             15 us
[2026-04-03T03:22:42.308+0600][39.606s][info][gc,stats    ]     Exception Caches                  0 us
[2026-04-03T03:22:42.308+0600][39.606s][info][gc,stats    ] Concurrent Strong Roots             986 us, parallelism: 0.59x
[2026-04-03T03:22:42.308+0600][39.606s][info][gc,stats    ]   CSR: <total>                      577 us
[2026-04-03T03:22:42.308+0600][39.606s][info][gc,stats    ]   CSR: VM Strong Roots               27 us, workers (us):  14,  13,   0, ---, ---, ---, 
[2026-04-03T03:22:42.308+0600][39.606s][info][gc,stats    ]   CSR: CLDG Roots                   550 us, workers (us): 550, ---, ---, ---, ---, ---, 
[2026-04-03T03:22:42.308+0600][39.606s][info][gc,stats    ] Concurrent Evacuation             26988 us
[2026-04-03T03:22:42.308+0600][39.606s][info][gc,stats    ] Pause Init Update Refs (G)          427 us
[2026-04-03T03:22:42.308+0600][39.606s][info][gc,stats    ] Pause Init Update Refs (N)          124 us
[2026-04-03T03:22:42.308+0600][39.606s][info][gc,stats    ]   Manage GCLABs                      16 us
[2026-04-03T03:22:42.308+0600][39.606s][info][gc,stats    ] Concurrent Update Refs           176365 us
[2026-04-03T03:22:42.308+0600][39.606s][info][gc,stats    ] Concurrent Update Thread Roots      987 us
[2026-04-03T03:22:42.308+0600][39.606s][info][gc,stats    ] Pause Final Update Refs (G)         633 us
[2026-04-03T03:22:42.308+0600][39.607s][info][gc,stats    ] Pause Final Update Refs (N)         319 us
[2026-04-03T03:22:42.308+0600][39.607s][info][gc,stats    ]   Update Region States              117 us
[2026-04-03T03:22:42.308+0600][39.607s][info][gc,stats    ]   Trash Collection Set               24 us
[2026-04-03T03:22:42.308+0600][39.607s][info][gc,stats    ]   Rebuild Free Set                   57 us
[2026-04-03T03:22:42.308+0600][39.607s][info][gc,stats    ] Concurrent Cleanup                  427 us
[2026-04-03T03:22:42.308+0600][39.607s][info][gc,stats    ] Pacing                           240716 us
[2026-04-03T03:22:42.308+0600][39.607s][info][gc,stats    ] 
[2026-04-03T03:22:42.308+0600][39.607s][info][gc,stats    ] Allocation pacing accrued:
[2026-04-03T03:22:42.308+0600][39.607s][info][gc,stats    ]      74 of  1606 ms (  4.6%): Executor task launch worker for task 0.0 in stage 7.0 (TID 12)
[2026-04-03T03:22:42.308+0600][39.607s][info][gc,stats    ]      78 of  1606 ms (  4.9%): Executor task launch worker for task 1.0 in stage 7.0 (TID 13)
[2026-04-03T03:22:42.308+0600][39.607s][info][gc,stats    ]      88 of  1606 ms (  5.5%): Executor task launch worker for task 2.0 in stage 7.0 (TID 14)
[2026-04-03T03:22:42.308+0600][39.607s][info][gc,stats    ]     241 of  1606 ms ( 15.0%): <total>
[2026-04-03T03:22:42.308+0600][39.607s][info][gc,stats    ]       3 of  1606 ms (  0.2%): <average total>
[2026-04-03T03:22:42.308+0600][39.607s][info][gc,stats    ]      80 of  1606 ms (  5.0%): <average non-zero>
[2026-04-03T03:22:42.308+0600][39.607s][info][gc,stats    ] 
[2026-04-03T03:22:42.308+0600][39.607s][info][gc,metaspace] Metaspace: 70214K(71040K)->70607K(71488K) NonClass: 61277K(61760K)->61596K(62080K) Class: 8936K(9280K)->9010K(9408K)
[2026-04-03T03:22:42.308+0600][39.607s][info][gc,ergo     ] Pacer for Idle. Initial: 20480K, Alloc Tax Rate: 1.0x
[2026-04-03T03:22:42.699+0600][39.998s][info][gc          ] Trigger: Average GC time (579.51 ms) is above the time for average allocation rate (602 MB/s) to deplete free headroom (348M) (margin of error = 1.82)
[2026-04-03T03:22:42.699+0600][39.998s][info][gc,ergo     ] Free headroom: 398M (free) - 51200K (spike) - 0B (penalties) = 348M
[2026-04-03T03:22:42.699+0600][39.998s][info][gc,ergo     ] Free: 398M, Max: 256K regular, 393M humongous, Frag: 2% external, 0% internal; Reserve: 51200K, Max: 256K
[2026-04-03T03:22:42.699+0600][39.998s][info][gc,start    ] GC(39) Concurrent reset
[2026-04-03T03:22:42.699+0600][39.998s][info][gc,task     ] GC(39) Using 3 of 6 workers for concurrent reset
[2026-04-03T03:22:42.699+0600][39.998s][info][gc,ergo     ] GC(39) Pacer for Reset. Non-Taxable: 1000M
[2026-04-03T03:22:42.701+0600][40.000s][info][gc          ] GC(39) Concurrent reset 1.815ms
[2026-04-03T03:22:42.702+0600][40.000s][info][gc,start    ] GC(39) Pause Init Mark (unload classes)
[2026-04-03T03:22:42.702+0600][40.000s][info][gc,task     ] GC(39) Using 6 of 6 workers for init marking
[2026-04-03T03:22:42.702+0600][40.001s][info][gc,ergo     ] GC(39) Pacer for Mark. Expected Live: 211M, Free: 397M, Non-Taxable: 40754K, Alloc Tax Rate: 0.6x
[2026-04-03T03:22:42.702+0600][40.001s][info][gc          ] GC(39) Pause Init Mark (unload classes) 0.176ms
[2026-04-03T03:22:42.702+0600][40.001s][info][gc,start    ] GC(39) Concurrent marking roots
[2026-04-03T03:22:42.702+0600][40.001s][info][gc,task     ] GC(39) Using 3 of 6 workers for concurrent marking roots
[2026-04-03T03:22:42.703+0600][40.002s][info][gc          ] GC(39) Concurrent marking roots 1.218ms
[2026-04-03T03:22:42.703+0600][40.002s][info][gc,start    ] GC(39) Concurrent marking (unload classes)
[2026-04-03T03:22:42.703+0600][40.002s][info][gc,task     ] GC(39) Using 3 of 6 workers for concurrent marking
[2026-04-03T03:22:42.975+0600][40.273s][info][gc          ] GC(39) Concurrent marking (unload classes) 271.466ms
[2026-04-03T03:22:42.975+0600][40.274s][info][gc,start    ] GC(39) Pause Final Mark (unload classes)
[2026-04-03T03:22:42.975+0600][40.274s][info][gc,task     ] GC(39) Using 6 of 6 workers for final marking
[2026-04-03T03:22:42.976+0600][40.275s][info][gc,ergo     ] GC(39) Adaptive CSet Selection. Target Free: 141M, Actual Free: 718M, Max CSet: 42666K, Min Garbage: 0B
[2026-04-03T03:22:42.976+0600][40.275s][info][gc,ergo     ] GC(39) Collectable Garbage: 380M (98%), Immediate: 328M (85%), CSet: 52951K (13%)
[2026-04-03T03:22:42.976+0600][40.275s][info][gc,ergo     ] GC(39) Pacer for Evacuation. Used CSet: 60633K, Free: 678M, Non-Taxable: 69452K, Alloc Tax Rate: 1.1x
[2026-04-03T03:22:42.976+0600][40.275s][info][gc          ] GC(39) Pause Final Mark (unload classes) 1.185ms
[2026-04-03T03:22:42.976+0600][40.275s][info][gc,start    ] GC(39) Concurrent thread roots
[2026-04-03T03:22:42.977+0600][40.275s][info][gc,task     ] GC(39) Using 3 of 6 workers for Concurrent thread roots
[2026-04-03T03:22:42.977+0600][40.276s][info][gc          ] GC(39) Concurrent thread roots 0.889ms
[2026-04-03T03:22:42.977+0600][40.276s][info][gc,start    ] GC(39) Concurrent weak references
[2026-04-03T03:22:42.977+0600][40.276s][info][gc,task     ] GC(39) Using 3 of 6 workers for concurrent weak references
[2026-04-03T03:22:42.978+0600][40.277s][info][gc,ref      ] GC(39) Encountered references: Soft: 3479, Weak: 6710, Final: 82, Phantom: 597
[2026-04-03T03:22:42.978+0600][40.277s][info][gc,ref      ] GC(39) Discovered  references: Soft: 0, Weak: 1920, Final: 3, Phantom: 571
[2026-04-03T03:22:42.978+0600][40.277s][info][gc,ref      ] GC(39) Enqueued    references: Soft: 0, Weak: 528, Final: 0, Phantom: 0
[2026-04-03T03:22:42.978+0600][40.277s][info][gc          ] GC(39) Concurrent weak references 0.616ms
[2026-04-03T03:22:42.978+0600][40.277s][info][gc,start    ] GC(39) Concurrent weak roots
[2026-04-03T03:22:42.978+0600][40.277s][info][gc,task     ] GC(39) Using 3 of 6 workers for concurrent weak root
[2026-04-03T03:22:42.981+0600][40.280s][info][gc          ] GC(39) Concurrent weak roots 2.912ms
[2026-04-03T03:22:42.981+0600][40.280s][info][gc,start    ] GC(39) Concurrent cleanup
[2026-04-03T03:22:42.982+0600][40.281s][info][gc          ] GC(39) Concurrent cleanup 597M->269M(1000M) 1.260ms
[2026-04-03T03:22:42.983+0600][40.281s][info][gc,ergo     ] GC(39) Free: 677M, Max: 256K regular, 335M humongous, Frag: 51% external, 0% internal; Reserve: 51050K, Max: 256K
[2026-04-03T03:22:42.983+0600][40.281s][info][gc,start    ] GC(39) Concurrent class unloading
[2026-04-03T03:22:42.983+0600][40.281s][info][gc,task     ] GC(39) Using 3 of 6 workers for concurrent class unloading
[2026-04-03T03:22:43.013+0600][40.311s][info][gc          ] GC(39) Concurrent class unloading 30.039ms
[2026-04-03T03:22:43.013+0600][40.312s][info][gc,start    ] GC(39) Concurrent strong roots
[2026-04-03T03:22:43.013+0600][40.312s][info][gc,task     ] GC(39) Using 3 of 6 workers for concurrent strong root
[2026-04-03T03:22:43.014+0600][40.313s][info][gc          ] GC(39) Concurrent strong roots 1.072ms
[2026-04-03T03:22:43.014+0600][40.313s][info][gc,start    ] GC(39) Concurrent evacuation
[2026-04-03T03:22:43.014+0600][40.313s][info][gc,task     ] GC(39) Using 3 of 6 workers for concurrent evacuation
[2026-04-03T03:22:43.023+0600][40.321s][info][gc          ] GC(39) Concurrent evacuation 8.595ms
[2026-04-03T03:22:43.023+0600][40.322s][info][gc,start    ] GC(39) Pause Init Update Refs
[2026-04-03T03:22:43.023+0600][40.322s][info][gc,ergo     ] GC(39) Pacer for Update Refs. Used: 286M, Free: 667M, Non-Taxable: 68402K, Alloc Tax Rate: 1.1x
[2026-04-03T03:22:43.023+0600][40.322s][info][gc          ] GC(39) Pause Init Update Refs 0.253ms
[2026-04-03T03:22:43.023+0600][40.322s][info][gc,start    ] GC(39) Concurrent update references
[2026-04-03T03:22:43.023+0600][40.322s][info][gc,task     ] GC(39) Using 3 of 6 workers for concurrent reference update
[2026-04-03T03:22:43.153+0600][40.452s][info][gc          ] GC(39) Concurrent update references 130.074ms
[2026-04-03T03:22:43.153+0600][40.452s][info][gc,start    ] GC(39) Concurrent update thread roots
[2026-04-03T03:22:43.155+0600][40.453s][info][gc          ] GC(39) Concurrent update thread roots 1.226ms
[2026-04-03T03:22:43.155+0600][40.454s][info][gc,start    ] GC(39) Pause Final Update Refs
[2026-04-03T03:22:43.155+0600][40.454s][info][gc,task     ] GC(39) Using 6 of 6 workers for final reference update
[2026-04-03T03:22:43.156+0600][40.454s][info][gc          ] GC(39) Pause Final Update Refs 0.474ms
[2026-04-03T03:22:43.156+0600][40.455s][info][gc,start    ] GC(39) Concurrent cleanup
[2026-04-03T03:22:43.157+0600][40.455s][info][gc          ] GC(39) Concurrent cleanup 312M->253M(1000M) 0.858ms
[2026-04-03T03:22:43.157+0600][40.456s][info][gc,ergo     ] Free: 692M, Max: 256K regular, 335M humongous, Frag: 52% external, 0% internal; Reserve: 51200K, Max: 256K
[2026-04-03T03:22:43.157+0600][40.456s][info][gc,stats    ] 
[2026-04-03T03:22:43.157+0600][40.456s][info][gc,stats    ] All times are wall-clock times, except per-root-class counters, that are sum over
[2026-04-03T03:22:43.157+0600][40.456s][info][gc,stats    ] all workers. Dividing the <total> over the root stage time estimates parallelism.
[2026-04-03T03:22:43.157+0600][40.456s][info][gc,stats    ] 
[2026-04-03T03:22:43.157+0600][40.456s][info][gc,stats    ] Concurrent Reset                   1929 us
[2026-04-03T03:22:43.157+0600][40.456s][info][gc,stats    ] Pause Init Mark (G)                 592 us
[2026-04-03T03:22:43.157+0600][40.456s][info][gc,stats    ] Pause Init Mark (N)                 192 us
[2026-04-03T03:22:43.157+0600][40.456s][info][gc,stats    ]   Update Region States               53 us
[2026-04-03T03:22:43.157+0600][40.456s][info][gc,stats    ] Concurrent Mark Roots              1307 us, parallelism: 1.66x
[2026-04-03T03:22:43.157+0600][40.456s][info][gc,stats    ]   CMR: <total>                     2166 us
[2026-04-03T03:22:43.157+0600][40.456s][info][gc,stats    ]   CMR: Thread Roots                1720 us, workers (us): 312, 705, 704, ---, ---, ---, 
[2026-04-03T03:22:43.157+0600][40.456s][info][gc,stats    ]   CMR: VM Strong Roots               49 us, workers (us):  17,  18,  14, ---, ---, ---, 
[2026-04-03T03:22:43.157+0600][40.456s][info][gc,stats    ]   CMR: CLDG Roots                   397 us, workers (us): 397, ---, ---, ---, ---, ---, 
[2026-04-03T03:22:43.157+0600][40.456s][info][gc,stats    ] Concurrent Marking               271741 us
[2026-04-03T03:22:43.157+0600][40.456s][info][gc,stats    ] Pause Final Mark (G)               1524 us
[2026-04-03T03:22:43.157+0600][40.456s][info][gc,stats    ] Pause Final Mark (N)               1209 us
[2026-04-03T03:22:43.157+0600][40.456s][info][gc,stats    ]   Finish Mark                       301 us
[2026-04-03T03:22:43.157+0600][40.456s][info][gc,stats    ]   Update Region States              123 us
[2026-04-03T03:22:43.157+0600][40.456s][info][gc,stats    ]   Choose Collection Set             476 us
[2026-04-03T03:22:43.157+0600][40.456s][info][gc,stats    ]   Rebuild Free Set                   78 us
[2026-04-03T03:22:43.157+0600][40.456s][info][gc,stats    ] Concurrent Thread Roots             971 us, parallelism: 1.82x
[2026-04-03T03:22:43.157+0600][40.456s][info][gc,stats    ]   CTR: <total>                     1769 us
[2026-04-03T03:22:43.157+0600][40.456s][info][gc,stats    ]   CTR: Thread Roots                1769 us, workers (us): 675, 564, 530, ---, ---, ---, 
[2026-04-03T03:22:43.157+0600][40.456s][info][gc,stats    ] Concurrent Weak References          634 us, parallelism: 1.09x
[2026-04-03T03:22:43.157+0600][40.456s][info][gc,stats    ]   CWRF: <total>                     694 us
[2026-04-03T03:22:43.157+0600][40.456s][info][gc,stats    ]   CWRF: Weak References             694 us, workers (us): 343, 239, 113, ---, ---, ---, 
[2026-04-03T03:22:43.157+0600][40.456s][info][gc,stats    ] Concurrent Weak Roots              3030 us
[2026-04-03T03:22:43.157+0600][40.456s][info][gc,stats    ]   Roots                            2619 us, parallelism: 2.45x
[2026-04-03T03:22:43.157+0600][40.456s][info][gc,stats    ]     CWR: <total>                   6419 us
[2026-04-03T03:22:43.157+0600][40.456s][info][gc,stats    ]     CWR: Code Cache Roots          4139 us, workers (us): 1370, 1447, 1323, ---, ---, ---, 
[2026-04-03T03:22:43.157+0600][40.456s][info][gc,stats    ]     CWR: VM Weak Roots             2160 us, workers (us): 763, 726, 671, ---, ---, ---, 
[2026-04-03T03:22:43.157+0600][40.456s][info][gc,stats    ]     CWR: CLDG Roots                 119 us, workers (us): ---, ---, 119, ---, ---, ---, 
[2026-04-03T03:22:43.157+0600][40.456s][info][gc,stats    ]   Rendezvous                        248 us
[2026-04-03T03:22:43.157+0600][40.456s][info][gc,stats    ] Concurrent Cleanup                 1311 us
[2026-04-03T03:22:43.157+0600][40.456s][info][gc,stats    ] Concurrent Class Unloading        30200 us
[2026-04-03T03:22:43.157+0600][40.456s][info][gc,stats    ]   Unlink Stale                    28351 us
[2026-04-03T03:22:43.157+0600][40.456s][info][gc,stats    ]     System Dictionary               548 us
[2026-04-03T03:22:43.157+0600][40.456s][info][gc,stats    ]     Weak Class Links              18702 us
[2026-04-03T03:22:43.157+0600][40.456s][info][gc,stats    ]     Code Roots                     9092 us
[2026-04-03T03:22:43.157+0600][40.456s][info][gc,stats    ]   Rendezvous                        298 us
[2026-04-03T03:22:43.158+0600][40.456s][info][gc,stats    ]   Purge Unlinked                   1344 us
[2026-04-03T03:22:43.158+0600][40.456s][info][gc,stats    ]     Code Roots                     1194 us
[2026-04-03T03:22:43.158+0600][40.456s][info][gc,stats    ]     CLDG                            148 us
[2026-04-03T03:22:43.158+0600][40.456s][info][gc,stats    ]     Exception Caches                  1 us
[2026-04-03T03:22:43.158+0600][40.456s][info][gc,stats    ] Concurrent Strong Roots            1157 us, parallelism: 0.57x
[2026-04-03T03:22:43.158+0600][40.456s][info][gc,stats    ]   CSR: <total>                      658 us
[2026-04-03T03:22:43.158+0600][40.456s][info][gc,stats    ]   CSR: VM Strong Roots               39 us, workers (us):  35,   2,   2, ---, ---, ---, 
[2026-04-03T03:22:43.158+0600][40.456s][info][gc,stats    ]   CSR: CLDG Roots                   619 us, workers (us): 619, ---, ---, ---, ---, ---, 
[2026-04-03T03:22:43.158+0600][40.456s][info][gc,stats    ] Concurrent Evacuation              8718 us
[2026-04-03T03:22:43.158+0600][40.456s][info][gc,stats    ] Pause Init Update Refs (G)          634 us
[2026-04-03T03:22:43.158+0600][40.456s][info][gc,stats    ] Pause Init Update Refs (N)          274 us
[2026-04-03T03:22:43.158+0600][40.456s][info][gc,stats    ]   Manage GCLABs                      33 us
[2026-04-03T03:22:43.158+0600][40.456s][info][gc,stats    ] Concurrent Update Refs           130167 us
[2026-04-03T03:22:43.158+0600][40.457s][info][gc,stats    ] Concurrent Update Thread Roots     1333 us
[2026-04-03T03:22:43.158+0600][40.457s][info][gc,stats    ] Pause Final Update Refs (G)         922 us
[2026-04-03T03:22:43.158+0600][40.457s][info][gc,stats    ] Pause Final Update Refs (N)         565 us
[2026-04-03T03:22:43.158+0600][40.457s][info][gc,stats    ]   Update Region States              155 us
[2026-04-03T03:22:43.158+0600][40.457s][info][gc,stats    ]   Trash Collection Set               20 us
[2026-04-03T03:22:43.158+0600][40.457s][info][gc,stats    ]   Rebuild Free Set                  124 us
[2026-04-03T03:22:43.158+0600][40.457s][info][gc,stats    ] Concurrent Cleanup                  920 us
[2026-04-03T03:22:43.158+0600][40.457s][info][gc,stats    ] Pacing                            78936 us
[2026-04-03T03:22:43.158+0600][40.457s][info][gc,stats    ] 
[2026-04-03T03:22:43.158+0600][40.457s][info][gc,stats    ] Allocation pacing accrued:
[2026-04-03T03:22:43.158+0600][40.457s][info][gc,stats    ]      30 of   850 ms (  3.6%): Executor task launch worker for task 0.0 in stage 11.0 (TID 15)
[2026-04-03T03:22:43.158+0600][40.457s][info][gc,stats    ]      19 of   850 ms (  2.2%): Executor task launch worker for task 1.0 in stage 11.0 (TID 16)
[2026-04-03T03:22:43.158+0600][40.457s][info][gc,stats    ]      30 of   850 ms (  3.5%): Executor task launch worker for task 2.0 in stage 11.0 (TID 17)
[2026-04-03T03:22:43.158+0600][40.457s][info][gc,stats    ]      79 of   850 ms (  9.3%): <total>
[2026-04-03T03:22:43.158+0600][40.457s][info][gc,stats    ]       1 of   850 ms (  0.1%): <average total>
[2026-04-03T03:22:43.158+0600][40.457s][info][gc,stats    ]      26 of   850 ms (  3.1%): <average non-zero>
[2026-04-03T03:22:43.158+0600][40.457s][info][gc,stats    ] 
[2026-04-03T03:22:43.158+0600][40.457s][info][gc,metaspace] Metaspace: 70786K(71680K)->70773K(71680K) NonClass: 61752K(62272K)->61746K(62272K) Class: 9034K(9408K)->9026K(9408K)
[2026-04-03T03:22:43.158+0600][40.457s][info][gc,ergo     ] Pacer for Idle. Initial: 20480K, Alloc Tax Rate: 1.0x
[2026-04-03T03:22:43.863+0600][41.162s][info][gc          ] Trigger: Average GC time (553.03 ms) is above the time for instantaneous allocation rate (896 MB/s) to deplete free headroom (382M) (spike threshold = 1.81)
[2026-04-03T03:22:43.863+0600][41.162s][info][gc,ergo     ] Free: 432M, Max: 256K regular, 335M humongous, Frag: 23% external, 0% internal; Reserve: 51200K, Max: 256K
[2026-04-03T03:22:43.863+0600][41.162s][info][gc,start    ] GC(40) Concurrent reset
[2026-04-03T03:22:43.863+0600][41.162s][info][gc,task     ] GC(40) Using 3 of 6 workers for concurrent reset
[2026-04-03T03:22:43.863+0600][41.162s][info][gc,ergo     ] GC(40) Pacer for Reset. Non-Taxable: 1000M
[2026-04-03T03:22:43.864+0600][41.163s][info][gc          ] GC(40) Concurrent reset 1.016ms
[2026-04-03T03:22:43.864+0600][41.163s][info][gc,start    ] GC(40) Pause Init Mark (unload classes)
[2026-04-03T03:22:43.864+0600][41.163s][info][gc,task     ] GC(40) Using 6 of 6 workers for init marking
[2026-04-03T03:22:43.864+0600][41.163s][info][gc,ergo     ] GC(40) Pacer for Mark. Expected Live: 202M, Free: 431M, Non-Taxable: 44134K, Alloc Tax Rate: 0.6x
[2026-04-03T03:22:43.864+0600][41.163s][info][gc          ] GC(40) Pause Init Mark (unload classes) 0.118ms
[2026-04-03T03:22:43.865+0600][41.163s][info][gc,start    ] GC(40) Concurrent marking roots
[2026-04-03T03:22:43.865+0600][41.163s][info][gc,task     ] GC(40) Using 3 of 6 workers for concurrent marking roots
[2026-04-03T03:22:43.865+0600][41.164s][info][gc          ] GC(40) Concurrent marking roots 0.790ms
[2026-04-03T03:22:43.865+0600][41.164s][info][gc,start    ] GC(40) Concurrent marking (unload classes)
[2026-04-03T03:22:43.865+0600][41.164s][info][gc,task     ] GC(40) Using 3 of 6 workers for concurrent marking
[2026-04-03T03:22:44.082+0600][41.381s][info][gc          ] GC(40) Concurrent marking (unload classes) 216.724ms
[2026-04-03T03:22:44.082+0600][41.381s][info][gc,start    ] GC(40) Pause Final Mark (unload classes)
[2026-04-03T03:22:44.082+0600][41.381s][info][gc,task     ] GC(40) Using 6 of 6 workers for final marking
[2026-04-03T03:22:44.083+0600][41.382s][info][gc,ergo     ] GC(40) Adaptive CSet Selection. Target Free: 141M, Actual Free: 663M, Max CSet: 42666K, Min Garbage: 0B
[2026-04-03T03:22:44.083+0600][41.382s][info][gc,ergo     ] GC(40) Collectable Garbage: 352M (98%), Immediate: 251M (70%), CSet: 101M (28%)
[2026-04-03T03:22:44.083+0600][41.382s][info][gc,ergo     ] GC(40) Pacer for Evacuation. Used CSet: 110M, Free: 617M, Non-Taxable: 63232K, Alloc Tax Rate: 1.1x
[2026-04-03T03:22:44.083+0600][41.382s][info][gc          ] GC(40) Pause Final Mark (unload classes) 0.927ms
[2026-04-03T03:22:44.083+0600][41.382s][info][gc,start    ] GC(40) Concurrent thread roots
[2026-04-03T03:22:44.083+0600][41.382s][info][gc,task     ] GC(40) Using 3 of 6 workers for Concurrent thread roots
[2026-04-03T03:22:44.084+0600][41.383s][info][gc          ] GC(40) Concurrent thread roots 0.779ms
[2026-04-03T03:22:44.084+0600][41.383s][info][gc,start    ] GC(40) Concurrent weak references
[2026-04-03T03:22:44.084+0600][41.383s][info][gc,task     ] GC(40) Using 3 of 6 workers for concurrent weak references
[2026-04-03T03:22:44.085+0600][41.384s][info][gc,ref      ] GC(40) Encountered references: Soft: 3479, Weak: 6281, Final: 82, Phantom: 597
[2026-04-03T03:22:44.085+0600][41.384s][info][gc,ref      ] GC(40) Discovered  references: Soft: 0, Weak: 2690, Final: 48, Phantom: 570
[2026-04-03T03:22:44.085+0600][41.384s][info][gc,ref      ] GC(40) Enqueued    references: Soft: 0, Weak: 100, Final: 0, Phantom: 0
[2026-04-03T03:22:44.085+0600][41.384s][info][gc          ] GC(40) Concurrent weak references 0.988ms
[2026-04-03T03:22:44.085+0600][41.384s][info][gc,start    ] GC(40) Concurrent weak roots
[2026-04-03T03:22:44.085+0600][41.384s][info][gc,task     ] GC(40) Using 3 of 6 workers for concurrent weak root
[2026-04-03T03:22:44.088+0600][41.387s][info][gc          ] GC(40) Concurrent weak roots 3.085ms
[2026-04-03T03:22:44.088+0600][41.387s][info][gc,start    ] GC(40) Concurrent cleanup
[2026-04-03T03:22:44.089+0600][41.388s][info][gc          ] GC(40) Concurrent cleanup 584M->333M(1000M) 0.591ms
[2026-04-03T03:22:44.089+0600][41.388s][info][gc,ergo     ] GC(40) Free: 613M, Max: 256K regular, 335M humongous, Frag: 46% external, 0% internal; Reserve: 50904K, Max: 256K
[2026-04-03T03:22:44.089+0600][41.388s][info][gc,start    ] GC(40) Concurrent class unloading
[2026-04-03T03:22:44.089+0600][41.388s][info][gc,task     ] GC(40) Using 3 of 6 workers for concurrent class unloading
[2026-04-03T03:22:44.098+0600][41.397s][info][gc          ] GC(40) Concurrent class unloading 8.889ms
[2026-04-03T03:22:44.098+0600][41.397s][info][gc,start    ] GC(40) Concurrent strong roots
[2026-04-03T03:22:44.098+0600][41.397s][info][gc,task     ] GC(40) Using 3 of 6 workers for concurrent strong root
[2026-04-03T03:22:44.099+0600][41.398s][info][gc          ] GC(40) Concurrent strong roots 1.137ms
[2026-04-03T03:22:44.099+0600][41.398s][info][gc,start    ] GC(40) Concurrent evacuation
[2026-04-03T03:22:44.099+0600][41.398s][info][gc,task     ] GC(40) Using 3 of 6 workers for concurrent evacuation
[2026-04-03T03:22:44.110+0600][41.409s][info][gc          ] GC(40) Concurrent evacuation 10.629ms
[2026-04-03T03:22:44.110+0600][41.409s][info][gc,start    ] GC(40) Pause Init Update Refs
[2026-04-03T03:22:44.110+0600][41.409s][info][gc,ergo     ] GC(40) Pacer for Update Refs. Used: 358M, Free: 598M, Non-Taxable: 61337K, Alloc Tax Rate: 1.1x
[2026-04-03T03:22:44.111+0600][41.409s][info][gc          ] GC(40) Pause Init Update Refs 0.135ms
[2026-04-03T03:22:44.111+0600][41.409s][info][gc,start    ] GC(40) Concurrent update references
[2026-04-03T03:22:44.111+0600][41.409s][info][gc,task     ] GC(40) Using 3 of 6 workers for concurrent reference update
[2026-04-03T03:22:44.233+0600][41.531s][info][gc          ] GC(40) Concurrent update references 121.983ms
[2026-04-03T03:22:44.233+0600][41.531s][info][gc,start    ] GC(40) Concurrent update thread roots
[2026-04-03T03:22:44.234+0600][41.533s][info][gc          ] GC(40) Concurrent update thread roots 1.172ms
[2026-04-03T03:22:44.234+0600][41.533s][info][gc,start    ] GC(40) Pause Final Update Refs
[2026-04-03T03:22:44.234+0600][41.533s][info][gc,task     ] GC(40) Using 6 of 6 workers for final reference update
[2026-04-03T03:22:44.234+0600][41.533s][info][gc          ] GC(40) Pause Final Update Refs 0.247ms
[2026-04-03T03:22:44.234+0600][41.533s][info][gc,start    ] GC(40) Concurrent cleanup
[2026-04-03T03:22:44.235+0600][41.534s][info][gc          ] GC(40) Concurrent cleanup 451M->340M(1000M) 0.406ms
[2026-04-03T03:22:44.235+0600][41.534s][info][gc,ergo     ] Free: 605M, Max: 256K regular, 397M humongous, Frag: 35% external, 0% internal; Reserve: 51200K, Max: 256K
[2026-04-03T03:22:44.235+0600][41.534s][info][gc,stats    ] 
[2026-04-03T03:22:44.235+0600][41.534s][info][gc,stats    ] All times are wall-clock times, except per-root-class counters, that are sum over
[2026-04-03T03:22:44.235+0600][41.534s][info][gc,stats    ] all workers. Dividing the <total> over the root stage time estimates parallelism.
[2026-04-03T03:22:44.235+0600][41.534s][info][gc,stats    ] 
[2026-04-03T03:22:44.235+0600][41.534s][info][gc,stats    ] Concurrent Reset                   1074 us
[2026-04-03T03:22:44.235+0600][41.534s][info][gc,stats    ] Pause Init Mark (G)                 452 us
[2026-04-03T03:22:44.235+0600][41.534s][info][gc,stats    ] Pause Init Mark (N)                 129 us
[2026-04-03T03:22:44.235+0600][41.534s][info][gc,stats    ]   Update Region States               38 us
[2026-04-03T03:22:44.235+0600][41.534s][info][gc,stats    ] Concurrent Mark Roots               830 us, parallelism: 1.60x
[2026-04-03T03:22:44.235+0600][41.534s][info][gc,stats    ]   CMR: <total>                     1327 us
[2026-04-03T03:22:44.235+0600][41.534s][info][gc,stats    ]   CMR: Thread Roots                1033 us, workers (us): 175, 439, 419, ---, ---, ---, 
[2026-04-03T03:22:44.235+0600][41.534s][info][gc,stats    ]   CMR: VM Strong Roots               29 us, workers (us):  21,   8,   0, ---, ---, ---, 
[2026-04-03T03:22:44.235+0600][41.534s][info][gc,stats    ]   CMR: CLDG Roots                   264 us, workers (us): 264, ---, ---, ---, ---, ---, 
[2026-04-03T03:22:44.235+0600][41.534s][info][gc,stats    ] Concurrent Marking               216817 us
[2026-04-03T03:22:44.235+0600][41.534s][info][gc,stats    ] Pause Final Mark (G)               1197 us
[2026-04-03T03:22:44.235+0600][41.534s][info][gc,stats    ] Pause Final Mark (N)                945 us
[2026-04-03T03:22:44.235+0600][41.534s][info][gc,stats    ]   Finish Mark                       239 us
[2026-04-03T03:22:44.235+0600][41.534s][info][gc,stats    ]   Update Region States               59 us
[2026-04-03T03:22:44.235+0600][41.534s][info][gc,stats    ]   Choose Collection Set             367 us
[2026-04-03T03:22:44.235+0600][41.534s][info][gc,stats    ]   Rebuild Free Set                   52 us
[2026-04-03T03:22:44.235+0600][41.534s][info][gc,stats    ] Concurrent Thread Roots             827 us, parallelism: 2.01x
[2026-04-03T03:22:44.235+0600][41.534s][info][gc,stats    ]   CTR: <total>                     1663 us
[2026-04-03T03:22:44.235+0600][41.534s][info][gc,stats    ]   CTR: Thread Roots                1663 us, workers (us): 580, 547, 537, ---, ---, ---, 
[2026-04-03T03:22:44.235+0600][41.534s][info][gc,stats    ] Concurrent Weak References         1005 us, parallelism: 0.84x
[2026-04-03T03:22:44.235+0600][41.534s][info][gc,stats    ]   CWRF: <total>                     842 us
[2026-04-03T03:22:44.235+0600][41.534s][info][gc,stats    ]   CWRF: Weak References             842 us, workers (us): 728, 104,  10, ---, ---, ---, 
[2026-04-03T03:22:44.235+0600][41.534s][info][gc,stats    ] Concurrent Weak Roots              3201 us
[2026-04-03T03:22:44.235+0600][41.534s][info][gc,stats    ]   Roots                            2762 us, parallelism: 2.63x
[2026-04-03T03:22:44.235+0600][41.534s][info][gc,stats    ]     CWR: <total>                   7277 us
[2026-04-03T03:22:44.235+0600][41.534s][info][gc,stats    ]     CWR: Code Cache Roots          5179 us, workers (us): 1844, 1615, 1720, ---, ---, ---, 
[2026-04-03T03:22:44.235+0600][41.534s][info][gc,stats    ]     CWR: VM Weak Roots             1982 us, workers (us): 668, 659, 655, ---, ---, ---, 
[2026-04-03T03:22:44.235+0600][41.534s][info][gc,stats    ]     CWR: CLDG Roots                 115 us, workers (us): ---, 115, ---, ---, ---, ---, 
[2026-04-03T03:22:44.235+0600][41.534s][info][gc,stats    ]   Rendezvous                        287 us
[2026-04-03T03:22:44.235+0600][41.534s][info][gc,stats    ] Concurrent Cleanup                  630 us
[2026-04-03T03:22:44.235+0600][41.534s][info][gc,stats    ] Concurrent Class Unloading         9005 us
[2026-04-03T03:22:44.235+0600][41.534s][info][gc,stats    ]   Unlink Stale                     7615 us
[2026-04-03T03:22:44.235+0600][41.534s][info][gc,stats    ]     System Dictionary               171 us
[2026-04-03T03:22:44.235+0600][41.534s][info][gc,stats    ]     Weak Class Links                  1 us
[2026-04-03T03:22:44.235+0600][41.534s][info][gc,stats    ]     Code Roots                     7437 us
[2026-04-03T03:22:44.235+0600][41.534s][info][gc,stats    ]   Rendezvous                        308 us
[2026-04-03T03:22:44.235+0600][41.534s][info][gc,stats    ]   Purge Unlinked                    921 us
[2026-04-03T03:22:44.235+0600][41.534s][info][gc,stats    ]     Code Roots                      904 us
[2026-04-03T03:22:44.235+0600][41.534s][info][gc,stats    ]     CLDG                             16 us
[2026-04-03T03:22:44.235+0600][41.534s][info][gc,stats    ]     Exception Caches                  0 us
[2026-04-03T03:22:44.236+0600][41.534s][info][gc,stats    ] Concurrent Strong Roots            1259 us, parallelism: 0.54x
[2026-04-03T03:22:44.236+0600][41.534s][info][gc,stats    ]   CSR: <total>                      684 us
[2026-04-03T03:22:44.236+0600][41.534s][info][gc,stats    ]   CSR: VM Strong Roots               45 us, workers (us):  32,  12,   1, ---, ---, ---, 
[2026-04-03T03:22:44.236+0600][41.534s][info][gc,stats    ]   CSR: CLDG Roots                   640 us, workers (us): 640, ---, ---, ---, ---, ---, 
[2026-04-03T03:22:44.236+0600][41.534s][info][gc,stats    ] Concurrent Evacuation             10737 us
[2026-04-03T03:22:44.236+0600][41.534s][info][gc,stats    ] Pause Init Update Refs (G)          424 us
[2026-04-03T03:22:44.236+0600][41.534s][info][gc,stats    ] Pause Init Update Refs (N)          151 us
[2026-04-03T03:22:44.236+0600][41.534s][info][gc,stats    ]   Manage GCLABs                      15 us
[2026-04-03T03:22:44.236+0600][41.534s][info][gc,stats    ] Concurrent Update Refs           122087 us
[2026-04-03T03:22:44.236+0600][41.534s][info][gc,stats    ] Concurrent Update Thread Roots     1284 us
[2026-04-03T03:22:44.236+0600][41.534s][info][gc,stats    ] Pause Final Update Refs (G)         537 us
[2026-04-03T03:22:44.236+0600][41.534s][info][gc,stats    ] Pause Final Update Refs (N)         283 us
[2026-04-03T03:22:44.236+0600][41.534s][info][gc,stats    ]   Update Region States               75 us
[2026-04-03T03:22:44.236+0600][41.534s][info][gc,stats    ]   Trash Collection Set               15 us
[2026-04-03T03:22:44.236+0600][41.534s][info][gc,stats    ]   Rebuild Free Set                   54 us
[2026-04-03T03:22:44.236+0600][41.534s][info][gc,stats    ] Concurrent Cleanup                  434 us
[2026-04-03T03:22:44.236+0600][41.534s][info][gc,stats    ] Pacing                           402795 us
[2026-04-03T03:22:44.236+0600][41.534s][info][gc,stats    ] 
[2026-04-03T03:22:44.236+0600][41.534s][info][gc,stats    ] Allocation pacing accrued:
[2026-04-03T03:22:44.236+0600][41.535s][info][gc,stats    ]     135 of  1078 ms ( 12.5%): Executor task launch worker for task 0.0 in stage 12.0 (TID 18)
[2026-04-03T03:22:44.236+0600][41.535s][info][gc,stats    ]     134 of  1078 ms ( 12.4%): Executor task launch worker for task 2.0 in stage 12.0 (TID 20)
[2026-04-03T03:22:44.236+0600][41.535s][info][gc,stats    ]     134 of  1078 ms ( 12.4%): Executor task launch worker for task 1.0 in stage 12.0 (TID 19)
[2026-04-03T03:22:44.236+0600][41.535s][info][gc,stats    ]     403 of  1078 ms ( 37.4%): <total>
[2026-04-03T03:22:44.236+0600][41.535s][info][gc,stats    ]       4 of  1078 ms (  0.4%): <average total>
[2026-04-03T03:22:44.236+0600][41.535s][info][gc,stats    ]     134 of  1078 ms ( 12.5%): <average non-zero>
[2026-04-03T03:22:44.236+0600][41.535s][info][gc,stats    ] 
[2026-04-03T03:22:44.236+0600][41.535s][info][gc,metaspace] Metaspace: 70848K(71680K)->70855K(71680K) NonClass: 61818K(62272K)->61824K(62272K) Class: 9030K(9408K)->9030K(9408K)
[2026-04-03T03:22:44.236+0600][41.535s][info][gc,ergo     ] Pacer for Idle. Initial: 20480K, Alloc Tax Rate: 1.0x
[2026-04-03T03:22:44.337+0600][41.636s][info][gc          ] Trigger: Average GC time (540.91 ms) is above the time for average allocation rate (1012 MB/s) to deplete free headroom (408M) (margin of error = 1.80)
[2026-04-03T03:22:44.337+0600][41.636s][info][gc,ergo     ] Free headroom: 458M (free) - 51200K (spike) - 0B (penalties) = 408M
[2026-04-03T03:22:44.337+0600][41.636s][info][gc,ergo     ] Free: 458M, Max: 256K regular, 397M humongous, Frag: 14% external, 0% internal; Reserve: 51200K, Max: 256K
[2026-04-03T03:22:44.337+0600][41.636s][info][gc,start    ] GC(41) Concurrent reset
[2026-04-03T03:22:44.337+0600][41.636s][info][gc,task     ] GC(41) Using 3 of 6 workers for concurrent reset
[2026-04-03T03:22:44.337+0600][41.636s][info][gc,ergo     ] GC(41) Pacer for Reset. Non-Taxable: 1000M
[2026-04-03T03:22:44.339+0600][41.637s][info][gc          ] GC(41) Concurrent reset 1.281ms
[2026-04-03T03:22:44.339+0600][41.638s][info][gc,start    ] GC(41) Pause Init Mark (unload classes)
[2026-04-03T03:22:44.339+0600][41.638s][info][gc,task     ] GC(41) Using 6 of 6 workers for init marking
[2026-04-03T03:22:44.339+0600][41.638s][info][gc,ergo     ] GC(41) Pacer for Mark. Expected Live: 190M, Free: 456M, Non-Taxable: 46772K, Alloc Tax Rate: 0.5x
[2026-04-03T03:22:44.339+0600][41.638s][info][gc          ] GC(41) Pause Init Mark (unload classes) 0.181ms
[2026-04-03T03:22:44.339+0600][41.638s][info][gc,start    ] GC(41) Concurrent marking roots
[2026-04-03T03:22:44.339+0600][41.638s][info][gc,task     ] GC(41) Using 3 of 6 workers for concurrent marking roots
[2026-04-03T03:22:44.340+0600][41.639s][info][gc          ] GC(41) Concurrent marking roots 0.981ms
[2026-04-03T03:22:44.340+0600][41.639s][info][gc,start    ] GC(41) Concurrent marking (unload classes)
[2026-04-03T03:22:44.340+0600][41.639s][info][gc,task     ] GC(41) Using 3 of 6 workers for concurrent marking
[2026-04-03T03:22:44.696+0600][41.995s][info][gc          ] GC(41) Concurrent marking (unload classes) 355.907ms
[2026-04-03T03:22:44.696+0600][41.995s][info][gc,start    ] GC(41) Pause Final Mark (unload classes)
[2026-04-03T03:22:44.696+0600][41.995s][info][gc,task     ] GC(41) Using 6 of 6 workers for final marking
[2026-04-03T03:22:44.697+0600][41.996s][info][gc,ergo     ] GC(41) Adaptive CSet Selection. Target Free: 141M, Actual Free: 449M, Max CSet: 42666K, Min Garbage: 0B
[2026-04-03T03:22:44.697+0600][41.996s][info][gc,ergo     ] GC(41) Collectable Garbage: 254M (89%), Immediate: 5376K (1%), CSet: 248M (88%)
[2026-04-03T03:22:44.697+0600][41.996s][info][gc,ergo     ] GC(41) Pacer for Evacuation. Used CSet: 290M, Free: 402M, Non-Taxable: 41166K, Alloc Tax Rate: 1.8x
[2026-04-03T03:22:44.697+0600][41.996s][info][gc          ] GC(41) Pause Final Mark (unload classes) 1.144ms
[2026-04-03T03:22:44.698+0600][41.996s][info][gc,start    ] GC(41) Concurrent thread roots
[2026-04-03T03:22:44.698+0600][41.996s][info][gc,task     ] GC(41) Using 3 of 6 workers for Concurrent thread roots
[2026-04-03T03:22:44.699+0600][41.997s][info][gc          ] GC(41) Concurrent thread roots 1.090ms
[2026-04-03T03:22:44.699+0600][41.998s][info][gc,start    ] GC(41) Concurrent weak references
[2026-04-03T03:22:44.699+0600][41.998s][info][gc,task     ] GC(41) Using 3 of 6 workers for concurrent weak references
[2026-04-03T03:22:44.699+0600][41.998s][info][gc,ref      ] GC(41) Encountered references: Soft: 3479, Weak: 6191, Final: 82, Phantom: 596
[2026-04-03T03:22:44.699+0600][41.998s][info][gc,ref      ] GC(41) Discovered  references: Soft: 0, Weak: 260, Final: 0, Phantom: 593
[2026-04-03T03:22:44.699+0600][41.998s][info][gc,ref      ] GC(41) Enqueued    references: Soft: 0, Weak: 1, Final: 0, Phantom: 0
[2026-04-03T03:22:44.699+0600][41.998s][info][gc          ] GC(41) Concurrent weak references 0.381ms
[2026-04-03T03:22:44.699+0600][41.998s][info][gc,start    ] GC(41) Concurrent weak roots
[2026-04-03T03:22:44.699+0600][41.998s][info][gc,task     ] GC(41) Using 3 of 6 workers for concurrent weak root
[2026-04-03T03:22:44.702+0600][42.001s][info][gc          ] GC(41) Concurrent weak roots 3.305ms
[2026-04-03T03:22:44.702+0600][42.001s][info][gc,start    ] GC(41) Concurrent cleanup
[2026-04-03T03:22:44.703+0600][42.002s][info][gc          ] GC(41) Concurrent cleanup 551M->546M(1000M) 0.331ms
[2026-04-03T03:22:44.703+0600][42.002s][info][gc,ergo     ] GC(41) Free: 401M, Max: 256K regular, 376M humongous, Frag: 7% external, 0% internal; Reserve: 50303K, Max: 256K
[2026-04-03T03:22:44.703+0600][42.002s][info][gc,start    ] GC(41) Concurrent class unloading
[2026-04-03T03:22:44.703+0600][42.002s][info][gc,task     ] GC(41) Using 3 of 6 workers for concurrent class unloading
[2026-04-03T03:22:44.710+0600][42.009s][info][gc          ] GC(41) Concurrent class unloading 7.446ms
[2026-04-03T03:22:44.710+0600][42.009s][info][gc,start    ] GC(41) Concurrent strong roots
[2026-04-03T03:22:44.711+0600][42.009s][info][gc,task     ] GC(41) Using 3 of 6 workers for concurrent strong root
[2026-04-03T03:22:44.712+0600][42.010s][info][gc          ] GC(41) Concurrent strong roots 1.136ms
[2026-04-03T03:22:44.712+0600][42.011s][info][gc,start    ] GC(41) Concurrent evacuation
[2026-04-03T03:22:44.712+0600][42.011s][info][gc,task     ] GC(41) Using 3 of 6 workers for concurrent evacuation
[2026-04-03T03:22:44.755+0600][42.054s][info][gc          ] GC(41) Concurrent evacuation 43.394ms
[2026-04-03T03:22:44.755+0600][42.054s][info][gc,start    ] GC(41) Pause Init Update Refs
[2026-04-03T03:22:44.756+0600][42.054s][info][gc,ergo     ] GC(41) Pacer for Update Refs. Used: 588M, Free: 401M, Non-Taxable: 41063K, Alloc Tax Rate: 1.8x
[2026-04-03T03:22:44.756+0600][42.054s][info][gc          ] GC(41) Pause Init Update Refs 0.152ms
[2026-04-03T03:22:44.756+0600][42.055s][info][gc,start    ] GC(41) Concurrent update references
[2026-04-03T03:22:44.756+0600][42.055s][info][gc,task     ] GC(41) Using 3 of 6 workers for concurrent reference update
[2026-04-03T03:22:44.952+0600][42.251s][info][gc          ] GC(41) Concurrent update references 195.927ms
[2026-04-03T03:22:44.952+0600][42.251s][info][gc,start    ] GC(41) Concurrent update thread roots
[2026-04-03T03:22:44.953+0600][42.252s][info][gc          ] GC(41) Concurrent update thread roots 1.230ms
[2026-04-03T03:22:44.953+0600][42.252s][info][gc,start    ] GC(41) Pause Final Update Refs
[2026-04-03T03:22:44.953+0600][42.252s][info][gc,task     ] GC(41) Using 6 of 6 workers for final reference update
[2026-04-03T03:22:44.953+0600][42.252s][info][gc          ] GC(41) Pause Final Update Refs 0.220ms
[2026-04-03T03:22:44.954+0600][42.252s][info][gc,start    ] GC(41) Concurrent cleanup
[2026-04-03T03:22:44.954+0600][42.253s][info][gc          ] GC(41) Concurrent cleanup 590M->300M(1000M) 0.552ms
[2026-04-03T03:22:44.954+0600][42.253s][info][gc,ergo     ] Free: 645M, Max: 256K regular, 351M humongous, Frag: 46% external, 0% internal; Reserve: 51200K, Max: 256K
[2026-04-03T03:22:44.954+0600][42.253s][info][gc,stats    ] 
[2026-04-03T03:22:44.954+0600][42.253s][info][gc,stats    ] All times are wall-clock times, except per-root-class counters, that are sum over
[2026-04-03T03:22:44.954+0600][42.253s][info][gc,stats    ] all workers. Dividing the <total> over the root stage time estimates parallelism.
[2026-04-03T03:22:44.954+0600][42.253s][info][gc,stats    ] 
[2026-04-03T03:22:44.954+0600][42.253s][info][gc,stats    ] Concurrent Reset                   1356 us
[2026-04-03T03:22:44.954+0600][42.253s][info][gc,stats    ] Pause Init Mark (G)                 406 us
[2026-04-03T03:22:44.954+0600][42.253s][info][gc,stats    ] Pause Init Mark (N)                 219 us
[2026-04-03T03:22:44.954+0600][42.253s][info][gc,stats    ]   Update Region States               44 us
[2026-04-03T03:22:44.954+0600][42.253s][info][gc,stats    ] Concurrent Mark Roots              1036 us, parallelism: 1.68x
[2026-04-03T03:22:44.954+0600][42.253s][info][gc,stats    ]   CMR: <total>                     1738 us
[2026-04-03T03:22:44.954+0600][42.253s][info][gc,stats    ]   CMR: Thread Roots                1358 us, workers (us): 561, 222, 574, ---, ---, ---, 
[2026-04-03T03:22:44.954+0600][42.253s][info][gc,stats    ]   CMR: VM Strong Roots               41 us, workers (us):  27,  13,   1, ---, ---, ---, 
[2026-04-03T03:22:44.954+0600][42.253s][info][gc,stats    ]   CMR: CLDG Roots                   339 us, workers (us): ---, 339, ---, ---, ---, ---, 
[2026-04-03T03:22:44.954+0600][42.253s][info][gc,stats    ] Concurrent Marking               356026 us
[2026-04-03T03:22:44.954+0600][42.253s][info][gc,stats    ] Pause Final Mark (G)               1353 us
[2026-04-03T03:22:44.955+0600][42.253s][info][gc,stats    ] Pause Final Mark (N)               1157 us
[2026-04-03T03:22:44.955+0600][42.253s][info][gc,stats    ]   Finish Mark                       247 us
[2026-04-03T03:22:44.955+0600][42.253s][info][gc,stats    ]   Update Region States               92 us
[2026-04-03T03:22:44.955+0600][42.253s][info][gc,stats    ]   Choose Collection Set             609 us
[2026-04-03T03:22:44.955+0600][42.253s][info][gc,stats    ]   Rebuild Free Set                   61 us
[2026-04-03T03:22:44.955+0600][42.253s][info][gc,stats    ] Concurrent Thread Roots            1170 us, parallelism: 2.12x
[2026-04-03T03:22:44.955+0600][42.253s][info][gc,stats    ]   CTR: <total>                     2486 us
[2026-04-03T03:22:44.955+0600][42.253s][info][gc,stats    ]   CTR: Thread Roots                2486 us, workers (us): 863, 813, 811, ---, ---, ---, 
[2026-04-03T03:22:44.955+0600][42.253s][info][gc,stats    ] Concurrent Weak References          400 us, parallelism: 0.41x
[2026-04-03T03:22:44.955+0600][42.253s][info][gc,stats    ]   CWRF: <total>                     163 us
[2026-04-03T03:22:44.955+0600][42.253s][info][gc,stats    ]   CWRF: Weak References             163 us, workers (us):  53,  15,  94, ---, ---, ---, 
[2026-04-03T03:22:44.955+0600][42.253s][info][gc,stats    ] Concurrent Weak Roots              3400 us
[2026-04-03T03:22:44.955+0600][42.253s][info][gc,stats    ]   Roots                            3032 us, parallelism: 2.58x
[2026-04-03T03:22:44.955+0600][42.254s][info][gc,stats    ]     CWR: <total>                   7812 us
[2026-04-03T03:22:44.955+0600][42.254s][info][gc,stats    ]     CWR: Code Cache Roots          5036 us, workers (us): 1820, 1752, 1463, ---, ---, ---, 
[2026-04-03T03:22:44.955+0600][42.254s][info][gc,stats    ]     CWR: VM Weak Roots             2602 us, workers (us): 877, 870, 856, ---, ---, ---, 
[2026-04-03T03:22:44.955+0600][42.254s][info][gc,stats    ]     CWR: CLDG Roots                 174 us, workers (us): ---, ---, 174, ---, ---, ---, 
[2026-04-03T03:22:44.955+0600][42.254s][info][gc,stats    ]   Rendezvous                        231 us
[2026-04-03T03:22:44.955+0600][42.254s][info][gc,stats    ] Concurrent Cleanup                  372 us
[2026-04-03T03:22:44.955+0600][42.254s][info][gc,stats    ] Concurrent Class Unloading         7558 us
[2026-04-03T03:22:44.955+0600][42.254s][info][gc,stats    ]   Unlink Stale                     6858 us
[2026-04-03T03:22:44.955+0600][42.254s][info][gc,stats    ]     System Dictionary               151 us
[2026-04-03T03:22:44.955+0600][42.254s][info][gc,stats    ]     Weak Class Links                  1 us
[2026-04-03T03:22:44.955+0600][42.254s][info][gc,stats    ]     Code Roots                     6700 us
[2026-04-03T03:22:44.955+0600][42.254s][info][gc,stats    ]   Rendezvous                        249 us
[2026-04-03T03:22:44.955+0600][42.254s][info][gc,stats    ]   Purge Unlinked                    294 us
[2026-04-03T03:22:44.955+0600][42.254s][info][gc,stats    ]     Code Roots                      277 us
[2026-04-03T03:22:44.955+0600][42.254s][info][gc,stats    ]     CLDG                             16 us
[2026-04-03T03:22:44.955+0600][42.254s][info][gc,stats    ]     Exception Caches                  0 us
[2026-04-03T03:22:44.955+0600][42.254s][info][gc,stats    ] Concurrent Strong Roots            1245 us, parallelism: 0.58x
[2026-04-03T03:22:44.955+0600][42.254s][info][gc,stats    ]   CSR: <total>                      723 us
[2026-04-03T03:22:44.955+0600][42.254s][info][gc,stats    ]   CSR: VM Strong Roots               42 us, workers (us):  26,  14,   2, ---, ---, ---, 
[2026-04-03T03:22:44.955+0600][42.254s][info][gc,stats    ]   CSR: CLDG Roots                   681 us, workers (us): 681, ---, ---, ---, ---, ---, 
[2026-04-03T03:22:44.955+0600][42.254s][info][gc,stats    ] Concurrent Evacuation             43514 us
[2026-04-03T03:22:44.955+0600][42.254s][info][gc,stats    ] Pause Init Update Refs (G)          471 us
[2026-04-03T03:22:44.955+0600][42.254s][info][gc,stats    ] Pause Init Update Refs (N)          169 us
[2026-04-03T03:22:44.955+0600][42.254s][info][gc,stats    ]   Manage GCLABs                      14 us
[2026-04-03T03:22:44.955+0600][42.254s][info][gc,stats    ] Concurrent Update Refs           196078 us
[2026-04-03T03:22:44.955+0600][42.254s][info][gc,stats    ] Concurrent Update Thread Roots     1301 us
[2026-04-03T03:22:44.955+0600][42.254s][info][gc,stats    ] Pause Final Update Refs (G)         498 us
[2026-04-03T03:22:44.955+0600][42.254s][info][gc,stats    ] Pause Final Update Refs (N)         246 us
[2026-04-03T03:22:44.955+0600][42.254s][info][gc,stats    ]   Update Region States               69 us
[2026-04-03T03:22:44.955+0600][42.254s][info][gc,stats    ]   Trash Collection Set               26 us
[2026-04-03T03:22:44.955+0600][42.254s][info][gc,stats    ]   Rebuild Free Set                   55 us
[2026-04-03T03:22:44.955+0600][42.254s][info][gc,stats    ] Concurrent Cleanup                  588 us
[2026-04-03T03:22:44.955+0600][42.254s][info][gc,stats    ] 
[2026-04-03T03:22:44.955+0600][42.254s][info][gc,stats    ] Allocation pacing accrued:
[2026-04-03T03:22:44.955+0600][42.254s][info][gc,stats    ]       0 of   719 ms (  0.0%): <total>
[2026-04-03T03:22:44.955+0600][42.254s][info][gc,stats    ]       0 of   719 ms (  0.0%): <average total>
[2026-04-03T03:22:44.955+0600][42.254s][info][gc,stats    ] 
[2026-04-03T03:22:44.955+0600][42.254s][info][gc,metaspace] Metaspace: 70855K(71680K)->70863K(71680K) NonClass: 61825K(62272K)->61830K(62272K) Class: 9030K(9408K)->9032K(9408K)
[2026-04-03T03:22:44.955+0600][42.254s][info][gc,ergo     ] Pacer for Idle. Initial: 20480K, Alloc Tax Rate: 1.0x
[2026-04-03T03:22:45.860+0600][43.159s][info][gc          ] Trigger: Average GC time (709.18 ms) is above the time for average allocation rate (512 MB/s) to deplete free headroom (314M) (margin of error = 1.79)
[2026-04-03T03:22:45.860+0600][43.159s][info][gc,ergo     ] Free headroom: 364M (free) - 51200K (spike) - 0B (penalties) = 314M
[2026-04-03T03:22:45.860+0600][43.159s][info][gc,ergo     ] Free: 364M, Max: 256K regular, 339M humongous, Frag: 7% external, 0% internal; Reserve: 51200K, Max: 256K
[2026-04-03T03:22:45.860+0600][43.159s][info][gc,start    ] GC(42) Concurrent reset
[2026-04-03T03:22:45.860+0600][43.159s][info][gc,task     ] GC(42) Using 3 of 6 workers for concurrent reset
[2026-04-03T03:22:45.860+0600][43.159s][info][gc,ergo     ] GC(42) Pacer for Reset. Non-Taxable: 1000M
[2026-04-03T03:22:45.862+0600][43.161s][info][gc          ] GC(42) Concurrent reset 1.946ms
[2026-04-03T03:22:45.863+0600][43.162s][info][gc,start    ] GC(42) Pause Init Mark (unload classes)
[2026-04-03T03:22:45.863+0600][43.162s][info][gc,task     ] GC(42) Using 6 of 6 workers for init marking
[2026-04-03T03:22:45.863+0600][43.162s][info][gc,ergo     ] GC(42) Pacer for Mark. Expected Live: 186M, Free: 362M, Non-Taxable: 37171K, Alloc Tax Rate: 0.6x
[2026-04-03T03:22:45.863+0600][43.162s][info][gc          ] GC(42) Pause Init Mark (unload classes) 0.291ms
[2026-04-03T03:22:45.863+0600][43.162s][info][gc,start    ] GC(42) Concurrent marking roots
[2026-04-03T03:22:45.863+0600][43.162s][info][gc,task     ] GC(42) Using 3 of 6 workers for concurrent marking roots
[2026-04-03T03:22:45.865+0600][43.163s][info][gc          ] GC(42) Concurrent marking roots 1.407ms
[2026-04-03T03:22:45.865+0600][43.163s][info][gc,start    ] GC(42) Concurrent marking (unload classes)
[2026-04-03T03:22:45.865+0600][43.163s][info][gc,task     ] GC(42) Using 3 of 6 workers for concurrent marking
[2026-04-03T03:22:46.090+0600][43.388s][info][gc          ] GC(42) Concurrent marking (unload classes) 224.992ms
[2026-04-03T03:22:46.090+0600][43.389s][info][gc,start    ] GC(42) Pause Final Mark (unload classes)
[2026-04-03T03:22:46.090+0600][43.389s][info][gc,task     ] GC(42) Using 6 of 6 workers for final marking
[2026-04-03T03:22:46.090+0600][43.389s][info][gc,ergo     ] GC(42) Adaptive CSet Selection. Target Free: 141M, Actual Free: 546M, Max CSet: 42666K, Min Garbage: 0B
[2026-04-03T03:22:46.091+0600][43.390s][info][gc,ergo     ] GC(42) Collectable Garbage: 341M (98%), Immediate: 276M (79%), CSet: 66267K (18%)
[2026-04-03T03:22:46.091+0600][43.390s][info][gc,ergo     ] GC(42) Pacer for Evacuation. Used CSet: 75826K, Free: 513M, Non-Taxable: 52577K, Alloc Tax Rate: 1.1x
[2026-04-03T03:22:46.091+0600][43.390s][info][gc          ] GC(42) Pause Final Mark (unload classes) 1.003ms
[2026-04-03T03:22:46.091+0600][43.390s][info][gc,start    ] GC(42) Concurrent thread roots
[2026-04-03T03:22:46.091+0600][43.390s][info][gc,task     ] GC(42) Using 3 of 6 workers for Concurrent thread roots
[2026-04-03T03:22:46.092+0600][43.391s][info][gc          ] GC(42) Concurrent thread roots 0.765ms
[2026-04-03T03:22:46.092+0600][43.391s][info][gc,start    ] GC(42) Concurrent weak references
[2026-04-03T03:22:46.092+0600][43.391s][info][gc,task     ] GC(42) Using 3 of 6 workers for concurrent weak references
[2026-04-03T03:22:46.092+0600][43.391s][info][gc,ref      ] GC(42) Encountered references: Soft: 3528, Weak: 6383, Final: 84, Phantom: 600
[2026-04-03T03:22:46.092+0600][43.391s][info][gc,ref      ] GC(42) Discovered  references: Soft: 0, Weak: 582, Final: 0, Phantom: 597
[2026-04-03T03:22:46.092+0600][43.391s][info][gc,ref      ] GC(42) Enqueued    references: Soft: 0, Weak: 55, Final: 0, Phantom: 0
[2026-04-03T03:22:46.092+0600][43.391s][info][gc          ] GC(42) Concurrent weak references 0.359ms
[2026-04-03T03:22:46.092+0600][43.391s][info][gc,start    ] GC(42) Concurrent weak roots
[2026-04-03T03:22:46.092+0600][43.391s][info][gc,task     ] GC(42) Using 3 of 6 workers for concurrent weak root
[2026-04-03T03:22:46.094+0600][43.393s][info][gc          ] GC(42) Concurrent weak roots 2.087ms
[2026-04-03T03:22:46.094+0600][43.393s][info][gc,start    ] GC(42) Concurrent cleanup
[2026-04-03T03:22:46.095+0600][43.394s][info][gc          ] GC(42) Concurrent cleanup 700M->424M(1000M) 0.811ms
[2026-04-03T03:22:46.095+0600][43.394s][info][gc,ergo     ] GC(42) Free: 511M, Max: 256K regular, 242M humongous, Frag: 53% external, 0% internal; Reserve: 51129K, Max: 256K
[2026-04-03T03:22:46.095+0600][43.394s][info][gc,start    ] GC(42) Concurrent class unloading
[2026-04-03T03:22:46.095+0600][43.394s][info][gc,task     ] GC(42) Using 3 of 6 workers for concurrent class unloading
[2026-04-03T03:22:46.101+0600][43.399s][info][gc          ] GC(42) Concurrent class unloading 5.391ms
[2026-04-03T03:22:46.101+0600][43.399s][info][gc,start    ] GC(42) Concurrent strong roots
[2026-04-03T03:22:46.101+0600][43.399s][info][gc,task     ] GC(42) Using 3 of 6 workers for concurrent strong root
[2026-04-03T03:22:46.101+0600][43.400s][info][gc          ] GC(42) Concurrent strong roots 0.671ms
[2026-04-03T03:22:46.101+0600][43.400s][info][gc,start    ] GC(42) Concurrent evacuation
[2026-04-03T03:22:46.101+0600][43.400s][info][gc,task     ] GC(42) Using 3 of 6 workers for concurrent evacuation
[2026-04-03T03:22:46.109+0600][43.408s][info][gc          ] GC(42) Concurrent evacuation 7.665ms
[2026-04-03T03:22:46.109+0600][43.408s][info][gc,start    ] GC(42) Pause Init Update Refs
[2026-04-03T03:22:46.109+0600][43.408s][info][gc,ergo     ] GC(42) Pacer for Update Refs. Used: 447M, Free: 498M, Non-Taxable: 51034K, Alloc Tax Rate: 1.1x
[2026-04-03T03:22:46.109+0600][43.408s][info][gc          ] GC(42) Pause Init Update Refs 0.103ms
[2026-04-03T03:22:46.110+0600][43.408s][info][gc,start    ] GC(42) Concurrent update references
[2026-04-03T03:22:46.110+0600][43.409s][info][gc,task     ] GC(42) Using 3 of 6 workers for concurrent reference update
[2026-04-03T03:22:46.208+0600][43.507s][info][gc          ] GC(42) Concurrent update references 98.556ms
[2026-04-03T03:22:46.208+0600][43.507s][info][gc,start    ] GC(42) Concurrent update thread roots
[2026-04-03T03:22:46.209+0600][43.508s][info][gc          ] GC(42) Concurrent update thread roots 0.830ms
[2026-04-03T03:22:46.209+0600][43.508s][info][gc,start    ] GC(42) Pause Final Update Refs
[2026-04-03T03:22:46.209+0600][43.508s][info][gc,task     ] GC(42) Using 6 of 6 workers for final reference update
[2026-04-03T03:22:46.209+0600][43.508s][info][gc          ] GC(42) Pause Final Update Refs 0.170ms
[2026-04-03T03:22:46.210+0600][43.508s][info][gc,start    ] GC(42) Concurrent cleanup
[2026-04-03T03:22:46.210+0600][43.509s][info][gc          ] GC(42) Concurrent cleanup 515M->441M(1000M) 0.654ms
[2026-04-03T03:22:46.210+0600][43.509s][info][gc,ergo     ] Free: 494M, Max: 256K regular, 242M humongous, Frag: 51% external, 0% internal; Reserve: 51200K, Max: 256K
[2026-04-03T03:22:46.210+0600][43.509s][info][gc,stats    ] 
[2026-04-03T03:22:46.210+0600][43.509s][info][gc,stats    ] All times are wall-clock times, except per-root-class counters, that are sum over
[2026-04-03T03:22:46.210+0600][43.509s][info][gc,stats    ] all workers. Dividing the <total> over the root stage time estimates parallelism.
[2026-04-03T03:22:46.210+0600][43.509s][info][gc,stats    ] 
[2026-04-03T03:22:46.210+0600][43.509s][info][gc,stats    ] Concurrent Reset                   2018 us
[2026-04-03T03:22:46.210+0600][43.509s][info][gc,stats    ] Pause Init Mark (G)                 832 us
[2026-04-03T03:22:46.210+0600][43.509s][info][gc,stats    ] Pause Init Mark (N)                 306 us
[2026-04-03T03:22:46.210+0600][43.509s][info][gc,stats    ]   Update Region States               65 us
[2026-04-03T03:22:46.210+0600][43.509s][info][gc,stats    ] Concurrent Mark Roots              1442 us, parallelism: 2.10x
[2026-04-03T03:22:46.210+0600][43.509s][info][gc,stats    ]   CMR: <total>                     3020 us
[2026-04-03T03:22:46.210+0600][43.509s][info][gc,stats    ]   CMR: Thread Roots                2607 us, workers (us): 1008, 599, 1001, ---, ---, ---, 
[2026-04-03T03:22:46.210+0600][43.509s][info][gc,stats    ]   CMR: VM Strong Roots               42 us, workers (us):  26,  15,   1, ---, ---, ---, 
[2026-04-03T03:22:46.210+0600][43.509s][info][gc,stats    ]   CMR: CLDG Roots                   371 us, workers (us): ---, 371, ---, ---, ---, ---, 
[2026-04-03T03:22:46.210+0600][43.509s][info][gc,stats    ] Concurrent Marking               225087 us
[2026-04-03T03:22:46.210+0600][43.509s][info][gc,stats    ] Pause Final Mark (G)               1294 us
[2026-04-03T03:22:46.210+0600][43.509s][info][gc,stats    ] Pause Final Mark (N)               1014 us
[2026-04-03T03:22:46.210+0600][43.509s][info][gc,stats    ]   Finish Mark                       388 us
[2026-04-03T03:22:46.210+0600][43.509s][info][gc,stats    ]   Update Region States               80 us
[2026-04-03T03:22:46.210+0600][43.509s][info][gc,stats    ]   Choose Collection Set             385 us
[2026-04-03T03:22:46.210+0600][43.509s][info][gc,stats    ]   Rebuild Free Set                   56 us
[2026-04-03T03:22:46.210+0600][43.509s][info][gc,stats    ] Concurrent Thread Roots             812 us, parallelism: 1.50x
[2026-04-03T03:22:46.211+0600][43.509s][info][gc,stats    ]   CTR: <total>                     1222 us
[2026-04-03T03:22:46.211+0600][43.509s][info][gc,stats    ]   CTR: Thread Roots                1222 us, workers (us): 457, 381, 384, ---, ---, ---, 
[2026-04-03T03:22:46.211+0600][43.509s][info][gc,stats    ] Concurrent Weak References          370 us, parallelism: 0.56x
[2026-04-03T03:22:46.211+0600][43.509s][info][gc,stats    ]   CWRF: <total>                     206 us
[2026-04-03T03:22:46.211+0600][43.509s][info][gc,stats    ]   CWRF: Weak References             206 us, workers (us):  82,  59,  65, ---, ---, ---, 
[2026-04-03T03:22:46.211+0600][43.509s][info][gc,stats    ] Concurrent Weak Roots              2138 us
[2026-04-03T03:22:46.211+0600][43.509s][info][gc,stats    ]   Roots                            1823 us, parallelism: 2.41x
[2026-04-03T03:22:46.211+0600][43.509s][info][gc,stats    ]     CWR: <total>                   4401 us
[2026-04-03T03:22:46.211+0600][43.509s][info][gc,stats    ]     CWR: Code Cache Roots          2684 us, workers (us): 865, 932, 886, ---, ---, ---, 
[2026-04-03T03:22:46.211+0600][43.509s][info][gc,stats    ]     CWR: VM Weak Roots             1655 us, workers (us): 582, 537, 535, ---, ---, ---, 
[2026-04-03T03:22:46.211+0600][43.509s][info][gc,stats    ]     CWR: CLDG Roots                  62 us, workers (us):  62, ---, ---, ---, ---, ---, 
[2026-04-03T03:22:46.211+0600][43.509s][info][gc,stats    ]   Rendezvous                        241 us
[2026-04-03T03:22:46.211+0600][43.509s][info][gc,stats    ] Concurrent Cleanup                  828 us
[2026-04-03T03:22:46.211+0600][43.509s][info][gc,stats    ] Concurrent Class Unloading         5429 us
[2026-04-03T03:22:46.211+0600][43.509s][info][gc,stats    ]   Unlink Stale                     4251 us
[2026-04-03T03:22:46.211+0600][43.509s][info][gc,stats    ]     System Dictionary                73 us
[2026-04-03T03:22:46.211+0600][43.509s][info][gc,stats    ]     Weak Class Links                  0 us
[2026-04-03T03:22:46.211+0600][43.509s][info][gc,stats    ]     Code Roots                     4175 us
[2026-04-03T03:22:46.211+0600][43.509s][info][gc,stats    ]   Rendezvous                        143 us
[2026-04-03T03:22:46.211+0600][43.509s][info][gc,stats    ]   Purge Unlinked                    977 us
[2026-04-03T03:22:46.211+0600][43.509s][info][gc,stats    ]     Code Roots                      952 us
[2026-04-03T03:22:46.211+0600][43.509s][info][gc,stats    ]     CLDG                             24 us
[2026-04-03T03:22:46.211+0600][43.509s][info][gc,stats    ]     Exception Caches                  0 us
[2026-04-03T03:22:46.211+0600][43.509s][info][gc,stats    ] Concurrent Strong Roots             739 us, parallelism: 0.65x
[2026-04-03T03:22:46.211+0600][43.509s][info][gc,stats    ]   CSR: <total>                      483 us
[2026-04-03T03:22:46.211+0600][43.509s][info][gc,stats    ]   CSR: VM Strong Roots               35 us, workers (us):  18,  16,   0, ---, ---, ---, 
[2026-04-03T03:22:46.211+0600][43.509s][info][gc,stats    ]   CSR: CLDG Roots                   449 us, workers (us): 449, ---, ---, ---, ---, ---, 
[2026-04-03T03:22:46.211+0600][43.509s][info][gc,stats    ] Concurrent Evacuation              7746 us
[2026-04-03T03:22:46.211+0600][43.509s][info][gc,stats    ] Pause Init Update Refs (G)          509 us
[2026-04-03T03:22:46.211+0600][43.509s][info][gc,stats    ] Pause Init Update Refs (N)          115 us
[2026-04-03T03:22:46.211+0600][43.509s][info][gc,stats    ]   Manage GCLABs                      29 us
[2026-04-03T03:22:46.211+0600][43.509s][info][gc,stats    ] Concurrent Update Refs            98621 us
[2026-04-03T03:22:46.211+0600][43.509s][info][gc,stats    ] Concurrent Update Thread Roots      873 us
[2026-04-03T03:22:46.211+0600][43.509s][info][gc,stats    ] Pause Final Update Refs (G)         460 us
[2026-04-03T03:22:46.211+0600][43.509s][info][gc,stats    ] Pause Final Update Refs (N)         190 us
[2026-04-03T03:22:46.211+0600][43.510s][info][gc,stats    ]   Update Region States               58 us
[2026-04-03T03:22:46.211+0600][43.510s][info][gc,stats    ]   Trash Collection Set               12 us
[2026-04-03T03:22:46.211+0600][43.510s][info][gc,stats    ]   Rebuild Free Set                   50 us
[2026-04-03T03:22:46.211+0600][43.510s][info][gc,stats    ] Concurrent Cleanup                  672 us
[2026-04-03T03:22:46.211+0600][43.510s][info][gc,stats    ] Pacing                            85594 us
[2026-04-03T03:22:46.211+0600][43.510s][info][gc,stats    ] 
[2026-04-03T03:22:46.211+0600][43.510s][info][gc,stats    ] Allocation pacing accrued:
[2026-04-03T03:22:46.211+0600][43.510s][info][gc,stats    ]      44 of  1256 ms (  3.5%): task-result-getter-0
[2026-04-03T03:22:46.211+0600][43.510s][info][gc,stats    ]      42 of  1256 ms (  3.3%): task-result-getter-3
[2026-04-03T03:22:46.211+0600][43.510s][info][gc,stats    ]      86 of  1256 ms (  6.8%): <total>
[2026-04-03T03:22:46.211+0600][43.510s][info][gc,stats    ]       1 of  1256 ms (  0.1%): <average total>
[2026-04-03T03:22:46.211+0600][43.510s][info][gc,stats    ]      43 of  1256 ms (  3.4%): <average non-zero>
[2026-04-03T03:22:46.211+0600][43.510s][info][gc,stats    ] 
[2026-04-03T03:22:46.211+0600][43.510s][info][gc,metaspace] Metaspace: 72530K(73408K)->72548K(73472K) NonClass: 63263K(63744K)->63279K(63808K) Class: 9266K(9664K)->9269K(9664K)
[2026-04-03T03:22:46.211+0600][43.510s][info][gc,ergo     ] Pacer for Idle. Initial: 20480K, Alloc Tax Rate: 1.0x
[2026-04-03T03:22:46.308+0600][43.607s][info][gc          ] Trigger: Average GC time (641.31 ms) is above the time for average allocation rate (584 MB/s) to deplete free headroom (374M) (margin of error = 1.81)
[2026-04-03T03:22:46.308+0600][43.607s][info][gc,ergo     ] Free headroom: 424M (free) - 51200K (spike) - 0B (penalties) = 374M
[2026-04-03T03:22:46.308+0600][43.607s][info][gc,ergo     ] Free: 424M, Max: 256K regular, 242M humongous, Frag: 43% external, 0% internal; Reserve: 51200K, Max: 256K
[2026-04-03T03:22:46.308+0600][43.607s][info][gc,start    ] GC(43) Concurrent reset
[2026-04-03T03:22:46.308+0600][43.607s][info][gc,task     ] GC(43) Using 3 of 6 workers for concurrent reset
[2026-04-03T03:22:46.308+0600][43.607s][info][gc,ergo     ] GC(43) Pacer for Reset. Non-Taxable: 1000M
[2026-04-03T03:22:46.310+0600][43.608s][info][gc          ] GC(43) Concurrent reset 1.137ms
[2026-04-03T03:22:46.332+0600][43.631s][info][gc,start    ] GC(43) Pause Init Mark (unload classes)
[2026-04-03T03:22:46.332+0600][43.631s][info][gc,task     ] GC(43) Using 6 of 6 workers for init marking
[2026-04-03T03:22:46.332+0600][43.631s][info][gc,ergo     ] GC(43) Pacer for Mark. Expected Live: 181M, Free: 384M, Non-Taxable: 39343K, Alloc Tax Rate: 0.6x
[2026-04-03T03:22:46.332+0600][43.631s][info][gc          ] GC(43) Pause Init Mark (unload classes) 0.165ms
[2026-04-03T03:22:46.332+0600][43.631s][info][gc,start    ] GC(43) Concurrent marking roots
[2026-04-03T03:22:46.332+0600][43.631s][info][gc,task     ] GC(43) Using 3 of 6 workers for concurrent marking roots
[2026-04-03T03:22:46.333+0600][43.632s][info][gc          ] GC(43) Concurrent marking roots 0.827ms
[2026-04-03T03:22:46.333+0600][43.632s][info][gc,start    ] GC(43) Concurrent marking (unload classes)
[2026-04-03T03:22:46.333+0600][43.632s][info][gc,task     ] GC(43) Using 3 of 6 workers for concurrent marking
[2026-04-03T03:22:46.546+0600][43.845s][info][gc          ] GC(43) Concurrent marking (unload classes) 213.528ms
[2026-04-03T03:22:46.547+0600][43.845s][info][gc,start    ] GC(43) Pause Final Mark (unload classes)
[2026-04-03T03:22:46.547+0600][43.845s][info][gc,task     ] GC(43) Using 6 of 6 workers for final marking
[2026-04-03T03:22:46.547+0600][43.846s][info][gc,ergo     ] GC(43) Adaptive CSet Selection. Target Free: 141M, Actual Free: 527M, Max CSet: 42666K, Min Garbage: 0B
[2026-04-03T03:22:46.548+0600][43.847s][info][gc,ergo     ] GC(43) Collectable Garbage: 338M (98%), Immediate: 159M (46%), CSet: 178M (51%)
[2026-04-03T03:22:46.548+0600][43.847s][info][gc,ergo     ] GC(43) Pacer for Evacuation. Used CSet: 208M, Free: 490M, Non-Taxable: 50194K, Alloc Tax Rate: 1.1x
[2026-04-03T03:22:46.548+0600][43.847s][info][gc          ] GC(43) Pause Final Mark (unload classes) 1.205ms
[2026-04-03T03:22:46.548+0600][43.847s][info][gc,start    ] GC(43) Concurrent thread roots
[2026-04-03T03:22:46.548+0600][43.847s][info][gc,task     ] GC(43) Using 3 of 6 workers for Concurrent thread roots
[2026-04-03T03:22:46.549+0600][43.847s][info][gc          ] GC(43) Concurrent thread roots 0.623ms
[2026-04-03T03:22:46.549+0600][43.847s][info][gc,start    ] GC(43) Concurrent weak references
[2026-04-03T03:22:46.549+0600][43.847s][info][gc,task     ] GC(43) Using 3 of 6 workers for concurrent weak references
[2026-04-03T03:22:46.549+0600][43.848s][info][gc,ref      ] GC(43) Encountered references: Soft: 3532, Weak: 6368, Final: 84, Phantom: 600
[2026-04-03T03:22:46.549+0600][43.848s][info][gc,ref      ] GC(43) Discovered  references: Soft: 0, Weak: 697, Final: 0, Phantom: 597
[2026-04-03T03:22:46.549+0600][43.848s][info][gc,ref      ] GC(43) Enqueued    references: Soft: 0, Weak: 152, Final: 0, Phantom: 0
[2026-04-03T03:22:46.549+0600][43.848s][info][gc          ] GC(43) Concurrent weak references 0.376ms
[2026-04-03T03:22:46.549+0600][43.848s][info][gc,start    ] GC(43) Concurrent weak roots
[2026-04-03T03:22:46.549+0600][43.848s][info][gc,task     ] GC(43) Using 3 of 6 workers for concurrent weak root
[2026-04-03T03:22:46.551+0600][43.850s][info][gc          ] GC(43) Concurrent weak roots 1.961ms
[2026-04-03T03:22:46.551+0600][43.850s][info][gc,start    ] GC(43) Concurrent cleanup
[2026-04-03T03:22:46.552+0600][43.851s][info][gc          ] GC(43) Concurrent cleanup 619M->460M(1000M) 0.846ms
[2026-04-03T03:22:46.552+0600][43.851s][info][gc,ergo     ] GC(43) Free: 487M, Max: 256K regular, 242M humongous, Frag: 51% external, 0% internal; Reserve: 51169K, Max: 256K
[2026-04-03T03:22:46.552+0600][43.851s][info][gc,start    ] GC(43) Concurrent class unloading
[2026-04-03T03:22:46.552+0600][43.851s][info][gc,task     ] GC(43) Using 3 of 6 workers for concurrent class unloading
[2026-04-03T03:22:46.559+0600][43.857s][info][gc          ] GC(43) Concurrent class unloading 6.524ms
[2026-04-03T03:22:46.559+0600][43.857s][info][gc,start    ] GC(43) Concurrent strong roots
[2026-04-03T03:22:46.559+0600][43.857s][info][gc,task     ] GC(43) Using 3 of 6 workers for concurrent strong root
[2026-04-03T03:22:46.560+0600][43.858s][info][gc          ] GC(43) Concurrent strong roots 0.908ms
[2026-04-03T03:22:46.560+0600][43.858s][info][gc,start    ] GC(43) Concurrent evacuation
[2026-04-03T03:22:46.560+0600][43.858s][info][gc,task     ] GC(43) Using 3 of 6 workers for concurrent evacuation
[2026-04-03T03:22:46.590+0600][43.889s][info][gc          ] GC(43) Concurrent evacuation 30.831ms
[2026-04-03T03:22:46.591+0600][43.889s][info][gc,start    ] GC(43) Pause Init Update Refs
[2026-04-03T03:22:46.591+0600][43.890s][info][gc,ergo     ] GC(43) Pacer for Update Refs. Used: 522M, Free: 454M, Non-Taxable: 46584K, Alloc Tax Rate: 1.4x
[2026-04-03T03:22:46.591+0600][43.890s][info][gc          ] GC(43) Pause Init Update Refs 0.138ms
[2026-04-03T03:22:46.591+0600][43.890s][info][gc,start    ] GC(43) Concurrent update references
[2026-04-03T03:22:46.591+0600][43.890s][info][gc,task     ] GC(43) Using 3 of 6 workers for concurrent reference update
[2026-04-03T03:22:46.715+0600][44.014s][info][gc          ] GC(43) Concurrent update references 124.197ms
[2026-04-03T03:22:46.715+0600][44.014s][info][gc,start    ] GC(43) Concurrent update thread roots
[2026-04-03T03:22:46.716+0600][44.015s][info][gc          ] GC(43) Concurrent update thread roots 0.792ms
[2026-04-03T03:22:46.716+0600][44.015s][info][gc,start    ] GC(43) Pause Final Update Refs
[2026-04-03T03:22:46.716+0600][44.015s][info][gc,task     ] GC(43) Using 6 of 6 workers for final reference update
[2026-04-03T03:22:46.716+0600][44.015s][info][gc          ] GC(43) Pause Final Update Refs 0.195ms
[2026-04-03T03:22:46.716+0600][44.015s][info][gc,start    ] GC(43) Concurrent cleanup
[2026-04-03T03:22:46.717+0600][44.016s][info][gc          ] GC(43) Concurrent cleanup 661M->453M(1000M) 0.625ms
[2026-04-03T03:22:46.717+0600][44.016s][info][gc,ergo     ] Free: 493M, Max: 256K regular, 402M humongous, Frag: 19% external, 0% internal; Reserve: 51200K, Max: 256K
[2026-04-03T03:22:46.717+0600][44.016s][info][gc,stats    ] 
[2026-04-03T03:22:46.717+0600][44.016s][info][gc,stats    ] All times are wall-clock times, except per-root-class counters, that are sum over
[2026-04-03T03:22:46.717+0600][44.016s][info][gc,stats    ] all workers. Dividing the <total> over the root stage time estimates parallelism.
[2026-04-03T03:22:46.717+0600][44.016s][info][gc,stats    ] 
[2026-04-03T03:22:46.717+0600][44.016s][info][gc,stats    ] Concurrent Reset                  23189 us
[2026-04-03T03:22:46.717+0600][44.016s][info][gc,stats    ] Pause Init Mark (G)                 424 us
[2026-04-03T03:22:46.717+0600][44.016s][info][gc,stats    ] Pause Init Mark (N)                 176 us
[2026-04-03T03:22:46.717+0600][44.016s][info][gc,stats    ]   Update Region States               65 us
[2026-04-03T03:22:46.717+0600][44.016s][info][gc,stats    ] Concurrent Mark Roots               858 us, parallelism: 1.82x
[2026-04-03T03:22:46.717+0600][44.016s][info][gc,stats    ]   CMR: <total>                     1560 us
[2026-04-03T03:22:46.717+0600][44.016s][info][gc,stats    ]   CMR: Thread Roots                1266 us, workers (us): 509, 251, 506, ---, ---, ---, 
[2026-04-03T03:22:46.717+0600][44.016s][info][gc,stats    ]   CMR: VM Strong Roots               35 us, workers (us):  24,  11,   1, ---, ---, ---, 
[2026-04-03T03:22:46.717+0600][44.016s][info][gc,stats    ]   CMR: CLDG Roots                   259 us, workers (us): ---, 259, ---, ---, ---, ---, 
[2026-04-03T03:22:46.717+0600][44.016s][info][gc,stats    ] Concurrent Marking               213624 us
[2026-04-03T03:22:46.717+0600][44.016s][info][gc,stats    ] Pause Final Mark (G)               1414 us
[2026-04-03T03:22:46.717+0600][44.016s][info][gc,stats    ] Pause Final Mark (N)               1221 us
[2026-04-03T03:22:46.717+0600][44.016s][info][gc,stats    ]   Finish Mark                       406 us
[2026-04-03T03:22:46.717+0600][44.016s][info][gc,stats    ]   Update Region States               74 us
[2026-04-03T03:22:46.717+0600][44.016s][info][gc,stats    ]   Choose Collection Set             546 us
[2026-04-03T03:22:46.717+0600][44.016s][info][gc,stats    ]   Rebuild Free Set                   64 us
[2026-04-03T03:22:46.717+0600][44.016s][info][gc,stats    ] Concurrent Thread Roots             700 us, parallelism: 1.71x
[2026-04-03T03:22:46.717+0600][44.016s][info][gc,stats    ]   CTR: <total>                     1197 us
[2026-04-03T03:22:46.717+0600][44.016s][info][gc,stats    ]   CTR: Thread Roots                1197 us, workers (us): 421, 390, 386, ---, ---, ---, 
[2026-04-03T03:22:46.717+0600][44.016s][info][gc,stats    ] Concurrent Weak References          389 us, parallelism: 0.52x
[2026-04-03T03:22:46.717+0600][44.016s][info][gc,stats    ]   CWRF: <total>                     203 us
[2026-04-03T03:22:46.717+0600][44.016s][info][gc,stats    ]   CWRF: Weak References             203 us, workers (us): 147,  55,   0, ---, ---, ---, 
[2026-04-03T03:22:46.717+0600][44.016s][info][gc,stats    ] Concurrent Weak Roots              2025 us
[2026-04-03T03:22:46.717+0600][44.016s][info][gc,stats    ]   Roots                            1723 us, parallelism: 2.46x
[2026-04-03T03:22:46.717+0600][44.016s][info][gc,stats    ]     CWR: <total>                   4241 us
[2026-04-03T03:22:46.717+0600][44.016s][info][gc,stats    ]     CWR: Code Cache Roots          2787 us, workers (us): 936, 931, 920, ---, ---, ---, 
[2026-04-03T03:22:46.717+0600][44.016s][info][gc,stats    ]     CWR: VM Weak Roots             1377 us, workers (us): 464, 457, 456, ---, ---, ---, 
[2026-04-03T03:22:46.717+0600][44.016s][info][gc,stats    ]     CWR: CLDG Roots                  77 us, workers (us):  77, ---, ---, ---, ---, ---, 
[2026-04-03T03:22:46.717+0600][44.016s][info][gc,stats    ]   Rendezvous                        202 us
[2026-04-03T03:22:46.717+0600][44.016s][info][gc,stats    ] Concurrent Cleanup                  874 us
[2026-04-03T03:22:46.717+0600][44.016s][info][gc,stats    ] Concurrent Class Unloading         6620 us
[2026-04-03T03:22:46.717+0600][44.016s][info][gc,stats    ]   Unlink Stale                     5912 us
[2026-04-03T03:22:46.718+0600][44.016s][info][gc,stats    ]     System Dictionary               122 us
[2026-04-03T03:22:46.718+0600][44.016s][info][gc,stats    ]     Weak Class Links                  0 us
[2026-04-03T03:22:46.718+0600][44.016s][info][gc,stats    ]     Code Roots                     5786 us
[2026-04-03T03:22:46.718+0600][44.016s][info][gc,stats    ]   Rendezvous                        222 us
[2026-04-03T03:22:46.718+0600][44.016s][info][gc,stats    ]   Purge Unlinked                    354 us
[2026-04-03T03:22:46.718+0600][44.016s][info][gc,stats    ]     Code Roots                      345 us
[2026-04-03T03:22:46.718+0600][44.016s][info][gc,stats    ]     CLDG                              8 us
[2026-04-03T03:22:46.718+0600][44.016s][info][gc,stats    ]     Exception Caches                  0 us
[2026-04-03T03:22:46.718+0600][44.016s][info][gc,stats    ] Concurrent Strong Roots             964 us, parallelism: 0.64x
[2026-04-03T03:22:46.718+0600][44.016s][info][gc,stats    ]   CSR: <total>                      616 us
[2026-04-03T03:22:46.718+0600][44.016s][info][gc,stats    ]   CSR: VM Strong Roots               42 us, workers (us):  18,  12,  13, ---, ---, ---, 
[2026-04-03T03:22:46.718+0600][44.016s][info][gc,stats    ]   CSR: CLDG Roots                   573 us, workers (us): 573, ---, ---, ---, ---, ---, 
[2026-04-03T03:22:46.718+0600][44.016s][info][gc,stats    ] Concurrent Evacuation             30931 us
[2026-04-03T03:22:46.718+0600][44.016s][info][gc,stats    ] Pause Init Update Refs (G)          382 us
[2026-04-03T03:22:46.718+0600][44.016s][info][gc,stats    ] Pause Init Update Refs (N)          152 us
[2026-04-03T03:22:46.718+0600][44.016s][info][gc,stats    ]   Manage GCLABs                      17 us
[2026-04-03T03:22:46.718+0600][44.016s][info][gc,stats    ] Concurrent Update Refs           124281 us
[2026-04-03T03:22:46.718+0600][44.016s][info][gc,stats    ] Concurrent Update Thread Roots      854 us
[2026-04-03T03:22:46.718+0600][44.016s][info][gc,stats    ] Pause Final Update Refs (G)         388 us
[2026-04-03T03:22:46.718+0600][44.016s][info][gc,stats    ] Pause Final Update Refs (N)         216 us
[2026-04-03T03:22:46.718+0600][44.016s][info][gc,stats    ]   Update Region States               64 us
[2026-04-03T03:22:46.718+0600][44.016s][info][gc,stats    ]   Trash Collection Set               16 us
[2026-04-03T03:22:46.718+0600][44.016s][info][gc,stats    ]   Rebuild Free Set                   45 us
[2026-04-03T03:22:46.718+0600][44.016s][info][gc,stats    ] Concurrent Cleanup                  678 us
[2026-04-03T03:22:46.718+0600][44.016s][info][gc,stats    ] Pacing                           157872 us
[2026-04-03T03:22:46.718+0600][44.016s][info][gc,stats    ] 
[2026-04-03T03:22:46.718+0600][44.016s][info][gc,stats    ] Allocation pacing accrued:
[2026-04-03T03:22:46.718+0600][44.016s][info][gc,stats    ]     151 of   507 ms ( 29.9%): main
[2026-04-03T03:22:46.718+0600][44.016s][info][gc,stats    ]       6 of   507 ms (  1.3%): Spark Context Cleaner
[2026-04-03T03:22:46.718+0600][44.017s][info][gc,stats    ]     158 of   507 ms ( 31.1%): <total>
[2026-04-03T03:22:46.718+0600][44.017s][info][gc,stats    ]       1 of   507 ms (  0.2%): <average total>
[2026-04-03T03:22:46.718+0600][44.017s][info][gc,stats    ]      79 of   507 ms ( 15.6%): <average non-zero>
[2026-04-03T03:22:46.718+0600][44.017s][info][gc,stats    ] 
[2026-04-03T03:22:46.718+0600][44.017s][info][gc,metaspace] Metaspace: 72578K(73472K)->72689K(73536K) NonClass: 63305K(63808K)->63402K(63872K) Class: 9272K(9664K)->9287K(9664K)
[2026-04-03T03:22:46.718+0600][44.017s][info][gc,ergo     ] Pacer for Idle. Initial: 20480K, Alloc Tax Rate: 1.0x
[2026-04-03T03:22:46.780+0600][44.079s][info][gc          ] Trigger: Average GC time (570.65 ms) is above the time for average allocation rate (638 MB/s) to deplete free headroom (362M) (margin of error = 1.82)
[2026-04-03T03:22:46.780+0600][44.079s][info][gc,ergo     ] Free headroom: 412M (free) - 51200K (spike) - 0B (penalties) = 362M
[2026-04-03T03:22:46.780+0600][44.079s][info][gc,ergo     ] Free: 412M, Max: 256K regular, 402M humongous, Frag: 3% external, 0% internal; Reserve: 51200K, Max: 256K
[2026-04-03T03:22:46.780+0600][44.079s][info][gc,start    ] GC(44) Concurrent reset
[2026-04-03T03:22:46.780+0600][44.079s][info][gc,task     ] GC(44) Using 3 of 6 workers for concurrent reset
[2026-04-03T03:22:46.780+0600][44.079s][info][gc,ergo     ] GC(44) Pacer for Reset. Non-Taxable: 1000M
[2026-04-03T03:22:46.781+0600][44.080s][info][gc          ] GC(44) Concurrent reset 1.283ms
[2026-04-03T03:22:46.781+0600][44.080s][info][gc,start    ] GC(44) Pause Init Mark (unload classes)
[2026-04-03T03:22:46.781+0600][44.080s][info][gc,task     ] GC(44) Using 6 of 6 workers for init marking
[2026-04-03T03:22:46.781+0600][44.080s][info][gc,ergo     ] GC(44) Pacer for Mark. Expected Live: 187M, Free: 411M, Non-Taxable: 42091K, Alloc Tax Rate: 0.6x
[2026-04-03T03:22:46.782+0600][44.080s][info][gc          ] GC(44) Pause Init Mark (unload classes) 0.123ms
[2026-04-03T03:22:46.782+0600][44.080s][info][gc,start    ] GC(44) Concurrent marking roots
[2026-04-03T03:22:46.782+0600][44.080s][info][gc,task     ] GC(44) Using 3 of 6 workers for concurrent marking roots
[2026-04-03T03:22:46.782+0600][44.081s][info][gc          ] GC(44) Concurrent marking roots 0.767ms
[2026-04-03T03:22:46.782+0600][44.081s][info][gc,start    ] GC(44) Concurrent marking (unload classes)
[2026-04-03T03:22:46.782+0600][44.081s][info][gc,task     ] GC(44) Using 3 of 6 workers for concurrent marking
[2026-04-03T03:22:46.986+0600][44.285s][info][gc          ] GC(44) Concurrent marking (unload classes) 203.965ms
[2026-04-03T03:22:46.986+0600][44.285s][info][gc,start    ] GC(44) Pause Final Mark (unload classes)
[2026-04-03T03:22:46.987+0600][44.285s][info][gc,task     ] GC(44) Using 6 of 6 workers for final marking
[2026-04-03T03:22:46.987+0600][44.286s][info][gc,ergo     ] GC(44) Collectable Garbage: 286M (95%), Immediate: 286M (95%), CSet: 0B (0%)
[2026-04-03T03:22:46.987+0600][44.286s][info][gc          ] GC(44) Pause Final Mark (unload classes) 0.561ms
[2026-04-03T03:22:46.987+0600][44.286s][info][gc,start    ] GC(44) Concurrent weak references
[2026-04-03T03:22:46.987+0600][44.286s][info][gc,task     ] GC(44) Using 3 of 6 workers for concurrent weak references
[2026-04-03T03:22:46.988+0600][44.286s][info][gc,ref      ] GC(44) Encountered references: Soft: 3533, Weak: 6284, Final: 84, Phantom: 600
[2026-04-03T03:22:46.988+0600][44.286s][info][gc,ref      ] GC(44) Discovered  references: Soft: 0, Weak: 581, Final: 0, Phantom: 597
[2026-04-03T03:22:46.988+0600][44.286s][info][gc,ref      ] GC(44) Enqueued    references: Soft: 0, Weak: 20, Final: 0, Phantom: 0
[2026-04-03T03:22:46.988+0600][44.286s][info][gc          ] GC(44) Concurrent weak references 0.423ms
[2026-04-03T03:22:46.988+0600][44.286s][info][gc,start    ] GC(44) Concurrent weak roots
[2026-04-03T03:22:46.988+0600][44.286s][info][gc,task     ] GC(44) Using 3 of 6 workers for concurrent weak root
[2026-04-03T03:22:46.989+0600][44.288s][info][gc          ] GC(44) Concurrent weak roots 1.809ms
[2026-04-03T03:22:46.989+0600][44.288s][info][gc,start    ] GC(44) Concurrent cleanup
[2026-04-03T03:22:46.990+0600][44.289s][info][gc          ] GC(44) Concurrent cleanup 605M->319M(1000M) 0.681ms
[2026-04-03T03:22:46.990+0600][44.289s][info][gc,ergo     ] GC(44) Free: 627M, Max: 256K regular, 341M humongous, Frag: 46% external, 0% internal; Reserve: 51200K, Max: 256K
[2026-04-03T03:22:46.990+0600][44.289s][info][gc,start    ] GC(44) Concurrent class unloading
[2026-04-03T03:22:46.990+0600][44.289s][info][gc,task     ] GC(44) Using 3 of 6 workers for concurrent class unloading
[2026-04-03T03:22:46.995+0600][44.294s][info][gc          ] GC(44) Concurrent class unloading 5.206ms
[2026-04-03T03:22:46.996+0600][44.294s][info][gc,start    ] GC(44) Pause Final Roots
[2026-04-03T03:22:46.996+0600][44.294s][info][gc          ] GC(44) Pause Final Roots 0.037ms
[2026-04-03T03:22:46.996+0600][44.295s][info][gc,ergo     ] Free: 615M, Max: 256K regular, 341M humongous, Frag: 45% external, 0% internal; Reserve: 51200K, Max: 256K
[2026-04-03T03:22:46.996+0600][44.295s][info][gc,stats    ] 
[2026-04-03T03:22:46.996+0600][44.295s][info][gc,stats    ] All times are wall-clock times, except per-root-class counters, that are sum over
[2026-04-03T03:22:46.996+0600][44.295s][info][gc,stats    ] all workers. Dividing the <total> over the root stage time estimates parallelism.
[2026-04-03T03:22:46.996+0600][44.295s][info][gc,stats    ] 
[2026-04-03T03:22:46.996+0600][44.295s][info][gc,stats    ] Concurrent Reset                   1341 us
[2026-04-03T03:22:46.996+0600][44.295s][info][gc,stats    ] Pause Init Mark (G)                 245 us
[2026-04-03T03:22:46.996+0600][44.295s][info][gc,stats    ] Pause Init Mark (N)                 132 us
[2026-04-03T03:22:46.996+0600][44.295s][info][gc,stats    ]   Update Region States               35 us
[2026-04-03T03:22:46.996+0600][44.295s][info][gc,stats    ] Concurrent Mark Roots               798 us, parallelism: 1.80x
[2026-04-03T03:22:46.996+0600][44.295s][info][gc,stats    ]   CMR: <total>                     1437 us
[2026-04-03T03:22:46.996+0600][44.295s][info][gc,stats    ]   CMR: Thread Roots                1127 us, workers (us): 462, 208, 457, ---, ---, ---, 
[2026-04-03T03:22:46.996+0600][44.295s][info][gc,stats    ]   CMR: VM Strong Roots               60 us, workers (us):  26,  22,  12, ---, ---, ---, 
[2026-04-03T03:22:46.996+0600][44.295s][info][gc,stats    ]   CMR: CLDG Roots                   250 us, workers (us): ---, 250, ---, ---, ---, ---, 
[2026-04-03T03:22:46.996+0600][44.295s][info][gc,stats    ] Concurrent Marking               204042 us
[2026-04-03T03:22:46.996+0600][44.295s][info][gc,stats    ] Pause Final Mark (G)                755 us
[2026-04-03T03:22:46.996+0600][44.295s][info][gc,stats    ] Pause Final Mark (N)                595 us
[2026-04-03T03:22:46.996+0600][44.295s][info][gc,stats    ]   Finish Mark                       324 us
[2026-04-03T03:22:46.996+0600][44.295s][info][gc,stats    ]   Update Region States               48 us
[2026-04-03T03:22:46.996+0600][44.295s][info][gc,stats    ]   Choose Collection Set              73 us
[2026-04-03T03:22:46.996+0600][44.295s][info][gc,stats    ]   Rebuild Free Set                   43 us
[2026-04-03T03:22:46.996+0600][44.295s][info][gc,stats    ] Concurrent Weak References          436 us, parallelism: 0.35x
[2026-04-03T03:22:46.996+0600][44.295s][info][gc,stats    ]   CWRF: <total>                     153 us
[2026-04-03T03:22:46.996+0600][44.295s][info][gc,stats    ]   CWRF: Weak References             153 us, workers (us):  81,  70,   1, ---, ---, ---, 
[2026-04-03T03:22:46.996+0600][44.295s][info][gc,stats    ] Concurrent Weak Roots              1854 us
[2026-04-03T03:22:46.996+0600][44.295s][info][gc,stats    ]   Roots                            1663 us, parallelism: 2.20x
[2026-04-03T03:22:46.996+0600][44.295s][info][gc,stats    ]     CWR: <total>                   3652 us
[2026-04-03T03:22:46.996+0600][44.295s][info][gc,stats    ]     CWR: Code Cache Roots          2630 us, workers (us): 843, 805, 982, ---, ---, ---, 
[2026-04-03T03:22:46.996+0600][44.295s][info][gc,stats    ]     CWR: VM Weak Roots              913 us, workers (us): 344, 289, 281, ---, ---, ---, 
[2026-04-03T03:22:46.996+0600][44.295s][info][gc,stats    ]     CWR: CLDG Roots                 109 us, workers (us): ---, 109, ---, ---, ---, ---, 
[2026-04-03T03:22:46.996+0600][44.295s][info][gc,stats    ]   Rendezvous                        123 us
[2026-04-03T03:22:46.996+0600][44.295s][info][gc,stats    ] Concurrent Cleanup                  693 us
[2026-04-03T03:22:46.996+0600][44.295s][info][gc,stats    ] Concurrent Class Unloading         5259 us
[2026-04-03T03:22:46.996+0600][44.295s][info][gc,stats    ]   Unlink Stale                     4641 us
[2026-04-03T03:22:46.996+0600][44.295s][info][gc,stats    ]     System Dictionary                63 us
[2026-04-03T03:22:46.996+0600][44.295s][info][gc,stats    ]     Weak Class Links                  0 us
[2026-04-03T03:22:46.996+0600][44.295s][info][gc,stats    ]     Code Roots                     4576 us
[2026-04-03T03:22:46.996+0600][44.295s][info][gc,stats    ]   Rendezvous                        125 us
[2026-04-03T03:22:46.996+0600][44.295s][info][gc,stats    ]   Purge Unlinked                    421 us
[2026-04-03T03:22:46.996+0600][44.295s][info][gc,stats    ]     Code Roots                      410 us
[2026-04-03T03:22:46.996+0600][44.295s][info][gc,stats    ]     CLDG                             10 us
[2026-04-03T03:22:46.996+0600][44.295s][info][gc,stats    ]     Exception Caches                  0 us
[2026-04-03T03:22:46.996+0600][44.295s][info][gc,stats    ] Pause Final Roots (G)               205 us
[2026-04-03T03:22:46.996+0600][44.295s][info][gc,stats    ] Pause Final Roots (N)                46 us
[2026-04-03T03:22:46.996+0600][44.295s][info][gc,stats    ] Pacing                           100037 us
[2026-04-03T03:22:46.996+0600][44.295s][info][gc,stats    ] 
[2026-04-03T03:22:46.996+0600][44.295s][info][gc,stats    ] Allocation pacing accrued:
[2026-04-03T03:22:46.996+0600][44.295s][info][gc,stats    ]     100 of   279 ms ( 35.9%): main
[2026-04-03T03:22:46.996+0600][44.295s][info][gc,stats    ]     100 of   279 ms ( 35.9%): <total>
[2026-04-03T03:22:46.996+0600][44.295s][info][gc,stats    ]       1 of   279 ms (  0.3%): <average total>
[2026-04-03T03:22:46.996+0600][44.295s][info][gc,stats    ]     100 of   279 ms ( 35.9%): <average non-zero>
[2026-04-03T03:22:46.996+0600][44.295s][info][gc,stats    ] 
[2026-04-03T03:22:46.996+0600][44.295s][info][gc,metaspace] Metaspace: 72693K(73536K)->72810K(73600K) NonClass: 63405K(63872K)->63506K(63936K) Class: 9288K(9664K)->9304K(9664K)
[2026-04-03T03:22:46.996+0600][44.295s][info][gc,ergo     ] Pacer for Idle. Initial: 20480K, Alloc Tax Rate: 1.0x
[2026-04-03T03:22:47.026+0600][44.324s][info][gc          ] Trigger: Explicit GC request (System.gc())
[2026-04-03T03:22:47.026+0600][44.325s][info][gc,ergo     ] Free: 538M, Max: 256K regular, 341M humongous, Frag: 37% external, 0% internal; Reserve: 51200K, Max: 256K
[2026-04-03T03:22:47.026+0600][44.325s][info][gc,start    ] GC(45) Concurrent reset
[2026-04-03T03:22:47.026+0600][44.325s][info][gc,task     ] GC(45) Using 3 of 6 workers for concurrent reset
[2026-04-03T03:22:47.026+0600][44.325s][info][gc,ergo     ] GC(45) Pacer for Reset. Non-Taxable: 1000M
[2026-04-03T03:22:47.027+0600][44.326s][info][gc          ] GC(45) Concurrent reset 1.089ms
[2026-04-03T03:22:47.027+0600][44.326s][info][gc,start    ] GC(45) Pause Init Mark (unload classes)
[2026-04-03T03:22:47.027+0600][44.326s][info][gc,task     ] GC(45) Using 6 of 6 workers for init marking
[2026-04-03T03:22:47.027+0600][44.326s][info][gc,ref      ] GC(45) Clearing All SoftReferences
[2026-04-03T03:22:47.027+0600][44.326s][info][gc,ergo     ] GC(45) Pacer for Mark. Expected Live: 203M, Free: 538M, Non-Taxable: 55147K, Alloc Tax Rate: 0.5x
[2026-04-03T03:22:47.027+0600][44.326s][info][gc          ] GC(45) Pause Init Mark (unload classes) 0.106ms
[2026-04-03T03:22:47.027+0600][44.326s][info][gc,start    ] GC(45) Concurrent marking roots
[2026-04-03T03:22:47.027+0600][44.326s][info][gc,task     ] GC(45) Using 3 of 6 workers for concurrent marking roots
[2026-04-03T03:22:47.028+0600][44.327s][info][gc          ] GC(45) Concurrent marking roots 0.895ms
[2026-04-03T03:22:47.028+0600][44.327s][info][gc,start    ] GC(45) Concurrent marking (unload classes)
[2026-04-03T03:22:47.028+0600][44.327s][info][gc,task     ] GC(45) Using 3 of 6 workers for concurrent marking
[2026-04-03T03:22:47.161+0600][44.460s][info][gc          ] GC(45) Concurrent marking (unload classes) 132.599ms
[2026-04-03T03:22:47.161+0600][44.460s][info][gc,start    ] GC(45) Pause Final Mark (unload classes)
[2026-04-03T03:22:47.161+0600][44.460s][info][gc,task     ] GC(45) Using 6 of 6 workers for final marking
[2026-04-03T03:22:47.161+0600][44.460s][info][gc,ergo     ] GC(45) Collectable Garbage: 243M (91%), Immediate: 243M (91%), CSet: 0B (0%)
[2026-04-03T03:22:47.161+0600][44.460s][info][gc          ] GC(45) Pause Final Mark (unload classes) 0.456ms
[2026-04-03T03:22:47.162+0600][44.460s][info][gc,start    ] GC(45) Concurrent weak references
[2026-04-03T03:22:47.162+0600][44.460s][info][gc,task     ] GC(45) Using 3 of 6 workers for concurrent weak references
[2026-04-03T03:22:47.162+0600][44.461s][info][gc,ref      ] GC(45) Encountered references: Soft: 3379, Weak: 6176, Final: 84, Phantom: 600
[2026-04-03T03:22:47.162+0600][44.461s][info][gc,ref      ] GC(45) Discovered  references: Soft: 3135, Weak: 615, Final: 0, Phantom: 597
[2026-04-03T03:22:47.162+0600][44.461s][info][gc,ref      ] GC(45) Enqueued    references: Soft: 622, Weak: 83, Final: 0, Phantom: 0
[2026-04-03T03:22:47.162+0600][44.461s][info][gc          ] GC(45) Concurrent weak references 0.704ms
[2026-04-03T03:22:47.162+0600][44.461s][info][gc,start    ] GC(45) Concurrent weak roots
[2026-04-03T03:22:47.162+0600][44.461s][info][gc,task     ] GC(45) Using 3 of 6 workers for concurrent weak root
[2026-04-03T03:22:47.164+0600][44.463s][info][gc          ] GC(45) Concurrent weak roots 2.129ms
[2026-04-03T03:22:47.165+0600][44.463s][info][gc,start    ] GC(45) Concurrent cleanup
[2026-04-03T03:22:47.165+0600][44.464s][info][gc          ] GC(45) Concurrent cleanup 409M->166M(1000M) 0.777ms
[2026-04-03T03:22:47.165+0600][44.464s][info][gc,ergo     ] GC(45) Free: 782M, Max: 256K regular, 384M humongous, Frag: 51% external, 0% internal; Reserve: 51200K, Max: 256K
[2026-04-03T03:22:47.165+0600][44.464s][info][gc,start    ] GC(45) Concurrent class unloading
[2026-04-03T03:22:47.165+0600][44.464s][info][gc,task     ] GC(45) Using 3 of 6 workers for concurrent class unloading
[2026-04-03T03:22:47.184+0600][44.483s][info][gc          ] GC(45) Concurrent class unloading 18.384ms
[2026-04-03T03:22:47.184+0600][44.483s][info][gc,start    ] GC(45) Pause Final Roots
[2026-04-03T03:22:47.184+0600][44.483s][info][gc          ] GC(45) Pause Final Roots 0.044ms
[2026-04-03T03:22:47.184+0600][44.483s][info][gc,ergo     ] Free: 779M, Max: 256K regular, 384M humongous, Frag: 51% external, 0% internal; Reserve: 51200K, Max: 256K
[2026-04-03T03:22:47.184+0600][44.483s][info][gc,stats    ] 
[2026-04-03T03:22:47.184+0600][44.483s][info][gc,stats    ] All times are wall-clock times, except per-root-class counters, that are sum over
[2026-04-03T03:22:47.184+0600][44.483s][info][gc,stats    ] all workers. Dividing the <total> over the root stage time estimates parallelism.
[2026-04-03T03:22:47.184+0600][44.483s][info][gc,stats    ] 
[2026-04-03T03:22:47.184+0600][44.483s][info][gc,stats    ] Concurrent Reset                   1136 us
[2026-04-03T03:22:47.184+0600][44.483s][info][gc,stats    ] Pause Init Mark (G)                 292 us
[2026-04-03T03:22:47.184+0600][44.483s][info][gc,stats    ] Pause Init Mark (N)                 113 us
[2026-04-03T03:22:47.184+0600][44.483s][info][gc,stats    ]   Update Region States               29 us
[2026-04-03T03:22:47.184+0600][44.483s][info][gc,stats    ] Concurrent Mark Roots               933 us, parallelism: 1.60x
[2026-04-03T03:22:47.184+0600][44.483s][info][gc,stats    ]   CMR: <total>                     1489 us
[2026-04-03T03:22:47.184+0600][44.483s][info][gc,stats    ]   CMR: Thread Roots                1088 us, workers (us): 164, 466, 458, ---, ---, ---, 
[2026-04-03T03:22:47.184+0600][44.483s][info][gc,stats    ]   CMR: VM Strong Roots               19 us, workers (us):  18,   1,   1, ---, ---, ---, 
[2026-04-03T03:22:47.184+0600][44.483s][info][gc,stats    ]   CMR: CLDG Roots                   381 us, workers (us): 381, ---, ---, ---, ---, ---, 
[2026-04-03T03:22:47.184+0600][44.483s][info][gc,stats    ] Concurrent Marking               132680 us
[2026-04-03T03:22:47.184+0600][44.483s][info][gc,stats    ] Pause Final Mark (G)                702 us
[2026-04-03T03:22:47.184+0600][44.483s][info][gc,stats    ] Pause Final Mark (N)                471 us
[2026-04-03T03:22:47.184+0600][44.483s][info][gc,stats    ]   Finish Mark                       219 us
[2026-04-03T03:22:47.184+0600][44.483s][info][gc,stats    ]   Update Region States               50 us
[2026-04-03T03:22:47.184+0600][44.483s][info][gc,stats    ]   Choose Collection Set              76 us
[2026-04-03T03:22:47.184+0600][44.483s][info][gc,stats    ]   Rebuild Free Set                   49 us
[2026-04-03T03:22:47.184+0600][44.483s][info][gc,stats    ] Concurrent Weak References          715 us, parallelism: 1.01x
[2026-04-03T03:22:47.184+0600][44.483s][info][gc,stats    ]   CWRF: <total>                     719 us
[2026-04-03T03:22:47.184+0600][44.483s][info][gc,stats    ]   CWRF: Weak References             719 us, workers (us): 283,  77, 359, ---, ---, ---, 
[2026-04-03T03:22:47.184+0600][44.483s][info][gc,stats    ] Concurrent Weak Roots              2270 us
[2026-04-03T03:22:47.184+0600][44.483s][info][gc,stats    ]   Roots                            1626 us, parallelism: 2.11x
[2026-04-03T03:22:47.184+0600][44.483s][info][gc,stats    ]     CWR: <total>                   3432 us
[2026-04-03T03:22:47.184+0600][44.483s][info][gc,stats    ]     CWR: Code Cache Roots          2208 us, workers (us): 747, 644, 817, ---, ---, ---, 
[2026-04-03T03:22:47.184+0600][44.483s][info][gc,stats    ]     CWR: VM Weak Roots             1120 us, workers (us): 401, 398, 321, ---, ---, ---, 
[2026-04-03T03:22:47.184+0600][44.483s][info][gc,stats    ]     CWR: CLDG Roots                 104 us, workers (us): ---, 104, ---, ---, ---, ---, 
[2026-04-03T03:22:47.184+0600][44.483s][info][gc,stats    ]   Rendezvous                        483 us
[2026-04-03T03:22:47.184+0600][44.483s][info][gc,stats    ] Concurrent Cleanup                  799 us
[2026-04-03T03:22:47.185+0600][44.483s][info][gc,stats    ] Concurrent Class Unloading        18460 us
[2026-04-03T03:22:47.185+0600][44.483s][info][gc,stats    ]   Unlink Stale                    16774 us
[2026-04-03T03:22:47.185+0600][44.483s][info][gc,stats    ]     System Dictionary               428 us
[2026-04-03T03:22:47.185+0600][44.483s][info][gc,stats    ]     Weak Class Links              10586 us
[2026-04-03T03:22:47.185+0600][44.483s][info][gc,stats    ]     Code Roots                     5753 us
[2026-04-03T03:22:47.185+0600][44.483s][info][gc,stats    ]   Rendezvous                        334 us
[2026-04-03T03:22:47.185+0600][44.483s][info][gc,stats    ]   Purge Unlinked                   1248 us
[2026-04-03T03:22:47.185+0600][44.483s][info][gc,stats    ]     Code Roots                      652 us
[2026-04-03T03:22:47.185+0600][44.483s][info][gc,stats    ]     CLDG                            595 us
[2026-04-03T03:22:47.185+0600][44.483s][info][gc,stats    ]     Exception Caches                  0 us
[2026-04-03T03:22:47.185+0600][44.483s][info][gc,stats    ] Pause Final Roots (G)               242 us
[2026-04-03T03:22:47.185+0600][44.483s][info][gc,stats    ] Pause Final Roots (N)                58 us
[2026-04-03T03:22:47.185+0600][44.483s][info][gc,stats    ] 
[2026-04-03T03:22:47.185+0600][44.483s][info][gc,stats    ] Allocation pacing accrued:
[2026-04-03T03:22:47.185+0600][44.483s][info][gc,stats    ]       0 of   188 ms (  0.0%): <total>
[2026-04-03T03:22:47.185+0600][44.483s][info][gc,stats    ]       0 of   188 ms (  0.0%): <average total>
[2026-04-03T03:22:47.185+0600][44.483s][info][gc,stats    ] 
[2026-04-03T03:22:47.185+0600][44.483s][info][gc,metaspace] Metaspace: 72812K(73664K)->72298K(73664K) NonClass: 63507K(64000K)->63083K(64000K) Class: 9305K(9664K)->9215K(9664K)
[2026-04-03T03:22:47.185+0600][44.483s][info][gc,ergo     ] Pacer for Idle. Initial: 20480K, Alloc Tax Rate: 1.0x
[2026-04-03T03:22:47.185+0600][44.483s][info][gc,start    ] Concurrent uncommit
[2026-04-03T03:22:47.335+0600][44.633s][info][gc          ] Concurrent uncommit 168M->183M(187M) 149.980ms
[2026-04-03T03:22:47.514+0600][44.813s][info][gc          ] Trigger: Learning 2 of 5. Free (699M) is below initial threshold (700M)
[2026-04-03T03:22:47.514+0600][44.813s][info][gc,ergo     ] Free: 699M, Max: 256K regular, 384M humongous, Frag: 46% external, 0% internal; Reserve: 51200K, Max: 256K
[2026-04-03T03:22:47.515+0600][44.813s][info][gc,start    ] GC(46) Concurrent reset
[2026-04-03T03:22:47.515+0600][44.813s][info][gc,task     ] GC(46) Using 3 of 6 workers for concurrent reset
[2026-04-03T03:22:47.515+0600][44.813s][info][gc,ergo     ] GC(46) Pacer for Reset. Non-Taxable: 1000M
[2026-04-03T03:22:47.516+0600][44.814s][info][gc          ] GC(46) Concurrent reset 1.019ms
[2026-04-03T03:22:47.516+0600][44.815s][info][gc,start    ] GC(46) Pause Init Mark (unload classes)
[2026-04-03T03:22:47.516+0600][44.815s][info][gc,task     ] GC(46) Using 6 of 6 workers for init marking
[2026-04-03T03:22:47.516+0600][44.815s][info][gc,ergo     ] GC(46) Pacer for Mark. Expected Live: 201M, Free: 698M, Non-Taxable: 71570K, Alloc Tax Rate: 0.4x
[2026-04-03T03:22:47.516+0600][44.815s][info][gc          ] GC(46) Pause Init Mark (unload classes) 0.139ms
[2026-04-03T03:22:47.516+0600][44.815s][info][gc,start    ] GC(46) Concurrent marking roots
[2026-04-03T03:22:47.516+0600][44.815s][info][gc,task     ] GC(46) Using 3 of 6 workers for concurrent marking roots
[2026-04-03T03:22:47.517+0600][44.816s][info][gc          ] GC(46) Concurrent marking roots 0.977ms
[2026-04-03T03:22:47.517+0600][44.816s][info][gc,start    ] GC(46) Concurrent marking (unload classes)
[2026-04-03T03:22:47.517+0600][44.816s][info][gc,task     ] GC(46) Using 3 of 6 workers for concurrent marking
[2026-04-03T03:22:47.775+0600][45.074s][info][gc          ] GC(46) Concurrent marking (unload classes) 258.121ms
[2026-04-03T03:22:47.776+0600][45.074s][info][gc,start    ] GC(46) Pause Final Mark (unload classes)
[2026-04-03T03:22:47.776+0600][45.074s][info][gc,task     ] GC(46) Using 6 of 6 workers for final marking
[2026-04-03T03:22:47.776+0600][45.075s][info][gc,ergo     ] GC(46) Adaptive CSet Selection. Target Free: 141M, Actual Free: 682M, Max CSet: 42666K, Min Garbage: 0B
[2026-04-03T03:22:47.777+0600][45.075s][info][gc,ergo     ] GC(46) Collectable Garbage: 88242K (94%), Immediate: 14512K (15%), CSet: 73730K (78%)
[2026-04-03T03:22:47.777+0600][45.075s][info][gc,ergo     ] GC(46) Pacer for Evacuation. Used CSet: 86066K, Free: 635M, Non-Taxable: 65042K, Alloc Tax Rate: 1.1x
[2026-04-03T03:22:47.777+0600][45.075s][info][gc          ] GC(46) Pause Final Mark (unload classes) 1.083ms
[2026-04-03T03:22:47.777+0600][45.076s][info][gc,start    ] GC(46) Concurrent thread roots
[2026-04-03T03:22:47.777+0600][45.076s][info][gc,task     ] GC(46) Using 3 of 6 workers for Concurrent thread roots
[2026-04-03T03:22:47.778+0600][45.077s][info][gc          ] GC(46) Concurrent thread roots 0.990ms
[2026-04-03T03:22:47.778+0600][45.077s][info][gc,start    ] GC(46) Concurrent weak references
[2026-04-03T03:22:47.778+0600][45.077s][info][gc,task     ] GC(46) Using 3 of 6 workers for concurrent weak references
[2026-04-03T03:22:47.778+0600][45.077s][info][gc,ref      ] GC(46) Encountered references: Soft: 3157, Weak: 6359, Final: 84, Phantom: 600
[2026-04-03T03:22:47.779+0600][45.077s][info][gc,ref      ] GC(46) Discovered  references: Soft: 0, Weak: 740, Final: 0, Phantom: 597
[2026-04-03T03:22:47.779+0600][45.077s][info][gc,ref      ] GC(46) Enqueued    references: Soft: 0, Weak: 131, Final: 0, Phantom: 0
[2026-04-03T03:22:47.779+0600][45.077s][info][gc          ] GC(46) Concurrent weak references 0.669ms
[2026-04-03T03:22:47.779+0600][45.077s][info][gc,start    ] GC(46) Concurrent weak roots
[2026-04-03T03:22:47.779+0600][45.077s][info][gc,task     ] GC(46) Using 3 of 6 workers for concurrent weak root
[2026-04-03T03:22:47.788+0600][45.087s][info][gc          ] GC(46) Concurrent weak roots 9.707ms
[2026-04-03T03:22:47.788+0600][45.087s][info][gc,start    ] GC(46) Concurrent cleanup
[2026-04-03T03:22:47.789+0600][45.088s][info][gc          ] GC(46) Concurrent cleanup 334M->320M(342M) 0.751ms
[2026-04-03T03:22:47.789+0600][45.088s][info][gc,ergo     ] GC(46) Free: 624M, Max: 256K regular, 404M humongous, Frag: 36% external, 0% internal; Reserve: 50688K, Max: 256K
[2026-04-03T03:22:47.789+0600][45.088s][info][gc,start    ] GC(46) Concurrent class unloading
[2026-04-03T03:22:47.789+0600][45.088s][info][gc,task     ] GC(46) Using 3 of 6 workers for concurrent class unloading
[2026-04-03T03:22:47.812+0600][45.110s][info][gc          ] GC(46) Concurrent class unloading 22.366ms
[2026-04-03T03:22:47.812+0600][45.110s][info][gc,start    ] GC(46) Concurrent strong roots
[2026-04-03T03:22:47.812+0600][45.111s][info][gc,task     ] GC(46) Using 3 of 6 workers for concurrent strong root
[2026-04-03T03:22:47.813+0600][45.112s][info][gc          ] GC(46) Concurrent strong roots 1.403ms
[2026-04-03T03:22:47.813+0600][45.112s][info][gc,start    ] GC(46) Concurrent evacuation
[2026-04-03T03:22:47.813+0600][45.112s][info][gc,task     ] GC(46) Using 3 of 6 workers for concurrent evacuation
[2026-04-03T03:22:47.829+0600][45.128s][info][gc          ] GC(46) Concurrent evacuation 16.292ms
[2026-04-03T03:22:47.830+0600][45.129s][info][gc,start    ] GC(46) Pause Init Update Refs
[2026-04-03T03:22:47.830+0600][45.129s][info][gc,ergo     ] GC(46) Pacer for Update Refs. Used: 338M, Free: 619M, Non-Taxable: 63403K, Alloc Tax Rate: 1.1x
[2026-04-03T03:22:47.830+0600][45.129s][info][gc          ] GC(46) Pause Init Update Refs 0.086ms
[2026-04-03T03:22:47.830+0600][45.129s][info][gc,start    ] GC(46) Concurrent update references
[2026-04-03T03:22:47.830+0600][45.129s][info][gc,task     ] GC(46) Using 3 of 6 workers for concurrent reference update
[2026-04-03T03:22:47.943+0600][45.242s][info][gc          ] GC(46) Concurrent update references 113.081ms
[2026-04-03T03:22:47.943+0600][45.242s][info][gc,start    ] GC(46) Concurrent update thread roots
[2026-04-03T03:22:47.944+0600][45.243s][info][gc          ] GC(46) Concurrent update thread roots 0.796ms
[2026-04-03T03:22:47.944+0600][45.243s][info][gc,start    ] GC(46) Pause Final Update Refs
[2026-04-03T03:22:47.944+0600][45.243s][info][gc,task     ] GC(46) Using 6 of 6 workers for final reference update
[2026-04-03T03:22:47.944+0600][45.243s][info][gc          ] GC(46) Pause Final Update Refs 0.191ms
[2026-04-03T03:22:47.944+0600][45.243s][info][gc,start    ] GC(46) Concurrent cleanup
[2026-04-03T03:22:47.945+0600][45.244s][info][gc          ] GC(46) Concurrent cleanup 376M->292M(383M) 0.774ms
[2026-04-03T03:22:47.945+0600][45.244s][info][gc,ergo     ] Free: 652M, Max: 256K regular, 458M humongous, Frag: 30% external, 0% internal; Reserve: 51200K, Max: 256K
[2026-04-03T03:22:47.945+0600][45.244s][info][gc,stats    ] 
[2026-04-03T03:22:47.945+0600][45.244s][info][gc,stats    ] All times are wall-clock times, except per-root-class counters, that are sum over
[2026-04-03T03:22:47.945+0600][45.244s][info][gc,stats    ] all workers. Dividing the <total> over the root stage time estimates parallelism.
[2026-04-03T03:22:47.945+0600][45.244s][info][gc,stats    ] 
[2026-04-03T03:22:47.945+0600][45.244s][info][gc,stats    ] Concurrent Reset                   1090 us
[2026-04-03T03:22:47.945+0600][45.244s][info][gc,stats    ] Pause Init Mark (G)                 454 us
[2026-04-03T03:22:47.945+0600][45.244s][info][gc,stats    ] Pause Init Mark (N)                 148 us
[2026-04-03T03:22:47.945+0600][45.244s][info][gc,stats    ]   Update Region States               41 us
[2026-04-03T03:22:47.945+0600][45.244s][info][gc,stats    ] Concurrent Mark Roots              1005 us, parallelism: 1.86x
[2026-04-03T03:22:47.945+0600][45.244s][info][gc,stats    ]   CMR: <total>                     1873 us
[2026-04-03T03:22:47.945+0600][45.244s][info][gc,stats    ]   CMR: Thread Roots                1592 us, workers (us): 601, 390, 600, ---, ---, ---, 
[2026-04-03T03:22:47.945+0600][45.244s][info][gc,stats    ]   CMR: VM Strong Roots               58 us, workers (us):  36,  21,   1, ---, ---, ---, 
[2026-04-03T03:22:47.945+0600][45.244s][info][gc,stats    ]   CMR: CLDG Roots                   223 us, workers (us): ---, 223, ---, ---, ---, ---, 
[2026-04-03T03:22:47.945+0600][45.244s][info][gc,stats    ] Concurrent Marking               258231 us
[2026-04-03T03:22:47.945+0600][45.244s][info][gc,stats    ] Pause Final Mark (G)               1546 us
[2026-04-03T03:22:47.945+0600][45.244s][info][gc,stats    ] Pause Final Mark (N)               1155 us
[2026-04-03T03:22:47.945+0600][45.244s][info][gc,stats    ]   Finish Mark                       289 us
[2026-04-03T03:22:47.945+0600][45.244s][info][gc,stats    ]   Update Region States               88 us
[2026-04-03T03:22:47.945+0600][45.244s][info][gc,stats    ]   Choose Collection Set             444 us
[2026-04-03T03:22:47.945+0600][45.244s][info][gc,stats    ]   Rebuild Free Set                   87 us
[2026-04-03T03:22:47.945+0600][45.244s][info][gc,stats    ] Concurrent Thread Roots            1063 us, parallelism: 1.86x
[2026-04-03T03:22:47.945+0600][45.244s][info][gc,stats    ]   CTR: <total>                     1973 us
[2026-04-03T03:22:47.945+0600][45.244s][info][gc,stats    ]   CTR: Thread Roots                1973 us, workers (us): 658, 643, 672, ---, ---, ---, 
[2026-04-03T03:22:47.945+0600][45.244s][info][gc,stats    ] Concurrent Weak References          684 us, parallelism: 0.69x
[2026-04-03T03:22:47.945+0600][45.244s][info][gc,stats    ]   CWRF: <total>                     473 us
[2026-04-03T03:22:47.945+0600][45.244s][info][gc,stats    ]   CWRF: Weak References             473 us, workers (us): 315, 156,   2, ---, ---, ---, 
[2026-04-03T03:22:47.945+0600][45.244s][info][gc,stats    ] Concurrent Weak Roots              9800 us
[2026-04-03T03:22:47.945+0600][45.244s][info][gc,stats    ]   Roots                            4035 us, parallelism: 2.71x
[2026-04-03T03:22:47.945+0600][45.244s][info][gc,stats    ]     CWR: <total>                  10952 us
[2026-04-03T03:22:47.945+0600][45.244s][info][gc,stats    ]     CWR: Code Cache Roots          5178 us, workers (us): 1846, 1767, 1565, ---, ---, ---, 
[2026-04-03T03:22:47.945+0600][45.244s][info][gc,stats    ]     CWR: VM Weak Roots             5610 us, workers (us): 1873, 1877, 1860, ---, ---, ---, 
[2026-04-03T03:22:47.945+0600][45.244s][info][gc,stats    ]     CWR: CLDG Roots                 165 us, workers (us): ---, ---, 165, ---, ---, ---, 
[2026-04-03T03:22:47.945+0600][45.244s][info][gc,stats    ]   Rendezvous                       5641 us
[2026-04-03T03:22:47.945+0600][45.244s][info][gc,stats    ] Concurrent Cleanup                  771 us
[2026-04-03T03:22:47.945+0600][45.244s][info][gc,stats    ] Concurrent Class Unloading        22440 us
[2026-04-03T03:22:47.945+0600][45.244s][info][gc,stats    ]   Unlink Stale                    21741 us
[2026-04-03T03:22:47.945+0600][45.244s][info][gc,stats    ]     System Dictionary               348 us
[2026-04-03T03:22:47.945+0600][45.244s][info][gc,stats    ]     Weak Class Links              13720 us
[2026-04-03T03:22:47.945+0600][45.244s][info][gc,stats    ]     Code Roots                     7668 us
[2026-04-03T03:22:47.945+0600][45.244s][info][gc,stats    ]   Rendezvous                        195 us
[2026-04-03T03:22:47.945+0600][45.244s][info][gc,stats    ]   Purge Unlinked                    403 us
[2026-04-03T03:22:47.945+0600][45.244s][info][gc,stats    ]     Code Roots                      325 us
[2026-04-03T03:22:47.945+0600][45.244s][info][gc,stats    ]     CLDG                             77 us
[2026-04-03T03:22:47.945+0600][45.244s][info][gc,stats    ]     Exception Caches                  0 us
[2026-04-03T03:22:47.945+0600][45.244s][info][gc,stats    ] Concurrent Strong Roots            1485 us, parallelism: 0.74x
[2026-04-03T03:22:47.945+0600][45.244s][info][gc,stats    ]   CSR: <total>                     1098 us
[2026-04-03T03:22:47.945+0600][45.244s][info][gc,stats    ]   CSR: VM Strong Roots              124 us, workers (us):  65,  50,   9, ---, ---, ---, 
[2026-04-03T03:22:47.945+0600][45.244s][info][gc,stats    ]   CSR: CLDG Roots                   974 us, workers (us): 974, ---, ---, ---, ---, ---, 
[2026-04-03T03:22:47.945+0600][45.244s][info][gc,stats    ] Concurrent Evacuation             16371 us
[2026-04-03T03:22:47.945+0600][45.244s][info][gc,stats    ] Pause Init Update Refs (G)          327 us
[2026-04-03T03:22:47.945+0600][45.244s][info][gc,stats    ] Pause Init Update Refs (N)          101 us
[2026-04-03T03:22:47.945+0600][45.244s][info][gc,stats    ]   Manage GCLABs                      16 us
[2026-04-03T03:22:47.945+0600][45.244s][info][gc,stats    ] Concurrent Update Refs           113162 us
[2026-04-03T03:22:47.946+0600][45.244s][info][gc,stats    ] Concurrent Update Thread Roots      831 us
[2026-04-03T03:22:47.946+0600][45.244s][info][gc,stats    ] Pause Final Update Refs (G)         322 us
[2026-04-03T03:22:47.946+0600][45.244s][info][gc,stats    ] Pause Final Update Refs (N)         211 us
[2026-04-03T03:22:47.946+0600][45.244s][info][gc,stats    ]   Update Region States               73 us
[2026-04-03T03:22:47.946+0600][45.244s][info][gc,stats    ]   Trash Collection Set               15 us
[2026-04-03T03:22:47.946+0600][45.244s][info][gc,stats    ]   Rebuild Free Set                   59 us
[2026-04-03T03:22:47.946+0600][45.244s][info][gc,stats    ] Concurrent Cleanup                  812 us
[2026-04-03T03:22:47.946+0600][45.244s][info][gc,stats    ] 
[2026-04-03T03:22:47.946+0600][45.244s][info][gc,stats    ] Allocation pacing accrued:
[2026-04-03T03:22:47.946+0600][45.244s][info][gc,stats    ]       0 of   761 ms (  0.0%): <total>
[2026-04-03T03:22:47.946+0600][45.244s][info][gc,stats    ]       0 of   761 ms (  0.0%): <average total>
[2026-04-03T03:22:47.946+0600][45.244s][info][gc,stats    ] 
[2026-04-03T03:22:47.946+0600][45.244s][info][gc,metaspace] Metaspace: 72759K(73728K)->72735K(73728K) NonClass: 63479K(64064K)->63462K(64064K) Class: 9279K(9664K)->9272K(9664K)
[2026-04-03T03:22:47.946+0600][45.244s][info][gc,ergo     ] Pacer for Idle. Initial: 20480K, Alloc Tax Rate: 1.0x
[2026-04-03T03:22:47.947+0600][45.246s][info][gc          ] Trigger: Learning 3 of 5. Free (651M) is below initial threshold (700M)
[2026-04-03T03:22:47.947+0600][45.246s][info][gc,ergo     ] Free: 651M, Max: 256K regular, 458M humongous, Frag: 30% external, 0% internal; Reserve: 51200K, Max: 256K
[2026-04-03T03:22:47.947+0600][45.246s][info][gc,start    ] GC(47) Concurrent reset
[2026-04-03T03:22:47.947+0600][45.246s][info][gc,task     ] GC(47) Using 3 of 6 workers for concurrent reset
[2026-04-03T03:22:47.947+0600][45.246s][info][gc,ergo     ] GC(47) Pacer for Reset. Non-Taxable: 1000M
[2026-04-03T03:22:47.948+0600][45.247s][info][gc          ] GC(47) Concurrent reset 1.252ms
[2026-04-03T03:22:47.948+0600][45.247s][info][gc,start    ] GC(47) Pause Init Mark (unload classes)
[2026-04-03T03:22:47.948+0600][45.247s][info][gc,task     ] GC(47) Using 6 of 6 workers for init marking
[2026-04-03T03:22:47.948+0600][45.247s][info][gc,ergo     ] GC(47) Pacer for Mark. Expected Live: 190M, Free: 650M, Non-Taxable: 66629K, Alloc Tax Rate: 0.4x
[2026-04-03T03:22:47.949+0600][45.247s][info][gc          ] GC(47) Pause Init Mark (unload classes) 0.110ms
[2026-04-03T03:22:47.949+0600][45.247s][info][gc,start    ] GC(47) Concurrent marking roots
[2026-04-03T03:22:47.949+0600][45.247s][info][gc,task     ] GC(47) Using 3 of 6 workers for concurrent marking roots
[2026-04-03T03:22:47.949+0600][45.248s][info][gc          ] GC(47) Concurrent marking roots 0.884ms
[2026-04-03T03:22:47.949+0600][45.248s][info][gc,start    ] GC(47) Concurrent marking (unload classes)
[2026-04-03T03:22:47.949+0600][45.248s][info][gc,task     ] GC(47) Using 3 of 6 workers for concurrent marking
[2026-04-03T03:22:48.239+0600][45.538s][info][gc          ] GC(47) Concurrent marking (unload classes) 289.527ms
[2026-04-03T03:22:48.239+0600][45.538s][info][gc,start    ] GC(47) Pause Final Mark (unload classes)
[2026-04-03T03:22:48.239+0600][45.538s][info][gc,task     ] GC(47) Using 6 of 6 workers for final marking
[2026-04-03T03:22:48.240+0600][45.538s][info][gc,ergo     ] GC(47) Adaptive CSet Selection. Target Free: 141M, Actual Free: 588M, Max CSet: 42666K, Min Garbage: 0B
[2026-04-03T03:22:48.240+0600][45.539s][info][gc,ergo     ] GC(47) Collectable Garbage: 66946K (85%), Immediate: 11008K (14%), CSet: 55938K (71%)
[2026-04-03T03:22:48.240+0600][45.539s][info][gc,ergo     ] GC(47) Pacer for Evacuation. Used CSet: 98560K, Free: 541M, Non-Taxable: 55442K, Alloc Tax Rate: 1.1x
[2026-04-03T03:22:48.240+0600][45.539s][info][gc          ] GC(47) Pause Final Mark (unload classes) 0.945ms
[2026-04-03T03:22:48.240+0600][45.539s][info][gc,start    ] GC(47) Concurrent thread roots
[2026-04-03T03:22:48.240+0600][45.539s][info][gc,task     ] GC(47) Using 3 of 6 workers for Concurrent thread roots
[2026-04-03T03:22:48.241+0600][45.540s][info][gc          ] GC(47) Concurrent thread roots 0.776ms
[2026-04-03T03:22:48.241+0600][45.540s][info][gc,start    ] GC(47) Concurrent weak references
[2026-04-03T03:22:48.241+0600][45.540s][info][gc,task     ] GC(47) Using 3 of 6 workers for concurrent weak references
[2026-04-03T03:22:48.242+0600][45.540s][info][gc,ref      ] GC(47) Encountered references: Soft: 3157, Weak: 6228, Final: 84, Phantom: 609
[2026-04-03T03:22:48.242+0600][45.540s][info][gc,ref      ] GC(47) Discovered  references: Soft: 0, Weak: 3170, Final: 84, Phantom: 598
[2026-04-03T03:22:48.242+0600][45.540s][info][gc,ref      ] GC(47) Enqueued    references: Soft: 0, Weak: 0, Final: 0, Phantom: 0
[2026-04-03T03:22:48.242+0600][45.540s][info][gc          ] GC(47) Concurrent weak references 0.720ms
[2026-04-03T03:22:48.242+0600][45.540s][info][gc,start    ] GC(47) Concurrent weak roots
[2026-04-03T03:22:48.242+0600][45.540s][info][gc,task     ] GC(47) Using 3 of 6 workers for concurrent weak root
[2026-04-03T03:22:48.244+0600][45.543s][info][gc          ] GC(47) Concurrent weak roots 2.534ms
[2026-04-03T03:22:48.244+0600][45.543s][info][gc,start    ] GC(47) Concurrent cleanup
[2026-04-03T03:22:48.245+0600][45.544s][info][gc          ] GC(47) Concurrent cleanup 416M->405M(435M) 0.634ms
[2026-04-03T03:22:48.245+0600][45.544s][info][gc,ergo     ] GC(47) Free: 540M, Max: 256K regular, 458M humongous, Frag: 16% external, 0% internal; Reserve: 51191K, Max: 256K
[2026-04-03T03:22:48.245+0600][45.544s][info][gc,start    ] GC(47) Concurrent class unloading
[2026-04-03T03:22:48.245+0600][45.544s][info][gc,task     ] GC(47) Using 3 of 6 workers for concurrent class unloading
[2026-04-03T03:22:48.250+0600][45.549s][info][gc          ] GC(47) Concurrent class unloading 5.320ms
[2026-04-03T03:22:48.250+0600][45.549s][info][gc,start    ] GC(47) Concurrent strong roots
[2026-04-03T03:22:48.250+0600][45.549s][info][gc,task     ] GC(47) Using 3 of 6 workers for concurrent strong root
[2026-04-03T03:22:48.251+0600][45.550s][info][gc          ] GC(47) Concurrent strong roots 0.906ms
[2026-04-03T03:22:48.251+0600][45.550s][info][gc,start    ] GC(47) Concurrent evacuation
[2026-04-03T03:22:48.251+0600][45.550s][info][gc,task     ] GC(47) Using 3 of 6 workers for concurrent evacuation
[2026-04-03T03:22:48.296+0600][45.594s][info][gc          ] GC(47) Concurrent evacuation 44.183ms
[2026-04-03T03:22:48.296+0600][45.595s][info][gc,start    ] GC(47) Pause Init Update Refs
[2026-04-03T03:22:48.296+0600][45.595s][info][gc,ergo     ] GC(47) Pacer for Update Refs. Used: 477M, Free: 509M, Non-Taxable: 52216K, Alloc Tax Rate: 1.1x
[2026-04-03T03:22:48.296+0600][45.595s][info][gc          ] GC(47) Pause Init Update Refs 0.131ms
[2026-04-03T03:22:48.296+0600][45.595s][info][gc,start    ] GC(47) Concurrent update references
[2026-04-03T03:22:48.296+0600][45.595s][info][gc,task     ] GC(47) Using 3 of 6 workers for concurrent reference update
[2026-04-03T03:22:48.440+0600][45.739s][info][gc          ] GC(47) Concurrent update references 143.570ms
[2026-04-03T03:22:48.440+0600][45.739s][info][gc,start    ] GC(47) Concurrent update thread roots
[2026-04-03T03:22:48.441+0600][45.740s][info][gc          ] GC(47) Concurrent update thread roots 0.915ms
[2026-04-03T03:22:48.441+0600][45.740s][info][gc,start    ] GC(47) Pause Final Update Refs
[2026-04-03T03:22:48.441+0600][45.740s][info][gc,task     ] GC(47) Using 6 of 6 workers for final reference update
[2026-04-03T03:22:48.441+0600][45.740s][info][gc          ] GC(47) Pause Final Update Refs 0.191ms
[2026-04-03T03:22:48.441+0600][45.740s][info][gc,start    ] GC(47) Concurrent cleanup
[2026-04-03T03:22:48.442+0600][45.741s][info][gc          ] GC(47) Concurrent cleanup 540M->444M(547M) 0.772ms
[2026-04-03T03:22:48.442+0600][45.741s][info][gc,ergo     ] Free: 500M, Max: 256K regular, 405M humongous, Frag: 19% external, 0% internal; Reserve: 51200K, Max: 256K
[2026-04-03T03:22:48.442+0600][45.741s][info][gc,stats    ] 
[2026-04-03T03:22:48.442+0600][45.741s][info][gc,stats    ] All times are wall-clock times, except per-root-class counters, that are sum over
[2026-04-03T03:22:48.442+0600][45.741s][info][gc,stats    ] all workers. Dividing the <total> over the root stage time estimates parallelism.
[2026-04-03T03:22:48.442+0600][45.741s][info][gc,stats    ] 
[2026-04-03T03:22:48.442+0600][45.741s][info][gc,stats    ] Concurrent Reset                   1284 us
[2026-04-03T03:22:48.442+0600][45.741s][info][gc,stats    ] Pause Init Mark (G)                 290 us
[2026-04-03T03:22:48.442+0600][45.741s][info][gc,stats    ] Pause Init Mark (N)                 120 us
[2026-04-03T03:22:48.442+0600][45.741s][info][gc,stats    ]   Update Region States               36 us
[2026-04-03T03:22:48.442+0600][45.741s][info][gc,stats    ] Concurrent Mark Roots               905 us, parallelism: 1.93x
[2026-04-03T03:22:48.442+0600][45.741s][info][gc,stats    ]   CMR: <total>                     1750 us
[2026-04-03T03:22:48.442+0600][45.741s][info][gc,stats    ]   CMR: Thread Roots                1218 us, workers (us): 538, 531, 150, ---, ---, ---, 
[2026-04-03T03:22:48.442+0600][45.741s][info][gc,stats    ]   CMR: VM Strong Roots              143 us, workers (us):  84,  58,   1, ---, ---, ---, 
[2026-04-03T03:22:48.442+0600][45.741s][info][gc,stats    ]   CMR: CLDG Roots                   389 us, workers (us): ---, ---, 389, ---, ---, ---, 
[2026-04-03T03:22:48.442+0600][45.741s][info][gc,stats    ] Concurrent Marking               289597 us
[2026-04-03T03:22:48.442+0600][45.741s][info][gc,stats    ] Pause Final Mark (G)               1054 us
[2026-04-03T03:22:48.442+0600][45.741s][info][gc,stats    ] Pause Final Mark (N)                957 us
[2026-04-03T03:22:48.442+0600][45.741s][info][gc,stats    ]   Finish Mark                       371 us
[2026-04-03T03:22:48.442+0600][45.741s][info][gc,stats    ]   Update Region States               59 us
[2026-04-03T03:22:48.442+0600][45.741s][info][gc,stats    ]   Choose Collection Set             365 us
[2026-04-03T03:22:48.442+0600][45.741s][info][gc,stats    ]   Rebuild Free Set                   58 us
[2026-04-03T03:22:48.442+0600][45.741s][info][gc,stats    ] Concurrent Thread Roots             826 us, parallelism: 1.84x
[2026-04-03T03:22:48.442+0600][45.741s][info][gc,stats    ]   CTR: <total>                     1523 us
[2026-04-03T03:22:48.442+0600][45.741s][info][gc,stats    ]   CTR: Thread Roots                1523 us, workers (us): 508, 513, 502, ---, ---, ---, 
[2026-04-03T03:22:48.442+0600][45.741s][info][gc,stats    ] Concurrent Weak References          730 us, parallelism: 0.79x
[2026-04-03T03:22:48.442+0600][45.741s][info][gc,stats    ]   CWRF: <total>                     576 us
[2026-04-03T03:22:48.442+0600][45.741s][info][gc,stats    ]   CWRF: Weak References             576 us, workers (us):  96,   4, 477, ---, ---, ---, 
[2026-04-03T03:22:48.442+0600][45.741s][info][gc,stats    ] Concurrent Weak Roots              2597 us
[2026-04-03T03:22:48.442+0600][45.741s][info][gc,stats    ]   Roots                            2335 us, parallelism: 2.47x
[2026-04-03T03:22:48.442+0600][45.741s][info][gc,stats    ]     CWR: <total>                   5766 us
[2026-04-03T03:22:48.442+0600][45.741s][info][gc,stats    ]     CWR: Code Cache Roots          4250 us, workers (us): 1401, 1526, 1323, ---, ---, ---, 
[2026-04-03T03:22:48.442+0600][45.741s][info][gc,stats    ]     CWR: VM Weak Roots             1429 us, workers (us): 476, 477, 476, ---, ---, ---, 
[2026-04-03T03:22:48.442+0600][45.741s][info][gc,stats    ]     CWR: CLDG Roots                  87 us, workers (us): ---, ---,  87, ---, ---, ---, 
[2026-04-03T03:22:48.442+0600][45.741s][info][gc,stats    ]   Rendezvous                        166 us
[2026-04-03T03:22:48.442+0600][45.741s][info][gc,stats    ] Concurrent Cleanup                  647 us
[2026-04-03T03:22:48.442+0600][45.741s][info][gc,stats    ] Concurrent Class Unloading         5394 us
[2026-04-03T03:22:48.442+0600][45.741s][info][gc,stats    ]   Unlink Stale                     4984 us
[2026-04-03T03:22:48.442+0600][45.741s][info][gc,stats    ]     System Dictionary                94 us
[2026-04-03T03:22:48.442+0600][45.741s][info][gc,stats    ]     Weak Class Links                  0 us
[2026-04-03T03:22:48.442+0600][45.741s][info][gc,stats    ]     Code Roots                     4886 us
[2026-04-03T03:22:48.442+0600][45.741s][info][gc,stats    ]   Rendezvous                        177 us
[2026-04-03T03:22:48.442+0600][45.741s][info][gc,stats    ]   Purge Unlinked                    136 us
[2026-04-03T03:22:48.442+0600][45.741s][info][gc,stats    ]     Code Roots                      128 us
[2026-04-03T03:22:48.442+0600][45.741s][info][gc,stats    ]     CLDG                              7 us
[2026-04-03T03:22:48.442+0600][45.741s][info][gc,stats    ]     Exception Caches                  0 us
[2026-04-03T03:22:48.442+0600][45.741s][info][gc,stats    ] Concurrent Strong Roots             962 us, parallelism: 0.61x
[2026-04-03T03:22:48.442+0600][45.741s][info][gc,stats    ]   CSR: <total>                      589 us
[2026-04-03T03:22:48.442+0600][45.741s][info][gc,stats    ]   CSR: VM Strong Roots               29 us, workers (us):  19,  10,   1, ---, ---, ---, 
[2026-04-03T03:22:48.442+0600][45.741s][info][gc,stats    ]   CSR: CLDG Roots                   559 us, workers (us): 559, ---, ---, ---, ---, ---, 
[2026-04-03T03:22:48.442+0600][45.741s][info][gc,stats    ] Concurrent Evacuation             44303 us
[2026-04-03T03:22:48.442+0600][45.741s][info][gc,stats    ] Pause Init Update Refs (G)          475 us
[2026-04-03T03:22:48.442+0600][45.741s][info][gc,stats    ] Pause Init Update Refs (N)          146 us
[2026-04-03T03:22:48.442+0600][45.741s][info][gc,stats    ]   Manage GCLABs                      20 us
[2026-04-03T03:22:48.442+0600][45.741s][info][gc,stats    ] Concurrent Update Refs           143681 us
[2026-04-03T03:22:48.442+0600][45.741s][info][gc,stats    ] Concurrent Update Thread Roots      948 us
[2026-04-03T03:22:48.442+0600][45.741s][info][gc,stats    ] Pause Final Update Refs (G)         404 us
[2026-04-03T03:22:48.442+0600][45.741s][info][gc,stats    ] Pause Final Update Refs (N)         214 us
[2026-04-03T03:22:48.442+0600][45.741s][info][gc,stats    ]   Update Region States               70 us
[2026-04-03T03:22:48.442+0600][45.741s][info][gc,stats    ]   Trash Collection Set               17 us
[2026-04-03T03:22:48.442+0600][45.741s][info][gc,stats    ]   Rebuild Free Set                   58 us
[2026-04-03T03:22:48.443+0600][45.741s][info][gc,stats    ] Concurrent Cleanup                  790 us
[2026-04-03T03:22:48.443+0600][45.741s][info][gc,stats    ] Pacing                            89831 us
[2026-04-03T03:22:48.443+0600][45.741s][info][gc,stats    ] 
[2026-04-03T03:22:48.443+0600][45.741s][info][gc,stats    ] Allocation pacing accrued:
[2026-04-03T03:22:48.443+0600][45.741s][info][gc,stats    ]      30 of   497 ms (  6.1%): Executor task launch worker for task 0.0 in stage 14.0 (TID 21)
[2026-04-03T03:22:48.443+0600][45.741s][info][gc,stats    ]      30 of   497 ms (  6.0%): Executor task launch worker for task 2.0 in stage 14.0 (TID 23)
[2026-04-03T03:22:48.443+0600][45.741s][info][gc,stats    ]      30 of   497 ms (  6.0%): Executor task launch worker for task 1.0 in stage 14.0 (TID 22)
[2026-04-03T03:22:48.443+0600][45.741s][info][gc,stats    ]      90 of   497 ms ( 18.1%): <total>
[2026-04-03T03:22:48.443+0600][45.741s][info][gc,stats    ]       1 of   497 ms (  0.1%): <average total>
[2026-04-03T03:22:48.443+0600][45.741s][info][gc,stats    ]      30 of   497 ms (  6.0%): <average non-zero>
[2026-04-03T03:22:48.443+0600][45.741s][info][gc,stats    ] 
[2026-04-03T03:22:48.443+0600][45.741s][info][gc,metaspace] Metaspace: 72735K(73728K)->72755K(73728K) NonClass: 63462K(64064K)->63480K(64064K) Class: 9272K(9664K)->9275K(9664K)
[2026-04-03T03:22:48.443+0600][45.741s][info][gc,ergo     ] Pacer for Idle. Initial: 20480K, Alloc Tax Rate: 1.0x
[2026-04-03T03:22:48.444+0600][45.743s][info][gc          ] Trigger: Learning 4 of 5. Free (499M) is below initial threshold (700M)
[2026-04-03T03:22:48.444+0600][45.743s][info][gc,ergo     ] Free: 499M, Max: 256K regular, 405M humongous, Frag: 19% external, 0% internal; Reserve: 51200K, Max: 256K
[2026-04-03T03:22:48.444+0600][45.743s][info][gc,start    ] GC(48) Concurrent reset
[2026-04-03T03:22:48.444+0600][45.743s][info][gc,task     ] GC(48) Using 3 of 6 workers for concurrent reset
[2026-04-03T03:22:48.444+0600][45.743s][info][gc,ergo     ] GC(48) Pacer for Reset. Non-Taxable: 1000M
[2026-04-03T03:22:48.446+0600][45.744s][info][gc          ] GC(48) Concurrent reset 1.678ms
[2026-04-03T03:22:48.446+0600][45.745s][info][gc,start    ] GC(48) Pause Init Mark (unload classes)
[2026-04-03T03:22:48.446+0600][45.745s][info][gc,task     ] GC(48) Using 6 of 6 workers for init marking
[2026-04-03T03:22:48.446+0600][45.745s][info][gc,ergo     ] GC(48) Pacer for Mark. Expected Live: 192M, Free: 498M, Non-Taxable: 51013K, Alloc Tax Rate: 0.5x
[2026-04-03T03:22:48.446+0600][45.745s][info][gc          ] GC(48) Pause Init Mark (unload classes) 0.150ms
[2026-04-03T03:22:48.446+0600][45.745s][info][gc,start    ] GC(48) Concurrent marking roots
[2026-04-03T03:22:48.446+0600][45.745s][info][gc,task     ] GC(48) Using 3 of 6 workers for concurrent marking roots
[2026-04-03T03:22:48.447+0600][45.746s][info][gc          ] GC(48) Concurrent marking roots 1.035ms
[2026-04-03T03:22:48.447+0600][45.746s][info][gc,start    ] GC(48) Concurrent marking (unload classes)
[2026-04-03T03:22:48.447+0600][45.746s][info][gc,task     ] GC(48) Using 3 of 6 workers for concurrent marking
[2026-04-03T03:22:48.742+0600][46.040s][info][gc          ] GC(48) Concurrent marking (unload classes) 294.464ms
[2026-04-03T03:22:48.742+0600][46.041s][info][gc,start    ] GC(48) Pause Final Mark (unload classes)
[2026-04-03T03:22:48.742+0600][46.041s][info][gc,task     ] GC(48) Using 6 of 6 workers for final marking
[2026-04-03T03:22:48.742+0600][46.041s][info][gc,ergo     ] GC(48) Adaptive CSet Selection. Target Free: 141M, Actual Free: 449M, Max CSet: 42666K, Min Garbage: 0B
[2026-04-03T03:22:48.743+0600][46.042s][info][gc,ergo     ] GC(48) Collectable Garbage: 191M (97%), Immediate: 3584K (1%), CSet: 188M (95%)
[2026-04-03T03:22:48.743+0600][46.042s][info][gc,ergo     ] GC(48) Pacer for Evacuation. Used CSet: 227M, Free: 401M, Non-Taxable: 41132K, Alloc Tax Rate: 1.4x
[2026-04-03T03:22:48.743+0600][46.042s][info][gc          ] GC(48) Pause Final Mark (unload classes) 1.004ms
[2026-04-03T03:22:48.743+0600][46.042s][info][gc,start    ] GC(48) Concurrent thread roots
[2026-04-03T03:22:48.743+0600][46.042s][info][gc,task     ] GC(48) Using 3 of 6 workers for Concurrent thread roots
[2026-04-03T03:22:48.744+0600][46.042s][info][gc          ] GC(48) Concurrent thread roots 0.578ms
[2026-04-03T03:22:48.744+0600][46.042s][info][gc,start    ] GC(48) Concurrent weak references
[2026-04-03T03:22:48.744+0600][46.043s][info][gc,task     ] GC(48) Using 3 of 6 workers for concurrent weak references
[2026-04-03T03:22:48.744+0600][46.043s][info][gc,ref      ] GC(48) Encountered references: Soft: 3175, Weak: 6254, Final: 84, Phantom: 601
[2026-04-03T03:22:48.744+0600][46.043s][info][gc,ref      ] GC(48) Discovered  references: Soft: 0, Weak: 4168, Final: 0, Phantom: 598
[2026-04-03T03:22:48.744+0600][46.043s][info][gc,ref      ] GC(48) Enqueued    references: Soft: 0, Weak: 4, Final: 0, Phantom: 0
[2026-04-03T03:22:48.744+0600][46.043s][info][gc          ] GC(48) Concurrent weak references 0.605ms
[2026-04-03T03:22:48.744+0600][46.043s][info][gc,start    ] GC(48) Concurrent weak roots
[2026-04-03T03:22:48.744+0600][46.043s][info][gc,task     ] GC(48) Using 3 of 6 workers for concurrent weak root
[2026-04-03T03:22:48.746+0600][46.045s][info][gc          ] GC(48) Concurrent weak roots 1.798ms
[2026-04-03T03:22:48.746+0600][46.045s][info][gc,start    ] GC(48) Concurrent cleanup
[2026-04-03T03:22:48.747+0600][46.046s][info][gc          ] GC(48) Concurrent cleanup 548M->545M(557M) 0.583ms
[2026-04-03T03:22:48.747+0600][46.046s][info][gc,ergo     ] GC(48) Free: 401M, Max: 256K regular, 395M humongous, Frag: 2% external, 0% internal; Reserve: 51149K, Max: 256K
[2026-04-03T03:22:48.747+0600][46.046s][info][gc,start    ] GC(48) Concurrent class unloading
[2026-04-03T03:22:48.747+0600][46.046s][info][gc,task     ] GC(48) Using 3 of 6 workers for concurrent class unloading
[2026-04-03T03:22:48.751+0600][46.050s][info][gc          ] GC(48) Concurrent class unloading 4.109ms
[2026-04-03T03:22:48.751+0600][46.050s][info][gc,start    ] GC(48) Concurrent strong roots
[2026-04-03T03:22:48.751+0600][46.050s][info][gc,task     ] GC(48) Using 3 of 6 workers for concurrent strong root
[2026-04-03T03:22:48.752+0600][46.050s][info][gc          ] GC(48) Concurrent strong roots 0.625ms
[2026-04-03T03:22:48.752+0600][46.050s][info][gc,start    ] GC(48) Concurrent evacuation
[2026-04-03T03:22:48.752+0600][46.050s][info][gc,task     ] GC(48) Using 3 of 6 workers for concurrent evacuation
[2026-04-03T03:22:48.797+0600][46.096s][info][gc          ] GC(48) Concurrent evacuation 45.242ms
[2026-04-03T03:22:48.797+0600][46.096s][info][gc,start    ] GC(48) Pause Init Update Refs
[2026-04-03T03:22:48.797+0600][46.096s][info][gc,ergo     ] GC(48) Pacer for Update Refs. Used: 603M, Free: 382M, Non-Taxable: 39160K, Alloc Tax Rate: 1.9x
[2026-04-03T03:22:48.797+0600][46.096s][info][gc          ] GC(48) Pause Init Update Refs 0.091ms
[2026-04-03T03:22:48.797+0600][46.096s][info][gc,start    ] GC(48) Concurrent update references
[2026-04-03T03:22:48.797+0600][46.096s][info][gc,task     ] GC(48) Using 3 of 6 workers for concurrent reference update
[2026-04-03T03:22:48.950+0600][46.248s][info][gc          ] GC(48) Concurrent update references 152.441ms
[2026-04-03T03:22:48.950+0600][46.249s][info][gc,start    ] GC(48) Concurrent update thread roots
[2026-04-03T03:22:48.951+0600][46.250s][info][gc          ] GC(48) Concurrent update thread roots 0.927ms
[2026-04-03T03:22:48.951+0600][46.250s][info][gc,start    ] GC(48) Pause Final Update Refs
[2026-04-03T03:22:48.951+0600][46.250s][info][gc,task     ] GC(48) Using 6 of 6 workers for final reference update
[2026-04-03T03:22:48.951+0600][46.250s][info][gc          ] GC(48) Pause Final Update Refs 0.254ms
[2026-04-03T03:22:48.951+0600][46.250s][info][gc,start    ] GC(48) Concurrent cleanup
[2026-04-03T03:22:48.952+0600][46.251s][info][gc          ] GC(48) Concurrent cleanup 662M->435M(666M) 0.909ms
[2026-04-03T03:22:48.952+0600][46.251s][info][gc,ergo     ] Free: 510M, Max: 256K regular, 284M humongous, Frag: 45% external, 0% internal; Reserve: 51200K, Max: 256K
[2026-04-03T03:22:48.952+0600][46.251s][info][gc,stats    ] 
[2026-04-03T03:22:48.952+0600][46.251s][info][gc,stats    ] All times are wall-clock times, except per-root-class counters, that are sum over
[2026-04-03T03:22:48.952+0600][46.251s][info][gc,stats    ] all workers. Dividing the <total> over the root stage time estimates parallelism.
[2026-04-03T03:22:48.952+0600][46.251s][info][gc,stats    ] 
[2026-04-03T03:22:48.952+0600][46.251s][info][gc,stats    ] Concurrent Reset                   1711 us
[2026-04-03T03:22:48.952+0600][46.251s][info][gc,stats    ] Pause Init Mark (G)                 420 us
[2026-04-03T03:22:48.952+0600][46.251s][info][gc,stats    ] Pause Init Mark (N)                 163 us
[2026-04-03T03:22:48.952+0600][46.251s][info][gc,stats    ]   Update Region States               47 us
[2026-04-03T03:22:48.952+0600][46.251s][info][gc,stats    ] Concurrent Mark Roots              1062 us, parallelism: 1.87x
[2026-04-03T03:22:48.952+0600][46.251s][info][gc,stats    ]   CMR: <total>                     1986 us
[2026-04-03T03:22:48.953+0600][46.251s][info][gc,stats    ]   CMR: Thread Roots                1725 us, workers (us): 436, 639, 650, ---, ---, ---, 
[2026-04-03T03:22:48.953+0600][46.251s][info][gc,stats    ]   CMR: VM Strong Roots               49 us, workers (us):  20,  18,  11, ---, ---, ---, 
[2026-04-03T03:22:48.953+0600][46.251s][info][gc,stats    ]   CMR: CLDG Roots                   213 us, workers (us): 213, ---, ---, ---, ---, ---, 
[2026-04-03T03:22:48.953+0600][46.251s][info][gc,stats    ] Concurrent Marking               294564 us
[2026-04-03T03:22:48.953+0600][46.251s][info][gc,stats    ] Pause Final Mark (G)               1323 us
[2026-04-03T03:22:48.953+0600][46.251s][info][gc,stats    ] Pause Final Mark (N)               1014 us
[2026-04-03T03:22:48.953+0600][46.251s][info][gc,stats    ]   Finish Mark                       322 us
[2026-04-03T03:22:48.953+0600][46.251s][info][gc,stats    ]   Update Region States               56 us
[2026-04-03T03:22:48.953+0600][46.251s][info][gc,stats    ]   Choose Collection Set             482 us
[2026-04-03T03:22:48.953+0600][46.251s][info][gc,stats    ]   Rebuild Free Set                   56 us
[2026-04-03T03:22:48.953+0600][46.251s][info][gc,stats    ] Concurrent Thread Roots             646 us, parallelism: 1.78x
[2026-04-03T03:22:48.953+0600][46.251s][info][gc,stats    ]   CTR: <total>                     1149 us
[2026-04-03T03:22:48.953+0600][46.251s][info][gc,stats    ]   CTR: Thread Roots                1149 us, workers (us): 405, 383, 361, ---, ---, ---, 
[2026-04-03T03:22:48.953+0600][46.251s][info][gc,stats    ] Concurrent Weak References          612 us, parallelism: 0.84x
[2026-04-03T03:22:48.953+0600][46.251s][info][gc,stats    ]   CWRF: <total>                     514 us
[2026-04-03T03:22:48.953+0600][46.251s][info][gc,stats    ]   CWRF: Weak References             514 us, workers (us): 513,   1,   0, ---, ---, ---, 
[2026-04-03T03:22:48.953+0600][46.251s][info][gc,stats    ] Concurrent Weak Roots              1840 us
[2026-04-03T03:22:48.953+0600][46.251s][info][gc,stats    ]   Roots                            1503 us, parallelism: 2.40x
[2026-04-03T03:22:48.953+0600][46.251s][info][gc,stats    ]     CWR: <total>                   3601 us
[2026-04-03T03:22:48.953+0600][46.251s][info][gc,stats    ]     CWR: Code Cache Roots          2370 us, workers (us): 776, 786, 809, ---, ---, ---, 
[2026-04-03T03:22:48.953+0600][46.251s][info][gc,stats    ]     CWR: VM Weak Roots             1145 us, workers (us): 424, 403, 319, ---, ---, ---, 
[2026-04-03T03:22:48.953+0600][46.251s][info][gc,stats    ]     CWR: CLDG Roots                  85 us, workers (us):  85, ---, ---, ---, ---, ---, 
[2026-04-03T03:22:48.953+0600][46.251s][info][gc,stats    ]   Rendezvous                        279 us
[2026-04-03T03:22:48.953+0600][46.252s][info][gc,stats    ] Concurrent Cleanup                  596 us
[2026-04-03T03:22:48.953+0600][46.252s][info][gc,stats    ] Concurrent Class Unloading         4158 us
[2026-04-03T03:22:48.953+0600][46.252s][info][gc,stats    ]   Unlink Stale                     3803 us
[2026-04-03T03:22:48.953+0600][46.252s][info][gc,stats    ]     System Dictionary                59 us
[2026-04-03T03:22:48.953+0600][46.252s][info][gc,stats    ]     Weak Class Links                  0 us
[2026-04-03T03:22:48.953+0600][46.252s][info][gc,stats    ]     Code Roots                     3741 us
[2026-04-03T03:22:48.953+0600][46.252s][info][gc,stats    ]   Rendezvous                        277 us
[2026-04-03T03:22:48.953+0600][46.252s][info][gc,stats    ]   Purge Unlinked                     11 us
[2026-04-03T03:22:48.953+0600][46.252s][info][gc,stats    ]     Code Roots                        3 us
[2026-04-03T03:22:48.953+0600][46.252s][info][gc,stats    ]     CLDG                              7 us
[2026-04-03T03:22:48.953+0600][46.252s][info][gc,stats    ]     Exception Caches                  0 us
[2026-04-03T03:22:48.953+0600][46.252s][info][gc,stats    ] Concurrent Strong Roots             672 us, parallelism: 0.56x
[2026-04-03T03:22:48.953+0600][46.252s][info][gc,stats    ]   CSR: <total>                      378 us
[2026-04-03T03:22:48.953+0600][46.252s][info][gc,stats    ]   CSR: VM Strong Roots               29 us, workers (us):  27,   1,   1, ---, ---, ---, 
[2026-04-03T03:22:48.953+0600][46.252s][info][gc,stats    ]   CSR: CLDG Roots                   349 us, workers (us): 349, ---, ---, ---, ---, ---, 
[2026-04-03T03:22:48.953+0600][46.252s][info][gc,stats    ] Concurrent Evacuation             45314 us
[2026-04-03T03:22:48.953+0600][46.252s][info][gc,stats    ] Pause Init Update Refs (G)          286 us
[2026-04-03T03:22:48.953+0600][46.252s][info][gc,stats    ] Pause Init Update Refs (N)          102 us
[2026-04-03T03:22:48.953+0600][46.252s][info][gc,stats    ]   Manage GCLABs                      20 us
[2026-04-03T03:22:48.953+0600][46.252s][info][gc,stats    ] Concurrent Update Refs           152558 us
[2026-04-03T03:22:48.953+0600][46.252s][info][gc,stats    ] Concurrent Update Thread Roots     1017 us
[2026-04-03T03:22:48.953+0600][46.252s][info][gc,stats    ] Pause Final Update Refs (G)         598 us
[2026-04-03T03:22:48.953+0600][46.252s][info][gc,stats    ] Pause Final Update Refs (N)         277 us
[2026-04-03T03:22:48.953+0600][46.252s][info][gc,stats    ]   Update Region States               79 us
[2026-04-03T03:22:48.953+0600][46.252s][info][gc,stats    ]   Trash Collection Set               26 us
[2026-04-03T03:22:48.953+0600][46.252s][info][gc,stats    ]   Rebuild Free Set                   47 us
[2026-04-03T03:22:48.953+0600][46.252s][info][gc,stats    ] Concurrent Cleanup                  934 us
[2026-04-03T03:22:48.953+0600][46.252s][info][gc,stats    ] Pacing                           215286 us
[2026-04-03T03:22:48.953+0600][46.252s][info][gc,stats    ] 
[2026-04-03T03:22:48.953+0600][46.252s][info][gc,stats    ] Allocation pacing accrued:
[2026-04-03T03:22:48.953+0600][46.252s][info][gc,stats    ]      59 of   510 ms ( 11.6%): Executor task launch worker for task 0.0 in stage 14.0 (TID 21)
[2026-04-03T03:22:48.953+0600][46.252s][info][gc,stats    ]      78 of   510 ms ( 15.3%): Executor task launch worker for task 2.0 in stage 14.0 (TID 23)
[2026-04-03T03:22:48.953+0600][46.252s][info][gc,stats    ]      78 of   510 ms ( 15.3%): Executor task launch worker for task 1.0 in stage 14.0 (TID 22)
[2026-04-03T03:22:48.953+0600][46.252s][info][gc,stats    ]     215 of   510 ms ( 42.2%): <total>
[2026-04-03T03:22:48.953+0600][46.252s][info][gc,stats    ]       2 of   510 ms (  0.3%): <average total>
[2026-04-03T03:22:48.953+0600][46.252s][info][gc,stats    ]      72 of   510 ms ( 14.1%): <average non-zero>
[2026-04-03T03:22:48.953+0600][46.252s][info][gc,stats    ] 
[2026-04-03T03:22:48.953+0600][46.252s][info][gc,metaspace] Metaspace: 72755K(73728K)->72770K(73728K) NonClass: 63480K(64064K)->63492K(64064K) Class: 9275K(9664K)->9277K(9664K)
[2026-04-03T03:22:48.953+0600][46.252s][info][gc,ergo     ] Pacer for Idle. Initial: 20480K, Alloc Tax Rate: 1.0x
[2026-04-03T03:22:48.954+0600][46.253s][info][gc          ] Trigger: Learning 5 of 5. Free (509M) is below initial threshold (700M)
[2026-04-03T03:22:48.954+0600][46.253s][info][gc,ergo     ] Free: 509M, Max: 256K regular, 284M humongous, Frag: 45% external, 0% internal; Reserve: 51200K, Max: 256K
[2026-04-03T03:22:48.954+0600][46.253s][info][gc,start    ] GC(49) Concurrent reset
[2026-04-03T03:22:48.954+0600][46.253s][info][gc,task     ] GC(49) Using 3 of 6 workers for concurrent reset
[2026-04-03T03:22:48.954+0600][46.253s][info][gc,ergo     ] GC(49) Pacer for Reset. Non-Taxable: 1000M
[2026-04-03T03:22:48.956+0600][46.255s][info][gc          ] GC(49) Concurrent reset 1.949ms
[2026-04-03T03:22:48.956+0600][46.255s][info][gc,start    ] GC(49) Pause Init Mark (unload classes)
[2026-04-03T03:22:48.957+0600][46.255s][info][gc,task     ] GC(49) Using 6 of 6 workers for init marking
[2026-04-03T03:22:48.957+0600][46.255s][info][gc,ergo     ] GC(49) Pacer for Mark. Expected Live: 200M, Free: 508M, Non-Taxable: 52063K, Alloc Tax Rate: 0.5x
[2026-04-03T03:22:48.957+0600][46.255s][info][gc          ] GC(49) Pause Init Mark (unload classes) 0.166ms
[2026-04-03T03:22:48.957+0600][46.256s][info][gc,start    ] GC(49) Concurrent marking roots
[2026-04-03T03:22:48.957+0600][46.256s][info][gc,task     ] GC(49) Using 3 of 6 workers for concurrent marking roots
[2026-04-03T03:22:48.958+0600][46.257s][info][gc          ] GC(49) Concurrent marking roots 0.949ms
[2026-04-03T03:22:48.958+0600][46.257s][info][gc,start    ] GC(49) Concurrent marking (unload classes)
[2026-04-03T03:22:48.958+0600][46.257s][info][gc,task     ] GC(49) Using 3 of 6 workers for concurrent marking
[2026-04-03T03:22:49.263+0600][46.562s][info][gc          ] GC(49) Concurrent marking (unload classes) 305.282ms
[2026-04-03T03:22:49.263+0600][46.562s][info][gc,start    ] GC(49) Pause Final Mark (unload classes)
[2026-04-03T03:22:49.263+0600][46.562s][info][gc,task     ] GC(49) Using 6 of 6 workers for final marking
[2026-04-03T03:22:49.264+0600][46.562s][info][gc,ergo     ] GC(49) Adaptive CSet Selection. Target Free: 141M, Actual Free: 464M, Max CSet: 42666K, Min Garbage: 0B
[2026-04-03T03:22:49.264+0600][46.563s][info][gc,ergo     ] GC(49) Collectable Garbage: 166M (96%), Immediate: 14336K (8%), CSet: 152M (88%)
[2026-04-03T03:22:49.264+0600][46.563s][info][gc,ergo     ] GC(49) Pacer for Evacuation. Used CSet: 168M, Free: 415M, Non-Taxable: 42540K, Alloc Tax Rate: 1.1x
[2026-04-03T03:22:49.264+0600][46.563s][info][gc          ] GC(49) Pause Final Mark (unload classes) 0.741ms
[2026-04-03T03:22:49.264+0600][46.563s][info][gc,start    ] GC(49) Concurrent thread roots
[2026-04-03T03:22:49.264+0600][46.563s][info][gc,task     ] GC(49) Using 3 of 6 workers for Concurrent thread roots
[2026-04-03T03:22:49.265+0600][46.564s][info][gc          ] GC(49) Concurrent thread roots 0.540ms
[2026-04-03T03:22:49.265+0600][46.564s][info][gc,start    ] GC(49) Concurrent weak references
[2026-04-03T03:22:49.265+0600][46.564s][info][gc,task     ] GC(49) Using 3 of 6 workers for concurrent weak references
[2026-04-03T03:22:49.265+0600][46.564s][info][gc,ref      ] GC(49) Encountered references: Soft: 3175, Weak: 6250, Final: 84, Phantom: 601
[2026-04-03T03:22:49.265+0600][46.564s][info][gc,ref      ] GC(49) Discovered  references: Soft: 0, Weak: 3134, Final: 52, Phantom: 597
[2026-04-03T03:22:49.265+0600][46.564s][info][gc,ref      ] GC(49) Enqueued    references: Soft: 0, Weak: 0, Final: 0, Phantom: 0
[2026-04-03T03:22:49.265+0600][46.564s][info][gc          ] GC(49) Concurrent weak references 0.616ms
[2026-04-03T03:22:49.265+0600][46.564s][info][gc,start    ] GC(49) Concurrent weak roots
[2026-04-03T03:22:49.265+0600][46.564s][info][gc,task     ] GC(49) Using 3 of 6 workers for concurrent weak root
[2026-04-03T03:22:49.267+0600][46.566s][info][gc          ] GC(49) Concurrent weak roots 1.988ms
[2026-04-03T03:22:49.267+0600][46.566s][info][gc,start    ] GC(49) Concurrent cleanup
[2026-04-03T03:22:49.268+0600][46.567s][info][gc          ] GC(49) Concurrent cleanup 547M->533M(666M) 0.640ms
[2026-04-03T03:22:49.268+0600][46.567s][info][gc,ergo     ] GC(49) Free: 412M, Max: 256K regular, 284M humongous, Frag: 32% external, 0% internal; Reserve: 51071K, Max: 256K
[2026-04-03T03:22:49.268+0600][46.567s][info][gc,start    ] GC(49) Concurrent class unloading
[2026-04-03T03:22:49.268+0600][46.567s][info][gc,task     ] GC(49) Using 3 of 6 workers for concurrent class unloading
[2026-04-03T03:22:49.274+0600][46.573s][info][gc          ] GC(49) Concurrent class unloading 6.076ms
[2026-04-03T03:22:49.274+0600][46.573s][info][gc,start    ] GC(49) Concurrent strong roots
[2026-04-03T03:22:49.274+0600][46.573s][info][gc,task     ] GC(49) Using 3 of 6 workers for concurrent strong root
[2026-04-03T03:22:49.275+0600][46.574s][info][gc          ] GC(49) Concurrent strong roots 0.637ms
[2026-04-03T03:22:49.275+0600][46.574s][info][gc,start    ] GC(49) Concurrent evacuation
[2026-04-03T03:22:49.275+0600][46.574s][info][gc,task     ] GC(49) Using 3 of 6 workers for concurrent evacuation
[2026-04-03T03:22:49.299+0600][46.598s][info][gc          ] GC(49) Concurrent evacuation 24.488ms
[2026-04-03T03:22:49.300+0600][46.599s][info][gc,start    ] GC(49) Pause Init Update Refs
[2026-04-03T03:22:49.300+0600][46.599s][info][gc,ergo     ] GC(49) Pacer for Update Refs. Used: 564M, Free: 397M, Non-Taxable: 40722K, Alloc Tax Rate: 1.7x
[2026-04-03T03:22:49.300+0600][46.599s][info][gc          ] GC(49) Pause Init Update Refs 0.159ms
[2026-04-03T03:22:49.300+0600][46.599s][info][gc,start    ] GC(49) Concurrent update references
[2026-04-03T03:22:49.300+0600][46.599s][info][gc,task     ] GC(49) Using 3 of 6 workers for concurrent reference update
[2026-04-03T03:22:49.485+0600][46.783s][info][gc          ] GC(49) Concurrent update references 184.609ms
[2026-04-03T03:22:49.485+0600][46.783s][info][gc,start    ] GC(49) Concurrent update thread roots
[2026-04-03T03:22:49.486+0600][46.784s][info][gc          ] GC(49) Concurrent update thread roots 1.044ms
[2026-04-03T03:22:49.486+0600][46.785s][info][gc,start    ] GC(49) Pause Final Update Refs
[2026-04-03T03:22:49.486+0600][46.785s][info][gc,task     ] GC(49) Using 6 of 6 workers for final reference update
[2026-04-03T03:22:49.486+0600][46.785s][info][gc          ] GC(49) Pause Final Update Refs 0.268ms
[2026-04-03T03:22:49.486+0600][46.785s][info][gc,start    ] GC(49) Concurrent cleanup
[2026-04-03T03:22:49.487+0600][46.786s][info][gc          ] GC(49) Concurrent cleanup 626M->458M(681M) 0.807ms
[2026-04-03T03:22:49.487+0600][46.786s][info][gc,ergo     ] Free: 488M, Max: 256K regular, 333M humongous, Frag: 32% external, 0% internal; Reserve: 51200K, Max: 256K
[2026-04-03T03:22:49.487+0600][46.786s][info][gc,stats    ] 
[2026-04-03T03:22:49.487+0600][46.786s][info][gc,stats    ] All times are wall-clock times, except per-root-class counters, that are sum over
[2026-04-03T03:22:49.487+0600][46.786s][info][gc,stats    ] all workers. Dividing the <total> over the root stage time estimates parallelism.
[2026-04-03T03:22:49.487+0600][46.786s][info][gc,stats    ] 
[2026-04-03T03:22:49.487+0600][46.786s][info][gc,stats    ] Concurrent Reset                   2014 us
[2026-04-03T03:22:49.487+0600][46.786s][info][gc,stats    ] Pause Init Mark (G)                 606 us
[2026-04-03T03:22:49.487+0600][46.786s][info][gc,stats    ] Pause Init Mark (N)                 179 us
[2026-04-03T03:22:49.487+0600][46.786s][info][gc,stats    ]   Update Region States               56 us
[2026-04-03T03:22:49.487+0600][46.786s][info][gc,stats    ] Concurrent Mark Roots              1014 us, parallelism: 1.60x
[2026-04-03T03:22:49.487+0600][46.786s][info][gc,stats    ]   CMR: <total>                     1618 us
[2026-04-03T03:22:49.487+0600][46.786s][info][gc,stats    ]   CMR: Thread Roots                1342 us, workers (us): 529, 289, 524, ---, ---, ---, 
[2026-04-03T03:22:49.487+0600][46.786s][info][gc,stats    ]   CMR: VM Strong Roots               34 us, workers (us):  33,   1,   0, ---, ---, ---, 
[2026-04-03T03:22:49.487+0600][46.786s][info][gc,stats    ]   CMR: CLDG Roots                   242 us, workers (us): ---, 242, ---, ---, ---, ---, 
[2026-04-03T03:22:49.487+0600][46.786s][info][gc,stats    ] Concurrent Marking               305343 us
[2026-04-03T03:22:49.487+0600][46.786s][info][gc,stats    ] Pause Final Mark (G)               1033 us
[2026-04-03T03:22:49.487+0600][46.786s][info][gc,stats    ] Pause Final Mark (N)                750 us
[2026-04-03T03:22:49.487+0600][46.786s][info][gc,stats    ]   Finish Mark                       171 us
[2026-04-03T03:22:49.487+0600][46.786s][info][gc,stats    ]   Update Region States               51 us
[2026-04-03T03:22:49.487+0600][46.786s][info][gc,stats    ]   Choose Collection Set             406 us
[2026-04-03T03:22:49.487+0600][46.786s][info][gc,stats    ]   Rebuild Free Set                   43 us
[2026-04-03T03:22:49.487+0600][46.786s][info][gc,stats    ] Concurrent Thread Roots             568 us, parallelism: 2.18x
[2026-04-03T03:22:49.487+0600][46.786s][info][gc,stats    ]   CTR: <total>                     1237 us
[2026-04-03T03:22:49.487+0600][46.786s][info][gc,stats    ]   CTR: Thread Roots                1237 us, workers (us): 435, 412, 389, ---, ---, ---, 
[2026-04-03T03:22:49.487+0600][46.786s][info][gc,stats    ] Concurrent Weak References          622 us, parallelism: 1.00x
[2026-04-03T03:22:49.487+0600][46.786s][info][gc,stats    ]   CWRF: <total>                     625 us
[2026-04-03T03:22:49.487+0600][46.786s][info][gc,stats    ]   CWRF: Weak References             625 us, workers (us): 156, 466,   2, ---, ---, ---, 
[2026-04-03T03:22:49.487+0600][46.786s][info][gc,stats    ] Concurrent Weak Roots              2038 us
[2026-04-03T03:22:49.488+0600][46.786s][info][gc,stats    ]   Roots                            1745 us, parallelism: 2.51x
[2026-04-03T03:22:49.488+0600][46.786s][info][gc,stats    ]     CWR: <total>                   4383 us
[2026-04-03T03:22:49.488+0600][46.786s][info][gc,stats    ]     CWR: Code Cache Roots          2983 us, workers (us): 901, 1032, 1051, ---, ---, ---, 
[2026-04-03T03:22:49.488+0600][46.786s][info][gc,stats    ]     CWR: VM Weak Roots             1358 us, workers (us): 477, 458, 423, ---, ---, ---, 
[2026-04-03T03:22:49.488+0600][46.786s][info][gc,stats    ]     CWR: CLDG Roots                  42 us, workers (us):  42, ---, ---, ---, ---, ---, 
[2026-04-03T03:22:49.488+0600][46.786s][info][gc,stats    ]   Rendezvous                        210 us
[2026-04-03T03:22:49.488+0600][46.786s][info][gc,stats    ] Concurrent Cleanup                  655 us
[2026-04-03T03:22:49.488+0600][46.786s][info][gc,stats    ] Concurrent Class Unloading         6147 us
[2026-04-03T03:22:49.488+0600][46.786s][info][gc,stats    ]   Unlink Stale                     5607 us
[2026-04-03T03:22:49.488+0600][46.786s][info][gc,stats    ]     System Dictionary               138 us
[2026-04-03T03:22:49.488+0600][46.786s][info][gc,stats    ]     Weak Class Links                  0 us
[2026-04-03T03:22:49.488+0600][46.786s][info][gc,stats    ]     Code Roots                     5466 us
[2026-04-03T03:22:49.488+0600][46.786s][info][gc,stats    ]   Rendezvous                        272 us
[2026-04-03T03:22:49.488+0600][46.786s][info][gc,stats    ]   Purge Unlinked                    173 us
[2026-04-03T03:22:49.488+0600][46.786s][info][gc,stats    ]     Code Roots                      162 us
[2026-04-03T03:22:49.488+0600][46.786s][info][gc,stats    ]     CLDG                             11 us
[2026-04-03T03:22:49.488+0600][46.786s][info][gc,stats    ]     Exception Caches                  1 us
[2026-04-03T03:22:49.488+0600][46.786s][info][gc,stats    ] Concurrent Strong Roots             665 us, parallelism: 0.64x
[2026-04-03T03:22:49.488+0600][46.786s][info][gc,stats    ]   CSR: <total>                      424 us
[2026-04-03T03:22:49.488+0600][46.786s][info][gc,stats    ]   CSR: VM Strong Roots               32 us, workers (us):  22,   9,   0, ---, ---, ---, 
[2026-04-03T03:22:49.488+0600][46.786s][info][gc,stats    ]   CSR: CLDG Roots                   393 us, workers (us): ---, 393, ---, ---, ---, ---, 
[2026-04-03T03:22:49.488+0600][46.786s][info][gc,stats    ] Concurrent Evacuation             24539 us
[2026-04-03T03:22:49.488+0600][46.786s][info][gc,stats    ] Pause Init Update Refs (G)          415 us
[2026-04-03T03:22:49.488+0600][46.786s][info][gc,stats    ] Pause Init Update Refs (N)          174 us
[2026-04-03T03:22:49.488+0600][46.786s][info][gc,stats    ]   Manage GCLABs                      66 us
[2026-04-03T03:22:49.488+0600][46.786s][info][gc,stats    ] Concurrent Update Refs           184674 us
[2026-04-03T03:22:49.488+0600][46.786s][info][gc,stats    ] Concurrent Update Thread Roots     1113 us
[2026-04-03T03:22:49.488+0600][46.786s][info][gc,stats    ] Pause Final Update Refs (G)         677 us
[2026-04-03T03:22:49.488+0600][46.786s][info][gc,stats    ] Pause Final Update Refs (N)         289 us
[2026-04-03T03:22:49.488+0600][46.786s][info][gc,stats    ]   Update Region States               96 us
[2026-04-03T03:22:49.488+0600][46.787s][info][gc,stats    ]   Trash Collection Set               32 us
[2026-04-03T03:22:49.488+0600][46.787s][info][gc,stats    ]   Rebuild Free Set                   53 us
[2026-04-03T03:22:49.488+0600][46.787s][info][gc,stats    ] Concurrent Cleanup                  837 us
[2026-04-03T03:22:49.488+0600][46.787s][info][gc,stats    ] Pacing                           266066 us
[2026-04-03T03:22:49.488+0600][46.787s][info][gc,stats    ] 
[2026-04-03T03:22:49.488+0600][46.787s][info][gc,stats    ] Allocation pacing accrued:
[2026-04-03T03:22:49.488+0600][46.787s][info][gc,stats    ]      79 of   535 ms ( 14.8%): Executor task launch worker for task 0.0 in stage 14.0 (TID 21)
[2026-04-03T03:22:49.488+0600][46.787s][info][gc,stats    ]      94 of   535 ms ( 17.5%): Executor task launch worker for task 2.0 in stage 14.0 (TID 23)
[2026-04-03T03:22:49.488+0600][46.787s][info][gc,stats    ]      93 of   535 ms ( 17.4%): Executor task launch worker for task 1.0 in stage 14.0 (TID 22)
[2026-04-03T03:22:49.488+0600][46.787s][info][gc,stats    ]     266 of   535 ms ( 49.7%): <total>
[2026-04-03T03:22:49.488+0600][46.787s][info][gc,stats    ]       2 of   535 ms (  0.4%): <average total>
[2026-04-03T03:22:49.488+0600][46.787s][info][gc,stats    ]      89 of   535 ms ( 16.6%): <average non-zero>
[2026-04-03T03:22:49.488+0600][46.787s][info][gc,stats    ] 
[2026-04-03T03:22:49.488+0600][46.787s][info][gc,metaspace] Metaspace: 72770K(73728K)->72774K(73728K) NonClass: 63492K(64064K)->63497K(64064K) Class: 9277K(9664K)->9277K(9664K)
[2026-04-03T03:22:49.488+0600][46.787s][info][gc,ergo     ] Pacer for Idle. Initial: 20480K, Alloc Tax Rate: 1.0x
[2026-04-03T03:22:49.891+0600][47.190s][info][gc          ] Trigger: Average GC time (637.54 ms) is above the time for average allocation rate (515 MB/s) to deplete free headroom (291M) (margin of error = 1.81)
[2026-04-03T03:22:49.891+0600][47.190s][info][gc,ergo     ] Free headroom: 341M (free) - 51200K (spike) - 0B (penalties) = 291M
[2026-04-03T03:22:49.891+0600][47.190s][info][gc,ergo     ] Free: 341M, Max: 256K regular, 333M humongous, Frag: 3% external, 0% internal; Reserve: 51200K, Max: 256K
[2026-04-03T03:22:49.891+0600][47.190s][info][gc,start    ] GC(50) Concurrent reset
[2026-04-03T03:22:49.891+0600][47.190s][info][gc,task     ] GC(50) Using 3 of 6 workers for concurrent reset
[2026-04-03T03:22:49.891+0600][47.190s][info][gc,ergo     ] GC(50) Pacer for Reset. Non-Taxable: 1000M
[2026-04-03T03:22:49.893+0600][47.192s][info][gc          ] GC(50) Concurrent reset 1.965ms
[2026-04-03T03:22:49.893+0600][47.192s][info][gc,start    ] GC(50) Pause Init Mark (unload classes)
[2026-04-03T03:22:49.893+0600][47.192s][info][gc,task     ] GC(50) Using 6 of 6 workers for init marking
[2026-04-03T03:22:49.894+0600][47.192s][info][gc,ergo     ] GC(50) Pacer for Mark. Expected Live: 206M, Free: 340M, Non-Taxable: 34834K, Alloc Tax Rate: 0.7x
[2026-04-03T03:22:49.894+0600][47.192s][info][gc          ] GC(50) Pause Init Mark (unload classes) 0.188ms
[2026-04-03T03:22:49.894+0600][47.193s][info][gc,start    ] GC(50) Concurrent marking roots
[2026-04-03T03:22:49.894+0600][47.193s][info][gc,task     ] GC(50) Using 3 of 6 workers for concurrent marking roots
[2026-04-03T03:22:49.895+0600][47.194s][info][gc          ] GC(50) Concurrent marking roots 0.994ms
[2026-04-03T03:22:49.895+0600][47.194s][info][gc,start    ] GC(50) Concurrent marking (unload classes)
[2026-04-03T03:22:49.895+0600][47.194s][info][gc,task     ] GC(50) Using 3 of 6 workers for concurrent marking
[2026-04-03T03:22:50.164+0600][47.463s][info][gc          ] GC(50) Concurrent marking (unload classes) 269.372ms
[2026-04-03T03:22:50.164+0600][47.463s][info][gc,start    ] GC(50) Pause Final Mark (unload classes)
[2026-04-03T03:22:50.164+0600][47.463s][info][gc,task     ] GC(50) Using 6 of 6 workers for final marking
[2026-04-03T03:22:50.165+0600][47.464s][info][gc,ergo     ] GC(50) Adaptive CSet Selection. Target Free: 141M, Actual Free: 447M, Max CSet: 42666K, Min Garbage: 0B
[2026-04-03T03:22:50.165+0600][47.464s][info][gc,ergo     ] GC(50) Collectable Garbage: 373M (97%), Immediate: 125M (32%), CSet: 247M (64%)
[2026-04-03T03:22:50.165+0600][47.464s][info][gc,ergo     ] GC(50) Pacer for Evacuation. Used CSet: 281M, Free: 398M, Non-Taxable: 40799K, Alloc Tax Rate: 1.7x
[2026-04-03T03:22:50.165+0600][47.464s][info][gc          ] GC(50) Pause Final Mark (unload classes) 0.936ms
[2026-04-03T03:22:50.166+0600][47.464s][info][gc,start    ] GC(50) Concurrent thread roots
[2026-04-03T03:22:50.166+0600][47.464s][info][gc,task     ] GC(50) Using 3 of 6 workers for Concurrent thread roots
[2026-04-03T03:22:50.166+0600][47.465s][info][gc          ] GC(50) Concurrent thread roots 0.729ms
[2026-04-03T03:22:50.166+0600][47.465s][info][gc,start    ] GC(50) Concurrent weak references
[2026-04-03T03:22:50.166+0600][47.465s][info][gc,task     ] GC(50) Using 3 of 6 workers for concurrent weak references
[2026-04-03T03:22:50.167+0600][47.466s][info][gc,ref      ] GC(50) Encountered references: Soft: 3175, Weak: 6251, Final: 84, Phantom: 603
[2026-04-03T03:22:50.167+0600][47.466s][info][gc,ref      ] GC(50) Discovered  references: Soft: 0, Weak: 3076, Final: 52, Phantom: 347
[2026-04-03T03:22:50.167+0600][47.466s][info][gc,ref      ] GC(50) Enqueued    references: Soft: 0, Weak: 0, Final: 0, Phantom: 0
[2026-04-03T03:22:50.167+0600][47.466s][info][gc          ] GC(50) Concurrent weak references 0.742ms
[2026-04-03T03:22:50.167+0600][47.466s][info][gc,start    ] GC(50) Concurrent weak roots
[2026-04-03T03:22:50.167+0600][47.466s][info][gc,task     ] GC(50) Using 3 of 6 workers for concurrent weak root
[2026-04-03T03:22:50.170+0600][47.469s][info][gc          ] GC(50) Concurrent weak roots 2.678ms
[2026-04-03T03:22:50.170+0600][47.469s][info][gc,start    ] GC(50) Concurrent cleanup
[2026-04-03T03:22:50.170+0600][47.469s][info][gc          ] GC(50) Concurrent cleanup 677M->551M(683M) 0.686ms
[2026-04-03T03:22:50.171+0600][47.469s][info][gc,ergo     ] GC(50) Free: 395M, Max: 256K regular, 290M humongous, Frag: 27% external, 0% internal; Reserve: 50766K, Max: 256K
[2026-04-03T03:22:50.171+0600][47.469s][info][gc,start    ] GC(50) Concurrent class unloading
[2026-04-03T03:22:50.171+0600][47.469s][info][gc,task     ] GC(50) Using 3 of 6 workers for concurrent class unloading
[2026-04-03T03:22:50.177+0600][47.476s][info][gc          ] GC(50) Concurrent class unloading 6.184ms
[2026-04-03T03:22:50.177+0600][47.476s][info][gc,start    ] GC(50) Concurrent strong roots
[2026-04-03T03:22:50.177+0600][47.476s][info][gc,task     ] GC(50) Using 3 of 6 workers for concurrent strong root
[2026-04-03T03:22:50.178+0600][47.476s][info][gc          ] GC(50) Concurrent strong roots 0.779ms
[2026-04-03T03:22:50.178+0600][47.476s][info][gc,start    ] GC(50) Concurrent evacuation
[2026-04-03T03:22:50.178+0600][47.476s][info][gc,task     ] GC(50) Using 3 of 6 workers for concurrent evacuation
[2026-04-03T03:22:50.216+0600][47.515s][info][gc          ] GC(50) Concurrent evacuation 38.359ms
[2026-04-03T03:22:50.216+0600][47.515s][info][gc,start    ] GC(50) Pause Init Update Refs
[2026-04-03T03:22:50.216+0600][47.515s][info][gc,ergo     ] GC(50) Pacer for Update Refs. Used: 613M, Free: 368M, Non-Taxable: 37727K, Alloc Tax Rate: 2.0x
[2026-04-03T03:22:50.216+0600][47.515s][info][gc          ] GC(50) Pause Init Update Refs 0.146ms
[2026-04-03T03:22:50.217+0600][47.515s][info][gc,start    ] GC(50) Concurrent update references
[2026-04-03T03:22:50.217+0600][47.515s][info][gc,task     ] GC(50) Using 3 of 6 workers for concurrent reference update
[2026-04-03T03:22:50.381+0600][47.679s][info][gc          ] GC(50) Concurrent update references 163.940ms
[2026-04-03T03:22:50.381+0600][47.679s][info][gc,start    ] GC(50) Concurrent update thread roots
[2026-04-03T03:22:50.382+0600][47.680s][info][gc          ] GC(50) Concurrent update thread roots 0.921ms
[2026-04-03T03:22:50.382+0600][47.681s][info][gc,start    ] GC(50) Pause Final Update Refs
[2026-04-03T03:22:50.382+0600][47.681s][info][gc,task     ] GC(50) Using 6 of 6 workers for final reference update
[2026-04-03T03:22:50.382+0600][47.681s][info][gc          ] GC(50) Pause Final Update Refs 0.257ms
[2026-04-03T03:22:50.382+0600][47.681s][info][gc,start    ] GC(50) Concurrent cleanup
[2026-04-03T03:22:50.383+0600][47.682s][info][gc          ] GC(50) Concurrent cleanup 711M->430M(714M) 0.966ms
[2026-04-03T03:22:50.383+0600][47.682s][info][gc,ergo     ] Free: 516M, Max: 256K regular, 282M humongous, Frag: 46% external, 0% internal; Reserve: 51200K, Max: 256K
[2026-04-03T03:22:50.383+0600][47.682s][info][gc,stats    ] 
[2026-04-03T03:22:50.383+0600][47.682s][info][gc,stats    ] All times are wall-clock times, except per-root-class counters, that are sum over
[2026-04-03T03:22:50.383+0600][47.682s][info][gc,stats    ] all workers. Dividing the <total> over the root stage time estimates parallelism.
[2026-04-03T03:22:50.383+0600][47.682s][info][gc,stats    ] 
[2026-04-03T03:22:50.383+0600][47.682s][info][gc,stats    ] Concurrent Reset                   2032 us
[2026-04-03T03:22:50.383+0600][47.682s][info][gc,stats    ] Pause Init Mark (G)                 604 us
[2026-04-03T03:22:50.383+0600][47.682s][info][gc,stats    ] Pause Init Mark (N)                 202 us
[2026-04-03T03:22:50.383+0600][47.682s][info][gc,stats    ]   Update Region States               53 us
[2026-04-03T03:22:50.383+0600][47.682s][info][gc,stats    ] Concurrent Mark Roots              1052 us, parallelism: 1.38x
[2026-04-03T03:22:50.383+0600][47.682s][info][gc,stats    ]   CMR: <total>                     1454 us
[2026-04-03T03:22:50.383+0600][47.682s][info][gc,stats    ]   CMR: Thread Roots                1167 us, workers (us): 221, 473, 473, ---, ---, ---, 
[2026-04-03T03:22:50.383+0600][47.682s][info][gc,stats    ]   CMR: VM Strong Roots               41 us, workers (us):  13,  16,  12, ---, ---, ---, 
[2026-04-03T03:22:50.383+0600][47.682s][info][gc,stats    ]   CMR: CLDG Roots                   246 us, workers (us): 246, ---, ---, ---, ---, ---, 
[2026-04-03T03:22:50.383+0600][47.682s][info][gc,stats    ] Concurrent Marking               269454 us
[2026-04-03T03:22:50.383+0600][47.682s][info][gc,stats    ] Pause Final Mark (G)               1278 us
[2026-04-03T03:22:50.383+0600][47.682s][info][gc,stats    ] Pause Final Mark (N)                947 us
[2026-04-03T03:22:50.383+0600][47.682s][info][gc,stats    ]   Finish Mark                       248 us
[2026-04-03T03:22:50.383+0600][47.682s][info][gc,stats    ]   Update Region States               50 us
[2026-04-03T03:22:50.383+0600][47.682s][info][gc,stats    ]   Choose Collection Set             472 us
[2026-04-03T03:22:50.383+0600][47.682s][info][gc,stats    ]   Rebuild Free Set                   53 us
[2026-04-03T03:22:50.383+0600][47.682s][info][gc,stats    ] Concurrent Thread Roots             780 us, parallelism: 1.93x
[2026-04-03T03:22:50.383+0600][47.682s][info][gc,stats    ]   CTR: <total>                     1502 us
[2026-04-03T03:22:50.383+0600][47.682s][info][gc,stats    ]   CTR: Thread Roots                1502 us, workers (us): 509, 501, 492, ---, ---, ---, 
[2026-04-03T03:22:50.383+0600][47.682s][info][gc,stats    ] Concurrent Weak References          753 us, parallelism: 0.79x
[2026-04-03T03:22:50.383+0600][47.682s][info][gc,stats    ]   CWRF: <total>                     597 us
[2026-04-03T03:22:50.383+0600][47.682s][info][gc,stats    ]   CWRF: Weak References             597 us, workers (us): 541,  38,  18, ---, ---, ---, 
[2026-04-03T03:22:50.383+0600][47.682s][info][gc,stats    ] Concurrent Weak Roots              2730 us
[2026-04-03T03:22:50.383+0600][47.682s][info][gc,stats    ]   Roots                            2418 us, parallelism: 2.59x
[2026-04-03T03:22:50.383+0600][47.682s][info][gc,stats    ]     CWR: <total>                   6257 us
[2026-04-03T03:22:50.384+0600][47.682s][info][gc,stats    ]     CWR: Code Cache Roots          4029 us, workers (us): 1338, 1406, 1285, ---, ---, ---, 
[2026-04-03T03:22:50.384+0600][47.682s][info][gc,stats    ]     CWR: VM Weak Roots             2148 us, workers (us): 733, 727, 689, ---, ---, ---, 
[2026-04-03T03:22:50.384+0600][47.682s][info][gc,stats    ]     CWR: CLDG Roots                  80 us, workers (us): ---, ---,  80, ---, ---, ---, 
[2026-04-03T03:22:50.384+0600][47.682s][info][gc,stats    ]   Rendezvous                        238 us
[2026-04-03T03:22:50.384+0600][47.682s][info][gc,stats    ] Concurrent Cleanup                  702 us
[2026-04-03T03:22:50.384+0600][47.682s][info][gc,stats    ] Concurrent Class Unloading         6265 us
[2026-04-03T03:22:50.384+0600][47.682s][info][gc,stats    ]   Unlink Stale                     5623 us
[2026-04-03T03:22:50.384+0600][47.682s][info][gc,stats    ]     System Dictionary                72 us
[2026-04-03T03:22:50.384+0600][47.682s][info][gc,stats    ]     Weak Class Links                  0 us
[2026-04-03T03:22:50.384+0600][47.682s][info][gc,stats    ]     Code Roots                     5547 us
[2026-04-03T03:22:50.384+0600][47.682s][info][gc,stats    ]   Rendezvous                        271 us
[2026-04-03T03:22:50.384+0600][47.682s][info][gc,stats    ]   Purge Unlinked                    265 us
[2026-04-03T03:22:50.384+0600][47.682s][info][gc,stats    ]     Code Roots                      223 us
[2026-04-03T03:22:50.384+0600][47.682s][info][gc,stats    ]     CLDG                             41 us
[2026-04-03T03:22:50.384+0600][47.682s][info][gc,stats    ]     Exception Caches                  0 us
[2026-04-03T03:22:50.384+0600][47.682s][info][gc,stats    ] Concurrent Strong Roots             841 us, parallelism: 0.58x
[2026-04-03T03:22:50.384+0600][47.682s][info][gc,stats    ]   CSR: <total>                      484 us
[2026-04-03T03:22:50.384+0600][47.682s][info][gc,stats    ]   CSR: VM Strong Roots               57 us, workers (us):  29,  26,   1, ---, ---, ---, 
[2026-04-03T03:22:50.384+0600][47.682s][info][gc,stats    ]   CSR: CLDG Roots                   428 us, workers (us): 428, ---, ---, ---, ---, ---, 
[2026-04-03T03:22:50.384+0600][47.682s][info][gc,stats    ] Concurrent Evacuation             38446 us
[2026-04-03T03:22:50.384+0600][47.682s][info][gc,stats    ] Pause Init Update Refs (G)          445 us
[2026-04-03T03:22:50.384+0600][47.682s][info][gc,stats    ] Pause Init Update Refs (N)          161 us
[2026-04-03T03:22:50.384+0600][47.682s][info][gc,stats    ]   Manage GCLABs                      23 us
[2026-04-03T03:22:50.384+0600][47.682s][info][gc,stats    ] Concurrent Update Refs           164026 us
[2026-04-03T03:22:50.384+0600][47.682s][info][gc,stats    ] Concurrent Update Thread Roots      988 us
[2026-04-03T03:22:50.384+0600][47.682s][info][gc,stats    ] Pause Final Update Refs (G)         607 us
[2026-04-03T03:22:50.384+0600][47.682s][info][gc,stats    ] Pause Final Update Refs (N)         276 us
[2026-04-03T03:22:50.384+0600][47.682s][info][gc,stats    ]   Update Region States               69 us
[2026-04-03T03:22:50.384+0600][47.683s][info][gc,stats    ]   Trash Collection Set               35 us
[2026-04-03T03:22:50.384+0600][47.683s][info][gc,stats    ]   Rebuild Free Set                   68 us
[2026-04-03T03:22:50.384+0600][47.683s][info][gc,stats    ] Concurrent Cleanup                  993 us
[2026-04-03T03:22:50.384+0600][47.683s][info][gc,stats    ] Pacing                           449070 us
[2026-04-03T03:22:50.384+0600][47.683s][info][gc,stats    ] 
[2026-04-03T03:22:50.384+0600][47.683s][info][gc,stats    ] Allocation pacing accrued:
[2026-04-03T03:22:50.384+0600][47.683s][info][gc,stats    ]     151 of   896 ms ( 16.8%): Executor task launch worker for task 0.0 in stage 14.0 (TID 21)
[2026-04-03T03:22:50.384+0600][47.683s][info][gc,stats    ]     151 of   896 ms ( 16.9%): Executor task launch worker for task 2.0 in stage 14.0 (TID 23)
[2026-04-03T03:22:50.384+0600][47.683s][info][gc,stats    ]     147 of   896 ms ( 16.5%): Executor task launch worker for task 1.0 in stage 14.0 (TID 22)
[2026-04-03T03:22:50.384+0600][47.683s][info][gc,stats    ]     449 of   896 ms ( 50.1%): <total>
[2026-04-03T03:22:50.384+0600][47.683s][info][gc,stats    ]       3 of   896 ms (  0.4%): <average total>
[2026-04-03T03:22:50.384+0600][47.683s][info][gc,stats    ]     150 of   896 ms ( 16.7%): <average non-zero>
[2026-04-03T03:22:50.384+0600][47.683s][info][gc,stats    ] 
[2026-04-03T03:22:50.384+0600][47.683s][info][gc,metaspace] Metaspace: 72797K(73728K)->72797K(73728K) NonClass: 63517K(64064K)->63517K(64064K) Class: 9279K(9664K)->9279K(9664K)
[2026-04-03T03:22:50.384+0600][47.683s][info][gc,ergo     ] Pacer for Idle. Initial: 20480K, Alloc Tax Rate: 1.0x
[2026-04-03T03:22:50.485+0600][47.784s][info][gc          ] Trigger: Average GC time (594.28 ms) is above the time for average allocation rate (761 MB/s) to deplete free headroom (361M) (margin of error = 1.82)
[2026-04-03T03:22:50.485+0600][47.784s][info][gc,ergo     ] Free headroom: 411M (free) - 51200K (spike) - 0B (penalties) = 361M
[2026-04-03T03:22:50.485+0600][47.784s][info][gc,ergo     ] Free: 410M, Max: 256K regular, 282M humongous, Frag: 32% external, 0% internal; Reserve: 51200K, Max: 256K
[2026-04-03T03:22:50.485+0600][47.784s][info][gc,start    ] GC(51) Concurrent reset
[2026-04-03T03:22:50.485+0600][47.784s][info][gc,task     ] GC(51) Using 3 of 6 workers for concurrent reset
[2026-04-03T03:22:50.485+0600][47.784s][info][gc,ergo     ] GC(51) Pacer for Reset. Non-Taxable: 1000M
[2026-04-03T03:22:50.487+0600][47.786s][info][gc          ] GC(51) Concurrent reset 1.892ms
[2026-04-03T03:22:50.487+0600][47.786s][info][gc,start    ] GC(51) Pause Init Mark (unload classes)
[2026-04-03T03:22:50.487+0600][47.786s][info][gc,task     ] GC(51) Using 6 of 6 workers for init marking
[2026-04-03T03:22:50.487+0600][47.786s][info][gc,ergo     ] GC(51) Pacer for Mark. Expected Live: 221M, Free: 409M, Non-Taxable: 41925K, Alloc Tax Rate: 0.7x
[2026-04-03T03:22:50.487+0600][47.786s][info][gc          ] GC(51) Pause Init Mark (unload classes) 0.126ms
[2026-04-03T03:22:50.488+0600][47.786s][info][gc,start    ] GC(51) Concurrent marking roots
[2026-04-03T03:22:50.488+0600][47.786s][info][gc,task     ] GC(51) Using 3 of 6 workers for concurrent marking roots
[2026-04-03T03:22:50.488+0600][47.787s][info][gc          ] GC(51) Concurrent marking roots 0.860ms
[2026-04-03T03:22:50.488+0600][47.787s][info][gc,start    ] GC(51) Concurrent marking (unload classes)
[2026-04-03T03:22:50.488+0600][47.787s][info][gc,task     ] GC(51) Using 3 of 6 workers for concurrent marking
[2026-04-03T03:22:50.751+0600][48.050s][info][gc          ] GC(51) Concurrent marking (unload classes) 262.640ms
[2026-04-03T03:22:50.751+0600][48.050s][info][gc,start    ] GC(51) Pause Final Mark (unload classes)
[2026-04-03T03:22:50.751+0600][48.050s][info][gc,task     ] GC(51) Using 6 of 6 workers for final marking
[2026-04-03T03:22:50.752+0600][48.051s][info][gc,ergo     ] GC(51) Adaptive CSet Selection. Target Free: 141M, Actual Free: 407M, Max CSet: 42666K, Min Garbage: 0B
[2026-04-03T03:22:50.752+0600][48.051s][info][gc,ergo     ] GC(51) Collectable Garbage: 323M (96%), Immediate: 24064K (7%), CSet: 299M (89%)
[2026-04-03T03:22:50.752+0600][48.051s][info][gc,ergo     ] GC(51) Pacer for Evacuation. Used CSet: 323M, Free: 357M, Non-Taxable: 36626K, Alloc Tax Rate: 2.2x
[2026-04-03T03:22:50.752+0600][48.051s][info][gc          ] GC(51) Pause Final Mark (unload classes) 1.020ms
[2026-04-03T03:22:50.753+0600][48.051s][info][gc,start    ] GC(51) Concurrent thread roots
[2026-04-03T03:22:50.753+0600][48.051s][info][gc,task     ] GC(51) Using 3 of 6 workers for Concurrent thread roots
[2026-04-03T03:22:50.753+0600][48.052s][info][gc          ] GC(51) Concurrent thread roots 0.692ms
[2026-04-03T03:22:50.753+0600][48.052s][info][gc,start    ] GC(51) Concurrent weak references
[2026-04-03T03:22:50.753+0600][48.052s][info][gc,task     ] GC(51) Using 3 of 6 workers for concurrent weak references
[2026-04-03T03:22:50.754+0600][48.053s][info][gc,ref      ] GC(51) Encountered references: Soft: 3175, Weak: 6251, Final: 84, Phantom: 603
[2026-04-03T03:22:50.754+0600][48.053s][info][gc,ref      ] GC(51) Discovered  references: Soft: 0, Weak: 2443, Final: 4, Phantom: 599
[2026-04-03T03:22:50.754+0600][48.053s][info][gc,ref      ] GC(51) Enqueued    references: Soft: 0, Weak: 0, Final: 0, Phantom: 0
[2026-04-03T03:22:50.754+0600][48.053s][info][gc          ] GC(51) Concurrent weak references 0.631ms
[2026-04-03T03:22:50.754+0600][48.053s][info][gc,start    ] GC(51) Concurrent weak roots
[2026-04-03T03:22:50.754+0600][48.053s][info][gc,task     ] GC(51) Using 3 of 6 workers for concurrent weak root
[2026-04-03T03:22:50.756+0600][48.055s][info][gc          ] GC(51) Concurrent weak roots 2.304ms
[2026-04-03T03:22:50.756+0600][48.055s][info][gc,start    ] GC(51) Concurrent cleanup
[2026-04-03T03:22:50.757+0600][48.056s][info][gc          ] GC(51) Concurrent cleanup 615M->592M(714M) 0.738ms
[2026-04-03T03:22:50.757+0600][48.056s][info][gc,ergo     ] GC(51) Free: 355M, Max: 256K regular, 285M humongous, Frag: 20% external, 0% internal; Reserve: 50688K, Max: 256K
[2026-04-03T03:22:50.757+0600][48.056s][info][gc,start    ] GC(51) Concurrent class unloading
[2026-04-03T03:22:50.757+0600][48.056s][info][gc,task     ] GC(51) Using 3 of 6 workers for concurrent class unloading
[2026-04-03T03:22:50.764+0600][48.062s][info][gc          ] GC(51) Concurrent class unloading 6.493ms
[2026-04-03T03:22:50.764+0600][48.063s][info][gc,start    ] GC(51) Concurrent strong roots
[2026-04-03T03:22:50.764+0600][48.063s][info][gc,task     ] GC(51) Using 3 of 6 workers for concurrent strong root
[2026-04-03T03:22:50.765+0600][48.063s][info][gc          ] GC(51) Concurrent strong roots 0.903ms
[2026-04-03T03:22:50.765+0600][48.063s][info][gc,start    ] GC(51) Concurrent evacuation
[2026-04-03T03:22:50.765+0600][48.064s][info][gc,task     ] GC(51) Using 3 of 6 workers for concurrent evacuation
[2026-04-03T03:22:50.790+0600][48.089s][info][gc          ] GC(51) Concurrent evacuation 25.637ms
[2026-04-03T03:22:50.791+0600][48.089s][info][gc,start    ] GC(51) Pause Init Update Refs
[2026-04-03T03:22:50.791+0600][48.090s][info][gc,ergo     ] GC(51) Pacer for Update Refs. Used: 634M, Free: 337M, Non-Taxable: 34578K, Alloc Tax Rate: 2.3x
[2026-04-03T03:22:50.791+0600][48.090s][info][gc          ] GC(51) Pause Init Update Refs 0.103ms
[2026-04-03T03:22:50.791+0600][48.090s][info][gc,start    ] GC(51) Concurrent update references
[2026-04-03T03:22:50.791+0600][48.090s][info][gc,task     ] GC(51) Using 3 of 6 workers for concurrent reference update
[2026-04-03T03:22:50.949+0600][48.247s][info][gc          ] GC(51) Concurrent update references 157.602ms
[2026-04-03T03:22:50.949+0600][48.247s][info][gc,start    ] GC(51) Concurrent update thread roots
[2026-04-03T03:22:50.950+0600][48.249s][info][gc          ] GC(51) Concurrent update thread roots 1.373ms
[2026-04-03T03:22:50.950+0600][48.249s][info][gc,start    ] GC(51) Pause Final Update Refs
[2026-04-03T03:22:50.950+0600][48.249s][info][gc,task     ] GC(51) Using 6 of 6 workers for final reference update
[2026-04-03T03:22:50.950+0600][48.249s][info][gc          ] GC(51) Pause Final Update Refs 0.276ms
[2026-04-03T03:22:50.951+0600][48.250s][info][gc,start    ] GC(51) Concurrent cleanup
[2026-04-03T03:22:50.952+0600][48.251s][info][gc          ] GC(51) Concurrent cleanup 707M->384M(750M) 1.002ms
[2026-04-03T03:22:50.952+0600][48.251s][info][gc,ergo     ] Free: 562M, Max: 256K regular, 261M humongous, Frag: 54% external, 0% internal; Reserve: 51200K, Max: 256K
[2026-04-03T03:22:50.952+0600][48.251s][info][gc,stats    ] 
[2026-04-03T03:22:50.952+0600][48.251s][info][gc,stats    ] All times are wall-clock times, except per-root-class counters, that are sum over
[2026-04-03T03:22:50.952+0600][48.251s][info][gc,stats    ] all workers. Dividing the <total> over the root stage time estimates parallelism.
[2026-04-03T03:22:50.952+0600][48.251s][info][gc,stats    ] 
[2026-04-03T03:22:50.952+0600][48.251s][info][gc,stats    ] Concurrent Reset                   1955 us
[2026-04-03T03:22:50.952+0600][48.251s][info][gc,stats    ] Pause Init Mark (G)                 333 us
[2026-04-03T03:22:50.952+0600][48.251s][info][gc,stats    ] Pause Init Mark (N)                 141 us
[2026-04-03T03:22:50.952+0600][48.251s][info][gc,stats    ]   Update Region States               37 us
[2026-04-03T03:22:50.952+0600][48.251s][info][gc,stats    ] Concurrent Mark Roots               910 us, parallelism: 1.66x
[2026-04-03T03:22:50.952+0600][48.251s][info][gc,stats    ]   CMR: <total>                     1507 us
[2026-04-03T03:22:50.952+0600][48.251s][info][gc,stats    ]   CMR: Thread Roots                1230 us, workers (us): 257, 486, 487, ---, ---, ---, 
[2026-04-03T03:22:50.952+0600][48.251s][info][gc,stats    ]   CMR: VM Strong Roots               33 us, workers (us):  31,   1,   1, ---, ---, ---, 
[2026-04-03T03:22:50.952+0600][48.251s][info][gc,stats    ]   CMR: CLDG Roots                   244 us, workers (us): 244, ---, ---, ---, ---, ---, 
[2026-04-03T03:22:50.952+0600][48.251s][info][gc,stats    ] Concurrent Marking               262724 us
[2026-04-03T03:22:50.952+0600][48.251s][info][gc,stats    ] Pause Final Mark (G)               1366 us
[2026-04-03T03:22:50.952+0600][48.251s][info][gc,stats    ] Pause Final Mark (N)               1029 us
[2026-04-03T03:22:50.952+0600][48.251s][info][gc,stats    ]   Finish Mark                       188 us
[2026-04-03T03:22:50.952+0600][48.251s][info][gc,stats    ]   Update Region States               90 us
[2026-04-03T03:22:50.952+0600][48.251s][info][gc,stats    ]   Choose Collection Set             568 us
[2026-04-03T03:22:50.952+0600][48.251s][info][gc,stats    ]   Rebuild Free Set                   55 us
[2026-04-03T03:22:50.952+0600][48.251s][info][gc,stats    ] Concurrent Thread Roots             741 us, parallelism: 1.48x
[2026-04-03T03:22:50.952+0600][48.251s][info][gc,stats    ]   CTR: <total>                     1096 us
[2026-04-03T03:22:50.952+0600][48.251s][info][gc,stats    ]   CTR: Thread Roots                1096 us, workers (us): 392, 373, 331, ---, ---, ---, 
[2026-04-03T03:22:50.952+0600][48.251s][info][gc,stats    ] Concurrent Weak References          642 us, parallelism: 0.67x
[2026-04-03T03:22:50.952+0600][48.251s][info][gc,stats    ]   CWRF: <total>                     427 us
[2026-04-03T03:22:50.952+0600][48.251s][info][gc,stats    ]   CWRF: Weak References             427 us, workers (us): 333,  32,  62, ---, ---, ---, 
[2026-04-03T03:22:50.952+0600][48.251s][info][gc,stats    ] Concurrent Weak Roots              2363 us
[2026-04-03T03:22:50.952+0600][48.251s][info][gc,stats    ]   Roots                            2051 us, parallelism: 2.30x
[2026-04-03T03:22:50.952+0600][48.251s][info][gc,stats    ]     CWR: <total>                   4717 us
[2026-04-03T03:22:50.952+0600][48.251s][info][gc,stats    ]     CWR: Code Cache Roots          3060 us, workers (us): 1146, 914, 1000, ---, ---, ---, 
[2026-04-03T03:22:50.952+0600][48.251s][info][gc,stats    ]     CWR: VM Weak Roots             1595 us, workers (us): 569, 521, 504, ---, ---, ---, 
[2026-04-03T03:22:50.952+0600][48.251s][info][gc,stats    ]     CWR: CLDG Roots                  62 us, workers (us): ---,  62, ---, ---, ---, ---, 
[2026-04-03T03:22:50.952+0600][48.251s][info][gc,stats    ]   Rendezvous                        228 us
[2026-04-03T03:22:50.952+0600][48.251s][info][gc,stats    ] Concurrent Cleanup                  755 us
[2026-04-03T03:22:50.952+0600][48.251s][info][gc,stats    ] Concurrent Class Unloading         6592 us
[2026-04-03T03:22:50.952+0600][48.251s][info][gc,stats    ]   Unlink Stale                     6107 us
[2026-04-03T03:22:50.952+0600][48.251s][info][gc,stats    ]     System Dictionary                88 us
[2026-04-03T03:22:50.952+0600][48.251s][info][gc,stats    ]     Weak Class Links                  0 us
[2026-04-03T03:22:50.952+0600][48.251s][info][gc,stats    ]     Code Roots                     6016 us
[2026-04-03T03:22:50.952+0600][48.251s][info][gc,stats    ]   Rendezvous                        283 us
[2026-04-03T03:22:50.952+0600][48.251s][info][gc,stats    ]   Purge Unlinked                     78 us
[2026-04-03T03:22:50.952+0600][48.251s][info][gc,stats    ]     Code Roots                       66 us
[2026-04-03T03:22:50.952+0600][48.251s][info][gc,stats    ]     CLDG                             11 us
[2026-04-03T03:22:50.952+0600][48.251s][info][gc,stats    ]     Exception Caches                  0 us
[2026-04-03T03:22:50.952+0600][48.251s][info][gc,stats    ] Concurrent Strong Roots             964 us, parallelism: 0.57x
[2026-04-03T03:22:50.952+0600][48.251s][info][gc,stats    ]   CSR: <total>                      549 us
[2026-04-03T03:22:50.952+0600][48.251s][info][gc,stats    ]   CSR: VM Strong Roots               53 us, workers (us):  17,  20,  16, ---, ---, ---, 
[2026-04-03T03:22:50.952+0600][48.251s][info][gc,stats    ]   CSR: CLDG Roots                   496 us, workers (us): ---, ---, 496, ---, ---, ---, 
[2026-04-03T03:22:50.952+0600][48.251s][info][gc,stats    ] Concurrent Evacuation             25736 us
[2026-04-03T03:22:50.953+0600][48.251s][info][gc,stats    ] Pause Init Update Refs (G)          519 us
[2026-04-03T03:22:50.953+0600][48.251s][info][gc,stats    ] Pause Init Update Refs (N)          115 us
[2026-04-03T03:22:50.953+0600][48.251s][info][gc,stats    ]   Manage GCLABs                      21 us
[2026-04-03T03:22:50.953+0600][48.251s][info][gc,stats    ] Concurrent Update Refs           157701 us
[2026-04-03T03:22:50.953+0600][48.251s][info][gc,stats    ] Concurrent Update Thread Roots     1435 us
[2026-04-03T03:22:50.953+0600][48.251s][info][gc,stats    ] Pause Final Update Refs (G)         652 us
[2026-04-03T03:22:50.953+0600][48.251s][info][gc,stats    ] Pause Final Update Refs (N)         342 us
[2026-04-03T03:22:50.953+0600][48.251s][info][gc,stats    ]   Update Region States               96 us
[2026-04-03T03:22:50.953+0600][48.251s][info][gc,stats    ]   Trash Collection Set               35 us
[2026-04-03T03:22:50.953+0600][48.251s][info][gc,stats    ]   Rebuild Free Set                   60 us
[2026-04-03T03:22:50.953+0600][48.251s][info][gc,stats    ] Concurrent Cleanup                 1040 us
[2026-04-03T03:22:50.953+0600][48.251s][info][gc,stats    ] Pacing                           411154 us
[2026-04-03T03:22:50.953+0600][48.251s][info][gc,stats    ] 
[2026-04-03T03:22:50.953+0600][48.251s][info][gc,stats    ] Allocation pacing accrued:
[2026-04-03T03:22:50.953+0600][48.251s][info][gc,stats    ]     140 of   569 ms ( 24.6%): Executor task launch worker for task 0.0 in stage 14.0 (TID 21)
[2026-04-03T03:22:50.953+0600][48.251s][info][gc,stats    ]     136 of   569 ms ( 23.9%): Executor task launch worker for task 2.0 in stage 14.0 (TID 23)
[2026-04-03T03:22:50.953+0600][48.252s][info][gc,stats    ]     136 of   569 ms ( 23.8%): Executor task launch worker for task 1.0 in stage 14.0 (TID 22)
[2026-04-03T03:22:50.953+0600][48.252s][info][gc,stats    ]     411 of   569 ms ( 72.3%): <total>
[2026-04-03T03:22:50.953+0600][48.252s][info][gc,stats    ]       3 of   569 ms (  0.5%): <average total>
[2026-04-03T03:22:50.953+0600][48.252s][info][gc,stats    ]     137 of   569 ms ( 24.1%): <average non-zero>
[2026-04-03T03:22:50.953+0600][48.252s][info][gc,stats    ] 
[2026-04-03T03:22:50.953+0600][48.252s][info][gc,metaspace] Metaspace: 72797K(73728K)->72801K(73728K) NonClass: 63517K(64064K)->63521K(64064K) Class: 9279K(9664K)->9279K(9664K)
[2026-04-03T03:22:50.953+0600][48.252s][info][gc,ergo     ] Pacer for Idle. Initial: 20480K, Alloc Tax Rate: 1.0x
[2026-04-03T03:22:51.055+0600][48.354s][info][gc          ] Trigger: Average GC time (555.56 ms) is above the time for average allocation rate (804 MB/s) to deplete free headroom (408M) (margin of error = 1.82)
[2026-04-03T03:22:51.055+0600][48.354s][info][gc,ergo     ] Free headroom: 458M (free) - 51200K (spike) - 0B (penalties) = 408M
[2026-04-03T03:22:51.055+0600][48.354s][info][gc,ergo     ] Free: 458M, Max: 256K regular, 261M humongous, Frag: 44% external, 0% internal; Reserve: 51200K, Max: 256K
[2026-04-03T03:22:51.055+0600][48.354s][info][gc,start    ] GC(52) Concurrent reset
[2026-04-03T03:22:51.055+0600][48.354s][info][gc,task     ] GC(52) Using 3 of 6 workers for concurrent reset
[2026-04-03T03:22:51.055+0600][48.354s][info][gc,ergo     ] GC(52) Pacer for Reset. Non-Taxable: 1000M
[2026-04-03T03:22:51.057+0600][48.356s][info][gc          ] GC(52) Concurrent reset 1.722ms
[2026-04-03T03:22:51.057+0600][48.356s][info][gc,start    ] GC(52) Pause Init Mark (unload classes)
[2026-04-03T03:22:51.057+0600][48.356s][info][gc,task     ] GC(52) Using 6 of 6 workers for init marking
[2026-04-03T03:22:51.057+0600][48.356s][info][gc,ergo     ] GC(52) Pacer for Mark. Expected Live: 231M, Free: 456M, Non-Taxable: 46789K, Alloc Tax Rate: 0.6x
[2026-04-03T03:22:51.057+0600][48.356s][info][gc          ] GC(52) Pause Init Mark (unload classes) 0.128ms
[2026-04-03T03:22:51.057+0600][48.356s][info][gc,start    ] GC(52) Concurrent marking roots
[2026-04-03T03:22:51.057+0600][48.356s][info][gc,task     ] GC(52) Using 3 of 6 workers for concurrent marking roots
[2026-04-03T03:22:51.058+0600][48.357s][info][gc          ] GC(52) Concurrent marking roots 0.877ms
[2026-04-03T03:22:51.058+0600][48.357s][info][gc,start    ] GC(52) Concurrent marking (unload classes)
[2026-04-03T03:22:51.058+0600][48.357s][info][gc,task     ] GC(52) Using 3 of 6 workers for concurrent marking
[2026-04-03T03:22:51.336+0600][48.635s][info][gc          ] GC(52) Concurrent marking (unload classes) 277.994ms
[2026-04-03T03:22:51.336+0600][48.635s][info][gc,start    ] GC(52) Pause Final Mark (unload classes)
[2026-04-03T03:22:51.336+0600][48.635s][info][gc,task     ] GC(52) Using 6 of 6 workers for final marking
[2026-04-03T03:22:51.337+0600][48.636s][info][gc,ergo     ] GC(52) Adaptive CSet Selection. Target Free: 141M, Actual Free: 425M, Max CSet: 42666K, Min Garbage: 0B
[2026-04-03T03:22:51.340+0600][48.639s][info][gc,ergo     ] GC(52) Collectable Garbage: 264M (95%), Immediate: 2048K (0%), CSet: 262M (94%)
[2026-04-03T03:22:51.340+0600][48.639s][info][gc,ergo     ] GC(52) Pacer for Evacuation. Used CSet: 282M, Free: 375M, Non-Taxable: 38469K, Alloc Tax Rate: 1.8x
[2026-04-03T03:22:51.340+0600][48.639s][info][gc          ] GC(52) Pause Final Mark (unload classes) 3.568ms
[2026-04-03T03:22:51.340+0600][48.639s][info][gc,start    ] GC(52) Concurrent thread roots
[2026-04-03T03:22:51.340+0600][48.639s][info][gc,task     ] GC(52) Using 3 of 6 workers for Concurrent thread roots
[2026-04-03T03:22:51.341+0600][48.640s][info][gc          ] GC(52) Concurrent thread roots 0.913ms
[2026-04-03T03:22:51.341+0600][48.640s][info][gc,start    ] GC(52) Concurrent weak references
[2026-04-03T03:22:51.341+0600][48.640s][info][gc,task     ] GC(52) Using 3 of 6 workers for concurrent weak references
[2026-04-03T03:22:51.341+0600][48.640s][info][gc,ref      ] GC(52) Encountered references: Soft: 3175, Weak: 6251, Final: 84, Phantom: 603
[2026-04-03T03:22:51.342+0600][48.640s][info][gc,ref      ] GC(52) Discovered  references: Soft: 0, Weak: 955, Final: 2, Phantom: 600
[2026-04-03T03:22:51.342+0600][48.640s][info][gc,ref      ] GC(52) Enqueued    references: Soft: 0, Weak: 0, Final: 0, Phantom: 0
[2026-04-03T03:22:51.342+0600][48.640s][info][gc          ] GC(52) Concurrent weak references 0.478ms
[2026-04-03T03:22:51.342+0600][48.640s][info][gc,start    ] GC(52) Concurrent weak roots
[2026-04-03T03:22:51.342+0600][48.640s][info][gc,task     ] GC(52) Using 3 of 6 workers for concurrent weak root
[2026-04-03T03:22:51.344+0600][48.643s][info][gc          ] GC(52) Concurrent weak roots 2.579ms
[2026-04-03T03:22:51.344+0600][48.643s][info][gc,start    ] GC(52) Concurrent cleanup
[2026-04-03T03:22:51.345+0600][48.643s][info][gc          ] GC(52) Concurrent cleanup 576M->574M(750M) 0.252ms
[2026-04-03T03:22:51.345+0600][48.643s][info][gc,ergo     ] GC(52) Free: 373M, Max: 256K regular, 261M humongous, Frag: 31% external, 0% internal; Reserve: 50831K, Max: 256K
[2026-04-03T03:22:51.345+0600][48.643s][info][gc,start    ] GC(52) Concurrent class unloading
[2026-04-03T03:22:51.345+0600][48.643s][info][gc,task     ] GC(52) Using 3 of 6 workers for concurrent class unloading
[2026-04-03T03:22:51.351+0600][48.649s][info][gc          ] GC(52) Concurrent class unloading 5.967ms
[2026-04-03T03:22:51.351+0600][48.649s][info][gc,start    ] GC(52) Concurrent strong roots
[2026-04-03T03:22:51.351+0600][48.649s][info][gc,task     ] GC(52) Using 3 of 6 workers for concurrent strong root
[2026-04-03T03:22:51.351+0600][48.650s][info][gc          ] GC(52) Concurrent strong roots 0.832ms
[2026-04-03T03:22:51.352+0600][48.650s][info][gc,start    ] GC(52) Concurrent evacuation
[2026-04-03T03:22:51.352+0600][48.650s][info][gc,task     ] GC(52) Using 3 of 6 workers for concurrent evacuation
[2026-04-03T03:22:51.373+0600][48.671s][info][gc          ] GC(52) Concurrent evacuation 21.017ms
[2026-04-03T03:22:51.373+0600][48.672s][info][gc,start    ] GC(52) Pause Init Update Refs
[2026-04-03T03:22:51.373+0600][48.672s][info][gc,ergo     ] GC(52) Pacer for Update Refs. Used: 609M, Free: 358M, Non-Taxable: 36677K, Alloc Tax Rate: 2.1x
[2026-04-03T03:22:51.373+0600][48.672s][info][gc          ] GC(52) Pause Init Update Refs 0.201ms
[2026-04-03T03:22:51.373+0600][48.672s][info][gc,start    ] GC(52) Concurrent update references
[2026-04-03T03:22:51.373+0600][48.672s][info][gc,task     ] GC(52) Using 3 of 6 workers for concurrent reference update
[2026-04-03T03:22:51.531+0600][48.830s][info][gc          ] GC(52) Concurrent update references 157.706ms
[2026-04-03T03:22:51.531+0600][48.830s][info][gc,start    ] GC(52) Concurrent update thread roots
[2026-04-03T03:22:51.532+0600][48.831s][info][gc          ] GC(52) Concurrent update thread roots 0.978ms
[2026-04-03T03:22:51.532+0600][48.831s][info][gc,start    ] GC(52) Pause Final Update Refs
[2026-04-03T03:22:51.532+0600][48.831s][info][gc,task     ] GC(52) Using 6 of 6 workers for final reference update
[2026-04-03T03:22:51.532+0600][48.831s][info][gc          ] GC(52) Pause Final Update Refs 0.275ms
[2026-04-03T03:22:51.533+0600][48.831s][info][gc,start    ] GC(52) Concurrent cleanup
[2026-04-03T03:22:51.533+0600][48.832s][info][gc          ] GC(52) Concurrent cleanup 693M->411M(750M) 0.473ms
[2026-04-03T03:22:51.533+0600][48.832s][info][gc,ergo     ] Free: 535M, Max: 256K regular, 300M humongous, Frag: 44% external, 0% internal; Reserve: 51200K, Max: 256K
[2026-04-03T03:22:51.533+0600][48.832s][info][gc,stats    ] 
[2026-04-03T03:22:51.533+0600][48.832s][info][gc,stats    ] All times are wall-clock times, except per-root-class counters, that are sum over
[2026-04-03T03:22:51.533+0600][48.832s][info][gc,stats    ] all workers. Dividing the <total> over the root stage time estimates parallelism.
[2026-04-03T03:22:51.533+0600][48.832s][info][gc,stats    ] 
[2026-04-03T03:22:51.533+0600][48.832s][info][gc,stats    ] Concurrent Reset                   1783 us
[2026-04-03T03:22:51.533+0600][48.832s][info][gc,stats    ] Pause Init Mark (G)                 460 us
[2026-04-03T03:22:51.533+0600][48.832s][info][gc,stats    ] Pause Init Mark (N)                 138 us
[2026-04-03T03:22:51.533+0600][48.832s][info][gc,stats    ]   Update Region States               40 us
[2026-04-03T03:22:51.533+0600][48.832s][info][gc,stats    ] Concurrent Mark Roots               914 us, parallelism: 1.69x
[2026-04-03T03:22:51.533+0600][48.832s][info][gc,stats    ]   CMR: <total>                     1545 us
[2026-04-03T03:22:51.533+0600][48.832s][info][gc,stats    ]   CMR: Thread Roots                1207 us, workers (us): 227, 514, 466, ---, ---, ---, 
[2026-04-03T03:22:51.533+0600][48.832s][info][gc,stats    ]   CMR: VM Strong Roots               33 us, workers (us):  31,   1,   1, ---, ---, ---, 
[2026-04-03T03:22:51.533+0600][48.832s][info][gc,stats    ]   CMR: CLDG Roots                   305 us, workers (us): 305, ---, ---, ---, ---, ---, 
[2026-04-03T03:22:51.533+0600][48.832s][info][gc,stats    ] Concurrent Marking               278075 us
[2026-04-03T03:22:51.533+0600][48.832s][info][gc,stats    ] Pause Final Mark (G)               3857 us
[2026-04-03T03:22:51.533+0600][48.832s][info][gc,stats    ] Pause Final Mark (N)               3585 us
[2026-04-03T03:22:51.533+0600][48.832s][info][gc,stats    ]   Finish Mark                       204 us
[2026-04-03T03:22:51.533+0600][48.832s][info][gc,stats    ]   Update Region States              103 us
[2026-04-03T03:22:51.533+0600][48.832s][info][gc,stats    ]   Choose Collection Set            3018 us
[2026-04-03T03:22:51.533+0600][48.832s][info][gc,stats    ]   Rebuild Free Set                   95 us
[2026-04-03T03:22:51.534+0600][48.832s][info][gc,stats    ] Concurrent Thread Roots             974 us, parallelism: 2.05x
[2026-04-03T03:22:51.534+0600][48.832s][info][gc,stats    ]   CTR: <total>                     2000 us
[2026-04-03T03:22:51.534+0600][48.832s][info][gc,stats    ]   CTR: Thread Roots                2000 us, workers (us): 704, 666, 629, ---, ---, ---, 
[2026-04-03T03:22:51.534+0600][48.832s][info][gc,stats    ] Concurrent Weak References          523 us, parallelism: 0.56x
[2026-04-03T03:22:51.534+0600][48.832s][info][gc,stats    ]   CWRF: <total>                     290 us
[2026-04-03T03:22:51.534+0600][48.832s][info][gc,stats    ]   CWRF: Weak References             290 us, workers (us): 210,  78,   2, ---, ---, ---, 
[2026-04-03T03:22:51.534+0600][48.832s][info][gc,stats    ] Concurrent Weak Roots              2645 us
[2026-04-03T03:22:51.534+0600][48.832s][info][gc,stats    ]   Roots                            2346 us, parallelism: 2.51x
[2026-04-03T03:22:51.534+0600][48.832s][info][gc,stats    ]     CWR: <total>                   5884 us
[2026-04-03T03:22:51.534+0600][48.832s][info][gc,stats    ]     CWR: Code Cache Roots          3861 us, workers (us): 1273, 1340, 1248, ---, ---, ---, 
[2026-04-03T03:22:51.534+0600][48.832s][info][gc,stats    ]     CWR: VM Weak Roots             1910 us, workers (us): 705, 631, 573, ---, ---, ---, 
[2026-04-03T03:22:51.534+0600][48.832s][info][gc,stats    ]     CWR: CLDG Roots                 113 us, workers (us): ---, ---, 113, ---, ---, ---, 
[2026-04-03T03:22:51.534+0600][48.832s][info][gc,stats    ]   Rendezvous                        192 us
[2026-04-03T03:22:51.534+0600][48.832s][info][gc,stats    ] Concurrent Cleanup                  274 us
[2026-04-03T03:22:51.534+0600][48.832s][info][gc,stats    ] Concurrent Class Unloading         6057 us
[2026-04-03T03:22:51.534+0600][48.832s][info][gc,stats    ]   Unlink Stale                     5402 us
[2026-04-03T03:22:51.534+0600][48.832s][info][gc,stats    ]     System Dictionary               128 us
[2026-04-03T03:22:51.534+0600][48.833s][info][gc,stats    ]     Weak Class Links                  0 us
[2026-04-03T03:22:51.534+0600][48.833s][info][gc,stats    ]     Code Roots                     5268 us
[2026-04-03T03:22:51.534+0600][48.833s][info][gc,stats    ]   Rendezvous                        296 us
[2026-04-03T03:22:51.534+0600][48.833s][info][gc,stats    ]   Purge Unlinked                    237 us
[2026-04-03T03:22:51.534+0600][48.833s][info][gc,stats    ]     Code Roots                      225 us
[2026-04-03T03:22:51.534+0600][48.833s][info][gc,stats    ]     CLDG                             11 us
[2026-04-03T03:22:51.534+0600][48.833s][info][gc,stats    ]     Exception Caches                  0 us
[2026-04-03T03:22:51.534+0600][48.833s][info][gc,stats    ] Concurrent Strong Roots             883 us, parallelism: 0.60x
[2026-04-03T03:22:51.534+0600][48.833s][info][gc,stats    ]   CSR: <total>                      531 us
[2026-04-03T03:22:51.534+0600][48.833s][info][gc,stats    ]   CSR: VM Strong Roots               50 us, workers (us):  37,  12,   0, ---, ---, ---, 
[2026-04-03T03:22:51.534+0600][48.833s][info][gc,stats    ]   CSR: CLDG Roots                   481 us, workers (us): 481, ---, ---, ---, ---, ---, 
[2026-04-03T03:22:51.534+0600][48.833s][info][gc,stats    ] Concurrent Evacuation             21149 us
[2026-04-03T03:22:51.534+0600][48.833s][info][gc,stats    ] Pause Init Update Refs (G)          560 us
[2026-04-03T03:22:51.534+0600][48.833s][info][gc,stats    ] Pause Init Update Refs (N)          216 us
[2026-04-03T03:22:51.534+0600][48.833s][info][gc,stats    ]   Manage GCLABs                      65 us
[2026-04-03T03:22:51.534+0600][48.833s][info][gc,stats    ] Concurrent Update Refs           157805 us
[2026-04-03T03:22:51.534+0600][48.833s][info][gc,stats    ] Concurrent Update Thread Roots     1044 us
[2026-04-03T03:22:51.534+0600][48.833s][info][gc,stats    ] Pause Final Update Refs (G)         538 us
[2026-04-03T03:22:51.534+0600][48.833s][info][gc,stats    ] Pause Final Update Refs (N)         332 us
[2026-04-03T03:22:51.534+0600][48.833s][info][gc,stats    ]   Update Region States               63 us
[2026-04-03T03:22:51.534+0600][48.833s][info][gc,stats    ]   Trash Collection Set               22 us
[2026-04-03T03:22:51.534+0600][48.833s][info][gc,stats    ]   Rebuild Free Set                   52 us
[2026-04-03T03:22:51.534+0600][48.833s][info][gc,stats    ] Concurrent Cleanup                  510 us
[2026-04-03T03:22:51.534+0600][48.833s][info][gc,stats    ] Pacing                           446464 us
[2026-04-03T03:22:51.534+0600][48.833s][info][gc,stats    ] 
[2026-04-03T03:22:51.534+0600][48.833s][info][gc,stats    ] Allocation pacing accrued:
[2026-04-03T03:22:51.534+0600][48.833s][info][gc,stats    ]      11 of   581 ms (  1.9%): executor-kill-mark-cleanup
[2026-04-03T03:22:51.534+0600][48.833s][info][gc,stats    ]     143 of   581 ms ( 24.6%): Executor task launch worker for task 0.0 in stage 14.0 (TID 21)
[2026-04-03T03:22:51.534+0600][48.833s][info][gc,stats    ]     147 of   581 ms ( 25.3%): Executor task launch worker for task 2.0 in stage 14.0 (TID 23)
[2026-04-03T03:22:51.534+0600][48.833s][info][gc,stats    ]     145 of   581 ms ( 25.0%): Executor task launch worker for task 1.0 in stage 14.0 (TID 22)
[2026-04-03T03:22:51.534+0600][48.833s][info][gc,stats    ]     446 of   581 ms ( 76.8%): <total>
[2026-04-03T03:22:51.534+0600][48.833s][info][gc,stats    ]       3 of   581 ms (  0.6%): <average total>
[2026-04-03T03:22:51.534+0600][48.833s][info][gc,stats    ]     112 of   581 ms ( 19.2%): <average non-zero>
[2026-04-03T03:22:51.534+0600][48.833s][info][gc,stats    ] 
[2026-04-03T03:22:51.534+0600][48.833s][info][gc,metaspace] Metaspace: 72801K(73728K)->72801K(73728K) NonClass: 63521K(64064K)->63521K(64064K) Class: 9279K(9664K)->9279K(9664K)
[2026-04-03T03:22:51.534+0600][48.833s][info][gc,ergo     ] Pacer for Idle. Initial: 20480K, Alloc Tax Rate: 1.0x
[2026-04-03T03:22:51.635+0600][48.934s][info][gc          ] Trigger: Average GC time (532.42 ms) is above the time for average allocation rate (834 MB/s) to deplete free headroom (378M) (margin of error = 1.82)
[2026-04-03T03:22:51.635+0600][48.934s][info][gc,ergo     ] Free headroom: 428M (free) - 51200K (spike) - 0B (penalties) = 378M
[2026-04-03T03:22:51.636+0600][48.934s][info][gc,ergo     ] Free: 428M, Max: 256K regular, 300M humongous, Frag: 30% external, 0% internal; Reserve: 51200K, Max: 256K
[2026-04-03T03:22:51.636+0600][48.934s][info][gc,start    ] GC(53) Concurrent reset
[2026-04-03T03:22:51.636+0600][48.934s][info][gc,task     ] GC(53) Using 3 of 6 workers for concurrent reset
[2026-04-03T03:22:51.636+0600][48.934s][info][gc,ergo     ] GC(53) Pacer for Reset. Non-Taxable: 1000M
[2026-04-03T03:22:51.637+0600][48.936s][info][gc          ] GC(53) Concurrent reset 1.699ms
[2026-04-03T03:22:51.637+0600][48.936s][info][gc,start    ] GC(53) Pause Init Mark (unload classes)
[2026-04-03T03:22:51.638+0600][48.936s][info][gc,task     ] GC(53) Using 6 of 6 workers for init marking
[2026-04-03T03:22:51.638+0600][48.936s][info][gc,ergo     ] GC(53) Pacer for Mark. Expected Live: 231M, Free: 426M, Non-Taxable: 43717K, Alloc Tax Rate: 0.7x
[2026-04-03T03:22:51.638+0600][48.936s][info][gc          ] GC(53) Pause Init Mark (unload classes) 0.181ms
[2026-04-03T03:22:51.638+0600][48.937s][info][gc,start    ] GC(53) Concurrent marking roots
[2026-04-03T03:22:51.638+0600][48.937s][info][gc,task     ] GC(53) Using 3 of 6 workers for concurrent marking roots
[2026-04-03T03:22:51.639+0600][48.937s][info][gc          ] GC(53) Concurrent marking roots 0.897ms
[2026-04-03T03:22:51.639+0600][48.938s][info][gc,start    ] GC(53) Concurrent marking (unload classes)
[2026-04-03T03:22:51.639+0600][48.938s][info][gc,task     ] GC(53) Using 3 of 6 workers for concurrent marking
[2026-04-03T03:22:51.919+0600][49.218s][info][gc          ] GC(53) Concurrent marking (unload classes) 280.159ms
[2026-04-03T03:22:51.919+0600][49.218s][info][gc,start    ] GC(53) Pause Final Mark (unload classes)
[2026-04-03T03:22:51.919+0600][49.218s][info][gc,task     ] GC(53) Using 6 of 6 workers for final marking
[2026-04-03T03:22:51.920+0600][49.218s][info][gc,ergo     ] GC(53) Adaptive CSet Selection. Target Free: 141M, Actual Free: 395M, Max CSet: 42666K, Min Garbage: 0B
[2026-04-03T03:22:51.920+0600][49.219s][info][gc,ergo     ] GC(53) Collectable Garbage: 283M (95%), Immediate: 4096K (1%), CSet: 279M (94%)
[2026-04-03T03:22:51.920+0600][49.219s][info][gc,ergo     ] GC(53) Pacer for Evacuation. Used CSet: 302M, Free: 346M, Non-Taxable: 35474K, Alloc Tax Rate: 2.1x
[2026-04-03T03:22:51.920+0600][49.219s][info][gc          ] GC(53) Pause Final Mark (unload classes) 1.024ms
[2026-04-03T03:22:51.920+0600][49.219s][info][gc,start    ] GC(53) Concurrent thread roots
[2026-04-03T03:22:51.920+0600][49.219s][info][gc,task     ] GC(53) Using 3 of 6 workers for Concurrent thread roots
[2026-04-03T03:22:51.921+0600][49.220s][info][gc          ] GC(53) Concurrent thread roots 0.685ms
[2026-04-03T03:22:51.921+0600][49.220s][info][gc,start    ] GC(53) Concurrent weak references
[2026-04-03T03:22:51.921+0600][49.220s][info][gc,task     ] GC(53) Using 3 of 6 workers for concurrent weak references
[2026-04-03T03:22:51.921+0600][49.220s][info][gc,ref      ] GC(53) Encountered references: Soft: 3175, Weak: 6251, Final: 84, Phantom: 603
[2026-04-03T03:22:51.921+0600][49.220s][info][gc,ref      ] GC(53) Discovered  references: Soft: 0, Weak: 315, Final: 0, Phantom: 599
[2026-04-03T03:22:51.921+0600][49.220s][info][gc,ref      ] GC(53) Enqueued    references: Soft: 0, Weak: 0, Final: 0, Phantom: 0
[2026-04-03T03:22:51.921+0600][49.220s][info][gc          ] GC(53) Concurrent weak references 0.311ms
[2026-04-03T03:22:51.921+0600][49.220s][info][gc,start    ] GC(53) Concurrent weak roots
[2026-04-03T03:22:51.921+0600][49.220s][info][gc,task     ] GC(53) Using 3 of 6 workers for concurrent weak root
[2026-04-03T03:22:51.924+0600][49.223s][info][gc          ] GC(53) Concurrent weak roots 2.533ms
[2026-04-03T03:22:51.924+0600][49.223s][info][gc,start    ] GC(53) Concurrent cleanup
[2026-04-03T03:22:51.925+0600][49.223s][info][gc          ] GC(53) Concurrent cleanup 607M->604M(750M) 0.648ms
[2026-04-03T03:22:51.925+0600][49.223s][info][gc,ergo     ] GC(53) Free: 343M, Max: 256K regular, 300M humongous, Frag: 13% external, 0% internal; Reserve: 50863K, Max: 256K
[2026-04-03T03:22:51.925+0600][49.223s][info][gc,start    ] GC(53) Concurrent class unloading
[2026-04-03T03:22:51.925+0600][49.223s][info][gc,task     ] GC(53) Using 3 of 6 workers for concurrent class unloading
[2026-04-03T03:22:51.931+0600][49.230s][info][gc          ] GC(53) Concurrent class unloading 6.410ms
[2026-04-03T03:22:51.931+0600][49.230s][info][gc,start    ] GC(53) Concurrent strong roots
[2026-04-03T03:22:51.931+0600][49.230s][info][gc,task     ] GC(53) Using 3 of 6 workers for concurrent strong root
[2026-04-03T03:22:51.932+0600][49.231s][info][gc          ] GC(53) Concurrent strong roots 0.807ms
[2026-04-03T03:22:51.932+0600][49.231s][info][gc,start    ] GC(53) Concurrent evacuation
[2026-04-03T03:22:51.932+0600][49.231s][info][gc,task     ] GC(53) Using 3 of 6 workers for concurrent evacuation
[2026-04-03T03:22:51.957+0600][49.256s][info][gc          ] GC(53) Concurrent evacuation 25.056ms
[2026-04-03T03:22:51.957+0600][49.256s][info][gc,start    ] GC(53) Pause Init Update Refs
[2026-04-03T03:22:51.958+0600][49.256s][info][gc,ergo     ] GC(53) Pacer for Update Refs. Used: 651M, Free: 319M, Non-Taxable: 32683K, Alloc Tax Rate: 2.5x
[2026-04-03T03:22:51.958+0600][49.256s][info][gc          ] GC(53) Pause Init Update Refs 0.200ms
[2026-04-03T03:22:51.958+0600][49.257s][info][gc,start    ] GC(53) Concurrent update references
[2026-04-03T03:22:51.958+0600][49.257s][info][gc,task     ] GC(53) Using 3 of 6 workers for concurrent reference update
[2026-04-03T03:22:52.133+0600][49.432s][info][gc          ] GC(53) Concurrent update references 175.357ms
[2026-04-03T03:22:52.133+0600][49.432s][info][gc,start    ] GC(53) Concurrent update thread roots
[2026-04-03T03:22:52.134+0600][49.433s][info][gc          ] GC(53) Concurrent update thread roots 0.724ms
[2026-04-03T03:22:52.134+0600][49.433s][info][gc,start    ] GC(53) Pause Final Update Refs
[2026-04-03T03:22:52.134+0600][49.433s][info][gc,task     ] GC(53) Using 6 of 6 workers for final reference update
[2026-04-03T03:22:52.134+0600][49.433s][info][gc          ] GC(53) Pause Final Update Refs 0.180ms
[2026-04-03T03:22:52.134+0600][49.433s][info][gc,start    ] GC(53) Concurrent cleanup
[2026-04-03T03:22:52.135+0600][49.434s][info][gc          ] GC(53) Concurrent cleanup 736M->433M(768M) 0.815ms
[2026-04-03T03:22:52.135+0600][49.434s][info][gc,ergo     ] Free: 513M, Max: 256K regular, 227M humongous, Frag: 56% external, 0% internal; Reserve: 51200K, Max: 256K
[2026-04-03T03:22:52.135+0600][49.434s][info][gc,stats    ] 
[2026-04-03T03:22:52.135+0600][49.434s][info][gc,stats    ] All times are wall-clock times, except per-root-class counters, that are sum over
[2026-04-03T03:22:52.135+0600][49.434s][info][gc,stats    ] all workers. Dividing the <total> over the root stage time estimates parallelism.
[2026-04-03T03:22:52.135+0600][49.434s][info][gc,stats    ] 
[2026-04-03T03:22:52.135+0600][49.434s][info][gc,stats    ] Concurrent Reset                   1793 us
[2026-04-03T03:22:52.135+0600][49.434s][info][gc,stats    ] Pause Init Mark (G)                 371 us
[2026-04-03T03:22:52.135+0600][49.434s][info][gc,stats    ] Pause Init Mark (N)                 191 us
[2026-04-03T03:22:52.135+0600][49.434s][info][gc,stats    ]   Update Region States               61 us
[2026-04-03T03:22:52.135+0600][49.434s][info][gc,stats    ] Concurrent Mark Roots               953 us, parallelism: 1.65x
[2026-04-03T03:22:52.135+0600][49.434s][info][gc,stats    ]   CMR: <total>                     1577 us
[2026-04-03T03:22:52.135+0600][49.434s][info][gc,stats    ]   CMR: Thread Roots                1331 us, workers (us): 507, 513, 311, ---, ---, ---, 
[2026-04-03T03:22:52.135+0600][49.434s][info][gc,stats    ]   CMR: VM Strong Roots               41 us, workers (us):  24,  14,   3, ---, ---, ---, 
[2026-04-03T03:22:52.135+0600][49.434s][info][gc,stats    ]   CMR: CLDG Roots                   205 us, workers (us): ---, ---, 205, ---, ---, ---, 
[2026-04-03T03:22:52.135+0600][49.434s][info][gc,stats    ] Concurrent Marking               280234 us
[2026-04-03T03:22:52.135+0600][49.434s][info][gc,stats    ] Pause Final Mark (G)               1291 us
[2026-04-03T03:22:52.135+0600][49.434s][info][gc,stats    ] Pause Final Mark (N)               1035 us
[2026-04-03T03:22:52.135+0600][49.434s][info][gc,stats    ]   Finish Mark                       256 us
[2026-04-03T03:22:52.135+0600][49.434s][info][gc,stats    ]   Update Region States               48 us
[2026-04-03T03:22:52.135+0600][49.434s][info][gc,stats    ]   Choose Collection Set             555 us
[2026-04-03T03:22:52.135+0600][49.434s][info][gc,stats    ]   Rebuild Free Set                   47 us
[2026-04-03T03:22:52.135+0600][49.434s][info][gc,stats    ] Concurrent Thread Roots             725 us, parallelism: 2.10x
[2026-04-03T03:22:52.135+0600][49.434s][info][gc,stats    ]   CTR: <total>                     1523 us
[2026-04-03T03:22:52.135+0600][49.434s][info][gc,stats    ]   CTR: Thread Roots                1523 us, workers (us): 521, 511, 491, ---, ---, ---, 
[2026-04-03T03:22:52.135+0600][49.434s][info][gc,stats    ] Concurrent Weak References          325 us, parallelism: 0.43x
[2026-04-03T03:22:52.135+0600][49.434s][info][gc,stats    ]   CWRF: <total>                     141 us
[2026-04-03T03:22:52.135+0600][49.434s][info][gc,stats    ]   CWRF: Weak References             141 us, workers (us): 104,   6,  31, ---, ---, ---, 
[2026-04-03T03:22:52.135+0600][49.434s][info][gc,stats    ] Concurrent Weak Roots              2583 us
[2026-04-03T03:22:52.135+0600][49.434s][info][gc,stats    ]   Roots                            2159 us, parallelism: 2.57x
[2026-04-03T03:22:52.135+0600][49.434s][info][gc,stats    ]     CWR: <total>                   5541 us
[2026-04-03T03:22:52.135+0600][49.434s][info][gc,stats    ]     CWR: Code Cache Roots          3424 us, workers (us): 1196, 1189, 1039, ---, ---, ---, 
[2026-04-03T03:22:52.135+0600][49.434s][info][gc,stats    ]     CWR: VM Weak Roots             2019 us, workers (us): 713, 703, 603, ---, ---, ---, 
[2026-04-03T03:22:52.135+0600][49.434s][info][gc,stats    ]     CWR: CLDG Roots                  98 us, workers (us): ---, ---,  98, ---, ---, ---, 
[2026-04-03T03:22:52.135+0600][49.434s][info][gc,stats    ]   Rendezvous                        267 us
[2026-04-03T03:22:52.135+0600][49.434s][info][gc,stats    ] Concurrent Cleanup                  662 us
[2026-04-03T03:22:52.135+0600][49.434s][info][gc,stats    ] Concurrent Class Unloading         6489 us
[2026-04-03T03:22:52.135+0600][49.434s][info][gc,stats    ]   Unlink Stale                     5803 us
[2026-04-03T03:22:52.135+0600][49.434s][info][gc,stats    ]     System Dictionary                70 us
[2026-04-03T03:22:52.136+0600][49.434s][info][gc,stats    ]     Weak Class Links                  0 us
[2026-04-03T03:22:52.136+0600][49.434s][info][gc,stats    ]     Code Roots                     5729 us
[2026-04-03T03:22:52.136+0600][49.434s][info][gc,stats    ]   Rendezvous                        368 us
[2026-04-03T03:22:52.136+0600][49.434s][info][gc,stats    ]   Purge Unlinked                    216 us
[2026-04-03T03:22:52.136+0600][49.434s][info][gc,stats    ]     Code Roots                      199 us
[2026-04-03T03:22:52.136+0600][49.434s][info][gc,stats    ]     CLDG                             16 us
[2026-04-03T03:22:52.136+0600][49.434s][info][gc,stats    ]     Exception Caches                  0 us
[2026-04-03T03:22:52.136+0600][49.434s][info][gc,stats    ] Concurrent Strong Roots             867 us, parallelism: 0.55x
[2026-04-03T03:22:52.136+0600][49.434s][info][gc,stats    ]   CSR: <total>                      480 us
[2026-04-03T03:22:52.136+0600][49.434s][info][gc,stats    ]   CSR: VM Strong Roots               49 us, workers (us):  47,   1,   0, ---, ---, ---, 
[2026-04-03T03:22:52.136+0600][49.434s][info][gc,stats    ]   CSR: CLDG Roots                   431 us, workers (us): 431, ---, ---, ---, ---, ---, 
[2026-04-03T03:22:52.136+0600][49.434s][info][gc,stats    ] Concurrent Evacuation             25163 us
[2026-04-03T03:22:52.136+0600][49.434s][info][gc,stats    ] Pause Init Update Refs (G)          643 us
[2026-04-03T03:22:52.136+0600][49.434s][info][gc,stats    ] Pause Init Update Refs (N)          233 us
[2026-04-03T03:22:52.136+0600][49.434s][info][gc,stats    ]   Manage GCLABs                      37 us
[2026-04-03T03:22:52.136+0600][49.434s][info][gc,stats    ] Concurrent Update Refs           175439 us
[2026-04-03T03:22:52.136+0600][49.434s][info][gc,stats    ] Concurrent Update Thread Roots      758 us
[2026-04-03T03:22:52.136+0600][49.434s][info][gc,stats    ] Pause Final Update Refs (G)         360 us
[2026-04-03T03:22:52.136+0600][49.434s][info][gc,stats    ] Pause Final Update Refs (N)         199 us
[2026-04-03T03:22:52.136+0600][49.434s][info][gc,stats    ]   Update Region States               64 us
[2026-04-03T03:22:52.136+0600][49.434s][info][gc,stats    ]   Trash Collection Set               24 us
[2026-04-03T03:22:52.136+0600][49.434s][info][gc,stats    ]   Rebuild Free Set                   51 us
[2026-04-03T03:22:52.136+0600][49.434s][info][gc,stats    ] Concurrent Cleanup                  830 us
[2026-04-03T03:22:52.136+0600][49.434s][info][gc,stats    ] Pacing                           427290 us
[2026-04-03T03:22:52.136+0600][49.434s][info][gc,stats    ] 
[2026-04-03T03:22:52.136+0600][49.434s][info][gc,stats    ] Allocation pacing accrued:
[2026-04-03T03:22:52.136+0600][49.435s][info][gc,stats    ]     141 of   602 ms ( 23.5%): Executor task launch worker for task 0.0 in stage 14.0 (TID 21)
[2026-04-03T03:22:52.136+0600][49.435s][info][gc,stats    ]     143 of   602 ms ( 23.8%): Executor task launch worker for task 2.0 in stage 14.0 (TID 23)
[2026-04-03T03:22:52.136+0600][49.435s][info][gc,stats    ]     143 of   602 ms ( 23.8%): Executor task launch worker for task 1.0 in stage 14.0 (TID 22)
[2026-04-03T03:22:52.136+0600][49.435s][info][gc,stats    ]     427 of   602 ms ( 71.0%): <total>
[2026-04-03T03:22:52.136+0600][49.435s][info][gc,stats    ]       3 of   602 ms (  0.5%): <average total>
[2026-04-03T03:22:52.136+0600][49.435s][info][gc,stats    ]     142 of   602 ms ( 23.7%): <average non-zero>
[2026-04-03T03:22:52.136+0600][49.435s][info][gc,stats    ] 
[2026-04-03T03:22:52.136+0600][49.435s][info][gc,metaspace] Metaspace: 72801K(73728K)->72802K(73728K) NonClass: 63521K(64064K)->63523K(64064K) Class: 9279K(9664K)->9279K(9664K)
[2026-04-03T03:22:52.136+0600][49.435s][info][gc,ergo     ] Pacer for Idle. Initial: 20480K, Alloc Tax Rate: 1.0x
[2026-04-03T03:22:52.237+0600][49.536s][info][gc          ] Trigger: Average GC time (531.37 ms) is above the time for average allocation rate (765 MB/s) to deplete free headroom (371M) (margin of error = 1.83)
[2026-04-03T03:22:52.237+0600][49.536s][info][gc,ergo     ] Free headroom: 421M (free) - 51200K (spike) - 0B (penalties) = 371M
[2026-04-03T03:22:52.237+0600][49.536s][info][gc,ergo     ] Free: 421M, Max: 256K regular, 227M humongous, Frag: 47% external, 0% internal; Reserve: 51200K, Max: 256K
[2026-04-03T03:22:52.237+0600][49.536s][info][gc,start    ] GC(54) Concurrent reset
[2026-04-03T03:22:52.237+0600][49.536s][info][gc,task     ] GC(54) Using 3 of 6 workers for concurrent reset
[2026-04-03T03:22:52.237+0600][49.536s][info][gc,ergo     ] GC(54) Pacer for Reset. Non-Taxable: 1000M
[2026-04-03T03:22:52.239+0600][49.538s][info][gc          ] GC(54) Concurrent reset 1.849ms
[2026-04-03T03:22:52.239+0600][49.538s][info][gc,start    ] GC(54) Pause Init Mark (unload classes)
[2026-04-03T03:22:52.239+0600][49.538s][info][gc,task     ] GC(54) Using 6 of 6 workers for init marking
[2026-04-03T03:22:52.239+0600][49.538s][info][gc,ergo     ] GC(54) Pacer for Mark. Expected Live: 225M, Free: 420M, Non-Taxable: 43026K, Alloc Tax Rate: 0.7x
[2026-04-03T03:22:52.239+0600][49.538s][info][gc          ] GC(54) Pause Init Mark (unload classes) 0.171ms
[2026-04-03T03:22:52.240+0600][49.538s][info][gc,start    ] GC(54) Concurrent marking roots
[2026-04-03T03:22:52.240+0600][49.538s][info][gc,task     ] GC(54) Using 3 of 6 workers for concurrent marking roots
[2026-04-03T03:22:52.240+0600][49.539s][info][gc          ] GC(54) Concurrent marking roots 0.825ms
[2026-04-03T03:22:52.240+0600][49.539s][info][gc,start    ] GC(54) Concurrent marking (unload classes)
[2026-04-03T03:22:52.240+0600][49.539s][info][gc,task     ] GC(54) Using 3 of 6 workers for concurrent marking
[2026-04-03T03:22:52.692+0600][49.991s][info][gc          ] GC(54) Concurrent marking (unload classes) 451.382ms
[2026-04-03T03:22:52.692+0600][49.991s][info][gc,start    ] GC(54) Pause Final Mark (unload classes)
[2026-04-03T03:22:52.692+0600][49.991s][info][gc,task     ] GC(54) Using 6 of 6 workers for final marking
[2026-04-03T03:22:52.692+0600][49.991s][info][gc,ergo     ] GC(54) Adaptive CSet Selection. Target Free: 141M, Actual Free: 381M, Max CSet: 42666K, Min Garbage: 0B
[2026-04-03T03:22:52.693+0600][49.992s][info][gc,ergo     ] GC(54) Collectable Garbage: 279M (95%), Immediate: 4096K (1%), CSet: 275M (94%)
[2026-04-03T03:22:52.693+0600][49.992s][info][gc,ergo     ] GC(54) Pacer for Evacuation. Used CSet: 298M, Free: 332M, Non-Taxable: 34041K, Alloc Tax Rate: 2.2x
[2026-04-03T03:22:52.693+0600][49.992s][info][gc          ] GC(54) Pause Final Mark (unload classes) 1.062ms
[2026-04-03T03:22:52.693+0600][49.992s][info][gc,start    ] GC(54) Concurrent thread roots
[2026-04-03T03:22:52.693+0600][49.992s][info][gc,task     ] GC(54) Using 3 of 6 workers for Concurrent thread roots
[2026-04-03T03:22:52.694+0600][49.992s][info][gc          ] GC(54) Concurrent thread roots 0.572ms
[2026-04-03T03:22:52.694+0600][49.992s][info][gc,start    ] GC(54) Concurrent weak references
[2026-04-03T03:22:52.694+0600][49.992s][info][gc,task     ] GC(54) Using 3 of 6 workers for concurrent weak references
[2026-04-03T03:22:52.694+0600][49.993s][info][gc,ref      ] GC(54) Encountered references: Soft: 3175, Weak: 6251, Final: 84, Phantom: 602
[2026-04-03T03:22:52.694+0600][49.993s][info][gc,ref      ] GC(54) Discovered  references: Soft: 0, Weak: 2396, Final: 48, Phantom: 599
[2026-04-03T03:22:52.694+0600][49.993s][info][gc,ref      ] GC(54) Enqueued    references: Soft: 0, Weak: 0, Final: 0, Phantom: 0
[2026-04-03T03:22:52.694+0600][49.993s][info][gc          ] GC(54) Concurrent weak references 0.721ms
[2026-04-03T03:22:52.694+0600][49.993s][info][gc,start    ] GC(54) Concurrent weak roots
[2026-04-03T03:22:52.694+0600][49.993s][info][gc,task     ] GC(54) Using 3 of 6 workers for concurrent weak root
[2026-04-03T03:22:52.697+0600][49.996s][info][gc          ] GC(54) Concurrent weak roots 2.417ms
[2026-04-03T03:22:52.697+0600][49.996s][info][gc,start    ] GC(54) Concurrent cleanup
[2026-04-03T03:22:52.698+0600][49.996s][info][gc          ] GC(54) Concurrent cleanup 620M->616M(768M) 0.706ms
[2026-04-03T03:22:52.698+0600][49.996s][info][gc,ergo     ] GC(54) Free: 330M, Max: 256K regular, 227M humongous, Frag: 32% external, 0% internal; Reserve: 50688K, Max: 256K
[2026-04-03T03:22:52.698+0600][49.996s][info][gc,start    ] GC(54) Concurrent class unloading
[2026-04-03T03:22:52.698+0600][49.996s][info][gc,task     ] GC(54) Using 3 of 6 workers for concurrent class unloading
[2026-04-03T03:22:52.705+0600][50.004s][info][gc          ] GC(54) Concurrent class unloading 7.463ms
[2026-04-03T03:22:52.705+0600][50.004s][info][gc,start    ] GC(54) Concurrent strong roots
[2026-04-03T03:22:52.705+0600][50.004s][info][gc,task     ] GC(54) Using 3 of 6 workers for concurrent strong root
[2026-04-03T03:22:52.706+0600][50.005s][info][gc          ] GC(54) Concurrent strong roots 0.786ms
[2026-04-03T03:22:52.706+0600][50.005s][info][gc,start    ] GC(54) Concurrent evacuation
[2026-04-03T03:22:52.706+0600][50.005s][info][gc,task     ] GC(54) Using 3 of 6 workers for concurrent evacuation
[2026-04-03T03:22:52.731+0600][50.030s][info][gc          ] GC(54) Concurrent evacuation 25.361ms
[2026-04-03T03:22:52.732+0600][50.031s][info][gc,start    ] GC(54) Pause Init Update Refs
[2026-04-03T03:22:52.732+0600][50.031s][info][gc,ergo     ] GC(54) Pacer for Update Refs. Used: 652M, Free: 316M, Non-Taxable: 32453K, Alloc Tax Rate: 2.5x
[2026-04-03T03:22:52.732+0600][50.031s][info][gc          ] GC(54) Pause Init Update Refs 0.153ms
[2026-04-03T03:22:52.732+0600][50.031s][info][gc,start    ] GC(54) Concurrent update references
[2026-04-03T03:22:52.732+0600][50.031s][info][gc,task     ] GC(54) Using 3 of 6 workers for concurrent reference update
[2026-04-03T03:22:52.920+0600][50.219s][info][gc          ] GC(54) Concurrent update references 187.529ms
[2026-04-03T03:22:52.920+0600][50.219s][info][gc,start    ] GC(54) Concurrent update thread roots
[2026-04-03T03:22:52.921+0600][50.220s][info][gc          ] GC(54) Concurrent update thread roots 1.039ms
[2026-04-03T03:22:52.921+0600][50.220s][info][gc,start    ] GC(54) Pause Final Update Refs
[2026-04-03T03:22:52.922+0600][50.220s][info][gc,task     ] GC(54) Using 6 of 6 workers for final reference update
[2026-04-03T03:22:52.922+0600][50.221s][info][gc          ] GC(54) Pause Final Update Refs 0.310ms
[2026-04-03T03:22:52.922+0600][50.221s][info][gc,start    ] GC(54) Concurrent cleanup
[2026-04-03T03:22:52.922+0600][50.221s][info][gc          ] GC(54) Concurrent cleanup 732M->434M(768M) 0.494ms
[2026-04-03T03:22:52.922+0600][50.221s][info][gc,ergo     ] Free: 512M, Max: 256K regular, 278M humongous, Frag: 46% external, 0% internal; Reserve: 51200K, Max: 256K
[2026-04-03T03:22:52.922+0600][50.221s][info][gc,stats    ] 
[2026-04-03T03:22:52.922+0600][50.221s][info][gc,stats    ] All times are wall-clock times, except per-root-class counters, that are sum over
[2026-04-03T03:22:52.923+0600][50.221s][info][gc,stats    ] all workers. Dividing the <total> over the root stage time estimates parallelism.
[2026-04-03T03:22:52.923+0600][50.221s][info][gc,stats    ] 
[2026-04-03T03:22:52.923+0600][50.221s][info][gc,stats    ] Concurrent Reset                   1893 us
[2026-04-03T03:22:52.923+0600][50.221s][info][gc,stats    ] Pause Init Mark (G)                 389 us
[2026-04-03T03:22:52.923+0600][50.221s][info][gc,stats    ] Pause Init Mark (N)                 180 us
[2026-04-03T03:22:52.923+0600][50.221s][info][gc,stats    ]   Update Region States               66 us
[2026-04-03T03:22:52.923+0600][50.221s][info][gc,stats    ] Concurrent Mark Roots               848 us, parallelism: 1.82x
[2026-04-03T03:22:52.923+0600][50.221s][info][gc,stats    ]   CMR: <total>                     1545 us
[2026-04-03T03:22:52.923+0600][50.221s][info][gc,stats    ]   CMR: Thread Roots                1344 us, workers (us): 347, 497, 500, ---, ---, ---, 
[2026-04-03T03:22:52.923+0600][50.221s][info][gc,stats    ]   CMR: VM Strong Roots               26 us, workers (us):  24,   1,   1, ---, ---, ---, 
[2026-04-03T03:22:52.923+0600][50.221s][info][gc,stats    ]   CMR: CLDG Roots                   175 us, workers (us): 175, ---, ---, ---, ---, ---, 
[2026-04-03T03:22:52.923+0600][50.221s][info][gc,stats    ] Concurrent Marking               451460 us
[2026-04-03T03:22:52.923+0600][50.221s][info][gc,stats    ] Pause Final Mark (G)               1237 us
[2026-04-03T03:22:52.923+0600][50.221s][info][gc,stats    ] Pause Final Mark (N)               1071 us
[2026-04-03T03:22:52.923+0600][50.221s][info][gc,stats    ]   Finish Mark                       243 us
[2026-04-03T03:22:52.923+0600][50.221s][info][gc,stats    ]   Update Region States               73 us
[2026-04-03T03:22:52.923+0600][50.221s][info][gc,stats    ]   Choose Collection Set             625 us
[2026-04-03T03:22:52.923+0600][50.222s][info][gc,stats    ]   Rebuild Free Set                   51 us
[2026-04-03T03:22:52.923+0600][50.222s][info][gc,stats    ] Concurrent Thread Roots             595 us, parallelism: 2.34x
[2026-04-03T03:22:52.923+0600][50.222s][info][gc,stats    ]   CTR: <total>                     1392 us
[2026-04-03T03:22:52.923+0600][50.222s][info][gc,stats    ]   CTR: Thread Roots                1392 us, workers (us): 495, 455, 441, ---, ---, ---, 
[2026-04-03T03:22:52.923+0600][50.222s][info][gc,stats    ] Concurrent Weak References          733 us, parallelism: 0.77x
[2026-04-03T03:22:52.923+0600][50.222s][info][gc,stats    ]   CWRF: <total>                     561 us
[2026-04-03T03:22:52.923+0600][50.222s][info][gc,stats    ]   CWRF: Weak References             561 us, workers (us): 100,  26, 435, ---, ---, ---, 
[2026-04-03T03:22:52.923+0600][50.222s][info][gc,stats    ] Concurrent Weak Roots              2454 us
[2026-04-03T03:22:52.923+0600][50.222s][info][gc,stats    ]   Roots                            2214 us, parallelism: 2.60x
[2026-04-03T03:22:52.923+0600][50.222s][info][gc,stats    ]     CWR: <total>                   5763 us
[2026-04-03T03:22:52.923+0600][50.222s][info][gc,stats    ]     CWR: Code Cache Roots          3912 us, workers (us): 1369, 1294, 1248, ---, ---, ---, 
[2026-04-03T03:22:52.923+0600][50.222s][info][gc,stats    ]     CWR: VM Weak Roots             1716 us, workers (us): 594, 588, 534, ---, ---, ---, 
[2026-04-03T03:22:52.923+0600][50.222s][info][gc,stats    ]     CWR: CLDG Roots                 135 us, workers (us): ---, ---, 135, ---, ---, ---, 
[2026-04-03T03:22:52.923+0600][50.222s][info][gc,stats    ]   Rendezvous                        182 us
[2026-04-03T03:22:52.923+0600][50.222s][info][gc,stats    ] Concurrent Cleanup                  721 us
[2026-04-03T03:22:52.923+0600][50.222s][info][gc,stats    ] Concurrent Class Unloading         7560 us
[2026-04-03T03:22:52.923+0600][50.222s][info][gc,stats    ]   Unlink Stale                     6824 us
[2026-04-03T03:22:52.923+0600][50.222s][info][gc,stats    ]     System Dictionary               111 us
[2026-04-03T03:22:52.923+0600][50.222s][info][gc,stats    ]     Weak Class Links                  1 us
[2026-04-03T03:22:52.923+0600][50.222s][info][gc,stats    ]     Code Roots                     6707 us
[2026-04-03T03:22:52.923+0600][50.222s][info][gc,stats    ]   Rendezvous                        297 us
[2026-04-03T03:22:52.923+0600][50.222s][info][gc,stats    ]   Purge Unlinked                    316 us
[2026-04-03T03:22:52.923+0600][50.222s][info][gc,stats    ]     Code Roots                      301 us
[2026-04-03T03:22:52.923+0600][50.222s][info][gc,stats    ]     CLDG                             14 us
[2026-04-03T03:22:52.923+0600][50.222s][info][gc,stats    ]     Exception Caches                  0 us
[2026-04-03T03:22:52.923+0600][50.222s][info][gc,stats    ] Concurrent Strong Roots             838 us, parallelism: 0.60x
[2026-04-03T03:22:52.923+0600][50.222s][info][gc,stats    ]   CSR: <total>                      503 us
[2026-04-03T03:22:52.923+0600][50.222s][info][gc,stats    ]   CSR: VM Strong Roots               27 us, workers (us):  26,   1,   0, ---, ---, ---, 
[2026-04-03T03:22:52.923+0600][50.222s][info][gc,stats    ]   CSR: CLDG Roots                   477 us, workers (us): 477, ---, ---, ---, ---, ---, 
[2026-04-03T03:22:52.923+0600][50.222s][info][gc,stats    ] Concurrent Evacuation             25467 us
[2026-04-03T03:22:52.923+0600][50.222s][info][gc,stats    ] Pause Init Update Refs (G)          852 us
[2026-04-03T03:22:52.923+0600][50.222s][info][gc,stats    ] Pause Init Update Refs (N)          166 us
[2026-04-03T03:22:52.923+0600][50.222s][info][gc,stats    ]   Manage GCLABs                      30 us
[2026-04-03T03:22:52.923+0600][50.222s][info][gc,stats    ] Concurrent Update Refs           187634 us
[2026-04-03T03:22:52.923+0600][50.222s][info][gc,stats    ] Concurrent Update Thread Roots     1136 us
[2026-04-03T03:22:52.923+0600][50.222s][info][gc,stats    ] Pause Final Update Refs (G)         727 us
[2026-04-03T03:22:52.923+0600][50.222s][info][gc,stats    ] Pause Final Update Refs (N)         348 us
[2026-04-03T03:22:52.923+0600][50.222s][info][gc,stats    ]   Update Region States               62 us
[2026-04-03T03:22:52.923+0600][50.222s][info][gc,stats    ]   Trash Collection Set               24 us
[2026-04-03T03:22:52.923+0600][50.222s][info][gc,stats    ]   Rebuild Free Set                   51 us
[2026-04-03T03:22:52.923+0600][50.222s][info][gc,stats    ] Concurrent Cleanup                  521 us
[2026-04-03T03:22:52.923+0600][50.222s][info][gc,stats    ] Pacing                           427261 us
[2026-04-03T03:22:52.923+0600][50.222s][info][gc,stats    ] 
[2026-04-03T03:22:52.923+0600][50.222s][info][gc,stats    ] Allocation pacing accrued:
[2026-04-03T03:22:52.923+0600][50.222s][info][gc,stats    ]     213 of   787 ms ( 27.1%): Executor task launch worker for task 0.0 in stage 14.0 (TID 21)
[2026-04-03T03:22:52.923+0600][50.222s][info][gc,stats    ]     214 of   787 ms ( 27.2%): Executor task launch worker for task 2.0 in stage 14.0 (TID 23)
[2026-04-03T03:22:52.923+0600][50.222s][info][gc,stats    ]     427 of   787 ms ( 54.3%): <total>
[2026-04-03T03:22:52.923+0600][50.222s][info][gc,stats    ]       3 of   787 ms (  0.4%): <average total>
[2026-04-03T03:22:52.923+0600][50.222s][info][gc,stats    ]     214 of   787 ms ( 27.1%): <average non-zero>
[2026-04-03T03:22:52.923+0600][50.222s][info][gc,stats    ] 
[2026-04-03T03:22:52.923+0600][50.222s][info][gc,metaspace] Metaspace: 72802K(73728K)->72803K(73728K) NonClass: 63523K(64064K)->63523K(64064K) Class: 9279K(9664K)->9279K(9664K)
[2026-04-03T03:22:52.923+0600][50.222s][info][gc,ergo     ] Pacer for Idle. Initial: 20480K, Alloc Tax Rate: 1.0x
[2026-04-03T03:22:53.046+0600][50.345s][info][gc          ] Trigger: Average GC time (769.01 ms) is above the time for average allocation rate (514 MB/s) to deplete free headroom (393M) (margin of error = 1.83)
[2026-04-03T03:22:53.046+0600][50.345s][info][gc,ergo     ] Free headroom: 443M (free) - 51200K (spike) - 0B (penalties) = 393M
[2026-04-03T03:22:53.046+0600][50.345s][info][gc,ergo     ] Free: 443M, Max: 256K regular, 278M humongous, Frag: 38% external, 0% internal; Reserve: 51200K, Max: 256K
[2026-04-03T03:22:53.046+0600][50.345s][info][gc,start    ] GC(55) Concurrent reset
[2026-04-03T03:22:53.046+0600][50.345s][info][gc,task     ] GC(55) Using 3 of 6 workers for concurrent reset
[2026-04-03T03:22:53.046+0600][50.345s][info][gc,ergo     ] GC(55) Pacer for Reset. Non-Taxable: 1000M
[2026-04-03T03:22:53.048+0600][50.347s][info][gc          ] GC(55) Concurrent reset 2.020ms
[2026-04-03T03:22:53.049+0600][50.347s][info][gc,start    ] GC(55) Pause Init Mark (unload classes)
[2026-04-03T03:22:53.049+0600][50.348s][info][gc,task     ] GC(55) Using 6 of 6 workers for init marking
[2026-04-03T03:22:53.049+0600][50.348s][info][gc,ergo     ] GC(55) Pacer for Mark. Expected Live: 219M, Free: 443M, Non-Taxable: 45458K, Alloc Tax Rate: 0.6x
[2026-04-03T03:22:53.049+0600][50.348s][info][gc          ] GC(55) Pause Init Mark (unload classes) 0.212ms
[2026-04-03T03:22:53.049+0600][50.348s][info][gc,start    ] GC(55) Concurrent marking roots
[2026-04-03T03:22:53.049+0600][50.348s][info][gc,task     ] GC(55) Using 3 of 6 workers for concurrent marking roots
[2026-04-03T03:22:53.050+0600][50.349s][info][gc          ] GC(55) Concurrent marking roots 1.200ms
[2026-04-03T03:22:53.050+0600][50.349s][info][gc,start    ] GC(55) Concurrent marking (unload classes)
[2026-04-03T03:22:53.050+0600][50.349s][info][gc,task     ] GC(55) Using 3 of 6 workers for concurrent marking
[2026-04-03T03:22:53.565+0600][50.863s][info][gc          ] GC(55) Concurrent marking (unload classes) 514.308ms
[2026-04-03T03:22:53.565+0600][50.864s][info][gc,start    ] GC(55) Pause Final Mark (unload classes)
[2026-04-03T03:22:53.565+0600][50.864s][info][gc,task     ] GC(55) Using 6 of 6 workers for final marking
[2026-04-03T03:22:53.565+0600][50.864s][info][gc,ergo     ] GC(55) Adaptive CSet Selection. Target Free: 141M, Actual Free: 387M, Max CSet: 42666K, Min Garbage: 0B
[2026-04-03T03:22:53.566+0600][50.865s][info][gc,ergo     ] GC(55) Collectable Garbage: 239M (94%), Immediate: 2304K (0%), CSet: 237M (93%)
[2026-04-03T03:22:53.566+0600][50.865s][info][gc,ergo     ] GC(55) Pacer for Evacuation. Used CSet: 253M, Free: 338M, Non-Taxable: 34706K, Alloc Tax Rate: 1.8x
[2026-04-03T03:22:53.566+0600][50.865s][info][gc          ] GC(55) Pause Final Mark (unload classes) 1.375ms
[2026-04-03T03:22:53.566+0600][50.865s][info][gc,start    ] GC(55) Concurrent thread roots
[2026-04-03T03:22:53.566+0600][50.865s][info][gc,task     ] GC(55) Using 3 of 6 workers for Concurrent thread roots
[2026-04-03T03:22:53.567+0600][50.866s][info][gc          ] GC(55) Concurrent thread roots 0.782ms
[2026-04-03T03:22:53.567+0600][50.866s][info][gc,start    ] GC(55) Concurrent weak references
[2026-04-03T03:22:53.567+0600][50.866s][info][gc,task     ] GC(55) Using 3 of 6 workers for concurrent weak references
[2026-04-03T03:22:53.568+0600][50.867s][info][gc,ref      ] GC(55) Encountered references: Soft: 3175, Weak: 6251, Final: 84, Phantom: 601
[2026-04-03T03:22:53.568+0600][50.867s][info][gc,ref      ] GC(55) Discovered  references: Soft: 0, Weak: 1986, Final: 0, Phantom: 326
[2026-04-03T03:22:53.568+0600][50.867s][info][gc,ref      ] GC(55) Enqueued    references: Soft: 0, Weak: 0, Final: 0, Phantom: 0
[2026-04-03T03:22:53.568+0600][50.867s][info][gc          ] GC(55) Concurrent weak references 0.701ms
[2026-04-03T03:22:53.568+0600][50.867s][info][gc,start    ] GC(55) Concurrent weak roots
[2026-04-03T03:22:53.568+0600][50.867s][info][gc,task     ] GC(55) Using 3 of 6 workers for concurrent weak root
[2026-04-03T03:22:53.571+0600][50.870s][info][gc          ] GC(55) Concurrent weak roots 3.090ms
[2026-04-03T03:22:53.571+0600][50.870s][info][gc,start    ] GC(55) Concurrent cleanup
[2026-04-03T03:22:53.571+0600][50.870s][info][gc          ] GC(55) Concurrent cleanup 611M->608M(768M) 0.274ms
[2026-04-03T03:22:53.571+0600][50.870s][info][gc,ergo     ] GC(55) Free: 337M, Max: 256K regular, 278M humongous, Frag: 18% external, 0% internal; Reserve: 50944K, Max: 256K
[2026-04-03T03:22:53.571+0600][50.870s][info][gc,start    ] GC(55) Concurrent class unloading
[2026-04-03T03:22:53.571+0600][50.870s][info][gc,task     ] GC(55) Using 3 of 6 workers for concurrent class unloading
[2026-04-03T03:22:53.578+0600][50.877s][info][gc          ] GC(55) Concurrent class unloading 6.647ms
[2026-04-03T03:22:53.578+0600][50.877s][info][gc,start    ] GC(55) Concurrent strong roots
[2026-04-03T03:22:53.578+0600][50.877s][info][gc,task     ] GC(55) Using 3 of 6 workers for concurrent strong root
[2026-04-03T03:22:53.579+0600][50.878s][info][gc          ] GC(55) Concurrent strong roots 0.928ms
[2026-04-03T03:22:53.579+0600][50.878s][info][gc,start    ] GC(55) Concurrent evacuation
[2026-04-03T03:22:53.579+0600][50.878s][info][gc,task     ] GC(55) Using 3 of 6 workers for concurrent evacuation
[2026-04-03T03:22:53.598+0600][50.897s][info][gc          ] GC(55) Concurrent evacuation 18.785ms
[2026-04-03T03:22:53.598+0600][50.897s][info][gc,start    ] GC(55) Pause Init Update Refs
[2026-04-03T03:22:53.598+0600][50.897s][info][gc,ergo     ] GC(55) Pacer for Update Refs. Used: 631M, Free: 331M, Non-Taxable: 33989K, Alloc Tax Rate: 2.3x
[2026-04-03T03:22:53.598+0600][50.897s][info][gc          ] GC(55) Pause Init Update Refs 0.089ms
[2026-04-03T03:22:53.598+0600][50.897s][info][gc,start    ] GC(55) Concurrent update references
[2026-04-03T03:22:53.598+0600][50.897s][info][gc,task     ] GC(55) Using 3 of 6 workers for concurrent reference update
[2026-04-03T03:22:53.804+0600][51.103s][info][gc          ] GC(55) Concurrent update references 205.396ms
[2026-04-03T03:22:53.804+0600][51.103s][info][gc,start    ] GC(55) Concurrent update thread roots
[2026-04-03T03:22:53.805+0600][51.104s][info][gc          ] GC(55) Concurrent update thread roots 1.050ms
[2026-04-03T03:22:53.805+0600][51.104s][info][gc,start    ] GC(55) Pause Final Update Refs
[2026-04-03T03:22:53.805+0600][51.104s][info][gc,task     ] GC(55) Using 6 of 6 workers for final reference update
[2026-04-03T03:22:53.805+0600][51.104s][info][gc          ] GC(55) Pause Final Update Refs 0.273ms
[2026-04-03T03:22:53.806+0600][51.104s][info][gc,start    ] GC(55) Concurrent cleanup
[2026-04-03T03:22:53.806+0600][51.105s][info][gc          ] GC(55) Concurrent cleanup 681M->428M(768M) 0.411ms
[2026-04-03T03:22:53.806+0600][51.105s][info][gc,ergo     ] Free: 517M, Max: 256K regular, 272M humongous, Frag: 48% external, 0% internal; Reserve: 51200K, Max: 256K
[2026-04-03T03:22:53.806+0600][51.105s][info][gc,stats    ] 
[2026-04-03T03:22:53.806+0600][51.105s][info][gc,stats    ] All times are wall-clock times, except per-root-class counters, that are sum over
[2026-04-03T03:22:53.806+0600][51.105s][info][gc,stats    ] all workers. Dividing the <total> over the root stage time estimates parallelism.
[2026-04-03T03:22:53.806+0600][51.105s][info][gc,stats    ] 
[2026-04-03T03:22:53.806+0600][51.105s][info][gc,stats    ] Concurrent Reset                   2090 us
[2026-04-03T03:22:53.806+0600][51.105s][info][gc,stats    ] Pause Init Mark (G)                 572 us
[2026-04-03T03:22:53.806+0600][51.105s][info][gc,stats    ] Pause Init Mark (N)                 222 us
[2026-04-03T03:22:53.806+0600][51.105s][info][gc,stats    ]   Update Region States               53 us
[2026-04-03T03:22:53.806+0600][51.105s][info][gc,stats    ] Concurrent Mark Roots              1266 us, parallelism: 1.47x
[2026-04-03T03:22:53.806+0600][51.105s][info][gc,stats    ]   CMR: <total>                     1862 us
[2026-04-03T03:22:53.806+0600][51.105s][info][gc,stats    ]   CMR: Thread Roots                1610 us, workers (us): 338, 706, 567, ---, ---, ---, 
[2026-04-03T03:22:53.806+0600][51.105s][info][gc,stats    ]   CMR: VM Strong Roots               34 us, workers (us):  32,   1,   1, ---, ---, ---, 
[2026-04-03T03:22:53.806+0600][51.105s][info][gc,stats    ]   CMR: CLDG Roots                   218 us, workers (us): 218, ---, ---, ---, ---, ---, 
[2026-04-03T03:22:53.806+0600][51.105s][info][gc,stats    ] Concurrent Marking               514404 us
[2026-04-03T03:22:53.806+0600][51.105s][info][gc,stats    ] Pause Final Mark (G)               1666 us
[2026-04-03T03:22:53.806+0600][51.105s][info][gc,stats    ] Pause Final Mark (N)               1392 us
[2026-04-03T03:22:53.806+0600][51.105s][info][gc,stats    ]   Finish Mark                       356 us
[2026-04-03T03:22:53.806+0600][51.105s][info][gc,stats    ]   Update Region States               90 us
[2026-04-03T03:22:53.806+0600][51.105s][info][gc,stats    ]   Choose Collection Set             733 us
[2026-04-03T03:22:53.806+0600][51.105s][info][gc,stats    ]   Rebuild Free Set                   50 us
[2026-04-03T03:22:53.806+0600][51.105s][info][gc,stats    ] Concurrent Thread Roots             826 us, parallelism: 2.14x
[2026-04-03T03:22:53.806+0600][51.105s][info][gc,stats    ]   CTR: <total>                     1768 us
[2026-04-03T03:22:53.806+0600][51.105s][info][gc,stats    ]   CTR: Thread Roots                1768 us, workers (us): 617, 599, 552, ---, ---, ---, 
[2026-04-03T03:22:53.806+0600][51.105s][info][gc,stats    ] Concurrent Weak References          718 us, parallelism: 0.66x
[2026-04-03T03:22:53.806+0600][51.105s][info][gc,stats    ]   CWRF: <total>                     475 us
[2026-04-03T03:22:53.806+0600][51.105s][info][gc,stats    ]   CWRF: Weak References             475 us, workers (us): 411,  62,   2, ---, ---, ---, 
[2026-04-03T03:22:53.806+0600][51.105s][info][gc,stats    ] Concurrent Weak Roots              3164 us
[2026-04-03T03:22:53.806+0600][51.105s][info][gc,stats    ]   Roots                            2779 us, parallelism: 2.60x
[2026-04-03T03:22:53.806+0600][51.105s][info][gc,stats    ]     CWR: <total>                   7223 us
[2026-04-03T03:22:53.806+0600][51.105s][info][gc,stats    ]     CWR: Code Cache Roots          4873 us, workers (us): 1706, 1427, 1740, ---, ---, ---, 
[2026-04-03T03:22:53.806+0600][51.105s][info][gc,stats    ]     CWR: VM Weak Roots             2191 us, workers (us): 740, 738, 713, ---, ---, ---, 
[2026-04-03T03:22:53.806+0600][51.105s][info][gc,stats    ]     CWR: CLDG Roots                 159 us, workers (us): ---, 159, ---, ---, ---, ---, 
[2026-04-03T03:22:53.806+0600][51.105s][info][gc,stats    ]   Rendezvous                        281 us
[2026-04-03T03:22:53.806+0600][51.105s][info][gc,stats    ] Concurrent Cleanup                  297 us
[2026-04-03T03:22:53.806+0600][51.105s][info][gc,stats    ] Concurrent Class Unloading         6738 us
[2026-04-03T03:22:53.806+0600][51.105s][info][gc,stats    ]   Unlink Stale                     6114 us
[2026-04-03T03:22:53.806+0600][51.105s][info][gc,stats    ]     System Dictionary               116 us
[2026-04-03T03:22:53.806+0600][51.105s][info][gc,stats    ]     Weak Class Links                  1 us
[2026-04-03T03:22:53.806+0600][51.105s][info][gc,stats    ]     Code Roots                     5992 us
[2026-04-03T03:22:53.806+0600][51.105s][info][gc,stats    ]   Rendezvous                        328 us
[2026-04-03T03:22:53.806+0600][51.105s][info][gc,stats    ]   Purge Unlinked                    170 us
[2026-04-03T03:22:53.806+0600][51.105s][info][gc,stats    ]     Code Roots                      158 us
[2026-04-03T03:22:53.807+0600][51.105s][info][gc,stats    ]     CLDG                             12 us
[2026-04-03T03:22:53.807+0600][51.105s][info][gc,stats    ]     Exception Caches                  0 us
[2026-04-03T03:22:53.807+0600][51.105s][info][gc,stats    ] Concurrent Strong Roots            1036 us, parallelism: 0.55x
[2026-04-03T03:22:53.807+0600][51.105s][info][gc,stats    ]   CSR: <total>                      573 us
[2026-04-03T03:22:53.807+0600][51.105s][info][gc,stats    ]   CSR: VM Strong Roots               42 us, workers (us):  21,  20,   0, ---, ---, ---, 
[2026-04-03T03:22:53.807+0600][51.105s][info][gc,stats    ]   CSR: CLDG Roots                   530 us, workers (us): 530, ---, ---, ---, ---, ---, 
[2026-04-03T03:22:53.807+0600][51.105s][info][gc,stats    ] Concurrent Evacuation             18889 us
[2026-04-03T03:22:53.807+0600][51.105s][info][gc,stats    ] Pause Init Update Refs (G)          387 us
[2026-04-03T03:22:53.807+0600][51.105s][info][gc,stats    ] Pause Init Update Refs (N)          117 us
[2026-04-03T03:22:53.807+0600][51.105s][info][gc,stats    ]   Manage GCLABs                      24 us
[2026-04-03T03:22:53.807+0600][51.105s][info][gc,stats    ] Concurrent Update Refs           205494 us
[2026-04-03T03:22:53.807+0600][51.105s][info][gc,stats    ] Concurrent Update Thread Roots     1100 us
[2026-04-03T03:22:53.807+0600][51.105s][info][gc,stats    ] Pause Final Update Refs (G)         503 us
[2026-04-03T03:22:53.807+0600][51.105s][info][gc,stats    ] Pause Final Update Refs (N)         306 us
[2026-04-03T03:22:53.807+0600][51.105s][info][gc,stats    ]   Update Region States              140 us
[2026-04-03T03:22:53.807+0600][51.105s][info][gc,stats    ]   Trash Collection Set               28 us
[2026-04-03T03:22:53.807+0600][51.105s][info][gc,stats    ]   Rebuild Free Set                   48 us
[2026-04-03T03:22:53.807+0600][51.105s][info][gc,stats    ] Concurrent Cleanup                  441 us
[2026-04-03T03:22:53.807+0600][51.106s][info][gc,stats    ] Pacing                            22347 us
[2026-04-03T03:22:53.807+0600][51.106s][info][gc,stats    ] 
[2026-04-03T03:22:53.807+0600][51.106s][info][gc,stats    ] Allocation pacing accrued:
[2026-04-03T03:22:53.807+0600][51.106s][info][gc,stats    ]      22 of   884 ms (  2.5%): Executor task launch worker for task 0.0 in stage 14.0 (TID 21)
[2026-04-03T03:22:53.807+0600][51.106s][info][gc,stats    ]      22 of   884 ms (  2.5%): <total>
[2026-04-03T03:22:53.807+0600][51.106s][info][gc,stats    ]       0 of   884 ms (  0.0%): <average total>
[2026-04-03T03:22:53.807+0600][51.106s][info][gc,stats    ]      22 of   884 ms (  2.5%): <average non-zero>
[2026-04-03T03:22:53.807+0600][51.106s][info][gc,stats    ] 
[2026-04-03T03:22:53.807+0600][51.106s][info][gc,metaspace] Metaspace: 72803K(73792K)->72811K(73792K) NonClass: 63524K(64128K)->63531K(64128K) Class: 9279K(9664K)->9280K(9664K)
[2026-04-03T03:22:53.807+0600][51.106s][info][gc,ergo     ] Pacer for Idle. Initial: 20480K, Alloc Tax Rate: 1.0x
[2026-04-03T03:22:54.613+0600][51.912s][info][gc          ] Trigger: Average GC time (877.07 ms) is above the time for average allocation rate (439 MB/s) to deplete free headroom (339M) (margin of error = 1.83)
[2026-04-03T03:22:54.613+0600][51.912s][info][gc,ergo     ] Free headroom: 389M (free) - 51200K (spike) - 0B (penalties) = 339M
[2026-04-03T03:22:54.613+0600][51.912s][info][gc,ergo     ] Free: 388M, Max: 256K regular, 272M humongous, Frag: 30% external, 0% internal; Reserve: 51200K, Max: 256K
[2026-04-03T03:22:54.613+0600][51.912s][info][gc,start    ] GC(56) Concurrent reset
[2026-04-03T03:22:54.613+0600][51.912s][info][gc,task     ] GC(56) Using 3 of 6 workers for concurrent reset
[2026-04-03T03:22:54.613+0600][51.912s][info][gc,ergo     ] GC(56) Pacer for Reset. Non-Taxable: 1000M
[2026-04-03T03:22:54.615+0600][51.914s][info][gc          ] GC(56) Concurrent reset 1.736ms
[2026-04-03T03:22:54.615+0600][51.914s][info][gc,start    ] GC(56) Pause Init Mark (unload classes)
[2026-04-03T03:22:54.615+0600][51.914s][info][gc,task     ] GC(56) Using 6 of 6 workers for init marking
[2026-04-03T03:22:54.616+0600][51.914s][info][gc,ergo     ] GC(56) Pacer for Mark. Expected Live: 224M, Free: 387M, Non-Taxable: 39723K, Alloc Tax Rate: 0.7x
[2026-04-03T03:22:54.616+0600][51.914s][info][gc          ] GC(56) Pause Init Mark (unload classes) 0.165ms
[2026-04-03T03:22:54.616+0600][51.915s][info][gc,start    ] GC(56) Concurrent marking roots
[2026-04-03T03:22:54.616+0600][51.915s][info][gc,task     ] GC(56) Using 3 of 6 workers for concurrent marking roots
[2026-04-03T03:22:54.617+0600][51.915s][info][gc          ] GC(56) Concurrent marking roots 0.899ms
[2026-04-03T03:22:54.617+0600][51.915s][info][gc,start    ] GC(56) Concurrent marking (unload classes)
[2026-04-03T03:22:54.617+0600][51.915s][info][gc,task     ] GC(56) Using 3 of 6 workers for concurrent marking
[2026-04-03T03:22:54.857+0600][52.156s][info][gc          ] GC(56) Concurrent marking (unload classes) 240.570ms
[2026-04-03T03:22:54.858+0600][52.156s][info][gc,start    ] GC(56) Pause Final Mark (unload classes)
[2026-04-03T03:22:54.858+0600][52.156s][info][gc,task     ] GC(56) Using 6 of 6 workers for final marking
[2026-04-03T03:22:54.858+0600][52.157s][info][gc,ergo     ] GC(56) Adaptive CSet Selection. Target Free: 141M, Actual Free: 688M, Max CSet: 42666K, Min Garbage: 0B
[2026-04-03T03:22:54.858+0600][52.157s][info][gc,ergo     ] GC(56) Collectable Garbage: 378M (98%), Immediate: 312M (81%), CSet: 68278K (17%)
[2026-04-03T03:22:54.859+0600][52.157s][info][gc,ergo     ] GC(56) Pacer for Evacuation. Used CSet: 87552K, Free: 645M, Non-Taxable: 66066K, Alloc Tax Rate: 1.1x
[2026-04-03T03:22:54.859+0600][52.157s][info][gc          ] GC(56) Pause Final Mark (unload classes) 0.987ms
[2026-04-03T03:22:54.859+0600][52.157s][info][gc,start    ] GC(56) Concurrent thread roots
[2026-04-03T03:22:54.859+0600][52.158s][info][gc,task     ] GC(56) Using 3 of 6 workers for Concurrent thread roots
[2026-04-03T03:22:54.859+0600][52.158s][info][gc          ] GC(56) Concurrent thread roots 0.757ms
[2026-04-03T03:22:54.859+0600][52.158s][info][gc,start    ] GC(56) Concurrent weak references
[2026-04-03T03:22:54.859+0600][52.158s][info][gc,task     ] GC(56) Using 3 of 6 workers for concurrent weak references
[2026-04-03T03:22:54.860+0600][52.159s][info][gc,ref      ] GC(56) Encountered references: Soft: 3299, Weak: 6525, Final: 84, Phantom: 603
[2026-04-03T03:22:54.860+0600][52.159s][info][gc,ref      ] GC(56) Discovered  references: Soft: 0, Weak: 863, Final: 2, Phantom: 347
[2026-04-03T03:22:54.860+0600][52.159s][info][gc,ref      ] GC(56) Enqueued    references: Soft: 0, Weak: 109, Final: 0, Phantom: 0
[2026-04-03T03:22:54.860+0600][52.159s][info][gc          ] GC(56) Concurrent weak references 0.455ms
[2026-04-03T03:22:54.860+0600][52.159s][info][gc,start    ] GC(56) Concurrent weak roots
[2026-04-03T03:22:54.860+0600][52.159s][info][gc,task     ] GC(56) Using 3 of 6 workers for concurrent weak root
[2026-04-03T03:22:54.863+0600][52.162s][info][gc          ] GC(56) Concurrent weak roots 3.155ms
[2026-04-03T03:22:54.863+0600][52.162s][info][gc,start    ] GC(56) Concurrent cleanup
[2026-04-03T03:22:54.864+0600][52.163s][info][gc          ] GC(56) Concurrent cleanup 616M->304M(768M) 0.580ms
[2026-04-03T03:22:54.864+0600][52.163s][info][gc,ergo     ] GC(56) Free: 643M, Max: 256K regular, 344M humongous, Frag: 47% external, 0% internal; Reserve: 50490K, Max: 256K
[2026-04-03T03:22:54.864+0600][52.163s][info][gc,start    ] GC(56) Concurrent class unloading
[2026-04-03T03:22:54.864+0600][52.163s][info][gc,task     ] GC(56) Using 3 of 6 workers for concurrent class unloading
[2026-04-03T03:22:54.872+0600][52.171s][info][gc          ] GC(56) Concurrent class unloading 8.068ms
[2026-04-03T03:22:54.872+0600][52.171s][info][gc,start    ] GC(56) Concurrent strong roots
[2026-04-03T03:22:54.872+0600][52.171s][info][gc,task     ] GC(56) Using 3 of 6 workers for concurrent strong root
[2026-04-03T03:22:54.873+0600][52.172s][info][gc          ] GC(56) Concurrent strong roots 0.832ms
[2026-04-03T03:22:54.873+0600][52.172s][info][gc,start    ] GC(56) Concurrent evacuation
[2026-04-03T03:22:54.873+0600][52.172s][info][gc,task     ] GC(56) Using 3 of 6 workers for concurrent evacuation
[2026-04-03T03:22:54.893+0600][52.191s][info][gc          ] GC(56) Concurrent evacuation 19.580ms
[2026-04-03T03:22:54.893+0600][52.192s][info][gc,start    ] GC(56) Pause Init Update Refs
[2026-04-03T03:22:54.893+0600][52.192s][info][gc,ergo     ] GC(56) Pacer for Update Refs. Used: 330M, Free: 635M, Non-Taxable: 65119K, Alloc Tax Rate: 1.1x
[2026-04-03T03:22:54.893+0600][52.192s][info][gc          ] GC(56) Pause Init Update Refs 0.081ms
[2026-04-03T03:22:54.893+0600][52.192s][info][gc,start    ] GC(56) Concurrent update references
[2026-04-03T03:22:54.893+0600][52.192s][info][gc,task     ] GC(56) Using 3 of 6 workers for concurrent reference update
[2026-04-03T03:22:55.010+0600][52.309s][info][gc          ] GC(56) Concurrent update references 116.702ms
[2026-04-03T03:22:55.010+0600][52.309s][info][gc,start    ] GC(56) Concurrent update thread roots
[2026-04-03T03:22:55.011+0600][52.310s][info][gc          ] GC(56) Concurrent update thread roots 1.093ms
[2026-04-03T03:22:55.011+0600][52.310s][info][gc,start    ] GC(56) Pause Final Update Refs
[2026-04-03T03:22:55.011+0600][52.310s][info][gc,task     ] GC(56) Using 6 of 6 workers for final reference update
[2026-04-03T03:22:55.011+0600][52.310s][info][gc          ] GC(56) Pause Final Update Refs 0.210ms
[2026-04-03T03:22:55.012+0600][52.310s][info][gc,start    ] GC(56) Concurrent cleanup
[2026-04-03T03:22:55.012+0600][52.311s][info][gc          ] GC(56) Concurrent cleanup 391M->306M(768M) 0.769ms
[2026-04-03T03:22:55.013+0600][52.311s][info][gc,ergo     ] Free: 638M, Max: 256K regular, 371M humongous, Frag: 42% external, 0% internal; Reserve: 51200K, Max: 256K
[2026-04-03T03:22:55.013+0600][52.311s][info][gc,stats    ] 
[2026-04-03T03:22:55.013+0600][52.311s][info][gc,stats    ] All times are wall-clock times, except per-root-class counters, that are sum over
[2026-04-03T03:22:55.013+0600][52.311s][info][gc,stats    ] all workers. Dividing the <total> over the root stage time estimates parallelism.
[2026-04-03T03:22:55.013+0600][52.311s][info][gc,stats    ] 
[2026-04-03T03:22:55.013+0600][52.311s][info][gc,stats    ] Concurrent Reset                   1808 us
[2026-04-03T03:22:55.013+0600][52.311s][info][gc,stats    ] Pause Init Mark (G)                 539 us
[2026-04-03T03:22:55.013+0600][52.311s][info][gc,stats    ] Pause Init Mark (N)                 180 us
[2026-04-03T03:22:55.013+0600][52.311s][info][gc,stats    ]   Update Region States               40 us
[2026-04-03T03:22:55.013+0600][52.311s][info][gc,stats    ] Concurrent Mark Roots               947 us, parallelism: 1.66x
[2026-04-03T03:22:55.013+0600][52.311s][info][gc,stats    ]   CMR: <total>                     1572 us
[2026-04-03T03:22:55.013+0600][52.311s][info][gc,stats    ]   CMR: Thread Roots                1340 us, workers (us): 517, 328, 495, ---, ---, ---, 
[2026-04-03T03:22:55.013+0600][52.311s][info][gc,stats    ]   CMR: VM Strong Roots               39 us, workers (us):  29,  10,   1, ---, ---, ---, 
[2026-04-03T03:22:55.013+0600][52.311s][info][gc,stats    ]   CMR: CLDG Roots                   192 us, workers (us): ---, 192, ---, ---, ---, ---, 
[2026-04-03T03:22:55.013+0600][52.311s][info][gc,stats    ] Concurrent Marking               240660 us
[2026-04-03T03:22:55.013+0600][52.311s][info][gc,stats    ] Pause Final Mark (G)               1340 us
[2026-04-03T03:22:55.013+0600][52.311s][info][gc,stats    ] Pause Final Mark (N)               1002 us
[2026-04-03T03:22:55.013+0600][52.311s][info][gc,stats    ]   Finish Mark                       320 us
[2026-04-03T03:22:55.013+0600][52.311s][info][gc,stats    ]   Update Region States               70 us
[2026-04-03T03:22:55.013+0600][52.311s][info][gc,stats    ]   Choose Collection Set             356 us
[2026-04-03T03:22:55.013+0600][52.311s][info][gc,stats    ]   Rebuild Free Set                   66 us
[2026-04-03T03:22:55.013+0600][52.311s][info][gc,stats    ] Concurrent Thread Roots             800 us, parallelism: 1.77x
[2026-04-03T03:22:55.013+0600][52.311s][info][gc,stats    ]   CTR: <total>                     1412 us
[2026-04-03T03:22:55.013+0600][52.311s][info][gc,stats    ]   CTR: Thread Roots                1412 us, workers (us): 525, 475, 413, ---, ---, ---, 
[2026-04-03T03:22:55.013+0600][52.312s][info][gc,stats    ] Concurrent Weak References          470 us, parallelism: 0.56x
[2026-04-03T03:22:55.013+0600][52.312s][info][gc,stats    ]   CWRF: <total>                     265 us
[2026-04-03T03:22:55.013+0600][52.312s][info][gc,stats    ]   CWRF: Weak References             265 us, workers (us): 263,   1,   1, ---, ---, ---, 
[2026-04-03T03:22:55.013+0600][52.312s][info][gc,stats    ] Concurrent Weak Roots              3235 us
[2026-04-03T03:22:55.013+0600][52.312s][info][gc,stats    ]   Roots                            2879 us, parallelism: 2.53x
[2026-04-03T03:22:55.013+0600][52.312s][info][gc,stats    ]     CWR: <total>                   7287 us
[2026-04-03T03:22:55.013+0600][52.312s][info][gc,stats    ]     CWR: Code Cache Roots          4724 us, workers (us): 1671, 1530, 1523, ---, ---, ---, 
[2026-04-03T03:22:55.013+0600][52.312s][info][gc,stats    ]     CWR: VM Weak Roots             2439 us, workers (us): 820, 816, 803, ---, ---, ---, 
[2026-04-03T03:22:55.013+0600][52.312s][info][gc,stats    ]     CWR: CLDG Roots                 123 us, workers (us): ---, ---, 123, ---, ---, ---, 
[2026-04-03T03:22:55.013+0600][52.312s][info][gc,stats    ]   Rendezvous                        245 us
[2026-04-03T03:22:55.013+0600][52.312s][info][gc,stats    ] Concurrent Cleanup                  610 us
[2026-04-03T03:22:55.013+0600][52.312s][info][gc,stats    ] Concurrent Class Unloading         8173 us
[2026-04-03T03:22:55.013+0600][52.312s][info][gc,stats    ]   Unlink Stale                     7064 us
[2026-04-03T03:22:55.013+0600][52.312s][info][gc,stats    ]     System Dictionary               135 us
[2026-04-03T03:22:55.013+0600][52.312s][info][gc,stats    ]     Weak Class Links                  1 us
[2026-04-03T03:22:55.013+0600][52.312s][info][gc,stats    ]     Code Roots                     6923 us
[2026-04-03T03:22:55.013+0600][52.312s][info][gc,stats    ]   Rendezvous                        303 us
[2026-04-03T03:22:55.013+0600][52.312s][info][gc,stats    ]   Purge Unlinked                    650 us
[2026-04-03T03:22:55.013+0600][52.312s][info][gc,stats    ]     Code Roots                      573 us
[2026-04-03T03:22:55.013+0600][52.312s][info][gc,stats    ]     CLDG                             75 us
[2026-04-03T03:22:55.013+0600][52.312s][info][gc,stats    ]     Exception Caches                  1 us
[2026-04-03T03:22:55.013+0600][52.312s][info][gc,stats    ] Concurrent Strong Roots             907 us, parallelism: 0.56x
[2026-04-03T03:22:55.013+0600][52.312s][info][gc,stats    ]   CSR: <total>                      503 us
[2026-04-03T03:22:55.013+0600][52.312s][info][gc,stats    ]   CSR: VM Strong Roots               61 us, workers (us):  40,  13,   8, ---, ---, ---, 
[2026-04-03T03:22:55.013+0600][52.312s][info][gc,stats    ]   CSR: CLDG Roots                   442 us, workers (us): ---, ---, 442, ---, ---, ---, 
[2026-04-03T03:22:55.013+0600][52.312s][info][gc,stats    ] Concurrent Evacuation             19711 us
[2026-04-03T03:22:55.013+0600][52.312s][info][gc,stats    ] Pause Init Update Refs (G)          533 us
[2026-04-03T03:22:55.013+0600][52.312s][info][gc,stats    ] Pause Init Update Refs (N)           93 us
[2026-04-03T03:22:55.013+0600][52.312s][info][gc,stats    ]   Manage GCLABs                      17 us
[2026-04-03T03:22:55.013+0600][52.312s][info][gc,stats    ] Concurrent Update Refs           116791 us
[2026-04-03T03:22:55.013+0600][52.312s][info][gc,stats    ] Concurrent Update Thread Roots     1142 us
[2026-04-03T03:22:55.013+0600][52.312s][info][gc,stats    ] Pause Final Update Refs (G)         541 us
[2026-04-03T03:22:55.013+0600][52.312s][info][gc,stats    ] Pause Final Update Refs (N)         226 us
[2026-04-03T03:22:55.013+0600][52.312s][info][gc,stats    ]   Update Region States               62 us
[2026-04-03T03:22:55.013+0600][52.312s][info][gc,stats    ]   Trash Collection Set               12 us
[2026-04-03T03:22:55.013+0600][52.312s][info][gc,stats    ]   Rebuild Free Set                   49 us
[2026-04-03T03:22:55.013+0600][52.312s][info][gc,stats    ] Concurrent Cleanup                  787 us
[2026-04-03T03:22:55.013+0600][52.312s][info][gc,stats    ] Pacing                            88446 us
[2026-04-03T03:22:55.013+0600][52.312s][info][gc,stats    ] 
[2026-04-03T03:22:55.013+0600][52.312s][info][gc,stats    ] Allocation pacing accrued:
[2026-04-03T03:22:55.013+0600][52.312s][info][gc,stats    ]      31 of  1206 ms (  2.6%): Executor task launch worker for task 0.0 in stage 15.0 (TID 24)
[2026-04-03T03:22:55.013+0600][52.312s][info][gc,stats    ]      29 of  1206 ms (  2.4%): Executor task launch worker for task 1.0 in stage 15.0 (TID 25)
[2026-04-03T03:22:55.013+0600][52.312s][info][gc,stats    ]      28 of  1206 ms (  2.3%): Executor task launch worker for task 2.0 in stage 15.0 (TID 26)
[2026-04-03T03:22:55.013+0600][52.312s][info][gc,stats    ]      88 of  1206 ms (  7.3%): <total>
[2026-04-03T03:22:55.013+0600][52.312s][info][gc,stats    ]       1 of  1206 ms (  0.1%): <average total>
[2026-04-03T03:22:55.013+0600][52.312s][info][gc,stats    ]      29 of  1206 ms (  2.4%): <average non-zero>
[2026-04-03T03:22:55.013+0600][52.312s][info][gc,stats    ] 
[2026-04-03T03:22:55.013+0600][52.312s][info][gc,metaspace] Metaspace: 72861K(73792K)->72868K(73792K) NonClass: 63578K(64128K)->63585K(64128K) Class: 9283K(9664K)->9283K(9664K)
[2026-04-03T03:22:55.013+0600][52.312s][info][gc,ergo     ] Pacer for Idle. Initial: 20480K, Alloc Tax Rate: 1.0x
[2026-04-03T03:22:55.115+0600][52.414s][info][gc          ] Trigger: Average GC time (821.75 ms) is above the time for average allocation rate (688 MB/s) to deplete free headroom (488M) (margin of error = 1.81)
[2026-04-03T03:22:55.115+0600][52.414s][info][gc,ergo     ] Free headroom: 538M (free) - 51200K (spike) - 0B (penalties) = 488M
[2026-04-03T03:22:55.115+0600][52.414s][info][gc,ergo     ] Free: 538M, Max: 256K regular, 371M humongous, Frag: 31% external, 0% internal; Reserve: 51200K, Max: 256K
[2026-04-03T03:22:55.115+0600][52.414s][info][gc,start    ] GC(57) Concurrent reset
[2026-04-03T03:22:55.115+0600][52.414s][info][gc,task     ] GC(57) Using 3 of 6 workers for concurrent reset
[2026-04-03T03:22:55.115+0600][52.414s][info][gc,ergo     ] GC(57) Pacer for Reset. Non-Taxable: 1000M
[2026-04-03T03:22:55.116+0600][52.415s][info][gc          ] GC(57) Concurrent reset 1.154ms
[2026-04-03T03:22:55.117+0600][52.415s][info][gc,start    ] GC(57) Pause Init Mark (unload classes)
[2026-04-03T03:22:55.117+0600][52.415s][info][gc,task     ] GC(57) Using 6 of 6 workers for init marking
[2026-04-03T03:22:55.117+0600][52.416s][info][gc,ergo     ] GC(57) Pacer for Mark. Expected Live: 217M, Free: 537M, Non-Taxable: 55084K, Alloc Tax Rate: 0.5x
[2026-04-03T03:22:55.117+0600][52.416s][info][gc          ] GC(57) Pause Init Mark (unload classes) 0.175ms
[2026-04-03T03:22:55.117+0600][52.416s][info][gc,start    ] GC(57) Concurrent marking roots
[2026-04-03T03:22:55.117+0600][52.416s][info][gc,task     ] GC(57) Using 3 of 6 workers for concurrent marking roots
[2026-04-03T03:22:55.118+0600][52.417s][info][gc          ] GC(57) Concurrent marking roots 0.977ms
[2026-04-03T03:22:55.118+0600][52.417s][info][gc,start    ] GC(57) Concurrent marking (unload classes)
[2026-04-03T03:22:55.118+0600][52.417s][info][gc,task     ] GC(57) Using 3 of 6 workers for concurrent marking
[2026-04-03T03:22:55.447+0600][52.746s][info][gc          ] GC(57) Concurrent marking (unload classes) 329.493ms
[2026-04-03T03:22:55.448+0600][52.746s][info][gc,start    ] GC(57) Pause Final Mark (unload classes)
[2026-04-03T03:22:55.448+0600][52.747s][info][gc,task     ] GC(57) Using 6 of 6 workers for final marking
[2026-04-03T03:22:55.448+0600][52.747s][info][gc,ergo     ] GC(57) Adaptive CSet Selection. Target Free: 141M, Actual Free: 487M, Max CSet: 42666K, Min Garbage: 0B
[2026-04-03T03:22:55.449+0600][52.747s][info][gc,ergo     ] GC(57) Collectable Garbage: 142M (85%), Immediate: 16896K (9%), CSet: 126M (75%)
[2026-04-03T03:22:55.449+0600][52.747s][info][gc,ergo     ] GC(57) Pacer for Evacuation. Used CSet: 167M, Free: 441M, Non-Taxable: 45203K, Alloc Tax Rate: 1.1x
[2026-04-03T03:22:55.449+0600][52.748s][info][gc          ] GC(57) Pause Final Mark (unload classes) 1.070ms
[2026-04-03T03:22:55.449+0600][52.748s][info][gc,start    ] GC(57) Concurrent thread roots
[2026-04-03T03:22:55.449+0600][52.748s][info][gc,task     ] GC(57) Using 3 of 6 workers for Concurrent thread roots
[2026-04-03T03:22:55.450+0600][52.748s][info][gc          ] GC(57) Concurrent thread roots 0.757ms
[2026-04-03T03:22:55.450+0600][52.749s][info][gc,start    ] GC(57) Concurrent weak references
[2026-04-03T03:22:55.450+0600][52.749s][info][gc,task     ] GC(57) Using 3 of 6 workers for concurrent weak references
[2026-04-03T03:22:55.450+0600][52.749s][info][gc,ref      ] GC(57) Encountered references: Soft: 3302, Weak: 6425, Final: 84, Phantom: 601
[2026-04-03T03:22:55.450+0600][52.749s][info][gc,ref      ] GC(57) Discovered  references: Soft: 0, Weak: 923, Final: 2, Phantom: 597
[2026-04-03T03:22:55.450+0600][52.749s][info][gc,ref      ] GC(57) Enqueued    references: Soft: 0, Weak: 81, Final: 0, Phantom: 0
[2026-04-03T03:22:55.450+0600][52.749s][info][gc          ] GC(57) Concurrent weak references 0.372ms
[2026-04-03T03:22:55.450+0600][52.749s][info][gc,start    ] GC(57) Concurrent weak roots
[2026-04-03T03:22:55.450+0600][52.749s][info][gc,task     ] GC(57) Using 3 of 6 workers for concurrent weak root
[2026-04-03T03:22:55.452+0600][52.751s][info][gc          ] GC(57) Concurrent weak roots 2.075ms
[2026-04-03T03:22:55.452+0600][52.751s][info][gc,start    ] GC(57) Concurrent cleanup
[2026-04-03T03:22:55.452+0600][52.751s][info][gc          ] GC(57) Concurrent cleanup 520M->504M(768M) 0.207ms
[2026-04-03T03:22:55.452+0600][52.751s][info][gc,ergo     ] GC(57) Free: 441M, Max: 256K regular, 371M humongous, Frag: 16% external, 0% internal; Reserve: 51191K, Max: 256K
[2026-04-03T03:22:55.452+0600][52.751s][info][gc,start    ] GC(57) Concurrent class unloading
[2026-04-03T03:22:55.453+0600][52.751s][info][gc,task     ] GC(57) Using 3 of 6 workers for concurrent class unloading
[2026-04-03T03:22:55.458+0600][52.757s][info][gc          ] GC(57) Concurrent class unloading 5.500ms
[2026-04-03T03:22:55.458+0600][52.757s][info][gc,start    ] GC(57) Concurrent strong roots
[2026-04-03T03:22:55.458+0600][52.757s][info][gc,task     ] GC(57) Using 3 of 6 workers for concurrent strong root
[2026-04-03T03:22:55.459+0600][52.758s][info][gc          ] GC(57) Concurrent strong roots 0.692ms
[2026-04-03T03:22:55.459+0600][52.758s][info][gc,start    ] GC(57) Concurrent evacuation
[2026-04-03T03:22:55.459+0600][52.758s][info][gc,task     ] GC(57) Using 3 of 6 workers for concurrent evacuation
[2026-04-03T03:22:55.495+0600][52.793s][info][gc          ] GC(57) Concurrent evacuation 35.699ms
[2026-04-03T03:22:55.495+0600][52.794s][info][gc,start    ] GC(57) Pause Init Update Refs
[2026-04-03T03:22:55.495+0600][52.794s][info][gc,ergo     ] GC(57) Pacer for Update Refs. Used: 572M, Free: 414M, Non-Taxable: 42489K, Alloc Tax Rate: 1.7x
[2026-04-03T03:22:55.495+0600][52.794s][info][gc          ] GC(57) Pause Init Update Refs 0.102ms
[2026-04-03T03:22:55.495+0600][52.794s][info][gc,start    ] GC(57) Concurrent update references
[2026-04-03T03:22:55.495+0600][52.794s][info][gc,task     ] GC(57) Using 3 of 6 workers for concurrent reference update
[2026-04-03T03:22:55.707+0600][53.006s][info][gc          ] GC(57) Concurrent update references 211.721ms
[2026-04-03T03:22:55.707+0600][53.006s][info][gc,start    ] GC(57) Concurrent update thread roots
[2026-04-03T03:22:55.708+0600][53.007s][info][gc          ] GC(57) Concurrent update thread roots 1.053ms
[2026-04-03T03:22:55.708+0600][53.007s][info][gc,start    ] GC(57) Pause Final Update Refs
[2026-04-03T03:22:55.708+0600][53.007s][info][gc,task     ] GC(57) Using 6 of 6 workers for final reference update
[2026-04-03T03:22:55.708+0600][53.007s][info][gc          ] GC(57) Pause Final Update Refs 0.256ms
[2026-04-03T03:22:55.709+0600][53.007s][info][gc,start    ] GC(57) Concurrent cleanup
[2026-04-03T03:22:55.709+0600][53.008s][info][gc          ] GC(57) Concurrent cleanup 707M->540M(768M) 0.496ms
[2026-04-03T03:22:55.709+0600][53.008s][info][gc,ergo     ] Free: 404M, Max: 256K regular, 249M humongous, Frag: 39% external, 0% internal; Reserve: 51200K, Max: 256K
[2026-04-03T03:22:55.709+0600][53.008s][info][gc,stats    ] 
[2026-04-03T03:22:55.709+0600][53.008s][info][gc,stats    ] All times are wall-clock times, except per-root-class counters, that are sum over
[2026-04-03T03:22:55.709+0600][53.008s][info][gc,stats    ] all workers. Dividing the <total> over the root stage time estimates parallelism.
[2026-04-03T03:22:55.709+0600][53.008s][info][gc,stats    ] 
[2026-04-03T03:22:55.709+0600][53.008s][info][gc,stats    ] Concurrent Reset                   1217 us
[2026-04-03T03:22:55.709+0600][53.008s][info][gc,stats    ] Pause Init Mark (G)                 479 us
[2026-04-03T03:22:55.709+0600][53.008s][info][gc,stats    ] Pause Init Mark (N)                 185 us
[2026-04-03T03:22:55.709+0600][53.008s][info][gc,stats    ]   Update Region States               46 us
[2026-04-03T03:22:55.709+0600][53.008s][info][gc,stats    ] Concurrent Mark Roots              1019 us, parallelism: 1.67x
[2026-04-03T03:22:55.709+0600][53.008s][info][gc,stats    ]   CMR: <total>                     1707 us
[2026-04-03T03:22:55.709+0600][53.008s][info][gc,stats    ]   CMR: Thread Roots                1358 us, workers (us): 260, 573, 525, ---, ---, ---, 
[2026-04-03T03:22:55.709+0600][53.008s][info][gc,stats    ]   CMR: VM Strong Roots               35 us, workers (us):  33,   1,   1, ---, ---, ---, 
[2026-04-03T03:22:55.709+0600][53.008s][info][gc,stats    ]   CMR: CLDG Roots                   314 us, workers (us): 314, ---, ---, ---, ---, ---, 
[2026-04-03T03:22:55.709+0600][53.008s][info][gc,stats    ] Concurrent Marking               329576 us
[2026-04-03T03:22:55.709+0600][53.008s][info][gc,stats    ] Pause Final Mark (G)               1405 us
[2026-04-03T03:22:55.709+0600][53.008s][info][gc,stats    ] Pause Final Mark (N)               1082 us
[2026-04-03T03:22:55.709+0600][53.008s][info][gc,stats    ]   Finish Mark                       392 us
[2026-04-03T03:22:55.709+0600][53.008s][info][gc,stats    ]   Update Region States               57 us
[2026-04-03T03:22:55.709+0600][53.008s][info][gc,stats    ]   Choose Collection Set             397 us
[2026-04-03T03:22:55.709+0600][53.008s][info][gc,stats    ]   Rebuild Free Set                   51 us
[2026-04-03T03:22:55.709+0600][53.008s][info][gc,stats    ] Concurrent Thread Roots             824 us, parallelism: 1.66x
[2026-04-03T03:22:55.710+0600][53.008s][info][gc,stats    ]   CTR: <total>                     1371 us
[2026-04-03T03:22:55.710+0600][53.008s][info][gc,stats    ]   CTR: Thread Roots                1371 us, workers (us): 475, 446, 451, ---, ---, ---, 
[2026-04-03T03:22:55.710+0600][53.008s][info][gc,stats    ] Concurrent Weak References          384 us, parallelism: 0.74x
[2026-04-03T03:22:55.710+0600][53.008s][info][gc,stats    ]   CWRF: <total>                     285 us
[2026-04-03T03:22:55.710+0600][53.008s][info][gc,stats    ]   CWRF: Weak References             285 us, workers (us): 113,  92,  80, ---, ---, ---, 
[2026-04-03T03:22:55.710+0600][53.008s][info][gc,stats    ] Concurrent Weak Roots              2124 us
[2026-04-03T03:22:55.710+0600][53.008s][info][gc,stats    ]   Roots                            1821 us, parallelism: 2.42x
[2026-04-03T03:22:55.710+0600][53.008s][info][gc,stats    ]     CWR: <total>                   4406 us
[2026-04-03T03:22:55.710+0600][53.008s][info][gc,stats    ]     CWR: Code Cache Roots          2706 us, workers (us): 920, 792, 994, ---, ---, ---, 
[2026-04-03T03:22:55.710+0600][53.008s][info][gc,stats    ]     CWR: VM Weak Roots             1547 us, workers (us): 518, 514, 514, ---, ---, ---, 
[2026-04-03T03:22:55.710+0600][53.008s][info][gc,stats    ]     CWR: CLDG Roots                 153 us, workers (us): ---, 153, ---, ---, ---, ---, 
[2026-04-03T03:22:55.710+0600][53.008s][info][gc,stats    ]   Rendezvous                        224 us
[2026-04-03T03:22:55.710+0600][53.009s][info][gc,stats    ] Concurrent Cleanup                  223 us
[2026-04-03T03:22:55.710+0600][53.009s][info][gc,stats    ] Concurrent Class Unloading         5591 us
[2026-04-03T03:22:55.710+0600][53.009s][info][gc,stats    ]   Unlink Stale                     5138 us
[2026-04-03T03:22:55.710+0600][53.009s][info][gc,stats    ]     System Dictionary               137 us
[2026-04-03T03:22:55.710+0600][53.009s][info][gc,stats    ]     Weak Class Links                  1 us
[2026-04-03T03:22:55.710+0600][53.009s][info][gc,stats    ]     Code Roots                     4997 us
[2026-04-03T03:22:55.710+0600][53.009s][info][gc,stats    ]   Rendezvous                        325 us
[2026-04-03T03:22:55.710+0600][53.009s][info][gc,stats    ]   Purge Unlinked                     11 us
[2026-04-03T03:22:55.710+0600][53.009s][info][gc,stats    ]     Code Roots                        3 us
[2026-04-03T03:22:55.710+0600][53.009s][info][gc,stats    ]     CLDG                              7 us
[2026-04-03T03:22:55.710+0600][53.009s][info][gc,stats    ]     Exception Caches                  0 us
[2026-04-03T03:22:55.710+0600][53.009s][info][gc,stats    ] Concurrent Strong Roots             736 us, parallelism: 0.57x
[2026-04-03T03:22:55.710+0600][53.009s][info][gc,stats    ]   CSR: <total>                      418 us
[2026-04-03T03:22:55.710+0600][53.009s][info][gc,stats    ]   CSR: VM Strong Roots               35 us, workers (us):  25,  10,   0, ---, ---, ---, 
[2026-04-03T03:22:55.710+0600][53.009s][info][gc,stats    ]   CSR: CLDG Roots                   383 us, workers (us): ---, 383, ---, ---, ---, ---, 
[2026-04-03T03:22:55.710+0600][53.009s][info][gc,stats    ] Concurrent Evacuation             35821 us
[2026-04-03T03:22:55.710+0600][53.009s][info][gc,stats    ] Pause Init Update Refs (G)          371 us
[2026-04-03T03:22:55.710+0600][53.009s][info][gc,stats    ] Pause Init Update Refs (N)          117 us
[2026-04-03T03:22:55.710+0600][53.009s][info][gc,stats    ]   Manage GCLABs                      22 us
[2026-04-03T03:22:55.710+0600][53.009s][info][gc,stats    ] Concurrent Update Refs           211836 us
[2026-04-03T03:22:55.710+0600][53.009s][info][gc,stats    ] Concurrent Update Thread Roots     1128 us
[2026-04-03T03:22:55.710+0600][53.009s][info][gc,stats    ] Pause Final Update Refs (G)         530 us
[2026-04-03T03:22:55.710+0600][53.009s][info][gc,stats    ] Pause Final Update Refs (N)         322 us
[2026-04-03T03:22:55.710+0600][53.009s][info][gc,stats    ]   Update Region States               75 us
[2026-04-03T03:22:55.710+0600][53.009s][info][gc,stats    ]   Trash Collection Set               27 us
[2026-04-03T03:22:55.710+0600][53.009s][info][gc,stats    ]   Rebuild Free Set                   61 us
[2026-04-03T03:22:55.710+0600][53.009s][info][gc,stats    ] Concurrent Cleanup                  578 us
[2026-04-03T03:22:55.710+0600][53.009s][info][gc,stats    ] Pacing                           196901 us
[2026-04-03T03:22:55.710+0600][53.009s][info][gc,stats    ] 
[2026-04-03T03:22:55.710+0600][53.009s][info][gc,stats    ] Allocation pacing accrued:
[2026-04-03T03:22:55.710+0600][53.009s][info][gc,stats    ]      62 of   697 ms (  9.0%): Executor task launch worker for task 0.0 in stage 15.0 (TID 24)
[2026-04-03T03:22:55.710+0600][53.009s][info][gc,stats    ]      67 of   697 ms (  9.6%): Executor task launch worker for task 1.0 in stage 15.0 (TID 25)
[2026-04-03T03:22:55.710+0600][53.009s][info][gc,stats    ]      68 of   697 ms (  9.7%): Executor task launch worker for task 2.0 in stage 15.0 (TID 26)
[2026-04-03T03:22:55.710+0600][53.009s][info][gc,stats    ]     197 of   697 ms ( 28.2%): <total>
[2026-04-03T03:22:55.710+0600][53.009s][info][gc,stats    ]       1 of   697 ms (  0.2%): <average total>
[2026-04-03T03:22:55.710+0600][53.009s][info][gc,stats    ]      66 of   697 ms (  9.4%): <average non-zero>
[2026-04-03T03:22:55.710+0600][53.009s][info][gc,stats    ] 
[2026-04-03T03:22:55.710+0600][53.009s][info][gc,metaspace] Metaspace: 72868K(73792K)->72869K(73792K) NonClass: 63585K(64128K)->63586K(64128K) Class: 9283K(9664K)->9283K(9664K)
[2026-04-03T03:22:55.710+0600][53.009s][info][gc,ergo     ] Pacer for Idle. Initial: 20480K, Alloc Tax Rate: 1.0x
[2026-04-03T03:22:55.711+0600][53.010s][info][gc          ] Trigger: Average GC time (775.96 ms) is above the time for average allocation rate (586 MB/s) to deplete free headroom (352M) (margin of error = 1.83)
[2026-04-03T03:22:55.711+0600][53.010s][info][gc,ergo     ] Free headroom: 402M (free) - 51200K (spike) - 0B (penalties) = 352M
[2026-04-03T03:22:55.711+0600][53.010s][info][gc,ergo     ] Free: 402M, Max: 256K regular, 249M humongous, Frag: 39% external, 0% internal; Reserve: 51200K, Max: 256K
[2026-04-03T03:22:55.712+0600][53.010s][info][gc,start    ] GC(58) Concurrent reset
[2026-04-03T03:22:55.712+0600][53.010s][info][gc,task     ] GC(58) Using 3 of 6 workers for concurrent reset
[2026-04-03T03:22:55.712+0600][53.010s][info][gc,ergo     ] GC(58) Pacer for Reset. Non-Taxable: 1000M
[2026-04-03T03:22:55.713+0600][53.012s][info][gc          ] GC(58) Concurrent reset 1.849ms
[2026-04-03T03:22:55.714+0600][53.013s][info][gc,start    ] GC(58) Pause Init Mark (unload classes)
[2026-04-03T03:22:55.714+0600][53.013s][info][gc,task     ] GC(58) Using 6 of 6 workers for init marking
[2026-04-03T03:22:55.714+0600][53.013s][info][gc,ergo     ] GC(58) Pacer for Mark. Expected Live: 222M, Free: 400M, Non-Taxable: 41056K, Alloc Tax Rate: 0.7x
[2026-04-03T03:22:55.714+0600][53.013s][info][gc          ] GC(58) Pause Init Mark (unload classes) 0.234ms
[2026-04-03T03:22:55.714+0600][53.013s][info][gc,start    ] GC(58) Concurrent marking roots
[2026-04-03T03:22:55.714+0600][53.013s][info][gc,task     ] GC(58) Using 3 of 6 workers for concurrent marking roots
[2026-04-03T03:22:55.715+0600][53.014s][info][gc          ] GC(58) Concurrent marking roots 1.127ms
[2026-04-03T03:22:55.715+0600][53.014s][info][gc,start    ] GC(58) Concurrent marking (unload classes)
[2026-04-03T03:22:55.715+0600][53.014s][info][gc,task     ] GC(58) Using 3 of 6 workers for concurrent marking
[2026-04-03T03:22:55.974+0600][53.272s][info][gc          ] GC(58) Concurrent marking (unload classes) 258.366ms
[2026-04-03T03:22:55.974+0600][53.273s][info][gc,start    ] GC(58) Pause Final Mark (unload classes)
[2026-04-03T03:22:55.974+0600][53.273s][info][gc,task     ] GC(58) Using 6 of 6 workers for final marking
[2026-04-03T03:22:55.974+0600][53.273s][info][gc,ergo     ] GC(58) Adaptive CSet Selection. Target Free: 141M, Actual Free: 397M, Max CSet: 42666K, Min Garbage: 0B
[2026-04-03T03:22:55.975+0600][53.274s][info][gc,ergo     ] GC(58) Collectable Garbage: 281M (93%), Immediate: 29696K (9%), CSet: 252M (84%)
[2026-04-03T03:22:55.975+0600][53.274s][info][gc,ergo     ] GC(58) Pacer for Evacuation. Used CSet: 294M, Free: 349M, Non-Taxable: 35834K, Alloc Tax Rate: 2.1x
[2026-04-03T03:22:55.975+0600][53.274s][info][gc          ] GC(58) Pause Final Mark (unload classes) 1.019ms
[2026-04-03T03:22:55.975+0600][53.274s][info][gc,start    ] GC(58) Concurrent thread roots
[2026-04-03T03:22:55.975+0600][53.274s][info][gc,task     ] GC(58) Using 3 of 6 workers for Concurrent thread roots
[2026-04-03T03:22:55.976+0600][53.274s][info][gc          ] GC(58) Concurrent thread roots 0.539ms
[2026-04-03T03:22:55.976+0600][53.274s][info][gc,start    ] GC(58) Concurrent weak references
[2026-04-03T03:22:55.976+0600][53.274s][info][gc,task     ] GC(58) Using 3 of 6 workers for concurrent weak references
[2026-04-03T03:22:55.976+0600][53.275s][info][gc,ref      ] GC(58) Encountered references: Soft: 3302, Weak: 6344, Final: 84, Phantom: 601
[2026-04-03T03:22:55.976+0600][53.275s][info][gc,ref      ] GC(58) Discovered  references: Soft: 0, Weak: 668, Final: 0, Phantom: 598
[2026-04-03T03:22:55.976+0600][53.275s][info][gc,ref      ] GC(58) Enqueued    references: Soft: 0, Weak: 0, Final: 0, Phantom: 0
[2026-04-03T03:22:55.976+0600][53.275s][info][gc          ] GC(58) Concurrent weak references 0.394ms
[2026-04-03T03:22:55.976+0600][53.275s][info][gc,start    ] GC(58) Concurrent weak roots
[2026-04-03T03:22:55.976+0600][53.275s][info][gc,task     ] GC(58) Using 3 of 6 workers for concurrent weak root
[2026-04-03T03:22:55.978+0600][53.277s][info][gc          ] GC(58) Concurrent weak roots 1.956ms
[2026-04-03T03:22:55.978+0600][53.277s][info][gc,start    ] GC(58) Concurrent cleanup
[2026-04-03T03:22:55.978+0600][53.277s][info][gc          ] GC(58) Concurrent cleanup 629M->600M(768M) 0.241ms
[2026-04-03T03:22:55.978+0600][53.277s][info][gc,ergo     ] GC(58) Free: 347M, Max: 256K regular, 250M humongous, Frag: 28% external, 0% internal; Reserve: 50623K, Max: 256K
[2026-04-03T03:22:55.978+0600][53.277s][info][gc,start    ] GC(58) Concurrent class unloading
[2026-04-03T03:22:55.978+0600][53.277s][info][gc,task     ] GC(58) Using 3 of 6 workers for concurrent class unloading
[2026-04-03T03:22:55.984+0600][53.283s][info][gc          ] GC(58) Concurrent class unloading 5.883ms
[2026-04-03T03:22:55.984+0600][53.283s][info][gc,start    ] GC(58) Concurrent strong roots
[2026-04-03T03:22:55.984+0600][53.283s][info][gc,task     ] GC(58) Using 3 of 6 workers for concurrent strong root
[2026-04-03T03:22:55.985+0600][53.284s][info][gc          ] GC(58) Concurrent strong roots 0.736ms
[2026-04-03T03:22:55.985+0600][53.284s][info][gc,start    ] GC(58) Concurrent evacuation
[2026-04-03T03:22:55.985+0600][53.284s][info][gc,task     ] GC(58) Using 3 of 6 workers for concurrent evacuation
[2026-04-03T03:22:56.018+0600][53.317s][info][gc          ] GC(58) Concurrent evacuation 33.149ms
[2026-04-03T03:22:56.019+0600][53.317s][info][gc,start    ] GC(58) Pause Init Update Refs
[2026-04-03T03:22:56.019+0600][53.317s][info][gc,ergo     ] GC(58) Pacer for Update Refs. Used: 667M, Free: 322M, Non-Taxable: 32992K, Alloc Tax Rate: 2.5x
[2026-04-03T03:22:56.019+0600][53.317s][info][gc          ] GC(58) Pause Init Update Refs 0.082ms
[2026-04-03T03:22:56.019+0600][53.318s][info][gc,start    ] GC(58) Concurrent update references
[2026-04-03T03:22:56.019+0600][53.318s][info][gc,task     ] GC(58) Using 3 of 6 workers for concurrent reference update
[2026-04-03T03:22:56.182+0600][53.481s][info][gc          ] GC(58) Concurrent update references 163.226ms
[2026-04-03T03:22:56.182+0600][53.481s][info][gc,start    ] GC(58) Concurrent update thread roots
[2026-04-03T03:22:56.183+0600][53.482s][info][gc          ] GC(58) Concurrent update thread roots 1.250ms
[2026-04-03T03:22:56.184+0600][53.483s][info][gc,start    ] GC(58) Pause Final Update Refs
[2026-04-03T03:22:56.184+0600][53.483s][info][gc,task     ] GC(58) Using 6 of 6 workers for final reference update
[2026-04-03T03:22:56.184+0600][53.483s][info][gc          ] GC(58) Pause Final Update Refs 0.299ms
[2026-04-03T03:22:56.184+0600][53.483s][info][gc,start    ] GC(58) Concurrent cleanup
[2026-04-03T03:22:56.185+0600][53.484s][info][gc          ] GC(58) Concurrent cleanup 761M->466M(792M) 0.550ms
[2026-04-03T03:22:56.185+0600][53.484s][info][gc,ergo     ] Free: 478M, Max: 256K regular, 210M humongous, Frag: 57% external, 0% internal; Reserve: 51200K, Max: 256K
[2026-04-03T03:22:56.185+0600][53.484s][info][gc,stats    ] 
[2026-04-03T03:22:56.185+0600][53.484s][info][gc,stats    ] All times are wall-clock times, except per-root-class counters, that are sum over
[2026-04-03T03:22:56.185+0600][53.484s][info][gc,stats    ] all workers. Dividing the <total> over the root stage time estimates parallelism.
[2026-04-03T03:22:56.185+0600][53.484s][info][gc,stats    ] 
[2026-04-03T03:22:56.185+0600][53.484s][info][gc,stats    ] Concurrent Reset                   1932 us
[2026-04-03T03:22:56.185+0600][53.484s][info][gc,stats    ] Pause Init Mark (G)                 616 us
[2026-04-03T03:22:56.185+0600][53.484s][info][gc,stats    ] Pause Init Mark (N)                 244 us
[2026-04-03T03:22:56.185+0600][53.484s][info][gc,stats    ]   Update Region States               55 us
[2026-04-03T03:22:56.185+0600][53.484s][info][gc,stats    ] Concurrent Mark Roots              1184 us, parallelism: 1.60x
[2026-04-03T03:22:56.185+0600][53.484s][info][gc,stats    ]   CMR: <total>                     1894 us
[2026-04-03T03:22:56.185+0600][53.484s][info][gc,stats    ]   CMR: Thread Roots                1516 us, workers (us): 284, 616, 616, ---, ---, ---, 
[2026-04-03T03:22:56.185+0600][53.484s][info][gc,stats    ]   CMR: VM Strong Roots               46 us, workers (us):  28,  10,   8, ---, ---, ---, 
[2026-04-03T03:22:56.185+0600][53.484s][info][gc,stats    ]   CMR: CLDG Roots                   332 us, workers (us): 332, ---, ---, ---, ---, ---, 
[2026-04-03T03:22:56.185+0600][53.484s][info][gc,stats    ] Concurrent Marking               258454 us
[2026-04-03T03:22:56.185+0600][53.484s][info][gc,stats    ] Pause Final Mark (G)               1325 us
[2026-04-03T03:22:56.185+0600][53.484s][info][gc,stats    ] Pause Final Mark (N)               1031 us
[2026-04-03T03:22:56.185+0600][53.484s][info][gc,stats    ]   Finish Mark                       305 us
[2026-04-03T03:22:56.185+0600][53.484s][info][gc,stats    ]   Update Region States               71 us
[2026-04-03T03:22:56.185+0600][53.484s][info][gc,stats    ]   Choose Collection Set             516 us
[2026-04-03T03:22:56.185+0600][53.484s][info][gc,stats    ]   Rebuild Free Set                   43 us
[2026-04-03T03:22:56.185+0600][53.484s][info][gc,stats    ] Concurrent Thread Roots             575 us, parallelism: 1.88x
[2026-04-03T03:22:56.185+0600][53.484s][info][gc,stats    ]   CTR: <total>                     1081 us
[2026-04-03T03:22:56.185+0600][53.484s][info][gc,stats    ]   CTR: Thread Roots                1081 us, workers (us): 407, 358, 316, ---, ---, ---, 
[2026-04-03T03:22:56.185+0600][53.484s][info][gc,stats    ] Concurrent Weak References          405 us, parallelism: 0.70x
[2026-04-03T03:22:56.185+0600][53.484s][info][gc,stats    ]   CWRF: <total>                     284 us
[2026-04-03T03:22:56.185+0600][53.484s][info][gc,stats    ]   CWRF: Weak References             284 us, workers (us): 217,  66,   1, ---, ---, ---, 
[2026-04-03T03:22:56.185+0600][53.484s][info][gc,stats    ] Concurrent Weak Roots              2015 us
[2026-04-03T03:22:56.185+0600][53.484s][info][gc,stats    ]   Roots                            1688 us, parallelism: 2.36x
[2026-04-03T03:22:56.185+0600][53.484s][info][gc,stats    ]     CWR: <total>                   3975 us
[2026-04-03T03:22:56.185+0600][53.484s][info][gc,stats    ]     CWR: Code Cache Roots          2506 us, workers (us): 828, 940, 738, ---, ---, ---, 
[2026-04-03T03:22:56.185+0600][53.484s][info][gc,stats    ]     CWR: VM Weak Roots             1389 us, workers (us): 497, 474, 418, ---, ---, ---, 
[2026-04-03T03:22:56.185+0600][53.484s][info][gc,stats    ]     CWR: CLDG Roots                  80 us, workers (us): ---, ---,  80, ---, ---, ---, 
[2026-04-03T03:22:56.185+0600][53.484s][info][gc,stats    ]   Rendezvous                        224 us
[2026-04-03T03:22:56.185+0600][53.484s][info][gc,stats    ] Concurrent Cleanup                  266 us
[2026-04-03T03:22:56.185+0600][53.484s][info][gc,stats    ] Concurrent Class Unloading         5970 us
[2026-04-03T03:22:56.185+0600][53.484s][info][gc,stats    ]   Unlink Stale                     5389 us
[2026-04-03T03:22:56.185+0600][53.484s][info][gc,stats    ]     System Dictionary                89 us
[2026-04-03T03:22:56.185+0600][53.484s][info][gc,stats    ]     Weak Class Links                  0 us
[2026-04-03T03:22:56.185+0600][53.484s][info][gc,stats    ]     Code Roots                     5294 us
[2026-04-03T03:22:56.185+0600][53.484s][info][gc,stats    ]   Rendezvous                        292 us
[2026-04-03T03:22:56.185+0600][53.484s][info][gc,stats    ]   Purge Unlinked                    173 us
[2026-04-03T03:22:56.185+0600][53.484s][info][gc,stats    ]     Code Roots                      163 us
[2026-04-03T03:22:56.185+0600][53.484s][info][gc,stats    ]     CLDG                              9 us
[2026-04-03T03:22:56.185+0600][53.484s][info][gc,stats    ]     Exception Caches                  0 us
[2026-04-03T03:22:56.185+0600][53.484s][info][gc,stats    ] Concurrent Strong Roots             781 us, parallelism: 0.59x
[2026-04-03T03:22:56.186+0600][53.484s][info][gc,stats    ]   CSR: <total>                      457 us
[2026-04-03T03:22:56.186+0600][53.484s][info][gc,stats    ]   CSR: VM Strong Roots               44 us, workers (us):  23,  21,   0, ---, ---, ---, 
[2026-04-03T03:22:56.186+0600][53.484s][info][gc,stats    ]   CSR: CLDG Roots                   413 us, workers (us): ---, 413, ---, ---, ---, ---, 
[2026-04-03T03:22:56.186+0600][53.484s][info][gc,stats    ] Concurrent Evacuation             33276 us
[2026-04-03T03:22:56.186+0600][53.484s][info][gc,stats    ] Pause Init Update Refs (G)          401 us
[2026-04-03T03:22:56.186+0600][53.484s][info][gc,stats    ] Pause Init Update Refs (N)          111 us
[2026-04-03T03:22:56.186+0600][53.484s][info][gc,stats    ]   Manage GCLABs                      22 us
[2026-04-03T03:22:56.186+0600][53.484s][info][gc,stats    ] Concurrent Update Refs           163340 us
[2026-04-03T03:22:56.186+0600][53.484s][info][gc,stats    ] Concurrent Update Thread Roots     1342 us
[2026-04-03T03:22:56.186+0600][53.484s][info][gc,stats    ] Pause Final Update Refs (G)         752 us
[2026-04-03T03:22:56.186+0600][53.484s][info][gc,stats    ] Pause Final Update Refs (N)         322 us
[2026-04-03T03:22:56.186+0600][53.484s][info][gc,stats    ]   Update Region States               71 us
[2026-04-03T03:22:56.186+0600][53.484s][info][gc,stats    ]   Trash Collection Set               37 us
[2026-04-03T03:22:56.186+0600][53.484s][info][gc,stats    ]   Rebuild Free Set                   65 us
[2026-04-03T03:22:56.186+0600][53.485s][info][gc,stats    ] Concurrent Cleanup                  589 us
[2026-04-03T03:22:56.186+0600][53.485s][info][gc,stats    ] Pacing                           436664 us
[2026-04-03T03:22:56.186+0600][53.485s][info][gc,stats    ] 
[2026-04-03T03:22:56.186+0600][53.485s][info][gc,stats    ] Allocation pacing accrued:
[2026-04-03T03:22:56.186+0600][53.485s][info][gc,stats    ]     147 of   476 ms ( 30.8%): Executor task launch worker for task 0.0 in stage 15.0 (TID 24)
[2026-04-03T03:22:56.186+0600][53.485s][info][gc,stats    ]     145 of   476 ms ( 30.5%): Executor task launch worker for task 1.0 in stage 15.0 (TID 25)
[2026-04-03T03:22:56.186+0600][53.485s][info][gc,stats    ]     145 of   476 ms ( 30.4%): Executor task launch worker for task 2.0 in stage 15.0 (TID 26)
[2026-04-03T03:22:56.186+0600][53.485s][info][gc,stats    ]     437 of   476 ms ( 91.8%): <total>
[2026-04-03T03:22:56.186+0600][53.485s][info][gc,stats    ]       3 of   476 ms (  0.7%): <average total>
[2026-04-03T03:22:56.186+0600][53.485s][info][gc,stats    ]     146 of   476 ms ( 30.6%): <average non-zero>
[2026-04-03T03:22:56.186+0600][53.485s][info][gc,stats    ] 
[2026-04-03T03:22:56.186+0600][53.485s][info][gc,metaspace] Metaspace: 72869K(73792K)->72869K(73792K) NonClass: 63586K(64128K)->63586K(64128K) Class: 9283K(9664K)->9283K(9664K)
[2026-04-03T03:22:56.186+0600][53.485s][info][gc,ergo     ] Pacer for Idle. Initial: 20480K, Alloc Tax Rate: 1.0x
[2026-04-03T03:22:56.288+0600][53.587s][info][gc          ] Trigger: Average GC time (690.88 ms) is above the time for average allocation rate (604 MB/s) to deplete free headroom (360M) (margin of error = 1.83)
[2026-04-03T03:22:56.288+0600][53.587s][info][gc,ergo     ] Free headroom: 410M (free) - 51200K (spike) - 0B (penalties) = 360M
[2026-04-03T03:22:56.288+0600][53.587s][info][gc,ergo     ] Free: 409M, Max: 256K regular, 210M humongous, Frag: 49% external, 0% internal; Reserve: 51200K, Max: 256K
[2026-04-03T03:22:56.288+0600][53.587s][info][gc,start    ] GC(59) Concurrent reset
[2026-04-03T03:22:56.288+0600][53.587s][info][gc,task     ] GC(59) Using 3 of 6 workers for concurrent reset
[2026-04-03T03:22:56.288+0600][53.587s][info][gc,ergo     ] GC(59) Pacer for Reset. Non-Taxable: 1000M
[2026-04-03T03:22:56.290+0600][53.589s][info][gc          ] GC(59) Concurrent reset 1.747ms
[2026-04-03T03:22:56.290+0600][53.589s][info][gc,start    ] GC(59) Pause Init Mark (unload classes)
[2026-04-03T03:22:56.290+0600][53.589s][info][gc,task     ] GC(59) Using 6 of 6 workers for init marking
[2026-04-03T03:22:56.290+0600][53.589s][info][gc,ergo     ] GC(59) Pacer for Mark. Expected Live: 226M, Free: 408M, Non-Taxable: 41849K, Alloc Tax Rate: 0.7x
[2026-04-03T03:22:56.290+0600][53.589s][info][gc          ] GC(59) Pause Init Mark (unload classes) 0.192ms
[2026-04-03T03:22:56.290+0600][53.589s][info][gc,start    ] GC(59) Concurrent marking roots
[2026-04-03T03:22:56.291+0600][53.589s][info][gc,task     ] GC(59) Using 3 of 6 workers for concurrent marking roots
[2026-04-03T03:22:56.291+0600][53.590s][info][gc          ] GC(59) Concurrent marking roots 1.002ms
[2026-04-03T03:22:56.292+0600][53.590s][info][gc,start    ] GC(59) Concurrent marking (unload classes)
[2026-04-03T03:22:56.292+0600][53.590s][info][gc,task     ] GC(59) Using 3 of 6 workers for concurrent marking
[2026-04-03T03:22:56.596+0600][53.895s][info][gc          ] GC(59) Concurrent marking (unload classes) 304.752ms
[2026-04-03T03:22:56.596+0600][53.895s][info][gc,start    ] GC(59) Pause Final Mark (unload classes)
[2026-04-03T03:22:56.597+0600][53.895s][info][gc,task     ] GC(59) Using 6 of 6 workers for final marking
[2026-04-03T03:22:56.597+0600][53.896s][info][gc,ergo     ] GC(59) Adaptive CSet Selection. Target Free: 141M, Actual Free: 382M, Max CSet: 42666K, Min Garbage: 0B
[2026-04-03T03:22:56.598+0600][53.896s][info][gc,ergo     ] GC(59) Collectable Garbage: 258M (96%), Immediate: 11776K (4%), CSet: 247M (92%)
[2026-04-03T03:22:56.598+0600][53.896s][info][gc,ergo     ] GC(59) Pacer for Evacuation. Used CSet: 289M, Free: 334M, Non-Taxable: 34246K, Alloc Tax Rate: 2.1x
[2026-04-03T03:22:56.598+0600][53.896s][info][gc          ] GC(59) Pause Final Mark (unload classes) 1.128ms
[2026-04-03T03:22:56.598+0600][53.897s][info][gc,start    ] GC(59) Concurrent thread roots
[2026-04-03T03:22:56.598+0600][53.897s][info][gc,task     ] GC(59) Using 3 of 6 workers for Concurrent thread roots
[2026-04-03T03:22:56.598+0600][53.897s][info][gc          ] GC(59) Concurrent thread roots 0.570ms
[2026-04-03T03:22:56.598+0600][53.897s][info][gc,start    ] GC(59) Concurrent weak references
[2026-04-03T03:22:56.598+0600][53.897s][info][gc,task     ] GC(59) Using 3 of 6 workers for concurrent weak references
[2026-04-03T03:22:56.599+0600][53.898s][info][gc,ref      ] GC(59) Encountered references: Soft: 3302, Weak: 6344, Final: 84, Phantom: 610
[2026-04-03T03:22:56.599+0600][53.898s][info][gc,ref      ] GC(59) Discovered  references: Soft: 0, Weak: 3720, Final: 84, Phantom: 599
[2026-04-03T03:22:56.599+0600][53.898s][info][gc,ref      ] GC(59) Enqueued    references: Soft: 0, Weak: 0, Final: 0, Phantom: 0
[2026-04-03T03:22:56.599+0600][53.898s][info][gc          ] GC(59) Concurrent weak references 0.751ms
[2026-04-03T03:22:56.599+0600][53.898s][info][gc,start    ] GC(59) Concurrent weak roots
[2026-04-03T03:22:56.599+0600][53.898s][info][gc,task     ] GC(59) Using 3 of 6 workers for concurrent weak root
[2026-04-03T03:22:56.601+0600][53.900s][info][gc          ] GC(59) Concurrent weak roots 1.956ms
[2026-04-03T03:22:56.601+0600][53.900s][info][gc,start    ] GC(59) Concurrent cleanup
[2026-04-03T03:22:56.601+0600][53.900s][info][gc          ] GC(59) Concurrent cleanup 626M->615M(792M) 0.210ms
[2026-04-03T03:22:56.601+0600][53.900s][info][gc,ergo     ] GC(59) Free: 331M, Max: 256K regular, 210M humongous, Frag: 37% external, 0% internal; Reserve: 50978K, Max: 256K
[2026-04-03T03:22:56.601+0600][53.900s][info][gc,start    ] GC(59) Concurrent class unloading
[2026-04-03T03:22:56.601+0600][53.900s][info][gc,task     ] GC(59) Using 3 of 6 workers for concurrent class unloading
[2026-04-03T03:22:56.607+0600][53.906s][info][gc          ] GC(59) Concurrent class unloading 5.291ms
[2026-04-03T03:22:56.607+0600][53.906s][info][gc,start    ] GC(59) Concurrent strong roots
[2026-04-03T03:22:56.607+0600][53.906s][info][gc,task     ] GC(59) Using 3 of 6 workers for concurrent strong root
[2026-04-03T03:22:56.608+0600][53.906s][info][gc          ] GC(59) Concurrent strong roots 0.737ms
[2026-04-03T03:22:56.608+0600][53.906s][info][gc,start    ] GC(59) Concurrent evacuation
[2026-04-03T03:22:56.608+0600][53.906s][info][gc,task     ] GC(59) Using 3 of 6 workers for concurrent evacuation
[2026-04-03T03:22:56.641+0600][53.940s][info][gc          ] GC(59) Concurrent evacuation 33.760ms
[2026-04-03T03:22:56.642+0600][53.940s][info][gc,start    ] GC(59) Pause Init Update Refs
[2026-04-03T03:22:56.642+0600][53.941s][info][gc,ergo     ] GC(59) Pacer for Update Refs. Used: 674M, Free: 314M, Non-Taxable: 32198K, Alloc Tax Rate: 2.6x
[2026-04-03T03:22:56.642+0600][53.941s][info][gc          ] GC(59) Pause Init Update Refs 0.135ms
[2026-04-03T03:22:56.642+0600][53.941s][info][gc,start    ] GC(59) Concurrent update references
[2026-04-03T03:22:56.642+0600][53.941s][info][gc,task     ] GC(59) Using 3 of 6 workers for concurrent reference update
[2026-04-03T03:22:56.807+0600][54.106s][info][gc          ] GC(59) Concurrent update references 165.488ms
[2026-04-03T03:22:56.807+0600][54.106s][info][gc,start    ] GC(59) Concurrent update thread roots
[2026-04-03T03:22:56.808+0600][54.107s][info][gc          ] GC(59) Concurrent update thread roots 0.986ms
[2026-04-03T03:22:56.809+0600][54.108s][info][gc,start    ] GC(59) Pause Final Update Refs
[2026-04-03T03:22:56.809+0600][54.108s][info][gc,task     ] GC(59) Using 6 of 6 workers for final reference update
[2026-04-03T03:22:56.809+0600][54.108s][info][gc          ] GC(59) Pause Final Update Refs 0.247ms
[2026-04-03T03:22:56.809+0600][54.108s][info][gc,start    ] GC(59) Concurrent cleanup
[2026-04-03T03:22:56.810+0600][54.108s][info][gc          ] GC(59) Concurrent cleanup 701M->412M(792M) 0.385ms
[2026-04-03T03:22:56.810+0600][54.108s][info][gc,ergo     ] Free: 534M, Max: 256K regular, 189M humongous, Frag: 65% external, 0% internal; Reserve: 51200K, Max: 256K
[2026-04-03T03:22:56.810+0600][54.108s][info][gc,stats    ] 
[2026-04-03T03:22:56.810+0600][54.109s][info][gc,stats    ] All times are wall-clock times, except per-root-class counters, that are sum over
[2026-04-03T03:22:56.810+0600][54.109s][info][gc,stats    ] all workers. Dividing the <total> over the root stage time estimates parallelism.
[2026-04-03T03:22:56.810+0600][54.109s][info][gc,stats    ] 
[2026-04-03T03:22:56.810+0600][54.109s][info][gc,stats    ] Concurrent Reset                   1820 us
[2026-04-03T03:22:56.810+0600][54.109s][info][gc,stats    ] Pause Init Mark (G)                 549 us
[2026-04-03T03:22:56.810+0600][54.109s][info][gc,stats    ] Pause Init Mark (N)                 205 us
[2026-04-03T03:22:56.810+0600][54.109s][info][gc,stats    ]   Update Region States               56 us
[2026-04-03T03:22:56.810+0600][54.109s][info][gc,stats    ] Concurrent Mark Roots              1054 us, parallelism: 1.51x
[2026-04-03T03:22:56.810+0600][54.109s][info][gc,stats    ]   CMR: <total>                     1588 us
[2026-04-03T03:22:56.810+0600][54.109s][info][gc,stats    ]   CMR: Thread Roots                1190 us, workers (us): 539, 176, 475, ---, ---, ---, 
[2026-04-03T03:22:56.810+0600][54.109s][info][gc,stats    ]   CMR: VM Strong Roots               36 us, workers (us):  21,  14,   1, ---, ---, ---, 
[2026-04-03T03:22:56.810+0600][54.109s][info][gc,stats    ]   CMR: CLDG Roots                   362 us, workers (us): ---, 362, ---, ---, ---, ---, 
[2026-04-03T03:22:56.810+0600][54.109s][info][gc,stats    ] Concurrent Marking               304825 us
[2026-04-03T03:22:56.810+0600][54.109s][info][gc,stats    ] Pause Final Mark (G)               1379 us
[2026-04-03T03:22:56.810+0600][54.109s][info][gc,stats    ] Pause Final Mark (N)               1139 us
[2026-04-03T03:22:56.810+0600][54.109s][info][gc,stats    ]   Finish Mark                       462 us
[2026-04-03T03:22:56.810+0600][54.109s][info][gc,stats    ]   Update Region States               52 us
[2026-04-03T03:22:56.810+0600][54.109s][info][gc,stats    ]   Choose Collection Set             473 us
[2026-04-03T03:22:56.810+0600][54.109s][info][gc,stats    ]   Rebuild Free Set                   43 us
[2026-04-03T03:22:56.810+0600][54.109s][info][gc,stats    ] Concurrent Thread Roots             602 us, parallelism: 1.83x
[2026-04-03T03:22:56.810+0600][54.109s][info][gc,stats    ]   CTR: <total>                     1101 us
[2026-04-03T03:22:56.810+0600][54.109s][info][gc,stats    ]   CTR: Thread Roots                1101 us, workers (us): 390, 386, 326, ---, ---, ---, 
[2026-04-03T03:22:56.810+0600][54.109s][info][gc,stats    ] Concurrent Weak References          762 us, parallelism: 0.81x
[2026-04-03T03:22:56.810+0600][54.109s][info][gc,stats    ]   CWRF: <total>                     618 us
[2026-04-03T03:22:56.810+0600][54.109s][info][gc,stats    ]   CWRF: Weak References             618 us, workers (us): 562,  55,   1, ---, ---, ---, 
[2026-04-03T03:22:56.810+0600][54.109s][info][gc,stats    ] Concurrent Weak Roots              2003 us
[2026-04-03T03:22:56.810+0600][54.109s][info][gc,stats    ]   Roots                            1761 us, parallelism: 2.42x
[2026-04-03T03:22:56.810+0600][54.109s][info][gc,stats    ]     CWR: <total>                   4268 us
[2026-04-03T03:22:56.810+0600][54.109s][info][gc,stats    ]     CWR: Code Cache Roots          3030 us, workers (us): 1117, 960, 954, ---, ---, ---, 
[2026-04-03T03:22:56.810+0600][54.109s][info][gc,stats    ]     CWR: VM Weak Roots             1204 us, workers (us): 409, 400, 395, ---, ---, ---, 
[2026-04-03T03:22:56.810+0600][54.109s][info][gc,stats    ]     CWR: CLDG Roots                  34 us, workers (us): ---,  34, ---, ---, ---, ---, 
[2026-04-03T03:22:56.810+0600][54.109s][info][gc,stats    ]   Rendezvous                        171 us
[2026-04-03T03:22:56.810+0600][54.109s][info][gc,stats    ] Concurrent Cleanup                  228 us
[2026-04-03T03:22:56.810+0600][54.109s][info][gc,stats    ] Concurrent Class Unloading         5377 us
[2026-04-03T03:22:56.810+0600][54.109s][info][gc,stats    ]   Unlink Stale                     5087 us
[2026-04-03T03:22:56.810+0600][54.109s][info][gc,stats    ]     System Dictionary                88 us
[2026-04-03T03:22:56.810+0600][54.109s][info][gc,stats    ]     Weak Class Links                  0 us
[2026-04-03T03:22:56.810+0600][54.109s][info][gc,stats    ]     Code Roots                     4995 us
[2026-04-03T03:22:56.810+0600][54.109s][info][gc,stats    ]   Rendezvous                        164 us
[2026-04-03T03:22:56.810+0600][54.109s][info][gc,stats    ]   Purge Unlinked                     10 us
[2026-04-03T03:22:56.810+0600][54.109s][info][gc,stats    ]     Code Roots                        3 us
[2026-04-03T03:22:56.810+0600][54.109s][info][gc,stats    ]     CLDG                              6 us
[2026-04-03T03:22:56.810+0600][54.109s][info][gc,stats    ]     Exception Caches                  0 us
[2026-04-03T03:22:56.810+0600][54.109s][info][gc,stats    ] Concurrent Strong Roots             778 us, parallelism: 0.57x
[2026-04-03T03:22:56.810+0600][54.109s][info][gc,stats    ]   CSR: <total>                      442 us
[2026-04-03T03:22:56.810+0600][54.109s][info][gc,stats    ]   CSR: VM Strong Roots               26 us, workers (us):  24,   1,   1, ---, ---, ---, 
[2026-04-03T03:22:56.810+0600][54.109s][info][gc,stats    ]   CSR: CLDG Roots                   416 us, workers (us): 416, ---, ---, ---, ---, ---, 
[2026-04-03T03:22:56.810+0600][54.109s][info][gc,stats    ] Concurrent Evacuation             33839 us
[2026-04-03T03:22:56.810+0600][54.109s][info][gc,stats    ] Pause Init Update Refs (G)          471 us
[2026-04-03T03:22:56.810+0600][54.109s][info][gc,stats    ] Pause Init Update Refs (N)          149 us
[2026-04-03T03:22:56.810+0600][54.109s][info][gc,stats    ]   Manage GCLABs                      26 us
[2026-04-03T03:22:56.810+0600][54.109s][info][gc,stats    ] Concurrent Update Refs           165568 us
[2026-04-03T03:22:56.810+0600][54.109s][info][gc,stats    ] Concurrent Update Thread Roots     1057 us
[2026-04-03T03:22:56.810+0600][54.109s][info][gc,stats    ] Pause Final Update Refs (G)         678 us
[2026-04-03T03:22:56.810+0600][54.109s][info][gc,stats    ] Pause Final Update Refs (N)         260 us
[2026-04-03T03:22:56.810+0600][54.109s][info][gc,stats    ]   Update Region States               86 us
[2026-04-03T03:22:56.810+0600][54.109s][info][gc,stats    ]   Trash Collection Set               22 us
[2026-04-03T03:22:56.810+0600][54.109s][info][gc,stats    ]   Rebuild Free Set                   44 us
[2026-04-03T03:22:56.810+0600][54.109s][info][gc,stats    ] Concurrent Cleanup                  407 us
[2026-04-03T03:22:56.810+0600][54.109s][info][gc,stats    ] Pacing                           376717 us
[2026-04-03T03:22:56.810+0600][54.109s][info][gc,stats    ] 
[2026-04-03T03:22:56.810+0600][54.109s][info][gc,stats    ] Allocation pacing accrued:
[2026-04-03T03:22:56.810+0600][54.109s][info][gc,stats    ]     108 of   625 ms ( 17.3%): Executor task launch worker for task 0.0 in stage 15.0 (TID 24)
[2026-04-03T03:22:56.810+0600][54.109s][info][gc,stats    ]     131 of   625 ms ( 21.0%): Executor task launch worker for task 1.0 in stage 15.0 (TID 25)
[2026-04-03T03:22:56.810+0600][54.109s][info][gc,stats    ]     138 of   625 ms ( 22.0%): Executor task launch worker for task 2.0 in stage 15.0 (TID 26)
[2026-04-03T03:22:56.810+0600][54.109s][info][gc,stats    ]     377 of   625 ms ( 60.3%): <total>
[2026-04-03T03:22:56.810+0600][54.109s][info][gc,stats    ]       3 of   625 ms (  0.4%): <average total>
[2026-04-03T03:22:56.810+0600][54.109s][info][gc,stats    ]     126 of   625 ms ( 20.1%): <average non-zero>
[2026-04-03T03:22:56.810+0600][54.109s][info][gc,stats    ] 
[2026-04-03T03:22:56.810+0600][54.109s][info][gc,metaspace] Metaspace: 72869K(73792K)->72875K(73792K) NonClass: 63586K(64128K)->63592K(64128K) Class: 9283K(9664K)->9283K(9664K)
[2026-04-03T03:22:56.810+0600][54.109s][info][gc,ergo     ] Pacer for Idle. Initial: 20480K, Alloc Tax Rate: 1.0x
[2026-04-03T03:22:57.236+0600][54.535s][info][gc          ] Trigger: Average GC time (641.75 ms) is above the time for average allocation rate (505 MB/s) to deplete free headroom (323M) (margin of error = 1.83)
[2026-04-03T03:22:57.236+0600][54.535s][info][gc,ergo     ] Free headroom: 373M (free) - 51200K (spike) - 0B (penalties) = 323M
[2026-04-03T03:22:57.237+0600][54.535s][info][gc,ergo     ] Free: 373M, Max: 256K regular, 189M humongous, Frag: 50% external, 0% internal; Reserve: 51200K, Max: 256K
[2026-04-03T03:22:57.237+0600][54.535s][info][gc,start    ] GC(60) Concurrent reset
[2026-04-03T03:22:57.237+0600][54.535s][info][gc,task     ] GC(60) Using 3 of 6 workers for concurrent reset
[2026-04-03T03:22:57.237+0600][54.535s][info][gc,ergo     ] GC(60) Pacer for Reset. Non-Taxable: 1000M
[2026-04-03T03:22:57.238+0600][54.537s][info][gc          ] GC(60) Concurrent reset 1.820ms
[2026-04-03T03:22:57.239+0600][54.538s][info][gc,start    ] GC(60) Pause Init Mark (unload classes)
[2026-04-03T03:22:57.239+0600][54.538s][info][gc,task     ] GC(60) Using 6 of 6 workers for init marking
[2026-04-03T03:22:57.239+0600][54.538s][info][gc,ergo     ] GC(60) Pacer for Mark. Expected Live: 233M, Free: 371M, Non-Taxable: 38060K, Alloc Tax Rate: 0.8x
[2026-04-03T03:22:57.239+0600][54.538s][info][gc          ] GC(60) Pause Init Mark (unload classes) 0.165ms
[2026-04-03T03:22:57.239+0600][54.538s][info][gc,start    ] GC(60) Concurrent marking roots
[2026-04-03T03:22:57.239+0600][54.538s][info][gc,task     ] GC(60) Using 3 of 6 workers for concurrent marking roots
[2026-04-03T03:22:57.240+0600][54.539s][info][gc          ] GC(60) Concurrent marking roots 0.864ms
[2026-04-03T03:22:57.240+0600][54.539s][info][gc,start    ] GC(60) Concurrent marking (unload classes)
[2026-04-03T03:22:57.240+0600][54.539s][info][gc,task     ] GC(60) Using 3 of 6 workers for concurrent marking
[2026-04-03T03:22:57.492+0600][54.790s][info][gc          ] GC(60) Concurrent marking (unload classes) 251.617ms
[2026-04-03T03:22:57.492+0600][54.791s][info][gc,start    ] GC(60) Pause Final Mark (unload classes)
[2026-04-03T03:22:57.492+0600][54.791s][info][gc,task     ] GC(60) Using 6 of 6 workers for final marking
[2026-04-03T03:22:57.492+0600][54.791s][info][gc,ergo     ] GC(60) Adaptive CSet Selection. Target Free: 141M, Actual Free: 507M, Max CSet: 42666K, Min Garbage: 0B
[2026-04-03T03:22:57.493+0600][54.792s][info][gc,ergo     ] GC(60) Collectable Garbage: 375M (98%), Immediate: 155M (40%), CSet: 219M (57%)
[2026-04-03T03:22:57.493+0600][54.792s][info][gc,ergo     ] GC(60) Pacer for Evacuation. Used CSet: 251M, Free: 458M, Non-Taxable: 46995K, Alloc Tax Rate: 1.3x
[2026-04-03T03:22:57.493+0600][54.792s][info][gc          ] GC(60) Pause Final Mark (unload classes) 1.141ms
[2026-04-03T03:22:57.493+0600][54.792s][info][gc,start    ] GC(60) Concurrent thread roots
[2026-04-03T03:22:57.493+0600][54.792s][info][gc,task     ] GC(60) Using 3 of 6 workers for Concurrent thread roots
[2026-04-03T03:22:57.494+0600][54.793s][info][gc          ] GC(60) Concurrent thread roots 0.734ms
[2026-04-03T03:22:57.494+0600][54.793s][info][gc,start    ] GC(60) Concurrent weak references
[2026-04-03T03:22:57.494+0600][54.793s][info][gc,task     ] GC(60) Using 3 of 6 workers for concurrent weak references
[2026-04-03T03:22:57.494+0600][54.793s][info][gc,ref      ] GC(60) Encountered references: Soft: 3302, Weak: 6345, Final: 84, Phantom: 603
[2026-04-03T03:22:57.494+0600][54.793s][info][gc,ref      ] GC(60) Discovered  references: Soft: 0, Weak: 413, Final: 0, Phantom: 600
[2026-04-03T03:22:57.494+0600][54.793s][info][gc,ref      ] GC(60) Enqueued    references: Soft: 0, Weak: 0, Final: 0, Phantom: 0
[2026-04-03T03:22:57.494+0600][54.793s][info][gc          ] GC(60) Concurrent weak references 0.320ms
[2026-04-03T03:22:57.494+0600][54.793s][info][gc,start    ] GC(60) Concurrent weak roots
[2026-04-03T03:22:57.494+0600][54.793s][info][gc,task     ] GC(60) Using 3 of 6 workers for concurrent weak root
[2026-04-03T03:22:57.497+0600][54.796s][info][gc          ] GC(60) Concurrent weak roots 2.927ms
[2026-04-03T03:22:57.497+0600][54.796s][info][gc,start    ] GC(60) Concurrent cleanup
[2026-04-03T03:22:57.498+0600][54.796s][info][gc          ] GC(60) Concurrent cleanup 646M->491M(792M) 0.386ms
[2026-04-03T03:22:57.498+0600][54.796s][info][gc,ergo     ] GC(60) Free: 456M, Max: 256K regular, 226M humongous, Frag: 51% external, 0% internal; Reserve: 50494K, Max: 256K
[2026-04-03T03:22:57.498+0600][54.796s][info][gc,start    ] GC(60) Concurrent class unloading
[2026-04-03T03:22:57.498+0600][54.797s][info][gc,task     ] GC(60) Using 3 of 6 workers for concurrent class unloading
[2026-04-03T03:22:57.504+0600][54.803s][info][gc          ] GC(60) Concurrent class unloading 6.261ms
[2026-04-03T03:22:57.504+0600][54.803s][info][gc,start    ] GC(60) Concurrent strong roots
[2026-04-03T03:22:57.504+0600][54.803s][info][gc,task     ] GC(60) Using 3 of 6 workers for concurrent strong root
[2026-04-03T03:22:57.505+0600][54.804s][info][gc          ] GC(60) Concurrent strong roots 1.035ms
[2026-04-03T03:22:57.505+0600][54.804s][info][gc,start    ] GC(60) Concurrent evacuation
[2026-04-03T03:22:57.505+0600][54.804s][info][gc,task     ] GC(60) Using 3 of 6 workers for concurrent evacuation
[2026-04-03T03:22:57.539+0600][54.838s][info][gc          ] GC(60) Concurrent evacuation 33.732ms
[2026-04-03T03:22:57.539+0600][54.838s][info][gc,start    ] GC(60) Pause Init Update Refs
[2026-04-03T03:22:57.539+0600][54.838s][info][gc,ergo     ] GC(60) Pacer for Update Refs. Used: 543M, Free: 436M, Non-Taxable: 44691K, Alloc Tax Rate: 1.5x
[2026-04-03T03:22:57.539+0600][54.838s][info][gc          ] GC(60) Pause Init Update Refs 0.234ms
[2026-04-03T03:22:57.540+0600][54.838s][info][gc,start    ] GC(60) Concurrent update references
[2026-04-03T03:22:57.540+0600][54.838s][info][gc,task     ] GC(60) Using 3 of 6 workers for concurrent reference update
[2026-04-03T03:22:57.689+0600][54.988s][info][gc          ] GC(60) Concurrent update references 149.447ms
[2026-04-03T03:22:57.689+0600][54.988s][info][gc,start    ] GC(60) Concurrent update thread roots
[2026-04-03T03:22:57.690+0600][54.989s][info][gc          ] GC(60) Concurrent update thread roots 1.110ms
[2026-04-03T03:22:57.691+0600][54.989s][info][gc,start    ] GC(60) Pause Final Update Refs
[2026-04-03T03:22:57.691+0600][54.990s][info][gc,task     ] GC(60) Using 6 of 6 workers for final reference update
[2026-04-03T03:22:57.691+0600][54.990s][info][gc          ] GC(60) Pause Final Update Refs 0.410ms
[2026-04-03T03:22:57.691+0600][54.990s][info][gc,start    ] GC(60) Concurrent cleanup
[2026-04-03T03:22:57.692+0600][54.990s][info][gc          ] GC(60) Concurrent cleanup 633M->381M(792M) 0.485ms
[2026-04-03T03:22:57.692+0600][54.991s][info][gc,ergo     ] Free: 565M, Max: 256K regular, 238M humongous, Frag: 58% external, 0% internal; Reserve: 51200K, Max: 256K
[2026-04-03T03:22:57.692+0600][54.991s][info][gc,stats    ] 
[2026-04-03T03:22:57.692+0600][54.991s][info][gc,stats    ] All times are wall-clock times, except per-root-class counters, that are sum over
[2026-04-03T03:22:57.692+0600][54.991s][info][gc,stats    ] all workers. Dividing the <total> over the root stage time estimates parallelism.
[2026-04-03T03:22:57.692+0600][54.991s][info][gc,stats    ] 
[2026-04-03T03:22:57.692+0600][54.991s][info][gc,stats    ] Concurrent Reset                   1884 us
[2026-04-03T03:22:57.692+0600][54.991s][info][gc,stats    ] Pause Init Mark (G)                 568 us
[2026-04-03T03:22:57.692+0600][54.991s][info][gc,stats    ] Pause Init Mark (N)                 174 us
[2026-04-03T03:22:57.692+0600][54.991s][info][gc,stats    ]   Update Region States               53 us
[2026-04-03T03:22:57.692+0600][54.991s][info][gc,stats    ] Concurrent Mark Roots               902 us, parallelism: 1.58x
[2026-04-03T03:22:57.692+0600][54.991s][info][gc,stats    ]   CMR: <total>                     1426 us
[2026-04-03T03:22:57.692+0600][54.991s][info][gc,stats    ]   CMR: Thread Roots                1211 us, workers (us): 294, 478, 439, ---, ---, ---, 
[2026-04-03T03:22:57.692+0600][54.991s][info][gc,stats    ]   CMR: VM Strong Roots               34 us, workers (us):  18,  14,   1, ---, ---, ---, 
[2026-04-03T03:22:57.692+0600][54.991s][info][gc,stats    ]   CMR: CLDG Roots                   181 us, workers (us): 181, ---, ---, ---, ---, ---, 
[2026-04-03T03:22:57.692+0600][54.991s][info][gc,stats    ] Concurrent Marking               251695 us
[2026-04-03T03:22:57.692+0600][54.991s][info][gc,stats    ] Pause Final Mark (G)               1498 us
[2026-04-03T03:22:57.692+0600][54.991s][info][gc,stats    ] Pause Final Mark (N)               1154 us
[2026-04-03T03:22:57.692+0600][54.991s][info][gc,stats    ]   Finish Mark                       358 us
[2026-04-03T03:22:57.692+0600][54.991s][info][gc,stats    ]   Update Region States               62 us
[2026-04-03T03:22:57.692+0600][54.991s][info][gc,stats    ]   Choose Collection Set             543 us
[2026-04-03T03:22:57.692+0600][54.991s][info][gc,stats    ]   Rebuild Free Set                   57 us
[2026-04-03T03:22:57.692+0600][54.991s][info][gc,stats    ] Concurrent Thread Roots             772 us, parallelism: 1.89x
[2026-04-03T03:22:57.692+0600][54.991s][info][gc,stats    ]   CTR: <total>                     1458 us
[2026-04-03T03:22:57.692+0600][54.991s][info][gc,stats    ]   CTR: Thread Roots                1458 us, workers (us): 489, 489, 480, ---, ---, ---, 
[2026-04-03T03:22:57.692+0600][54.991s][info][gc,stats    ] Concurrent Weak References          332 us, parallelism: 0.58x
[2026-04-03T03:22:57.692+0600][54.991s][info][gc,stats    ]   CWRF: <total>                     194 us
[2026-04-03T03:22:57.692+0600][54.991s][info][gc,stats    ]   CWRF: Weak References             194 us, workers (us): 100,  93,   1, ---, ---, ---, 
[2026-04-03T03:22:57.692+0600][54.991s][info][gc,stats    ] Concurrent Weak Roots              2999 us
[2026-04-03T03:22:57.692+0600][54.991s][info][gc,stats    ]   Roots                            2601 us, parallelism: 2.48x
[2026-04-03T03:22:57.692+0600][54.991s][info][gc,stats    ]     CWR: <total>                   6457 us
[2026-04-03T03:22:57.692+0600][54.991s][info][gc,stats    ]     CWR: Code Cache Roots          4078 us, workers (us): 1422, 1284, 1372, ---, ---, ---, 
[2026-04-03T03:22:57.692+0600][54.991s][info][gc,stats    ]     CWR: VM Weak Roots             2207 us, workers (us): 799, 703, 705, ---, ---, ---, 
[2026-04-03T03:22:57.692+0600][54.991s][info][gc,stats    ]     CWR: CLDG Roots                 172 us, workers (us): ---, 172, ---, ---, ---, ---, 
[2026-04-03T03:22:57.692+0600][54.991s][info][gc,stats    ]   Rendezvous                        294 us
[2026-04-03T03:22:57.692+0600][54.991s][info][gc,stats    ] Concurrent Cleanup                  405 us
[2026-04-03T03:22:57.692+0600][54.991s][info][gc,stats    ] Concurrent Class Unloading         6354 us
[2026-04-03T03:22:57.692+0600][54.991s][info][gc,stats    ]   Unlink Stale                     5870 us
[2026-04-03T03:22:57.692+0600][54.991s][info][gc,stats    ]     System Dictionary               152 us
[2026-04-03T03:22:57.692+0600][54.991s][info][gc,stats    ]     Weak Class Links                  0 us
[2026-04-03T03:22:57.692+0600][54.991s][info][gc,stats    ]     Code Roots                     5713 us
[2026-04-03T03:22:57.692+0600][54.991s][info][gc,stats    ]   Rendezvous                        316 us
[2026-04-03T03:22:57.692+0600][54.991s][info][gc,stats    ]   Purge Unlinked                     20 us
[2026-04-03T03:22:57.692+0600][54.991s][info][gc,stats    ]     Code Roots                        8 us
[2026-04-03T03:22:57.692+0600][54.991s][info][gc,stats    ]     CLDG                             11 us
[2026-04-03T03:22:57.692+0600][54.991s][info][gc,stats    ]     Exception Caches                  0 us
[2026-04-03T03:22:57.692+0600][54.991s][info][gc,stats    ] Concurrent Strong Roots            1135 us, parallelism: 0.63x
[2026-04-03T03:22:57.692+0600][54.991s][info][gc,stats    ]   CSR: <total>                      711 us
[2026-04-03T03:22:57.692+0600][54.991s][info][gc,stats    ]   CSR: VM Strong Roots               44 us, workers (us):  41,   2,   2, ---, ---, ---, 
[2026-04-03T03:22:57.692+0600][54.991s][info][gc,stats    ]   CSR: CLDG Roots                   667 us, workers (us): 667, ---, ---, ---, ---, ---, 
[2026-04-03T03:22:57.692+0600][54.991s][info][gc,stats    ] Concurrent Evacuation             33839 us
[2026-04-03T03:22:57.692+0600][54.991s][info][gc,stats    ] Pause Init Update Refs (G)          575 us
[2026-04-03T03:22:57.692+0600][54.991s][info][gc,stats    ] Pause Init Update Refs (N)          259 us
[2026-04-03T03:22:57.692+0600][54.991s][info][gc,stats    ]   Manage GCLABs                      46 us
[2026-04-03T03:22:57.692+0600][54.991s][info][gc,stats    ] Concurrent Update Refs           149548 us
[2026-04-03T03:22:57.692+0600][54.991s][info][gc,stats    ] Concurrent Update Thread Roots     1215 us
[2026-04-03T03:22:57.692+0600][54.991s][info][gc,stats    ] Pause Final Update Refs (G)         734 us
[2026-04-03T03:22:57.692+0600][54.991s][info][gc,stats    ] Pause Final Update Refs (N)         432 us
[2026-04-03T03:22:57.692+0600][54.991s][info][gc,stats    ]   Update Region States               76 us
[2026-04-03T03:22:57.692+0600][54.991s][info][gc,stats    ]   Trash Collection Set               31 us
[2026-04-03T03:22:57.692+0600][54.991s][info][gc,stats    ]   Rebuild Free Set                   64 us
[2026-04-03T03:22:57.692+0600][54.991s][info][gc,stats    ] Concurrent Cleanup                  515 us
[2026-04-03T03:22:57.692+0600][54.991s][info][gc,stats    ] Pacing                           536865 us
[2026-04-03T03:22:57.692+0600][54.991s][info][gc,stats    ] 
[2026-04-03T03:22:57.692+0600][54.991s][info][gc,stats    ] Allocation pacing accrued:
[2026-04-03T03:22:57.692+0600][54.991s][info][gc,stats    ]      11 of   882 ms (  1.3%): dispatcher-event-loop-9
[2026-04-03T03:22:57.692+0600][54.991s][info][gc,stats    ]      11 of   882 ms (  1.3%): RemoteBlock-temp-file-clean-thread
[2026-04-03T03:22:57.692+0600][54.991s][info][gc,stats    ]      11 of   882 ms (  1.3%): dispatcher-HeartbeatReceiver
[2026-04-03T03:22:57.692+0600][54.991s][info][gc,stats    ]      11 of   882 ms (  1.3%): heartbeat-receiver-event-loop-thread
[2026-04-03T03:22:57.692+0600][54.991s][info][gc,stats    ]      11 of   882 ms (  1.3%): netty-rpc-env-timeout
[2026-04-03T03:22:57.692+0600][54.991s][info][gc,stats    ]      11 of   882 ms (  1.3%): executor-heartbeater
[2026-04-03T03:22:57.692+0600][54.991s][info][gc,stats    ]      11 of   882 ms (  1.3%): spark-listener-group-appStatus
[2026-04-03T03:22:57.692+0600][54.991s][info][gc,stats    ]      11 of   882 ms (  1.3%): spark-listener-group-executorManagement
[2026-04-03T03:22:57.693+0600][54.991s][info][gc,stats    ]      11 of   882 ms (  1.3%): spark-listener-group-shared
[2026-04-03T03:22:57.693+0600][54.991s][info][gc,stats    ]     146 of   882 ms ( 16.6%): Executor task launch worker for task 0.0 in stage 15.0 (TID 24)
[2026-04-03T03:22:57.693+0600][54.991s][info][gc,stats    ]     145 of   882 ms ( 16.4%): Executor task launch worker for task 1.0 in stage 15.0 (TID 25)
[2026-04-03T03:22:57.693+0600][54.991s][info][gc,stats    ]     146 of   882 ms ( 16.5%): Executor task launch worker for task 2.0 in stage 15.0 (TID 26)
[2026-04-03T03:22:57.693+0600][54.991s][info][gc,stats    ]     537 of   882 ms ( 60.9%): <total>
[2026-04-03T03:22:57.693+0600][54.991s][info][gc,stats    ]       4 of   882 ms (  0.4%): <average total>
[2026-04-03T03:22:57.693+0600][54.991s][info][gc,stats    ]      45 of   882 ms (  5.1%): <average non-zero>
[2026-04-03T03:22:57.693+0600][54.991s][info][gc,stats    ] 
[2026-04-03T03:22:57.693+0600][54.991s][info][gc,metaspace] Metaspace: 72885K(73792K)->72895K(73792K) NonClass: 63601K(64128K)->63612K(64128K) Class: 9283K(9664K)->9283K(9664K)
[2026-04-03T03:22:57.693+0600][54.991s][info][gc,ergo     ] Pacer for Idle. Initial: 20480K, Alloc Tax Rate: 1.0x
[2026-04-03T03:22:57.794+0600][55.093s][info][gc          ] Trigger: Average GC time (591.96 ms) is above the time for average allocation rate (747 MB/s) to deplete free headroom (410M) (margin of error = 1.83)
[2026-04-03T03:22:57.794+0600][55.093s][info][gc,ergo     ] Free headroom: 460M (free) - 51200K (spike) - 0B (penalties) = 410M
[2026-04-03T03:22:57.794+0600][55.093s][info][gc,ergo     ] Free: 460M, Max: 256K regular, 238M humongous, Frag: 49% external, 0% internal; Reserve: 51200K, Max: 256K
[2026-04-03T03:22:57.794+0600][55.093s][info][gc,start    ] GC(61) Concurrent reset
[2026-04-03T03:22:57.794+0600][55.093s][info][gc,task     ] GC(61) Using 3 of 6 workers for concurrent reset
[2026-04-03T03:22:57.794+0600][55.093s][info][gc,ergo     ] GC(61) Pacer for Reset. Non-Taxable: 1000M
[2026-04-03T03:22:57.796+0600][55.094s][info][gc          ] GC(61) Concurrent reset 1.532ms
[2026-04-03T03:22:57.796+0600][55.095s][info][gc,start    ] GC(61) Pause Init Mark (unload classes)
[2026-04-03T03:22:57.796+0600][55.095s][info][gc,task     ] GC(61) Using 6 of 6 workers for init marking
[2026-04-03T03:22:57.796+0600][55.095s][info][gc,ergo     ] GC(61) Pacer for Mark. Expected Live: 222M, Free: 459M, Non-Taxable: 47027K, Alloc Tax Rate: 0.6x
[2026-04-03T03:22:57.796+0600][55.095s][info][gc          ] GC(61) Pause Init Mark (unload classes) 0.183ms
[2026-04-03T03:22:57.796+0600][55.095s][info][gc,start    ] GC(61) Concurrent marking roots
[2026-04-03T03:22:57.796+0600][55.095s][info][gc,task     ] GC(61) Using 3 of 6 workers for concurrent marking roots
[2026-04-03T03:22:57.797+0600][55.096s][info][gc          ] GC(61) Concurrent marking roots 0.877ms
[2026-04-03T03:22:57.797+0600][55.096s][info][gc,start    ] GC(61) Concurrent marking (unload classes)
[2026-04-03T03:22:57.797+0600][55.096s][info][gc,task     ] GC(61) Using 3 of 6 workers for concurrent marking
[2026-04-03T03:22:58.065+0600][55.363s][info][gc          ] GC(61) Concurrent marking (unload classes) 267.594ms
[2026-04-03T03:22:58.065+0600][55.364s][info][gc,start    ] GC(61) Pause Final Mark (unload classes)
[2026-04-03T03:22:58.065+0600][55.364s][info][gc,task     ] GC(61) Using 6 of 6 workers for final marking
[2026-04-03T03:22:58.065+0600][55.364s][info][gc,ergo     ] GC(61) Adaptive CSet Selection. Target Free: 141M, Actual Free: 427M, Max CSet: 42666K, Min Garbage: 0B
[2026-04-03T03:22:58.066+0600][55.365s][info][gc,ergo     ] GC(61) Collectable Garbage: 275M (96%), Immediate: 1024K (0%), CSet: 274M (96%)
[2026-04-03T03:22:58.066+0600][55.365s][info][gc,ergo     ] GC(61) Pacer for Evacuation. Used CSet: 291M, Free: 378M, Non-Taxable: 38733K, Alloc Tax Rate: 1.9x
[2026-04-03T03:22:58.066+0600][55.365s][info][gc          ] GC(61) Pause Final Mark (unload classes) 1.184ms
[2026-04-03T03:22:58.066+0600][55.365s][info][gc,start    ] GC(61) Concurrent thread roots
[2026-04-03T03:22:58.066+0600][55.365s][info][gc,task     ] GC(61) Using 3 of 6 workers for Concurrent thread roots
[2026-04-03T03:22:58.067+0600][55.365s][info][gc          ] GC(61) Concurrent thread roots 0.618ms
[2026-04-03T03:22:58.067+0600][55.366s][info][gc,start    ] GC(61) Concurrent weak references
[2026-04-03T03:22:58.067+0600][55.366s][info][gc,task     ] GC(61) Using 3 of 6 workers for concurrent weak references
[2026-04-03T03:22:58.067+0600][55.366s][info][gc,ref      ] GC(61) Encountered references: Soft: 3302, Weak: 6348, Final: 84, Phantom: 603
[2026-04-03T03:22:58.067+0600][55.366s][info][gc,ref      ] GC(61) Discovered  references: Soft: 0, Weak: 356, Final: 0, Phantom: 347
[2026-04-03T03:22:58.067+0600][55.366s][info][gc,ref      ] GC(61) Enqueued    references: Soft: 0, Weak: 4, Final: 0, Phantom: 0
[2026-04-03T03:22:58.067+0600][55.366s][info][gc          ] GC(61) Concurrent weak references 0.276ms
[2026-04-03T03:22:58.067+0600][55.366s][info][gc,start    ] GC(61) Concurrent weak roots
[2026-04-03T03:22:58.067+0600][55.366s][info][gc,task     ] GC(61) Using 3 of 6 workers for concurrent weak root
[2026-04-03T03:22:58.070+0600][55.368s][info][gc          ] GC(61) Concurrent weak roots 2.563ms
[2026-04-03T03:22:58.070+0600][55.368s][info][gc,start    ] GC(61) Concurrent cleanup
[2026-04-03T03:22:58.070+0600][55.369s][info][gc          ] GC(61) Concurrent cleanup 572M->571M(792M) 0.643ms
[2026-04-03T03:22:58.070+0600][55.369s][info][gc,ergo     ] GC(61) Free: 375M, Max: 256K regular, 238M humongous, Frag: 37% external, 0% internal; Reserve: 51058K, Max: 256K
[2026-04-03T03:22:58.070+0600][55.369s][info][gc,start    ] GC(61) Concurrent class unloading
[2026-04-03T03:22:58.070+0600][55.369s][info][gc,task     ] GC(61) Using 3 of 6 workers for concurrent class unloading
[2026-04-03T03:22:58.077+0600][55.376s][info][gc          ] GC(61) Concurrent class unloading 6.382ms
[2026-04-03T03:22:58.077+0600][55.376s][info][gc,start    ] GC(61) Concurrent strong roots
[2026-04-03T03:22:58.077+0600][55.376s][info][gc,task     ] GC(61) Using 3 of 6 workers for concurrent strong root
[2026-04-03T03:22:58.078+0600][55.377s][info][gc          ] GC(61) Concurrent strong roots 0.824ms
[2026-04-03T03:22:58.078+0600][55.377s][info][gc,start    ] GC(61) Concurrent evacuation
[2026-04-03T03:22:58.078+0600][55.377s][info][gc,task     ] GC(61) Using 3 of 6 workers for concurrent evacuation
[2026-04-03T03:22:58.098+0600][55.396s][info][gc          ] GC(61) Concurrent evacuation 19.691ms
[2026-04-03T03:22:58.098+0600][55.397s][info][gc,start    ] GC(61) Pause Init Update Refs
[2026-04-03T03:22:58.098+0600][55.397s][info][gc,ergo     ] GC(61) Pacer for Update Refs. Used: 603M, Free: 361M, Non-Taxable: 36991K, Alloc Tax Rate: 2.0x
[2026-04-03T03:22:58.098+0600][55.397s][info][gc          ] GC(61) Pause Init Update Refs 0.158ms
[2026-04-03T03:22:58.098+0600][55.397s][info][gc,start    ] GC(61) Concurrent update references
[2026-04-03T03:22:58.098+0600][55.397s][info][gc,task     ] GC(61) Using 3 of 6 workers for concurrent reference update
[2026-04-03T03:22:58.259+0600][55.558s][info][gc          ] GC(61) Concurrent update references 160.931ms
[2026-04-03T03:22:58.259+0600][55.558s][info][gc,start    ] GC(61) Concurrent update thread roots
[2026-04-03T03:22:58.260+0600][55.559s][info][gc          ] GC(61) Concurrent update thread roots 1.107ms
[2026-04-03T03:22:58.261+0600][55.559s][info][gc,start    ] GC(61) Pause Final Update Refs
[2026-04-03T03:22:58.261+0600][55.559s][info][gc,task     ] GC(61) Using 6 of 6 workers for final reference update
[2026-04-03T03:22:58.261+0600][55.560s][info][gc          ] GC(61) Pause Final Update Refs 0.253ms
[2026-04-03T03:22:58.261+0600][55.560s][info][gc,start    ] GC(61) Concurrent cleanup
[2026-04-03T03:22:58.261+0600][55.560s][info][gc          ] GC(61) Concurrent cleanup 701M->409M(792M) 0.450ms
[2026-04-03T03:22:58.262+0600][55.560s][info][gc,ergo     ] Free: 537M, Max: 256K regular, 238M humongous, Frag: 56% external, 0% internal; Reserve: 51200K, Max: 256K
[2026-04-03T03:22:58.262+0600][55.560s][info][gc,stats    ] 
[2026-04-03T03:22:58.262+0600][55.560s][info][gc,stats    ] All times are wall-clock times, except per-root-class counters, that are sum over
[2026-04-03T03:22:58.262+0600][55.560s][info][gc,stats    ] all workers. Dividing the <total> over the root stage time estimates parallelism.
[2026-04-03T03:22:58.262+0600][55.560s][info][gc,stats    ] 
[2026-04-03T03:22:58.262+0600][55.561s][info][gc,stats    ] Concurrent Reset                   1598 us
[2026-04-03T03:22:58.262+0600][55.561s][info][gc,stats    ] Pause Init Mark (G)                 394 us
[2026-04-03T03:22:58.262+0600][55.561s][info][gc,stats    ] Pause Init Mark (N)                 192 us
[2026-04-03T03:22:58.262+0600][55.561s][info][gc,stats    ]   Update Region States               62 us
[2026-04-03T03:22:58.262+0600][55.561s][info][gc,stats    ] Concurrent Mark Roots               926 us, parallelism: 1.57x
[2026-04-03T03:22:58.262+0600][55.561s][info][gc,stats    ]   CMR: <total>                     1454 us
[2026-04-03T03:22:58.262+0600][55.561s][info][gc,stats    ]   CMR: Thread Roots                1243 us, workers (us): 491, 309, 443, ---, ---, ---, 
[2026-04-03T03:22:58.262+0600][55.561s][info][gc,stats    ]   CMR: VM Strong Roots               30 us, workers (us):  28,   1,   1, ---, ---, ---, 
[2026-04-03T03:22:58.262+0600][55.561s][info][gc,stats    ]   CMR: CLDG Roots                   181 us, workers (us): ---, 181, ---, ---, ---, ---, 
[2026-04-03T03:22:58.262+0600][55.561s][info][gc,stats    ] Concurrent Marking               267678 us
[2026-04-03T03:22:58.262+0600][55.561s][info][gc,stats    ] Pause Final Mark (G)               1404 us
[2026-04-03T03:22:58.262+0600][55.561s][info][gc,stats    ] Pause Final Mark (N)               1224 us
[2026-04-03T03:22:58.262+0600][55.561s][info][gc,stats    ]   Finish Mark                       350 us
[2026-04-03T03:22:58.262+0600][55.561s][info][gc,stats    ]   Update Region States               70 us
[2026-04-03T03:22:58.262+0600][55.561s][info][gc,stats    ]   Choose Collection Set             584 us
[2026-04-03T03:22:58.262+0600][55.561s][info][gc,stats    ]   Rebuild Free Set                   45 us
[2026-04-03T03:22:58.262+0600][55.561s][info][gc,stats    ] Concurrent Thread Roots             675 us, parallelism: 1.95x
[2026-04-03T03:22:58.262+0600][55.561s][info][gc,stats    ]   CTR: <total>                     1316 us
[2026-04-03T03:22:58.262+0600][55.561s][info][gc,stats    ]   CTR: Thread Roots                1316 us, workers (us): 477, 444, 394, ---, ---, ---, 
[2026-04-03T03:22:58.262+0600][55.561s][info][gc,stats    ] Concurrent Weak References          289 us, parallelism: 0.37x
[2026-04-03T03:22:58.262+0600][55.561s][info][gc,stats    ]   CWRF: <total>                     106 us
[2026-04-03T03:22:58.262+0600][55.561s][info][gc,stats    ]   CWRF: Weak References             106 us, workers (us):  60,   7,  39, ---, ---, ---, 
[2026-04-03T03:22:58.262+0600][55.561s][info][gc,stats    ] Concurrent Weak Roots              2637 us
[2026-04-03T03:22:58.262+0600][55.561s][info][gc,stats    ]   Roots                            2215 us, parallelism: 2.55x
[2026-04-03T03:22:58.262+0600][55.561s][info][gc,stats    ]     CWR: <total>                   5640 us
[2026-04-03T03:22:58.262+0600][55.561s][info][gc,stats    ]     CWR: Code Cache Roots          4101 us, workers (us): 1321, 1369, 1410, ---, ---, ---, 
[2026-04-03T03:22:58.262+0600][55.561s][info][gc,stats    ]     CWR: VM Weak Roots             1502 us, workers (us): 533, 512, 457, ---, ---, ---, 
[2026-04-03T03:22:58.262+0600][55.561s][info][gc,stats    ]     CWR: CLDG Roots                  38 us, workers (us):  38, ---, ---, ---, ---, ---, 
[2026-04-03T03:22:58.262+0600][55.561s][info][gc,stats    ]   Rendezvous                        320 us
[2026-04-03T03:22:58.262+0600][55.561s][info][gc,stats    ] Concurrent Cleanup                  729 us
[2026-04-03T03:22:58.262+0600][55.561s][info][gc,stats    ] Concurrent Class Unloading         6462 us
[2026-04-03T03:22:58.262+0600][55.561s][info][gc,stats    ]   Unlink Stale                     5961 us
[2026-04-03T03:22:58.262+0600][55.561s][info][gc,stats    ]     System Dictionary                92 us
[2026-04-03T03:22:58.262+0600][55.561s][info][gc,stats    ]     Weak Class Links                  0 us
[2026-04-03T03:22:58.262+0600][55.561s][info][gc,stats    ]     Code Roots                     5865 us
[2026-04-03T03:22:58.262+0600][55.561s][info][gc,stats    ]   Rendezvous                        374 us
[2026-04-03T03:22:58.262+0600][55.561s][info][gc,stats    ]   Purge Unlinked                     16 us
[2026-04-03T03:22:58.262+0600][55.561s][info][gc,stats    ]     Code Roots                        5 us
[2026-04-03T03:22:58.262+0600][55.561s][info][gc,stats    ]     CLDG                             10 us
[2026-04-03T03:22:58.262+0600][55.561s][info][gc,stats    ]     Exception Caches                  1 us
[2026-04-03T03:22:58.262+0600][55.561s][info][gc,stats    ] Concurrent Strong Roots             886 us, parallelism: 0.52x
[2026-04-03T03:22:58.262+0600][55.561s][info][gc,stats    ]   CSR: <total>                      465 us
[2026-04-03T03:22:58.262+0600][55.561s][info][gc,stats    ]   CSR: VM Strong Roots               48 us, workers (us):  45,   2,   1, ---, ---, ---, 
[2026-04-03T03:22:58.262+0600][55.561s][info][gc,stats    ]   CSR: CLDG Roots                   417 us, workers (us): 417, ---, ---, ---, ---, ---, 
[2026-04-03T03:22:58.262+0600][55.561s][info][gc,stats    ] Concurrent Evacuation             19788 us
[2026-04-03T03:22:58.262+0600][55.561s][info][gc,stats    ] Pause Init Update Refs (G)          622 us
[2026-04-03T03:22:58.262+0600][55.561s][info][gc,stats    ] Pause Init Update Refs (N)          179 us
[2026-04-03T03:22:58.262+0600][55.561s][info][gc,stats    ]   Manage GCLABs                      32 us
[2026-04-03T03:22:58.262+0600][55.561s][info][gc,stats    ] Concurrent Update Refs           161030 us
[2026-04-03T03:22:58.262+0600][55.561s][info][gc,stats    ] Concurrent Update Thread Roots     1156 us
[2026-04-03T03:22:58.262+0600][55.561s][info][gc,stats    ] Pause Final Update Refs (G)         606 us
[2026-04-03T03:22:58.262+0600][55.561s][info][gc,stats    ] Pause Final Update Refs (N)         283 us
[2026-04-03T03:22:58.262+0600][55.561s][info][gc,stats    ]   Update Region States              103 us
[2026-04-03T03:22:58.262+0600][55.561s][info][gc,stats    ]   Trash Collection Set               30 us
[2026-04-03T03:22:58.262+0600][55.561s][info][gc,stats    ]   Rebuild Free Set                   51 us
[2026-04-03T03:22:58.262+0600][55.561s][info][gc,stats    ] Concurrent Cleanup                  482 us
[2026-04-03T03:22:58.262+0600][55.561s][info][gc,stats    ] Pacing                           402848 us
[2026-04-03T03:22:58.262+0600][55.561s][info][gc,stats    ] 
[2026-04-03T03:22:58.262+0600][55.561s][info][gc,stats    ] Allocation pacing accrued:
[2026-04-03T03:22:58.262+0600][55.561s][info][gc,stats    ]     135 of   570 ms ( 23.8%): Executor task launch worker for task 0.0 in stage 15.0 (TID 24)
[2026-04-03T03:22:58.262+0600][55.561s][info][gc,stats    ]     133 of   570 ms ( 23.3%): Executor task launch worker for task 1.0 in stage 15.0 (TID 25)
[2026-04-03T03:22:58.262+0600][55.561s][info][gc,stats    ]     135 of   570 ms ( 23.6%): Executor task launch worker for task 2.0 in stage 15.0 (TID 26)
[2026-04-03T03:22:58.262+0600][55.561s][info][gc,stats    ]     403 of   570 ms ( 70.7%): <total>
[2026-04-03T03:22:58.262+0600][55.561s][info][gc,stats    ]       3 of   570 ms (  0.5%): <average total>
[2026-04-03T03:22:58.262+0600][55.561s][info][gc,stats    ]     134 of   570 ms ( 23.6%): <average non-zero>
[2026-04-03T03:22:58.262+0600][55.561s][info][gc,stats    ] 
[2026-04-03T03:22:58.262+0600][55.561s][info][gc,metaspace] Metaspace: 72895K(73792K)->72895K(73792K) NonClass: 63612K(64128K)->63612K(64128K) Class: 9283K(9664K)->9283K(9664K)
[2026-04-03T03:22:58.262+0600][55.561s][info][gc,ergo     ] Pacer for Idle. Initial: 20480K, Alloc Tax Rate: 1.0x
[2026-04-03T03:22:58.365+0600][55.663s][info][gc          ] Trigger: Average GC time (553.59 ms) is above the time for average allocation rate (787 MB/s) to deplete free headroom (387M) (margin of error = 1.83)
[2026-04-03T03:22:58.365+0600][55.663s][info][gc,ergo     ] Free headroom: 437M (free) - 51200K (spike) - 0B (penalties) = 387M
[2026-04-03T03:22:58.365+0600][55.663s][info][gc,ergo     ] Free: 437M, Max: 256K regular, 238M humongous, Frag: 46% external, 0% internal; Reserve: 51200K, Max: 256K
[2026-04-03T03:22:58.365+0600][55.664s][info][gc,start    ] GC(62) Concurrent reset
[2026-04-03T03:22:58.365+0600][55.664s][info][gc,task     ] GC(62) Using 3 of 6 workers for concurrent reset
[2026-04-03T03:22:58.365+0600][55.664s][info][gc,ergo     ] GC(62) Pacer for Reset. Non-Taxable: 1000M
[2026-04-03T03:22:58.367+0600][55.666s][info][gc          ] GC(62) Concurrent reset 1.991ms
[2026-04-03T03:22:58.367+0600][55.666s][info][gc,start    ] GC(62) Pause Init Mark (unload classes)
[2026-04-03T03:22:58.367+0600][55.666s][info][gc,task     ] GC(62) Using 6 of 6 workers for init marking
[2026-04-03T03:22:58.367+0600][55.666s][info][gc,ergo     ] GC(62) Pacer for Mark. Expected Live: 229M, Free: 435M, Non-Taxable: 44569K, Alloc Tax Rate: 0.6x
[2026-04-03T03:22:58.367+0600][55.666s][info][gc          ] GC(62) Pause Init Mark (unload classes) 0.132ms
[2026-04-03T03:22:58.367+0600][55.666s][info][gc,start    ] GC(62) Concurrent marking roots
[2026-04-03T03:22:58.367+0600][55.666s][info][gc,task     ] GC(62) Using 3 of 6 workers for concurrent marking roots
[2026-04-03T03:22:58.368+0600][55.667s][info][gc          ] GC(62) Concurrent marking roots 1.128ms
[2026-04-03T03:22:58.368+0600][55.667s][info][gc,start    ] GC(62) Concurrent marking (unload classes)
[2026-04-03T03:22:58.368+0600][55.667s][info][gc,task     ] GC(62) Using 3 of 6 workers for concurrent marking
[2026-04-03T03:22:58.643+0600][55.942s][info][gc          ] GC(62) Concurrent marking (unload classes) 274.713ms
[2026-04-03T03:22:58.643+0600][55.942s][info][gc,start    ] GC(62) Pause Final Mark (unload classes)
[2026-04-03T03:22:58.643+0600][55.942s][info][gc,task     ] GC(62) Using 6 of 6 workers for final marking
[2026-04-03T03:22:58.644+0600][55.943s][info][gc,ergo     ] GC(62) Adaptive CSet Selection. Target Free: 141M, Actual Free: 407M, Max CSet: 42666K, Min Garbage: 0B
[2026-04-03T03:22:58.644+0600][55.943s][info][gc,ergo     ] GC(62) Collectable Garbage: 288M (96%), Immediate: 2048K (0%), CSet: 286M (95%)
[2026-04-03T03:22:58.644+0600][55.943s][info][gc,ergo     ] GC(62) Pacer for Evacuation. Used CSet: 305M, Free: 357M, Non-Taxable: 36633K, Alloc Tax Rate: 2.1x
[2026-04-03T03:22:58.644+0600][55.943s][info][gc          ] GC(62) Pause Final Mark (unload classes) 1.126ms
[2026-04-03T03:22:58.645+0600][55.944s][info][gc,start    ] GC(62) Concurrent thread roots
[2026-04-03T03:22:58.645+0600][55.944s][info][gc,task     ] GC(62) Using 3 of 6 workers for Concurrent thread roots
[2026-04-03T03:22:58.645+0600][55.944s][info][gc          ] GC(62) Concurrent thread roots 0.708ms
[2026-04-03T03:22:58.645+0600][55.944s][info][gc,start    ] GC(62) Concurrent weak references
[2026-04-03T03:22:58.645+0600][55.944s][info][gc,task     ] GC(62) Using 3 of 6 workers for concurrent weak references
[2026-04-03T03:22:58.646+0600][55.945s][info][gc,ref      ] GC(62) Encountered references: Soft: 3302, Weak: 6344, Final: 84, Phantom: 603
[2026-04-03T03:22:58.646+0600][55.945s][info][gc,ref      ] GC(62) Discovered  references: Soft: 0, Weak: 814, Final: 2, Phantom: 347
[2026-04-03T03:22:58.646+0600][55.945s][info][gc,ref      ] GC(62) Enqueued    references: Soft: 0, Weak: 0, Final: 0, Phantom: 0
[2026-04-03T03:22:58.646+0600][55.945s][info][gc          ] GC(62) Concurrent weak references 0.305ms
[2026-04-03T03:22:58.646+0600][55.945s][info][gc,start    ] GC(62) Concurrent weak roots
[2026-04-03T03:22:58.646+0600][55.945s][info][gc,task     ] GC(62) Using 3 of 6 workers for concurrent weak root
[2026-04-03T03:22:58.648+0600][55.947s][info][gc          ] GC(62) Concurrent weak roots 2.192ms
[2026-04-03T03:22:58.648+0600][55.947s][info][gc,start    ] GC(62) Concurrent cleanup
[2026-04-03T03:22:58.648+0600][55.947s][info][gc          ] GC(62) Concurrent cleanup 594M->592M(792M) 0.234ms
[2026-04-03T03:22:58.648+0600][55.947s][info][gc,ergo     ] GC(62) Free: 355M, Max: 256K regular, 238M humongous, Frag: 33% external, 0% internal; Reserve: 51034K, Max: 256K
[2026-04-03T03:22:58.648+0600][55.947s][info][gc,start    ] GC(62) Concurrent class unloading
[2026-04-03T03:22:58.648+0600][55.947s][info][gc,task     ] GC(62) Using 3 of 6 workers for concurrent class unloading
[2026-04-03T03:22:58.654+0600][55.953s][info][gc          ] GC(62) Concurrent class unloading 6.101ms
[2026-04-03T03:22:58.655+0600][55.953s][info][gc,start    ] GC(62) Concurrent strong roots
[2026-04-03T03:22:58.655+0600][55.953s][info][gc,task     ] GC(62) Using 3 of 6 workers for concurrent strong root
[2026-04-03T03:22:58.655+0600][55.954s][info][gc          ] GC(62) Concurrent strong roots 0.839ms
[2026-04-03T03:22:58.655+0600][55.954s][info][gc,start    ] GC(62) Concurrent evacuation
[2026-04-03T03:22:58.655+0600][55.954s][info][gc,task     ] GC(62) Using 3 of 6 workers for concurrent evacuation
[2026-04-03T03:22:58.678+0600][55.977s][info][gc          ] GC(62) Concurrent evacuation 22.664ms
[2026-04-03T03:22:58.678+0600][55.977s][info][gc,start    ] GC(62) Pause Init Update Refs
[2026-04-03T03:22:58.679+0600][55.977s][info][gc,ergo     ] GC(62) Pacer for Update Refs. Used: 629M, Free: 338M, Non-Taxable: 34713K, Alloc Tax Rate: 2.3x
[2026-04-03T03:22:58.679+0600][55.977s][info][gc          ] GC(62) Pause Init Update Refs 0.216ms
[2026-04-03T03:22:58.679+0600][55.978s][info][gc,start    ] GC(62) Concurrent update references
[2026-04-03T03:22:58.679+0600][55.978s][info][gc,task     ] GC(62) Using 3 of 6 workers for concurrent reference update
[2026-04-03T03:22:58.840+0600][56.139s][info][gc          ] GC(62) Concurrent update references 161.233ms
[2026-04-03T03:22:58.840+0600][56.139s][info][gc,start    ] GC(62) Concurrent update thread roots
[2026-04-03T03:22:58.842+0600][56.140s][info][gc          ] GC(62) Concurrent update thread roots 1.346ms
[2026-04-03T03:22:58.842+0600][56.141s][info][gc,start    ] GC(62) Pause Final Update Refs
[2026-04-03T03:22:58.842+0600][56.141s][info][gc,task     ] GC(62) Using 6 of 6 workers for final reference update
[2026-04-03T03:22:58.842+0600][56.141s][info][gc          ] GC(62) Pause Final Update Refs 0.309ms
[2026-04-03T03:22:58.842+0600][56.141s][info][gc,start    ] GC(62) Concurrent cleanup
[2026-04-03T03:22:58.843+0600][56.142s][info][gc          ] GC(62) Concurrent cleanup 720M->414M(792M) 0.480ms
[2026-04-03T03:22:58.843+0600][56.142s][info][gc,ergo     ] Free: 532M, Max: 256K regular, 231M humongous, Frag: 57% external, 0% internal; Reserve: 51200K, Max: 256K
[2026-04-03T03:22:58.843+0600][56.142s][info][gc,stats    ] 
[2026-04-03T03:22:58.843+0600][56.142s][info][gc,stats    ] All times are wall-clock times, except per-root-class counters, that are sum over
[2026-04-03T03:22:58.843+0600][56.142s][info][gc,stats    ] all workers. Dividing the <total> over the root stage time estimates parallelism.
[2026-04-03T03:22:58.843+0600][56.142s][info][gc,stats    ] 
[2026-04-03T03:22:58.843+0600][56.142s][info][gc,stats    ] Concurrent Reset                   2066 us
[2026-04-03T03:22:58.843+0600][56.142s][info][gc,stats    ] Pause Init Mark (G)                 390 us
[2026-04-03T03:22:58.843+0600][56.142s][info][gc,stats    ] Pause Init Mark (N)                 143 us
[2026-04-03T03:22:58.843+0600][56.142s][info][gc,stats    ]   Update Region States               40 us
[2026-04-03T03:22:58.843+0600][56.142s][info][gc,stats    ] Concurrent Mark Roots              1172 us, parallelism: 1.76x
[2026-04-03T03:22:58.843+0600][56.142s][info][gc,stats    ]   CMR: <total>                     2060 us
[2026-04-03T03:22:58.843+0600][56.142s][info][gc,stats    ]   CMR: Thread Roots                1738 us, workers (us): 606, 398, 734, ---, ---, ---, 
[2026-04-03T03:22:58.843+0600][56.142s][info][gc,stats    ]   CMR: VM Strong Roots               35 us, workers (us):  19,  11,   5, ---, ---, ---, 
[2026-04-03T03:22:58.843+0600][56.142s][info][gc,stats    ]   CMR: CLDG Roots                   287 us, workers (us): ---, 287, ---, ---, ---, ---, 
[2026-04-03T03:22:58.843+0600][56.142s][info][gc,stats    ] Concurrent Marking               274791 us
[2026-04-03T03:22:58.843+0600][56.142s][info][gc,stats    ] Pause Final Mark (G)               1522 us
[2026-04-03T03:22:58.843+0600][56.142s][info][gc,stats    ] Pause Final Mark (N)               1138 us
[2026-04-03T03:22:58.843+0600][56.142s][info][gc,stats    ]   Finish Mark                       240 us
[2026-04-03T03:22:58.843+0600][56.142s][info][gc,stats    ]   Update Region States              120 us
[2026-04-03T03:22:58.843+0600][56.142s][info][gc,stats    ]   Choose Collection Set             618 us
[2026-04-03T03:22:58.843+0600][56.142s][info][gc,stats    ]   Rebuild Free Set                   43 us
[2026-04-03T03:22:58.843+0600][56.142s][info][gc,stats    ] Concurrent Thread Roots             750 us, parallelism: 1.87x
[2026-04-03T03:22:58.843+0600][56.142s][info][gc,stats    ]   CTR: <total>                     1405 us
[2026-04-03T03:22:58.843+0600][56.142s][info][gc,stats    ]   CTR: Thread Roots                1405 us, workers (us): 507, 451, 447, ---, ---, ---, 
[2026-04-03T03:22:58.843+0600][56.142s][info][gc,stats    ] Concurrent Weak References          316 us, parallelism: 0.61x
[2026-04-03T03:22:58.843+0600][56.142s][info][gc,stats    ]   CWRF: <total>                     192 us
[2026-04-03T03:22:58.843+0600][56.142s][info][gc,stats    ]   CWRF: Weak References             192 us, workers (us):  52, 132,   8, ---, ---, ---, 
[2026-04-03T03:22:58.843+0600][56.142s][info][gc,stats    ] Concurrent Weak Roots              2280 us
[2026-04-03T03:22:58.843+0600][56.142s][info][gc,stats    ]   Roots                            1959 us, parallelism: 2.48x
[2026-04-03T03:22:58.843+0600][56.142s][info][gc,stats    ]     CWR: <total>                   4866 us
[2026-04-03T03:22:58.843+0600][56.142s][info][gc,stats    ]     CWR: Code Cache Roots          3316 us, workers (us): 1170, 1071, 1075, ---, ---, ---, 
[2026-04-03T03:22:58.843+0600][56.142s][info][gc,stats    ]     CWR: VM Weak Roots             1502 us, workers (us): 538, 486, 478, ---, ---, ---, 
[2026-04-03T03:22:58.843+0600][56.142s][info][gc,stats    ]     CWR: CLDG Roots                  48 us, workers (us): ---, ---,  48, ---, ---, ---, 
[2026-04-03T03:22:58.843+0600][56.142s][info][gc,stats    ]   Rendezvous                        205 us
[2026-04-03T03:22:58.843+0600][56.142s][info][gc,stats    ] Concurrent Cleanup                  254 us
[2026-04-03T03:22:58.843+0600][56.142s][info][gc,stats    ] Concurrent Class Unloading         6195 us
[2026-04-03T03:22:58.843+0600][56.142s][info][gc,stats    ]   Unlink Stale                     5787 us
[2026-04-03T03:22:58.843+0600][56.142s][info][gc,stats    ]     System Dictionary                88 us
[2026-04-03T03:22:58.843+0600][56.142s][info][gc,stats    ]     Weak Class Links                  0 us
[2026-04-03T03:22:58.843+0600][56.142s][info][gc,stats    ]     Code Roots                     5694 us
[2026-04-03T03:22:58.843+0600][56.142s][info][gc,stats    ]   Rendezvous                        263 us
[2026-04-03T03:22:58.843+0600][56.142s][info][gc,stats    ]   Purge Unlinked                     14 us
[2026-04-03T03:22:58.843+0600][56.142s][info][gc,stats    ]     Code Roots                        4 us
[2026-04-03T03:22:58.843+0600][56.142s][info][gc,stats    ]     CLDG                              9 us
[2026-04-03T03:22:58.843+0600][56.142s][info][gc,stats    ]     Exception Caches                  0 us
[2026-04-03T03:22:58.843+0600][56.142s][info][gc,stats    ] Concurrent Strong Roots             897 us, parallelism: 0.58x
[2026-04-03T03:22:58.843+0600][56.142s][info][gc,stats    ]   CSR: <total>                      517 us
[2026-04-03T03:22:58.843+0600][56.142s][info][gc,stats    ]   CSR: VM Strong Roots               54 us, workers (us):  51,   1,   1, ---, ---, ---, 
[2026-04-03T03:22:58.844+0600][56.142s][info][gc,stats    ]   CSR: CLDG Roots                   463 us, workers (us): ---, ---, 463, ---, ---, ---, 
[2026-04-03T03:22:58.844+0600][56.142s][info][gc,stats    ] Concurrent Evacuation             22768 us
[2026-04-03T03:22:58.844+0600][56.142s][info][gc,stats    ] Pause Init Update Refs (G)          638 us
[2026-04-03T03:22:58.844+0600][56.142s][info][gc,stats    ] Pause Init Update Refs (N)          242 us
[2026-04-03T03:22:58.844+0600][56.142s][info][gc,stats    ]   Manage GCLABs                      16 us
[2026-04-03T03:22:58.844+0600][56.142s][info][gc,stats    ] Concurrent Update Refs           161346 us
[2026-04-03T03:22:58.844+0600][56.142s][info][gc,stats    ] Concurrent Update Thread Roots     1402 us
[2026-04-03T03:22:58.844+0600][56.142s][info][gc,stats    ] Pause Final Update Refs (G)         700 us
[2026-04-03T03:22:58.844+0600][56.142s][info][gc,stats    ] Pause Final Update Refs (N)         330 us
[2026-04-03T03:22:58.844+0600][56.142s][info][gc,stats    ]   Update Region States               90 us
[2026-04-03T03:22:58.844+0600][56.142s][info][gc,stats    ]   Trash Collection Set               32 us
[2026-04-03T03:22:58.844+0600][56.142s][info][gc,stats    ]   Rebuild Free Set                   50 us
[2026-04-03T03:22:58.844+0600][56.142s][info][gc,stats    ] Concurrent Cleanup                  510 us
[2026-04-03T03:22:58.844+0600][56.142s][info][gc,stats    ] Pacing                           434498 us
[2026-04-03T03:22:58.844+0600][56.142s][info][gc,stats    ] 
[2026-04-03T03:22:58.844+0600][56.142s][info][gc,stats    ] Allocation pacing accrued:
[2026-04-03T03:22:58.844+0600][56.143s][info][gc,stats    ]     145 of   581 ms ( 24.9%): Executor task launch worker for task 0.0 in stage 15.0 (TID 24)
[2026-04-03T03:22:58.844+0600][56.143s][info][gc,stats    ]     144 of   581 ms ( 24.7%): Executor task launch worker for task 1.0 in stage 15.0 (TID 25)
[2026-04-03T03:22:58.844+0600][56.143s][info][gc,stats    ]     146 of   581 ms ( 25.1%): Executor task launch worker for task 2.0 in stage 15.0 (TID 26)
[2026-04-03T03:22:58.844+0600][56.143s][info][gc,stats    ]     434 of   581 ms ( 74.7%): <total>
[2026-04-03T03:22:58.844+0600][56.143s][info][gc,stats    ]       3 of   581 ms (  0.5%): <average total>
[2026-04-03T03:22:58.844+0600][56.143s][info][gc,stats    ]     145 of   581 ms ( 24.9%): <average non-zero>
[2026-04-03T03:22:58.844+0600][56.143s][info][gc,stats    ] 
[2026-04-03T03:22:58.844+0600][56.143s][info][gc,metaspace] Metaspace: 72895K(73792K)->72897K(73792K) NonClass: 63612K(64128K)->63614K(64128K) Class: 9283K(9664K)->9283K(9664K)
[2026-04-03T03:22:58.844+0600][56.143s][info][gc,ergo     ] Pacer for Idle. Initial: 20480K, Alloc Tax Rate: 1.0x
[2026-04-03T03:22:58.945+0600][56.244s][info][gc          ] Trigger: Average GC time (531.59 ms) is above the time for average allocation rate (749 MB/s) to deplete free headroom (391M) (margin of error = 1.83)
[2026-04-03T03:22:58.945+0600][56.244s][info][gc,ergo     ] Free headroom: 441M (free) - 51200K (spike) - 0B (penalties) = 391M
[2026-04-03T03:22:58.945+0600][56.244s][info][gc,ergo     ] Free: 441M, Max: 256K regular, 231M humongous, Frag: 48% external, 0% internal; Reserve: 51200K, Max: 256K
[2026-04-03T03:22:58.945+0600][56.244s][info][gc,start    ] GC(63) Concurrent reset
[2026-04-03T03:22:58.946+0600][56.244s][info][gc,task     ] GC(63) Using 3 of 6 workers for concurrent reset
[2026-04-03T03:22:58.946+0600][56.244s][info][gc,ergo     ] GC(63) Pacer for Reset. Non-Taxable: 1000M
[2026-04-03T03:22:58.947+0600][56.246s][info][gc          ] GC(63) Concurrent reset 1.779ms
[2026-04-03T03:22:58.947+0600][56.246s][info][gc,start    ] GC(63) Pause Init Mark (unload classes)
[2026-04-03T03:22:58.948+0600][56.246s][info][gc,task     ] GC(63) Using 6 of 6 workers for init marking
[2026-04-03T03:22:58.948+0600][56.246s][info][gc,ergo     ] GC(63) Pacer for Mark. Expected Live: 224M, Free: 439M, Non-Taxable: 45055K, Alloc Tax Rate: 0.6x
[2026-04-03T03:22:58.948+0600][56.246s][info][gc          ] GC(63) Pause Init Mark (unload classes) 0.160ms
[2026-04-03T03:22:58.948+0600][56.247s][info][gc,start    ] GC(63) Concurrent marking roots
[2026-04-03T03:22:58.948+0600][56.247s][info][gc,task     ] GC(63) Using 3 of 6 workers for concurrent marking roots
[2026-04-03T03:22:58.949+0600][56.247s][info][gc          ] GC(63) Concurrent marking roots 0.854ms
[2026-04-03T03:22:58.949+0600][56.248s][info][gc,start    ] GC(63) Concurrent marking (unload classes)
[2026-04-03T03:22:58.949+0600][56.248s][info][gc,task     ] GC(63) Using 3 of 6 workers for concurrent marking
[2026-04-03T03:22:59.241+0600][56.540s][info][gc          ] GC(63) Concurrent marking (unload classes) 292.125ms
[2026-04-03T03:22:59.241+0600][56.540s][info][gc,start    ] GC(63) Pause Final Mark (unload classes)
[2026-04-03T03:22:59.241+0600][56.540s][info][gc,task     ] GC(63) Using 6 of 6 workers for final marking
[2026-04-03T03:22:59.242+0600][56.540s][info][gc,ergo     ] GC(63) Adaptive CSet Selection. Target Free: 141M, Actual Free: 400M, Max CSet: 42666K, Min Garbage: 0B
[2026-04-03T03:22:59.242+0600][56.541s][info][gc,ergo     ] GC(63) Collectable Garbage: 266M (95%), Immediate: 8192K (2%), CSet: 258M (92%)
[2026-04-03T03:22:59.242+0600][56.541s][info][gc,ergo     ] GC(63) Pacer for Evacuation. Used CSet: 277M, Free: 351M, Non-Taxable: 35993K, Alloc Tax Rate: 1.9x
[2026-04-03T03:22:59.242+0600][56.541s][info][gc          ] GC(63) Pause Final Mark (unload classes) 1.369ms
[2026-04-03T03:22:59.243+0600][56.541s][info][gc,start    ] GC(63) Concurrent thread roots
[2026-04-03T03:22:59.243+0600][56.541s][info][gc,task     ] GC(63) Using 3 of 6 workers for Concurrent thread roots
[2026-04-03T03:22:59.243+0600][56.542s][info][gc          ] GC(63) Concurrent thread roots 0.725ms
[2026-04-03T03:22:59.243+0600][56.542s][info][gc,start    ] GC(63) Concurrent weak references
[2026-04-03T03:22:59.243+0600][56.542s][info][gc,task     ] GC(63) Using 3 of 6 workers for concurrent weak references
[2026-04-03T03:22:59.243+0600][56.542s][info][gc,ref      ] GC(63) Encountered references: Soft: 3302, Weak: 6344, Final: 84, Phantom: 603
[2026-04-03T03:22:59.243+0600][56.542s][info][gc,ref      ] GC(63) Discovered  references: Soft: 0, Weak: 307, Final: 0, Phantom: 599
[2026-04-03T03:22:59.244+0600][56.542s][info][gc,ref      ] GC(63) Enqueued    references: Soft: 0, Weak: 0, Final: 0, Phantom: 0
[2026-04-03T03:22:59.244+0600][56.542s][info][gc          ] GC(63) Concurrent weak references 0.199ms
[2026-04-03T03:22:59.244+0600][56.542s][info][gc,start    ] GC(63) Concurrent weak roots
[2026-04-03T03:22:59.244+0600][56.542s][info][gc,task     ] GC(63) Using 3 of 6 workers for concurrent weak root
[2026-04-03T03:22:59.246+0600][56.545s][info][gc          ] GC(63) Concurrent weak roots 2.327ms
[2026-04-03T03:22:59.246+0600][56.545s][info][gc,start    ] GC(63) Concurrent cleanup
[2026-04-03T03:22:59.246+0600][56.545s][info][gc          ] GC(63) Concurrent cleanup 606M->598M(792M) 0.235ms
[2026-04-03T03:22:59.246+0600][56.545s][info][gc,ergo     ] GC(63) Free: 349M, Max: 256K regular, 237M humongous, Frag: 32% external, 0% internal; Reserve: 51093K, Max: 256K
[2026-04-03T03:22:59.246+0600][56.545s][info][gc,start    ] GC(63) Concurrent class unloading
[2026-04-03T03:22:59.246+0600][56.545s][info][gc,task     ] GC(63) Using 3 of 6 workers for concurrent class unloading
[2026-04-03T03:22:59.253+0600][56.552s][info][gc          ] GC(63) Concurrent class unloading 6.873ms
[2026-04-03T03:22:59.253+0600][56.552s][info][gc,start    ] GC(63) Concurrent strong roots
[2026-04-03T03:22:59.253+0600][56.552s][info][gc,task     ] GC(63) Using 3 of 6 workers for concurrent strong root
[2026-04-03T03:22:59.254+0600][56.553s][info][gc          ] GC(63) Concurrent strong roots 0.943ms
[2026-04-03T03:22:59.254+0600][56.553s][info][gc,start    ] GC(63) Concurrent evacuation
[2026-04-03T03:22:59.254+0600][56.553s][info][gc,task     ] GC(63) Using 3 of 6 workers for concurrent evacuation
[2026-04-03T03:22:59.275+0600][56.573s][info][gc          ] GC(63) Concurrent evacuation 20.400ms
[2026-04-03T03:22:59.275+0600][56.574s][info][gc,start    ] GC(63) Pause Init Update Refs
[2026-04-03T03:22:59.275+0600][56.574s][info][gc,ergo     ] GC(63) Pacer for Update Refs. Used: 633M, Free: 332M, Non-Taxable: 34073K, Alloc Tax Rate: 2.3x
[2026-04-03T03:22:59.275+0600][56.574s][info][gc          ] GC(63) Pause Init Update Refs 0.176ms
[2026-04-03T03:22:59.275+0600][56.574s][info][gc,start    ] GC(63) Concurrent update references
[2026-04-03T03:22:59.276+0600][56.574s][info][gc,task     ] GC(63) Using 3 of 6 workers for concurrent reference update
[2026-04-03T03:22:59.442+0600][56.740s][info][gc          ] GC(63) Concurrent update references 166.147ms
[2026-04-03T03:22:59.442+0600][56.740s][info][gc,start    ] GC(63) Concurrent update thread roots
[2026-04-03T03:22:59.443+0600][56.742s][info][gc          ] GC(63) Concurrent update thread roots 1.240ms
[2026-04-03T03:22:59.443+0600][56.742s][info][gc,start    ] GC(63) Pause Final Update Refs
[2026-04-03T03:22:59.443+0600][56.742s][info][gc,task     ] GC(63) Using 6 of 6 workers for final reference update
[2026-04-03T03:22:59.443+0600][56.742s][info][gc          ] GC(63) Pause Final Update Refs 0.285ms
[2026-04-03T03:22:59.444+0600][56.742s][info][gc,start    ] GC(63) Concurrent cleanup
[2026-04-03T03:22:59.444+0600][56.743s][info][gc          ] GC(63) Concurrent cleanup 710M->433M(792M) 0.475ms
[2026-04-03T03:22:59.444+0600][56.743s][info][gc,ergo     ] Free: 513M, Max: 256K regular, 229M humongous, Frag: 56% external, 0% internal; Reserve: 51200K, Max: 256K
[2026-04-03T03:22:59.444+0600][56.743s][info][gc,stats    ] 
[2026-04-03T03:22:59.444+0600][56.743s][info][gc,stats    ] All times are wall-clock times, except per-root-class counters, that are sum over
[2026-04-03T03:22:59.444+0600][56.743s][info][gc,stats    ] all workers. Dividing the <total> over the root stage time estimates parallelism.
[2026-04-03T03:22:59.444+0600][56.743s][info][gc,stats    ] 
[2026-04-03T03:22:59.444+0600][56.743s][info][gc,stats    ] Concurrent Reset                   1846 us
[2026-04-03T03:22:59.444+0600][56.743s][info][gc,stats    ] Pause Init Mark (G)                 460 us
[2026-04-03T03:22:59.444+0600][56.743s][info][gc,stats    ] Pause Init Mark (N)                 218 us
[2026-04-03T03:22:59.444+0600][56.743s][info][gc,stats    ]   Update Region States               60 us
[2026-04-03T03:22:59.444+0600][56.743s][info][gc,stats    ] Concurrent Mark Roots               910 us, parallelism: 1.59x
[2026-04-03T03:22:59.444+0600][56.743s][info][gc,stats    ]   CMR: <total>                     1443 us
[2026-04-03T03:22:59.444+0600][56.743s][info][gc,stats    ]   CMR: Thread Roots                1213 us, workers (us): 475, 280, 458, ---, ---, ---, 
[2026-04-03T03:22:59.444+0600][56.743s][info][gc,stats    ]   CMR: VM Strong Roots               36 us, workers (us):  31,   4,   1, ---, ---, ---, 
[2026-04-03T03:22:59.444+0600][56.743s][info][gc,stats    ]   CMR: CLDG Roots                   194 us, workers (us): ---, 194, ---, ---, ---, ---, 
[2026-04-03T03:22:59.444+0600][56.743s][info][gc,stats    ] Concurrent Marking               292206 us
[2026-04-03T03:22:59.444+0600][56.743s][info][gc,stats    ] Pause Final Mark (G)               1618 us
[2026-04-03T03:22:59.444+0600][56.743s][info][gc,stats    ] Pause Final Mark (N)               1382 us
[2026-04-03T03:22:59.444+0600][56.743s][info][gc,stats    ]   Finish Mark                       297 us
[2026-04-03T03:22:59.444+0600][56.743s][info][gc,stats    ]   Update Region States               64 us
[2026-04-03T03:22:59.444+0600][56.743s][info][gc,stats    ]   Choose Collection Set             828 us
[2026-04-03T03:22:59.444+0600][56.743s][info][gc,stats    ]   Rebuild Free Set                   64 us
[2026-04-03T03:22:59.444+0600][56.743s][info][gc,stats    ] Concurrent Thread Roots             778 us, parallelism: 1.71x
[2026-04-03T03:22:59.444+0600][56.743s][info][gc,stats    ]   CTR: <total>                     1330 us
[2026-04-03T03:22:59.444+0600][56.743s][info][gc,stats    ]   CTR: Thread Roots                1330 us, workers (us): 467, 458, 405, ---, ---, ---, 
[2026-04-03T03:22:59.444+0600][56.743s][info][gc,stats    ] Concurrent Weak References          208 us, parallelism: 0.69x
[2026-04-03T03:22:59.444+0600][56.743s][info][gc,stats    ]   CWRF: <total>                     143 us
[2026-04-03T03:22:59.445+0600][56.743s][info][gc,stats    ]   CWRF: Weak References             143 us, workers (us):  81,  13,  48, ---, ---, ---, 
[2026-04-03T03:22:59.445+0600][56.743s][info][gc,stats    ] Concurrent Weak Roots              2386 us
[2026-04-03T03:22:59.445+0600][56.743s][info][gc,stats    ]   Roots                            2039 us, parallelism: 2.39x
[2026-04-03T03:22:59.445+0600][56.743s][info][gc,stats    ]     CWR: <total>                   4871 us
[2026-04-03T03:22:59.445+0600][56.743s][info][gc,stats    ]     CWR: Code Cache Roots          3187 us, workers (us): 1007, 1129, 1051, ---, ---, ---, 
[2026-04-03T03:22:59.445+0600][56.743s][info][gc,stats    ]     CWR: VM Weak Roots             1518 us, workers (us): 538, 537, 443, ---, ---, ---, 
[2026-04-03T03:22:59.445+0600][56.743s][info][gc,stats    ]     CWR: CLDG Roots                 165 us, workers (us): 165, ---, ---, ---, ---, ---, 
[2026-04-03T03:22:59.445+0600][56.743s][info][gc,stats    ]   Rendezvous                        258 us
[2026-04-03T03:22:59.445+0600][56.743s][info][gc,stats    ] Concurrent Cleanup                  252 us
[2026-04-03T03:22:59.445+0600][56.743s][info][gc,stats    ] Concurrent Class Unloading         6963 us
[2026-04-03T03:22:59.445+0600][56.743s][info][gc,stats    ]   Unlink Stale                     6508 us
[2026-04-03T03:22:59.445+0600][56.743s][info][gc,stats    ]     System Dictionary               129 us
[2026-04-03T03:22:59.445+0600][56.743s][info][gc,stats    ]     Weak Class Links                  0 us
[2026-04-03T03:22:59.445+0600][56.743s][info][gc,stats    ]     Code Roots                     6374 us
[2026-04-03T03:22:59.445+0600][56.743s][info][gc,stats    ]   Rendezvous                        309 us
[2026-04-03T03:22:59.445+0600][56.744s][info][gc,stats    ]   Purge Unlinked                     19 us
[2026-04-03T03:22:59.445+0600][56.744s][info][gc,stats    ]     Code Roots                        7 us
[2026-04-03T03:22:59.445+0600][56.744s][info][gc,stats    ]     CLDG                             11 us
[2026-04-03T03:22:59.445+0600][56.744s][info][gc,stats    ]     Exception Caches                  0 us
[2026-04-03T03:22:59.445+0600][56.744s][info][gc,stats    ] Concurrent Strong Roots            1043 us, parallelism: 0.53x
[2026-04-03T03:22:59.445+0600][56.744s][info][gc,stats    ]   CSR: <total>                      555 us
[2026-04-03T03:22:59.445+0600][56.744s][info][gc,stats    ]   CSR: VM Strong Roots               44 us, workers (us):  29,  14,   0, ---, ---, ---, 
[2026-04-03T03:22:59.445+0600][56.744s][info][gc,stats    ]   CSR: CLDG Roots                   511 us, workers (us): ---, 511, ---, ---, ---, ---, 
[2026-04-03T03:22:59.445+0600][56.744s][info][gc,stats    ] Concurrent Evacuation             20595 us
[2026-04-03T03:22:59.445+0600][56.744s][info][gc,stats    ] Pause Init Update Refs (G)          582 us
[2026-04-03T03:22:59.445+0600][56.744s][info][gc,stats    ] Pause Init Update Refs (N)          188 us
[2026-04-03T03:22:59.445+0600][56.744s][info][gc,stats    ]   Manage GCLABs                      17 us
[2026-04-03T03:22:59.445+0600][56.744s][info][gc,stats    ] Concurrent Update Refs           166244 us
[2026-04-03T03:22:59.445+0600][56.744s][info][gc,stats    ] Concurrent Update Thread Roots     1316 us
[2026-04-03T03:22:59.445+0600][56.744s][info][gc,stats    ] Pause Final Update Refs (G)         545 us
[2026-04-03T03:22:59.445+0600][56.744s][info][gc,stats    ] Pause Final Update Refs (N)         317 us
[2026-04-03T03:22:59.445+0600][56.744s][info][gc,stats    ]   Update Region States              128 us
[2026-04-03T03:22:59.445+0600][56.744s][info][gc,stats    ]   Trash Collection Set               32 us
[2026-04-03T03:22:59.445+0600][56.744s][info][gc,stats    ]   Rebuild Free Set                   53 us
[2026-04-03T03:22:59.445+0600][56.744s][info][gc,stats    ] Concurrent Cleanup                  515 us
[2026-04-03T03:22:59.445+0600][56.744s][info][gc,stats    ] Pacing                           361864 us
[2026-04-03T03:22:59.445+0600][56.744s][info][gc,stats    ] 
[2026-04-03T03:22:59.445+0600][56.744s][info][gc,stats    ] Allocation pacing accrued:
[2026-04-03T03:22:59.445+0600][56.744s][info][gc,stats    ]     120 of   601 ms ( 19.9%): Executor task launch worker for task 0.0 in stage 15.0 (TID 24)
[2026-04-03T03:22:59.445+0600][56.744s][info][gc,stats    ]     122 of   601 ms ( 20.2%): Executor task launch worker for task 1.0 in stage 15.0 (TID 25)
[2026-04-03T03:22:59.445+0600][56.744s][info][gc,stats    ]     120 of   601 ms ( 20.0%): Executor task launch worker for task 2.0 in stage 15.0 (TID 26)
[2026-04-03T03:22:59.445+0600][56.744s][info][gc,stats    ]     362 of   601 ms ( 60.2%): <total>
[2026-04-03T03:22:59.445+0600][56.744s][info][gc,stats    ]       3 of   601 ms (  0.4%): <average total>
[2026-04-03T03:22:59.445+0600][56.744s][info][gc,stats    ]     121 of   601 ms ( 20.1%): <average non-zero>
[2026-04-03T03:22:59.445+0600][56.744s][info][gc,stats    ] 
[2026-04-03T03:22:59.445+0600][56.744s][info][gc,metaspace] Metaspace: 72897K(73792K)->72897K(73792K) NonClass: 63614K(64128K)->63614K(64128K) Class: 9283K(9664K)->9283K(9664K)
[2026-04-03T03:22:59.445+0600][56.744s][info][gc,ergo     ] Pacer for Idle. Initial: 20480K, Alloc Tax Rate: 1.0x
[2026-04-03T03:23:00.056+0600][57.355s][info][gc          ] Trigger: Average GC time (530.65 ms) is above the time for average allocation rate (404 MB/s) to deplete free headroom (214M) (margin of error = 1.83)
[2026-04-03T03:23:00.056+0600][57.355s][info][gc,ergo     ] Free headroom: 264M (free) - 51200K (spike) - 0B (penalties) = 214M
[2026-04-03T03:23:00.056+0600][57.355s][info][gc,ergo     ] Free: 264M, Max: 256K regular, 229M humongous, Frag: 14% external, 0% internal; Reserve: 51200K, Max: 256K
[2026-04-03T03:23:00.056+0600][57.355s][info][gc,start    ] GC(64) Concurrent reset
[2026-04-03T03:23:00.056+0600][57.355s][info][gc,task     ] GC(64) Using 3 of 6 workers for concurrent reset
[2026-04-03T03:23:00.056+0600][57.355s][info][gc,ergo     ] GC(64) Pacer for Reset. Non-Taxable: 1000M
[2026-04-03T03:23:00.059+0600][57.357s][info][gc          ] GC(64) Concurrent reset 2.335ms
[2026-04-03T03:23:00.059+0600][57.358s][info][gc,start    ] GC(64) Pause Init Mark (unload classes)
[2026-04-03T03:23:00.059+0600][57.358s][info][gc,task     ] GC(64) Using 6 of 6 workers for init marking
[2026-04-03T03:23:00.059+0600][57.358s][info][gc,ergo     ] GC(64) Pacer for Mark. Expected Live: 221M, Free: 263M, Non-Taxable: 26956K, Alloc Tax Rate: 1.0x
[2026-04-03T03:23:00.059+0600][57.358s][info][gc          ] GC(64) Pause Init Mark (unload classes) 0.190ms
[2026-04-03T03:23:00.059+0600][57.358s][info][gc,start    ] GC(64) Concurrent marking roots
[2026-04-03T03:23:00.059+0600][57.358s][info][gc,task     ] GC(64) Using 3 of 6 workers for concurrent marking roots
[2026-04-03T03:23:00.060+0600][57.359s][info][gc          ] GC(64) Concurrent marking roots 1.013ms
[2026-04-03T03:23:00.060+0600][57.359s][info][gc,start    ] GC(64) Concurrent marking (unload classes)
[2026-04-03T03:23:00.060+0600][57.359s][info][gc,task     ] GC(64) Using 3 of 6 workers for concurrent marking
[2026-04-03T03:23:00.372+0600][57.670s][info][gc          ] GC(64) Concurrent marking (unload classes) 311.485ms
[2026-04-03T03:23:00.372+0600][57.671s][info][gc,start    ] GC(64) Pause Final Mark (unload classes)
[2026-04-03T03:23:00.372+0600][57.671s][info][gc,task     ] GC(64) Using 6 of 6 workers for final marking
[2026-04-03T03:23:00.372+0600][57.671s][info][gc,ergo     ] GC(64) Adaptive CSet Selection. Target Free: 141M, Actual Free: 275M, Max CSet: 42666K, Min Garbage: 0B
[2026-04-03T03:23:00.373+0600][57.672s][info][gc,ergo     ] GC(64) Collectable Garbage: 432M (97%), Immediate: 20499K (4%), CSet: 412M (92%)
[2026-04-03T03:23:00.373+0600][57.672s][info][gc,ergo     ] GC(64) Pacer for Evacuation. Used CSet: 441M, Free: 228M, Non-Taxable: 23373K, Alloc Tax Rate: 4.7x
[2026-04-03T03:23:00.373+0600][57.672s][info][gc          ] GC(64) Pause Final Mark (unload classes) 1.434ms
[2026-04-03T03:23:00.373+0600][57.672s][info][gc,start    ] GC(64) Concurrent thread roots
[2026-04-03T03:23:00.374+0600][57.672s][info][gc,task     ] GC(64) Using 3 of 6 workers for Concurrent thread roots
[2026-04-03T03:23:00.374+0600][57.673s][info][gc          ] GC(64) Concurrent thread roots 0.665ms
[2026-04-03T03:23:00.374+0600][57.673s][info][gc,start    ] GC(64) Concurrent weak references
[2026-04-03T03:23:00.374+0600][57.673s][info][gc,task     ] GC(64) Using 3 of 6 workers for concurrent weak references
[2026-04-03T03:23:00.375+0600][57.674s][info][gc,ref      ] GC(64) Encountered references: Soft: 3300, Weak: 6342, Final: 84, Phantom: 603
[2026-04-03T03:23:00.375+0600][57.674s][info][gc,ref      ] GC(64) Discovered  references: Soft: 0, Weak: 3633, Final: 68, Phantom: 600
[2026-04-03T03:23:00.375+0600][57.674s][info][gc,ref      ] GC(64) Enqueued    references: Soft: 0, Weak: 0, Final: 0, Phantom: 0
[2026-04-03T03:23:00.375+0600][57.674s][info][gc          ] GC(64) Concurrent weak references 0.876ms
[2026-04-03T03:23:00.375+0600][57.674s][info][gc,start    ] GC(64) Concurrent weak roots
[2026-04-03T03:23:00.375+0600][57.674s][info][gc,task     ] GC(64) Using 3 of 6 workers for concurrent weak root
[2026-04-03T03:23:00.377+0600][57.676s][info][gc          ] GC(64) Concurrent weak roots 2.113ms
[2026-04-03T03:23:00.377+0600][57.676s][info][gc,start    ] GC(64) Concurrent cleanup
[2026-04-03T03:23:00.378+0600][57.677s][info][gc          ] GC(64) Concurrent cleanup 739M->719M(792M) 0.672ms
[2026-04-03T03:23:00.378+0600][57.677s][info][gc,ergo     ] GC(64) Free: 227M, Max: 256K regular, 205M humongous, Frag: 10% external, 0% internal; Reserve: 51103K, Max: 256K
[2026-04-03T03:23:00.378+0600][57.677s][info][gc,start    ] GC(64) Concurrent class unloading
[2026-04-03T03:23:00.378+0600][57.677s][info][gc,task     ] GC(64) Using 3 of 6 workers for concurrent class unloading
[2026-04-03T03:23:00.385+0600][57.684s][info][gc          ] GC(64) Concurrent class unloading 6.753ms
[2026-04-03T03:23:00.385+0600][57.684s][info][gc,start    ] GC(64) Concurrent strong roots
[2026-04-03T03:23:00.385+0600][57.684s][info][gc,task     ] GC(64) Using 3 of 6 workers for concurrent strong root
[2026-04-03T03:23:00.386+0600][57.684s][info][gc          ] GC(64) Concurrent strong roots 0.880ms
[2026-04-03T03:23:00.386+0600][57.685s][info][gc,start    ] GC(64) Concurrent evacuation
[2026-04-03T03:23:00.386+0600][57.685s][info][gc,task     ] GC(64) Using 3 of 6 workers for concurrent evacuation
[2026-04-03T03:23:00.415+0600][57.714s][info][gc          ] GC(64) Concurrent evacuation 29.366ms
[2026-04-03T03:23:00.415+0600][57.714s][info][gc,start    ] GC(64) Pause Init Update Refs
[2026-04-03T03:23:00.415+0600][57.714s][info][gc,ergo     ] GC(64) Pacer for Update Refs. Used: 756M, Free: 218M, Non-Taxable: 22425K, Alloc Tax Rate: 4.2x
[2026-04-03T03:23:00.415+0600][57.714s][info][gc          ] GC(64) Pause Init Update Refs 0.086ms
[2026-04-03T03:23:00.416+0600][57.714s][info][gc,start    ] GC(64) Concurrent update references
[2026-04-03T03:23:00.416+0600][57.714s][info][gc,task     ] GC(64) Using 3 of 6 workers for concurrent reference update
[2026-04-03T03:23:00.566+0600][57.865s][info][gc          ] GC(64) Concurrent update references 150.466ms
[2026-04-03T03:23:00.566+0600][57.865s][info][gc,start    ] GC(64) Concurrent update thread roots
[2026-04-03T03:23:00.567+0600][57.866s][info][gc          ] GC(64) Concurrent update thread roots 0.697ms
[2026-04-03T03:23:00.567+0600][57.866s][info][gc,start    ] GC(64) Pause Final Update Refs
[2026-04-03T03:23:00.567+0600][57.866s][info][gc,task     ] GC(64) Using 6 of 6 workers for final reference update
[2026-04-03T03:23:00.567+0600][57.866s][info][gc          ] GC(64) Pause Final Update Refs 0.162ms
[2026-04-03T03:23:00.567+0600][57.866s][info][gc,start    ] GC(64) Concurrent cleanup
[2026-04-03T03:23:00.568+0600][57.867s][info][gc          ] GC(64) Concurrent cleanup 794M->353M(814M) 0.765ms
[2026-04-03T03:23:00.568+0600][57.867s][info][gc,ergo     ] Free: 593M, Max: 256K regular, 171M humongous, Frag: 72% external, 0% internal; Reserve: 51200K, Max: 256K
[2026-04-03T03:23:00.568+0600][57.867s][info][gc,stats    ] 
[2026-04-03T03:23:00.568+0600][57.867s][info][gc,stats    ] All times are wall-clock times, except per-root-class counters, that are sum over
[2026-04-03T03:23:00.568+0600][57.867s][info][gc,stats    ] all workers. Dividing the <total> over the root stage time estimates parallelism.
[2026-04-03T03:23:00.568+0600][57.867s][info][gc,stats    ] 
[2026-04-03T03:23:00.568+0600][57.867s][info][gc,stats    ] Concurrent Reset                   2422 us
[2026-04-03T03:23:00.568+0600][57.867s][info][gc,stats    ] Pause Init Mark (G)                 463 us
[2026-04-03T03:23:00.568+0600][57.867s][info][gc,stats    ] Pause Init Mark (N)                 209 us
[2026-04-03T03:23:00.568+0600][57.867s][info][gc,stats    ]   Update Region States               61 us
[2026-04-03T03:23:00.568+0600][57.867s][info][gc,stats    ] Concurrent Mark Roots              1060 us, parallelism: 1.81x
[2026-04-03T03:23:00.568+0600][57.867s][info][gc,stats    ]   CMR: <total>                     1918 us
[2026-04-03T03:23:00.568+0600][57.867s][info][gc,stats    ]   CMR: Thread Roots                1481 us, workers (us): 640, 233, 607, ---, ---, ---, 
[2026-04-03T03:23:00.568+0600][57.867s][info][gc,stats    ]   CMR: VM Strong Roots               38 us, workers (us):  22,  16,   1, ---, ---, ---, 
[2026-04-03T03:23:00.568+0600][57.867s][info][gc,stats    ]   CMR: CLDG Roots                   399 us, workers (us): ---, 399, ---, ---, ---, ---, 
[2026-04-03T03:23:00.568+0600][57.867s][info][gc,stats    ] Concurrent Marking               311592 us
[2026-04-03T03:23:00.568+0600][57.867s][info][gc,stats    ] Pause Final Mark (G)               1779 us
[2026-04-03T03:23:00.568+0600][57.867s][info][gc,stats    ] Pause Final Mark (N)               1451 us
[2026-04-03T03:23:00.568+0600][57.867s][info][gc,stats    ]   Finish Mark                       337 us
[2026-04-03T03:23:00.568+0600][57.867s][info][gc,stats    ]   Update Region States               76 us
[2026-04-03T03:23:00.568+0600][57.867s][info][gc,stats    ]   Choose Collection Set             848 us
[2026-04-03T03:23:00.568+0600][57.867s][info][gc,stats    ]   Rebuild Free Set                   42 us
[2026-04-03T03:23:00.568+0600][57.867s][info][gc,stats    ] Concurrent Thread Roots             689 us, parallelism: 2.05x
[2026-04-03T03:23:00.568+0600][57.867s][info][gc,stats    ]   CTR: <total>                     1413 us
[2026-04-03T03:23:00.568+0600][57.867s][info][gc,stats    ]   CTR: Thread Roots                1413 us, workers (us): 491, 462, 459, ---, ---, ---, 
[2026-04-03T03:23:00.568+0600][57.867s][info][gc,stats    ] Concurrent Weak References          886 us, parallelism: 0.78x
[2026-04-03T03:23:00.568+0600][57.867s][info][gc,stats    ]   CWRF: <total>                     689 us
[2026-04-03T03:23:00.568+0600][57.867s][info][gc,stats    ]   CWRF: Weak References             689 us, workers (us): 678,   1,  10, ---, ---, ---, 
[2026-04-03T03:23:00.568+0600][57.867s][info][gc,stats    ] Concurrent Weak Roots              2170 us
[2026-04-03T03:23:00.568+0600][57.867s][info][gc,stats    ]   Roots                            1828 us, parallelism: 2.61x
[2026-04-03T03:23:00.568+0600][57.867s][info][gc,stats    ]     CWR: <total>                   4779 us
[2026-04-03T03:23:00.568+0600][57.867s][info][gc,stats    ]     CWR: Code Cache Roots          3086 us, workers (us): 1118, 984, 984, ---, ---, ---, 
[2026-04-03T03:23:00.568+0600][57.867s][info][gc,stats    ]     CWR: VM Weak Roots             1557 us, workers (us): 517, 477, 563, ---, ---, ---, 
[2026-04-03T03:23:00.568+0600][57.867s][info][gc,stats    ]     CWR: CLDG Roots                 136 us, workers (us): ---, 136, ---, ---, ---, ---, 
[2026-04-03T03:23:00.568+0600][57.867s][info][gc,stats    ]   Rendezvous                        262 us
[2026-04-03T03:23:00.568+0600][57.867s][info][gc,stats    ] Concurrent Cleanup                  688 us
[2026-04-03T03:23:00.568+0600][57.867s][info][gc,stats    ] Concurrent Class Unloading         6824 us
[2026-04-03T03:23:00.568+0600][57.867s][info][gc,stats    ]   Unlink Stale                     6312 us
[2026-04-03T03:23:00.568+0600][57.867s][info][gc,stats    ]     System Dictionary                94 us
[2026-04-03T03:23:00.568+0600][57.867s][info][gc,stats    ]     Weak Class Links                  0 us
[2026-04-03T03:23:00.568+0600][57.867s][info][gc,stats    ]     Code Roots                     6214 us
[2026-04-03T03:23:00.568+0600][57.867s][info][gc,stats    ]   Rendezvous                        277 us
[2026-04-03T03:23:00.568+0600][57.867s][info][gc,stats    ]   Purge Unlinked                    142 us
[2026-04-03T03:23:00.568+0600][57.867s][info][gc,stats    ]     Code Roots                      135 us
[2026-04-03T03:23:00.568+0600][57.867s][info][gc,stats    ]     CLDG                              7 us
[2026-04-03T03:23:00.568+0600][57.867s][info][gc,stats    ]     Exception Caches                  0 us
[2026-04-03T03:23:00.568+0600][57.867s][info][gc,stats    ] Concurrent Strong Roots             951 us, parallelism: 0.62x
[2026-04-03T03:23:00.568+0600][57.867s][info][gc,stats    ]   CSR: <total>                      588 us
[2026-04-03T03:23:00.568+0600][57.867s][info][gc,stats    ]   CSR: VM Strong Roots               33 us, workers (us):  21,  12,   0, ---, ---, ---, 
[2026-04-03T03:23:00.568+0600][57.867s][info][gc,stats    ]   CSR: CLDG Roots                   555 us, workers (us): 555, ---, ---, ---, ---, ---, 
[2026-04-03T03:23:00.568+0600][57.867s][info][gc,stats    ] Concurrent Evacuation             29443 us
[2026-04-03T03:23:00.568+0600][57.867s][info][gc,stats    ] Pause Init Update Refs (G)          384 us
[2026-04-03T03:23:00.568+0600][57.867s][info][gc,stats    ] Pause Init Update Refs (N)           96 us
[2026-04-03T03:23:00.568+0600][57.867s][info][gc,stats    ]   Manage GCLABs                      29 us
[2026-04-03T03:23:00.568+0600][57.867s][info][gc,stats    ] Concurrent Update Refs           150531 us
[2026-04-03T03:23:00.568+0600][57.867s][info][gc,stats    ] Concurrent Update Thread Roots      747 us
[2026-04-03T03:23:00.568+0600][57.867s][info][gc,stats    ] Pause Final Update Refs (G)         445 us
[2026-04-03T03:23:00.568+0600][57.867s][info][gc,stats    ] Pause Final Update Refs (N)         180 us
[2026-04-03T03:23:00.568+0600][57.867s][info][gc,stats    ]   Update Region States               47 us
[2026-04-03T03:23:00.568+0600][57.867s][info][gc,stats    ]   Trash Collection Set               26 us
[2026-04-03T03:23:00.568+0600][57.867s][info][gc,stats    ]   Rebuild Free Set                   42 us
[2026-04-03T03:23:00.568+0600][57.867s][info][gc,stats    ] Concurrent Cleanup                  799 us
[2026-04-03T03:23:00.569+0600][57.867s][info][gc,stats    ] Pacing                           155205 us
[2026-04-03T03:23:00.569+0600][57.867s][info][gc,stats    ] 
[2026-04-03T03:23:00.569+0600][57.867s][info][gc,stats    ] Allocation pacing accrued:
[2026-04-03T03:23:00.569+0600][57.867s][info][gc,stats    ]      11 of  1124 ms (  1.0%): dispatcher-event-loop-0
[2026-04-03T03:23:00.569+0600][57.867s][info][gc,stats    ]      81 of  1124 ms (  7.2%): Executor task launch worker for task 0.0 in stage 15.0 (TID 24)
[2026-04-03T03:23:00.569+0600][57.867s][info][gc,stats    ]      44 of  1124 ms (  3.9%): Executor task launch worker for task 2.0 in stage 15.0 (TID 26)
[2026-04-03T03:23:00.569+0600][57.867s][info][gc,stats    ]      19 of  1124 ms (  1.7%): task-result-getter-1
[2026-04-03T03:23:00.569+0600][57.867s][info][gc,stats    ]     155 of  1124 ms ( 13.8%): <total>
[2026-04-03T03:23:00.569+0600][57.867s][info][gc,stats    ]       1 of  1124 ms (  0.1%): <average total>
[2026-04-03T03:23:00.569+0600][57.867s][info][gc,stats    ]      39 of  1124 ms (  3.5%): <average non-zero>
[2026-04-03T03:23:00.569+0600][57.867s][info][gc,stats    ] 
[2026-04-03T03:23:00.569+0600][57.867s][info][gc,metaspace] Metaspace: 72898K(73792K)->72902K(73792K) NonClass: 63615K(64128K)->63619K(64128K) Class: 9283K(9664K)->9283K(9664K)
[2026-04-03T03:23:00.569+0600][57.867s][info][gc,ergo     ] Pacer for Idle. Initial: 20480K, Alloc Tax Rate: 1.0x
[2026-04-03T03:23:01.544+0600][58.843s][info][gc          ] Trigger: Average GC time (536.90 ms) is above the time for average allocation rate (492 MB/s) to deplete free headroom (263M) (margin of error = 1.82)
[2026-04-03T03:23:01.544+0600][58.843s][info][gc,ergo     ] Free headroom: 313M (free) - 51200K (spike) - 0B (penalties) = 263M
[2026-04-03T03:23:01.545+0600][58.843s][info][gc,ergo     ] Free: 313M, Max: 256K regular, 171M humongous, Frag: 46% external, 0% internal; Reserve: 51200K, Max: 256K
[2026-04-03T03:23:01.545+0600][58.843s][info][gc,start    ] GC(65) Concurrent reset
[2026-04-03T03:23:01.545+0600][58.843s][info][gc,task     ] GC(65) Using 3 of 6 workers for concurrent reset
[2026-04-03T03:23:01.545+0600][58.843s][info][gc,ergo     ] GC(65) Pacer for Reset. Non-Taxable: 1000M
[2026-04-03T03:23:01.547+0600][58.845s][info][gc          ] GC(65) Concurrent reset 2.081ms
[2026-04-03T03:23:01.547+0600][58.846s][info][gc,start    ] GC(65) Pause Init Mark (unload classes)
[2026-04-03T03:23:01.547+0600][58.846s][info][gc,task     ] GC(65) Using 6 of 6 workers for init marking
[2026-04-03T03:23:01.547+0600][58.846s][info][gc,ergo     ] GC(65) Pacer for Mark. Expected Live: 214M, Free: 313M, Non-Taxable: 32051K, Alloc Tax Rate: 0.8x
[2026-04-03T03:23:01.547+0600][58.846s][info][gc          ] GC(65) Pause Init Mark (unload classes) 0.170ms
[2026-04-03T03:23:01.547+0600][58.846s][info][gc,start    ] GC(65) Concurrent marking roots
[2026-04-03T03:23:01.547+0600][58.846s][info][gc,task     ] GC(65) Using 3 of 6 workers for concurrent marking roots
[2026-04-03T03:23:01.548+0600][58.847s][info][gc          ] GC(65) Concurrent marking roots 1.181ms
[2026-04-03T03:23:01.549+0600][58.847s][info][gc,start    ] GC(65) Concurrent marking (unload classes)
[2026-04-03T03:23:01.549+0600][58.847s][info][gc,task     ] GC(65) Using 3 of 6 workers for concurrent marking
[2026-04-03T03:23:01.718+0600][59.017s][info][gc          ] GC(65) Concurrent marking (unload classes) 169.246ms
[2026-04-03T03:23:01.718+0600][59.017s][info][gc,start    ] GC(65) Pause Final Mark (unload classes)
[2026-04-03T03:23:01.718+0600][59.017s][info][gc,task     ] GC(65) Using 6 of 6 workers for final marking
[2026-04-03T03:23:01.719+0600][59.017s][info][gc,ergo     ] GC(65) Collectable Garbage: 458M (95%), Immediate: 458M (95%), CSet: 0B (0%)
[2026-04-03T03:23:01.719+0600][59.018s][info][gc          ] GC(65) Pause Final Mark (unload classes) 0.760ms
[2026-04-03T03:23:01.719+0600][59.018s][info][gc,start    ] GC(65) Concurrent weak references
[2026-04-03T03:23:01.719+0600][59.018s][info][gc,task     ] GC(65) Using 3 of 6 workers for concurrent weak references
[2026-04-03T03:23:01.720+0600][59.019s][info][gc,ref      ] GC(65) Encountered references: Soft: 3338, Weak: 6704, Final: 84, Phantom: 600
[2026-04-03T03:23:01.720+0600][59.019s][info][gc,ref      ] GC(65) Discovered  references: Soft: 0, Weak: 3971, Final: 0, Phantom: 597
[2026-04-03T03:23:01.720+0600][59.019s][info][gc,ref      ] GC(65) Enqueued    references: Soft: 0, Weak: 234, Final: 0, Phantom: 0
[2026-04-03T03:23:01.720+0600][59.019s][info][gc          ] GC(65) Concurrent weak references 0.941ms
[2026-04-03T03:23:01.720+0600][59.019s][info][gc,start    ] GC(65) Concurrent weak roots
[2026-04-03T03:23:01.720+0600][59.019s][info][gc,task     ] GC(65) Using 3 of 6 workers for concurrent weak root
[2026-04-03T03:23:01.722+0600][59.021s][info][gc          ] GC(65) Concurrent weak roots 2.472ms
[2026-04-03T03:23:01.722+0600][59.021s][info][gc,start    ] GC(65) Concurrent cleanup
[2026-04-03T03:23:01.723+0600][59.022s][info][gc          ] GC(65) Concurrent cleanup 672M->214M(814M) 0.949ms
[2026-04-03T03:23:01.723+0600][59.022s][info][gc,ergo     ] GC(65) Free: 731M, Max: 256K regular, 220M humongous, Frag: 70% external, 0% internal; Reserve: 51200K, Max: 256K
[2026-04-03T03:23:01.723+0600][59.022s][info][gc,start    ] GC(65) Concurrent class unloading
[2026-04-03T03:23:01.723+0600][59.022s][info][gc,task     ] GC(65) Using 3 of 6 workers for concurrent class unloading
[2026-04-03T03:23:01.745+0600][59.044s][info][gc          ] GC(65) Concurrent class unloading 21.699ms
[2026-04-03T03:23:01.745+0600][59.044s][info][gc,start    ] GC(65) Pause Final Roots
[2026-04-03T03:23:01.746+0600][59.044s][info][gc          ] GC(65) Pause Final Roots 0.065ms
[2026-04-03T03:23:01.746+0600][59.045s][info][gc,ergo     ] Free: 722M, Max: 256K regular, 220M humongous, Frag: 70% external, 0% internal; Reserve: 51200K, Max: 256K
[2026-04-03T03:23:01.746+0600][59.045s][info][gc,stats    ] 
[2026-04-03T03:23:01.746+0600][59.045s][info][gc,stats    ] All times are wall-clock times, except per-root-class counters, that are sum over
[2026-04-03T03:23:01.746+0600][59.045s][info][gc,stats    ] all workers. Dividing the <total> over the root stage time estimates parallelism.
[2026-04-03T03:23:01.746+0600][59.045s][info][gc,stats    ] 
[2026-04-03T03:23:01.746+0600][59.045s][info][gc,stats    ] Concurrent Reset                   2176 us
[2026-04-03T03:23:01.746+0600][59.045s][info][gc,stats    ] Pause Init Mark (G)                 499 us
[2026-04-03T03:23:01.746+0600][59.045s][info][gc,stats    ] Pause Init Mark (N)                 180 us
[2026-04-03T03:23:01.746+0600][59.045s][info][gc,stats    ]   Update Region States               54 us
[2026-04-03T03:23:01.746+0600][59.045s][info][gc,stats    ] Concurrent Mark Roots              1240 us, parallelism: 1.56x
[2026-04-03T03:23:01.746+0600][59.045s][info][gc,stats    ]   CMR: <total>                     1933 us
[2026-04-03T03:23:01.746+0600][59.045s][info][gc,stats    ]   CMR: Thread Roots                1533 us, workers (us): 277, 635, 622, ---, ---, ---, 
[2026-04-03T03:23:01.746+0600][59.045s][info][gc,stats    ]   CMR: VM Strong Roots               35 us, workers (us):  16,  18,   1, ---, ---, ---, 
[2026-04-03T03:23:01.746+0600][59.045s][info][gc,stats    ]   CMR: CLDG Roots                   365 us, workers (us): 365, ---, ---, ---, ---, ---, 
[2026-04-03T03:23:01.746+0600][59.045s][info][gc,stats    ] Concurrent Marking               169335 us
[2026-04-03T03:23:01.746+0600][59.045s][info][gc,stats    ] Pause Final Mark (G)               1083 us
[2026-04-03T03:23:01.746+0600][59.045s][info][gc,stats    ] Pause Final Mark (N)                780 us
[2026-04-03T03:23:01.746+0600][59.045s][info][gc,stats    ]   Finish Mark                       387 us
[2026-04-03T03:23:01.746+0600][59.045s][info][gc,stats    ]   Update Region States               69 us
[2026-04-03T03:23:01.746+0600][59.045s][info][gc,stats    ]   Choose Collection Set             139 us
[2026-04-03T03:23:01.746+0600][59.045s][info][gc,stats    ]   Rebuild Free Set                   92 us
[2026-04-03T03:23:01.746+0600][59.045s][info][gc,stats    ] Concurrent Weak References          953 us, parallelism: 0.81x
[2026-04-03T03:23:01.746+0600][59.045s][info][gc,stats    ]   CWRF: <total>                     768 us
[2026-04-03T03:23:01.746+0600][59.045s][info][gc,stats    ]   CWRF: Weak References             768 us, workers (us): 629,  89,  50, ---, ---, ---, 
[2026-04-03T03:23:01.746+0600][59.045s][info][gc,stats    ] Concurrent Weak Roots              2532 us
[2026-04-03T03:23:01.746+0600][59.045s][info][gc,stats    ]   Roots                            2060 us, parallelism: 2.48x
[2026-04-03T03:23:01.746+0600][59.045s][info][gc,stats    ]     CWR: <total>                   5110 us
[2026-04-03T03:23:01.746+0600][59.045s][info][gc,stats    ]     CWR: Code Cache Roots          3839 us, workers (us): 1185, 1358, 1296, ---, ---, ---, 
[2026-04-03T03:23:01.746+0600][59.045s][info][gc,stats    ]     CWR: VM Weak Roots             1205 us, workers (us): 423, 405, 377, ---, ---, ---, 
[2026-04-03T03:23:01.746+0600][59.045s][info][gc,stats    ]     CWR: CLDG Roots                  66 us, workers (us):  66, ---, ---, ---, ---, ---, 
[2026-04-03T03:23:01.746+0600][59.045s][info][gc,stats    ]   Rendezvous                        388 us
[2026-04-03T03:23:01.746+0600][59.045s][info][gc,stats    ] Concurrent Cleanup                  968 us
[2026-04-03T03:23:01.746+0600][59.045s][info][gc,stats    ] Concurrent Class Unloading        21797 us
[2026-04-03T03:23:01.746+0600][59.045s][info][gc,stats    ]   Unlink Stale                    20809 us
[2026-04-03T03:23:01.746+0600][59.045s][info][gc,stats    ]     System Dictionary               327 us
[2026-04-03T03:23:01.746+0600][59.045s][info][gc,stats    ]     Weak Class Links              13080 us
[2026-04-03T03:23:01.746+0600][59.045s][info][gc,stats    ]     Code Roots                     7396 us
[2026-04-03T03:23:01.746+0600][59.045s][info][gc,stats    ]   Rendezvous                        454 us
[2026-04-03T03:23:01.746+0600][59.045s][info][gc,stats    ]   Purge Unlinked                    380 us
[2026-04-03T03:23:01.746+0600][59.045s][info][gc,stats    ]     Code Roots                      329 us
[2026-04-03T03:23:01.746+0600][59.045s][info][gc,stats    ]     CLDG                             50 us
[2026-04-03T03:23:01.746+0600][59.045s][info][gc,stats    ]     Exception Caches                  0 us
[2026-04-03T03:23:01.746+0600][59.045s][info][gc,stats    ] Pause Final Roots (G)               507 us
[2026-04-03T03:23:01.746+0600][59.045s][info][gc,stats    ] Pause Final Roots (N)                91 us
[2026-04-03T03:23:01.746+0600][59.045s][info][gc,stats    ] Pacing                           231952 us
[2026-04-03T03:23:01.746+0600][59.045s][info][gc,stats    ] 
[2026-04-03T03:23:01.746+0600][59.045s][info][gc,stats    ] Allocation pacing accrued:
[2026-04-03T03:23:01.746+0600][59.045s][info][gc,stats    ]      77 of  1178 ms (  6.5%): Executor task launch worker for task 2.0 in stage 20.0 (TID 32)
[2026-04-03T03:23:01.746+0600][59.045s][info][gc,stats    ]      78 of  1178 ms (  6.6%): Executor task launch worker for task 1.0 in stage 20.0 (TID 31)
[2026-04-03T03:23:01.746+0600][59.045s][info][gc,stats    ]      77 of  1178 ms (  6.5%): Executor task launch worker for task 0.0 in stage 20.0 (TID 30)
[2026-04-03T03:23:01.747+0600][59.045s][info][gc,stats    ]     232 of  1178 ms ( 19.7%): <total>
[2026-04-03T03:23:01.747+0600][59.045s][info][gc,stats    ]       2 of  1178 ms (  0.1%): <average total>
[2026-04-03T03:23:01.747+0600][59.045s][info][gc,stats    ]      77 of  1178 ms (  6.6%): <average non-zero>
[2026-04-03T03:23:01.747+0600][59.045s][info][gc,stats    ] 
[2026-04-03T03:23:01.747+0600][59.045s][info][gc,metaspace] Metaspace: 72983K(73792K)->73011K(73856K) NonClass: 63692K(64128K)->63719K(64192K) Class: 9291K(9664K)->9291K(9664K)
[2026-04-03T03:23:01.747+0600][59.045s][info][gc,ergo     ] Pacer for Idle. Initial: 20480K, Alloc Tax Rate: 1.0x
[2026-04-03T03:23:02.113+0600][59.412s][info][gc          ] Trigger: Average GC time (620.16 ms) is above the time for average allocation rate (704 MB/s) to deplete free headroom (436M) (margin of error = 1.80)
[2026-04-03T03:23:02.113+0600][59.412s][info][gc,ergo     ] Free headroom: 486M (free) - 51200K (spike) - 0B (penalties) = 436M
[2026-04-03T03:23:02.113+0600][59.412s][info][gc,ergo     ] Free: 485M, Max: 256K regular, 220M humongous, Frag: 55% external, 0% internal; Reserve: 51200K, Max: 256K
[2026-04-03T03:23:02.113+0600][59.412s][info][gc,start    ] GC(66) Concurrent reset
[2026-04-03T03:23:02.113+0600][59.412s][info][gc,task     ] GC(66) Using 3 of 6 workers for concurrent reset
[2026-04-03T03:23:02.113+0600][59.412s][info][gc,ergo     ] GC(66) Pacer for Reset. Non-Taxable: 1000M
[2026-04-03T03:23:02.114+0600][59.413s][info][gc          ] GC(66) Concurrent reset 0.977ms
[2026-04-03T03:23:02.115+0600][59.414s][info][gc,start    ] GC(66) Pause Init Mark (unload classes)
[2026-04-03T03:23:02.115+0600][59.414s][info][gc,task     ] GC(66) Using 6 of 6 workers for init marking
[2026-04-03T03:23:02.115+0600][59.414s][info][gc,ergo     ] GC(66) Pacer for Mark. Expected Live: 205M, Free: 485M, Non-Taxable: 49708K, Alloc Tax Rate: 0.5x
[2026-04-03T03:23:02.115+0600][59.414s][info][gc          ] GC(66) Pause Init Mark (unload classes) 0.162ms
[2026-04-03T03:23:02.115+0600][59.414s][info][gc,start    ] GC(66) Concurrent marking roots
[2026-04-03T03:23:02.115+0600][59.414s][info][gc,task     ] GC(66) Using 3 of 6 workers for concurrent marking roots
[2026-04-03T03:23:02.116+0600][59.415s][info][gc          ] GC(66) Concurrent marking roots 0.981ms
[2026-04-03T03:23:02.116+0600][59.415s][info][gc,start    ] GC(66) Concurrent marking (unload classes)
[2026-04-03T03:23:02.116+0600][59.415s][info][gc,task     ] GC(66) Using 3 of 6 workers for concurrent marking
[2026-04-03T03:23:02.366+0600][59.664s][info][gc          ] GC(66) Concurrent marking (unload classes) 249.413ms
[2026-04-03T03:23:02.366+0600][59.665s][info][gc,start    ] GC(66) Pause Final Mark (unload classes)
[2026-04-03T03:23:02.366+0600][59.665s][info][gc,task     ] GC(66) Using 6 of 6 workers for final marking
[2026-04-03T03:23:02.366+0600][59.665s][info][gc,ergo     ] GC(66) Adaptive CSet Selection. Target Free: 141M, Actual Free: 711M, Max CSet: 42666K, Min Garbage: 0B
[2026-04-03T03:23:02.367+0600][59.665s][info][gc,ergo     ] GC(66) Collectable Garbage: 298M (98%), Immediate: 245M (80%), CSet: 54854K (17%)
[2026-04-03T03:23:02.367+0600][59.666s][info][gc,ergo     ] GC(66) Pacer for Evacuation. Used CSet: 60078K, Free: 668M, Non-Taxable: 68473K, Alloc Tax Rate: 1.1x
[2026-04-03T03:23:02.367+0600][59.666s][info][gc          ] GC(66) Pause Final Mark (unload classes) 0.907ms
[2026-04-03T03:23:02.367+0600][59.666s][info][gc,start    ] GC(66) Concurrent thread roots
[2026-04-03T03:23:02.367+0600][59.666s][info][gc,task     ] GC(66) Using 3 of 6 workers for Concurrent thread roots
[2026-04-03T03:23:02.368+0600][59.666s][info][gc          ] GC(66) Concurrent thread roots 0.811ms
[2026-04-03T03:23:02.368+0600][59.667s][info][gc,start    ] GC(66) Concurrent weak references
[2026-04-03T03:23:02.368+0600][59.667s][info][gc,task     ] GC(66) Using 3 of 6 workers for concurrent weak references
[2026-04-03T03:23:02.369+0600][59.668s][info][gc,ref      ] GC(66) Encountered references: Soft: 3355, Weak: 6599, Final: 84, Phantom: 603
[2026-04-03T03:23:02.369+0600][59.668s][info][gc,ref      ] GC(66) Discovered  references: Soft: 0, Weak: 4688, Final: 52, Phantom: 347
[2026-04-03T03:23:02.369+0600][59.668s][info][gc,ref      ] GC(66) Enqueued    references: Soft: 0, Weak: 158, Final: 0, Phantom: 0
[2026-04-03T03:23:02.369+0600][59.668s][info][gc          ] GC(66) Concurrent weak references 1.298ms
[2026-04-03T03:23:02.369+0600][59.668s][info][gc,start    ] GC(66) Concurrent weak roots
[2026-04-03T03:23:02.369+0600][59.668s][info][gc,task     ] GC(66) Using 3 of 6 workers for concurrent weak root
[2026-04-03T03:23:02.372+0600][59.671s][info][gc          ] GC(66) Concurrent weak roots 2.873ms
[2026-04-03T03:23:02.372+0600][59.671s][info][gc,start    ] GC(66) Concurrent cleanup
[2026-04-03T03:23:02.373+0600][59.672s][info][gc          ] GC(66) Concurrent cleanup 524M->279M(814M) 0.530ms
[2026-04-03T03:23:02.373+0600][59.672s][info][gc,ergo     ] GC(66) Free: 666M, Max: 256K regular, 220M humongous, Frag: 67% external, 0% internal; Reserve: 50724K, Max: 256K
[2026-04-03T03:23:02.373+0600][59.672s][info][gc,start    ] GC(66) Concurrent class unloading
[2026-04-03T03:23:02.373+0600][59.672s][info][gc,task     ] GC(66) Using 3 of 6 workers for concurrent class unloading
[2026-04-03T03:23:02.399+0600][59.698s][info][gc          ] GC(66) Concurrent class unloading 26.290ms
[2026-04-03T03:23:02.399+0600][59.698s][info][gc,start    ] GC(66) Concurrent strong roots
[2026-04-03T03:23:02.399+0600][59.698s][info][gc,task     ] GC(66) Using 3 of 6 workers for concurrent strong root
[2026-04-03T03:23:02.400+0600][59.699s][info][gc          ] GC(66) Concurrent strong roots 1.068ms
[2026-04-03T03:23:02.400+0600][59.699s][info][gc,start    ] GC(66) Concurrent evacuation
[2026-04-03T03:23:02.400+0600][59.699s][info][gc,task     ] GC(66) Using 3 of 6 workers for concurrent evacuation
[2026-04-03T03:23:02.406+0600][59.705s][info][gc          ] GC(66) Concurrent evacuation 5.276ms
[2026-04-03T03:23:02.406+0600][59.705s][info][gc,start    ] GC(66) Pause Init Update Refs
[2026-04-03T03:23:02.406+0600][59.705s][info][gc,ergo     ] GC(66) Pacer for Update Refs. Used: 291M, Free: 659M, Non-Taxable: 67574K, Alloc Tax Rate: 1.1x
[2026-04-03T03:23:02.406+0600][59.705s][info][gc          ] GC(66) Pause Init Update Refs 0.143ms
[2026-04-03T03:23:02.406+0600][59.705s][info][gc,start    ] GC(66) Concurrent update references
[2026-04-03T03:23:02.406+0600][59.705s][info][gc,task     ] GC(66) Using 3 of 6 workers for concurrent reference update
[2026-04-03T03:23:02.515+0600][59.814s][info][gc          ] GC(66) Concurrent update references 108.964ms
[2026-04-03T03:23:02.515+0600][59.814s][info][gc,start    ] GC(66) Concurrent update thread roots
[2026-04-03T03:23:02.517+0600][59.815s][info][gc          ] GC(66) Concurrent update thread roots 1.107ms
[2026-04-03T03:23:02.517+0600][59.816s][info][gc,start    ] GC(66) Pause Final Update Refs
[2026-04-03T03:23:02.517+0600][59.816s][info][gc,task     ] GC(66) Using 6 of 6 workers for final reference update
[2026-04-03T03:23:02.517+0600][59.816s][info][gc          ] GC(66) Pause Final Update Refs 0.282ms
[2026-04-03T03:23:02.517+0600][59.816s][info][gc,start    ] GC(66) Concurrent cleanup
[2026-04-03T03:23:02.518+0600][59.816s][info][gc          ] GC(66) Concurrent cleanup 325M->266M(814M) 0.340ms
[2026-04-03T03:23:02.518+0600][59.816s][info][gc,ergo     ] Free: 678M, Max: 256K regular, 445M humongous, Frag: 35% external, 0% internal; Reserve: 51200K, Max: 256K
[2026-04-03T03:23:02.518+0600][59.817s][info][gc,stats    ] 
[2026-04-03T03:23:02.518+0600][59.817s][info][gc,stats    ] All times are wall-clock times, except per-root-class counters, that are sum over
[2026-04-03T03:23:02.518+0600][59.817s][info][gc,stats    ] all workers. Dividing the <total> over the root stage time estimates parallelism.
[2026-04-03T03:23:02.518+0600][59.817s][info][gc,stats    ] 
[2026-04-03T03:23:02.518+0600][59.817s][info][gc,stats    ] Concurrent Reset                   1038 us
[2026-04-03T03:23:02.518+0600][59.817s][info][gc,stats    ] Pause Init Mark (G)                 595 us
[2026-04-03T03:23:02.518+0600][59.817s][info][gc,stats    ] Pause Init Mark (N)                 173 us
[2026-04-03T03:23:02.518+0600][59.817s][info][gc,stats    ]   Update Region States               45 us
[2026-04-03T03:23:02.518+0600][59.817s][info][gc,stats    ] Concurrent Mark Roots              1019 us, parallelism: 1.70x
[2026-04-03T03:23:02.518+0600][59.817s][info][gc,stats    ]   CMR: <total>                     1731 us
[2026-04-03T03:23:02.518+0600][59.817s][info][gc,stats    ]   CMR: Thread Roots                1367 us, workers (us): 568, 237, 561, ---, ---, ---, 
[2026-04-03T03:23:02.518+0600][59.817s][info][gc,stats    ]   CMR: VM Strong Roots               41 us, workers (us):  24,  17,   1, ---, ---, ---, 
[2026-04-03T03:23:02.518+0600][59.817s][info][gc,stats    ]   CMR: CLDG Roots                   323 us, workers (us): ---, 323, ---, ---, ---, ---, 
[2026-04-03T03:23:02.518+0600][59.817s][info][gc,stats    ] Concurrent Marking               249504 us
[2026-04-03T03:23:02.518+0600][59.817s][info][gc,stats    ] Pause Final Mark (G)               1230 us
[2026-04-03T03:23:02.518+0600][59.817s][info][gc,stats    ] Pause Final Mark (N)                924 us
[2026-04-03T03:23:02.518+0600][59.817s][info][gc,stats    ]   Finish Mark                       340 us
[2026-04-03T03:23:02.518+0600][59.817s][info][gc,stats    ]   Update Region States               75 us
[2026-04-03T03:23:02.518+0600][59.817s][info][gc,stats    ]   Choose Collection Set             323 us
[2026-04-03T03:23:02.518+0600][59.817s][info][gc,stats    ]   Rebuild Free Set                   66 us
[2026-04-03T03:23:02.518+0600][59.817s][info][gc,stats    ] Concurrent Thread Roots             978 us, parallelism: 1.78x
[2026-04-03T03:23:02.518+0600][59.817s][info][gc,stats    ]   CTR: <total>                     1739 us
[2026-04-03T03:23:02.518+0600][59.817s][info][gc,stats    ]   CTR: Thread Roots                1739 us, workers (us): 611, 559, 569, ---, ---, ---, 
[2026-04-03T03:23:02.518+0600][59.817s][info][gc,stats    ] Concurrent Weak References         1311 us, parallelism: 0.84x
[2026-04-03T03:23:02.518+0600][59.817s][info][gc,stats    ]   CWRF: <total>                    1097 us
[2026-04-03T03:23:02.518+0600][59.817s][info][gc,stats    ]   CWRF: Weak References            1097 us, workers (us):  66, 977,  54, ---, ---, ---, 
[2026-04-03T03:23:02.518+0600][59.817s][info][gc,stats    ] Concurrent Weak Roots              2980 us
[2026-04-03T03:23:02.518+0600][59.817s][info][gc,stats    ]   Roots                            2561 us, parallelism: 2.58x
[2026-04-03T03:23:02.518+0600][59.817s][info][gc,stats    ]     CWR: <total>                   6614 us
[2026-04-03T03:23:02.518+0600][59.817s][info][gc,stats    ]     CWR: Code Cache Roots          4596 us, workers (us): 1568, 1625, 1403, ---, ---, ---, 
[2026-04-03T03:23:02.518+0600][59.817s][info][gc,stats    ]     CWR: VM Weak Roots             1860 us, workers (us): 661, 601, 597, ---, ---, ---, 
[2026-04-03T03:23:02.518+0600][59.817s][info][gc,stats    ]     CWR: CLDG Roots                 159 us, workers (us): ---, ---, 159, ---, ---, ---, 
[2026-04-03T03:23:02.518+0600][59.817s][info][gc,stats    ]   Rendezvous                        288 us
[2026-04-03T03:23:02.518+0600][59.817s][info][gc,stats    ] Concurrent Cleanup                  607 us
[2026-04-03T03:23:02.518+0600][59.817s][info][gc,stats    ] Concurrent Class Unloading        26411 us
[2026-04-03T03:23:02.518+0600][59.817s][info][gc,stats    ]   Unlink Stale                    25292 us
[2026-04-03T03:23:02.518+0600][59.817s][info][gc,stats    ]     System Dictionary               443 us
[2026-04-03T03:23:02.518+0600][59.817s][info][gc,stats    ]     Weak Class Links              16094 us
[2026-04-03T03:23:02.518+0600][59.817s][info][gc,stats    ]     Code Roots                     8747 us
[2026-04-03T03:23:02.518+0600][59.817s][info][gc,stats    ]   Rendezvous                        395 us
[2026-04-03T03:23:02.518+0600][59.817s][info][gc,stats    ]   Purge Unlinked                    559 us
[2026-04-03T03:23:02.518+0600][59.817s][info][gc,stats    ]     Code Roots                      516 us
[2026-04-03T03:23:02.518+0600][59.817s][info][gc,stats    ]     CLDG                             42 us
[2026-04-03T03:23:02.518+0600][59.817s][info][gc,stats    ]     Exception Caches                  1 us
[2026-04-03T03:23:02.518+0600][59.817s][info][gc,stats    ] Concurrent Strong Roots            1129 us, parallelism: 0.62x
[2026-04-03T03:23:02.518+0600][59.817s][info][gc,stats    ]   CSR: <total>                      698 us
[2026-04-03T03:23:02.518+0600][59.817s][info][gc,stats    ]   CSR: VM Strong Roots               70 us, workers (us):  31,  26,  14, ---, ---, ---, 
[2026-04-03T03:23:02.518+0600][59.817s][info][gc,stats    ]   CSR: CLDG Roots                   628 us, workers (us): ---, 628, ---, ---, ---, ---, 
[2026-04-03T03:23:02.518+0600][59.817s][info][gc,stats    ] Concurrent Evacuation              5436 us
[2026-04-03T03:23:02.518+0600][59.817s][info][gc,stats    ] Pause Init Update Refs (G)          515 us
[2026-04-03T03:23:02.518+0600][59.817s][info][gc,stats    ] Pause Init Update Refs (N)          187 us
[2026-04-03T03:23:02.518+0600][59.817s][info][gc,stats    ]   Manage GCLABs                      33 us
[2026-04-03T03:23:02.518+0600][59.817s][info][gc,stats    ] Concurrent Update Refs           109097 us
[2026-04-03T03:23:02.518+0600][59.817s][info][gc,stats    ] Concurrent Update Thread Roots     1188 us
[2026-04-03T03:23:02.518+0600][59.817s][info][gc,stats    ] Pause Final Update Refs (G)         604 us
[2026-04-03T03:23:02.518+0600][59.817s][info][gc,stats    ] Pause Final Update Refs (N)         304 us
[2026-04-03T03:23:02.518+0600][59.817s][info][gc,stats    ]   Update Region States               76 us
[2026-04-03T03:23:02.518+0600][59.817s][info][gc,stats    ]   Trash Collection Set               15 us
[2026-04-03T03:23:02.518+0600][59.817s][info][gc,stats    ]   Rebuild Free Set                   61 us
[2026-04-03T03:23:02.518+0600][59.817s][info][gc,stats    ] Concurrent Cleanup                  372 us
[2026-04-03T03:23:02.518+0600][59.817s][info][gc,stats    ] Pacing                            33874 us
[2026-04-03T03:23:02.518+0600][59.817s][info][gc,stats    ] 
[2026-04-03T03:23:02.518+0600][59.817s][info][gc,stats    ] Allocation pacing accrued:
[2026-04-03T03:23:02.518+0600][59.817s][info][gc,stats    ]      11 of   772 ms (  1.5%): Executor task launch worker for task 2.0 in stage 24.0 (TID 35)
[2026-04-03T03:23:02.519+0600][59.817s][info][gc,stats    ]      11 of   772 ms (  1.5%): Executor task launch worker for task 1.0 in stage 24.0 (TID 34)
[2026-04-03T03:23:02.519+0600][59.817s][info][gc,stats    ]      11 of   772 ms (  1.5%): Executor task launch worker for task 0.0 in stage 24.0 (TID 33)
[2026-04-03T03:23:02.519+0600][59.817s][info][gc,stats    ]      34 of   772 ms (  4.4%): <total>
[2026-04-03T03:23:02.519+0600][59.817s][info][gc,stats    ]       0 of   772 ms (  0.0%): <average total>
[2026-04-03T03:23:02.519+0600][59.817s][info][gc,stats    ]      11 of   772 ms (  1.5%): <average non-zero>
[2026-04-03T03:23:02.519+0600][59.817s][info][gc,stats    ] 
[2026-04-03T03:23:02.519+0600][59.817s][info][gc,metaspace] Metaspace: 73049K(73856K)->73053K(73856K) NonClass: 63755K(64192K)->63760K(64192K) Class: 9293K(9664K)->9292K(9664K)
[2026-04-03T03:23:02.519+0600][59.817s][info][gc,ergo     ] Pacer for Idle. Initial: 20480K, Alloc Tax Rate: 1.0x
[2026-04-03T03:23:03.023+0600][60.322s][info][gc          ] Trigger: Average GC time (572.40 ms) is above the time for average allocation rate (891 MB/s) to deplete free headroom (333M) (margin of error = 1.78)
[2026-04-03T03:23:03.023+0600][60.322s][info][gc,ergo     ] Free headroom: 383M (free) - 51200K (spike) - 0B (penalties) = 333M
[2026-04-03T03:23:03.023+0600][60.322s][info][gc,ergo     ] Free: 383M, Max: 256K regular, 361M humongous, Frag: 6% external, 0% internal; Reserve: 51200K, Max: 256K
[2026-04-03T03:23:03.023+0600][60.322s][info][gc,start    ] GC(67) Concurrent reset
[2026-04-03T03:23:03.023+0600][60.322s][info][gc,task     ] GC(67) Using 3 of 6 workers for concurrent reset
[2026-04-03T03:23:03.023+0600][60.322s][info][gc,ergo     ] GC(67) Pacer for Reset. Non-Taxable: 1000M
[2026-04-03T03:23:03.024+0600][60.323s][info][gc          ] GC(67) Concurrent reset 0.973ms
[2026-04-03T03:23:03.024+0600][60.323s][info][gc,start    ] GC(67) Pause Init Mark (unload classes)
[2026-04-03T03:23:03.024+0600][60.323s][info][gc,task     ] GC(67) Using 6 of 6 workers for init marking
[2026-04-03T03:23:03.024+0600][60.323s][info][gc,ergo     ] GC(67) Pacer for Mark. Expected Live: 194M, Free: 381M, Non-Taxable: 39109K, Alloc Tax Rate: 0.6x
[2026-04-03T03:23:03.024+0600][60.323s][info][gc          ] GC(67) Pause Init Mark (unload classes) 0.124ms
[2026-04-03T03:23:03.024+0600][60.323s][info][gc,start    ] GC(67) Concurrent marking roots
[2026-04-03T03:23:03.024+0600][60.323s][info][gc,task     ] GC(67) Using 3 of 6 workers for concurrent marking roots
[2026-04-03T03:23:03.025+0600][60.324s][info][gc          ] GC(67) Concurrent marking roots 0.785ms
[2026-04-03T03:23:03.025+0600][60.324s][info][gc,start    ] GC(67) Concurrent marking (unload classes)
[2026-04-03T03:23:03.025+0600][60.324s][info][gc,task     ] GC(67) Using 3 of 6 workers for concurrent marking
[2026-04-03T03:23:03.193+0600][60.492s][info][gc          ] GC(67) Concurrent marking (unload classes) 167.679ms
[2026-04-03T03:23:03.193+0600][60.492s][info][gc,start    ] GC(67) Pause Final Mark (unload classes)
[2026-04-03T03:23:03.193+0600][60.492s][info][gc,task     ] GC(67) Using 6 of 6 workers for final marking
[2026-04-03T03:23:03.194+0600][60.492s][info][gc,ergo     ] GC(67) Adaptive CSet Selection. Target Free: 141M, Actual Free: 634M, Max CSet: 42666K, Min Garbage: 0B
[2026-04-03T03:23:03.194+0600][60.493s][info][gc,ergo     ] GC(67) Collectable Garbage: 393M (98%), Immediate: 263M (65%), CSet: 130M (32%)
[2026-04-03T03:23:03.194+0600][60.493s][info][gc,ergo     ] GC(67) Pacer for Evacuation. Used CSet: 145M, Free: 589M, Non-Taxable: 60409K, Alloc Tax Rate: 1.1x
[2026-04-03T03:23:03.194+0600][60.493s][info][gc          ] GC(67) Pause Final Mark (unload classes) 0.926ms
[2026-04-03T03:23:03.194+0600][60.493s][info][gc,start    ] GC(67) Concurrent thread roots
[2026-04-03T03:23:03.194+0600][60.493s][info][gc,task     ] GC(67) Using 3 of 6 workers for Concurrent thread roots
[2026-04-03T03:23:03.195+0600][60.494s][info][gc          ] GC(67) Concurrent thread roots 0.702ms
[2026-04-03T03:23:03.195+0600][60.494s][info][gc,start    ] GC(67) Concurrent weak references
[2026-04-03T03:23:03.195+0600][60.494s][info][gc,task     ] GC(67) Using 3 of 6 workers for concurrent weak references
[2026-04-03T03:23:03.195+0600][60.494s][info][gc,ref      ] GC(67) Encountered references: Soft: 3355, Weak: 6538, Final: 84, Phantom: 603
[2026-04-03T03:23:03.195+0600][60.494s][info][gc,ref      ] GC(67) Discovered  references: Soft: 0, Weak: 517, Final: 0, Phantom: 599
[2026-04-03T03:23:03.195+0600][60.494s][info][gc,ref      ] GC(67) Enqueued    references: Soft: 0, Weak: 97, Final: 0, Phantom: 0
[2026-04-03T03:23:03.195+0600][60.494s][info][gc          ] GC(67) Concurrent weak references 0.296ms
[2026-04-03T03:23:03.195+0600][60.494s][info][gc,start    ] GC(67) Concurrent weak roots
[2026-04-03T03:23:03.195+0600][60.494s][info][gc,task     ] GC(67) Using 3 of 6 workers for concurrent weak root
[2026-04-03T03:23:03.197+0600][60.496s][info][gc          ] GC(67) Concurrent weak roots 2.178ms
[2026-04-03T03:23:03.197+0600][60.496s][info][gc,start    ] GC(67) Concurrent cleanup
[2026-04-03T03:23:03.198+0600][60.497s][info][gc          ] GC(67) Concurrent cleanup 623M->360M(814M) 0.896ms
[2026-04-03T03:23:03.198+0600][60.497s][info][gc,ergo     ] GC(67) Free: 586M, Max: 256K regular, 296M humongous, Frag: 50% external, 0% internal; Reserve: 50776K, Max: 256K
[2026-04-03T03:23:03.198+0600][60.497s][info][gc,start    ] GC(67) Concurrent class unloading
[2026-04-03T03:23:03.198+0600][60.497s][info][gc,task     ] GC(67) Using 3 of 6 workers for concurrent class unloading
[2026-04-03T03:23:03.204+0600][60.503s][info][gc          ] GC(67) Concurrent class unloading 6.038ms
[2026-04-03T03:23:03.205+0600][60.503s][info][gc,start    ] GC(67) Concurrent strong roots
[2026-04-03T03:23:03.205+0600][60.503s][info][gc,task     ] GC(67) Using 3 of 6 workers for concurrent strong root
[2026-04-03T03:23:03.205+0600][60.504s][info][gc          ] GC(67) Concurrent strong roots 0.608ms
[2026-04-03T03:23:03.205+0600][60.504s][info][gc,start    ] GC(67) Concurrent evacuation
[2026-04-03T03:23:03.205+0600][60.504s][info][gc,task     ] GC(67) Using 3 of 6 workers for concurrent evacuation
[2026-04-03T03:23:03.218+0600][60.516s][info][gc          ] GC(67) Concurrent evacuation 12.429ms
[2026-04-03T03:23:03.218+0600][60.517s][info][gc,start    ] GC(67) Pause Init Update Refs
[2026-04-03T03:23:03.218+0600][60.517s][info][gc,ergo     ] GC(67) Pacer for Update Refs. Used: 389M, Free: 572M, Non-Taxable: 58642K, Alloc Tax Rate: 1.1x
[2026-04-03T03:23:03.218+0600][60.517s][info][gc          ] GC(67) Pause Init Update Refs 0.116ms
[2026-04-03T03:23:03.218+0600][60.517s][info][gc,start    ] GC(67) Concurrent update references
[2026-04-03T03:23:03.218+0600][60.517s][info][gc,task     ] GC(67) Using 3 of 6 workers for concurrent reference update
[2026-04-03T03:23:03.309+0600][60.608s][info][gc          ] GC(67) Concurrent update references 90.834ms
[2026-04-03T03:23:03.309+0600][60.608s][info][gc,start    ] GC(67) Concurrent update thread roots
[2026-04-03T03:23:03.310+0600][60.609s][info][gc          ] GC(67) Concurrent update thread roots 1.239ms
[2026-04-03T03:23:03.311+0600][60.610s][info][gc,start    ] GC(67) Pause Final Update Refs
[2026-04-03T03:23:03.311+0600][60.610s][info][gc,task     ] GC(67) Using 6 of 6 workers for final reference update
[2026-04-03T03:23:03.311+0600][60.610s][info][gc          ] GC(67) Pause Final Update Refs 0.291ms
[2026-04-03T03:23:03.311+0600][60.610s][info][gc,start    ] GC(67) Concurrent cleanup
[2026-04-03T03:23:03.312+0600][60.611s][info][gc          ] GC(67) Concurrent cleanup 461M->316M(814M) 0.800ms
[2026-04-03T03:23:03.312+0600][60.611s][info][gc,ergo     ] Free: 630M, Max: 256K regular, 296M humongous, Frag: 53% external, 0% internal; Reserve: 51200K, Max: 256K
[2026-04-03T03:23:03.312+0600][60.611s][info][gc,stats    ] 
[2026-04-03T03:23:03.312+0600][60.611s][info][gc,stats    ] All times are wall-clock times, except per-root-class counters, that are sum over
[2026-04-03T03:23:03.312+0600][60.611s][info][gc,stats    ] all workers. Dividing the <total> over the root stage time estimates parallelism.
[2026-04-03T03:23:03.312+0600][60.611s][info][gc,stats    ] 
[2026-04-03T03:23:03.312+0600][60.611s][info][gc,stats    ] Concurrent Reset                   1026 us
[2026-04-03T03:23:03.312+0600][60.611s][info][gc,stats    ] Pause Init Mark (G)                 426 us
[2026-04-03T03:23:03.312+0600][60.611s][info][gc,stats    ] Pause Init Mark (N)                 134 us
[2026-04-03T03:23:03.312+0600][60.611s][info][gc,stats    ]   Update Region States               37 us
[2026-04-03T03:23:03.312+0600][60.611s][info][gc,stats    ] Concurrent Mark Roots               820 us, parallelism: 1.51x
[2026-04-03T03:23:03.312+0600][60.611s][info][gc,stats    ]   CMR: <total>                     1243 us
[2026-04-03T03:23:03.312+0600][60.611s][info][gc,stats    ]   CMR: Thread Roots                1042 us, workers (us): 260, 423, 360, ---, ---, ---, 
[2026-04-03T03:23:03.312+0600][60.611s][info][gc,stats    ]   CMR: VM Strong Roots               28 us, workers (us):  24,   3,   1, ---, ---, ---, 
[2026-04-03T03:23:03.312+0600][60.611s][info][gc,stats    ]   CMR: CLDG Roots                   173 us, workers (us): 173, ---, ---, ---, ---, ---, 
[2026-04-03T03:23:03.312+0600][60.611s][info][gc,stats    ] Concurrent Marking               167762 us
[2026-04-03T03:23:03.312+0600][60.611s][info][gc,stats    ] Pause Final Mark (G)               1182 us
[2026-04-03T03:23:03.312+0600][60.611s][info][gc,stats    ] Pause Final Mark (N)                965 us
[2026-04-03T03:23:03.312+0600][60.611s][info][gc,stats    ]   Finish Mark                       341 us
[2026-04-03T03:23:03.312+0600][60.611s][info][gc,stats    ]   Update Region States               68 us
[2026-04-03T03:23:03.312+0600][60.611s][info][gc,stats    ]   Choose Collection Set             383 us
[2026-04-03T03:23:03.312+0600][60.611s][info][gc,stats    ]   Rebuild Free Set                   44 us
[2026-04-03T03:23:03.312+0600][60.611s][info][gc,stats    ] Concurrent Thread Roots             746 us, parallelism: 1.84x
[2026-04-03T03:23:03.312+0600][60.611s][info][gc,stats    ]   CTR: <total>                     1373 us
[2026-04-03T03:23:03.312+0600][60.611s][info][gc,stats    ]   CTR: Thread Roots                1373 us, workers (us): 488, 453, 432, ---, ---, ---, 
[2026-04-03T03:23:03.312+0600][60.611s][info][gc,stats    ] Concurrent Weak References          310 us, parallelism: 0.63x
[2026-04-03T03:23:03.312+0600][60.611s][info][gc,stats    ]   CWRF: <total>                     195 us
[2026-04-03T03:23:03.312+0600][60.611s][info][gc,stats    ]   CWRF: Weak References             195 us, workers (us):  93,  65,  37, ---, ---, ---, 
[2026-04-03T03:23:03.312+0600][60.611s][info][gc,stats    ] Concurrent Weak Roots              2251 us
[2026-04-03T03:23:03.312+0600][60.611s][info][gc,stats    ]   Roots                            1888 us, parallelism: 2.58x
[2026-04-03T03:23:03.312+0600][60.611s][info][gc,stats    ]     CWR: <total>                   4863 us
[2026-04-03T03:23:03.312+0600][60.611s][info][gc,stats    ]     CWR: Code Cache Roots          3030 us, workers (us): 1003, 993, 1035, ---, ---, ---, 
[2026-04-03T03:23:03.312+0600][60.611s][info][gc,stats    ]     CWR: VM Weak Roots             1764 us, workers (us): 623, 604, 537, ---, ---, ---, 
[2026-04-03T03:23:03.312+0600][60.611s][info][gc,stats    ]     CWR: CLDG Roots                  69 us, workers (us): ---,  69, ---, ---, ---, ---, 
[2026-04-03T03:23:03.312+0600][60.611s][info][gc,stats    ]   Rendezvous                        257 us
[2026-04-03T03:23:03.312+0600][60.611s][info][gc,stats    ] Concurrent Cleanup                  913 us
[2026-04-03T03:23:03.312+0600][60.611s][info][gc,stats    ] Concurrent Class Unloading         6117 us
[2026-04-03T03:23:03.312+0600][60.611s][info][gc,stats    ]   Unlink Stale                     5558 us
[2026-04-03T03:23:03.312+0600][60.611s][info][gc,stats    ]     System Dictionary                90 us
[2026-04-03T03:23:03.312+0600][60.611s][info][gc,stats    ]     Weak Class Links                  0 us
[2026-04-03T03:23:03.312+0600][60.611s][info][gc,stats    ]     Code Roots                     5464 us
[2026-04-03T03:23:03.312+0600][60.611s][info][gc,stats    ]   Rendezvous                        269 us
[2026-04-03T03:23:03.312+0600][60.611s][info][gc,stats    ]   Purge Unlinked                    187 us
[2026-04-03T03:23:03.312+0600][60.611s][info][gc,stats    ]     Code Roots                      178 us
[2026-04-03T03:23:03.312+0600][60.611s][info][gc,stats    ]     CLDG                              8 us
[2026-04-03T03:23:03.312+0600][60.611s][info][gc,stats    ]     Exception Caches                  0 us
[2026-04-03T03:23:03.312+0600][60.611s][info][gc,stats    ] Concurrent Strong Roots             640 us, parallelism: 0.58x
[2026-04-03T03:23:03.312+0600][60.611s][info][gc,stats    ]   CSR: <total>                      372 us
[2026-04-03T03:23:03.312+0600][60.611s][info][gc,stats    ]   CSR: VM Strong Roots               37 us, workers (us):  35,   2,   0, ---, ---, ---, 
[2026-04-03T03:23:03.312+0600][60.611s][info][gc,stats    ]   CSR: CLDG Roots                   336 us, workers (us): 336, ---, ---, ---, ---, ---, 
[2026-04-03T03:23:03.312+0600][60.611s][info][gc,stats    ] Concurrent Evacuation             12479 us
[2026-04-03T03:23:03.312+0600][60.611s][info][gc,stats    ] Pause Init Update Refs (G)          582 us
[2026-04-03T03:23:03.312+0600][60.611s][info][gc,stats    ] Pause Init Update Refs (N)          131 us
[2026-04-03T03:23:03.312+0600][60.611s][info][gc,stats    ]   Manage GCLABs                      27 us
[2026-04-03T03:23:03.312+0600][60.611s][info][gc,stats    ] Concurrent Update Refs            90910 us
[2026-04-03T03:23:03.312+0600][60.611s][info][gc,stats    ] Concurrent Update Thread Roots     1294 us
[2026-04-03T03:23:03.312+0600][60.611s][info][gc,stats    ] Pause Final Update Refs (G)         721 us
[2026-04-03T03:23:03.312+0600][60.611s][info][gc,stats    ] Pause Final Update Refs (N)         309 us
[2026-04-03T03:23:03.312+0600][60.611s][info][gc,stats    ]   Update Region States              106 us
[2026-04-03T03:23:03.312+0600][60.611s][info][gc,stats    ]   Trash Collection Set               19 us
[2026-04-03T03:23:03.312+0600][60.611s][info][gc,stats    ]   Rebuild Free Set                   44 us
[2026-04-03T03:23:03.312+0600][60.611s][info][gc,stats    ] Concurrent Cleanup                  819 us
[2026-04-03T03:23:03.312+0600][60.611s][info][gc,stats    ] Pacing                           348949 us
[2026-04-03T03:23:03.312+0600][60.611s][info][gc,stats    ] 
[2026-04-03T03:23:03.312+0600][60.611s][info][gc,stats    ] Allocation pacing accrued:
[2026-04-03T03:23:03.313+0600][60.611s][info][gc,stats    ]       1 of   794 ms (  0.2%): Spark Context Cleaner
[2026-04-03T03:23:03.313+0600][60.611s][info][gc,stats    ]     116 of   794 ms ( 14.6%): Executor task launch worker for task 0.0 in stage 25.0 (TID 36)
[2026-04-03T03:23:03.313+0600][60.611s][info][gc,stats    ]     116 of   794 ms ( 14.6%): Executor task launch worker for task 1.0 in stage 25.0 (TID 37)
[2026-04-03T03:23:03.313+0600][60.611s][info][gc,stats    ]     116 of   794 ms ( 14.6%): Executor task launch worker for task 2.0 in stage 25.0 (TID 38)
[2026-04-03T03:23:03.313+0600][60.611s][info][gc,stats    ]     349 of   794 ms ( 43.9%): <total>
[2026-04-03T03:23:03.313+0600][60.611s][info][gc,stats    ]       2 of   794 ms (  0.3%): <average total>
[2026-04-03T03:23:03.313+0600][60.611s][info][gc,stats    ]      87 of   794 ms ( 11.0%): <average non-zero>
[2026-04-03T03:23:03.313+0600][60.611s][info][gc,stats    ] 
[2026-04-03T03:23:03.313+0600][60.611s][info][gc,metaspace] Metaspace: 73071K(73856K)->73073K(73856K) NonClass: 63779K(64192K)->63780K(64192K) Class: 9292K(9664K)->9292K(9664K)
[2026-04-03T03:23:03.313+0600][60.611s][info][gc,ergo     ] Pacer for Idle. Initial: 20480K, Alloc Tax Rate: 1.0x
[2026-04-03T03:23:03.414+0600][60.713s][info][gc          ] Trigger: Average GC time (491.35 ms) is above the time for average allocation rate (1224 MB/s) to deplete free headroom (406M) (margin of error = 1.77)
[2026-04-03T03:23:03.414+0600][60.713s][info][gc,ergo     ] Free headroom: 456M (free) - 51200K (spike) - 0B (penalties) = 406M
[2026-04-03T03:23:03.414+0600][60.713s][info][gc,ergo     ] Free: 456M, Max: 256K regular, 296M humongous, Frag: 36% external, 0% internal; Reserve: 51200K, Max: 256K
[2026-04-03T03:23:03.414+0600][60.713s][info][gc,start    ] GC(68) Concurrent reset
[2026-04-03T03:23:03.414+0600][60.713s][info][gc,task     ] GC(68) Using 3 of 6 workers for concurrent reset
[2026-04-03T03:23:03.414+0600][60.713s][info][gc,ergo     ] GC(68) Pacer for Reset. Non-Taxable: 1000M
[2026-04-03T03:23:03.415+0600][60.714s][info][gc          ] GC(68) Concurrent reset 1.115ms
[2026-04-03T03:23:03.415+0600][60.714s][info][gc,start    ] GC(68) Pause Init Mark (unload classes)
[2026-04-03T03:23:03.415+0600][60.714s][info][gc,task     ] GC(68) Using 6 of 6 workers for init marking
[2026-04-03T03:23:03.415+0600][60.714s][info][gc,ergo     ] GC(68) Pacer for Mark. Expected Live: 184M, Free: 455M, Non-Taxable: 46662K, Alloc Tax Rate: 0.5x
[2026-04-03T03:23:03.415+0600][60.714s][info][gc          ] GC(68) Pause Init Mark (unload classes) 0.115ms
[2026-04-03T03:23:03.416+0600][60.714s][info][gc,start    ] GC(68) Concurrent marking roots
[2026-04-03T03:23:03.416+0600][60.714s][info][gc,task     ] GC(68) Using 3 of 6 workers for concurrent marking roots
[2026-04-03T03:23:03.416+0600][60.715s][info][gc          ] GC(68) Concurrent marking roots 0.856ms
[2026-04-03T03:23:03.416+0600][60.715s][info][gc,start    ] GC(68) Concurrent marking (unload classes)
[2026-04-03T03:23:03.416+0600][60.715s][info][gc,task     ] GC(68) Using 3 of 6 workers for concurrent marking
[2026-04-03T03:23:03.669+0600][60.968s][info][gc          ] GC(68) Concurrent marking (unload classes) 252.811ms
[2026-04-03T03:23:03.670+0600][60.968s][info][gc,start    ] GC(68) Pause Final Mark (unload classes)
[2026-04-03T03:23:03.670+0600][60.968s][info][gc,task     ] GC(68) Using 6 of 6 workers for final marking
[2026-04-03T03:23:03.670+0600][60.969s][info][gc,ergo     ] GC(68) Adaptive CSet Selection. Target Free: 141M, Actual Free: 481M, Max CSet: 42666K, Min Garbage: 0B
[2026-04-03T03:23:03.671+0600][60.970s][info][gc,ergo     ] GC(68) Collectable Garbage: 246M (88%), Immediate: 4608K (1%), CSet: 242M (87%)
[2026-04-03T03:23:03.671+0600][60.970s][info][gc,ergo     ] GC(68) Pacer for Evacuation. Used CSet: 283M, Free: 432M, Non-Taxable: 44333K, Alloc Tax Rate: 1.6x
[2026-04-03T03:23:03.671+0600][60.970s][info][gc          ] GC(68) Pause Final Mark (unload classes) 1.518ms
[2026-04-03T03:23:03.671+0600][60.970s][info][gc,start    ] GC(68) Concurrent thread roots
[2026-04-03T03:23:03.671+0600][60.970s][info][gc,task     ] GC(68) Using 3 of 6 workers for Concurrent thread roots
[2026-04-03T03:23:03.672+0600][60.971s][info][gc          ] GC(68) Concurrent thread roots 0.915ms
[2026-04-03T03:23:03.672+0600][60.971s][info][gc,start    ] GC(68) Concurrent weak references
[2026-04-03T03:23:03.672+0600][60.971s][info][gc,task     ] GC(68) Using 3 of 6 workers for concurrent weak references
[2026-04-03T03:23:03.672+0600][60.971s][info][gc,ref      ] GC(68) Encountered references: Soft: 3355, Weak: 6453, Final: 84, Phantom: 602
[2026-04-03T03:23:03.673+0600][60.971s][info][gc,ref      ] GC(68) Discovered  references: Soft: 0, Weak: 390, Final: 0, Phantom: 599
[2026-04-03T03:23:03.673+0600][60.971s][info][gc,ref      ] GC(68) Enqueued    references: Soft: 0, Weak: 2, Final: 0, Phantom: 0
[2026-04-03T03:23:03.673+0600][60.971s][info][gc          ] GC(68) Concurrent weak references 0.320ms
[2026-04-03T03:23:03.673+0600][60.971s][info][gc,start    ] GC(68) Concurrent weak roots
[2026-04-03T03:23:03.673+0600][60.971s][info][gc,task     ] GC(68) Using 3 of 6 workers for concurrent weak root
[2026-04-03T03:23:03.676+0600][60.975s][info][gc          ] GC(68) Concurrent weak roots 3.493ms
[2026-04-03T03:23:03.676+0600][60.975s][info][gc,start    ] GC(68) Concurrent cleanup
[2026-04-03T03:23:03.677+0600][60.976s][info][gc          ] GC(68) Concurrent cleanup 519M->515M(814M) 0.856ms
[2026-04-03T03:23:03.677+0600][60.976s][info][gc,ergo     ] GC(68) Free: 432M, Max: 256K regular, 296M humongous, Frag: 32% external, 0% internal; Reserve: 49408K, Max: 256K
[2026-04-03T03:23:03.677+0600][60.976s][info][gc,start    ] GC(68) Concurrent class unloading
[2026-04-03T03:23:03.677+0600][60.976s][info][gc,task     ] GC(68) Using 3 of 6 workers for concurrent class unloading
[2026-04-03T03:23:03.689+0600][60.988s][info][gc          ] GC(68) Concurrent class unloading 11.848ms
[2026-04-03T03:23:03.689+0600][60.988s][info][gc,start    ] GC(68) Concurrent strong roots
[2026-04-03T03:23:03.689+0600][60.988s][info][gc,task     ] GC(68) Using 3 of 6 workers for concurrent strong root
[2026-04-03T03:23:03.690+0600][60.989s][info][gc          ] GC(68) Concurrent strong roots 0.876ms
[2026-04-03T03:23:03.690+0600][60.989s][info][gc,start    ] GC(68) Concurrent evacuation
[2026-04-03T03:23:03.690+0600][60.989s][info][gc,task     ] GC(68) Using 3 of 6 workers for concurrent evacuation
[2026-04-03T03:23:03.727+0600][61.025s][info][gc          ] GC(68) Concurrent evacuation 36.595ms
[2026-04-03T03:23:03.727+0600][61.026s][info][gc,start    ] GC(68) Pause Init Update Refs
[2026-04-03T03:23:03.727+0600][61.026s][info][gc,ergo     ] GC(68) Pacer for Update Refs. Used: 556M, Free: 432M, Non-Taxable: 44255K, Alloc Tax Rate: 1.6x
[2026-04-03T03:23:03.727+0600][61.026s][info][gc          ] GC(68) Pause Init Update Refs 0.161ms
[2026-04-03T03:23:03.727+0600][61.026s][info][gc,start    ] GC(68) Concurrent update references
[2026-04-03T03:23:03.727+0600][61.026s][info][gc,task     ] GC(68) Using 3 of 6 workers for concurrent reference update
[2026-04-03T03:23:03.896+0600][61.195s][info][gc          ] GC(68) Concurrent update references 168.620ms
[2026-04-03T03:23:03.896+0600][61.195s][info][gc,start    ] GC(68) Concurrent update thread roots
[2026-04-03T03:23:03.897+0600][61.196s][info][gc          ] GC(68) Concurrent update thread roots 1.293ms
[2026-04-03T03:23:03.897+0600][61.196s][info][gc,start    ] GC(68) Pause Final Update Refs
[2026-04-03T03:23:03.897+0600][61.196s][info][gc,task     ] GC(68) Using 6 of 6 workers for final reference update
[2026-04-03T03:23:03.898+0600][61.196s][info][gc          ] GC(68) Pause Final Update Refs 0.271ms
[2026-04-03T03:23:03.898+0600][61.197s][info][gc,start    ] GC(68) Concurrent cleanup
[2026-04-03T03:23:03.899+0600][61.198s][info][gc          ] GC(68) Concurrent cleanup 578M->294M(814M) 1.134ms
[2026-04-03T03:23:03.899+0600][61.198s][info][gc,ergo     ] Free: 649M, Max: 256K regular, 279M humongous, Frag: 57% external, 0% internal; Reserve: 51200K, Max: 256K
[2026-04-03T03:23:03.899+0600][61.198s][info][gc,stats    ] 
[2026-04-03T03:23:03.899+0600][61.198s][info][gc,stats    ] All times are wall-clock times, except per-root-class counters, that are sum over
[2026-04-03T03:23:03.899+0600][61.198s][info][gc,stats    ] all workers. Dividing the <total> over the root stage time estimates parallelism.
[2026-04-03T03:23:03.899+0600][61.198s][info][gc,stats    ] 
[2026-04-03T03:23:03.899+0600][61.198s][info][gc,stats    ] Concurrent Reset                   1146 us
[2026-04-03T03:23:03.899+0600][61.198s][info][gc,stats    ] Pause Init Mark (G)                 336 us
[2026-04-03T03:23:03.899+0600][61.198s][info][gc,stats    ] Pause Init Mark (N)                 125 us
[2026-04-03T03:23:03.899+0600][61.198s][info][gc,stats    ]   Update Region States               28 us
[2026-04-03T03:23:03.899+0600][61.198s][info][gc,stats    ] Concurrent Mark Roots               910 us, parallelism: 1.48x
[2026-04-03T03:23:03.899+0600][61.198s][info][gc,stats    ]   CMR: <total>                     1342 us
[2026-04-03T03:23:03.899+0600][61.198s][info][gc,stats    ]   CMR: Thread Roots                1121 us, workers (us): 449, 251, 420, ---, ---, ---, 
[2026-04-03T03:23:03.899+0600][61.198s][info][gc,stats    ]   CMR: VM Strong Roots               31 us, workers (us):  16,  14,   1, ---, ---, ---, 
[2026-04-03T03:23:03.899+0600][61.198s][info][gc,stats    ]   CMR: CLDG Roots                   190 us, workers (us): ---, 190, ---, ---, ---, ---, 
[2026-04-03T03:23:03.899+0600][61.198s][info][gc,stats    ] Concurrent Marking               252922 us
[2026-04-03T03:23:03.899+0600][61.198s][info][gc,stats    ] Pause Final Mark (G)               1862 us
[2026-04-03T03:23:03.899+0600][61.198s][info][gc,stats    ] Pause Final Mark (N)               1536 us
[2026-04-03T03:23:03.899+0600][61.198s][info][gc,stats    ]   Finish Mark                       466 us
[2026-04-03T03:23:03.899+0600][61.198s][info][gc,stats    ]   Update Region States               89 us
[2026-04-03T03:23:03.899+0600][61.198s][info][gc,stats    ]   Choose Collection Set             717 us
[2026-04-03T03:23:03.899+0600][61.198s][info][gc,stats    ]   Rebuild Free Set                   72 us
[2026-04-03T03:23:03.899+0600][61.198s][info][gc,stats    ] Concurrent Thread Roots             966 us, parallelism: 2.10x
[2026-04-03T03:23:03.899+0600][61.198s][info][gc,stats    ]   CTR: <total>                     2032 us
[2026-04-03T03:23:03.899+0600][61.198s][info][gc,stats    ]   CTR: Thread Roots                2032 us, workers (us): 684, 683, 664, ---, ---, ---, 
[2026-04-03T03:23:03.900+0600][61.198s][info][gc,stats    ] Concurrent Weak References          335 us, parallelism: 0.52x
[2026-04-03T03:23:03.900+0600][61.198s][info][gc,stats    ]   CWRF: <total>                     175 us
[2026-04-03T03:23:03.900+0600][61.198s][info][gc,stats    ]   CWRF: Weak References             175 us, workers (us):  86,  86,   2, ---, ---, ---, 
[2026-04-03T03:23:03.900+0600][61.198s][info][gc,stats    ] Concurrent Weak Roots              3554 us
[2026-04-03T03:23:03.900+0600][61.198s][info][gc,stats    ]   Roots                            3146 us, parallelism: 2.57x
[2026-04-03T03:23:03.900+0600][61.198s][info][gc,stats    ]     CWR: <total>                   8100 us
[2026-04-03T03:23:03.900+0600][61.198s][info][gc,stats    ]     CWR: Code Cache Roots          6020 us, workers (us): 2174, 1997, 1850, ---, ---, ---, 
[2026-04-03T03:23:03.900+0600][61.198s][info][gc,stats    ]     CWR: VM Weak Roots             1803 us, workers (us): 603, 598, 602, ---, ---, ---, 
[2026-04-03T03:23:03.900+0600][61.198s][info][gc,stats    ]     CWR: CLDG Roots                 277 us, workers (us): ---, ---, 277, ---, ---, ---, 
[2026-04-03T03:23:03.900+0600][61.198s][info][gc,stats    ]   Rendezvous                        278 us
[2026-04-03T03:23:03.900+0600][61.198s][info][gc,stats    ] Concurrent Cleanup                  884 us
[2026-04-03T03:23:03.900+0600][61.198s][info][gc,stats    ] Concurrent Class Unloading        11920 us
[2026-04-03T03:23:03.900+0600][61.198s][info][gc,stats    ]   Unlink Stale                     8121 us
[2026-04-03T03:23:03.900+0600][61.198s][info][gc,stats    ]     System Dictionary               162 us
[2026-04-03T03:23:03.900+0600][61.199s][info][gc,stats    ]     Weak Class Links                  1 us
[2026-04-03T03:23:03.900+0600][61.199s][info][gc,stats    ]     Code Roots                     7954 us
[2026-04-03T03:23:03.900+0600][61.199s][info][gc,stats    ]   Rendezvous                       3646 us
[2026-04-03T03:23:03.900+0600][61.199s][info][gc,stats    ]   Purge Unlinked                     22 us
[2026-04-03T03:23:03.900+0600][61.199s][info][gc,stats    ]     Code Roots                        8 us
[2026-04-03T03:23:03.900+0600][61.199s][info][gc,stats    ]     CLDG                             12 us
[2026-04-03T03:23:03.900+0600][61.199s][info][gc,stats    ]     Exception Caches                  3 us
[2026-04-03T03:23:03.900+0600][61.199s][info][gc,stats    ] Concurrent Strong Roots             912 us, parallelism: 0.62x
[2026-04-03T03:23:03.900+0600][61.199s][info][gc,stats    ]   CSR: <total>                      562 us
[2026-04-03T03:23:03.900+0600][61.199s][info][gc,stats    ]   CSR: VM Strong Roots               49 us, workers (us):  43,   3,   3, ---, ---, ---, 
[2026-04-03T03:23:03.900+0600][61.199s][info][gc,stats    ]   CSR: CLDG Roots                   514 us, workers (us): 514, ---, ---, ---, ---, ---, 
[2026-04-03T03:23:03.900+0600][61.199s][info][gc,stats    ] Concurrent Evacuation             36691 us
[2026-04-03T03:23:03.900+0600][61.199s][info][gc,stats    ] Pause Init Update Refs (G)          612 us
[2026-04-03T03:23:03.900+0600][61.199s][info][gc,stats    ] Pause Init Update Refs (N)          174 us
[2026-04-03T03:23:03.900+0600][61.199s][info][gc,stats    ]   Manage GCLABs                      54 us
[2026-04-03T03:23:03.900+0600][61.199s][info][gc,stats    ] Concurrent Update Refs           168733 us
[2026-04-03T03:23:03.900+0600][61.199s][info][gc,stats    ] Concurrent Update Thread Roots     1335 us
[2026-04-03T03:23:03.900+0600][61.199s][info][gc,stats    ] Pause Final Update Refs (G)         554 us
[2026-04-03T03:23:03.900+0600][61.199s][info][gc,stats    ] Pause Final Update Refs (N)         301 us
[2026-04-03T03:23:03.900+0600][61.199s][info][gc,stats    ]   Update Region States               88 us
[2026-04-03T03:23:03.900+0600][61.199s][info][gc,stats    ]   Trash Collection Set               28 us
[2026-04-03T03:23:03.900+0600][61.199s][info][gc,stats    ]   Rebuild Free Set                   59 us
[2026-04-03T03:23:03.900+0600][61.199s][info][gc,stats    ] Concurrent Cleanup                 1177 us
[2026-04-03T03:23:03.900+0600][61.199s][info][gc,stats    ] 
[2026-04-03T03:23:03.900+0600][61.199s][info][gc,stats    ] Allocation pacing accrued:
[2026-04-03T03:23:03.900+0600][61.199s][info][gc,stats    ]       0 of   587 ms (  0.0%): <total>
[2026-04-03T03:23:03.900+0600][61.199s][info][gc,stats    ]       0 of   587 ms (  0.0%): <average total>
[2026-04-03T03:23:03.900+0600][61.199s][info][gc,stats    ] 
[2026-04-03T03:23:03.900+0600][61.199s][info][gc,metaspace] Metaspace: 73073K(73856K)->73073K(73856K) NonClass: 63780K(64192K)->63780K(64192K) Class: 9292K(9664K)->9292K(9664K)
[2026-04-03T03:23:03.900+0600][61.199s][info][gc,ergo     ] Pacer for Idle. Initial: 20480K, Alloc Tax Rate: 1.0x
[2026-04-03T03:23:04.403+0600][61.701s][info][gc          ] Trigger: Average GC time (583.29 ms) is above the time for average allocation rate (798 MB/s) to deplete free headroom (349M) (margin of error = 1.77)
[2026-04-03T03:23:04.403+0600][61.701s][info][gc,ergo     ] Free headroom: 399M (free) - 51200K (spike) - 0B (penalties) = 349M
[2026-04-03T03:23:04.403+0600][61.702s][info][gc,ergo     ] Free: 399M, Max: 256K regular, 279M humongous, Frag: 30% external, 0% internal; Reserve: 51200K, Max: 256K
[2026-04-03T03:23:04.403+0600][61.702s][info][gc,start    ] GC(69) Concurrent reset
[2026-04-03T03:23:04.403+0600][61.702s][info][gc,task     ] GC(69) Using 3 of 6 workers for concurrent reset
[2026-04-03T03:23:04.403+0600][61.702s][info][gc,ergo     ] GC(69) Pacer for Reset. Non-Taxable: 1000M
[2026-04-03T03:23:04.405+0600][61.704s][info][gc          ] GC(69) Concurrent reset 1.913ms
[2026-04-03T03:23:04.405+0600][61.704s][info][gc,start    ] GC(69) Pause Init Mark (unload classes)
[2026-04-03T03:23:04.405+0600][61.704s][info][gc,task     ] GC(69) Using 6 of 6 workers for init marking
[2026-04-03T03:23:04.405+0600][61.704s][info][gc,ergo     ] GC(69) Pacer for Mark. Expected Live: 181M, Free: 394M, Non-Taxable: 40390K, Alloc Tax Rate: 0.6x
[2026-04-03T03:23:04.405+0600][61.704s][info][gc          ] GC(69) Pause Init Mark (unload classes) 0.237ms
[2026-04-03T03:23:04.405+0600][61.704s][info][gc,start    ] GC(69) Concurrent marking roots
[2026-04-03T03:23:04.405+0600][61.704s][info][gc,task     ] GC(69) Using 3 of 6 workers for concurrent marking roots
[2026-04-03T03:23:04.406+0600][61.705s][info][gc          ] GC(69) Concurrent marking roots 1.004ms
[2026-04-03T03:23:04.407+0600][61.705s][info][gc,start    ] GC(69) Concurrent marking (unload classes)
[2026-04-03T03:23:04.407+0600][61.705s][info][gc,task     ] GC(69) Using 3 of 6 workers for concurrent marking
[2026-04-03T03:23:04.576+0600][61.875s][info][gc          ] GC(69) Concurrent marking (unload classes) 169.861ms
[2026-04-03T03:23:04.577+0600][61.875s][info][gc,start    ] GC(69) Pause Final Mark (unload classes)
[2026-04-03T03:23:04.577+0600][61.875s][info][gc,task     ] GC(69) Using 6 of 6 workers for final marking
[2026-04-03T03:23:04.577+0600][61.876s][info][gc,ergo     ] GC(69) Adaptive CSet Selection. Target Free: 141M, Actual Free: 549M, Max CSet: 42666K, Min Garbage: 0B
[2026-04-03T03:23:04.577+0600][61.876s][info][gc,ergo     ] GC(69) Collectable Garbage: 310M (98%), Immediate: 253M (80%), CSet: 58721K (18%)
[2026-04-03T03:23:04.578+0600][61.876s][info][gc,ergo     ] GC(69) Pacer for Evacuation. Used CSet: 68305K, Free: 517M, Non-Taxable: 52961K, Alloc Tax Rate: 1.1x
[2026-04-03T03:23:04.578+0600][61.876s][info][gc          ] GC(69) Pause Final Mark (unload classes) 0.942ms
[2026-04-03T03:23:04.578+0600][61.876s][info][gc,start    ] GC(69) Concurrent thread roots
[2026-04-03T03:23:04.578+0600][61.877s][info][gc,task     ] GC(69) Using 3 of 6 workers for Concurrent thread roots
[2026-04-03T03:23:04.578+0600][61.877s][info][gc          ] GC(69) Concurrent thread roots 0.718ms
[2026-04-03T03:23:04.578+0600][61.877s][info][gc,start    ] GC(69) Concurrent weak references
[2026-04-03T03:23:04.578+0600][61.877s][info][gc,task     ] GC(69) Using 3 of 6 workers for concurrent weak references
[2026-04-03T03:23:04.579+0600][61.877s][info][gc,ref      ] GC(69) Encountered references: Soft: 3362, Weak: 6477, Final: 84, Phantom: 600
[2026-04-03T03:23:04.579+0600][61.878s][info][gc,ref      ] GC(69) Discovered  references: Soft: 0, Weak: 472, Final: 0, Phantom: 597
[2026-04-03T03:23:04.579+0600][61.878s][info][gc,ref      ] GC(69) Enqueued    references: Soft: 0, Weak: 9, Final: 0, Phantom: 0
[2026-04-03T03:23:04.579+0600][61.878s][info][gc          ] GC(69) Concurrent weak references 0.326ms
[2026-04-03T03:23:04.579+0600][61.878s][info][gc,start    ] GC(69) Concurrent weak roots
[2026-04-03T03:23:04.579+0600][61.878s][info][gc,task     ] GC(69) Using 3 of 6 workers for concurrent weak root
[2026-04-03T03:23:04.581+0600][61.880s][info][gc          ] GC(69) Concurrent weak roots 2.344ms
[2026-04-03T03:23:04.581+0600][61.880s][info][gc,start    ] GC(69) Concurrent cleanup
[2026-04-03T03:23:04.582+0600][61.881s][info][gc          ] GC(69) Concurrent cleanup 674M->421M(814M) 0.532ms
[2026-04-03T03:23:04.582+0600][61.881s][info][gc,ergo     ] GC(69) Free: 514M, Max: 256K regular, 274M humongous, Frag: 47% external, 0% internal; Reserve: 50944K, Max: 256K
[2026-04-03T03:23:04.582+0600][61.881s][info][gc,start    ] GC(69) Concurrent class unloading
[2026-04-03T03:23:04.582+0600][61.881s][info][gc,task     ] GC(69) Using 3 of 6 workers for concurrent class unloading
[2026-04-03T03:23:04.588+0600][61.887s][info][gc          ] GC(69) Concurrent class unloading 6.326ms
[2026-04-03T03:23:04.588+0600][61.887s][info][gc,start    ] GC(69) Concurrent strong roots
[2026-04-03T03:23:04.588+0600][61.887s][info][gc,task     ] GC(69) Using 3 of 6 workers for concurrent strong root
[2026-04-03T03:23:04.589+0600][61.888s][info][gc          ] GC(69) Concurrent strong roots 0.794ms
[2026-04-03T03:23:04.589+0600][61.888s][info][gc,start    ] GC(69) Concurrent evacuation
[2026-04-03T03:23:04.589+0600][61.888s][info][gc,task     ] GC(69) Using 3 of 6 workers for concurrent evacuation
[2026-04-03T03:23:04.597+0600][61.896s][info][gc          ] GC(69) Concurrent evacuation 8.097ms
[2026-04-03T03:23:04.598+0600][61.896s][info][gc,start    ] GC(69) Pause Init Update Refs
[2026-04-03T03:23:04.598+0600][61.896s][info][gc,ergo     ] GC(69) Pacer for Update Refs. Used: 445M, Free: 500M, Non-Taxable: 51229K, Alloc Tax Rate: 1.1x
[2026-04-03T03:23:04.598+0600][61.897s][info][gc          ] GC(69) Pause Init Update Refs 0.139ms
[2026-04-03T03:23:04.598+0600][61.897s][info][gc,start    ] GC(69) Concurrent update references
[2026-04-03T03:23:04.598+0600][61.897s][info][gc,task     ] GC(69) Using 3 of 6 workers for concurrent reference update
[2026-04-03T03:23:04.699+0600][61.998s][info][gc          ] GC(69) Concurrent update references 101.343ms
[2026-04-03T03:23:04.699+0600][61.998s][info][gc,start    ] GC(69) Concurrent update thread roots
[2026-04-03T03:23:04.700+0600][61.999s][info][gc          ] GC(69) Concurrent update thread roots 0.858ms
[2026-04-03T03:23:04.700+0600][61.999s][info][gc,start    ] GC(69) Pause Final Update Refs
[2026-04-03T03:23:04.700+0600][61.999s][info][gc,task     ] GC(69) Using 6 of 6 workers for final reference update
[2026-04-03T03:23:04.701+0600][61.999s][info][gc          ] GC(69) Pause Final Update Refs 0.191ms
[2026-04-03T03:23:04.701+0600][62.000s][info][gc,start    ] GC(69) Concurrent cleanup
[2026-04-03T03:23:04.701+0600][62.000s][info][gc          ] GC(69) Concurrent cleanup 504M->438M(814M) 0.241ms
[2026-04-03T03:23:04.701+0600][62.000s][info][gc,ergo     ] Free: 497M, Max: 256K regular, 274M humongous, Frag: 45% external, 0% internal; Reserve: 51200K, Max: 256K
[2026-04-03T03:23:04.701+0600][62.000s][info][gc,stats    ] 
[2026-04-03T03:23:04.701+0600][62.000s][info][gc,stats    ] All times are wall-clock times, except per-root-class counters, that are sum over
[2026-04-03T03:23:04.701+0600][62.000s][info][gc,stats    ] all workers. Dividing the <total> over the root stage time estimates parallelism.
[2026-04-03T03:23:04.701+0600][62.000s][info][gc,stats    ] 
[2026-04-03T03:23:04.701+0600][62.000s][info][gc,stats    ] Concurrent Reset                   2008 us
[2026-04-03T03:23:04.701+0600][62.000s][info][gc,stats    ] Pause Init Mark (G)                 624 us
[2026-04-03T03:23:04.701+0600][62.000s][info][gc,stats    ] Pause Init Mark (N)                 248 us
[2026-04-03T03:23:04.701+0600][62.000s][info][gc,stats    ]   Update Region States              116 us
[2026-04-03T03:23:04.701+0600][62.000s][info][gc,stats    ] Concurrent Mark Roots              1072 us, parallelism: 1.54x
[2026-04-03T03:23:04.701+0600][62.000s][info][gc,stats    ]   CMR: <total>                     1649 us
[2026-04-03T03:23:04.701+0600][62.000s][info][gc,stats    ]   CMR: Thread Roots                1407 us, workers (us): 551, 338, 518, ---, ---, ---, 
[2026-04-03T03:23:04.701+0600][62.000s][info][gc,stats    ]   CMR: VM Strong Roots               40 us, workers (us):  30,   9,   1, ---, ---, ---, 
[2026-04-03T03:23:04.701+0600][62.000s][info][gc,stats    ]   CMR: CLDG Roots                   202 us, workers (us): ---, 202, ---, ---, ---, ---, 
[2026-04-03T03:23:04.701+0600][62.000s][info][gc,stats    ] Concurrent Marking               169945 us
[2026-04-03T03:23:04.701+0600][62.000s][info][gc,stats    ] Pause Final Mark (G)               1186 us
[2026-04-03T03:23:04.701+0600][62.000s][info][gc,stats    ] Pause Final Mark (N)                955 us
[2026-04-03T03:23:04.701+0600][62.000s][info][gc,stats    ]   Finish Mark                       353 us
[2026-04-03T03:23:04.701+0600][62.000s][info][gc,stats    ]   Update Region States               63 us
[2026-04-03T03:23:04.701+0600][62.000s][info][gc,stats    ]   Choose Collection Set             342 us
[2026-04-03T03:23:04.701+0600][62.000s][info][gc,stats    ]   Rebuild Free Set                   57 us
[2026-04-03T03:23:04.701+0600][62.000s][info][gc,stats    ] Concurrent Thread Roots             761 us, parallelism: 1.90x
[2026-04-03T03:23:04.701+0600][62.000s][info][gc,stats    ]   CTR: <total>                     1442 us
[2026-04-03T03:23:04.701+0600][62.000s][info][gc,stats    ]   CTR: Thread Roots                1442 us, workers (us): 512, 479, 451, ---, ---, ---, 
[2026-04-03T03:23:04.701+0600][62.000s][info][gc,stats    ] Concurrent Weak References          339 us, parallelism: 0.51x
[2026-04-03T03:23:04.701+0600][62.000s][info][gc,stats    ]   CWRF: <total>                     174 us
[2026-04-03T03:23:04.701+0600][62.000s][info][gc,stats    ]   CWRF: Weak References             174 us, workers (us): 139,  33,   1, ---, ---, ---, 
[2026-04-03T03:23:04.701+0600][62.000s][info][gc,stats    ] Concurrent Weak Roots              2409 us
[2026-04-03T03:23:04.701+0600][62.000s][info][gc,stats    ]   Roots                            2044 us, parallelism: 2.39x
[2026-04-03T03:23:04.701+0600][62.000s][info][gc,stats    ]     CWR: <total>                   4881 us
[2026-04-03T03:23:04.701+0600][62.000s][info][gc,stats    ]     CWR: Code Cache Roots          3121 us, workers (us): 1018, 1159, 944, ---, ---, ---, 
[2026-04-03T03:23:04.701+0600][62.000s][info][gc,stats    ]     CWR: VM Weak Roots             1628 us, workers (us): 580, 533, 515, ---, ---, ---, 
[2026-04-03T03:23:04.701+0600][62.000s][info][gc,stats    ]     CWR: CLDG Roots                 132 us, workers (us): ---, ---, 132, ---, ---, ---, 
[2026-04-03T03:23:04.701+0600][62.000s][info][gc,stats    ]   Rendezvous                        269 us
[2026-04-03T03:23:04.701+0600][62.000s][info][gc,stats    ] Concurrent Cleanup                  556 us
[2026-04-03T03:23:04.701+0600][62.000s][info][gc,stats    ] Concurrent Class Unloading         6410 us
[2026-04-03T03:23:04.701+0600][62.000s][info][gc,stats    ]   Unlink Stale                     5629 us
[2026-04-03T03:23:04.701+0600][62.000s][info][gc,stats    ]     System Dictionary               100 us
[2026-04-03T03:23:04.701+0600][62.000s][info][gc,stats    ]     Weak Class Links                  0 us
[2026-04-03T03:23:04.701+0600][62.000s][info][gc,stats    ]     Code Roots                     5525 us
[2026-04-03T03:23:04.701+0600][62.000s][info][gc,stats    ]   Rendezvous                        362 us
[2026-04-03T03:23:04.701+0600][62.000s][info][gc,stats    ]   Purge Unlinked                    303 us
[2026-04-03T03:23:04.701+0600][62.000s][info][gc,stats    ]     Code Roots                      288 us
[2026-04-03T03:23:04.701+0600][62.000s][info][gc,stats    ]     CLDG                             14 us
[2026-04-03T03:23:04.701+0600][62.000s][info][gc,stats    ]     Exception Caches                  0 us
[2026-04-03T03:23:04.701+0600][62.000s][info][gc,stats    ] Concurrent Strong Roots             843 us, parallelism: 0.55x
[2026-04-03T03:23:04.701+0600][62.000s][info][gc,stats    ]   CSR: <total>                      466 us
[2026-04-03T03:23:04.701+0600][62.000s][info][gc,stats    ]   CSR: VM Strong Roots               49 us, workers (us):  38,  11,   0, ---, ---, ---, 
[2026-04-03T03:23:04.701+0600][62.000s][info][gc,stats    ]   CSR: CLDG Roots                   417 us, workers (us): ---, 417, ---, ---, ---, ---, 
[2026-04-03T03:23:04.701+0600][62.000s][info][gc,stats    ] Concurrent Evacuation              8196 us
[2026-04-03T03:23:04.701+0600][62.000s][info][gc,stats    ] Pause Init Update Refs (G)          592 us
[2026-04-03T03:23:04.701+0600][62.000s][info][gc,stats    ] Pause Init Update Refs (N)          175 us
[2026-04-03T03:23:04.701+0600][62.000s][info][gc,stats    ]   Manage GCLABs                      38 us
[2026-04-03T03:23:04.701+0600][62.000s][info][gc,stats    ] Concurrent Update Refs           101433 us
[2026-04-03T03:23:04.701+0600][62.000s][info][gc,stats    ] Concurrent Update Thread Roots      925 us
[2026-04-03T03:23:04.701+0600][62.000s][info][gc,stats    ] Pause Final Update Refs (G)         519 us
[2026-04-03T03:23:04.701+0600][62.000s][info][gc,stats    ] Pause Final Update Refs (N)         202 us
[2026-04-03T03:23:04.701+0600][62.000s][info][gc,stats    ]   Update Region States               50 us
[2026-04-03T03:23:04.701+0600][62.000s][info][gc,stats    ]   Trash Collection Set               11 us
[2026-04-03T03:23:04.701+0600][62.000s][info][gc,stats    ]   Rebuild Free Set                   45 us
[2026-04-03T03:23:04.701+0600][62.000s][info][gc,stats    ] Concurrent Cleanup                  259 us
[2026-04-03T03:23:04.701+0600][62.000s][info][gc,stats    ] Pacing                           199598 us
[2026-04-03T03:23:04.701+0600][62.000s][info][gc,stats    ] 
[2026-04-03T03:23:04.702+0600][62.000s][info][gc,stats    ] Allocation pacing accrued:
[2026-04-03T03:23:04.702+0600][62.000s][info][gc,stats    ]      66 of   802 ms (  8.2%): task-result-getter-1
[2026-04-03T03:23:04.702+0600][62.000s][info][gc,stats    ]      67 of   802 ms (  8.3%): task-result-getter-2
[2026-04-03T03:23:04.702+0600][62.000s][info][gc,stats    ]      67 of   802 ms (  8.3%): task-result-getter-3
[2026-04-03T03:23:04.702+0600][62.000s][info][gc,stats    ]     200 of   802 ms ( 24.9%): <total>
[2026-04-03T03:23:04.702+0600][62.000s][info][gc,stats    ]       1 of   802 ms (  0.1%): <average total>
[2026-04-03T03:23:04.702+0600][62.000s][info][gc,stats    ]      67 of   802 ms (  8.3%): <average non-zero>
[2026-04-03T03:23:04.702+0600][62.000s][info][gc,stats    ] 
[2026-04-03T03:23:04.702+0600][62.000s][info][gc,metaspace] Metaspace: 73171K(74048K)->73180K(74048K) NonClass: 63877K(64384K)->63887K(64384K) Class: 9293K(9664K)->9293K(9664K)
[2026-04-03T03:23:04.702+0600][62.000s][info][gc,ergo     ] Pacer for Idle. Initial: 20480K, Alloc Tax Rate: 1.0x
[2026-04-03T03:23:04.745+0600][62.044s][info][gc          ] Trigger: Average GC time (512.19 ms) is above the time for average allocation rate (789 MB/s) to deplete free headroom (402M) (margin of error = 1.78)
[2026-04-03T03:23:04.745+0600][62.044s][info][gc,ergo     ] Free headroom: 452M (free) - 51200K (spike) - 0B (penalties) = 402M
[2026-04-03T03:23:04.745+0600][62.044s][info][gc,ergo     ] Free: 452M, Max: 256K regular, 274M humongous, Frag: 40% external, 0% internal; Reserve: 51200K, Max: 256K
[2026-04-03T03:23:04.745+0600][62.044s][info][gc,start    ] GC(70) Concurrent reset
[2026-04-03T03:23:04.745+0600][62.044s][info][gc,task     ] GC(70) Using 3 of 6 workers for concurrent reset
[2026-04-03T03:23:04.745+0600][62.044s][info][gc,ergo     ] GC(70) Pacer for Reset. Non-Taxable: 1000M
[2026-04-03T03:23:04.746+0600][62.045s][info][gc          ] GC(70) Concurrent reset 1.051ms
[2026-04-03T03:23:04.746+0600][62.045s][info][gc,start    ] GC(70) Pause Init Mark (unload classes)
[2026-04-03T03:23:04.747+0600][62.045s][info][gc,task     ] GC(70) Using 6 of 6 workers for init marking
[2026-04-03T03:23:04.747+0600][62.045s][info][gc,ergo     ] GC(70) Pacer for Mark. Expected Live: 176M, Free: 450M, Non-Taxable: 46150K, Alloc Tax Rate: 0.5x
[2026-04-03T03:23:04.747+0600][62.045s][info][gc          ] GC(70) Pause Init Mark (unload classes) 0.143ms
[2026-04-03T03:23:04.747+0600][62.045s][info][gc,start    ] GC(70) Concurrent marking roots
[2026-04-03T03:23:04.747+0600][62.045s][info][gc,task     ] GC(70) Using 3 of 6 workers for concurrent marking roots
[2026-04-03T03:23:04.747+0600][62.046s][info][gc          ] GC(70) Concurrent marking roots 0.790ms
[2026-04-03T03:23:04.747+0600][62.046s][info][gc,start    ] GC(70) Concurrent marking (unload classes)
[2026-04-03T03:23:04.747+0600][62.046s][info][gc,task     ] GC(70) Using 3 of 6 workers for concurrent marking
[2026-04-03T03:23:04.940+0600][62.239s][info][gc          ] GC(70) Concurrent marking (unload classes) 192.769ms
[2026-04-03T03:23:04.940+0600][62.239s][info][gc,start    ] GC(70) Pause Final Mark (unload classes)
[2026-04-03T03:23:04.941+0600][62.239s][info][gc,task     ] GC(70) Using 6 of 6 workers for final marking
[2026-04-03T03:23:04.941+0600][62.240s][info][gc,ergo     ] GC(70) Adaptive CSet Selection. Target Free: 141M, Actual Free: 518M, Max CSet: 42666K, Min Garbage: 0B
[2026-04-03T03:23:04.941+0600][62.240s][info][gc,ergo     ] GC(70) Collectable Garbage: 271M (98%), Immediate: 98125K (34%), CSet: 175M (63%)
[2026-04-03T03:23:04.941+0600][62.240s][info][gc,ergo     ] GC(70) Pacer for Evacuation. Used CSet: 205M, Free: 480M, Non-Taxable: 49247K, Alloc Tax Rate: 1.1x
[2026-04-03T03:23:04.941+0600][62.240s][info][gc          ] GC(70) Pause Final Mark (unload classes) 0.916ms
[2026-04-03T03:23:04.942+0600][62.240s][info][gc,start    ] GC(70) Concurrent thread roots
[2026-04-03T03:23:04.942+0600][62.240s][info][gc,task     ] GC(70) Using 3 of 6 workers for Concurrent thread roots
[2026-04-03T03:23:04.942+0600][62.241s][info][gc          ] GC(70) Concurrent thread roots 0.728ms
[2026-04-03T03:23:04.942+0600][62.241s][info][gc,start    ] GC(70) Concurrent weak references
[2026-04-03T03:23:04.942+0600][62.241s][info][gc,task     ] GC(70) Using 3 of 6 workers for concurrent weak references
[2026-04-03T03:23:04.943+0600][62.241s][info][gc,ref      ] GC(70) Encountered references: Soft: 3362, Weak: 6490, Final: 84, Phantom: 600
[2026-04-03T03:23:04.943+0600][62.241s][info][gc,ref      ] GC(70) Discovered  references: Soft: 0, Weak: 663, Final: 0, Phantom: 597
[2026-04-03T03:23:04.943+0600][62.241s][info][gc,ref      ] GC(70) Enqueued    references: Soft: 0, Weak: 144, Final: 0, Phantom: 0
[2026-04-03T03:23:04.943+0600][62.242s][info][gc          ] GC(70) Concurrent weak references 0.380ms
[2026-04-03T03:23:04.943+0600][62.242s][info][gc,start    ] GC(70) Concurrent weak roots
[2026-04-03T03:23:04.943+0600][62.242s][info][gc,task     ] GC(70) Using 3 of 6 workers for concurrent weak root
[2026-04-03T03:23:04.945+0600][62.244s][info][gc          ] GC(70) Concurrent weak roots 2.578ms
[2026-04-03T03:23:04.945+0600][62.244s][info][gc,start    ] GC(70) Concurrent cleanup
[2026-04-03T03:23:04.946+0600][62.245s][info][gc          ] GC(70) Concurrent cleanup 562M->467M(814M) 0.670ms
[2026-04-03T03:23:04.946+0600][62.245s][info][gc,ergo     ] GC(70) Free: 480M, Max: 256K regular, 274M humongous, Frag: 43% external, 0% internal; Reserve: 50937K, Max: 256K
[2026-04-03T03:23:04.946+0600][62.245s][info][gc,start    ] GC(70) Concurrent class unloading
[2026-04-03T03:23:04.946+0600][62.245s][info][gc,task     ] GC(70) Using 3 of 6 workers for concurrent class unloading
[2026-04-03T03:23:04.953+0600][62.252s][info][gc          ] GC(70) Concurrent class unloading 6.776ms
[2026-04-03T03:23:04.953+0600][62.252s][info][gc,start    ] GC(70) Concurrent strong roots
[2026-04-03T03:23:04.953+0600][62.252s][info][gc,task     ] GC(70) Using 3 of 6 workers for concurrent strong root
[2026-04-03T03:23:04.954+0600][62.253s][info][gc          ] GC(70) Concurrent strong roots 0.788ms
[2026-04-03T03:23:04.954+0600][62.253s][info][gc,start    ] GC(70) Concurrent evacuation
[2026-04-03T03:23:04.954+0600][62.253s][info][gc,task     ] GC(70) Using 3 of 6 workers for concurrent evacuation
[2026-04-03T03:23:04.980+0600][62.279s][info][gc          ] GC(70) Concurrent evacuation 26.512ms
[2026-04-03T03:23:04.981+0600][62.279s][info][gc,start    ] GC(70) Pause Init Update Refs
[2026-04-03T03:23:04.981+0600][62.279s][info][gc,ergo     ] GC(70) Pacer for Update Refs. Used: 524M, Free: 453M, Non-Taxable: 46396K, Alloc Tax Rate: 1.4x
[2026-04-03T03:23:04.981+0600][62.279s][info][gc          ] GC(70) Pause Init Update Refs 0.080ms
[2026-04-03T03:23:04.981+0600][62.280s][info][gc,start    ] GC(70) Concurrent update references
[2026-04-03T03:23:04.981+0600][62.280s][info][gc,task     ] GC(70) Using 3 of 6 workers for concurrent reference update
[2026-04-03T03:23:05.091+0600][62.390s][info][gc          ] GC(70) Concurrent update references 110.540ms
[2026-04-03T03:23:05.091+0600][62.390s][info][gc,start    ] GC(70) Concurrent update thread roots
[2026-04-03T03:23:05.092+0600][62.391s][info][gc          ] GC(70) Concurrent update thread roots 1.082ms
[2026-04-03T03:23:05.093+0600][62.391s][info][gc,start    ] GC(70) Pause Final Update Refs
[2026-04-03T03:23:05.093+0600][62.392s][info][gc,task     ] GC(70) Using 6 of 6 workers for final reference update
[2026-04-03T03:23:05.093+0600][62.392s][info][gc          ] GC(70) Pause Final Update Refs 0.276ms
[2026-04-03T03:23:05.093+0600][62.392s][info][gc,start    ] GC(70) Concurrent cleanup
[2026-04-03T03:23:05.094+0600][62.392s][info][gc          ] GC(70) Concurrent cleanup 655M->450M(814M) 0.398ms
[2026-04-03T03:23:05.094+0600][62.392s][info][gc,ergo     ] Free: 496M, Max: 256K regular, 419M humongous, Frag: 16% external, 0% internal; Reserve: 51200K, Max: 256K
[2026-04-03T03:23:05.094+0600][62.392s][info][gc,stats    ] 
[2026-04-03T03:23:05.094+0600][62.392s][info][gc,stats    ] All times are wall-clock times, except per-root-class counters, that are sum over
[2026-04-03T03:23:05.094+0600][62.392s][info][gc,stats    ] all workers. Dividing the <total> over the root stage time estimates parallelism.
[2026-04-03T03:23:05.094+0600][62.392s][info][gc,stats    ] 
[2026-04-03T03:23:05.094+0600][62.392s][info][gc,stats    ] Concurrent Reset                   1098 us
[2026-04-03T03:23:05.094+0600][62.393s][info][gc,stats    ] Pause Init Mark (G)                 326 us
[2026-04-03T03:23:05.094+0600][62.393s][info][gc,stats    ] Pause Init Mark (N)                 151 us
[2026-04-03T03:23:05.094+0600][62.393s][info][gc,stats    ]   Update Region States               42 us
[2026-04-03T03:23:05.094+0600][62.393s][info][gc,stats    ] Concurrent Mark Roots               824 us, parallelism: 1.49x
[2026-04-03T03:23:05.094+0600][62.393s][info][gc,stats    ]   CMR: <total>                     1227 us
[2026-04-03T03:23:05.094+0600][62.393s][info][gc,stats    ]   CMR: Thread Roots                 982 us, workers (us): 198, 416, 368, ---, ---, ---, 
[2026-04-03T03:23:05.094+0600][62.393s][info][gc,stats    ]   CMR: VM Strong Roots               25 us, workers (us):  23,   1,   1, ---, ---, ---, 
[2026-04-03T03:23:05.094+0600][62.393s][info][gc,stats    ]   CMR: CLDG Roots                   220 us, workers (us): 220, ---, ---, ---, ---, ---, 
[2026-04-03T03:23:05.094+0600][62.393s][info][gc,stats    ] Concurrent Marking               192858 us
[2026-04-03T03:23:05.094+0600][62.393s][info][gc,stats    ] Pause Final Mark (G)               1226 us
[2026-04-03T03:23:05.094+0600][62.393s][info][gc,stats    ] Pause Final Mark (N)                928 us
[2026-04-03T03:23:05.094+0600][62.393s][info][gc,stats    ]   Finish Mark                       274 us
[2026-04-03T03:23:05.094+0600][62.393s][info][gc,stats    ]   Update Region States               58 us
[2026-04-03T03:23:05.094+0600][62.393s][info][gc,stats    ]   Choose Collection Set             387 us
[2026-04-03T03:23:05.094+0600][62.393s][info][gc,stats    ]   Rebuild Free Set                   48 us
[2026-04-03T03:23:05.094+0600][62.393s][info][gc,stats    ] Concurrent Thread Roots             769 us, parallelism: 1.84x
[2026-04-03T03:23:05.094+0600][62.393s][info][gc,stats    ]   CTR: <total>                     1411 us
[2026-04-03T03:23:05.094+0600][62.393s][info][gc,stats    ]   CTR: Thread Roots                1411 us, workers (us): 501, 460, 451, ---, ---, ---, 
[2026-04-03T03:23:05.094+0600][62.393s][info][gc,stats    ] Concurrent Weak References          395 us, parallelism: 0.45x
[2026-04-03T03:23:05.094+0600][62.393s][info][gc,stats    ]   CWRF: <total>                     179 us
[2026-04-03T03:23:05.094+0600][62.393s][info][gc,stats    ]   CWRF: Weak References             179 us, workers (us):  72,  61,  46, ---, ---, ---, 
[2026-04-03T03:23:05.094+0600][62.393s][info][gc,stats    ] Concurrent Weak Roots              2644 us
[2026-04-03T03:23:05.094+0600][62.393s][info][gc,stats    ]   Roots                            2238 us, parallelism: 2.20x
[2026-04-03T03:23:05.094+0600][62.393s][info][gc,stats    ]     CWR: <total>                   4919 us
[2026-04-03T03:23:05.094+0600][62.393s][info][gc,stats    ]     CWR: Code Cache Roots          3265 us, workers (us): 1082, 1121, 1062, ---, ---, ---, 
[2026-04-03T03:23:05.094+0600][62.393s][info][gc,stats    ]     CWR: VM Weak Roots             1544 us, workers (us): 550, 501, 493, ---, ---, ---, 
[2026-04-03T03:23:05.094+0600][62.393s][info][gc,stats    ]     CWR: CLDG Roots                 110 us, workers (us): ---, 110, ---, ---, ---, ---, 
[2026-04-03T03:23:05.094+0600][62.393s][info][gc,stats    ]   Rendezvous                        312 us
[2026-04-03T03:23:05.094+0600][62.393s][info][gc,stats    ] Concurrent Cleanup                  687 us
[2026-04-03T03:23:05.094+0600][62.393s][info][gc,stats    ] Concurrent Class Unloading         6870 us
[2026-04-03T03:23:05.094+0600][62.393s][info][gc,stats    ]   Unlink Stale                     6309 us
[2026-04-03T03:23:05.094+0600][62.393s][info][gc,stats    ]     System Dictionary               104 us
[2026-04-03T03:23:05.094+0600][62.393s][info][gc,stats    ]     Weak Class Links                  0 us
[2026-04-03T03:23:05.094+0600][62.393s][info][gc,stats    ]     Code Roots                     6200 us
[2026-04-03T03:23:05.094+0600][62.393s][info][gc,stats    ]   Rendezvous                        210 us
[2026-04-03T03:23:05.094+0600][62.393s][info][gc,stats    ]   Purge Unlinked                    231 us
[2026-04-03T03:23:05.094+0600][62.393s][info][gc,stats    ]     Code Roots                      221 us
[2026-04-03T03:23:05.094+0600][62.393s][info][gc,stats    ]     CLDG                              9 us
[2026-04-03T03:23:05.094+0600][62.393s][info][gc,stats    ]     Exception Caches                  0 us
[2026-04-03T03:23:05.094+0600][62.393s][info][gc,stats    ] Concurrent Strong Roots             848 us, parallelism: 0.50x
[2026-04-03T03:23:05.094+0600][62.393s][info][gc,stats    ]   CSR: <total>                      428 us
[2026-04-03T03:23:05.094+0600][62.393s][info][gc,stats    ]   CSR: VM Strong Roots               61 us, workers (us):  50,  11,   0, ---, ---, ---, 
[2026-04-03T03:23:05.094+0600][62.393s][info][gc,stats    ]   CSR: CLDG Roots                   367 us, workers (us): 367, ---, ---, ---, ---, ---, 
[2026-04-03T03:23:05.094+0600][62.393s][info][gc,stats    ] Concurrent Evacuation             26554 us
[2026-04-03T03:23:05.094+0600][62.393s][info][gc,stats    ] Pause Init Update Refs (G)          357 us
[2026-04-03T03:23:05.094+0600][62.393s][info][gc,stats    ] Pause Init Update Refs (N)           90 us
[2026-04-03T03:23:05.094+0600][62.393s][info][gc,stats    ]   Manage GCLABs                      22 us
[2026-04-03T03:23:05.094+0600][62.393s][info][gc,stats    ] Concurrent Update Refs           110629 us
[2026-04-03T03:23:05.094+0600][62.393s][info][gc,stats    ] Concurrent Update Thread Roots     1162 us
[2026-04-03T03:23:05.094+0600][62.393s][info][gc,stats    ] Pause Final Update Refs (G)         583 us
[2026-04-03T03:23:05.094+0600][62.393s][info][gc,stats    ] Pause Final Update Refs (N)         292 us
[2026-04-03T03:23:05.094+0600][62.393s][info][gc,stats    ]   Update Region States               55 us
[2026-04-03T03:23:05.094+0600][62.393s][info][gc,stats    ]   Trash Collection Set               15 us
[2026-04-03T03:23:05.094+0600][62.393s][info][gc,stats    ]   Rebuild Free Set                   43 us
[2026-04-03T03:23:05.094+0600][62.393s][info][gc,stats    ] Concurrent Cleanup                  417 us
[2026-04-03T03:23:05.094+0600][62.393s][info][gc,stats    ] Pacing                           129929 us
[2026-04-03T03:23:05.094+0600][62.393s][info][gc,stats    ] 
[2026-04-03T03:23:05.094+0600][62.393s][info][gc,stats    ] Allocation pacing accrued:
[2026-04-03T03:23:05.094+0600][62.393s][info][gc,stats    ]     130 of   393 ms ( 33.1%): main
[2026-04-03T03:23:05.094+0600][62.393s][info][gc,stats    ]     130 of   393 ms ( 33.1%): <total>
[2026-04-03T03:23:05.094+0600][62.393s][info][gc,stats    ]       1 of   393 ms (  0.2%): <average total>
[2026-04-03T03:23:05.094+0600][62.393s][info][gc,stats    ]     130 of   393 ms ( 33.1%): <average non-zero>
[2026-04-03T03:23:05.094+0600][62.393s][info][gc,stats    ] 
[2026-04-03T03:23:05.094+0600][62.393s][info][gc,metaspace] Metaspace: 73207K(74048K)->73210K(74048K) NonClass: 63913K(64384K)->63917K(64384K) Class: 9293K(9664K)->9293K(9664K)
[2026-04-03T03:23:05.094+0600][62.393s][info][gc,ergo     ] Pacer for Idle. Initial: 20480K, Alloc Tax Rate: 1.0x
[2026-04-03T03:23:05.143+0600][62.442s][info][gc          ] Trigger: Average GC time (463.92 ms) is above the time for average allocation rate (747 MB/s) to deplete free headroom (345M) (margin of error = 1.79)
[2026-04-03T03:23:05.143+0600][62.442s][info][gc,ergo     ] Free headroom: 395M (free) - 51200K (spike) - 0B (penalties) = 345M
[2026-04-03T03:23:05.143+0600][62.442s][info][gc,ergo     ] Free: 395M, Max: 256K regular, 394M humongous, Frag: 0% external, 0% internal; Reserve: 51200K, Max: 256K
[2026-04-03T03:23:05.143+0600][62.442s][info][gc,start    ] GC(71) Concurrent reset
[2026-04-03T03:23:05.143+0600][62.442s][info][gc,task     ] GC(71) Using 3 of 6 workers for concurrent reset
[2026-04-03T03:23:05.143+0600][62.442s][info][gc,ergo     ] GC(71) Pacer for Reset. Non-Taxable: 1000M
[2026-04-03T03:23:05.144+0600][62.443s][info][gc          ] GC(71) Concurrent reset 1.152ms
[2026-04-03T03:23:05.144+0600][62.443s][info][gc,start    ] GC(71) Pause Init Mark (unload classes)
[2026-04-03T03:23:05.144+0600][62.443s][info][gc,task     ] GC(71) Using 6 of 6 workers for init marking
[2026-04-03T03:23:05.144+0600][62.443s][info][gc,ergo     ] GC(71) Pacer for Mark. Expected Live: 188M, Free: 392M, Non-Taxable: 40235K, Alloc Tax Rate: 0.6x
[2026-04-03T03:23:05.144+0600][62.443s][info][gc          ] GC(71) Pause Init Mark (unload classes) 0.126ms
[2026-04-03T03:23:05.145+0600][62.443s][info][gc,start    ] GC(71) Concurrent marking roots
[2026-04-03T03:23:05.145+0600][62.443s][info][gc,task     ] GC(71) Using 3 of 6 workers for concurrent marking roots
[2026-04-03T03:23:05.145+0600][62.444s][info][gc          ] GC(71) Concurrent marking roots 0.752ms
[2026-04-03T03:23:05.145+0600][62.444s][info][gc,start    ] GC(71) Concurrent marking (unload classes)
[2026-04-03T03:23:05.145+0600][62.444s][info][gc,task     ] GC(71) Using 3 of 6 workers for concurrent marking
[2026-04-03T03:23:05.311+0600][62.609s][info][gc          ] GC(71) Concurrent marking (unload classes) 165.292ms
[2026-04-03T03:23:05.311+0600][62.610s][info][gc,start    ] GC(71) Pause Final Mark (unload classes)
[2026-04-03T03:23:05.311+0600][62.610s][info][gc,task     ] GC(71) Using 6 of 6 workers for final marking
[2026-04-03T03:23:05.311+0600][62.610s][info][gc,ergo     ] GC(71) Collectable Garbage: 337M (97%), Immediate: 337M (97%), CSet: 0B (0%)
[2026-04-03T03:23:05.311+0600][62.610s][info][gc          ] GC(71) Pause Final Mark (unload classes) 0.644ms
[2026-04-03T03:23:05.312+0600][62.610s][info][gc,start    ] GC(71) Concurrent weak references
[2026-04-03T03:23:05.312+0600][62.611s][info][gc,task     ] GC(71) Using 3 of 6 workers for concurrent weak references
[2026-04-03T03:23:05.312+0600][62.611s][info][gc,ref      ] GC(71) Encountered references: Soft: 3362, Weak: 6365, Final: 84, Phantom: 600
[2026-04-03T03:23:05.312+0600][62.611s][info][gc,ref      ] GC(71) Discovered  references: Soft: 0, Weak: 3117, Final: 4, Phantom: 597
[2026-04-03T03:23:05.312+0600][62.611s][info][gc,ref      ] GC(71) Enqueued    references: Soft: 0, Weak: 10, Final: 0, Phantom: 0
[2026-04-03T03:23:05.312+0600][62.611s][info][gc          ] GC(71) Concurrent weak references 0.585ms
[2026-04-03T03:23:05.312+0600][62.611s][info][gc,start    ] GC(71) Concurrent weak roots
[2026-04-03T03:23:05.312+0600][62.611s][info][gc,task     ] GC(71) Using 3 of 6 workers for concurrent weak root
[2026-04-03T03:23:05.315+0600][62.613s][info][gc          ] GC(71) Concurrent weak roots 2.349ms
[2026-04-03T03:23:05.315+0600][62.613s][info][gc,start    ] GC(71) Concurrent cleanup
[2026-04-03T03:23:05.315+0600][62.614s][info][gc          ] GC(71) Concurrent cleanup 626M->288M(814M) 0.377ms
[2026-04-03T03:23:05.315+0600][62.614s][info][gc,ergo     ] GC(71) Free: 658M, Max: 256K regular, 321M humongous, Frag: 52% external, 0% internal; Reserve: 51200K, Max: 256K
[2026-04-03T03:23:05.315+0600][62.614s][info][gc,start    ] GC(71) Concurrent class unloading
[2026-04-03T03:23:05.315+0600][62.614s][info][gc,task     ] GC(71) Using 3 of 6 workers for concurrent class unloading
[2026-04-03T03:23:05.321+0600][62.620s][info][gc          ] GC(71) Concurrent class unloading 5.849ms
[2026-04-03T03:23:05.321+0600][62.620s][info][gc,start    ] GC(71) Pause Final Roots
[2026-04-03T03:23:05.321+0600][62.620s][info][gc          ] GC(71) Pause Final Roots 0.044ms
[2026-04-03T03:23:05.321+0600][62.620s][info][gc,ergo     ] Free: 652M, Max: 256K regular, 321M humongous, Frag: 51% external, 0% internal; Reserve: 51200K, Max: 256K
[2026-04-03T03:23:05.322+0600][62.620s][info][gc,stats    ] 
[2026-04-03T03:23:05.322+0600][62.620s][info][gc,stats    ] All times are wall-clock times, except per-root-class counters, that are sum over
[2026-04-03T03:23:05.322+0600][62.620s][info][gc,stats    ] all workers. Dividing the <total> over the root stage time estimates parallelism.
[2026-04-03T03:23:05.322+0600][62.620s][info][gc,stats    ] 
[2026-04-03T03:23:05.322+0600][62.620s][info][gc,stats    ] Concurrent Reset                   1191 us
[2026-04-03T03:23:05.322+0600][62.620s][info][gc,stats    ] Pause Init Mark (G)                 415 us
[2026-04-03T03:23:05.322+0600][62.620s][info][gc,stats    ] Pause Init Mark (N)                 133 us
[2026-04-03T03:23:05.322+0600][62.620s][info][gc,stats    ]   Update Region States               30 us
[2026-04-03T03:23:05.322+0600][62.620s][info][gc,stats    ] Concurrent Mark Roots               782 us, parallelism: 1.48x
[2026-04-03T03:23:05.322+0600][62.620s][info][gc,stats    ]   CMR: <total>                     1157 us
[2026-04-03T03:23:05.322+0600][62.620s][info][gc,stats    ]   CMR: Thread Roots                1000 us, workers (us): 261, 363, 376, ---, ---, ---, 
[2026-04-03T03:23:05.322+0600][62.620s][info][gc,stats    ]   CMR: VM Strong Roots               26 us, workers (us):  25,   1,   1, ---, ---, ---, 
[2026-04-03T03:23:05.322+0600][62.620s][info][gc,stats    ]   CMR: CLDG Roots                   131 us, workers (us): 131, ---, ---, ---, ---, ---, 
[2026-04-03T03:23:05.322+0600][62.620s][info][gc,stats    ] Concurrent Marking               165367 us
[2026-04-03T03:23:05.322+0600][62.620s][info][gc,stats    ] Pause Final Mark (G)               1001 us
[2026-04-03T03:23:05.322+0600][62.620s][info][gc,stats    ] Pause Final Mark (N)                659 us
[2026-04-03T03:23:05.322+0600][62.620s][info][gc,stats    ]   Finish Mark                       335 us
[2026-04-03T03:23:05.322+0600][62.620s][info][gc,stats    ]   Update Region States               57 us
[2026-04-03T03:23:05.322+0600][62.620s][info][gc,stats    ]   Choose Collection Set             102 us
[2026-04-03T03:23:05.322+0600][62.621s][info][gc,stats    ]   Rebuild Free Set                   49 us
[2026-04-03T03:23:05.322+0600][62.621s][info][gc,stats    ] Concurrent Weak References          599 us, parallelism: 0.75x
[2026-04-03T03:23:05.322+0600][62.621s][info][gc,stats    ]   CWRF: <total>                     449 us
[2026-04-03T03:23:05.322+0600][62.621s][info][gc,stats    ]   CWRF: Weak References             449 us, workers (us): 344,  42,  63, ---, ---, ---, 
[2026-04-03T03:23:05.322+0600][62.621s][info][gc,stats    ] Concurrent Weak Roots              2406 us
[2026-04-03T03:23:05.322+0600][62.621s][info][gc,stats    ]   Roots                            2075 us, parallelism: 2.51x
[2026-04-03T03:23:05.322+0600][62.621s][info][gc,stats    ]     CWR: <total>                   5215 us
[2026-04-03T03:23:05.322+0600][62.621s][info][gc,stats    ]     CWR: Code Cache Roots          3883 us, workers (us): 1311, 1219, 1353, ---, ---, ---, 
[2026-04-03T03:23:05.322+0600][62.621s][info][gc,stats    ]     CWR: VM Weak Roots             1302 us, workers (us): 448, 429, 425, ---, ---, ---, 
[2026-04-03T03:23:05.322+0600][62.621s][info][gc,stats    ]     CWR: CLDG Roots                  30 us, workers (us): ---,  30, ---, ---, ---, ---, 
[2026-04-03T03:23:05.322+0600][62.621s][info][gc,stats    ]   Rendezvous                        248 us
[2026-04-03T03:23:05.322+0600][62.621s][info][gc,stats    ] Concurrent Cleanup                  396 us
[2026-04-03T03:23:05.322+0600][62.621s][info][gc,stats    ] Concurrent Class Unloading         5924 us
[2026-04-03T03:23:05.322+0600][62.621s][info][gc,stats    ]   Unlink Stale                     5077 us
[2026-04-03T03:23:05.322+0600][62.621s][info][gc,stats    ]     System Dictionary                92 us
[2026-04-03T03:23:05.322+0600][62.621s][info][gc,stats    ]     Weak Class Links                  0 us
[2026-04-03T03:23:05.322+0600][62.621s][info][gc,stats    ]     Code Roots                     4980 us
[2026-04-03T03:23:05.322+0600][62.621s][info][gc,stats    ]   Rendezvous                        305 us
[2026-04-03T03:23:05.322+0600][62.621s][info][gc,stats    ]   Purge Unlinked                    437 us
[2026-04-03T03:23:05.322+0600][62.621s][info][gc,stats    ]     Code Roots                      421 us
[2026-04-03T03:23:05.322+0600][62.621s][info][gc,stats    ]     CLDG                             15 us
[2026-04-03T03:23:05.322+0600][62.621s][info][gc,stats    ]     Exception Caches                  0 us
[2026-04-03T03:23:05.322+0600][62.621s][info][gc,stats    ] Pause Final Roots (G)               332 us
[2026-04-03T03:23:05.322+0600][62.621s][info][gc,stats    ] Pause Final Roots (N)                59 us
[2026-04-03T03:23:05.322+0600][62.621s][info][gc,stats    ] Pacing                           103731 us
[2026-04-03T03:23:05.322+0600][62.621s][info][gc,stats    ] 
[2026-04-03T03:23:05.322+0600][62.621s][info][gc,stats    ] Allocation pacing accrued:
[2026-04-03T03:23:05.322+0600][62.621s][info][gc,stats    ]     104 of   228 ms ( 45.6%): main
[2026-04-03T03:23:05.322+0600][62.621s][info][gc,stats    ]     104 of   228 ms ( 45.6%): <total>
[2026-04-03T03:23:05.322+0600][62.621s][info][gc,stats    ]       1 of   228 ms (  0.3%): <average total>
[2026-04-03T03:23:05.322+0600][62.621s][info][gc,stats    ]     104 of   228 ms ( 45.6%): <average non-zero>
[2026-04-03T03:23:05.322+0600][62.621s][info][gc,stats    ] 
[2026-04-03T03:23:05.322+0600][62.621s][info][gc,metaspace] Metaspace: 73210K(74048K)->73210K(74048K) NonClass: 63917K(64384K)->63917K(64384K) Class: 9293K(9664K)->9293K(9664K)
[2026-04-03T03:23:05.322+0600][62.621s][info][gc,ergo     ] Pacer for Idle. Initial: 20480K, Alloc Tax Rate: 1.0x
[2026-04-03T03:23:05.370+0600][62.668s][info][gc          ] Trigger: Explicit GC request (System.gc())
[2026-04-03T03:23:05.370+0600][62.669s][info][gc,ergo     ] Free: 528M, Max: 256K regular, 321M humongous, Frag: 40% external, 0% internal; Reserve: 51200K, Max: 256K
[2026-04-03T03:23:05.370+0600][62.669s][info][gc,start    ] GC(72) Concurrent reset
[2026-04-03T03:23:05.370+0600][62.669s][info][gc,task     ] GC(72) Using 3 of 6 workers for concurrent reset
[2026-04-03T03:23:05.370+0600][62.669s][info][gc,ergo     ] GC(72) Pacer for Reset. Non-Taxable: 1000M
[2026-04-03T03:23:05.371+0600][62.670s][info][gc          ] GC(72) Concurrent reset 0.963ms
[2026-04-03T03:23:05.371+0600][62.670s][info][gc,start    ] GC(72) Pause Init Mark (unload classes)
[2026-04-03T03:23:05.371+0600][62.670s][info][gc,task     ] GC(72) Using 6 of 6 workers for init marking
[2026-04-03T03:23:05.371+0600][62.670s][info][gc,ref      ] GC(72) Clearing All SoftReferences
[2026-04-03T03:23:05.371+0600][62.670s][info][gc,ergo     ] GC(72) Pacer for Mark. Expected Live: 199M, Free: 528M, Non-Taxable: 54097K, Alloc Tax Rate: 0.5x
[2026-04-03T03:23:05.371+0600][62.670s][info][gc          ] GC(72) Pause Init Mark (unload classes) 0.100ms
[2026-04-03T03:23:05.371+0600][62.670s][info][gc,start    ] GC(72) Concurrent marking roots
[2026-04-03T03:23:05.371+0600][62.670s][info][gc,task     ] GC(72) Using 3 of 6 workers for concurrent marking roots
[2026-04-03T03:23:05.372+0600][62.671s][info][gc          ] GC(72) Concurrent marking roots 0.905ms
[2026-04-03T03:23:05.372+0600][62.671s][info][gc,start    ] GC(72) Concurrent marking (unload classes)
[2026-04-03T03:23:05.372+0600][62.671s][info][gc,task     ] GC(72) Using 3 of 6 workers for concurrent marking
[2026-04-03T03:23:05.498+0600][62.797s][info][gc          ] GC(72) Concurrent marking (unload classes) 125.882ms
[2026-04-03T03:23:05.498+0600][62.797s][info][gc,start    ] GC(72) Pause Final Mark (unload classes)
[2026-04-03T03:23:05.498+0600][62.797s][info][gc,task     ] GC(72) Using 6 of 6 workers for final marking
[2026-04-03T03:23:05.499+0600][62.798s][info][gc,ergo     ] GC(72) Collectable Garbage: 260M (94%), Immediate: 260M (94%), CSet: 0B (0%)
[2026-04-03T03:23:05.499+0600][62.798s][info][gc          ] GC(72) Pause Final Mark (unload classes) 0.715ms
[2026-04-03T03:23:05.499+0600][62.798s][info][gc,start    ] GC(72) Concurrent weak references
[2026-04-03T03:23:05.499+0600][62.798s][info][gc,task     ] GC(72) Using 3 of 6 workers for concurrent weak references
[2026-04-03T03:23:05.499+0600][62.798s][info][gc,ref      ] GC(72) Encountered references: Soft: 3237, Weak: 6241, Final: 84, Phantom: 600
[2026-04-03T03:23:05.499+0600][62.798s][info][gc,ref      ] GC(72) Discovered  references: Soft: 2978, Weak: 910, Final: 0, Phantom: 597
[2026-04-03T03:23:05.499+0600][62.798s][info][gc,ref      ] GC(72) Enqueued    references: Soft: 480, Weak: 58, Final: 0, Phantom: 0
[2026-04-03T03:23:05.500+0600][62.798s][info][gc          ] GC(72) Concurrent weak references 0.547ms
[2026-04-03T03:23:05.500+0600][62.798s][info][gc,start    ] GC(72) Concurrent weak roots
[2026-04-03T03:23:05.500+0600][62.798s][info][gc,task     ] GC(72) Using 3 of 6 workers for concurrent weak root
[2026-04-03T03:23:05.502+0600][62.801s][info][gc          ] GC(72) Concurrent weak roots 2.310ms
[2026-04-03T03:23:05.502+0600][62.801s][info][gc,start    ] GC(72) Concurrent cleanup
[2026-04-03T03:23:05.503+0600][62.802s][info][gc          ] GC(72) Concurrent cleanup 419M->158M(814M) 0.832ms
[2026-04-03T03:23:05.503+0600][62.802s][info][gc,ergo     ] GC(72) Free: 789M, Max: 256K regular, 386M humongous, Frag: 52% external, 0% internal; Reserve: 51200K, Max: 256K
[2026-04-03T03:23:05.503+0600][62.802s][info][gc,start    ] GC(72) Concurrent class unloading
[2026-04-03T03:23:05.503+0600][62.802s][info][gc,task     ] GC(72) Using 3 of 6 workers for concurrent class unloading
[2026-04-03T03:23:05.522+0600][62.821s][info][gc          ] GC(72) Concurrent class unloading 18.909ms
[2026-04-03T03:23:05.522+0600][62.821s][info][gc,start    ] GC(72) Pause Final Roots
[2026-04-03T03:23:05.522+0600][62.821s][info][gc          ] GC(72) Pause Final Roots 0.049ms
[2026-04-03T03:23:05.522+0600][62.821s][info][gc,ergo     ] Free: 787M, Max: 256K regular, 386M humongous, Frag: 51% external, 0% internal; Reserve: 51200K, Max: 256K
[2026-04-03T03:23:05.522+0600][62.821s][info][gc,stats    ] 
[2026-04-03T03:23:05.522+0600][62.821s][info][gc,stats    ] All times are wall-clock times, except per-root-class counters, that are sum over
[2026-04-03T03:23:05.522+0600][62.821s][info][gc,stats    ] all workers. Dividing the <total> over the root stage time estimates parallelism.
[2026-04-03T03:23:05.522+0600][62.821s][info][gc,stats    ] 
[2026-04-03T03:23:05.522+0600][62.821s][info][gc,stats    ] Concurrent Reset                    998 us
[2026-04-03T03:23:05.522+0600][62.821s][info][gc,stats    ] Pause Init Mark (G)                 370 us
[2026-04-03T03:23:05.522+0600][62.821s][info][gc,stats    ] Pause Init Mark (N)                 106 us
[2026-04-03T03:23:05.522+0600][62.821s][info][gc,stats    ]   Update Region States               30 us
[2026-04-03T03:23:05.522+0600][62.821s][info][gc,stats    ] Concurrent Mark Roots               940 us, parallelism: 1.46x
[2026-04-03T03:23:05.522+0600][62.821s][info][gc,stats    ]   CMR: <total>                     1369 us
[2026-04-03T03:23:05.522+0600][62.821s][info][gc,stats    ]   CMR: Thread Roots                1182 us, workers (us): 287, 441, 454, ---, ---, ---, 
[2026-04-03T03:23:05.522+0600][62.821s][info][gc,stats    ]   CMR: VM Strong Roots               32 us, workers (us):  11,  10,  11, ---, ---, ---, 
[2026-04-03T03:23:05.522+0600][62.821s][info][gc,stats    ]   CMR: CLDG Roots                   154 us, workers (us): 154, ---, ---, ---, ---, ---, 
[2026-04-03T03:23:05.522+0600][62.821s][info][gc,stats    ] Concurrent Marking               125968 us
[2026-04-03T03:23:05.522+0600][62.821s][info][gc,stats    ] Pause Final Mark (G)                920 us
[2026-04-03T03:23:05.522+0600][62.821s][info][gc,stats    ] Pause Final Mark (N)                737 us
[2026-04-03T03:23:05.522+0600][62.821s][info][gc,stats    ]   Finish Mark                       361 us
[2026-04-03T03:23:05.522+0600][62.821s][info][gc,stats    ]   Update Region States               58 us
[2026-04-03T03:23:05.522+0600][62.821s][info][gc,stats    ]   Choose Collection Set             146 us
[2026-04-03T03:23:05.522+0600][62.821s][info][gc,stats    ]   Rebuild Free Set                   58 us
[2026-04-03T03:23:05.522+0600][62.821s][info][gc,stats    ] Concurrent Weak References          560 us, parallelism: 1.03x
[2026-04-03T03:23:05.522+0600][62.821s][info][gc,stats    ]   CWRF: <total>                     579 us
[2026-04-03T03:23:05.522+0600][62.821s][info][gc,stats    ]   CWRF: Weak References             579 us, workers (us): 256,  58, 265, ---, ---, ---, 
[2026-04-03T03:23:05.522+0600][62.821s][info][gc,stats    ] Concurrent Weak Roots              2377 us
[2026-04-03T03:23:05.522+0600][62.821s][info][gc,stats    ]   Roots                            1966 us, parallelism: 2.53x
[2026-04-03T03:23:05.523+0600][62.821s][info][gc,stats    ]     CWR: <total>                   4972 us
[2026-04-03T03:23:05.523+0600][62.821s][info][gc,stats    ]     CWR: Code Cache Roots          3718 us, workers (us): 1181, 1322, 1215, ---, ---, ---, 
[2026-04-03T03:23:05.523+0600][62.821s][info][gc,stats    ]     CWR: VM Weak Roots             1141 us, workers (us): 419, 399, 322, ---, ---, ---, 
[2026-04-03T03:23:05.523+0600][62.821s][info][gc,stats    ]     CWR: CLDG Roots                 113 us, workers (us): 113, ---, ---, ---, ---, ---, 
[2026-04-03T03:23:05.523+0600][62.821s][info][gc,stats    ]   Rendezvous                        315 us
[2026-04-03T03:23:05.523+0600][62.821s][info][gc,stats    ] Concurrent Cleanup                  850 us
[2026-04-03T03:23:05.523+0600][62.821s][info][gc,stats    ] Concurrent Class Unloading        18994 us
[2026-04-03T03:23:05.523+0600][62.821s][info][gc,stats    ]   Unlink Stale                    17486 us
[2026-04-03T03:23:05.523+0600][62.821s][info][gc,stats    ]     System Dictionary               427 us
[2026-04-03T03:23:05.523+0600][62.821s][info][gc,stats    ]     Weak Class Links              10822 us
[2026-04-03T03:23:05.523+0600][62.821s][info][gc,stats    ]     Code Roots                     6233 us
[2026-04-03T03:23:05.523+0600][62.821s][info][gc,stats    ]   Rendezvous                        358 us
[2026-04-03T03:23:05.523+0600][62.821s][info][gc,stats    ]   Purge Unlinked                   1034 us
[2026-04-03T03:23:05.523+0600][62.821s][info][gc,stats    ]     Code Roots                      457 us
[2026-04-03T03:23:05.523+0600][62.821s][info][gc,stats    ]     CLDG                            576 us
[2026-04-03T03:23:05.523+0600][62.821s][info][gc,stats    ]     Exception Caches                  0 us
[2026-04-03T03:23:05.523+0600][62.821s][info][gc,stats    ] Pause Final Roots (G)               298 us
[2026-04-03T03:23:05.523+0600][62.821s][info][gc,stats    ] Pause Final Roots (N)                67 us
[2026-04-03T03:23:05.523+0600][62.821s][info][gc,stats    ] 
[2026-04-03T03:23:05.523+0600][62.821s][info][gc,stats    ] Allocation pacing accrued:
[2026-04-03T03:23:05.523+0600][62.821s][info][gc,stats    ]       0 of   201 ms (  0.0%): <total>
[2026-04-03T03:23:05.523+0600][62.822s][info][gc,stats    ]       0 of   201 ms (  0.0%): <average total>
[2026-04-03T03:23:05.523+0600][62.822s][info][gc,stats    ] 
[2026-04-03T03:23:05.523+0600][62.822s][info][gc,metaspace] Metaspace: 73210K(74048K)->72748K(74048K) NonClass: 63917K(64384K)->63530K(64384K) Class: 9293K(9664K)->9217K(9664K)
[2026-04-03T03:23:05.523+0600][62.822s][info][gc,ergo     ] Pacer for Idle. Initial: 20480K, Alloc Tax Rate: 1.0x
[2026-04-03T03:23:05.523+0600][62.822s][info][gc,start    ] Concurrent uncommit
[2026-04-03T03:23:05.629+0600][62.928s][info][gc          ] Concurrent uncommit 161M->176M(180M) 106.206ms
[2026-04-03T03:23:05.755+0600][63.054s][info][gc          ] Trigger: Learning 2 of 5. Free (699M) is below initial threshold (700M)
[2026-04-03T03:23:05.756+0600][63.054s][info][gc,ergo     ] Free: 699M, Max: 256K regular, 386M humongous, Frag: 45% external, 0% internal; Reserve: 51200K, Max: 256K
[2026-04-03T03:23:05.756+0600][63.054s][info][gc,start    ] GC(73) Concurrent reset
[2026-04-03T03:23:05.756+0600][63.054s][info][gc,task     ] GC(73) Using 3 of 6 workers for concurrent reset
[2026-04-03T03:23:05.756+0600][63.054s][info][gc,ergo     ] GC(73) Pacer for Reset. Non-Taxable: 1000M
[2026-04-03T03:23:05.756+0600][63.055s][info][gc          ] GC(73) Concurrent reset 0.783ms
[2026-04-03T03:23:05.758+0600][63.056s][info][gc,start    ] GC(73) Pause Init Mark (unload classes)
[2026-04-03T03:23:05.758+0600][63.056s][info][gc,task     ] GC(73) Using 6 of 6 workers for init marking
[2026-04-03T03:23:05.758+0600][63.057s][info][gc,ergo     ] GC(73) Pacer for Mark. Expected Live: 196M, Free: 697M, Non-Taxable: 71442K, Alloc Tax Rate: 0.3x
[2026-04-03T03:23:05.758+0600][63.057s][info][gc          ] GC(73) Pause Init Mark (unload classes) 0.167ms
[2026-04-03T03:23:05.758+0600][63.057s][info][gc,start    ] GC(73) Concurrent marking roots
[2026-04-03T03:23:05.758+0600][63.057s][info][gc,task     ] GC(73) Using 3 of 6 workers for concurrent marking roots
[2026-04-03T03:23:05.759+0600][63.058s][info][gc          ] GC(73) Concurrent marking roots 0.885ms
[2026-04-03T03:23:05.759+0600][63.058s][info][gc,start    ] GC(73) Concurrent marking (unload classes)
[2026-04-03T03:23:05.759+0600][63.058s][info][gc,task     ] GC(73) Using 3 of 6 workers for concurrent marking
[2026-04-03T03:23:05.970+0600][63.269s][info][gc          ] GC(73) Concurrent marking (unload classes) 211.239ms
[2026-04-03T03:23:05.970+0600][63.269s][info][gc,start    ] GC(73) Pause Final Mark (unload classes)
[2026-04-03T03:23:05.970+0600][63.269s][info][gc,task     ] GC(73) Using 6 of 6 workers for final marking
[2026-04-03T03:23:05.971+0600][63.270s][info][gc,ergo     ] GC(73) Adaptive CSet Selection. Target Free: 141M, Actual Free: 659M, Max CSet: 42666K, Min Garbage: 0B
[2026-04-03T03:23:05.971+0600][63.270s][info][gc,ergo     ] GC(73) Collectable Garbage: 84564K (93%), Immediate: 14740K (16%), CSet: 69824K (77%)
[2026-04-03T03:23:05.971+0600][63.270s][info][gc,ergo     ] GC(73) Pacer for Evacuation. Used CSet: 82753K, Free: 612M, Non-Taxable: 62713K, Alloc Tax Rate: 1.1x
[2026-04-03T03:23:05.971+0600][63.270s][info][gc          ] GC(73) Pause Final Mark (unload classes) 1.072ms
[2026-04-03T03:23:05.971+0600][63.270s][info][gc,start    ] GC(73) Concurrent thread roots
[2026-04-03T03:23:05.972+0600][63.270s][info][gc,task     ] GC(73) Using 3 of 6 workers for Concurrent thread roots
[2026-04-03T03:23:05.973+0600][63.271s][info][gc          ] GC(73) Concurrent thread roots 1.049ms
[2026-04-03T03:23:05.973+0600][63.271s][info][gc,start    ] GC(73) Concurrent weak references
[2026-04-03T03:23:05.973+0600][63.271s][info][gc,task     ] GC(73) Using 3 of 6 workers for concurrent weak references
[2026-04-03T03:23:05.973+0600][63.272s][info][gc,ref      ] GC(73) Encountered references: Soft: 3155, Weak: 6449, Final: 84, Phantom: 600
[2026-04-03T03:23:05.973+0600][63.272s][info][gc,ref      ] GC(73) Discovered  references: Soft: 0, Weak: 2824, Final: 52, Phantom: 278
[2026-04-03T03:23:05.973+0600][63.272s][info][gc,ref      ] GC(73) Enqueued    references: Soft: 0, Weak: 122, Final: 0, Phantom: 0
[2026-04-03T03:23:05.973+0600][63.272s][info][gc          ] GC(73) Concurrent weak references 0.855ms
[2026-04-03T03:23:05.973+0600][63.272s][info][gc,start    ] GC(73) Concurrent weak roots
[2026-04-03T03:23:05.973+0600][63.272s][info][gc,task     ] GC(73) Using 3 of 6 workers for concurrent weak root
[2026-04-03T03:23:05.976+0600][63.275s][info][gc          ] GC(73) Concurrent weak roots 2.868ms
[2026-04-03T03:23:05.976+0600][63.275s][info][gc,start    ] GC(73) Concurrent cleanup
[2026-04-03T03:23:05.977+0600][63.276s][info][gc          ] GC(73) Concurrent cleanup 349M->335M(357M) 0.311ms
[2026-04-03T03:23:05.977+0600][63.276s][info][gc,ergo     ] GC(73) Free: 610M, Max: 256K regular, 386M humongous, Frag: 37% external, 0% internal; Reserve: 50688K, Max: 256K
[2026-04-03T03:23:05.977+0600][63.276s][info][gc,start    ] GC(73) Concurrent class unloading
[2026-04-03T03:23:05.977+0600][63.276s][info][gc,task     ] GC(73) Using 3 of 6 workers for concurrent class unloading
[2026-04-03T03:23:06.000+0600][63.298s][info][gc          ] GC(73) Concurrent class unloading 22.668ms
[2026-04-03T03:23:06.000+0600][63.298s][info][gc,start    ] GC(73) Concurrent strong roots
[2026-04-03T03:23:06.000+0600][63.298s][info][gc,task     ] GC(73) Using 3 of 6 workers for concurrent strong root
[2026-04-03T03:23:06.001+0600][63.300s][info][gc          ] GC(73) Concurrent strong roots 1.272ms
[2026-04-03T03:23:06.001+0600][63.300s][info][gc,start    ] GC(73) Concurrent evacuation
[2026-04-03T03:23:06.001+0600][63.300s][info][gc,task     ] GC(73) Using 3 of 6 workers for concurrent evacuation
[2026-04-03T03:23:06.017+0600][63.316s][info][gc          ] GC(73) Concurrent evacuation 15.792ms
[2026-04-03T03:23:06.017+0600][63.316s][info][gc,start    ] GC(73) Pause Init Update Refs
[2026-04-03T03:23:06.017+0600][63.316s][info][gc,ergo     ] GC(73) Pacer for Update Refs. Used: 366M, Free: 591M, Non-Taxable: 60587K, Alloc Tax Rate: 1.1x
[2026-04-03T03:23:06.017+0600][63.316s][info][gc          ] GC(73) Pause Init Update Refs 0.253ms
[2026-04-03T03:23:06.018+0600][63.316s][info][gc,start    ] GC(73) Concurrent update references
[2026-04-03T03:23:06.018+0600][63.316s][info][gc,task     ] GC(73) Using 3 of 6 workers for concurrent reference update
[2026-04-03T03:23:06.134+0600][63.433s][info][gc          ] GC(73) Concurrent update references 116.677ms
[2026-04-03T03:23:06.134+0600][63.433s][info][gc,start    ] GC(73) Concurrent update thread roots
[2026-04-03T03:23:06.136+0600][63.434s][info][gc          ] GC(73) Concurrent update thread roots 1.155ms
[2026-04-03T03:23:06.136+0600][63.435s][info][gc,start    ] GC(73) Pause Final Update Refs
[2026-04-03T03:23:06.136+0600][63.435s][info][gc,task     ] GC(73) Using 6 of 6 workers for final reference update
[2026-04-03T03:23:06.136+0600][63.435s][info][gc          ] GC(73) Pause Final Update Refs 0.263ms
[2026-04-03T03:23:06.136+0600][63.435s][info][gc,start    ] GC(73) Concurrent cleanup
[2026-04-03T03:23:06.137+0600][63.436s][info][gc          ] GC(73) Concurrent cleanup 416M->336M(422M) 0.367ms
[2026-04-03T03:23:06.137+0600][63.436s][info][gc,ergo     ] Free: 609M, Max: 256K regular, 458M humongous, Frag: 25% external, 0% internal; Reserve: 51200K, Max: 256K
[2026-04-03T03:23:06.137+0600][63.436s][info][gc,stats    ] 
[2026-04-03T03:23:06.137+0600][63.436s][info][gc,stats    ] All times are wall-clock times, except per-root-class counters, that are sum over
[2026-04-03T03:23:06.137+0600][63.436s][info][gc,stats    ] all workers. Dividing the <total> over the root stage time estimates parallelism.
[2026-04-03T03:23:06.137+0600][63.436s][info][gc,stats    ] 
[2026-04-03T03:23:06.137+0600][63.436s][info][gc,stats    ] Concurrent Reset                    838 us
[2026-04-03T03:23:06.137+0600][63.436s][info][gc,stats    ] Pause Init Mark (G)                1433 us
[2026-04-03T03:23:06.137+0600][63.436s][info][gc,stats    ] Pause Init Mark (N)                 180 us
[2026-04-03T03:23:06.137+0600][63.436s][info][gc,stats    ]   Update Region States               50 us
[2026-04-03T03:23:06.137+0600][63.436s][info][gc,stats    ] Concurrent Mark Roots               927 us, parallelism: 1.84x
[2026-04-03T03:23:06.137+0600][63.436s][info][gc,stats    ]   CMR: <total>                     1703 us
[2026-04-03T03:23:06.137+0600][63.436s][info][gc,stats    ]   CMR: Thread Roots                1495 us, workers (us): 414, 576, 505, ---, ---, ---, 
[2026-04-03T03:23:06.137+0600][63.436s][info][gc,stats    ]   CMR: VM Strong Roots               42 us, workers (us):  23,  18,   1, ---, ---, ---, 
[2026-04-03T03:23:06.137+0600][63.436s][info][gc,stats    ]   CMR: CLDG Roots                   165 us, workers (us): 165, ---, ---, ---, ---, ---, 
[2026-04-03T03:23:06.137+0600][63.436s][info][gc,stats    ] Concurrent Marking               211341 us
[2026-04-03T03:23:06.137+0600][63.436s][info][gc,stats    ] Pause Final Mark (G)               1343 us
[2026-04-03T03:23:06.137+0600][63.436s][info][gc,stats    ] Pause Final Mark (N)               1087 us
[2026-04-03T03:23:06.137+0600][63.436s][info][gc,stats    ]   Finish Mark                       239 us
[2026-04-03T03:23:06.137+0600][63.436s][info][gc,stats    ]   Update Region States               82 us
[2026-04-03T03:23:06.137+0600][63.436s][info][gc,stats    ]   Choose Collection Set             554 us
[2026-04-03T03:23:06.137+0600][63.436s][info][gc,stats    ]   Rebuild Free Set                   62 us
[2026-04-03T03:23:06.137+0600][63.436s][info][gc,stats    ] Concurrent Thread Roots            1106 us, parallelism: 2.16x
[2026-04-03T03:23:06.137+0600][63.436s][info][gc,stats    ]   CTR: <total>                     2394 us
[2026-04-03T03:23:06.137+0600][63.436s][info][gc,stats    ]   CTR: Thread Roots                2394 us, workers (us): 842, 814, 738, ---, ---, ---, 
[2026-04-03T03:23:06.137+0600][63.436s][info][gc,stats    ] Concurrent Weak References          872 us, parallelism: 0.86x
[2026-04-03T03:23:06.137+0600][63.436s][info][gc,stats    ]   CWRF: <total>                     746 us
[2026-04-03T03:23:06.137+0600][63.436s][info][gc,stats    ]   CWRF: Weak References             746 us, workers (us):  86,  92, 568, ---, ---, ---, 
[2026-04-03T03:23:06.137+0600][63.436s][info][gc,stats    ] Concurrent Weak Roots              2955 us
[2026-04-03T03:23:06.137+0600][63.436s][info][gc,stats    ]   Roots                            2537 us, parallelism: 2.47x
[2026-04-03T03:23:06.137+0600][63.436s][info][gc,stats    ]     CWR: <total>                   6272 us
[2026-04-03T03:23:06.137+0600][63.436s][info][gc,stats    ]     CWR: Code Cache Roots          3842 us, workers (us): 1398, 1205, 1239, ---, ---, ---, 
[2026-04-03T03:23:06.137+0600][63.436s][info][gc,stats    ]     CWR: VM Weak Roots             2330 us, workers (us): 800, 787, 744, ---, ---, ---, 
[2026-04-03T03:23:06.137+0600][63.436s][info][gc,stats    ]     CWR: CLDG Roots                 100 us, workers (us): ---, 100, ---, ---, ---, ---, 
[2026-04-03T03:23:06.137+0600][63.436s][info][gc,stats    ]   Rendezvous                        294 us
[2026-04-03T03:23:06.137+0600][63.436s][info][gc,stats    ] Concurrent Cleanup                  339 us
[2026-04-03T03:23:06.137+0600][63.436s][info][gc,stats    ] Concurrent Class Unloading        22789 us
[2026-04-03T03:23:06.137+0600][63.436s][info][gc,stats    ]   Unlink Stale                    21789 us
[2026-04-03T03:23:06.137+0600][63.436s][info][gc,stats    ]     System Dictionary               354 us
[2026-04-03T03:23:06.137+0600][63.436s][info][gc,stats    ]     Weak Class Links              13608 us
[2026-04-03T03:23:06.137+0600][63.436s][info][gc,stats    ]     Code Roots                     7819 us
[2026-04-03T03:23:06.137+0600][63.436s][info][gc,stats    ]   Rendezvous                        369 us
[2026-04-03T03:23:06.137+0600][63.436s][info][gc,stats    ]   Purge Unlinked                    469 us
[2026-04-03T03:23:06.137+0600][63.436s][info][gc,stats    ]     Code Roots                      357 us
[2026-04-03T03:23:06.137+0600][63.436s][info][gc,stats    ]     CLDG                            111 us
[2026-04-03T03:23:06.137+0600][63.436s][info][gc,stats    ]     Exception Caches                  1 us
[2026-04-03T03:23:06.137+0600][63.436s][info][gc,stats    ] Concurrent Strong Roots            1409 us, parallelism: 0.60x
[2026-04-03T03:23:06.137+0600][63.436s][info][gc,stats    ]   CSR: <total>                      841 us
[2026-04-03T03:23:06.137+0600][63.436s][info][gc,stats    ]   CSR: VM Strong Roots              195 us, workers (us): 123,  50,  23, ---, ---, ---, 
[2026-04-03T03:23:06.137+0600][63.436s][info][gc,stats    ]   CSR: CLDG Roots                   646 us, workers (us): ---, ---, 646, ---, ---, ---, 
[2026-04-03T03:23:06.137+0600][63.436s][info][gc,stats    ] Concurrent Evacuation             15926 us
[2026-04-03T03:23:06.137+0600][63.436s][info][gc,stats    ] Pause Init Update Refs (G)          660 us
[2026-04-03T03:23:06.137+0600][63.436s][info][gc,stats    ] Pause Init Update Refs (N)          270 us
[2026-04-03T03:23:06.137+0600][63.436s][info][gc,stats    ]   Manage GCLABs                      98 us
[2026-04-03T03:23:06.137+0600][63.436s][info][gc,stats    ] Concurrent Update Refs           116814 us
[2026-04-03T03:23:06.137+0600][63.436s][info][gc,stats    ] Concurrent Update Thread Roots     1204 us
[2026-04-03T03:23:06.137+0600][63.436s][info][gc,stats    ] Pause Final Update Refs (G)         726 us
[2026-04-03T03:23:06.137+0600][63.436s][info][gc,stats    ] Pause Final Update Refs (N)         279 us
[2026-04-03T03:23:06.137+0600][63.436s][info][gc,stats    ]   Update Region States               73 us
[2026-04-03T03:23:06.137+0600][63.436s][info][gc,stats    ]   Trash Collection Set               15 us
[2026-04-03T03:23:06.138+0600][63.436s][info][gc,stats    ]   Rebuild Free Set                   61 us
[2026-04-03T03:23:06.138+0600][63.436s][info][gc,stats    ] Concurrent Cleanup                  397 us
[2026-04-03T03:23:06.138+0600][63.436s][info][gc,stats    ] Pacing                            26689 us
[2026-04-03T03:23:06.138+0600][63.436s][info][gc,stats    ] 
[2026-04-03T03:23:06.138+0600][63.436s][info][gc,stats    ] Allocation pacing accrued:
[2026-04-03T03:23:06.138+0600][63.436s][info][gc,stats    ]      13 of   615 ms (  2.1%): Executor task launch worker for task 1.0 in stage 27.0 (TID 40)
[2026-04-03T03:23:06.138+0600][63.436s][info][gc,stats    ]      14 of   615 ms (  2.2%): Executor task launch worker for task 0.0 in stage 27.0 (TID 39)
[2026-04-03T03:23:06.138+0600][63.436s][info][gc,stats    ]      27 of   615 ms (  4.3%): <total>
[2026-04-03T03:23:06.138+0600][63.436s][info][gc,stats    ]       0 of   615 ms (  0.0%): <average total>
[2026-04-03T03:23:06.138+0600][63.436s][info][gc,stats    ]      13 of   615 ms (  2.2%): <average non-zero>
[2026-04-03T03:23:06.138+0600][63.436s][info][gc,stats    ] 
[2026-04-03T03:23:06.138+0600][63.436s][info][gc,metaspace] Metaspace: 73165K(74048K)->73140K(74048K) NonClass: 63883K(64384K)->63866K(64384K) Class: 9281K(9664K)->9274K(9664K)
[2026-04-03T03:23:06.138+0600][63.437s][info][gc,ergo     ] Pacer for Idle. Initial: 20480K, Alloc Tax Rate: 1.0x
[2026-04-03T03:23:06.139+0600][63.438s][info][gc          ] Trigger: Learning 3 of 5. Free (607M) is below initial threshold (700M)
[2026-04-03T03:23:06.139+0600][63.438s][info][gc,ergo     ] Free: 607M, Max: 256K regular, 458M humongous, Frag: 25% external, 0% internal; Reserve: 51200K, Max: 256K
[2026-04-03T03:23:06.139+0600][63.438s][info][gc,start    ] GC(74) Concurrent reset
[2026-04-03T03:23:06.139+0600][63.438s][info][gc,task     ] GC(74) Using 3 of 6 workers for concurrent reset
[2026-04-03T03:23:06.139+0600][63.438s][info][gc,ergo     ] GC(74) Pacer for Reset. Non-Taxable: 1000M
[2026-04-03T03:23:06.140+0600][63.439s][info][gc          ] GC(74) Concurrent reset 1.481ms
[2026-04-03T03:23:06.141+0600][63.440s][info][gc,start    ] GC(74) Pause Init Mark (unload classes)
[2026-04-03T03:23:06.141+0600][63.440s][info][gc,task     ] GC(74) Using 6 of 6 workers for init marking
[2026-04-03T03:23:06.141+0600][63.440s][info][gc,ergo     ] GC(74) Pacer for Mark. Expected Live: 185M, Free: 606M, Non-Taxable: 62124K, Alloc Tax Rate: 0.4x
[2026-04-03T03:23:06.141+0600][63.440s][info][gc          ] GC(74) Pause Init Mark (unload classes) 0.184ms
[2026-04-03T03:23:06.141+0600][63.440s][info][gc,start    ] GC(74) Concurrent marking roots
[2026-04-03T03:23:06.141+0600][63.440s][info][gc,task     ] GC(74) Using 3 of 6 workers for concurrent marking roots
[2026-04-03T03:23:06.142+0600][63.441s][info][gc          ] GC(74) Concurrent marking roots 1.206ms
[2026-04-03T03:23:06.142+0600][63.441s][info][gc,start    ] GC(74) Concurrent marking (unload classes)
[2026-04-03T03:23:06.142+0600][63.441s][info][gc,task     ] GC(74) Using 3 of 6 workers for concurrent marking
[2026-04-03T03:23:06.423+0600][63.721s][info][gc          ] GC(74) Concurrent marking (unload classes) 280.329ms
[2026-04-03T03:23:06.423+0600][63.722s][info][gc,start    ] GC(74) Pause Final Mark (unload classes)
[2026-04-03T03:23:06.423+0600][63.722s][info][gc,task     ] GC(74) Using 6 of 6 workers for final marking
[2026-04-03T03:23:06.423+0600][63.722s][info][gc,ergo     ] GC(74) Adaptive CSet Selection. Target Free: 141M, Actual Free: 550M, Max CSet: 42666K, Min Garbage: 0B
[2026-04-03T03:23:06.424+0600][63.722s][info][gc,ergo     ] GC(74) Collectable Garbage: 96232K (85%), Immediate: 10752K (9%), CSet: 85480K (75%)
[2026-04-03T03:23:06.424+0600][63.723s][info][gc,ergo     ] GC(74) Pacer for Evacuation. Used CSet: 125M, Free: 503M, Non-Taxable: 51525K, Alloc Tax Rate: 1.1x
[2026-04-03T03:23:06.424+0600][63.723s][info][gc          ] GC(74) Pause Final Mark (unload classes) 0.860ms
[2026-04-03T03:23:06.424+0600][63.723s][info][gc,start    ] GC(74) Concurrent thread roots
[2026-04-03T03:23:06.424+0600][63.723s][info][gc,task     ] GC(74) Using 3 of 6 workers for Concurrent thread roots
[2026-04-03T03:23:06.425+0600][63.724s][info][gc          ] GC(74) Concurrent thread roots 0.758ms
[2026-04-03T03:23:06.425+0600][63.724s][info][gc,start    ] GC(74) Concurrent weak references
[2026-04-03T03:23:06.425+0600][63.724s][info][gc,task     ] GC(74) Using 3 of 6 workers for concurrent weak references
[2026-04-03T03:23:06.425+0600][63.724s][info][gc,ref      ] GC(74) Encountered references: Soft: 3155, Weak: 6327, Final: 84, Phantom: 600
[2026-04-03T03:23:06.425+0600][63.724s][info][gc,ref      ] GC(74) Discovered  references: Soft: 0, Weak: 887, Final: 0, Phantom: 597
[2026-04-03T03:23:06.425+0600][63.724s][info][gc,ref      ] GC(74) Enqueued    references: Soft: 0, Weak: 0, Final: 0, Phantom: 0
[2026-04-03T03:23:06.425+0600][63.724s][info][gc          ] GC(74) Concurrent weak references 0.377ms
[2026-04-03T03:23:06.425+0600][63.724s][info][gc,start    ] GC(74) Concurrent weak roots
[2026-04-03T03:23:06.425+0600][63.724s][info][gc,task     ] GC(74) Using 3 of 6 workers for concurrent weak root
[2026-04-03T03:23:06.427+0600][63.726s][info][gc          ] GC(74) Concurrent weak roots 1.943ms
[2026-04-03T03:23:06.427+0600][63.726s][info][gc,start    ] GC(74) Concurrent cleanup
[2026-04-03T03:23:06.428+0600][63.727s][info][gc          ] GC(74) Concurrent cleanup 455M->444M(468M) 0.631ms
[2026-04-03T03:23:06.428+0600][63.727s][info][gc,ergo     ] GC(74) Free: 500M, Max: 256K regular, 458M humongous, Frag: 9% external, 0% internal; Reserve: 51107K, Max: 256K
[2026-04-03T03:23:06.428+0600][63.727s][info][gc,start    ] GC(74) Concurrent class unloading
[2026-04-03T03:23:06.428+0600][63.727s][info][gc,task     ] GC(74) Using 3 of 6 workers for concurrent class unloading
[2026-04-03T03:23:06.433+0600][63.732s][info][gc          ] GC(74) Concurrent class unloading 5.587ms
[2026-04-03T03:23:06.434+0600][63.732s][info][gc,start    ] GC(74) Concurrent strong roots
[2026-04-03T03:23:06.434+0600][63.732s][info][gc,task     ] GC(74) Using 3 of 6 workers for concurrent strong root
[2026-04-03T03:23:06.434+0600][63.733s][info][gc          ] GC(74) Concurrent strong roots 0.754ms
[2026-04-03T03:23:06.434+0600][63.733s][info][gc,start    ] GC(74) Concurrent evacuation
[2026-04-03T03:23:06.434+0600][63.733s][info][gc,task     ] GC(74) Using 3 of 6 workers for concurrent evacuation
[2026-04-03T03:23:06.475+0600][63.773s][info][gc          ] GC(74) Concurrent evacuation 40.271ms
[2026-04-03T03:23:06.475+0600][63.774s][info][gc,start    ] GC(74) Pause Init Update Refs
[2026-04-03T03:23:06.475+0600][63.774s][info][gc,ergo     ] GC(74) Pacer for Update Refs. Used: 509M, Free: 477M, Non-Taxable: 48912K, Alloc Tax Rate: 1.3x
[2026-04-03T03:23:06.475+0600][63.774s][info][gc          ] GC(74) Pause Init Update Refs 0.133ms
[2026-04-03T03:23:06.475+0600][63.774s][info][gc,start    ] GC(74) Concurrent update references
[2026-04-03T03:23:06.475+0600][63.774s][info][gc,task     ] GC(74) Using 3 of 6 workers for concurrent reference update
[2026-04-03T03:23:06.614+0600][63.913s][info][gc          ] GC(74) Concurrent update references 138.641ms
[2026-04-03T03:23:06.614+0600][63.913s][info][gc,start    ] GC(74) Concurrent update thread roots
[2026-04-03T03:23:06.615+0600][63.914s][info][gc          ] GC(74) Concurrent update thread roots 1.085ms
[2026-04-03T03:23:06.615+0600][63.914s][info][gc,start    ] GC(74) Pause Final Update Refs
[2026-04-03T03:23:06.615+0600][63.914s][info][gc,task     ] GC(74) Using 6 of 6 workers for final reference update
[2026-04-03T03:23:06.615+0600][63.914s][info][gc          ] GC(74) Pause Final Update Refs 0.237ms
[2026-04-03T03:23:06.616+0600][63.914s][info][gc,start    ] GC(74) Concurrent cleanup
[2026-04-03T03:23:06.616+0600][63.915s][info][gc          ] GC(74) Concurrent cleanup 574M->449M(580M) 0.382ms
[2026-04-03T03:23:06.616+0600][63.915s][info][gc,ergo     ] Free: 494M, Max: 256K regular, 370M humongous, Frag: 26% external, 0% internal; Reserve: 51200K, Max: 256K
[2026-04-03T03:23:06.616+0600][63.915s][info][gc,stats    ] 
[2026-04-03T03:23:06.616+0600][63.915s][info][gc,stats    ] All times are wall-clock times, except per-root-class counters, that are sum over
[2026-04-03T03:23:06.616+0600][63.915s][info][gc,stats    ] all workers. Dividing the <total> over the root stage time estimates parallelism.
[2026-04-03T03:23:06.616+0600][63.915s][info][gc,stats    ] 
[2026-04-03T03:23:06.616+0600][63.915s][info][gc,stats    ] Concurrent Reset                   1557 us
[2026-04-03T03:23:06.616+0600][63.915s][info][gc,stats    ] Pause Init Mark (G)                 576 us
[2026-04-03T03:23:06.616+0600][63.915s][info][gc,stats    ] Pause Init Mark (N)                 194 us
[2026-04-03T03:23:06.616+0600][63.915s][info][gc,stats    ]   Update Region States               52 us
[2026-04-03T03:23:06.616+0600][63.915s][info][gc,stats    ] Concurrent Mark Roots              1261 us, parallelism: 1.83x
[2026-04-03T03:23:06.616+0600][63.915s][info][gc,stats    ]   CMR: <total>                     2302 us
[2026-04-03T03:23:06.616+0600][63.915s][info][gc,stats    ]   CMR: Thread Roots                1765 us, workers (us): 343, 707, 715, ---, ---, ---, 
[2026-04-03T03:23:06.616+0600][63.915s][info][gc,stats    ]   CMR: VM Strong Roots              161 us, workers (us):  88,  72,   1, ---, ---, ---, 
[2026-04-03T03:23:06.616+0600][63.915s][info][gc,stats    ]   CMR: CLDG Roots                   376 us, workers (us): 376, ---, ---, ---, ---, ---, 
[2026-04-03T03:23:06.616+0600][63.915s][info][gc,stats    ] Concurrent Marking               280423 us
[2026-04-03T03:23:06.616+0600][63.915s][info][gc,stats    ] Pause Final Mark (G)               1235 us
[2026-04-03T03:23:06.616+0600][63.915s][info][gc,stats    ] Pause Final Mark (N)                871 us
[2026-04-03T03:23:06.616+0600][63.915s][info][gc,stats    ]   Finish Mark                       277 us
[2026-04-03T03:23:06.616+0600][63.915s][info][gc,stats    ]   Update Region States               57 us
[2026-04-03T03:23:06.616+0600][63.915s][info][gc,stats    ]   Choose Collection Set             359 us
[2026-04-03T03:23:06.616+0600][63.915s][info][gc,stats    ]   Rebuild Free Set                   49 us
[2026-04-03T03:23:06.616+0600][63.915s][info][gc,stats    ] Concurrent Thread Roots             807 us, parallelism: 1.75x
[2026-04-03T03:23:06.616+0600][63.915s][info][gc,stats    ]   CTR: <total>                     1409 us
[2026-04-03T03:23:06.616+0600][63.915s][info][gc,stats    ]   CTR: Thread Roots                1409 us, workers (us): 481, 475, 453, ---, ---, ---, 
[2026-04-03T03:23:06.616+0600][63.915s][info][gc,stats    ] Concurrent Weak References          386 us, parallelism: 0.55x
[2026-04-03T03:23:06.616+0600][63.915s][info][gc,stats    ]   CWRF: <total>                     212 us
[2026-04-03T03:23:06.616+0600][63.915s][info][gc,stats    ]   CWRF: Weak References             212 us, workers (us): 125,  86,   1, ---, ---, ---, 
[2026-04-03T03:23:06.616+0600][63.915s][info][gc,stats    ] Concurrent Weak Roots              1992 us
[2026-04-03T03:23:06.616+0600][63.915s][info][gc,stats    ]   Roots                            1663 us, parallelism: 2.31x
[2026-04-03T03:23:06.616+0600][63.915s][info][gc,stats    ]     CWR: <total>                   3843 us
[2026-04-03T03:23:06.616+0600][63.915s][info][gc,stats    ]     CWR: Code Cache Roots          2507 us, workers (us): 900, 814, 794, ---, ---, ---, 
[2026-04-03T03:23:06.616+0600][63.915s][info][gc,stats    ]     CWR: VM Weak Roots             1286 us, workers (us): 461, 459, 366, ---, ---, ---, 
[2026-04-03T03:23:06.616+0600][63.915s][info][gc,stats    ]     CWR: CLDG Roots                  50 us, workers (us):  50, ---, ---, ---, ---, ---, 
[2026-04-03T03:23:06.616+0600][63.915s][info][gc,stats    ]   Rendezvous                        260 us
[2026-04-03T03:23:06.616+0600][63.915s][info][gc,stats    ] Concurrent Cleanup                  644 us
[2026-04-03T03:23:06.616+0600][63.915s][info][gc,stats    ] Concurrent Class Unloading         5675 us
[2026-04-03T03:23:06.616+0600][63.915s][info][gc,stats    ]   Unlink Stale                     5249 us
[2026-04-03T03:23:06.616+0600][63.915s][info][gc,stats    ]     System Dictionary                67 us
[2026-04-03T03:23:06.617+0600][63.915s][info][gc,stats    ]     Weak Class Links                  0 us
[2026-04-03T03:23:06.617+0600][63.915s][info][gc,stats    ]     Code Roots                     5178 us
[2026-04-03T03:23:06.617+0600][63.915s][info][gc,stats    ]   Rendezvous                        301 us
[2026-04-03T03:23:06.617+0600][63.915s][info][gc,stats    ]   Purge Unlinked                     10 us
[2026-04-03T03:23:06.617+0600][63.915s][info][gc,stats    ]     Code Roots                        4 us
[2026-04-03T03:23:06.617+0600][63.915s][info][gc,stats    ]     CLDG                              6 us
[2026-04-03T03:23:06.617+0600][63.915s][info][gc,stats    ]     Exception Caches                  0 us
[2026-04-03T03:23:06.617+0600][63.915s][info][gc,stats    ] Concurrent Strong Roots             801 us, parallelism: 0.60x
[2026-04-03T03:23:06.617+0600][63.915s][info][gc,stats    ]   CSR: <total>                      480 us
[2026-04-03T03:23:06.617+0600][63.915s][info][gc,stats    ]   CSR: VM Strong Roots               40 us, workers (us):  21,  12,   7, ---, ---, ---, 
[2026-04-03T03:23:06.617+0600][63.915s][info][gc,stats    ]   CSR: CLDG Roots                   440 us, workers (us): ---, 440, ---, ---, ---, ---, 
[2026-04-03T03:23:06.617+0600][63.915s][info][gc,stats    ] Concurrent Evacuation             40350 us
[2026-04-03T03:23:06.617+0600][63.915s][info][gc,stats    ] Pause Init Update Refs (G)          419 us
[2026-04-03T03:23:06.617+0600][63.915s][info][gc,stats    ] Pause Init Update Refs (N)          150 us
[2026-04-03T03:23:06.617+0600][63.915s][info][gc,stats    ]   Manage GCLABs                      28 us
[2026-04-03T03:23:06.617+0600][63.915s][info][gc,stats    ] Concurrent Update Refs           138728 us
[2026-04-03T03:23:06.617+0600][63.915s][info][gc,stats    ] Concurrent Update Thread Roots     1142 us
[2026-04-03T03:23:06.617+0600][63.915s][info][gc,stats    ] Pause Final Update Refs (G)         581 us
[2026-04-03T03:23:06.617+0600][63.916s][info][gc,stats    ] Pause Final Update Refs (N)         252 us
[2026-04-03T03:23:06.617+0600][63.916s][info][gc,stats    ]   Update Region States               65 us
[2026-04-03T03:23:06.617+0600][63.916s][info][gc,stats    ]   Trash Collection Set               18 us
[2026-04-03T03:23:06.617+0600][63.916s][info][gc,stats    ]   Rebuild Free Set                   53 us
[2026-04-03T03:23:06.617+0600][63.916s][info][gc,stats    ] Concurrent Cleanup                  411 us
[2026-04-03T03:23:06.617+0600][63.916s][info][gc,stats    ] Pacing                            84454 us
[2026-04-03T03:23:06.617+0600][63.916s][info][gc,stats    ] 
[2026-04-03T03:23:06.617+0600][63.916s][info][gc,stats    ] Allocation pacing accrued:
[2026-04-03T03:23:06.617+0600][63.916s][info][gc,stats    ]      30 of   479 ms (  6.2%): Executor task launch worker for task 1.0 in stage 27.0 (TID 40)
[2026-04-03T03:23:06.617+0600][63.916s][info][gc,stats    ]      27 of   479 ms (  5.7%): Executor task launch worker for task 2.0 in stage 27.0 (TID 41)
[2026-04-03T03:23:06.617+0600][63.916s][info][gc,stats    ]      28 of   479 ms (  5.8%): Executor task launch worker for task 0.0 in stage 27.0 (TID 39)
[2026-04-03T03:23:06.617+0600][63.916s][info][gc,stats    ]      84 of   479 ms ( 17.6%): <total>
[2026-04-03T03:23:06.617+0600][63.916s][info][gc,stats    ]       0 of   479 ms (  0.1%): <average total>
[2026-04-03T03:23:06.617+0600][63.916s][info][gc,stats    ]      28 of   479 ms (  5.9%): <average non-zero>
[2026-04-03T03:23:06.617+0600][63.916s][info][gc,stats    ] 
[2026-04-03T03:23:06.617+0600][63.916s][info][gc,metaspace] Metaspace: 73140K(74048K)->73169K(74048K) NonClass: 63866K(64384K)->63891K(64384K) Class: 9274K(9664K)->9278K(9664K)
[2026-04-03T03:23:06.617+0600][63.916s][info][gc,ergo     ] Pacer for Idle. Initial: 20480K, Alloc Tax Rate: 1.0x
[2026-04-03T03:23:06.618+0600][63.917s][info][gc          ] Trigger: Learning 4 of 5. Free (493M) is below initial threshold (700M)
[2026-04-03T03:23:06.618+0600][63.917s][info][gc,ergo     ] Free: 493M, Max: 256K regular, 370M humongous, Frag: 25% external, 0% internal; Reserve: 51200K, Max: 256K
[2026-04-03T03:23:06.618+0600][63.917s][info][gc,start    ] GC(75) Concurrent reset
[2026-04-03T03:23:06.618+0600][63.917s][info][gc,task     ] GC(75) Using 3 of 6 workers for concurrent reset
[2026-04-03T03:23:06.618+0600][63.917s][info][gc,ergo     ] GC(75) Pacer for Reset. Non-Taxable: 1000M
[2026-04-03T03:23:06.620+0600][63.919s][info][gc          ] GC(75) Concurrent reset 1.761ms
[2026-04-03T03:23:06.620+0600][63.919s][info][gc,start    ] GC(75) Pause Init Mark (unload classes)
[2026-04-03T03:23:06.620+0600][63.919s][info][gc,task     ] GC(75) Using 6 of 6 workers for init marking
[2026-04-03T03:23:06.620+0600][63.919s][info][gc,ergo     ] GC(75) Pacer for Mark. Expected Live: 189M, Free: 491M, Non-Taxable: 50373K, Alloc Tax Rate: 0.5x
[2026-04-03T03:23:06.620+0600][63.919s][info][gc          ] GC(75) Pause Init Mark (unload classes) 0.169ms
[2026-04-03T03:23:06.620+0600][63.919s][info][gc,start    ] GC(75) Concurrent marking roots
[2026-04-03T03:23:06.620+0600][63.919s][info][gc,task     ] GC(75) Using 3 of 6 workers for concurrent marking roots
[2026-04-03T03:23:06.621+0600][63.920s][info][gc          ] GC(75) Concurrent marking roots 1.108ms
[2026-04-03T03:23:06.622+0600][63.920s][info][gc,start    ] GC(75) Concurrent marking (unload classes)
[2026-04-03T03:23:06.622+0600][63.920s][info][gc,task     ] GC(75) Using 3 of 6 workers for concurrent marking
[2026-04-03T03:23:06.899+0600][64.198s][info][gc          ] GC(75) Concurrent marking (unload classes) 277.282ms
[2026-04-03T03:23:06.899+0600][64.198s][info][gc,start    ] GC(75) Pause Final Mark (unload classes)
[2026-04-03T03:23:06.899+0600][64.198s][info][gc,task     ] GC(75) Using 6 of 6 workers for final marking
[2026-04-03T03:23:06.899+0600][64.198s][info][gc,ergo     ] GC(75) Adaptive CSet Selection. Target Free: 141M, Actual Free: 445M, Max CSet: 42666K, Min Garbage: 0B
[2026-04-03T03:23:06.900+0600][64.199s][info][gc,ergo     ] GC(75) Collectable Garbage: 193M (97%), Immediate: 7936K (3%), CSet: 186M (93%)
[2026-04-03T03:23:06.900+0600][64.199s][info][gc,ergo     ] GC(75) Pacer for Evacuation. Used CSet: 225M, Free: 397M, Non-Taxable: 40697K, Alloc Tax Rate: 1.4x
[2026-04-03T03:23:06.900+0600][64.199s][info][gc          ] GC(75) Pause Final Mark (unload classes) 0.977ms
[2026-04-03T03:23:06.900+0600][64.199s][info][gc,start    ] GC(75) Concurrent thread roots
[2026-04-03T03:23:06.900+0600][64.199s][info][gc,task     ] GC(75) Using 3 of 6 workers for Concurrent thread roots
[2026-04-03T03:23:06.901+0600][64.200s][info][gc          ] GC(75) Concurrent thread roots 0.855ms
[2026-04-03T03:23:06.901+0600][64.200s][info][gc,start    ] GC(75) Concurrent weak references
[2026-04-03T03:23:06.901+0600][64.200s][info][gc,task     ] GC(75) Using 3 of 6 workers for concurrent weak references
[2026-04-03T03:23:06.901+0600][64.200s][info][gc,ref      ] GC(75) Encountered references: Soft: 3173, Weak: 6353, Final: 84, Phantom: 601
[2026-04-03T03:23:06.901+0600][64.200s][info][gc,ref      ] GC(75) Discovered  references: Soft: 0, Weak: 506, Final: 0, Phantom: 597
[2026-04-03T03:23:06.901+0600][64.200s][info][gc,ref      ] GC(75) Enqueued    references: Soft: 0, Weak: 4, Final: 0, Phantom: 0
[2026-04-03T03:23:06.901+0600][64.200s][info][gc          ] GC(75) Concurrent weak references 0.356ms
[2026-04-03T03:23:06.901+0600][64.200s][info][gc,start    ] GC(75) Concurrent weak roots
[2026-04-03T03:23:06.901+0600][64.200s][info][gc,task     ] GC(75) Using 3 of 6 workers for concurrent weak root
[2026-04-03T03:23:06.904+0600][64.202s][info][gc          ] GC(75) Concurrent weak roots 2.308ms
[2026-04-03T03:23:06.904+0600][64.203s][info][gc,start    ] GC(75) Concurrent cleanup
[2026-04-03T03:23:06.904+0600][64.203s][info][gc          ] GC(75) Concurrent cleanup 558M->550M(580M) 0.233ms
[2026-04-03T03:23:06.904+0600][64.203s][info][gc,ergo     ] GC(75) Free: 396M, Max: 256K regular, 370M humongous, Frag: 7% external, 0% internal; Reserve: 50623K, Max: 256K
[2026-04-03T03:23:06.904+0600][64.203s][info][gc,start    ] GC(75) Concurrent class unloading
[2026-04-03T03:23:06.904+0600][64.203s][info][gc,task     ] GC(75) Using 3 of 6 workers for concurrent class unloading
[2026-04-03T03:23:06.911+0600][64.209s][info][gc          ] GC(75) Concurrent class unloading 6.519ms
[2026-04-03T03:23:06.911+0600][64.209s][info][gc,start    ] GC(75) Concurrent strong roots
[2026-04-03T03:23:06.911+0600][64.209s][info][gc,task     ] GC(75) Using 3 of 6 workers for concurrent strong root
[2026-04-03T03:23:06.912+0600][64.210s][info][gc          ] GC(75) Concurrent strong roots 0.938ms
[2026-04-03T03:23:06.912+0600][64.210s][info][gc,start    ] GC(75) Concurrent evacuation
[2026-04-03T03:23:06.912+0600][64.210s][info][gc,task     ] GC(75) Using 3 of 6 workers for concurrent evacuation
[2026-04-03T03:23:06.960+0600][64.259s][info][gc          ] GC(75) Concurrent evacuation 48.120ms
[2026-04-03T03:23:06.960+0600][64.259s][info][gc,start    ] GC(75) Pause Init Update Refs
[2026-04-03T03:23:06.960+0600][64.259s][info][gc,ergo     ] GC(75) Pacer for Update Refs. Used: 608M, Free: 378M, Non-Taxable: 38751K, Alloc Tax Rate: 2.0x
[2026-04-03T03:23:06.960+0600][64.259s][info][gc          ] GC(75) Pause Init Update Refs 0.119ms
[2026-04-03T03:23:06.960+0600][64.259s][info][gc,start    ] GC(75) Concurrent update references
[2026-04-03T03:23:06.960+0600][64.259s][info][gc,task     ] GC(75) Using 3 of 6 workers for concurrent reference update
[2026-04-03T03:23:07.133+0600][64.432s][info][gc          ] GC(75) Concurrent update references 172.428ms
[2026-04-03T03:23:07.133+0600][64.432s][info][gc,start    ] GC(75) Concurrent update thread roots
[2026-04-03T03:23:07.134+0600][64.433s][info][gc          ] GC(75) Concurrent update thread roots 1.275ms
[2026-04-03T03:23:07.134+0600][64.433s][info][gc,start    ] GC(75) Pause Final Update Refs
[2026-04-03T03:23:07.134+0600][64.433s][info][gc,task     ] GC(75) Using 6 of 6 workers for final reference update
[2026-04-03T03:23:07.135+0600][64.433s][info][gc          ] GC(75) Pause Final Update Refs 0.246ms
[2026-04-03T03:23:07.135+0600][64.434s][info][gc,start    ] GC(75) Concurrent cleanup
[2026-04-03T03:23:07.136+0600][64.435s][info][gc          ] GC(75) Concurrent cleanup 672M->447M(676M) 1.004ms
[2026-04-03T03:23:07.136+0600][64.435s][info][gc,ergo     ] Free: 498M, Max: 256K regular, 274M humongous, Frag: 45% external, 0% internal; Reserve: 51200K, Max: 256K
[2026-04-03T03:23:07.136+0600][64.435s][info][gc,stats    ] 
[2026-04-03T03:23:07.136+0600][64.435s][info][gc,stats    ] All times are wall-clock times, except per-root-class counters, that are sum over
[2026-04-03T03:23:07.136+0600][64.435s][info][gc,stats    ] all workers. Dividing the <total> over the root stage time estimates parallelism.
[2026-04-03T03:23:07.136+0600][64.435s][info][gc,stats    ] 
[2026-04-03T03:23:07.136+0600][64.435s][info][gc,stats    ] Concurrent Reset                   1832 us
[2026-04-03T03:23:07.136+0600][64.435s][info][gc,stats    ] Pause Init Mark (G)                 352 us
[2026-04-03T03:23:07.136+0600][64.435s][info][gc,stats    ] Pause Init Mark (N)                 180 us
[2026-04-03T03:23:07.136+0600][64.435s][info][gc,stats    ]   Update Region States               55 us
[2026-04-03T03:23:07.136+0600][64.435s][info][gc,stats    ] Concurrent Mark Roots              1159 us, parallelism: 1.63x
[2026-04-03T03:23:07.136+0600][64.435s][info][gc,stats    ]   CMR: <total>                     1894 us
[2026-04-03T03:23:07.136+0600][64.435s][info][gc,stats    ]   CMR: Thread Roots                1632 us, workers (us): 626, 407, 599, ---, ---, ---, 
[2026-04-03T03:23:07.136+0600][64.435s][info][gc,stats    ]   CMR: VM Strong Roots               49 us, workers (us):  27,  21,   1, ---, ---, ---, 
[2026-04-03T03:23:07.136+0600][64.435s][info][gc,stats    ]   CMR: CLDG Roots                   213 us, workers (us): ---, 213, ---, ---, ---, ---, 
[2026-04-03T03:23:07.136+0600][64.435s][info][gc,stats    ] Concurrent Marking               277340 us
[2026-04-03T03:23:07.136+0600][64.435s][info][gc,stats    ] Pause Final Mark (G)               1220 us
[2026-04-03T03:23:07.136+0600][64.435s][info][gc,stats    ] Pause Final Mark (N)                988 us
[2026-04-03T03:23:07.136+0600][64.435s][info][gc,stats    ]   Finish Mark                       269 us
[2026-04-03T03:23:07.136+0600][64.435s][info][gc,stats    ]   Update Region States               65 us
[2026-04-03T03:23:07.136+0600][64.435s][info][gc,stats    ]   Choose Collection Set             481 us
[2026-04-03T03:23:07.136+0600][64.435s][info][gc,stats    ]   Rebuild Free Set                   47 us
[2026-04-03T03:23:07.136+0600][64.435s][info][gc,stats    ] Concurrent Thread Roots             889 us, parallelism: 2.04x
[2026-04-03T03:23:07.136+0600][64.435s][info][gc,stats    ]   CTR: <total>                     1811 us
[2026-04-03T03:23:07.136+0600][64.435s][info][gc,stats    ]   CTR: Thread Roots                1811 us, workers (us): 617, 599, 595, ---, ---, ---, 
[2026-04-03T03:23:07.136+0600][64.435s][info][gc,stats    ] Concurrent Weak References          370 us, parallelism: 0.50x
[2026-04-03T03:23:07.136+0600][64.435s][info][gc,stats    ]   CWRF: <total>                     186 us
[2026-04-03T03:23:07.136+0600][64.435s][info][gc,stats    ]   CWRF: Weak References             186 us, workers (us):  54, 132,   0, ---, ---, ---, 
[2026-04-03T03:23:07.136+0600][64.435s][info][gc,stats    ] Concurrent Weak Roots              2375 us
[2026-04-03T03:23:07.136+0600][64.435s][info][gc,stats    ]   Roots                            2036 us, parallelism: 2.41x
[2026-04-03T03:23:07.136+0600][64.435s][info][gc,stats    ]     CWR: <total>                   4902 us
[2026-04-03T03:23:07.136+0600][64.435s][info][gc,stats    ]     CWR: Code Cache Roots          3242 us, workers (us): 1000, 1165, 1077, ---, ---, ---, 
[2026-04-03T03:23:07.136+0600][64.435s][info][gc,stats    ]     CWR: VM Weak Roots             1566 us, workers (us): 535, 537, 494, ---, ---, ---, 
[2026-04-03T03:23:07.136+0600][64.435s][info][gc,stats    ]     CWR: CLDG Roots                  95 us, workers (us):  95, ---, ---, ---, ---, ---, 
[2026-04-03T03:23:07.136+0600][64.435s][info][gc,stats    ]   Rendezvous                        239 us
[2026-04-03T03:23:07.136+0600][64.435s][info][gc,stats    ] Concurrent Cleanup                  251 us
[2026-04-03T03:23:07.136+0600][64.435s][info][gc,stats    ] Concurrent Class Unloading         6601 us
[2026-04-03T03:23:07.136+0600][64.435s][info][gc,stats    ]   Unlink Stale                     5867 us
[2026-04-03T03:23:07.136+0600][64.435s][info][gc,stats    ]     System Dictionary                87 us
[2026-04-03T03:23:07.136+0600][64.435s][info][gc,stats    ]     Weak Class Links                  0 us
[2026-04-03T03:23:07.136+0600][64.435s][info][gc,stats    ]     Code Roots                     5775 us
[2026-04-03T03:23:07.136+0600][64.435s][info][gc,stats    ]   Rendezvous                        400 us
[2026-04-03T03:23:07.136+0600][64.435s][info][gc,stats    ]   Purge Unlinked                    220 us
[2026-04-03T03:23:07.136+0600][64.435s][info][gc,stats    ]     Code Roots                      206 us
[2026-04-03T03:23:07.136+0600][64.435s][info][gc,stats    ]     CLDG                             13 us
[2026-04-03T03:23:07.136+0600][64.435s][info][gc,stats    ]     Exception Caches                  0 us
[2026-04-03T03:23:07.136+0600][64.435s][info][gc,stats    ] Concurrent Strong Roots            1019 us, parallelism: 0.52x
[2026-04-03T03:23:07.136+0600][64.435s][info][gc,stats    ]   CSR: <total>                      526 us
[2026-04-03T03:23:07.136+0600][64.435s][info][gc,stats    ]   CSR: VM Strong Roots               42 us, workers (us):  32,   9,   0, ---, ---, ---, 
[2026-04-03T03:23:07.136+0600][64.435s][info][gc,stats    ]   CSR: CLDG Roots                   484 us, workers (us): 484, ---, ---, ---, ---, ---, 
[2026-04-03T03:23:07.136+0600][64.435s][info][gc,stats    ] Concurrent Evacuation             48214 us
[2026-04-03T03:23:07.136+0600][64.435s][info][gc,stats    ] Pause Init Update Refs (G)          441 us
[2026-04-03T03:23:07.136+0600][64.435s][info][gc,stats    ] Pause Init Update Refs (N)          145 us
[2026-04-03T03:23:07.136+0600][64.435s][info][gc,stats    ]   Manage GCLABs                      25 us
[2026-04-03T03:23:07.136+0600][64.435s][info][gc,stats    ] Concurrent Update Refs           172525 us
[2026-04-03T03:23:07.136+0600][64.435s][info][gc,stats    ] Concurrent Update Thread Roots     1326 us
[2026-04-03T03:23:07.136+0600][64.435s][info][gc,stats    ] Pause Final Update Refs (G)         596 us
[2026-04-03T03:23:07.136+0600][64.435s][info][gc,stats    ] Pause Final Update Refs (N)         277 us
[2026-04-03T03:23:07.136+0600][64.435s][info][gc,stats    ]   Update Region States               91 us
[2026-04-03T03:23:07.136+0600][64.435s][info][gc,stats    ]   Trash Collection Set               31 us
[2026-04-03T03:23:07.136+0600][64.435s][info][gc,stats    ]   Rebuild Free Set                   55 us
[2026-04-03T03:23:07.136+0600][64.435s][info][gc,stats    ] Concurrent Cleanup                 1026 us
[2026-04-03T03:23:07.136+0600][64.435s][info][gc,stats    ] Pacing                           286395 us
[2026-04-03T03:23:07.136+0600][64.435s][info][gc,stats    ] 
[2026-04-03T03:23:07.136+0600][64.435s][info][gc,stats    ] Allocation pacing accrued:
[2026-04-03T03:23:07.136+0600][64.435s][info][gc,stats    ]      98 of   520 ms ( 18.8%): Executor task launch worker for task 1.0 in stage 27.0 (TID 40)
[2026-04-03T03:23:07.136+0600][64.435s][info][gc,stats    ]     106 of   520 ms ( 20.5%): Executor task launch worker for task 2.0 in stage 27.0 (TID 41)
[2026-04-03T03:23:07.136+0600][64.435s][info][gc,stats    ]      82 of   520 ms ( 15.9%): Executor task launch worker for task 0.0 in stage 27.0 (TID 39)
[2026-04-03T03:23:07.136+0600][64.435s][info][gc,stats    ]     286 of   520 ms ( 55.1%): <total>
[2026-04-03T03:23:07.136+0600][64.435s][info][gc,stats    ]       1 of   520 ms (  0.3%): <average total>
[2026-04-03T03:23:07.136+0600][64.435s][info][gc,stats    ]      95 of   520 ms ( 18.4%): <average non-zero>
[2026-04-03T03:23:07.136+0600][64.435s][info][gc,stats    ] 
[2026-04-03T03:23:07.136+0600][64.435s][info][gc,metaspace] Metaspace: 73171K(74048K)->73172K(74048K) NonClass: 63892K(64384K)->63894K(64384K) Class: 9278K(9664K)->9278K(9664K)
[2026-04-03T03:23:07.136+0600][64.435s][info][gc,ergo     ] Pacer for Idle. Initial: 20480K, Alloc Tax Rate: 1.0x
[2026-04-03T03:23:07.138+0600][64.436s][info][gc          ] Trigger: Learning 5 of 5. Free (497M) is below initial threshold (700M)
[2026-04-03T03:23:07.138+0600][64.437s][info][gc,ergo     ] Free: 497M, Max: 256K regular, 274M humongous, Frag: 45% external, 0% internal; Reserve: 51200K, Max: 256K
[2026-04-03T03:23:07.138+0600][64.437s][info][gc,start    ] GC(76) Concurrent reset
[2026-04-03T03:23:07.138+0600][64.437s][info][gc,task     ] GC(76) Using 3 of 6 workers for concurrent reset
[2026-04-03T03:23:07.138+0600][64.437s][info][gc,ergo     ] GC(76) Pacer for Reset. Non-Taxable: 1000M
[2026-04-03T03:23:07.140+0600][64.439s][info][gc          ] GC(76) Concurrent reset 2.042ms
[2026-04-03T03:23:07.140+0600][64.439s][info][gc,start    ] GC(76) Pause Init Mark (unload classes)
[2026-04-03T03:23:07.140+0600][64.439s][info][gc,task     ] GC(76) Using 6 of 6 workers for init marking
[2026-04-03T03:23:07.140+0600][64.439s][info][gc,ergo     ] GC(76) Pacer for Mark. Expected Live: 198M, Free: 495M, Non-Taxable: 50783K, Alloc Tax Rate: 0.5x
[2026-04-03T03:23:07.140+0600][64.439s][info][gc          ] GC(76) Pause Init Mark (unload classes) 0.174ms
[2026-04-03T03:23:07.140+0600][64.439s][info][gc,start    ] GC(76) Concurrent marking roots
[2026-04-03T03:23:07.140+0600][64.439s][info][gc,task     ] GC(76) Using 3 of 6 workers for concurrent marking roots
[2026-04-03T03:23:07.142+0600][64.440s][info][gc          ] GC(76) Concurrent marking roots 1.140ms
[2026-04-03T03:23:07.142+0600][64.440s][info][gc,start    ] GC(76) Concurrent marking (unload classes)
[2026-04-03T03:23:07.142+0600][64.440s][info][gc,task     ] GC(76) Using 3 of 6 workers for concurrent marking
[2026-04-03T03:23:07.461+0600][64.760s][info][gc          ] GC(76) Concurrent marking (unload classes) 319.690ms
[2026-04-03T03:23:07.462+0600][64.760s][info][gc,start    ] GC(76) Pause Final Mark (unload classes)
[2026-04-03T03:23:07.462+0600][64.760s][info][gc,task     ] GC(76) Using 6 of 6 workers for final marking
[2026-04-03T03:23:07.462+0600][64.761s][info][gc,ergo     ] GC(76) Adaptive CSet Selection. Target Free: 141M, Actual Free: 453M, Max CSet: 42666K, Min Garbage: 0B
[2026-04-03T03:23:07.462+0600][64.761s][info][gc,ergo     ] GC(76) Collectable Garbage: 174M (96%), Immediate: 18432K (9%), CSet: 156M (86%)
[2026-04-03T03:23:07.462+0600][64.761s][info][gc,ergo     ] GC(76) Pacer for Evacuation. Used CSet: 172M, Free: 404M, Non-Taxable: 41388K, Alloc Tax Rate: 1.1x
[2026-04-03T03:23:07.462+0600][64.761s][info][gc          ] GC(76) Pause Final Mark (unload classes) 0.906ms
[2026-04-03T03:23:07.463+0600][64.761s][info][gc,start    ] GC(76) Concurrent thread roots
[2026-04-03T03:23:07.463+0600][64.761s][info][gc,task     ] GC(76) Using 3 of 6 workers for Concurrent thread roots
[2026-04-03T03:23:07.463+0600][64.762s][info][gc          ] GC(76) Concurrent thread roots 0.847ms
[2026-04-03T03:23:07.464+0600][64.762s][info][gc,start    ] GC(76) Concurrent weak references
[2026-04-03T03:23:07.464+0600][64.762s][info][gc,task     ] GC(76) Using 3 of 6 workers for concurrent weak references
[2026-04-03T03:23:07.464+0600][64.763s][info][gc,ref      ] GC(76) Encountered references: Soft: 3175, Weak: 6350, Final: 84, Phantom: 601
[2026-04-03T03:23:07.464+0600][64.763s][info][gc,ref      ] GC(76) Discovered  references: Soft: 0, Weak: 3677, Final: 50, Phantom: 598
[2026-04-03T03:23:07.464+0600][64.763s][info][gc,ref      ] GC(76) Enqueued    references: Soft: 0, Weak: 0, Final: 0, Phantom: 0
[2026-04-03T03:23:07.464+0600][64.763s][info][gc          ] GC(76) Concurrent weak references 0.751ms
[2026-04-03T03:23:07.464+0600][64.763s][info][gc,start    ] GC(76) Concurrent weak roots
[2026-04-03T03:23:07.464+0600][64.763s][info][gc,task     ] GC(76) Using 3 of 6 workers for concurrent weak root
[2026-04-03T03:23:07.466+0600][64.765s][info][gc          ] GC(76) Concurrent weak roots 2.015ms
[2026-04-03T03:23:07.466+0600][64.765s][info][gc,start    ] GC(76) Concurrent cleanup
[2026-04-03T03:23:07.467+0600][64.766s][info][gc          ] GC(76) Concurrent cleanup 562M->544M(676M) 0.612ms
[2026-04-03T03:23:07.467+0600][64.766s][info][gc,ergo     ] GC(76) Free: 402M, Max: 256K regular, 274M humongous, Frag: 32% external, 0% internal; Reserve: 51133K, Max: 256K
[2026-04-03T03:23:07.467+0600][64.766s][info][gc,start    ] GC(76) Concurrent class unloading
[2026-04-03T03:23:07.467+0600][64.766s][info][gc,task     ] GC(76) Using 3 of 6 workers for concurrent class unloading
[2026-04-03T03:23:07.473+0600][64.771s][info][gc          ] GC(76) Concurrent class unloading 5.572ms
[2026-04-03T03:23:07.473+0600][64.771s][info][gc,start    ] GC(76) Concurrent strong roots
[2026-04-03T03:23:07.473+0600][64.771s][info][gc,task     ] GC(76) Using 3 of 6 workers for concurrent strong root
[2026-04-03T03:23:07.473+0600][64.772s][info][gc          ] GC(76) Concurrent strong roots 0.778ms
[2026-04-03T03:23:07.473+0600][64.772s][info][gc,start    ] GC(76) Concurrent evacuation
[2026-04-03T03:23:07.473+0600][64.772s][info][gc,task     ] GC(76) Using 3 of 6 workers for concurrent evacuation
[2026-04-03T03:23:07.495+0600][64.794s][info][gc          ] GC(76) Concurrent evacuation 21.815ms
[2026-04-03T03:23:07.496+0600][64.794s][info][gc,start    ] GC(76) Pause Init Update Refs
[2026-04-03T03:23:07.496+0600][64.794s][info][gc,ergo     ] GC(76) Pacer for Update Refs. Used: 569M, Free: 393M, Non-Taxable: 40312K, Alloc Tax Rate: 1.8x
[2026-04-03T03:23:07.496+0600][64.794s][info][gc          ] GC(76) Pause Init Update Refs 0.148ms
[2026-04-03T03:23:07.496+0600][64.795s][info][gc,start    ] GC(76) Concurrent update references
[2026-04-03T03:23:07.496+0600][64.795s][info][gc,task     ] GC(76) Using 3 of 6 workers for concurrent reference update
[2026-04-03T03:23:07.657+0600][64.956s][info][gc          ] GC(76) Concurrent update references 160.986ms
[2026-04-03T03:23:07.657+0600][64.956s][info][gc,start    ] GC(76) Concurrent update thread roots
[2026-04-03T03:23:07.658+0600][64.957s][info][gc          ] GC(76) Concurrent update thread roots 1.182ms
[2026-04-03T03:23:07.658+0600][64.957s][info][gc,start    ] GC(76) Pause Final Update Refs
[2026-04-03T03:23:07.658+0600][64.957s][info][gc,task     ] GC(76) Using 6 of 6 workers for final reference update
[2026-04-03T03:23:07.658+0600][64.957s][info][gc          ] GC(76) Pause Final Update Refs 0.202ms
[2026-04-03T03:23:07.659+0600][64.957s][info][gc,start    ] GC(76) Concurrent cleanup
[2026-04-03T03:23:07.659+0600][64.958s][info][gc          ] GC(76) Concurrent cleanup 602M->429M(692M) 0.747ms
[2026-04-03T03:23:07.659+0600][64.958s][info][gc,ergo     ] Free: 516M, Max: 256K regular, 306M humongous, Frag: 41% external, 0% internal; Reserve: 51200K, Max: 256K
[2026-04-03T03:23:07.659+0600][64.958s][info][gc,stats    ] 
[2026-04-03T03:23:07.659+0600][64.958s][info][gc,stats    ] All times are wall-clock times, except per-root-class counters, that are sum over
[2026-04-03T03:23:07.659+0600][64.958s][info][gc,stats    ] all workers. Dividing the <total> over the root stage time estimates parallelism.
[2026-04-03T03:23:07.659+0600][64.958s][info][gc,stats    ] 
[2026-04-03T03:23:07.659+0600][64.958s][info][gc,stats    ] Concurrent Reset                   2117 us
[2026-04-03T03:23:07.659+0600][64.958s][info][gc,stats    ] Pause Init Mark (G)                 453 us
[2026-04-03T03:23:07.659+0600][64.958s][info][gc,stats    ] Pause Init Mark (N)                 188 us
[2026-04-03T03:23:07.659+0600][64.958s][info][gc,stats    ]   Update Region States               67 us
[2026-04-03T03:23:07.659+0600][64.958s][info][gc,stats    ] Concurrent Mark Roots              1184 us, parallelism: 1.88x
[2026-04-03T03:23:07.659+0600][64.958s][info][gc,stats    ]   CMR: <total>                     2224 us
[2026-04-03T03:23:07.659+0600][64.958s][info][gc,stats    ]   CMR: Thread Roots                1823 us, workers (us): 725, 379, 719, ---, ---, ---, 
[2026-04-03T03:23:07.659+0600][64.958s][info][gc,stats    ]   CMR: VM Strong Roots               55 us, workers (us):  28,  15,  11, ---, ---, ---, 
[2026-04-03T03:23:07.660+0600][64.958s][info][gc,stats    ]   CMR: CLDG Roots                   347 us, workers (us): ---, 347, ---, ---, ---, ---, 
[2026-04-03T03:23:07.660+0600][64.958s][info][gc,stats    ] Concurrent Marking               319769 us
[2026-04-03T03:23:07.660+0600][64.958s][info][gc,stats    ] Pause Final Mark (G)               1241 us
[2026-04-03T03:23:07.660+0600][64.958s][info][gc,stats    ] Pause Final Mark (N)                918 us
[2026-04-03T03:23:07.660+0600][64.958s][info][gc,stats    ]   Finish Mark                       275 us
[2026-04-03T03:23:07.660+0600][64.958s][info][gc,stats    ]   Update Region States               51 us
[2026-04-03T03:23:07.660+0600][64.958s][info][gc,stats    ]   Choose Collection Set             421 us
[2026-04-03T03:23:07.660+0600][64.958s][info][gc,stats    ]   Rebuild Free Set                   46 us
[2026-04-03T03:23:07.660+0600][64.958s][info][gc,stats    ] Concurrent Thread Roots             893 us, parallelism: 1.53x
[2026-04-03T03:23:07.660+0600][64.958s][info][gc,stats    ]   CTR: <total>                     1368 us
[2026-04-03T03:23:07.660+0600][64.958s][info][gc,stats    ]   CTR: Thread Roots                1368 us, workers (us): 511, 463, 394, ---, ---, ---, 
[2026-04-03T03:23:07.660+0600][64.958s][info][gc,stats    ] Concurrent Weak References          761 us, parallelism: 0.70x
[2026-04-03T03:23:07.660+0600][64.958s][info][gc,stats    ]   CWRF: <total>                     536 us
[2026-04-03T03:23:07.660+0600][64.958s][info][gc,stats    ]   CWRF: Weak References             536 us, workers (us):  56, 479,   1, ---, ---, ---, 
[2026-04-03T03:23:07.660+0600][64.958s][info][gc,stats    ] Concurrent Weak Roots              2072 us
[2026-04-03T03:23:07.660+0600][64.958s][info][gc,stats    ]   Roots                            1811 us, parallelism: 2.56x
[2026-04-03T03:23:07.660+0600][64.958s][info][gc,stats    ]     CWR: <total>                   4634 us
[2026-04-03T03:23:07.660+0600][64.958s][info][gc,stats    ]     CWR: Code Cache Roots          3220 us, workers (us): 1087, 1004, 1128, ---, ---, ---, 
[2026-04-03T03:23:07.660+0600][64.958s][info][gc,stats    ]     CWR: VM Weak Roots             1306 us, workers (us): 505, 401, 400, ---, ---, ---, 
[2026-04-03T03:23:07.660+0600][64.958s][info][gc,stats    ]     CWR: CLDG Roots                 108 us, workers (us): ---, 108, ---, ---, ---, ---, 
[2026-04-03T03:23:07.660+0600][64.958s][info][gc,stats    ]   Rendezvous                        183 us
[2026-04-03T03:23:07.660+0600][64.958s][info][gc,stats    ] Concurrent Cleanup                  626 us
[2026-04-03T03:23:07.660+0600][64.958s][info][gc,stats    ] Concurrent Class Unloading         5632 us
[2026-04-03T03:23:07.660+0600][64.958s][info][gc,stats    ]   Unlink Stale                     5220 us
[2026-04-03T03:23:07.660+0600][64.958s][info][gc,stats    ]     System Dictionary                73 us
[2026-04-03T03:23:07.660+0600][64.958s][info][gc,stats    ]     Weak Class Links                  0 us
[2026-04-03T03:23:07.660+0600][64.958s][info][gc,stats    ]     Code Roots                     5142 us
[2026-04-03T03:23:07.660+0600][64.958s][info][gc,stats    ]   Rendezvous                        317 us
[2026-04-03T03:23:07.660+0600][64.958s][info][gc,stats    ]   Purge Unlinked                     12 us
[2026-04-03T03:23:07.660+0600][64.958s][info][gc,stats    ]     Code Roots                        4 us
[2026-04-03T03:23:07.660+0600][64.959s][info][gc,stats    ]     CLDG                              7 us
[2026-04-03T03:23:07.660+0600][64.959s][info][gc,stats    ]     Exception Caches                  0 us
[2026-04-03T03:23:07.660+0600][64.959s][info][gc,stats    ] Concurrent Strong Roots             827 us, parallelism: 0.57x
[2026-04-03T03:23:07.660+0600][64.959s][info][gc,stats    ]   CSR: <total>                      468 us
[2026-04-03T03:23:07.660+0600][64.959s][info][gc,stats    ]   CSR: VM Strong Roots               30 us, workers (us):  29,   1,   0, ---, ---, ---, 
[2026-04-03T03:23:07.660+0600][64.959s][info][gc,stats    ]   CSR: CLDG Roots                   438 us, workers (us): 438, ---, ---, ---, ---, ---, 
[2026-04-03T03:23:07.660+0600][64.959s][info][gc,stats    ] Concurrent Evacuation             21869 us
[2026-04-03T03:23:07.660+0600][64.959s][info][gc,stats    ] Pause Init Update Refs (G)          386 us
[2026-04-03T03:23:07.660+0600][64.959s][info][gc,stats    ] Pause Init Update Refs (N)          161 us
[2026-04-03T03:23:07.660+0600][64.959s][info][gc,stats    ]   Manage GCLABs                      38 us
[2026-04-03T03:23:07.660+0600][64.959s][info][gc,stats    ] Concurrent Update Refs           161049 us
[2026-04-03T03:23:07.660+0600][64.959s][info][gc,stats    ] Concurrent Update Thread Roots     1227 us
[2026-04-03T03:23:07.660+0600][64.959s][info][gc,stats    ] Pause Final Update Refs (G)         568 us
[2026-04-03T03:23:07.660+0600][64.959s][info][gc,stats    ] Pause Final Update Refs (N)         219 us
[2026-04-03T03:23:07.660+0600][64.959s][info][gc,stats    ]   Update Region States               64 us
[2026-04-03T03:23:07.660+0600][64.959s][info][gc,stats    ]   Trash Collection Set               23 us
[2026-04-03T03:23:07.660+0600][64.959s][info][gc,stats    ]   Rebuild Free Set                   44 us
[2026-04-03T03:23:07.660+0600][64.959s][info][gc,stats    ] Concurrent Cleanup                  768 us
[2026-04-03T03:23:07.660+0600][64.959s][info][gc,stats    ] Pacing                           264622 us
[2026-04-03T03:23:07.660+0600][64.959s][info][gc,stats    ] 
[2026-04-03T03:23:07.660+0600][64.959s][info][gc,stats    ] Allocation pacing accrued:
[2026-04-03T03:23:07.660+0600][64.959s][info][gc,stats    ]      77 of   523 ms ( 14.8%): Executor task launch worker for task 1.0 in stage 27.0 (TID 40)
[2026-04-03T03:23:07.660+0600][64.959s][info][gc,stats    ]     100 of   523 ms ( 19.1%): Executor task launch worker for task 2.0 in stage 27.0 (TID 41)
[2026-04-03T03:23:07.660+0600][64.959s][info][gc,stats    ]      87 of   523 ms ( 16.7%): Executor task launch worker for task 0.0 in stage 27.0 (TID 39)
[2026-04-03T03:23:07.660+0600][64.959s][info][gc,stats    ]     265 of   523 ms ( 50.6%): <total>
[2026-04-03T03:23:07.660+0600][64.959s][info][gc,stats    ]       1 of   523 ms (  0.3%): <average total>
[2026-04-03T03:23:07.660+0600][64.959s][info][gc,stats    ]      88 of   523 ms ( 16.9%): <average non-zero>
[2026-04-03T03:23:07.660+0600][64.959s][info][gc,stats    ] 
[2026-04-03T03:23:07.660+0600][64.959s][info][gc,metaspace] Metaspace: 73172K(74048K)->73180K(74048K) NonClass: 63894K(64384K)->63902K(64384K) Class: 9278K(9664K)->9278K(9664K)
[2026-04-03T03:23:07.660+0600][64.959s][info][gc,ergo     ] Pacer for Idle. Initial: 20480K, Alloc Tax Rate: 1.0x
[2026-04-03T03:23:08.022+0600][65.320s][info][gc          ] Trigger: Average GC time (634.61 ms) is above the time for average allocation rate (474 MB/s) to deplete free headroom (299M) (margin of error = 1.78)
[2026-04-03T03:23:08.022+0600][65.320s][info][gc,ergo     ] Free headroom: 349M (free) - 51200K (spike) - 0B (penalties) = 299M
[2026-04-03T03:23:08.022+0600][65.320s][info][gc,ergo     ] Free: 349M, Max: 256K regular, 306M humongous, Frag: 13% external, 0% internal; Reserve: 51200K, Max: 256K
[2026-04-03T03:23:08.022+0600][65.320s][info][gc,start    ] GC(77) Concurrent reset
[2026-04-03T03:23:08.022+0600][65.320s][info][gc,task     ] GC(77) Using 3 of 6 workers for concurrent reset
[2026-04-03T03:23:08.022+0600][65.320s][info][gc,ergo     ] GC(77) Pacer for Reset. Non-Taxable: 1000M
[2026-04-03T03:23:08.023+0600][65.322s][info][gc          ] GC(77) Concurrent reset 1.497ms
[2026-04-03T03:23:08.023+0600][65.322s][info][gc,start    ] GC(77) Pause Init Mark (unload classes)
[2026-04-03T03:23:08.023+0600][65.322s][info][gc,task     ] GC(77) Using 6 of 6 workers for init marking
[2026-04-03T03:23:08.023+0600][65.322s][info][gc,ergo     ] GC(77) Pacer for Mark. Expected Live: 210M, Free: 348M, Non-Taxable: 35704K, Alloc Tax Rate: 0.7x
[2026-04-03T03:23:08.023+0600][65.322s][info][gc          ] GC(77) Pause Init Mark (unload classes) 0.140ms
[2026-04-03T03:23:08.024+0600][65.322s][info][gc,start    ] GC(77) Concurrent marking roots
[2026-04-03T03:23:08.024+0600][65.322s][info][gc,task     ] GC(77) Using 3 of 6 workers for concurrent marking roots
[2026-04-03T03:23:08.024+0600][65.323s][info][gc          ] GC(77) Concurrent marking roots 0.825ms
[2026-04-03T03:23:08.024+0600][65.323s][info][gc,start    ] GC(77) Concurrent marking (unload classes)
[2026-04-03T03:23:08.024+0600][65.323s][info][gc,task     ] GC(77) Using 3 of 6 workers for concurrent marking
[2026-04-03T03:23:08.268+0600][65.567s][info][gc          ] GC(77) Concurrent marking (unload classes) 243.591ms
[2026-04-03T03:23:08.268+0600][65.567s][info][gc,start    ] GC(77) Pause Final Mark (unload classes)
[2026-04-03T03:23:08.268+0600][65.567s][info][gc,task     ] GC(77) Using 6 of 6 workers for final marking
[2026-04-03T03:23:08.269+0600][65.568s][info][gc,ergo     ] GC(77) Adaptive CSet Selection. Target Free: 141M, Actual Free: 439M, Max CSet: 42666K, Min Garbage: 0B
[2026-04-03T03:23:08.269+0600][65.568s][info][gc,ergo     ] GC(77) Collectable Garbage: 363M (97%), Immediate: 111M (29%), CSet: 252M (67%)
[2026-04-03T03:23:08.270+0600][65.568s][info][gc,ergo     ] GC(77) Pacer for Evacuation. Used CSet: 288M, Free: 390M, Non-Taxable: 40031K, Alloc Tax Rate: 1.8x
[2026-04-03T03:23:08.270+0600][65.568s][info][gc          ] GC(77) Pause Final Mark (unload classes) 1.291ms
[2026-04-03T03:23:08.270+0600][65.568s][info][gc,start    ] GC(77) Concurrent thread roots
[2026-04-03T03:23:08.270+0600][65.569s][info][gc,task     ] GC(77) Using 3 of 6 workers for Concurrent thread roots
[2026-04-03T03:23:08.270+0600][65.569s][info][gc          ] GC(77) Concurrent thread roots 0.717ms
[2026-04-03T03:23:08.270+0600][65.569s][info][gc,start    ] GC(77) Concurrent weak references
[2026-04-03T03:23:08.270+0600][65.569s][info][gc,task     ] GC(77) Using 3 of 6 workers for concurrent weak references
[2026-04-03T03:23:08.271+0600][65.570s][info][gc,ref      ] GC(77) Encountered references: Soft: 3175, Weak: 6354, Final: 84, Phantom: 603
[2026-04-03T03:23:08.271+0600][65.570s][info][gc,ref      ] GC(77) Discovered  references: Soft: 0, Weak: 1403, Final: 2, Phantom: 347
[2026-04-03T03:23:08.271+0600][65.570s][info][gc,ref      ] GC(77) Enqueued    references: Soft: 0, Weak: 6, Final: 0, Phantom: 0
[2026-04-03T03:23:08.271+0600][65.570s][info][gc          ] GC(77) Concurrent weak references 0.398ms
[2026-04-03T03:23:08.271+0600][65.570s][info][gc,start    ] GC(77) Concurrent weak roots
[2026-04-03T03:23:08.271+0600][65.570s][info][gc,task     ] GC(77) Using 3 of 6 workers for concurrent weak root
[2026-04-03T03:23:08.273+0600][65.572s][info][gc          ] GC(77) Concurrent weak roots 1.998ms
[2026-04-03T03:23:08.273+0600][65.572s][info][gc,start    ] GC(77) Concurrent cleanup
[2026-04-03T03:23:08.273+0600][65.572s][info][gc          ] GC(77) Concurrent cleanup 670M->558M(692M) 0.296ms
[2026-04-03T03:23:08.273+0600][65.572s][info][gc,ergo     ] GC(77) Free: 389M, Max: 256K regular, 292M humongous, Frag: 25% external, 0% internal; Reserve: 50694K, Max: 256K
[2026-04-03T03:23:08.273+0600][65.572s][info][gc,start    ] GC(77) Concurrent class unloading
[2026-04-03T03:23:08.273+0600][65.572s][info][gc,task     ] GC(77) Using 3 of 6 workers for concurrent class unloading
[2026-04-03T03:23:08.279+0600][65.578s][info][gc          ] GC(77) Concurrent class unloading 6.188ms
[2026-04-03T03:23:08.280+0600][65.578s][info][gc,start    ] GC(77) Concurrent strong roots
[2026-04-03T03:23:08.280+0600][65.578s][info][gc,task     ] GC(77) Using 3 of 6 workers for concurrent strong root
[2026-04-03T03:23:08.280+0600][65.579s][info][gc          ] GC(77) Concurrent strong roots 0.797ms
[2026-04-03T03:23:08.280+0600][65.579s][info][gc,start    ] GC(77) Concurrent evacuation
[2026-04-03T03:23:08.280+0600][65.579s][info][gc,task     ] GC(77) Using 3 of 6 workers for concurrent evacuation
[2026-04-03T03:23:08.320+0600][65.618s][info][gc          ] GC(77) Concurrent evacuation 39.139ms
[2026-04-03T03:23:08.320+0600][65.619s][info][gc,start    ] GC(77) Pause Init Update Refs
[2026-04-03T03:23:08.320+0600][65.619s][info][gc,ergo     ] GC(77) Pacer for Update Refs. Used: 621M, Free: 363M, Non-Taxable: 37189K, Alloc Tax Rate: 2.1x
[2026-04-03T03:23:08.320+0600][65.619s][info][gc          ] GC(77) Pause Init Update Refs 0.153ms
[2026-04-03T03:23:08.320+0600][65.619s][info][gc,start    ] GC(77) Concurrent update references
[2026-04-03T03:23:08.320+0600][65.619s][info][gc,task     ] GC(77) Using 3 of 6 workers for concurrent reference update
[2026-04-03T03:23:08.470+0600][65.769s][info][gc          ] GC(77) Concurrent update references 149.709ms
[2026-04-03T03:23:08.470+0600][65.769s][info][gc,start    ] GC(77) Concurrent update thread roots
[2026-04-03T03:23:08.471+0600][65.770s][info][gc          ] GC(77) Concurrent update thread roots 1.548ms
[2026-04-03T03:23:08.472+0600][65.770s][info][gc,start    ] GC(77) Pause Final Update Refs
[2026-04-03T03:23:08.472+0600][65.771s][info][gc,task     ] GC(77) Using 6 of 6 workers for final reference update
[2026-04-03T03:23:08.472+0600][65.771s][info][gc          ] GC(77) Pause Final Update Refs 0.368ms
[2026-04-03T03:23:08.472+0600][65.771s][info][gc,start    ] GC(77) Concurrent cleanup
[2026-04-03T03:23:08.473+0600][65.772s][info][gc          ] GC(77) Concurrent cleanup 713M->425M(716M) 0.916ms
[2026-04-03T03:23:08.473+0600][65.772s][info][gc,ergo     ] Free: 521M, Max: 256K regular, 283M humongous, Frag: 46% external, 0% internal; Reserve: 51200K, Max: 256K
[2026-04-03T03:23:08.473+0600][65.772s][info][gc,stats    ] 
[2026-04-03T03:23:08.473+0600][65.772s][info][gc,stats    ] All times are wall-clock times, except per-root-class counters, that are sum over
[2026-04-03T03:23:08.473+0600][65.772s][info][gc,stats    ] all workers. Dividing the <total> over the root stage time estimates parallelism.
[2026-04-03T03:23:08.473+0600][65.772s][info][gc,stats    ] 
[2026-04-03T03:23:08.473+0600][65.772s][info][gc,stats    ] Concurrent Reset                   1551 us
[2026-04-03T03:23:08.473+0600][65.772s][info][gc,stats    ] Pause Init Mark (G)                 407 us
[2026-04-03T03:23:08.473+0600][65.772s][info][gc,stats    ] Pause Init Mark (N)                 150 us
[2026-04-03T03:23:08.473+0600][65.772s][info][gc,stats    ]   Update Region States               43 us
[2026-04-03T03:23:08.473+0600][65.772s][info][gc,stats    ] Concurrent Mark Roots               865 us, parallelism: 1.60x
[2026-04-03T03:23:08.473+0600][65.772s][info][gc,stats    ]   CMR: <total>                     1387 us
[2026-04-03T03:23:08.473+0600][65.772s][info][gc,stats    ]   CMR: Thread Roots                1190 us, workers (us): 288, 450, 452, ---, ---, ---, 
[2026-04-03T03:23:08.473+0600][65.772s][info][gc,stats    ]   CMR: VM Strong Roots               30 us, workers (us):  29,   1,   1, ---, ---, ---, 
[2026-04-03T03:23:08.473+0600][65.772s][info][gc,stats    ]   CMR: CLDG Roots                   167 us, workers (us): 167, ---, ---, ---, ---, ---, 
[2026-04-03T03:23:08.473+0600][65.772s][info][gc,stats    ] Concurrent Marking               243674 us
[2026-04-03T03:23:08.473+0600][65.772s][info][gc,stats    ] Pause Final Mark (G)               1522 us
[2026-04-03T03:23:08.473+0600][65.772s][info][gc,stats    ] Pause Final Mark (N)               1303 us
[2026-04-03T03:23:08.473+0600][65.772s][info][gc,stats    ]   Finish Mark                       259 us
[2026-04-03T03:23:08.473+0600][65.772s][info][gc,stats    ]   Update Region States               69 us
[2026-04-03T03:23:08.473+0600][65.772s][info][gc,stats    ]   Choose Collection Set             776 us
[2026-04-03T03:23:08.473+0600][65.772s][info][gc,stats    ]   Rebuild Free Set                   78 us
[2026-04-03T03:23:08.473+0600][65.772s][info][gc,stats    ] Concurrent Thread Roots             754 us, parallelism: 1.85x
[2026-04-03T03:23:08.473+0600][65.772s][info][gc,stats    ]   CTR: <total>                     1395 us
[2026-04-03T03:23:08.473+0600][65.772s][info][gc,stats    ]   CTR: Thread Roots                1395 us, workers (us): 497, 462, 435, ---, ---, ---, 
[2026-04-03T03:23:08.473+0600][65.772s][info][gc,stats    ] Concurrent Weak References          410 us, parallelism: 0.57x
[2026-04-03T03:23:08.473+0600][65.772s][info][gc,stats    ]   CWRF: <total>                     233 us
[2026-04-03T03:23:08.473+0600][65.772s][info][gc,stats    ]   CWRF: Weak References             233 us, workers (us): 188,  40,   5, ---, ---, ---, 
[2026-04-03T03:23:08.473+0600][65.772s][info][gc,stats    ] Concurrent Weak Roots              2044 us
[2026-04-03T03:23:08.473+0600][65.772s][info][gc,stats    ]   Roots                            1671 us, parallelism: 2.39x
[2026-04-03T03:23:08.473+0600][65.772s][info][gc,stats    ]     CWR: <total>                   3993 us
[2026-04-03T03:23:08.474+0600][65.772s][info][gc,stats    ]     CWR: Code Cache Roots          2544 us, workers (us): 797, 882, 865, ---, ---, ---, 
[2026-04-03T03:23:08.474+0600][65.772s][info][gc,stats    ]     CWR: VM Weak Roots             1355 us, workers (us): 484, 439, 432, ---, ---, ---, 
[2026-04-03T03:23:08.474+0600][65.772s][info][gc,stats    ]     CWR: CLDG Roots                  94 us, workers (us):  94, ---, ---, ---, ---, ---, 
[2026-04-03T03:23:08.474+0600][65.772s][info][gc,stats    ]   Rendezvous                        294 us
[2026-04-03T03:23:08.474+0600][65.772s][info][gc,stats    ] Concurrent Cleanup                  315 us
[2026-04-03T03:23:08.474+0600][65.772s][info][gc,stats    ] Concurrent Class Unloading         6266 us
[2026-04-03T03:23:08.474+0600][65.772s][info][gc,stats    ]   Unlink Stale                     5358 us
[2026-04-03T03:23:08.474+0600][65.772s][info][gc,stats    ]     System Dictionary                84 us
[2026-04-03T03:23:08.474+0600][65.772s][info][gc,stats    ]     Weak Class Links                  0 us
[2026-04-03T03:23:08.474+0600][65.772s][info][gc,stats    ]     Code Roots                     5269 us
[2026-04-03T03:23:08.474+0600][65.772s][info][gc,stats    ]   Rendezvous                        375 us
[2026-04-03T03:23:08.474+0600][65.772s][info][gc,stats    ]   Purge Unlinked                    426 us
[2026-04-03T03:23:08.474+0600][65.772s][info][gc,stats    ]     Code Roots                      415 us
[2026-04-03T03:23:08.474+0600][65.772s][info][gc,stats    ]     CLDG                             10 us
[2026-04-03T03:23:08.474+0600][65.772s][info][gc,stats    ]     Exception Caches                  0 us
[2026-04-03T03:23:08.474+0600][65.772s][info][gc,stats    ] Concurrent Strong Roots             849 us, parallelism: 0.53x
[2026-04-03T03:23:08.474+0600][65.772s][info][gc,stats    ]   CSR: <total>                      449 us
[2026-04-03T03:23:08.474+0600][65.772s][info][gc,stats    ]   CSR: VM Strong Roots               54 us, workers (us):  25,  23,   6, ---, ---, ---, 
[2026-04-03T03:23:08.474+0600][65.772s][info][gc,stats    ]   CSR: CLDG Roots                   395 us, workers (us): ---, 395, ---, ---, ---, ---, 
[2026-04-03T03:23:08.474+0600][65.772s][info][gc,stats    ] Concurrent Evacuation             39232 us
[2026-04-03T03:23:08.474+0600][65.772s][info][gc,stats    ] Pause Init Update Refs (G)          411 us
[2026-04-03T03:23:08.474+0600][65.772s][info][gc,stats    ] Pause Init Update Refs (N)          169 us
[2026-04-03T03:23:08.474+0600][65.772s][info][gc,stats    ]   Manage GCLABs                      58 us
[2026-04-03T03:23:08.474+0600][65.772s][info][gc,stats    ] Concurrent Update Refs           149808 us
[2026-04-03T03:23:08.474+0600][65.772s][info][gc,stats    ] Concurrent Update Thread Roots     1609 us
[2026-04-03T03:23:08.474+0600][65.772s][info][gc,stats    ] Pause Final Update Refs (G)         782 us
[2026-04-03T03:23:08.474+0600][65.773s][info][gc,stats    ] Pause Final Update Refs (N)         397 us
[2026-04-03T03:23:08.474+0600][65.773s][info][gc,stats    ]   Update Region States               62 us
[2026-04-03T03:23:08.474+0600][65.773s][info][gc,stats    ]   Trash Collection Set               32 us
[2026-04-03T03:23:08.474+0600][65.773s][info][gc,stats    ]   Rebuild Free Set                   66 us
[2026-04-03T03:23:08.474+0600][65.773s][info][gc,stats    ] Concurrent Cleanup                  944 us
[2026-04-03T03:23:08.474+0600][65.773s][info][gc,stats    ] Pacing                           355875 us
[2026-04-03T03:23:08.474+0600][65.773s][info][gc,stats    ] 
[2026-04-03T03:23:08.474+0600][65.773s][info][gc,stats    ] Allocation pacing accrued:
[2026-04-03T03:23:08.474+0600][65.773s][info][gc,stats    ]     119 of   814 ms ( 14.6%): Executor task launch worker for task 1.0 in stage 27.0 (TID 40)
[2026-04-03T03:23:08.474+0600][65.773s][info][gc,stats    ]     119 of   814 ms ( 14.6%): Executor task launch worker for task 2.0 in stage 27.0 (TID 41)
[2026-04-03T03:23:08.474+0600][65.773s][info][gc,stats    ]     118 of   814 ms ( 14.5%): Executor task launch worker for task 0.0 in stage 27.0 (TID 39)
[2026-04-03T03:23:08.474+0600][65.773s][info][gc,stats    ]     356 of   814 ms ( 43.7%): <total>
[2026-04-03T03:23:08.474+0600][65.773s][info][gc,stats    ]       2 of   814 ms (  0.2%): <average total>
[2026-04-03T03:23:08.474+0600][65.773s][info][gc,stats    ]     119 of   814 ms ( 14.6%): <average non-zero>
[2026-04-03T03:23:08.474+0600][65.773s][info][gc,stats    ] 
[2026-04-03T03:23:08.474+0600][65.773s][info][gc,metaspace] Metaspace: 73205K(74048K)->73205K(74048K) NonClass: 63923K(64384K)->63924K(64384K) Class: 9281K(9664K)->9281K(9664K)
[2026-04-03T03:23:08.474+0600][65.773s][info][gc,ergo     ] Pacer for Idle. Initial: 20480K, Alloc Tax Rate: 1.0x
[2026-04-03T03:23:08.575+0600][65.874s][info][gc          ] Trigger: Average GC time (578.64 ms) is above the time for average allocation rate (775 MB/s) to deplete free headroom (361M) (margin of error = 1.79)
[2026-04-03T03:23:08.575+0600][65.874s][info][gc,ergo     ] Free headroom: 411M (free) - 51200K (spike) - 0B (penalties) = 361M
[2026-04-03T03:23:08.575+0600][65.874s][info][gc,ergo     ] Free: 411M, Max: 256K regular, 283M humongous, Frag: 32% external, 0% internal; Reserve: 51200K, Max: 256K
[2026-04-03T03:23:08.575+0600][65.874s][info][gc,start    ] GC(78) Concurrent reset
[2026-04-03T03:23:08.575+0600][65.874s][info][gc,task     ] GC(78) Using 3 of 6 workers for concurrent reset
[2026-04-03T03:23:08.575+0600][65.874s][info][gc,ergo     ] GC(78) Pacer for Reset. Non-Taxable: 1000M
[2026-04-03T03:23:08.577+0600][65.876s][info][gc          ] GC(78) Concurrent reset 1.623ms
[2026-04-03T03:23:08.577+0600][65.876s][info][gc,start    ] GC(78) Pause Init Mark (unload classes)
[2026-04-03T03:23:08.577+0600][65.876s][info][gc,task     ] GC(78) Using 6 of 6 workers for init marking
[2026-04-03T03:23:08.577+0600][65.876s][info][gc,ergo     ] GC(78) Pacer for Mark. Expected Live: 226M, Free: 406M, Non-Taxable: 41643K, Alloc Tax Rate: 0.7x
[2026-04-03T03:23:08.577+0600][65.876s][info][gc          ] GC(78) Pause Init Mark (unload classes) 0.192ms
[2026-04-03T03:23:08.578+0600][65.876s][info][gc,start    ] GC(78) Concurrent marking roots
[2026-04-03T03:23:08.578+0600][65.876s][info][gc,task     ] GC(78) Using 3 of 6 workers for concurrent marking roots
[2026-04-03T03:23:08.579+0600][65.878s][info][gc          ] GC(78) Concurrent marking roots 1.190ms
[2026-04-03T03:23:08.579+0600][65.878s][info][gc,start    ] GC(78) Concurrent marking (unload classes)
[2026-04-03T03:23:08.579+0600][65.878s][info][gc,task     ] GC(78) Using 3 of 6 workers for concurrent marking
[2026-04-03T03:23:08.875+0600][66.174s][info][gc          ] GC(78) Concurrent marking (unload classes) 296.005ms
[2026-04-03T03:23:08.875+0600][66.174s][info][gc,start    ] GC(78) Pause Final Mark (unload classes)
[2026-04-03T03:23:08.875+0600][66.174s][info][gc,task     ] GC(78) Using 6 of 6 workers for final marking
[2026-04-03T03:23:08.876+0600][66.174s][info][gc,ergo     ] GC(78) Adaptive CSet Selection. Target Free: 141M, Actual Free: 399M, Max CSet: 42666K, Min Garbage: 0B
[2026-04-03T03:23:08.876+0600][66.175s][info][gc,ergo     ] GC(78) Collectable Garbage: 320M (96%), Immediate: 22272K (6%), CSet: 298M (90%)
[2026-04-03T03:23:08.876+0600][66.175s][info][gc,ergo     ] GC(78) Pacer for Evacuation. Used CSet: 322M, Free: 349M, Non-Taxable: 35807K, Alloc Tax Rate: 2.3x
[2026-04-03T03:23:08.876+0600][66.175s][info][gc          ] GC(78) Pause Final Mark (unload classes) 1.211ms
[2026-04-03T03:23:08.876+0600][66.175s][info][gc,start    ] GC(78) Concurrent thread roots
[2026-04-03T03:23:08.877+0600][66.175s][info][gc,task     ] GC(78) Using 3 of 6 workers for Concurrent thread roots
[2026-04-03T03:23:08.877+0600][66.176s][info][gc          ] GC(78) Concurrent thread roots 0.847ms
[2026-04-03T03:23:08.877+0600][66.176s][info][gc,start    ] GC(78) Concurrent weak references
[2026-04-03T03:23:08.877+0600][66.176s][info][gc,task     ] GC(78) Using 3 of 6 workers for concurrent weak references
[2026-04-03T03:23:08.878+0600][66.177s][info][gc,ref      ] GC(78) Encountered references: Soft: 3175, Weak: 6348, Final: 84, Phantom: 603
[2026-04-03T03:23:08.878+0600][66.177s][info][gc,ref      ] GC(78) Discovered  references: Soft: 0, Weak: 3191, Final: 68, Phantom: 600
[2026-04-03T03:23:08.878+0600][66.177s][info][gc,ref      ] GC(78) Enqueued    references: Soft: 0, Weak: 0, Final: 0, Phantom: 0
[2026-04-03T03:23:08.878+0600][66.177s][info][gc          ] GC(78) Concurrent weak references 0.803ms
[2026-04-03T03:23:08.878+0600][66.177s][info][gc,start    ] GC(78) Concurrent weak roots
[2026-04-03T03:23:08.878+0600][66.177s][info][gc,task     ] GC(78) Using 3 of 6 workers for concurrent weak root
[2026-04-03T03:23:08.881+0600][66.180s][info][gc          ] GC(78) Concurrent weak roots 2.732ms
[2026-04-03T03:23:08.881+0600][66.180s][info][gc,start    ] GC(78) Concurrent cleanup
[2026-04-03T03:23:08.882+0600][66.180s][info][gc          ] GC(78) Concurrent cleanup 621M->599M(716M) 0.698ms
[2026-04-03T03:23:08.882+0600][66.180s][info][gc,ergo     ] GC(78) Free: 347M, Max: 256K regular, 283M humongous, Frag: 19% external, 0% internal; Reserve: 50839K, Max: 256K
[2026-04-03T03:23:08.882+0600][66.180s][info][gc,start    ] GC(78) Concurrent class unloading
[2026-04-03T03:23:08.882+0600][66.181s][info][gc,task     ] GC(78) Using 3 of 6 workers for concurrent class unloading
[2026-04-03T03:23:08.888+0600][66.187s][info][gc          ] GC(78) Concurrent class unloading 6.336ms
[2026-04-03T03:23:08.888+0600][66.187s][info][gc,start    ] GC(78) Concurrent strong roots
[2026-04-03T03:23:08.888+0600][66.187s][info][gc,task     ] GC(78) Using 3 of 6 workers for concurrent strong root
[2026-04-03T03:23:08.889+0600][66.188s][info][gc          ] GC(78) Concurrent strong roots 1.068ms
[2026-04-03T03:23:08.889+0600][66.188s][info][gc,start    ] GC(78) Concurrent evacuation
[2026-04-03T03:23:08.889+0600][66.188s][info][gc,task     ] GC(78) Using 3 of 6 workers for concurrent evacuation
[2026-04-03T03:23:08.915+0600][66.214s][info][gc          ] GC(78) Concurrent evacuation 25.592ms
[2026-04-03T03:23:08.915+0600][66.214s][info][gc,start    ] GC(78) Pause Init Update Refs
[2026-04-03T03:23:08.915+0600][66.214s][info][gc,ergo     ] GC(78) Pacer for Update Refs. Used: 640M, Free: 331M, Non-Taxable: 33912K, Alloc Tax Rate: 2.4x
[2026-04-03T03:23:08.915+0600][66.214s][info][gc          ] GC(78) Pause Init Update Refs 0.151ms
[2026-04-03T03:23:08.916+0600][66.214s][info][gc,start    ] GC(78) Concurrent update references
[2026-04-03T03:23:08.916+0600][66.214s][info][gc,task     ] GC(78) Using 3 of 6 workers for concurrent reference update
[2026-04-03T03:23:09.069+0600][66.368s][info][gc          ] GC(78) Concurrent update references 153.886ms
[2026-04-03T03:23:09.069+0600][66.368s][info][gc,start    ] GC(78) Concurrent update thread roots
[2026-04-03T03:23:09.071+0600][66.370s][info][gc          ] GC(78) Concurrent update thread roots 1.232ms
[2026-04-03T03:23:09.071+0600][66.370s][info][gc,start    ] GC(78) Pause Final Update Refs
[2026-04-03T03:23:09.071+0600][66.370s][info][gc,task     ] GC(78) Using 6 of 6 workers for final reference update
[2026-04-03T03:23:09.071+0600][66.370s][info][gc          ] GC(78) Pause Final Update Refs 0.225ms
[2026-04-03T03:23:09.071+0600][66.370s][info][gc,start    ] GC(78) Concurrent cleanup
[2026-04-03T03:23:09.072+0600][66.371s][info][gc          ] GC(78) Concurrent cleanup 716M->394M(765M) 0.451ms
[2026-04-03T03:23:09.072+0600][66.371s][info][gc,ergo     ] Free: 553M, Max: 256K regular, 247M humongous, Frag: 56% external, 0% internal; Reserve: 51200K, Max: 256K
[2026-04-03T03:23:09.072+0600][66.371s][info][gc,stats    ] 
[2026-04-03T03:23:09.072+0600][66.371s][info][gc,stats    ] All times are wall-clock times, except per-root-class counters, that are sum over
[2026-04-03T03:23:09.072+0600][66.371s][info][gc,stats    ] all workers. Dividing the <total> over the root stage time estimates parallelism.
[2026-04-03T03:23:09.072+0600][66.371s][info][gc,stats    ] 
[2026-04-03T03:23:09.072+0600][66.371s][info][gc,stats    ] Concurrent Reset                   1659 us
[2026-04-03T03:23:09.072+0600][66.371s][info][gc,stats    ] Pause Init Mark (G)                 552 us
[2026-04-03T03:23:09.072+0600][66.371s][info][gc,stats    ] Pause Init Mark (N)                 208 us
[2026-04-03T03:23:09.072+0600][66.371s][info][gc,stats    ]   Update Region States               66 us
[2026-04-03T03:23:09.072+0600][66.371s][info][gc,stats    ] Concurrent Mark Roots              1245 us, parallelism: 1.63x
[2026-04-03T03:23:09.072+0600][66.371s][info][gc,stats    ]   CMR: <total>                     2032 us
[2026-04-03T03:23:09.072+0600][66.371s][info][gc,stats    ]   CMR: Thread Roots                1722 us, workers (us): 652, 392, 678, ---, ---, ---, 
[2026-04-03T03:23:09.072+0600][66.371s][info][gc,stats    ]   CMR: VM Strong Roots               55 us, workers (us):  46,   5,   4, ---, ---, ---, 
[2026-04-03T03:23:09.072+0600][66.371s][info][gc,stats    ]   CMR: CLDG Roots                   255 us, workers (us): ---, 255, ---, ---, ---, ---, 
[2026-04-03T03:23:09.072+0600][66.371s][info][gc,stats    ] Concurrent Marking               296089 us
[2026-04-03T03:23:09.072+0600][66.371s][info][gc,stats    ] Pause Final Mark (G)               1562 us
[2026-04-03T03:23:09.072+0600][66.371s][info][gc,stats    ] Pause Final Mark (N)               1224 us
[2026-04-03T03:23:09.072+0600][66.371s][info][gc,stats    ]   Finish Mark                       308 us
[2026-04-03T03:23:09.072+0600][66.371s][info][gc,stats    ]   Update Region States               86 us
[2026-04-03T03:23:09.072+0600][66.371s][info][gc,stats    ]   Choose Collection Set             662 us
[2026-04-03T03:23:09.072+0600][66.371s][info][gc,stats    ]   Rebuild Free Set                   44 us
[2026-04-03T03:23:09.072+0600][66.371s][info][gc,stats    ] Concurrent Thread Roots             893 us, parallelism: 1.88x
[2026-04-03T03:23:09.072+0600][66.371s][info][gc,stats    ]   CTR: <total>                     1675 us
[2026-04-03T03:23:09.072+0600][66.371s][info][gc,stats    ]   CTR: Thread Roots                1675 us, workers (us): 598, 567, 509, ---, ---, ---, 
[2026-04-03T03:23:09.072+0600][66.371s][info][gc,stats    ] Concurrent Weak References          812 us, parallelism: 0.78x
[2026-04-03T03:23:09.072+0600][66.371s][info][gc,stats    ]   CWRF: <total>                     633 us
[2026-04-03T03:23:09.072+0600][66.371s][info][gc,stats    ]   CWRF: Weak References             633 us, workers (us):  67, 565,   0, ---, ---, ---, 
[2026-04-03T03:23:09.072+0600][66.371s][info][gc,stats    ] Concurrent Weak Roots              2785 us
[2026-04-03T03:23:09.072+0600][66.371s][info][gc,stats    ]   Roots                            2429 us, parallelism: 2.49x
[2026-04-03T03:23:09.072+0600][66.371s][info][gc,stats    ]     CWR: <total>                   6046 us
[2026-04-03T03:23:09.072+0600][66.371s][info][gc,stats    ]     CWR: Code Cache Roots          3868 us, workers (us): 1303, 1348, 1216, ---, ---, ---, 
[2026-04-03T03:23:09.072+0600][66.371s][info][gc,stats    ]     CWR: VM Weak Roots             2116 us, workers (us): 709, 707, 700, ---, ---, ---, 
[2026-04-03T03:23:09.072+0600][66.371s][info][gc,stats    ]     CWR: CLDG Roots                  63 us, workers (us): ---, ---,  63, ---, ---, ---, 
[2026-04-03T03:23:09.072+0600][66.371s][info][gc,stats    ]   Rendezvous                        282 us
[2026-04-03T03:23:09.072+0600][66.371s][info][gc,stats    ] Concurrent Cleanup                  714 us
[2026-04-03T03:23:09.072+0600][66.371s][info][gc,stats    ] Concurrent Class Unloading         6416 us
[2026-04-03T03:23:09.072+0600][66.371s][info][gc,stats    ]   Unlink Stale                     5912 us
[2026-04-03T03:23:09.072+0600][66.371s][info][gc,stats    ]     System Dictionary                74 us
[2026-04-03T03:23:09.072+0600][66.371s][info][gc,stats    ]     Weak Class Links                  0 us
[2026-04-03T03:23:09.072+0600][66.371s][info][gc,stats    ]     Code Roots                     5834 us
[2026-04-03T03:23:09.072+0600][66.371s][info][gc,stats    ]   Rendezvous                        322 us
[2026-04-03T03:23:09.072+0600][66.371s][info][gc,stats    ]   Purge Unlinked                     15 us
[2026-04-03T03:23:09.072+0600][66.371s][info][gc,stats    ]     Code Roots                        5 us
[2026-04-03T03:23:09.072+0600][66.371s][info][gc,stats    ]     CLDG                              9 us
[2026-04-03T03:23:09.072+0600][66.371s][info][gc,stats    ]     Exception Caches                  1 us
[2026-04-03T03:23:09.072+0600][66.371s][info][gc,stats    ] Concurrent Strong Roots            1130 us, parallelism: 0.64x
[2026-04-03T03:23:09.072+0600][66.371s][info][gc,stats    ]   CSR: <total>                      723 us
[2026-04-03T03:23:09.072+0600][66.371s][info][gc,stats    ]   CSR: VM Strong Roots               70 us, workers (us):  54,   8,   8, ---, ---, ---, 
[2026-04-03T03:23:09.072+0600][66.371s][info][gc,stats    ]   CSR: CLDG Roots                   653 us, workers (us): 653, ---, ---, ---, ---, ---, 
[2026-04-03T03:23:09.072+0600][66.371s][info][gc,stats    ] Concurrent Evacuation             25688 us
[2026-04-03T03:23:09.072+0600][66.371s][info][gc,stats    ] Pause Init Update Refs (G)          579 us
[2026-04-03T03:23:09.072+0600][66.371s][info][gc,stats    ] Pause Init Update Refs (N)          170 us
[2026-04-03T03:23:09.072+0600][66.371s][info][gc,stats    ]   Manage GCLABs                      55 us
[2026-04-03T03:23:09.072+0600][66.371s][info][gc,stats    ] Concurrent Update Refs           153969 us
[2026-04-03T03:23:09.072+0600][66.371s][info][gc,stats    ] Concurrent Update Thread Roots     1298 us
[2026-04-03T03:23:09.072+0600][66.371s][info][gc,stats    ] Pause Final Update Refs (G)         504 us
[2026-04-03T03:23:09.072+0600][66.371s][info][gc,stats    ] Pause Final Update Refs (N)         253 us
[2026-04-03T03:23:09.073+0600][66.371s][info][gc,stats    ]   Update Region States               67 us
[2026-04-03T03:23:09.073+0600][66.371s][info][gc,stats    ]   Trash Collection Set               27 us
[2026-04-03T03:23:09.073+0600][66.371s][info][gc,stats    ]   Rebuild Free Set                   58 us
[2026-04-03T03:23:09.073+0600][66.371s][info][gc,stats    ] Concurrent Cleanup                  480 us
[2026-04-03T03:23:09.073+0600][66.371s][info][gc,stats    ] Pacing                           466371 us
[2026-04-03T03:23:09.073+0600][66.371s][info][gc,stats    ] 
[2026-04-03T03:23:09.073+0600][66.371s][info][gc,stats    ] Allocation pacing accrued:
[2026-04-03T03:23:09.073+0600][66.371s][info][gc,stats    ]     154 of   599 ms ( 25.7%): Executor task launch worker for task 1.0 in stage 27.0 (TID 40)
[2026-04-03T03:23:09.073+0600][66.371s][info][gc,stats    ]     156 of   599 ms ( 26.1%): Executor task launch worker for task 2.0 in stage 27.0 (TID 41)
[2026-04-03T03:23:09.073+0600][66.371s][info][gc,stats    ]     156 of   599 ms ( 26.1%): Executor task launch worker for task 0.0 in stage 27.0 (TID 39)
[2026-04-03T03:23:09.073+0600][66.371s][info][gc,stats    ]     466 of   599 ms ( 77.9%): <total>
[2026-04-03T03:23:09.073+0600][66.371s][info][gc,stats    ]       2 of   599 ms (  0.4%): <average total>
[2026-04-03T03:23:09.073+0600][66.371s][info][gc,stats    ]     155 of   599 ms ( 26.0%): <average non-zero>
[2026-04-03T03:23:09.073+0600][66.371s][info][gc,stats    ] 
[2026-04-03T03:23:09.073+0600][66.371s][info][gc,metaspace] Metaspace: 73206K(74048K)->73206K(74048K) NonClass: 63924K(64384K)->63924K(64384K) Class: 9281K(9664K)->9281K(9664K)
[2026-04-03T03:23:09.073+0600][66.372s][info][gc,ergo     ] Pacer for Idle. Initial: 20480K, Alloc Tax Rate: 1.0x
[2026-04-03T03:23:09.174+0600][66.473s][info][gc          ] Trigger: Average GC time (564.01 ms) is above the time for average allocation rate (802 MB/s) to deplete free headroom (398M) (margin of error = 1.79)
[2026-04-03T03:23:09.174+0600][66.473s][info][gc,ergo     ] Free headroom: 448M (free) - 51200K (spike) - 0B (penalties) = 398M
[2026-04-03T03:23:09.175+0600][66.473s][info][gc,ergo     ] Free: 448M, Max: 256K regular, 247M humongous, Frag: 45% external, 0% internal; Reserve: 51200K, Max: 256K
[2026-04-03T03:23:09.175+0600][66.473s][info][gc,start    ] GC(79) Concurrent reset
[2026-04-03T03:23:09.175+0600][66.473s][info][gc,task     ] GC(79) Using 3 of 6 workers for concurrent reset
[2026-04-03T03:23:09.175+0600][66.473s][info][gc,ergo     ] GC(79) Pacer for Reset. Non-Taxable: 1000M
[2026-04-03T03:23:09.176+0600][66.475s][info][gc          ] GC(79) Concurrent reset 1.637ms
[2026-04-03T03:23:09.176+0600][66.475s][info][gc,start    ] GC(79) Pause Init Mark (unload classes)
[2026-04-03T03:23:09.176+0600][66.475s][info][gc,task     ] GC(79) Using 6 of 6 workers for init marking
[2026-04-03T03:23:09.177+0600][66.475s][info][gc,ergo     ] GC(79) Pacer for Mark. Expected Live: 236M, Free: 447M, Non-Taxable: 45791K, Alloc Tax Rate: 0.6x
[2026-04-03T03:23:09.177+0600][66.475s][info][gc          ] GC(79) Pause Init Mark (unload classes) 0.167ms
[2026-04-03T03:23:09.177+0600][66.476s][info][gc,start    ] GC(79) Concurrent marking roots
[2026-04-03T03:23:09.177+0600][66.476s][info][gc,task     ] GC(79) Using 3 of 6 workers for concurrent marking roots
[2026-04-03T03:23:09.178+0600][66.477s][info][gc          ] GC(79) Concurrent marking roots 1.054ms
[2026-04-03T03:23:09.178+0600][66.477s][info][gc,start    ] GC(79) Concurrent marking (unload classes)
[2026-04-03T03:23:09.178+0600][66.477s][info][gc,task     ] GC(79) Using 3 of 6 workers for concurrent marking
[2026-04-03T03:23:09.472+0600][66.771s][info][gc          ] GC(79) Concurrent marking (unload classes) 294.247ms
[2026-04-03T03:23:09.472+0600][66.771s][info][gc,start    ] GC(79) Pause Final Mark (unload classes)
[2026-04-03T03:23:09.472+0600][66.771s][info][gc,task     ] GC(79) Using 6 of 6 workers for final marking
[2026-04-03T03:23:09.473+0600][66.772s][info][gc,ergo     ] GC(79) Adaptive CSet Selection. Target Free: 141M, Actual Free: 408M, Max CSet: 42666K, Min Garbage: 0B
[2026-04-03T03:23:09.473+0600][66.772s][info][gc,ergo     ] GC(79) Collectable Garbage: 273M (95%), Immediate: 2048K (0%), CSet: 271M (95%)
[2026-04-03T03:23:09.473+0600][66.772s][info][gc,ergo     ] GC(79) Pacer for Evacuation. Used CSet: 292M, Free: 358M, Non-Taxable: 36754K, Alloc Tax Rate: 2.0x
[2026-04-03T03:23:09.473+0600][66.772s][info][gc          ] GC(79) Pause Final Mark (unload classes) 0.998ms
[2026-04-03T03:23:09.474+0600][66.772s][info][gc,start    ] GC(79) Concurrent thread roots
[2026-04-03T03:23:09.474+0600][66.772s][info][gc,task     ] GC(79) Using 3 of 6 workers for Concurrent thread roots
[2026-04-03T03:23:09.475+0600][66.773s][info][gc          ] GC(79) Concurrent thread roots 1.007ms
[2026-04-03T03:23:09.475+0600][66.773s][info][gc,start    ] GC(79) Concurrent weak references
[2026-04-03T03:23:09.475+0600][66.773s][info][gc,task     ] GC(79) Using 3 of 6 workers for concurrent weak references
[2026-04-03T03:23:09.475+0600][66.774s][info][gc,ref      ] GC(79) Encountered references: Soft: 3175, Weak: 6348, Final: 84, Phantom: 603
[2026-04-03T03:23:09.475+0600][66.774s][info][gc,ref      ] GC(79) Discovered  references: Soft: 0, Weak: 880, Final: 2, Phantom: 599
[2026-04-03T03:23:09.475+0600][66.774s][info][gc,ref      ] GC(79) Enqueued    references: Soft: 0, Weak: 0, Final: 0, Phantom: 0
[2026-04-03T03:23:09.475+0600][66.774s][info][gc          ] GC(79) Concurrent weak references 0.411ms
[2026-04-03T03:23:09.475+0600][66.774s][info][gc,start    ] GC(79) Concurrent weak roots
[2026-04-03T03:23:09.475+0600][66.774s][info][gc,task     ] GC(79) Using 3 of 6 workers for concurrent weak root
[2026-04-03T03:23:09.478+0600][66.777s][info][gc          ] GC(79) Concurrent weak roots 2.906ms
[2026-04-03T03:23:09.478+0600][66.777s][info][gc,start    ] GC(79) Concurrent cleanup
[2026-04-03T03:23:09.479+0600][66.778s][info][gc          ] GC(79) Concurrent cleanup 592M->590M(765M) 0.824ms
[2026-04-03T03:23:09.479+0600][66.778s][info][gc,ergo     ] GC(79) Free: 357M, Max: 256K regular, 247M humongous, Frag: 31% external, 0% internal; Reserve: 50607K, Max: 256K
[2026-04-03T03:23:09.479+0600][66.778s][info][gc,start    ] GC(79) Concurrent class unloading
[2026-04-03T03:23:09.479+0600][66.778s][info][gc,task     ] GC(79) Using 3 of 6 workers for concurrent class unloading
[2026-04-03T03:23:09.487+0600][66.786s][info][gc          ] GC(79) Concurrent class unloading 7.985ms
[2026-04-03T03:23:09.487+0600][66.786s][info][gc,start    ] GC(79) Concurrent strong roots
[2026-04-03T03:23:09.487+0600][66.786s][info][gc,task     ] GC(79) Using 3 of 6 workers for concurrent strong root
[2026-04-03T03:23:09.488+0600][66.787s][info][gc          ] GC(79) Concurrent strong roots 1.023ms
[2026-04-03T03:23:09.488+0600][66.787s][info][gc,start    ] GC(79) Concurrent evacuation
[2026-04-03T03:23:09.488+0600][66.787s][info][gc,task     ] GC(79) Using 3 of 6 workers for concurrent evacuation
[2026-04-03T03:23:09.512+0600][66.811s][info][gc          ] GC(79) Concurrent evacuation 23.747ms
[2026-04-03T03:23:09.512+0600][66.811s][info][gc,start    ] GC(79) Pause Init Update Refs
[2026-04-03T03:23:09.512+0600][66.811s][info][gc,ergo     ] GC(79) Pacer for Update Refs. Used: 625M, Free: 342M, Non-Taxable: 35090K, Alloc Tax Rate: 2.2x
[2026-04-03T03:23:09.512+0600][66.811s][info][gc          ] GC(79) Pause Init Update Refs 0.225ms
[2026-04-03T03:23:09.512+0600][66.811s][info][gc,start    ] GC(79) Concurrent update references
[2026-04-03T03:23:09.513+0600][66.811s][info][gc,task     ] GC(79) Using 3 of 6 workers for concurrent reference update
[2026-04-03T03:23:09.677+0600][66.976s][info][gc          ] GC(79) Concurrent update references 164.891ms
[2026-04-03T03:23:09.677+0600][66.976s][info][gc,start    ] GC(79) Concurrent update thread roots
[2026-04-03T03:23:09.679+0600][66.977s][info][gc          ] GC(79) Concurrent update thread roots 1.119ms
[2026-04-03T03:23:09.679+0600][66.978s][info][gc,start    ] GC(79) Pause Final Update Refs
[2026-04-03T03:23:09.679+0600][66.978s][info][gc,task     ] GC(79) Using 6 of 6 workers for final reference update
[2026-04-03T03:23:09.679+0600][66.978s][info][gc          ] GC(79) Pause Final Update Refs 0.233ms
[2026-04-03T03:23:09.679+0600][66.978s][info][gc,start    ] GC(79) Concurrent cleanup
[2026-04-03T03:23:09.680+0600][66.979s][info][gc          ] GC(79) Concurrent cleanup 720M->428M(772M) 0.549ms
[2026-04-03T03:23:09.680+0600][66.979s][info][gc,ergo     ] Free: 518M, Max: 256K regular, 238M humongous, Frag: 54% external, 0% internal; Reserve: 51200K, Max: 256K
[2026-04-03T03:23:09.680+0600][66.979s][info][gc,stats    ] 
[2026-04-03T03:23:09.680+0600][66.979s][info][gc,stats    ] All times are wall-clock times, except per-root-class counters, that are sum over
[2026-04-03T03:23:09.680+0600][66.979s][info][gc,stats    ] all workers. Dividing the <total> over the root stage time estimates parallelism.
[2026-04-03T03:23:09.680+0600][66.979s][info][gc,stats    ] 
[2026-04-03T03:23:09.680+0600][66.979s][info][gc,stats    ] Concurrent Reset                   1672 us
[2026-04-03T03:23:09.680+0600][66.979s][info][gc,stats    ] Pause Init Mark (G)                 497 us
[2026-04-03T03:23:09.680+0600][66.979s][info][gc,stats    ] Pause Init Mark (N)                 178 us
[2026-04-03T03:23:09.680+0600][66.979s][info][gc,stats    ]   Update Region States               48 us
[2026-04-03T03:23:09.680+0600][66.979s][info][gc,stats    ] Concurrent Mark Roots              1105 us, parallelism: 1.61x
[2026-04-03T03:23:09.680+0600][66.979s][info][gc,stats    ]   CMR: <total>                     1777 us
[2026-04-03T03:23:09.680+0600][66.979s][info][gc,stats    ]   CMR: Thread Roots                1511 us, workers (us): 594, 363, 554, ---, ---, ---, 
[2026-04-03T03:23:09.680+0600][66.979s][info][gc,stats    ]   CMR: VM Strong Roots               43 us, workers (us):  33,   9,   0, ---, ---, ---, 
[2026-04-03T03:23:09.680+0600][66.979s][info][gc,stats    ]   CMR: CLDG Roots                   224 us, workers (us): ---, 224, ---, ---, ---, ---, 
[2026-04-03T03:23:09.680+0600][66.979s][info][gc,stats    ] Concurrent Marking               294330 us
[2026-04-03T03:23:09.680+0600][66.979s][info][gc,stats    ] Pause Final Mark (G)               1333 us
[2026-04-03T03:23:09.680+0600][66.979s][info][gc,stats    ] Pause Final Mark (N)               1010 us
[2026-04-03T03:23:09.680+0600][66.979s][info][gc,stats    ]   Finish Mark                       201 us
[2026-04-03T03:23:09.680+0600][66.979s][info][gc,stats    ]   Update Region States               75 us
[2026-04-03T03:23:09.680+0600][66.979s][info][gc,stats    ]   Choose Collection Set             559 us
[2026-04-03T03:23:09.680+0600][66.979s][info][gc,stats    ]   Rebuild Free Set                   50 us
[2026-04-03T03:23:09.680+0600][66.979s][info][gc,stats    ] Concurrent Thread Roots            1063 us, parallelism: 2.00x
[2026-04-03T03:23:09.680+0600][66.979s][info][gc,stats    ]   CTR: <total>                     2127 us
[2026-04-03T03:23:09.680+0600][66.979s][info][gc,stats    ]   CTR: Thread Roots                2127 us, workers (us): 768, 690, 669, ---, ---, ---, 
[2026-04-03T03:23:09.680+0600][66.979s][info][gc,stats    ] Concurrent Weak References          423 us, parallelism: 0.70x
[2026-04-03T03:23:09.680+0600][66.979s][info][gc,stats    ]   CWRF: <total>                     296 us
[2026-04-03T03:23:09.680+0600][66.979s][info][gc,stats    ]   CWRF: Weak References             296 us, workers (us):  90, 154,  52, ---, ---, ---, 
[2026-04-03T03:23:09.680+0600][66.979s][info][gc,stats    ] Concurrent Weak Roots              2982 us
[2026-04-03T03:23:09.680+0600][66.979s][info][gc,stats    ]   Roots                            2497 us, parallelism: 2.50x
[2026-04-03T03:23:09.680+0600][66.979s][info][gc,stats    ]     CWR: <total>                   6243 us
[2026-04-03T03:23:09.680+0600][66.979s][info][gc,stats    ]     CWR: Code Cache Roots          4625 us, workers (us): 1610, 1538, 1477, ---, ---, ---, 
[2026-04-03T03:23:09.680+0600][66.979s][info][gc,stats    ]     CWR: VM Weak Roots             1550 us, workers (us): 540, 522, 488, ---, ---, ---, 
[2026-04-03T03:23:09.680+0600][66.979s][info][gc,stats    ]     CWR: CLDG Roots                  68 us, workers (us): ---, ---,  68, ---, ---, ---, 
[2026-04-03T03:23:09.680+0600][66.979s][info][gc,stats    ]   Rendezvous                        382 us
[2026-04-03T03:23:09.680+0600][66.979s][info][gc,stats    ] Concurrent Cleanup                  846 us
[2026-04-03T03:23:09.680+0600][66.979s][info][gc,stats    ] Concurrent Class Unloading         8078 us
[2026-04-03T03:23:09.680+0600][66.979s][info][gc,stats    ]   Unlink Stale                     7248 us
[2026-04-03T03:23:09.680+0600][66.979s][info][gc,stats    ]     System Dictionary               121 us
[2026-04-03T03:23:09.680+0600][66.979s][info][gc,stats    ]     Weak Class Links                  0 us
[2026-04-03T03:23:09.680+0600][66.979s][info][gc,stats    ]     Code Roots                     7123 us
[2026-04-03T03:23:09.680+0600][66.979s][info][gc,stats    ]   Rendezvous                        471 us
[2026-04-03T03:23:09.680+0600][66.979s][info][gc,stats    ]   Purge Unlinked                    239 us
[2026-04-03T03:23:09.680+0600][66.979s][info][gc,stats    ]     Code Roots                      226 us
[2026-04-03T03:23:09.680+0600][66.979s][info][gc,stats    ]     CLDG                             12 us
[2026-04-03T03:23:09.680+0600][66.979s][info][gc,stats    ]     Exception Caches                  0 us
[2026-04-03T03:23:09.680+0600][66.979s][info][gc,stats    ] Concurrent Strong Roots            1096 us, parallelism: 0.50x
[2026-04-03T03:23:09.680+0600][66.979s][info][gc,stats    ]   CSR: <total>                      546 us
[2026-04-03T03:23:09.680+0600][66.979s][info][gc,stats    ]   CSR: VM Strong Roots               53 us, workers (us):  39,   7,   7, ---, ---, ---, 
[2026-04-03T03:23:09.680+0600][66.979s][info][gc,stats    ]   CSR: CLDG Roots                   493 us, workers (us): ---, 493, ---, ---, ---, ---, 
[2026-04-03T03:23:09.680+0600][66.979s][info][gc,stats    ] Concurrent Evacuation             23838 us
[2026-04-03T03:23:09.680+0600][66.979s][info][gc,stats    ] Pause Init Update Refs (G)          507 us
[2026-04-03T03:23:09.680+0600][66.979s][info][gc,stats    ] Pause Init Update Refs (N)          239 us
[2026-04-03T03:23:09.680+0600][66.979s][info][gc,stats    ]   Manage GCLABs                      38 us
[2026-04-03T03:23:09.680+0600][66.979s][info][gc,stats    ] Concurrent Update Refs           164972 us
[2026-04-03T03:23:09.680+0600][66.979s][info][gc,stats    ] Concurrent Update Thread Roots     1176 us
[2026-04-03T03:23:09.681+0600][66.979s][info][gc,stats    ] Pause Final Update Refs (G)         604 us
[2026-04-03T03:23:09.681+0600][66.979s][info][gc,stats    ] Pause Final Update Refs (N)         251 us
[2026-04-03T03:23:09.681+0600][66.979s][info][gc,stats    ]   Update Region States               65 us
[2026-04-03T03:23:09.681+0600][66.979s][info][gc,stats    ]   Trash Collection Set               28 us
[2026-04-03T03:23:09.681+0600][66.979s][info][gc,stats    ]   Rebuild Free Set                   54 us
[2026-04-03T03:23:09.681+0600][66.979s][info][gc,stats    ] Concurrent Cleanup                  578 us
[2026-04-03T03:23:09.681+0600][66.979s][info][gc,stats    ] Pacing                           435943 us
[2026-04-03T03:23:09.681+0600][66.979s][info][gc,stats    ] 
[2026-04-03T03:23:09.681+0600][66.979s][info][gc,stats    ] Allocation pacing accrued:
[2026-04-03T03:23:09.681+0600][66.979s][info][gc,stats    ]      11 of   608 ms (  1.8%): RemoteBlock-temp-file-clean-thread
[2026-04-03T03:23:09.681+0600][66.979s][info][gc,stats    ]     113 of   608 ms ( 18.5%): Executor task launch worker for task 1.0 in stage 27.0 (TID 40)
[2026-04-03T03:23:09.681+0600][66.979s][info][gc,stats    ]     157 of   608 ms ( 25.8%): Executor task launch worker for task 2.0 in stage 27.0 (TID 41)
[2026-04-03T03:23:09.681+0600][66.979s][info][gc,stats    ]     155 of   608 ms ( 25.5%): Executor task launch worker for task 0.0 in stage 27.0 (TID 39)
[2026-04-03T03:23:09.681+0600][66.979s][info][gc,stats    ]     436 of   608 ms ( 71.7%): <total>
[2026-04-03T03:23:09.681+0600][66.979s][info][gc,stats    ]       2 of   608 ms (  0.4%): <average total>
[2026-04-03T03:23:09.681+0600][66.979s][info][gc,stats    ]     109 of   608 ms ( 17.9%): <average non-zero>
[2026-04-03T03:23:09.681+0600][66.980s][info][gc,stats    ] 
[2026-04-03T03:23:09.681+0600][66.980s][info][gc,metaspace] Metaspace: 73208K(74048K)->73209K(74048K) NonClass: 63927K(64384K)->63928K(64384K) Class: 9281K(9664K)->9281K(9664K)
[2026-04-03T03:23:09.681+0600][66.980s][info][gc,ergo     ] Pacer for Idle. Initial: 20480K, Alloc Tax Rate: 1.0x
[2026-04-03T03:23:09.782+0600][67.081s][info][gc          ] Trigger: Average GC time (555.01 ms) is above the time for average allocation rate (809 MB/s) to deplete free headroom (366M) (margin of error = 1.79)
[2026-04-03T03:23:09.782+0600][67.081s][info][gc,ergo     ] Free headroom: 416M (free) - 51200K (spike) - 0B (penalties) = 366M
[2026-04-03T03:23:09.782+0600][67.081s][info][gc,ergo     ] Free: 416M, Max: 256K regular, 238M humongous, Frag: 43% external, 0% internal; Reserve: 51200K, Max: 256K
[2026-04-03T03:23:09.782+0600][67.081s][info][gc,start    ] GC(80) Concurrent reset
[2026-04-03T03:23:09.782+0600][67.081s][info][gc,task     ] GC(80) Using 3 of 6 workers for concurrent reset
[2026-04-03T03:23:09.782+0600][67.081s][info][gc,ergo     ] GC(80) Pacer for Reset. Non-Taxable: 1000M
[2026-04-03T03:23:09.784+0600][67.083s][info][gc          ] GC(80) Concurrent reset 1.668ms
[2026-04-03T03:23:09.784+0600][67.083s][info][gc,start    ] GC(80) Pause Init Mark (unload classes)
[2026-04-03T03:23:09.784+0600][67.083s][info][gc,task     ] GC(80) Using 6 of 6 workers for init marking
[2026-04-03T03:23:09.784+0600][67.083s][info][gc,ergo     ] GC(80) Pacer for Mark. Expected Live: 234M, Free: 414M, Non-Taxable: 42463K, Alloc Tax Rate: 0.7x
[2026-04-03T03:23:09.784+0600][67.083s][info][gc          ] GC(80) Pause Init Mark (unload classes) 0.168ms
[2026-04-03T03:23:09.784+0600][67.083s][info][gc,start    ] GC(80) Concurrent marking roots
[2026-04-03T03:23:09.784+0600][67.083s][info][gc,task     ] GC(80) Using 3 of 6 workers for concurrent marking roots
[2026-04-03T03:23:09.785+0600][67.084s][info][gc          ] GC(80) Concurrent marking roots 0.933ms
[2026-04-03T03:23:09.785+0600][67.084s][info][gc,start    ] GC(80) Concurrent marking (unload classes)
[2026-04-03T03:23:09.785+0600][67.084s][info][gc,task     ] GC(80) Using 3 of 6 workers for concurrent marking
[2026-04-03T03:23:10.086+0600][67.385s][info][gc          ] GC(80) Concurrent marking (unload classes) 300.388ms
[2026-04-03T03:23:10.086+0600][67.385s][info][gc,start    ] GC(80) Pause Final Mark (unload classes)
[2026-04-03T03:23:10.086+0600][67.385s][info][gc,task     ] GC(80) Using 6 of 6 workers for final marking
[2026-04-03T03:23:10.087+0600][67.385s][info][gc,ergo     ] GC(80) Adaptive CSet Selection. Target Free: 141M, Actual Free: 384M, Max CSet: 42666K, Min Garbage: 0B
[2026-04-03T03:23:10.087+0600][67.386s][info][gc,ergo     ] GC(80) Collectable Garbage: 294M (95%), Immediate: 4096K (1%), CSet: 290M (94%)
[2026-04-03T03:23:10.087+0600][67.386s][info][gc,ergo     ] GC(80) Pacer for Evacuation. Used CSet: 311M, Free: 334M, Non-Taxable: 34297K, Alloc Tax Rate: 2.3x
[2026-04-03T03:23:10.087+0600][67.386s][info][gc          ] GC(80) Pause Final Mark (unload classes) 1.177ms
[2026-04-03T03:23:10.087+0600][67.386s][info][gc,start    ] GC(80) Concurrent thread roots
[2026-04-03T03:23:10.088+0600][67.386s][info][gc,task     ] GC(80) Using 3 of 6 workers for Concurrent thread roots
[2026-04-03T03:23:10.088+0600][67.387s][info][gc          ] GC(80) Concurrent thread roots 0.700ms
[2026-04-03T03:23:10.088+0600][67.387s][info][gc,start    ] GC(80) Concurrent weak references
[2026-04-03T03:23:10.088+0600][67.387s][info][gc,task     ] GC(80) Using 3 of 6 workers for concurrent weak references
[2026-04-03T03:23:10.088+0600][67.387s][info][gc,ref      ] GC(80) Encountered references: Soft: 3175, Weak: 6348, Final: 84, Phantom: 603
[2026-04-03T03:23:10.089+0600][67.387s][info][gc,ref      ] GC(80) Discovered  references: Soft: 0, Weak: 215, Final: 0, Phantom: 347
[2026-04-03T03:23:10.089+0600][67.387s][info][gc,ref      ] GC(80) Enqueued    references: Soft: 0, Weak: 0, Final: 0, Phantom: 0
[2026-04-03T03:23:10.089+0600][67.387s][info][gc          ] GC(80) Concurrent weak references 0.348ms
[2026-04-03T03:23:10.089+0600][67.387s][info][gc,start    ] GC(80) Concurrent weak roots
[2026-04-03T03:23:10.089+0600][67.387s][info][gc,task     ] GC(80) Using 3 of 6 workers for concurrent weak root
[2026-04-03T03:23:10.091+0600][67.389s][info][gc          ] GC(80) Concurrent weak roots 1.985ms
[2026-04-03T03:23:10.091+0600][67.389s][info][gc,start    ] GC(80) Concurrent cleanup
[2026-04-03T03:23:10.091+0600][67.390s][info][gc          ] GC(80) Concurrent cleanup 618M->614M(772M) 0.681ms
[2026-04-03T03:23:10.091+0600][67.390s][info][gc,ergo     ] GC(80) Free: 332M, Max: 256K regular, 238M humongous, Frag: 29% external, 0% internal; Reserve: 51045K, Max: 256K
[2026-04-03T03:23:10.091+0600][67.390s][info][gc,start    ] GC(80) Concurrent class unloading
[2026-04-03T03:23:10.091+0600][67.390s][info][gc,task     ] GC(80) Using 3 of 6 workers for concurrent class unloading
[2026-04-03T03:23:10.099+0600][67.398s][info][gc          ] GC(80) Concurrent class unloading 8.041ms
[2026-04-03T03:23:10.099+0600][67.398s][info][gc,start    ] GC(80) Concurrent strong roots
[2026-04-03T03:23:10.100+0600][67.398s][info][gc,task     ] GC(80) Using 3 of 6 workers for concurrent strong root
[2026-04-03T03:23:10.100+0600][67.399s][info][gc          ] GC(80) Concurrent strong roots 0.951ms
[2026-04-03T03:23:10.101+0600][67.399s][info][gc,start    ] GC(80) Concurrent evacuation
[2026-04-03T03:23:10.101+0600][67.399s][info][gc,task     ] GC(80) Using 3 of 6 workers for concurrent evacuation
[2026-04-03T03:23:10.125+0600][67.424s][info][gc          ] GC(80) Concurrent evacuation 24.117ms
[2026-04-03T03:23:10.125+0600][67.424s][info][gc,start    ] GC(80) Pause Init Update Refs
[2026-04-03T03:23:10.125+0600][67.424s][info][gc,ergo     ] GC(80) Pacer for Update Refs. Used: 653M, Free: 315M, Non-Taxable: 32325K, Alloc Tax Rate: 2.5x
[2026-04-03T03:23:10.125+0600][67.424s][info][gc          ] GC(80) Pause Init Update Refs 0.143ms
[2026-04-03T03:23:10.125+0600][67.424s][info][gc,start    ] GC(80) Concurrent update references
[2026-04-03T03:23:10.125+0600][67.424s][info][gc,task     ] GC(80) Using 3 of 6 workers for concurrent reference update
[2026-04-03T03:23:10.300+0600][67.598s][info][gc          ] GC(80) Concurrent update references 174.191ms
[2026-04-03T03:23:10.300+0600][67.598s][info][gc,start    ] GC(80) Concurrent update thread roots
[2026-04-03T03:23:10.301+0600][67.600s][info][gc          ] GC(80) Concurrent update thread roots 1.278ms
[2026-04-03T03:23:10.301+0600][67.600s][info][gc,start    ] GC(80) Pause Final Update Refs
[2026-04-03T03:23:10.301+0600][67.600s][info][gc,task     ] GC(80) Using 6 of 6 workers for final reference update
[2026-04-03T03:23:10.301+0600][67.600s][info][gc          ] GC(80) Pause Final Update Refs 0.217ms
[2026-04-03T03:23:10.301+0600][67.600s][info][gc,start    ] GC(80) Concurrent cleanup
[2026-04-03T03:23:10.302+0600][67.601s][info][gc          ] GC(80) Concurrent cleanup 750M->438M(792M) 0.448ms
[2026-04-03T03:23:10.302+0600][67.601s][info][gc,ergo     ] Free: 508M, Max: 256K regular, 210M humongous, Frag: 59% external, 0% internal; Reserve: 51200K, Max: 256K
[2026-04-03T03:23:10.302+0600][67.601s][info][gc,stats    ] 
[2026-04-03T03:23:10.302+0600][67.601s][info][gc,stats    ] All times are wall-clock times, except per-root-class counters, that are sum over
[2026-04-03T03:23:10.302+0600][67.601s][info][gc,stats    ] all workers. Dividing the <total> over the root stage time estimates parallelism.
[2026-04-03T03:23:10.302+0600][67.601s][info][gc,stats    ] 
[2026-04-03T03:23:10.302+0600][67.601s][info][gc,stats    ] Concurrent Reset                   1737 us
[2026-04-03T03:23:10.302+0600][67.601s][info][gc,stats    ] Pause Init Mark (G)                 444 us
[2026-04-03T03:23:10.302+0600][67.601s][info][gc,stats    ] Pause Init Mark (N)                 181 us
[2026-04-03T03:23:10.302+0600][67.601s][info][gc,stats    ]   Update Region States               47 us
[2026-04-03T03:23:10.302+0600][67.601s][info][gc,stats    ] Concurrent Mark Roots               973 us, parallelism: 1.83x
[2026-04-03T03:23:10.302+0600][67.601s][info][gc,stats    ]   CMR: <total>                     1779 us
[2026-04-03T03:23:10.302+0600][67.601s][info][gc,stats    ]   CMR: Thread Roots                1500 us, workers (us): 345, 581, 575, ---, ---, ---, 
[2026-04-03T03:23:10.302+0600][67.601s][info][gc,stats    ]   CMR: VM Strong Roots               34 us, workers (us):  23,  10,   1, ---, ---, ---, 
[2026-04-03T03:23:10.302+0600][67.601s][info][gc,stats    ]   CMR: CLDG Roots                   245 us, workers (us): 245, ---, ---, ---, ---, ---, 
[2026-04-03T03:23:10.302+0600][67.601s][info][gc,stats    ] Concurrent Marking               300462 us
[2026-04-03T03:23:10.302+0600][67.601s][info][gc,stats    ] Pause Final Mark (G)               1563 us
[2026-04-03T03:23:10.302+0600][67.601s][info][gc,stats    ] Pause Final Mark (N)               1191 us
[2026-04-03T03:23:10.302+0600][67.601s][info][gc,stats    ]   Finish Mark                       311 us
[2026-04-03T03:23:10.302+0600][67.601s][info][gc,stats    ]   Update Region States               67 us
[2026-04-03T03:23:10.302+0600][67.601s][info][gc,stats    ]   Choose Collection Set             623 us
[2026-04-03T03:23:10.302+0600][67.601s][info][gc,stats    ]   Rebuild Free Set                   42 us
[2026-04-03T03:23:10.302+0600][67.601s][info][gc,stats    ] Concurrent Thread Roots             753 us, parallelism: 2.14x
[2026-04-03T03:23:10.302+0600][67.601s][info][gc,stats    ]   CTR: <total>                     1610 us
[2026-04-03T03:23:10.302+0600][67.601s][info][gc,stats    ]   CTR: Thread Roots                1610 us, workers (us): 550, 542, 517, ---, ---, ---, 
[2026-04-03T03:23:10.302+0600][67.601s][info][gc,stats    ] Concurrent Weak References          358 us, parallelism: 0.24x
[2026-04-03T03:23:10.302+0600][67.601s][info][gc,stats    ]   CWRF: <total>                      87 us
[2026-04-03T03:23:10.302+0600][67.601s][info][gc,stats    ]   CWRF: Weak References              87 us, workers (us):  45,   1,  41, ---, ---, ---, 
[2026-04-03T03:23:10.302+0600][67.601s][info][gc,stats    ] Concurrent Weak Roots              2038 us
[2026-04-03T03:23:10.302+0600][67.601s][info][gc,stats    ]   Roots                            1663 us, parallelism: 2.55x
[2026-04-03T03:23:10.302+0600][67.601s][info][gc,stats    ]     CWR: <total>                   4241 us
[2026-04-03T03:23:10.302+0600][67.601s][info][gc,stats    ]     CWR: Code Cache Roots          2880 us, workers (us): 1006, 976, 898, ---, ---, ---, 
[2026-04-03T03:23:10.302+0600][67.601s][info][gc,stats    ]     CWR: VM Weak Roots             1318 us, workers (us): 447, 436, 436, ---, ---, ---, 
[2026-04-03T03:23:10.302+0600][67.601s][info][gc,stats    ]     CWR: CLDG Roots                  42 us, workers (us): ---, ---,  42, ---, ---, ---, 
[2026-04-03T03:23:10.302+0600][67.601s][info][gc,stats    ]   Rendezvous                        300 us
[2026-04-03T03:23:10.302+0600][67.601s][info][gc,stats    ] Concurrent Cleanup                  697 us
[2026-04-03T03:23:10.302+0600][67.601s][info][gc,stats    ] Concurrent Class Unloading         8125 us
[2026-04-03T03:23:10.302+0600][67.601s][info][gc,stats    ]   Unlink Stale                     7361 us
[2026-04-03T03:23:10.302+0600][67.601s][info][gc,stats    ]     System Dictionary               120 us
[2026-04-03T03:23:10.302+0600][67.601s][info][gc,stats    ]     Weak Class Links                  0 us
[2026-04-03T03:23:10.302+0600][67.601s][info][gc,stats    ]     Code Roots                     7238 us
[2026-04-03T03:23:10.302+0600][67.601s][info][gc,stats    ]   Rendezvous                        363 us
[2026-04-03T03:23:10.302+0600][67.601s][info][gc,stats    ]   Purge Unlinked                    293 us
[2026-04-03T03:23:10.302+0600][67.601s][info][gc,stats    ]     Code Roots                      282 us
[2026-04-03T03:23:10.302+0600][67.601s][info][gc,stats    ]     CLDG                             11 us
[2026-04-03T03:23:10.302+0600][67.601s][info][gc,stats    ]     Exception Caches                  0 us
[2026-04-03T03:23:10.302+0600][67.601s][info][gc,stats    ] Concurrent Strong Roots            1051 us, parallelism: 0.53x
[2026-04-03T03:23:10.302+0600][67.601s][info][gc,stats    ]   CSR: <total>                      556 us
[2026-04-03T03:23:10.303+0600][67.601s][info][gc,stats    ]   CSR: VM Strong Roots               41 us, workers (us):  24,  10,   7, ---, ---, ---, 
[2026-04-03T03:23:10.303+0600][67.601s][info][gc,stats    ]   CSR: CLDG Roots                   516 us, workers (us): ---, ---, 516, ---, ---, ---, 
[2026-04-03T03:23:10.303+0600][67.601s][info][gc,stats    ] Concurrent Evacuation             24268 us
[2026-04-03T03:23:10.303+0600][67.601s][info][gc,stats    ] Pause Init Update Refs (G)          451 us
[2026-04-03T03:23:10.303+0600][67.601s][info][gc,stats    ] Pause Init Update Refs (N)          162 us
[2026-04-03T03:23:10.303+0600][67.601s][info][gc,stats    ]   Manage GCLABs                      30 us
[2026-04-03T03:23:10.303+0600][67.601s][info][gc,stats    ] Concurrent Update Refs           174316 us
[2026-04-03T03:23:10.303+0600][67.601s][info][gc,stats    ] Concurrent Update Thread Roots     1341 us
[2026-04-03T03:23:10.303+0600][67.601s][info][gc,stats    ] Pause Final Update Refs (G)         453 us
[2026-04-03T03:23:10.303+0600][67.601s][info][gc,stats    ] Pause Final Update Refs (N)         245 us
[2026-04-03T03:23:10.303+0600][67.601s][info][gc,stats    ]   Update Region States               79 us
[2026-04-03T03:23:10.303+0600][67.601s][info][gc,stats    ]   Trash Collection Set               31 us
[2026-04-03T03:23:10.303+0600][67.601s][info][gc,stats    ]   Rebuild Free Set                   50 us
[2026-04-03T03:23:10.303+0600][67.601s][info][gc,stats    ] Concurrent Cleanup                  485 us
[2026-04-03T03:23:10.303+0600][67.601s][info][gc,stats    ] Pacing                           418499 us
[2026-04-03T03:23:10.303+0600][67.601s][info][gc,stats    ] 
[2026-04-03T03:23:10.303+0600][67.601s][info][gc,stats    ] Allocation pacing accrued:
[2026-04-03T03:23:10.303+0600][67.601s][info][gc,stats    ]     140 of   622 ms ( 22.6%): Executor task launch worker for task 1.0 in stage 27.0 (TID 40)
[2026-04-03T03:23:10.303+0600][67.602s][info][gc,stats    ]     138 of   622 ms ( 22.2%): Executor task launch worker for task 2.0 in stage 27.0 (TID 41)
[2026-04-03T03:23:10.303+0600][67.602s][info][gc,stats    ]     140 of   622 ms ( 22.5%): Executor task launch worker for task 0.0 in stage 27.0 (TID 39)
[2026-04-03T03:23:10.303+0600][67.602s][info][gc,stats    ]     418 of   622 ms ( 67.3%): <total>
[2026-04-03T03:23:10.303+0600][67.602s][info][gc,stats    ]       2 of   622 ms (  0.4%): <average total>
[2026-04-03T03:23:10.303+0600][67.602s][info][gc,stats    ]     139 of   622 ms ( 22.4%): <average non-zero>
[2026-04-03T03:23:10.303+0600][67.602s][info][gc,stats    ] 
[2026-04-03T03:23:10.303+0600][67.602s][info][gc,metaspace] Metaspace: 73209K(74048K)->73209K(74048K) NonClass: 63928K(64384K)->63928K(64384K) Class: 9281K(9664K)->9281K(9664K)
[2026-04-03T03:23:10.303+0600][67.602s][info][gc,ergo     ] Pacer for Idle. Initial: 20480K, Alloc Tax Rate: 1.0x
[2026-04-03T03:23:10.430+0600][67.729s][info][gc          ] Trigger: Average GC time (555.87 ms) is above the time for average allocation rate (661 MB/s) to deplete free headroom (366M) (margin of error = 1.80)
[2026-04-03T03:23:10.430+0600][67.729s][info][gc,ergo     ] Free headroom: 416M (free) - 51200K (spike) - 0B (penalties) = 366M
[2026-04-03T03:23:10.430+0600][67.729s][info][gc,ergo     ] Free: 416M, Max: 256K regular, 210M humongous, Frag: 50% external, 0% internal; Reserve: 51200K, Max: 256K
[2026-04-03T03:23:10.430+0600][67.729s][info][gc,start    ] GC(81) Concurrent reset
[2026-04-03T03:23:10.430+0600][67.729s][info][gc,task     ] GC(81) Using 3 of 6 workers for concurrent reset
[2026-04-03T03:23:10.430+0600][67.729s][info][gc,ergo     ] GC(81) Pacer for Reset. Non-Taxable: 1000M
[2026-04-03T03:23:10.432+0600][67.731s][info][gc          ] GC(81) Concurrent reset 1.893ms
[2026-04-03T03:23:10.432+0600][67.731s][info][gc,start    ] GC(81) Pause Init Mark (unload classes)
[2026-04-03T03:23:10.432+0600][67.731s][info][gc,task     ] GC(81) Using 6 of 6 workers for init marking
[2026-04-03T03:23:10.432+0600][67.731s][info][gc,ergo     ] GC(81) Pacer for Mark. Expected Live: 228M, Free: 415M, Non-Taxable: 42591K, Alloc Tax Rate: 0.7x
[2026-04-03T03:23:10.432+0600][67.731s][info][gc          ] GC(81) Pause Init Mark (unload classes) 0.169ms
[2026-04-03T03:23:10.432+0600][67.731s][info][gc,start    ] GC(81) Concurrent marking roots
[2026-04-03T03:23:10.432+0600][67.731s][info][gc,task     ] GC(81) Using 3 of 6 workers for concurrent marking roots
[2026-04-03T03:23:10.433+0600][67.732s][info][gc          ] GC(81) Concurrent marking roots 1.129ms
[2026-04-03T03:23:10.434+0600][67.732s][info][gc,start    ] GC(81) Concurrent marking (unload classes)
[2026-04-03T03:23:10.434+0600][67.732s][info][gc,task     ] GC(81) Using 3 of 6 workers for concurrent marking
[2026-04-03T03:23:10.828+0600][68.127s][info][gc          ] GC(81) Concurrent marking (unload classes) 394.724ms
[2026-04-03T03:23:10.828+0600][68.127s][info][gc,start    ] GC(81) Pause Final Mark (unload classes)
[2026-04-03T03:23:10.829+0600][68.127s][info][gc,task     ] GC(81) Using 6 of 6 workers for final marking
[2026-04-03T03:23:10.829+0600][68.128s][info][gc,ergo     ] GC(81) Adaptive CSet Selection. Target Free: 141M, Actual Free: 381M, Max CSet: 42666K, Min Garbage: 0B
[2026-04-03T03:23:10.830+0600][68.128s][info][gc,ergo     ] GC(81) Collectable Garbage: 282M (95%), Immediate: 4352K (1%), CSet: 277M (93%)
[2026-04-03T03:23:10.830+0600][68.128s][info][gc,ergo     ] GC(81) Pacer for Evacuation. Used CSet: 301M, Free: 331M, Non-Taxable: 33989K, Alloc Tax Rate: 2.2x
[2026-04-03T03:23:10.830+0600][68.129s][info][gc          ] GC(81) Pause Final Mark (unload classes) 1.226ms
[2026-04-03T03:23:10.830+0600][68.129s][info][gc,start    ] GC(81) Concurrent thread roots
[2026-04-03T03:23:10.830+0600][68.129s][info][gc,task     ] GC(81) Using 3 of 6 workers for Concurrent thread roots
[2026-04-03T03:23:10.831+0600][68.129s][info][gc          ] GC(81) Concurrent thread roots 0.782ms
[2026-04-03T03:23:10.831+0600][68.129s][info][gc,start    ] GC(81) Concurrent weak references
[2026-04-03T03:23:10.831+0600][68.129s][info][gc,task     ] GC(81) Using 3 of 6 workers for concurrent weak references
[2026-04-03T03:23:10.831+0600][68.130s][info][gc,ref      ] GC(81) Encountered references: Soft: 3175, Weak: 6348, Final: 84, Phantom: 602
[2026-04-03T03:23:10.831+0600][68.130s][info][gc,ref      ] GC(81) Discovered  references: Soft: 0, Weak: 316, Final: 0, Phantom: 599
[2026-04-03T03:23:10.831+0600][68.130s][info][gc,ref      ] GC(81) Enqueued    references: Soft: 0, Weak: 0, Final: 0, Phantom: 0
[2026-04-03T03:23:10.831+0600][68.130s][info][gc          ] GC(81) Concurrent weak references 0.323ms
[2026-04-03T03:23:10.831+0600][68.130s][info][gc,start    ] GC(81) Concurrent weak roots
[2026-04-03T03:23:10.831+0600][68.130s][info][gc,task     ] GC(81) Using 3 of 6 workers for concurrent weak root
[2026-04-03T03:23:10.834+0600][68.132s][info][gc          ] GC(81) Concurrent weak roots 2.658ms
[2026-04-03T03:23:10.834+0600][68.133s][info][gc,start    ] GC(81) Concurrent cleanup
[2026-04-03T03:23:10.834+0600][68.133s][info][gc          ] GC(81) Concurrent cleanup 620M->616M(792M) 0.259ms
[2026-04-03T03:23:10.834+0600][68.133s][info][gc,ergo     ] GC(81) Free: 330M, Max: 256K regular, 210M humongous, Frag: 37% external, 0% internal; Reserve: 51020K, Max: 256K
[2026-04-03T03:23:10.834+0600][68.133s][info][gc,start    ] GC(81) Concurrent class unloading
[2026-04-03T03:23:10.834+0600][68.133s][info][gc,task     ] GC(81) Using 3 of 6 workers for concurrent class unloading
[2026-04-03T03:23:10.841+0600][68.140s][info][gc          ] GC(81) Concurrent class unloading 7.050ms
[2026-04-03T03:23:10.841+0600][68.140s][info][gc,start    ] GC(81) Concurrent strong roots
[2026-04-03T03:23:10.841+0600][68.140s][info][gc,task     ] GC(81) Using 3 of 6 workers for concurrent strong root
[2026-04-03T03:23:10.842+0600][68.141s][info][gc          ] GC(81) Concurrent strong roots 0.902ms
[2026-04-03T03:23:10.842+0600][68.141s][info][gc,start    ] GC(81) Concurrent evacuation
[2026-04-03T03:23:10.842+0600][68.141s][info][gc,task     ] GC(81) Using 3 of 6 workers for concurrent evacuation
[2026-04-03T03:23:10.867+0600][68.166s][info][gc          ] GC(81) Concurrent evacuation 25.145ms
[2026-04-03T03:23:10.868+0600][68.167s][info][gc,start    ] GC(81) Pause Init Update Refs
[2026-04-03T03:23:10.868+0600][68.167s][info][gc,ergo     ] GC(81) Pacer for Update Refs. Used: 651M, Free: 318M, Non-Taxable: 32632K, Alloc Tax Rate: 2.5x
[2026-04-03T03:23:10.868+0600][68.167s][info][gc          ] GC(81) Pause Init Update Refs 0.394ms
[2026-04-03T03:23:10.868+0600][68.167s][info][gc,start    ] GC(81) Concurrent update references
[2026-04-03T03:23:10.868+0600][68.167s][info][gc,task     ] GC(81) Using 3 of 6 workers for concurrent reference update
[2026-04-03T03:23:11.049+0600][68.347s][info][gc          ] GC(81) Concurrent update references 180.313ms
[2026-04-03T03:23:11.049+0600][68.348s][info][gc,start    ] GC(81) Concurrent update thread roots
[2026-04-03T03:23:11.050+0600][68.349s][info][gc          ] GC(81) Concurrent update thread roots 1.124ms
[2026-04-03T03:23:11.050+0600][68.349s][info][gc,start    ] GC(81) Pause Final Update Refs
[2026-04-03T03:23:11.050+0600][68.349s][info][gc,task     ] GC(81) Using 6 of 6 workers for final reference update
[2026-04-03T03:23:11.051+0600][68.349s][info][gc          ] GC(81) Pause Final Update Refs 0.278ms
[2026-04-03T03:23:11.051+0600][68.350s][info][gc,start    ] GC(81) Concurrent cleanup
[2026-04-03T03:23:11.051+0600][68.350s][info][gc          ] GC(81) Concurrent cleanup 709M->408M(792M) 0.501ms
[2026-04-03T03:23:11.051+0600][68.350s][info][gc,ergo     ] Free: 537M, Max: 256K regular, 271M humongous, Frag: 50% external, 0% internal; Reserve: 51200K, Max: 256K
[2026-04-03T03:23:11.051+0600][68.350s][info][gc,stats    ] 
[2026-04-03T03:23:11.051+0600][68.350s][info][gc,stats    ] All times are wall-clock times, except per-root-class counters, that are sum over
[2026-04-03T03:23:11.051+0600][68.350s][info][gc,stats    ] all workers. Dividing the <total> over the root stage time estimates parallelism.
[2026-04-03T03:23:11.051+0600][68.350s][info][gc,stats    ] 
[2026-04-03T03:23:11.051+0600][68.350s][info][gc,stats    ] Concurrent Reset                   1963 us
[2026-04-03T03:23:11.051+0600][68.350s][info][gc,stats    ] Pause Init Mark (G)                 494 us
[2026-04-03T03:23:11.051+0600][68.350s][info][gc,stats    ] Pause Init Mark (N)                 182 us
[2026-04-03T03:23:11.051+0600][68.350s][info][gc,stats    ]   Update Region States               47 us
[2026-04-03T03:23:11.051+0600][68.350s][info][gc,stats    ] Concurrent Mark Roots              1179 us, parallelism: 1.69x
[2026-04-03T03:23:11.052+0600][68.350s][info][gc,stats    ]   CMR: <total>                     1992 us
[2026-04-03T03:23:11.052+0600][68.350s][info][gc,stats    ]   CMR: Thread Roots                1654 us, workers (us): 637, 634, 383, ---, ---, ---, 
[2026-04-03T03:23:11.052+0600][68.350s][info][gc,stats    ]   CMR: VM Strong Roots               90 us, workers (us):  42,  41,   7, ---, ---, ---, 
[2026-04-03T03:23:11.052+0600][68.350s][info][gc,stats    ]   CMR: CLDG Roots                   249 us, workers (us): ---, ---, 249, ---, ---, ---, 
[2026-04-03T03:23:11.052+0600][68.350s][info][gc,stats    ] Concurrent Marking               394806 us
[2026-04-03T03:23:11.052+0600][68.350s][info][gc,stats    ] Pause Final Mark (G)               1488 us
[2026-04-03T03:23:11.052+0600][68.350s][info][gc,stats    ] Pause Final Mark (N)               1243 us
[2026-04-03T03:23:11.052+0600][68.350s][info][gc,stats    ]   Finish Mark                       318 us
[2026-04-03T03:23:11.052+0600][68.350s][info][gc,stats    ]   Update Region States               75 us
[2026-04-03T03:23:11.052+0600][68.350s][info][gc,stats    ]   Choose Collection Set             677 us
[2026-04-03T03:23:11.052+0600][68.350s][info][gc,stats    ]   Rebuild Free Set                   46 us
[2026-04-03T03:23:11.052+0600][68.351s][info][gc,stats    ] Concurrent Thread Roots             824 us, parallelism: 2.03x
[2026-04-03T03:23:11.052+0600][68.351s][info][gc,stats    ]   CTR: <total>                     1671 us
[2026-04-03T03:23:11.052+0600][68.351s][info][gc,stats    ]   CTR: Thread Roots                1671 us, workers (us): 575, 561, 535, ---, ---, ---, 
[2026-04-03T03:23:11.052+0600][68.351s][info][gc,stats    ] Concurrent Weak References          337 us, parallelism: 0.38x
[2026-04-03T03:23:11.052+0600][68.351s][info][gc,stats    ]   CWRF: <total>                     129 us
[2026-04-03T03:23:11.052+0600][68.351s][info][gc,stats    ]   CWRF: Weak References             129 us, workers (us):  65,  64,   1, ---, ---, ---, 
[2026-04-03T03:23:11.052+0600][68.351s][info][gc,stats    ] Concurrent Weak Roots              2733 us
[2026-04-03T03:23:11.052+0600][68.351s][info][gc,stats    ]   Roots                            2032 us, parallelism: 2.46x
[2026-04-03T03:23:11.052+0600][68.351s][info][gc,stats    ]     CWR: <total>                   5009 us
[2026-04-03T03:23:11.052+0600][68.351s][info][gc,stats    ]     CWR: Code Cache Roots          3470 us, workers (us): 1186, 1071, 1213, ---, ---, ---, 
[2026-04-03T03:23:11.052+0600][68.351s][info][gc,stats    ]     CWR: VM Weak Roots             1404 us, workers (us): 491, 468, 445, ---, ---, ---, 
[2026-04-03T03:23:11.052+0600][68.351s][info][gc,stats    ]     CWR: CLDG Roots                 134 us, workers (us): ---, 134, ---, ---, ---, ---, 
[2026-04-03T03:23:11.052+0600][68.351s][info][gc,stats    ]   Rendezvous                        597 us
[2026-04-03T03:23:11.052+0600][68.351s][info][gc,stats    ] Concurrent Cleanup                  281 us
[2026-04-03T03:23:11.052+0600][68.351s][info][gc,stats    ] Concurrent Class Unloading         7151 us
[2026-04-03T03:23:11.052+0600][68.351s][info][gc,stats    ]   Unlink Stale                     6406 us
[2026-04-03T03:23:11.052+0600][68.351s][info][gc,stats    ]     System Dictionary               108 us
[2026-04-03T03:23:11.052+0600][68.351s][info][gc,stats    ]     Weak Class Links                  1 us
[2026-04-03T03:23:11.052+0600][68.351s][info][gc,stats    ]     Code Roots                     6292 us
[2026-04-03T03:23:11.052+0600][68.351s][info][gc,stats    ]   Rendezvous                        356 us
[2026-04-03T03:23:11.052+0600][68.351s][info][gc,stats    ]   Purge Unlinked                    253 us
[2026-04-03T03:23:11.052+0600][68.351s][info][gc,stats    ]     Code Roots                      239 us
[2026-04-03T03:23:11.052+0600][68.351s][info][gc,stats    ]     CLDG                             13 us
[2026-04-03T03:23:11.052+0600][68.351s][info][gc,stats    ]     Exception Caches                  0 us
[2026-04-03T03:23:11.052+0600][68.351s][info][gc,stats    ] Concurrent Strong Roots             968 us, parallelism: 0.57x
[2026-04-03T03:23:11.052+0600][68.351s][info][gc,stats    ]   CSR: <total>                      554 us
[2026-04-03T03:23:11.052+0600][68.351s][info][gc,stats    ]   CSR: VM Strong Roots               34 us, workers (us):  32,   2,   0, ---, ---, ---, 
[2026-04-03T03:23:11.052+0600][68.351s][info][gc,stats    ]   CSR: CLDG Roots                   520 us, workers (us): 520, ---, ---, ---, ---, ---, 
[2026-04-03T03:23:11.052+0600][68.351s][info][gc,stats    ] Concurrent Evacuation             25273 us
[2026-04-03T03:23:11.052+0600][68.351s][info][gc,stats    ] Pause Init Update Refs (G)          839 us
[2026-04-03T03:23:11.052+0600][68.351s][info][gc,stats    ] Pause Init Update Refs (N)          418 us
[2026-04-03T03:23:11.052+0600][68.351s][info][gc,stats    ]   Manage GCLABs                      62 us
[2026-04-03T03:23:11.052+0600][68.351s][info][gc,stats    ] Concurrent Update Refs           180442 us
[2026-04-03T03:23:11.052+0600][68.351s][info][gc,stats    ] Concurrent Update Thread Roots     1227 us
[2026-04-03T03:23:11.052+0600][68.351s][info][gc,stats    ] Pause Final Update Refs (G)         698 us
[2026-04-03T03:23:11.052+0600][68.351s][info][gc,stats    ] Pause Final Update Refs (N)         320 us
[2026-04-03T03:23:11.052+0600][68.351s][info][gc,stats    ]   Update Region States               70 us
[2026-04-03T03:23:11.052+0600][68.351s][info][gc,stats    ]   Trash Collection Set               30 us
[2026-04-03T03:23:11.052+0600][68.351s][info][gc,stats    ]   Rebuild Free Set                   59 us
[2026-04-03T03:23:11.052+0600][68.351s][info][gc,stats    ] Concurrent Cleanup                  550 us
[2026-04-03T03:23:11.052+0600][68.351s][info][gc,stats    ] Pacing                           399464 us
[2026-04-03T03:23:11.052+0600][68.351s][info][gc,stats    ] 
[2026-04-03T03:23:11.052+0600][68.351s][info][gc,stats    ] Allocation pacing accrued:
[2026-04-03T03:23:11.052+0600][68.351s][info][gc,stats    ]      11 of   750 ms (  1.5%): SparkUI-60
[2026-04-03T03:23:11.052+0600][68.351s][info][gc,stats    ]      11 of   750 ms (  1.5%): Executor task launch worker for task 1.0 in stage 27.0 (TID 40)
[2026-04-03T03:23:11.052+0600][68.351s][info][gc,stats    ]     189 of   750 ms ( 25.2%): Executor task launch worker for task 2.0 in stage 27.0 (TID 41)
[2026-04-03T03:23:11.052+0600][68.351s][info][gc,stats    ]     188 of   750 ms ( 25.1%): Executor task launch worker for task 0.0 in stage 27.0 (TID 39)
[2026-04-03T03:23:11.052+0600][68.351s][info][gc,stats    ]     399 of   750 ms ( 53.3%): <total>
[2026-04-03T03:23:11.052+0600][68.351s][info][gc,stats    ]       2 of   750 ms (  0.3%): <average total>
[2026-04-03T03:23:11.052+0600][68.351s][info][gc,stats    ]     100 of   750 ms ( 13.3%): <average non-zero>
[2026-04-03T03:23:11.052+0600][68.351s][info][gc,stats    ] 
[2026-04-03T03:23:11.052+0600][68.351s][info][gc,metaspace] Metaspace: 73209K(74048K)->73209K(74048K) NonClass: 63928K(64384K)->63928K(64384K) Class: 9281K(9664K)->9281K(9664K)
[2026-04-03T03:23:11.052+0600][68.351s][info][gc,ergo     ] Pacer for Idle. Initial: 20480K, Alloc Tax Rate: 1.0x
[2026-04-03T03:23:11.557+0600][68.856s][info][gc          ] Trigger: Average GC time (672.93 ms) is above the time for average allocation rate (434 MB/s) to deplete free headroom (287M) (margin of error = 1.80)
[2026-04-03T03:23:11.571+0600][68.870s][info][gc,ergo     ] Free headroom: 337M (free) - 51200K (spike) - 0B (penalties) = 287M
[2026-04-03T03:23:11.571+0600][68.870s][info][gc,ergo     ] Free: 331M, Max: 256K regular, 271M humongous, Frag: 18% external, 0% internal; Reserve: 51200K, Max: 256K
[2026-04-03T03:23:11.571+0600][68.870s][info][gc,start    ] GC(82) Concurrent reset
[2026-04-03T03:23:11.571+0600][68.870s][info][gc,task     ] GC(82) Using 3 of 6 workers for concurrent reset
[2026-04-03T03:23:11.571+0600][68.870s][info][gc,ergo     ] GC(82) Pacer for Reset. Non-Taxable: 1000M
[2026-04-03T03:23:11.572+0600][68.871s][info][gc          ] GC(82) Concurrent reset 1.465ms
[2026-04-03T03:23:11.573+0600][68.871s][info][gc,start    ] GC(82) Pause Init Mark (unload classes)
[2026-04-03T03:23:11.573+0600][68.871s][info][gc,task     ] GC(82) Using 6 of 6 workers for init marking
[2026-04-03T03:23:11.573+0600][68.872s][info][gc,ergo     ] GC(82) Pacer for Mark. Expected Live: 221M, Free: 330M, Non-Taxable: 33835K, Alloc Tax Rate: 0.8x
[2026-04-03T03:23:11.573+0600][68.872s][info][gc          ] GC(82) Pause Init Mark (unload classes) 0.166ms
[2026-04-03T03:23:11.573+0600][68.872s][info][gc,start    ] GC(82) Concurrent marking roots
[2026-04-03T03:23:11.573+0600][68.872s][info][gc,task     ] GC(82) Using 3 of 6 workers for concurrent marking roots
[2026-04-03T03:23:11.574+0600][68.872s][info][gc          ] GC(82) Concurrent marking roots 0.779ms
[2026-04-03T03:23:11.574+0600][68.872s][info][gc,start    ] GC(82) Concurrent marking (unload classes)
[2026-04-03T03:23:11.574+0600][68.873s][info][gc,task     ] GC(82) Using 3 of 6 workers for concurrent marking
[2026-04-03T03:23:11.831+0600][69.130s][info][gc          ] GC(82) Concurrent marking (unload classes) 257.787ms
[2026-04-03T03:23:11.832+0600][69.131s][info][gc,start    ] GC(82) Pause Final Mark (unload classes)
[2026-04-03T03:23:11.832+0600][69.131s][info][gc,task     ] GC(82) Using 6 of 6 workers for final marking
[2026-04-03T03:23:11.832+0600][69.131s][info][gc,ergo     ] GC(82) Adaptive CSet Selection. Target Free: 141M, Actual Free: 397M, Max CSet: 42666K, Min Garbage: 0B
[2026-04-03T03:23:11.833+0600][69.132s][info][gc,ergo     ] GC(82) Collectable Garbage: 393M (97%), Immediate: 37266K (9%), CSet: 357M (88%)
[2026-04-03T03:23:11.833+0600][69.132s][info][gc,ergo     ] GC(82) Pacer for Evacuation. Used CSet: 399M, Free: 350M, Non-Taxable: 35884K, Alloc Tax Rate: 2.8x
[2026-04-03T03:23:11.833+0600][69.132s][info][gc          ] GC(82) Pause Final Mark (unload classes) 1.481ms
[2026-04-03T03:23:11.833+0600][69.132s][info][gc,start    ] GC(82) Concurrent thread roots
[2026-04-03T03:23:11.833+0600][69.132s][info][gc,task     ] GC(82) Using 3 of 6 workers for Concurrent thread roots
[2026-04-03T03:23:11.834+0600][69.133s][info][gc          ] GC(82) Concurrent thread roots 1.012ms
[2026-04-03T03:23:11.834+0600][69.133s][info][gc,start    ] GC(82) Concurrent weak references
[2026-04-03T03:23:11.834+0600][69.133s][info][gc,task     ] GC(82) Using 3 of 6 workers for concurrent weak references
[2026-04-03T03:23:11.835+0600][69.134s][info][gc,ref      ] GC(82) Encountered references: Soft: 3295, Weak: 6523, Final: 84, Phantom: 602
[2026-04-03T03:23:11.835+0600][69.134s][info][gc,ref      ] GC(82) Discovered  references: Soft: 0, Weak: 552, Final: 0, Phantom: 599
[2026-04-03T03:23:11.835+0600][69.134s][info][gc,ref      ] GC(82) Enqueued    references: Soft: 0, Weak: 92, Final: 0, Phantom: 0
[2026-04-03T03:23:11.835+0600][69.134s][info][gc          ] GC(82) Concurrent weak references 0.361ms
[2026-04-03T03:23:11.835+0600][69.134s][info][gc,start    ] GC(82) Concurrent weak roots
[2026-04-03T03:23:11.835+0600][69.134s][info][gc,task     ] GC(82) Using 3 of 6 workers for concurrent weak root
[2026-04-03T03:23:11.837+0600][69.136s][info][gc          ] GC(82) Concurrent weak roots 2.641ms
[2026-04-03T03:23:11.838+0600][69.136s][info][gc,start    ] GC(82) Concurrent cleanup
[2026-04-03T03:23:11.838+0600][69.137s][info][gc          ] GC(82) Concurrent cleanup 634M->598M(792M) 0.323ms
[2026-04-03T03:23:11.838+0600][69.137s][info][gc,ergo     ] GC(82) Free: 350M, Max: 256K regular, 274M humongous, Frag: 22% external, 0% internal; Reserve: 50176K, Max: 256K
[2026-04-03T03:23:11.838+0600][69.137s][info][gc,start    ] GC(82) Concurrent class unloading
[2026-04-03T03:23:11.838+0600][69.137s][info][gc,task     ] GC(82) Using 3 of 6 workers for concurrent class unloading
[2026-04-03T03:23:11.846+0600][69.145s][info][gc          ] GC(82) Concurrent class unloading 7.918ms
[2026-04-03T03:23:11.846+0600][69.145s][info][gc,start    ] GC(82) Concurrent strong roots
[2026-04-03T03:23:11.846+0600][69.145s][info][gc,task     ] GC(82) Using 3 of 6 workers for concurrent strong root
[2026-04-03T03:23:11.847+0600][69.146s][info][gc          ] GC(82) Concurrent strong roots 0.886ms
[2026-04-03T03:23:11.847+0600][69.146s][info][gc,start    ] GC(82) Concurrent evacuation
[2026-04-03T03:23:11.847+0600][69.146s][info][gc,task     ] GC(82) Using 3 of 6 workers for concurrent evacuation
[2026-04-03T03:23:11.887+0600][69.186s][info][gc          ] GC(82) Concurrent evacuation 40.365ms
[2026-04-03T03:23:11.887+0600][69.186s][info][gc,start    ] GC(82) Pause Init Update Refs
[2026-04-03T03:23:11.888+0600][69.186s][info][gc,ergo     ] GC(82) Pacer for Update Refs. Used: 642M, Free: 347M, Non-Taxable: 35552K, Alloc Tax Rate: 2.3x
[2026-04-03T03:23:11.888+0600][69.186s][info][gc          ] GC(82) Pause Init Update Refs 0.109ms
[2026-04-03T03:23:11.888+0600][69.186s][info][gc,start    ] GC(82) Concurrent update references
[2026-04-03T03:23:11.888+0600][69.186s][info][gc,task     ] GC(82) Using 3 of 6 workers for concurrent reference update
[2026-04-03T03:23:12.028+0600][69.327s][info][gc          ] GC(82) Concurrent update references 140.355ms
[2026-04-03T03:23:12.028+0600][69.327s][info][gc,start    ] GC(82) Concurrent update thread roots
[2026-04-03T03:23:12.029+0600][69.328s][info][gc          ] GC(82) Concurrent update thread roots 1.009ms
[2026-04-03T03:23:12.029+0600][69.328s][info][gc,start    ] GC(82) Pause Final Update Refs
[2026-04-03T03:23:12.029+0600][69.328s][info][gc,task     ] GC(82) Using 6 of 6 workers for final reference update
[2026-04-03T03:23:12.030+0600][69.328s][info][gc          ] GC(82) Pause Final Update Refs 0.232ms
[2026-04-03T03:23:12.030+0600][69.329s][info][gc,start    ] GC(82) Concurrent cleanup
[2026-04-03T03:23:12.030+0600][69.329s][info][gc          ] GC(82) Concurrent cleanup 642M->243M(792M) 0.441ms
[2026-04-03T03:23:12.030+0600][69.329s][info][gc,ergo     ] Free: 703M, Max: 256K regular, 282M humongous, Frag: 60% external, 0% internal; Reserve: 51200K, Max: 256K
[2026-04-03T03:23:12.030+0600][69.329s][info][gc,stats    ] 
[2026-04-03T03:23:12.030+0600][69.329s][info][gc,stats    ] All times are wall-clock times, except per-root-class counters, that are sum over
[2026-04-03T03:23:12.030+0600][69.329s][info][gc,stats    ] all workers. Dividing the <total> over the root stage time estimates parallelism.
[2026-04-03T03:23:12.030+0600][69.329s][info][gc,stats    ] 
[2026-04-03T03:23:12.030+0600][69.329s][info][gc,stats    ] Concurrent Reset                   1524 us
[2026-04-03T03:23:12.030+0600][69.329s][info][gc,stats    ] Pause Init Mark (G)                 382 us
[2026-04-03T03:23:12.030+0600][69.329s][info][gc,stats    ] Pause Init Mark (N)                 176 us
[2026-04-03T03:23:12.030+0600][69.329s][info][gc,stats    ]   Update Region States               72 us
[2026-04-03T03:23:12.030+0600][69.329s][info][gc,stats    ] Concurrent Mark Roots               802 us, parallelism: 1.78x
[2026-04-03T03:23:12.030+0600][69.329s][info][gc,stats    ]   CMR: <total>                     1424 us
[2026-04-03T03:23:12.030+0600][69.329s][info][gc,stats    ]   CMR: Thread Roots                1145 us, workers (us): 222, 471, 452, ---, ---, ---, 
[2026-04-03T03:23:12.030+0600][69.329s][info][gc,stats    ]   CMR: VM Strong Roots               31 us, workers (us):  30,   1,   0, ---, ---, ---, 
[2026-04-03T03:23:12.030+0600][69.329s][info][gc,stats    ]   CMR: CLDG Roots                   248 us, workers (us): 248, ---, ---, ---, ---, ---, 
[2026-04-03T03:23:12.030+0600][69.329s][info][gc,stats    ] Concurrent Marking               257867 us
[2026-04-03T03:23:12.030+0600][69.329s][info][gc,stats    ] Pause Final Mark (G)               1851 us
[2026-04-03T03:23:12.030+0600][69.329s][info][gc,stats    ] Pause Final Mark (N)               1495 us
[2026-04-03T03:23:12.030+0600][69.329s][info][gc,stats    ]   Finish Mark                       429 us
[2026-04-03T03:23:12.030+0600][69.329s][info][gc,stats    ]   Update Region States               85 us
[2026-04-03T03:23:12.030+0600][69.329s][info][gc,stats    ]   Choose Collection Set             733 us
[2026-04-03T03:23:12.031+0600][69.329s][info][gc,stats    ]   Rebuild Free Set                   65 us
[2026-04-03T03:23:12.031+0600][69.329s][info][gc,stats    ] Concurrent Thread Roots            1066 us, parallelism: 2.02x
[2026-04-03T03:23:12.031+0600][69.329s][info][gc,stats    ]   CTR: <total>                     2155 us
[2026-04-03T03:23:12.031+0600][69.329s][info][gc,stats    ]   CTR: Thread Roots                2155 us, workers (us): 753, 722, 680, ---, ---, ---, 
[2026-04-03T03:23:12.031+0600][69.329s][info][gc,stats    ] Concurrent Weak References          375 us, parallelism: 0.74x
[2026-04-03T03:23:12.031+0600][69.329s][info][gc,stats    ]   CWRF: <total>                     280 us
[2026-04-03T03:23:12.031+0600][69.329s][info][gc,stats    ]   CWRF: Weak References             280 us, workers (us): 122,  59,  98, ---, ---, ---, 
[2026-04-03T03:23:12.031+0600][69.329s][info][gc,stats    ] Concurrent Weak Roots              2712 us
[2026-04-03T03:23:12.031+0600][69.329s][info][gc,stats    ]   Roots                            2291 us, parallelism: 2.53x
[2026-04-03T03:23:12.031+0600][69.329s][info][gc,stats    ]     CWR: <total>                   5803 us
[2026-04-03T03:23:12.031+0600][69.329s][info][gc,stats    ]     CWR: Code Cache Roots          4014 us, workers (us): 1396, 1391, 1227, ---, ---, ---, 
[2026-04-03T03:23:12.031+0600][69.329s][info][gc,stats    ]     CWR: VM Weak Roots             1639 us, workers (us): 579, 539, 521, ---, ---, ---, 
[2026-04-03T03:23:12.031+0600][69.329s][info][gc,stats    ]     CWR: CLDG Roots                 150 us, workers (us): ---, ---, 150, ---, ---, ---, 
[2026-04-03T03:23:12.031+0600][69.329s][info][gc,stats    ]   Rendezvous                        317 us
[2026-04-03T03:23:12.031+0600][69.329s][info][gc,stats    ] Concurrent Cleanup                  348 us
[2026-04-03T03:23:12.031+0600][69.329s][info][gc,stats    ] Concurrent Class Unloading         8008 us
[2026-04-03T03:23:12.031+0600][69.330s][info][gc,stats    ]   Unlink Stale                     7252 us
[2026-04-03T03:23:12.031+0600][69.330s][info][gc,stats    ]     System Dictionary               128 us
[2026-04-03T03:23:12.031+0600][69.330s][info][gc,stats    ]     Weak Class Links                  1 us
[2026-04-03T03:23:12.031+0600][69.330s][info][gc,stats    ]     Code Roots                     7118 us
[2026-04-03T03:23:12.031+0600][69.330s][info][gc,stats    ]   Rendezvous                        372 us
[2026-04-03T03:23:12.031+0600][69.330s][info][gc,stats    ]   Purge Unlinked                    256 us
[2026-04-03T03:23:12.031+0600][69.330s][info][gc,stats    ]     Code Roots                      245 us
[2026-04-03T03:23:12.031+0600][69.330s][info][gc,stats    ]     CLDG                             10 us
[2026-04-03T03:23:12.031+0600][69.330s][info][gc,stats    ]     Exception Caches                  0 us
[2026-04-03T03:23:12.031+0600][69.330s][info][gc,stats    ] Concurrent Strong Roots             936 us, parallelism: 0.59x
[2026-04-03T03:23:12.031+0600][69.330s][info][gc,stats    ]   CSR: <total>                      551 us
[2026-04-03T03:23:12.031+0600][69.330s][info][gc,stats    ]   CSR: VM Strong Roots               40 us, workers (us):  19,  14,   8, ---, ---, ---, 
[2026-04-03T03:23:12.031+0600][69.330s][info][gc,stats    ]   CSR: CLDG Roots                   510 us, workers (us): ---, ---, 510, ---, ---, ---, 
[2026-04-03T03:23:12.031+0600][69.330s][info][gc,stats    ] Concurrent Evacuation             40461 us
[2026-04-03T03:23:12.031+0600][69.330s][info][gc,stats    ] Pause Init Update Refs (G)          270 us
[2026-04-03T03:23:12.031+0600][69.330s][info][gc,stats    ] Pause Init Update Refs (N)          122 us
[2026-04-03T03:23:12.031+0600][69.330s][info][gc,stats    ]   Manage GCLABs                      20 us
[2026-04-03T03:23:12.031+0600][69.330s][info][gc,stats    ] Concurrent Update Refs           140440 us
[2026-04-03T03:23:12.031+0600][69.330s][info][gc,stats    ] Concurrent Update Thread Roots     1035 us
[2026-04-03T03:23:12.031+0600][69.330s][info][gc,stats    ] Pause Final Update Refs (G)         633 us
[2026-04-03T03:23:12.031+0600][69.330s][info][gc,stats    ] Pause Final Update Refs (N)         249 us
[2026-04-03T03:23:12.031+0600][69.330s][info][gc,stats    ]   Update Region States               60 us
[2026-04-03T03:23:12.031+0600][69.330s][info][gc,stats    ]   Trash Collection Set               29 us
[2026-04-03T03:23:12.031+0600][69.330s][info][gc,stats    ]   Rebuild Free Set                   54 us
[2026-04-03T03:23:12.031+0600][69.330s][info][gc,stats    ] Concurrent Cleanup                  464 us
[2026-04-03T03:23:12.031+0600][69.330s][info][gc,stats    ] 
[2026-04-03T03:23:12.031+0600][69.330s][info][gc,stats    ] Allocation pacing accrued:
[2026-04-03T03:23:12.031+0600][69.330s][info][gc,stats    ]       0 of   979 ms (  0.0%): <total>
[2026-04-03T03:23:12.031+0600][69.330s][info][gc,stats    ]       0 of   979 ms (  0.0%): <average total>
[2026-04-03T03:23:12.031+0600][69.330s][info][gc,stats    ] 
[2026-04-03T03:23:12.031+0600][69.330s][info][gc,metaspace] Metaspace: 73222K(74048K)->73226K(74048K) NonClass: 63939K(64384K)->63943K(64384K) Class: 9282K(9664K)->9283K(9664K)
[2026-04-03T03:23:12.031+0600][69.330s][info][gc,ergo     ] Pacer for Idle. Initial: 20480K, Alloc Tax Rate: 1.0x
[2026-04-03T03:23:12.736+0600][70.034s][info][gc          ] Trigger: Average GC time (631.72 ms) is above the time for average allocation rate (725 MB/s) to deplete free headroom (384M) (margin of error = 1.78)
[2026-04-03T03:23:12.736+0600][70.034s][info][gc,ergo     ] Free headroom: 434M (free) - 51200K (spike) - 0B (penalties) = 384M
[2026-04-03T03:23:12.736+0600][70.034s][info][gc,ergo     ] Free: 434M, Max: 256K regular, 282M humongous, Frag: 35% external, 0% internal; Reserve: 51200K, Max: 256K
[2026-04-03T03:23:12.736+0600][70.034s][info][gc,start    ] GC(83) Concurrent reset
[2026-04-03T03:23:12.736+0600][70.035s][info][gc,task     ] GC(83) Using 3 of 6 workers for concurrent reset
[2026-04-03T03:23:12.736+0600][70.035s][info][gc,ergo     ] GC(83) Pacer for Reset. Non-Taxable: 1000M
[2026-04-03T03:23:12.737+0600][70.036s][info][gc          ] GC(83) Concurrent reset 1.756ms
[2026-04-03T03:23:12.738+0600][70.037s][info][gc,start    ] GC(83) Pause Init Mark (unload classes)
[2026-04-03T03:23:12.738+0600][70.037s][info][gc,task     ] GC(83) Using 6 of 6 workers for init marking
[2026-04-03T03:23:12.738+0600][70.037s][info][gc,ergo     ] GC(83) Pacer for Mark. Expected Live: 219M, Free: 432M, Non-Taxable: 44331K, Alloc Tax Rate: 0.6x
[2026-04-03T03:23:12.738+0600][70.037s][info][gc          ] GC(83) Pause Init Mark (unload classes) 0.215ms
[2026-04-03T03:23:12.738+0600][70.037s][info][gc,start    ] GC(83) Concurrent marking roots
[2026-04-03T03:23:12.738+0600][70.037s][info][gc,task     ] GC(83) Using 3 of 6 workers for concurrent marking roots
[2026-04-03T03:23:12.739+0600][70.038s][info][gc          ] GC(83) Concurrent marking roots 0.981ms
[2026-04-03T03:23:12.739+0600][70.038s][info][gc,start    ] GC(83) Concurrent marking (unload classes)
[2026-04-03T03:23:12.739+0600][70.038s][info][gc,task     ] GC(83) Using 3 of 6 workers for concurrent marking
[2026-04-03T03:23:12.985+0600][70.284s][info][gc          ] GC(83) Concurrent marking (unload classes) 246.190ms
[2026-04-03T03:23:12.986+0600][70.284s][info][gc,start    ] GC(83) Pause Final Mark (unload classes)
[2026-04-03T03:23:12.986+0600][70.284s][info][gc,task     ] GC(83) Using 6 of 6 workers for final marking
[2026-04-03T03:23:12.986+0600][70.285s][info][gc,ergo     ] GC(83) Adaptive CSet Selection. Target Free: 141M, Actual Free: 510M, Max CSet: 42666K, Min Garbage: 0B
[2026-04-03T03:23:12.986+0600][70.285s][info][gc,ergo     ] GC(83) Collectable Garbage: 293M (97%), Immediate: 114M (37%), CSet: 179M (59%)
[2026-04-03T03:23:12.987+0600][70.285s][info][gc,ergo     ] GC(83) Pacer for Evacuation. Used CSet: 221M, Free: 467M, Non-Taxable: 47916K, Alloc Tax Rate: 1.2x
[2026-04-03T03:23:12.987+0600][70.285s][info][gc          ] GC(83) Pause Final Mark (unload classes) 1.072ms
[2026-04-03T03:23:12.987+0600][70.286s][info][gc,start    ] GC(83) Concurrent thread roots
[2026-04-03T03:23:12.987+0600][70.286s][info][gc,task     ] GC(83) Using 3 of 6 workers for Concurrent thread roots
[2026-04-03T03:23:12.988+0600][70.286s][info][gc          ] GC(83) Concurrent thread roots 0.781ms
[2026-04-03T03:23:12.988+0600][70.286s][info][gc,start    ] GC(83) Concurrent weak references
[2026-04-03T03:23:12.988+0600][70.286s][info][gc,task     ] GC(83) Using 3 of 6 workers for concurrent weak references
[2026-04-03T03:23:12.988+0600][70.287s][info][gc,ref      ] GC(83) Encountered references: Soft: 3302, Weak: 6604, Final: 84, Phantom: 600
[2026-04-03T03:23:12.988+0600][70.287s][info][gc,ref      ] GC(83) Discovered  references: Soft: 0, Weak: 2847, Final: 50, Phantom: 597
[2026-04-03T03:23:12.988+0600][70.287s][info][gc,ref      ] GC(83) Enqueued    references: Soft: 0, Weak: 89, Final: 0, Phantom: 0
[2026-04-03T03:23:12.988+0600][70.287s][info][gc          ] GC(83) Concurrent weak references 0.700ms
[2026-04-03T03:23:12.988+0600][70.287s][info][gc,start    ] GC(83) Concurrent weak roots
[2026-04-03T03:23:12.988+0600][70.287s][info][gc,task     ] GC(83) Using 3 of 6 workers for concurrent weak root
[2026-04-03T03:23:12.991+0600][70.289s][info][gc          ] GC(83) Concurrent weak roots 2.238ms
[2026-04-03T03:23:12.991+0600][70.289s][info][gc,start    ] GC(83) Concurrent cleanup
[2026-04-03T03:23:12.991+0600][70.290s][info][gc          ] GC(83) Concurrent cleanup 592M->478M(792M) 0.343ms
[2026-04-03T03:23:12.991+0600][70.290s][info][gc,ergo     ] GC(83) Free: 466M, Max: 256K regular, 348M humongous, Frag: 26% external, 0% internal; Reserve: 50968K, Max: 256K
[2026-04-03T03:23:12.991+0600][70.290s][info][gc,start    ] GC(83) Concurrent class unloading
[2026-04-03T03:23:12.991+0600][70.290s][info][gc,task     ] GC(83) Using 3 of 6 workers for concurrent class unloading
[2026-04-03T03:23:12.998+0600][70.297s][info][gc          ] GC(83) Concurrent class unloading 6.918ms
[2026-04-03T03:23:12.998+0600][70.297s][info][gc,start    ] GC(83) Concurrent strong roots
[2026-04-03T03:23:12.998+0600][70.297s][info][gc,task     ] GC(83) Using 3 of 6 workers for concurrent strong root
[2026-04-03T03:23:12.999+0600][70.298s][info][gc          ] GC(83) Concurrent strong roots 0.807ms
[2026-04-03T03:23:12.999+0600][70.298s][info][gc,start    ] GC(83) Concurrent evacuation
[2026-04-03T03:23:12.999+0600][70.298s][info][gc,task     ] GC(83) Using 3 of 6 workers for concurrent evacuation
[2026-04-03T03:23:13.035+0600][70.334s][info][gc          ] GC(83) Concurrent evacuation 36.437ms
[2026-04-03T03:23:13.036+0600][70.334s][info][gc,start    ] GC(83) Pause Init Update Refs
[2026-04-03T03:23:13.036+0600][70.335s][info][gc,ergo     ] GC(83) Pacer for Update Refs. Used: 534M, Free: 453M, Non-Taxable: 46431K, Alloc Tax Rate: 1.4x
[2026-04-03T03:23:13.036+0600][70.335s][info][gc          ] GC(83) Pause Init Update Refs 0.193ms
[2026-04-03T03:23:13.036+0600][70.335s][info][gc,start    ] GC(83) Concurrent update references
[2026-04-03T03:23:13.036+0600][70.335s][info][gc,task     ] GC(83) Using 3 of 6 workers for concurrent reference update
[2026-04-03T03:23:13.200+0600][70.499s][info][gc          ] GC(83) Concurrent update references 164.168ms
[2026-04-03T03:23:13.200+0600][70.499s][info][gc,start    ] GC(83) Concurrent update thread roots
[2026-04-03T03:23:13.201+0600][70.500s][info][gc          ] GC(83) Concurrent update thread roots 1.250ms
[2026-04-03T03:23:13.202+0600][70.500s][info][gc,start    ] GC(83) Pause Final Update Refs
[2026-04-03T03:23:13.202+0600][70.501s][info][gc,task     ] GC(83) Using 6 of 6 workers for final reference update
[2026-04-03T03:23:13.202+0600][70.501s][info][gc          ] GC(83) Pause Final Update Refs 0.271ms
[2026-04-03T03:23:13.202+0600][70.501s][info][gc,start    ] GC(83) Concurrent cleanup
[2026-04-03T03:23:13.202+0600][70.501s][info][gc          ] GC(83) Concurrent cleanup 602M->382M(792M) 0.384ms
[2026-04-03T03:23:13.203+0600][70.501s][info][gc,ergo     ] Free: 562M, Max: 256K regular, 353M humongous, Frag: 38% external, 0% internal; Reserve: 51200K, Max: 256K
[2026-04-03T03:23:13.203+0600][70.501s][info][gc,stats    ] 
[2026-04-03T03:23:13.203+0600][70.501s][info][gc,stats    ] All times are wall-clock times, except per-root-class counters, that are sum over
[2026-04-03T03:23:13.203+0600][70.501s][info][gc,stats    ] all workers. Dividing the <total> over the root stage time estimates parallelism.
[2026-04-03T03:23:13.203+0600][70.501s][info][gc,stats    ] 
[2026-04-03T03:23:13.203+0600][70.501s][info][gc,stats    ] Concurrent Reset                   1831 us
[2026-04-03T03:23:13.203+0600][70.501s][info][gc,stats    ] Pause Init Mark (G)                 559 us
[2026-04-03T03:23:13.203+0600][70.501s][info][gc,stats    ] Pause Init Mark (N)                 224 us
[2026-04-03T03:23:13.203+0600][70.502s][info][gc,stats    ]   Update Region States               70 us
[2026-04-03T03:23:13.203+0600][70.502s][info][gc,stats    ] Concurrent Mark Roots              1029 us, parallelism: 1.67x
[2026-04-03T03:23:13.203+0600][70.502s][info][gc,stats    ]   CMR: <total>                     1722 us
[2026-04-03T03:23:13.203+0600][70.502s][info][gc,stats    ]   CMR: Thread Roots                1505 us, workers (us): 558, 386, 562, ---, ---, ---, 
[2026-04-03T03:23:13.203+0600][70.502s][info][gc,stats    ]   CMR: VM Strong Roots               39 us, workers (us):  26,   9,   4, ---, ---, ---, 
[2026-04-03T03:23:13.203+0600][70.502s][info][gc,stats    ]   CMR: CLDG Roots                   178 us, workers (us): ---, 178, ---, ---, ---, ---, 
[2026-04-03T03:23:13.203+0600][70.502s][info][gc,stats    ] Concurrent Marking               246279 us
[2026-04-03T03:23:13.203+0600][70.502s][info][gc,stats    ] Pause Final Mark (G)               1331 us
[2026-04-03T03:23:13.203+0600][70.502s][info][gc,stats    ] Pause Final Mark (N)               1085 us
[2026-04-03T03:23:13.203+0600][70.502s][info][gc,stats    ]   Finish Mark                       331 us
[2026-04-03T03:23:13.203+0600][70.502s][info][gc,stats    ]   Update Region States               82 us
[2026-04-03T03:23:13.203+0600][70.502s][info][gc,stats    ]   Choose Collection Set             455 us
[2026-04-03T03:23:13.203+0600][70.502s][info][gc,stats    ]   Rebuild Free Set                   61 us
[2026-04-03T03:23:13.203+0600][70.502s][info][gc,stats    ] Concurrent Thread Roots             844 us, parallelism: 1.58x
[2026-04-03T03:23:13.203+0600][70.502s][info][gc,stats    ]   CTR: <total>                     1338 us
[2026-04-03T03:23:13.203+0600][70.502s][info][gc,stats    ]   CTR: Thread Roots                1338 us, workers (us): 454, 459, 424, ---, ---, ---, 
[2026-04-03T03:23:13.203+0600][70.502s][info][gc,stats    ] Concurrent Weak References          713 us, parallelism: 0.82x
[2026-04-03T03:23:13.203+0600][70.502s][info][gc,stats    ]   CWRF: <total>                     587 us
[2026-04-03T03:23:13.203+0600][70.502s][info][gc,stats    ]   CWRF: Weak References             587 us, workers (us): 453, 132,   2, ---, ---, ---, 
[2026-04-03T03:23:13.203+0600][70.502s][info][gc,stats    ] Concurrent Weak Roots              2298 us
[2026-04-03T03:23:13.203+0600][70.502s][info][gc,stats    ]   Roots                            1933 us, parallelism: 2.34x
[2026-04-03T03:23:13.203+0600][70.502s][info][gc,stats    ]     CWR: <total>                   4523 us
[2026-04-03T03:23:13.203+0600][70.502s][info][gc,stats    ]     CWR: Code Cache Roots          3273 us, workers (us): 1031, 1213, 1029, ---, ---, ---, 
[2026-04-03T03:23:13.203+0600][70.502s][info][gc,stats    ]     CWR: VM Weak Roots             1163 us, workers (us): 403, 381, 378, ---, ---, ---, 
[2026-04-03T03:23:13.203+0600][70.502s][info][gc,stats    ]     CWR: CLDG Roots                  88 us, workers (us):  88, ---, ---, ---, ---, ---, 
[2026-04-03T03:23:13.203+0600][70.502s][info][gc,stats    ]   Rendezvous                        280 us
[2026-04-03T03:23:13.203+0600][70.502s][info][gc,stats    ] Concurrent Cleanup                  368 us
[2026-04-03T03:23:13.203+0600][70.502s][info][gc,stats    ] Concurrent Class Unloading         7011 us
[2026-04-03T03:23:13.203+0600][70.502s][info][gc,stats    ]   Unlink Stale                     6370 us
[2026-04-03T03:23:13.203+0600][70.502s][info][gc,stats    ]     System Dictionary               100 us
[2026-04-03T03:23:13.203+0600][70.502s][info][gc,stats    ]     Weak Class Links                  1 us
[2026-04-03T03:23:13.203+0600][70.502s][info][gc,stats    ]     Code Roots                     6265 us
[2026-04-03T03:23:13.203+0600][70.502s][info][gc,stats    ]   Rendezvous                        263 us
[2026-04-03T03:23:13.203+0600][70.502s][info][gc,stats    ]   Purge Unlinked                    254 us
[2026-04-03T03:23:13.203+0600][70.502s][info][gc,stats    ]     Code Roots                      246 us
[2026-04-03T03:23:13.203+0600][70.502s][info][gc,stats    ]     CLDG                              7 us
[2026-04-03T03:23:13.203+0600][70.502s][info][gc,stats    ]     Exception Caches                  0 us
[2026-04-03T03:23:13.203+0600][70.502s][info][gc,stats    ] Concurrent Strong Roots             846 us, parallelism: 0.61x
[2026-04-03T03:23:13.203+0600][70.502s][info][gc,stats    ]   CSR: <total>                      514 us
[2026-04-03T03:23:13.203+0600][70.502s][info][gc,stats    ]   CSR: VM Strong Roots               38 us, workers (us):  37,   1,   0, ---, ---, ---, 
[2026-04-03T03:23:13.203+0600][70.502s][info][gc,stats    ]   CSR: CLDG Roots                   476 us, workers (us): 476, ---, ---, ---, ---, ---, 
[2026-04-03T03:23:13.203+0600][70.502s][info][gc,stats    ] Concurrent Evacuation             36568 us
[2026-04-03T03:23:13.203+0600][70.502s][info][gc,stats    ] Pause Init Update Refs (G)          519 us
[2026-04-03T03:23:13.203+0600][70.502s][info][gc,stats    ] Pause Init Update Refs (N)          210 us
[2026-04-03T03:23:13.203+0600][70.502s][info][gc,stats    ]   Manage GCLABs                      64 us
[2026-04-03T03:23:13.203+0600][70.502s][info][gc,stats    ] Concurrent Update Refs           164273 us
[2026-04-03T03:23:13.203+0600][70.502s][info][gc,stats    ] Concurrent Update Thread Roots     1307 us
[2026-04-03T03:23:13.203+0600][70.502s][info][gc,stats    ] Pause Final Update Refs (G)         508 us
[2026-04-03T03:23:13.203+0600][70.502s][info][gc,stats    ] Pause Final Update Refs (N)         291 us
[2026-04-03T03:23:13.203+0600][70.502s][info][gc,stats    ]   Update Region States               88 us
[2026-04-03T03:23:13.203+0600][70.502s][info][gc,stats    ]   Trash Collection Set               25 us
[2026-04-03T03:23:13.203+0600][70.502s][info][gc,stats    ]   Rebuild Free Set                   51 us
[2026-04-03T03:23:13.203+0600][70.502s][info][gc,stats    ] Concurrent Cleanup                  408 us
[2026-04-03T03:23:13.203+0600][70.502s][info][gc,stats    ] Pacing                           364195 us
[2026-04-03T03:23:13.203+0600][70.502s][info][gc,stats    ] 
[2026-04-03T03:23:13.203+0600][70.502s][info][gc,stats    ] Allocation pacing accrued:
[2026-04-03T03:23:13.203+0600][70.502s][info][gc,stats    ]      11 of  1172 ms (  1.0%): Spark Context Cleaner
[2026-04-03T03:23:13.203+0600][70.502s][info][gc,stats    ]     117 of  1172 ms ( 10.0%): Executor task launch worker for task 2.0 in stage 28.0 (TID 44)
[2026-04-03T03:23:13.203+0600][70.502s][info][gc,stats    ]     131 of  1172 ms ( 11.2%): Executor task launch worker for task 1.0 in stage 28.0 (TID 43)
[2026-04-03T03:23:13.203+0600][70.502s][info][gc,stats    ]     104 of  1172 ms (  8.9%): Executor task launch worker for task 0.0 in stage 28.0 (TID 42)
[2026-04-03T03:23:13.203+0600][70.502s][info][gc,stats    ]     364 of  1172 ms ( 31.1%): <total>
[2026-04-03T03:23:13.203+0600][70.502s][info][gc,stats    ]       2 of  1172 ms (  0.2%): <average total>
[2026-04-03T03:23:13.203+0600][70.502s][info][gc,stats    ]      91 of  1172 ms (  7.8%): <average non-zero>
[2026-04-03T03:23:13.203+0600][70.502s][info][gc,stats    ] 
[2026-04-03T03:23:13.203+0600][70.502s][info][gc,metaspace] Metaspace: 73255K(74112K)->73257K(74112K) NonClass: 63971K(64448K)->63973K(64448K) Class: 9284K(9664K)->9284K(9664K)
[2026-04-03T03:23:13.203+0600][70.502s][info][gc,ergo     ] Pacer for Idle. Initial: 20480K, Alloc Tax Rate: 1.0x
[2026-04-03T03:23:13.305+0600][70.603s][info][gc          ] Trigger: Average GC time (583.00 ms) is above the time for average allocation rate (847 MB/s) to deplete free headroom (396M) (margin of error = 1.78)
[2026-04-03T03:23:13.305+0600][70.603s][info][gc,ergo     ] Free headroom: 446M (free) - 51200K (spike) - 0B (penalties) = 396M
[2026-04-03T03:23:13.305+0600][70.604s][info][gc,ergo     ] Free: 446M, Max: 256K regular, 353M humongous, Frag: 21% external, 0% internal; Reserve: 51200K, Max: 256K
[2026-04-03T03:23:13.305+0600][70.604s][info][gc,start    ] GC(84) Concurrent reset
[2026-04-03T03:23:13.305+0600][70.604s][info][gc,task     ] GC(84) Using 3 of 6 workers for concurrent reset
[2026-04-03T03:23:13.305+0600][70.604s][info][gc,ergo     ] GC(84) Pacer for Reset. Non-Taxable: 1000M
[2026-04-03T03:23:13.306+0600][70.605s][info][gc          ] GC(84) Concurrent reset 1.560ms
[2026-04-03T03:23:13.307+0600][70.605s][info][gc,start    ] GC(84) Pause Init Mark (unload classes)
[2026-04-03T03:23:13.307+0600][70.605s][info][gc,task     ] GC(84) Using 6 of 6 workers for init marking
[2026-04-03T03:23:13.307+0600][70.605s][info][gc,ergo     ] GC(84) Pacer for Mark. Expected Live: 218M, Free: 443M, Non-Taxable: 45458K, Alloc Tax Rate: 0.6x
[2026-04-03T03:23:13.307+0600][70.606s][info][gc          ] GC(84) Pause Init Mark (unload classes) 0.157ms
[2026-04-03T03:23:13.307+0600][70.606s][info][gc,start    ] GC(84) Concurrent marking roots
[2026-04-03T03:23:13.307+0600][70.606s][info][gc,task     ] GC(84) Using 3 of 6 workers for concurrent marking roots
[2026-04-03T03:23:13.308+0600][70.607s][info][gc          ] GC(84) Concurrent marking roots 1.041ms
[2026-04-03T03:23:13.308+0600][70.607s][info][gc,start    ] GC(84) Concurrent marking (unload classes)
[2026-04-03T03:23:13.308+0600][70.607s][info][gc,task     ] GC(84) Using 3 of 6 workers for concurrent marking
[2026-04-03T03:23:13.556+0600][70.854s][info][gc          ] GC(84) Concurrent marking (unload classes) 247.675ms
[2026-04-03T03:23:13.556+0600][70.855s][info][gc,start    ] GC(84) Pause Final Mark (unload classes)
[2026-04-03T03:23:13.556+0600][70.855s][info][gc,task     ] GC(84) Using 6 of 6 workers for final marking
[2026-04-03T03:23:13.556+0600][70.855s][info][gc,ergo     ] GC(84) Adaptive CSet Selection. Target Free: 141M, Actual Free: 447M, Max CSet: 42666K, Min Garbage: 0B
[2026-04-03T03:23:13.557+0600][70.856s][info][gc,ergo     ] GC(84) Collectable Garbage: 240M (92%), Immediate: 39936K (14%), CSet: 201M (77%)
[2026-04-03T03:23:13.557+0600][70.856s][info][gc,ergo     ] GC(84) Pacer for Evacuation. Used CSet: 243M, Free: 401M, Non-Taxable: 41081K, Alloc Tax Rate: 1.5x
[2026-04-03T03:23:13.557+0600][70.856s][info][gc          ] GC(84) Pause Final Mark (unload classes) 1.252ms
[2026-04-03T03:23:13.557+0600][70.856s][info][gc,start    ] GC(84) Concurrent thread roots
[2026-04-03T03:23:13.557+0600][70.856s][info][gc,task     ] GC(84) Using 3 of 6 workers for Concurrent thread roots
[2026-04-03T03:23:13.558+0600][70.857s][info][gc          ] GC(84) Concurrent thread roots 0.726ms
[2026-04-03T03:23:13.558+0600][70.857s][info][gc,start    ] GC(84) Concurrent weak references
[2026-04-03T03:23:13.558+0600][70.857s][info][gc,task     ] GC(84) Using 3 of 6 workers for concurrent weak references
[2026-04-03T03:23:13.558+0600][70.857s][info][gc,ref      ] GC(84) Encountered references: Soft: 3302, Weak: 6523, Final: 84, Phantom: 601
[2026-04-03T03:23:13.558+0600][70.857s][info][gc,ref      ] GC(84) Discovered  references: Soft: 0, Weak: 575, Final: 0, Phantom: 598
[2026-04-03T03:23:13.558+0600][70.857s][info][gc,ref      ] GC(84) Enqueued    references: Soft: 0, Weak: 78, Final: 0, Phantom: 0
[2026-04-03T03:23:13.558+0600][70.857s][info][gc          ] GC(84) Concurrent weak references 0.450ms
[2026-04-03T03:23:13.558+0600][70.857s][info][gc,start    ] GC(84) Concurrent weak roots
[2026-04-03T03:23:13.558+0600][70.857s][info][gc,task     ] GC(84) Using 3 of 6 workers for concurrent weak root
[2026-04-03T03:23:13.560+0600][70.859s][info][gc          ] GC(84) Concurrent weak roots 1.765ms
[2026-04-03T03:23:13.560+0600][70.859s][info][gc,start    ] GC(84) Concurrent cleanup
[2026-04-03T03:23:13.560+0600][70.859s][info][gc          ] GC(84) Concurrent cleanup 585M->547M(792M) 0.243ms
[2026-04-03T03:23:13.560+0600][70.859s][info][gc,ergo     ] GC(84) Free: 399M, Max: 256K regular, 356M humongous, Frag: 11% external, 0% internal; Reserve: 50974K, Max: 256K
[2026-04-03T03:23:13.561+0600][70.859s][info][gc,start    ] GC(84) Concurrent class unloading
[2026-04-03T03:23:13.561+0600][70.859s][info][gc,task     ] GC(84) Using 3 of 6 workers for concurrent class unloading
[2026-04-03T03:23:13.566+0600][70.865s][info][gc          ] GC(84) Concurrent class unloading 5.918ms
[2026-04-03T03:23:13.567+0600][70.865s][info][gc,start    ] GC(84) Concurrent strong roots
[2026-04-03T03:23:13.567+0600][70.865s][info][gc,task     ] GC(84) Using 3 of 6 workers for concurrent strong root
[2026-04-03T03:23:13.567+0600][70.866s][info][gc          ] GC(84) Concurrent strong roots 0.840ms
[2026-04-03T03:23:13.567+0600][70.866s][info][gc,start    ] GC(84) Concurrent evacuation
[2026-04-03T03:23:13.567+0600][70.866s][info][gc,task     ] GC(84) Using 3 of 6 workers for concurrent evacuation
[2026-04-03T03:23:13.602+0600][70.901s][info][gc          ] GC(84) Concurrent evacuation 34.300ms
[2026-04-03T03:23:13.602+0600][70.901s][info][gc,start    ] GC(84) Pause Init Update Refs
[2026-04-03T03:23:13.602+0600][70.901s][info][gc,ergo     ] GC(84) Pacer for Update Refs. Used: 612M, Free: 376M, Non-Taxable: 38546K, Alloc Tax Rate: 2.0x
[2026-04-03T03:23:13.602+0600][70.901s][info][gc          ] GC(84) Pause Init Update Refs 0.195ms
[2026-04-03T03:23:13.603+0600][70.901s][info][gc,start    ] GC(84) Concurrent update references
[2026-04-03T03:23:13.603+0600][70.901s][info][gc,task     ] GC(84) Using 3 of 6 workers for concurrent reference update
[2026-04-03T03:23:13.759+0600][71.057s][info][gc          ] GC(84) Concurrent update references 156.023ms
[2026-04-03T03:23:13.759+0600][71.057s][info][gc,start    ] GC(84) Concurrent update thread roots
[2026-04-03T03:23:13.760+0600][71.059s][info][gc          ] GC(84) Concurrent update thread roots 1.189ms
[2026-04-03T03:23:13.760+0600][71.059s][info][gc,start    ] GC(84) Pause Final Update Refs
[2026-04-03T03:23:13.760+0600][71.059s][info][gc,task     ] GC(84) Using 6 of 6 workers for final reference update
[2026-04-03T03:23:13.760+0600][71.059s][info][gc          ] GC(84) Pause Final Update Refs 0.324ms
[2026-04-03T03:23:13.761+0600][71.060s][info][gc,start    ] GC(84) Concurrent cleanup
[2026-04-03T03:23:13.761+0600][71.060s][info][gc          ] GC(84) Concurrent cleanup 713M->469M(792M) 0.501ms
[2026-04-03T03:23:13.761+0600][71.060s][info][gc,ergo     ] Free: 476M, Max: 256K regular, 255M humongous, Frag: 47% external, 0% internal; Reserve: 51200K, Max: 256K
[2026-04-03T03:23:13.761+0600][71.060s][info][gc,stats    ] 
[2026-04-03T03:23:13.761+0600][71.060s][info][gc,stats    ] All times are wall-clock times, except per-root-class counters, that are sum over
[2026-04-03T03:23:13.761+0600][71.060s][info][gc,stats    ] all workers. Dividing the <total> over the root stage time estimates parallelism.
[2026-04-03T03:23:13.762+0600][71.060s][info][gc,stats    ] 
[2026-04-03T03:23:13.762+0600][71.060s][info][gc,stats    ] Concurrent Reset                   1626 us
[2026-04-03T03:23:13.762+0600][71.060s][info][gc,stats    ] Pause Init Mark (G)                 428 us
[2026-04-03T03:23:13.762+0600][71.060s][info][gc,stats    ] Pause Init Mark (N)                 170 us
[2026-04-03T03:23:13.762+0600][71.060s][info][gc,stats    ]   Update Region States               37 us
[2026-04-03T03:23:13.762+0600][71.060s][info][gc,stats    ] Concurrent Mark Roots              1077 us, parallelism: 1.85x
[2026-04-03T03:23:13.762+0600][71.060s][info][gc,stats    ]   CMR: <total>                     1997 us
[2026-04-03T03:23:13.762+0600][71.060s][info][gc,stats    ]   CMR: Thread Roots                1712 us, workers (us): 430, 671, 611, ---, ---, ---, 
[2026-04-03T03:23:13.762+0600][71.060s][info][gc,stats    ]   CMR: VM Strong Roots               29 us, workers (us):  28,   1,   1, ---, ---, ---, 
[2026-04-03T03:23:13.762+0600][71.060s][info][gc,stats    ]   CMR: CLDG Roots                   255 us, workers (us): 255, ---, ---, ---, ---, ---, 
[2026-04-03T03:23:13.762+0600][71.060s][info][gc,stats    ] Concurrent Marking               247744 us
[2026-04-03T03:23:13.762+0600][71.060s][info][gc,stats    ] Pause Final Mark (G)               1475 us
[2026-04-03T03:23:13.762+0600][71.060s][info][gc,stats    ] Pause Final Mark (N)               1266 us
[2026-04-03T03:23:13.762+0600][71.060s][info][gc,stats    ]   Finish Mark                       336 us
[2026-04-03T03:23:13.762+0600][71.061s][info][gc,stats    ]   Update Region States               58 us
[2026-04-03T03:23:13.762+0600][71.061s][info][gc,stats    ]   Choose Collection Set             507 us
[2026-04-03T03:23:13.762+0600][71.061s][info][gc,stats    ]   Rebuild Free Set                   59 us
[2026-04-03T03:23:13.762+0600][71.061s][info][gc,stats    ] Concurrent Thread Roots             759 us, parallelism: 1.95x
[2026-04-03T03:23:13.762+0600][71.061s][info][gc,stats    ]   CTR: <total>                     1478 us
[2026-04-03T03:23:13.762+0600][71.061s][info][gc,stats    ]   CTR: Thread Roots                1478 us, workers (us): 538, 479, 461, ---, ---, ---, 
[2026-04-03T03:23:13.762+0600][71.061s][info][gc,stats    ] Concurrent Weak References          463 us, parallelism: 0.64x
[2026-04-03T03:23:13.762+0600][71.061s][info][gc,stats    ]   CWRF: <total>                     296 us
[2026-04-03T03:23:13.762+0600][71.061s][info][gc,stats    ]   CWRF: Weak References             296 us, workers (us):  75, 217,   4, ---, ---, ---, 
[2026-04-03T03:23:13.762+0600][71.061s][info][gc,stats    ] Concurrent Weak Roots              1830 us
[2026-04-03T03:23:13.762+0600][71.061s][info][gc,stats    ]   Roots                            1565 us, parallelism: 2.43x
[2026-04-03T03:23:13.762+0600][71.061s][info][gc,stats    ]     CWR: <total>                   3810 us
[2026-04-03T03:23:13.762+0600][71.061s][info][gc,stats    ]     CWR: Code Cache Roots          2514 us, workers (us): 892, 739, 883, ---, ---, ---, 
[2026-04-03T03:23:13.762+0600][71.061s][info][gc,stats    ]     CWR: VM Weak Roots             1195 us, workers (us): 458, 370, 367, ---, ---, ---, 
[2026-04-03T03:23:13.762+0600][71.061s][info][gc,stats    ]     CWR: CLDG Roots                 101 us, workers (us): ---, 101, ---, ---, ---, ---, 
[2026-04-03T03:23:13.762+0600][71.061s][info][gc,stats    ]   Rendezvous                        175 us
[2026-04-03T03:23:13.762+0600][71.061s][info][gc,stats    ] Concurrent Cleanup                  266 us
[2026-04-03T03:23:13.762+0600][71.061s][info][gc,stats    ] Concurrent Class Unloading         6035 us
[2026-04-03T03:23:13.762+0600][71.061s][info][gc,stats    ]   Unlink Stale                     5404 us
[2026-04-03T03:23:13.762+0600][71.061s][info][gc,stats    ]     System Dictionary                87 us
[2026-04-03T03:23:13.762+0600][71.061s][info][gc,stats    ]     Weak Class Links                  0 us
[2026-04-03T03:23:13.762+0600][71.061s][info][gc,stats    ]     Code Roots                     5312 us
[2026-04-03T03:23:13.762+0600][71.061s][info][gc,stats    ]   Rendezvous                        381 us
[2026-04-03T03:23:13.762+0600][71.061s][info][gc,stats    ]   Purge Unlinked                     96 us
[2026-04-03T03:23:13.762+0600][71.061s][info][gc,stats    ]     Code Roots                       87 us
[2026-04-03T03:23:13.762+0600][71.061s][info][gc,stats    ]     CLDG                              8 us
[2026-04-03T03:23:13.762+0600][71.061s][info][gc,stats    ]     Exception Caches                  0 us
[2026-04-03T03:23:13.762+0600][71.061s][info][gc,stats    ] Concurrent Strong Roots             900 us, parallelism: 0.59x
[2026-04-03T03:23:13.762+0600][71.061s][info][gc,stats    ]   CSR: <total>                      531 us
[2026-04-03T03:23:13.762+0600][71.061s][info][gc,stats    ]   CSR: VM Strong Roots               45 us, workers (us):  21,  22,   3, ---, ---, ---, 
[2026-04-03T03:23:13.762+0600][71.061s][info][gc,stats    ]   CSR: CLDG Roots                   485 us, workers (us): ---, ---, 485, ---, ---, ---, 
[2026-04-03T03:23:13.762+0600][71.061s][info][gc,stats    ] Concurrent Evacuation             34435 us
[2026-04-03T03:23:13.762+0600][71.061s][info][gc,stats    ] Pause Init Update Refs (G)          598 us
[2026-04-03T03:23:13.762+0600][71.061s][info][gc,stats    ] Pause Init Update Refs (N)          209 us
[2026-04-03T03:23:13.762+0600][71.061s][info][gc,stats    ]   Manage GCLABs                      72 us
[2026-04-03T03:23:13.762+0600][71.061s][info][gc,stats    ] Concurrent Update Refs           156126 us
[2026-04-03T03:23:13.762+0600][71.061s][info][gc,stats    ] Concurrent Update Thread Roots     1365 us
[2026-04-03T03:23:13.762+0600][71.061s][info][gc,stats    ] Pause Final Update Refs (G)         786 us
[2026-04-03T03:23:13.762+0600][71.061s][info][gc,stats    ] Pause Final Update Refs (N)         350 us
[2026-04-03T03:23:13.762+0600][71.061s][info][gc,stats    ]   Update Region States              103 us
[2026-04-03T03:23:13.762+0600][71.061s][info][gc,stats    ]   Trash Collection Set               33 us
[2026-04-03T03:23:13.762+0600][71.061s][info][gc,stats    ]   Rebuild Free Set                   65 us
[2026-04-03T03:23:13.762+0600][71.061s][info][gc,stats    ] Concurrent Cleanup                  545 us
[2026-04-03T03:23:13.762+0600][71.061s][info][gc,stats    ] Pacing                           401388 us
[2026-04-03T03:23:13.762+0600][71.061s][info][gc,stats    ] 
[2026-04-03T03:23:13.762+0600][71.061s][info][gc,stats    ] Allocation pacing accrued:
[2026-04-03T03:23:13.762+0600][71.061s][info][gc,stats    ]     134 of   559 ms ( 24.0%): Executor task launch worker for task 2.0 in stage 28.0 (TID 44)
[2026-04-03T03:23:13.762+0600][71.061s][info][gc,stats    ]     134 of   559 ms ( 24.0%): Executor task launch worker for task 1.0 in stage 28.0 (TID 43)
[2026-04-03T03:23:13.762+0600][71.061s][info][gc,stats    ]     133 of   559 ms ( 23.9%): Executor task launch worker for task 0.0 in stage 28.0 (TID 42)
[2026-04-03T03:23:13.762+0600][71.061s][info][gc,stats    ]     401 of   559 ms ( 71.8%): <total>
[2026-04-03T03:23:13.762+0600][71.061s][info][gc,stats    ]       2 of   559 ms (  0.4%): <average total>
[2026-04-03T03:23:13.762+0600][71.061s][info][gc,stats    ]     134 of   559 ms ( 23.9%): <average non-zero>
[2026-04-03T03:23:13.762+0600][71.061s][info][gc,stats    ] 
[2026-04-03T03:23:13.762+0600][71.061s][info][gc,metaspace] Metaspace: 73257K(74112K)->73257K(74112K) NonClass: 63973K(64448K)->63973K(64448K) Class: 9284K(9664K)->9284K(9664K)
[2026-04-03T03:23:13.762+0600][71.061s][info][gc,ergo     ] Pacer for Idle. Initial: 20480K, Alloc Tax Rate: 1.0x
[2026-04-03T03:23:13.828+0600][71.127s][info][gc          ] Trigger: Average GC time (545.70 ms) is above the time for average allocation rate (657 MB/s) to deplete free headroom (358M) (margin of error = 1.79)
[2026-04-03T03:23:13.829+0600][71.127s][info][gc,ergo     ] Free headroom: 408M (free) - 51200K (spike) - 0B (penalties) = 358M
[2026-04-03T03:23:13.829+0600][71.127s][info][gc,ergo     ] Free: 408M, Max: 256K regular, 255M humongous, Frag: 38% external, 0% internal; Reserve: 51200K, Max: 256K
[2026-04-03T03:23:13.829+0600][71.127s][info][gc,start    ] GC(85) Concurrent reset
[2026-04-03T03:23:13.829+0600][71.127s][info][gc,task     ] GC(85) Using 3 of 6 workers for concurrent reset
[2026-04-03T03:23:13.829+0600][71.127s][info][gc,ergo     ] GC(85) Pacer for Reset. Non-Taxable: 1000M
[2026-04-03T03:23:13.830+0600][71.129s][info][gc          ] GC(85) Concurrent reset 1.622ms
[2026-04-03T03:23:13.830+0600][71.129s][info][gc,start    ] GC(85) Pause Init Mark (unload classes)
[2026-04-03T03:23:13.831+0600][71.129s][info][gc,task     ] GC(85) Using 6 of 6 workers for init marking
[2026-04-03T03:23:13.831+0600][71.129s][info][gc,ergo     ] GC(85) Pacer for Mark. Expected Live: 223M, Free: 406M, Non-Taxable: 41592K, Alloc Tax Rate: 0.7x
[2026-04-03T03:23:13.831+0600][71.129s][info][gc          ] GC(85) Pause Init Mark (unload classes) 0.159ms
[2026-04-03T03:23:13.831+0600][71.130s][info][gc,start    ] GC(85) Concurrent marking roots
[2026-04-03T03:23:13.831+0600][71.130s][info][gc,task     ] GC(85) Using 3 of 6 workers for concurrent marking roots
[2026-04-03T03:23:13.832+0600][71.131s][info][gc          ] GC(85) Concurrent marking roots 1.136ms
[2026-04-03T03:23:13.832+0600][71.131s][info][gc,start    ] GC(85) Concurrent marking (unload classes)
[2026-04-03T03:23:13.832+0600][71.131s][info][gc,task     ] GC(85) Using 3 of 6 workers for concurrent marking
[2026-04-03T03:23:14.115+0600][71.414s][info][gc          ] GC(85) Concurrent marking (unload classes) 282.948ms
[2026-04-03T03:23:14.115+0600][71.414s][info][gc,start    ] GC(85) Pause Final Mark (unload classes)
[2026-04-03T03:23:14.115+0600][71.414s][info][gc,task     ] GC(85) Using 6 of 6 workers for final marking
[2026-04-03T03:23:14.116+0600][71.414s][info][gc,ergo     ] GC(85) Adaptive CSet Selection. Target Free: 141M, Actual Free: 373M, Max CSet: 42666K, Min Garbage: 0B
[2026-04-03T03:23:14.116+0600][71.415s][info][gc,ergo     ] GC(85) Collectable Garbage: 268M (96%), Immediate: 5120K (1%), CSet: 263M (94%)
[2026-04-03T03:23:14.116+0600][71.415s][info][gc,ergo     ] GC(85) Pacer for Evacuation. Used CSet: 305M, Free: 324M, Non-Taxable: 33196K, Alloc Tax Rate: 2.3x
[2026-04-03T03:23:14.116+0600][71.415s][info][gc          ] GC(85) Pause Final Mark (unload classes) 0.996ms
[2026-04-03T03:23:14.116+0600][71.415s][info][gc,start    ] GC(85) Concurrent thread roots
[2026-04-03T03:23:14.116+0600][71.415s][info][gc,task     ] GC(85) Using 3 of 6 workers for Concurrent thread roots
[2026-04-03T03:23:14.117+0600][71.416s][info][gc          ] GC(85) Concurrent thread roots 0.733ms
[2026-04-03T03:23:14.117+0600][71.416s][info][gc,start    ] GC(85) Concurrent weak references
[2026-04-03T03:23:14.117+0600][71.416s][info][gc,task     ] GC(85) Using 3 of 6 workers for concurrent weak references
[2026-04-03T03:23:14.118+0600][71.416s][info][gc,ref      ] GC(85) Encountered references: Soft: 3302, Weak: 6445, Final: 84, Phantom: 600
[2026-04-03T03:23:14.118+0600][71.417s][info][gc,ref      ] GC(85) Discovered  references: Soft: 0, Weak: 3679, Final: 48, Phantom: 597
[2026-04-03T03:23:14.118+0600][71.417s][info][gc,ref      ] GC(85) Enqueued    references: Soft: 0, Weak: 0, Final: 0, Phantom: 0
[2026-04-03T03:23:14.118+0600][71.417s][info][gc          ] GC(85) Concurrent weak references 0.745ms
[2026-04-03T03:23:14.118+0600][71.417s][info][gc,start    ] GC(85) Concurrent weak roots
[2026-04-03T03:23:14.118+0600][71.417s][info][gc,task     ] GC(85) Using 3 of 6 workers for concurrent weak root
[2026-04-03T03:23:14.120+0600][71.419s][info][gc          ] GC(85) Concurrent weak roots 2.496ms
[2026-04-03T03:23:14.120+0600][71.419s][info][gc,start    ] GC(85) Concurrent cleanup
[2026-04-03T03:23:14.121+0600][71.419s][info][gc          ] GC(85) Concurrent cleanup 631M->627M(792M) 0.217ms
[2026-04-03T03:23:14.121+0600][71.419s][info][gc,ergo     ] GC(85) Free: 319M, Max: 256K regular, 255M humongous, Frag: 20% external, 0% internal; Reserve: 50815K, Max: 256K
[2026-04-03T03:23:14.121+0600][71.419s][info][gc,start    ] GC(85) Concurrent class unloading
[2026-04-03T03:23:14.121+0600][71.419s][info][gc,task     ] GC(85) Using 3 of 6 workers for concurrent class unloading
[2026-04-03T03:23:14.127+0600][71.426s][info][gc          ] GC(85) Concurrent class unloading 6.340ms
[2026-04-03T03:23:14.127+0600][71.426s][info][gc,start    ] GC(85) Concurrent strong roots
[2026-04-03T03:23:14.127+0600][71.426s][info][gc,task     ] GC(85) Using 3 of 6 workers for concurrent strong root
[2026-04-03T03:23:14.128+0600][71.426s][info][gc          ] GC(85) Concurrent strong roots 0.505ms
[2026-04-03T03:23:14.128+0600][71.426s][info][gc,start    ] GC(85) Concurrent evacuation
[2026-04-03T03:23:14.128+0600][71.426s][info][gc,task     ] GC(85) Using 3 of 6 workers for concurrent evacuation
[2026-04-03T03:23:14.164+0600][71.463s][info][gc          ] GC(85) Concurrent evacuation 36.863ms
[2026-04-03T03:23:14.165+0600][71.464s][info][gc,start    ] GC(85) Pause Init Update Refs
[2026-04-03T03:23:14.165+0600][71.464s][info][gc,ergo     ] GC(85) Pacer for Update Refs. Used: 692M, Free: 296M, Non-Taxable: 30354K, Alloc Tax Rate: 2.9x
[2026-04-03T03:23:14.165+0600][71.464s][info][gc          ] GC(85) Pause Init Update Refs 0.164ms
[2026-04-03T03:23:14.165+0600][71.464s][info][gc,start    ] GC(85) Concurrent update references
[2026-04-03T03:23:14.165+0600][71.464s][info][gc,task     ] GC(85) Using 3 of 6 workers for concurrent reference update
[2026-04-03T03:23:14.338+0600][71.637s][info][gc          ] GC(85) Concurrent update references 173.178ms
[2026-04-03T03:23:14.338+0600][71.637s][info][gc,start    ] GC(85) Concurrent update thread roots
[2026-04-03T03:23:14.339+0600][71.638s][info][gc          ] GC(85) Concurrent update thread roots 1.201ms
[2026-04-03T03:23:14.340+0600][71.638s][info][gc,start    ] GC(85) Pause Final Update Refs
[2026-04-03T03:23:14.340+0600][71.639s][info][gc,task     ] GC(85) Using 6 of 6 workers for final reference update
[2026-04-03T03:23:14.340+0600][71.639s][info][gc          ] GC(85) Pause Final Update Refs 0.202ms
[2026-04-03T03:23:14.340+0600][71.639s][info][gc,start    ] GC(85) Concurrent cleanup
[2026-04-03T03:23:14.340+0600][71.639s][info][gc          ] GC(85) Concurrent cleanup 748M->443M(792M) 0.385ms
[2026-04-03T03:23:14.341+0600][71.639s][info][gc,ergo     ] Free: 502M, Max: 256K regular, 199M humongous, Frag: 61% external, 0% internal; Reserve: 51200K, Max: 256K
[2026-04-03T03:23:14.341+0600][71.639s][info][gc,stats    ] 
[2026-04-03T03:23:14.341+0600][71.639s][info][gc,stats    ] All times are wall-clock times, except per-root-class counters, that are sum over
[2026-04-03T03:23:14.341+0600][71.639s][info][gc,stats    ] all workers. Dividing the <total> over the root stage time estimates parallelism.
[2026-04-03T03:23:14.341+0600][71.639s][info][gc,stats    ] 
[2026-04-03T03:23:14.341+0600][71.639s][info][gc,stats    ] Concurrent Reset                   1690 us
[2026-04-03T03:23:14.341+0600][71.639s][info][gc,stats    ] Pause Init Mark (G)                 425 us
[2026-04-03T03:23:14.341+0600][71.639s][info][gc,stats    ] Pause Init Mark (N)                 171 us
[2026-04-03T03:23:14.341+0600][71.639s][info][gc,stats    ]   Update Region States               49 us
[2026-04-03T03:23:14.341+0600][71.639s][info][gc,stats    ] Concurrent Mark Roots              1224 us, parallelism: 1.78x
[2026-04-03T03:23:14.341+0600][71.639s][info][gc,stats    ]   CMR: <total>                     2174 us
[2026-04-03T03:23:14.341+0600][71.639s][info][gc,stats    ]   CMR: Thread Roots                1767 us, workers (us): 690, 727, 350, ---, ---, ---, 
[2026-04-03T03:23:14.341+0600][71.639s][info][gc,stats    ]   CMR: VM Strong Roots               43 us, workers (us):  18,  15,  10, ---, ---, ---, 
[2026-04-03T03:23:14.341+0600][71.639s][info][gc,stats    ]   CMR: CLDG Roots                   364 us, workers (us): ---, ---, 364, ---, ---, ---, 
[2026-04-03T03:23:14.341+0600][71.639s][info][gc,stats    ] Concurrent Marking               283040 us
[2026-04-03T03:23:14.341+0600][71.640s][info][gc,stats    ] Pause Final Mark (G)               1214 us
[2026-04-03T03:23:14.341+0600][71.640s][info][gc,stats    ] Pause Final Mark (N)               1008 us
[2026-04-03T03:23:14.341+0600][71.640s][info][gc,stats    ]   Finish Mark                       314 us
[2026-04-03T03:23:14.341+0600][71.640s][info][gc,stats    ]   Update Region States               58 us
[2026-04-03T03:23:14.341+0600][71.640s][info][gc,stats    ]   Choose Collection Set             513 us
[2026-04-03T03:23:14.341+0600][71.640s][info][gc,stats    ]   Rebuild Free Set                   37 us
[2026-04-03T03:23:14.341+0600][71.640s][info][gc,stats    ] Concurrent Thread Roots             770 us, parallelism: 1.84x
[2026-04-03T03:23:14.341+0600][71.640s][info][gc,stats    ]   CTR: <total>                     1420 us
[2026-04-03T03:23:14.341+0600][71.640s][info][gc,stats    ]   CTR: Thread Roots                1420 us, workers (us): 467, 483, 470, ---, ---, ---, 
[2026-04-03T03:23:14.341+0600][71.640s][info][gc,stats    ] Concurrent Weak References          758 us, parallelism: 0.70x
[2026-04-03T03:23:14.341+0600][71.640s][info][gc,stats    ]   CWRF: <total>                     531 us
[2026-04-03T03:23:14.341+0600][71.640s][info][gc,stats    ]   CWRF: Weak References             531 us, workers (us): 454,  77,   1, ---, ---, ---, 
[2026-04-03T03:23:14.341+0600][71.640s][info][gc,stats    ] Concurrent Weak Roots              2548 us
[2026-04-03T03:23:14.341+0600][71.640s][info][gc,stats    ]   Roots                            2188 us, parallelism: 2.54x
[2026-04-03T03:23:14.341+0600][71.640s][info][gc,stats    ]     CWR: <total>                   5556 us
[2026-04-03T03:23:14.341+0600][71.640s][info][gc,stats    ]     CWR: Code Cache Roots          3992 us, workers (us): 1348, 1293, 1352, ---, ---, ---, 
[2026-04-03T03:23:14.341+0600][71.640s][info][gc,stats    ]     CWR: VM Weak Roots             1521 us, workers (us): 544, 488, 489, ---, ---, ---, 
[2026-04-03T03:23:14.341+0600][71.640s][info][gc,stats    ]     CWR: CLDG Roots                  43 us, workers (us):  43, ---, ---, ---, ---, ---, 
[2026-04-03T03:23:14.341+0600][71.640s][info][gc,stats    ]   Rendezvous                        281 us
[2026-04-03T03:23:14.341+0600][71.640s][info][gc,stats    ] Concurrent Cleanup                  235 us
[2026-04-03T03:23:14.341+0600][71.640s][info][gc,stats    ] Concurrent Class Unloading         6408 us
[2026-04-03T03:23:14.341+0600][71.640s][info][gc,stats    ]   Unlink Stale                     5828 us
[2026-04-03T03:23:14.341+0600][71.640s][info][gc,stats    ]     System Dictionary                97 us
[2026-04-03T03:23:14.341+0600][71.640s][info][gc,stats    ]     Weak Class Links                  0 us
[2026-04-03T03:23:14.341+0600][71.640s][info][gc,stats    ]     Code Roots                     5726 us
[2026-04-03T03:23:14.341+0600][71.640s][info][gc,stats    ]   Rendezvous                        304 us
[2026-04-03T03:23:14.341+0600][71.640s][info][gc,stats    ]   Purge Unlinked                    179 us
[2026-04-03T03:23:14.341+0600][71.640s][info][gc,stats    ]     Code Roots                      167 us
[2026-04-03T03:23:14.341+0600][71.640s][info][gc,stats    ]     CLDG                             11 us
[2026-04-03T03:23:14.341+0600][71.640s][info][gc,stats    ]     Exception Caches                  0 us
[2026-04-03T03:23:14.341+0600][71.640s][info][gc,stats    ] Concurrent Strong Roots             529 us, parallelism: 0.54x
[2026-04-03T03:23:14.341+0600][71.640s][info][gc,stats    ]   CSR: <total>                      286 us
[2026-04-03T03:23:14.341+0600][71.640s][info][gc,stats    ]   CSR: VM Strong Roots               25 us, workers (us):  24,   1,   0, ---, ---, ---, 
[2026-04-03T03:23:14.341+0600][71.640s][info][gc,stats    ]   CSR: CLDG Roots                   261 us, workers (us): 261, ---, ---, ---, ---, ---, 
[2026-04-03T03:23:14.341+0600][71.640s][info][gc,stats    ] Concurrent Evacuation             36959 us
[2026-04-03T03:23:14.341+0600][71.640s][info][gc,stats    ] Pause Init Update Refs (G)          465 us
[2026-04-03T03:23:14.341+0600][71.640s][info][gc,stats    ] Pause Init Update Refs (N)          177 us
[2026-04-03T03:23:14.341+0600][71.640s][info][gc,stats    ]   Manage GCLABs                      56 us
[2026-04-03T03:23:14.341+0600][71.640s][info][gc,stats    ] Concurrent Update Refs           173266 us
[2026-04-03T03:23:14.341+0600][71.640s][info][gc,stats    ] Concurrent Update Thread Roots     1244 us
[2026-04-03T03:23:14.341+0600][71.640s][info][gc,stats    ] Pause Final Update Refs (G)         576 us
[2026-04-03T03:23:14.341+0600][71.640s][info][gc,stats    ] Pause Final Update Refs (N)         248 us
[2026-04-03T03:23:14.341+0600][71.640s][info][gc,stats    ]   Update Region States               70 us
[2026-04-03T03:23:14.341+0600][71.640s][info][gc,stats    ]   Trash Collection Set               28 us
[2026-04-03T03:23:14.341+0600][71.640s][info][gc,stats    ]   Rebuild Free Set                   45 us
[2026-04-03T03:23:14.341+0600][71.640s][info][gc,stats    ] Concurrent Cleanup                  410 us
[2026-04-03T03:23:14.341+0600][71.640s][info][gc,stats    ] Pacing                           501678 us
[2026-04-03T03:23:14.341+0600][71.640s][info][gc,stats    ] 
[2026-04-03T03:23:14.341+0600][71.640s][info][gc,stats    ] Allocation pacing accrued:
[2026-04-03T03:23:14.341+0600][71.640s][info][gc,stats    ]     167 of   579 ms ( 28.8%): Executor task launch worker for task 2.0 in stage 28.0 (TID 44)
[2026-04-03T03:23:14.341+0600][71.640s][info][gc,stats    ]     168 of   579 ms ( 29.0%): Executor task launch worker for task 1.0 in stage 28.0 (TID 43)
[2026-04-03T03:23:14.341+0600][71.640s][info][gc,stats    ]     167 of   579 ms ( 28.9%): Executor task launch worker for task 0.0 in stage 28.0 (TID 42)
[2026-04-03T03:23:14.341+0600][71.640s][info][gc,stats    ]     502 of   579 ms ( 86.7%): <total>
[2026-04-03T03:23:14.341+0600][71.640s][info][gc,stats    ]       3 of   579 ms (  0.4%): <average total>
[2026-04-03T03:23:14.341+0600][71.640s][info][gc,stats    ]     167 of   579 ms ( 28.9%): <average non-zero>
[2026-04-03T03:23:14.341+0600][71.640s][info][gc,stats    ] 
[2026-04-03T03:23:14.341+0600][71.640s][info][gc,metaspace] Metaspace: 73257K(74112K)->73258K(74112K) NonClass: 63973K(64448K)->63974K(64448K) Class: 9284K(9664K)->9284K(9664K)
[2026-04-03T03:23:14.341+0600][71.640s][info][gc,ergo     ] Pacer for Idle. Initial: 20480K, Alloc Tax Rate: 1.0x
[2026-04-03T03:23:14.845+0600][72.143s][info][gc          ] Trigger: Average GC time (554.72 ms) is above the time for average allocation rate (632 MB/s) to deplete free headroom (251M) (margin of error = 1.79)
[2026-04-03T03:23:14.845+0600][72.143s][info][gc,ergo     ] Free headroom: 301M (free) - 51200K (spike) - 0B (penalties) = 251M
[2026-04-03T03:23:14.845+0600][72.144s][info][gc,ergo     ] Free: 301M, Max: 256K regular, 199M humongous, Frag: 34% external, 0% internal; Reserve: 51200K, Max: 256K
[2026-04-03T03:23:14.845+0600][72.144s][info][gc,start    ] GC(86) Concurrent reset
[2026-04-03T03:23:14.845+0600][72.144s][info][gc,task     ] GC(86) Using 3 of 6 workers for concurrent reset
[2026-04-03T03:23:14.845+0600][72.144s][info][gc,ergo     ] GC(86) Pacer for Reset. Non-Taxable: 1000M
[2026-04-03T03:23:14.847+0600][72.145s][info][gc          ] GC(86) Concurrent reset 1.798ms
[2026-04-03T03:23:14.847+0600][72.146s][info][gc,start    ] GC(86) Pause Init Mark (unload classes)
[2026-04-03T03:23:14.847+0600][72.146s][info][gc,task     ] GC(86) Using 6 of 6 workers for init marking
[2026-04-03T03:23:14.847+0600][72.146s][info][gc,ergo     ] GC(86) Pacer for Mark. Expected Live: 231M, Free: 300M, Non-Taxable: 30738K, Alloc Tax Rate: 0.9x
[2026-04-03T03:23:14.847+0600][72.146s][info][gc          ] GC(86) Pause Init Mark (unload classes) 0.141ms
[2026-04-03T03:23:14.847+0600][72.146s][info][gc,start    ] GC(86) Concurrent marking roots
[2026-04-03T03:23:14.847+0600][72.146s][info][gc,task     ] GC(86) Using 3 of 6 workers for concurrent marking roots
[2026-04-03T03:23:14.848+0600][72.147s][info][gc          ] GC(86) Concurrent marking roots 0.943ms
[2026-04-03T03:23:14.848+0600][72.147s][info][gc,start    ] GC(86) Concurrent marking (unload classes)
[2026-04-03T03:23:14.848+0600][72.147s][info][gc,task     ] GC(86) Using 3 of 6 workers for concurrent marking
[2026-04-03T03:23:15.110+0600][72.409s][info][gc          ] GC(86) Concurrent marking (unload classes) 261.755ms
[2026-04-03T03:23:15.110+0600][72.409s][info][gc,start    ] GC(86) Pause Final Mark (unload classes)
[2026-04-03T03:23:15.110+0600][72.409s][info][gc,task     ] GC(86) Using 6 of 6 workers for final marking
[2026-04-03T03:23:15.111+0600][72.409s][info][gc,ergo     ] GC(86) Adaptive CSet Selection. Target Free: 141M, Actual Free: 415M, Max CSet: 42666K, Min Garbage: 0B
[2026-04-03T03:23:15.111+0600][72.410s][info][gc,ergo     ] GC(86) Collectable Garbage: 415M (97%), Immediate: 124M (29%), CSet: 291M (68%)
[2026-04-03T03:23:15.111+0600][72.410s][info][gc,ergo     ] GC(86) Pacer for Evacuation. Used CSet: 329M, Free: 366M, Non-Taxable: 37573K, Alloc Tax Rate: 2.2x
[2026-04-03T03:23:15.111+0600][72.410s][info][gc          ] GC(86) Pause Final Mark (unload classes) 1.241ms
[2026-04-03T03:23:15.111+0600][72.410s][info][gc,start    ] GC(86) Concurrent thread roots
[2026-04-03T03:23:15.111+0600][72.410s][info][gc,task     ] GC(86) Using 3 of 6 workers for Concurrent thread roots
[2026-04-03T03:23:15.112+0600][72.411s][info][gc          ] GC(86) Concurrent thread roots 0.872ms
[2026-04-03T03:23:15.112+0600][72.411s][info][gc,start    ] GC(86) Concurrent weak references
[2026-04-03T03:23:15.112+0600][72.411s][info][gc,task     ] GC(86) Using 3 of 6 workers for concurrent weak references
[2026-04-03T03:23:15.113+0600][72.411s][info][gc,ref      ] GC(86) Encountered references: Soft: 3302, Weak: 6445, Final: 84, Phantom: 603
[2026-04-03T03:23:15.113+0600][72.411s][info][gc,ref      ] GC(86) Discovered  references: Soft: 0, Weak: 573, Final: 0, Phantom: 347
[2026-04-03T03:23:15.113+0600][72.411s][info][gc,ref      ] GC(86) Enqueued    references: Soft: 0, Weak: 0, Final: 0, Phantom: 0
[2026-04-03T03:23:15.113+0600][72.411s][info][gc          ] GC(86) Concurrent weak references 0.314ms
[2026-04-03T03:23:15.113+0600][72.412s][info][gc,start    ] GC(86) Concurrent weak roots
[2026-04-03T03:23:15.113+0600][72.412s][info][gc,task     ] GC(86) Using 3 of 6 workers for concurrent weak root
[2026-04-03T03:23:15.115+0600][72.414s][info][gc          ] GC(86) Concurrent weak roots 2.696ms
[2026-04-03T03:23:15.115+0600][72.414s][info][gc,start    ] GC(86) Concurrent cleanup
[2026-04-03T03:23:15.116+0600][72.415s][info][gc          ] GC(86) Concurrent cleanup 706M->582M(792M) 0.405ms
[2026-04-03T03:23:15.116+0600][72.415s][info][gc,ergo     ] GC(86) Free: 365M, Max: 256K regular, 220M humongous, Frag: 40% external, 0% internal; Reserve: 50750K, Max: 256K
[2026-04-03T03:23:15.116+0600][72.415s][info][gc,start    ] GC(86) Concurrent class unloading
[2026-04-03T03:23:15.116+0600][72.415s][info][gc,task     ] GC(86) Using 3 of 6 workers for concurrent class unloading
[2026-04-03T03:23:15.123+0600][72.422s][info][gc          ] GC(86) Concurrent class unloading 7.277ms
[2026-04-03T03:23:15.123+0600][72.422s][info][gc,start    ] GC(86) Concurrent strong roots
[2026-04-03T03:23:15.123+0600][72.422s][info][gc,task     ] GC(86) Using 3 of 6 workers for concurrent strong root
[2026-04-03T03:23:15.124+0600][72.423s][info][gc          ] GC(86) Concurrent strong roots 0.864ms
[2026-04-03T03:23:15.124+0600][72.423s][info][gc,start    ] GC(86) Concurrent evacuation
[2026-04-03T03:23:15.124+0600][72.423s][info][gc,task     ] GC(86) Using 3 of 6 workers for concurrent evacuation
[2026-04-03T03:23:15.160+0600][72.459s][info][gc          ] GC(86) Concurrent evacuation 35.504ms
[2026-04-03T03:23:15.160+0600][72.459s][info][gc,start    ] GC(86) Pause Init Update Refs
[2026-04-03T03:23:15.160+0600][72.459s][info][gc,ergo     ] GC(86) Pacer for Update Refs. Used: 638M, Free: 346M, Non-Taxable: 35525K, Alloc Tax Rate: 2.3x
[2026-04-03T03:23:15.160+0600][72.459s][info][gc          ] GC(86) Pause Init Update Refs 0.088ms
[2026-04-03T03:23:15.160+0600][72.459s][info][gc,start    ] GC(86) Concurrent update references
[2026-04-03T03:23:15.160+0600][72.459s][info][gc,task     ] GC(86) Using 3 of 6 workers for concurrent reference update
[2026-04-03T03:23:15.337+0600][72.635s][info][gc          ] GC(86) Concurrent update references 176.405ms
[2026-04-03T03:23:15.337+0600][72.636s][info][gc,start    ] GC(86) Concurrent update thread roots
[2026-04-03T03:23:15.338+0600][72.637s][info][gc          ] GC(86) Concurrent update thread roots 1.572ms
[2026-04-03T03:23:15.339+0600][72.637s][info][gc,start    ] GC(86) Pause Final Update Refs
[2026-04-03T03:23:15.339+0600][72.638s][info][gc,task     ] GC(86) Using 6 of 6 workers for final reference update
[2026-04-03T03:23:15.339+0600][72.638s][info][gc          ] GC(86) Pause Final Update Refs 0.282ms
[2026-04-03T03:23:15.339+0600][72.638s][info][gc,start    ] GC(86) Concurrent cleanup
[2026-04-03T03:23:15.340+0600][72.639s][info][gc          ] GC(86) Concurrent cleanup 742M->413M(792M) 0.914ms
[2026-04-03T03:23:15.340+0600][72.639s][info][gc,ergo     ] Free: 533M, Max: 256K regular, 253M humongous, Frag: 53% external, 0% internal; Reserve: 51200K, Max: 256K
[2026-04-03T03:23:15.340+0600][72.639s][info][gc,stats    ] 
[2026-04-03T03:23:15.340+0600][72.639s][info][gc,stats    ] All times are wall-clock times, except per-root-class counters, that are sum over
[2026-04-03T03:23:15.340+0600][72.639s][info][gc,stats    ] all workers. Dividing the <total> over the root stage time estimates parallelism.
[2026-04-03T03:23:15.340+0600][72.639s][info][gc,stats    ] 
[2026-04-03T03:23:15.340+0600][72.639s][info][gc,stats    ] Concurrent Reset                   1864 us
[2026-04-03T03:23:15.340+0600][72.639s][info][gc,stats    ] Pause Init Mark (G)                 441 us
[2026-04-03T03:23:15.340+0600][72.639s][info][gc,stats    ] Pause Init Mark (N)                 152 us
[2026-04-03T03:23:15.340+0600][72.639s][info][gc,stats    ]   Update Region States               36 us
[2026-04-03T03:23:15.340+0600][72.639s][info][gc,stats    ] Concurrent Mark Roots               981 us, parallelism: 1.85x
[2026-04-03T03:23:15.340+0600][72.639s][info][gc,stats    ]   CMR: <total>                     1810 us
[2026-04-03T03:23:15.340+0600][72.639s][info][gc,stats    ]   CMR: Thread Roots                1504 us, workers (us): 326, 599, 578, ---, ---, ---, 
[2026-04-03T03:23:15.340+0600][72.639s][info][gc,stats    ]   CMR: VM Strong Roots               44 us, workers (us):  23,  20,   1, ---, ---, ---, 
[2026-04-03T03:23:15.340+0600][72.639s][info][gc,stats    ]   CMR: CLDG Roots                   263 us, workers (us): 263, ---, ---, ---, ---, ---, 
[2026-04-03T03:23:15.340+0600][72.639s][info][gc,stats    ] Concurrent Marking               261846 us
[2026-04-03T03:23:15.340+0600][72.639s][info][gc,stats    ] Pause Final Mark (G)               1557 us
[2026-04-03T03:23:15.340+0600][72.639s][info][gc,stats    ] Pause Final Mark (N)               1257 us
[2026-04-03T03:23:15.340+0600][72.639s][info][gc,stats    ]   Finish Mark                       239 us
[2026-04-03T03:23:15.340+0600][72.639s][info][gc,stats    ]   Update Region States               84 us
[2026-04-03T03:23:15.340+0600][72.639s][info][gc,stats    ]   Choose Collection Set             706 us
[2026-04-03T03:23:15.340+0600][72.639s][info][gc,stats    ]   Rebuild Free Set                   56 us
[2026-04-03T03:23:15.340+0600][72.639s][info][gc,stats    ] Concurrent Thread Roots             919 us, parallelism: 2.13x
[2026-04-03T03:23:15.340+0600][72.639s][info][gc,stats    ]   CTR: <total>                     1957 us
[2026-04-03T03:23:15.340+0600][72.639s][info][gc,stats    ]   CTR: Thread Roots                1957 us, workers (us): 692, 665, 600, ---, ---, ---, 
[2026-04-03T03:23:15.340+0600][72.639s][info][gc,stats    ] Concurrent Weak References          343 us, parallelism: 0.47x
[2026-04-03T03:23:15.340+0600][72.639s][info][gc,stats    ]   CWRF: <total>                     163 us
[2026-04-03T03:23:15.340+0600][72.639s][info][gc,stats    ]   CWRF: Weak References             163 us, workers (us):  57, 105,   1, ---, ---, ---, 
[2026-04-03T03:23:15.340+0600][72.639s][info][gc,stats    ] Concurrent Weak Roots              2765 us
[2026-04-03T03:23:15.340+0600][72.639s][info][gc,stats    ]   Roots                            2421 us, parallelism: 2.49x
[2026-04-03T03:23:15.340+0600][72.639s][info][gc,stats    ]     CWR: <total>                   6021 us
[2026-04-03T03:23:15.340+0600][72.639s][info][gc,stats    ]     CWR: Code Cache Roots          4313 us, workers (us): 1501, 1547, 1266, ---, ---, ---, 
[2026-04-03T03:23:15.340+0600][72.639s][info][gc,stats    ]     CWR: VM Weak Roots             1594 us, workers (us): 538, 533, 523, ---, ---, ---, 
[2026-04-03T03:23:15.340+0600][72.639s][info][gc,stats    ]     CWR: CLDG Roots                 113 us, workers (us): ---, ---, 113, ---, ---, ---, 
[2026-04-03T03:23:15.340+0600][72.639s][info][gc,stats    ]   Rendezvous                        246 us
[2026-04-03T03:23:15.340+0600][72.639s][info][gc,stats    ] Concurrent Cleanup                  428 us
[2026-04-03T03:23:15.340+0600][72.639s][info][gc,stats    ] Concurrent Class Unloading         7367 us
[2026-04-03T03:23:15.340+0600][72.639s][info][gc,stats    ]   Unlink Stale                     6766 us
[2026-04-03T03:23:15.340+0600][72.639s][info][gc,stats    ]     System Dictionary               117 us
[2026-04-03T03:23:15.340+0600][72.639s][info][gc,stats    ]     Weak Class Links                  1 us
[2026-04-03T03:23:15.340+0600][72.639s][info][gc,stats    ]     Code Roots                     6644 us
[2026-04-03T03:23:15.340+0600][72.639s][info][gc,stats    ]   Rendezvous                        458 us
[2026-04-03T03:23:15.340+0600][72.639s][info][gc,stats    ]   Purge Unlinked                     18 us
[2026-04-03T03:23:15.340+0600][72.639s][info][gc,stats    ]     Code Roots                        4 us
[2026-04-03T03:23:15.340+0600][72.639s][info][gc,stats    ]     CLDG                             12 us
[2026-04-03T03:23:15.340+0600][72.639s][info][gc,stats    ]     Exception Caches                  1 us
[2026-04-03T03:23:15.340+0600][72.639s][info][gc,stats    ] Concurrent Strong Roots             937 us, parallelism: 0.58x
[2026-04-03T03:23:15.340+0600][72.639s][info][gc,stats    ]   CSR: <total>                      547 us
[2026-04-03T03:23:15.340+0600][72.639s][info][gc,stats    ]   CSR: VM Strong Roots               57 us, workers (us):  56,   1,   0, ---, ---, ---, 
[2026-04-03T03:23:15.340+0600][72.639s][info][gc,stats    ]   CSR: CLDG Roots                   490 us, workers (us): 490, ---, ---, ---, ---, ---, 
[2026-04-03T03:23:15.340+0600][72.639s][info][gc,stats    ] Concurrent Evacuation             35601 us
[2026-04-03T03:23:15.340+0600][72.639s][info][gc,stats    ] Pause Init Update Refs (G)          354 us
[2026-04-03T03:23:15.340+0600][72.639s][info][gc,stats    ] Pause Init Update Refs (N)          111 us
[2026-04-03T03:23:15.340+0600][72.639s][info][gc,stats    ]   Manage GCLABs                      28 us
[2026-04-03T03:23:15.340+0600][72.639s][info][gc,stats    ] Concurrent Update Refs           176507 us
[2026-04-03T03:23:15.340+0600][72.639s][info][gc,stats    ] Concurrent Update Thread Roots     1626 us
[2026-04-03T03:23:15.341+0600][72.639s][info][gc,stats    ] Pause Final Update Refs (G)         701 us
[2026-04-03T03:23:15.341+0600][72.639s][info][gc,stats    ] Pause Final Update Refs (N)         300 us
[2026-04-03T03:23:15.341+0600][72.639s][info][gc,stats    ]   Update Region States               63 us
[2026-04-03T03:23:15.341+0600][72.639s][info][gc,stats    ]   Trash Collection Set               53 us
[2026-04-03T03:23:15.341+0600][72.639s][info][gc,stats    ]   Rebuild Free Set                   58 us
[2026-04-03T03:23:15.341+0600][72.639s][info][gc,stats    ] Concurrent Cleanup                  938 us
[2026-04-03T03:23:15.341+0600][72.639s][info][gc,stats    ] Pacing                           424858 us
[2026-04-03T03:23:15.341+0600][72.639s][info][gc,stats    ] 
[2026-04-03T03:23:15.341+0600][72.639s][info][gc,stats    ] Allocation pacing accrued:
[2026-04-03T03:23:15.341+0600][72.639s][info][gc,stats    ]     149 of   999 ms ( 15.0%): Executor task launch worker for task 2.0 in stage 28.0 (TID 44)
[2026-04-03T03:23:15.341+0600][72.639s][info][gc,stats    ]     148 of   999 ms ( 14.9%): Executor task launch worker for task 1.0 in stage 28.0 (TID 43)
[2026-04-03T03:23:15.341+0600][72.639s][info][gc,stats    ]     127 of   999 ms ( 12.7%): Executor task launch worker for task 0.0 in stage 28.0 (TID 42)
[2026-04-03T03:23:15.341+0600][72.639s][info][gc,stats    ]     425 of   999 ms ( 42.5%): <total>
[2026-04-03T03:23:15.341+0600][72.639s][info][gc,stats    ]       2 of   999 ms (  0.2%): <average total>
[2026-04-03T03:23:15.341+0600][72.639s][info][gc,stats    ]     142 of   999 ms ( 14.2%): <average non-zero>
[2026-04-03T03:23:15.341+0600][72.639s][info][gc,stats    ] 
[2026-04-03T03:23:15.341+0600][72.639s][info][gc,metaspace] Metaspace: 73259K(74112K)->73259K(74112K) NonClass: 63975K(64448K)->63975K(64448K) Class: 9284K(9664K)->9284K(9664K)
[2026-04-03T03:23:15.341+0600][72.639s][info][gc,ergo     ] Pacer for Idle. Initial: 20480K, Alloc Tax Rate: 1.0x
[2026-04-03T03:23:15.442+0600][72.741s][info][gc          ] Trigger: Average GC time (537.98 ms) is above the time for average allocation rate (797 MB/s) to deplete free headroom (374M) (margin of error = 1.79)
[2026-04-03T03:23:15.442+0600][72.741s][info][gc,ergo     ] Free headroom: 424M (free) - 51200K (spike) - 0B (penalties) = 374M
[2026-04-03T03:23:15.442+0600][72.741s][info][gc,ergo     ] Free: 424M, Max: 256K regular, 253M humongous, Frag: 41% external, 0% internal; Reserve: 51200K, Max: 256K
[2026-04-03T03:23:15.442+0600][72.741s][info][gc,start    ] GC(87) Concurrent reset
[2026-04-03T03:23:15.442+0600][72.741s][info][gc,task     ] GC(87) Using 3 of 6 workers for concurrent reset
[2026-04-03T03:23:15.442+0600][72.741s][info][gc,ergo     ] GC(87) Pacer for Reset. Non-Taxable: 1000M
[2026-04-03T03:23:15.444+0600][72.743s][info][gc          ] GC(87) Concurrent reset 1.778ms
[2026-04-03T03:23:15.444+0600][72.743s][info][gc,start    ] GC(87) Pause Init Mark (unload classes)
[2026-04-03T03:23:15.444+0600][72.743s][info][gc,task     ] GC(87) Using 6 of 6 workers for init marking
[2026-04-03T03:23:15.444+0600][72.743s][info][gc,ergo     ] GC(87) Pacer for Mark. Expected Live: 228M, Free: 422M, Non-Taxable: 43282K, Alloc Tax Rate: 0.7x
[2026-04-03T03:23:15.444+0600][72.743s][info][gc          ] GC(87) Pause Init Mark (unload classes) 0.183ms
[2026-04-03T03:23:15.444+0600][72.743s][info][gc,start    ] GC(87) Concurrent marking roots
[2026-04-03T03:23:15.444+0600][72.743s][info][gc,task     ] GC(87) Using 3 of 6 workers for concurrent marking roots
[2026-04-03T03:23:15.445+0600][72.744s][info][gc          ] GC(87) Concurrent marking roots 0.972ms
[2026-04-03T03:23:15.445+0600][72.744s][info][gc,start    ] GC(87) Concurrent marking (unload classes)
[2026-04-03T03:23:15.445+0600][72.744s][info][gc,task     ] GC(87) Using 3 of 6 workers for concurrent marking
[2026-04-03T03:23:15.731+0600][73.030s][info][gc          ] GC(87) Concurrent marking (unload classes) 285.664ms
[2026-04-03T03:23:15.731+0600][73.030s][info][gc,start    ] GC(87) Pause Final Mark (unload classes)
[2026-04-03T03:23:15.732+0600][73.030s][info][gc,task     ] GC(87) Using 6 of 6 workers for final marking
[2026-04-03T03:23:15.732+0600][73.031s][info][gc,ergo     ] GC(87) Adaptive CSet Selection. Target Free: 141M, Actual Free: 419M, Max CSet: 42666K, Min Garbage: 0B
[2026-04-03T03:23:15.732+0600][73.031s][info][gc,ergo     ] GC(87) Collectable Garbage: 312M (97%), Immediate: 23552K (7%), CSet: 289M (90%)
[2026-04-03T03:23:15.732+0600][73.031s][info][gc,ergo     ] GC(87) Pacer for Evacuation. Used CSet: 318M, Free: 369M, Non-Taxable: 37881K, Alloc Tax Rate: 2.1x
[2026-04-03T03:23:15.732+0600][73.031s][info][gc          ] GC(87) Pause Final Mark (unload classes) 0.963ms
[2026-04-03T03:23:15.733+0600][73.031s][info][gc,start    ] GC(87) Concurrent thread roots
[2026-04-03T03:23:15.733+0600][73.031s][info][gc,task     ] GC(87) Using 3 of 6 workers for Concurrent thread roots
[2026-04-03T03:23:15.733+0600][73.032s][info][gc          ] GC(87) Concurrent thread roots 0.780ms
[2026-04-03T03:23:15.733+0600][73.032s][info][gc,start    ] GC(87) Concurrent weak references
[2026-04-03T03:23:15.733+0600][73.032s][info][gc,task     ] GC(87) Using 3 of 6 workers for concurrent weak references
[2026-04-03T03:23:15.734+0600][73.032s][info][gc,ref      ] GC(87) Encountered references: Soft: 3302, Weak: 6445, Final: 84, Phantom: 603
[2026-04-03T03:23:15.734+0600][73.032s][info][gc,ref      ] GC(87) Discovered  references: Soft: 0, Weak: 427, Final: 0, Phantom: 600
[2026-04-03T03:23:15.734+0600][73.032s][info][gc,ref      ] GC(87) Enqueued    references: Soft: 0, Weak: 0, Final: 0, Phantom: 0
[2026-04-03T03:23:15.734+0600][73.032s][info][gc          ] GC(87) Concurrent weak references 0.293ms
[2026-04-03T03:23:15.734+0600][73.032s][info][gc,start    ] GC(87) Concurrent weak roots
[2026-04-03T03:23:15.734+0600][73.032s][info][gc,task     ] GC(87) Using 3 of 6 workers for concurrent weak root
[2026-04-03T03:23:15.736+0600][73.035s][info][gc          ] GC(87) Concurrent weak roots 2.629ms
[2026-04-03T03:23:15.736+0600][73.035s][info][gc,start    ] GC(87) Concurrent cleanup
[2026-04-03T03:23:15.737+0600][73.035s][info][gc          ] GC(87) Concurrent cleanup 603M->580M(792M) 0.265ms
[2026-04-03T03:23:15.737+0600][73.035s][info][gc,ergo     ] GC(87) Free: 367M, Max: 256K regular, 253M humongous, Frag: 31% external, 0% internal; Reserve: 50815K, Max: 256K
[2026-04-03T03:23:15.737+0600][73.036s][info][gc,start    ] GC(87) Concurrent class unloading
[2026-04-03T03:23:15.737+0600][73.036s][info][gc,task     ] GC(87) Using 3 of 6 workers for concurrent class unloading
[2026-04-03T03:23:15.744+0600][73.043s][info][gc          ] GC(87) Concurrent class unloading 7.260ms
[2026-04-03T03:23:15.744+0600][73.043s][info][gc,start    ] GC(87) Concurrent strong roots
[2026-04-03T03:23:15.744+0600][73.043s][info][gc,task     ] GC(87) Using 3 of 6 workers for concurrent strong root
[2026-04-03T03:23:15.745+0600][73.044s][info][gc          ] GC(87) Concurrent strong roots 0.767ms
[2026-04-03T03:23:15.745+0600][73.044s][info][gc,start    ] GC(87) Concurrent evacuation
[2026-04-03T03:23:15.745+0600][73.044s][info][gc,task     ] GC(87) Using 3 of 6 workers for concurrent evacuation
[2026-04-03T03:23:15.776+0600][73.075s][info][gc          ] GC(87) Concurrent evacuation 31.443ms
[2026-04-03T03:23:15.777+0600][73.075s][info][gc,start    ] GC(87) Pause Init Update Refs
[2026-04-03T03:23:15.777+0600][73.076s][info][gc,ergo     ] GC(87) Pacer for Update Refs. Used: 629M, Free: 347M, Non-Taxable: 35576K, Alloc Tax Rate: 2.2x
[2026-04-03T03:23:15.777+0600][73.076s][info][gc          ] GC(87) Pause Init Update Refs 0.186ms
[2026-04-03T03:23:15.777+0600][73.076s][info][gc,start    ] GC(87) Concurrent update references
[2026-04-03T03:23:15.777+0600][73.076s][info][gc,task     ] GC(87) Using 3 of 6 workers for concurrent reference update
[2026-04-03T03:23:15.942+0600][73.240s][info][gc          ] GC(87) Concurrent update references 164.765ms
[2026-04-03T03:23:15.942+0600][73.241s][info][gc,start    ] GC(87) Concurrent update thread roots
[2026-04-03T03:23:15.943+0600][73.242s][info][gc          ] GC(87) Concurrent update thread roots 1.444ms
[2026-04-03T03:23:15.944+0600][73.242s][info][gc,start    ] GC(87) Pause Final Update Refs
[2026-04-03T03:23:15.944+0600][73.242s][info][gc,task     ] GC(87) Using 6 of 6 workers for final reference update
[2026-04-03T03:23:15.944+0600][73.243s][info][gc          ] GC(87) Pause Final Update Refs 0.301ms
[2026-04-03T03:23:15.944+0600][73.243s][info][gc,start    ] GC(87) Concurrent cleanup
[2026-04-03T03:23:15.944+0600][73.243s][info][gc          ] GC(87) Concurrent cleanup 726M->408M(792M) 0.462ms
[2026-04-03T03:23:15.944+0600][73.243s][info][gc,ergo     ] Free: 538M, Max: 256K regular, 236M humongous, Frag: 57% external, 0% internal; Reserve: 51200K, Max: 256K
[2026-04-03T03:23:15.945+0600][73.243s][info][gc,stats    ] 
[2026-04-03T03:23:15.945+0600][73.243s][info][gc,stats    ] All times are wall-clock times, except per-root-class counters, that are sum over
[2026-04-03T03:23:15.945+0600][73.243s][info][gc,stats    ] all workers. Dividing the <total> over the root stage time estimates parallelism.
[2026-04-03T03:23:15.945+0600][73.243s][info][gc,stats    ] 
[2026-04-03T03:23:15.945+0600][73.243s][info][gc,stats    ] Concurrent Reset                   1848 us
[2026-04-03T03:23:15.945+0600][73.243s][info][gc,stats    ] Pause Init Mark (G)                 555 us
[2026-04-03T03:23:15.945+0600][73.243s][info][gc,stats    ] Pause Init Mark (N)                 192 us
[2026-04-03T03:23:15.945+0600][73.243s][info][gc,stats    ]   Update Region States               55 us
[2026-04-03T03:23:15.945+0600][73.243s][info][gc,stats    ] Concurrent Mark Roots              1016 us, parallelism: 1.66x
[2026-04-03T03:23:15.945+0600][73.243s][info][gc,stats    ]   CMR: <total>                     1682 us
[2026-04-03T03:23:15.945+0600][73.243s][info][gc,stats    ]   CMR: Thread Roots                1460 us, workers (us): 557, 368, 536, ---, ---, ---, 
[2026-04-03T03:23:15.945+0600][73.243s][info][gc,stats    ]   CMR: VM Strong Roots               40 us, workers (us):  19,  19,   1, ---, ---, ---, 
[2026-04-03T03:23:15.945+0600][73.243s][info][gc,stats    ]   CMR: CLDG Roots                   183 us, workers (us): ---, 183, ---, ---, ---, ---, 
[2026-04-03T03:23:15.945+0600][73.243s][info][gc,stats    ] Concurrent Marking               285748 us
[2026-04-03T03:23:15.945+0600][73.243s][info][gc,stats    ] Pause Final Mark (G)               1316 us
[2026-04-03T03:23:15.945+0600][73.244s][info][gc,stats    ] Pause Final Mark (N)                975 us
[2026-04-03T03:23:15.945+0600][73.244s][info][gc,stats    ]   Finish Mark                       224 us
[2026-04-03T03:23:15.945+0600][73.244s][info][gc,stats    ]   Update Region States               57 us
[2026-04-03T03:23:15.945+0600][73.244s][info][gc,stats    ]   Choose Collection Set             504 us
[2026-04-03T03:23:15.945+0600][73.244s][info][gc,stats    ]   Rebuild Free Set                   54 us
[2026-04-03T03:23:15.945+0600][73.244s][info][gc,stats    ] Concurrent Thread Roots             821 us, parallelism: 2.17x
[2026-04-03T03:23:15.945+0600][73.244s][info][gc,stats    ]   CTR: <total>                     1777 us
[2026-04-03T03:23:15.945+0600][73.244s][info][gc,stats    ]   CTR: Thread Roots                1777 us, workers (us): 633, 613, 531, ---, ---, ---, 
[2026-04-03T03:23:15.945+0600][73.244s][info][gc,stats    ] Concurrent Weak References          306 us, parallelism: 0.54x
[2026-04-03T03:23:15.945+0600][73.244s][info][gc,stats    ]   CWRF: <total>                     166 us
[2026-04-03T03:23:15.945+0600][73.244s][info][gc,stats    ]   CWRF: Weak References             166 us, workers (us):  93,  72,   1, ---, ---, ---, 
[2026-04-03T03:23:15.945+0600][73.244s][info][gc,stats    ] Concurrent Weak Roots              2695 us
[2026-04-03T03:23:15.945+0600][73.244s][info][gc,stats    ]   Roots                            2328 us, parallelism: 2.58x
[2026-04-03T03:23:15.945+0600][73.244s][info][gc,stats    ]     CWR: <total>                   6001 us
[2026-04-03T03:23:15.945+0600][73.244s][info][gc,stats    ]     CWR: Code Cache Roots          4032 us, workers (us): 1370, 1413, 1249, ---, ---, ---, 
[2026-04-03T03:23:15.945+0600][73.244s][info][gc,stats    ]     CWR: VM Weak Roots             1796 us, workers (us): 638, 631, 527, ---, ---, ---, 
[2026-04-03T03:23:15.945+0600][73.244s][info][gc,stats    ]     CWR: CLDG Roots                 172 us, workers (us): ---, ---, 172, ---, ---, ---, 
[2026-04-03T03:23:15.945+0600][73.244s][info][gc,stats    ]   Rendezvous                        275 us
[2026-04-03T03:23:15.945+0600][73.244s][info][gc,stats    ] Concurrent Cleanup                  287 us
[2026-04-03T03:23:15.945+0600][73.244s][info][gc,stats    ] Concurrent Class Unloading         7347 us
[2026-04-03T03:23:15.945+0600][73.244s][info][gc,stats    ]   Unlink Stale                     6838 us
[2026-04-03T03:23:15.945+0600][73.244s][info][gc,stats    ]     System Dictionary               138 us
[2026-04-03T03:23:15.945+0600][73.244s][info][gc,stats    ]     Weak Class Links                  1 us
[2026-04-03T03:23:15.945+0600][73.244s][info][gc,stats    ]     Code Roots                     6695 us
[2026-04-03T03:23:15.945+0600][73.244s][info][gc,stats    ]   Rendezvous                        345 us
[2026-04-03T03:23:15.945+0600][73.244s][info][gc,stats    ]   Purge Unlinked                     12 us
[2026-04-03T03:23:15.945+0600][73.244s][info][gc,stats    ]     Code Roots                        4 us
[2026-04-03T03:23:15.945+0600][73.244s][info][gc,stats    ]     CLDG                              8 us
[2026-04-03T03:23:15.945+0600][73.244s][info][gc,stats    ]     Exception Caches                  0 us
[2026-04-03T03:23:15.945+0600][73.244s][info][gc,stats    ] Concurrent Strong Roots             812 us, parallelism: 0.65x
[2026-04-03T03:23:15.945+0600][73.244s][info][gc,stats    ]   CSR: <total>                      529 us
[2026-04-03T03:23:15.945+0600][73.244s][info][gc,stats    ]   CSR: VM Strong Roots               57 us, workers (us):  42,  14,   0, ---, ---, ---, 
[2026-04-03T03:23:15.945+0600][73.244s][info][gc,stats    ]   CSR: CLDG Roots                   473 us, workers (us): ---, 473, ---, ---, ---, ---, 
[2026-04-03T03:23:15.945+0600][73.244s][info][gc,stats    ] Concurrent Evacuation             31568 us
[2026-04-03T03:23:15.945+0600][73.244s][info][gc,stats    ] Pause Init Update Refs (G)          443 us
[2026-04-03T03:23:15.945+0600][73.244s][info][gc,stats    ] Pause Init Update Refs (N)          203 us
[2026-04-03T03:23:15.945+0600][73.244s][info][gc,stats    ]   Manage GCLABs                      32 us
[2026-04-03T03:23:15.945+0600][73.244s][info][gc,stats    ] Concurrent Update Refs           164889 us
[2026-04-03T03:23:15.945+0600][73.244s][info][gc,stats    ] Concurrent Update Thread Roots     1499 us
[2026-04-03T03:23:15.945+0600][73.244s][info][gc,stats    ] Pause Final Update Refs (G)         661 us
[2026-04-03T03:23:15.945+0600][73.244s][info][gc,stats    ] Pause Final Update Refs (N)         328 us
[2026-04-03T03:23:15.945+0600][73.244s][info][gc,stats    ]   Update Region States              103 us
[2026-04-03T03:23:15.945+0600][73.244s][info][gc,stats    ]   Trash Collection Set               40 us
[2026-04-03T03:23:15.945+0600][73.244s][info][gc,stats    ]   Rebuild Free Set                   69 us
[2026-04-03T03:23:15.945+0600][73.244s][info][gc,stats    ] Concurrent Cleanup                  485 us
[2026-04-03T03:23:15.945+0600][73.244s][info][gc,stats    ] Pacing                           493189 us
[2026-04-03T03:23:15.945+0600][73.244s][info][gc,stats    ] 
[2026-04-03T03:23:15.945+0600][73.244s][info][gc,stats    ] Allocation pacing accrued:
[2026-04-03T03:23:15.945+0600][73.244s][info][gc,stats    ]     165 of   605 ms ( 27.3%): Executor task launch worker for task 2.0 in stage 28.0 (TID 44)
[2026-04-03T03:23:15.945+0600][73.244s][info][gc,stats    ]     165 of   605 ms ( 27.3%): Executor task launch worker for task 1.0 in stage 28.0 (TID 43)
[2026-04-03T03:23:15.945+0600][73.244s][info][gc,stats    ]     163 of   605 ms ( 27.0%): Executor task launch worker for task 0.0 in stage 28.0 (TID 42)
[2026-04-03T03:23:15.945+0600][73.244s][info][gc,stats    ]     493 of   605 ms ( 81.6%): <total>
[2026-04-03T03:23:15.945+0600][73.244s][info][gc,stats    ]       3 of   605 ms (  0.4%): <average total>
[2026-04-03T03:23:15.945+0600][73.244s][info][gc,stats    ]     164 of   605 ms ( 27.2%): <average non-zero>
[2026-04-03T03:23:15.945+0600][73.244s][info][gc,stats    ] 
[2026-04-03T03:23:15.945+0600][73.244s][info][gc,metaspace] Metaspace: 73259K(74112K)->73259K(74112K) NonClass: 63975K(64448K)->63975K(64448K) Class: 9284K(9664K)->9284K(9664K)
[2026-04-03T03:23:15.945+0600][73.244s][info][gc,ergo     ] Pacer for Idle. Initial: 20480K, Alloc Tax Rate: 1.0x
[2026-04-03T03:23:16.047+0600][73.346s][info][gc          ] Trigger: Average GC time (530.27 ms) is above the time for average allocation rate (791 MB/s) to deplete free headroom (390M) (margin of error = 1.79)
[2026-04-03T03:23:16.047+0600][73.346s][info][gc,ergo     ] Free headroom: 440M (free) - 51200K (spike) - 0B (penalties) = 390M
[2026-04-03T03:23:16.047+0600][73.346s][info][gc,ergo     ] Free: 440M, Max: 256K regular, 236M humongous, Frag: 47% external, 0% internal; Reserve: 51200K, Max: 256K
[2026-04-03T03:23:16.047+0600][73.346s][info][gc,start    ] GC(88) Concurrent reset
[2026-04-03T03:23:16.047+0600][73.346s][info][gc,task     ] GC(88) Using 3 of 6 workers for concurrent reset
[2026-04-03T03:23:16.047+0600][73.346s][info][gc,ergo     ] GC(88) Pacer for Reset. Non-Taxable: 1000M
[2026-04-03T03:23:16.049+0600][73.347s][info][gc          ] GC(88) Concurrent reset 1.629ms
[2026-04-03T03:23:16.049+0600][73.348s][info][gc,start    ] GC(88) Pause Init Mark (unload classes)
[2026-04-03T03:23:16.049+0600][73.348s][info][gc,task     ] GC(88) Using 6 of 6 workers for init marking
[2026-04-03T03:23:16.049+0600][73.348s][info][gc,ergo     ] GC(88) Pacer for Mark. Expected Live: 226M, Free: 438M, Non-Taxable: 44946K, Alloc Tax Rate: 0.6x
[2026-04-03T03:23:16.049+0600][73.348s][info][gc          ] GC(88) Pause Init Mark (unload classes) 0.172ms
[2026-04-03T03:23:16.049+0600][73.348s][info][gc,start    ] GC(88) Concurrent marking roots
[2026-04-03T03:23:16.049+0600][73.348s][info][gc,task     ] GC(88) Using 3 of 6 workers for concurrent marking roots
[2026-04-03T03:23:16.050+0600][73.349s][info][gc          ] GC(88) Concurrent marking roots 0.997ms
[2026-04-03T03:23:16.050+0600][73.349s][info][gc,start    ] GC(88) Concurrent marking (unload classes)
[2026-04-03T03:23:16.050+0600][73.349s][info][gc,task     ] GC(88) Using 3 of 6 workers for concurrent marking
[2026-04-03T03:23:16.335+0600][73.634s][info][gc          ] GC(88) Concurrent marking (unload classes) 285.382ms
[2026-04-03T03:23:16.336+0600][73.634s][info][gc,start    ] GC(88) Pause Final Mark (unload classes)
[2026-04-03T03:23:16.336+0600][73.634s][info][gc,task     ] GC(88) Using 6 of 6 workers for final marking
[2026-04-03T03:23:16.336+0600][73.635s][info][gc,ergo     ] GC(88) Adaptive CSet Selection. Target Free: 141M, Actual Free: 408M, Max CSet: 42666K, Min Garbage: 0B
[2026-04-03T03:23:16.337+0600][73.636s][info][gc,ergo     ] GC(88) Collectable Garbage: 284M (96%), Immediate: 2048K (0%), CSet: 282M (95%)
[2026-04-03T03:23:16.337+0600][73.636s][info][gc,ergo     ] GC(88) Pacer for Evacuation. Used CSet: 302M, Free: 358M, Non-Taxable: 36729K, Alloc Tax Rate: 2.1x
[2026-04-03T03:23:16.337+0600][73.636s][info][gc          ] GC(88) Pause Final Mark (unload classes) 1.203ms
[2026-04-03T03:23:16.337+0600][73.636s][info][gc,start    ] GC(88) Concurrent thread roots
[2026-04-03T03:23:16.337+0600][73.636s][info][gc,task     ] GC(88) Using 3 of 6 workers for Concurrent thread roots
[2026-04-03T03:23:16.338+0600][73.637s][info][gc          ] GC(88) Concurrent thread roots 0.781ms
[2026-04-03T03:23:16.338+0600][73.637s][info][gc,start    ] GC(88) Concurrent weak references
[2026-04-03T03:23:16.338+0600][73.637s][info][gc,task     ] GC(88) Using 3 of 6 workers for concurrent weak references
[2026-04-03T03:23:16.338+0600][73.637s][info][gc,ref      ] GC(88) Encountered references: Soft: 3302, Weak: 6445, Final: 84, Phantom: 603
[2026-04-03T03:23:16.338+0600][73.637s][info][gc,ref      ] GC(88) Discovered  references: Soft: 0, Weak: 408, Final: 0, Phantom: 600
[2026-04-03T03:23:16.338+0600][73.637s][info][gc,ref      ] GC(88) Enqueued    references: Soft: 0, Weak: 0, Final: 0, Phantom: 0
[2026-04-03T03:23:16.338+0600][73.637s][info][gc          ] GC(88) Concurrent weak references 0.271ms
[2026-04-03T03:23:16.338+0600][73.637s][info][gc,start    ] GC(88) Concurrent weak roots
[2026-04-03T03:23:16.338+0600][73.637s][info][gc,task     ] GC(88) Using 3 of 6 workers for concurrent weak root
[2026-04-03T03:23:16.341+0600][73.640s][info][gc          ] GC(88) Concurrent weak roots 3.000ms
[2026-04-03T03:23:16.341+0600][73.640s][info][gc,start    ] GC(88) Concurrent cleanup
[2026-04-03T03:23:16.341+0600][73.640s][info][gc          ] GC(88) Concurrent cleanup 593M->591M(792M) 0.248ms
[2026-04-03T03:23:16.341+0600][73.640s][info][gc,ergo     ] GC(88) Free: 355M, Max: 256K regular, 236M humongous, Frag: 34% external, 0% internal; Reserve: 51075K, Max: 256K
[2026-04-03T03:23:16.341+0600][73.640s][info][gc,start    ] GC(88) Concurrent class unloading
[2026-04-03T03:23:16.341+0600][73.640s][info][gc,task     ] GC(88) Using 3 of 6 workers for concurrent class unloading
[2026-04-03T03:23:16.349+0600][73.647s][info][gc          ] GC(88) Concurrent class unloading 7.125ms
[2026-04-03T03:23:16.349+0600][73.647s][info][gc,start    ] GC(88) Concurrent strong roots
[2026-04-03T03:23:16.349+0600][73.647s][info][gc,task     ] GC(88) Using 3 of 6 workers for concurrent strong root
[2026-04-03T03:23:16.349+0600][73.648s][info][gc          ] GC(88) Concurrent strong roots 0.811ms
[2026-04-03T03:23:16.350+0600][73.648s][info][gc,start    ] GC(88) Concurrent evacuation
[2026-04-03T03:23:16.350+0600][73.648s][info][gc,task     ] GC(88) Using 3 of 6 workers for concurrent evacuation
[2026-04-03T03:23:16.372+0600][73.671s][info][gc          ] GC(88) Concurrent evacuation 22.817ms
[2026-04-03T03:23:16.373+0600][73.671s][info][gc,start    ] GC(88) Pause Init Update Refs
[2026-04-03T03:23:16.373+0600][73.672s][info][gc,ergo     ] GC(88) Pacer for Update Refs. Used: 628M, Free: 338M, Non-Taxable: 34706K, Alloc Tax Rate: 2.3x
[2026-04-03T03:23:16.373+0600][73.672s][info][gc          ] GC(88) Pause Init Update Refs 0.176ms
[2026-04-03T03:23:16.373+0600][73.672s][info][gc,start    ] GC(88) Concurrent update references
[2026-04-03T03:23:16.373+0600][73.672s][info][gc,task     ] GC(88) Using 3 of 6 workers for concurrent reference update
[2026-04-03T03:23:16.539+0600][73.837s][info][gc          ] GC(88) Concurrent update references 165.766ms
[2026-04-03T03:23:16.539+0600][73.838s][info][gc,start    ] GC(88) Concurrent update thread roots
[2026-04-03T03:23:16.540+0600][73.839s][info][gc          ] GC(88) Concurrent update thread roots 1.498ms
[2026-04-03T03:23:16.540+0600][73.839s][info][gc,start    ] GC(88) Pause Final Update Refs
[2026-04-03T03:23:16.541+0600][73.839s][info][gc,task     ] GC(88) Using 6 of 6 workers for final reference update
[2026-04-03T03:23:16.541+0600][73.840s][info][gc          ] GC(88) Pause Final Update Refs 0.328ms
[2026-04-03T03:23:16.541+0600][73.840s][info][gc,start    ] GC(88) Concurrent cleanup
[2026-04-03T03:23:16.542+0600][73.840s][info][gc          ] GC(88) Concurrent cleanup 719M->417M(792M) 0.555ms
[2026-04-03T03:23:16.542+0600][73.840s][info][gc,ergo     ] Free: 529M, Max: 256K regular, 229M humongous, Frag: 57% external, 0% internal; Reserve: 51200K, Max: 256K
[2026-04-03T03:23:16.542+0600][73.841s][info][gc,stats    ] 
[2026-04-03T03:23:16.542+0600][73.841s][info][gc,stats    ] All times are wall-clock times, except per-root-class counters, that are sum over
[2026-04-03T03:23:16.542+0600][73.841s][info][gc,stats    ] all workers. Dividing the <total> over the root stage time estimates parallelism.
[2026-04-03T03:23:16.542+0600][73.841s][info][gc,stats    ] 
[2026-04-03T03:23:16.542+0600][73.841s][info][gc,stats    ] Concurrent Reset                   1691 us
[2026-04-03T03:23:16.542+0600][73.841s][info][gc,stats    ] Pause Init Mark (G)                 446 us
[2026-04-03T03:23:16.542+0600][73.841s][info][gc,stats    ] Pause Init Mark (N)                 184 us
[2026-04-03T03:23:16.542+0600][73.841s][info][gc,stats    ]   Update Region States               51 us
[2026-04-03T03:23:16.542+0600][73.841s][info][gc,stats    ] Concurrent Mark Roots              1045 us, parallelism: 1.83x
[2026-04-03T03:23:16.542+0600][73.841s][info][gc,stats    ]   CMR: <total>                     1911 us
[2026-04-03T03:23:16.542+0600][73.841s][info][gc,stats    ]   CMR: Thread Roots                1674 us, workers (us): 617, 439, 618, ---, ---, ---, 
[2026-04-03T03:23:16.542+0600][73.841s][info][gc,stats    ]   CMR: VM Strong Roots               43 us, workers (us):  36,   7,   1, ---, ---, ---, 
[2026-04-03T03:23:16.542+0600][73.841s][info][gc,stats    ]   CMR: CLDG Roots                   194 us, workers (us): ---, 194, ---, ---, ---, ---, 
[2026-04-03T03:23:16.542+0600][73.841s][info][gc,stats    ] Concurrent Marking               285462 us
[2026-04-03T03:23:16.542+0600][73.841s][info][gc,stats    ] Pause Final Mark (G)               1366 us
[2026-04-03T03:23:16.542+0600][73.841s][info][gc,stats    ] Pause Final Mark (N)               1221 us
[2026-04-03T03:23:16.542+0600][73.841s][info][gc,stats    ]   Finish Mark                       299 us
[2026-04-03T03:23:16.542+0600][73.841s][info][gc,stats    ]   Update Region States               66 us
[2026-04-03T03:23:16.542+0600][73.841s][info][gc,stats    ]   Choose Collection Set             620 us
[2026-04-03T03:23:16.542+0600][73.841s][info][gc,stats    ]   Rebuild Free Set                   56 us
[2026-04-03T03:23:16.542+0600][73.841s][info][gc,stats    ] Concurrent Thread Roots             824 us, parallelism: 2.05x
[2026-04-03T03:23:16.542+0600][73.841s][info][gc,stats    ]   CTR: <total>                     1689 us
[2026-04-03T03:23:16.542+0600][73.841s][info][gc,stats    ]   CTR: Thread Roots                1689 us, workers (us): 599, 540, 549, ---, ---, ---, 
[2026-04-03T03:23:16.542+0600][73.841s][info][gc,stats    ] Concurrent Weak References          283 us, parallelism: 0.48x
[2026-04-03T03:23:16.542+0600][73.841s][info][gc,stats    ]   CWRF: <total>                     137 us
[2026-04-03T03:23:16.542+0600][73.841s][info][gc,stats    ]   CWRF: Weak References             137 us, workers (us):  89,  47,   1, ---, ---, ---, 
[2026-04-03T03:23:16.542+0600][73.841s][info][gc,stats    ] Concurrent Weak Roots              3075 us
[2026-04-03T03:23:16.542+0600][73.841s][info][gc,stats    ]   Roots                            2646 us, parallelism: 2.65x
[2026-04-03T03:23:16.542+0600][73.841s][info][gc,stats    ]     CWR: <total>                   7003 us
[2026-04-03T03:23:16.542+0600][73.841s][info][gc,stats    ]     CWR: Code Cache Roots          5323 us, workers (us): 1767, 1796, 1760, ---, ---, ---, 
[2026-04-03T03:23:16.542+0600][73.841s][info][gc,stats    ]     CWR: VM Weak Roots             1641 us, workers (us): 577, 539, 525, ---, ---, ---, 
[2026-04-03T03:23:16.542+0600][73.841s][info][gc,stats    ]     CWR: CLDG Roots                  40 us, workers (us): ---, ---,  40, ---, ---, ---, 
[2026-04-03T03:23:16.542+0600][73.841s][info][gc,stats    ]   Rendezvous                        322 us
[2026-04-03T03:23:16.542+0600][73.841s][info][gc,stats    ] Concurrent Cleanup                  269 us
[2026-04-03T03:23:16.542+0600][73.841s][info][gc,stats    ] Concurrent Class Unloading         7219 us
[2026-04-03T03:23:16.542+0600][73.841s][info][gc,stats    ]   Unlink Stale                     6711 us
[2026-04-03T03:23:16.542+0600][73.841s][info][gc,stats    ]     System Dictionary               115 us
[2026-04-03T03:23:16.542+0600][73.841s][info][gc,stats    ]     Weak Class Links                  1 us
[2026-04-03T03:23:16.542+0600][73.841s][info][gc,stats    ]     Code Roots                     6591 us
[2026-04-03T03:23:16.542+0600][73.841s][info][gc,stats    ]   Rendezvous                        356 us
[2026-04-03T03:23:16.542+0600][73.841s][info][gc,stats    ]   Purge Unlinked                     19 us
[2026-04-03T03:23:16.542+0600][73.841s][info][gc,stats    ]     Code Roots                        7 us
[2026-04-03T03:23:16.542+0600][73.841s][info][gc,stats    ]     CLDG                             11 us
[2026-04-03T03:23:16.542+0600][73.841s][info][gc,stats    ]     Exception Caches                  0 us
[2026-04-03T03:23:16.542+0600][73.841s][info][gc,stats    ] Concurrent Strong Roots             856 us, parallelism: 0.59x
[2026-04-03T03:23:16.542+0600][73.841s][info][gc,stats    ]   CSR: <total>                      502 us
[2026-04-03T03:23:16.542+0600][73.841s][info][gc,stats    ]   CSR: VM Strong Roots               45 us, workers (us):  40,   5,   0, ---, ---, ---, 
[2026-04-03T03:23:16.542+0600][73.841s][info][gc,stats    ]   CSR: CLDG Roots                   456 us, workers (us): ---, 456, ---, ---, ---, ---, 
[2026-04-03T03:23:16.542+0600][73.841s][info][gc,stats    ] Concurrent Evacuation             22924 us
[2026-04-03T03:23:16.542+0600][73.841s][info][gc,stats    ] Pause Init Update Refs (G)          443 us
[2026-04-03T03:23:16.542+0600][73.841s][info][gc,stats    ] Pause Init Update Refs (N)          192 us
[2026-04-03T03:23:16.542+0600][73.841s][info][gc,stats    ]   Manage GCLABs                      22 us
[2026-04-03T03:23:16.542+0600][73.841s][info][gc,stats    ] Concurrent Update Refs           165885 us
[2026-04-03T03:23:16.542+0600][73.841s][info][gc,stats    ] Concurrent Update Thread Roots     1550 us
[2026-04-03T03:23:16.542+0600][73.841s][info][gc,stats    ] Pause Final Update Refs (G)         670 us
[2026-04-03T03:23:16.542+0600][73.841s][info][gc,stats    ] Pause Final Update Refs (N)         370 us
[2026-04-03T03:23:16.542+0600][73.841s][info][gc,stats    ]   Update Region States               86 us
[2026-04-03T03:23:16.542+0600][73.841s][info][gc,stats    ]   Trash Collection Set               29 us
[2026-04-03T03:23:16.542+0600][73.841s][info][gc,stats    ]   Rebuild Free Set                   58 us
[2026-04-03T03:23:16.542+0600][73.841s][info][gc,stats    ] Concurrent Cleanup                  585 us
[2026-04-03T03:23:16.542+0600][73.841s][info][gc,stats    ] Pacing                           378230 us
[2026-04-03T03:23:16.542+0600][73.841s][info][gc,stats    ] 
[2026-04-03T03:23:16.542+0600][73.841s][info][gc,stats    ] Allocation pacing accrued:
[2026-04-03T03:23:16.543+0600][73.841s][info][gc,stats    ]     110 of   597 ms ( 18.3%): Executor task launch worker for task 2.0 in stage 28.0 (TID 44)
[2026-04-03T03:23:16.543+0600][73.841s][info][gc,stats    ]     135 of   597 ms ( 22.7%): Executor task launch worker for task 1.0 in stage 28.0 (TID 43)
[2026-04-03T03:23:16.543+0600][73.841s][info][gc,stats    ]     133 of   597 ms ( 22.3%): Executor task launch worker for task 0.0 in stage 28.0 (TID 42)
[2026-04-03T03:23:16.543+0600][73.841s][info][gc,stats    ]     378 of   597 ms ( 63.3%): <total>
[2026-04-03T03:23:16.543+0600][73.841s][info][gc,stats    ]       2 of   597 ms (  0.3%): <average total>
[2026-04-03T03:23:16.543+0600][73.841s][info][gc,stats    ]     126 of   597 ms ( 21.1%): <average non-zero>
[2026-04-03T03:23:16.543+0600][73.841s][info][gc,stats    ] 
[2026-04-03T03:23:16.543+0600][73.841s][info][gc,metaspace] Metaspace: 73259K(74112K)->73259K(74112K) NonClass: 63975K(64448K)->63975K(64448K) Class: 9284K(9664K)->9284K(9664K)
[2026-04-03T03:23:16.543+0600][73.841s][info][gc,ergo     ] Pacer for Idle. Initial: 20480K, Alloc Tax Rate: 1.0x
[2026-04-03T03:23:16.644+0600][73.943s][info][gc          ] Trigger: Average GC time (519.35 ms) is above the time for average allocation rate (762 MB/s) to deplete free headroom (386M) (margin of error = 1.79)
[2026-04-03T03:23:16.644+0600][73.943s][info][gc,ergo     ] Free headroom: 436M (free) - 51200K (spike) - 0B (penalties) = 386M
[2026-04-03T03:23:16.644+0600][73.943s][info][gc,ergo     ] Free: 436M, Max: 256K regular, 229M humongous, Frag: 48% external, 0% internal; Reserve: 51200K, Max: 256K
[2026-04-03T03:23:16.644+0600][73.943s][info][gc,start    ] GC(89) Concurrent reset
[2026-04-03T03:23:16.644+0600][73.943s][info][gc,task     ] GC(89) Using 3 of 6 workers for concurrent reset
[2026-04-03T03:23:16.644+0600][73.943s][info][gc,ergo     ] GC(89) Pacer for Reset. Non-Taxable: 1000M
[2026-04-03T03:23:16.646+0600][73.945s][info][gc          ] GC(89) Concurrent reset 1.681ms
[2026-04-03T03:23:16.668+0600][73.966s][info][gc,start    ] GC(89) Pause Init Mark (unload classes)
[2026-04-03T03:23:16.668+0600][73.966s][info][gc,task     ] GC(89) Using 6 of 6 workers for init marking
[2026-04-03T03:23:16.668+0600][73.967s][info][gc,ergo     ] GC(89) Pacer for Mark. Expected Live: 228M, Free: 412M, Non-Taxable: 42232K, Alloc Tax Rate: 0.7x
[2026-04-03T03:23:16.668+0600][73.967s][info][gc          ] GC(89) Pause Init Mark (unload classes) 0.206ms
[2026-04-03T03:23:16.668+0600][73.967s][info][gc,start    ] GC(89) Concurrent marking roots
[2026-04-03T03:23:16.668+0600][73.967s][info][gc,task     ] GC(89) Using 3 of 6 workers for concurrent marking roots
[2026-04-03T03:23:16.669+0600][73.968s][info][gc          ] GC(89) Concurrent marking roots 1.067ms
[2026-04-03T03:23:16.669+0600][73.968s][info][gc,start    ] GC(89) Concurrent marking (unload classes)
[2026-04-03T03:23:16.669+0600][73.968s][info][gc,task     ] GC(89) Using 3 of 6 workers for concurrent marking
[2026-04-03T03:23:17.031+0600][74.330s][info][gc          ] GC(89) Concurrent marking (unload classes) 362.282ms
[2026-04-03T03:23:17.031+0600][74.330s][info][gc,start    ] GC(89) Pause Final Mark (unload classes)
[2026-04-03T03:23:17.032+0600][74.330s][info][gc,task     ] GC(89) Using 6 of 6 workers for final marking
[2026-04-03T03:23:17.032+0600][74.331s][info][gc,ergo     ] GC(89) Adaptive CSet Selection. Target Free: 141M, Actual Free: 381M, Max CSet: 42666K, Min Garbage: 0B
[2026-04-03T03:23:17.033+0600][74.332s][info][gc,ergo     ] GC(89) Collectable Garbage: 294M (96%), Immediate: 8192K (2%), CSet: 286M (93%)
[2026-04-03T03:23:17.033+0600][74.332s][info][gc,ergo     ] GC(89) Pacer for Evacuation. Used CSet: 306M, Free: 332M, Non-Taxable: 34015K, Alloc Tax Rate: 2.3x
[2026-04-03T03:23:17.033+0600][74.332s][info][gc          ] GC(89) Pause Final Mark (unload classes) 1.510ms
[2026-04-03T03:23:17.033+0600][74.332s][info][gc,start    ] GC(89) Concurrent thread roots
[2026-04-03T03:23:17.033+0600][74.332s][info][gc,task     ] GC(89) Using 3 of 6 workers for Concurrent thread roots
[2026-04-03T03:23:17.034+0600][74.333s][info][gc          ] GC(89) Concurrent thread roots 0.943ms
[2026-04-03T03:23:17.034+0600][74.333s][info][gc,start    ] GC(89) Concurrent weak references
[2026-04-03T03:23:17.034+0600][74.333s][info][gc,task     ] GC(89) Using 3 of 6 workers for concurrent weak references
[2026-04-03T03:23:17.035+0600][74.334s][info][gc,ref      ] GC(89) Encountered references: Soft: 3302, Weak: 6445, Final: 84, Phantom: 603
[2026-04-03T03:23:17.035+0600][74.334s][info][gc,ref      ] GC(89) Discovered  references: Soft: 0, Weak: 3580, Final: 52, Phantom: 347
[2026-04-03T03:23:17.035+0600][74.334s][info][gc,ref      ] GC(89) Enqueued    references: Soft: 0, Weak: 0, Final: 0, Phantom: 0
[2026-04-03T03:23:17.035+0600][74.334s][info][gc          ] GC(89) Concurrent weak references 0.857ms
[2026-04-03T03:23:17.035+0600][74.334s][info][gc,start    ] GC(89) Concurrent weak roots
[2026-04-03T03:23:17.035+0600][74.334s][info][gc,task     ] GC(89) Using 3 of 6 workers for concurrent weak root
[2026-04-03T03:23:17.038+0600][74.337s][info][gc          ] GC(89) Concurrent weak roots 3.036ms
[2026-04-03T03:23:17.038+0600][74.337s][info][gc,start    ] GC(89) Concurrent cleanup
[2026-04-03T03:23:17.038+0600][74.337s][info][gc          ] GC(89) Concurrent cleanup 625M->617M(792M) 0.252ms
[2026-04-03T03:23:17.038+0600][74.337s][info][gc,ergo     ] GC(89) Free: 330M, Max: 256K regular, 229M humongous, Frag: 31% external, 0% internal; Reserve: 50798K, Max: 256K
[2026-04-03T03:23:17.038+0600][74.337s][info][gc,start    ] GC(89) Concurrent class unloading
[2026-04-03T03:23:17.038+0600][74.337s][info][gc,task     ] GC(89) Using 3 of 6 workers for concurrent class unloading
[2026-04-03T03:23:17.045+0600][74.344s][info][gc          ] GC(89) Concurrent class unloading 6.811ms
[2026-04-03T03:23:17.045+0600][74.344s][info][gc,start    ] GC(89) Concurrent strong roots
[2026-04-03T03:23:17.045+0600][74.344s][info][gc,task     ] GC(89) Using 3 of 6 workers for concurrent strong root
[2026-04-03T03:23:17.046+0600][74.345s][info][gc          ] GC(89) Concurrent strong roots 0.840ms
[2026-04-03T03:23:17.046+0600][74.345s][info][gc,start    ] GC(89) Concurrent evacuation
[2026-04-03T03:23:17.046+0600][74.345s][info][gc,task     ] GC(89) Using 3 of 6 workers for concurrent evacuation
[2026-04-03T03:23:17.070+0600][74.369s][info][gc          ] GC(89) Concurrent evacuation 24.082ms
[2026-04-03T03:23:17.071+0600][74.369s][info][gc,start    ] GC(89) Pause Init Update Refs
[2026-04-03T03:23:17.071+0600][74.370s][info][gc,ergo     ] GC(89) Pacer for Update Refs. Used: 646M, Free: 320M, Non-Taxable: 32863K, Alloc Tax Rate: 2.5x
[2026-04-03T03:23:17.071+0600][74.370s][info][gc          ] GC(89) Pause Init Update Refs 0.179ms
[2026-04-03T03:23:17.071+0600][74.370s][info][gc,start    ] GC(89) Concurrent update references
[2026-04-03T03:23:17.071+0600][74.370s][info][gc,task     ] GC(89) Using 3 of 6 workers for concurrent reference update
[2026-04-03T03:23:17.247+0600][74.546s][info][gc          ] GC(89) Concurrent update references 176.545ms
[2026-04-03T03:23:17.248+0600][74.546s][info][gc,start    ] GC(89) Concurrent update thread roots
[2026-04-03T03:23:17.249+0600][74.548s][info][gc          ] GC(89) Concurrent update thread roots 1.315ms
[2026-04-03T03:23:17.249+0600][74.548s][info][gc,start    ] GC(89) Pause Final Update Refs
[2026-04-03T03:23:17.249+0600][74.548s][info][gc,task     ] GC(89) Using 6 of 6 workers for final reference update
[2026-04-03T03:23:17.249+0600][74.548s][info][gc          ] GC(89) Pause Final Update Refs 0.283ms
[2026-04-03T03:23:17.249+0600][74.548s][info][gc,start    ] GC(89) Concurrent cleanup
[2026-04-03T03:23:17.250+0600][74.549s][info][gc          ] GC(89) Concurrent cleanup 705M->398M(792M) 0.452ms
[2026-04-03T03:23:17.250+0600][74.549s][info][gc,ergo     ] Free: 547M, Max: 256K regular, 260M humongous, Frag: 53% external, 0% internal; Reserve: 51200K, Max: 256K
[2026-04-03T03:23:17.250+0600][74.549s][info][gc,stats    ] 
[2026-04-03T03:23:17.250+0600][74.549s][info][gc,stats    ] All times are wall-clock times, except per-root-class counters, that are sum over
[2026-04-03T03:23:17.250+0600][74.549s][info][gc,stats    ] all workers. Dividing the <total> over the root stage time estimates parallelism.
[2026-04-03T03:23:17.250+0600][74.549s][info][gc,stats    ] 
[2026-04-03T03:23:17.250+0600][74.549s][info][gc,stats    ] Concurrent Reset                  23069 us
[2026-04-03T03:23:17.250+0600][74.549s][info][gc,stats    ] Pause Init Mark (G)                 478 us
[2026-04-03T03:23:17.250+0600][74.549s][info][gc,stats    ] Pause Init Mark (N)                 219 us
[2026-04-03T03:23:17.250+0600][74.549s][info][gc,stats    ]   Update Region States               71 us
[2026-04-03T03:23:17.250+0600][74.549s][info][gc,stats    ] Concurrent Mark Roots              1118 us, parallelism: 1.87x
[2026-04-03T03:23:17.250+0600][74.549s][info][gc,stats    ]   CMR: <total>                     2093 us
[2026-04-03T03:23:17.250+0600][74.549s][info][gc,stats    ]   CMR: Thread Roots                1771 us, workers (us): 401, 688, 682, ---, ---, ---, 
[2026-04-03T03:23:17.250+0600][74.549s][info][gc,stats    ]   CMR: VM Strong Roots               39 us, workers (us):  38,   1,   1, ---, ---, ---, 
[2026-04-03T03:23:17.250+0600][74.549s][info][gc,stats    ]   CMR: CLDG Roots                   282 us, workers (us): 282, ---, ---, ---, ---, ---, 
[2026-04-03T03:23:17.250+0600][74.549s][info][gc,stats    ] Concurrent Marking               362377 us
[2026-04-03T03:23:17.250+0600][74.549s][info][gc,stats    ] Pause Final Mark (G)               1760 us
[2026-04-03T03:23:17.250+0600][74.549s][info][gc,stats    ] Pause Final Mark (N)               1524 us
[2026-04-03T03:23:17.250+0600][74.549s][info][gc,stats    ]   Finish Mark                       505 us
[2026-04-03T03:23:17.250+0600][74.549s][info][gc,stats    ]   Update Region States               80 us
[2026-04-03T03:23:17.250+0600][74.549s][info][gc,stats    ]   Choose Collection Set             720 us
[2026-04-03T03:23:17.250+0600][74.549s][info][gc,stats    ]   Rebuild Free Set                   46 us
[2026-04-03T03:23:17.250+0600][74.549s][info][gc,stats    ] Concurrent Thread Roots             993 us, parallelism: 2.10x
[2026-04-03T03:23:17.250+0600][74.549s][info][gc,stats    ]   CTR: <total>                     2083 us
[2026-04-03T03:23:17.250+0600][74.549s][info][gc,stats    ]   CTR: Thread Roots                2083 us, workers (us): 716, 684, 683, ---, ---, ---, 
[2026-04-03T03:23:17.250+0600][74.549s][info][gc,stats    ] Concurrent Weak References          871 us, parallelism: 0.81x
[2026-04-03T03:23:17.250+0600][74.549s][info][gc,stats    ]   CWRF: <total>                     704 us
[2026-04-03T03:23:17.250+0600][74.549s][info][gc,stats    ]   CWRF: Weak References             704 us, workers (us): 689,  14,   0, ---, ---, ---, 
[2026-04-03T03:23:17.250+0600][74.549s][info][gc,stats    ] Concurrent Weak Roots              3102 us
[2026-04-03T03:23:17.250+0600][74.549s][info][gc,stats    ]   Roots                            2717 us, parallelism: 2.64x
[2026-04-03T03:23:17.250+0600][74.549s][info][gc,stats    ]     CWR: <total>                   7175 us
[2026-04-03T03:23:17.250+0600][74.549s][info][gc,stats    ]     CWR: Code Cache Roots          4857 us, workers (us): 1483, 1686, 1688, ---, ---, ---, 
[2026-04-03T03:23:17.250+0600][74.549s][info][gc,stats    ]     CWR: VM Weak Roots             2210 us, workers (us): 751, 753, 705, ---, ---, ---, 
[2026-04-03T03:23:17.250+0600][74.549s][info][gc,stats    ]     CWR: CLDG Roots                 108 us, workers (us): 108, ---, ---, ---, ---, ---, 
[2026-04-03T03:23:17.250+0600][74.549s][info][gc,stats    ]   Rendezvous                        291 us
[2026-04-03T03:23:17.250+0600][74.549s][info][gc,stats    ] Concurrent Cleanup                  272 us
[2026-04-03T03:23:17.250+0600][74.549s][info][gc,stats    ] Concurrent Class Unloading         6899 us
[2026-04-03T03:23:17.250+0600][74.549s][info][gc,stats    ]   Unlink Stale                     6432 us
[2026-04-03T03:23:17.251+0600][74.549s][info][gc,stats    ]     System Dictionary               117 us
[2026-04-03T03:23:17.251+0600][74.549s][info][gc,stats    ]     Weak Class Links                  1 us
[2026-04-03T03:23:17.251+0600][74.549s][info][gc,stats    ]     Code Roots                     6311 us
[2026-04-03T03:23:17.251+0600][74.549s][info][gc,stats    ]   Rendezvous                        333 us
[2026-04-03T03:23:17.251+0600][74.549s][info][gc,stats    ]   Purge Unlinked                     14 us
[2026-04-03T03:23:17.251+0600][74.549s][info][gc,stats    ]     Code Roots                        4 us
[2026-04-03T03:23:17.251+0600][74.549s][info][gc,stats    ]     CLDG                              9 us
[2026-04-03T03:23:17.251+0600][74.549s][info][gc,stats    ]     Exception Caches                  0 us
[2026-04-03T03:23:17.251+0600][74.549s][info][gc,stats    ] Concurrent Strong Roots             899 us, parallelism: 0.62x
[2026-04-03T03:23:17.251+0600][74.549s][info][gc,stats    ]   CSR: <total>                      555 us
[2026-04-03T03:23:17.251+0600][74.549s][info][gc,stats    ]   CSR: VM Strong Roots               62 us, workers (us):  32,  29,   1, ---, ---, ---, 
[2026-04-03T03:23:17.251+0600][74.549s][info][gc,stats    ]   CSR: CLDG Roots                   493 us, workers (us): ---, ---, 493, ---, ---, ---, 
[2026-04-03T03:23:17.251+0600][74.549s][info][gc,stats    ] Concurrent Evacuation             24189 us
[2026-04-03T03:23:17.251+0600][74.549s][info][gc,stats    ] Pause Init Update Refs (G)          505 us
[2026-04-03T03:23:17.251+0600][74.549s][info][gc,stats    ] Pause Init Update Refs (N)          196 us
[2026-04-03T03:23:17.251+0600][74.549s][info][gc,stats    ]   Manage GCLABs                      89 us
[2026-04-03T03:23:17.251+0600][74.549s][info][gc,stats    ] Concurrent Update Refs           176645 us
[2026-04-03T03:23:17.251+0600][74.550s][info][gc,stats    ] Concurrent Update Thread Roots     1372 us
[2026-04-03T03:23:17.251+0600][74.550s][info][gc,stats    ] Pause Final Update Refs (G)         564 us
[2026-04-03T03:23:17.251+0600][74.550s][info][gc,stats    ] Pause Final Update Refs (N)         306 us
[2026-04-03T03:23:17.251+0600][74.550s][info][gc,stats    ]   Update Region States               78 us
[2026-04-03T03:23:17.251+0600][74.550s][info][gc,stats    ]   Trash Collection Set               42 us
[2026-04-03T03:23:17.251+0600][74.550s][info][gc,stats    ]   Rebuild Free Set                   54 us
[2026-04-03T03:23:17.251+0600][74.550s][info][gc,stats    ] Concurrent Cleanup                  478 us
[2026-04-03T03:23:17.251+0600][74.550s][info][gc,stats    ] Pacing                           390962 us
[2026-04-03T03:23:17.251+0600][74.550s][info][gc,stats    ] 
[2026-04-03T03:23:17.251+0600][74.550s][info][gc,stats    ] Allocation pacing accrued:
[2026-04-03T03:23:17.251+0600][74.550s][info][gc,stats    ]      34 of   708 ms (  4.8%): Executor task launch worker for task 2.0 in stage 28.0 (TID 44)
[2026-04-03T03:23:17.251+0600][74.550s][info][gc,stats    ]     179 of   708 ms ( 25.3%): Executor task launch worker for task 1.0 in stage 28.0 (TID 43)
[2026-04-03T03:23:17.251+0600][74.550s][info][gc,stats    ]     178 of   708 ms ( 25.1%): Executor task launch worker for task 0.0 in stage 28.0 (TID 42)
[2026-04-03T03:23:17.251+0600][74.550s][info][gc,stats    ]     391 of   708 ms ( 55.2%): <total>
[2026-04-03T03:23:17.251+0600][74.550s][info][gc,stats    ]       2 of   708 ms (  0.3%): <average total>
[2026-04-03T03:23:17.251+0600][74.550s][info][gc,stats    ]     130 of   708 ms ( 18.4%): <average non-zero>
[2026-04-03T03:23:17.251+0600][74.550s][info][gc,stats    ] 
[2026-04-03T03:23:17.251+0600][74.550s][info][gc,metaspace] Metaspace: 73259K(74112K)->73261K(74112K) NonClass: 63975K(64448K)->63977K(64448K) Class: 9284K(9664K)->9284K(9664K)
[2026-04-03T03:23:17.251+0600][74.550s][info][gc,ergo     ] Pacer for Idle. Initial: 20480K, Alloc Tax Rate: 1.0x
[2026-04-03T03:23:17.796+0600][75.095s][info][gc          ] Trigger: Average GC time (650.30 ms) is above the time for average allocation rate (425 MB/s) to deplete free headroom (275M) (margin of error = 1.79)
[2026-04-03T03:23:17.796+0600][75.095s][info][gc,ergo     ] Free headroom: 325M (free) - 51200K (spike) - 0B (penalties) = 275M
[2026-04-03T03:23:17.796+0600][75.095s][info][gc,ergo     ] Free: 325M, Max: 256K regular, 260M humongous, Frag: 20% external, 0% internal; Reserve: 51200K, Max: 256K
[2026-04-03T03:23:17.796+0600][75.095s][info][gc,start    ] GC(90) Concurrent reset
[2026-04-03T03:23:17.796+0600][75.095s][info][gc,task     ] GC(90) Using 3 of 6 workers for concurrent reset
[2026-04-03T03:23:17.796+0600][75.095s][info][gc,ergo     ] GC(90) Pacer for Reset. Non-Taxable: 1000M
[2026-04-03T03:23:17.798+0600][75.096s][info][gc          ] GC(90) Concurrent reset 1.391ms
[2026-04-03T03:23:17.798+0600][75.097s][info][gc,start    ] GC(90) Pause Init Mark (unload classes)
[2026-04-03T03:23:17.798+0600][75.097s][info][gc,task     ] GC(90) Using 6 of 6 workers for init marking
[2026-04-03T03:23:17.798+0600][75.097s][info][gc,ergo     ] GC(90) Pacer for Mark. Expected Live: 226M, Free: 325M, Non-Taxable: 33296K, Alloc Tax Rate: 0.8x
[2026-04-03T03:23:17.798+0600][75.097s][info][gc          ] GC(90) Pause Init Mark (unload classes) 0.138ms
[2026-04-03T03:23:17.798+0600][75.097s][info][gc,start    ] GC(90) Concurrent marking roots
[2026-04-03T03:23:17.798+0600][75.097s][info][gc,task     ] GC(90) Using 3 of 6 workers for concurrent marking roots
[2026-04-03T03:23:17.799+0600][75.098s][info][gc          ] GC(90) Concurrent marking roots 0.815ms
[2026-04-03T03:23:17.799+0600][75.098s][info][gc,start    ] GC(90) Concurrent marking (unload classes)
[2026-04-03T03:23:17.799+0600][75.098s][info][gc,task     ] GC(90) Using 3 of 6 workers for concurrent marking
[2026-04-03T03:23:18.041+0600][75.340s][info][gc          ] GC(90) Concurrent marking (unload classes) 241.795ms
[2026-04-03T03:23:18.041+0600][75.340s][info][gc,start    ] GC(90) Pause Final Mark (unload classes)
[2026-04-03T03:23:18.041+0600][75.340s][info][gc,task     ] GC(90) Using 6 of 6 workers for final marking
[2026-04-03T03:23:18.041+0600][75.340s][info][gc,ergo     ] GC(90) Adaptive CSet Selection. Target Free: 141M, Actual Free: 364M, Max CSet: 42666K, Min Garbage: 0B
[2026-04-03T03:23:18.042+0600][75.341s][info][gc,ergo     ] GC(90) Collectable Garbage: 408M (98%), Immediate: 47635K (11%), CSet: 361M (86%)
[2026-04-03T03:23:18.042+0600][75.341s][info][gc,ergo     ] GC(90) Pacer for Evacuation. Used CSet: 403M, Free: 317M, Non-Taxable: 32479K, Alloc Tax Rate: 3.1x
[2026-04-03T03:23:18.042+0600][75.341s][info][gc          ] GC(90) Pause Final Mark (unload classes) 1.211ms
[2026-04-03T03:23:18.042+0600][75.341s][info][gc,start    ] GC(90) Concurrent thread roots
[2026-04-03T03:23:18.042+0600][75.341s][info][gc,task     ] GC(90) Using 3 of 6 workers for Concurrent thread roots
[2026-04-03T03:23:18.043+0600][75.342s][info][gc          ] GC(90) Concurrent thread roots 0.778ms
[2026-04-03T03:23:18.043+0600][75.342s][info][gc,start    ] GC(90) Concurrent weak references
[2026-04-03T03:23:18.043+0600][75.342s][info][gc,task     ] GC(90) Using 3 of 6 workers for concurrent weak references
[2026-04-03T03:23:18.044+0600][75.343s][info][gc,ref      ] GC(90) Encountered references: Soft: 3299, Weak: 6445, Final: 84, Phantom: 602
[2026-04-03T03:23:18.044+0600][75.343s][info][gc,ref      ] GC(90) Discovered  references: Soft: 0, Weak: 2265, Final: 4, Phantom: 280
[2026-04-03T03:23:18.044+0600][75.343s][info][gc,ref      ] GC(90) Enqueued    references: Soft: 0, Weak: 5, Final: 0, Phantom: 0
[2026-04-03T03:23:18.044+0600][75.343s][info][gc          ] GC(90) Concurrent weak references 0.596ms
[2026-04-03T03:23:18.044+0600][75.343s][info][gc,start    ] GC(90) Concurrent weak roots
[2026-04-03T03:23:18.044+0600][75.343s][info][gc,task     ] GC(90) Using 3 of 6 workers for concurrent weak root
[2026-04-03T03:23:18.046+0600][75.345s][info][gc          ] GC(90) Concurrent weak roots 2.363ms
[2026-04-03T03:23:18.046+0600][75.345s][info][gc,start    ] GC(90) Concurrent cleanup
[2026-04-03T03:23:18.046+0600][75.345s][info][gc          ] GC(90) Concurrent cleanup 677M->631M(792M) 0.259ms
[2026-04-03T03:23:18.047+0600][75.345s][info][gc,ergo     ] GC(90) Free: 316M, Max: 256K regular, 261M humongous, Frag: 18% external, 0% internal; Reserve: 50815K, Max: 256K
[2026-04-03T03:23:18.047+0600][75.345s][info][gc,start    ] GC(90) Concurrent class unloading
[2026-04-03T03:23:18.047+0600][75.345s][info][gc,task     ] GC(90) Using 3 of 6 workers for concurrent class unloading
[2026-04-03T03:23:18.053+0600][75.352s][info][gc          ] GC(90) Concurrent class unloading 6.473ms
[2026-04-03T03:23:18.053+0600][75.352s][info][gc,start    ] GC(90) Concurrent strong roots
[2026-04-03T03:23:18.053+0600][75.352s][info][gc,task     ] GC(90) Using 3 of 6 workers for concurrent strong root
[2026-04-03T03:23:18.054+0600][75.353s][info][gc          ] GC(90) Concurrent strong roots 0.782ms
[2026-04-03T03:23:18.054+0600][75.353s][info][gc,start    ] GC(90) Concurrent evacuation
[2026-04-03T03:23:18.054+0600][75.353s][info][gc,task     ] GC(90) Using 3 of 6 workers for concurrent evacuation
[2026-04-03T03:23:18.091+0600][75.390s][info][gc          ] GC(90) Concurrent evacuation 37.051ms
[2026-04-03T03:23:18.091+0600][75.390s][info][gc,start    ] GC(90) Pause Init Update Refs
[2026-04-03T03:23:18.091+0600][75.390s][info][gc,ergo     ] GC(90) Pacer for Update Refs. Used: 683M, Free: 305M, Non-Taxable: 31327K, Alloc Tax Rate: 2.7x
[2026-04-03T03:23:18.091+0600][75.390s][info][gc          ] GC(90) Pause Init Update Refs 0.086ms
[2026-04-03T03:23:18.091+0600][75.390s][info][gc,start    ] GC(90) Concurrent update references
[2026-04-03T03:23:18.091+0600][75.390s][info][gc,task     ] GC(90) Using 3 of 6 workers for concurrent reference update
[2026-04-03T03:23:18.229+0600][75.528s][info][gc          ] GC(90) Concurrent update references 137.721ms
[2026-04-03T03:23:18.229+0600][75.528s][info][gc,start    ] GC(90) Concurrent update thread roots
[2026-04-03T03:23:18.231+0600][75.529s][info][gc          ] GC(90) Concurrent update thread roots 1.321ms
[2026-04-03T03:23:18.231+0600][75.530s][info][gc,start    ] GC(90) Pause Final Update Refs
[2026-04-03T03:23:18.231+0600][75.530s][info][gc,task     ] GC(90) Using 6 of 6 workers for final reference update
[2026-04-03T03:23:18.231+0600][75.530s][info][gc          ] GC(90) Pause Final Update Refs 0.233ms
[2026-04-03T03:23:18.231+0600][75.530s][info][gc,start    ] GC(90) Concurrent cleanup
[2026-04-03T03:23:18.232+0600][75.530s][info][gc          ] GC(90) Concurrent cleanup 717M->314M(792M) 0.449ms
[2026-04-03T03:23:18.232+0600][75.531s][info][gc,ergo     ] Free: 632M, Max: 256K regular, 281M humongous, Frag: 56% external, 0% internal; Reserve: 51200K, Max: 256K
[2026-04-03T03:23:18.232+0600][75.531s][info][gc,stats    ] 
[2026-04-03T03:23:18.232+0600][75.531s][info][gc,stats    ] All times are wall-clock times, except per-root-class counters, that are sum over
[2026-04-03T03:23:18.232+0600][75.531s][info][gc,stats    ] all workers. Dividing the <total> over the root stage time estimates parallelism.
[2026-04-03T03:23:18.232+0600][75.531s][info][gc,stats    ] 
[2026-04-03T03:23:18.232+0600][75.531s][info][gc,stats    ] Concurrent Reset                   1459 us
[2026-04-03T03:23:18.232+0600][75.531s][info][gc,stats    ] Pause Init Mark (G)                 403 us
[2026-04-03T03:23:18.232+0600][75.531s][info][gc,stats    ] Pause Init Mark (N)                 151 us
[2026-04-03T03:23:18.232+0600][75.531s][info][gc,stats    ]   Update Region States               33 us
[2026-04-03T03:23:18.232+0600][75.531s][info][gc,stats    ] Concurrent Mark Roots               854 us, parallelism: 1.76x
[2026-04-03T03:23:18.232+0600][75.531s][info][gc,stats    ]   CMR: <total>                     1507 us
[2026-04-03T03:23:18.232+0600][75.531s][info][gc,stats    ]   CMR: Thread Roots                1268 us, workers (us): 291, 489, 488, ---, ---, ---, 
[2026-04-03T03:23:18.232+0600][75.531s][info][gc,stats    ]   CMR: VM Strong Roots               24 us, workers (us):  23,   1,   0, ---, ---, ---, 
[2026-04-03T03:23:18.232+0600][75.531s][info][gc,stats    ]   CMR: CLDG Roots                   214 us, workers (us): 214, ---, ---, ---, ---, ---, 
[2026-04-03T03:23:18.232+0600][75.531s][info][gc,stats    ] Concurrent Marking               241887 us
[2026-04-03T03:23:18.232+0600][75.531s][info][gc,stats    ] Pause Final Mark (G)               1441 us
[2026-04-03T03:23:18.232+0600][75.531s][info][gc,stats    ] Pause Final Mark (N)               1225 us
[2026-04-03T03:23:18.232+0600][75.531s][info][gc,stats    ]   Finish Mark                       311 us
[2026-04-03T03:23:18.232+0600][75.531s][info][gc,stats    ]   Update Region States               70 us
[2026-04-03T03:23:18.232+0600][75.531s][info][gc,stats    ]   Choose Collection Set             679 us
[2026-04-03T03:23:18.232+0600][75.531s][info][gc,stats    ]   Rebuild Free Set                   46 us
[2026-04-03T03:23:18.232+0600][75.531s][info][gc,stats    ] Concurrent Thread Roots             861 us, parallelism: 1.95x
[2026-04-03T03:23:18.232+0600][75.531s][info][gc,stats    ]   CTR: <total>                     1676 us
[2026-04-03T03:23:18.232+0600][75.531s][info][gc,stats    ]   CTR: Thread Roots                1676 us, workers (us): 609, 541, 527, ---, ---, ---, 
[2026-04-03T03:23:18.232+0600][75.531s][info][gc,stats    ] Concurrent Weak References          608 us, parallelism: 0.72x
[2026-04-03T03:23:18.232+0600][75.531s][info][gc,stats    ]   CWRF: <total>                     438 us
[2026-04-03T03:23:18.232+0600][75.531s][info][gc,stats    ]   CWRF: Weak References             438 us, workers (us): 406,  24,   8, ---, ---, ---, 
[2026-04-03T03:23:18.232+0600][75.531s][info][gc,stats    ] Concurrent Weak Roots              2421 us
[2026-04-03T03:23:18.232+0600][75.531s][info][gc,stats    ]   Roots                            2079 us, parallelism: 2.51x
[2026-04-03T03:23:18.232+0600][75.531s][info][gc,stats    ]     CWR: <total>                   5212 us
[2026-04-03T03:23:18.232+0600][75.531s][info][gc,stats    ]     CWR: Code Cache Roots          3538 us, workers (us): 1231, 1244, 1062, ---, ---, ---, 
[2026-04-03T03:23:18.232+0600][75.531s][info][gc,stats    ]     CWR: VM Weak Roots             1545 us, workers (us): 569, 491, 486, ---, ---, ---, 
[2026-04-03T03:23:18.232+0600][75.531s][info][gc,stats    ]     CWR: CLDG Roots                 129 us, workers (us): ---, ---, 129, ---, ---, ---, 
[2026-04-03T03:23:18.232+0600][75.531s][info][gc,stats    ]   Rendezvous                        258 us
[2026-04-03T03:23:18.232+0600][75.531s][info][gc,stats    ] Concurrent Cleanup                  284 us
[2026-04-03T03:23:18.232+0600][75.531s][info][gc,stats    ] Concurrent Class Unloading         6579 us
[2026-04-03T03:23:18.232+0600][75.531s][info][gc,stats    ]   Unlink Stale                     5962 us
[2026-04-03T03:23:18.232+0600][75.531s][info][gc,stats    ]     System Dictionary               115 us
[2026-04-03T03:23:18.232+0600][75.531s][info][gc,stats    ]     Weak Class Links                  0 us
[2026-04-03T03:23:18.232+0600][75.531s][info][gc,stats    ]     Code Roots                     5842 us
[2026-04-03T03:23:18.232+0600][75.531s][info][gc,stats    ]   Rendezvous                        301 us
[2026-04-03T03:23:18.232+0600][75.531s][info][gc,stats    ]   Purge Unlinked                    155 us
[2026-04-03T03:23:18.232+0600][75.531s][info][gc,stats    ]     Code Roots                      146 us
[2026-04-03T03:23:18.232+0600][75.531s][info][gc,stats    ]     CLDG                              9 us
[2026-04-03T03:23:18.232+0600][75.531s][info][gc,stats    ]     Exception Caches                  0 us
[2026-04-03T03:23:18.232+0600][75.531s][info][gc,stats    ] Concurrent Strong Roots             847 us, parallelism: 0.58x
[2026-04-03T03:23:18.232+0600][75.531s][info][gc,stats    ]   CSR: <total>                      488 us
[2026-04-03T03:23:18.232+0600][75.531s][info][gc,stats    ]   CSR: VM Strong Roots               54 us, workers (us):  44,  10,   0, ---, ---, ---, 
[2026-04-03T03:23:18.232+0600][75.531s][info][gc,stats    ]   CSR: CLDG Roots                   434 us, workers (us): 434, ---, ---, ---, ---, ---, 
[2026-04-03T03:23:18.232+0600][75.531s][info][gc,stats    ] Concurrent Evacuation             37132 us
[2026-04-03T03:23:18.232+0600][75.531s][info][gc,stats    ] Pause Init Update Refs (G)          345 us
[2026-04-03T03:23:18.232+0600][75.531s][info][gc,stats    ] Pause Init Update Refs (N)          100 us
[2026-04-03T03:23:18.232+0600][75.531s][info][gc,stats    ]   Manage GCLABs                      22 us
[2026-04-03T03:23:18.232+0600][75.531s][info][gc,stats    ] Concurrent Update Refs           137805 us
[2026-04-03T03:23:18.232+0600][75.531s][info][gc,stats    ] Concurrent Update Thread Roots     1398 us
[2026-04-03T03:23:18.232+0600][75.531s][info][gc,stats    ] Pause Final Update Refs (G)         539 us
[2026-04-03T03:23:18.232+0600][75.531s][info][gc,stats    ] Pause Final Update Refs (N)         249 us
[2026-04-03T03:23:18.232+0600][75.531s][info][gc,stats    ]   Update Region States               51 us
[2026-04-03T03:23:18.232+0600][75.531s][info][gc,stats    ]   Trash Collection Set               31 us
[2026-04-03T03:23:18.232+0600][75.531s][info][gc,stats    ]   Rebuild Free Set                   51 us
[2026-04-03T03:23:18.232+0600][75.531s][info][gc,stats    ] Concurrent Cleanup                  469 us
[2026-04-03T03:23:18.232+0600][75.531s][info][gc,stats    ] Pacing                            11035 us
[2026-04-03T03:23:18.232+0600][75.531s][info][gc,stats    ] 
[2026-04-03T03:23:18.232+0600][75.531s][info][gc,stats    ] Allocation pacing accrued:
[2026-04-03T03:23:18.232+0600][75.531s][info][gc,stats    ]      11 of   982 ms (  1.1%): Executor task launch worker for task 0.0 in stage 28.0 (TID 42)
[2026-04-03T03:23:18.232+0600][75.531s][info][gc,stats    ]      11 of   982 ms (  1.1%): <total>
[2026-04-03T03:23:18.232+0600][75.531s][info][gc,stats    ]       0 of   982 ms (  0.0%): <average total>
[2026-04-03T03:23:18.232+0600][75.531s][info][gc,stats    ]      11 of   982 ms (  1.1%): <average non-zero>
[2026-04-03T03:23:18.232+0600][75.531s][info][gc,stats    ] 
[2026-04-03T03:23:18.232+0600][75.531s][info][gc,metaspace] Metaspace: 73273K(74112K)->73275K(74112K) NonClass: 63988K(64448K)->63991K(64448K) Class: 9284K(9664K)->9284K(9664K)
[2026-04-03T03:23:18.232+0600][75.531s][info][gc,ergo     ] Pacer for Idle. Initial: 20480K, Alloc Tax Rate: 1.0x
[2026-04-03T03:23:19.150+0600][76.449s][info][gc          ] Trigger: Average GC time (617.52 ms) is above the time for average allocation rate (531 MB/s) to deplete free headroom (327M) (margin of error = 1.78)
[2026-04-03T03:23:19.150+0600][76.449s][info][gc,ergo     ] Free headroom: 377M (free) - 51200K (spike) - 0B (penalties) = 327M
[2026-04-03T03:23:19.150+0600][76.449s][info][gc,ergo     ] Free: 377M, Max: 256K regular, 281M humongous, Frag: 26% external, 0% internal; Reserve: 51200K, Max: 256K
[2026-04-03T03:23:19.150+0600][76.449s][info][gc,start    ] GC(91) Concurrent reset
[2026-04-03T03:23:19.150+0600][76.449s][info][gc,task     ] GC(91) Using 3 of 6 workers for concurrent reset
[2026-04-03T03:23:19.150+0600][76.449s][info][gc,ergo     ] GC(91) Pacer for Reset. Non-Taxable: 1000M
[2026-04-03T03:23:19.153+0600][76.452s][info][gc          ] GC(91) Concurrent reset 2.688ms
[2026-04-03T03:23:19.153+0600][76.452s][info][gc,start    ] GC(91) Pause Init Mark (unload classes)
[2026-04-03T03:23:19.153+0600][76.452s][info][gc,task     ] GC(91) Using 6 of 6 workers for init marking
[2026-04-03T03:23:19.154+0600][76.452s][info][gc,ergo     ] GC(91) Pacer for Mark. Expected Live: 214M, Free: 373M, Non-Taxable: 38290K, Alloc Tax Rate: 0.7x
[2026-04-03T03:23:19.154+0600][76.452s][info][gc          ] GC(91) Pause Init Mark (unload classes) 0.315ms
[2026-04-03T03:23:19.154+0600][76.452s][info][gc,start    ] GC(91) Concurrent marking roots
[2026-04-03T03:23:19.154+0600][76.452s][info][gc,task     ] GC(91) Using 3 of 6 workers for concurrent marking roots
[2026-04-03T03:23:19.155+0600][76.454s][info][gc          ] GC(91) Concurrent marking roots 1.414ms
[2026-04-03T03:23:19.155+0600][76.454s][info][gc,start    ] GC(91) Concurrent marking (unload classes)
[2026-04-03T03:23:19.155+0600][76.454s][info][gc,task     ] GC(91) Using 3 of 6 workers for concurrent marking
[2026-04-03T03:23:19.425+0600][76.724s][info][gc          ] GC(91) Concurrent marking (unload classes) 270.148ms
[2026-04-03T03:23:19.426+0600][76.725s][info][gc,start    ] GC(91) Pause Final Mark (unload classes)
[2026-04-03T03:23:19.426+0600][76.725s][info][gc,task     ] GC(91) Using 6 of 6 workers for final marking
[2026-04-03T03:23:19.426+0600][76.725s][info][gc,ergo     ] GC(91) Adaptive CSet Selection. Target Free: 141M, Actual Free: 603M, Max CSet: 42666K, Min Garbage: 0B
[2026-04-03T03:23:19.427+0600][76.726s][info][gc,ergo     ] GC(91) Collectable Garbage: 381M (98%), Immediate: 260M (67%), CSet: 120M (31%)
[2026-04-03T03:23:19.427+0600][76.726s][info][gc,ergo     ] GC(91) Pacer for Evacuation. Used CSet: 145M, Free: 559M, Non-Taxable: 57313K, Alloc Tax Rate: 1.1x
[2026-04-03T03:23:19.427+0600][76.726s][info][gc          ] GC(91) Pause Final Mark (unload classes) 1.252ms
[2026-04-03T03:23:19.427+0600][76.726s][info][gc,start    ] GC(91) Concurrent thread roots
[2026-04-03T03:23:19.427+0600][76.726s][info][gc,task     ] GC(91) Using 3 of 6 workers for Concurrent thread roots
[2026-04-03T03:23:19.428+0600][76.727s][info][gc          ] GC(91) Concurrent thread roots 1.172ms
[2026-04-03T03:23:19.428+0600][76.727s][info][gc,start    ] GC(91) Concurrent weak references
[2026-04-03T03:23:19.428+0600][76.727s][info][gc,task     ] GC(91) Using 3 of 6 workers for concurrent weak references
[2026-04-03T03:23:19.429+0600][76.728s][info][gc,ref      ] GC(91) Encountered references: Soft: 3306, Weak: 6684, Final: 84, Phantom: 600
[2026-04-03T03:23:19.429+0600][76.728s][info][gc,ref      ] GC(91) Discovered  references: Soft: 0, Weak: 1021, Final: 0, Phantom: 597
[2026-04-03T03:23:19.429+0600][76.728s][info][gc,ref      ] GC(91) Enqueued    references: Soft: 0, Weak: 3, Final: 0, Phantom: 0
[2026-04-03T03:23:19.429+0600][76.728s][info][gc          ] GC(91) Concurrent weak references 0.611ms
[2026-04-03T03:23:19.429+0600][76.728s][info][gc,start    ] GC(91) Concurrent weak roots
[2026-04-03T03:23:19.429+0600][76.728s][info][gc,task     ] GC(91) Using 3 of 6 workers for concurrent weak root
[2026-04-03T03:23:19.433+0600][76.731s][info][gc          ] GC(91) Concurrent weak roots 3.651ms
[2026-04-03T03:23:19.433+0600][76.732s][info][gc,start    ] GC(91) Concurrent cleanup
[2026-04-03T03:23:19.433+0600][76.732s][info][gc          ] GC(91) Concurrent cleanup 647M->386M(792M) 0.673ms
[2026-04-03T03:23:19.434+0600][76.732s][info][gc,ergo     ] GC(91) Free: 557M, Max: 256K regular, 278M humongous, Frag: 51% external, 0% internal; Reserve: 50973K, Max: 256K
[2026-04-03T03:23:19.434+0600][76.732s][info][gc,start    ] GC(91) Concurrent class unloading
[2026-04-03T03:23:19.434+0600][76.732s][info][gc,task     ] GC(91) Using 3 of 6 workers for concurrent class unloading
[2026-04-03T03:23:19.444+0600][76.743s][info][gc          ] GC(91) Concurrent class unloading 10.494ms
[2026-04-03T03:23:19.444+0600][76.743s][info][gc,start    ] GC(91) Concurrent strong roots
[2026-04-03T03:23:19.444+0600][76.743s][info][gc,task     ] GC(91) Using 3 of 6 workers for concurrent strong root
[2026-04-03T03:23:19.446+0600][76.744s][info][gc          ] GC(91) Concurrent strong roots 1.354ms
[2026-04-03T03:23:19.446+0600][76.744s][info][gc,start    ] GC(91) Concurrent evacuation
[2026-04-03T03:23:19.446+0600][76.745s][info][gc,task     ] GC(91) Using 3 of 6 workers for concurrent evacuation
[2026-04-03T03:23:19.475+0600][76.774s][info][gc          ] GC(91) Concurrent evacuation 29.260ms
[2026-04-03T03:23:19.475+0600][76.774s][info][gc,start    ] GC(91) Pause Init Update Refs
[2026-04-03T03:23:19.476+0600][76.774s][info][gc,ergo     ] GC(91) Pacer for Update Refs. Used: 425M, Free: 542M, Non-Taxable: 55570K, Alloc Tax Rate: 1.1x
[2026-04-03T03:23:19.476+0600][76.774s][info][gc          ] GC(91) Pause Init Update Refs 0.197ms
[2026-04-03T03:23:19.476+0600][76.775s][info][gc,start    ] GC(91) Concurrent update references
[2026-04-03T03:23:19.476+0600][76.775s][info][gc,task     ] GC(91) Using 3 of 6 workers for concurrent reference update
[2026-04-03T03:23:19.634+0600][76.933s][info][gc          ] GC(91) Concurrent update references 158.317ms
[2026-04-03T03:23:19.634+0600][76.933s][info][gc,start    ] GC(91) Concurrent update thread roots
[2026-04-03T03:23:19.636+0600][76.934s][info][gc          ] GC(91) Concurrent update thread roots 1.319ms
[2026-04-03T03:23:19.636+0600][76.935s][info][gc,start    ] GC(91) Pause Final Update Refs
[2026-04-03T03:23:19.636+0600][76.935s][info][gc,task     ] GC(91) Using 6 of 6 workers for final reference update
[2026-04-03T03:23:19.636+0600][76.935s][info][gc          ] GC(91) Pause Final Update Refs 0.253ms
[2026-04-03T03:23:19.636+0600][76.935s][info][gc,start    ] GC(91) Concurrent cleanup
[2026-04-03T03:23:19.637+0600][76.935s][info][gc          ] GC(91) Concurrent cleanup 468M->322M(792M) 0.373ms
[2026-04-03T03:23:19.637+0600][76.936s][info][gc,ergo     ] Free: 619M, Max: 256K regular, 313M humongous, Frag: 50% external, 0% internal; Reserve: 51200K, Max: 256K
[2026-04-03T03:23:19.637+0600][76.936s][info][gc,stats    ] 
[2026-04-03T03:23:19.637+0600][76.936s][info][gc,stats    ] All times are wall-clock times, except per-root-class counters, that are sum over
[2026-04-03T03:23:19.637+0600][76.936s][info][gc,stats    ] all workers. Dividing the <total> over the root stage time estimates parallelism.
[2026-04-03T03:23:19.637+0600][76.936s][info][gc,stats    ] 
[2026-04-03T03:23:19.637+0600][76.936s][info][gc,stats    ] Concurrent Reset                   2784 us
[2026-04-03T03:23:19.637+0600][76.936s][info][gc,stats    ] Pause Init Mark (G)                 729 us
[2026-04-03T03:23:19.637+0600][76.936s][info][gc,stats    ] Pause Init Mark (N)                 332 us
[2026-04-03T03:23:19.637+0600][76.936s][info][gc,stats    ]   Update Region States               90 us
[2026-04-03T03:23:19.637+0600][76.936s][info][gc,stats    ] Concurrent Mark Roots              1487 us, parallelism: 1.83x
[2026-04-03T03:23:19.637+0600][76.936s][info][gc,stats    ]   CMR: <total>                     2718 us
[2026-04-03T03:23:19.637+0600][76.936s][info][gc,stats    ]   CMR: Thread Roots                2335 us, workers (us): 607, 872, 856, ---, ---, ---, 
[2026-04-03T03:23:19.637+0600][76.936s][info][gc,stats    ]   CMR: VM Strong Roots               56 us, workers (us):  47,   4,   4, ---, ---, ---, 
[2026-04-03T03:23:19.637+0600][76.936s][info][gc,stats    ]   CMR: CLDG Roots                   327 us, workers (us): 327, ---, ---, ---, ---, ---, 
[2026-04-03T03:23:19.637+0600][76.936s][info][gc,stats    ] Concurrent Marking               270277 us
[2026-04-03T03:23:19.637+0600][76.936s][info][gc,stats    ] Pause Final Mark (G)               1685 us
[2026-04-03T03:23:19.637+0600][76.936s][info][gc,stats    ] Pause Final Mark (N)               1266 us
[2026-04-03T03:23:19.637+0600][76.936s][info][gc,stats    ]   Finish Mark                       301 us
[2026-04-03T03:23:19.637+0600][76.936s][info][gc,stats    ]   Update Region States               97 us
[2026-04-03T03:23:19.637+0600][76.936s][info][gc,stats    ]   Choose Collection Set             515 us
[2026-04-03T03:23:19.637+0600][76.936s][info][gc,stats    ]   Rebuild Free Set                   75 us
[2026-04-03T03:23:19.637+0600][76.936s][info][gc,stats    ] Concurrent Thread Roots            1260 us, parallelism: 2.12x
[2026-04-03T03:23:19.637+0600][76.936s][info][gc,stats    ]   CTR: <total>                     2667 us
[2026-04-03T03:23:19.637+0600][76.936s][info][gc,stats    ]   CTR: Thread Roots                2667 us, workers (us): 916, 880, 871, ---, ---, ---, 
[2026-04-03T03:23:19.637+0600][76.936s][info][gc,stats    ] Concurrent Weak References          629 us, parallelism: 0.63x
[2026-04-03T03:23:19.637+0600][76.936s][info][gc,stats    ]   CWRF: <total>                     394 us
[2026-04-03T03:23:19.637+0600][76.936s][info][gc,stats    ]   CWRF: Weak References             394 us, workers (us): 101,  47, 245, ---, ---, ---, 
[2026-04-03T03:23:19.637+0600][76.936s][info][gc,stats    ] Concurrent Weak Roots              3805 us
[2026-04-03T03:23:19.637+0600][76.936s][info][gc,stats    ]   Roots                            3265 us, parallelism: 2.63x
[2026-04-03T03:23:19.637+0600][76.936s][info][gc,stats    ]     CWR: <total>                   8578 us
[2026-04-03T03:23:19.637+0600][76.936s][info][gc,stats    ]     CWR: Code Cache Roots          5898 us, workers (us): 1949, 2030, 1919, ---, ---, ---, 
[2026-04-03T03:23:19.637+0600][76.936s][info][gc,stats    ]     CWR: VM Weak Roots             2555 us, workers (us): 907, 860, 788, ---, ---, ---, 
[2026-04-03T03:23:19.637+0600][76.936s][info][gc,stats    ]     CWR: CLDG Roots                 125 us, workers (us): ---, ---, 125, ---, ---, ---, 
[2026-04-03T03:23:19.637+0600][76.936s][info][gc,stats    ]   Rendezvous                        349 us
[2026-04-03T03:23:19.637+0600][76.936s][info][gc,stats    ] Concurrent Cleanup                  730 us
[2026-04-03T03:23:19.637+0600][76.936s][info][gc,stats    ] Concurrent Class Unloading        10624 us
[2026-04-03T03:23:19.637+0600][76.936s][info][gc,stats    ]   Unlink Stale                     9707 us
[2026-04-03T03:23:19.637+0600][76.936s][info][gc,stats    ]     System Dictionary               240 us
[2026-04-03T03:23:19.637+0600][76.936s][info][gc,stats    ]     Weak Class Links                  0 us
[2026-04-03T03:23:19.637+0600][76.936s][info][gc,stats    ]     Code Roots                     9459 us
[2026-04-03T03:23:19.637+0600][76.936s][info][gc,stats    ]   Rendezvous                        510 us
[2026-04-03T03:23:19.637+0600][76.936s][info][gc,stats    ]   Purge Unlinked                    219 us
[2026-04-03T03:23:19.637+0600][76.936s][info][gc,stats    ]     Code Roots                      205 us
[2026-04-03T03:23:19.637+0600][76.936s][info][gc,stats    ]     CLDG                             14 us
[2026-04-03T03:23:19.637+0600][76.936s][info][gc,stats    ]     Exception Caches                  0 us
[2026-04-03T03:23:19.637+0600][76.936s][info][gc,stats    ] Concurrent Strong Roots            1449 us, parallelism: 0.56x
[2026-04-03T03:23:19.637+0600][76.936s][info][gc,stats    ]   CSR: <total>                      809 us
[2026-04-03T03:23:19.637+0600][76.936s][info][gc,stats    ]   CSR: VM Strong Roots               74 us, workers (us):  44,  28,   2, ---, ---, ---, 
[2026-04-03T03:23:19.637+0600][76.936s][info][gc,stats    ]   CSR: CLDG Roots                   736 us, workers (us): 736, ---, ---, ---, ---, ---, 
[2026-04-03T03:23:19.637+0600][76.936s][info][gc,stats    ] Concurrent Evacuation             29376 us
[2026-04-03T03:23:19.637+0600][76.936s][info][gc,stats    ] Pause Init Update Refs (G)          744 us
[2026-04-03T03:23:19.637+0600][76.936s][info][gc,stats    ] Pause Init Update Refs (N)          212 us
[2026-04-03T03:23:19.637+0600][76.936s][info][gc,stats    ]   Manage GCLABs                      57 us
[2026-04-03T03:23:19.637+0600][76.936s][info][gc,stats    ] Concurrent Update Refs           158411 us
[2026-04-03T03:23:19.637+0600][76.936s][info][gc,stats    ] Concurrent Update Thread Roots     1382 us
[2026-04-03T03:23:19.637+0600][76.936s][info][gc,stats    ] Pause Final Update Refs (G)         683 us
[2026-04-03T03:23:19.637+0600][76.936s][info][gc,stats    ] Pause Final Update Refs (N)         271 us
[2026-04-03T03:23:19.637+0600][76.936s][info][gc,stats    ]   Update Region States               86 us
[2026-04-03T03:23:19.637+0600][76.936s][info][gc,stats    ]   Trash Collection Set               19 us
[2026-04-03T03:23:19.637+0600][76.936s][info][gc,stats    ]   Rebuild Free Set                   62 us
[2026-04-03T03:23:19.637+0600][76.936s][info][gc,stats    ] Concurrent Cleanup                  399 us
[2026-04-03T03:23:19.637+0600][76.936s][info][gc,stats    ] Pacing                           252206 us
[2026-04-03T03:23:19.637+0600][76.936s][info][gc,stats    ] 
[2026-04-03T03:23:19.637+0600][76.936s][info][gc,stats    ] Allocation pacing accrued:
[2026-04-03T03:23:19.637+0600][76.936s][info][gc,stats    ]      78 of  1405 ms (  5.6%): Executor task launch worker for task 1.0 in stage 33.0 (TID 49)
[2026-04-03T03:23:19.638+0600][76.936s][info][gc,stats    ]      88 of  1405 ms (  6.3%): Executor task launch worker for task 0.0 in stage 33.0 (TID 48)
[2026-04-03T03:23:19.638+0600][76.936s][info][gc,stats    ]      86 of  1405 ms (  6.1%): Executor task launch worker for task 2.0 in stage 33.0 (TID 50)
[2026-04-03T03:23:19.638+0600][76.936s][info][gc,stats    ]     252 of  1405 ms ( 17.9%): <total>
[2026-04-03T03:23:19.638+0600][76.936s][info][gc,stats    ]       1 of  1405 ms (  0.1%): <average total>
[2026-04-03T03:23:19.638+0600][76.936s][info][gc,stats    ]      84 of  1405 ms (  6.0%): <average non-zero>
[2026-04-03T03:23:19.638+0600][76.936s][info][gc,stats    ] 
[2026-04-03T03:23:19.638+0600][76.936s][info][gc,metaspace] Metaspace: 73300K(74176K)->73410K(74240K) NonClass: 64013K(64512K)->64116K(64576K) Class: 9286K(9664K)->9294K(9664K)
[2026-04-03T03:23:19.638+0600][76.936s][info][gc,ergo     ] Pacer for Idle. Initial: 20480K, Alloc Tax Rate: 1.0x
[2026-04-03T03:23:19.941+0600][77.239s][info][gc          ] Trigger: Average GC time (577.58 ms) is above the time for average allocation rate (664 MB/s) to deplete free headroom (378M) (margin of error = 1.77)
[2026-04-03T03:23:19.941+0600][77.240s][info][gc,ergo     ] Free headroom: 428M (free) - 51200K (spike) - 0B (penalties) = 378M
[2026-04-03T03:23:19.941+0600][77.240s][info][gc,ergo     ] Free: 428M, Max: 256K regular, 313M humongous, Frag: 27% external, 0% internal; Reserve: 51200K, Max: 256K
[2026-04-03T03:23:19.941+0600][77.240s][info][gc,start    ] GC(92) Concurrent reset
[2026-04-03T03:23:19.941+0600][77.240s][info][gc,task     ] GC(92) Using 3 of 6 workers for concurrent reset
[2026-04-03T03:23:19.941+0600][77.240s][info][gc,ergo     ] GC(92) Pacer for Reset. Non-Taxable: 1000M
[2026-04-03T03:23:19.942+0600][77.241s][info][gc          ] GC(92) Concurrent reset 1.207ms
[2026-04-03T03:23:19.942+0600][77.241s][info][gc,start    ] GC(92) Pause Init Mark (unload classes)
[2026-04-03T03:23:19.942+0600][77.241s][info][gc,task     ] GC(92) Using 6 of 6 workers for init marking
[2026-04-03T03:23:19.942+0600][77.241s][info][gc,ergo     ] GC(92) Pacer for Mark. Expected Live: 206M, Free: 427M, Non-Taxable: 43795K, Alloc Tax Rate: 0.6x
[2026-04-03T03:23:19.942+0600][77.241s][info][gc          ] GC(92) Pause Init Mark (unload classes) 0.151ms
[2026-04-03T03:23:19.943+0600][77.241s][info][gc,start    ] GC(92) Concurrent marking roots
[2026-04-03T03:23:19.943+0600][77.241s][info][gc,task     ] GC(92) Using 3 of 6 workers for concurrent marking roots
[2026-04-03T03:23:19.943+0600][77.242s][info][gc          ] GC(92) Concurrent marking roots 0.936ms
[2026-04-03T03:23:19.944+0600][77.242s][info][gc,start    ] GC(92) Concurrent marking (unload classes)
[2026-04-03T03:23:19.944+0600][77.242s][info][gc,task     ] GC(92) Using 3 of 6 workers for concurrent marking
[2026-04-03T03:23:20.170+0600][77.469s][info][gc          ] GC(92) Concurrent marking (unload classes) 226.158ms
[2026-04-03T03:23:20.170+0600][77.469s][info][gc,start    ] GC(92) Pause Final Mark (unload classes)
[2026-04-03T03:23:20.170+0600][77.469s][info][gc,task     ] GC(92) Using 6 of 6 workers for final marking
[2026-04-03T03:23:20.170+0600][77.469s][info][gc,ergo     ] GC(92) Adaptive CSet Selection. Target Free: 141M, Actual Free: 728M, Max CSet: 42666K, Min Garbage: 0B
[2026-04-03T03:23:20.171+0600][77.470s][info][gc,ergo     ] GC(92) Collectable Garbage: 353M (98%), Immediate: 311M (86%), CSet: 42786K (11%)
[2026-04-03T03:23:20.171+0600][77.470s][info][gc,ergo     ] GC(92) Pacer for Evacuation. Used CSet: 48330K, Free: 688M, Non-Taxable: 70469K, Alloc Tax Rate: 1.1x
[2026-04-03T03:23:20.171+0600][77.470s][info][gc          ] GC(92) Pause Final Mark (unload classes) 0.929ms
[2026-04-03T03:23:20.171+0600][77.470s][info][gc,start    ] GC(92) Concurrent thread roots
[2026-04-03T03:23:20.171+0600][77.470s][info][gc,task     ] GC(92) Using 3 of 6 workers for Concurrent thread roots
[2026-04-03T03:23:20.172+0600][77.471s][info][gc          ] GC(92) Concurrent thread roots 0.831ms
[2026-04-03T03:23:20.172+0600][77.471s][info][gc,start    ] GC(92) Concurrent weak references
[2026-04-03T03:23:20.172+0600][77.471s][info][gc,task     ] GC(92) Using 3 of 6 workers for concurrent weak references
[2026-04-03T03:23:20.172+0600][77.471s][info][gc,ref      ] GC(92) Encountered references: Soft: 3355, Weak: 6924, Final: 84, Phantom: 603
[2026-04-03T03:23:20.172+0600][77.471s][info][gc,ref      ] GC(92) Discovered  references: Soft: 0, Weak: 1055, Final: 0, Phantom: 600
[2026-04-03T03:23:20.172+0600][77.471s][info][gc,ref      ] GC(92) Enqueued    references: Soft: 0, Weak: 380, Final: 0, Phantom: 0
[2026-04-03T03:23:20.172+0600][77.471s][info][gc          ] GC(92) Concurrent weak references 0.405ms
[2026-04-03T03:23:20.172+0600][77.471s][info][gc,start    ] GC(92) Concurrent weak roots
[2026-04-03T03:23:20.172+0600][77.471s][info][gc,task     ] GC(92) Using 3 of 6 workers for concurrent weak root
[2026-04-03T03:23:20.175+0600][77.474s][info][gc          ] GC(92) Concurrent weak roots 2.582ms
[2026-04-03T03:23:20.175+0600][77.474s][info][gc,start    ] GC(92) Concurrent cleanup
[2026-04-03T03:23:20.175+0600][77.474s][info][gc          ] GC(92) Concurrent cleanup 570M->259M(792M) 0.540ms
[2026-04-03T03:23:20.176+0600][77.474s][info][gc,ergo     ] GC(92) Free: 686M, Max: 256K regular, 313M humongous, Frag: 55% external, 0% internal; Reserve: 51018K, Max: 256K
[2026-04-03T03:23:20.176+0600][77.474s][info][gc,start    ] GC(92) Concurrent class unloading
[2026-04-03T03:23:20.176+0600][77.474s][info][gc,task     ] GC(92) Using 3 of 6 workers for concurrent class unloading
[2026-04-03T03:23:20.206+0600][77.505s][info][gc          ] GC(92) Concurrent class unloading 30.150ms
[2026-04-03T03:23:20.206+0600][77.505s][info][gc,start    ] GC(92) Concurrent strong roots
[2026-04-03T03:23:20.206+0600][77.505s][info][gc,task     ] GC(92) Using 3 of 6 workers for concurrent strong root
[2026-04-03T03:23:20.207+0600][77.506s][info][gc          ] GC(92) Concurrent strong roots 1.020ms
[2026-04-03T03:23:20.207+0600][77.506s][info][gc,start    ] GC(92) Concurrent evacuation
[2026-04-03T03:23:20.207+0600][77.506s][info][gc,task     ] GC(92) Using 3 of 6 workers for concurrent evacuation
[2026-04-03T03:23:20.213+0600][77.511s][info][gc          ] GC(92) Concurrent evacuation 5.600ms
[2026-04-03T03:23:20.213+0600][77.512s][info][gc,start    ] GC(92) Pause Init Update Refs
[2026-04-03T03:23:20.213+0600][77.512s][info][gc,ergo     ] GC(92) Pacer for Update Refs. Used: 276M, Free: 675M, Non-Taxable: 69189K, Alloc Tax Rate: 1.1x
[2026-04-03T03:23:20.213+0600][77.512s][info][gc          ] GC(92) Pause Init Update Refs 0.257ms
[2026-04-03T03:23:20.214+0600][77.512s][info][gc,start    ] GC(92) Concurrent update references
[2026-04-03T03:23:20.214+0600][77.512s][info][gc,task     ] GC(92) Using 3 of 6 workers for concurrent reference update
[2026-04-03T03:23:20.327+0600][77.626s][info][gc          ] GC(92) Concurrent update references 113.940ms
[2026-04-03T03:23:20.328+0600][77.626s][info][gc,start    ] GC(92) Concurrent update thread roots
[2026-04-03T03:23:20.329+0600][77.628s][info][gc          ] GC(92) Concurrent update thread roots 1.300ms
[2026-04-03T03:23:20.329+0600][77.628s][info][gc,start    ] GC(92) Pause Final Update Refs
[2026-04-03T03:23:20.329+0600][77.628s][info][gc,task     ] GC(92) Using 6 of 6 workers for final reference update
[2026-04-03T03:23:20.330+0600][77.628s][info][gc          ] GC(92) Pause Final Update Refs 0.300ms
[2026-04-03T03:23:20.330+0600][77.629s][info][gc,start    ] GC(92) Concurrent cleanup
[2026-04-03T03:23:20.330+0600][77.629s][info][gc          ] GC(92) Concurrent cleanup 318M->271M(792M) 0.337ms
[2026-04-03T03:23:20.330+0600][77.629s][info][gc,ergo     ] Free: 673M, Max: 256K regular, 377M humongous, Frag: 44% external, 0% internal; Reserve: 51200K, Max: 256K
[2026-04-03T03:23:20.330+0600][77.629s][info][gc,stats    ] 
[2026-04-03T03:23:20.330+0600][77.629s][info][gc,stats    ] All times are wall-clock times, except per-root-class counters, that are sum over
[2026-04-03T03:23:20.330+0600][77.629s][info][gc,stats    ] all workers. Dividing the <total> over the root stage time estimates parallelism.
[2026-04-03T03:23:20.330+0600][77.629s][info][gc,stats    ] 
[2026-04-03T03:23:20.330+0600][77.629s][info][gc,stats    ] Concurrent Reset                   1266 us
[2026-04-03T03:23:20.330+0600][77.629s][info][gc,stats    ] Pause Init Mark (G)                 478 us
[2026-04-03T03:23:20.330+0600][77.629s][info][gc,stats    ] Pause Init Mark (N)                 161 us
[2026-04-03T03:23:20.330+0600][77.629s][info][gc,stats    ]   Update Region States               49 us
[2026-04-03T03:23:20.330+0600][77.629s][info][gc,stats    ] Concurrent Mark Roots               969 us, parallelism: 1.81x
[2026-04-03T03:23:20.330+0600][77.629s][info][gc,stats    ]   CMR: <total>                     1751 us
[2026-04-03T03:23:20.330+0600][77.629s][info][gc,stats    ]   CMR: Thread Roots                1426 us, workers (us): 306, 566, 554, ---, ---, ---, 
[2026-04-03T03:23:20.330+0600][77.629s][info][gc,stats    ]   CMR: VM Strong Roots               59 us, workers (us):  29,  29,   1, ---, ---, ---, 
[2026-04-03T03:23:20.330+0600][77.629s][info][gc,stats    ]   CMR: CLDG Roots                   267 us, workers (us): 267, ---, ---, ---, ---, ---, 
[2026-04-03T03:23:20.330+0600][77.629s][info][gc,stats    ] Concurrent Marking               226266 us
[2026-04-03T03:23:20.330+0600][77.629s][info][gc,stats    ] Pause Final Mark (G)               1170 us
[2026-04-03T03:23:20.330+0600][77.629s][info][gc,stats    ] Pause Final Mark (N)                945 us
[2026-04-03T03:23:20.330+0600][77.629s][info][gc,stats    ]   Finish Mark                       330 us
[2026-04-03T03:23:20.330+0600][77.629s][info][gc,stats    ]   Update Region States               60 us
[2026-04-03T03:23:20.330+0600][77.629s][info][gc,stats    ]   Choose Collection Set             361 us
[2026-04-03T03:23:20.331+0600][77.629s][info][gc,stats    ]   Rebuild Free Set                   60 us
[2026-04-03T03:23:20.331+0600][77.629s][info][gc,stats    ] Concurrent Thread Roots             878 us, parallelism: 2.14x
[2026-04-03T03:23:20.331+0600][77.629s][info][gc,stats    ]   CTR: <total>                     1877 us
[2026-04-03T03:23:20.331+0600][77.629s][info][gc,stats    ]   CTR: Thread Roots                1877 us, workers (us): 660, 629, 588, ---, ---, ---, 
[2026-04-03T03:23:20.331+0600][77.629s][info][gc,stats    ] Concurrent Weak References          419 us, parallelism: 0.72x
[2026-04-03T03:23:20.331+0600][77.629s][info][gc,stats    ]   CWRF: <total>                     303 us
[2026-04-03T03:23:20.331+0600][77.629s][info][gc,stats    ]   CWRF: Weak References             303 us, workers (us): 132,  85,  86, ---, ---, ---, 
[2026-04-03T03:23:20.331+0600][77.629s][info][gc,stats    ] Concurrent Weak Roots              2666 us
[2026-04-03T03:23:20.331+0600][77.629s][info][gc,stats    ]   Roots                            2248 us, parallelism: 2.55x
[2026-04-03T03:23:20.331+0600][77.629s][info][gc,stats    ]     CWR: <total>                   5730 us
[2026-04-03T03:23:20.331+0600][77.629s][info][gc,stats    ]     CWR: Code Cache Roots          4039 us, workers (us): 1414, 1358, 1267, ---, ---, ---, 
[2026-04-03T03:23:20.331+0600][77.629s][info][gc,stats    ]     CWR: VM Weak Roots             1620 us, workers (us): 573, 551, 496, ---, ---, ---, 
[2026-04-03T03:23:20.331+0600][77.629s][info][gc,stats    ]     CWR: CLDG Roots                  71 us, workers (us): ---, ---,  71, ---, ---, ---, 
[2026-04-03T03:23:20.331+0600][77.629s][info][gc,stats    ]   Rendezvous                        300 us
[2026-04-03T03:23:20.331+0600][77.629s][info][gc,stats    ] Concurrent Cleanup                  578 us
[2026-04-03T03:23:20.331+0600][77.629s][info][gc,stats    ] Concurrent Class Unloading        30266 us
[2026-04-03T03:23:20.331+0600][77.630s][info][gc,stats    ]   Unlink Stale                    28921 us
[2026-04-03T03:23:20.331+0600][77.630s][info][gc,stats    ]     System Dictionary               396 us
[2026-04-03T03:23:20.331+0600][77.630s][info][gc,stats    ]     Weak Class Links              19405 us
[2026-04-03T03:23:20.331+0600][77.630s][info][gc,stats    ]     Code Roots                     9112 us
[2026-04-03T03:23:20.331+0600][77.630s][info][gc,stats    ]   Rendezvous                        476 us
[2026-04-03T03:23:20.331+0600][77.630s][info][gc,stats    ]   Purge Unlinked                    712 us
[2026-04-03T03:23:20.331+0600][77.630s][info][gc,stats    ]     Code Roots                      627 us
[2026-04-03T03:23:20.331+0600][77.630s][info][gc,stats    ]     CLDG                             84 us
[2026-04-03T03:23:20.331+0600][77.630s][info][gc,stats    ]     Exception Caches                  0 us
[2026-04-03T03:23:20.331+0600][77.630s][info][gc,stats    ] Concurrent Strong Roots            1080 us, parallelism: 0.55x
[2026-04-03T03:23:20.331+0600][77.630s][info][gc,stats    ]   CSR: <total>                      589 us
[2026-04-03T03:23:20.331+0600][77.630s][info][gc,stats    ]   CSR: VM Strong Roots               47 us, workers (us):  33,  13,   0, ---, ---, ---, 
[2026-04-03T03:23:20.331+0600][77.630s][info][gc,stats    ]   CSR: CLDG Roots                   542 us, workers (us): ---, 542, ---, ---, ---, ---, 
[2026-04-03T03:23:20.331+0600][77.630s][info][gc,stats    ] Concurrent Evacuation              5714 us
[2026-04-03T03:23:20.331+0600][77.630s][info][gc,stats    ] Pause Init Update Refs (G)          851 us
[2026-04-03T03:23:20.331+0600][77.630s][info][gc,stats    ] Pause Init Update Refs (N)          277 us
[2026-04-03T03:23:20.331+0600][77.630s][info][gc,stats    ]   Manage GCLABs                      78 us
[2026-04-03T03:23:20.331+0600][77.630s][info][gc,stats    ] Concurrent Update Refs           114071 us
[2026-04-03T03:23:20.331+0600][77.630s][info][gc,stats    ] Concurrent Update Thread Roots     1443 us
[2026-04-03T03:23:20.331+0600][77.630s][info][gc,stats    ] Pause Final Update Refs (G)         712 us
[2026-04-03T03:23:20.331+0600][77.630s][info][gc,stats    ] Pause Final Update Refs (N)         318 us
[2026-04-03T03:23:20.331+0600][77.630s][info][gc,stats    ]   Update Region States               79 us
[2026-04-03T03:23:20.331+0600][77.630s][info][gc,stats    ]   Trash Collection Set               12 us
[2026-04-03T03:23:20.331+0600][77.630s][info][gc,stats    ]   Rebuild Free Set                   60 us
[2026-04-03T03:23:20.331+0600][77.630s][info][gc,stats    ] Concurrent Cleanup                  366 us
[2026-04-03T03:23:20.331+0600][77.630s][info][gc,stats    ] Pacing                            64236 us
[2026-04-03T03:23:20.331+0600][77.630s][info][gc,stats    ] 
[2026-04-03T03:23:20.331+0600][77.630s][info][gc,stats    ] Allocation pacing accrued:
[2026-04-03T03:23:20.331+0600][77.630s][info][gc,stats    ]      21 of   694 ms (  3.1%): Executor task launch worker for task 2.0 in stage 37.0 (TID 53)
[2026-04-03T03:23:20.331+0600][77.630s][info][gc,stats    ]      21 of   694 ms (  3.1%): Executor task launch worker for task 1.0 in stage 37.0 (TID 52)
[2026-04-03T03:23:20.331+0600][77.630s][info][gc,stats    ]      22 of   694 ms (  3.1%): Executor task launch worker for task 0.0 in stage 37.0 (TID 51)
[2026-04-03T03:23:20.331+0600][77.630s][info][gc,stats    ]      64 of   694 ms (  9.3%): <total>
[2026-04-03T03:23:20.331+0600][77.630s][info][gc,stats    ]       0 of   694 ms (  0.0%): <average total>
[2026-04-03T03:23:20.331+0600][77.630s][info][gc,stats    ]      21 of   694 ms (  3.1%): <average non-zero>
[2026-04-03T03:23:20.331+0600][77.630s][info][gc,stats    ] 
[2026-04-03T03:23:20.331+0600][77.630s][info][gc,metaspace] Metaspace: 73453K(74304K)->73451K(74304K) NonClass: 64158K(64640K)->64157K(64640K) Class: 9295K(9664K)->9293K(9664K)
[2026-04-03T03:23:20.331+0600][77.630s][info][gc,ergo     ] Pacer for Idle. Initial: 20480K, Alloc Tax Rate: 1.0x
[2026-04-03T03:23:20.836+0600][78.135s][info][gc          ] Trigger: Average GC time (546.99 ms) is above the time for average allocation rate (1014 MB/s) to deplete free headroom (304M) (margin of error = 1.75)
[2026-04-03T03:23:20.836+0600][78.135s][info][gc,ergo     ] Free headroom: 354M (free) - 51200K (spike) - 0B (penalties) = 304M
[2026-04-03T03:23:20.837+0600][78.135s][info][gc,ergo     ] Free: 353M, Max: 256K regular, 332M humongous, Frag: 7% external, 0% internal; Reserve: 51200K, Max: 256K
[2026-04-03T03:23:20.837+0600][78.135s][info][gc,start    ] GC(93) Concurrent reset
[2026-04-03T03:23:20.837+0600][78.135s][info][gc,task     ] GC(93) Using 3 of 6 workers for concurrent reset
[2026-04-03T03:23:20.837+0600][78.135s][info][gc,ergo     ] GC(93) Pacer for Reset. Non-Taxable: 1000M
[2026-04-03T03:23:20.838+0600][78.136s][info][gc          ] GC(93) Concurrent reset 0.955ms
[2026-04-03T03:23:20.838+0600][78.137s][info][gc,start    ] GC(93) Pause Init Mark (unload classes)
[2026-04-03T03:23:20.838+0600][78.137s][info][gc,task     ] GC(93) Using 6 of 6 workers for init marking
[2026-04-03T03:23:20.838+0600][78.137s][info][gc,ergo     ] GC(93) Pacer for Mark. Expected Live: 195M, Free: 352M, Non-Taxable: 36088K, Alloc Tax Rate: 0.7x
[2026-04-03T03:23:20.838+0600][78.137s][info][gc          ] GC(93) Pause Init Mark (unload classes) 0.145ms
[2026-04-03T03:23:20.838+0600][78.137s][info][gc,start    ] GC(93) Concurrent marking roots
[2026-04-03T03:23:20.838+0600][78.137s][info][gc,task     ] GC(93) Using 3 of 6 workers for concurrent marking roots
[2026-04-03T03:23:20.839+0600][78.138s][info][gc          ] GC(93) Concurrent marking roots 0.962ms
[2026-04-03T03:23:20.839+0600][78.138s][info][gc,start    ] GC(93) Concurrent marking (unload classes)
[2026-04-03T03:23:20.839+0600][78.138s][info][gc,task     ] GC(93) Using 3 of 6 workers for concurrent marking
[2026-04-03T03:23:21.004+0600][78.303s][info][gc          ] GC(93) Concurrent marking (unload classes) 165.435ms
[2026-04-03T03:23:21.005+0600][78.303s][info][gc,start    ] GC(93) Pause Final Mark (unload classes)
[2026-04-03T03:23:21.005+0600][78.304s][info][gc,task     ] GC(93) Using 6 of 6 workers for final marking
[2026-04-03T03:23:21.005+0600][78.304s][info][gc,ergo     ] GC(93) Adaptive CSet Selection. Target Free: 141M, Actual Free: 606M, Max CSet: 42666K, Min Garbage: 0B
[2026-04-03T03:23:21.006+0600][78.304s][info][gc,ergo     ] GC(93) Collectable Garbage: 418M (98%), Immediate: 260M (61%), CSet: 158M (37%)
[2026-04-03T03:23:21.006+0600][78.305s][info][gc,ergo     ] GC(93) Pacer for Evacuation. Used CSet: 178M, Free: 561M, Non-Taxable: 57516K, Alloc Tax Rate: 1.1x
[2026-04-03T03:23:21.006+0600][78.305s][info][gc          ] GC(93) Pause Final Mark (unload classes) 1.050ms
[2026-04-03T03:23:21.006+0600][78.305s][info][gc,start    ] GC(93) Concurrent thread roots
[2026-04-03T03:23:21.006+0600][78.305s][info][gc,task     ] GC(93) Using 3 of 6 workers for Concurrent thread roots
[2026-04-03T03:23:21.007+0600][78.305s][info][gc          ] GC(93) Concurrent thread roots 0.808ms
[2026-04-03T03:23:21.007+0600][78.306s][info][gc,start    ] GC(93) Concurrent weak references
[2026-04-03T03:23:21.007+0600][78.306s][info][gc,task     ] GC(93) Using 3 of 6 workers for concurrent weak references
[2026-04-03T03:23:21.008+0600][78.306s][info][gc,ref      ] GC(93) Encountered references: Soft: 3355, Weak: 6637, Final: 84, Phantom: 603
[2026-04-03T03:23:21.008+0600][78.306s][info][gc,ref      ] GC(93) Discovered  references: Soft: 0, Weak: 4577, Final: 52, Phantom: 600
[2026-04-03T03:23:21.008+0600][78.306s][info][gc,ref      ] GC(93) Enqueued    references: Soft: 0, Weak: 95, Final: 0, Phantom: 0
[2026-04-03T03:23:21.008+0600][78.306s][info][gc          ] GC(93) Concurrent weak references 0.893ms
[2026-04-03T03:23:21.008+0600][78.306s][info][gc,start    ] GC(93) Concurrent weak roots
[2026-04-03T03:23:21.008+0600][78.306s][info][gc,task     ] GC(93) Using 3 of 6 workers for concurrent weak root
[2026-04-03T03:23:21.010+0600][78.309s][info][gc          ] GC(93) Concurrent weak roots 2.746ms
[2026-04-03T03:23:21.010+0600][78.309s][info][gc,start    ] GC(93) Concurrent cleanup
[2026-04-03T03:23:21.011+0600][78.310s][info][gc          ] GC(93) Concurrent cleanup 649M->389M(792M) 0.518ms
[2026-04-03T03:23:21.011+0600][78.310s][info][gc,ergo     ] GC(93) Free: 557M, Max: 256K regular, 271M humongous, Frag: 52% external, 0% internal; Reserve: 50953K, Max: 256K
[2026-04-03T03:23:21.011+0600][78.310s][info][gc,start    ] GC(93) Concurrent class unloading
[2026-04-03T03:23:21.011+0600][78.310s][info][gc,task     ] GC(93) Using 3 of 6 workers for concurrent class unloading
[2026-04-03T03:23:21.019+0600][78.317s][info][gc          ] GC(93) Concurrent class unloading 7.511ms
[2026-04-03T03:23:21.019+0600][78.318s][info][gc,start    ] GC(93) Concurrent strong roots
[2026-04-03T03:23:21.019+0600][78.318s][info][gc,task     ] GC(93) Using 3 of 6 workers for concurrent strong root
[2026-04-03T03:23:21.020+0600][78.318s][info][gc          ] GC(93) Concurrent strong roots 0.814ms
[2026-04-03T03:23:21.020+0600][78.318s][info][gc,start    ] GC(93) Concurrent evacuation
[2026-04-03T03:23:21.020+0600][78.318s][info][gc,task     ] GC(93) Using 3 of 6 workers for concurrent evacuation
[2026-04-03T03:23:21.037+0600][78.335s][info][gc          ] GC(93) Concurrent evacuation 17.079ms
[2026-04-03T03:23:21.037+0600][78.336s][info][gc,start    ] GC(93) Pause Init Update Refs
[2026-04-03T03:23:21.037+0600][78.336s][info][gc,ergo     ] GC(93) Pacer for Update Refs. Used: 424M, Free: 542M, Non-Taxable: 55570K, Alloc Tax Rate: 1.1x
[2026-04-03T03:23:21.037+0600][78.336s][info][gc          ] GC(93) Pause Init Update Refs 0.100ms
[2026-04-03T03:23:21.037+0600][78.336s][info][gc,start    ] GC(93) Concurrent update references
[2026-04-03T03:23:21.037+0600][78.336s][info][gc,task     ] GC(93) Using 3 of 6 workers for concurrent reference update
[2026-04-03T03:23:21.152+0600][78.451s][info][gc          ] GC(93) Concurrent update references 115.215ms
[2026-04-03T03:23:21.152+0600][78.451s][info][gc,start    ] GC(93) Concurrent update thread roots
[2026-04-03T03:23:21.154+0600][78.452s][info][gc          ] GC(93) Concurrent update thread roots 1.205ms
[2026-04-03T03:23:21.154+0600][78.453s][info][gc,start    ] GC(93) Pause Final Update Refs
[2026-04-03T03:23:21.154+0600][78.453s][info][gc,task     ] GC(93) Using 6 of 6 workers for final reference update
[2026-04-03T03:23:21.154+0600][78.453s][info][gc          ] GC(93) Pause Final Update Refs 0.276ms
[2026-04-03T03:23:21.154+0600][78.453s][info][gc,start    ] GC(93) Concurrent cleanup
[2026-04-03T03:23:21.155+0600][78.453s][info][gc          ] GC(93) Concurrent cleanup 523M->345M(792M) 0.406ms
[2026-04-03T03:23:21.155+0600][78.454s][info][gc,ergo     ] Free: 600M, Max: 256K regular, 271M humongous, Frag: 55% external, 0% internal; Reserve: 51200K, Max: 256K
[2026-04-03T03:23:21.155+0600][78.454s][info][gc,stats    ] 
[2026-04-03T03:23:21.155+0600][78.454s][info][gc,stats    ] All times are wall-clock times, except per-root-class counters, that are sum over
[2026-04-03T03:23:21.155+0600][78.454s][info][gc,stats    ] all workers. Dividing the <total> over the root stage time estimates parallelism.
[2026-04-03T03:23:21.155+0600][78.454s][info][gc,stats    ] 
[2026-04-03T03:23:21.155+0600][78.454s][info][gc,stats    ] Concurrent Reset                   1005 us
[2026-04-03T03:23:21.155+0600][78.454s][info][gc,stats    ] Pause Init Mark (G)                 422 us
[2026-04-03T03:23:21.155+0600][78.454s][info][gc,stats    ] Pause Init Mark (N)                 153 us
[2026-04-03T03:23:21.155+0600][78.454s][info][gc,stats    ]   Update Region States               34 us
[2026-04-03T03:23:21.155+0600][78.454s][info][gc,stats    ] Concurrent Mark Roots              1007 us, parallelism: 1.60x
[2026-04-03T03:23:21.155+0600][78.454s][info][gc,stats    ]   CMR: <total>                     1608 us
[2026-04-03T03:23:21.155+0600][78.454s][info][gc,stats    ]   CMR: Thread Roots                1413 us, workers (us): 523, 529, 361, ---, ---, ---, 
[2026-04-03T03:23:21.155+0600][78.454s][info][gc,stats    ]   CMR: VM Strong Roots               37 us, workers (us):  26,   9,   2, ---, ---, ---, 
[2026-04-03T03:23:21.155+0600][78.454s][info][gc,stats    ]   CMR: CLDG Roots                   158 us, workers (us): ---, ---, 158, ---, ---, ---, 
[2026-04-03T03:23:21.155+0600][78.454s][info][gc,stats    ] Concurrent Marking               165519 us
[2026-04-03T03:23:21.155+0600][78.454s][info][gc,stats    ] Pause Final Mark (G)               1327 us
[2026-04-03T03:23:21.155+0600][78.454s][info][gc,stats    ] Pause Final Mark (N)               1062 us
[2026-04-03T03:23:21.155+0600][78.454s][info][gc,stats    ]   Finish Mark                       317 us
[2026-04-03T03:23:21.155+0600][78.454s][info][gc,stats    ]   Update Region States               60 us
[2026-04-03T03:23:21.155+0600][78.454s][info][gc,stats    ]   Choose Collection Set             398 us
[2026-04-03T03:23:21.155+0600][78.454s][info][gc,stats    ]   Rebuild Free Set                   56 us
[2026-04-03T03:23:21.155+0600][78.454s][info][gc,stats    ] Concurrent Thread Roots             869 us, parallelism: 1.94x
[2026-04-03T03:23:21.155+0600][78.454s][info][gc,stats    ]   CTR: <total>                     1689 us
[2026-04-03T03:23:21.155+0600][78.454s][info][gc,stats    ]   CTR: Thread Roots                1689 us, workers (us): 613, 558, 517, ---, ---, ---, 
[2026-04-03T03:23:21.155+0600][78.454s][info][gc,stats    ] Concurrent Weak References          908 us, parallelism: 0.84x
[2026-04-03T03:23:21.155+0600][78.454s][info][gc,stats    ]   CWRF: <total>                     759 us
[2026-04-03T03:23:21.155+0600][78.454s][info][gc,stats    ]   CWRF: Weak References             759 us, workers (us):  74,  61, 624, ---, ---, ---, 
[2026-04-03T03:23:21.155+0600][78.454s][info][gc,stats    ] Concurrent Weak Roots              2816 us
[2026-04-03T03:23:21.155+0600][78.454s][info][gc,stats    ]   Roots                            2488 us, parallelism: 2.62x
[2026-04-03T03:23:21.155+0600][78.454s][info][gc,stats    ]     CWR: <total>                   6512 us
[2026-04-03T03:23:21.155+0600][78.454s][info][gc,stats    ]     CWR: Code Cache Roots          4626 us, workers (us): 1571, 1473, 1583, ---, ---, ---, 
[2026-04-03T03:23:21.155+0600][78.454s][info][gc,stats    ]     CWR: VM Weak Roots             1795 us, workers (us): 637, 578, 580, ---, ---, ---, 
[2026-04-03T03:23:21.155+0600][78.454s][info][gc,stats    ]     CWR: CLDG Roots                  92 us, workers (us): ---,  92, ---, ---, ---, ---, 
[2026-04-03T03:23:21.155+0600][78.454s][info][gc,stats    ]   Rendezvous                        230 us
[2026-04-03T03:23:21.155+0600][78.454s][info][gc,stats    ] Concurrent Cleanup                  548 us
[2026-04-03T03:23:21.155+0600][78.454s][info][gc,stats    ] Concurrent Class Unloading         7654 us
[2026-04-03T03:23:21.155+0600][78.454s][info][gc,stats    ]   Unlink Stale                     6782 us
[2026-04-03T03:23:21.155+0600][78.454s][info][gc,stats    ]     System Dictionary               145 us
[2026-04-03T03:23:21.155+0600][78.454s][info][gc,stats    ]     Weak Class Links                  0 us
[2026-04-03T03:23:21.155+0600][78.454s][info][gc,stats    ]     Code Roots                     6632 us
[2026-04-03T03:23:21.155+0600][78.454s][info][gc,stats    ]   Rendezvous                        311 us
[2026-04-03T03:23:21.155+0600][78.454s][info][gc,stats    ]   Purge Unlinked                    380 us
[2026-04-03T03:23:21.155+0600][78.454s][info][gc,stats    ]     Code Roots                      369 us
[2026-04-03T03:23:21.155+0600][78.454s][info][gc,stats    ]     CLDG                             10 us
[2026-04-03T03:23:21.155+0600][78.454s][info][gc,stats    ]     Exception Caches                  0 us
[2026-04-03T03:23:21.155+0600][78.454s][info][gc,stats    ] Concurrent Strong Roots             850 us, parallelism: 0.59x
[2026-04-03T03:23:21.155+0600][78.454s][info][gc,stats    ]   CSR: <total>                      499 us
[2026-04-03T03:23:21.155+0600][78.454s][info][gc,stats    ]   CSR: VM Strong Roots               40 us, workers (us):  37,   1,   1, ---, ---, ---, 
[2026-04-03T03:23:21.155+0600][78.454s][info][gc,stats    ]   CSR: CLDG Roots                   459 us, workers (us): 459, ---, ---, ---, ---, ---, 
[2026-04-03T03:23:21.155+0600][78.454s][info][gc,stats    ] Concurrent Evacuation             17163 us
[2026-04-03T03:23:21.155+0600][78.454s][info][gc,stats    ] Pause Init Update Refs (G)          372 us
[2026-04-03T03:23:21.155+0600][78.454s][info][gc,stats    ] Pause Init Update Refs (N)          112 us
[2026-04-03T03:23:21.155+0600][78.454s][info][gc,stats    ]   Manage GCLABs                      17 us
[2026-04-03T03:23:21.155+0600][78.454s][info][gc,stats    ] Concurrent Update Refs           115308 us
[2026-04-03T03:23:21.155+0600][78.454s][info][gc,stats    ] Concurrent Update Thread Roots     1246 us
[2026-04-03T03:23:21.155+0600][78.454s][info][gc,stats    ] Pause Final Update Refs (G)         545 us
[2026-04-03T03:23:21.155+0600][78.454s][info][gc,stats    ] Pause Final Update Refs (N)         291 us
[2026-04-03T03:23:21.155+0600][78.454s][info][gc,stats    ]   Update Region States               69 us
[2026-04-03T03:23:21.155+0600][78.454s][info][gc,stats    ]   Trash Collection Set               18 us
[2026-04-03T03:23:21.155+0600][78.454s][info][gc,stats    ]   Rebuild Free Set                   53 us
[2026-04-03T03:23:21.155+0600][78.454s][info][gc,stats    ] Concurrent Cleanup                  436 us
[2026-04-03T03:23:21.155+0600][78.454s][info][gc,stats    ] Pacing                           361505 us
[2026-04-03T03:23:21.155+0600][78.454s][info][gc,stats    ] 
[2026-04-03T03:23:21.155+0600][78.454s][info][gc,stats    ] Allocation pacing accrued:
[2026-04-03T03:23:21.155+0600][78.454s][info][gc,stats    ]      10 of   824 ms (  1.2%): Spark Context Cleaner
[2026-04-03T03:23:21.155+0600][78.454s][info][gc,stats    ]     117 of   824 ms ( 14.1%): Executor task launch worker for task 1.0 in stage 38.0 (TID 55)
[2026-04-03T03:23:21.155+0600][78.454s][info][gc,stats    ]     116 of   824 ms ( 14.1%): Executor task launch worker for task 0.0 in stage 38.0 (TID 54)
[2026-04-03T03:23:21.155+0600][78.454s][info][gc,stats    ]     119 of   824 ms ( 14.4%): Executor task launch worker for task 2.0 in stage 38.0 (TID 56)
[2026-04-03T03:23:21.156+0600][78.454s][info][gc,stats    ]     362 of   824 ms ( 43.8%): <total>
[2026-04-03T03:23:21.156+0600][78.454s][info][gc,stats    ]       2 of   824 ms (  0.2%): <average total>
[2026-04-03T03:23:21.156+0600][78.454s][info][gc,stats    ]      90 of   824 ms ( 11.0%): <average non-zero>
[2026-04-03T03:23:21.156+0600][78.454s][info][gc,stats    ] 
[2026-04-03T03:23:21.156+0600][78.454s][info][gc,metaspace] Metaspace: 73475K(74304K)->73486K(74304K) NonClass: 64181K(64640K)->64192K(64640K) Class: 9293K(9664K)->9293K(9664K)
[2026-04-03T03:23:21.156+0600][78.454s][info][gc,ergo     ] Pacer for Idle. Initial: 20480K, Alloc Tax Rate: 1.0x
[2026-04-03T03:23:21.258+0600][78.556s][info][gc          ] Trigger: Average GC time (509.18 ms) is above the time for average allocation rate (1006 MB/s) to deplete free headroom (425M) (margin of error = 1.75)
[2026-04-03T03:23:21.258+0600][78.557s][info][gc,ergo     ] Free headroom: 475M (free) - 51200K (spike) - 0B (penalties) = 425M
[2026-04-03T03:23:21.258+0600][78.557s][info][gc,ergo     ] Free: 475M, Max: 256K regular, 271M humongous, Frag: 43% external, 0% internal; Reserve: 51200K, Max: 256K
[2026-04-03T03:23:21.258+0600][78.557s][info][gc,start    ] GC(94) Concurrent reset
[2026-04-03T03:23:21.258+0600][78.557s][info][gc,task     ] GC(94) Using 3 of 6 workers for concurrent reset
[2026-04-03T03:23:21.258+0600][78.557s][info][gc,ergo     ] GC(94) Pacer for Reset. Non-Taxable: 1000M
[2026-04-03T03:23:21.259+0600][78.558s][info][gc          ] GC(94) Concurrent reset 1.078ms
[2026-04-03T03:23:21.259+0600][78.558s][info][gc,start    ] GC(94) Pause Init Mark (unload classes)
[2026-04-03T03:23:21.259+0600][78.558s][info][gc,task     ] GC(94) Using 6 of 6 workers for init marking
[2026-04-03T03:23:21.259+0600][78.558s][info][gc,ergo     ] GC(94) Pacer for Mark. Expected Live: 186M, Free: 475M, Non-Taxable: 48658K, Alloc Tax Rate: 0.5x
[2026-04-03T03:23:21.259+0600][78.558s][info][gc          ] GC(94) Pause Init Mark (unload classes) 0.135ms
[2026-04-03T03:23:21.259+0600][78.558s][info][gc,start    ] GC(94) Concurrent marking roots
[2026-04-03T03:23:21.259+0600][78.558s][info][gc,task     ] GC(94) Using 3 of 6 workers for concurrent marking roots
[2026-04-03T03:23:21.260+0600][78.559s][info][gc          ] GC(94) Concurrent marking roots 0.820ms
[2026-04-03T03:23:21.260+0600][78.559s][info][gc,start    ] GC(94) Concurrent marking (unload classes)
[2026-04-03T03:23:21.260+0600][78.559s][info][gc,task     ] GC(94) Using 3 of 6 workers for concurrent marking
[2026-04-03T03:23:21.558+0600][78.857s][info][gc          ] GC(94) Concurrent marking (unload classes) 298.173ms
[2026-04-03T03:23:21.559+0600][78.858s][info][gc,start    ] GC(94) Pause Final Mark (unload classes)
[2026-04-03T03:23:21.559+0600][78.858s][info][gc,task     ] GC(94) Using 6 of 6 workers for final marking
[2026-04-03T03:23:21.560+0600][78.858s][info][gc,ergo     ] GC(94) Adaptive CSet Selection. Target Free: 141M, Actual Free: 493M, Max CSet: 42666K, Min Garbage: 0B
[2026-04-03T03:23:21.560+0600][78.859s][info][gc,ergo     ] GC(94) Collectable Garbage: 246M (96%), Immediate: 4864K (1%), CSet: 241M (94%)
[2026-04-03T03:23:21.561+0600][78.859s][info][gc,ergo     ] GC(94) Pacer for Evacuation. Used CSet: 283M, Free: 445M, Non-Taxable: 45629K, Alloc Tax Rate: 1.6x
[2026-04-03T03:23:21.561+0600][78.859s][info][gc          ] GC(94) Pause Final Mark (unload classes) 1.747ms
[2026-04-03T03:23:21.561+0600][78.860s][info][gc,start    ] GC(94) Concurrent thread roots
[2026-04-03T03:23:21.561+0600][78.860s][info][gc,task     ] GC(94) Using 3 of 6 workers for Concurrent thread roots
[2026-04-03T03:23:21.563+0600][78.862s][info][gc          ] GC(94) Concurrent thread roots 1.899ms
[2026-04-03T03:23:21.563+0600][78.862s][info][gc,start    ] GC(94) Concurrent weak references
[2026-04-03T03:23:21.563+0600][78.862s][info][gc,task     ] GC(94) Using 3 of 6 workers for concurrent weak references
[2026-04-03T03:23:21.563+0600][78.862s][info][gc,ref      ] GC(94) Encountered references: Soft: 3355, Weak: 6550, Final: 84, Phantom: 601
[2026-04-03T03:23:21.563+0600][78.862s][info][gc,ref      ] GC(94) Discovered  references: Soft: 0, Weak: 727, Final: 0, Phantom: 598
[2026-04-03T03:23:21.563+0600][78.862s][info][gc,ref      ] GC(94) Enqueued    references: Soft: 0, Weak: 2, Final: 0, Phantom: 0
[2026-04-03T03:23:21.563+0600][78.862s][info][gc          ] GC(94) Concurrent weak references 0.281ms
[2026-04-03T03:23:21.563+0600][78.862s][info][gc,start    ] GC(94) Concurrent weak roots
[2026-04-03T03:23:21.563+0600][78.862s][info][gc,task     ] GC(94) Using 3 of 6 workers for concurrent weak root
[2026-04-03T03:23:21.567+0600][78.865s][info][gc          ] GC(94) Concurrent weak roots 3.457ms
[2026-04-03T03:23:21.567+0600][78.865s][info][gc,start    ] GC(94) Concurrent cleanup
[2026-04-03T03:23:21.567+0600][78.866s][info][gc          ] GC(94) Concurrent cleanup 506M->501M(792M) 0.328ms
[2026-04-03T03:23:21.567+0600][78.866s][info][gc,ergo     ] GC(94) Free: 444M, Max: 256K regular, 271M humongous, Frag: 39% external, 0% internal; Reserve: 49408K, Max: 256K
[2026-04-03T03:23:21.567+0600][78.866s][info][gc,start    ] GC(94) Concurrent class unloading
[2026-04-03T03:23:21.567+0600][78.866s][info][gc,task     ] GC(94) Using 3 of 6 workers for concurrent class unloading
[2026-04-03T03:23:21.575+0600][78.874s][info][gc          ] GC(94) Concurrent class unloading 8.200ms
[2026-04-03T03:23:21.575+0600][78.874s][info][gc,start    ] GC(94) Concurrent strong roots
[2026-04-03T03:23:21.575+0600][78.874s][info][gc,task     ] GC(94) Using 3 of 6 workers for concurrent strong root
[2026-04-03T03:23:21.576+0600][78.875s][info][gc          ] GC(94) Concurrent strong roots 0.962ms
[2026-04-03T03:23:21.576+0600][78.875s][info][gc,start    ] GC(94) Concurrent evacuation
[2026-04-03T03:23:21.576+0600][78.875s][info][gc,task     ] GC(94) Using 3 of 6 workers for concurrent evacuation
[2026-04-03T03:23:21.612+0600][78.911s][info][gc          ] GC(94) Concurrent evacuation 35.582ms
[2026-04-03T03:23:21.612+0600][78.911s][info][gc,start    ] GC(94) Pause Init Update Refs
[2026-04-03T03:23:21.612+0600][78.911s][info][gc,ergo     ] GC(94) Pacer for Update Refs. Used: 545M, Free: 441M, Non-Taxable: 45254K, Alloc Tax Rate: 1.5x
[2026-04-03T03:23:21.612+0600][78.911s][info][gc          ] GC(94) Pause Init Update Refs 0.133ms
[2026-04-03T03:23:21.613+0600][78.911s][info][gc,start    ] GC(94) Concurrent update references
[2026-04-03T03:23:21.613+0600][78.912s][info][gc,task     ] GC(94) Using 3 of 6 workers for concurrent reference update
[2026-04-03T03:23:21.829+0600][79.128s][info][gc          ] GC(94) Concurrent update references 216.672ms
[2026-04-03T03:23:21.829+0600][79.128s][info][gc,start    ] GC(94) Concurrent update thread roots
[2026-04-03T03:23:21.831+0600][79.130s][info][gc          ] GC(94) Concurrent update thread roots 2.046ms
[2026-04-03T03:23:21.833+0600][79.131s][info][gc,start    ] GC(94) Pause Final Update Refs
[2026-04-03T03:23:21.833+0600][79.132s][info][gc,task     ] GC(94) Using 6 of 6 workers for final reference update
[2026-04-03T03:23:21.833+0600][79.132s][info][gc          ] GC(94) Pause Final Update Refs 0.322ms
[2026-04-03T03:23:21.833+0600][79.132s][info][gc,start    ] GC(94) Concurrent cleanup
[2026-04-03T03:23:21.834+0600][79.132s][info][gc          ] GC(94) Concurrent cleanup 577M->294M(792M) 0.446ms
[2026-04-03T03:23:21.834+0600][79.132s][info][gc,ergo     ] Free: 647M, Max: 256K regular, 245M humongous, Frag: 63% external, 0% internal; Reserve: 51200K, Max: 256K
[2026-04-03T03:23:21.834+0600][79.133s][info][gc,stats    ] 
[2026-04-03T03:23:21.834+0600][79.133s][info][gc,stats    ] All times are wall-clock times, except per-root-class counters, that are sum over
[2026-04-03T03:23:21.834+0600][79.133s][info][gc,stats    ] all workers. Dividing the <total> over the root stage time estimates parallelism.
[2026-04-03T03:23:21.834+0600][79.133s][info][gc,stats    ] 
[2026-04-03T03:23:21.834+0600][79.133s][info][gc,stats    ] Concurrent Reset                   1129 us
[2026-04-03T03:23:21.834+0600][79.133s][info][gc,stats    ] Pause Init Mark (G)                 393 us
[2026-04-03T03:23:21.834+0600][79.133s][info][gc,stats    ] Pause Init Mark (N)                 143 us
[2026-04-03T03:23:21.834+0600][79.133s][info][gc,stats    ]   Update Region States               32 us
[2026-04-03T03:23:21.834+0600][79.133s][info][gc,stats    ] Concurrent Mark Roots               855 us, parallelism: 1.73x
[2026-04-03T03:23:21.834+0600][79.133s][info][gc,stats    ]   CMR: <total>                     1483 us
[2026-04-03T03:23:21.834+0600][79.133s][info][gc,stats    ]   CMR: Thread Roots                1282 us, workers (us): 482, 324, 477, ---, ---, ---, 
[2026-04-03T03:23:21.834+0600][79.133s][info][gc,stats    ]   CMR: VM Strong Roots               35 us, workers (us):  18,  16,   0, ---, ---, ---, 
[2026-04-03T03:23:21.834+0600][79.133s][info][gc,stats    ]   CMR: CLDG Roots                   165 us, workers (us): ---, 165, ---, ---, ---, ---, 
[2026-04-03T03:23:21.834+0600][79.133s][info][gc,stats    ] Concurrent Marking               298314 us
[2026-04-03T03:23:21.834+0600][79.133s][info][gc,stats    ] Pause Final Mark (G)               2262 us
[2026-04-03T03:23:21.834+0600][79.133s][info][gc,stats    ] Pause Final Mark (N)               1768 us
[2026-04-03T03:23:21.834+0600][79.133s][info][gc,stats    ]   Finish Mark                       446 us
[2026-04-03T03:23:21.834+0600][79.133s][info][gc,stats    ]   Update Region States              100 us
[2026-04-03T03:23:21.834+0600][79.133s][info][gc,stats    ]   Choose Collection Set             863 us
[2026-04-03T03:23:21.834+0600][79.133s][info][gc,stats    ]   Rebuild Free Set                  125 us
[2026-04-03T03:23:21.834+0600][79.133s][info][gc,stats    ] Concurrent Thread Roots            1947 us, parallelism: 1.90x
[2026-04-03T03:23:21.834+0600][79.133s][info][gc,stats    ]   CTR: <total>                     3698 us
[2026-04-03T03:23:21.834+0600][79.133s][info][gc,stats    ]   CTR: Thread Roots                3698 us, workers (us): 1076, 1047, 1575, ---, ---, ---, 
[2026-04-03T03:23:21.834+0600][79.133s][info][gc,stats    ] Concurrent Weak References          297 us, parallelism: 0.79x
[2026-04-03T03:23:21.834+0600][79.133s][info][gc,stats    ]   CWRF: <total>                     235 us
[2026-04-03T03:23:21.834+0600][79.133s][info][gc,stats    ]   CWRF: Weak References             235 us, workers (us): 123, 111,   2, ---, ---, ---, 
[2026-04-03T03:23:21.834+0600][79.133s][info][gc,stats    ] Concurrent Weak Roots              3560 us
[2026-04-03T03:23:21.834+0600][79.133s][info][gc,stats    ]   Roots                            3087 us, parallelism: 2.56x
[2026-04-03T03:23:21.834+0600][79.133s][info][gc,stats    ]     CWR: <total>                   7911 us
[2026-04-03T03:23:21.834+0600][79.133s][info][gc,stats    ]     CWR: Code Cache Roots          5986 us, workers (us): 1750, 2091, 2146, ---, ---, ---, 
[2026-04-03T03:23:21.834+0600][79.133s][info][gc,stats    ]     CWR: VM Weak Roots             1729 us, workers (us): 597, 567, 565, ---, ---, ---, 
[2026-04-03T03:23:21.834+0600][79.133s][info][gc,stats    ]     CWR: CLDG Roots                 196 us, workers (us): 196, ---, ---, ---, ---, ---, 
[2026-04-03T03:23:21.834+0600][79.133s][info][gc,stats    ]   Rendezvous                        326 us
[2026-04-03T03:23:21.834+0600][79.133s][info][gc,stats    ] Concurrent Cleanup                  359 us
[2026-04-03T03:23:21.834+0600][79.133s][info][gc,stats    ] Concurrent Class Unloading         8292 us
[2026-04-03T03:23:21.834+0600][79.133s][info][gc,stats    ]   Unlink Stale                     7821 us
[2026-04-03T03:23:21.834+0600][79.133s][info][gc,stats    ]     System Dictionary               172 us
[2026-04-03T03:23:21.834+0600][79.133s][info][gc,stats    ]     Weak Class Links                  1 us
[2026-04-03T03:23:21.834+0600][79.133s][info][gc,stats    ]     Code Roots                     7643 us
[2026-04-03T03:23:21.834+0600][79.133s][info][gc,stats    ]   Rendezvous                        314 us
[2026-04-03T03:23:21.834+0600][79.133s][info][gc,stats    ]   Purge Unlinked                     16 us
[2026-04-03T03:23:21.834+0600][79.133s][info][gc,stats    ]     Code Roots                        5 us
[2026-04-03T03:23:21.834+0600][79.133s][info][gc,stats    ]     CLDG                             11 us
[2026-04-03T03:23:21.834+0600][79.133s][info][gc,stats    ]     Exception Caches                  0 us
[2026-04-03T03:23:21.834+0600][79.133s][info][gc,stats    ] Concurrent Strong Roots            1008 us, parallelism: 0.66x
[2026-04-03T03:23:21.834+0600][79.133s][info][gc,stats    ]   CSR: <total>                      661 us
[2026-04-03T03:23:21.834+0600][79.133s][info][gc,stats    ]   CSR: VM Strong Roots               52 us, workers (us):  38,  14,   0, ---, ---, ---, 
[2026-04-03T03:23:21.834+0600][79.133s][info][gc,stats    ]   CSR: CLDG Roots                   608 us, workers (us): 608, ---, ---, ---, ---, ---, 
[2026-04-03T03:23:21.834+0600][79.133s][info][gc,stats    ] Concurrent Evacuation             35724 us
[2026-04-03T03:23:21.834+0600][79.133s][info][gc,stats    ] Pause Init Update Refs (G)          506 us
[2026-04-03T03:23:21.834+0600][79.133s][info][gc,stats    ] Pause Init Update Refs (N)          151 us
[2026-04-03T03:23:21.834+0600][79.133s][info][gc,stats    ]   Manage GCLABs                      21 us
[2026-04-03T03:23:21.834+0600][79.133s][info][gc,stats    ] Concurrent Update Refs           216803 us
[2026-04-03T03:23:21.834+0600][79.133s][info][gc,stats    ] Concurrent Update Thread Roots     2873 us
[2026-04-03T03:23:21.834+0600][79.133s][info][gc,stats    ] Pause Final Update Refs (G)         795 us
[2026-04-03T03:23:21.834+0600][79.133s][info][gc,stats    ] Pause Final Update Refs (N)         344 us
[2026-04-03T03:23:21.834+0600][79.133s][info][gc,stats    ]   Update Region States              118 us
[2026-04-03T03:23:21.834+0600][79.133s][info][gc,stats    ]   Trash Collection Set               30 us
[2026-04-03T03:23:21.834+0600][79.133s][info][gc,stats    ]   Rebuild Free Set                   49 us
[2026-04-03T03:23:21.834+0600][79.133s][info][gc,stats    ] Concurrent Cleanup                  476 us
[2026-04-03T03:23:21.834+0600][79.133s][info][gc,stats    ] 
[2026-04-03T03:23:21.834+0600][79.133s][info][gc,stats    ] Allocation pacing accrued:
[2026-04-03T03:23:21.834+0600][79.133s][info][gc,stats    ]       0 of   679 ms (  0.0%): <total>
[2026-04-03T03:23:21.834+0600][79.133s][info][gc,stats    ]       0 of   679 ms (  0.0%): <average total>
[2026-04-03T03:23:21.834+0600][79.133s][info][gc,stats    ] 
[2026-04-03T03:23:21.834+0600][79.133s][info][gc,metaspace] Metaspace: 73486K(74304K)->73487K(74304K) NonClass: 64192K(64640K)->64193K(64640K) Class: 9293K(9664K)->9293K(9664K)
[2026-04-03T03:23:21.834+0600][79.133s][info][gc,ergo     ] Pacer for Idle. Initial: 20480K, Alloc Tax Rate: 1.0x
[2026-04-03T03:23:22.041+0600][79.340s][info][gc          ] Trigger: Average GC time (671.10 ms) is above the time for average allocation rate (696 MB/s) to deplete free headroom (466M) (margin of error = 1.73)
[2026-04-03T03:23:22.041+0600][79.340s][info][gc,ergo     ] Free headroom: 516M (free) - 51200K (spike) - 0B (penalties) = 466M
[2026-04-03T03:23:22.041+0600][79.340s][info][gc,ergo     ] Free: 516M, Max: 256K regular, 245M humongous, Frag: 53% external, 0% internal; Reserve: 51200K, Max: 256K
[2026-04-03T03:23:22.041+0600][79.340s][info][gc,start    ] GC(95) Concurrent reset
[2026-04-03T03:23:22.041+0600][79.340s][info][gc,task     ] GC(95) Using 3 of 6 workers for concurrent reset
[2026-04-03T03:23:22.041+0600][79.340s][info][gc,ergo     ] GC(95) Pacer for Reset. Non-Taxable: 1000M
[2026-04-03T03:23:22.043+0600][79.342s][info][gc          ] GC(95) Concurrent reset 1.403ms
[2026-04-03T03:23:22.043+0600][79.342s][info][gc,start    ] GC(95) Pause Init Mark (unload classes)
[2026-04-03T03:23:22.043+0600][79.342s][info][gc,task     ] GC(95) Using 6 of 6 workers for init marking
[2026-04-03T03:23:22.043+0600][79.342s][info][gc,ergo     ] GC(95) Pacer for Mark. Expected Live: 183M, Free: 515M, Non-Taxable: 52788K, Alloc Tax Rate: 0.4x
[2026-04-03T03:23:22.043+0600][79.342s][info][gc          ] GC(95) Pause Init Mark (unload classes) 0.148ms
[2026-04-03T03:23:22.043+0600][79.342s][info][gc,start    ] GC(95) Concurrent marking roots
[2026-04-03T03:23:22.043+0600][79.342s][info][gc,task     ] GC(95) Using 3 of 6 workers for concurrent marking roots
[2026-04-03T03:23:22.044+0600][79.343s][info][gc          ] GC(95) Concurrent marking roots 0.972ms
[2026-04-03T03:23:22.044+0600][79.343s][info][gc,start    ] GC(95) Concurrent marking (unload classes)
[2026-04-03T03:23:22.044+0600][79.343s][info][gc,task     ] GC(95) Using 3 of 6 workers for concurrent marking
[2026-04-03T03:23:22.321+0600][79.620s][info][gc          ] GC(95) Concurrent marking (unload classes) 276.776ms
[2026-04-03T03:23:22.321+0600][79.620s][info][gc,start    ] GC(95) Pause Final Mark (unload classes)
[2026-04-03T03:23:22.321+0600][79.620s][info][gc,task     ] GC(95) Using 6 of 6 workers for final marking
[2026-04-03T03:23:22.322+0600][79.621s][info][gc,ergo     ] GC(95) Adaptive CSet Selection. Target Free: 141M, Actual Free: 542M, Max CSet: 42666K, Min Garbage: 0B
[2026-04-03T03:23:22.322+0600][79.621s][info][gc,ergo     ] GC(95) Collectable Garbage: 193M (97%), Immediate: 91433K (44%), CSet: 104M (52%)
[2026-04-03T03:23:22.322+0600][79.621s][info][gc,ergo     ] GC(95) Pacer for Evacuation. Used CSet: 137M, Free: 503M, Non-Taxable: 51550K, Alloc Tax Rate: 1.1x
[2026-04-03T03:23:22.322+0600][79.621s][info][gc          ] GC(95) Pause Final Mark (unload classes) 1.012ms
[2026-04-03T03:23:22.322+0600][79.621s][info][gc,start    ] GC(95) Concurrent thread roots
[2026-04-03T03:23:22.323+0600][79.621s][info][gc,task     ] GC(95) Using 3 of 6 workers for Concurrent thread roots
[2026-04-03T03:23:22.324+0600][79.622s][info][gc          ] GC(95) Concurrent thread roots 1.010ms
[2026-04-03T03:23:22.324+0600][79.622s][info][gc,start    ] GC(95) Concurrent weak references
[2026-04-03T03:23:22.324+0600][79.622s][info][gc,task     ] GC(95) Using 3 of 6 workers for concurrent weak references
[2026-04-03T03:23:22.324+0600][79.623s][info][gc,ref      ] GC(95) Encountered references: Soft: 3364, Weak: 6556, Final: 84, Phantom: 600
[2026-04-03T03:23:22.324+0600][79.623s][info][gc,ref      ] GC(95) Discovered  references: Soft: 0, Weak: 1092, Final: 2, Phantom: 597
[2026-04-03T03:23:22.324+0600][79.623s][info][gc,ref      ] GC(95) Enqueued    references: Soft: 0, Weak: 2, Final: 0, Phantom: 0
[2026-04-03T03:23:22.324+0600][79.623s][info][gc          ] GC(95) Concurrent weak references 0.471ms
[2026-04-03T03:23:22.324+0600][79.623s][info][gc,start    ] GC(95) Concurrent weak roots
[2026-04-03T03:23:22.324+0600][79.623s][info][gc,task     ] GC(95) Using 3 of 6 workers for concurrent weak root
[2026-04-03T03:23:22.327+0600][79.626s][info][gc          ] GC(95) Concurrent weak roots 3.052ms
[2026-04-03T03:23:22.327+0600][79.626s][info][gc,start    ] GC(95) Concurrent cleanup
[2026-04-03T03:23:22.328+0600][79.626s][info][gc          ] GC(95) Concurrent cleanup 523M->434M(792M) 0.360ms
[2026-04-03T03:23:22.328+0600][79.626s][info][gc,ergo     ] GC(95) Free: 502M, Max: 256K regular, 246M humongous, Frag: 51% external, 0% internal; Reserve: 50944K, Max: 256K
[2026-04-03T03:23:22.328+0600][79.626s][info][gc,start    ] GC(95) Concurrent class unloading
[2026-04-03T03:23:22.328+0600][79.626s][info][gc,task     ] GC(95) Using 3 of 6 workers for concurrent class unloading
[2026-04-03T03:23:22.336+0600][79.634s][info][gc          ] GC(95) Concurrent class unloading 8.015ms
[2026-04-03T03:23:22.336+0600][79.635s][info][gc,start    ] GC(95) Concurrent strong roots
[2026-04-03T03:23:22.336+0600][79.635s][info][gc,task     ] GC(95) Using 3 of 6 workers for concurrent strong root
[2026-04-03T03:23:22.337+0600][79.636s][info][gc          ] GC(95) Concurrent strong roots 0.944ms
[2026-04-03T03:23:22.337+0600][79.636s][info][gc,start    ] GC(95) Concurrent evacuation
[2026-04-03T03:23:22.337+0600][79.636s][info][gc,task     ] GC(95) Using 3 of 6 workers for concurrent evacuation
[2026-04-03T03:23:22.367+0600][79.666s][info][gc          ] GC(95) Concurrent evacuation 30.268ms
[2026-04-03T03:23:22.367+0600][79.666s][info][gc,start    ] GC(95) Pause Init Update Refs
[2026-04-03T03:23:22.367+0600][79.666s][info][gc,ergo     ] GC(95) Pacer for Update Refs. Used: 481M, Free: 487M, Non-Taxable: 49948K, Alloc Tax Rate: 1.2x
[2026-04-03T03:23:22.367+0600][79.666s][info][gc          ] GC(95) Pause Init Update Refs 0.107ms
[2026-04-03T03:23:22.368+0600][79.666s][info][gc,start    ] GC(95) Concurrent update references
[2026-04-03T03:23:22.368+0600][79.666s][info][gc,task     ] GC(95) Using 3 of 6 workers for concurrent reference update
[2026-04-03T03:23:22.513+0600][79.812s][info][gc          ] GC(95) Concurrent update references 145.262ms
[2026-04-03T03:23:22.513+0600][79.812s][info][gc,start    ] GC(95) Concurrent update thread roots
[2026-04-03T03:23:22.515+0600][79.814s][info][gc          ] GC(95) Concurrent update thread roots 2.006ms
[2026-04-03T03:23:22.515+0600][79.814s][info][gc,start    ] GC(95) Pause Final Update Refs
[2026-04-03T03:23:22.515+0600][79.814s][info][gc,task     ] GC(95) Using 6 of 6 workers for final reference update
[2026-04-03T03:23:22.515+0600][79.814s][info][gc          ] GC(95) Pause Final Update Refs 0.232ms
[2026-04-03T03:23:22.516+0600][79.814s][info][gc,start    ] GC(95) Concurrent cleanup
[2026-04-03T03:23:22.516+0600][79.815s][info][gc          ] GC(95) Concurrent cleanup 554M->417M(792M) 0.788ms
[2026-04-03T03:23:22.516+0600][79.815s][info][gc,ergo     ] Free: 514M, Max: 256K regular, 420M humongous, Frag: 19% external, 0% internal; Reserve: 51200K, Max: 256K
[2026-04-03T03:23:22.516+0600][79.815s][info][gc,stats    ] 
[2026-04-03T03:23:22.516+0600][79.815s][info][gc,stats    ] All times are wall-clock times, except per-root-class counters, that are sum over
[2026-04-03T03:23:22.516+0600][79.815s][info][gc,stats    ] all workers. Dividing the <total> over the root stage time estimates parallelism.
[2026-04-03T03:23:22.516+0600][79.815s][info][gc,stats    ] 
[2026-04-03T03:23:22.517+0600][79.815s][info][gc,stats    ] Concurrent Reset                   1457 us
[2026-04-03T03:23:22.517+0600][79.815s][info][gc,stats    ] Pause Init Mark (G)                 441 us
[2026-04-03T03:23:22.517+0600][79.815s][info][gc,stats    ] Pause Init Mark (N)                 158 us
[2026-04-03T03:23:22.517+0600][79.815s][info][gc,stats    ]   Update Region States               37 us
[2026-04-03T03:23:22.517+0600][79.815s][info][gc,stats    ] Concurrent Mark Roots              1013 us, parallelism: 1.81x
[2026-04-03T03:23:22.517+0600][79.815s][info][gc,stats    ]   CMR: <total>                     1834 us
[2026-04-03T03:23:22.517+0600][79.815s][info][gc,stats    ]   CMR: Thread Roots                1555 us, workers (us): 356, 596, 604, ---, ---, ---, 
[2026-04-03T03:23:22.517+0600][79.815s][info][gc,stats    ]   CMR: VM Strong Roots               27 us, workers (us):  26,   1,   0, ---, ---, ---, 
[2026-04-03T03:23:22.517+0600][79.815s][info][gc,stats    ]   CMR: CLDG Roots                   251 us, workers (us): 251, ---, ---, ---, ---, ---, 
[2026-04-03T03:23:22.517+0600][79.815s][info][gc,stats    ] Concurrent Marking               276880 us
[2026-04-03T03:23:22.517+0600][79.815s][info][gc,stats    ] Pause Final Mark (G)               1327 us
[2026-04-03T03:23:22.517+0600][79.815s][info][gc,stats    ] Pause Final Mark (N)               1029 us
[2026-04-03T03:23:22.517+0600][79.815s][info][gc,stats    ]   Finish Mark                       243 us
[2026-04-03T03:23:22.517+0600][79.815s][info][gc,stats    ]   Update Region States               90 us
[2026-04-03T03:23:22.517+0600][79.815s][info][gc,stats    ]   Choose Collection Set             434 us
[2026-04-03T03:23:22.517+0600][79.815s][info][gc,stats    ]   Rebuild Free Set                   56 us
[2026-04-03T03:23:22.517+0600][79.815s][info][gc,stats    ] Concurrent Thread Roots            1076 us, parallelism: 1.94x
[2026-04-03T03:23:22.517+0600][79.815s][info][gc,stats    ]   CTR: <total>                     2087 us
[2026-04-03T03:23:22.517+0600][79.815s][info][gc,stats    ]   CTR: Thread Roots                2087 us, workers (us): 756, 686, 644, ---, ---, ---, 
[2026-04-03T03:23:22.517+0600][79.815s][info][gc,stats    ] Concurrent Weak References          488 us, parallelism: 0.80x
[2026-04-03T03:23:22.517+0600][79.815s][info][gc,stats    ]   CWRF: <total>                     391 us
[2026-04-03T03:23:22.517+0600][79.815s][info][gc,stats    ]   CWRF: Weak References             391 us, workers (us): 265, 124,   2, ---, ---, ---, 
[2026-04-03T03:23:22.517+0600][79.815s][info][gc,stats    ] Concurrent Weak Roots              3132 us
[2026-04-03T03:23:22.517+0600][79.815s][info][gc,stats    ]   Roots                            2639 us, parallelism: 2.48x
[2026-04-03T03:23:22.517+0600][79.815s][info][gc,stats    ]     CWR: <total>                   6535 us
[2026-04-03T03:23:22.517+0600][79.816s][info][gc,stats    ]     CWR: Code Cache Roots          4775 us, workers (us): 1562, 1513, 1699, ---, ---, ---, 
[2026-04-03T03:23:22.517+0600][79.816s][info][gc,stats    ]     CWR: VM Weak Roots             1618 us, workers (us): 595, 515, 509, ---, ---, ---, 
[2026-04-03T03:23:22.517+0600][79.816s][info][gc,stats    ]     CWR: CLDG Roots                 142 us, workers (us): ---, 142, ---, ---, ---, ---, 
[2026-04-03T03:23:22.517+0600][79.816s][info][gc,stats    ]   Rendezvous                        352 us
[2026-04-03T03:23:22.517+0600][79.816s][info][gc,stats    ] Concurrent Cleanup                  386 us
[2026-04-03T03:23:22.517+0600][79.816s][info][gc,stats    ] Concurrent Class Unloading         8132 us
[2026-04-03T03:23:22.517+0600][79.816s][info][gc,stats    ]   Unlink Stale                     7392 us
[2026-04-03T03:23:22.517+0600][79.816s][info][gc,stats    ]     System Dictionary               145 us
[2026-04-03T03:23:22.517+0600][79.816s][info][gc,stats    ]     Weak Class Links                  1 us
[2026-04-03T03:23:22.517+0600][79.816s][info][gc,stats    ]     Code Roots                     7240 us
[2026-04-03T03:23:22.517+0600][79.816s][info][gc,stats    ]   Rendezvous                        383 us
[2026-04-03T03:23:22.517+0600][79.816s][info][gc,stats    ]   Purge Unlinked                    202 us
[2026-04-03T03:23:22.517+0600][79.816s][info][gc,stats    ]     Code Roots                      191 us
[2026-04-03T03:23:22.517+0600][79.816s][info][gc,stats    ]     CLDG                             10 us
[2026-04-03T03:23:22.517+0600][79.816s][info][gc,stats    ]     Exception Caches                  0 us
[2026-04-03T03:23:22.517+0600][79.816s][info][gc,stats    ] Concurrent Strong Roots            1008 us, parallelism: 0.62x
[2026-04-03T03:23:22.517+0600][79.816s][info][gc,stats    ]   CSR: <total>                      621 us
[2026-04-03T03:23:22.517+0600][79.816s][info][gc,stats    ]   CSR: VM Strong Roots               52 us, workers (us):  49,   3,   0, ---, ---, ---, 
[2026-04-03T03:23:22.517+0600][79.816s][info][gc,stats    ]   CSR: CLDG Roots                   568 us, workers (us): ---, 568, ---, ---, ---, ---, 
[2026-04-03T03:23:22.517+0600][79.816s][info][gc,stats    ] Concurrent Evacuation             30393 us
[2026-04-03T03:23:22.517+0600][79.816s][info][gc,stats    ] Pause Init Update Refs (G)          413 us
[2026-04-03T03:23:22.517+0600][79.816s][info][gc,stats    ] Pause Init Update Refs (N)          122 us
[2026-04-03T03:23:22.517+0600][79.816s][info][gc,stats    ]   Manage GCLABs                      31 us
[2026-04-03T03:23:22.517+0600][79.816s][info][gc,stats    ] Concurrent Update Refs           145353 us
[2026-04-03T03:23:22.517+0600][79.816s][info][gc,stats    ] Concurrent Update Thread Roots     2068 us
[2026-04-03T03:23:22.517+0600][79.816s][info][gc,stats    ] Pause Final Update Refs (G)         554 us
[2026-04-03T03:23:22.517+0600][79.816s][info][gc,stats    ] Pause Final Update Refs (N)         250 us
[2026-04-03T03:23:22.517+0600][79.816s][info][gc,stats    ]   Update Region States               69 us
[2026-04-03T03:23:22.517+0600][79.816s][info][gc,stats    ]   Trash Collection Set               20 us
[2026-04-03T03:23:22.517+0600][79.816s][info][gc,stats    ]   Rebuild Free Set                   50 us
[2026-04-03T03:23:22.517+0600][79.816s][info][gc,stats    ] Concurrent Cleanup                  808 us
[2026-04-03T03:23:22.517+0600][79.816s][info][gc,stats    ] 
[2026-04-03T03:23:22.517+0600][79.816s][info][gc,stats    ] Allocation pacing accrued:
[2026-04-03T03:23:22.517+0600][79.816s][info][gc,stats    ]       0 of   683 ms (  0.0%): <total>
[2026-04-03T03:23:22.517+0600][79.816s][info][gc,stats    ]       0 of   683 ms (  0.0%): <average total>
[2026-04-03T03:23:22.517+0600][79.816s][info][gc,stats    ] 
[2026-04-03T03:23:22.517+0600][79.816s][info][gc,metaspace] Metaspace: 73507K(74368K)->73530K(74368K) NonClass: 64212K(64704K)->64235K(64704K) Class: 9294K(9664K)->9294K(9664K)
[2026-04-03T03:23:22.517+0600][79.816s][info][gc,ergo     ] Pacer for Idle. Initial: 20480K, Alloc Tax Rate: 1.0x
[2026-04-03T03:23:22.618+0600][79.917s][info][gc          ] Trigger: Average GC time (614.22 ms) is above the time for average allocation rate (790 MB/s) to deplete free headroom (361M) (margin of error = 1.75)
[2026-04-03T03:23:22.618+0600][79.917s][info][gc,ergo     ] Free headroom: 411M (free) - 51200K (spike) - 0B (penalties) = 361M
[2026-04-03T03:23:22.618+0600][79.917s][info][gc,ergo     ] Free: 411M, Max: 256K regular, 400M humongous, Frag: 3% external, 0% internal; Reserve: 51200K, Max: 256K
[2026-04-03T03:23:22.619+0600][79.917s][info][gc,start    ] GC(96) Concurrent reset
[2026-04-03T03:23:22.619+0600][79.917s][info][gc,task     ] GC(96) Using 3 of 6 workers for concurrent reset
[2026-04-03T03:23:22.619+0600][79.917s][info][gc,ergo     ] GC(96) Pacer for Reset. Non-Taxable: 1000M
[2026-04-03T03:23:22.620+0600][79.919s][info][gc          ] GC(96) Concurrent reset 1.212ms
[2026-04-03T03:23:22.620+0600][79.919s][info][gc,start    ] GC(96) Pause Init Mark (unload classes)
[2026-04-03T03:23:22.620+0600][79.919s][info][gc,task     ] GC(96) Using 6 of 6 workers for init marking
[2026-04-03T03:23:22.620+0600][79.919s][info][gc,ergo     ] GC(96) Pacer for Mark. Expected Live: 186M, Free: 410M, Non-Taxable: 42056K, Alloc Tax Rate: 0.6x
[2026-04-03T03:23:22.620+0600][79.919s][info][gc          ] GC(96) Pause Init Mark (unload classes) 0.120ms
[2026-04-03T03:23:22.620+0600][79.919s][info][gc,start    ] GC(96) Concurrent marking roots
[2026-04-03T03:23:22.620+0600][79.919s][info][gc,task     ] GC(96) Using 3 of 6 workers for concurrent marking roots
[2026-04-03T03:23:22.621+0600][79.920s][info][gc          ] GC(96) Concurrent marking roots 0.940ms
[2026-04-03T03:23:22.621+0600][79.920s][info][gc,start    ] GC(96) Concurrent marking (unload classes)
[2026-04-03T03:23:22.621+0600][79.920s][info][gc,task     ] GC(96) Using 3 of 6 workers for concurrent marking
[2026-04-03T03:23:22.798+0600][80.097s][info][gc          ] GC(96) Concurrent marking (unload classes) 176.534ms
[2026-04-03T03:23:22.798+0600][80.097s][info][gc,start    ] GC(96) Pause Final Mark (unload classes)
[2026-04-03T03:23:22.798+0600][80.097s][info][gc,task     ] GC(96) Using 6 of 6 workers for final marking
[2026-04-03T03:23:22.798+0600][80.097s][info][gc,ergo     ] GC(96) Adaptive CSet Selection. Target Free: 141M, Actual Free: 479M, Max CSet: 42666K, Min Garbage: 0B
[2026-04-03T03:23:22.799+0600][80.098s][info][gc,ergo     ] GC(96) Collectable Garbage: 304M (98%), Immediate: 128M (41%), CSet: 176M (56%)
[2026-04-03T03:23:22.799+0600][80.098s][info][gc,ergo     ] GC(96) Pacer for Evacuation. Used CSet: 204M, Free: 444M, Non-Taxable: 45495K, Alloc Tax Rate: 1.1x
[2026-04-03T03:23:22.799+0600][80.098s][info][gc          ] GC(96) Pause Final Mark (unload classes) 1.166ms
[2026-04-03T03:23:22.799+0600][80.098s][info][gc,start    ] GC(96) Concurrent thread roots
[2026-04-03T03:23:22.799+0600][80.098s][info][gc,task     ] GC(96) Using 3 of 6 workers for Concurrent thread roots
[2026-04-03T03:23:22.800+0600][80.099s][info][gc          ] GC(96) Concurrent thread roots 0.741ms
[2026-04-03T03:23:22.800+0600][80.099s][info][gc,start    ] GC(96) Concurrent weak references
[2026-04-03T03:23:22.800+0600][80.099s][info][gc,task     ] GC(96) Using 3 of 6 workers for concurrent weak references
[2026-04-03T03:23:22.800+0600][80.099s][info][gc,ref      ] GC(96) Encountered references: Soft: 3362, Weak: 6585, Final: 84, Phantom: 600
[2026-04-03T03:23:22.800+0600][80.099s][info][gc,ref      ] GC(96) Discovered  references: Soft: 0, Weak: 1207, Final: 2, Phantom: 597
[2026-04-03T03:23:22.800+0600][80.099s][info][gc,ref      ] GC(96) Enqueued    references: Soft: 0, Weak: 7, Final: 0, Phantom: 0
[2026-04-03T03:23:22.800+0600][80.099s][info][gc          ] GC(96) Concurrent weak references 0.317ms
[2026-04-03T03:23:22.800+0600][80.099s][info][gc,start    ] GC(96) Concurrent weak roots
[2026-04-03T03:23:22.800+0600][80.099s][info][gc,task     ] GC(96) Using 3 of 6 workers for concurrent weak root
[2026-04-03T03:23:22.802+0600][80.101s][info][gc          ] GC(96) Concurrent weak roots 1.893ms
[2026-04-03T03:23:22.802+0600][80.101s][info][gc,start    ] GC(96) Concurrent cleanup
[2026-04-03T03:23:22.803+0600][80.102s][info][gc          ] GC(96) Concurrent cleanup 631M->503M(792M) 0.699ms
[2026-04-03T03:23:22.803+0600][80.102s][info][gc,ergo     ] GC(96) Free: 439M, Max: 256K regular, 287M humongous, Frag: 35% external, 0% internal; Reserve: 51171K, Max: 256K
[2026-04-03T03:23:22.803+0600][80.102s][info][gc,start    ] GC(96) Concurrent class unloading
[2026-04-03T03:23:22.803+0600][80.102s][info][gc,task     ] GC(96) Using 3 of 6 workers for concurrent class unloading
[2026-04-03T03:23:22.809+0600][80.108s][info][gc          ] GC(96) Concurrent class unloading 5.904ms
[2026-04-03T03:23:22.809+0600][80.108s][info][gc,start    ] GC(96) Concurrent strong roots
[2026-04-03T03:23:22.809+0600][80.108s][info][gc,task     ] GC(96) Using 3 of 6 workers for concurrent strong root
[2026-04-03T03:23:22.810+0600][80.108s][info][gc          ] GC(96) Concurrent strong roots 0.614ms
[2026-04-03T03:23:22.810+0600][80.108s][info][gc,start    ] GC(96) Concurrent evacuation
[2026-04-03T03:23:22.810+0600][80.108s][info][gc,task     ] GC(96) Using 3 of 6 workers for concurrent evacuation
[2026-04-03T03:23:22.831+0600][80.129s][info][gc          ] GC(96) Concurrent evacuation 20.972ms
[2026-04-03T03:23:22.831+0600][80.130s][info][gc,start    ] GC(96) Pause Init Update Refs
[2026-04-03T03:23:22.831+0600][80.130s][info][gc,ergo     ] GC(96) Pacer for Update Refs. Used: 571M, Free: 400M, Non-Taxable: 40993K, Alloc Tax Rate: 1.7x
[2026-04-03T03:23:22.831+0600][80.130s][info][gc          ] GC(96) Pause Init Update Refs 0.134ms
[2026-04-03T03:23:22.831+0600][80.130s][info][gc,start    ] GC(96) Concurrent update references
[2026-04-03T03:23:22.831+0600][80.130s][info][gc,task     ] GC(96) Using 3 of 6 workers for concurrent reference update
[2026-04-03T03:23:22.934+0600][80.232s][info][gc          ] GC(96) Concurrent update references 102.392ms
[2026-04-03T03:23:22.934+0600][80.233s][info][gc,start    ] GC(96) Concurrent update thread roots
[2026-04-03T03:23:22.935+0600][80.233s][info][gc          ] GC(96) Concurrent update thread roots 0.865ms
[2026-04-03T03:23:22.935+0600][80.234s][info][gc,start    ] GC(96) Pause Final Update Refs
[2026-04-03T03:23:22.935+0600][80.234s][info][gc,task     ] GC(96) Using 6 of 6 workers for final reference update
[2026-04-03T03:23:22.935+0600][80.234s][info][gc          ] GC(96) Pause Final Update Refs 0.160ms
[2026-04-03T03:23:22.935+0600][80.234s][info][gc,start    ] GC(96) Concurrent cleanup
[2026-04-03T03:23:22.936+0600][80.235s][info][gc          ] GC(96) Concurrent cleanup 719M->516M(812M) 0.711ms
[2026-04-03T03:23:22.936+0600][80.235s][info][gc,ergo     ] Free: 427M, Max: 256K regular, 228M humongous, Frag: 47% external, 0% internal; Reserve: 51200K, Max: 256K
[2026-04-03T03:23:22.936+0600][80.235s][info][gc,stats    ] 
[2026-04-03T03:23:22.936+0600][80.235s][info][gc,stats    ] All times are wall-clock times, except per-root-class counters, that are sum over
[2026-04-03T03:23:22.936+0600][80.235s][info][gc,stats    ] all workers. Dividing the <total> over the root stage time estimates parallelism.
[2026-04-03T03:23:22.936+0600][80.235s][info][gc,stats    ] 
[2026-04-03T03:23:22.936+0600][80.235s][info][gc,stats    ] Concurrent Reset                   1257 us
[2026-04-03T03:23:22.936+0600][80.235s][info][gc,stats    ] Pause Init Mark (G)                 477 us
[2026-04-03T03:23:22.936+0600][80.235s][info][gc,stats    ] Pause Init Mark (N)                 132 us
[2026-04-03T03:23:22.936+0600][80.235s][info][gc,stats    ]   Update Region States               30 us
[2026-04-03T03:23:22.936+0600][80.235s][info][gc,stats    ] Concurrent Mark Roots               971 us, parallelism: 1.50x
[2026-04-03T03:23:22.936+0600][80.235s][info][gc,stats    ]   CMR: <total>                     1457 us
[2026-04-03T03:23:22.936+0600][80.235s][info][gc,stats    ]   CMR: Thread Roots                1250 us, workers (us): 355, 465, 429, ---, ---, ---, 
[2026-04-03T03:23:22.936+0600][80.235s][info][gc,stats    ]   CMR: VM Strong Roots               26 us, workers (us):  24,   1,   1, ---, ---, ---, 
[2026-04-03T03:23:22.936+0600][80.235s][info][gc,stats    ]   CMR: CLDG Roots                   181 us, workers (us): 181, ---, ---, ---, ---, ---, 
[2026-04-03T03:23:22.936+0600][80.235s][info][gc,stats    ] Concurrent Marking               176607 us
[2026-04-03T03:23:22.936+0600][80.235s][info][gc,stats    ] Pause Final Mark (G)               1408 us
[2026-04-03T03:23:22.936+0600][80.235s][info][gc,stats    ] Pause Final Mark (N)               1183 us
[2026-04-03T03:23:22.936+0600][80.235s][info][gc,stats    ]   Finish Mark                       273 us
[2026-04-03T03:23:22.936+0600][80.235s][info][gc,stats    ]   Update Region States               80 us
[2026-04-03T03:23:22.936+0600][80.235s][info][gc,stats    ]   Choose Collection Set             410 us
[2026-04-03T03:23:22.936+0600][80.235s][info][gc,stats    ]   Rebuild Free Set                  184 us
[2026-04-03T03:23:22.936+0600][80.235s][info][gc,stats    ] Concurrent Thread Roots             780 us, parallelism: 2.24x
[2026-04-03T03:23:22.936+0600][80.235s][info][gc,stats    ]   CTR: <total>                     1746 us
[2026-04-03T03:23:22.936+0600][80.235s][info][gc,stats    ]   CTR: Thread Roots                1746 us, workers (us): 595, 603, 548, ---, ---, ---, 
[2026-04-03T03:23:22.936+0600][80.235s][info][gc,stats    ] Concurrent Weak References          326 us, parallelism: 0.91x
[2026-04-03T03:23:22.936+0600][80.235s][info][gc,stats    ]   CWRF: <total>                     296 us
[2026-04-03T03:23:22.936+0600][80.235s][info][gc,stats    ]   CWRF: Weak References             296 us, workers (us): 201,  15,  80, ---, ---, ---, 
[2026-04-03T03:23:22.936+0600][80.235s][info][gc,stats    ] Concurrent Weak Roots              1938 us
[2026-04-03T03:23:22.936+0600][80.235s][info][gc,stats    ]   Roots                            1672 us, parallelism: 2.45x
[2026-04-03T03:23:22.936+0600][80.235s][info][gc,stats    ]     CWR: <total>                   4101 us
[2026-04-03T03:23:22.936+0600][80.235s][info][gc,stats    ]     CWR: Code Cache Roots          2847 us, workers (us): 845, 1005, 997, ---, ---, ---, 
[2026-04-03T03:23:22.936+0600][80.235s][info][gc,stats    ]     CWR: VM Weak Roots             1153 us, workers (us): 421, 369, 363, ---, ---, ---, 
[2026-04-03T03:23:22.936+0600][80.235s][info][gc,stats    ]     CWR: CLDG Roots                 101 us, workers (us): 101, ---, ---, ---, ---, ---, 
[2026-04-03T03:23:22.936+0600][80.235s][info][gc,stats    ]   Rendezvous                        196 us
[2026-04-03T03:23:22.936+0600][80.235s][info][gc,stats    ] Concurrent Cleanup                  720 us
[2026-04-03T03:23:22.936+0600][80.235s][info][gc,stats    ] Concurrent Class Unloading         5946 us
[2026-04-03T03:23:22.936+0600][80.235s][info][gc,stats    ]   Unlink Stale                     5408 us
[2026-04-03T03:23:22.936+0600][80.235s][info][gc,stats    ]     System Dictionary                93 us
[2026-04-03T03:23:22.936+0600][80.235s][info][gc,stats    ]     Weak Class Links                  0 us
[2026-04-03T03:23:22.936+0600][80.235s][info][gc,stats    ]     Code Roots                     5313 us
[2026-04-03T03:23:22.936+0600][80.235s][info][gc,stats    ]   Rendezvous                        301 us
[2026-04-03T03:23:22.936+0600][80.235s][info][gc,stats    ]   Purge Unlinked                    168 us
[2026-04-03T03:23:22.936+0600][80.235s][info][gc,stats    ]     Code Roots                      158 us
[2026-04-03T03:23:22.936+0600][80.235s][info][gc,stats    ]     CLDG                              9 us
[2026-04-03T03:23:22.936+0600][80.235s][info][gc,stats    ]     Exception Caches                  0 us
[2026-04-03T03:23:22.936+0600][80.235s][info][gc,stats    ] Concurrent Strong Roots             642 us, parallelism: 0.63x
[2026-04-03T03:23:22.936+0600][80.235s][info][gc,stats    ]   CSR: <total>                      407 us
[2026-04-03T03:23:22.936+0600][80.235s][info][gc,stats    ]   CSR: VM Strong Roots               43 us, workers (us):  42,   1,   0, ---, ---, ---, 
[2026-04-03T03:23:22.936+0600][80.235s][info][gc,stats    ]   CSR: CLDG Roots                   364 us, workers (us): 364, ---, ---, ---, ---, ---, 
[2026-04-03T03:23:22.936+0600][80.235s][info][gc,stats    ] Concurrent Evacuation             21070 us
[2026-04-03T03:23:22.936+0600][80.235s][info][gc,stats    ] Pause Init Update Refs (G)          528 us
[2026-04-03T03:23:22.936+0600][80.235s][info][gc,stats    ] Pause Init Update Refs (N)          160 us
[2026-04-03T03:23:22.936+0600][80.235s][info][gc,stats    ]   Manage GCLABs                      34 us
[2026-04-03T03:23:22.936+0600][80.235s][info][gc,stats    ] Concurrent Update Refs           102481 us
[2026-04-03T03:23:22.936+0600][80.235s][info][gc,stats    ] Concurrent Update Thread Roots      890 us
[2026-04-03T03:23:22.936+0600][80.235s][info][gc,stats    ] Pause Final Update Refs (G)         352 us
[2026-04-03T03:23:22.936+0600][80.235s][info][gc,stats    ] Pause Final Update Refs (N)         178 us
[2026-04-03T03:23:22.936+0600][80.235s][info][gc,stats    ]   Update Region States               48 us
[2026-04-03T03:23:22.936+0600][80.235s][info][gc,stats    ]   Trash Collection Set               16 us
[2026-04-03T03:23:22.936+0600][80.235s][info][gc,stats    ]   Rebuild Free Set                   46 us
[2026-04-03T03:23:22.936+0600][80.235s][info][gc,stats    ] Concurrent Cleanup                  736 us
[2026-04-03T03:23:22.936+0600][80.235s][info][gc,stats    ] Pacing                            68422 us
[2026-04-03T03:23:22.936+0600][80.235s][info][gc,stats    ] 
[2026-04-03T03:23:22.936+0600][80.235s][info][gc,stats    ] Allocation pacing accrued:
[2026-04-03T03:23:22.936+0600][80.235s][info][gc,stats    ]      68 of   419 ms ( 16.3%): main
[2026-04-03T03:23:22.936+0600][80.235s][info][gc,stats    ]      68 of   419 ms ( 16.3%): <total>
[2026-04-03T03:23:22.936+0600][80.235s][info][gc,stats    ]       0 of   419 ms (  0.1%): <average total>
[2026-04-03T03:23:22.936+0600][80.235s][info][gc,stats    ]      68 of   419 ms ( 16.3%): <average non-zero>
[2026-04-03T03:23:22.936+0600][80.235s][info][gc,stats    ] 
[2026-04-03T03:23:22.936+0600][80.235s][info][gc,metaspace] Metaspace: 73530K(74368K)->73534K(74368K) NonClass: 64236K(64704K)->64239K(64704K) Class: 9294K(9664K)->9294K(9664K)
[2026-04-03T03:23:22.936+0600][80.235s][info][gc,ergo     ] Pacer for Idle. Initial: 20480K, Alloc Tax Rate: 1.0x
[2026-04-03T03:23:22.938+0600][80.236s][info][gc          ] Trigger: Average GC time (568.45 ms) is above the time for average allocation rate (882 MB/s) to deplete free headroom (373M) (margin of error = 1.77)
[2026-04-03T03:23:22.938+0600][80.236s][info][gc,ergo     ] Free headroom: 423M (free) - 51200K (spike) - 0B (penalties) = 373M
[2026-04-03T03:23:22.938+0600][80.237s][info][gc,ergo     ] Free: 423M, Max: 256K regular, 228M humongous, Frag: 47% external, 0% internal; Reserve: 51200K, Max: 256K
[2026-04-03T03:23:22.938+0600][80.237s][info][gc,start    ] GC(97) Concurrent reset
[2026-04-03T03:23:22.938+0600][80.237s][info][gc,task     ] GC(97) Using 3 of 6 workers for concurrent reset
[2026-04-03T03:23:22.938+0600][80.237s][info][gc,ergo     ] GC(97) Pacer for Reset. Non-Taxable: 1000M
[2026-04-03T03:23:22.939+0600][80.238s][info][gc          ] GC(97) Concurrent reset 1.145ms
[2026-04-03T03:23:22.939+0600][80.238s][info][gc,start    ] GC(97) Pause Init Mark (unload classes)
[2026-04-03T03:23:22.939+0600][80.238s][info][gc,task     ] GC(97) Using 6 of 6 workers for init marking
[2026-04-03T03:23:22.939+0600][80.238s][info][gc,ergo     ] GC(97) Pacer for Mark. Expected Live: 191M, Free: 420M, Non-Taxable: 43092K, Alloc Tax Rate: 0.6x
[2026-04-03T03:23:22.939+0600][80.238s][info][gc          ] GC(97) Pause Init Mark (unload classes) 0.125ms
[2026-04-03T03:23:22.939+0600][80.238s][info][gc,start    ] GC(97) Concurrent marking roots
[2026-04-03T03:23:22.939+0600][80.238s][info][gc,task     ] GC(97) Using 3 of 6 workers for concurrent marking roots
[2026-04-03T03:23:22.940+0600][80.239s][info][gc          ] GC(97) Concurrent marking roots 0.949ms
[2026-04-03T03:23:22.940+0600][80.239s][info][gc,start    ] GC(97) Concurrent marking (unload classes)
[2026-04-03T03:23:22.940+0600][80.239s][info][gc,task     ] GC(97) Using 3 of 6 workers for concurrent marking
[2026-04-03T03:23:23.106+0600][80.405s][info][gc          ] GC(97) Concurrent marking (unload classes) 165.549ms
[2026-04-03T03:23:23.106+0600][80.405s][info][gc,start    ] GC(97) Pause Final Mark (unload classes)
[2026-04-03T03:23:23.106+0600][80.405s][info][gc,task     ] GC(97) Using 6 of 6 workers for final marking
[2026-04-03T03:23:23.107+0600][80.405s][info][gc,ergo     ] GC(97) Collectable Garbage: 291M (92%), Immediate: 291M (92%), CSet: 0B (0%)
[2026-04-03T03:23:23.107+0600][80.405s][info][gc          ] GC(97) Pause Final Mark (unload classes) 0.538ms
[2026-04-03T03:23:23.107+0600][80.406s][info][gc,start    ] GC(97) Concurrent weak references
[2026-04-03T03:23:23.107+0600][80.406s][info][gc,task     ] GC(97) Using 3 of 6 workers for concurrent weak references
[2026-04-03T03:23:23.107+0600][80.406s][info][gc,ref      ] GC(97) Encountered references: Soft: 3362, Weak: 6586, Final: 84, Phantom: 600
[2026-04-03T03:23:23.107+0600][80.406s][info][gc,ref      ] GC(97) Discovered  references: Soft: 0, Weak: 684, Final: 0, Phantom: 597
[2026-04-03T03:23:23.107+0600][80.406s][info][gc,ref      ] GC(97) Enqueued    references: Soft: 0, Weak: 143, Final: 0, Phantom: 0
[2026-04-03T03:23:23.107+0600][80.406s][info][gc          ] GC(97) Concurrent weak references 0.387ms
[2026-04-03T03:23:23.107+0600][80.406s][info][gc,start    ] GC(97) Concurrent weak roots
[2026-04-03T03:23:23.107+0600][80.406s][info][gc,task     ] GC(97) Using 3 of 6 workers for concurrent weak root
[2026-04-03T03:23:23.109+0600][80.408s][info][gc          ] GC(97) Concurrent weak roots 2.139ms
[2026-04-03T03:23:23.109+0600][80.408s][info][gc,start    ] GC(97) Concurrent cleanup
[2026-04-03T03:23:23.110+0600][80.409s][info][gc          ] GC(97) Concurrent cleanup 592M->301M(812M) 0.806ms
[2026-04-03T03:23:23.110+0600][80.409s][info][gc,ergo     ] GC(97) Free: 646M, Max: 256K regular, 364M humongous, Frag: 44% external, 0% internal; Reserve: 51200K, Max: 256K
[2026-04-03T03:23:23.110+0600][80.409s][info][gc,start    ] GC(97) Concurrent class unloading
[2026-04-03T03:23:23.110+0600][80.409s][info][gc,task     ] GC(97) Using 3 of 6 workers for concurrent class unloading
[2026-04-03T03:23:23.116+0600][80.415s][info][gc          ] GC(97) Concurrent class unloading 5.810ms
[2026-04-03T03:23:23.116+0600][80.415s][info][gc,start    ] GC(97) Pause Final Roots
[2026-04-03T03:23:23.116+0600][80.415s][info][gc          ] GC(97) Pause Final Roots 0.036ms
[2026-04-03T03:23:23.117+0600][80.415s][info][gc,ergo     ] Free: 640M, Max: 256K regular, 364M humongous, Frag: 44% external, 0% internal; Reserve: 51200K, Max: 256K
[2026-04-03T03:23:23.117+0600][80.415s][info][gc,stats    ] 
[2026-04-03T03:23:23.117+0600][80.415s][info][gc,stats    ] All times are wall-clock times, except per-root-class counters, that are sum over
[2026-04-03T03:23:23.117+0600][80.415s][info][gc,stats    ] all workers. Dividing the <total> over the root stage time estimates parallelism.
[2026-04-03T03:23:23.117+0600][80.415s][info][gc,stats    ] 
[2026-04-03T03:23:23.117+0600][80.415s][info][gc,stats    ] Concurrent Reset                   1169 us
[2026-04-03T03:23:23.117+0600][80.415s][info][gc,stats    ] Pause Init Mark (G)                 427 us
[2026-04-03T03:23:23.117+0600][80.415s][info][gc,stats    ] Pause Init Mark (N)                 136 us
[2026-04-03T03:23:23.117+0600][80.415s][info][gc,stats    ]   Update Region States               38 us
[2026-04-03T03:23:23.117+0600][80.415s][info][gc,stats    ] Concurrent Mark Roots               987 us, parallelism: 1.61x
[2026-04-03T03:23:23.117+0600][80.415s][info][gc,stats    ]   CMR: <total>                     1585 us
[2026-04-03T03:23:23.117+0600][80.415s][info][gc,stats    ]   CMR: Thread Roots                1351 us, workers (us): 323, 524, 504, ---, ---, ---, 
[2026-04-03T03:23:23.117+0600][80.415s][info][gc,stats    ]   CMR: VM Strong Roots               52 us, workers (us):  22,  19,  11, ---, ---, ---, 
[2026-04-03T03:23:23.117+0600][80.416s][info][gc,stats    ]   CMR: CLDG Roots                   182 us, workers (us): 182, ---, ---, ---, ---, ---, 
[2026-04-03T03:23:23.117+0600][80.416s][info][gc,stats    ] Concurrent Marking               165619 us
[2026-04-03T03:23:23.117+0600][80.416s][info][gc,stats    ] Pause Final Mark (G)                926 us
[2026-04-03T03:23:23.117+0600][80.416s][info][gc,stats    ] Pause Final Mark (N)                575 us
[2026-04-03T03:23:23.117+0600][80.416s][info][gc,stats    ]   Finish Mark                       235 us
[2026-04-03T03:23:23.117+0600][80.416s][info][gc,stats    ]   Update Region States               78 us
[2026-04-03T03:23:23.117+0600][80.416s][info][gc,stats    ]   Choose Collection Set              94 us
[2026-04-03T03:23:23.117+0600][80.416s][info][gc,stats    ]   Rebuild Free Set                   43 us
[2026-04-03T03:23:23.117+0600][80.416s][info][gc,stats    ] Concurrent Weak References          398 us, parallelism: 0.28x
[2026-04-03T03:23:23.117+0600][80.416s][info][gc,stats    ]   CWRF: <total>                     111 us
[2026-04-03T03:23:23.117+0600][80.416s][info][gc,stats    ]   CWRF: Weak References             111 us, workers (us):  62,  47,   1, ---, ---, ---, 
[2026-04-03T03:23:23.117+0600][80.416s][info][gc,stats    ] Concurrent Weak Roots              2212 us
[2026-04-03T03:23:23.117+0600][80.416s][info][gc,stats    ]   Roots                            1802 us, parallelism: 2.30x
[2026-04-03T03:23:23.117+0600][80.416s][info][gc,stats    ]     CWR: <total>                   4142 us
[2026-04-03T03:23:23.117+0600][80.416s][info][gc,stats    ]     CWR: Code Cache Roots          3083 us, workers (us): 1047, 1032, 1004, ---, ---, ---, 
[2026-04-03T03:23:23.117+0600][80.416s][info][gc,stats    ]     CWR: VM Weak Roots             1005 us, workers (us): 388, 333, 284, ---, ---, ---, 
[2026-04-03T03:23:23.117+0600][80.416s][info][gc,stats    ]     CWR: CLDG Roots                  54 us, workers (us):  54, ---, ---, ---, ---, ---, 
[2026-04-03T03:23:23.117+0600][80.416s][info][gc,stats    ]   Rendezvous                        315 us
[2026-04-03T03:23:23.117+0600][80.416s][info][gc,stats    ] Concurrent Cleanup                  821 us
[2026-04-03T03:23:23.117+0600][80.416s][info][gc,stats    ] Concurrent Class Unloading         5876 us
[2026-04-03T03:23:23.117+0600][80.416s][info][gc,stats    ]   Unlink Stale                     5468 us
[2026-04-03T03:23:23.117+0600][80.416s][info][gc,stats    ]     System Dictionary                87 us
[2026-04-03T03:23:23.117+0600][80.416s][info][gc,stats    ]     Weak Class Links                  0 us
[2026-04-03T03:23:23.117+0600][80.416s][info][gc,stats    ]     Code Roots                     5378 us
[2026-04-03T03:23:23.117+0600][80.416s][info][gc,stats    ]   Rendezvous                        308 us
[2026-04-03T03:23:23.117+0600][80.416s][info][gc,stats    ]   Purge Unlinked                     11 us
[2026-04-03T03:23:23.117+0600][80.416s][info][gc,stats    ]     Code Roots                        3 us
[2026-04-03T03:23:23.117+0600][80.416s][info][gc,stats    ]     CLDG                              7 us
[2026-04-03T03:23:23.117+0600][80.416s][info][gc,stats    ]     Exception Caches                  0 us
[2026-04-03T03:23:23.117+0600][80.416s][info][gc,stats    ] Pause Final Roots (G)               220 us
[2026-04-03T03:23:23.117+0600][80.416s][info][gc,stats    ] Pause Final Roots (N)                58 us
[2026-04-03T03:23:23.117+0600][80.416s][info][gc,stats    ] Pacing                           129898 us
[2026-04-03T03:23:23.117+0600][80.416s][info][gc,stats    ] 
[2026-04-03T03:23:23.117+0600][80.416s][info][gc,stats    ] Allocation pacing accrued:
[2026-04-03T03:23:23.117+0600][80.416s][info][gc,stats    ]     130 of   181 ms ( 71.9%): main
[2026-04-03T03:23:23.117+0600][80.416s][info][gc,stats    ]     130 of   181 ms ( 71.9%): <total>
[2026-04-03T03:23:23.117+0600][80.416s][info][gc,stats    ]       1 of   181 ms (  0.3%): <average total>
[2026-04-03T03:23:23.117+0600][80.416s][info][gc,stats    ]     130 of   181 ms ( 71.9%): <average non-zero>
[2026-04-03T03:23:23.117+0600][80.416s][info][gc,stats    ] 
[2026-04-03T03:23:23.117+0600][80.416s][info][gc,metaspace] Metaspace: 73534K(74368K)->73538K(74368K) NonClass: 64239K(64704K)->64244K(64704K) Class: 9294K(9664K)->9294K(9664K)
[2026-04-03T03:23:23.117+0600][80.416s][info][gc,ergo     ] Pacer for Idle. Initial: 20480K, Alloc Tax Rate: 1.0x
[2026-04-03T03:23:23.219+0600][80.518s][info][gc          ] Trigger: Average GC time (514.47 ms) is above the time for average allocation rate (1413 MB/s) to deplete free headroom (373M) (margin of error = 1.76)
[2026-04-03T03:23:23.219+0600][80.518s][info][gc,ergo     ] Free headroom: 423M (free) - 51200K (spike) - 0B (penalties) = 373M
[2026-04-03T03:23:23.219+0600][80.518s][info][gc,ergo     ] Free: 423M, Max: 256K regular, 364M humongous, Frag: 14% external, 0% internal; Reserve: 51200K, Max: 256K
[2026-04-03T03:23:23.219+0600][80.518s][info][gc,start    ] GC(98) Concurrent reset
[2026-04-03T03:23:23.219+0600][80.518s][info][gc,task     ] GC(98) Using 3 of 6 workers for concurrent reset
[2026-04-03T03:23:23.219+0600][80.518s][info][gc,ergo     ] GC(98) Pacer for Reset. Non-Taxable: 1000M
[2026-04-03T03:23:23.220+0600][80.519s][info][gc          ] GC(98) Concurrent reset 0.859ms
[2026-04-03T03:23:23.220+0600][80.519s][info][gc,start    ] GC(98) Pause Init Mark (unload classes)
[2026-04-03T03:23:23.220+0600][80.519s][info][gc,task     ] GC(98) Using 6 of 6 workers for init marking
[2026-04-03T03:23:23.220+0600][80.519s][info][gc,ergo     ] GC(98) Pacer for Mark. Expected Live: 202M, Free: 422M, Non-Taxable: 43314K, Alloc Tax Rate: 0.6x
[2026-04-03T03:23:23.220+0600][80.519s][info][gc          ] GC(98) Pause Init Mark (unload classes) 0.108ms
[2026-04-03T03:23:23.220+0600][80.519s][info][gc,start    ] GC(98) Concurrent marking roots
[2026-04-03T03:23:23.220+0600][80.519s][info][gc,task     ] GC(98) Using 3 of 6 workers for concurrent marking roots
[2026-04-03T03:23:23.221+0600][80.520s][info][gc          ] GC(98) Concurrent marking roots 0.857ms
[2026-04-03T03:23:23.221+0600][80.520s][info][gc,start    ] GC(98) Concurrent marking (unload classes)
[2026-04-03T03:23:23.221+0600][80.520s][info][gc,task     ] GC(98) Using 3 of 6 workers for concurrent marking
[2026-04-03T03:23:23.395+0600][80.694s][info][gc          ] GC(98) Concurrent marking (unload classes) 174.167ms
[2026-04-03T03:23:23.396+0600][80.694s][info][gc,start    ] GC(98) Pause Final Mark (unload classes)
[2026-04-03T03:23:23.396+0600][80.694s][info][gc,task     ] GC(98) Using 6 of 6 workers for final marking
[2026-04-03T03:23:23.396+0600][80.695s][info][gc,ergo     ] GC(98) Collectable Garbage: 365M (96%), Immediate: 365M (96%), CSet: 0B (0%)
[2026-04-03T03:23:23.396+0600][80.695s][info][gc          ] GC(98) Pause Final Mark (unload classes) 0.717ms
[2026-04-03T03:23:23.396+0600][80.695s][info][gc,start    ] GC(98) Concurrent weak references
[2026-04-03T03:23:23.397+0600][80.695s][info][gc,task     ] GC(98) Using 3 of 6 workers for concurrent weak references
[2026-04-03T03:23:23.397+0600][80.696s][info][gc,ref      ] GC(98) Encountered references: Soft: 3367, Weak: 6492, Final: 84, Phantom: 599
[2026-04-03T03:23:23.397+0600][80.696s][info][gc,ref      ] GC(98) Discovered  references: Soft: 0, Weak: 3958, Final: 52, Phantom: 596
[2026-04-03T03:23:23.397+0600][80.696s][info][gc,ref      ] GC(98) Enqueued    references: Soft: 0, Weak: 35, Final: 0, Phantom: 0
[2026-04-03T03:23:23.397+0600][80.696s][info][gc          ] GC(98) Concurrent weak references 0.968ms
[2026-04-03T03:23:23.397+0600][80.696s][info][gc,start    ] GC(98) Concurrent weak roots
[2026-04-03T03:23:23.397+0600][80.696s][info][gc,task     ] GC(98) Using 3 of 6 workers for concurrent weak root
[2026-04-03T03:23:23.401+0600][80.699s][info][gc          ] GC(98) Concurrent weak roots 3.094ms
[2026-04-03T03:23:23.401+0600][80.699s][info][gc,start    ] GC(98) Concurrent cleanup
[2026-04-03T03:23:23.401+0600][80.700s][info][gc          ] GC(98) Concurrent cleanup 567M->201M(812M) 0.866ms
[2026-04-03T03:23:23.402+0600][80.700s][info][gc,ergo     ] GC(98) Free: 746M, Max: 256K regular, 398M humongous, Frag: 47% external, 0% internal; Reserve: 51200K, Max: 256K
[2026-04-03T03:23:23.402+0600][80.700s][info][gc,start    ] GC(98) Concurrent class unloading
[2026-04-03T03:23:23.402+0600][80.700s][info][gc,task     ] GC(98) Using 3 of 6 workers for concurrent class unloading
[2026-04-03T03:23:23.409+0600][80.708s][info][gc          ] GC(98) Concurrent class unloading 7.431ms
[2026-04-03T03:23:23.409+0600][80.708s][info][gc,start    ] GC(98) Pause Final Roots
[2026-04-03T03:23:23.409+0600][80.708s][info][gc          ] GC(98) Pause Final Roots 0.077ms
[2026-04-03T03:23:23.410+0600][80.708s][info][gc,ergo     ] Free: 746M, Max: 256K regular, 398M humongous, Frag: 47% external, 0% internal; Reserve: 51200K, Max: 256K
[2026-04-03T03:23:23.410+0600][80.708s][info][gc,stats    ] 
[2026-04-03T03:23:23.410+0600][80.708s][info][gc,stats    ] All times are wall-clock times, except per-root-class counters, that are sum over
[2026-04-03T03:23:23.410+0600][80.709s][info][gc,stats    ] all workers. Dividing the <total> over the root stage time estimates parallelism.
[2026-04-03T03:23:23.410+0600][80.709s][info][gc,stats    ] 
[2026-04-03T03:23:23.410+0600][80.709s][info][gc,stats    ] Concurrent Reset                    905 us
[2026-04-03T03:23:23.410+0600][80.709s][info][gc,stats    ] Pause Init Mark (G)                 286 us
[2026-04-03T03:23:23.410+0600][80.709s][info][gc,stats    ] Pause Init Mark (N)                 135 us
[2026-04-03T03:23:23.410+0600][80.709s][info][gc,stats    ]   Update Region States               28 us
[2026-04-03T03:23:23.410+0600][80.709s][info][gc,stats    ] Concurrent Mark Roots               885 us, parallelism: 1.89x
[2026-04-03T03:23:23.410+0600][80.709s][info][gc,stats    ]   CMR: <total>                     1676 us
[2026-04-03T03:23:23.410+0600][80.709s][info][gc,stats    ]   CMR: Thread Roots                1402 us, workers (us): 582, 333, 487, ---, ---, ---, 
[2026-04-03T03:23:23.410+0600][80.709s][info][gc,stats    ]   CMR: VM Strong Roots               38 us, workers (us):  23,  15,   1, ---, ---, ---, 
[2026-04-03T03:23:23.410+0600][80.709s][info][gc,stats    ]   CMR: CLDG Roots                   236 us, workers (us): ---, 236, ---, ---, ---, ---, 
[2026-04-03T03:23:23.410+0600][80.709s][info][gc,stats    ] Concurrent Marking               174256 us
[2026-04-03T03:23:23.410+0600][80.709s][info][gc,stats    ] Pause Final Mark (G)               1072 us
[2026-04-03T03:23:23.410+0600][80.709s][info][gc,stats    ] Pause Final Mark (N)                734 us
[2026-04-03T03:23:23.410+0600][80.709s][info][gc,stats    ]   Finish Mark                       289 us
[2026-04-03T03:23:23.410+0600][80.709s][info][gc,stats    ]   Update Region States               82 us
[2026-04-03T03:23:23.410+0600][80.709s][info][gc,stats    ]   Choose Collection Set             183 us
[2026-04-03T03:23:23.410+0600][80.709s][info][gc,stats    ]   Rebuild Free Set                   70 us
[2026-04-03T03:23:23.410+0600][80.709s][info][gc,stats    ] Concurrent Weak References          986 us, parallelism: 0.72x
[2026-04-03T03:23:23.410+0600][80.709s][info][gc,stats    ]   CWRF: <total>                     711 us
[2026-04-03T03:23:23.410+0600][80.709s][info][gc,stats    ]   CWRF: Weak References             711 us, workers (us):  34,  45, 632, ---, ---, ---, 
[2026-04-03T03:23:23.410+0600][80.709s][info][gc,stats    ] Concurrent Weak Roots              3156 us
[2026-04-03T03:23:23.410+0600][80.709s][info][gc,stats    ]   Roots                            2819 us, parallelism: 2.62x
[2026-04-03T03:23:23.410+0600][80.709s][info][gc,stats    ]     CWR: <total>                   7394 us
[2026-04-03T03:23:23.410+0600][80.709s][info][gc,stats    ]     CWR: Code Cache Roots          5672 us, workers (us): 1905, 1819, 1948, ---, ---, ---, 
[2026-04-03T03:23:23.410+0600][80.709s][info][gc,stats    ]     CWR: VM Weak Roots             1646 us, workers (us): 554, 547, 545, ---, ---, ---, 
[2026-04-03T03:23:23.410+0600][80.709s][info][gc,stats    ]     CWR: CLDG Roots                  76 us, workers (us): ---,  76, ---, ---, ---, ---, 
[2026-04-03T03:23:23.410+0600][80.709s][info][gc,stats    ]   Rendezvous                        238 us
[2026-04-03T03:23:23.410+0600][80.709s][info][gc,stats    ] Concurrent Cleanup                  884 us
[2026-04-03T03:23:23.410+0600][80.709s][info][gc,stats    ] Concurrent Class Unloading         7495 us
[2026-04-03T03:23:23.410+0600][80.709s][info][gc,stats    ]   Unlink Stale                     6895 us
[2026-04-03T03:23:23.410+0600][80.709s][info][gc,stats    ]     System Dictionary               112 us
[2026-04-03T03:23:23.410+0600][80.709s][info][gc,stats    ]     Weak Class Links                  1 us
[2026-04-03T03:23:23.410+0600][80.709s][info][gc,stats    ]     Code Roots                     6779 us
[2026-04-03T03:23:23.410+0600][80.709s][info][gc,stats    ]   Rendezvous                        324 us
[2026-04-03T03:23:23.410+0600][80.709s][info][gc,stats    ]   Purge Unlinked                    177 us
[2026-04-03T03:23:23.410+0600][80.709s][info][gc,stats    ]     Code Roots                      165 us
[2026-04-03T03:23:23.410+0600][80.709s][info][gc,stats    ]     CLDG                             11 us
[2026-04-03T03:23:23.410+0600][80.709s][info][gc,stats    ]     Exception Caches                  0 us
[2026-04-03T03:23:23.410+0600][80.709s][info][gc,stats    ] Pause Final Roots (G)               402 us
[2026-04-03T03:23:23.410+0600][80.709s][info][gc,stats    ] Pause Final Roots (N)                97 us
[2026-04-03T03:23:23.410+0600][80.709s][info][gc,stats    ] 
[2026-04-03T03:23:23.410+0600][80.709s][info][gc,stats    ] Allocation pacing accrued:
[2026-04-03T03:23:23.410+0600][80.709s][info][gc,stats    ]       0 of   293 ms (  0.0%): <total>
[2026-04-03T03:23:23.410+0600][80.709s][info][gc,stats    ]       0 of   293 ms (  0.0%): <average total>
[2026-04-03T03:23:23.410+0600][80.709s][info][gc,stats    ] 
[2026-04-03T03:23:23.410+0600][80.709s][info][gc,metaspace] Metaspace: 73651K(74432K)->74018K(74880K) NonClass: 64330K(64768K)->64623K(65088K) Class: 9320K(9664K)->9394K(9792K)
[2026-04-03T03:23:23.410+0600][80.709s][info][gc,ergo     ] Pacer for Idle. Initial: 20480K, Alloc Tax Rate: 1.0x
[2026-04-03T03:23:23.924+0600][81.223s][info][gc          ] Cancelling GC: Stopping VM
[2026-04-03T03:23:23.925+0600][81.224s][info][gc,heap,exit] Heap
[2026-04-03T03:23:23.925+0600][81.224s][info][gc,heap,exit] Shenandoah Heap
[2026-04-03T03:23:23.925+0600][81.224s][info][gc,heap,exit]  1000M max, 1000M soft max, 812M committed, 206M used
[2026-04-03T03:23:23.925+0600][81.224s][info][gc,heap,exit]  4000 x 256K regions
[2026-04-03T03:23:23.925+0600][81.224s][info][gc,heap,exit] Status: cancelled
[2026-04-03T03:23:23.925+0600][81.224s][info][gc,heap,exit] Reserved region:
[2026-04-03T03:23:23.925+0600][81.224s][info][gc,heap,exit]  - [0x00000000c1800000, 0x0000000100000000) 
[2026-04-03T03:23:23.925+0600][81.224s][info][gc,heap,exit] Collection set:
[2026-04-03T03:23:23.925+0600][81.224s][info][gc,heap,exit]  - map (vanilla): 0x0000000000013060
[2026-04-03T03:23:23.925+0600][81.224s][info][gc,heap,exit]  - map (biased):  0x0000000000010000
[2026-04-03T03:23:23.925+0600][81.224s][info][gc,heap,exit] 
[2026-04-03T03:23:23.925+0600][81.224s][info][gc,heap,exit]  Metaspace       used 74034K, committed 74880K, reserved 1114112K
[2026-04-03T03:23:23.925+0600][81.224s][info][gc,heap,exit]   class space    used 9394K, committed 9792K, reserved 1048576K
[2026-04-03T03:23:23.926+0600][81.224s][info][gc,stats    ] 
[2026-04-03T03:23:23.926+0600][81.224s][info][gc,stats    ] GC STATISTICS:
[2026-04-03T03:23:23.926+0600][81.224s][info][gc,stats    ]   "(G)" (gross) pauses include VM time: time to notify and block threads, do the pre-
[2026-04-03T03:23:23.926+0600][81.224s][info][gc,stats    ]         and post-safepoint housekeeping. Use -Xlog:safepoint+stats to dissect.
[2026-04-03T03:23:23.926+0600][81.224s][info][gc,stats    ]   "(N)" (net) pauses are the times spent in the actual GC code.
[2026-04-03T03:23:23.926+0600][81.224s][info][gc,stats    ]   "a" is average time for each phase, look at levels to see if average makes sense.
[2026-04-03T03:23:23.926+0600][81.224s][info][gc,stats    ]   "lvls" are quantiles: 0% (minimum), 25%, 50% (median), 75%, 100% (maximum).
[2026-04-03T03:23:23.926+0600][81.224s][info][gc,stats    ] 
[2026-04-03T03:23:23.926+0600][81.224s][info][gc,stats    ]   All times are wall-clock times, except per-root-class counters, that are sum over
[2026-04-03T03:23:23.926+0600][81.224s][info][gc,stats    ]   all workers. Dividing the <total> over the root stage time estimates parallelism.
[2026-04-03T03:23:23.926+0600][81.224s][info][gc,stats    ] 
[2026-04-03T03:23:23.926+0600][81.224s][info][gc,stats    ]   Pacing delays are measured from entering the pacing code till exiting it. Therefore,
[2026-04-03T03:23:23.926+0600][81.224s][info][gc,stats    ]   observed pacing delays may be higher than the threshold when paced thread spent more
[2026-04-03T03:23:23.926+0600][81.224s][info][gc,stats    ]   time in the pacing code. It usually happens when thread is de-scheduled while paced,
[2026-04-03T03:23:23.926+0600][81.224s][info][gc,stats    ]   OS takes longer to unblock the thread, or JVM experiences an STW pause.
[2026-04-03T03:23:23.926+0600][81.224s][info][gc,stats    ] 
[2026-04-03T03:23:23.926+0600][81.224s][info][gc,stats    ]   Higher delay would prevent application outpacing the GC, but it will hide the GC latencies
[2026-04-03T03:23:23.926+0600][81.224s][info][gc,stats    ]   from the STW pause times. Pacing affects the individual threads, and so it would also be
[2026-04-03T03:23:23.926+0600][81.224s][info][gc,stats    ]   invisible to the usual profiling tools, but would add up to end-to-end application latency.
[2026-04-03T03:23:23.926+0600][81.224s][info][gc,stats    ]   Raise max pacing delay with care.
[2026-04-03T03:23:23.926+0600][81.224s][info][gc,stats    ] 
[2026-04-03T03:23:23.926+0600][81.224s][info][gc,stats    ] Concurrent Reset               =    0.200 s (a =     2019 us) (n =    99) (lvls, us =      539,     1074,     1680,     1914,    23189)
[2026-04-03T03:23:23.926+0600][81.224s][info][gc,stats    ] Pause Init Mark (G)            =    0.047 s (a =      475 us) (n =    99) (lvls, us =      197,      381,      443,      543,     1433)
[2026-04-03T03:23:23.926+0600][81.224s][info][gc,stats    ] Pause Init Mark (N)            =    0.018 s (a =      179 us) (n =    99) (lvls, us =       71,      133,      168,      191,      610)
[2026-04-03T03:23:23.926+0600][81.224s][info][gc,stats    ]   Update Region States         =    0.005 s (a =       46 us) (n =    99) (lvls, us =       20,       32,       44,       53,      116)
[2026-04-03T03:23:23.926+0600][81.224s][info][gc,stats    ] Concurrent Mark Roots          =    0.097 s (a =      975 us) (n =    99) (lvls, us =      439,      828,      953,     1035,     2378)
[2026-04-03T03:23:23.926+0600][81.224s][info][gc,stats    ]   CMR: <total>                 =    0.161 s (a =     1627 us) (n =    99) (lvls, us =      727,     1309,     1562,     1816,     5176)
[2026-04-03T03:23:23.926+0600][81.224s][info][gc,stats    ]   CMR: Thread Roots            =    0.130 s (a =     1317 us) (n =    99) (lvls, us =      584,      990,     1230,     1504,     4421)
[2026-04-03T03:23:23.926+0600][81.224s][info][gc,stats    ]   CMR: VM Strong Roots         =    0.005 s (a =       52 us) (n =    99) (lvls, us =       13,       27,       36,       45,      583)
[2026-04-03T03:23:23.926+0600][81.224s][info][gc,stats    ]   CMR: CLDG Roots              =    0.026 s (a =      258 us) (n =    99) (lvls, us =      113,      189,      242,      322,      571)
[2026-04-03T03:23:23.926+0600][81.225s][info][gc,stats    ] Concurrent Marking             =   25.935 s (a =   261972 us) (n =    99) (lvls, us =     5273,   167969,   261719,   292969,  1567442)
[2026-04-03T03:23:23.926+0600][81.225s][info][gc,stats    ] Pause Final Mark (G)           =    0.155 s (a =     1561 us) (n =    99) (lvls, us =      590,     1055,     1309,     1504,    25447)
[2026-04-03T03:23:23.926+0600][81.225s][info][gc,stats    ] Pause Final Mark (N)           =    0.127 s (a =     1287 us) (n =    99) (lvls, us =      393,      805,     1016,     1211,    25044)
[2026-04-03T03:23:23.926+0600][81.225s][info][gc,stats    ]   Finish Mark                  =    0.030 s (a =      300 us) (n =    99) (lvls, us =      117,      242,      297,      340,      505)
[2026-04-03T03:23:23.926+0600][81.225s][info][gc,stats    ]   Update Region States         =    0.007 s (a =       73 us) (n =    99) (lvls, us =       39,       57,       67,       83,      227)
[2026-04-03T03:23:23.926+0600][81.225s][info][gc,stats    ]   Choose Collection Set        =    0.048 s (a =      485 us) (n =    99) (lvls, us =       55,      336,      475,      619,     3018)
[2026-04-03T03:23:23.926+0600][81.225s][info][gc,stats    ]   Rebuild Free Set             =    0.006 s (a =       56 us) (n =    99) (lvls, us =       31,       43,       50,       62,      184)
[2026-04-03T03:23:23.926+0600][81.225s][info][gc,stats    ] Concurrent Thread Roots        =    0.062 s (a =      768 us) (n =    81) (lvls, us =      174,      602,      768,      844,     1947)
[2026-04-03T03:23:23.926+0600][81.225s][info][gc,stats    ]   CTR: <total>                 =    0.115 s (a =     1418 us) (n =    81) (lvls, us =      180,     1074,     1387,     1680,     3698)
[2026-04-03T03:23:23.926+0600][81.225s][info][gc,stats    ]   CTR: Thread Roots            =    0.115 s (a =     1418 us) (n =    81) (lvls, us =      180,     1074,     1387,     1680,     3698)
[2026-04-03T03:23:23.926+0600][81.225s][info][gc,stats    ] Concurrent Weak References     =    0.050 s (a =      509 us) (n =    99) (lvls, us =      191,      332,      410,      641,     1311)
[2026-04-03T03:23:23.926+0600][81.225s][info][gc,stats    ]   CWRF: <total>                =    0.036 s (a =      360 us) (n =    99) (lvls, us =       74,      172,      279,      531,     1097)
[2026-04-03T03:23:23.926+0600][81.225s][info][gc,stats    ]   CWRF: Weak References        =    0.036 s (a =      360 us) (n =    99) (lvls, us =       74,      172,      279,      531,     1097)
[2026-04-03T03:23:23.926+0600][81.225s][info][gc,stats    ] Concurrent Weak Roots          =    0.234 s (a =     2359 us) (n =    99) (lvls, us =      709,     1836,     2246,     2695,     9800)
[2026-04-03T03:23:23.926+0600][81.225s][info][gc,stats    ]   Roots                        =    0.195 s (a =     1973 us) (n =    99) (lvls, us =      563,     1562,     1855,     2324,     4035)
[2026-04-03T03:23:23.926+0600][81.225s][info][gc,stats    ]     CWR: <total>               =    0.484 s (a =     4886 us) (n =    99) (lvls, us =     1172,     3613,     4629,     5879,    10952)
[2026-04-03T03:23:23.926+0600][81.225s][info][gc,stats    ]     CWR: Code Cache Roots      =    0.320 s (a =     3228 us) (n =    99) (lvls, us =      438,     2402,     3066,     4004,     6020)
[2026-04-03T03:23:23.926+0600][81.225s][info][gc,stats    ]     CWR: VM Weak Roots         =    0.155 s (a =     1566 us) (n =    99) (lvls, us =      727,     1191,     1504,     1758,     5610)
[2026-04-03T03:23:23.926+0600][81.225s][info][gc,stats    ]     CWR: CLDG Roots            =    0.009 s (a =       92 us) (n =    99) (lvls, us =        8,       48,       87,      119,      277)
[2026-04-03T03:23:23.926+0600][81.225s][info][gc,stats    ]   Rendezvous                   =    0.029 s (a =      290 us) (n =    99) (lvls, us =       76,      180,      230,      281,     5641)
[2026-04-03T03:23:23.926+0600][81.225s][info][gc,stats    ] Concurrent Cleanup             =    0.055 s (a =      556 us) (n =    99) (lvls, us =      213,      316,      600,      719,     1311)
[2026-04-03T03:23:23.926+0600][81.225s][info][gc,stats    ] Concurrent Class Unloading     =    0.772 s (a =     7796 us) (n =    99) (lvls, us =     1309,     5078,     6250,     7480,    30266)
[2026-04-03T03:23:23.926+0600][81.225s][info][gc,stats    ]   Unlink Stale                 =    0.692 s (a =     6985 us) (n =    99) (lvls, us =      881,     4238,     5547,     6777,    28921)
[2026-04-03T03:23:23.926+0600][81.225s][info][gc,stats    ]     System Dictionary          =    0.013 s (a =      134 us) (n =    99) (lvls, us =        9,       73,      100,      137,      548)
[2026-04-03T03:23:23.926+0600][81.225s][info][gc,stats    ]     Weak Class Links           =    0.149 s (a =     1509 us) (n =    99) (lvls, us =        0,        0,        0,        1,    19405)
[2026-04-03T03:23:23.926+0600][81.225s][info][gc,stats    ]     Code Roots                 =    0.528 s (a =     5338 us) (n =    99) (lvls, us =      869,     4082,     5312,     6309,     9459)
[2026-04-03T03:23:23.926+0600][81.225s][info][gc,stats    ]   Rendezvous                   =    0.030 s (a =      302 us) (n =    99) (lvls, us =      100,      186,      275,      324,     3646)
[2026-04-03T03:23:23.926+0600][81.225s][info][gc,stats    ]   Purge Unlinked               =    0.039 s (a =      392 us) (n =    99) (lvls, us =       10,       91,      193,      420,     6290)
[2026-04-03T03:23:23.926+0600][81.225s][info][gc,stats    ]     Code Roots                 =    0.035 s (a =      356 us) (n =    99) (lvls, us =        3,       82,      182,      369,     6080)
[2026-04-03T03:23:23.926+0600][81.225s][info][gc,stats    ]     CLDG                       =    0.004 s (a =       35 us) (n =    99) (lvls, us =        5,        8,       10,       14,      595)
[2026-04-03T03:23:23.926+0600][81.225s][info][gc,stats    ]     Exception Caches           =    0.000 s (a =        0 us) (n =    99) (lvls, us =        0,        0,        0,        0,        3)
[2026-04-03T03:23:23.926+0600][81.225s][info][gc,stats    ] Concurrent Strong Roots        =    0.073 s (a =      904 us) (n =    81) (lvls, us =      375,      779,      883,      984,     2579)
[2026-04-03T03:23:23.926+0600][81.225s][info][gc,stats    ]   CSR: <total>                 =    0.044 s (a =      542 us) (n =    81) (lvls, us =      195,      436,      500,      561,     2315)
[2026-04-03T03:23:23.926+0600][81.225s][info][gc,stats    ]   CSR: VM Strong Roots         =    0.003 s (a =       41 us) (n =    81) (lvls, us =       12,       27,       39,       49,      195)
[2026-04-03T03:23:23.926+0600][81.225s][info][gc,stats    ]   CSR: CLDG Roots              =    0.041 s (a =      501 us) (n =    81) (lvls, us =      182,      416,      461,      520,     2257)
[2026-04-03T03:23:23.926+0600][81.225s][info][gc,stats    ] Concurrent Evacuation          =    2.060 s (a =    25430 us) (n =    81) (lvls, us =      430,    16992,    25195,    34375,    56444)
[2026-04-03T03:23:23.926+0600][81.225s][info][gc,stats    ] Pause Final Roots (G)          =    0.005 s (a =      278 us) (n =    18) (lvls, us =      178,      215,      244,      307,      507)
[2026-04-03T03:23:23.926+0600][81.225s][info][gc,stats    ] Pause Final Roots (N)          =    0.001 s (a =       60 us) (n =    18) (lvls, us =       30,       46,       56,       59,      121)
[2026-04-03T03:23:23.926+0600][81.225s][info][gc,stats    ] Pause Init Update Refs (G)     =    0.039 s (a =      485 us) (n =    81) (lvls, us =      156,      385,      469,      563,      852)
[2026-04-03T03:23:23.926+0600][81.225s][info][gc,stats    ] Pause Init Update Refs (N)     =    0.013 s (a =      156 us) (n =    81) (lvls, us =       51,      109,      148,      184,      418)
[2026-04-03T03:23:23.926+0600][81.225s][info][gc,stats    ]   Manage GCLABs                =    0.002 s (a =       30 us) (n =    81) (lvls, us =        5,       16,       24,       35,       98)
[2026-04-03T03:23:23.926+0600][81.225s][info][gc,stats    ] Concurrent Update Refs         =   11.964 s (a =   147705 us) (n =    81) (lvls, us =     2832,   123047,   156250,   171875,   248295)
[2026-04-03T03:23:23.926+0600][81.225s][info][gc,stats    ] Concurrent Update Thread Roots =    0.089 s (a =     1101 us) (n =    81) (lvls, us =      227,      842,     1113,     1289,     2873)
[2026-04-03T03:23:23.926+0600][81.225s][info][gc,stats    ] Pause Final Update Refs (G)    =    0.047 s (a =      584 us) (n =    81) (lvls, us =      219,      506,      574,      668,      922)
[2026-04-03T03:23:23.926+0600][81.225s][info][gc,stats    ] Pause Final Update Refs (N)    =    0.023 s (a =      280 us) (n =    81) (lvls, us =      141,      227,      275,      318,      565)
[2026-04-03T03:23:23.926+0600][81.225s][info][gc,stats    ]   Update Region States         =    0.006 s (a =       76 us) (n =    81) (lvls, us =       37,       62,       70,       81,      155)
[2026-04-03T03:23:23.926+0600][81.225s][info][gc,stats    ]   Trash Collection Set         =    0.002 s (a =       26 us) (n =    81) (lvls, us =        4,       18,       26,       31,       53)
[2026-04-03T03:23:23.926+0600][81.225s][info][gc,stats    ]   Rebuild Free Set             =    0.004 s (a =       55 us) (n =    81) (lvls, us =       29,       47,       53,       60,      124)
[2026-04-03T03:23:23.926+0600][81.225s][info][gc,stats    ] Concurrent Cleanup             =    0.051 s (a =      633 us) (n =    81) (lvls, us =      258,      463,      547,      797,     1177)
[2026-04-03T03:23:23.926+0600][81.225s][info][gc,stats    ] Concurrent Uncommit            =    0.387 s (a =   129118 us) (n =     3) (lvls, us =   105469,   105469,   105469,   130859,   150050)
[2026-04-03T03:23:23.926+0600][81.225s][info][gc,stats    ] Pacing                         =   22.380 s (a =   226060 us) (n =    99) (lvls, us =        0,        0,   195312,   398438,  1330413)
[2026-04-03T03:23:23.926+0600][81.225s][info][gc,stats    ] 
[2026-04-03T03:23:23.926+0600][81.225s][info][gc,stats    ] 
[2026-04-03T03:23:23.926+0600][81.225s][info][gc,stats    ] Under allocation pressure, concurrent cycles may cancel, and either continue cycle
[2026-04-03T03:23:23.926+0600][81.225s][info][gc,stats    ] under stop-the-world pause or result in stop-the-world Full GC. Increase heap size,
[2026-04-03T03:23:23.926+0600][81.225s][info][gc,stats    ] tune GC heuristics, set more aggressive pacing delay, or lower allocation rate
[2026-04-03T03:23:23.926+0600][81.225s][info][gc,stats    ] to avoid Degenerated and Full GC cycles.
[2026-04-03T03:23:23.926+0600][81.225s][info][gc,stats    ] 
[2026-04-03T03:23:23.926+0600][81.225s][info][gc,stats    ]    99 successful concurrent GCs
[2026-04-03T03:23:23.926+0600][81.225s][info][gc,stats    ]       3 invoked explicitly
[2026-04-03T03:23:23.926+0600][81.225s][info][gc,stats    ]       0 invoked implicitly
[2026-04-03T03:23:23.926+0600][81.225s][info][gc,stats    ] 
[2026-04-03T03:23:23.926+0600][81.225s][info][gc,stats    ]     0 Degenerated GCs
[2026-04-03T03:23:23.926+0600][81.225s][info][gc,stats    ]       0 caused by allocation failure
[2026-04-03T03:23:23.926+0600][81.225s][info][gc,stats    ]       0 upgraded to Full GC
[2026-04-03T03:23:23.926+0600][81.225s][info][gc,stats    ] 
[2026-04-03T03:23:23.926+0600][81.225s][info][gc,stats    ]     0 Full GCs
[2026-04-03T03:23:23.926+0600][81.225s][info][gc,stats    ]       0 invoked explicitly
[2026-04-03T03:23:23.926+0600][81.225s][info][gc,stats    ]       0 invoked implicitly
[2026-04-03T03:23:23.926+0600][81.225s][info][gc,stats    ]       0 caused by allocation failure
[2026-04-03T03:23:23.926+0600][81.225s][info][gc,stats    ]       0 upgraded from Degenerated GC
[2026-04-03T03:23:23.926+0600][81.225s][info][gc,stats    ] 
[2026-04-03T03:23:23.926+0600][81.225s][info][gc,stats    ] 
