[2026-04-03T03:35:21.029+0600][0.006s][info][gc] Heuristics ergonomically sets -XX:+ExplicitGCInvokesConcurrent
[2026-04-03T03:35:21.029+0600][0.006s][info][gc] Heuristics ergonomically sets -XX:+ShenandoahImplicitGCInvokesConcurrent
[2026-04-03T03:35:21.029+0600][0.006s][info][gc] Using Shenandoah
[2026-04-03T03:35:21.030+0600][0.007s][info][gc,ergo] Pacer for Idle. Initial: 35840K, Alloc Tax Rate: 1.0x
[2026-04-03T03:35:21.031+0600][0.008s][info][gc,init] Version: 21.0.10+7-Ubuntu-124.04 (release)
[2026-04-03T03:35:21.031+0600][0.008s][info][gc,init] CPUs: 12 total, 12 available
[2026-04-03T03:35:21.031+0600][0.008s][info][gc,init] Memory: 15683M
[2026-04-03T03:35:21.031+0600][0.008s][info][gc,init] Large Page Support: Disabled
[2026-04-03T03:35:21.031+0600][0.008s][info][gc,init] NUMA Support: Disabled
[2026-04-03T03:35:21.031+0600][0.008s][info][gc,init] Compressed Oops: Enabled (32-bit)
[2026-04-03T03:35:21.031+0600][0.008s][info][gc,init] Heap Min Capacity: 6656K
[2026-04-03T03:35:21.031+0600][0.008s][info][gc,init] Heap Initial Capacity: 251392K
[2026-04-03T03:35:21.031+0600][0.008s][info][gc,init] Heap Max Capacity: 1750M
[2026-04-03T03:35:21.031+0600][0.008s][info][gc,init] Pre-touch: Disabled
[2026-04-03T03:35:21.031+0600][0.008s][info][gc,init] Mode: Snapshot-At-The-Beginning (SATB)
[2026-04-03T03:35:21.031+0600][0.008s][info][gc,init] Heuristics: Adaptive
[2026-04-03T03:35:21.031+0600][0.008s][info][gc,init] Heap Region Count: 3500
[2026-04-03T03:35:21.031+0600][0.008s][info][gc,init] Heap Region Size: 512K
[2026-04-03T03:35:21.031+0600][0.008s][info][gc,init] TLAB Size Max: 512K
[2026-04-03T03:35:21.031+0600][0.008s][info][gc,init] Humongous Object Threshold: 512K
[2026-04-03T03:35:21.031+0600][0.008s][info][gc,init] Parallel Workers: 6
[2026-04-03T03:35:21.031+0600][0.008s][info][gc,init] Concurrent Workers: 3
[2026-04-03T03:35:21.041+0600][0.018s][info][gc,metaspace] CDS archive(s) mapped at: [0x000074ade7000000-0x000074ade7c9c000-0x000074ade7c9c000), size 13221888, SharedBaseAddress: 0x000074ade7000000, ArchiveRelocationMode: 1.
[2026-04-03T03:35:21.041+0600][0.018s][info][gc,metaspace] Compressed class space mapped at: 0x000074ade8000000-0x000074ae28000000, reserved size: 1073741824
[2026-04-03T03:35:21.041+0600][0.018s][info][gc,metaspace] Narrow klass base: 0x000074ade7000000, Narrow klass shift: 0, Narrow klass range: 0x100000000
[2026-04-03T03:35:25.205+0600][4.182s][info][gc          ] Trigger: Metadata GC Threshold
[2026-04-03T03:35:25.205+0600][4.182s][info][gc,ergo     ] Free: 1296M, Max: 512K regular, 1296M humongous, Frag: 0% external, 0% internal; Reserve: 89600K, Max: 512K
[2026-04-03T03:35:25.206+0600][4.182s][info][gc,start    ] GC(0) Concurrent reset
[2026-04-03T03:35:25.206+0600][4.183s][info][gc,task     ] GC(0) Using 3 of 6 workers for concurrent reset
[2026-04-03T03:35:25.206+0600][4.183s][info][gc,ergo     ] GC(0) Pacer for Reset. Non-Taxable: 1750M
[2026-04-03T03:35:25.206+0600][4.183s][info][gc          ] GC(0) Concurrent reset 0.904ms
[2026-04-03T03:35:25.207+0600][4.184s][info][gc,start    ] GC(0) Pause Init Mark (unload classes)
[2026-04-03T03:35:25.207+0600][4.184s][info][gc,task     ] GC(0) Using 6 of 6 workers for init marking
[2026-04-03T03:35:25.207+0600][4.184s][info][gc,ergo     ] GC(0) Pacer for Mark. Expected Live: 175M, Free: 1296M, Non-Taxable: 129M, Alloc Tax Rate: 0.2x
[2026-04-03T03:35:25.207+0600][4.184s][info][gc          ] GC(0) Pause Init Mark (unload classes) 0.683ms
[2026-04-03T03:35:25.207+0600][4.184s][info][gc,start    ] GC(0) Concurrent marking roots
[2026-04-03T03:35:25.207+0600][4.184s][info][gc,task     ] GC(0) Using 3 of 6 workers for concurrent marking roots
[2026-04-03T03:35:25.210+0600][4.187s][info][gc          ] GC(0) Concurrent marking roots 2.455ms
[2026-04-03T03:35:25.210+0600][4.187s][info][gc,start    ] GC(0) Concurrent marking (unload classes)
[2026-04-03T03:35:25.210+0600][4.187s][info][gc,task     ] GC(0) Using 3 of 6 workers for concurrent marking
[2026-04-03T03:35:25.219+0600][4.196s][info][gc          ] GC(0) Concurrent marking (unload classes) 9.021ms
[2026-04-03T03:35:25.219+0600][4.196s][info][gc,start    ] GC(0) Pause Final Mark (unload classes)
[2026-04-03T03:35:25.219+0600][4.196s][info][gc,task     ] GC(0) Using 6 of 6 workers for final marking
[2026-04-03T03:35:25.219+0600][4.196s][info][gc,ergo     ] GC(0) Adaptive CSet Selection. Target Free: 247M, Actual Free: 1384M, Max CSet: 74666K, Min Garbage: 0B
[2026-04-03T03:35:25.220+0600][4.197s][info][gc,ergo     ] GC(0) Collectable Garbage: 346M (99%), Immediate: 512K (0%), CSet: 345M (99%)
[2026-04-03T03:35:25.220+0600][4.197s][info][gc,ergo     ] GC(0) Pacer for Evacuation. Used CSet: 357M, Free: 1296M, Non-Taxable: 129M, Alloc Tax Rate: 1.1x
[2026-04-03T03:35:25.220+0600][4.197s][info][gc          ] GC(0) Pause Final Mark (unload classes) 0.520ms
[2026-04-03T03:35:25.220+0600][4.197s][info][gc,start    ] GC(0) Concurrent thread roots
[2026-04-03T03:35:25.220+0600][4.197s][info][gc,task     ] GC(0) Using 3 of 6 workers for Concurrent thread roots
[2026-04-03T03:35:25.220+0600][4.197s][info][gc          ] GC(0) Concurrent thread roots 0.509ms
[2026-04-03T03:35:25.220+0600][4.197s][info][gc,start    ] GC(0) Concurrent weak references
[2026-04-03T03:35:25.220+0600][4.197s][info][gc,task     ] GC(0) Using 3 of 6 workers for concurrent weak references
[2026-04-03T03:35:25.221+0600][4.198s][info][gc,ref      ] GC(0) Encountered references: Soft: 3498, Weak: 1459, Final: 0, Phantom: 563
[2026-04-03T03:35:25.221+0600][4.198s][info][gc,ref      ] GC(0) Discovered  references: Soft: 0, Weak: 1054, Final: 0, Phantom: 561
[2026-04-03T03:35:25.221+0600][4.198s][info][gc,ref      ] GC(0) Enqueued    references: Soft: 0, Weak: 452, Final: 0, Phantom: 0
[2026-04-03T03:35:25.221+0600][4.198s][info][gc          ] GC(0) Concurrent weak references 0.543ms
[2026-04-03T03:35:25.221+0600][4.198s][info][gc,start    ] GC(0) Concurrent weak roots
[2026-04-03T03:35:25.221+0600][4.198s][info][gc,task     ] GC(0) Using 3 of 6 workers for concurrent weak root
[2026-04-03T03:35:25.222+0600][4.199s][info][gc          ] GC(0) Concurrent weak roots 0.997ms
[2026-04-03T03:35:25.222+0600][4.199s][info][gc,start    ] GC(0) Concurrent cleanup
[2026-04-03T03:35:25.222+0600][4.199s][info][gc          ] GC(0) Concurrent cleanup 365M->365M(367M) 0.175ms
[2026-04-03T03:35:25.222+0600][4.199s][info][gc,ergo     ] GC(0) Free: 1296M, Max: 512K regular, 1295M humongous, Frag: 1% external, 0% internal; Reserve: 89088K, Max: 512K
[2026-04-03T03:35:25.222+0600][4.199s][info][gc,start    ] GC(0) Concurrent class unloading
[2026-04-03T03:35:25.222+0600][4.199s][info][gc,task     ] GC(0) Using 3 of 6 workers for concurrent class unloading
[2026-04-03T03:35:25.224+0600][4.201s][info][gc          ] GC(0) Concurrent class unloading 2.224ms
[2026-04-03T03:35:25.224+0600][4.201s][info][gc,start    ] GC(0) Concurrent strong roots
[2026-04-03T03:35:25.224+0600][4.201s][info][gc,task     ] GC(0) Using 3 of 6 workers for concurrent strong root
[2026-04-03T03:35:25.225+0600][4.202s][info][gc          ] GC(0) Concurrent strong roots 0.928ms
[2026-04-03T03:35:25.225+0600][4.202s][info][gc,start    ] GC(0) Concurrent evacuation
[2026-04-03T03:35:25.225+0600][4.202s][info][gc,task     ] GC(0) Using 3 of 6 workers for concurrent evacuation
[2026-04-03T03:35:25.233+0600][4.210s][info][gc          ] GC(0) Concurrent evacuation 7.877ms
[2026-04-03T03:35:25.234+0600][4.211s][info][gc,start    ] GC(0) Pause Init Update Refs
[2026-04-03T03:35:25.234+0600][4.211s][info][gc,ergo     ] GC(0) Pacer for Update Refs. Used: 379M, Free: 1295M, Non-Taxable: 129M, Alloc Tax Rate: 1.1x
[2026-04-03T03:35:25.234+0600][4.211s][info][gc          ] GC(0) Pause Init Update Refs 0.084ms
[2026-04-03T03:35:25.234+0600][4.211s][info][gc,start    ] GC(0) Concurrent update references
[2026-04-03T03:35:25.234+0600][4.211s][info][gc,task     ] GC(0) Using 3 of 6 workers for concurrent reference update
[2026-04-03T03:35:25.238+0600][4.215s][info][gc          ] GC(0) Concurrent update references 3.834ms
[2026-04-03T03:35:25.238+0600][4.215s][info][gc,start    ] GC(0) Concurrent update thread roots
[2026-04-03T03:35:25.238+0600][4.215s][info][gc          ] GC(0) Concurrent update thread roots 0.746ms
[2026-04-03T03:35:25.239+0600][4.216s][info][gc,start    ] GC(0) Pause Final Update Refs
[2026-04-03T03:35:25.239+0600][4.216s][info][gc,task     ] GC(0) Using 6 of 6 workers for final reference update
[2026-04-03T03:35:25.239+0600][4.216s][info][gc          ] GC(0) Pause Final Update Refs 0.179ms
[2026-04-03T03:35:25.239+0600][4.216s][info][gc,start    ] GC(0) Concurrent cleanup
[2026-04-03T03:35:25.239+0600][4.216s][info][gc          ] GC(0) Concurrent cleanup 379M->22M(381M) 0.277ms
[2026-04-03T03:35:25.239+0600][4.216s][info][gc,ergo     ] Free: 1638M, Max: 512K regular, 1281M humongous, Frag: 22% external, 0% internal; Reserve: 89600K, Max: 512K
[2026-04-03T03:35:25.239+0600][4.216s][info][gc,stats    ] 
[2026-04-03T03:35:25.239+0600][4.216s][info][gc,stats    ] All times are wall-clock times, except per-root-class counters, that are sum over
[2026-04-03T03:35:25.239+0600][4.216s][info][gc,stats    ] all workers. Dividing the <total> over the root stage time estimates parallelism.
[2026-04-03T03:35:25.239+0600][4.216s][info][gc,stats    ] 
[2026-04-03T03:35:25.239+0600][4.216s][info][gc,stats    ] Concurrent Reset                    937 us
[2026-04-03T03:35:25.239+0600][4.216s][info][gc,stats    ] Pause Init Mark (G)                 923 us
[2026-04-03T03:35:25.239+0600][4.216s][info][gc,stats    ] Pause Init Mark (N)                 695 us
[2026-04-03T03:35:25.239+0600][4.216s][info][gc,stats    ]   Update Region States               27 us
[2026-04-03T03:35:25.239+0600][4.216s][info][gc,stats    ] Concurrent Mark Roots              2505 us, parallelism: 1.43x
[2026-04-03T03:35:25.239+0600][4.216s][info][gc,stats    ]   CMR: <total>                     3590 us
[2026-04-03T03:35:25.239+0600][4.216s][info][gc,stats    ]   CMR: Thread Roots                2363 us, workers (us): 341,   0, 2023, ---, ---, ---, 
[2026-04-03T03:35:25.239+0600][4.216s][info][gc,stats    ]   CMR: VM Strong Roots              503 us, workers (us): 274,   5, 224, ---, ---, ---, 
[2026-04-03T03:35:25.239+0600][4.216s][info][gc,stats    ]   CMR: CLDG Roots                   723 us, workers (us): ---, 723, ---, ---, ---, ---, 
[2026-04-03T03:35:25.239+0600][4.216s][info][gc,stats    ] Concurrent Marking                 9102 us
[2026-04-03T03:35:25.239+0600][4.216s][info][gc,stats    ] Pause Final Mark (G)                783 us
[2026-04-03T03:35:25.239+0600][4.216s][info][gc,stats    ] Pause Final Mark (N)                529 us
[2026-04-03T03:35:25.239+0600][4.216s][info][gc,stats    ]   Finish Mark                       142 us
[2026-04-03T03:35:25.239+0600][4.216s][info][gc,stats    ]   Update Region States               50 us
[2026-04-03T03:35:25.239+0600][4.216s][info][gc,stats    ]   Choose Collection Set             220 us
[2026-04-03T03:35:25.239+0600][4.216s][info][gc,stats    ]   Rebuild Free Set                   39 us
[2026-04-03T03:35:25.239+0600][4.216s][info][gc,stats    ] Concurrent Thread Roots             540 us, parallelism: 0.93x
[2026-04-03T03:35:25.240+0600][4.216s][info][gc,stats    ]   CTR: <total>                      504 us
[2026-04-03T03:35:25.240+0600][4.216s][info][gc,stats    ]   CTR: Thread Roots                 504 us, workers (us): 429,  72,   2, ---, ---, ---, 
[2026-04-03T03:35:25.240+0600][4.216s][info][gc,stats    ] Concurrent Weak References          555 us, parallelism: 1.17x
[2026-04-03T03:35:25.240+0600][4.216s][info][gc,stats    ]   CWRF: <total>                     650 us
[2026-04-03T03:35:25.240+0600][4.216s][info][gc,stats    ]   CWRF: Weak References             650 us, workers (us): 260, 370,  19, ---, ---, ---, 
[2026-04-03T03:35:25.240+0600][4.216s][info][gc,stats    ] Concurrent Weak Roots              1041 us
[2026-04-03T03:35:25.240+0600][4.217s][info][gc,stats    ]   Roots                             872 us, parallelism: 2.41x
[2026-04-03T03:35:25.240+0600][4.217s][info][gc,stats    ]     CWR: <total>                   2104 us
[2026-04-03T03:35:25.240+0600][4.217s][info][gc,stats    ]     CWR: Code Cache Roots           728 us, workers (us): 255, 206, 268, ---, ---, ---, 
[2026-04-03T03:35:25.240+0600][4.217s][info][gc,stats    ]     CWR: VM Weak Roots             1361 us, workers (us): 455, 452, 454, ---, ---, ---, 
[2026-04-03T03:35:25.240+0600][4.217s][info][gc,stats    ]     CWR: CLDG Roots                  15 us, workers (us): ---,  15, ---, ---, ---, ---, 
[2026-04-03T03:35:25.240+0600][4.217s][info][gc,stats    ]   Rendezvous                        103 us
[2026-04-03T03:35:25.240+0600][4.217s][info][gc,stats    ] Concurrent Cleanup                  191 us
[2026-04-03T03:35:25.240+0600][4.217s][info][gc,stats    ] Concurrent Class Unloading         2279 us
[2026-04-03T03:35:25.240+0600][4.217s][info][gc,stats    ]   Unlink Stale                     1480 us
[2026-04-03T03:35:25.240+0600][4.217s][info][gc,stats    ]     System Dictionary                30 us
[2026-04-03T03:35:25.240+0600][4.217s][info][gc,stats    ]     Weak Class Links                  0 us
[2026-04-03T03:35:25.240+0600][4.217s][info][gc,stats    ]     Code Roots                     1447 us
[2026-04-03T03:35:25.240+0600][4.217s][info][gc,stats    ]   Rendezvous                        139 us
[2026-04-03T03:35:25.240+0600][4.217s][info][gc,stats    ]   Purge Unlinked                    581 us
[2026-04-03T03:35:25.240+0600][4.217s][info][gc,stats    ]     Code Roots                      570 us
[2026-04-03T03:35:25.240+0600][4.217s][info][gc,stats    ]     CLDG                             11 us
[2026-04-03T03:35:25.240+0600][4.217s][info][gc,stats    ]     Exception Caches                  0 us
[2026-04-03T03:35:25.240+0600][4.217s][info][gc,stats    ] Concurrent Strong Roots             960 us, parallelism: 0.86x
[2026-04-03T03:35:25.240+0600][4.217s][info][gc,stats    ]   CSR: <total>                      827 us
[2026-04-03T03:35:25.240+0600][4.217s][info][gc,stats    ]   CSR: VM Strong Roots               20 us, workers (us):  13,   7,   0, ---, ---, ---, 
[2026-04-03T03:35:25.240+0600][4.217s][info][gc,stats    ]   CSR: CLDG Roots                   807 us, workers (us): ---, 807, ---, ---, ---, ---, 
[2026-04-03T03:35:25.240+0600][4.217s][info][gc,stats    ] Concurrent Evacuation              7942 us
[2026-04-03T03:35:25.240+0600][4.217s][info][gc,stats    ] Pause Init Update Refs (G)          425 us
[2026-04-03T03:35:25.240+0600][4.217s][info][gc,stats    ] Pause Init Update Refs (N)           95 us
[2026-04-03T03:35:25.240+0600][4.217s][info][gc,stats    ]   Manage GCLABs                       8 us
[2026-04-03T03:35:25.240+0600][4.217s][info][gc,stats    ] Concurrent Update Refs             3896 us
[2026-04-03T03:35:25.240+0600][4.217s][info][gc,stats    ] Concurrent Update Thread Roots      815 us
[2026-04-03T03:35:25.240+0600][4.217s][info][gc,stats    ] Pause Final Update Refs (G)         459 us
[2026-04-03T03:35:25.240+0600][4.217s][info][gc,stats    ] Pause Final Update Refs (N)         190 us
[2026-04-03T03:35:25.240+0600][4.217s][info][gc,stats    ]   Update Region States               42 us
[2026-04-03T03:35:25.240+0600][4.217s][info][gc,stats    ]   Trash Collection Set               15 us
[2026-04-03T03:35:25.240+0600][4.217s][info][gc,stats    ]   Rebuild Free Set                   29 us
[2026-04-03T03:35:25.240+0600][4.217s][info][gc,stats    ] Concurrent Cleanup                  303 us
[2026-04-03T03:35:25.240+0600][4.217s][info][gc,stats    ] 
[2026-04-03T03:35:25.240+0600][4.217s][info][gc,stats    ] Allocation pacing accrued:
[2026-04-03T03:35:25.240+0600][4.217s][info][gc,stats    ]       0 of  4210 ms (  0.0%): <total>
[2026-04-03T03:35:25.240+0600][4.217s][info][gc,stats    ]       0 of  4210 ms (  0.0%): <average total>
[2026-04-03T03:35:25.240+0600][4.217s][info][gc,stats    ] 
[2026-04-03T03:35:25.240+0600][4.217s][info][gc,metaspace] Metaspace: 21331K(21568K)->21424K(21760K) NonClass: 18686K(18816K)->18757K(18944K) Class: 2644K(2752K)->2666K(2816K)
[2026-04-03T03:35:25.240+0600][4.217s][info][gc,ergo     ] Pacer for Idle. Initial: 35840K, Alloc Tax Rate: 1.0x
[2026-04-03T03:35:28.081+0600][7.058s][info][gc          ] Trigger: Metadata GC Threshold
[2026-04-03T03:35:28.081+0600][7.058s][info][gc,ergo     ] Free: 1511M, Max: 512K regular, 1281M humongous, Frag: 16% external, 0% internal; Reserve: 89600K, Max: 512K
[2026-04-03T03:35:28.081+0600][7.058s][info][gc,start    ] GC(1) Concurrent reset
[2026-04-03T03:35:28.081+0600][7.058s][info][gc,task     ] GC(1) Using 3 of 6 workers for concurrent reset
[2026-04-03T03:35:28.081+0600][7.058s][info][gc,ergo     ] GC(1) Pacer for Reset. Non-Taxable: 1750M
[2026-04-03T03:35:28.089+0600][7.066s][info][gc          ] GC(1) Concurrent reset 7.994ms
[2026-04-03T03:35:28.105+0600][7.082s][info][gc,start    ] GC(1) Pause Init Mark (unload classes)
[2026-04-03T03:35:28.105+0600][7.082s][info][gc,task     ] GC(1) Using 6 of 6 workers for init marking
[2026-04-03T03:35:28.105+0600][7.082s][info][gc,ergo     ] GC(1) Pacer for Mark. Expected Live: 18343K, Free: 1509M, Non-Taxable: 150M, Alloc Tax Rate: 0.0x
[2026-04-03T03:35:28.105+0600][7.082s][info][gc          ] GC(1) Pause Init Mark (unload classes) 0.147ms
[2026-04-03T03:35:28.105+0600][7.082s][info][gc,start    ] GC(1) Concurrent marking roots
[2026-04-03T03:35:28.105+0600][7.082s][info][gc,task     ] GC(1) Using 3 of 6 workers for concurrent marking roots
[2026-04-03T03:35:28.106+0600][7.083s][info][gc          ] GC(1) Concurrent marking roots 1.077ms
[2026-04-03T03:35:28.106+0600][7.083s][info][gc,start    ] GC(1) Concurrent marking (unload classes)
[2026-04-03T03:35:28.106+0600][7.083s][info][gc,task     ] GC(1) Using 3 of 6 workers for concurrent marking
[2026-04-03T03:35:28.115+0600][7.092s][info][gc          ] GC(1) Concurrent marking (unload classes) 9.271ms
[2026-04-03T03:35:28.116+0600][7.093s][info][gc,start    ] GC(1) Pause Final Mark (unload classes)
[2026-04-03T03:35:28.116+0600][7.093s][info][gc,task     ] GC(1) Using 6 of 6 workers for final marking
[2026-04-03T03:35:28.116+0600][7.093s][info][gc,ergo     ] GC(1) Adaptive CSet Selection. Target Free: 247M, Actual Free: 1606M, Max CSet: 74666K, Min Garbage: 0B
[2026-04-03T03:35:28.116+0600][7.093s][info][gc,ergo     ] GC(1) Collectable Garbage: 124M (99%), Immediate: 11148K (8%), CSet: 113M (90%)
[2026-04-03T03:35:28.116+0600][7.093s][info][gc,ergo     ] GC(1) Pacer for Evacuation. Used CSet: 118M, Free: 1523M, Non-Taxable: 152M, Alloc Tax Rate: 1.1x
[2026-04-03T03:35:28.116+0600][7.093s][info][gc          ] GC(1) Pause Final Mark (unload classes) 0.725ms
[2026-04-03T03:35:28.116+0600][7.093s][info][gc,start    ] GC(1) Concurrent thread roots
[2026-04-03T03:35:28.116+0600][7.093s][info][gc,task     ] GC(1) Using 3 of 6 workers for Concurrent thread roots
[2026-04-03T03:35:28.117+0600][7.094s][info][gc          ] GC(1) Concurrent thread roots 0.535ms
[2026-04-03T03:35:28.117+0600][7.094s][info][gc,start    ] GC(1) Concurrent weak references
[2026-04-03T03:35:28.117+0600][7.094s][info][gc,task     ] GC(1) Using 3 of 6 workers for concurrent weak references
[2026-04-03T03:35:28.118+0600][7.095s][info][gc,ref      ] GC(1) Encountered references: Soft: 3861, Weak: 2556, Final: 80, Phantom: 569
[2026-04-03T03:35:28.118+0600][7.095s][info][gc,ref      ] GC(1) Discovered  references: Soft: 0, Weak: 1321, Final: 0, Phantom: 543
[2026-04-03T03:35:28.118+0600][7.095s][info][gc,ref      ] GC(1) Enqueued    references: Soft: 0, Weak: 487, Final: 0, Phantom: 1
[2026-04-03T03:35:28.118+0600][7.095s][info][gc          ] GC(1) Concurrent weak references 0.618ms
[2026-04-03T03:35:28.118+0600][7.095s][info][gc,start    ] GC(1) Concurrent weak roots
[2026-04-03T03:35:28.118+0600][7.095s][info][gc,task     ] GC(1) Using 3 of 6 workers for concurrent weak root
[2026-04-03T03:35:28.120+0600][7.097s][info][gc          ] GC(1) Concurrent weak roots 1.895ms
[2026-04-03T03:35:28.120+0600][7.097s][info][gc,start    ] GC(1) Concurrent cleanup
[2026-04-03T03:35:28.120+0600][7.097s][info][gc          ] GC(1) Concurrent cleanup 149M->138M(382M) 0.228ms
[2026-04-03T03:35:28.120+0600][7.097s][info][gc,ergo     ] GC(1) Free: 1523M, Max: 512K regular, 1281M humongous, Frag: 16% external, 0% internal; Reserve: 88318K, Max: 512K
[2026-04-03T03:35:28.120+0600][7.097s][info][gc,start    ] GC(1) Concurrent class unloading
[2026-04-03T03:35:28.120+0600][7.097s][info][gc,task     ] GC(1) Using 3 of 6 workers for concurrent class unloading
[2026-04-03T03:35:28.124+0600][7.101s][info][gc          ] GC(1) Concurrent class unloading 3.622ms
[2026-04-03T03:35:28.124+0600][7.101s][info][gc,start    ] GC(1) Concurrent strong roots
[2026-04-03T03:35:28.124+0600][7.101s][info][gc,task     ] GC(1) Using 3 of 6 workers for concurrent strong root
[2026-04-03T03:35:28.125+0600][7.102s][info][gc          ] GC(1) Concurrent strong roots 1.136ms
[2026-04-03T03:35:28.125+0600][7.102s][info][gc,start    ] GC(1) Concurrent evacuation
[2026-04-03T03:35:28.125+0600][7.102s][info][gc,task     ] GC(1) Using 3 of 6 workers for concurrent evacuation
[2026-04-03T03:35:28.130+0600][7.107s][info][gc          ] GC(1) Concurrent evacuation 4.910ms
[2026-04-03T03:35:28.130+0600][7.107s][info][gc,start    ] GC(1) Pause Init Update Refs
[2026-04-03T03:35:28.130+0600][7.107s][info][gc,ergo     ] GC(1) Pacer for Update Refs. Used: 147M, Free: 1520M, Non-Taxable: 152M, Alloc Tax Rate: 1.1x
[2026-04-03T03:35:28.130+0600][7.107s][info][gc          ] GC(1) Pause Init Update Refs 0.069ms
[2026-04-03T03:35:28.130+0600][7.107s][info][gc,start    ] GC(1) Concurrent update references
[2026-04-03T03:35:28.130+0600][7.107s][info][gc,task     ] GC(1) Using 3 of 6 workers for concurrent reference update
[2026-04-03T03:35:28.139+0600][7.116s][info][gc          ] GC(1) Concurrent update references 8.487ms
[2026-04-03T03:35:28.139+0600][7.116s][info][gc,start    ] GC(1) Concurrent update thread roots
[2026-04-03T03:35:28.139+0600][7.116s][info][gc          ] GC(1) Concurrent update thread roots 0.506ms
[2026-04-03T03:35:28.139+0600][7.116s][info][gc,start    ] GC(1) Pause Final Update Refs
[2026-04-03T03:35:28.139+0600][7.116s][info][gc,task     ] GC(1) Using 6 of 6 workers for final reference update
[2026-04-03T03:35:28.140+0600][7.117s][info][gc          ] GC(1) Pause Final Update Refs 0.159ms
[2026-04-03T03:35:28.140+0600][7.117s][info][gc,start    ] GC(1) Concurrent cleanup
[2026-04-03T03:35:28.140+0600][7.117s][info][gc          ] GC(1) Concurrent cleanup 149M->30M(388M) 0.257ms
[2026-04-03T03:35:28.140+0600][7.117s][info][gc,ergo     ] Free: 1630M, Max: 512K regular, 1358M humongous, Frag: 17% external, 0% internal; Reserve: 89600K, Max: 512K
[2026-04-03T03:35:28.140+0600][7.117s][info][gc,stats    ] 
[2026-04-03T03:35:28.140+0600][7.117s][info][gc,stats    ] All times are wall-clock times, except per-root-class counters, that are sum over
[2026-04-03T03:35:28.140+0600][7.117s][info][gc,stats    ] all workers. Dividing the <total> over the root stage time estimates parallelism.
[2026-04-03T03:35:28.140+0600][7.117s][info][gc,stats    ] 
[2026-04-03T03:35:28.140+0600][7.117s][info][gc,stats    ] Concurrent Reset                  23264 us
[2026-04-03T03:35:28.140+0600][7.117s][info][gc,stats    ] Pause Init Mark (G)                 356 us
[2026-04-03T03:35:28.140+0600][7.117s][info][gc,stats    ] Pause Init Mark (N)                 158 us
[2026-04-03T03:35:28.140+0600][7.117s][info][gc,stats    ]   Update Region States               59 us
[2026-04-03T03:35:28.140+0600][7.117s][info][gc,stats    ] Concurrent Mark Roots              1106 us, parallelism: 2.04x
[2026-04-03T03:35:28.140+0600][7.117s][info][gc,stats    ]   CMR: <total>                     2258 us
[2026-04-03T03:35:28.140+0600][7.117s][info][gc,stats    ]   CMR: Thread Roots                1892 us, workers (us): 744, 498, 649, ---, ---, ---, 
[2026-04-03T03:35:28.140+0600][7.117s][info][gc,stats    ]   CMR: VM Strong Roots              168 us, workers (us):  93,  48,  27, ---, ---, ---, 
[2026-04-03T03:35:28.140+0600][7.117s][info][gc,stats    ]   CMR: CLDG Roots                   198 us, workers (us): ---, 198, ---, ---, ---, ---, 
[2026-04-03T03:35:28.140+0600][7.117s][info][gc,stats    ] Concurrent Marking                 9343 us
[2026-04-03T03:35:28.140+0600][7.117s][info][gc,stats    ] Pause Final Mark (G)               1006 us
[2026-04-03T03:35:28.140+0600][7.117s][info][gc,stats    ] Pause Final Mark (N)                739 us
[2026-04-03T03:35:28.140+0600][7.117s][info][gc,stats    ]   Finish Mark                       338 us
[2026-04-03T03:35:28.140+0600][7.117s][info][gc,stats    ]   Update Region States               44 us
[2026-04-03T03:35:28.140+0600][7.117s][info][gc,stats    ]   Choose Collection Set             230 us
[2026-04-03T03:35:28.140+0600][7.117s][info][gc,stats    ]   Rebuild Free Set                   30 us
[2026-04-03T03:35:28.140+0600][7.117s][info][gc,stats    ] Concurrent Thread Roots             572 us, parallelism: 1.36x
[2026-04-03T03:35:28.140+0600][7.117s][info][gc,stats    ]   CTR: <total>                      778 us
[2026-04-03T03:35:28.140+0600][7.117s][info][gc,stats    ]   CTR: Thread Roots                 778 us, workers (us): 309, 251, 219, ---, ---, ---, 
[2026-04-03T03:35:28.140+0600][7.117s][info][gc,stats    ] Concurrent Weak References          631 us, parallelism: 1.13x
[2026-04-03T03:35:28.140+0600][7.117s][info][gc,stats    ]   CWRF: <total>                     714 us
[2026-04-03T03:35:28.140+0600][7.117s][info][gc,stats    ]   CWRF: Weak References             714 us, workers (us): 439, 186,  89, ---, ---, ---, 
[2026-04-03T03:35:28.140+0600][7.117s][info][gc,stats    ] Concurrent Weak Roots              1951 us
[2026-04-03T03:35:28.140+0600][7.117s][info][gc,stats    ]   Roots                            1711 us, parallelism: 2.52x
[2026-04-03T03:35:28.140+0600][7.117s][info][gc,stats    ]     CWR: <total>                   4315 us
[2026-04-03T03:35:28.140+0600][7.117s][info][gc,stats    ]     CWR: Code Cache Roots          1343 us, workers (us): 471, 385, 488, ---, ---, ---, 
[2026-04-03T03:35:28.140+0600][7.117s][info][gc,stats    ]     CWR: VM Weak Roots             2945 us, workers (us): 1049, 940, 955, ---, ---, ---, 
[2026-04-03T03:35:28.140+0600][7.117s][info][gc,stats    ]     CWR: CLDG Roots                  27 us, workers (us): ---,  27, ---, ---, ---, ---, 
[2026-04-03T03:35:28.140+0600][7.117s][info][gc,stats    ]   Rendezvous                        157 us
[2026-04-03T03:35:28.140+0600][7.117s][info][gc,stats    ] Concurrent Cleanup                  257 us
[2026-04-03T03:35:28.140+0600][7.117s][info][gc,stats    ] Concurrent Class Unloading         3702 us
[2026-04-03T03:35:28.140+0600][7.117s][info][gc,stats    ]   Unlink Stale                     2304 us
[2026-04-03T03:35:28.140+0600][7.117s][info][gc,stats    ]     System Dictionary                31 us
[2026-04-03T03:35:28.140+0600][7.117s][info][gc,stats    ]     Weak Class Links                  1 us
[2026-04-03T03:35:28.140+0600][7.117s][info][gc,stats    ]     Code Roots                     2269 us
[2026-04-03T03:35:28.140+0600][7.117s][info][gc,stats    ]   Rendezvous                        176 us
[2026-04-03T03:35:28.140+0600][7.117s][info][gc,stats    ]   Purge Unlinked                   1108 us
[2026-04-03T03:35:28.140+0600][7.117s][info][gc,stats    ]     Code Roots                     1095 us
[2026-04-03T03:35:28.140+0600][7.117s][info][gc,stats    ]     CLDG                             12 us
[2026-04-03T03:35:28.140+0600][7.117s][info][gc,stats    ]     Exception Caches                  0 us
[2026-04-03T03:35:28.140+0600][7.117s][info][gc,stats    ] Concurrent Strong Roots            1186 us, parallelism: 0.80x
[2026-04-03T03:35:28.140+0600][7.117s][info][gc,stats    ]   CSR: <total>                      951 us
[2026-04-03T03:35:28.140+0600][7.117s][info][gc,stats    ]   CSR: VM Strong Roots               37 us, workers (us):  35,   1,   1, ---, ---, ---, 
[2026-04-03T03:35:28.140+0600][7.117s][info][gc,stats    ]   CSR: CLDG Roots                   914 us, workers (us): 914, ---, ---, ---, ---, ---, 
[2026-04-03T03:35:28.140+0600][7.117s][info][gc,stats    ] Concurrent Evacuation              4974 us
[2026-04-03T03:35:28.140+0600][7.117s][info][gc,stats    ] Pause Init Update Refs (G)          320 us
[2026-04-03T03:35:28.140+0600][7.117s][info][gc,stats    ] Pause Init Update Refs (N)           83 us
[2026-04-03T03:35:28.140+0600][7.117s][info][gc,stats    ]   Manage GCLABs                       9 us
[2026-04-03T03:35:28.140+0600][7.117s][info][gc,stats    ] Concurrent Update Refs             8574 us
[2026-04-03T03:35:28.140+0600][7.117s][info][gc,stats    ] Concurrent Update Thread Roots      543 us
[2026-04-03T03:35:28.141+0600][7.117s][info][gc,stats    ] Pause Final Update Refs (G)         362 us
[2026-04-03T03:35:28.141+0600][7.117s][info][gc,stats    ] Pause Final Update Refs (N)         176 us
[2026-04-03T03:35:28.141+0600][7.117s][info][gc,stats    ]   Update Region States               56 us
[2026-04-03T03:35:28.141+0600][7.117s][info][gc,stats    ]   Trash Collection Set               12 us
[2026-04-03T03:35:28.141+0600][7.117s][info][gc,stats    ]   Rebuild Free Set                   32 us
[2026-04-03T03:35:28.141+0600][7.117s][info][gc,stats    ] Concurrent Cleanup                  283 us
[2026-04-03T03:35:28.141+0600][7.118s][info][gc,stats    ] 
[2026-04-03T03:35:28.141+0600][7.118s][info][gc,stats    ] Allocation pacing accrued:
[2026-04-03T03:35:28.141+0600][7.118s][info][gc,stats    ]       0 of  2901 ms (  0.0%): <total>
[2026-04-03T03:35:28.141+0600][7.118s][info][gc,stats    ]       0 of  2901 ms (  0.0%): <average total>
[2026-04-03T03:35:28.141+0600][7.118s][info][gc,stats    ] 
[2026-04-03T03:35:28.141+0600][7.118s][info][gc,metaspace] Metaspace: 35960K(36352K)->36386K(36736K) NonClass: 31492K(31744K)->31864K(32064K) Class: 4468K(4608K)->4522K(4672K)
[2026-04-03T03:35:28.141+0600][7.118s][info][gc,ergo     ] Pacer for Idle. Initial: 35840K, Alloc Tax Rate: 1.0x
[2026-04-03T03:35:30.843+0600][9.820s][info][gc          ] Trigger: Learning 3 of 5. Free (1224M) is below initial threshold (1225M)
[2026-04-03T03:35:30.843+0600][9.820s][info][gc,ergo     ] Free: 1224M, Max: 512K regular, 1224M humongous, Frag: 0% external, 0% internal; Reserve: 89600K, Max: 512K
[2026-04-03T03:35:30.843+0600][9.820s][info][gc,start    ] GC(2) Concurrent reset
[2026-04-03T03:35:30.843+0600][9.820s][info][gc,task     ] GC(2) Using 3 of 6 workers for concurrent reset
[2026-04-03T03:35:30.843+0600][9.820s][info][gc,ergo     ] GC(2) Pacer for Reset. Non-Taxable: 1750M
[2026-04-03T03:35:30.844+0600][9.821s][info][gc          ] GC(2) Concurrent reset 0.819ms
[2026-04-03T03:35:30.844+0600][9.821s][info][gc,start    ] GC(2) Pause Init Mark (unload classes)
[2026-04-03T03:35:30.844+0600][9.821s][info][gc,task     ] GC(2) Using 6 of 6 workers for init marking
[2026-04-03T03:35:30.844+0600][9.821s][info][gc,ergo     ] GC(2) Pacer for Mark. Expected Live: 20156K, Free: 1224M, Non-Taxable: 122M, Alloc Tax Rate: 0.0x
[2026-04-03T03:35:30.844+0600][9.821s][info][gc          ] GC(2) Pause Init Mark (unload classes) 0.102ms
[2026-04-03T03:35:30.844+0600][9.821s][info][gc,start    ] GC(2) Concurrent marking roots
[2026-04-03T03:35:30.844+0600][9.821s][info][gc,task     ] GC(2) Using 3 of 6 workers for concurrent marking roots
[2026-04-03T03:35:30.846+0600][9.823s][info][gc          ] GC(2) Concurrent marking roots 1.245ms
[2026-04-03T03:35:30.846+0600][9.823s][info][gc,start    ] GC(2) Concurrent marking (unload classes)
[2026-04-03T03:35:30.846+0600][9.823s][info][gc,task     ] GC(2) Using 3 of 6 workers for concurrent marking
[2026-04-03T03:35:32.134+0600][11.111s][info][gc          ] GC(2) Concurrent marking (unload classes) 1288.661ms
[2026-04-03T03:35:32.135+0600][11.112s][info][gc,start    ] GC(2) Pause Final Mark (unload classes)
[2026-04-03T03:35:32.135+0600][11.112s][info][gc,task     ] GC(2) Using 6 of 6 workers for final marking
[2026-04-03T03:35:32.135+0600][11.112s][info][gc,ergo     ] GC(2) Adaptive CSet Selection. Target Free: 247M, Actual Free: 1025M, Max CSet: 74666K, Min Garbage: 0B
[2026-04-03T03:35:32.135+0600][11.112s][info][gc,ergo     ] GC(2) Collectable Garbage: 108M (94%), Immediate: 6382K (5%), CSet: 102M (89%)
[2026-04-03T03:35:32.135+0600][11.112s][info][gc,ergo     ] GC(2) Pacer for Evacuation. Used CSet: 107M, Free: 941M, Non-Taxable: 96365K, Alloc Tax Rate: 1.1x
[2026-04-03T03:35:32.135+0600][11.112s][info][gc          ] GC(2) Pause Final Mark (unload classes) 0.802ms
[2026-04-03T03:35:32.136+0600][11.112s][info][gc,start    ] GC(2) Concurrent thread roots
[2026-04-03T03:35:32.136+0600][11.113s][info][gc,task     ] GC(2) Using 3 of 6 workers for Concurrent thread roots
[2026-04-03T03:35:32.136+0600][11.113s][info][gc          ] GC(2) Concurrent thread roots 0.608ms
[2026-04-03T03:35:32.136+0600][11.113s][info][gc,start    ] GC(2) Concurrent weak references
[2026-04-03T03:35:32.136+0600][11.113s][info][gc,task     ] GC(2) Using 3 of 6 workers for concurrent weak references
[2026-04-03T03:35:32.137+0600][11.114s][info][gc,ref      ] GC(2) Encountered references: Soft: 3981, Weak: 3281, Final: 82, Phantom: 586
[2026-04-03T03:35:32.137+0600][11.114s][info][gc,ref      ] GC(2) Discovered  references: Soft: 0, Weak: 976, Final: 0, Phantom: 581
[2026-04-03T03:35:32.137+0600][11.114s][info][gc,ref      ] GC(2) Enqueued    references: Soft: 0, Weak: 525, Final: 0, Phantom: 0
[2026-04-03T03:35:32.137+0600][11.114s][info][gc          ] GC(2) Concurrent weak references 0.549ms
[2026-04-03T03:35:32.137+0600][11.114s][info][gc,start    ] GC(2) Concurrent weak roots
[2026-04-03T03:35:32.137+0600][11.114s][info][gc,task     ] GC(2) Using 3 of 6 workers for concurrent weak root
[2026-04-03T03:35:32.138+0600][11.115s][info][gc          ] GC(2) Concurrent weak roots 1.707ms
[2026-04-03T03:35:32.139+0600][11.115s][info][gc,start    ] GC(2) Concurrent cleanup
[2026-04-03T03:35:32.139+0600][11.116s][info][gc          ] GC(2) Concurrent cleanup 725M->719M(734M) 0.219ms
[2026-04-03T03:35:32.139+0600][11.116s][info][gc,ergo     ] GC(2) Free: 941M, Max: 512K regular, 932M humongous, Frag: 1% external, 0% internal; Reserve: 89245K, Max: 512K
[2026-04-03T03:35:32.139+0600][11.116s][info][gc,start    ] GC(2) Concurrent class unloading
[2026-04-03T03:35:32.139+0600][11.116s][info][gc,task     ] GC(2) Using 3 of 6 workers for concurrent class unloading
[2026-04-03T03:35:32.143+0600][11.119s][info][gc          ] GC(2) Concurrent class unloading 3.739ms
[2026-04-03T03:35:32.143+0600][11.120s][info][gc,start    ] GC(2) Concurrent strong roots
[2026-04-03T03:35:32.143+0600][11.120s][info][gc,task     ] GC(2) Using 3 of 6 workers for concurrent strong root
[2026-04-03T03:35:32.144+0600][11.121s][info][gc          ] GC(2) Concurrent strong roots 1.505ms
[2026-04-03T03:35:32.144+0600][11.121s][info][gc,start    ] GC(2) Concurrent evacuation
[2026-04-03T03:35:32.144+0600][11.121s][info][gc,task     ] GC(2) Using 3 of 6 workers for concurrent evacuation
[2026-04-03T03:35:32.148+0600][11.125s][info][gc          ] GC(2) Concurrent evacuation 3.674ms
[2026-04-03T03:35:32.148+0600][11.125s][info][gc,start    ] GC(2) Pause Init Update Refs
[2026-04-03T03:35:32.148+0600][11.125s][info][gc,ergo     ] GC(2) Pacer for Update Refs. Used: 725M, Free: 941M, Non-Taxable: 96364K, Alloc Tax Rate: 1.1x
[2026-04-03T03:35:32.148+0600][11.125s][info][gc          ] GC(2) Pause Init Update Refs 0.093ms
[2026-04-03T03:35:32.148+0600][11.125s][info][gc,start    ] GC(2) Concurrent update references
[2026-04-03T03:35:32.148+0600][11.125s][info][gc,task     ] GC(2) Using 3 of 6 workers for concurrent reference update
[2026-04-03T03:35:32.333+0600][11.310s][info][gc          ] GC(2) Concurrent update references 184.951ms
[2026-04-03T03:35:32.333+0600][11.310s][info][gc,start    ] GC(2) Concurrent update thread roots
[2026-04-03T03:35:32.334+0600][11.311s][info][gc          ] GC(2) Concurrent update thread roots 0.666ms
[2026-04-03T03:35:32.334+0600][11.311s][info][gc,start    ] GC(2) Pause Final Update Refs
[2026-04-03T03:35:32.334+0600][11.311s][info][gc,task     ] GC(2) Using 6 of 6 workers for final reference update
[2026-04-03T03:35:32.334+0600][11.311s][info][gc          ] GC(2) Pause Final Update Refs 0.146ms
[2026-04-03T03:35:32.334+0600][11.311s][info][gc,start    ] GC(2) Concurrent cleanup
[2026-04-03T03:35:32.335+0600][11.312s][info][gc          ] GC(2) Concurrent cleanup 725M->618M(736M) 0.553ms
[2026-04-03T03:35:32.335+0600][11.312s][info][gc,ergo     ] Free: 1042M, Max: 512K regular, 929M humongous, Frag: 11% external, 0% internal; Reserve: 89600K, Max: 512K
[2026-04-03T03:35:32.335+0600][11.312s][info][gc,stats    ] 
[2026-04-03T03:35:32.335+0600][11.312s][info][gc,stats    ] All times are wall-clock times, except per-root-class counters, that are sum over
[2026-04-03T03:35:32.335+0600][11.312s][info][gc,stats    ] all workers. Dividing the <total> over the root stage time estimates parallelism.
[2026-04-03T03:35:32.335+0600][11.312s][info][gc,stats    ] 
[2026-04-03T03:35:32.335+0600][11.312s][info][gc,stats    ] Concurrent Reset                    851 us
[2026-04-03T03:35:32.335+0600][11.312s][info][gc,stats    ] Pause Init Mark (G)                 391 us
[2026-04-03T03:35:32.335+0600][11.312s][info][gc,stats    ] Pause Init Mark (N)                 108 us
[2026-04-03T03:35:32.335+0600][11.312s][info][gc,stats    ]   Update Region States               19 us
[2026-04-03T03:35:32.335+0600][11.312s][info][gc,stats    ] Concurrent Mark Roots              1291 us, parallelism: 1.91x
[2026-04-03T03:35:32.335+0600][11.312s][info][gc,stats    ]   CMR: <total>                     2464 us
[2026-04-03T03:35:32.335+0600][11.312s][info][gc,stats    ]   CMR: Thread Roots                2124 us, workers (us): 574, 785, 765, ---, ---, ---, 
[2026-04-03T03:35:32.335+0600][11.312s][info][gc,stats    ]   CMR: VM Strong Roots              143 us, workers (us):  45,  47,  51, ---, ---, ---, 
[2026-04-03T03:35:32.335+0600][11.312s][info][gc,stats    ]   CMR: CLDG Roots                   196 us, workers (us): 196, ---, ---, ---, ---, ---, 
[2026-04-03T03:35:32.335+0600][11.312s][info][gc,stats    ] Concurrent Marking              1288739 us
[2026-04-03T03:35:32.335+0600][11.312s][info][gc,stats    ] Pause Final Mark (G)               1051 us
[2026-04-03T03:35:32.335+0600][11.312s][info][gc,stats    ] Pause Final Mark (N)                826 us
[2026-04-03T03:35:32.335+0600][11.312s][info][gc,stats    ]   Finish Mark                       334 us
[2026-04-03T03:35:32.335+0600][11.312s][info][gc,stats    ]   Update Region States               58 us
[2026-04-03T03:35:32.335+0600][11.312s][info][gc,stats    ]   Choose Collection Set             270 us
[2026-04-03T03:35:32.335+0600][11.312s][info][gc,stats    ]   Rebuild Free Set                   31 us
[2026-04-03T03:35:32.335+0600][11.312s][info][gc,stats    ] Concurrent Thread Roots             666 us, parallelism: 1.60x
[2026-04-03T03:35:32.335+0600][11.312s][info][gc,stats    ]   CTR: <total>                     1065 us
[2026-04-03T03:35:32.335+0600][11.312s][info][gc,stats    ]   CTR: Thread Roots                1065 us, workers (us): 407, 359, 299, ---, ---, ---, 
[2026-04-03T03:35:32.335+0600][11.312s][info][gc,stats    ] Concurrent Weak References          562 us, parallelism: 0.70x
[2026-04-03T03:35:32.335+0600][11.312s][info][gc,stats    ]   CWRF: <total>                     396 us
[2026-04-03T03:35:32.335+0600][11.312s][info][gc,stats    ]   CWRF: Weak References             396 us, workers (us): 305,  90,   1, ---, ---, ---, 
[2026-04-03T03:35:32.335+0600][11.312s][info][gc,stats    ] Concurrent Weak Roots              1764 us
[2026-04-03T03:35:32.335+0600][11.312s][info][gc,stats    ]   Roots                            1400 us, parallelism: 2.39x
[2026-04-03T03:35:32.335+0600][11.312s][info][gc,stats    ]     CWR: <total>                   3345 us
[2026-04-03T03:35:32.335+0600][11.312s][info][gc,stats    ]     CWR: Code Cache Roots          1472 us, workers (us): 514, 468, 491, ---, ---, ---, 
[2026-04-03T03:35:32.335+0600][11.312s][info][gc,stats    ]     CWR: VM Weak Roots             1829 us, workers (us): 707, 597, 524, ---, ---, ---, 
[2026-04-03T03:35:32.335+0600][11.312s][info][gc,stats    ]     CWR: CLDG Roots                  44 us, workers (us): ---,  44, ---, ---, ---, ---, 
[2026-04-03T03:35:32.335+0600][11.312s][info][gc,stats    ]   Rendezvous                        276 us
[2026-04-03T03:35:32.335+0600][11.312s][info][gc,stats    ] Concurrent Cleanup                  237 us
[2026-04-03T03:35:32.335+0600][11.312s][info][gc,stats    ] Concurrent Class Unloading         3795 us
[2026-04-03T03:35:32.335+0600][11.312s][info][gc,stats    ]   Unlink Stale                     2634 us
[2026-04-03T03:35:32.335+0600][11.312s][info][gc,stats    ]     System Dictionary                40 us
[2026-04-03T03:35:32.335+0600][11.312s][info][gc,stats    ]     Weak Class Links                  0 us
[2026-04-03T03:35:32.335+0600][11.312s][info][gc,stats    ]     Code Roots                     2590 us
[2026-04-03T03:35:32.335+0600][11.312s][info][gc,stats    ]   Rendezvous                        278 us
[2026-04-03T03:35:32.335+0600][11.312s][info][gc,stats    ]   Purge Unlinked                    797 us
[2026-04-03T03:35:32.335+0600][11.312s][info][gc,stats    ]     Code Roots                      785 us
[2026-04-03T03:35:32.335+0600][11.312s][info][gc,stats    ]     CLDG                             11 us
[2026-04-03T03:35:32.335+0600][11.312s][info][gc,stats    ]     Exception Caches                  0 us
[2026-04-03T03:35:32.335+0600][11.312s][info][gc,stats    ] Concurrent Strong Roots            1564 us, parallelism: 0.80x
[2026-04-03T03:35:32.335+0600][11.312s][info][gc,stats    ]   CSR: <total>                     1253 us
[2026-04-03T03:35:32.335+0600][11.312s][info][gc,stats    ]   CSR: VM Strong Roots               37 us, workers (us):  22,  15,   0, ---, ---, ---, 
[2026-04-03T03:35:32.335+0600][11.312s][info][gc,stats    ]   CSR: CLDG Roots                  1216 us, workers (us): ---, 1216, ---, ---, ---, ---, 
[2026-04-03T03:35:32.335+0600][11.312s][info][gc,stats    ] Concurrent Evacuation              3732 us
[2026-04-03T03:35:32.335+0600][11.312s][info][gc,stats    ] Pause Init Update Refs (G)          379 us
[2026-04-03T03:35:32.335+0600][11.312s][info][gc,stats    ] Pause Init Update Refs (N)          103 us
[2026-04-03T03:35:32.335+0600][11.312s][info][gc,stats    ]   Manage GCLABs                      28 us
[2026-04-03T03:35:32.335+0600][11.312s][info][gc,stats    ] Concurrent Update Refs           185014 us
[2026-04-03T03:35:32.335+0600][11.312s][info][gc,stats    ] Concurrent Update Thread Roots      730 us
[2026-04-03T03:35:32.335+0600][11.312s][info][gc,stats    ] Pause Final Update Refs (G)         482 us
[2026-04-03T03:35:32.335+0600][11.312s][info][gc,stats    ] Pause Final Update Refs (N)         158 us
[2026-04-03T03:35:32.335+0600][11.312s][info][gc,stats    ]   Update Region States               42 us
[2026-04-03T03:35:32.335+0600][11.312s][info][gc,stats    ]   Trash Collection Set                7 us
[2026-04-03T03:35:32.335+0600][11.312s][info][gc,stats    ]   Rebuild Free Set                   28 us
[2026-04-03T03:35:32.335+0600][11.312s][info][gc,stats    ] Concurrent Cleanup                  569 us
[2026-04-03T03:35:32.335+0600][11.312s][info][gc,stats    ] 
[2026-04-03T03:35:32.335+0600][11.312s][info][gc,stats    ] Allocation pacing accrued:
[2026-04-03T03:35:32.335+0600][11.312s][info][gc,stats    ]       0 of  4195 ms (  0.0%): <total>
[2026-04-03T03:35:32.335+0600][11.312s][info][gc,stats    ]       0 of  4195 ms (  0.0%): <average total>
[2026-04-03T03:35:32.335+0600][11.312s][info][gc,stats    ] 
[2026-04-03T03:35:32.336+0600][11.312s][info][gc,metaspace] Metaspace: 49464K(49920K)->49503K(49920K) NonClass: 43331K(43584K)->43369K(43584K) Class: 6132K(6336K)->6133K(6336K)
[2026-04-03T03:35:32.336+0600][11.313s][info][gc,ergo     ] Pacer for Idle. Initial: 35840K, Alloc Tax Rate: 1.0x
[2026-04-03T03:35:32.337+0600][11.314s][info][gc          ] Trigger: Learning 4 of 5. Free (1042M) is below initial threshold (1225M)
[2026-04-03T03:35:32.337+0600][11.314s][info][gc,ergo     ] Free: 1042M, Max: 512K regular, 929M humongous, Frag: 11% external, 0% internal; Reserve: 89600K, Max: 512K
[2026-04-03T03:35:32.337+0600][11.314s][info][gc,start    ] GC(3) Concurrent reset
[2026-04-03T03:35:32.337+0600][11.314s][info][gc,task     ] GC(3) Using 3 of 6 workers for concurrent reset
[2026-04-03T03:35:32.337+0600][11.314s][info][gc,ergo     ] GC(3) Pacer for Reset. Non-Taxable: 1750M
[2026-04-03T03:35:32.338+0600][11.315s][info][gc          ] GC(3) Concurrent reset 1.321ms
[2026-04-03T03:35:32.338+0600][11.315s][info][gc,start    ] GC(3) Pause Init Mark (unload classes)
[2026-04-03T03:35:32.338+0600][11.315s][info][gc,task     ] GC(3) Using 6 of 6 workers for init marking
[2026-04-03T03:35:32.339+0600][11.315s][info][gc,ergo     ] GC(3) Pacer for Mark. Expected Live: 119M, Free: 1042M, Non-Taxable: 104M, Alloc Tax Rate: 0.1x
[2026-04-03T03:35:32.339+0600][11.315s][info][gc          ] GC(3) Pause Init Mark (unload classes) 0.090ms
[2026-04-03T03:35:32.339+0600][11.316s][info][gc,start    ] GC(3) Concurrent marking roots
[2026-04-03T03:35:32.339+0600][11.316s][info][gc,task     ] GC(3) Using 3 of 6 workers for concurrent marking roots
[2026-04-03T03:35:32.339+0600][11.316s][info][gc          ] GC(3) Concurrent marking roots 0.528ms
[2026-04-03T03:35:32.339+0600][11.316s][info][gc,start    ] GC(3) Concurrent marking (unload classes)
[2026-04-03T03:35:32.339+0600][11.316s][info][gc,task     ] GC(3) Using 3 of 6 workers for concurrent marking
[2026-04-03T03:35:33.157+0600][12.134s][info][gc          ] GC(3) Concurrent marking (unload classes) 817.788ms
[2026-04-03T03:35:33.157+0600][12.134s][info][gc,start    ] GC(3) Pause Final Mark (unload classes)
[2026-04-03T03:35:33.157+0600][12.134s][info][gc,task     ] GC(3) Using 6 of 6 workers for final marking
[2026-04-03T03:35:33.158+0600][12.135s][info][gc,ergo     ] GC(3) Adaptive CSet Selection. Target Free: 247M, Actual Free: 1087M, Max CSet: 74666K, Min Garbage: 0B
[2026-04-03T03:35:33.158+0600][12.135s][info][gc,ergo     ] GC(3) Collectable Garbage: 2231K (16%), Immediate: 0B (0%), CSet: 2231K (16%)
[2026-04-03T03:35:33.158+0600][12.135s][info][gc,ergo     ] GC(3) Pacer for Evacuation. Used CSet: 3584K, Free: 1000M, Non-Taxable: 100M, Alloc Tax Rate: 1.1x
[2026-04-03T03:35:33.158+0600][12.135s][info][gc          ] GC(3) Pause Final Mark (unload classes) 0.811ms
[2026-04-03T03:35:33.158+0600][12.135s][info][gc,start    ] GC(3) Concurrent thread roots
[2026-04-03T03:35:33.158+0600][12.135s][info][gc,task     ] GC(3) Using 3 of 6 workers for Concurrent thread roots
[2026-04-03T03:35:33.159+0600][12.136s][info][gc          ] GC(3) Concurrent thread roots 1.104ms
[2026-04-03T03:35:33.159+0600][12.136s][info][gc,start    ] GC(3) Concurrent weak references
[2026-04-03T03:35:33.159+0600][12.136s][info][gc,task     ] GC(3) Using 3 of 6 workers for concurrent weak references
[2026-04-03T03:35:33.160+0600][12.137s][info][gc,ref      ] GC(3) Encountered references: Soft: 3981, Weak: 2756, Final: 82, Phantom: 587
[2026-04-03T03:35:33.160+0600][12.137s][info][gc,ref      ] GC(3) Discovered  references: Soft: 0, Weak: 1400, Final: 50, Phantom: 582
[2026-04-03T03:35:33.160+0600][12.137s][info][gc,ref      ] GC(3) Enqueued    references: Soft: 0, Weak: 0, Final: 0, Phantom: 0
[2026-04-03T03:35:33.160+0600][12.137s][info][gc          ] GC(3) Concurrent weak references 0.550ms
[2026-04-03T03:35:33.160+0600][12.137s][info][gc,start    ] GC(3) Concurrent weak roots
[2026-04-03T03:35:33.160+0600][12.137s][info][gc,task     ] GC(3) Using 3 of 6 workers for concurrent weak root
[2026-04-03T03:35:33.161+0600][12.138s][info][gc          ] GC(3) Concurrent weak roots 1.373ms
[2026-04-03T03:35:33.161+0600][12.138s][info][gc,start    ] GC(3) Concurrent cleanup
[2026-04-03T03:35:33.162+0600][12.139s][info][gc          ] GC(3) Concurrent cleanup 660M->660M(736M) 0.224ms
[2026-04-03T03:35:33.162+0600][12.139s][info][gc,ergo     ] GC(3) Free: 1000M, Max: 512K regular, 929M humongous, Frag: 8% external, 0% internal; Reserve: 89591K, Max: 512K
[2026-04-03T03:35:33.162+0600][12.139s][info][gc,start    ] GC(3) Concurrent class unloading
[2026-04-03T03:35:33.162+0600][12.139s][info][gc,task     ] GC(3) Using 3 of 6 workers for concurrent class unloading
[2026-04-03T03:35:33.165+0600][12.142s][info][gc          ] GC(3) Concurrent class unloading 3.432ms
[2026-04-03T03:35:33.165+0600][12.142s][info][gc,start    ] GC(3) Concurrent strong roots
[2026-04-03T03:35:33.165+0600][12.142s][info][gc,task     ] GC(3) Using 3 of 6 workers for concurrent strong root
[2026-04-03T03:35:33.166+0600][12.143s][info][gc          ] GC(3) Concurrent strong roots 0.356ms
[2026-04-03T03:35:33.166+0600][12.143s][info][gc,start    ] GC(3) Concurrent evacuation
[2026-04-03T03:35:33.166+0600][12.143s][info][gc,task     ] GC(3) Using 3 of 6 workers for concurrent evacuation
[2026-04-03T03:35:33.167+0600][12.144s][info][gc          ] GC(3) Concurrent evacuation 1.825ms
[2026-04-03T03:35:33.168+0600][12.145s][info][gc,start    ] GC(3) Pause Init Update Refs
[2026-04-03T03:35:33.168+0600][12.145s][info][gc,ergo     ] GC(3) Pacer for Update Refs. Used: 662M, Free: 1000M, Non-Taxable: 100M, Alloc Tax Rate: 1.1x
[2026-04-03T03:35:33.168+0600][12.145s][info][gc          ] GC(3) Pause Init Update Refs 0.086ms
[2026-04-03T03:35:33.168+0600][12.145s][info][gc,start    ] GC(3) Concurrent update references
[2026-04-03T03:35:33.168+0600][12.145s][info][gc,task     ] GC(3) Using 3 of 6 workers for concurrent reference update
[2026-04-03T03:35:33.405+0600][12.382s][info][gc          ] GC(3) Concurrent update references 236.869ms
[2026-04-03T03:35:33.405+0600][12.382s][info][gc,start    ] GC(3) Concurrent update thread roots
[2026-04-03T03:35:33.405+0600][12.382s][info][gc          ] GC(3) Concurrent update thread roots 0.595ms
[2026-04-03T03:35:33.405+0600][12.382s][info][gc,start    ] GC(3) Pause Final Update Refs
[2026-04-03T03:35:33.405+0600][12.382s][info][gc,task     ] GC(3) Using 6 of 6 workers for final reference update
[2026-04-03T03:35:33.406+0600][12.383s][info][gc          ] GC(3) Pause Final Update Refs 0.144ms
[2026-04-03T03:35:33.406+0600][12.383s][info][gc,start    ] GC(3) Concurrent cleanup
[2026-04-03T03:35:33.406+0600][12.383s][info][gc          ] GC(3) Concurrent cleanup 663M->660M(736M) 0.664ms
[2026-04-03T03:35:33.406+0600][12.383s][info][gc,ergo     ] Free: 999M, Max: 512K regular, 930M humongous, Frag: 7% external, 0% internal; Reserve: 89600K, Max: 512K
[2026-04-03T03:35:33.406+0600][12.383s][info][gc,stats    ] 
[2026-04-03T03:35:33.406+0600][12.383s][info][gc,stats    ] All times are wall-clock times, except per-root-class counters, that are sum over
[2026-04-03T03:35:33.406+0600][12.383s][info][gc,stats    ] all workers. Dividing the <total> over the root stage time estimates parallelism.
[2026-04-03T03:35:33.406+0600][12.383s][info][gc,stats    ] 
[2026-04-03T03:35:33.406+0600][12.383s][info][gc,stats    ] Concurrent Reset                   1375 us
[2026-04-03T03:35:33.406+0600][12.383s][info][gc,stats    ] Pause Init Mark (G)                 497 us
[2026-04-03T03:35:33.406+0600][12.383s][info][gc,stats    ] Pause Init Mark (N)                  97 us
[2026-04-03T03:35:33.406+0600][12.383s][info][gc,stats    ]   Update Region States               24 us
[2026-04-03T03:35:33.406+0600][12.383s][info][gc,stats    ] Concurrent Mark Roots               565 us, parallelism: 1.12x
[2026-04-03T03:35:33.407+0600][12.383s][info][gc,stats    ]   CMR: <total>                      630 us
[2026-04-03T03:35:33.407+0600][12.383s][info][gc,stats    ]   CMR: Thread Roots                 456 us, workers (us):  49, 207, 200, ---, ---, ---, 
[2026-04-03T03:35:33.407+0600][12.383s][info][gc,stats    ]   CMR: VM Strong Roots               18 us, workers (us):   8,   9,   1, ---, ---, ---, 
[2026-04-03T03:35:33.407+0600][12.383s][info][gc,stats    ]   CMR: CLDG Roots                   156 us, workers (us): 156, ---, ---, ---, ---, ---, 
[2026-04-03T03:35:33.407+0600][12.383s][info][gc,stats    ] Concurrent Marking               817880 us
[2026-04-03T03:35:33.407+0600][12.383s][info][gc,stats    ] Pause Final Mark (G)               1085 us
[2026-04-03T03:35:33.407+0600][12.383s][info][gc,stats    ] Pause Final Mark (N)                826 us
[2026-04-03T03:35:33.407+0600][12.383s][info][gc,stats    ]   Finish Mark                       213 us
[2026-04-03T03:35:33.407+0600][12.384s][info][gc,stats    ]   Update Region States              105 us
[2026-04-03T03:35:33.407+0600][12.384s][info][gc,stats    ]   Choose Collection Set             312 us
[2026-04-03T03:35:33.407+0600][12.384s][info][gc,stats    ]   Rebuild Free Set                   34 us
[2026-04-03T03:35:33.407+0600][12.384s][info][gc,stats    ] Concurrent Thread Roots            1180 us, parallelism: 1.28x
[2026-04-03T03:35:33.407+0600][12.384s][info][gc,stats    ]   CTR: <total>                     1510 us
[2026-04-03T03:35:33.407+0600][12.384s][info][gc,stats    ]   CTR: Thread Roots                1510 us, workers (us): 803, 392, 316, ---, ---, ---, 
[2026-04-03T03:35:33.407+0600][12.384s][info][gc,stats    ] Concurrent Weak References          562 us, parallelism: 0.69x
[2026-04-03T03:35:33.407+0600][12.384s][info][gc,stats    ]   CWRF: <total>                     386 us
[2026-04-03T03:35:33.407+0600][12.384s][info][gc,stats    ]   CWRF: Weak References             386 us, workers (us): 376,   2,   8, ---, ---, ---, 
[2026-04-03T03:35:33.407+0600][12.384s][info][gc,stats    ] Concurrent Weak Roots              1425 us
[2026-04-03T03:35:33.407+0600][12.384s][info][gc,stats    ]   Roots                            1158 us, parallelism: 2.21x
[2026-04-03T03:35:33.407+0600][12.384s][info][gc,stats    ]     CWR: <total>                   2561 us
[2026-04-03T03:35:33.407+0600][12.384s][info][gc,stats    ]     CWR: Code Cache Roots          1577 us, workers (us): 500, 574, 503, ---, ---, ---, 
[2026-04-03T03:35:33.407+0600][12.384s][info][gc,stats    ]     CWR: VM Weak Roots              967 us, workers (us): 380, 321, 265, ---, ---, ---, 
[2026-04-03T03:35:33.407+0600][12.384s][info][gc,stats    ]     CWR: CLDG Roots                  17 us, workers (us): ---,  17, ---, ---, ---, ---, 
[2026-04-03T03:35:33.407+0600][12.384s][info][gc,stats    ]   Rendezvous                        190 us
[2026-04-03T03:35:33.407+0600][12.384s][info][gc,stats    ] Concurrent Cleanup                  245 us
[2026-04-03T03:35:33.407+0600][12.384s][info][gc,stats    ] Concurrent Class Unloading         3496 us
[2026-04-03T03:35:33.407+0600][12.384s][info][gc,stats    ]   Unlink Stale                     2810 us
[2026-04-03T03:35:33.407+0600][12.384s][info][gc,stats    ]     System Dictionary                28 us
[2026-04-03T03:35:33.407+0600][12.384s][info][gc,stats    ]     Weak Class Links                  1 us
[2026-04-03T03:35:33.407+0600][12.384s][info][gc,stats    ]     Code Roots                     2778 us
[2026-04-03T03:35:33.407+0600][12.384s][info][gc,stats    ]   Rendezvous                        174 us
[2026-04-03T03:35:33.407+0600][12.384s][info][gc,stats    ]   Purge Unlinked                    413 us
[2026-04-03T03:35:33.407+0600][12.384s][info][gc,stats    ]     Code Roots                      394 us
[2026-04-03T03:35:33.407+0600][12.384s][info][gc,stats    ]     CLDG                             18 us
[2026-04-03T03:35:33.407+0600][12.384s][info][gc,stats    ]     Exception Caches                  0 us
[2026-04-03T03:35:33.407+0600][12.384s][info][gc,stats    ] Concurrent Strong Roots             416 us, parallelism: 0.56x
[2026-04-03T03:35:33.407+0600][12.384s][info][gc,stats    ]   CSR: <total>                      234 us
[2026-04-03T03:35:33.407+0600][12.384s][info][gc,stats    ]   CSR: VM Strong Roots               15 us, workers (us):  13,   1,   0, ---, ---, ---, 
[2026-04-03T03:35:33.407+0600][12.384s][info][gc,stats    ]   CSR: CLDG Roots                   219 us, workers (us): 219, ---, ---, ---, ---, ---, 
[2026-04-03T03:35:33.407+0600][12.384s][info][gc,stats    ] Concurrent Evacuation              1894 us
[2026-04-03T03:35:33.407+0600][12.384s][info][gc,stats    ] Pause Init Update Refs (G)          276 us
[2026-04-03T03:35:33.407+0600][12.384s][info][gc,stats    ] Pause Init Update Refs (N)          101 us
[2026-04-03T03:35:33.407+0600][12.384s][info][gc,stats    ]   Manage GCLABs                      10 us
[2026-04-03T03:35:33.407+0600][12.384s][info][gc,stats    ] Concurrent Update Refs           236948 us
[2026-04-03T03:35:33.407+0600][12.384s][info][gc,stats    ] Concurrent Update Thread Roots      624 us
[2026-04-03T03:35:33.407+0600][12.384s][info][gc,stats    ] Pause Final Update Refs (G)         342 us
[2026-04-03T03:35:33.407+0600][12.384s][info][gc,stats    ] Pause Final Update Refs (N)         162 us
[2026-04-03T03:35:33.407+0600][12.384s][info][gc,stats    ]   Update Region States               50 us
[2026-04-03T03:35:33.407+0600][12.384s][info][gc,stats    ]   Trash Collection Set                6 us
[2026-04-03T03:35:33.407+0600][12.384s][info][gc,stats    ]   Rebuild Free Set                   23 us
[2026-04-03T03:35:33.407+0600][12.384s][info][gc,stats    ] Concurrent Cleanup                  681 us
[2026-04-03T03:35:33.407+0600][12.384s][info][gc,stats    ] 
[2026-04-03T03:35:33.407+0600][12.384s][info][gc,stats    ] Allocation pacing accrued:
[2026-04-03T03:35:33.407+0600][12.384s][info][gc,stats    ]       0 of  1071 ms (  0.0%): <total>
[2026-04-03T03:35:33.407+0600][12.384s][info][gc,stats    ]       0 of  1071 ms (  0.0%): <average total>
[2026-04-03T03:35:33.407+0600][12.384s][info][gc,stats    ] 
[2026-04-03T03:35:33.407+0600][12.384s][info][gc,metaspace] Metaspace: 49503K(49920K)->52745K(53184K) NonClass: 43369K(43584K)->46088K(46336K) Class: 6133K(6336K)->6657K(6848K)
[2026-04-03T03:35:33.407+0600][12.384s][info][gc,ergo     ] Pacer for Idle. Initial: 35840K, Alloc Tax Rate: 1.0x
[2026-04-03T03:35:33.408+0600][12.385s][info][gc          ] Trigger: Learning 5 of 5. Free (999M) is below initial threshold (1225M)
[2026-04-03T03:35:33.408+0600][12.385s][info][gc,ergo     ] Free: 999M, Max: 512K regular, 930M humongous, Frag: 7% external, 0% internal; Reserve: 89600K, Max: 512K
[2026-04-03T03:35:33.408+0600][12.385s][info][gc,start    ] GC(4) Concurrent reset
[2026-04-03T03:35:33.408+0600][12.385s][info][gc,task     ] GC(4) Using 3 of 6 workers for concurrent reset
[2026-04-03T03:35:33.408+0600][12.385s][info][gc,ergo     ] GC(4) Pacer for Reset. Non-Taxable: 1750M
[2026-04-03T03:35:33.410+0600][12.387s][info][gc          ] GC(4) Concurrent reset 1.546ms
[2026-04-03T03:35:33.410+0600][12.387s][info][gc,start    ] GC(4) Pause Init Mark (unload classes)
[2026-04-03T03:35:33.410+0600][12.387s][info][gc,task     ] GC(4) Using 6 of 6 workers for init marking
[2026-04-03T03:35:33.410+0600][12.387s][info][gc,ergo     ] GC(4) Pacer for Mark. Expected Live: 240M, Free: 999M, Non-Taxable: 102354K, Alloc Tax Rate: 0.3x
[2026-04-03T03:35:33.410+0600][12.387s][info][gc          ] GC(4) Pause Init Mark (unload classes) 0.141ms
[2026-04-03T03:35:33.410+0600][12.387s][info][gc,start    ] GC(4) Concurrent marking roots
[2026-04-03T03:35:33.410+0600][12.387s][info][gc,task     ] GC(4) Using 3 of 6 workers for concurrent marking roots
[2026-04-03T03:35:33.411+0600][12.388s][info][gc          ] GC(4) Concurrent marking roots 0.538ms
[2026-04-03T03:35:33.411+0600][12.388s][info][gc,start    ] GC(4) Concurrent marking (unload classes)
[2026-04-03T03:35:33.411+0600][12.388s][info][gc,task     ] GC(4) Using 3 of 6 workers for concurrent marking
[2026-04-03T03:35:33.420+0600][12.397s][info][gc          ] GC(4) Concurrent marking (unload classes) 9.358ms
[2026-04-03T03:35:33.420+0600][12.397s][info][gc,start    ] GC(4) Pause Final Mark (unload classes)
[2026-04-03T03:35:33.420+0600][12.397s][info][gc,task     ] GC(4) Using 6 of 6 workers for final marking
[2026-04-03T03:35:33.421+0600][12.398s][info][gc,ergo     ] GC(4) Collectable Garbage: 586M (92%), Immediate: 586M (92%), CSet: 0B (0%)
[2026-04-03T03:35:33.421+0600][12.398s][info][gc          ] GC(4) Pause Final Mark (unload classes) 0.688ms
[2026-04-03T03:35:33.421+0600][12.398s][info][gc,start    ] GC(4) Concurrent weak references
[2026-04-03T03:35:33.421+0600][12.398s][info][gc,task     ] GC(4) Using 3 of 6 workers for concurrent weak references
[2026-04-03T03:35:33.421+0600][12.398s][info][gc,ref      ] GC(4) Encountered references: Soft: 4009, Weak: 3159, Final: 82, Phantom: 590
[2026-04-03T03:35:33.421+0600][12.398s][info][gc,ref      ] GC(4) Discovered  references: Soft: 0, Weak: 460, Final: 0, Phantom: 205
[2026-04-03T03:35:33.421+0600][12.398s][info][gc,ref      ] GC(4) Enqueued    references: Soft: 0, Weak: 169, Final: 0, Phantom: 1
[2026-04-03T03:35:33.421+0600][12.398s][info][gc          ] GC(4) Concurrent weak references 0.371ms
[2026-04-03T03:35:33.421+0600][12.398s][info][gc,start    ] GC(4) Concurrent weak roots
[2026-04-03T03:35:33.421+0600][12.398s][info][gc,task     ] GC(4) Using 3 of 6 workers for concurrent weak root
[2026-04-03T03:35:33.422+0600][12.399s][info][gc          ] GC(4) Concurrent weak roots 1.037ms
[2026-04-03T03:35:33.422+0600][12.399s][info][gc,start    ] GC(4) Concurrent cleanup
[2026-04-03T03:35:33.423+0600][12.400s][info][gc          ] GC(4) Concurrent cleanup 660M->74M(736M) 0.287ms
[2026-04-03T03:35:33.423+0600][12.400s][info][gc,ergo     ] GC(4) Free: 1585M, Max: 512K regular, 1355M humongous, Frag: 15% external, 0% internal; Reserve: 89600K, Max: 512K
[2026-04-03T03:35:33.423+0600][12.400s][info][gc,start    ] GC(4) Concurrent class unloading
[2026-04-03T03:35:33.423+0600][12.400s][info][gc,task     ] GC(4) Using 3 of 6 workers for concurrent class unloading
[2026-04-03T03:35:33.425+0600][12.402s][info][gc          ] GC(4) Concurrent class unloading 2.471ms
[2026-04-03T03:35:33.426+0600][12.402s][info][gc,start    ] GC(4) Pause Final Roots
[2026-04-03T03:35:33.426+0600][12.402s][info][gc          ] GC(4) Pause Final Roots 0.035ms
[2026-04-03T03:35:33.426+0600][12.403s][info][gc,ergo     ] Free: 1585M, Max: 512K regular, 1355M humongous, Frag: 15% external, 0% internal; Reserve: 89600K, Max: 512K
[2026-04-03T03:35:33.426+0600][12.403s][info][gc,stats    ] 
[2026-04-03T03:35:33.426+0600][12.403s][info][gc,stats    ] All times are wall-clock times, except per-root-class counters, that are sum over
[2026-04-03T03:35:33.426+0600][12.403s][info][gc,stats    ] all workers. Dividing the <total> over the root stage time estimates parallelism.
[2026-04-03T03:35:33.426+0600][12.403s][info][gc,stats    ] 
[2026-04-03T03:35:33.426+0600][12.403s][info][gc,stats    ] Concurrent Reset                   1596 us
[2026-04-03T03:35:33.426+0600][12.403s][info][gc,stats    ] Pause Init Mark (G)                 428 us
[2026-04-03T03:35:33.426+0600][12.403s][info][gc,stats    ] Pause Init Mark (N)                 151 us
[2026-04-03T03:35:33.426+0600][12.403s][info][gc,stats    ]   Update Region States               36 us
[2026-04-03T03:35:33.426+0600][12.403s][info][gc,stats    ] Concurrent Mark Roots               584 us, parallelism: 1.49x
[2026-04-03T03:35:33.426+0600][12.403s][info][gc,stats    ]   CMR: <total>                      869 us
[2026-04-03T03:35:33.426+0600][12.403s][info][gc,stats    ]   CMR: Thread Roots                 692 us, workers (us): 147, 273, 273, ---, ---, ---, 
[2026-04-03T03:35:33.426+0600][12.403s][info][gc,stats    ]   CMR: VM Strong Roots               18 us, workers (us):  16,   1,   1, ---, ---, ---, 
[2026-04-03T03:35:33.426+0600][12.403s][info][gc,stats    ]   CMR: CLDG Roots                   159 us, workers (us): 159, ---, ---, ---, ---, ---, 
[2026-04-03T03:35:33.426+0600][12.403s][info][gc,stats    ] Concurrent Marking                 9406 us
[2026-04-03T03:35:33.426+0600][12.403s][info][gc,stats    ] Pause Final Mark (G)                965 us
[2026-04-03T03:35:33.426+0600][12.403s][info][gc,stats    ] Pause Final Mark (N)                729 us
[2026-04-03T03:35:33.426+0600][12.403s][info][gc,stats    ]   Finish Mark                       309 us
[2026-04-03T03:35:33.426+0600][12.403s][info][gc,stats    ]   Update Region States               41 us
[2026-04-03T03:35:33.426+0600][12.403s][info][gc,stats    ]   Choose Collection Set              90 us
[2026-04-03T03:35:33.426+0600][12.403s][info][gc,stats    ]   Rebuild Free Set                  181 us
[2026-04-03T03:35:33.426+0600][12.403s][info][gc,stats    ] Concurrent Weak References          382 us, parallelism: 0.18x
[2026-04-03T03:35:33.426+0600][12.403s][info][gc,stats    ]   CWRF: <total>                      71 us
[2026-04-03T03:35:33.426+0600][12.403s][info][gc,stats    ]   CWRF: Weak References              71 us, workers (us):  70,   0,   0, ---, ---, ---, 
[2026-04-03T03:35:33.426+0600][12.403s][info][gc,stats    ] Concurrent Weak Roots              1079 us
[2026-04-03T03:35:33.426+0600][12.403s][info][gc,stats    ]   Roots                             777 us, parallelism: 2.35x
[2026-04-03T03:35:33.426+0600][12.403s][info][gc,stats    ]     CWR: <total>                   1827 us
[2026-04-03T03:35:33.426+0600][12.403s][info][gc,stats    ]     CWR: Code Cache Roots          1125 us, workers (us): 366, 400, 359, ---, ---, ---, 
[2026-04-03T03:35:33.426+0600][12.403s][info][gc,stats    ]     CWR: VM Weak Roots              668 us, workers (us): 256, 208, 204, ---, ---, ---, 
[2026-04-03T03:35:33.426+0600][12.403s][info][gc,stats    ]     CWR: CLDG Roots                  34 us, workers (us): ---, ---,  34, ---, ---, ---, 
[2026-04-03T03:35:33.426+0600][12.403s][info][gc,stats    ]   Rendezvous                        218 us
[2026-04-03T03:35:33.426+0600][12.403s][info][gc,stats    ] Concurrent Cleanup                  303 us
[2026-04-03T03:35:33.426+0600][12.403s][info][gc,stats    ] Concurrent Class Unloading         2520 us
[2026-04-03T03:35:33.426+0600][12.403s][info][gc,stats    ]   Unlink Stale                     2083 us
[2026-04-03T03:35:33.426+0600][12.403s][info][gc,stats    ]     System Dictionary                25 us
[2026-04-03T03:35:33.426+0600][12.403s][info][gc,stats    ]     Weak Class Links                  0 us
[2026-04-03T03:35:33.426+0600][12.403s][info][gc,stats    ]     Code Roots                     2055 us
[2026-04-03T03:35:33.426+0600][12.403s][info][gc,stats    ]   Rendezvous                        200 us
[2026-04-03T03:35:33.426+0600][12.403s][info][gc,stats    ]   Purge Unlinked                    165 us
[2026-04-03T03:35:33.426+0600][12.403s][info][gc,stats    ]     Code Roots                      155 us
[2026-04-03T03:35:33.426+0600][12.403s][info][gc,stats    ]     CLDG                             10 us
[2026-04-03T03:35:33.426+0600][12.403s][info][gc,stats    ]     Exception Caches                  0 us
[2026-04-03T03:35:33.426+0600][12.403s][info][gc,stats    ] Pause Final Roots (G)               234 us
[2026-04-03T03:35:33.426+0600][12.403s][info][gc,stats    ] Pause Final Roots (N)                50 us
[2026-04-03T03:35:33.426+0600][12.403s][info][gc,stats    ] 
[2026-04-03T03:35:33.426+0600][12.403s][info][gc,stats    ] Allocation pacing accrued:
[2026-04-03T03:35:33.426+0600][12.403s][info][gc,stats    ]       0 of    19 ms (  0.0%): <total>
[2026-04-03T03:35:33.426+0600][12.403s][info][gc,stats    ]       0 of    19 ms (  0.0%): <average total>
[2026-04-03T03:35:33.426+0600][12.403s][info][gc,stats    ] 
[2026-04-03T03:35:33.426+0600][12.403s][info][gc,metaspace] Metaspace: 52745K(53184K)->52745K(53184K) NonClass: 46088K(46336K)->46088K(46336K) Class: 6657K(6848K)->6657K(6848K)
[2026-04-03T03:35:33.426+0600][12.403s][info][gc,ergo     ] Pacer for Idle. Initial: 35840K, Alloc Tax Rate: 1.0x
[2026-04-03T03:35:34.976+0600][13.953s][info][gc          ] Trigger: Explicit GC request (System.gc())
[2026-04-03T03:35:34.977+0600][13.954s][info][gc,ergo     ] Free: 1536M, Max: 512K regular, 1355M humongous, Frag: 12% external, 0% internal; Reserve: 89600K, Max: 512K
[2026-04-03T03:35:34.977+0600][13.954s][info][gc,start    ] GC(5) Concurrent reset
[2026-04-03T03:35:34.977+0600][13.954s][info][gc,task     ] GC(5) Using 3 of 6 workers for concurrent reset
[2026-04-03T03:35:34.977+0600][13.954s][info][gc,ergo     ] GC(5) Pacer for Reset. Non-Taxable: 1750M
[2026-04-03T03:35:34.977+0600][13.954s][info][gc          ] GC(5) Concurrent reset 0.667ms
[2026-04-03T03:35:34.978+0600][13.954s][info][gc,start    ] GC(5) Pause Init Mark (unload classes)
[2026-04-03T03:35:34.978+0600][13.955s][info][gc,task     ] GC(5) Using 6 of 6 workers for init marking
[2026-04-03T03:35:34.978+0600][13.955s][info][gc,ref      ] GC(5) Clearing All SoftReferences
[2026-04-03T03:35:34.978+0600][13.955s][info][gc,ergo     ] GC(5) Pacer for Mark. Expected Live: 197M, Free: 1536M, Non-Taxable: 153M, Alloc Tax Rate: 0.2x
[2026-04-03T03:35:34.978+0600][13.955s][info][gc          ] GC(5) Pause Init Mark (unload classes) 0.132ms
[2026-04-03T03:35:34.978+0600][13.955s][info][gc,start    ] GC(5) Concurrent marking roots
[2026-04-03T03:35:34.978+0600][13.955s][info][gc,task     ] GC(5) Using 3 of 6 workers for concurrent marking roots
[2026-04-03T03:35:34.978+0600][13.955s][info][gc          ] GC(5) Concurrent marking roots 0.609ms
[2026-04-03T03:35:34.978+0600][13.955s][info][gc,start    ] GC(5) Concurrent marking (unload classes)
[2026-04-03T03:35:34.978+0600][13.955s][info][gc,task     ] GC(5) Using 3 of 6 workers for concurrent marking
[2026-04-03T03:35:34.992+0600][13.969s][info][gc          ] GC(5) Concurrent marking (unload classes) 13.268ms
[2026-04-03T03:35:34.992+0600][13.969s][info][gc,start    ] GC(5) Pause Final Mark (unload classes)
[2026-04-03T03:35:34.992+0600][13.969s][info][gc,task     ] GC(5) Using 6 of 6 workers for final marking
[2026-04-03T03:35:34.992+0600][13.969s][info][gc,ergo     ] GC(5) Adaptive CSet Selection. Target Free: 247M, Actual Free: 1637M, Max CSet: 74666K, Min Garbage: 0B
[2026-04-03T03:35:34.992+0600][13.969s][info][gc,ergo     ] GC(5) Collectable Garbage: 94294K (98%), Immediate: 14358K (14%), CSet: 79936K (83%)
[2026-04-03T03:35:34.992+0600][13.969s][info][gc,ergo     ] GC(5) Pacer for Evacuation. Used CSet: 82121K, Free: 1554M, Non-Taxable: 155M, Alloc Tax Rate: 1.1x
[2026-04-03T03:35:34.992+0600][13.969s][info][gc          ] GC(5) Pause Final Mark (unload classes) 0.579ms
[2026-04-03T03:35:34.993+0600][13.970s][info][gc,start    ] GC(5) Concurrent thread roots
[2026-04-03T03:35:34.993+0600][13.970s][info][gc,task     ] GC(5) Using 3 of 6 workers for Concurrent thread roots
[2026-04-03T03:35:34.993+0600][13.970s][info][gc          ] GC(5) Concurrent thread roots 0.597ms
[2026-04-03T03:35:34.993+0600][13.970s][info][gc,start    ] GC(5) Concurrent weak references
[2026-04-03T03:35:34.993+0600][13.970s][info][gc,task     ] GC(5) Using 3 of 6 workers for concurrent weak references
[2026-04-03T03:35:34.994+0600][13.971s][info][gc,ref      ] GC(5) Encountered references: Soft: 4166, Weak: 3820, Final: 82, Phantom: 587
[2026-04-03T03:35:34.994+0600][13.971s][info][gc,ref      ] GC(5) Discovered  references: Soft: 2741, Weak: 783, Final: 0, Phantom: 584
[2026-04-03T03:35:34.994+0600][13.971s][info][gc,ref      ] GC(5) Enqueued    references: Soft: 1693, Weak: 423, Final: 0, Phantom: 0
[2026-04-03T03:35:34.994+0600][13.971s][info][gc          ] GC(5) Concurrent weak references 0.868ms
[2026-04-03T03:35:34.994+0600][13.971s][info][gc,start    ] GC(5) Concurrent weak roots
[2026-04-03T03:35:34.994+0600][13.971s][info][gc,task     ] GC(5) Using 3 of 6 workers for concurrent weak root
[2026-04-03T03:35:34.996+0600][13.973s][info][gc          ] GC(5) Concurrent weak roots 1.850ms
[2026-04-03T03:35:34.996+0600][13.973s][info][gc,start    ] GC(5) Concurrent cleanup
[2026-04-03T03:35:34.996+0600][13.973s][info][gc          ] GC(5) Concurrent cleanup 120M->106M(736M) 0.218ms
[2026-04-03T03:35:34.996+0600][13.973s][info][gc,ergo     ] GC(5) Free: 1553M, Max: 512K regular, 1355M humongous, Frag: 13% external, 0% internal; Reserve: 89432K, Max: 512K
[2026-04-03T03:35:34.996+0600][13.973s][info][gc,start    ] GC(5) Concurrent class unloading
[2026-04-03T03:35:34.996+0600][13.973s][info][gc,task     ] GC(5) Using 3 of 6 workers for concurrent class unloading
[2026-04-03T03:35:35.011+0600][13.988s][info][gc          ] GC(5) Concurrent class unloading 14.743ms
[2026-04-03T03:35:35.011+0600][13.988s][info][gc,start    ] GC(5) Concurrent strong roots
[2026-04-03T03:35:35.011+0600][13.988s][info][gc,task     ] GC(5) Using 3 of 6 workers for concurrent strong root
[2026-04-03T03:35:35.012+0600][13.989s][info][gc          ] GC(5) Concurrent strong roots 0.964ms
[2026-04-03T03:35:35.012+0600][13.989s][info][gc,start    ] GC(5) Concurrent evacuation
[2026-04-03T03:35:35.012+0600][13.989s][info][gc,task     ] GC(5) Using 3 of 6 workers for concurrent evacuation
[2026-04-03T03:35:35.014+0600][13.991s][info][gc          ] GC(5) Concurrent evacuation 2.190ms
[2026-04-03T03:35:35.015+0600][13.991s][info][gc,start    ] GC(5) Pause Init Update Refs
[2026-04-03T03:35:35.015+0600][13.992s][info][gc,ergo     ] GC(5) Pacer for Update Refs. Used: 109M, Free: 1553M, Non-Taxable: 155M, Alloc Tax Rate: 1.1x
[2026-04-03T03:35:35.015+0600][13.992s][info][gc          ] GC(5) Pause Init Update Refs 0.096ms
[2026-04-03T03:35:35.015+0600][13.992s][info][gc,start    ] GC(5) Concurrent update references
[2026-04-03T03:35:35.015+0600][13.992s][info][gc,task     ] GC(5) Using 3 of 6 workers for concurrent reference update
[2026-04-03T03:35:35.022+0600][13.999s][info][gc          ] GC(5) Concurrent update references 7.695ms
[2026-04-03T03:35:35.022+0600][13.999s][info][gc,start    ] GC(5) Concurrent update thread roots
[2026-04-03T03:35:35.023+0600][14.000s][info][gc          ] GC(5) Concurrent update thread roots 0.790ms
[2026-04-03T03:35:35.023+0600][14.000s][info][gc,start    ] GC(5) Pause Final Update Refs
[2026-04-03T03:35:35.023+0600][14.000s][info][gc,task     ] GC(5) Using 6 of 6 workers for final reference update
[2026-04-03T03:35:35.024+0600][14.001s][info][gc          ] GC(5) Pause Final Update Refs 0.188ms
[2026-04-03T03:35:35.024+0600][14.001s][info][gc,start    ] GC(5) Concurrent cleanup
[2026-04-03T03:35:35.024+0600][14.001s][info][gc          ] GC(5) Concurrent cleanup 109M->29M(737M) 0.678ms
[2026-04-03T03:35:35.024+0600][14.001s][info][gc,ergo     ] Free: 1631M, Max: 512K regular, 1354M humongous, Frag: 17% external, 0% internal; Reserve: 89600K, Max: 512K
[2026-04-03T03:35:35.024+0600][14.001s][info][gc,stats    ] 
[2026-04-03T03:35:35.024+0600][14.001s][info][gc,stats    ] All times are wall-clock times, except per-root-class counters, that are sum over
[2026-04-03T03:35:35.024+0600][14.001s][info][gc,stats    ] all workers. Dividing the <total> over the root stage time estimates parallelism.
[2026-04-03T03:35:35.024+0600][14.001s][info][gc,stats    ] 
[2026-04-03T03:35:35.024+0600][14.001s][info][gc,stats    ] Concurrent Reset                    726 us
[2026-04-03T03:35:35.025+0600][14.001s][info][gc,stats    ] Pause Init Mark (G)                 367 us
[2026-04-03T03:35:35.025+0600][14.001s][info][gc,stats    ] Pause Init Mark (N)                 142 us
[2026-04-03T03:35:35.025+0600][14.001s][info][gc,stats    ]   Update Region States               36 us
[2026-04-03T03:35:35.025+0600][14.001s][info][gc,stats    ] Concurrent Mark Roots               664 us, parallelism: 1.38x
[2026-04-03T03:35:35.025+0600][14.001s][info][gc,stats    ]   CMR: <total>                      916 us
[2026-04-03T03:35:35.025+0600][14.001s][info][gc,stats    ]   CMR: Thread Roots                 707 us, workers (us): 140, 336, 231, ---, ---, ---, 
[2026-04-03T03:35:35.025+0600][14.001s][info][gc,stats    ]   CMR: VM Strong Roots               17 us, workers (us):  16,   1,   1, ---, ---, ---, 
[2026-04-03T03:35:35.025+0600][14.002s][info][gc,stats    ]   CMR: CLDG Roots                   191 us, workers (us): 191, ---, ---, ---, ---, ---, 
[2026-04-03T03:35:35.025+0600][14.002s][info][gc,stats    ] Concurrent Marking                13364 us
[2026-04-03T03:35:35.025+0600][14.002s][info][gc,stats    ] Pause Final Mark (G)                815 us
[2026-04-03T03:35:35.025+0600][14.002s][info][gc,stats    ] Pause Final Mark (N)                593 us
[2026-04-03T03:35:35.025+0600][14.002s][info][gc,stats    ]   Finish Mark                       200 us
[2026-04-03T03:35:35.025+0600][14.002s][info][gc,stats    ]   Update Region States               52 us
[2026-04-03T03:35:35.025+0600][14.002s][info][gc,stats    ]   Choose Collection Set             169 us
[2026-04-03T03:35:35.025+0600][14.002s][info][gc,stats    ]   Rebuild Free Set                   32 us
[2026-04-03T03:35:35.025+0600][14.002s][info][gc,stats    ] Concurrent Thread Roots             648 us, parallelism: 1.48x
[2026-04-03T03:35:35.025+0600][14.002s][info][gc,stats    ]   CTR: <total>                      956 us
[2026-04-03T03:35:35.025+0600][14.002s][info][gc,stats    ]   CTR: Thread Roots                 956 us, workers (us): 371, 317, 268, ---, ---, ---, 
[2026-04-03T03:35:35.025+0600][14.002s][info][gc,stats    ] Concurrent Weak References          879 us, parallelism: 1.08x
[2026-04-03T03:35:35.025+0600][14.002s][info][gc,stats    ]   CWRF: <total>                     947 us
[2026-04-03T03:35:35.025+0600][14.002s][info][gc,stats    ]   CWRF: Weak References             947 us, workers (us): 116, 216, 615, ---, ---, ---, 
[2026-04-03T03:35:35.025+0600][14.002s][info][gc,stats    ] Concurrent Weak Roots              1926 us
[2026-04-03T03:35:35.025+0600][14.002s][info][gc,stats    ]   Roots                            1635 us, parallelism: 2.32x
[2026-04-03T03:35:35.025+0600][14.002s][info][gc,stats    ]     CWR: <total>                   3798 us
[2026-04-03T03:35:35.025+0600][14.002s][info][gc,stats    ]     CWR: Code Cache Roots          2026 us, workers (us): 575, 747, 704, ---, ---, ---, 
[2026-04-03T03:35:35.025+0600][14.002s][info][gc,stats    ]     CWR: VM Weak Roots             1715 us, workers (us): 594, 588, 534, ---, ---, ---, 
[2026-04-03T03:35:35.025+0600][14.002s][info][gc,stats    ]     CWR: CLDG Roots                  57 us, workers (us):  57, ---, ---, ---, ---, ---, 
[2026-04-03T03:35:35.025+0600][14.002s][info][gc,stats    ]   Rendezvous                        194 us
[2026-04-03T03:35:35.025+0600][14.002s][info][gc,stats    ] Concurrent Cleanup                  240 us
[2026-04-03T03:35:35.025+0600][14.002s][info][gc,stats    ] Concurrent Class Unloading        14829 us
[2026-04-03T03:35:35.025+0600][14.002s][info][gc,stats    ]   Unlink Stale                    13529 us
[2026-04-03T03:35:35.025+0600][14.002s][info][gc,stats    ]     System Dictionary               394 us
[2026-04-03T03:35:35.025+0600][14.002s][info][gc,stats    ]     Weak Class Links               9320 us
[2026-04-03T03:35:35.025+0600][14.002s][info][gc,stats    ]     Code Roots                     3810 us
[2026-04-03T03:35:35.025+0600][14.002s][info][gc,stats    ]   Rendezvous                        339 us
[2026-04-03T03:35:35.025+0600][14.002s][info][gc,stats    ]   Purge Unlinked                    841 us
[2026-04-03T03:35:35.025+0600][14.002s][info][gc,stats    ]     Code Roots                      510 us
[2026-04-03T03:35:35.025+0600][14.002s][info][gc,stats    ]     CLDG                            330 us
[2026-04-03T03:35:35.025+0600][14.002s][info][gc,stats    ]     Exception Caches                  0 us
[2026-04-03T03:35:35.025+0600][14.002s][info][gc,stats    ] Concurrent Strong Roots            1021 us, parallelism: 0.63x
[2026-04-03T03:35:35.025+0600][14.002s][info][gc,stats    ]   CSR: <total>                      644 us
[2026-04-03T03:35:35.025+0600][14.002s][info][gc,stats    ]   CSR: VM Strong Roots               65 us, workers (us):  23,  20,  22, ---, ---, ---, 
[2026-04-03T03:35:35.025+0600][14.002s][info][gc,stats    ]   CSR: CLDG Roots                   579 us, workers (us): ---, 579, ---, ---, ---, ---, 
[2026-04-03T03:35:35.025+0600][14.002s][info][gc,stats    ] Concurrent Evacuation              2252 us
[2026-04-03T03:35:35.025+0600][14.002s][info][gc,stats    ] Pause Init Update Refs (G)          308 us
[2026-04-03T03:35:35.025+0600][14.002s][info][gc,stats    ] Pause Init Update Refs (N)          111 us
[2026-04-03T03:35:35.025+0600][14.002s][info][gc,stats    ]   Manage GCLABs                      11 us
[2026-04-03T03:35:35.025+0600][14.002s][info][gc,stats    ] Concurrent Update Refs             7773 us
[2026-04-03T03:35:35.025+0600][14.002s][info][gc,stats    ] Concurrent Update Thread Roots      843 us
[2026-04-03T03:35:35.025+0600][14.002s][info][gc,stats    ] Pause Final Update Refs (G)         334 us
[2026-04-03T03:35:35.025+0600][14.002s][info][gc,stats    ] Pause Final Update Refs (N)         212 us
[2026-04-03T03:35:35.025+0600][14.002s][info][gc,stats    ]   Update Region States               59 us
[2026-04-03T03:35:35.025+0600][14.002s][info][gc,stats    ]   Trash Collection Set               12 us
[2026-04-03T03:35:35.025+0600][14.002s][info][gc,stats    ]   Rebuild Free Set                   32 us
[2026-04-03T03:35:35.025+0600][14.002s][info][gc,stats    ] Concurrent Cleanup                  699 us
[2026-04-03T03:35:35.025+0600][14.002s][info][gc,stats    ] 
[2026-04-03T03:35:35.025+0600][14.002s][info][gc,stats    ] Allocation pacing accrued:
[2026-04-03T03:35:35.025+0600][14.002s][info][gc,stats    ]       0 of  1599 ms (  0.0%): <total>
[2026-04-03T03:35:35.025+0600][14.002s][info][gc,stats    ]       0 of  1599 ms (  0.0%): <average total>
[2026-04-03T03:35:35.025+0600][14.002s][info][gc,stats    ] 
[2026-04-03T03:35:35.025+0600][14.002s][info][gc,metaspace] Metaspace: 57376K(57920K)->57132K(57920K) NonClass: 50182K(50496K)->49993K(50496K) Class: 7193K(7424K)->7138K(7424K)
[2026-04-03T03:35:35.025+0600][14.002s][info][gc,ergo     ] Pacer for Idle. Initial: 35840K, Alloc Tax Rate: 1.0x
[2026-04-03T03:35:35.025+0600][14.002s][info][gc,start    ] Concurrent uncommit
[2026-04-03T03:35:35.163+0600][14.140s][info][gc          ] Concurrent uncommit 29M->38M(40M) 138.473ms
[2026-04-03T03:35:37.877+0600][16.854s][info][gc          ] Trigger: Average GC time (1096.33 ms) is above the time for instantaneous allocation rate (1165 MB/s) to deplete free headroom (1159M) (spike threshold = 1.80)
[2026-04-03T03:35:37.877+0600][16.854s][info][gc,ergo     ] Free: 1246M, Max: 512K regular, 1246M humongous, Frag: 0% external, 0% internal; Reserve: 89600K, Max: 512K
[2026-04-03T03:35:37.877+0600][16.854s][info][gc,start    ] GC(6) Concurrent reset
[2026-04-03T03:35:37.877+0600][16.854s][info][gc,task     ] GC(6) Using 3 of 6 workers for concurrent reset
[2026-04-03T03:35:37.877+0600][16.854s][info][gc,ergo     ] GC(6) Pacer for Reset. Non-Taxable: 1750M
[2026-04-03T03:35:37.878+0600][16.855s][info][gc          ] GC(6) Concurrent reset 1.339ms
[2026-04-03T03:35:37.879+0600][16.856s][info][gc,start    ] GC(6) Pause Init Mark (unload classes)
[2026-04-03T03:35:37.879+0600][16.856s][info][gc,task     ] GC(6) Using 6 of 6 workers for init marking
[2026-04-03T03:35:37.879+0600][16.856s][info][gc,ergo     ] GC(6) Pacer for Mark. Expected Live: 199M, Free: 1245M, Non-Taxable: 124M, Alloc Tax Rate: 0.2x
[2026-04-03T03:35:37.879+0600][16.856s][info][gc          ] GC(6) Pause Init Mark (unload classes) 0.114ms
[2026-04-03T03:35:37.879+0600][16.856s][info][gc,start    ] GC(6) Concurrent marking roots
[2026-04-03T03:35:37.879+0600][16.856s][info][gc,task     ] GC(6) Using 3 of 6 workers for concurrent marking roots
[2026-04-03T03:35:37.880+0600][16.857s][info][gc          ] GC(6) Concurrent marking roots 1.363ms
[2026-04-03T03:35:37.880+0600][16.857s][info][gc,start    ] GC(6) Concurrent marking (unload classes)
[2026-04-03T03:35:37.880+0600][16.857s][info][gc,task     ] GC(6) Using 3 of 6 workers for concurrent marking
[2026-04-03T03:35:37.897+0600][16.874s][info][gc          ] GC(6) Concurrent marking (unload classes) 16.609ms
[2026-04-03T03:35:37.897+0600][16.874s][info][gc,start    ] GC(6) Pause Final Mark (unload classes)
[2026-04-03T03:35:37.897+0600][16.874s][info][gc,task     ] GC(6) Using 6 of 6 workers for final marking
[2026-04-03T03:35:37.898+0600][16.875s][info][gc,ergo     ] GC(6) Adaptive CSet Selection. Target Free: 247M, Actual Free: 1581M, Max CSet: 74666K, Min Garbage: 0B
[2026-04-03T03:35:37.898+0600][16.875s][info][gc,ergo     ] GC(6) Collectable Garbage: 377M (99%), Immediate: 267M (70%), CSet: 110M (29%)
[2026-04-03T03:35:37.898+0600][16.875s][info][gc,ergo     ] GC(6) Pacer for Evacuation. Used CSet: 116M, Free: 1498M, Non-Taxable: 149M, Alloc Tax Rate: 1.1x
[2026-04-03T03:35:37.898+0600][16.875s][info][gc          ] GC(6) Pause Final Mark (unload classes) 0.718ms
[2026-04-03T03:35:37.898+0600][16.875s][info][gc,start    ] GC(6) Concurrent thread roots
[2026-04-03T03:35:37.898+0600][16.875s][info][gc,task     ] GC(6) Using 3 of 6 workers for Concurrent thread roots
[2026-04-03T03:35:37.899+0600][16.875s][info][gc          ] GC(6) Concurrent thread roots 0.486ms
[2026-04-03T03:35:37.899+0600][16.876s][info][gc,start    ] GC(6) Concurrent weak references
[2026-04-03T03:35:37.899+0600][16.876s][info][gc,task     ] GC(6) Using 3 of 6 workers for concurrent weak references
[2026-04-03T03:35:37.899+0600][16.876s][info][gc,ref      ] GC(6) Encountered references: Soft: 3189, Weak: 5808, Final: 82, Phantom: 606
[2026-04-03T03:35:37.899+0600][16.876s][info][gc,ref      ] GC(6) Discovered  references: Soft: 0, Weak: 3225, Final: 50, Phantom: 603
[2026-04-03T03:35:37.900+0600][16.876s][info][gc,ref      ] GC(6) Enqueued    references: Soft: 0, Weak: 814, Final: 0, Phantom: 1
[2026-04-03T03:35:37.900+0600][16.876s][info][gc          ] GC(6) Concurrent weak references 0.992ms
[2026-04-03T03:35:37.900+0600][16.877s][info][gc,start    ] GC(6) Concurrent weak roots
[2026-04-03T03:35:37.900+0600][16.877s][info][gc,task     ] GC(6) Using 3 of 6 workers for concurrent weak root
[2026-04-03T03:35:37.902+0600][16.879s][info][gc          ] GC(6) Concurrent weak roots 2.103ms
[2026-04-03T03:35:37.902+0600][16.879s][info][gc,start    ] GC(6) Concurrent cleanup
[2026-04-03T03:35:37.902+0600][16.879s][info][gc          ] GC(6) Concurrent cleanup 433M->166M(440M) 0.683ms
[2026-04-03T03:35:37.902+0600][16.879s][info][gc,ergo     ] GC(6) Free: 1494M, Max: 512K regular, 1224M humongous, Frag: 19% external, 0% internal; Reserve: 88318K, Max: 512K
[2026-04-03T03:35:37.902+0600][16.879s][info][gc,start    ] GC(6) Concurrent class unloading
[2026-04-03T03:35:37.902+0600][16.879s][info][gc,task     ] GC(6) Using 3 of 6 workers for concurrent class unloading
[2026-04-03T03:35:37.918+0600][16.894s][info][gc          ] GC(6) Concurrent class unloading 15.047ms
[2026-04-03T03:35:37.918+0600][16.895s][info][gc,start    ] GC(6) Concurrent strong roots
[2026-04-03T03:35:37.918+0600][16.895s][info][gc,task     ] GC(6) Using 3 of 6 workers for concurrent strong root
[2026-04-03T03:35:37.919+0600][16.896s][info][gc          ] GC(6) Concurrent strong roots 1.144ms
[2026-04-03T03:35:37.919+0600][16.896s][info][gc,start    ] GC(6) Concurrent evacuation
[2026-04-03T03:35:37.919+0600][16.896s][info][gc,task     ] GC(6) Using 3 of 6 workers for concurrent evacuation
[2026-04-03T03:35:37.924+0600][16.901s][info][gc          ] GC(6) Concurrent evacuation 4.812ms
[2026-04-03T03:35:37.924+0600][16.901s][info][gc,start    ] GC(6) Pause Init Update Refs
[2026-04-03T03:35:37.924+0600][16.901s][info][gc,ergo     ] GC(6) Pacer for Update Refs. Used: 192M, Free: 1475M, Non-Taxable: 147M, Alloc Tax Rate: 1.1x
[2026-04-03T03:35:37.924+0600][16.901s][info][gc          ] GC(6) Pause Init Update Refs 0.087ms
[2026-04-03T03:35:37.924+0600][16.901s][info][gc,start    ] GC(6) Concurrent update references
[2026-04-03T03:35:37.924+0600][16.901s][info][gc,task     ] GC(6) Using 3 of 6 workers for concurrent reference update
[2026-04-03T03:35:37.938+0600][16.915s][info][gc          ] GC(6) Concurrent update references 13.685ms
[2026-04-03T03:35:37.938+0600][16.915s][info][gc,start    ] GC(6) Concurrent update thread roots
[2026-04-03T03:35:37.939+0600][16.916s][info][gc          ] GC(6) Concurrent update thread roots 0.724ms
[2026-04-03T03:35:37.939+0600][16.916s][info][gc,start    ] GC(6) Pause Final Update Refs
[2026-04-03T03:35:37.939+0600][16.916s][info][gc,task     ] GC(6) Using 6 of 6 workers for final reference update
[2026-04-03T03:35:37.939+0600][16.916s][info][gc          ] GC(6) Pause Final Update Refs 0.192ms
[2026-04-03T03:35:37.939+0600][16.916s][info][gc,start    ] GC(6) Concurrent cleanup
[2026-04-03T03:35:37.940+0600][16.917s][info][gc          ] GC(6) Concurrent cleanup 208M->92M(445M) 0.654ms
[2026-04-03T03:35:37.940+0600][16.917s][info][gc,ergo     ] Free: 1567M, Max: 512K regular, 1218M humongous, Frag: 23% external, 0% internal; Reserve: 89600K, Max: 512K
[2026-04-03T03:35:37.940+0600][16.917s][info][gc,stats    ] 
[2026-04-03T03:35:37.940+0600][16.917s][info][gc,stats    ] All times are wall-clock times, except per-root-class counters, that are sum over
[2026-04-03T03:35:37.940+0600][16.917s][info][gc,stats    ] all workers. Dividing the <total> over the root stage time estimates parallelism.
[2026-04-03T03:35:37.940+0600][16.917s][info][gc,stats    ] 
[2026-04-03T03:35:37.940+0600][16.917s][info][gc,stats    ] Concurrent Reset                   1384 us
[2026-04-03T03:35:37.940+0600][16.917s][info][gc,stats    ] Pause Init Mark (G)                 480 us
[2026-04-03T03:35:37.940+0600][16.917s][info][gc,stats    ] Pause Init Mark (N)                 124 us
[2026-04-03T03:35:37.940+0600][16.917s][info][gc,stats    ]   Update Region States               29 us
[2026-04-03T03:35:37.940+0600][16.917s][info][gc,stats    ] Concurrent Mark Roots              1392 us, parallelism: 2.23x
[2026-04-03T03:35:37.940+0600][16.917s][info][gc,stats    ]   CMR: <total>                     3103 us
[2026-04-03T03:35:37.940+0600][16.917s][info][gc,stats    ]   CMR: Thread Roots                2636 us, workers (us): 940, 743, 953, ---, ---, ---, 
[2026-04-03T03:35:37.940+0600][16.917s][info][gc,stats    ]   CMR: VM Strong Roots              117 us, workers (us): 102,  13,   2, ---, ---, ---, 
[2026-04-03T03:35:37.940+0600][16.917s][info][gc,stats    ]   CMR: CLDG Roots                   350 us, workers (us): ---, 350, ---, ---, ---, ---, 
[2026-04-03T03:35:37.940+0600][16.917s][info][gc,stats    ] Concurrent Marking                16676 us
[2026-04-03T03:35:37.940+0600][16.917s][info][gc,stats    ] Pause Final Mark (G)                973 us
[2026-04-03T03:35:37.940+0600][16.917s][info][gc,stats    ] Pause Final Mark (N)                729 us
[2026-04-03T03:35:37.940+0600][16.917s][info][gc,stats    ]   Finish Mark                       226 us
[2026-04-03T03:35:37.940+0600][16.917s][info][gc,stats    ]   Update Region States               50 us
[2026-04-03T03:35:37.940+0600][16.917s][info][gc,stats    ]   Choose Collection Set             246 us
[2026-04-03T03:35:37.940+0600][16.917s][info][gc,stats    ]   Rebuild Free Set                   67 us
[2026-04-03T03:35:37.940+0600][16.917s][info][gc,stats    ] Concurrent Thread Roots             510 us, parallelism: 2.04x
[2026-04-03T03:35:37.940+0600][16.917s][info][gc,stats    ]   CTR: <total>                     1041 us
[2026-04-03T03:35:37.940+0600][16.917s][info][gc,stats    ]   CTR: Thread Roots                1041 us, workers (us): 394, 324, 323, ---, ---, ---, 
[2026-04-03T03:35:37.940+0600][16.917s][info][gc,stats    ] Concurrent Weak References         1005 us, parallelism: 1.12x
[2026-04-03T03:35:37.940+0600][16.917s][info][gc,stats    ]   CWRF: <total>                    1122 us
[2026-04-03T03:35:37.940+0600][16.917s][info][gc,stats    ]   CWRF: Weak References            1122 us, workers (us): 110, 823, 189, ---, ---, ---, 
[2026-04-03T03:35:37.940+0600][16.917s][info][gc,stats    ] Concurrent Weak Roots              2159 us
[2026-04-03T03:35:37.940+0600][16.917s][info][gc,stats    ]   Roots                            1931 us, parallelism: 2.58x
[2026-04-03T03:35:37.940+0600][16.917s][info][gc,stats    ]     CWR: <total>                   4978 us
[2026-04-03T03:35:37.940+0600][16.917s][info][gc,stats    ]     CWR: Code Cache Roots          2456 us, workers (us): 729, 825, 902, ---, ---, ---, 
[2026-04-03T03:35:37.940+0600][16.917s][info][gc,stats    ]     CWR: VM Weak Roots             2386 us, workers (us): 806, 797, 784, ---, ---, ---, 
[2026-04-03T03:35:37.940+0600][16.917s][info][gc,stats    ]     CWR: CLDG Roots                 135 us, workers (us): 135, ---, ---, ---, ---, ---, 
[2026-04-03T03:35:37.940+0600][16.917s][info][gc,stats    ]   Rendezvous                        144 us
[2026-04-03T03:35:37.940+0600][16.917s][info][gc,stats    ] Concurrent Cleanup                  706 us
[2026-04-03T03:35:37.940+0600][16.917s][info][gc,stats    ] Concurrent Class Unloading        15124 us
[2026-04-03T03:35:37.940+0600][16.917s][info][gc,stats    ]   Unlink Stale                    13008 us
[2026-04-03T03:35:37.940+0600][16.917s][info][gc,stats    ]     System Dictionary               396 us
[2026-04-03T03:35:37.940+0600][16.917s][info][gc,stats    ]     Weak Class Links               8226 us
[2026-04-03T03:35:37.940+0600][16.917s][info][gc,stats    ]     Code Roots                     4382 us
[2026-04-03T03:35:37.940+0600][16.917s][info][gc,stats    ]   Rendezvous                        282 us
[2026-04-03T03:35:37.940+0600][16.917s][info][gc,stats    ]   Purge Unlinked                   1724 us
[2026-04-03T03:35:37.940+0600][16.917s][info][gc,stats    ]     Code Roots                     1486 us
[2026-04-03T03:35:37.940+0600][16.917s][info][gc,stats    ]     CLDG                            236 us
[2026-04-03T03:35:37.940+0600][16.917s][info][gc,stats    ]     Exception Caches                  1 us
[2026-04-03T03:35:37.940+0600][16.917s][info][gc,stats    ] Concurrent Strong Roots            1200 us, parallelism: 0.69x
[2026-04-03T03:35:37.940+0600][16.917s][info][gc,stats    ]   CSR: <total>                      823 us
[2026-04-03T03:35:37.940+0600][16.917s][info][gc,stats    ]   CSR: VM Strong Roots               25 us, workers (us):  15,   7,   3, ---, ---, ---, 
[2026-04-03T03:35:37.940+0600][16.917s][info][gc,stats    ]   CSR: CLDG Roots                   798 us, workers (us): 798, ---, ---, ---, ---, ---, 
[2026-04-03T03:35:37.940+0600][16.917s][info][gc,stats    ] Concurrent Evacuation              4894 us
[2026-04-03T03:35:37.940+0600][16.917s][info][gc,stats    ] Pause Init Update Refs (G)          381 us
[2026-04-03T03:35:37.940+0600][16.917s][info][gc,stats    ] Pause Init Update Refs (N)          101 us
[2026-04-03T03:35:37.940+0600][16.917s][info][gc,stats    ]   Manage GCLABs                      12 us
[2026-04-03T03:35:37.940+0600][16.917s][info][gc,stats    ] Concurrent Update Refs            13776 us
[2026-04-03T03:35:37.940+0600][16.917s][info][gc,stats    ] Concurrent Update Thread Roots      775 us
[2026-04-03T03:35:37.940+0600][16.917s][info][gc,stats    ] Pause Final Update Refs (G)         490 us
[2026-04-03T03:35:37.940+0600][16.917s][info][gc,stats    ] Pause Final Update Refs (N)         207 us
[2026-04-03T03:35:37.940+0600][16.917s][info][gc,stats    ]   Update Region States               59 us
[2026-04-03T03:35:37.940+0600][16.917s][info][gc,stats    ]   Trash Collection Set               12 us
[2026-04-03T03:35:37.940+0600][16.917s][info][gc,stats    ]   Rebuild Free Set                   33 us
[2026-04-03T03:35:37.940+0600][16.917s][info][gc,stats    ] Concurrent Cleanup                  696 us
[2026-04-03T03:35:37.940+0600][16.917s][info][gc,stats    ] 
[2026-04-03T03:35:37.940+0600][16.917s][info][gc,stats    ] Allocation pacing accrued:
[2026-04-03T03:35:37.940+0600][16.917s][info][gc,stats    ]       0 of  2915 ms (  0.0%): <total>
[2026-04-03T03:35:37.940+0600][16.917s][info][gc,stats    ]       0 of  2915 ms (  0.0%): <average total>
[2026-04-03T03:35:37.940+0600][16.917s][info][gc,stats    ] 
[2026-04-03T03:35:37.940+0600][16.917s][info][gc,metaspace] Metaspace: 66734K(67584K)->66558K(67584K) NonClass: 58350K(58816K)->58225K(58816K) Class: 8383K(8768K)->8333K(8768K)
[2026-04-03T03:35:37.940+0600][16.917s][info][gc,ergo     ] Pacer for Idle. Initial: 35840K, Alloc Tax Rate: 1.0x
[2026-04-03T03:35:38.078+0600][17.055s][info][gc          ] Trigger: Average GC time (778.66 ms) is above the time for instantaneous allocation rate (1858 MB/s) to deplete free headroom (1225M) (spike threshold = 1.80)
[2026-04-03T03:35:38.078+0600][17.055s][info][gc,ergo     ] Free: 1312M, Max: 512K regular, 1218M humongous, Frag: 8% external, 0% internal; Reserve: 89600K, Max: 512K
[2026-04-03T03:35:38.079+0600][17.055s][info][gc,start    ] GC(7) Concurrent reset
[2026-04-03T03:35:38.079+0600][17.055s][info][gc,task     ] GC(7) Using 3 of 6 workers for concurrent reset
[2026-04-03T03:35:38.079+0600][17.055s][info][gc,ergo     ] GC(7) Pacer for Reset. Non-Taxable: 1750M
[2026-04-03T03:35:38.080+0600][17.057s][info][gc          ] GC(7) Concurrent reset 1.428ms
[2026-04-03T03:35:38.080+0600][17.057s][info][gc,start    ] GC(7) Pause Init Mark (unload classes)
[2026-04-03T03:35:38.080+0600][17.057s][info][gc,task     ] GC(7) Using 6 of 6 workers for init marking
[2026-04-03T03:35:38.080+0600][17.057s][info][gc,ergo     ] GC(7) Pacer for Mark. Expected Live: 201M, Free: 1310M, Non-Taxable: 131M, Alloc Tax Rate: 0.2x
[2026-04-03T03:35:38.080+0600][17.057s][info][gc          ] GC(7) Pause Init Mark (unload classes) 0.109ms
[2026-04-03T03:35:38.080+0600][17.057s][info][gc,start    ] GC(7) Concurrent marking roots
[2026-04-03T03:35:38.080+0600][17.057s][info][gc,task     ] GC(7) Using 3 of 6 workers for concurrent marking roots
[2026-04-03T03:35:38.081+0600][17.058s][info][gc          ] GC(7) Concurrent marking roots 0.542ms
[2026-04-03T03:35:38.081+0600][17.058s][info][gc,start    ] GC(7) Concurrent marking (unload classes)
[2026-04-03T03:35:38.081+0600][17.058s][info][gc,task     ] GC(7) Using 3 of 6 workers for concurrent marking
[2026-04-03T03:35:38.097+0600][17.074s][info][gc          ] GC(7) Concurrent marking (unload classes) 16.229ms
[2026-04-03T03:35:38.115+0600][17.092s][info][gc,start    ] GC(7) Pause Final Mark (unload classes)
[2026-04-03T03:35:38.115+0600][17.092s][info][gc,task     ] GC(7) Using 6 of 6 workers for final marking
[2026-04-03T03:35:38.115+0600][17.092s][info][gc,ergo     ] GC(7) Collectable Garbage: 311M (98%), Immediate: 311M (98%), CSet: 0B (0%)
[2026-04-03T03:35:38.115+0600][17.092s][info][gc          ] GC(7) Pause Final Mark (unload classes) 0.748ms
[2026-04-03T03:35:38.116+0600][17.092s][info][gc,start    ] GC(7) Concurrent weak references
[2026-04-03T03:35:38.116+0600][17.093s][info][gc,task     ] GC(7) Using 3 of 6 workers for concurrent weak references
[2026-04-03T03:35:38.116+0600][17.093s][info][gc,ref      ] GC(7) Encountered references: Soft: 3189, Weak: 4994, Final: 82, Phantom: 605
[2026-04-03T03:35:38.116+0600][17.093s][info][gc,ref      ] GC(7) Discovered  references: Soft: 0, Weak: 500, Final: 0, Phantom: 583
[2026-04-03T03:35:38.116+0600][17.093s][info][gc,ref      ] GC(7) Enqueued    references: Soft: 0, Weak: 0, Final: 0, Phantom: 0
[2026-04-03T03:35:38.116+0600][17.093s][info][gc          ] GC(7) Concurrent weak references 0.457ms
[2026-04-03T03:35:38.116+0600][17.093s][info][gc,start    ] GC(7) Concurrent weak roots
[2026-04-03T03:35:38.116+0600][17.093s][info][gc,task     ] GC(7) Using 3 of 6 workers for concurrent weak root
[2026-04-03T03:35:38.118+0600][17.095s][info][gc          ] GC(7) Concurrent weak roots 2.229ms
[2026-04-03T03:35:38.118+0600][17.095s][info][gc,start    ] GC(7) Concurrent cleanup
[2026-04-03T03:35:38.119+0600][17.096s][info][gc          ] GC(7) Concurrent cleanup 371M->60M(445M) 0.411ms
[2026-04-03T03:35:38.119+0600][17.096s][info][gc,ergo     ] GC(7) Free: 1600M, Max: 512K regular, 1309M humongous, Frag: 19% external, 0% internal; Reserve: 89600K, Max: 512K
[2026-04-03T03:35:38.119+0600][17.096s][info][gc,start    ] GC(7) Concurrent class unloading
[2026-04-03T03:35:38.119+0600][17.096s][info][gc,task     ] GC(7) Using 3 of 6 workers for concurrent class unloading
[2026-04-03T03:35:38.123+0600][17.100s][info][gc          ] GC(7) Concurrent class unloading 4.078ms
[2026-04-03T03:35:38.123+0600][17.100s][info][gc,start    ] GC(7) Pause Final Roots
[2026-04-03T03:35:38.123+0600][17.100s][info][gc          ] GC(7) Pause Final Roots 0.030ms
[2026-04-03T03:35:38.123+0600][17.100s][info][gc,ergo     ] Free: 1595M, Max: 512K regular, 1309M humongous, Frag: 18% external, 0% internal; Reserve: 89600K, Max: 512K
[2026-04-03T03:35:38.123+0600][17.100s][info][gc,stats    ] 
[2026-04-03T03:35:38.123+0600][17.100s][info][gc,stats    ] All times are wall-clock times, except per-root-class counters, that are sum over
[2026-04-03T03:35:38.123+0600][17.100s][info][gc,stats    ] all workers. Dividing the <total> over the root stage time estimates parallelism.
[2026-04-03T03:35:38.123+0600][17.100s][info][gc,stats    ] 
[2026-04-03T03:35:38.123+0600][17.100s][info][gc,stats    ] Concurrent Reset                   1471 us
[2026-04-03T03:35:38.123+0600][17.100s][info][gc,stats    ] Pause Init Mark (G)                 393 us
[2026-04-03T03:35:38.123+0600][17.100s][info][gc,stats    ] Pause Init Mark (N)                 119 us
[2026-04-03T03:35:38.123+0600][17.100s][info][gc,stats    ]   Update Region States               20 us
[2026-04-03T03:35:38.123+0600][17.100s][info][gc,stats    ] Concurrent Mark Roots               591 us, parallelism: 1.44x
[2026-04-03T03:35:38.123+0600][17.100s][info][gc,stats    ]   CMR: <total>                      848 us
[2026-04-03T03:35:38.123+0600][17.100s][info][gc,stats    ]   CMR: Thread Roots                 561 us, workers (us):  52, 284, 225, ---, ---, ---, 
[2026-04-03T03:35:38.123+0600][17.100s][info][gc,stats    ]   CMR: VM Strong Roots               20 us, workers (us):  19,   1,   1, ---, ---, ---, 
[2026-04-03T03:35:38.123+0600][17.100s][info][gc,stats    ]   CMR: CLDG Roots                   267 us, workers (us): 267, ---, ---, ---, ---, ---, 
[2026-04-03T03:35:38.123+0600][17.100s][info][gc,stats    ] Concurrent Marking                33387 us
[2026-04-03T03:35:38.123+0600][17.100s][info][gc,stats    ] Pause Final Mark (G)               1162 us
[2026-04-03T03:35:38.124+0600][17.100s][info][gc,stats    ] Pause Final Mark (N)                774 us
[2026-04-03T03:35:38.124+0600][17.100s][info][gc,stats    ]   Finish Mark                       345 us
[2026-04-03T03:35:38.124+0600][17.100s][info][gc,stats    ]   Update Region States               77 us
[2026-04-03T03:35:38.124+0600][17.100s][info][gc,stats    ]   Choose Collection Set             131 us
[2026-04-03T03:35:38.124+0600][17.100s][info][gc,stats    ]   Rebuild Free Set                   44 us
[2026-04-03T03:35:38.124+0600][17.100s][info][gc,stats    ] Concurrent Weak References          474 us, parallelism: 0.51x
[2026-04-03T03:35:38.124+0600][17.101s][info][gc,stats    ]   CWRF: <total>                     240 us
[2026-04-03T03:35:38.124+0600][17.101s][info][gc,stats    ]   CWRF: Weak References             240 us, workers (us): 164,  76,   0, ---, ---, ---, 
[2026-04-03T03:35:38.124+0600][17.101s][info][gc,stats    ] Concurrent Weak Roots              2297 us
[2026-04-03T03:35:38.124+0600][17.101s][info][gc,stats    ]   Roots                            1971 us, parallelism: 2.37x
[2026-04-03T03:35:38.124+0600][17.101s][info][gc,stats    ]     CWR: <total>                   4679 us
[2026-04-03T03:35:38.124+0600][17.101s][info][gc,stats    ]     CWR: Code Cache Roots          3169 us, workers (us): 1152, 1103, 914, ---, ---, ---, 
[2026-04-03T03:35:38.124+0600][17.101s][info][gc,stats    ]     CWR: VM Weak Roots             1408 us, workers (us): 480, 480, 448, ---, ---, ---, 
[2026-04-03T03:35:38.124+0600][17.101s][info][gc,stats    ]     CWR: CLDG Roots                 102 us, workers (us): ---, ---, 102, ---, ---, ---, 
[2026-04-03T03:35:38.124+0600][17.101s][info][gc,stats    ]   Rendezvous                        222 us
[2026-04-03T03:35:38.124+0600][17.101s][info][gc,stats    ] Concurrent Cleanup                  436 us
[2026-04-03T03:35:38.124+0600][17.101s][info][gc,stats    ] Concurrent Class Unloading         4133 us
[2026-04-03T03:35:38.124+0600][17.101s][info][gc,stats    ]   Unlink Stale                     3728 us
[2026-04-03T03:35:38.124+0600][17.101s][info][gc,stats    ]     System Dictionary                71 us
[2026-04-03T03:35:38.124+0600][17.101s][info][gc,stats    ]     Weak Class Links                  0 us
[2026-04-03T03:35:38.124+0600][17.101s][info][gc,stats    ]     Code Roots                     3653 us
[2026-04-03T03:35:38.124+0600][17.101s][info][gc,stats    ]   Rendezvous                        166 us
[2026-04-03T03:35:38.124+0600][17.101s][info][gc,stats    ]   Purge Unlinked                    153 us
[2026-04-03T03:35:38.124+0600][17.101s][info][gc,stats    ]     Code Roots                      143 us
[2026-04-03T03:35:38.124+0600][17.101s][info][gc,stats    ]     CLDG                              9 us
[2026-04-03T03:35:38.124+0600][17.101s][info][gc,stats    ]     Exception Caches                  0 us
[2026-04-03T03:35:38.124+0600][17.101s][info][gc,stats    ] Pause Final Roots (G)               297 us
[2026-04-03T03:35:38.124+0600][17.101s][info][gc,stats    ] Pause Final Roots (N)                45 us
[2026-04-03T03:35:38.124+0600][17.101s][info][gc,stats    ] 
[2026-04-03T03:35:38.124+0600][17.101s][info][gc,stats    ] Allocation pacing accrued:
[2026-04-03T03:35:38.124+0600][17.101s][info][gc,stats    ]       0 of   183 ms (  0.0%): <total>
[2026-04-03T03:35:38.124+0600][17.101s][info][gc,stats    ]       0 of   183 ms (  0.0%): <average total>
[2026-04-03T03:35:38.124+0600][17.101s][info][gc,stats    ] 
[2026-04-03T03:35:38.124+0600][17.101s][info][gc,metaspace] Metaspace: 66561K(67584K)->66561K(67584K) NonClass: 58227K(58816K)->58228K(58816K) Class: 8333K(8768K)->8333K(8768K)
[2026-04-03T03:35:38.124+0600][17.101s][info][gc,ergo     ] Pacer for Idle. Initial: 35840K, Alloc Tax Rate: 1.0x
[2026-04-03T03:35:38.317+0600][17.294s][info][gc          ] Trigger: Learning 4 of 5. Free (1224M) is below initial threshold (1225M)
[2026-04-03T03:35:38.317+0600][17.294s][info][gc,ergo     ] Free: 1224M, Max: 512K regular, 1224M humongous, Frag: 0% external, 0% internal; Reserve: 89600K, Max: 512K
[2026-04-03T03:35:38.317+0600][17.294s][info][gc,start    ] GC(8) Concurrent reset
[2026-04-03T03:35:38.317+0600][17.294s][info][gc,task     ] GC(8) Using 3 of 6 workers for concurrent reset
[2026-04-03T03:35:38.317+0600][17.294s][info][gc,ergo     ] GC(8) Pacer for Reset. Non-Taxable: 1750M
[2026-04-03T03:35:38.318+0600][17.294s][info][gc          ] GC(8) Concurrent reset 0.511ms
[2026-04-03T03:35:38.318+0600][17.295s][info][gc,start    ] GC(8) Pause Init Mark (unload classes)
[2026-04-03T03:35:38.318+0600][17.295s][info][gc,task     ] GC(8) Using 6 of 6 workers for init marking
[2026-04-03T03:35:38.318+0600][17.295s][info][gc,ergo     ] GC(8) Pacer for Mark. Expected Live: 144M, Free: 1222M, Non-Taxable: 122M, Alloc Tax Rate: 0.1x
[2026-04-03T03:35:38.318+0600][17.295s][info][gc          ] GC(8) Pause Init Mark (unload classes) 0.144ms
[2026-04-03T03:35:38.318+0600][17.295s][info][gc,start    ] GC(8) Concurrent marking roots
[2026-04-03T03:35:38.318+0600][17.295s][info][gc,task     ] GC(8) Using 3 of 6 workers for concurrent marking roots
[2026-04-03T03:35:38.319+0600][17.295s][info][gc          ] GC(8) Concurrent marking roots 0.575ms
[2026-04-03T03:35:38.319+0600][17.296s][info][gc,start    ] GC(8) Concurrent marking (unload classes)
[2026-04-03T03:35:38.319+0600][17.296s][info][gc,task     ] GC(8) Using 3 of 6 workers for concurrent marking
[2026-04-03T03:35:38.334+0600][17.310s][info][gc          ] GC(8) Concurrent marking (unload classes) 14.937ms
[2026-04-03T03:35:38.334+0600][17.311s][info][gc,start    ] GC(8) Pause Final Mark (unload classes)
[2026-04-03T03:35:38.334+0600][17.311s][info][gc,task     ] GC(8) Using 6 of 6 workers for final marking
[2026-04-03T03:35:38.334+0600][17.311s][info][gc,ergo     ] GC(8) Collectable Garbage: 398M (98%), Immediate: 398M (98%), CSet: 0B (0%)
[2026-04-03T03:35:38.334+0600][17.311s][info][gc          ] GC(8) Pause Final Mark (unload classes) 0.557ms
[2026-04-03T03:35:38.334+0600][17.311s][info][gc,start    ] GC(8) Concurrent weak references
[2026-04-03T03:35:38.334+0600][17.311s][info][gc,task     ] GC(8) Using 3 of 6 workers for concurrent weak references
[2026-04-03T03:35:38.335+0600][17.311s][info][gc,ref      ] GC(8) Encountered references: Soft: 3189, Weak: 4994, Final: 82, Phantom: 605
[2026-04-03T03:35:38.335+0600][17.311s][info][gc,ref      ] GC(8) Discovered  references: Soft: 0, Weak: 355, Final: 0, Phantom: 583
[2026-04-03T03:35:38.335+0600][17.311s][info][gc,ref      ] GC(8) Enqueued    references: Soft: 0, Weak: 0, Final: 0, Phantom: 0
[2026-04-03T03:35:38.335+0600][17.311s][info][gc          ] GC(8) Concurrent weak references 0.193ms
[2026-04-03T03:35:38.335+0600][17.312s][info][gc,start    ] GC(8) Concurrent weak roots
[2026-04-03T03:35:38.335+0600][17.312s][info][gc,task     ] GC(8) Using 3 of 6 workers for concurrent weak root
[2026-04-03T03:35:38.337+0600][17.314s][info][gc          ] GC(8) Concurrent weak roots 2.003ms
[2026-04-03T03:35:38.337+0600][17.314s][info][gc,start    ] GC(8) Concurrent cleanup
[2026-04-03T03:35:38.337+0600][17.314s][info][gc          ] GC(8) Concurrent cleanup 458M->60M(461M) 0.353ms
[2026-04-03T03:35:38.337+0600][17.314s][info][gc,ergo     ] GC(8) Free: 1600M, Max: 512K regular, 1202M humongous, Frag: 25% external, 0% internal; Reserve: 89600K, Max: 512K
[2026-04-03T03:35:38.337+0600][17.314s][info][gc,start    ] GC(8) Concurrent class unloading
[2026-04-03T03:35:38.337+0600][17.314s][info][gc,task     ] GC(8) Using 3 of 6 workers for concurrent class unloading
[2026-04-03T03:35:38.341+0600][17.318s][info][gc          ] GC(8) Concurrent class unloading 3.981ms
[2026-04-03T03:35:38.341+0600][17.318s][info][gc,start    ] GC(8) Pause Final Roots
[2026-04-03T03:35:38.341+0600][17.318s][info][gc          ] GC(8) Pause Final Roots 0.032ms
[2026-04-03T03:35:38.341+0600][17.318s][info][gc,ergo     ] Free: 1595M, Max: 512K regular, 1202M humongous, Frag: 25% external, 0% internal; Reserve: 89600K, Max: 512K
[2026-04-03T03:35:38.342+0600][17.318s][info][gc,stats    ] 
[2026-04-03T03:35:38.342+0600][17.318s][info][gc,stats    ] All times are wall-clock times, except per-root-class counters, that are sum over
[2026-04-03T03:35:38.342+0600][17.318s][info][gc,stats    ] all workers. Dividing the <total> over the root stage time estimates parallelism.
[2026-04-03T03:35:38.342+0600][17.319s][info][gc,stats    ] 
[2026-04-03T03:35:38.342+0600][17.319s][info][gc,stats    ] Concurrent Reset                    547 us
[2026-04-03T03:35:38.342+0600][17.319s][info][gc,stats    ] Pause Init Mark (G)                 400 us
[2026-04-03T03:35:38.342+0600][17.319s][info][gc,stats    ] Pause Init Mark (N)                 156 us
[2026-04-03T03:35:38.342+0600][17.319s][info][gc,stats    ]   Update Region States               44 us
[2026-04-03T03:35:38.342+0600][17.319s][info][gc,stats    ] Concurrent Mark Roots               611 us, parallelism: 1.36x
[2026-04-03T03:35:38.342+0600][17.319s][info][gc,stats    ]   CMR: <total>                      831 us
[2026-04-03T03:35:38.342+0600][17.319s][info][gc,stats    ]   CMR: Thread Roots                 622 us, workers (us):  93, 278, 251, ---, ---, ---, 
[2026-04-03T03:35:38.342+0600][17.319s][info][gc,stats    ]   CMR: VM Strong Roots               15 us, workers (us):  14,   1,   0, ---, ---, ---, 
[2026-04-03T03:35:38.342+0600][17.319s][info][gc,stats    ]   CMR: CLDG Roots                   195 us, workers (us): 195, ---, ---, ---, ---, ---, 
[2026-04-03T03:35:38.342+0600][17.319s][info][gc,stats    ] Concurrent Marking                15007 us
[2026-04-03T03:35:38.342+0600][17.319s][info][gc,stats    ] Pause Final Mark (G)                784 us
[2026-04-03T03:35:38.342+0600][17.319s][info][gc,stats    ] Pause Final Mark (N)                575 us
[2026-04-03T03:35:38.342+0600][17.319s][info][gc,stats    ]   Finish Mark                       293 us
[2026-04-03T03:35:38.342+0600][17.319s][info][gc,stats    ]   Update Region States               52 us
[2026-04-03T03:35:38.342+0600][17.319s][info][gc,stats    ]   Choose Collection Set              92 us
[2026-04-03T03:35:38.342+0600][17.319s][info][gc,stats    ]   Rebuild Free Set                   31 us
[2026-04-03T03:35:38.342+0600][17.319s][info][gc,stats    ] Concurrent Weak References          207 us, parallelism: 0.46x
[2026-04-03T03:35:38.342+0600][17.319s][info][gc,stats    ]   CWRF: <total>                      95 us
[2026-04-03T03:35:38.342+0600][17.319s][info][gc,stats    ]   CWRF: Weak References              95 us, workers (us):  21,  57,  17, ---, ---, ---, 
[2026-04-03T03:35:38.342+0600][17.319s][info][gc,stats    ] Concurrent Weak Roots              2059 us
[2026-04-03T03:35:38.342+0600][17.319s][info][gc,stats    ]   Roots                            1783 us, parallelism: 2.43x
[2026-04-03T03:35:38.342+0600][17.319s][info][gc,stats    ]     CWR: <total>                   4336 us
[2026-04-03T03:35:38.342+0600][17.319s][info][gc,stats    ]     CWR: Code Cache Roots          3127 us, workers (us): 977, 1048, 1102, ---, ---, ---, 
[2026-04-03T03:35:38.342+0600][17.319s][info][gc,stats    ]     CWR: VM Weak Roots             1177 us, workers (us): 408, 404, 365, ---, ---, ---, 
[2026-04-03T03:35:38.342+0600][17.319s][info][gc,stats    ]     CWR: CLDG Roots                  32 us, workers (us): ---, ---,  32, ---, ---, ---, 
[2026-04-03T03:35:38.342+0600][17.319s][info][gc,stats    ]   Rendezvous                        196 us
[2026-04-03T03:35:38.342+0600][17.319s][info][gc,stats    ] Concurrent Cleanup                  372 us
[2026-04-03T03:35:38.342+0600][17.319s][info][gc,stats    ] Concurrent Class Unloading         4059 us
[2026-04-03T03:35:38.342+0600][17.319s][info][gc,stats    ]   Unlink Stale                     3577 us
[2026-04-03T03:35:38.342+0600][17.319s][info][gc,stats    ]     System Dictionary                58 us
[2026-04-03T03:35:38.342+0600][17.319s][info][gc,stats    ]     Weak Class Links                  0 us
[2026-04-03T03:35:38.342+0600][17.319s][info][gc,stats    ]     Code Roots                     3515 us
[2026-04-03T03:35:38.342+0600][17.319s][info][gc,stats    ]   Rendezvous                        198 us
[2026-04-03T03:35:38.342+0600][17.319s][info][gc,stats    ]   Purge Unlinked                    179 us
[2026-04-03T03:35:38.342+0600][17.319s][info][gc,stats    ]     Code Roots                      172 us
[2026-04-03T03:35:38.342+0600][17.319s][info][gc,stats    ]     CLDG                              6 us
[2026-04-03T03:35:38.342+0600][17.319s][info][gc,stats    ]     Exception Caches                  0 us
[2026-04-03T03:35:38.342+0600][17.319s][info][gc,stats    ] Pause Final Roots (G)               280 us
[2026-04-03T03:35:38.342+0600][17.319s][info][gc,stats    ] Pause Final Roots (N)                47 us
[2026-04-03T03:35:38.342+0600][17.319s][info][gc,stats    ] 
[2026-04-03T03:35:38.342+0600][17.319s][info][gc,stats    ] Allocation pacing accrued:
[2026-04-03T03:35:38.342+0600][17.319s][info][gc,stats    ]       0 of   218 ms (  0.0%): <total>
[2026-04-03T03:35:38.342+0600][17.319s][info][gc,stats    ]       0 of   218 ms (  0.0%): <average total>
[2026-04-03T03:35:38.342+0600][17.319s][info][gc,stats    ] 
[2026-04-03T03:35:38.342+0600][17.319s][info][gc,metaspace] Metaspace: 66562K(67584K)->66562K(67584K) NonClass: 58229K(58816K)->58229K(58816K) Class: 8333K(8768K)->8333K(8768K)
[2026-04-03T03:35:38.342+0600][17.319s][info][gc,ergo     ] Pacer for Idle. Initial: 35840K, Alloc Tax Rate: 1.0x
[2026-04-03T03:35:38.533+0600][17.510s][info][gc          ] Trigger: Learning 5 of 5. Free (1224M) is below initial threshold (1225M)
[2026-04-03T03:35:38.533+0600][17.510s][info][gc,ergo     ] Free: 1224M, Max: 512K regular, 1202M humongous, Frag: 2% external, 0% internal; Reserve: 89600K, Max: 512K
[2026-04-03T03:35:38.533+0600][17.510s][info][gc,start    ] GC(9) Concurrent reset
[2026-04-03T03:35:38.533+0600][17.510s][info][gc,task     ] GC(9) Using 3 of 6 workers for concurrent reset
[2026-04-03T03:35:38.533+0600][17.510s][info][gc,ergo     ] GC(9) Pacer for Reset. Non-Taxable: 1750M
[2026-04-03T03:35:38.534+0600][17.511s][info][gc          ] GC(9) Concurrent reset 0.570ms
[2026-04-03T03:35:38.534+0600][17.511s][info][gc,start    ] GC(9) Pause Init Mark (unload classes)
[2026-04-03T03:35:38.534+0600][17.511s][info][gc,task     ] GC(9) Using 6 of 6 workers for init marking
[2026-04-03T03:35:38.534+0600][17.511s][info][gc,ergo     ] GC(9) Pacer for Mark. Expected Live: 30324K, Free: 1223M, Non-Taxable: 122M, Alloc Tax Rate: 0.0x
[2026-04-03T03:35:38.534+0600][17.511s][info][gc          ] GC(9) Pause Init Mark (unload classes) 0.132ms
[2026-04-03T03:35:38.534+0600][17.511s][info][gc,start    ] GC(9) Concurrent marking roots
[2026-04-03T03:35:38.534+0600][17.511s][info][gc,task     ] GC(9) Using 3 of 6 workers for concurrent marking roots
[2026-04-03T03:35:38.535+0600][17.512s][info][gc          ] GC(9) Concurrent marking roots 0.495ms
[2026-04-03T03:35:38.535+0600][17.512s][info][gc,start    ] GC(9) Concurrent marking (unload classes)
[2026-04-03T03:35:38.535+0600][17.512s][info][gc,task     ] GC(9) Using 3 of 6 workers for concurrent marking
[2026-04-03T03:35:38.550+0600][17.526s][info][gc          ] GC(9) Concurrent marking (unload classes) 14.652ms
[2026-04-03T03:35:38.550+0600][17.527s][info][gc,start    ] GC(9) Pause Final Mark (unload classes)
[2026-04-03T03:35:38.550+0600][17.527s][info][gc,task     ] GC(9) Using 6 of 6 workers for final marking
[2026-04-03T03:35:38.550+0600][17.527s][info][gc,ergo     ] GC(9) Collectable Garbage: 397M (98%), Immediate: 397M (98%), CSet: 0B (0%)
[2026-04-03T03:35:38.550+0600][17.527s][info][gc          ] GC(9) Pause Final Mark (unload classes) 0.497ms
[2026-04-03T03:35:38.550+0600][17.527s][info][gc,start    ] GC(9) Concurrent weak references
[2026-04-03T03:35:38.550+0600][17.527s][info][gc,task     ] GC(9) Using 3 of 6 workers for concurrent weak references
[2026-04-03T03:35:38.551+0600][17.528s][info][gc,ref      ] GC(9) Encountered references: Soft: 3189, Weak: 4994, Final: 82, Phantom: 605
[2026-04-03T03:35:38.551+0600][17.528s][info][gc,ref      ] GC(9) Discovered  references: Soft: 0, Weak: 1367, Final: 0, Phantom: 583
[2026-04-03T03:35:38.551+0600][17.528s][info][gc,ref      ] GC(9) Enqueued    references: Soft: 0, Weak: 0, Final: 0, Phantom: 0
[2026-04-03T03:35:38.551+0600][17.528s][info][gc          ] GC(9) Concurrent weak references 0.396ms
[2026-04-03T03:35:38.551+0600][17.528s][info][gc,start    ] GC(9) Concurrent weak roots
[2026-04-03T03:35:38.551+0600][17.528s][info][gc,task     ] GC(9) Using 3 of 6 workers for concurrent weak root
[2026-04-03T03:35:38.553+0600][17.530s][info][gc          ] GC(9) Concurrent weak roots 1.920ms
[2026-04-03T03:35:38.553+0600][17.530s][info][gc,start    ] GC(9) Concurrent cleanup
[2026-04-03T03:35:38.553+0600][17.530s][info][gc          ] GC(9) Concurrent cleanup 462M->65M(465M) 0.608ms
[2026-04-03T03:35:38.553+0600][17.530s][info][gc,ergo     ] GC(9) Free: 1594M, Max: 512K regular, 1198M humongous, Frag: 25% external, 0% internal; Reserve: 89600K, Max: 512K
[2026-04-03T03:35:38.553+0600][17.530s][info][gc,start    ] GC(9) Concurrent class unloading
[2026-04-03T03:35:38.553+0600][17.530s][info][gc,task     ] GC(9) Using 3 of 6 workers for concurrent class unloading
[2026-04-03T03:35:38.558+0600][17.535s][info][gc          ] GC(9) Concurrent class unloading 4.195ms
[2026-04-03T03:35:38.558+0600][17.535s][info][gc,start    ] GC(9) Pause Final Roots
[2026-04-03T03:35:38.558+0600][17.535s][info][gc          ] GC(9) Pause Final Roots 0.049ms
[2026-04-03T03:35:38.558+0600][17.535s][info][gc,ergo     ] Free: 1589M, Max: 512K regular, 1198M humongous, Frag: 25% external, 0% internal; Reserve: 89600K, Max: 512K
[2026-04-03T03:35:38.558+0600][17.535s][info][gc,stats    ] 
[2026-04-03T03:35:38.558+0600][17.535s][info][gc,stats    ] All times are wall-clock times, except per-root-class counters, that are sum over
[2026-04-03T03:35:38.558+0600][17.535s][info][gc,stats    ] all workers. Dividing the <total> over the root stage time estimates parallelism.
[2026-04-03T03:35:38.558+0600][17.535s][info][gc,stats    ] 
[2026-04-03T03:35:38.558+0600][17.535s][info][gc,stats    ] Concurrent Reset                    604 us
[2026-04-03T03:35:38.558+0600][17.535s][info][gc,stats    ] Pause Init Mark (G)                 447 us
[2026-04-03T03:35:38.558+0600][17.535s][info][gc,stats    ] Pause Init Mark (N)                 142 us
[2026-04-03T03:35:38.558+0600][17.535s][info][gc,stats    ]   Update Region States               22 us
[2026-04-03T03:35:38.558+0600][17.535s][info][gc,stats    ] Concurrent Mark Roots               517 us, parallelism: 1.63x
[2026-04-03T03:35:38.558+0600][17.535s][info][gc,stats    ]   CMR: <total>                      844 us
[2026-04-03T03:35:38.558+0600][17.535s][info][gc,stats    ]   CMR: Thread Roots                 681 us, workers (us): 129, 275, 277, ---, ---, ---, 
[2026-04-03T03:35:38.558+0600][17.535s][info][gc,stats    ]   CMR: VM Strong Roots               18 us, workers (us):  15,   3,   1, ---, ---, ---, 
[2026-04-03T03:35:38.558+0600][17.535s][info][gc,stats    ]   CMR: CLDG Roots                   145 us, workers (us): 145, ---, ---, ---, ---, ---, 
[2026-04-03T03:35:38.558+0600][17.535s][info][gc,stats    ] Concurrent Marking                14726 us
[2026-04-03T03:35:38.558+0600][17.535s][info][gc,stats    ] Pause Final Mark (G)                729 us
[2026-04-03T03:35:38.558+0600][17.535s][info][gc,stats    ] Pause Final Mark (N)                512 us
[2026-04-03T03:35:38.558+0600][17.535s][info][gc,stats    ]   Finish Mark                       265 us
[2026-04-03T03:35:38.558+0600][17.535s][info][gc,stats    ]   Update Region States               53 us
[2026-04-03T03:35:38.558+0600][17.535s][info][gc,stats    ]   Choose Collection Set              81 us
[2026-04-03T03:35:38.558+0600][17.535s][info][gc,stats    ]   Rebuild Free Set                   31 us
[2026-04-03T03:35:38.558+0600][17.535s][info][gc,stats    ] Concurrent Weak References          408 us, parallelism: 0.51x
[2026-04-03T03:35:38.558+0600][17.535s][info][gc,stats    ]   CWRF: <total>                     209 us
[2026-04-03T03:35:38.558+0600][17.535s][info][gc,stats    ]   CWRF: Weak References             209 us, workers (us): 176,  33,   0, ---, ---, ---, 
[2026-04-03T03:35:38.558+0600][17.535s][info][gc,stats    ] Concurrent Weak Roots              1976 us
[2026-04-03T03:35:38.558+0600][17.535s][info][gc,stats    ]   Roots                            1597 us, parallelism: 2.48x
[2026-04-03T03:35:38.558+0600][17.535s][info][gc,stats    ]     CWR: <total>                   3963 us
[2026-04-03T03:35:38.558+0600][17.535s][info][gc,stats    ]     CWR: Code Cache Roots          2638 us, workers (us): 920, 812, 906, ---, ---, ---, 
[2026-04-03T03:35:38.558+0600][17.535s][info][gc,stats    ]     CWR: VM Weak Roots             1278 us, workers (us): 433, 430, 415, ---, ---, ---, 
[2026-04-03T03:35:38.558+0600][17.535s][info][gc,stats    ]     CWR: CLDG Roots                  47 us, workers (us): ---,  47, ---, ---, ---, ---, 
[2026-04-03T03:35:38.558+0600][17.535s][info][gc,stats    ]   Rendezvous                        127 us
[2026-04-03T03:35:38.558+0600][17.535s][info][gc,stats    ] Concurrent Cleanup                  621 us
[2026-04-03T03:35:38.558+0600][17.535s][info][gc,stats    ] Concurrent Class Unloading         4251 us
[2026-04-03T03:35:38.558+0600][17.535s][info][gc,stats    ]   Unlink Stale                     3797 us
[2026-04-03T03:35:38.558+0600][17.535s][info][gc,stats    ]     System Dictionary                47 us
[2026-04-03T03:35:38.558+0600][17.535s][info][gc,stats    ]     Weak Class Links                  1 us
[2026-04-03T03:35:38.558+0600][17.535s][info][gc,stats    ]     Code Roots                     3747 us
[2026-04-03T03:35:38.558+0600][17.535s][info][gc,stats    ]   Rendezvous                        239 us
[2026-04-03T03:35:38.558+0600][17.535s][info][gc,stats    ]   Purge Unlinked                    139 us
[2026-04-03T03:35:38.558+0600][17.535s][info][gc,stats    ]     Code Roots                      131 us
[2026-04-03T03:35:38.558+0600][17.535s][info][gc,stats    ]     CLDG                              7 us
[2026-04-03T03:35:38.558+0600][17.535s][info][gc,stats    ]     Exception Caches                  0 us
[2026-04-03T03:35:38.558+0600][17.535s][info][gc,stats    ] Pause Final Roots (G)               345 us
[2026-04-03T03:35:38.558+0600][17.535s][info][gc,stats    ] Pause Final Roots (N)                67 us
[2026-04-03T03:35:38.558+0600][17.535s][info][gc,stats    ] 
[2026-04-03T03:35:38.558+0600][17.535s][info][gc,stats    ] Allocation pacing accrued:
[2026-04-03T03:35:38.558+0600][17.535s][info][gc,stats    ]       0 of   216 ms (  0.0%): <total>
[2026-04-03T03:35:38.558+0600][17.535s][info][gc,stats    ]       0 of   216 ms (  0.0%): <average total>
[2026-04-03T03:35:38.558+0600][17.535s][info][gc,stats    ] 
[2026-04-03T03:35:38.558+0600][17.535s][info][gc,metaspace] Metaspace: 66563K(67584K)->66563K(67584K) NonClass: 58230K(58816K)->58230K(58816K) Class: 8333K(8768K)->8333K(8768K)
[2026-04-03T03:35:38.558+0600][17.535s][info][gc,ergo     ] Pacer for Idle. Initial: 35840K, Alloc Tax Rate: 1.0x
[2026-04-03T03:35:39.321+0600][18.298s][info][gc          ] Trigger: Average GC time (276.85 ms) is above the time for average allocation rate (1358 MB/s) to deplete free headroom (375M) (margin of error = 1.80)
[2026-04-03T03:35:39.321+0600][18.298s][info][gc,ergo     ] Free headroom: 463M (free) - 89600K (spike) - 0B (penalties) = 375M
[2026-04-03T03:35:39.321+0600][18.298s][info][gc,ergo     ] Free: 462M, Max: 512K regular, 462M humongous, Frag: 0% external, 0% internal; Reserve: 89600K, Max: 512K
[2026-04-03T03:35:39.321+0600][18.298s][info][gc,start    ] GC(10) Concurrent reset
[2026-04-03T03:35:39.321+0600][18.298s][info][gc,task     ] GC(10) Using 3 of 6 workers for concurrent reset
[2026-04-03T03:35:39.321+0600][18.298s][info][gc,ergo     ] GC(10) Pacer for Reset. Non-Taxable: 1750M
[2026-04-03T03:35:39.322+0600][18.299s][info][gc          ] GC(10) Concurrent reset 0.587ms
[2026-04-03T03:35:39.322+0600][18.299s][info][gc,start    ] GC(10) Pause Init Mark (unload classes)
[2026-04-03T03:35:39.322+0600][18.299s][info][gc,task     ] GC(10) Using 6 of 6 workers for init marking
[2026-04-03T03:35:39.322+0600][18.299s][info][gc,ergo     ] GC(10) Pacer for Mark. Expected Live: 31446K, Free: 461M, Non-Taxable: 47265K, Alloc Tax Rate: 0.1x
[2026-04-03T03:35:39.322+0600][18.299s][info][gc          ] GC(10) Pause Init Mark (unload classes) 0.100ms
[2026-04-03T03:35:39.322+0600][18.299s][info][gc,start    ] GC(10) Concurrent marking roots
[2026-04-03T03:35:39.322+0600][18.299s][info][gc,task     ] GC(10) Using 3 of 6 workers for concurrent marking roots
[2026-04-03T03:35:39.323+0600][18.300s][info][gc          ] GC(10) Concurrent marking roots 0.603ms
[2026-04-03T03:35:39.323+0600][18.300s][info][gc,start    ] GC(10) Concurrent marking (unload classes)
[2026-04-03T03:35:39.323+0600][18.300s][info][gc,task     ] GC(10) Using 3 of 6 workers for concurrent marking
[2026-04-03T03:35:39.338+0600][18.314s][info][gc          ] GC(10) Concurrent marking (unload classes) 14.810ms
[2026-04-03T03:35:39.338+0600][18.315s][info][gc,start    ] GC(10) Pause Final Mark (unload classes)
[2026-04-03T03:35:39.338+0600][18.315s][info][gc,task     ] GC(10) Using 6 of 6 workers for final marking
[2026-04-03T03:35:39.338+0600][18.315s][info][gc,ergo     ] GC(10) Collectable Garbage: 1155M (99%), Immediate: 1155M (99%), CSet: 0B (0%)
[2026-04-03T03:35:39.338+0600][18.315s][info][gc          ] GC(10) Pause Final Mark (unload classes) 0.501ms
[2026-04-03T03:35:39.338+0600][18.315s][info][gc,start    ] GC(10) Concurrent weak references
[2026-04-03T03:35:39.338+0600][18.315s][info][gc,task     ] GC(10) Using 3 of 6 workers for concurrent weak references
[2026-04-03T03:35:39.339+0600][18.316s][info][gc,ref      ] GC(10) Encountered references: Soft: 3189, Weak: 4994, Final: 82, Phantom: 605
[2026-04-03T03:35:39.339+0600][18.316s][info][gc,ref      ] GC(10) Discovered  references: Soft: 0, Weak: 2332, Final: 5, Phantom: 583
[2026-04-03T03:35:39.339+0600][18.316s][info][gc,ref      ] GC(10) Enqueued    references: Soft: 0, Weak: 0, Final: 0, Phantom: 0
[2026-04-03T03:35:39.339+0600][18.316s][info][gc          ] GC(10) Concurrent weak references 0.375ms
[2026-04-03T03:35:39.339+0600][18.316s][info][gc,start    ] GC(10) Concurrent weak roots
[2026-04-03T03:35:39.339+0600][18.316s][info][gc,task     ] GC(10) Using 3 of 6 workers for concurrent weak root
[2026-04-03T03:35:39.341+0600][18.318s][info][gc          ] GC(10) Concurrent weak roots 1.846ms
[2026-04-03T03:35:39.341+0600][18.318s][info][gc,start    ] GC(10) Concurrent cleanup
[2026-04-03T03:35:39.341+0600][18.318s][info][gc          ] GC(10) Concurrent cleanup 1218M->62M(1221M) 0.561ms
[2026-04-03T03:35:39.341+0600][18.318s][info][gc,ergo     ] GC(10) Free: 1597M, Max: 512K regular, 511M humongous, Frag: 68% external, 0% internal; Reserve: 89600K, Max: 512K
[2026-04-03T03:35:39.341+0600][18.318s][info][gc,start    ] GC(10) Concurrent class unloading
[2026-04-03T03:35:39.341+0600][18.318s][info][gc,task     ] GC(10) Using 3 of 6 workers for concurrent class unloading
[2026-04-03T03:35:39.345+0600][18.322s][info][gc          ] GC(10) Concurrent class unloading 3.998ms
[2026-04-03T03:35:39.346+0600][18.322s][info][gc,start    ] GC(10) Pause Final Roots
[2026-04-03T03:35:39.346+0600][18.322s][info][gc          ] GC(10) Pause Final Roots 0.032ms
[2026-04-03T03:35:39.346+0600][18.323s][info][gc,ergo     ] Free: 1592M, Max: 512K regular, 511M humongous, Frag: 68% external, 0% internal; Reserve: 89600K, Max: 512K
[2026-04-03T03:35:39.346+0600][18.323s][info][gc,stats    ] 
[2026-04-03T03:35:39.346+0600][18.323s][info][gc,stats    ] All times are wall-clock times, except per-root-class counters, that are sum over
[2026-04-03T03:35:39.346+0600][18.323s][info][gc,stats    ] all workers. Dividing the <total> over the root stage time estimates parallelism.
[2026-04-03T03:35:39.346+0600][18.323s][info][gc,stats    ] 
[2026-04-03T03:35:39.346+0600][18.323s][info][gc,stats    ] Concurrent Reset                    636 us
[2026-04-03T03:35:39.346+0600][18.323s][info][gc,stats    ] Pause Init Mark (G)                 342 us
[2026-04-03T03:35:39.346+0600][18.323s][info][gc,stats    ] Pause Init Mark (N)                 111 us
[2026-04-03T03:35:39.346+0600][18.323s][info][gc,stats    ]   Update Region States               25 us
[2026-04-03T03:35:39.346+0600][18.323s][info][gc,stats    ] Concurrent Mark Roots               648 us, parallelism: 1.59x
[2026-04-03T03:35:39.346+0600][18.323s][info][gc,stats    ]   CMR: <total>                     1027 us
[2026-04-03T03:35:39.346+0600][18.323s][info][gc,stats    ]   CMR: Thread Roots                 774 us, workers (us): 116, 345, 314, ---, ---, ---, 
[2026-04-03T03:35:39.346+0600][18.323s][info][gc,stats    ]   CMR: VM Strong Roots               24 us, workers (us):  15,   8,   1, ---, ---, ---, 
[2026-04-03T03:35:39.346+0600][18.323s][info][gc,stats    ]   CMR: CLDG Roots                   228 us, workers (us): 228, ---, ---, ---, ---, ---, 
[2026-04-03T03:35:39.346+0600][18.323s][info][gc,stats    ] Concurrent Marking                14876 us
[2026-04-03T03:35:39.346+0600][18.323s][info][gc,stats    ] Pause Final Mark (G)                748 us
[2026-04-03T03:35:39.346+0600][18.323s][info][gc,stats    ] Pause Final Mark (N)                518 us
[2026-04-03T03:35:39.346+0600][18.323s][info][gc,stats    ]   Finish Mark                       253 us
[2026-04-03T03:35:39.346+0600][18.323s][info][gc,stats    ]   Update Region States               66 us
[2026-04-03T03:35:39.346+0600][18.323s][info][gc,stats    ]   Choose Collection Set              87 us
[2026-04-03T03:35:39.346+0600][18.323s][info][gc,stats    ]   Rebuild Free Set                   28 us
[2026-04-03T03:35:39.346+0600][18.323s][info][gc,stats    ] Concurrent Weak References          386 us, parallelism: 0.74x
[2026-04-03T03:35:39.346+0600][18.323s][info][gc,stats    ]   CWRF: <total>                     287 us
[2026-04-03T03:35:39.346+0600][18.323s][info][gc,stats    ]   CWRF: Weak References             287 us, workers (us): 249,  38,   0, ---, ---, ---, 
[2026-04-03T03:35:39.346+0600][18.323s][info][gc,stats    ] Concurrent Weak Roots              1900 us
[2026-04-03T03:35:39.346+0600][18.323s][info][gc,stats    ]   Roots                            1642 us, parallelism: 2.39x
[2026-04-03T03:35:39.346+0600][18.323s][info][gc,stats    ]     CWR: <total>                   3920 us
[2026-04-03T03:35:39.346+0600][18.323s][info][gc,stats    ]     CWR: Code Cache Roots          2790 us, workers (us): 900, 1041, 849, ---, ---, ---, 
[2026-04-03T03:35:39.346+0600][18.323s][info][gc,stats    ]     CWR: VM Weak Roots             1105 us, workers (us): 406, 356, 343, ---, ---, ---, 
[2026-04-03T03:35:39.346+0600][18.323s][info][gc,stats    ]     CWR: CLDG Roots                  25 us, workers (us): ---, ---,  25, ---, ---, ---, 
[2026-04-03T03:35:39.346+0600][18.323s][info][gc,stats    ]   Rendezvous                        180 us
[2026-04-03T03:35:39.346+0600][18.323s][info][gc,stats    ] Concurrent Cleanup                  580 us
[2026-04-03T03:35:39.346+0600][18.323s][info][gc,stats    ] Concurrent Class Unloading         4062 us
[2026-04-03T03:35:39.346+0600][18.323s][info][gc,stats    ]   Unlink Stale                     3558 us
[2026-04-03T03:35:39.346+0600][18.323s][info][gc,stats    ]     System Dictionary                56 us
[2026-04-03T03:35:39.346+0600][18.323s][info][gc,stats    ]     Weak Class Links                  0 us
[2026-04-03T03:35:39.346+0600][18.323s][info][gc,stats    ]     Code Roots                     3498 us
[2026-04-03T03:35:39.346+0600][18.323s][info][gc,stats    ]   Rendezvous                        189 us
[2026-04-03T03:35:39.346+0600][18.323s][info][gc,stats    ]   Purge Unlinked                    223 us
[2026-04-03T03:35:39.346+0600][18.323s][info][gc,stats    ]     Code Roots                      214 us
[2026-04-03T03:35:39.346+0600][18.323s][info][gc,stats    ]     CLDG                              8 us
[2026-04-03T03:35:39.346+0600][18.323s][info][gc,stats    ]     Exception Caches                  0 us
[2026-04-03T03:35:39.346+0600][18.323s][info][gc,stats    ] Pause Final Roots (G)               258 us
[2026-04-03T03:35:39.346+0600][18.323s][info][gc,stats    ] Pause Final Roots (N)                47 us
[2026-04-03T03:35:39.346+0600][18.323s][info][gc,stats    ] 
[2026-04-03T03:35:39.346+0600][18.323s][info][gc,stats    ] Allocation pacing accrued:
[2026-04-03T03:35:39.346+0600][18.323s][info][gc,stats    ]       0 of   788 ms (  0.0%): <total>
[2026-04-03T03:35:39.346+0600][18.323s][info][gc,stats    ]       0 of   788 ms (  0.0%): <average total>
[2026-04-03T03:35:39.346+0600][18.323s][info][gc,stats    ] 
[2026-04-03T03:35:39.346+0600][18.323s][info][gc,metaspace] Metaspace: 66563K(67584K)->66563K(67584K) NonClass: 58230K(58816K)->58230K(58816K) Class: 8333K(8768K)->8333K(8768K)
[2026-04-03T03:35:39.346+0600][18.323s][info][gc,ergo     ] Pacer for Idle. Initial: 35840K, Alloc Tax Rate: 1.0x
[2026-04-03T03:35:39.913+0600][18.890s][info][gc          ] Trigger: Average GC time (199.83 ms) is above the time for average allocation rate (1988 MB/s) to deplete free headroom (396M) (margin of error = 1.80)
[2026-04-03T03:35:39.913+0600][18.890s][info][gc,ergo     ] Free headroom: 484M (free) - 89600K (spike) - 0B (penalties) = 396M
[2026-04-03T03:35:39.913+0600][18.890s][info][gc,ergo     ] Free: 483M, Max: 512K regular, 442M humongous, Frag: 9% external, 0% internal; Reserve: 89600K, Max: 512K
[2026-04-03T03:35:39.913+0600][18.890s][info][gc,start    ] GC(11) Concurrent reset
[2026-04-03T03:35:39.913+0600][18.890s][info][gc,task     ] GC(11) Using 3 of 6 workers for concurrent reset
[2026-04-03T03:35:39.913+0600][18.890s][info][gc,ergo     ] GC(11) Pacer for Reset. Non-Taxable: 1750M
[2026-04-03T03:35:39.914+0600][18.890s][info][gc          ] GC(11) Concurrent reset 0.536ms
[2026-04-03T03:35:39.914+0600][18.891s][info][gc,start    ] GC(11) Pause Init Mark (unload classes)
[2026-04-03T03:35:39.914+0600][18.891s][info][gc,task     ] GC(11) Using 6 of 6 workers for init marking
[2026-04-03T03:35:39.914+0600][18.891s][info][gc,ergo     ] GC(11) Pacer for Mark. Expected Live: 32579K, Free: 482M, Non-Taxable: 49363K, Alloc Tax Rate: 0.1x
[2026-04-03T03:35:39.914+0600][18.891s][info][gc          ] GC(11) Pause Init Mark (unload classes) 0.187ms
[2026-04-03T03:35:39.914+0600][18.891s][info][gc,start    ] GC(11) Concurrent marking roots
[2026-04-03T03:35:39.914+0600][18.891s][info][gc,task     ] GC(11) Using 3 of 6 workers for concurrent marking roots
[2026-04-03T03:35:39.915+0600][18.892s][info][gc          ] GC(11) Concurrent marking roots 0.643ms
[2026-04-03T03:35:39.915+0600][18.892s][info][gc,start    ] GC(11) Concurrent marking (unload classes)
[2026-04-03T03:35:39.915+0600][18.892s][info][gc,task     ] GC(11) Using 3 of 6 workers for concurrent marking
[2026-04-03T03:35:39.929+0600][18.906s][info][gc          ] GC(11) Concurrent marking (unload classes) 14.728ms
[2026-04-03T03:35:39.930+0600][18.907s][info][gc,start    ] GC(11) Pause Final Mark (unload classes)
[2026-04-03T03:35:39.930+0600][18.907s][info][gc,task     ] GC(11) Using 6 of 6 workers for final marking
[2026-04-03T03:35:39.930+0600][18.907s][info][gc,ergo     ] GC(11) Collectable Garbage: 1134M (98%), Immediate: 1134M (98%), CSet: 0B (0%)
[2026-04-03T03:35:39.930+0600][18.907s][info][gc          ] GC(11) Pause Final Mark (unload classes) 0.600ms
[2026-04-03T03:35:39.930+0600][18.907s][info][gc,start    ] GC(11) Concurrent weak references
[2026-04-03T03:35:39.930+0600][18.907s][info][gc,task     ] GC(11) Using 3 of 6 workers for concurrent weak references
[2026-04-03T03:35:39.931+0600][18.908s][info][gc,ref      ] GC(11) Encountered references: Soft: 3189, Weak: 4994, Final: 82, Phantom: 605
[2026-04-03T03:35:39.931+0600][18.908s][info][gc,ref      ] GC(11) Discovered  references: Soft: 0, Weak: 2203, Final: 2, Phantom: 583
[2026-04-03T03:35:39.931+0600][18.908s][info][gc,ref      ] GC(11) Enqueued    references: Soft: 0, Weak: 0, Final: 0, Phantom: 0
[2026-04-03T03:35:39.931+0600][18.908s][info][gc          ] GC(11) Concurrent weak references 0.368ms
[2026-04-03T03:35:39.931+0600][18.908s][info][gc,start    ] GC(11) Concurrent weak roots
[2026-04-03T03:35:39.931+0600][18.908s][info][gc,task     ] GC(11) Using 3 of 6 workers for concurrent weak root
[2026-04-03T03:35:39.932+0600][18.909s][info][gc          ] GC(11) Concurrent weak roots 1.689ms
[2026-04-03T03:35:39.932+0600][18.909s][info][gc,start    ] GC(11) Concurrent cleanup
[2026-04-03T03:35:39.933+0600][18.910s][info][gc          ] GC(11) Concurrent cleanup 1204M->71M(1221M) 0.543ms
[2026-04-03T03:35:39.933+0600][18.910s][info][gc,ergo     ] GC(11) Free: 1589M, Max: 512K regular, 478M humongous, Frag: 70% external, 0% internal; Reserve: 89600K, Max: 512K
[2026-04-03T03:35:39.933+0600][18.910s][info][gc,start    ] GC(11) Concurrent class unloading
[2026-04-03T03:35:39.933+0600][18.910s][info][gc,task     ] GC(11) Using 3 of 6 workers for concurrent class unloading
[2026-04-03T03:35:39.937+0600][18.914s][info][gc          ] GC(11) Concurrent class unloading 4.075ms
[2026-04-03T03:35:39.937+0600][18.914s][info][gc,start    ] GC(11) Pause Final Roots
[2026-04-03T03:35:39.937+0600][18.914s][info][gc          ] GC(11) Pause Final Roots 0.132ms
[2026-04-03T03:35:39.938+0600][18.915s][info][gc,ergo     ] Free: 1583M, Max: 512K regular, 478M humongous, Frag: 70% external, 0% internal; Reserve: 89600K, Max: 512K
[2026-04-03T03:35:39.938+0600][18.915s][info][gc,stats    ] 
[2026-04-03T03:35:39.938+0600][18.915s][info][gc,stats    ] All times are wall-clock times, except per-root-class counters, that are sum over
[2026-04-03T03:35:39.938+0600][18.915s][info][gc,stats    ] all workers. Dividing the <total> over the root stage time estimates parallelism.
[2026-04-03T03:35:39.938+0600][18.915s][info][gc,stats    ] 
[2026-04-03T03:35:39.938+0600][18.915s][info][gc,stats    ] Concurrent Reset                    579 us
[2026-04-03T03:35:39.938+0600][18.915s][info][gc,stats    ] Pause Init Mark (G)                 453 us
[2026-04-03T03:35:39.938+0600][18.915s][info][gc,stats    ] Pause Init Mark (N)                 198 us
[2026-04-03T03:35:39.938+0600][18.915s][info][gc,stats    ]   Update Region States               95 us
[2026-04-03T03:35:39.938+0600][18.915s][info][gc,stats    ] Concurrent Mark Roots               681 us, parallelism: 1.26x
[2026-04-03T03:35:39.938+0600][18.915s][info][gc,stats    ]   CMR: <total>                      858 us
[2026-04-03T03:35:39.938+0600][18.915s][info][gc,stats    ]   CMR: Thread Roots                 612 us, workers (us): 292,  67, 254, ---, ---, ---, 
[2026-04-03T03:35:39.938+0600][18.915s][info][gc,stats    ]   CMR: VM Strong Roots               22 us, workers (us):  11,  10,   0, ---, ---, ---, 
[2026-04-03T03:35:39.938+0600][18.915s][info][gc,stats    ]   CMR: CLDG Roots                   224 us, workers (us): ---, 224, ---, ---, ---, ---, 
[2026-04-03T03:35:39.938+0600][18.915s][info][gc,stats    ] Concurrent Marking                14792 us
[2026-04-03T03:35:39.938+0600][18.915s][info][gc,stats    ] Pause Final Mark (G)                879 us
[2026-04-03T03:35:39.938+0600][18.915s][info][gc,stats    ] Pause Final Mark (N)                618 us
[2026-04-03T03:35:39.938+0600][18.915s][info][gc,stats    ]   Finish Mark                       336 us
[2026-04-03T03:35:39.938+0600][18.915s][info][gc,stats    ]   Update Region States               64 us
[2026-04-03T03:35:39.938+0600][18.915s][info][gc,stats    ]   Choose Collection Set              84 us
[2026-04-03T03:35:39.938+0600][18.915s][info][gc,stats    ]   Rebuild Free Set                   28 us
[2026-04-03T03:35:39.938+0600][18.915s][info][gc,stats    ] Concurrent Weak References          380 us, parallelism: 0.70x
[2026-04-03T03:35:39.938+0600][18.915s][info][gc,stats    ]   CWRF: <total>                     264 us
[2026-04-03T03:35:39.938+0600][18.915s][info][gc,stats    ]   CWRF: Weak References             264 us, workers (us): 202,  61,   1, ---, ---, ---, 
[2026-04-03T03:35:39.938+0600][18.915s][info][gc,stats    ] Concurrent Weak Roots              1735 us
[2026-04-03T03:35:39.938+0600][18.915s][info][gc,stats    ]   Roots                            1502 us, parallelism: 2.47x
[2026-04-03T03:35:39.938+0600][18.915s][info][gc,stats    ]     CWR: <total>                   3713 us
[2026-04-03T03:35:39.938+0600][18.915s][info][gc,stats    ]     CWR: Code Cache Roots          2471 us, workers (us): 802, 820, 849, ---, ---, ---, 
[2026-04-03T03:35:39.938+0600][18.915s][info][gc,stats    ]     CWR: VM Weak Roots             1212 us, workers (us): 415, 409, 389, ---, ---, ---, 
[2026-04-03T03:35:39.938+0600][18.915s][info][gc,stats    ]     CWR: CLDG Roots                  30 us, workers (us): ---, ---,  30, ---, ---, ---, 
[2026-04-03T03:35:39.938+0600][18.915s][info][gc,stats    ]   Rendezvous                        163 us
[2026-04-03T03:35:39.938+0600][18.915s][info][gc,stats    ] Concurrent Cleanup                  562 us
[2026-04-03T03:35:39.938+0600][18.915s][info][gc,stats    ] Concurrent Class Unloading         4129 us
[2026-04-03T03:35:39.938+0600][18.915s][info][gc,stats    ]   Unlink Stale                     3510 us
[2026-04-03T03:35:39.938+0600][18.915s][info][gc,stats    ]     System Dictionary                48 us
[2026-04-03T03:35:39.938+0600][18.915s][info][gc,stats    ]     Weak Class Links                  0 us
[2026-04-03T03:35:39.938+0600][18.915s][info][gc,stats    ]     Code Roots                     3459 us
[2026-04-03T03:35:39.938+0600][18.915s][info][gc,stats    ]   Rendezvous                        381 us
[2026-04-03T03:35:39.938+0600][18.915s][info][gc,stats    ]   Purge Unlinked                    157 us
[2026-04-03T03:35:39.938+0600][18.915s][info][gc,stats    ]     Code Roots                      148 us
[2026-04-03T03:35:39.938+0600][18.915s][info][gc,stats    ]     CLDG                              8 us
[2026-04-03T03:35:39.938+0600][18.915s][info][gc,stats    ]     Exception Caches                  0 us
[2026-04-03T03:35:39.938+0600][18.915s][info][gc,stats    ] Pause Final Roots (G)               381 us
[2026-04-03T03:35:39.938+0600][18.915s][info][gc,stats    ] Pause Final Roots (N)               151 us
[2026-04-03T03:35:39.938+0600][18.915s][info][gc,stats    ] 
[2026-04-03T03:35:39.938+0600][18.915s][info][gc,stats    ] Allocation pacing accrued:
[2026-04-03T03:35:39.938+0600][18.915s][info][gc,stats    ]       0 of   592 ms (  0.0%): <total>
[2026-04-03T03:35:39.938+0600][18.915s][info][gc,stats    ]       0 of   592 ms (  0.0%): <average total>
[2026-04-03T03:35:39.938+0600][18.915s][info][gc,stats    ] 
[2026-04-03T03:35:39.938+0600][18.915s][info][gc,metaspace] Metaspace: 66565K(67584K)->66565K(67584K) NonClass: 58232K(58816K)->58232K(58816K) Class: 8333K(8768K)->8333K(8768K)
[2026-04-03T03:35:39.938+0600][18.915s][info][gc,ergo     ] Pacer for Idle. Initial: 35840K, Alloc Tax Rate: 1.0x
[2026-04-03T03:35:41.704+0600][20.681s][info][gc          ] Trigger: Free (174M) is below minimum threshold (175M)
[2026-04-03T03:35:41.704+0600][20.681s][info][gc,ergo     ] Free: 174M, Max: 512K regular, 174M humongous, Frag: 0% external, 0% internal; Reserve: 89600K, Max: 512K
[2026-04-03T03:35:41.704+0600][20.681s][info][gc,start    ] GC(12) Concurrent reset
[2026-04-03T03:35:41.704+0600][20.681s][info][gc,task     ] GC(12) Using 3 of 6 workers for concurrent reset
[2026-04-03T03:35:41.704+0600][20.681s][info][gc,ergo     ] GC(12) Pacer for Reset. Non-Taxable: 1750M
[2026-04-03T03:35:41.705+0600][20.682s][info][gc          ] GC(12) Concurrent reset 0.537ms
[2026-04-03T03:35:41.705+0600][20.682s][info][gc,start    ] GC(12) Pause Init Mark (unload classes)
[2026-04-03T03:35:41.705+0600][20.682s][info][gc,task     ] GC(12) Using 6 of 6 workers for init marking
[2026-04-03T03:35:41.705+0600][20.682s][info][gc,ergo     ] GC(12) Pacer for Mark. Expected Live: 32580K, Free: 174M, Non-Taxable: 17824K, Alloc Tax Rate: 0.2x
[2026-04-03T03:35:41.705+0600][20.682s][info][gc          ] GC(12) Pause Init Mark (unload classes) 0.112ms
[2026-04-03T03:35:41.706+0600][20.682s][info][gc,start    ] GC(12) Concurrent marking roots
[2026-04-03T03:35:41.706+0600][20.683s][info][gc,task     ] GC(12) Using 3 of 6 workers for concurrent marking roots
[2026-04-03T03:35:41.707+0600][20.684s][info][gc          ] GC(12) Concurrent marking roots 1.492ms
[2026-04-03T03:35:41.707+0600][20.684s][info][gc,start    ] GC(12) Concurrent marking (unload classes)
[2026-04-03T03:35:41.707+0600][20.684s][info][gc,task     ] GC(12) Using 3 of 6 workers for concurrent marking
[2026-04-03T03:35:41.739+0600][20.716s][info][gc          ] GC(12) Concurrent marking (unload classes) 31.935ms
[2026-04-03T03:35:41.739+0600][20.716s][info][gc,start    ] GC(12) Pause Final Mark (unload classes)
[2026-04-03T03:35:41.739+0600][20.716s][info][gc,task     ] GC(12) Using 6 of 6 workers for final marking
[2026-04-03T03:35:41.740+0600][20.717s][info][gc,ergo     ] GC(12) Adaptive CSet Selection. Target Free: 247M, Actual Free: 1558M, Max CSet: 74666K, Min Garbage: 0B
[2026-04-03T03:35:41.740+0600][20.717s][info][gc,ergo     ] GC(12) Collectable Garbage: 1440M (99%), Immediate: 1310M (90%), CSet: 130M (9%)
[2026-04-03T03:35:41.740+0600][20.717s][info][gc,ergo     ] GC(12) Pacer for Evacuation. Used CSet: 142M, Free: 1473M, Non-Taxable: 147M, Alloc Tax Rate: 1.1x
[2026-04-03T03:35:41.740+0600][20.717s][info][gc          ] GC(12) Pause Final Mark (unload classes) 0.851ms
[2026-04-03T03:35:41.740+0600][20.717s][info][gc,start    ] GC(12) Concurrent thread roots
[2026-04-03T03:35:41.740+0600][20.717s][info][gc,task     ] GC(12) Using 3 of 6 workers for Concurrent thread roots
[2026-04-03T03:35:41.741+0600][20.718s][info][gc          ] GC(12) Concurrent thread roots 0.759ms
[2026-04-03T03:35:41.741+0600][20.718s][info][gc,start    ] GC(12) Concurrent weak references
[2026-04-03T03:35:41.741+0600][20.718s][info][gc,task     ] GC(12) Using 3 of 6 workers for concurrent weak references
[2026-04-03T03:35:41.742+0600][20.719s][info][gc,ref      ] GC(12) Encountered references: Soft: 3311, Weak: 6072, Final: 82, Phantom: 597
[2026-04-03T03:35:41.742+0600][20.719s][info][gc,ref      ] GC(12) Discovered  references: Soft: 0, Weak: 2595, Final: 0, Phantom: 594
[2026-04-03T03:35:41.742+0600][20.719s][info][gc,ref      ] GC(12) Enqueued    references: Soft: 0, Weak: 478, Final: 0, Phantom: 0
[2026-04-03T03:35:41.742+0600][20.719s][info][gc          ] GC(12) Concurrent weak references 0.944ms
[2026-04-03T03:35:41.742+0600][20.719s][info][gc,start    ] GC(12) Concurrent weak roots
[2026-04-03T03:35:41.742+0600][20.719s][info][gc,task     ] GC(12) Using 3 of 6 workers for concurrent weak root
[2026-04-03T03:35:41.744+0600][20.721s][info][gc          ] GC(12) Concurrent weak roots 2.323ms
[2026-04-03T03:35:41.744+0600][20.721s][info][gc,start    ] GC(12) Concurrent cleanup
[2026-04-03T03:35:41.745+0600][20.722s][info][gc          ] GC(12) Concurrent cleanup 1499M->189M(1505M) 0.814ms
[2026-04-03T03:35:41.745+0600][20.722s][info][gc,ergo     ] GC(12) Free: 1471M, Max: 512K regular, 277M humongous, Frag: 82% external, 0% internal; Reserve: 88189K, Max: 512K
[2026-04-03T03:35:41.745+0600][20.722s][info][gc,start    ] GC(12) Concurrent class unloading
[2026-04-03T03:35:41.745+0600][20.722s][info][gc,task     ] GC(12) Using 3 of 6 workers for concurrent class unloading
[2026-04-03T03:35:41.770+0600][20.747s][info][gc          ] GC(12) Concurrent class unloading 24.797ms
[2026-04-03T03:35:41.770+0600][20.747s][info][gc,start    ] GC(12) Concurrent strong roots
[2026-04-03T03:35:41.770+0600][20.747s][info][gc,task     ] GC(12) Using 3 of 6 workers for concurrent strong root
[2026-04-03T03:35:41.771+0600][20.748s][info][gc          ] GC(12) Concurrent strong roots 1.005ms
[2026-04-03T03:35:41.771+0600][20.748s][info][gc,start    ] GC(12) Concurrent evacuation
[2026-04-03T03:35:41.771+0600][20.748s][info][gc,task     ] GC(12) Using 3 of 6 workers for concurrent evacuation
[2026-04-03T03:35:41.785+0600][20.762s][info][gc          ] GC(12) Concurrent evacuation 13.837ms
[2026-04-03T03:35:41.786+0600][20.763s][info][gc,start    ] GC(12) Pause Init Update Refs
[2026-04-03T03:35:41.786+0600][20.763s][info][gc,ergo     ] GC(12) Pacer for Update Refs. Used: 211M, Free: 1461M, Non-Taxable: 146M, Alloc Tax Rate: 1.1x
[2026-04-03T03:35:41.786+0600][20.763s][info][gc          ] GC(12) Pause Init Update Refs 0.160ms
[2026-04-03T03:35:41.786+0600][20.763s][info][gc,start    ] GC(12) Concurrent update references
[2026-04-03T03:35:41.786+0600][20.763s][info][gc,task     ] GC(12) Using 3 of 6 workers for concurrent reference update
[2026-04-03T03:35:41.812+0600][20.789s][info][gc          ] GC(12) Concurrent update references 25.910ms
[2026-04-03T03:35:41.812+0600][20.789s][info][gc,start    ] GC(12) Concurrent update thread roots
[2026-04-03T03:35:41.813+0600][20.790s][info][gc          ] GC(12) Concurrent update thread roots 0.751ms
[2026-04-03T03:35:41.813+0600][20.790s][info][gc,start    ] GC(12) Pause Final Update Refs
[2026-04-03T03:35:41.813+0600][20.790s][info][gc,task     ] GC(12) Using 6 of 6 workers for final reference update
[2026-04-03T03:35:41.813+0600][20.790s][info][gc          ] GC(12) Pause Final Update Refs 0.228ms
[2026-04-03T03:35:41.813+0600][20.790s][info][gc,start    ] GC(12) Concurrent cleanup
[2026-04-03T03:35:41.814+0600][20.791s][info][gc          ] GC(12) Concurrent cleanup 221M->78M(1517M) 0.368ms
[2026-04-03T03:35:41.814+0600][20.791s][info][gc,ergo     ] Free: 1580M, Max: 512K regular, 1171M humongous, Frag: 26% external, 0% internal; Reserve: 89600K, Max: 512K
[2026-04-03T03:35:41.814+0600][20.791s][info][gc,stats    ] 
[2026-04-03T03:35:41.814+0600][20.791s][info][gc,stats    ] All times are wall-clock times, except per-root-class counters, that are sum over
[2026-04-03T03:35:41.814+0600][20.791s][info][gc,stats    ] all workers. Dividing the <total> over the root stage time estimates parallelism.
[2026-04-03T03:35:41.814+0600][20.791s][info][gc,stats    ] 
[2026-04-03T03:35:41.814+0600][20.791s][info][gc,stats    ] Concurrent Reset                    587 us
[2026-04-03T03:35:41.814+0600][20.791s][info][gc,stats    ] Pause Init Mark (G)                 482 us
[2026-04-03T03:35:41.814+0600][20.791s][info][gc,stats    ] Pause Init Mark (N)                 122 us
[2026-04-03T03:35:41.814+0600][20.791s][info][gc,stats    ]   Update Region States               34 us
[2026-04-03T03:35:41.814+0600][20.791s][info][gc,stats    ] Concurrent Mark Roots              1530 us, parallelism: 2.30x
[2026-04-03T03:35:41.814+0600][20.791s][info][gc,stats    ]   CMR: <total>                     3513 us
[2026-04-03T03:35:41.814+0600][20.791s][info][gc,stats    ]   CMR: Thread Roots                3001 us, workers (us): 1077, 1065, 859, ---, ---, ---, 
[2026-04-03T03:35:41.814+0600][20.791s][info][gc,stats    ]   CMR: VM Strong Roots              279 us, workers (us): 101, 125,  53, ---, ---, ---, 
[2026-04-03T03:35:41.814+0600][20.791s][info][gc,stats    ]   CMR: CLDG Roots                   233 us, workers (us): ---, ---, 233, ---, ---, ---, 
[2026-04-03T03:35:41.814+0600][20.791s][info][gc,stats    ] Concurrent Marking                32014 us
[2026-04-03T03:35:41.814+0600][20.791s][info][gc,stats    ] Pause Final Mark (G)               1185 us
[2026-04-03T03:35:41.814+0600][20.791s][info][gc,stats    ] Pause Final Mark (N)                865 us
[2026-04-03T03:35:41.814+0600][20.791s][info][gc,stats    ]   Finish Mark                       244 us
[2026-04-03T03:35:41.814+0600][20.791s][info][gc,stats    ]   Update Region States               81 us
[2026-04-03T03:35:41.814+0600][20.791s][info][gc,stats    ]   Choose Collection Set             373 us
[2026-04-03T03:35:41.814+0600][20.791s][info][gc,stats    ]   Rebuild Free Set                   39 us
[2026-04-03T03:35:41.814+0600][20.791s][info][gc,stats    ] Concurrent Thread Roots             799 us, parallelism: 2.05x
[2026-04-03T03:35:41.814+0600][20.791s][info][gc,stats    ]   CTR: <total>                     1638 us
[2026-04-03T03:35:41.814+0600][20.791s][info][gc,stats    ]   CTR: Thread Roots                1638 us, workers (us): 578, 544, 516, ---, ---, ---, 
[2026-04-03T03:35:41.814+0600][20.791s][info][gc,stats    ] Concurrent Weak References          959 us, parallelism: 0.89x
[2026-04-03T03:35:41.814+0600][20.791s][info][gc,stats    ]   CWRF: <total>                     855 us
[2026-04-03T03:35:41.814+0600][20.791s][info][gc,stats    ]   CWRF: Weak References             855 us, workers (us):  53, 713,  89, ---, ---, ---, 
[2026-04-03T03:35:41.814+0600][20.791s][info][gc,stats    ] Concurrent Weak Roots              2399 us
[2026-04-03T03:35:41.814+0600][20.791s][info][gc,stats    ]   Roots                            2065 us, parallelism: 2.52x
[2026-04-03T03:35:41.814+0600][20.791s][info][gc,stats    ]     CWR: <total>                   5203 us
[2026-04-03T03:35:41.814+0600][20.791s][info][gc,stats    ]     CWR: Code Cache Roots          2767 us, workers (us): 835, 963, 968, ---, ---, ---, 
[2026-04-03T03:35:41.814+0600][20.791s][info][gc,stats    ]     CWR: VM Weak Roots             2369 us, workers (us): 792, 789, 788, ---, ---, ---, 
[2026-04-03T03:35:41.814+0600][20.791s][info][gc,stats    ]     CWR: CLDG Roots                  68 us, workers (us):  68, ---, ---, ---, ---, ---, 
[2026-04-03T03:35:41.814+0600][20.791s][info][gc,stats    ]   Rendezvous                        228 us
[2026-04-03T03:35:41.814+0600][20.791s][info][gc,stats    ] Concurrent Cleanup                  855 us
[2026-04-03T03:35:41.814+0600][20.791s][info][gc,stats    ] Concurrent Class Unloading        24909 us
[2026-04-03T03:35:41.814+0600][20.791s][info][gc,stats    ]   Unlink Stale                    19349 us
[2026-04-03T03:35:41.814+0600][20.791s][info][gc,stats    ]     System Dictionary               364 us
[2026-04-03T03:35:41.814+0600][20.791s][info][gc,stats    ]     Weak Class Links              12604 us
[2026-04-03T03:35:41.814+0600][20.791s][info][gc,stats    ]     Code Roots                     6354 us
[2026-04-03T03:35:41.814+0600][20.791s][info][gc,stats    ]   Rendezvous                        247 us
[2026-04-03T03:35:41.814+0600][20.791s][info][gc,stats    ]   Purge Unlinked                   5160 us
[2026-04-03T03:35:41.814+0600][20.791s][info][gc,stats    ]     Code Roots                     4995 us
[2026-04-03T03:35:41.814+0600][20.791s][info][gc,stats    ]     CLDG                            164 us
[2026-04-03T03:35:41.814+0600][20.791s][info][gc,stats    ]     Exception Caches                  0 us
[2026-04-03T03:35:41.814+0600][20.791s][info][gc,stats    ] Concurrent Strong Roots            1104 us, parallelism: 0.66x
[2026-04-03T03:35:41.814+0600][20.791s][info][gc,stats    ]   CSR: <total>                      726 us
[2026-04-03T03:35:41.814+0600][20.791s][info][gc,stats    ]   CSR: VM Strong Roots               38 us, workers (us):  18,   9,  11, ---, ---, ---, 
[2026-04-03T03:35:41.814+0600][20.791s][info][gc,stats    ]   CSR: CLDG Roots                   688 us, workers (us): 688, ---, ---, ---, ---, ---, 
[2026-04-03T03:35:41.814+0600][20.791s][info][gc,stats    ] Concurrent Evacuation             13945 us
[2026-04-03T03:35:41.814+0600][20.791s][info][gc,stats    ] Pause Init Update Refs (G)          640 us
[2026-04-03T03:35:41.814+0600][20.791s][info][gc,stats    ] Pause Init Update Refs (N)          173 us
[2026-04-03T03:35:41.815+0600][20.791s][info][gc,stats    ]   Manage GCLABs                      15 us
[2026-04-03T03:35:41.815+0600][20.791s][info][gc,stats    ] Concurrent Update Refs            26011 us
[2026-04-03T03:35:41.815+0600][20.791s][info][gc,stats    ] Concurrent Update Thread Roots      805 us
[2026-04-03T03:35:41.815+0600][20.791s][info][gc,stats    ] Pause Final Update Refs (G)         622 us
[2026-04-03T03:35:41.815+0600][20.791s][info][gc,stats    ] Pause Final Update Refs (N)         243 us
[2026-04-03T03:35:41.815+0600][20.792s][info][gc,stats    ]   Update Region States               63 us
[2026-04-03T03:35:41.815+0600][20.792s][info][gc,stats    ]   Trash Collection Set               11 us
[2026-04-03T03:35:41.815+0600][20.792s][info][gc,stats    ]   Rebuild Free Set                   43 us
[2026-04-03T03:35:41.815+0600][20.792s][info][gc,stats    ] Concurrent Cleanup                  399 us
[2026-04-03T03:35:41.815+0600][20.792s][info][gc,stats    ] 
[2026-04-03T03:35:41.815+0600][20.792s][info][gc,stats    ] Allocation pacing accrued:
[2026-04-03T03:35:41.815+0600][20.792s][info][gc,stats    ]       0 of  1876 ms (  0.0%): <total>
[2026-04-03T03:35:41.815+0600][20.792s][info][gc,stats    ]       0 of  1876 ms (  0.0%): <average total>
[2026-04-03T03:35:41.815+0600][20.792s][info][gc,stats    ] 
[2026-04-03T03:35:41.815+0600][20.792s][info][gc,metaspace] Metaspace: 68760K(69568K)->68986K(69824K) NonClass: 60026K(60480K)->60203K(60672K) Class: 8733K(9088K)->8782K(9152K)
[2026-04-03T03:35:41.815+0600][20.792s][info][gc,ergo     ] Pacer for Idle. Initial: 35840K, Alloc Tax Rate: 1.0x
[2026-04-03T03:35:44.207+0600][23.184s][info][gc          ] Trigger: Average GC time (179.22 ms) is above the time for average allocation rate (969 MB/s) to deplete free headroom (171M) (margin of error = 1.80)
[2026-04-03T03:35:44.207+0600][23.184s][info][gc,ergo     ] Free headroom: 258M (free) - 89600K (spike) - 0B (penalties) = 171M
[2026-04-03T03:35:44.207+0600][23.184s][info][gc,ergo     ] Free: 258M, Max: 512K regular, 149M humongous, Frag: 43% external, 0% internal; Reserve: 89600K, Max: 512K
[2026-04-03T03:35:44.207+0600][23.184s][info][gc,start    ] GC(13) Concurrent reset
[2026-04-03T03:35:44.207+0600][23.184s][info][gc,task     ] GC(13) Using 3 of 6 workers for concurrent reset
[2026-04-03T03:35:44.207+0600][23.184s][info][gc,ergo     ] GC(13) Pacer for Reset. Non-Taxable: 1750M
[2026-04-03T03:35:44.208+0600][23.185s][info][gc          ] GC(13) Concurrent reset 1.318ms
[2026-04-03T03:35:44.231+0600][23.208s][info][gc,start    ] GC(13) Pause Init Mark (unload classes)
[2026-04-03T03:35:44.231+0600][23.208s][info][gc,task     ] GC(13) Using 6 of 6 workers for init marking
[2026-04-03T03:35:44.231+0600][23.208s][info][gc,ergo     ] GC(13) Pacer for Mark. Expected Live: 34439K, Free: 258M, Non-Taxable: 26474K, Alloc Tax Rate: 0.2x
[2026-04-03T03:35:44.231+0600][23.208s][info][gc          ] GC(13) Pause Init Mark (unload classes) 0.228ms
[2026-04-03T03:35:44.231+0600][23.208s][info][gc,start    ] GC(13) Concurrent marking roots
[2026-04-03T03:35:44.231+0600][23.208s][info][gc,task     ] GC(13) Using 3 of 6 workers for concurrent marking roots
[2026-04-03T03:35:44.232+0600][23.209s][info][gc          ] GC(13) Concurrent marking roots 1.240ms
[2026-04-03T03:35:44.233+0600][23.209s][info][gc,start    ] GC(13) Concurrent marking (unload classes)
[2026-04-03T03:35:44.233+0600][23.210s][info][gc,task     ] GC(13) Using 3 of 6 workers for concurrent marking
[2026-04-03T03:35:44.743+0600][23.720s][info][gc          ] Failed to allocate TLAB, 512K
[2026-04-03T03:35:44.743+0600][23.720s][info][gc          ] Cancelling GC: Allocation Failure
[2026-04-03T03:35:44.744+0600][23.721s][info][gc          ] GC(13) Concurrent marking (unload classes) 511.259ms
[2026-04-03T03:35:44.744+0600][23.721s][info][gc,ergo     ] Free: 0B, Max: 0B regular, 0B humongous, Frag: 0% external, 0% internal; Reserve: 89600K, Max: 512K
[2026-04-03T03:35:44.744+0600][23.721s][info][gc,stats    ] 
[2026-04-03T03:35:44.744+0600][23.721s][info][gc,stats    ] All times are wall-clock times, except per-root-class counters, that are sum over
[2026-04-03T03:35:44.744+0600][23.721s][info][gc,stats    ] all workers. Dividing the <total> over the root stage time estimates parallelism.
[2026-04-03T03:35:44.744+0600][23.721s][info][gc,stats    ] 
[2026-04-03T03:35:44.744+0600][23.721s][info][gc,stats    ] Concurrent Reset                  23251 us
[2026-04-03T03:35:44.744+0600][23.721s][info][gc,stats    ] Pause Init Mark (G)                 890 us
[2026-04-03T03:35:44.744+0600][23.721s][info][gc,stats    ] Pause Init Mark (N)                 239 us
[2026-04-03T03:35:44.744+0600][23.721s][info][gc,stats    ]   Update Region States               70 us
[2026-04-03T03:35:44.744+0600][23.721s][info][gc,stats    ] Concurrent Mark Roots              1289 us, parallelism: 1.76x
[2026-04-03T03:35:44.744+0600][23.721s][info][gc,stats    ]   CMR: <total>                     2266 us
[2026-04-03T03:35:44.744+0600][23.721s][info][gc,stats    ]   CMR: Thread Roots                1743 us, workers (us): 700, 723, 320, ---, ---, ---, 
[2026-04-03T03:35:44.744+0600][23.721s][info][gc,stats    ]   CMR: VM Strong Roots              121 us, workers (us):  73,  47,   1, ---, ---, ---, 
[2026-04-03T03:35:44.744+0600][23.721s][info][gc,stats    ]   CMR: CLDG Roots                   403 us, workers (us): ---, ---, 403, ---, ---, ---, 
[2026-04-03T03:35:44.744+0600][23.721s][info][gc,stats    ] Concurrent Marking               511350 us
[2026-04-03T03:35:44.744+0600][23.721s][info][gc,stats    ] Pacing                           124228 us
[2026-04-03T03:35:44.744+0600][23.721s][info][gc,stats    ] 
[2026-04-03T03:35:44.744+0600][23.721s][info][gc,stats    ] Allocation pacing accrued:
[2026-04-03T03:35:44.744+0600][23.721s][info][gc,stats    ]      40 of  2930 ms (  1.4%): Executor task launch worker for task 0.0 in stage 1.0 (TID 3)
[2026-04-03T03:35:44.744+0600][23.721s][info][gc,stats    ]      41 of  2930 ms (  1.4%): Executor task launch worker for task 2.0 in stage 1.0 (TID 5)
[2026-04-03T03:35:44.744+0600][23.721s][info][gc,stats    ]      42 of  2930 ms (  1.4%): Executor task launch worker for task 1.0 in stage 1.0 (TID 4)
[2026-04-03T03:35:44.744+0600][23.721s][info][gc,stats    ]     124 of  2930 ms (  4.2%): <total>
[2026-04-03T03:35:44.744+0600][23.721s][info][gc,stats    ]       2 of  2930 ms (  0.1%): <average total>
[2026-04-03T03:35:44.744+0600][23.721s][info][gc,stats    ]      41 of  2930 ms (  1.4%): <average non-zero>
[2026-04-03T03:35:44.744+0600][23.721s][info][gc,stats    ] 
[2026-04-03T03:35:44.744+0600][23.721s][info][gc,metaspace] Metaspace: 69757K(70592K)->69757K(70592K) NonClass: 60841K(61312K)->60841K(61312K) Class: 8915K(9280K)->8915K(9280K)
[2026-04-03T03:35:44.744+0600][23.721s][info][gc,ergo     ] Pacer for Idle. Initial: 35840K, Alloc Tax Rate: 1.0x
[2026-04-03T03:35:44.746+0600][23.722s][info][gc          ] Trigger: Handle Allocation Failure
[2026-04-03T03:35:44.746+0600][23.723s][info][gc,ergo     ] Free: 0B, Max: 0B regular, 0B humongous, Frag: 0% external, 0% internal; Reserve: 89600K, Max: 512K
[2026-04-03T03:35:44.746+0600][23.723s][info][gc,start    ] GC(14) Pause Degenerated GC (Mark)
[2026-04-03T03:35:44.746+0600][23.723s][info][gc,task     ] GC(14) Using 6 of 6 workers for stw degenerated gc
[2026-04-03T03:35:44.768+0600][23.745s][info][gc,ref      ] GC(14) Encountered references: Soft: 3362, Weak: 6086, Final: 82, Phantom: 595
[2026-04-03T03:35:44.768+0600][23.745s][info][gc,ref      ] GC(14) Discovered  references: Soft: 0, Weak: 1321, Final: 0, Phantom: 592
[2026-04-03T03:35:44.768+0600][23.745s][info][gc,ref      ] GC(14) Enqueued    references: Soft: 0, Weak: 230, Final: 0, Phantom: 0
[2026-04-03T03:35:44.784+0600][23.761s][info][gc,ergo     ] GC(14) Adaptive CSet Selection. Target Free: 247M, Actual Free: 130M, Max CSet: 74666K, Min Garbage: 117M
[2026-04-03T03:35:44.785+0600][23.762s][info][gc,ergo     ] GC(14) Collectable Garbage: 820M (74%), Immediate: 43520K (3%), CSet: 778M (70%)
[2026-04-03T03:35:44.982+0600][23.959s][info][gc,ergo     ] GC(14) Good progress for free space: 836M, need 17920K
[2026-04-03T03:35:44.982+0600][23.959s][info][gc,ergo     ] GC(14) Good progress for used space: 819M, need 512K
[2026-04-03T03:35:44.982+0600][23.959s][info][gc          ] GC(14) Pause Degenerated GC (Mark) 1639M->819M(1736M) 236.328ms
[2026-04-03T03:35:44.983+0600][23.960s][info][gc,ergo     ] Free: 836M, Max: 512K regular, 189M humongous, Frag: 78% external, 0% internal; Reserve: 89600K, Max: 512K
[2026-04-03T03:35:44.983+0600][23.960s][info][gc,stats    ] 
[2026-04-03T03:35:44.983+0600][23.960s][info][gc,stats    ] All times are wall-clock times, except per-root-class counters, that are sum over
[2026-04-03T03:35:44.983+0600][23.960s][info][gc,stats    ] all workers. Dividing the <total> over the root stage time estimates parallelism.
[2026-04-03T03:35:44.983+0600][23.960s][info][gc,stats    ] 
[2026-04-03T03:35:44.983+0600][23.960s][info][gc,stats    ]   Finish Mark                     21703 us
[2026-04-03T03:35:44.983+0600][23.960s][info][gc,stats    ] Pause Degenerated GC (G)         236770 us
[2026-04-03T03:35:44.983+0600][23.960s][info][gc,stats    ] Pause Degenerated GC (N)         236344 us
[2026-04-03T03:35:44.983+0600][23.960s][info][gc,stats    ]     System Purge                  16518 us
[2026-04-03T03:35:44.983+0600][23.960s][info][gc,stats    ]       Weak References               597 us, parallelism: 0.67x
[2026-04-03T03:35:44.983+0600][23.960s][info][gc,stats    ]         WRP: <total>                399 us
[2026-04-03T03:35:44.983+0600][23.960s][info][gc,stats    ]         WRP: Weak References        399 us, workers (us):  72,  61, 264,   0,   0,   1, 
[2026-04-03T03:35:44.983+0600][23.960s][info][gc,stats    ]       Unload Classes              13381 us, parallelism: 5.68x
[2026-04-03T03:35:44.983+0600][23.960s][info][gc,stats    ]         DCU: <total>              75939 us
[2026-04-03T03:35:44.983+0600][23.960s][info][gc,stats    ]         DCU: Unload Code Caches    18948 us, workers (us): 3246, 3175, 3111, 3113, 3160, 3143, 
[2026-04-03T03:35:44.983+0600][23.960s][info][gc,stats    ]         DCU: Unlink CLDs          56991 us, workers (us): 9496, 9512, 9521, 9499, 9449, 9514, 
[2026-04-03T03:35:44.983+0600][23.960s][info][gc,stats    ]       Weak Roots                    288 us, parallelism: 2.78x
[2026-04-03T03:35:44.983+0600][23.960s][info][gc,stats    ]         DWR: <total>                802 us
[2026-04-03T03:35:44.983+0600][23.960s][info][gc,stats    ]         DWR: VM Weak Roots          802 us, workers (us): 211, 138, 130, 111, 111, 100, 
[2026-04-03T03:35:44.983+0600][23.960s][info][gc,stats    ]       CLDG                           47 us
[2026-04-03T03:35:44.983+0600][23.960s][info][gc,stats    ]   Update Region States               68 us
[2026-04-03T03:35:44.983+0600][23.960s][info][gc,stats    ]   Manage GC/TLABs                    12 us
[2026-04-03T03:35:44.983+0600][23.960s][info][gc,stats    ]   Choose Collection Set             820 us
[2026-04-03T03:35:44.983+0600][23.960s][info][gc,stats    ]   Rebuild Free Set                   52 us
[2026-04-03T03:35:44.983+0600][23.960s][info][gc,stats    ]   Evacuation                      42302 us
[2026-04-03T03:35:44.983+0600][23.960s][info][gc,stats    ]   Manage GCLABs                      28 us
[2026-04-03T03:35:44.983+0600][23.960s][info][gc,stats    ]   Update References              148420 us
[2026-04-03T03:35:44.983+0600][23.960s][info][gc,stats    ]   Update Region States               65 us
[2026-04-03T03:35:44.983+0600][23.960s][info][gc,stats    ]   Trash Collection Set               45 us
[2026-04-03T03:35:44.983+0600][23.960s][info][gc,stats    ]   Rebuild Free Set                   63 us
[2026-04-03T03:35:44.983+0600][23.960s][info][gc,stats    ]   Degen Update Roots               3393 us, parallelism: 5.13x
[2026-04-03T03:35:44.983+0600][23.960s][info][gc,stats    ]     DU: <total>                   17419 us
[2026-04-03T03:35:44.983+0600][23.960s][info][gc,stats    ]     DU: Thread Roots                789 us, workers (us):  40, 352, 304,   6,  80,   7, 
[2026-04-03T03:35:44.983+0600][23.960s][info][gc,stats    ]     DU: Code Cache Roots          12972 us, workers (us): 2259, 1892, 1846, 2410, 2255, 2310, 
[2026-04-03T03:35:44.983+0600][23.960s][info][gc,stats    ]     DU: VM Strong Roots              28 us, workers (us):  10,   9,   4,   1,   2,   2, 
[2026-04-03T03:35:44.983+0600][23.960s][info][gc,stats    ]     DU: VM Weak Roots              1399 us, workers (us): 272, 274, 275, 207, 184, 187, 
[2026-04-03T03:35:44.983+0600][23.960s][info][gc,stats    ]     DU: CLDG Roots                 2232 us, workers (us): 343, 395, 487, 337, 336, 333, 
[2026-04-03T03:35:44.983+0600][23.960s][info][gc,stats    ]   Cleanup                           855 us
[2026-04-03T03:35:44.983+0600][23.960s][info][gc,stats    ] 
[2026-04-03T03:35:44.983+0600][23.960s][info][gc,stats    ] Allocation pacing accrued:
[2026-04-03T03:35:44.983+0600][23.960s][info][gc,stats    ]       0 of   239 ms (  0.0%): <total>
[2026-04-03T03:35:44.983+0600][23.960s][info][gc,stats    ]       0 of   239 ms (  0.0%): <average total>
[2026-04-03T03:35:44.983+0600][23.960s][info][gc,stats    ] 
[2026-04-03T03:35:44.983+0600][23.960s][info][gc,metaspace] Metaspace: 69757K(70592K)->69753K(70592K) NonClass: 60841K(61312K)->60839K(61312K) Class: 8915K(9280K)->8914K(9280K)
[2026-04-03T03:35:44.984+0600][23.960s][info][gc,ergo     ] Pacer for Idle. Initial: 35840K, Alloc Tax Rate: 1.0x
[2026-04-03T03:35:45.351+0600][24.328s][info][gc          ] Trigger: Average GC time (185.32 ms) is above the time for average allocation rate (1007 MB/s) to deplete free headroom (186M) (margin of error = 1.90)
[2026-04-03T03:35:45.351+0600][24.328s][info][gc,ergo     ] Free headroom: 448M (free) - 89600K (spike) - 175M (penalties) = 186M
[2026-04-03T03:35:45.351+0600][24.328s][info][gc,ergo     ] Free: 448M, Max: 512K regular, 189M humongous, Frag: 58% external, 0% internal; Reserve: 89600K, Max: 512K
[2026-04-03T03:35:45.351+0600][24.328s][info][gc,start    ] GC(15) Concurrent reset
[2026-04-03T03:35:45.351+0600][24.328s][info][gc,task     ] GC(15) Using 3 of 6 workers for concurrent reset
[2026-04-03T03:35:45.351+0600][24.328s][info][gc,ergo     ] GC(15) Pacer for Reset. Non-Taxable: 1750M
[2026-04-03T03:35:45.356+0600][24.333s][info][gc          ] GC(15) Concurrent reset 5.096ms
[2026-04-03T03:35:45.357+0600][24.334s][info][gc,start    ] GC(15) Pause Init Mark (unload classes)
[2026-04-03T03:35:45.357+0600][24.334s][info][gc,task     ] GC(15) Using 6 of 6 workers for init marking
[2026-04-03T03:35:45.357+0600][24.334s][info][gc,ergo     ] GC(15) Pacer for Mark. Expected Live: 85634K, Free: 444M, Non-Taxable: 45516K, Alloc Tax Rate: 0.2x
[2026-04-03T03:35:45.357+0600][24.334s][info][gc          ] GC(15) Pause Init Mark (unload classes) 0.218ms
[2026-04-03T03:35:45.357+0600][24.334s][info][gc,start    ] GC(15) Concurrent marking roots
[2026-04-03T03:35:45.357+0600][24.334s][info][gc,task     ] GC(15) Using 3 of 6 workers for concurrent marking roots
[2026-04-03T03:35:45.358+0600][24.335s][info][gc          ] GC(15) Concurrent marking roots 0.988ms
[2026-04-03T03:35:45.358+0600][24.335s][info][gc,start    ] GC(15) Concurrent marking (unload classes)
[2026-04-03T03:35:45.358+0600][24.335s][info][gc,task     ] GC(15) Using 3 of 6 workers for concurrent marking
[2026-04-03T03:35:45.859+0600][24.836s][info][gc          ] GC(15) Concurrent marking (unload classes) 501.469ms
[2026-04-03T03:35:45.860+0600][24.837s][info][gc,start    ] GC(15) Pause Final Mark (unload classes)
[2026-04-03T03:35:45.860+0600][24.837s][info][gc,task     ] GC(15) Using 6 of 6 workers for final marking
[2026-04-03T03:35:45.860+0600][24.837s][info][gc,ergo     ] GC(15) Adaptive CSet Selection. Target Free: 247M, Actual Free: 350M, Max CSet: 74666K, Min Garbage: 0B
[2026-04-03T03:35:45.861+0600][24.838s][info][gc,ergo     ] GC(15) Collectable Garbage: 742M (81%), Immediate: 6144K (0%), CSet: 736M (81%)
[2026-04-03T03:35:45.861+0600][24.838s][info][gc,ergo     ] GC(15) Pacer for Evacuation. Used CSet: 809M, Free: 264M, Non-Taxable: 27084K, Alloc Tax Rate: 7.5x
[2026-04-03T03:35:45.861+0600][24.838s][info][gc          ] GC(15) Pause Final Mark (unload classes) 1.223ms
[2026-04-03T03:35:45.861+0600][24.838s][info][gc,start    ] GC(15) Concurrent thread roots
[2026-04-03T03:35:45.861+0600][24.838s][info][gc,task     ] GC(15) Using 3 of 6 workers for Concurrent thread roots
[2026-04-03T03:35:45.862+0600][24.839s][info][gc          ] GC(15) Concurrent thread roots 0.560ms
[2026-04-03T03:35:45.862+0600][24.839s][info][gc,start    ] GC(15) Concurrent weak references
[2026-04-03T03:35:45.862+0600][24.839s][info][gc,task     ] GC(15) Using 3 of 6 workers for concurrent weak references
[2026-04-03T03:35:45.862+0600][24.839s][info][gc,ref      ] GC(15) Encountered references: Soft: 3362, Weak: 5856, Final: 82, Phantom: 595
[2026-04-03T03:35:45.862+0600][24.839s][info][gc,ref      ] GC(15) Discovered  references: Soft: 0, Weak: 499, Final: 0, Phantom: 592
[2026-04-03T03:35:45.862+0600][24.839s][info][gc,ref      ] GC(15) Enqueued    references: Soft: 0, Weak: 0, Final: 0, Phantom: 0
[2026-04-03T03:35:45.862+0600][24.839s][info][gc          ] GC(15) Concurrent weak references 0.340ms
[2026-04-03T03:35:45.862+0600][24.839s][info][gc,start    ] GC(15) Concurrent weak roots
[2026-04-03T03:35:45.862+0600][24.839s][info][gc,task     ] GC(15) Using 3 of 6 workers for concurrent weak root
[2026-04-03T03:35:45.864+0600][24.841s][info][gc          ] GC(15) Concurrent weak roots 1.936ms
[2026-04-03T03:35:45.864+0600][24.841s][info][gc,start    ] GC(15) Concurrent cleanup
[2026-04-03T03:35:45.864+0600][24.841s][info][gc          ] GC(15) Concurrent cleanup 1400M->1394M(1737M) 0.203ms
[2026-04-03T03:35:45.864+0600][24.841s][info][gc,ergo     ] GC(15) Free: 261M, Max: 512K regular, 261M humongous, Frag: 0% external, 0% internal; Reserve: 89376K, Max: 512K
[2026-04-03T03:35:45.864+0600][24.841s][info][gc,start    ] GC(15) Concurrent class unloading
[2026-04-03T03:35:45.864+0600][24.841s][info][gc,task     ] GC(15) Using 3 of 6 workers for concurrent class unloading
[2026-04-03T03:35:45.869+0600][24.846s][info][gc          ] GC(15) Concurrent class unloading 4.474ms
[2026-04-03T03:35:45.869+0600][24.846s][info][gc,start    ] GC(15) Concurrent strong roots
[2026-04-03T03:35:45.869+0600][24.846s][info][gc,task     ] GC(15) Using 3 of 6 workers for concurrent strong root
[2026-04-03T03:35:45.869+0600][24.846s][info][gc          ] GC(15) Concurrent strong roots 0.599ms
[2026-04-03T03:35:45.869+0600][24.846s][info][gc,start    ] GC(15) Concurrent evacuation
[2026-04-03T03:35:45.870+0600][24.846s][info][gc,task     ] GC(15) Using 3 of 6 workers for concurrent evacuation
[2026-04-03T03:35:45.943+0600][24.920s][info][gc          ] GC(15) Concurrent evacuation 73.337ms
[2026-04-03T03:35:45.943+0600][24.920s][info][gc,start    ] GC(15) Pause Init Update Refs
[2026-04-03T03:35:45.943+0600][24.920s][info][gc,ergo     ] GC(15) Pacer for Update Refs. Used: 1520M, Free: 210M, Non-Taxable: 21555K, Alloc Tax Rate: 8.8x
[2026-04-03T03:35:45.943+0600][24.920s][info][gc          ] GC(15) Pause Init Update Refs 0.110ms
[2026-04-03T03:35:45.944+0600][24.920s][info][gc,start    ] GC(15) Concurrent update references
[2026-04-03T03:35:45.944+0600][24.921s][info][gc,task     ] GC(15) Using 3 of 6 workers for concurrent reference update
[2026-04-03T03:35:46.284+0600][25.260s][info][gc          ] GC(15) Concurrent update references 339.991ms
[2026-04-03T03:35:46.284+0600][25.261s][info][gc,start    ] GC(15) Concurrent update thread roots
[2026-04-03T03:35:46.284+0600][25.261s][info][gc          ] GC(15) Concurrent update thread roots 0.765ms
[2026-04-03T03:35:46.285+0600][25.262s][info][gc,start    ] GC(15) Pause Final Update Refs
[2026-04-03T03:35:46.285+0600][25.262s][info][gc,task     ] GC(15) Using 6 of 6 workers for final reference update
[2026-04-03T03:35:46.285+0600][25.262s][info][gc          ] GC(15) Pause Final Update Refs 0.335ms
[2026-04-03T03:35:46.285+0600][25.262s][info][gc,start    ] GC(15) Concurrent cleanup
[2026-04-03T03:35:46.286+0600][25.263s][info][gc          ] GC(15) Concurrent cleanup 1682M->873M(1750M) 0.837ms
[2026-04-03T03:35:46.286+0600][25.263s][info][gc,ergo     ] Free: 782M, Max: 512K regular, 106M humongous, Frag: 87% external, 0% internal; Reserve: 89600K, Max: 512K
[2026-04-03T03:35:46.286+0600][25.263s][info][gc,stats    ] 
[2026-04-03T03:35:46.286+0600][25.263s][info][gc,stats    ] All times are wall-clock times, except per-root-class counters, that are sum over
[2026-04-03T03:35:46.286+0600][25.263s][info][gc,stats    ] all workers. Dividing the <total> over the root stage time estimates parallelism.
[2026-04-03T03:35:46.286+0600][25.263s][info][gc,stats    ] 
[2026-04-03T03:35:46.286+0600][25.263s][info][gc,stats    ] Concurrent Reset                   5204 us
[2026-04-03T03:35:46.286+0600][25.263s][info][gc,stats    ] Pause Init Mark (G)                 590 us
[2026-04-03T03:35:46.286+0600][25.263s][info][gc,stats    ] Pause Init Mark (N)                 237 us
[2026-04-03T03:35:46.286+0600][25.263s][info][gc,stats    ]   Update Region States               44 us
[2026-04-03T03:35:46.286+0600][25.263s][info][gc,stats    ] Concurrent Mark Roots              1065 us, parallelism: 1.60x
[2026-04-03T03:35:46.286+0600][25.263s][info][gc,stats    ]   CMR: <total>                     1703 us
[2026-04-03T03:35:46.286+0600][25.263s][info][gc,stats    ]   CMR: Thread Roots                1327 us, workers (us): 536, 520, 271, ---, ---, ---, 
[2026-04-03T03:35:46.286+0600][25.263s][info][gc,stats    ]   CMR: VM Strong Roots              113 us, workers (us):  53,  55,   5, ---, ---, ---, 
[2026-04-03T03:35:46.286+0600][25.263s][info][gc,stats    ]   CMR: CLDG Roots                   263 us, workers (us): ---, ---, 263, ---, ---, ---, 
[2026-04-03T03:35:46.286+0600][25.263s][info][gc,stats    ] Concurrent Marking               501543 us
[2026-04-03T03:35:46.286+0600][25.263s][info][gc,stats    ] Pause Final Mark (G)               1542 us
[2026-04-03T03:35:46.286+0600][25.263s][info][gc,stats    ] Pause Final Mark (N)               1235 us
[2026-04-03T03:35:46.286+0600][25.263s][info][gc,stats    ]   Finish Mark                       292 us
[2026-04-03T03:35:46.286+0600][25.263s][info][gc,stats    ]   Update Region States               56 us
[2026-04-03T03:35:46.286+0600][25.263s][info][gc,stats    ]   Choose Collection Set             754 us
[2026-04-03T03:35:46.286+0600][25.263s][info][gc,stats    ]   Rebuild Free Set                   40 us
[2026-04-03T03:35:46.286+0600][25.263s][info][gc,stats    ] Concurrent Thread Roots             619 us, parallelism: 1.53x
[2026-04-03T03:35:46.287+0600][25.263s][info][gc,stats    ]   CTR: <total>                      946 us
[2026-04-03T03:35:46.287+0600][25.263s][info][gc,stats    ]   CTR: Thread Roots                 946 us, workers (us): 321, 321, 304, ---, ---, ---, 
[2026-04-03T03:35:46.287+0600][25.263s][info][gc,stats    ] Concurrent Weak References          354 us, parallelism: 0.53x
[2026-04-03T03:35:46.287+0600][25.263s][info][gc,stats    ]   CWRF: <total>                     189 us
[2026-04-03T03:35:46.287+0600][25.263s][info][gc,stats    ]   CWRF: Weak References             189 us, workers (us):  47,  33, 110, ---, ---, ---, 
[2026-04-03T03:35:46.287+0600][25.263s][info][gc,stats    ] Concurrent Weak Roots              1998 us
[2026-04-03T03:35:46.287+0600][25.264s][info][gc,stats    ]   Roots                            1721 us, parallelism: 2.34x
[2026-04-03T03:35:46.287+0600][25.264s][info][gc,stats    ]     CWR: <total>                   4033 us
[2026-04-03T03:35:46.287+0600][25.264s][info][gc,stats    ]     CWR: Code Cache Roots          2706 us, workers (us): 997, 823, 886, ---, ---, ---, 
[2026-04-03T03:35:46.287+0600][25.264s][info][gc,stats    ]     CWR: VM Weak Roots             1290 us, workers (us): 464, 440, 386, ---, ---, ---, 
[2026-04-03T03:35:46.287+0600][25.264s][info][gc,stats    ]     CWR: CLDG Roots                  37 us, workers (us): ---,  37, ---, ---, ---, ---, 
[2026-04-03T03:35:46.287+0600][25.264s][info][gc,stats    ]   Rendezvous                        189 us
[2026-04-03T03:35:46.287+0600][25.264s][info][gc,stats    ] Concurrent Cleanup                  217 us
[2026-04-03T03:35:46.287+0600][25.264s][info][gc,stats    ] Concurrent Class Unloading         4545 us
[2026-04-03T03:35:46.287+0600][25.264s][info][gc,stats    ]   Unlink Stale                     4253 us
[2026-04-03T03:35:46.287+0600][25.264s][info][gc,stats    ]     System Dictionary                83 us
[2026-04-03T03:35:46.287+0600][25.264s][info][gc,stats    ]     Weak Class Links                  0 us
[2026-04-03T03:35:46.287+0600][25.264s][info][gc,stats    ]     Code Roots                     4166 us
[2026-04-03T03:35:46.287+0600][25.264s][info][gc,stats    ]   Rendezvous                        178 us
[2026-04-03T03:35:46.287+0600][25.264s][info][gc,stats    ]   Purge Unlinked                      9 us
[2026-04-03T03:35:46.287+0600][25.264s][info][gc,stats    ]     Code Roots                        3 us
[2026-04-03T03:35:46.287+0600][25.264s][info][gc,stats    ]     CLDG                              6 us
[2026-04-03T03:35:46.287+0600][25.264s][info][gc,stats    ]     Exception Caches                  0 us
[2026-04-03T03:35:46.287+0600][25.264s][info][gc,stats    ] Concurrent Strong Roots             639 us, parallelism: 0.63x
[2026-04-03T03:35:46.287+0600][25.264s][info][gc,stats    ]   CSR: <total>                      406 us
[2026-04-03T03:35:46.287+0600][25.264s][info][gc,stats    ]   CSR: VM Strong Roots               18 us, workers (us):  17,   1,   0, ---, ---, ---, 
[2026-04-03T03:35:46.287+0600][25.264s][info][gc,stats    ]   CSR: CLDG Roots                   387 us, workers (us): 387, ---, ---, ---, ---, ---, 
[2026-04-03T03:35:46.287+0600][25.264s][info][gc,stats    ] Concurrent Evacuation             73456 us
[2026-04-03T03:35:46.287+0600][25.264s][info][gc,stats    ] Pause Init Update Refs (G)          536 us
[2026-04-03T03:35:46.287+0600][25.264s][info][gc,stats    ] Pause Init Update Refs (N)          129 us
[2026-04-03T03:35:46.287+0600][25.264s][info][gc,stats    ]   Manage GCLABs                      17 us
[2026-04-03T03:35:46.287+0600][25.264s][info][gc,stats    ] Concurrent Update Refs           340123 us
[2026-04-03T03:35:46.287+0600][25.264s][info][gc,stats    ] Concurrent Update Thread Roots      817 us
[2026-04-03T03:35:46.287+0600][25.264s][info][gc,stats    ] Pause Final Update Refs (G)         825 us
[2026-04-03T03:35:46.287+0600][25.264s][info][gc,stats    ] Pause Final Update Refs (N)         355 us
[2026-04-03T03:35:46.287+0600][25.264s][info][gc,stats    ]   Update Region States               64 us
[2026-04-03T03:35:46.287+0600][25.264s][info][gc,stats    ]   Trash Collection Set               34 us
[2026-04-03T03:35:46.287+0600][25.264s][info][gc,stats    ]   Rebuild Free Set                   50 us
[2026-04-03T03:35:46.287+0600][25.264s][info][gc,stats    ] Concurrent Cleanup                  913 us
[2026-04-03T03:35:46.287+0600][25.264s][info][gc,stats    ] Pacing                           439564 us
[2026-04-03T03:35:46.287+0600][25.264s][info][gc,stats    ] 
[2026-04-03T03:35:46.287+0600][25.264s][info][gc,stats    ] Allocation pacing accrued:
[2026-04-03T03:35:46.287+0600][25.264s][info][gc,stats    ]     167 of  1304 ms ( 12.8%): Executor task launch worker for task 0.0 in stage 1.0 (TID 3)
[2026-04-03T03:35:46.287+0600][25.264s][info][gc,stats    ]     162 of  1304 ms ( 12.4%): Executor task launch worker for task 2.0 in stage 1.0 (TID 5)
[2026-04-03T03:35:46.287+0600][25.264s][info][gc,stats    ]     111 of  1304 ms (  8.5%): Executor task launch worker for task 1.0 in stage 1.0 (TID 4)
[2026-04-03T03:35:46.287+0600][25.264s][info][gc,stats    ]     440 of  1304 ms ( 33.7%): <total>
[2026-04-03T03:35:46.287+0600][25.264s][info][gc,stats    ]       6 of  1304 ms (  0.5%): <average total>
[2026-04-03T03:35:46.287+0600][25.264s][info][gc,stats    ]     147 of  1304 ms ( 11.2%): <average non-zero>
[2026-04-03T03:35:46.287+0600][25.264s][info][gc,stats    ] 
[2026-04-03T03:35:46.287+0600][25.264s][info][gc,metaspace] Metaspace: 69753K(70592K)->69798K(70592K) NonClass: 60839K(61312K)->60879K(61312K) Class: 8914K(9280K)->8919K(9280K)
[2026-04-03T03:35:46.287+0600][25.264s][info][gc,ergo     ] Pacer for Idle. Initial: 35840K, Alloc Tax Rate: 1.0x
[2026-04-03T03:35:46.288+0600][25.265s][info][gc          ] Trigger: Average GC time (1341.72 ms) is above the time for average allocation rate (731 MB/s) to deplete free headroom (537M) (margin of error = 1.93)
[2026-04-03T03:35:46.288+0600][25.265s][info][gc,ergo     ] Free headroom: 782M (free) - 89600K (spike) - 157M (penalties) = 537M
[2026-04-03T03:35:46.288+0600][25.265s][info][gc,ergo     ] Free: 782M, Max: 512K regular, 106M humongous, Frag: 87% external, 0% internal; Reserve: 89600K, Max: 512K
[2026-04-03T03:35:46.288+0600][25.265s][info][gc,start    ] GC(16) Concurrent reset
[2026-04-03T03:35:46.288+0600][25.265s][info][gc,task     ] GC(16) Using 3 of 6 workers for concurrent reset
[2026-04-03T03:35:46.288+0600][25.265s][info][gc,ergo     ] GC(16) Pacer for Reset. Non-Taxable: 1750M
[2026-04-03T03:35:46.292+0600][25.269s][info][gc          ] GC(16) Concurrent reset 3.567ms
[2026-04-03T03:35:46.292+0600][25.269s][info][gc,start    ] GC(16) Pause Init Mark (unload classes)
[2026-04-03T03:35:46.292+0600][25.269s][info][gc,task     ] GC(16) Using 6 of 6 workers for init marking
[2026-04-03T03:35:46.292+0600][25.269s][info][gc,ergo     ] GC(16) Pacer for Mark. Expected Live: 138M, Free: 782M, Non-Taxable: 80128K, Alloc Tax Rate: 0.2x
[2026-04-03T03:35:46.292+0600][25.269s][info][gc          ] GC(16) Pause Init Mark (unload classes) 0.159ms
[2026-04-03T03:35:46.292+0600][25.269s][info][gc,start    ] GC(16) Concurrent marking roots
[2026-04-03T03:35:46.292+0600][25.269s][info][gc,task     ] GC(16) Using 3 of 6 workers for concurrent marking roots
[2026-04-03T03:35:46.293+0600][25.270s][info][gc          ] GC(16) Concurrent marking roots 0.744ms
[2026-04-03T03:35:46.293+0600][25.270s][info][gc,start    ] GC(16) Concurrent marking (unload classes)
[2026-04-03T03:35:46.293+0600][25.270s][info][gc,task     ] GC(16) Using 3 of 6 workers for concurrent marking
[2026-04-03T03:35:46.729+0600][25.706s][info][gc          ] GC(16) Concurrent marking (unload classes) 435.657ms
[2026-04-03T03:35:46.729+0600][25.706s][info][gc,start    ] GC(16) Pause Final Mark (unload classes)
[2026-04-03T03:35:46.729+0600][25.706s][info][gc,task     ] GC(16) Using 6 of 6 workers for final marking
[2026-04-03T03:35:46.730+0600][25.707s][info][gc,ergo     ] GC(16) Adaptive CSet Selection. Target Free: 247M, Actual Free: 1015M, Max CSet: 74666K, Min Garbage: 0B
[2026-04-03T03:35:46.730+0600][25.707s][info][gc,ergo     ] GC(16) Collectable Garbage: 612M (97%), Immediate: 147M (23%), CSet: 465M (74%)
[2026-04-03T03:35:46.730+0600][25.707s][info][gc,ergo     ] GC(16) Pacer for Evacuation. Used CSet: 538M, Free: 930M, Non-Taxable: 95321K, Alloc Tax Rate: 1.4x
[2026-04-03T03:35:46.730+0600][25.707s][info][gc          ] GC(16) Pause Final Mark (unload classes) 1.173ms
[2026-04-03T03:35:46.730+0600][25.707s][info][gc,start    ] GC(16) Concurrent thread roots
[2026-04-03T03:35:46.730+0600][25.707s][info][gc,task     ] GC(16) Using 3 of 6 workers for Concurrent thread roots
[2026-04-03T03:35:46.731+0600][25.708s][info][gc          ] GC(16) Concurrent thread roots 0.760ms
[2026-04-03T03:35:46.731+0600][25.708s][info][gc,start    ] GC(16) Concurrent weak references
[2026-04-03T03:35:46.731+0600][25.708s][info][gc,task     ] GC(16) Using 3 of 6 workers for concurrent weak references
[2026-04-03T03:35:46.732+0600][25.709s][info][gc,ref      ] GC(16) Encountered references: Soft: 3362, Weak: 5863, Final: 82, Phantom: 595
[2026-04-03T03:35:46.732+0600][25.709s][info][gc,ref      ] GC(16) Discovered  references: Soft: 0, Weak: 3022, Final: 50, Phantom: 592
[2026-04-03T03:35:46.732+0600][25.709s][info][gc,ref      ] GC(16) Enqueued    references: Soft: 0, Weak: 3, Final: 0, Phantom: 0
[2026-04-03T03:35:46.732+0600][25.709s][info][gc          ] GC(16) Concurrent weak references 0.620ms
[2026-04-03T03:35:46.732+0600][25.709s][info][gc,start    ] GC(16) Concurrent weak roots
[2026-04-03T03:35:46.732+0600][25.709s][info][gc,task     ] GC(16) Using 3 of 6 workers for concurrent weak root
[2026-04-03T03:35:46.734+0600][25.711s][info][gc          ] GC(16) Concurrent weak roots 2.307ms
[2026-04-03T03:35:46.734+0600][25.711s][info][gc,start    ] GC(16) Concurrent cleanup
[2026-04-03T03:35:46.735+0600][25.712s][info][gc          ] GC(16) Concurrent cleanup 876M->729M(1750M) 0.747ms
[2026-04-03T03:35:46.735+0600][25.712s][info][gc,ergo     ] GC(16) Free: 930M, Max: 512K regular, 110M humongous, Frag: 89% external, 0% internal; Reserve: 89023K, Max: 512K
[2026-04-03T03:35:46.735+0600][25.712s][info][gc,start    ] GC(16) Concurrent class unloading
[2026-04-03T03:35:46.735+0600][25.712s][info][gc,task     ] GC(16) Using 3 of 6 workers for concurrent class unloading
[2026-04-03T03:35:46.741+0600][25.718s][info][gc          ] GC(16) Concurrent class unloading 5.877ms
[2026-04-03T03:35:46.741+0600][25.718s][info][gc,start    ] GC(16) Concurrent strong roots
[2026-04-03T03:35:46.741+0600][25.718s][info][gc,task     ] GC(16) Using 3 of 6 workers for concurrent strong root
[2026-04-03T03:35:46.742+0600][25.719s][info][gc          ] GC(16) Concurrent strong roots 0.877ms
[2026-04-03T03:35:46.742+0600][25.719s][info][gc,start    ] GC(16) Concurrent evacuation
[2026-04-03T03:35:46.742+0600][25.719s][info][gc,task     ] GC(16) Using 3 of 6 workers for concurrent evacuation
[2026-04-03T03:35:46.816+0600][25.793s][info][gc          ] GC(16) Concurrent evacuation 74.414ms
[2026-04-03T03:35:46.817+0600][25.794s][info][gc,start    ] GC(16) Pause Init Update Refs
[2026-04-03T03:35:46.817+0600][25.794s][info][gc,ergo     ] GC(16) Pacer for Update Refs. Used: 803M, Free: 929M, Non-Taxable: 95180K, Alloc Tax Rate: 1.1x
[2026-04-03T03:35:46.817+0600][25.794s][info][gc          ] GC(16) Pause Init Update Refs 0.147ms
[2026-04-03T03:35:46.817+0600][25.794s][info][gc,start    ] GC(16) Concurrent update references
[2026-04-03T03:35:46.817+0600][25.794s][info][gc,task     ] GC(16) Using 3 of 6 workers for concurrent reference update
[2026-04-03T03:35:47.033+0600][26.010s][info][gc          ] GC(16) Concurrent update references 215.850ms
[2026-04-03T03:35:47.033+0600][26.010s][info][gc,start    ] GC(16) Concurrent update thread roots
[2026-04-03T03:35:47.034+0600][26.011s][info][gc          ] GC(16) Concurrent update thread roots 0.854ms
[2026-04-03T03:35:47.034+0600][26.011s][info][gc,start    ] GC(16) Pause Final Update Refs
[2026-04-03T03:35:47.034+0600][26.011s][info][gc,task     ] GC(16) Using 6 of 6 workers for final reference update
[2026-04-03T03:35:47.034+0600][26.011s][info][gc          ] GC(16) Pause Final Update Refs 0.253ms
[2026-04-03T03:35:47.034+0600][26.011s][info][gc,start    ] GC(16) Concurrent cleanup
[2026-04-03T03:35:47.035+0600][26.012s][info][gc          ] GC(16) Concurrent cleanup 805M->267M(1750M) 0.905ms
[2026-04-03T03:35:47.035+0600][26.012s][info][gc,ergo     ] Free: 1389M, Max: 512K regular, 332M humongous, Frag: 77% external, 0% internal; Reserve: 89600K, Max: 512K
[2026-04-03T03:35:47.035+0600][26.012s][info][gc,stats    ] 
[2026-04-03T03:35:47.035+0600][26.012s][info][gc,stats    ] All times are wall-clock times, except per-root-class counters, that are sum over
[2026-04-03T03:35:47.035+0600][26.012s][info][gc,stats    ] all workers. Dividing the <total> over the root stage time estimates parallelism.
[2026-04-03T03:35:47.035+0600][26.012s][info][gc,stats    ] 
[2026-04-03T03:35:47.035+0600][26.012s][info][gc,stats    ] Concurrent Reset                   3638 us
[2026-04-03T03:35:47.035+0600][26.012s][info][gc,stats    ] Pause Init Mark (G)                 348 us
[2026-04-03T03:35:47.035+0600][26.012s][info][gc,stats    ] Pause Init Mark (N)                 168 us
[2026-04-03T03:35:47.035+0600][26.012s][info][gc,stats    ]   Update Region States               37 us
[2026-04-03T03:35:47.035+0600][26.012s][info][gc,stats    ] Concurrent Mark Roots               768 us, parallelism: 1.89x
[2026-04-03T03:35:47.035+0600][26.012s][info][gc,stats    ]   CMR: <total>                     1452 us
[2026-04-03T03:35:47.035+0600][26.012s][info][gc,stats    ]   CMR: Thread Roots                1054 us, workers (us): 461, 462, 130, ---, ---, ---, 
[2026-04-03T03:35:47.035+0600][26.012s][info][gc,stats    ]   CMR: VM Strong Roots               59 us, workers (us):  33,  25,   1, ---, ---, ---, 
[2026-04-03T03:35:47.035+0600][26.012s][info][gc,stats    ]   CMR: CLDG Roots                   339 us, workers (us): ---, ---, 339, ---, ---, ---, 
[2026-04-03T03:35:47.035+0600][26.012s][info][gc,stats    ] Concurrent Marking               435754 us
[2026-04-03T03:35:47.035+0600][26.012s][info][gc,stats    ] Pause Final Mark (G)               1403 us
[2026-04-03T03:35:47.035+0600][26.012s][info][gc,stats    ] Pause Final Mark (N)               1188 us
[2026-04-03T03:35:47.035+0600][26.012s][info][gc,stats    ]   Finish Mark                       368 us
[2026-04-03T03:35:47.035+0600][26.012s][info][gc,stats    ]   Update Region States               71 us
[2026-04-03T03:35:47.035+0600][26.012s][info][gc,stats    ]   Choose Collection Set             576 us
[2026-04-03T03:35:47.035+0600][26.012s][info][gc,stats    ]   Rebuild Free Set                   59 us
[2026-04-03T03:35:47.036+0600][26.012s][info][gc,stats    ] Concurrent Thread Roots             831 us, parallelism: 1.88x
[2026-04-03T03:35:47.036+0600][26.012s][info][gc,stats    ]   CTR: <total>                     1564 us
[2026-04-03T03:35:47.036+0600][26.012s][info][gc,stats    ]   CTR: Thread Roots                1564 us, workers (us): 548, 507, 508, ---, ---, ---, 
[2026-04-03T03:35:47.036+0600][26.012s][info][gc,stats    ] Concurrent Weak References          630 us, parallelism: 0.86x
[2026-04-03T03:35:47.036+0600][26.012s][info][gc,stats    ]   CWRF: <total>                     544 us
[2026-04-03T03:35:47.036+0600][26.012s][info][gc,stats    ]   CWRF: Weak References             544 us, workers (us): 443,  99,   2, ---, ---, ---, 
[2026-04-03T03:35:47.036+0600][26.013s][info][gc,stats    ] Concurrent Weak Roots              2392 us
[2026-04-03T03:35:47.036+0600][26.013s][info][gc,stats    ]   Roots                            2107 us, parallelism: 2.42x
[2026-04-03T03:35:47.036+0600][26.013s][info][gc,stats    ]     CWR: <total>                   5095 us
[2026-04-03T03:35:47.036+0600][26.013s][info][gc,stats    ]     CWR: Code Cache Roots          3401 us, workers (us): 1090, 1150, 1161, ---, ---, ---, 
[2026-04-03T03:35:47.036+0600][26.013s][info][gc,stats    ]     CWR: VM Weak Roots             1593 us, workers (us): 537, 525, 531, ---, ---, ---, 
[2026-04-03T03:35:47.036+0600][26.013s][info][gc,stats    ]     CWR: CLDG Roots                 101 us, workers (us): ---, 101, ---, ---, ---, ---, 
[2026-04-03T03:35:47.036+0600][26.013s][info][gc,stats    ]   Rendezvous                        176 us
[2026-04-03T03:35:47.036+0600][26.013s][info][gc,stats    ] Concurrent Cleanup                  767 us
[2026-04-03T03:35:47.036+0600][26.013s][info][gc,stats    ] Concurrent Class Unloading         5932 us
[2026-04-03T03:35:47.036+0600][26.013s][info][gc,stats    ]   Unlink Stale                     5495 us
[2026-04-03T03:35:47.036+0600][26.013s][info][gc,stats    ]     System Dictionary               101 us
[2026-04-03T03:35:47.036+0600][26.013s][info][gc,stats    ]     Weak Class Links                  0 us
[2026-04-03T03:35:47.036+0600][26.013s][info][gc,stats    ]     Code Roots                     5390 us
[2026-04-03T03:35:47.036+0600][26.013s][info][gc,stats    ]   Rendezvous                        129 us
[2026-04-03T03:35:47.036+0600][26.013s][info][gc,stats    ]   Purge Unlinked                    225 us
[2026-04-03T03:35:47.036+0600][26.013s][info][gc,stats    ]     Code Roots                      217 us
[2026-04-03T03:35:47.036+0600][26.013s][info][gc,stats    ]     CLDG                              7 us
[2026-04-03T03:35:47.036+0600][26.013s][info][gc,stats    ]     Exception Caches                  0 us
[2026-04-03T03:35:47.036+0600][26.013s][info][gc,stats    ] Concurrent Strong Roots             957 us, parallelism: 0.53x
[2026-04-03T03:35:47.036+0600][26.013s][info][gc,stats    ]   CSR: <total>                      503 us
[2026-04-03T03:35:47.036+0600][26.013s][info][gc,stats    ]   CSR: VM Strong Roots               21 us, workers (us):  17,   2,   2, ---, ---, ---, 
[2026-04-03T03:35:47.036+0600][26.013s][info][gc,stats    ]   CSR: CLDG Roots                   482 us, workers (us): 482, ---, ---, ---, ---, ---, 
[2026-04-03T03:35:47.036+0600][26.013s][info][gc,stats    ] Concurrent Evacuation             74526 us
[2026-04-03T03:35:47.036+0600][26.013s][info][gc,stats    ] Pause Init Update Refs (G)          408 us
[2026-04-03T03:35:47.036+0600][26.013s][info][gc,stats    ] Pause Init Update Refs (N)          160 us
[2026-04-03T03:35:47.036+0600][26.013s][info][gc,stats    ]   Manage GCLABs                      52 us
[2026-04-03T03:35:47.036+0600][26.013s][info][gc,stats    ] Concurrent Update Refs           215955 us
[2026-04-03T03:35:47.036+0600][26.013s][info][gc,stats    ] Concurrent Update Thread Roots      919 us
[2026-04-03T03:35:47.036+0600][26.013s][info][gc,stats    ] Pause Final Update Refs (G)         637 us
[2026-04-03T03:35:47.036+0600][26.013s][info][gc,stats    ] Pause Final Update Refs (N)         280 us
[2026-04-03T03:35:47.036+0600][26.013s][info][gc,stats    ]   Update Region States               72 us
[2026-04-03T03:35:47.036+0600][26.013s][info][gc,stats    ]   Trash Collection Set               30 us
[2026-04-03T03:35:47.036+0600][26.013s][info][gc,stats    ]   Rebuild Free Set                   55 us
[2026-04-03T03:35:47.036+0600][26.013s][info][gc,stats    ] Concurrent Cleanup                  938 us
[2026-04-03T03:35:47.036+0600][26.013s][info][gc,stats    ] 
[2026-04-03T03:35:47.036+0600][26.013s][info][gc,stats    ] Allocation pacing accrued:
[2026-04-03T03:35:47.036+0600][26.013s][info][gc,stats    ]       0 of   749 ms (  0.0%): <total>
[2026-04-03T03:35:47.036+0600][26.013s][info][gc,stats    ]       0 of   749 ms (  0.0%): <average total>
[2026-04-03T03:35:47.036+0600][26.013s][info][gc,stats    ] 
[2026-04-03T03:35:47.036+0600][26.013s][info][gc,metaspace] Metaspace: 69798K(70592K)->69824K(70592K) NonClass: 60879K(61312K)->60903K(61312K) Class: 8919K(9280K)->8920K(9280K)
[2026-04-03T03:35:47.036+0600][26.013s][info][gc,ergo     ] Pacer for Idle. Initial: 35840K, Alloc Tax Rate: 1.0x
[2026-04-03T03:35:48.506+0600][27.483s][info][gc          ] Trigger: Average GC time (1263.40 ms) is above the time for average allocation rate (633 MB/s) to deplete free headroom (799M) (margin of error = 1.93)
[2026-04-03T03:35:48.507+0600][27.484s][info][gc,ergo     ] Free headroom: 1026M (free) - 89600K (spike) - 140M (penalties) = 799M
[2026-04-03T03:35:48.507+0600][27.484s][info][gc,ergo     ] Free: 1026M, Max: 512K regular, 332M humongous, Frag: 68% external, 0% internal; Reserve: 89600K, Max: 512K
[2026-04-03T03:35:48.507+0600][27.484s][info][gc,start    ] GC(17) Concurrent reset
[2026-04-03T03:35:48.507+0600][27.484s][info][gc,task     ] GC(17) Using 3 of 6 workers for concurrent reset
[2026-04-03T03:35:48.507+0600][27.484s][info][gc,ergo     ] GC(17) Pacer for Reset. Non-Taxable: 1750M
[2026-04-03T03:35:48.510+0600][27.486s][info][gc          ] GC(17) Concurrent reset 2.845ms
[2026-04-03T03:35:48.510+0600][27.487s][info][gc,start    ] GC(17) Pause Init Mark (unload classes)
[2026-04-03T03:35:48.510+0600][27.487s][info][gc,task     ] GC(17) Using 6 of 6 workers for init marking
[2026-04-03T03:35:48.510+0600][27.487s][info][gc,ergo     ] GC(17) Pacer for Mark. Expected Live: 181M, Free: 1024M, Non-Taxable: 102M, Alloc Tax Rate: 0.2x
[2026-04-03T03:35:48.510+0600][27.487s][info][gc          ] GC(17) Pause Init Mark (unload classes) 0.245ms
[2026-04-03T03:35:48.510+0600][27.487s][info][gc,start    ] GC(17) Concurrent marking roots
[2026-04-03T03:35:48.510+0600][27.487s][info][gc,task     ] GC(17) Using 3 of 6 workers for concurrent marking roots
[2026-04-03T03:35:48.511+0600][27.488s][info][gc          ] GC(17) Concurrent marking roots 0.867ms
[2026-04-03T03:35:48.511+0600][27.488s][info][gc,start    ] GC(17) Concurrent marking (unload classes)
[2026-04-03T03:35:48.511+0600][27.488s][info][gc,task     ] GC(17) Using 3 of 6 workers for concurrent marking
[2026-04-03T03:35:48.891+0600][27.868s][info][gc          ] GC(17) Concurrent marking (unload classes) 380.239ms
[2026-04-03T03:35:48.892+0600][27.869s][info][gc,start    ] GC(17) Pause Final Mark (unload classes)
[2026-04-03T03:35:48.892+0600][27.869s][info][gc,task     ] GC(17) Using 6 of 6 workers for final marking
[2026-04-03T03:35:48.892+0600][27.869s][info][gc,ergo     ] GC(17) Adaptive CSet Selection. Target Free: 247M, Actual Free: 1072M, Max CSet: 74666K, Min Garbage: 0B
[2026-04-03T03:35:48.893+0600][27.870s][info][gc,ergo     ] GC(17) Collectable Garbage: 387M (97%), Immediate: 142M (36%), CSet: 244M (61%)
[2026-04-03T03:35:48.893+0600][27.870s][info][gc,ergo     ] GC(17) Pacer for Evacuation. Used CSet: 317M, Free: 1000M, Non-Taxable: 100M, Alloc Tax Rate: 1.1x
[2026-04-03T03:35:48.893+0600][27.870s][info][gc          ] GC(17) Pause Final Mark (unload classes) 1.157ms
[2026-04-03T03:35:48.893+0600][27.870s][info][gc,start    ] GC(17) Concurrent thread roots
[2026-04-03T03:35:48.893+0600][27.870s][info][gc,task     ] GC(17) Using 3 of 6 workers for Concurrent thread roots
[2026-04-03T03:35:48.894+0600][27.871s][info][gc          ] GC(17) Concurrent thread roots 0.590ms
[2026-04-03T03:35:48.894+0600][27.871s][info][gc,start    ] GC(17) Concurrent weak references
[2026-04-03T03:35:48.894+0600][27.871s][info][gc,task     ] GC(17) Using 3 of 6 workers for concurrent weak references
[2026-04-03T03:35:48.894+0600][27.871s][info][gc,ref      ] GC(17) Encountered references: Soft: 3370, Weak: 6155, Final: 82, Phantom: 595
[2026-04-03T03:35:48.894+0600][27.871s][info][gc,ref      ] GC(17) Discovered  references: Soft: 0, Weak: 1227, Final: 0, Phantom: 592
[2026-04-03T03:35:48.894+0600][27.871s][info][gc,ref      ] GC(17) Enqueued    references: Soft: 0, Weak: 175, Final: 0, Phantom: 0
[2026-04-03T03:35:48.894+0600][27.871s][info][gc          ] GC(17) Concurrent weak references 0.327ms
[2026-04-03T03:35:48.894+0600][27.871s][info][gc,start    ] GC(17) Concurrent weak roots
[2026-04-03T03:35:48.894+0600][27.871s][info][gc,task     ] GC(17) Using 3 of 6 workers for concurrent weak root
[2026-04-03T03:35:48.897+0600][27.874s][info][gc          ] GC(17) Concurrent weak roots 2.643ms
[2026-04-03T03:35:48.897+0600][27.874s][info][gc,start    ] GC(17) Concurrent cleanup
[2026-04-03T03:35:48.898+0600][27.875s][info][gc          ] GC(17) Concurrent cleanup 799M->657M(1750M) 0.697ms
[2026-04-03T03:35:48.898+0600][27.875s][info][gc,ergo     ] GC(17) Free: 997M, Max: 512K regular, 607M humongous, Frag: 40% external, 0% internal; Reserve: 89434K, Max: 512K
[2026-04-03T03:35:48.898+0600][27.875s][info][gc,start    ] GC(17) Concurrent class unloading
[2026-04-03T03:35:48.898+0600][27.875s][info][gc,task     ] GC(17) Using 3 of 6 workers for concurrent class unloading
[2026-04-03T03:35:48.904+0600][27.881s][info][gc          ] GC(17) Concurrent class unloading 6.521ms
[2026-04-03T03:35:48.904+0600][27.881s][info][gc,start    ] GC(17) Concurrent strong roots
[2026-04-03T03:35:48.904+0600][27.881s][info][gc,task     ] GC(17) Using 3 of 6 workers for concurrent strong root
[2026-04-03T03:35:48.905+0600][27.882s][info][gc          ] GC(17) Concurrent strong roots 0.634ms
[2026-04-03T03:35:48.905+0600][27.882s][info][gc,start    ] GC(17) Concurrent evacuation
[2026-04-03T03:35:48.905+0600][27.882s][info][gc,task     ] GC(17) Using 3 of 6 workers for concurrent evacuation
[2026-04-03T03:35:48.961+0600][27.938s][info][gc          ] GC(17) Concurrent evacuation 55.985ms
[2026-04-03T03:35:48.961+0600][27.938s][info][gc,start    ] GC(17) Pause Init Update Refs
[2026-04-03T03:35:48.961+0600][27.938s][info][gc,ergo     ] GC(17) Pacer for Update Refs. Used: 764M, Free: 963M, Non-Taxable: 98707K, Alloc Tax Rate: 1.1x
[2026-04-03T03:35:48.961+0600][27.938s][info][gc          ] GC(17) Pause Init Update Refs 0.085ms
[2026-04-03T03:35:48.961+0600][27.938s][info][gc,start    ] GC(17) Concurrent update references
[2026-04-03T03:35:48.961+0600][27.938s][info][gc,task     ] GC(17) Using 3 of 6 workers for concurrent reference update
[2026-04-03T03:35:49.267+0600][28.244s][info][gc          ] GC(17) Concurrent update references 305.739ms
[2026-04-03T03:35:49.267+0600][28.244s][info][gc,start    ] GC(17) Concurrent update thread roots
[2026-04-03T03:35:49.268+0600][28.245s][info][gc          ] GC(17) Concurrent update thread roots 0.568ms
[2026-04-03T03:35:49.291+0600][28.268s][info][gc,start    ] GC(17) Pause Final Update Refs
[2026-04-03T03:35:49.291+0600][28.268s][info][gc,task     ] GC(17) Using 6 of 6 workers for final reference update
[2026-04-03T03:35:49.291+0600][28.268s][info][gc          ] GC(17) Pause Final Update Refs 0.227ms
[2026-04-03T03:35:49.291+0600][28.268s][info][gc,start    ] GC(17) Concurrent cleanup
[2026-04-03T03:35:49.292+0600][28.268s][info][gc          ] GC(17) Concurrent cleanup 980M->663M(1750M) 0.606ms
[2026-04-03T03:35:49.292+0600][28.269s][info][gc,ergo     ] Free: 987M, Max: 512K regular, 583M humongous, Frag: 41% external, 0% internal; Reserve: 89600K, Max: 512K
[2026-04-03T03:35:49.292+0600][28.269s][info][gc,stats    ] 
[2026-04-03T03:35:49.292+0600][28.269s][info][gc,stats    ] All times are wall-clock times, except per-root-class counters, that are sum over
[2026-04-03T03:35:49.292+0600][28.269s][info][gc,stats    ] all workers. Dividing the <total> over the root stage time estimates parallelism.
[2026-04-03T03:35:49.292+0600][28.269s][info][gc,stats    ] 
[2026-04-03T03:35:49.292+0600][28.269s][info][gc,stats    ] Concurrent Reset                   2925 us
[2026-04-03T03:35:49.292+0600][28.269s][info][gc,stats    ] Pause Init Mark (G)                 746 us
[2026-04-03T03:35:49.292+0600][28.269s][info][gc,stats    ] Pause Init Mark (N)                 263 us
[2026-04-03T03:35:49.292+0600][28.269s][info][gc,stats    ]   Update Region States               57 us
[2026-04-03T03:35:49.292+0600][28.269s][info][gc,stats    ] Concurrent Mark Roots               895 us, parallelism: 1.72x
[2026-04-03T03:35:49.292+0600][28.269s][info][gc,stats    ]   CMR: <total>                     1542 us
[2026-04-03T03:35:49.292+0600][28.269s][info][gc,stats    ]   CMR: Thread Roots                1312 us, workers (us): 309, 503, 500, ---, ---, ---, 
[2026-04-03T03:35:49.292+0600][28.269s][info][gc,stats    ]   CMR: VM Strong Roots               29 us, workers (us):  21,   8,   1, ---, ---, ---, 
[2026-04-03T03:35:49.292+0600][28.269s][info][gc,stats    ]   CMR: CLDG Roots                   200 us, workers (us): 200, ---, ---, ---, ---, ---, 
[2026-04-03T03:35:49.292+0600][28.269s][info][gc,stats    ] Concurrent Marking               380350 us
[2026-04-03T03:35:49.292+0600][28.269s][info][gc,stats    ] Pause Final Mark (G)               1592 us
[2026-04-03T03:35:49.292+0600][28.269s][info][gc,stats    ] Pause Final Mark (N)               1214 us
[2026-04-03T03:35:49.292+0600][28.269s][info][gc,stats    ]   Finish Mark                       246 us
[2026-04-03T03:35:49.292+0600][28.269s][info][gc,stats    ]   Update Region States              110 us
[2026-04-03T03:35:49.292+0600][28.269s][info][gc,stats    ]   Choose Collection Set             409 us
[2026-04-03T03:35:49.292+0600][28.269s][info][gc,stats    ]   Rebuild Free Set                   44 us
[2026-04-03T03:35:49.292+0600][28.269s][info][gc,stats    ] Concurrent Thread Roots             625 us, parallelism: 1.98x
[2026-04-03T03:35:49.292+0600][28.269s][info][gc,stats    ]   CTR: <total>                     1236 us
[2026-04-03T03:35:49.292+0600][28.269s][info][gc,stats    ]   CTR: Thread Roots                1236 us, workers (us): 461, 392, 384, ---, ---, ---, 
[2026-04-03T03:35:49.292+0600][28.269s][info][gc,stats    ] Concurrent Weak References          335 us, parallelism: 0.96x
[2026-04-03T03:35:49.292+0600][28.269s][info][gc,stats    ]   CWRF: <total>                     322 us
[2026-04-03T03:35:49.292+0600][28.269s][info][gc,stats    ]   CWRF: Weak References             322 us, workers (us): 235,  86,   2, ---, ---, ---, 
[2026-04-03T03:35:49.292+0600][28.269s][info][gc,stats    ] Concurrent Weak Roots              2715 us
[2026-04-03T03:35:49.292+0600][28.269s][info][gc,stats    ]   Roots                            2333 us, parallelism: 2.44x
[2026-04-03T03:35:49.292+0600][28.269s][info][gc,stats    ]     CWR: <total>                   5698 us
[2026-04-03T03:35:49.292+0600][28.269s][info][gc,stats    ]     CWR: Code Cache Roots          3658 us, workers (us): 1236, 1191, 1231, ---, ---, ---, 
[2026-04-03T03:35:49.292+0600][28.269s][info][gc,stats    ]     CWR: VM Weak Roots             1865 us, workers (us): 664, 618, 583, ---, ---, ---, 
[2026-04-03T03:35:49.292+0600][28.269s][info][gc,stats    ]     CWR: CLDG Roots                 174 us, workers (us): ---, 174, ---, ---, ---, ---, 
[2026-04-03T03:35:49.292+0600][28.269s][info][gc,stats    ]   Rendezvous                        290 us
[2026-04-03T03:35:49.292+0600][28.269s][info][gc,stats    ] Concurrent Cleanup                  714 us
[2026-04-03T03:35:49.292+0600][28.269s][info][gc,stats    ] Concurrent Class Unloading         6590 us
[2026-04-03T03:35:49.292+0600][28.269s][info][gc,stats    ]   Unlink Stale                     5212 us
[2026-04-03T03:35:49.292+0600][28.269s][info][gc,stats    ]     System Dictionary               132 us
[2026-04-03T03:35:49.292+0600][28.269s][info][gc,stats    ]     Weak Class Links                  0 us
[2026-04-03T03:35:49.292+0600][28.269s][info][gc,stats    ]     Code Roots                     5077 us
[2026-04-03T03:35:49.292+0600][28.269s][info][gc,stats    ]   Rendezvous                        108 us
[2026-04-03T03:35:49.292+0600][28.269s][info][gc,stats    ]   Purge Unlinked                   1177 us
[2026-04-03T03:35:49.292+0600][28.269s][info][gc,stats    ]     Code Roots                     1152 us
[2026-04-03T03:35:49.292+0600][28.269s][info][gc,stats    ]     CLDG                             24 us
[2026-04-03T03:35:49.292+0600][28.269s][info][gc,stats    ]     Exception Caches                  0 us
[2026-04-03T03:35:49.292+0600][28.269s][info][gc,stats    ] Concurrent Strong Roots             667 us, parallelism: 0.65x
[2026-04-03T03:35:49.292+0600][28.269s][info][gc,stats    ]   CSR: <total>                      434 us
[2026-04-03T03:35:49.292+0600][28.269s][info][gc,stats    ]   CSR: VM Strong Roots               22 us, workers (us):  20,   2,   1, ---, ---, ---, 
[2026-04-03T03:35:49.292+0600][28.269s][info][gc,stats    ]   CSR: CLDG Roots                   412 us, workers (us): 412, ---, ---, ---, ---, ---, 
[2026-04-03T03:35:49.292+0600][28.269s][info][gc,stats    ] Concurrent Evacuation             56063 us
[2026-04-03T03:35:49.292+0600][28.269s][info][gc,stats    ] Pause Init Update Refs (G)          315 us
[2026-04-03T03:35:49.292+0600][28.269s][info][gc,stats    ] Pause Init Update Refs (N)           95 us
[2026-04-03T03:35:49.292+0600][28.269s][info][gc,stats    ]   Manage GCLABs                      12 us
[2026-04-03T03:35:49.292+0600][28.269s][info][gc,stats    ] Concurrent Update Refs           305842 us
[2026-04-03T03:35:49.292+0600][28.269s][info][gc,stats    ] Concurrent Update Thread Roots    23356 us
[2026-04-03T03:35:49.292+0600][28.269s][info][gc,stats    ] Pause Final Update Refs (G)         447 us
[2026-04-03T03:35:49.292+0600][28.269s][info][gc,stats    ] Pause Final Update Refs (N)         241 us
[2026-04-03T03:35:49.292+0600][28.269s][info][gc,stats    ]   Update Region States               67 us
[2026-04-03T03:35:49.292+0600][28.269s][info][gc,stats    ]   Trash Collection Set               15 us
[2026-04-03T03:35:49.292+0600][28.269s][info][gc,stats    ]   Rebuild Free Set                   40 us
[2026-04-03T03:35:49.292+0600][28.269s][info][gc,stats    ] Concurrent Cleanup                  621 us
[2026-04-03T03:35:49.292+0600][28.269s][info][gc,stats    ] 
[2026-04-03T03:35:49.292+0600][28.269s][info][gc,stats    ] Allocation pacing accrued:
[2026-04-03T03:35:49.292+0600][28.269s][info][gc,stats    ]       0 of  2256 ms (  0.0%): <total>
[2026-04-03T03:35:49.292+0600][28.269s][info][gc,stats    ]       0 of  2256 ms (  0.0%): <average total>
[2026-04-03T03:35:49.292+0600][28.269s][info][gc,stats    ] 
[2026-04-03T03:35:49.292+0600][28.269s][info][gc,metaspace] Metaspace: 70016K(70848K)->70021K(70848K) NonClass: 61072K(61568K)->61076K(61568K) Class: 8944K(9280K)->8944K(9280K)
[2026-04-03T03:35:49.292+0600][28.269s][info][gc,ergo     ] Pacer for Idle. Initial: 35840K, Alloc Tax Rate: 1.0x
[2026-04-03T03:35:49.347+0600][28.323s][info][gc          ] Trigger: Average GC time (1186.07 ms) is above the time for average allocation rate (605 MB/s) to deplete free headroom (716M) (margin of error = 1.95)
[2026-04-03T03:35:49.347+0600][28.324s][info][gc,ergo     ] Free headroom: 926M (free) - 89600K (spike) - 122M (penalties) = 716M
[2026-04-03T03:35:49.347+0600][28.324s][info][gc,ergo     ] Free: 926M, Max: 512K regular, 583M humongous, Frag: 38% external, 0% internal; Reserve: 89600K, Max: 512K
[2026-04-03T03:35:49.347+0600][28.324s][info][gc,start    ] GC(18) Concurrent reset
[2026-04-03T03:35:49.347+0600][28.324s][info][gc,task     ] GC(18) Using 3 of 6 workers for concurrent reset
[2026-04-03T03:35:49.347+0600][28.324s][info][gc,ergo     ] GC(18) Pacer for Reset. Non-Taxable: 1750M
[2026-04-03T03:35:49.348+0600][28.325s][info][gc          ] GC(18) Concurrent reset 1.678ms
[2026-04-03T03:35:49.349+0600][28.326s][info][gc,start    ] GC(18) Pause Init Mark (unload classes)
[2026-04-03T03:35:49.349+0600][28.326s][info][gc,task     ] GC(18) Using 6 of 6 workers for init marking
[2026-04-03T03:35:49.349+0600][28.326s][info][gc,ergo     ] GC(18) Pacer for Mark. Expected Live: 219M, Free: 925M, Non-Taxable: 94771K, Alloc Tax Rate: 0.3x
[2026-04-03T03:35:49.349+0600][28.326s][info][gc          ] GC(18) Pause Init Mark (unload classes) 0.152ms
[2026-04-03T03:35:49.349+0600][28.326s][info][gc,start    ] GC(18) Concurrent marking roots
[2026-04-03T03:35:49.349+0600][28.326s][info][gc,task     ] GC(18) Using 3 of 6 workers for concurrent marking roots
[2026-04-03T03:35:49.349+0600][28.326s][info][gc          ] GC(18) Concurrent marking roots 0.660ms
[2026-04-03T03:35:49.349+0600][28.326s][info][gc,start    ] GC(18) Concurrent marking (unload classes)
[2026-04-03T03:35:49.349+0600][28.326s][info][gc,task     ] GC(18) Using 3 of 6 workers for concurrent marking
[2026-04-03T03:35:49.726+0600][28.702s][info][gc          ] GC(18) Concurrent marking (unload classes) 376.058ms
[2026-04-03T03:35:49.726+0600][28.703s][info][gc,start    ] GC(18) Pause Final Mark (unload classes)
[2026-04-03T03:35:49.726+0600][28.703s][info][gc,task     ] GC(18) Using 6 of 6 workers for final marking
[2026-04-03T03:35:49.726+0600][28.703s][info][gc,ergo     ] GC(18) Adaptive CSet Selection. Target Free: 247M, Actual Free: 849M, Max CSet: 74666K, Min Garbage: 0B
[2026-04-03T03:35:49.726+0600][28.703s][info][gc,ergo     ] GC(18) Collectable Garbage: 454M (98%), Immediate: 23552K (4%), CSet: 431M (93%)
[2026-04-03T03:35:49.726+0600][28.703s][info][gc,ergo     ] GC(18) Pacer for Evacuation. Used CSet: 504M, Free: 768M, Non-Taxable: 78643K, Alloc Tax Rate: 1.6x
[2026-04-03T03:35:49.726+0600][28.703s][info][gc          ] GC(18) Pause Final Mark (unload classes) 0.856ms
[2026-04-03T03:35:49.727+0600][28.704s][info][gc,start    ] GC(18) Concurrent thread roots
[2026-04-03T03:35:49.727+0600][28.704s][info][gc,task     ] GC(18) Using 3 of 6 workers for Concurrent thread roots
[2026-04-03T03:35:49.727+0600][28.704s][info][gc          ] GC(18) Concurrent thread roots 0.409ms
[2026-04-03T03:35:49.727+0600][28.704s][info][gc,start    ] GC(18) Concurrent weak references
[2026-04-03T03:35:49.727+0600][28.704s][info][gc,task     ] GC(18) Using 3 of 6 workers for concurrent weak references
[2026-04-03T03:35:49.728+0600][28.705s][info][gc,ref      ] GC(18) Encountered references: Soft: 3370, Weak: 5988, Final: 82, Phantom: 595
[2026-04-03T03:35:49.728+0600][28.705s][info][gc,ref      ] GC(18) Discovered  references: Soft: 0, Weak: 2557, Final: 50, Phantom: 592
[2026-04-03T03:35:49.728+0600][28.705s][info][gc,ref      ] GC(18) Enqueued    references: Soft: 0, Weak: 16, Final: 0, Phantom: 0
[2026-04-03T03:35:49.728+0600][28.705s][info][gc          ] GC(18) Concurrent weak references 0.610ms
[2026-04-03T03:35:49.728+0600][28.705s][info][gc,start    ] GC(18) Concurrent weak roots
[2026-04-03T03:35:49.728+0600][28.705s][info][gc,task     ] GC(18) Using 3 of 6 workers for concurrent weak root
[2026-04-03T03:35:49.729+0600][28.706s][info][gc          ] GC(18) Concurrent weak roots 1.469ms
[2026-04-03T03:35:49.729+0600][28.706s][info][gc,start    ] GC(18) Concurrent cleanup
[2026-04-03T03:35:49.730+0600][28.707s][info][gc          ] GC(18) Concurrent cleanup 912M->889M(1750M) 0.549ms
[2026-04-03T03:35:49.730+0600][28.707s][info][gc,ergo     ] GC(18) Free: 766M, Max: 512K regular, 583M humongous, Frag: 24% external, 0% internal; Reserve: 89337K, Max: 512K
[2026-04-03T03:35:49.730+0600][28.707s][info][gc,start    ] GC(18) Concurrent class unloading
[2026-04-03T03:35:49.730+0600][28.707s][info][gc,task     ] GC(18) Using 3 of 6 workers for concurrent class unloading
[2026-04-03T03:35:49.734+0600][28.711s][info][gc          ] GC(18) Concurrent class unloading 4.606ms
[2026-04-03T03:35:49.735+0600][28.711s][info][gc,start    ] GC(18) Concurrent strong roots
[2026-04-03T03:35:49.735+0600][28.711s][info][gc,task     ] GC(18) Using 3 of 6 workers for concurrent strong root
[2026-04-03T03:35:49.735+0600][28.712s][info][gc          ] GC(18) Concurrent strong roots 0.604ms
[2026-04-03T03:35:49.735+0600][28.712s][info][gc,start    ] GC(18) Concurrent evacuation
[2026-04-03T03:35:49.735+0600][28.712s][info][gc,task     ] GC(18) Using 3 of 6 workers for concurrent evacuation
[2026-04-03T03:35:49.800+0600][28.777s][info][gc          ] GC(18) Concurrent evacuation 64.844ms
[2026-04-03T03:35:49.800+0600][28.777s][info][gc,start    ] GC(18) Pause Init Update Refs
[2026-04-03T03:35:49.800+0600][28.777s][info][gc,ergo     ] GC(18) Pacer for Update Refs. Used: 1010M, Free: 719M, Non-Taxable: 73676K, Alloc Tax Rate: 1.7x
[2026-04-03T03:35:49.800+0600][28.777s][info][gc          ] GC(18) Pause Init Update Refs 0.139ms
[2026-04-03T03:35:49.800+0600][28.777s][info][gc,start    ] GC(18) Concurrent update references
[2026-04-03T03:35:49.801+0600][28.777s][info][gc,task     ] GC(18) Using 3 of 6 workers for concurrent reference update
[2026-04-03T03:35:50.073+0600][29.050s][info][gc          ] GC(18) Concurrent update references 273.051ms
[2026-04-03T03:35:50.074+0600][29.051s][info][gc,start    ] GC(18) Concurrent update thread roots
[2026-04-03T03:35:50.075+0600][29.052s][info][gc          ] GC(18) Concurrent update thread roots 0.991ms
[2026-04-03T03:35:50.075+0600][29.052s][info][gc,start    ] GC(18) Pause Final Update Refs
[2026-04-03T03:35:50.075+0600][29.052s][info][gc,task     ] GC(18) Using 6 of 6 workers for final reference update
[2026-04-03T03:35:50.075+0600][29.052s][info][gc          ] GC(18) Pause Final Update Refs 0.325ms
[2026-04-03T03:35:50.075+0600][29.052s][info][gc,start    ] GC(18) Concurrent cleanup
[2026-04-03T03:35:50.076+0600][29.053s][info][gc          ] GC(18) Concurrent cleanup 1205M->701M(1750M) 1.104ms
[2026-04-03T03:35:50.077+0600][29.053s][info][gc,ergo     ] Free: 954M, Max: 512K regular, 386M humongous, Frag: 60% external, 0% internal; Reserve: 89600K, Max: 512K
[2026-04-03T03:35:50.077+0600][29.054s][info][gc,stats    ] 
[2026-04-03T03:35:50.077+0600][29.054s][info][gc,stats    ] All times are wall-clock times, except per-root-class counters, that are sum over
[2026-04-03T03:35:50.077+0600][29.054s][info][gc,stats    ] all workers. Dividing the <total> over the root stage time estimates parallelism.
[2026-04-03T03:35:50.077+0600][29.054s][info][gc,stats    ] 
[2026-04-03T03:35:50.077+0600][29.054s][info][gc,stats    ] Concurrent Reset                   1717 us
[2026-04-03T03:35:50.077+0600][29.054s][info][gc,stats    ] Pause Init Mark (G)                 335 us
[2026-04-03T03:35:50.077+0600][29.054s][info][gc,stats    ] Pause Init Mark (N)                 162 us
[2026-04-03T03:35:50.077+0600][29.054s][info][gc,stats    ]   Update Region States               55 us
[2026-04-03T03:35:50.077+0600][29.054s][info][gc,stats    ] Concurrent Mark Roots               683 us, parallelism: 1.73x
[2026-04-03T03:35:50.077+0600][29.054s][info][gc,stats    ]   CMR: <total>                     1180 us
[2026-04-03T03:35:50.077+0600][29.054s][info][gc,stats    ]   CMR: Thread Roots                 981 us, workers (us): 230, 387, 364, ---, ---, ---, 
[2026-04-03T03:35:50.077+0600][29.054s][info][gc,stats    ]   CMR: VM Strong Roots               23 us, workers (us):  21,   2,   1, ---, ---, ---, 
[2026-04-03T03:35:50.077+0600][29.054s][info][gc,stats    ]   CMR: CLDG Roots                   176 us, workers (us): 176, ---, ---, ---, ---, ---, 
[2026-04-03T03:35:50.077+0600][29.054s][info][gc,stats    ] Concurrent Marking               376131 us
[2026-04-03T03:35:50.077+0600][29.054s][info][gc,stats    ] Pause Final Mark (G)               1068 us
[2026-04-03T03:35:50.077+0600][29.054s][info][gc,stats    ] Pause Final Mark (N)                869 us
[2026-04-03T03:35:50.077+0600][29.054s][info][gc,stats    ]   Finish Mark                       275 us
[2026-04-03T03:35:50.077+0600][29.054s][info][gc,stats    ]   Update Region States               55 us
[2026-04-03T03:35:50.077+0600][29.054s][info][gc,stats    ]   Choose Collection Set             402 us
[2026-04-03T03:35:50.077+0600][29.054s][info][gc,stats    ]   Rebuild Free Set                   54 us
[2026-04-03T03:35:50.077+0600][29.054s][info][gc,stats    ] Concurrent Thread Roots             429 us, parallelism: 2.02x
[2026-04-03T03:35:50.077+0600][29.054s][info][gc,stats    ]   CTR: <total>                      866 us
[2026-04-03T03:35:50.077+0600][29.054s][info][gc,stats    ]   CTR: Thread Roots                 866 us, workers (us): 293, 288, 284, ---, ---, ---, 
[2026-04-03T03:35:50.077+0600][29.054s][info][gc,stats    ] Concurrent Weak References          620 us, parallelism: 0.63x
[2026-04-03T03:35:50.077+0600][29.054s][info][gc,stats    ]   CWRF: <total>                     393 us
[2026-04-03T03:35:50.077+0600][29.054s][info][gc,stats    ]   CWRF: Weak References             393 us, workers (us):  73,   6, 315, ---, ---, ---, 
[2026-04-03T03:35:50.077+0600][29.054s][info][gc,stats    ] Concurrent Weak Roots              1515 us
[2026-04-03T03:35:50.077+0600][29.054s][info][gc,stats    ]   Roots                            1264 us, parallelism: 2.55x
[2026-04-03T03:35:50.077+0600][29.054s][info][gc,stats    ]     CWR: <total>                   3226 us
[2026-04-03T03:35:50.077+0600][29.054s][info][gc,stats    ]     CWR: Code Cache Roots          1933 us, workers (us): 673, 568, 692, ---, ---, ---, 
[2026-04-03T03:35:50.077+0600][29.054s][info][gc,stats    ]     CWR: VM Weak Roots             1205 us, workers (us): 415, 395, 395, ---, ---, ---, 
[2026-04-03T03:35:50.077+0600][29.054s][info][gc,stats    ]     CWR: CLDG Roots                  88 us, workers (us): ---,  88, ---, ---, ---, ---, 
[2026-04-03T03:35:50.077+0600][29.054s][info][gc,stats    ]   Rendezvous                        185 us
[2026-04-03T03:35:50.077+0600][29.054s][info][gc,stats    ] Concurrent Cleanup                  562 us
[2026-04-03T03:35:50.077+0600][29.054s][info][gc,stats    ] Concurrent Class Unloading         4649 us
[2026-04-03T03:35:50.077+0600][29.054s][info][gc,stats    ]   Unlink Stale                     4226 us
[2026-04-03T03:35:50.077+0600][29.054s][info][gc,stats    ]     System Dictionary                67 us
[2026-04-03T03:35:50.077+0600][29.054s][info][gc,stats    ]     Weak Class Links                  0 us
[2026-04-03T03:35:50.077+0600][29.054s][info][gc,stats    ]     Code Roots                     4156 us
[2026-04-03T03:35:50.077+0600][29.054s][info][gc,stats    ]   Rendezvous                        119 us
[2026-04-03T03:35:50.077+0600][29.054s][info][gc,stats    ]   Purge Unlinked                    240 us
[2026-04-03T03:35:50.077+0600][29.054s][info][gc,stats    ]     Code Roots                      232 us
[2026-04-03T03:35:50.077+0600][29.054s][info][gc,stats    ]     CLDG                              7 us
[2026-04-03T03:35:50.077+0600][29.054s][info][gc,stats    ]     Exception Caches                  0 us
[2026-04-03T03:35:50.077+0600][29.054s][info][gc,stats    ] Concurrent Strong Roots             627 us, parallelism: 0.65x
[2026-04-03T03:35:50.077+0600][29.054s][info][gc,stats    ]   CSR: <total>                      404 us
[2026-04-03T03:35:50.077+0600][29.054s][info][gc,stats    ]   CSR: VM Strong Roots               27 us, workers (us):  12,   9,   6, ---, ---, ---, 
[2026-04-03T03:35:50.077+0600][29.054s][info][gc,stats    ]   CSR: CLDG Roots                   377 us, workers (us): ---, 377, ---, ---, ---, ---, 
[2026-04-03T03:35:50.077+0600][29.054s][info][gc,stats    ] Concurrent Evacuation             64942 us
[2026-04-03T03:35:50.077+0600][29.054s][info][gc,stats    ] Pause Init Update Refs (G)          340 us
[2026-04-03T03:35:50.077+0600][29.054s][info][gc,stats    ] Pause Init Update Refs (N)          151 us
[2026-04-03T03:35:50.077+0600][29.054s][info][gc,stats    ]   Manage GCLABs                      41 us
[2026-04-03T03:35:50.077+0600][29.054s][info][gc,stats    ] Concurrent Update Refs           273182 us
[2026-04-03T03:35:50.077+0600][29.054s][info][gc,stats    ] Concurrent Update Thread Roots     1026 us
[2026-04-03T03:35:50.077+0600][29.054s][info][gc,stats    ] Pause Final Update Refs (G)         634 us
[2026-04-03T03:35:50.077+0600][29.054s][info][gc,stats    ] Pause Final Update Refs (N)         347 us
[2026-04-03T03:35:50.077+0600][29.054s][info][gc,stats    ]   Update Region States               77 us
[2026-04-03T03:35:50.077+0600][29.054s][info][gc,stats    ]   Trash Collection Set               26 us
[2026-04-03T03:35:50.077+0600][29.054s][info][gc,stats    ]   Rebuild Free Set                   41 us
[2026-04-03T03:35:50.077+0600][29.054s][info][gc,stats    ] Concurrent Cleanup                 1177 us
[2026-04-03T03:35:50.077+0600][29.054s][info][gc,stats    ] Pacing                           195800 us
[2026-04-03T03:35:50.077+0600][29.054s][info][gc,stats    ] 
[2026-04-03T03:35:50.077+0600][29.054s][info][gc,stats    ] Allocation pacing accrued:
[2026-04-03T03:35:50.077+0600][29.054s][info][gc,stats    ]       7 of   785 ms (  0.9%): executor-kill-mark-cleanup
[2026-04-03T03:35:50.077+0600][29.054s][info][gc,stats    ]      77 of   785 ms (  9.8%): Executor task launch worker for task 2.0 in stage 2.0 (TID 8)
[2026-04-03T03:35:50.077+0600][29.054s][info][gc,stats    ]      45 of   785 ms (  5.8%): Executor task launch worker for task 1.0 in stage 2.0 (TID 7)
[2026-04-03T03:35:50.077+0600][29.054s][info][gc,stats    ]      67 of   785 ms (  8.5%): Executor task launch worker for task 0.0 in stage 2.0 (TID 6)
[2026-04-03T03:35:50.077+0600][29.054s][info][gc,stats    ]     196 of   785 ms ( 24.9%): <total>
[2026-04-03T03:35:50.077+0600][29.054s][info][gc,stats    ]       2 of   785 ms (  0.3%): <average total>
[2026-04-03T03:35:50.077+0600][29.054s][info][gc,stats    ]      49 of   785 ms (  6.2%): <average non-zero>
[2026-04-03T03:35:50.077+0600][29.054s][info][gc,stats    ] 
[2026-04-03T03:35:50.077+0600][29.054s][info][gc,metaspace] Metaspace: 70021K(70848K)->70021K(70848K) NonClass: 61076K(61568K)->61076K(61568K) Class: 8944K(9280K)->8944K(9280K)
[2026-04-03T03:35:50.077+0600][29.054s][info][gc,ergo     ] Pacer for Idle. Initial: 35840K, Alloc Tax Rate: 1.0x
[2026-04-03T03:35:50.179+0600][29.156s][info][gc          ] Trigger: Average GC time (1060.79 ms) is above the time for average allocation rate (835 MB/s) to deplete free headroom (655M) (margin of error = 1.96)
[2026-04-03T03:35:50.179+0600][29.156s][info][gc,ergo     ] Free headroom: 847M (free) - 89600K (spike) - 105M (penalties) = 655M
[2026-04-03T03:35:50.179+0600][29.156s][info][gc,ergo     ] Free: 847M, Max: 512K regular, 386M humongous, Frag: 55% external, 0% internal; Reserve: 89600K, Max: 512K
[2026-04-03T03:35:50.179+0600][29.156s][info][gc,start    ] GC(19) Concurrent reset
[2026-04-03T03:35:50.179+0600][29.156s][info][gc,task     ] GC(19) Using 3 of 6 workers for concurrent reset
[2026-04-03T03:35:50.179+0600][29.156s][info][gc,ergo     ] GC(19) Pacer for Reset. Non-Taxable: 1750M
[2026-04-03T03:35:50.182+0600][29.159s][info][gc          ] GC(19) Concurrent reset 2.513ms
[2026-04-03T03:35:50.182+0600][29.159s][info][gc,start    ] GC(19) Pause Init Mark (unload classes)
[2026-04-03T03:35:50.182+0600][29.159s][info][gc,task     ] GC(19) Using 6 of 6 workers for init marking
[2026-04-03T03:35:50.182+0600][29.159s][info][gc,ergo     ] GC(19) Pacer for Mark. Expected Live: 263M, Free: 845M, Non-Taxable: 86528K, Alloc Tax Rate: 0.4x
[2026-04-03T03:35:50.182+0600][29.159s][info][gc          ] GC(19) Pause Init Mark (unload classes) 0.206ms
[2026-04-03T03:35:50.182+0600][29.159s][info][gc,start    ] GC(19) Concurrent marking roots
[2026-04-03T03:35:50.182+0600][29.159s][info][gc,task     ] GC(19) Using 3 of 6 workers for concurrent marking roots
[2026-04-03T03:35:50.183+0600][29.160s][info][gc          ] GC(19) Concurrent marking roots 1.095ms
[2026-04-03T03:35:50.183+0600][29.160s][info][gc,start    ] GC(19) Concurrent marking (unload classes)
[2026-04-03T03:35:50.183+0600][29.160s][info][gc,task     ] GC(19) Using 3 of 6 workers for concurrent marking
[2026-04-03T03:35:50.609+0600][29.586s][info][gc          ] GC(19) Concurrent marking (unload classes) 425.194ms
[2026-04-03T03:35:50.609+0600][29.586s][info][gc,start    ] GC(19) Pause Final Mark (unload classes)
[2026-04-03T03:35:50.609+0600][29.586s][info][gc,task     ] GC(19) Using 6 of 6 workers for final marking
[2026-04-03T03:35:50.609+0600][29.586s][info][gc,ergo     ] GC(19) Adaptive CSet Selection. Target Free: 247M, Actual Free: 766M, Max CSet: 74666K, Min Garbage: 0B
[2026-04-03T03:35:50.610+0600][29.586s][info][gc,ergo     ] GC(19) Collectable Garbage: 504M (98%), Immediate: 6144K (1%), CSet: 498M (97%)
[2026-04-03T03:35:50.610+0600][29.587s][info][gc,ergo     ] GC(19) Pacer for Evacuation. Used CSet: 543M, Free: 680M, Non-Taxable: 69683K, Alloc Tax Rate: 2.0x
[2026-04-03T03:35:50.610+0600][29.587s][info][gc          ] GC(19) Pause Final Mark (unload classes) 0.905ms
[2026-04-03T03:35:50.610+0600][29.587s][info][gc,start    ] GC(19) Concurrent thread roots
[2026-04-03T03:35:50.610+0600][29.587s][info][gc,task     ] GC(19) Using 3 of 6 workers for Concurrent thread roots
[2026-04-03T03:35:50.610+0600][29.587s][info][gc          ] GC(19) Concurrent thread roots 0.428ms
[2026-04-03T03:35:50.610+0600][29.587s][info][gc,start    ] GC(19) Concurrent weak references
[2026-04-03T03:35:50.610+0600][29.587s][info][gc,task     ] GC(19) Using 3 of 6 workers for concurrent weak references
[2026-04-03T03:35:50.610+0600][29.587s][info][gc,ref      ] GC(19) Encountered references: Soft: 3370, Weak: 5972, Final: 82, Phantom: 595
[2026-04-03T03:35:50.610+0600][29.587s][info][gc,ref      ] GC(19) Discovered  references: Soft: 0, Weak: 1161, Final: 0, Phantom: 592
[2026-04-03T03:35:50.610+0600][29.587s][info][gc,ref      ] GC(19) Enqueued    references: Soft: 0, Weak: 0, Final: 0, Phantom: 0
[2026-04-03T03:35:50.610+0600][29.587s][info][gc          ] GC(19) Concurrent weak references 0.252ms
[2026-04-03T03:35:50.610+0600][29.587s][info][gc,start    ] GC(19) Concurrent weak roots
[2026-04-03T03:35:50.610+0600][29.587s][info][gc,task     ] GC(19) Using 3 of 6 workers for concurrent weak root
[2026-04-03T03:35:50.612+0600][29.589s][info][gc          ] GC(19) Concurrent weak roots 1.680ms
[2026-04-03T03:35:50.612+0600][29.589s][info][gc,start    ] GC(19) Concurrent cleanup
[2026-04-03T03:35:50.612+0600][29.589s][info][gc          ] GC(19) Concurrent cleanup 982M->978M(1750M) 0.179ms
[2026-04-03T03:35:50.612+0600][29.589s][info][gc,ergo     ] GC(19) Free: 679M, Max: 512K regular, 386M humongous, Frag: 44% external, 0% internal; Reserve: 89319K, Max: 512K
[2026-04-03T03:35:50.612+0600][29.589s][info][gc,start    ] GC(19) Concurrent class unloading
[2026-04-03T03:35:50.612+0600][29.589s][info][gc,task     ] GC(19) Using 3 of 6 workers for concurrent class unloading
[2026-04-03T03:35:50.617+0600][29.593s][info][gc          ] GC(19) Concurrent class unloading 4.161ms
[2026-04-03T03:35:50.617+0600][29.594s][info][gc,start    ] GC(19) Concurrent strong roots
[2026-04-03T03:35:50.617+0600][29.594s][info][gc,task     ] GC(19) Using 3 of 6 workers for concurrent strong root
[2026-04-03T03:35:50.618+0600][29.595s][info][gc          ] GC(19) Concurrent strong roots 1.007ms
[2026-04-03T03:35:50.618+0600][29.595s][info][gc,start    ] GC(19) Concurrent evacuation
[2026-04-03T03:35:50.618+0600][29.595s][info][gc,task     ] GC(19) Using 3 of 6 workers for concurrent evacuation
[2026-04-03T03:35:50.667+0600][29.644s][info][gc          ] GC(19) Concurrent evacuation 49.432ms
[2026-04-03T03:35:50.667+0600][29.644s][info][gc,start    ] GC(19) Pause Init Update Refs
[2026-04-03T03:35:50.668+0600][29.645s][info][gc,ergo     ] GC(19) Pacer for Update Refs. Used: 1067M, Free: 636M, Non-Taxable: 65126K, Alloc Tax Rate: 2.1x
[2026-04-03T03:35:50.668+0600][29.645s][info][gc          ] GC(19) Pause Init Update Refs 0.125ms
[2026-04-03T03:35:50.668+0600][29.645s][info][gc,start    ] GC(19) Concurrent update references
[2026-04-03T03:35:50.668+0600][29.645s][info][gc,task     ] GC(19) Using 3 of 6 workers for concurrent reference update
[2026-04-03T03:35:50.936+0600][29.913s][info][gc          ] GC(19) Concurrent update references 268.502ms
[2026-04-03T03:35:50.936+0600][29.913s][info][gc,start    ] GC(19) Concurrent update thread roots
[2026-04-03T03:35:50.937+0600][29.914s][info][gc          ] GC(19) Concurrent update thread roots 0.920ms
[2026-04-03T03:35:50.938+0600][29.914s][info][gc,start    ] GC(19) Pause Final Update Refs
[2026-04-03T03:35:50.938+0600][29.915s][info][gc,task     ] GC(19) Using 6 of 6 workers for final reference update
[2026-04-03T03:35:50.938+0600][29.915s][info][gc          ] GC(19) Pause Final Update Refs 0.264ms
[2026-04-03T03:35:50.938+0600][29.915s][info][gc,start    ] GC(19) Concurrent cleanup
[2026-04-03T03:35:50.938+0600][29.915s][info][gc          ] GC(19) Concurrent cleanup 1215M->671M(1750M) 0.406ms
[2026-04-03T03:35:50.938+0600][29.915s][info][gc,ergo     ] Free: 984M, Max: 512K regular, 589M humongous, Frag: 41% external, 0% internal; Reserve: 89600K, Max: 512K
[2026-04-03T03:35:50.938+0600][29.915s][info][gc,stats    ] 
[2026-04-03T03:35:50.938+0600][29.915s][info][gc,stats    ] All times are wall-clock times, except per-root-class counters, that are sum over
[2026-04-03T03:35:50.938+0600][29.915s][info][gc,stats    ] all workers. Dividing the <total> over the root stage time estimates parallelism.
[2026-04-03T03:35:50.938+0600][29.915s][info][gc,stats    ] 
[2026-04-03T03:35:50.938+0600][29.915s][info][gc,stats    ] Concurrent Reset                   2626 us
[2026-04-03T03:35:50.939+0600][29.915s][info][gc,stats    ] Pause Init Mark (G)                 472 us
[2026-04-03T03:35:50.939+0600][29.915s][info][gc,stats    ] Pause Init Mark (N)                 221 us
[2026-04-03T03:35:50.939+0600][29.915s][info][gc,stats    ]   Update Region States               83 us
[2026-04-03T03:35:50.939+0600][29.915s][info][gc,stats    ] Concurrent Mark Roots              1189 us, parallelism: 1.36x
[2026-04-03T03:35:50.939+0600][29.915s][info][gc,stats    ]   CMR: <total>                     1615 us
[2026-04-03T03:35:50.939+0600][29.916s][info][gc,stats    ]   CMR: Thread Roots                1345 us, workers (us): 288, 492, 565, ---, ---, ---, 
[2026-04-03T03:35:50.939+0600][29.916s][info][gc,stats    ]   CMR: VM Strong Roots               32 us, workers (us):  29,   2,   1, ---, ---, ---, 
[2026-04-03T03:35:50.939+0600][29.916s][info][gc,stats    ]   CMR: CLDG Roots                   238 us, workers (us): 238, ---, ---, ---, ---, ---, 
[2026-04-03T03:35:50.939+0600][29.916s][info][gc,stats    ] Concurrent Marking               425274 us
[2026-04-03T03:35:50.939+0600][29.916s][info][gc,stats    ] Pause Final Mark (G)                989 us
[2026-04-03T03:35:50.939+0600][29.916s][info][gc,stats    ] Pause Final Mark (N)                917 us
[2026-04-03T03:35:50.939+0600][29.916s][info][gc,stats    ]   Finish Mark                       245 us
[2026-04-03T03:35:50.939+0600][29.916s][info][gc,stats    ]   Update Region States               55 us
[2026-04-03T03:35:50.939+0600][29.916s][info][gc,stats    ]   Choose Collection Set             447 us
[2026-04-03T03:35:50.939+0600][29.916s][info][gc,stats    ]   Rebuild Free Set                   29 us
[2026-04-03T03:35:50.939+0600][29.916s][info][gc,stats    ] Concurrent Thread Roots             458 us, parallelism: 1.61x
[2026-04-03T03:35:50.939+0600][29.916s][info][gc,stats    ]   CTR: <total>                      739 us
[2026-04-03T03:35:50.939+0600][29.916s][info][gc,stats    ]   CTR: Thread Roots                 739 us, workers (us): 256, 251, 231, ---, ---, ---, 
[2026-04-03T03:35:50.939+0600][29.916s][info][gc,stats    ] Concurrent Weak References          262 us, parallelism: 0.82x
[2026-04-03T03:35:50.939+0600][29.916s][info][gc,stats    ]   CWRF: <total>                     216 us
[2026-04-03T03:35:50.939+0600][29.916s][info][gc,stats    ]   CWRF: Weak References             216 us, workers (us): 100,  54,  62, ---, ---, ---, 
[2026-04-03T03:35:50.939+0600][29.916s][info][gc,stats    ] Concurrent Weak Roots              1755 us
[2026-04-03T03:35:50.939+0600][29.916s][info][gc,stats    ]   Roots                            1487 us, parallelism: 2.26x
[2026-04-03T03:35:50.939+0600][29.916s][info][gc,stats    ]     CWR: <total>                   3356 us
[2026-04-03T03:35:50.939+0600][29.916s][info][gc,stats    ]     CWR: Code Cache Roots          1800 us, workers (us): 661, 676, 463, ---, ---, ---, 
[2026-04-03T03:35:50.939+0600][29.916s][info][gc,stats    ]     CWR: VM Weak Roots             1417 us, workers (us): 515, 464, 438, ---, ---, ---, 
[2026-04-03T03:35:50.939+0600][29.916s][info][gc,stats    ]     CWR: CLDG Roots                 139 us, workers (us): ---, ---, 139, ---, ---, ---, 
[2026-04-03T03:35:50.939+0600][29.916s][info][gc,stats    ]   Rendezvous                        172 us
[2026-04-03T03:35:50.939+0600][29.916s][info][gc,stats    ] Concurrent Cleanup                  191 us
[2026-04-03T03:35:50.939+0600][29.916s][info][gc,stats    ] Concurrent Class Unloading         4232 us
[2026-04-03T03:35:50.939+0600][29.916s][info][gc,stats    ]   Unlink Stale                     3913 us
[2026-04-03T03:35:50.939+0600][29.916s][info][gc,stats    ]     System Dictionary               113 us
[2026-04-03T03:35:50.939+0600][29.916s][info][gc,stats    ]     Weak Class Links                  0 us
[2026-04-03T03:35:50.939+0600][29.916s][info][gc,stats    ]     Code Roots                     3796 us
[2026-04-03T03:35:50.939+0600][29.916s][info][gc,stats    ]   Rendezvous                        210 us
[2026-04-03T03:35:50.939+0600][29.916s][info][gc,stats    ]   Purge Unlinked                     10 us
[2026-04-03T03:35:50.939+0600][29.916s][info][gc,stats    ]     Code Roots                        2 us
[2026-04-03T03:35:50.939+0600][29.916s][info][gc,stats    ]     CLDG                              7 us
[2026-04-03T03:35:50.939+0600][29.916s][info][gc,stats    ]     Exception Caches                  0 us
[2026-04-03T03:35:50.939+0600][29.916s][info][gc,stats    ] Concurrent Strong Roots            1114 us, parallelism: 0.60x
[2026-04-03T03:35:50.939+0600][29.916s][info][gc,stats    ]   CSR: <total>                      664 us
[2026-04-03T03:35:50.939+0600][29.916s][info][gc,stats    ]   CSR: VM Strong Roots               37 us, workers (us):  18,  19,   0, ---, ---, ---, 
[2026-04-03T03:35:50.939+0600][29.916s][info][gc,stats    ]   CSR: CLDG Roots                   627 us, workers (us): 627, ---, ---, ---, ---, ---, 
[2026-04-03T03:35:50.939+0600][29.916s][info][gc,stats    ] Concurrent Evacuation             49541 us
[2026-04-03T03:35:50.939+0600][29.916s][info][gc,stats    ] Pause Init Update Refs (G)          505 us
[2026-04-03T03:35:50.939+0600][29.916s][info][gc,stats    ] Pause Init Update Refs (N)          142 us
[2026-04-03T03:35:50.939+0600][29.916s][info][gc,stats    ]   Manage GCLABs                      54 us
[2026-04-03T03:35:50.939+0600][29.916s][info][gc,stats    ] Concurrent Update Refs           268615 us
[2026-04-03T03:35:50.939+0600][29.916s][info][gc,stats    ] Concurrent Update Thread Roots      969 us
[2026-04-03T03:35:50.939+0600][29.916s][info][gc,stats    ] Pause Final Update Refs (G)         570 us
[2026-04-03T03:35:50.939+0600][29.916s][info][gc,stats    ] Pause Final Update Refs (N)         288 us
[2026-04-03T03:35:50.939+0600][29.916s][info][gc,stats    ]   Update Region States               98 us
[2026-04-03T03:35:50.939+0600][29.916s][info][gc,stats    ]   Trash Collection Set               28 us
[2026-04-03T03:35:50.939+0600][29.916s][info][gc,stats    ]   Rebuild Free Set                   43 us
[2026-04-03T03:35:50.939+0600][29.916s][info][gc,stats    ] Concurrent Cleanup                  432 us
[2026-04-03T03:35:50.939+0600][29.916s][info][gc,stats    ] Pacing                           523859 us
[2026-04-03T03:35:50.939+0600][29.916s][info][gc,stats    ] 
[2026-04-03T03:35:50.939+0600][29.916s][info][gc,stats    ] Allocation pacing accrued:
[2026-04-03T03:35:50.939+0600][29.916s][info][gc,stats    ]     176 of   862 ms ( 20.4%): Executor task launch worker for task 2.0 in stage 2.0 (TID 8)
[2026-04-03T03:35:50.939+0600][29.916s][info][gc,stats    ]     174 of   862 ms ( 20.2%): Executor task launch worker for task 1.0 in stage 2.0 (TID 7)
[2026-04-03T03:35:50.939+0600][29.916s][info][gc,stats    ]     174 of   862 ms ( 20.2%): Executor task launch worker for task 0.0 in stage 2.0 (TID 6)
[2026-04-03T03:35:50.939+0600][29.916s][info][gc,stats    ]     524 of   862 ms ( 60.8%): <total>
[2026-04-03T03:35:50.939+0600][29.916s][info][gc,stats    ]       7 of   862 ms (  0.8%): <average total>
[2026-04-03T03:35:50.939+0600][29.916s][info][gc,stats    ]     175 of   862 ms ( 20.3%): <average non-zero>
[2026-04-03T03:35:50.939+0600][29.916s][info][gc,stats    ] 
[2026-04-03T03:35:50.939+0600][29.916s][info][gc,metaspace] Metaspace: 70021K(70848K)->70021K(70848K) NonClass: 61076K(61568K)->61077K(61568K) Class: 8944K(9280K)->8944K(9280K)
[2026-04-03T03:35:50.939+0600][29.916s][info][gc,ergo     ] Pacer for Idle. Initial: 35840K, Alloc Tax Rate: 1.0x
[2026-04-03T03:35:52.228+0600][31.205s][info][gc          ] Trigger: Average GC time (985.92 ms) is above the time for average allocation rate (486 MB/s) to deplete free headroom (478M) (margin of error = 1.97)
[2026-04-03T03:35:52.228+0600][31.205s][info][gc,ergo     ] Free headroom: 653M (free) - 89600K (spike) - 89600K (penalties) = 478M
[2026-04-03T03:35:52.228+0600][31.205s][info][gc,ergo     ] Free: 653M, Max: 512K regular, 588M humongous, Frag: 10% external, 0% internal; Reserve: 89600K, Max: 512K
[2026-04-03T03:35:52.228+0600][31.205s][info][gc,start    ] GC(20) Concurrent reset
[2026-04-03T03:35:52.228+0600][31.205s][info][gc,task     ] GC(20) Using 3 of 6 workers for concurrent reset
[2026-04-03T03:35:52.228+0600][31.205s][info][gc,ergo     ] GC(20) Pacer for Reset. Non-Taxable: 1750M
[2026-04-03T03:35:52.232+0600][31.209s][info][gc          ] GC(20) Concurrent reset 3.477ms
[2026-04-03T03:35:52.232+0600][31.209s][info][gc,start    ] GC(20) Pause Init Mark (unload classes)
[2026-04-03T03:35:52.232+0600][31.209s][info][gc,task     ] GC(20) Using 6 of 6 workers for init marking
[2026-04-03T03:35:52.232+0600][31.209s][info][gc,ergo     ] GC(20) Pacer for Mark. Expected Live: 267M, Free: 649M, Non-Taxable: 66508K, Alloc Tax Rate: 0.5x
[2026-04-03T03:35:52.232+0600][31.209s][info][gc          ] GC(20) Pause Init Mark (unload classes) 0.203ms
[2026-04-03T03:35:52.233+0600][31.209s][info][gc,start    ] GC(20) Concurrent marking roots
[2026-04-03T03:35:52.233+0600][31.210s][info][gc,task     ] GC(20) Using 3 of 6 workers for concurrent marking roots
[2026-04-03T03:35:52.233+0600][31.210s][info][gc          ] GC(20) Concurrent marking roots 0.927ms
[2026-04-03T03:35:52.233+0600][31.210s][info][gc,start    ] GC(20) Concurrent marking (unload classes)
[2026-04-03T03:35:52.233+0600][31.210s][info][gc,task     ] GC(20) Using 3 of 6 workers for concurrent marking
[2026-04-03T03:35:52.529+0600][31.506s][info][gc          ] GC(20) Concurrent marking (unload classes) 295.149ms
[2026-04-03T03:35:52.529+0600][31.506s][info][gc,start    ] GC(20) Pause Final Mark (unload classes)
[2026-04-03T03:35:52.529+0600][31.506s][info][gc,task     ] GC(20) Using 6 of 6 workers for final marking
[2026-04-03T03:35:52.529+0600][31.506s][info][gc,ergo     ] GC(20) Adaptive CSet Selection. Target Free: 247M, Actual Free: 1317M, Max CSet: 74666K, Min Garbage: 0B
[2026-04-03T03:35:52.530+0600][31.507s][info][gc,ergo     ] GC(20) Collectable Garbage: 808M (99%), Immediate: 669M (82%), CSet: 139M (17%)
[2026-04-03T03:35:52.530+0600][31.507s][info][gc,ergo     ] GC(20) Pacer for Evacuation. Used CSet: 167M, Free: 1246M, Non-Taxable: 124M, Alloc Tax Rate: 1.1x
[2026-04-03T03:35:52.530+0600][31.507s][info][gc          ] GC(20) Pause Final Mark (unload classes) 0.720ms
[2026-04-03T03:35:52.530+0600][31.507s][info][gc,start    ] GC(20) Concurrent thread roots
[2026-04-03T03:35:52.530+0600][31.507s][info][gc,task     ] GC(20) Using 3 of 6 workers for Concurrent thread roots
[2026-04-03T03:35:52.531+0600][31.508s][info][gc          ] GC(20) Concurrent thread roots 0.821ms
[2026-04-03T03:35:52.531+0600][31.508s][info][gc,start    ] GC(20) Concurrent weak references
[2026-04-03T03:35:52.531+0600][31.508s][info][gc,task     ] GC(20) Using 3 of 6 workers for concurrent weak references
[2026-04-03T03:35:52.531+0600][31.508s][info][gc,ref      ] GC(20) Encountered references: Soft: 3374, Weak: 6240, Final: 82, Phantom: 595
[2026-04-03T03:35:52.531+0600][31.508s][info][gc,ref      ] GC(20) Discovered  references: Soft: 0, Weak: 1452, Final: 0, Phantom: 592
[2026-04-03T03:35:52.531+0600][31.508s][info][gc,ref      ] GC(20) Enqueued    references: Soft: 0, Weak: 8, Final: 0, Phantom: 0
[2026-04-03T03:35:52.531+0600][31.508s][info][gc          ] GC(20) Concurrent weak references 0.457ms
[2026-04-03T03:35:52.531+0600][31.508s][info][gc,start    ] GC(20) Concurrent weak roots
[2026-04-03T03:35:52.531+0600][31.508s][info][gc,task     ] GC(20) Using 3 of 6 workers for concurrent weak root
[2026-04-03T03:35:52.534+0600][31.511s][info][gc          ] GC(20) Concurrent weak roots 2.903ms
[2026-04-03T03:35:52.534+0600][31.511s][info][gc,start    ] GC(20) Concurrent cleanup
[2026-04-03T03:35:52.535+0600][31.512s][info][gc          ] GC(20) Concurrent cleanup 1080M->411M(1750M) 0.602ms
[2026-04-03T03:35:52.535+0600][31.512s][info][gc,ergo     ] GC(20) Free: 1243M, Max: 512K regular, 494M humongous, Frag: 61% external, 0% internal; Reserve: 89156K, Max: 512K
[2026-04-03T03:35:52.535+0600][31.512s][info][gc,start    ] GC(20) Concurrent class unloading
[2026-04-03T03:35:52.535+0600][31.512s][info][gc,task     ] GC(20) Using 3 of 6 workers for concurrent class unloading
[2026-04-03T03:35:52.542+0600][31.519s][info][gc          ] GC(20) Concurrent class unloading 7.382ms
[2026-04-03T03:35:52.542+0600][31.519s][info][gc,start    ] GC(20) Concurrent strong roots
[2026-04-03T03:35:52.542+0600][31.519s][info][gc,task     ] GC(20) Using 3 of 6 workers for concurrent strong root
[2026-04-03T03:35:52.543+0600][31.520s][info][gc          ] GC(20) Concurrent strong roots 1.000ms
[2026-04-03T03:35:52.543+0600][31.520s][info][gc,start    ] GC(20) Concurrent evacuation
[2026-04-03T03:35:52.543+0600][31.520s][info][gc,task     ] GC(20) Using 3 of 6 workers for concurrent evacuation
[2026-04-03T03:35:52.574+0600][31.551s][info][gc          ] GC(20) Concurrent evacuation 30.827ms
[2026-04-03T03:35:52.575+0600][31.552s][info][gc,start    ] GC(20) Pause Init Update Refs
[2026-04-03T03:35:52.575+0600][31.552s][info][gc,ergo     ] GC(20) Pacer for Update Refs. Used: 455M, Free: 1228M, Non-Taxable: 122M, Alloc Tax Rate: 1.1x
[2026-04-03T03:35:52.575+0600][31.552s][info][gc          ] GC(20) Pause Init Update Refs 0.169ms
[2026-04-03T03:35:52.575+0600][31.552s][info][gc,start    ] GC(20) Concurrent update references
[2026-04-03T03:35:52.575+0600][31.552s][info][gc,task     ] GC(20) Using 3 of 6 workers for concurrent reference update
[2026-04-03T03:35:52.755+0600][31.732s][info][gc          ] GC(20) Concurrent update references 180.196ms
[2026-04-03T03:35:52.755+0600][31.732s][info][gc,start    ] GC(20) Concurrent update thread roots
[2026-04-03T03:35:52.756+0600][31.733s][info][gc          ] GC(20) Concurrent update thread roots 0.987ms
[2026-04-03T03:35:52.756+0600][31.733s][info][gc,start    ] GC(20) Pause Final Update Refs
[2026-04-03T03:35:52.757+0600][31.733s][info][gc,task     ] GC(20) Using 6 of 6 workers for final reference update
[2026-04-03T03:35:52.757+0600][31.734s][info][gc          ] GC(20) Pause Final Update Refs 0.269ms
[2026-04-03T03:35:52.757+0600][31.734s][info][gc,start    ] GC(20) Concurrent cleanup
[2026-04-03T03:35:52.757+0600][31.734s][info][gc          ] GC(20) Concurrent cleanup 500M->332M(1750M) 0.310ms
[2026-04-03T03:35:52.757+0600][31.734s][info][gc,ergo     ] Free: 1319M, Max: 512K regular, 494M humongous, Frag: 63% external, 0% internal; Reserve: 89600K, Max: 512K
[2026-04-03T03:35:52.757+0600][31.734s][info][gc,stats    ] 
[2026-04-03T03:35:52.757+0600][31.734s][info][gc,stats    ] All times are wall-clock times, except per-root-class counters, that are sum over
[2026-04-03T03:35:52.757+0600][31.734s][info][gc,stats    ] all workers. Dividing the <total> over the root stage time estimates parallelism.
[2026-04-03T03:35:52.757+0600][31.734s][info][gc,stats    ] 
[2026-04-03T03:35:52.757+0600][31.734s][info][gc,stats    ] Concurrent Reset                   3577 us
[2026-04-03T03:35:52.757+0600][31.734s][info][gc,stats    ] Pause Init Mark (G)                 570 us
[2026-04-03T03:35:52.757+0600][31.734s][info][gc,stats    ] Pause Init Mark (N)                 218 us
[2026-04-03T03:35:52.757+0600][31.734s][info][gc,stats    ]   Update Region States               60 us
[2026-04-03T03:35:52.757+0600][31.734s][info][gc,stats    ] Concurrent Mark Roots               959 us, parallelism: 1.66x
[2026-04-03T03:35:52.757+0600][31.734s][info][gc,stats    ]   CMR: <total>                     1597 us
[2026-04-03T03:35:52.757+0600][31.734s][info][gc,stats    ]   CMR: Thread Roots                1376 us, workers (us): 339, 533, 503, ---, ---, ---, 
[2026-04-03T03:35:52.757+0600][31.734s][info][gc,stats    ]   CMR: VM Strong Roots               23 us, workers (us):  21,   1,   1, ---, ---, ---, 
[2026-04-03T03:35:52.757+0600][31.734s][info][gc,stats    ]   CMR: CLDG Roots                   198 us, workers (us): 198, ---, ---, ---, ---, ---, 
[2026-04-03T03:35:52.758+0600][31.734s][info][gc,stats    ] Concurrent Marking               295254 us
[2026-04-03T03:35:52.758+0600][31.734s][info][gc,stats    ] Pause Final Mark (G)               1101 us
[2026-04-03T03:35:52.758+0600][31.734s][info][gc,stats    ] Pause Final Mark (N)                733 us
[2026-04-03T03:35:52.758+0600][31.734s][info][gc,stats    ]   Finish Mark                       244 us
[2026-04-03T03:35:52.758+0600][31.734s][info][gc,stats    ]   Update Region States               65 us
[2026-04-03T03:35:52.758+0600][31.735s][info][gc,stats    ]   Choose Collection Set             259 us
[2026-04-03T03:35:52.758+0600][31.735s][info][gc,stats    ]   Rebuild Free Set                   48 us
[2026-04-03T03:35:52.758+0600][31.735s][info][gc,stats    ] Concurrent Thread Roots             901 us, parallelism: 2.06x
[2026-04-03T03:35:52.758+0600][31.735s][info][gc,stats    ]   CTR: <total>                     1861 us
[2026-04-03T03:35:52.758+0600][31.735s][info][gc,stats    ]   CTR: Thread Roots                1861 us, workers (us): 639, 638, 584, ---, ---, ---, 
[2026-04-03T03:35:52.758+0600][31.735s][info][gc,stats    ] Concurrent Weak References          471 us, parallelism: 0.75x
[2026-04-03T03:35:52.758+0600][31.735s][info][gc,stats    ]   CWRF: <total>                     355 us
[2026-04-03T03:35:52.758+0600][31.735s][info][gc,stats    ]   CWRF: Weak References             355 us, workers (us): 240,  97,  18, ---, ---, ---, 
[2026-04-03T03:35:52.758+0600][31.735s][info][gc,stats    ] Concurrent Weak Roots              2984 us
[2026-04-03T03:35:52.758+0600][31.735s][info][gc,stats    ]   Roots                            2620 us, parallelism: 2.55x
[2026-04-03T03:35:52.758+0600][31.735s][info][gc,stats    ]     CWR: <total>                   6680 us
[2026-04-03T03:35:52.758+0600][31.735s][info][gc,stats    ]     CWR: Code Cache Roots          3447 us, workers (us): 1126, 1130, 1191, ---, ---, ---, 
[2026-04-03T03:35:52.758+0600][31.735s][info][gc,stats    ]     CWR: VM Weak Roots             3078 us, workers (us): 1034, 1027, 1017, ---, ---, ---, 
[2026-04-03T03:35:52.758+0600][31.735s][info][gc,stats    ]     CWR: CLDG Roots                 154 us, workers (us): 154, ---, ---, ---, ---, ---, 
[2026-04-03T03:35:52.758+0600][31.735s][info][gc,stats    ]   Rendezvous                        252 us
[2026-04-03T03:35:52.758+0600][31.735s][info][gc,stats    ] Concurrent Cleanup                  636 us
[2026-04-03T03:35:52.758+0600][31.735s][info][gc,stats    ] Concurrent Class Unloading         7483 us
[2026-04-03T03:35:52.758+0600][31.735s][info][gc,stats    ]   Unlink Stale                     6510 us
[2026-04-03T03:35:52.758+0600][31.735s][info][gc,stats    ]     System Dictionary               169 us
[2026-04-03T03:35:52.758+0600][31.735s][info][gc,stats    ]     Weak Class Links                  1 us
[2026-04-03T03:35:52.758+0600][31.735s][info][gc,stats    ]     Code Roots                     6336 us
[2026-04-03T03:35:52.758+0600][31.735s][info][gc,stats    ]   Rendezvous                        158 us
[2026-04-03T03:35:52.758+0600][31.735s][info][gc,stats    ]   Purge Unlinked                    671 us
[2026-04-03T03:35:52.758+0600][31.735s][info][gc,stats    ]     Code Roots                      653 us
[2026-04-03T03:35:52.758+0600][31.735s][info][gc,stats    ]     CLDG                             17 us
[2026-04-03T03:35:52.758+0600][31.735s][info][gc,stats    ]     Exception Caches                  0 us
[2026-04-03T03:35:52.758+0600][31.735s][info][gc,stats    ] Concurrent Strong Roots            1058 us, parallelism: 0.64x
[2026-04-03T03:35:52.758+0600][31.735s][info][gc,stats    ]   CSR: <total>                      675 us
[2026-04-03T03:35:52.758+0600][31.735s][info][gc,stats    ]   CSR: VM Strong Roots               26 us, workers (us):  24,   2,   0, ---, ---, ---, 
[2026-04-03T03:35:52.758+0600][31.735s][info][gc,stats    ]   CSR: CLDG Roots                   649 us, workers (us): 649, ---, ---, ---, ---, ---, 
[2026-04-03T03:35:52.758+0600][31.735s][info][gc,stats    ] Concurrent Evacuation             30941 us
[2026-04-03T03:35:52.758+0600][31.735s][info][gc,stats    ] Pause Init Update Refs (G)          538 us
[2026-04-03T03:35:52.758+0600][31.735s][info][gc,stats    ] Pause Init Update Refs (N)          188 us
[2026-04-03T03:35:52.758+0600][31.735s][info][gc,stats    ]   Manage GCLABs                      71 us
[2026-04-03T03:35:52.758+0600][31.735s][info][gc,stats    ] Concurrent Update Refs           180302 us
[2026-04-03T03:35:52.758+0600][31.735s][info][gc,stats    ] Concurrent Update Thread Roots     1052 us
[2026-04-03T03:35:52.758+0600][31.735s][info][gc,stats    ] Pause Final Update Refs (G)         585 us
[2026-04-03T03:35:52.758+0600][31.735s][info][gc,stats    ] Pause Final Update Refs (N)         292 us
[2026-04-03T03:35:52.758+0600][31.735s][info][gc,stats    ]   Update Region States               77 us
[2026-04-03T03:35:52.758+0600][31.735s][info][gc,stats    ]   Trash Collection Set               18 us
[2026-04-03T03:35:52.758+0600][31.735s][info][gc,stats    ]   Rebuild Free Set                   68 us
[2026-04-03T03:35:52.758+0600][31.735s][info][gc,stats    ] Concurrent Cleanup                  337 us
[2026-04-03T03:35:52.758+0600][31.735s][info][gc,stats    ] 
[2026-04-03T03:35:52.758+0600][31.735s][info][gc,stats    ] Allocation pacing accrued:
[2026-04-03T03:35:52.758+0600][31.735s][info][gc,stats    ]       0 of  1819 ms (  0.0%): <total>
[2026-04-03T03:35:52.758+0600][31.735s][info][gc,stats    ]       0 of  1819 ms (  0.0%): <average total>
[2026-04-03T03:35:52.758+0600][31.735s][info][gc,stats    ] 
[2026-04-03T03:35:52.758+0600][31.735s][info][gc,metaspace] Metaspace: 70108K(70976K)->70551K(71424K) NonClass: 61158K(61632K)->61515K(62016K) Class: 8950K(9344K)->9036K(9408K)
[2026-04-03T03:35:52.758+0600][31.735s][info][gc,ergo     ] Pacer for Idle. Initial: 35840K, Alloc Tax Rate: 1.0x
[2026-04-03T03:35:54.769+0600][33.746s][info][gc          ] Trigger: Average GC time (904.05 ms) is above the time for average allocation rate (616 MB/s) to deplete free headroom (494M) (margin of error = 1.97)
[2026-04-03T03:35:54.769+0600][33.746s][info][gc,ergo     ] Free headroom: 652M (free) - 89600K (spike) - 71680K (penalties) = 494M
[2026-04-03T03:35:54.769+0600][33.746s][info][gc,ergo     ] Free: 652M, Max: 512K regular, 477M humongous, Frag: 27% external, 0% internal; Reserve: 89600K, Max: 512K
[2026-04-03T03:35:54.769+0600][33.746s][info][gc,start    ] GC(21) Concurrent reset
[2026-04-03T03:35:54.769+0600][33.746s][info][gc,task     ] GC(21) Using 3 of 6 workers for concurrent reset
[2026-04-03T03:35:54.769+0600][33.746s][info][gc,ergo     ] GC(21) Pacer for Reset. Non-Taxable: 1750M
[2026-04-03T03:35:54.770+0600][33.747s][info][gc          ] GC(21) Concurrent reset 1.427ms
[2026-04-03T03:35:54.771+0600][33.747s][info][gc,start    ] GC(21) Pause Init Mark (unload classes)
[2026-04-03T03:35:54.771+0600][33.748s][info][gc,task     ] GC(21) Using 6 of 6 workers for init marking
[2026-04-03T03:35:54.771+0600][33.748s][info][gc,ergo     ] GC(21) Pacer for Mark. Expected Live: 242M, Free: 651M, Non-Taxable: 66714K, Alloc Tax Rate: 0.5x
[2026-04-03T03:35:54.771+0600][33.748s][info][gc          ] GC(21) Pause Init Mark (unload classes) 0.364ms
[2026-04-03T03:35:54.771+0600][33.748s][info][gc,start    ] GC(21) Concurrent marking roots
[2026-04-03T03:35:54.771+0600][33.748s][info][gc,task     ] GC(21) Using 3 of 6 workers for concurrent marking roots
[2026-04-03T03:35:54.772+0600][33.749s][info][gc          ] GC(21) Concurrent marking roots 1.213ms
[2026-04-03T03:35:54.772+0600][33.749s][info][gc,start    ] GC(21) Concurrent marking (unload classes)
[2026-04-03T03:35:54.772+0600][33.749s][info][gc,task     ] GC(21) Using 3 of 6 workers for concurrent marking
[2026-04-03T03:35:55.030+0600][34.007s][info][gc          ] GC(21) Concurrent marking (unload classes) 258.052ms
[2026-04-03T03:35:55.031+0600][34.008s][info][gc,start    ] GC(21) Pause Final Mark (unload classes)
[2026-04-03T03:35:55.031+0600][34.008s][info][gc,task     ] GC(21) Using 6 of 6 workers for final marking
[2026-04-03T03:35:55.032+0600][34.009s][info][gc,ergo     ] GC(21) Adaptive CSet Selection. Target Free: 247M, Actual Free: 1248M, Max CSet: 74666K, Min Garbage: 0B
[2026-04-03T03:35:55.032+0600][34.009s][info][gc,ergo     ] GC(21) Collectable Garbage: 814M (99%), Immediate: 608M (74%), CSet: 206M (25%)
[2026-04-03T03:35:55.032+0600][34.009s][info][gc,ergo     ] GC(21) Pacer for Evacuation. Used CSet: 228M, Free: 1180M, Non-Taxable: 118M, Alloc Tax Rate: 1.1x
[2026-04-03T03:35:55.032+0600][34.009s][info][gc          ] GC(21) Pause Final Mark (unload classes) 1.425ms
[2026-04-03T03:35:55.032+0600][34.009s][info][gc,start    ] GC(21) Concurrent thread roots
[2026-04-03T03:35:55.032+0600][34.009s][info][gc,task     ] GC(21) Using 3 of 6 workers for Concurrent thread roots
[2026-04-03T03:35:55.033+0600][34.010s][info][gc          ] GC(21) Concurrent thread roots 0.709ms
[2026-04-03T03:35:55.033+0600][34.010s][info][gc,start    ] GC(21) Concurrent weak references
[2026-04-03T03:35:55.033+0600][34.010s][info][gc,task     ] GC(21) Using 3 of 6 workers for concurrent weak references
[2026-04-03T03:35:55.034+0600][34.011s][info][gc,ref      ] GC(21) Encountered references: Soft: 3466, Weak: 6773, Final: 82, Phantom: 598
[2026-04-03T03:35:55.034+0600][34.011s][info][gc,ref      ] GC(21) Discovered  references: Soft: 0, Weak: 3914, Final: 48, Phantom: 595
[2026-04-03T03:35:55.035+0600][34.011s][info][gc,ref      ] GC(21) Enqueued    references: Soft: 0, Weak: 612, Final: 0, Phantom: 0
[2026-04-03T03:35:55.035+0600][34.011s][info][gc          ] GC(21) Concurrent weak references 1.358ms
[2026-04-03T03:35:55.035+0600][34.012s][info][gc,start    ] GC(21) Concurrent weak roots
[2026-04-03T03:35:55.035+0600][34.012s][info][gc,task     ] GC(21) Using 3 of 6 workers for concurrent weak root
[2026-04-03T03:35:55.038+0600][34.015s][info][gc          ] GC(21) Concurrent weak roots 3.362ms
[2026-04-03T03:35:55.038+0600][34.015s][info][gc,start    ] GC(21) Concurrent cleanup
[2026-04-03T03:35:55.039+0600][34.016s][info][gc          ] GC(21) Concurrent cleanup 1089M->481M(1750M) 1.202ms
[2026-04-03T03:35:55.039+0600][34.016s][info][gc,ergo     ] GC(21) Free: 1176M, Max: 512K regular, 373M humongous, Frag: 69% external, 0% internal; Reserve: 89088K, Max: 512K
[2026-04-03T03:35:55.039+0600][34.016s][info][gc,start    ] GC(21) Concurrent class unloading
[2026-04-03T03:35:55.039+0600][34.016s][info][gc,task     ] GC(21) Using 3 of 6 workers for concurrent class unloading
[2026-04-03T03:35:55.070+0600][34.047s][info][gc          ] GC(21) Concurrent class unloading 30.539ms
[2026-04-03T03:35:55.070+0600][34.047s][info][gc,start    ] GC(21) Concurrent strong roots
[2026-04-03T03:35:55.070+0600][34.047s][info][gc,task     ] GC(21) Using 3 of 6 workers for concurrent strong root
[2026-04-03T03:35:55.071+0600][34.048s][info][gc          ] GC(21) Concurrent strong roots 1.334ms
[2026-04-03T03:35:55.071+0600][34.048s][info][gc,start    ] GC(21) Concurrent evacuation
[2026-04-03T03:35:55.072+0600][34.048s][info][gc,task     ] GC(21) Using 3 of 6 workers for concurrent evacuation
[2026-04-03T03:35:55.104+0600][34.081s][info][gc          ] GC(21) Concurrent evacuation 32.464ms
[2026-04-03T03:35:55.104+0600][34.081s][info][gc,start    ] GC(21) Pause Init Update Refs
[2026-04-03T03:35:55.104+0600][34.081s][info][gc,ergo     ] GC(21) Pacer for Update Refs. Used: 540M, Free: 1139M, Non-Taxable: 113M, Alloc Tax Rate: 1.1x
[2026-04-03T03:35:55.104+0600][34.081s][info][gc          ] GC(21) Pause Init Update Refs 0.133ms
[2026-04-03T03:35:55.105+0600][34.081s][info][gc,start    ] GC(21) Concurrent update references
[2026-04-03T03:35:55.105+0600][34.082s][info][gc,task     ] GC(21) Using 3 of 6 workers for concurrent reference update
[2026-04-03T03:35:55.264+0600][34.241s][info][gc          ] GC(21) Concurrent update references 159.383ms
[2026-04-03T03:35:55.264+0600][34.241s][info][gc,start    ] GC(21) Concurrent update thread roots
[2026-04-03T03:35:55.265+0600][34.242s][info][gc          ] GC(21) Concurrent update thread roots 0.957ms
[2026-04-03T03:35:55.265+0600][34.242s][info][gc,start    ] GC(21) Pause Final Update Refs
[2026-04-03T03:35:55.265+0600][34.242s][info][gc,task     ] GC(21) Using 6 of 6 workers for final reference update
[2026-04-03T03:35:55.265+0600][34.242s][info][gc          ] GC(21) Pause Final Update Refs 0.204ms
[2026-04-03T03:35:55.265+0600][34.242s][info][gc,start    ] GC(21) Concurrent cleanup
[2026-04-03T03:35:55.266+0600][34.243s][info][gc          ] GC(21) Concurrent cleanup 627M->398M(1750M) 0.350ms
[2026-04-03T03:35:55.266+0600][34.243s][info][gc,ergo     ] Free: 1256M, Max: 512K regular, 373M humongous, Frag: 71% external, 0% internal; Reserve: 89600K, Max: 512K
[2026-04-03T03:35:55.266+0600][34.243s][info][gc,stats    ] 
[2026-04-03T03:35:55.266+0600][34.243s][info][gc,stats    ] All times are wall-clock times, except per-root-class counters, that are sum over
[2026-04-03T03:35:55.266+0600][34.243s][info][gc,stats    ] all workers. Dividing the <total> over the root stage time estimates parallelism.
[2026-04-03T03:35:55.266+0600][34.243s][info][gc,stats    ] 
[2026-04-03T03:35:55.266+0600][34.243s][info][gc,stats    ] Concurrent Reset                   1496 us
[2026-04-03T03:35:55.266+0600][34.243s][info][gc,stats    ] Pause Init Mark (G)                 644 us
[2026-04-03T03:35:55.266+0600][34.243s][info][gc,stats    ] Pause Init Mark (N)                 385 us
[2026-04-03T03:35:55.266+0600][34.243s][info][gc,stats    ]   Update Region States               51 us
[2026-04-03T03:35:55.266+0600][34.243s][info][gc,stats    ] Concurrent Mark Roots              1269 us, parallelism: 1.87x
[2026-04-03T03:35:55.266+0600][34.243s][info][gc,stats    ]   CMR: <total>                     2374 us
[2026-04-03T03:35:55.266+0600][34.243s][info][gc,stats    ]   CMR: Thread Roots                1997 us, workers (us): 454, 761, 781, ---, ---, ---, 
[2026-04-03T03:35:55.266+0600][34.243s][info][gc,stats    ]   CMR: VM Strong Roots               38 us, workers (us):  17,  16,   4, ---, ---, ---, 
[2026-04-03T03:35:55.266+0600][34.243s][info][gc,stats    ]   CMR: CLDG Roots                   339 us, workers (us): 339, ---, ---, ---, ---, ---, 
[2026-04-03T03:35:55.266+0600][34.243s][info][gc,stats    ] Concurrent Marking               258190 us
[2026-04-03T03:35:55.266+0600][34.243s][info][gc,stats    ] Pause Final Mark (G)               1918 us
[2026-04-03T03:35:55.266+0600][34.243s][info][gc,stats    ] Pause Final Mark (N)               1441 us
[2026-04-03T03:35:55.266+0600][34.243s][info][gc,stats    ]   Finish Mark                       343 us
[2026-04-03T03:35:55.266+0600][34.243s][info][gc,stats    ]   Update Region States              100 us
[2026-04-03T03:35:55.266+0600][34.243s][info][gc,stats    ]   Choose Collection Set             663 us
[2026-04-03T03:35:55.266+0600][34.243s][info][gc,stats    ]   Rebuild Free Set                  101 us
[2026-04-03T03:35:55.266+0600][34.243s][info][gc,stats    ] Concurrent Thread Roots             775 us, parallelism: 2.05x
[2026-04-03T03:35:55.266+0600][34.243s][info][gc,stats    ]   CTR: <total>                     1591 us
[2026-04-03T03:35:55.266+0600][34.243s][info][gc,stats    ]   CTR: Thread Roots                1591 us, workers (us): 546, 529, 517, ---, ---, ---, 
[2026-04-03T03:35:55.266+0600][34.243s][info][gc,stats    ] Concurrent Weak References         1375 us, parallelism: 0.88x
[2026-04-03T03:35:55.266+0600][34.243s][info][gc,stats    ]   CWRF: <total>                    1206 us
[2026-04-03T03:35:55.266+0600][34.243s][info][gc,stats    ]   CWRF: Weak References            1206 us, workers (us): 1105,  99,   2, ---, ---, ---, 
[2026-04-03T03:35:55.266+0600][34.243s][info][gc,stats    ] Concurrent Weak Roots              3480 us
[2026-04-03T03:35:55.266+0600][34.243s][info][gc,stats    ]   Roots                            3081 us, parallelism: 2.52x
[2026-04-03T03:35:55.266+0600][34.243s][info][gc,stats    ]     CWR: <total>                   7770 us
[2026-04-03T03:35:55.266+0600][34.243s][info][gc,stats    ]     CWR: Code Cache Roots          4575 us, workers (us): 1539, 1583, 1453, ---, ---, ---, 
[2026-04-03T03:35:55.266+0600][34.243s][info][gc,stats    ]     CWR: VM Weak Roots             3096 us, workers (us): 1138, 1141, 817, ---, ---, ---, 
[2026-04-03T03:35:55.266+0600][34.243s][info][gc,stats    ]     CWR: CLDG Roots                  99 us, workers (us): ---, ---,  99, ---, ---, ---, 
[2026-04-03T03:35:55.266+0600][34.243s][info][gc,stats    ]   Rendezvous                        241 us
[2026-04-03T03:35:55.266+0600][34.243s][info][gc,stats    ] Concurrent Cleanup                 1240 us
[2026-04-03T03:35:55.266+0600][34.243s][info][gc,stats    ] Concurrent Class Unloading        30672 us
[2026-04-03T03:35:55.266+0600][34.243s][info][gc,stats    ]   Unlink Stale                    25906 us
[2026-04-03T03:35:55.266+0600][34.243s][info][gc,stats    ]     System Dictionary               490 us
[2026-04-03T03:35:55.266+0600][34.243s][info][gc,stats    ]     Weak Class Links              17085 us
[2026-04-03T03:35:55.266+0600][34.243s][info][gc,stats    ]     Code Roots                     8324 us
[2026-04-03T03:35:55.266+0600][34.243s][info][gc,stats    ]   Rendezvous                        223 us
[2026-04-03T03:35:55.266+0600][34.243s][info][gc,stats    ]   Purge Unlinked                   4357 us
[2026-04-03T03:35:55.266+0600][34.243s][info][gc,stats    ]     Code Roots                     4095 us
[2026-04-03T03:35:55.266+0600][34.243s][info][gc,stats    ]     CLDG                            259 us
[2026-04-03T03:35:55.266+0600][34.243s][info][gc,stats    ]     Exception Caches                  1 us
[2026-04-03T03:35:55.267+0600][34.243s][info][gc,stats    ] Concurrent Strong Roots            1435 us, parallelism: 0.58x
[2026-04-03T03:35:55.267+0600][34.243s][info][gc,stats    ]   CSR: <total>                      840 us
[2026-04-03T03:35:55.267+0600][34.243s][info][gc,stats    ]   CSR: VM Strong Roots               49 us, workers (us):  26,  23,   1, ---, ---, ---, 
[2026-04-03T03:35:55.267+0600][34.244s][info][gc,stats    ]   CSR: CLDG Roots                   790 us, workers (us): 790, ---, ---, ---, ---, ---, 
[2026-04-03T03:35:55.267+0600][34.244s][info][gc,stats    ] Concurrent Evacuation             32612 us
[2026-04-03T03:35:55.267+0600][34.244s][info][gc,stats    ] Pause Init Update Refs (G)          417 us
[2026-04-03T03:35:55.267+0600][34.244s][info][gc,stats    ] Pause Init Update Refs (N)          151 us
[2026-04-03T03:35:55.267+0600][34.244s][info][gc,stats    ]   Manage GCLABs                      27 us
[2026-04-03T03:35:55.267+0600][34.244s][info][gc,stats    ] Concurrent Update Refs           159490 us
[2026-04-03T03:35:55.267+0600][34.244s][info][gc,stats    ] Concurrent Update Thread Roots     1016 us
[2026-04-03T03:35:55.267+0600][34.244s][info][gc,stats    ] Pause Final Update Refs (G)         440 us
[2026-04-03T03:35:55.267+0600][34.244s][info][gc,stats    ] Pause Final Update Refs (N)         230 us
[2026-04-03T03:35:55.267+0600][34.244s][info][gc,stats    ]   Update Region States               78 us
[2026-04-03T03:35:55.267+0600][34.244s][info][gc,stats    ]   Trash Collection Set               18 us
[2026-04-03T03:35:55.267+0600][34.244s][info][gc,stats    ]   Rebuild Free Set                   45 us
[2026-04-03T03:35:55.267+0600][34.244s][info][gc,stats    ] Concurrent Cleanup                  381 us
[2026-04-03T03:35:55.267+0600][34.244s][info][gc,stats    ] Pacing                           384016 us
[2026-04-03T03:35:55.267+0600][34.244s][info][gc,stats    ] 
[2026-04-03T03:35:55.267+0600][34.244s][info][gc,stats    ] Allocation pacing accrued:
[2026-04-03T03:35:55.267+0600][34.244s][info][gc,stats    ]      11 of  2509 ms (  0.5%): RemoteBlock-temp-file-clean-thread
[2026-04-03T03:35:55.267+0600][34.244s][info][gc,stats    ]     122 of  2509 ms (  4.9%): Executor task launch worker for task 1.0 in stage 12.0 (TID 19)
[2026-04-03T03:35:55.267+0600][34.244s][info][gc,stats    ]     127 of  2509 ms (  5.1%): Executor task launch worker for task 0.0 in stage 12.0 (TID 18)
[2026-04-03T03:35:55.267+0600][34.244s][info][gc,stats    ]     123 of  2509 ms (  4.9%): Executor task launch worker for task 2.0 in stage 12.0 (TID 20)
[2026-04-03T03:35:55.267+0600][34.244s][info][gc,stats    ]     384 of  2509 ms ( 15.3%): <total>
[2026-04-03T03:35:55.267+0600][34.244s][info][gc,stats    ]       4 of  2509 ms (  0.2%): <average total>
[2026-04-03T03:35:55.267+0600][34.244s][info][gc,stats    ]      96 of  2509 ms (  3.8%): <average non-zero>
[2026-04-03T03:35:55.267+0600][34.244s][info][gc,stats    ] 
[2026-04-03T03:35:55.267+0600][34.244s][info][gc,metaspace] Metaspace: 70820K(71744K)->70779K(71744K) NonClass: 61755K(62272K)->61729K(62272K) Class: 9065K(9472K)->9050K(9472K)
[2026-04-03T03:35:55.267+0600][34.244s][info][gc,ergo     ] Pacer for Idle. Initial: 35840K, Alloc Tax Rate: 1.0x
[2026-04-03T03:35:56.375+0600][35.352s][info][gc          ] Trigger: Average GC time (799.07 ms) is above the time for average allocation rate (868 MB/s) to deplete free headroom (658M) (margin of error = 1.97)
[2026-04-03T03:35:56.375+0600][35.352s][info][gc,ergo     ] Free headroom: 798M (free) - 89600K (spike) - 53760K (penalties) = 658M
[2026-04-03T03:35:56.375+0600][35.352s][info][gc,ergo     ] Free: 798M, Max: 512K regular, 373M humongous, Frag: 54% external, 0% internal; Reserve: 89600K, Max: 512K
[2026-04-03T03:35:56.375+0600][35.352s][info][gc,start    ] GC(22) Concurrent reset
[2026-04-03T03:35:56.375+0600][35.352s][info][gc,task     ] GC(22) Using 3 of 6 workers for concurrent reset
[2026-04-03T03:35:56.375+0600][35.352s][info][gc,ergo     ] GC(22) Pacer for Reset. Non-Taxable: 1750M
[2026-04-03T03:35:56.376+0600][35.353s][info][gc          ] GC(22) Concurrent reset 1.209ms
[2026-04-03T03:35:56.377+0600][35.354s][info][gc,start    ] GC(22) Pause Init Mark (unload classes)
[2026-04-03T03:35:56.377+0600][35.354s][info][gc,task     ] GC(22) Using 6 of 6 workers for init marking
[2026-04-03T03:35:56.377+0600][35.354s][info][gc,ergo     ] GC(22) Pacer for Mark. Expected Live: 226M, Free: 796M, Non-Taxable: 81611K, Alloc Tax Rate: 0.3x
[2026-04-03T03:35:56.377+0600][35.354s][info][gc          ] GC(22) Pause Init Mark (unload classes) 0.144ms
[2026-04-03T03:35:56.377+0600][35.354s][info][gc,start    ] GC(22) Concurrent marking roots
[2026-04-03T03:35:56.377+0600][35.354s][info][gc,task     ] GC(22) Using 3 of 6 workers for concurrent marking roots
[2026-04-03T03:35:56.378+0600][35.355s][info][gc          ] GC(22) Concurrent marking roots 0.926ms
[2026-04-03T03:35:56.378+0600][35.355s][info][gc,start    ] GC(22) Concurrent marking (unload classes)
[2026-04-03T03:35:56.378+0600][35.355s][info][gc,task     ] GC(22) Using 3 of 6 workers for concurrent marking
[2026-04-03T03:35:56.595+0600][35.572s][info][gc          ] GC(22) Concurrent marking (unload classes) 217.572ms
[2026-04-03T03:35:56.596+0600][35.573s][info][gc,start    ] GC(22) Pause Final Mark (unload classes)
[2026-04-03T03:35:56.596+0600][35.573s][info][gc,task     ] GC(22) Using 6 of 6 workers for final marking
[2026-04-03T03:35:56.596+0600][35.573s][info][gc,ergo     ] GC(22) Adaptive CSet Selection. Target Free: 247M, Actual Free: 1147M, Max CSet: 74666K, Min Garbage: 0B
[2026-04-03T03:35:56.597+0600][35.574s][info][gc,ergo     ] GC(22) Collectable Garbage: 586M (99%), Immediate: 454M (76%), CSet: 132M (22%)
[2026-04-03T03:35:56.597+0600][35.574s][info][gc,ergo     ] GC(22) Pacer for Evacuation. Used CSet: 151M, Free: 1088M, Non-Taxable: 108M, Alloc Tax Rate: 1.1x
[2026-04-03T03:35:56.597+0600][35.574s][info][gc          ] GC(22) Pause Final Mark (unload classes) 0.848ms
[2026-04-03T03:35:56.597+0600][35.574s][info][gc,start    ] GC(22) Concurrent thread roots
[2026-04-03T03:35:56.597+0600][35.574s][info][gc,task     ] GC(22) Using 3 of 6 workers for Concurrent thread roots
[2026-04-03T03:35:56.598+0600][35.574s][info][gc          ] GC(22) Concurrent thread roots 0.769ms
[2026-04-03T03:35:56.598+0600][35.575s][info][gc,start    ] GC(22) Concurrent weak references
[2026-04-03T03:35:56.598+0600][35.575s][info][gc,task     ] GC(22) Using 3 of 6 workers for concurrent weak references
[2026-04-03T03:35:56.598+0600][35.575s][info][gc,ref      ] GC(22) Encountered references: Soft: 3515, Weak: 6387, Final: 84, Phantom: 600
[2026-04-03T03:35:56.598+0600][35.575s][info][gc,ref      ] GC(22) Discovered  references: Soft: 0, Weak: 1300, Final: 2, Phantom: 597
[2026-04-03T03:35:56.598+0600][35.575s][info][gc,ref      ] GC(22) Enqueued    references: Soft: 0, Weak: 66, Final: 0, Phantom: 0
[2026-04-03T03:35:56.598+0600][35.575s][info][gc          ] GC(22) Concurrent weak references 0.429ms
[2026-04-03T03:35:56.598+0600][35.575s][info][gc,start    ] GC(22) Concurrent weak roots
[2026-04-03T03:35:56.598+0600][35.575s][info][gc,task     ] GC(22) Using 3 of 6 workers for concurrent weak root
[2026-04-03T03:35:56.600+0600][35.577s][info][gc          ] GC(22) Concurrent weak roots 2.169ms
[2026-04-03T03:35:56.600+0600][35.577s][info][gc,start    ] GC(22) Concurrent cleanup
[2026-04-03T03:35:56.601+0600][35.578s][info][gc          ] GC(22) Concurrent cleanup 1004M->550M(1750M) 0.710ms
[2026-04-03T03:35:56.601+0600][35.578s][info][gc,ergo     ] GC(22) Free: 1088M, Max: 512K regular, 373M humongous, Frag: 66% external, 1% internal; Reserve: 88576K, Max: 512K
[2026-04-03T03:35:56.601+0600][35.578s][info][gc,start    ] GC(22) Concurrent class unloading
[2026-04-03T03:35:56.601+0600][35.578s][info][gc,task     ] GC(22) Using 3 of 6 workers for concurrent class unloading
[2026-04-03T03:35:56.608+0600][35.585s][info][gc          ] GC(22) Concurrent class unloading 7.000ms
[2026-04-03T03:35:56.608+0600][35.585s][info][gc,start    ] GC(22) Concurrent strong roots
[2026-04-03T03:35:56.608+0600][35.585s][info][gc,task     ] GC(22) Using 3 of 6 workers for concurrent strong root
[2026-04-03T03:35:56.609+0600][35.586s][info][gc          ] GC(22) Concurrent strong roots 0.869ms
[2026-04-03T03:35:56.609+0600][35.586s][info][gc,start    ] GC(22) Concurrent evacuation
[2026-04-03T03:35:56.609+0600][35.586s][info][gc,task     ] GC(22) Using 3 of 6 workers for concurrent evacuation
[2026-04-03T03:35:56.623+0600][35.600s][info][gc          ] GC(22) Concurrent evacuation 14.085ms
[2026-04-03T03:35:56.623+0600][35.600s][info][gc,start    ] GC(22) Pause Init Update Refs
[2026-04-03T03:35:56.623+0600][35.600s][info][gc,ergo     ] GC(22) Pacer for Update Refs. Used: 574M, Free: 1083M, Non-Taxable: 108M, Alloc Tax Rate: 1.1x
[2026-04-03T03:35:56.624+0600][35.600s][info][gc          ] GC(22) Pause Init Update Refs 0.111ms
[2026-04-03T03:35:56.624+0600][35.601s][info][gc,start    ] GC(22) Concurrent update references
[2026-04-03T03:35:56.624+0600][35.601s][info][gc,task     ] GC(22) Using 3 of 6 workers for concurrent reference update
[2026-04-03T03:35:56.752+0600][35.729s][info][gc          ] GC(22) Concurrent update references 128.826ms
[2026-04-03T03:35:56.753+0600][35.730s][info][gc,start    ] GC(22) Concurrent update thread roots
[2026-04-03T03:35:56.753+0600][35.730s][info][gc          ] GC(22) Concurrent update thread roots 0.913ms
[2026-04-03T03:35:56.754+0600][35.731s][info][gc,start    ] GC(22) Pause Final Update Refs
[2026-04-03T03:35:56.754+0600][35.731s][info][gc,task     ] GC(22) Using 6 of 6 workers for final reference update
[2026-04-03T03:35:56.754+0600][35.731s][info][gc          ] GC(22) Pause Final Update Refs 0.294ms
[2026-04-03T03:35:56.754+0600][35.731s][info][gc,start    ] GC(22) Concurrent cleanup
[2026-04-03T03:35:56.755+0600][35.732s][info][gc          ] GC(22) Concurrent cleanup 622M->471M(1750M) 0.599ms
[2026-04-03T03:35:56.755+0600][35.732s][info][gc,ergo     ] Free: 1167M, Max: 512K regular, 373M humongous, Frag: 69% external, 1% internal; Reserve: 89600K, Max: 512K
[2026-04-03T03:35:56.755+0600][35.732s][info][gc,stats    ] 
[2026-04-03T03:35:56.755+0600][35.732s][info][gc,stats    ] All times are wall-clock times, except per-root-class counters, that are sum over
[2026-04-03T03:35:56.755+0600][35.732s][info][gc,stats    ] all workers. Dividing the <total> over the root stage time estimates parallelism.
[2026-04-03T03:35:56.755+0600][35.732s][info][gc,stats    ] 
[2026-04-03T03:35:56.755+0600][35.732s][info][gc,stats    ] Concurrent Reset                   1243 us
[2026-04-03T03:35:56.755+0600][35.732s][info][gc,stats    ] Pause Init Mark (G)                 589 us
[2026-04-03T03:35:56.755+0600][35.732s][info][gc,stats    ] Pause Init Mark (N)                 154 us
[2026-04-03T03:35:56.755+0600][35.732s][info][gc,stats    ]   Update Region States               41 us
[2026-04-03T03:35:56.755+0600][35.732s][info][gc,stats    ] Concurrent Mark Roots               960 us, parallelism: 1.80x
[2026-04-03T03:35:56.755+0600][35.732s][info][gc,stats    ]   CMR: <total>                     1730 us
[2026-04-03T03:35:56.755+0600][35.732s][info][gc,stats    ]   CMR: Thread Roots                1446 us, workers (us): 345, 556, 544, ---, ---, ---, 
[2026-04-03T03:35:56.755+0600][35.732s][info][gc,stats    ]   CMR: VM Strong Roots               30 us, workers (us):  29,   1,   0, ---, ---, ---, 
[2026-04-03T03:35:56.755+0600][35.732s][info][gc,stats    ]   CMR: CLDG Roots                   255 us, workers (us): 255, ---, ---, ---, ---, ---, 
[2026-04-03T03:35:56.755+0600][35.732s][info][gc,stats    ] Concurrent Marking               217645 us
[2026-04-03T03:35:56.755+0600][35.732s][info][gc,stats    ] Pause Final Mark (G)               1313 us
[2026-04-03T03:35:56.755+0600][35.732s][info][gc,stats    ] Pause Final Mark (N)                881 us
[2026-04-03T03:35:56.755+0600][35.732s][info][gc,stats    ]   Finish Mark                       312 us
[2026-04-03T03:35:56.755+0600][35.732s][info][gc,stats    ]   Update Region States               72 us
[2026-04-03T03:35:56.755+0600][35.732s][info][gc,stats    ]   Choose Collection Set             297 us
[2026-04-03T03:35:56.755+0600][35.732s][info][gc,stats    ]   Rebuild Free Set                   41 us
[2026-04-03T03:35:56.755+0600][35.732s][info][gc,stats    ] Concurrent Thread Roots             836 us, parallelism: 2.02x
[2026-04-03T03:35:56.755+0600][35.732s][info][gc,stats    ]   CTR: <total>                     1686 us
[2026-04-03T03:35:56.755+0600][35.732s][info][gc,stats    ]   CTR: Thread Roots                1686 us, workers (us): 603, 569, 514, ---, ---, ---, 
[2026-04-03T03:35:56.755+0600][35.732s][info][gc,stats    ] Concurrent Weak References          442 us, parallelism: 0.92x
[2026-04-03T03:35:56.755+0600][35.732s][info][gc,stats    ]   CWRF: <total>                     407 us
[2026-04-03T03:35:56.755+0600][35.732s][info][gc,stats    ]   CWRF: Weak References             407 us, workers (us): 292,  95,  21, ---, ---, ---, 
[2026-04-03T03:35:56.755+0600][35.732s][info][gc,stats    ] Concurrent Weak Roots              2230 us
[2026-04-03T03:35:56.755+0600][35.732s][info][gc,stats    ]   Roots                            1928 us, parallelism: 2.51x
[2026-04-03T03:35:56.755+0600][35.732s][info][gc,stats    ]     CWR: <total>                   4834 us
[2026-04-03T03:35:56.755+0600][35.732s][info][gc,stats    ]     CWR: Code Cache Roots          2829 us, workers (us): 967, 872, 990, ---, ---, ---, 
[2026-04-03T03:35:56.755+0600][35.732s][info][gc,stats    ]     CWR: VM Weak Roots             1930 us, workers (us): 676, 625, 629, ---, ---, ---, 
[2026-04-03T03:35:56.755+0600][35.732s][info][gc,stats    ]     CWR: CLDG Roots                  75 us, workers (us): ---,  75, ---, ---, ---, ---, 
[2026-04-03T03:35:56.755+0600][35.732s][info][gc,stats    ]   Rendezvous                        208 us
[2026-04-03T03:35:56.755+0600][35.732s][info][gc,stats    ] Concurrent Cleanup                  728 us
[2026-04-03T03:35:56.755+0600][35.732s][info][gc,stats    ] Concurrent Class Unloading         7075 us
[2026-04-03T03:35:56.755+0600][35.732s][info][gc,stats    ]   Unlink Stale                     5713 us
[2026-04-03T03:35:56.755+0600][35.732s][info][gc,stats    ]     System Dictionary                97 us
[2026-04-03T03:35:56.755+0600][35.732s][info][gc,stats    ]     Weak Class Links                  0 us
[2026-04-03T03:35:56.755+0600][35.732s][info][gc,stats    ]     Code Roots                     5612 us
[2026-04-03T03:35:56.755+0600][35.732s][info][gc,stats    ]   Rendezvous                        263 us
[2026-04-03T03:35:56.755+0600][35.732s][info][gc,stats    ]   Purge Unlinked                    999 us
[2026-04-03T03:35:56.755+0600][35.732s][info][gc,stats    ]     Code Roots                      981 us
[2026-04-03T03:35:56.755+0600][35.732s][info][gc,stats    ]     CLDG                             18 us
[2026-04-03T03:35:56.755+0600][35.732s][info][gc,stats    ]     Exception Caches                  0 us
[2026-04-03T03:35:56.755+0600][35.732s][info][gc,stats    ] Concurrent Strong Roots             919 us, parallelism: 0.73x
[2026-04-03T03:35:56.755+0600][35.732s][info][gc,stats    ]   CSR: <total>                      674 us
[2026-04-03T03:35:56.755+0600][35.732s][info][gc,stats    ]   CSR: VM Strong Roots               28 us, workers (us):  26,   2,   0, ---, ---, ---, 
[2026-04-03T03:35:56.755+0600][35.732s][info][gc,stats    ]   CSR: CLDG Roots                   646 us, workers (us): 646, ---, ---, ---, ---, ---, 
[2026-04-03T03:35:56.755+0600][35.732s][info][gc,stats    ] Concurrent Evacuation             14130 us
[2026-04-03T03:35:56.755+0600][35.732s][info][gc,stats    ] Pause Init Update Refs (G)          489 us
[2026-04-03T03:35:56.755+0600][35.732s][info][gc,stats    ] Pause Init Update Refs (N)          124 us
[2026-04-03T03:35:56.755+0600][35.732s][info][gc,stats    ]   Manage GCLABs                      16 us
[2026-04-03T03:35:56.755+0600][35.732s][info][gc,stats    ] Concurrent Update Refs           128907 us
[2026-04-03T03:35:56.755+0600][35.732s][info][gc,stats    ] Concurrent Update Thread Roots      960 us
[2026-04-03T03:35:56.755+0600][35.732s][info][gc,stats    ] Pause Final Update Refs (G)         516 us
[2026-04-03T03:35:56.755+0600][35.732s][info][gc,stats    ] Pause Final Update Refs (N)         332 us
[2026-04-03T03:35:56.755+0600][35.732s][info][gc,stats    ]   Update Region States              111 us
[2026-04-03T03:35:56.755+0600][35.732s][info][gc,stats    ]   Trash Collection Set               21 us
[2026-04-03T03:35:56.755+0600][35.732s][info][gc,stats    ]   Rebuild Free Set                   39 us
[2026-04-03T03:35:56.755+0600][35.732s][info][gc,stats    ] Concurrent Cleanup                  624 us
[2026-04-03T03:35:56.755+0600][35.732s][info][gc,stats    ] 
[2026-04-03T03:35:56.755+0600][35.732s][info][gc,stats    ] Allocation pacing accrued:
[2026-04-03T03:35:56.755+0600][35.732s][info][gc,stats    ]       0 of  1489 ms (  0.0%): <total>
[2026-04-03T03:35:56.755+0600][35.732s][info][gc,stats    ]       0 of  1489 ms (  0.0%): <average total>
[2026-04-03T03:35:56.755+0600][35.732s][info][gc,stats    ] 
[2026-04-03T03:35:56.755+0600][35.732s][info][gc,metaspace] Metaspace: 72463K(73344K)->72513K(73408K) NonClass: 63177K(63680K)->63221K(63744K) Class: 9286K(9664K)->9292K(9664K)
[2026-04-03T03:35:56.755+0600][35.732s][info][gc,ergo     ] Pacer for Idle. Initial: 35840K, Alloc Tax Rate: 1.0x
[2026-04-03T03:35:56.857+0600][35.834s][info][gc          ] Trigger: Average GC time (718.88 ms) is above the time for average allocation rate (1283 MB/s) to deplete free headroom (864M) (margin of error = 1.97)
[2026-04-03T03:35:56.857+0600][35.834s][info][gc,ergo     ] Free headroom: 986M (free) - 89600K (spike) - 35840K (penalties) = 864M
[2026-04-03T03:35:56.857+0600][35.834s][info][gc,ergo     ] Free: 986M, Max: 512K regular, 373M humongous, Frag: 63% external, 1% internal; Reserve: 89600K, Max: 512K
[2026-04-03T03:35:56.857+0600][35.834s][info][gc,start    ] GC(23) Concurrent reset
[2026-04-03T03:35:56.857+0600][35.834s][info][gc,task     ] GC(23) Using 3 of 6 workers for concurrent reset
[2026-04-03T03:35:56.857+0600][35.834s][info][gc,ergo     ] GC(23) Pacer for Reset. Non-Taxable: 1750M
[2026-04-03T03:35:56.859+0600][35.836s][info][gc          ] GC(23) Concurrent reset 1.217ms
[2026-04-03T03:35:56.859+0600][35.836s][info][gc,start    ] GC(23) Pause Init Mark (unload classes)
[2026-04-03T03:35:56.859+0600][35.836s][info][gc,task     ] GC(23) Using 6 of 6 workers for init marking
[2026-04-03T03:35:56.859+0600][35.836s][info][gc,ergo     ] GC(23) Pacer for Mark. Expected Live: 227M, Free: 984M, Non-Taxable: 100818K, Alloc Tax Rate: 0.3x
[2026-04-03T03:35:56.859+0600][35.836s][info][gc          ] GC(23) Pause Init Mark (unload classes) 0.185ms
[2026-04-03T03:35:56.859+0600][35.836s][info][gc,start    ] GC(23) Concurrent marking roots
[2026-04-03T03:35:56.859+0600][35.836s][info][gc,task     ] GC(23) Using 3 of 6 workers for concurrent marking roots
[2026-04-03T03:35:56.860+0600][35.837s][info][gc          ] GC(23) Concurrent marking roots 0.682ms
[2026-04-03T03:35:56.860+0600][35.837s][info][gc,start    ] GC(23) Concurrent marking (unload classes)
[2026-04-03T03:35:56.860+0600][35.837s][info][gc,task     ] GC(23) Using 3 of 6 workers for concurrent marking
[2026-04-03T03:35:57.108+0600][36.085s][info][gc          ] GC(23) Concurrent marking (unload classes) 248.599ms
[2026-04-03T03:35:57.109+0600][36.086s][info][gc,start    ] GC(23) Pause Final Mark (unload classes)
[2026-04-03T03:35:57.109+0600][36.086s][info][gc,task     ] GC(23) Using 6 of 6 workers for final marking
[2026-04-03T03:35:57.109+0600][36.086s][info][gc,ergo     ] GC(23) Adaptive CSet Selection. Target Free: 247M, Actual Free: 1214M, Max CSet: 74666K, Min Garbage: 0B
[2026-04-03T03:35:57.109+0600][36.086s][info][gc,ergo     ] GC(23) Collectable Garbage: 442M (98%), Immediate: 293M (65%), CSet: 149M (33%)
[2026-04-03T03:35:57.109+0600][36.086s][info][gc,ergo     ] GC(23) Pacer for Evacuation. Used CSet: 172M, Free: 1147M, Non-Taxable: 114M, Alloc Tax Rate: 1.1x
[2026-04-03T03:35:57.109+0600][36.086s][info][gc          ] GC(23) Pause Final Mark (unload classes) 0.796ms
[2026-04-03T03:35:57.109+0600][36.086s][info][gc,start    ] GC(23) Concurrent thread roots
[2026-04-03T03:35:57.109+0600][36.086s][info][gc,task     ] GC(23) Using 3 of 6 workers for Concurrent thread roots
[2026-04-03T03:35:57.110+0600][36.087s][info][gc          ] GC(23) Concurrent thread roots 0.649ms
[2026-04-03T03:35:57.110+0600][36.087s][info][gc,start    ] GC(23) Concurrent weak references
[2026-04-03T03:35:57.110+0600][36.087s][info][gc,task     ] GC(23) Using 3 of 6 workers for concurrent weak references
[2026-04-03T03:35:57.111+0600][36.088s][info][gc,ref      ] GC(23) Encountered references: Soft: 3519, Weak: 6359, Final: 84, Phantom: 609
[2026-04-03T03:35:57.111+0600][36.088s][info][gc,ref      ] GC(23) Discovered  references: Soft: 0, Weak: 3010, Final: 36, Phantom: 279
[2026-04-03T03:35:57.111+0600][36.088s][info][gc,ref      ] GC(23) Enqueued    references: Soft: 0, Weak: 159, Final: 0, Phantom: 0
[2026-04-03T03:35:57.111+0600][36.088s][info][gc          ] GC(23) Concurrent weak references 0.614ms
[2026-04-03T03:35:57.111+0600][36.088s][info][gc,start    ] GC(23) Concurrent weak roots
[2026-04-03T03:35:57.111+0600][36.088s][info][gc,task     ] GC(23) Using 3 of 6 workers for concurrent weak root
[2026-04-03T03:35:57.113+0600][36.090s][info][gc          ] GC(23) Concurrent weak roots 1.931ms
[2026-04-03T03:35:57.113+0600][36.090s][info][gc,start    ] GC(23) Concurrent cleanup
[2026-04-03T03:35:57.113+0600][36.090s][info][gc          ] GC(23) Concurrent cleanup 805M->511M(1750M) 0.615ms
[2026-04-03T03:35:57.113+0600][36.090s][info][gc,ergo     ] GC(23) Free: 1147M, Max: 512K regular, 373M humongous, Frag: 68% external, 0% internal; Reserve: 89559K, Max: 512K
[2026-04-03T03:35:57.113+0600][36.090s][info][gc,start    ] GC(23) Concurrent class unloading
[2026-04-03T03:35:57.113+0600][36.090s][info][gc,task     ] GC(23) Using 3 of 6 workers for concurrent class unloading
[2026-04-03T03:35:57.120+0600][36.097s][info][gc          ] GC(23) Concurrent class unloading 6.204ms
[2026-04-03T03:35:57.120+0600][36.097s][info][gc,start    ] GC(23) Concurrent strong roots
[2026-04-03T03:35:57.120+0600][36.097s][info][gc,task     ] GC(23) Using 3 of 6 workers for concurrent strong root
[2026-04-03T03:35:57.120+0600][36.097s][info][gc          ] GC(23) Concurrent strong roots 0.718ms
[2026-04-03T03:35:57.121+0600][36.097s][info][gc,start    ] GC(23) Concurrent evacuation
[2026-04-03T03:35:57.121+0600][36.098s][info][gc,task     ] GC(23) Using 3 of 6 workers for concurrent evacuation
[2026-04-03T03:35:57.146+0600][36.123s][info][gc          ] GC(23) Concurrent evacuation 25.299ms
[2026-04-03T03:35:57.146+0600][36.123s][info][gc,start    ] GC(23) Pause Init Update Refs
[2026-04-03T03:35:57.146+0600][36.123s][info][gc,ergo     ] GC(23) Pacer for Update Refs. Used: 558M, Free: 1124M, Non-Taxable: 112M, Alloc Tax Rate: 1.1x
[2026-04-03T03:35:57.146+0600][36.123s][info][gc          ] GC(23) Pause Init Update Refs 0.128ms
[2026-04-03T03:35:57.146+0600][36.123s][info][gc,start    ] GC(23) Concurrent update references
[2026-04-03T03:35:57.146+0600][36.123s][info][gc,task     ] GC(23) Using 3 of 6 workers for concurrent reference update
[2026-04-03T03:35:57.283+0600][36.260s][info][gc          ] GC(23) Concurrent update references 136.568ms
[2026-04-03T03:35:57.283+0600][36.260s][info][gc,start    ] GC(23) Concurrent update thread roots
[2026-04-03T03:35:57.284+0600][36.261s][info][gc          ] GC(23) Concurrent update thread roots 1.102ms
[2026-04-03T03:35:57.284+0600][36.261s][info][gc,start    ] GC(23) Pause Final Update Refs
[2026-04-03T03:35:57.284+0600][36.261s][info][gc,task     ] GC(23) Using 6 of 6 workers for final reference update
[2026-04-03T03:35:57.285+0600][36.262s][info][gc          ] GC(23) Pause Final Update Refs 0.199ms
[2026-04-03T03:35:57.285+0600][36.262s][info][gc,start    ] GC(23) Concurrent cleanup
[2026-04-03T03:35:57.285+0600][36.262s][info][gc          ] GC(23) Concurrent cleanup 650M->478M(1750M) 0.296ms
[2026-04-03T03:35:57.285+0600][36.262s][info][gc,ergo     ] Free: 1180M, Max: 512K regular, 373M humongous, Frag: 69% external, 0% internal; Reserve: 89600K, Max: 512K
[2026-04-03T03:35:57.285+0600][36.262s][info][gc,stats    ] 
[2026-04-03T03:35:57.285+0600][36.262s][info][gc,stats    ] All times are wall-clock times, except per-root-class counters, that are sum over
[2026-04-03T03:35:57.285+0600][36.262s][info][gc,stats    ] all workers. Dividing the <total> over the root stage time estimates parallelism.
[2026-04-03T03:35:57.285+0600][36.262s][info][gc,stats    ] 
[2026-04-03T03:35:57.285+0600][36.262s][info][gc,stats    ] Concurrent Reset                   1267 us
[2026-04-03T03:35:57.285+0600][36.262s][info][gc,stats    ] Pause Init Mark (G)                 331 us
[2026-04-03T03:35:57.285+0600][36.262s][info][gc,stats    ] Pause Init Mark (N)                 196 us
[2026-04-03T03:35:57.285+0600][36.262s][info][gc,stats    ]   Update Region States               47 us
[2026-04-03T03:35:57.285+0600][36.262s][info][gc,stats    ] Concurrent Mark Roots               717 us, parallelism: 1.64x
[2026-04-03T03:35:57.285+0600][36.262s][info][gc,stats    ]   CMR: <total>                     1179 us
[2026-04-03T03:35:57.285+0600][36.262s][info][gc,stats    ]   CMR: Thread Roots                 893 us, workers (us): 135, 384, 374, ---, ---, ---, 
[2026-04-03T03:35:57.285+0600][36.262s][info][gc,stats    ]   CMR: VM Strong Roots               30 us, workers (us):  29,   1,   0, ---, ---, ---, 
[2026-04-03T03:35:57.285+0600][36.262s][info][gc,stats    ]   CMR: CLDG Roots                   256 us, workers (us): 256, ---, ---, ---, ---, ---, 
[2026-04-03T03:35:57.285+0600][36.262s][info][gc,stats    ] Concurrent Marking               248694 us
[2026-04-03T03:35:57.285+0600][36.262s][info][gc,stats    ] Pause Final Mark (G)               1023 us
[2026-04-03T03:35:57.285+0600][36.262s][info][gc,stats    ] Pause Final Mark (N)                811 us
[2026-04-03T03:35:57.285+0600][36.262s][info][gc,stats    ]   Finish Mark                       331 us
[2026-04-03T03:35:57.285+0600][36.262s][info][gc,stats    ]   Update Region States               57 us
[2026-04-03T03:35:57.285+0600][36.262s][info][gc,stats    ]   Choose Collection Set             261 us
[2026-04-03T03:35:57.285+0600][36.262s][info][gc,stats    ]   Rebuild Free Set                   38 us
[2026-04-03T03:35:57.285+0600][36.262s][info][gc,stats    ] Concurrent Thread Roots             692 us, parallelism: 1.82x
[2026-04-03T03:35:57.285+0600][36.262s][info][gc,stats    ]   CTR: <total>                     1263 us
[2026-04-03T03:35:57.285+0600][36.262s][info][gc,stats    ]   CTR: Thread Roots                1263 us, workers (us): 441, 412, 411, ---, ---, ---, 
[2026-04-03T03:35:57.285+0600][36.262s][info][gc,stats    ] Concurrent Weak References          627 us, parallelism: 0.78x
[2026-04-03T03:35:57.285+0600][36.262s][info][gc,stats    ]   CWRF: <total>                     486 us
[2026-04-03T03:35:57.285+0600][36.262s][info][gc,stats    ]   CWRF: Weak References             486 us, workers (us): 437,  40,   8, ---, ---, ---, 
[2026-04-03T03:35:57.285+0600][36.262s][info][gc,stats    ] Concurrent Weak Roots              2013 us
[2026-04-03T03:35:57.285+0600][36.262s][info][gc,stats    ]   Roots                            1648 us, parallelism: 2.40x
[2026-04-03T03:35:57.285+0600][36.262s][info][gc,stats    ]     CWR: <total>                   3956 us
[2026-04-03T03:35:57.285+0600][36.262s][info][gc,stats    ]     CWR: Code Cache Roots          2608 us, workers (us): 790, 882, 936, ---, ---, ---, 
[2026-04-03T03:35:57.285+0600][36.262s][info][gc,stats    ]     CWR: VM Weak Roots             1242 us, workers (us): 456, 427, 359, ---, ---, ---, 
[2026-04-03T03:35:57.285+0600][36.262s][info][gc,stats    ]     CWR: CLDG Roots                 106 us, workers (us): 106, ---, ---, ---, ---, ---, 
[2026-04-03T03:35:57.285+0600][36.262s][info][gc,stats    ]   Rendezvous                        254 us
[2026-04-03T03:35:57.285+0600][36.262s][info][gc,stats    ] Concurrent Cleanup                  631 us
[2026-04-03T03:35:57.285+0600][36.262s][info][gc,stats    ] Concurrent Class Unloading         6304 us
[2026-04-03T03:35:57.286+0600][36.262s][info][gc,stats    ]   Unlink Stale                     5326 us
[2026-04-03T03:35:57.286+0600][36.262s][info][gc,stats    ]     System Dictionary                91 us
[2026-04-03T03:35:57.286+0600][36.262s][info][gc,stats    ]     Weak Class Links                  0 us
[2026-04-03T03:35:57.286+0600][36.262s][info][gc,stats    ]     Code Roots                     5233 us
[2026-04-03T03:35:57.286+0600][36.262s][info][gc,stats    ]   Rendezvous                        292 us
[2026-04-03T03:35:57.286+0600][36.262s][info][gc,stats    ]   Purge Unlinked                    563 us
[2026-04-03T03:35:57.286+0600][36.263s][info][gc,stats    ]     Code Roots                      554 us
[2026-04-03T03:35:57.286+0600][36.263s][info][gc,stats    ]     CLDG                              8 us
[2026-04-03T03:35:57.286+0600][36.263s][info][gc,stats    ]     Exception Caches                  0 us
[2026-04-03T03:35:57.286+0600][36.263s][info][gc,stats    ] Concurrent Strong Roots             776 us, parallelism: 0.65x
[2026-04-03T03:35:57.286+0600][36.263s][info][gc,stats    ]   CSR: <total>                      501 us
[2026-04-03T03:35:57.286+0600][36.263s][info][gc,stats    ]   CSR: VM Strong Roots               36 us, workers (us):  34,   2,   1, ---, ---, ---, 
[2026-04-03T03:35:57.286+0600][36.263s][info][gc,stats    ]   CSR: CLDG Roots                   465 us, workers (us): ---, 465, ---, ---, ---, ---, 
[2026-04-03T03:35:57.286+0600][36.263s][info][gc,stats    ] Concurrent Evacuation             25391 us
[2026-04-03T03:35:57.286+0600][36.263s][info][gc,stats    ] Pause Init Update Refs (G)          457 us
[2026-04-03T03:35:57.286+0600][36.263s][info][gc,stats    ] Pause Init Update Refs (N)          146 us
[2026-04-03T03:35:57.286+0600][36.263s][info][gc,stats    ]   Manage GCLABs                      25 us
[2026-04-03T03:35:57.286+0600][36.263s][info][gc,stats    ] Concurrent Update Refs           136656 us
[2026-04-03T03:35:57.286+0600][36.263s][info][gc,stats    ] Concurrent Update Thread Roots     1151 us
[2026-04-03T03:35:57.286+0600][36.263s][info][gc,stats    ] Pause Final Update Refs (G)         502 us
[2026-04-03T03:35:57.286+0600][36.263s][info][gc,stats    ] Pause Final Update Refs (N)         213 us
[2026-04-03T03:35:57.286+0600][36.263s][info][gc,stats    ]   Update Region States               52 us
[2026-04-03T03:35:57.286+0600][36.263s][info][gc,stats    ]   Trash Collection Set               10 us
[2026-04-03T03:35:57.286+0600][36.263s][info][gc,stats    ]   Rebuild Free Set                   35 us
[2026-04-03T03:35:57.286+0600][36.263s][info][gc,stats    ] Concurrent Cleanup                  319 us
[2026-04-03T03:35:57.286+0600][36.263s][info][gc,stats    ] Pacing                            94124 us
[2026-04-03T03:35:57.286+0600][36.263s][info][gc,stats    ] 
[2026-04-03T03:35:57.286+0600][36.263s][info][gc,stats    ] Allocation pacing accrued:
[2026-04-03T03:35:57.286+0600][36.263s][info][gc,stats    ]      94 of   530 ms ( 17.7%): main
[2026-04-03T03:35:57.286+0600][36.263s][info][gc,stats    ]      94 of   530 ms ( 17.7%): <total>
[2026-04-03T03:35:57.286+0600][36.263s][info][gc,stats    ]       1 of   530 ms (  0.1%): <average total>
[2026-04-03T03:35:57.286+0600][36.263s][info][gc,stats    ]      94 of   530 ms ( 17.7%): <average non-zero>
[2026-04-03T03:35:57.286+0600][36.263s][info][gc,stats    ] 
[2026-04-03T03:35:57.286+0600][36.263s][info][gc,metaspace] Metaspace: 72513K(73408K)->72737K(73600K) NonClass: 63221K(63744K)->63412K(63872K) Class: 9292K(9664K)->9324K(9728K)
[2026-04-03T03:35:57.286+0600][36.263s][info][gc,ergo     ] Pacer for Idle. Initial: 35840K, Alloc Tax Rate: 1.0x
[2026-04-03T03:35:57.315+0600][36.292s][info][gc          ] Trigger: Explicit GC request (System.gc())
[2026-04-03T03:35:57.315+0600][36.292s][info][gc,ergo     ] Free: 1101M, Max: 512K regular, 373M humongous, Frag: 67% external, 0% internal; Reserve: 89600K, Max: 512K
[2026-04-03T03:35:57.315+0600][36.292s][info][gc,start    ] GC(24) Concurrent reset
[2026-04-03T03:35:57.315+0600][36.292s][info][gc,task     ] GC(24) Using 3 of 6 workers for concurrent reset
[2026-04-03T03:35:57.315+0600][36.292s][info][gc,ergo     ] GC(24) Pacer for Reset. Non-Taxable: 1750M
[2026-04-03T03:35:57.316+0600][36.293s][info][gc          ] GC(24) Concurrent reset 0.998ms
[2026-04-03T03:35:57.316+0600][36.293s][info][gc,start    ] GC(24) Pause Init Mark (unload classes)
[2026-04-03T03:35:57.316+0600][36.293s][info][gc,task     ] GC(24) Using 6 of 6 workers for init marking
[2026-04-03T03:35:57.316+0600][36.293s][info][gc,ref      ] GC(24) Clearing All SoftReferences
[2026-04-03T03:35:57.316+0600][36.293s][info][gc,ergo     ] GC(24) Pacer for Mark. Expected Live: 215M, Free: 1101M, Non-Taxable: 110M, Alloc Tax Rate: 0.2x
[2026-04-03T03:35:57.316+0600][36.293s][info][gc          ] GC(24) Pause Init Mark (unload classes) 0.090ms
[2026-04-03T03:35:57.317+0600][36.293s][info][gc,start    ] GC(24) Concurrent marking roots
[2026-04-03T03:35:57.317+0600][36.293s][info][gc,task     ] GC(24) Using 3 of 6 workers for concurrent marking roots
[2026-04-03T03:35:57.317+0600][36.294s][info][gc          ] GC(24) Concurrent marking roots 0.782ms
[2026-04-03T03:35:57.317+0600][36.294s][info][gc,start    ] GC(24) Concurrent marking (unload classes)
[2026-04-03T03:35:57.317+0600][36.294s][info][gc,task     ] GC(24) Using 3 of 6 workers for concurrent marking
[2026-04-03T03:35:57.443+0600][36.420s][info][gc          ] GC(24) Concurrent marking (unload classes) 125.264ms
[2026-04-03T03:35:57.443+0600][36.420s][info][gc,start    ] GC(24) Pause Final Mark (unload classes)
[2026-04-03T03:35:57.443+0600][36.420s][info][gc,task     ] GC(24) Using 6 of 6 workers for final marking
[2026-04-03T03:35:57.443+0600][36.420s][info][gc,ergo     ] GC(24) Collectable Garbage: 379M (91%), Immediate: 379M (91%), CSet: 0B (0%)
[2026-04-03T03:35:57.444+0600][36.421s][info][gc          ] GC(24) Pause Final Mark (unload classes) 0.792ms
[2026-04-03T03:35:57.444+0600][36.421s][info][gc,start    ] GC(24) Concurrent weak references
[2026-04-03T03:35:57.444+0600][36.421s][info][gc,task     ] GC(24) Using 3 of 6 workers for concurrent weak references
[2026-04-03T03:35:57.444+0600][36.421s][info][gc,ref      ] GC(24) Encountered references: Soft: 3369, Weak: 6182, Final: 84, Phantom: 600
[2026-04-03T03:35:57.445+0600][36.421s][info][gc,ref      ] GC(24) Discovered  references: Soft: 1028, Weak: 2997, Final: 4, Phantom: 597
[2026-04-03T03:35:57.445+0600][36.421s][info][gc,ref      ] GC(24) Enqueued    references: Soft: 612, Weak: 110, Final: 0, Phantom: 0
[2026-04-03T03:35:57.445+0600][36.421s][info][gc          ] GC(24) Concurrent weak references 0.722ms
[2026-04-03T03:35:57.445+0600][36.422s][info][gc,start    ] GC(24) Concurrent weak roots
[2026-04-03T03:35:57.445+0600][36.422s][info][gc,task     ] GC(24) Using 3 of 6 workers for concurrent weak root
[2026-04-03T03:35:57.447+0600][36.424s][info][gc          ] GC(24) Concurrent weak roots 2.000ms
[2026-04-03T03:35:57.447+0600][36.424s][info][gc,start    ] GC(24) Concurrent cleanup
[2026-04-03T03:35:57.447+0600][36.424s][info][gc          ] GC(24) Concurrent cleanup 557M->178M(1750M) 0.651ms
[2026-04-03T03:35:57.447+0600][36.424s][info][gc,ergo     ] GC(24) Free: 1481M, Max: 512K regular, 373M humongous, Frag: 75% external, 0% internal; Reserve: 89600K, Max: 512K
[2026-04-03T03:35:57.447+0600][36.424s][info][gc,start    ] GC(24) Concurrent class unloading
[2026-04-03T03:35:57.447+0600][36.424s][info][gc,task     ] GC(24) Using 3 of 6 workers for concurrent class unloading
[2026-04-03T03:35:57.465+0600][36.442s][info][gc          ] GC(24) Concurrent class unloading 17.554ms
[2026-04-03T03:35:57.466+0600][36.443s][info][gc,start    ] GC(24) Pause Final Roots
[2026-04-03T03:35:57.466+0600][36.443s][info][gc          ] GC(24) Pause Final Roots 0.065ms
[2026-04-03T03:35:57.466+0600][36.443s][info][gc,ergo     ] Free: 1476M, Max: 512K regular, 373M humongous, Frag: 75% external, 0% internal; Reserve: 89600K, Max: 512K
[2026-04-03T03:35:57.466+0600][36.443s][info][gc,stats    ] 
[2026-04-03T03:35:57.466+0600][36.443s][info][gc,stats    ] All times are wall-clock times, except per-root-class counters, that are sum over
[2026-04-03T03:35:57.466+0600][36.443s][info][gc,stats    ] all workers. Dividing the <total> over the root stage time estimates parallelism.
[2026-04-03T03:35:57.466+0600][36.443s][info][gc,stats    ] 
[2026-04-03T03:35:57.466+0600][36.443s][info][gc,stats    ] Concurrent Reset                   1045 us
[2026-04-03T03:35:57.466+0600][36.443s][info][gc,stats    ] Pause Init Mark (G)                 294 us
[2026-04-03T03:35:57.466+0600][36.443s][info][gc,stats    ] Pause Init Mark (N)                 101 us
[2026-04-03T03:35:57.466+0600][36.443s][info][gc,stats    ]   Update Region States               20 us
[2026-04-03T03:35:57.466+0600][36.443s][info][gc,stats    ] Concurrent Mark Roots               835 us, parallelism: 1.27x
[2026-04-03T03:35:57.466+0600][36.443s][info][gc,stats    ]   CMR: <total>                     1063 us
[2026-04-03T03:35:57.466+0600][36.443s][info][gc,stats    ]   CMR: Thread Roots                 692 us, workers (us): 246, 119, 327, ---, ---, ---, 
[2026-04-03T03:35:57.466+0600][36.443s][info][gc,stats    ]   CMR: VM Strong Roots              142 us, workers (us): 123,  19,   1, ---, ---, ---, 
[2026-04-03T03:35:57.466+0600][36.443s][info][gc,stats    ]   CMR: CLDG Roots                   229 us, workers (us): ---, 229, ---, ---, ---, ---, 
[2026-04-03T03:35:57.466+0600][36.443s][info][gc,stats    ] Concurrent Marking               125356 us
[2026-04-03T03:35:57.466+0600][36.443s][info][gc,stats    ] Pause Final Mark (G)               1104 us
[2026-04-03T03:35:57.466+0600][36.443s][info][gc,stats    ] Pause Final Mark (N)                811 us
[2026-04-03T03:35:57.466+0600][36.443s][info][gc,stats    ]   Finish Mark                       297 us
[2026-04-03T03:35:57.466+0600][36.443s][info][gc,stats    ]   Update Region States               51 us
[2026-04-03T03:35:57.466+0600][36.443s][info][gc,stats    ]   Choose Collection Set             106 us
[2026-04-03T03:35:57.466+0600][36.443s][info][gc,stats    ]   Rebuild Free Set                   51 us
[2026-04-03T03:35:57.466+0600][36.443s][info][gc,stats    ] Concurrent Weak References          735 us, parallelism: 0.99x
[2026-04-03T03:35:57.466+0600][36.443s][info][gc,stats    ]   CWRF: <total>                     728 us
[2026-04-03T03:35:57.466+0600][36.443s][info][gc,stats    ]   CWRF: Weak References             728 us, workers (us): 220, 431,  76, ---, ---, ---, 
[2026-04-03T03:35:57.466+0600][36.443s][info][gc,stats    ] Concurrent Weak Roots              2056 us
[2026-04-03T03:35:57.466+0600][36.443s][info][gc,stats    ]   Roots                            1688 us, parallelism: 2.42x
[2026-04-03T03:35:57.466+0600][36.443s][info][gc,stats    ]     CWR: <total>                   4090 us
[2026-04-03T03:35:57.466+0600][36.443s][info][gc,stats    ]     CWR: Code Cache Roots          3018 us, workers (us): 998, 1010, 1010, ---, ---, ---, 
[2026-04-03T03:35:57.466+0600][36.443s][info][gc,stats    ]     CWR: VM Weak Roots             1008 us, workers (us): 368, 322, 319, ---, ---, ---, 
[2026-04-03T03:35:57.466+0600][36.443s][info][gc,stats    ]     CWR: CLDG Roots                  64 us, workers (us): ---,  64, ---, ---, ---, ---, 
[2026-04-03T03:35:57.466+0600][36.443s][info][gc,stats    ]   Rendezvous                        284 us
[2026-04-03T03:35:57.466+0600][36.443s][info][gc,stats    ] Concurrent Cleanup                  682 us
[2026-04-03T03:35:57.466+0600][36.443s][info][gc,stats    ] Concurrent Class Unloading        17626 us
[2026-04-03T03:35:57.466+0600][36.443s][info][gc,stats    ]   Unlink Stale                    15994 us
[2026-04-03T03:35:57.466+0600][36.443s][info][gc,stats    ]     System Dictionary               378 us
[2026-04-03T03:35:57.466+0600][36.443s][info][gc,stats    ]     Weak Class Links               9715 us
[2026-04-03T03:35:57.466+0600][36.443s][info][gc,stats    ]     Code Roots                     5896 us
[2026-04-03T03:35:57.466+0600][36.443s][info][gc,stats    ]   Rendezvous                        335 us
[2026-04-03T03:35:57.466+0600][36.443s][info][gc,stats    ]   Purge Unlinked                   1201 us
[2026-04-03T03:35:57.466+0600][36.443s][info][gc,stats    ]     Code Roots                      681 us
[2026-04-03T03:35:57.466+0600][36.443s][info][gc,stats    ]     CLDG                            520 us
[2026-04-03T03:35:57.466+0600][36.443s][info][gc,stats    ]     Exception Caches                  0 us
[2026-04-03T03:35:57.466+0600][36.443s][info][gc,stats    ] Pause Final Roots (G)               833 us
[2026-04-03T03:35:57.466+0600][36.443s][info][gc,stats    ] Pause Final Roots (N)                76 us
[2026-04-03T03:35:57.466+0600][36.443s][info][gc,stats    ] 
[2026-04-03T03:35:57.466+0600][36.443s][info][gc,stats    ] Allocation pacing accrued:
[2026-04-03T03:35:57.466+0600][36.443s][info][gc,stats    ]       0 of   181 ms (  0.0%): <total>
[2026-04-03T03:35:57.466+0600][36.443s][info][gc,stats    ]       0 of   181 ms (  0.0%): <average total>
[2026-04-03T03:35:57.466+0600][36.443s][info][gc,stats    ] 
[2026-04-03T03:35:57.466+0600][36.443s][info][gc,metaspace] Metaspace: 72739K(73600K)->72280K(73600K) NonClass: 63414K(63872K)->63038K(63872K) Class: 9325K(9728K)->9241K(9728K)
[2026-04-03T03:35:57.466+0600][36.443s][info][gc,ergo     ] Pacer for Idle. Initial: 35840K, Alloc Tax Rate: 1.0x
[2026-04-03T03:35:57.466+0600][36.443s][info][gc,start    ] Concurrent uncommit
[2026-04-03T03:35:57.691+0600][36.668s][info][gc          ] Concurrent uncommit 183M->206M(212M) 224.448ms
[2026-04-03T03:35:58.044+0600][37.020s][info][gc          ] Trigger: Learning 2 of 5. Free (1224M) is below initial threshold (1225M)
[2026-04-03T03:35:58.044+0600][37.021s][info][gc,ergo     ] Free: 1224M, Max: 512K regular, 373M humongous, Frag: 70% external, 0% internal; Reserve: 89600K, Max: 512K
[2026-04-03T03:35:58.044+0600][37.021s][info][gc,start    ] GC(25) Concurrent reset
[2026-04-03T03:35:58.044+0600][37.021s][info][gc,task     ] GC(25) Using 3 of 6 workers for concurrent reset
[2026-04-03T03:35:58.044+0600][37.021s][info][gc,ergo     ] GC(25) Pacer for Reset. Non-Taxable: 1750M
[2026-04-03T03:35:58.045+0600][37.022s][info][gc          ] GC(25) Concurrent reset 1.228ms
[2026-04-03T03:35:58.045+0600][37.022s][info][gc,start    ] GC(25) Pause Init Mark (unload classes)
[2026-04-03T03:35:58.045+0600][37.022s][info][gc,task     ] GC(25) Using 6 of 6 workers for init marking
[2026-04-03T03:35:58.045+0600][37.022s][info][gc,ergo     ] GC(25) Pacer for Mark. Expected Live: 184M, Free: 1224M, Non-Taxable: 122M, Alloc Tax Rate: 0.2x
[2026-04-03T03:35:58.045+0600][37.022s][info][gc          ] GC(25) Pause Init Mark (unload classes) 0.173ms
[2026-04-03T03:35:58.046+0600][37.023s][info][gc,start    ] GC(25) Concurrent marking roots
[2026-04-03T03:35:58.046+0600][37.023s][info][gc,task     ] GC(25) Using 3 of 6 workers for concurrent marking roots
[2026-04-03T03:35:58.047+0600][37.024s][info][gc          ] GC(25) Concurrent marking roots 1.228ms
[2026-04-03T03:35:58.047+0600][37.024s][info][gc,start    ] GC(25) Concurrent marking (unload classes)
[2026-04-03T03:35:58.047+0600][37.024s][info][gc,task     ] GC(25) Using 3 of 6 workers for concurrent marking
[2026-04-03T03:35:58.414+0600][37.390s][info][gc          ] GC(25) Concurrent marking (unload classes) 366.610ms
[2026-04-03T03:35:58.414+0600][37.391s][info][gc,start    ] GC(25) Pause Final Mark (unload classes)
[2026-04-03T03:35:58.414+0600][37.391s][info][gc,task     ] GC(25) Using 6 of 6 workers for final marking
[2026-04-03T03:35:58.414+0600][37.391s][info][gc,ergo     ] GC(25) Adaptive CSet Selection. Target Free: 247M, Actual Free: 1121M, Max CSet: 74666K, Min Garbage: 0B
[2026-04-03T03:35:58.415+0600][37.392s][info][gc,ergo     ] GC(25) Collectable Garbage: 200M (97%), Immediate: 22949K (10%), CSet: 178M (86%)
[2026-04-03T03:35:58.415+0600][37.392s][info][gc,ergo     ] GC(25) Pacer for Evacuation. Used CSet: 248M, Free: 1040M, Non-Taxable: 104M, Alloc Tax Rate: 1.1x
[2026-04-03T03:35:58.415+0600][37.392s][info][gc          ] GC(25) Pause Final Mark (unload classes) 0.971ms
[2026-04-03T03:35:58.415+0600][37.392s][info][gc,start    ] GC(25) Concurrent thread roots
[2026-04-03T03:35:58.415+0600][37.392s][info][gc,task     ] GC(25) Using 3 of 6 workers for Concurrent thread roots
[2026-04-03T03:35:58.416+0600][37.393s][info][gc          ] GC(25) Concurrent thread roots 0.897ms
[2026-04-03T03:35:58.416+0600][37.393s][info][gc,start    ] GC(25) Concurrent weak references
[2026-04-03T03:35:58.416+0600][37.393s][info][gc,task     ] GC(25) Using 3 of 6 workers for concurrent weak references
[2026-04-03T03:35:58.416+0600][37.393s][info][gc,ref      ] GC(25) Encountered references: Soft: 3155, Weak: 6338, Final: 84, Phantom: 600
[2026-04-03T03:35:58.416+0600][37.393s][info][gc,ref      ] GC(25) Discovered  references: Soft: 0, Weak: 743, Final: 0, Phantom: 597
[2026-04-03T03:35:58.416+0600][37.393s][info][gc,ref      ] GC(25) Enqueued    references: Soft: 0, Weak: 118, Final: 0, Phantom: 0
[2026-04-03T03:35:58.416+0600][37.393s][info][gc          ] GC(25) Concurrent weak references 0.474ms
[2026-04-03T03:35:58.416+0600][37.393s][info][gc,start    ] GC(25) Concurrent weak roots
[2026-04-03T03:35:58.416+0600][37.393s][info][gc,task     ] GC(25) Using 3 of 6 workers for concurrent weak root
[2026-04-03T03:35:58.422+0600][37.399s][info][gc          ] GC(25) Concurrent weak roots 5.484ms
[2026-04-03T03:35:58.422+0600][37.399s][info][gc,start    ] GC(25) Concurrent cleanup
[2026-04-03T03:35:58.422+0600][37.399s][info][gc          ] GC(25) Concurrent cleanup 641M->619M(656M) 0.260ms
[2026-04-03T03:35:58.422+0600][37.399s][info][gc,ergo     ] GC(25) Free: 1035M, Max: 512K regular, 373M humongous, Frag: 64% external, 0% internal; Reserve: 89047K, Max: 512K
[2026-04-03T03:35:58.422+0600][37.399s][info][gc,start    ] GC(25) Concurrent class unloading
[2026-04-03T03:35:58.422+0600][37.399s][info][gc,task     ] GC(25) Using 3 of 6 workers for concurrent class unloading
[2026-04-03T03:35:58.450+0600][37.427s][info][gc          ] GC(25) Concurrent class unloading 27.982ms
[2026-04-03T03:35:58.450+0600][37.427s][info][gc,start    ] GC(25) Concurrent strong roots
[2026-04-03T03:35:58.450+0600][37.427s][info][gc,task     ] GC(25) Using 3 of 6 workers for concurrent strong root
[2026-04-03T03:35:58.452+0600][37.429s][info][gc          ] GC(25) Concurrent strong roots 2.136ms
[2026-04-03T03:35:58.453+0600][37.430s][info][gc,start    ] GC(25) Concurrent evacuation
[2026-04-03T03:35:58.453+0600][37.430s][info][gc,task     ] GC(25) Using 3 of 6 workers for concurrent evacuation
[2026-04-03T03:35:58.540+0600][37.517s][info][gc          ] GC(25) Concurrent evacuation 87.376ms
[2026-04-03T03:35:58.540+0600][37.517s][info][gc,start    ] GC(25) Pause Init Update Refs
[2026-04-03T03:35:58.540+0600][37.517s][info][gc,ergo     ] GC(25) Pacer for Update Refs. Used: 751M, Free: 972M, Non-Taxable: 99633K, Alloc Tax Rate: 1.1x
[2026-04-03T03:35:58.540+0600][37.517s][info][gc          ] GC(25) Pause Init Update Refs 0.100ms
[2026-04-03T03:35:58.540+0600][37.517s][info][gc,start    ] GC(25) Concurrent update references
[2026-04-03T03:35:58.541+0600][37.517s][info][gc,task     ] GC(25) Using 3 of 6 workers for concurrent reference update
[2026-04-03T03:35:58.721+0600][37.698s][info][gc          ] GC(25) Concurrent update references 180.566ms
[2026-04-03T03:35:58.721+0600][37.698s][info][gc,start    ] GC(25) Concurrent update thread roots
[2026-04-03T03:35:58.722+0600][37.699s][info][gc          ] GC(25) Concurrent update thread roots 1.166ms
[2026-04-03T03:35:58.723+0600][37.699s][info][gc,start    ] GC(25) Pause Final Update Refs
[2026-04-03T03:35:58.723+0600][37.700s][info][gc,task     ] GC(25) Using 6 of 6 workers for final reference update
[2026-04-03T03:35:58.723+0600][37.700s][info][gc          ] GC(25) Pause Final Update Refs 0.241ms
[2026-04-03T03:35:58.723+0600][37.700s][info][gc,start    ] GC(25) Concurrent cleanup
[2026-04-03T03:35:58.723+0600][37.700s][info][gc          ] GC(25) Concurrent cleanup 851M->603M(861M) 0.333ms
[2026-04-03T03:35:58.723+0600][37.700s][info][gc,ergo     ] Free: 1050M, Max: 512K regular, 373M humongous, Frag: 65% external, 0% internal; Reserve: 89600K, Max: 512K
[2026-04-03T03:35:58.723+0600][37.700s][info][gc,stats    ] 
[2026-04-03T03:35:58.723+0600][37.700s][info][gc,stats    ] All times are wall-clock times, except per-root-class counters, that are sum over
[2026-04-03T03:35:58.723+0600][37.700s][info][gc,stats    ] all workers. Dividing the <total> over the root stage time estimates parallelism.
[2026-04-03T03:35:58.723+0600][37.700s][info][gc,stats    ] 
[2026-04-03T03:35:58.723+0600][37.700s][info][gc,stats    ] Concurrent Reset                   1301 us
[2026-04-03T03:35:58.723+0600][37.700s][info][gc,stats    ] Pause Init Mark (G)                 549 us
[2026-04-03T03:35:58.723+0600][37.700s][info][gc,stats    ] Pause Init Mark (N)                 183 us
[2026-04-03T03:35:58.723+0600][37.700s][info][gc,stats    ]   Update Region States               45 us
[2026-04-03T03:35:58.723+0600][37.700s][info][gc,stats    ] Concurrent Mark Roots              1272 us, parallelism: 1.87x
[2026-04-03T03:35:58.723+0600][37.700s][info][gc,stats    ]   CMR: <total>                     2374 us
[2026-04-03T03:35:58.723+0600][37.700s][info][gc,stats    ]   CMR: Thread Roots                1910 us, workers (us): 762, 349, 799, ---, ---, ---, 
[2026-04-03T03:35:58.724+0600][37.700s][info][gc,stats    ]   CMR: VM Strong Roots               54 us, workers (us):  24,  18,  11, ---, ---, ---, 
[2026-04-03T03:35:58.724+0600][37.700s][info][gc,stats    ]   CMR: CLDG Roots                   410 us, workers (us): ---, 410, ---, ---, ---, ---, 
[2026-04-03T03:35:58.724+0600][37.700s][info][gc,stats    ] Concurrent Marking               366710 us
[2026-04-03T03:35:58.724+0600][37.700s][info][gc,stats    ] Pause Final Mark (G)               1255 us
[2026-04-03T03:35:58.724+0600][37.701s][info][gc,stats    ] Pause Final Mark (N)                988 us
[2026-04-03T03:35:58.724+0600][37.701s][info][gc,stats    ]   Finish Mark                       307 us
[2026-04-03T03:35:58.724+0600][37.701s][info][gc,stats    ]   Update Region States               76 us
[2026-04-03T03:35:58.724+0600][37.701s][info][gc,stats    ]   Choose Collection Set             385 us
[2026-04-03T03:35:58.724+0600][37.701s][info][gc,stats    ]   Rebuild Free Set                   58 us
[2026-04-03T03:35:58.724+0600][37.701s][info][gc,stats    ] Concurrent Thread Roots             944 us, parallelism: 2.31x
[2026-04-03T03:35:58.724+0600][37.701s][info][gc,stats    ]   CTR: <total>                     2183 us
[2026-04-03T03:35:58.724+0600][37.701s][info][gc,stats    ]   CTR: Thread Roots                2183 us, workers (us): 720, 719, 744, ---, ---, ---, 
[2026-04-03T03:35:58.724+0600][37.701s][info][gc,stats    ] Concurrent Weak References          488 us, parallelism: 0.89x
[2026-04-03T03:35:58.724+0600][37.701s][info][gc,stats    ]   CWRF: <total>                     433 us
[2026-04-03T03:35:58.724+0600][37.701s][info][gc,stats    ]   CWRF: Weak References             433 us, workers (us): 329, 102,   2, ---, ---, ---, 
[2026-04-03T03:35:58.724+0600][37.701s][info][gc,stats    ] Concurrent Weak Roots              5567 us
[2026-04-03T03:35:58.724+0600][37.701s][info][gc,stats    ]   Roots                            3191 us, parallelism: 2.65x
[2026-04-03T03:35:58.724+0600][37.701s][info][gc,stats    ]     CWR: <total>                   8452 us
[2026-04-03T03:35:58.724+0600][37.701s][info][gc,stats    ]     CWR: Code Cache Roots          5009 us, workers (us): 1627, 1613, 1768, ---, ---, ---, 
[2026-04-03T03:35:58.724+0600][37.701s][info][gc,stats    ]     CWR: VM Weak Roots             3292 us, workers (us): 1114, 1096, 1082, ---, ---, ---, 
[2026-04-03T03:35:58.724+0600][37.701s][info][gc,stats    ]     CWR: CLDG Roots                 150 us, workers (us): ---, 150, ---, ---, ---, ---, 
[2026-04-03T03:35:58.724+0600][37.701s][info][gc,stats    ]   Rendezvous                       2262 us
[2026-04-03T03:35:58.724+0600][37.701s][info][gc,stats    ] Concurrent Cleanup                  282 us
[2026-04-03T03:35:58.724+0600][37.701s][info][gc,stats    ] Concurrent Class Unloading        28110 us
[2026-04-03T03:35:58.724+0600][37.701s][info][gc,stats    ]   Unlink Stale                    26967 us
[2026-04-03T03:35:58.724+0600][37.701s][info][gc,stats    ]     System Dictionary               389 us
[2026-04-03T03:35:58.724+0600][37.701s][info][gc,stats    ]     Weak Class Links              17650 us
[2026-04-03T03:35:58.724+0600][37.701s][info][gc,stats    ]     Code Roots                     8922 us
[2026-04-03T03:35:58.724+0600][37.701s][info][gc,stats    ]   Rendezvous                        357 us
[2026-04-03T03:35:58.724+0600][37.701s][info][gc,stats    ]   Purge Unlinked                    616 us
[2026-04-03T03:35:58.724+0600][37.701s][info][gc,stats    ]     Code Roots                      511 us
[2026-04-03T03:35:58.724+0600][37.701s][info][gc,stats    ]     CLDG                            104 us
[2026-04-03T03:35:58.724+0600][37.701s][info][gc,stats    ]     Exception Caches                  0 us
[2026-04-03T03:35:58.724+0600][37.701s][info][gc,stats    ] Concurrent Strong Roots            2267 us, parallelism: 0.74x
[2026-04-03T03:35:58.724+0600][37.701s][info][gc,stats    ]   CSR: <total>                     1687 us
[2026-04-03T03:35:58.724+0600][37.701s][info][gc,stats    ]   CSR: VM Strong Roots               85 us, workers (us):  52,  31,   2, ---, ---, ---, 
[2026-04-03T03:35:58.724+0600][37.701s][info][gc,stats    ]   CSR: CLDG Roots                  1602 us, workers (us): ---, 1602, ---, ---, ---, ---, 
[2026-04-03T03:35:58.724+0600][37.701s][info][gc,stats    ] Concurrent Evacuation             87478 us
[2026-04-03T03:35:58.724+0600][37.701s][info][gc,stats    ] Pause Init Update Refs (G)          381 us
[2026-04-03T03:35:58.724+0600][37.701s][info][gc,stats    ] Pause Init Update Refs (N)          118 us
[2026-04-03T03:35:58.724+0600][37.701s][info][gc,stats    ]   Manage GCLABs                      27 us
[2026-04-03T03:35:58.724+0600][37.701s][info][gc,stats    ] Concurrent Update Refs           180683 us
[2026-04-03T03:35:58.724+0600][37.701s][info][gc,stats    ] Concurrent Update Thread Roots     1233 us
[2026-04-03T03:35:58.724+0600][37.701s][info][gc,stats    ] Pause Final Update Refs (G)         499 us
[2026-04-03T03:35:58.724+0600][37.701s][info][gc,stats    ] Pause Final Update Refs (N)         269 us
[2026-04-03T03:35:58.724+0600][37.701s][info][gc,stats    ]   Update Region States               80 us
[2026-04-03T03:35:58.724+0600][37.701s][info][gc,stats    ]   Trash Collection Set               45 us
[2026-04-03T03:35:58.724+0600][37.701s][info][gc,stats    ]   Rebuild Free Set                   47 us
[2026-04-03T03:35:58.724+0600][37.701s][info][gc,stats    ] Concurrent Cleanup                  360 us
[2026-04-03T03:35:58.724+0600][37.701s][info][gc,stats    ] 
[2026-04-03T03:35:58.724+0600][37.701s][info][gc,stats    ] Allocation pacing accrued:
[2026-04-03T03:35:58.724+0600][37.701s][info][gc,stats    ]       0 of  1258 ms (  0.0%): <total>
[2026-04-03T03:35:58.724+0600][37.701s][info][gc,stats    ]       0 of  1258 ms (  0.0%): <average total>
[2026-04-03T03:35:58.724+0600][37.701s][info][gc,stats    ] 
[2026-04-03T03:35:58.724+0600][37.701s][info][gc,metaspace] Metaspace: 72709K(73664K)->72688K(73664K) NonClass: 63404K(63936K)->63389K(63936K) Class: 9304K(9728K)->9298K(9728K)
[2026-04-03T03:35:58.724+0600][37.701s][info][gc,ergo     ] Pacer for Idle. Initial: 35840K, Alloc Tax Rate: 1.0x
[2026-04-03T03:35:58.725+0600][37.702s][info][gc          ] Trigger: Learning 3 of 5. Free (1048M) is below initial threshold (1225M)
[2026-04-03T03:35:58.726+0600][37.702s][info][gc,ergo     ] Free: 1048M, Max: 512K regular, 373M humongous, Frag: 65% external, 0% internal; Reserve: 89600K, Max: 512K
[2026-04-03T03:35:58.726+0600][37.702s][info][gc,start    ] GC(26) Concurrent reset
[2026-04-03T03:35:58.726+0600][37.703s][info][gc,task     ] GC(26) Using 3 of 6 workers for concurrent reset
[2026-04-03T03:35:58.726+0600][37.703s][info][gc,ergo     ] GC(26) Pacer for Reset. Non-Taxable: 1750M
[2026-04-03T03:35:58.728+0600][37.705s][info][gc          ] GC(26) Concurrent reset 2.061ms
[2026-04-03T03:35:58.728+0600][37.705s][info][gc,start    ] GC(26) Pause Init Mark (unload classes)
[2026-04-03T03:35:58.728+0600][37.705s][info][gc,task     ] GC(26) Using 6 of 6 workers for init marking
[2026-04-03T03:35:58.728+0600][37.705s][info][gc,ergo     ] GC(26) Pacer for Mark. Expected Live: 193M, Free: 1046M, Non-Taxable: 104M, Alloc Tax Rate: 0.2x
[2026-04-03T03:35:58.728+0600][37.705s][info][gc          ] GC(26) Pause Init Mark (unload classes) 0.148ms
[2026-04-03T03:35:58.728+0600][37.705s][info][gc,start    ] GC(26) Concurrent marking roots
[2026-04-03T03:35:58.728+0600][37.705s][info][gc,task     ] GC(26) Using 3 of 6 workers for concurrent marking roots
[2026-04-03T03:35:58.729+0600][37.706s][info][gc          ] GC(26) Concurrent marking roots 0.996ms
[2026-04-03T03:35:58.729+0600][37.706s][info][gc,start    ] GC(26) Concurrent marking (unload classes)
[2026-04-03T03:35:58.729+0600][37.706s][info][gc,task     ] GC(26) Using 3 of 6 workers for concurrent marking
[2026-04-03T03:35:59.108+0600][38.085s][info][gc          ] GC(26) Concurrent marking (unload classes) 378.708ms
[2026-04-03T03:35:59.108+0600][38.085s][info][gc,start    ] GC(26) Pause Final Mark (unload classes)
[2026-04-03T03:35:59.108+0600][38.085s][info][gc,task     ] GC(26) Using 6 of 6 workers for final marking
[2026-04-03T03:35:59.109+0600][38.086s][info][gc,ergo     ] GC(26) Adaptive CSet Selection. Target Free: 247M, Actual Free: 920M, Max CSet: 74666K, Min Garbage: 0B
[2026-04-03T03:35:59.109+0600][38.086s][info][gc,ergo     ] GC(26) Collectable Garbage: 336M (98%), Immediate: 4608K (1%), CSet: 332M (97%)
[2026-04-03T03:35:59.109+0600][38.086s][info][gc,ergo     ] GC(26) Pacer for Evacuation. Used CSet: 369M, Free: 836M, Non-Taxable: 85656K, Alloc Tax Rate: 1.1x
[2026-04-03T03:35:59.109+0600][38.086s][info][gc          ] GC(26) Pause Final Mark (unload classes) 1.112ms
[2026-04-03T03:35:59.110+0600][38.086s][info][gc,start    ] GC(26) Concurrent thread roots
[2026-04-03T03:35:59.110+0600][38.087s][info][gc,task     ] GC(26) Using 3 of 6 workers for Concurrent thread roots
[2026-04-03T03:35:59.111+0600][38.087s][info][gc          ] GC(26) Concurrent thread roots 0.981ms
[2026-04-03T03:35:59.111+0600][38.087s][info][gc,start    ] GC(26) Concurrent weak references
[2026-04-03T03:35:59.111+0600][38.087s][info][gc,task     ] GC(26) Using 3 of 6 workers for concurrent weak references
[2026-04-03T03:35:59.111+0600][38.088s][info][gc,ref      ] GC(26) Encountered references: Soft: 3155, Weak: 6220, Final: 84, Phantom: 600
[2026-04-03T03:35:59.111+0600][38.088s][info][gc,ref      ] GC(26) Discovered  references: Soft: 0, Weak: 1061, Final: 2, Phantom: 597
[2026-04-03T03:35:59.111+0600][38.088s][info][gc,ref      ] GC(26) Enqueued    references: Soft: 0, Weak: 0, Final: 0, Phantom: 0
[2026-04-03T03:35:59.111+0600][38.088s][info][gc          ] GC(26) Concurrent weak references 0.199ms
[2026-04-03T03:35:59.111+0600][38.088s][info][gc,start    ] GC(26) Concurrent weak roots
[2026-04-03T03:35:59.111+0600][38.088s][info][gc,task     ] GC(26) Using 3 of 6 workers for concurrent weak root
[2026-04-03T03:35:59.113+0600][38.090s][info][gc          ] GC(26) Concurrent weak roots 2.151ms
[2026-04-03T03:35:59.113+0600][38.090s][info][gc,start    ] GC(26) Concurrent cleanup
[2026-04-03T03:35:59.113+0600][38.090s][info][gc          ] GC(26) Concurrent cleanup 826M->822M(861M) 0.566ms
[2026-04-03T03:35:59.114+0600][38.090s][info][gc,ergo     ] GC(26) Free: 833M, Max: 512K regular, 373M humongous, Frag: 56% external, 0% internal; Reserve: 89217K, Max: 512K
[2026-04-03T03:35:59.114+0600][38.090s][info][gc,start    ] GC(26) Concurrent class unloading
[2026-04-03T03:35:59.114+0600][38.090s][info][gc,task     ] GC(26) Using 3 of 6 workers for concurrent class unloading
[2026-04-03T03:35:59.121+0600][38.097s][info][gc          ] GC(26) Concurrent class unloading 6.978ms
[2026-04-03T03:35:59.121+0600][38.098s][info][gc,start    ] GC(26) Concurrent strong roots
[2026-04-03T03:35:59.121+0600][38.098s][info][gc,task     ] GC(26) Using 3 of 6 workers for concurrent strong root
[2026-04-03T03:35:59.122+0600][38.099s][info][gc          ] GC(26) Concurrent strong roots 0.928ms
[2026-04-03T03:35:59.122+0600][38.099s][info][gc,start    ] GC(26) Concurrent evacuation
[2026-04-03T03:35:59.122+0600][38.099s][info][gc,task     ] GC(26) Using 3 of 6 workers for concurrent evacuation
[2026-04-03T03:35:59.170+0600][38.147s][info][gc          ] GC(26) Concurrent evacuation 48.819ms
[2026-04-03T03:35:59.171+0600][38.148s][info][gc,start    ] GC(26) Pause Init Update Refs
[2026-04-03T03:35:59.171+0600][38.148s][info][gc,ergo     ] GC(26) Pacer for Update Refs. Used: 891M, Free: 802M, Non-Taxable: 82225K, Alloc Tax Rate: 1.4x
[2026-04-03T03:35:59.171+0600][38.148s][info][gc          ] GC(26) Pause Init Update Refs 0.108ms
[2026-04-03T03:35:59.171+0600][38.148s][info][gc,start    ] GC(26) Concurrent update references
[2026-04-03T03:35:59.171+0600][38.148s][info][gc,task     ] GC(26) Using 3 of 6 workers for concurrent reference update
[2026-04-03T03:35:59.411+0600][38.388s][info][gc          ] GC(26) Concurrent update references 240.318ms
[2026-04-03T03:35:59.411+0600][38.388s][info][gc,start    ] GC(26) Concurrent update thread roots
[2026-04-03T03:35:59.413+0600][38.389s][info][gc          ] GC(26) Concurrent update thread roots 1.092ms
[2026-04-03T03:35:59.435+0600][38.412s][info][gc,start    ] GC(26) Pause Final Update Refs
[2026-04-03T03:35:59.435+0600][38.412s][info][gc,task     ] GC(26) Using 6 of 6 workers for final reference update
[2026-04-03T03:35:59.435+0600][38.412s][info][gc          ] GC(26) Pause Final Update Refs 0.185ms
[2026-04-03T03:35:59.435+0600][38.412s][info][gc,start    ] GC(26) Concurrent cleanup
[2026-04-03T03:35:59.435+0600][38.412s][info][gc          ] GC(26) Concurrent cleanup 1034M->664M(1041M) 0.283ms
[2026-04-03T03:35:59.436+0600][38.413s][info][gc,ergo     ] Free: 990M, Max: 512K regular, 373M humongous, Frag: 63% external, 0% internal; Reserve: 89600K, Max: 512K
[2026-04-03T03:35:59.436+0600][38.413s][info][gc,stats    ] 
[2026-04-03T03:35:59.436+0600][38.413s][info][gc,stats    ] All times are wall-clock times, except per-root-class counters, that are sum over
[2026-04-03T03:35:59.436+0600][38.413s][info][gc,stats    ] all workers. Dividing the <total> over the root stage time estimates parallelism.
[2026-04-03T03:35:59.436+0600][38.413s][info][gc,stats    ] 
[2026-04-03T03:35:59.436+0600][38.413s][info][gc,stats    ] Concurrent Reset                   2138 us
[2026-04-03T03:35:59.436+0600][38.413s][info][gc,stats    ] Pause Init Mark (G)                 470 us
[2026-04-03T03:35:59.436+0600][38.413s][info][gc,stats    ] Pause Init Mark (N)                 162 us
[2026-04-03T03:35:59.436+0600][38.413s][info][gc,stats    ]   Update Region States               44 us
[2026-04-03T03:35:59.436+0600][38.413s][info][gc,stats    ] Concurrent Mark Roots              1054 us, parallelism: 1.68x
[2026-04-03T03:35:59.436+0600][38.413s][info][gc,stats    ]   CMR: <total>                     1776 us
[2026-04-03T03:35:59.436+0600][38.413s][info][gc,stats    ]   CMR: Thread Roots                1444 us, workers (us): 335, 557, 552, ---, ---, ---, 
[2026-04-03T03:35:59.436+0600][38.413s][info][gc,stats    ]   CMR: VM Strong Roots               98 us, workers (us):  69,  28,   1, ---, ---, ---, 
[2026-04-03T03:35:59.436+0600][38.413s][info][gc,stats    ]   CMR: CLDG Roots                   234 us, workers (us): 234, ---, ---, ---, ---, ---, 
[2026-04-03T03:35:59.436+0600][38.413s][info][gc,stats    ] Concurrent Marking               378799 us
[2026-04-03T03:35:59.436+0600][38.413s][info][gc,stats    ] Pause Final Mark (G)               1485 us
[2026-04-03T03:35:59.436+0600][38.413s][info][gc,stats    ] Pause Final Mark (N)               1129 us
[2026-04-03T03:35:59.436+0600][38.413s][info][gc,stats    ]   Finish Mark                       228 us
[2026-04-03T03:35:59.436+0600][38.413s][info][gc,stats    ]   Update Region States              144 us
[2026-04-03T03:35:59.436+0600][38.413s][info][gc,stats    ]   Choose Collection Set             492 us
[2026-04-03T03:35:59.436+0600][38.413s][info][gc,stats    ]   Rebuild Free Set                   41 us
[2026-04-03T03:35:59.436+0600][38.413s][info][gc,stats    ] Concurrent Thread Roots            1017 us, parallelism: 2.17x
[2026-04-03T03:35:59.436+0600][38.413s][info][gc,stats    ]   CTR: <total>                     2201 us
[2026-04-03T03:35:59.436+0600][38.413s][info][gc,stats    ]   CTR: Thread Roots                2201 us, workers (us): 775, 722, 704, ---, ---, ---, 
[2026-04-03T03:35:59.436+0600][38.413s][info][gc,stats    ] Concurrent Weak References          206 us, parallelism: 0.80x
[2026-04-03T03:35:59.436+0600][38.413s][info][gc,stats    ]   CWRF: <total>                     164 us
[2026-04-03T03:35:59.436+0600][38.413s][info][gc,stats    ]   CWRF: Weak References             164 us, workers (us):  75,  54,  35, ---, ---, ---, 
[2026-04-03T03:35:59.436+0600][38.413s][info][gc,stats    ] Concurrent Weak Roots              2180 us
[2026-04-03T03:35:59.436+0600][38.413s][info][gc,stats    ]   Roots                            1984 us, parallelism: 2.56x
[2026-04-03T03:35:59.436+0600][38.413s][info][gc,stats    ]     CWR: <total>                   5073 us
[2026-04-03T03:35:59.436+0600][38.413s][info][gc,stats    ]     CWR: Code Cache Roots          3366 us, workers (us): 1037, 1136, 1192, ---, ---, ---, 
[2026-04-03T03:35:59.436+0600][38.413s][info][gc,stats    ]     CWR: VM Weak Roots             1664 us, workers (us): 617, 524, 523, ---, ---, ---, 
[2026-04-03T03:35:59.436+0600][38.413s][info][gc,stats    ]     CWR: CLDG Roots                  43 us, workers (us):  43, ---, ---, ---, ---, ---, 
[2026-04-03T03:35:59.436+0600][38.413s][info][gc,stats    ]   Rendezvous                        149 us
[2026-04-03T03:35:59.436+0600][38.413s][info][gc,stats    ] Concurrent Cleanup                  579 us
[2026-04-03T03:35:59.436+0600][38.413s][info][gc,stats    ] Concurrent Class Unloading         7074 us
[2026-04-03T03:35:59.436+0600][38.413s][info][gc,stats    ]   Unlink Stale                     6461 us
[2026-04-03T03:35:59.436+0600][38.413s][info][gc,stats    ]     System Dictionary               143 us
[2026-04-03T03:35:59.436+0600][38.413s][info][gc,stats    ]     Weak Class Links                  1 us
[2026-04-03T03:35:59.436+0600][38.413s][info][gc,stats    ]     Code Roots                     6313 us
[2026-04-03T03:35:59.436+0600][38.413s][info][gc,stats    ]   Rendezvous                        297 us
[2026-04-03T03:35:59.436+0600][38.413s][info][gc,stats    ]   Purge Unlinked                    198 us
[2026-04-03T03:35:59.436+0600][38.413s][info][gc,stats    ]     Code Roots                      185 us
[2026-04-03T03:35:59.436+0600][38.413s][info][gc,stats    ]     CLDG                             12 us
[2026-04-03T03:35:59.436+0600][38.413s][info][gc,stats    ]     Exception Caches                  0 us
[2026-04-03T03:35:59.436+0600][38.413s][info][gc,stats    ] Concurrent Strong Roots            1031 us, parallelism: 0.53x
[2026-04-03T03:35:59.436+0600][38.413s][info][gc,stats    ]   CSR: <total>                      551 us
[2026-04-03T03:35:59.436+0600][38.413s][info][gc,stats    ]   CSR: VM Strong Roots               39 us, workers (us):  14,  16,   9, ---, ---, ---, 
[2026-04-03T03:35:59.436+0600][38.413s][info][gc,stats    ]   CSR: CLDG Roots                   512 us, workers (us): ---, ---, 512, ---, ---, ---, 
[2026-04-03T03:35:59.436+0600][38.413s][info][gc,stats    ] Concurrent Evacuation             48929 us
[2026-04-03T03:35:59.436+0600][38.413s][info][gc,stats    ] Pause Init Update Refs (G)          370 us
[2026-04-03T03:35:59.436+0600][38.413s][info][gc,stats    ] Pause Init Update Refs (N)          124 us
[2026-04-03T03:35:59.436+0600][38.413s][info][gc,stats    ]   Manage GCLABs                      26 us
[2026-04-03T03:35:59.436+0600][38.413s][info][gc,stats    ] Concurrent Update Refs           240440 us
[2026-04-03T03:35:59.436+0600][38.413s][info][gc,stats    ] Concurrent Update Thread Roots    23372 us
[2026-04-03T03:35:59.436+0600][38.413s][info][gc,stats    ] Pause Final Update Refs (G)         413 us
[2026-04-03T03:35:59.436+0600][38.413s][info][gc,stats    ] Pause Final Update Refs (N)         202 us
[2026-04-03T03:35:59.436+0600][38.413s][info][gc,stats    ]   Update Region States               57 us
[2026-04-03T03:35:59.436+0600][38.413s][info][gc,stats    ]   Trash Collection Set               17 us
[2026-04-03T03:35:59.436+0600][38.413s][info][gc,stats    ]   Rebuild Free Set                   33 us
[2026-04-03T03:35:59.436+0600][38.413s][info][gc,stats    ] Concurrent Cleanup                  317 us
[2026-04-03T03:35:59.436+0600][38.413s][info][gc,stats    ] Pacing                            17082 us
[2026-04-03T03:35:59.436+0600][38.413s][info][gc,stats    ] 
[2026-04-03T03:35:59.436+0600][38.413s][info][gc,stats    ] Allocation pacing accrued:
[2026-04-03T03:35:59.436+0600][38.413s][info][gc,stats    ]       7 of   712 ms (  1.0%): Executor task launch worker for task 1.0 in stage 14.0 (TID 22)
[2026-04-03T03:35:59.436+0600][38.413s][info][gc,stats    ]       5 of   712 ms (  0.7%): Executor task launch worker for task 0.0 in stage 14.0 (TID 21)
[2026-04-03T03:35:59.436+0600][38.413s][info][gc,stats    ]       5 of   712 ms (  0.7%): Executor task launch worker for task 2.0 in stage 14.0 (TID 23)
[2026-04-03T03:35:59.436+0600][38.413s][info][gc,stats    ]      17 of   712 ms (  2.4%): <total>
[2026-04-03T03:35:59.436+0600][38.413s][info][gc,stats    ]       0 of   712 ms (  0.0%): <average total>
[2026-04-03T03:35:59.436+0600][38.413s][info][gc,stats    ]       6 of   712 ms (  0.8%): <average non-zero>
[2026-04-03T03:35:59.436+0600][38.413s][info][gc,stats    ] 
[2026-04-03T03:35:59.436+0600][38.413s][info][gc,metaspace] Metaspace: 72688K(73664K)->72688K(73664K) NonClass: 63389K(63936K)->63389K(63936K) Class: 9298K(9728K)->9298K(9728K)
[2026-04-03T03:35:59.436+0600][38.413s][info][gc,ergo     ] Pacer for Idle. Initial: 35840K, Alloc Tax Rate: 1.0x
[2026-04-03T03:35:59.437+0600][38.414s][info][gc          ] Trigger: Learning 4 of 5. Free (988M) is below initial threshold (1225M)
[2026-04-03T03:35:59.438+0600][38.414s][info][gc,ergo     ] Free: 987M, Max: 512K regular, 373M humongous, Frag: 63% external, 0% internal; Reserve: 89600K, Max: 512K
[2026-04-03T03:35:59.438+0600][38.415s][info][gc,start    ] GC(27) Concurrent reset
[2026-04-03T03:35:59.438+0600][38.415s][info][gc,task     ] GC(27) Using 3 of 6 workers for concurrent reset
[2026-04-03T03:35:59.438+0600][38.415s][info][gc,ergo     ] GC(27) Pacer for Reset. Non-Taxable: 1750M
[2026-04-03T03:35:59.440+0600][38.417s][info][gc          ] GC(27) Concurrent reset 2.178ms
[2026-04-03T03:35:59.440+0600][38.417s][info][gc,start    ] GC(27) Pause Init Mark (unload classes)
[2026-04-03T03:35:59.440+0600][38.417s][info][gc,task     ] GC(27) Using 6 of 6 workers for init marking
[2026-04-03T03:35:59.440+0600][38.417s][info][gc,ergo     ] GC(27) Pacer for Mark. Expected Live: 212M, Free: 986M, Non-Taxable: 101016K, Alloc Tax Rate: 0.3x
[2026-04-03T03:35:59.440+0600][38.417s][info][gc          ] GC(27) Pause Init Mark (unload classes) 0.145ms
[2026-04-03T03:35:59.440+0600][38.417s][info][gc,start    ] GC(27) Concurrent marking roots
[2026-04-03T03:35:59.440+0600][38.417s][info][gc,task     ] GC(27) Using 3 of 6 workers for concurrent marking roots
[2026-04-03T03:35:59.441+0600][38.418s][info][gc          ] GC(27) Concurrent marking roots 0.944ms
[2026-04-03T03:35:59.441+0600][38.418s][info][gc,start    ] GC(27) Concurrent marking (unload classes)
[2026-04-03T03:35:59.441+0600][38.418s][info][gc,task     ] GC(27) Using 3 of 6 workers for concurrent marking
[2026-04-03T03:35:59.861+0600][38.837s][info][gc          ] GC(27) Concurrent marking (unload classes) 419.306ms
[2026-04-03T03:35:59.861+0600][38.838s][info][gc,start    ] GC(27) Pause Final Mark (unload classes)
[2026-04-03T03:35:59.861+0600][38.838s][info][gc,task     ] GC(27) Using 6 of 6 workers for final marking
[2026-04-03T03:35:59.861+0600][38.838s][info][gc,ergo     ] GC(27) Adaptive CSet Selection. Target Free: 247M, Actual Free: 857M, Max CSet: 74666K, Min Garbage: 0B
[2026-04-03T03:35:59.861+0600][38.838s][info][gc,ergo     ] GC(27) Collectable Garbage: 368M (97%), Immediate: 6144K (1%), CSet: 362M (96%)
[2026-04-03T03:35:59.861+0600][38.838s][info][gc,ergo     ] GC(27) Pacer for Evacuation. Used CSet: 393M, Free: 771M, Non-Taxable: 79000K, Alloc Tax Rate: 1.2x
[2026-04-03T03:35:59.862+0600][38.838s][info][gc          ] GC(27) Pause Final Mark (unload classes) 0.822ms
[2026-04-03T03:35:59.862+0600][38.839s][info][gc,start    ] GC(27) Concurrent thread roots
[2026-04-03T03:35:59.862+0600][38.839s][info][gc,task     ] GC(27) Using 3 of 6 workers for Concurrent thread roots
[2026-04-03T03:35:59.862+0600][38.839s][info][gc          ] GC(27) Concurrent thread roots 0.546ms
[2026-04-03T03:35:59.862+0600][38.839s][info][gc,start    ] GC(27) Concurrent weak references
[2026-04-03T03:35:59.862+0600][38.839s][info][gc,task     ] GC(27) Using 3 of 6 workers for concurrent weak references
[2026-04-03T03:35:59.862+0600][38.839s][info][gc,ref      ] GC(27) Encountered references: Soft: 3155, Weak: 6220, Final: 84, Phantom: 600
[2026-04-03T03:35:59.862+0600][38.839s][info][gc,ref      ] GC(27) Discovered  references: Soft: 0, Weak: 631, Final: 0, Phantom: 597
[2026-04-03T03:35:59.862+0600][38.839s][info][gc,ref      ] GC(27) Enqueued    references: Soft: 0, Weak: 0, Final: 0, Phantom: 0
[2026-04-03T03:35:59.862+0600][38.839s][info][gc          ] GC(27) Concurrent weak references 0.252ms
[2026-04-03T03:35:59.862+0600][38.839s][info][gc,start    ] GC(27) Concurrent weak roots
[2026-04-03T03:35:59.862+0600][38.839s][info][gc,task     ] GC(27) Using 3 of 6 workers for concurrent weak root
[2026-04-03T03:35:59.864+0600][38.841s][info][gc          ] GC(27) Concurrent weak roots 1.819ms
[2026-04-03T03:35:59.864+0600][38.841s][info][gc,start    ] GC(27) Concurrent cleanup
[2026-04-03T03:35:59.865+0600][38.842s][info][gc          ] GC(27) Concurrent cleanup 894M->888M(1041M) 0.178ms
[2026-04-03T03:35:59.865+0600][38.842s][info][gc,ergo     ] GC(27) Free: 768M, Max: 512K regular, 373M humongous, Frag: 52% external, 0% internal; Reserve: 89410K, Max: 512K
[2026-04-03T03:35:59.865+0600][38.842s][info][gc,start    ] GC(27) Concurrent class unloading
[2026-04-03T03:35:59.865+0600][38.842s][info][gc,task     ] GC(27) Using 3 of 6 workers for concurrent class unloading
[2026-04-03T03:35:59.870+0600][38.847s][info][gc          ] GC(27) Concurrent class unloading 5.530ms
[2026-04-03T03:35:59.870+0600][38.847s][info][gc,start    ] GC(27) Concurrent strong roots
[2026-04-03T03:35:59.870+0600][38.847s][info][gc,task     ] GC(27) Using 3 of 6 workers for concurrent strong root
[2026-04-03T03:35:59.871+0600][38.848s][info][gc          ] GC(27) Concurrent strong roots 0.729ms
[2026-04-03T03:35:59.871+0600][38.848s][info][gc,start    ] GC(27) Concurrent evacuation
[2026-04-03T03:35:59.871+0600][38.848s][info][gc,task     ] GC(27) Using 3 of 6 workers for concurrent evacuation
[2026-04-03T03:35:59.917+0600][38.893s][info][gc          ] GC(27) Concurrent evacuation 45.513ms
[2026-04-03T03:35:59.917+0600][38.894s][info][gc,start    ] GC(27) Pause Init Update Refs
[2026-04-03T03:35:59.917+0600][38.894s][info][gc,ergo     ] GC(27) Pacer for Update Refs. Used: 954M, Free: 733M, Non-Taxable: 75160K, Alloc Tax Rate: 1.6x
[2026-04-03T03:35:59.917+0600][38.894s][info][gc          ] GC(27) Pause Init Update Refs 0.137ms
[2026-04-03T03:35:59.917+0600][38.894s][info][gc,start    ] GC(27) Concurrent update references
[2026-04-03T03:35:59.917+0600][38.894s][info][gc,task     ] GC(27) Using 3 of 6 workers for concurrent reference update
[2026-04-03T03:36:00.199+0600][39.176s][info][gc          ] GC(27) Concurrent update references 282.003ms
[2026-04-03T03:36:00.199+0600][39.176s][info][gc,start    ] GC(27) Concurrent update thread roots
[2026-04-03T03:36:00.200+0600][39.177s][info][gc          ] GC(27) Concurrent update thread roots 1.126ms
[2026-04-03T03:36:00.201+0600][39.178s][info][gc,start    ] GC(27) Pause Final Update Refs
[2026-04-03T03:36:00.201+0600][39.178s][info][gc,task     ] GC(27) Using 6 of 6 workers for final reference update
[2026-04-03T03:36:00.201+0600][39.178s][info][gc          ] GC(27) Pause Final Update Refs 0.276ms
[2026-04-03T03:36:00.201+0600][39.178s][info][gc,start    ] GC(27) Concurrent cleanup
[2026-04-03T03:36:00.202+0600][39.179s][info][gc          ] GC(27) Concurrent cleanup 1116M->731M(1122M) 0.486ms
[2026-04-03T03:36:00.202+0600][39.179s][info][gc,ergo     ] Free: 924M, Max: 512K regular, 373M humongous, Frag: 60% external, 0% internal; Reserve: 89600K, Max: 512K
[2026-04-03T03:36:00.202+0600][39.179s][info][gc,stats    ] 
[2026-04-03T03:36:00.202+0600][39.179s][info][gc,stats    ] All times are wall-clock times, except per-root-class counters, that are sum over
[2026-04-03T03:36:00.202+0600][39.179s][info][gc,stats    ] all workers. Dividing the <total> over the root stage time estimates parallelism.
[2026-04-03T03:36:00.202+0600][39.179s][info][gc,stats    ] 
[2026-04-03T03:36:00.202+0600][39.179s][info][gc,stats    ] Concurrent Reset                   2252 us
[2026-04-03T03:36:00.202+0600][39.179s][info][gc,stats    ] Pause Init Mark (G)                 384 us
[2026-04-03T03:36:00.202+0600][39.179s][info][gc,stats    ] Pause Init Mark (N)                 157 us
[2026-04-03T03:36:00.202+0600][39.179s][info][gc,stats    ]   Update Region States               34 us
[2026-04-03T03:36:00.202+0600][39.179s][info][gc,stats    ] Concurrent Mark Roots               982 us, parallelism: 1.69x
[2026-04-03T03:36:00.202+0600][39.179s][info][gc,stats    ]   CMR: <total>                     1663 us
[2026-04-03T03:36:00.202+0600][39.179s][info][gc,stats    ]   CMR: Thread Roots                1423 us, workers (us): 362, 567, 494, ---, ---, ---, 
[2026-04-03T03:36:00.202+0600][39.179s][info][gc,stats    ]   CMR: VM Strong Roots               38 us, workers (us):  26,  12,   1, ---, ---, ---, 
[2026-04-03T03:36:00.202+0600][39.179s][info][gc,stats    ]   CMR: CLDG Roots                   202 us, workers (us): 202, ---, ---, ---, ---, ---, 
[2026-04-03T03:36:00.202+0600][39.179s][info][gc,stats    ] Concurrent Marking               419376 us
[2026-04-03T03:36:00.202+0600][39.179s][info][gc,stats    ] Pause Final Mark (G)               1049 us
[2026-04-03T03:36:00.202+0600][39.179s][info][gc,stats    ] Pause Final Mark (N)                834 us
[2026-04-03T03:36:00.202+0600][39.179s][info][gc,stats    ]   Finish Mark                       297 us
[2026-04-03T03:36:00.202+0600][39.179s][info][gc,stats    ]   Update Region States               50 us
[2026-04-03T03:36:00.202+0600][39.179s][info][gc,stats    ]   Choose Collection Set             362 us
[2026-04-03T03:36:00.202+0600][39.179s][info][gc,stats    ]   Rebuild Free Set                   27 us
[2026-04-03T03:36:00.202+0600][39.179s][info][gc,stats    ] Concurrent Thread Roots             578 us, parallelism: 1.77x
[2026-04-03T03:36:00.202+0600][39.179s][info][gc,stats    ]   CTR: <total>                     1022 us
[2026-04-03T03:36:00.202+0600][39.179s][info][gc,stats    ]   CTR: Thread Roots                1022 us, workers (us): 403, 319, 300, ---, ---, ---, 
[2026-04-03T03:36:00.202+0600][39.179s][info][gc,stats    ] Concurrent Weak References          262 us, parallelism: 0.39x
[2026-04-03T03:36:00.202+0600][39.179s][info][gc,stats    ]   CWRF: <total>                     101 us
[2026-04-03T03:36:00.202+0600][39.179s][info][gc,stats    ]   CWRF: Weak References             101 us, workers (us):  55,   1,  45, ---, ---, ---, 
[2026-04-03T03:36:00.202+0600][39.179s][info][gc,stats    ] Concurrent Weak Roots              1892 us
[2026-04-03T03:36:00.202+0600][39.179s][info][gc,stats    ]   Roots                            1599 us, parallelism: 2.54x
[2026-04-03T03:36:00.202+0600][39.179s][info][gc,stats    ]     CWR: <total>                   4058 us
[2026-04-03T03:36:00.202+0600][39.179s][info][gc,stats    ]     CWR: Code Cache Roots          2840 us, workers (us): 947, 967, 926, ---, ---, ---, 
[2026-04-03T03:36:00.202+0600][39.179s][info][gc,stats    ]     CWR: VM Weak Roots             1184 us, workers (us): 408, 405, 371, ---, ---, ---, 
[2026-04-03T03:36:00.202+0600][39.179s][info][gc,stats    ]     CWR: CLDG Roots                  33 us, workers (us): ---, ---,  33, ---, ---, ---, 
[2026-04-03T03:36:00.202+0600][39.179s][info][gc,stats    ]   Rendezvous                        196 us
[2026-04-03T03:36:00.202+0600][39.179s][info][gc,stats    ] Concurrent Cleanup                  193 us
[2026-04-03T03:36:00.202+0600][39.179s][info][gc,stats    ] Concurrent Class Unloading         5621 us
[2026-04-03T03:36:00.202+0600][39.179s][info][gc,stats    ]   Unlink Stale                     5229 us
[2026-04-03T03:36:00.202+0600][39.179s][info][gc,stats    ]     System Dictionary                97 us
[2026-04-03T03:36:00.202+0600][39.179s][info][gc,stats    ]     Weak Class Links                  0 us
[2026-04-03T03:36:00.202+0600][39.179s][info][gc,stats    ]     Code Roots                     5127 us
[2026-04-03T03:36:00.202+0600][39.179s][info][gc,stats    ]   Rendezvous                        262 us
[2026-04-03T03:36:00.202+0600][39.179s][info][gc,stats    ]   Purge Unlinked                     11 us
[2026-04-03T03:36:00.202+0600][39.179s][info][gc,stats    ]     Code Roots                        3 us
[2026-04-03T03:36:00.202+0600][39.179s][info][gc,stats    ]     CLDG                              7 us
[2026-04-03T03:36:00.202+0600][39.179s][info][gc,stats    ]     Exception Caches                  0 us
[2026-04-03T03:36:00.202+0600][39.179s][info][gc,stats    ] Concurrent Strong Roots             756 us, parallelism: 0.66x
[2026-04-03T03:36:00.202+0600][39.179s][info][gc,stats    ]   CSR: <total>                      502 us
[2026-04-03T03:36:00.202+0600][39.179s][info][gc,stats    ]   CSR: VM Strong Roots               27 us, workers (us):  20,   7,   0, ---, ---, ---, 
[2026-04-03T03:36:00.203+0600][39.179s][info][gc,stats    ]   CSR: CLDG Roots                   474 us, workers (us): 474, ---, ---, ---, ---, ---, 
[2026-04-03T03:36:00.203+0600][39.179s][info][gc,stats    ] Concurrent Evacuation             45642 us
[2026-04-03T03:36:00.203+0600][39.180s][info][gc,stats    ] Pause Init Update Refs (G)          444 us
[2026-04-03T03:36:00.203+0600][39.180s][info][gc,stats    ] Pause Init Update Refs (N)          157 us
[2026-04-03T03:36:00.203+0600][39.180s][info][gc,stats    ]   Manage GCLABs                      56 us
[2026-04-03T03:36:00.203+0600][39.180s][info][gc,stats    ] Concurrent Update Refs           282161 us
[2026-04-03T03:36:00.203+0600][39.180s][info][gc,stats    ] Concurrent Update Thread Roots     1241 us
[2026-04-03T03:36:00.203+0600][39.180s][info][gc,stats    ] Pause Final Update Refs (G)         657 us
[2026-04-03T03:36:00.203+0600][39.180s][info][gc,stats    ] Pause Final Update Refs (N)         294 us
[2026-04-03T03:36:00.203+0600][39.180s][info][gc,stats    ]   Update Region States               79 us
[2026-04-03T03:36:00.203+0600][39.180s][info][gc,stats    ]   Trash Collection Set               19 us
[2026-04-03T03:36:00.203+0600][39.180s][info][gc,stats    ]   Rebuild Free Set                   47 us
[2026-04-03T03:36:00.203+0600][39.180s][info][gc,stats    ] Concurrent Cleanup                  547 us
[2026-04-03T03:36:00.203+0600][39.180s][info][gc,stats    ] Pacing                           249536 us
[2026-04-03T03:36:00.203+0600][39.180s][info][gc,stats    ] 
[2026-04-03T03:36:00.203+0600][39.180s][info][gc,stats    ] Allocation pacing accrued:
[2026-04-03T03:36:00.203+0600][39.180s][info][gc,stats    ]      83 of   767 ms ( 10.8%): Executor task launch worker for task 1.0 in stage 14.0 (TID 22)
[2026-04-03T03:36:00.203+0600][39.180s][info][gc,stats    ]      83 of   767 ms ( 10.8%): Executor task launch worker for task 0.0 in stage 14.0 (TID 21)
[2026-04-03T03:36:00.203+0600][39.180s][info][gc,stats    ]      84 of   767 ms ( 10.9%): Executor task launch worker for task 2.0 in stage 14.0 (TID 23)
[2026-04-03T03:36:00.203+0600][39.180s][info][gc,stats    ]     250 of   767 ms ( 32.6%): <total>
[2026-04-03T03:36:00.203+0600][39.180s][info][gc,stats    ]       2 of   767 ms (  0.2%): <average total>
[2026-04-03T03:36:00.203+0600][39.180s][info][gc,stats    ]      83 of   767 ms ( 10.9%): <average non-zero>
[2026-04-03T03:36:00.203+0600][39.180s][info][gc,stats    ] 
[2026-04-03T03:36:00.203+0600][39.180s][info][gc,metaspace] Metaspace: 72688K(73664K)->72688K(73664K) NonClass: 63389K(63936K)->63389K(63936K) Class: 9298K(9728K)->9298K(9728K)
[2026-04-03T03:36:00.203+0600][39.180s][info][gc,ergo     ] Pacer for Idle. Initial: 35840K, Alloc Tax Rate: 1.0x
[2026-04-03T03:36:00.204+0600][39.181s][info][gc          ] Trigger: Learning 5 of 5. Free (924M) is below initial threshold (1225M)
[2026-04-03T03:36:00.204+0600][39.181s][info][gc,ergo     ] Free: 924M, Max: 512K regular, 373M humongous, Frag: 60% external, 0% internal; Reserve: 89600K, Max: 512K
[2026-04-03T03:36:00.204+0600][39.181s][info][gc,start    ] GC(28) Concurrent reset
[2026-04-03T03:36:00.204+0600][39.181s][info][gc,task     ] GC(28) Using 3 of 6 workers for concurrent reset
[2026-04-03T03:36:00.204+0600][39.181s][info][gc,ergo     ] GC(28) Pacer for Reset. Non-Taxable: 1750M
[2026-04-03T03:36:00.207+0600][39.184s][info][gc          ] GC(28) Concurrent reset 3.026ms
[2026-04-03T03:36:00.208+0600][39.185s][info][gc,start    ] GC(28) Pause Init Mark (unload classes)
[2026-04-03T03:36:00.208+0600][39.185s][info][gc,task     ] GC(28) Using 6 of 6 workers for init marking
[2026-04-03T03:36:00.208+0600][39.185s][info][gc,ergo     ] GC(28) Pacer for Mark. Expected Live: 226M, Free: 923M, Non-Taxable: 94616K, Alloc Tax Rate: 0.3x
[2026-04-03T03:36:00.208+0600][39.185s][info][gc          ] GC(28) Pause Init Mark (unload classes) 0.263ms
[2026-04-03T03:36:00.208+0600][39.185s][info][gc,start    ] GC(28) Concurrent marking roots
[2026-04-03T03:36:00.208+0600][39.185s][info][gc,task     ] GC(28) Using 3 of 6 workers for concurrent marking roots
[2026-04-03T03:36:00.210+0600][39.187s][info][gc          ] GC(28) Concurrent marking roots 1.566ms
[2026-04-03T03:36:00.210+0600][39.187s][info][gc,start    ] GC(28) Concurrent marking (unload classes)
[2026-04-03T03:36:00.210+0600][39.187s][info][gc,task     ] GC(28) Using 3 of 6 workers for concurrent marking
[2026-04-03T03:36:00.743+0600][39.720s][info][gc          ] GC(28) Concurrent marking (unload classes) 533.354ms
[2026-04-03T03:36:00.743+0600][39.720s][info][gc,start    ] GC(28) Pause Final Mark (unload classes)
[2026-04-03T03:36:00.743+0600][39.720s][info][gc,task     ] GC(28) Using 6 of 6 workers for final marking
[2026-04-03T03:36:00.744+0600][39.721s][info][gc,ergo     ] GC(28) Adaptive CSet Selection. Target Free: 247M, Actual Free: 757M, Max CSet: 74666K, Min Garbage: 0B
[2026-04-03T03:36:00.744+0600][39.721s][info][gc,ergo     ] GC(28) Collectable Garbage: 396M (97%), Immediate: 0B (0%), CSet: 396M (97%)
[2026-04-03T03:36:00.744+0600][39.721s][info][gc,ergo     ] GC(28) Pacer for Evacuation. Used CSet: 432M, Free: 669M, Non-Taxable: 68606K, Alloc Tax Rate: 1.6x
[2026-04-03T03:36:00.744+0600][39.721s][info][gc          ] GC(28) Pause Final Mark (unload classes) 0.854ms
[2026-04-03T03:36:00.744+0600][39.721s][info][gc,start    ] GC(28) Concurrent thread roots
[2026-04-03T03:36:00.744+0600][39.721s][info][gc,task     ] GC(28) Using 3 of 6 workers for Concurrent thread roots
[2026-04-03T03:36:00.745+0600][39.722s][info][gc          ] GC(28) Concurrent thread roots 0.660ms
[2026-04-03T03:36:00.745+0600][39.722s][info][gc,start    ] GC(28) Concurrent weak references
[2026-04-03T03:36:00.745+0600][39.722s][info][gc,task     ] GC(28) Using 3 of 6 workers for concurrent weak references
[2026-04-03T03:36:00.745+0600][39.722s][info][gc,ref      ] GC(28) Encountered references: Soft: 3155, Weak: 6220, Final: 84, Phantom: 600
[2026-04-03T03:36:00.745+0600][39.722s][info][gc,ref      ] GC(28) Discovered  references: Soft: 0, Weak: 531, Final: 0, Phantom: 597
[2026-04-03T03:36:00.745+0600][39.722s][info][gc,ref      ] GC(28) Enqueued    references: Soft: 0, Weak: 0, Final: 0, Phantom: 0
[2026-04-03T03:36:00.745+0600][39.722s][info][gc          ] GC(28) Concurrent weak references 0.258ms
[2026-04-03T03:36:00.745+0600][39.722s][info][gc,start    ] GC(28) Concurrent weak roots
[2026-04-03T03:36:00.745+0600][39.722s][info][gc,task     ] GC(28) Using 3 of 6 workers for concurrent weak root
[2026-04-03T03:36:00.747+0600][39.724s][info][gc          ] GC(28) Concurrent weak roots 2.015ms
[2026-04-03T03:36:00.747+0600][39.724s][info][gc,start    ] GC(28) Concurrent cleanup
[2026-04-03T03:36:00.748+0600][39.725s][info][gc          ] GC(28) Concurrent cleanup 986M->986M(1122M) 0.585ms
[2026-04-03T03:36:00.748+0600][39.725s][info][gc,ergo     ] GC(28) Free: 669M, Max: 512K regular, 373M humongous, Frag: 45% external, 0% internal; Reserve: 89088K, Max: 512K
[2026-04-03T03:36:00.748+0600][39.725s][info][gc,start    ] GC(28) Concurrent class unloading
[2026-04-03T03:36:00.748+0600][39.725s][info][gc,task     ] GC(28) Using 3 of 6 workers for concurrent class unloading
[2026-04-03T03:36:00.754+0600][39.731s][info][gc          ] GC(28) Concurrent class unloading 6.138ms
[2026-04-03T03:36:00.754+0600][39.731s][info][gc,start    ] GC(28) Concurrent strong roots
[2026-04-03T03:36:00.754+0600][39.731s][info][gc,task     ] GC(28) Using 3 of 6 workers for concurrent strong root
[2026-04-03T03:36:00.755+0600][39.732s][info][gc          ] GC(28) Concurrent strong roots 0.572ms
[2026-04-03T03:36:00.755+0600][39.732s][info][gc,start    ] GC(28) Concurrent evacuation
[2026-04-03T03:36:00.755+0600][39.732s][info][gc,task     ] GC(28) Using 3 of 6 workers for concurrent evacuation
[2026-04-03T03:36:00.807+0600][39.784s][info][gc          ] GC(28) Concurrent evacuation 51.814ms
[2026-04-03T03:36:00.807+0600][39.784s][info][gc,start    ] GC(28) Pause Init Update Refs
[2026-04-03T03:36:00.807+0600][39.784s][info][gc,ergo     ] GC(28) Pacer for Update Refs. Used: 1045M, Free: 647M, Non-Taxable: 66302K, Alloc Tax Rate: 2.0x
[2026-04-03T03:36:00.807+0600][39.784s][info][gc          ] GC(28) Pause Init Update Refs 0.145ms
[2026-04-03T03:36:00.807+0600][39.784s][info][gc,start    ] GC(28) Concurrent update references
[2026-04-03T03:36:00.807+0600][39.784s][info][gc,task     ] GC(28) Using 3 of 6 workers for concurrent reference update
[2026-04-03T03:36:01.162+0600][40.139s][info][gc          ] GC(28) Concurrent update references 355.265ms
[2026-04-03T03:36:01.162+0600][40.139s][info][gc,start    ] GC(28) Concurrent update thread roots
[2026-04-03T03:36:01.164+0600][40.141s][info][gc          ] GC(28) Concurrent update thread roots 1.211ms
[2026-04-03T03:36:01.164+0600][40.141s][info][gc,start    ] GC(28) Pause Final Update Refs
[2026-04-03T03:36:01.164+0600][40.141s][info][gc,task     ] GC(28) Using 6 of 6 workers for final reference update
[2026-04-03T03:36:01.164+0600][40.141s][info][gc          ] GC(28) Pause Final Update Refs 0.206ms
[2026-04-03T03:36:01.164+0600][40.141s][info][gc,start    ] GC(28) Concurrent cleanup
[2026-04-03T03:36:01.165+0600][40.142s][info][gc          ] GC(28) Concurrent cleanup 1074M->642M(1152M) 0.352ms
[2026-04-03T03:36:01.165+0600][40.142s][info][gc,ergo     ] Free: 1013M, Max: 512K regular, 373M humongous, Frag: 64% external, 0% internal; Reserve: 89600K, Max: 512K
[2026-04-03T03:36:01.165+0600][40.142s][info][gc,stats    ] 
[2026-04-03T03:36:01.165+0600][40.142s][info][gc,stats    ] All times are wall-clock times, except per-root-class counters, that are sum over
[2026-04-03T03:36:01.165+0600][40.142s][info][gc,stats    ] all workers. Dividing the <total> over the root stage time estimates parallelism.
[2026-04-03T03:36:01.165+0600][40.142s][info][gc,stats    ] 
[2026-04-03T03:36:01.165+0600][40.142s][info][gc,stats    ] Concurrent Reset                   3151 us
[2026-04-03T03:36:01.165+0600][40.142s][info][gc,stats    ] Pause Init Mark (G)                 609 us
[2026-04-03T03:36:01.165+0600][40.142s][info][gc,stats    ] Pause Init Mark (N)                 277 us
[2026-04-03T03:36:01.165+0600][40.142s][info][gc,stats    ]   Update Region States               89 us
[2026-04-03T03:36:01.165+0600][40.142s][info][gc,stats    ] Concurrent Mark Roots              1690 us, parallelism: 1.66x
[2026-04-03T03:36:01.165+0600][40.142s][info][gc,stats    ]   CMR: <total>                     2812 us
[2026-04-03T03:36:01.165+0600][40.142s][info][gc,stats    ]   CMR: Thread Roots                2260 us, workers (us): 926, 449, 885, ---, ---, ---, 
[2026-04-03T03:36:01.165+0600][40.142s][info][gc,stats    ]   CMR: VM Strong Roots               63 us, workers (us):  28,  32,   3, ---, ---, ---, 
[2026-04-03T03:36:01.165+0600][40.142s][info][gc,stats    ]   CMR: CLDG Roots                   489 us, workers (us): ---, 489, ---, ---, ---, ---, 
[2026-04-03T03:36:01.165+0600][40.142s][info][gc,stats    ] Concurrent Marking               533444 us
[2026-04-03T03:36:01.165+0600][40.142s][info][gc,stats    ] Pause Final Mark (G)               1136 us
[2026-04-03T03:36:01.165+0600][40.142s][info][gc,stats    ] Pause Final Mark (N)                865 us
[2026-04-03T03:36:01.165+0600][40.142s][info][gc,stats    ]   Finish Mark                       249 us
[2026-04-03T03:36:01.165+0600][40.142s][info][gc,stats    ]   Update Region States               48 us
[2026-04-03T03:36:01.165+0600][40.142s][info][gc,stats    ]   Choose Collection Set             404 us
[2026-04-03T03:36:01.165+0600][40.142s][info][gc,stats    ]   Rebuild Free Set                   37 us
[2026-04-03T03:36:01.165+0600][40.142s][info][gc,stats    ] Concurrent Thread Roots             697 us, parallelism: 2.12x
[2026-04-03T03:36:01.165+0600][40.142s][info][gc,stats    ]   CTR: <total>                     1475 us
[2026-04-03T03:36:01.165+0600][40.142s][info][gc,stats    ]   CTR: Thread Roots                1475 us, workers (us): 546, 486, 443, ---, ---, ---, 
[2026-04-03T03:36:01.165+0600][40.142s][info][gc,stats    ] Concurrent Weak References          269 us, parallelism: 0.52x
[2026-04-03T03:36:01.165+0600][40.142s][info][gc,stats    ]   CWRF: <total>                     139 us
[2026-04-03T03:36:01.165+0600][40.142s][info][gc,stats    ]   CWRF: Weak References             139 us, workers (us):  88,  50,   1, ---, ---, ---, 
[2026-04-03T03:36:01.165+0600][40.142s][info][gc,stats    ] Concurrent Weak Roots              2069 us
[2026-04-03T03:36:01.165+0600][40.142s][info][gc,stats    ]   Roots                            1775 us, parallelism: 2.39x
[2026-04-03T03:36:01.165+0600][40.142s][info][gc,stats    ]     CWR: <total>                   4245 us
[2026-04-03T03:36:01.165+0600][40.142s][info][gc,stats    ]     CWR: Code Cache Roots          2863 us, workers (us): 961, 1072, 831, ---, ---, ---, 
[2026-04-03T03:36:01.165+0600][40.142s][info][gc,stats    ]     CWR: VM Weak Roots             1269 us, workers (us): 465, 428, 375, ---, ---, ---, 
[2026-04-03T03:36:01.165+0600][40.142s][info][gc,stats    ]     CWR: CLDG Roots                 113 us, workers (us): ---, ---, 113, ---, ---, ---, 
[2026-04-03T03:36:01.165+0600][40.142s][info][gc,stats    ]   Rendezvous                        217 us
[2026-04-03T03:36:01.165+0600][40.142s][info][gc,stats    ] Concurrent Cleanup                  610 us
[2026-04-03T03:36:01.165+0600][40.142s][info][gc,stats    ] Concurrent Class Unloading         6217 us
[2026-04-03T03:36:01.165+0600][40.142s][info][gc,stats    ]   Unlink Stale                     5826 us
[2026-04-03T03:36:01.165+0600][40.142s][info][gc,stats    ]     System Dictionary                95 us
[2026-04-03T03:36:01.165+0600][40.142s][info][gc,stats    ]     Weak Class Links                  0 us
[2026-04-03T03:36:01.165+0600][40.142s][info][gc,stats    ]     Code Roots                     5727 us
[2026-04-03T03:36:01.165+0600][40.142s][info][gc,stats    ]   Rendezvous                        271 us
[2026-04-03T03:36:01.165+0600][40.142s][info][gc,stats    ]   Purge Unlinked                     15 us
[2026-04-03T03:36:01.165+0600][40.142s][info][gc,stats    ]     Code Roots                        5 us
[2026-04-03T03:36:01.165+0600][40.142s][info][gc,stats    ]     CLDG                              9 us
[2026-04-03T03:36:01.165+0600][40.142s][info][gc,stats    ]     Exception Caches                  0 us
[2026-04-03T03:36:01.165+0600][40.142s][info][gc,stats    ] Concurrent Strong Roots             598 us, parallelism: 0.58x
[2026-04-03T03:36:01.165+0600][40.142s][info][gc,stats    ]   CSR: <total>                      345 us
[2026-04-03T03:36:01.165+0600][40.142s][info][gc,stats    ]   CSR: VM Strong Roots               30 us, workers (us):  19,  11,   0, ---, ---, ---, 
[2026-04-03T03:36:01.165+0600][40.142s][info][gc,stats    ]   CSR: CLDG Roots                   315 us, workers (us): ---, 315, ---, ---, ---, ---, 
[2026-04-03T03:36:01.165+0600][40.142s][info][gc,stats    ] Concurrent Evacuation             51924 us
[2026-04-03T03:36:01.165+0600][40.142s][info][gc,stats    ] Pause Init Update Refs (G)          403 us
[2026-04-03T03:36:01.165+0600][40.142s][info][gc,stats    ] Pause Init Update Refs (N)          159 us
[2026-04-03T03:36:01.165+0600][40.142s][info][gc,stats    ]   Manage GCLABs                      25 us
[2026-04-03T03:36:01.165+0600][40.142s][info][gc,stats    ] Concurrent Update Refs           355355 us
[2026-04-03T03:36:01.165+0600][40.142s][info][gc,stats    ] Concurrent Update Thread Roots     1292 us
[2026-04-03T03:36:01.165+0600][40.142s][info][gc,stats    ] Pause Final Update Refs (G)         526 us
[2026-04-03T03:36:01.165+0600][40.142s][info][gc,stats    ] Pause Final Update Refs (N)         225 us
[2026-04-03T03:36:01.165+0600][40.142s][info][gc,stats    ]   Update Region States               70 us
[2026-04-03T03:36:01.165+0600][40.142s][info][gc,stats    ]   Trash Collection Set               22 us
[2026-04-03T03:36:01.165+0600][40.142s][info][gc,stats    ]   Rebuild Free Set                   40 us
[2026-04-03T03:36:01.165+0600][40.142s][info][gc,stats    ] Concurrent Cleanup                  376 us
[2026-04-03T03:36:01.165+0600][40.142s][info][gc,stats    ] Pacing                           271150 us
[2026-04-03T03:36:01.165+0600][40.142s][info][gc,stats    ] 
[2026-04-03T03:36:01.165+0600][40.142s][info][gc,stats    ] Allocation pacing accrued:
[2026-04-03T03:36:01.165+0600][40.142s][info][gc,stats    ]      87 of   963 ms (  9.0%): Executor task launch worker for task 1.0 in stage 14.0 (TID 22)
[2026-04-03T03:36:01.165+0600][40.142s][info][gc,stats    ]      88 of   963 ms (  9.1%): Executor task launch worker for task 0.0 in stage 14.0 (TID 21)
[2026-04-03T03:36:01.165+0600][40.142s][info][gc,stats    ]      96 of   963 ms ( 10.0%): Executor task launch worker for task 2.0 in stage 14.0 (TID 23)
[2026-04-03T03:36:01.165+0600][40.142s][info][gc,stats    ]     271 of   963 ms ( 28.2%): <total>
[2026-04-03T03:36:01.165+0600][40.142s][info][gc,stats    ]       2 of   963 ms (  0.2%): <average total>
[2026-04-03T03:36:01.165+0600][40.142s][info][gc,stats    ]      90 of   963 ms (  9.4%): <average non-zero>
[2026-04-03T03:36:01.165+0600][40.142s][info][gc,stats    ] 
[2026-04-03T03:36:01.166+0600][40.142s][info][gc,metaspace] Metaspace: 72688K(73664K)->72688K(73664K) NonClass: 63389K(63936K)->63389K(63936K) Class: 9298K(9728K)->9298K(9728K)
[2026-04-03T03:36:01.166+0600][40.142s][info][gc,ergo     ] Pacer for Idle. Initial: 35840K, Alloc Tax Rate: 1.0x
[2026-04-03T03:36:02.364+0600][41.341s][info][gc          ] Trigger: Average GC time (1173.05 ms) is above the time for average allocation rate (512 MB/s) to deplete free headroom (599M) (margin of error = 1.97)
[2026-04-03T03:36:02.364+0600][41.341s][info][gc,ergo     ] Free headroom: 687M (free) - 89600K (spike) - 0B (penalties) = 599M
[2026-04-03T03:36:02.364+0600][41.341s][info][gc,ergo     ] Free: 687M, Max: 512K regular, 373M humongous, Frag: 46% external, 0% internal; Reserve: 89600K, Max: 512K
[2026-04-03T03:36:02.364+0600][41.341s][info][gc,start    ] GC(29) Concurrent reset
[2026-04-03T03:36:02.364+0600][41.341s][info][gc,task     ] GC(29) Using 3 of 6 workers for concurrent reset
[2026-04-03T03:36:02.364+0600][41.341s][info][gc,ergo     ] GC(29) Pacer for Reset. Non-Taxable: 1750M
[2026-04-03T03:36:02.367+0600][41.344s][info][gc          ] GC(29) Concurrent reset 3.125ms
[2026-04-03T03:36:02.368+0600][41.345s][info][gc,start    ] GC(29) Pause Init Mark (unload classes)
[2026-04-03T03:36:02.368+0600][41.345s][info][gc,task     ] GC(29) Using 6 of 6 workers for init marking
[2026-04-03T03:36:02.368+0600][41.345s][info][gc,ergo     ] GC(29) Pacer for Mark. Expected Live: 249M, Free: 684M, Non-Taxable: 70065K, Alloc Tax Rate: 0.4x
[2026-04-03T03:36:02.368+0600][41.345s][info][gc          ] GC(29) Pause Init Mark (unload classes) 0.194ms
[2026-04-03T03:36:02.368+0600][41.345s][info][gc,start    ] GC(29) Concurrent marking roots
[2026-04-03T03:36:02.368+0600][41.345s][info][gc,task     ] GC(29) Using 3 of 6 workers for concurrent marking roots
[2026-04-03T03:36:02.369+0600][41.346s][info][gc          ] GC(29) Concurrent marking roots 1.103ms
[2026-04-03T03:36:02.369+0600][41.346s][info][gc,start    ] GC(29) Concurrent marking (unload classes)
[2026-04-03T03:36:02.369+0600][41.346s][info][gc,task     ] GC(29) Using 3 of 6 workers for concurrent marking
[2026-04-03T03:36:02.659+0600][41.636s][info][gc          ] GC(29) Concurrent marking (unload classes) 289.825ms
[2026-04-03T03:36:02.659+0600][41.636s][info][gc,start    ] GC(29) Pause Final Mark (unload classes)
[2026-04-03T03:36:02.659+0600][41.636s][info][gc,task     ] GC(29) Using 6 of 6 workers for final marking
[2026-04-03T03:36:02.660+0600][41.637s][info][gc,ergo     ] GC(29) Adaptive CSet Selection. Target Free: 247M, Actual Free: 1198M, Max CSet: 74666K, Min Garbage: 0B
[2026-04-03T03:36:02.660+0600][41.637s][info][gc,ergo     ] GC(29) Collectable Garbage: 747M (99%), Immediate: 547M (72%), CSet: 199M (26%)
[2026-04-03T03:36:02.660+0600][41.637s][info][gc,ergo     ] GC(29) Pacer for Evacuation. Used CSet: 244M, Free: 1128M, Non-Taxable: 112M, Alloc Tax Rate: 1.1x
[2026-04-03T03:36:02.661+0600][41.637s][info][gc          ] GC(29) Pause Final Mark (unload classes) 1.105ms
[2026-04-03T03:36:02.661+0600][41.638s][info][gc,start    ] GC(29) Concurrent thread roots
[2026-04-03T03:36:02.661+0600][41.638s][info][gc,task     ] GC(29) Using 3 of 6 workers for Concurrent thread roots
[2026-04-03T03:36:02.662+0600][41.639s][info][gc          ] GC(29) Concurrent thread roots 0.902ms
[2026-04-03T03:36:02.662+0600][41.639s][info][gc,start    ] GC(29) Concurrent weak references
[2026-04-03T03:36:02.662+0600][41.639s][info][gc,task     ] GC(29) Using 3 of 6 workers for concurrent weak references
[2026-04-03T03:36:02.662+0600][41.639s][info][gc,ref      ] GC(29) Encountered references: Soft: 3282, Weak: 6503, Final: 84, Phantom: 600
[2026-04-03T03:36:02.662+0600][41.639s][info][gc,ref      ] GC(29) Discovered  references: Soft: 0, Weak: 640, Final: 0, Phantom: 597
[2026-04-03T03:36:02.662+0600][41.639s][info][gc,ref      ] GC(29) Enqueued    references: Soft: 0, Weak: 115, Final: 0, Phantom: 0
[2026-04-03T03:36:02.662+0600][41.639s][info][gc          ] GC(29) Concurrent weak references 0.392ms
[2026-04-03T03:36:02.662+0600][41.639s][info][gc,start    ] GC(29) Concurrent weak roots
[2026-04-03T03:36:02.662+0600][41.639s][info][gc,task     ] GC(29) Using 3 of 6 workers for concurrent weak root
[2026-04-03T03:36:02.665+0600][41.642s][info][gc          ] GC(29) Concurrent weak roots 2.555ms
[2026-04-03T03:36:02.665+0600][41.642s][info][gc,start    ] GC(29) Concurrent cleanup
[2026-04-03T03:36:02.665+0600][41.642s][info][gc          ] GC(29) Concurrent cleanup 1075M->528M(1152M) 0.515ms
[2026-04-03T03:36:02.665+0600][41.642s][info][gc,ergo     ] GC(29) Free: 1126M, Max: 512K regular, 373M humongous, Frag: 67% external, 0% internal; Reserve: 89176K, Max: 512K
[2026-04-03T03:36:02.665+0600][41.642s][info][gc,start    ] GC(29) Concurrent class unloading
[2026-04-03T03:36:02.665+0600][41.642s][info][gc,task     ] GC(29) Using 3 of 6 workers for concurrent class unloading
[2026-04-03T03:36:02.673+0600][41.650s][info][gc          ] GC(29) Concurrent class unloading 7.858ms
[2026-04-03T03:36:02.673+0600][41.650s][info][gc,start    ] GC(29) Concurrent strong roots
[2026-04-03T03:36:02.673+0600][41.650s][info][gc,task     ] GC(29) Using 3 of 6 workers for concurrent strong root
[2026-04-03T03:36:02.674+0600][41.651s][info][gc          ] GC(29) Concurrent strong roots 0.869ms
[2026-04-03T03:36:02.674+0600][41.651s][info][gc,start    ] GC(29) Concurrent evacuation
[2026-04-03T03:36:02.674+0600][41.651s][info][gc,task     ] GC(29) Using 3 of 6 workers for concurrent evacuation
[2026-04-03T03:36:02.717+0600][41.694s][info][gc          ] GC(29) Concurrent evacuation 42.236ms
[2026-04-03T03:36:02.717+0600][41.694s][info][gc,start    ] GC(29) Pause Init Update Refs
[2026-04-03T03:36:02.717+0600][41.694s][info][gc,ergo     ] GC(29) Pacer for Update Refs. Used: 591M, Free: 1110M, Non-Taxable: 111M, Alloc Tax Rate: 1.1x
[2026-04-03T03:36:02.717+0600][41.694s][info][gc          ] GC(29) Pause Init Update Refs 0.129ms
[2026-04-03T03:36:02.717+0600][41.694s][info][gc,start    ] GC(29) Concurrent update references
[2026-04-03T03:36:02.717+0600][41.694s][info][gc,task     ] GC(29) Using 3 of 6 workers for concurrent reference update
[2026-04-03T03:36:02.914+0600][41.890s][info][gc          ] GC(29) Concurrent update references 196.332ms
[2026-04-03T03:36:02.914+0600][41.891s][info][gc,start    ] GC(29) Concurrent update thread roots
[2026-04-03T03:36:02.915+0600][41.892s][info][gc          ] GC(29) Concurrent update thread roots 0.985ms
[2026-04-03T03:36:02.915+0600][41.892s][info][gc,start    ] GC(29) Pause Final Update Refs
[2026-04-03T03:36:02.915+0600][41.892s][info][gc,task     ] GC(29) Using 6 of 6 workers for final reference update
[2026-04-03T03:36:02.915+0600][41.892s][info][gc          ] GC(29) Pause Final Update Refs 0.238ms
[2026-04-03T03:36:02.915+0600][41.892s][info][gc,start    ] GC(29) Concurrent cleanup
[2026-04-03T03:36:02.916+0600][41.893s][info][gc          ] GC(29) Concurrent cleanup 705M->460M(1152M) 0.734ms
[2026-04-03T03:36:02.916+0600][41.893s][info][gc,ergo     ] Free: 1192M, Max: 512K regular, 373M humongous, Frag: 69% external, 0% internal; Reserve: 89600K, Max: 512K
[2026-04-03T03:36:02.916+0600][41.893s][info][gc,stats    ] 
[2026-04-03T03:36:02.916+0600][41.893s][info][gc,stats    ] All times are wall-clock times, except per-root-class counters, that are sum over
[2026-04-03T03:36:02.916+0600][41.893s][info][gc,stats    ] all workers. Dividing the <total> over the root stage time estimates parallelism.
[2026-04-03T03:36:02.916+0600][41.893s][info][gc,stats    ] 
[2026-04-03T03:36:02.916+0600][41.893s][info][gc,stats    ] Concurrent Reset                   3209 us
[2026-04-03T03:36:02.916+0600][41.893s][info][gc,stats    ] Pause Init Mark (G)                 611 us
[2026-04-03T03:36:02.916+0600][41.893s][info][gc,stats    ] Pause Init Mark (N)                 207 us
[2026-04-03T03:36:02.916+0600][41.893s][info][gc,stats    ]   Update Region States               59 us
[2026-04-03T03:36:02.916+0600][41.893s][info][gc,stats    ] Concurrent Mark Roots              1158 us, parallelism: 1.64x
[2026-04-03T03:36:02.916+0600][41.893s][info][gc,stats    ]   CMR: <total>                     1898 us
[2026-04-03T03:36:02.916+0600][41.893s][info][gc,stats    ]   CMR: Thread Roots                1549 us, workers (us): 322, 633, 595, ---, ---, ---, 
[2026-04-03T03:36:02.916+0600][41.893s][info][gc,stats    ]   CMR: VM Strong Roots               49 us, workers (us):  27,  22,   1, ---, ---, ---, 
[2026-04-03T03:36:02.916+0600][41.893s][info][gc,stats    ]   CMR: CLDG Roots                   300 us, workers (us): 300, ---, ---, ---, ---, ---, 
[2026-04-03T03:36:02.916+0600][41.893s][info][gc,stats    ] Concurrent Marking               289928 us
[2026-04-03T03:36:02.916+0600][41.893s][info][gc,stats    ] Pause Final Mark (G)               1523 us
[2026-04-03T03:36:02.916+0600][41.893s][info][gc,stats    ] Pause Final Mark (N)               1120 us
[2026-04-03T03:36:02.916+0600][41.893s][info][gc,stats    ]   Finish Mark                       312 us
[2026-04-03T03:36:02.916+0600][41.893s][info][gc,stats    ]   Update Region States               84 us
[2026-04-03T03:36:02.916+0600][41.893s][info][gc,stats    ]   Choose Collection Set             375 us
[2026-04-03T03:36:02.916+0600][41.893s][info][gc,stats    ]   Rebuild Free Set                   57 us
[2026-04-03T03:36:02.916+0600][41.893s][info][gc,stats    ] Concurrent Thread Roots             977 us, parallelism: 1.72x
[2026-04-03T03:36:02.916+0600][41.893s][info][gc,stats    ]   CTR: <total>                     1684 us
[2026-04-03T03:36:02.916+0600][41.893s][info][gc,stats    ]   CTR: Thread Roots                1684 us, workers (us): 603, 565, 516, ---, ---, ---, 
[2026-04-03T03:36:02.916+0600][41.893s][info][gc,stats    ] Concurrent Weak References          404 us, parallelism: 0.59x
[2026-04-03T03:36:02.916+0600][41.893s][info][gc,stats    ]   CWRF: <total>                     238 us
[2026-04-03T03:36:02.916+0600][41.893s][info][gc,stats    ]   CWRF: Weak References             238 us, workers (us):  89,  61,  87, ---, ---, ---, 
[2026-04-03T03:36:02.916+0600][41.893s][info][gc,stats    ] Concurrent Weak Roots              2756 us
[2026-04-03T03:36:02.916+0600][41.893s][info][gc,stats    ]   Roots                            2025 us, parallelism: 2.48x
[2026-04-03T03:36:02.916+0600][41.893s][info][gc,stats    ]     CWR: <total>                   5019 us
[2026-04-03T03:36:02.916+0600][41.893s][info][gc,stats    ]     CWR: Code Cache Roots          3099 us, workers (us): 1054, 1013, 1032, ---, ---, ---, 
[2026-04-03T03:36:02.916+0600][41.893s][info][gc,stats    ]     CWR: VM Weak Roots             1843 us, workers (us): 672, 608, 562, ---, ---, ---, 
[2026-04-03T03:36:02.916+0600][41.893s][info][gc,stats    ]     CWR: CLDG Roots                  78 us, workers (us): ---,  78, ---, ---, ---, ---, 
[2026-04-03T03:36:02.916+0600][41.893s][info][gc,stats    ]   Rendezvous                        506 us
[2026-04-03T03:36:02.916+0600][41.893s][info][gc,stats    ] Concurrent Cleanup                  546 us
[2026-04-03T03:36:02.916+0600][41.893s][info][gc,stats    ] Concurrent Class Unloading         7958 us
[2026-04-03T03:36:02.916+0600][41.893s][info][gc,stats    ]   Unlink Stale                     6570 us
[2026-04-03T03:36:02.916+0600][41.893s][info][gc,stats    ]     System Dictionary               132 us
[2026-04-03T03:36:02.916+0600][41.893s][info][gc,stats    ]     Weak Class Links                  1 us
[2026-04-03T03:36:02.916+0600][41.893s][info][gc,stats    ]     Code Roots                     6433 us
[2026-04-03T03:36:02.916+0600][41.893s][info][gc,stats    ]   Rendezvous                        324 us
[2026-04-03T03:36:02.916+0600][41.893s][info][gc,stats    ]   Purge Unlinked                    927 us
[2026-04-03T03:36:02.916+0600][41.893s][info][gc,stats    ]     Code Roots                      896 us
[2026-04-03T03:36:02.916+0600][41.893s][info][gc,stats    ]     CLDG                             29 us
[2026-04-03T03:36:02.916+0600][41.893s][info][gc,stats    ]     Exception Caches                  0 us
[2026-04-03T03:36:02.916+0600][41.893s][info][gc,stats    ] Concurrent Strong Roots             910 us, parallelism: 0.65x
[2026-04-03T03:36:02.916+0600][41.893s][info][gc,stats    ]   CSR: <total>                      593 us
[2026-04-03T03:36:02.916+0600][41.893s][info][gc,stats    ]   CSR: VM Strong Roots               59 us, workers (us):  57,   1,   0, ---, ---, ---, 
[2026-04-03T03:36:02.916+0600][41.893s][info][gc,stats    ]   CSR: CLDG Roots                   534 us, workers (us): 534, ---, ---, ---, ---, ---, 
[2026-04-03T03:36:02.916+0600][41.893s][info][gc,stats    ] Concurrent Evacuation             42299 us
[2026-04-03T03:36:02.916+0600][41.893s][info][gc,stats    ] Pause Init Update Refs (G)          545 us
[2026-04-03T03:36:02.916+0600][41.893s][info][gc,stats    ] Pause Init Update Refs (N)          142 us
[2026-04-03T03:36:02.916+0600][41.893s][info][gc,stats    ]   Manage GCLABs                      32 us
[2026-04-03T03:36:02.916+0600][41.893s][info][gc,stats    ] Concurrent Update Refs           196397 us
[2026-04-03T03:36:02.916+0600][41.893s][info][gc,stats    ] Concurrent Update Thread Roots     1046 us
[2026-04-03T03:36:02.916+0600][41.893s][info][gc,stats    ] Pause Final Update Refs (G)         531 us
[2026-04-03T03:36:02.916+0600][41.893s][info][gc,stats    ] Pause Final Update Refs (N)         254 us
[2026-04-03T03:36:02.916+0600][41.893s][info][gc,stats    ]   Update Region States               59 us
[2026-04-03T03:36:02.916+0600][41.893s][info][gc,stats    ]   Trash Collection Set               14 us
[2026-04-03T03:36:02.916+0600][41.893s][info][gc,stats    ]   Rebuild Free Set                   42 us
[2026-04-03T03:36:02.916+0600][41.893s][info][gc,stats    ] Concurrent Cleanup                  755 us
[2026-04-03T03:36:02.916+0600][41.893s][info][gc,stats    ] Pacing                           275006 us
[2026-04-03T03:36:02.916+0600][41.893s][info][gc,stats    ] 
[2026-04-03T03:36:02.916+0600][41.893s][info][gc,stats    ] Allocation pacing accrued:
[2026-04-03T03:36:02.916+0600][41.893s][info][gc,stats    ]      93 of  1751 ms (  5.3%): Executor task launch worker for task 1.0 in stage 15.0 (TID 25)
[2026-04-03T03:36:02.916+0600][41.893s][info][gc,stats    ]      90 of  1751 ms (  5.2%): Executor task launch worker for task 2.0 in stage 15.0 (TID 26)
[2026-04-03T03:36:02.916+0600][41.893s][info][gc,stats    ]      91 of  1751 ms (  5.2%): Executor task launch worker for task 0.0 in stage 15.0 (TID 24)
[2026-04-03T03:36:02.917+0600][41.893s][info][gc,stats    ]     275 of  1751 ms ( 15.7%): <total>
[2026-04-03T03:36:02.917+0600][41.893s][info][gc,stats    ]       2 of  1751 ms (  0.1%): <average total>
[2026-04-03T03:36:02.917+0600][41.893s][info][gc,stats    ]      92 of  1751 ms (  5.2%): <average non-zero>
[2026-04-03T03:36:02.917+0600][41.893s][info][gc,stats    ] 
[2026-04-03T03:36:02.917+0600][41.894s][info][gc,metaspace] Metaspace: 72758K(73664K)->72761K(73664K) NonClass: 63455K(63936K)->63458K(63936K) Class: 9302K(9728K)->9302K(9728K)
[2026-04-03T03:36:02.917+0600][41.894s][info][gc,ergo     ] Pacer for Idle. Initial: 35840K, Alloc Tax Rate: 1.0x
[2026-04-03T03:36:03.018+0600][41.995s][info][gc          ] Trigger: Average GC time (1050.22 ms) is above the time for instantaneous allocation rate (1269 MB/s) to deplete free headroom (976M) (spike threshold = 1.71)
[2026-04-03T03:36:03.018+0600][41.995s][info][gc,ergo     ] Free: 1063M, Max: 512K regular, 373M humongous, Frag: 65% external, 0% internal; Reserve: 89600K, Max: 512K
[2026-04-03T03:36:03.018+0600][41.995s][info][gc,start    ] GC(30) Concurrent reset
[2026-04-03T03:36:03.018+0600][41.995s][info][gc,task     ] GC(30) Using 3 of 6 workers for concurrent reset
[2026-04-03T03:36:03.018+0600][41.995s][info][gc,ergo     ] GC(30) Pacer for Reset. Non-Taxable: 1750M
[2026-04-03T03:36:03.019+0600][41.996s][info][gc          ] GC(30) Concurrent reset 1.428ms
[2026-04-03T03:36:03.020+0600][41.997s][info][gc,start    ] GC(30) Pause Init Mark (unload classes)
[2026-04-03T03:36:03.020+0600][41.997s][info][gc,task     ] GC(30) Using 6 of 6 workers for init marking
[2026-04-03T03:36:03.020+0600][41.997s][info][gc,ergo     ] GC(30) Pacer for Mark. Expected Live: 261M, Free: 1061M, Non-Taxable: 106M, Alloc Tax Rate: 0.3x
[2026-04-03T03:36:03.020+0600][41.997s][info][gc          ] GC(30) Pause Init Mark (unload classes) 0.202ms
[2026-04-03T03:36:03.020+0600][41.997s][info][gc,start    ] GC(30) Concurrent marking roots
[2026-04-03T03:36:03.020+0600][41.997s][info][gc,task     ] GC(30) Using 3 of 6 workers for concurrent marking roots
[2026-04-03T03:36:03.021+0600][41.998s][info][gc          ] GC(30) Concurrent marking roots 0.946ms
[2026-04-03T03:36:03.021+0600][41.998s][info][gc,start    ] GC(30) Concurrent marking (unload classes)
[2026-04-03T03:36:03.021+0600][41.998s][info][gc,task     ] GC(30) Using 3 of 6 workers for concurrent marking
[2026-04-03T03:36:03.334+0600][42.311s][info][gc          ] GC(30) Concurrent marking (unload classes) 312.804ms
[2026-04-03T03:36:03.334+0600][42.311s][info][gc,start    ] GC(30) Pause Final Mark (unload classes)
[2026-04-03T03:36:03.334+0600][42.311s][info][gc,task     ] GC(30) Using 6 of 6 workers for final marking
[2026-04-03T03:36:03.335+0600][42.312s][info][gc,ergo     ] GC(30) Adaptive CSet Selection. Target Free: 247M, Actual Free: 983M, Max CSet: 74666K, Min Garbage: 0B
[2026-04-03T03:36:03.335+0600][42.312s][info][gc,ergo     ] GC(30) Collectable Garbage: 331M (98%), Immediate: 25600K (7%), CSet: 306M (91%)
[2026-04-03T03:36:03.335+0600][42.312s][info][gc,ergo     ] GC(30) Pacer for Evacuation. Used CSet: 378M, Free: 903M, Non-Taxable: 92517K, Alloc Tax Rate: 1.1x
[2026-04-03T03:36:03.335+0600][42.312s][info][gc          ] GC(30) Pause Final Mark (unload classes) 0.962ms
[2026-04-03T03:36:03.335+0600][42.312s][info][gc,start    ] GC(30) Concurrent thread roots
[2026-04-03T03:36:03.335+0600][42.312s][info][gc,task     ] GC(30) Using 3 of 6 workers for Concurrent thread roots
[2026-04-03T03:36:03.336+0600][42.313s][info][gc          ] GC(30) Concurrent thread roots 0.891ms
[2026-04-03T03:36:03.336+0600][42.313s][info][gc,start    ] GC(30) Concurrent weak references
[2026-04-03T03:36:03.336+0600][42.313s][info][gc,task     ] GC(30) Using 3 of 6 workers for concurrent weak references
[2026-04-03T03:36:03.337+0600][42.314s][info][gc,ref      ] GC(30) Encountered references: Soft: 3282, Weak: 6396, Final: 84, Phantom: 600
[2026-04-03T03:36:03.337+0600][42.314s][info][gc,ref      ] GC(30) Discovered  references: Soft: 0, Weak: 3114, Final: 50, Phantom: 597
[2026-04-03T03:36:03.337+0600][42.314s][info][gc,ref      ] GC(30) Enqueued    references: Soft: 0, Weak: 78, Final: 0, Phantom: 0
[2026-04-03T03:36:03.337+0600][42.314s][info][gc          ] GC(30) Concurrent weak references 0.618ms
[2026-04-03T03:36:03.337+0600][42.314s][info][gc,start    ] GC(30) Concurrent weak roots
[2026-04-03T03:36:03.337+0600][42.314s][info][gc,task     ] GC(30) Using 3 of 6 workers for concurrent weak root
[2026-04-03T03:36:03.340+0600][42.316s][info][gc          ] GC(30) Concurrent weak roots 2.833ms
[2026-04-03T03:36:03.340+0600][42.317s][info][gc,start    ] GC(30) Concurrent cleanup
[2026-04-03T03:36:03.340+0600][42.317s][info][gc          ] GC(30) Concurrent cleanup 780M->755M(1152M) 0.275ms
[2026-04-03T03:36:03.340+0600][42.317s][info][gc,ergo     ] GC(30) Free: 901M, Max: 512K regular, 373M humongous, Frag: 59% external, 0% internal; Reserve: 88064K, Max: 512K
[2026-04-03T03:36:03.340+0600][42.317s][info][gc,start    ] GC(30) Concurrent class unloading
[2026-04-03T03:36:03.340+0600][42.317s][info][gc,task     ] GC(30) Using 3 of 6 workers for concurrent class unloading
[2026-04-03T03:36:03.347+0600][42.324s][info][gc          ] GC(30) Concurrent class unloading 7.241ms
[2026-04-03T03:36:03.347+0600][42.324s][info][gc,start    ] GC(30) Concurrent strong roots
[2026-04-03T03:36:03.347+0600][42.324s][info][gc,task     ] GC(30) Using 3 of 6 workers for concurrent strong root
[2026-04-03T03:36:03.348+0600][42.325s][info][gc          ] GC(30) Concurrent strong roots 0.776ms
[2026-04-03T03:36:03.348+0600][42.325s][info][gc,start    ] GC(30) Concurrent evacuation
[2026-04-03T03:36:03.348+0600][42.325s][info][gc,task     ] GC(30) Using 3 of 6 workers for concurrent evacuation
[2026-04-03T03:36:03.411+0600][42.388s][info][gc          ] GC(30) Concurrent evacuation 63.120ms
[2026-04-03T03:36:03.412+0600][42.388s][info][gc,start    ] GC(30) Pause Init Update Refs
[2026-04-03T03:36:03.412+0600][42.389s][info][gc,ergo     ] GC(30) Pacer for Update Refs. Used: 865M, Free: 864M, Non-Taxable: 88574K, Alloc Tax Rate: 1.2x
[2026-04-03T03:36:03.412+0600][42.389s][info][gc          ] GC(30) Pause Init Update Refs 0.154ms
[2026-04-03T03:36:03.412+0600][42.389s][info][gc,start    ] GC(30) Concurrent update references
[2026-04-03T03:36:03.412+0600][42.389s][info][gc,task     ] GC(30) Using 3 of 6 workers for concurrent reference update
[2026-04-03T03:36:03.637+0600][42.614s][info][gc          ] GC(30) Concurrent update references 225.204ms
[2026-04-03T03:36:03.637+0600][42.614s][info][gc,start    ] GC(30) Concurrent update thread roots
[2026-04-03T03:36:03.638+0600][42.615s][info][gc          ] GC(30) Concurrent update thread roots 1.134ms
[2026-04-03T03:36:03.638+0600][42.615s][info][gc,start    ] GC(30) Pause Final Update Refs
[2026-04-03T03:36:03.639+0600][42.615s][info][gc,task     ] GC(30) Using 6 of 6 workers for final reference update
[2026-04-03T03:36:03.639+0600][42.616s][info][gc          ] GC(30) Pause Final Update Refs 0.276ms
[2026-04-03T03:36:03.639+0600][42.616s][info][gc,start    ] GC(30) Concurrent cleanup
[2026-04-03T03:36:03.640+0600][42.617s][info][gc          ] GC(30) Concurrent cleanup 981M->603M(1152M) 0.848ms
[2026-04-03T03:36:03.640+0600][42.617s][info][gc,ergo     ] Free: 1051M, Max: 512K regular, 373M humongous, Frag: 65% external, 0% internal; Reserve: 89600K, Max: 512K
[2026-04-03T03:36:03.640+0600][42.617s][info][gc,stats    ] 
[2026-04-03T03:36:03.640+0600][42.617s][info][gc,stats    ] All times are wall-clock times, except per-root-class counters, that are sum over
[2026-04-03T03:36:03.640+0600][42.617s][info][gc,stats    ] all workers. Dividing the <total> over the root stage time estimates parallelism.
[2026-04-03T03:36:03.640+0600][42.617s][info][gc,stats    ] 
[2026-04-03T03:36:03.640+0600][42.617s][info][gc,stats    ] Concurrent Reset                   1493 us
[2026-04-03T03:36:03.640+0600][42.617s][info][gc,stats    ] Pause Init Mark (G)                 504 us
[2026-04-03T03:36:03.640+0600][42.617s][info][gc,stats    ] Pause Init Mark (N)                 212 us
[2026-04-03T03:36:03.640+0600][42.617s][info][gc,stats    ]   Update Region States               52 us
[2026-04-03T03:36:03.640+0600][42.617s][info][gc,stats    ] Concurrent Mark Roots               984 us, parallelism: 1.64x
[2026-04-03T03:36:03.640+0600][42.617s][info][gc,stats    ]   CMR: <total>                     1616 us
[2026-04-03T03:36:03.640+0600][42.617s][info][gc,stats    ]   CMR: Thread Roots                1255 us, workers (us): 226, 529, 500, ---, ---, ---, 
[2026-04-03T03:36:03.640+0600][42.617s][info][gc,stats    ]   CMR: VM Strong Roots               34 us, workers (us):  32,   1,   1, ---, ---, ---, 
[2026-04-03T03:36:03.640+0600][42.617s][info][gc,stats    ]   CMR: CLDG Roots                   328 us, workers (us): 328, ---, ---, ---, ---, ---, 
[2026-04-03T03:36:03.640+0600][42.617s][info][gc,stats    ] Concurrent Marking               312900 us
[2026-04-03T03:36:03.640+0600][42.617s][info][gc,stats    ] Pause Final Mark (G)               1170 us
[2026-04-03T03:36:03.640+0600][42.617s][info][gc,stats    ] Pause Final Mark (N)                975 us
[2026-04-03T03:36:03.640+0600][42.617s][info][gc,stats    ]   Finish Mark                       307 us
[2026-04-03T03:36:03.640+0600][42.617s][info][gc,stats    ]   Update Region States               86 us
[2026-04-03T03:36:03.640+0600][42.617s][info][gc,stats    ]   Choose Collection Set             378 us
[2026-04-03T03:36:03.640+0600][42.617s][info][gc,stats    ]   Rebuild Free Set                   41 us
[2026-04-03T03:36:03.640+0600][42.617s][info][gc,stats    ] Concurrent Thread Roots             934 us, parallelism: 2.07x
[2026-04-03T03:36:03.640+0600][42.617s][info][gc,stats    ]   CTR: <total>                     1929 us
[2026-04-03T03:36:03.640+0600][42.617s][info][gc,stats    ]   CTR: Thread Roots                1929 us, workers (us): 667, 634, 628, ---, ---, ---, 
[2026-04-03T03:36:03.640+0600][42.617s][info][gc,stats    ] Concurrent Weak References          645 us, parallelism: 0.95x
[2026-04-03T03:36:03.640+0600][42.617s][info][gc,stats    ]   CWRF: <total>                     614 us
[2026-04-03T03:36:03.640+0600][42.617s][info][gc,stats    ]   CWRF: Weak References             614 us, workers (us): 454, 120,  40, ---, ---, ---, 
[2026-04-03T03:36:03.640+0600][42.617s][info][gc,stats    ] Concurrent Weak Roots              2927 us
[2026-04-03T03:36:03.640+0600][42.617s][info][gc,stats    ]   Roots                            2580 us, parallelism: 2.49x
[2026-04-03T03:36:03.640+0600][42.617s][info][gc,stats    ]     CWR: <total>                   6417 us
[2026-04-03T03:36:03.640+0600][42.617s][info][gc,stats    ]     CWR: Code Cache Roots          4493 us, workers (us): 1558, 1538, 1397, ---, ---, ---, 
[2026-04-03T03:36:03.640+0600][42.617s][info][gc,stats    ]     CWR: VM Weak Roots             1868 us, workers (us): 641, 630, 597, ---, ---, ---, 
[2026-04-03T03:36:03.640+0600][42.617s][info][gc,stats    ]     CWR: CLDG Roots                  55 us, workers (us):  55, ---, ---, ---, ---, ---, 
[2026-04-03T03:36:03.640+0600][42.617s][info][gc,stats    ]   Rendezvous                        215 us
[2026-04-03T03:36:03.640+0600][42.617s][info][gc,stats    ] Concurrent Cleanup                  299 us
[2026-04-03T03:36:03.640+0600][42.617s][info][gc,stats    ] Concurrent Class Unloading         7342 us
[2026-04-03T03:36:03.640+0600][42.617s][info][gc,stats    ]   Unlink Stale                     6870 us
[2026-04-03T03:36:03.640+0600][42.617s][info][gc,stats    ]     System Dictionary               127 us
[2026-04-03T03:36:03.640+0600][42.617s][info][gc,stats    ]     Weak Class Links                  1 us
[2026-04-03T03:36:03.640+0600][42.617s][info][gc,stats    ]     Code Roots                     6737 us
[2026-04-03T03:36:03.640+0600][42.617s][info][gc,stats    ]   Rendezvous                        306 us
[2026-04-03T03:36:03.640+0600][42.617s][info][gc,stats    ]   Purge Unlinked                     20 us
[2026-04-03T03:36:03.640+0600][42.617s][info][gc,stats    ]     Code Roots                        7 us
[2026-04-03T03:36:03.640+0600][42.617s][info][gc,stats    ]     CLDG                             12 us
[2026-04-03T03:36:03.640+0600][42.617s][info][gc,stats    ]     Exception Caches                  1 us
[2026-04-03T03:36:03.640+0600][42.617s][info][gc,stats    ] Concurrent Strong Roots             811 us, parallelism: 0.62x
[2026-04-03T03:36:03.640+0600][42.617s][info][gc,stats    ]   CSR: <total>                      500 us
[2026-04-03T03:36:03.640+0600][42.617s][info][gc,stats    ]   CSR: VM Strong Roots               37 us, workers (us):  34,   2,   1, ---, ---, ---, 
[2026-04-03T03:36:03.640+0600][42.617s][info][gc,stats    ]   CSR: CLDG Roots                   463 us, workers (us): 463, ---, ---, ---, ---, ---, 
[2026-04-03T03:36:03.640+0600][42.617s][info][gc,stats    ] Concurrent Evacuation             63228 us
[2026-04-03T03:36:03.640+0600][42.617s][info][gc,stats    ] Pause Init Update Refs (G)          444 us
[2026-04-03T03:36:03.640+0600][42.617s][info][gc,stats    ] Pause Init Update Refs (N)          212 us
[2026-04-03T03:36:03.640+0600][42.617s][info][gc,stats    ]   Manage GCLABs                      15 us
[2026-04-03T03:36:03.640+0600][42.617s][info][gc,stats    ] Concurrent Update Refs           225326 us
[2026-04-03T03:36:03.640+0600][42.617s][info][gc,stats    ] Concurrent Update Thread Roots     1181 us
[2026-04-03T03:36:03.640+0600][42.617s][info][gc,stats    ] Pause Final Update Refs (G)         562 us
[2026-04-03T03:36:03.640+0600][42.617s][info][gc,stats    ] Pause Final Update Refs (N)         318 us
[2026-04-03T03:36:03.640+0600][42.617s][info][gc,stats    ]   Update Region States               66 us
[2026-04-03T03:36:03.640+0600][42.617s][info][gc,stats    ]   Trash Collection Set               15 us
[2026-04-03T03:36:03.640+0600][42.617s][info][gc,stats    ]   Rebuild Free Set                   73 us
[2026-04-03T03:36:03.640+0600][42.617s][info][gc,stats    ] Concurrent Cleanup                  871 us
[2026-04-03T03:36:03.640+0600][42.617s][info][gc,stats    ] Pacing                            56263 us
[2026-04-03T03:36:03.640+0600][42.617s][info][gc,stats    ] 
[2026-04-03T03:36:03.640+0600][42.617s][info][gc,stats    ] Allocation pacing accrued:
[2026-04-03T03:36:03.640+0600][42.617s][info][gc,stats    ]       5 of   724 ms (  0.7%): Executor task launch worker for task 1.0 in stage 15.0 (TID 25)
[2026-04-03T03:36:03.640+0600][42.617s][info][gc,stats    ]      23 of   724 ms (  3.1%): Executor task launch worker for task 2.0 in stage 15.0 (TID 26)
[2026-04-03T03:36:03.640+0600][42.617s][info][gc,stats    ]      29 of   724 ms (  4.0%): Executor task launch worker for task 0.0 in stage 15.0 (TID 24)
[2026-04-03T03:36:03.640+0600][42.617s][info][gc,stats    ]      56 of   724 ms (  7.8%): <total>
[2026-04-03T03:36:03.640+0600][42.617s][info][gc,stats    ]       0 of   724 ms (  0.1%): <average total>
[2026-04-03T03:36:03.640+0600][42.617s][info][gc,stats    ]      19 of   724 ms (  2.6%): <average non-zero>
[2026-04-03T03:36:03.640+0600][42.617s][info][gc,stats    ] 
[2026-04-03T03:36:03.640+0600][42.617s][info][gc,metaspace] Metaspace: 72761K(73664K)->72761K(73664K) NonClass: 63458K(63936K)->63458K(63936K) Class: 9302K(9728K)->9302K(9728K)
[2026-04-03T03:36:03.640+0600][42.617s][info][gc,ergo     ] Pacer for Idle. Initial: 35840K, Alloc Tax Rate: 1.0x
[2026-04-03T03:36:03.835+0600][42.812s][info][gc          ] Trigger: Average GC time (919.09 ms) is above the time for average allocation rate (847 MB/s) to deplete free headroom (777M) (margin of error = 1.97)
[2026-04-03T03:36:03.835+0600][42.812s][info][gc,ergo     ] Free headroom: 865M (free) - 89600K (spike) - 0B (penalties) = 777M
[2026-04-03T03:36:03.835+0600][42.812s][info][gc,ergo     ] Free: 865M, Max: 512K regular, 373M humongous, Frag: 57% external, 0% internal; Reserve: 89600K, Max: 512K
[2026-04-03T03:36:03.835+0600][42.812s][info][gc,start    ] GC(31) Concurrent reset
[2026-04-03T03:36:03.835+0600][42.812s][info][gc,task     ] GC(31) Using 3 of 6 workers for concurrent reset
[2026-04-03T03:36:03.835+0600][42.812s][info][gc,ergo     ] GC(31) Pacer for Reset. Non-Taxable: 1750M
[2026-04-03T03:36:03.837+0600][42.814s][info][gc          ] GC(31) Concurrent reset 1.902ms
[2026-04-03T03:36:03.837+0600][42.814s][info][gc,start    ] GC(31) Pause Init Mark (unload classes)
[2026-04-03T03:36:03.837+0600][42.814s][info][gc,task     ] GC(31) Using 6 of 6 workers for init marking
[2026-04-03T03:36:03.837+0600][42.814s][info][gc,ergo     ] GC(31) Pacer for Mark. Expected Live: 267M, Free: 863M, Non-Taxable: 88472K, Alloc Tax Rate: 0.4x
[2026-04-03T03:36:03.837+0600][42.814s][info][gc          ] GC(31) Pause Init Mark (unload classes) 0.199ms
[2026-04-03T03:36:03.837+0600][42.814s][info][gc,start    ] GC(31) Concurrent marking roots
[2026-04-03T03:36:03.837+0600][42.814s][info][gc,task     ] GC(31) Using 3 of 6 workers for concurrent marking roots
[2026-04-03T03:36:03.838+0600][42.815s][info][gc          ] GC(31) Concurrent marking roots 1.144ms
[2026-04-03T03:36:03.839+0600][42.815s][info][gc,start    ] GC(31) Concurrent marking (unload classes)
[2026-04-03T03:36:03.839+0600][42.815s][info][gc,task     ] GC(31) Using 3 of 6 workers for concurrent marking
[2026-04-03T03:36:04.229+0600][43.206s][info][gc          ] GC(31) Concurrent marking (unload classes) 390.942ms
[2026-04-03T03:36:04.230+0600][43.207s][info][gc,start    ] GC(31) Pause Final Mark (unload classes)
[2026-04-03T03:36:04.230+0600][43.207s][info][gc,task     ] GC(31) Using 6 of 6 workers for final marking
[2026-04-03T03:36:04.230+0600][43.207s][info][gc,ergo     ] GC(31) Adaptive CSet Selection. Target Free: 247M, Actual Free: 781M, Max CSet: 74666K, Min Garbage: 0B
[2026-04-03T03:36:04.230+0600][43.207s][info][gc,ergo     ] GC(31) Collectable Garbage: 491M (98%), Immediate: 7168K (1%), CSet: 484M (97%)
[2026-04-03T03:36:04.231+0600][43.207s][info][gc,ergo     ] GC(31) Pacer for Evacuation. Used CSet: 526M, Free: 695M, Non-Taxable: 71269K, Alloc Tax Rate: 1.8x
[2026-04-03T03:36:04.231+0600][43.207s][info][gc          ] GC(31) Pause Final Mark (unload classes) 0.953ms
[2026-04-03T03:36:04.231+0600][43.208s][info][gc,start    ] GC(31) Concurrent thread roots
[2026-04-03T03:36:04.231+0600][43.208s][info][gc,task     ] GC(31) Using 3 of 6 workers for Concurrent thread roots
[2026-04-03T03:36:04.232+0600][43.208s][info][gc          ] GC(31) Concurrent thread roots 0.850ms
[2026-04-03T03:36:04.232+0600][43.208s][info][gc,start    ] GC(31) Concurrent weak references
[2026-04-03T03:36:04.232+0600][43.209s][info][gc,task     ] GC(31) Using 3 of 6 workers for concurrent weak references
[2026-04-03T03:36:04.232+0600][43.209s][info][gc,ref      ] GC(31) Encountered references: Soft: 3282, Weak: 6318, Final: 84, Phantom: 600
[2026-04-03T03:36:04.232+0600][43.209s][info][gc,ref      ] GC(31) Discovered  references: Soft: 0, Weak: 578, Final: 0, Phantom: 597
[2026-04-03T03:36:04.232+0600][43.209s][info][gc,ref      ] GC(31) Enqueued    references: Soft: 0, Weak: 0, Final: 0, Phantom: 0
[2026-04-03T03:36:04.232+0600][43.209s][info][gc          ] GC(31) Concurrent weak references 0.288ms
[2026-04-03T03:36:04.232+0600][43.209s][info][gc,start    ] GC(31) Concurrent weak roots
[2026-04-03T03:36:04.232+0600][43.209s][info][gc,task     ] GC(31) Using 3 of 6 workers for concurrent weak root
[2026-04-03T03:36:04.234+0600][43.211s][info][gc          ] GC(31) Concurrent weak roots 2.146ms
[2026-04-03T03:36:04.234+0600][43.211s][info][gc,start    ] GC(31) Concurrent cleanup
[2026-04-03T03:36:04.235+0600][43.212s][info][gc          ] GC(31) Concurrent cleanup 969M->962M(1152M) 0.528ms
[2026-04-03T03:36:04.235+0600][43.212s][info][gc,ergo     ] GC(31) Free: 694M, Max: 512K regular, 373M humongous, Frag: 47% external, 0% internal; Reserve: 89473K, Max: 512K
[2026-04-03T03:36:04.235+0600][43.212s][info][gc,start    ] GC(31) Concurrent class unloading
[2026-04-03T03:36:04.235+0600][43.212s][info][gc,task     ] GC(31) Using 3 of 6 workers for concurrent class unloading
[2026-04-03T03:36:04.240+0600][43.217s][info][gc          ] GC(31) Concurrent class unloading 5.497ms
[2026-04-03T03:36:04.240+0600][43.217s][info][gc,start    ] GC(31) Concurrent strong roots
[2026-04-03T03:36:04.240+0600][43.217s][info][gc,task     ] GC(31) Using 3 of 6 workers for concurrent strong root
[2026-04-03T03:36:04.241+0600][43.218s][info][gc          ] GC(31) Concurrent strong roots 0.599ms
[2026-04-03T03:36:04.241+0600][43.218s][info][gc,start    ] GC(31) Concurrent evacuation
[2026-04-03T03:36:04.241+0600][43.218s][info][gc,task     ] GC(31) Using 3 of 6 workers for concurrent evacuation
[2026-04-03T03:36:04.286+0600][43.263s][info][gc          ] GC(31) Concurrent evacuation 45.264ms
[2026-04-03T03:36:04.286+0600][43.263s][info][gc,start    ] GC(31) Pause Init Update Refs
[2026-04-03T03:36:04.287+0600][43.264s][info][gc,ergo     ] GC(31) Pacer for Update Refs. Used: 1034M, Free: 666M, Non-Taxable: 68248K, Alloc Tax Rate: 1.9x
[2026-04-03T03:36:04.287+0600][43.264s][info][gc          ] GC(31) Pause Init Update Refs 0.190ms
[2026-04-03T03:36:04.287+0600][43.264s][info][gc,start    ] GC(31) Concurrent update references
[2026-04-03T03:36:04.287+0600][43.264s][info][gc,task     ] GC(31) Using 3 of 6 workers for concurrent reference update
[2026-04-03T03:36:04.549+0600][43.526s][info][gc          ] GC(31) Concurrent update references 261.959ms
[2026-04-03T03:36:04.549+0600][43.526s][info][gc,start    ] GC(31) Concurrent update thread roots
[2026-04-03T03:36:04.550+0600][43.527s][info][gc          ] GC(31) Concurrent update thread roots 1.326ms
[2026-04-03T03:36:04.572+0600][43.549s][info][gc,start    ] GC(31) Pause Final Update Refs
[2026-04-03T03:36:04.572+0600][43.549s][info][gc,task     ] GC(31) Using 6 of 6 workers for final reference update
[2026-04-03T03:36:04.573+0600][43.550s][info][gc          ] GC(31) Pause Final Update Refs 0.197ms
[2026-04-03T03:36:04.573+0600][43.550s][info][gc,start    ] GC(31) Concurrent cleanup
[2026-04-03T03:36:04.573+0600][43.550s][info][gc          ] GC(31) Concurrent cleanup 1177M->651M(1212M) 0.406ms
[2026-04-03T03:36:04.573+0600][43.550s][info][gc,ergo     ] Free: 1004M, Max: 512K regular, 373M humongous, Frag: 63% external, 0% internal; Reserve: 89600K, Max: 512K
[2026-04-03T03:36:04.573+0600][43.550s][info][gc,stats    ] 
[2026-04-03T03:36:04.573+0600][43.550s][info][gc,stats    ] All times are wall-clock times, except per-root-class counters, that are sum over
[2026-04-03T03:36:04.573+0600][43.550s][info][gc,stats    ] all workers. Dividing the <total> over the root stage time estimates parallelism.
[2026-04-03T03:36:04.573+0600][43.550s][info][gc,stats    ] 
[2026-04-03T03:36:04.573+0600][43.550s][info][gc,stats    ] Concurrent Reset                   1982 us
[2026-04-03T03:36:04.573+0600][43.550s][info][gc,stats    ] Pause Init Mark (G)                 446 us
[2026-04-03T03:36:04.573+0600][43.550s][info][gc,stats    ] Pause Init Mark (N)                 209 us
[2026-04-03T03:36:04.573+0600][43.550s][info][gc,stats    ]   Update Region States               46 us
[2026-04-03T03:36:04.573+0600][43.550s][info][gc,stats    ] Concurrent Mark Roots              1197 us, parallelism: 1.73x
[2026-04-03T03:36:04.573+0600][43.550s][info][gc,stats    ]   CMR: <total>                     2075 us
[2026-04-03T03:36:04.573+0600][43.550s][info][gc,stats    ]   CMR: Thread Roots                1811 us, workers (us): 484, 714, 613, ---, ---, ---, 
[2026-04-03T03:36:04.573+0600][43.550s][info][gc,stats    ]   CMR: VM Strong Roots               36 us, workers (us):  21,  14,   1, ---, ---, ---, 
[2026-04-03T03:36:04.573+0600][43.550s][info][gc,stats    ]   CMR: CLDG Roots                   227 us, workers (us): 227, ---, ---, ---, ---, ---, 
[2026-04-03T03:36:04.573+0600][43.550s][info][gc,stats    ] Concurrent Marking               391021 us
[2026-04-03T03:36:04.573+0600][43.550s][info][gc,stats    ] Pause Final Mark (G)               1114 us
[2026-04-03T03:36:04.573+0600][43.550s][info][gc,stats    ] Pause Final Mark (N)                965 us
[2026-04-03T03:36:04.573+0600][43.550s][info][gc,stats    ]   Finish Mark                       301 us
[2026-04-03T03:36:04.573+0600][43.550s][info][gc,stats    ]   Update Region States               52 us
[2026-04-03T03:36:04.573+0600][43.550s][info][gc,stats    ]   Choose Collection Set             433 us
[2026-04-03T03:36:04.573+0600][43.550s][info][gc,stats    ]   Rebuild Free Set                   39 us
[2026-04-03T03:36:04.573+0600][43.550s][info][gc,stats    ] Concurrent Thread Roots             896 us, parallelism: 1.59x
[2026-04-03T03:36:04.573+0600][43.550s][info][gc,stats    ]   CTR: <total>                     1423 us
[2026-04-03T03:36:04.573+0600][43.550s][info][gc,stats    ]   CTR: Thread Roots                1423 us, workers (us): 489, 490, 444, ---, ---, ---, 
[2026-04-03T03:36:04.573+0600][43.550s][info][gc,stats    ] Concurrent Weak References          298 us, parallelism: 0.63x
[2026-04-03T03:36:04.573+0600][43.550s][info][gc,stats    ]   CWRF: <total>                     187 us
[2026-04-03T03:36:04.573+0600][43.550s][info][gc,stats    ]   CWRF: Weak References             187 us, workers (us): 100,  85,   1, ---, ---, ---, 
[2026-04-03T03:36:04.573+0600][43.550s][info][gc,stats    ] Concurrent Weak Roots              2195 us
[2026-04-03T03:36:04.573+0600][43.550s][info][gc,stats    ]   Roots                            1870 us, parallelism: 2.39x
[2026-04-03T03:36:04.573+0600][43.550s][info][gc,stats    ]     CWR: <total>                   4468 us
[2026-04-03T03:36:04.573+0600][43.550s][info][gc,stats    ]     CWR: Code Cache Roots          3153 us, workers (us): 1041, 1015, 1098, ---, ---, ---, 
[2026-04-03T03:36:04.573+0600][43.550s][info][gc,stats    ]     CWR: VM Weak Roots             1246 us, workers (us): 438, 432, 376, ---, ---, ---, 
[2026-04-03T03:36:04.574+0600][43.550s][info][gc,stats    ]     CWR: CLDG Roots                  69 us, workers (us): ---,  69, ---, ---, ---, ---, 
[2026-04-03T03:36:04.574+0600][43.550s][info][gc,stats    ]   Rendezvous                        248 us
[2026-04-03T03:36:04.574+0600][43.550s][info][gc,stats    ] Concurrent Cleanup                  542 us
[2026-04-03T03:36:04.574+0600][43.550s][info][gc,stats    ] Concurrent Class Unloading         5560 us
[2026-04-03T03:36:04.574+0600][43.550s][info][gc,stats    ]   Unlink Stale                     5197 us
[2026-04-03T03:36:04.574+0600][43.551s][info][gc,stats    ]     System Dictionary                93 us
[2026-04-03T03:36:04.574+0600][43.551s][info][gc,stats    ]     Weak Class Links                  0 us
[2026-04-03T03:36:04.574+0600][43.551s][info][gc,stats    ]     Code Roots                     5101 us
[2026-04-03T03:36:04.574+0600][43.551s][info][gc,stats    ]   Rendezvous                        267 us
[2026-04-03T03:36:04.574+0600][43.551s][info][gc,stats    ]   Purge Unlinked                     12 us
[2026-04-03T03:36:04.574+0600][43.551s][info][gc,stats    ]     Code Roots                        4 us
[2026-04-03T03:36:04.574+0600][43.551s][info][gc,stats    ]     CLDG                              7 us
[2026-04-03T03:36:04.574+0600][43.551s][info][gc,stats    ]     Exception Caches                  0 us
[2026-04-03T03:36:04.574+0600][43.551s][info][gc,stats    ] Concurrent Strong Roots             625 us, parallelism: 0.60x
[2026-04-03T03:36:04.574+0600][43.551s][info][gc,stats    ]   CSR: <total>                      374 us
[2026-04-03T03:36:04.574+0600][43.551s][info][gc,stats    ]   CSR: VM Strong Roots               26 us, workers (us):  15,  10,   1, ---, ---, ---, 
[2026-04-03T03:36:04.574+0600][43.551s][info][gc,stats    ]   CSR: CLDG Roots                   348 us, workers (us): 348, ---, ---, ---, ---, ---, 
[2026-04-03T03:36:04.574+0600][43.551s][info][gc,stats    ] Concurrent Evacuation             45354 us
[2026-04-03T03:36:04.574+0600][43.551s][info][gc,stats    ] Pause Init Update Refs (G)          726 us
[2026-04-03T03:36:04.574+0600][43.551s][info][gc,stats    ] Pause Init Update Refs (N)          259 us
[2026-04-03T03:36:04.574+0600][43.551s][info][gc,stats    ]   Manage GCLABs                      25 us
[2026-04-03T03:36:04.574+0600][43.551s][info][gc,stats    ] Concurrent Update Refs           262033 us
[2026-04-03T03:36:04.574+0600][43.551s][info][gc,stats    ] Concurrent Update Thread Roots    23281 us
[2026-04-03T03:36:04.574+0600][43.551s][info][gc,stats    ] Pause Final Update Refs (G)         446 us
[2026-04-03T03:36:04.574+0600][43.551s][info][gc,stats    ] Pause Final Update Refs (N)         210 us
[2026-04-03T03:36:04.574+0600][43.551s][info][gc,stats    ]   Update Region States               51 us
[2026-04-03T03:36:04.574+0600][43.551s][info][gc,stats    ]   Trash Collection Set               17 us
[2026-04-03T03:36:04.574+0600][43.551s][info][gc,stats    ]   Rebuild Free Set                   36 us
[2026-04-03T03:36:04.574+0600][43.551s][info][gc,stats    ] Concurrent Cleanup                  427 us
[2026-04-03T03:36:04.574+0600][43.551s][info][gc,stats    ] Pacing                           282468 us
[2026-04-03T03:36:04.574+0600][43.551s][info][gc,stats    ] 
[2026-04-03T03:36:04.574+0600][43.551s][info][gc,stats    ] Allocation pacing accrued:
[2026-04-03T03:36:04.574+0600][43.551s][info][gc,stats    ]      96 of   933 ms ( 10.3%): Executor task launch worker for task 1.0 in stage 15.0 (TID 25)
[2026-04-03T03:36:04.574+0600][43.551s][info][gc,stats    ]      98 of   933 ms ( 10.4%): Executor task launch worker for task 2.0 in stage 15.0 (TID 26)
[2026-04-03T03:36:04.574+0600][43.551s][info][gc,stats    ]      89 of   933 ms (  9.5%): Executor task launch worker for task 0.0 in stage 15.0 (TID 24)
[2026-04-03T03:36:04.574+0600][43.551s][info][gc,stats    ]     282 of   933 ms ( 30.3%): <total>
[2026-04-03T03:36:04.574+0600][43.551s][info][gc,stats    ]       2 of   933 ms (  0.2%): <average total>
[2026-04-03T03:36:04.574+0600][43.551s][info][gc,stats    ]      94 of   933 ms ( 10.1%): <average non-zero>
[2026-04-03T03:36:04.574+0600][43.551s][info][gc,stats    ] 
[2026-04-03T03:36:04.574+0600][43.551s][info][gc,metaspace] Metaspace: 72761K(73664K)->72771K(73664K) NonClass: 63458K(63936K)->63468K(63936K) Class: 9302K(9728K)->9302K(9728K)
[2026-04-03T03:36:04.574+0600][43.551s][info][gc,ergo     ] Pacer for Idle. Initial: 35840K, Alloc Tax Rate: 1.0x
[2026-04-03T03:36:06.050+0600][45.027s][info][gc          ] Trigger: Average GC time (901.72 ms) is above the time for average allocation rate (463 MB/s) to deplete free headroom (416M) (margin of error = 1.98)
[2026-04-03T03:36:06.050+0600][45.027s][info][gc,ergo     ] Free headroom: 504M (free) - 89600K (spike) - 0B (penalties) = 416M
[2026-04-03T03:36:06.050+0600][45.027s][info][gc,ergo     ] Free: 504M, Max: 512K regular, 373M humongous, Frag: 26% external, 0% internal; Reserve: 89600K, Max: 512K
[2026-04-03T03:36:06.050+0600][45.027s][info][gc,start    ] GC(32) Concurrent reset
[2026-04-03T03:36:06.050+0600][45.027s][info][gc,task     ] GC(32) Using 3 of 6 workers for concurrent reset
[2026-04-03T03:36:06.050+0600][45.027s][info][gc,ergo     ] GC(32) Pacer for Reset. Non-Taxable: 1750M
[2026-04-03T03:36:06.053+0600][45.030s][info][gc          ] GC(32) Concurrent reset 2.589ms
[2026-04-03T03:36:06.053+0600][45.030s][info][gc,start    ] GC(32) Pause Init Mark (unload classes)
[2026-04-03T03:36:06.053+0600][45.030s][info][gc,task     ] GC(32) Using 6 of 6 workers for init marking
[2026-04-03T03:36:06.054+0600][45.030s][info][gc,ergo     ] GC(32) Pacer for Mark. Expected Live: 273M, Free: 501M, Non-Taxable: 51352K, Alloc Tax Rate: 0.7x
[2026-04-03T03:36:06.054+0600][45.030s][info][gc          ] GC(32) Pause Init Mark (unload classes) 0.205ms
[2026-04-03T03:36:06.054+0600][45.031s][info][gc,start    ] GC(32) Concurrent marking roots
[2026-04-03T03:36:06.054+0600][45.031s][info][gc,task     ] GC(32) Using 3 of 6 workers for concurrent marking roots
[2026-04-03T03:36:06.055+0600][45.032s][info][gc          ] GC(32) Concurrent marking roots 1.079ms
[2026-04-03T03:36:06.055+0600][45.032s][info][gc,start    ] GC(32) Concurrent marking (unload classes)
[2026-04-03T03:36:06.055+0600][45.032s][info][gc,task     ] GC(32) Using 3 of 6 workers for concurrent marking
[2026-04-03T03:36:06.353+0600][45.329s][info][gc          ] GC(32) Concurrent marking (unload classes) 297.755ms
[2026-04-03T03:36:06.353+0600][45.330s][info][gc,start    ] GC(32) Pause Final Mark (unload classes)
[2026-04-03T03:36:06.353+0600][45.330s][info][gc,task     ] GC(32) Using 6 of 6 workers for final marking
[2026-04-03T03:36:06.354+0600][45.331s][info][gc,ergo     ] GC(32) Adaptive CSet Selection. Target Free: 247M, Actual Free: 1322M, Max CSet: 74666K, Min Garbage: 0B
[2026-04-03T03:36:06.354+0600][45.331s][info][gc,ergo     ] GC(32) Collectable Garbage: 955M (99%), Immediate: 825M (85%), CSet: 130M (13%)
[2026-04-03T03:36:06.354+0600][45.331s][info][gc,ergo     ] GC(32) Pacer for Evacuation. Used CSet: 155M, Free: 1251M, Non-Taxable: 125M, Alloc Tax Rate: 1.1x
[2026-04-03T03:36:06.354+0600][45.331s][info][gc          ] GC(32) Pause Final Mark (unload classes) 1.523ms
[2026-04-03T03:36:06.355+0600][45.332s][info][gc,start    ] GC(32) Concurrent thread roots
[2026-04-03T03:36:06.355+0600][45.332s][info][gc,task     ] GC(32) Using 3 of 6 workers for Concurrent thread roots
[2026-04-03T03:36:06.356+0600][45.333s][info][gc          ] GC(32) Concurrent thread roots 1.072ms
[2026-04-03T03:36:06.356+0600][45.333s][info][gc,start    ] GC(32) Concurrent weak references
[2026-04-03T03:36:06.356+0600][45.333s][info][gc,task     ] GC(32) Using 3 of 6 workers for concurrent weak references
[2026-04-03T03:36:06.356+0600][45.333s][info][gc,ref      ] GC(32) Encountered references: Soft: 3288, Weak: 6559, Final: 84, Phantom: 600
[2026-04-03T03:36:06.356+0600][45.333s][info][gc,ref      ] GC(32) Discovered  references: Soft: 0, Weak: 1336, Final: 0, Phantom: 597
[2026-04-03T03:36:06.356+0600][45.333s][info][gc,ref      ] GC(32) Enqueued    references: Soft: 0, Weak: 5, Final: 0, Phantom: 0
[2026-04-03T03:36:06.356+0600][45.333s][info][gc          ] GC(32) Concurrent weak references 0.489ms
[2026-04-03T03:36:06.356+0600][45.333s][info][gc,start    ] GC(32) Concurrent weak roots
[2026-04-03T03:36:06.356+0600][45.333s][info][gc,task     ] GC(32) Using 3 of 6 workers for concurrent weak root
[2026-04-03T03:36:06.360+0600][45.337s][info][gc          ] GC(32) Concurrent weak roots 3.448ms
[2026-04-03T03:36:06.360+0600][45.337s][info][gc,start    ] GC(32) Concurrent cleanup
[2026-04-03T03:36:06.361+0600][45.337s][info][gc          ] GC(32) Concurrent cleanup 1230M->406M(1292M) 0.731ms
[2026-04-03T03:36:06.361+0600][45.338s][info][gc,ergo     ] GC(32) Free: 1248M, Max: 512K regular, 336M humongous, Frag: 74% external, 0% internal; Reserve: 89150K, Max: 512K
[2026-04-03T03:36:06.361+0600][45.338s][info][gc,start    ] GC(32) Concurrent class unloading
[2026-04-03T03:36:06.361+0600][45.338s][info][gc,task     ] GC(32) Using 3 of 6 workers for concurrent class unloading
[2026-04-03T03:36:06.368+0600][45.345s][info][gc          ] GC(32) Concurrent class unloading 7.719ms
[2026-04-03T03:36:06.368+0600][45.345s][info][gc,start    ] GC(32) Concurrent strong roots
[2026-04-03T03:36:06.368+0600][45.345s][info][gc,task     ] GC(32) Using 3 of 6 workers for concurrent strong root
[2026-04-03T03:36:06.369+0600][45.346s][info][gc          ] GC(32) Concurrent strong roots 1.012ms
[2026-04-03T03:36:06.370+0600][45.347s][info][gc,start    ] GC(32) Concurrent evacuation
[2026-04-03T03:36:06.370+0600][45.347s][info][gc,task     ] GC(32) Using 3 of 6 workers for concurrent evacuation
[2026-04-03T03:36:06.396+0600][45.372s][info][gc          ] GC(32) Concurrent evacuation 25.930ms
[2026-04-03T03:36:06.396+0600][45.373s][info][gc,start    ] GC(32) Pause Init Update Refs
[2026-04-03T03:36:06.396+0600][45.373s][info][gc,ergo     ] GC(32) Pacer for Update Refs. Used: 443M, Free: 1235M, Non-Taxable: 123M, Alloc Tax Rate: 1.1x
[2026-04-03T03:36:06.396+0600][45.373s][info][gc          ] GC(32) Pause Init Update Refs 0.183ms
[2026-04-03T03:36:06.396+0600][45.373s][info][gc,start    ] GC(32) Concurrent update references
[2026-04-03T03:36:06.396+0600][45.373s][info][gc,task     ] GC(32) Using 3 of 6 workers for concurrent reference update
[2026-04-03T03:36:06.568+0600][45.545s][info][gc          ] GC(32) Concurrent update references 171.780ms
[2026-04-03T03:36:06.568+0600][45.545s][info][gc,start    ] GC(32) Concurrent update thread roots
[2026-04-03T03:36:06.569+0600][45.546s][info][gc          ] GC(32) Concurrent update thread roots 1.106ms
[2026-04-03T03:36:06.570+0600][45.546s][info][gc,start    ] GC(32) Pause Final Update Refs
[2026-04-03T03:36:06.570+0600][45.547s][info][gc,task     ] GC(32) Using 6 of 6 workers for final reference update
[2026-04-03T03:36:06.570+0600][45.547s][info][gc          ] GC(32) Pause Final Update Refs 0.283ms
[2026-04-03T03:36:06.570+0600][45.547s][info][gc,start    ] GC(32) Concurrent cleanup
[2026-04-03T03:36:06.570+0600][45.547s][info][gc          ] GC(32) Concurrent cleanup 486M->331M(1292M) 0.345ms
[2026-04-03T03:36:06.570+0600][45.547s][info][gc,ergo     ] Free: 1320M, Max: 512K regular, 336M humongous, Frag: 75% external, 0% internal; Reserve: 89600K, Max: 512K
[2026-04-03T03:36:06.571+0600][45.547s][info][gc,stats    ] 
[2026-04-03T03:36:06.571+0600][45.548s][info][gc,stats    ] All times are wall-clock times, except per-root-class counters, that are sum over
[2026-04-03T03:36:06.571+0600][45.548s][info][gc,stats    ] all workers. Dividing the <total> over the root stage time estimates parallelism.
[2026-04-03T03:36:06.571+0600][45.548s][info][gc,stats    ] 
[2026-04-03T03:36:06.571+0600][45.548s][info][gc,stats    ] Concurrent Reset                   2683 us
[2026-04-03T03:36:06.571+0600][45.548s][info][gc,stats    ] Pause Init Mark (G)                 515 us
[2026-04-03T03:36:06.571+0600][45.548s][info][gc,stats    ] Pause Init Mark (N)                 215 us
[2026-04-03T03:36:06.571+0600][45.548s][info][gc,stats    ]   Update Region States               43 us
[2026-04-03T03:36:06.571+0600][45.548s][info][gc,stats    ] Concurrent Mark Roots              1121 us, parallelism: 1.64x
[2026-04-03T03:36:06.571+0600][45.548s][info][gc,stats    ]   CMR: <total>                     1833 us
[2026-04-03T03:36:06.571+0600][45.548s][info][gc,stats    ]   CMR: Thread Roots                1455 us, workers (us): 276, 601, 578, ---, ---, ---, 
[2026-04-03T03:36:06.571+0600][45.548s][info][gc,stats    ]   CMR: VM Strong Roots               37 us, workers (us):  35,   1,   1, ---, ---, ---, 
[2026-04-03T03:36:06.571+0600][45.548s][info][gc,stats    ]   CMR: CLDG Roots                   340 us, workers (us): 340, ---, ---, ---, ---, ---, 
[2026-04-03T03:36:06.571+0600][45.548s][info][gc,stats    ] Concurrent Marking               297883 us
[2026-04-03T03:36:06.571+0600][45.548s][info][gc,stats    ] Pause Final Mark (G)               1920 us
[2026-04-03T03:36:06.571+0600][45.548s][info][gc,stats    ] Pause Final Mark (N)               1541 us
[2026-04-03T03:36:06.571+0600][45.548s][info][gc,stats    ]   Finish Mark                       478 us
[2026-04-03T03:36:06.571+0600][45.548s][info][gc,stats    ]   Update Region States              113 us
[2026-04-03T03:36:06.571+0600][45.548s][info][gc,stats    ]   Choose Collection Set             656 us
[2026-04-03T03:36:06.571+0600][45.548s][info][gc,stats    ]   Rebuild Free Set                   77 us
[2026-04-03T03:36:06.571+0600][45.548s][info][gc,stats    ] Concurrent Thread Roots            1178 us, parallelism: 1.80x
[2026-04-03T03:36:06.571+0600][45.548s][info][gc,stats    ]   CTR: <total>                     2118 us
[2026-04-03T03:36:06.571+0600][45.548s][info][gc,stats    ]   CTR: Thread Roots                2118 us, workers (us): 722, 725, 672, ---, ---, ---, 
[2026-04-03T03:36:06.571+0600][45.548s][info][gc,stats    ] Concurrent Weak References          508 us, parallelism: 0.89x
[2026-04-03T03:36:06.571+0600][45.548s][info][gc,stats    ]   CWRF: <total>                     452 us
[2026-04-03T03:36:06.571+0600][45.548s][info][gc,stats    ]   CWRF: Weak References             452 us, workers (us): 155, 240,  57, ---, ---, ---, 
[2026-04-03T03:36:06.571+0600][45.548s][info][gc,stats    ] Concurrent Weak Roots              3551 us
[2026-04-03T03:36:06.571+0600][45.548s][info][gc,stats    ]   Roots                            3063 us, parallelism: 2.59x
[2026-04-03T03:36:06.571+0600][45.548s][info][gc,stats    ]     CWR: <total>                   7937 us
[2026-04-03T03:36:06.571+0600][45.548s][info][gc,stats    ]     CWR: Code Cache Roots          5063 us, workers (us): 1770, 1503, 1791, ---, ---, ---, 
[2026-04-03T03:36:06.571+0600][45.548s][info][gc,stats    ]     CWR: VM Weak Roots             2762 us, workers (us): 925, 912, 925, ---, ---, ---, 
[2026-04-03T03:36:06.571+0600][45.548s][info][gc,stats    ]     CWR: CLDG Roots                 112 us, workers (us): ---, 112, ---, ---, ---, ---, 
[2026-04-03T03:36:06.571+0600][45.548s][info][gc,stats    ]   Rendezvous                        333 us
[2026-04-03T03:36:06.571+0600][45.548s][info][gc,stats    ] Concurrent Cleanup                  767 us
[2026-04-03T03:36:06.571+0600][45.548s][info][gc,stats    ] Concurrent Class Unloading         7827 us
[2026-04-03T03:36:06.571+0600][45.548s][info][gc,stats    ]   Unlink Stale                     6982 us
[2026-04-03T03:36:06.571+0600][45.548s][info][gc,stats    ]     System Dictionary               193 us
[2026-04-03T03:36:06.571+0600][45.548s][info][gc,stats    ]     Weak Class Links                  1 us
[2026-04-03T03:36:06.571+0600][45.548s][info][gc,stats    ]     Code Roots                     6782 us
[2026-04-03T03:36:06.571+0600][45.548s][info][gc,stats    ]   Rendezvous                        324 us
[2026-04-03T03:36:06.571+0600][45.548s][info][gc,stats    ]   Purge Unlinked                    373 us
[2026-04-03T03:36:06.571+0600][45.548s][info][gc,stats    ]     Code Roots                      359 us
[2026-04-03T03:36:06.571+0600][45.548s][info][gc,stats    ]     CLDG                             13 us
[2026-04-03T03:36:06.571+0600][45.548s][info][gc,stats    ]     Exception Caches                  0 us
[2026-04-03T03:36:06.571+0600][45.548s][info][gc,stats    ] Concurrent Strong Roots            1084 us, parallelism: 0.61x
[2026-04-03T03:36:06.571+0600][45.548s][info][gc,stats    ]   CSR: <total>                      662 us
[2026-04-03T03:36:06.571+0600][45.548s][info][gc,stats    ]   CSR: VM Strong Roots               55 us, workers (us):  27,  28,   0, ---, ---, ---, 
[2026-04-03T03:36:06.571+0600][45.548s][info][gc,stats    ]   CSR: CLDG Roots                   607 us, workers (us): 607, ---, ---, ---, ---, ---, 
[2026-04-03T03:36:06.571+0600][45.548s][info][gc,stats    ] Concurrent Evacuation             26047 us
[2026-04-03T03:36:06.571+0600][45.548s][info][gc,stats    ] Pause Init Update Refs (G)          592 us
[2026-04-03T03:36:06.571+0600][45.548s][info][gc,stats    ] Pause Init Update Refs (N)          198 us
[2026-04-03T03:36:06.571+0600][45.548s][info][gc,stats    ]   Manage GCLABs                      45 us
[2026-04-03T03:36:06.571+0600][45.548s][info][gc,stats    ] Concurrent Update Refs           171887 us
[2026-04-03T03:36:06.571+0600][45.548s][info][gc,stats    ] Concurrent Update Thread Roots     1186 us
[2026-04-03T03:36:06.571+0600][45.548s][info][gc,stats    ] Pause Final Update Refs (G)         693 us
[2026-04-03T03:36:06.571+0600][45.548s][info][gc,stats    ] Pause Final Update Refs (N)         300 us
[2026-04-03T03:36:06.571+0600][45.548s][info][gc,stats    ]   Update Region States               84 us
[2026-04-03T03:36:06.571+0600][45.548s][info][gc,stats    ]   Trash Collection Set               13 us
[2026-04-03T03:36:06.571+0600][45.548s][info][gc,stats    ]   Rebuild Free Set                   49 us
[2026-04-03T03:36:06.571+0600][45.548s][info][gc,stats    ] Concurrent Cleanup                  383 us
[2026-04-03T03:36:06.571+0600][45.548s][info][gc,stats    ] Pacing                           121431 us
[2026-04-03T03:36:06.571+0600][45.548s][info][gc,stats    ] 
[2026-04-03T03:36:06.571+0600][45.548s][info][gc,stats    ] Allocation pacing accrued:
[2026-04-03T03:36:06.571+0600][45.548s][info][gc,stats    ]      11 of  1998 ms (  0.6%): driver-heartbeater
[2026-04-03T03:36:06.571+0600][45.548s][info][gc,stats    ]      37 of  1998 ms (  1.8%): Executor task launch worker for task 1.0 in stage 20.0 (TID 31)
[2026-04-03T03:36:06.571+0600][45.548s][info][gc,stats    ]      36 of  1998 ms (  1.8%): Executor task launch worker for task 0.0 in stage 20.0 (TID 30)
[2026-04-03T03:36:06.571+0600][45.548s][info][gc,stats    ]      37 of  1998 ms (  1.9%): Executor task launch worker for task 2.0 in stage 20.0 (TID 32)
[2026-04-03T03:36:06.571+0600][45.548s][info][gc,stats    ]     121 of  1998 ms (  6.1%): <total>
[2026-04-03T03:36:06.571+0600][45.548s][info][gc,stats    ]       1 of  1998 ms (  0.0%): <average total>
[2026-04-03T03:36:06.571+0600][45.548s][info][gc,stats    ]      30 of  1998 ms (  1.5%): <average non-zero>
[2026-04-03T03:36:06.571+0600][45.548s][info][gc,stats    ] 
[2026-04-03T03:36:06.571+0600][45.548s][info][gc,metaspace] Metaspace: 72806K(73664K)->72909K(73792K) NonClass: 63502K(63936K)->63596K(64064K) Class: 9304K(9728K)->9312K(9728K)
[2026-04-03T03:36:06.571+0600][45.548s][info][gc,ergo     ] Pacer for Idle. Initial: 35840K, Alloc Tax Rate: 1.0x
[2026-04-03T03:36:07.678+0600][46.655s][info][gc          ] Trigger: Average GC time (833.42 ms) is above the time for average allocation rate (1067 MB/s) to deplete free headroom (570M) (margin of error = 1.96)
[2026-04-03T03:36:07.678+0600][46.655s][info][gc,ergo     ] Free headroom: 657M (free) - 89600K (spike) - 0B (penalties) = 570M
[2026-04-03T03:36:07.678+0600][46.655s][info][gc,ergo     ] Free: 657M, Max: 512K regular, 336M humongous, Frag: 49% external, 0% internal; Reserve: 89600K, Max: 512K
[2026-04-03T03:36:07.678+0600][46.655s][info][gc,start    ] GC(33) Concurrent reset
[2026-04-03T03:36:07.678+0600][46.655s][info][gc,task     ] GC(33) Using 3 of 6 workers for concurrent reset
[2026-04-03T03:36:07.678+0600][46.655s][info][gc,ergo     ] GC(33) Pacer for Reset. Non-Taxable: 1750M
[2026-04-03T03:36:07.679+0600][46.656s][info][gc          ] GC(33) Concurrent reset 1.098ms
[2026-04-03T03:36:07.679+0600][46.656s][info][gc,start    ] GC(33) Pause Init Mark (unload classes)
[2026-04-03T03:36:07.679+0600][46.656s][info][gc,task     ] GC(33) Using 6 of 6 workers for init marking
[2026-04-03T03:36:07.679+0600][46.656s][info][gc,ergo     ] GC(33) Pacer for Mark. Expected Live: 250M, Free: 656M, Non-Taxable: 67180K, Alloc Tax Rate: 0.5x
[2026-04-03T03:36:07.679+0600][46.656s][info][gc          ] GC(33) Pause Init Mark (unload classes) 0.212ms
[2026-04-03T03:36:07.680+0600][46.657s][info][gc,start    ] GC(33) Concurrent marking roots
[2026-04-03T03:36:07.680+0600][46.657s][info][gc,task     ] GC(33) Using 3 of 6 workers for concurrent marking roots
[2026-04-03T03:36:07.680+0600][46.657s][info][gc          ] GC(33) Concurrent marking roots 0.818ms
[2026-04-03T03:36:07.680+0600][46.657s][info][gc,start    ] GC(33) Concurrent marking (unload classes)
[2026-04-03T03:36:07.681+0600][46.657s][info][gc,task     ] GC(33) Using 3 of 6 workers for concurrent marking
[2026-04-03T03:36:07.878+0600][46.855s][info][gc          ] GC(33) Concurrent marking (unload classes) 197.716ms
[2026-04-03T03:36:07.878+0600][46.855s][info][gc,start    ] GC(33) Pause Final Mark (unload classes)
[2026-04-03T03:36:07.879+0600][46.855s][info][gc,task     ] GC(33) Using 6 of 6 workers for final marking
[2026-04-03T03:36:07.879+0600][46.856s][info][gc,ergo     ] GC(33) Adaptive CSet Selection. Target Free: 247M, Actual Free: 1261M, Max CSet: 74666K, Min Garbage: 0B
[2026-04-03T03:36:07.879+0600][46.856s][info][gc,ergo     ] GC(33) Collectable Garbage: 809M (99%), Immediate: 614M (75%), CSet: 195M (23%)
[2026-04-03T03:36:07.879+0600][46.856s][info][gc,ergo     ] GC(33) Pacer for Evacuation. Used CSet: 217M, Free: 1194M, Non-Taxable: 119M, Alloc Tax Rate: 1.1x
[2026-04-03T03:36:07.879+0600][46.856s][info][gc          ] GC(33) Pause Final Mark (unload classes) 0.826ms
[2026-04-03T03:36:07.879+0600][46.856s][info][gc,start    ] GC(33) Concurrent thread roots
[2026-04-03T03:36:07.880+0600][46.856s][info][gc,task     ] GC(33) Using 3 of 6 workers for Concurrent thread roots
[2026-04-03T03:36:07.880+0600][46.857s][info][gc          ] GC(33) Concurrent thread roots 0.815ms
[2026-04-03T03:36:07.880+0600][46.857s][info][gc,start    ] GC(33) Concurrent weak references
[2026-04-03T03:36:07.880+0600][46.857s][info][gc,task     ] GC(33) Using 3 of 6 workers for concurrent weak references
[2026-04-03T03:36:07.881+0600][46.858s][info][gc,ref      ] GC(33) Encountered references: Soft: 3341, Weak: 6878, Final: 84, Phantom: 602
[2026-04-03T03:36:07.881+0600][46.858s][info][gc,ref      ] GC(33) Discovered  references: Soft: 0, Weak: 3833, Final: 50, Phantom: 367
[2026-04-03T03:36:07.881+0600][46.858s][info][gc,ref      ] GC(33) Enqueued    references: Soft: 0, Weak: 383, Final: 0, Phantom: 0
[2026-04-03T03:36:07.881+0600][46.858s][info][gc          ] GC(33) Concurrent weak references 0.748ms
[2026-04-03T03:36:07.881+0600][46.858s][info][gc,start    ] GC(33) Concurrent weak roots
[2026-04-03T03:36:07.881+0600][46.858s][info][gc,task     ] GC(33) Using 3 of 6 workers for concurrent weak root
[2026-04-03T03:36:07.884+0600][46.860s][info][gc          ] GC(33) Concurrent weak roots 2.444ms
[2026-04-03T03:36:07.884+0600][46.861s][info][gc,start    ] GC(33) Concurrent cleanup
[2026-04-03T03:36:07.884+0600][46.861s][info][gc          ] GC(33) Concurrent cleanup 1079M->466M(1292M) 0.848ms
[2026-04-03T03:36:07.885+0600][46.861s][info][gc,ergo     ] GC(33) Free: 1190M, Max: 512K regular, 347M humongous, Frag: 71% external, 0% internal; Reserve: 89158K, Max: 512K
[2026-04-03T03:36:07.885+0600][46.862s][info][gc,start    ] GC(33) Concurrent class unloading
[2026-04-03T03:36:07.885+0600][46.862s][info][gc,task     ] GC(33) Using 3 of 6 workers for concurrent class unloading
[2026-04-03T03:36:07.908+0600][46.884s][info][gc          ] GC(33) Concurrent class unloading 22.964ms
[2026-04-03T03:36:07.908+0600][46.885s][info][gc,start    ] GC(33) Concurrent strong roots
[2026-04-03T03:36:07.908+0600][46.885s][info][gc,task     ] GC(33) Using 3 of 6 workers for concurrent strong root
[2026-04-03T03:36:07.909+0600][46.886s][info][gc          ] GC(33) Concurrent strong roots 1.201ms
[2026-04-03T03:36:07.909+0600][46.886s][info][gc,start    ] GC(33) Concurrent evacuation
[2026-04-03T03:36:07.909+0600][46.886s][info][gc,task     ] GC(33) Using 3 of 6 workers for concurrent evacuation
[2026-04-03T03:36:07.928+0600][46.905s][info][gc          ] GC(33) Concurrent evacuation 19.124ms
[2026-04-03T03:36:07.928+0600][46.905s][info][gc,start    ] GC(33) Pause Init Update Refs
[2026-04-03T03:36:07.928+0600][46.905s][info][gc,ergo     ] GC(33) Pacer for Update Refs. Used: 519M, Free: 1160M, Non-Taxable: 116M, Alloc Tax Rate: 1.1x
[2026-04-03T03:36:07.928+0600][46.905s][info][gc          ] GC(33) Pause Init Update Refs 0.125ms
[2026-04-03T03:36:07.929+0600][46.906s][info][gc,start    ] GC(33) Concurrent update references
[2026-04-03T03:36:07.929+0600][46.906s][info][gc,task     ] GC(33) Using 3 of 6 workers for concurrent reference update
[2026-04-03T03:36:08.059+0600][47.035s][info][gc          ] GC(33) Concurrent update references 129.924ms
[2026-04-03T03:36:08.059+0600][47.036s][info][gc,start    ] GC(33) Concurrent update thread roots
[2026-04-03T03:36:08.060+0600][47.037s][info][gc          ] GC(33) Concurrent update thread roots 1.116ms
[2026-04-03T03:36:08.060+0600][47.037s][info][gc,start    ] GC(33) Pause Final Update Refs
[2026-04-03T03:36:08.060+0600][47.037s][info][gc,task     ] GC(33) Using 6 of 6 workers for final reference update
[2026-04-03T03:36:08.060+0600][47.037s][info][gc          ] GC(33) Pause Final Update Refs 0.218ms
[2026-04-03T03:36:08.060+0600][47.037s][info][gc,start    ] GC(33) Concurrent cleanup
[2026-04-03T03:36:08.061+0600][47.038s][info][gc          ] GC(33) Concurrent cleanup 627M->410M(1292M) 0.315ms
[2026-04-03T03:36:08.061+0600][47.038s][info][gc,ergo     ] Free: 1244M, Max: 512K regular, 462M humongous, Frag: 63% external, 0% internal; Reserve: 89600K, Max: 512K
[2026-04-03T03:36:08.061+0600][47.038s][info][gc,stats    ] 
[2026-04-03T03:36:08.061+0600][47.038s][info][gc,stats    ] All times are wall-clock times, except per-root-class counters, that are sum over
[2026-04-03T03:36:08.061+0600][47.038s][info][gc,stats    ] all workers. Dividing the <total> over the root stage time estimates parallelism.
[2026-04-03T03:36:08.061+0600][47.038s][info][gc,stats    ] 
[2026-04-03T03:36:08.061+0600][47.038s][info][gc,stats    ] Concurrent Reset                   1176 us
[2026-04-03T03:36:08.061+0600][47.038s][info][gc,stats    ] Pause Init Mark (G)                 484 us
[2026-04-03T03:36:08.061+0600][47.038s][info][gc,stats    ] Pause Init Mark (N)                 223 us
[2026-04-03T03:36:08.061+0600][47.038s][info][gc,stats    ]   Update Region States               38 us
[2026-04-03T03:36:08.061+0600][47.038s][info][gc,stats    ] Concurrent Mark Roots               872 us, parallelism: 1.58x
[2026-04-03T03:36:08.061+0600][47.038s][info][gc,stats    ]   CMR: <total>                     1377 us
[2026-04-03T03:36:08.061+0600][47.038s][info][gc,stats    ]   CMR: Thread Roots                1007 us, workers (us): 403, 181, 422, ---, ---, ---, 
[2026-04-03T03:36:08.061+0600][47.038s][info][gc,stats    ]   CMR: VM Strong Roots              110 us, workers (us):  68,  39,   4, ---, ---, ---, 
[2026-04-03T03:36:08.061+0600][47.038s][info][gc,stats    ]   CMR: CLDG Roots                   259 us, workers (us): ---, 259, ---, ---, ---, ---, 
[2026-04-03T03:36:08.061+0600][47.038s][info][gc,stats    ] Concurrent Marking               197791 us
[2026-04-03T03:36:08.061+0600][47.038s][info][gc,stats    ] Pause Final Mark (G)               1162 us
[2026-04-03T03:36:08.061+0600][47.038s][info][gc,stats    ] Pause Final Mark (N)                840 us
[2026-04-03T03:36:08.061+0600][47.038s][info][gc,stats    ]   Finish Mark                       357 us
[2026-04-03T03:36:08.061+0600][47.038s][info][gc,stats    ]   Update Region States               74 us
[2026-04-03T03:36:08.061+0600][47.038s][info][gc,stats    ]   Choose Collection Set             258 us
[2026-04-03T03:36:08.061+0600][47.038s][info][gc,stats    ]   Rebuild Free Set                   35 us
[2026-04-03T03:36:08.061+0600][47.038s][info][gc,stats    ] Concurrent Thread Roots             865 us, parallelism: 1.63x
[2026-04-03T03:36:08.061+0600][47.038s][info][gc,stats    ]   CTR: <total>                     1411 us
[2026-04-03T03:36:08.061+0600][47.038s][info][gc,stats    ]   CTR: Thread Roots                1411 us, workers (us): 499, 474, 438, ---, ---, ---, 
[2026-04-03T03:36:08.061+0600][47.038s][info][gc,stats    ] Concurrent Weak References          759 us, parallelism: 0.74x
[2026-04-03T03:36:08.061+0600][47.038s][info][gc,stats    ]   CWRF: <total>                     563 us
[2026-04-03T03:36:08.061+0600][47.038s][info][gc,stats    ]   CWRF: Weak References             563 us, workers (us): 479,  47,  37, ---, ---, ---, 
[2026-04-03T03:36:08.061+0600][47.038s][info][gc,stats    ] Concurrent Weak Roots              2535 us
[2026-04-03T03:36:08.061+0600][47.038s][info][gc,stats    ]   Roots                            2229 us, parallelism: 2.56x
[2026-04-03T03:36:08.061+0600][47.038s][info][gc,stats    ]     CWR: <total>                   5695 us
[2026-04-03T03:36:08.061+0600][47.038s][info][gc,stats    ]     CWR: Code Cache Roots          3427 us, workers (us): 1185, 1170, 1072, ---, ---, ---, 
[2026-04-03T03:36:08.061+0600][47.038s][info][gc,stats    ]     CWR: VM Weak Roots             2193 us, workers (us): 749, 723, 721, ---, ---, ---, 
[2026-04-03T03:36:08.061+0600][47.038s][info][gc,stats    ]     CWR: CLDG Roots                  75 us, workers (us): ---, ---,  75, ---, ---, ---, 
[2026-04-03T03:36:08.061+0600][47.038s][info][gc,stats    ]   Rendezvous                        193 us
[2026-04-03T03:36:08.061+0600][47.038s][info][gc,stats    ] Concurrent Cleanup                  872 us
[2026-04-03T03:36:08.061+0600][47.038s][info][gc,stats    ] Concurrent Class Unloading        23065 us
[2026-04-03T03:36:08.061+0600][47.038s][info][gc,stats    ]   Unlink Stale                    21932 us
[2026-04-03T03:36:08.061+0600][47.038s][info][gc,stats    ]     System Dictionary               290 us
[2026-04-03T03:36:08.061+0600][47.038s][info][gc,stats    ]     Weak Class Links              13979 us
[2026-04-03T03:36:08.061+0600][47.038s][info][gc,stats    ]     Code Roots                     7657 us
[2026-04-03T03:36:08.061+0600][47.038s][info][gc,stats    ]   Rendezvous                        338 us
[2026-04-03T03:36:08.061+0600][47.038s][info][gc,stats    ]   Purge Unlinked                    656 us
[2026-04-03T03:36:08.061+0600][47.038s][info][gc,stats    ]     Code Roots                      594 us
[2026-04-03T03:36:08.061+0600][47.038s][info][gc,stats    ]     CLDG                             61 us
[2026-04-03T03:36:08.061+0600][47.038s][info][gc,stats    ]     Exception Caches                  0 us
[2026-04-03T03:36:08.061+0600][47.038s][info][gc,stats    ] Concurrent Strong Roots            1274 us, parallelism: 0.61x
[2026-04-03T03:36:08.061+0600][47.038s][info][gc,stats    ]   CSR: <total>                      779 us
[2026-04-03T03:36:08.061+0600][47.038s][info][gc,stats    ]   CSR: VM Strong Roots               58 us, workers (us):  28,  28,   1, ---, ---, ---, 
[2026-04-03T03:36:08.061+0600][47.038s][info][gc,stats    ]   CSR: CLDG Roots                   721 us, workers (us): ---, 721, ---, ---, ---, ---, 
[2026-04-03T03:36:08.061+0600][47.038s][info][gc,stats    ] Concurrent Evacuation             19253 us
[2026-04-03T03:36:08.061+0600][47.038s][info][gc,stats    ] Pause Init Update Refs (G)          448 us
[2026-04-03T03:36:08.061+0600][47.038s][info][gc,stats    ] Pause Init Update Refs (N)          141 us
[2026-04-03T03:36:08.061+0600][47.038s][info][gc,stats    ]   Manage GCLABs                      57 us
[2026-04-03T03:36:08.061+0600][47.038s][info][gc,stats    ] Concurrent Update Refs           130014 us
[2026-04-03T03:36:08.061+0600][47.038s][info][gc,stats    ] Concurrent Update Thread Roots     1184 us
[2026-04-03T03:36:08.061+0600][47.038s][info][gc,stats    ] Pause Final Update Refs (G)         541 us
[2026-04-03T03:36:08.061+0600][47.038s][info][gc,stats    ] Pause Final Update Refs (N)         239 us
[2026-04-03T03:36:08.061+0600][47.038s][info][gc,stats    ]   Update Region States               77 us
[2026-04-03T03:36:08.061+0600][47.038s][info][gc,stats    ]   Trash Collection Set               19 us
[2026-04-03T03:36:08.061+0600][47.038s][info][gc,stats    ]   Rebuild Free Set                   44 us
[2026-04-03T03:36:08.061+0600][47.038s][info][gc,stats    ] Concurrent Cleanup                  357 us
[2026-04-03T03:36:08.061+0600][47.038s][info][gc,stats    ] Pacing                           345346 us
[2026-04-03T03:36:08.061+0600][47.038s][info][gc,stats    ] 
[2026-04-03T03:36:08.061+0600][47.038s][info][gc,stats    ] Allocation pacing accrued:
[2026-04-03T03:36:08.061+0600][47.038s][info][gc,stats    ]      11 of  1490 ms (  0.8%): Spark Context Cleaner
[2026-04-03T03:36:08.062+0600][47.038s][info][gc,stats    ]     111 of  1490 ms (  7.5%): Executor task launch worker for task 1.0 in stage 25.0 (TID 37)
[2026-04-03T03:36:08.062+0600][47.038s][info][gc,stats    ]     111 of  1490 ms (  7.4%): Executor task launch worker for task 0.0 in stage 25.0 (TID 36)
[2026-04-03T03:36:08.062+0600][47.038s][info][gc,stats    ]     112 of  1490 ms (  7.5%): Executor task launch worker for task 2.0 in stage 25.0 (TID 38)
[2026-04-03T03:36:08.062+0600][47.038s][info][gc,stats    ]     345 of  1490 ms ( 23.2%): <total>
[2026-04-03T03:36:08.062+0600][47.039s][info][gc,stats    ]       2 of  1490 ms (  0.1%): <average total>
[2026-04-03T03:36:08.062+0600][47.039s][info][gc,stats    ]      86 of  1490 ms (  5.8%): <average non-zero>
[2026-04-03T03:36:08.062+0600][47.039s][info][gc,stats    ] 
[2026-04-03T03:36:08.062+0600][47.039s][info][gc,metaspace] Metaspace: 72995K(73856K)->72995K(73920K) NonClass: 63679K(64128K)->63681K(64192K) Class: 9316K(9728K)->9313K(9728K)
[2026-04-03T03:36:08.062+0600][47.039s][info][gc,ergo     ] Pacer for Idle. Initial: 35840K, Alloc Tax Rate: 1.0x
[2026-04-03T03:36:08.869+0600][47.846s][info][gc          ] Trigger: Average GC time (767.02 ms) is above the time for instantaneous allocation rate (1448 MB/s) to deplete free headroom (750M) (spike threshold = 1.70)
[2026-04-03T03:36:08.869+0600][47.846s][info][gc,ergo     ] Free: 838M, Max: 512K regular, 462M humongous, Frag: 45% external, 0% internal; Reserve: 89600K, Max: 512K
[2026-04-03T03:36:08.869+0600][47.846s][info][gc,start    ] GC(34) Concurrent reset
[2026-04-03T03:36:08.869+0600][47.846s][info][gc,task     ] GC(34) Using 3 of 6 workers for concurrent reset
[2026-04-03T03:36:08.869+0600][47.846s][info][gc,ergo     ] GC(34) Pacer for Reset. Non-Taxable: 1750M
[2026-04-03T03:36:08.870+0600][47.847s][info][gc          ] GC(34) Concurrent reset 1.360ms
[2026-04-03T03:36:08.871+0600][47.847s][info][gc,start    ] GC(34) Pause Init Mark (unload classes)
[2026-04-03T03:36:08.871+0600][47.848s][info][gc,task     ] GC(34) Using 6 of 6 workers for init marking
[2026-04-03T03:36:08.871+0600][47.848s][info][gc,ergo     ] GC(34) Pacer for Mark. Expected Live: 219M, Free: 836M, Non-Taxable: 85664K, Alloc Tax Rate: 0.3x
[2026-04-03T03:36:08.871+0600][47.848s][info][gc          ] GC(34) Pause Init Mark (unload classes) 0.120ms
[2026-04-03T03:36:08.871+0600][47.848s][info][gc,start    ] GC(34) Concurrent marking roots
[2026-04-03T03:36:08.871+0600][47.848s][info][gc,task     ] GC(34) Using 3 of 6 workers for concurrent marking roots
[2026-04-03T03:36:08.872+0600][47.849s][info][gc          ] GC(34) Concurrent marking roots 0.853ms
[2026-04-03T03:36:08.872+0600][47.849s][info][gc,start    ] GC(34) Concurrent marking (unload classes)
[2026-04-03T03:36:08.872+0600][47.849s][info][gc,task     ] GC(34) Using 3 of 6 workers for concurrent marking
[2026-04-03T03:36:09.088+0600][48.065s][info][gc          ] GC(34) Concurrent marking (unload classes) 216.165ms
[2026-04-03T03:36:09.088+0600][48.065s][info][gc,start    ] GC(34) Pause Final Mark (unload classes)
[2026-04-03T03:36:09.088+0600][48.065s][info][gc,task     ] GC(34) Using 6 of 6 workers for final marking
[2026-04-03T03:36:09.089+0600][48.066s][info][gc,ergo     ] GC(34) Adaptive CSet Selection. Target Free: 247M, Actual Free: 1141M, Max CSet: 74666K, Min Garbage: 0B
[2026-04-03T03:36:09.089+0600][48.066s][info][gc,ergo     ] GC(34) Collectable Garbage: 567M (99%), Immediate: 454M (79%), CSet: 113M (19%)
[2026-04-03T03:36:09.089+0600][48.066s][info][gc,ergo     ] GC(34) Pacer for Evacuation. Used CSet: 127M, Free: 1084M, Non-Taxable: 108M, Alloc Tax Rate: 1.1x
[2026-04-03T03:36:09.089+0600][48.066s][info][gc          ] GC(34) Pause Final Mark (unload classes) 1.072ms
[2026-04-03T03:36:09.090+0600][48.066s][info][gc,start    ] GC(34) Concurrent thread roots
[2026-04-03T03:36:09.090+0600][48.067s][info][gc,task     ] GC(34) Using 3 of 6 workers for Concurrent thread roots
[2026-04-03T03:36:09.090+0600][48.067s][info][gc          ] GC(34) Concurrent thread roots 0.680ms
[2026-04-03T03:36:09.090+0600][48.067s][info][gc,start    ] GC(34) Concurrent weak references
[2026-04-03T03:36:09.090+0600][48.067s][info][gc,task     ] GC(34) Using 3 of 6 workers for concurrent weak references
[2026-04-03T03:36:09.091+0600][48.067s][info][gc,ref      ] GC(34) Encountered references: Soft: 3348, Weak: 6545, Final: 84, Phantom: 600
[2026-04-03T03:36:09.091+0600][48.068s][info][gc,ref      ] GC(34) Discovered  references: Soft: 0, Weak: 561, Final: 0, Phantom: 597
[2026-04-03T03:36:09.091+0600][48.068s][info][gc,ref      ] GC(34) Enqueued    references: Soft: 0, Weak: 94, Final: 0, Phantom: 0
[2026-04-03T03:36:09.091+0600][48.068s][info][gc          ] GC(34) Concurrent weak references 0.364ms
[2026-04-03T03:36:09.091+0600][48.068s][info][gc,start    ] GC(34) Concurrent weak roots
[2026-04-03T03:36:09.091+0600][48.068s][info][gc,task     ] GC(34) Using 3 of 6 workers for concurrent weak root
[2026-04-03T03:36:09.093+0600][48.070s][info][gc          ] GC(34) Concurrent weak roots 2.302ms
[2026-04-03T03:36:09.093+0600][48.070s][info][gc,start    ] GC(34) Concurrent cleanup
[2026-04-03T03:36:09.094+0600][48.071s][info][gc          ] GC(34) Concurrent cleanup 1008M->553M(1292M) 0.696ms
[2026-04-03T03:36:09.094+0600][48.071s][info][gc,ergo     ] GC(34) Free: 1083M, Max: 512K regular, 422M humongous, Frag: 62% external, 0% internal; Reserve: 89196K, Max: 512K
[2026-04-03T03:36:09.094+0600][48.071s][info][gc,start    ] GC(34) Concurrent class unloading
[2026-04-03T03:36:09.094+0600][48.071s][info][gc,task     ] GC(34) Using 3 of 6 workers for concurrent class unloading
[2026-04-03T03:36:09.100+0600][48.077s][info][gc          ] GC(34) Concurrent class unloading 6.083ms
[2026-04-03T03:36:09.100+0600][48.077s][info][gc,start    ] GC(34) Concurrent strong roots
[2026-04-03T03:36:09.100+0600][48.077s][info][gc,task     ] GC(34) Using 3 of 6 workers for concurrent strong root
[2026-04-03T03:36:09.101+0600][48.077s][info][gc          ] GC(34) Concurrent strong roots 0.664ms
[2026-04-03T03:36:09.101+0600][48.078s][info][gc,start    ] GC(34) Concurrent evacuation
[2026-04-03T03:36:09.101+0600][48.078s][info][gc,task     ] GC(34) Using 3 of 6 workers for concurrent evacuation
[2026-04-03T03:36:09.112+0600][48.089s][info][gc          ] GC(34) Concurrent evacuation 11.637ms
[2026-04-03T03:36:09.112+0600][48.089s][info][gc,start    ] GC(34) Pause Init Update Refs
[2026-04-03T03:36:09.113+0600][48.090s][info][gc,ergo     ] GC(34) Pacer for Update Refs. Used: 576M, Free: 1075M, Non-Taxable: 107M, Alloc Tax Rate: 1.1x
[2026-04-03T03:36:09.113+0600][48.090s][info][gc          ] GC(34) Pause Init Update Refs 0.168ms
[2026-04-03T03:36:09.113+0600][48.090s][info][gc,start    ] GC(34) Concurrent update references
[2026-04-03T03:36:09.113+0600][48.090s][info][gc,task     ] GC(34) Using 3 of 6 workers for concurrent reference update
[2026-04-03T03:36:09.224+0600][48.201s][info][gc          ] GC(34) Concurrent update references 110.979ms
[2026-04-03T03:36:09.224+0600][48.201s][info][gc,start    ] GC(34) Concurrent update thread roots
[2026-04-03T03:36:09.225+0600][48.202s][info][gc          ] GC(34) Concurrent update thread roots 1.147ms
[2026-04-03T03:36:09.225+0600][48.202s][info][gc,start    ] GC(34) Pause Final Update Refs
[2026-04-03T03:36:09.225+0600][48.202s][info][gc,task     ] GC(34) Using 6 of 6 workers for final reference update
[2026-04-03T03:36:09.225+0600][48.202s][info][gc          ] GC(34) Pause Final Update Refs 0.214ms
[2026-04-03T03:36:09.226+0600][48.202s][info][gc,start    ] GC(34) Concurrent cleanup
[2026-04-03T03:36:09.226+0600][48.203s][info][gc          ] GC(34) Concurrent cleanup 622M->495M(1292M) 0.666ms
[2026-04-03T03:36:09.226+0600][48.203s][info][gc,ergo     ] Free: 1141M, Max: 512K regular, 422M humongous, Frag: 64% external, 1% internal; Reserve: 89600K, Max: 512K
[2026-04-03T03:36:09.226+0600][48.203s][info][gc,stats    ] 
[2026-04-03T03:36:09.226+0600][48.203s][info][gc,stats    ] All times are wall-clock times, except per-root-class counters, that are sum over
[2026-04-03T03:36:09.226+0600][48.203s][info][gc,stats    ] all workers. Dividing the <total> over the root stage time estimates parallelism.
[2026-04-03T03:36:09.226+0600][48.203s][info][gc,stats    ] 
[2026-04-03T03:36:09.226+0600][48.203s][info][gc,stats    ] Concurrent Reset                   1431 us
[2026-04-03T03:36:09.226+0600][48.203s][info][gc,stats    ] Pause Init Mark (G)                 418 us
[2026-04-03T03:36:09.226+0600][48.203s][info][gc,stats    ] Pause Init Mark (N)                 153 us
[2026-04-03T03:36:09.226+0600][48.203s][info][gc,stats    ]   Update Region States               34 us
[2026-04-03T03:36:09.226+0600][48.203s][info][gc,stats    ] Concurrent Mark Roots               899 us, parallelism: 1.65x
[2026-04-03T03:36:09.226+0600][48.203s][info][gc,stats    ]   CMR: <total>                     1480 us
[2026-04-03T03:36:09.226+0600][48.203s][info][gc,stats    ]   CMR: Thread Roots                1159 us, workers (us): 456, 254, 449, ---, ---, ---, 
[2026-04-03T03:36:09.226+0600][48.203s][info][gc,stats    ]   CMR: VM Strong Roots               63 us, workers (us):  45,  18,   1, ---, ---, ---, 
[2026-04-03T03:36:09.226+0600][48.203s][info][gc,stats    ]   CMR: CLDG Roots                   258 us, workers (us): ---, 258, ---, ---, ---, ---, 
[2026-04-03T03:36:09.226+0600][48.203s][info][gc,stats    ] Concurrent Marking               216393 us
[2026-04-03T03:36:09.226+0600][48.203s][info][gc,stats    ] Pause Final Mark (G)               1498 us
[2026-04-03T03:36:09.226+0600][48.203s][info][gc,stats    ] Pause Final Mark (N)               1089 us
[2026-04-03T03:36:09.226+0600][48.203s][info][gc,stats    ]   Finish Mark                       304 us
[2026-04-03T03:36:09.226+0600][48.203s][info][gc,stats    ]   Update Region States              201 us
[2026-04-03T03:36:09.226+0600][48.203s][info][gc,stats    ]   Choose Collection Set             376 us
[2026-04-03T03:36:09.226+0600][48.203s][info][gc,stats    ]   Rebuild Free Set                   55 us
[2026-04-03T03:36:09.226+0600][48.203s][info][gc,stats    ] Concurrent Thread Roots             703 us, parallelism: 2.14x
[2026-04-03T03:36:09.226+0600][48.203s][info][gc,stats    ]   CTR: <total>                     1507 us
[2026-04-03T03:36:09.226+0600][48.203s][info][gc,stats    ]   CTR: Thread Roots                1507 us, workers (us): 533, 506, 468, ---, ---, ---, 
[2026-04-03T03:36:09.226+0600][48.203s][info][gc,stats    ] Concurrent Weak References          374 us, parallelism: 0.56x
[2026-04-03T03:36:09.226+0600][48.203s][info][gc,stats    ]   CWRF: <total>                     210 us
[2026-04-03T03:36:09.226+0600][48.203s][info][gc,stats    ]   CWRF: Weak References             210 us, workers (us):  95,  77,  38, ---, ---, ---, 
[2026-04-03T03:36:09.226+0600][48.203s][info][gc,stats    ] Concurrent Weak Roots              2354 us
[2026-04-03T03:36:09.226+0600][48.203s][info][gc,stats    ]   Roots                            1978 us, parallelism: 2.51x
[2026-04-03T03:36:09.226+0600][48.203s][info][gc,stats    ]     CWR: <total>                   4955 us
[2026-04-03T03:36:09.226+0600][48.203s][info][gc,stats    ]     CWR: Code Cache Roots          3160 us, workers (us): 1075, 966, 1118, ---, ---, ---, 
[2026-04-03T03:36:09.227+0600][48.203s][info][gc,stats    ]     CWR: VM Weak Roots             1685 us, workers (us): 600, 527, 557, ---, ---, ---, 
[2026-04-03T03:36:09.227+0600][48.203s][info][gc,stats    ]     CWR: CLDG Roots                 110 us, workers (us): ---, 110, ---, ---, ---, ---, 
[2026-04-03T03:36:09.227+0600][48.203s][info][gc,stats    ]   Rendezvous                        302 us
[2026-04-03T03:36:09.227+0600][48.203s][info][gc,stats    ] Concurrent Cleanup                  711 us
[2026-04-03T03:36:09.227+0600][48.203s][info][gc,stats    ] Concurrent Class Unloading         6145 us
[2026-04-03T03:36:09.227+0600][48.203s][info][gc,stats    ]   Unlink Stale                     5573 us
[2026-04-03T03:36:09.227+0600][48.203s][info][gc,stats    ]     System Dictionary               116 us
[2026-04-03T03:36:09.227+0600][48.203s][info][gc,stats    ]     Weak Class Links                  0 us
[2026-04-03T03:36:09.227+0600][48.204s][info][gc,stats    ]     Code Roots                     5454 us
[2026-04-03T03:36:09.227+0600][48.204s][info][gc,stats    ]   Rendezvous                        295 us
[2026-04-03T03:36:09.227+0600][48.204s][info][gc,stats    ]   Purge Unlinked                    193 us
[2026-04-03T03:36:09.227+0600][48.204s][info][gc,stats    ]     Code Roots                      183 us
[2026-04-03T03:36:09.227+0600][48.204s][info][gc,stats    ]     CLDG                             10 us
[2026-04-03T03:36:09.227+0600][48.204s][info][gc,stats    ]     Exception Caches                  0 us
[2026-04-03T03:36:09.227+0600][48.204s][info][gc,stats    ] Concurrent Strong Roots             693 us, parallelism: 0.69x
[2026-04-03T03:36:09.227+0600][48.204s][info][gc,stats    ]   CSR: <total>                      481 us
[2026-04-03T03:36:09.227+0600][48.204s][info][gc,stats    ]   CSR: VM Strong Roots               33 us, workers (us):  30,   2,   2, ---, ---, ---, 
[2026-04-03T03:36:09.227+0600][48.204s][info][gc,stats    ]   CSR: CLDG Roots                   448 us, workers (us): 448, ---, ---, ---, ---, ---, 
[2026-04-03T03:36:09.227+0600][48.204s][info][gc,stats    ] Concurrent Evacuation             11709 us
[2026-04-03T03:36:09.227+0600][48.204s][info][gc,stats    ] Pause Init Update Refs (G)          383 us
[2026-04-03T03:36:09.227+0600][48.204s][info][gc,stats    ] Pause Init Update Refs (N)          182 us
[2026-04-03T03:36:09.227+0600][48.204s][info][gc,stats    ]   Manage GCLABs                      26 us
[2026-04-03T03:36:09.227+0600][48.204s][info][gc,stats    ] Concurrent Update Refs           111078 us
[2026-04-03T03:36:09.227+0600][48.204s][info][gc,stats    ] Concurrent Update Thread Roots     1201 us
[2026-04-03T03:36:09.227+0600][48.204s][info][gc,stats    ] Pause Final Update Refs (G)         567 us
[2026-04-03T03:36:09.227+0600][48.204s][info][gc,stats    ] Pause Final Update Refs (N)         228 us
[2026-04-03T03:36:09.227+0600][48.204s][info][gc,stats    ]   Update Region States               55 us
[2026-04-03T03:36:09.227+0600][48.204s][info][gc,stats    ]   Trash Collection Set               11 us
[2026-04-03T03:36:09.227+0600][48.204s][info][gc,stats    ]   Rebuild Free Set                   44 us
[2026-04-03T03:36:09.227+0600][48.204s][info][gc,stats    ] Concurrent Cleanup                  685 us
[2026-04-03T03:36:09.227+0600][48.204s][info][gc,stats    ] 
[2026-04-03T03:36:09.227+0600][48.204s][info][gc,stats    ] Allocation pacing accrued:
[2026-04-03T03:36:09.227+0600][48.204s][info][gc,stats    ]       0 of  1165 ms (  0.0%): <total>
[2026-04-03T03:36:09.227+0600][48.204s][info][gc,stats    ]       0 of  1165 ms (  0.0%): <average total>
[2026-04-03T03:36:09.227+0600][48.204s][info][gc,stats    ] 
[2026-04-03T03:36:09.227+0600][48.204s][info][gc,metaspace] Metaspace: 73045K(73920K)->73108K(73984K) NonClass: 63730K(64192K)->63793K(64256K) Class: 9314K(9728K)->9314K(9728K)
[2026-04-03T03:36:09.227+0600][48.204s][info][gc,ergo     ] Pacer for Idle. Initial: 35840K, Alloc Tax Rate: 1.0x
[2026-04-03T03:36:09.329+0600][48.306s][info][gc          ] Trigger: Average GC time (661.16 ms) is above the time for instantaneous allocation rate (1451 MB/s) to deplete free headroom (906M) (spike threshold = 1.70)
[2026-04-03T03:36:09.329+0600][48.306s][info][gc,ergo     ] Free: 994M, Max: 512K regular, 422M humongous, Frag: 58% external, 2% internal; Reserve: 89600K, Max: 512K
[2026-04-03T03:36:09.329+0600][48.306s][info][gc,start    ] GC(35) Concurrent reset
[2026-04-03T03:36:09.329+0600][48.306s][info][gc,task     ] GC(35) Using 3 of 6 workers for concurrent reset
[2026-04-03T03:36:09.329+0600][48.306s][info][gc,ergo     ] GC(35) Pacer for Reset. Non-Taxable: 1750M
[2026-04-03T03:36:09.330+0600][48.307s][info][gc          ] GC(35) Concurrent reset 1.052ms
[2026-04-03T03:36:09.330+0600][48.307s][info][gc,start    ] GC(35) Pause Init Mark (unload classes)
[2026-04-03T03:36:09.330+0600][48.307s][info][gc,task     ] GC(35) Using 6 of 6 workers for init marking
[2026-04-03T03:36:09.330+0600][48.307s][info][gc,ergo     ] GC(35) Pacer for Mark. Expected Live: 219M, Free: 992M, Non-Taxable: 101623K, Alloc Tax Rate: 0.3x
[2026-04-03T03:36:09.330+0600][48.307s][info][gc          ] GC(35) Pause Init Mark (unload classes) 0.126ms
[2026-04-03T03:36:09.331+0600][48.307s][info][gc,start    ] GC(35) Concurrent marking roots
[2026-04-03T03:36:09.331+0600][48.308s][info][gc,task     ] GC(35) Using 3 of 6 workers for concurrent marking roots
[2026-04-03T03:36:09.331+0600][48.308s][info][gc          ] GC(35) Concurrent marking roots 0.882ms
[2026-04-03T03:36:09.331+0600][48.308s][info][gc,start    ] GC(35) Concurrent marking (unload classes)
[2026-04-03T03:36:09.331+0600][48.308s][info][gc,task     ] GC(35) Using 3 of 6 workers for concurrent marking
[2026-04-03T03:36:09.557+0600][48.534s][info][gc          ] GC(35) Concurrent marking (unload classes) 225.773ms
[2026-04-03T03:36:09.557+0600][48.534s][info][gc,start    ] GC(35) Pause Final Mark (unload classes)
[2026-04-03T03:36:09.558+0600][48.534s][info][gc,task     ] GC(35) Using 6 of 6 workers for final marking
[2026-04-03T03:36:09.558+0600][48.535s][info][gc,ergo     ] GC(35) Adaptive CSet Selection. Target Free: 247M, Actual Free: 1157M, Max CSet: 74666K, Min Garbage: 0B
[2026-04-03T03:36:09.581+0600][48.558s][info][gc,ergo     ] GC(35) Collectable Garbage: 432M (98%), Immediate: 230M (52%), CSet: 201M (46%)
[2026-04-03T03:36:09.581+0600][48.558s][info][gc,ergo     ] GC(35) Pacer for Evacuation. Used CSet: 228M, Free: 1092M, Non-Taxable: 109M, Alloc Tax Rate: 1.1x
[2026-04-03T03:36:09.581+0600][48.558s][info][gc          ] GC(35) Pause Final Mark (unload classes) 23.675ms
[2026-04-03T03:36:09.581+0600][48.558s][info][gc,start    ] GC(35) Concurrent thread roots
[2026-04-03T03:36:09.581+0600][48.558s][info][gc,task     ] GC(35) Using 3 of 6 workers for Concurrent thread roots
[2026-04-03T03:36:09.582+0600][48.559s][info][gc          ] GC(35) Concurrent thread roots 0.970ms
[2026-04-03T03:36:09.582+0600][48.559s][info][gc,start    ] GC(35) Concurrent weak references
[2026-04-03T03:36:09.582+0600][48.559s][info][gc,task     ] GC(35) Using 3 of 6 workers for concurrent weak references
[2026-04-03T03:36:09.583+0600][48.560s][info][gc,ref      ] GC(35) Encountered references: Soft: 3348, Weak: 6473, Final: 84, Phantom: 600
[2026-04-03T03:36:09.583+0600][48.560s][info][gc,ref      ] GC(35) Discovered  references: Soft: 0, Weak: 1159, Final: 2, Phantom: 597
[2026-04-03T03:36:09.583+0600][48.560s][info][gc,ref      ] GC(35) Enqueued    references: Soft: 0, Weak: 145, Final: 0, Phantom: 0
[2026-04-03T03:36:09.583+0600][48.560s][info][gc          ] GC(35) Concurrent weak references 0.487ms
[2026-04-03T03:36:09.583+0600][48.560s][info][gc,start    ] GC(35) Concurrent weak roots
[2026-04-03T03:36:09.583+0600][48.560s][info][gc,task     ] GC(35) Using 3 of 6 workers for concurrent weak root
[2026-04-03T03:36:09.586+0600][48.563s][info][gc          ] GC(35) Concurrent weak roots 3.018ms
[2026-04-03T03:36:09.586+0600][48.563s][info][gc,start    ] GC(35) Concurrent cleanup
[2026-04-03T03:36:09.586+0600][48.563s][info][gc          ] GC(35) Concurrent cleanup 799M->570M(1292M) 0.302ms
[2026-04-03T03:36:09.586+0600][48.563s][info][gc,ergo     ] GC(35) Free: 1088M, Max: 512K regular, 422M humongous, Frag: 62% external, 0% internal; Reserve: 89321K, Max: 512K
[2026-04-03T03:36:09.586+0600][48.563s][info][gc,start    ] GC(35) Concurrent class unloading
[2026-04-03T03:36:09.586+0600][48.563s][info][gc,task     ] GC(35) Using 3 of 6 workers for concurrent class unloading
[2026-04-03T03:36:09.592+0600][48.569s][info][gc          ] GC(35) Concurrent class unloading 5.940ms
[2026-04-03T03:36:09.592+0600][48.569s][info][gc,start    ] GC(35) Concurrent strong roots
[2026-04-03T03:36:09.592+0600][48.569s][info][gc,task     ] GC(35) Using 3 of 6 workers for concurrent strong root
[2026-04-03T03:36:09.593+0600][48.570s][info][gc          ] GC(35) Concurrent strong roots 0.771ms
[2026-04-03T03:36:09.593+0600][48.570s][info][gc,start    ] GC(35) Concurrent evacuation
[2026-04-03T03:36:09.593+0600][48.570s][info][gc,task     ] GC(35) Using 3 of 6 workers for concurrent evacuation
[2026-04-03T03:36:09.614+0600][48.591s][info][gc          ] GC(35) Concurrent evacuation 21.271ms
[2026-04-03T03:36:09.615+0600][48.592s][info][gc,start    ] GC(35) Pause Init Update Refs
[2026-04-03T03:36:09.615+0600][48.592s][info][gc,ergo     ] GC(35) Pacer for Update Refs. Used: 624M, Free: 1062M, Non-Taxable: 106M, Alloc Tax Rate: 1.1x
[2026-04-03T03:36:09.615+0600][48.592s][info][gc          ] GC(35) Pause Init Update Refs 0.198ms
[2026-04-03T03:36:09.615+0600][48.592s][info][gc,start    ] GC(35) Concurrent update references
[2026-04-03T03:36:09.615+0600][48.592s][info][gc,task     ] GC(35) Using 3 of 6 workers for concurrent reference update
[2026-04-03T03:36:09.734+0600][48.711s][info][gc          ] GC(35) Concurrent update references 119.246ms
[2026-04-03T03:36:09.734+0600][48.711s][info][gc,start    ] GC(35) Concurrent update thread roots
[2026-04-03T03:36:09.735+0600][48.712s][info][gc          ] GC(35) Concurrent update thread roots 1.019ms
[2026-04-03T03:36:09.736+0600][48.713s][info][gc,start    ] GC(35) Pause Final Update Refs
[2026-04-03T03:36:09.736+0600][48.713s][info][gc,task     ] GC(35) Using 6 of 6 workers for final reference update
[2026-04-03T03:36:09.736+0600][48.713s][info][gc          ] GC(35) Pause Final Update Refs 0.284ms
[2026-04-03T03:36:09.736+0600][48.713s][info][gc,start    ] GC(35) Concurrent cleanup
[2026-04-03T03:36:09.736+0600][48.713s][info][gc          ] GC(35) Concurrent cleanup 758M->531M(1292M) 0.283ms
[2026-04-03T03:36:09.736+0600][48.713s][info][gc,ergo     ] Free: 1128M, Max: 512K regular, 639M humongous, Frag: 44% external, 0% internal; Reserve: 89600K, Max: 512K
[2026-04-03T03:36:09.737+0600][48.713s][info][gc,stats    ] 
[2026-04-03T03:36:09.737+0600][48.714s][info][gc,stats    ] All times are wall-clock times, except per-root-class counters, that are sum over
[2026-04-03T03:36:09.737+0600][48.714s][info][gc,stats    ] all workers. Dividing the <total> over the root stage time estimates parallelism.
[2026-04-03T03:36:09.737+0600][48.714s][info][gc,stats    ] 
[2026-04-03T03:36:09.737+0600][48.714s][info][gc,stats    ] Concurrent Reset                   1110 us
[2026-04-03T03:36:09.737+0600][48.714s][info][gc,stats    ] Pause Init Mark (G)                 418 us
[2026-04-03T03:36:09.737+0600][48.714s][info][gc,stats    ] Pause Init Mark (N)                 134 us
[2026-04-03T03:36:09.737+0600][48.714s][info][gc,stats    ]   Update Region States               35 us
[2026-04-03T03:36:09.737+0600][48.714s][info][gc,stats    ] Concurrent Mark Roots               912 us, parallelism: 1.41x
[2026-04-03T03:36:09.737+0600][48.714s][info][gc,stats    ]   CMR: <total>                     1285 us
[2026-04-03T03:36:09.737+0600][48.714s][info][gc,stats    ]   CMR: Thread Roots                1050 us, workers (us): 211, 422, 418, ---, ---, ---, 
[2026-04-03T03:36:09.737+0600][48.714s][info][gc,stats    ]   CMR: VM Strong Roots               31 us, workers (us):  19,  12,   1, ---, ---, ---, 
[2026-04-03T03:36:09.737+0600][48.714s][info][gc,stats    ]   CMR: CLDG Roots                   204 us, workers (us): 204, ---, ---, ---, ---, ---, 
[2026-04-03T03:36:09.737+0600][48.714s][info][gc,stats    ] Concurrent Marking               225862 us
[2026-04-03T03:36:09.737+0600][48.714s][info][gc,stats    ] Pause Final Mark (G)              23931 us
[2026-04-03T03:36:09.737+0600][48.714s][info][gc,stats    ] Pause Final Mark (N)              23695 us
[2026-04-03T03:36:09.737+0600][48.714s][info][gc,stats    ]   Finish Mark                       204 us
[2026-04-03T03:36:09.737+0600][48.714s][info][gc,stats    ]   Update Region States               61 us
[2026-04-03T03:36:09.737+0600][48.714s][info][gc,stats    ]   Choose Collection Set           23213 us
[2026-04-03T03:36:09.737+0600][48.714s][info][gc,stats    ]   Rebuild Free Set                   73 us
[2026-04-03T03:36:09.737+0600][48.714s][info][gc,stats    ] Concurrent Thread Roots            1030 us, parallelism: 1.90x
[2026-04-03T03:36:09.737+0600][48.714s][info][gc,stats    ]   CTR: <total>                     1958 us
[2026-04-03T03:36:09.737+0600][48.714s][info][gc,stats    ]   CTR: Thread Roots                1958 us, workers (us): 661, 657, 640, ---, ---, ---, 
[2026-04-03T03:36:09.737+0600][48.714s][info][gc,stats    ] Concurrent Weak References          503 us, parallelism: 0.60x
[2026-04-03T03:36:09.737+0600][48.714s][info][gc,stats    ]   CWRF: <total>                     300 us
[2026-04-03T03:36:09.737+0600][48.714s][info][gc,stats    ]   CWRF: Weak References             300 us, workers (us): 193,  96,  11, ---, ---, ---, 
[2026-04-03T03:36:09.737+0600][48.714s][info][gc,stats    ] Concurrent Weak Roots              3098 us
[2026-04-03T03:36:09.737+0600][48.714s][info][gc,stats    ]   Roots                            2557 us, parallelism: 2.39x
[2026-04-03T03:36:09.737+0600][48.714s][info][gc,stats    ]     CWR: <total>                   6124 us
[2026-04-03T03:36:09.737+0600][48.714s][info][gc,stats    ]     CWR: Code Cache Roots          4555 us, workers (us): 1530, 1533, 1492, ---, ---, ---, 
[2026-04-03T03:36:09.737+0600][48.714s][info][gc,stats    ]     CWR: VM Weak Roots             1485 us, workers (us): 510, 486, 489, ---, ---, ---, 
[2026-04-03T03:36:09.737+0600][48.714s][info][gc,stats    ]     CWR: CLDG Roots                  83 us, workers (us): ---,  83, ---, ---, ---, ---, 
[2026-04-03T03:36:09.737+0600][48.714s][info][gc,stats    ]   Rendezvous                        429 us
[2026-04-03T03:36:09.737+0600][48.714s][info][gc,stats    ] Concurrent Cleanup                  324 us
[2026-04-03T03:36:09.737+0600][48.714s][info][gc,stats    ] Concurrent Class Unloading         6024 us
[2026-04-03T03:36:09.737+0600][48.714s][info][gc,stats    ]   Unlink Stale                     5459 us
[2026-04-03T03:36:09.737+0600][48.714s][info][gc,stats    ]     System Dictionary               180 us
[2026-04-03T03:36:09.737+0600][48.714s][info][gc,stats    ]     Weak Class Links                  0 us
[2026-04-03T03:36:09.737+0600][48.714s][info][gc,stats    ]     Code Roots                     5275 us
[2026-04-03T03:36:09.737+0600][48.714s][info][gc,stats    ]   Rendezvous                        220 us
[2026-04-03T03:36:09.737+0600][48.714s][info][gc,stats    ]   Purge Unlinked                    230 us
[2026-04-03T03:36:09.737+0600][48.714s][info][gc,stats    ]     Code Roots                      220 us
[2026-04-03T03:36:09.737+0600][48.714s][info][gc,stats    ]     CLDG                             10 us
[2026-04-03T03:36:09.737+0600][48.714s][info][gc,stats    ]     Exception Caches                  0 us
[2026-04-03T03:36:09.737+0600][48.714s][info][gc,stats    ] Concurrent Strong Roots             830 us, parallelism: 0.56x
[2026-04-03T03:36:09.737+0600][48.714s][info][gc,stats    ]   CSR: <total>                      468 us
[2026-04-03T03:36:09.737+0600][48.714s][info][gc,stats    ]   CSR: VM Strong Roots               45 us, workers (us):  42,   4,   0, ---, ---, ---, 
[2026-04-03T03:36:09.737+0600][48.714s][info][gc,stats    ]   CSR: CLDG Roots                   423 us, workers (us): ---, 423, ---, ---, ---, ---, 
[2026-04-03T03:36:09.737+0600][48.714s][info][gc,stats    ] Concurrent Evacuation             21383 us
[2026-04-03T03:36:09.737+0600][48.714s][info][gc,stats    ] Pause Init Update Refs (G)          589 us
[2026-04-03T03:36:09.737+0600][48.714s][info][gc,stats    ] Pause Init Update Refs (N)          210 us
[2026-04-03T03:36:09.737+0600][48.714s][info][gc,stats    ]   Manage GCLABs                      36 us
[2026-04-03T03:36:09.737+0600][48.714s][info][gc,stats    ] Concurrent Update Refs           119329 us
[2026-04-03T03:36:09.737+0600][48.714s][info][gc,stats    ] Concurrent Update Thread Roots     1101 us
[2026-04-03T03:36:09.737+0600][48.714s][info][gc,stats    ] Pause Final Update Refs (G)         610 us
[2026-04-03T03:36:09.737+0600][48.714s][info][gc,stats    ] Pause Final Update Refs (N)         300 us
[2026-04-03T03:36:09.737+0600][48.714s][info][gc,stats    ]   Update Region States               49 us
[2026-04-03T03:36:09.737+0600][48.714s][info][gc,stats    ]   Trash Collection Set               10 us
[2026-04-03T03:36:09.737+0600][48.714s][info][gc,stats    ]   Rebuild Free Set                   34 us
[2026-04-03T03:36:09.737+0600][48.714s][info][gc,stats    ] Concurrent Cleanup                  314 us
[2026-04-03T03:36:09.737+0600][48.714s][info][gc,stats    ] Pacing                            96088 us
[2026-04-03T03:36:09.737+0600][48.714s][info][gc,stats    ] 
[2026-04-03T03:36:09.737+0600][48.714s][info][gc,stats    ] Allocation pacing accrued:
[2026-04-03T03:36:09.737+0600][48.714s][info][gc,stats    ]      96 of   511 ms ( 18.8%): main
[2026-04-03T03:36:09.737+0600][48.714s][info][gc,stats    ]      96 of   511 ms ( 18.8%): <total>
[2026-04-03T03:36:09.737+0600][48.714s][info][gc,stats    ]       1 of   511 ms (  0.1%): <average total>
[2026-04-03T03:36:09.737+0600][48.714s][info][gc,stats    ]      96 of   511 ms ( 18.8%): <average non-zero>
[2026-04-03T03:36:09.737+0600][48.714s][info][gc,stats    ] 
[2026-04-03T03:36:09.737+0600][48.714s][info][gc,metaspace] Metaspace: 73108K(73984K)->73110K(73984K) NonClass: 63793K(64256K)->63795K(64256K) Class: 9314K(9728K)->9314K(9728K)
[2026-04-03T03:36:09.737+0600][48.714s][info][gc,ergo     ] Pacer for Idle. Initial: 35840K, Alloc Tax Rate: 1.0x
[2026-04-03T03:36:09.772+0600][48.749s][info][gc          ] Trigger: Explicit GC request (System.gc())
[2026-04-03T03:36:09.772+0600][48.749s][info][gc,ergo     ] Free: 1034M, Max: 512K regular, 639M humongous, Frag: 39% external, 0% internal; Reserve: 89600K, Max: 512K
[2026-04-03T03:36:09.772+0600][48.749s][info][gc,start    ] GC(36) Concurrent reset
[2026-04-03T03:36:09.772+0600][48.749s][info][gc,task     ] GC(36) Using 3 of 6 workers for concurrent reset
[2026-04-03T03:36:09.772+0600][48.749s][info][gc,ergo     ] GC(36) Pacer for Reset. Non-Taxable: 1750M
[2026-04-03T03:36:09.773+0600][48.750s][info][gc          ] GC(36) Concurrent reset 0.991ms
[2026-04-03T03:36:09.773+0600][48.750s][info][gc,start    ] GC(36) Pause Init Mark (unload classes)
[2026-04-03T03:36:09.773+0600][48.750s][info][gc,task     ] GC(36) Using 6 of 6 workers for init marking
[2026-04-03T03:36:09.773+0600][48.750s][info][gc,ref      ] GC(36) Clearing All SoftReferences
[2026-04-03T03:36:09.773+0600][48.750s][info][gc,ergo     ] GC(36) Pacer for Mark. Expected Live: 210M, Free: 1034M, Non-Taxable: 103M, Alloc Tax Rate: 0.2x
[2026-04-03T03:36:09.773+0600][48.750s][info][gc          ] GC(36) Pause Init Mark (unload classes) 0.107ms
[2026-04-03T03:36:09.773+0600][48.750s][info][gc,start    ] GC(36) Concurrent marking roots
[2026-04-03T03:36:09.773+0600][48.750s][info][gc,task     ] GC(36) Using 3 of 6 workers for concurrent marking roots
[2026-04-03T03:36:09.774+0600][48.751s][info][gc          ] GC(36) Concurrent marking roots 0.670ms
[2026-04-03T03:36:09.774+0600][48.751s][info][gc,start    ] GC(36) Concurrent marking (unload classes)
[2026-04-03T03:36:09.774+0600][48.751s][info][gc,task     ] GC(36) Using 3 of 6 workers for concurrent marking
[2026-04-03T03:36:09.906+0600][48.883s][info][gc          ] GC(36) Concurrent marking (unload classes) 132.580ms
[2026-04-03T03:36:09.906+0600][48.883s][info][gc,start    ] GC(36) Pause Final Mark (unload classes)
[2026-04-03T03:36:09.907+0600][48.883s][info][gc,task     ] GC(36) Using 6 of 6 workers for final marking
[2026-04-03T03:36:09.907+0600][48.884s][info][gc,ergo     ] GC(36) Collectable Garbage: 457M (95%), Immediate: 457M (95%), CSet: 0B (0%)
[2026-04-03T03:36:09.907+0600][48.884s][info][gc          ] GC(36) Pause Final Mark (unload classes) 0.724ms
[2026-04-03T03:36:09.907+0600][48.884s][info][gc,start    ] GC(36) Concurrent weak references
[2026-04-03T03:36:09.907+0600][48.884s][info][gc,task     ] GC(36) Using 3 of 6 workers for concurrent weak references
[2026-04-03T03:36:09.908+0600][48.885s][info][gc,ref      ] GC(36) Encountered references: Soft: 3226, Weak: 6236, Final: 84, Phantom: 609
[2026-04-03T03:36:09.908+0600][48.885s][info][gc,ref      ] GC(36) Discovered  references: Soft: 886, Weak: 2977, Final: 36, Phantom: 598
[2026-04-03T03:36:09.908+0600][48.885s][info][gc,ref      ] GC(36) Enqueued    references: Soft: 469, Weak: 67, Final: 0, Phantom: 0
[2026-04-03T03:36:09.908+0600][48.885s][info][gc          ] GC(36) Concurrent weak references 0.873ms
[2026-04-03T03:36:09.908+0600][48.885s][info][gc,start    ] GC(36) Concurrent weak roots
[2026-04-03T03:36:09.908+0600][48.885s][info][gc,task     ] GC(36) Using 3 of 6 workers for concurrent weak root
[2026-04-03T03:36:09.911+0600][48.888s][info][gc          ] GC(36) Concurrent weak roots 2.479ms
[2026-04-03T03:36:09.911+0600][48.888s][info][gc,start    ] GC(36) Concurrent cleanup
[2026-04-03T03:36:09.912+0600][48.889s][info][gc          ] GC(36) Concurrent cleanup 625M->168M(1292M) 0.734ms
[2026-04-03T03:36:09.912+0600][48.889s][info][gc,ergo     ] GC(36) Free: 1491M, Max: 512K regular, 639M humongous, Frag: 58% external, 0% internal; Reserve: 89600K, Max: 512K
[2026-04-03T03:36:09.912+0600][48.889s][info][gc,start    ] GC(36) Concurrent class unloading
[2026-04-03T03:36:09.912+0600][48.889s][info][gc,task     ] GC(36) Using 3 of 6 workers for concurrent class unloading
[2026-04-03T03:36:09.932+0600][48.909s][info][gc          ] GC(36) Concurrent class unloading 19.974ms
[2026-04-03T03:36:09.932+0600][48.909s][info][gc,start    ] GC(36) Pause Final Roots
[2026-04-03T03:36:09.932+0600][48.909s][info][gc          ] GC(36) Pause Final Roots 0.064ms
[2026-04-03T03:36:09.932+0600][48.909s][info][gc,ergo     ] Free: 1487M, Max: 512K regular, 639M humongous, Frag: 58% external, 0% internal; Reserve: 89600K, Max: 512K
[2026-04-03T03:36:09.932+0600][48.909s][info][gc,stats    ] 
[2026-04-03T03:36:09.932+0600][48.909s][info][gc,stats    ] All times are wall-clock times, except per-root-class counters, that are sum over
[2026-04-03T03:36:09.932+0600][48.909s][info][gc,stats    ] all workers. Dividing the <total> over the root stage time estimates parallelism.
[2026-04-03T03:36:09.932+0600][48.909s][info][gc,stats    ] 
[2026-04-03T03:36:09.932+0600][48.909s][info][gc,stats    ] Concurrent Reset                   1021 us
[2026-04-03T03:36:09.932+0600][48.909s][info][gc,stats    ] Pause Init Mark (G)                 361 us
[2026-04-03T03:36:09.932+0600][48.909s][info][gc,stats    ] Pause Init Mark (N)                 115 us
[2026-04-03T03:36:09.932+0600][48.909s][info][gc,stats    ]   Update Region States               23 us
[2026-04-03T03:36:09.933+0600][48.909s][info][gc,stats    ] Concurrent Mark Roots               696 us, parallelism: 1.69x
[2026-04-03T03:36:09.933+0600][48.909s][info][gc,stats    ]   CMR: <total>                     1178 us
[2026-04-03T03:36:09.933+0600][48.909s][info][gc,stats    ]   CMR: Thread Roots                 937 us, workers (us): 400, 199, 338, ---, ---, ---, 
[2026-04-03T03:36:09.933+0600][48.909s][info][gc,stats    ]   CMR: VM Strong Roots               47 us, workers (us):  28,  18,   1, ---, ---, ---, 
[2026-04-03T03:36:09.933+0600][48.910s][info][gc,stats    ]   CMR: CLDG Roots                   194 us, workers (us): ---, 194, ---, ---, ---, ---, 
[2026-04-03T03:36:09.933+0600][48.910s][info][gc,stats    ] Concurrent Marking               132658 us
[2026-04-03T03:36:09.933+0600][48.910s][info][gc,stats    ] Pause Final Mark (G)                942 us
[2026-04-03T03:36:09.933+0600][48.910s][info][gc,stats    ] Pause Final Mark (N)                743 us
[2026-04-03T03:36:09.933+0600][48.910s][info][gc,stats    ]   Finish Mark                       411 us
[2026-04-03T03:36:09.933+0600][48.910s][info][gc,stats    ]   Update Region States               56 us
[2026-04-03T03:36:09.933+0600][48.910s][info][gc,stats    ]   Choose Collection Set             111 us
[2026-04-03T03:36:09.933+0600][48.910s][info][gc,stats    ]   Rebuild Free Set                   56 us
[2026-04-03T03:36:09.933+0600][48.910s][info][gc,stats    ] Concurrent Weak References          885 us, parallelism: 0.87x
[2026-04-03T03:36:09.933+0600][48.910s][info][gc,stats    ]   CWRF: <total>                     769 us
[2026-04-03T03:36:09.933+0600][48.910s][info][gc,stats    ]   CWRF: Weak References             769 us, workers (us): 205, 490,  73, ---, ---, ---, 
[2026-04-03T03:36:09.933+0600][48.910s][info][gc,stats    ] Concurrent Weak Roots              2542 us
[2026-04-03T03:36:09.933+0600][48.910s][info][gc,stats    ]   Roots                            2165 us, parallelism: 2.41x
[2026-04-03T03:36:09.933+0600][48.910s][info][gc,stats    ]     CWR: <total>                   5217 us
[2026-04-03T03:36:09.933+0600][48.910s][info][gc,stats    ]     CWR: Code Cache Roots          3811 us, workers (us): 1373, 1167, 1270, ---, ---, ---, 
[2026-04-03T03:36:09.933+0600][48.910s][info][gc,stats    ]     CWR: VM Weak Roots             1343 us, workers (us): 487, 468, 388, ---, ---, ---, 
[2026-04-03T03:36:09.933+0600][48.910s][info][gc,stats    ]     CWR: CLDG Roots                  63 us, workers (us): ---,  63, ---, ---, ---, ---, 
[2026-04-03T03:36:09.933+0600][48.910s][info][gc,stats    ]   Rendezvous                        290 us
[2026-04-03T03:36:09.933+0600][48.910s][info][gc,stats    ] Concurrent Cleanup                  751 us
[2026-04-03T03:36:09.933+0600][48.910s][info][gc,stats    ] Concurrent Class Unloading        20052 us
[2026-04-03T03:36:09.933+0600][48.910s][info][gc,stats    ]   Unlink Stale                    18565 us
[2026-04-03T03:36:09.933+0600][48.910s][info][gc,stats    ]     System Dictionary               448 us
[2026-04-03T03:36:09.933+0600][48.910s][info][gc,stats    ]     Weak Class Links              11159 us
[2026-04-03T03:36:09.933+0600][48.910s][info][gc,stats    ]     Code Roots                     6954 us
[2026-04-03T03:36:09.933+0600][48.910s][info][gc,stats    ]   Rendezvous                        520 us
[2026-04-03T03:36:09.933+0600][48.910s][info][gc,stats    ]   Purge Unlinked                    862 us
[2026-04-03T03:36:09.933+0600][48.910s][info][gc,stats    ]     Code Roots                      326 us
[2026-04-03T03:36:09.933+0600][48.910s][info][gc,stats    ]     CLDG                            536 us
[2026-04-03T03:36:09.933+0600][48.910s][info][gc,stats    ]     Exception Caches                  0 us
[2026-04-03T03:36:09.933+0600][48.910s][info][gc,stats    ] Pause Final Roots (G)               514 us
[2026-04-03T03:36:09.933+0600][48.910s][info][gc,stats    ] Pause Final Roots (N)                83 us
[2026-04-03T03:36:09.933+0600][48.910s][info][gc,stats    ] 
[2026-04-03T03:36:09.933+0600][48.910s][info][gc,stats    ] Allocation pacing accrued:
[2026-04-03T03:36:09.933+0600][48.910s][info][gc,stats    ]       0 of   195 ms (  0.0%): <total>
[2026-04-03T03:36:09.933+0600][48.910s][info][gc,stats    ]       0 of   195 ms (  0.0%): <average total>
[2026-04-03T03:36:09.933+0600][48.910s][info][gc,stats    ] 
[2026-04-03T03:36:09.933+0600][48.910s][info][gc,metaspace] Metaspace: 73110K(73984K)->72690K(74048K) NonClass: 63795K(64256K)->63446K(64320K) Class: 9314K(9728K)->9244K(9728K)
[2026-04-03T03:36:09.933+0600][48.910s][info][gc,ergo     ] Pacer for Idle. Initial: 35840K, Alloc Tax Rate: 1.0x
[2026-04-03T03:36:09.933+0600][48.910s][info][gc,start    ] Concurrent uncommit
[2026-04-03T03:36:10.073+0600][49.050s][info][gc          ] Concurrent uncommit 172M->189M(193M) 139.933ms
[2026-04-03T03:36:10.461+0600][49.438s][info][gc          ] Trigger: Learning 2 of 5. Free (1224M) is below initial threshold (1225M)
[2026-04-03T03:36:10.461+0600][49.438s][info][gc,ergo     ] Free: 1223M, Max: 512K regular, 639M humongous, Frag: 48% external, 0% internal; Reserve: 89600K, Max: 512K
[2026-04-03T03:36:10.461+0600][49.438s][info][gc,start    ] GC(37) Concurrent reset
[2026-04-03T03:36:10.461+0600][49.438s][info][gc,task     ] GC(37) Using 3 of 6 workers for concurrent reset
[2026-04-03T03:36:10.461+0600][49.438s][info][gc,ergo     ] GC(37) Pacer for Reset. Non-Taxable: 1750M
[2026-04-03T03:36:10.463+0600][49.440s][info][gc          ] GC(37) Concurrent reset 1.252ms
[2026-04-03T03:36:10.463+0600][49.440s][info][gc,start    ] GC(37) Pause Init Mark (unload classes)
[2026-04-03T03:36:10.463+0600][49.440s][info][gc,task     ] GC(37) Using 6 of 6 workers for init marking
[2026-04-03T03:36:10.463+0600][49.440s][info][gc,ergo     ] GC(37) Pacer for Mark. Expected Live: 181M, Free: 1223M, Non-Taxable: 122M, Alloc Tax Rate: 0.2x
[2026-04-03T03:36:10.463+0600][49.440s][info][gc          ] GC(37) Pause Init Mark (unload classes) 0.211ms
[2026-04-03T03:36:10.463+0600][49.440s][info][gc,start    ] GC(37) Concurrent marking roots
[2026-04-03T03:36:10.463+0600][49.440s][info][gc,task     ] GC(37) Using 3 of 6 workers for concurrent marking roots
[2026-04-03T03:36:10.464+0600][49.441s][info][gc          ] GC(37) Concurrent marking roots 1.138ms
[2026-04-03T03:36:10.464+0600][49.441s][info][gc,start    ] GC(37) Concurrent marking (unload classes)
[2026-04-03T03:36:10.464+0600][49.441s][info][gc,task     ] GC(37) Using 3 of 6 workers for concurrent marking
[2026-04-03T03:36:10.802+0600][49.779s][info][gc          ] GC(37) Concurrent marking (unload classes) 337.994ms
[2026-04-03T03:36:10.803+0600][49.780s][info][gc,start    ] GC(37) Pause Final Mark (unload classes)
[2026-04-03T03:36:10.803+0600][49.780s][info][gc,task     ] GC(37) Using 6 of 6 workers for final marking
[2026-04-03T03:36:10.803+0600][49.780s][info][gc,ergo     ] GC(37) Adaptive CSet Selection. Target Free: 247M, Actual Free: 1132M, Max CSet: 74666K, Min Garbage: 0B
[2026-04-03T03:36:10.804+0600][49.781s][info][gc,ergo     ] GC(37) Collectable Garbage: 199M (97%), Immediate: 21216K (10%), CSet: 178M (87%)
[2026-04-03T03:36:10.804+0600][49.781s][info][gc,ergo     ] GC(37) Pacer for Evacuation. Used CSet: 249M, Free: 1050M, Non-Taxable: 105M, Alloc Tax Rate: 1.1x
[2026-04-03T03:36:10.804+0600][49.781s][info][gc          ] GC(37) Pause Final Mark (unload classes) 1.120ms
[2026-04-03T03:36:10.804+0600][49.781s][info][gc,start    ] GC(37) Concurrent thread roots
[2026-04-03T03:36:10.804+0600][49.781s][info][gc,task     ] GC(37) Using 3 of 6 workers for Concurrent thread roots
[2026-04-03T03:36:10.805+0600][49.782s][info][gc          ] GC(37) Concurrent thread roots 0.980ms
[2026-04-03T03:36:10.805+0600][49.782s][info][gc,start    ] GC(37) Concurrent weak references
[2026-04-03T03:36:10.805+0600][49.782s][info][gc,task     ] GC(37) Using 3 of 6 workers for concurrent weak references
[2026-04-03T03:36:10.805+0600][49.782s][info][gc,ref      ] GC(37) Encountered references: Soft: 3155, Weak: 6441, Final: 84, Phantom: 600
[2026-04-03T03:36:10.805+0600][49.782s][info][gc,ref      ] GC(37) Discovered  references: Soft: 0, Weak: 726, Final: 0, Phantom: 590
[2026-04-03T03:36:10.806+0600][49.782s][info][gc,ref      ] GC(37) Enqueued    references: Soft: 0, Weak: 118, Final: 0, Phantom: 0
[2026-04-03T03:36:10.806+0600][49.783s][info][gc          ] GC(37) Concurrent weak references 0.448ms
[2026-04-03T03:36:10.806+0600][49.783s][info][gc,start    ] GC(37) Concurrent weak roots
[2026-04-03T03:36:10.806+0600][49.783s][info][gc,task     ] GC(37) Using 3 of 6 workers for concurrent weak root
[2026-04-03T03:36:10.809+0600][49.786s][info][gc          ] GC(37) Concurrent weak roots 3.123ms
[2026-04-03T03:36:10.809+0600][49.786s][info][gc,start    ] GC(37) Concurrent cleanup
[2026-04-03T03:36:10.809+0600][49.786s][info][gc          ] GC(37) Concurrent cleanup 628M->608M(642M) 0.678ms
[2026-04-03T03:36:10.810+0600][49.786s][info][gc,ergo     ] GC(37) Free: 1047M, Max: 512K regular, 639M humongous, Frag: 39% external, 0% internal; Reserve: 88959K, Max: 512K
[2026-04-03T03:36:10.810+0600][49.786s][info][gc,start    ] GC(37) Concurrent class unloading
[2026-04-03T03:36:10.810+0600][49.786s][info][gc,task     ] GC(37) Using 3 of 6 workers for concurrent class unloading
[2026-04-03T03:36:10.835+0600][49.812s][info][gc          ] GC(37) Concurrent class unloading 25.474ms
[2026-04-03T03:36:10.835+0600][49.812s][info][gc,start    ] GC(37) Concurrent strong roots
[2026-04-03T03:36:10.835+0600][49.812s][info][gc,task     ] GC(37) Using 3 of 6 workers for concurrent strong root
[2026-04-03T03:36:10.837+0600][49.814s][info][gc          ] GC(37) Concurrent strong roots 1.912ms
[2026-04-03T03:36:10.837+0600][49.814s][info][gc,start    ] GC(37) Concurrent evacuation
[2026-04-03T03:36:10.837+0600][49.814s][info][gc,task     ] GC(37) Using 3 of 6 workers for concurrent evacuation
[2026-04-03T03:36:10.921+0600][49.898s][info][gc          ] GC(37) Concurrent evacuation 83.657ms
[2026-04-03T03:36:10.921+0600][49.898s][info][gc,start    ] GC(37) Pause Init Update Refs
[2026-04-03T03:36:10.921+0600][49.898s][info][gc,ergo     ] GC(37) Pacer for Update Refs. Used: 741M, Free: 984M, Non-Taxable: 100761K, Alloc Tax Rate: 1.1x
[2026-04-03T03:36:10.921+0600][49.898s][info][gc          ] GC(37) Pause Init Update Refs 0.117ms
[2026-04-03T03:36:10.921+0600][49.898s][info][gc,start    ] GC(37) Concurrent update references
[2026-04-03T03:36:10.921+0600][49.898s][info][gc,task     ] GC(37) Using 3 of 6 workers for concurrent reference update
[2026-04-03T03:36:11.106+0600][50.083s][info][gc          ] GC(37) Concurrent update references 184.800ms
[2026-04-03T03:36:11.106+0600][50.083s][info][gc,start    ] GC(37) Concurrent update thread roots
[2026-04-03T03:36:11.108+0600][50.085s][info][gc          ] GC(37) Concurrent update thread roots 1.566ms
[2026-04-03T03:36:11.108+0600][50.085s][info][gc,start    ] GC(37) Pause Final Update Refs
[2026-04-03T03:36:11.108+0600][50.085s][info][gc,task     ] GC(37) Using 6 of 6 workers for final reference update
[2026-04-03T03:36:11.108+0600][50.085s][info][gc          ] GC(37) Pause Final Update Refs 0.206ms
[2026-04-03T03:36:11.108+0600][50.085s][info][gc,start    ] GC(37) Concurrent cleanup
[2026-04-03T03:36:11.109+0600][50.086s][info][gc          ] GC(37) Concurrent cleanup 852M->603M(862M) 0.333ms
[2026-04-03T03:36:11.109+0600][50.086s][info][gc,ergo     ] Free: 1050M, Max: 512K regular, 639M humongous, Frag: 40% external, 0% internal; Reserve: 89600K, Max: 512K
[2026-04-03T03:36:11.109+0600][50.086s][info][gc,stats    ] 
[2026-04-03T03:36:11.109+0600][50.086s][info][gc,stats    ] All times are wall-clock times, except per-root-class counters, that are sum over
[2026-04-03T03:36:11.109+0600][50.086s][info][gc,stats    ] all workers. Dividing the <total> over the root stage time estimates parallelism.
[2026-04-03T03:36:11.109+0600][50.086s][info][gc,stats    ] 
[2026-04-03T03:36:11.109+0600][50.086s][info][gc,stats    ] Concurrent Reset                   1304 us
[2026-04-03T03:36:11.109+0600][50.086s][info][gc,stats    ] Pause Init Mark (G)                 538 us
[2026-04-03T03:36:11.109+0600][50.086s][info][gc,stats    ] Pause Init Mark (N)                 224 us
[2026-04-03T03:36:11.109+0600][50.086s][info][gc,stats    ]   Update Region States               60 us
[2026-04-03T03:36:11.109+0600][50.086s][info][gc,stats    ] Concurrent Mark Roots              1172 us, parallelism: 2.07x
[2026-04-03T03:36:11.109+0600][50.086s][info][gc,stats    ]   CMR: <total>                     2429 us
[2026-04-03T03:36:11.109+0600][50.086s][info][gc,stats    ]   CMR: Thread Roots                2028 us, workers (us): 449, 789, 791, ---, ---, ---, 
[2026-04-03T03:36:11.109+0600][50.086s][info][gc,stats    ]   CMR: VM Strong Roots               49 us, workers (us):  43,   6,   1, ---, ---, ---, 
[2026-04-03T03:36:11.109+0600][50.086s][info][gc,stats    ]   CMR: CLDG Roots                   351 us, workers (us): 351, ---, ---, ---, ---, ---, 
[2026-04-03T03:36:11.109+0600][50.086s][info][gc,stats    ] Concurrent Marking               338120 us
[2026-04-03T03:36:11.109+0600][50.086s][info][gc,stats    ] Pause Final Mark (G)               1517 us
[2026-04-03T03:36:11.109+0600][50.086s][info][gc,stats    ] Pause Final Mark (N)               1135 us
[2026-04-03T03:36:11.109+0600][50.086s][info][gc,stats    ]   Finish Mark                       231 us
[2026-04-03T03:36:11.109+0600][50.086s][info][gc,stats    ]   Update Region States               72 us
[2026-04-03T03:36:11.109+0600][50.086s][info][gc,stats    ]   Choose Collection Set             501 us
[2026-04-03T03:36:11.109+0600][50.086s][info][gc,stats    ]   Rebuild Free Set                   88 us
[2026-04-03T03:36:11.109+0600][50.086s][info][gc,stats    ] Concurrent Thread Roots            1021 us, parallelism: 2.26x
[2026-04-03T03:36:11.109+0600][50.086s][info][gc,stats    ]   CTR: <total>                     2309 us
[2026-04-03T03:36:11.109+0600][50.086s][info][gc,stats    ]   CTR: Thread Roots                2309 us, workers (us): 819, 757, 732, ---, ---, ---, 
[2026-04-03T03:36:11.109+0600][50.086s][info][gc,stats    ] Concurrent Weak References          463 us, parallelism: 0.60x
[2026-04-03T03:36:11.109+0600][50.086s][info][gc,stats    ]   CWRF: <total>                     276 us
[2026-04-03T03:36:11.109+0600][50.086s][info][gc,stats    ]   CWRF: Weak References             276 us, workers (us): 273,   3,   1, ---, ---, ---, 
[2026-04-03T03:36:11.109+0600][50.086s][info][gc,stats    ] Concurrent Weak Roots              3179 us
[2026-04-03T03:36:11.109+0600][50.086s][info][gc,stats    ]   Roots                            2905 us, parallelism: 2.63x
[2026-04-03T03:36:11.109+0600][50.086s][info][gc,stats    ]     CWR: <total>                   7648 us
[2026-04-03T03:36:11.109+0600][50.086s][info][gc,stats    ]     CWR: Code Cache Roots          4840 us, workers (us): 1609, 1580, 1652, ---, ---, ---, 
[2026-04-03T03:36:11.109+0600][50.086s][info][gc,stats    ]     CWR: VM Weak Roots             2635 us, workers (us): 914, 860, 862, ---, ---, ---, 
[2026-04-03T03:36:11.109+0600][50.086s][info][gc,stats    ]     CWR: CLDG Roots                 173 us, workers (us): ---, 173, ---, ---, ---, ---, 
[2026-04-03T03:36:11.109+0600][50.086s][info][gc,stats    ]   Rendezvous                        173 us
[2026-04-03T03:36:11.109+0600][50.086s][info][gc,stats    ] Concurrent Cleanup                  709 us
[2026-04-03T03:36:11.109+0600][50.086s][info][gc,stats    ] Concurrent Class Unloading        25607 us
[2026-04-03T03:36:11.109+0600][50.086s][info][gc,stats    ]   Unlink Stale                    24536 us
[2026-04-03T03:36:11.109+0600][50.086s][info][gc,stats    ]     System Dictionary               331 us
[2026-04-03T03:36:11.109+0600][50.086s][info][gc,stats    ]     Weak Class Links              15705 us
[2026-04-03T03:36:11.109+0600][50.086s][info][gc,stats    ]     Code Roots                     8493 us
[2026-04-03T03:36:11.109+0600][50.086s][info][gc,stats    ]   Rendezvous                        365 us
[2026-04-03T03:36:11.109+0600][50.086s][info][gc,stats    ]   Purge Unlinked                    535 us
[2026-04-03T03:36:11.109+0600][50.086s][info][gc,stats    ]     Code Roots                      431 us
[2026-04-03T03:36:11.109+0600][50.086s][info][gc,stats    ]     CLDG                            103 us
[2026-04-03T03:36:11.109+0600][50.086s][info][gc,stats    ]     Exception Caches                  0 us
[2026-04-03T03:36:11.109+0600][50.086s][info][gc,stats    ] Concurrent Strong Roots            1992 us, parallelism: 0.78x
[2026-04-03T03:36:11.109+0600][50.086s][info][gc,stats    ]   CSR: <total>                     1560 us
[2026-04-03T03:36:11.109+0600][50.086s][info][gc,stats    ]   CSR: VM Strong Roots              113 us, workers (us):  58,  31,  24, ---, ---, ---, 
[2026-04-03T03:36:11.109+0600][50.086s][info][gc,stats    ]   CSR: CLDG Roots                  1446 us, workers (us): 1446, ---, ---, ---, ---, ---, 
[2026-04-03T03:36:11.109+0600][50.086s][info][gc,stats    ] Concurrent Evacuation             83759 us
[2026-04-03T03:36:11.109+0600][50.086s][info][gc,stats    ] Pause Init Update Refs (G)          390 us
[2026-04-03T03:36:11.109+0600][50.086s][info][gc,stats    ] Pause Init Update Refs (N)          132 us
[2026-04-03T03:36:11.109+0600][50.086s][info][gc,stats    ]   Manage GCLABs                      43 us
[2026-04-03T03:36:11.109+0600][50.086s][info][gc,stats    ] Concurrent Update Refs           184914 us
[2026-04-03T03:36:11.109+0600][50.086s][info][gc,stats    ] Concurrent Update Thread Roots     1676 us
[2026-04-03T03:36:11.109+0600][50.086s][info][gc,stats    ] Pause Final Update Refs (G)         516 us
[2026-04-03T03:36:11.109+0600][50.086s][info][gc,stats    ] Pause Final Update Refs (N)         234 us
[2026-04-03T03:36:11.109+0600][50.086s][info][gc,stats    ]   Update Region States               75 us
[2026-04-03T03:36:11.110+0600][50.086s][info][gc,stats    ]   Trash Collection Set               18 us
[2026-04-03T03:36:11.110+0600][50.086s][info][gc,stats    ]   Rebuild Free Set                   42 us
[2026-04-03T03:36:11.110+0600][50.086s][info][gc,stats    ] Concurrent Cleanup                  363 us
[2026-04-03T03:36:11.110+0600][50.086s][info][gc,stats    ] 
[2026-04-03T03:36:11.110+0600][50.086s][info][gc,stats    ] Allocation pacing accrued:
[2026-04-03T03:36:11.110+0600][50.087s][info][gc,stats    ]       0 of  1177 ms (  0.0%): <total>
[2026-04-03T03:36:11.110+0600][50.087s][info][gc,stats    ]       0 of  1177 ms (  0.0%): <average total>
[2026-04-03T03:36:11.110+0600][50.087s][info][gc,stats    ] 
[2026-04-03T03:36:11.110+0600][50.087s][info][gc,metaspace] Metaspace: 73103K(74048K)->73083K(74048K) NonClass: 63796K(64320K)->63782K(64320K) Class: 9306K(9728K)->9300K(9728K)
[2026-04-03T03:36:11.110+0600][50.087s][info][gc,ergo     ] Pacer for Idle. Initial: 35840K, Alloc Tax Rate: 1.0x
[2026-04-03T03:36:11.111+0600][50.088s][info][gc          ] Trigger: Learning 3 of 5. Free (1049M) is below initial threshold (1225M)
[2026-04-03T03:36:11.111+0600][50.088s][info][gc,ergo     ] Free: 1049M, Max: 512K regular, 639M humongous, Frag: 40% external, 0% internal; Reserve: 89600K, Max: 512K
[2026-04-03T03:36:11.111+0600][50.088s][info][gc,start    ] GC(38) Concurrent reset
[2026-04-03T03:36:11.111+0600][50.088s][info][gc,task     ] GC(38) Using 3 of 6 workers for concurrent reset
[2026-04-03T03:36:11.111+0600][50.088s][info][gc,ergo     ] GC(38) Pacer for Reset. Non-Taxable: 1750M
[2026-04-03T03:36:11.113+0600][50.090s][info][gc          ] GC(38) Concurrent reset 2.392ms
[2026-04-03T03:36:11.114+0600][50.091s][info][gc,start    ] GC(38) Pause Init Mark (unload classes)
[2026-04-03T03:36:11.114+0600][50.091s][info][gc,task     ] GC(38) Using 6 of 6 workers for init marking
[2026-04-03T03:36:11.114+0600][50.091s][info][gc,ergo     ] GC(38) Pacer for Mark. Expected Live: 190M, Free: 1047M, Non-Taxable: 104M, Alloc Tax Rate: 0.2x
[2026-04-03T03:36:11.114+0600][50.091s][info][gc          ] GC(38) Pause Init Mark (unload classes) 0.140ms
[2026-04-03T03:36:11.114+0600][50.091s][info][gc,start    ] GC(38) Concurrent marking roots
[2026-04-03T03:36:11.114+0600][50.091s][info][gc,task     ] GC(38) Using 3 of 6 workers for concurrent marking roots
[2026-04-03T03:36:11.115+0600][50.092s][info][gc          ] GC(38) Concurrent marking roots 1.131ms
[2026-04-03T03:36:11.115+0600][50.092s][info][gc,start    ] GC(38) Concurrent marking (unload classes)
[2026-04-03T03:36:11.115+0600][50.092s][info][gc,task     ] GC(38) Using 3 of 6 workers for concurrent marking
[2026-04-03T03:36:11.525+0600][50.502s][info][gc          ] GC(38) Concurrent marking (unload classes) 409.430ms
[2026-04-03T03:36:11.525+0600][50.502s][info][gc,start    ] GC(38) Pause Final Mark (unload classes)
[2026-04-03T03:36:11.525+0600][50.502s][info][gc,task     ] GC(38) Using 6 of 6 workers for final marking
[2026-04-03T03:36:11.526+0600][50.503s][info][gc,ergo     ] GC(38) Adaptive CSet Selection. Target Free: 247M, Actual Free: 914M, Max CSet: 74666K, Min Garbage: 0B
[2026-04-03T03:36:11.526+0600][50.503s][info][gc,ergo     ] GC(38) Collectable Garbage: 336M (98%), Immediate: 4608K (1%), CSet: 331M (97%)
[2026-04-03T03:36:11.526+0600][50.503s][info][gc,ergo     ] GC(38) Pacer for Evacuation. Used CSet: 367M, Free: 830M, Non-Taxable: 84992K, Alloc Tax Rate: 1.1x
[2026-04-03T03:36:11.526+0600][50.503s][info][gc          ] GC(38) Pause Final Mark (unload classes) 1.112ms
[2026-04-03T03:36:11.526+0600][50.503s][info][gc,start    ] GC(38) Concurrent thread roots
[2026-04-03T03:36:11.526+0600][50.503s][info][gc,task     ] GC(38) Using 3 of 6 workers for Concurrent thread roots
[2026-04-03T03:36:11.527+0600][50.504s][info][gc          ] GC(38) Concurrent thread roots 0.760ms
[2026-04-03T03:36:11.527+0600][50.504s][info][gc,start    ] GC(38) Concurrent weak references
[2026-04-03T03:36:11.527+0600][50.504s][info][gc,task     ] GC(38) Using 3 of 6 workers for concurrent weak references
[2026-04-03T03:36:11.528+0600][50.505s][info][gc,ref      ] GC(38) Encountered references: Soft: 3155, Weak: 6323, Final: 84, Phantom: 600
[2026-04-03T03:36:11.528+0600][50.505s][info][gc,ref      ] GC(38) Discovered  references: Soft: 0, Weak: 2142, Final: 2, Phantom: 597
[2026-04-03T03:36:11.528+0600][50.505s][info][gc,ref      ] GC(38) Enqueued    references: Soft: 0, Weak: 0, Final: 0, Phantom: 0
[2026-04-03T03:36:11.528+0600][50.505s][info][gc          ] GC(38) Concurrent weak references 0.381ms
[2026-04-03T03:36:11.528+0600][50.505s][info][gc,start    ] GC(38) Concurrent weak roots
[2026-04-03T03:36:11.528+0600][50.505s][info][gc,task     ] GC(38) Using 3 of 6 workers for concurrent weak root
[2026-04-03T03:36:11.530+0600][50.507s][info][gc          ] GC(38) Concurrent weak roots 2.113ms
[2026-04-03T03:36:11.530+0600][50.507s][info][gc,start    ] GC(38) Concurrent cleanup
[2026-04-03T03:36:11.530+0600][50.507s][info][gc          ] GC(38) Concurrent cleanup 832M->828M(862M) 0.564ms
[2026-04-03T03:36:11.530+0600][50.507s][info][gc,ergo     ] GC(38) Free: 827M, Max: 512K regular, 639M humongous, Frag: 23% external, 0% internal; Reserve: 89275K, Max: 512K
[2026-04-03T03:36:11.530+0600][50.507s][info][gc,start    ] GC(38) Concurrent class unloading
[2026-04-03T03:36:11.530+0600][50.507s][info][gc,task     ] GC(38) Using 3 of 6 workers for concurrent class unloading
[2026-04-03T03:36:11.537+0600][50.514s][info][gc          ] GC(38) Concurrent class unloading 7.066ms
[2026-04-03T03:36:11.538+0600][50.514s][info][gc,start    ] GC(38) Concurrent strong roots
[2026-04-03T03:36:11.538+0600][50.514s][info][gc,task     ] GC(38) Using 3 of 6 workers for concurrent strong root
[2026-04-03T03:36:11.538+0600][50.515s][info][gc          ] GC(38) Concurrent strong roots 0.849ms
[2026-04-03T03:36:11.538+0600][50.515s][info][gc,start    ] GC(38) Concurrent evacuation
[2026-04-03T03:36:11.539+0600][50.515s][info][gc,task     ] GC(38) Using 3 of 6 workers for concurrent evacuation
[2026-04-03T03:36:11.585+0600][50.562s][info][gc          ] GC(38) Concurrent evacuation 46.703ms
[2026-04-03T03:36:11.585+0600][50.562s][info][gc,start    ] GC(38) Pause Init Update Refs
[2026-04-03T03:36:11.586+0600][50.563s][info][gc,ergo     ] GC(38) Pacer for Update Refs. Used: 889M, Free: 802M, Non-Taxable: 82176K, Alloc Tax Rate: 1.4x
[2026-04-03T03:36:11.586+0600][50.563s][info][gc          ] GC(38) Pause Init Update Refs 0.093ms
[2026-04-03T03:36:11.586+0600][50.563s][info][gc,start    ] GC(38) Concurrent update references
[2026-04-03T03:36:11.586+0600][50.563s][info][gc,task     ] GC(38) Using 3 of 6 workers for concurrent reference update
[2026-04-03T03:36:11.834+0600][50.811s][info][gc          ] GC(38) Concurrent update references 247.889ms
[2026-04-03T03:36:11.834+0600][50.811s][info][gc,start    ] GC(38) Concurrent update thread roots
[2026-04-03T03:36:11.835+0600][50.812s][info][gc          ] GC(38) Concurrent update thread roots 1.313ms
[2026-04-03T03:36:11.835+0600][50.812s][info][gc,start    ] GC(38) Pause Final Update Refs
[2026-04-03T03:36:11.835+0600][50.812s][info][gc,task     ] GC(38) Using 6 of 6 workers for final reference update
[2026-04-03T03:36:11.835+0600][50.812s][info][gc          ] GC(38) Pause Final Update Refs 0.187ms
[2026-04-03T03:36:11.835+0600][50.812s][info][gc,start    ] GC(38) Concurrent cleanup
[2026-04-03T03:36:11.836+0600][50.813s][info][gc          ] GC(38) Concurrent cleanup 1015M->648M(1022M) 0.344ms
[2026-04-03T03:36:11.836+0600][50.813s][info][gc,ergo     ] Free: 1007M, Max: 512K regular, 548M humongous, Frag: 46% external, 0% internal; Reserve: 89600K, Max: 512K
[2026-04-03T03:36:11.836+0600][50.813s][info][gc,stats    ] 
[2026-04-03T03:36:11.836+0600][50.813s][info][gc,stats    ] All times are wall-clock times, except per-root-class counters, that are sum over
[2026-04-03T03:36:11.836+0600][50.813s][info][gc,stats    ] all workers. Dividing the <total> over the root stage time estimates parallelism.
[2026-04-03T03:36:11.836+0600][50.813s][info][gc,stats    ] 
[2026-04-03T03:36:11.836+0600][50.813s][info][gc,stats    ] Concurrent Reset                   2480 us
[2026-04-03T03:36:11.836+0600][50.813s][info][gc,stats    ] Pause Init Mark (G)                 465 us
[2026-04-03T03:36:11.836+0600][50.813s][info][gc,stats    ] Pause Init Mark (N)                 153 us
[2026-04-03T03:36:11.836+0600][50.813s][info][gc,stats    ]   Update Region States               34 us
[2026-04-03T03:36:11.836+0600][50.813s][info][gc,stats    ] Concurrent Mark Roots              1207 us, parallelism: 1.71x
[2026-04-03T03:36:11.836+0600][50.813s][info][gc,stats    ]   CMR: <total>                     2058 us
[2026-04-03T03:36:11.836+0600][50.813s][info][gc,stats    ]   CMR: Thread Roots                1670 us, workers (us): 633, 410, 627, ---, ---, ---, 
[2026-04-03T03:36:11.836+0600][50.813s][info][gc,stats    ]   CMR: VM Strong Roots              164 us, workers (us):  81,  54,  29, ---, ---, ---, 
[2026-04-03T03:36:11.836+0600][50.813s][info][gc,stats    ]   CMR: CLDG Roots                   224 us, workers (us): ---, 224, ---, ---, ---, ---, 
[2026-04-03T03:36:11.836+0600][50.813s][info][gc,stats    ] Concurrent Marking               409602 us
[2026-04-03T03:36:11.836+0600][50.813s][info][gc,stats    ] Pause Final Mark (G)               1533 us
[2026-04-03T03:36:11.836+0600][50.813s][info][gc,stats    ] Pause Final Mark (N)               1127 us
[2026-04-03T03:36:11.836+0600][50.813s][info][gc,stats    ]   Finish Mark                       354 us
[2026-04-03T03:36:11.836+0600][50.813s][info][gc,stats    ]   Update Region States               63 us
[2026-04-03T03:36:11.836+0600][50.813s][info][gc,stats    ]   Choose Collection Set             509 us
[2026-04-03T03:36:11.836+0600][50.813s][info][gc,stats    ]   Rebuild Free Set                   37 us
[2026-04-03T03:36:11.836+0600][50.813s][info][gc,stats    ] Concurrent Thread Roots             828 us, parallelism: 1.95x
[2026-04-03T03:36:11.836+0600][50.813s][info][gc,stats    ]   CTR: <total>                     1613 us
[2026-04-03T03:36:11.836+0600][50.813s][info][gc,stats    ]   CTR: Thread Roots                1613 us, workers (us): 588, 540, 484, ---, ---, ---, 
[2026-04-03T03:36:11.836+0600][50.813s][info][gc,stats    ] Concurrent Weak References          392 us, parallelism: 0.82x
[2026-04-03T03:36:11.836+0600][50.813s][info][gc,stats    ]   CWRF: <total>                     320 us
[2026-04-03T03:36:11.836+0600][50.813s][info][gc,stats    ]   CWRF: Weak References             320 us, workers (us): 215,  95,  11, ---, ---, ---, 
[2026-04-03T03:36:11.836+0600][50.813s][info][gc,stats    ] Concurrent Weak Roots              2156 us
[2026-04-03T03:36:11.836+0600][50.813s][info][gc,stats    ]   Roots                            1807 us, parallelism: 2.49x
[2026-04-03T03:36:11.836+0600][50.813s][info][gc,stats    ]     CWR: <total>                   4499 us
[2026-04-03T03:36:11.836+0600][50.813s][info][gc,stats    ]     CWR: Code Cache Roots          3136 us, workers (us): 948, 1124, 1064, ---, ---, ---, 
[2026-04-03T03:36:11.836+0600][50.813s][info][gc,stats    ]     CWR: VM Weak Roots             1247 us, workers (us): 444, 423, 380, ---, ---, ---, 
[2026-04-03T03:36:11.836+0600][50.813s][info][gc,stats    ]     CWR: CLDG Roots                 116 us, workers (us): 116, ---, ---, ---, ---, ---, 
[2026-04-03T03:36:11.836+0600][50.813s][info][gc,stats    ]   Rendezvous                        280 us
[2026-04-03T03:36:11.836+0600][50.813s][info][gc,stats    ] Concurrent Cleanup                  585 us
[2026-04-03T03:36:11.836+0600][50.813s][info][gc,stats    ] Concurrent Class Unloading         7129 us
[2026-04-03T03:36:11.836+0600][50.813s][info][gc,stats    ]   Unlink Stale                     6693 us
[2026-04-03T03:36:11.836+0600][50.813s][info][gc,stats    ]     System Dictionary               109 us
[2026-04-03T03:36:11.836+0600][50.813s][info][gc,stats    ]     Weak Class Links                  1 us
[2026-04-03T03:36:11.836+0600][50.813s][info][gc,stats    ]     Code Roots                     6580 us
[2026-04-03T03:36:11.836+0600][50.813s][info][gc,stats    ]   Rendezvous                        329 us
[2026-04-03T03:36:11.836+0600][50.813s][info][gc,stats    ]   Purge Unlinked                     14 us
[2026-04-03T03:36:11.836+0600][50.813s][info][gc,stats    ]     Code Roots                        5 us
[2026-04-03T03:36:11.836+0600][50.813s][info][gc,stats    ]     CLDG                              8 us
[2026-04-03T03:36:11.836+0600][50.813s][info][gc,stats    ]     Exception Caches                  1 us
[2026-04-03T03:36:11.836+0600][50.813s][info][gc,stats    ] Concurrent Strong Roots             958 us, parallelism: 0.48x
[2026-04-03T03:36:11.836+0600][50.813s][info][gc,stats    ]   CSR: <total>                      459 us
[2026-04-03T03:36:11.836+0600][50.813s][info][gc,stats    ]   CSR: VM Strong Roots               38 us, workers (us):  20,  18,   0, ---, ---, ---, 
[2026-04-03T03:36:11.836+0600][50.813s][info][gc,stats    ]   CSR: CLDG Roots                   421 us, workers (us): 421, ---, ---, ---, ---, ---, 
[2026-04-03T03:36:11.836+0600][50.813s][info][gc,stats    ] Concurrent Evacuation             46810 us
[2026-04-03T03:36:11.836+0600][50.813s][info][gc,stats    ] Pause Init Update Refs (G)          364 us
[2026-04-03T03:36:11.836+0600][50.813s][info][gc,stats    ] Pause Init Update Refs (N)          140 us
[2026-04-03T03:36:11.836+0600][50.813s][info][gc,stats    ]   Manage GCLABs                      28 us
[2026-04-03T03:36:11.836+0600][50.813s][info][gc,stats    ] Concurrent Update Refs           247993 us
[2026-04-03T03:36:11.836+0600][50.813s][info][gc,stats    ] Concurrent Update Thread Roots     1363 us
[2026-04-03T03:36:11.836+0600][50.813s][info][gc,stats    ] Pause Final Update Refs (G)         363 us
[2026-04-03T03:36:11.836+0600][50.813s][info][gc,stats    ] Pause Final Update Refs (N)         209 us
[2026-04-03T03:36:11.836+0600][50.813s][info][gc,stats    ]   Update Region States               70 us
[2026-04-03T03:36:11.836+0600][50.813s][info][gc,stats    ]   Trash Collection Set               20 us
[2026-04-03T03:36:11.836+0600][50.813s][info][gc,stats    ]   Rebuild Free Set                   38 us
[2026-04-03T03:36:11.836+0600][50.813s][info][gc,stats    ] Concurrent Cleanup                  369 us
[2026-04-03T03:36:11.836+0600][50.813s][info][gc,stats    ] Pacing                           131352 us
[2026-04-03T03:36:11.837+0600][50.813s][info][gc,stats    ] 
[2026-04-03T03:36:11.837+0600][50.813s][info][gc,stats    ] Allocation pacing accrued:
[2026-04-03T03:36:11.837+0600][50.814s][info][gc,stats    ]      44 of   727 ms (  6.0%): Executor task launch worker for task 2.0 in stage 27.0 (TID 41)
[2026-04-03T03:36:11.837+0600][50.814s][info][gc,stats    ]      44 of   727 ms (  6.0%): Executor task launch worker for task 1.0 in stage 27.0 (TID 40)
[2026-04-03T03:36:11.837+0600][50.814s][info][gc,stats    ]      44 of   727 ms (  6.0%): Executor task launch worker for task 0.0 in stage 27.0 (TID 39)
[2026-04-03T03:36:11.837+0600][50.814s][info][gc,stats    ]     131 of   727 ms ( 18.1%): <total>
[2026-04-03T03:36:11.837+0600][50.814s][info][gc,stats    ]       1 of   727 ms (  0.1%): <average total>
[2026-04-03T03:36:11.837+0600][50.814s][info][gc,stats    ]      44 of   727 ms (  6.0%): <average non-zero>
[2026-04-03T03:36:11.837+0600][50.814s][info][gc,stats    ] 
[2026-04-03T03:36:11.837+0600][50.814s][info][gc,metaspace] Metaspace: 73083K(74048K)->73083K(74048K) NonClass: 63782K(64320K)->63782K(64320K) Class: 9300K(9728K)->9300K(9728K)
[2026-04-03T03:36:11.837+0600][50.814s][info][gc,ergo     ] Pacer for Idle. Initial: 35840K, Alloc Tax Rate: 1.0x
[2026-04-03T03:36:11.838+0600][50.815s][info][gc          ] Trigger: Learning 4 of 5. Free (1006M) is below initial threshold (1225M)
[2026-04-03T03:36:11.838+0600][50.815s][info][gc,ergo     ] Free: 1006M, Max: 512K regular, 548M humongous, Frag: 46% external, 0% internal; Reserve: 89600K, Max: 512K
[2026-04-03T03:36:11.838+0600][50.815s][info][gc,start    ] GC(39) Concurrent reset
[2026-04-03T03:36:11.838+0600][50.815s][info][gc,task     ] GC(39) Using 3 of 6 workers for concurrent reset
[2026-04-03T03:36:11.838+0600][50.815s][info][gc,ergo     ] GC(39) Pacer for Reset. Non-Taxable: 1750M
[2026-04-03T03:36:11.840+0600][50.817s][info][gc          ] GC(39) Concurrent reset 2.329ms
[2026-04-03T03:36:11.840+0600][50.817s][info][gc,start    ] GC(39) Pause Init Mark (unload classes)
[2026-04-03T03:36:11.840+0600][50.817s][info][gc,task     ] GC(39) Using 6 of 6 workers for init marking
[2026-04-03T03:36:11.841+0600][50.817s][info][gc,ergo     ] GC(39) Pacer for Mark. Expected Live: 209M, Free: 1003M, Non-Taxable: 100M, Alloc Tax Rate: 0.3x
[2026-04-03T03:36:11.841+0600][50.818s][info][gc          ] GC(39) Pause Init Mark (unload classes) 0.137ms
[2026-04-03T03:36:11.841+0600][50.818s][info][gc,start    ] GC(39) Concurrent marking roots
[2026-04-03T03:36:11.841+0600][50.818s][info][gc,task     ] GC(39) Using 3 of 6 workers for concurrent marking roots
[2026-04-03T03:36:11.842+0600][50.819s][info][gc          ] GC(39) Concurrent marking roots 1.288ms
[2026-04-03T03:36:11.842+0600][50.819s][info][gc,start    ] GC(39) Concurrent marking (unload classes)
[2026-04-03T03:36:11.842+0600][50.819s][info][gc,task     ] GC(39) Using 3 of 6 workers for concurrent marking
[2026-04-03T03:36:12.273+0600][51.250s][info][gc          ] GC(39) Concurrent marking (unload classes) 430.958ms
[2026-04-03T03:36:12.273+0600][51.250s][info][gc,start    ] GC(39) Pause Final Mark (unload classes)
[2026-04-03T03:36:12.273+0600][51.250s][info][gc,task     ] GC(39) Using 6 of 6 workers for final marking
[2026-04-03T03:36:12.274+0600][51.251s][info][gc,ergo     ] GC(39) Adaptive CSet Selection. Target Free: 247M, Actual Free: 870M, Max CSet: 74666K, Min Garbage: 0B
[2026-04-03T03:36:12.274+0600][51.251s][info][gc,ergo     ] GC(39) Collectable Garbage: 351M (97%), Immediate: 6144K (1%), CSet: 345M (95%)
[2026-04-03T03:36:12.274+0600][51.251s][info][gc,ergo     ] GC(39) Pacer for Evacuation. Used CSet: 375M, Free: 784M, Non-Taxable: 80281K, Alloc Tax Rate: 1.2x
[2026-04-03T03:36:12.274+0600][51.251s][info][gc          ] GC(39) Pause Final Mark (unload classes) 0.774ms
[2026-04-03T03:36:12.274+0600][51.251s][info][gc,start    ] GC(39) Concurrent thread roots
[2026-04-03T03:36:12.274+0600][51.251s][info][gc,task     ] GC(39) Using 3 of 6 workers for Concurrent thread roots
[2026-04-03T03:36:12.275+0600][51.252s][info][gc          ] GC(39) Concurrent thread roots 0.697ms
[2026-04-03T03:36:12.275+0600][51.252s][info][gc,start    ] GC(39) Concurrent weak references
[2026-04-03T03:36:12.275+0600][51.252s][info][gc,task     ] GC(39) Using 3 of 6 workers for concurrent weak references
[2026-04-03T03:36:12.275+0600][51.252s][info][gc,ref      ] GC(39) Encountered references: Soft: 3155, Weak: 6323, Final: 84, Phantom: 600
[2026-04-03T03:36:12.275+0600][51.252s][info][gc,ref      ] GC(39) Discovered  references: Soft: 0, Weak: 1082, Final: 2, Phantom: 597
[2026-04-03T03:36:12.275+0600][51.252s][info][gc,ref      ] GC(39) Enqueued    references: Soft: 0, Weak: 0, Final: 0, Phantom: 0
[2026-04-03T03:36:12.275+0600][51.252s][info][gc          ] GC(39) Concurrent weak references 0.207ms
[2026-04-03T03:36:12.275+0600][51.252s][info][gc,start    ] GC(39) Concurrent weak roots
[2026-04-03T03:36:12.275+0600][51.252s][info][gc,task     ] GC(39) Using 3 of 6 workers for concurrent weak root
[2026-04-03T03:36:12.277+0600][51.254s][info][gc          ] GC(39) Concurrent weak roots 2.177ms
[2026-04-03T03:36:12.277+0600][51.254s][info][gc,start    ] GC(39) Concurrent cleanup
[2026-04-03T03:36:12.278+0600][51.255s][info][gc          ] GC(39) Concurrent cleanup 882M->876M(1022M) 0.562ms
[2026-04-03T03:36:12.278+0600][51.255s][info][gc,ergo     ] GC(39) Free: 781M, Max: 512K regular, 548M humongous, Frag: 30% external, 0% internal; Reserve: 89412K, Max: 512K
[2026-04-03T03:36:12.278+0600][51.255s][info][gc,start    ] GC(39) Concurrent class unloading
[2026-04-03T03:36:12.278+0600][51.255s][info][gc,task     ] GC(39) Using 3 of 6 workers for concurrent class unloading
[2026-04-03T03:36:12.284+0600][51.261s][info][gc          ] GC(39) Concurrent class unloading 6.205ms
[2026-04-03T03:36:12.284+0600][51.261s][info][gc,start    ] GC(39) Concurrent strong roots
[2026-04-03T03:36:12.284+0600][51.261s][info][gc,task     ] GC(39) Using 3 of 6 workers for concurrent strong root
[2026-04-03T03:36:12.285+0600][51.262s][info][gc          ] GC(39) Concurrent strong roots 0.599ms
[2026-04-03T03:36:12.285+0600][51.262s][info][gc,start    ] GC(39) Concurrent evacuation
[2026-04-03T03:36:12.285+0600][51.262s][info][gc,task     ] GC(39) Using 3 of 6 workers for concurrent evacuation
[2026-04-03T03:36:12.329+0600][51.306s][info][gc          ] GC(39) Concurrent evacuation 43.871ms
[2026-04-03T03:36:12.329+0600][51.306s][info][gc,start    ] GC(39) Pause Init Update Refs
[2026-04-03T03:36:12.329+0600][51.306s][info][gc,ergo     ] GC(39) Pacer for Update Refs. Used: 934M, Free: 752M, Non-Taxable: 77056K, Alloc Tax Rate: 1.5x
[2026-04-03T03:36:12.329+0600][51.306s][info][gc          ] GC(39) Pause Init Update Refs 0.172ms
[2026-04-03T03:36:12.329+0600][51.306s][info][gc,start    ] GC(39) Concurrent update references
[2026-04-03T03:36:12.329+0600][51.306s][info][gc,task     ] GC(39) Using 3 of 6 workers for concurrent reference update
[2026-04-03T03:36:12.581+0600][51.558s][info][gc          ] GC(39) Concurrent update references 252.131ms
[2026-04-03T03:36:12.582+0600][51.558s][info][gc,start    ] GC(39) Concurrent update thread roots
[2026-04-03T03:36:12.583+0600][51.560s][info][gc          ] GC(39) Concurrent update thread roots 1.629ms
[2026-04-03T03:36:12.583+0600][51.560s][info][gc,start    ] GC(39) Pause Final Update Refs
[2026-04-03T03:36:12.583+0600][51.560s][info][gc,task     ] GC(39) Using 6 of 6 workers for final reference update
[2026-04-03T03:36:12.584+0600][51.561s][info][gc          ] GC(39) Pause Final Update Refs 0.196ms
[2026-04-03T03:36:12.584+0600][51.561s][info][gc,start    ] GC(39) Concurrent cleanup
[2026-04-03T03:36:12.585+0600][51.562s][info][gc          ] GC(39) Concurrent cleanup 1077M->702M(1083M) 0.829ms
[2026-04-03T03:36:12.585+0600][51.562s][info][gc,ergo     ] Free: 954M, Max: 512K regular, 514M humongous, Frag: 47% external, 0% internal; Reserve: 89600K, Max: 512K
[2026-04-03T03:36:12.585+0600][51.562s][info][gc,stats    ] 
[2026-04-03T03:36:12.585+0600][51.562s][info][gc,stats    ] All times are wall-clock times, except per-root-class counters, that are sum over
[2026-04-03T03:36:12.585+0600][51.562s][info][gc,stats    ] all workers. Dividing the <total> over the root stage time estimates parallelism.
[2026-04-03T03:36:12.585+0600][51.562s][info][gc,stats    ] 
[2026-04-03T03:36:12.585+0600][51.562s][info][gc,stats    ] Concurrent Reset                   2408 us
[2026-04-03T03:36:12.585+0600][51.562s][info][gc,stats    ] Pause Init Mark (G)                 395 us
[2026-04-03T03:36:12.585+0600][51.562s][info][gc,stats    ] Pause Init Mark (N)                 150 us
[2026-04-03T03:36:12.585+0600][51.562s][info][gc,stats    ]   Update Region States               34 us
[2026-04-03T03:36:12.585+0600][51.562s][info][gc,stats    ] Concurrent Mark Roots              1319 us, parallelism: 1.61x
[2026-04-03T03:36:12.585+0600][51.562s][info][gc,stats    ]   CMR: <total>                     2122 us
[2026-04-03T03:36:12.585+0600][51.562s][info][gc,stats    ]   CMR: Thread Roots                1885 us, workers (us): 503, 695, 687, ---, ---, ---, 
[2026-04-03T03:36:12.585+0600][51.562s][info][gc,stats    ]   CMR: VM Strong Roots               32 us, workers (us):  30,   1,   1, ---, ---, ---, 
[2026-04-03T03:36:12.585+0600][51.562s][info][gc,stats    ]   CMR: CLDG Roots                   205 us, workers (us): 205, ---, ---, ---, ---, ---, 
[2026-04-03T03:36:12.585+0600][51.562s][info][gc,stats    ] Concurrent Marking               431028 us
[2026-04-03T03:36:12.585+0600][51.562s][info][gc,stats    ] Pause Final Mark (G)               1177 us
[2026-04-03T03:36:12.585+0600][51.562s][info][gc,stats    ] Pause Final Mark (N)                788 us
[2026-04-03T03:36:12.585+0600][51.562s][info][gc,stats    ]   Finish Mark                       193 us
[2026-04-03T03:36:12.585+0600][51.562s][info][gc,stats    ]   Update Region States               56 us
[2026-04-03T03:36:12.585+0600][51.562s][info][gc,stats    ]   Choose Collection Set             388 us
[2026-04-03T03:36:12.585+0600][51.562s][info][gc,stats    ]   Rebuild Free Set                   30 us
[2026-04-03T03:36:12.585+0600][51.562s][info][gc,stats    ] Concurrent Thread Roots             720 us, parallelism: 2.17x
[2026-04-03T03:36:12.585+0600][51.562s][info][gc,stats    ]   CTR: <total>                     1562 us
[2026-04-03T03:36:12.585+0600][51.562s][info][gc,stats    ]   CTR: Thread Roots                1562 us, workers (us): 550, 524, 488, ---, ---, ---, 
[2026-04-03T03:36:12.585+0600][51.562s][info][gc,stats    ] Concurrent Weak References          213 us, parallelism: 0.71x
[2026-04-03T03:36:12.585+0600][51.562s][info][gc,stats    ]   CWRF: <total>                     150 us
[2026-04-03T03:36:12.585+0600][51.562s][info][gc,stats    ]   CWRF: Weak References             150 us, workers (us): 114,  35,   1, ---, ---, ---, 
[2026-04-03T03:36:12.585+0600][51.562s][info][gc,stats    ] Concurrent Weak Roots              2224 us
[2026-04-03T03:36:12.585+0600][51.562s][info][gc,stats    ]   Roots                            1852 us, parallelism: 2.52x
[2026-04-03T03:36:12.585+0600][51.562s][info][gc,stats    ]     CWR: <total>                   4675 us
[2026-04-03T03:36:12.585+0600][51.562s][info][gc,stats    ]     CWR: Code Cache Roots          3264 us, workers (us): 1031, 1112, 1121, ---, ---, ---, 
[2026-04-03T03:36:12.585+0600][51.562s][info][gc,stats    ]     CWR: VM Weak Roots             1375 us, workers (us): 489, 489, 396, ---, ---, ---, 
[2026-04-03T03:36:12.585+0600][51.562s][info][gc,stats    ]     CWR: CLDG Roots                  36 us, workers (us):  36, ---, ---, ---, ---, ---, 
[2026-04-03T03:36:12.585+0600][51.562s][info][gc,stats    ]   Rendezvous                        306 us
[2026-04-03T03:36:12.585+0600][51.562s][info][gc,stats    ] Concurrent Cleanup                  575 us
[2026-04-03T03:36:12.585+0600][51.562s][info][gc,stats    ] Concurrent Class Unloading         6282 us
[2026-04-03T03:36:12.585+0600][51.562s][info][gc,stats    ]   Unlink Stale                     5693 us
[2026-04-03T03:36:12.585+0600][51.562s][info][gc,stats    ]     System Dictionary               111 us
[2026-04-03T03:36:12.585+0600][51.562s][info][gc,stats    ]     Weak Class Links                  0 us
[2026-04-03T03:36:12.585+0600][51.562s][info][gc,stats    ]     Code Roots                     5579 us
[2026-04-03T03:36:12.585+0600][51.562s][info][gc,stats    ]   Rendezvous                        474 us
[2026-04-03T03:36:12.585+0600][51.562s][info][gc,stats    ]   Purge Unlinked                     15 us
[2026-04-03T03:36:12.585+0600][51.562s][info][gc,stats    ]     Code Roots                        5 us
[2026-04-03T03:36:12.585+0600][51.562s][info][gc,stats    ]     CLDG                             10 us
[2026-04-03T03:36:12.585+0600][51.562s][info][gc,stats    ]     Exception Caches                  0 us
[2026-04-03T03:36:12.585+0600][51.562s][info][gc,stats    ] Concurrent Strong Roots             627 us, parallelism: 0.60x
[2026-04-03T03:36:12.585+0600][51.562s][info][gc,stats    ]   CSR: <total>                      376 us
[2026-04-03T03:36:12.585+0600][51.562s][info][gc,stats    ]   CSR: VM Strong Roots               35 us, workers (us):  20,  14,   0, ---, ---, ---, 
[2026-04-03T03:36:12.585+0600][51.562s][info][gc,stats    ]   CSR: CLDG Roots                   341 us, workers (us): ---, 341, ---, ---, ---, ---, 
[2026-04-03T03:36:12.585+0600][51.562s][info][gc,stats    ] Concurrent Evacuation             43938 us
[2026-04-03T03:36:12.585+0600][51.562s][info][gc,stats    ] Pause Init Update Refs (G)          478 us
[2026-04-03T03:36:12.585+0600][51.562s][info][gc,stats    ] Pause Init Update Refs (N)          197 us
[2026-04-03T03:36:12.585+0600][51.562s][info][gc,stats    ]   Manage GCLABs                      29 us
[2026-04-03T03:36:12.585+0600][51.562s][info][gc,stats    ] Concurrent Update Refs           252230 us
[2026-04-03T03:36:12.585+0600][51.562s][info][gc,stats    ] Concurrent Update Thread Roots     1697 us
[2026-04-03T03:36:12.585+0600][51.562s][info][gc,stats    ] Pause Final Update Refs (G)         575 us
[2026-04-03T03:36:12.585+0600][51.562s][info][gc,stats    ] Pause Final Update Refs (N)         223 us
[2026-04-03T03:36:12.585+0600][51.562s][info][gc,stats    ]   Update Region States               65 us
[2026-04-03T03:36:12.585+0600][51.562s][info][gc,stats    ]   Trash Collection Set               17 us
[2026-04-03T03:36:12.585+0600][51.562s][info][gc,stats    ]   Rebuild Free Set                   44 us
[2026-04-03T03:36:12.585+0600][51.562s][info][gc,stats    ] Concurrent Cleanup                  853 us
[2026-04-03T03:36:12.585+0600][51.562s][info][gc,stats    ] Pacing                            94748 us
[2026-04-03T03:36:12.585+0600][51.562s][info][gc,stats    ] 
[2026-04-03T03:36:12.585+0600][51.562s][info][gc,stats    ] Allocation pacing accrued:
[2026-04-03T03:36:12.585+0600][51.562s][info][gc,stats    ]      32 of   749 ms (  4.3%): Executor task launch worker for task 2.0 in stage 27.0 (TID 41)
[2026-04-03T03:36:12.585+0600][51.562s][info][gc,stats    ]      31 of   749 ms (  4.1%): Executor task launch worker for task 1.0 in stage 27.0 (TID 40)
[2026-04-03T03:36:12.585+0600][51.562s][info][gc,stats    ]      32 of   749 ms (  4.2%): Executor task launch worker for task 0.0 in stage 27.0 (TID 39)
[2026-04-03T03:36:12.585+0600][51.562s][info][gc,stats    ]      95 of   749 ms ( 12.7%): <total>
[2026-04-03T03:36:12.585+0600][51.562s][info][gc,stats    ]       0 of   749 ms (  0.1%): <average total>
[2026-04-03T03:36:12.585+0600][51.562s][info][gc,stats    ]      32 of   749 ms (  4.2%): <average non-zero>
[2026-04-03T03:36:12.585+0600][51.562s][info][gc,stats    ] 
[2026-04-03T03:36:12.585+0600][51.562s][info][gc,metaspace] Metaspace: 73083K(74048K)->73083K(74048K) NonClass: 63782K(64320K)->63782K(64320K) Class: 9300K(9728K)->9300K(9728K)
[2026-04-03T03:36:12.585+0600][51.562s][info][gc,ergo     ] Pacer for Idle. Initial: 35840K, Alloc Tax Rate: 1.0x
[2026-04-03T03:36:12.587+0600][51.564s][info][gc          ] Trigger: Learning 5 of 5. Free (953M) is below initial threshold (1225M)
[2026-04-03T03:36:12.587+0600][51.564s][info][gc,ergo     ] Free: 953M, Max: 512K regular, 514M humongous, Frag: 47% external, 0% internal; Reserve: 89600K, Max: 512K
[2026-04-03T03:36:12.587+0600][51.564s][info][gc,start    ] GC(40) Concurrent reset
[2026-04-03T03:36:12.587+0600][51.564s][info][gc,task     ] GC(40) Using 3 of 6 workers for concurrent reset
[2026-04-03T03:36:12.587+0600][51.564s][info][gc,ergo     ] GC(40) Pacer for Reset. Non-Taxable: 1750M
[2026-04-03T03:36:12.589+0600][51.566s][info][gc          ] GC(40) Concurrent reset 2.196ms
[2026-04-03T03:36:12.589+0600][51.566s][info][gc,start    ] GC(40) Pause Init Mark (unload classes)
[2026-04-03T03:36:12.589+0600][51.566s][info][gc,task     ] GC(40) Using 6 of 6 workers for init marking
[2026-04-03T03:36:12.589+0600][51.566s][info][gc,ergo     ] GC(40) Pacer for Mark. Expected Live: 227M, Free: 952M, Non-Taxable: 97536K, Alloc Tax Rate: 0.3x
[2026-04-03T03:36:12.589+0600][51.566s][info][gc          ] GC(40) Pause Init Mark (unload classes) 0.160ms
[2026-04-03T03:36:12.590+0600][51.566s][info][gc,start    ] GC(40) Concurrent marking roots
[2026-04-03T03:36:12.590+0600][51.567s][info][gc,task     ] GC(40) Using 3 of 6 workers for concurrent marking roots
[2026-04-03T03:36:12.591+0600][51.568s][info][gc          ] GC(40) Concurrent marking roots 1.243ms
[2026-04-03T03:36:12.591+0600][51.568s][info][gc,start    ] GC(40) Concurrent marking (unload classes)
[2026-04-03T03:36:12.591+0600][51.568s][info][gc,task     ] GC(40) Using 3 of 6 workers for concurrent marking
[2026-04-03T03:36:13.005+0600][51.982s][info][gc          ] GC(40) Concurrent marking (unload classes) 414.118ms
[2026-04-03T03:36:13.005+0600][51.982s][info][gc,start    ] GC(40) Pause Final Mark (unload classes)
[2026-04-03T03:36:13.005+0600][51.982s][info][gc,task     ] GC(40) Using 6 of 6 workers for final marking
[2026-04-03T03:36:13.006+0600][51.983s][info][gc,ergo     ] GC(40) Adaptive CSet Selection. Target Free: 247M, Actual Free: 862M, Max CSet: 74666K, Min Garbage: 0B
[2026-04-03T03:36:13.006+0600][51.983s][info][gc,ergo     ] GC(40) Collectable Garbage: 376M (97%), Immediate: 0B (0%), CSet: 376M (97%)
[2026-04-03T03:36:13.006+0600][51.983s][info][gc,ergo     ] GC(40) Pacer for Evacuation. Used CSet: 411M, Free: 774M, Non-Taxable: 79308K, Alloc Tax Rate: 1.3x
[2026-04-03T03:36:13.006+0600][51.983s][info][gc          ] GC(40) Pause Final Mark (unload classes) 1.124ms
[2026-04-03T03:36:13.006+0600][51.983s][info][gc,start    ] GC(40) Concurrent thread roots
[2026-04-03T03:36:13.007+0600][51.983s][info][gc,task     ] GC(40) Using 3 of 6 workers for Concurrent thread roots
[2026-04-03T03:36:13.007+0600][51.984s][info][gc          ] GC(40) Concurrent thread roots 0.772ms
[2026-04-03T03:36:13.007+0600][51.984s][info][gc,start    ] GC(40) Concurrent weak references
[2026-04-03T03:36:13.007+0600][51.984s][info][gc,task     ] GC(40) Using 3 of 6 workers for concurrent weak references
[2026-04-03T03:36:13.008+0600][51.984s][info][gc,ref      ] GC(40) Encountered references: Soft: 3155, Weak: 6323, Final: 84, Phantom: 600
[2026-04-03T03:36:13.008+0600][51.984s][info][gc,ref      ] GC(40) Discovered  references: Soft: 0, Weak: 646, Final: 0, Phantom: 597
[2026-04-03T03:36:13.008+0600][51.984s][info][gc,ref      ] GC(40) Enqueued    references: Soft: 0, Weak: 0, Final: 0, Phantom: 0
[2026-04-03T03:36:13.008+0600][51.984s][info][gc          ] GC(40) Concurrent weak references 0.219ms
[2026-04-03T03:36:13.008+0600][51.985s][info][gc,start    ] GC(40) Concurrent weak roots
[2026-04-03T03:36:13.008+0600][51.985s][info][gc,task     ] GC(40) Using 3 of 6 workers for concurrent weak root
[2026-04-03T03:36:13.010+0600][51.987s][info][gc          ] GC(40) Concurrent weak roots 2.227ms
[2026-04-03T03:36:13.010+0600][51.987s][info][gc,start    ] GC(40) Concurrent cleanup
[2026-04-03T03:36:13.010+0600][51.987s][info][gc          ] GC(40) Concurrent cleanup 884M->884M(1083M) 0.630ms
[2026-04-03T03:36:13.010+0600][51.987s][info][gc,ergo     ] GC(40) Free: 771M, Max: 512K regular, 514M humongous, Frag: 34% external, 0% internal; Reserve: 89477K, Max: 512K
[2026-04-03T03:36:13.010+0600][51.987s][info][gc,start    ] GC(40) Concurrent class unloading
[2026-04-03T03:36:13.011+0600][51.987s][info][gc,task     ] GC(40) Using 3 of 6 workers for concurrent class unloading
[2026-04-03T03:36:13.017+0600][51.994s][info][gc          ] GC(40) Concurrent class unloading 6.444ms
[2026-04-03T03:36:13.017+0600][51.994s][info][gc,start    ] GC(40) Concurrent strong roots
[2026-04-03T03:36:13.017+0600][51.994s][info][gc,task     ] GC(40) Using 3 of 6 workers for concurrent strong root
[2026-04-03T03:36:13.018+0600][51.995s][info][gc          ] GC(40) Concurrent strong roots 1.040ms
[2026-04-03T03:36:13.018+0600][51.995s][info][gc,start    ] GC(40) Concurrent evacuation
[2026-04-03T03:36:13.018+0600][51.995s][info][gc,task     ] GC(40) Using 3 of 6 workers for concurrent evacuation
[2026-04-03T03:36:13.070+0600][52.046s][info][gc          ] GC(40) Concurrent evacuation 51.358ms
[2026-04-03T03:36:13.070+0600][52.047s][info][gc,start    ] GC(40) Pause Init Update Refs
[2026-04-03T03:36:13.070+0600][52.047s][info][gc,ergo     ] GC(40) Pacer for Update Refs. Used: 957M, Free: 733M, Non-Taxable: 75110K, Alloc Tax Rate: 1.6x
[2026-04-03T03:36:13.070+0600][52.047s][info][gc          ] GC(40) Pause Init Update Refs 0.113ms
[2026-04-03T03:36:13.070+0600][52.047s][info][gc,start    ] GC(40) Concurrent update references
[2026-04-03T03:36:13.070+0600][52.047s][info][gc,task     ] GC(40) Using 3 of 6 workers for concurrent reference update
[2026-04-03T03:36:13.378+0600][52.355s][info][gc          ] GC(40) Concurrent update references 308.237ms
[2026-04-03T03:36:13.378+0600][52.355s][info][gc,start    ] GC(40) Concurrent update thread roots
[2026-04-03T03:36:13.380+0600][52.357s][info][gc          ] GC(40) Concurrent update thread roots 1.435ms
[2026-04-03T03:36:13.380+0600][52.357s][info][gc,start    ] GC(40) Pause Final Update Refs
[2026-04-03T03:36:13.380+0600][52.357s][info][gc,task     ] GC(40) Using 6 of 6 workers for final reference update
[2026-04-03T03:36:13.380+0600][52.357s][info][gc          ] GC(40) Pause Final Update Refs 0.254ms
[2026-04-03T03:36:13.380+0600][52.357s][info][gc,start    ] GC(40) Concurrent cleanup
[2026-04-03T03:36:13.381+0600][52.358s][info][gc          ] GC(40) Concurrent cleanup 1081M->670M(1111M) 0.402ms
[2026-04-03T03:36:13.381+0600][52.358s][info][gc,ergo     ] Free: 984M, Max: 512K regular, 524M humongous, Frag: 47% external, 0% internal; Reserve: 89600K, Max: 512K
[2026-04-03T03:36:13.381+0600][52.358s][info][gc,stats    ] 
[2026-04-03T03:36:13.381+0600][52.358s][info][gc,stats    ] All times are wall-clock times, except per-root-class counters, that are sum over
[2026-04-03T03:36:13.381+0600][52.358s][info][gc,stats    ] all workers. Dividing the <total> over the root stage time estimates parallelism.
[2026-04-03T03:36:13.381+0600][52.358s][info][gc,stats    ] 
[2026-04-03T03:36:13.381+0600][52.358s][info][gc,stats    ] Concurrent Reset                   2234 us
[2026-04-03T03:36:13.381+0600][52.358s][info][gc,stats    ] Pause Init Mark (G)                 566 us
[2026-04-03T03:36:13.381+0600][52.358s][info][gc,stats    ] Pause Init Mark (N)                 169 us
[2026-04-03T03:36:13.381+0600][52.358s][info][gc,stats    ]   Update Region States               49 us
[2026-04-03T03:36:13.381+0600][52.358s][info][gc,stats    ] Concurrent Mark Roots              1333 us, parallelism: 1.69x
[2026-04-03T03:36:13.381+0600][52.358s][info][gc,stats    ]   CMR: <total>                     2252 us
[2026-04-03T03:36:13.381+0600][52.358s][info][gc,stats    ]   CMR: Thread Roots                1902 us, workers (us): 739, 472, 690, ---, ---, ---, 
[2026-04-03T03:36:13.381+0600][52.358s][info][gc,stats    ]   CMR: VM Strong Roots               47 us, workers (us):  28,  17,   1, ---, ---, ---, 
[2026-04-03T03:36:13.381+0600][52.358s][info][gc,stats    ]   CMR: CLDG Roots                   304 us, workers (us): ---, 304, ---, ---, ---, ---, 
[2026-04-03T03:36:13.381+0600][52.358s][info][gc,stats    ] Concurrent Marking               414221 us
[2026-04-03T03:36:13.381+0600][52.358s][info][gc,stats    ] Pause Final Mark (G)               1413 us
[2026-04-03T03:36:13.381+0600][52.358s][info][gc,stats    ] Pause Final Mark (N)               1138 us
[2026-04-03T03:36:13.381+0600][52.358s][info][gc,stats    ]   Finish Mark                       304 us
[2026-04-03T03:36:13.381+0600][52.358s][info][gc,stats    ]   Update Region States               71 us
[2026-04-03T03:36:13.381+0600][52.358s][info][gc,stats    ]   Choose Collection Set             555 us
[2026-04-03T03:36:13.381+0600][52.358s][info][gc,stats    ]   Rebuild Free Set                   46 us
[2026-04-03T03:36:13.381+0600][52.358s][info][gc,stats    ] Concurrent Thread Roots             840 us, parallelism: 2.00x
[2026-04-03T03:36:13.381+0600][52.358s][info][gc,stats    ]   CTR: <total>                     1679 us
[2026-04-03T03:36:13.381+0600][52.358s][info][gc,stats    ]   CTR: Thread Roots                1679 us, workers (us): 619, 548, 513, ---, ---, ---, 
[2026-04-03T03:36:13.381+0600][52.358s][info][gc,stats    ] Concurrent Weak References          231 us, parallelism: 0.64x
[2026-04-03T03:36:13.381+0600][52.358s][info][gc,stats    ]   CWRF: <total>                     148 us
[2026-04-03T03:36:13.381+0600][52.358s][info][gc,stats    ]   CWRF: Weak References             148 us, workers (us): 146,   2,   0, ---, ---, ---, 
[2026-04-03T03:36:13.381+0600][52.358s][info][gc,stats    ] Concurrent Weak Roots              2263 us
[2026-04-03T03:36:13.381+0600][52.358s][info][gc,stats    ]   Roots                            1928 us, parallelism: 2.54x
[2026-04-03T03:36:13.381+0600][52.358s][info][gc,stats    ]     CWR: <total>                   4901 us
[2026-04-03T03:36:13.381+0600][52.358s][info][gc,stats    ]     CWR: Code Cache Roots          3373 us, workers (us): 1174, 1184, 1016, ---, ---, ---, 
[2026-04-03T03:36:13.381+0600][52.358s][info][gc,stats    ]     CWR: VM Weak Roots             1390 us, workers (us): 490, 469, 431, ---, ---, ---, 
[2026-04-03T03:36:13.381+0600][52.358s][info][gc,stats    ]     CWR: CLDG Roots                 137 us, workers (us): ---, ---, 137, ---, ---, ---, 
[2026-04-03T03:36:13.381+0600][52.358s][info][gc,stats    ]   Rendezvous                        278 us
[2026-04-03T03:36:13.381+0600][52.358s][info][gc,stats    ] Concurrent Cleanup                  643 us
[2026-04-03T03:36:13.381+0600][52.358s][info][gc,stats    ] Concurrent Class Unloading         6504 us
[2026-04-03T03:36:13.381+0600][52.358s][info][gc,stats    ]   Unlink Stale                     6163 us
[2026-04-03T03:36:13.381+0600][52.358s][info][gc,stats    ]     System Dictionary               100 us
[2026-04-03T03:36:13.381+0600][52.358s][info][gc,stats    ]     Weak Class Links                  1 us
[2026-04-03T03:36:13.381+0600][52.358s][info][gc,stats    ]     Code Roots                     6060 us
[2026-04-03T03:36:13.381+0600][52.358s][info][gc,stats    ]   Rendezvous                        214 us
[2026-04-03T03:36:13.382+0600][52.358s][info][gc,stats    ]   Purge Unlinked                     14 us
[2026-04-03T03:36:13.382+0600][52.358s][info][gc,stats    ]     Code Roots                        5 us
[2026-04-03T03:36:13.382+0600][52.358s][info][gc,stats    ]     CLDG                              8 us
[2026-04-03T03:36:13.382+0600][52.358s][info][gc,stats    ]     Exception Caches                  0 us
[2026-04-03T03:36:13.382+0600][52.358s][info][gc,stats    ] Concurrent Strong Roots            1128 us, parallelism: 0.47x
[2026-04-03T03:36:13.382+0600][52.359s][info][gc,stats    ]   CSR: <total>                      534 us
[2026-04-03T03:36:13.382+0600][52.359s][info][gc,stats    ]   CSR: VM Strong Roots               44 us, workers (us):  42,   2,   0, ---, ---, ---, 
[2026-04-03T03:36:13.382+0600][52.359s][info][gc,stats    ]   CSR: CLDG Roots                   490 us, workers (us): 490, ---, ---, ---, ---, ---, 
[2026-04-03T03:36:13.382+0600][52.359s][info][gc,stats    ] Concurrent Evacuation             51458 us
[2026-04-03T03:36:13.382+0600][52.359s][info][gc,stats    ] Pause Init Update Refs (G)          414 us
[2026-04-03T03:36:13.382+0600][52.359s][info][gc,stats    ] Pause Init Update Refs (N)          138 us
[2026-04-03T03:36:13.382+0600][52.359s][info][gc,stats    ]   Manage GCLABs                      30 us
[2026-04-03T03:36:13.382+0600][52.359s][info][gc,stats    ] Concurrent Update Refs           308335 us
[2026-04-03T03:36:13.382+0600][52.359s][info][gc,stats    ] Concurrent Update Thread Roots     1514 us
[2026-04-03T03:36:13.382+0600][52.359s][info][gc,stats    ] Pause Final Update Refs (G)         504 us
[2026-04-03T03:36:13.382+0600][52.359s][info][gc,stats    ] Pause Final Update Refs (N)         293 us
[2026-04-03T03:36:13.382+0600][52.359s][info][gc,stats    ]   Update Region States              116 us
[2026-04-03T03:36:13.382+0600][52.359s][info][gc,stats    ]   Trash Collection Set               25 us
[2026-04-03T03:36:13.382+0600][52.359s][info][gc,stats    ]   Rebuild Free Set                   45 us
[2026-04-03T03:36:13.382+0600][52.359s][info][gc,stats    ] Concurrent Cleanup                  443 us
[2026-04-03T03:36:13.382+0600][52.359s][info][gc,stats    ] 
[2026-04-03T03:36:13.382+0600][52.359s][info][gc,stats    ] Allocation pacing accrued:
[2026-04-03T03:36:13.382+0600][52.359s][info][gc,stats    ]       0 of   796 ms (  0.0%): <total>
[2026-04-03T03:36:13.382+0600][52.359s][info][gc,stats    ]       0 of   796 ms (  0.0%): <average total>
[2026-04-03T03:36:13.382+0600][52.359s][info][gc,stats    ] 
[2026-04-03T03:36:13.382+0600][52.359s][info][gc,metaspace] Metaspace: 73083K(74048K)->73083K(74048K) NonClass: 63782K(64320K)->63782K(64320K) Class: 9300K(9728K)->9300K(9728K)
[2026-04-03T03:36:13.382+0600][52.359s][info][gc,ergo     ] Pacer for Idle. Initial: 35840K, Alloc Tax Rate: 1.0x
[2026-04-03T03:36:14.489+0600][53.466s][info][gc          ] Trigger: Average GC time (980.14 ms) is above the time for average allocation rate (758 MB/s) to deplete free headroom (572M) (margin of error = 1.96)
[2026-04-03T03:36:14.489+0600][53.466s][info][gc,ergo     ] Free headroom: 659M (free) - 89600K (spike) - 0B (penalties) = 572M
[2026-04-03T03:36:14.489+0600][53.466s][info][gc,ergo     ] Free: 659M, Max: 512K regular, 524M humongous, Frag: 21% external, 0% internal; Reserve: 89600K, Max: 512K
[2026-04-03T03:36:14.489+0600][53.466s][info][gc,start    ] GC(41) Concurrent reset
[2026-04-03T03:36:14.489+0600][53.466s][info][gc,task     ] GC(41) Using 3 of 6 workers for concurrent reset
[2026-04-03T03:36:14.489+0600][53.466s][info][gc,ergo     ] GC(41) Pacer for Reset. Non-Taxable: 1750M
[2026-04-03T03:36:14.492+0600][53.469s][info][gc          ] GC(41) Concurrent reset 3.244ms
[2026-04-03T03:36:14.493+0600][53.470s][info][gc,start    ] GC(41) Pause Init Mark (unload classes)
[2026-04-03T03:36:14.493+0600][53.470s][info][gc,task     ] GC(41) Using 6 of 6 workers for init marking
[2026-04-03T03:36:14.493+0600][53.470s][info][gc,ergo     ] GC(41) Pacer for Mark. Expected Live: 248M, Free: 656M, Non-Taxable: 67238K, Alloc Tax Rate: 0.5x
[2026-04-03T03:36:14.493+0600][53.470s][info][gc          ] GC(41) Pause Init Mark (unload classes) 0.200ms
[2026-04-03T03:36:14.493+0600][53.470s][info][gc,start    ] GC(41) Concurrent marking roots
[2026-04-03T03:36:14.493+0600][53.470s][info][gc,task     ] GC(41) Using 3 of 6 workers for concurrent marking roots
[2026-04-03T03:36:14.494+0600][53.471s][info][gc          ] GC(41) Concurrent marking roots 1.180ms
[2026-04-03T03:36:14.494+0600][53.471s][info][gc,start    ] GC(41) Concurrent marking (unload classes)
[2026-04-03T03:36:14.494+0600][53.471s][info][gc,task     ] GC(41) Using 3 of 6 workers for concurrent marking
[2026-04-03T03:36:14.768+0600][53.745s][info][gc          ] GC(41) Concurrent marking (unload classes) 273.296ms
[2026-04-03T03:36:14.768+0600][53.745s][info][gc,start    ] GC(41) Pause Final Mark (unload classes)
[2026-04-03T03:36:14.768+0600][53.745s][info][gc,task     ] GC(41) Using 6 of 6 workers for final marking
[2026-04-03T03:36:14.791+0600][53.768s][info][gc,ergo     ] GC(41) Adaptive CSet Selection. Target Free: 247M, Actual Free: 1206M, Max CSet: 74666K, Min Garbage: 0B
[2026-04-03T03:36:14.792+0600][53.768s][info][gc,ergo     ] GC(41) Collectable Garbage: 775M (99%), Immediate: 576M (73%), CSet: 199M (25%)
[2026-04-03T03:36:14.792+0600][53.769s][info][gc,ergo     ] GC(41) Pacer for Evacuation. Used CSet: 244M, Free: 1135M, Non-Taxable: 113M, Alloc Tax Rate: 1.1x
[2026-04-03T03:36:14.792+0600][53.769s][info][gc          ] GC(41) Pause Final Mark (unload classes) 23.564ms
[2026-04-03T03:36:14.792+0600][53.769s][info][gc,start    ] GC(41) Concurrent thread roots
[2026-04-03T03:36:14.792+0600][53.769s][info][gc,task     ] GC(41) Using 3 of 6 workers for Concurrent thread roots
[2026-04-03T03:36:14.792+0600][53.769s][info][gc          ] GC(41) Concurrent thread roots 0.768ms
[2026-04-03T03:36:14.793+0600][53.769s][info][gc,start    ] GC(41) Concurrent weak references
[2026-04-03T03:36:14.793+0600][53.769s][info][gc,task     ] GC(41) Using 3 of 6 workers for concurrent weak references
[2026-04-03T03:36:14.793+0600][53.770s][info][gc,ref      ] GC(41) Encountered references: Soft: 3284, Weak: 6606, Final: 84, Phantom: 600
[2026-04-03T03:36:14.793+0600][53.770s][info][gc,ref      ] GC(41) Discovered  references: Soft: 0, Weak: 1074, Final: 2, Phantom: 387
[2026-04-03T03:36:14.793+0600][53.770s][info][gc,ref      ] GC(41) Enqueued    references: Soft: 0, Weak: 116, Final: 0, Phantom: 0
[2026-04-03T03:36:14.793+0600][53.770s][info][gc          ] GC(41) Concurrent weak references 0.288ms
[2026-04-03T03:36:14.793+0600][53.770s][info][gc,start    ] GC(41) Concurrent weak roots
[2026-04-03T03:36:14.793+0600][53.770s][info][gc,task     ] GC(41) Using 3 of 6 workers for concurrent weak root
[2026-04-03T03:36:14.795+0600][53.772s][info][gc          ] GC(41) Concurrent weak roots 2.222ms
[2026-04-03T03:36:14.795+0600][53.772s][info][gc,start    ] GC(41) Concurrent cleanup
[2026-04-03T03:36:14.795+0600][53.772s][info][gc          ] GC(41) Concurrent cleanup 1098M->522M(1138M) 0.348ms
[2026-04-03T03:36:14.796+0600][53.772s][info][gc,ergo     ] GC(41) Free: 1132M, Max: 512K regular, 488M humongous, Frag: 57% external, 0% internal; Reserve: 89088K, Max: 512K
[2026-04-03T03:36:14.796+0600][53.772s][info][gc,start    ] GC(41) Concurrent class unloading
[2026-04-03T03:36:14.796+0600][53.772s][info][gc,task     ] GC(41) Using 3 of 6 workers for concurrent class unloading
[2026-04-03T03:36:14.802+0600][53.779s][info][gc          ] GC(41) Concurrent class unloading 6.462ms
[2026-04-03T03:36:14.802+0600][53.779s][info][gc,start    ] GC(41) Concurrent strong roots
[2026-04-03T03:36:14.802+0600][53.779s][info][gc,task     ] GC(41) Using 3 of 6 workers for concurrent strong root
[2026-04-03T03:36:14.803+0600][53.780s][info][gc          ] GC(41) Concurrent strong roots 0.951ms
[2026-04-03T03:36:14.803+0600][53.780s][info][gc,start    ] GC(41) Concurrent evacuation
[2026-04-03T03:36:14.803+0600][53.780s][info][gc,task     ] GC(41) Using 3 of 6 workers for concurrent evacuation
[2026-04-03T03:36:14.842+0600][53.819s][info][gc          ] GC(41) Concurrent evacuation 39.033ms
[2026-04-03T03:36:14.843+0600][53.819s][info][gc,start    ] GC(41) Pause Init Update Refs
[2026-04-03T03:36:14.843+0600][53.820s][info][gc,ergo     ] GC(41) Pacer for Update Refs. Used: 583M, Free: 1116M, Non-Taxable: 111M, Alloc Tax Rate: 1.1x
[2026-04-03T03:36:14.843+0600][53.820s][info][gc          ] GC(41) Pause Init Update Refs 0.230ms
[2026-04-03T03:36:14.843+0600][53.820s][info][gc,start    ] GC(41) Concurrent update references
[2026-04-03T03:36:14.843+0600][53.820s][info][gc,task     ] GC(41) Using 3 of 6 workers for concurrent reference update
[2026-04-03T03:36:15.028+0600][54.005s][info][gc          ] GC(41) Concurrent update references 185.331ms
[2026-04-03T03:36:15.028+0600][54.005s][info][gc,start    ] GC(41) Concurrent update thread roots
[2026-04-03T03:36:15.029+0600][54.006s][info][gc          ] GC(41) Concurrent update thread roots 1.104ms
[2026-04-03T03:36:15.030+0600][54.007s][info][gc,start    ] GC(41) Pause Final Update Refs
[2026-04-03T03:36:15.030+0600][54.007s][info][gc,task     ] GC(41) Using 6 of 6 workers for final reference update
[2026-04-03T03:36:15.030+0600][54.007s][info][gc          ] GC(41) Pause Final Update Refs 0.245ms
[2026-04-03T03:36:15.030+0600][54.007s][info][gc,start    ] GC(41) Concurrent cleanup
[2026-04-03T03:36:15.030+0600][54.007s][info][gc          ] GC(41) Concurrent cleanup 668M->424M(1138M) 0.309ms
[2026-04-03T03:36:15.031+0600][54.007s][info][gc,ergo     ] Free: 1230M, Max: 512K regular, 488M humongous, Frag: 61% external, 0% internal; Reserve: 89600K, Max: 512K
[2026-04-03T03:36:15.031+0600][54.008s][info][gc,stats    ] 
[2026-04-03T03:36:15.031+0600][54.008s][info][gc,stats    ] All times are wall-clock times, except per-root-class counters, that are sum over
[2026-04-03T03:36:15.031+0600][54.008s][info][gc,stats    ] all workers. Dividing the <total> over the root stage time estimates parallelism.
[2026-04-03T03:36:15.031+0600][54.008s][info][gc,stats    ] 
[2026-04-03T03:36:15.031+0600][54.008s][info][gc,stats    ] Concurrent Reset                   3343 us
[2026-04-03T03:36:15.031+0600][54.008s][info][gc,stats    ] Pause Init Mark (G)                 693 us
[2026-04-03T03:36:15.031+0600][54.008s][info][gc,stats    ] Pause Init Mark (N)                 211 us
[2026-04-03T03:36:15.031+0600][54.008s][info][gc,stats    ]   Update Region States               46 us
[2026-04-03T03:36:15.031+0600][54.008s][info][gc,stats    ] Concurrent Mark Roots              1238 us, parallelism: 1.79x
[2026-04-03T03:36:15.031+0600][54.008s][info][gc,stats    ]   CMR: <total>                     2216 us
[2026-04-03T03:36:15.031+0600][54.008s][info][gc,stats    ]   CMR: Thread Roots                1792 us, workers (us): 342, 724, 726, ---, ---, ---, 
[2026-04-03T03:36:15.031+0600][54.008s][info][gc,stats    ]   CMR: VM Strong Roots               44 us, workers (us):  41,   1,   1, ---, ---, ---, 
[2026-04-03T03:36:15.031+0600][54.008s][info][gc,stats    ]   CMR: CLDG Roots                   381 us, workers (us): 381, ---, ---, ---, ---, ---, 
[2026-04-03T03:36:15.031+0600][54.008s][info][gc,stats    ] Concurrent Marking               273417 us
[2026-04-03T03:36:15.031+0600][54.008s][info][gc,stats    ] Pause Final Mark (G)              23860 us
[2026-04-03T03:36:15.031+0600][54.008s][info][gc,stats    ] Pause Final Mark (N)              23574 us
[2026-04-03T03:36:15.031+0600][54.008s][info][gc,stats    ]   Finish Mark                       210 us
[2026-04-03T03:36:15.031+0600][54.008s][info][gc,stats    ]   Update Region States               56 us
[2026-04-03T03:36:15.031+0600][54.008s][info][gc,stats    ]   Choose Collection Set             221 us
[2026-04-03T03:36:15.031+0600][54.008s][info][gc,stats    ]   Rebuild Free Set                   35 us
[2026-04-03T03:36:15.031+0600][54.008s][info][gc,stats    ] Concurrent Thread Roots             803 us, parallelism: 2.24x
[2026-04-03T03:36:15.031+0600][54.008s][info][gc,stats    ]   CTR: <total>                     1798 us
[2026-04-03T03:36:15.031+0600][54.008s][info][gc,stats    ]   CTR: Thread Roots                1798 us, workers (us): 628, 588, 582, ---, ---, ---, 
[2026-04-03T03:36:15.031+0600][54.008s][info][gc,stats    ] Concurrent Weak References          298 us, parallelism: 0.76x
[2026-04-03T03:36:15.031+0600][54.008s][info][gc,stats    ]   CWRF: <total>                     227 us
[2026-04-03T03:36:15.031+0600][54.008s][info][gc,stats    ]   CWRF: Weak References             227 us, workers (us): 183,  43,   0, ---, ---, ---, 
[2026-04-03T03:36:15.031+0600][54.008s][info][gc,stats    ] Concurrent Weak Roots              2276 us
[2026-04-03T03:36:15.031+0600][54.008s][info][gc,stats    ]   Roots                            1961 us, parallelism: 2.49x
[2026-04-03T03:36:15.031+0600][54.008s][info][gc,stats    ]     CWR: <total>                   4888 us
[2026-04-03T03:36:15.031+0600][54.008s][info][gc,stats    ]     CWR: Code Cache Roots          3105 us, workers (us): 1143, 929, 1034, ---, ---, ---, 
[2026-04-03T03:36:15.031+0600][54.008s][info][gc,stats    ]     CWR: VM Weak Roots             1719 us, workers (us): 609, 596, 513, ---, ---, ---, 
[2026-04-03T03:36:15.031+0600][54.008s][info][gc,stats    ]     CWR: CLDG Roots                  64 us, workers (us): ---,  64, ---, ---, ---, ---, 
[2026-04-03T03:36:15.031+0600][54.008s][info][gc,stats    ]   Rendezvous                        238 us
[2026-04-03T03:36:15.031+0600][54.008s][info][gc,stats    ] Concurrent Cleanup                  369 us
[2026-04-03T03:36:15.031+0600][54.008s][info][gc,stats    ] Concurrent Class Unloading         6552 us
[2026-04-03T03:36:15.031+0600][54.008s][info][gc,stats    ]   Unlink Stale                     5747 us
[2026-04-03T03:36:15.031+0600][54.008s][info][gc,stats    ]     System Dictionary                82 us
[2026-04-03T03:36:15.031+0600][54.008s][info][gc,stats    ]     Weak Class Links                  0 us
[2026-04-03T03:36:15.031+0600][54.008s][info][gc,stats    ]     Code Roots                     5660 us
[2026-04-03T03:36:15.031+0600][54.008s][info][gc,stats    ]   Rendezvous                        305 us
[2026-04-03T03:36:15.031+0600][54.008s][info][gc,stats    ]   Purge Unlinked                    377 us
[2026-04-03T03:36:15.031+0600][54.008s][info][gc,stats    ]     Code Roots                      363 us
[2026-04-03T03:36:15.031+0600][54.008s][info][gc,stats    ]     CLDG                             13 us
[2026-04-03T03:36:15.031+0600][54.008s][info][gc,stats    ]     Exception Caches                  0 us
[2026-04-03T03:36:15.031+0600][54.008s][info][gc,stats    ] Concurrent Strong Roots            1002 us, parallelism: 0.67x
[2026-04-03T03:36:15.031+0600][54.008s][info][gc,stats    ]   CSR: <total>                      675 us
[2026-04-03T03:36:15.031+0600][54.008s][info][gc,stats    ]   CSR: VM Strong Roots               63 us, workers (us):  34,  29,   0, ---, ---, ---, 
[2026-04-03T03:36:15.031+0600][54.008s][info][gc,stats    ]   CSR: CLDG Roots                   612 us, workers (us): ---, 612, ---, ---, ---, ---, 
[2026-04-03T03:36:15.031+0600][54.008s][info][gc,stats    ] Concurrent Evacuation             39148 us
[2026-04-03T03:36:15.031+0600][54.008s][info][gc,stats    ] Pause Init Update Refs (G)          715 us
[2026-04-03T03:36:15.031+0600][54.008s][info][gc,stats    ] Pause Init Update Refs (N)          245 us
[2026-04-03T03:36:15.031+0600][54.008s][info][gc,stats    ]   Manage GCLABs                      71 us
[2026-04-03T03:36:15.031+0600][54.008s][info][gc,stats    ] Concurrent Update Refs           185432 us
[2026-04-03T03:36:15.031+0600][54.008s][info][gc,stats    ] Concurrent Update Thread Roots     1172 us
[2026-04-03T03:36:15.031+0600][54.008s][info][gc,stats    ] Pause Final Update Refs (G)         549 us
[2026-04-03T03:36:15.031+0600][54.008s][info][gc,stats    ] Pause Final Update Refs (N)         262 us
[2026-04-03T03:36:15.031+0600][54.008s][info][gc,stats    ]   Update Region States               61 us
[2026-04-03T03:36:15.031+0600][54.008s][info][gc,stats    ]   Trash Collection Set               14 us
[2026-04-03T03:36:15.031+0600][54.008s][info][gc,stats    ]   Rebuild Free Set                   44 us
[2026-04-03T03:36:15.031+0600][54.008s][info][gc,stats    ] Concurrent Cleanup                  363 us
[2026-04-03T03:36:15.031+0600][54.008s][info][gc,stats    ] Pacing                           232811 us
[2026-04-03T03:36:15.031+0600][54.008s][info][gc,stats    ] 
[2026-04-03T03:36:15.031+0600][54.008s][info][gc,stats    ] Allocation pacing accrued:
[2026-04-03T03:36:15.031+0600][54.008s][info][gc,stats    ]      78 of  1649 ms (  4.7%): Executor task launch worker for task 1.0 in stage 28.0 (TID 43)
[2026-04-03T03:36:15.031+0600][54.008s][info][gc,stats    ]      78 of  1649 ms (  4.7%): Executor task launch worker for task 0.0 in stage 28.0 (TID 42)
[2026-04-03T03:36:15.031+0600][54.008s][info][gc,stats    ]      77 of  1649 ms (  4.7%): Executor task launch worker for task 2.0 in stage 28.0 (TID 44)
[2026-04-03T03:36:15.031+0600][54.008s][info][gc,stats    ]     233 of  1649 ms ( 14.1%): <total>
[2026-04-03T03:36:15.031+0600][54.008s][info][gc,stats    ]       1 of  1649 ms (  0.1%): <average total>
[2026-04-03T03:36:15.031+0600][54.008s][info][gc,stats    ]      78 of  1649 ms (  4.7%): <average non-zero>
[2026-04-03T03:36:15.031+0600][54.008s][info][gc,stats    ] 
[2026-04-03T03:36:15.031+0600][54.008s][info][gc,metaspace] Metaspace: 73136K(74048K)->73136K(74048K) NonClass: 63832K(64320K)->63832K(64320K) Class: 9303K(9728K)->9303K(9728K)
[2026-04-03T03:36:15.031+0600][54.008s][info][gc,ergo     ] Pacer for Idle. Initial: 35840K, Alloc Tax Rate: 1.0x
[2026-04-03T03:36:15.134+0600][54.111s][info][gc          ] Trigger: Average GC time (893.37 ms) is above the time for instantaneous allocation rate (1399 MB/s) to deplete free headroom (1000M) (spike threshold = 1.70)
[2026-04-03T03:36:15.134+0600][54.111s][info][gc,ergo     ] Free: 1087M, Max: 512K regular, 488M humongous, Frag: 56% external, 0% internal; Reserve: 89600K, Max: 512K
[2026-04-03T03:36:15.134+0600][54.111s][info][gc,start    ] GC(42) Concurrent reset
[2026-04-03T03:36:15.134+0600][54.111s][info][gc,task     ] GC(42) Using 3 of 6 workers for concurrent reset
[2026-04-03T03:36:15.134+0600][54.111s][info][gc,ergo     ] GC(42) Pacer for Reset. Non-Taxable: 1750M
[2026-04-03T03:36:15.135+0600][54.112s][info][gc          ] GC(42) Concurrent reset 1.414ms
[2026-04-03T03:36:15.136+0600][54.113s][info][gc,start    ] GC(42) Pause Init Mark (unload classes)
[2026-04-03T03:36:15.136+0600][54.113s][info][gc,task     ] GC(42) Using 6 of 6 workers for init marking
[2026-04-03T03:36:15.136+0600][54.113s][info][gc,ergo     ] GC(42) Pacer for Mark. Expected Live: 260M, Free: 1086M, Non-Taxable: 108M, Alloc Tax Rate: 0.3x
[2026-04-03T03:36:15.136+0600][54.113s][info][gc          ] GC(42) Pause Init Mark (unload classes) 0.235ms
[2026-04-03T03:36:15.136+0600][54.113s][info][gc,start    ] GC(42) Concurrent marking roots
[2026-04-03T03:36:15.136+0600][54.113s][info][gc,task     ] GC(42) Using 3 of 6 workers for concurrent marking roots
[2026-04-03T03:36:15.137+0600][54.114s][info][gc          ] GC(42) Concurrent marking roots 1.073ms
[2026-04-03T03:36:15.137+0600][54.114s][info][gc,start    ] GC(42) Concurrent marking (unload classes)
[2026-04-03T03:36:15.137+0600][54.114s][info][gc,task     ] GC(42) Using 3 of 6 workers for concurrent marking
[2026-04-03T03:36:15.461+0600][54.438s][info][gc          ] GC(42) Concurrent marking (unload classes) 324.032ms
[2026-04-03T03:36:15.461+0600][54.438s][info][gc,start    ] GC(42) Pause Final Mark (unload classes)
[2026-04-03T03:36:15.461+0600][54.438s][info][gc,task     ] GC(42) Using 6 of 6 workers for final marking
[2026-04-03T03:36:15.462+0600][54.439s][info][gc,ergo     ] GC(42) Adaptive CSet Selection. Target Free: 247M, Actual Free: 991M, Max CSet: 74666K, Min Garbage: 0B
[2026-04-03T03:36:15.462+0600][54.439s][info][gc,ergo     ] GC(42) Collectable Garbage: 305M (98%), Immediate: 23040K (7%), CSet: 283M (91%)
[2026-04-03T03:36:15.462+0600][54.439s][info][gc,ergo     ] GC(42) Pacer for Evacuation. Used CSet: 356M, Free: 910M, Non-Taxable: 93184K, Alloc Tax Rate: 1.1x
[2026-04-03T03:36:15.462+0600][54.439s][info][gc          ] GC(42) Pause Final Mark (unload classes) 0.715ms
[2026-04-03T03:36:15.462+0600][54.439s][info][gc,start    ] GC(42) Concurrent thread roots
[2026-04-03T03:36:15.462+0600][54.439s][info][gc,task     ] GC(42) Using 3 of 6 workers for Concurrent thread roots
[2026-04-03T03:36:15.463+0600][54.440s][info][gc          ] GC(42) Concurrent thread roots 0.958ms
[2026-04-03T03:36:15.463+0600][54.440s][info][gc,start    ] GC(42) Concurrent weak references
[2026-04-03T03:36:15.463+0600][54.440s][info][gc,task     ] GC(42) Using 3 of 6 workers for concurrent weak references
[2026-04-03T03:36:15.463+0600][54.440s][info][gc,ref      ] GC(42) Encountered references: Soft: 3284, Weak: 6498, Final: 84, Phantom: 600
[2026-04-03T03:36:15.463+0600][54.440s][info][gc,ref      ] GC(42) Discovered  references: Soft: 0, Weak: 1186, Final: 2, Phantom: 597
[2026-04-03T03:36:15.463+0600][54.440s][info][gc,ref      ] GC(42) Enqueued    references: Soft: 0, Weak: 78, Final: 0, Phantom: 0
[2026-04-03T03:36:15.464+0600][54.440s][info][gc          ] GC(42) Concurrent weak references 0.375ms
[2026-04-03T03:36:15.464+0600][54.440s][info][gc,start    ] GC(42) Concurrent weak roots
[2026-04-03T03:36:15.464+0600][54.440s][info][gc,task     ] GC(42) Using 3 of 6 workers for concurrent weak root
[2026-04-03T03:36:15.466+0600][54.443s][info][gc          ] GC(42) Concurrent weak roots 2.546ms
[2026-04-03T03:36:15.466+0600][54.443s][info][gc,start    ] GC(42) Concurrent cleanup
[2026-04-03T03:36:15.466+0600][54.443s][info][gc          ] GC(42) Concurrent cleanup 771M->749M(1138M) 0.213ms
[2026-04-03T03:36:15.466+0600][54.443s][info][gc,ergo     ] GC(42) Free: 907M, Max: 512K regular, 488M humongous, Frag: 47% external, 0% internal; Reserve: 88830K, Max: 512K
[2026-04-03T03:36:15.466+0600][54.443s][info][gc,start    ] GC(42) Concurrent class unloading
[2026-04-03T03:36:15.466+0600][54.443s][info][gc,task     ] GC(42) Using 3 of 6 workers for concurrent class unloading
[2026-04-03T03:36:15.473+0600][54.450s][info][gc          ] GC(42) Concurrent class unloading 6.276ms
[2026-04-03T03:36:15.473+0600][54.450s][info][gc,start    ] GC(42) Concurrent strong roots
[2026-04-03T03:36:15.473+0600][54.450s][info][gc,task     ] GC(42) Using 3 of 6 workers for concurrent strong root
[2026-04-03T03:36:15.474+0600][54.451s][info][gc          ] GC(42) Concurrent strong roots 0.880ms
[2026-04-03T03:36:15.474+0600][54.451s][info][gc,start    ] GC(42) Concurrent evacuation
[2026-04-03T03:36:15.474+0600][54.451s][info][gc,task     ] GC(42) Using 3 of 6 workers for concurrent evacuation
[2026-04-03T03:36:15.534+0600][54.510s][info][gc          ] GC(42) Concurrent evacuation 59.573ms
[2026-04-03T03:36:15.534+0600][54.511s][info][gc,start    ] GC(42) Pause Init Update Refs
[2026-04-03T03:36:15.534+0600][54.511s][info][gc,ergo     ] GC(42) Pacer for Update Refs. Used: 853M, Free: 875M, Non-Taxable: 89651K, Alloc Tax Rate: 1.2x
[2026-04-03T03:36:15.534+0600][54.511s][info][gc          ] GC(42) Pause Init Update Refs 0.115ms
[2026-04-03T03:36:15.534+0600][54.511s][info][gc,start    ] GC(42) Concurrent update references
[2026-04-03T03:36:15.534+0600][54.511s][info][gc,task     ] GC(42) Using 3 of 6 workers for concurrent reference update
[2026-04-03T03:36:15.767+0600][54.744s][info][gc          ] GC(42) Concurrent update references 233.193ms
[2026-04-03T03:36:15.767+0600][54.744s][info][gc,start    ] GC(42) Concurrent update thread roots
[2026-04-03T03:36:15.769+0600][54.746s][info][gc          ] GC(42) Concurrent update thread roots 1.318ms
[2026-04-03T03:36:15.769+0600][54.746s][info][gc,start    ] GC(42) Pause Final Update Refs
[2026-04-03T03:36:15.769+0600][54.746s][info][gc,task     ] GC(42) Using 6 of 6 workers for final reference update
[2026-04-03T03:36:15.769+0600][54.746s][info][gc          ] GC(42) Pause Final Update Refs 0.253ms
[2026-04-03T03:36:15.769+0600][54.746s][info][gc,start    ] GC(42) Concurrent cleanup
[2026-04-03T03:36:15.770+0600][54.747s][info][gc          ] GC(42) Concurrent cleanup 989M->634M(1138M) 0.328ms
[2026-04-03T03:36:15.770+0600][54.747s][info][gc,ergo     ] Free: 1020M, Max: 512K regular, 541M humongous, Frag: 47% external, 0% internal; Reserve: 89600K, Max: 512K
[2026-04-03T03:36:15.770+0600][54.747s][info][gc,stats    ] 
[2026-04-03T03:36:15.770+0600][54.747s][info][gc,stats    ] All times are wall-clock times, except per-root-class counters, that are sum over
[2026-04-03T03:36:15.770+0600][54.747s][info][gc,stats    ] all workers. Dividing the <total> over the root stage time estimates parallelism.
[2026-04-03T03:36:15.770+0600][54.747s][info][gc,stats    ] 
[2026-04-03T03:36:15.770+0600][54.747s][info][gc,stats    ] Concurrent Reset                   1495 us
[2026-04-03T03:36:15.770+0600][54.747s][info][gc,stats    ] Pause Init Mark (G)                 604 us
[2026-04-03T03:36:15.770+0600][54.747s][info][gc,stats    ] Pause Init Mark (N)                 244 us
[2026-04-03T03:36:15.770+0600][54.747s][info][gc,stats    ]   Update Region States               49 us
[2026-04-03T03:36:15.770+0600][54.747s][info][gc,stats    ] Concurrent Mark Roots              1111 us, parallelism: 1.78x
[2026-04-03T03:36:15.770+0600][54.747s][info][gc,stats    ]   CMR: <total>                     1975 us
[2026-04-03T03:36:15.770+0600][54.747s][info][gc,stats    ]   CMR: Thread Roots                1673 us, workers (us): 611, 622, 439, ---, ---, ---, 
[2026-04-03T03:36:15.770+0600][54.747s][info][gc,stats    ]   CMR: VM Strong Roots              108 us, workers (us):  59,  45,   4, ---, ---, ---, 
[2026-04-03T03:36:15.770+0600][54.747s][info][gc,stats    ]   CMR: CLDG Roots                   194 us, workers (us): ---, ---, 194, ---, ---, ---, 
[2026-04-03T03:36:15.770+0600][54.747s][info][gc,stats    ] Concurrent Marking               324107 us
[2026-04-03T03:36:15.770+0600][54.747s][info][gc,stats    ] Pause Final Mark (G)                965 us
[2026-04-03T03:36:15.770+0600][54.747s][info][gc,stats    ] Pause Final Mark (N)                726 us
[2026-04-03T03:36:15.770+0600][54.747s][info][gc,stats    ]   Finish Mark                       187 us
[2026-04-03T03:36:15.770+0600][54.747s][info][gc,stats    ]   Update Region States               82 us
[2026-04-03T03:36:15.770+0600][54.747s][info][gc,stats    ]   Choose Collection Set             327 us
[2026-04-03T03:36:15.770+0600][54.747s][info][gc,stats    ]   Rebuild Free Set                   32 us
[2026-04-03T03:36:15.770+0600][54.747s][info][gc,stats    ] Concurrent Thread Roots            1000 us, parallelism: 2.30x
[2026-04-03T03:36:15.770+0600][54.747s][info][gc,stats    ]   CTR: <total>                     2303 us
[2026-04-03T03:36:15.770+0600][54.747s][info][gc,stats    ]   CTR: Thread Roots                2303 us, workers (us): 812, 748, 743, ---, ---, ---, 
[2026-04-03T03:36:15.770+0600][54.747s][info][gc,stats    ] Concurrent Weak References          387 us, parallelism: 0.63x
[2026-04-03T03:36:15.770+0600][54.747s][info][gc,stats    ]   CWRF: <total>                     245 us
[2026-04-03T03:36:15.770+0600][54.747s][info][gc,stats    ]   CWRF: Weak References             245 us, workers (us):  73, 171,   1, ---, ---, ---, 
[2026-04-03T03:36:15.770+0600][54.747s][info][gc,stats    ] Concurrent Weak Roots              2636 us
[2026-04-03T03:36:15.770+0600][54.747s][info][gc,stats    ]   Roots                            2287 us, parallelism: 2.57x
[2026-04-03T03:36:15.770+0600][54.747s][info][gc,stats    ]     CWR: <total>                   5887 us
[2026-04-03T03:36:15.770+0600][54.747s][info][gc,stats    ]     CWR: Code Cache Roots          4275 us, workers (us): 1465, 1507, 1303, ---, ---, ---, 
[2026-04-03T03:36:15.770+0600][54.747s][info][gc,stats    ]     CWR: VM Weak Roots             1576 us, workers (us): 541, 539, 497, ---, ---, ---, 
[2026-04-03T03:36:15.770+0600][54.747s][info][gc,stats    ]     CWR: CLDG Roots                  36 us, workers (us): ---, ---,  36, ---, ---, ---, 
[2026-04-03T03:36:15.770+0600][54.747s][info][gc,stats    ]   Rendezvous                        234 us
[2026-04-03T03:36:15.770+0600][54.747s][info][gc,stats    ] Concurrent Cleanup                  228 us
[2026-04-03T03:36:15.770+0600][54.747s][info][gc,stats    ] Concurrent Class Unloading         6534 us
[2026-04-03T03:36:15.770+0600][54.747s][info][gc,stats    ]   Unlink Stale                     5894 us
[2026-04-03T03:36:15.770+0600][54.747s][info][gc,stats    ]     System Dictionary               100 us
[2026-04-03T03:36:15.770+0600][54.747s][info][gc,stats    ]     Weak Class Links                  0 us
[2026-04-03T03:36:15.770+0600][54.747s][info][gc,stats    ]     Code Roots                     5789 us
[2026-04-03T03:36:15.770+0600][54.747s][info][gc,stats    ]   Rendezvous                        337 us
[2026-04-03T03:36:15.770+0600][54.747s][info][gc,stats    ]   Purge Unlinked                     12 us
[2026-04-03T03:36:15.770+0600][54.747s][info][gc,stats    ]     Code Roots                        3 us
[2026-04-03T03:36:15.770+0600][54.747s][info][gc,stats    ]     CLDG                              8 us
[2026-04-03T03:36:15.770+0600][54.747s][info][gc,stats    ]     Exception Caches                  0 us
[2026-04-03T03:36:15.770+0600][54.747s][info][gc,stats    ] Concurrent Strong Roots             936 us, parallelism: 0.63x
[2026-04-03T03:36:15.770+0600][54.747s][info][gc,stats    ]   CSR: <total>                      586 us
[2026-04-03T03:36:15.770+0600][54.747s][info][gc,stats    ]   CSR: VM Strong Roots               88 us, workers (us):  70,  17,   1, ---, ---, ---, 
[2026-04-03T03:36:15.770+0600][54.747s][info][gc,stats    ]   CSR: CLDG Roots                   498 us, workers (us): ---, ---, 498, ---, ---, ---, 
[2026-04-03T03:36:15.770+0600][54.747s][info][gc,stats    ] Concurrent Evacuation             59689 us
[2026-04-03T03:36:15.770+0600][54.747s][info][gc,stats    ] Pause Init Update Refs (G)          499 us
[2026-04-03T03:36:15.770+0600][54.747s][info][gc,stats    ] Pause Init Update Refs (N)          141 us
[2026-04-03T03:36:15.770+0600][54.747s][info][gc,stats    ]   Manage GCLABs                      33 us
[2026-04-03T03:36:15.770+0600][54.747s][info][gc,stats    ] Concurrent Update Refs           233299 us
[2026-04-03T03:36:15.770+0600][54.747s][info][gc,stats    ] Concurrent Update Thread Roots     1365 us
[2026-04-03T03:36:15.770+0600][54.747s][info][gc,stats    ] Pause Final Update Refs (G)         549 us
[2026-04-03T03:36:15.770+0600][54.747s][info][gc,stats    ] Pause Final Update Refs (N)         275 us
[2026-04-03T03:36:15.770+0600][54.747s][info][gc,stats    ]   Update Region States              137 us
[2026-04-03T03:36:15.770+0600][54.747s][info][gc,stats    ]   Trash Collection Set               20 us
[2026-04-03T03:36:15.770+0600][54.747s][info][gc,stats    ]   Rebuild Free Set                   38 us
[2026-04-03T03:36:15.770+0600][54.747s][info][gc,stats    ] Concurrent Cleanup                  374 us
[2026-04-03T03:36:15.770+0600][54.747s][info][gc,stats    ] Pacing                           161300 us
[2026-04-03T03:36:15.770+0600][54.747s][info][gc,stats    ] 
[2026-04-03T03:36:15.770+0600][54.747s][info][gc,stats    ] Allocation pacing accrued:
[2026-04-03T03:36:15.770+0600][54.747s][info][gc,stats    ]      54 of   739 ms (  7.3%): Executor task launch worker for task 1.0 in stage 28.0 (TID 43)
[2026-04-03T03:36:15.770+0600][54.747s][info][gc,stats    ]      54 of   739 ms (  7.2%): Executor task launch worker for task 0.0 in stage 28.0 (TID 42)
[2026-04-03T03:36:15.771+0600][54.747s][info][gc,stats    ]      54 of   739 ms (  7.3%): Executor task launch worker for task 2.0 in stage 28.0 (TID 44)
[2026-04-03T03:36:15.771+0600][54.747s][info][gc,stats    ]     161 of   739 ms ( 21.8%): <total>
[2026-04-03T03:36:15.771+0600][54.747s][info][gc,stats    ]       1 of   739 ms (  0.1%): <average total>
[2026-04-03T03:36:15.771+0600][54.747s][info][gc,stats    ]      54 of   739 ms (  7.3%): <average non-zero>
[2026-04-03T03:36:15.771+0600][54.748s][info][gc,stats    ] 
[2026-04-03T03:36:15.771+0600][54.748s][info][gc,metaspace] Metaspace: 73136K(74048K)->73136K(74048K) NonClass: 63832K(64320K)->63832K(64320K) Class: 9303K(9728K)->9303K(9728K)
[2026-04-03T03:36:15.771+0600][54.748s][info][gc,ergo     ] Pacer for Idle. Initial: 35840K, Alloc Tax Rate: 1.0x
[2026-04-03T03:36:15.973+0600][54.950s][info][gc          ] Trigger: Average GC time (817.70 ms) is above the time for average allocation rate (928 MB/s) to deplete free headroom (737M) (margin of error = 1.96)
[2026-04-03T03:36:15.973+0600][54.950s][info][gc,ergo     ] Free headroom: 825M (free) - 89600K (spike) - 0B (penalties) = 737M
[2026-04-03T03:36:15.973+0600][54.950s][info][gc,ergo     ] Free: 825M, Max: 512K regular, 541M humongous, Frag: 35% external, 0% internal; Reserve: 89600K, Max: 512K
[2026-04-03T03:36:15.973+0600][54.950s][info][gc,start    ] GC(43) Concurrent reset
[2026-04-03T03:36:15.973+0600][54.950s][info][gc,task     ] GC(43) Using 3 of 6 workers for concurrent reset
[2026-04-03T03:36:15.973+0600][54.950s][info][gc,ergo     ] GC(43) Pacer for Reset. Non-Taxable: 1750M
[2026-04-03T03:36:15.975+0600][54.952s][info][gc          ] GC(43) Concurrent reset 1.900ms
[2026-04-03T03:36:15.975+0600][54.952s][info][gc,start    ] GC(43) Pause Init Mark (unload classes)
[2026-04-03T03:36:15.975+0600][54.952s][info][gc,task     ] GC(43) Using 6 of 6 workers for init marking
[2026-04-03T03:36:15.975+0600][54.952s][info][gc,ergo     ] GC(43) Pacer for Mark. Expected Live: 265M, Free: 823M, Non-Taxable: 84326K, Alloc Tax Rate: 0.4x
[2026-04-03T03:36:15.975+0600][54.952s][info][gc          ] GC(43) Pause Init Mark (unload classes) 0.172ms
[2026-04-03T03:36:15.975+0600][54.952s][info][gc,start    ] GC(43) Concurrent marking roots
[2026-04-03T03:36:15.975+0600][54.952s][info][gc,task     ] GC(43) Using 3 of 6 workers for concurrent marking roots
[2026-04-03T03:36:15.976+0600][54.953s][info][gc          ] GC(43) Concurrent marking roots 1.047ms
[2026-04-03T03:36:15.976+0600][54.953s][info][gc,start    ] GC(43) Concurrent marking (unload classes)
[2026-04-03T03:36:15.976+0600][54.953s][info][gc,task     ] GC(43) Using 3 of 6 workers for concurrent marking
[2026-04-03T03:36:16.401+0600][55.377s][info][gc          ] GC(43) Concurrent marking (unload classes) 424.143ms
[2026-04-03T03:36:16.401+0600][55.378s][info][gc,start    ] GC(43) Pause Final Mark (unload classes)
[2026-04-03T03:36:16.401+0600][55.378s][info][gc,task     ] GC(43) Using 6 of 6 workers for final marking
[2026-04-03T03:36:16.401+0600][55.378s][info][gc,ergo     ] GC(43) Adaptive CSet Selection. Target Free: 247M, Actual Free: 749M, Max CSet: 74666K, Min Garbage: 0B
[2026-04-03T03:36:16.402+0600][55.379s][info][gc,ergo     ] GC(43) Collectable Garbage: 530M (98%), Immediate: 9216K (1%), CSet: 521M (97%)
[2026-04-03T03:36:16.402+0600][55.379s][info][gc,ergo     ] GC(43) Pacer for Evacuation. Used CSet: 566M, Free: 665M, Non-Taxable: 68096K, Alloc Tax Rate: 2.1x
[2026-04-03T03:36:16.402+0600][55.379s][info][gc          ] GC(43) Pause Final Mark (unload classes) 1.094ms
[2026-04-03T03:36:16.402+0600][55.379s][info][gc,start    ] GC(43) Concurrent thread roots
[2026-04-03T03:36:16.402+0600][55.379s][info][gc,task     ] GC(43) Using 3 of 6 workers for Concurrent thread roots
[2026-04-03T03:36:16.403+0600][55.380s][info][gc          ] GC(43) Concurrent thread roots 0.874ms
[2026-04-03T03:36:16.403+0600][55.380s][info][gc,start    ] GC(43) Concurrent weak references
[2026-04-03T03:36:16.403+0600][55.380s][info][gc,task     ] GC(43) Using 3 of 6 workers for concurrent weak references
[2026-04-03T03:36:16.403+0600][55.380s][info][gc,ref      ] GC(43) Encountered references: Soft: 3284, Weak: 6420, Final: 84, Phantom: 600
[2026-04-03T03:36:16.403+0600][55.380s][info][gc,ref      ] GC(43) Discovered  references: Soft: 0, Weak: 426, Final: 0, Phantom: 597
[2026-04-03T03:36:16.403+0600][55.380s][info][gc,ref      ] GC(43) Enqueued    references: Soft: 0, Weak: 0, Final: 0, Phantom: 0
[2026-04-03T03:36:16.403+0600][55.380s][info][gc          ] GC(43) Concurrent weak references 0.298ms
[2026-04-03T03:36:16.403+0600][55.380s][info][gc,start    ] GC(43) Concurrent weak roots
[2026-04-03T03:36:16.403+0600][55.380s][info][gc,task     ] GC(43) Using 3 of 6 workers for concurrent weak root
[2026-04-03T03:36:16.406+0600][55.383s][info][gc          ] GC(43) Concurrent weak roots 2.556ms
[2026-04-03T03:36:16.406+0600][55.383s][info][gc,start    ] GC(43) Concurrent cleanup
[2026-04-03T03:36:16.406+0600][55.383s][info][gc          ] GC(43) Concurrent cleanup 1003M->994M(1138M) 0.205ms
[2026-04-03T03:36:16.406+0600][55.383s][info][gc,ergo     ] GC(43) Free: 663M, Max: 512K regular, 541M humongous, Frag: 19% external, 0% internal; Reserve: 89158K, Max: 512K
[2026-04-03T03:36:16.406+0600][55.383s][info][gc,start    ] GC(43) Concurrent class unloading
[2026-04-03T03:36:16.406+0600][55.383s][info][gc,task     ] GC(43) Using 3 of 6 workers for concurrent class unloading
[2026-04-03T03:36:16.412+0600][55.389s][info][gc          ] GC(43) Concurrent class unloading 6.024ms
[2026-04-03T03:36:16.412+0600][55.389s][info][gc,start    ] GC(43) Concurrent strong roots
[2026-04-03T03:36:16.412+0600][55.389s][info][gc,task     ] GC(43) Using 3 of 6 workers for concurrent strong root
[2026-04-03T03:36:16.413+0600][55.390s][info][gc          ] GC(43) Concurrent strong roots 0.846ms
[2026-04-03T03:36:16.413+0600][55.390s][info][gc,start    ] GC(43) Concurrent evacuation
[2026-04-03T03:36:16.413+0600][55.390s][info][gc,task     ] GC(43) Using 3 of 6 workers for concurrent evacuation
[2026-04-03T03:36:16.462+0600][55.439s][info][gc          ] GC(43) Concurrent evacuation 49.456ms
[2026-04-03T03:36:16.463+0600][55.440s][info][gc,start    ] GC(43) Pause Init Update Refs
[2026-04-03T03:36:16.463+0600][55.440s][info][gc,ergo     ] GC(43) Pacer for Update Refs. Used: 1069M, Free: 634M, Non-Taxable: 64921K, Alloc Tax Rate: 2.1x
[2026-04-03T03:36:16.463+0600][55.440s][info][gc          ] GC(43) Pause Init Update Refs 0.151ms
[2026-04-03T03:36:16.463+0600][55.440s][info][gc,start    ] GC(43) Concurrent update references
[2026-04-03T03:36:16.463+0600][55.440s][info][gc,task     ] GC(43) Using 3 of 6 workers for concurrent reference update
[2026-04-03T03:36:16.711+0600][55.688s][info][gc          ] GC(43) Concurrent update references 248.327ms
[2026-04-03T03:36:16.712+0600][55.688s][info][gc,start    ] GC(43) Concurrent update thread roots
[2026-04-03T03:36:16.713+0600][55.690s][info][gc          ] GC(43) Concurrent update thread roots 1.328ms
[2026-04-03T03:36:16.713+0600][55.690s][info][gc,start    ] GC(43) Pause Final Update Refs
[2026-04-03T03:36:16.713+0600][55.690s][info][gc,task     ] GC(43) Using 6 of 6 workers for final reference update
[2026-04-03T03:36:16.713+0600][55.690s][info][gc          ] GC(43) Pause Final Update Refs 0.241ms
[2026-04-03T03:36:16.713+0600][55.690s][info][gc,start    ] GC(43) Concurrent cleanup
[2026-04-03T03:36:16.714+0600][55.691s][info][gc          ] GC(43) Concurrent cleanup 1188M->621M(1219M) 0.447ms
[2026-04-03T03:36:16.714+0600][55.691s][info][gc,ergo     ] Free: 1035M, Max: 512K regular, 406M humongous, Frag: 61% external, 0% internal; Reserve: 89600K, Max: 512K
[2026-04-03T03:36:16.714+0600][55.691s][info][gc,stats    ] 
[2026-04-03T03:36:16.714+0600][55.691s][info][gc,stats    ] All times are wall-clock times, except per-root-class counters, that are sum over
[2026-04-03T03:36:16.714+0600][55.691s][info][gc,stats    ] all workers. Dividing the <total> over the root stage time estimates parallelism.
[2026-04-03T03:36:16.714+0600][55.691s][info][gc,stats    ] 
[2026-04-03T03:36:16.714+0600][55.691s][info][gc,stats    ] Concurrent Reset                   1981 us
[2026-04-03T03:36:16.714+0600][55.691s][info][gc,stats    ] Pause Init Mark (G)                 492 us
[2026-04-03T03:36:16.714+0600][55.691s][info][gc,stats    ] Pause Init Mark (N)                 188 us
[2026-04-03T03:36:16.714+0600][55.691s][info][gc,stats    ]   Update Region States               36 us
[2026-04-03T03:36:16.714+0600][55.691s][info][gc,stats    ] Concurrent Mark Roots              1094 us, parallelism: 1.81x
[2026-04-03T03:36:16.714+0600][55.691s][info][gc,stats    ]   CMR: <total>                     1986 us
[2026-04-03T03:36:16.714+0600][55.691s][info][gc,stats    ]   CMR: Thread Roots                1731 us, workers (us): 454, 666, 611, ---, ---, ---, 
[2026-04-03T03:36:16.714+0600][55.691s][info][gc,stats    ]   CMR: VM Strong Roots               35 us, workers (us):  34,   1,   1, ---, ---, ---, 
[2026-04-03T03:36:16.714+0600][55.691s][info][gc,stats    ]   CMR: CLDG Roots                   219 us, workers (us): 219, ---, ---, ---, ---, ---, 
[2026-04-03T03:36:16.714+0600][55.691s][info][gc,stats    ] Concurrent Marking               424225 us
[2026-04-03T03:36:16.714+0600][55.691s][info][gc,stats    ] Pause Final Mark (G)               1251 us
[2026-04-03T03:36:16.714+0600][55.691s][info][gc,stats    ] Pause Final Mark (N)               1107 us
[2026-04-03T03:36:16.714+0600][55.691s][info][gc,stats    ]   Finish Mark                       403 us
[2026-04-03T03:36:16.714+0600][55.691s][info][gc,stats    ]   Update Region States               58 us
[2026-04-03T03:36:16.714+0600][55.691s][info][gc,stats    ]   Choose Collection Set             487 us
[2026-04-03T03:36:16.714+0600][55.691s][info][gc,stats    ]   Rebuild Free Set                   41 us
[2026-04-03T03:36:16.714+0600][55.691s][info][gc,stats    ] Concurrent Thread Roots             911 us, parallelism: 2.09x
[2026-04-03T03:36:16.714+0600][55.691s][info][gc,stats    ]   CTR: <total>                     1899 us
[2026-04-03T03:36:16.714+0600][55.691s][info][gc,stats    ]   CTR: Thread Roots                1899 us, workers (us): 629, 639, 631, ---, ---, ---, 
[2026-04-03T03:36:16.714+0600][55.691s][info][gc,stats    ] Concurrent Weak References          310 us, parallelism: 0.39x
[2026-04-03T03:36:16.714+0600][55.691s][info][gc,stats    ]   CWRF: <total>                     121 us
[2026-04-03T03:36:16.714+0600][55.691s][info][gc,stats    ]   CWRF: Weak References             121 us, workers (us): 119,   1,   0, ---, ---, ---, 
[2026-04-03T03:36:16.714+0600][55.691s][info][gc,stats    ] Concurrent Weak Roots              2601 us
[2026-04-03T03:36:16.714+0600][55.691s][info][gc,stats    ]   Roots                            2324 us, parallelism: 2.49x
[2026-04-03T03:36:16.714+0600][55.691s][info][gc,stats    ]     CWR: <total>                   5780 us
[2026-04-03T03:36:16.714+0600][55.691s][info][gc,stats    ]     CWR: Code Cache Roots          3680 us, workers (us): 1119, 1320, 1241, ---, ---, ---, 
[2026-04-03T03:36:16.714+0600][55.691s][info][gc,stats    ]     CWR: VM Weak Roots             1963 us, workers (us): 673, 645, 645, ---, ---, ---, 
[2026-04-03T03:36:16.714+0600][55.691s][info][gc,stats    ]     CWR: CLDG Roots                 138 us, workers (us): 138, ---, ---, ---, ---, ---, 
[2026-04-03T03:36:16.714+0600][55.691s][info][gc,stats    ]   Rendezvous                        206 us
[2026-04-03T03:36:16.714+0600][55.691s][info][gc,stats    ] Concurrent Cleanup                  226 us
[2026-04-03T03:36:16.715+0600][55.691s][info][gc,stats    ] Concurrent Class Unloading         6104 us
[2026-04-03T03:36:16.715+0600][55.691s][info][gc,stats    ]   Unlink Stale                     5635 us
[2026-04-03T03:36:16.715+0600][55.691s][info][gc,stats    ]     System Dictionary                82 us
[2026-04-03T03:36:16.715+0600][55.691s][info][gc,stats    ]     Weak Class Links                  0 us
[2026-04-03T03:36:16.715+0600][55.692s][info][gc,stats    ]     Code Roots                     5548 us
[2026-04-03T03:36:16.715+0600][55.692s][info][gc,stats    ]   Rendezvous                        345 us
[2026-04-03T03:36:16.715+0600][55.692s][info][gc,stats    ]   Purge Unlinked                     15 us
[2026-04-03T03:36:16.715+0600][55.692s][info][gc,stats    ]     Code Roots                        3 us
[2026-04-03T03:36:16.715+0600][55.692s][info][gc,stats    ]     CLDG                             11 us
[2026-04-03T03:36:16.715+0600][55.692s][info][gc,stats    ]     Exception Caches                  0 us
[2026-04-03T03:36:16.715+0600][55.692s][info][gc,stats    ] Concurrent Strong Roots             905 us, parallelism: 0.58x
[2026-04-03T03:36:16.715+0600][55.692s][info][gc,stats    ]   CSR: <total>                      521 us
[2026-04-03T03:36:16.715+0600][55.692s][info][gc,stats    ]   CSR: VM Strong Roots               36 us, workers (us):  32,   2,   2, ---, ---, ---, 
[2026-04-03T03:36:16.715+0600][55.692s][info][gc,stats    ]   CSR: CLDG Roots                   485 us, workers (us): 485, ---, ---, ---, ---, ---, 
[2026-04-03T03:36:16.715+0600][55.692s][info][gc,stats    ] Concurrent Evacuation             49615 us
[2026-04-03T03:36:16.715+0600][55.692s][info][gc,stats    ] Pause Init Update Refs (G)          522 us
[2026-04-03T03:36:16.715+0600][55.692s][info][gc,stats    ] Pause Init Update Refs (N)          168 us
[2026-04-03T03:36:16.715+0600][55.692s][info][gc,stats    ]   Manage GCLABs                      63 us
[2026-04-03T03:36:16.715+0600][55.692s][info][gc,stats    ] Concurrent Update Refs           248461 us
[2026-04-03T03:36:16.715+0600][55.692s][info][gc,stats    ] Concurrent Update Thread Roots     1401 us
[2026-04-03T03:36:16.715+0600][55.692s][info][gc,stats    ] Pause Final Update Refs (G)         536 us
[2026-04-03T03:36:16.715+0600][55.692s][info][gc,stats    ] Pause Final Update Refs (N)         260 us
[2026-04-03T03:36:16.715+0600][55.692s][info][gc,stats    ]   Update Region States               63 us
[2026-04-03T03:36:16.715+0600][55.692s][info][gc,stats    ]   Trash Collection Set               20 us
[2026-04-03T03:36:16.715+0600][55.692s][info][gc,stats    ]   Rebuild Free Set                   41 us
[2026-04-03T03:36:16.715+0600][55.692s][info][gc,stats    ] Concurrent Cleanup                  477 us
[2026-04-03T03:36:16.715+0600][55.692s][info][gc,stats    ] Pacing                           448166 us
[2026-04-03T03:36:16.715+0600][55.692s][info][gc,stats    ] 
[2026-04-03T03:36:16.715+0600][55.692s][info][gc,stats    ] Allocation pacing accrued:
[2026-04-03T03:36:16.715+0600][55.692s][info][gc,stats    ]      11 of   944 ms (  1.2%): driver-heartbeater
[2026-04-03T03:36:16.715+0600][55.692s][info][gc,stats    ]      23 of   944 ms (  2.4%): spark-listener-group-appStatus
[2026-04-03T03:36:16.715+0600][55.692s][info][gc,stats    ]      11 of   944 ms (  1.2%): spark-listener-group-executorManagement
[2026-04-03T03:36:16.715+0600][55.692s][info][gc,stats    ]      11 of   944 ms (  1.2%): spark-listener-group-shared
[2026-04-03T03:36:16.715+0600][55.692s][info][gc,stats    ]     132 of   944 ms ( 13.9%): Executor task launch worker for task 1.0 in stage 28.0 (TID 43)
[2026-04-03T03:36:16.715+0600][55.692s][info][gc,stats    ]     131 of   944 ms ( 13.9%): Executor task launch worker for task 0.0 in stage 28.0 (TID 42)
[2026-04-03T03:36:16.715+0600][55.692s][info][gc,stats    ]     129 of   944 ms ( 13.7%): Executor task launch worker for task 2.0 in stage 28.0 (TID 44)
[2026-04-03T03:36:16.715+0600][55.692s][info][gc,stats    ]     448 of   944 ms ( 47.5%): <total>
[2026-04-03T03:36:16.715+0600][55.692s][info][gc,stats    ]       2 of   944 ms (  0.2%): <average total>
[2026-04-03T03:36:16.715+0600][55.692s][info][gc,stats    ]      64 of   944 ms (  6.8%): <average non-zero>
[2026-04-03T03:36:16.715+0600][55.692s][info][gc,stats    ] 
[2026-04-03T03:36:16.715+0600][55.692s][info][gc,metaspace] Metaspace: 73136K(74048K)->73137K(74048K) NonClass: 63832K(64320K)->63833K(64320K) Class: 9303K(9728K)->9303K(9728K)
[2026-04-03T03:36:16.715+0600][55.692s][info][gc,ergo     ] Pacer for Idle. Initial: 35840K, Alloc Tax Rate: 1.0x
[2026-04-03T03:36:18.125+0600][57.102s][info][gc          ] Trigger: Average GC time (852.88 ms) is above the time for average allocation rate (521 MB/s) to deplete free headroom (443M) (margin of error = 1.96)
[2026-04-03T03:36:18.125+0600][57.102s][info][gc,ergo     ] Free headroom: 531M (free) - 89600K (spike) - 0B (penalties) = 443M
[2026-04-03T03:36:18.125+0600][57.102s][info][gc,ergo     ] Free: 530M, Max: 512K regular, 406M humongous, Frag: 24% external, 0% internal; Reserve: 89600K, Max: 512K
[2026-04-03T03:36:18.125+0600][57.102s][info][gc,start    ] GC(44) Concurrent reset
[2026-04-03T03:36:18.125+0600][57.102s][info][gc,task     ] GC(44) Using 3 of 6 workers for concurrent reset
[2026-04-03T03:36:18.125+0600][57.102s][info][gc,ergo     ] GC(44) Pacer for Reset. Non-Taxable: 1750M
[2026-04-03T03:36:18.128+0600][57.104s][info][gc          ] GC(44) Concurrent reset 2.569ms
[2026-04-03T03:36:18.128+0600][57.105s][info][gc,start    ] GC(44) Pause Init Mark (unload classes)
[2026-04-03T03:36:18.128+0600][57.105s][info][gc,task     ] GC(44) Using 6 of 6 workers for init marking
[2026-04-03T03:36:18.128+0600][57.105s][info][gc,ergo     ] GC(44) Pacer for Mark. Expected Live: 271M, Free: 527M, Non-Taxable: 53964K, Alloc Tax Rate: 0.6x
[2026-04-03T03:36:18.128+0600][57.105s][info][gc          ] GC(44) Pause Init Mark (unload classes) 0.212ms
[2026-04-03T03:36:18.128+0600][57.105s][info][gc,start    ] GC(44) Concurrent marking roots
[2026-04-03T03:36:18.128+0600][57.105s][info][gc,task     ] GC(44) Using 3 of 6 workers for concurrent marking roots
[2026-04-03T03:36:18.129+0600][57.106s][info][gc          ] GC(44) Concurrent marking roots 1.124ms
[2026-04-03T03:36:18.129+0600][57.106s][info][gc,start    ] GC(44) Concurrent marking (unload classes)
[2026-04-03T03:36:18.129+0600][57.106s][info][gc,task     ] GC(44) Using 3 of 6 workers for concurrent marking
[2026-04-03T03:36:18.404+0600][57.381s][info][gc          ] GC(44) Concurrent marking (unload classes) 274.066ms
[2026-04-03T03:36:18.404+0600][57.381s][info][gc,start    ] GC(44) Pause Final Mark (unload classes)
[2026-04-03T03:36:18.404+0600][57.381s][info][gc,task     ] GC(44) Using 6 of 6 workers for final marking
[2026-04-03T03:36:18.405+0600][57.382s][info][gc,ergo     ] GC(44) Adaptive CSet Selection. Target Free: 247M, Actual Free: 1319M, Max CSet: 74666K, Min Garbage: 0B
[2026-04-03T03:36:18.405+0600][57.382s][info][gc,ergo     ] GC(44) Collectable Garbage: 930M (99%), Immediate: 797M (85%), CSet: 132M (14%)
[2026-04-03T03:36:18.405+0600][57.382s][info][gc,ergo     ] GC(44) Pacer for Evacuation. Used CSet: 157M, Free: 1248M, Non-Taxable: 124M, Alloc Tax Rate: 1.1x
[2026-04-03T03:36:18.405+0600][57.382s][info][gc          ] GC(44) Pause Final Mark (unload classes) 0.956ms
[2026-04-03T03:36:18.405+0600][57.382s][info][gc,start    ] GC(44) Concurrent thread roots
[2026-04-03T03:36:18.405+0600][57.382s][info][gc,task     ] GC(44) Using 3 of 6 workers for Concurrent thread roots
[2026-04-03T03:36:18.406+0600][57.383s][info][gc          ] GC(44) Concurrent thread roots 1.155ms
[2026-04-03T03:36:18.406+0600][57.383s][info][gc,start    ] GC(44) Concurrent weak references
[2026-04-03T03:36:18.406+0600][57.383s][info][gc,task     ] GC(44) Using 3 of 6 workers for concurrent weak references
[2026-04-03T03:36:18.407+0600][57.384s][info][gc,ref      ] GC(44) Encountered references: Soft: 3288, Weak: 6679, Final: 84, Phantom: 600
[2026-04-03T03:36:18.407+0600][57.384s][info][gc,ref      ] GC(44) Discovered  references: Soft: 0, Weak: 563, Final: 0, Phantom: 597
[2026-04-03T03:36:18.407+0600][57.384s][info][gc,ref      ] GC(44) Enqueued    references: Soft: 0, Weak: 5, Final: 0, Phantom: 0
[2026-04-03T03:36:18.407+0600][57.384s][info][gc          ] GC(44) Concurrent weak references 0.441ms
[2026-04-03T03:36:18.407+0600][57.384s][info][gc,start    ] GC(44) Concurrent weak roots
[2026-04-03T03:36:18.407+0600][57.384s][info][gc,task     ] GC(44) Using 3 of 6 workers for concurrent weak root
[2026-04-03T03:36:18.410+0600][57.387s][info][gc          ] GC(44) Concurrent weak roots 3.589ms
[2026-04-03T03:36:18.410+0600][57.387s][info][gc,start    ] GC(44) Concurrent cleanup
[2026-04-03T03:36:18.411+0600][57.388s][info][gc          ] GC(44) Concurrent cleanup 1208M->411M(1265M) 0.831ms
[2026-04-03T03:36:18.411+0600][57.388s][info][gc,ergo     ] GC(44) Free: 1244M, Max: 512K regular, 360M humongous, Frag: 72% external, 0% internal; Reserve: 89168K, Max: 512K
[2026-04-03T03:36:18.411+0600][57.388s][info][gc,start    ] GC(44) Concurrent class unloading
[2026-04-03T03:36:18.411+0600][57.388s][info][gc,task     ] GC(44) Using 3 of 6 workers for concurrent class unloading
[2026-04-03T03:36:18.420+0600][57.397s][info][gc          ] GC(44) Concurrent class unloading 8.679ms
[2026-04-03T03:36:18.420+0600][57.397s][info][gc,start    ] GC(44) Concurrent strong roots
[2026-04-03T03:36:18.420+0600][57.397s][info][gc,task     ] GC(44) Using 3 of 6 workers for concurrent strong root
[2026-04-03T03:36:18.421+0600][57.398s][info][gc          ] GC(44) Concurrent strong roots 1.227ms
[2026-04-03T03:36:18.422+0600][57.398s][info][gc,start    ] GC(44) Concurrent evacuation
[2026-04-03T03:36:18.422+0600][57.398s][info][gc,task     ] GC(44) Using 3 of 6 workers for concurrent evacuation
[2026-04-03T03:36:18.448+0600][57.425s][info][gc          ] GC(44) Concurrent evacuation 26.313ms
[2026-04-03T03:36:18.448+0600][57.425s][info][gc,start    ] GC(44) Pause Init Update Refs
[2026-04-03T03:36:18.448+0600][57.425s][info][gc,ergo     ] GC(44) Pacer for Update Refs. Used: 451M, Free: 1228M, Non-Taxable: 122M, Alloc Tax Rate: 1.1x
[2026-04-03T03:36:18.448+0600][57.425s][info][gc          ] GC(44) Pause Init Update Refs 0.147ms
[2026-04-03T03:36:18.449+0600][57.426s][info][gc,start    ] GC(44) Concurrent update references
[2026-04-03T03:36:18.449+0600][57.426s][info][gc,task     ] GC(44) Using 3 of 6 workers for concurrent reference update
[2026-04-03T03:36:18.622+0600][57.599s][info][gc          ] GC(44) Concurrent update references 173.642ms
[2026-04-03T03:36:18.622+0600][57.599s][info][gc,start    ] GC(44) Concurrent update thread roots
[2026-04-03T03:36:18.623+0600][57.600s][info][gc          ] GC(44) Concurrent update thread roots 1.137ms
[2026-04-03T03:36:18.624+0600][57.601s][info][gc,start    ] GC(44) Pause Final Update Refs
[2026-04-03T03:36:18.624+0600][57.601s][info][gc,task     ] GC(44) Using 6 of 6 workers for final reference update
[2026-04-03T03:36:18.624+0600][57.601s][info][gc          ] GC(44) Pause Final Update Refs 0.264ms
[2026-04-03T03:36:18.624+0600][57.601s][info][gc,start    ] GC(44) Concurrent cleanup
[2026-04-03T03:36:18.625+0600][57.602s][info][gc          ] GC(44) Concurrent cleanup 496M->338M(1265M) 0.298ms
[2026-04-03T03:36:18.625+0600][57.602s][info][gc,ergo     ] Free: 1313M, Max: 512K regular, 360M humongous, Frag: 73% external, 0% internal; Reserve: 89600K, Max: 512K
[2026-04-03T03:36:18.625+0600][57.602s][info][gc,stats    ] 
[2026-04-03T03:36:18.625+0600][57.602s][info][gc,stats    ] All times are wall-clock times, except per-root-class counters, that are sum over
[2026-04-03T03:36:18.625+0600][57.602s][info][gc,stats    ] all workers. Dividing the <total> over the root stage time estimates parallelism.
[2026-04-03T03:36:18.625+0600][57.602s][info][gc,stats    ] 
[2026-04-03T03:36:18.625+0600][57.602s][info][gc,stats    ] Concurrent Reset                   2669 us
[2026-04-03T03:36:18.625+0600][57.602s][info][gc,stats    ] Pause Init Mark (G)                 651 us
[2026-04-03T03:36:18.625+0600][57.602s][info][gc,stats    ] Pause Init Mark (N)                 222 us
[2026-04-03T03:36:18.625+0600][57.602s][info][gc,stats    ]   Update Region States               52 us
[2026-04-03T03:36:18.625+0600][57.602s][info][gc,stats    ] Concurrent Mark Roots              1176 us, parallelism: 1.66x
[2026-04-03T03:36:18.625+0600][57.602s][info][gc,stats    ]   CMR: <total>                     1956 us
[2026-04-03T03:36:18.625+0600][57.602s][info][gc,stats    ]   CMR: Thread Roots                1681 us, workers (us): 661, 423, 596, ---, ---, ---, 
[2026-04-03T03:36:18.625+0600][57.602s][info][gc,stats    ]   CMR: VM Strong Roots               50 us, workers (us):  31,  18,   1, ---, ---, ---, 
[2026-04-03T03:36:18.625+0600][57.602s][info][gc,stats    ]   CMR: CLDG Roots                   225 us, workers (us): ---, 225, ---, ---, ---, ---, 
[2026-04-03T03:36:18.625+0600][57.602s][info][gc,stats    ] Concurrent Marking               274204 us
[2026-04-03T03:36:18.625+0600][57.602s][info][gc,stats    ] Pause Final Mark (G)               1398 us
[2026-04-03T03:36:18.625+0600][57.602s][info][gc,stats    ] Pause Final Mark (N)                971 us
[2026-04-03T03:36:18.625+0600][57.602s][info][gc,stats    ]   Finish Mark                       279 us
[2026-04-03T03:36:18.625+0600][57.602s][info][gc,stats    ]   Update Region States               75 us
[2026-04-03T03:36:18.625+0600][57.602s][info][gc,stats    ]   Choose Collection Set             300 us
[2026-04-03T03:36:18.625+0600][57.602s][info][gc,stats    ]   Rebuild Free Set                   53 us
[2026-04-03T03:36:18.625+0600][57.602s][info][gc,stats    ] Concurrent Thread Roots            1214 us, parallelism: 2.17x
[2026-04-03T03:36:18.625+0600][57.602s][info][gc,stats    ]   CTR: <total>                     2631 us
[2026-04-03T03:36:18.625+0600][57.602s][info][gc,stats    ]   CTR: Thread Roots                2631 us, workers (us): 907, 880, 844, ---, ---, ---, 
[2026-04-03T03:36:18.625+0600][57.602s][info][gc,stats    ] Concurrent Weak References          460 us, parallelism: 0.67x
[2026-04-03T03:36:18.625+0600][57.602s][info][gc,stats    ]   CWRF: <total>                     310 us
[2026-04-03T03:36:18.625+0600][57.602s][info][gc,stats    ]   CWRF: Weak References             310 us, workers (us):  96, 118,  95, ---, ---, ---, 
[2026-04-03T03:36:18.625+0600][57.602s][info][gc,stats    ] Concurrent Weak Roots              3722 us
[2026-04-03T03:36:18.625+0600][57.602s][info][gc,stats    ]   Roots                            3292 us, parallelism: 2.65x
[2026-04-03T03:36:18.625+0600][57.602s][info][gc,stats    ]     CWR: <total>                   8733 us
[2026-04-03T03:36:18.625+0600][57.602s][info][gc,stats    ]     CWR: Code Cache Roots          4895 us, workers (us): 1660, 1690, 1545, ---, ---, ---, 
[2026-04-03T03:36:18.625+0600][57.602s][info][gc,stats    ]     CWR: VM Weak Roots             3712 us, workers (us): 1251, 1242, 1219, ---, ---, ---, 
[2026-04-03T03:36:18.625+0600][57.602s][info][gc,stats    ]     CWR: CLDG Roots                 126 us, workers (us): ---, ---, 126, ---, ---, ---, 
[2026-04-03T03:36:18.625+0600][57.602s][info][gc,stats    ]   Rendezvous                        257 us
[2026-04-03T03:36:18.625+0600][57.602s][info][gc,stats    ] Concurrent Cleanup                  887 us
[2026-04-03T03:36:18.625+0600][57.602s][info][gc,stats    ] Concurrent Class Unloading         8777 us
[2026-04-03T03:36:18.625+0600][57.602s][info][gc,stats    ]   Unlink Stale                     8086 us
[2026-04-03T03:36:18.625+0600][57.602s][info][gc,stats    ]     System Dictionary               187 us
[2026-04-03T03:36:18.625+0600][57.602s][info][gc,stats    ]     Weak Class Links                  1 us
[2026-04-03T03:36:18.625+0600][57.602s][info][gc,stats    ]     Code Roots                     7894 us
[2026-04-03T03:36:18.625+0600][57.602s][info][gc,stats    ]   Rendezvous                        306 us
[2026-04-03T03:36:18.625+0600][57.602s][info][gc,stats    ]   Purge Unlinked                    242 us
[2026-04-03T03:36:18.625+0600][57.602s][info][gc,stats    ]     Code Roots                      231 us
[2026-04-03T03:36:18.625+0600][57.602s][info][gc,stats    ]     CLDG                             10 us
[2026-04-03T03:36:18.625+0600][57.602s][info][gc,stats    ]     Exception Caches                  0 us
[2026-04-03T03:36:18.625+0600][57.602s][info][gc,stats    ] Concurrent Strong Roots            1284 us, parallelism: 0.67x
[2026-04-03T03:36:18.625+0600][57.602s][info][gc,stats    ]   CSR: <total>                      862 us
[2026-04-03T03:36:18.625+0600][57.602s][info][gc,stats    ]   CSR: VM Strong Roots               64 us, workers (us):  61,   2,   1, ---, ---, ---, 
[2026-04-03T03:36:18.625+0600][57.602s][info][gc,stats    ]   CSR: CLDG Roots                   799 us, workers (us): 799, ---, ---, ---, ---, ---, 
[2026-04-03T03:36:18.625+0600][57.602s][info][gc,stats    ] Concurrent Evacuation             26445 us
[2026-04-03T03:36:18.625+0600][57.602s][info][gc,stats    ] Pause Init Update Refs (G)          579 us
[2026-04-03T03:36:18.625+0600][57.602s][info][gc,stats    ] Pause Init Update Refs (N)          160 us
[2026-04-03T03:36:18.625+0600][57.602s][info][gc,stats    ]   Manage GCLABs                      42 us
[2026-04-03T03:36:18.625+0600][57.602s][info][gc,stats    ] Concurrent Update Refs           173741 us
[2026-04-03T03:36:18.625+0600][57.602s][info][gc,stats    ] Concurrent Update Thread Roots     1246 us
[2026-04-03T03:36:18.625+0600][57.602s][info][gc,stats    ] Pause Final Update Refs (G)         701 us
[2026-04-03T03:36:18.625+0600][57.602s][info][gc,stats    ] Pause Final Update Refs (N)         280 us
[2026-04-03T03:36:18.625+0600][57.602s][info][gc,stats    ]   Update Region States               72 us
[2026-04-03T03:36:18.625+0600][57.602s][info][gc,stats    ]   Trash Collection Set               12 us
[2026-04-03T03:36:18.625+0600][57.602s][info][gc,stats    ]   Rebuild Free Set                   45 us
[2026-04-03T03:36:18.625+0600][57.602s][info][gc,stats    ] Concurrent Cleanup                  325 us
[2026-04-03T03:36:18.625+0600][57.602s][info][gc,stats    ] Pacing                           164779 us
[2026-04-03T03:36:18.625+0600][57.602s][info][gc,stats    ] 
[2026-04-03T03:36:18.625+0600][57.602s][info][gc,stats    ] Allocation pacing accrued:
[2026-04-03T03:36:18.625+0600][57.602s][info][gc,stats    ]      55 of  1911 ms (  2.9%): Executor task launch worker for task 1.0 in stage 33.0 (TID 49)
[2026-04-03T03:36:18.625+0600][57.602s][info][gc,stats    ]      55 of  1911 ms (  2.9%): Executor task launch worker for task 2.0 in stage 33.0 (TID 50)
[2026-04-03T03:36:18.625+0600][57.602s][info][gc,stats    ]      55 of  1911 ms (  2.9%): Executor task launch worker for task 0.0 in stage 33.0 (TID 48)
[2026-04-03T03:36:18.625+0600][57.602s][info][gc,stats    ]     165 of  1911 ms (  8.6%): <total>
[2026-04-03T03:36:18.625+0600][57.602s][info][gc,stats    ]       1 of  1911 ms (  0.0%): <average total>
[2026-04-03T03:36:18.625+0600][57.602s][info][gc,stats    ]      55 of  1911 ms (  2.9%): <average non-zero>
[2026-04-03T03:36:18.626+0600][57.602s][info][gc,stats    ] 
[2026-04-03T03:36:18.626+0600][57.602s][info][gc,metaspace] Metaspace: 73185K(74048K)->73287K(74112K) NonClass: 63880K(64320K)->63974K(64384K) Class: 9305K(9728K)->9313K(9728K)
[2026-04-03T03:36:18.626+0600][57.603s][info][gc,ergo     ] Pacer for Idle. Initial: 35840K, Alloc Tax Rate: 1.0x
[2026-04-03T03:36:19.632+0600][58.609s][info][gc          ] Trigger: Average GC time (811.34 ms) is above the time for average allocation rate (876 MB/s) to deplete free headroom (621M) (margin of error = 1.94)
[2026-04-03T03:36:19.632+0600][58.609s][info][gc,ergo     ] Free headroom: 709M (free) - 89600K (spike) - 0B (penalties) = 621M
[2026-04-03T03:36:19.632+0600][58.609s][info][gc,ergo     ] Free: 709M, Max: 512K regular, 360M humongous, Frag: 50% external, 0% internal; Reserve: 89600K, Max: 512K
[2026-04-03T03:36:19.632+0600][58.609s][info][gc,start    ] GC(45) Concurrent reset
[2026-04-03T03:36:19.632+0600][58.609s][info][gc,task     ] GC(45) Using 3 of 6 workers for concurrent reset
[2026-04-03T03:36:19.632+0600][58.609s][info][gc,ergo     ] GC(45) Pacer for Reset. Non-Taxable: 1750M
[2026-04-03T03:36:19.633+0600][58.610s][info][gc          ] GC(45) Concurrent reset 1.123ms
[2026-04-03T03:36:19.633+0600][58.610s][info][gc,start    ] GC(45) Pause Init Mark (unload classes)
[2026-04-03T03:36:19.633+0600][58.610s][info][gc,task     ] GC(45) Using 6 of 6 workers for init marking
[2026-04-03T03:36:19.633+0600][58.610s][info][gc,ergo     ] GC(45) Pacer for Mark. Expected Live: 249M, Free: 708M, Non-Taxable: 72499K, Alloc Tax Rate: 0.4x
[2026-04-03T03:36:19.633+0600][58.610s][info][gc          ] GC(45) Pause Init Mark (unload classes) 0.164ms
[2026-04-03T03:36:19.634+0600][58.610s][info][gc,start    ] GC(45) Concurrent marking roots
[2026-04-03T03:36:19.634+0600][58.611s][info][gc,task     ] GC(45) Using 3 of 6 workers for concurrent marking roots
[2026-04-03T03:36:19.634+0600][58.611s][info][gc          ] GC(45) Concurrent marking roots 0.886ms
[2026-04-03T03:36:19.634+0600][58.611s][info][gc,start    ] GC(45) Concurrent marking (unload classes)
[2026-04-03T03:36:19.634+0600][58.611s][info][gc,task     ] GC(45) Using 3 of 6 workers for concurrent marking
[2026-04-03T03:36:19.820+0600][58.797s][info][gc          ] GC(45) Concurrent marking (unload classes) 185.664ms
[2026-04-03T03:36:19.820+0600][58.797s][info][gc,start    ] GC(45) Pause Final Mark (unload classes)
[2026-04-03T03:36:19.844+0600][58.821s][info][gc,task     ] GC(45) Using 6 of 6 workers for final marking
[2026-04-03T03:36:19.844+0600][58.821s][info][gc,ergo     ] GC(45) Adaptive CSet Selection. Target Free: 247M, Actual Free: 1317M, Max CSet: 74666K, Min Garbage: 0B
[2026-04-03T03:36:19.845+0600][58.822s][info][gc,ergo     ] GC(45) Collectable Garbage: 766M (99%), Immediate: 624M (80%), CSet: 142M (18%)
[2026-04-03T03:36:19.845+0600][58.822s][info][gc,ergo     ] GC(45) Pacer for Evacuation. Used CSet: 154M, Free: 1250M, Non-Taxable: 125M, Alloc Tax Rate: 1.1x
[2026-04-03T03:36:19.845+0600][58.822s][info][gc          ] GC(45) Pause Final Mark (unload classes) 24.446ms
[2026-04-03T03:36:19.845+0600][58.822s][info][gc,start    ] GC(45) Concurrent thread roots
[2026-04-03T03:36:19.845+0600][58.822s][info][gc,task     ] GC(45) Using 3 of 6 workers for Concurrent thread roots
[2026-04-03T03:36:19.846+0600][58.823s][info][gc          ] GC(45) Concurrent thread roots 1.228ms
[2026-04-03T03:36:19.846+0600][58.823s][info][gc,start    ] GC(45) Concurrent weak references
[2026-04-03T03:36:19.846+0600][58.823s][info][gc,task     ] GC(45) Using 3 of 6 workers for concurrent weak references
[2026-04-03T03:36:19.847+0600][58.824s][info][gc,ref      ] GC(45) Encountered references: Soft: 3341, Weak: 6975, Final: 84, Phantom: 603
[2026-04-03T03:36:19.848+0600][58.825s][info][gc,ref      ] GC(45) Discovered  references: Soft: 0, Weak: 4556, Final: 50, Phantom: 366
[2026-04-03T03:36:19.848+0600][58.825s][info][gc,ref      ] GC(45) Enqueued    references: Soft: 0, Weak: 453, Final: 0, Phantom: 0
[2026-04-03T03:36:19.848+0600][58.825s][info][gc          ] GC(45) Concurrent weak references 1.176ms
[2026-04-03T03:36:19.848+0600][58.825s][info][gc,start    ] GC(45) Concurrent weak roots
[2026-04-03T03:36:19.848+0600][58.825s][info][gc,task     ] GC(45) Using 3 of 6 workers for concurrent weak root
[2026-04-03T03:36:19.851+0600][58.828s][info][gc          ] GC(45) Concurrent weak roots 2.978ms
[2026-04-03T03:36:19.851+0600][58.828s][info][gc,start    ] GC(45) Concurrent cleanup
[2026-04-03T03:36:19.851+0600][58.828s][info][gc          ] GC(45) Concurrent cleanup 1035M->410M(1265M) 0.789ms
[2026-04-03T03:36:19.851+0600][58.828s][info][gc,ergo     ] GC(45) Free: 1246M, Max: 512K regular, 360M humongous, Frag: 72% external, 0% internal; Reserve: 89083K, Max: 512K
[2026-04-03T03:36:19.851+0600][58.828s][info][gc,start    ] GC(45) Concurrent class unloading
[2026-04-03T03:36:19.851+0600][58.828s][info][gc,task     ] GC(45) Using 3 of 6 workers for concurrent class unloading
[2026-04-03T03:36:19.872+0600][58.849s][info][gc          ] GC(45) Concurrent class unloading 20.773ms
[2026-04-03T03:36:19.872+0600][58.849s][info][gc,start    ] GC(45) Concurrent strong roots
[2026-04-03T03:36:19.872+0600][58.849s][info][gc,task     ] GC(45) Using 3 of 6 workers for concurrent strong root
[2026-04-03T03:36:19.873+0600][58.850s][info][gc          ] GC(45) Concurrent strong roots 0.891ms
[2026-04-03T03:36:19.873+0600][58.850s][info][gc,start    ] GC(45) Concurrent evacuation
[2026-04-03T03:36:19.873+0600][58.850s][info][gc,task     ] GC(45) Using 3 of 6 workers for concurrent evacuation
[2026-04-03T03:36:19.886+0600][58.862s][info][gc          ] GC(45) Concurrent evacuation 12.212ms
[2026-04-03T03:36:19.886+0600][58.863s][info][gc,start    ] GC(45) Pause Init Update Refs
[2026-04-03T03:36:19.886+0600][58.863s][info][gc,ergo     ] GC(45) Pacer for Update Refs. Used: 448M, Free: 1222M, Non-Taxable: 122M, Alloc Tax Rate: 1.1x
[2026-04-03T03:36:19.886+0600][58.863s][info][gc          ] GC(45) Pause Init Update Refs 0.128ms
[2026-04-03T03:36:19.886+0600][58.863s][info][gc,start    ] GC(45) Concurrent update references
[2026-04-03T03:36:19.886+0600][58.863s][info][gc,task     ] GC(45) Using 3 of 6 workers for concurrent reference update
[2026-04-03T03:36:19.991+0600][58.968s][info][gc          ] GC(45) Concurrent update references 104.968ms
[2026-04-03T03:36:19.991+0600][58.968s][info][gc,start    ] GC(45) Concurrent update thread roots
[2026-04-03T03:36:19.992+0600][58.969s][info][gc          ] GC(45) Concurrent update thread roots 1.054ms
[2026-04-03T03:36:19.992+0600][58.969s][info][gc,start    ] GC(45) Pause Final Update Refs
[2026-04-03T03:36:19.992+0600][58.969s][info][gc,task     ] GC(45) Using 6 of 6 workers for final reference update
[2026-04-03T03:36:19.993+0600][58.970s][info][gc          ] GC(45) Pause Final Update Refs 0.278ms
[2026-04-03T03:36:19.993+0600][58.970s][info][gc,start    ] GC(45) Concurrent cleanup
[2026-04-03T03:36:19.994+0600][58.971s][info][gc          ] GC(45) Concurrent cleanup 523M->369M(1265M) 0.707ms
[2026-04-03T03:36:19.994+0600][58.971s][info][gc,ergo     ] Free: 1287M, Max: 512K regular, 473M humongous, Frag: 64% external, 0% internal; Reserve: 89600K, Max: 512K
[2026-04-03T03:36:19.994+0600][58.971s][info][gc,stats    ] 
[2026-04-03T03:36:19.994+0600][58.971s][info][gc,stats    ] All times are wall-clock times, except per-root-class counters, that are sum over
[2026-04-03T03:36:19.994+0600][58.971s][info][gc,stats    ] all workers. Dividing the <total> over the root stage time estimates parallelism.
[2026-04-03T03:36:19.994+0600][58.971s][info][gc,stats    ] 
[2026-04-03T03:36:19.994+0600][58.971s][info][gc,stats    ] Concurrent Reset                   1179 us
[2026-04-03T03:36:19.994+0600][58.971s][info][gc,stats    ] Pause Init Mark (G)                 450 us
[2026-04-03T03:36:19.994+0600][58.971s][info][gc,stats    ] Pause Init Mark (N)                 177 us
[2026-04-03T03:36:19.994+0600][58.971s][info][gc,stats    ]   Update Region States               31 us
[2026-04-03T03:36:19.994+0600][58.971s][info][gc,stats    ] Concurrent Mark Roots               929 us, parallelism: 1.72x
[2026-04-03T03:36:19.994+0600][58.971s][info][gc,stats    ]   CMR: <total>                     1602 us
[2026-04-03T03:36:19.994+0600][58.971s][info][gc,stats    ]   CMR: Thread Roots                1266 us, workers (us): 485, 265, 516, ---, ---, ---, 
[2026-04-03T03:36:19.994+0600][58.971s][info][gc,stats    ]   CMR: VM Strong Roots               76 us, workers (us):  62,  14,   1, ---, ---, ---, 
[2026-04-03T03:36:19.994+0600][58.971s][info][gc,stats    ]   CMR: CLDG Roots                   259 us, workers (us): ---, 259, ---, ---, ---, ---, 
[2026-04-03T03:36:19.994+0600][58.971s][info][gc,stats    ] Concurrent Marking               185757 us
[2026-04-03T03:36:19.994+0600][58.971s][info][gc,stats    ] Pause Final Mark (G)              24878 us
[2026-04-03T03:36:19.994+0600][58.971s][info][gc,stats    ] Pause Final Mark (N)              24471 us
[2026-04-03T03:36:19.994+0600][58.971s][info][gc,stats    ]   Finish Mark                       377 us
[2026-04-03T03:36:19.994+0600][58.971s][info][gc,stats    ]   Update Region States               94 us
[2026-04-03T03:36:19.994+0600][58.971s][info][gc,stats    ]   Choose Collection Set             432 us
[2026-04-03T03:36:19.994+0600][58.971s][info][gc,stats    ]   Rebuild Free Set                   58 us
[2026-04-03T03:36:19.994+0600][58.971s][info][gc,stats    ] Concurrent Thread Roots            1300 us, parallelism: 2.12x
[2026-04-03T03:36:19.994+0600][58.971s][info][gc,stats    ]   CTR: <total>                     2753 us
[2026-04-03T03:36:19.994+0600][58.971s][info][gc,stats    ]   CTR: Thread Roots                2753 us, workers (us): 912, 915, 927, ---, ---, ---, 
[2026-04-03T03:36:19.994+0600][58.971s][info][gc,stats    ] Concurrent Weak References         1191 us, parallelism: 0.95x
[2026-04-03T03:36:19.994+0600][58.971s][info][gc,stats    ]   CWRF: <total>                    1135 us
[2026-04-03T03:36:19.994+0600][58.971s][info][gc,stats    ]   CWRF: Weak References            1135 us, workers (us): 904,   2, 230, ---, ---, ---, 
[2026-04-03T03:36:19.994+0600][58.971s][info][gc,stats    ] Concurrent Weak Roots              3022 us
[2026-04-03T03:36:19.994+0600][58.971s][info][gc,stats    ]   Roots                            2771 us, parallelism: 2.59x
[2026-04-03T03:36:19.994+0600][58.971s][info][gc,stats    ]     CWR: <total>                   7174 us
[2026-04-03T03:36:19.994+0600][58.971s][info][gc,stats    ]     CWR: Code Cache Roots          4533 us, workers (us): 1593, 1534, 1406, ---, ---, ---, 
[2026-04-03T03:36:19.994+0600][58.971s][info][gc,stats    ]     CWR: VM Weak Roots             2515 us, workers (us): 874, 861, 779, ---, ---, ---, 
[2026-04-03T03:36:19.994+0600][58.971s][info][gc,stats    ]     CWR: CLDG Roots                 127 us, workers (us): ---, ---, 127, ---, ---, ---, 
[2026-04-03T03:36:19.994+0600][58.971s][info][gc,stats    ]   Rendezvous                        176 us
[2026-04-03T03:36:19.994+0600][58.971s][info][gc,stats    ] Concurrent Cleanup                  808 us
[2026-04-03T03:36:19.994+0600][58.971s][info][gc,stats    ] Concurrent Class Unloading        20857 us
[2026-04-03T03:36:19.994+0600][58.971s][info][gc,stats    ]   Unlink Stale                    20068 us
[2026-04-03T03:36:19.994+0600][58.971s][info][gc,stats    ]     System Dictionary               241 us
[2026-04-03T03:36:19.994+0600][58.971s][info][gc,stats    ]     Weak Class Links              11891 us
[2026-04-03T03:36:19.994+0600][58.971s][info][gc,stats    ]     Code Roots                     7932 us
[2026-04-03T03:36:19.994+0600][58.971s][info][gc,stats    ]   Rendezvous                        263 us
[2026-04-03T03:36:19.994+0600][58.971s][info][gc,stats    ]   Purge Unlinked                    418 us
[2026-04-03T03:36:19.994+0600][58.971s][info][gc,stats    ]     Code Roots                      377 us
[2026-04-03T03:36:19.994+0600][58.971s][info][gc,stats    ]     CLDG                             41 us
[2026-04-03T03:36:19.994+0600][58.971s][info][gc,stats    ]     Exception Caches                  0 us
[2026-04-03T03:36:19.994+0600][58.971s][info][gc,stats    ] Concurrent Strong Roots             956 us, parallelism: 0.63x
[2026-04-03T03:36:19.994+0600][58.971s][info][gc,stats    ]   CSR: <total>                      603 us
[2026-04-03T03:36:19.994+0600][58.971s][info][gc,stats    ]   CSR: VM Strong Roots               57 us, workers (us):  21,  19,  18, ---, ---, ---, 
[2026-04-03T03:36:19.994+0600][58.971s][info][gc,stats    ]   CSR: CLDG Roots                   546 us, workers (us): ---, ---, 546, ---, ---, ---, 
[2026-04-03T03:36:19.994+0600][58.971s][info][gc,stats    ] Concurrent Evacuation             12306 us
[2026-04-03T03:36:19.994+0600][58.971s][info][gc,stats    ] Pause Init Update Refs (G)          514 us
[2026-04-03T03:36:19.994+0600][58.971s][info][gc,stats    ] Pause Init Update Refs (N)          141 us
[2026-04-03T03:36:19.994+0600][58.971s][info][gc,stats    ]   Manage GCLABs                      31 us
[2026-04-03T03:36:19.994+0600][58.971s][info][gc,stats    ] Concurrent Update Refs           105082 us
[2026-04-03T03:36:19.994+0600][58.971s][info][gc,stats    ] Concurrent Update Thread Roots     1086 us
[2026-04-03T03:36:19.994+0600][58.971s][info][gc,stats    ] Pause Final Update Refs (G)         545 us
[2026-04-03T03:36:19.994+0600][58.971s][info][gc,stats    ] Pause Final Update Refs (N)         298 us
[2026-04-03T03:36:19.994+0600][58.971s][info][gc,stats    ]   Update Region States               88 us
[2026-04-03T03:36:19.994+0600][58.971s][info][gc,stats    ]   Trash Collection Set               11 us
[2026-04-03T03:36:19.994+0600][58.971s][info][gc,stats    ]   Rebuild Free Set                   42 us
[2026-04-03T03:36:19.994+0600][58.971s][info][gc,stats    ] Concurrent Cleanup                  735 us
[2026-04-03T03:36:19.994+0600][58.971s][info][gc,stats    ] Pacing                           331417 us
[2026-04-03T03:36:19.994+0600][58.971s][info][gc,stats    ] 
[2026-04-03T03:36:19.994+0600][58.971s][info][gc,stats    ] Allocation pacing accrued:
[2026-04-03T03:36:19.994+0600][58.971s][info][gc,stats    ]      11 of  1369 ms (  0.8%): executor-kill-mark-cleanup
[2026-04-03T03:36:19.994+0600][58.971s][info][gc,stats    ]      11 of  1369 ms (  0.8%): Spark Context Cleaner
[2026-04-03T03:36:19.994+0600][58.971s][info][gc,stats    ]     109 of  1369 ms (  7.9%): Executor task launch worker for task 1.0 in stage 38.0 (TID 55)
[2026-04-03T03:36:19.995+0600][58.971s][info][gc,stats    ]      90 of  1369 ms (  6.6%): Executor task launch worker for task 2.0 in stage 38.0 (TID 56)
[2026-04-03T03:36:19.995+0600][58.971s][info][gc,stats    ]     110 of  1369 ms (  8.1%): Executor task launch worker for task 0.0 in stage 38.0 (TID 54)
[2026-04-03T03:36:19.995+0600][58.971s][info][gc,stats    ]     331 of  1369 ms ( 24.2%): <total>
[2026-04-03T03:36:19.995+0600][58.972s][info][gc,stats    ]       2 of  1369 ms (  0.1%): <average total>
[2026-04-03T03:36:19.995+0600][58.972s][info][gc,stats    ]      66 of  1369 ms (  4.8%): <average non-zero>
[2026-04-03T03:36:19.995+0600][58.972s][info][gc,stats    ] 
[2026-04-03T03:36:19.995+0600][58.972s][info][gc,metaspace] Metaspace: 73351K(74176K)->73362K(74240K) NonClass: 64035K(64448K)->64048K(64512K) Class: 9316K(9728K)->9314K(9728K)
[2026-04-03T03:36:19.995+0600][58.972s][info][gc,ergo     ] Pacer for Idle. Initial: 35840K, Alloc Tax Rate: 1.0x
[2026-04-03T03:36:20.800+0600][59.777s][info][gc          ] Trigger: Average GC time (750.00 ms) is above the time for average allocation rate (1004 MB/s) to deplete free headroom (655M) (margin of error = 1.94)
[2026-04-03T03:36:20.800+0600][59.777s][info][gc,ergo     ] Free headroom: 743M (free) - 89600K (spike) - 0B (penalties) = 655M
[2026-04-03T03:36:20.800+0600][59.777s][info][gc,ergo     ] Free: 743M, Max: 512K regular, 473M humongous, Frag: 37% external, 0% internal; Reserve: 89600K, Max: 512K
[2026-04-03T03:36:20.801+0600][59.777s][info][gc,start    ] GC(46) Concurrent reset
[2026-04-03T03:36:20.801+0600][59.777s][info][gc,task     ] GC(46) Using 3 of 6 workers for concurrent reset
[2026-04-03T03:36:20.801+0600][59.777s][info][gc,ergo     ] GC(46) Pacer for Reset. Non-Taxable: 1750M
[2026-04-03T03:36:20.802+0600][59.779s][info][gc          ] GC(46) Concurrent reset 1.155ms
[2026-04-03T03:36:20.802+0600][59.779s][info][gc,start    ] GC(46) Pause Init Mark (unload classes)
[2026-04-03T03:36:20.802+0600][59.779s][info][gc,task     ] GC(46) Using 6 of 6 workers for init marking
[2026-04-03T03:36:20.802+0600][59.779s][info][gc,ergo     ] GC(46) Pacer for Mark. Expected Live: 217M, Free: 742M, Non-Taxable: 76006K, Alloc Tax Rate: 0.4x
[2026-04-03T03:36:20.802+0600][59.779s][info][gc          ] GC(46) Pause Init Mark (unload classes) 0.111ms
[2026-04-03T03:36:20.802+0600][59.779s][info][gc,start    ] GC(46) Concurrent marking roots
[2026-04-03T03:36:20.802+0600][59.779s][info][gc,task     ] GC(46) Using 3 of 6 workers for concurrent marking roots
[2026-04-03T03:36:20.804+0600][59.781s][info][gc          ] GC(46) Concurrent marking roots 1.518ms
[2026-04-03T03:36:20.804+0600][59.781s][info][gc,start    ] GC(46) Concurrent marking (unload classes)
[2026-04-03T03:36:20.804+0600][59.781s][info][gc,task     ] GC(46) Using 3 of 6 workers for concurrent marking
[2026-04-03T03:36:21.053+0600][60.030s][info][gc          ] GC(46) Concurrent marking (unload classes) 249.611ms
[2026-04-03T03:36:21.054+0600][60.031s][info][gc,start    ] GC(46) Pause Final Mark (unload classes)
[2026-04-03T03:36:21.054+0600][60.031s][info][gc,task     ] GC(46) Using 6 of 6 workers for final marking
[2026-04-03T03:36:21.054+0600][60.031s][info][gc,ergo     ] GC(46) Adaptive CSet Selection. Target Free: 247M, Actual Free: 1101M, Max CSet: 74666K, Min Garbage: 0B
[2026-04-03T03:36:21.055+0600][60.031s][info][gc,ergo     ] GC(46) Collectable Garbage: 655M (99%), Immediate: 354M (53%), CSet: 301M (45%)
[2026-04-03T03:36:21.055+0600][60.032s][info][gc,ergo     ] GC(46) Pacer for Evacuation. Used CSet: 335M, Free: 1044M, Non-Taxable: 104M, Alloc Tax Rate: 1.1x
[2026-04-03T03:36:21.055+0600][60.032s][info][gc          ] GC(46) Pause Final Mark (unload classes) 0.960ms
[2026-04-03T03:36:21.055+0600][60.032s][info][gc,start    ] GC(46) Concurrent thread roots
[2026-04-03T03:36:21.055+0600][60.032s][info][gc,task     ] GC(46) Using 3 of 6 workers for Concurrent thread roots
[2026-04-03T03:36:21.056+0600][60.033s][info][gc          ] GC(46) Concurrent thread roots 1.037ms
[2026-04-03T03:36:21.056+0600][60.033s][info][gc,start    ] GC(46) Concurrent weak references
[2026-04-03T03:36:21.056+0600][60.033s][info][gc,task     ] GC(46) Using 3 of 6 workers for concurrent weak references
[2026-04-03T03:36:21.056+0600][60.033s][info][gc,ref      ] GC(46) Encountered references: Soft: 3349, Weak: 6579, Final: 84, Phantom: 600
[2026-04-03T03:36:21.056+0600][60.033s][info][gc,ref      ] GC(46) Discovered  references: Soft: 0, Weak: 387, Final: 0, Phantom: 278
[2026-04-03T03:36:21.056+0600][60.033s][info][gc,ref      ] GC(46) Enqueued    references: Soft: 0, Weak: 17, Final: 0, Phantom: 0
[2026-04-03T03:36:21.056+0600][60.033s][info][gc          ] GC(46) Concurrent weak references 0.369ms
[2026-04-03T03:36:21.056+0600][60.033s][info][gc,start    ] GC(46) Concurrent weak roots
[2026-04-03T03:36:21.056+0600][60.033s][info][gc,task     ] GC(46) Using 3 of 6 workers for concurrent weak root
[2026-04-03T03:36:21.059+0600][60.036s][info][gc          ] GC(46) Concurrent weak roots 2.453ms
[2026-04-03T03:36:21.059+0600][60.036s][info][gc,start    ] GC(46) Concurrent cleanup
[2026-04-03T03:36:21.059+0600][60.036s][info][gc          ] GC(46) Concurrent cleanup 952M->598M(1265M) 0.677ms
[2026-04-03T03:36:21.060+0600][60.036s][info][gc,ergo     ] GC(46) Free: 1043M, Max: 512K regular, 473M humongous, Frag: 55% external, 0% internal; Reserve: 89196K, Max: 512K
[2026-04-03T03:36:21.060+0600][60.037s][info][gc,start    ] GC(46) Concurrent class unloading
[2026-04-03T03:36:21.060+0600][60.037s][info][gc,task     ] GC(46) Using 3 of 6 workers for concurrent class unloading
[2026-04-03T03:36:21.065+0600][60.042s][info][gc          ] GC(46) Concurrent class unloading 5.937ms
[2026-04-03T03:36:21.066+0600][60.043s][info][gc,start    ] GC(46) Concurrent strong roots
[2026-04-03T03:36:21.066+0600][60.043s][info][gc,task     ] GC(46) Using 3 of 6 workers for concurrent strong root
[2026-04-03T03:36:21.066+0600][60.043s][info][gc          ] GC(46) Concurrent strong roots 0.787ms
[2026-04-03T03:36:21.066+0600][60.043s][info][gc,start    ] GC(46) Concurrent evacuation
[2026-04-03T03:36:21.066+0600][60.043s][info][gc,task     ] GC(46) Using 3 of 6 workers for concurrent evacuation
[2026-04-03T03:36:21.094+0600][60.071s][info][gc          ] GC(46) Concurrent evacuation 27.248ms
[2026-04-03T03:36:21.094+0600][60.071s][info][gc,start    ] GC(46) Pause Init Update Refs
[2026-04-03T03:36:21.094+0600][60.071s][info][gc,ergo     ] GC(46) Pacer for Update Refs. Used: 649M, Free: 1026M, Non-Taxable: 102M, Alloc Tax Rate: 1.1x
[2026-04-03T03:36:21.094+0600][60.071s][info][gc          ] GC(46) Pause Init Update Refs 0.170ms
[2026-04-03T03:36:21.094+0600][60.071s][info][gc,start    ] GC(46) Concurrent update references
[2026-04-03T03:36:21.094+0600][60.071s][info][gc,task     ] GC(46) Using 3 of 6 workers for concurrent reference update
[2026-04-03T03:36:21.194+0600][60.171s][info][gc          ] GC(46) Concurrent update references 99.338ms
[2026-04-03T03:36:21.194+0600][60.171s][info][gc,start    ] GC(46) Concurrent update thread roots
[2026-04-03T03:36:21.195+0600][60.172s][info][gc          ] GC(46) Concurrent update thread roots 1.502ms
[2026-04-03T03:36:21.196+0600][60.173s][info][gc,start    ] GC(46) Pause Final Update Refs
[2026-04-03T03:36:21.196+0600][60.173s][info][gc,task     ] GC(46) Using 6 of 6 workers for final reference update
[2026-04-03T03:36:21.196+0600][60.173s][info][gc          ] GC(46) Pause Final Update Refs 0.235ms
[2026-04-03T03:36:21.196+0600][60.173s][info][gc,start    ] GC(46) Concurrent cleanup
[2026-04-03T03:36:21.197+0600][60.174s][info][gc          ] GC(46) Concurrent cleanup 700M->365M(1265M) 0.739ms
[2026-04-03T03:36:21.197+0600][60.174s][info][gc,ergo     ] Free: 1274M, Max: 512K regular, 580M humongous, Frag: 55% external, 0% internal; Reserve: 89600K, Max: 512K
[2026-04-03T03:36:21.197+0600][60.174s][info][gc,stats    ] 
[2026-04-03T03:36:21.197+0600][60.174s][info][gc,stats    ] All times are wall-clock times, except per-root-class counters, that are sum over
[2026-04-03T03:36:21.197+0600][60.174s][info][gc,stats    ] all workers. Dividing the <total> over the root stage time estimates parallelism.
[2026-04-03T03:36:21.197+0600][60.174s][info][gc,stats    ] 
[2026-04-03T03:36:21.197+0600][60.174s][info][gc,stats    ] Concurrent Reset                   1210 us
[2026-04-03T03:36:21.197+0600][60.174s][info][gc,stats    ] Pause Init Mark (G)                 485 us
[2026-04-03T03:36:21.197+0600][60.174s][info][gc,stats    ] Pause Init Mark (N)                 118 us
[2026-04-03T03:36:21.197+0600][60.174s][info][gc,stats    ]   Update Region States               31 us
[2026-04-03T03:36:21.197+0600][60.174s][info][gc,stats    ] Concurrent Mark Roots              1561 us, parallelism: 1.59x
[2026-04-03T03:36:21.197+0600][60.174s][info][gc,stats    ]   CMR: <total>                     2476 us
[2026-04-03T03:36:21.197+0600][60.174s][info][gc,stats    ]   CMR: Thread Roots                2204 us, workers (us): 1066, 467, 671, ---, ---, ---, 
[2026-04-03T03:36:21.197+0600][60.174s][info][gc,stats    ]   CMR: VM Strong Roots               60 us, workers (us):  39,  20,   1, ---, ---, ---, 
[2026-04-03T03:36:21.197+0600][60.174s][info][gc,stats    ]   CMR: CLDG Roots                   212 us, workers (us): ---, 212, ---, ---, ---, ---, 
[2026-04-03T03:36:21.197+0600][60.174s][info][gc,stats    ] Concurrent Marking               249696 us
[2026-04-03T03:36:21.197+0600][60.174s][info][gc,stats    ] Pause Final Mark (G)               1360 us
[2026-04-03T03:36:21.197+0600][60.174s][info][gc,stats    ] Pause Final Mark (N)                978 us
[2026-04-03T03:36:21.197+0600][60.174s][info][gc,stats    ]   Finish Mark                       226 us
[2026-04-03T03:36:21.197+0600][60.174s][info][gc,stats    ]   Update Region States               64 us
[2026-04-03T03:36:21.197+0600][60.174s][info][gc,stats    ]   Choose Collection Set             374 us
[2026-04-03T03:36:21.197+0600][60.174s][info][gc,stats    ]   Rebuild Free Set                   60 us
[2026-04-03T03:36:21.197+0600][60.174s][info][gc,stats    ] Concurrent Thread Roots            1095 us, parallelism: 2.20x
[2026-04-03T03:36:21.197+0600][60.174s][info][gc,stats    ]   CTR: <total>                     2410 us
[2026-04-03T03:36:21.197+0600][60.174s][info][gc,stats    ]   CTR: Thread Roots                2410 us, workers (us): 828, 813, 770, ---, ---, ---, 
[2026-04-03T03:36:21.197+0600][60.174s][info][gc,stats    ] Concurrent Weak References          380 us, parallelism: 0.40x
[2026-04-03T03:36:21.197+0600][60.174s][info][gc,stats    ]   CWRF: <total>                     151 us
[2026-04-03T03:36:21.197+0600][60.174s][info][gc,stats    ]   CWRF: Weak References             151 us, workers (us): 123,  12,  16, ---, ---, ---, 
[2026-04-03T03:36:21.197+0600][60.174s][info][gc,stats    ] Concurrent Weak Roots              2507 us
[2026-04-03T03:36:21.197+0600][60.174s][info][gc,stats    ]   Roots                            2152 us, parallelism: 2.43x
[2026-04-03T03:36:21.197+0600][60.174s][info][gc,stats    ]     CWR: <total>                   5223 us
[2026-04-03T03:36:21.197+0600][60.174s][info][gc,stats    ]     CWR: Code Cache Roots          3363 us, workers (us): 1134, 1121, 1109, ---, ---, ---, 
[2026-04-03T03:36:21.197+0600][60.174s][info][gc,stats    ]     CWR: VM Weak Roots             1770 us, workers (us): 645, 605, 521, ---, ---, ---, 
[2026-04-03T03:36:21.197+0600][60.174s][info][gc,stats    ]     CWR: CLDG Roots                  90 us, workers (us): ---,  90, ---, ---, ---, ---, 
[2026-04-03T03:36:21.197+0600][60.174s][info][gc,stats    ]   Rendezvous                        279 us
[2026-04-03T03:36:21.197+0600][60.174s][info][gc,stats    ] Concurrent Cleanup                  693 us
[2026-04-03T03:36:21.197+0600][60.174s][info][gc,stats    ] Concurrent Class Unloading         5998 us
[2026-04-03T03:36:21.197+0600][60.174s][info][gc,stats    ]   Unlink Stale                     5383 us
[2026-04-03T03:36:21.197+0600][60.174s][info][gc,stats    ]     System Dictionary                73 us
[2026-04-03T03:36:21.197+0600][60.174s][info][gc,stats    ]     Weak Class Links                  0 us
[2026-04-03T03:36:21.197+0600][60.174s][info][gc,stats    ]     Code Roots                     5306 us
[2026-04-03T03:36:21.197+0600][60.174s][info][gc,stats    ]   Rendezvous                        360 us
[2026-04-03T03:36:21.197+0600][60.174s][info][gc,stats    ]   Purge Unlinked                    152 us
[2026-04-03T03:36:21.197+0600][60.174s][info][gc,stats    ]     Code Roots                      141 us
[2026-04-03T03:36:21.197+0600][60.174s][info][gc,stats    ]     CLDG                             10 us
[2026-04-03T03:36:21.197+0600][60.174s][info][gc,stats    ]     Exception Caches                  0 us
[2026-04-03T03:36:21.197+0600][60.174s][info][gc,stats    ] Concurrent Strong Roots             837 us, parallelism: 0.66x
[2026-04-03T03:36:21.197+0600][60.174s][info][gc,stats    ]   CSR: <total>                      555 us
[2026-04-03T03:36:21.197+0600][60.174s][info][gc,stats    ]   CSR: VM Strong Roots              166 us, workers (us): 135,  29,   1, ---, ---, ---, 
[2026-04-03T03:36:21.197+0600][60.174s][info][gc,stats    ]   CSR: CLDG Roots                   389 us, workers (us): ---, 389, ---, ---, ---, ---, 
[2026-04-03T03:36:21.197+0600][60.174s][info][gc,stats    ] Concurrent Evacuation             27345 us
[2026-04-03T03:36:21.197+0600][60.174s][info][gc,stats    ] Pause Init Update Refs (G)          621 us
[2026-04-03T03:36:21.197+0600][60.174s][info][gc,stats    ] Pause Init Update Refs (N)          182 us
[2026-04-03T03:36:21.197+0600][60.174s][info][gc,stats    ]   Manage GCLABs                      25 us
[2026-04-03T03:36:21.197+0600][60.174s][info][gc,stats    ] Concurrent Update Refs            99424 us
[2026-04-03T03:36:21.197+0600][60.174s][info][gc,stats    ] Concurrent Update Thread Roots     1554 us
[2026-04-03T03:36:21.197+0600][60.174s][info][gc,stats    ] Pause Final Update Refs (G)         694 us
[2026-04-03T03:36:21.197+0600][60.174s][info][gc,stats    ] Pause Final Update Refs (N)         251 us
[2026-04-03T03:36:21.197+0600][60.174s][info][gc,stats    ]   Update Region States               81 us
[2026-04-03T03:36:21.197+0600][60.174s][info][gc,stats    ]   Trash Collection Set               22 us
[2026-04-03T03:36:21.197+0600][60.174s][info][gc,stats    ]   Rebuild Free Set                   43 us
[2026-04-03T03:36:21.197+0600][60.174s][info][gc,stats    ] Concurrent Cleanup                  759 us
[2026-04-03T03:36:21.197+0600][60.174s][info][gc,stats    ] 
[2026-04-03T03:36:21.197+0600][60.174s][info][gc,stats    ] Allocation pacing accrued:
[2026-04-03T03:36:21.197+0600][60.174s][info][gc,stats    ]       0 of  1203 ms (  0.0%): <total>
[2026-04-03T03:36:21.197+0600][60.174s][info][gc,stats    ]       0 of  1203 ms (  0.0%): <average total>
[2026-04-03T03:36:21.197+0600][60.174s][info][gc,stats    ] 
[2026-04-03T03:36:21.197+0600][60.174s][info][gc,metaspace] Metaspace: 73393K(74304K)->73404K(74304K) NonClass: 64077K(64576K)->64088K(64576K) Class: 9315K(9728K)->9315K(9728K)
[2026-04-03T03:36:21.197+0600][60.174s][info][gc,ergo     ] Pacer for Idle. Initial: 35840K, Alloc Tax Rate: 1.0x
[2026-04-03T03:36:21.400+0600][60.377s][info][gc          ] Trigger: Average GC time (643.83 ms) is above the time for average allocation rate (1592 MB/s) to deplete free headroom (857M) (margin of error = 1.92)
[2026-04-03T03:36:21.400+0600][60.377s][info][gc,ergo     ] Free headroom: 945M (free) - 89600K (spike) - 0B (penalties) = 857M
[2026-04-03T03:36:21.400+0600][60.377s][info][gc,ergo     ] Free: 945M, Max: 512K regular, 580M humongous, Frag: 39% external, 0% internal; Reserve: 89600K, Max: 512K
[2026-04-03T03:36:21.400+0600][60.377s][info][gc,start    ] GC(47) Concurrent reset
[2026-04-03T03:36:21.400+0600][60.377s][info][gc,task     ] GC(47) Using 3 of 6 workers for concurrent reset
[2026-04-03T03:36:21.400+0600][60.377s][info][gc,ergo     ] GC(47) Pacer for Reset. Non-Taxable: 1750M
[2026-04-03T03:36:21.402+0600][60.379s][info][gc          ] GC(47) Concurrent reset 1.560ms
[2026-04-03T03:36:21.402+0600][60.379s][info][gc,start    ] GC(47) Pause Init Mark (unload classes)
[2026-04-03T03:36:21.402+0600][60.379s][info][gc,task     ] GC(47) Using 6 of 6 workers for init marking
[2026-04-03T03:36:21.402+0600][60.379s][info][gc,ergo     ] GC(47) Pacer for Mark. Expected Live: 220M, Free: 942M, Non-Taxable: 96548K, Alloc Tax Rate: 0.3x
[2026-04-03T03:36:21.402+0600][60.379s][info][gc          ] GC(47) Pause Init Mark (unload classes) 0.096ms
[2026-04-03T03:36:21.402+0600][60.379s][info][gc,start    ] GC(47) Concurrent marking roots
[2026-04-03T03:36:21.402+0600][60.379s][info][gc,task     ] GC(47) Using 3 of 6 workers for concurrent marking roots
[2026-04-03T03:36:21.403+0600][60.380s][info][gc          ] GC(47) Concurrent marking roots 0.960ms
[2026-04-03T03:36:21.403+0600][60.380s][info][gc,start    ] GC(47) Concurrent marking (unload classes)
[2026-04-03T03:36:21.403+0600][60.380s][info][gc,task     ] GC(47) Using 3 of 6 workers for concurrent marking
[2026-04-03T03:36:21.586+0600][60.563s][info][gc          ] GC(47) Concurrent marking (unload classes) 182.312ms
[2026-04-03T03:36:21.586+0600][60.563s][info][gc,start    ] GC(47) Pause Final Mark (unload classes)
[2026-04-03T03:36:21.586+0600][60.563s][info][gc,task     ] GC(47) Using 6 of 6 workers for final marking
[2026-04-03T03:36:21.586+0600][60.563s][info][gc,ergo     ] GC(47) Adaptive CSet Selection. Target Free: 247M, Actual Free: 1215M, Max CSet: 74666K, Min Garbage: 0B
[2026-04-03T03:36:21.586+0600][60.563s][info][gc,ergo     ] GC(47) Collectable Garbage: 484M (98%), Immediate: 331M (67%), CSet: 152M (31%)
[2026-04-03T03:36:21.587+0600][60.563s][info][gc,ergo     ] GC(47) Pacer for Evacuation. Used CSet: 172M, Free: 1148M, Non-Taxable: 114M, Alloc Tax Rate: 1.1x
[2026-04-03T03:36:21.587+0600][60.563s][info][gc          ] GC(47) Pause Final Mark (unload classes) 0.738ms
[2026-04-03T03:36:21.587+0600][60.564s][info][gc,start    ] GC(47) Concurrent thread roots
[2026-04-03T03:36:21.587+0600][60.564s][info][gc,task     ] GC(47) Using 3 of 6 workers for Concurrent thread roots
[2026-04-03T03:36:21.588+0600][60.565s][info][gc          ] GC(47) Concurrent thread roots 0.899ms
[2026-04-03T03:36:21.588+0600][60.565s][info][gc,start    ] GC(47) Concurrent weak references
[2026-04-03T03:36:21.588+0600][60.565s][info][gc,task     ] GC(47) Using 3 of 6 workers for concurrent weak references
[2026-04-03T03:36:21.588+0600][60.565s][info][gc,ref      ] GC(47) Encountered references: Soft: 3348, Weak: 6578, Final: 84, Phantom: 600
[2026-04-03T03:36:21.588+0600][60.565s][info][gc,ref      ] GC(47) Discovered  references: Soft: 0, Weak: 3875, Final: 50, Phantom: 597
[2026-04-03T03:36:21.588+0600][60.565s][info][gc,ref      ] GC(47) Enqueued    references: Soft: 0, Weak: 150, Final: 0, Phantom: 0
[2026-04-03T03:36:21.588+0600][60.565s][info][gc          ] GC(47) Concurrent weak references 0.752ms
[2026-04-03T03:36:21.588+0600][60.565s][info][gc,start    ] GC(47) Concurrent weak roots
[2026-04-03T03:36:21.588+0600][60.565s][info][gc,task     ] GC(47) Using 3 of 6 workers for concurrent weak root
[2026-04-03T03:36:21.591+0600][60.568s][info][gc          ] GC(47) Concurrent weak roots 2.240ms
[2026-04-03T03:36:21.591+0600][60.568s][info][gc,start    ] GC(47) Concurrent cleanup
[2026-04-03T03:36:21.591+0600][60.568s][info][gc          ] GC(47) Concurrent cleanup 847M->516M(1265M) 0.588ms
[2026-04-03T03:36:21.591+0600][60.568s][info][gc,ergo     ] GC(47) Free: 1142M, Max: 512K regular, 580M humongous, Frag: 50% external, 0% internal; Reserve: 89560K, Max: 512K
[2026-04-03T03:36:21.591+0600][60.568s][info][gc,start    ] GC(47) Concurrent class unloading
[2026-04-03T03:36:21.591+0600][60.568s][info][gc,task     ] GC(47) Using 3 of 6 workers for concurrent class unloading
[2026-04-03T03:36:21.599+0600][60.576s][info][gc          ] GC(47) Concurrent class unloading 7.890ms
[2026-04-03T03:36:21.599+0600][60.576s][info][gc,start    ] GC(47) Concurrent strong roots
[2026-04-03T03:36:21.599+0600][60.576s][info][gc,task     ] GC(47) Using 3 of 6 workers for concurrent strong root
[2026-04-03T03:36:21.600+0600][60.577s][info][gc          ] GC(47) Concurrent strong roots 0.982ms
[2026-04-03T03:36:21.600+0600][60.577s][info][gc,start    ] GC(47) Concurrent evacuation
[2026-04-03T03:36:21.600+0600][60.577s][info][gc,task     ] GC(47) Using 3 of 6 workers for concurrent evacuation
[2026-04-03T03:36:21.620+0600][60.597s][info][gc          ] GC(47) Concurrent evacuation 19.808ms
[2026-04-03T03:36:21.620+0600][60.597s][info][gc,start    ] GC(47) Pause Init Update Refs
[2026-04-03T03:36:21.620+0600][60.597s][info][gc,ergo     ] GC(47) Pacer for Update Refs. Used: 555M, Free: 1124M, Non-Taxable: 112M, Alloc Tax Rate: 1.1x
[2026-04-03T03:36:21.621+0600][60.597s][info][gc          ] GC(47) Pause Init Update Refs 0.064ms
[2026-04-03T03:36:21.621+0600][60.598s][info][gc,start    ] GC(47) Concurrent update references
[2026-04-03T03:36:21.621+0600][60.598s][info][gc,task     ] GC(47) Using 3 of 6 workers for concurrent reference update
[2026-04-03T03:36:21.733+0600][60.710s][info][gc          ] GC(47) Concurrent update references 112.236ms
[2026-04-03T03:36:21.733+0600][60.710s][info][gc,start    ] GC(47) Concurrent update thread roots
[2026-04-03T03:36:21.734+0600][60.711s][info][gc          ] GC(47) Concurrent update thread roots 1.591ms
[2026-04-03T03:36:21.735+0600][60.712s][info][gc,start    ] GC(47) Pause Final Update Refs
[2026-04-03T03:36:21.735+0600][60.712s][info][gc,task     ] GC(47) Using 6 of 6 workers for final reference update
[2026-04-03T03:36:21.735+0600][60.712s][info][gc          ] GC(47) Pause Final Update Refs 0.157ms
[2026-04-03T03:36:21.735+0600][60.712s][info][gc,start    ] GC(47) Concurrent cleanup
[2026-04-03T03:36:21.736+0600][60.713s][info][gc          ] GC(47) Concurrent cleanup 712M->539M(1265M) 0.594ms
[2026-04-03T03:36:21.736+0600][60.713s][info][gc,ergo     ] Free: 1119M, Max: 512K regular, 639M humongous, Frag: 43% external, 0% internal; Reserve: 89600K, Max: 512K
[2026-04-03T03:36:21.736+0600][60.713s][info][gc,stats    ] 
[2026-04-03T03:36:21.736+0600][60.713s][info][gc,stats    ] All times are wall-clock times, except per-root-class counters, that are sum over
[2026-04-03T03:36:21.736+0600][60.713s][info][gc,stats    ] all workers. Dividing the <total> over the root stage time estimates parallelism.
[2026-04-03T03:36:21.736+0600][60.713s][info][gc,stats    ] 
[2026-04-03T03:36:21.736+0600][60.713s][info][gc,stats    ] Concurrent Reset                   1615 us
[2026-04-03T03:36:21.736+0600][60.713s][info][gc,stats    ] Pause Init Mark (G)                 296 us
[2026-04-03T03:36:21.736+0600][60.713s][info][gc,stats    ] Pause Init Mark (N)                 104 us
[2026-04-03T03:36:21.736+0600][60.713s][info][gc,stats    ]   Update Region States               28 us
[2026-04-03T03:36:21.736+0600][60.713s][info][gc,stats    ] Concurrent Mark Roots               995 us, parallelism: 1.79x
[2026-04-03T03:36:21.736+0600][60.713s][info][gc,stats    ]   CMR: <total>                     1781 us
[2026-04-03T03:36:21.736+0600][60.713s][info][gc,stats    ]   CMR: Thread Roots                1561 us, workers (us): 579, 586, 396, ---, ---, ---, 
[2026-04-03T03:36:21.736+0600][60.713s][info][gc,stats    ]   CMR: VM Strong Roots               37 us, workers (us):  20,  16,   1, ---, ---, ---, 
[2026-04-03T03:36:21.736+0600][60.713s][info][gc,stats    ]   CMR: CLDG Roots                   183 us, workers (us): ---, ---, 183, ---, ---, ---, 
[2026-04-03T03:36:21.736+0600][60.713s][info][gc,stats    ] Concurrent Marking               182384 us
[2026-04-03T03:36:21.736+0600][60.713s][info][gc,stats    ] Pause Final Mark (G)               1063 us
[2026-04-03T03:36:21.736+0600][60.713s][info][gc,stats    ] Pause Final Mark (N)                750 us
[2026-04-03T03:36:21.736+0600][60.713s][info][gc,stats    ]   Finish Mark                       267 us
[2026-04-03T03:36:21.736+0600][60.713s][info][gc,stats    ]   Update Region States               62 us
[2026-04-03T03:36:21.736+0600][60.713s][info][gc,stats    ]   Choose Collection Set             258 us
[2026-04-03T03:36:21.736+0600][60.713s][info][gc,stats    ]   Rebuild Free Set                   40 us
[2026-04-03T03:36:21.736+0600][60.713s][info][gc,stats    ] Concurrent Thread Roots             921 us, parallelism: 2.31x
[2026-04-03T03:36:21.736+0600][60.713s][info][gc,stats    ]   CTR: <total>                     2125 us
[2026-04-03T03:36:21.736+0600][60.713s][info][gc,stats    ]   CTR: Thread Roots                2125 us, workers (us): 754, 680, 691, ---, ---, ---, 
[2026-04-03T03:36:21.736+0600][60.713s][info][gc,stats    ] Concurrent Weak References          762 us, parallelism: 0.84x
[2026-04-03T03:36:21.736+0600][60.713s][info][gc,stats    ]   CWRF: <total>                     641 us
[2026-04-03T03:36:21.736+0600][60.713s][info][gc,stats    ]   CWRF: Weak References             641 us, workers (us):  96,  80, 465, ---, ---, ---, 
[2026-04-03T03:36:21.736+0600][60.713s][info][gc,stats    ] Concurrent Weak Roots              2319 us
[2026-04-03T03:36:21.736+0600][60.713s][info][gc,stats    ]   Roots                            1706 us, parallelism: 2.59x
[2026-04-03T03:36:21.736+0600][60.713s][info][gc,stats    ]     CWR: <total>                   4412 us
[2026-04-03T03:36:21.736+0600][60.713s][info][gc,stats    ]     CWR: Code Cache Roots          3101 us, workers (us): 967, 1043, 1090, ---, ---, ---, 
[2026-04-03T03:36:21.736+0600][60.713s][info][gc,stats    ]     CWR: VM Weak Roots             1211 us, workers (us): 416, 414, 381, ---, ---, ---, 
[2026-04-03T03:36:21.736+0600][60.713s][info][gc,stats    ]     CWR: CLDG Roots                 100 us, workers (us): 100, ---, ---, ---, ---, ---, 
[2026-04-03T03:36:21.736+0600][60.713s][info][gc,stats    ]   Rendezvous                        512 us
[2026-04-03T03:36:21.736+0600][60.713s][info][gc,stats    ] Concurrent Cleanup                  604 us
[2026-04-03T03:36:21.736+0600][60.713s][info][gc,stats    ] Concurrent Class Unloading         7983 us
[2026-04-03T03:36:21.736+0600][60.713s][info][gc,stats    ]   Unlink Stale                     7429 us
[2026-04-03T03:36:21.736+0600][60.713s][info][gc,stats    ]     System Dictionary               141 us
[2026-04-03T03:36:21.736+0600][60.713s][info][gc,stats    ]     Weak Class Links                  0 us
[2026-04-03T03:36:21.736+0600][60.713s][info][gc,stats    ]     Code Roots                     7284 us
[2026-04-03T03:36:21.736+0600][60.713s][info][gc,stats    ]   Rendezvous                        367 us
[2026-04-03T03:36:21.736+0600][60.713s][info][gc,stats    ]   Purge Unlinked                     69 us
[2026-04-03T03:36:21.736+0600][60.713s][info][gc,stats    ]     Code Roots                       58 us
[2026-04-03T03:36:21.736+0600][60.713s][info][gc,stats    ]     CLDG                             10 us
[2026-04-03T03:36:21.736+0600][60.713s][info][gc,stats    ]     Exception Caches                  1 us
[2026-04-03T03:36:21.736+0600][60.713s][info][gc,stats    ] Concurrent Strong Roots            1068 us, parallelism: 0.60x
[2026-04-03T03:36:21.736+0600][60.713s][info][gc,stats    ]   CSR: <total>                      638 us
[2026-04-03T03:36:21.736+0600][60.713s][info][gc,stats    ]   CSR: VM Strong Roots               52 us, workers (us):  19,  15,  18, ---, ---, ---, 
[2026-04-03T03:36:21.736+0600][60.713s][info][gc,stats    ]   CSR: CLDG Roots                   586 us, workers (us): 586, ---, ---, ---, ---, ---, 
[2026-04-03T03:36:21.736+0600][60.713s][info][gc,stats    ] Concurrent Evacuation             19884 us
[2026-04-03T03:36:21.736+0600][60.713s][info][gc,stats    ] Pause Init Update Refs (G)          283 us
[2026-04-03T03:36:21.736+0600][60.713s][info][gc,stats    ] Pause Init Update Refs (N)           73 us
[2026-04-03T03:36:21.736+0600][60.713s][info][gc,stats    ]   Manage GCLABs                      18 us
[2026-04-03T03:36:21.736+0600][60.713s][info][gc,stats    ] Concurrent Update Refs           112300 us
[2026-04-03T03:36:21.736+0600][60.713s][info][gc,stats    ] Concurrent Update Thread Roots     1635 us
[2026-04-03T03:36:21.736+0600][60.713s][info][gc,stats    ] Pause Final Update Refs (G)         525 us
[2026-04-03T03:36:21.736+0600][60.713s][info][gc,stats    ] Pause Final Update Refs (N)         188 us
[2026-04-03T03:36:21.736+0600][60.713s][info][gc,stats    ]   Update Region States               50 us
[2026-04-03T03:36:21.736+0600][60.713s][info][gc,stats    ]   Trash Collection Set               10 us
[2026-04-03T03:36:21.736+0600][60.713s][info][gc,stats    ]   Rebuild Free Set                   37 us
[2026-04-03T03:36:21.736+0600][60.713s][info][gc,stats    ] Concurrent Cleanup                  612 us
[2026-04-03T03:36:21.736+0600][60.713s][info][gc,stats    ] Pacing                            99368 us
[2026-04-03T03:36:21.736+0600][60.713s][info][gc,stats    ] 
[2026-04-03T03:36:21.736+0600][60.713s][info][gc,stats    ] Allocation pacing accrued:
[2026-04-03T03:36:21.736+0600][60.713s][info][gc,stats    ]      99 of   539 ms ( 18.4%): main
[2026-04-03T03:36:21.736+0600][60.713s][info][gc,stats    ]      99 of   539 ms ( 18.4%): <total>
[2026-04-03T03:36:21.736+0600][60.713s][info][gc,stats    ]       0 of   539 ms (  0.1%): <average total>
[2026-04-03T03:36:21.736+0600][60.713s][info][gc,stats    ]      99 of   539 ms ( 18.4%): <average non-zero>
[2026-04-03T03:36:21.736+0600][60.713s][info][gc,stats    ] 
[2026-04-03T03:36:21.736+0600][60.713s][info][gc,metaspace] Metaspace: 73410K(74304K)->73766K(74624K) NonClass: 64094K(64576K)->64379K(64896K) Class: 9315K(9728K)->9387K(9728K)
[2026-04-03T03:36:21.736+0600][60.713s][info][gc,ergo     ] Pacer for Idle. Initial: 35840K, Alloc Tax Rate: 1.0x
[2026-04-03T03:36:22.369+0600][61.346s][info][gc          ] Cancelling GC: Stopping VM
[2026-04-03T03:36:22.369+0600][61.346s][info][gc,heap,exit] Heap
[2026-04-03T03:36:22.369+0600][61.346s][info][gc,heap,exit] Shenandoah Heap
[2026-04-03T03:36:22.369+0600][61.346s][info][gc,heap,exit]  1750M max, 1750M soft max, 1265M committed, 596M used
[2026-04-03T03:36:22.369+0600][61.346s][info][gc,heap,exit]  3500 x 512K regions
[2026-04-03T03:36:22.369+0600][61.346s][info][gc,heap,exit] Status: cancelled
[2026-04-03T03:36:22.369+0600][61.346s][info][gc,heap,exit] Reserved region:
[2026-04-03T03:36:22.369+0600][61.346s][info][gc,heap,exit]  - [0x0000000092a00000, 0x0000000100000000) 
[2026-04-03T03:36:22.369+0600][61.346s][info][gc,heap,exit] Collection set:
[2026-04-03T03:36:22.369+0600][61.346s][info][gc,heap,exit]  - map (vanilla): 0x0000000000011254
[2026-04-03T03:36:22.369+0600][61.346s][info][gc,heap,exit]  - map (biased):  0x0000000000010000
[2026-04-03T03:36:22.369+0600][61.346s][info][gc,heap,exit] 
[2026-04-03T03:36:22.369+0600][61.346s][info][gc,heap,exit]  Metaspace       used 73923K, committed 74752K, reserved 1114112K
[2026-04-03T03:36:22.369+0600][61.346s][info][gc,heap,exit]   class space    used 9414K, committed 9792K, reserved 1048576K
[2026-04-03T03:36:22.369+0600][61.346s][info][gc,stats    ] 
[2026-04-03T03:36:22.369+0600][61.346s][info][gc,stats    ] GC STATISTICS:
[2026-04-03T03:36:22.369+0600][61.346s][info][gc,stats    ]   "(G)" (gross) pauses include VM time: time to notify and block threads, do the pre-
[2026-04-03T03:36:22.369+0600][61.346s][info][gc,stats    ]         and post-safepoint housekeeping. Use -Xlog:safepoint+stats to dissect.
[2026-04-03T03:36:22.369+0600][61.346s][info][gc,stats    ]   "(N)" (net) pauses are the times spent in the actual GC code.
[2026-04-03T03:36:22.369+0600][61.346s][info][gc,stats    ]   "a" is average time for each phase, look at levels to see if average makes sense.
[2026-04-03T03:36:22.370+0600][61.346s][info][gc,stats    ]   "lvls" are quantiles: 0% (minimum), 25%, 50% (median), 75%, 100% (maximum).
[2026-04-03T03:36:22.370+0600][61.346s][info][gc,stats    ] 
[2026-04-03T03:36:22.370+0600][61.346s][info][gc,stats    ]   All times are wall-clock times, except per-root-class counters, that are sum over
[2026-04-03T03:36:22.370+0600][61.346s][info][gc,stats    ]   all workers. Dividing the <total> over the root stage time estimates parallelism.
[2026-04-03T03:36:22.370+0600][61.346s][info][gc,stats    ] 
[2026-04-03T03:36:22.370+0600][61.346s][info][gc,stats    ]   Pacing delays are measured from entering the pacing code till exiting it. Therefore,
[2026-04-03T03:36:22.370+0600][61.346s][info][gc,stats    ]   observed pacing delays may be higher than the threshold when paced thread spent more
[2026-04-03T03:36:22.370+0600][61.347s][info][gc,stats    ]   time in the pacing code. It usually happens when thread is de-scheduled while paced,
[2026-04-03T03:36:22.370+0600][61.347s][info][gc,stats    ]   OS takes longer to unblock the thread, or JVM experiences an STW pause.
[2026-04-03T03:36:22.370+0600][61.347s][info][gc,stats    ] 
[2026-04-03T03:36:22.370+0600][61.347s][info][gc,stats    ]   Higher delay would prevent application outpacing the GC, but it will hide the GC latencies
[2026-04-03T03:36:22.370+0600][61.347s][info][gc,stats    ]   from the STW pause times. Pacing affects the individual threads, and so it would also be
[2026-04-03T03:36:22.370+0600][61.347s][info][gc,stats    ]   invisible to the usual profiling tools, but would add up to end-to-end application latency.
[2026-04-03T03:36:22.370+0600][61.347s][info][gc,stats    ]   Raise max pacing delay with care.
[2026-04-03T03:36:22.370+0600][61.347s][info][gc,stats    ] 
[2026-04-03T03:36:22.370+0600][61.347s][info][gc,stats    ] Concurrent Reset               =    0.127 s (a =     2711 us) (n =    47) (lvls, us =      547,     1094,     1484,     2461,    23264)
[2026-04-03T03:36:22.370+0600][61.347s][info][gc,stats    ] Pause Init Mark (G)            =    0.023 s (a =      493 us) (n =    47) (lvls, us =      293,      391,      469,      564,      923)
[2026-04-03T03:36:22.370+0600][61.347s][info][gc,stats    ] Pause Init Mark (N)            =    0.009 s (a =      189 us) (n =    47) (lvls, us =       97,      133,      160,      215,      695)
[2026-04-03T03:36:22.370+0600][61.347s][info][gc,stats    ]   Update Region States         =    0.002 s (a =       43 us) (n =    47) (lvls, us =       19,       31,       38,       51,       95)
[2026-04-03T03:36:22.370+0600][61.347s][info][gc,stats    ] Concurrent Mark Roots          =    0.049 s (a =     1049 us) (n =    47) (lvls, us =      516,      717,      994,     1191,     2505)
[2026-04-03T03:36:22.370+0600][61.347s][info][gc,stats    ]   CMR: <total>                 =    0.084 s (a =     1780 us) (n =    47) (lvls, us =      629,     1172,     1699,     2207,     3590)
[2026-04-03T03:36:22.370+0600][61.347s][info][gc,stats    ]   CMR: Thread Roots            =    0.068 s (a =     1446 us) (n =    47) (lvls, us =      455,      936,     1406,     1797,     3001)
[2026-04-03T03:36:22.370+0600][61.347s][info][gc,stats    ]   CMR: VM Strong Roots         =    0.003 s (a =       72 us) (n =    47) (lvls, us =       15,       29,       38,       76,      503)
[2026-04-03T03:36:22.370+0600][61.347s][info][gc,stats    ]   CMR: CLDG Roots              =    0.012 s (a =      263 us) (n =    47) (lvls, us =      145,      197,      227,      299,      723)
[2026-04-03T03:36:22.370+0600][61.347s][info][gc,stats    ] Concurrent Marking             =   13.334 s (a =   283710 us) (n =    47) (lvls, us =     9102,    33203,   271484,   390625,  1288739)
[2026-04-03T03:36:22.370+0600][61.347s][info][gc,stats    ] Pause Final Mark (G)           =    0.124 s (a =     2692 us) (n =    46) (lvls, us =      729,      988,     1152,     1406,    24878)
[2026-04-03T03:36:22.370+0600][61.347s][info][gc,stats    ] Pause Final Mark (N)           =    0.110 s (a =     2402 us) (n =    46) (lvls, us =      512,      738,      863,     1113,    24471)
[2026-04-03T03:36:22.370+0600][61.347s][info][gc,stats    ]   Finish Mark                  =    0.035 s (a =      743 us) (n =    47) (lvls, us =      141,      230,      291,      332,    21703)
[2026-04-03T03:36:22.370+0600][61.347s][info][gc,stats    ]   Update Region States         =    0.003 s (a =       71 us) (n =    46) (lvls, us =       41,       53,       63,       76,      201)
[2026-04-03T03:36:22.370+0600][61.347s][info][gc,stats    ]   Choose Collection Set        =    0.038 s (a =      834 us) (n =    46) (lvls, us =       81,      221,      361,      432,    23213)
[2026-04-03T03:36:22.370+0600][61.347s][info][gc,stats    ]   Rebuild Free Set             =    0.002 s (a =       49 us) (n =    46) (lvls, us =       27,       32,       41,       55,      181)
[2026-04-03T03:36:22.370+0600][61.347s][info][gc,stats    ] Concurrent Thread Roots        =    0.032 s (a =      830 us) (n =    38) (lvls, us =      428,      646,      830,      943,     1300)
[2026-04-03T03:36:22.370+0600][61.347s][info][gc,stats    ]   CTR: <total>                 =    0.061 s (a =     1612 us) (n =    38) (lvls, us =      504,     1055,     1582,     1914,     2753)
[2026-04-03T03:36:22.370+0600][61.347s][info][gc,stats    ]   CTR: Thread Roots            =    0.061 s (a =     1612 us) (n =    38) (lvls, us =      504,     1055,     1582,     1914,     2753)
[2026-04-03T03:36:22.370+0600][61.347s][info][gc,stats    ] Concurrent Weak References     =    0.024 s (a =      520 us) (n =    46) (lvls, us =      205,      334,      459,      625,     1375)
[2026-04-03T03:36:22.370+0600][61.347s][info][gc,stats    ]   CWRF: <total>                =    0.019 s (a =      413 us) (n =    46) (lvls, us =       70,      188,      309,      543,     1206)
[2026-04-03T03:36:22.370+0600][61.347s][info][gc,stats    ]   CWRF: Weak References        =    0.019 s (a =      413 us) (n =    46) (lvls, us =       70,      188,      309,      543,     1206)
[2026-04-03T03:36:22.370+0600][61.347s][info][gc,stats    ] Concurrent Weak Roots          =    0.109 s (a =     2379 us) (n =    46) (lvls, us =     1035,     1934,     2227,     2598,     5567)
[2026-04-03T03:36:22.370+0600][61.347s][info][gc,stats    ]   Roots                        =    0.092 s (a =     1998 us) (n =    46) (lvls, us =      775,     1641,     1914,     2227,     3292)
[2026-04-03T03:36:22.370+0600][61.347s][info][gc,stats    ]     CWR: <total>               =    0.229 s (a =     4977 us) (n =    46) (lvls, us =     1816,     3945,     4824,     5684,     8733)
[2026-04-03T03:36:22.370+0600][61.347s][info][gc,stats    ]     CWR: Code Cache Roots      =    0.144 s (a =     3132 us) (n =    46) (lvls, us =      727,     2598,     3125,     3438,     5063)
[2026-04-03T03:36:22.370+0600][61.347s][info][gc,stats    ]     CWR: VM Weak Roots         =    0.081 s (a =     1763 us) (n =    46) (lvls, us =      668,     1230,     1562,     1914,     3712)
[2026-04-03T03:36:22.370+0600][61.347s][info][gc,stats    ]     CWR: CLDG Roots            =    0.004 s (a =       83 us) (n =    46) (lvls, us =       15,       37,       75,      111,      174)
[2026-04-03T03:36:22.370+0600][61.347s][info][gc,stats    ]   Rendezvous                   =    0.013 s (a =      281 us) (n =    46) (lvls, us =      102,      180,      217,      277,     2262)
[2026-04-03T03:36:22.370+0600][61.347s][info][gc,stats    ] Concurrent Cleanup             =    0.025 s (a =      539 us) (n =    46) (lvls, us =      189,      281,      578,      705,     1240)
[2026-04-03T03:36:22.370+0600][61.347s][info][gc,stats    ] Concurrent Class Unloading     =    0.426 s (a =     9255 us) (n =    46) (lvls, us =     2266,     4238,     6289,     7949,    30672)
[2026-04-03T03:36:22.370+0600][61.347s][info][gc,stats    ]   Unlink Stale                 =    0.381 s (a =     8280 us) (n =    46) (lvls, us =     1465,     3906,     5684,     6973,    26967)
[2026-04-03T03:36:22.370+0600][61.347s][info][gc,stats    ]     System Dictionary          =    0.007 s (a =      156 us) (n =    46) (lvls, us =       25,       71,      100,      180,      490)
[2026-04-03T03:36:22.370+0600][61.347s][info][gc,stats    ]     Weak Class Links           =    0.127 s (a =     2768 us) (n =    46) (lvls, us =        0,        0,        0,        1,    17650)
[2026-04-03T03:36:22.370+0600][61.347s][info][gc,stats    ]     Code Roots                 =    0.246 s (a =     5351 us) (n =    46) (lvls, us =     1445,     3789,     5449,     6348,     8922)
[2026-04-03T03:36:22.370+0600][61.347s][info][gc,stats    ]   Rendezvous                   =    0.012 s (a =      271 us) (n =    46) (lvls, us =      107,      197,      270,      328,      520)
[2026-04-03T03:36:22.370+0600][61.347s][info][gc,stats    ]   Purge Unlinked               =    0.027 s (a =      588 us) (n =    46) (lvls, us =        9,       20,      229,      654,     5160)
[2026-04-03T03:36:22.370+0600][61.347s][info][gc,stats    ]     Code Roots                 =    0.024 s (a =      528 us) (n =    46) (lvls, us =        2,        7,      219,      553,     4995)
[2026-04-03T03:36:22.370+0600][61.347s][info][gc,stats    ]     CLDG                       =    0.003 s (a =       60 us) (n =    46) (lvls, us =        6,        8,       10,       18,      536)
[2026-04-03T03:36:22.370+0600][61.347s][info][gc,stats    ]     Exception Caches           =    0.000 s (a =        0 us) (n =    46) (lvls, us =        0,        0,        0,        0,        1)
[2026-04-03T03:36:22.370+0600][61.347s][info][gc,stats    ] Concurrent Strong Roots        =    0.038 s (a =     1006 us) (n =    38) (lvls, us =      416,      756,      955,     1094,     2267)
[2026-04-03T03:36:22.370+0600][61.347s][info][gc,stats    ]   CSR: <total>                 =    0.025 s (a =      654 us) (n =    38) (lvls, us =      232,      467,      586,      674,     1687)
[2026-04-03T03:36:22.370+0600][61.347s][info][gc,stats    ]   CSR: VM Strong Roots         =    0.002 s (a =       46 us) (n =    38) (lvls, us =       14,       27,       37,       55,      166)
[2026-04-03T03:36:22.370+0600][61.347s][info][gc,stats    ]   CSR: CLDG Roots              =    0.023 s (a =      608 us) (n =    38) (lvls, us =      219,      420,      512,      648,     1602)
[2026-04-03T03:36:22.370+0600][61.347s][info][gc,stats    ] Concurrent Evacuation          =    1.385 s (a =    36444 us) (n =    38) (lvls, us =     1875,    13867,    32422,    49609,    87478)
[2026-04-03T03:36:22.370+0600][61.347s][info][gc,stats    ] Pause Final Roots (G)          =    0.003 s (a =      393 us) (n =     8) (lvls, us =      234,      258,      297,      381,      833)
[2026-04-03T03:36:22.370+0600][61.347s][info][gc,stats    ] Pause Final Roots (N)          =    0.001 s (a =       71 us) (n =     8) (lvls, us =       45,       47,       50,       76,      151)
[2026-04-03T03:36:22.370+0600][61.347s][info][gc,stats    ] Pause Init Update Refs (G)     =    0.017 s (a =      459 us) (n =    38) (lvls, us =      275,      379,      443,      521,      726)
[2026-04-03T03:36:22.370+0600][61.347s][info][gc,stats    ] Pause Init Update Refs (N)     =    0.006 s (a =      149 us) (n =    38) (lvls, us =       73,      117,      141,      168,      259)
[2026-04-03T03:36:22.370+0600][61.347s][info][gc,stats    ]   Manage GCLABs                =    0.001 s (a =       31 us) (n =    38) (lvls, us =        8,       15,       27,       41,       71)
[2026-04-03T03:36:22.370+0600][61.347s][info][gc,stats    ] Concurrent Update Refs         =    6.917 s (a =   182026 us) (n =    38) (lvls, us =     3887,   111328,   183594,   246094,   355355)
[2026-04-03T03:36:22.370+0600][61.347s][info][gc,stats    ] Concurrent Update Thread Roots =    0.109 s (a =     2880 us) (n =    38) (lvls, us =      541,      918,     1172,     1348,    23372)
[2026-04-03T03:36:22.370+0600][61.347s][info][gc,stats    ] Pause Final Update Refs (G)    =    0.020 s (a =      536 us) (n =    38) (lvls, us =      332,      457,      531,      574,      825)
[2026-04-03T03:36:22.370+0600][61.347s][info][gc,stats    ] Pause Final Update Refs (N)    =    0.010 s (a =      251 us) (n =    38) (lvls, us =      156,      209,      242,      287,      355)
[2026-04-03T03:36:22.370+0600][61.347s][info][gc,stats    ]   Update Region States         =    0.003 s (a =       70 us) (n =    38) (lvls, us =       42,       56,       66,       77,      137)
[2026-04-03T03:36:22.370+0600][61.347s][info][gc,stats    ]   Trash Collection Set         =    0.001 s (a =       18 us) (n =    38) (lvls, us =        6,       12,       17,       20,       45)
[2026-04-03T03:36:22.370+0600][61.347s][info][gc,stats    ]   Rebuild Free Set             =    0.002 s (a =       42 us) (n =    38) (lvls, us =       23,       35,       42,       44,       73)
[2026-04-03T03:36:22.370+0600][61.347s][info][gc,stats    ] Concurrent Cleanup             =    0.020 s (a =      538 us) (n =    38) (lvls, us =      281,      359,      430,      684,     1177)
[2026-04-03T03:36:22.370+0600][61.347s][info][gc,stats    ] Pause Degenerated GC (G)       =    0.237 s (a =   236770 us) (n =     1) (lvls, us =   236328,   236328,   236328,   236328,   236770)
[2026-04-03T03:36:22.370+0600][61.347s][info][gc,stats    ] Pause Degenerated GC (N)       =    0.236 s (a =   236344 us) (n =     1) (lvls, us =   236328,   236328,   236328,   236328,   236344)
[2026-04-03T03:36:22.370+0600][61.347s][info][gc,stats    ]     System Purge               =    0.017 s (a =    16518 us) (n =     1) (lvls, us =    16406,    16406,    16406,    16406,    16518)
[2026-04-03T03:36:22.370+0600][61.347s][info][gc,stats    ]       Weak References          =    0.001 s (a =      597 us) (n =     1) (lvls, us =      596,      596,      596,      596,      597)
[2026-04-03T03:36:22.370+0600][61.347s][info][gc,stats    ]         WRP: <total>           =    0.000 s (a =      399 us) (n =     1) (lvls, us =      398,      398,      398,      398,      399)
[2026-04-03T03:36:22.371+0600][61.347s][info][gc,stats    ]         WRP: Weak References   =    0.000 s (a =      399 us) (n =     1) (lvls, us =      398,      398,      398,      398,      399)
[2026-04-03T03:36:22.371+0600][61.347s][info][gc,stats    ]       Unload Classes           =    0.013 s (a =    13381 us) (n =     1) (lvls, us =    13281,    13281,    13281,    13281,    13381)
[2026-04-03T03:36:22.371+0600][61.347s][info][gc,stats    ]         DCU: <total>           =    0.076 s (a =    75939 us) (n =     1) (lvls, us =    75781,    75781,    75781,    75781,    75939)
[2026-04-03T03:36:22.371+0600][61.348s][info][gc,stats    ]         DCU: Unload Code Caches =    0.019 s (a =    18948 us) (n =     1) (lvls, us =    18945,    18945,    18945,    18945,    18948)
[2026-04-03T03:36:22.371+0600][61.348s][info][gc,stats    ]         DCU: Unlink CLDs       =    0.057 s (a =    56991 us) (n =     1) (lvls, us =    56836,    56836,    56836,    56836,    56991)
[2026-04-03T03:36:22.371+0600][61.348s][info][gc,stats    ]       Weak Roots               =    0.000 s (a =      288 us) (n =     1) (lvls, us =      287,      287,      287,      287,      288)
[2026-04-03T03:36:22.371+0600][61.348s][info][gc,stats    ]         DWR: <total>           =    0.001 s (a =      802 us) (n =     1) (lvls, us =      801,      801,      801,      801,      802)
[2026-04-03T03:36:22.371+0600][61.348s][info][gc,stats    ]         DWR: VM Weak Roots     =    0.001 s (a =      802 us) (n =     1) (lvls, us =      801,      801,      801,      801,      802)
[2026-04-03T03:36:22.371+0600][61.348s][info][gc,stats    ]       CLDG                     =    0.000 s (a =       47 us) (n =     1) (lvls, us =       47,       47,       47,       47,       47)
[2026-04-03T03:36:22.371+0600][61.348s][info][gc,stats    ]   Update Region States         =    0.000 s (a =       68 us) (n =     1) (lvls, us =       68,       68,       68,       68,       68)
[2026-04-03T03:36:22.371+0600][61.348s][info][gc,stats    ]   Manage GC/TLABs              =    0.000 s (a =       12 us) (n =     1) (lvls, us =       12,       12,       12,       12,       12)
[2026-04-03T03:36:22.371+0600][61.348s][info][gc,stats    ]   Choose Collection Set        =    0.001 s (a =      820 us) (n =     1) (lvls, us =      820,      820,      820,      820,      820)
[2026-04-03T03:36:22.371+0600][61.348s][info][gc,stats    ]   Rebuild Free Set             =    0.000 s (a =       52 us) (n =     1) (lvls, us =       52,       52,       52,       52,       52)
[2026-04-03T03:36:22.371+0600][61.348s][info][gc,stats    ]   Evacuation                   =    0.042 s (a =    42302 us) (n =     1) (lvls, us =    42188,    42188,    42188,    42188,    42302)
[2026-04-03T03:36:22.371+0600][61.348s][info][gc,stats    ]   Manage GCLABs                =    0.000 s (a =       28 us) (n =     1) (lvls, us =       28,       28,       28,       28,       28)
[2026-04-03T03:36:22.371+0600][61.348s][info][gc,stats    ]   Update References            =    0.148 s (a =   148420 us) (n =     1) (lvls, us =   146484,   146484,   146484,   146484,   148420)
[2026-04-03T03:36:22.371+0600][61.348s][info][gc,stats    ]   Update Region States         =    0.000 s (a =       65 us) (n =     1) (lvls, us =       65,       65,       65,       65,       65)
[2026-04-03T03:36:22.371+0600][61.348s][info][gc,stats    ]   Trash Collection Set         =    0.000 s (a =       45 us) (n =     1) (lvls, us =       45,       45,       45,       45,       45)
[2026-04-03T03:36:22.371+0600][61.348s][info][gc,stats    ]   Rebuild Free Set             =    0.000 s (a =       63 us) (n =     1) (lvls, us =       62,       62,       62,       62,       63)
[2026-04-03T03:36:22.371+0600][61.348s][info][gc,stats    ]   Degen Update Roots           =    0.003 s (a =     3393 us) (n =     1) (lvls, us =     3379,     3379,     3379,     3379,     3393)
[2026-04-03T03:36:22.371+0600][61.348s][info][gc,stats    ]     DU: <total>                =    0.017 s (a =    17419 us) (n =     1) (lvls, us =    17383,    17383,    17383,    17383,    17419)
[2026-04-03T03:36:22.371+0600][61.348s][info][gc,stats    ]     DU: Thread Roots           =    0.001 s (a =      789 us) (n =     1) (lvls, us =      787,      787,      787,      787,      789)
[2026-04-03T03:36:22.371+0600][61.348s][info][gc,stats    ]     DU: Code Cache Roots       =    0.013 s (a =    12972 us) (n =     1) (lvls, us =    12891,    12891,    12891,    12891,    12972)
[2026-04-03T03:36:22.371+0600][61.348s][info][gc,stats    ]     DU: VM Strong Roots        =    0.000 s (a =       28 us) (n =     1) (lvls, us =       28,       28,       28,       28,       28)
[2026-04-03T03:36:22.371+0600][61.348s][info][gc,stats    ]     DU: VM Weak Roots          =    0.001 s (a =     1399 us) (n =     1) (lvls, us =     1387,     1387,     1387,     1387,     1399)
[2026-04-03T03:36:22.371+0600][61.348s][info][gc,stats    ]     DU: CLDG Roots             =    0.002 s (a =     2232 us) (n =     1) (lvls, us =     2227,     2227,     2227,     2227,     2232)
[2026-04-03T03:36:22.371+0600][61.348s][info][gc,stats    ]   Cleanup                      =    0.001 s (a =      855 us) (n =     1) (lvls, us =      854,      854,      854,      854,      855)
[2026-04-03T03:36:22.371+0600][61.348s][info][gc,stats    ] Concurrent Uncommit            =    0.503 s (a =   167690 us) (n =     3) (lvls, us =   136719,   136719,   136719,   138672,   224527)
[2026-04-03T03:36:22.371+0600][61.348s][info][gc,stats    ] Pacing                         =    5.140 s (a =   107081 us) (n =    48) (lvls, us =        0,        0,        0,   164062,   523859)
[2026-04-03T03:36:22.371+0600][61.348s][info][gc,stats    ] 
[2026-04-03T03:36:22.371+0600][61.348s][info][gc,stats    ] 
[2026-04-03T03:36:22.371+0600][61.348s][info][gc,stats    ] Under allocation pressure, concurrent cycles may cancel, and either continue cycle
[2026-04-03T03:36:22.371+0600][61.348s][info][gc,stats    ] under stop-the-world pause or result in stop-the-world Full GC. Increase heap size,
[2026-04-03T03:36:22.371+0600][61.348s][info][gc,stats    ] tune GC heuristics, set more aggressive pacing delay, or lower allocation rate
[2026-04-03T03:36:22.371+0600][61.348s][info][gc,stats    ] to avoid Degenerated and Full GC cycles.
[2026-04-03T03:36:22.371+0600][61.348s][info][gc,stats    ] 
[2026-04-03T03:36:22.371+0600][61.348s][info][gc,stats    ]    46 successful concurrent GCs
[2026-04-03T03:36:22.371+0600][61.348s][info][gc,stats    ]       3 invoked explicitly
[2026-04-03T03:36:22.371+0600][61.348s][info][gc,stats    ]       0 invoked implicitly
[2026-04-03T03:36:22.371+0600][61.348s][info][gc,stats    ] 
[2026-04-03T03:36:22.371+0600][61.348s][info][gc,stats    ]     1 Degenerated GCs
[2026-04-03T03:36:22.371+0600][61.348s][info][gc,stats    ]       1 caused by allocation failure
[2026-04-03T03:36:22.371+0600][61.348s][info][gc,stats    ]         1 happened at Mark
[2026-04-03T03:36:22.371+0600][61.348s][info][gc,stats    ]       0 upgraded to Full GC
[2026-04-03T03:36:22.371+0600][61.348s][info][gc,stats    ] 
[2026-04-03T03:36:22.371+0600][61.348s][info][gc,stats    ]     0 Full GCs
[2026-04-03T03:36:22.371+0600][61.348s][info][gc,stats    ]       0 invoked explicitly
[2026-04-03T03:36:22.371+0600][61.348s][info][gc,stats    ]       0 invoked implicitly
[2026-04-03T03:36:22.371+0600][61.348s][info][gc,stats    ]       0 caused by allocation failure
[2026-04-03T03:36:22.371+0600][61.348s][info][gc,stats    ]       0 upgraded from Degenerated GC
[2026-04-03T03:36:22.371+0600][61.348s][info][gc,stats    ] 
[2026-04-03T03:36:22.371+0600][61.348s][info][gc,stats    ] 
