[2026-04-03T03:32:14.525+0600][0.005s][info][gc,init] Initializing The Z Garbage Collector
[2026-04-03T03:32:14.525+0600][0.005s][info][gc,init] Version: 21.0.10+7-Ubuntu-124.04 (release)
[2026-04-03T03:32:14.525+0600][0.005s][info][gc,init] NUMA Support: Disabled
[2026-04-03T03:32:14.525+0600][0.005s][info][gc,init] CPUs: 12 total, 12 available
[2026-04-03T03:32:14.525+0600][0.005s][info][gc,init] Memory: 15683M
[2026-04-03T03:32:14.525+0600][0.005s][info][gc,init] Large Page Support: Disabled
[2026-04-03T03:32:14.525+0600][0.005s][info][gc,init] Address Space Type: Contiguous/Unrestricted/Complete
[2026-04-03T03:32:14.525+0600][0.005s][info][gc,init] Address Space Size: 28000M
[2026-04-03T03:32:14.525+0600][0.005s][info][gc,init] Heap Backing File: /memfd:java_heap
[2026-04-03T03:32:14.525+0600][0.005s][info][gc,init] Heap Backing Filesystem: tmpfs (0x1021994)
[2026-04-03T03:32:14.526+0600][0.005s][info][gc,init] Min Capacity: 8M
[2026-04-03T03:32:14.526+0600][0.005s][info][gc,init] Initial Capacity: 246M
[2026-04-03T03:32:14.526+0600][0.005s][info][gc,init] Max Capacity: 1750M
[2026-04-03T03:32:14.526+0600][0.005s][info][gc,init] Soft Max Capacity: 1750M
[2026-04-03T03:32:14.526+0600][0.005s][info][gc,init] Medium Page Size: 32M
[2026-04-03T03:32:14.526+0600][0.006s][info][gc,init] Pre-touch: Disabled
[2026-04-03T03:32:14.526+0600][0.006s][info][gc,init] Available space on backing filesystem: N/A
[2026-04-03T03:32:14.527+0600][0.006s][info][gc,init] Uncommit: Enabled
[2026-04-03T03:32:14.527+0600][0.006s][info][gc,init] Uncommit Delay: 300s
[2026-04-03T03:32:14.527+0600][0.006s][info][gc,init] GC Workers for Old Generation: 3 (dynamic)
[2026-04-03T03:32:14.527+0600][0.007s][info][gc,init] GC Workers for Young Generation: 3 (dynamic)
[2026-04-03T03:32:14.606+0600][0.085s][info][gc,init] GC Workers Max: 3 (dynamic)
[2026-04-03T03:32:14.606+0600][0.086s][info][gc,init] Runtime Workers: 8
[2026-04-03T03:32:14.607+0600][0.087s][info][gc     ] Using The Z Garbage Collector
[2026-04-03T03:32:14.617+0600][0.097s][info][gc,metaspace] CDS archive(s) mapped at: [0x00007cc57f000000-0x00007cc57fc9c000-0x00007cc57fc9c000), size 13221888, SharedBaseAddress: 0x00007cc57f000000, ArchiveRelocationMode: 1.
[2026-04-03T03:32:14.617+0600][0.097s][info][gc,metaspace] Compressed class space mapped at: 0x00007cc580000000-0x00007cc5c0000000, reserved size: 1073741824
[2026-04-03T03:32:14.617+0600][0.097s][info][gc,metaspace] Narrow klass base: 0x00007cc57f000000, Narrow klass shift: 0, Narrow klass range: 0x100000000
[2026-04-03T03:32:15.370+0600][0.849s][info][gc          ] GC(0) Major Collection (Warmup)
[2026-04-03T03:32:15.370+0600][0.849s][info][gc,task     ] GC(0) Using 3 Workers for Young Generation
[2026-04-03T03:32:15.370+0600][0.849s][info][gc,task     ] GC(0) Using 2 Workers for Old Generation
[2026-04-03T03:32:15.370+0600][0.849s][info][gc,phases   ] GC(0) Y: Young Generation
[2026-04-03T03:32:15.370+0600][0.850s][info][gc,phases   ] GC(0) Y: Pause Mark Start (Major) 0.027ms
[2026-04-03T03:32:15.376+0600][0.856s][info][gc,phases   ] GC(0) Y: Concurrent Mark 6.281ms
[2026-04-03T03:32:15.377+0600][0.856s][info][gc,phases   ] GC(0) Y: Pause Mark End 0.018ms
[2026-04-03T03:32:15.377+0600][0.856s][info][gc,phases   ] GC(0) Y: Concurrent Mark Free 0.001ms
[2026-04-03T03:32:15.377+0600][0.856s][info][gc,phases   ] GC(0) Y: Concurrent Reset Relocation Set 0.001ms
[2026-04-03T03:32:15.383+0600][0.863s][info][gc,reloc    ] GC(0) Y: Using tenuring threshold: 1 (Computed)
[2026-04-03T03:32:15.384+0600][0.863s][info][gc,phases   ] GC(0) Y: Concurrent Select Relocation Set 6.931ms
[2026-04-03T03:32:15.384+0600][0.864s][info][gc,phases   ] GC(0) Y: Pause Relocate Start 0.016ms
[2026-04-03T03:32:15.387+0600][0.867s][info][gc,phases   ] GC(0) Y: Concurrent Relocate 3.059ms
[2026-04-03T03:32:15.387+0600][0.867s][info][gc,alloc    ] GC(0) Y:                         Mark Start        Mark End      Relocate Start    Relocate End   
[2026-04-03T03:32:15.387+0600][0.867s][info][gc,alloc    ] GC(0) Y: Allocation Stalls:          0                0                0                0         
[2026-04-03T03:32:15.387+0600][0.867s][info][gc,load     ] GC(0) Y: Load: 3.89 (32%) / 4.22 (35%) / 4.80 (40%)
[2026-04-03T03:32:15.387+0600][0.867s][info][gc,mmu      ] GC(0) Y: MMU: 2ms/98.6%, 5ms/99.5%, 10ms/99.6%, 20ms/99.7%, 50ms/99.9%, 100ms/99.9%
[2026-04-03T03:32:15.387+0600][0.867s][info][gc,marking  ] GC(0) Y: Mark: 2 stripe(s), 2 proactive flush(es), 1 terminate flush(es), 0 completion(s), 0 continuation(s) 
[2026-04-03T03:32:15.387+0600][0.867s][info][gc,marking  ] GC(0) Y: Mark Stack Usage: 32M
[2026-04-03T03:32:15.387+0600][0.867s][info][gc,nmethod  ] GC(0) Y: NMethods: 945 registered, 0 unregistered
[2026-04-03T03:32:15.387+0600][0.867s][info][gc,metaspace] GC(0) Y: Metaspace: 6M used, 6M committed, 1088M reserved
[2026-04-03T03:32:15.387+0600][0.867s][info][gc,reloc    ] GC(0) Y:                        Candidates     Selected     In-Place         Size        Empty    Relocated 
[2026-04-03T03:32:15.387+0600][0.867s][info][gc,reloc    ] GC(0) Y: Small Pages:                   88           85            0         176M           0M           1M 
[2026-04-03T03:32:15.387+0600][0.867s][info][gc,reloc    ] GC(0) Y: Medium Pages:                   0            0            0           0M           0M           0M 
[2026-04-03T03:32:15.387+0600][0.867s][info][gc,reloc    ] GC(0) Y: Large Pages:                    0            0            0           0M           0M           0M 
[2026-04-03T03:32:15.387+0600][0.867s][info][gc,reloc    ] GC(0) Y: Forwarding Usage: 0M
[2026-04-03T03:32:15.387+0600][0.867s][info][gc,reloc    ] GC(0) Y: Age Table:
[2026-04-03T03:32:15.387+0600][0.867s][info][gc,reloc    ] GC(0) Y:                    Live             Garbage             Small              Medium             Large        
[2026-04-03T03:32:15.387+0600][0.867s][info][gc,reloc    ] GC(0) Y: Eden               3M (0%)          172M (10%)         88 / 85             0 / 0              0 / 0        
[2026-04-03T03:32:15.387+0600][0.867s][info][gc,heap     ] GC(0) Y: Min Capacity: 8M(0%)
[2026-04-03T03:32:15.387+0600][0.867s][info][gc,heap     ] GC(0) Y: Max Capacity: 1750M(100%)
[2026-04-03T03:32:15.387+0600][0.867s][info][gc,heap     ] GC(0) Y: Soft Max Capacity: 1750M(100%)
[2026-04-03T03:32:15.387+0600][0.867s][info][gc,heap     ] GC(0) Y: Heap Statistics:
[2026-04-03T03:32:15.387+0600][0.867s][info][gc,heap     ] GC(0) Y:                Mark Start          Mark End        Relocate Start      Relocate End           High               Low         
[2026-04-03T03:32:15.387+0600][0.867s][info][gc,heap     ] GC(0) Y:  Capacity:      246M (14%)         246M (14%)         246M (14%)         246M (14%)         246M (14%)         246M (14%)    
[2026-04-03T03:32:15.387+0600][0.867s][info][gc,heap     ] GC(0) Y:      Free:     1574M (90%)        1570M (90%)        1568M (90%)        1732M (99%)        1732M (99%)        1562M (89%)    
[2026-04-03T03:32:15.387+0600][0.867s][info][gc,heap     ] GC(0) Y:      Used:      176M (10%)         180M (10%)         182M (10%)          18M (1%)          188M (11%)          18M (1%)     
[2026-04-03T03:32:15.387+0600][0.867s][info][gc,heap     ] GC(0) Y: Young Generation Statistics:
[2026-04-03T03:32:15.387+0600][0.867s][info][gc,heap     ] GC(0) Y:                Mark Start          Mark End        Relocate Start      Relocate End    
[2026-04-03T03:32:15.387+0600][0.867s][info][gc,heap     ] GC(0) Y:      Used:      176M (10%)         180M (10%)         182M (10%)          18M (1%)     
[2026-04-03T03:32:15.387+0600][0.867s][info][gc,heap     ] GC(0) Y:      Live:         -                 3M (0%)            3M (0%)            3M (0%)     
[2026-04-03T03:32:15.387+0600][0.867s][info][gc,heap     ] GC(0) Y:   Garbage:         -               172M (10%)         172M (10%)           1M (0%)     
[2026-04-03T03:32:15.387+0600][0.867s][info][gc,heap     ] GC(0) Y: Allocated:         -                 4M (0%)            6M (0%)           12M (1%)     
[2026-04-03T03:32:15.387+0600][0.867s][info][gc,heap     ] GC(0) Y: Reclaimed:         -                  -                 0M (0%)          170M (10%)    
[2026-04-03T03:32:15.387+0600][0.867s][info][gc,heap     ] GC(0) Y:  Promoted:         -                  -                 0M (0%)            0M (0%)     
[2026-04-03T03:32:15.387+0600][0.867s][info][gc,heap     ] GC(0) Y: Compacted:         -                  -                  -                 1M (0%)     
[2026-04-03T03:32:15.387+0600][0.867s][info][gc,phases   ] GC(0) Y: Young Generation 176M(10%)->18M(1%) 0.017s
[2026-04-03T03:32:15.387+0600][0.867s][info][gc,phases   ] GC(0) O: Old Generation
[2026-04-03T03:32:15.388+0600][0.868s][info][gc,phases   ] GC(0) O: Concurrent Mark 0.920ms
[2026-04-03T03:32:15.389+0600][0.868s][info][gc,phases   ] GC(0) O: Pause Mark End 0.019ms
[2026-04-03T03:32:15.389+0600][0.868s][info][gc,phases   ] GC(0) O: Concurrent Mark Free 0.022ms
[2026-04-03T03:32:15.391+0600][0.870s][info][gc,phases   ] GC(0) O: Concurrent Process Non-Strong 1.780ms
[2026-04-03T03:32:15.391+0600][0.870s][info][gc,phases   ] GC(0) O: Concurrent Reset Relocation Set 0.000ms
[2026-04-03T03:32:15.392+0600][0.872s][info][gc,phases   ] GC(0) O: Concurrent Select Relocation Set 1.529ms
[2026-04-03T03:32:15.392+0600][0.872s][info][gc,task     ] GC(0) O: Using 3 Workers for Old Generation
[2026-04-03T03:32:15.405+0600][0.884s][info][gc,task     ] GC(0) O: Using 2 Workers for Old Generation
[2026-04-03T03:32:15.405+0600][0.884s][info][gc,phases   ] GC(0) O: Concurrent Remap Roots 12.625ms
[2026-04-03T03:32:15.406+0600][0.885s][info][gc,phases   ] GC(0) O: Pause Relocate Start 0.017ms
[2026-04-03T03:32:15.406+0600][0.886s][info][gc,phases   ] GC(0) O: Concurrent Relocate 0.147ms
[2026-04-03T03:32:15.406+0600][0.886s][info][gc,alloc    ] GC(0) O:                         Mark Start        Mark End      Relocate Start    Relocate End   
[2026-04-03T03:32:15.406+0600][0.886s][info][gc,alloc    ] GC(0) O: Allocation Stalls:          0                0                0                0         
[2026-04-03T03:32:15.406+0600][0.886s][info][gc,load     ] GC(0) O: Load: 3.89 (32%) / 4.22 (35%) / 4.80 (40%)
[2026-04-03T03:32:15.406+0600][0.886s][info][gc,mmu      ] GC(0) O: MMU: 2ms/98.6%, 5ms/99.3%, 10ms/99.6%, 20ms/99.6%, 50ms/99.8%, 100ms/99.9%
[2026-04-03T03:32:15.406+0600][0.886s][info][gc,marking  ] GC(0) O: Mark: 2 stripe(s), 1 proactive flush(es), 1 terminate flush(es), 0 completion(s), 0 continuation(s) 
[2026-04-03T03:32:15.406+0600][0.886s][info][gc,marking  ] GC(0) O: Mark Stack Usage: 0M
[2026-04-03T03:32:15.406+0600][0.886s][info][gc,nmethod  ] GC(0) O: NMethods: 890 registered, 87 unregistered
[2026-04-03T03:32:15.406+0600][0.886s][info][gc,metaspace] GC(0) O: Metaspace: 6M used, 6M committed, 1088M reserved
[2026-04-03T03:32:15.406+0600][0.886s][info][gc,ref      ] GC(0) O:                       Encountered   Discovered     Enqueued 
[2026-04-03T03:32:15.406+0600][0.886s][info][gc,ref      ] GC(0) O: Soft References:              186            0            0 
[2026-04-03T03:32:15.406+0600][0.886s][info][gc,ref      ] GC(0) O: Weak References:              584            0            0 
[2026-04-03T03:32:15.406+0600][0.886s][info][gc,ref      ] GC(0) O: Final References:               0            0            0 
[2026-04-03T03:32:15.406+0600][0.886s][info][gc,ref      ] GC(0) O: Phantom References:            25            0            0 
[2026-04-03T03:32:15.406+0600][0.886s][info][gc,heap     ] GC(0) O: Min Capacity: 8M(0%)
[2026-04-03T03:32:15.406+0600][0.886s][info][gc,heap     ] GC(0) O: Max Capacity: 1750M(100%)
[2026-04-03T03:32:15.406+0600][0.886s][info][gc,heap     ] GC(0) O: Soft Max Capacity: 1750M(100%)
[2026-04-03T03:32:15.406+0600][0.886s][info][gc,heap     ] GC(0) O: Heap Statistics:
[2026-04-03T03:32:15.406+0600][0.886s][info][gc,heap     ] GC(0) O:                Mark Start          Mark End        Relocate Start      Relocate End           High               Low         
[2026-04-03T03:32:15.406+0600][0.886s][info][gc,heap     ] GC(0) O:  Capacity:      246M (14%)         246M (14%)         246M (14%)         246M (14%)         246M (14%)         246M (14%)    
[2026-04-03T03:32:15.406+0600][0.886s][info][gc,heap     ] GC(0) O:      Free:     1574M (90%)        1732M (99%)        1730M (99%)        1730M (99%)        1732M (99%)        1562M (89%)    
[2026-04-03T03:32:15.406+0600][0.886s][info][gc,heap     ] GC(0) O:      Used:      176M (10%)          18M (1%)           20M (1%)           20M (1%)          188M (11%)          18M (1%)     
[2026-04-03T03:32:15.406+0600][0.886s][info][gc,heap     ] GC(0) O: Old Generation Statistics:
[2026-04-03T03:32:15.406+0600][0.886s][info][gc,heap     ] GC(0) O:                Mark Start          Mark End        Relocate Start      Relocate End    
[2026-04-03T03:32:15.406+0600][0.886s][info][gc,heap     ] GC(0) O:      Used:        0M (0%)            0M (0%)            0M (0%)            0M (0%)     
[2026-04-03T03:32:15.406+0600][0.886s][info][gc,heap     ] GC(0) O:      Live:         -                 0M (0%)            0M (0%)            0M (0%)     
[2026-04-03T03:32:15.406+0600][0.886s][info][gc,heap     ] GC(0) O:   Garbage:         -                 0M (0%)            0M (0%)            0M (0%)     
[2026-04-03T03:32:15.406+0600][0.886s][info][gc,heap     ] GC(0) O: Allocated:         -                 0M (0%)            0M (0%)            0M (0%)     
[2026-04-03T03:32:15.406+0600][0.886s][info][gc,heap     ] GC(0) O: Reclaimed:         -                  -                 0M (0%)            0M (0%)     
[2026-04-03T03:32:15.406+0600][0.886s][info][gc,heap     ] GC(0) O: Compacted:         -                  -                  -                 0M (0%)     
[2026-04-03T03:32:15.406+0600][0.886s][info][gc,phases   ] GC(0) O: Old Generation 18M(1%)->20M(1%) 0.019s
[2026-04-03T03:32:15.406+0600][0.886s][info][gc          ] GC(0) Major Collection (Warmup) 176M(10%)->20M(1%) 0.037s
[2026-04-03T03:32:18.424+0600][3.904s][info][gc          ] GC(1) Major Collection (Warmup)
[2026-04-03T03:32:18.424+0600][3.904s][info][gc,task     ] GC(1) Using 3 Workers for Young Generation
[2026-04-03T03:32:18.424+0600][3.904s][info][gc,task     ] GC(1) Using 1 Workers for Old Generation
[2026-04-03T03:32:18.424+0600][3.904s][info][gc,phases   ] GC(1) Y: Young Generation
[2026-04-03T03:32:18.425+0600][3.904s][info][gc,phases   ] GC(1) Y: Pause Mark Start (Major) 0.022ms
[2026-04-03T03:32:18.440+0600][3.920s][info][gc,phases   ] GC(1) Y: Concurrent Mark 15.638ms
[2026-04-03T03:32:18.441+0600][3.920s][info][gc,phases   ] GC(1) Y: Pause Mark End 0.051ms
[2026-04-03T03:32:18.441+0600][3.920s][info][gc,phases   ] GC(1) Y: Concurrent Mark Free 0.001ms
[2026-04-03T03:32:18.441+0600][3.920s][info][gc,phases   ] GC(1) Y: Concurrent Reset Relocation Set 0.018ms
[2026-04-03T03:32:18.446+0600][3.926s][info][gc,reloc    ] GC(1) Y: Using tenuring threshold: 2 (Computed)
[2026-04-03T03:32:18.448+0600][3.928s][info][gc,phases   ] GC(1) Y: Concurrent Select Relocation Set 7.174ms
[2026-04-03T03:32:18.448+0600][3.928s][info][gc,phases   ] GC(1) Y: Pause Relocate Start 0.018ms
[2026-04-03T03:32:18.462+0600][3.942s][info][gc,phases   ] GC(1) Y: Concurrent Relocate 14.051ms
[2026-04-03T03:32:18.462+0600][3.942s][info][gc,alloc    ] GC(1) Y:                         Mark Start        Mark End      Relocate Start    Relocate End   
[2026-04-03T03:32:18.462+0600][3.942s][info][gc,alloc    ] GC(1) Y: Allocation Stalls:          0                0                0                0         
[2026-04-03T03:32:18.462+0600][3.942s][info][gc,load     ] GC(1) Y: Load: 3.65 (30%) / 4.17 (35%) / 4.78 (40%)
[2026-04-03T03:32:18.462+0600][3.942s][info][gc,mmu      ] GC(1) Y: MMU: 2ms/97.5%, 5ms/99.0%, 10ms/99.3%, 20ms/99.6%, 50ms/99.8%, 100ms/99.9%
[2026-04-03T03:32:18.462+0600][3.942s][info][gc,marking  ] GC(1) Y: Mark: 2 stripe(s), 3 proactive flush(es), 1 terminate flush(es), 0 completion(s), 0 continuation(s) 
[2026-04-03T03:32:18.462+0600][3.942s][info][gc,marking  ] GC(1) Y: Mark Stack Usage: 32M
[2026-04-03T03:32:18.462+0600][3.942s][info][gc,nmethod  ] GC(1) Y: NMethods: 1646 registered, 0 unregistered
[2026-04-03T03:32:18.462+0600][3.942s][info][gc,metaspace] GC(1) Y: Metaspace: 17M used, 17M committed, 1088M reserved
[2026-04-03T03:32:18.463+0600][3.942s][info][gc,reloc    ] GC(1) Y:                        Candidates     Selected     In-Place         Size        Empty    Relocated 
[2026-04-03T03:32:18.463+0600][3.942s][info][gc,reloc    ] GC(1) Y: Small Pages:                  159          151            0         318M           0M           7M 
[2026-04-03T03:32:18.463+0600][3.942s][info][gc,reloc    ] GC(1) Y: Medium Pages:                   1            0            0          32M           0M           0M 
[2026-04-03T03:32:18.463+0600][3.942s][info][gc,reloc    ] GC(1) Y: Large Pages:                    0            0            0           0M           0M           0M 
[2026-04-03T03:32:18.463+0600][3.942s][info][gc,reloc    ] GC(1) Y: Forwarding Usage: 1M
[2026-04-03T03:32:18.463+0600][3.942s][info][gc,reloc    ] GC(1) Y: Age Table:
[2026-04-03T03:32:18.463+0600][3.942s][info][gc,reloc    ] GC(1) Y:                    Live             Garbage             Small              Medium             Large        
[2026-04-03T03:32:18.463+0600][3.942s][info][gc,reloc    ] GC(1) Y: Eden              14M (1%)          323M (18%)        153 / 148            1 / 0              0 / 0        
[2026-04-03T03:32:18.463+0600][3.942s][info][gc,reloc    ] GC(1) Y: Survivor 1         3M (0%)            8M (0%)           6 / 3              0 / 0              0 / 0        
[2026-04-03T03:32:18.463+0600][3.942s][info][gc,heap     ] GC(1) Y: Min Capacity: 8M(0%)
[2026-04-03T03:32:18.463+0600][3.942s][info][gc,heap     ] GC(1) Y: Max Capacity: 1750M(100%)
[2026-04-03T03:32:18.463+0600][3.942s][info][gc,heap     ] GC(1) Y: Soft Max Capacity: 1750M(100%)
[2026-04-03T03:32:18.463+0600][3.942s][info][gc,heap     ] GC(1) Y: Heap Statistics:
[2026-04-03T03:32:18.463+0600][3.942s][info][gc,heap     ] GC(1) Y:                Mark Start          Mark End        Relocate Start      Relocate End           High               Low         
[2026-04-03T03:32:18.463+0600][3.942s][info][gc,heap     ] GC(1) Y:  Capacity:      350M (20%)         352M (20%)         352M (20%)         368M (21%)         368M (21%)         350M (20%)    
[2026-04-03T03:32:18.463+0600][3.942s][info][gc,heap     ] GC(1) Y:      Free:     1400M (80%)        1398M (80%)        1398M (80%)        1692M (97%)        1692M (97%)        1382M (79%)    
[2026-04-03T03:32:18.463+0600][3.942s][info][gc,heap     ] GC(1) Y:      Used:      350M (20%)         352M (20%)         352M (20%)          58M (3%)          368M (21%)          58M (3%)     
[2026-04-03T03:32:18.463+0600][3.942s][info][gc,heap     ] GC(1) Y: Young Generation Statistics:
[2026-04-03T03:32:18.463+0600][3.942s][info][gc,heap     ] GC(1) Y:                Mark Start          Mark End        Relocate Start      Relocate End    
[2026-04-03T03:32:18.463+0600][3.942s][info][gc,heap     ] GC(1) Y:      Used:      350M (20%)         352M (20%)         352M (20%)          58M (3%)     
[2026-04-03T03:32:18.463+0600][3.942s][info][gc,heap     ] GC(1) Y:      Live:         -                18M (1%)           18M (1%)           18M (1%)     
[2026-04-03T03:32:18.463+0600][3.942s][info][gc,heap     ] GC(1) Y:   Garbage:         -               331M (19%)         331M (19%)          27M (2%)     
[2026-04-03T03:32:18.463+0600][3.942s][info][gc,heap     ] GC(1) Y: Allocated:         -                 2M (0%)            2M (0%)           12M (1%)     
[2026-04-03T03:32:18.463+0600][3.942s][info][gc,heap     ] GC(1) Y: Reclaimed:         -                  -                 0M (0%)          304M (17%)    
[2026-04-03T03:32:18.463+0600][3.942s][info][gc,heap     ] GC(1) Y:  Promoted:         -                  -                 0M (0%)            0M (0%)     
[2026-04-03T03:32:18.463+0600][3.942s][info][gc,heap     ] GC(1) Y: Compacted:         -                  -                  -                11M (1%)     
[2026-04-03T03:32:18.463+0600][3.942s][info][gc,phases   ] GC(1) Y: Young Generation 350M(20%)->58M(3%) 0.038s
[2026-04-03T03:32:18.463+0600][3.942s][info][gc,phases   ] GC(1) O: Old Generation
[2026-04-03T03:32:18.464+0600][3.944s][info][gc,phases   ] GC(1) O: Concurrent Mark 1.086ms
[2026-04-03T03:32:18.464+0600][3.944s][info][gc,phases   ] GC(1) O: Pause Mark End 0.030ms
[2026-04-03T03:32:18.464+0600][3.944s][info][gc,phases   ] GC(1) O: Concurrent Mark Free 0.001ms
[2026-04-03T03:32:18.472+0600][3.952s][info][gc,phases   ] GC(1) O: Concurrent Process Non-Strong 7.881ms
[2026-04-03T03:32:18.472+0600][3.952s][info][gc,phases   ] GC(1) O: Concurrent Reset Relocation Set 0.001ms
[2026-04-03T03:32:18.477+0600][3.957s][info][gc,phases   ] GC(1) O: Concurrent Select Relocation Set 4.941ms
[2026-04-03T03:32:18.477+0600][3.957s][info][gc,task     ] GC(1) O: Using 3 Workers for Old Generation
[2026-04-03T03:32:18.492+0600][3.972s][info][gc,task     ] GC(1) O: Using 1 Workers for Old Generation
[2026-04-03T03:32:18.492+0600][3.972s][info][gc,phases   ] GC(1) O: Concurrent Remap Roots 14.797ms
[2026-04-03T03:32:18.492+0600][3.972s][info][gc,phases   ] GC(1) O: Pause Relocate Start 0.023ms
[2026-04-03T03:32:18.493+0600][3.972s][info][gc,phases   ] GC(1) O: Concurrent Relocate 0.319ms
[2026-04-03T03:32:18.493+0600][3.972s][info][gc,alloc    ] GC(1) O:                         Mark Start        Mark End      Relocate Start    Relocate End   
[2026-04-03T03:32:18.493+0600][3.972s][info][gc,alloc    ] GC(1) O: Allocation Stalls:          0                0                0                0         
[2026-04-03T03:32:18.493+0600][3.972s][info][gc,load     ] GC(1) O: Load: 3.65 (30%) / 4.17 (35%) / 4.78 (40%)
[2026-04-03T03:32:18.493+0600][3.972s][info][gc,mmu      ] GC(1) O: MMU: 2ms/97.5%, 5ms/99.0%, 10ms/99.3%, 20ms/99.6%, 50ms/99.8%, 100ms/99.9%
[2026-04-03T03:32:18.493+0600][3.972s][info][gc,marking  ] GC(1) O: Mark: 1 stripe(s), 1 proactive flush(es), 1 terminate flush(es), 0 completion(s), 0 continuation(s) 
[2026-04-03T03:32:18.493+0600][3.972s][info][gc,marking  ] GC(1) O: Mark Stack Usage: 0M
[2026-04-03T03:32:18.493+0600][3.972s][info][gc,nmethod  ] GC(1) O: NMethods: 1513 registered, 140 unregistered
[2026-04-03T03:32:18.493+0600][3.972s][info][gc,metaspace] GC(1) O: Metaspace: 17M used, 17M committed, 1088M reserved
[2026-04-03T03:32:18.493+0600][3.972s][info][gc,ref      ] GC(1) O:                       Encountered   Discovered     Enqueued 
[2026-04-03T03:32:18.493+0600][3.972s][info][gc,ref      ] GC(1) O: Soft References:              325            0            0 
[2026-04-03T03:32:18.493+0600][3.972s][info][gc,ref      ] GC(1) O: Weak References:             1339            0            0 
[2026-04-03T03:32:18.493+0600][3.972s][info][gc,ref      ] GC(1) O: Final References:               0            0            0 
[2026-04-03T03:32:18.493+0600][3.972s][info][gc,ref      ] GC(1) O: Phantom References:           563            0            0 
[2026-04-03T03:32:18.493+0600][3.972s][info][gc,heap     ] GC(1) O: Min Capacity: 8M(0%)
[2026-04-03T03:32:18.493+0600][3.972s][info][gc,heap     ] GC(1) O: Max Capacity: 1750M(100%)
[2026-04-03T03:32:18.493+0600][3.972s][info][gc,heap     ] GC(1) O: Soft Max Capacity: 1750M(100%)
[2026-04-03T03:32:18.493+0600][3.972s][info][gc,heap     ] GC(1) O: Heap Statistics:
[2026-04-03T03:32:18.493+0600][3.972s][info][gc,heap     ] GC(1) O:                Mark Start          Mark End        Relocate Start      Relocate End           High               Low         
[2026-04-03T03:32:18.493+0600][3.972s][info][gc,heap     ] GC(1) O:  Capacity:      350M (20%)         368M (21%)         368M (21%)         368M (21%)         368M (21%)         350M (20%)    
[2026-04-03T03:32:18.493+0600][3.972s][info][gc,heap     ] GC(1) O:      Free:     1400M (80%)        1690M (97%)        1688M (96%)        1688M (96%)        1692M (97%)        1382M (79%)    
[2026-04-03T03:32:18.493+0600][3.972s][info][gc,heap     ] GC(1) O:      Used:      350M (20%)          60M (3%)           62M (4%)           62M (4%)          368M (21%)          58M (3%)     
[2026-04-03T03:32:18.493+0600][3.972s][info][gc,heap     ] GC(1) O: Old Generation Statistics:
[2026-04-03T03:32:18.493+0600][3.972s][info][gc,heap     ] GC(1) O:                Mark Start          Mark End        Relocate Start      Relocate End    
[2026-04-03T03:32:18.493+0600][3.973s][info][gc,heap     ] GC(1) O:      Used:        0M (0%)            0M (0%)            0M (0%)            0M (0%)     
[2026-04-03T03:32:18.493+0600][3.973s][info][gc,heap     ] GC(1) O:      Live:         -                 0M (0%)            0M (0%)            0M (0%)     
[2026-04-03T03:32:18.493+0600][3.973s][info][gc,heap     ] GC(1) O:   Garbage:         -                 0M (0%)            0M (0%)            0M (0%)     
[2026-04-03T03:32:18.493+0600][3.973s][info][gc,heap     ] GC(1) O: Allocated:         -                 0M (0%)            0M (0%)            0M (0%)     
[2026-04-03T03:32:18.493+0600][3.973s][info][gc,heap     ] GC(1) O: Reclaimed:         -                  -                 0M (0%)            0M (0%)     
[2026-04-03T03:32:18.493+0600][3.973s][info][gc,heap     ] GC(1) O: Compacted:         -                  -                  -                 0M (0%)     
[2026-04-03T03:32:18.493+0600][3.973s][info][gc,phases   ] GC(1) O: Old Generation 60M(3%)->62M(4%) 0.030s
[2026-04-03T03:32:18.493+0600][3.973s][info][gc          ] GC(1) Major Collection (Warmup) 350M(20%)->62M(4%) 0.069s
[2026-04-03T03:32:20.097+0600][5.577s][info][gc          ] GC(2) Major Collection (Metadata GC Threshold)
[2026-04-03T03:32:20.097+0600][5.577s][info][gc,task     ] GC(2) Using 1 Workers for Young Generation
[2026-04-03T03:32:20.097+0600][5.577s][info][gc,task     ] GC(2) Using 1 Workers for Old Generation
[2026-04-03T03:32:20.097+0600][5.577s][info][gc,phases   ] GC(2) Y: Young Generation
[2026-04-03T03:32:20.098+0600][5.577s][info][gc,phases   ] GC(2) Y: Pause Mark Start (Major) 0.018ms
[2026-04-03T03:32:20.135+0600][5.615s][info][gc,phases   ] GC(2) Y: Concurrent Mark 37.189ms
[2026-04-03T03:32:20.135+0600][5.615s][info][gc,phases   ] GC(2) Y: Pause Mark End 0.018ms
[2026-04-03T03:32:20.135+0600][5.615s][info][gc,phases   ] GC(2) Y: Concurrent Mark Free 0.001ms
[2026-04-03T03:32:20.135+0600][5.615s][info][gc,phases   ] GC(2) Y: Concurrent Reset Relocation Set 0.011ms
[2026-04-03T03:32:20.139+0600][5.619s][info][gc,reloc    ] GC(2) Y: Using tenuring threshold: 3 (Computed)
[2026-04-03T03:32:20.141+0600][5.620s][info][gc,phases   ] GC(2) Y: Concurrent Select Relocation Set 5.315ms
[2026-04-03T03:32:20.141+0600][5.620s][info][gc,phases   ] GC(2) Y: Pause Relocate Start 0.011ms
[2026-04-03T03:32:20.152+0600][5.631s][info][gc,phases   ] GC(2) Y: Concurrent Relocate 10.663ms
[2026-04-03T03:32:20.152+0600][5.631s][info][gc,alloc    ] GC(2) Y:                         Mark Start        Mark End      Relocate Start    Relocate End   
[2026-04-03T03:32:20.152+0600][5.631s][info][gc,alloc    ] GC(2) Y: Allocation Stalls:          0                0                0                0         
[2026-04-03T03:32:20.152+0600][5.631s][info][gc,load     ] GC(2) Y: Load: 3.65 (30%) / 4.17 (35%) / 4.78 (40%)
[2026-04-03T03:32:20.152+0600][5.631s][info][gc,mmu      ] GC(2) Y: MMU: 2ms/97.5%, 5ms/99.0%, 10ms/99.3%, 20ms/99.6%, 50ms/99.8%, 100ms/99.9%
[2026-04-03T03:32:20.152+0600][5.631s][info][gc,marking  ] GC(2) Y: Mark: 1 stripe(s), 2 proactive flush(es), 1 terminate flush(es), 0 completion(s), 0 continuation(s) 
[2026-04-03T03:32:20.152+0600][5.631s][info][gc,marking  ] GC(2) Y: Mark Stack Usage: 32M
[2026-04-03T03:32:20.152+0600][5.631s][info][gc,nmethod  ] GC(2) Y: NMethods: 2553 registered, 140 unregistered
[2026-04-03T03:32:20.152+0600][5.631s][info][gc,metaspace] GC(2) Y: Metaspace: 30M used, 30M committed, 1088M reserved
[2026-04-03T03:32:20.152+0600][5.631s][info][gc,reloc    ] GC(2) Y:                        Candidates     Selected     In-Place         Size        Empty    Relocated 
[2026-04-03T03:32:20.152+0600][5.631s][info][gc,reloc    ] GC(2) Y: Small Pages:                   68           56            0         136M           4M           5M 
[2026-04-03T03:32:20.152+0600][5.631s][info][gc,reloc    ] GC(2) Y: Medium Pages:                   2            0            0          64M          32M           0M 
[2026-04-03T03:32:20.152+0600][5.631s][info][gc,reloc    ] GC(2) Y: Large Pages:                    0            0            0           0M           0M           0M 
[2026-04-03T03:32:20.152+0600][5.631s][info][gc,reloc    ] GC(2) Y: Forwarding Usage: 2M
[2026-04-03T03:32:20.152+0600][5.631s][info][gc,reloc    ] GC(2) Y: Age Table:
[2026-04-03T03:32:20.152+0600][5.631s][info][gc,reloc    ] GC(2) Y:                    Live             Garbage             Small              Medium             Large        
[2026-04-03T03:32:20.152+0600][5.632s][info][gc,reloc    ] GC(2) Y: Eden               4M (0%)          139M (8%)          56 / 52             1 / 0              0 / 0        
[2026-04-03T03:32:20.152+0600][5.632s][info][gc,reloc    ] GC(2) Y: Survivor 1        14M (1%)           33M (2%)           8 / 2              1 / 0              0 / 0        
[2026-04-03T03:32:20.152+0600][5.632s][info][gc,reloc    ] GC(2) Y: Survivor 2         3M (0%)            4M (0%)           4 / 2              0 / 0              0 / 0        
[2026-04-03T03:32:20.152+0600][5.632s][info][gc,heap     ] GC(2) Y: Min Capacity: 8M(0%)
[2026-04-03T03:32:20.152+0600][5.632s][info][gc,heap     ] GC(2) Y: Max Capacity: 1750M(100%)
[2026-04-03T03:32:20.152+0600][5.632s][info][gc,heap     ] GC(2) Y: Soft Max Capacity: 1750M(100%)
[2026-04-03T03:32:20.152+0600][5.632s][info][gc,heap     ] GC(2) Y: Heap Statistics:
[2026-04-03T03:32:20.152+0600][5.632s][info][gc,heap     ] GC(2) Y:                Mark Start          Mark End        Relocate Start      Relocate End           High               Low         
[2026-04-03T03:32:20.152+0600][5.632s][info][gc,heap     ] GC(2) Y:  Capacity:      400M (23%)         400M (23%)         400M (23%)         400M (23%)         400M (23%)         400M (23%)    
[2026-04-03T03:32:20.152+0600][5.632s][info][gc,heap     ] GC(2) Y:      Free:     1550M (89%)        1540M (88%)        1576M (90%)        1680M (96%)        1680M (96%)        1540M (88%)    
[2026-04-03T03:32:20.152+0600][5.632s][info][gc,heap     ] GC(2) Y:      Used:      200M (11%)         210M (12%)         174M (10%)          70M (4%)          210M (12%)          70M (4%)     
[2026-04-03T03:32:20.152+0600][5.632s][info][gc,heap     ] GC(2) Y: Young Generation Statistics:
[2026-04-03T03:32:20.152+0600][5.632s][info][gc,heap     ] GC(2) Y:                Mark Start          Mark End        Relocate Start      Relocate End    
[2026-04-03T03:32:20.152+0600][5.632s][info][gc,heap     ] GC(2) Y:      Used:      200M (11%)         210M (12%)         174M (10%)          70M (4%)     
[2026-04-03T03:32:20.152+0600][5.632s][info][gc,heap     ] GC(2) Y:      Live:         -                22M (1%)           22M (1%)           22M (1%)     
[2026-04-03T03:32:20.152+0600][5.632s][info][gc,heap     ] GC(2) Y:   Garbage:         -               177M (10%)         141M (8%)           27M (2%)     
[2026-04-03T03:32:20.152+0600][5.632s][info][gc,heap     ] GC(2) Y: Allocated:         -                10M (1%)           10M (1%)           19M (1%)     
[2026-04-03T03:32:20.152+0600][5.632s][info][gc,heap     ] GC(2) Y: Reclaimed:         -                  -                36M (2%)          149M (9%)     
[2026-04-03T03:32:20.152+0600][5.632s][info][gc,heap     ] GC(2) Y:  Promoted:         -                  -                 0M (0%)            0M (0%)     
[2026-04-03T03:32:20.152+0600][5.632s][info][gc,heap     ] GC(2) Y: Compacted:         -                  -                  -                 8M (0%)     
[2026-04-03T03:32:20.152+0600][5.632s][info][gc,phases   ] GC(2) Y: Young Generation 200M(11%)->70M(4%) 0.054s
[2026-04-03T03:32:20.152+0600][5.632s][info][gc,phases   ] GC(2) O: Old Generation
[2026-04-03T03:32:20.153+0600][5.633s][info][gc,phases   ] GC(2) O: Concurrent Mark 0.991ms
[2026-04-03T03:32:20.153+0600][5.633s][info][gc,phases   ] GC(2) O: Pause Mark End 0.017ms
[2026-04-03T03:32:20.153+0600][5.633s][info][gc,phases   ] GC(2) O: Concurrent Mark Free 0.002ms
[2026-04-03T03:32:20.162+0600][5.641s][info][gc,phases   ] GC(2) O: Concurrent Process Non-Strong 8.209ms
[2026-04-03T03:32:20.162+0600][5.641s][info][gc,phases   ] GC(2) O: Concurrent Reset Relocation Set 0.001ms
[2026-04-03T03:32:20.165+0600][5.644s][info][gc,phases   ] GC(2) O: Concurrent Select Relocation Set 3.045ms
[2026-04-03T03:32:20.165+0600][5.644s][info][gc,task     ] GC(2) O: Using 2 Workers for Old Generation
[2026-04-03T03:32:20.185+0600][5.665s][info][gc,task     ] GC(2) O: Using 1 Workers for Old Generation
[2026-04-03T03:32:20.186+0600][5.665s][info][gc,phases   ] GC(2) O: Concurrent Remap Roots 20.751ms
[2026-04-03T03:32:20.186+0600][5.666s][info][gc,phases   ] GC(2) O: Pause Relocate Start 0.025ms
[2026-04-03T03:32:20.186+0600][5.666s][info][gc,phases   ] GC(2) O: Concurrent Relocate 0.279ms
[2026-04-03T03:32:20.187+0600][5.666s][info][gc,alloc    ] GC(2) O:                         Mark Start        Mark End      Relocate Start    Relocate End   
[2026-04-03T03:32:20.187+0600][5.666s][info][gc,alloc    ] GC(2) O: Allocation Stalls:          0                0                0                0         
[2026-04-03T03:32:20.187+0600][5.666s][info][gc,load     ] GC(2) O: Load: 3.65 (30%) / 4.17 (35%) / 4.78 (40%)
[2026-04-03T03:32:20.187+0600][5.666s][info][gc,mmu      ] GC(2) O: MMU: 2ms/97.5%, 5ms/99.0%, 10ms/99.3%, 20ms/99.6%, 50ms/99.8%, 100ms/99.9%
[2026-04-03T03:32:20.187+0600][5.666s][info][gc,marking  ] GC(2) O: Mark: 1 stripe(s), 1 proactive flush(es), 1 terminate flush(es), 0 completion(s), 0 continuation(s) 
[2026-04-03T03:32:20.187+0600][5.666s][info][gc,marking  ] GC(2) O: Mark Stack Usage: 0M
[2026-04-03T03:32:20.187+0600][5.666s][info][gc,nmethod  ] GC(2) O: NMethods: 2390 registered, 314 unregistered
[2026-04-03T03:32:20.187+0600][5.666s][info][gc,metaspace] GC(2) O: Metaspace: 30M used, 30M committed, 1088M reserved
[2026-04-03T03:32:20.187+0600][5.666s][info][gc,ref      ] GC(2) O:                       Encountered   Discovered     Enqueued 
[2026-04-03T03:32:20.187+0600][5.666s][info][gc,ref      ] GC(2) O: Soft References:             3787            0            0 
[2026-04-03T03:32:20.187+0600][5.666s][info][gc,ref      ] GC(2) O: Weak References:             2666            0            0 
[2026-04-03T03:32:20.187+0600][5.666s][info][gc,ref      ] GC(2) O: Final References:               0            0            0 
[2026-04-03T03:32:20.187+0600][5.666s][info][gc,ref      ] GC(2) O: Phantom References:           563            0            0 
[2026-04-03T03:32:20.187+0600][5.666s][info][gc,heap     ] GC(2) O: Min Capacity: 8M(0%)
[2026-04-03T03:32:20.187+0600][5.666s][info][gc,heap     ] GC(2) O: Max Capacity: 1750M(100%)
[2026-04-03T03:32:20.187+0600][5.666s][info][gc,heap     ] GC(2) O: Soft Max Capacity: 1750M(100%)
[2026-04-03T03:32:20.187+0600][5.666s][info][gc,heap     ] GC(2) O: Heap Statistics:
[2026-04-03T03:32:20.187+0600][5.666s][info][gc,heap     ] GC(2) O:                Mark Start          Mark End        Relocate Start      Relocate End           High               Low         
[2026-04-03T03:32:20.187+0600][5.666s][info][gc,heap     ] GC(2) O:  Capacity:      400M (23%)         400M (23%)         400M (23%)         400M (23%)         400M (23%)         400M (23%)    
[2026-04-03T03:32:20.187+0600][5.666s][info][gc,heap     ] GC(2) O:      Free:     1550M (89%)        1680M (96%)        1678M (96%)        1678M (96%)        1680M (96%)        1540M (88%)    
[2026-04-03T03:32:20.187+0600][5.666s][info][gc,heap     ] GC(2) O:      Used:      200M (11%)          70M (4%)           72M (4%)           72M (4%)          210M (12%)          70M (4%)     
[2026-04-03T03:32:20.187+0600][5.666s][info][gc,heap     ] GC(2) O: Old Generation Statistics:
[2026-04-03T03:32:20.187+0600][5.666s][info][gc,heap     ] GC(2) O:                Mark Start          Mark End        Relocate Start      Relocate End    
[2026-04-03T03:32:20.187+0600][5.666s][info][gc,heap     ] GC(2) O:      Used:        0M (0%)            0M (0%)            0M (0%)            0M (0%)     
[2026-04-03T03:32:20.187+0600][5.666s][info][gc,heap     ] GC(2) O:      Live:         -                 0M (0%)            0M (0%)            0M (0%)     
[2026-04-03T03:32:20.187+0600][5.666s][info][gc,heap     ] GC(2) O:   Garbage:         -                 0M (0%)            0M (0%)            0M (0%)     
[2026-04-03T03:32:20.187+0600][5.666s][info][gc,heap     ] GC(2) O: Allocated:         -                 0M (0%)            0M (0%)            0M (0%)     
[2026-04-03T03:32:20.187+0600][5.666s][info][gc,heap     ] GC(2) O: Reclaimed:         -                  -                 0M (0%)            0M (0%)     
[2026-04-03T03:32:20.187+0600][5.666s][info][gc,heap     ] GC(2) O: Compacted:         -                  -                  -                 0M (0%)     
[2026-04-03T03:32:20.187+0600][5.666s][info][gc,phases   ] GC(2) O: Old Generation 70M(4%)->72M(4%) 0.034s
[2026-04-03T03:32:20.187+0600][5.666s][info][gc          ] GC(2) Major Collection (Metadata GC Threshold) 200M(11%)->72M(4%) 0.090s
[2026-04-03T03:32:24.015+0600][9.495s][info][gc          ] GC(3) Major Collection (Warmup)
[2026-04-03T03:32:24.015+0600][9.495s][info][gc,task     ] GC(3) Using 3 Workers for Young Generation
[2026-04-03T03:32:24.015+0600][9.495s][info][gc,task     ] GC(3) Using 1 Workers for Old Generation
[2026-04-03T03:32:24.015+0600][9.495s][info][gc,phases   ] GC(3) Y: Young Generation
[2026-04-03T03:32:24.015+0600][9.495s][info][gc,phases   ] GC(3) Y: Pause Mark Start (Major) 0.017ms
[2026-04-03T03:32:24.411+0600][9.890s][info][gc,phases   ] GC(3) Y: Concurrent Mark 395.580ms
[2026-04-03T03:32:24.411+0600][9.891s][info][gc,phases   ] GC(3) Y: Pause Mark End 0.022ms
[2026-04-03T03:32:24.411+0600][9.891s][info][gc,phases   ] GC(3) Y: Concurrent Mark Free 0.001ms
[2026-04-03T03:32:24.411+0600][9.891s][info][gc,phases   ] GC(3) Y: Concurrent Reset Relocation Set 0.007ms
[2026-04-03T03:32:24.413+0600][9.893s][info][gc,reloc    ] GC(3) Y: Using tenuring threshold: 1 (Computed)
[2026-04-03T03:32:24.420+0600][9.900s][info][gc,phases   ] GC(3) Y: Concurrent Select Relocation Set 8.772ms
[2026-04-03T03:32:24.420+0600][9.900s][info][gc,phases   ] GC(3) Y: Pause Relocate Start 0.016ms
[2026-04-03T03:32:24.458+0600][9.938s][info][gc,phases   ] GC(3) Y: Concurrent Relocate 37.670ms
[2026-04-03T03:32:24.458+0600][9.938s][info][gc,alloc    ] GC(3) Y:                         Mark Start        Mark End      Relocate Start    Relocate End   
[2026-04-03T03:32:24.458+0600][9.938s][info][gc,alloc    ] GC(3) Y: Allocation Stalls:          0                0                0                0         
[2026-04-03T03:32:24.458+0600][9.938s][info][gc,load     ] GC(3) Y: Load: 3.44 (29%) / 4.11 (34%) / 4.76 (40%)
[2026-04-03T03:32:24.458+0600][9.938s][info][gc,mmu      ] GC(3) Y: MMU: 2ms/97.5%, 5ms/99.0%, 10ms/99.3%, 20ms/99.6%, 50ms/99.8%, 100ms/99.9%
[2026-04-03T03:32:24.458+0600][9.938s][info][gc,marking  ] GC(3) Y: Mark: 2 stripe(s), 10 proactive flush(es), 1 terminate flush(es), 0 completion(s), 0 continuation(s) 
[2026-04-03T03:32:24.458+0600][9.938s][info][gc,marking  ] GC(3) Y: Mark Stack Usage: 32M
[2026-04-03T03:32:24.458+0600][9.938s][info][gc,nmethod  ] GC(3) Y: NMethods: 3184 registered, 0 unregistered
[2026-04-03T03:32:24.458+0600][9.938s][info][gc,metaspace] GC(3) Y: Metaspace: 48M used, 48M committed, 1088M reserved
[2026-04-03T03:32:24.458+0600][9.938s][info][gc,reloc    ] GC(3) Y:                        Candidates     Selected     In-Place         Size        Empty    Relocated 
[2026-04-03T03:32:24.458+0600][9.938s][info][gc,reloc    ] GC(3) Y: Small Pages:                  232           94            0         464M           0M           8M 
[2026-04-03T03:32:24.458+0600][9.938s][info][gc,reloc    ] GC(3) Y: Medium Pages:                   2            1            0          64M           0M           5M 
[2026-04-03T03:32:24.458+0600][9.938s][info][gc,reloc    ] GC(3) Y: Large Pages:                    0            0            0           0M           0M           0M 
[2026-04-03T03:32:24.458+0600][9.938s][info][gc,reloc    ] GC(3) Y: Forwarding Usage: 3M
[2026-04-03T03:32:24.458+0600][9.938s][info][gc,reloc    ] GC(3) Y: Age Table:
[2026-04-03T03:32:24.458+0600][9.938s][info][gc,reloc    ] GC(3) Y:                    Live             Garbage             Small              Medium             Large        
[2026-04-03T03:32:24.458+0600][9.938s][info][gc,reloc    ] GC(3) Y: Eden             252M (14%)         215M (12%)        218 / 89             1 / 0              0 / 0        
[2026-04-03T03:32:24.458+0600][9.938s][info][gc,reloc    ] GC(3) Y: Survivor 1         3M (0%)            4M (0%)           4 / 2              0 / 0              0 / 0        
[2026-04-03T03:32:24.458+0600][9.938s][info][gc,reloc    ] GC(3) Y: Survivor 2        14M (1%)           29M (2%)           6 / 1              1 / 1              0 / 0        
[2026-04-03T03:32:24.458+0600][9.938s][info][gc,reloc    ] GC(3) Y: Survivor 3         3M (0%)            4M (0%)           4 / 2              0 / 0              0 / 0        
[2026-04-03T03:32:24.458+0600][9.938s][info][gc,heap     ] GC(3) Y: Min Capacity: 8M(0%)
[2026-04-03T03:32:24.458+0600][9.938s][info][gc,heap     ] GC(3) Y: Max Capacity: 1750M(100%)
[2026-04-03T03:32:24.458+0600][9.938s][info][gc,heap     ] GC(3) Y: Soft Max Capacity: 1750M(100%)
[2026-04-03T03:32:24.458+0600][9.938s][info][gc,heap     ] GC(3) Y: Heap Statistics:
[2026-04-03T03:32:24.458+0600][9.938s][info][gc,heap     ] GC(3) Y:                Mark Start          Mark End        Relocate Start      Relocate End           High               Low         
[2026-04-03T03:32:24.458+0600][9.938s][info][gc,heap     ] GC(3) Y:  Capacity:      528M (30%)         672M (38%)         676M (39%)         746M (43%)         746M (43%)         528M (30%)    
[2026-04-03T03:32:24.458+0600][9.938s][info][gc,heap     ] GC(3) Y:      Free:     1222M (70%)        1078M (62%)        1074M (61%)        1246M (71%)        1250M (71%)        1004M (57%)    
[2026-04-03T03:32:24.458+0600][9.938s][info][gc,heap     ] GC(3) Y:      Used:      528M (30%)         672M (38%)         676M (39%)         504M (29%)         746M (43%)         500M (29%)    
[2026-04-03T03:32:24.458+0600][9.938s][info][gc,heap     ] GC(3) Y: Young Generation Statistics:
[2026-04-03T03:32:24.458+0600][9.938s][info][gc,heap     ] GC(3) Y:                Mark Start          Mark End        Relocate Start      Relocate End    
[2026-04-03T03:32:24.458+0600][9.938s][info][gc,heap     ] GC(3) Y:      Used:      528M (30%)         672M (38%)         658M (38%)         448M (26%)    
[2026-04-03T03:32:24.458+0600][9.938s][info][gc,heap     ] GC(3) Y:      Live:         -               274M (16%)         258M (15%)         252M (14%)    
[2026-04-03T03:32:24.458+0600][9.938s][info][gc,heap     ] GC(3) Y:   Garbage:         -               253M (14%)         251M (14%)           3M (0%)     
[2026-04-03T03:32:24.458+0600][9.938s][info][gc,heap     ] GC(3) Y: Allocated:         -               144M (8%)          148M (8%)          191M (11%)    
[2026-04-03T03:32:24.458+0600][9.938s][info][gc,heap     ] GC(3) Y: Reclaimed:         -                  -                 1M (0%)          249M (14%)    
[2026-04-03T03:32:24.458+0600][9.938s][info][gc,heap     ] GC(3) Y:  Promoted:         -                  -                16M (1%)           22M (1%)     
[2026-04-03T03:32:24.458+0600][9.938s][info][gc,heap     ] GC(3) Y: Compacted:         -                  -                  -                10M (1%)     
[2026-04-03T03:32:24.458+0600][9.938s][info][gc,phases   ] GC(3) Y: Young Generation 528M(30%)->504M(29%) 0.443s
[2026-04-03T03:32:24.458+0600][9.938s][info][gc,phases   ] GC(3) O: Old Generation
[2026-04-03T03:32:24.460+0600][9.940s][info][gc,phases   ] GC(3) O: Concurrent Mark 1.638ms
[2026-04-03T03:32:24.460+0600][9.940s][info][gc,phases   ] GC(3) O: Pause Mark End 0.018ms
[2026-04-03T03:32:24.460+0600][9.940s][info][gc,phases   ] GC(3) O: Concurrent Mark Free 0.002ms
[2026-04-03T03:32:24.470+0600][9.950s][info][gc,phases   ] GC(3) O: Concurrent Process Non-Strong 10.050ms
[2026-04-03T03:32:24.470+0600][9.950s][info][gc,phases   ] GC(3) O: Concurrent Reset Relocation Set 0.001ms
[2026-04-03T03:32:24.472+0600][9.951s][info][gc,phases   ] GC(3) O: Concurrent Select Relocation Set 1.568ms
[2026-04-03T03:32:24.472+0600][9.951s][info][gc,task     ] GC(3) O: Using 3 Workers for Old Generation
[2026-04-03T03:32:24.487+0600][9.967s][info][gc,task     ] GC(3) O: Using 1 Workers for Old Generation
[2026-04-03T03:32:24.487+0600][9.967s][info][gc,phases   ] GC(3) O: Concurrent Remap Roots 15.320ms
[2026-04-03T03:32:24.487+0600][9.967s][info][gc,phases   ] GC(3) O: Pause Relocate Start 0.017ms
[2026-04-03T03:32:24.488+0600][9.968s][info][gc,phases   ] GC(3) O: Concurrent Relocate 0.641ms
[2026-04-03T03:32:24.488+0600][9.968s][info][gc,alloc    ] GC(3) O:                         Mark Start        Mark End      Relocate Start    Relocate End   
[2026-04-03T03:32:24.488+0600][9.968s][info][gc,alloc    ] GC(3) O: Allocation Stalls:          0                0                0                0         
[2026-04-03T03:32:24.488+0600][9.968s][info][gc,load     ] GC(3) O: Load: 3.44 (29%) / 4.11 (34%) / 4.76 (40%)
[2026-04-03T03:32:24.488+0600][9.968s][info][gc,mmu      ] GC(3) O: MMU: 2ms/97.5%, 5ms/99.0%, 10ms/99.3%, 20ms/99.6%, 50ms/99.8%, 100ms/99.9%
[2026-04-03T03:32:24.488+0600][9.968s][info][gc,marking  ] GC(3) O: Mark: 1 stripe(s), 1 proactive flush(es), 1 terminate flush(es), 0 completion(s), 0 continuation(s) 
[2026-04-03T03:32:24.488+0600][9.968s][info][gc,marking  ] GC(3) O: Mark Stack Usage: 0M
[2026-04-03T03:32:24.488+0600][9.968s][info][gc,nmethod  ] GC(3) O: NMethods: 3014 registered, 170 unregistered
[2026-04-03T03:32:24.488+0600][9.968s][info][gc,metaspace] GC(3) O: Metaspace: 48M used, 48M committed, 1088M reserved
[2026-04-03T03:32:24.488+0600][9.968s][info][gc,ref      ] GC(3) O:                       Encountered   Discovered     Enqueued 
[2026-04-03T03:32:24.488+0600][9.968s][info][gc,ref      ] GC(3) O: Soft References:             3983            0            0 
[2026-04-03T03:32:24.488+0600][9.968s][info][gc,ref      ] GC(3) O: Weak References:             4158            0            0 
[2026-04-03T03:32:24.488+0600][9.968s][info][gc,ref      ] GC(3) O: Final References:              82            0            0 
[2026-04-03T03:32:24.488+0600][9.968s][info][gc,ref      ] GC(3) O: Phantom References:           586            0            0 
[2026-04-03T03:32:24.488+0600][9.968s][info][gc,heap     ] GC(3) O: Min Capacity: 8M(0%)
[2026-04-03T03:32:24.488+0600][9.968s][info][gc,heap     ] GC(3) O: Max Capacity: 1750M(100%)
[2026-04-03T03:32:24.488+0600][9.968s][info][gc,heap     ] GC(3) O: Soft Max Capacity: 1750M(100%)
[2026-04-03T03:32:24.488+0600][9.968s][info][gc,heap     ] GC(3) O: Heap Statistics:
[2026-04-03T03:32:24.488+0600][9.968s][info][gc,heap     ] GC(3) O:                Mark Start          Mark End        Relocate Start      Relocate End           High               Low         
[2026-04-03T03:32:24.488+0600][9.968s][info][gc,heap     ] GC(3) O:  Capacity:      528M (30%)         746M (43%)         746M (43%)         746M (43%)         746M (43%)         528M (30%)    
[2026-04-03T03:32:24.488+0600][9.968s][info][gc,heap     ] GC(3) O:      Free:     1222M (70%)        1246M (71%)        1230M (70%)        1230M (70%)        1250M (71%)        1004M (57%)    
[2026-04-03T03:32:24.488+0600][9.968s][info][gc,heap     ] GC(3) O:      Used:      528M (30%)         504M (29%)         520M (30%)         520M (30%)         746M (43%)         500M (29%)    
[2026-04-03T03:32:24.488+0600][9.968s][info][gc,heap     ] GC(3) O: Old Generation Statistics:
[2026-04-03T03:32:24.488+0600][9.968s][info][gc,heap     ] GC(3) O:                Mark Start          Mark End        Relocate Start      Relocate End    
[2026-04-03T03:32:24.488+0600][9.968s][info][gc,heap     ] GC(3) O:      Used:        0M (0%)           56M (3%)           56M (3%)           56M (3%)     
[2026-04-03T03:32:24.488+0600][9.968s][info][gc,heap     ] GC(3) O:      Live:         -                 0M (0%)            0M (0%)            0M (0%)     
[2026-04-03T03:32:24.488+0600][9.968s][info][gc,heap     ] GC(3) O:   Garbage:         -                 0M (0%)            0M (0%)            0M (0%)     
[2026-04-03T03:32:24.488+0600][9.968s][info][gc,heap     ] GC(3) O: Allocated:         -                56M (3%)           56M (3%)           56M (3%)     
[2026-04-03T03:32:24.488+0600][9.968s][info][gc,heap     ] GC(3) O: Reclaimed:         -                  -                 0M (0%)            0M (0%)     
[2026-04-03T03:32:24.488+0600][9.968s][info][gc,heap     ] GC(3) O: Compacted:         -                  -                  -                 0M (0%)     
[2026-04-03T03:32:24.488+0600][9.968s][info][gc,phases   ] GC(3) O: Old Generation 504M(29%)->520M(30%) 0.030s
[2026-04-03T03:32:24.488+0600][9.968s][info][gc          ] GC(3) Major Collection (Warmup) 528M(30%)->520M(30%) 0.474s
[2026-04-03T03:32:27.967+0600][13.446s][info][gc          ] GC(4) Major Collection (System.gc())
[2026-04-03T03:32:27.967+0600][13.446s][info][gc,task     ] GC(4) Using 3 Workers for Young Generation
[2026-04-03T03:32:27.967+0600][13.446s][info][gc,task     ] GC(4) Using 3 Workers for Old Generation
[2026-04-03T03:32:27.967+0600][13.446s][info][gc,phases   ] GC(4) Y: Young Generation (Promote All)
[2026-04-03T03:32:27.967+0600][13.447s][info][gc,phases   ] GC(4) Y: Pause Mark Start 0.018ms
[2026-04-03T03:32:27.988+0600][13.468s][info][gc,phases   ] GC(4) Y: Concurrent Mark 21.289ms
[2026-04-03T03:32:27.989+0600][13.468s][info][gc,phases   ] GC(4) Y: Pause Mark End 0.025ms
[2026-04-03T03:32:27.989+0600][13.468s][info][gc,phases   ] GC(4) Y: Concurrent Mark Free 0.002ms
[2026-04-03T03:32:27.989+0600][13.468s][info][gc,phases   ] GC(4) Y: Concurrent Reset Relocation Set 0.037ms
[2026-04-03T03:32:27.991+0600][13.470s][info][gc,reloc    ] GC(4) Y: Using tenuring threshold: 0 (Promote All)
[2026-04-03T03:32:27.998+0600][13.477s][info][gc,phases   ] GC(4) Y: Concurrent Select Relocation Set 8.976ms
[2026-04-03T03:32:27.998+0600][13.478s][info][gc,phases   ] GC(4) Y: Pause Relocate Start 0.018ms
[2026-04-03T03:32:28.008+0600][13.488s][info][gc,phases   ] GC(4) Y: Concurrent Relocate 9.841ms
[2026-04-03T03:32:28.008+0600][13.488s][info][gc,alloc    ] GC(4) Y:                         Mark Start        Mark End      Relocate Start    Relocate End   
[2026-04-03T03:32:28.008+0600][13.488s][info][gc,alloc    ] GC(4) Y: Allocation Stalls:          0                0                0                0         
[2026-04-03T03:32:28.008+0600][13.488s][info][gc,load     ] GC(4) Y: Load: 3.25 (27%) / 4.06 (34%) / 4.74 (40%)
[2026-04-03T03:32:28.008+0600][13.488s][info][gc,mmu      ] GC(4) Y: MMU: 2ms/97.5%, 5ms/99.0%, 10ms/99.3%, 20ms/99.6%, 50ms/99.8%, 100ms/99.9%
[2026-04-03T03:32:28.008+0600][13.488s][info][gc,marking  ] GC(4) Y: Mark: 2 stripe(s), 1 proactive flush(es), 1 terminate flush(es), 0 completion(s), 0 continuation(s) 
[2026-04-03T03:32:28.008+0600][13.488s][info][gc,marking  ] GC(4) Y: Mark Stack Usage: 32M
[2026-04-03T03:32:28.008+0600][13.488s][info][gc,nmethod  ] GC(4) Y: NMethods: 3611 registered, 170 unregistered
[2026-04-03T03:32:28.008+0600][13.488s][info][gc,metaspace] GC(4) Y: Metaspace: 55M used, 56M committed, 1088M reserved
[2026-04-03T03:32:28.008+0600][13.488s][info][gc,reloc    ] GC(4) Y:                        Candidates     Selected     In-Place         Size        Empty    Relocated 
[2026-04-03T03:32:28.008+0600][13.488s][info][gc,reloc    ] GC(4) Y: Small Pages:                  411           59            0         822M         692M           3M 
[2026-04-03T03:32:28.008+0600][13.488s][info][gc,reloc    ] GC(4) Y: Medium Pages:                   2            0            0          64M          32M           0M 
[2026-04-03T03:32:28.008+0600][13.488s][info][gc,reloc    ] GC(4) Y: Large Pages:                    1            0            0           6M           6M           0M 
[2026-04-03T03:32:28.008+0600][13.488s][info][gc,reloc    ] GC(4) Y: Forwarding Usage: 1M
[2026-04-03T03:32:28.008+0600][13.488s][info][gc,reloc    ] GC(4) Y: Age Table:
[2026-04-03T03:32:28.008+0600][13.488s][info][gc,reloc    ] GC(4) Y:                    Live             Garbage             Small              Medium             Large        
[2026-04-03T03:32:28.008+0600][13.488s][info][gc,reloc    ] GC(4) Y: Eden               2M (0%)          599M (34%)        282 / 52             1 / 0              1 / 0        
[2026-04-03T03:32:28.008+0600][13.488s][info][gc,reloc    ] GC(4) Y: Survivor 1         8M (0%)          281M (16%)        129 / 7              1 / 0              0 / 0        
[2026-04-03T03:32:28.008+0600][13.488s][info][gc,heap     ] GC(4) Y: Min Capacity: 8M(0%)
[2026-04-03T03:32:28.008+0600][13.488s][info][gc,heap     ] GC(4) Y: Max Capacity: 1750M(100%)
[2026-04-03T03:32:28.008+0600][13.488s][info][gc,heap     ] GC(4) Y: Soft Max Capacity: 1750M(100%)
[2026-04-03T03:32:28.008+0600][13.488s][info][gc,heap     ] GC(4) Y: Heap Statistics:
[2026-04-03T03:32:28.008+0600][13.488s][info][gc,heap     ] GC(4) Y:                Mark Start          Mark End        Relocate Start      Relocate End           High               Low         
[2026-04-03T03:32:28.008+0600][13.488s][info][gc,heap     ] GC(4) Y:  Capacity:      948M (54%)         948M (54%)         948M (54%)         948M (54%)         948M (54%)         948M (54%)    
[2026-04-03T03:32:28.008+0600][13.488s][info][gc,heap     ] GC(4) Y:      Free:      802M (46%)         802M (46%)        1532M (88%)        1646M (94%)        1646M (94%)         802M (46%)    
[2026-04-03T03:32:28.008+0600][13.488s][info][gc,heap     ] GC(4) Y:      Used:      948M (54%)         948M (54%)         218M (12%)         104M (6%)          948M (54%)         104M (6%)     
[2026-04-03T03:32:28.008+0600][13.488s][info][gc,heap     ] GC(4) Y: Young Generation Statistics:
[2026-04-03T03:32:28.008+0600][13.488s][info][gc,heap     ] GC(4) Y:                Mark Start          Mark End        Relocate Start      Relocate End    
[2026-04-03T03:32:28.008+0600][13.488s][info][gc,heap     ] GC(4) Y:      Used:      892M (51%)         892M (51%)         122M (7%)            0M (0%)     
[2026-04-03T03:32:28.008+0600][13.488s][info][gc,heap     ] GC(4) Y:      Live:         -                10M (1%)            3M (0%)            0M (0%)     
[2026-04-03T03:32:28.008+0600][13.488s][info][gc,heap     ] GC(4) Y:   Garbage:         -               881M (50%)         118M (7%)            0M (0%)     
[2026-04-03T03:32:28.008+0600][13.488s][info][gc,heap     ] GC(4) Y: Allocated:         -                 0M (0%)            0M (0%)            0M (0%)     
[2026-04-03T03:32:28.008+0600][13.488s][info][gc,heap     ] GC(4) Y: Reclaimed:         -                  -               762M (44%)         881M (50%)    
[2026-04-03T03:32:28.008+0600][13.488s][info][gc,heap     ] GC(4) Y:  Promoted:         -                  -                 7M (0%)           10M (1%)     
[2026-04-03T03:32:28.008+0600][13.488s][info][gc,heap     ] GC(4) Y: Compacted:         -                  -                  -                 0M (0%)     
[2026-04-03T03:32:28.008+0600][13.488s][info][gc,phases   ] GC(4) Y: Young Generation (Promote All) 948M(54%)->104M(6%) 0.041s
[2026-04-03T03:32:28.008+0600][13.488s][info][gc,phases   ] GC(4) Y: Young Generation (Collect Roots)
[2026-04-03T03:32:28.009+0600][13.488s][info][gc,phases   ] GC(4) Y: Pause Mark Start (Major) 0.025ms
[2026-04-03T03:32:28.015+0600][13.494s][info][gc,phases   ] GC(4) Y: Concurrent Mark 6.036ms
[2026-04-03T03:32:28.015+0600][13.494s][info][gc,phases   ] GC(4) Y: Pause Mark End 0.020ms
[2026-04-03T03:32:28.015+0600][13.495s][info][gc,phases   ] GC(4) Y: Concurrent Mark Free 0.186ms
[2026-04-03T03:32:28.015+0600][13.495s][info][gc,phases   ] GC(4) Y: Concurrent Reset Relocation Set 0.015ms
[2026-04-03T03:32:28.017+0600][13.496s][info][gc,reloc    ] GC(4) Y: Using tenuring threshold: 0 (Computed)
[2026-04-03T03:32:28.017+0600][13.496s][info][gc,phases   ] GC(4) Y: Concurrent Select Relocation Set 1.546ms
[2026-04-03T03:32:28.017+0600][13.496s][info][gc,phases   ] GC(4) Y: Pause Relocate Start 0.019ms
[2026-04-03T03:32:28.017+0600][13.497s][info][gc,phases   ] GC(4) Y: Concurrent Relocate 0.095ms
[2026-04-03T03:32:28.017+0600][13.497s][info][gc,alloc    ] GC(4) Y:                         Mark Start        Mark End      Relocate Start    Relocate End   
[2026-04-03T03:32:28.017+0600][13.497s][info][gc,alloc    ] GC(4) Y: Allocation Stalls:          0                0                0                0         
[2026-04-03T03:32:28.017+0600][13.497s][info][gc,load     ] GC(4) Y: Load: 3.25 (27%) / 4.06 (34%) / 4.74 (40%)
[2026-04-03T03:32:28.017+0600][13.497s][info][gc,mmu      ] GC(4) Y: MMU: 2ms/97.5%, 5ms/99.0%, 10ms/99.3%, 20ms/99.6%, 50ms/99.7%, 100ms/99.9%
[2026-04-03T03:32:28.017+0600][13.497s][info][gc,marking  ] GC(4) Y: Mark: 2 stripe(s), 1 proactive flush(es), 1 terminate flush(es), 0 completion(s), 0 continuation(s) 
[2026-04-03T03:32:28.017+0600][13.497s][info][gc,marking  ] GC(4) Y: Mark Stack Usage: 0M
[2026-04-03T03:32:28.017+0600][13.497s][info][gc,nmethod  ] GC(4) Y: NMethods: 3611 registered, 170 unregistered
[2026-04-03T03:32:28.017+0600][13.497s][info][gc,metaspace] GC(4) Y: Metaspace: 55M used, 56M committed, 1088M reserved
[2026-04-03T03:32:28.017+0600][13.497s][info][gc,heap     ] GC(4) Y: Min Capacity: 8M(0%)
[2026-04-03T03:32:28.017+0600][13.497s][info][gc,heap     ] GC(4) Y: Max Capacity: 1750M(100%)
[2026-04-03T03:32:28.017+0600][13.497s][info][gc,heap     ] GC(4) Y: Soft Max Capacity: 1750M(100%)
[2026-04-03T03:32:28.017+0600][13.497s][info][gc,heap     ] GC(4) Y: Heap Statistics:
[2026-04-03T03:32:28.017+0600][13.497s][info][gc,heap     ] GC(4) Y:                Mark Start          Mark End        Relocate Start      Relocate End           High               Low         
[2026-04-03T03:32:28.017+0600][13.497s][info][gc,heap     ] GC(4) Y:  Capacity:      948M (54%)         948M (54%)         948M (54%)         948M (54%)         948M (54%)         948M (54%)    
[2026-04-03T03:32:28.017+0600][13.497s][info][gc,heap     ] GC(4) Y:      Free:     1646M (94%)        1646M (94%)        1646M (94%)        1646M (94%)        1646M (94%)        1646M (94%)    
[2026-04-03T03:32:28.017+0600][13.497s][info][gc,heap     ] GC(4) Y:      Used:      104M (6%)          104M (6%)          104M (6%)          104M (6%)          104M (6%)          104M (6%)     
[2026-04-03T03:32:28.017+0600][13.497s][info][gc,heap     ] GC(4) Y: Young Generation Statistics:
[2026-04-03T03:32:28.017+0600][13.497s][info][gc,heap     ] GC(4) Y:                Mark Start          Mark End        Relocate Start      Relocate End    
[2026-04-03T03:32:28.017+0600][13.497s][info][gc,heap     ] GC(4) Y:      Used:        0M (0%)            0M (0%)            0M (0%)            0M (0%)     
[2026-04-03T03:32:28.017+0600][13.497s][info][gc,heap     ] GC(4) Y:      Live:         -                 0M (0%)            0M (0%)            0M (0%)     
[2026-04-03T03:32:28.017+0600][13.497s][info][gc,heap     ] GC(4) Y:   Garbage:         -                 0M (0%)            0M (0%)            0M (0%)     
[2026-04-03T03:32:28.017+0600][13.497s][info][gc,heap     ] GC(4) Y: Allocated:         -                 0M (0%)            0M (0%)            0M (0%)     
[2026-04-03T03:32:28.017+0600][13.497s][info][gc,heap     ] GC(4) Y: Reclaimed:         -                  -                 0M (0%)            0M (0%)     
[2026-04-03T03:32:28.017+0600][13.497s][info][gc,heap     ] GC(4) Y:  Promoted:         -                  -                 0M (0%)            0M (0%)     
[2026-04-03T03:32:28.017+0600][13.497s][info][gc,heap     ] GC(4) Y: Compacted:         -                  -                  -                 0M (0%)     
[2026-04-03T03:32:28.017+0600][13.497s][info][gc,phases   ] GC(4) Y: Young Generation (Collect Roots) 104M(6%)->104M(6%) 0.009s
[2026-04-03T03:32:28.017+0600][13.497s][info][gc,phases   ] GC(4) O: Old Generation
[2026-04-03T03:32:28.043+0600][13.523s][info][gc,phases   ] GC(4) O: Concurrent Mark 25.832ms
[2026-04-03T03:32:28.043+0600][13.523s][info][gc,phases   ] GC(4) O: Pause Mark End 0.027ms
[2026-04-03T03:32:28.043+0600][13.523s][info][gc,phases   ] GC(4) O: Concurrent Mark Free 0.002ms
[2026-04-03T03:32:28.049+0600][13.528s][info][gc,phases   ] GC(4) O: Concurrent Process Non-Strong 5.367ms
[2026-04-03T03:32:28.049+0600][13.529s][info][gc,phases   ] GC(4) O: Concurrent Reset Relocation Set 0.001ms
[2026-04-03T03:32:28.052+0600][13.532s][info][gc,phases   ] GC(4) O: Concurrent Select Relocation Set 3.383ms
[2026-04-03T03:32:28.052+0600][13.532s][info][gc,task     ] GC(4) O: Using 3 Workers for Old Generation
[2026-04-03T03:32:28.068+0600][13.547s][info][gc,task     ] GC(4) O: Using 3 Workers for Old Generation
[2026-04-03T03:32:28.068+0600][13.547s][info][gc,phases   ] GC(4) O: Concurrent Remap Roots 15.234ms
[2026-04-03T03:32:28.068+0600][13.548s][info][gc,phases   ] GC(4) O: Pause Relocate Start 0.025ms
[2026-04-03T03:32:28.075+0600][13.554s][info][gc,phases   ] GC(4) O: Concurrent Relocate 6.409ms
[2026-04-03T03:32:28.075+0600][13.554s][info][gc,alloc    ] GC(4) O:                         Mark Start        Mark End      Relocate Start    Relocate End   
[2026-04-03T03:32:28.075+0600][13.554s][info][gc,alloc    ] GC(4) O: Allocation Stalls:          0                0                0                0         
[2026-04-03T03:32:28.075+0600][13.554s][info][gc,load     ] GC(4) O: Load: 3.25 (27%) / 4.06 (34%) / 4.74 (40%)
[2026-04-03T03:32:28.075+0600][13.554s][info][gc,mmu      ] GC(4) O: MMU: 2ms/97.5%, 5ms/99.0%, 10ms/99.3%, 20ms/99.6%, 50ms/99.7%, 100ms/99.8%
[2026-04-03T03:32:28.075+0600][13.554s][info][gc,marking  ] GC(4) O: Mark: 2 stripe(s), 1 proactive flush(es), 1 terminate flush(es), 0 completion(s), 0 continuation(s) 
[2026-04-03T03:32:28.075+0600][13.554s][info][gc,marking  ] GC(4) O: Mark Stack Usage: 32M
[2026-04-03T03:32:28.075+0600][13.554s][info][gc,nmethod  ] GC(4) O: NMethods: 3448 registered, 338 unregistered
[2026-04-03T03:32:28.075+0600][13.554s][info][gc,metaspace] GC(4) O: Metaspace: 55M used, 56M committed, 1088M reserved
[2026-04-03T03:32:28.075+0600][13.554s][info][gc,ref      ] GC(4) O:                       Encountered   Discovered     Enqueued 
[2026-04-03T03:32:28.075+0600][13.554s][info][gc,ref      ] GC(4) O: Soft References:             4282            0            0 
[2026-04-03T03:32:28.075+0600][13.554s][info][gc,ref      ] GC(4) O: Weak References:             5400         3491         1776 
[2026-04-03T03:32:28.075+0600][13.554s][info][gc,ref      ] GC(4) O: Final References:              82           82            0 
[2026-04-03T03:32:28.075+0600][13.554s][info][gc,ref      ] GC(4) O: Phantom References:           588          364            2 
[2026-04-03T03:32:28.075+0600][13.554s][info][gc,reloc    ] GC(4) O:                        Candidates     Selected     In-Place         Size        Empty    Relocated 
[2026-04-03T03:32:28.075+0600][13.554s][info][gc,reloc    ] GC(4) O: Small Pages:                   20            4            0          40M           2M           2M 
[2026-04-03T03:32:28.075+0600][13.554s][info][gc,reloc    ] GC(4) O: Medium Pages:                   2            1            0          64M           0M           5M 
[2026-04-03T03:32:28.075+0600][13.554s][info][gc,reloc    ] GC(4) O: Large Pages:                    0            0            0           0M           0M           0M 
[2026-04-03T03:32:28.075+0600][13.554s][info][gc,reloc    ] GC(4) O: Forwarding Usage: 1M
[2026-04-03T03:32:28.075+0600][13.554s][info][gc,heap     ] GC(4) O: Min Capacity: 8M(0%)
[2026-04-03T03:32:28.075+0600][13.554s][info][gc,heap     ] GC(4) O: Max Capacity: 1750M(100%)
[2026-04-03T03:32:28.075+0600][13.554s][info][gc,heap     ] GC(4) O: Soft Max Capacity: 1750M(100%)
[2026-04-03T03:32:28.075+0600][13.554s][info][gc,heap     ] GC(4) O: Heap Statistics:
[2026-04-03T03:32:28.075+0600][13.554s][info][gc,heap     ] GC(4) O:                Mark Start          Mark End        Relocate Start      Relocate End           High               Low         
[2026-04-03T03:32:28.075+0600][13.554s][info][gc,heap     ] GC(4) O:  Capacity:      948M (54%)         948M (54%)         948M (54%)         948M (54%)         948M (54%)         948M (54%)    
[2026-04-03T03:32:28.075+0600][13.554s][info][gc,heap     ] GC(4) O:      Free:     1646M (94%)        1646M (94%)        1644M (94%)        1682M (96%)        1682M (96%)        1610M (92%)    
[2026-04-03T03:32:28.075+0600][13.554s][info][gc,heap     ] GC(4) O:      Used:      104M (6%)          104M (6%)          106M (6%)           68M (4%)          140M (8%)           68M (4%)     
[2026-04-03T03:32:28.075+0600][13.554s][info][gc,heap     ] GC(4) O: Old Generation Statistics:
[2026-04-03T03:32:28.075+0600][13.554s][info][gc,heap     ] GC(4) O:                Mark Start          Mark End        Relocate Start      Relocate End    
[2026-04-03T03:32:28.075+0600][13.554s][info][gc,heap     ] GC(4) O:      Used:      104M (6%)          104M (6%)          102M (6%)           64M (4%)     
[2026-04-03T03:32:28.075+0600][13.554s][info][gc,heap     ] GC(4) O:      Live:         -                32M (2%)           32M (2%)           32M (2%)     
[2026-04-03T03:32:28.075+0600][13.554s][info][gc,heap     ] GC(4) O:   Garbage:         -                71M (4%)           69M (4%)            2M (0%)     
[2026-04-03T03:32:28.075+0600][13.554s][info][gc,heap     ] GC(4) O: Allocated:         -                 0M (0%)            0M (0%)           29M (2%)     
[2026-04-03T03:32:28.075+0600][13.554s][info][gc,heap     ] GC(4) O: Reclaimed:         -                  -                 2M (0%)           69M (4%)     
[2026-04-03T03:32:28.075+0600][13.554s][info][gc,heap     ] GC(4) O: Compacted:         -                  -                  -                10M (1%)     
[2026-04-03T03:32:28.075+0600][13.554s][info][gc,phases   ] GC(4) O: Old Generation 104M(6%)->68M(4%) 0.057s
[2026-04-03T03:32:28.075+0600][13.554s][info][gc          ] GC(4) Major Collection (System.gc()) 948M(54%)->68M(4%) 0.108s
[2026-04-03T03:32:30.580+0600][16.060s][info][gc          ] GC(5) Major Collection (Allocation Rate)
[2026-04-03T03:32:30.580+0600][16.060s][info][gc,task     ] GC(5) Using 2 Workers for Young Generation
[2026-04-03T03:32:30.580+0600][16.060s][info][gc,task     ] GC(5) Using 2 Workers for Old Generation
[2026-04-03T03:32:30.580+0600][16.060s][info][gc,phases   ] GC(5) Y: Young Generation
[2026-04-03T03:32:30.581+0600][16.060s][info][gc,phases   ] GC(5) Y: Pause Mark Start (Major) 0.034ms
[2026-04-03T03:32:30.599+0600][16.079s][info][gc,phases   ] GC(5) Y: Concurrent Mark 18.386ms
[2026-04-03T03:32:30.600+0600][16.079s][info][gc,phases   ] GC(5) Y: Pause Mark End 0.025ms
[2026-04-03T03:32:30.600+0600][16.079s][info][gc,phases   ] GC(5) Y: Concurrent Mark Free 0.003ms
[2026-04-03T03:32:30.600+0600][16.079s][info][gc,phases   ] GC(5) Y: Concurrent Reset Relocation Set 0.001ms
[2026-04-03T03:32:30.602+0600][16.082s][info][gc,reloc    ] GC(5) Y: Using tenuring threshold: 1 (Computed)
[2026-04-03T03:32:30.603+0600][16.082s][info][gc,phases   ] GC(5) Y: Concurrent Select Relocation Set 2.857ms
[2026-04-03T03:32:30.603+0600][16.082s][info][gc,phases   ] GC(5) Y: Pause Relocate Start 0.021ms
[2026-04-03T03:32:30.609+0600][16.088s][info][gc,phases   ] GC(5) Y: Concurrent Relocate 5.649ms
[2026-04-03T03:32:30.609+0600][16.088s][info][gc,alloc    ] GC(5) Y:                         Mark Start        Mark End      Relocate Start    Relocate End   
[2026-04-03T03:32:30.609+0600][16.088s][info][gc,alloc    ] GC(5) Y: Allocation Stalls:          0                0                0                0         
[2026-04-03T03:32:30.609+0600][16.088s][info][gc,load     ] GC(5) Y: Load: 3.23 (27%) / 4.04 (34%) / 4.73 (39%)
[2026-04-03T03:32:30.609+0600][16.088s][info][gc,mmu      ] GC(5) Y: MMU: 2ms/97.5%, 5ms/99.0%, 10ms/99.3%, 20ms/99.6%, 50ms/99.7%, 100ms/99.8%
[2026-04-03T03:32:30.609+0600][16.088s][info][gc,marking  ] GC(5) Y: Mark: 2 stripe(s), 6 proactive flush(es), 1 terminate flush(es), 0 completion(s), 0 continuation(s) 
[2026-04-03T03:32:30.609+0600][16.088s][info][gc,marking  ] GC(5) Y: Mark Stack Usage: 32M
[2026-04-03T03:32:30.609+0600][16.088s][info][gc,nmethod  ] GC(5) Y: NMethods: 4478 registered, 338 unregistered
[2026-04-03T03:32:30.609+0600][16.088s][info][gc,metaspace] GC(5) Y: Metaspace: 64M used, 65M committed, 1088M reserved
[2026-04-03T03:32:30.609+0600][16.088s][info][gc,reloc    ] GC(5) Y:                        Candidates     Selected     In-Place         Size        Empty    Relocated 
[2026-04-03T03:32:30.609+0600][16.088s][info][gc,reloc    ] GC(5) Y: Small Pages:                  371           80            0         742M         574M           5M 
[2026-04-03T03:32:30.609+0600][16.088s][info][gc,reloc    ] GC(5) Y: Medium Pages:                   1            0            0          32M          32M           0M 
[2026-04-03T03:32:30.609+0600][16.089s][info][gc,reloc    ] GC(5) Y: Large Pages:                    1            0            0           6M           6M           0M 
[2026-04-03T03:32:30.609+0600][16.089s][info][gc,reloc    ] GC(5) Y: Forwarding Usage: 1M
[2026-04-03T03:32:30.609+0600][16.089s][info][gc,reloc    ] GC(5) Y: Age Table:
[2026-04-03T03:32:30.609+0600][16.089s][info][gc,reloc    ] GC(5) Y:                    Live             Garbage             Small              Medium             Large        
[2026-04-03T03:32:30.609+0600][16.089s][info][gc,reloc    ] GC(5) Y: Eden               6M (0%)          773M (44%)        371 / 80             1 / 0              1 / 0        
[2026-04-03T03:32:30.609+0600][16.089s][info][gc,heap     ] GC(5) Y: Min Capacity: 8M(0%)
[2026-04-03T03:32:30.609+0600][16.089s][info][gc,heap     ] GC(5) Y: Max Capacity: 1750M(100%)
[2026-04-03T03:32:30.609+0600][16.089s][info][gc,heap     ] GC(5) Y: Soft Max Capacity: 1750M(100%)
[2026-04-03T03:32:30.609+0600][16.089s][info][gc,heap     ] GC(5) Y: Heap Statistics:
[2026-04-03T03:32:30.609+0600][16.089s][info][gc,heap     ] GC(5) Y:                Mark Start          Mark End        Relocate Start      Relocate End           High               Low         
[2026-04-03T03:32:30.609+0600][16.089s][info][gc,heap     ] GC(5) Y:  Capacity:      948M (54%)         948M (54%)         948M (54%)         948M (54%)         948M (54%)         948M (54%)    
[2026-04-03T03:32:30.609+0600][16.089s][info][gc,heap     ] GC(5) Y:      Free:      906M (52%)         856M (49%)        1462M (84%)        1602M (92%)        1602M (92%)         856M (49%)    
[2026-04-03T03:32:30.609+0600][16.089s][info][gc,heap     ] GC(5) Y:      Used:      844M (48%)         894M (51%)         288M (16%)         148M (8%)          894M (51%)         148M (8%)     
[2026-04-03T03:32:30.609+0600][16.089s][info][gc,heap     ] GC(5) Y: Young Generation Statistics:
[2026-04-03T03:32:30.609+0600][16.089s][info][gc,heap     ] GC(5) Y:                Mark Start          Mark End        Relocate Start      Relocate End    
[2026-04-03T03:32:30.609+0600][16.089s][info][gc,heap     ] GC(5) Y:      Used:      780M (45%)         830M (47%)         224M (13%)          84M (5%)     
[2026-04-03T03:32:30.609+0600][16.089s][info][gc,heap     ] GC(5) Y:      Live:         -                 6M (0%)            6M (0%)            6M (0%)     
[2026-04-03T03:32:30.609+0600][16.089s][info][gc,heap     ] GC(5) Y:   Garbage:         -               773M (44%)         161M (9%)            0M (0%)     
[2026-04-03T03:32:30.609+0600][16.089s][info][gc,heap     ] GC(5) Y: Allocated:         -                50M (3%)           56M (3%)           77M (4%)     
[2026-04-03T03:32:30.609+0600][16.089s][info][gc,heap     ] GC(5) Y: Reclaimed:         -                  -               612M (35%)         773M (44%)    
[2026-04-03T03:32:30.609+0600][16.089s][info][gc,heap     ] GC(5) Y:  Promoted:         -                  -                 0M (0%)            0M (0%)     
[2026-04-03T03:32:30.609+0600][16.089s][info][gc,heap     ] GC(5) Y: Compacted:         -                  -                  -                 6M (0%)     
[2026-04-03T03:32:30.609+0600][16.089s][info][gc,phases   ] GC(5) Y: Young Generation 844M(48%)->148M(8%) 0.029s
[2026-04-03T03:32:30.609+0600][16.089s][info][gc,phases   ] GC(5) O: Old Generation
[2026-04-03T03:32:30.655+0600][16.135s][info][gc,phases   ] GC(5) O: Concurrent Mark 45.800ms
[2026-04-03T03:32:30.655+0600][16.135s][info][gc,phases   ] GC(5) O: Pause Mark End 0.028ms
[2026-04-03T03:32:30.655+0600][16.135s][info][gc,phases   ] GC(5) O: Concurrent Mark Free 0.001ms
[2026-04-03T03:32:30.665+0600][16.144s][info][gc,phases   ] GC(5) O: Concurrent Process Non-Strong 9.492ms
[2026-04-03T03:32:30.665+0600][16.145s][info][gc,phases   ] GC(5) O: Concurrent Reset Relocation Set 0.004ms
[2026-04-03T03:32:30.671+0600][16.150s][info][gc,phases   ] GC(5) O: Concurrent Select Relocation Set 5.511ms
[2026-04-03T03:32:30.671+0600][16.150s][info][gc,task     ] GC(5) O: Using 3 Workers for Old Generation
[2026-04-03T03:32:30.698+0600][16.178s][info][gc,task     ] GC(5) O: Using 2 Workers for Old Generation
[2026-04-03T03:32:30.698+0600][16.178s][info][gc,phases   ] GC(5) O: Concurrent Remap Roots 27.481ms
[2026-04-03T03:32:30.698+0600][16.178s][info][gc,phases   ] GC(5) O: Pause Relocate Start 0.025ms
[2026-04-03T03:32:30.702+0600][16.182s][info][gc,phases   ] GC(5) O: Concurrent Relocate 3.782ms
[2026-04-03T03:32:30.702+0600][16.182s][info][gc,alloc    ] GC(5) O:                         Mark Start        Mark End      Relocate Start    Relocate End   
[2026-04-03T03:32:30.702+0600][16.182s][info][gc,alloc    ] GC(5) O: Allocation Stalls:          0                0                0                0         
[2026-04-03T03:32:30.702+0600][16.182s][info][gc,load     ] GC(5) O: Load: 3.23 (27%) / 4.04 (34%) / 4.73 (39%)
[2026-04-03T03:32:30.702+0600][16.182s][info][gc,mmu      ] GC(5) O: MMU: 2ms/97.5%, 5ms/99.0%, 10ms/99.3%, 20ms/99.6%, 50ms/99.7%, 100ms/99.8%
[2026-04-03T03:32:30.702+0600][16.182s][info][gc,marking  ] GC(5) O: Mark: 2 stripe(s), 2 proactive flush(es), 1 terminate flush(es), 0 completion(s), 0 continuation(s) 
[2026-04-03T03:32:30.702+0600][16.182s][info][gc,marking  ] GC(5) O: Mark Stack Usage: 32M
[2026-04-03T03:32:30.702+0600][16.182s][info][gc,nmethod  ] GC(5) O: NMethods: 4254 registered, 581 unregistered
[2026-04-03T03:32:30.702+0600][16.182s][info][gc,metaspace] GC(5) O: Metaspace: 64M used, 65M committed, 1088M reserved
[2026-04-03T03:32:30.702+0600][16.182s][info][gc,ref      ] GC(5) O:                       Encountered   Discovered     Enqueued 
[2026-04-03T03:32:30.702+0600][16.182s][info][gc,ref      ] GC(5) O: Soft References:             4765            0            0 
[2026-04-03T03:32:30.702+0600][16.182s][info][gc,ref      ] GC(5) O: Weak References:             5909          351            0 
[2026-04-03T03:32:30.702+0600][16.182s][info][gc,ref      ] GC(5) O: Final References:              82            0            0 
[2026-04-03T03:32:30.702+0600][16.182s][info][gc,ref      ] GC(5) O: Phantom References:           604          322            0 
[2026-04-03T03:32:30.702+0600][16.182s][info][gc,reloc    ] GC(5) O:                        Candidates     Selected     In-Place         Size        Empty    Relocated 
[2026-04-03T03:32:30.702+0600][16.182s][info][gc,reloc    ] GC(5) O: Small Pages:                   16            1            0          32M           0M           1M 
[2026-04-03T03:32:30.702+0600][16.182s][info][gc,reloc    ] GC(5) O: Medium Pages:                   1            0            0          32M           0M           0M 
[2026-04-03T03:32:30.702+0600][16.182s][info][gc,reloc    ] GC(5) O: Large Pages:                    0            0            0           0M           0M           0M 
[2026-04-03T03:32:30.702+0600][16.182s][info][gc,reloc    ] GC(5) O: Forwarding Usage: 0M
[2026-04-03T03:32:30.702+0600][16.182s][info][gc,heap     ] GC(5) O: Min Capacity: 8M(0%)
[2026-04-03T03:32:30.702+0600][16.182s][info][gc,heap     ] GC(5) O: Max Capacity: 1750M(100%)
[2026-04-03T03:32:30.702+0600][16.182s][info][gc,heap     ] GC(5) O: Soft Max Capacity: 1750M(100%)
[2026-04-03T03:32:30.702+0600][16.182s][info][gc,heap     ] GC(5) O: Heap Statistics:
[2026-04-03T03:32:30.702+0600][16.182s][info][gc,heap     ] GC(5) O:                Mark Start          Mark End        Relocate Start      Relocate End           High               Low         
[2026-04-03T03:32:30.702+0600][16.182s][info][gc,heap     ] GC(5) O:  Capacity:      948M (54%)         948M (54%)         948M (54%)         948M (54%)         948M (54%)         948M (54%)    
[2026-04-03T03:32:30.703+0600][16.182s][info][gc,heap     ] GC(5) O:      Free:      906M (52%)        1494M (85%)        1428M (82%)        1418M (81%)        1602M (92%)         856M (49%)    
[2026-04-03T03:32:30.703+0600][16.182s][info][gc,heap     ] GC(5) O:      Used:      844M (48%)         256M (15%)         322M (18%)         332M (19%)         894M (51%)         148M (8%)     
[2026-04-03T03:32:30.703+0600][16.182s][info][gc,heap     ] GC(5) O: Old Generation Statistics:
[2026-04-03T03:32:30.703+0600][16.182s][info][gc,heap     ] GC(5) O:                Mark Start          Mark End        Relocate Start      Relocate End    
[2026-04-03T03:32:30.703+0600][16.182s][info][gc,heap     ] GC(5) O:      Used:       64M (4%)           64M (4%)           64M (4%)           68M (4%)     
[2026-04-03T03:32:30.703+0600][16.182s][info][gc,heap     ] GC(5) O:      Live:         -                32M (2%)           32M (2%)           32M (2%)     
[2026-04-03T03:32:30.703+0600][16.182s][info][gc,heap     ] GC(5) O:   Garbage:         -                31M (2%)           31M (2%)           29M (2%)     
[2026-04-03T03:32:30.703+0600][16.182s][info][gc,heap     ] GC(5) O: Allocated:         -                 0M (0%)            0M (0%)            6M (0%)     
[2026-04-03T03:32:30.703+0600][16.182s][info][gc,heap     ] GC(5) O: Reclaimed:         -                  -                 0M (0%)            2M (0%)     
[2026-04-03T03:32:30.703+0600][16.182s][info][gc,heap     ] GC(5) O: Compacted:         -                  -                  -                 1M (0%)     
[2026-04-03T03:32:30.703+0600][16.182s][info][gc,phases   ] GC(5) O: Old Generation 152M(9%)->332M(19%) 0.093s
[2026-04-03T03:32:30.703+0600][16.182s][info][gc          ] GC(5) Major Collection (Allocation Rate) 844M(48%)->332M(19%) 0.122s
[2026-04-03T03:32:30.870+0600][16.350s][info][gc          ] GC(6) Minor Collection (Allocation Rate)
[2026-04-03T03:32:30.870+0600][16.350s][info][gc,task     ] GC(6) Using 2 Workers for Young Generation
[2026-04-03T03:32:30.870+0600][16.350s][info][gc,phases   ] GC(6) y: Young Generation
[2026-04-03T03:32:30.871+0600][16.350s][info][gc,phases   ] GC(6) y: Pause Mark Start 0.055ms
[2026-04-03T03:32:30.892+0600][16.372s][info][gc,phases   ] GC(6) y: Concurrent Mark 21.345ms
[2026-04-03T03:32:30.892+0600][16.372s][info][gc,phases   ] GC(6) y: Pause Mark End 0.026ms
[2026-04-03T03:32:30.893+0600][16.372s][info][gc,phases   ] GC(6) y: Concurrent Mark Free 0.003ms
[2026-04-03T03:32:30.893+0600][16.372s][info][gc,phases   ] GC(6) y: Concurrent Reset Relocation Set 0.010ms
[2026-04-03T03:32:30.896+0600][16.376s][info][gc,reloc    ] GC(6) y: Using tenuring threshold: 1 (Computed)
[2026-04-03T03:32:30.901+0600][16.380s][info][gc,phases   ] GC(6) y: Concurrent Select Relocation Set 8.221ms
[2026-04-03T03:32:30.901+0600][16.381s][info][gc,phases   ] GC(6) y: Pause Relocate Start 0.022ms
[2026-04-03T03:32:30.908+0600][16.388s][info][gc,phases   ] GC(6) y: Concurrent Relocate 7.131ms
[2026-04-03T03:32:30.908+0600][16.388s][info][gc,alloc    ] GC(6) y:                         Mark Start        Mark End      Relocate Start    Relocate End   
[2026-04-03T03:32:30.908+0600][16.388s][info][gc,alloc    ] GC(6) y: Allocation Stalls:          0                0                0                0         
[2026-04-03T03:32:30.908+0600][16.388s][info][gc,load     ] GC(6) y: Load: 3.23 (27%) / 4.04 (34%) / 4.73 (39%)
[2026-04-03T03:32:30.908+0600][16.388s][info][gc,mmu      ] GC(6) y: MMU: 2ms/97.2%, 5ms/98.9%, 10ms/99.3%, 20ms/99.6%, 50ms/99.7%, 100ms/99.8%
[2026-04-03T03:32:30.908+0600][16.388s][info][gc,marking  ] GC(6) y: Mark: 2 stripe(s), 2 proactive flush(es), 1 terminate flush(es), 0 completion(s), 0 continuation(s) 
[2026-04-03T03:32:30.908+0600][16.388s][info][gc,marking  ] GC(6) y: Mark Stack Usage: 32M
[2026-04-03T03:32:30.908+0600][16.388s][info][gc,nmethod  ] GC(6) y: NMethods: 4266 registered, 581 unregistered
[2026-04-03T03:32:30.909+0600][16.388s][info][gc,metaspace] GC(6) y: Metaspace: 64M used, 65M committed, 1088M reserved
[2026-04-03T03:32:30.909+0600][16.388s][info][gc,reloc    ] GC(6) y:                        Candidates     Selected     In-Place         Size        Empty    Relocated 
[2026-04-03T03:32:30.909+0600][16.388s][info][gc,reloc    ] GC(6) y: Small Pages:                  310           13            0         620M         586M           1M 
[2026-04-03T03:32:30.909+0600][16.388s][info][gc,reloc    ] GC(6) y: Medium Pages:                   0            0            0           0M           0M           0M 
[2026-04-03T03:32:30.909+0600][16.388s][info][gc,reloc    ] GC(6) y: Large Pages:                    0            0            0           0M           0M           0M 
[2026-04-03T03:32:30.909+0600][16.388s][info][gc,reloc    ] GC(6) y: Forwarding Usage: 0M
[2026-04-03T03:32:30.909+0600][16.388s][info][gc,reloc    ] GC(6) y: Age Table:
[2026-04-03T03:32:30.909+0600][16.388s][info][gc,reloc    ] GC(6) y:                    Live             Garbage             Small              Medium             Large        
[2026-04-03T03:32:30.909+0600][16.388s][info][gc,reloc    ] GC(6) y: Eden               0M (0%)          603M (35%)        302 / 8              0 / 0              0 / 0        
[2026-04-03T03:32:30.909+0600][16.388s][info][gc,reloc    ] GC(6) y: Survivor 1         6M (0%)            9M (1%)           8 / 5              0 / 0              0 / 0        
[2026-04-03T03:32:30.909+0600][16.388s][info][gc,heap     ] GC(6) y: Min Capacity: 8M(0%)
[2026-04-03T03:32:30.909+0600][16.388s][info][gc,heap     ] GC(6) y: Max Capacity: 1750M(100%)
[2026-04-03T03:32:30.909+0600][16.388s][info][gc,heap     ] GC(6) y: Soft Max Capacity: 1750M(100%)
[2026-04-03T03:32:30.909+0600][16.388s][info][gc,heap     ] GC(6) y: Heap Statistics:
[2026-04-03T03:32:30.909+0600][16.388s][info][gc,heap     ] GC(6) y:                Mark Start          Mark End        Relocate Start      Relocate End           High               Low         
[2026-04-03T03:32:30.909+0600][16.388s][info][gc,heap     ] GC(6) y:  Capacity:      948M (54%)         948M (54%)         948M (54%)         948M (54%)         948M (54%)         948M (54%)    
[2026-04-03T03:32:30.909+0600][16.388s][info][gc,heap     ] GC(6) y:      Free:     1062M (61%)        1006M (57%)        1572M (90%)        1574M (90%)        1590M (91%)        1006M (57%)    
[2026-04-03T03:32:30.909+0600][16.388s][info][gc,heap     ] GC(6) y:      Used:      688M (39%)         744M (43%)         178M (10%)         176M (10%)         744M (43%)         160M (9%)     
[2026-04-03T03:32:30.909+0600][16.388s][info][gc,heap     ] GC(6) y: Young Generation Statistics:
[2026-04-03T03:32:30.909+0600][16.388s][info][gc,heap     ] GC(6) y:                Mark Start          Mark End        Relocate Start      Relocate End    
[2026-04-03T03:32:30.909+0600][16.388s][info][gc,heap     ] GC(6) y:      Used:      620M (35%)         676M (39%)         104M (6%)           96M (5%)     
[2026-04-03T03:32:30.909+0600][16.388s][info][gc,heap     ] GC(6) y:      Live:         -                 6M (0%)            1M (0%)            0M (0%)     
[2026-04-03T03:32:30.909+0600][16.388s][info][gc,heap     ] GC(6) y:   Garbage:         -               613M (35%)          26M (2%)            0M (0%)     
[2026-04-03T03:32:30.909+0600][16.388s][info][gc,heap     ] GC(6) y: Allocated:         -                56M (3%)           76M (4%)           95M (5%)     
[2026-04-03T03:32:30.909+0600][16.388s][info][gc,heap     ] GC(6) y: Reclaimed:         -                  -               587M (34%)         613M (35%)    
[2026-04-03T03:32:30.909+0600][16.388s][info][gc,heap     ] GC(6) y:  Promoted:         -                  -                 4M (0%)            6M (0%)     
[2026-04-03T03:32:30.909+0600][16.388s][info][gc,heap     ] GC(6) y: Compacted:         -                  -                  -                 0M (0%)     
[2026-04-03T03:32:30.909+0600][16.388s][info][gc,phases   ] GC(6) y: Young Generation 688M(39%)->176M(10%) 0.038s
[2026-04-03T03:32:30.909+0600][16.388s][info][gc          ] GC(6) Minor Collection (Allocation Rate) 688M(39%)->176M(10%) 0.039s
[2026-04-03T03:32:30.941+0600][16.420s][info][gc          ] GC(7) Minor Collection (Allocation Rate)
[2026-04-03T03:32:30.941+0600][16.420s][info][gc,task     ] GC(7) Using 2 Workers for Young Generation
[2026-04-03T03:32:30.941+0600][16.420s][info][gc,phases   ] GC(7) y: Young Generation
[2026-04-03T03:32:30.941+0600][16.421s][info][gc,phases   ] GC(7) y: Pause Mark Start 0.022ms
[2026-04-03T03:32:30.949+0600][16.428s][info][gc,phases   ] GC(7) y: Concurrent Mark 7.229ms
[2026-04-03T03:32:30.949+0600][16.428s][info][gc,phases   ] GC(7) y: Pause Mark End 0.022ms
[2026-04-03T03:32:30.949+0600][16.428s][info][gc,phases   ] GC(7) y: Concurrent Mark Free 0.002ms
[2026-04-03T03:32:30.949+0600][16.428s][info][gc,phases   ] GC(7) y: Concurrent Reset Relocation Set 0.009ms
[2026-04-03T03:32:30.952+0600][16.431s][info][gc,reloc    ] GC(7) y: Using tenuring threshold: 2 (Computed)
[2026-04-03T03:32:30.952+0600][16.432s][info][gc,phases   ] GC(7) y: Concurrent Select Relocation Set 3.294ms
[2026-04-03T03:32:30.952+0600][16.432s][info][gc,phases   ] GC(7) y: Pause Relocate Start 0.019ms
[2026-04-03T03:32:30.953+0600][16.432s][info][gc,phases   ] GC(7) y: Concurrent Relocate 0.115ms
[2026-04-03T03:32:30.953+0600][16.432s][info][gc,alloc    ] GC(7) y:                         Mark Start        Mark End      Relocate Start    Relocate End   
[2026-04-03T03:32:30.953+0600][16.432s][info][gc,alloc    ] GC(7) y: Allocation Stalls:          0                0                0                0         
[2026-04-03T03:32:30.953+0600][16.432s][info][gc,load     ] GC(7) y: Load: 3.23 (27%) / 4.04 (34%) / 4.73 (39%)
[2026-04-03T03:32:30.953+0600][16.432s][info][gc,mmu      ] GC(7) y: MMU: 2ms/97.2%, 5ms/98.9%, 10ms/99.3%, 20ms/99.6%, 50ms/99.7%, 100ms/99.8%
[2026-04-03T03:32:30.953+0600][16.432s][info][gc,marking  ] GC(7) y: Mark: 2 stripe(s), 2 proactive flush(es), 1 terminate flush(es), 0 completion(s), 0 continuation(s) 
[2026-04-03T03:32:30.953+0600][16.432s][info][gc,marking  ] GC(7) y: Mark Stack Usage: 32M
[2026-04-03T03:32:30.953+0600][16.432s][info][gc,nmethod  ] GC(7) y: NMethods: 4268 registered, 581 unregistered
[2026-04-03T03:32:30.953+0600][16.432s][info][gc,metaspace] GC(7) y: Metaspace: 64M used, 65M committed, 1088M reserved
[2026-04-03T03:32:30.953+0600][16.432s][info][gc,reloc    ] GC(7) y:                        Candidates     Selected     In-Place         Size        Empty    Relocated 
[2026-04-03T03:32:30.953+0600][16.432s][info][gc,reloc    ] GC(7) y: Small Pages:                   91            4            0         182M         172M           0M 
[2026-04-03T03:32:30.953+0600][16.432s][info][gc,reloc    ] GC(7) y: Medium Pages:                   0            0            0           0M           0M           0M 
[2026-04-03T03:32:30.953+0600][16.432s][info][gc,reloc    ] GC(7) y: Large Pages:                    0            0            0           0M           0M           0M 
[2026-04-03T03:32:30.953+0600][16.432s][info][gc,reloc    ] GC(7) y: Forwarding Usage: 0M
[2026-04-03T03:32:30.953+0600][16.432s][info][gc,reloc    ] GC(7) y: Age Table:
[2026-04-03T03:32:30.953+0600][16.432s][info][gc,reloc    ] GC(7) y:                    Live             Garbage             Small              Medium             Large        
[2026-04-03T03:32:30.953+0600][16.432s][info][gc,reloc    ] GC(7) y: Eden               0M (0%)          179M (10%)         90 / 3              0 / 0              0 / 0        
[2026-04-03T03:32:30.953+0600][16.432s][info][gc,reloc    ] GC(7) y: Survivor 1         0M (0%)            1M (0%)           1 / 1              0 / 0              0 / 0        
[2026-04-03T03:32:30.953+0600][16.432s][info][gc,heap     ] GC(7) y: Min Capacity: 8M(0%)
[2026-04-03T03:32:30.953+0600][16.432s][info][gc,heap     ] GC(7) y: Max Capacity: 1750M(100%)
[2026-04-03T03:32:30.953+0600][16.432s][info][gc,heap     ] GC(7) y: Soft Max Capacity: 1750M(100%)
[2026-04-03T03:32:30.953+0600][16.432s][info][gc,heap     ] GC(7) y: Heap Statistics:
[2026-04-03T03:32:30.953+0600][16.432s][info][gc,heap     ] GC(7) y:                Mark Start          Mark End        Relocate Start      Relocate End           High               Low         
[2026-04-03T03:32:30.953+0600][16.432s][info][gc,heap     ] GC(7) y:  Capacity:      948M (54%)         948M (54%)         948M (54%)         948M (54%)         948M (54%)         948M (54%)    
[2026-04-03T03:32:30.953+0600][16.432s][info][gc,heap     ] GC(7) y:      Free:     1488M (85%)        1468M (84%)        1630M (93%)        1634M (93%)        1634M (93%)        1468M (84%)    
[2026-04-03T03:32:30.953+0600][16.432s][info][gc,heap     ] GC(7) y:      Used:      262M (15%)         282M (16%)         120M (7%)          116M (7%)          282M (16%)         116M (7%)     
[2026-04-03T03:32:30.953+0600][16.432s][info][gc,heap     ] GC(7) y: Young Generation Statistics:
[2026-04-03T03:32:30.953+0600][16.432s][info][gc,heap     ] GC(7) y:                Mark Start          Mark End        Relocate Start      Relocate End    
[2026-04-03T03:32:30.953+0600][16.432s][info][gc,heap     ] GC(7) y:      Used:      182M (10%)         202M (12%)          40M (2%)           36M (2%)     
[2026-04-03T03:32:30.953+0600][16.432s][info][gc,heap     ] GC(7) y:      Live:         -                 0M (0%)            0M (0%)            0M (0%)     
[2026-04-03T03:32:30.953+0600][16.432s][info][gc,heap     ] GC(7) y:   Garbage:         -               181M (10%)           9M (1%)            0M (0%)     
[2026-04-03T03:32:30.953+0600][16.432s][info][gc,heap     ] GC(7) y: Allocated:         -                20M (1%)           30M (2%)           35M (2%)     
[2026-04-03T03:32:30.953+0600][16.432s][info][gc,heap     ] GC(7) y: Reclaimed:         -                  -               172M (10%)         181M (10%)    
[2026-04-03T03:32:30.953+0600][16.432s][info][gc,heap     ] GC(7) y:  Promoted:         -                  -                 0M (0%)            0M (0%)     
[2026-04-03T03:32:30.953+0600][16.432s][info][gc,heap     ] GC(7) y: Compacted:         -                  -                  -                 0M (0%)     
[2026-04-03T03:32:30.953+0600][16.433s][info][gc,phases   ] GC(7) y: Young Generation 262M(15%)->116M(7%) 0.012s
[2026-04-03T03:32:30.953+0600][16.433s][info][gc          ] GC(7) Minor Collection (Allocation Rate) 262M(15%)->116M(7%) 0.012s
[2026-04-03T03:32:30.989+0600][16.468s][info][gc          ] GC(8) Minor Collection (Allocation Rate)
[2026-04-03T03:32:30.989+0600][16.468s][info][gc,task     ] GC(8) Using 3 Workers for Young Generation
[2026-04-03T03:32:30.989+0600][16.468s][info][gc,phases   ] GC(8) y: Young Generation
[2026-04-03T03:32:30.989+0600][16.468s][info][gc,phases   ] GC(8) y: Pause Mark Start 0.020ms
[2026-04-03T03:32:30.994+0600][16.474s][info][gc,phases   ] GC(8) y: Concurrent Mark 5.503ms
[2026-04-03T03:32:30.995+0600][16.474s][info][gc,phases   ] GC(8) y: Pause Mark End 0.022ms
[2026-04-03T03:32:30.995+0600][16.474s][info][gc,phases   ] GC(8) y: Concurrent Mark Free 0.003ms
[2026-04-03T03:32:30.995+0600][16.474s][info][gc,phases   ] GC(8) y: Concurrent Reset Relocation Set 0.003ms
[2026-04-03T03:32:30.998+0600][16.478s][info][gc,reloc    ] GC(8) y: Using tenuring threshold: 3 (Computed)
[2026-04-03T03:32:30.998+0600][16.478s][info][gc,phases   ] GC(8) y: Concurrent Select Relocation Set 3.689ms
[2026-04-03T03:32:30.999+0600][16.478s][info][gc,phases   ] GC(8) y: Pause Relocate Start 0.016ms
[2026-04-03T03:32:30.999+0600][16.478s][info][gc,phases   ] GC(8) y: Concurrent Relocate 0.124ms
[2026-04-03T03:32:30.999+0600][16.478s][info][gc,alloc    ] GC(8) y:                         Mark Start        Mark End      Relocate Start    Relocate End   
[2026-04-03T03:32:30.999+0600][16.478s][info][gc,alloc    ] GC(8) y: Allocation Stalls:          0                0                0                0         
[2026-04-03T03:32:30.999+0600][16.478s][info][gc,load     ] GC(8) y: Load: 3.23 (27%) / 4.04 (34%) / 4.73 (39%)
[2026-04-03T03:32:30.999+0600][16.478s][info][gc,mmu      ] GC(8) y: MMU: 2ms/97.2%, 5ms/98.9%, 10ms/99.3%, 20ms/99.6%, 50ms/99.7%, 100ms/99.8%
[2026-04-03T03:32:30.999+0600][16.478s][info][gc,marking  ] GC(8) y: Mark: 2 stripe(s), 2 proactive flush(es), 1 terminate flush(es), 0 completion(s), 0 continuation(s) 
[2026-04-03T03:32:30.999+0600][16.478s][info][gc,marking  ] GC(8) y: Mark Stack Usage: 32M
[2026-04-03T03:32:30.999+0600][16.478s][info][gc,nmethod  ] GC(8) y: NMethods: 4280 registered, 581 unregistered
[2026-04-03T03:32:30.999+0600][16.478s][info][gc,metaspace] GC(8) y: Metaspace: 64M used, 65M committed, 1088M reserved
[2026-04-03T03:32:30.999+0600][16.478s][info][gc,reloc    ] GC(8) y:                        Candidates     Selected     In-Place         Size        Empty    Relocated 
[2026-04-03T03:32:30.999+0600][16.478s][info][gc,reloc    ] GC(8) y: Small Pages:                   66            7            0         132M         116M           0M 
[2026-04-03T03:32:30.999+0600][16.478s][info][gc,reloc    ] GC(8) y: Medium Pages:                   0            0            0           0M           0M           0M 
[2026-04-03T03:32:30.999+0600][16.478s][info][gc,reloc    ] GC(8) y: Large Pages:                    0            0            0           0M           0M           0M 
[2026-04-03T03:32:30.999+0600][16.478s][info][gc,reloc    ] GC(8) y: Forwarding Usage: 0M
[2026-04-03T03:32:30.999+0600][16.478s][info][gc,reloc    ] GC(8) y: Age Table:
[2026-04-03T03:32:30.999+0600][16.478s][info][gc,reloc    ] GC(8) y:                    Live             Garbage             Small              Medium             Large        
[2026-04-03T03:32:30.999+0600][16.478s][info][gc,reloc    ] GC(8) y: Eden               0M (0%)          125M (7%)          63 / 6              0 / 0              0 / 0        
[2026-04-03T03:32:30.999+0600][16.478s][info][gc,reloc    ] GC(8) y: Survivor 1          -                 4M (0%)           2 / 0              0 / 0              0 / 0        
[2026-04-03T03:32:30.999+0600][16.478s][info][gc,reloc    ] GC(8) y: Survivor 2         0M (0%)            1M (0%)           1 / 1              0 / 0              0 / 0        
[2026-04-03T03:32:30.999+0600][16.478s][info][gc,heap     ] GC(8) y: Min Capacity: 8M(0%)
[2026-04-03T03:32:30.999+0600][16.478s][info][gc,heap     ] GC(8) y: Max Capacity: 1750M(100%)
[2026-04-03T03:32:30.999+0600][16.478s][info][gc,heap     ] GC(8) y: Soft Max Capacity: 1750M(100%)
[2026-04-03T03:32:30.999+0600][16.478s][info][gc,heap     ] GC(8) y: Heap Statistics:
[2026-04-03T03:32:30.999+0600][16.478s][info][gc,heap     ] GC(8) y:                Mark Start          Mark End        Relocate Start      Relocate End           High               Low         
[2026-04-03T03:32:30.999+0600][16.479s][info][gc,heap     ] GC(8) y:  Capacity:      948M (54%)         948M (54%)         948M (54%)         948M (54%)         948M (54%)         948M (54%)    
[2026-04-03T03:32:30.999+0600][16.479s][info][gc,heap     ] GC(8) y:      Free:     1538M (88%)        1518M (87%)        1628M (93%)        1636M (93%)        1636M (93%)        1512M (86%)    
[2026-04-03T03:32:30.999+0600][16.479s][info][gc,heap     ] GC(8) y:      Used:      212M (12%)         232M (13%)         122M (7%)          114M (7%)          238M (14%)         114M (7%)     
[2026-04-03T03:32:30.999+0600][16.479s][info][gc,heap     ] GC(8) y: Young Generation Statistics:
[2026-04-03T03:32:30.999+0600][16.479s][info][gc,heap     ] GC(8) y:                Mark Start          Mark End        Relocate Start      Relocate End    
[2026-04-03T03:32:30.999+0600][16.479s][info][gc,heap     ] GC(8) y:      Used:      132M (8%)          152M (9%)           42M (2%)           34M (2%)     
[2026-04-03T03:32:30.999+0600][16.479s][info][gc,heap     ] GC(8) y:      Live:         -                 0M (0%)            0M (0%)            0M (0%)     
[2026-04-03T03:32:30.999+0600][16.479s][info][gc,heap     ] GC(8) y:   Garbage:         -               131M (8%)           15M (1%)            0M (0%)     
[2026-04-03T03:32:30.999+0600][16.479s][info][gc,heap     ] GC(8) y: Allocated:         -                20M (1%)           26M (1%)           33M (2%)     
[2026-04-03T03:32:30.999+0600][16.479s][info][gc,heap     ] GC(8) y: Reclaimed:         -                  -               116M (7%)          131M (8%)     
[2026-04-03T03:32:30.999+0600][16.479s][info][gc,heap     ] GC(8) y:  Promoted:         -                  -                 0M (0%)            0M (0%)     
[2026-04-03T03:32:30.999+0600][16.479s][info][gc,heap     ] GC(8) y: Compacted:         -                  -                  -                 0M (0%)     
[2026-04-03T03:32:30.999+0600][16.479s][info][gc,phases   ] GC(8) y: Young Generation 212M(12%)->114M(7%) 0.010s
[2026-04-03T03:32:30.999+0600][16.479s][info][gc          ] GC(8) Minor Collection (Allocation Rate) 212M(12%)->114M(7%) 0.010s
[2026-04-03T03:32:31.047+0600][16.527s][info][gc          ] GC(9) Minor Collection (Allocation Rate)
[2026-04-03T03:32:31.047+0600][16.527s][info][gc,task     ] GC(9) Using 3 Workers for Young Generation
[2026-04-03T03:32:31.047+0600][16.527s][info][gc,phases   ] GC(9) y: Young Generation
[2026-04-03T03:32:31.047+0600][16.527s][info][gc,phases   ] GC(9) y: Pause Mark Start 0.022ms
[2026-04-03T03:32:31.053+0600][16.533s][info][gc,phases   ] GC(9) y: Concurrent Mark 5.578ms
[2026-04-03T03:32:31.053+0600][16.533s][info][gc,phases   ] GC(9) y: Pause Mark End 0.022ms
[2026-04-03T03:32:31.053+0600][16.533s][info][gc,phases   ] GC(9) y: Concurrent Mark Free 0.002ms
[2026-04-03T03:32:31.054+0600][16.533s][info][gc,phases   ] GC(9) y: Concurrent Reset Relocation Set 0.003ms
[2026-04-03T03:32:31.055+0600][16.535s][info][gc,reloc    ] GC(9) y: Using tenuring threshold: 4 (Computed)
[2026-04-03T03:32:31.055+0600][16.535s][info][gc,phases   ] GC(9) y: Concurrent Select Relocation Set 1.696ms
[2026-04-03T03:32:31.055+0600][16.535s][info][gc,phases   ] GC(9) y: Pause Relocate Start 0.014ms
[2026-04-03T03:32:31.056+0600][16.535s][info][gc,phases   ] GC(9) y: Concurrent Relocate 0.157ms
[2026-04-03T03:32:31.056+0600][16.535s][info][gc,alloc    ] GC(9) y:                         Mark Start        Mark End      Relocate Start    Relocate End   
[2026-04-03T03:32:31.056+0600][16.535s][info][gc,alloc    ] GC(9) y: Allocation Stalls:          0                0                0                0         
[2026-04-03T03:32:31.056+0600][16.535s][info][gc,load     ] GC(9) y: Load: 3.23 (27%) / 4.04 (34%) / 4.73 (39%)
[2026-04-03T03:32:31.056+0600][16.535s][info][gc,mmu      ] GC(9) y: MMU: 2ms/97.2%, 5ms/98.9%, 10ms/99.3%, 20ms/99.6%, 50ms/99.7%, 100ms/99.8%
[2026-04-03T03:32:31.056+0600][16.535s][info][gc,marking  ] GC(9) y: Mark: 2 stripe(s), 2 proactive flush(es), 1 terminate flush(es), 0 completion(s), 0 continuation(s) 
[2026-04-03T03:32:31.056+0600][16.535s][info][gc,marking  ] GC(9) y: Mark Stack Usage: 32M
[2026-04-03T03:32:31.056+0600][16.535s][info][gc,nmethod  ] GC(9) y: NMethods: 4286 registered, 581 unregistered
[2026-04-03T03:32:31.056+0600][16.535s][info][gc,metaspace] GC(9) y: Metaspace: 64M used, 65M committed, 1088M reserved
[2026-04-03T03:32:31.056+0600][16.535s][info][gc,reloc    ] GC(9) y:                        Candidates     Selected     In-Place         Size        Empty    Relocated 
[2026-04-03T03:32:31.056+0600][16.535s][info][gc,reloc    ] GC(9) y: Small Pages:                   81            7            0         162M         146M           0M 
[2026-04-03T03:32:31.056+0600][16.536s][info][gc,reloc    ] GC(9) y: Medium Pages:                   0            0            0           0M           0M           0M 
[2026-04-03T03:32:31.056+0600][16.536s][info][gc,reloc    ] GC(9) y: Large Pages:                    0            0            0           0M           0M           0M 
[2026-04-03T03:32:31.056+0600][16.536s][info][gc,reloc    ] GC(9) y: Forwarding Usage: 0M
[2026-04-03T03:32:31.056+0600][16.536s][info][gc,reloc    ] GC(9) y: Age Table:
[2026-04-03T03:32:31.056+0600][16.536s][info][gc,reloc    ] GC(9) y:                    Live             Garbage             Small              Medium             Large        
[2026-04-03T03:32:31.056+0600][16.536s][info][gc,reloc    ] GC(9) y: Eden               0M (0%)          153M (9%)          77 / 4              0 / 0              0 / 0        
[2026-04-03T03:32:31.056+0600][16.536s][info][gc,reloc    ] GC(9) y: Survivor 1         0M (0%)            5M (0%)           3 / 2              0 / 0              0 / 0        
[2026-04-03T03:32:31.056+0600][16.536s][info][gc,reloc    ] GC(9) y: Survivor 2          -                 0M (0%)           0 / 0              0 / 0              0 / 0        
[2026-04-03T03:32:31.056+0600][16.536s][info][gc,reloc    ] GC(9) y: Survivor 3         0M (0%)            1M (0%)           1 / 1              0 / 0              0 / 0        
[2026-04-03T03:32:31.056+0600][16.536s][info][gc,heap     ] GC(9) y: Min Capacity: 8M(0%)
[2026-04-03T03:32:31.056+0600][16.536s][info][gc,heap     ] GC(9) y: Max Capacity: 1750M(100%)
[2026-04-03T03:32:31.056+0600][16.536s][info][gc,heap     ] GC(9) y: Soft Max Capacity: 1750M(100%)
[2026-04-03T03:32:31.056+0600][16.536s][info][gc,heap     ] GC(9) y: Heap Statistics:
[2026-04-03T03:32:31.056+0600][16.536s][info][gc,heap     ] GC(9) y:                Mark Start          Mark End        Relocate Start      Relocate End           High               Low         
[2026-04-03T03:32:31.056+0600][16.536s][info][gc,heap     ] GC(9) y:  Capacity:      948M (54%)         948M (54%)         948M (54%)         948M (54%)         948M (54%)         948M (54%)    
[2026-04-03T03:32:31.056+0600][16.536s][info][gc,heap     ] GC(9) y:      Free:     1508M (86%)        1490M (85%)        1634M (93%)        1636M (93%)        1636M (93%)        1490M (85%)    
[2026-04-03T03:32:31.056+0600][16.536s][info][gc,heap     ] GC(9) y:      Used:      242M (14%)         260M (15%)         116M (7%)          114M (7%)          260M (15%)         114M (7%)     
[2026-04-03T03:32:31.056+0600][16.536s][info][gc,heap     ] GC(9) y: Young Generation Statistics:
[2026-04-03T03:32:31.056+0600][16.536s][info][gc,heap     ] GC(9) y:                Mark Start          Mark End        Relocate Start      Relocate End    
[2026-04-03T03:32:31.056+0600][16.536s][info][gc,heap     ] GC(9) y:      Used:      162M (9%)          180M (10%)          36M (2%)           34M (2%)     
[2026-04-03T03:32:31.056+0600][16.536s][info][gc,heap     ] GC(9) y:      Live:         -                 0M (0%)            0M (0%)            0M (0%)     
[2026-04-03T03:32:31.056+0600][16.536s][info][gc,heap     ] GC(9) y:   Garbage:         -               161M (9%)           15M (1%)            0M (0%)     
[2026-04-03T03:32:31.056+0600][16.536s][info][gc,heap     ] GC(9) y: Allocated:         -                18M (1%)           20M (1%)           33M (2%)     
[2026-04-03T03:32:31.056+0600][16.536s][info][gc,heap     ] GC(9) y: Reclaimed:         -                  -               146M (8%)          161M (9%)     
[2026-04-03T03:32:31.056+0600][16.536s][info][gc,heap     ] GC(9) y:  Promoted:         -                  -                 0M (0%)            0M (0%)     
[2026-04-03T03:32:31.056+0600][16.536s][info][gc,heap     ] GC(9) y: Compacted:         -                  -                  -                 0M (0%)     
[2026-04-03T03:32:31.056+0600][16.536s][info][gc,phases   ] GC(9) y: Young Generation 242M(14%)->114M(7%) 0.009s
[2026-04-03T03:32:31.056+0600][16.536s][info][gc          ] GC(9) Minor Collection (Allocation Rate) 242M(14%)->114M(7%) 0.009s
[2026-04-03T03:32:31.222+0600][16.701s][info][gc          ] GC(10) Minor Collection (Allocation Rate)
[2026-04-03T03:32:31.222+0600][16.701s][info][gc,task     ] GC(10) Using 3 Workers for Young Generation
[2026-04-03T03:32:31.222+0600][16.701s][info][gc,phases   ] GC(10) y: Young Generation
[2026-04-03T03:32:31.222+0600][16.702s][info][gc,phases   ] GC(10) y: Pause Mark Start 0.020ms
[2026-04-03T03:32:31.229+0600][16.708s][info][gc,phases   ] GC(10) y: Concurrent Mark 6.394ms
[2026-04-03T03:32:31.229+0600][16.708s][info][gc,phases   ] GC(10) y: Pause Mark End 0.022ms
[2026-04-03T03:32:31.229+0600][16.708s][info][gc,phases   ] GC(10) y: Concurrent Mark Free 0.001ms
[2026-04-03T03:32:31.229+0600][16.708s][info][gc,phases   ] GC(10) y: Concurrent Reset Relocation Set 0.003ms
[2026-04-03T03:32:31.233+0600][16.713s][info][gc,reloc    ] GC(10) y: Using tenuring threshold: 5 (Computed)
[2026-04-03T03:32:31.233+0600][16.713s][info][gc,phases   ] GC(10) y: Concurrent Select Relocation Set 4.493ms
[2026-04-03T03:32:31.234+0600][16.713s][info][gc,phases   ] GC(10) y: Pause Relocate Start 0.028ms
[2026-04-03T03:32:31.234+0600][16.713s][info][gc,phases   ] GC(10) y: Concurrent Relocate 0.131ms
[2026-04-03T03:32:31.234+0600][16.713s][info][gc,alloc    ] GC(10) y:                         Mark Start        Mark End      Relocate Start    Relocate End   
[2026-04-03T03:32:31.234+0600][16.713s][info][gc,alloc    ] GC(10) y: Allocation Stalls:          0                0                0                0         
[2026-04-03T03:32:31.234+0600][16.713s][info][gc,load     ] GC(10) y: Load: 3.23 (27%) / 4.04 (34%) / 4.73 (39%)
[2026-04-03T03:32:31.234+0600][16.713s][info][gc,mmu      ] GC(10) y: MMU: 2ms/97.2%, 5ms/98.9%, 10ms/99.3%, 20ms/99.6%, 50ms/99.7%, 100ms/99.8%
[2026-04-03T03:32:31.234+0600][16.713s][info][gc,marking  ] GC(10) y: Mark: 2 stripe(s), 2 proactive flush(es), 1 terminate flush(es), 0 completion(s), 0 continuation(s) 
[2026-04-03T03:32:31.234+0600][16.713s][info][gc,marking  ] GC(10) y: Mark Stack Usage: 32M
[2026-04-03T03:32:31.234+0600][16.713s][info][gc,nmethod  ] GC(10) y: NMethods: 4294 registered, 581 unregistered
[2026-04-03T03:32:31.234+0600][16.713s][info][gc,metaspace] GC(10) y: Metaspace: 64M used, 65M committed, 1088M reserved
[2026-04-03T03:32:31.234+0600][16.713s][info][gc,reloc    ] GC(10) y:                        Candidates     Selected     In-Place         Size        Empty    Relocated 
[2026-04-03T03:32:31.234+0600][16.713s][info][gc,reloc    ] GC(10) y: Small Pages:                  236            7            0         472M         456M           0M 
[2026-04-03T03:32:31.234+0600][16.713s][info][gc,reloc    ] GC(10) y: Medium Pages:                   0            0            0           0M           0M           0M 
[2026-04-03T03:32:31.234+0600][16.713s][info][gc,reloc    ] GC(10) y: Large Pages:                    0            0            0           0M           0M           0M 
[2026-04-03T03:32:31.234+0600][16.713s][info][gc,reloc    ] GC(10) y: Forwarding Usage: 0M
[2026-04-03T03:32:31.234+0600][16.714s][info][gc,reloc    ] GC(10) y: Age Table:
[2026-04-03T03:32:31.234+0600][16.714s][info][gc,reloc    ] GC(10) y:                    Live             Garbage             Small              Medium             Large        
[2026-04-03T03:32:31.234+0600][16.714s][info][gc,reloc    ] GC(10) y: Eden               0M (0%)          461M (26%)        231 / 4              0 / 0              0 / 0        
[2026-04-03T03:32:31.234+0600][16.714s][info][gc,reloc    ] GC(10) y: Survivor 1         0M (0%)            3M (0%)           2 / 1              0 / 0              0 / 0        
[2026-04-03T03:32:31.234+0600][16.714s][info][gc,reloc    ] GC(10) y: Survivor 2         0M (0%)            3M (0%)           2 / 1              0 / 0              0 / 0        
[2026-04-03T03:32:31.234+0600][16.714s][info][gc,reloc    ] GC(10) y: Survivor 3          -                 0M (0%)           0 / 0              0 / 0              0 / 0        
[2026-04-03T03:32:31.234+0600][16.714s][info][gc,reloc    ] GC(10) y: Survivor 4         0M (0%)            1M (0%)           1 / 1              0 / 0              0 / 0        
[2026-04-03T03:32:31.234+0600][16.714s][info][gc,heap     ] GC(10) y: Min Capacity: 8M(0%)
[2026-04-03T03:32:31.234+0600][16.714s][info][gc,heap     ] GC(10) y: Max Capacity: 1750M(100%)
[2026-04-03T03:32:31.234+0600][16.714s][info][gc,heap     ] GC(10) y: Soft Max Capacity: 1750M(100%)
[2026-04-03T03:32:31.234+0600][16.714s][info][gc,heap     ] GC(10) y: Heap Statistics:
[2026-04-03T03:32:31.234+0600][16.714s][info][gc,heap     ] GC(10) y:                Mark Start          Mark End        Relocate Start      Relocate End           High               Low         
[2026-04-03T03:32:31.234+0600][16.714s][info][gc,heap     ] GC(10) y:  Capacity:      948M (54%)         948M (54%)         948M (54%)         948M (54%)         948M (54%)         948M (54%)    
[2026-04-03T03:32:31.234+0600][16.714s][info][gc,heap     ] GC(10) y:      Free:     1198M (68%)        1182M (68%)        1626M (93%)        1632M (93%)        1632M (93%)        1182M (68%)    
[2026-04-03T03:32:31.234+0600][16.714s][info][gc,heap     ] GC(10) y:      Used:      552M (32%)         568M (32%)         124M (7%)          118M (7%)          568M (32%)         118M (7%)     
[2026-04-03T03:32:31.234+0600][16.714s][info][gc,heap     ] GC(10) y: Young Generation Statistics:
[2026-04-03T03:32:31.234+0600][16.714s][info][gc,heap     ] GC(10) y:                Mark Start          Mark End        Relocate Start      Relocate End    
[2026-04-03T03:32:31.234+0600][16.714s][info][gc,heap     ] GC(10) y:      Used:      472M (27%)         488M (28%)          44M (3%)           38M (2%)     
[2026-04-03T03:32:31.234+0600][16.714s][info][gc,heap     ] GC(10) y:      Live:         -                 0M (0%)            0M (0%)            0M (0%)     
[2026-04-03T03:32:31.234+0600][16.714s][info][gc,heap     ] GC(10) y:   Garbage:         -               471M (27%)          15M (1%)            0M (0%)     
[2026-04-03T03:32:31.234+0600][16.714s][info][gc,heap     ] GC(10) y: Allocated:         -                16M (1%)           28M (2%)           37M (2%)     
[2026-04-03T03:32:31.234+0600][16.714s][info][gc,heap     ] GC(10) y: Reclaimed:         -                  -               456M (26%)         471M (27%)    
[2026-04-03T03:32:31.234+0600][16.714s][info][gc,heap     ] GC(10) y:  Promoted:         -                  -                 0M (0%)            0M (0%)     
[2026-04-03T03:32:31.234+0600][16.714s][info][gc,heap     ] GC(10) y: Compacted:         -                  -                  -                 0M (0%)     
[2026-04-03T03:32:31.234+0600][16.714s][info][gc,phases   ] GC(10) y: Young Generation 552M(32%)->118M(7%) 0.012s
[2026-04-03T03:32:31.234+0600][16.714s][info][gc          ] GC(10) Minor Collection (Allocation Rate) 552M(32%)->122M(7%) 0.012s
[2026-04-03T03:32:31.455+0600][16.935s][info][gc          ] GC(11) Minor Collection (Allocation Rate)
[2026-04-03T03:32:31.455+0600][16.935s][info][gc,task     ] GC(11) Using 1 Workers for Young Generation
[2026-04-03T03:32:31.455+0600][16.935s][info][gc,phases   ] GC(11) y: Young Generation
[2026-04-03T03:32:31.456+0600][16.935s][info][gc,phases   ] GC(11) y: Pause Mark Start 0.018ms
[2026-04-03T03:32:31.464+0600][16.943s][info][gc,phases   ] GC(11) y: Concurrent Mark 7.975ms
[2026-04-03T03:32:31.464+0600][16.943s][info][gc,phases   ] GC(11) y: Pause Mark End 0.020ms
[2026-04-03T03:32:31.464+0600][16.943s][info][gc,phases   ] GC(11) y: Concurrent Mark Free 0.002ms
[2026-04-03T03:32:31.464+0600][16.944s][info][gc,phases   ] GC(11) y: Concurrent Reset Relocation Set 0.002ms
[2026-04-03T03:32:31.468+0600][16.948s][info][gc,reloc    ] GC(11) y: Using tenuring threshold: 6 (Computed)
[2026-04-03T03:32:31.469+0600][16.948s][info][gc,phases   ] GC(11) y: Concurrent Select Relocation Set 4.691ms
[2026-04-03T03:32:31.469+0600][16.948s][info][gc,phases   ] GC(11) y: Pause Relocate Start 0.075ms
[2026-04-03T03:32:31.469+0600][16.949s][info][gc,phases   ] GC(11) y: Concurrent Relocate 0.349ms
[2026-04-03T03:32:31.469+0600][16.949s][info][gc,alloc    ] GC(11) y:                         Mark Start        Mark End      Relocate Start    Relocate End   
[2026-04-03T03:32:31.469+0600][16.949s][info][gc,alloc    ] GC(11) y: Allocation Stalls:          0                0                0                0         
[2026-04-03T03:32:31.469+0600][16.949s][info][gc,load     ] GC(11) y: Load: 3.23 (27%) / 4.04 (34%) / 4.73 (39%)
[2026-04-03T03:32:31.469+0600][16.949s][info][gc,mmu      ] GC(11) y: MMU: 2ms/96.3%, 5ms/98.5%, 10ms/99.1%, 20ms/99.4%, 50ms/99.7%, 100ms/99.8%
[2026-04-03T03:32:31.469+0600][16.949s][info][gc,marking  ] GC(11) y: Mark: 1 stripe(s), 2 proactive flush(es), 1 terminate flush(es), 0 completion(s), 0 continuation(s) 
[2026-04-03T03:32:31.469+0600][16.949s][info][gc,marking  ] GC(11) y: Mark Stack Usage: 32M
[2026-04-03T03:32:31.470+0600][16.949s][info][gc,nmethod  ] GC(11) y: NMethods: 4300 registered, 581 unregistered
[2026-04-03T03:32:31.470+0600][16.949s][info][gc,metaspace] GC(11) y: Metaspace: 64M used, 65M committed, 1088M reserved
[2026-04-03T03:32:31.470+0600][16.949s][info][gc,reloc    ] GC(11) y:                        Candidates     Selected     In-Place         Size        Empty    Relocated 
[2026-04-03T03:32:31.470+0600][16.949s][info][gc,reloc    ] GC(11) y: Small Pages:                  314            9            0         628M         608M           0M 
[2026-04-03T03:32:31.470+0600][16.949s][info][gc,reloc    ] GC(11) y: Medium Pages:                   0            0            0           0M           0M           0M 
[2026-04-03T03:32:31.470+0600][16.949s][info][gc,reloc    ] GC(11) y: Large Pages:                    0            0            0           0M           0M           0M 
[2026-04-03T03:32:31.470+0600][16.949s][info][gc,reloc    ] GC(11) y: Forwarding Usage: 0M
[2026-04-03T03:32:31.470+0600][16.949s][info][gc,reloc    ] GC(11) y: Age Table:
[2026-04-03T03:32:31.470+0600][16.949s][info][gc,reloc    ] GC(11) y:                    Live             Garbage             Small              Medium             Large        
[2026-04-03T03:32:31.470+0600][16.949s][info][gc,reloc    ] GC(11) y: Eden               0M (0%)          617M (35%)        309 / 5              0 / 0              0 / 0        
[2026-04-03T03:32:31.470+0600][16.949s][info][gc,reloc    ] GC(11) y: Survivor 1         0M (0%)            3M (0%)           2 / 1              0 / 0              0 / 0        
[2026-04-03T03:32:31.470+0600][16.949s][info][gc,reloc    ] GC(11) y: Survivor 2         0M (0%)            1M (0%)           1 / 1              0 / 0              0 / 0        
[2026-04-03T03:32:31.470+0600][16.949s][info][gc,reloc    ] GC(11) y: Survivor 3         0M (0%)            1M (0%)           1 / 1              0 / 0              0 / 0        
[2026-04-03T03:32:31.470+0600][16.949s][info][gc,reloc    ] GC(11) y: Survivor 4          -                 0M (0%)           0 / 0              0 / 0              0 / 0        
[2026-04-03T03:32:31.470+0600][16.949s][info][gc,reloc    ] GC(11) y: Survivor 5         0M (0%)            1M (0%)           1 / 1              0 / 0              0 / 0        
[2026-04-03T03:32:31.470+0600][16.949s][info][gc,heap     ] GC(11) y: Min Capacity: 8M(0%)
[2026-04-03T03:32:31.470+0600][16.949s][info][gc,heap     ] GC(11) y: Max Capacity: 1750M(100%)
[2026-04-03T03:32:31.470+0600][16.949s][info][gc,heap     ] GC(11) y: Soft Max Capacity: 1750M(100%)
[2026-04-03T03:32:31.470+0600][16.949s][info][gc,heap     ] GC(11) y: Heap Statistics:
[2026-04-03T03:32:31.470+0600][16.949s][info][gc,heap     ] GC(11) y:                Mark Start          Mark End        Relocate Start      Relocate End           High               Low         
[2026-04-03T03:32:31.470+0600][16.949s][info][gc,heap     ] GC(11) y:  Capacity:      948M (54%)         948M (54%)         948M (54%)         948M (54%)         948M (54%)         948M (54%)    
[2026-04-03T03:32:31.470+0600][16.949s][info][gc,heap     ] GC(11) y:      Free:     1042M (60%)        1016M (58%)        1612M (92%)        1622M (93%)        1622M (93%)        1016M (58%)    
[2026-04-03T03:32:31.470+0600][16.949s][info][gc,heap     ] GC(11) y:      Used:      708M (40%)         734M (42%)         138M (8%)          128M (7%)          734M (42%)         128M (7%)     
[2026-04-03T03:32:31.470+0600][16.949s][info][gc,heap     ] GC(11) y: Young Generation Statistics:
[2026-04-03T03:32:31.470+0600][16.949s][info][gc,heap     ] GC(11) y:                Mark Start          Mark End        Relocate Start      Relocate End    
[2026-04-03T03:32:31.470+0600][16.949s][info][gc,heap     ] GC(11) y:      Used:      628M (36%)         654M (37%)          58M (3%)           48M (3%)     
[2026-04-03T03:32:31.470+0600][16.949s][info][gc,heap     ] GC(11) y:      Live:         -                 0M (0%)            0M (0%)            0M (0%)     
[2026-04-03T03:32:31.470+0600][16.949s][info][gc,heap     ] GC(11) y:   Garbage:         -               627M (36%)          19M (1%)            0M (0%)     
[2026-04-03T03:32:31.470+0600][16.949s][info][gc,heap     ] GC(11) y: Allocated:         -                26M (1%)           38M (2%)           47M (3%)     
[2026-04-03T03:32:31.470+0600][16.949s][info][gc,heap     ] GC(11) y: Reclaimed:         -                  -               608M (35%)         627M (36%)    
[2026-04-03T03:32:31.470+0600][16.949s][info][gc,heap     ] GC(11) y:  Promoted:         -                  -                 0M (0%)            0M (0%)     
[2026-04-03T03:32:31.470+0600][16.949s][info][gc,heap     ] GC(11) y: Compacted:         -                  -                  -                 0M (0%)     
[2026-04-03T03:32:31.470+0600][16.949s][info][gc,phases   ] GC(11) y: Young Generation 708M(40%)->128M(7%) 0.014s
[2026-04-03T03:32:31.470+0600][16.949s][info][gc          ] GC(11) Minor Collection (Allocation Rate) 706M(40%)->130M(7%) 0.015s
[2026-04-03T03:32:32.010+0600][17.490s][info][gc          ] GC(12) Minor Collection (Allocation Rate)
[2026-04-03T03:32:32.010+0600][17.490s][info][gc,task     ] GC(12) Using 1 Workers for Young Generation
[2026-04-03T03:32:32.010+0600][17.490s][info][gc,phases   ] GC(12) y: Young Generation
[2026-04-03T03:32:32.011+0600][17.490s][info][gc,phases   ] GC(12) y: Pause Mark Start 0.021ms
[2026-04-03T03:32:32.019+0600][17.499s][info][gc,phases   ] GC(12) y: Concurrent Mark 8.686ms
[2026-04-03T03:32:32.020+0600][17.499s][info][gc,phases   ] GC(12) y: Pause Mark End 0.020ms
[2026-04-03T03:32:32.020+0600][17.499s][info][gc,phases   ] GC(12) y: Concurrent Mark Free 0.001ms
[2026-04-03T03:32:32.020+0600][17.499s][info][gc,phases   ] GC(12) y: Concurrent Reset Relocation Set 0.002ms
[2026-04-03T03:32:32.025+0600][17.504s][info][gc,reloc    ] GC(12) y: Using tenuring threshold: 4 (Computed)
[2026-04-03T03:32:32.025+0600][17.505s][info][gc,phases   ] GC(12) y: Concurrent Select Relocation Set 5.588ms
[2026-04-03T03:32:32.025+0600][17.505s][info][gc,phases   ] GC(12) y: Pause Relocate Start 0.013ms
[2026-04-03T03:32:32.026+0600][17.505s][info][gc,phases   ] GC(12) y: Concurrent Relocate 0.183ms
[2026-04-03T03:32:32.026+0600][17.505s][info][gc,alloc    ] GC(12) y:                         Mark Start        Mark End      Relocate Start    Relocate End   
[2026-04-03T03:32:32.026+0600][17.505s][info][gc,alloc    ] GC(12) y: Allocation Stalls:          0                0                0                0         
[2026-04-03T03:32:32.026+0600][17.505s][info][gc,load     ] GC(12) y: Load: 3.23 (27%) / 4.04 (34%) / 4.73 (39%)
[2026-04-03T03:32:32.026+0600][17.505s][info][gc,mmu      ] GC(12) y: MMU: 2ms/96.3%, 5ms/98.5%, 10ms/99.1%, 20ms/99.4%, 50ms/99.7%, 100ms/99.8%
[2026-04-03T03:32:32.026+0600][17.505s][info][gc,marking  ] GC(12) y: Mark: 1 stripe(s), 2 proactive flush(es), 1 terminate flush(es), 0 completion(s), 0 continuation(s) 
[2026-04-03T03:32:32.026+0600][17.505s][info][gc,marking  ] GC(12) y: Mark Stack Usage: 32M
[2026-04-03T03:32:32.026+0600][17.505s][info][gc,nmethod  ] GC(12) y: NMethods: 4317 registered, 581 unregistered
[2026-04-03T03:32:32.026+0600][17.505s][info][gc,metaspace] GC(12) y: Metaspace: 64M used, 65M committed, 1088M reserved
[2026-04-03T03:32:32.026+0600][17.505s][info][gc,reloc    ] GC(12) y:                        Candidates     Selected     In-Place         Size        Empty    Relocated 
[2026-04-03T03:32:32.026+0600][17.505s][info][gc,reloc    ] GC(12) y: Small Pages:                  585           13            0        1170M        1142M           0M 
[2026-04-03T03:32:32.026+0600][17.505s][info][gc,reloc    ] GC(12) y: Medium Pages:                   0            0            0           0M           0M           0M 
[2026-04-03T03:32:32.026+0600][17.505s][info][gc,reloc    ] GC(12) y: Large Pages:                    0            0            0           0M           0M           0M 
[2026-04-03T03:32:32.026+0600][17.505s][info][gc,reloc    ] GC(12) y: Forwarding Usage: 0M
[2026-04-03T03:32:32.026+0600][17.505s][info][gc,reloc    ] GC(12) y: Age Table:
[2026-04-03T03:32:32.026+0600][17.505s][info][gc,reloc    ] GC(12) y:                    Live             Garbage             Small              Medium             Large        
[2026-04-03T03:32:32.026+0600][17.505s][info][gc,reloc    ] GC(12) y: Eden               0M (0%)         1159M (66%)        580 / 9              0 / 0              0 / 0        
[2026-04-03T03:32:32.026+0600][17.505s][info][gc,reloc    ] GC(12) y: Survivor 1          -                 2M (0%)           1 / 0              0 / 0              0 / 0        
[2026-04-03T03:32:32.026+0600][17.505s][info][gc,reloc    ] GC(12) y: Survivor 2         0M (0%)            1M (0%)           1 / 1              0 / 0              0 / 0        
[2026-04-03T03:32:32.026+0600][17.505s][info][gc,reloc    ] GC(12) y: Survivor 3         0M (0%)            1M (0%)           1 / 1              0 / 0              0 / 0        
[2026-04-03T03:32:32.026+0600][17.505s][info][gc,reloc    ] GC(12) y: Survivor 4         0M (0%)            1M (0%)           1 / 1              0 / 0              0 / 0        
[2026-04-03T03:32:32.026+0600][17.505s][info][gc,reloc    ] GC(12) y: Survivor 5          -                 0M (0%)           0 / 0              0 / 0              0 / 0        
[2026-04-03T03:32:32.026+0600][17.505s][info][gc,reloc    ] GC(12) y: Survivor 6         0M (0%)            1M (0%)           1 / 1              0 / 0              0 / 0        
[2026-04-03T03:32:32.026+0600][17.505s][info][gc,heap     ] GC(12) y: Min Capacity: 8M(0%)
[2026-04-03T03:32:32.026+0600][17.506s][info][gc,heap     ] GC(12) y: Max Capacity: 1750M(100%)
[2026-04-03T03:32:32.026+0600][17.506s][info][gc,heap     ] GC(12) y: Soft Max Capacity: 1750M(100%)
[2026-04-03T03:32:32.026+0600][17.506s][info][gc,heap     ] GC(12) y: Heap Statistics:
[2026-04-03T03:32:32.026+0600][17.506s][info][gc,heap     ] GC(12) y:                Mark Start          Mark End        Relocate Start      Relocate End           High               Low         
[2026-04-03T03:32:32.026+0600][17.506s][info][gc,heap     ] GC(12) y:  Capacity:     1250M (71%)        1262M (72%)        1262M (72%)        1262M (72%)        1262M (72%)        1250M (71%)    
[2026-04-03T03:32:32.026+0600][17.506s][info][gc,heap     ] GC(12) y:      Free:      500M (29%)         488M (28%)        1616M (92%)        1636M (93%)        1636M (93%)         488M (28%)    
[2026-04-03T03:32:32.026+0600][17.506s][info][gc,heap     ] GC(12) y:      Used:     1250M (71%)        1262M (72%)         134M (8%)          114M (7%)         1262M (72%)         114M (7%)     
[2026-04-03T03:32:32.026+0600][17.506s][info][gc,heap     ] GC(12) y: Young Generation Statistics:
[2026-04-03T03:32:32.026+0600][17.506s][info][gc,heap     ] GC(12) y:                Mark Start          Mark End        Relocate Start      Relocate End    
[2026-04-03T03:32:32.026+0600][17.506s][info][gc,heap     ] GC(12) y:      Used:     1170M (67%)        1182M (68%)          54M (3%)           32M (2%)     
[2026-04-03T03:32:32.026+0600][17.506s][info][gc,heap     ] GC(12) y:      Live:         -                 0M (0%)            0M (0%)            0M (0%)     
[2026-04-03T03:32:32.026+0600][17.506s][info][gc,heap     ] GC(12) y:   Garbage:         -              1169M (67%)          27M (2%)            0M (0%)     
[2026-04-03T03:32:32.026+0600][17.506s][info][gc,heap     ] GC(12) y: Allocated:         -                12M (1%)           26M (1%)           31M (2%)     
[2026-04-03T03:32:32.026+0600][17.506s][info][gc,heap     ] GC(12) y: Reclaimed:         -                  -              1142M (65%)        1169M (67%)    
[2026-04-03T03:32:32.026+0600][17.506s][info][gc,heap     ] GC(12) y:  Promoted:         -                  -                 0M (0%)            0M (0%)     
[2026-04-03T03:32:32.026+0600][17.506s][info][gc,heap     ] GC(12) y: Compacted:         -                  -                  -                 0M (0%)     
[2026-04-03T03:32:32.026+0600][17.506s][info][gc,phases   ] GC(12) y: Young Generation 1250M(71%)->114M(7%) 0.015s
[2026-04-03T03:32:32.026+0600][17.506s][info][gc          ] GC(12) Minor Collection (Allocation Rate) 1250M(71%)->114M(7%) 0.016s
[2026-04-03T03:32:32.611+0600][18.090s][info][gc          ] GC(13) Minor Collection (Allocation Rate)
[2026-04-03T03:32:32.611+0600][18.090s][info][gc,task     ] GC(13) Using 1 Workers for Young Generation
[2026-04-03T03:32:32.611+0600][18.090s][info][gc,phases   ] GC(13) y: Young Generation
[2026-04-03T03:32:32.611+0600][18.091s][info][gc,phases   ] GC(13) y: Pause Mark Start 0.022ms
[2026-04-03T03:32:32.619+0600][18.099s][info][gc,phases   ] GC(13) y: Concurrent Mark 7.613ms
[2026-04-03T03:32:32.619+0600][18.099s][info][gc,phases   ] GC(13) y: Pause Mark End 0.017ms
[2026-04-03T03:32:32.619+0600][18.099s][info][gc,phases   ] GC(13) y: Concurrent Mark Free 0.002ms
[2026-04-03T03:32:32.619+0600][18.099s][info][gc,phases   ] GC(13) y: Concurrent Reset Relocation Set 0.002ms
[2026-04-03T03:32:32.623+0600][18.103s][info][gc,reloc    ] GC(13) y: Using tenuring threshold: 5 (Computed)
[2026-04-03T03:32:32.624+0600][18.104s][info][gc,phases   ] GC(13) y: Concurrent Select Relocation Set 4.779ms
[2026-04-03T03:32:32.624+0600][18.104s][info][gc,phases   ] GC(13) y: Pause Relocate Start 0.011ms
[2026-04-03T03:32:32.625+0600][18.104s][info][gc,phases   ] GC(13) y: Concurrent Relocate 0.244ms
[2026-04-03T03:32:32.625+0600][18.104s][info][gc,alloc    ] GC(13) y:                         Mark Start        Mark End      Relocate Start    Relocate End   
[2026-04-03T03:32:32.625+0600][18.104s][info][gc,alloc    ] GC(13) y: Allocation Stalls:          0                0                0                0         
[2026-04-03T03:32:32.625+0600][18.104s][info][gc,load     ] GC(13) y: Load: 3.23 (27%) / 4.04 (34%) / 4.73 (39%)
[2026-04-03T03:32:32.625+0600][18.104s][info][gc,mmu      ] GC(13) y: MMU: 2ms/96.3%, 5ms/98.5%, 10ms/99.1%, 20ms/99.4%, 50ms/99.7%, 100ms/99.8%
[2026-04-03T03:32:32.625+0600][18.104s][info][gc,marking  ] GC(13) y: Mark: 1 stripe(s), 2 proactive flush(es), 1 terminate flush(es), 0 completion(s), 0 continuation(s) 
[2026-04-03T03:32:32.625+0600][18.104s][info][gc,marking  ] GC(13) y: Mark Stack Usage: 32M
[2026-04-03T03:32:32.625+0600][18.104s][info][gc,nmethod  ] GC(13) y: NMethods: 4324 registered, 581 unregistered
[2026-04-03T03:32:32.625+0600][18.104s][info][gc,metaspace] GC(13) y: Metaspace: 64M used, 65M committed, 1088M reserved
[2026-04-03T03:32:32.625+0600][18.104s][info][gc,reloc    ] GC(13) y:                        Candidates     Selected     In-Place         Size        Empty    Relocated 
[2026-04-03T03:32:32.625+0600][18.104s][info][gc,reloc    ] GC(13) y: Small Pages:                  697            9            0        1394M        1374M           0M 
[2026-04-03T03:32:32.625+0600][18.104s][info][gc,reloc    ] GC(13) y: Medium Pages:                   0            0            0           0M           0M           0M 
[2026-04-03T03:32:32.625+0600][18.104s][info][gc,reloc    ] GC(13) y: Large Pages:                    0            0            0           0M           0M           0M 
[2026-04-03T03:32:32.625+0600][18.104s][info][gc,reloc    ] GC(13) y: Forwarding Usage: 0M
[2026-04-03T03:32:32.625+0600][18.104s][info][gc,reloc    ] GC(13) y: Age Table:
[2026-04-03T03:32:32.625+0600][18.104s][info][gc,reloc    ] GC(13) y:                    Live             Garbage             Small              Medium             Large        
[2026-04-03T03:32:32.625+0600][18.104s][info][gc,reloc    ] GC(13) y: Eden               0M (0%)         1387M (79%)        694 / 7              0 / 0              0 / 0        
[2026-04-03T03:32:32.625+0600][18.104s][info][gc,reloc    ] GC(13) y: Survivor 1         0M (0%)            1M (0%)           1 / 1              0 / 0              0 / 0        
[2026-04-03T03:32:32.625+0600][18.104s][info][gc,reloc    ] GC(13) y: Survivor 2          -                 0M (0%)           0 / 0              0 / 0              0 / 0        
[2026-04-03T03:32:32.625+0600][18.104s][info][gc,reloc    ] GC(13) y: Survivor 3          -                 2M (0%)           1 / 0              0 / 0              0 / 0        
[2026-04-03T03:32:32.625+0600][18.104s][info][gc,reloc    ] GC(13) y: Survivor 4         0M (0%)            1M (0%)           1 / 1              0 / 0              0 / 0        
[2026-04-03T03:32:32.625+0600][18.104s][info][gc,heap     ] GC(13) y: Min Capacity: 8M(0%)
[2026-04-03T03:32:32.625+0600][18.104s][info][gc,heap     ] GC(13) y: Max Capacity: 1750M(100%)
[2026-04-03T03:32:32.625+0600][18.104s][info][gc,heap     ] GC(13) y: Soft Max Capacity: 1750M(100%)
[2026-04-03T03:32:32.625+0600][18.104s][info][gc,heap     ] GC(13) y: Heap Statistics:
[2026-04-03T03:32:32.625+0600][18.104s][info][gc,heap     ] GC(13) y:                Mark Start          Mark End        Relocate Start      Relocate End           High               Low         
[2026-04-03T03:32:32.625+0600][18.104s][info][gc,heap     ] GC(13) y:  Capacity:     1476M (84%)        1488M (85%)        1488M (85%)        1488M (85%)        1488M (85%)        1476M (84%)    
[2026-04-03T03:32:32.625+0600][18.104s][info][gc,heap     ] GC(13) y:      Free:      274M (16%)         262M (15%)        1624M (93%)        1638M (94%)        1638M (94%)         262M (15%)    
[2026-04-03T03:32:32.625+0600][18.104s][info][gc,heap     ] GC(13) y:      Used:     1476M (84%)        1488M (85%)         126M (7%)          112M (6%)         1488M (85%)         112M (6%)     
[2026-04-03T03:32:32.625+0600][18.104s][info][gc,heap     ] GC(13) y: Young Generation Statistics:
[2026-04-03T03:32:32.625+0600][18.104s][info][gc,heap     ] GC(13) y:                Mark Start          Mark End        Relocate Start      Relocate End    
[2026-04-03T03:32:32.625+0600][18.104s][info][gc,heap     ] GC(13) y:      Used:     1394M (80%)        1406M (80%)          44M (3%)           30M (2%)     
[2026-04-03T03:32:32.625+0600][18.104s][info][gc,heap     ] GC(13) y:      Live:         -                 0M (0%)            0M (0%)            0M (0%)     
[2026-04-03T03:32:32.625+0600][18.104s][info][gc,heap     ] GC(13) y:   Garbage:         -              1393M (80%)          19M (1%)            0M (0%)     
[2026-04-03T03:32:32.625+0600][18.104s][info][gc,heap     ] GC(13) y: Allocated:         -                12M (1%)           24M (1%)           29M (2%)     
[2026-04-03T03:32:32.625+0600][18.104s][info][gc,heap     ] GC(13) y: Reclaimed:         -                  -              1374M (79%)        1393M (80%)    
[2026-04-03T03:32:32.625+0600][18.104s][info][gc,heap     ] GC(13) y:  Promoted:         -                  -                 0M (0%)            0M (0%)     
[2026-04-03T03:32:32.625+0600][18.104s][info][gc,heap     ] GC(13) y: Compacted:         -                  -                  -                 0M (0%)     
[2026-04-03T03:32:32.625+0600][18.104s][info][gc,phases   ] GC(13) y: Young Generation 1476M(84%)->112M(6%) 0.014s
[2026-04-03T03:32:32.625+0600][18.104s][info][gc          ] GC(13) Minor Collection (Allocation Rate) 1476M(84%)->114M(7%) 0.014s
[2026-04-03T03:32:34.300+0600][19.780s][info][gc          ] GC(14) Minor Collection (Allocation Rate)
[2026-04-03T03:32:34.300+0600][19.780s][info][gc,task     ] GC(14) Using 1 Workers for Young Generation
[2026-04-03T03:32:34.300+0600][19.780s][info][gc,phases   ] GC(14) y: Young Generation
[2026-04-03T03:32:34.300+0600][19.780s][info][gc,phases   ] GC(14) y: Pause Mark Start 0.021ms
[2026-04-03T03:32:34.676+0600][20.155s][info][gc,task     ] Adjusting Workers for Young Generation: 1 -> 3
[2026-04-03T03:32:34.837+0600][20.317s][info][gc,phases   ] GC(14) y: Concurrent Mark 536.402ms
[2026-04-03T03:32:34.837+0600][20.317s][info][gc,phases   ] GC(14) y: Pause Mark End 0.017ms
[2026-04-03T03:32:34.837+0600][20.317s][info][gc,phases   ] GC(14) y: Concurrent Mark Free 0.001ms
[2026-04-03T03:32:34.837+0600][20.317s][info][gc,phases   ] GC(14) y: Concurrent Reset Relocation Set 0.002ms
[2026-04-03T03:32:34.837+0600][20.317s][info][gc          ] Allocation Stall (Executor task launch worker for task 1.0 in stage 1.0 (TID 4)) 49.933ms
[2026-04-03T03:32:34.837+0600][20.317s][info][gc          ] Allocation Stall (Executor task launch worker for task 2.0 in stage 1.0 (TID 5)) 64.282ms
[2026-04-03T03:32:34.837+0600][20.317s][info][gc          ] Allocation Stall (Executor task launch worker for task 0.0 in stage 1.0 (TID 3)) 53.106ms
[2026-04-03T03:32:34.840+0600][20.319s][info][gc,reloc    ] GC(14) y: Using tenuring threshold: 1 (Computed)
[2026-04-03T03:32:34.860+0600][20.340s][info][gc,phases   ] GC(14) y: Concurrent Select Relocation Set 23.218ms
[2026-04-03T03:32:34.861+0600][20.340s][info][gc,phases   ] GC(14) y: Pause Relocate Start 0.021ms
[2026-04-03T03:32:34.977+0600][20.456s][info][gc,phases   ] GC(14) y: Concurrent Relocate 115.859ms
[2026-04-03T03:32:34.977+0600][20.456s][info][gc,alloc    ] GC(14) y:                         Mark Start        Mark End      Relocate Start    Relocate End   
[2026-04-03T03:32:34.977+0600][20.457s][info][gc,alloc    ] GC(14) y: Allocation Stalls:          0                3                0                0         
[2026-04-03T03:32:34.977+0600][20.457s][info][gc,load     ] GC(14) y: Load: 3.23 (27%) / 4.04 (34%) / 4.73 (39%)
[2026-04-03T03:32:34.977+0600][20.457s][info][gc,mmu      ] GC(14) y: MMU: 2ms/96.3%, 5ms/98.5%, 10ms/99.1%, 20ms/99.4%, 50ms/99.7%, 100ms/99.8%
[2026-04-03T03:32:34.977+0600][20.457s][info][gc,marking  ] GC(14) y: Mark: 1 stripe(s), 10 proactive flush(es), 1 terminate flush(es), 0 completion(s), 0 continuation(s) 
[2026-04-03T03:32:34.977+0600][20.457s][info][gc,marking  ] GC(14) y: Mark Stack Usage: 32M
[2026-04-03T03:32:34.977+0600][20.457s][info][gc,nmethod  ] GC(14) y: NMethods: 5346 registered, 0 unregistered
[2026-04-03T03:32:34.977+0600][20.457s][info][gc,metaspace] GC(14) y: Metaspace: 67M used, 68M committed, 1088M reserved
[2026-04-03T03:32:34.977+0600][20.457s][info][gc,reloc    ] GC(14) y:                        Candidates     Selected     In-Place         Size        Empty    Relocated 
[2026-04-03T03:32:34.977+0600][20.457s][info][gc,reloc    ] GC(14) y: Small Pages:                  645          261            0        1290M         664M          69M 
[2026-04-03T03:32:34.977+0600][20.457s][info][gc,reloc    ] GC(14) y: Medium Pages:                   1            0            0          32M          32M           0M 
[2026-04-03T03:32:34.977+0600][20.457s][info][gc,reloc    ] GC(14) y: Large Pages:                    6            0            0          44M           6M           0M 
[2026-04-03T03:32:34.977+0600][20.457s][info][gc,reloc    ] GC(14) y: Forwarding Usage: 56M
[2026-04-03T03:32:34.977+0600][20.457s][info][gc,reloc    ] GC(14) y: Age Table:
[2026-04-03T03:32:34.977+0600][20.457s][info][gc,reloc    ] GC(14) y:                    Live             Garbage             Small              Medium             Large        
[2026-04-03T03:32:34.977+0600][20.457s][info][gc,reloc    ] GC(14) y: Eden             127M (7%)         1232M (70%)        642 / 259            1 / 0              6 / 0        
[2026-04-03T03:32:34.977+0600][20.457s][info][gc,reloc    ] GC(14) y: Survivor 1         0M (0%)            1M (0%)           1 / 1              0 / 0              0 / 0        
[2026-04-03T03:32:34.977+0600][20.457s][info][gc,reloc    ] GC(14) y: Survivor 2         0M (0%)            1M (0%)           1 / 1              0 / 0              0 / 0        
[2026-04-03T03:32:34.977+0600][20.457s][info][gc,reloc    ] GC(14) y: Survivor 3          -                 0M (0%)           0 / 0              0 / 0              0 / 0        
[2026-04-03T03:32:34.977+0600][20.457s][info][gc,reloc    ] GC(14) y: Survivor 4          -                 0M (0%)           0 / 0              0 / 0              0 / 0        
[2026-04-03T03:32:34.977+0600][20.457s][info][gc,reloc    ] GC(14) y: Survivor 5         0M (0%)            1M (0%)           1 / 0              0 / 0              0 / 0        
[2026-04-03T03:32:34.977+0600][20.457s][info][gc,heap     ] GC(14) y: Min Capacity: 8M(0%)
[2026-04-03T03:32:34.977+0600][20.457s][info][gc,heap     ] GC(14) y: Max Capacity: 1750M(100%)
[2026-04-03T03:32:34.977+0600][20.457s][info][gc,heap     ] GC(14) y: Soft Max Capacity: 1750M(100%)
[2026-04-03T03:32:34.977+0600][20.457s][info][gc,heap     ] GC(14) y: Heap Statistics:
[2026-04-03T03:32:34.977+0600][20.457s][info][gc,heap     ] GC(14) y:                Mark Start          Mark End        Relocate Start      Relocate End           High               Low         
[2026-04-03T03:32:34.977+0600][20.457s][info][gc,heap     ] GC(14) y:  Capacity:     1572M (90%)        1750M (100%)       1750M (100%)       1750M (100%)       1750M (100%)       1572M (90%)    
[2026-04-03T03:32:34.977+0600][20.457s][info][gc,heap     ] GC(14) y:      Free:      302M (17%)           0M (0%)          674M (39%)        1144M (65%)        1144M (65%)           0M (0%)     
[2026-04-03T03:32:34.977+0600][20.457s][info][gc,heap     ] GC(14) y:      Used:     1448M (83%)        1750M (100%)       1076M (61%)         606M (35%)        1750M (100%)        606M (35%)    
[2026-04-03T03:32:34.977+0600][20.457s][info][gc,heap     ] GC(14) y: Young Generation Statistics:
[2026-04-03T03:32:34.977+0600][20.457s][info][gc,heap     ] GC(14) y:                Mark Start          Mark End        Relocate Start      Relocate End    
[2026-04-03T03:32:34.977+0600][20.457s][info][gc,heap     ] GC(14) y:      Used:     1366M (78%)        1668M (95%)         994M (57%)         518M (30%)    
[2026-04-03T03:32:34.977+0600][20.457s][info][gc,heap     ] GC(14) y:      Live:         -               127M (7%)          127M (7%)          127M (7%)     
[2026-04-03T03:32:34.977+0600][20.457s][info][gc,heap     ] GC(14) y:   Garbage:         -              1238M (71%)         536M (31%)           1M (0%)     
[2026-04-03T03:32:34.977+0600][20.457s][info][gc,heap     ] GC(14) y: Allocated:         -               302M (17%)         330M (19%)         389M (22%)    
[2026-04-03T03:32:34.977+0600][20.457s][info][gc,heap     ] GC(14) y: Reclaimed:         -                  -               702M (40%)        1237M (71%)    
[2026-04-03T03:32:34.977+0600][20.457s][info][gc,heap     ] GC(14) y:  Promoted:         -                  -                 0M (0%)            0M (0%)     
[2026-04-03T03:32:34.978+0600][20.457s][info][gc,heap     ] GC(14) y: Compacted:         -                  -                  -                88M (5%)     
[2026-04-03T03:32:34.978+0600][20.457s][info][gc,phases   ] GC(14) y: Young Generation 1448M(83%)->606M(35%) 0.677s
[2026-04-03T03:32:34.978+0600][20.457s][info][gc          ] GC(14) Minor Collection (Allocation Rate) 1448M(83%)->606M(35%) 0.677s
[2026-04-03T03:32:34.978+0600][20.457s][info][gc          ] GC(15) Major Collection (Allocation Rate)
[2026-04-03T03:32:34.978+0600][20.457s][info][gc,task     ] GC(15) Using 3 Workers for Young Generation
[2026-04-03T03:32:34.978+0600][20.458s][info][gc,task     ] GC(15) Using 1 Workers for Old Generation
[2026-04-03T03:32:34.978+0600][20.458s][info][gc,phases   ] GC(15) Y: Young Generation
[2026-04-03T03:32:34.978+0600][20.458s][info][gc,phases   ] GC(15) Y: Pause Mark Start (Major) 0.086ms
[2026-04-03T03:32:35.650+0600][21.130s][info][gc,phases   ] GC(15) Y: Concurrent Mark 671.897ms
[2026-04-03T03:32:35.651+0600][21.130s][info][gc,phases   ] GC(15) Y: Pause Mark End 0.037ms
[2026-04-03T03:32:35.651+0600][21.130s][info][gc,phases   ] GC(15) Y: Concurrent Mark Free 0.003ms
[2026-04-03T03:32:35.651+0600][21.131s][info][gc,phases   ] GC(15) Y: Concurrent Reset Relocation Set 0.053ms
[2026-04-03T03:32:35.653+0600][21.133s][info][gc,reloc    ] GC(15) Y: Using tenuring threshold: 1 (Computed)
[2026-04-03T03:32:35.710+0600][21.190s][info][gc,phases   ] GC(15) Y: Concurrent Select Relocation Set 59.277ms
[2026-04-03T03:32:35.711+0600][21.190s][info][gc,phases   ] GC(15) Y: Pause Relocate Start 0.033ms
[2026-04-03T03:32:35.855+0600][21.334s][info][gc,phases   ] GC(15) Y: Concurrent Relocate 143.913ms
[2026-04-03T03:32:35.855+0600][21.334s][info][gc,alloc    ] GC(15) Y:                         Mark Start        Mark End      Relocate Start    Relocate End   
[2026-04-03T03:32:35.855+0600][21.335s][info][gc,alloc    ] GC(15) Y: Allocation Stalls:          0                0                0                0         
[2026-04-03T03:32:35.855+0600][21.335s][info][gc,load     ] GC(15) Y: Load: 3.77 (31%) / 4.14 (35%) / 4.76 (40%)
[2026-04-03T03:32:35.855+0600][21.335s][info][gc,mmu      ] GC(15) Y: MMU: 2ms/95.7%, 5ms/98.3%, 10ms/99.1%, 20ms/99.4%, 50ms/99.7%, 100ms/99.8%
[2026-04-03T03:32:35.855+0600][21.335s][info][gc,marking  ] GC(15) Y: Mark: 2 stripe(s), 10 proactive flush(es), 1 terminate flush(es), 0 completion(s), 0 continuation(s) 
[2026-04-03T03:32:35.855+0600][21.335s][info][gc,marking  ] GC(15) Y: Mark Stack Usage: 32M
[2026-04-03T03:32:35.855+0600][21.335s][info][gc,nmethod  ] GC(15) Y: NMethods: 5572 registered, 0 unregistered
[2026-04-03T03:32:35.855+0600][21.335s][info][gc,metaspace] GC(15) Y: Metaspace: 67M used, 68M committed, 1088M reserved
[2026-04-03T03:32:35.855+0600][21.335s][info][gc,reloc    ] GC(15) Y:                        Candidates     Selected     In-Place         Size        Empty    Relocated 
[2026-04-03T03:32:35.855+0600][21.335s][info][gc,reloc    ] GC(15) Y: Small Pages:                  219          153            0         438M           0M          27M 
[2026-04-03T03:32:35.855+0600][21.335s][info][gc,reloc    ] GC(15) Y: Medium Pages:                   1            0            0          32M           0M           0M 
[2026-04-03T03:32:35.855+0600][21.335s][info][gc,reloc    ] GC(15) Y: Large Pages:                    6            0            0          48M          28M           0M 
[2026-04-03T03:32:35.855+0600][21.335s][info][gc,reloc    ] GC(15) Y: Forwarding Usage: 25M
[2026-04-03T03:32:35.855+0600][21.335s][info][gc,reloc    ] GC(15) Y: Age Table:
[2026-04-03T03:32:35.855+0600][21.335s][info][gc,reloc    ] GC(15) Y:                    Live             Garbage             Small              Medium             Large        
[2026-04-03T03:32:35.855+0600][21.335s][info][gc,reloc    ] GC(15) Y: Eden              50M (3%)          331M (19%)        170 / 152            1 / 0              1 / 0        
[2026-04-03T03:32:35.855+0600][21.335s][info][gc,reloc    ] GC(15) Y: Survivor 1        99M (6%)           36M (2%)          49 / 1              0 / 0              5 / 0        
[2026-04-03T03:32:35.855+0600][21.335s][info][gc,heap     ] GC(15) Y: Min Capacity: 8M(0%)
[2026-04-03T03:32:35.855+0600][21.335s][info][gc,heap     ] GC(15) Y: Max Capacity: 1750M(100%)
[2026-04-03T03:32:35.855+0600][21.335s][info][gc,heap     ] GC(15) Y: Soft Max Capacity: 1750M(100%)
[2026-04-03T03:32:35.855+0600][21.335s][info][gc,heap     ] GC(15) Y: Heap Statistics:
[2026-04-03T03:32:35.855+0600][21.335s][info][gc,heap     ] GC(15) Y:                Mark Start          Mark End        Relocate Start      Relocate End           High               Low         
[2026-04-03T03:32:35.855+0600][21.335s][info][gc,heap     ] GC(15) Y:  Capacity:     1750M (100%)       1750M (100%)       1750M (100%)       1750M (100%)       1750M (100%)       1750M (100%)   
[2026-04-03T03:32:35.855+0600][21.335s][info][gc,heap     ] GC(15) Y:      Free:     1144M (65%)         742M (42%)         734M (42%)         954M (55%)        1144M (65%)         724M (41%)    
[2026-04-03T03:32:35.855+0600][21.335s][info][gc,heap     ] GC(15) Y:      Used:      606M (35%)        1008M (58%)        1016M (58%)         796M (45%)        1026M (59%)         606M (35%)    
[2026-04-03T03:32:35.855+0600][21.335s][info][gc,heap     ] GC(15) Y: Young Generation Statistics:
[2026-04-03T03:32:35.855+0600][21.335s][info][gc,heap     ] GC(15) Y:                Mark Start          Mark End        Relocate Start      Relocate End    
[2026-04-03T03:32:35.855+0600][21.335s][info][gc,heap     ] GC(15) Y:      Used:      518M (30%)         920M (53%)         828M (47%)         598M (34%)    
[2026-04-03T03:32:35.855+0600][21.335s][info][gc,heap     ] GC(15) Y:      Live:         -               149M (9%)           51M (3%)           50M (3%)     
[2026-04-03T03:32:35.855+0600][21.335s][info][gc,heap     ] GC(15) Y:   Garbage:         -               368M (21%)         338M (19%)          27M (2%)     
[2026-04-03T03:32:35.855+0600][21.335s][info][gc,heap     ] GC(15) Y: Allocated:         -               402M (23%)         438M (25%)         520M (30%)    
[2026-04-03T03:32:35.855+0600][21.335s][info][gc,heap     ] GC(15) Y: Reclaimed:         -                  -                30M (2%)          341M (20%)    
[2026-04-03T03:32:35.855+0600][21.335s][info][gc,heap     ] GC(15) Y:  Promoted:         -                  -                97M (6%)           99M (6%)     
[2026-04-03T03:32:35.855+0600][21.335s][info][gc,heap     ] GC(15) Y: Compacted:         -                  -                  -                35M (2%)     
[2026-04-03T03:32:35.855+0600][21.335s][info][gc,phases   ] GC(15) Y: Young Generation 606M(35%)->796M(45%) 0.877s
[2026-04-03T03:32:35.855+0600][21.335s][info][gc,phases   ] GC(15) O: Old Generation
[2026-04-03T03:32:35.864+0600][21.343s][info][gc          ] GC(16) Minor Collection (Allocation Rate)
[2026-04-03T03:32:35.864+0600][21.343s][info][gc,task     ] GC(16) Using 2 Workers for Young Generation
[2026-04-03T03:32:35.864+0600][21.343s][info][gc,phases   ] GC(16) y: Young Generation
[2026-04-03T03:32:35.864+0600][21.344s][info][gc,phases   ] GC(16) y: Pause Mark Start 0.087ms
[2026-04-03T03:32:35.989+0600][21.469s][info][gc,phases   ] GC(15) O: Concurrent Mark 133.796ms
[2026-04-03T03:32:35.990+0600][21.469s][info][gc,phases   ] GC(15) O: Pause Mark End 0.039ms
[2026-04-03T03:32:35.990+0600][21.469s][info][gc,phases   ] GC(15) O: Concurrent Mark Free 0.003ms
[2026-04-03T03:32:36.041+0600][21.521s][info][gc,phases   ] GC(15) O: Concurrent Process Non-Strong 51.083ms
[2026-04-03T03:32:36.041+0600][21.521s][info][gc,phases   ] GC(15) O: Concurrent Reset Relocation Set 0.004ms
[2026-04-03T03:32:36.049+0600][21.529s][info][gc,phases   ] GC(15) O: Concurrent Select Relocation Set 8.083ms
[2026-04-03T03:32:36.409+0600][21.888s][info][gc,phases   ] GC(16) y: Concurrent Mark 544.415ms
[2026-04-03T03:32:36.409+0600][21.889s][info][gc,phases   ] GC(16) y: Pause Mark End 0.038ms
[2026-04-03T03:32:36.409+0600][21.889s][info][gc,phases   ] GC(16) y: Concurrent Mark Free 0.002ms
[2026-04-03T03:32:36.409+0600][21.889s][info][gc,phases   ] GC(16) y: Concurrent Reset Relocation Set 0.174ms
[2026-04-03T03:32:36.416+0600][21.895s][info][gc,reloc    ] GC(16) y: Using tenuring threshold: 2 (Computed)
[2026-04-03T03:32:36.445+0600][21.924s][info][gc,phases   ] GC(16) y: Concurrent Select Relocation Set 35.173ms
[2026-04-03T03:32:36.445+0600][21.924s][info][gc,phases   ] GC(16) y: Pause Relocate Start 0.026ms
[2026-04-03T03:32:36.621+0600][22.100s][info][gc,phases   ] GC(16) y: Concurrent Relocate 175.709ms
[2026-04-03T03:32:36.621+0600][22.100s][info][gc,alloc    ] GC(16) y:                         Mark Start        Mark End      Relocate Start    Relocate End   
[2026-04-03T03:32:36.621+0600][22.100s][info][gc,alloc    ] GC(16) y: Allocation Stalls:          0                0                0                0         
[2026-04-03T03:32:36.621+0600][22.100s][info][gc,load     ] GC(16) y: Load: 3.77 (31%) / 4.14 (35%) / 4.76 (40%)
[2026-04-03T03:32:36.621+0600][22.101s][info][gc,mmu      ] GC(16) y: MMU: 2ms/95.6%, 5ms/98.3%, 10ms/99.1%, 20ms/99.4%, 50ms/99.7%, 100ms/99.8%
[2026-04-03T03:32:36.621+0600][22.101s][info][gc,marking  ] GC(16) y: Mark: 2 stripe(s), 6 proactive flush(es), 1 terminate flush(es), 0 completion(s), 0 continuation(s) 
[2026-04-03T03:32:36.621+0600][22.101s][info][gc,marking  ] GC(16) y: Mark Stack Usage: 32M
[2026-04-03T03:32:36.621+0600][22.101s][info][gc,nmethod  ] GC(16) y: NMethods: 5184 registered, 411 unregistered
[2026-04-03T03:32:36.621+0600][22.101s][info][gc,metaspace] GC(16) y: Metaspace: 67M used, 68M committed, 1088M reserved
[2026-04-03T03:32:36.621+0600][22.101s][info][gc,reloc    ] GC(16) y:                        Candidates     Selected     In-Place         Size        Empty    Relocated 
[2026-04-03T03:32:36.621+0600][22.101s][info][gc,reloc    ] GC(16) y: Small Pages:                  240          157            0         480M           0M          53M 
[2026-04-03T03:32:36.621+0600][22.101s][info][gc,reloc    ] GC(16) y: Medium Pages:                   2            1            0          64M           0M           5M 
[2026-04-03T03:32:36.621+0600][22.101s][info][gc,reloc    ] GC(16) y: Large Pages:                    7            0            0          58M          18M           0M 
[2026-04-03T03:32:36.621+0600][22.101s][info][gc,reloc    ] GC(16) y: Forwarding Usage: 65M
[2026-04-03T03:32:36.621+0600][22.101s][info][gc,reloc    ] GC(16) y: Age Table:
[2026-04-03T03:32:36.621+0600][22.101s][info][gc,reloc    ] GC(16) y:                    Live             Garbage             Small              Medium             Large        
[2026-04-03T03:32:36.621+0600][22.101s][info][gc,reloc    ] GC(16) y: Eden             145M (8%)          368M (21%)        217 / 151            1 / 1              6 / 0        
[2026-04-03T03:32:36.621+0600][22.101s][info][gc,reloc    ] GC(16) y: Survivor 1        46M (3%)           41M (2%)          23 / 6              1 / 0              1 / 0        
[2026-04-03T03:32:36.621+0600][22.101s][info][gc,heap     ] GC(16) y: Min Capacity: 8M(0%)
[2026-04-03T03:32:36.621+0600][22.101s][info][gc,heap     ] GC(16) y: Max Capacity: 1750M(100%)
[2026-04-03T03:32:36.621+0600][22.101s][info][gc,heap     ] GC(16) y: Soft Max Capacity: 1750M(100%)
[2026-04-03T03:32:36.621+0600][22.101s][info][gc,heap     ] GC(16) y: Heap Statistics:
[2026-04-03T03:32:36.621+0600][22.101s][info][gc,heap     ] GC(16) y:                Mark Start          Mark End        Relocate Start      Relocate End           High               Low         
[2026-04-03T03:32:36.621+0600][22.101s][info][gc,heap     ] GC(16) y:  Capacity:     1750M (100%)       1750M (100%)       1750M (100%)       1750M (100%)       1750M (100%)       1750M (100%)   
[2026-04-03T03:32:36.621+0600][22.101s][info][gc,heap     ] GC(16) y:      Free:      950M (54%)         402M (23%)         382M (22%)         574M (33%)         950M (54%)         306M (17%)    
[2026-04-03T03:32:36.621+0600][22.101s][info][gc,heap     ] GC(16) y:      Used:      800M (46%)        1348M (77%)        1368M (78%)        1176M (67%)        1444M (83%)         800M (46%)    
[2026-04-03T03:32:36.621+0600][22.101s][info][gc,heap     ] GC(16) y: Young Generation Statistics:
[2026-04-03T03:32:36.621+0600][22.101s][info][gc,heap     ] GC(16) y:                Mark Start          Mark End        Relocate Start      Relocate End    
[2026-04-03T03:32:36.621+0600][22.101s][info][gc,heap     ] GC(16) y:      Used:      602M (34%)        1150M (66%)        1170M (67%)         978M (56%)    
[2026-04-03T03:32:36.621+0600][22.101s][info][gc,heap     ] GC(16) y:      Live:         -               192M (11%)         192M (11%)         192M (11%)    
[2026-04-03T03:32:36.621+0600][22.101s][info][gc,heap     ] GC(16) y:   Garbage:         -               409M (23%)         391M (22%)           2M (0%)     
[2026-04-03T03:32:36.621+0600][22.101s][info][gc,heap     ] GC(16) y: Allocated:         -               548M (31%)         586M (33%)         783M (45%)    
[2026-04-03T03:32:36.621+0600][22.101s][info][gc,heap     ] GC(16) y: Reclaimed:         -                  -                18M (1%)          407M (23%)    
[2026-04-03T03:32:36.621+0600][22.101s][info][gc,heap     ] GC(16) y:  Promoted:         -                  -                 0M (0%)            0M (0%)     
[2026-04-03T03:32:36.621+0600][22.101s][info][gc,heap     ] GC(16) y: Compacted:         -                  -                  -               114M (7%)     
[2026-04-03T03:32:36.621+0600][22.101s][info][gc,phases   ] GC(16) y: Young Generation 800M(46%)->1176M(67%) 0.757s
[2026-04-03T03:32:36.621+0600][22.101s][info][gc          ] GC(16) Minor Collection (Allocation Rate) 800M(46%)->1176M(67%) 0.758s
[2026-04-03T03:32:36.621+0600][22.101s][info][gc,task     ] GC(15) O: Using 3 Workers for Old Generation
[2026-04-03T03:32:36.648+0600][22.127s][info][gc,task     ] GC(15) O: Using 1 Workers for Old Generation
[2026-04-03T03:32:36.648+0600][22.128s][info][gc,phases   ] GC(15) O: Concurrent Remap Roots 26.547ms
[2026-04-03T03:32:36.648+0600][22.128s][info][gc,phases   ] GC(15) O: Pause Relocate Start 0.030ms
[2026-04-03T03:32:36.648+0600][22.128s][info][gc          ] GC(17) Minor Collection (Allocation Rate)
[2026-04-03T03:32:36.649+0600][22.128s][info][gc,task     ] GC(17) Using 2 Workers for Young Generation
[2026-04-03T03:32:36.649+0600][22.128s][info][gc,phases   ] GC(17) y: Young Generation
[2026-04-03T03:32:36.649+0600][22.129s][info][gc,phases   ] GC(17) y: Pause Mark Start 0.047ms
[2026-04-03T03:32:36.682+0600][22.161s][info][gc,phases   ] GC(15) O: Concurrent Relocate 33.490ms
[2026-04-03T03:32:36.683+0600][22.163s][info][gc,task     ] Adjusting Workers for Young Generation: 2 -> 3
[2026-04-03T03:32:37.329+0600][22.809s][info][gc,phases   ] GC(17) y: Concurrent Mark 680.298ms
[2026-04-03T03:32:37.330+0600][22.809s][info][gc,phases   ] GC(17) y: Pause Mark End 0.031ms
[2026-04-03T03:32:37.330+0600][22.810s][info][gc,phases   ] GC(17) y: Concurrent Mark Free 0.003ms
[2026-04-03T03:32:37.330+0600][22.810s][info][gc,phases   ] GC(17) y: Concurrent Reset Relocation Set 0.064ms
[2026-04-03T03:32:37.333+0600][22.812s][info][gc,reloc    ] GC(17) y: Using tenuring threshold: 1 (Computed)
[2026-04-03T03:32:37.436+0600][22.916s][info][gc,phases   ] GC(17) y: Concurrent Select Relocation Set 105.995ms
[2026-04-03T03:32:37.437+0600][22.916s][info][gc,phases   ] GC(17) y: Pause Relocate Start 0.026ms
[2026-04-03T03:32:37.705+0600][23.185s][info][gc,phases   ] GC(17) y: Concurrent Relocate 268.747ms
[2026-04-03T03:32:37.706+0600][23.185s][info][gc,alloc    ] GC(17) y:                         Mark Start        Mark End      Relocate Start    Relocate End   
[2026-04-03T03:32:37.706+0600][23.185s][info][gc,alloc    ] GC(17) y: Allocation Stalls:          0                0                0                0         
[2026-04-03T03:32:37.706+0600][23.185s][info][gc,load     ] GC(17) y: Load: 3.77 (31%) / 4.14 (35%) / 4.76 (40%)
[2026-04-03T03:32:37.706+0600][23.185s][info][gc,mmu      ] GC(17) y: MMU: 2ms/95.6%, 5ms/98.3%, 10ms/99.1%, 20ms/99.4%, 50ms/99.7%, 100ms/99.8%
[2026-04-03T03:32:37.706+0600][23.185s][info][gc,marking  ] GC(17) y: Mark: 2 stripe(s), 10 proactive flush(es), 1 terminate flush(es), 0 completion(s), 0 continuation(s) 
[2026-04-03T03:32:37.706+0600][23.185s][info][gc,marking  ] GC(17) y: Mark Stack Usage: 32M
[2026-04-03T03:32:37.706+0600][23.185s][info][gc,nmethod  ] GC(17) y: NMethods: 5184 registered, 411 unregistered
[2026-04-03T03:32:37.706+0600][23.185s][info][gc,metaspace] GC(17) y: Metaspace: 67M used, 68M committed, 1088M reserved
[2026-04-03T03:32:37.706+0600][23.185s][info][gc,reloc    ] GC(17) y:                        Candidates     Selected     In-Place         Size        Empty    Relocated 
[2026-04-03T03:32:37.706+0600][23.185s][info][gc,reloc    ] GC(17) y: Small Pages:                  408          308            0         816M           0M          43M 
[2026-04-03T03:32:37.706+0600][23.185s][info][gc,reloc    ] GC(17) y: Medium Pages:                   3            1            1          96M          32M           3M 
[2026-04-03T03:32:37.706+0600][23.185s][info][gc,reloc    ] GC(17) y: Large Pages:                   10            0            0          88M          18M           0M 
[2026-04-03T03:32:37.706+0600][23.185s][info][gc,reloc    ] GC(17) y: Forwarding Usage: 41M
[2026-04-03T03:32:37.706+0600][23.185s][info][gc,reloc    ] GC(17) y: Age Table:
[2026-04-03T03:32:37.706+0600][23.185s][info][gc,reloc    ] GC(17) y:                    Live             Garbage             Small              Medium             Large        
[2026-04-03T03:32:37.706+0600][23.185s][info][gc,reloc    ] GC(17) y: Eden              75M (4%)          664M (38%)        330 / 304            1 / 0              6 / 0        
[2026-04-03T03:32:37.706+0600][23.185s][info][gc,reloc    ] GC(17) y: Survivor 1       141M (8%)           34M (2%)          57 / 0              1 / 1              3 / 0        
[2026-04-03T03:32:37.706+0600][23.185s][info][gc,reloc    ] GC(17) y: Survivor 2        46M (3%)           37M (2%)          21 / 4              1 / 0              1 / 0        
[2026-04-03T03:32:37.706+0600][23.185s][info][gc,heap     ] GC(17) y: Min Capacity: 8M(0%)
[2026-04-03T03:32:37.706+0600][23.185s][info][gc,heap     ] GC(17) y: Max Capacity: 1750M(100%)
[2026-04-03T03:32:37.706+0600][23.185s][info][gc,heap     ] GC(17) y: Soft Max Capacity: 1750M(100%)
[2026-04-03T03:32:37.706+0600][23.186s][info][gc,heap     ] GC(17) y: Heap Statistics:
[2026-04-03T03:32:37.706+0600][23.186s][info][gc,heap     ] GC(17) y:                Mark Start          Mark End        Relocate Start      Relocate End           High               Low         
[2026-04-03T03:32:37.706+0600][23.186s][info][gc,heap     ] GC(17) y:  Capacity:     1750M (100%)       1750M (100%)       1750M (100%)       1750M (100%)       1750M (100%)       1750M (100%)   
[2026-04-03T03:32:37.706+0600][23.186s][info][gc,heap     ] GC(17) y:      Free:      550M (31%)          44M (3%)           24M (1%)          524M (30%)         608M (35%)          16M (1%)     
[2026-04-03T03:32:37.706+0600][23.186s][info][gc,heap     ] GC(17) y:      Used:     1200M (69%)        1706M (97%)        1726M (99%)        1226M (70%)        1734M (99%)        1142M (65%)    
[2026-04-03T03:32:37.706+0600][23.186s][info][gc,heap     ] GC(17) y: Young Generation Statistics:
[2026-04-03T03:32:37.706+0600][23.186s][info][gc,heap     ] GC(17) y:                Mark Start          Mark End        Relocate Start      Relocate End    
[2026-04-03T03:32:37.706+0600][23.186s][info][gc,heap     ] GC(17) y:      Used:     1000M (57%)        1526M (87%)        1360M (78%)         822M (47%)    
[2026-04-03T03:32:37.706+0600][23.186s][info][gc,heap     ] GC(17) y:      Live:         -               263M (15%)          82M (5%)           75M (4%)     
[2026-04-03T03:32:37.706+0600][23.186s][info][gc,heap     ] GC(17) y:   Garbage:         -               736M (42%)         681M (39%)           0M (0%)     
[2026-04-03T03:32:37.706+0600][23.186s][info][gc,heap     ] GC(17) y: Allocated:         -               526M (30%)         596M (34%)         746M (43%)    
[2026-04-03T03:32:37.706+0600][23.186s][info][gc,heap     ] GC(17) y: Reclaimed:         -                  -                54M (3%)          736M (42%)    
[2026-04-03T03:32:37.706+0600][23.186s][info][gc,heap     ] GC(17) y:  Promoted:         -                  -               181M (10%)         188M (11%)    
[2026-04-03T03:32:37.706+0600][23.186s][info][gc,heap     ] GC(17) y: Compacted:         -                  -                  -                45M (3%)     
[2026-04-03T03:32:37.706+0600][23.186s][info][gc,phases   ] GC(17) y: Young Generation 1200M(69%)->1226M(70%) 1.057s
[2026-04-03T03:32:37.706+0600][23.186s][info][gc          ] GC(17) Minor Collection (Allocation Rate) 1200M(69%)->1226M(70%) 1.058s
[2026-04-03T03:32:37.706+0600][23.186s][info][gc,alloc    ] GC(15) O:                         Mark Start        Mark End      Relocate Start    Relocate End   
[2026-04-03T03:32:37.706+0600][23.186s][info][gc,alloc    ] GC(15) O: Allocation Stalls:          0                0                0                0         
[2026-04-03T03:32:37.707+0600][23.186s][info][gc,load     ] GC(15) O: Load: 3.77 (31%) / 4.14 (35%) / 4.76 (40%)
[2026-04-03T03:32:37.707+0600][23.186s][info][gc,mmu      ] GC(15) O: MMU: 2ms/95.6%, 5ms/98.3%, 10ms/99.1%, 20ms/99.4%, 50ms/99.7%, 100ms/99.8%
[2026-04-03T03:32:37.707+0600][23.186s][info][gc,marking  ] GC(15) O: Mark: 1 stripe(s), 2 proactive flush(es), 1 terminate flush(es), 0 completion(s), 0 continuation(s) 
[2026-04-03T03:32:37.707+0600][23.186s][info][gc,marking  ] GC(15) O: Mark Stack Usage: 32M
[2026-04-03T03:32:37.707+0600][23.186s][info][gc,nmethod  ] GC(15) O: NMethods: 5184 registered, 411 unregistered
[2026-04-03T03:32:37.707+0600][23.186s][info][gc,metaspace] GC(15) O: Metaspace: 67M used, 68M committed, 1088M reserved
[2026-04-03T03:32:37.707+0600][23.186s][info][gc,ref      ] GC(15) O:                       Encountered   Discovered     Enqueued 
[2026-04-03T03:32:37.707+0600][23.186s][info][gc,ref      ] GC(15) O: Soft References:             4943            0            0 
[2026-04-03T03:32:37.707+0600][23.186s][info][gc,ref      ] GC(15) O: Weak References:             7240         3951          761 
[2026-04-03T03:32:37.707+0600][23.186s][info][gc,ref      ] GC(15) O: Final References:              82            0            0 
[2026-04-03T03:32:37.707+0600][23.186s][info][gc,ref      ] GC(15) O: Phantom References:           595          566            1 
[2026-04-03T03:32:37.707+0600][23.186s][info][gc,reloc    ] GC(15) O:                        Candidates     Selected     In-Place         Size        Empty    Relocated 
[2026-04-03T03:32:37.707+0600][23.186s][info][gc,reloc    ] GC(15) O: Small Pages:                   28           11            0          56M           0M           2M 
[2026-04-03T03:32:37.707+0600][23.186s][info][gc,reloc    ] GC(15) O: Medium Pages:                   1            0            0          32M           0M           0M 
[2026-04-03T03:32:37.707+0600][23.186s][info][gc,reloc    ] GC(15) O: Large Pages:                    0            0            0           0M           0M           0M 
[2026-04-03T03:32:37.707+0600][23.186s][info][gc,reloc    ] GC(15) O: Forwarding Usage: 3M
[2026-04-03T03:32:37.707+0600][23.186s][info][gc,heap     ] GC(15) O: Min Capacity: 8M(0%)
[2026-04-03T03:32:37.707+0600][23.186s][info][gc,heap     ] GC(15) O: Max Capacity: 1750M(100%)
[2026-04-03T03:32:37.707+0600][23.186s][info][gc,heap     ] GC(15) O: Soft Max Capacity: 1750M(100%)
[2026-04-03T03:32:37.707+0600][23.186s][info][gc,heap     ] GC(15) O: Heap Statistics:
[2026-04-03T03:32:37.707+0600][23.186s][info][gc,heap     ] GC(15) O:                Mark Start          Mark End        Relocate Start      Relocate End           High               Low         
[2026-04-03T03:32:37.707+0600][23.186s][info][gc,heap     ] GC(15) O:  Capacity:     1750M (100%)       1750M (100%)       1750M (100%)       1750M (100%)       1750M (100%)       1750M (100%)   
[2026-04-03T03:32:37.707+0600][23.186s][info][gc,heap     ] GC(15) O:      Free:     1144M (65%)         798M (46%)         552M (32%)         546M (31%)        1144M (65%)         306M (17%)    
[2026-04-03T03:32:37.707+0600][23.186s][info][gc,heap     ] GC(15) O:      Used:      606M (35%)         952M (54%)        1198M (68%)        1204M (69%)        1444M (83%)         606M (35%)    
[2026-04-03T03:32:37.707+0600][23.186s][info][gc,heap     ] GC(15) O: Old Generation Statistics:
[2026-04-03T03:32:37.707+0600][23.186s][info][gc,heap     ] GC(15) O:                Mark Start          Mark End        Relocate Start      Relocate End    
[2026-04-03T03:32:37.707+0600][23.186s][info][gc,heap     ] GC(15) O:      Used:       88M (5%)          198M (11%)         198M (11%)         180M (10%)    
[2026-04-03T03:32:37.707+0600][23.186s][info][gc,heap     ] GC(15) O:      Live:         -                36M (2%)           36M (2%)           36M (2%)     
[2026-04-03T03:32:37.707+0600][23.186s][info][gc,heap     ] GC(15) O:   Garbage:         -                51M (3%)           51M (3%)           27M (2%)     
[2026-04-03T03:32:37.707+0600][23.186s][info][gc,heap     ] GC(15) O: Allocated:         -               110M (6%)          110M (6%)          115M (7%)     
[2026-04-03T03:32:37.707+0600][23.186s][info][gc,heap     ] GC(15) O: Reclaimed:         -                  -                 0M (0%)           23M (1%)     
[2026-04-03T03:32:37.707+0600][23.187s][info][gc,heap     ] GC(15) O: Compacted:         -                  -                  -                10M (1%)     
[2026-04-03T03:32:37.707+0600][23.187s][info][gc,phases   ] GC(15) O: Old Generation 796M(45%)->1204M(69%) 1.851s
[2026-04-03T03:32:37.707+0600][23.187s][info][gc          ] GC(15) Major Collection (Allocation Rate) 606M(35%)->1226M(70%) 2.729s
[2026-04-03T03:32:37.717+0600][23.196s][info][gc          ] GC(18) Major Collection (Allocation Rate)
[2026-04-03T03:32:37.717+0600][23.196s][info][gc,task     ] GC(18) Using 3 Workers for Young Generation
[2026-04-03T03:32:37.717+0600][23.196s][info][gc,task     ] GC(18) Using 1 Workers for Old Generation
[2026-04-03T03:32:37.717+0600][23.196s][info][gc,phases   ] GC(18) Y: Young Generation
[2026-04-03T03:32:37.717+0600][23.196s][info][gc,phases   ] GC(18) Y: Pause Mark Start (Major) 0.033ms
[2026-04-03T03:32:38.207+0600][23.686s][info][gc,phases   ] GC(18) Y: Concurrent Mark 489.493ms
[2026-04-03T03:32:38.207+0600][23.686s][info][gc,phases   ] GC(18) Y: Pause Mark End 0.157ms
[2026-04-03T03:32:38.207+0600][23.687s][info][gc,phases   ] GC(18) Y: Concurrent Mark Free 0.002ms
[2026-04-03T03:32:38.207+0600][23.687s][info][gc,phases   ] GC(18) Y: Concurrent Reset Relocation Set 0.200ms
[2026-04-03T03:32:38.211+0600][23.690s][info][gc,reloc    ] GC(18) Y: Using tenuring threshold: 2 (Computed)
[2026-04-03T03:32:38.215+0600][23.695s][info][gc,phases   ] GC(18) Y: Concurrent Select Relocation Set 7.874ms
[2026-04-03T03:32:38.216+0600][23.695s][info][gc,phases   ] GC(18) Y: Pause Relocate Start 0.055ms
[2026-04-03T03:32:38.305+0600][23.785s][info][gc,phases   ] GC(18) Y: Concurrent Relocate 89.402ms
[2026-04-03T03:32:38.305+0600][23.785s][info][gc,alloc    ] GC(18) Y:                         Mark Start        Mark End      Relocate Start    Relocate End   
[2026-04-03T03:32:38.305+0600][23.785s][info][gc,alloc    ] GC(18) Y: Allocation Stalls:          0                0                0                0         
[2026-04-03T03:32:38.305+0600][23.785s][info][gc,load     ] GC(18) Y: Load: 3.77 (31%) / 4.14 (35%) / 4.76 (40%)
[2026-04-03T03:32:38.305+0600][23.785s][info][gc,mmu      ] GC(18) Y: MMU: 2ms/92.2%, 5ms/96.9%, 10ms/97.9%, 20ms/98.9%, 50ms/99.6%, 100ms/99.8%
[2026-04-03T03:32:38.305+0600][23.785s][info][gc,marking  ] GC(18) Y: Mark: 2 stripe(s), 10 proactive flush(es), 1 terminate flush(es), 0 completion(s), 0 continuation(s) 
[2026-04-03T03:32:38.305+0600][23.785s][info][gc,marking  ] GC(18) Y: Mark Stack Usage: 32M
[2026-04-03T03:32:38.305+0600][23.785s][info][gc,nmethod  ] GC(18) Y: NMethods: 5226 registered, 411 unregistered
[2026-04-03T03:32:38.305+0600][23.785s][info][gc,metaspace] GC(18) Y: Metaspace: 68M used, 69M committed, 1088M reserved
[2026-04-03T03:32:38.306+0600][23.785s][info][gc,reloc    ] GC(18) Y:                        Candidates     Selected     In-Place         Size        Empty    Relocated 
[2026-04-03T03:32:38.306+0600][23.785s][info][gc,reloc    ] GC(18) Y: Small Pages:                  369          326            0         738M           0M          34M 
[2026-04-03T03:32:38.306+0600][23.785s][info][gc,reloc    ] GC(18) Y: Medium Pages:                   0            0            0           0M           0M           0M 
[2026-04-03T03:32:38.306+0600][23.785s][info][gc,reloc    ] GC(18) Y: Large Pages:                    6            0            0          84M           0M           0M 
[2026-04-03T03:32:38.306+0600][23.785s][info][gc,reloc    ] GC(18) Y: Forwarding Usage: 38M
[2026-04-03T03:32:38.306+0600][23.785s][info][gc,reloc    ] GC(18) Y: Age Table:
[2026-04-03T03:32:38.306+0600][23.785s][info][gc,reloc    ] GC(18) Y:                    Live             Garbage             Small              Medium             Large        
[2026-04-03T03:32:38.306+0600][23.785s][info][gc,reloc    ] GC(18) Y: Eden              88M (5%)          651M (37%)        343 / 323            0 / 0              3 / 0        
[2026-04-03T03:32:38.306+0600][23.785s][info][gc,reloc    ] GC(18) Y: Survivor 1        67M (4%)           14M (1%)          26 / 3              0 / 0              3 / 0        
[2026-04-03T03:32:38.306+0600][23.785s][info][gc,heap     ] GC(18) Y: Min Capacity: 8M(0%)
[2026-04-03T03:32:38.306+0600][23.785s][info][gc,heap     ] GC(18) Y: Max Capacity: 1750M(100%)
[2026-04-03T03:32:38.306+0600][23.785s][info][gc,heap     ] GC(18) Y: Soft Max Capacity: 1750M(100%)
[2026-04-03T03:32:38.306+0600][23.785s][info][gc,heap     ] GC(18) Y: Heap Statistics:
[2026-04-03T03:32:38.306+0600][23.785s][info][gc,heap     ] GC(18) Y:                Mark Start          Mark End        Relocate Start      Relocate End           High               Low         
[2026-04-03T03:32:38.306+0600][23.785s][info][gc,heap     ] GC(18) Y:  Capacity:     1750M (100%)       1750M (100%)       1750M (100%)       1750M (100%)       1750M (100%)       1750M (100%)   
[2026-04-03T03:32:38.306+0600][23.785s][info][gc,heap     ] GC(18) Y:      Free:      524M (30%)         212M (12%)         208M (12%)         804M (46%)         804M (46%)         194M (11%)    
[2026-04-03T03:32:38.306+0600][23.785s][info][gc,heap     ] GC(18) Y:      Used:     1226M (70%)        1538M (88%)        1542M (88%)         946M (54%)        1556M (89%)         946M (54%)    
[2026-04-03T03:32:38.306+0600][23.785s][info][gc,heap     ] GC(18) Y: Young Generation Statistics:
[2026-04-03T03:32:38.306+0600][23.785s][info][gc,heap     ] GC(18) Y:                Mark Start          Mark End        Relocate Start      Relocate End    
[2026-04-03T03:32:38.306+0600][23.785s][info][gc,heap     ] GC(18) Y:      Used:      822M (47%)        1134M (65%)        1138M (65%)         542M (31%)    
[2026-04-03T03:32:38.306+0600][23.785s][info][gc,heap     ] GC(18) Y:      Live:         -               155M (9%)          155M (9%)          155M (9%)     
[2026-04-03T03:32:38.306+0600][23.785s][info][gc,heap     ] GC(18) Y:   Garbage:         -               666M (38%)         666M (38%)           8M (0%)     
[2026-04-03T03:32:38.306+0600][23.785s][info][gc,heap     ] GC(18) Y: Allocated:         -               312M (18%)         316M (18%)         378M (22%)    
[2026-04-03T03:32:38.306+0600][23.785s][info][gc,heap     ] GC(18) Y: Reclaimed:         -                  -                 0M (0%)          658M (38%)    
[2026-04-03T03:32:38.306+0600][23.785s][info][gc,heap     ] GC(18) Y:  Promoted:         -                  -                 0M (0%)            0M (0%)     
[2026-04-03T03:32:38.306+0600][23.785s][info][gc,heap     ] GC(18) Y: Compacted:         -                  -                  -                37M (2%)     
[2026-04-03T03:32:38.306+0600][23.785s][info][gc,phases   ] GC(18) Y: Young Generation 1226M(70%)->946M(54%) 0.589s
[2026-04-03T03:32:38.306+0600][23.785s][info][gc,phases   ] GC(18) O: Old Generation
[2026-04-03T03:32:38.311+0600][23.791s][info][gc          ] GC(19) Minor Collection (Allocation Rate)
[2026-04-03T03:32:38.311+0600][23.791s][info][gc,task     ] GC(19) Using 2 Workers for Young Generation
[2026-04-03T03:32:38.311+0600][23.791s][info][gc,phases   ] GC(19) y: Young Generation
[2026-04-03T03:32:38.312+0600][23.791s][info][gc,phases   ] GC(19) y: Pause Mark Start 0.041ms
[2026-04-03T03:32:39.032+0600][24.511s][info][gc,phases   ] GC(19) y: Concurrent Mark 719.721ms
[2026-04-03T03:32:39.032+0600][24.512s][info][gc,phases   ] GC(19) y: Pause Mark End 0.034ms
[2026-04-03T03:32:39.032+0600][24.512s][info][gc,phases   ] GC(19) y: Concurrent Mark Free 0.003ms
[2026-04-03T03:32:39.032+0600][24.512s][info][gc,phases   ] GC(19) y: Concurrent Reset Relocation Set 0.073ms
[2026-04-03T03:32:39.037+0600][24.516s][info][gc,reloc    ] GC(19) y: Using tenuring threshold: 1 (Computed)
[2026-04-03T03:32:39.158+0600][24.638s][info][gc,phases   ] GC(19) y: Concurrent Select Relocation Set 125.710ms
[2026-04-03T03:32:39.158+0600][24.638s][info][gc,phases   ] GC(19) y: Pause Relocate Start 0.024ms
[2026-04-03T03:32:39.535+0600][25.014s][info][gc,phases   ] GC(19) y: Concurrent Relocate 376.033ms
[2026-04-03T03:32:39.535+0600][25.014s][info][gc,alloc    ] GC(19) y:                         Mark Start        Mark End      Relocate Start    Relocate End   
[2026-04-03T03:32:39.535+0600][25.014s][info][gc,alloc    ] GC(19) y: Allocation Stalls:          0                0                0                0         
[2026-04-03T03:32:39.535+0600][25.014s][info][gc,load     ] GC(19) y: Load: 3.77 (31%) / 4.14 (35%) / 4.76 (40%)
[2026-04-03T03:32:39.535+0600][25.014s][info][gc,mmu      ] GC(19) y: MMU: 2ms/92.2%, 5ms/96.9%, 10ms/97.9%, 20ms/98.9%, 50ms/99.6%, 100ms/99.8%
[2026-04-03T03:32:39.535+0600][25.014s][info][gc,marking  ] GC(19) y: Mark: 2 stripe(s), 4 proactive flush(es), 1 terminate flush(es), 0 completion(s), 0 continuation(s) 
[2026-04-03T03:32:39.535+0600][25.015s][info][gc,marking  ] GC(19) y: Mark Stack Usage: 32M
[2026-04-03T03:32:39.535+0600][25.015s][info][gc,nmethod  ] GC(19) y: NMethods: 5280 registered, 411 unregistered
[2026-04-03T03:32:39.535+0600][25.015s][info][gc,metaspace] GC(19) y: Metaspace: 68M used, 69M committed, 1088M reserved
[2026-04-03T03:32:39.535+0600][25.015s][info][gc,reloc    ] GC(19) y:                        Candidates     Selected     In-Place         Size        Empty    Relocated 
[2026-04-03T03:32:39.535+0600][25.015s][info][gc,reloc    ] GC(19) y: Small Pages:                  213          164            0         426M           0M          19M 
[2026-04-03T03:32:39.535+0600][25.015s][info][gc,reloc    ] GC(19) y: Medium Pages:                   1            0            0          32M           0M           0M 
[2026-04-03T03:32:39.535+0600][25.015s][info][gc,reloc    ] GC(19) y: Large Pages:                    6            0            0          84M          30M           0M 
[2026-04-03T03:32:39.535+0600][25.015s][info][gc,reloc    ] GC(19) y: Forwarding Usage: 23M
[2026-04-03T03:32:39.535+0600][25.015s][info][gc,reloc    ] GC(19) y: Age Table:
[2026-04-03T03:32:39.535+0600][25.015s][info][gc,reloc    ] GC(19) y:                    Live             Garbage             Small              Medium             Large        
[2026-04-03T03:32:39.535+0600][25.015s][info][gc,reloc    ] GC(19) y: Eden              16M (1%)          347M (20%)        166 / 156            1 / 0              0 / 0        
[2026-04-03T03:32:39.535+0600][25.015s][info][gc,reloc    ] GC(19) y: Survivor 1        82M (5%)           11M (1%)          20 / 2              0 / 0              3 / 0        
[2026-04-03T03:32:39.535+0600][25.015s][info][gc,reloc    ] GC(19) y: Survivor 2        35M (2%)           48M (3%)          27 / 6              0 / 0              3 / 0        
[2026-04-03T03:32:39.535+0600][25.015s][info][gc,heap     ] GC(19) y: Min Capacity: 8M(0%)
[2026-04-03T03:32:39.535+0600][25.015s][info][gc,heap     ] GC(19) y: Max Capacity: 1750M(100%)
[2026-04-03T03:32:39.535+0600][25.015s][info][gc,heap     ] GC(19) y: Soft Max Capacity: 1750M(100%)
[2026-04-03T03:32:39.535+0600][25.015s][info][gc,heap     ] GC(19) y: Heap Statistics:
[2026-04-03T03:32:39.535+0600][25.015s][info][gc,heap     ] GC(19) y:                Mark Start          Mark End        Relocate Start      Relocate End           High               Low         
[2026-04-03T03:32:39.535+0600][25.015s][info][gc,heap     ] GC(19) y:  Capacity:     1750M (100%)       1750M (100%)       1750M (100%)       1750M (100%)       1750M (100%)       1750M (100%)   
[2026-04-03T03:32:39.535+0600][25.015s][info][gc,heap     ] GC(19) y:      Free:      804M (46%)         764M (44%)         792M (45%)        1108M (63%)        1110M (63%)         764M (44%)    
[2026-04-03T03:32:39.535+0600][25.015s][info][gc,heap     ] GC(19) y:      Used:      946M (54%)         986M (56%)         958M (55%)         642M (37%)         986M (56%)         640M (37%)    
[2026-04-03T03:32:39.535+0600][25.015s][info][gc,heap     ] GC(19) y: Young Generation Statistics:
[2026-04-03T03:32:39.535+0600][25.015s][info][gc,heap     ] GC(19) y:                Mark Start          Mark End        Relocate Start      Relocate End    
[2026-04-03T03:32:39.535+0600][25.015s][info][gc,heap     ] GC(19) y:      Used:      542M (31%)         582M (33%)         430M (25%)         100M (6%)     
[2026-04-03T03:32:39.535+0600][25.015s][info][gc,heap     ] GC(19) y:      Live:         -               135M (8%)           24M (1%)           16M (1%)     
[2026-04-03T03:32:39.535+0600][25.015s][info][gc,heap     ] GC(19) y:   Garbage:         -               406M (23%)         363M (21%)          31M (2%)     
[2026-04-03T03:32:39.535+0600][25.015s][info][gc,heap     ] GC(19) y: Allocated:         -                40M (2%)           42M (2%)           51M (3%)     
[2026-04-03T03:32:39.535+0600][25.015s][info][gc,heap     ] GC(19) y: Reclaimed:         -                  -                43M (2%)          374M (21%)    
[2026-04-03T03:32:39.535+0600][25.015s][info][gc,heap     ] GC(19) y:  Promoted:         -                  -               110M (6%)          118M (7%)     
[2026-04-03T03:32:39.535+0600][25.015s][info][gc,heap     ] GC(19) y: Compacted:         -                  -                  -                16M (1%)     
[2026-04-03T03:32:39.535+0600][25.015s][info][gc,phases   ] GC(19) y: Young Generation 946M(54%)->642M(37%) 1.224s
[2026-04-03T03:32:39.535+0600][25.015s][info][gc          ] GC(19) Minor Collection (Allocation Rate) 946M(54%)->642M(37%) 1.224s
[2026-04-03T03:32:39.536+0600][25.015s][info][gc          ] GC(20) Minor Collection (Allocation Rate)
[2026-04-03T03:32:39.536+0600][25.015s][info][gc,task     ] GC(20) Using 2 Workers for Young Generation
[2026-04-03T03:32:39.536+0600][25.015s][info][gc,phases   ] GC(20) y: Young Generation
[2026-04-03T03:32:39.536+0600][25.015s][info][gc,phases   ] GC(20) y: Pause Mark Start 0.021ms
[2026-04-03T03:32:39.706+0600][25.186s][info][gc,phases   ] GC(20) y: Concurrent Mark 170.502ms
[2026-04-03T03:32:39.707+0600][25.187s][info][gc,phases   ] GC(20) y: Pause Mark End 0.193ms
[2026-04-03T03:32:39.707+0600][25.187s][info][gc,phases   ] GC(20) y: Concurrent Mark Free 0.015ms
[2026-04-03T03:32:39.707+0600][25.187s][info][gc,phases   ] GC(20) y: Concurrent Reset Relocation Set 0.116ms
[2026-04-03T03:32:39.711+0600][25.190s][info][gc,reloc    ] GC(20) y: Using tenuring threshold: 1 (Computed)
[2026-04-03T03:32:39.727+0600][25.207s][info][gc,phases   ] GC(20) y: Concurrent Select Relocation Set 19.804ms
[2026-04-03T03:32:39.728+0600][25.207s][info][gc,phases   ] GC(20) y: Pause Relocate Start 0.037ms
[2026-04-03T03:32:39.748+0600][25.228s][info][gc,phases   ] GC(20) y: Concurrent Relocate 20.173ms
[2026-04-03T03:32:39.748+0600][25.228s][info][gc,alloc    ] GC(20) y:                         Mark Start        Mark End      Relocate Start    Relocate End   
[2026-04-03T03:32:39.748+0600][25.228s][info][gc,alloc    ] GC(20) y: Allocation Stalls:          0                0                0                0         
[2026-04-03T03:32:39.748+0600][25.228s][info][gc,load     ] GC(20) y: Load: 3.77 (31%) / 4.14 (35%) / 4.76 (40%)
[2026-04-03T03:32:39.748+0600][25.228s][info][gc,mmu      ] GC(20) y: MMU: 2ms/90.3%, 5ms/96.1%, 10ms/97.9%, 20ms/98.9%, 50ms/99.5%, 100ms/99.8%
[2026-04-03T03:32:39.748+0600][25.228s][info][gc,marking  ] GC(20) y: Mark: 2 stripe(s), 3 proactive flush(es), 1 terminate flush(es), 0 completion(s), 0 continuation(s) 
[2026-04-03T03:32:39.748+0600][25.228s][info][gc,marking  ] GC(20) y: Mark Stack Usage: 32M
[2026-04-03T03:32:39.748+0600][25.228s][info][gc,nmethod  ] GC(20) y: NMethods: 5305 registered, 411 unregistered
[2026-04-03T03:32:39.748+0600][25.228s][info][gc,metaspace] GC(20) y: Metaspace: 68M used, 69M committed, 1088M reserved
[2026-04-03T03:32:39.748+0600][25.228s][info][gc,reloc    ] GC(20) y:                        Candidates     Selected     In-Place         Size        Empty    Relocated 
[2026-04-03T03:32:39.748+0600][25.228s][info][gc,reloc    ] GC(20) y: Small Pages:                   18            9            0          36M           0M           1M 
[2026-04-03T03:32:39.748+0600][25.228s][info][gc,reloc    ] GC(20) y: Medium Pages:                   2            0            0          64M          32M           0M 
[2026-04-03T03:32:39.748+0600][25.228s][info][gc,reloc    ] GC(20) y: Large Pages:                    0            0            0           0M           0M           0M 
[2026-04-03T03:32:39.748+0600][25.228s][info][gc,reloc    ] GC(20) y: Forwarding Usage: 1M
[2026-04-03T03:32:39.748+0600][25.228s][info][gc,reloc    ] GC(20) y: Age Table:
[2026-04-03T03:32:39.748+0600][25.228s][info][gc,reloc    ] GC(20) y:                    Live             Garbage             Small              Medium             Large        
[2026-04-03T03:32:39.748+0600][25.228s][info][gc,reloc    ] GC(20) y: Eden               2M (0%)           41M (2%)           6 / 5              1 / 0              0 / 0        
[2026-04-03T03:32:39.748+0600][25.228s][info][gc,reloc    ] GC(20) y: Survivor 1        16M (1%)           39M (2%)          12 / 4              1 / 0              0 / 0        
[2026-04-03T03:32:39.748+0600][25.228s][info][gc,heap     ] GC(20) y: Min Capacity: 8M(0%)
[2026-04-03T03:32:39.748+0600][25.228s][info][gc,heap     ] GC(20) y: Max Capacity: 1750M(100%)
[2026-04-03T03:32:39.749+0600][25.228s][info][gc,heap     ] GC(20) y: Soft Max Capacity: 1750M(100%)
[2026-04-03T03:32:39.749+0600][25.228s][info][gc,heap     ] GC(20) y: Heap Statistics:
[2026-04-03T03:32:39.749+0600][25.228s][info][gc,heap     ] GC(20) y:                Mark Start          Mark End        Relocate Start      Relocate End           High               Low         
[2026-04-03T03:32:39.749+0600][25.228s][info][gc,heap     ] GC(20) y:  Capacity:     1750M (100%)       1750M (100%)       1750M (100%)       1750M (100%)       1750M (100%)       1750M (100%)   
[2026-04-03T03:32:39.749+0600][25.228s][info][gc,heap     ] GC(20) y:      Free:     1108M (63%)        1058M (60%)        1088M (62%)        1090M (62%)        1108M (63%)        1058M (60%)    
[2026-04-03T03:32:39.749+0600][25.228s][info][gc,heap     ] GC(20) y:      Used:      642M (37%)         692M (40%)         662M (38%)         660M (38%)         692M (40%)         642M (37%)    
[2026-04-03T03:32:39.749+0600][25.228s][info][gc,heap     ] GC(20) y: Young Generation Statistics:
[2026-04-03T03:32:39.749+0600][25.228s][info][gc,heap     ] GC(20) y:                Mark Start          Mark End        Relocate Start      Relocate End    
[2026-04-03T03:32:39.749+0600][25.228s][info][gc,heap     ] GC(20) y:      Used:      100M (6%)          150M (9%)          104M (6%)           98M (6%)     
[2026-04-03T03:32:39.749+0600][25.228s][info][gc,heap     ] GC(20) y:      Live:         -                18M (1%)            3M (0%)            2M (0%)     
[2026-04-03T03:32:39.749+0600][25.228s][info][gc,heap     ] GC(20) y:   Garbage:         -                81M (5%)           48M (3%)           29M (2%)     
[2026-04-03T03:32:39.749+0600][25.228s][info][gc,heap     ] GC(20) y: Allocated:         -                50M (3%)           52M (3%)           65M (4%)     
[2026-04-03T03:32:39.749+0600][25.228s][info][gc,heap     ] GC(20) y: Reclaimed:         -                  -                32M (2%)           51M (3%)     
[2026-04-03T03:32:39.749+0600][25.228s][info][gc,heap     ] GC(20) y:  Promoted:         -                  -                15M (1%)           16M (1%)     
[2026-04-03T03:32:39.749+0600][25.228s][info][gc,heap     ] GC(20) y: Compacted:         -                  -                  -                 0M (0%)     
[2026-04-03T03:32:39.749+0600][25.228s][info][gc,phases   ] GC(20) y: Young Generation 642M(37%)->660M(38%) 0.213s
[2026-04-03T03:32:39.749+0600][25.228s][info][gc          ] GC(20) Minor Collection (Allocation Rate) 642M(37%)->660M(38%) 0.213s
[2026-04-03T03:32:39.749+0600][25.228s][info][gc          ] GC(21) Minor Collection (Allocation Rate)
[2026-04-03T03:32:39.749+0600][25.228s][info][gc,task     ] GC(21) Using 2 Workers for Young Generation
[2026-04-03T03:32:39.749+0600][25.228s][info][gc,phases   ] GC(21) y: Young Generation
[2026-04-03T03:32:39.749+0600][25.229s][info][gc,phases   ] GC(21) y: Pause Mark Start 0.048ms
[2026-04-03T03:32:39.818+0600][25.298s][info][gc,phases   ] GC(21) y: Concurrent Mark 68.776ms
[2026-04-03T03:32:39.819+0600][25.298s][info][gc,phases   ] GC(21) y: Pause Mark End 0.053ms
[2026-04-03T03:32:39.819+0600][25.298s][info][gc,phases   ] GC(21) y: Concurrent Mark Free 0.002ms
[2026-04-03T03:32:39.819+0600][25.299s][info][gc,phases   ] GC(21) y: Concurrent Reset Relocation Set 0.024ms
[2026-04-03T03:32:39.823+0600][25.303s][info][gc,reloc    ] GC(21) y: Using tenuring threshold: 2 (Computed)
[2026-04-03T03:32:39.823+0600][25.303s][info][gc,phases   ] GC(21) y: Concurrent Select Relocation Set 4.498ms
[2026-04-03T03:32:39.824+0600][25.303s][info][gc,phases   ] GC(21) y: Pause Relocate Start 0.017ms
[2026-04-03T03:32:39.824+0600][25.304s][info][gc,phases   ] GC(21) y: Concurrent Relocate 0.370ms
[2026-04-03T03:32:39.824+0600][25.304s][info][gc,alloc    ] GC(21) y:                         Mark Start        Mark End      Relocate Start    Relocate End   
[2026-04-03T03:32:39.824+0600][25.304s][info][gc,alloc    ] GC(21) y: Allocation Stalls:          0                0                0                0         
[2026-04-03T03:32:39.824+0600][25.304s][info][gc,load     ] GC(21) y: Load: 3.77 (31%) / 4.14 (35%) / 4.76 (40%)
[2026-04-03T03:32:39.824+0600][25.304s][info][gc,mmu      ] GC(21) y: MMU: 2ms/90.3%, 5ms/96.1%, 10ms/97.9%, 20ms/98.9%, 50ms/99.4%, 100ms/99.7%
[2026-04-03T03:32:39.824+0600][25.304s][info][gc,marking  ] GC(21) y: Mark: 2 stripe(s), 2 proactive flush(es), 1 terminate flush(es), 0 completion(s), 0 continuation(s) 
[2026-04-03T03:32:39.824+0600][25.304s][info][gc,marking  ] GC(21) y: Mark Stack Usage: 32M
[2026-04-03T03:32:39.824+0600][25.304s][info][gc,nmethod  ] GC(21) y: NMethods: 5310 registered, 411 unregistered
[2026-04-03T03:32:39.824+0600][25.304s][info][gc,metaspace] GC(21) y: Metaspace: 68M used, 69M committed, 1088M reserved
[2026-04-03T03:32:39.824+0600][25.304s][info][gc,reloc    ] GC(21) y:                        Candidates     Selected     In-Place         Size        Empty    Relocated 
[2026-04-03T03:32:39.824+0600][25.304s][info][gc,reloc    ] GC(21) y: Small Pages:                   17           10            0          34M          12M           0M 
[2026-04-03T03:32:39.824+0600][25.304s][info][gc,reloc    ] GC(21) y: Medium Pages:                   2            0            0          64M          64M           0M 
[2026-04-03T03:32:39.824+0600][25.304s][info][gc,reloc    ] GC(21) y: Large Pages:                    0            0            0           0M           0M           0M 
[2026-04-03T03:32:39.824+0600][25.304s][info][gc,reloc    ] GC(21) y: Forwarding Usage: 0M
[2026-04-03T03:32:39.824+0600][25.304s][info][gc,reloc    ] GC(21) y: Age Table:
[2026-04-03T03:32:39.824+0600][25.304s][info][gc,reloc    ] GC(21) y:                    Live             Garbage             Small              Medium             Large        
[2026-04-03T03:32:39.824+0600][25.304s][info][gc,reloc    ] GC(21) y: Eden               0M (0%)           55M (3%)          12 / 5              1 / 0              0 / 0        
[2026-04-03T03:32:39.824+0600][25.304s][info][gc,reloc    ] GC(21) y: Survivor 1         0M (0%)           41M (2%)           5 / 5              1 / 0              0 / 0        
[2026-04-03T03:32:39.824+0600][25.304s][info][gc,heap     ] GC(21) y: Min Capacity: 8M(0%)
[2026-04-03T03:32:39.824+0600][25.304s][info][gc,heap     ] GC(21) y: Max Capacity: 1750M(100%)
[2026-04-03T03:32:39.825+0600][25.304s][info][gc,heap     ] GC(21) y: Soft Max Capacity: 1750M(100%)
[2026-04-03T03:32:39.825+0600][25.304s][info][gc,heap     ] GC(21) y: Heap Statistics:
[2026-04-03T03:32:39.825+0600][25.304s][info][gc,heap     ] GC(21) y:                Mark Start          Mark End        Relocate Start      Relocate End           High               Low         
[2026-04-03T03:32:39.825+0600][25.304s][info][gc,heap     ] GC(21) y:  Capacity:     1750M (100%)       1750M (100%)       1750M (100%)       1750M (100%)       1750M (100%)       1750M (100%)   
[2026-04-03T03:32:39.825+0600][25.304s][info][gc,heap     ] GC(21) y:      Free:     1090M (62%)        1072M (61%)        1146M (65%)        1152M (66%)        1152M (66%)        1070M (61%)    
[2026-04-03T03:32:39.825+0600][25.304s][info][gc,heap     ] GC(21) y:      Used:      660M (38%)         678M (39%)         604M (35%)         598M (34%)         680M (39%)         598M (34%)    
[2026-04-03T03:32:39.825+0600][25.304s][info][gc,heap     ] GC(21) y: Young Generation Statistics:
[2026-04-03T03:32:39.825+0600][25.304s][info][gc,heap     ] GC(21) y:                Mark Start          Mark End        Relocate Start      Relocate End    
[2026-04-03T03:32:39.825+0600][25.304s][info][gc,heap     ] GC(21) y:      Used:       98M (6%)          116M (7%)           42M (2%)           36M (2%)     
[2026-04-03T03:32:39.825+0600][25.304s][info][gc,heap     ] GC(21) y:      Live:         -                 0M (0%)            0M (0%)            0M (0%)     
[2026-04-03T03:32:39.825+0600][25.304s][info][gc,heap     ] GC(21) y:   Garbage:         -                97M (6%)           21M (1%)            0M (0%)     
[2026-04-03T03:32:39.825+0600][25.304s][info][gc,heap     ] GC(21) y: Allocated:         -                18M (1%)           20M (1%)           35M (2%)     
[2026-04-03T03:32:39.825+0600][25.304s][info][gc,heap     ] GC(21) y: Reclaimed:         -                  -                76M (4%)           97M (6%)     
[2026-04-03T03:32:39.825+0600][25.304s][info][gc,heap     ] GC(21) y:  Promoted:         -                  -                 0M (0%)            0M (0%)     
[2026-04-03T03:32:39.825+0600][25.304s][info][gc,heap     ] GC(21) y: Compacted:         -                  -                  -                 0M (0%)     
[2026-04-03T03:32:39.825+0600][25.304s][info][gc,phases   ] GC(21) y: Young Generation 660M(38%)->598M(34%) 0.075s
[2026-04-03T03:32:39.825+0600][25.304s][info][gc          ] GC(21) Minor Collection (Allocation Rate) 660M(38%)->598M(34%) 0.076s
[2026-04-03T03:32:39.894+0600][25.374s][info][gc          ] GC(22) Minor Collection (Allocation Rate)
[2026-04-03T03:32:39.895+0600][25.374s][info][gc,task     ] GC(22) Using 2 Workers for Young Generation
[2026-04-03T03:32:39.895+0600][25.374s][info][gc,phases   ] GC(22) y: Young Generation
[2026-04-03T03:32:39.895+0600][25.374s][info][gc,phases   ] GC(22) y: Pause Mark Start 0.022ms
[2026-04-03T03:32:39.904+0600][25.384s][info][gc,phases   ] GC(22) y: Concurrent Mark 8.874ms
[2026-04-03T03:32:39.904+0600][25.384s][info][gc,phases   ] GC(22) y: Pause Mark End 0.027ms
[2026-04-03T03:32:39.905+0600][25.384s][info][gc,phases   ] GC(22) y: Concurrent Mark Free 0.002ms
[2026-04-03T03:32:39.905+0600][25.384s][info][gc,phases   ] GC(22) y: Concurrent Reset Relocation Set 0.002ms
[2026-04-03T03:32:39.908+0600][25.387s][info][gc,reloc    ] GC(22) y: Using tenuring threshold: 3 (Computed)
[2026-04-03T03:32:39.908+0600][25.388s][info][gc,phases   ] GC(22) y: Concurrent Select Relocation Set 3.635ms
[2026-04-03T03:32:39.908+0600][25.388s][info][gc,phases   ] GC(22) y: Pause Relocate Start 0.014ms
[2026-04-03T03:32:39.909+0600][25.389s][info][gc,phases   ] GC(22) y: Concurrent Relocate 0.443ms
[2026-04-03T03:32:39.909+0600][25.389s][info][gc,alloc    ] GC(22) y:                         Mark Start        Mark End      Relocate Start    Relocate End   
[2026-04-03T03:32:39.909+0600][25.389s][info][gc,alloc    ] GC(22) y: Allocation Stalls:          0                0                0                0         
[2026-04-03T03:32:39.909+0600][25.389s][info][gc,load     ] GC(22) y: Load: 3.77 (31%) / 4.14 (35%) / 4.76 (40%)
[2026-04-03T03:32:39.909+0600][25.389s][info][gc,mmu      ] GC(22) y: MMU: 2ms/90.3%, 5ms/96.1%, 10ms/97.9%, 20ms/98.9%, 50ms/99.4%, 100ms/99.7%
[2026-04-03T03:32:39.909+0600][25.389s][info][gc,marking  ] GC(22) y: Mark: 2 stripe(s), 2 proactive flush(es), 1 terminate flush(es), 0 completion(s), 0 continuation(s) 
[2026-04-03T03:32:39.909+0600][25.389s][info][gc,marking  ] GC(22) y: Mark Stack Usage: 32M
[2026-04-03T03:32:39.909+0600][25.389s][info][gc,nmethod  ] GC(22) y: NMethods: 5340 registered, 0 unregistered
[2026-04-03T03:32:39.909+0600][25.389s][info][gc,metaspace] GC(22) y: Metaspace: 68M used, 69M committed, 1088M reserved
[2026-04-03T03:32:39.909+0600][25.389s][info][gc,reloc    ] GC(22) y:                        Candidates     Selected     In-Place         Size        Empty    Relocated 
[2026-04-03T03:32:39.909+0600][25.389s][info][gc,reloc    ] GC(22) y: Small Pages:                   28           18            0          56M          18M           0M 
[2026-04-03T03:32:39.909+0600][25.389s][info][gc,reloc    ] GC(22) y: Medium Pages:                   1            0            0          32M          32M           0M 
[2026-04-03T03:32:39.909+0600][25.389s][info][gc,reloc    ] GC(22) y: Large Pages:                    0            0            0           0M           0M           0M 
[2026-04-03T03:32:39.909+0600][25.389s][info][gc,reloc    ] GC(22) y: Forwarding Usage: 0M
[2026-04-03T03:32:39.909+0600][25.389s][info][gc,reloc    ] GC(22) y: Age Table:
[2026-04-03T03:32:39.909+0600][25.389s][info][gc,reloc    ] GC(22) y:                    Live             Garbage             Small              Medium             Large        
[2026-04-03T03:32:39.909+0600][25.389s][info][gc,reloc    ] GC(22) y: Eden               0M (0%)           71M (4%)          20 / 12             1 / 0              0 / 0        
[2026-04-03T03:32:39.909+0600][25.389s][info][gc,reloc    ] GC(22) y: Survivor 1         0M (0%)            5M (0%)           3 / 3              0 / 0              0 / 0        
[2026-04-03T03:32:39.909+0600][25.389s][info][gc,reloc    ] GC(22) y: Survivor 2         0M (0%)            9M (1%)           5 / 3              0 / 0              0 / 0        
[2026-04-03T03:32:39.909+0600][25.389s][info][gc,heap     ] GC(22) y: Min Capacity: 8M(0%)
[2026-04-03T03:32:39.909+0600][25.389s][info][gc,heap     ] GC(22) y: Max Capacity: 1750M(100%)
[2026-04-03T03:32:39.909+0600][25.389s][info][gc,heap     ] GC(22) y: Soft Max Capacity: 1750M(100%)
[2026-04-03T03:32:39.909+0600][25.389s][info][gc,heap     ] GC(22) y: Heap Statistics:
[2026-04-03T03:32:39.909+0600][25.389s][info][gc,heap     ] GC(22) y:                Mark Start          Mark End        Relocate Start      Relocate End           High               Low         
[2026-04-03T03:32:39.909+0600][25.389s][info][gc,heap     ] GC(22) y:  Capacity:     1750M (100%)       1750M (100%)       1750M (100%)       1750M (100%)       1750M (100%)       1750M (100%)   
[2026-04-03T03:32:39.909+0600][25.389s][info][gc,heap     ] GC(22) y:      Free:     1100M (63%)        1096M (63%)        1146M (65%)        1172M (67%)        1172M (67%)        1096M (63%)    
[2026-04-03T03:32:39.909+0600][25.389s][info][gc,heap     ] GC(22) y:      Used:      650M (37%)         654M (37%)         604M (35%)         578M (33%)         654M (37%)         578M (33%)    
[2026-04-03T03:32:39.909+0600][25.389s][info][gc,heap     ] GC(22) y: Young Generation Statistics:
[2026-04-03T03:32:39.909+0600][25.389s][info][gc,heap     ] GC(22) y:                Mark Start          Mark End        Relocate Start      Relocate End    
[2026-04-03T03:32:39.909+0600][25.389s][info][gc,heap     ] GC(22) y:      Used:       88M (5%)           92M (5%)           42M (2%)           16M (1%)     
[2026-04-03T03:32:39.909+0600][25.389s][info][gc,heap     ] GC(22) y:      Live:         -                 0M (0%)            0M (0%)            0M (0%)     
[2026-04-03T03:32:39.909+0600][25.389s][info][gc,heap     ] GC(22) y:   Garbage:         -                87M (5%)           37M (2%)            0M (0%)     
[2026-04-03T03:32:39.909+0600][25.389s][info][gc,heap     ] GC(22) y: Allocated:         -                 4M (0%)            4M (0%)           15M (1%)     
[2026-04-03T03:32:39.909+0600][25.389s][info][gc,heap     ] GC(22) y: Reclaimed:         -                  -                50M (3%)           87M (5%)     
[2026-04-03T03:32:39.909+0600][25.389s][info][gc,heap     ] GC(22) y:  Promoted:         -                  -                 0M (0%)            0M (0%)     
[2026-04-03T03:32:39.909+0600][25.389s][info][gc,heap     ] GC(22) y: Compacted:         -                  -                  -                 0M (0%)     
[2026-04-03T03:32:39.909+0600][25.389s][info][gc,phases   ] GC(22) y: Young Generation 650M(37%)->578M(33%) 0.014s
[2026-04-03T03:32:39.909+0600][25.389s][info][gc          ] GC(22) Minor Collection (Allocation Rate) 650M(37%)->578M(33%) 0.015s
[2026-04-03T03:32:39.995+0600][25.475s][info][gc,phases   ] GC(18) O: Concurrent Mark 1689.579ms
[2026-04-03T03:32:39.996+0600][25.475s][info][gc,phases   ] GC(18) O: Pause Mark End 0.019ms
[2026-04-03T03:32:39.996+0600][25.475s][info][gc,phases   ] GC(18) O: Concurrent Mark Free 0.001ms
[2026-04-03T03:32:40.032+0600][25.511s][info][gc,phases   ] GC(18) O: Concurrent Process Non-Strong 35.931ms
[2026-04-03T03:32:40.032+0600][25.511s][info][gc,phases   ] GC(18) O: Concurrent Reset Relocation Set 0.008ms
[2026-04-03T03:32:40.037+0600][25.517s][info][gc,phases   ] GC(18) O: Concurrent Select Relocation Set 5.441ms
[2026-04-03T03:32:40.037+0600][25.517s][info][gc,task     ] GC(18) O: Using 3 Workers for Old Generation
[2026-04-03T03:32:40.062+0600][25.541s][info][gc,task     ] GC(18) O: Using 1 Workers for Old Generation
[2026-04-03T03:32:40.062+0600][25.541s][info][gc,phases   ] GC(18) O: Concurrent Remap Roots 24.290ms
[2026-04-03T03:32:40.062+0600][25.542s][info][gc,phases   ] GC(18) O: Pause Relocate Start 0.028ms
[2026-04-03T03:32:40.157+0600][25.637s][info][gc,phases   ] GC(18) O: Concurrent Relocate 95.290ms
[2026-04-03T03:32:40.158+0600][25.637s][info][gc,alloc    ] GC(18) O:                         Mark Start        Mark End      Relocate Start    Relocate End   
[2026-04-03T03:32:40.158+0600][25.637s][info][gc,alloc    ] GC(18) O: Allocation Stalls:          0                0                0                0         
[2026-04-03T03:32:40.158+0600][25.637s][info][gc,load     ] GC(18) O: Load: 3.77 (31%) / 4.14 (35%) / 4.76 (40%)
[2026-04-03T03:32:40.158+0600][25.637s][info][gc,mmu      ] GC(18) O: MMU: 2ms/90.3%, 5ms/96.1%, 10ms/97.9%, 20ms/98.9%, 50ms/99.4%, 100ms/99.7%
[2026-04-03T03:32:40.158+0600][25.637s][info][gc,marking  ] GC(18) O: Mark: 1 stripe(s), 3 proactive flush(es), 1 terminate flush(es), 0 completion(s), 0 continuation(s) 
[2026-04-03T03:32:40.158+0600][25.637s][info][gc,marking  ] GC(18) O: Mark Stack Usage: 32M
[2026-04-03T03:32:40.158+0600][25.637s][info][gc,nmethod  ] GC(18) O: NMethods: 5374 registered, 110 unregistered
[2026-04-03T03:32:40.158+0600][25.637s][info][gc,metaspace] GC(18) O: Metaspace: 68M used, 69M committed, 1088M reserved
[2026-04-03T03:32:40.158+0600][25.637s][info][gc,ref      ] GC(18) O:                       Encountered   Discovered     Enqueued 
[2026-04-03T03:32:40.158+0600][25.637s][info][gc,ref      ] GC(18) O: Soft References:             4950            0            0 
[2026-04-03T03:32:40.158+0600][25.637s][info][gc,ref      ] GC(18) O: Weak References:             6861         5160          486 
[2026-04-03T03:32:40.158+0600][25.637s][info][gc,ref      ] GC(18) O: Final References:              82           48            0 
[2026-04-03T03:32:40.158+0600][25.637s][info][gc,ref      ] GC(18) O: Phantom References:           600          564            0 
[2026-04-03T03:32:40.158+0600][25.637s][info][gc,reloc    ] GC(18) O:                        Candidates     Selected     In-Place         Size        Empty    Relocated 
[2026-04-03T03:32:40.158+0600][25.637s][info][gc,reloc    ] GC(18) O: Small Pages:                  145           11            0         290M           0M           6M 
[2026-04-03T03:32:40.158+0600][25.637s][info][gc,reloc    ] GC(18) O: Medium Pages:                   2            1            0          64M           0M           5M 
[2026-04-03T03:32:40.158+0600][25.637s][info][gc,reloc    ] GC(18) O: Large Pages:                    5            0            0          50M          20M           0M 
[2026-04-03T03:32:40.158+0600][25.637s][info][gc,reloc    ] GC(18) O: Forwarding Usage: 9M
[2026-04-03T03:32:40.158+0600][25.637s][info][gc,heap     ] GC(18) O: Min Capacity: 8M(0%)
[2026-04-03T03:32:40.158+0600][25.637s][info][gc,heap     ] GC(18) O: Max Capacity: 1750M(100%)
[2026-04-03T03:32:40.158+0600][25.637s][info][gc,heap     ] GC(18) O: Soft Max Capacity: 1750M(100%)
[2026-04-03T03:32:40.158+0600][25.637s][info][gc,heap     ] GC(18) O: Heap Statistics:
[2026-04-03T03:32:40.158+0600][25.637s][info][gc,heap     ] GC(18) O:                Mark Start          Mark End        Relocate Start      Relocate End           High               Low         
[2026-04-03T03:32:40.158+0600][25.637s][info][gc,heap     ] GC(18) O:  Capacity:     1750M (100%)       1750M (100%)       1750M (100%)       1750M (100%)       1750M (100%)       1750M (100%)   
[2026-04-03T03:32:40.158+0600][25.637s][info][gc,heap     ] GC(18) O:      Free:      524M (30%)        1114M (64%)        1112M (64%)        1142M (65%)        1172M (67%)         194M (11%)    
[2026-04-03T03:32:40.158+0600][25.637s][info][gc,heap     ] GC(18) O:      Used:     1226M (70%)         636M (36%)         638M (36%)         608M (35%)        1556M (89%)         578M (33%)    
[2026-04-03T03:32:40.158+0600][25.637s][info][gc,heap     ] GC(18) O: Old Generation Statistics:
[2026-04-03T03:32:40.158+0600][25.638s][info][gc,heap     ] GC(18) O:                Mark Start          Mark End        Relocate Start      Relocate End    
[2026-04-03T03:32:40.158+0600][25.638s][info][gc,heap     ] GC(18) O:      Used:      404M (23%)         562M (32%)         542M (31%)         492M (28%)    
[2026-04-03T03:32:40.158+0600][25.638s][info][gc,heap     ] GC(18) O:      Live:         -               302M (17%)         302M (17%)         302M (17%)    
[2026-04-03T03:32:40.158+0600][25.638s][info][gc,heap     ] GC(18) O:   Garbage:         -               101M (6%)           81M (5%)            3M (0%)     
[2026-04-03T03:32:40.158+0600][25.638s][info][gc,heap     ] GC(18) O: Allocated:         -               158M (9%)          158M (9%)          185M (11%)    
[2026-04-03T03:32:40.158+0600][25.638s][info][gc,heap     ] GC(18) O: Reclaimed:         -                  -                20M (1%)           97M (6%)     
[2026-04-03T03:32:40.158+0600][25.638s][info][gc,heap     ] GC(18) O: Compacted:         -                  -                  -                28M (2%)     
[2026-04-03T03:32:40.158+0600][25.638s][info][gc,phases   ] GC(18) O: Old Generation 946M(54%)->608M(35%) 1.852s
[2026-04-03T03:32:40.158+0600][25.638s][info][gc          ] GC(18) Major Collection (Allocation Rate) 1226M(70%)->608M(35%) 2.442s
[2026-04-03T03:32:40.232+0600][25.711s][info][gc          ] GC(23) Major Collection (Allocation Rate)
[2026-04-03T03:32:40.232+0600][25.711s][info][gc,task     ] GC(23) Using 3 Workers for Young Generation
[2026-04-03T03:32:40.232+0600][25.711s][info][gc,task     ] GC(23) Using 1 Workers for Old Generation
[2026-04-03T03:32:40.232+0600][25.711s][info][gc,phases   ] GC(23) Y: Young Generation
[2026-04-03T03:32:40.232+0600][25.712s][info][gc,phases   ] GC(23) Y: Pause Mark Start (Major) 0.018ms
[2026-04-03T03:32:40.308+0600][25.787s][info][gc,phases   ] GC(23) Y: Concurrent Mark 75.649ms
[2026-04-03T03:32:40.308+0600][25.788s][info][gc,phases   ] GC(23) Y: Pause Mark End 0.032ms
[2026-04-03T03:32:40.308+0600][25.788s][info][gc,phases   ] GC(23) Y: Concurrent Mark Free 0.002ms
[2026-04-03T03:32:40.308+0600][25.788s][info][gc,phases   ] GC(23) Y: Concurrent Reset Relocation Set 0.007ms
[2026-04-03T03:32:40.310+0600][25.790s][info][gc,reloc    ] GC(23) Y: Using tenuring threshold: 2 (Computed)
[2026-04-03T03:32:40.318+0600][25.797s][info][gc,phases   ] GC(23) Y: Concurrent Select Relocation Set 9.419ms
[2026-04-03T03:32:40.318+0600][25.797s][info][gc,phases   ] GC(23) Y: Pause Relocate Start 0.016ms
[2026-04-03T03:32:40.349+0600][25.828s][info][gc,phases   ] GC(23) Y: Concurrent Relocate 30.911ms
[2026-04-03T03:32:40.349+0600][25.828s][info][gc,alloc    ] GC(23) Y:                         Mark Start        Mark End      Relocate Start    Relocate End   
[2026-04-03T03:32:40.349+0600][25.828s][info][gc,alloc    ] GC(23) Y: Allocation Stalls:          0                0                0                0         
[2026-04-03T03:32:40.349+0600][25.828s][info][gc,load     ] GC(23) Y: Load: 3.77 (31%) / 4.14 (35%) / 4.76 (40%)
[2026-04-03T03:32:40.349+0600][25.829s][info][gc,mmu      ] GC(23) Y: MMU: 2ms/90.3%, 5ms/96.1%, 10ms/97.9%, 20ms/98.9%, 50ms/99.4%, 100ms/99.7%
[2026-04-03T03:32:40.349+0600][25.829s][info][gc,marking  ] GC(23) Y: Mark: 2 stripe(s), 10 proactive flush(es), 1 terminate flush(es), 0 completion(s), 0 continuation(s) 
[2026-04-03T03:32:40.349+0600][25.829s][info][gc,marking  ] GC(23) Y: Mark Stack Usage: 32M
[2026-04-03T03:32:40.349+0600][25.829s][info][gc,nmethod  ] GC(23) Y: NMethods: 5400 registered, 110 unregistered
[2026-04-03T03:32:40.349+0600][25.829s][info][gc,metaspace] GC(23) Y: Metaspace: 68M used, 69M committed, 1088M reserved
[2026-04-03T03:32:40.349+0600][25.829s][info][gc,reloc    ] GC(23) Y:                        Candidates     Selected     In-Place         Size        Empty    Relocated 
[2026-04-03T03:32:40.349+0600][25.829s][info][gc,reloc    ] GC(23) Y: Small Pages:                   57           47            0         114M           6M           8M 
[2026-04-03T03:32:40.349+0600][25.829s][info][gc,reloc    ] GC(23) Y: Medium Pages:                   1            0            0          32M           0M           0M 
[2026-04-03T03:32:40.349+0600][25.829s][info][gc,reloc    ] GC(23) Y: Large Pages:                    4            0            0          24M           6M           0M 
[2026-04-03T03:32:40.349+0600][25.829s][info][gc,reloc    ] GC(23) Y: Forwarding Usage: 13M
[2026-04-03T03:32:40.349+0600][25.829s][info][gc,reloc    ] GC(23) Y: Age Table:
[2026-04-03T03:32:40.349+0600][25.829s][info][gc,reloc    ] GC(23) Y:                    Live             Garbage             Small              Medium             Large        
[2026-04-03T03:32:40.349+0600][25.829s][info][gc,reloc    ] GC(23) Y: Eden              35M (2%)          122M (7%)          51 / 42             1 / 0              4 / 0        
[2026-04-03T03:32:40.349+0600][25.829s][info][gc,reloc    ] GC(23) Y: Survivor 1         0M (0%)            3M (0%)           2 / 2              0 / 0              0 / 0        
[2026-04-03T03:32:40.349+0600][25.829s][info][gc,reloc    ] GC(23) Y: Survivor 2         0M (0%)            3M (0%)           2 / 1              0 / 0              0 / 0        
[2026-04-03T03:32:40.349+0600][25.829s][info][gc,reloc    ] GC(23) Y: Survivor 3         0M (0%)            3M (0%)           2 / 2              0 / 0              0 / 0        
[2026-04-03T03:32:40.349+0600][25.829s][info][gc,heap     ] GC(23) Y: Min Capacity: 8M(0%)
[2026-04-03T03:32:40.349+0600][25.829s][info][gc,heap     ] GC(23) Y: Max Capacity: 1750M(100%)
[2026-04-03T03:32:40.349+0600][25.829s][info][gc,heap     ] GC(23) Y: Soft Max Capacity: 1750M(100%)
[2026-04-03T03:32:40.349+0600][25.829s][info][gc,heap     ] GC(23) Y: Heap Statistics:
[2026-04-03T03:32:40.349+0600][25.829s][info][gc,heap     ] GC(23) Y:                Mark Start          Mark End        Relocate Start      Relocate End           High               Low         
[2026-04-03T03:32:40.349+0600][25.829s][info][gc,heap     ] GC(23) Y:  Capacity:     1750M (100%)       1750M (100%)       1750M (100%)       1750M (100%)       1750M (100%)       1750M (100%)   
[2026-04-03T03:32:40.349+0600][25.829s][info][gc,heap     ] GC(23) Y:      Free:     1088M (62%)        1062M (61%)        1068M (61%)        1142M (65%)        1142M (65%)        1058M (60%)    
[2026-04-03T03:32:40.349+0600][25.829s][info][gc,heap     ] GC(23) Y:      Used:      662M (38%)         688M (39%)         682M (39%)         608M (35%)         692M (40%)         608M (35%)    
[2026-04-03T03:32:40.349+0600][25.829s][info][gc,heap     ] GC(23) Y: Young Generation Statistics:
[2026-04-03T03:32:40.349+0600][25.829s][info][gc,heap     ] GC(23) Y:                Mark Start          Mark End        Relocate Start      Relocate End    
[2026-04-03T03:32:40.349+0600][25.829s][info][gc,heap     ] GC(23) Y:      Used:      170M (10%)         196M (11%)         190M (11%)         110M (6%)     
[2026-04-03T03:32:40.349+0600][25.829s][info][gc,heap     ] GC(23) Y:      Live:         -                35M (2%)           35M (2%)           35M (2%)     
[2026-04-03T03:32:40.349+0600][25.829s][info][gc,heap     ] GC(23) Y:   Garbage:         -               134M (8%)          122M (7%)           25M (1%)     
[2026-04-03T03:32:40.349+0600][25.829s][info][gc,heap     ] GC(23) Y: Allocated:         -                26M (1%)           32M (2%)           48M (3%)     
[2026-04-03T03:32:40.349+0600][25.829s][info][gc,heap     ] GC(23) Y: Reclaimed:         -                  -                12M (1%)          108M (6%)     
[2026-04-03T03:32:40.349+0600][25.829s][info][gc,heap     ] GC(23) Y:  Promoted:         -                  -                 0M (0%)            0M (0%)     
[2026-04-03T03:32:40.349+0600][25.829s][info][gc,heap     ] GC(23) Y: Compacted:         -                  -                  -                11M (1%)     
[2026-04-03T03:32:40.349+0600][25.829s][info][gc,phases   ] GC(23) Y: Young Generation 662M(38%)->608M(35%) 0.117s
[2026-04-03T03:32:40.349+0600][25.829s][info][gc,phases   ] GC(23) O: Old Generation
[2026-04-03T03:32:40.680+0600][26.160s][info][gc          ] GC(24) Minor Collection (Allocation Rate)
[2026-04-03T03:32:40.680+0600][26.160s][info][gc,task     ] GC(24) Using 2 Workers for Young Generation
[2026-04-03T03:32:40.680+0600][26.160s][info][gc,phases   ] GC(24) y: Young Generation
[2026-04-03T03:32:40.681+0600][26.160s][info][gc,phases   ] GC(24) y: Pause Mark Start 0.034ms
[2026-04-03T03:32:40.948+0600][26.427s][info][gc,phases   ] GC(24) y: Concurrent Mark 266.806ms
[2026-04-03T03:32:40.948+0600][26.428s][info][gc,phases   ] GC(24) y: Pause Mark End 0.033ms
[2026-04-03T03:32:40.948+0600][26.428s][info][gc,phases   ] GC(24) y: Concurrent Mark Free 0.003ms
[2026-04-03T03:32:40.948+0600][26.428s][info][gc,phases   ] GC(24) y: Concurrent Reset Relocation Set 0.017ms
[2026-04-03T03:32:40.955+0600][26.434s][info][gc,reloc    ] GC(24) y: Using tenuring threshold: 3 (Computed)
[2026-04-03T03:32:40.976+0600][26.455s][info][gc,phases   ] GC(24) y: Concurrent Select Relocation Set 27.215ms
[2026-04-03T03:32:40.976+0600][26.456s][info][gc,phases   ] GC(24) y: Pause Relocate Start 0.026ms
[2026-04-03T03:32:41.102+0600][26.581s][info][gc,phases   ] GC(24) y: Concurrent Relocate 125.643ms
[2026-04-03T03:32:41.102+0600][26.581s][info][gc,alloc    ] GC(24) y:                         Mark Start        Mark End      Relocate Start    Relocate End   
[2026-04-03T03:32:41.102+0600][26.581s][info][gc,alloc    ] GC(24) y: Allocation Stalls:          0                0                0                0         
[2026-04-03T03:32:41.102+0600][26.581s][info][gc,load     ] GC(24) y: Load: 3.87 (32%) / 4.16 (35%) / 4.76 (40%)
[2026-04-03T03:32:41.102+0600][26.582s][info][gc,mmu      ] GC(24) y: MMU: 2ms/90.3%, 5ms/96.1%, 10ms/97.9%, 20ms/98.9%, 50ms/99.4%, 100ms/99.7%
[2026-04-03T03:32:41.102+0600][26.582s][info][gc,marking  ] GC(24) y: Mark: 2 stripe(s), 2 proactive flush(es), 1 terminate flush(es), 0 completion(s), 0 continuation(s) 
[2026-04-03T03:32:41.102+0600][26.582s][info][gc,marking  ] GC(24) y: Mark Stack Usage: 32M
[2026-04-03T03:32:41.102+0600][26.582s][info][gc,nmethod  ] GC(24) y: NMethods: 5424 registered, 110 unregistered
[2026-04-03T03:32:41.102+0600][26.582s][info][gc,metaspace] GC(24) y: Metaspace: 68M used, 69M committed, 1088M reserved
[2026-04-03T03:32:41.102+0600][26.582s][info][gc,reloc    ] GC(24) y:                        Candidates     Selected     In-Place         Size        Empty    Relocated 
[2026-04-03T03:32:41.102+0600][26.582s][info][gc,reloc    ] GC(24) y: Small Pages:                  125           98            0         250M           0M          29M 
[2026-04-03T03:32:41.102+0600][26.582s][info][gc,reloc    ] GC(24) y: Medium Pages:                   2            0            0          64M          32M           0M 
[2026-04-03T03:32:41.102+0600][26.582s][info][gc,reloc    ] GC(24) y: Large Pages:                    6            0            0          48M          18M           0M 
[2026-04-03T03:32:41.102+0600][26.582s][info][gc,reloc    ] GC(24) y: Forwarding Usage: 35M
[2026-04-03T03:32:41.102+0600][26.582s][info][gc,reloc    ] GC(24) y: Age Table:
[2026-04-03T03:32:41.102+0600][26.582s][info][gc,reloc    ] GC(24) y:                    Live             Garbage             Small              Medium             Large        
[2026-04-03T03:32:41.102+0600][26.582s][info][gc,reloc    ] GC(24) y: Eden              75M (4%)          214M (12%)        114 / 92             1 / 0              3 / 0        
[2026-04-03T03:32:41.102+0600][26.582s][info][gc,reloc    ] GC(24) y: Survivor 1         5M (0%)           64M (4%)          10 / 5              1 / 0              3 / 0        
[2026-04-03T03:32:41.102+0600][26.582s][info][gc,reloc    ] GC(24) y: Survivor 2         0M (0%)            1M (0%)           1 / 1              0 / 0              0 / 0        
[2026-04-03T03:32:41.102+0600][26.582s][info][gc,heap     ] GC(24) y: Min Capacity: 8M(0%)
[2026-04-03T03:32:41.102+0600][26.582s][info][gc,heap     ] GC(24) y: Max Capacity: 1750M(100%)
[2026-04-03T03:32:41.102+0600][26.582s][info][gc,heap     ] GC(24) y: Soft Max Capacity: 1750M(100%)
[2026-04-03T03:32:41.102+0600][26.582s][info][gc,heap     ] GC(24) y: Heap Statistics:
[2026-04-03T03:32:41.102+0600][26.582s][info][gc,heap     ] GC(24) y:                Mark Start          Mark End        Relocate Start      Relocate End           High               Low         
[2026-04-03T03:32:41.102+0600][26.582s][info][gc,heap     ] GC(24) y:  Capacity:     1750M (100%)       1750M (100%)       1750M (100%)       1750M (100%)       1750M (100%)       1750M (100%)   
[2026-04-03T03:32:41.102+0600][26.582s][info][gc,heap     ] GC(24) y:      Free:      890M (51%)         650M (37%)         682M (39%)         760M (43%)         890M (51%)         646M (37%)    
[2026-04-03T03:32:41.102+0600][26.582s][info][gc,heap     ] GC(24) y:      Used:      860M (49%)        1100M (63%)        1068M (61%)         990M (57%)        1104M (63%)         860M (49%)    
[2026-04-03T03:32:41.102+0600][26.582s][info][gc,heap     ] GC(24) y: Young Generation Statistics:
[2026-04-03T03:32:41.102+0600][26.582s][info][gc,heap     ] GC(24) y:                Mark Start          Mark End        Relocate Start      Relocate End    
[2026-04-03T03:32:41.102+0600][26.582s][info][gc,heap     ] GC(24) y:      Used:      362M (21%)         602M (34%)         570M (33%)         492M (28%)    
[2026-04-03T03:32:41.102+0600][26.582s][info][gc,heap     ] GC(24) y:      Live:         -                81M (5%)           81M (5%)           81M (5%)     
[2026-04-03T03:32:41.102+0600][26.582s][info][gc,heap     ] GC(24) y:   Garbage:         -               280M (16%)         230M (13%)          27M (2%)     
[2026-04-03T03:32:41.102+0600][26.582s][info][gc,heap     ] GC(24) y: Allocated:         -               240M (14%)         258M (15%)         382M (22%)    
[2026-04-03T03:32:41.102+0600][26.582s][info][gc,heap     ] GC(24) y: Reclaimed:         -                  -                50M (3%)          252M (14%)    
[2026-04-03T03:32:41.102+0600][26.582s][info][gc,heap     ] GC(24) y:  Promoted:         -                  -                 0M (0%)            0M (0%)     
[2026-04-03T03:32:41.102+0600][26.582s][info][gc,heap     ] GC(24) y: Compacted:         -                  -                  -                43M (2%)     
[2026-04-03T03:32:41.102+0600][26.582s][info][gc,phases   ] GC(24) y: Young Generation 860M(49%)->990M(57%) 0.422s
[2026-04-03T03:32:41.102+0600][26.582s][info][gc          ] GC(24) Minor Collection (Allocation Rate) 860M(49%)->992M(57%) 0.422s
[2026-04-03T03:32:41.102+0600][26.582s][info][gc          ] GC(25) Minor Collection (Allocation Rate)
[2026-04-03T03:32:41.103+0600][26.582s][info][gc,task     ] GC(25) Using 2 Workers for Young Generation
[2026-04-03T03:32:41.103+0600][26.582s][info][gc,phases   ] GC(25) y: Young Generation
[2026-04-03T03:32:41.103+0600][26.582s][info][gc,phases   ] GC(25) y: Pause Mark Start 0.025ms
[2026-04-03T03:32:41.201+0600][26.681s][info][gc,phases   ] GC(23) O: Concurrent Mark 851.988ms
[2026-04-03T03:32:41.202+0600][26.681s][info][gc,phases   ] GC(23) O: Pause Mark End 0.049ms
[2026-04-03T03:32:41.202+0600][26.681s][info][gc,phases   ] GC(23) O: Concurrent Mark Free 0.002ms
[2026-04-03T03:32:41.223+0600][26.703s][info][gc,phases   ] GC(23) O: Concurrent Process Non-Strong 21.173ms
[2026-04-03T03:32:41.223+0600][26.703s][info][gc,phases   ] GC(23) O: Concurrent Reset Relocation Set 0.004ms
[2026-04-03T03:32:41.228+0600][26.708s][info][gc,phases   ] GC(23) O: Concurrent Select Relocation Set 5.032ms
[2026-04-03T03:32:41.384+0600][26.863s][info][gc,phases   ] GC(25) y: Concurrent Mark 280.607ms
[2026-04-03T03:32:41.384+0600][26.863s][info][gc,phases   ] GC(25) y: Pause Mark End 0.028ms
[2026-04-03T03:32:41.384+0600][26.864s][info][gc,phases   ] GC(25) y: Concurrent Mark Free 0.002ms
[2026-04-03T03:32:41.384+0600][26.864s][info][gc,phases   ] GC(25) y: Concurrent Reset Relocation Set 0.034ms
[2026-04-03T03:32:41.390+0600][26.870s][info][gc,reloc    ] GC(25) y: Using tenuring threshold: 4 (Computed)
[2026-04-03T03:32:41.400+0600][26.879s][info][gc,phases   ] GC(25) y: Concurrent Select Relocation Set 15.465ms
[2026-04-03T03:32:41.400+0600][26.880s][info][gc,phases   ] GC(25) y: Pause Relocate Start 0.031ms
[2026-04-03T03:32:41.524+0600][27.003s][info][gc,phases   ] GC(25) y: Concurrent Relocate 123.327ms
[2026-04-03T03:32:41.524+0600][27.003s][info][gc,alloc    ] GC(25) y:                         Mark Start        Mark End      Relocate Start    Relocate End   
[2026-04-03T03:32:41.524+0600][27.004s][info][gc,alloc    ] GC(25) y: Allocation Stalls:          0                0                0                0         
[2026-04-03T03:32:41.524+0600][27.004s][info][gc,load     ] GC(25) y: Load: 3.87 (32%) / 4.16 (35%) / 4.76 (40%)
[2026-04-03T03:32:41.524+0600][27.004s][info][gc,mmu      ] GC(25) y: MMU: 2ms/90.3%, 5ms/96.1%, 10ms/97.9%, 20ms/98.9%, 50ms/99.4%, 100ms/99.7%
[2026-04-03T03:32:41.524+0600][27.004s][info][gc,marking  ] GC(25) y: Mark: 2 stripe(s), 2 proactive flush(es), 1 terminate flush(es), 0 completion(s), 0 continuation(s) 
[2026-04-03T03:32:41.524+0600][27.004s][info][gc,marking  ] GC(25) y: Mark Stack Usage: 32M
[2026-04-03T03:32:41.524+0600][27.004s][info][gc,nmethod  ] GC(25) y: NMethods: 5303 registered, 241 unregistered
[2026-04-03T03:32:41.524+0600][27.004s][info][gc,metaspace] GC(25) y: Metaspace: 68M used, 69M committed, 1088M reserved
[2026-04-03T03:32:41.524+0600][27.004s][info][gc,reloc    ] GC(25) y:                        Candidates     Selected     In-Place         Size        Empty    Relocated 
[2026-04-03T03:32:41.524+0600][27.004s][info][gc,reloc    ] GC(25) y: Small Pages:                  176          115            0         352M           0M          37M 
[2026-04-03T03:32:41.524+0600][27.004s][info][gc,reloc    ] GC(25) y: Medium Pages:                   2            0            0          64M          32M           0M 
[2026-04-03T03:32:41.524+0600][27.004s][info][gc,reloc    ] GC(25) y: Large Pages:                    9            0            0          78M          48M           0M 
[2026-04-03T03:32:41.524+0600][27.004s][info][gc,reloc    ] GC(25) y: Forwarding Usage: 44M
[2026-04-03T03:32:41.524+0600][27.004s][info][gc,reloc    ] GC(25) y: Age Table:
[2026-04-03T03:32:41.524+0600][27.004s][info][gc,reloc    ] GC(25) y:                    Live             Garbage             Small              Medium             Large        
[2026-04-03T03:32:41.524+0600][27.004s][info][gc,reloc    ] GC(25) y: Eden             109M (6%)          260M (15%)        145 / 99             1 / 0              6 / 0        
[2026-04-03T03:32:41.524+0600][27.004s][info][gc,reloc    ] GC(25) y: Survivor 1        21M (1%)           84M (5%)          22 / 9              1 / 0              3 / 0        
[2026-04-03T03:32:41.524+0600][27.004s][info][gc,reloc    ] GC(25) y: Survivor 2         0M (0%)           15M (1%)           8 / 6              0 / 0              0 / 0        
[2026-04-03T03:32:41.524+0600][27.004s][info][gc,reloc    ] GC(25) y: Survivor 3         0M (0%)            1M (0%)           1 / 1              0 / 0              0 / 0        
[2026-04-03T03:32:41.524+0600][27.004s][info][gc,heap     ] GC(25) y: Min Capacity: 8M(0%)
[2026-04-03T03:32:41.524+0600][27.004s][info][gc,heap     ] GC(25) y: Max Capacity: 1750M(100%)
[2026-04-03T03:32:41.524+0600][27.004s][info][gc,heap     ] GC(25) y: Soft Max Capacity: 1750M(100%)
[2026-04-03T03:32:41.524+0600][27.004s][info][gc,heap     ] GC(25) y: Heap Statistics:
[2026-04-03T03:32:41.524+0600][27.004s][info][gc,heap     ] GC(25) y:                Mark Start          Mark End        Relocate Start      Relocate End           High               Low         
[2026-04-03T03:32:41.524+0600][27.004s][info][gc,heap     ] GC(25) y:  Capacity:     1750M (100%)       1750M (100%)       1750M (100%)       1750M (100%)       1750M (100%)       1750M (100%)   
[2026-04-03T03:32:41.524+0600][27.004s][info][gc,heap     ] GC(25) y:      Free:      758M (43%)         692M (40%)         754M (43%)         872M (50%)         894M (51%)         624M (36%)    
[2026-04-03T03:32:41.524+0600][27.004s][info][gc,heap     ] GC(25) y:      Used:      992M (57%)        1058M (60%)         996M (57%)         878M (50%)        1126M (64%)         856M (49%)    
[2026-04-03T03:32:41.524+0600][27.004s][info][gc,heap     ] GC(25) y: Young Generation Statistics:
[2026-04-03T03:32:41.524+0600][27.004s][info][gc,heap     ] GC(25) y:                Mark Start          Mark End        Relocate Start      Relocate End    
[2026-04-03T03:32:41.524+0600][27.004s][info][gc,heap     ] GC(25) y:      Used:      494M (28%)         804M (46%)         742M (42%)         624M (36%)    
[2026-04-03T03:32:41.524+0600][27.004s][info][gc,heap     ] GC(25) y:      Live:         -               131M (8%)          131M (8%)          131M (8%)     
[2026-04-03T03:32:41.524+0600][27.004s][info][gc,heap     ] GC(25) y:   Garbage:         -               362M (21%)         282M (16%)          36M (2%)     
[2026-04-03T03:32:41.524+0600][27.004s][info][gc,heap     ] GC(25) y: Allocated:         -               310M (18%)         328M (19%)         455M (26%)    
[2026-04-03T03:32:41.524+0600][27.004s][info][gc,heap     ] GC(25) y: Reclaimed:         -                  -                80M (5%)          325M (19%)    
[2026-04-03T03:32:41.524+0600][27.004s][info][gc,heap     ] GC(25) y:  Promoted:         -                  -                 0M (0%)            0M (0%)     
[2026-04-03T03:32:41.524+0600][27.004s][info][gc,heap     ] GC(25) y: Compacted:         -                  -                  -                80M (5%)     
[2026-04-03T03:32:41.524+0600][27.004s][info][gc,phases   ] GC(25) y: Young Generation 992M(57%)->878M(50%) 0.421s
[2026-04-03T03:32:41.524+0600][27.004s][info][gc          ] GC(25) Minor Collection (Allocation Rate) 992M(57%)->880M(50%) 0.422s
[2026-04-03T03:32:41.524+0600][27.004s][info][gc,task     ] GC(23) O: Using 3 Workers for Old Generation
[2026-04-03T03:32:41.552+0600][27.031s][info][gc,task     ] GC(23) O: Using 1 Workers for Old Generation
[2026-04-03T03:32:41.552+0600][27.031s][info][gc,phases   ] GC(23) O: Concurrent Remap Roots 27.299ms
[2026-04-03T03:32:41.552+0600][27.032s][info][gc,phases   ] GC(23) O: Pause Relocate Start 0.034ms
[2026-04-03T03:32:41.584+0600][27.063s][info][gc,phases   ] GC(23) O: Concurrent Relocate 31.240ms
[2026-04-03T03:32:41.584+0600][27.063s][info][gc,alloc    ] GC(23) O:                         Mark Start        Mark End      Relocate Start    Relocate End   
[2026-04-03T03:32:41.584+0600][27.063s][info][gc,alloc    ] GC(23) O: Allocation Stalls:          0                0                0                0         
[2026-04-03T03:32:41.584+0600][27.064s][info][gc,load     ] GC(23) O: Load: 3.87 (32%) / 4.16 (35%) / 4.76 (40%)
[2026-04-03T03:32:41.584+0600][27.064s][info][gc,mmu      ] GC(23) O: MMU: 2ms/90.3%, 5ms/96.1%, 10ms/97.9%, 20ms/98.9%, 50ms/99.4%, 100ms/99.7%
[2026-04-03T03:32:41.584+0600][27.064s][info][gc,marking  ] GC(23) O: Mark: 1 stripe(s), 2 proactive flush(es), 1 terminate flush(es), 0 completion(s), 0 continuation(s) 
[2026-04-03T03:32:41.584+0600][27.064s][info][gc,marking  ] GC(23) O: Mark Stack Usage: 32M
[2026-04-03T03:32:41.584+0600][27.064s][info][gc,nmethod  ] GC(23) O: NMethods: 5303 registered, 241 unregistered
[2026-04-03T03:32:41.584+0600][27.064s][info][gc,metaspace] GC(23) O: Metaspace: 68M used, 69M committed, 1088M reserved
[2026-04-03T03:32:41.584+0600][27.064s][info][gc,ref      ] GC(23) O:                       Encountered   Discovered     Enqueued 
[2026-04-03T03:32:41.584+0600][27.064s][info][gc,ref      ] GC(23) O: Soft References:             4953            0            0 
[2026-04-03T03:32:41.584+0600][27.064s][info][gc,ref      ] GC(23) O: Weak References:             6684         4537           50 
[2026-04-03T03:32:41.584+0600][27.064s][info][gc,ref      ] GC(23) O: Final References:              82           48            0 
[2026-04-03T03:32:41.584+0600][27.064s][info][gc,ref      ] GC(23) O: Phantom References:           597          564            0 
[2026-04-03T03:32:41.584+0600][27.064s][info][gc,reloc    ] GC(23) O:                        Candidates     Selected     In-Place         Size        Empty    Relocated 
[2026-04-03T03:32:41.584+0600][27.064s][info][gc,reloc    ] GC(23) O: Small Pages:                  188           25            0         376M         160M           4M 
[2026-04-03T03:32:41.584+0600][27.064s][info][gc,reloc    ] GC(23) O: Medium Pages:                   1            0            0          32M           0M           0M 
[2026-04-03T03:32:41.584+0600][27.064s][info][gc,reloc    ] GC(23) O: Large Pages:                    6            0            0          84M          84M           0M 
[2026-04-03T03:32:41.584+0600][27.064s][info][gc,reloc    ] GC(23) O: Forwarding Usage: 5M
[2026-04-03T03:32:41.584+0600][27.064s][info][gc,heap     ] GC(23) O: Min Capacity: 8M(0%)
[2026-04-03T03:32:41.584+0600][27.064s][info][gc,heap     ] GC(23) O: Max Capacity: 1750M(100%)
[2026-04-03T03:32:41.584+0600][27.064s][info][gc,heap     ] GC(23) O: Soft Max Capacity: 1750M(100%)
[2026-04-03T03:32:41.584+0600][27.064s][info][gc,heap     ] GC(23) O: Heap Statistics:
[2026-04-03T03:32:41.584+0600][27.064s][info][gc,heap     ] GC(23) O:                Mark Start          Mark End        Relocate Start      Relocate End           High               Low         
[2026-04-03T03:32:41.584+0600][27.064s][info][gc,heap     ] GC(23) O:  Capacity:     1750M (100%)       1750M (100%)       1750M (100%)       1750M (100%)       1750M (100%)       1750M (100%)   
[2026-04-03T03:32:41.584+0600][27.064s][info][gc,heap     ] GC(23) O:      Free:     1088M (62%)         646M (37%)         852M (49%)         872M (50%)        1142M (65%)         624M (36%)    
[2026-04-03T03:32:41.584+0600][27.064s][info][gc,heap     ] GC(23) O:      Used:      662M (38%)        1104M (63%)         898M (51%)         878M (50%)        1126M (64%)         608M (35%)    
[2026-04-03T03:32:41.584+0600][27.064s][info][gc,heap     ] GC(23) O: Old Generation Statistics:
[2026-04-03T03:32:41.584+0600][27.064s][info][gc,heap     ] GC(23) O:                Mark Start          Mark End        Relocate Start      Relocate End    
[2026-04-03T03:32:41.584+0600][27.064s][info][gc,heap     ] GC(23) O:      Used:      492M (28%)         498M (28%)         254M (15%)         210M (12%)    
[2026-04-03T03:32:41.584+0600][27.064s][info][gc,heap     ] GC(23) O:      Live:         -               170M (10%)         170M (10%)         170M (10%)    
[2026-04-03T03:32:41.584+0600][27.064s][info][gc,heap     ] GC(23) O:   Garbage:         -               321M (18%)          77M (4%)           26M (2%)     
[2026-04-03T03:32:41.584+0600][27.064s][info][gc,heap     ] GC(23) O: Allocated:         -                 6M (0%)            6M (0%)           13M (1%)     
[2026-04-03T03:32:41.584+0600][27.064s][info][gc,heap     ] GC(23) O: Reclaimed:         -                  -               244M (14%)         295M (17%)    
[2026-04-03T03:32:41.584+0600][27.064s][info][gc,heap     ] GC(23) O: Compacted:         -                  -                  -                 8M (0%)     
[2026-04-03T03:32:41.584+0600][27.064s][info][gc,phases   ] GC(23) O: Old Generation 608M(35%)->878M(50%) 1.234s
[2026-04-03T03:32:41.584+0600][27.064s][info][gc          ] GC(23) Major Collection (Allocation Rate) 662M(38%)->880M(50%) 1.352s
[2026-04-03T03:32:41.679+0600][27.159s][info][gc          ] GC(26) Minor Collection (Allocation Rate)
[2026-04-03T03:32:41.679+0600][27.159s][info][gc,task     ] GC(26) Using 2 Workers for Young Generation
[2026-04-03T03:32:41.680+0600][27.159s][info][gc,phases   ] GC(26) y: Young Generation
[2026-04-03T03:32:41.680+0600][27.159s][info][gc,phases   ] GC(26) y: Pause Mark Start 0.041ms
[2026-04-03T03:32:42.109+0600][27.588s][info][gc,task     ] Adjusting Workers for Young Generation: 2 -> 3
[2026-04-03T03:32:42.214+0600][27.694s][info][gc,phases   ] GC(26) y: Concurrent Mark 534.183ms
[2026-04-03T03:32:42.214+0600][27.694s][info][gc,phases   ] GC(26) y: Pause Mark End 0.035ms
[2026-04-03T03:32:42.215+0600][27.694s][info][gc,phases   ] GC(26) y: Concurrent Mark Free 0.003ms
[2026-04-03T03:32:42.215+0600][27.694s][info][gc,phases   ] GC(26) y: Concurrent Reset Relocation Set 0.076ms
[2026-04-03T03:32:42.218+0600][27.698s][info][gc,reloc    ] GC(26) y: Using tenuring threshold: 2 (Computed)
[2026-04-03T03:32:42.237+0600][27.717s][info][gc,phases   ] GC(26) y: Concurrent Select Relocation Set 22.402ms
[2026-04-03T03:32:42.237+0600][27.717s][info][gc,phases   ] GC(26) y: Pause Relocate Start 0.021ms
[2026-04-03T03:32:42.347+0600][27.827s][info][gc,phases   ] GC(26) y: Concurrent Relocate 109.446ms
[2026-04-03T03:32:42.347+0600][27.827s][info][gc,alloc    ] GC(26) y:                         Mark Start        Mark End      Relocate Start    Relocate End   
[2026-04-03T03:32:42.347+0600][27.827s][info][gc,alloc    ] GC(26) y: Allocation Stalls:          0                0                0                0         
[2026-04-03T03:32:42.347+0600][27.827s][info][gc,load     ] GC(26) y: Load: 3.87 (32%) / 4.16 (35%) / 4.76 (40%)
[2026-04-03T03:32:42.347+0600][27.827s][info][gc,mmu      ] GC(26) y: MMU: 2ms/90.3%, 5ms/96.1%, 10ms/97.9%, 20ms/98.9%, 50ms/99.4%, 100ms/99.7%
[2026-04-03T03:32:42.347+0600][27.827s][info][gc,marking  ] GC(26) y: Mark: 2 stripe(s), 2 proactive flush(es), 1 terminate flush(es), 0 completion(s), 0 continuation(s) 
[2026-04-03T03:32:42.347+0600][27.827s][info][gc,marking  ] GC(26) y: Mark Stack Usage: 32M
[2026-04-03T03:32:42.347+0600][27.827s][info][gc,nmethod  ] GC(26) y: NMethods: 5310 registered, 241 unregistered
[2026-04-03T03:32:42.347+0600][27.827s][info][gc,metaspace] GC(26) y: Metaspace: 68M used, 69M committed, 1088M reserved
[2026-04-03T03:32:42.347+0600][27.827s][info][gc,reloc    ] GC(26) y:                        Candidates     Selected     In-Place         Size        Empty    Relocated 
[2026-04-03T03:32:42.347+0600][27.827s][info][gc,reloc    ] GC(26) y: Small Pages:                  298          224            0         596M           0M          37M 
[2026-04-03T03:32:42.347+0600][27.827s][info][gc,reloc    ] GC(26) y: Medium Pages:                   2            0            0          64M          64M           0M 
[2026-04-03T03:32:42.347+0600][27.827s][info][gc,reloc    ] GC(26) y: Large Pages:                    9            0            0          78M          12M           0M 
[2026-04-03T03:32:42.347+0600][27.827s][info][gc,reloc    ] GC(26) y: Forwarding Usage: 35M
[2026-04-03T03:32:42.347+0600][27.827s][info][gc,reloc    ] GC(26) y: Age Table:
[2026-04-03T03:32:42.347+0600][27.827s][info][gc,reloc    ] GC(26) y:                    Live             Garbage             Small              Medium             Large        
[2026-04-03T03:32:42.347+0600][27.827s][info][gc,reloc    ] GC(26) y: Eden              72M (4%)          471M (27%)        232 / 211            1 / 0              6 / 0        
[2026-04-03T03:32:42.347+0600][27.827s][info][gc,reloc    ] GC(26) y: Survivor 1       107M (6%)           44M (3%)          45 / 5              1 / 0              3 / 0        
[2026-04-03T03:32:42.347+0600][27.827s][info][gc,reloc    ] GC(26) y: Survivor 2        21M (1%)            8M (0%)          15 / 3              0 / 0              0 / 0        
[2026-04-03T03:32:42.347+0600][27.827s][info][gc,reloc    ] GC(26) y: Survivor 3         0M (0%)            9M (1%)           5 / 4              0 / 0              0 / 0        
[2026-04-03T03:32:42.347+0600][27.827s][info][gc,reloc    ] GC(26) y: Survivor 4         0M (0%)            1M (0%)           1 / 1              0 / 0              0 / 0        
[2026-04-03T03:32:42.347+0600][27.827s][info][gc,heap     ] GC(26) y: Min Capacity: 8M(0%)
[2026-04-03T03:32:42.347+0600][27.827s][info][gc,heap     ] GC(26) y: Max Capacity: 1750M(100%)
[2026-04-03T03:32:42.347+0600][27.827s][info][gc,heap     ] GC(26) y: Soft Max Capacity: 1750M(100%)
[2026-04-03T03:32:42.347+0600][27.827s][info][gc,heap     ] GC(26) y: Heap Statistics:
[2026-04-03T03:32:42.347+0600][27.827s][info][gc,heap     ] GC(26) y:                Mark Start          Mark End        Relocate Start      Relocate End           High               Low         
[2026-04-03T03:32:42.348+0600][27.827s][info][gc,heap     ] GC(26) y:  Capacity:     1750M (100%)       1750M (100%)       1750M (100%)       1750M (100%)       1750M (100%)       1750M (100%)   
[2026-04-03T03:32:42.348+0600][27.827s][info][gc,heap     ] GC(26) y:      Free:      802M (46%)         306M (17%)         364M (21%)         738M (42%)         802M (46%)         304M (17%)    
[2026-04-03T03:32:42.348+0600][27.827s][info][gc,heap     ] GC(26) y:      Used:      948M (54%)        1444M (83%)        1386M (79%)        1012M (58%)        1446M (83%)         948M (54%)    
[2026-04-03T03:32:42.348+0600][27.827s][info][gc,heap     ] GC(26) y: Young Generation Statistics:
[2026-04-03T03:32:42.348+0600][27.827s][info][gc,heap     ] GC(26) y:                Mark Start          Mark End        Relocate Start      Relocate End    
[2026-04-03T03:32:42.348+0600][27.827s][info][gc,heap     ] GC(26) y:      Used:      738M (42%)        1234M (71%)        1156M (66%)         774M (44%)    
[2026-04-03T03:32:42.348+0600][27.827s][info][gc,heap     ] GC(26) y:      Live:         -               202M (12%)         184M (11%)         180M (10%)    
[2026-04-03T03:32:42.348+0600][27.827s][info][gc,heap     ] GC(26) y:   Garbage:         -               535M (31%)         457M (26%)           2M (0%)     
[2026-04-03T03:32:42.348+0600][27.827s][info][gc,heap     ] GC(26) y: Allocated:         -               496M (28%)         514M (29%)         590M (34%)    
[2026-04-03T03:32:42.348+0600][27.827s][info][gc,heap     ] GC(26) y: Reclaimed:         -                  -                77M (4%)          532M (30%)    
[2026-04-03T03:32:42.348+0600][27.827s][info][gc,heap     ] GC(26) y:  Promoted:         -                  -                18M (1%)           22M (1%)     
[2026-04-03T03:32:42.348+0600][27.827s][info][gc,heap     ] GC(26) y: Compacted:         -                  -                  -                41M (2%)     
[2026-04-03T03:32:42.348+0600][27.827s][info][gc,phases   ] GC(26) y: Young Generation 948M(54%)->1012M(58%) 0.668s
[2026-04-03T03:32:42.348+0600][27.827s][info][gc          ] GC(26) Minor Collection (Allocation Rate) 948M(54%)->1012M(58%) 0.668s
[2026-04-03T03:32:42.348+0600][27.827s][info][gc          ] GC(27) Minor Collection (Allocation Rate)
[2026-04-03T03:32:42.348+0600][27.827s][info][gc,task     ] GC(27) Using 3 Workers for Young Generation
[2026-04-03T03:32:42.348+0600][27.827s][info][gc,phases   ] GC(27) y: Young Generation
[2026-04-03T03:32:42.348+0600][27.828s][info][gc,phases   ] GC(27) y: Pause Mark Start 0.031ms
[2026-04-03T03:32:42.920+0600][28.400s][info][gc,phases   ] GC(27) y: Concurrent Mark 571.791ms
[2026-04-03T03:32:42.920+0600][28.400s][info][gc,phases   ] GC(27) y: Pause Mark End 0.033ms
[2026-04-03T03:32:42.921+0600][28.400s][info][gc,phases   ] GC(27) y: Concurrent Mark Free 0.002ms
[2026-04-03T03:32:42.921+0600][28.400s][info][gc,phases   ] GC(27) y: Concurrent Reset Relocation Set 0.074ms
[2026-04-03T03:32:42.923+0600][28.402s][info][gc,reloc    ] GC(27) y: Using tenuring threshold: 1 (Computed)
[2026-04-03T03:32:43.023+0600][28.502s][info][gc,phases   ] GC(27) y: Concurrent Select Relocation Set 102.113ms
[2026-04-03T03:32:43.023+0600][28.503s][info][gc,phases   ] GC(27) y: Pause Relocate Start 0.034ms
[2026-04-03T03:32:43.347+0600][28.827s][info][gc,phases   ] GC(27) y: Concurrent Relocate 324.006ms
[2026-04-03T03:32:43.347+0600][28.827s][info][gc,alloc    ] GC(27) y:                         Mark Start        Mark End      Relocate Start    Relocate End   
[2026-04-03T03:32:43.347+0600][28.827s][info][gc,alloc    ] GC(27) y: Allocation Stalls:          0                0                0                0         
[2026-04-03T03:32:43.348+0600][28.827s][info][gc,load     ] GC(27) y: Load: 3.87 (32%) / 4.16 (35%) / 4.76 (40%)
[2026-04-03T03:32:43.348+0600][28.827s][info][gc,mmu      ] GC(27) y: MMU: 2ms/90.3%, 5ms/96.1%, 10ms/97.9%, 20ms/98.9%, 50ms/99.4%, 100ms/99.7%
[2026-04-03T03:32:43.348+0600][28.827s][info][gc,marking  ] GC(27) y: Mark: 2 stripe(s), 10 proactive flush(es), 1 terminate flush(es), 0 completion(s), 0 continuation(s) 
[2026-04-03T03:32:43.348+0600][28.827s][info][gc,marking  ] GC(27) y: Mark Stack Usage: 32M
[2026-04-03T03:32:43.348+0600][28.827s][info][gc,nmethod  ] GC(27) y: NMethods: 5315 registered, 241 unregistered
[2026-04-03T03:32:43.348+0600][28.827s][info][gc,metaspace] GC(27) y: Metaspace: 68M used, 69M committed, 1088M reserved
[2026-04-03T03:32:43.348+0600][28.827s][info][gc,reloc    ] GC(27) y:                        Candidates     Selected     In-Place         Size        Empty    Relocated 
[2026-04-03T03:32:43.348+0600][28.827s][info][gc,reloc    ] GC(27) y: Small Pages:                  354          276            0         708M           0M          34M 
[2026-04-03T03:32:43.348+0600][28.827s][info][gc,reloc    ] GC(27) y: Medium Pages:                   0            0            0           0M           0M           0M 
[2026-04-03T03:32:43.348+0600][28.827s][info][gc,reloc    ] GC(27) y: Large Pages:                    7            0            0          66M           6M           0M 
[2026-04-03T03:32:43.348+0600][28.827s][info][gc,reloc    ] GC(27) y: Forwarding Usage: 39M
[2026-04-03T03:32:43.348+0600][28.827s][info][gc,reloc    ] GC(27) y: Age Table:
[2026-04-03T03:32:43.348+0600][28.827s][info][gc,reloc    ] GC(27) y:                    Live             Garbage             Small              Medium             Large        
[2026-04-03T03:32:43.348+0600][28.827s][info][gc,reloc    ] GC(27) y: Eden              33M (2%)          540M (31%)        287 / 268            0 / 0              0 / 0        
[2026-04-03T03:32:43.348+0600][28.827s][info][gc,reloc    ] GC(27) y: Survivor 1        60M (3%)           19M (1%)          22 / 4              0 / 0              4 / 0        
[2026-04-03T03:32:43.348+0600][28.827s][info][gc,reloc    ] GC(27) y: Survivor 2       107M (6%)           12M (1%)          45 / 4              0 / 0              3 / 0        
[2026-04-03T03:32:43.348+0600][28.827s][info][gc,heap     ] GC(27) y: Min Capacity: 8M(0%)
[2026-04-03T03:32:43.348+0600][28.827s][info][gc,heap     ] GC(27) y: Max Capacity: 1750M(100%)
[2026-04-03T03:32:43.348+0600][28.827s][info][gc,heap     ] GC(27) y: Soft Max Capacity: 1750M(100%)
[2026-04-03T03:32:43.348+0600][28.827s][info][gc,heap     ] GC(27) y: Heap Statistics:
[2026-04-03T03:32:43.348+0600][28.827s][info][gc,heap     ] GC(27) y:                Mark Start          Mark End        Relocate Start      Relocate End           High               Low         
[2026-04-03T03:32:43.348+0600][28.827s][info][gc,heap     ] GC(27) y:  Capacity:     1750M (100%)       1750M (100%)       1750M (100%)       1750M (100%)       1750M (100%)       1750M (100%)   
[2026-04-03T03:32:43.348+0600][28.827s][info][gc,heap     ] GC(27) y:      Free:      738M (42%)         342M (20%)         286M (16%)         712M (41%)         804M (46%)         276M (16%)    
[2026-04-03T03:32:43.348+0600][28.827s][info][gc,heap     ] GC(27) y:      Used:     1012M (58%)        1408M (80%)        1464M (84%)        1038M (59%)        1474M (84%)         946M (54%)    
[2026-04-03T03:32:43.348+0600][28.827s][info][gc,heap     ] GC(27) y: Young Generation Statistics:
[2026-04-03T03:32:43.348+0600][28.827s][info][gc,heap     ] GC(27) y:                Mark Start          Mark End        Relocate Start      Relocate End    
[2026-04-03T03:32:43.348+0600][28.827s][info][gc,heap     ] GC(27) y:      Used:      774M (44%)        1170M (67%)        1056M (60%)         620M (35%)    
[2026-04-03T03:32:43.348+0600][28.827s][info][gc,heap     ] GC(27) y:      Live:         -               201M (12%)          40M (2%)           33M (2%)     
[2026-04-03T03:32:43.348+0600][28.827s][info][gc,heap     ] GC(27) y:   Garbage:         -               572M (33%)         557M (32%)           0M (0%)     
[2026-04-03T03:32:43.348+0600][28.827s][info][gc,heap     ] GC(27) y: Allocated:         -               396M (23%)         458M (26%)         586M (34%)    
[2026-04-03T03:32:43.348+0600][28.828s][info][gc,heap     ] GC(27) y: Reclaimed:         -                  -                14M (1%)          572M (33%)    
[2026-04-03T03:32:43.348+0600][28.828s][info][gc,heap     ] GC(27) y:  Promoted:         -                  -               161M (9%)          168M (10%)    
[2026-04-03T03:32:43.348+0600][28.828s][info][gc,heap     ] GC(27) y: Compacted:         -                  -                  -                33M (2%)     
[2026-04-03T03:32:43.348+0600][28.828s][info][gc,phases   ] GC(27) y: Young Generation 1012M(58%)->1038M(59%) 1.000s
[2026-04-03T03:32:43.348+0600][28.828s][info][gc          ] GC(27) Minor Collection (Allocation Rate) 1012M(58%)->1038M(59%) 1.000s
[2026-04-03T03:32:43.348+0600][28.828s][info][gc          ] GC(28) Major Collection (Allocation Rate)
[2026-04-03T03:32:43.348+0600][28.828s][info][gc,task     ] GC(28) Using 3 Workers for Young Generation
[2026-04-03T03:32:43.348+0600][28.828s][info][gc,task     ] GC(28) Using 2 Workers for Old Generation
[2026-04-03T03:32:43.348+0600][28.828s][info][gc,phases   ] GC(28) Y: Young Generation
[2026-04-03T03:32:43.349+0600][28.828s][info][gc,phases   ] GC(28) Y: Pause Mark Start (Major) 0.038ms
[2026-04-03T03:32:43.809+0600][29.289s][info][gc,phases   ] GC(28) Y: Concurrent Mark 460.497ms
[2026-04-03T03:32:43.810+0600][29.289s][info][gc,phases   ] GC(28) Y: Pause Mark End 0.030ms
[2026-04-03T03:32:43.810+0600][29.289s][info][gc,phases   ] GC(28) Y: Concurrent Mark Free 0.001ms
[2026-04-03T03:32:43.810+0600][29.289s][info][gc,phases   ] GC(28) Y: Concurrent Reset Relocation Set 0.190ms
[2026-04-03T03:32:43.812+0600][29.292s][info][gc,reloc    ] GC(28) Y: Using tenuring threshold: 2 (Computed)
[2026-04-03T03:32:43.817+0600][29.297s][info][gc,phases   ] GC(28) Y: Concurrent Select Relocation Set 7.238ms
[2026-04-03T03:32:43.817+0600][29.297s][info][gc,phases   ] GC(28) Y: Pause Relocate Start 0.030ms
[2026-04-03T03:32:43.888+0600][29.367s][info][gc,phases   ] GC(28) Y: Concurrent Relocate 70.070ms
[2026-04-03T03:32:43.888+0600][29.367s][info][gc,alloc    ] GC(28) Y:                         Mark Start        Mark End      Relocate Start    Relocate End   
[2026-04-03T03:32:43.888+0600][29.368s][info][gc,alloc    ] GC(28) Y: Allocation Stalls:          0                0                0                0         
[2026-04-03T03:32:43.888+0600][29.368s][info][gc,load     ] GC(28) Y: Load: 3.87 (32%) / 4.16 (35%) / 4.76 (40%)
[2026-04-03T03:32:43.888+0600][29.368s][info][gc,mmu      ] GC(28) Y: MMU: 2ms/90.3%, 5ms/96.1%, 10ms/97.9%, 20ms/98.9%, 50ms/99.4%, 100ms/99.7%
[2026-04-03T03:32:43.888+0600][29.368s][info][gc,marking  ] GC(28) Y: Mark: 2 stripe(s), 9 proactive flush(es), 1 terminate flush(es), 0 completion(s), 0 continuation(s) 
[2026-04-03T03:32:43.888+0600][29.368s][info][gc,marking  ] GC(28) Y: Mark Stack Usage: 32M
[2026-04-03T03:32:43.888+0600][29.368s][info][gc,nmethod  ] GC(28) Y: NMethods: 5317 registered, 241 unregistered
[2026-04-03T03:32:43.888+0600][29.368s][info][gc,metaspace] GC(28) Y: Metaspace: 68M used, 69M committed, 1088M reserved
[2026-04-03T03:32:43.888+0600][29.368s][info][gc,reloc    ] GC(28) Y:                        Candidates     Selected     In-Place         Size        Empty    Relocated 
[2026-04-03T03:32:43.888+0600][29.368s][info][gc,reloc    ] GC(28) Y: Small Pages:                  267          233            0         534M           2M          28M 
[2026-04-03T03:32:43.888+0600][29.368s][info][gc,reloc    ] GC(28) Y: Medium Pages:                   1            0            0          32M           0M           0M 
[2026-04-03T03:32:43.888+0600][29.368s][info][gc,reloc    ] GC(28) Y: Large Pages:                    3            0            0          54M           0M           0M 
[2026-04-03T03:32:43.888+0600][29.368s][info][gc,reloc    ] GC(28) Y: Forwarding Usage: 31M
[2026-04-03T03:32:43.888+0600][29.368s][info][gc,reloc    ] GC(28) Y: Age Table:
[2026-04-03T03:32:43.888+0600][29.368s][info][gc,reloc    ] GC(28) Y:                    Live             Garbage             Small              Medium             Large        
[2026-04-03T03:32:43.888+0600][29.368s][info][gc,reloc    ] GC(28) Y: Eden              84M (5%)          493M (28%)        246 / 228            1 / 0              3 / 0        
[2026-04-03T03:32:43.888+0600][29.368s][info][gc,reloc    ] GC(28) Y: Survivor 1        28M (2%)           13M (1%)          21 / 5              0 / 0              0 / 0        
[2026-04-03T03:32:43.888+0600][29.368s][info][gc,heap     ] GC(28) Y: Min Capacity: 8M(0%)
[2026-04-03T03:32:43.888+0600][29.368s][info][gc,heap     ] GC(28) Y: Max Capacity: 1750M(100%)
[2026-04-03T03:32:43.888+0600][29.368s][info][gc,heap     ] GC(28) Y: Soft Max Capacity: 1750M(100%)
[2026-04-03T03:32:43.888+0600][29.368s][info][gc,heap     ] GC(28) Y: Heap Statistics:
[2026-04-03T03:32:43.888+0600][29.368s][info][gc,heap     ] GC(28) Y:                Mark Start          Mark End        Relocate Start      Relocate End           High               Low         
[2026-04-03T03:32:43.888+0600][29.368s][info][gc,heap     ] GC(28) Y:  Capacity:     1750M (100%)       1750M (100%)       1750M (100%)       1750M (100%)       1750M (100%)       1750M (100%)   
[2026-04-03T03:32:43.888+0600][29.368s][info][gc,heap     ] GC(28) Y:      Free:      712M (41%)         676M (39%)         678M (39%)        1128M (64%)        1128M (64%)         662M (38%)    
[2026-04-03T03:32:43.888+0600][29.368s][info][gc,heap     ] GC(28) Y:      Used:     1038M (59%)        1074M (61%)        1072M (61%)         622M (36%)        1088M (62%)         622M (36%)    
[2026-04-03T03:32:43.888+0600][29.368s][info][gc,heap     ] GC(28) Y: Young Generation Statistics:
[2026-04-03T03:32:43.888+0600][29.368s][info][gc,heap     ] GC(28) Y:                Mark Start          Mark End        Relocate Start      Relocate End    
[2026-04-03T03:32:43.888+0600][29.368s][info][gc,heap     ] GC(28) Y:      Used:      620M (35%)         656M (37%)         654M (37%)         204M (12%)    
[2026-04-03T03:32:43.888+0600][29.368s][info][gc,heap     ] GC(28) Y:      Live:         -               112M (6%)          112M (6%)          112M (6%)     
[2026-04-03T03:32:43.888+0600][29.368s][info][gc,heap     ] GC(28) Y:   Garbage:         -               507M (29%)         505M (29%)          34M (2%)     
[2026-04-03T03:32:43.888+0600][29.368s][info][gc,heap     ] GC(28) Y: Allocated:         -                36M (2%)           36M (2%)           56M (3%)     
[2026-04-03T03:32:43.888+0600][29.368s][info][gc,heap     ] GC(28) Y: Reclaimed:         -                  -                 2M (0%)          472M (27%)    
[2026-04-03T03:32:43.888+0600][29.368s][info][gc,heap     ] GC(28) Y:  Promoted:         -                  -                 0M (0%)            0M (0%)     
[2026-04-03T03:32:43.888+0600][29.368s][info][gc,heap     ] GC(28) Y: Compacted:         -                  -                  -                31M (2%)     
[2026-04-03T03:32:43.888+0600][29.368s][info][gc,phases   ] GC(28) Y: Young Generation 1038M(59%)->622M(36%) 0.540s
[2026-04-03T03:32:43.888+0600][29.368s][info][gc,phases   ] GC(28) O: Old Generation
[2026-04-03T03:32:43.898+0600][29.378s][info][gc          ] GC(29) Minor Collection (Allocation Rate)
[2026-04-03T03:32:43.898+0600][29.378s][info][gc,task     ] GC(29) Using 1 Workers for Young Generation
[2026-04-03T03:32:43.898+0600][29.378s][info][gc,phases   ] GC(29) y: Young Generation
[2026-04-03T03:32:43.899+0600][29.378s][info][gc,phases   ] GC(29) y: Pause Mark Start 0.044ms
[2026-04-03T03:32:44.570+0600][30.050s][info][gc,phases   ] GC(28) O: Concurrent Mark 681.629ms
[2026-04-03T03:32:44.571+0600][30.050s][info][gc,phases   ] GC(28) O: Pause Mark End 0.041ms
[2026-04-03T03:32:44.571+0600][30.050s][info][gc,phases   ] GC(28) O: Concurrent Mark Free 0.004ms
[2026-04-03T03:32:44.599+0600][30.079s][info][gc,phases   ] GC(28) O: Concurrent Process Non-Strong 28.046ms
[2026-04-03T03:32:44.599+0600][30.079s][info][gc,phases   ] GC(28) O: Concurrent Reset Relocation Set 0.009ms
[2026-04-03T03:32:44.622+0600][30.102s][info][gc,phases   ] GC(28) O: Concurrent Select Relocation Set 23.426ms
[2026-04-03T03:32:44.749+0600][30.228s][info][gc,phases   ] GC(29) y: Concurrent Mark 849.791ms
[2026-04-03T03:32:44.749+0600][30.229s][info][gc,phases   ] GC(29) y: Pause Mark End 0.020ms
[2026-04-03T03:32:44.749+0600][30.229s][info][gc,phases   ] GC(29) y: Concurrent Mark Free 0.002ms
[2026-04-03T03:32:44.749+0600][30.229s][info][gc,phases   ] GC(29) y: Concurrent Reset Relocation Set 0.027ms
[2026-04-03T03:32:44.751+0600][30.231s][info][gc,reloc    ] GC(29) y: Using tenuring threshold: 1 (Computed)
[2026-04-03T03:32:44.881+0600][30.360s][info][gc,phases   ] GC(29) y: Concurrent Select Relocation Set 131.158ms
[2026-04-03T03:32:44.881+0600][30.361s][info][gc,phases   ] GC(29) y: Pause Relocate Start 0.023ms
[2026-04-03T03:32:45.198+0600][30.677s][info][gc,phases   ] GC(29) y: Concurrent Relocate 316.357ms
[2026-04-03T03:32:45.198+0600][30.677s][info][gc,alloc    ] GC(29) y:                         Mark Start        Mark End      Relocate Start    Relocate End   
[2026-04-03T03:32:45.198+0600][30.677s][info][gc,alloc    ] GC(29) y: Allocation Stalls:          0                0                0                0         
[2026-04-03T03:32:45.198+0600][30.677s][info][gc,load     ] GC(29) y: Load: 3.87 (32%) / 4.16 (35%) / 4.76 (40%)
[2026-04-03T03:32:45.198+0600][30.677s][info][gc,mmu      ] GC(29) y: MMU: 2ms/90.3%, 5ms/96.1%, 10ms/97.9%, 20ms/98.9%, 50ms/99.4%, 100ms/99.7%
[2026-04-03T03:32:45.198+0600][30.677s][info][gc,marking  ] GC(29) y: Mark: 1 stripe(s), 2 proactive flush(es), 1 terminate flush(es), 0 completion(s), 0 continuation(s) 
[2026-04-03T03:32:45.198+0600][30.677s][info][gc,marking  ] GC(29) y: Mark Stack Usage: 32M
[2026-04-03T03:32:45.198+0600][30.677s][info][gc,nmethod  ] GC(29) y: NMethods: 5466 registered, 269 unregistered
[2026-04-03T03:32:45.198+0600][30.677s][info][gc,metaspace] GC(29) y: Metaspace: 68M used, 69M committed, 1088M reserved
[2026-04-03T03:32:45.198+0600][30.677s][info][gc,reloc    ] GC(29) y:                        Candidates     Selected     In-Place         Size        Empty    Relocated 
[2026-04-03T03:32:45.198+0600][30.677s][info][gc,reloc    ] GC(29) y: Small Pages:                   43           12            0          86M           0M           4M 
[2026-04-03T03:32:45.198+0600][30.677s][info][gc,reloc    ] GC(29) y: Medium Pages:                   2            0            0          64M          32M           0M 
[2026-04-03T03:32:45.198+0600][30.677s][info][gc,reloc    ] GC(29) y: Large Pages:                    3            0            0          54M           0M           0M 
[2026-04-03T03:32:45.198+0600][30.677s][info][gc,reloc    ] GC(29) y: Forwarding Usage: 6M
[2026-04-03T03:32:45.198+0600][30.677s][info][gc,reloc    ] GC(29) y: Age Table:
[2026-04-03T03:32:45.198+0600][30.677s][info][gc,reloc    ] GC(29) y:                    Live             Garbage             Small              Medium             Large        
[2026-04-03T03:32:45.198+0600][30.677s][info][gc,reloc    ] GC(29) y: Eden               5M (0%)           30M (2%)           2 / 1              1 / 0              0 / 0        
[2026-04-03T03:32:45.198+0600][30.677s][info][gc,reloc    ] GC(29) y: Survivor 1        78M (5%)           45M (3%)          19 / 5              1 / 0              3 / 0        
[2026-04-03T03:32:45.198+0600][30.677s][info][gc,reloc    ] GC(29) y: Survivor 2        26M (2%)           17M (1%)          22 / 6              0 / 0              0 / 0        
[2026-04-03T03:32:45.198+0600][30.677s][info][gc,heap     ] GC(29) y: Min Capacity: 8M(0%)
[2026-04-03T03:32:45.198+0600][30.677s][info][gc,heap     ] GC(29) y: Max Capacity: 1750M(100%)
[2026-04-03T03:32:45.198+0600][30.677s][info][gc,heap     ] GC(29) y: Soft Max Capacity: 1750M(100%)
[2026-04-03T03:32:45.198+0600][30.677s][info][gc,heap     ] GC(29) y: Heap Statistics:
[2026-04-03T03:32:45.198+0600][30.677s][info][gc,heap     ] GC(29) y:                Mark Start          Mark End        Relocate Start      Relocate End           High               Low         
[2026-04-03T03:32:45.198+0600][30.677s][info][gc,heap     ] GC(29) y:  Capacity:     1750M (100%)       1750M (100%)       1750M (100%)       1750M (100%)       1750M (100%)       1750M (100%)   
[2026-04-03T03:32:45.198+0600][30.677s][info][gc,heap     ] GC(29) y:      Free:     1128M (64%)        1174M (67%)        1124M (64%)         970M (55%)        1206M (69%)         970M (55%)    
[2026-04-03T03:32:45.198+0600][30.678s][info][gc,heap     ] GC(29) y:      Used:      622M (36%)         576M (33%)         626M (36%)         780M (45%)         780M (45%)         544M (31%)    
[2026-04-03T03:32:45.198+0600][30.678s][info][gc,heap     ] GC(29) y: Young Generation Statistics:
[2026-04-03T03:32:45.198+0600][30.678s][info][gc,heap     ] GC(29) y:                Mark Start          Mark End        Relocate Start      Relocate End    
[2026-04-03T03:32:45.198+0600][30.678s][info][gc,heap     ] GC(29) y:      Used:      204M (12%)         294M (17%)         236M (13%)         382M (22%)    
[2026-04-03T03:32:45.198+0600][30.678s][info][gc,heap     ] GC(29) y:      Live:         -               110M (6%)           11M (1%)            5M (0%)     
[2026-04-03T03:32:45.198+0600][30.678s][info][gc,heap     ] GC(29) y:   Garbage:         -                93M (5%)           52M (3%)           26M (2%)     
[2026-04-03T03:32:45.198+0600][30.678s][info][gc,heap     ] GC(29) y: Allocated:         -                90M (5%)          172M (10%)         349M (20%)    
[2026-04-03T03:32:45.198+0600][30.678s][info][gc,heap     ] GC(29) y: Reclaimed:         -                  -                41M (2%)           66M (4%)     
[2026-04-03T03:32:45.198+0600][30.678s][info][gc,heap     ] GC(29) y:  Promoted:         -                  -                98M (6%)          105M (6%)     
[2026-04-03T03:32:45.198+0600][30.678s][info][gc,heap     ] GC(29) y: Compacted:         -                  -                  -                 0M (0%)     
[2026-04-03T03:32:45.198+0600][30.678s][info][gc,phases   ] GC(29) y: Young Generation 622M(36%)->780M(45%) 1.299s
[2026-04-03T03:32:45.198+0600][30.678s][info][gc          ] GC(29) Minor Collection (Allocation Rate) 622M(36%)->780M(45%) 1.300s
[2026-04-03T03:32:45.198+0600][30.678s][info][gc,task     ] GC(28) O: Using 3 Workers for Old Generation
[2026-04-03T03:32:45.225+0600][30.705s][info][gc,task     ] GC(28) O: Using 2 Workers for Old Generation
[2026-04-03T03:32:45.225+0600][30.705s][info][gc,phases   ] GC(28) O: Concurrent Remap Roots 27.158ms
[2026-04-03T03:32:45.226+0600][30.705s][info][gc,phases   ] GC(28) O: Pause Relocate Start 0.063ms
[2026-04-03T03:32:45.226+0600][30.705s][info][gc          ] GC(30) Minor Collection (Allocation Rate)
[2026-04-03T03:32:45.226+0600][30.705s][info][gc,task     ] GC(30) Using 1 Workers for Young Generation
[2026-04-03T03:32:45.226+0600][30.705s][info][gc,phases   ] GC(30) y: Young Generation
[2026-04-03T03:32:45.226+0600][30.706s][info][gc,phases   ] GC(30) y: Pause Mark Start 0.046ms
[2026-04-03T03:32:45.323+0600][30.803s][info][gc,phases   ] GC(28) O: Concurrent Relocate 97.462ms
[2026-04-03T03:32:45.326+0600][30.806s][info][gc,task     ] Adjusting Workers for Young Generation: 1 -> 3
[2026-04-03T03:32:45.447+0600][30.927s][info][gc,phases   ] GC(30) y: Concurrent Mark 220.842ms
[2026-04-03T03:32:45.448+0600][30.928s][info][gc,phases   ] GC(30) y: Pause Mark End 0.032ms
[2026-04-03T03:32:45.448+0600][30.928s][info][gc,phases   ] GC(30) y: Concurrent Mark Free 0.003ms
[2026-04-03T03:32:45.449+0600][30.928s][info][gc,phases   ] GC(30) y: Concurrent Reset Relocation Set 0.082ms
[2026-04-03T03:32:45.455+0600][30.935s][info][gc,reloc    ] GC(30) y: Using tenuring threshold: 1 (Computed)
[2026-04-03T03:32:45.466+0600][30.946s][info][gc,phases   ] GC(30) y: Concurrent Select Relocation Set 17.630ms
[2026-04-03T03:32:45.467+0600][30.946s][info][gc,phases   ] GC(30) y: Pause Relocate Start 0.030ms
[2026-04-03T03:32:45.506+0600][30.986s][info][gc,phases   ] GC(30) y: Concurrent Relocate 39.237ms
[2026-04-03T03:32:45.506+0600][30.986s][info][gc,alloc    ] GC(30) y:                         Mark Start        Mark End      Relocate Start    Relocate End   
[2026-04-03T03:32:45.506+0600][30.986s][info][gc,alloc    ] GC(30) y: Allocation Stalls:          0                0                0                0         
[2026-04-03T03:32:45.506+0600][30.986s][info][gc,load     ] GC(30) y: Load: 3.87 (32%) / 4.16 (35%) / 4.76 (40%)
[2026-04-03T03:32:45.506+0600][30.986s][info][gc,mmu      ] GC(30) y: MMU: 2ms/90.3%, 5ms/96.1%, 10ms/97.9%, 20ms/98.9%, 50ms/99.4%, 100ms/99.7%
[2026-04-03T03:32:45.506+0600][30.986s][info][gc,marking  ] GC(30) y: Mark: 1 stripe(s), 2 proactive flush(es), 1 terminate flush(es), 0 completion(s), 0 continuation(s) 
[2026-04-03T03:32:45.506+0600][30.986s][info][gc,marking  ] GC(30) y: Mark Stack Usage: 32M
[2026-04-03T03:32:45.506+0600][30.986s][info][gc,nmethod  ] GC(30) y: NMethods: 5641 registered, 269 unregistered
[2026-04-03T03:32:45.506+0600][30.986s][info][gc,metaspace] GC(30) y: Metaspace: 68M used, 69M committed, 1088M reserved
[2026-04-03T03:32:45.506+0600][30.986s][info][gc,reloc    ] GC(30) y:                        Candidates     Selected     In-Place         Size        Empty    Relocated 
[2026-04-03T03:32:45.506+0600][30.986s][info][gc,reloc    ] GC(30) y: Small Pages:                  148           90            0         296M          88M          18M 
[2026-04-03T03:32:45.506+0600][30.986s][info][gc,reloc    ] GC(30) y: Medium Pages:                   2            0            0          64M          32M           0M 
[2026-04-03T03:32:45.506+0600][30.986s][info][gc,reloc    ] GC(30) y: Large Pages:                    7            0            0          54M          24M           0M 
[2026-04-03T03:32:45.506+0600][30.986s][info][gc,reloc    ] GC(30) y: Forwarding Usage: 26M
[2026-04-03T03:32:45.506+0600][30.986s][info][gc,reloc    ] GC(30) y: Age Table:
[2026-04-03T03:32:45.506+0600][30.986s][info][gc,reloc    ] GC(30) y:                    Live             Garbage             Small              Medium             Large        
[2026-04-03T03:32:45.506+0600][30.986s][info][gc,reloc    ] GC(30) y: Eden              59M (3%)          320M (18%)        147 / 90             1 / 0              7 / 0        
[2026-04-03T03:32:45.506+0600][30.986s][info][gc,reloc    ] GC(30) y: Survivor 1          -                34M (2%)           1 / 0              1 / 0              0 / 0        
[2026-04-03T03:32:45.506+0600][30.986s][info][gc,heap     ] GC(30) y: Min Capacity: 8M(0%)
[2026-04-03T03:32:45.506+0600][30.986s][info][gc,heap     ] GC(30) y: Max Capacity: 1750M(100%)
[2026-04-03T03:32:45.506+0600][30.986s][info][gc,heap     ] GC(30) y: Soft Max Capacity: 1750M(100%)
[2026-04-03T03:32:45.506+0600][30.986s][info][gc,heap     ] GC(30) y: Heap Statistics:
[2026-04-03T03:32:45.506+0600][30.986s][info][gc,heap     ] GC(30) y:                Mark Start          Mark End        Relocate Start      Relocate End           High               Low         
[2026-04-03T03:32:45.506+0600][30.986s][info][gc,heap     ] GC(30) y:  Capacity:     1750M (100%)       1750M (100%)       1750M (100%)       1750M (100%)       1750M (100%)       1750M (100%)   
[2026-04-03T03:32:45.506+0600][30.986s][info][gc,heap     ] GC(30) y:      Free:      932M (53%)         878M (50%)        1008M (58%)        1168M (67%)        1168M (67%)         872M (50%)    
[2026-04-03T03:32:45.506+0600][30.986s][info][gc,heap     ] GC(30) y:      Used:      818M (47%)         872M (50%)         742M (42%)         582M (33%)         878M (50%)         582M (33%)    
[2026-04-03T03:32:45.506+0600][30.986s][info][gc,heap     ] GC(30) y: Young Generation Statistics:
[2026-04-03T03:32:45.506+0600][30.986s][info][gc,heap     ] GC(30) y:                Mark Start          Mark End        Relocate Start      Relocate End    
[2026-04-03T03:32:45.506+0600][30.986s][info][gc,heap     ] GC(30) y:      Used:      414M (24%)         510M (29%)         380M (22%)         220M (13%)    
[2026-04-03T03:32:45.507+0600][30.986s][info][gc,heap     ] GC(30) y:      Live:         -                59M (3%)           59M (3%)           59M (3%)     
[2026-04-03T03:32:45.507+0600][30.986s][info][gc,heap     ] GC(30) y:   Garbage:         -               354M (20%)         210M (12%)          25M (1%)     
[2026-04-03T03:32:45.507+0600][30.986s][info][gc,heap     ] GC(30) y: Allocated:         -                96M (5%)          110M (6%)          134M (8%)     
[2026-04-03T03:32:45.507+0600][30.986s][info][gc,heap     ] GC(30) y: Reclaimed:         -                  -               144M (8%)          328M (19%)    
[2026-04-03T03:32:45.507+0600][30.986s][info][gc,heap     ] GC(30) y:  Promoted:         -                  -                 0M (0%)            0M (0%)     
[2026-04-03T03:32:45.507+0600][30.986s][info][gc,heap     ] GC(30) y: Compacted:         -                  -                  -                23M (1%)     
[2026-04-03T03:32:45.507+0600][30.986s][info][gc,phases   ] GC(30) y: Young Generation 818M(47%)->582M(33%) 0.280s
[2026-04-03T03:32:45.507+0600][30.986s][info][gc          ] GC(30) Minor Collection (Allocation Rate) 812M(46%)->582M(33%) 0.281s
[2026-04-03T03:32:45.507+0600][30.986s][info][gc,alloc    ] GC(28) O:                         Mark Start        Mark End      Relocate Start    Relocate End   
[2026-04-03T03:32:45.507+0600][30.986s][info][gc,alloc    ] GC(28) O: Allocation Stalls:          0                0                0                0         
[2026-04-03T03:32:45.507+0600][30.987s][info][gc,load     ] GC(28) O: Load: 3.87 (32%) / 4.16 (35%) / 4.76 (40%)
[2026-04-03T03:32:45.507+0600][30.987s][info][gc,mmu      ] GC(28) O: MMU: 2ms/90.3%, 5ms/96.1%, 10ms/97.9%, 20ms/98.9%, 50ms/99.4%, 100ms/99.7%
[2026-04-03T03:32:45.507+0600][30.987s][info][gc,marking  ] GC(28) O: Mark: 2 stripe(s), 2 proactive flush(es), 1 terminate flush(es), 0 completion(s), 0 continuation(s) 
[2026-04-03T03:32:45.507+0600][30.987s][info][gc,marking  ] GC(28) O: Mark Stack Usage: 32M
[2026-04-03T03:32:45.507+0600][30.987s][info][gc,nmethod  ] GC(28) O: NMethods: 5641 registered, 269 unregistered
[2026-04-03T03:32:45.507+0600][30.987s][info][gc,metaspace] GC(28) O: Metaspace: 68M used, 69M committed, 1088M reserved
[2026-04-03T03:32:45.507+0600][30.987s][info][gc,ref      ] GC(28) O:                       Encountered   Discovered     Enqueued 
[2026-04-03T03:32:45.507+0600][30.987s][info][gc,ref      ] GC(28) O: Soft References:             4936            0            0 
[2026-04-03T03:32:45.507+0600][30.987s][info][gc,ref      ] GC(28) O: Weak References:             6295         5085          113 
[2026-04-03T03:32:45.507+0600][30.987s][info][gc,ref      ] GC(28) O: Final References:              82            0            0 
[2026-04-03T03:32:45.507+0600][30.987s][info][gc,ref      ] GC(28) O: Phantom References:           594          334            0 
[2026-04-03T03:32:45.507+0600][30.987s][info][gc,reloc    ] GC(28) O:                        Candidates     Selected     In-Place         Size        Empty    Relocated 
[2026-04-03T03:32:45.507+0600][30.987s][info][gc,reloc    ] GC(28) O: Small Pages:                  163           25            0         326M          76M           7M 
[2026-04-03T03:32:45.507+0600][30.987s][info][gc,reloc    ] GC(28) O: Medium Pages:                   1            0            0          32M           0M           0M 
[2026-04-03T03:32:45.507+0600][30.987s][info][gc,reloc    ] GC(28) O: Large Pages:                    6            0            0          60M          60M           0M 
[2026-04-03T03:32:45.507+0600][30.987s][info][gc,reloc    ] GC(28) O: Forwarding Usage: 24M
[2026-04-03T03:32:45.507+0600][30.987s][info][gc,heap     ] GC(28) O: Min Capacity: 8M(0%)
[2026-04-03T03:32:45.507+0600][30.987s][info][gc,heap     ] GC(28) O: Max Capacity: 1750M(100%)
[2026-04-03T03:32:45.507+0600][30.987s][info][gc,heap     ] GC(28) O: Soft Max Capacity: 1750M(100%)
[2026-04-03T03:32:45.507+0600][30.987s][info][gc,heap     ] GC(28) O: Heap Statistics:
[2026-04-03T03:32:45.507+0600][30.987s][info][gc,heap     ] GC(28) O:                Mark Start          Mark End        Relocate Start      Relocate End           High               Low         
[2026-04-03T03:32:45.507+0600][30.987s][info][gc,heap     ] GC(28) O:  Capacity:     1750M (100%)       1750M (100%)       1750M (100%)       1750M (100%)       1750M (100%)       1750M (100%)   
[2026-04-03T03:32:45.507+0600][30.987s][info][gc,heap     ] GC(28) O:      Free:      712M (41%)        1056M (60%)         938M (54%)         914M (52%)        1206M (69%)         662M (38%)    
[2026-04-03T03:32:45.507+0600][30.987s][info][gc,heap     ] GC(28) O:      Used:     1038M (59%)         694M (40%)         812M (46%)         836M (48%)        1088M (62%)         544M (31%)    
[2026-04-03T03:32:45.507+0600][30.987s][info][gc,heap     ] GC(28) O: Old Generation Statistics:
[2026-04-03T03:32:45.507+0600][30.987s][info][gc,heap     ] GC(28) O:                Mark Start          Mark End        Relocate Start      Relocate End    
[2026-04-03T03:32:45.507+0600][30.987s][info][gc,heap     ] GC(28) O:      Used:      418M (24%)         418M (24%)         398M (23%)         362M (21%)    
[2026-04-03T03:32:45.507+0600][30.987s][info][gc,heap     ] GC(28) O:      Live:         -               200M (11%)         200M (11%)         200M (11%)    
[2026-04-03T03:32:45.507+0600][30.987s][info][gc,heap     ] GC(28) O:   Garbage:         -               217M (12%)          81M (5%)           27M (2%)     
[2026-04-03T03:32:45.507+0600][30.987s][info][gc,heap     ] GC(28) O: Allocated:         -                 0M (0%)          116M (7%)          133M (8%)     
[2026-04-03T03:32:45.507+0600][30.987s][info][gc,heap     ] GC(28) O: Reclaimed:         -                  -               136M (8%)          189M (11%)    
[2026-04-03T03:32:45.507+0600][30.987s][info][gc,heap     ] GC(28) O: Compacted:         -                  -                  -                26M (1%)     
[2026-04-03T03:32:45.507+0600][30.987s][info][gc,phases   ] GC(28) O: Old Generation 622M(36%)->836M(48%) 1.618s
[2026-04-03T03:32:45.507+0600][30.987s][info][gc          ] GC(28) Major Collection (Allocation Rate) 1038M(59%)->582M(33%) 2.159s
[2026-04-03T03:32:45.517+0600][30.996s][info][gc          ] GC(31) Minor Collection (Allocation Rate)
[2026-04-03T03:32:45.517+0600][30.996s][info][gc,task     ] GC(31) Using 3 Workers for Young Generation
[2026-04-03T03:32:45.517+0600][30.996s][info][gc,phases   ] GC(31) y: Young Generation
[2026-04-03T03:32:45.517+0600][30.997s][info][gc,phases   ] GC(31) y: Pause Mark Start 0.030ms
[2026-04-03T03:32:45.561+0600][31.040s][info][gc,phases   ] GC(31) y: Concurrent Mark 43.197ms
[2026-04-03T03:32:45.561+0600][31.040s][info][gc,phases   ] GC(31) y: Pause Mark End 0.030ms
[2026-04-03T03:32:45.561+0600][31.041s][info][gc,phases   ] GC(31) y: Concurrent Mark Free 0.004ms
[2026-04-03T03:32:45.561+0600][31.041s][info][gc,phases   ] GC(31) y: Concurrent Reset Relocation Set 0.031ms
[2026-04-03T03:32:45.567+0600][31.047s][info][gc,reloc    ] GC(31) y: Using tenuring threshold: 2 (Computed)
[2026-04-03T03:32:45.570+0600][31.050s][info][gc,phases   ] GC(31) y: Concurrent Select Relocation Set 9.326ms
[2026-04-03T03:32:45.571+0600][31.050s][info][gc,phases   ] GC(31) y: Pause Relocate Start 0.024ms
[2026-04-03T03:32:45.590+0600][31.069s][info][gc,phases   ] GC(31) y: Concurrent Relocate 18.986ms
[2026-04-03T03:32:45.590+0600][31.070s][info][gc,alloc    ] GC(31) y:                         Mark Start        Mark End      Relocate Start    Relocate End   
[2026-04-03T03:32:45.590+0600][31.070s][info][gc,alloc    ] GC(31) y: Allocation Stalls:          0                0                0                0         
[2026-04-03T03:32:45.590+0600][31.070s][info][gc,load     ] GC(31) y: Load: 4.04 (34%) / 4.19 (35%) / 4.77 (40%)
[2026-04-03T03:32:45.590+0600][31.070s][info][gc,mmu      ] GC(31) y: MMU: 2ms/90.3%, 5ms/96.1%, 10ms/97.9%, 20ms/98.9%, 50ms/99.4%, 100ms/99.7%
[2026-04-03T03:32:45.590+0600][31.070s][info][gc,marking  ] GC(31) y: Mark: 2 stripe(s), 4 proactive flush(es), 1 terminate flush(es), 0 completion(s), 0 continuation(s) 
[2026-04-03T03:32:45.590+0600][31.070s][info][gc,marking  ] GC(31) y: Mark Stack Usage: 32M
[2026-04-03T03:32:45.590+0600][31.070s][info][gc,nmethod  ] GC(31) y: NMethods: 5642 registered, 269 unregistered
[2026-04-03T03:32:45.590+0600][31.070s][info][gc,metaspace] GC(31) y: Metaspace: 68M used, 69M committed, 1088M reserved
[2026-04-03T03:32:45.590+0600][31.070s][info][gc,reloc    ] GC(31) y:                        Candidates     Selected     In-Place         Size        Empty    Relocated 
[2026-04-03T03:32:45.590+0600][31.070s][info][gc,reloc    ] GC(31) y: Small Pages:                   63           48            0         126M          20M           6M 
[2026-04-03T03:32:45.590+0600][31.070s][info][gc,reloc    ] GC(31) y: Medium Pages:                   2            1            0          64M           0M           6M 
[2026-04-03T03:32:45.590+0600][31.070s][info][gc,reloc    ] GC(31) y: Large Pages:                    4            0            0          36M          36M           0M 
[2026-04-03T03:32:45.590+0600][31.070s][info][gc,reloc    ] GC(31) y: Forwarding Usage: 7M
[2026-04-03T03:32:45.590+0600][31.070s][info][gc,reloc    ] GC(31) y: Age Table:
[2026-04-03T03:32:45.590+0600][31.070s][info][gc,reloc    ] GC(31) y:                    Live             Garbage             Small              Medium             Large        
[2026-04-03T03:32:45.590+0600][31.070s][info][gc,reloc    ] GC(31) y: Eden              13M (1%)          124M (7%)          50 / 43             1 / 0              1 / 0        
[2026-04-03T03:32:45.590+0600][31.070s][info][gc,reloc    ] GC(31) y: Survivor 1         6M (0%)           81M (5%)          13 / 5              1 / 1              3 / 0        
[2026-04-03T03:32:45.590+0600][31.070s][info][gc,heap     ] GC(31) y: Min Capacity: 8M(0%)
[2026-04-03T03:32:45.590+0600][31.070s][info][gc,heap     ] GC(31) y: Max Capacity: 1750M(100%)
[2026-04-03T03:32:45.590+0600][31.070s][info][gc,heap     ] GC(31) y: Soft Max Capacity: 1750M(100%)
[2026-04-03T03:32:45.590+0600][31.070s][info][gc,heap     ] GC(31) y: Heap Statistics:
[2026-04-03T03:32:45.590+0600][31.070s][info][gc,heap     ] GC(31) y:                Mark Start          Mark End        Relocate Start      Relocate End           High               Low         
[2026-04-03T03:32:45.590+0600][31.070s][info][gc,heap     ] GC(31) y:  Capacity:     1750M (100%)       1750M (100%)       1750M (100%)       1750M (100%)       1750M (100%)       1750M (100%)   
[2026-04-03T03:32:45.590+0600][31.070s][info][gc,heap     ] GC(31) y:      Free:     1162M (66%)        1130M (65%)        1176M (67%)        1228M (70%)        1228M (70%)        1106M (63%)    
[2026-04-03T03:32:45.590+0600][31.070s][info][gc,heap     ] GC(31) y:      Used:      588M (34%)         620M (35%)         574M (33%)         522M (30%)         644M (37%)         522M (30%)    
[2026-04-03T03:32:45.590+0600][31.070s][info][gc,heap     ] GC(31) y: Young Generation Statistics:
[2026-04-03T03:32:45.590+0600][31.070s][info][gc,heap     ] GC(31) y:                Mark Start          Mark End        Relocate Start      Relocate End    
[2026-04-03T03:32:45.590+0600][31.070s][info][gc,heap     ] GC(31) y:      Used:      226M (13%)         258M (15%)         212M (12%)         160M (9%)     
[2026-04-03T03:32:45.590+0600][31.070s][info][gc,heap     ] GC(31) y:      Live:         -                19M (1%)           19M (1%)           19M (1%)     
[2026-04-03T03:32:45.590+0600][31.070s][info][gc,heap     ] GC(31) y:   Garbage:         -               206M (12%)         150M (9%)            0M (0%)     
[2026-04-03T03:32:45.590+0600][31.070s][info][gc,heap     ] GC(31) y: Allocated:         -                32M (2%)           42M (2%)          140M (8%)     
[2026-04-03T03:32:45.590+0600][31.070s][info][gc,heap     ] GC(31) y: Reclaimed:         -                  -                56M (3%)          206M (12%)    
[2026-04-03T03:32:45.590+0600][31.070s][info][gc,heap     ] GC(31) y:  Promoted:         -                  -                 0M (0%)            0M (0%)     
[2026-04-03T03:32:45.590+0600][31.070s][info][gc,heap     ] GC(31) y: Compacted:         -                  -                  -                19M (1%)     
[2026-04-03T03:32:45.590+0600][31.070s][info][gc,phases   ] GC(31) y: Young Generation 586M(33%)->522M(30%) 0.073s
[2026-04-03T03:32:45.590+0600][31.070s][info][gc          ] GC(31) Minor Collection (Allocation Rate) 586M(33%)->522M(30%) 0.074s
[2026-04-03T03:32:45.590+0600][31.070s][info][gc          ] GC(32) Minor Collection (Allocation Rate)
[2026-04-03T03:32:45.591+0600][31.070s][info][gc,task     ] GC(32) Using 3 Workers for Young Generation
[2026-04-03T03:32:45.591+0600][31.070s][info][gc,phases   ] GC(32) y: Young Generation
[2026-04-03T03:32:45.591+0600][31.070s][info][gc,phases   ] GC(32) y: Pause Mark Start 0.030ms
[2026-04-03T03:32:45.681+0600][31.161s][info][gc,phases   ] GC(32) y: Concurrent Mark 90.203ms
[2026-04-03T03:32:45.681+0600][31.161s][info][gc,phases   ] GC(32) y: Pause Mark End 0.055ms
[2026-04-03T03:32:45.682+0600][31.161s][info][gc,phases   ] GC(32) y: Concurrent Mark Free 0.004ms
[2026-04-03T03:32:45.705+0600][31.184s][info][gc,phases   ] GC(32) y: Concurrent Reset Relocation Set 0.014ms
[2026-04-03T03:32:45.707+0600][31.187s][info][gc,reloc    ] GC(32) y: Using tenuring threshold: 3 (Computed)
[2026-04-03T03:32:45.710+0600][31.190s][info][gc,phases   ] GC(32) y: Concurrent Select Relocation Set 5.634ms
[2026-04-03T03:32:45.711+0600][31.190s][info][gc,phases   ] GC(32) y: Pause Relocate Start 0.050ms
[2026-04-03T03:32:45.734+0600][31.213s][info][gc,phases   ] GC(32) y: Concurrent Relocate 22.731ms
[2026-04-03T03:32:45.734+0600][31.213s][info][gc,alloc    ] GC(32) y:                         Mark Start        Mark End      Relocate Start    Relocate End   
[2026-04-03T03:32:45.734+0600][31.213s][info][gc,alloc    ] GC(32) y: Allocation Stalls:          0                0                0                0         
[2026-04-03T03:32:45.734+0600][31.213s][info][gc,load     ] GC(32) y: Load: 4.04 (34%) / 4.19 (35%) / 4.77 (40%)
[2026-04-03T03:32:45.734+0600][31.213s][info][gc,mmu      ] GC(32) y: MMU: 2ms/90.3%, 5ms/96.1%, 10ms/97.9%, 20ms/98.9%, 50ms/99.4%, 100ms/99.7%
[2026-04-03T03:32:45.734+0600][31.213s][info][gc,marking  ] GC(32) y: Mark: 2 stripe(s), 2 proactive flush(es), 1 terminate flush(es), 0 completion(s), 0 continuation(s) 
[2026-04-03T03:32:45.734+0600][31.213s][info][gc,marking  ] GC(32) y: Mark Stack Usage: 32M
[2026-04-03T03:32:45.734+0600][31.213s][info][gc,nmethod  ] GC(32) y: NMethods: 5642 registered, 269 unregistered
[2026-04-03T03:32:45.734+0600][31.213s][info][gc,metaspace] GC(32) y: Metaspace: 68M used, 69M committed, 1088M reserved
[2026-04-03T03:32:45.734+0600][31.213s][info][gc,reloc    ] GC(32) y:                        Candidates     Selected     In-Place         Size        Empty    Relocated 
[2026-04-03T03:32:45.734+0600][31.213s][info][gc,reloc    ] GC(32) y: Small Pages:                   23           14            0          46M           0M           6M 
[2026-04-03T03:32:45.734+0600][31.213s][info][gc,reloc    ] GC(32) y: Medium Pages:                   3            0            0          96M          64M           0M 
[2026-04-03T03:32:45.734+0600][31.213s][info][gc,reloc    ] GC(32) y: Large Pages:                    3            0            0          18M           0M           0M 
[2026-04-03T03:32:45.734+0600][31.213s][info][gc,reloc    ] GC(32) y: Forwarding Usage: 11M
[2026-04-03T03:32:45.734+0600][31.213s][info][gc,reloc    ] GC(32) y: Age Table:
[2026-04-03T03:32:45.734+0600][31.214s][info][gc,reloc    ] GC(32) y:                    Live             Garbage             Small              Medium             Large        
[2026-04-03T03:32:45.734+0600][31.214s][info][gc,reloc    ] GC(32) y: Eden              25M (1%)           20M (1%)          14 / 9              0 / 0              3 / 0        
[2026-04-03T03:32:45.734+0600][31.214s][info][gc,reloc    ] GC(32) y: Survivor 1         7M (0%)           72M (4%)           8 / 4              2 / 0              0 / 0        
[2026-04-03T03:32:45.734+0600][31.214s][info][gc,reloc    ] GC(32) y: Survivor 2         6M (0%)           27M (2%)           1 / 1              1 / 0              0 / 0        
[2026-04-03T03:32:45.734+0600][31.214s][info][gc,heap     ] GC(32) y: Min Capacity: 8M(0%)
[2026-04-03T03:32:45.734+0600][31.214s][info][gc,heap     ] GC(32) y: Max Capacity: 1750M(100%)
[2026-04-03T03:32:45.734+0600][31.214s][info][gc,heap     ] GC(32) y: Soft Max Capacity: 1750M(100%)
[2026-04-03T03:32:45.734+0600][31.214s][info][gc,heap     ] GC(32) y: Heap Statistics:
[2026-04-03T03:32:45.734+0600][31.214s][info][gc,heap     ] GC(32) y:                Mark Start          Mark End        Relocate Start      Relocate End           High               Low         
[2026-04-03T03:32:45.734+0600][31.214s][info][gc,heap     ] GC(32) y:  Capacity:     1750M (100%)       1750M (100%)       1750M (100%)       1750M (100%)       1750M (100%)       1750M (100%)   
[2026-04-03T03:32:45.734+0600][31.214s][info][gc,heap     ] GC(32) y:      Free:     1228M (70%)        1196M (68%)        1250M (71%)        1248M (71%)        1250M (71%)        1186M (68%)    
[2026-04-03T03:32:45.734+0600][31.214s][info][gc,heap     ] GC(32) y:      Used:      522M (30%)         554M (32%)         500M (29%)         502M (29%)         564M (32%)         500M (29%)    
[2026-04-03T03:32:45.734+0600][31.214s][info][gc,heap     ] GC(32) y: Young Generation Statistics:
[2026-04-03T03:32:45.734+0600][31.214s][info][gc,heap     ] GC(32) y:                Mark Start          Mark End        Relocate Start      Relocate End    
[2026-04-03T03:32:45.734+0600][31.214s][info][gc,heap     ] GC(32) y:      Used:      160M (9%)          192M (11%)         138M (8%)          140M (8%)     
[2026-04-03T03:32:45.734+0600][31.214s][info][gc,heap     ] GC(32) y:      Live:         -                38M (2%)           38M (2%)           38M (2%)     
[2026-04-03T03:32:45.734+0600][31.214s][info][gc,heap     ] GC(32) y:   Garbage:         -               121M (7%)           57M (3%)           26M (2%)     
[2026-04-03T03:32:45.734+0600][31.214s][info][gc,heap     ] GC(32) y: Allocated:         -                32M (2%)           42M (2%)           74M (4%)     
[2026-04-03T03:32:45.734+0600][31.214s][info][gc,heap     ] GC(32) y: Reclaimed:         -                  -                64M (4%)           94M (5%)     
[2026-04-03T03:32:45.734+0600][31.214s][info][gc,heap     ] GC(32) y:  Promoted:         -                  -                 0M (0%)            0M (0%)     
[2026-04-03T03:32:45.734+0600][31.214s][info][gc,heap     ] GC(32) y: Compacted:         -                  -                  -                 9M (1%)     
[2026-04-03T03:32:45.734+0600][31.214s][info][gc,phases   ] GC(32) y: Young Generation 522M(30%)->502M(29%) 0.143s
[2026-04-03T03:32:45.734+0600][31.214s][info][gc          ] GC(32) Minor Collection (Allocation Rate) 522M(30%)->502M(29%) 0.144s
[2026-04-03T03:32:45.734+0600][31.214s][info][gc          ] GC(33) Major Collection (Allocation Rate)
[2026-04-03T03:32:45.735+0600][31.214s][info][gc,task     ] GC(33) Using 3 Workers for Young Generation
[2026-04-03T03:32:45.735+0600][31.214s][info][gc,task     ] GC(33) Using 1 Workers for Old Generation
[2026-04-03T03:32:45.735+0600][31.214s][info][gc,phases   ] GC(33) Y: Young Generation
[2026-04-03T03:32:45.735+0600][31.215s][info][gc,phases   ] GC(33) Y: Pause Mark Start (Major) 0.034ms
[2026-04-03T03:32:45.885+0600][31.364s][info][gc,phases   ] GC(33) Y: Concurrent Mark 149.524ms
[2026-04-03T03:32:45.885+0600][31.365s][info][gc,phases   ] GC(33) Y: Pause Mark End 0.035ms
[2026-04-03T03:32:45.885+0600][31.365s][info][gc,phases   ] GC(33) Y: Concurrent Mark Free 0.002ms
[2026-04-03T03:32:45.885+0600][31.365s][info][gc,phases   ] GC(33) Y: Concurrent Reset Relocation Set 0.009ms
[2026-04-03T03:32:45.892+0600][31.371s][info][gc,reloc    ] GC(33) Y: Using tenuring threshold: 2 (Computed)
[2026-04-03T03:32:45.909+0600][31.388s][info][gc,phases   ] GC(33) Y: Concurrent Select Relocation Set 23.277ms
[2026-04-03T03:32:45.909+0600][31.389s][info][gc,phases   ] GC(33) Y: Pause Relocate Start 0.029ms
[2026-04-03T03:32:45.978+0600][31.457s][info][gc,phases   ] GC(33) Y: Concurrent Relocate 68.521ms
[2026-04-03T03:32:45.978+0600][31.457s][info][gc,alloc    ] GC(33) Y:                         Mark Start        Mark End      Relocate Start    Relocate End   
[2026-04-03T03:32:45.978+0600][31.457s][info][gc,alloc    ] GC(33) Y: Allocation Stalls:          0                0                0                0         
[2026-04-03T03:32:45.978+0600][31.457s][info][gc,load     ] GC(33) Y: Load: 4.04 (34%) / 4.19 (35%) / 4.77 (40%)
[2026-04-03T03:32:45.978+0600][31.457s][info][gc,mmu      ] GC(33) Y: MMU: 2ms/90.3%, 5ms/96.1%, 10ms/97.9%, 20ms/98.9%, 50ms/99.4%, 100ms/99.7%
[2026-04-03T03:32:45.978+0600][31.457s][info][gc,marking  ] GC(33) Y: Mark: 2 stripe(s), 7 proactive flush(es), 1 terminate flush(es), 0 completion(s), 0 continuation(s) 
[2026-04-03T03:32:45.978+0600][31.457s][info][gc,marking  ] GC(33) Y: Mark Stack Usage: 32M
[2026-04-03T03:32:45.978+0600][31.458s][info][gc,nmethod  ] GC(33) Y: NMethods: 5667 registered, 269 unregistered
[2026-04-03T03:32:45.978+0600][31.458s][info][gc,metaspace] GC(33) Y: Metaspace: 68M used, 69M committed, 1088M reserved
[2026-04-03T03:32:45.978+0600][31.458s][info][gc,reloc    ] GC(33) Y:                        Candidates     Selected     In-Place         Size        Empty    Relocated 
[2026-04-03T03:32:45.978+0600][31.458s][info][gc,reloc    ] GC(33) Y: Small Pages:                   40           27            0          80M           0M          12M 
[2026-04-03T03:32:45.978+0600][31.458s][info][gc,reloc    ] GC(33) Y: Medium Pages:                   1            0            0          32M           0M           0M 
[2026-04-03T03:32:45.978+0600][31.458s][info][gc,reloc    ] GC(33) Y: Large Pages:                    4            0            0          28M           0M           0M 
[2026-04-03T03:32:45.978+0600][31.458s][info][gc,reloc    ] GC(33) Y: Forwarding Usage: 21M
[2026-04-03T03:32:45.978+0600][31.458s][info][gc,reloc    ] GC(33) Y: Age Table:
[2026-04-03T03:32:45.978+0600][31.458s][info][gc,reloc    ] GC(33) Y:                    Live             Garbage             Small              Medium             Large        
[2026-04-03T03:32:45.978+0600][31.458s][info][gc,reloc    ] GC(33) Y: Eden              22M (1%)           31M (2%)          22 / 13             0 / 0              1 / 0        
[2026-04-03T03:32:45.978+0600][31.458s][info][gc,reloc    ] GC(33) Y: Survivor 1        22M (1%)           11M (1%)           8 / 6              0 / 0              3 / 0        
[2026-04-03T03:32:45.978+0600][31.458s][info][gc,reloc    ] GC(33) Y: Survivor 2         4M (0%)           13M (1%)           9 / 7              0 / 0              0 / 0        
[2026-04-03T03:32:45.978+0600][31.458s][info][gc,reloc    ] GC(33) Y: Survivor 3         6M (0%)           27M (2%)           1 / 1              1 / 0              0 / 0        
[2026-04-03T03:32:45.978+0600][31.458s][info][gc,heap     ] GC(33) Y: Min Capacity: 8M(0%)
[2026-04-03T03:32:45.978+0600][31.458s][info][gc,heap     ] GC(33) Y: Max Capacity: 1750M(100%)
[2026-04-03T03:32:45.978+0600][31.458s][info][gc,heap     ] GC(33) Y: Soft Max Capacity: 1750M(100%)
[2026-04-03T03:32:45.978+0600][31.458s][info][gc,heap     ] GC(33) Y: Heap Statistics:
[2026-04-03T03:32:45.978+0600][31.458s][info][gc,heap     ] GC(33) Y:                Mark Start          Mark End        Relocate Start      Relocate End           High               Low         
[2026-04-03T03:32:45.978+0600][31.458s][info][gc,heap     ] GC(33) Y:  Capacity:     1750M (100%)       1750M (100%)       1750M (100%)       1750M (100%)       1750M (100%)       1750M (100%)   
[2026-04-03T03:32:45.978+0600][31.458s][info][gc,heap     ] GC(33) Y:      Free:     1248M (71%)        1186M (68%)        1172M (67%)        1172M (67%)        1248M (71%)        1150M (66%)    
[2026-04-03T03:32:45.978+0600][31.458s][info][gc,heap     ] GC(33) Y:      Used:      502M (29%)         564M (32%)         578M (33%)         578M (33%)         600M (34%)         502M (29%)    
[2026-04-03T03:32:45.978+0600][31.458s][info][gc,heap     ] GC(33) Y: Young Generation Statistics:
[2026-04-03T03:32:45.978+0600][31.458s][info][gc,heap     ] GC(33) Y:                Mark Start          Mark End        Relocate Start      Relocate End    
[2026-04-03T03:32:45.978+0600][31.458s][info][gc,heap     ] GC(33) Y:      Used:      140M (8%)          202M (12%)         180M (10%)         168M (10%)    
[2026-04-03T03:32:45.978+0600][31.458s][info][gc,heap     ] GC(33) Y:      Live:         -                55M (3%)           47M (3%)           44M (3%)     
[2026-04-03T03:32:45.978+0600][31.458s][info][gc,heap     ] GC(33) Y:   Garbage:         -                84M (5%)           56M (3%)            0M (0%)     
[2026-04-03T03:32:45.978+0600][31.458s][info][gc,heap     ] GC(33) Y: Allocated:         -                62M (4%)           76M (4%)          123M (7%)     
[2026-04-03T03:32:45.978+0600][31.458s][info][gc,heap     ] GC(33) Y: Reclaimed:         -                  -                27M (2%)           84M (5%)     
[2026-04-03T03:32:45.978+0600][31.458s][info][gc,heap     ] GC(33) Y:  Promoted:         -                  -                 8M (0%)           10M (1%)     
[2026-04-03T03:32:45.978+0600][31.458s][info][gc,heap     ] GC(33) Y: Compacted:         -                  -                  -                16M (1%)     
[2026-04-03T03:32:45.978+0600][31.458s][info][gc,phases   ] GC(33) Y: Young Generation 502M(29%)->578M(33%) 0.243s
[2026-04-03T03:32:45.978+0600][31.458s][info][gc,phases   ] GC(33) O: Old Generation
[2026-04-03T03:32:45.985+0600][31.465s][info][gc,task     ] Adjusting Workers for Old Generation: 1 -> 2
[2026-04-03T03:32:45.985+0600][31.465s][info][gc          ] GC(34) Minor Collection (Allocation Rate)
[2026-04-03T03:32:45.985+0600][31.465s][info][gc,task     ] GC(34) Using 1 Workers for Young Generation
[2026-04-03T03:32:45.985+0600][31.465s][info][gc,phases   ] GC(34) y: Young Generation
[2026-04-03T03:32:45.986+0600][31.465s][info][gc,phases   ] GC(34) y: Pause Mark Start 0.031ms
[2026-04-03T03:32:46.274+0600][31.753s][info][gc,phases   ] GC(34) y: Concurrent Mark 287.964ms
[2026-04-03T03:32:46.274+0600][31.754s][info][gc,phases   ] GC(34) y: Pause Mark End 0.028ms
[2026-04-03T03:32:46.274+0600][31.754s][info][gc,phases   ] GC(34) y: Concurrent Mark Free 0.003ms
[2026-04-03T03:32:46.274+0600][31.754s][info][gc,phases   ] GC(34) y: Concurrent Reset Relocation Set 0.025ms
[2026-04-03T03:32:46.277+0600][31.756s][info][gc,reloc    ] GC(34) y: Using tenuring threshold: 3 (Computed)
[2026-04-03T03:32:46.281+0600][31.760s][info][gc,phases   ] GC(34) y: Concurrent Select Relocation Set 6.290ms
[2026-04-03T03:32:46.281+0600][31.761s][info][gc,phases   ] GC(34) y: Pause Relocate Start 0.032ms
[2026-04-03T03:32:46.397+0600][31.877s][info][gc,phases   ] GC(34) y: Concurrent Relocate 115.691ms
[2026-04-03T03:32:46.397+0600][31.877s][info][gc,alloc    ] GC(34) y:                         Mark Start        Mark End      Relocate Start    Relocate End   
[2026-04-03T03:32:46.397+0600][31.877s][info][gc,alloc    ] GC(34) y: Allocation Stalls:          0                0                0                0         
[2026-04-03T03:32:46.397+0600][31.877s][info][gc,load     ] GC(34) y: Load: 4.04 (34%) / 4.19 (35%) / 4.77 (40%)
[2026-04-03T03:32:46.397+0600][31.877s][info][gc,mmu      ] GC(34) y: MMU: 2ms/90.3%, 5ms/96.1%, 10ms/97.9%, 20ms/98.9%, 50ms/99.4%, 100ms/99.7%
[2026-04-03T03:32:46.397+0600][31.877s][info][gc,marking  ] GC(34) y: Mark: 1 stripe(s), 2 proactive flush(es), 1 terminate flush(es), 0 completion(s), 0 continuation(s) 
[2026-04-03T03:32:46.397+0600][31.877s][info][gc,marking  ] GC(34) y: Mark Stack Usage: 32M
[2026-04-03T03:32:46.397+0600][31.877s][info][gc,nmethod  ] GC(34) y: NMethods: 5799 registered, 269 unregistered
[2026-04-03T03:32:46.397+0600][31.877s][info][gc,metaspace] GC(34) y: Metaspace: 68M used, 69M committed, 1088M reserved
[2026-04-03T03:32:46.397+0600][31.877s][info][gc,reloc    ] GC(34) y:                        Candidates     Selected     In-Place         Size        Empty    Relocated 
[2026-04-03T03:32:46.397+0600][31.877s][info][gc,reloc    ] GC(34) y: Small Pages:                   64           31            0         128M          42M          10M 
[2026-04-03T03:32:46.397+0600][31.877s][info][gc,reloc    ] GC(34) y: Medium Pages:                   0            0            0           0M           0M           0M 
[2026-04-03T03:32:46.397+0600][31.877s][info][gc,reloc    ] GC(34) y: Large Pages:                    6            0            0          48M          18M           0M 
[2026-04-03T03:32:46.397+0600][31.877s][info][gc,reloc    ] GC(34) y: Forwarding Usage: 16M
[2026-04-03T03:32:46.397+0600][31.877s][info][gc,reloc    ] GC(34) y: Age Table:
[2026-04-03T03:32:46.397+0600][31.877s][info][gc,reloc    ] GC(34) y:                    Live             Garbage             Small              Medium             Large        
[2026-04-03T03:32:46.397+0600][31.877s][info][gc,reloc    ] GC(34) y: Eden              29M (2%)           84M (5%)          47 / 20             0 / 0              2 / 0        
[2026-04-03T03:32:46.397+0600][31.877s][info][gc,reloc    ] GC(34) y: Survivor 1        16M (1%)           13M (1%)          10 / 5              0 / 0              1 / 0        
[2026-04-03T03:32:46.397+0600][31.877s][info][gc,reloc    ] GC(34) y: Survivor 2         3M (0%)           28M (2%)           7 / 6              0 / 0              3 / 0        
[2026-04-03T03:32:46.398+0600][31.877s][info][gc,heap     ] GC(34) y: Min Capacity: 8M(0%)
[2026-04-03T03:32:46.398+0600][31.877s][info][gc,heap     ] GC(34) y: Max Capacity: 1750M(100%)
[2026-04-03T03:32:46.398+0600][31.877s][info][gc,heap     ] GC(34) y: Soft Max Capacity: 1750M(100%)
[2026-04-03T03:32:46.398+0600][31.877s][info][gc,heap     ] GC(34) y: Heap Statistics:
[2026-04-03T03:32:46.398+0600][31.877s][info][gc,heap     ] GC(34) y:                Mark Start          Mark End        Relocate Start      Relocate End           High               Low         
[2026-04-03T03:32:46.398+0600][31.877s][info][gc,heap     ] GC(34) y:  Capacity:     1750M (100%)       1750M (100%)       1750M (100%)       1750M (100%)       1750M (100%)       1750M (100%)   
[2026-04-03T03:32:46.398+0600][31.877s][info][gc,heap     ] GC(34) y:      Free:     1164M (67%)        1018M (58%)        1074M (61%)        1080M (62%)        1164M (67%)        1016M (58%)    
[2026-04-03T03:32:46.398+0600][31.877s][info][gc,heap     ] GC(34) y:      Used:      586M (33%)         732M (42%)         676M (39%)         670M (38%)         734M (42%)         586M (33%)    
[2026-04-03T03:32:46.398+0600][31.877s][info][gc,heap     ] GC(34) y: Young Generation Statistics:
[2026-04-03T03:32:46.398+0600][31.877s][info][gc,heap     ] GC(34) y:                Mark Start          Mark End        Relocate Start      Relocate End    
[2026-04-03T03:32:46.398+0600][31.877s][info][gc,heap     ] GC(34) y:      Used:      176M (10%)         322M (18%)         266M (15%)         260M (15%)    
[2026-04-03T03:32:46.398+0600][31.877s][info][gc,heap     ] GC(34) y:      Live:         -                49M (3%)           49M (3%)           49M (3%)     
[2026-04-03T03:32:46.398+0600][31.877s][info][gc,heap     ] GC(34) y:   Garbage:         -               126M (7%)           66M (4%)            1M (0%)     
[2026-04-03T03:32:46.398+0600][31.877s][info][gc,heap     ] GC(34) y: Allocated:         -               146M (8%)          150M (9%)          208M (12%)    
[2026-04-03T03:32:46.398+0600][31.877s][info][gc,heap     ] GC(34) y: Reclaimed:         -                  -                60M (3%)          124M (7%)     
[2026-04-03T03:32:46.398+0600][31.877s][info][gc,heap     ] GC(34) y:  Promoted:         -                  -                 0M (0%)            0M (0%)     
[2026-04-03T03:32:46.398+0600][31.877s][info][gc,heap     ] GC(34) y: Compacted:         -                  -                  -                15M (1%)     
[2026-04-03T03:32:46.398+0600][31.877s][info][gc,phases   ] GC(34) y: Young Generation 586M(33%)->670M(38%) 0.412s
[2026-04-03T03:32:46.398+0600][31.877s][info][gc          ] GC(34) Minor Collection (Allocation Rate) 586M(33%)->670M(38%) 0.413s
[2026-04-03T03:32:46.655+0600][32.135s][info][gc,phases   ] GC(33) O: Concurrent Mark 676.920ms
[2026-04-03T03:32:46.656+0600][32.135s][info][gc,phases   ] GC(33) O: Pause Mark End 0.038ms
[2026-04-03T03:32:46.656+0600][32.135s][info][gc,phases   ] GC(33) O: Concurrent Mark Free 0.003ms
[2026-04-03T03:32:46.672+0600][32.152s][info][gc,phases   ] GC(33) O: Concurrent Process Non-Strong 16.125ms
[2026-04-03T03:32:46.672+0600][32.152s][info][gc,phases   ] GC(33) O: Concurrent Reset Relocation Set 0.013ms
[2026-04-03T03:32:46.679+0600][32.159s][info][gc,phases   ] GC(33) O: Concurrent Select Relocation Set 7.388ms
[2026-04-03T03:32:46.680+0600][32.159s][info][gc,task     ] GC(33) O: Using 3 Workers for Old Generation
[2026-04-03T03:32:46.709+0600][32.189s][info][gc,task     ] GC(33) O: Using 2 Workers for Old Generation
[2026-04-03T03:32:46.710+0600][32.189s][info][gc,phases   ] GC(33) O: Concurrent Remap Roots 30.030ms
[2026-04-03T03:32:46.710+0600][32.189s][info][gc,phases   ] GC(33) O: Pause Relocate Start 0.032ms
[2026-04-03T03:32:46.808+0600][32.288s][info][gc,phases   ] GC(33) O: Concurrent Relocate 98.415ms
[2026-04-03T03:32:46.809+0600][32.288s][info][gc,alloc    ] GC(33) O:                         Mark Start        Mark End      Relocate Start    Relocate End   
[2026-04-03T03:32:46.809+0600][32.288s][info][gc,alloc    ] GC(33) O: Allocation Stalls:          0                0                0                0         
[2026-04-03T03:32:46.809+0600][32.288s][info][gc,load     ] GC(33) O: Load: 4.04 (34%) / 4.19 (35%) / 4.77 (40%)
[2026-04-03T03:32:46.809+0600][32.288s][info][gc,mmu      ] GC(33) O: MMU: 2ms/90.3%, 5ms/96.1%, 10ms/97.9%, 20ms/98.9%, 50ms/99.4%, 100ms/99.7%
[2026-04-03T03:32:46.809+0600][32.288s][info][gc,marking  ] GC(33) O: Mark: 1 stripe(s), 2 proactive flush(es), 1 terminate flush(es), 0 completion(s), 0 continuation(s) 
[2026-04-03T03:32:46.809+0600][32.288s][info][gc,marking  ] GC(33) O: Mark Stack Usage: 32M
[2026-04-03T03:32:46.809+0600][32.288s][info][gc,nmethod  ] GC(33) O: NMethods: 5777 registered, 339 unregistered
[2026-04-03T03:32:46.809+0600][32.288s][info][gc,metaspace] GC(33) O: Metaspace: 68M used, 69M committed, 1088M reserved
[2026-04-03T03:32:46.809+0600][32.288s][info][gc,ref      ] GC(33) O:                       Encountered   Discovered     Enqueued 
[2026-04-03T03:32:46.809+0600][32.288s][info][gc,ref      ] GC(33) O: Soft References:             5012            0            0 
[2026-04-03T03:32:46.809+0600][32.288s][info][gc,ref      ] GC(33) O: Weak References:             6665         4312          213 
[2026-04-03T03:32:46.809+0600][32.288s][info][gc,ref      ] GC(33) O: Final References:              82           48            0 
[2026-04-03T03:32:46.809+0600][32.288s][info][gc,ref      ] GC(33) O: Phantom References:           596          421            0 
[2026-04-03T03:32:46.809+0600][32.288s][info][gc,reloc    ] GC(33) O:                        Candidates     Selected     In-Place         Size        Empty    Relocated 
[2026-04-03T03:32:46.809+0600][32.288s][info][gc,reloc    ] GC(33) O: Small Pages:                  138           40            0         276M           2M          18M 
[2026-04-03T03:32:46.809+0600][32.288s][info][gc,reloc    ] GC(33) O: Medium Pages:                   1            0            0          32M           0M           0M 
[2026-04-03T03:32:46.809+0600][32.288s][info][gc,reloc    ] GC(33) O: Large Pages:                    3            0            0          54M          54M           0M 
[2026-04-03T03:32:46.809+0600][32.288s][info][gc,reloc    ] GC(33) O: Forwarding Usage: 25M
[2026-04-03T03:32:46.809+0600][32.288s][info][gc,heap     ] GC(33) O: Min Capacity: 8M(0%)
[2026-04-03T03:32:46.809+0600][32.288s][info][gc,heap     ] GC(33) O: Max Capacity: 1750M(100%)
[2026-04-03T03:32:46.809+0600][32.288s][info][gc,heap     ] GC(33) O: Soft Max Capacity: 1750M(100%)
[2026-04-03T03:32:46.809+0600][32.288s][info][gc,heap     ] GC(33) O: Heap Statistics:
[2026-04-03T03:32:46.809+0600][32.288s][info][gc,heap     ] GC(33) O:                Mark Start          Mark End        Relocate Start      Relocate End           High               Low         
[2026-04-03T03:32:46.809+0600][32.288s][info][gc,heap     ] GC(33) O:  Capacity:     1750M (100%)       1750M (100%)       1750M (100%)       1750M (100%)       1750M (100%)       1750M (100%)   
[2026-04-03T03:32:46.809+0600][32.288s][info][gc,heap     ] GC(33) O:      Free:     1248M (71%)         974M (56%)        1012M (58%)        1078M (62%)        1248M (71%)         968M (55%)    
[2026-04-03T03:32:46.809+0600][32.288s][info][gc,heap     ] GC(33) O:      Used:      502M (29%)         776M (44%)         738M (42%)         672M (38%)         782M (45%)         502M (29%)    
[2026-04-03T03:32:46.809+0600][32.288s][info][gc,heap     ] GC(33) O: Old Generation Statistics:
[2026-04-03T03:32:46.809+0600][32.288s][info][gc,heap     ] GC(33) O:                Mark Start          Mark End        Relocate Start      Relocate End    
[2026-04-03T03:32:46.809+0600][32.288s][info][gc,heap     ] GC(33) O:      Used:      362M (21%)         410M (23%)         354M (20%)         278M (16%)    
[2026-04-03T03:32:46.809+0600][32.288s][info][gc,heap     ] GC(33) O:      Live:         -               196M (11%)         196M (11%)         196M (11%)    
[2026-04-03T03:32:46.809+0600][32.288s][info][gc,heap     ] GC(33) O:   Garbage:         -               165M (9%)          109M (6%)           25M (1%)     
[2026-04-03T03:32:46.809+0600][32.288s][info][gc,heap     ] GC(33) O: Allocated:         -                48M (3%)           48M (3%)           56M (3%)     
[2026-04-03T03:32:46.809+0600][32.288s][info][gc,heap     ] GC(33) O: Reclaimed:         -                  -                56M (3%)          140M (8%)     
[2026-04-03T03:32:46.809+0600][32.288s][info][gc,heap     ] GC(33) O: Compacted:         -                  -                  -                27M (2%)     
[2026-04-03T03:32:46.809+0600][32.288s][info][gc,phases   ] GC(33) O: Old Generation 578M(33%)->672M(38%) 0.830s
[2026-04-03T03:32:46.809+0600][32.289s][info][gc          ] GC(33) Major Collection (Allocation Rate) 502M(29%)->672M(38%) 1.074s
[2026-04-03T03:32:47.285+0600][32.765s][info][gc          ] GC(35) Minor Collection (Allocation Rate)
[2026-04-03T03:32:47.285+0600][32.765s][info][gc,task     ] GC(35) Using 2 Workers for Young Generation
[2026-04-03T03:32:47.285+0600][32.765s][info][gc,phases   ] GC(35) y: Young Generation
[2026-04-03T03:32:47.286+0600][32.765s][info][gc,phases   ] GC(35) y: Pause Mark Start 0.018ms
[2026-04-03T03:32:47.558+0600][33.038s][info][gc,phases   ] GC(35) y: Concurrent Mark 272.242ms
[2026-04-03T03:32:47.558+0600][33.038s][info][gc,phases   ] GC(35) y: Pause Mark End 0.033ms
[2026-04-03T03:32:47.559+0600][33.038s][info][gc,phases   ] GC(35) y: Concurrent Mark Free 0.004ms
[2026-04-03T03:32:47.559+0600][33.038s][info][gc,phases   ] GC(35) y: Concurrent Reset Relocation Set 0.022ms
[2026-04-03T03:32:47.563+0600][33.042s][info][gc,reloc    ] GC(35) y: Using tenuring threshold: 1 (Computed)
[2026-04-03T03:32:47.613+0600][33.092s][info][gc,phases   ] GC(35) y: Concurrent Select Relocation Set 54.157ms
[2026-04-03T03:32:47.613+0600][33.093s][info][gc,phases   ] GC(35) y: Pause Relocate Start 0.023ms
[2026-04-03T03:32:47.696+0600][33.176s][info][gc,phases   ] GC(35) y: Concurrent Relocate 82.842ms
[2026-04-03T03:32:47.696+0600][33.176s][info][gc,alloc    ] GC(35) y:                         Mark Start        Mark End      Relocate Start    Relocate End   
[2026-04-03T03:32:47.696+0600][33.176s][info][gc,alloc    ] GC(35) y: Allocation Stalls:          0                0                0                0         
[2026-04-03T03:32:47.696+0600][33.176s][info][gc,load     ] GC(35) y: Load: 4.04 (34%) / 4.19 (35%) / 4.77 (40%)
[2026-04-03T03:32:47.696+0600][33.176s][info][gc,mmu      ] GC(35) y: MMU: 2ms/90.3%, 5ms/96.1%, 10ms/97.9%, 20ms/98.9%, 50ms/99.4%, 100ms/99.7%
[2026-04-03T03:32:47.696+0600][33.176s][info][gc,marking  ] GC(35) y: Mark: 2 stripe(s), 10 proactive flush(es), 1 terminate flush(es), 0 completion(s), 0 continuation(s) 
[2026-04-03T03:32:47.696+0600][33.176s][info][gc,marking  ] GC(35) y: Mark Stack Usage: 32M
[2026-04-03T03:32:47.696+0600][33.176s][info][gc,nmethod  ] GC(35) y: NMethods: 5967 registered, 339 unregistered
[2026-04-03T03:32:47.696+0600][33.176s][info][gc,metaspace] GC(35) y: Metaspace: 68M used, 69M committed, 1088M reserved
[2026-04-03T03:32:47.696+0600][33.176s][info][gc,reloc    ] GC(35) y:                        Candidates     Selected     In-Place         Size        Empty    Relocated 
[2026-04-03T03:32:47.696+0600][33.176s][info][gc,reloc    ] GC(35) y: Small Pages:                  216           53            0         432M         294M           7M 
[2026-04-03T03:32:47.696+0600][33.176s][info][gc,reloc    ] GC(35) y: Medium Pages:                   1            0            0          32M          32M           0M 
[2026-04-03T03:32:47.696+0600][33.176s][info][gc,reloc    ] GC(35) y: Large Pages:                   10            0            0          84M          44M           0M 
[2026-04-03T03:32:47.696+0600][33.176s][info][gc,reloc    ] GC(35) y: Forwarding Usage: 8M
[2026-04-03T03:32:47.696+0600][33.176s][info][gc,reloc    ] GC(35) y: Age Table:
[2026-04-03T03:32:47.696+0600][33.176s][info][gc,reloc    ] GC(35) y:                    Live             Garbage             Small              Medium             Large        
[2026-04-03T03:32:47.696+0600][33.176s][info][gc,reloc    ] GC(35) y: Eden              18M (1%)          475M (27%)        204 / 52             1 / 0              7 / 0        
[2026-04-03T03:32:47.696+0600][33.176s][info][gc,reloc    ] GC(35) y: Survivor 1        29M (2%)            0M (0%)           5 / 0              0 / 0              2 / 0        
[2026-04-03T03:32:47.696+0600][33.176s][info][gc,reloc    ] GC(35) y: Survivor 2        16M (1%)            3M (0%)           5 / 1              0 / 0              1 / 0        
[2026-04-03T03:32:47.696+0600][33.176s][info][gc,reloc    ] GC(35) y: Survivor 3         3M (0%)            0M (0%)           2 / 0              0 / 0              0 / 0        
[2026-04-03T03:32:47.696+0600][33.176s][info][gc,heap     ] GC(35) y: Min Capacity: 8M(0%)
[2026-04-03T03:32:47.697+0600][33.176s][info][gc,heap     ] GC(35) y: Max Capacity: 1750M(100%)
[2026-04-03T03:32:47.697+0600][33.176s][info][gc,heap     ] GC(35) y: Soft Max Capacity: 1750M(100%)
[2026-04-03T03:32:47.697+0600][33.176s][info][gc,heap     ] GC(35) y: Heap Statistics:
[2026-04-03T03:32:47.697+0600][33.176s][info][gc,heap     ] GC(35) y:                Mark Start          Mark End        Relocate Start      Relocate End           High               Low         
[2026-04-03T03:32:47.697+0600][33.176s][info][gc,heap     ] GC(35) y:  Capacity:     1750M (100%)       1750M (100%)       1750M (100%)       1750M (100%)       1750M (100%)       1750M (100%)   
[2026-04-03T03:32:47.697+0600][33.176s][info][gc,heap     ] GC(35) y:      Free:      924M (53%)         670M (38%)         978M (56%)        1014M (58%)        1074M (61%)         670M (38%)    
[2026-04-03T03:32:47.697+0600][33.176s][info][gc,heap     ] GC(35) y:      Used:      826M (47%)        1080M (62%)         772M (44%)         736M (42%)        1080M (62%)         676M (39%)    
[2026-04-03T03:32:47.697+0600][33.176s][info][gc,heap     ] GC(35) y: Young Generation Statistics:
[2026-04-03T03:32:47.697+0600][33.176s][info][gc,heap     ] GC(35) y:                Mark Start          Mark End        Relocate Start      Relocate End    
[2026-04-03T03:32:47.697+0600][33.176s][info][gc,heap     ] GC(35) y:      Used:      548M (31%)         802M (46%)         442M (25%)         404M (23%)    
[2026-04-03T03:32:47.697+0600][33.176s][info][gc,heap     ] GC(35) y:      Live:         -                68M (4%)           18M (1%)           18M (1%)     
[2026-04-03T03:32:47.697+0600][33.176s][info][gc,heap     ] GC(35) y:   Garbage:         -               479M (27%)         107M (6%)            0M (0%)     
[2026-04-03T03:32:47.697+0600][33.176s][info][gc,heap     ] GC(35) y: Allocated:         -               254M (15%)         316M (18%)         385M (22%)    
[2026-04-03T03:32:47.697+0600][33.176s][info][gc,heap     ] GC(35) y: Reclaimed:         -                  -               372M (21%)         479M (27%)    
[2026-04-03T03:32:47.697+0600][33.176s][info][gc,heap     ] GC(35) y:  Promoted:         -                  -                49M (3%)           49M (3%)     
[2026-04-03T03:32:47.697+0600][33.176s][info][gc,heap     ] GC(35) y: Compacted:         -                  -                  -                 8M (0%)     
[2026-04-03T03:32:47.697+0600][33.176s][info][gc,phases   ] GC(35) y: Young Generation 826M(47%)->736M(42%) 0.411s
[2026-04-03T03:32:47.697+0600][33.176s][info][gc          ] GC(35) Minor Collection (Allocation Rate) 826M(47%)->738M(42%) 0.411s
[2026-04-03T03:32:47.772+0600][33.252s][info][gc          ] GC(36) Minor Collection (Allocation Rate)
[2026-04-03T03:32:47.772+0600][33.252s][info][gc,task     ] GC(36) Using 2 Workers for Young Generation
[2026-04-03T03:32:47.772+0600][33.252s][info][gc,phases   ] GC(36) y: Young Generation
[2026-04-03T03:32:47.772+0600][33.252s][info][gc,phases   ] GC(36) y: Pause Mark Start 0.025ms
[2026-04-03T03:32:47.909+0600][33.388s][info][gc,phases   ] GC(36) y: Concurrent Mark 136.231ms
[2026-04-03T03:32:47.909+0600][33.389s][info][gc,phases   ] GC(36) y: Pause Mark End 0.060ms
[2026-04-03T03:32:47.909+0600][33.389s][info][gc,phases   ] GC(36) y: Concurrent Mark Free 0.002ms
[2026-04-03T03:32:47.909+0600][33.389s][info][gc,phases   ] GC(36) y: Concurrent Reset Relocation Set 0.048ms
[2026-04-03T03:32:47.916+0600][33.395s][info][gc,reloc    ] GC(36) y: Using tenuring threshold: 2 (Computed)
[2026-04-03T03:32:47.939+0600][33.418s][info][gc,phases   ] GC(36) y: Concurrent Select Relocation Set 29.349ms
[2026-04-03T03:32:47.939+0600][33.419s][info][gc,phases   ] GC(36) y: Pause Relocate Start 0.043ms
[2026-04-03T03:32:48.045+0600][33.525s][info][gc,phases   ] GC(36) y: Concurrent Relocate 105.862ms
[2026-04-03T03:32:48.045+0600][33.525s][info][gc,alloc    ] GC(36) y:                         Mark Start        Mark End      Relocate Start    Relocate End   
[2026-04-03T03:32:48.045+0600][33.525s][info][gc,alloc    ] GC(36) y: Allocation Stalls:          0                0                0                0         
[2026-04-03T03:32:48.045+0600][33.525s][info][gc,load     ] GC(36) y: Load: 4.04 (34%) / 4.19 (35%) / 4.77 (40%)
[2026-04-03T03:32:48.045+0600][33.525s][info][gc,mmu      ] GC(36) y: MMU: 2ms/90.3%, 5ms/96.1%, 10ms/97.9%, 20ms/98.9%, 50ms/99.4%, 100ms/99.7%
[2026-04-03T03:32:48.045+0600][33.525s][info][gc,marking  ] GC(36) y: Mark: 2 stripe(s), 3 proactive flush(es), 1 terminate flush(es), 0 completion(s), 0 continuation(s) 
[2026-04-03T03:32:48.045+0600][33.525s][info][gc,marking  ] GC(36) y: Mark Stack Usage: 32M
[2026-04-03T03:32:48.045+0600][33.525s][info][gc,nmethod  ] GC(36) y: NMethods: 6010 registered, 339 unregistered
[2026-04-03T03:32:48.045+0600][33.525s][info][gc,metaspace] GC(36) y: Metaspace: 68M used, 69M committed, 1088M reserved
[2026-04-03T03:32:48.045+0600][33.525s][info][gc,reloc    ] GC(36) y:                        Candidates     Selected     In-Place         Size        Empty    Relocated 
[2026-04-03T03:32:48.045+0600][33.525s][info][gc,reloc    ] GC(36) y: Small Pages:                  237          209            0         474M           4M          38M 
[2026-04-03T03:32:48.045+0600][33.525s][info][gc,reloc    ] GC(36) y: Medium Pages:                   1            0            0          32M           0M           0M 
[2026-04-03T03:32:48.045+0600][33.525s][info][gc,reloc    ] GC(36) y: Large Pages:                    3            0            0          22M          16M           0M 
[2026-04-03T03:32:48.045+0600][33.525s][info][gc,reloc    ] GC(36) y: Forwarding Usage: 42M
[2026-04-03T03:32:48.045+0600][33.525s][info][gc,reloc    ] GC(36) y: Age Table:
[2026-04-03T03:32:48.045+0600][33.525s][info][gc,reloc    ] GC(36) y:                    Live             Garbage             Small              Medium             Large        
[2026-04-03T03:32:48.045+0600][33.525s][info][gc,reloc    ] GC(36) y: Eden              55M (3%)          450M (26%)        231 / 206            1 / 0              2 / 0        
[2026-04-03T03:32:48.045+0600][33.525s][info][gc,reloc    ] GC(36) y: Survivor 1         0M (0%)           21M (1%)           6 / 3              0 / 0              1 / 0        
[2026-04-03T03:32:48.045+0600][33.525s][info][gc,heap     ] GC(36) y: Min Capacity: 8M(0%)
[2026-04-03T03:32:48.045+0600][33.525s][info][gc,heap     ] GC(36) y: Max Capacity: 1750M(100%)
[2026-04-03T03:32:48.045+0600][33.525s][info][gc,heap     ] GC(36) y: Soft Max Capacity: 1750M(100%)
[2026-04-03T03:32:48.045+0600][33.525s][info][gc,heap     ] GC(36) y: Heap Statistics:
[2026-04-03T03:32:48.045+0600][33.525s][info][gc,heap     ] GC(36) y:                Mark Start          Mark End        Relocate Start      Relocate End           High               Low         
[2026-04-03T03:32:48.045+0600][33.525s][info][gc,heap     ] GC(36) y:  Capacity:     1750M (100%)       1750M (100%)       1750M (100%)       1750M (100%)       1750M (100%)       1750M (100%)   
[2026-04-03T03:32:48.045+0600][33.525s][info][gc,heap     ] GC(36) y:      Free:      890M (51%)         702M (40%)         666M (38%)        1042M (60%)        1042M (60%)         656M (37%)    
[2026-04-03T03:32:48.045+0600][33.525s][info][gc,heap     ] GC(36) y:      Used:      860M (49%)        1048M (60%)        1084M (62%)         708M (40%)        1094M (63%)         708M (40%)    
[2026-04-03T03:32:48.046+0600][33.525s][info][gc,heap     ] GC(36) y: Young Generation Statistics:
[2026-04-03T03:32:48.046+0600][33.525s][info][gc,heap     ] GC(36) y:                Mark Start          Mark End        Relocate Start      Relocate End    
[2026-04-03T03:32:48.046+0600][33.525s][info][gc,heap     ] GC(36) y:      Used:      528M (30%)         716M (41%)         752M (43%)         376M (21%)    
[2026-04-03T03:32:48.046+0600][33.525s][info][gc,heap     ] GC(36) y:      Live:         -                56M (3%)           56M (3%)           56M (3%)     
[2026-04-03T03:32:48.046+0600][33.525s][info][gc,heap     ] GC(36) y:   Garbage:         -               471M (27%)         451M (26%)          27M (2%)     
[2026-04-03T03:32:48.046+0600][33.525s][info][gc,heap     ] GC(36) y: Allocated:         -               188M (11%)         244M (14%)         292M (17%)    
[2026-04-03T03:32:48.046+0600][33.525s][info][gc,heap     ] GC(36) y: Reclaimed:         -                  -                20M (1%)          444M (25%)    
[2026-04-03T03:32:48.046+0600][33.525s][info][gc,heap     ] GC(36) y:  Promoted:         -                  -                 0M (0%)            0M (0%)     
[2026-04-03T03:32:48.046+0600][33.525s][info][gc,heap     ] GC(36) y: Compacted:         -                  -                  -                43M (2%)     
[2026-04-03T03:32:48.046+0600][33.525s][info][gc,phases   ] GC(36) y: Young Generation 860M(49%)->708M(40%) 0.273s
[2026-04-03T03:32:48.046+0600][33.525s][info][gc          ] GC(36) Minor Collection (Allocation Rate) 860M(49%)->708M(40%) 0.274s
[2026-04-03T03:32:48.507+0600][33.987s][info][gc          ] GC(37) Minor Collection (Allocation Rate)
[2026-04-03T03:32:48.507+0600][33.987s][info][gc,task     ] GC(37) Using 2 Workers for Young Generation
[2026-04-03T03:32:48.507+0600][33.987s][info][gc,phases   ] GC(37) y: Young Generation
[2026-04-03T03:32:48.508+0600][33.987s][info][gc,phases   ] GC(37) y: Pause Mark Start 0.033ms
[2026-04-03T03:32:48.931+0600][34.410s][info][gc,phases   ] GC(37) y: Concurrent Mark 422.960ms
[2026-04-03T03:32:48.931+0600][34.411s][info][gc,phases   ] GC(37) y: Pause Mark End 0.036ms
[2026-04-03T03:32:48.931+0600][34.411s][info][gc,phases   ] GC(37) y: Concurrent Mark Free 0.004ms
[2026-04-03T03:32:48.931+0600][34.411s][info][gc,phases   ] GC(37) y: Concurrent Reset Relocation Set 0.052ms
[2026-04-03T03:32:48.935+0600][34.415s][info][gc,reloc    ] GC(37) y: Using tenuring threshold: 3 (Computed)
[2026-04-03T03:32:48.942+0600][34.422s][info][gc,phases   ] GC(37) y: Concurrent Select Relocation Set 10.917ms
[2026-04-03T03:32:48.944+0600][34.423s][info][gc,phases   ] GC(37) y: Pause Relocate Start 0.037ms
[2026-04-03T03:32:49.037+0600][34.517s][info][gc,phases   ] GC(37) y: Concurrent Relocate 93.306ms
[2026-04-03T03:32:49.037+0600][34.517s][info][gc,alloc    ] GC(37) y:                         Mark Start        Mark End      Relocate Start    Relocate End   
[2026-04-03T03:32:49.037+0600][34.517s][info][gc,alloc    ] GC(37) y: Allocation Stalls:          0                0                0                0         
[2026-04-03T03:32:49.037+0600][34.517s][info][gc,load     ] GC(37) y: Load: 4.04 (34%) / 4.19 (35%) / 4.77 (40%)
[2026-04-03T03:32:49.037+0600][34.517s][info][gc,mmu      ] GC(37) y: MMU: 2ms/90.3%, 5ms/96.1%, 10ms/97.9%, 20ms/98.9%, 50ms/99.4%, 100ms/99.7%
[2026-04-03T03:32:49.037+0600][34.517s][info][gc,marking  ] GC(37) y: Mark: 2 stripe(s), 2 proactive flush(es), 1 terminate flush(es), 0 completion(s), 0 continuation(s) 
[2026-04-03T03:32:49.037+0600][34.517s][info][gc,marking  ] GC(37) y: Mark Stack Usage: 32M
[2026-04-03T03:32:49.037+0600][34.517s][info][gc,nmethod  ] GC(37) y: NMethods: 6106 registered, 339 unregistered
[2026-04-03T03:32:49.037+0600][34.517s][info][gc,metaspace] GC(37) y: Metaspace: 70M used, 71M committed, 1088M reserved
[2026-04-03T03:32:49.037+0600][34.517s][info][gc,reloc    ] GC(37) y:                        Candidates     Selected     In-Place         Size        Empty    Relocated 
[2026-04-03T03:32:49.037+0600][34.517s][info][gc,reloc    ] GC(37) y: Small Pages:                  174          126            0         348M          28M          22M 
[2026-04-03T03:32:49.037+0600][34.517s][info][gc,reloc    ] GC(37) y: Medium Pages:                   3            1            0          96M          32M          10M 
[2026-04-03T03:32:49.037+0600][34.517s][info][gc,reloc    ] GC(37) y: Large Pages:                    3            0            0          18M          12M           0M 
[2026-04-03T03:32:49.037+0600][34.517s][info][gc,reloc    ] GC(37) y: Forwarding Usage: 23M
[2026-04-03T03:32:49.037+0600][34.517s][info][gc,reloc    ] GC(37) y: Age Table:
[2026-04-03T03:32:49.037+0600][34.517s][info][gc,reloc    ] GC(37) y:                    Live             Garbage             Small              Medium             Large        
[2026-04-03T03:32:49.037+0600][34.517s][info][gc,reloc    ] GC(37) y: Eden              40M (2%)          325M (19%)        145 / 117            2 / 1              2 / 0        
[2026-04-03T03:32:49.037+0600][34.517s][info][gc,reloc    ] GC(37) y: Survivor 1        29M (2%)           62M (4%)          27 / 7              1 / 0              1 / 0        
[2026-04-03T03:32:49.037+0600][34.517s][info][gc,reloc    ] GC(37) y: Survivor 2         0M (0%)            3M (0%)           2 / 2              0 / 0              0 / 0        
[2026-04-03T03:32:49.037+0600][34.517s][info][gc,heap     ] GC(37) y: Min Capacity: 8M(0%)
[2026-04-03T03:32:49.037+0600][34.517s][info][gc,heap     ] GC(37) y: Max Capacity: 1750M(100%)
[2026-04-03T03:32:49.037+0600][34.517s][info][gc,heap     ] GC(37) y: Soft Max Capacity: 1750M(100%)
[2026-04-03T03:32:49.038+0600][34.517s][info][gc,heap     ] GC(37) y: Heap Statistics:
[2026-04-03T03:32:49.038+0600][34.517s][info][gc,heap     ] GC(37) y:                Mark Start          Mark End        Relocate Start      Relocate End           High               Low         
[2026-04-03T03:32:49.038+0600][34.517s][info][gc,heap     ] GC(37) y:  Capacity:     1750M (100%)       1750M (100%)       1750M (100%)       1750M (100%)       1750M (100%)       1750M (100%)   
[2026-04-03T03:32:49.038+0600][34.517s][info][gc,heap     ] GC(37) y:      Free:      956M (55%)         842M (48%)         914M (52%)        1146M (65%)        1146M (65%)         838M (48%)    
[2026-04-03T03:32:49.038+0600][34.517s][info][gc,heap     ] GC(37) y:      Used:      794M (45%)         908M (52%)         836M (48%)         604M (35%)         912M (52%)         604M (35%)    
[2026-04-03T03:32:49.038+0600][34.517s][info][gc,heap     ] GC(37) y: Young Generation Statistics:
[2026-04-03T03:32:49.038+0600][34.517s][info][gc,heap     ] GC(37) y:                Mark Start          Mark End        Relocate Start      Relocate End    
[2026-04-03T03:32:49.038+0600][34.517s][info][gc,heap     ] GC(37) y:      Used:      462M (26%)         576M (33%)         504M (29%)         272M (16%)    
[2026-04-03T03:32:49.038+0600][34.517s][info][gc,heap     ] GC(37) y:      Live:         -                70M (4%)           70M (4%)           70M (4%)     
[2026-04-03T03:32:49.038+0600][34.517s][info][gc,heap     ] GC(37) y:   Garbage:         -               391M (22%)         319M (18%)          11M (1%)     
[2026-04-03T03:32:49.038+0600][34.517s][info][gc,heap     ] GC(37) y: Allocated:         -               114M (7%)          114M (7%)          190M (11%)    
[2026-04-03T03:32:49.038+0600][34.517s][info][gc,heap     ] GC(37) y: Reclaimed:         -                  -                72M (4%)          380M (22%)    
[2026-04-03T03:32:49.038+0600][34.517s][info][gc,heap     ] GC(37) y:  Promoted:         -                  -                 0M (0%)            0M (0%)     
[2026-04-03T03:32:49.038+0600][34.517s][info][gc,heap     ] GC(37) y: Compacted:         -                  -                  -                37M (2%)     
[2026-04-03T03:32:49.038+0600][34.517s][info][gc,phases   ] GC(37) y: Young Generation 794M(45%)->604M(35%) 0.530s
[2026-04-03T03:32:49.038+0600][34.517s][info][gc          ] GC(37) Minor Collection (Allocation Rate) 792M(45%)->604M(35%) 0.531s
[2026-04-03T03:32:49.140+0600][34.619s][info][gc          ] GC(38) Minor Collection (Allocation Rate)
[2026-04-03T03:32:49.140+0600][34.619s][info][gc,task     ] GC(38) Using 3 Workers for Young Generation
[2026-04-03T03:32:49.140+0600][34.619s][info][gc,phases   ] GC(38) y: Young Generation
[2026-04-03T03:32:49.141+0600][34.620s][info][gc,phases   ] GC(38) y: Pause Mark Start 0.061ms
[2026-04-03T03:32:49.343+0600][34.822s][info][gc,phases   ] GC(38) y: Concurrent Mark 202.036ms
[2026-04-03T03:32:49.343+0600][34.823s][info][gc,phases   ] GC(38) y: Pause Mark End 0.038ms
[2026-04-03T03:32:49.343+0600][34.823s][info][gc,phases   ] GC(38) y: Concurrent Mark Free 0.004ms
[2026-04-03T03:32:49.343+0600][34.823s][info][gc,phases   ] GC(38) y: Concurrent Reset Relocation Set 0.041ms
[2026-04-03T03:32:49.347+0600][34.826s][info][gc,reloc    ] GC(38) y: Using tenuring threshold: 4 (Computed)
[2026-04-03T03:32:49.351+0600][34.830s][info][gc,phases   ] GC(38) y: Concurrent Select Relocation Set 7.227ms
[2026-04-03T03:32:49.351+0600][34.831s][info][gc,phases   ] GC(38) y: Pause Relocate Start 0.024ms
[2026-04-03T03:32:49.412+0600][34.892s][info][gc,phases   ] GC(38) y: Concurrent Relocate 61.003ms
[2026-04-03T03:32:49.412+0600][34.892s][info][gc,alloc    ] GC(38) y:                         Mark Start        Mark End      Relocate Start    Relocate End   
[2026-04-03T03:32:49.412+0600][34.892s][info][gc,alloc    ] GC(38) y: Allocation Stalls:          0                0                0                0         
[2026-04-03T03:32:49.412+0600][34.892s][info][gc,load     ] GC(38) y: Load: 4.04 (34%) / 4.19 (35%) / 4.77 (40%)
[2026-04-03T03:32:49.412+0600][34.892s][info][gc,mmu      ] GC(38) y: MMU: 2ms/90.3%, 5ms/96.1%, 10ms/97.9%, 20ms/98.9%, 50ms/99.4%, 100ms/99.7%
[2026-04-03T03:32:49.412+0600][34.892s][info][gc,marking  ] GC(38) y: Mark: 2 stripe(s), 2 proactive flush(es), 1 terminate flush(es), 0 completion(s), 0 continuation(s) 
[2026-04-03T03:32:49.412+0600][34.892s][info][gc,marking  ] GC(38) y: Mark Stack Usage: 32M
[2026-04-03T03:32:49.412+0600][34.892s][info][gc,nmethod  ] GC(38) y: NMethods: 6286 registered, 339 unregistered
[2026-04-03T03:32:49.412+0600][34.892s][info][gc,metaspace] GC(38) y: Metaspace: 70M used, 71M committed, 1088M reserved
[2026-04-03T03:32:49.412+0600][34.892s][info][gc,reloc    ] GC(38) y:                        Candidates     Selected     In-Place         Size        Empty    Relocated 
[2026-04-03T03:32:49.412+0600][34.892s][info][gc,reloc    ] GC(38) y: Small Pages:                   71           49            0         142M           4M          16M 
[2026-04-03T03:32:49.412+0600][34.892s][info][gc,reloc    ] GC(38) y: Medium Pages:                   5            3            0         160M           0M          11M 
[2026-04-03T03:32:49.412+0600][34.892s][info][gc,reloc    ] GC(38) y: Large Pages:                    6            0            0          36M          18M           0M 
[2026-04-03T03:32:49.412+0600][34.892s][info][gc,reloc    ] GC(38) y: Forwarding Usage: 26M
[2026-04-03T03:32:49.412+0600][34.892s][info][gc,reloc    ] GC(38) y: Age Table:
[2026-04-03T03:32:49.412+0600][34.892s][info][gc,reloc    ] GC(38) y:                    Live             Garbage             Small              Medium             Large        
[2026-04-03T03:32:49.412+0600][34.892s][info][gc,reloc    ] GC(38) y: Eden              55M (3%)          128M (7%)          29 / 26             3 / 2              5 / 0        
[2026-04-03T03:32:49.412+0600][34.892s][info][gc,reloc    ] GC(38) y: Survivor 1        16M (1%)           79M (5%)          13 / 3              2 / 1              1 / 0        
[2026-04-03T03:32:49.412+0600][34.892s][info][gc,reloc    ] GC(38) y: Survivor 2        15M (1%)           30M (2%)          23 / 15             0 / 0              0 / 0        
[2026-04-03T03:32:49.412+0600][34.892s][info][gc,reloc    ] GC(38) y: Survivor 3         0M (0%)           11M (1%)           6 / 5              0 / 0              0 / 0        
[2026-04-03T03:32:49.413+0600][34.892s][info][gc,heap     ] GC(38) y: Min Capacity: 8M(0%)
[2026-04-03T03:32:49.413+0600][34.892s][info][gc,heap     ] GC(38) y: Max Capacity: 1750M(100%)
[2026-04-03T03:32:49.413+0600][34.892s][info][gc,heap     ] GC(38) y: Soft Max Capacity: 1750M(100%)
[2026-04-03T03:32:49.413+0600][34.892s][info][gc,heap     ] GC(38) y: Heap Statistics:
[2026-04-03T03:32:49.413+0600][34.892s][info][gc,heap     ] GC(38) y:                Mark Start          Mark End        Relocate Start      Relocate End           High               Low         
[2026-04-03T03:32:49.413+0600][34.892s][info][gc,heap     ] GC(38) y:  Capacity:     1750M (100%)       1750M (100%)       1750M (100%)       1750M (100%)       1750M (100%)       1750M (100%)   
[2026-04-03T03:32:49.413+0600][34.892s][info][gc,heap     ] GC(38) y:      Free:     1080M (62%)         928M (53%)         948M (54%)         998M (57%)        1080M (62%)         834M (48%)    
[2026-04-03T03:32:49.413+0600][34.892s][info][gc,heap     ] GC(38) y:      Used:      670M (38%)         822M (47%)         802M (46%)         752M (43%)         916M (52%)         670M (38%)    
[2026-04-03T03:32:49.413+0600][34.892s][info][gc,heap     ] GC(38) y: Young Generation Statistics:
[2026-04-03T03:32:49.413+0600][34.892s][info][gc,heap     ] GC(38) y:                Mark Start          Mark End        Relocate Start      Relocate End    
[2026-04-03T03:32:49.413+0600][34.892s][info][gc,heap     ] GC(38) y:      Used:      338M (19%)         490M (28%)         470M (27%)         420M (24%)    
[2026-04-03T03:32:49.413+0600][34.892s][info][gc,heap     ] GC(38) y:      Live:         -                88M (5%)           88M (5%)           88M (5%)     
[2026-04-03T03:32:49.413+0600][34.892s][info][gc,heap     ] GC(38) y:   Garbage:         -               249M (14%)         227M (13%)           9M (1%)     
[2026-04-03T03:32:49.413+0600][34.892s][info][gc,heap     ] GC(38) y: Allocated:         -               152M (9%)          154M (9%)          322M (18%)    
[2026-04-03T03:32:49.413+0600][34.892s][info][gc,heap     ] GC(38) y: Reclaimed:         -                  -                22M (1%)          240M (14%)    
[2026-04-03T03:32:49.413+0600][34.892s][info][gc,heap     ] GC(38) y:  Promoted:         -                  -                 0M (0%)            0M (0%)     
[2026-04-03T03:32:49.413+0600][34.892s][info][gc,heap     ] GC(38) y: Compacted:         -                  -                  -                39M (2%)     
[2026-04-03T03:32:49.413+0600][34.892s][info][gc,phases   ] GC(38) y: Young Generation 670M(38%)->752M(43%) 0.272s
[2026-04-03T03:32:49.413+0600][34.892s][info][gc          ] GC(38) Minor Collection (Allocation Rate) 670M(38%)->752M(43%) 0.273s
[2026-04-03T03:32:49.484+0600][34.964s][info][gc          ] GC(39) Minor Collection (Allocation Rate)
[2026-04-03T03:32:49.484+0600][34.964s][info][gc,task     ] GC(39) Using 3 Workers for Young Generation
[2026-04-03T03:32:49.484+0600][34.964s][info][gc,phases   ] GC(39) y: Young Generation
[2026-04-03T03:32:49.484+0600][34.964s][info][gc,phases   ] GC(39) y: Pause Mark Start 0.018ms
[2026-04-03T03:32:49.554+0600][35.033s][info][gc,phases   ] GC(39) y: Concurrent Mark 69.066ms
[2026-04-03T03:32:49.554+0600][35.034s][info][gc,phases   ] GC(39) y: Pause Mark End 0.043ms
[2026-04-03T03:32:49.554+0600][35.034s][info][gc,phases   ] GC(39) y: Concurrent Mark Free 0.001ms
[2026-04-03T03:32:49.554+0600][35.034s][info][gc,phases   ] GC(39) y: Concurrent Reset Relocation Set 0.017ms
[2026-04-03T03:32:49.557+0600][35.037s][info][gc,reloc    ] GC(39) y: Using tenuring threshold: 1 (Computed)
[2026-04-03T03:32:49.564+0600][35.043s][info][gc,phases   ] GC(39) y: Concurrent Select Relocation Set 9.548ms
[2026-04-03T03:32:49.564+0600][35.044s][info][gc,phases   ] GC(39) y: Pause Relocate Start 0.058ms
[2026-04-03T03:32:49.624+0600][35.103s][info][gc,phases   ] GC(39) y: Concurrent Relocate 59.530ms
[2026-04-03T03:32:49.624+0600][35.104s][info][gc,alloc    ] GC(39) y:                         Mark Start        Mark End      Relocate Start    Relocate End   
[2026-04-03T03:32:49.624+0600][35.104s][info][gc,alloc    ] GC(39) y: Allocation Stalls:          0                0                0                0         
[2026-04-03T03:32:49.624+0600][35.104s][info][gc,load     ] GC(39) y: Load: 4.04 (34%) / 4.19 (35%) / 4.77 (40%)
[2026-04-03T03:32:49.624+0600][35.104s][info][gc,mmu      ] GC(39) y: MMU: 2ms/90.3%, 5ms/96.1%, 10ms/97.9%, 20ms/98.9%, 50ms/99.4%, 100ms/99.7%
[2026-04-03T03:32:49.624+0600][35.104s][info][gc,marking  ] GC(39) y: Mark: 2 stripe(s), 3 proactive flush(es), 1 terminate flush(es), 0 completion(s), 0 continuation(s) 
[2026-04-03T03:32:49.624+0600][35.104s][info][gc,marking  ] GC(39) y: Mark Stack Usage: 32M
[2026-04-03T03:32:49.624+0600][35.104s][info][gc,nmethod  ] GC(39) y: NMethods: 6315 registered, 339 unregistered
[2026-04-03T03:32:49.624+0600][35.104s][info][gc,metaspace] GC(39) y: Metaspace: 70M used, 71M committed, 1088M reserved
[2026-04-03T03:32:49.624+0600][35.104s][info][gc,reloc    ] GC(39) y:                        Candidates     Selected     In-Place         Size        Empty    Relocated 
[2026-04-03T03:32:49.624+0600][35.104s][info][gc,reloc    ] GC(39) y: Small Pages:                  161          126            0         322M          32M          25M 
[2026-04-03T03:32:49.624+0600][35.104s][info][gc,reloc    ] GC(39) y: Medium Pages:                   5            1            0         160M          64M           9M 
[2026-04-03T03:32:49.624+0600][35.104s][info][gc,reloc    ] GC(39) y: Large Pages:                   13            0            0          82M          44M           0M 
[2026-04-03T03:32:49.624+0600][35.104s][info][gc,reloc    ] GC(39) y: Forwarding Usage: 30M
[2026-04-03T03:32:49.624+0600][35.104s][info][gc,reloc    ] GC(39) y: Age Table:
[2026-04-03T03:32:49.624+0600][35.104s][info][gc,reloc    ] GC(39) y:                    Live             Garbage             Small              Medium             Large        
[2026-04-03T03:32:49.624+0600][35.104s][info][gc,reloc    ] GC(39) y: Eden              96M (6%)          291M (17%)        130 / 114            2 / 1             10 / 0        
[2026-04-03T03:32:49.624+0600][35.104s][info][gc,reloc    ] GC(39) y: Survivor 1         4M (0%)           93M (5%)           8 / 3              2 / 0              3 / 0        
[2026-04-03T03:32:49.624+0600][35.104s][info][gc,reloc    ] GC(39) y: Survivor 2         0M (0%)           53M (3%)          11 / 2              1 / 0              0 / 0        
[2026-04-03T03:32:49.624+0600][35.104s][info][gc,reloc    ] GC(39) y: Survivor 3         0M (0%)           17M (1%)           9 / 5              0 / 0              0 / 0        
[2026-04-03T03:32:49.624+0600][35.104s][info][gc,reloc    ] GC(39) y: Survivor 4         0M (0%)            5M (0%)           3 / 2              0 / 0              0 / 0        
[2026-04-03T03:32:49.624+0600][35.104s][info][gc,heap     ] GC(39) y: Min Capacity: 8M(0%)
[2026-04-03T03:32:49.624+0600][35.104s][info][gc,heap     ] GC(39) y: Max Capacity: 1750M(100%)
[2026-04-03T03:32:49.624+0600][35.104s][info][gc,heap     ] GC(39) y: Soft Max Capacity: 1750M(100%)
[2026-04-03T03:32:49.624+0600][35.104s][info][gc,heap     ] GC(39) y: Heap Statistics:
[2026-04-03T03:32:49.624+0600][35.104s][info][gc,heap     ] GC(39) y:                Mark Start          Mark End        Relocate Start      Relocate End           High               Low         
[2026-04-03T03:32:49.624+0600][35.104s][info][gc,heap     ] GC(39) y:  Capacity:     1750M (100%)       1750M (100%)       1750M (100%)       1750M (100%)       1750M (100%)       1750M (100%)   
[2026-04-03T03:32:49.624+0600][35.104s][info][gc,heap     ] GC(39) y:      Free:      854M (49%)         760M (43%)         888M (51%)        1124M (64%)        1124M (64%)         760M (43%)    
[2026-04-03T03:32:49.624+0600][35.104s][info][gc,heap     ] GC(39) y:      Used:      896M (51%)         990M (57%)         862M (49%)         626M (36%)         990M (57%)         626M (36%)    
[2026-04-03T03:32:49.624+0600][35.104s][info][gc,heap     ] GC(39) y: Young Generation Statistics:
[2026-04-03T03:32:49.624+0600][35.104s][info][gc,heap     ] GC(39) y:                Mark Start          Mark End        Relocate Start      Relocate End    
[2026-04-03T03:32:49.624+0600][35.104s][info][gc,heap     ] GC(39) y:      Used:      564M (32%)         658M (38%)         526M (30%)         254M (15%)    
[2026-04-03T03:32:49.624+0600][35.104s][info][gc,heap     ] GC(39) y:      Live:         -               101M (6%)           98M (6%)           96M (6%)     
[2026-04-03T03:32:49.624+0600][35.104s][info][gc,heap     ] GC(39) y:   Garbage:         -               462M (26%)         321M (18%)          12M (1%)     
[2026-04-03T03:32:49.624+0600][35.104s][info][gc,heap     ] GC(39) y: Allocated:         -                94M (5%)          106M (6%)          145M (8%)     
[2026-04-03T03:32:49.624+0600][35.104s][info][gc,heap     ] GC(39) y: Reclaimed:         -                  -               141M (8%)          450M (26%)    
[2026-04-03T03:32:49.624+0600][35.104s][info][gc,heap     ] GC(39) y:  Promoted:         -                  -                 2M (0%)            4M (0%)     
[2026-04-03T03:32:49.625+0600][35.104s][info][gc,heap     ] GC(39) y: Compacted:         -                  -                  -                38M (2%)     
[2026-04-03T03:32:49.625+0600][35.104s][info][gc,phases   ] GC(39) y: Young Generation 896M(51%)->626M(36%) 0.140s
[2026-04-03T03:32:49.625+0600][35.104s][info][gc          ] GC(39) Minor Collection (Allocation Rate) 896M(51%)->626M(36%) 0.140s
[2026-04-03T03:32:49.838+0600][35.318s][info][gc          ] GC(40) Minor Collection (Allocation Rate)
[2026-04-03T03:32:49.838+0600][35.318s][info][gc,task     ] GC(40) Using 3 Workers for Young Generation
[2026-04-03T03:32:49.838+0600][35.318s][info][gc,phases   ] GC(40) y: Young Generation
[2026-04-03T03:32:49.838+0600][35.318s][info][gc,phases   ] GC(40) y: Pause Mark Start 0.036ms
[2026-04-03T03:32:49.955+0600][35.435s][info][gc,phases   ] GC(40) y: Concurrent Mark 116.620ms
[2026-04-03T03:32:49.955+0600][35.435s][info][gc,phases   ] GC(40) y: Pause Mark End 0.026ms
[2026-04-03T03:32:49.955+0600][35.435s][info][gc,phases   ] GC(40) y: Concurrent Mark Free 0.002ms
[2026-04-03T03:32:49.955+0600][35.435s][info][gc,phases   ] GC(40) y: Concurrent Reset Relocation Set 0.031ms
[2026-04-03T03:32:49.959+0600][35.439s][info][gc,reloc    ] GC(40) y: Using tenuring threshold: 2 (Computed)
[2026-04-03T03:32:49.962+0600][35.442s][info][gc,phases   ] GC(40) y: Concurrent Select Relocation Set 6.865ms
[2026-04-03T03:32:49.963+0600][35.442s][info][gc,phases   ] GC(40) y: Pause Relocate Start 0.022ms
[2026-04-03T03:32:49.981+0600][35.461s][info][gc,phases   ] GC(40) y: Concurrent Relocate 18.312ms
[2026-04-03T03:32:49.981+0600][35.461s][info][gc,alloc    ] GC(40) y:                         Mark Start        Mark End      Relocate Start    Relocate End   
[2026-04-03T03:32:49.981+0600][35.461s][info][gc,alloc    ] GC(40) y: Allocation Stalls:          0                0                0                0         
[2026-04-03T03:32:49.981+0600][35.461s][info][gc,load     ] GC(40) y: Load: 4.04 (34%) / 4.19 (35%) / 4.77 (40%)
[2026-04-03T03:32:49.981+0600][35.461s][info][gc,mmu      ] GC(40) y: MMU: 2ms/90.3%, 5ms/96.1%, 10ms/97.9%, 20ms/98.9%, 50ms/99.4%, 100ms/99.7%
[2026-04-03T03:32:49.981+0600][35.461s][info][gc,marking  ] GC(40) y: Mark: 2 stripe(s), 5 proactive flush(es), 1 terminate flush(es), 0 completion(s), 0 continuation(s) 
[2026-04-03T03:32:49.981+0600][35.461s][info][gc,marking  ] GC(40) y: Mark Stack Usage: 32M
[2026-04-03T03:32:49.981+0600][35.461s][info][gc,nmethod  ] GC(40) y: NMethods: 6388 registered, 339 unregistered
[2026-04-03T03:32:49.981+0600][35.461s][info][gc,metaspace] GC(40) y: Metaspace: 70M used, 71M committed, 1088M reserved
[2026-04-03T03:32:49.981+0600][35.461s][info][gc,reloc    ] GC(40) y:                        Candidates     Selected     In-Place         Size        Empty    Relocated 
[2026-04-03T03:32:49.981+0600][35.461s][info][gc,reloc    ] GC(40) y: Small Pages:                  216           48            0         432M         272M          10M 
[2026-04-03T03:32:49.981+0600][35.461s][info][gc,reloc    ] GC(40) y: Medium Pages:                   2            1            0          64M           0M           1M 
[2026-04-03T03:32:49.981+0600][35.461s][info][gc,reloc    ] GC(40) y: Large Pages:                    9            0            0          56M          38M           0M 
[2026-04-03T03:32:49.981+0600][35.461s][info][gc,reloc    ] GC(40) y: Forwarding Usage: 11M
[2026-04-03T03:32:49.981+0600][35.461s][info][gc,reloc    ] GC(40) y: Age Table:
[2026-04-03T03:32:49.981+0600][35.461s][info][gc,reloc    ] GC(40) y:                    Live             Garbage             Small              Medium             Large        
[2026-04-03T03:32:49.981+0600][35.461s][info][gc,reloc    ] GC(40) y: Eden              50M (3%)          363M (21%)        198 / 45             0 / 0              3 / 0        
[2026-04-03T03:32:49.981+0600][35.461s][info][gc,reloc    ] GC(40) y: Survivor 1        32M (2%)          105M (6%)          18 / 3              2 / 1              6 / 0        
[2026-04-03T03:32:49.981+0600][35.461s][info][gc,heap     ] GC(40) y: Min Capacity: 8M(0%)
[2026-04-03T03:32:49.981+0600][35.461s][info][gc,heap     ] GC(40) y: Max Capacity: 1750M(100%)
[2026-04-03T03:32:49.981+0600][35.461s][info][gc,heap     ] GC(40) y: Soft Max Capacity: 1750M(100%)
[2026-04-03T03:32:49.981+0600][35.461s][info][gc,heap     ] GC(40) y: Heap Statistics:
[2026-04-03T03:32:49.981+0600][35.461s][info][gc,heap     ] GC(40) y:                Mark Start          Mark End        Relocate Start      Relocate End           High               Low         
[2026-04-03T03:32:49.981+0600][35.461s][info][gc,heap     ] GC(40) y:  Capacity:     1750M (100%)       1750M (100%)       1750M (100%)       1750M (100%)       1750M (100%)       1750M (100%)   
[2026-04-03T03:32:49.981+0600][35.461s][info][gc,heap     ] GC(40) y:      Free:      826M (47%)         670M (38%)         976M (56%)        1092M (62%)        1092M (62%)         670M (38%)    
[2026-04-03T03:32:49.981+0600][35.461s][info][gc,heap     ] GC(40) y:      Used:      924M (53%)        1080M (62%)         774M (44%)         658M (38%)        1080M (62%)         658M (38%)    
[2026-04-03T03:32:49.981+0600][35.461s][info][gc,heap     ] GC(40) y: Young Generation Statistics:
[2026-04-03T03:32:49.981+0600][35.461s][info][gc,heap     ] GC(40) y:                Mark Start          Mark End        Relocate Start      Relocate End    
[2026-04-03T03:32:49.982+0600][35.461s][info][gc,heap     ] GC(40) y:      Used:      552M (32%)         708M (40%)         402M (23%)         286M (16%)    
[2026-04-03T03:32:49.982+0600][35.461s][info][gc,heap     ] GC(40) y:      Live:         -                83M (5%)           83M (5%)           83M (5%)     
[2026-04-03T03:32:49.982+0600][35.461s][info][gc,heap     ] GC(40) y:   Garbage:         -               468M (27%)         158M (9%)            0M (0%)     
[2026-04-03T03:32:49.982+0600][35.461s][info][gc,heap     ] GC(40) y: Allocated:         -               156M (9%)          160M (9%)          202M (12%)    
[2026-04-03T03:32:49.982+0600][35.461s][info][gc,heap     ] GC(40) y: Reclaimed:         -                  -               310M (18%)         468M (27%)    
[2026-04-03T03:32:49.982+0600][35.461s][info][gc,heap     ] GC(40) y:  Promoted:         -                  -                 0M (0%)            0M (0%)     
[2026-04-03T03:32:49.982+0600][35.461s][info][gc,heap     ] GC(40) y: Compacted:         -                  -                  -                15M (1%)     
[2026-04-03T03:32:49.982+0600][35.461s][info][gc,phases   ] GC(40) y: Young Generation 924M(53%)->658M(38%) 0.143s
[2026-04-03T03:32:49.982+0600][35.461s][info][gc          ] GC(40) Minor Collection (Allocation Rate) 924M(53%)->658M(38%) 0.144s
[2026-04-03T03:32:50.098+0600][35.578s][info][gc          ] GC(41) Major Collection (System.gc())
[2026-04-03T03:32:50.098+0600][35.578s][info][gc,task     ] GC(41) Using 3 Workers for Young Generation
[2026-04-03T03:32:50.098+0600][35.578s][info][gc,task     ] GC(41) Using 3 Workers for Old Generation
[2026-04-03T03:32:50.098+0600][35.578s][info][gc,phases   ] GC(41) Y: Young Generation (Promote All)
[2026-04-03T03:32:50.098+0600][35.578s][info][gc,phases   ] GC(41) Y: Pause Mark Start 0.015ms
[2026-04-03T03:32:50.153+0600][35.632s][info][gc,phases   ] GC(41) Y: Concurrent Mark 54.433ms
[2026-04-03T03:32:50.153+0600][35.633s][info][gc,phases   ] GC(41) Y: Pause Mark End 0.020ms
[2026-04-03T03:32:50.153+0600][35.633s][info][gc,phases   ] GC(41) Y: Concurrent Mark Free 0.001ms
[2026-04-03T03:32:50.153+0600][35.633s][info][gc,phases   ] GC(41) Y: Concurrent Reset Relocation Set 0.011ms
[2026-04-03T03:32:50.155+0600][35.634s][info][gc,reloc    ] GC(41) Y: Using tenuring threshold: 0 (Promote All)
[2026-04-03T03:32:50.168+0600][35.647s][info][gc,phases   ] GC(41) Y: Concurrent Select Relocation Set 14.585ms
[2026-04-03T03:32:50.168+0600][35.648s][info][gc,phases   ] GC(41) Y: Pause Relocate Start 0.017ms
[2026-04-03T03:32:50.197+0600][35.677s][info][gc,phases   ] GC(41) Y: Concurrent Relocate 29.102ms
[2026-04-03T03:32:50.197+0600][35.677s][info][gc,alloc    ] GC(41) Y:                         Mark Start        Mark End      Relocate Start    Relocate End   
[2026-04-03T03:32:50.197+0600][35.677s][info][gc,alloc    ] GC(41) Y: Allocation Stalls:          0                0                0                0         
[2026-04-03T03:32:50.197+0600][35.677s][info][gc,load     ] GC(41) Y: Load: 4.04 (34%) / 4.19 (35%) / 4.77 (40%)
[2026-04-03T03:32:50.197+0600][35.677s][info][gc,mmu      ] GC(41) Y: MMU: 2ms/90.3%, 5ms/96.1%, 10ms/97.9%, 20ms/98.9%, 50ms/99.4%, 100ms/99.7%
[2026-04-03T03:32:50.197+0600][35.677s][info][gc,marking  ] GC(41) Y: Mark: 2 stripe(s), 1 proactive flush(es), 1 terminate flush(es), 0 completion(s), 0 continuation(s) 
[2026-04-03T03:32:50.197+0600][35.677s][info][gc,marking  ] GC(41) Y: Mark Stack Usage: 32M
[2026-04-03T03:32:50.197+0600][35.677s][info][gc,nmethod  ] GC(41) Y: NMethods: 6471 registered, 339 unregistered
[2026-04-03T03:32:50.197+0600][35.677s][info][gc,metaspace] GC(41) Y: Metaspace: 70M used, 71M committed, 1088M reserved
[2026-04-03T03:32:50.197+0600][35.677s][info][gc,reloc    ] GC(41) Y:                        Candidates     Selected     In-Place         Size        Empty    Relocated 
[2026-04-03T03:32:50.197+0600][35.677s][info][gc,reloc    ] GC(41) Y: Small Pages:                  224           12            0         448M         384M           2M 
[2026-04-03T03:32:50.197+0600][35.677s][info][gc,reloc    ] GC(41) Y: Medium Pages:                   1            0            0          32M           0M           0M 
[2026-04-03T03:32:50.197+0600][35.677s][info][gc,reloc    ] GC(41) Y: Large Pages:                    4            0            0          24M          24M           0M 
[2026-04-03T03:32:50.197+0600][35.677s][info][gc,reloc    ] GC(41) Y: Forwarding Usage: 2M
[2026-04-03T03:32:50.197+0600][35.677s][info][gc,reloc    ] GC(41) Y: Age Table:
[2026-04-03T03:32:50.197+0600][35.677s][info][gc,reloc    ] GC(41) Y:                    Live             Garbage             Small              Medium             Large        
[2026-04-03T03:32:50.197+0600][35.677s][info][gc,reloc    ] GC(41) Y: Eden               0M (0%)          383M (22%)        189 / 6              0 / 0              1 / 0        
[2026-04-03T03:32:50.197+0600][35.677s][info][gc,reloc    ] GC(41) Y: Survivor 1         9M (1%)           44M (3%)          18 / 3              0 / 0              3 / 0        
[2026-04-03T03:32:50.197+0600][35.677s][info][gc,reloc    ] GC(41) Y: Survivor 2        32M (2%)           33M (2%)          17 / 3              1 / 0              0 / 0        
[2026-04-03T03:32:50.197+0600][35.677s][info][gc,heap     ] GC(41) Y: Min Capacity: 8M(0%)
[2026-04-03T03:32:50.197+0600][35.677s][info][gc,heap     ] GC(41) Y: Max Capacity: 1750M(100%)
[2026-04-03T03:32:50.197+0600][35.677s][info][gc,heap     ] GC(41) Y: Soft Max Capacity: 1750M(100%)
[2026-04-03T03:32:50.197+0600][35.677s][info][gc,heap     ] GC(41) Y: Heap Statistics:
[2026-04-03T03:32:50.197+0600][35.677s][info][gc,heap     ] GC(41) Y:                Mark Start          Mark End        Relocate Start      Relocate End           High               Low         
[2026-04-03T03:32:50.197+0600][35.677s][info][gc,heap     ] GC(41) Y:  Capacity:     1750M (100%)       1750M (100%)       1750M (100%)       1750M (100%)       1750M (100%)       1750M (100%)   
[2026-04-03T03:32:50.197+0600][35.677s][info][gc,heap     ] GC(41) Y:      Free:      874M (50%)         874M (50%)        1282M (73%)        1302M (74%)        1304M (75%)         874M (50%)    
[2026-04-03T03:32:50.197+0600][35.677s][info][gc,heap     ] GC(41) Y:      Used:      876M (50%)         876M (50%)         468M (27%)         448M (26%)         876M (50%)         446M (25%)    
[2026-04-03T03:32:50.198+0600][35.677s][info][gc,heap     ] GC(41) Y: Young Generation Statistics:
[2026-04-03T03:32:50.198+0600][35.677s][info][gc,heap     ] GC(41) Y:                Mark Start          Mark End        Relocate Start      Relocate End    
[2026-04-03T03:32:50.198+0600][35.677s][info][gc,heap     ] GC(41) Y:      Used:      504M (29%)         504M (29%)          28M (2%)            2M (0%)     
[2026-04-03T03:32:50.198+0600][35.677s][info][gc,heap     ] GC(41) Y:      Live:         -                42M (2%)            3M (0%)            0M (0%)     
[2026-04-03T03:32:50.198+0600][35.677s][info][gc,heap     ] GC(41) Y:   Garbage:         -               461M (26%)          24M (1%)            0M (0%)     
[2026-04-03T03:32:50.198+0600][35.677s][info][gc,heap     ] GC(41) Y: Allocated:         -                 0M (0%)            0M (0%)            2M (0%)     
[2026-04-03T03:32:50.198+0600][35.677s][info][gc,heap     ] GC(41) Y: Reclaimed:         -                  -               436M (25%)         461M (26%)    
[2026-04-03T03:32:50.198+0600][35.677s][info][gc,heap     ] GC(41) Y:  Promoted:         -                  -                39M (2%)           42M (2%)     
[2026-04-03T03:32:50.198+0600][35.677s][info][gc,heap     ] GC(41) Y: Compacted:         -                  -                  -                 0M (0%)     
[2026-04-03T03:32:50.198+0600][35.677s][info][gc,phases   ] GC(41) Y: Young Generation (Promote All) 876M(50%)->448M(26%) 0.099s
[2026-04-03T03:32:50.198+0600][35.677s][info][gc,phases   ] GC(41) Y: Young Generation (Collect Roots)
[2026-04-03T03:32:50.198+0600][35.677s][info][gc,phases   ] GC(41) Y: Pause Mark Start (Major) 0.021ms
[2026-04-03T03:32:50.210+0600][35.690s][info][gc,phases   ] GC(41) Y: Concurrent Mark 12.519ms
[2026-04-03T03:32:50.211+0600][35.690s][info][gc,phases   ] GC(41) Y: Pause Mark End 0.018ms
[2026-04-03T03:32:50.211+0600][35.690s][info][gc,phases   ] GC(41) Y: Concurrent Mark Free 0.001ms
[2026-04-03T03:32:50.211+0600][35.690s][info][gc,phases   ] GC(41) Y: Concurrent Reset Relocation Set 0.039ms
[2026-04-03T03:32:50.212+0600][35.692s][info][gc,reloc    ] GC(41) Y: Using tenuring threshold: 1 (Computed)
[2026-04-03T03:32:50.213+0600][35.692s][info][gc,phases   ] GC(41) Y: Concurrent Select Relocation Set 1.865ms
[2026-04-03T03:32:50.213+0600][35.692s][info][gc,phases   ] GC(41) Y: Pause Relocate Start 0.011ms
[2026-04-03T03:32:50.213+0600][35.692s][info][gc,phases   ] GC(41) Y: Concurrent Relocate 0.080ms
[2026-04-03T03:32:50.213+0600][35.692s][info][gc,alloc    ] GC(41) Y:                         Mark Start        Mark End      Relocate Start    Relocate End   
[2026-04-03T03:32:50.213+0600][35.692s][info][gc,alloc    ] GC(41) Y: Allocation Stalls:          0                0                0                0         
[2026-04-03T03:32:50.213+0600][35.692s][info][gc,load     ] GC(41) Y: Load: 4.04 (34%) / 4.19 (35%) / 4.77 (40%)
[2026-04-03T03:32:50.213+0600][35.692s][info][gc,mmu      ] GC(41) Y: MMU: 2ms/90.3%, 5ms/96.1%, 10ms/97.9%, 20ms/98.9%, 50ms/99.4%, 100ms/99.7%
[2026-04-03T03:32:50.213+0600][35.692s][info][gc,marking  ] GC(41) Y: Mark: 2 stripe(s), 1 proactive flush(es), 1 terminate flush(es), 0 completion(s), 0 continuation(s) 
[2026-04-03T03:32:50.213+0600][35.692s][info][gc,marking  ] GC(41) Y: Mark Stack Usage: 32M
[2026-04-03T03:32:50.213+0600][35.692s][info][gc,nmethod  ] GC(41) Y: NMethods: 6471 registered, 339 unregistered
[2026-04-03T03:32:50.213+0600][35.692s][info][gc,metaspace] GC(41) Y: Metaspace: 70M used, 71M committed, 1088M reserved
[2026-04-03T03:32:50.213+0600][35.692s][info][gc,reloc    ] GC(41) Y:                        Candidates     Selected     In-Place         Size        Empty    Relocated 
[2026-04-03T03:32:50.213+0600][35.692s][info][gc,reloc    ] GC(41) Y: Small Pages:                    1            0            0           2M           0M           0M 
[2026-04-03T03:32:50.213+0600][35.692s][info][gc,reloc    ] GC(41) Y: Medium Pages:                   0            0            0           0M           0M           0M 
[2026-04-03T03:32:50.213+0600][35.692s][info][gc,reloc    ] GC(41) Y: Large Pages:                    0            0            0           0M           0M           0M 
[2026-04-03T03:32:50.213+0600][35.692s][info][gc,reloc    ] GC(41) Y: Forwarding Usage: 0M
[2026-04-03T03:32:50.213+0600][35.692s][info][gc,reloc    ] GC(41) Y: Age Table:
[2026-04-03T03:32:50.213+0600][35.692s][info][gc,reloc    ] GC(41) Y:                    Live             Garbage             Small              Medium             Large        
[2026-04-03T03:32:50.213+0600][35.692s][info][gc,reloc    ] GC(41) Y: Eden               0M (0%)            1M (0%)           1 / 0              0 / 0              0 / 0        
[2026-04-03T03:32:50.213+0600][35.692s][info][gc,heap     ] GC(41) Y: Min Capacity: 8M(0%)
[2026-04-03T03:32:50.213+0600][35.692s][info][gc,heap     ] GC(41) Y: Max Capacity: 1750M(100%)
[2026-04-03T03:32:50.213+0600][35.692s][info][gc,heap     ] GC(41) Y: Soft Max Capacity: 1750M(100%)
[2026-04-03T03:32:50.213+0600][35.692s][info][gc,heap     ] GC(41) Y: Heap Statistics:
[2026-04-03T03:32:50.213+0600][35.692s][info][gc,heap     ] GC(41) Y:                Mark Start          Mark End        Relocate Start      Relocate End           High               Low         
[2026-04-03T03:32:50.213+0600][35.692s][info][gc,heap     ] GC(41) Y:  Capacity:     1750M (100%)       1750M (100%)       1750M (100%)       1750M (100%)       1750M (100%)       1750M (100%)   
[2026-04-03T03:32:50.213+0600][35.692s][info][gc,heap     ] GC(41) Y:      Free:     1302M (74%)        1302M (74%)        1302M (74%)        1302M (74%)        1302M (74%)        1302M (74%)    
[2026-04-03T03:32:50.213+0600][35.692s][info][gc,heap     ] GC(41) Y:      Used:      448M (26%)         448M (26%)         448M (26%)         448M (26%)         448M (26%)         448M (26%)    
[2026-04-03T03:32:50.213+0600][35.692s][info][gc,heap     ] GC(41) Y: Young Generation Statistics:
[2026-04-03T03:32:50.213+0600][35.692s][info][gc,heap     ] GC(41) Y:                Mark Start          Mark End        Relocate Start      Relocate End    
[2026-04-03T03:32:50.213+0600][35.692s][info][gc,heap     ] GC(41) Y:      Used:        2M (0%)            2M (0%)            2M (0%)            2M (0%)     
[2026-04-03T03:32:50.213+0600][35.692s][info][gc,heap     ] GC(41) Y:      Live:         -                 0M (0%)            0M (0%)            0M (0%)     
[2026-04-03T03:32:50.213+0600][35.692s][info][gc,heap     ] GC(41) Y:   Garbage:         -                 1M (0%)            1M (0%)            1M (0%)     
[2026-04-03T03:32:50.213+0600][35.692s][info][gc,heap     ] GC(41) Y: Allocated:         -                 0M (0%)            0M (0%)            0M (0%)     
[2026-04-03T03:32:50.213+0600][35.693s][info][gc,heap     ] GC(41) Y: Reclaimed:         -                  -                 0M (0%)            0M (0%)     
[2026-04-03T03:32:50.213+0600][35.693s][info][gc,heap     ] GC(41) Y:  Promoted:         -                  -                 0M (0%)            0M (0%)     
[2026-04-03T03:32:50.213+0600][35.693s][info][gc,heap     ] GC(41) Y: Compacted:         -                  -                  -                 0M (0%)     
[2026-04-03T03:32:50.213+0600][35.693s][info][gc,phases   ] GC(41) Y: Young Generation (Collect Roots) 448M(26%)->448M(26%) 0.015s
[2026-04-03T03:32:50.213+0600][35.693s][info][gc,phases   ] GC(41) O: Old Generation
[2026-04-03T03:32:50.415+0600][35.894s][info][gc,phases   ] GC(41) O: Concurrent Mark 201.686ms
[2026-04-03T03:32:50.415+0600][35.894s][info][gc,phases   ] GC(41) O: Pause Mark End 0.030ms
[2026-04-03T03:32:50.415+0600][35.894s][info][gc,phases   ] GC(41) O: Concurrent Mark Free 0.002ms
[2026-04-03T03:32:50.430+0600][35.910s][info][gc,phases   ] GC(41) O: Concurrent Process Non-Strong 15.034ms
[2026-04-03T03:32:50.430+0600][35.910s][info][gc,phases   ] GC(41) O: Concurrent Reset Relocation Set 0.010ms
[2026-04-03T03:32:50.436+0600][35.915s][info][gc,phases   ] GC(41) O: Concurrent Select Relocation Set 5.818ms
[2026-04-03T03:32:50.436+0600][35.915s][info][gc,task     ] GC(41) O: Using 3 Workers for Old Generation
[2026-04-03T03:32:50.455+0600][35.935s][info][gc,task     ] GC(41) O: Using 3 Workers for Old Generation
[2026-04-03T03:32:50.455+0600][35.935s][info][gc,phases   ] GC(41) O: Concurrent Remap Roots 19.203ms
[2026-04-03T03:32:50.455+0600][35.935s][info][gc,phases   ] GC(41) O: Pause Relocate Start 0.022ms
[2026-04-03T03:32:50.461+0600][35.940s][info][gc,phases   ] GC(41) O: Concurrent Relocate 5.102ms
[2026-04-03T03:32:50.461+0600][35.940s][info][gc,alloc    ] GC(41) O:                         Mark Start        Mark End      Relocate Start    Relocate End   
[2026-04-03T03:32:50.461+0600][35.940s][info][gc,alloc    ] GC(41) O: Allocation Stalls:          0                0                0                0         
[2026-04-03T03:32:50.461+0600][35.940s][info][gc,load     ] GC(41) O: Load: 4.04 (34%) / 4.19 (35%) / 4.77 (40%)
[2026-04-03T03:32:50.461+0600][35.940s][info][gc,mmu      ] GC(41) O: MMU: 2ms/90.3%, 5ms/96.1%, 10ms/97.9%, 20ms/98.9%, 50ms/99.4%, 100ms/99.7%
[2026-04-03T03:32:50.461+0600][35.940s][info][gc,marking  ] GC(41) O: Mark: 2 stripe(s), 2 proactive flush(es), 1 terminate flush(es), 0 completion(s), 0 continuation(s) 
[2026-04-03T03:32:50.461+0600][35.940s][info][gc,marking  ] GC(41) O: Mark Stack Usage: 32M
[2026-04-03T03:32:50.461+0600][35.940s][info][gc,nmethod  ] GC(41) O: NMethods: 6183 registered, 668 unregistered
[2026-04-03T03:32:50.461+0600][35.940s][info][gc,metaspace] GC(41) O: Metaspace: 70M used, 71M committed, 1088M reserved
[2026-04-03T03:32:50.461+0600][35.940s][info][gc,ref      ] GC(41) O:                       Encountered   Discovered     Enqueued 
[2026-04-03T03:32:50.461+0600][35.940s][info][gc,ref      ] GC(41) O: Soft References:             5076            0            0 
[2026-04-03T03:32:50.461+0600][35.940s][info][gc,ref      ] GC(41) O: Weak References:             6946         6036          626 
[2026-04-03T03:32:50.461+0600][35.940s][info][gc,ref      ] GC(41) O: Final References:              84            0            0 
[2026-04-03T03:32:50.461+0600][35.940s][info][gc,ref      ] GC(41) O: Phantom References:           599          362            0 
[2026-04-03T03:32:50.461+0600][35.940s][info][gc,reloc    ] GC(41) O:                        Candidates     Selected     In-Place         Size        Empty    Relocated 
[2026-04-03T03:32:50.461+0600][35.940s][info][gc,reloc    ] GC(41) O: Small Pages:                  144           30            0         288M          62M           2M 
[2026-04-03T03:32:50.461+0600][35.940s][info][gc,reloc    ] GC(41) O: Medium Pages:                   4            0            0         128M          96M           0M 
[2026-04-03T03:32:50.461+0600][35.940s][info][gc,reloc    ] GC(41) O: Large Pages:                    3            0            0          30M          30M           0M 
[2026-04-03T03:32:50.461+0600][35.940s][info][gc,reloc    ] GC(41) O: Forwarding Usage: 1M
[2026-04-03T03:32:50.461+0600][35.940s][info][gc,heap     ] GC(41) O: Min Capacity: 8M(0%)
[2026-04-03T03:32:50.461+0600][35.940s][info][gc,heap     ] GC(41) O: Max Capacity: 1750M(100%)
[2026-04-03T03:32:50.461+0600][35.940s][info][gc,heap     ] GC(41) O: Soft Max Capacity: 1750M(100%)
[2026-04-03T03:32:50.461+0600][35.940s][info][gc,heap     ] GC(41) O: Heap Statistics:
[2026-04-03T03:32:50.461+0600][35.940s][info][gc,heap     ] GC(41) O:                Mark Start          Mark End        Relocate Start      Relocate End           High               Low         
[2026-04-03T03:32:50.461+0600][35.940s][info][gc,heap     ] GC(41) O:  Capacity:     1750M (100%)       1750M (100%)       1750M (100%)       1750M (100%)       1750M (100%)       1750M (100%)   
[2026-04-03T03:32:50.461+0600][35.940s][info][gc,heap     ] GC(41) O:      Free:     1302M (74%)        1300M (74%)        1466M (84%)        1514M (87%)        1516M (87%)        1298M (74%)    
[2026-04-03T03:32:50.461+0600][35.940s][info][gc,heap     ] GC(41) O:      Used:      448M (26%)         450M (26%)         284M (16%)         236M (13%)         452M (26%)         234M (13%)    
[2026-04-03T03:32:50.461+0600][35.940s][info][gc,heap     ] GC(41) O: Old Generation Statistics:
[2026-04-03T03:32:50.461+0600][35.940s][info][gc,heap     ] GC(41) O:                Mark Start          Mark End        Relocate Start      Relocate End    
[2026-04-03T03:32:50.461+0600][35.940s][info][gc,heap     ] GC(41) O:      Used:      446M (25%)         446M (25%)         258M (15%)         210M (12%)    
[2026-04-03T03:32:50.461+0600][35.940s][info][gc,heap     ] GC(41) O:      Live:         -               170M (10%)         170M (10%)         170M (10%)    
[2026-04-03T03:32:50.461+0600][35.941s][info][gc,heap     ] GC(41) O:   Garbage:         -               275M (16%)          87M (5%)           25M (1%)     
[2026-04-03T03:32:50.461+0600][35.941s][info][gc,heap     ] GC(41) O: Allocated:         -                 0M (0%)            0M (0%)           13M (1%)     
[2026-04-03T03:32:50.461+0600][35.941s][info][gc,heap     ] GC(41) O: Reclaimed:         -                  -               188M (11%)         249M (14%)    
[2026-04-03T03:32:50.461+0600][35.941s][info][gc,heap     ] GC(41) O: Compacted:         -                  -                  -                 2M (0%)     
[2026-04-03T03:32:50.461+0600][35.941s][info][gc,phases   ] GC(41) O: Old Generation 448M(26%)->236M(13%) 0.248s
[2026-04-03T03:32:50.461+0600][35.941s][info][gc          ] GC(41) Major Collection (System.gc()) 876M(50%)->236M(13%) 0.363s
[2026-04-03T03:32:50.773+0600][36.252s][info][gc          ] GC(42) Minor Collection (Allocation Rate)
[2026-04-03T03:32:50.773+0600][36.252s][info][gc,task     ] GC(42) Using 2 Workers for Young Generation
[2026-04-03T03:32:50.773+0600][36.252s][info][gc,phases   ] GC(42) y: Young Generation
[2026-04-03T03:32:50.773+0600][36.253s][info][gc,phases   ] GC(42) y: Pause Mark Start 0.027ms
[2026-04-03T03:32:50.955+0600][36.434s][info][gc,phases   ] GC(42) y: Concurrent Mark 158.692ms
[2026-04-03T03:32:50.955+0600][36.435s][info][gc,phases   ] GC(42) y: Pause Mark End 0.032ms
[2026-04-03T03:32:50.955+0600][36.435s][info][gc,phases   ] GC(42) y: Concurrent Mark Free 0.003ms
[2026-04-03T03:32:50.956+0600][36.435s][info][gc,phases   ] GC(42) y: Concurrent Reset Relocation Set 0.000ms
[2026-04-03T03:32:50.958+0600][36.437s][info][gc,reloc    ] GC(42) y: Using tenuring threshold: 1 (Computed)
[2026-04-03T03:32:50.980+0600][36.460s][info][gc,phases   ] GC(42) y: Concurrent Select Relocation Set 24.403ms
[2026-04-03T03:32:50.981+0600][36.461s][info][gc,phases   ] GC(42) y: Pause Relocate Start 0.026ms
[2026-04-03T03:32:51.072+0600][36.552s][info][gc,phases   ] GC(42) y: Concurrent Relocate 91.134ms
[2026-04-03T03:32:51.072+0600][36.552s][info][gc,alloc    ] GC(42) y:                         Mark Start        Mark End      Relocate Start    Relocate End   
[2026-04-03T03:32:51.073+0600][36.552s][info][gc,alloc    ] GC(42) y: Allocation Stalls:          0                0                0                0         
[2026-04-03T03:32:51.073+0600][36.552s][info][gc,load     ] GC(42) y: Load: 4.20 (35%) / 4.22 (35%) / 4.78 (40%)
[2026-04-03T03:32:51.073+0600][36.552s][info][gc,mmu      ] GC(42) y: MMU: 2ms/90.3%, 5ms/96.1%, 10ms/97.9%, 20ms/98.9%, 50ms/99.4%, 100ms/99.7%
[2026-04-03T03:32:51.073+0600][36.552s][info][gc,marking  ] GC(42) y: Mark: 2 stripe(s), 2 proactive flush(es), 1 terminate flush(es), 0 completion(s), 0 continuation(s) 
[2026-04-03T03:32:51.073+0600][36.552s][info][gc,marking  ] GC(42) y: Mark Stack Usage: 32M
[2026-04-03T03:32:51.073+0600][36.552s][info][gc,nmethod  ] GC(42) y: NMethods: 6290 registered, 668 unregistered
[2026-04-03T03:32:51.073+0600][36.552s][info][gc,metaspace] GC(42) y: Metaspace: 70M used, 71M committed, 1088M reserved
[2026-04-03T03:32:51.073+0600][36.552s][info][gc,reloc    ] GC(42) y:                        Candidates     Selected     In-Place         Size        Empty    Relocated 
[2026-04-03T03:32:51.073+0600][36.552s][info][gc,reloc    ] GC(42) y: Small Pages:                  146           93            0         292M           2M          32M 
[2026-04-03T03:32:51.073+0600][36.552s][info][gc,reloc    ] GC(42) y: Medium Pages:                   1            0            0          32M          32M           0M 
[2026-04-03T03:32:51.073+0600][36.552s][info][gc,reloc    ] GC(42) y: Large Pages:                    7            0            0          54M          24M           0M 
[2026-04-03T03:32:51.073+0600][36.552s][info][gc,reloc    ] GC(42) y: Forwarding Usage: 36M
[2026-04-03T03:32:51.073+0600][36.552s][info][gc,reloc    ] GC(42) y: Age Table:
[2026-04-03T03:32:51.073+0600][36.552s][info][gc,reloc    ] GC(42) y:                    Live             Garbage             Small              Medium             Large        
[2026-04-03T03:32:51.073+0600][36.552s][info][gc,reloc    ] GC(42) y: Eden             114M (7%)          261M (15%)        145 / 93             1 / 0              7 / 0        
[2026-04-03T03:32:51.073+0600][36.552s][info][gc,reloc    ] GC(42) y: Survivor 1          -                 2M (0%)           1 / 0              0 / 0              0 / 0        
[2026-04-03T03:32:51.073+0600][36.552s][info][gc,heap     ] GC(42) y: Min Capacity: 8M(0%)
[2026-04-03T03:32:51.073+0600][36.552s][info][gc,heap     ] GC(42) y: Max Capacity: 1750M(100%)
[2026-04-03T03:32:51.073+0600][36.552s][info][gc,heap     ] GC(42) y: Soft Max Capacity: 1750M(100%)
[2026-04-03T03:32:51.073+0600][36.552s][info][gc,heap     ] GC(42) y: Heap Statistics:
[2026-04-03T03:32:51.073+0600][36.552s][info][gc,heap     ] GC(42) y:                Mark Start          Mark End        Relocate Start      Relocate End           High               Low         
[2026-04-03T03:32:51.073+0600][36.553s][info][gc,heap     ] GC(42) y:  Capacity:     1750M (100%)       1750M (100%)       1750M (100%)       1750M (100%)       1750M (100%)       1750M (100%)   
[2026-04-03T03:32:51.073+0600][36.553s][info][gc,heap     ] GC(42) y:      Free:     1162M (66%)         976M (56%)        1008M (58%)        1128M (64%)        1162M (66%)         974M (56%)    
[2026-04-03T03:32:51.073+0600][36.553s][info][gc,heap     ] GC(42) y:      Used:      588M (34%)         774M (44%)         742M (42%)         622M (36%)         776M (44%)         588M (34%)    
[2026-04-03T03:32:51.073+0600][36.553s][info][gc,heap     ] GC(42) y: Young Generation Statistics:
[2026-04-03T03:32:51.073+0600][36.553s][info][gc,heap     ] GC(42) y:                Mark Start          Mark End        Relocate Start      Relocate End    
[2026-04-03T03:32:51.073+0600][36.553s][info][gc,heap     ] GC(42) y:      Used:      378M (22%)         564M (32%)         532M (30%)         412M (24%)    
[2026-04-03T03:32:51.073+0600][36.553s][info][gc,heap     ] GC(42) y:      Live:         -               114M (7%)          114M (7%)          114M (7%)     
[2026-04-03T03:32:51.073+0600][36.553s][info][gc,heap     ] GC(42) y:   Garbage:         -               263M (15%)         205M (12%)           4M (0%)     
[2026-04-03T03:32:51.073+0600][36.553s][info][gc,heap     ] GC(42) y: Allocated:         -               186M (11%)         212M (12%)         293M (17%)    
[2026-04-03T03:32:51.073+0600][36.553s][info][gc,heap     ] GC(42) y: Reclaimed:         -                  -                58M (3%)          259M (15%)    
[2026-04-03T03:32:51.073+0600][36.553s][info][gc,heap     ] GC(42) y:  Promoted:         -                  -                 0M (0%)            0M (0%)     
[2026-04-03T03:32:51.073+0600][36.553s][info][gc,heap     ] GC(42) y: Compacted:         -                  -                  -                76M (4%)     
[2026-04-03T03:32:51.073+0600][36.553s][info][gc,phases   ] GC(42) y: Young Generation 588M(34%)->622M(36%) 0.300s
[2026-04-03T03:32:51.073+0600][36.553s][info][gc          ] GC(42) Minor Collection (Allocation Rate) 588M(34%)->622M(36%) 0.301s
[2026-04-03T03:32:51.215+0600][36.695s][info][gc          ] GC(43) Minor Collection (Allocation Rate)
[2026-04-03T03:32:51.215+0600][36.695s][info][gc,task     ] GC(43) Using 3 Workers for Young Generation
[2026-04-03T03:32:51.215+0600][36.695s][info][gc,phases   ] GC(43) y: Young Generation
[2026-04-03T03:32:51.216+0600][36.695s][info][gc,phases   ] GC(43) y: Pause Mark Start 0.025ms
[2026-04-03T03:32:51.584+0600][37.064s][info][gc,phases   ] GC(43) y: Concurrent Mark 368.353ms
[2026-04-03T03:32:51.584+0600][37.064s][info][gc,phases   ] GC(43) y: Pause Mark End 0.032ms
[2026-04-03T03:32:51.584+0600][37.064s][info][gc,phases   ] GC(43) y: Concurrent Mark Free 0.002ms
[2026-04-03T03:32:51.584+0600][37.064s][info][gc,phases   ] GC(43) y: Concurrent Reset Relocation Set 0.039ms
[2026-04-03T03:32:51.587+0600][37.066s][info][gc,reloc    ] GC(43) y: Using tenuring threshold: 1 (Computed)
[2026-04-03T03:32:51.661+0600][37.141s][info][gc,phases   ] GC(43) y: Concurrent Select Relocation Set 76.540ms
[2026-04-03T03:32:51.661+0600][37.141s][info][gc,phases   ] GC(43) y: Pause Relocate Start 0.031ms
[2026-04-03T03:32:51.888+0600][37.367s][info][gc,phases   ] GC(43) y: Concurrent Relocate 226.095ms
[2026-04-03T03:32:51.888+0600][37.367s][info][gc,alloc    ] GC(43) y:                         Mark Start        Mark End      Relocate Start    Relocate End   
[2026-04-03T03:32:51.888+0600][37.367s][info][gc,alloc    ] GC(43) y: Allocation Stalls:          0                0                0                0         
[2026-04-03T03:32:51.888+0600][37.367s][info][gc,load     ] GC(43) y: Load: 4.20 (35%) / 4.22 (35%) / 4.78 (40%)
[2026-04-03T03:32:51.888+0600][37.368s][info][gc,mmu      ] GC(43) y: MMU: 2ms/90.3%, 5ms/96.1%, 10ms/97.9%, 20ms/98.9%, 50ms/99.4%, 100ms/99.7%
[2026-04-03T03:32:51.888+0600][37.368s][info][gc,marking  ] GC(43) y: Mark: 2 stripe(s), 10 proactive flush(es), 1 terminate flush(es), 0 completion(s), 0 continuation(s) 
[2026-04-03T03:32:51.888+0600][37.368s][info][gc,marking  ] GC(43) y: Mark Stack Usage: 32M
[2026-04-03T03:32:51.888+0600][37.368s][info][gc,nmethod  ] GC(43) y: NMethods: 6294 registered, 668 unregistered
[2026-04-03T03:32:51.888+0600][37.368s][info][gc,metaspace] GC(43) y: Metaspace: 70M used, 71M committed, 1088M reserved
[2026-04-03T03:32:51.888+0600][37.368s][info][gc,reloc    ] GC(43) y:                        Candidates     Selected     In-Place         Size        Empty    Relocated 
[2026-04-03T03:32:51.888+0600][37.368s][info][gc,reloc    ] GC(43) y: Small Pages:                  254          186            0         508M           0M          36M 
[2026-04-03T03:32:51.888+0600][37.368s][info][gc,reloc    ] GC(43) y: Medium Pages:                   1            0            0          32M          32M           0M 
[2026-04-03T03:32:51.888+0600][37.368s][info][gc,reloc    ] GC(43) y: Large Pages:                    6            0            0          48M           0M           0M 
[2026-04-03T03:32:51.888+0600][37.368s][info][gc,reloc    ] GC(43) y: Forwarding Usage: 45M
[2026-04-03T03:32:51.888+0600][37.368s][info][gc,reloc    ] GC(43) y: Age Table:
[2026-04-03T03:32:51.888+0600][37.368s][info][gc,reloc    ] GC(43) y:                    Live             Garbage             Small              Medium             Large        
[2026-04-03T03:32:51.888+0600][37.368s][info][gc,reloc    ] GC(43) y: Eden              59M (3%)          404M (23%)        207 / 183            1 / 0              3 / 0        
[2026-04-03T03:32:51.888+0600][37.368s][info][gc,reloc    ] GC(43) y: Survivor 1       114M (7%)            9M (1%)          47 / 3              0 / 0              3 / 0        
[2026-04-03T03:32:51.888+0600][37.368s][info][gc,heap     ] GC(43) y: Min Capacity: 8M(0%)
[2026-04-03T03:32:51.888+0600][37.368s][info][gc,heap     ] GC(43) y: Max Capacity: 1750M(100%)
[2026-04-03T03:32:51.888+0600][37.368s][info][gc,heap     ] GC(43) y: Soft Max Capacity: 1750M(100%)
[2026-04-03T03:32:51.888+0600][37.368s][info][gc,heap     ] GC(43) y: Heap Statistics:
[2026-04-03T03:32:51.888+0600][37.368s][info][gc,heap     ] GC(43) y:                Mark Start          Mark End        Relocate Start      Relocate End           High               Low         
[2026-04-03T03:32:51.888+0600][37.368s][info][gc,heap     ] GC(43) y:  Capacity:     1750M (100%)       1750M (100%)       1750M (100%)       1750M (100%)       1750M (100%)       1750M (100%)   
[2026-04-03T03:32:51.888+0600][37.368s][info][gc,heap     ] GC(43) y:      Free:      952M (54%)         632M (36%)         594M (34%)         806M (46%)         952M (54%)         582M (33%)    
[2026-04-03T03:32:51.888+0600][37.368s][info][gc,heap     ] GC(43) y:      Used:      798M (46%)        1118M (64%)        1156M (66%)         944M (54%)        1168M (67%)         798M (46%)    
[2026-04-03T03:32:51.888+0600][37.368s][info][gc,heap     ] GC(43) y: Young Generation Statistics:
[2026-04-03T03:32:51.888+0600][37.368s][info][gc,heap     ] GC(43) y:                Mark Start          Mark End        Relocate Start      Relocate End    
[2026-04-03T03:32:51.888+0600][37.368s][info][gc,heap     ] GC(43) y:      Used:      588M (34%)         908M (52%)         828M (47%)         608M (35%)    
[2026-04-03T03:32:51.888+0600][37.368s][info][gc,heap     ] GC(43) y:      Live:         -               173M (10%)          59M (3%)           59M (3%)     
[2026-04-03T03:32:51.888+0600][37.368s][info][gc,heap     ] GC(43) y:   Garbage:         -               414M (24%)         378M (22%)           0M (0%)     
[2026-04-03T03:32:51.888+0600][37.368s][info][gc,heap     ] GC(43) y: Allocated:         -               320M (18%)         390M (22%)         548M (31%)    
[2026-04-03T03:32:51.888+0600][37.368s][info][gc,heap     ] GC(43) y: Reclaimed:         -                  -                36M (2%)          414M (24%)    
[2026-04-03T03:32:51.888+0600][37.368s][info][gc,heap     ] GC(43) y:  Promoted:         -                  -               113M (6%)          114M (7%)     
[2026-04-03T03:32:51.888+0600][37.368s][info][gc,heap     ] GC(43) y: Compacted:         -                  -                  -                41M (2%)     
[2026-04-03T03:32:51.888+0600][37.368s][info][gc,phases   ] GC(43) y: Young Generation 798M(46%)->944M(54%) 0.672s
[2026-04-03T03:32:51.888+0600][37.368s][info][gc          ] GC(43) Minor Collection (Allocation Rate) 798M(46%)->944M(54%) 0.673s
[2026-04-03T03:32:51.889+0600][37.368s][info][gc          ] GC(44) Major Collection (Allocation Rate)
[2026-04-03T03:32:51.889+0600][37.368s][info][gc,task     ] GC(44) Using 3 Workers for Young Generation
[2026-04-03T03:32:51.889+0600][37.368s][info][gc,task     ] GC(44) Using 2 Workers for Old Generation
[2026-04-03T03:32:51.889+0600][37.368s][info][gc,phases   ] GC(44) Y: Young Generation
[2026-04-03T03:32:51.889+0600][37.369s][info][gc,phases   ] GC(44) Y: Pause Mark Start (Major) 0.034ms
[2026-04-03T03:32:52.297+0600][37.777s][info][gc,phases   ] GC(44) Y: Concurrent Mark 408.307ms
[2026-04-03T03:32:52.298+0600][37.777s][info][gc,phases   ] GC(44) Y: Pause Mark End 0.033ms
[2026-04-03T03:32:52.298+0600][37.777s][info][gc,phases   ] GC(44) Y: Concurrent Mark Free 0.001ms
[2026-04-03T03:32:52.298+0600][37.778s][info][gc,phases   ] GC(44) Y: Concurrent Reset Relocation Set 0.174ms
[2026-04-03T03:32:52.304+0600][37.784s][info][gc,reloc    ] GC(44) Y: Using tenuring threshold: 2 (Computed)
[2026-04-03T03:32:52.309+0600][37.789s][info][gc,phases   ] GC(44) Y: Concurrent Select Relocation Set 11.376ms
[2026-04-03T03:32:52.310+0600][37.789s][info][gc,phases   ] GC(44) Y: Pause Relocate Start 0.028ms
[2026-04-03T03:32:52.387+0600][37.867s][info][gc,phases   ] GC(44) Y: Concurrent Relocate 77.053ms
[2026-04-03T03:32:52.387+0600][37.867s][info][gc,alloc    ] GC(44) Y:                         Mark Start        Mark End      Relocate Start    Relocate End   
[2026-04-03T03:32:52.387+0600][37.867s][info][gc,alloc    ] GC(44) Y: Allocation Stalls:          0                0                0                0         
[2026-04-03T03:32:52.387+0600][37.867s][info][gc,load     ] GC(44) Y: Load: 4.20 (35%) / 4.22 (35%) / 4.78 (40%)
[2026-04-03T03:32:52.387+0600][37.867s][info][gc,mmu      ] GC(44) Y: MMU: 2ms/90.3%, 5ms/96.1%, 10ms/97.9%, 20ms/98.9%, 50ms/99.4%, 100ms/99.7%
[2026-04-03T03:32:52.387+0600][37.867s][info][gc,marking  ] GC(44) Y: Mark: 2 stripe(s), 2 proactive flush(es), 1 terminate flush(es), 0 completion(s), 0 continuation(s) 
[2026-04-03T03:32:52.387+0600][37.867s][info][gc,marking  ] GC(44) Y: Mark Stack Usage: 32M
[2026-04-03T03:32:52.387+0600][37.867s][info][gc,nmethod  ] GC(44) Y: NMethods: 6294 registered, 668 unregistered
[2026-04-03T03:32:52.387+0600][37.867s][info][gc,metaspace] GC(44) Y: Metaspace: 70M used, 71M committed, 1088M reserved
[2026-04-03T03:32:52.387+0600][37.867s][info][gc,reloc    ] GC(44) Y:                        Candidates     Selected     In-Place         Size        Empty    Relocated 
[2026-04-03T03:32:52.387+0600][37.867s][info][gc,reloc    ] GC(44) Y: Small Pages:                  280          240            0         560M           0M          32M 
[2026-04-03T03:32:52.387+0600][37.867s][info][gc,reloc    ] GC(44) Y: Medium Pages:                   0            0            0           0M           0M           0M 
[2026-04-03T03:32:52.387+0600][37.867s][info][gc,reloc    ] GC(44) Y: Large Pages:                    6            0            0          48M          18M           0M 
[2026-04-03T03:32:52.387+0600][37.867s][info][gc,reloc    ] GC(44) Y: Forwarding Usage: 33M
[2026-04-03T03:32:52.387+0600][37.867s][info][gc,reloc    ] GC(44) Y: Age Table:
[2026-04-03T03:32:52.387+0600][37.867s][info][gc,reloc    ] GC(44) Y:                    Live             Garbage             Small              Medium             Large        
[2026-04-03T03:32:52.387+0600][37.867s][info][gc,reloc    ] GC(44) Y: Eden              62M (4%)          479M (27%)        256 / 237            0 / 0              3 / 0        
[2026-04-03T03:32:52.387+0600][37.867s][info][gc,reloc    ] GC(44) Y: Survivor 1        36M (2%)           29M (2%)          24 / 3              0 / 0              3 / 0        
[2026-04-03T03:32:52.387+0600][37.867s][info][gc,heap     ] GC(44) Y: Min Capacity: 8M(0%)
[2026-04-03T03:32:52.387+0600][37.867s][info][gc,heap     ] GC(44) Y: Max Capacity: 1750M(100%)
[2026-04-03T03:32:52.387+0600][37.867s][info][gc,heap     ] GC(44) Y: Soft Max Capacity: 1750M(100%)
[2026-04-03T03:32:52.388+0600][37.867s][info][gc,heap     ] GC(44) Y: Heap Statistics:
[2026-04-03T03:32:52.388+0600][37.867s][info][gc,heap     ] GC(44) Y:                Mark Start          Mark End        Relocate Start      Relocate End           High               Low         
[2026-04-03T03:32:52.388+0600][37.867s][info][gc,heap     ] GC(44) Y:  Capacity:     1750M (100%)       1750M (100%)       1750M (100%)       1750M (100%)       1750M (100%)       1750M (100%)   
[2026-04-03T03:32:52.388+0600][37.867s][info][gc,heap     ] GC(44) Y:      Free:      806M (46%)         466M (27%)         472M (27%)         894M (51%)         894M (51%)         456M (26%)    
[2026-04-03T03:32:52.388+0600][37.867s][info][gc,heap     ] GC(44) Y:      Used:      944M (54%)        1284M (73%)        1278M (73%)         856M (49%)        1294M (74%)         856M (49%)    
[2026-04-03T03:32:52.388+0600][37.867s][info][gc,heap     ] GC(44) Y: Young Generation Statistics:
[2026-04-03T03:32:52.388+0600][37.867s][info][gc,heap     ] GC(44) Y:                Mark Start          Mark End        Relocate Start      Relocate End    
[2026-04-03T03:32:52.388+0600][37.867s][info][gc,heap     ] GC(44) Y:      Used:      608M (35%)         948M (54%)         942M (54%)         520M (30%)    
[2026-04-03T03:32:52.388+0600][37.867s][info][gc,heap     ] GC(44) Y:      Live:         -                99M (6%)           99M (6%)           99M (6%)     
[2026-04-03T03:32:52.388+0600][37.867s][info][gc,heap     ] GC(44) Y:   Garbage:         -               508M (29%)         490M (28%)           5M (0%)     
[2026-04-03T03:32:52.388+0600][37.867s][info][gc,heap     ] GC(44) Y: Allocated:         -               340M (19%)         352M (20%)         415M (24%)    
[2026-04-03T03:32:52.388+0600][37.867s][info][gc,heap     ] GC(44) Y: Reclaimed:         -                  -                18M (1%)          503M (29%)    
[2026-04-03T03:32:52.388+0600][37.867s][info][gc,heap     ] GC(44) Y:  Promoted:         -                  -                 0M (0%)            0M (0%)     
[2026-04-03T03:32:52.388+0600][37.867s][info][gc,heap     ] GC(44) Y: Compacted:         -                  -                  -                34M (2%)     
[2026-04-03T03:32:52.388+0600][37.867s][info][gc,phases   ] GC(44) Y: Young Generation 944M(54%)->856M(49%) 0.498s
[2026-04-03T03:32:52.388+0600][37.867s][info][gc,phases   ] GC(44) O: Old Generation
[2026-04-03T03:32:52.392+0600][37.871s][info][gc,task     ] Adjusting Workers for Old Generation: 2 -> 1
[2026-04-03T03:32:52.392+0600][37.871s][info][gc          ] GC(45) Minor Collection (Allocation Rate)
[2026-04-03T03:32:52.392+0600][37.871s][info][gc,task     ] GC(45) Using 2 Workers for Young Generation
[2026-04-03T03:32:52.392+0600][37.871s][info][gc,phases   ] GC(45) y: Young Generation
[2026-04-03T03:32:52.392+0600][37.872s][info][gc,phases   ] GC(45) y: Pause Mark Start 0.028ms
[2026-04-03T03:32:53.074+0600][38.553s][info][gc,phases   ] GC(45) y: Concurrent Mark 681.265ms
[2026-04-03T03:32:53.074+0600][38.553s][info][gc,phases   ] GC(45) y: Pause Mark End 0.036ms
[2026-04-03T03:32:53.074+0600][38.554s][info][gc,phases   ] GC(45) y: Concurrent Mark Free 0.002ms
[2026-04-03T03:32:53.074+0600][38.554s][info][gc,phases   ] GC(45) y: Concurrent Reset Relocation Set 0.056ms
[2026-04-03T03:32:53.081+0600][38.560s][info][gc,reloc    ] GC(45) y: Using tenuring threshold: 1 (Computed)
[2026-04-03T03:32:53.166+0600][38.646s][info][gc,phases   ] GC(45) y: Concurrent Select Relocation Set 91.974ms
[2026-04-03T03:32:53.167+0600][38.646s][info][gc,phases   ] GC(45) y: Pause Relocate Start 0.032ms
[2026-04-03T03:32:53.497+0600][38.977s][info][gc,phases   ] GC(45) y: Concurrent Relocate 330.353ms
[2026-04-03T03:32:53.497+0600][38.977s][info][gc,alloc    ] GC(45) y:                         Mark Start        Mark End      Relocate Start    Relocate End   
[2026-04-03T03:32:53.497+0600][38.977s][info][gc,alloc    ] GC(45) y: Allocation Stalls:          0                0                0                0         
[2026-04-03T03:32:53.497+0600][38.977s][info][gc,load     ] GC(45) y: Load: 4.20 (35%) / 4.22 (35%) / 4.78 (40%)
[2026-04-03T03:32:53.497+0600][38.977s][info][gc,mmu      ] GC(45) y: MMU: 2ms/90.3%, 5ms/96.1%, 10ms/97.9%, 20ms/98.9%, 50ms/99.4%, 100ms/99.7%
[2026-04-03T03:32:53.497+0600][38.977s][info][gc,marking  ] GC(45) y: Mark: 2 stripe(s), 2 proactive flush(es), 1 terminate flush(es), 0 completion(s), 0 continuation(s) 
[2026-04-03T03:32:53.497+0600][38.977s][info][gc,marking  ] GC(45) y: Mark Stack Usage: 32M
[2026-04-03T03:32:53.497+0600][38.977s][info][gc,nmethod  ] GC(45) y: NMethods: 6296 registered, 668 unregistered
[2026-04-03T03:32:53.497+0600][38.977s][info][gc,metaspace] GC(45) y: Metaspace: 70M used, 71M committed, 1088M reserved
[2026-04-03T03:32:53.497+0600][38.977s][info][gc,reloc    ] GC(45) y:                        Candidates     Selected     In-Place         Size        Empty    Relocated 
[2026-04-03T03:32:53.497+0600][38.977s][info][gc,reloc    ] GC(45) y: Small Pages:                  247          197            0         494M           0M          24M 
[2026-04-03T03:32:53.497+0600][38.977s][info][gc,reloc    ] GC(45) y: Medium Pages:                   0            0            0           0M           0M           0M 
[2026-04-03T03:32:53.497+0600][38.977s][info][gc,reloc    ] GC(45) y: Large Pages:                    3            0            0          30M           0M           0M 
[2026-04-03T03:32:53.497+0600][38.977s][info][gc,reloc    ] GC(45) y: Forwarding Usage: 28M
[2026-04-03T03:32:53.497+0600][38.977s][info][gc,reloc    ] GC(45) y: Age Table:
[2026-04-03T03:32:53.497+0600][38.977s][info][gc,reloc    ] GC(45) y:                    Live             Garbage             Small              Medium             Large        
[2026-04-03T03:32:53.498+0600][38.977s][info][gc,reloc    ] GC(45) y: Eden              22M (1%)          379M (22%)        201 / 188            0 / 0              0 / 0        
[2026-04-03T03:32:53.498+0600][38.977s][info][gc,reloc    ] GC(45) y: Survivor 1        56M (3%)           13M (1%)          20 / 4              0 / 0              3 / 0        
[2026-04-03T03:32:53.498+0600][38.977s][info][gc,reloc    ] GC(45) y: Survivor 2        35M (2%)           16M (1%)          26 / 5              0 / 0              0 / 0        
[2026-04-03T03:32:53.498+0600][38.977s][info][gc,heap     ] GC(45) y: Min Capacity: 8M(0%)
[2026-04-03T03:32:53.498+0600][38.977s][info][gc,heap     ] GC(45) y: Max Capacity: 1750M(100%)
[2026-04-03T03:32:53.498+0600][38.977s][info][gc,heap     ] GC(45) y: Soft Max Capacity: 1750M(100%)
[2026-04-03T03:32:53.498+0600][38.977s][info][gc,heap     ] GC(45) y: Heap Statistics:
[2026-04-03T03:32:53.498+0600][38.977s][info][gc,heap     ] GC(45) y:                Mark Start          Mark End        Relocate Start      Relocate End           High               Low         
[2026-04-03T03:32:53.498+0600][38.977s][info][gc,heap     ] GC(45) y:  Capacity:     1750M (100%)       1750M (100%)       1750M (100%)       1750M (100%)       1750M (100%)       1750M (100%)   
[2026-04-03T03:32:53.498+0600][38.977s][info][gc,heap     ] GC(45) y:      Free:      890M (51%)         406M (23%)         312M (18%)         682M (39%)         890M (51%)         298M (17%)    
[2026-04-03T03:32:53.498+0600][38.977s][info][gc,heap     ] GC(45) y:      Used:      860M (49%)        1344M (77%)        1438M (82%)        1068M (61%)        1452M (83%)         860M (49%)    
[2026-04-03T03:32:53.498+0600][38.977s][info][gc,heap     ] GC(45) y: Young Generation Statistics:
[2026-04-03T03:32:53.498+0600][38.977s][info][gc,heap     ] GC(45) y:                Mark Start          Mark End        Relocate Start      Relocate End    
[2026-04-03T03:32:53.498+0600][38.977s][info][gc,heap     ] GC(45) y:      Used:      524M (30%)        1008M (58%)        1004M (57%)         620M (35%)    
[2026-04-03T03:32:53.498+0600][38.977s][info][gc,heap     ] GC(45) y:      Live:         -               114M (7%)           27M (2%)           22M (1%)     
[2026-04-03T03:32:53.498+0600][38.977s][info][gc,heap     ] GC(45) y:   Garbage:         -               409M (23%)         398M (23%)           0M (0%)     
[2026-04-03T03:32:53.498+0600][38.977s][info][gc,heap     ] GC(45) y: Allocated:         -               484M (28%)         578M (33%)         597M (34%)    
[2026-04-03T03:32:53.498+0600][38.977s][info][gc,heap     ] GC(45) y: Reclaimed:         -                  -                11M (1%)          409M (23%)    
[2026-04-03T03:32:53.498+0600][38.977s][info][gc,heap     ] GC(45) y:  Promoted:         -                  -                86M (5%)           92M (5%)     
[2026-04-03T03:32:53.498+0600][38.977s][info][gc,heap     ] GC(45) y: Compacted:         -                  -                  -                22M (1%)     
[2026-04-03T03:32:53.498+0600][38.977s][info][gc,phases   ] GC(45) y: Young Generation 860M(49%)->1068M(61%) 1.105s
[2026-04-03T03:32:53.498+0600][38.977s][info][gc          ] GC(45) Minor Collection (Allocation Rate) 860M(49%)->1068M(61%) 1.106s
[2026-04-03T03:32:53.498+0600][38.978s][info][gc,task     ] Adjusting Workers for Old Generation: 1 -> 2
[2026-04-03T03:32:53.498+0600][38.978s][info][gc          ] GC(46) Minor Collection (Allocation Rate)
[2026-04-03T03:32:53.498+0600][38.978s][info][gc,task     ] GC(46) Using 1 Workers for Young Generation
[2026-04-03T03:32:53.498+0600][38.978s][info][gc,phases   ] GC(46) y: Young Generation
[2026-04-03T03:32:53.499+0600][38.978s][info][gc,phases   ] GC(46) y: Pause Mark Start 0.029ms
[2026-04-03T03:32:53.652+0600][39.131s][info][gc,phases   ] GC(44) O: Concurrent Mark 1264.101ms
[2026-04-03T03:32:53.652+0600][39.132s][info][gc,phases   ] GC(44) O: Pause Mark End 0.036ms
[2026-04-03T03:32:53.652+0600][39.132s][info][gc,phases   ] GC(44) O: Concurrent Mark Free 0.002ms
[2026-04-03T03:32:53.686+0600][39.166s][info][gc,phases   ] GC(44) O: Concurrent Process Non-Strong 33.806ms
[2026-04-03T03:32:53.686+0600][39.166s][info][gc,phases   ] GC(44) O: Concurrent Reset Relocation Set 0.008ms
[2026-04-03T03:32:53.700+0600][39.180s][info][gc,phases   ] GC(44) O: Concurrent Select Relocation Set 13.888ms
[2026-04-03T03:32:54.424+0600][39.904s][info][gc,phases   ] GC(46) y: Concurrent Mark 925.398ms
[2026-04-03T03:32:54.424+0600][39.904s][info][gc,phases   ] GC(46) y: Pause Mark End 0.030ms
[2026-04-03T03:32:54.425+0600][39.904s][info][gc,phases   ] GC(46) y: Concurrent Mark Free 0.001ms
[2026-04-03T03:32:54.425+0600][39.904s][info][gc,phases   ] GC(46) y: Concurrent Reset Relocation Set 0.140ms
[2026-04-03T03:32:54.430+0600][39.910s][info][gc,reloc    ] GC(46) y: Using tenuring threshold: 2 (Computed)
[2026-04-03T03:32:54.436+0600][39.915s][info][gc,phases   ] GC(46) y: Concurrent Select Relocation Set 11.082ms
[2026-04-03T03:32:54.436+0600][39.916s][info][gc,phases   ] GC(46) y: Pause Relocate Start 0.035ms
[2026-04-03T03:32:54.564+0600][40.044s][info][gc,phases   ] GC(46) y: Concurrent Relocate 128.113ms
[2026-04-03T03:32:54.565+0600][40.044s][info][gc,alloc    ] GC(46) y:                         Mark Start        Mark End      Relocate Start    Relocate End   
[2026-04-03T03:32:54.565+0600][40.044s][info][gc,alloc    ] GC(46) y: Allocation Stalls:          0                0                0                0         
[2026-04-03T03:32:54.565+0600][40.044s][info][gc,load     ] GC(46) y: Load: 4.20 (35%) / 4.22 (35%) / 4.78 (40%)
[2026-04-03T03:32:54.565+0600][40.044s][info][gc,mmu      ] GC(46) y: MMU: 2ms/90.3%, 5ms/96.1%, 10ms/97.9%, 20ms/98.9%, 50ms/99.4%, 100ms/99.7%
[2026-04-03T03:32:54.565+0600][40.044s][info][gc,marking  ] GC(46) y: Mark: 1 stripe(s), 2 proactive flush(es), 1 terminate flush(es), 0 completion(s), 0 continuation(s) 
[2026-04-03T03:32:54.565+0600][40.044s][info][gc,marking  ] GC(46) y: Mark Stack Usage: 32M
[2026-04-03T03:32:54.565+0600][40.044s][info][gc,nmethod  ] GC(46) y: NMethods: 6413 registered, 679 unregistered
[2026-04-03T03:32:54.565+0600][40.044s][info][gc,metaspace] GC(46) y: Metaspace: 70M used, 71M committed, 1088M reserved
[2026-04-03T03:32:54.565+0600][40.044s][info][gc,reloc    ] GC(46) y:                        Candidates     Selected     In-Place         Size        Empty    Relocated 
[2026-04-03T03:32:54.565+0600][40.044s][info][gc,reloc    ] GC(46) y: Small Pages:                  267          240            0         534M           0M          26M 
[2026-04-03T03:32:54.565+0600][40.044s][info][gc,reloc    ] GC(46) y: Medium Pages:                   1            0            0          32M           0M           0M 
[2026-04-03T03:32:54.565+0600][40.044s][info][gc,reloc    ] GC(46) y: Large Pages:                    3            0            0          54M           0M           0M 
[2026-04-03T03:32:54.565+0600][40.044s][info][gc,reloc    ] GC(46) y: Forwarding Usage: 27M
[2026-04-03T03:32:54.565+0600][40.044s][info][gc,reloc    ] GC(46) y: Age Table:
[2026-04-03T03:32:54.565+0600][40.044s][info][gc,reloc    ] GC(46) y:                    Live             Garbage             Small              Medium             Large        
[2026-04-03T03:32:54.565+0600][40.044s][info][gc,reloc    ] GC(46) y: Eden              83M (5%)          506M (29%)        252 / 236            1 / 0              3 / 0        
[2026-04-03T03:32:54.565+0600][40.044s][info][gc,reloc    ] GC(46) y: Survivor 1        18M (1%)           11M (1%)          15 / 4              0 / 0              0 / 0        
[2026-04-03T03:32:54.565+0600][40.044s][info][gc,heap     ] GC(46) y: Min Capacity: 8M(0%)
[2026-04-03T03:32:54.565+0600][40.044s][info][gc,heap     ] GC(46) y: Max Capacity: 1750M(100%)
[2026-04-03T03:32:54.565+0600][40.044s][info][gc,heap     ] GC(46) y: Soft Max Capacity: 1750M(100%)
[2026-04-03T03:32:54.565+0600][40.044s][info][gc,heap     ] GC(46) y: Heap Statistics:
[2026-04-03T03:32:54.565+0600][40.044s][info][gc,heap     ] GC(46) y:                Mark Start          Mark End        Relocate Start      Relocate End           High               Low         
[2026-04-03T03:32:54.565+0600][40.044s][info][gc,heap     ] GC(46) y:  Capacity:     1750M (100%)       1750M (100%)       1750M (100%)       1750M (100%)       1750M (100%)       1750M (100%)   
[2026-04-03T03:32:54.565+0600][40.044s][info][gc,heap     ] GC(46) y:      Free:      682M (39%)         594M (34%)         594M (34%)        1014M (58%)        1018M (58%)         586M (33%)    
[2026-04-03T03:32:54.565+0600][40.044s][info][gc,heap     ] GC(46) y:      Used:     1068M (61%)        1156M (66%)        1156M (66%)         736M (42%)        1164M (67%)         732M (42%)    
[2026-04-03T03:32:54.565+0600][40.044s][info][gc,heap     ] GC(46) y: Young Generation Statistics:
[2026-04-03T03:32:54.565+0600][40.045s][info][gc,heap     ] GC(46) y:                Mark Start          Mark End        Relocate Start      Relocate End    
[2026-04-03T03:32:54.565+0600][40.045s][info][gc,heap     ] GC(46) y:      Used:      620M (35%)         708M (40%)         708M (40%)         288M (16%)    
[2026-04-03T03:32:54.565+0600][40.045s][info][gc,heap     ] GC(46) y:      Live:         -               102M (6%)          102M (6%)          102M (6%)     
[2026-04-03T03:32:54.565+0600][40.045s][info][gc,heap     ] GC(46) y:   Garbage:         -               517M (30%)         517M (30%)          33M (2%)     
[2026-04-03T03:32:54.565+0600][40.045s][info][gc,heap     ] GC(46) y: Allocated:         -                88M (5%)           88M (5%)          152M (9%)     
[2026-04-03T03:32:54.565+0600][40.045s][info][gc,heap     ] GC(46) y: Reclaimed:         -                  -                 0M (0%)          484M (28%)    
[2026-04-03T03:32:54.565+0600][40.045s][info][gc,heap     ] GC(46) y:  Promoted:         -                  -                 0M (0%)            0M (0%)     
[2026-04-03T03:32:54.565+0600][40.045s][info][gc,heap     ] GC(46) y: Compacted:         -                  -                  -                27M (2%)     
[2026-04-03T03:32:54.565+0600][40.045s][info][gc,phases   ] GC(46) y: Young Generation 1068M(61%)->736M(42%) 1.066s
[2026-04-03T03:32:54.565+0600][40.045s][info][gc          ] GC(46) Minor Collection (Allocation Rate) 1068M(61%)->736M(42%) 1.067s
[2026-04-03T03:32:54.565+0600][40.045s][info][gc,task     ] Adjusting Workers for Old Generation: 2 -> 1
[2026-04-03T03:32:54.565+0600][40.045s][info][gc,task     ] GC(44) O: Using 3 Workers for Old Generation
[2026-04-03T03:32:54.644+0600][40.124s][info][gc,task     ] GC(44) O: Using 2 Workers for Old Generation
[2026-04-03T03:32:54.644+0600][40.124s][info][gc,phases   ] GC(44) O: Concurrent Remap Roots 79.237ms
[2026-04-03T03:32:54.645+0600][40.125s][info][gc,phases   ] GC(44) O: Pause Relocate Start 0.042ms
[2026-04-03T03:32:54.645+0600][40.125s][info][gc          ] GC(47) Minor Collection (Allocation Rate)
[2026-04-03T03:32:54.645+0600][40.125s][info][gc,task     ] GC(47) Using 2 Workers for Young Generation
[2026-04-03T03:32:54.645+0600][40.125s][info][gc,phases   ] GC(47) y: Young Generation
[2026-04-03T03:32:54.646+0600][40.125s][info][gc,phases   ] GC(47) y: Pause Mark Start 0.048ms
[2026-04-03T03:32:54.760+0600][40.239s][info][gc,phases   ] GC(44) O: Concurrent Relocate 114.561ms
[2026-04-03T03:32:54.768+0600][40.247s][info][gc,task     ] Adjusting Workers for Young Generation: 2 -> 3
[2026-04-03T03:32:55.211+0600][40.690s][info][gc,phases   ] GC(47) y: Concurrent Mark 564.966ms
[2026-04-03T03:32:55.211+0600][40.691s][info][gc,phases   ] GC(47) y: Pause Mark End 0.032ms
[2026-04-03T03:32:55.211+0600][40.691s][info][gc,phases   ] GC(47) y: Concurrent Mark Free 0.002ms
[2026-04-03T03:32:55.211+0600][40.691s][info][gc,phases   ] GC(47) y: Concurrent Reset Relocation Set 0.056ms
[2026-04-03T03:32:55.217+0600][40.697s][info][gc,reloc    ] GC(47) y: Using tenuring threshold: 1 (Computed)
[2026-04-03T03:32:55.276+0600][40.755s][info][gc,phases   ] GC(47) y: Concurrent Select Relocation Set 64.232ms
[2026-04-03T03:32:55.276+0600][40.755s][info][gc,phases   ] GC(47) y: Pause Relocate Start 0.029ms
[2026-04-03T03:32:55.413+0600][40.893s][info][gc,phases   ] GC(47) y: Concurrent Relocate 137.075ms
[2026-04-03T03:32:55.413+0600][40.893s][info][gc,alloc    ] GC(47) y:                         Mark Start        Mark End      Relocate Start    Relocate End   
[2026-04-03T03:32:55.413+0600][40.893s][info][gc,alloc    ] GC(47) y: Allocation Stalls:          0                0                0                0         
[2026-04-03T03:32:55.413+0600][40.893s][info][gc,load     ] GC(47) y: Load: 4.20 (35%) / 4.22 (35%) / 4.78 (40%)
[2026-04-03T03:32:55.413+0600][40.893s][info][gc,mmu      ] GC(47) y: MMU: 2ms/90.3%, 5ms/96.1%, 10ms/97.9%, 20ms/98.9%, 50ms/99.4%, 100ms/99.7%
[2026-04-03T03:32:55.413+0600][40.893s][info][gc,marking  ] GC(47) y: Mark: 2 stripe(s), 10 proactive flush(es), 1 terminate flush(es), 0 completion(s), 0 continuation(s) 
[2026-04-03T03:32:55.413+0600][40.893s][info][gc,marking  ] GC(47) y: Mark Stack Usage: 32M
[2026-04-03T03:32:55.413+0600][40.893s][info][gc,nmethod  ] GC(47) y: NMethods: 6425 registered, 679 unregistered
[2026-04-03T03:32:55.413+0600][40.893s][info][gc,metaspace] GC(47) y: Metaspace: 70M used, 71M committed, 1088M reserved
[2026-04-03T03:32:55.413+0600][40.893s][info][gc,reloc    ] GC(47) y:                        Candidates     Selected     In-Place         Size        Empty    Relocated 
[2026-04-03T03:32:55.413+0600][40.893s][info][gc,reloc    ] GC(47) y: Small Pages:                   99           51            0         198M          32M          10M 
[2026-04-03T03:32:55.413+0600][40.893s][info][gc,reloc    ] GC(47) y: Medium Pages:                   2            0            0          64M          32M           0M 
[2026-04-03T03:32:55.413+0600][40.893s][info][gc,reloc    ] GC(47) y: Large Pages:                    6            0            0          72M           6M           0M 
[2026-04-03T03:32:55.413+0600][40.893s][info][gc,reloc    ] GC(47) y: Forwarding Usage: 15M
[2026-04-03T03:32:55.414+0600][40.893s][info][gc,reloc    ] GC(47) y: Age Table:
[2026-04-03T03:32:55.414+0600][40.893s][info][gc,reloc    ] GC(47) y:                    Live             Garbage             Small              Medium             Large        
[2026-04-03T03:32:55.414+0600][40.893s][info][gc,reloc    ] GC(47) y: Eden              29M (2%)          162M (9%)          71 / 47             1 / 0              3 / 0        
[2026-04-03T03:32:55.414+0600][40.893s][info][gc,reloc    ] GC(47) y: Survivor 1        80M (5%)           35M (2%)          15 / 1              1 / 0              3 / 0        
[2026-04-03T03:32:55.414+0600][40.893s][info][gc,reloc    ] GC(47) y: Survivor 2        18M (1%)            7M (0%)          13 / 3              0 / 0              0 / 0        
[2026-04-03T03:32:55.414+0600][40.893s][info][gc,heap     ] GC(47) y: Min Capacity: 8M(0%)
[2026-04-03T03:32:55.414+0600][40.893s][info][gc,heap     ] GC(47) y: Max Capacity: 1750M(100%)
[2026-04-03T03:32:55.414+0600][40.893s][info][gc,heap     ] GC(47) y: Soft Max Capacity: 1750M(100%)
[2026-04-03T03:32:55.414+0600][40.893s][info][gc,heap     ] GC(47) y: Heap Statistics:
[2026-04-03T03:32:55.414+0600][40.893s][info][gc,heap     ] GC(47) y:                Mark Start          Mark End        Relocate Start      Relocate End           High               Low         
[2026-04-03T03:32:55.414+0600][40.893s][info][gc,heap     ] GC(47) y:  Capacity:     1750M (100%)       1750M (100%)       1750M (100%)       1750M (100%)       1750M (100%)       1750M (100%)   
[2026-04-03T03:32:55.414+0600][40.893s][info][gc,heap     ] GC(47) y:      Free:      964M (55%)         604M (35%)         594M (34%)         616M (35%)         972M (56%)         588M (34%)    
[2026-04-03T03:32:55.414+0600][40.893s][info][gc,heap     ] GC(47) y:      Used:      786M (45%)        1146M (65%)        1156M (66%)        1134M (65%)        1162M (66%)         778M (44%)    
[2026-04-03T03:32:55.414+0600][40.893s][info][gc,heap     ] GC(47) y: Young Generation Statistics:
[2026-04-03T03:32:55.414+0600][40.893s][info][gc,heap     ] GC(47) y:                Mark Start          Mark End        Relocate Start      Relocate End    
[2026-04-03T03:32:55.414+0600][40.893s][info][gc,heap     ] GC(47) y:      Used:      334M (19%)         710M (41%)         620M (35%)         592M (34%)    
[2026-04-03T03:32:55.414+0600][40.893s][info][gc,heap     ] GC(47) y:      Live:         -               129M (7%)           33M (2%)           29M (2%)     
[2026-04-03T03:32:55.414+0600][40.893s][info][gc,heap     ] GC(47) y:   Garbage:         -               204M (12%)         130M (7%)           25M (1%)     
[2026-04-03T03:32:55.414+0600][40.893s][info][gc,heap     ] GC(47) y: Allocated:         -               376M (21%)         456M (26%)         536M (31%)    
[2026-04-03T03:32:55.414+0600][40.893s][info][gc,heap     ] GC(47) y: Reclaimed:         -                  -                74M (4%)          178M (10%)    
[2026-04-03T03:32:55.414+0600][40.893s][info][gc,heap     ] GC(47) y:  Promoted:         -                  -                95M (5%)           99M (6%)     
[2026-04-03T03:32:55.414+0600][40.893s][info][gc,heap     ] GC(47) y: Compacted:         -                  -                  -                11M (1%)     
[2026-04-03T03:32:55.414+0600][40.893s][info][gc,phases   ] GC(47) y: Young Generation 786M(45%)->1134M(65%) 0.768s
[2026-04-03T03:32:55.414+0600][40.893s][info][gc          ] GC(47) Minor Collection (Allocation Rate) 786M(45%)->1134M(65%) 0.768s
[2026-04-03T03:32:55.414+0600][40.894s][info][gc,alloc    ] GC(44) O:                         Mark Start        Mark End      Relocate Start    Relocate End   
[2026-04-03T03:32:55.414+0600][40.894s][info][gc,alloc    ] GC(44) O: Allocation Stalls:          0                0                0                0         
[2026-04-03T03:32:55.414+0600][40.894s][info][gc,load     ] GC(44) O: Load: 4.20 (35%) / 4.22 (35%) / 4.78 (40%)
[2026-04-03T03:32:55.414+0600][40.894s][info][gc,mmu      ] GC(44) O: MMU: 2ms/90.3%, 5ms/96.1%, 10ms/97.9%, 20ms/98.9%, 50ms/99.4%, 100ms/99.7%
[2026-04-03T03:32:55.414+0600][40.894s][info][gc,marking  ] GC(44) O: Mark: 2 stripe(s), 2 proactive flush(es), 1 terminate flush(es), 0 completion(s), 0 continuation(s) 
[2026-04-03T03:32:55.414+0600][40.894s][info][gc,marking  ] GC(44) O: Mark Stack Usage: 32M
[2026-04-03T03:32:55.414+0600][40.894s][info][gc,nmethod  ] GC(44) O: NMethods: 6425 registered, 679 unregistered
[2026-04-03T03:32:55.414+0600][40.894s][info][gc,metaspace] GC(44) O: Metaspace: 70M used, 71M committed, 1088M reserved
[2026-04-03T03:32:55.414+0600][40.894s][info][gc,ref      ] GC(44) O:                       Encountered   Discovered     Enqueued 
[2026-04-03T03:32:55.414+0600][40.894s][info][gc,ref      ] GC(44) O: Soft References:             5080            0            0 
[2026-04-03T03:32:55.414+0600][40.894s][info][gc,ref      ] GC(44) O: Weak References:             6525         4394           49 
[2026-04-03T03:32:55.414+0600][40.894s][info][gc,ref      ] GC(44) O: Final References:              84            0            0 
[2026-04-03T03:32:55.414+0600][40.894s][info][gc,ref      ] GC(44) O: Phantom References:           599          210            0 
[2026-04-03T03:32:55.414+0600][40.894s][info][gc,reloc    ] GC(44) O:                        Candidates     Selected     In-Place         Size        Empty    Relocated 
[2026-04-03T03:32:55.414+0600][40.894s][info][gc,reloc    ] GC(44) O: Small Pages:                  137           12            0         274M           0M           5M 
[2026-04-03T03:32:55.414+0600][40.894s][info][gc,reloc    ] GC(44) O: Medium Pages:                   1            0            0          32M           0M           0M 
[2026-04-03T03:32:55.414+0600][40.894s][info][gc,reloc    ] GC(44) O: Large Pages:                    3            0            0          30M           0M           0M 
[2026-04-03T03:32:55.414+0600][40.894s][info][gc,reloc    ] GC(44) O: Forwarding Usage: 9M
[2026-04-03T03:32:55.414+0600][40.894s][info][gc,heap     ] GC(44) O: Min Capacity: 8M(0%)
[2026-04-03T03:32:55.414+0600][40.894s][info][gc,heap     ] GC(44) O: Max Capacity: 1750M(100%)
[2026-04-03T03:32:55.414+0600][40.894s][info][gc,heap     ] GC(44) O: Soft Max Capacity: 1750M(100%)
[2026-04-03T03:32:55.414+0600][40.894s][info][gc,heap     ] GC(44) O: Heap Statistics:
[2026-04-03T03:32:55.414+0600][40.894s][info][gc,heap     ] GC(44) O:                Mark Start          Mark End        Relocate Start      Relocate End           High               Low         
[2026-04-03T03:32:55.414+0600][40.894s][info][gc,heap     ] GC(44) O:  Capacity:     1750M (100%)       1750M (100%)       1750M (100%)       1750M (100%)       1750M (100%)       1750M (100%)   
[2026-04-03T03:32:55.414+0600][40.894s][info][gc,heap     ] GC(44) O:      Free:      806M (46%)         648M (37%)         968M (55%)         938M (54%)        1018M (58%)         298M (17%)    
[2026-04-03T03:32:55.414+0600][40.894s][info][gc,heap     ] GC(44) O:      Used:      944M (54%)        1102M (63%)         782M (45%)         812M (46%)        1452M (83%)         732M (42%)    
[2026-04-03T03:32:55.414+0600][40.894s][info][gc,heap     ] GC(44) O: Old Generation Statistics:
[2026-04-03T03:32:55.414+0600][40.894s][info][gc,heap     ] GC(44) O:                Mark Start          Mark End        Relocate Start      Relocate End    
[2026-04-03T03:32:55.414+0600][40.894s][info][gc,heap     ] GC(44) O:      Used:      336M (19%)         448M (26%)         448M (26%)         436M (25%)    
[2026-04-03T03:32:55.414+0600][40.894s][info][gc,heap     ] GC(44) O:      Live:         -               285M (16%)         285M (16%)         285M (16%)    
[2026-04-03T03:32:55.415+0600][40.894s][info][gc,heap     ] GC(44) O:   Garbage:         -                50M (3%)           50M (3%)           23M (1%)     
[2026-04-03T03:32:55.415+0600][40.894s][info][gc,heap     ] GC(44) O: Allocated:         -               112M (6%)          112M (6%)          127M (7%)     
[2026-04-03T03:32:55.415+0600][40.894s][info][gc,heap     ] GC(44) O: Reclaimed:         -                  -                 0M (0%)           27M (2%)     
[2026-04-03T03:32:55.415+0600][40.894s][info][gc,heap     ] GC(44) O: Compacted:         -                  -                  -                20M (1%)     
[2026-04-03T03:32:55.415+0600][40.894s][info][gc,phases   ] GC(44) O: Old Generation 856M(49%)->812M(46%) 3.026s
[2026-04-03T03:32:55.415+0600][40.894s][info][gc          ] GC(44) Major Collection (Allocation Rate) 944M(54%)->1134M(65%) 3.526s
[2026-04-03T03:32:55.424+0600][40.904s][info][gc          ] GC(48) Major Collection (Allocation Rate)
[2026-04-03T03:32:55.424+0600][40.904s][info][gc,task     ] GC(48) Using 3 Workers for Young Generation
[2026-04-03T03:32:55.424+0600][40.904s][info][gc,task     ] GC(48) Using 1 Workers for Old Generation
[2026-04-03T03:32:55.424+0600][40.904s][info][gc,phases   ] GC(48) Y: Young Generation
[2026-04-03T03:32:55.425+0600][40.904s][info][gc,phases   ] GC(48) Y: Pause Mark Start (Major) 0.035ms
[2026-04-03T03:32:55.818+0600][41.297s][info][gc,phases   ] GC(48) Y: Concurrent Mark 393.189ms
[2026-04-03T03:32:55.830+0600][41.309s][info][gc,phases   ] GC(48) Y: Pause Mark End 0.041ms
[2026-04-03T03:32:55.830+0600][41.309s][info][gc,phases   ] GC(48) Y: Concurrent Mark Free 0.003ms
[2026-04-03T03:32:55.830+0600][41.310s][info][gc,phases   ] GC(48) Y: Concurrent Reset Relocation Set 0.088ms
[2026-04-03T03:32:55.833+0600][41.312s][info][gc,reloc    ] GC(48) Y: Using tenuring threshold: 2 (Computed)
[2026-04-03T03:32:55.863+0600][41.342s][info][gc,phases   ] GC(48) Y: Concurrent Select Relocation Set 32.473ms
[2026-04-03T03:32:55.863+0600][41.343s][info][gc,phases   ] GC(48) Y: Pause Relocate Start 0.030ms
[2026-04-03T03:32:56.020+0600][41.499s][info][gc,phases   ] GC(48) Y: Concurrent Relocate 156.509ms
[2026-04-03T03:32:56.020+0600][41.499s][info][gc,alloc    ] GC(48) Y:                         Mark Start        Mark End      Relocate Start    Relocate End   
[2026-04-03T03:32:56.020+0600][41.499s][info][gc,alloc    ] GC(48) Y: Allocation Stalls:          0                0                0                0         
[2026-04-03T03:32:56.020+0600][41.499s][info][gc,load     ] GC(48) Y: Load: 4.34 (36%) / 4.25 (35%) / 4.78 (40%)
[2026-04-03T03:32:56.020+0600][41.499s][info][gc,mmu      ] GC(48) Y: MMU: 2ms/90.3%, 5ms/96.1%, 10ms/97.9%, 20ms/98.9%, 50ms/99.4%, 100ms/99.7%
[2026-04-03T03:32:56.020+0600][41.499s][info][gc,marking  ] GC(48) Y: Mark: 2 stripe(s), 4 proactive flush(es), 1 terminate flush(es), 0 completion(s), 0 continuation(s) 
[2026-04-03T03:32:56.020+0600][41.499s][info][gc,marking  ] GC(48) Y: Mark Stack Usage: 32M
[2026-04-03T03:32:56.020+0600][41.499s][info][gc,nmethod  ] GC(48) Y: NMethods: 6427 registered, 679 unregistered
[2026-04-03T03:32:56.020+0600][41.499s][info][gc,metaspace] GC(48) Y: Metaspace: 70M used, 71M committed, 1088M reserved
[2026-04-03T03:32:56.020+0600][41.499s][info][gc,reloc    ] GC(48) Y:                        Candidates     Selected     In-Place         Size        Empty    Relocated 
[2026-04-03T03:32:56.020+0600][41.500s][info][gc,reloc    ] GC(48) Y: Small Pages:                  219          149            0         438M           0M          56M 
[2026-04-03T03:32:56.020+0600][41.500s][info][gc,reloc    ] GC(48) Y: Medium Pages:                   2            0            0          64M          64M           0M 
[2026-04-03T03:32:56.020+0600][41.500s][info][gc,reloc    ] GC(48) Y: Large Pages:                   12            0            0          96M          36M           0M 
[2026-04-03T03:32:56.020+0600][41.500s][info][gc,reloc    ] GC(48) Y: Forwarding Usage: 70M
[2026-04-03T03:32:56.020+0600][41.500s][info][gc,reloc    ] GC(48) Y: Age Table:
[2026-04-03T03:32:56.020+0600][41.500s][info][gc,reloc    ] GC(48) Y:                    Live             Garbage             Small              Medium             Large        
[2026-04-03T03:32:56.020+0600][41.500s][info][gc,reloc    ] GC(48) Y: Eden             170M (10%)         363M (21%)        209 / 142            1 / 0             10 / 0        
[2026-04-03T03:32:56.020+0600][41.500s][info][gc,reloc    ] GC(48) Y: Survivor 1         6M (0%)           57M (3%)          10 / 7              1 / 0              2 / 0        
[2026-04-03T03:32:56.020+0600][41.500s][info][gc,heap     ] GC(48) Y: Min Capacity: 8M(0%)
[2026-04-03T03:32:56.020+0600][41.500s][info][gc,heap     ] GC(48) Y: Max Capacity: 1750M(100%)
[2026-04-03T03:32:56.020+0600][41.500s][info][gc,heap     ] GC(48) Y: Soft Max Capacity: 1750M(100%)
[2026-04-03T03:32:56.020+0600][41.500s][info][gc,heap     ] GC(48) Y: Heap Statistics:
[2026-04-03T03:32:56.020+0600][41.500s][info][gc,heap     ] GC(48) Y:                Mark Start          Mark End        Relocate Start      Relocate End           High               Low         
[2026-04-03T03:32:56.020+0600][41.500s][info][gc,heap     ] GC(48) Y:  Capacity:     1750M (100%)       1750M (100%)       1750M (100%)       1750M (100%)       1750M (100%)       1750M (100%)   
[2026-04-03T03:32:56.020+0600][41.500s][info][gc,heap     ] GC(48) Y:      Free:      610M (35%)         194M (11%)         266M (15%)         468M (27%)         610M (35%)         188M (11%)    
[2026-04-03T03:32:56.020+0600][41.500s][info][gc,heap     ] GC(48) Y:      Used:     1140M (65%)        1556M (89%)        1484M (85%)        1282M (73%)        1562M (89%)        1140M (65%)    
[2026-04-03T03:32:56.020+0600][41.500s][info][gc,heap     ] GC(48) Y: Young Generation Statistics:
[2026-04-03T03:32:56.020+0600][41.500s][info][gc,heap     ] GC(48) Y:                Mark Start          Mark End        Relocate Start      Relocate End    
[2026-04-03T03:32:56.020+0600][41.500s][info][gc,heap     ] GC(48) Y:      Used:      598M (34%)        1014M (58%)         942M (54%)         740M (42%)    
[2026-04-03T03:32:56.020+0600][41.500s][info][gc,heap     ] GC(48) Y:      Live:         -               177M (10%)         177M (10%)         177M (10%)    
[2026-04-03T03:32:56.020+0600][41.500s][info][gc,heap     ] GC(48) Y:   Garbage:         -               420M (24%)         320M (18%)           2M (0%)     
[2026-04-03T03:32:56.020+0600][41.500s][info][gc,heap     ] GC(48) Y: Allocated:         -               416M (24%)         444M (25%)         560M (32%)    
[2026-04-03T03:32:56.020+0600][41.500s][info][gc,heap     ] GC(48) Y: Reclaimed:         -                  -               100M (6%)          418M (24%)    
[2026-04-03T03:32:56.020+0600][41.500s][info][gc,heap     ] GC(48) Y:  Promoted:         -                  -                 0M (0%)            0M (0%)     
[2026-04-03T03:32:56.020+0600][41.500s][info][gc,heap     ] GC(48) Y: Compacted:         -                  -                  -               111M (6%)     
[2026-04-03T03:32:56.020+0600][41.500s][info][gc,phases   ] GC(48) Y: Young Generation 1140M(65%)->1282M(73%) 0.596s
[2026-04-03T03:32:56.020+0600][41.500s][info][gc,phases   ] GC(48) O: Old Generation
[2026-04-03T03:32:56.026+0600][41.506s][info][gc          ] GC(49) Minor Collection (Allocation Rate)
[2026-04-03T03:32:56.027+0600][41.506s][info][gc,task     ] GC(49) Using 2 Workers for Young Generation
[2026-04-03T03:32:56.027+0600][41.506s][info][gc,phases   ] GC(49) y: Young Generation
[2026-04-03T03:32:56.027+0600][41.507s][info][gc,phases   ] GC(49) y: Pause Mark Start 0.036ms
[2026-04-03T03:32:56.618+0600][42.098s][info][gc,task     ] Adjusting Workers for Old Generation: 1 -> 3
[2026-04-03T03:32:56.618+0600][42.098s][info][gc,task     ] Adjusting Workers for Young Generation: 2 -> 3
[2026-04-03T03:32:56.663+0600][42.143s][info][gc,phases   ] GC(49) y: Concurrent Mark 636.016ms
[2026-04-03T03:32:56.664+0600][42.143s][info][gc,phases   ] GC(49) y: Pause Mark End 0.035ms
[2026-04-03T03:32:56.664+0600][42.144s][info][gc,phases   ] GC(49) y: Concurrent Mark Free 0.002ms
[2026-04-03T03:32:56.664+0600][42.144s][info][gc,phases   ] GC(49) y: Concurrent Reset Relocation Set 0.071ms
[2026-04-03T03:32:56.669+0600][42.149s][info][gc          ] Allocation Stall (Executor task launch worker for task 2.0 in stage 15.0 (TID 26)) 53.311ms
[2026-04-03T03:32:56.669+0600][42.149s][info][gc,reloc    ] GC(49) y: Using tenuring threshold: 1 (Computed)
[2026-04-03T03:32:56.669+0600][42.149s][info][gc          ] Allocation Stall (Executor task launch worker for task 1.0 in stage 15.0 (TID 25)) 44.255ms
[2026-04-03T03:32:56.669+0600][42.149s][info][gc          ] Allocation Stall (Executor task launch worker for task 0.0 in stage 15.0 (TID 24)) 45.470ms
[2026-04-03T03:32:56.760+0600][42.240s][info][gc,phases   ] GC(49) y: Concurrent Select Relocation Set 96.144ms
[2026-04-03T03:32:56.761+0600][42.240s][info][gc,phases   ] GC(49) y: Pause Relocate Start 0.050ms
[2026-04-03T03:32:56.835+0600][42.314s][info][gc,phases   ] GC(48) O: Concurrent Mark 814.186ms
[2026-04-03T03:32:56.837+0600][42.316s][info][gc,phases   ] GC(48) O: Pause Mark End 0.045ms
[2026-04-03T03:32:56.837+0600][42.317s][info][gc,phases   ] GC(48) O: Concurrent Mark Free 0.002ms
[2026-04-03T03:32:56.853+0600][42.333s][info][gc,phases   ] GC(48) O: Concurrent Process Non-Strong 16.407ms
[2026-04-03T03:32:56.854+0600][42.333s][info][gc,phases   ] GC(48) O: Concurrent Reset Relocation Set 0.012ms
[2026-04-03T03:32:56.866+0600][42.346s][info][gc,phases   ] GC(48) O: Concurrent Select Relocation Set 12.688ms
[2026-04-03T03:32:57.026+0600][42.505s][info][gc,phases   ] GC(49) y: Concurrent Relocate 264.919ms
[2026-04-03T03:32:57.026+0600][42.505s][info][gc,alloc    ] GC(49) y:                         Mark Start        Mark End      Relocate Start    Relocate End   
[2026-04-03T03:32:57.026+0600][42.505s][info][gc,alloc    ] GC(49) y: Allocation Stalls:          0                3                0                0         
[2026-04-03T03:32:57.026+0600][42.505s][info][gc,load     ] GC(49) y: Load: 4.34 (36%) / 4.25 (35%) / 4.78 (40%)
[2026-04-03T03:32:57.026+0600][42.506s][info][gc,mmu      ] GC(49) y: MMU: 2ms/90.3%, 5ms/96.1%, 10ms/97.9%, 20ms/98.9%, 50ms/99.4%, 100ms/99.7%
[2026-04-03T03:32:57.026+0600][42.506s][info][gc,marking  ] GC(49) y: Mark: 2 stripe(s), 2 proactive flush(es), 1 terminate flush(es), 0 completion(s), 0 continuation(s) 
[2026-04-03T03:32:57.026+0600][42.506s][info][gc,marking  ] GC(49) y: Mark Stack Usage: 32M
[2026-04-03T03:32:57.026+0600][42.506s][info][gc,nmethod  ] GC(49) y: NMethods: 6409 registered, 703 unregistered
[2026-04-03T03:32:57.026+0600][42.506s][info][gc,metaspace] GC(49) y: Metaspace: 70M used, 71M committed, 1088M reserved
[2026-04-03T03:32:57.026+0600][42.506s][info][gc,reloc    ] GC(49) y:                        Candidates     Selected     In-Place         Size        Empty    Relocated 
[2026-04-03T03:32:57.026+0600][42.506s][info][gc,reloc    ] GC(49) y: Small Pages:                  318          244            0         636M           0M          45M 
[2026-04-03T03:32:57.026+0600][42.506s][info][gc,reloc    ] GC(49) y: Medium Pages:                   1            0            0          32M          32M           0M 
[2026-04-03T03:32:57.026+0600][42.506s][info][gc,reloc    ] GC(49) y: Large Pages:                    9            0            0          78M          30M           0M 
[2026-04-03T03:32:57.026+0600][42.506s][info][gc,reloc    ] GC(49) y: Forwarding Usage: 49M
[2026-04-03T03:32:57.026+0600][42.506s][info][gc,reloc    ] GC(49) y: Age Table:
[2026-04-03T03:32:57.026+0600][42.506s][info][gc,reloc    ] GC(49) y:                    Live             Garbage             Small              Medium             Large        
[2026-04-03T03:32:57.026+0600][42.506s][info][gc,reloc    ] GC(49) y: Eden              59M (3%)          494M (28%)        252 / 230            1 / 0              3 / 0        
[2026-04-03T03:32:57.026+0600][42.506s][info][gc,reloc    ] GC(49) y: Survivor 1       122M (7%)           55M (3%)          59 / 10             0 / 0              6 / 0        
[2026-04-03T03:32:57.026+0600][42.506s][info][gc,reloc    ] GC(49) y: Survivor 2         1M (0%)           12M (1%)           7 / 4              0 / 0              0 / 0        
[2026-04-03T03:32:57.026+0600][42.506s][info][gc,heap     ] GC(49) y: Min Capacity: 8M(0%)
[2026-04-03T03:32:57.026+0600][42.506s][info][gc,heap     ] GC(49) y: Max Capacity: 1750M(100%)
[2026-04-03T03:32:57.026+0600][42.506s][info][gc,heap     ] GC(49) y: Soft Max Capacity: 1750M(100%)
[2026-04-03T03:32:57.026+0600][42.506s][info][gc,heap     ] GC(49) y: Heap Statistics:
[2026-04-03T03:32:57.026+0600][42.506s][info][gc,heap     ] GC(49) y:                Mark Start          Mark End        Relocate Start      Relocate End           High               Low         
[2026-04-03T03:32:57.026+0600][42.506s][info][gc,heap     ] GC(49) y:  Capacity:     1750M (100%)       1750M (100%)       1750M (100%)       1750M (100%)       1750M (100%)       1750M (100%)   
[2026-04-03T03:32:57.026+0600][42.506s][info][gc,heap     ] GC(49) y:      Free:      462M (26%)           0M (0%)           18M (1%)          644M (37%)         734M (42%)           0M (0%)     
[2026-04-03T03:32:57.026+0600][42.506s][info][gc,heap     ] GC(49) y:      Used:     1288M (74%)        1750M (100%)       1732M (99%)        1106M (63%)        1750M (100%)       1016M (58%)    
[2026-04-03T03:32:57.026+0600][42.506s][info][gc,heap     ] GC(49) y: Young Generation Statistics:
[2026-04-03T03:32:57.026+0600][42.506s][info][gc,heap     ] GC(49) y:                Mark Start          Mark End        Relocate Start      Relocate End    
[2026-04-03T03:32:57.026+0600][42.506s][info][gc,heap     ] GC(49) y:      Used:      746M (43%)        1208M (69%)        1086M (62%)         730M (42%)    
[2026-04-03T03:32:57.026+0600][42.506s][info][gc,heap     ] GC(49) y:      Live:         -               183M (10%)          80M (5%)           59M (3%)     
[2026-04-03T03:32:57.026+0600][42.506s][info][gc,heap     ] GC(49) y:   Garbage:         -               562M (32%)         499M (29%)           0M (0%)     
[2026-04-03T03:32:57.026+0600][42.506s][info][gc,heap     ] GC(49) y: Allocated:         -               462M (26%)         506M (29%)         670M (38%)    
[2026-04-03T03:32:57.026+0600][42.506s][info][gc,heap     ] GC(49) y: Reclaimed:         -                  -                63M (4%)          562M (32%)    
[2026-04-03T03:32:57.026+0600][42.506s][info][gc,heap     ] GC(49) y:  Promoted:         -                  -               102M (6%)          123M (7%)     
[2026-04-03T03:32:57.026+0600][42.506s][info][gc,heap     ] GC(49) y: Compacted:         -                  -                  -                41M (2%)     
[2026-04-03T03:32:57.026+0600][42.506s][info][gc,phases   ] GC(49) y: Young Generation 1288M(74%)->1106M(63%) 0.999s
[2026-04-03T03:32:57.026+0600][42.506s][info][gc          ] GC(49) Minor Collection (Allocation Rate) 1288M(74%)->1106M(63%) 1.000s
[2026-04-03T03:32:57.027+0600][42.506s][info][gc,task     ] GC(48) O: Using 3 Workers for Old Generation
[2026-04-03T03:32:57.027+0600][42.506s][info][gc,task     ] Adjusting Workers for Old Generation: 3 -> 1
[2026-04-03T03:32:57.071+0600][42.551s][info][gc,task     ] GC(48) O: Using 3 Workers for Old Generation
[2026-04-03T03:32:57.071+0600][42.551s][info][gc,phases   ] GC(48) O: Concurrent Remap Roots 44.812ms
[2026-04-03T03:32:57.072+0600][42.551s][info][gc,phases   ] GC(48) O: Pause Relocate Start 0.034ms
[2026-04-03T03:32:57.072+0600][42.551s][info][gc          ] GC(50) Minor Collection (Allocation Rate)
[2026-04-03T03:32:57.072+0600][42.551s][info][gc,task     ] GC(50) Using 2 Workers for Young Generation
[2026-04-03T03:32:57.072+0600][42.551s][info][gc,phases   ] GC(50) y: Young Generation
[2026-04-03T03:32:57.072+0600][42.552s][info][gc,phases   ] GC(50) y: Pause Mark Start 0.053ms
[2026-04-03T03:32:57.096+0600][42.575s][info][gc,phases   ] GC(48) O: Concurrent Relocate 23.976ms
[2026-04-03T03:32:57.097+0600][42.576s][info][gc,task     ] Adjusting Workers for Young Generation: 2 -> 3
[2026-04-03T03:32:57.573+0600][43.053s][info][gc,phases   ] GC(50) y: Concurrent Mark 501.018ms
[2026-04-03T03:32:57.574+0600][43.053s][info][gc,phases   ] GC(50) y: Pause Mark End 0.036ms
[2026-04-03T03:32:57.574+0600][43.054s][info][gc,phases   ] GC(50) y: Concurrent Mark Free 0.002ms
[2026-04-03T03:32:57.574+0600][43.054s][info][gc,phases   ] GC(50) y: Concurrent Reset Relocation Set 0.185ms
[2026-04-03T03:32:57.581+0600][43.060s][info][gc,reloc    ] GC(50) y: Using tenuring threshold: 2 (Computed)
[2026-04-03T03:32:57.586+0600][43.066s][info][gc,phases   ] GC(50) y: Concurrent Select Relocation Set 12.225ms
[2026-04-03T03:32:57.587+0600][43.066s][info][gc,phases   ] GC(50) y: Pause Relocate Start 0.032ms
[2026-04-03T03:32:57.678+0600][43.158s][info][gc,phases   ] GC(50) y: Concurrent Relocate 90.930ms
[2026-04-03T03:32:57.678+0600][43.158s][info][gc,alloc    ] GC(50) y:                         Mark Start        Mark End      Relocate Start    Relocate End   
[2026-04-03T03:32:57.678+0600][43.158s][info][gc,alloc    ] GC(50) y: Allocation Stalls:          0                0                0                0         
[2026-04-03T03:32:57.678+0600][43.158s][info][gc,load     ] GC(50) y: Load: 4.34 (36%) / 4.25 (35%) / 4.78 (40%)
[2026-04-03T03:32:57.678+0600][43.158s][info][gc,mmu      ] GC(50) y: MMU: 2ms/90.3%, 5ms/96.1%, 10ms/97.9%, 20ms/98.9%, 50ms/99.4%, 100ms/99.7%
[2026-04-03T03:32:57.678+0600][43.158s][info][gc,marking  ] GC(50) y: Mark: 2 stripe(s), 2 proactive flush(es), 1 terminate flush(es), 0 completion(s), 0 continuation(s) 
[2026-04-03T03:32:57.678+0600][43.158s][info][gc,marking  ] GC(50) y: Mark Stack Usage: 32M
[2026-04-03T03:32:57.678+0600][43.158s][info][gc,nmethod  ] GC(50) y: NMethods: 6412 registered, 703 unregistered
[2026-04-03T03:32:57.678+0600][43.158s][info][gc,metaspace] GC(50) y: Metaspace: 70M used, 71M committed, 1088M reserved
[2026-04-03T03:32:57.678+0600][43.158s][info][gc,reloc    ] GC(50) y:                        Candidates     Selected     In-Place         Size        Empty    Relocated 
[2026-04-03T03:32:57.678+0600][43.158s][info][gc,reloc    ] GC(50) y: Small Pages:                  357          314            0         714M           0M          36M 
[2026-04-03T03:32:57.678+0600][43.158s][info][gc,reloc    ] GC(50) y: Medium Pages:                   0            0            0           0M           0M           0M 
[2026-04-03T03:32:57.678+0600][43.158s][info][gc,reloc    ] GC(50) y: Large Pages:                    6            0            0          48M          18M           0M 
[2026-04-03T03:32:57.678+0600][43.158s][info][gc,reloc    ] GC(50) y: Forwarding Usage: 41M
[2026-04-03T03:32:57.678+0600][43.158s][info][gc,reloc    ] GC(50) y: Age Table:
[2026-04-03T03:32:57.678+0600][43.158s][info][gc,reloc    ] GC(50) y:                    Live             Garbage             Small              Medium             Large        
[2026-04-03T03:32:57.678+0600][43.158s][info][gc,reloc    ] GC(50) y: Eden              67M (4%)          624M (36%)        331 / 309            0 / 0              3 / 0        
[2026-04-03T03:32:57.678+0600][43.158s][info][gc,reloc    ] GC(50) y: Survivor 1        35M (2%)           34M (2%)          26 / 5              0 / 0              3 / 0        
[2026-04-03T03:32:57.678+0600][43.158s][info][gc,heap     ] GC(50) y: Min Capacity: 8M(0%)
[2026-04-03T03:32:57.678+0600][43.158s][info][gc,heap     ] GC(50) y: Max Capacity: 1750M(100%)
[2026-04-03T03:32:57.678+0600][43.158s][info][gc,heap     ] GC(50) y: Soft Max Capacity: 1750M(100%)
[2026-04-03T03:32:57.678+0600][43.158s][info][gc,heap     ] GC(50) y: Heap Statistics:
[2026-04-03T03:32:57.678+0600][43.158s][info][gc,heap     ] GC(50) y:                Mark Start          Mark End        Relocate Start      Relocate End           High               Low         
[2026-04-03T03:32:57.678+0600][43.158s][info][gc,heap     ] GC(50) y:  Capacity:     1750M (100%)       1750M (100%)       1750M (100%)       1750M (100%)       1750M (100%)       1750M (100%)   
[2026-04-03T03:32:57.678+0600][43.158s][info][gc,heap     ] GC(50) y:      Free:      612M (35%)         294M (17%)         300M (17%)         856M (49%)         856M (49%)         286M (16%)    
[2026-04-03T03:32:57.678+0600][43.158s][info][gc,heap     ] GC(50) y:      Used:     1138M (65%)        1456M (83%)        1450M (83%)         894M (51%)        1464M (84%)         894M (51%)    
[2026-04-03T03:32:57.679+0600][43.158s][info][gc,heap     ] GC(50) y: Young Generation Statistics:
[2026-04-03T03:32:57.679+0600][43.158s][info][gc,heap     ] GC(50) y:                Mark Start          Mark End        Relocate Start      Relocate End    
[2026-04-03T03:32:57.679+0600][43.158s][info][gc,heap     ] GC(50) y:      Used:      762M (44%)        1108M (63%)        1102M (63%)         546M (31%)    
[2026-04-03T03:32:57.679+0600][43.158s][info][gc,heap     ] GC(50) y:      Live:         -               102M (6%)          102M (6%)          102M (6%)     
[2026-04-03T03:32:57.679+0600][43.158s][info][gc,heap     ] GC(50) y:   Garbage:         -               659M (38%)         641M (37%)           7M (0%)     
[2026-04-03T03:32:57.679+0600][43.158s][info][gc,heap     ] GC(50) y: Allocated:         -               346M (20%)         358M (20%)         436M (25%)    
[2026-04-03T03:32:57.679+0600][43.158s][info][gc,heap     ] GC(50) y: Reclaimed:         -                  -                18M (1%)          652M (37%)    
[2026-04-03T03:32:57.679+0600][43.158s][info][gc,heap     ] GC(50) y:  Promoted:         -                  -                 0M (0%)            0M (0%)     
[2026-04-03T03:32:57.679+0600][43.158s][info][gc,heap     ] GC(50) y: Compacted:         -                  -                  -                39M (2%)     
[2026-04-03T03:32:57.679+0600][43.158s][info][gc,phases   ] GC(50) y: Young Generation 1138M(65%)->894M(51%) 0.606s
[2026-04-03T03:32:57.679+0600][43.158s][info][gc          ] GC(50) Minor Collection (Allocation Rate) 1138M(65%)->896M(51%) 0.607s
[2026-04-03T03:32:57.679+0600][43.158s][info][gc,alloc    ] GC(48) O:                         Mark Start        Mark End      Relocate Start    Relocate End   
[2026-04-03T03:32:57.679+0600][43.159s][info][gc,alloc    ] GC(48) O: Allocation Stalls:          0                0                0                0         
[2026-04-03T03:32:57.679+0600][43.159s][info][gc,load     ] GC(48) O: Load: 4.34 (36%) / 4.25 (35%) / 4.78 (40%)
[2026-04-03T03:32:57.679+0600][43.159s][info][gc,mmu      ] GC(48) O: MMU: 2ms/90.3%, 5ms/96.1%, 10ms/97.9%, 20ms/98.9%, 50ms/99.4%, 100ms/99.7%
[2026-04-03T03:32:57.679+0600][43.159s][info][gc,marking  ] GC(48) O: Mark: 1 stripe(s), 2 proactive flush(es), 1 terminate flush(es), 0 completion(s), 0 continuation(s) 
[2026-04-03T03:32:57.679+0600][43.159s][info][gc,marking  ] GC(48) O: Mark Stack Usage: 32M
[2026-04-03T03:32:57.679+0600][43.159s][info][gc,nmethod  ] GC(48) O: NMethods: 6412 registered, 703 unregistered
[2026-04-03T03:32:57.679+0600][43.159s][info][gc,metaspace] GC(48) O: Metaspace: 70M used, 71M committed, 1088M reserved
[2026-04-03T03:32:57.679+0600][43.159s][info][gc,ref      ] GC(48) O:                       Encountered   Discovered     Enqueued 
[2026-04-03T03:32:57.679+0600][43.159s][info][gc,ref      ] GC(48) O: Soft References:             5095            0            0 
[2026-04-03T03:32:57.679+0600][43.159s][info][gc,ref      ] GC(48) O: Weak References:             7032         5152            2 
[2026-04-03T03:32:57.679+0600][43.159s][info][gc,ref      ] GC(48) O: Final References:              84           66            0 
[2026-04-03T03:32:57.679+0600][43.159s][info][gc,ref      ] GC(48) O: Phantom References:           599          596            0 
[2026-04-03T03:32:57.679+0600][43.159s][info][gc,reloc    ] GC(48) O:                        Candidates     Selected     In-Place         Size        Empty    Relocated 
[2026-04-03T03:32:57.679+0600][43.159s][info][gc,reloc    ] GC(48) O: Small Pages:                  198           17            0         396M         198M           3M 
[2026-04-03T03:32:57.679+0600][43.159s][info][gc,reloc    ] GC(48) O: Medium Pages:                   1            0            0          32M           0M           0M 
[2026-04-03T03:32:57.679+0600][43.159s][info][gc,reloc    ] GC(48) O: Large Pages:                    9            0            0         114M         114M           0M 
[2026-04-03T03:32:57.679+0600][43.159s][info][gc,reloc    ] GC(48) O: Forwarding Usage: 2M
[2026-04-03T03:32:57.679+0600][43.159s][info][gc,heap     ] GC(48) O: Min Capacity: 8M(0%)
[2026-04-03T03:32:57.679+0600][43.159s][info][gc,heap     ] GC(48) O: Max Capacity: 1750M(100%)
[2026-04-03T03:32:57.679+0600][43.159s][info][gc,heap     ] GC(48) O: Soft Max Capacity: 1750M(100%)
[2026-04-03T03:32:57.679+0600][43.159s][info][gc,heap     ] GC(48) O: Heap Statistics:
[2026-04-03T03:32:57.679+0600][43.159s][info][gc,heap     ] GC(48) O:                Mark Start          Mark End        Relocate Start      Relocate End           High               Low         
[2026-04-03T03:32:57.679+0600][43.159s][info][gc,heap     ] GC(48) O:  Capacity:     1750M (100%)       1750M (100%)       1750M (100%)       1750M (100%)       1750M (100%)       1750M (100%)   
[2026-04-03T03:32:57.679+0600][43.159s][info][gc,heap     ] GC(48) O:      Free:      610M (35%)         374M (21%)         612M (35%)         620M (35%)         734M (42%)           0M (0%)     
[2026-04-03T03:32:57.679+0600][43.159s][info][gc,heap     ] GC(48) O:      Used:     1140M (65%)        1376M (79%)        1138M (65%)        1130M (65%)        1750M (100%)       1016M (58%)    
[2026-04-03T03:32:57.679+0600][43.159s][info][gc,heap     ] GC(48) O: Old Generation Statistics:
[2026-04-03T03:32:57.679+0600][43.159s][info][gc,heap     ] GC(48) O:                Mark Start          Mark End        Relocate Start      Relocate End    
[2026-04-03T03:32:57.679+0600][43.159s][info][gc,heap     ] GC(48) O:      Used:      542M (31%)         664M (38%)         376M (21%)         348M (20%)    
[2026-04-03T03:32:57.679+0600][43.159s][info][gc,heap     ] GC(48) O:      Live:         -               171M (10%)         171M (10%)         171M (10%)    
[2026-04-03T03:32:57.679+0600][43.159s][info][gc,heap     ] GC(48) O:   Garbage:         -               370M (21%)          58M (3%)           24M (1%)     
[2026-04-03T03:32:57.679+0600][43.159s][info][gc,heap     ] GC(48) O: Allocated:         -               122M (7%)          146M (8%)          152M (9%)     
[2026-04-03T03:32:57.679+0600][43.159s][info][gc,heap     ] GC(48) O: Reclaimed:         -                  -               312M (18%)         346M (20%)    
[2026-04-03T03:32:57.680+0600][43.159s][info][gc,heap     ] GC(48) O: Compacted:         -                  -                  -                 5M (0%)     
[2026-04-03T03:32:57.680+0600][43.159s][info][gc,phases   ] GC(48) O: Old Generation 1282M(73%)->1130M(65%) 1.658s
[2026-04-03T03:32:57.680+0600][43.159s][info][gc          ] GC(48) Major Collection (Allocation Rate) 1140M(65%)->896M(51%) 2.255s
[2026-04-03T03:32:57.689+0600][43.169s][info][gc          ] GC(51) Minor Collection (Allocation Rate)
[2026-04-03T03:32:57.689+0600][43.169s][info][gc,task     ] GC(51) Using 3 Workers for Young Generation
[2026-04-03T03:32:57.689+0600][43.169s][info][gc,phases   ] GC(51) y: Young Generation
[2026-04-03T03:32:57.689+0600][43.169s][info][gc,phases   ] GC(51) y: Pause Mark Start 0.030ms
[2026-04-03T03:32:58.171+0600][43.650s][info][gc,phases   ] GC(51) y: Concurrent Mark 481.207ms
[2026-04-03T03:32:58.171+0600][43.651s][info][gc,phases   ] GC(51) y: Pause Mark End 0.044ms
[2026-04-03T03:32:58.171+0600][43.651s][info][gc,phases   ] GC(51) y: Concurrent Mark Free 0.006ms
[2026-04-03T03:32:58.171+0600][43.651s][info][gc,phases   ] GC(51) y: Concurrent Reset Relocation Set 0.076ms
[2026-04-03T03:32:58.178+0600][43.658s][info][gc,reloc    ] GC(51) y: Using tenuring threshold: 3 (Computed)
[2026-04-03T03:32:58.183+0600][43.663s][info][gc,phases   ] GC(51) y: Concurrent Select Relocation Set 11.917ms
[2026-04-03T03:32:58.184+0600][43.663s][info][gc,phases   ] GC(51) y: Pause Relocate Start 0.039ms
[2026-04-03T03:32:58.241+0600][43.720s][info][gc,phases   ] GC(51) y: Concurrent Relocate 56.520ms
[2026-04-03T03:32:58.241+0600][43.720s][info][gc,alloc    ] GC(51) y:                         Mark Start        Mark End      Relocate Start    Relocate End   
[2026-04-03T03:32:58.241+0600][43.720s][info][gc,alloc    ] GC(51) y: Allocation Stalls:          0                0                0                0         
[2026-04-03T03:32:58.241+0600][43.720s][info][gc,load     ] GC(51) y: Load: 4.34 (36%) / 4.25 (35%) / 4.78 (40%)
[2026-04-03T03:32:58.241+0600][43.720s][info][gc,mmu      ] GC(51) y: MMU: 2ms/90.3%, 5ms/96.1%, 10ms/97.9%, 20ms/98.9%, 50ms/99.4%, 100ms/99.7%
[2026-04-03T03:32:58.241+0600][43.720s][info][gc,marking  ] GC(51) y: Mark: 2 stripe(s), 2 proactive flush(es), 1 terminate flush(es), 0 completion(s), 0 continuation(s) 
[2026-04-03T03:32:58.241+0600][43.720s][info][gc,marking  ] GC(51) y: Mark Stack Usage: 32M
[2026-04-03T03:32:58.241+0600][43.720s][info][gc,nmethod  ] GC(51) y: NMethods: 6412 registered, 703 unregistered
[2026-04-03T03:32:58.241+0600][43.720s][info][gc,metaspace] GC(51) y: Metaspace: 70M used, 71M committed, 1088M reserved
[2026-04-03T03:32:58.241+0600][43.720s][info][gc,reloc    ] GC(51) y:                        Candidates     Selected     In-Place         Size        Empty    Relocated 
[2026-04-03T03:32:58.241+0600][43.720s][info][gc,reloc    ] GC(51) y: Small Pages:                  235          184            0         470M           0M          22M 
[2026-04-03T03:32:58.241+0600][43.720s][info][gc,reloc    ] GC(51) y: Medium Pages:                   0            0            0           0M           0M           0M 
[2026-04-03T03:32:58.241+0600][43.720s][info][gc,reloc    ] GC(51) y: Large Pages:                    6            0            0          84M          30M           0M 
[2026-04-03T03:32:58.241+0600][43.720s][info][gc,reloc    ] GC(51) y: Forwarding Usage: 24M
[2026-04-03T03:32:58.241+0600][43.721s][info][gc,reloc    ] GC(51) y: Age Table:
[2026-04-03T03:32:58.241+0600][43.721s][info][gc,reloc    ] GC(51) y:                    Live             Garbage             Small              Medium             Large        
[2026-04-03T03:32:58.241+0600][43.721s][info][gc,reloc    ] GC(51) y: Eden              73M (4%)          352M (20%)        186 / 175            0 / 0              3 / 0        
[2026-04-03T03:32:58.241+0600][43.721s][info][gc,reloc    ] GC(51) y: Survivor 1        31M (2%)           44M (3%)          23 / 5              0 / 0              3 / 0        
[2026-04-03T03:32:58.241+0600][43.721s][info][gc,reloc    ] GC(51) y: Survivor 2        33M (2%)           18M (1%)          26 / 4              0 / 0              0 / 0        
[2026-04-03T03:32:58.241+0600][43.721s][info][gc,heap     ] GC(51) y: Min Capacity: 8M(0%)
[2026-04-03T03:32:58.241+0600][43.721s][info][gc,heap     ] GC(51) y: Max Capacity: 1750M(100%)
[2026-04-03T03:32:58.241+0600][43.721s][info][gc,heap     ] GC(51) y: Soft Max Capacity: 1750M(100%)
[2026-04-03T03:32:58.241+0600][43.721s][info][gc,heap     ] GC(51) y: Heap Statistics:
[2026-04-03T03:32:58.241+0600][43.721s][info][gc,heap     ] GC(51) y:                Mark Start          Mark End        Relocate Start      Relocate End           High               Low         
[2026-04-03T03:32:58.241+0600][43.721s][info][gc,heap     ] GC(51) y:  Capacity:     1750M (100%)       1750M (100%)       1750M (100%)       1750M (100%)       1750M (100%)       1750M (100%)   
[2026-04-03T03:32:58.241+0600][43.721s][info][gc,heap     ] GC(51) y:      Free:      848M (48%)         734M (42%)         764M (44%)        1112M (64%)        1112M (64%)         734M (42%)    
[2026-04-03T03:32:58.241+0600][43.721s][info][gc,heap     ] GC(51) y:      Used:      902M (52%)        1016M (58%)         986M (56%)         638M (36%)        1016M (58%)         638M (36%)    
[2026-04-03T03:32:58.241+0600][43.721s][info][gc,heap     ] GC(51) y: Young Generation Statistics:
[2026-04-03T03:32:58.241+0600][43.721s][info][gc,heap     ] GC(51) y:                Mark Start          Mark End        Relocate Start      Relocate End    
[2026-04-03T03:32:58.241+0600][43.721s][info][gc,heap     ] GC(51) y:      Used:      554M (32%)         668M (38%)         638M (36%)         290M (17%)    
[2026-04-03T03:32:58.241+0600][43.721s][info][gc,heap     ] GC(51) y:      Live:         -               138M (8%)          138M (8%)          138M (8%)     
[2026-04-03T03:32:58.241+0600][43.721s][info][gc,heap     ] GC(51) y:   Garbage:         -               415M (24%)         385M (22%)          13M (1%)     
[2026-04-03T03:32:58.241+0600][43.721s][info][gc,heap     ] GC(51) y: Allocated:         -               114M (7%)          114M (7%)          137M (8%)     
[2026-04-03T03:32:58.241+0600][43.721s][info][gc,heap     ] GC(51) y: Reclaimed:         -                  -                30M (2%)          401M (23%)    
[2026-04-03T03:32:58.241+0600][43.721s][info][gc,heap     ] GC(51) y:  Promoted:         -                  -                 0M (0%)            0M (0%)     
[2026-04-03T03:32:58.241+0600][43.721s][info][gc,heap     ] GC(51) y: Compacted:         -                  -                  -                24M (1%)     
[2026-04-03T03:32:58.241+0600][43.721s][info][gc,phases   ] GC(51) y: Young Generation 902M(52%)->638M(36%) 0.552s
[2026-04-03T03:32:58.241+0600][43.721s][info][gc          ] GC(51) Minor Collection (Allocation Rate) 902M(52%)->638M(36%) 0.552s
[2026-04-03T03:32:58.241+0600][43.721s][info][gc          ] GC(52) Minor Collection (Allocation Rate)
[2026-04-03T03:32:58.242+0600][43.721s][info][gc,task     ] GC(52) Using 3 Workers for Young Generation
[2026-04-03T03:32:58.242+0600][43.721s][info][gc,phases   ] GC(52) y: Young Generation
[2026-04-03T03:32:58.251+0600][43.730s][info][gc,phases   ] GC(52) y: Pause Mark Start 0.038ms
[2026-04-03T03:32:58.760+0600][44.240s][info][gc,phases   ] GC(52) y: Concurrent Mark 509.369ms
[2026-04-03T03:32:58.760+0600][44.240s][info][gc,phases   ] GC(52) y: Pause Mark End 0.036ms
[2026-04-03T03:32:58.761+0600][44.240s][info][gc,phases   ] GC(52) y: Concurrent Mark Free 0.002ms
[2026-04-03T03:32:58.761+0600][44.240s][info][gc,phases   ] GC(52) y: Concurrent Reset Relocation Set 0.047ms
[2026-04-03T03:32:58.767+0600][44.247s][info][gc,reloc    ] GC(52) y: Using tenuring threshold: 1 (Computed)
[2026-04-03T03:32:58.831+0600][44.311s][info][gc,phases   ] GC(52) y: Concurrent Select Relocation Set 70.167ms
[2026-04-03T03:32:58.831+0600][44.311s][info][gc,phases   ] GC(52) y: Pause Relocate Start 0.027ms
[2026-04-03T03:32:59.012+0600][44.491s][info][gc,phases   ] GC(52) y: Concurrent Relocate 180.300ms
[2026-04-03T03:32:59.012+0600][44.491s][info][gc,alloc    ] GC(52) y:                         Mark Start        Mark End      Relocate Start    Relocate End   
[2026-04-03T03:32:59.012+0600][44.491s][info][gc,alloc    ] GC(52) y: Allocation Stalls:          0                0                0                0         
[2026-04-03T03:32:59.012+0600][44.491s][info][gc,load     ] GC(52) y: Load: 4.34 (36%) / 4.25 (35%) / 4.78 (40%)
[2026-04-03T03:32:59.012+0600][44.491s][info][gc,mmu      ] GC(52) y: MMU: 2ms/90.3%, 5ms/96.1%, 10ms/97.9%, 20ms/98.9%, 50ms/99.4%, 100ms/99.7%
[2026-04-03T03:32:59.012+0600][44.491s][info][gc,marking  ] GC(52) y: Mark: 2 stripe(s), 2 proactive flush(es), 1 terminate flush(es), 0 completion(s), 0 continuation(s) 
[2026-04-03T03:32:59.012+0600][44.491s][info][gc,marking  ] GC(52) y: Mark Stack Usage: 32M
[2026-04-03T03:32:59.012+0600][44.491s][info][gc,nmethod  ] GC(52) y: NMethods: 6425 registered, 703 unregistered
[2026-04-03T03:32:59.012+0600][44.491s][info][gc,metaspace] GC(52) y: Metaspace: 70M used, 71M committed, 1088M reserved
[2026-04-03T03:32:59.012+0600][44.491s][info][gc,reloc    ] GC(52) y:                        Candidates     Selected     In-Place         Size        Empty    Relocated 
[2026-04-03T03:32:59.012+0600][44.491s][info][gc,reloc    ] GC(52) y: Small Pages:                  102           50            0         204M           0M          10M 
[2026-04-03T03:32:59.012+0600][44.491s][info][gc,reloc    ] GC(52) y: Medium Pages:                   1            0            0          32M           0M           0M 
[2026-04-03T03:32:59.012+0600][44.492s][info][gc,reloc    ] GC(52) y: Large Pages:                    3            0            0          54M           0M           0M 
[2026-04-03T03:32:59.012+0600][44.492s][info][gc,reloc    ] GC(52) y: Forwarding Usage: 14M
[2026-04-03T03:32:59.012+0600][44.492s][info][gc,reloc    ] GC(52) y: Age Table:
[2026-04-03T03:32:59.012+0600][44.492s][info][gc,reloc    ] GC(52) y:                    Live             Garbage             Small              Medium             Large        
[2026-04-03T03:32:59.012+0600][44.492s][info][gc,reloc    ] GC(52) y: Eden              10M (1%)          103M (6%)          41 / 37             1 / 0              0 / 0        
[2026-04-03T03:32:59.012+0600][44.492s][info][gc,reloc    ] GC(52) y: Survivor 1        71M (4%)            8M (0%)          13 / 3              0 / 0              3 / 0        
[2026-04-03T03:32:59.012+0600][44.492s][info][gc,reloc    ] GC(52) y: Survivor 2        30M (2%)           13M (1%)          22 / 5              0 / 0              0 / 0        
[2026-04-03T03:32:59.012+0600][44.492s][info][gc,reloc    ] GC(52) y: Survivor 3        33M (2%)           18M (1%)          26 / 5              0 / 0              0 / 0        
[2026-04-03T03:32:59.012+0600][44.492s][info][gc,heap     ] GC(52) y: Min Capacity: 8M(0%)
[2026-04-03T03:32:59.012+0600][44.492s][info][gc,heap     ] GC(52) y: Max Capacity: 1750M(100%)
[2026-04-03T03:32:59.012+0600][44.492s][info][gc,heap     ] GC(52) y: Soft Max Capacity: 1750M(100%)
[2026-04-03T03:32:59.012+0600][44.492s][info][gc,heap     ] GC(52) y: Heap Statistics:
[2026-04-03T03:32:59.012+0600][44.492s][info][gc,heap     ] GC(52) y:                Mark Start          Mark End        Relocate Start      Relocate End           High               Low         
[2026-04-03T03:32:59.012+0600][44.492s][info][gc,heap     ] GC(52) y:  Capacity:     1750M (100%)       1750M (100%)       1750M (100%)       1750M (100%)       1750M (100%)       1750M (100%)   
[2026-04-03T03:32:59.012+0600][44.492s][info][gc,heap     ] GC(52) y:      Free:     1112M (64%)        1068M (61%)        1062M (61%)        1130M (65%)        1148M (66%)        1054M (60%)    
[2026-04-03T03:32:59.012+0600][44.492s][info][gc,heap     ] GC(52) y:      Used:      638M (36%)         682M (39%)         688M (39%)         620M (35%)         696M (40%)         602M (34%)    
[2026-04-03T03:32:59.012+0600][44.492s][info][gc,heap     ] GC(52) y: Young Generation Statistics:
[2026-04-03T03:32:59.012+0600][44.492s][info][gc,heap     ] GC(52) y:                Mark Start          Mark End        Relocate Start      Relocate End    
[2026-04-03T03:32:59.012+0600][44.492s][info][gc,heap     ] GC(52) y:      Used:      290M (17%)         334M (19%)         200M (11%)         118M (7%)     
[2026-04-03T03:32:59.012+0600][44.492s][info][gc,heap     ] GC(52) y:      Live:         -               145M (8%)           20M (1%)           10M (1%)     
[2026-04-03T03:32:59.012+0600][44.492s][info][gc,heap     ] GC(52) y:   Garbage:         -               144M (8%)          129M (7%)           26M (2%)     
[2026-04-03T03:32:59.012+0600][44.492s][info][gc,heap     ] GC(52) y: Allocated:         -                44M (3%)           50M (3%)           80M (5%)     
[2026-04-03T03:32:59.012+0600][44.492s][info][gc,heap     ] GC(52) y: Reclaimed:         -                  -                14M (1%)          117M (7%)     
[2026-04-03T03:32:59.012+0600][44.492s][info][gc,heap     ] GC(52) y:  Promoted:         -                  -               125M (7%)          135M (8%)     
[2026-04-03T03:32:59.012+0600][44.492s][info][gc,heap     ] GC(52) y: Compacted:         -                  -                  -                 5M (0%)     
[2026-04-03T03:32:59.012+0600][44.492s][info][gc,phases   ] GC(52) y: Young Generation 638M(36%)->620M(35%) 0.770s
[2026-04-03T03:32:59.012+0600][44.492s][info][gc          ] GC(52) Minor Collection (Allocation Rate) 638M(36%)->620M(35%) 0.771s
[2026-04-03T03:32:59.012+0600][44.492s][info][gc          ] GC(53) Major Collection (Allocation Rate)
[2026-04-03T03:32:59.012+0600][44.492s][info][gc,task     ] GC(53) Using 3 Workers for Young Generation
[2026-04-03T03:32:59.013+0600][44.492s][info][gc,task     ] GC(53) Using 2 Workers for Old Generation
[2026-04-03T03:32:59.013+0600][44.492s][info][gc,phases   ] GC(53) Y: Young Generation
[2026-04-03T03:32:59.013+0600][44.492s][info][gc,phases   ] GC(53) Y: Pause Mark Start (Major) 0.029ms
[2026-04-03T03:32:59.070+0600][44.549s][info][gc,phases   ] GC(53) Y: Concurrent Mark 56.799ms
[2026-04-03T03:32:59.070+0600][44.550s][info][gc,phases   ] GC(53) Y: Pause Mark End 0.029ms
[2026-04-03T03:32:59.070+0600][44.550s][info][gc,phases   ] GC(53) Y: Concurrent Mark Free 0.003ms
[2026-04-03T03:32:59.071+0600][44.550s][info][gc,phases   ] GC(53) Y: Concurrent Reset Relocation Set 0.112ms
[2026-04-03T03:32:59.076+0600][44.555s][info][gc,reloc    ] GC(53) Y: Using tenuring threshold: 1 (Computed)
[2026-04-03T03:32:59.083+0600][44.562s][info][gc,phases   ] GC(53) Y: Concurrent Select Relocation Set 12.082ms
[2026-04-03T03:32:59.083+0600][44.563s][info][gc,phases   ] GC(53) Y: Pause Relocate Start 0.023ms
[2026-04-03T03:32:59.096+0600][44.576s][info][gc,phases   ] GC(53) Y: Concurrent Relocate 13.184ms
[2026-04-03T03:32:59.096+0600][44.576s][info][gc,alloc    ] GC(53) Y:                         Mark Start        Mark End      Relocate Start    Relocate End   
[2026-04-03T03:32:59.096+0600][44.576s][info][gc,alloc    ] GC(53) Y: Allocation Stalls:          0                0                0                0         
[2026-04-03T03:32:59.096+0600][44.576s][info][gc,load     ] GC(53) Y: Load: 4.34 (36%) / 4.25 (35%) / 4.78 (40%)
[2026-04-03T03:32:59.096+0600][44.576s][info][gc,mmu      ] GC(53) Y: MMU: 2ms/90.3%, 5ms/96.1%, 10ms/97.9%, 20ms/98.9%, 50ms/99.4%, 100ms/99.7%
[2026-04-03T03:32:59.096+0600][44.576s][info][gc,marking  ] GC(53) Y: Mark: 2 stripe(s), 10 proactive flush(es), 1 terminate flush(es), 0 completion(s), 0 continuation(s) 
[2026-04-03T03:32:59.096+0600][44.576s][info][gc,marking  ] GC(53) Y: Mark Stack Usage: 32M
[2026-04-03T03:32:59.097+0600][44.576s][info][gc,nmethod  ] GC(53) Y: NMethods: 6433 registered, 703 unregistered
[2026-04-03T03:32:59.097+0600][44.576s][info][gc,metaspace] GC(53) Y: Metaspace: 70M used, 71M committed, 1088M reserved
[2026-04-03T03:32:59.097+0600][44.576s][info][gc,reloc    ] GC(53) Y:                        Candidates     Selected     In-Place         Size        Empty    Relocated 
[2026-04-03T03:32:59.097+0600][44.576s][info][gc,reloc    ] GC(53) Y: Small Pages:                   27           15            0          54M          18M           1M 
[2026-04-03T03:32:59.097+0600][44.576s][info][gc,reloc    ] GC(53) Y: Medium Pages:                   2            0            0          64M          64M           0M 
[2026-04-03T03:32:59.097+0600][44.576s][info][gc,reloc    ] GC(53) Y: Large Pages:                    0            0            0           0M           0M           0M 
[2026-04-03T03:32:59.097+0600][44.576s][info][gc,reloc    ] GC(53) Y: Forwarding Usage: 2M
[2026-04-03T03:32:59.097+0600][44.576s][info][gc,reloc    ] GC(53) Y: Age Table:
[2026-04-03T03:32:59.097+0600][44.576s][info][gc,reloc    ] GC(53) Y:                    Live             Garbage             Small              Medium             Large        
[2026-04-03T03:32:59.097+0600][44.576s][info][gc,reloc    ] GC(53) Y: Eden               0M (0%)           71M (4%)          20 / 10             1 / 0              0 / 0        
[2026-04-03T03:32:59.097+0600][44.576s][info][gc,reloc    ] GC(53) Y: Survivor 1         5M (0%)           40M (2%)           7 / 5              1 / 0              0 / 0        
[2026-04-03T03:32:59.097+0600][44.576s][info][gc,heap     ] GC(53) Y: Min Capacity: 8M(0%)
[2026-04-03T03:32:59.097+0600][44.576s][info][gc,heap     ] GC(53) Y: Max Capacity: 1750M(100%)
[2026-04-03T03:32:59.097+0600][44.576s][info][gc,heap     ] GC(53) Y: Soft Max Capacity: 1750M(100%)
[2026-04-03T03:32:59.097+0600][44.576s][info][gc,heap     ] GC(53) Y: Heap Statistics:
[2026-04-03T03:32:59.097+0600][44.576s][info][gc,heap     ] GC(53) Y:                Mark Start          Mark End        Relocate Start      Relocate End           High               Low         
[2026-04-03T03:32:59.097+0600][44.576s][info][gc,heap     ] GC(53) Y:  Capacity:     1750M (100%)       1750M (100%)       1750M (100%)       1750M (100%)       1750M (100%)       1750M (100%)   
[2026-04-03T03:32:59.097+0600][44.576s][info][gc,heap     ] GC(53) Y:      Free:     1130M (65%)        1120M (64%)        1156M (66%)        1174M (67%)        1174M (67%)        1086M (62%)    
[2026-04-03T03:32:59.097+0600][44.576s][info][gc,heap     ] GC(53) Y:      Used:      620M (35%)         630M (36%)         594M (34%)         576M (33%)         664M (38%)         576M (33%)    
[2026-04-03T03:32:59.097+0600][44.576s][info][gc,heap     ] GC(53) Y: Young Generation Statistics:
[2026-04-03T03:32:59.097+0600][44.576s][info][gc,heap     ] GC(53) Y:                Mark Start          Mark End        Relocate Start      Relocate End    
[2026-04-03T03:32:59.097+0600][44.576s][info][gc,heap     ] GC(53) Y:      Used:      118M (7%)          128M (7%)           90M (5%)           64M (4%)     
[2026-04-03T03:32:59.097+0600][44.576s][info][gc,heap     ] GC(53) Y:      Live:         -                 5M (0%)            3M (0%)            0M (0%)     
[2026-04-03T03:32:59.097+0600][44.576s][info][gc,heap     ] GC(53) Y:   Garbage:         -               112M (6%)           30M (2%)            0M (0%)     
[2026-04-03T03:32:59.097+0600][44.576s][info][gc,heap     ] GC(53) Y: Allocated:         -                10M (1%)           56M (3%)           63M (4%)     
[2026-04-03T03:32:59.097+0600][44.577s][info][gc,heap     ] GC(53) Y: Reclaimed:         -                  -                82M (5%)          112M (6%)     
[2026-04-03T03:32:59.097+0600][44.577s][info][gc,heap     ] GC(53) Y:  Promoted:         -                  -                 1M (0%)            5M (0%)     
[2026-04-03T03:32:59.097+0600][44.577s][info][gc,heap     ] GC(53) Y: Compacted:         -                  -                  -                 0M (0%)     
[2026-04-03T03:32:59.097+0600][44.577s][info][gc,phases   ] GC(53) Y: Young Generation 620M(35%)->576M(33%) 0.084s
[2026-04-03T03:32:59.097+0600][44.577s][info][gc,phases   ] GC(53) O: Old Generation
[2026-04-03T03:32:59.246+0600][44.726s][info][gc          ] GC(54) Minor Collection (Allocation Rate)
[2026-04-03T03:32:59.247+0600][44.726s][info][gc,task     ] GC(54) Using 1 Workers for Young Generation
[2026-04-03T03:32:59.247+0600][44.726s][info][gc,phases   ] GC(54) y: Young Generation
[2026-04-03T03:32:59.247+0600][44.727s][info][gc,phases   ] GC(54) y: Pause Mark Start 0.080ms
[2026-04-03T03:32:59.340+0600][44.820s][info][gc,phases   ] GC(54) y: Concurrent Mark 93.302ms
[2026-04-03T03:32:59.341+0600][44.821s][info][gc,phases   ] GC(54) y: Pause Mark End 0.063ms
[2026-04-03T03:32:59.341+0600][44.821s][info][gc,phases   ] GC(54) y: Concurrent Mark Free 0.003ms
[2026-04-03T03:32:59.341+0600][44.821s][info][gc,phases   ] GC(54) y: Concurrent Reset Relocation Set 0.015ms
[2026-04-03T03:32:59.348+0600][44.828s][info][gc,reloc    ] GC(54) y: Using tenuring threshold: 2 (Computed)
[2026-04-03T03:32:59.349+0600][44.829s][info][gc,phases   ] GC(54) y: Concurrent Select Relocation Set 7.981ms
[2026-04-03T03:32:59.350+0600][44.829s][info][gc,phases   ] GC(54) y: Pause Relocate Start 0.026ms
[2026-04-03T03:32:59.353+0600][44.833s][info][gc,phases   ] GC(54) y: Concurrent Relocate 3.113ms
[2026-04-03T03:32:59.353+0600][44.833s][info][gc,alloc    ] GC(54) y:                         Mark Start        Mark End      Relocate Start    Relocate End   
[2026-04-03T03:32:59.353+0600][44.833s][info][gc,alloc    ] GC(54) y: Allocation Stalls:          0                0                0                0         
[2026-04-03T03:32:59.353+0600][44.833s][info][gc,load     ] GC(54) y: Load: 4.34 (36%) / 4.25 (35%) / 4.78 (40%)
[2026-04-03T03:32:59.353+0600][44.833s][info][gc,mmu      ] GC(54) y: MMU: 2ms/90.3%, 5ms/96.1%, 10ms/97.9%, 20ms/98.9%, 50ms/99.4%, 100ms/99.7%
[2026-04-03T03:32:59.353+0600][44.833s][info][gc,marking  ] GC(54) y: Mark: 1 stripe(s), 2 proactive flush(es), 1 terminate flush(es), 0 completion(s), 0 continuation(s) 
[2026-04-03T03:32:59.353+0600][44.833s][info][gc,marking  ] GC(54) y: Mark Stack Usage: 32M
[2026-04-03T03:32:59.353+0600][44.833s][info][gc,nmethod  ] GC(54) y: NMethods: 6495 registered, 703 unregistered
[2026-04-03T03:32:59.353+0600][44.833s][info][gc,metaspace] GC(54) y: Metaspace: 70M used, 71M committed, 1088M reserved
[2026-04-03T03:32:59.353+0600][44.833s][info][gc,reloc    ] GC(54) y:                        Candidates     Selected     In-Place         Size        Empty    Relocated 
[2026-04-03T03:32:59.353+0600][44.833s][info][gc,reloc    ] GC(54) y: Small Pages:                   29           21            0          58M          14M           1M 
[2026-04-03T03:32:59.353+0600][44.833s][info][gc,reloc    ] GC(54) y: Medium Pages:                   1            0            0          32M          32M           0M 
[2026-04-03T03:32:59.353+0600][44.833s][info][gc,reloc    ] GC(54) y: Large Pages:                    1            0            0           6M           6M           0M 
[2026-04-03T03:32:59.353+0600][44.833s][info][gc,reloc    ] GC(54) y: Forwarding Usage: 0M
[2026-04-03T03:32:59.353+0600][44.833s][info][gc,reloc    ] GC(54) y: Age Table:
[2026-04-03T03:32:59.353+0600][44.833s][info][gc,reloc    ] GC(54) y:                    Live             Garbage             Small              Medium             Large        
[2026-04-03T03:32:59.353+0600][44.833s][info][gc,reloc    ] GC(54) y: Eden               0M (0%)           87M (5%)          25 / 18             1 / 0              1 / 0        
[2026-04-03T03:32:59.353+0600][44.833s][info][gc,reloc    ] GC(54) y: Survivor 1         0M (0%)            7M (0%)           4 / 3              0 / 0              0 / 0        
[2026-04-03T03:32:59.353+0600][44.833s][info][gc,heap     ] GC(54) y: Min Capacity: 8M(0%)
[2026-04-03T03:32:59.353+0600][44.833s][info][gc,heap     ] GC(54) y: Max Capacity: 1750M(100%)
[2026-04-03T03:32:59.353+0600][44.833s][info][gc,heap     ] GC(54) y: Soft Max Capacity: 1750M(100%)
[2026-04-03T03:32:59.353+0600][44.833s][info][gc,heap     ] GC(54) y: Heap Statistics:
[2026-04-03T03:32:59.353+0600][44.833s][info][gc,heap     ] GC(54) y:                Mark Start          Mark End        Relocate Start      Relocate End           High               Low         
[2026-04-03T03:32:59.353+0600][44.833s][info][gc,heap     ] GC(54) y:  Capacity:     1750M (100%)       1750M (100%)       1750M (100%)       1750M (100%)       1750M (100%)       1750M (100%)   
[2026-04-03T03:32:59.354+0600][44.833s][info][gc,heap     ] GC(54) y:      Free:     1142M (65%)        1042M (60%)        1082M (62%)        1114M (64%)        1142M (65%)        1042M (60%)    
[2026-04-03T03:32:59.354+0600][44.833s][info][gc,heap     ] GC(54) y:      Used:      608M (35%)         708M (40%)         668M (38%)         636M (36%)         708M (40%)         608M (35%)    
[2026-04-03T03:32:59.354+0600][44.833s][info][gc,heap     ] GC(54) y: Young Generation Statistics:
[2026-04-03T03:32:59.354+0600][44.833s][info][gc,heap     ] GC(54) y:                Mark Start          Mark End        Relocate Start      Relocate End    
[2026-04-03T03:32:59.354+0600][44.833s][info][gc,heap     ] GC(54) y:      Used:       96M (5%)          196M (11%)         156M (9%)          124M (7%)     
[2026-04-03T03:32:59.354+0600][44.833s][info][gc,heap     ] GC(54) y:      Live:         -                 1M (0%)            1M (0%)            1M (0%)     
[2026-04-03T03:32:59.354+0600][44.833s][info][gc,heap     ] GC(54) y:   Garbage:         -                94M (5%)           42M (2%)            0M (0%)     
[2026-04-03T03:32:59.354+0600][44.833s][info][gc,heap     ] GC(54) y: Allocated:         -               100M (6%)          112M (6%)          122M (7%)     
[2026-04-03T03:32:59.354+0600][44.833s][info][gc,heap     ] GC(54) y: Reclaimed:         -                  -                52M (3%)           94M (5%)     
[2026-04-03T03:32:59.354+0600][44.833s][info][gc,heap     ] GC(54) y:  Promoted:         -                  -                 0M (0%)            0M (0%)     
[2026-04-03T03:32:59.354+0600][44.833s][info][gc,heap     ] GC(54) y: Compacted:         -                  -                  -                 1M (0%)     
[2026-04-03T03:32:59.354+0600][44.833s][info][gc,phases   ] GC(54) y: Young Generation 606M(35%)->636M(36%) 0.107s
[2026-04-03T03:32:59.354+0600][44.833s][info][gc          ] GC(54) Minor Collection (Allocation Rate) 606M(35%)->636M(36%) 0.107s
[2026-04-03T03:32:59.354+0600][44.833s][info][gc          ] GC(55) Minor Collection (Allocation Rate)
[2026-04-03T03:32:59.354+0600][44.833s][info][gc,task     ] GC(55) Using 1 Workers for Young Generation
[2026-04-03T03:32:59.354+0600][44.833s][info][gc,phases   ] GC(55) y: Young Generation
[2026-04-03T03:32:59.354+0600][44.834s][info][gc,phases   ] GC(55) y: Pause Mark Start 0.046ms
[2026-04-03T03:32:59.561+0600][45.041s][info][gc,phases   ] GC(55) y: Concurrent Mark 207.085ms
[2026-04-03T03:32:59.562+0600][45.041s][info][gc,phases   ] GC(55) y: Pause Mark End 0.053ms
[2026-04-03T03:32:59.562+0600][45.042s][info][gc,phases   ] GC(55) y: Concurrent Mark Free 0.004ms
[2026-04-03T03:32:59.562+0600][45.042s][info][gc,phases   ] GC(55) y: Concurrent Reset Relocation Set 0.006ms
[2026-04-03T03:32:59.569+0600][45.048s][info][gc,reloc    ] GC(55) y: Using tenuring threshold: 3 (Computed)
[2026-04-03T03:32:59.588+0600][45.068s][info][gc,phases   ] GC(55) y: Concurrent Select Relocation Set 26.161ms
[2026-04-03T03:32:59.589+0600][45.068s][info][gc,phases   ] GC(55) y: Pause Relocate Start 0.028ms
[2026-04-03T03:32:59.674+0600][45.153s][info][gc,phases   ] GC(55) y: Concurrent Relocate 84.510ms
[2026-04-03T03:32:59.674+0600][45.153s][info][gc,alloc    ] GC(55) y:                         Mark Start        Mark End      Relocate Start    Relocate End   
[2026-04-03T03:32:59.674+0600][45.153s][info][gc,alloc    ] GC(55) y: Allocation Stalls:          0                0                0                0         
[2026-04-03T03:32:59.674+0600][45.154s][info][gc,load     ] GC(55) y: Load: 4.34 (36%) / 4.25 (35%) / 4.78 (40%)
[2026-04-03T03:32:59.674+0600][45.154s][info][gc,mmu      ] GC(55) y: MMU: 2ms/90.3%, 5ms/96.1%, 10ms/97.9%, 20ms/98.9%, 50ms/99.4%, 100ms/99.7%
[2026-04-03T03:32:59.674+0600][45.154s][info][gc,marking  ] GC(55) y: Mark: 1 stripe(s), 2 proactive flush(es), 1 terminate flush(es), 0 completion(s), 0 continuation(s) 
[2026-04-03T03:32:59.674+0600][45.154s][info][gc,marking  ] GC(55) y: Mark Stack Usage: 32M
[2026-04-03T03:32:59.674+0600][45.154s][info][gc,nmethod  ] GC(55) y: NMethods: 6497 registered, 703 unregistered
[2026-04-03T03:32:59.674+0600][45.154s][info][gc,metaspace] GC(55) y: Metaspace: 70M used, 71M committed, 1088M reserved
[2026-04-03T03:32:59.674+0600][45.154s][info][gc,reloc    ] GC(55) y:                        Candidates     Selected     In-Place         Size        Empty    Relocated 
[2026-04-03T03:32:59.674+0600][45.154s][info][gc,reloc    ] GC(55) y: Small Pages:                   40           33            0          80M           0M           7M 
[2026-04-03T03:32:59.674+0600][45.154s][info][gc,reloc    ] GC(55) y: Medium Pages:                   1            0            0          32M           0M           0M 
[2026-04-03T03:32:59.674+0600][45.154s][info][gc,reloc    ] GC(55) y: Large Pages:                    2            0            0          12M           0M           0M 
[2026-04-03T03:32:59.674+0600][45.154s][info][gc,reloc    ] GC(55) y: Forwarding Usage: 12M
[2026-04-03T03:32:59.674+0600][45.154s][info][gc,reloc    ] GC(55) y: Age Table:
[2026-04-03T03:32:59.674+0600][45.154s][info][gc,reloc    ] GC(55) y:                    Live             Garbage             Small              Medium             Large        
[2026-04-03T03:32:59.674+0600][45.154s][info][gc,reloc    ] GC(55) y: Eden              28M (2%)           85M (5%)          35 / 29             1 / 0              2 / 0        
[2026-04-03T03:32:59.674+0600][45.154s][info][gc,reloc    ] GC(55) y: Survivor 1         0M (0%)            7M (0%)           4 / 3              0 / 0              0 / 0        
[2026-04-03T03:32:59.674+0600][45.154s][info][gc,reloc    ] GC(55) y: Survivor 2         0M (0%)            1M (0%)           1 / 1              0 / 0              0 / 0        
[2026-04-03T03:32:59.674+0600][45.154s][info][gc,heap     ] GC(55) y: Min Capacity: 8M(0%)
[2026-04-03T03:32:59.674+0600][45.154s][info][gc,heap     ] GC(55) y: Max Capacity: 1750M(100%)
[2026-04-03T03:32:59.674+0600][45.154s][info][gc,heap     ] GC(55) y: Soft Max Capacity: 1750M(100%)
[2026-04-03T03:32:59.674+0600][45.154s][info][gc,heap     ] GC(55) y: Heap Statistics:
[2026-04-03T03:32:59.674+0600][45.154s][info][gc,heap     ] GC(55) y:                Mark Start          Mark End        Relocate Start      Relocate End           High               Low         
[2026-04-03T03:32:59.674+0600][45.154s][info][gc,heap     ] GC(55) y:  Capacity:     1750M (100%)       1750M (100%)       1750M (100%)       1750M (100%)       1750M (100%)       1750M (100%)   
[2026-04-03T03:32:59.674+0600][45.154s][info][gc,heap     ] GC(55) y:      Free:     1114M (64%)        1024M (59%)        1012M (58%)        1044M (60%)        1114M (64%)        1000M (57%)    
[2026-04-03T03:32:59.674+0600][45.154s][info][gc,heap     ] GC(55) y:      Used:      636M (36%)         726M (41%)         738M (42%)         706M (40%)         750M (43%)         636M (36%)    
[2026-04-03T03:32:59.674+0600][45.154s][info][gc,heap     ] GC(55) y: Young Generation Statistics:
[2026-04-03T03:32:59.674+0600][45.154s][info][gc,heap     ] GC(55) y:                Mark Start          Mark End        Relocate Start      Relocate End    
[2026-04-03T03:32:59.674+0600][45.154s][info][gc,heap     ] GC(55) y:      Used:      124M (7%)          214M (12%)         226M (13%)         194M (11%)    
[2026-04-03T03:32:59.674+0600][45.154s][info][gc,heap     ] GC(55) y:      Live:         -                29M (2%)           29M (2%)           29M (2%)     
[2026-04-03T03:32:59.674+0600][45.154s][info][gc,heap     ] GC(55) y:   Garbage:         -                94M (5%)           94M (5%)           25M (1%)     
[2026-04-03T03:32:59.674+0600][45.154s][info][gc,heap     ] GC(55) y: Allocated:         -                90M (5%)          102M (6%)          138M (8%)     
[2026-04-03T03:32:59.674+0600][45.154s][info][gc,heap     ] GC(55) y: Reclaimed:         -                  -                 0M (0%)           68M (4%)     
[2026-04-03T03:32:59.674+0600][45.154s][info][gc,heap     ] GC(55) y:  Promoted:         -                  -                 0M (0%)            0M (0%)     
[2026-04-03T03:32:59.674+0600][45.154s][info][gc,heap     ] GC(55) y: Compacted:         -                  -                  -                11M (1%)     
[2026-04-03T03:32:59.674+0600][45.154s][info][gc,phases   ] GC(55) y: Young Generation 636M(36%)->706M(40%) 0.320s
[2026-04-03T03:32:59.674+0600][45.154s][info][gc          ] GC(55) Minor Collection (Allocation Rate) 636M(36%)->706M(40%) 0.321s
[2026-04-03T03:32:59.675+0600][45.154s][info][gc          ] GC(56) Minor Collection (Allocation Rate)
[2026-04-03T03:32:59.675+0600][45.154s][info][gc,task     ] GC(56) Using 1 Workers for Young Generation
[2026-04-03T03:32:59.675+0600][45.154s][info][gc,phases   ] GC(56) y: Young Generation
[2026-04-03T03:32:59.675+0600][45.155s][info][gc,phases   ] GC(56) y: Pause Mark Start 0.068ms
[2026-04-03T03:32:59.975+0600][45.455s][info][gc,phases   ] GC(53) O: Concurrent Mark 878.255ms
[2026-04-03T03:32:59.976+0600][45.456s][info][gc,phases   ] GC(53) O: Pause Mark End 0.258ms
[2026-04-03T03:32:59.976+0600][45.456s][info][gc,phases   ] GC(53) O: Concurrent Mark Free 0.001ms
[2026-04-03T03:32:59.992+0600][45.471s][info][gc,phases   ] GC(53) O: Concurrent Process Non-Strong 15.405ms
[2026-04-03T03:32:59.992+0600][45.471s][info][gc,phases   ] GC(53) O: Concurrent Reset Relocation Set 0.005ms
[2026-04-03T03:33:00.005+0600][45.484s][info][gc,phases   ] GC(56) y: Concurrent Mark 329.341ms
[2026-04-03T03:33:00.006+0600][45.486s][info][gc,phases   ] GC(56) y: Pause Mark End 0.065ms
[2026-04-03T03:33:00.006+0600][45.486s][info][gc,phases   ] GC(56) y: Concurrent Mark Free 0.004ms
[2026-04-03T03:33:00.007+0600][45.486s][info][gc,phases   ] GC(56) y: Concurrent Reset Relocation Set 0.012ms
[2026-04-03T03:33:00.012+0600][45.492s][info][gc,reloc    ] GC(56) y: Using tenuring threshold: 4 (Computed)
[2026-04-03T03:33:00.028+0600][45.507s][info][gc,phases   ] GC(53) O: Concurrent Select Relocation Set 35.986ms
[2026-04-03T03:33:00.032+0600][45.511s][info][gc,phases   ] GC(56) y: Concurrent Select Relocation Set 25.087ms
[2026-04-03T03:33:00.032+0600][45.512s][info][gc,phases   ] GC(56) y: Pause Relocate Start 0.032ms
[2026-04-03T03:33:00.142+0600][45.622s][info][gc,phases   ] GC(56) y: Concurrent Relocate 109.733ms
[2026-04-03T03:33:00.142+0600][45.622s][info][gc,alloc    ] GC(56) y:                         Mark Start        Mark End      Relocate Start    Relocate End   
[2026-04-03T03:33:00.142+0600][45.622s][info][gc,alloc    ] GC(56) y: Allocation Stalls:          0                0                0                0         
[2026-04-03T03:33:00.142+0600][45.622s][info][gc,load     ] GC(56) y: Load: 4.34 (36%) / 4.25 (35%) / 4.78 (40%)
[2026-04-03T03:33:00.142+0600][45.622s][info][gc,mmu      ] GC(56) y: MMU: 2ms/87.1%, 5ms/94.8%, 10ms/97.4%, 20ms/98.7%, 50ms/99.4%, 100ms/99.6%
[2026-04-03T03:33:00.142+0600][45.622s][info][gc,marking  ] GC(56) y: Mark: 1 stripe(s), 2 proactive flush(es), 1 terminate flush(es), 0 completion(s), 0 continuation(s) 
[2026-04-03T03:33:00.142+0600][45.622s][info][gc,marking  ] GC(56) y: Mark Stack Usage: 32M
[2026-04-03T03:33:00.142+0600][45.622s][info][gc,nmethod  ] GC(56) y: NMethods: 6575 registered, 705 unregistered
[2026-04-03T03:33:00.142+0600][45.622s][info][gc,metaspace] GC(56) y: Metaspace: 70M used, 71M committed, 1088M reserved
[2026-04-03T03:33:00.142+0600][45.622s][info][gc,reloc    ] GC(56) y:                        Candidates     Selected     In-Place         Size        Empty    Relocated 
[2026-04-03T03:33:00.142+0600][45.622s][info][gc,reloc    ] GC(56) y: Small Pages:                   57           43            0         114M           0M          15M 
[2026-04-03T03:33:00.142+0600][45.622s][info][gc,reloc    ] GC(56) y: Medium Pages:                   1            0            0          32M          32M           0M 
[2026-04-03T03:33:00.142+0600][45.622s][info][gc,reloc    ] GC(56) y: Large Pages:                    6            0            0          48M          18M           0M 
[2026-04-03T03:33:00.142+0600][45.622s][info][gc,reloc    ] GC(56) y: Forwarding Usage: 23M
[2026-04-03T03:33:00.142+0600][45.622s][info][gc,reloc    ] GC(56) y: Age Table:
[2026-04-03T03:33:00.142+0600][45.622s][info][gc,reloc    ] GC(56) y:                    Live             Garbage             Small              Medium             Large        
[2026-04-03T03:33:00.142+0600][45.622s][info][gc,reloc    ] GC(56) y: Eden              46M (3%)           77M (4%)          44 / 34             0 / 0              4 / 0        
[2026-04-03T03:33:00.142+0600][45.622s][info][gc,reloc    ] GC(56) y: Survivor 1         5M (0%)           54M (3%)           8 / 5              1 / 0              2 / 0        
[2026-04-03T03:33:00.142+0600][45.622s][info][gc,reloc    ] GC(56) y: Survivor 2         0M (0%)            7M (0%)           4 / 3              0 / 0              0 / 0        
[2026-04-03T03:33:00.142+0600][45.622s][info][gc,reloc    ] GC(56) y: Survivor 3         0M (0%)            1M (0%)           1 / 1              0 / 0              0 / 0        
[2026-04-03T03:33:00.142+0600][45.622s][info][gc,heap     ] GC(56) y: Min Capacity: 8M(0%)
[2026-04-03T03:33:00.142+0600][45.622s][info][gc,heap     ] GC(56) y: Max Capacity: 1750M(100%)
[2026-04-03T03:33:00.142+0600][45.622s][info][gc,heap     ] GC(56) y: Soft Max Capacity: 1750M(100%)
[2026-04-03T03:33:00.142+0600][45.622s][info][gc,heap     ] GC(56) y: Heap Statistics:
[2026-04-03T03:33:00.142+0600][45.622s][info][gc,heap     ] GC(56) y:                Mark Start          Mark End        Relocate Start      Relocate End           High               Low         
[2026-04-03T03:33:00.142+0600][45.622s][info][gc,heap     ] GC(56) y:  Capacity:     1750M (100%)       1750M (100%)       1750M (100%)       1750M (100%)       1750M (100%)       1750M (100%)   
[2026-04-03T03:33:00.142+0600][45.622s][info][gc,heap     ] GC(56) y:      Free:     1044M (60%)         958M (55%)         992M (57%)        1038M (59%)        1044M (60%)         832M (48%)    
[2026-04-03T03:33:00.142+0600][45.622s][info][gc,heap     ] GC(56) y:      Used:      706M (40%)         792M (45%)         758M (43%)         712M (41%)         918M (52%)         706M (40%)    
[2026-04-03T03:33:00.142+0600][45.622s][info][gc,heap     ] GC(56) y: Young Generation Statistics:
[2026-04-03T03:33:00.142+0600][45.622s][info][gc,heap     ] GC(56) y:                Mark Start          Mark End        Relocate Start      Relocate End    
[2026-04-03T03:33:00.142+0600][45.622s][info][gc,heap     ] GC(56) y:      Used:      194M (11%)         420M (24%)         386M (22%)         340M (19%)    
[2026-04-03T03:33:00.142+0600][45.622s][info][gc,heap     ] GC(56) y:      Live:         -                53M (3%)           53M (3%)           53M (3%)     
[2026-04-03T03:33:00.142+0600][45.622s][info][gc,heap     ] GC(56) y:   Garbage:         -               140M (8%)           90M (5%)            0M (0%)     
[2026-04-03T03:33:00.142+0600][45.622s][info][gc,heap     ] GC(56) y: Allocated:         -               226M (13%)         242M (14%)         285M (16%)    
[2026-04-03T03:33:00.142+0600][45.622s][info][gc,heap     ] GC(56) y: Reclaimed:         -                  -                50M (3%)          139M (8%)     
[2026-04-03T03:33:00.143+0600][45.622s][info][gc,heap     ] GC(56) y:  Promoted:         -                  -                 0M (0%)            0M (0%)     
[2026-04-03T03:33:00.143+0600][45.622s][info][gc,heap     ] GC(56) y: Compacted:         -                  -                  -                22M (1%)     
[2026-04-03T03:33:00.143+0600][45.622s][info][gc,phases   ] GC(56) y: Young Generation 706M(40%)->712M(41%) 0.467s
[2026-04-03T03:33:00.143+0600][45.622s][info][gc          ] GC(56) Minor Collection (Allocation Rate) 706M(40%)->714M(41%) 0.468s
[2026-04-03T03:33:00.143+0600][45.622s][info][gc,task     ] GC(53) O: Using 3 Workers for Old Generation
[2026-04-03T03:33:00.170+0600][45.649s][info][gc,task     ] GC(53) O: Using 2 Workers for Old Generation
[2026-04-03T03:33:00.170+0600][45.650s][info][gc,phases   ] GC(53) O: Concurrent Remap Roots 27.280ms
[2026-04-03T03:33:00.170+0600][45.650s][info][gc,phases   ] GC(53) O: Pause Relocate Start 0.107ms
[2026-04-03T03:33:00.345+0600][45.825s][info][gc,phases   ] GC(53) O: Concurrent Relocate 174.481ms
[2026-04-03T03:33:00.345+0600][45.825s][info][gc,alloc    ] GC(53) O:                         Mark Start        Mark End      Relocate Start    Relocate End   
[2026-04-03T03:33:00.345+0600][45.825s][info][gc,alloc    ] GC(53) O: Allocation Stalls:          0                0                0                0         
[2026-04-03T03:33:00.345+0600][45.825s][info][gc,load     ] GC(53) O: Load: 4.34 (36%) / 4.25 (35%) / 4.78 (40%)
[2026-04-03T03:33:00.345+0600][45.825s][info][gc,mmu      ] GC(53) O: MMU: 2ms/87.1%, 5ms/94.8%, 10ms/97.4%, 20ms/98.7%, 50ms/99.4%, 100ms/99.6%
[2026-04-03T03:33:00.345+0600][45.825s][info][gc,marking  ] GC(53) O: Mark: 2 stripe(s), 2 proactive flush(es), 1 terminate flush(es), 0 completion(s), 0 continuation(s) 
[2026-04-03T03:33:00.345+0600][45.825s][info][gc,marking  ] GC(53) O: Mark Stack Usage: 32M
[2026-04-03T03:33:00.345+0600][45.825s][info][gc,nmethod  ] GC(53) O: NMethods: 6575 registered, 705 unregistered
[2026-04-03T03:33:00.345+0600][45.825s][info][gc,metaspace] GC(53) O: Metaspace: 70M used, 71M committed, 1088M reserved
[2026-04-03T03:33:00.345+0600][45.825s][info][gc,ref      ] GC(53) O:                       Encountered   Discovered     Enqueued 
[2026-04-03T03:33:00.345+0600][45.825s][info][gc,ref      ] GC(53) O: Soft References:             5095            0            0 
[2026-04-03T03:33:00.345+0600][45.825s][info][gc,ref      ] GC(53) O: Weak References:             7048         4703            3 
[2026-04-03T03:33:00.345+0600][45.825s][info][gc,ref      ] GC(53) O: Final References:              84            0            0 
[2026-04-03T03:33:00.345+0600][45.825s][info][gc,ref      ] GC(53) O: Phantom References:           605          375            0 
[2026-04-03T03:33:00.345+0600][45.825s][info][gc,reloc    ] GC(53) O:                        Candidates     Selected     In-Place         Size        Empty    Relocated 
[2026-04-03T03:33:00.345+0600][45.825s][info][gc,reloc    ] GC(53) O: Small Pages:                  193           36            0         386M          92M          20M 
[2026-04-03T03:33:00.345+0600][45.825s][info][gc,reloc    ] GC(53) O: Medium Pages:                   1            0            0          32M           0M           0M 
[2026-04-03T03:33:00.345+0600][45.825s][info][gc,reloc    ] GC(53) O: Large Pages:                    6            0            0          84M          48M           0M 
[2026-04-03T03:33:00.345+0600][45.825s][info][gc,reloc    ] GC(53) O: Forwarding Usage: 45M
[2026-04-03T03:33:00.345+0600][45.825s][info][gc,heap     ] GC(53) O: Min Capacity: 8M(0%)
[2026-04-03T03:33:00.345+0600][45.825s][info][gc,heap     ] GC(53) O: Max Capacity: 1750M(100%)
[2026-04-03T03:33:00.345+0600][45.825s][info][gc,heap     ] GC(53) O: Soft Max Capacity: 1750M(100%)
[2026-04-03T03:33:00.345+0600][45.825s][info][gc,heap     ] GC(53) O: Heap Statistics:
[2026-04-03T03:33:00.345+0600][45.825s][info][gc,heap     ] GC(53) O:                Mark Start          Mark End        Relocate Start      Relocate End           High               Low         
[2026-04-03T03:33:00.345+0600][45.825s][info][gc,heap     ] GC(53) O:  Capacity:     1750M (100%)       1750M (100%)       1750M (100%)       1750M (100%)       1750M (100%)       1750M (100%)   
[2026-04-03T03:33:00.345+0600][45.825s][info][gc,heap     ] GC(53) O:      Free:     1130M (65%)         838M (48%)        1028M (59%)         998M (57%)        1174M (67%)         832M (48%)    
[2026-04-03T03:33:00.345+0600][45.825s][info][gc,heap     ] GC(53) O:      Used:      620M (35%)         912M (52%)         722M (41%)         752M (43%)         918M (52%)         576M (33%)    
[2026-04-03T03:33:00.345+0600][45.825s][info][gc,heap     ] GC(53) O: Old Generation Statistics:
[2026-04-03T03:33:00.345+0600][45.825s][info][gc,heap     ] GC(53) O:                Mark Start          Mark End        Relocate Start      Relocate End    
[2026-04-03T03:33:00.346+0600][45.825s][info][gc,heap     ] GC(53) O:      Used:      502M (29%)         512M (29%)         372M (21%)         302M (17%)    
[2026-04-03T03:33:00.346+0600][45.825s][info][gc,heap     ] GC(53) O:      Live:         -               257M (15%)         257M (15%)         257M (15%)    
[2026-04-03T03:33:00.346+0600][45.825s][info][gc,heap     ] GC(53) O:   Garbage:         -               244M (14%)         104M (6%)           24M (1%)     
[2026-04-03T03:33:00.346+0600][45.825s][info][gc,heap     ] GC(53) O: Allocated:         -                10M (1%)           10M (1%)           19M (1%)     
[2026-04-03T03:33:00.346+0600][45.825s][info][gc,heap     ] GC(53) O: Reclaimed:         -                  -               140M (8%)          219M (13%)    
[2026-04-03T03:33:00.346+0600][45.825s][info][gc,heap     ] GC(53) O: Compacted:         -                  -                  -                50M (3%)     
[2026-04-03T03:33:00.346+0600][45.825s][info][gc,phases   ] GC(53) O: Old Generation 576M(33%)->752M(43%) 1.248s
[2026-04-03T03:33:00.346+0600][45.825s][info][gc          ] GC(53) Major Collection (Allocation Rate) 620M(35%)->752M(43%) 1.333s
[2026-04-03T03:33:00.607+0600][46.087s][info][gc          ] GC(57) Minor Collection (Allocation Rate)
[2026-04-03T03:33:00.608+0600][46.087s][info][gc,task     ] GC(57) Using 3 Workers for Young Generation
[2026-04-03T03:33:00.608+0600][46.087s][info][gc,phases   ] GC(57) y: Young Generation
[2026-04-03T03:33:00.608+0600][46.088s][info][gc,phases   ] GC(57) y: Pause Mark Start 0.027ms
[2026-04-03T03:33:00.701+0600][46.181s][info][gc,phases   ] GC(57) y: Concurrent Mark 93.239ms
[2026-04-03T03:33:00.702+0600][46.181s][info][gc,phases   ] GC(57) y: Pause Mark End 0.035ms
[2026-04-03T03:33:00.702+0600][46.181s][info][gc,phases   ] GC(57) y: Concurrent Mark Free 0.002ms
[2026-04-03T03:33:00.702+0600][46.181s][info][gc,phases   ] GC(57) y: Concurrent Reset Relocation Set 0.022ms
[2026-04-03T03:33:00.709+0600][46.188s][info][gc,reloc    ] GC(57) y: Using tenuring threshold: 3 (Computed)
[2026-04-03T03:33:00.712+0600][46.192s][info][gc,phases   ] GC(57) y: Concurrent Select Relocation Set 10.049ms
[2026-04-03T03:33:00.712+0600][46.192s][info][gc,phases   ] GC(57) y: Pause Relocate Start 0.028ms
[2026-04-03T03:33:00.762+0600][46.242s][info][gc,phases   ] GC(57) y: Concurrent Relocate 49.627ms
[2026-04-03T03:33:00.762+0600][46.242s][info][gc,alloc    ] GC(57) y:                         Mark Start        Mark End      Relocate Start    Relocate End   
[2026-04-03T03:33:00.762+0600][46.242s][info][gc,alloc    ] GC(57) y: Allocation Stalls:          0                0                0                0         
[2026-04-03T03:33:00.762+0600][46.242s][info][gc,load     ] GC(57) y: Load: 4.31 (36%) / 4.25 (35%) / 4.78 (40%)
[2026-04-03T03:33:00.762+0600][46.242s][info][gc,mmu      ] GC(57) y: MMU: 2ms/87.1%, 5ms/94.8%, 10ms/97.4%, 20ms/98.7%, 50ms/99.4%, 100ms/99.6%
[2026-04-03T03:33:00.762+0600][46.242s][info][gc,marking  ] GC(57) y: Mark: 2 stripe(s), 2 proactive flush(es), 1 terminate flush(es), 0 completion(s), 0 continuation(s) 
[2026-04-03T03:33:00.762+0600][46.242s][info][gc,marking  ] GC(57) y: Mark Stack Usage: 32M
[2026-04-03T03:33:00.762+0600][46.242s][info][gc,nmethod  ] GC(57) y: NMethods: 6677 registered, 705 unregistered
[2026-04-03T03:33:00.762+0600][46.242s][info][gc,metaspace] GC(57) y: Metaspace: 71M used, 71M committed, 1088M reserved
[2026-04-03T03:33:00.762+0600][46.242s][info][gc,reloc    ] GC(57) y:                        Candidates     Selected     In-Place         Size        Empty    Relocated 
[2026-04-03T03:33:00.762+0600][46.242s][info][gc,reloc    ] GC(57) y: Small Pages:                  259           65            0         518M         366M          12M 
[2026-04-03T03:33:00.762+0600][46.242s][info][gc,reloc    ] GC(57) y: Medium Pages:                   1            0            0          32M          32M           0M 
[2026-04-03T03:33:00.762+0600][46.242s][info][gc,reloc    ] GC(57) y: Large Pages:                   14            0            0         108M          90M           0M 
[2026-04-03T03:33:00.762+0600][46.242s][info][gc,reloc    ] GC(57) y: Forwarding Usage: 20M
[2026-04-03T03:33:00.762+0600][46.242s][info][gc,reloc    ] GC(57) y: Age Table:
[2026-04-03T03:33:00.762+0600][46.242s][info][gc,reloc    ] GC(57) y:                    Live             Garbage             Small              Medium             Large        
[2026-04-03T03:33:00.762+0600][46.242s][info][gc,reloc    ] GC(57) y: Eden              36M (2%)          559M (32%)        243 / 63             1 / 0             11 / 0        
[2026-04-03T03:33:00.762+0600][46.242s][info][gc,reloc    ] GC(57) y: Survivor 1          -                48M (3%)           9 / 0              0 / 0              3 / 0        
[2026-04-03T03:33:00.762+0600][46.242s][info][gc,reloc    ] GC(57) y: Survivor 2          -                 8M (0%)           4 / 0              0 / 0              0 / 0        
[2026-04-03T03:33:00.762+0600][46.242s][info][gc,reloc    ] GC(57) y: Survivor 3         0M (0%)            3M (0%)           2 / 1              0 / 0              0 / 0        
[2026-04-03T03:33:00.762+0600][46.242s][info][gc,reloc    ] GC(57) y: Survivor 4         0M (0%)            1M (0%)           1 / 1              0 / 0              0 / 0        
[2026-04-03T03:33:00.762+0600][46.242s][info][gc,heap     ] GC(57) y: Min Capacity: 8M(0%)
[2026-04-03T03:33:00.762+0600][46.242s][info][gc,heap     ] GC(57) y: Max Capacity: 1750M(100%)
[2026-04-03T03:33:00.763+0600][46.242s][info][gc,heap     ] GC(57) y: Soft Max Capacity: 1750M(100%)
[2026-04-03T03:33:00.763+0600][46.242s][info][gc,heap     ] GC(57) y: Heap Statistics:
[2026-04-03T03:33:00.763+0600][46.242s][info][gc,heap     ] GC(57) y:                Mark Start          Mark End        Relocate Start      Relocate End           High               Low         
[2026-04-03T03:33:00.763+0600][46.242s][info][gc,heap     ] GC(57) y:  Capacity:     1750M (100%)       1750M (100%)       1750M (100%)       1750M (100%)       1750M (100%)       1750M (100%)   
[2026-04-03T03:33:00.763+0600][46.242s][info][gc,heap     ] GC(57) y:      Free:      790M (45%)         762M (44%)        1246M (71%)        1336M (76%)        1350M (77%)         762M (44%)    
[2026-04-03T03:33:00.763+0600][46.242s][info][gc,heap     ] GC(57) y:      Used:      960M (55%)         988M (56%)         504M (29%)         414M (24%)         988M (56%)         400M (23%)    
[2026-04-03T03:33:00.763+0600][46.242s][info][gc,heap     ] GC(57) y: Young Generation Statistics:
[2026-04-03T03:33:00.763+0600][46.242s][info][gc,heap     ] GC(57) y:                Mark Start          Mark End        Relocate Start      Relocate End    
[2026-04-03T03:33:00.763+0600][46.242s][info][gc,heap     ] GC(57) y:      Used:      658M (38%)         686M (39%)         202M (12%)         110M (6%)     
[2026-04-03T03:33:00.763+0600][46.242s][info][gc,heap     ] GC(57) y:      Live:         -                36M (2%)           36M (2%)           36M (2%)     
[2026-04-03T03:33:00.763+0600][46.242s][info][gc,heap     ] GC(57) y:   Garbage:         -               621M (36%)         133M (8%)            0M (0%)     
[2026-04-03T03:33:00.763+0600][46.242s][info][gc,heap     ] GC(57) y: Allocated:         -                28M (2%)           32M (2%)           73M (4%)     
[2026-04-03T03:33:00.763+0600][46.242s][info][gc,heap     ] GC(57) y: Reclaimed:         -                  -               488M (28%)         621M (36%)    
[2026-04-03T03:33:00.763+0600][46.242s][info][gc,heap     ] GC(57) y:  Promoted:         -                  -                 0M (0%)            0M (0%)     
[2026-04-03T03:33:00.763+0600][46.242s][info][gc,heap     ] GC(57) y: Compacted:         -                  -                  -                18M (1%)     
[2026-04-03T03:33:00.763+0600][46.242s][info][gc,phases   ] GC(57) y: Young Generation 960M(55%)->414M(24%) 0.155s
[2026-04-03T03:33:00.763+0600][46.242s][info][gc          ] GC(57) Minor Collection (Allocation Rate) 960M(55%)->414M(24%) 0.155s
[2026-04-03T03:33:01.409+0600][46.889s][info][gc          ] GC(58) Minor Collection (Allocation Rate)
[2026-04-03T03:33:01.409+0600][46.889s][info][gc,task     ] GC(58) Using 2 Workers for Young Generation
[2026-04-03T03:33:01.409+0600][46.889s][info][gc,phases   ] GC(58) y: Young Generation
[2026-04-03T03:33:01.410+0600][46.889s][info][gc,phases   ] GC(58) y: Pause Mark Start 0.019ms
[2026-04-03T03:33:01.531+0600][47.011s][info][gc,phases   ] GC(58) y: Concurrent Mark 121.229ms
[2026-04-03T03:33:01.531+0600][47.011s][info][gc,phases   ] GC(58) y: Pause Mark End 0.060ms
[2026-04-03T03:33:01.531+0600][47.011s][info][gc,phases   ] GC(58) y: Concurrent Mark Free 0.001ms
[2026-04-03T03:33:01.532+0600][47.011s][info][gc,phases   ] GC(58) y: Concurrent Reset Relocation Set 0.020ms
[2026-04-03T03:33:01.537+0600][47.017s][info][gc,reloc    ] GC(58) y: Using tenuring threshold: 2 (Computed)
[2026-04-03T03:33:01.550+0600][47.029s][info][gc,phases   ] GC(58) y: Concurrent Select Relocation Set 18.176ms
[2026-04-03T03:33:01.550+0600][47.030s][info][gc,phases   ] GC(58) y: Pause Relocate Start 0.025ms
[2026-04-03T03:33:01.635+0600][47.115s][info][gc,phases   ] GC(58) y: Concurrent Relocate 84.792ms
[2026-04-03T03:33:01.635+0600][47.115s][info][gc,alloc    ] GC(58) y:                         Mark Start        Mark End      Relocate Start    Relocate End   
[2026-04-03T03:33:01.635+0600][47.115s][info][gc,alloc    ] GC(58) y: Allocation Stalls:          0                0                0                0         
[2026-04-03T03:33:01.635+0600][47.115s][info][gc,load     ] GC(58) y: Load: 4.31 (36%) / 4.25 (35%) / 4.78 (40%)
[2026-04-03T03:33:01.635+0600][47.115s][info][gc,mmu      ] GC(58) y: MMU: 2ms/87.1%, 5ms/94.8%, 10ms/97.4%, 20ms/98.7%, 50ms/99.4%, 100ms/99.6%
[2026-04-03T03:33:01.635+0600][47.115s][info][gc,marking  ] GC(58) y: Mark: 2 stripe(s), 2 proactive flush(es), 1 terminate flush(es), 0 completion(s), 0 continuation(s) 
[2026-04-03T03:33:01.635+0600][47.115s][info][gc,marking  ] GC(58) y: Mark Stack Usage: 32M
[2026-04-03T03:33:01.635+0600][47.115s][info][gc,nmethod  ] GC(58) y: NMethods: 6743 registered, 705 unregistered
[2026-04-03T03:33:01.635+0600][47.115s][info][gc,metaspace] GC(58) y: Metaspace: 71M used, 72M committed, 1088M reserved
[2026-04-03T03:33:01.635+0600][47.115s][info][gc,reloc    ] GC(58) y:                        Candidates     Selected     In-Place         Size        Empty    Relocated 
[2026-04-03T03:33:01.635+0600][47.115s][info][gc,reloc    ] GC(58) y: Small Pages:                  334          195            0         668M         232M          33M 
[2026-04-03T03:33:01.635+0600][47.115s][info][gc,reloc    ] GC(58) y: Medium Pages:                   1            0            0          32M           0M           0M 
[2026-04-03T03:33:01.635+0600][47.115s][info][gc,reloc    ] GC(58) y: Large Pages:                    7            0            0          54M          54M           0M 
[2026-04-03T03:33:01.635+0600][47.115s][info][gc,reloc    ] GC(58) y: Forwarding Usage: 37M
[2026-04-03T03:33:01.635+0600][47.115s][info][gc,reloc    ] GC(58) y: Age Table:
[2026-04-03T03:33:01.635+0600][47.115s][info][gc,reloc    ] GC(58) y:                    Live             Garbage             Small              Medium             Large        
[2026-04-03T03:33:01.635+0600][47.115s][info][gc,reloc    ] GC(58) y: Eden              44M (3%)          665M (38%)        321 / 192            1 / 0              4 / 0        
[2026-04-03T03:33:01.635+0600][47.115s][info][gc,reloc    ] GC(58) y: Survivor 1         0M (0%)           43M (3%)          13 / 3              0 / 0              3 / 0        
[2026-04-03T03:33:01.635+0600][47.115s][info][gc,heap     ] GC(58) y: Min Capacity: 8M(0%)
[2026-04-03T03:33:01.635+0600][47.115s][info][gc,heap     ] GC(58) y: Max Capacity: 1750M(100%)
[2026-04-03T03:33:01.635+0600][47.115s][info][gc,heap     ] GC(58) y: Soft Max Capacity: 1750M(100%)
[2026-04-03T03:33:01.635+0600][47.115s][info][gc,heap     ] GC(58) y: Heap Statistics:
[2026-04-03T03:33:01.635+0600][47.115s][info][gc,heap     ] GC(58) y:                Mark Start          Mark End        Relocate Start      Relocate End           High               Low         
[2026-04-03T03:33:01.635+0600][47.115s][info][gc,heap     ] GC(58) y:  Capacity:     1750M (100%)       1750M (100%)       1750M (100%)       1750M (100%)       1750M (100%)       1750M (100%)   
[2026-04-03T03:33:01.635+0600][47.115s][info][gc,heap     ] GC(58) y:      Free:      692M (40%)         464M (27%)         716M (41%)        1020M (58%)        1020M (58%)         462M (26%)    
[2026-04-03T03:33:01.635+0600][47.115s][info][gc,heap     ] GC(58) y:      Used:     1058M (60%)        1286M (73%)        1034M (59%)         730M (42%)        1288M (74%)         730M (42%)    
[2026-04-03T03:33:01.635+0600][47.115s][info][gc,heap     ] GC(58) y: Young Generation Statistics:
[2026-04-03T03:33:01.635+0600][47.115s][info][gc,heap     ] GC(58) y:                Mark Start          Mark End        Relocate Start      Relocate End    
[2026-04-03T03:33:01.635+0600][47.115s][info][gc,heap     ] GC(58) y:      Used:      754M (43%)         982M (56%)         730M (42%)         426M (24%)    
[2026-04-03T03:33:01.635+0600][47.115s][info][gc,heap     ] GC(58) y:      Live:         -                44M (3%)           44M (3%)           44M (3%)     
[2026-04-03T03:33:01.636+0600][47.115s][info][gc,heap     ] GC(58) y:   Garbage:         -               709M (41%)         423M (24%)          25M (1%)     
[2026-04-03T03:33:01.636+0600][47.115s][info][gc,heap     ] GC(58) y: Allocated:         -               228M (13%)         262M (15%)         355M (20%)    
[2026-04-03T03:33:01.636+0600][47.115s][info][gc,heap     ] GC(58) y: Reclaimed:         -                  -               286M (16%)         683M (39%)    
[2026-04-03T03:33:01.636+0600][47.115s][info][gc,heap     ] GC(58) y:  Promoted:         -                  -                 0M (0%)            0M (0%)     
[2026-04-03T03:33:01.636+0600][47.115s][info][gc,heap     ] GC(58) y: Compacted:         -                  -                  -                38M (2%)     
[2026-04-03T03:33:01.636+0600][47.115s][info][gc,phases   ] GC(58) y: Young Generation 1058M(60%)->730M(42%) 0.226s
[2026-04-03T03:33:01.636+0600][47.115s][info][gc          ] GC(58) Minor Collection (Allocation Rate) 1058M(60%)->730M(42%) 0.226s
[2026-04-03T03:33:01.905+0600][47.385s][info][gc          ] GC(59) Minor Collection (Allocation Rate)
[2026-04-03T03:33:01.905+0600][47.385s][info][gc,task     ] GC(59) Using 2 Workers for Young Generation
[2026-04-03T03:33:01.905+0600][47.385s][info][gc,phases   ] GC(59) y: Young Generation
[2026-04-03T03:33:01.905+0600][47.385s][info][gc,phases   ] GC(59) y: Pause Mark Start 0.037ms
[2026-04-03T03:33:02.273+0600][47.752s][info][gc,phases   ] GC(59) y: Concurrent Mark 367.325ms
[2026-04-03T03:33:02.273+0600][47.753s][info][gc,phases   ] GC(59) y: Pause Mark End 0.058ms
[2026-04-03T03:33:02.274+0600][47.753s][info][gc,phases   ] GC(59) y: Concurrent Mark Free 0.007ms
[2026-04-03T03:33:02.274+0600][47.753s][info][gc,phases   ] GC(59) y: Concurrent Reset Relocation Set 0.103ms
[2026-04-03T03:33:02.280+0600][47.760s][info][gc,reloc    ] GC(59) y: Using tenuring threshold: 3 (Computed)
[2026-04-03T03:33:02.286+0600][47.766s][info][gc,phases   ] GC(59) y: Concurrent Select Relocation Set 12.668ms
[2026-04-03T03:33:02.287+0600][47.767s][info][gc,phases   ] GC(59) y: Pause Relocate Start 0.054ms
[2026-04-03T03:33:02.377+0600][47.856s][info][gc,phases   ] GC(59) y: Concurrent Relocate 89.452ms
[2026-04-03T03:33:02.377+0600][47.856s][info][gc,alloc    ] GC(59) y:                         Mark Start        Mark End      Relocate Start    Relocate End   
[2026-04-03T03:33:02.377+0600][47.856s][info][gc,alloc    ] GC(59) y: Allocation Stalls:          0                0                0                0         
[2026-04-03T03:33:02.377+0600][47.856s][info][gc,load     ] GC(59) y: Load: 4.31 (36%) / 4.25 (35%) / 4.78 (40%)
[2026-04-03T03:33:02.377+0600][47.856s][info][gc,mmu      ] GC(59) y: MMU: 2ms/87.1%, 5ms/94.8%, 10ms/97.4%, 20ms/98.7%, 50ms/99.4%, 100ms/99.6%
[2026-04-03T03:33:02.377+0600][47.856s][info][gc,marking  ] GC(59) y: Mark: 2 stripe(s), 10 proactive flush(es), 1 terminate flush(es), 0 completion(s), 0 continuation(s) 
[2026-04-03T03:33:02.377+0600][47.857s][info][gc,marking  ] GC(59) y: Mark Stack Usage: 32M
[2026-04-03T03:33:02.377+0600][47.857s][info][gc,nmethod  ] GC(59) y: NMethods: 6747 registered, 705 unregistered
[2026-04-03T03:33:02.377+0600][47.857s][info][gc,metaspace] GC(59) y: Metaspace: 71M used, 72M committed, 1088M reserved
[2026-04-03T03:33:02.377+0600][47.857s][info][gc,reloc    ] GC(59) y:                        Candidates     Selected     In-Place         Size        Empty    Relocated 
[2026-04-03T03:33:02.377+0600][47.857s][info][gc,reloc    ] GC(59) y: Small Pages:                  188          141            0         376M          26M          24M 
[2026-04-03T03:33:02.377+0600][47.857s][info][gc,reloc    ] GC(59) y: Medium Pages:                   2            0            0          64M          32M           0M 
[2026-04-03T03:33:02.377+0600][47.857s][info][gc,reloc    ] GC(59) y: Large Pages:                    3            0            0          18M          12M           0M 
[2026-04-03T03:33:02.377+0600][47.857s][info][gc,reloc    ] GC(59) y: Forwarding Usage: 25M
[2026-04-03T03:33:02.377+0600][47.857s][info][gc,reloc    ] GC(59) y: Age Table:
[2026-04-03T03:33:02.377+0600][47.857s][info][gc,reloc    ] GC(59) y:                    Live             Garbage             Small              Medium             Large        
[2026-04-03T03:33:02.377+0600][47.857s][info][gc,reloc    ] GC(59) y: Eden              39M (2%)          336M (19%)        163 / 135            1 / 0              3 / 0        
[2026-04-03T03:33:02.377+0600][47.857s][info][gc,reloc    ] GC(59) y: Survivor 1        27M (2%)           50M (3%)          23 / 4              1 / 0              0 / 0        
[2026-04-03T03:33:02.377+0600][47.857s][info][gc,reloc    ] GC(59) y: Survivor 2         0M (0%)            3M (0%)           2 / 2              0 / 0              0 / 0        
[2026-04-03T03:33:02.377+0600][47.857s][info][gc,heap     ] GC(59) y: Min Capacity: 8M(0%)
[2026-04-03T03:33:02.377+0600][47.857s][info][gc,heap     ] GC(59) y: Max Capacity: 1750M(100%)
[2026-04-03T03:33:02.377+0600][47.857s][info][gc,heap     ] GC(59) y: Soft Max Capacity: 1750M(100%)
[2026-04-03T03:33:02.377+0600][47.857s][info][gc,heap     ] GC(59) y: Heap Statistics:
[2026-04-03T03:33:02.377+0600][47.857s][info][gc,heap     ] GC(59) y:                Mark Start          Mark End        Relocate Start      Relocate End           High               Low         
[2026-04-03T03:33:02.377+0600][47.857s][info][gc,heap     ] GC(59) y:  Capacity:     1750M (100%)       1750M (100%)       1750M (100%)       1750M (100%)       1750M (100%)       1750M (100%)   
[2026-04-03T03:33:02.377+0600][47.857s][info][gc,heap     ] GC(59) y:      Free:      988M (56%)         880M (50%)         948M (54%)        1218M (70%)        1218M (70%)         880M (50%)    
[2026-04-03T03:33:02.377+0600][47.857s][info][gc,heap     ] GC(59) y:      Used:      762M (44%)         870M (50%)         802M (46%)         532M (30%)         870M (50%)         532M (30%)    
[2026-04-03T03:33:02.377+0600][47.857s][info][gc,heap     ] GC(59) y: Young Generation Statistics:
[2026-04-03T03:33:02.377+0600][47.857s][info][gc,heap     ] GC(59) y:                Mark Start          Mark End        Relocate Start      Relocate End    
[2026-04-03T03:33:02.377+0600][47.857s][info][gc,heap     ] GC(59) y:      Used:      458M (26%)         566M (32%)         498M (28%)         228M (13%)    
[2026-04-03T03:33:02.377+0600][47.857s][info][gc,heap     ] GC(59) y:      Live:         -                66M (4%)           66M (4%)           66M (4%)     
[2026-04-03T03:33:02.377+0600][47.857s][info][gc,heap     ] GC(59) y:   Garbage:         -               391M (22%)         321M (18%)          34M (2%)     
[2026-04-03T03:33:02.377+0600][47.857s][info][gc,heap     ] GC(59) y: Allocated:         -               108M (6%)          110M (6%)          126M (7%)     
[2026-04-03T03:33:02.377+0600][47.857s][info][gc,heap     ] GC(59) y: Reclaimed:         -                  -                70M (4%)          356M (20%)    
[2026-04-03T03:33:02.377+0600][47.857s][info][gc,heap     ] GC(59) y:  Promoted:         -                  -                 0M (0%)            0M (0%)     
[2026-04-03T03:33:02.377+0600][47.857s][info][gc,heap     ] GC(59) y: Compacted:         -                  -                  -                27M (2%)     
[2026-04-03T03:33:02.377+0600][47.857s][info][gc,phases   ] GC(59) y: Young Generation 762M(44%)->532M(30%) 0.472s
[2026-04-03T03:33:02.378+0600][47.857s][info][gc          ] GC(59) Minor Collection (Allocation Rate) 762M(44%)->532M(30%) 0.473s
[2026-04-03T03:33:02.378+0600][47.857s][info][gc          ] GC(60) Minor Collection (Allocation Rate)
[2026-04-03T03:33:02.378+0600][47.857s][info][gc,task     ] GC(60) Using 3 Workers for Young Generation
[2026-04-03T03:33:02.378+0600][47.857s][info][gc,phases   ] GC(60) y: Young Generation
[2026-04-03T03:33:02.378+0600][47.858s][info][gc,phases   ] GC(60) y: Pause Mark Start 0.035ms
[2026-04-03T03:33:02.679+0600][48.158s][info][gc,phases   ] GC(60) y: Concurrent Mark 300.500ms
[2026-04-03T03:33:02.679+0600][48.159s][info][gc,phases   ] GC(60) y: Pause Mark End 0.034ms
[2026-04-03T03:33:02.679+0600][48.159s][info][gc,phases   ] GC(60) y: Concurrent Mark Free 0.003ms
[2026-04-03T03:33:02.680+0600][48.159s][info][gc,phases   ] GC(60) y: Concurrent Reset Relocation Set 0.038ms
[2026-04-03T03:33:02.682+0600][48.161s][info][gc,reloc    ] GC(60) y: Using tenuring threshold: 3 (Computed)
[2026-04-03T03:33:02.685+0600][48.165s][info][gc,phases   ] GC(60) y: Concurrent Select Relocation Set 5.538ms
[2026-04-03T03:33:02.685+0600][48.165s][info][gc,phases   ] GC(60) y: Pause Relocate Start 0.029ms
[2026-04-03T03:33:02.752+0600][48.231s][info][gc,phases   ] GC(60) y: Concurrent Relocate 65.900ms
[2026-04-03T03:33:02.752+0600][48.231s][info][gc,alloc    ] GC(60) y:                         Mark Start        Mark End      Relocate Start    Relocate End   
[2026-04-03T03:33:02.752+0600][48.231s][info][gc,alloc    ] GC(60) y: Allocation Stalls:          0                0                0                0         
[2026-04-03T03:33:02.752+0600][48.231s][info][gc,load     ] GC(60) y: Load: 4.31 (36%) / 4.25 (35%) / 4.78 (40%)
[2026-04-03T03:33:02.752+0600][48.231s][info][gc,mmu      ] GC(60) y: MMU: 2ms/87.1%, 5ms/94.8%, 10ms/97.4%, 20ms/98.7%, 50ms/99.4%, 100ms/99.6%
[2026-04-03T03:33:02.752+0600][48.231s][info][gc,marking  ] GC(60) y: Mark: 2 stripe(s), 2 proactive flush(es), 1 terminate flush(es), 0 completion(s), 0 continuation(s) 
[2026-04-03T03:33:02.752+0600][48.231s][info][gc,marking  ] GC(60) y: Mark Stack Usage: 32M
[2026-04-03T03:33:02.752+0600][48.231s][info][gc,nmethod  ] GC(60) y: NMethods: 6816 registered, 705 unregistered
[2026-04-03T03:33:02.752+0600][48.231s][info][gc,metaspace] GC(60) y: Metaspace: 71M used, 72M committed, 1088M reserved
[2026-04-03T03:33:02.752+0600][48.231s][info][gc,reloc    ] GC(60) y:                        Candidates     Selected     In-Place         Size        Empty    Relocated 
[2026-04-03T03:33:02.752+0600][48.231s][info][gc,reloc    ] GC(60) y: Small Pages:                   54           28            0         108M           4M          11M 
[2026-04-03T03:33:02.752+0600][48.231s][info][gc,reloc    ] GC(60) y: Medium Pages:                   3            1            0          96M           0M           7M 
[2026-04-03T03:33:02.752+0600][48.232s][info][gc,reloc    ] GC(60) y: Large Pages:                    4            0            0          24M           6M           0M 
[2026-04-03T03:33:02.752+0600][48.232s][info][gc,reloc    ] GC(60) y: Forwarding Usage: 25M
[2026-04-03T03:33:02.752+0600][48.232s][info][gc,reloc    ] GC(60) y: Age Table:
[2026-04-03T03:33:02.752+0600][48.232s][info][gc,reloc    ] GC(60) y:                    Live             Garbage             Small              Medium             Large        
[2026-04-03T03:33:02.752+0600][48.232s][info][gc,reloc    ] GC(60) y: Eden              44M (3%)           65M (4%)          14 / 11             2 / 1              3 / 0        
[2026-04-03T03:33:02.752+0600][48.232s][info][gc,reloc    ] GC(60) y: Survivor 1        24M (1%)           45M (3%)          16 / 5              1 / 0              1 / 0        
[2026-04-03T03:33:02.752+0600][48.232s][info][gc,reloc    ] GC(60) y: Survivor 2        21M (1%)           24M (1%)          23 / 11             0 / 0              0 / 0        
[2026-04-03T03:33:02.752+0600][48.232s][info][gc,reloc    ] GC(60) y: Survivor 3         0M (0%)            1M (0%)           1 / 1              0 / 0              0 / 0        
[2026-04-03T03:33:02.752+0600][48.232s][info][gc,heap     ] GC(60) y: Min Capacity: 8M(0%)
[2026-04-03T03:33:02.752+0600][48.232s][info][gc,heap     ] GC(60) y: Max Capacity: 1750M(100%)
[2026-04-03T03:33:02.752+0600][48.232s][info][gc,heap     ] GC(60) y: Soft Max Capacity: 1750M(100%)
[2026-04-03T03:33:02.752+0600][48.232s][info][gc,heap     ] GC(60) y: Heap Statistics:
[2026-04-03T03:33:02.752+0600][48.232s][info][gc,heap     ] GC(60) y:                Mark Start          Mark End        Relocate Start      Relocate End           High               Low         
[2026-04-03T03:33:02.752+0600][48.232s][info][gc,heap     ] GC(60) y:  Capacity:     1750M (100%)       1750M (100%)       1750M (100%)       1750M (100%)       1750M (100%)       1750M (100%)   
[2026-04-03T03:33:02.752+0600][48.232s][info][gc,heap     ] GC(60) y:      Free:     1218M (70%)        1044M (60%)        1050M (60%)         986M (56%)        1218M (70%)         936M (53%)    
[2026-04-03T03:33:02.752+0600][48.232s][info][gc,heap     ] GC(60) y:      Used:      532M (30%)         706M (40%)         700M (40%)         764M (44%)         814M (47%)         532M (30%)    
[2026-04-03T03:33:02.752+0600][48.232s][info][gc,heap     ] GC(60) y: Young Generation Statistics:
[2026-04-03T03:33:02.752+0600][48.232s][info][gc,heap     ] GC(60) y:                Mark Start          Mark End        Relocate Start      Relocate End    
[2026-04-03T03:33:02.752+0600][48.232s][info][gc,heap     ] GC(60) y:      Used:      228M (13%)         402M (23%)         396M (23%)         456M (26%)    
[2026-04-03T03:33:02.752+0600][48.232s][info][gc,heap     ] GC(60) y:      Live:         -                91M (5%)           91M (5%)           91M (5%)     
[2026-04-03T03:33:02.752+0600][48.232s][info][gc,heap     ] GC(60) y:   Garbage:         -               136M (8%)          126M (7%)           16M (1%)     
[2026-04-03T03:33:02.752+0600][48.232s][info][gc,heap     ] GC(60) y: Allocated:         -               174M (10%)         178M (10%)         348M (20%)    
[2026-04-03T03:33:02.752+0600][48.232s][info][gc,heap     ] GC(60) y: Reclaimed:         -                  -                10M (1%)          120M (7%)     
[2026-04-03T03:33:02.752+0600][48.232s][info][gc,heap     ] GC(60) y:  Promoted:         -                  -                 0M (0%)            0M (0%)     
[2026-04-03T03:33:02.752+0600][48.232s][info][gc,heap     ] GC(60) y: Compacted:         -                  -                  -                41M (2%)     
[2026-04-03T03:33:02.752+0600][48.232s][info][gc,phases   ] GC(60) y: Young Generation 532M(30%)->764M(44%) 0.374s
[2026-04-03T03:33:02.752+0600][48.232s][info][gc          ] GC(60) Minor Collection (Allocation Rate) 532M(30%)->764M(44%) 0.375s
[2026-04-03T03:33:02.752+0600][48.232s][info][gc          ] GC(61) Minor Collection (Allocation Rate)
[2026-04-03T03:33:02.752+0600][48.232s][info][gc,task     ] GC(61) Using 3 Workers for Young Generation
[2026-04-03T03:33:02.753+0600][48.232s][info][gc,phases   ] GC(61) y: Young Generation
[2026-04-03T03:33:02.753+0600][48.233s][info][gc,phases   ] GC(61) y: Pause Mark Start 0.030ms
[2026-04-03T03:33:02.888+0600][48.367s][info][gc,phases   ] GC(61) y: Concurrent Mark 134.671ms
[2026-04-03T03:33:02.888+0600][48.368s][info][gc,phases   ] GC(61) y: Pause Mark End 0.026ms
[2026-04-03T03:33:02.888+0600][48.368s][info][gc,phases   ] GC(61) y: Concurrent Mark Free 0.003ms
[2026-04-03T03:33:02.888+0600][48.368s][info][gc,phases   ] GC(61) y: Concurrent Reset Relocation Set 0.009ms
[2026-04-03T03:33:02.891+0600][48.370s][info][gc,reloc    ] GC(61) y: Using tenuring threshold: 2 (Computed)
[2026-04-03T03:33:02.902+0600][48.381s][info][gc,phases   ] GC(61) y: Concurrent Select Relocation Set 13.037ms
[2026-04-03T03:33:02.902+0600][48.382s][info][gc,phases   ] GC(61) y: Pause Relocate Start 0.028ms
[2026-04-03T03:33:02.956+0600][48.435s][info][gc,phases   ] GC(61) y: Concurrent Relocate 53.562ms
[2026-04-03T03:33:02.956+0600][48.435s][info][gc,alloc    ] GC(61) y:                         Mark Start        Mark End      Relocate Start    Relocate End   
[2026-04-03T03:33:02.956+0600][48.435s][info][gc,alloc    ] GC(61) y: Allocation Stalls:          0                0                0                0         
[2026-04-03T03:33:02.956+0600][48.435s][info][gc,load     ] GC(61) y: Load: 4.31 (36%) / 4.25 (35%) / 4.78 (40%)
[2026-04-03T03:33:02.956+0600][48.435s][info][gc,mmu      ] GC(61) y: MMU: 2ms/87.1%, 5ms/94.8%, 10ms/97.4%, 20ms/98.7%, 50ms/99.4%, 100ms/99.6%
[2026-04-03T03:33:02.956+0600][48.435s][info][gc,marking  ] GC(61) y: Mark: 2 stripe(s), 8 proactive flush(es), 1 terminate flush(es), 0 completion(s), 0 continuation(s) 
[2026-04-03T03:33:02.956+0600][48.435s][info][gc,marking  ] GC(61) y: Mark Stack Usage: 32M
[2026-04-03T03:33:02.956+0600][48.435s][info][gc,nmethod  ] GC(61) y: NMethods: 6852 registered, 705 unregistered
[2026-04-03T03:33:02.956+0600][48.436s][info][gc,metaspace] GC(61) y: Metaspace: 71M used, 72M committed, 1088M reserved
[2026-04-03T03:33:02.956+0600][48.436s][info][gc,reloc    ] GC(61) y:                        Candidates     Selected     In-Place         Size        Empty    Relocated 
[2026-04-03T03:33:02.956+0600][48.436s][info][gc,reloc    ] GC(61) y: Small Pages:                   89           70            0         178M           6M          17M 
[2026-04-03T03:33:02.956+0600][48.436s][info][gc,reloc    ] GC(61) y: Medium Pages:                   7            3            0         224M          64M          20M 
[2026-04-03T03:33:02.956+0600][48.436s][info][gc,reloc    ] GC(61) y: Large Pages:                    9            0            0          54M          24M           0M 
[2026-04-03T03:33:02.956+0600][48.436s][info][gc,reloc    ] GC(61) y: Forwarding Usage: 22M
[2026-04-03T03:33:02.956+0600][48.436s][info][gc,reloc    ] GC(61) y: Age Table:
[2026-04-03T03:33:02.956+0600][48.436s][info][gc,reloc    ] GC(61) y:                    Live             Garbage             Small              Medium             Large        
[2026-04-03T03:33:02.956+0600][48.436s][info][gc,reloc    ] GC(61) y: Eden              65M (4%)          154M (9%)          60 / 53             2 / 1              6 / 0        
[2026-04-03T03:33:02.956+0600][48.436s][info][gc,reloc    ] GC(61) y: Survivor 1        15M (1%)          102M (6%)           2 / 1              3 / 2              3 / 0        
[2026-04-03T03:33:02.956+0600][48.436s][info][gc,reloc    ] GC(61) y: Survivor 2         7M (0%)           82M (5%)          13 / 5              2 / 0              0 / 0        
[2026-04-03T03:33:02.956+0600][48.436s][info][gc,reloc    ] GC(61) y: Survivor 3         7M (0%)           20M (1%)          14 / 11             0 / 0              0 / 0        
[2026-04-03T03:33:02.956+0600][48.436s][info][gc,heap     ] GC(61) y: Min Capacity: 8M(0%)
[2026-04-03T03:33:02.956+0600][48.436s][info][gc,heap     ] GC(61) y: Max Capacity: 1750M(100%)
[2026-04-03T03:33:02.956+0600][48.436s][info][gc,heap     ] GC(61) y: Soft Max Capacity: 1750M(100%)
[2026-04-03T03:33:02.956+0600][48.436s][info][gc,heap     ] GC(61) y: Heap Statistics:
[2026-04-03T03:33:02.956+0600][48.436s][info][gc,heap     ] GC(61) y:                Mark Start          Mark End        Relocate Start      Relocate End           High               Low         
[2026-04-03T03:33:02.956+0600][48.436s][info][gc,heap     ] GC(61) y:  Capacity:     1750M (100%)       1750M (100%)       1750M (100%)       1750M (100%)       1750M (100%)       1750M (100%)   
[2026-04-03T03:33:02.956+0600][48.436s][info][gc,heap     ] GC(61) y:      Free:      986M (56%)         842M (48%)         914M (52%)        1020M (58%)        1028M (59%)         842M (48%)    
[2026-04-03T03:33:02.956+0600][48.436s][info][gc,heap     ] GC(61) y:      Used:      764M (44%)         908M (52%)         836M (48%)         730M (42%)         908M (52%)         722M (41%)    
[2026-04-03T03:33:02.956+0600][48.436s][info][gc,heap     ] GC(61) y: Young Generation Statistics:
[2026-04-03T03:33:02.956+0600][48.436s][info][gc,heap     ] GC(61) y:                Mark Start          Mark End        Relocate Start      Relocate End    
[2026-04-03T03:33:02.956+0600][48.436s][info][gc,heap     ] GC(61) y:      Used:      456M (26%)         600M (34%)         522M (30%)         404M (23%)    
[2026-04-03T03:33:02.956+0600][48.436s][info][gc,heap     ] GC(61) y:      Live:         -                95M (5%)           90M (5%)           80M (5%)     
[2026-04-03T03:33:02.956+0600][48.436s][info][gc,heap     ] GC(61) y:   Garbage:         -               360M (21%)         265M (15%)          15M (1%)     
[2026-04-03T03:33:02.956+0600][48.436s][info][gc,heap     ] GC(61) y: Allocated:         -               144M (8%)          166M (9%)          307M (18%)    
[2026-04-03T03:33:02.956+0600][48.436s][info][gc,heap     ] GC(61) y: Reclaimed:         -                  -                95M (5%)          344M (20%)    
[2026-04-03T03:33:02.956+0600][48.436s][info][gc,heap     ] GC(61) y:  Promoted:         -                  -                 4M (0%)           14M (1%)     
[2026-04-03T03:33:02.956+0600][48.436s][info][gc,heap     ] GC(61) y: Compacted:         -                  -                  -                34M (2%)     
[2026-04-03T03:33:02.956+0600][48.436s][info][gc,phases   ] GC(61) y: Young Generation 764M(44%)->730M(42%) 0.203s
[2026-04-03T03:33:02.956+0600][48.436s][info][gc          ] GC(61) Minor Collection (Allocation Rate) 764M(44%)->730M(42%) 0.204s
[2026-04-03T03:33:02.956+0600][48.436s][info][gc          ] GC(62) Minor Collection (Allocation Rate)
[2026-04-03T03:33:02.956+0600][48.436s][info][gc,task     ] GC(62) Using 3 Workers for Young Generation
[2026-04-03T03:33:02.956+0600][48.436s][info][gc,phases   ] GC(62) y: Young Generation
[2026-04-03T03:33:02.957+0600][48.436s][info][gc,phases   ] GC(62) y: Pause Mark Start 0.061ms
[2026-04-03T03:33:03.031+0600][48.511s][info][gc,phases   ] GC(62) y: Concurrent Mark 74.588ms
[2026-04-03T03:33:03.032+0600][48.511s][info][gc,phases   ] GC(62) y: Pause Mark End 0.023ms
[2026-04-03T03:33:03.032+0600][48.511s][info][gc,phases   ] GC(62) y: Concurrent Mark Free 0.001ms
[2026-04-03T03:33:03.032+0600][48.511s][info][gc,phases   ] GC(62) y: Concurrent Reset Relocation Set 0.029ms
[2026-04-03T03:33:03.036+0600][48.516s][info][gc,reloc    ] GC(62) y: Using tenuring threshold: 3 (Computed)
[2026-04-03T03:33:03.038+0600][48.518s][info][gc,phases   ] GC(62) y: Concurrent Select Relocation Set 6.374ms
[2026-04-03T03:33:03.038+0600][48.518s][info][gc,phases   ] GC(62) y: Pause Relocate Start 0.019ms
[2026-04-03T03:33:03.061+0600][48.540s][info][gc,phases   ] GC(62) y: Concurrent Relocate 22.448ms
[2026-04-03T03:33:03.061+0600][48.541s][info][gc,alloc    ] GC(62) y:                         Mark Start        Mark End      Relocate Start    Relocate End   
[2026-04-03T03:33:03.061+0600][48.541s][info][gc,alloc    ] GC(62) y: Allocation Stalls:          0                0                0                0         
[2026-04-03T03:33:03.061+0600][48.541s][info][gc,load     ] GC(62) y: Load: 4.31 (36%) / 4.25 (35%) / 4.78 (40%)
[2026-04-03T03:33:03.061+0600][48.541s][info][gc,mmu      ] GC(62) y: MMU: 2ms/87.1%, 5ms/94.8%, 10ms/97.4%, 20ms/98.7%, 50ms/99.4%, 100ms/99.6%
[2026-04-03T03:33:03.061+0600][48.541s][info][gc,marking  ] GC(62) y: Mark: 2 stripe(s), 2 proactive flush(es), 1 terminate flush(es), 0 completion(s), 0 continuation(s) 
[2026-04-03T03:33:03.061+0600][48.541s][info][gc,marking  ] GC(62) y: Mark Stack Usage: 32M
[2026-04-03T03:33:03.061+0600][48.541s][info][gc,nmethod  ] GC(62) y: NMethods: 6858 registered, 705 unregistered
[2026-04-03T03:33:03.061+0600][48.541s][info][gc,metaspace] GC(62) y: Metaspace: 71M used, 72M committed, 1088M reserved
[2026-04-03T03:33:03.061+0600][48.541s][info][gc,reloc    ] GC(62) y:                        Candidates     Selected     In-Place         Size        Empty    Relocated 
[2026-04-03T03:33:03.061+0600][48.541s][info][gc,reloc    ] GC(62) y: Small Pages:                   93           76            0         186M           0M          16M 
[2026-04-03T03:33:03.061+0600][48.541s][info][gc,reloc    ] GC(62) y: Medium Pages:                   5            2            0         160M          32M          11M 
[2026-04-03T03:33:03.061+0600][48.541s][info][gc,reloc    ] GC(62) y: Large Pages:                    9            0            0          58M          32M           0M 
[2026-04-03T03:33:03.061+0600][48.541s][info][gc,reloc    ] GC(62) y: Forwarding Usage: 18M
[2026-04-03T03:33:03.061+0600][48.541s][info][gc,reloc    ] GC(62) y: Age Table:
[2026-04-03T03:33:03.061+0600][48.541s][info][gc,reloc    ] GC(62) y:                    Live             Garbage             Small              Medium             Large        
[2026-04-03T03:33:03.061+0600][48.541s][info][gc,reloc    ] GC(62) y: Eden              54M (3%)          167M (10%)         81 / 72             1 / 0              4 / 0        
[2026-04-03T03:33:03.061+0600][48.541s][info][gc,reloc    ] GC(62) y: Survivor 1        32M (2%)          109M (6%)          11 / 4              3 / 2              4 / 0        
[2026-04-03T03:33:03.061+0600][48.541s][info][gc,reloc    ] GC(62) y: Survivor 2         0M (0%)           39M (2%)           1 / 0              1 / 0              1 / 0        
[2026-04-03T03:33:03.061+0600][48.541s][info][gc,heap     ] GC(62) y: Min Capacity: 8M(0%)
[2026-04-03T03:33:03.061+0600][48.541s][info][gc,heap     ] GC(62) y: Max Capacity: 1750M(100%)
[2026-04-03T03:33:03.061+0600][48.541s][info][gc,heap     ] GC(62) y: Soft Max Capacity: 1750M(100%)
[2026-04-03T03:33:03.061+0600][48.541s][info][gc,heap     ] GC(62) y: Heap Statistics:
[2026-04-03T03:33:03.061+0600][48.541s][info][gc,heap     ] GC(62) y:                Mark Start          Mark End        Relocate Start      Relocate End           High               Low         
[2026-04-03T03:33:03.061+0600][48.541s][info][gc,heap     ] GC(62) y:  Capacity:     1750M (100%)       1750M (100%)       1750M (100%)       1750M (100%)       1750M (100%)       1750M (100%)   
[2026-04-03T03:33:03.061+0600][48.541s][info][gc,heap     ] GC(62) y:      Free:     1020M (58%)         910M (52%)         968M (55%)        1160M (66%)        1160M (66%)         906M (52%)    
[2026-04-03T03:33:03.061+0600][48.541s][info][gc,heap     ] GC(62) y:      Used:      730M (42%)         840M (48%)         782M (45%)         590M (34%)         844M (48%)         590M (34%)    
[2026-04-03T03:33:03.061+0600][48.541s][info][gc,heap     ] GC(62) y: Young Generation Statistics:
[2026-04-03T03:33:03.061+0600][48.541s][info][gc,heap     ] GC(62) y:                Mark Start          Mark End        Relocate Start      Relocate End    
[2026-04-03T03:33:03.061+0600][48.541s][info][gc,heap     ] GC(62) y:      Used:      404M (23%)         514M (29%)         456M (26%)         264M (15%)    
[2026-04-03T03:33:03.061+0600][48.541s][info][gc,heap     ] GC(62) y:      Live:         -                87M (5%)           87M (5%)           87M (5%)     
[2026-04-03T03:33:03.061+0600][48.541s][info][gc,heap     ] GC(62) y:   Garbage:         -               316M (18%)         252M (14%)          15M (1%)     
[2026-04-03T03:33:03.061+0600][48.541s][info][gc,heap     ] GC(62) y: Allocated:         -               110M (6%)          116M (7%)          161M (9%)     
[2026-04-03T03:33:03.061+0600][48.541s][info][gc,heap     ] GC(62) y: Reclaimed:         -                  -                64M (4%)          301M (17%)    
[2026-04-03T03:33:03.061+0600][48.541s][info][gc,heap     ] GC(62) y:  Promoted:         -                  -                 0M (0%)            0M (0%)     
[2026-04-03T03:33:03.061+0600][48.541s][info][gc,heap     ] GC(62) y: Compacted:         -                  -                  -                32M (2%)     
[2026-04-03T03:33:03.061+0600][48.541s][info][gc,phases   ] GC(62) y: Young Generation 730M(42%)->590M(34%) 0.105s
[2026-04-03T03:33:03.061+0600][48.541s][info][gc          ] GC(62) Minor Collection (Allocation Rate) 730M(42%)->592M(34%) 0.105s
[2026-04-03T03:33:03.131+0600][48.610s][info][gc          ] GC(63) Minor Collection (Allocation Rate)
[2026-04-03T03:33:03.131+0600][48.610s][info][gc,task     ] GC(63) Using 3 Workers for Young Generation
[2026-04-03T03:33:03.131+0600][48.610s][info][gc,phases   ] GC(63) y: Young Generation
[2026-04-03T03:33:03.131+0600][48.610s][info][gc,phases   ] GC(63) y: Pause Mark Start 0.033ms
[2026-04-03T03:33:03.217+0600][48.696s][info][gc,phases   ] GC(63) y: Concurrent Mark 85.597ms
[2026-04-03T03:33:03.217+0600][48.696s][info][gc,phases   ] GC(63) y: Pause Mark End 0.022ms
[2026-04-03T03:33:03.217+0600][48.696s][info][gc,phases   ] GC(63) y: Concurrent Mark Free 0.001ms
[2026-04-03T03:33:03.217+0600][48.696s][info][gc,phases   ] GC(63) y: Concurrent Reset Relocation Set 0.017ms
[2026-04-03T03:33:03.221+0600][48.701s][info][gc,reloc    ] GC(63) y: Using tenuring threshold: 4 (Computed)
[2026-04-03T03:33:03.223+0600][48.702s][info][gc,phases   ] GC(63) y: Concurrent Select Relocation Set 5.730ms
[2026-04-03T03:33:03.223+0600][48.702s][info][gc,phases   ] GC(63) y: Pause Relocate Start 0.017ms
[2026-04-03T03:33:03.243+0600][48.723s][info][gc,phases   ] GC(63) y: Concurrent Relocate 20.085ms
[2026-04-03T03:33:03.243+0600][48.723s][info][gc,alloc    ] GC(63) y:                         Mark Start        Mark End      Relocate Start    Relocate End   
[2026-04-03T03:33:03.243+0600][48.723s][info][gc,alloc    ] GC(63) y: Allocation Stalls:          0                0                0                0         
[2026-04-03T03:33:03.243+0600][48.723s][info][gc,load     ] GC(63) y: Load: 4.31 (36%) / 4.25 (35%) / 4.78 (40%)
[2026-04-03T03:33:03.243+0600][48.723s][info][gc,mmu      ] GC(63) y: MMU: 2ms/87.1%, 5ms/94.8%, 10ms/97.4%, 20ms/98.7%, 50ms/99.4%, 100ms/99.6%
[2026-04-03T03:33:03.243+0600][48.723s][info][gc,marking  ] GC(63) y: Mark: 2 stripe(s), 10 proactive flush(es), 1 terminate flush(es), 0 completion(s), 0 continuation(s) 
[2026-04-03T03:33:03.243+0600][48.723s][info][gc,marking  ] GC(63) y: Mark Stack Usage: 32M
[2026-04-03T03:33:03.243+0600][48.723s][info][gc,nmethod  ] GC(63) y: NMethods: 6868 registered, 705 unregistered
[2026-04-03T03:33:03.243+0600][48.723s][info][gc,metaspace] GC(63) y: Metaspace: 71M used, 72M committed, 1088M reserved
[2026-04-03T03:33:03.243+0600][48.723s][info][gc,reloc    ] GC(63) y:                        Candidates     Selected     In-Place         Size        Empty    Relocated 
[2026-04-03T03:33:03.243+0600][48.723s][info][gc,reloc    ] GC(63) y: Small Pages:                   78           53            0         156M           2M          11M 
[2026-04-03T03:33:03.243+0600][48.723s][info][gc,reloc    ] GC(63) y: Medium Pages:                   3            1            0          96M          32M           2M 
[2026-04-03T03:33:03.243+0600][48.723s][info][gc,reloc    ] GC(63) y: Large Pages:                    8            0            0          50M          38M           0M 
[2026-04-03T03:33:03.243+0600][48.723s][info][gc,reloc    ] GC(63) y: Forwarding Usage: 13M
[2026-04-03T03:33:03.243+0600][48.723s][info][gc,reloc    ] GC(63) y: Age Table:
[2026-04-03T03:33:03.243+0600][48.723s][info][gc,reloc    ] GC(63) y:                    Live             Garbage             Small              Medium             Large        
[2026-04-03T03:33:03.243+0600][48.723s][info][gc,reloc    ] GC(63) y: Eden              26M (1%)          143M (8%)          57 / 49             1 / 0              4 / 0        
[2026-04-03T03:33:03.243+0600][48.723s][info][gc,reloc    ] GC(63) y: Survivor 1        18M (1%)           57M (3%)          12 / 2              1 / 0              3 / 0        
[2026-04-03T03:33:03.243+0600][48.723s][info][gc,reloc    ] GC(63) y: Survivor 2        15M (1%)           38M (2%)           8 / 1              1 / 1              1 / 0        
[2026-04-03T03:33:03.243+0600][48.723s][info][gc,reloc    ] GC(63) y: Survivor 3         0M (0%)            1M (0%)           1 / 1              0 / 0              0 / 0        
[2026-04-03T03:33:03.243+0600][48.723s][info][gc,heap     ] GC(63) y: Min Capacity: 8M(0%)
[2026-04-03T03:33:03.243+0600][48.723s][info][gc,heap     ] GC(63) y: Max Capacity: 1750M(100%)
[2026-04-03T03:33:03.243+0600][48.723s][info][gc,heap     ] GC(63) y: Soft Max Capacity: 1750M(100%)
[2026-04-03T03:33:03.243+0600][48.723s][info][gc,heap     ] GC(63) y: Heap Statistics:
[2026-04-03T03:33:03.243+0600][48.723s][info][gc,heap     ] GC(63) y:                Mark Start          Mark End        Relocate Start      Relocate End           High               Low         
[2026-04-03T03:33:03.243+0600][48.723s][info][gc,heap     ] GC(63) y:  Capacity:     1750M (100%)       1750M (100%)       1750M (100%)       1750M (100%)       1750M (100%)       1750M (100%)   
[2026-04-03T03:33:03.243+0600][48.723s][info][gc,heap     ] GC(63) y:      Free:     1122M (64%)        1034M (59%)        1094M (63%)        1164M (67%)        1164M (67%)        1026M (59%)    
[2026-04-03T03:33:03.243+0600][48.723s][info][gc,heap     ] GC(63) y:      Used:      628M (36%)         716M (41%)         656M (37%)         586M (33%)         724M (41%)         586M (33%)    
[2026-04-03T03:33:03.243+0600][48.723s][info][gc,heap     ] GC(63) y: Young Generation Statistics:
[2026-04-03T03:33:03.243+0600][48.723s][info][gc,heap     ] GC(63) y:                Mark Start          Mark End        Relocate Start      Relocate End    
[2026-04-03T03:33:03.243+0600][48.723s][info][gc,heap     ] GC(63) y:      Used:      302M (17%)         390M (22%)         330M (19%)         260M (15%)    
[2026-04-03T03:33:03.243+0600][48.723s][info][gc,heap     ] GC(63) y:      Live:         -                60M (3%)           60M (3%)           60M (3%)     
[2026-04-03T03:33:03.243+0600][48.723s][info][gc,heap     ] GC(63) y:   Garbage:         -               241M (14%)         169M (10%)           1M (0%)     
[2026-04-03T03:33:03.243+0600][48.723s][info][gc,heap     ] GC(63) y: Allocated:         -                88M (5%)          100M (6%)          197M (11%)    
[2026-04-03T03:33:03.243+0600][48.723s][info][gc,heap     ] GC(63) y: Reclaimed:         -                  -                72M (4%)          239M (14%)    
[2026-04-03T03:33:03.243+0600][48.723s][info][gc,heap     ] GC(63) y:  Promoted:         -                  -                 0M (0%)            0M (0%)     
[2026-04-03T03:33:03.244+0600][48.723s][info][gc,heap     ] GC(63) y: Compacted:         -                  -                  -                18M (1%)     
[2026-04-03T03:33:03.244+0600][48.723s][info][gc,phases   ] GC(63) y: Young Generation 628M(36%)->586M(33%) 0.112s
[2026-04-03T03:33:03.244+0600][48.723s][info][gc          ] GC(63) Minor Collection (Allocation Rate) 628M(36%)->586M(33%) 0.113s
[2026-04-03T03:33:03.518+0600][48.997s][info][gc          ] GC(64) Minor Collection (Allocation Rate)
[2026-04-03T03:33:03.518+0600][48.997s][info][gc,task     ] GC(64) Using 3 Workers for Young Generation
[2026-04-03T03:33:03.518+0600][48.997s][info][gc,phases   ] GC(64) y: Young Generation
[2026-04-03T03:33:03.518+0600][48.997s][info][gc,phases   ] GC(64) y: Pause Mark Start 0.015ms
[2026-04-03T03:33:03.652+0600][49.132s][info][gc,phases   ] GC(64) y: Concurrent Mark 134.188ms
[2026-04-03T03:33:03.652+0600][49.132s][info][gc,phases   ] GC(64) y: Pause Mark End 0.020ms
[2026-04-03T03:33:03.652+0600][49.132s][info][gc,phases   ] GC(64) y: Concurrent Mark Free 0.001ms
[2026-04-03T03:33:03.652+0600][49.132s][info][gc,phases   ] GC(64) y: Concurrent Reset Relocation Set 0.012ms
[2026-04-03T03:33:03.656+0600][49.135s][info][gc,reloc    ] GC(64) y: Using tenuring threshold: 5 (Computed)
[2026-04-03T03:33:03.657+0600][49.136s][info][gc,phases   ] GC(64) y: Concurrent Select Relocation Set 4.413ms
[2026-04-03T03:33:03.657+0600][49.137s][info][gc,phases   ] GC(64) y: Pause Relocate Start 0.018ms
[2026-04-03T03:33:03.662+0600][49.141s][info][gc,phases   ] GC(64) y: Concurrent Relocate 4.682ms
[2026-04-03T03:33:03.662+0600][49.141s][info][gc,alloc    ] GC(64) y:                         Mark Start        Mark End      Relocate Start    Relocate End   
[2026-04-03T03:33:03.662+0600][49.141s][info][gc,alloc    ] GC(64) y: Allocation Stalls:          0                0                0                0         
[2026-04-03T03:33:03.662+0600][49.141s][info][gc,load     ] GC(64) y: Load: 4.31 (36%) / 4.25 (35%) / 4.78 (40%)
[2026-04-03T03:33:03.662+0600][49.141s][info][gc,mmu      ] GC(64) y: MMU: 2ms/87.1%, 5ms/94.8%, 10ms/97.4%, 20ms/98.7%, 50ms/99.4%, 100ms/99.6%
[2026-04-03T03:33:03.662+0600][49.141s][info][gc,marking  ] GC(64) y: Mark: 2 stripe(s), 10 proactive flush(es), 1 terminate flush(es), 0 completion(s), 0 continuation(s) 
[2026-04-03T03:33:03.662+0600][49.141s][info][gc,marking  ] GC(64) y: Mark Stack Usage: 32M
[2026-04-03T03:33:03.662+0600][49.141s][info][gc,nmethod  ] GC(64) y: NMethods: 6880 registered, 705 unregistered
[2026-04-03T03:33:03.662+0600][49.141s][info][gc,metaspace] GC(64) y: Metaspace: 71M used, 72M committed, 1088M reserved
[2026-04-03T03:33:03.662+0600][49.141s][info][gc,reloc    ] GC(64) y:                        Candidates     Selected     In-Place         Size        Empty    Relocated 
[2026-04-03T03:33:03.662+0600][49.141s][info][gc,reloc    ] GC(64) y: Small Pages:                  358            6            0         716M         586M           2M 
[2026-04-03T03:33:03.662+0600][49.141s][info][gc,reloc    ] GC(64) y: Medium Pages:                   2            1            0          64M           0M           2M 
[2026-04-03T03:33:03.662+0600][49.142s][info][gc,reloc    ] GC(64) y: Large Pages:                    4            0            0          24M          12M           0M 
[2026-04-03T03:33:03.662+0600][49.142s][info][gc,reloc    ] GC(64) y: Forwarding Usage: 2M
[2026-04-03T03:33:03.662+0600][49.142s][info][gc,reloc    ] GC(64) y: Age Table:
[2026-04-03T03:33:03.662+0600][49.142s][info][gc,reloc    ] GC(64) y:                    Live             Garbage             Small              Medium             Large        
[2026-04-03T03:33:03.662+0600][49.142s][info][gc,reloc    ] GC(64) y: Eden              76M (4%)          597M (34%)        331 / 1              0 / 0              2 / 0        
[2026-04-03T03:33:03.662+0600][49.142s][info][gc,reloc    ] GC(64) y: Survivor 1        20M (1%)            7M (0%)           8 / 1              0 / 0              2 / 0        
[2026-04-03T03:33:03.662+0600][49.142s][info][gc,reloc    ] GC(64) y: Survivor 2        18M (1%)           33M (2%)          10 / 1              1 / 0              0 / 0        
[2026-04-03T03:33:03.662+0600][49.142s][info][gc,reloc    ] GC(64) y: Survivor 3        15M (1%)           32M (2%)           8 / 2              1 / 1              0 / 0        
[2026-04-03T03:33:03.662+0600][49.142s][info][gc,reloc    ] GC(64) y: Survivor 4         0M (0%)            1M (0%)           1 / 1              0 / 0              0 / 0        
[2026-04-03T03:33:03.662+0600][49.142s][info][gc,heap     ] GC(64) y: Min Capacity: 8M(0%)
[2026-04-03T03:33:03.662+0600][49.142s][info][gc,heap     ] GC(64) y: Max Capacity: 1750M(100%)
[2026-04-03T03:33:03.662+0600][49.142s][info][gc,heap     ] GC(64) y: Soft Max Capacity: 1750M(100%)
[2026-04-03T03:33:03.662+0600][49.142s][info][gc,heap     ] GC(64) y: Heap Statistics:
[2026-04-03T03:33:03.662+0600][49.142s][info][gc,heap     ] GC(64) y:                Mark Start          Mark End        Relocate Start      Relocate End           High               Low         
[2026-04-03T03:33:03.662+0600][49.142s][info][gc,heap     ] GC(64) y:  Capacity:     1750M (100%)       1750M (100%)       1750M (100%)       1750M (100%)       1750M (100%)       1750M (100%)   
[2026-04-03T03:33:03.662+0600][49.142s][info][gc,heap     ] GC(64) y:      Free:      620M (35%)         612M (35%)        1210M (69%)        1212M (69%)        1212M (69%)         612M (35%)    
[2026-04-03T03:33:03.662+0600][49.142s][info][gc,heap     ] GC(64) y:      Used:     1130M (65%)        1138M (65%)         540M (31%)         538M (31%)        1138M (65%)         538M (31%)    
[2026-04-03T03:33:03.662+0600][49.142s][info][gc,heap     ] GC(64) y: Young Generation Statistics:
[2026-04-03T03:33:03.662+0600][49.142s][info][gc,heap     ] GC(64) y:                Mark Start          Mark End        Relocate Start      Relocate End    
[2026-04-03T03:33:03.662+0600][49.142s][info][gc,heap     ] GC(64) y:      Used:      804M (46%)         812M (46%)         214M (12%)         212M (12%)    
[2026-04-03T03:33:03.662+0600][49.142s][info][gc,heap     ] GC(64) y:      Live:         -               130M (7%)          130M (7%)          130M (7%)     
[2026-04-03T03:33:03.662+0600][49.142s][info][gc,heap     ] GC(64) y:   Garbage:         -               673M (38%)          75M (4%)            2M (0%)     
[2026-04-03T03:33:03.662+0600][49.142s][info][gc,heap     ] GC(64) y: Allocated:         -                 8M (0%)            8M (0%)           78M (4%)     
[2026-04-03T03:33:03.662+0600][49.142s][info][gc,heap     ] GC(64) y: Reclaimed:         -                  -               598M (34%)         670M (38%)    
[2026-04-03T03:33:03.662+0600][49.142s][info][gc,heap     ] GC(64) y:  Promoted:         -                  -                 0M (0%)            0M (0%)     
[2026-04-03T03:33:03.662+0600][49.142s][info][gc,heap     ] GC(64) y: Compacted:         -                  -                  -                 7M (0%)     
[2026-04-03T03:33:03.662+0600][49.142s][info][gc,phases   ] GC(64) y: Young Generation 1130M(65%)->538M(31%) 0.144s
[2026-04-03T03:33:03.662+0600][49.142s][info][gc          ] GC(64) Minor Collection (Allocation Rate) 1130M(65%)->538M(31%) 0.145s
[2026-04-03T03:33:03.662+0600][49.142s][info][gc          ] GC(65) Major Collection (System.gc())
[2026-04-03T03:33:03.662+0600][49.142s][info][gc,task     ] GC(65) Using 3 Workers for Young Generation
[2026-04-03T03:33:03.662+0600][49.142s][info][gc,task     ] GC(65) Using 3 Workers for Old Generation
[2026-04-03T03:33:03.662+0600][49.142s][info][gc,phases   ] GC(65) Y: Young Generation (Promote All)
[2026-04-03T03:33:03.663+0600][49.142s][info][gc,phases   ] GC(65) Y: Pause Mark Start 0.018ms
[2026-04-03T03:33:03.715+0600][49.194s][info][gc,phases   ] GC(65) Y: Concurrent Mark 52.121ms
[2026-04-03T03:33:03.715+0600][49.195s][info][gc,phases   ] GC(65) Y: Pause Mark End 0.028ms
[2026-04-03T03:33:03.715+0600][49.195s][info][gc,phases   ] GC(65) Y: Concurrent Mark Free 0.001ms
[2026-04-03T03:33:03.715+0600][49.195s][info][gc,phases   ] GC(65) Y: Concurrent Reset Relocation Set 0.003ms
[2026-04-03T03:33:03.719+0600][49.199s][info][gc,reloc    ] GC(65) Y: Using tenuring threshold: 0 (Promote All)
[2026-04-03T03:33:03.732+0600][49.211s][info][gc,phases   ] GC(65) Y: Concurrent Select Relocation Set 16.528ms
[2026-04-03T03:33:03.732+0600][49.212s][info][gc,phases   ] GC(65) Y: Pause Relocate Start 0.017ms
[2026-04-03T03:33:03.758+0600][49.237s][info][gc,phases   ] GC(65) Y: Concurrent Relocate 25.306ms
[2026-04-03T03:33:03.758+0600][49.237s][info][gc,alloc    ] GC(65) Y:                         Mark Start        Mark End      Relocate Start    Relocate End   
[2026-04-03T03:33:03.758+0600][49.237s][info][gc,alloc    ] GC(65) Y: Allocation Stalls:          0                0                0                0         
[2026-04-03T03:33:03.758+0600][49.237s][info][gc,load     ] GC(65) Y: Load: 4.31 (36%) / 4.25 (35%) / 4.78 (40%)
[2026-04-03T03:33:03.758+0600][49.237s][info][gc,mmu      ] GC(65) Y: MMU: 2ms/87.1%, 5ms/94.8%, 10ms/97.4%, 20ms/98.7%, 50ms/99.4%, 100ms/99.6%
[2026-04-03T03:33:03.758+0600][49.237s][info][gc,marking  ] GC(65) Y: Mark: 2 stripe(s), 1 proactive flush(es), 1 terminate flush(es), 0 completion(s), 0 continuation(s) 
[2026-04-03T03:33:03.758+0600][49.237s][info][gc,marking  ] GC(65) Y: Mark Stack Usage: 32M
[2026-04-03T03:33:03.758+0600][49.237s][info][gc,nmethod  ] GC(65) Y: NMethods: 6880 registered, 705 unregistered
[2026-04-03T03:33:03.758+0600][49.237s][info][gc,metaspace] GC(65) Y: Metaspace: 71M used, 72M committed, 1088M reserved
[2026-04-03T03:33:03.758+0600][49.237s][info][gc,reloc    ] GC(65) Y:                        Candidates     Selected     In-Place         Size        Empty    Relocated 
[2026-04-03T03:33:03.758+0600][49.237s][info][gc,reloc    ] GC(65) Y: Small Pages:                   68            8            0         136M          76M           2M 
[2026-04-03T03:33:03.758+0600][49.237s][info][gc,reloc    ] GC(65) Y: Medium Pages:                   2            1            0          64M           0M           2M 
[2026-04-03T03:33:03.758+0600][49.237s][info][gc,reloc    ] GC(65) Y: Large Pages:                    2            0            0          12M          12M           0M 
[2026-04-03T03:33:03.758+0600][49.237s][info][gc,reloc    ] GC(65) Y: Forwarding Usage: 3M
[2026-04-03T03:33:03.758+0600][49.237s][info][gc,reloc    ] GC(65) Y: Age Table:
[2026-04-03T03:33:03.758+0600][49.237s][info][gc,reloc    ] GC(65) Y:                    Live             Garbage             Small              Medium             Large        
[2026-04-03T03:33:03.758+0600][49.237s][info][gc,reloc    ] GC(65) Y: Eden               0M (0%)            7M (0%)           4 / 2              0 / 0              0 / 0        
[2026-04-03T03:33:03.758+0600][49.237s][info][gc,reloc    ] GC(65) Y: Survivor 1         0M (0%)           79M (5%)          37 / 0              0 / 0              1 / 0        
[2026-04-03T03:33:03.758+0600][49.237s][info][gc,reloc    ] GC(65) Y: Survivor 2        11M (1%)           10M (1%)           8 / 1              0 / 0              1 / 0        
[2026-04-03T03:33:03.758+0600][49.237s][info][gc,reloc    ] GC(65) Y: Survivor 3        18M (1%)           33M (2%)          10 / 2              1 / 0              0 / 0        
[2026-04-03T03:33:03.758+0600][49.237s][info][gc,reloc    ] GC(65) Y: Survivor 4        15M (1%)           32M (2%)           8 / 2              1 / 1              0 / 0        
[2026-04-03T03:33:03.758+0600][49.237s][info][gc,reloc    ] GC(65) Y: Survivor 5         0M (0%)            1M (0%)           1 / 1              0 / 0              0 / 0        
[2026-04-03T03:33:03.758+0600][49.237s][info][gc,heap     ] GC(65) Y: Min Capacity: 8M(0%)
[2026-04-03T03:33:03.758+0600][49.237s][info][gc,heap     ] GC(65) Y: Max Capacity: 1750M(100%)
[2026-04-03T03:33:03.758+0600][49.237s][info][gc,heap     ] GC(65) Y: Soft Max Capacity: 1750M(100%)
[2026-04-03T03:33:03.758+0600][49.237s][info][gc,heap     ] GC(65) Y: Heap Statistics:
[2026-04-03T03:33:03.758+0600][49.237s][info][gc,heap     ] GC(65) Y:                Mark Start          Mark End        Relocate Start      Relocate End           High               Low         
[2026-04-03T03:33:03.758+0600][49.237s][info][gc,heap     ] GC(65) Y:  Capacity:     1750M (100%)       1750M (100%)       1750M (100%)       1750M (100%)       1750M (100%)       1750M (100%)   
[2026-04-03T03:33:03.758+0600][49.237s][info][gc,heap     ] GC(65) Y:      Free:     1212M (69%)        1210M (69%)        1298M (74%)        1344M (77%)        1344M (77%)        1210M (69%)    
[2026-04-03T03:33:03.758+0600][49.237s][info][gc,heap     ] GC(65) Y:      Used:      538M (31%)         540M (31%)         452M (26%)         406M (23%)         540M (31%)         406M (23%)    
[2026-04-03T03:33:03.758+0600][49.237s][info][gc,heap     ] GC(65) Y: Young Generation Statistics:
[2026-04-03T03:33:03.758+0600][49.237s][info][gc,heap     ] GC(65) Y:                Mark Start          Mark End        Relocate Start      Relocate End    
[2026-04-03T03:33:03.758+0600][49.237s][info][gc,heap     ] GC(65) Y:      Used:      212M (12%)         214M (12%)          86M (5%)            2M (0%)     
[2026-04-03T03:33:03.758+0600][49.237s][info][gc,heap     ] GC(65) Y:      Live:         -                45M (3%)            7M (0%)            0M (0%)     
[2026-04-03T03:33:03.758+0600][49.237s][info][gc,heap     ] GC(65) Y:   Garbage:         -               166M (10%)          76M (4%)            0M (0%)     
[2026-04-03T03:33:03.758+0600][49.238s][info][gc,heap     ] GC(65) Y: Allocated:         -                 2M (0%)            2M (0%)            2M (0%)     
[2026-04-03T03:33:03.758+0600][49.238s][info][gc,heap     ] GC(65) Y: Reclaimed:         -                  -                90M (5%)          166M (10%)    
[2026-04-03T03:33:03.758+0600][49.238s][info][gc,heap     ] GC(65) Y:  Promoted:         -                  -                37M (2%)           45M (3%)     
[2026-04-03T03:33:03.758+0600][49.238s][info][gc,heap     ] GC(65) Y: Compacted:         -                  -                  -                 0M (0%)     
[2026-04-03T03:33:03.758+0600][49.238s][info][gc,phases   ] GC(65) Y: Young Generation (Promote All) 538M(31%)->406M(23%) 0.095s
[2026-04-03T03:33:03.758+0600][49.238s][info][gc,phases   ] GC(65) Y: Young Generation (Collect Roots)
[2026-04-03T03:33:03.758+0600][49.238s][info][gc,phases   ] GC(65) Y: Pause Mark Start (Major) 0.024ms
[2026-04-03T03:33:03.770+0600][49.250s][info][gc,phases   ] GC(65) Y: Concurrent Mark 11.689ms
[2026-04-03T03:33:03.770+0600][49.250s][info][gc,phases   ] GC(65) Y: Pause Mark End 0.019ms
[2026-04-03T03:33:03.770+0600][49.250s][info][gc,phases   ] GC(65) Y: Concurrent Mark Free 0.001ms
[2026-04-03T03:33:03.771+0600][49.250s][info][gc,phases   ] GC(65) Y: Concurrent Reset Relocation Set 0.046ms
[2026-04-03T03:33:03.775+0600][49.254s][info][gc,reloc    ] GC(65) Y: Using tenuring threshold: 1 (Computed)
[2026-04-03T03:33:03.775+0600][49.255s][info][gc,phases   ] GC(65) Y: Concurrent Select Relocation Set 4.722ms
[2026-04-03T03:33:03.775+0600][49.255s][info][gc,phases   ] GC(65) Y: Pause Relocate Start 0.012ms
[2026-04-03T03:33:03.776+0600][49.255s][info][gc,phases   ] GC(65) Y: Concurrent Relocate 0.102ms
[2026-04-03T03:33:03.776+0600][49.255s][info][gc,alloc    ] GC(65) Y:                         Mark Start        Mark End      Relocate Start    Relocate End   
[2026-04-03T03:33:03.776+0600][49.255s][info][gc,alloc    ] GC(65) Y: Allocation Stalls:          0                0                0                0         
[2026-04-03T03:33:03.776+0600][49.255s][info][gc,load     ] GC(65) Y: Load: 4.31 (36%) / 4.25 (35%) / 4.78 (40%)
[2026-04-03T03:33:03.776+0600][49.255s][info][gc,mmu      ] GC(65) Y: MMU: 2ms/87.1%, 5ms/94.8%, 10ms/97.4%, 20ms/98.7%, 50ms/99.4%, 100ms/99.6%
[2026-04-03T03:33:03.776+0600][49.255s][info][gc,marking  ] GC(65) Y: Mark: 2 stripe(s), 1 proactive flush(es), 1 terminate flush(es), 0 completion(s), 0 continuation(s) 
[2026-04-03T03:33:03.776+0600][49.255s][info][gc,marking  ] GC(65) Y: Mark Stack Usage: 32M
[2026-04-03T03:33:03.776+0600][49.255s][info][gc,nmethod  ] GC(65) Y: NMethods: 6880 registered, 705 unregistered
[2026-04-03T03:33:03.776+0600][49.255s][info][gc,metaspace] GC(65) Y: Metaspace: 71M used, 72M committed, 1088M reserved
[2026-04-03T03:33:03.776+0600][49.255s][info][gc,reloc    ] GC(65) Y:                        Candidates     Selected     In-Place         Size        Empty    Relocated 
[2026-04-03T03:33:03.776+0600][49.255s][info][gc,reloc    ] GC(65) Y: Small Pages:                    1            0            0           2M           0M           0M 
[2026-04-03T03:33:03.776+0600][49.255s][info][gc,reloc    ] GC(65) Y: Medium Pages:                   0            0            0           0M           0M           0M 
[2026-04-03T03:33:03.776+0600][49.255s][info][gc,reloc    ] GC(65) Y: Large Pages:                    0            0            0           0M           0M           0M 
[2026-04-03T03:33:03.776+0600][49.255s][info][gc,reloc    ] GC(65) Y: Forwarding Usage: 0M
[2026-04-03T03:33:03.776+0600][49.255s][info][gc,reloc    ] GC(65) Y: Age Table:
[2026-04-03T03:33:03.776+0600][49.255s][info][gc,reloc    ] GC(65) Y:                    Live             Garbage             Small              Medium             Large        
[2026-04-03T03:33:03.776+0600][49.255s][info][gc,reloc    ] GC(65) Y: Eden               0M (0%)            1M (0%)           1 / 0              0 / 0              0 / 0        
[2026-04-03T03:33:03.776+0600][49.255s][info][gc,heap     ] GC(65) Y: Min Capacity: 8M(0%)
[2026-04-03T03:33:03.776+0600][49.255s][info][gc,heap     ] GC(65) Y: Max Capacity: 1750M(100%)
[2026-04-03T03:33:03.776+0600][49.255s][info][gc,heap     ] GC(65) Y: Soft Max Capacity: 1750M(100%)
[2026-04-03T03:33:03.776+0600][49.255s][info][gc,heap     ] GC(65) Y: Heap Statistics:
[2026-04-03T03:33:03.776+0600][49.255s][info][gc,heap     ] GC(65) Y:                Mark Start          Mark End        Relocate Start      Relocate End           High               Low         
[2026-04-03T03:33:03.776+0600][49.255s][info][gc,heap     ] GC(65) Y:  Capacity:     1750M (100%)       1750M (100%)       1750M (100%)       1750M (100%)       1750M (100%)       1750M (100%)   
[2026-04-03T03:33:03.776+0600][49.255s][info][gc,heap     ] GC(65) Y:      Free:     1344M (77%)        1344M (77%)        1344M (77%)        1344M (77%)        1344M (77%)        1344M (77%)    
[2026-04-03T03:33:03.776+0600][49.255s][info][gc,heap     ] GC(65) Y:      Used:      406M (23%)         406M (23%)         406M (23%)         406M (23%)         406M (23%)         406M (23%)    
[2026-04-03T03:33:03.776+0600][49.255s][info][gc,heap     ] GC(65) Y: Young Generation Statistics:
[2026-04-03T03:33:03.776+0600][49.255s][info][gc,heap     ] GC(65) Y:                Mark Start          Mark End        Relocate Start      Relocate End    
[2026-04-03T03:33:03.776+0600][49.255s][info][gc,heap     ] GC(65) Y:      Used:        2M (0%)            2M (0%)            2M (0%)            2M (0%)     
[2026-04-03T03:33:03.776+0600][49.255s][info][gc,heap     ] GC(65) Y:      Live:         -                 0M (0%)            0M (0%)            0M (0%)     
[2026-04-03T03:33:03.776+0600][49.255s][info][gc,heap     ] GC(65) Y:   Garbage:         -                 1M (0%)            1M (0%)            1M (0%)     
[2026-04-03T03:33:03.776+0600][49.255s][info][gc,heap     ] GC(65) Y: Allocated:         -                 0M (0%)            0M (0%)            0M (0%)     
[2026-04-03T03:33:03.776+0600][49.255s][info][gc,heap     ] GC(65) Y: Reclaimed:         -                  -                 0M (0%)            0M (0%)     
[2026-04-03T03:33:03.776+0600][49.255s][info][gc,heap     ] GC(65) Y:  Promoted:         -                  -                 0M (0%)            0M (0%)     
[2026-04-03T03:33:03.776+0600][49.255s][info][gc,heap     ] GC(65) Y: Compacted:         -                  -                  -                 0M (0%)     
[2026-04-03T03:33:03.776+0600][49.255s][info][gc,phases   ] GC(65) Y: Young Generation (Collect Roots) 406M(23%)->406M(23%) 0.018s
[2026-04-03T03:33:03.776+0600][49.256s][info][gc,phases   ] GC(65) O: Old Generation
[2026-04-03T03:33:03.985+0600][49.465s][info][gc,phases   ] GC(65) O: Concurrent Mark 209.300ms
[2026-04-03T03:33:03.985+0600][49.465s][info][gc,phases   ] GC(65) O: Pause Mark End 0.022ms
[2026-04-03T03:33:03.985+0600][49.465s][info][gc,phases   ] GC(65) O: Concurrent Mark Free 0.001ms
[2026-04-03T03:33:03.993+0600][49.472s][info][gc,phases   ] GC(65) O: Concurrent Process Non-Strong 7.393ms
[2026-04-03T03:33:03.993+0600][49.473s][info][gc,phases   ] GC(65) O: Concurrent Reset Relocation Set 0.014ms
[2026-04-03T03:33:04.000+0600][49.480s][info][gc,phases   ] GC(65) O: Concurrent Select Relocation Set 7.302ms
[2026-04-03T03:33:04.000+0600][49.480s][info][gc,task     ] GC(65) O: Using 3 Workers for Old Generation
[2026-04-03T03:33:04.019+0600][49.499s][info][gc,task     ] GC(65) O: Using 3 Workers for Old Generation
[2026-04-03T03:33:04.019+0600][49.499s][info][gc,phases   ] GC(65) O: Concurrent Remap Roots 18.990ms
[2026-04-03T03:33:04.020+0600][49.500s][info][gc,phases   ] GC(65) O: Pause Relocate Start 0.025ms
[2026-04-03T03:33:04.023+0600][49.502s][info][gc,phases   ] GC(65) O: Concurrent Relocate 2.131ms
[2026-04-03T03:33:04.023+0600][49.502s][info][gc,alloc    ] GC(65) O:                         Mark Start        Mark End      Relocate Start    Relocate End   
[2026-04-03T03:33:04.023+0600][49.502s][info][gc,alloc    ] GC(65) O: Allocation Stalls:          0                0                0                0         
[2026-04-03T03:33:04.023+0600][49.502s][info][gc,load     ] GC(65) O: Load: 4.31 (36%) / 4.25 (35%) / 4.78 (40%)
[2026-04-03T03:33:04.023+0600][49.502s][info][gc,mmu      ] GC(65) O: MMU: 2ms/87.1%, 5ms/94.8%, 10ms/97.4%, 20ms/98.7%, 50ms/99.4%, 100ms/99.6%
[2026-04-03T03:33:04.023+0600][49.502s][info][gc,marking  ] GC(65) O: Mark: 2 stripe(s), 2 proactive flush(es), 1 terminate flush(es), 0 completion(s), 0 continuation(s) 
[2026-04-03T03:33:04.023+0600][49.502s][info][gc,marking  ] GC(65) O: Mark Stack Usage: 32M
[2026-04-03T03:33:04.023+0600][49.502s][info][gc,nmethod  ] GC(65) O: NMethods: 6858 registered, 770 unregistered
[2026-04-03T03:33:04.023+0600][49.502s][info][gc,metaspace] GC(65) O: Metaspace: 71M used, 72M committed, 1088M reserved
[2026-04-03T03:33:04.023+0600][49.502s][info][gc,ref      ] GC(65) O:                       Encountered   Discovered     Enqueued 
[2026-04-03T03:33:04.023+0600][49.502s][info][gc,ref      ] GC(65) O: Soft References:             5077            0            0 
[2026-04-03T03:33:04.023+0600][49.502s][info][gc,ref      ] GC(65) O: Weak References:             7031         5456          591 
[2026-04-03T03:33:04.023+0600][49.502s][info][gc,ref      ] GC(65) O: Final References:              84            0            0 
[2026-04-03T03:33:04.023+0600][49.502s][info][gc,ref      ] GC(65) O: Phantom References:           599          403            0 
[2026-04-03T03:33:04.023+0600][49.502s][info][gc,reloc    ] GC(65) O:                        Candidates     Selected     In-Place         Size        Empty    Relocated 
[2026-04-03T03:33:04.023+0600][49.502s][info][gc,reloc    ] GC(65) O: Small Pages:                  152           18            0         304M         104M           1M 
[2026-04-03T03:33:04.023+0600][49.502s][info][gc,reloc    ] GC(65) O: Medium Pages:                   2            0            0          64M          32M           0M 
[2026-04-03T03:33:04.023+0600][49.502s][info][gc,reloc    ] GC(65) O: Large Pages:                    2            0            0          36M          36M           0M 
[2026-04-03T03:33:04.023+0600][49.502s][info][gc,reloc    ] GC(65) O: Forwarding Usage: 0M
[2026-04-03T03:33:04.023+0600][49.502s][info][gc,heap     ] GC(65) O: Min Capacity: 8M(0%)
[2026-04-03T03:33:04.023+0600][49.502s][info][gc,heap     ] GC(65) O: Max Capacity: 1750M(100%)
[2026-04-03T03:33:04.023+0600][49.502s][info][gc,heap     ] GC(65) O: Soft Max Capacity: 1750M(100%)
[2026-04-03T03:33:04.023+0600][49.502s][info][gc,heap     ] GC(65) O: Heap Statistics:
[2026-04-03T03:33:04.023+0600][49.502s][info][gc,heap     ] GC(65) O:                Mark Start          Mark End        Relocate Start      Relocate End           High               Low         
[2026-04-03T03:33:04.023+0600][49.502s][info][gc,heap     ] GC(65) O:  Capacity:     1750M (100%)       1750M (100%)       1750M (100%)       1750M (100%)       1750M (100%)       1750M (100%)   
[2026-04-03T03:33:04.023+0600][49.502s][info][gc,heap     ] GC(65) O:      Free:     1344M (77%)        1342M (77%)        1492M (85%)        1512M (86%)        1512M (86%)        1334M (76%)    
[2026-04-03T03:33:04.023+0600][49.502s][info][gc,heap     ] GC(65) O:      Used:      406M (23%)         408M (23%)         258M (15%)         238M (14%)         416M (24%)         238M (14%)    
[2026-04-03T03:33:04.023+0600][49.502s][info][gc,heap     ] GC(65) O: Old Generation Statistics:
[2026-04-03T03:33:04.023+0600][49.502s][info][gc,heap     ] GC(65) O:                Mark Start          Mark End        Relocate Start      Relocate End    
[2026-04-03T03:33:04.023+0600][49.502s][info][gc,heap     ] GC(65) O:      Used:      404M (23%)         404M (23%)         232M (13%)         212M (12%)    
[2026-04-03T03:33:04.023+0600][49.502s][info][gc,heap     ] GC(65) O:      Live:         -               171M (10%)         171M (10%)         171M (10%)    
[2026-04-03T03:33:04.023+0600][49.502s][info][gc,heap     ] GC(65) O:   Garbage:         -               232M (13%)          60M (3%)           24M (1%)     
[2026-04-03T03:33:04.023+0600][49.502s][info][gc,heap     ] GC(65) O: Allocated:         -                 0M (0%)            0M (0%)           16M (1%)     
[2026-04-03T03:33:04.023+0600][49.503s][info][gc,heap     ] GC(65) O: Reclaimed:         -                  -               172M (10%)         208M (12%)    
[2026-04-03T03:33:04.023+0600][49.503s][info][gc,heap     ] GC(65) O: Compacted:         -                  -                  -                 1M (0%)     
[2026-04-03T03:33:04.023+0600][49.503s][info][gc,phases   ] GC(65) O: Old Generation 406M(23%)->238M(14%) 0.247s
[2026-04-03T03:33:04.023+0600][49.503s][info][gc          ] GC(65) Major Collection (System.gc()) 538M(31%)->238M(14%) 0.361s
[2026-04-03T03:33:04.470+0600][49.949s][info][gc          ] GC(66) Minor Collection (Allocation Rate)
[2026-04-03T03:33:04.470+0600][49.949s][info][gc,task     ] GC(66) Using 2 Workers for Young Generation
[2026-04-03T03:33:04.470+0600][49.949s][info][gc,phases   ] GC(66) y: Young Generation
[2026-04-03T03:33:04.470+0600][49.950s][info][gc,phases   ] GC(66) y: Pause Mark Start 0.021ms
[2026-04-03T03:33:04.754+0600][50.233s][info][gc,phases   ] GC(66) y: Concurrent Mark 283.686ms
[2026-04-03T03:33:04.754+0600][50.234s][info][gc,phases   ] GC(66) y: Pause Mark End 0.032ms
[2026-04-03T03:33:04.754+0600][50.234s][info][gc,phases   ] GC(66) y: Concurrent Mark Free 0.001ms
[2026-04-03T03:33:04.754+0600][50.234s][info][gc,phases   ] GC(66) y: Concurrent Reset Relocation Set 0.001ms
[2026-04-03T03:33:04.759+0600][50.239s][info][gc,reloc    ] GC(66) y: Using tenuring threshold: 1 (Computed)
[2026-04-03T03:33:04.801+0600][50.280s][info][gc,phases   ] GC(66) y: Concurrent Select Relocation Set 46.609ms
[2026-04-03T03:33:04.801+0600][50.281s][info][gc,phases   ] GC(66) y: Pause Relocate Start 0.031ms
[2026-04-03T03:33:04.988+0600][50.467s][info][gc,phases   ] GC(66) y: Concurrent Relocate 186.200ms
[2026-04-03T03:33:04.988+0600][50.468s][info][gc,alloc    ] GC(66) y:                         Mark Start        Mark End      Relocate Start    Relocate End   
[2026-04-03T03:33:04.988+0600][50.468s][info][gc,alloc    ] GC(66) y: Allocation Stalls:          0                0                0                0         
[2026-04-03T03:33:04.988+0600][50.468s][info][gc,load     ] GC(66) y: Load: 4.31 (36%) / 4.25 (35%) / 4.78 (40%)
[2026-04-03T03:33:04.988+0600][50.468s][info][gc,mmu      ] GC(66) y: MMU: 2ms/87.1%, 5ms/94.8%, 10ms/97.4%, 20ms/98.7%, 50ms/99.4%, 100ms/99.6%
[2026-04-03T03:33:04.988+0600][50.468s][info][gc,marking  ] GC(66) y: Mark: 2 stripe(s), 10 proactive flush(es), 1 terminate flush(es), 0 completion(s), 0 continuation(s) 
[2026-04-03T03:33:04.988+0600][50.468s][info][gc,marking  ] GC(66) y: Mark Stack Usage: 32M
[2026-04-03T03:33:04.988+0600][50.468s][info][gc,nmethod  ] GC(66) y: NMethods: 6950 registered, 770 unregistered
[2026-04-03T03:33:04.988+0600][50.468s][info][gc,metaspace] GC(66) y: Metaspace: 71M used, 72M committed, 1088M reserved
[2026-04-03T03:33:04.988+0600][50.468s][info][gc,reloc    ] GC(66) y:                        Candidates     Selected     In-Place         Size        Empty    Relocated 
[2026-04-03T03:33:04.988+0600][50.468s][info][gc,reloc    ] GC(66) y: Small Pages:                  281          211            0         562M           2M          57M 
[2026-04-03T03:33:04.988+0600][50.468s][info][gc,reloc    ] GC(66) y: Medium Pages:                   1            0            0          32M           0M           0M 
[2026-04-03T03:33:04.988+0600][50.468s][info][gc,reloc    ] GC(66) y: Large Pages:                    7            0            0          54M          24M           0M 
[2026-04-03T03:33:04.988+0600][50.468s][info][gc,reloc    ] GC(66) y: Forwarding Usage: 68M
[2026-04-03T03:33:04.988+0600][50.468s][info][gc,reloc    ] GC(66) y: Age Table:
[2026-04-03T03:33:04.988+0600][50.468s][info][gc,reloc    ] GC(66) y:                    Live             Garbage             Small              Medium             Large        
[2026-04-03T03:33:04.988+0600][50.468s][info][gc,reloc    ] GC(66) y: Eden             150M (9%)          495M (28%)        280 / 211            1 / 0              7 / 0        
[2026-04-03T03:33:04.988+0600][50.468s][info][gc,reloc    ] GC(66) y: Survivor 1          -                 2M (0%)           1 / 0              0 / 0              0 / 0        
[2026-04-03T03:33:04.988+0600][50.468s][info][gc,heap     ] GC(66) y: Min Capacity: 8M(0%)
[2026-04-03T03:33:04.988+0600][50.468s][info][gc,heap     ] GC(66) y: Max Capacity: 1750M(100%)
[2026-04-03T03:33:04.988+0600][50.468s][info][gc,heap     ] GC(66) y: Soft Max Capacity: 1750M(100%)
[2026-04-03T03:33:04.988+0600][50.468s][info][gc,heap     ] GC(66) y: Heap Statistics:
[2026-04-03T03:33:04.988+0600][50.468s][info][gc,heap     ] GC(66) y:                Mark Start          Mark End        Relocate Start      Relocate End           High               Low         
[2026-04-03T03:33:04.988+0600][50.468s][info][gc,heap     ] GC(66) y:  Capacity:     1750M (100%)       1750M (100%)       1750M (100%)       1750M (100%)       1750M (100%)       1750M (100%)   
[2026-04-03T03:33:04.988+0600][50.468s][info][gc,heap     ] GC(66) y:      Free:      890M (51%)         592M (34%)         572M (33%)         916M (52%)         928M (53%)         564M (32%)    
[2026-04-03T03:33:04.988+0600][50.468s][info][gc,heap     ] GC(66) y:      Used:      860M (49%)        1158M (66%)        1178M (67%)         834M (48%)        1186M (68%)         822M (47%)    
[2026-04-03T03:33:04.988+0600][50.468s][info][gc,heap     ] GC(66) y: Young Generation Statistics:
[2026-04-03T03:33:04.988+0600][50.468s][info][gc,heap     ] GC(66) y:                Mark Start          Mark End        Relocate Start      Relocate End    
[2026-04-03T03:33:04.988+0600][50.468s][info][gc,heap     ] GC(66) y:      Used:      648M (37%)         946M (54%)         966M (55%)         622M (36%)    
[2026-04-03T03:33:04.988+0600][50.468s][info][gc,heap     ] GC(66) y:      Live:         -               150M (9%)          150M (9%)          150M (9%)     
[2026-04-03T03:33:04.988+0600][50.468s][info][gc,heap     ] GC(66) y:   Garbage:         -               497M (28%)         471M (27%)          32M (2%)     
[2026-04-03T03:33:04.988+0600][50.468s][info][gc,heap     ] GC(66) y: Allocated:         -               298M (17%)         344M (20%)         438M (25%)    
[2026-04-03T03:33:04.988+0600][50.468s][info][gc,heap     ] GC(66) y: Reclaimed:         -                  -                26M (1%)          464M (27%)    
[2026-04-03T03:33:04.988+0600][50.468s][info][gc,heap     ] GC(66) y:  Promoted:         -                  -                 0M (0%)            0M (0%)     
[2026-04-03T03:33:04.988+0600][50.468s][info][gc,heap     ] GC(66) y: Compacted:         -                  -                  -               103M (6%)     
[2026-04-03T03:33:04.988+0600][50.468s][info][gc,phases   ] GC(66) y: Young Generation 860M(49%)->834M(48%) 0.518s
[2026-04-03T03:33:04.988+0600][50.468s][info][gc          ] GC(66) Minor Collection (Allocation Rate) 860M(49%)->834M(48%) 0.519s
[2026-04-03T03:33:04.989+0600][50.468s][info][gc          ] GC(67) Minor Collection (Allocation Rate)
[2026-04-03T03:33:04.989+0600][50.468s][info][gc,task     ] GC(67) Using 3 Workers for Young Generation
[2026-04-03T03:33:04.989+0600][50.468s][info][gc,phases   ] GC(67) y: Young Generation
[2026-04-03T03:33:04.989+0600][50.468s][info][gc,phases   ] GC(67) y: Pause Mark Start 0.038ms
[2026-04-03T03:33:05.423+0600][50.903s][info][gc,phases   ] GC(67) y: Concurrent Mark 434.168ms
[2026-04-03T03:33:05.424+0600][50.903s][info][gc,phases   ] GC(67) y: Pause Mark End 0.039ms
[2026-04-03T03:33:05.424+0600][50.903s][info][gc,phases   ] GC(67) y: Concurrent Mark Free 0.005ms
[2026-04-03T03:33:05.424+0600][50.904s][info][gc,phases   ] GC(67) y: Concurrent Reset Relocation Set 0.042ms
[2026-04-03T03:33:05.426+0600][50.906s][info][gc,reloc    ] GC(67) y: Using tenuring threshold: 1 (Computed)
[2026-04-03T03:33:05.504+0600][50.984s][info][gc,phases   ] GC(67) y: Concurrent Select Relocation Set 80.178ms
[2026-04-03T03:33:05.505+0600][50.984s][info][gc,phases   ] GC(67) y: Pause Relocate Start 0.029ms
[2026-04-03T03:33:05.691+0600][51.170s][info][gc,phases   ] GC(67) y: Concurrent Relocate 185.852ms
[2026-04-03T03:33:05.691+0600][51.170s][info][gc,alloc    ] GC(67) y:                         Mark Start        Mark End      Relocate Start    Relocate End   
[2026-04-03T03:33:05.691+0600][51.170s][info][gc,alloc    ] GC(67) y: Allocation Stalls:          0                0                0                0         
[2026-04-03T03:33:05.691+0600][51.170s][info][gc,load     ] GC(67) y: Load: 4.45 (37%) / 4.27 (36%) / 4.79 (40%)
[2026-04-03T03:33:05.691+0600][51.170s][info][gc,mmu      ] GC(67) y: MMU: 2ms/87.1%, 5ms/94.8%, 10ms/97.4%, 20ms/98.7%, 50ms/99.4%, 100ms/99.6%
[2026-04-03T03:33:05.691+0600][51.170s][info][gc,marking  ] GC(67) y: Mark: 2 stripe(s), 2 proactive flush(es), 1 terminate flush(es), 0 completion(s), 0 continuation(s) 
[2026-04-03T03:33:05.691+0600][51.170s][info][gc,marking  ] GC(67) y: Mark Stack Usage: 32M
[2026-04-03T03:33:05.691+0600][51.170s][info][gc,nmethod  ] GC(67) y: NMethods: 6950 registered, 770 unregistered
[2026-04-03T03:33:05.691+0600][51.170s][info][gc,metaspace] GC(67) y: Metaspace: 71M used, 72M committed, 1088M reserved
[2026-04-03T03:33:05.691+0600][51.170s][info][gc,reloc    ] GC(67) y:                        Candidates     Selected     In-Place         Size        Empty    Relocated 
[2026-04-03T03:33:05.691+0600][51.170s][info][gc,reloc    ] GC(67) y: Small Pages:                  256          180            0         512M           0M          29M 
[2026-04-03T03:33:05.691+0600][51.170s][info][gc,reloc    ] GC(67) y: Medium Pages:                   1            0            0          32M          32M           0M 
[2026-04-03T03:33:05.691+0600][51.171s][info][gc,reloc    ] GC(67) y: Large Pages:                    9            0            0          78M          18M           0M 
[2026-04-03T03:33:05.691+0600][51.171s][info][gc,reloc    ] GC(67) y: Forwarding Usage: 30M
[2026-04-03T03:33:05.691+0600][51.171s][info][gc,reloc    ] GC(67) y: Age Table:
[2026-04-03T03:33:05.691+0600][51.171s][info][gc,reloc    ] GC(67) y:                    Live             Garbage             Small              Medium             Large        
[2026-04-03T03:33:05.691+0600][51.171s][info][gc,reloc    ] GC(67) y: Eden              58M (3%)          377M (22%)        194 / 177            0 / 0              6 / 0        
[2026-04-03T03:33:05.691+0600][51.171s][info][gc,reloc    ] GC(67) y: Survivor 1       141M (8%)           44M (3%)          62 / 3              1 / 0              3 / 0        
[2026-04-03T03:33:05.691+0600][51.171s][info][gc,heap     ] GC(67) y: Min Capacity: 8M(0%)
[2026-04-03T03:33:05.691+0600][51.171s][info][gc,heap     ] GC(67) y: Max Capacity: 1750M(100%)
[2026-04-03T03:33:05.691+0600][51.171s][info][gc,heap     ] GC(67) y: Soft Max Capacity: 1750M(100%)
[2026-04-03T03:33:05.691+0600][51.171s][info][gc,heap     ] GC(67) y: Heap Statistics:
[2026-04-03T03:33:05.691+0600][51.171s][info][gc,heap     ] GC(67) y:                Mark Start          Mark End        Relocate Start      Relocate End           High               Low         
[2026-04-03T03:33:05.691+0600][51.171s][info][gc,heap     ] GC(67) y:  Capacity:     1750M (100%)       1750M (100%)       1750M (100%)       1750M (100%)       1750M (100%)       1750M (100%)   
[2026-04-03T03:33:05.691+0600][51.171s][info][gc,heap     ] GC(67) y:      Free:      916M (52%)         566M (32%)         546M (31%)         782M (45%)         916M (52%)         534M (31%)    
[2026-04-03T03:33:05.691+0600][51.171s][info][gc,heap     ] GC(67) y:      Used:      834M (48%)        1184M (68%)        1204M (69%)         968M (55%)        1216M (69%)         834M (48%)    
[2026-04-03T03:33:05.691+0600][51.171s][info][gc,heap     ] GC(67) y: Young Generation Statistics:
[2026-04-03T03:33:05.691+0600][51.171s][info][gc,heap     ] GC(67) y:                Mark Start          Mark End        Relocate Start      Relocate End    
[2026-04-03T03:33:05.691+0600][51.171s][info][gc,heap     ] GC(67) y:      Used:      622M (36%)         972M (56%)         860M (49%)         606M (35%)    
[2026-04-03T03:33:05.691+0600][51.171s][info][gc,heap     ] GC(67) y:      Live:         -               200M (11%)          71M (4%)           58M (3%)     
[2026-04-03T03:33:05.691+0600][51.171s][info][gc,heap     ] GC(67) y:   Garbage:         -               421M (24%)         368M (21%)           0M (0%)     
[2026-04-03T03:33:05.691+0600][51.171s][info][gc,heap     ] GC(67) y: Allocated:         -               350M (20%)         420M (24%)         547M (31%)    
[2026-04-03T03:33:05.691+0600][51.171s][info][gc,heap     ] GC(67) y: Reclaimed:         -                  -                53M (3%)          421M (24%)    
[2026-04-03T03:33:05.691+0600][51.171s][info][gc,heap     ] GC(67) y:  Promoted:         -                  -               128M (7%)          141M (8%)     
[2026-04-03T03:33:05.691+0600][51.171s][info][gc,heap     ] GC(67) y: Compacted:         -                  -                  -                28M (2%)     
[2026-04-03T03:33:05.691+0600][51.171s][info][gc,phases   ] GC(67) y: Young Generation 834M(48%)->968M(55%) 0.702s
[2026-04-03T03:33:05.691+0600][51.171s][info][gc          ] GC(67) Minor Collection (Allocation Rate) 834M(48%)->968M(55%) 0.703s
[2026-04-03T03:33:05.691+0600][51.171s][info][gc          ] GC(68) Minor Collection (Allocation Rate)
[2026-04-03T03:33:05.691+0600][51.171s][info][gc,task     ] GC(68) Using 3 Workers for Young Generation
[2026-04-03T03:33:05.691+0600][51.171s][info][gc,phases   ] GC(68) y: Young Generation
[2026-04-03T03:33:05.692+0600][51.171s][info][gc,phases   ] GC(68) y: Pause Mark Start 0.048ms
[2026-04-03T03:33:06.064+0600][51.544s][info][gc,phases   ] GC(68) y: Concurrent Mark 371.828ms
[2026-04-03T03:33:06.064+0600][51.544s][info][gc,phases   ] GC(68) y: Pause Mark End 0.040ms
[2026-04-03T03:33:06.068+0600][51.547s][info][gc,phases   ] GC(68) y: Concurrent Mark Free 0.005ms
[2026-04-03T03:33:06.068+0600][51.547s][info][gc,phases   ] GC(68) y: Concurrent Reset Relocation Set 0.199ms
[2026-04-03T03:33:06.070+0600][51.550s][info][gc,reloc    ] GC(68) y: Using tenuring threshold: 1 (Computed)
[2026-04-03T03:33:06.109+0600][51.589s][info][gc,phases   ] GC(68) y: Concurrent Select Relocation Set 41.320ms
[2026-04-03T03:33:06.110+0600][51.589s][info][gc,phases   ] GC(68) y: Pause Relocate Start 0.030ms
[2026-04-03T03:33:06.292+0600][51.771s][info][gc,phases   ] GC(68) y: Concurrent Relocate 181.760ms
[2026-04-03T03:33:06.292+0600][51.771s][info][gc,alloc    ] GC(68) y:                         Mark Start        Mark End      Relocate Start    Relocate End   
[2026-04-03T03:33:06.292+0600][51.771s][info][gc,alloc    ] GC(68) y: Allocation Stalls:          0                0                0                0         
[2026-04-03T03:33:06.292+0600][51.771s][info][gc,load     ] GC(68) y: Load: 4.45 (37%) / 4.27 (36%) / 4.79 (40%)
[2026-04-03T03:33:06.292+0600][51.771s][info][gc,mmu      ] GC(68) y: MMU: 2ms/87.1%, 5ms/94.8%, 10ms/97.4%, 20ms/98.7%, 50ms/99.4%, 100ms/99.6%
[2026-04-03T03:33:06.292+0600][51.771s][info][gc,marking  ] GC(68) y: Mark: 2 stripe(s), 2 proactive flush(es), 1 terminate flush(es), 0 completion(s), 0 continuation(s) 
[2026-04-03T03:33:06.292+0600][51.771s][info][gc,marking  ] GC(68) y: Mark Stack Usage: 32M
[2026-04-03T03:33:06.292+0600][51.771s][info][gc,nmethod  ] GC(68) y: NMethods: 6950 registered, 770 unregistered
[2026-04-03T03:33:06.292+0600][51.771s][info][gc,metaspace] GC(68) y: Metaspace: 71M used, 72M committed, 1088M reserved
[2026-04-03T03:33:06.292+0600][51.771s][info][gc,reloc    ] GC(68) y:                        Candidates     Selected     In-Place         Size        Empty    Relocated 
[2026-04-03T03:33:06.292+0600][51.771s][info][gc,reloc    ] GC(68) y: Small Pages:                  288          256            0         576M           0M          30M 
[2026-04-03T03:33:06.292+0600][51.771s][info][gc,reloc    ] GC(68) y: Medium Pages:                   0            0            0           0M           0M           0M 
[2026-04-03T03:33:06.292+0600][51.771s][info][gc,reloc    ] GC(68) y: Large Pages:                    3            0            0          30M           0M           0M 
[2026-04-03T03:33:06.292+0600][51.771s][info][gc,reloc    ] GC(68) y: Forwarding Usage: 34M
[2026-04-03T03:33:06.292+0600][51.771s][info][gc,reloc    ] GC(68) y: Age Table:
[2026-04-03T03:33:06.292+0600][51.771s][info][gc,reloc    ] GC(68) y:                    Live             Garbage             Small              Medium             Large        
[2026-04-03T03:33:06.292+0600][51.771s][info][gc,reloc    ] GC(68) y: Eden              30M (2%)          507M (29%)        269 / 251            0 / 0              0 / 0        
[2026-04-03T03:33:06.292+0600][51.771s][info][gc,reloc    ] GC(68) y: Survivor 1        52M (3%)           15M (1%)          19 / 5              0 / 0              3 / 0        
[2026-04-03T03:33:06.292+0600][51.772s][info][gc,heap     ] GC(68) y: Min Capacity: 8M(0%)
[2026-04-03T03:33:06.292+0600][51.772s][info][gc,heap     ] GC(68) y: Max Capacity: 1750M(100%)
[2026-04-03T03:33:06.292+0600][51.772s][info][gc,heap     ] GC(68) y: Soft Max Capacity: 1750M(100%)
[2026-04-03T03:33:06.292+0600][51.772s][info][gc,heap     ] GC(68) y: Heap Statistics:
[2026-04-03T03:33:06.292+0600][51.772s][info][gc,heap     ] GC(68) y:                Mark Start          Mark End        Relocate Start      Relocate End           High               Low         
[2026-04-03T03:33:06.292+0600][51.772s][info][gc,heap     ] GC(68) y:  Capacity:     1750M (100%)       1750M (100%)       1750M (100%)       1750M (100%)       1750M (100%)       1750M (100%)   
[2026-04-03T03:33:06.292+0600][51.772s][info][gc,heap     ] GC(68) y:      Free:      782M (45%)         518M (30%)         472M (27%)         928M (53%)         928M (53%)         460M (26%)    
[2026-04-03T03:33:06.292+0600][51.772s][info][gc,heap     ] GC(68) y:      Used:      968M (55%)        1232M (70%)        1278M (73%)         822M (47%)        1290M (74%)         822M (47%)    
[2026-04-03T03:33:06.292+0600][51.772s][info][gc,heap     ] GC(68) y: Young Generation Statistics:
[2026-04-03T03:33:06.292+0600][51.772s][info][gc,heap     ] GC(68) y:                Mark Start          Mark End        Relocate Start      Relocate End    
[2026-04-03T03:33:06.292+0600][51.772s][info][gc,heap     ] GC(68) y:      Used:      606M (35%)         870M (50%)         860M (49%)         396M (23%)    
[2026-04-03T03:33:06.292+0600][51.772s][info][gc,heap     ] GC(68) y:      Live:         -                83M (5%)           32M (2%)           30M (2%)     
[2026-04-03T03:33:06.292+0600][51.772s][info][gc,heap     ] GC(68) y:   Garbage:         -               522M (30%)         517M (30%)           0M (0%)     
[2026-04-03T03:33:06.292+0600][51.772s][info][gc,heap     ] GC(68) y: Allocated:         -               264M (15%)         310M (18%)         365M (21%)    
[2026-04-03T03:33:06.292+0600][51.772s][info][gc,heap     ] GC(68) y: Reclaimed:         -                  -                 5M (0%)          522M (30%)    
[2026-04-03T03:33:06.292+0600][51.772s][info][gc,heap     ] GC(68) y:  Promoted:         -                  -                50M (3%)           52M (3%)     
[2026-04-03T03:33:06.292+0600][51.772s][info][gc,heap     ] GC(68) y: Compacted:         -                  -                  -                30M (2%)     
[2026-04-03T03:33:06.292+0600][51.772s][info][gc,phases   ] GC(68) y: Young Generation 968M(55%)->822M(47%) 0.600s
[2026-04-03T03:33:06.292+0600][51.772s][info][gc          ] GC(68) Minor Collection (Allocation Rate) 968M(55%)->822M(47%) 0.601s
[2026-04-03T03:33:06.293+0600][51.772s][info][gc          ] GC(69) Major Collection (Allocation Rate)
[2026-04-03T03:33:06.293+0600][51.772s][info][gc,task     ] GC(69) Using 3 Workers for Young Generation
[2026-04-03T03:33:06.293+0600][51.772s][info][gc,task     ] GC(69) Using 1 Workers for Old Generation
[2026-04-03T03:33:06.293+0600][51.772s][info][gc,phases   ] GC(69) Y: Young Generation
[2026-04-03T03:33:06.293+0600][51.773s][info][gc,phases   ] GC(69) Y: Pause Mark Start (Major) 0.045ms
[2026-04-03T03:33:06.637+0600][52.116s][info][gc,phases   ] GC(69) Y: Concurrent Mark 343.457ms
[2026-04-03T03:33:06.637+0600][52.117s][info][gc,phases   ] GC(69) Y: Pause Mark End 0.040ms
[2026-04-03T03:33:06.637+0600][52.117s][info][gc,phases   ] GC(69) Y: Concurrent Mark Free 0.003ms
[2026-04-03T03:33:06.637+0600][52.117s][info][gc,phases   ] GC(69) Y: Concurrent Reset Relocation Set 0.104ms
[2026-04-03T03:33:06.640+0600][52.119s][info][gc,reloc    ] GC(69) Y: Using tenuring threshold: 2 (Computed)
[2026-04-03T03:33:06.644+0600][52.123s][info][gc,phases   ] GC(69) Y: Concurrent Select Relocation Set 6.486ms
[2026-04-03T03:33:06.644+0600][52.124s][info][gc,phases   ] GC(69) Y: Pause Relocate Start 0.030ms
[2026-04-03T03:33:06.694+0600][52.173s][info][gc,phases   ] GC(69) Y: Concurrent Relocate 49.362ms
[2026-04-03T03:33:06.694+0600][52.173s][info][gc,alloc    ] GC(69) Y:                         Mark Start        Mark End      Relocate Start    Relocate End   
[2026-04-03T03:33:06.694+0600][52.173s][info][gc,alloc    ] GC(69) Y: Allocation Stalls:          0                0                0                0         
[2026-04-03T03:33:06.694+0600][52.173s][info][gc,load     ] GC(69) Y: Load: 4.45 (37%) / 4.27 (36%) / 4.79 (40%)
[2026-04-03T03:33:06.694+0600][52.173s][info][gc,mmu      ] GC(69) Y: MMU: 2ms/87.1%, 5ms/94.8%, 10ms/97.4%, 20ms/98.7%, 50ms/99.4%, 100ms/99.6%
[2026-04-03T03:33:06.694+0600][52.173s][info][gc,marking  ] GC(69) Y: Mark: 2 stripe(s), 3 proactive flush(es), 1 terminate flush(es), 0 completion(s), 0 continuation(s) 
[2026-04-03T03:33:06.694+0600][52.173s][info][gc,marking  ] GC(69) Y: Mark Stack Usage: 32M
[2026-04-03T03:33:06.694+0600][52.174s][info][gc,nmethod  ] GC(69) Y: NMethods: 6950 registered, 770 unregistered
[2026-04-03T03:33:06.694+0600][52.174s][info][gc,metaspace] GC(69) Y: Metaspace: 71M used, 72M committed, 1088M reserved
[2026-04-03T03:33:06.694+0600][52.174s][info][gc,reloc    ] GC(69) Y:                        Candidates     Selected     In-Place         Size        Empty    Relocated 
[2026-04-03T03:33:06.694+0600][52.174s][info][gc,reloc    ] GC(69) Y: Small Pages:                  171          146            0         342M           0M          17M 
[2026-04-03T03:33:06.694+0600][52.174s][info][gc,reloc    ] GC(69) Y: Medium Pages:                   0            0            0           0M           0M           0M 
[2026-04-03T03:33:06.694+0600][52.174s][info][gc,reloc    ] GC(69) Y: Large Pages:                    3            0            0          54M           0M           0M 
[2026-04-03T03:33:06.694+0600][52.174s][info][gc,reloc    ] GC(69) Y: Forwarding Usage: 20M
[2026-04-03T03:33:06.694+0600][52.174s][info][gc,reloc    ] GC(69) Y: Age Table:
[2026-04-03T03:33:06.694+0600][52.174s][info][gc,reloc    ] GC(69) Y:                    Live             Garbage             Small              Medium             Large        
[2026-04-03T03:33:06.694+0600][52.174s][info][gc,reloc    ] GC(69) Y: Eden              70M (4%)          287M (16%)        152 / 142            0 / 0              3 / 0        
[2026-04-03T03:33:06.694+0600][52.174s][info][gc,reloc    ] GC(69) Y: Survivor 1        25M (1%)           12M (1%)          19 / 4              0 / 0              0 / 0        
[2026-04-03T03:33:06.694+0600][52.174s][info][gc,heap     ] GC(69) Y: Min Capacity: 8M(0%)
[2026-04-03T03:33:06.694+0600][52.174s][info][gc,heap     ] GC(69) Y: Max Capacity: 1750M(100%)
[2026-04-03T03:33:06.694+0600][52.174s][info][gc,heap     ] GC(69) Y: Soft Max Capacity: 1750M(100%)
[2026-04-03T03:33:06.694+0600][52.174s][info][gc,heap     ] GC(69) Y: Heap Statistics:
[2026-04-03T03:33:06.694+0600][52.174s][info][gc,heap     ] GC(69) Y:                Mark Start          Mark End        Relocate Start      Relocate End           High               Low         
[2026-04-03T03:33:06.694+0600][52.174s][info][gc,heap     ] GC(69) Y:  Capacity:     1750M (100%)       1750M (100%)       1750M (100%)       1750M (100%)       1750M (100%)       1750M (100%)   
[2026-04-03T03:33:06.694+0600][52.174s][info][gc,heap     ] GC(69) Y:      Free:      928M (53%)         640M (37%)         634M (36%)         878M (50%)         928M (53%)         620M (35%)    
[2026-04-03T03:33:06.694+0600][52.174s][info][gc,heap     ] GC(69) Y:      Used:      822M (47%)        1110M (63%)        1116M (64%)         872M (50%)        1130M (65%)         822M (47%)    
[2026-04-03T03:33:06.694+0600][52.174s][info][gc,heap     ] GC(69) Y: Young Generation Statistics:
[2026-04-03T03:33:06.694+0600][52.174s][info][gc,heap     ] GC(69) Y:                Mark Start          Mark End        Relocate Start      Relocate End    
[2026-04-03T03:33:06.694+0600][52.174s][info][gc,heap     ] GC(69) Y:      Used:      396M (23%)         684M (39%)         690M (39%)         446M (25%)    
[2026-04-03T03:33:06.694+0600][52.174s][info][gc,heap     ] GC(69) Y:      Live:         -                96M (5%)           96M (5%)           96M (5%)     
[2026-04-03T03:33:06.694+0600][52.174s][info][gc,heap     ] GC(69) Y:   Garbage:         -               299M (17%)         299M (17%)           4M (0%)     
[2026-04-03T03:33:06.694+0600][52.174s][info][gc,heap     ] GC(69) Y: Allocated:         -               288M (16%)         294M (17%)         344M (20%)    
[2026-04-03T03:33:06.694+0600][52.174s][info][gc,heap     ] GC(69) Y: Reclaimed:         -                  -                 0M (0%)          294M (17%)    
[2026-04-03T03:33:06.694+0600][52.174s][info][gc,heap     ] GC(69) Y:  Promoted:         -                  -                 0M (0%)            0M (0%)     
[2026-04-03T03:33:06.694+0600][52.174s][info][gc,heap     ] GC(69) Y: Compacted:         -                  -                  -                19M (1%)     
[2026-04-03T03:33:06.694+0600][52.174s][info][gc,phases   ] GC(69) Y: Young Generation 822M(47%)->872M(50%) 0.401s
[2026-04-03T03:33:06.694+0600][52.174s][info][gc,phases   ] GC(69) O: Old Generation
[2026-04-03T03:33:06.696+0600][52.176s][info][gc          ] GC(70) Minor Collection (Allocation Rate)
[2026-04-03T03:33:06.696+0600][52.176s][info][gc,task     ] GC(70) Using 2 Workers for Young Generation
[2026-04-03T03:33:06.696+0600][52.176s][info][gc,phases   ] GC(70) y: Young Generation
[2026-04-03T03:33:06.698+0600][52.178s][info][gc,phases   ] GC(70) y: Pause Mark Start 0.041ms
[2026-04-03T03:33:07.381+0600][52.860s][info][gc,phases   ] GC(70) y: Concurrent Mark 682.738ms
[2026-04-03T03:33:07.381+0600][52.861s][info][gc,phases   ] GC(70) y: Pause Mark End 0.044ms
[2026-04-03T03:33:07.381+0600][52.861s][info][gc,phases   ] GC(70) y: Concurrent Mark Free 0.005ms
[2026-04-03T03:33:07.382+0600][52.861s][info][gc,phases   ] GC(70) y: Concurrent Reset Relocation Set 0.031ms
[2026-04-03T03:33:07.386+0600][52.866s][info][gc,reloc    ] GC(70) y: Using tenuring threshold: 2 (Computed)
[2026-04-03T03:33:07.416+0600][52.896s][info][gc,phases   ] GC(70) y: Concurrent Select Relocation Set 34.440ms
[2026-04-03T03:33:07.416+0600][52.896s][info][gc,phases   ] GC(70) y: Pause Relocate Start 0.052ms
[2026-04-03T03:33:07.541+0600][53.021s][info][gc,phases   ] GC(70) y: Concurrent Relocate 124.792ms
[2026-04-03T03:33:07.542+0600][53.021s][info][gc,alloc    ] GC(70) y:                         Mark Start        Mark End      Relocate Start    Relocate End   
[2026-04-03T03:33:07.542+0600][53.021s][info][gc,alloc    ] GC(70) y: Allocation Stalls:          0                0                0                0         
[2026-04-03T03:33:07.542+0600][53.021s][info][gc,load     ] GC(70) y: Load: 4.45 (37%) / 4.27 (36%) / 4.79 (40%)
[2026-04-03T03:33:07.542+0600][53.021s][info][gc,mmu      ] GC(70) y: MMU: 2ms/87.1%, 5ms/94.8%, 10ms/97.4%, 20ms/98.7%, 50ms/99.4%, 100ms/99.6%
[2026-04-03T03:33:07.542+0600][53.021s][info][gc,marking  ] GC(70) y: Mark: 2 stripe(s), 2 proactive flush(es), 1 terminate flush(es), 0 completion(s), 0 continuation(s) 
[2026-04-03T03:33:07.542+0600][53.021s][info][gc,marking  ] GC(70) y: Mark Stack Usage: 32M
[2026-04-03T03:33:07.542+0600][53.021s][info][gc,nmethod  ] GC(70) y: NMethods: 6951 registered, 770 unregistered
[2026-04-03T03:33:07.542+0600][53.021s][info][gc,metaspace] GC(70) y: Metaspace: 71M used, 72M committed, 1088M reserved
[2026-04-03T03:33:07.542+0600][53.021s][info][gc,reloc    ] GC(70) y:                        Candidates     Selected     In-Place         Size        Empty    Relocated 
[2026-04-03T03:33:07.542+0600][53.021s][info][gc,reloc    ] GC(70) y: Small Pages:                  196          163            0         392M           0M          18M 
[2026-04-03T03:33:07.542+0600][53.021s][info][gc,reloc    ] GC(70) y: Medium Pages:                   0            0            0           0M           0M           0M 
[2026-04-03T03:33:07.542+0600][53.021s][info][gc,reloc    ] GC(70) y: Large Pages:                    3            0            0          54M           0M           0M 
[2026-04-03T03:33:07.542+0600][53.021s][info][gc,reloc    ] GC(70) y: Forwarding Usage: 21M
[2026-04-03T03:33:07.542+0600][53.021s][info][gc,reloc    ] GC(70) y: Age Table:
[2026-04-03T03:33:07.542+0600][53.021s][info][gc,reloc    ] GC(70) y:                    Live             Garbage             Small              Medium             Large        
[2026-04-03T03:33:07.542+0600][53.021s][info][gc,reloc    ] GC(70) y: Eden              16M (1%)          309M (18%)        163 / 153            0 / 0              0 / 0        
[2026-04-03T03:33:07.542+0600][53.021s][info][gc,reloc    ] GC(70) y: Survivor 1        70M (4%)            9M (1%)          13 / 5              0 / 0              3 / 0        
[2026-04-03T03:33:07.542+0600][53.021s][info][gc,reloc    ] GC(70) y: Survivor 2        25M (1%)           14M (1%)          20 / 5              0 / 0              0 / 0        
[2026-04-03T03:33:07.542+0600][53.022s][info][gc,heap     ] GC(70) y: Min Capacity: 8M(0%)
[2026-04-03T03:33:07.542+0600][53.022s][info][gc,heap     ] GC(70) y: Max Capacity: 1750M(100%)
[2026-04-03T03:33:07.542+0600][53.022s][info][gc,heap     ] GC(70) y: Soft Max Capacity: 1750M(100%)
[2026-04-03T03:33:07.542+0600][53.022s][info][gc,heap     ] GC(70) y: Heap Statistics:
[2026-04-03T03:33:07.542+0600][53.022s][info][gc,heap     ] GC(70) y:                Mark Start          Mark End        Relocate Start      Relocate End           High               Low         
[2026-04-03T03:33:07.542+0600][53.022s][info][gc,heap     ] GC(70) y:  Capacity:     1750M (100%)       1750M (100%)       1750M (100%)       1750M (100%)       1750M (100%)       1750M (100%)   
[2026-04-03T03:33:07.542+0600][53.022s][info][gc,heap     ] GC(70) y:      Free:      878M (50%)         838M (48%)         838M (48%)        1146M (65%)        1146M (65%)         816M (47%)    
[2026-04-03T03:33:07.542+0600][53.022s][info][gc,heap     ] GC(70) y:      Used:      872M (50%)         912M (52%)         912M (52%)         604M (35%)         934M (53%)         604M (35%)    
[2026-04-03T03:33:07.542+0600][53.022s][info][gc,heap     ] GC(70) y: Young Generation Statistics:
[2026-04-03T03:33:07.542+0600][53.022s][info][gc,heap     ] GC(70) y:                Mark Start          Mark End        Relocate Start      Relocate End    
[2026-04-03T03:33:07.542+0600][53.022s][info][gc,heap     ] GC(70) y:      Used:      446M (25%)         486M (28%)         460M (26%)         142M (8%)     
[2026-04-03T03:33:07.542+0600][53.022s][info][gc,heap     ] GC(70) y:      Live:         -               112M (6%)           90M (5%)           87M (5%)     
[2026-04-03T03:33:07.542+0600][53.022s][info][gc,heap     ] GC(70) y:   Garbage:         -               333M (19%)         329M (19%)           0M (0%)     
[2026-04-03T03:33:07.542+0600][53.022s][info][gc,heap     ] GC(70) y: Allocated:         -                40M (2%)           40M (2%)           54M (3%)     
[2026-04-03T03:33:07.542+0600][53.022s][info][gc,heap     ] GC(70) y: Reclaimed:         -                  -                 4M (0%)          333M (19%)    
[2026-04-03T03:33:07.542+0600][53.022s][info][gc,heap     ] GC(70) y:  Promoted:         -                  -                21M (1%)           25M (1%)     
[2026-04-03T03:33:07.542+0600][53.022s][info][gc,heap     ] GC(70) y: Compacted:         -                  -                  -                19M (1%)     
[2026-04-03T03:33:07.542+0600][53.022s][info][gc,phases   ] GC(70) y: Young Generation 872M(50%)->604M(35%) 0.846s
[2026-04-03T03:33:07.542+0600][53.022s][info][gc          ] GC(70) Minor Collection (Allocation Rate) 872M(50%)->604M(35%) 0.846s
[2026-04-03T03:33:07.542+0600][53.022s][info][gc          ] GC(71) Minor Collection (Allocation Rate)
[2026-04-03T03:33:07.542+0600][53.022s][info][gc,task     ] GC(71) Using 2 Workers for Young Generation
[2026-04-03T03:33:07.542+0600][53.022s][info][gc,phases   ] GC(71) y: Young Generation
[2026-04-03T03:33:07.543+0600][53.022s][info][gc,phases   ] GC(71) y: Pause Mark Start 0.043ms
[2026-04-03T03:33:08.039+0600][53.519s][info][gc,phases   ] GC(71) y: Concurrent Mark 496.417ms
[2026-04-03T03:33:08.040+0600][53.519s][info][gc,phases   ] GC(71) y: Pause Mark End 0.027ms
[2026-04-03T03:33:08.040+0600][53.519s][info][gc,phases   ] GC(71) y: Concurrent Mark Free 0.001ms
[2026-04-03T03:33:08.040+0600][53.519s][info][gc,phases   ] GC(71) y: Concurrent Reset Relocation Set 0.070ms
[2026-04-03T03:33:08.045+0600][53.525s][info][gc,reloc    ] GC(71) y: Using tenuring threshold: 1 (Computed)
[2026-04-03T03:33:08.119+0600][53.599s][info][gc,phases   ] GC(71) y: Concurrent Select Relocation Set 79.295ms
[2026-04-03T03:33:08.120+0600][53.599s][info][gc,phases   ] GC(71) y: Pause Relocate Start 0.021ms
[2026-04-03T03:33:08.266+0600][53.745s][info][gc,phases   ] GC(71) y: Concurrent Relocate 145.946ms
[2026-04-03T03:33:08.266+0600][53.745s][info][gc,alloc    ] GC(71) y:                         Mark Start        Mark End      Relocate Start    Relocate End   
[2026-04-03T03:33:08.266+0600][53.746s][info][gc,alloc    ] GC(71) y: Allocation Stalls:          0                0                0                0         
[2026-04-03T03:33:08.266+0600][53.746s][info][gc,load     ] GC(71) y: Load: 4.45 (37%) / 4.27 (36%) / 4.79 (40%)
[2026-04-03T03:33:08.266+0600][53.746s][info][gc,mmu      ] GC(71) y: MMU: 2ms/87.1%, 5ms/94.8%, 10ms/97.4%, 20ms/98.7%, 50ms/99.4%, 100ms/99.6%
[2026-04-03T03:33:08.266+0600][53.746s][info][gc,marking  ] GC(71) y: Mark: 2 stripe(s), 10 proactive flush(es), 1 terminate flush(es), 0 completion(s), 0 continuation(s) 
[2026-04-03T03:33:08.266+0600][53.746s][info][gc,marking  ] GC(71) y: Mark Stack Usage: 32M
[2026-04-03T03:33:08.266+0600][53.746s][info][gc,nmethod  ] GC(71) y: NMethods: 7031 registered, 770 unregistered
[2026-04-03T03:33:08.266+0600][53.746s][info][gc,metaspace] GC(71) y: Metaspace: 71M used, 72M committed, 1088M reserved
[2026-04-03T03:33:08.266+0600][53.746s][info][gc,reloc    ] GC(71) y:                        Candidates     Selected     In-Place         Size        Empty    Relocated 
[2026-04-03T03:33:08.266+0600][53.746s][info][gc,reloc    ] GC(71) y: Small Pages:                   28           10            0          56M           0M           1M 
[2026-04-03T03:33:08.266+0600][53.746s][info][gc,reloc    ] GC(71) y: Medium Pages:                   1            0            0          32M           0M           0M 
[2026-04-03T03:33:08.266+0600][53.746s][info][gc,reloc    ] GC(71) y: Large Pages:                    3            0            0          54M           0M           0M 
[2026-04-03T03:33:08.266+0600][53.746s][info][gc,reloc    ] GC(71) y: Forwarding Usage: 1M
[2026-04-03T03:33:08.266+0600][53.746s][info][gc,reloc    ] GC(71) y: Age Table:
[2026-04-03T03:33:08.266+0600][53.746s][info][gc,reloc    ] GC(71) y:                    Live             Garbage             Small              Medium             Large        
[2026-04-03T03:33:08.266+0600][53.746s][info][gc,reloc    ] GC(71) y: Eden               6M (0%)           35M (2%)           5 / 4              1 / 0              0 / 0        
[2026-04-03T03:33:08.266+0600][53.746s][info][gc,reloc    ] GC(71) y: Survivor 1        16M (1%)            5M (0%)          11 / 3              0 / 0              0 / 0        
[2026-04-03T03:33:08.266+0600][53.746s][info][gc,reloc    ] GC(71) y: Survivor 2        70M (4%)            7M (0%)          12 / 3              0 / 0              3 / 0        
[2026-04-03T03:33:08.266+0600][53.746s][info][gc,heap     ] GC(71) y: Min Capacity: 8M(0%)
[2026-04-03T03:33:08.266+0600][53.746s][info][gc,heap     ] GC(71) y: Max Capacity: 1750M(100%)
[2026-04-03T03:33:08.266+0600][53.746s][info][gc,heap     ] GC(71) y: Soft Max Capacity: 1750M(100%)
[2026-04-03T03:33:08.266+0600][53.746s][info][gc,heap     ] GC(71) y: Heap Statistics:
[2026-04-03T03:33:08.266+0600][53.746s][info][gc,heap     ] GC(71) y:                Mark Start          Mark End        Relocate Start      Relocate End           High               Low         
[2026-04-03T03:33:08.266+0600][53.746s][info][gc,heap     ] GC(71) y:  Capacity:     1750M (100%)       1750M (100%)       1750M (100%)       1750M (100%)       1750M (100%)       1750M (100%)   
[2026-04-03T03:33:08.266+0600][53.746s][info][gc,heap     ] GC(71) y:      Free:     1146M (65%)        1052M (60%)        1014M (58%)         940M (54%)        1146M (65%)         940M (54%)    
[2026-04-03T03:33:08.266+0600][53.746s][info][gc,heap     ] GC(71) y:      Used:      604M (35%)         698M (40%)         736M (42%)         810M (46%)         810M (46%)         604M (35%)    
[2026-04-03T03:33:08.266+0600][53.746s][info][gc,heap     ] GC(71) y: Young Generation Statistics:
[2026-04-03T03:33:08.266+0600][53.746s][info][gc,heap     ] GC(71) y:                Mark Start          Mark End        Relocate Start      Relocate End    
[2026-04-03T03:33:08.266+0600][53.746s][info][gc,heap     ] GC(71) y:      Used:      142M (8%)          236M (13%)         186M (11%)         256M (15%)    
[2026-04-03T03:33:08.266+0600][53.746s][info][gc,heap     ] GC(71) y:      Live:         -                93M (5%)            7M (0%)            6M (0%)     
[2026-04-03T03:33:08.266+0600][53.746s][info][gc,heap     ] GC(71) y:   Garbage:         -                48M (3%)           46M (3%)           25M (1%)     
[2026-04-03T03:33:08.266+0600][53.746s][info][gc,heap     ] GC(71) y: Allocated:         -                94M (5%)          132M (8%)          223M (13%)    
[2026-04-03T03:33:08.266+0600][53.746s][info][gc,heap     ] GC(71) y: Reclaimed:         -                  -                 2M (0%)           22M (1%)     
[2026-04-03T03:33:08.266+0600][53.746s][info][gc,heap     ] GC(71) y:  Promoted:         -                  -                85M (5%)           87M (5%)     
[2026-04-03T03:33:08.266+0600][53.746s][info][gc,heap     ] GC(71) y: Compacted:         -                  -                  -                 0M (0%)     
[2026-04-03T03:33:08.266+0600][53.746s][info][gc,phases   ] GC(71) y: Young Generation 604M(35%)->810M(46%) 0.723s
[2026-04-03T03:33:08.266+0600][53.746s][info][gc          ] GC(71) Minor Collection (Allocation Rate) 604M(35%)->810M(46%) 0.724s
[2026-04-03T03:33:08.267+0600][53.746s][info][gc,task     ] Adjusting Workers for Old Generation: 1 -> 2
[2026-04-03T03:33:08.267+0600][53.746s][info][gc          ] GC(72) Minor Collection (Allocation Rate)
[2026-04-03T03:33:08.267+0600][53.746s][info][gc,task     ] GC(72) Using 1 Workers for Young Generation
[2026-04-03T03:33:08.267+0600][53.746s][info][gc,phases   ] GC(72) y: Young Generation
[2026-04-03T03:33:08.267+0600][53.747s][info][gc,phases   ] GC(72) y: Pause Mark Start 0.030ms
[2026-04-03T03:33:08.535+0600][54.015s][info][gc,phases   ] GC(69) O: Concurrent Mark 1840.745ms
[2026-04-03T03:33:08.535+0600][54.015s][info][gc,phases   ] GC(69) O: Pause Mark End 0.036ms
[2026-04-03T03:33:08.536+0600][54.015s][info][gc,phases   ] GC(69) O: Concurrent Mark Free 0.003ms
[2026-04-03T03:33:08.551+0600][54.031s][info][gc,phases   ] GC(69) O: Concurrent Process Non-Strong 15.664ms
[2026-04-03T03:33:08.551+0600][54.031s][info][gc,phases   ] GC(69) O: Concurrent Reset Relocation Set 0.008ms
[2026-04-03T03:33:08.566+0600][54.045s][info][gc,phases   ] GC(69) O: Concurrent Select Relocation Set 14.092ms
[2026-04-03T03:33:08.569+0600][54.049s][info][gc,phases   ] GC(72) y: Concurrent Mark 301.495ms
[2026-04-03T03:33:08.569+0600][54.049s][info][gc,phases   ] GC(72) y: Pause Mark End 0.031ms
[2026-04-03T03:33:08.569+0600][54.049s][info][gc,phases   ] GC(72) y: Concurrent Mark Free 0.004ms
[2026-04-03T03:33:08.570+0600][54.049s][info][gc,phases   ] GC(72) y: Concurrent Reset Relocation Set 0.055ms
[2026-04-03T03:33:08.572+0600][54.051s][info][gc,reloc    ] GC(72) y: Using tenuring threshold: 2 (Computed)
[2026-04-03T03:33:08.588+0600][54.068s][info][gc,phases   ] GC(72) y: Concurrent Select Relocation Set 18.704ms
[2026-04-03T03:33:08.589+0600][54.068s][info][gc,phases   ] GC(72) y: Pause Relocate Start 0.024ms
[2026-04-03T03:33:08.667+0600][54.147s][info][gc,phases   ] GC(72) y: Concurrent Relocate 78.109ms
[2026-04-03T03:33:08.667+0600][54.147s][info][gc,alloc    ] GC(72) y:                         Mark Start        Mark End      Relocate Start    Relocate End   
[2026-04-03T03:33:08.667+0600][54.147s][info][gc,alloc    ] GC(72) y: Allocation Stalls:          0                0                0                0         
[2026-04-03T03:33:08.667+0600][54.147s][info][gc,load     ] GC(72) y: Load: 4.45 (37%) / 4.27 (36%) / 4.79 (40%)
[2026-04-03T03:33:08.667+0600][54.147s][info][gc,mmu      ] GC(72) y: MMU: 2ms/87.1%, 5ms/94.8%, 10ms/97.4%, 20ms/98.7%, 50ms/99.4%, 100ms/99.6%
[2026-04-03T03:33:08.667+0600][54.147s][info][gc,marking  ] GC(72) y: Mark: 1 stripe(s), 2 proactive flush(es), 1 terminate flush(es), 0 completion(s), 0 continuation(s) 
[2026-04-03T03:33:08.667+0600][54.147s][info][gc,marking  ] GC(72) y: Mark Stack Usage: 32M
[2026-04-03T03:33:08.667+0600][54.147s][info][gc,nmethod  ] GC(72) y: NMethods: 7017 registered, 784 unregistered
[2026-04-03T03:33:08.667+0600][54.147s][info][gc,metaspace] GC(72) y: Metaspace: 71M used, 72M committed, 1088M reserved
[2026-04-03T03:33:08.667+0600][54.147s][info][gc,reloc    ] GC(72) y:                        Candidates     Selected     In-Place         Size        Empty    Relocated 
[2026-04-03T03:33:08.667+0600][54.147s][info][gc,reloc    ] GC(72) y: Small Pages:                   84           54            0         168M          38M          12M 
[2026-04-03T03:33:08.667+0600][54.147s][info][gc,reloc    ] GC(72) y: Medium Pages:                   2            0            0          64M          64M           0M 
[2026-04-03T03:33:08.667+0600][54.147s][info][gc,reloc    ] GC(72) y: Large Pages:                    4            0            0          24M           6M           0M 
[2026-04-03T03:33:08.667+0600][54.147s][info][gc,reloc    ] GC(72) y: Forwarding Usage: 18M
[2026-04-03T03:33:08.667+0600][54.147s][info][gc,reloc    ] GC(72) y: Age Table:
[2026-04-03T03:33:08.667+0600][54.147s][info][gc,reloc    ] GC(72) y:                    Live             Garbage             Small              Medium             Large        
[2026-04-03T03:33:08.667+0600][54.147s][info][gc,reloc    ] GC(72) y: Eden              36M (2%)          183M (10%)         82 / 53             1 / 0              4 / 0        
[2026-04-03T03:33:08.667+0600][54.147s][info][gc,reloc    ] GC(72) y: Survivor 1         0M (0%)           35M (2%)           2 / 1              1 / 0              0 / 0        
[2026-04-03T03:33:08.667+0600][54.147s][info][gc,heap     ] GC(72) y: Min Capacity: 8M(0%)
[2026-04-03T03:33:08.667+0600][54.147s][info][gc,heap     ] GC(72) y: Max Capacity: 1750M(100%)
[2026-04-03T03:33:08.667+0600][54.147s][info][gc,heap     ] GC(72) y: Soft Max Capacity: 1750M(100%)
[2026-04-03T03:33:08.667+0600][54.147s][info][gc,heap     ] GC(72) y: Heap Statistics:
[2026-04-03T03:33:08.667+0600][54.147s][info][gc,heap     ] GC(72) y:                Mark Start          Mark End        Relocate Start      Relocate End           High               Low         
[2026-04-03T03:33:08.667+0600][54.147s][info][gc,heap     ] GC(72) y:  Capacity:     1750M (100%)       1750M (100%)       1750M (100%)       1750M (100%)       1750M (100%)       1750M (100%)   
[2026-04-03T03:33:08.667+0600][54.147s][info][gc,heap     ] GC(72) y:      Free:      940M (54%)         758M (43%)         844M (48%)         842M (48%)         940M (54%)         754M (43%)    
[2026-04-03T03:33:08.667+0600][54.147s][info][gc,heap     ] GC(72) y:      Used:      810M (46%)         992M (57%)         906M (52%)         908M (52%)         996M (57%)         810M (46%)    
[2026-04-03T03:33:08.667+0600][54.147s][info][gc,heap     ] GC(72) y: Young Generation Statistics:
[2026-04-03T03:33:08.667+0600][54.147s][info][gc,heap     ] GC(72) y:                Mark Start          Mark End        Relocate Start      Relocate End    
[2026-04-03T03:33:08.668+0600][54.147s][info][gc,heap     ] GC(72) y:      Used:      256M (15%)         438M (25%)         352M (20%)         354M (20%)    
[2026-04-03T03:33:08.668+0600][54.147s][info][gc,heap     ] GC(72) y:      Live:         -                36M (2%)           36M (2%)           36M (2%)     
[2026-04-03T03:33:08.668+0600][54.147s][info][gc,heap     ] GC(72) y:   Garbage:         -               219M (13%)         111M (6%)            1M (0%)     
[2026-04-03T03:33:08.668+0600][54.147s][info][gc,heap     ] GC(72) y: Allocated:         -               182M (10%)         204M (12%)         316M (18%)    
[2026-04-03T03:33:08.668+0600][54.147s][info][gc,heap     ] GC(72) y: Reclaimed:         -                  -               108M (6%)          218M (12%)    
[2026-04-03T03:33:08.668+0600][54.147s][info][gc,heap     ] GC(72) y:  Promoted:         -                  -                 0M (0%)            0M (0%)     
[2026-04-03T03:33:08.668+0600][54.147s][info][gc,heap     ] GC(72) y: Compacted:         -                  -                  -                17M (1%)     
[2026-04-03T03:33:08.668+0600][54.147s][info][gc,phases   ] GC(72) y: Young Generation 810M(46%)->908M(52%) 0.400s
[2026-04-03T03:33:08.668+0600][54.147s][info][gc          ] GC(72) Minor Collection (Allocation Rate) 810M(46%)->908M(52%) 0.401s
[2026-04-03T03:33:08.668+0600][54.147s][info][gc,task     ] GC(69) O: Using 3 Workers for Old Generation
[2026-04-03T03:33:08.694+0600][54.174s][info][gc,task     ] GC(69) O: Using 2 Workers for Old Generation
[2026-04-03T03:33:08.695+0600][54.174s][info][gc,phases   ] GC(69) O: Concurrent Remap Roots 26.843ms
[2026-04-03T03:33:08.695+0600][54.174s][info][gc,phases   ] GC(69) O: Pause Relocate Start 0.039ms
[2026-04-03T03:33:08.695+0600][54.175s][info][gc          ] GC(73) Minor Collection (Allocation Rate)
[2026-04-03T03:33:08.695+0600][54.175s][info][gc,task     ] GC(73) Using 1 Workers for Young Generation
[2026-04-03T03:33:08.695+0600][54.175s][info][gc,phases   ] GC(73) y: Young Generation
[2026-04-03T03:33:08.696+0600][54.175s][info][gc,phases   ] GC(73) y: Pause Mark Start 0.153ms
[2026-04-03T03:33:08.772+0600][54.252s][info][gc,phases   ] GC(69) O: Concurrent Relocate 77.112ms
[2026-04-03T03:33:08.777+0600][54.257s][info][gc,task     ] Adjusting Workers for Young Generation: 1 -> 3
[2026-04-03T03:33:09.091+0600][54.571s][info][gc,phases   ] GC(73) y: Concurrent Mark 395.028ms
[2026-04-03T03:33:09.091+0600][54.571s][info][gc,phases   ] GC(73) y: Pause Mark End 0.029ms
[2026-04-03T03:33:09.092+0600][54.571s][info][gc,phases   ] GC(73) y: Concurrent Mark Free 0.001ms
[2026-04-03T03:33:09.092+0600][54.571s][info][gc,phases   ] GC(73) y: Concurrent Reset Relocation Set 0.018ms
[2026-04-03T03:33:09.094+0600][54.574s][info][gc,reloc    ] GC(73) y: Using tenuring threshold: 2 (Computed)
[2026-04-03T03:33:09.109+0600][54.588s][info][gc,phases   ] GC(73) y: Concurrent Select Relocation Set 17.078ms
[2026-04-03T03:33:09.109+0600][54.589s][info][gc,phases   ] GC(73) y: Pause Relocate Start 0.030ms
[2026-04-03T03:33:09.205+0600][54.685s][info][gc,phases   ] GC(73) y: Concurrent Relocate 96.164ms
[2026-04-03T03:33:09.205+0600][54.685s][info][gc,alloc    ] GC(73) y:                         Mark Start        Mark End      Relocate Start    Relocate End   
[2026-04-03T03:33:09.205+0600][54.685s][info][gc,alloc    ] GC(73) y: Allocation Stalls:          0                0                0                0         
[2026-04-03T03:33:09.205+0600][54.685s][info][gc,load     ] GC(73) y: Load: 4.45 (37%) / 4.27 (36%) / 4.79 (40%)
[2026-04-03T03:33:09.205+0600][54.685s][info][gc,mmu      ] GC(73) y: MMU: 2ms/87.1%, 5ms/94.8%, 10ms/97.4%, 20ms/98.7%, 50ms/99.4%, 100ms/99.6%
[2026-04-03T03:33:09.206+0600][54.685s][info][gc,marking  ] GC(73) y: Mark: 1 stripe(s), 10 proactive flush(es), 1 terminate flush(es), 0 completion(s), 0 continuation(s) 
[2026-04-03T03:33:09.206+0600][54.685s][info][gc,marking  ] GC(73) y: Mark Stack Usage: 32M
[2026-04-03T03:33:09.206+0600][54.685s][info][gc,nmethod  ] GC(73) y: NMethods: 7022 registered, 784 unregistered
[2026-04-03T03:33:09.206+0600][54.685s][info][gc,metaspace] GC(73) y: Metaspace: 71M used, 72M committed, 1088M reserved
[2026-04-03T03:33:09.206+0600][54.685s][info][gc,reloc    ] GC(73) y:                        Candidates     Selected     In-Place         Size        Empty    Relocated 
[2026-04-03T03:33:09.206+0600][54.685s][info][gc,reloc    ] GC(73) y: Small Pages:                  141           96            0         282M           2M          36M 
[2026-04-03T03:33:09.206+0600][54.685s][info][gc,reloc    ] GC(73) y: Medium Pages:                   1            0            0          32M          32M           0M 
[2026-04-03T03:33:09.206+0600][54.685s][info][gc,reloc    ] GC(73) y: Large Pages:                   10            0            0          76M          18M           0M 
[2026-04-03T03:33:09.206+0600][54.685s][info][gc,reloc    ] GC(73) y: Forwarding Usage: 46M
[2026-04-03T03:33:09.206+0600][54.685s][info][gc,reloc    ] GC(73) y: Age Table:
[2026-04-03T03:33:09.206+0600][54.685s][info][gc,reloc    ] GC(73) y:                    Live             Garbage             Small              Medium             Large        
[2026-04-03T03:33:09.206+0600][54.685s][info][gc,reloc    ] GC(73) y: Eden             121M (7%)          222M (13%)        127 / 89             1 / 0              7 / 0        
[2026-04-03T03:33:09.206+0600][54.685s][info][gc,reloc    ] GC(73) y: Survivor 1        10M (1%)           33M (2%)          13 / 7              0 / 0              3 / 0        
[2026-04-03T03:33:09.206+0600][54.685s][info][gc,reloc    ] GC(73) y: Survivor 2          -                 2M (0%)           1 / 0              0 / 0              0 / 0        
[2026-04-03T03:33:09.206+0600][54.685s][info][gc,heap     ] GC(73) y: Min Capacity: 8M(0%)
[2026-04-03T03:33:09.206+0600][54.685s][info][gc,heap     ] GC(73) y: Max Capacity: 1750M(100%)
[2026-04-03T03:33:09.206+0600][54.685s][info][gc,heap     ] GC(73) y: Soft Max Capacity: 1750M(100%)
[2026-04-03T03:33:09.206+0600][54.685s][info][gc,heap     ] GC(73) y: Heap Statistics:
[2026-04-03T03:33:09.206+0600][54.685s][info][gc,heap     ] GC(73) y:                Mark Start          Mark End        Relocate Start      Relocate End           High               Low         
[2026-04-03T03:33:09.206+0600][54.685s][info][gc,heap     ] GC(73) y:  Capacity:     1750M (100%)       1750M (100%)       1750M (100%)       1750M (100%)       1750M (100%)       1750M (100%)   
[2026-04-03T03:33:09.206+0600][54.685s][info][gc,heap     ] GC(73) y:      Free:      804M (46%)         474M (27%)         502M (29%)         612M (35%)         822M (47%)         468M (27%)    
[2026-04-03T03:33:09.206+0600][54.685s][info][gc,heap     ] GC(73) y:      Used:      946M (54%)        1276M (73%)        1248M (71%)        1138M (65%)        1282M (73%)         928M (53%)    
[2026-04-03T03:33:09.206+0600][54.685s][info][gc,heap     ] GC(73) y: Young Generation Statistics:
[2026-04-03T03:33:09.206+0600][54.685s][info][gc,heap     ] GC(73) y:                Mark Start          Mark End        Relocate Start      Relocate End    
[2026-04-03T03:33:09.206+0600][54.685s][info][gc,heap     ] GC(73) y:      Used:      390M (22%)         748M (43%)         720M (41%)         610M (35%)    
[2026-04-03T03:33:09.206+0600][54.685s][info][gc,heap     ] GC(73) y:      Live:         -               131M (8%)          131M (8%)          131M (8%)     
[2026-04-03T03:33:09.206+0600][54.685s][info][gc,heap     ] GC(73) y:   Garbage:         -               258M (15%)         206M (12%)           2M (0%)     
[2026-04-03T03:33:09.206+0600][54.686s][info][gc,heap     ] GC(73) y: Allocated:         -               358M (20%)         382M (22%)         476M (27%)    
[2026-04-03T03:33:09.206+0600][54.686s][info][gc,heap     ] GC(73) y: Reclaimed:         -                  -                52M (3%)          256M (15%)    
[2026-04-03T03:33:09.206+0600][54.686s][info][gc,heap     ] GC(73) y:  Promoted:         -                  -                 0M (0%)            0M (0%)     
[2026-04-03T03:33:09.206+0600][54.686s][info][gc,heap     ] GC(73) y: Compacted:         -                  -                  -                67M (4%)     
[2026-04-03T03:33:09.206+0600][54.686s][info][gc,phases   ] GC(73) y: Young Generation 946M(54%)->1138M(65%) 0.510s
[2026-04-03T03:33:09.206+0600][54.686s][info][gc          ] GC(73) Minor Collection (Allocation Rate) 946M(54%)->1138M(65%) 0.511s
[2026-04-03T03:33:09.206+0600][54.686s][info][gc,alloc    ] GC(69) O:                         Mark Start        Mark End      Relocate Start    Relocate End   
[2026-04-03T03:33:09.206+0600][54.686s][info][gc,alloc    ] GC(69) O: Allocation Stalls:          0                0                0                0         
[2026-04-03T03:33:09.206+0600][54.686s][info][gc,load     ] GC(69) O: Load: 4.45 (37%) / 4.27 (36%) / 4.79 (40%)
[2026-04-03T03:33:09.206+0600][54.686s][info][gc,mmu      ] GC(69) O: MMU: 2ms/87.1%, 5ms/94.8%, 10ms/97.4%, 20ms/98.7%, 50ms/99.4%, 100ms/99.6%
[2026-04-03T03:33:09.206+0600][54.686s][info][gc,marking  ] GC(69) O: Mark: 1 stripe(s), 3 proactive flush(es), 1 terminate flush(es), 0 completion(s), 0 continuation(s) 
[2026-04-03T03:33:09.206+0600][54.686s][info][gc,marking  ] GC(69) O: Mark Stack Usage: 32M
[2026-04-03T03:33:09.206+0600][54.686s][info][gc,nmethod  ] GC(69) O: NMethods: 7022 registered, 784 unregistered
[2026-04-03T03:33:09.206+0600][54.686s][info][gc,metaspace] GC(69) O: Metaspace: 71M used, 72M committed, 1088M reserved
[2026-04-03T03:33:09.206+0600][54.686s][info][gc,ref      ] GC(69) O:                       Encountered   Discovered     Enqueued 
[2026-04-03T03:33:09.206+0600][54.686s][info][gc,ref      ] GC(69) O: Soft References:             5086            0            0 
[2026-04-03T03:33:09.206+0600][54.686s][info][gc,ref      ] GC(69) O: Weak References:             6923         5201           19 
[2026-04-03T03:33:09.206+0600][54.686s][info][gc,ref      ] GC(69) O: Final References:              84            0            0 
[2026-04-03T03:33:09.206+0600][54.686s][info][gc,ref      ] GC(69) O: Phantom References:           599          227            0 
[2026-04-03T03:33:09.206+0600][54.686s][info][gc,reloc    ] GC(69) O:                        Candidates     Selected     In-Place         Size        Empty    Relocated 
[2026-04-03T03:33:09.206+0600][54.686s][info][gc,reloc    ] GC(69) O: Small Pages:                  167           15            0         334M           0M           6M 
[2026-04-03T03:33:09.206+0600][54.686s][info][gc,reloc    ] GC(69) O: Medium Pages:                   1            0            0          32M           0M           0M 
[2026-04-03T03:33:09.206+0600][54.686s][info][gc,reloc    ] GC(69) O: Large Pages:                    6            0            0          60M           0M           0M 
[2026-04-03T03:33:09.206+0600][54.686s][info][gc,reloc    ] GC(69) O: Forwarding Usage: 18M
[2026-04-03T03:33:09.206+0600][54.686s][info][gc,heap     ] GC(69) O: Min Capacity: 8M(0%)
[2026-04-03T03:33:09.206+0600][54.686s][info][gc,heap     ] GC(69) O: Max Capacity: 1750M(100%)
[2026-04-03T03:33:09.207+0600][54.686s][info][gc,heap     ] GC(69) O: Soft Max Capacity: 1750M(100%)
[2026-04-03T03:33:09.207+0600][54.686s][info][gc,heap     ] GC(69) O: Heap Statistics:
[2026-04-03T03:33:09.207+0600][54.686s][info][gc,heap     ] GC(69) O:                Mark Start          Mark End        Relocate Start      Relocate End           High               Low         
[2026-04-03T03:33:09.207+0600][54.686s][info][gc,heap     ] GC(69) O:  Capacity:     1750M (100%)       1750M (100%)       1750M (100%)       1750M (100%)       1750M (100%)       1750M (100%)   
[2026-04-03T03:33:09.207+0600][54.686s][info][gc,heap     ] GC(69) O:      Free:      928M (53%)         784M (45%)         806M (46%)         760M (43%)        1146M (65%)         620M (35%)    
[2026-04-03T03:33:09.207+0600][54.686s][info][gc,heap     ] GC(69) O:      Used:      822M (47%)         966M (55%)         944M (54%)         990M (57%)        1130M (65%)         604M (35%)    
[2026-04-03T03:33:09.207+0600][54.686s][info][gc,heap     ] GC(69) O: Old Generation Statistics:
[2026-04-03T03:33:09.207+0600][54.686s][info][gc,heap     ] GC(69) O:                Mark Start          Mark End        Relocate Start      Relocate End    
[2026-04-03T03:33:09.207+0600][54.686s][info][gc,heap     ] GC(69) O:      Used:      426M (24%)         554M (32%)         554M (32%)         528M (30%)    
[2026-04-03T03:33:09.207+0600][54.686s][info][gc,heap     ] GC(69) O:      Live:         -               363M (21%)         363M (21%)         363M (21%)    
[2026-04-03T03:33:09.207+0600][54.686s][info][gc,heap     ] GC(69) O:   Garbage:         -                62M (4%)           62M (4%)           28M (2%)     
[2026-04-03T03:33:09.207+0600][54.686s][info][gc,heap     ] GC(69) O: Allocated:         -               128M (7%)          128M (7%)          135M (8%)     
[2026-04-03T03:33:09.207+0600][54.686s][info][gc,heap     ] GC(69) O: Reclaimed:         -                  -                 0M (0%)           33M (2%)     
[2026-04-03T03:33:09.207+0600][54.686s][info][gc,heap     ] GC(69) O: Compacted:         -                  -                  -                22M (1%)     
[2026-04-03T03:33:09.207+0600][54.686s][info][gc,phases   ] GC(69) O: Old Generation 872M(50%)->990M(57%) 2.512s
[2026-04-03T03:33:09.207+0600][54.686s][info][gc          ] GC(69) Major Collection (Allocation Rate) 822M(47%)->1140M(65%) 2.914s
[2026-04-03T03:33:09.217+0600][54.696s][info][gc          ] GC(74) Major Collection (Allocation Rate)
[2026-04-03T03:33:09.217+0600][54.696s][info][gc,task     ] GC(74) Using 3 Workers for Young Generation
[2026-04-03T03:33:09.217+0600][54.696s][info][gc,task     ] GC(74) Using 1 Workers for Old Generation
[2026-04-03T03:33:09.217+0600][54.696s][info][gc,phases   ] GC(74) Y: Young Generation
[2026-04-03T03:33:09.217+0600][54.696s][info][gc,phases   ] GC(74) Y: Pause Mark Start (Major) 0.041ms
[2026-04-03T03:33:09.574+0600][55.054s][info][gc,phases   ] GC(74) Y: Concurrent Mark 357.077ms
[2026-04-03T03:33:09.574+0600][55.054s][info][gc,phases   ] GC(74) Y: Pause Mark End 0.040ms
[2026-04-03T03:33:09.575+0600][55.054s][info][gc,phases   ] GC(74) Y: Concurrent Mark Free 0.003ms
[2026-04-03T03:33:09.575+0600][55.054s][info][gc,phases   ] GC(74) Y: Concurrent Reset Relocation Set 0.034ms
[2026-04-03T03:33:09.577+0600][55.057s][info][gc,reloc    ] GC(74) Y: Using tenuring threshold: 3 (Computed)
[2026-04-03T03:33:09.587+0600][55.067s][info][gc,phases   ] GC(74) Y: Concurrent Select Relocation Set 12.373ms
[2026-04-03T03:33:09.587+0600][55.067s][info][gc,phases   ] GC(74) Y: Pause Relocate Start 0.033ms
[2026-04-03T03:33:09.690+0600][55.170s][info][gc,phases   ] GC(74) Y: Concurrent Relocate 102.496ms
[2026-04-03T03:33:09.690+0600][55.170s][info][gc,alloc    ] GC(74) Y:                         Mark Start        Mark End      Relocate Start    Relocate End   
[2026-04-03T03:33:09.690+0600][55.170s][info][gc,alloc    ] GC(74) Y: Allocation Stalls:          0                0                0                0         
[2026-04-03T03:33:09.690+0600][55.170s][info][gc,load     ] GC(74) Y: Load: 4.45 (37%) / 4.27 (36%) / 4.79 (40%)
[2026-04-03T03:33:09.690+0600][55.170s][info][gc,mmu      ] GC(74) Y: MMU: 2ms/87.1%, 5ms/94.8%, 10ms/97.4%, 20ms/98.7%, 50ms/99.4%, 100ms/99.6%
[2026-04-03T03:33:09.690+0600][55.170s][info][gc,marking  ] GC(74) Y: Mark: 2 stripe(s), 10 proactive flush(es), 1 terminate flush(es), 0 completion(s), 0 continuation(s) 
[2026-04-03T03:33:09.690+0600][55.170s][info][gc,marking  ] GC(74) Y: Mark Stack Usage: 32M
[2026-04-03T03:33:09.691+0600][55.170s][info][gc,nmethod  ] GC(74) Y: NMethods: 7022 registered, 784 unregistered
[2026-04-03T03:33:09.691+0600][55.170s][info][gc,metaspace] GC(74) Y: Metaspace: 71M used, 72M committed, 1088M reserved
[2026-04-03T03:33:09.691+0600][55.170s][info][gc,reloc    ] GC(74) Y:                        Candidates     Selected     In-Place         Size        Empty    Relocated 
[2026-04-03T03:33:09.691+0600][55.170s][info][gc,reloc    ] GC(74) Y: Small Pages:                  249          182            0         498M           0M          45M 
[2026-04-03T03:33:09.691+0600][55.170s][info][gc,reloc    ] GC(74) Y: Medium Pages:                   1            0            0          32M           0M           0M 
[2026-04-03T03:33:09.691+0600][55.170s][info][gc,reloc    ] GC(74) Y: Large Pages:                   11            0            0          90M          48M           0M 
[2026-04-03T03:33:09.691+0600][55.170s][info][gc,reloc    ] GC(74) Y: Forwarding Usage: 54M
[2026-04-03T03:33:09.691+0600][55.170s][info][gc,reloc    ] GC(74) Y: Age Table:
[2026-04-03T03:33:09.691+0600][55.170s][info][gc,reloc    ] GC(74) Y:                    Live             Garbage             Small              Medium             Large        
[2026-04-03T03:33:09.691+0600][55.170s][info][gc,reloc    ] GC(74) Y: Eden             101M (6%)          366M (21%)        202 / 161            1 / 0              4 / 0        
[2026-04-03T03:33:09.691+0600][55.170s][info][gc,reloc    ] GC(74) Y: Survivor 1        58M (3%)           73M (4%)          37 / 12             0 / 0              7 / 0        
[2026-04-03T03:33:09.691+0600][55.170s][info][gc,reloc    ] GC(74) Y: Survivor 2         1M (0%)           18M (1%)          10 / 9              0 / 0              0 / 0        
[2026-04-03T03:33:09.691+0600][55.170s][info][gc,heap     ] GC(74) Y: Min Capacity: 8M(0%)
[2026-04-03T03:33:09.691+0600][55.170s][info][gc,heap     ] GC(74) Y: Max Capacity: 1750M(100%)
[2026-04-03T03:33:09.691+0600][55.170s][info][gc,heap     ] GC(74) Y: Soft Max Capacity: 1750M(100%)
[2026-04-03T03:33:09.691+0600][55.170s][info][gc,heap     ] GC(74) Y: Heap Statistics:
[2026-04-03T03:33:09.691+0600][55.170s][info][gc,heap     ] GC(74) Y:                Mark Start          Mark End        Relocate Start      Relocate End           High               Low         
[2026-04-03T03:33:09.691+0600][55.170s][info][gc,heap     ] GC(74) Y:  Capacity:     1750M (100%)       1750M (100%)       1750M (100%)       1750M (100%)       1750M (100%)       1750M (100%)   
[2026-04-03T03:33:09.691+0600][55.170s][info][gc,heap     ] GC(74) Y:      Free:      602M (34%)         304M (17%)         344M (20%)         636M (36%)         636M (36%)         302M (17%)    
[2026-04-03T03:33:09.691+0600][55.170s][info][gc,heap     ] GC(74) Y:      Used:     1148M (66%)        1446M (83%)        1406M (80%)        1114M (64%)        1448M (83%)        1114M (64%)    
[2026-04-03T03:33:09.691+0600][55.170s][info][gc,heap     ] GC(74) Y: Young Generation Statistics:
[2026-04-03T03:33:09.691+0600][55.170s][info][gc,heap     ] GC(74) Y:                Mark Start          Mark End        Relocate Start      Relocate End    
[2026-04-03T03:33:09.691+0600][55.170s][info][gc,heap     ] GC(74) Y:      Used:      620M (35%)         918M (52%)         878M (50%)         586M (33%)    
[2026-04-03T03:33:09.691+0600][55.170s][info][gc,heap     ] GC(74) Y:      Live:         -               161M (9%)          161M (9%)          161M (9%)     
[2026-04-03T03:33:09.691+0600][55.170s][info][gc,heap     ] GC(74) Y:   Garbage:         -               458M (26%)         410M (23%)          31M (2%)     
[2026-04-03T03:33:09.691+0600][55.170s][info][gc,heap     ] GC(74) Y: Allocated:         -               298M (17%)         306M (17%)         393M (22%)    
[2026-04-03T03:33:09.691+0600][55.171s][info][gc,heap     ] GC(74) Y: Reclaimed:         -                  -                48M (3%)          427M (24%)    
[2026-04-03T03:33:09.691+0600][55.171s][info][gc,heap     ] GC(74) Y:  Promoted:         -                  -                 0M (0%)            0M (0%)     
[2026-04-03T03:33:09.691+0600][55.171s][info][gc,heap     ] GC(74) Y: Compacted:         -                  -                  -                80M (5%)     
[2026-04-03T03:33:09.691+0600][55.171s][info][gc,phases   ] GC(74) Y: Young Generation 1146M(65%)->1114M(64%) 0.474s
[2026-04-03T03:33:09.691+0600][55.171s][info][gc,phases   ] GC(74) O: Old Generation
[2026-04-03T03:33:09.692+0600][55.171s][info][gc          ] GC(75) Minor Collection (Allocation Rate)
[2026-04-03T03:33:09.692+0600][55.171s][info][gc,task     ] GC(75) Using 2 Workers for Young Generation
[2026-04-03T03:33:09.692+0600][55.171s][info][gc,phases   ] GC(75) y: Young Generation
[2026-04-03T03:33:09.695+0600][55.175s][info][gc,phases   ] GC(75) y: Pause Mark Start 0.045ms
[2026-04-03T03:33:10.320+0600][55.800s][info][gc,phases   ] GC(75) y: Concurrent Mark 624.805ms
[2026-04-03T03:33:10.321+0600][55.800s][info][gc,phases   ] GC(75) y: Pause Mark End 0.041ms
[2026-04-03T03:33:10.321+0600][55.801s][info][gc,phases   ] GC(75) y: Concurrent Mark Free 0.002ms
[2026-04-03T03:33:10.321+0600][55.801s][info][gc,phases   ] GC(75) y: Concurrent Reset Relocation Set 0.065ms
[2026-04-03T03:33:10.328+0600][55.807s][info][gc,reloc    ] GC(75) y: Using tenuring threshold: 1 (Computed)
[2026-04-03T03:33:10.457+0600][55.937s][info][gc,phases   ] GC(75) y: Concurrent Select Relocation Set 135.840ms
[2026-04-03T03:33:10.457+0600][55.937s][info][gc,phases   ] GC(75) y: Pause Relocate Start 0.033ms
[2026-04-03T03:33:10.740+0600][56.219s][info][gc,phases   ] GC(75) y: Concurrent Relocate 282.279ms
[2026-04-03T03:33:10.740+0600][56.220s][info][gc,alloc    ] GC(75) y:                         Mark Start        Mark End      Relocate Start    Relocate End   
[2026-04-03T03:33:10.740+0600][56.220s][info][gc,alloc    ] GC(75) y: Allocation Stalls:          0                0                0                0         
[2026-04-03T03:33:10.740+0600][56.220s][info][gc,load     ] GC(75) y: Load: 4.57 (38%) / 4.30 (36%) / 4.79 (40%)
[2026-04-03T03:33:10.740+0600][56.220s][info][gc,mmu      ] GC(75) y: MMU: 2ms/87.1%, 5ms/94.8%, 10ms/97.4%, 20ms/98.7%, 50ms/99.4%, 100ms/99.6%
[2026-04-03T03:33:10.740+0600][56.220s][info][gc,marking  ] GC(75) y: Mark: 2 stripe(s), 2 proactive flush(es), 1 terminate flush(es), 0 completion(s), 0 continuation(s) 
[2026-04-03T03:33:10.740+0600][56.220s][info][gc,marking  ] GC(75) y: Mark Stack Usage: 32M
[2026-04-03T03:33:10.740+0600][56.220s][info][gc,nmethod  ] GC(75) y: NMethods: 7022 registered, 784 unregistered
[2026-04-03T03:33:10.740+0600][56.220s][info][gc,metaspace] GC(75) y: Metaspace: 71M used, 72M committed, 1088M reserved
[2026-04-03T03:33:10.740+0600][56.220s][info][gc,reloc    ] GC(75) y:                        Candidates     Selected     In-Place         Size        Empty    Relocated 
[2026-04-03T03:33:10.740+0600][56.220s][info][gc,reloc    ] GC(75) y: Small Pages:                  245          170            0         490M           0M          27M 
[2026-04-03T03:33:10.740+0600][56.220s][info][gc,reloc    ] GC(75) y: Medium Pages:                   1            0            0          32M          32M           0M 
[2026-04-03T03:33:10.740+0600][56.220s][info][gc,reloc    ] GC(75) y: Large Pages:                    8            0            0          68M          12M           0M 
[2026-04-03T03:33:10.740+0600][56.220s][info][gc,reloc    ] GC(75) y: Forwarding Usage: 24M
[2026-04-03T03:33:10.740+0600][56.220s][info][gc,reloc    ] GC(75) y: Age Table:
[2026-04-03T03:33:10.740+0600][56.220s][info][gc,reloc    ] GC(75) y:                    Live             Garbage             Small              Medium             Large        
[2026-04-03T03:33:10.740+0600][56.220s][info][gc,reloc    ] GC(75) y: Eden              52M (3%)          317M (18%)        172 / 157            0 / 0              3 / 0        
[2026-04-03T03:33:10.740+0600][56.220s][info][gc,reloc    ] GC(75) y: Survivor 1        84M (5%)           55M (3%)          38 / 4              1 / 0              4 / 0        
[2026-04-03T03:33:10.740+0600][56.220s][info][gc,reloc    ] GC(75) y: Survivor 2        58M (3%)            9M (1%)          29 / 4              0 / 0              1 / 0        
[2026-04-03T03:33:10.740+0600][56.220s][info][gc,reloc    ] GC(75) y: Survivor 3         1M (0%)           10M (1%)           6 / 5              0 / 0              0 / 0        
[2026-04-03T03:33:10.740+0600][56.220s][info][gc,heap     ] GC(75) y: Min Capacity: 8M(0%)
[2026-04-03T03:33:10.740+0600][56.220s][info][gc,heap     ] GC(75) y: Max Capacity: 1750M(100%)
[2026-04-03T03:33:10.740+0600][56.220s][info][gc,heap     ] GC(75) y: Soft Max Capacity: 1750M(100%)
[2026-04-03T03:33:10.740+0600][56.220s][info][gc,heap     ] GC(75) y: Heap Statistics:
[2026-04-03T03:33:10.740+0600][56.220s][info][gc,heap     ] GC(75) y:                Mark Start          Mark End        Relocate Start      Relocate End           High               Low         
[2026-04-03T03:33:10.740+0600][56.220s][info][gc,heap     ] GC(75) y:  Capacity:     1750M (100%)       1750M (100%)       1750M (100%)       1750M (100%)       1750M (100%)       1750M (100%)   
[2026-04-03T03:33:10.740+0600][56.220s][info][gc,heap     ] GC(75) y:      Free:      632M (36%)         154M (9%)          108M (6%)          252M (14%)         632M (36%)          92M (5%)     
[2026-04-03T03:33:10.740+0600][56.220s][info][gc,heap     ] GC(75) y:      Used:     1118M (64%)        1596M (91%)        1642M (94%)        1498M (86%)        1658M (95%)        1118M (64%)    
[2026-04-03T03:33:10.740+0600][56.220s][info][gc,heap     ] GC(75) y: Young Generation Statistics:
[2026-04-03T03:33:10.740+0600][56.220s][info][gc,heap     ] GC(75) y:                Mark Start          Mark End        Relocate Start      Relocate End    
[2026-04-03T03:33:10.740+0600][56.220s][info][gc,heap     ] GC(75) y:      Used:      590M (34%)        1068M (61%)         970M (55%)         814M (47%)    
[2026-04-03T03:33:10.740+0600][56.220s][info][gc,heap     ] GC(75) y:      Live:         -               196M (11%)          57M (3%)           52M (3%)     
[2026-04-03T03:33:10.740+0600][56.220s][info][gc,heap     ] GC(75) y:   Garbage:         -               393M (22%)         344M (20%)           0M (0%)     
[2026-04-03T03:33:10.740+0600][56.220s][info][gc,heap     ] GC(75) y: Allocated:         -               478M (27%)         568M (32%)         761M (44%)    
[2026-04-03T03:33:10.740+0600][56.220s][info][gc,heap     ] GC(75) y: Reclaimed:         -                  -                48M (3%)          393M (22%)    
[2026-04-03T03:33:10.740+0600][56.220s][info][gc,heap     ] GC(75) y:  Promoted:         -                  -               139M (8%)          144M (8%)     
[2026-04-03T03:33:10.740+0600][56.220s][info][gc,heap     ] GC(75) y: Compacted:         -                  -                  -                26M (2%)     
[2026-04-03T03:33:10.740+0600][56.220s][info][gc,phases   ] GC(75) y: Young Generation 1114M(64%)->1498M(86%) 1.048s
[2026-04-03T03:33:10.740+0600][56.220s][info][gc          ] GC(75) Minor Collection (Allocation Rate) 1114M(64%)->1498M(86%) 1.049s
[2026-04-03T03:33:10.741+0600][56.220s][info][gc          ] GC(76) Minor Collection (Allocation Rate)
[2026-04-03T03:33:10.741+0600][56.220s][info][gc,task     ] GC(76) Using 2 Workers for Young Generation
[2026-04-03T03:33:10.741+0600][56.220s][info][gc,phases   ] GC(76) y: Young Generation
[2026-04-03T03:33:10.741+0600][56.221s][info][gc,phases   ] GC(76) y: Pause Mark Start 0.041ms
[2026-04-03T03:33:10.941+0600][56.421s][info][gc,phases   ] GC(74) O: Concurrent Mark 1249.981ms
[2026-04-03T03:33:10.941+0600][56.421s][info][gc,phases   ] GC(74) O: Pause Mark End 0.041ms
[2026-04-03T03:33:10.941+0600][56.421s][info][gc,phases   ] GC(74) O: Concurrent Mark Free 0.003ms
[2026-04-03T03:33:10.981+0600][56.460s][info][gc,phases   ] GC(74) O: Concurrent Process Non-Strong 39.112ms
[2026-04-03T03:33:10.981+0600][56.460s][info][gc,phases   ] GC(74) O: Concurrent Reset Relocation Set 0.012ms
[2026-04-03T03:33:10.995+0600][56.475s][info][gc,phases   ] GC(74) O: Concurrent Select Relocation Set 14.392ms
[2026-04-03T03:33:11.276+0600][56.756s][info][gc,phases   ] GC(76) y: Concurrent Mark 535.057ms
[2026-04-03T03:33:11.277+0600][56.756s][info][gc,phases   ] GC(76) y: Pause Mark End 0.037ms
[2026-04-03T03:33:11.277+0600][56.757s][info][gc,phases   ] GC(76) y: Concurrent Mark Free 0.003ms
[2026-04-03T03:33:11.277+0600][56.757s][info][gc,phases   ] GC(76) y: Concurrent Reset Relocation Set 0.230ms
[2026-04-03T03:33:11.284+0600][56.763s][info][gc,reloc    ] GC(76) y: Using tenuring threshold: 2 (Computed)
[2026-04-03T03:33:11.298+0600][56.778s][info][gc,phases   ] GC(76) y: Concurrent Select Relocation Set 20.892ms
[2026-04-03T03:33:11.299+0600][56.778s][info][gc,phases   ] GC(76) y: Pause Relocate Start 0.031ms
[2026-04-03T03:33:11.428+0600][56.908s][info][gc,phases   ] GC(76) y: Concurrent Relocate 129.384ms
[2026-04-03T03:33:11.429+0600][56.908s][info][gc,alloc    ] GC(76) y:                         Mark Start        Mark End      Relocate Start    Relocate End   
[2026-04-03T03:33:11.429+0600][56.908s][info][gc,alloc    ] GC(76) y: Allocation Stalls:          0                0                0                0         
[2026-04-03T03:33:11.429+0600][56.908s][info][gc,load     ] GC(76) y: Load: 4.57 (38%) / 4.30 (36%) / 4.79 (40%)
[2026-04-03T03:33:11.429+0600][56.908s][info][gc,mmu      ] GC(76) y: MMU: 2ms/87.1%, 5ms/94.8%, 10ms/97.4%, 20ms/98.7%, 50ms/99.4%, 100ms/99.6%
[2026-04-03T03:33:11.429+0600][56.908s][info][gc,marking  ] GC(76) y: Mark: 2 stripe(s), 5 proactive flush(es), 1 terminate flush(es), 0 completion(s), 0 continuation(s) 
[2026-04-03T03:33:11.429+0600][56.908s][info][gc,marking  ] GC(76) y: Mark Stack Usage: 32M
[2026-04-03T03:33:11.429+0600][56.908s][info][gc,nmethod  ] GC(76) y: NMethods: 7012 registered, 796 unregistered
[2026-04-03T03:33:11.429+0600][56.908s][info][gc,metaspace] GC(76) y: Metaspace: 71M used, 72M committed, 1088M reserved
[2026-04-03T03:33:11.429+0600][56.908s][info][gc,reloc    ] GC(76) y:                        Candidates     Selected     In-Place         Size        Empty    Relocated 
[2026-04-03T03:33:11.429+0600][56.908s][info][gc,reloc    ] GC(76) y: Small Pages:                  371          336            0         742M           0M          37M 
[2026-04-03T03:33:11.429+0600][56.908s][info][gc,reloc    ] GC(76) y: Medium Pages:                   0            0            0           0M           0M           0M 
[2026-04-03T03:33:11.429+0600][56.908s][info][gc,reloc    ] GC(76) y: Large Pages:                    6            0            0          72M           6M           0M 
[2026-04-03T03:33:11.429+0600][56.908s][info][gc,reloc    ] GC(76) y: Forwarding Usage: 42M
[2026-04-03T03:33:11.429+0600][56.908s][info][gc,reloc    ] GC(76) y: Age Table:
[2026-04-03T03:33:11.429+0600][56.908s][info][gc,reloc    ] GC(76) y:                    Live             Garbage             Small              Medium             Large        
[2026-04-03T03:33:11.429+0600][56.908s][info][gc,reloc    ] GC(76) y: Eden              84M (5%)          669M (38%)        354 / 332            0 / 0              3 / 0        
[2026-04-03T03:33:11.429+0600][56.908s][info][gc,reloc    ] GC(76) y: Survivor 1        40M (2%)           19M (1%)          17 / 4              0 / 0              3 / 0        
[2026-04-03T03:33:11.429+0600][56.908s][info][gc,heap     ] GC(76) y: Min Capacity: 8M(0%)
[2026-04-03T03:33:11.429+0600][56.908s][info][gc,heap     ] GC(76) y: Max Capacity: 1750M(100%)
[2026-04-03T03:33:11.429+0600][56.908s][info][gc,heap     ] GC(76) y: Soft Max Capacity: 1750M(100%)
[2026-04-03T03:33:11.429+0600][56.908s][info][gc,heap     ] GC(76) y: Heap Statistics:
[2026-04-03T03:33:11.429+0600][56.908s][info][gc,heap     ] GC(76) y:                Mark Start          Mark End        Relocate Start      Relocate End           High               Low         
[2026-04-03T03:33:11.429+0600][56.908s][info][gc,heap     ] GC(76) y:  Capacity:     1750M (100%)       1750M (100%)       1750M (100%)       1750M (100%)       1750M (100%)       1750M (100%)   
[2026-04-03T03:33:11.429+0600][56.908s][info][gc,heap     ] GC(76) y:      Free:      252M (14%)         250M (14%)         248M (14%)         882M (50%)         882M (50%)         114M (7%)     
[2026-04-03T03:33:11.429+0600][56.908s][info][gc,heap     ] GC(76) y:      Used:     1498M (86%)        1500M (86%)        1502M (86%)         868M (50%)        1636M (93%)         868M (50%)    
[2026-04-03T03:33:11.429+0600][56.908s][info][gc,heap     ] GC(76) y: Young Generation Statistics:
[2026-04-03T03:33:11.429+0600][56.909s][info][gc,heap     ] GC(76) y:                Mark Start          Mark End        Relocate Start      Relocate End    
[2026-04-03T03:33:11.429+0600][56.909s][info][gc,heap     ] GC(76) y:      Used:      814M (47%)        1120M (64%)        1122M (64%)         488M (28%)    
[2026-04-03T03:33:11.429+0600][56.909s][info][gc,heap     ] GC(76) y:      Live:         -               124M (7%)          124M (7%)          124M (7%)     
[2026-04-03T03:33:11.429+0600][56.909s][info][gc,heap     ] GC(76) y:   Garbage:         -               689M (39%)         683M (39%)           5M (0%)     
[2026-04-03T03:33:11.429+0600][56.909s][info][gc,heap     ] GC(76) y: Allocated:         -               306M (17%)         314M (18%)         357M (20%)    
[2026-04-03T03:33:11.429+0600][56.909s][info][gc,heap     ] GC(76) y: Reclaimed:         -                  -                 6M (0%)          683M (39%)    
[2026-04-03T03:33:11.429+0600][56.909s][info][gc,heap     ] GC(76) y:  Promoted:         -                  -                 0M (0%)            0M (0%)     
[2026-04-03T03:33:11.429+0600][56.909s][info][gc,heap     ] GC(76) y: Compacted:         -                  -                  -                40M (2%)     
[2026-04-03T03:33:11.429+0600][56.909s][info][gc,phases   ] GC(76) y: Young Generation 1498M(86%)->868M(50%) 0.688s
[2026-04-03T03:33:11.429+0600][56.909s][info][gc          ] GC(76) Minor Collection (Allocation Rate) 1498M(86%)->870M(50%) 0.689s
[2026-04-03T03:33:11.429+0600][56.909s][info][gc,task     ] GC(74) O: Using 3 Workers for Old Generation
[2026-04-03T03:33:11.458+0600][56.937s][info][gc,task     ] GC(74) O: Using 1 Workers for Old Generation
[2026-04-03T03:33:11.458+0600][56.937s][info][gc,phases   ] GC(74) O: Concurrent Remap Roots 28.498ms
[2026-04-03T03:33:11.458+0600][56.938s][info][gc,phases   ] GC(74) O: Pause Relocate Start 0.056ms
[2026-04-03T03:33:11.459+0600][56.938s][info][gc          ] GC(77) Minor Collection (Allocation Rate)
[2026-04-03T03:33:11.459+0600][56.938s][info][gc,task     ] GC(77) Using 2 Workers for Young Generation
[2026-04-03T03:33:11.459+0600][56.938s][info][gc,phases   ] GC(77) y: Young Generation
[2026-04-03T03:33:11.459+0600][56.939s][info][gc,phases   ] GC(77) y: Pause Mark Start 0.028ms
[2026-04-03T03:33:11.466+0600][56.946s][info][gc,phases   ] GC(74) O: Concurrent Relocate 7.418ms
[2026-04-03T03:33:12.073+0600][57.552s][info][gc,phases   ] GC(77) y: Concurrent Mark 613.367ms
[2026-04-03T03:33:12.073+0600][57.553s][info][gc,phases   ] GC(77) y: Pause Mark End 0.046ms
[2026-04-03T03:33:12.073+0600][57.553s][info][gc,phases   ] GC(77) y: Concurrent Mark Free 0.004ms
[2026-04-03T03:33:12.074+0600][57.553s][info][gc,phases   ] GC(77) y: Concurrent Reset Relocation Set 0.086ms
[2026-04-03T03:33:12.076+0600][57.556s][info][gc,reloc    ] GC(77) y: Using tenuring threshold: 3 (Computed)
[2026-04-03T03:33:12.083+0600][57.562s][info][gc,phases   ] GC(77) y: Concurrent Select Relocation Set 8.885ms
[2026-04-03T03:33:12.083+0600][57.563s][info][gc,phases   ] GC(77) y: Pause Relocate Start 0.031ms
[2026-04-03T03:33:12.145+0600][57.625s][info][gc,phases   ] GC(77) y: Concurrent Relocate 61.749ms
[2026-04-03T03:33:12.145+0600][57.625s][info][gc,alloc    ] GC(77) y:                         Mark Start        Mark End      Relocate Start    Relocate End   
[2026-04-03T03:33:12.145+0600][57.625s][info][gc,alloc    ] GC(77) y: Allocation Stalls:          0                0                0                0         
[2026-04-03T03:33:12.145+0600][57.625s][info][gc,load     ] GC(77) y: Load: 4.57 (38%) / 4.30 (36%) / 4.79 (40%)
[2026-04-03T03:33:12.145+0600][57.625s][info][gc,mmu      ] GC(77) y: MMU: 2ms/87.1%, 5ms/94.8%, 10ms/97.4%, 20ms/98.7%, 50ms/99.4%, 100ms/99.6%
[2026-04-03T03:33:12.145+0600][57.625s][info][gc,marking  ] GC(77) y: Mark: 2 stripe(s), 2 proactive flush(es), 1 terminate flush(es), 0 completion(s), 0 continuation(s) 
[2026-04-03T03:33:12.145+0600][57.625s][info][gc,marking  ] GC(77) y: Mark Stack Usage: 32M
[2026-04-03T03:33:12.145+0600][57.625s][info][gc,nmethod  ] GC(77) y: NMethods: 7015 registered, 796 unregistered
[2026-04-03T03:33:12.145+0600][57.625s][info][gc,metaspace] GC(77) y: Metaspace: 71M used, 72M committed, 1088M reserved
[2026-04-03T03:33:12.145+0600][57.625s][info][gc,reloc    ] GC(77) y:                        Candidates     Selected     In-Place         Size        Empty    Relocated 
[2026-04-03T03:33:12.145+0600][57.625s][info][gc,reloc    ] GC(77) y: Small Pages:                  190          149            0         380M           0M          17M 
[2026-04-03T03:33:12.145+0600][57.625s][info][gc,reloc    ] GC(77) y: Medium Pages:                   1            0            0          32M           0M           0M 
[2026-04-03T03:33:12.145+0600][57.625s][info][gc,reloc    ] GC(77) y: Large Pages:                    6            0            0          84M          30M           0M 
[2026-04-03T03:33:12.145+0600][57.625s][info][gc,reloc    ] GC(77) y: Forwarding Usage: 19M
[2026-04-03T03:33:12.145+0600][57.625s][info][gc,reloc    ] GC(77) y: Age Table:
[2026-04-03T03:33:12.145+0600][57.625s][info][gc,reloc    ] GC(77) y:                    Live             Garbage             Small              Medium             Large        
[2026-04-03T03:33:12.145+0600][57.625s][info][gc,reloc    ] GC(77) y: Eden              35M (2%)          318M (18%)        152 / 142            1 / 0              1 / 0        
[2026-04-03T03:33:12.145+0600][57.625s][info][gc,reloc    ] GC(77) y: Survivor 1        68M (4%)           19M (1%)          21 / 2              0 / 0              3 / 0        
[2026-04-03T03:33:12.145+0600][57.625s][info][gc,reloc    ] GC(77) y: Survivor 2        19M (1%)           34M (2%)          17 / 5              0 / 0              2 / 0        
[2026-04-03T03:33:12.145+0600][57.625s][info][gc,heap     ] GC(77) y: Min Capacity: 8M(0%)
[2026-04-03T03:33:12.145+0600][57.625s][info][gc,heap     ] GC(77) y: Max Capacity: 1750M(100%)
[2026-04-03T03:33:12.145+0600][57.625s][info][gc,heap     ] GC(77) y: Soft Max Capacity: 1750M(100%)
[2026-04-03T03:33:12.145+0600][57.625s][info][gc,heap     ] GC(77) y: Heap Statistics:
[2026-04-03T03:33:12.145+0600][57.625s][info][gc,heap     ] GC(77) y:                Mark Start          Mark End        Relocate Start      Relocate End           High               Low         
[2026-04-03T03:33:12.145+0600][57.625s][info][gc,heap     ] GC(77) y:  Capacity:     1750M (100%)       1750M (100%)       1750M (100%)       1750M (100%)       1750M (100%)       1750M (100%)   
[2026-04-03T03:33:12.145+0600][57.625s][info][gc,heap     ] GC(77) y:      Free:      872M (50%)         846M (48%)         876M (50%)        1150M (66%)        1150M (66%)         846M (48%)    
[2026-04-03T03:33:12.145+0600][57.625s][info][gc,heap     ] GC(77) y:      Used:      878M (50%)         904M (52%)         874M (50%)         600M (34%)         904M (52%)         600M (34%)    
[2026-04-03T03:33:12.145+0600][57.625s][info][gc,heap     ] GC(77) y: Young Generation Statistics:
[2026-04-03T03:33:12.145+0600][57.625s][info][gc,heap     ] GC(77) y:                Mark Start          Mark End        Relocate Start      Relocate End    
[2026-04-03T03:33:12.145+0600][57.625s][info][gc,heap     ] GC(77) y:      Used:      496M (28%)         546M (31%)         516M (29%)         242M (14%)    
[2026-04-03T03:33:12.145+0600][57.625s][info][gc,heap     ] GC(77) y:      Live:         -               123M (7%)          123M (7%)          123M (7%)     
[2026-04-03T03:33:12.145+0600][57.625s][info][gc,heap     ] GC(77) y:   Garbage:         -               372M (21%)         342M (20%)          40M (2%)     
[2026-04-03T03:33:12.146+0600][57.625s][info][gc,heap     ] GC(77) y: Allocated:         -                50M (3%)           50M (3%)           77M (4%)     
[2026-04-03T03:33:12.146+0600][57.625s][info][gc,heap     ] GC(77) y: Reclaimed:         -                  -                30M (2%)          331M (19%)    
[2026-04-03T03:33:12.146+0600][57.625s][info][gc,heap     ] GC(77) y:  Promoted:         -                  -                 0M (0%)            0M (0%)     
[2026-04-03T03:33:12.146+0600][57.625s][info][gc,heap     ] GC(77) y: Compacted:         -                  -                  -                20M (1%)     
[2026-04-03T03:33:12.146+0600][57.625s][info][gc,phases   ] GC(77) y: Young Generation 878M(50%)->600M(34%) 0.686s
[2026-04-03T03:33:12.146+0600][57.625s][info][gc          ] GC(77) Minor Collection (Allocation Rate) 878M(50%)->600M(34%) 0.687s
[2026-04-03T03:33:12.146+0600][57.625s][info][gc,alloc    ] GC(74) O:                         Mark Start        Mark End      Relocate Start    Relocate End   
[2026-04-03T03:33:12.146+0600][57.625s][info][gc,alloc    ] GC(74) O: Allocation Stalls:          0                0                0                0         
[2026-04-03T03:33:12.146+0600][57.625s][info][gc,load     ] GC(74) O: Load: 4.57 (38%) / 4.30 (36%) / 4.79 (40%)
[2026-04-03T03:33:12.146+0600][57.626s][info][gc,mmu      ] GC(74) O: MMU: 2ms/87.1%, 5ms/94.8%, 10ms/97.4%, 20ms/98.7%, 50ms/99.4%, 100ms/99.6%
[2026-04-03T03:33:12.146+0600][57.626s][info][gc,marking  ] GC(74) O: Mark: 1 stripe(s), 2 proactive flush(es), 1 terminate flush(es), 0 completion(s), 0 continuation(s) 
[2026-04-03T03:33:12.146+0600][57.626s][info][gc,marking  ] GC(74) O: Mark Stack Usage: 32M
[2026-04-03T03:33:12.146+0600][57.626s][info][gc,nmethod  ] GC(74) O: NMethods: 7015 registered, 796 unregistered
[2026-04-03T03:33:12.146+0600][57.626s][info][gc,metaspace] GC(74) O: Metaspace: 71M used, 72M committed, 1088M reserved
[2026-04-03T03:33:12.146+0600][57.626s][info][gc,ref      ] GC(74) O:                       Encountered   Discovered     Enqueued 
[2026-04-03T03:33:12.146+0600][57.626s][info][gc,ref      ] GC(74) O: Soft References:             5095            0            0 
[2026-04-03T03:33:12.146+0600][57.626s][info][gc,ref      ] GC(74) O: Weak References:             7135         5365            9 
[2026-04-03T03:33:12.146+0600][57.626s][info][gc,ref      ] GC(74) O: Final References:              84            0            0 
[2026-04-03T03:33:12.146+0600][57.626s][info][gc,ref      ] GC(74) O: Phantom References:           599          536            0 
[2026-04-03T03:33:12.146+0600][57.626s][info][gc,reloc    ] GC(74) O:                        Candidates     Selected     In-Place         Size        Empty    Relocated 
[2026-04-03T03:33:12.146+0600][57.626s][info][gc,reloc    ] GC(74) O: Small Pages:                  191           14            0         382M         190M           1M 
[2026-04-03T03:33:12.146+0600][57.626s][info][gc,reloc    ] GC(74) O: Medium Pages:                   1            0            0          32M           0M           0M 
[2026-04-03T03:33:12.146+0600][57.626s][info][gc,reloc    ] GC(74) O: Large Pages:                    9            0            0         114M         114M           0M 
[2026-04-03T03:33:12.146+0600][57.626s][info][gc,reloc    ] GC(74) O: Forwarding Usage: 0M
[2026-04-03T03:33:12.146+0600][57.626s][info][gc,heap     ] GC(74) O: Min Capacity: 8M(0%)
[2026-04-03T03:33:12.146+0600][57.626s][info][gc,heap     ] GC(74) O: Max Capacity: 1750M(100%)
[2026-04-03T03:33:12.146+0600][57.626s][info][gc,heap     ] GC(74) O: Soft Max Capacity: 1750M(100%)
[2026-04-03T03:33:12.146+0600][57.626s][info][gc,heap     ] GC(74) O: Heap Statistics:
[2026-04-03T03:33:12.146+0600][57.626s][info][gc,heap     ] GC(74) O:                Mark Start          Mark End        Relocate Start      Relocate End           High               Low         
[2026-04-03T03:33:12.146+0600][57.626s][info][gc,heap     ] GC(74) O:  Capacity:     1750M (100%)       1750M (100%)       1750M (100%)       1750M (100%)       1750M (100%)       1750M (100%)   
[2026-04-03T03:33:12.146+0600][57.626s][info][gc,heap     ] GC(74) O:      Free:      602M (34%)         150M (9%)          874M (50%)         862M (49%)         888M (51%)          92M (5%)     
[2026-04-03T03:33:12.146+0600][57.626s][info][gc,heap     ] GC(74) O:      Used:     1148M (66%)        1600M (91%)         876M (50%)         888M (51%)        1658M (95%)         862M (49%)    
[2026-04-03T03:33:12.146+0600][57.626s][info][gc,heap     ] GC(74) O: Old Generation Statistics:
[2026-04-03T03:33:12.146+0600][57.626s][info][gc,heap     ] GC(74) O:                Mark Start          Mark End        Relocate Start      Relocate End    
[2026-04-03T03:33:12.146+0600][57.626s][info][gc,heap     ] GC(74) O:      Used:      528M (30%)         684M (39%)         380M (22%)         358M (20%)    
[2026-04-03T03:33:12.146+0600][57.626s][info][gc,heap     ] GC(74) O:      Live:         -               171M (10%)         171M (10%)         171M (10%)    
[2026-04-03T03:33:12.146+0600][57.626s][info][gc,heap     ] GC(74) O:   Garbage:         -               356M (20%)          52M (3%)           24M (1%)     
[2026-04-03T03:33:12.146+0600][57.626s][info][gc,heap     ] GC(74) O: Allocated:         -               156M (9%)          156M (9%)          162M (9%)     
[2026-04-03T03:33:12.146+0600][57.626s][info][gc,heap     ] GC(74) O: Reclaimed:         -                  -               304M (17%)         332M (19%)    
[2026-04-03T03:33:12.146+0600][57.626s][info][gc,heap     ] GC(74) O: Compacted:         -                  -                  -                 1M (0%)     
[2026-04-03T03:33:12.146+0600][57.626s][info][gc,phases   ] GC(74) O: Old Generation 1114M(64%)->888M(51%) 2.455s
[2026-04-03T03:33:12.146+0600][57.626s][info][gc          ] GC(74) Major Collection (Allocation Rate) 1146M(65%)->600M(34%) 2.930s
[2026-04-03T03:33:12.155+0600][57.635s][info][gc          ] GC(78) Minor Collection (Allocation Rate)
[2026-04-03T03:33:12.155+0600][57.635s][info][gc,task     ] GC(78) Using 3 Workers for Young Generation
[2026-04-03T03:33:12.155+0600][57.635s][info][gc,phases   ] GC(78) y: Young Generation
[2026-04-03T03:33:12.155+0600][57.635s][info][gc,phases   ] GC(78) y: Pause Mark Start 0.038ms
[2026-04-03T03:33:12.535+0600][58.015s][info][gc,phases   ] GC(78) y: Concurrent Mark 379.848ms
[2026-04-03T03:33:12.536+0600][58.015s][info][gc,phases   ] GC(78) y: Pause Mark End 0.025ms
[2026-04-03T03:33:12.536+0600][58.015s][info][gc,phases   ] GC(78) y: Concurrent Mark Free 0.003ms
[2026-04-03T03:33:12.536+0600][58.015s][info][gc,phases   ] GC(78) y: Concurrent Reset Relocation Set 0.018ms
[2026-04-03T03:33:12.538+0600][58.017s][info][gc,reloc    ] GC(78) y: Using tenuring threshold: 1 (Computed)
[2026-04-03T03:33:12.592+0600][58.072s][info][gc,phases   ] GC(78) y: Concurrent Select Relocation Set 56.195ms
[2026-04-03T03:33:12.592+0600][58.072s][info][gc,phases   ] GC(78) y: Pause Relocate Start 0.022ms
[2026-04-03T03:33:12.706+0600][58.186s][info][gc,phases   ] GC(78) y: Concurrent Relocate 113.468ms
[2026-04-03T03:33:12.706+0600][58.186s][info][gc,alloc    ] GC(78) y:                         Mark Start        Mark End      Relocate Start    Relocate End   
[2026-04-03T03:33:12.706+0600][58.186s][info][gc,alloc    ] GC(78) y: Allocation Stalls:          0                0                0                0         
[2026-04-03T03:33:12.706+0600][58.186s][info][gc,load     ] GC(78) y: Load: 4.57 (38%) / 4.30 (36%) / 4.79 (40%)
[2026-04-03T03:33:12.706+0600][58.186s][info][gc,mmu      ] GC(78) y: MMU: 2ms/87.1%, 5ms/94.8%, 10ms/97.4%, 20ms/98.7%, 50ms/99.4%, 100ms/99.6%
[2026-04-03T03:33:12.706+0600][58.186s][info][gc,marking  ] GC(78) y: Mark: 2 stripe(s), 2 proactive flush(es), 1 terminate flush(es), 0 completion(s), 0 continuation(s) 
[2026-04-03T03:33:12.706+0600][58.186s][info][gc,marking  ] GC(78) y: Mark Stack Usage: 32M
[2026-04-03T03:33:12.706+0600][58.186s][info][gc,nmethod  ] GC(78) y: NMethods: 7068 registered, 796 unregistered
[2026-04-03T03:33:12.706+0600][58.186s][info][gc,metaspace] GC(78) y: Metaspace: 71M used, 72M committed, 1088M reserved
[2026-04-03T03:33:12.706+0600][58.186s][info][gc,reloc    ] GC(78) y:                        Candidates     Selected     In-Place         Size        Empty    Relocated 
[2026-04-03T03:33:12.706+0600][58.186s][info][gc,reloc    ] GC(78) y: Small Pages:                   63           21            0         126M           4M           4M 
[2026-04-03T03:33:12.706+0600][58.186s][info][gc,reloc    ] GC(78) y: Medium Pages:                   2            0            0          64M          32M           0M 
[2026-04-03T03:33:12.706+0600][58.186s][info][gc,reloc    ] GC(78) y: Large Pages:                    3            0            0          54M           0M           0M 
[2026-04-03T03:33:12.706+0600][58.186s][info][gc,reloc    ] GC(78) y: Forwarding Usage: 7M
[2026-04-03T03:33:12.706+0600][58.186s][info][gc,reloc    ] GC(78) y: Age Table:
[2026-04-03T03:33:12.706+0600][58.186s][info][gc,reloc    ] GC(78) y:                    Live             Garbage             Small              Medium             Large        
[2026-04-03T03:33:12.706+0600][58.186s][info][gc,reloc    ] GC(78) y: Eden               2M (0%)           55M (3%)          13 / 10             1 / 0              0 / 0        
[2026-04-03T03:33:12.706+0600][58.186s][info][gc,reloc    ] GC(78) y: Survivor 1        33M (2%)           38M (2%)          11 / 4              1 / 0              1 / 0        
[2026-04-03T03:33:12.706+0600][58.186s][info][gc,reloc    ] GC(78) y: Survivor 2        68M (4%)           13M (1%)          23 / 4              0 / 0              2 / 0        
[2026-04-03T03:33:12.706+0600][58.186s][info][gc,reloc    ] GC(78) y: Survivor 3        19M (1%)           12M (1%)          16 / 3              0 / 0              0 / 0        
[2026-04-03T03:33:12.706+0600][58.186s][info][gc,heap     ] GC(78) y: Min Capacity: 8M(0%)
[2026-04-03T03:33:12.706+0600][58.186s][info][gc,heap     ] GC(78) y: Max Capacity: 1750M(100%)
[2026-04-03T03:33:12.706+0600][58.186s][info][gc,heap     ] GC(78) y: Soft Max Capacity: 1750M(100%)
[2026-04-03T03:33:12.707+0600][58.186s][info][gc,heap     ] GC(78) y: Heap Statistics:
[2026-04-03T03:33:12.707+0600][58.186s][info][gc,heap     ] GC(78) y:                Mark Start          Mark End        Relocate Start      Relocate End           High               Low         
[2026-04-03T03:33:12.707+0600][58.186s][info][gc,heap     ] GC(78) y:  Capacity:     1750M (100%)       1750M (100%)       1750M (100%)       1750M (100%)       1750M (100%)       1750M (100%)   
[2026-04-03T03:33:12.707+0600][58.186s][info][gc,heap     ] GC(78) y:      Free:     1148M (66%)        1078M (62%)        1108M (63%)        1108M (63%)        1148M (66%)        1078M (62%)    
[2026-04-03T03:33:12.707+0600][58.186s][info][gc,heap     ] GC(78) y:      Used:      602M (34%)         672M (38%)         642M (37%)         642M (37%)         672M (38%)         602M (34%)    
[2026-04-03T03:33:12.707+0600][58.186s][info][gc,heap     ] GC(78) y: Young Generation Statistics:
[2026-04-03T03:33:12.707+0600][58.186s][info][gc,heap     ] GC(78) y:                Mark Start          Mark End        Relocate Start      Relocate End    
[2026-04-03T03:33:12.707+0600][58.186s][info][gc,heap     ] GC(78) y:      Used:      244M (14%)         314M (18%)         160M (9%)          148M (8%)     
[2026-04-03T03:33:12.707+0600][58.186s][info][gc,heap     ] GC(78) y:      Live:         -               124M (7%)           10M (1%)            2M (0%)     
[2026-04-03T03:33:12.707+0600][58.186s][info][gc,heap     ] GC(78) y:   Garbage:         -               119M (7%)           73M (4%)           29M (2%)     
[2026-04-03T03:33:12.707+0600][58.186s][info][gc,heap     ] GC(78) y: Allocated:         -                70M (4%)           76M (4%)          115M (7%)     
[2026-04-03T03:33:12.707+0600][58.186s][info][gc,heap     ] GC(78) y: Reclaimed:         -                  -                46M (3%)           89M (5%)     
[2026-04-03T03:33:12.707+0600][58.186s][info][gc,heap     ] GC(78) y:  Promoted:         -                  -               113M (6%)          121M (7%)     
[2026-04-03T03:33:12.707+0600][58.186s][info][gc,heap     ] GC(78) y: Compacted:         -                  -                  -                 0M (0%)     
[2026-04-03T03:33:12.707+0600][58.186s][info][gc,phases   ] GC(78) y: Young Generation 602M(34%)->642M(37%) 0.551s
[2026-04-03T03:33:12.707+0600][58.186s][info][gc          ] GC(78) Minor Collection (Allocation Rate) 602M(34%)->642M(37%) 0.552s
[2026-04-03T03:33:12.707+0600][58.186s][info][gc          ] GC(79) Major Collection (Allocation Rate)
[2026-04-03T03:33:12.707+0600][58.186s][info][gc,task     ] GC(79) Using 3 Workers for Young Generation
[2026-04-03T03:33:12.707+0600][58.186s][info][gc,task     ] GC(79) Using 2 Workers for Old Generation
[2026-04-03T03:33:12.707+0600][58.186s][info][gc,phases   ] GC(79) Y: Young Generation
[2026-04-03T03:33:12.707+0600][58.187s][info][gc,phases   ] GC(79) Y: Pause Mark Start (Major) 0.031ms
[2026-04-03T03:33:12.728+0600][58.207s][info][gc,phases   ] GC(79) Y: Concurrent Mark 20.349ms
[2026-04-03T03:33:12.728+0600][58.208s][info][gc,phases   ] GC(79) Y: Pause Mark End 0.030ms
[2026-04-03T03:33:12.728+0600][58.208s][info][gc,phases   ] GC(79) Y: Concurrent Mark Free 0.001ms
[2026-04-03T03:33:12.728+0600][58.208s][info][gc,phases   ] GC(79) Y: Concurrent Reset Relocation Set 0.106ms
[2026-04-03T03:33:12.734+0600][58.214s][info][gc,reloc    ] GC(79) Y: Using tenuring threshold: 2 (Computed)
[2026-04-03T03:33:12.735+0600][58.215s][info][gc,phases   ] GC(79) Y: Concurrent Select Relocation Set 6.940ms
[2026-04-03T03:33:12.736+0600][58.215s][info][gc,phases   ] GC(79) Y: Pause Relocate Start 0.022ms
[2026-04-03T03:33:12.738+0600][58.217s][info][gc,phases   ] GC(79) Y: Concurrent Relocate 1.787ms
[2026-04-03T03:33:12.738+0600][58.217s][info][gc,alloc    ] GC(79) Y:                         Mark Start        Mark End      Relocate Start    Relocate End   
[2026-04-03T03:33:12.738+0600][58.217s][info][gc,alloc    ] GC(79) Y: Allocation Stalls:          0                0                0                0         
[2026-04-03T03:33:12.738+0600][58.217s][info][gc,load     ] GC(79) Y: Load: 4.57 (38%) / 4.30 (36%) / 4.79 (40%)
[2026-04-03T03:33:12.738+0600][58.217s][info][gc,mmu      ] GC(79) Y: MMU: 2ms/87.1%, 5ms/94.8%, 10ms/97.4%, 20ms/98.7%, 50ms/99.4%, 100ms/99.6%
[2026-04-03T03:33:12.738+0600][58.217s][info][gc,marking  ] GC(79) Y: Mark: 2 stripe(s), 2 proactive flush(es), 1 terminate flush(es), 0 completion(s), 0 continuation(s) 
[2026-04-03T03:33:12.738+0600][58.217s][info][gc,marking  ] GC(79) Y: Mark Stack Usage: 32M
[2026-04-03T03:33:12.738+0600][58.217s][info][gc,nmethod  ] GC(79) Y: NMethods: 7070 registered, 796 unregistered
[2026-04-03T03:33:12.738+0600][58.217s][info][gc,metaspace] GC(79) Y: Metaspace: 71M used, 72M committed, 1088M reserved
[2026-04-03T03:33:12.738+0600][58.217s][info][gc,reloc    ] GC(79) Y:                        Candidates     Selected     In-Place         Size        Empty    Relocated 
[2026-04-03T03:33:12.738+0600][58.217s][info][gc,reloc    ] GC(79) Y: Small Pages:                   40           26            0          80M          26M           1M 
[2026-04-03T03:33:12.738+0600][58.217s][info][gc,reloc    ] GC(79) Y: Medium Pages:                   2            0            0          64M          64M           0M 
[2026-04-03T03:33:12.738+0600][58.217s][info][gc,reloc    ] GC(79) Y: Large Pages:                    1            0            0           6M           6M           0M 
[2026-04-03T03:33:12.738+0600][58.217s][info][gc,reloc    ] GC(79) Y: Forwarding Usage: 0M
[2026-04-03T03:33:12.738+0600][58.217s][info][gc,reloc    ] GC(79) Y: Age Table:
[2026-04-03T03:33:12.738+0600][58.217s][info][gc,reloc    ] GC(79) Y:                    Live             Garbage             Small              Medium             Large        
[2026-04-03T03:33:12.738+0600][58.217s][info][gc,reloc    ] GC(79) Y: Eden               1M (0%)          108M (6%)          36 / 22             1 / 0              1 / 0        
[2026-04-03T03:33:12.738+0600][58.217s][info][gc,reloc    ] GC(79) Y: Survivor 1         0M (0%)           39M (2%)           4 / 4              1 / 0              0 / 0        
[2026-04-03T03:33:12.738+0600][58.217s][info][gc,heap     ] GC(79) Y: Min Capacity: 8M(0%)
[2026-04-03T03:33:12.738+0600][58.217s][info][gc,heap     ] GC(79) Y: Max Capacity: 1750M(100%)
[2026-04-03T03:33:12.738+0600][58.217s][info][gc,heap     ] GC(79) Y: Soft Max Capacity: 1750M(100%)
[2026-04-03T03:33:12.738+0600][58.217s][info][gc,heap     ] GC(79) Y: Heap Statistics:
[2026-04-03T03:33:12.738+0600][58.217s][info][gc,heap     ] GC(79) Y:                Mark Start          Mark End        Relocate Start      Relocate End           High               Low         
[2026-04-03T03:33:12.738+0600][58.217s][info][gc,heap     ] GC(79) Y:  Capacity:     1750M (100%)       1750M (100%)       1750M (100%)       1750M (100%)       1750M (100%)       1750M (100%)   
[2026-04-03T03:33:12.738+0600][58.217s][info][gc,heap     ] GC(79) Y:      Free:     1106M (63%)        1050M (60%)        1140M (65%)        1176M (67%)        1176M (67%)        1044M (60%)    
[2026-04-03T03:33:12.738+0600][58.218s][info][gc,heap     ] GC(79) Y:      Used:      644M (37%)         700M (40%)         610M (35%)         574M (33%)         706M (40%)         574M (33%)    
[2026-04-03T03:33:12.738+0600][58.218s][info][gc,heap     ] GC(79) Y: Young Generation Statistics:
[2026-04-03T03:33:12.738+0600][58.218s][info][gc,heap     ] GC(79) Y:                Mark Start          Mark End        Relocate Start      Relocate End    
[2026-04-03T03:33:12.738+0600][58.218s][info][gc,heap     ] GC(79) Y:      Used:      150M (9%)          206M (12%)         116M (7%)           80M (5%)     
[2026-04-03T03:33:12.738+0600][58.218s][info][gc,heap     ] GC(79) Y:      Live:         -                 1M (0%)            1M (0%)            1M (0%)     
[2026-04-03T03:33:12.738+0600][58.218s][info][gc,heap     ] GC(79) Y:   Garbage:         -               148M (8%)           52M (3%)            0M (0%)     
[2026-04-03T03:33:12.738+0600][58.218s][info][gc,heap     ] GC(79) Y: Allocated:         -                56M (3%)           62M (4%)           78M (4%)     
[2026-04-03T03:33:12.738+0600][58.218s][info][gc,heap     ] GC(79) Y: Reclaimed:         -                  -                96M (5%)          148M (8%)     
[2026-04-03T03:33:12.738+0600][58.218s][info][gc,heap     ] GC(79) Y:  Promoted:         -                  -                 0M (0%)            0M (0%)     
[2026-04-03T03:33:12.738+0600][58.218s][info][gc,heap     ] GC(79) Y: Compacted:         -                  -                  -                 1M (0%)     
[2026-04-03T03:33:12.738+0600][58.218s][info][gc,phases   ] GC(79) Y: Young Generation 642M(37%)->574M(33%) 0.031s
[2026-04-03T03:33:12.738+0600][58.218s][info][gc,phases   ] GC(79) O: Old Generation
[2026-04-03T03:33:12.758+0600][58.238s][info][gc          ] GC(80) Minor Collection (Allocation Rate)
[2026-04-03T03:33:12.758+0600][58.238s][info][gc,task     ] GC(80) Using 1 Workers for Young Generation
[2026-04-03T03:33:12.758+0600][58.238s][info][gc,phases   ] GC(80) y: Young Generation
[2026-04-03T03:33:12.759+0600][58.238s][info][gc,phases   ] GC(80) y: Pause Mark Start 0.033ms
[2026-04-03T03:33:12.851+0600][58.331s][info][gc,phases   ] GC(80) y: Concurrent Mark 92.285ms
[2026-04-03T03:33:12.852+0600][58.332s][info][gc,phases   ] GC(80) y: Pause Mark End 0.232ms
[2026-04-03T03:33:12.852+0600][58.332s][info][gc,phases   ] GC(80) y: Concurrent Mark Free 0.004ms
[2026-04-03T03:33:12.852+0600][58.332s][info][gc,phases   ] GC(80) y: Concurrent Reset Relocation Set 0.010ms
[2026-04-03T03:33:12.858+0600][58.337s][info][gc,reloc    ] GC(80) y: Using tenuring threshold: 3 (Computed)
[2026-04-03T03:33:12.867+0600][58.346s][info][gc,phases   ] GC(80) y: Concurrent Select Relocation Set 14.223ms
[2026-04-03T03:33:12.867+0600][58.347s][info][gc,phases   ] GC(80) y: Pause Relocate Start 0.082ms
[2026-04-03T03:33:12.908+0600][58.388s][info][gc,phases   ] GC(80) y: Concurrent Relocate 40.682ms
[2026-04-03T03:33:12.908+0600][58.388s][info][gc,alloc    ] GC(80) y:                         Mark Start        Mark End      Relocate Start    Relocate End   
[2026-04-03T03:33:12.908+0600][58.388s][info][gc,alloc    ] GC(80) y: Allocation Stalls:          0                0                0                0         
[2026-04-03T03:33:12.908+0600][58.388s][info][gc,load     ] GC(80) y: Load: 4.57 (38%) / 4.30 (36%) / 4.79 (40%)
[2026-04-03T03:33:12.908+0600][58.388s][info][gc,mmu      ] GC(80) y: MMU: 2ms/87.1%, 5ms/94.8%, 10ms/97.4%, 20ms/98.4%, 50ms/99.4%, 100ms/99.6%
[2026-04-03T03:33:12.908+0600][58.388s][info][gc,marking  ] GC(80) y: Mark: 1 stripe(s), 2 proactive flush(es), 1 terminate flush(es), 0 completion(s), 0 continuation(s) 
[2026-04-03T03:33:12.908+0600][58.388s][info][gc,marking  ] GC(80) y: Mark Stack Usage: 32M
[2026-04-03T03:33:12.908+0600][58.388s][info][gc,nmethod  ] GC(80) y: NMethods: 7072 registered, 796 unregistered
[2026-04-03T03:33:12.908+0600][58.388s][info][gc,metaspace] GC(80) y: Metaspace: 71M used, 72M committed, 1088M reserved
[2026-04-03T03:33:12.908+0600][58.388s][info][gc,reloc    ] GC(80) y:                        Candidates     Selected     In-Place         Size        Empty    Relocated 
[2026-04-03T03:33:12.908+0600][58.388s][info][gc,reloc    ] GC(80) y: Small Pages:                   29           25            0          58M           0M           5M 
[2026-04-03T03:33:12.908+0600][58.388s][info][gc,reloc    ] GC(80) y: Medium Pages:                   1            0            0          32M           0M           0M 
[2026-04-03T03:33:12.909+0600][58.388s][info][gc,reloc    ] GC(80) y: Large Pages:                    0            0            0           0M           0M           0M 
[2026-04-03T03:33:12.909+0600][58.388s][info][gc,reloc    ] GC(80) y: Forwarding Usage: 7M
[2026-04-03T03:33:12.909+0600][58.388s][info][gc,reloc    ] GC(80) y: Age Table:
[2026-04-03T03:33:12.909+0600][58.388s][info][gc,reloc    ] GC(80) y:                    Live             Garbage             Small              Medium             Large        
[2026-04-03T03:33:12.909+0600][58.388s][info][gc,reloc    ] GC(80) y: Eden              13M (1%)           60M (3%)          21 / 18             1 / 0              0 / 0        
[2026-04-03T03:33:12.909+0600][58.388s][info][gc,reloc    ] GC(80) y: Survivor 1         1M (0%)           10M (1%)           6 / 5              0 / 0              0 / 0        
[2026-04-03T03:33:12.909+0600][58.388s][info][gc,reloc    ] GC(80) y: Survivor 2         0M (0%)            3M (0%)           2 / 2              0 / 0              0 / 0        
[2026-04-03T03:33:12.909+0600][58.388s][info][gc,heap     ] GC(80) y: Min Capacity: 8M(0%)
[2026-04-03T03:33:12.909+0600][58.388s][info][gc,heap     ] GC(80) y: Max Capacity: 1750M(100%)
[2026-04-03T03:33:12.909+0600][58.388s][info][gc,heap     ] GC(80) y: Soft Max Capacity: 1750M(100%)
[2026-04-03T03:33:12.909+0600][58.388s][info][gc,heap     ] GC(80) y: Heap Statistics:
[2026-04-03T03:33:12.909+0600][58.388s][info][gc,heap     ] GC(80) y:                Mark Start          Mark End        Relocate Start      Relocate End           High               Low         
[2026-04-03T03:33:12.909+0600][58.388s][info][gc,heap     ] GC(80) y:  Capacity:     1750M (100%)       1750M (100%)       1750M (100%)       1750M (100%)       1750M (100%)       1750M (100%)   
[2026-04-03T03:33:12.909+0600][58.388s][info][gc,heap     ] GC(80) y:      Free:     1166M (67%)        1110M (63%)        1104M (63%)        1130M (65%)        1166M (67%)        1090M (62%)    
[2026-04-03T03:33:12.909+0600][58.388s][info][gc,heap     ] GC(80) y:      Used:      584M (33%)         640M (37%)         646M (37%)         620M (35%)         660M (38%)         584M (33%)    
[2026-04-03T03:33:12.909+0600][58.388s][info][gc,heap     ] GC(80) y: Young Generation Statistics:
[2026-04-03T03:33:12.909+0600][58.388s][info][gc,heap     ] GC(80) y:                Mark Start          Mark End        Relocate Start      Relocate End    
[2026-04-03T03:33:12.909+0600][58.388s][info][gc,heap     ] GC(80) y:      Used:       90M (5%)          146M (8%)          152M (9%)          126M (7%)     
[2026-04-03T03:33:12.909+0600][58.388s][info][gc,heap     ] GC(80) y:      Live:         -                14M (1%)           14M (1%)           14M (1%)     
[2026-04-03T03:33:12.909+0600][58.388s][info][gc,heap     ] GC(80) y:   Garbage:         -                75M (4%)           75M (4%)           23M (1%)     
[2026-04-03T03:33:12.909+0600][58.388s][info][gc,heap     ] GC(80) y: Allocated:         -                56M (3%)           62M (4%)           87M (5%)     
[2026-04-03T03:33:12.909+0600][58.388s][info][gc,heap     ] GC(80) y: Reclaimed:         -                  -                 0M (0%)           51M (3%)     
[2026-04-03T03:33:12.909+0600][58.388s][info][gc,heap     ] GC(80) y:  Promoted:         -                  -                 0M (0%)            0M (0%)     
[2026-04-03T03:33:12.909+0600][58.388s][info][gc,heap     ] GC(80) y: Compacted:         -                  -                  -                 6M (0%)     
[2026-04-03T03:33:12.909+0600][58.388s][info][gc,phases   ] GC(80) y: Young Generation 584M(33%)->620M(35%) 0.150s
[2026-04-03T03:33:12.909+0600][58.389s][info][gc          ] GC(80) Minor Collection (Allocation Rate) 584M(33%)->620M(35%) 0.151s
[2026-04-03T03:33:12.909+0600][58.389s][info][gc          ] GC(81) Minor Collection (Allocation Rate)
[2026-04-03T03:33:12.909+0600][58.389s][info][gc,task     ] GC(81) Using 1 Workers for Young Generation
[2026-04-03T03:33:12.909+0600][58.389s][info][gc,phases   ] GC(81) y: Young Generation
[2026-04-03T03:33:12.910+0600][58.389s][info][gc,phases   ] GC(81) y: Pause Mark Start 0.053ms
[2026-04-03T03:33:13.179+0600][58.659s][info][gc,phases   ] GC(81) y: Concurrent Mark 269.594ms
[2026-04-03T03:33:13.180+0600][58.659s][info][gc,phases   ] GC(81) y: Pause Mark End 0.041ms
[2026-04-03T03:33:13.180+0600][58.660s][info][gc,phases   ] GC(81) y: Concurrent Mark Free 0.003ms
[2026-04-03T03:33:13.180+0600][58.660s][info][gc,phases   ] GC(81) y: Concurrent Reset Relocation Set 0.011ms
[2026-04-03T03:33:13.188+0600][58.667s][info][gc,reloc    ] GC(81) y: Using tenuring threshold: 4 (Computed)
[2026-04-03T03:33:13.207+0600][58.687s][info][gc,phases   ] GC(81) y: Concurrent Select Relocation Set 27.082ms
[2026-04-03T03:33:13.208+0600][58.687s][info][gc,phases   ] GC(81) y: Pause Relocate Start 0.028ms
[2026-04-03T03:33:13.294+0600][58.774s][info][gc,phases   ] GC(79) O: Concurrent Mark 556.099ms
[2026-04-03T03:33:13.298+0600][58.777s][info][gc,phases   ] GC(79) O: Pause Mark End 0.017ms
[2026-04-03T03:33:13.302+0600][58.782s][info][gc,phases   ] GC(79) O: Concurrent Mark Continue 4.121ms
[2026-04-03T03:33:13.306+0600][58.786s][info][gc,phases   ] GC(79) O: Pause Mark End 0.050ms
[2026-04-03T03:33:13.306+0600][58.786s][info][gc,phases   ] GC(79) O: Concurrent Mark Free 0.004ms
[2026-04-03T03:33:13.323+0600][58.803s][info][gc,phases   ] GC(79) O: Concurrent Process Non-Strong 16.825ms
[2026-04-03T03:33:13.323+0600][58.803s][info][gc,phases   ] GC(79) O: Concurrent Reset Relocation Set 0.004ms
[2026-04-03T03:33:13.327+0600][58.807s][info][gc,phases   ] GC(81) y: Concurrent Relocate 119.517ms
[2026-04-03T03:33:13.327+0600][58.807s][info][gc,alloc    ] GC(81) y:                         Mark Start        Mark End      Relocate Start    Relocate End   
[2026-04-03T03:33:13.327+0600][58.807s][info][gc,alloc    ] GC(81) y: Allocation Stalls:          0                0                0                0         
[2026-04-03T03:33:13.328+0600][58.807s][info][gc,load     ] GC(81) y: Load: 4.57 (38%) / 4.30 (36%) / 4.79 (40%)
[2026-04-03T03:33:13.328+0600][58.807s][info][gc,mmu      ] GC(81) y: MMU: 2ms/87.1%, 5ms/94.8%, 10ms/97.4%, 20ms/98.4%, 50ms/99.4%, 100ms/99.6%
[2026-04-03T03:33:13.328+0600][58.807s][info][gc,marking  ] GC(81) y: Mark: 1 stripe(s), 2 proactive flush(es), 1 terminate flush(es), 0 completion(s), 0 continuation(s) 
[2026-04-03T03:33:13.328+0600][58.807s][info][gc,marking  ] GC(81) y: Mark Stack Usage: 32M
[2026-04-03T03:33:13.328+0600][58.807s][info][gc,nmethod  ] GC(81) y: NMethods: 7153 registered, 800 unregistered
[2026-04-03T03:33:13.328+0600][58.807s][info][gc,metaspace] GC(81) y: Metaspace: 71M used, 72M committed, 1088M reserved
[2026-04-03T03:33:13.328+0600][58.807s][info][gc,reloc    ] GC(81) y:                        Candidates     Selected     In-Place         Size        Empty    Relocated 
[2026-04-03T03:33:13.328+0600][58.807s][info][gc,reloc    ] GC(81) y: Small Pages:                   38           27            0          76M           0M          11M 
[2026-04-03T03:33:13.328+0600][58.807s][info][gc,reloc    ] GC(81) y: Medium Pages:                   1            0            0          32M          32M           0M 
[2026-04-03T03:33:13.328+0600][58.807s][info][gc,reloc    ] GC(81) y: Large Pages:                    3            0            0          18M           0M           0M 
[2026-04-03T03:33:13.328+0600][58.807s][info][gc,reloc    ] GC(81) y: Forwarding Usage: 21M
[2026-04-03T03:33:13.328+0600][58.807s][info][gc,reloc    ] GC(81) y: Age Table:
[2026-04-03T03:33:13.328+0600][58.807s][info][gc,reloc    ] GC(81) y:                    Live             Garbage             Small              Medium             Large        
[2026-04-03T03:33:13.328+0600][58.807s][info][gc,reloc    ] GC(81) y: Eden              32M (2%)           41M (2%)          28 / 19             0 / 0              3 / 0        
[2026-04-03T03:33:13.328+0600][58.807s][info][gc,reloc    ] GC(81) y: Survivor 1         3M (0%)           38M (2%)           5 / 4              1 / 0              0 / 0        
[2026-04-03T03:33:13.328+0600][58.807s][info][gc,reloc    ] GC(81) y: Survivor 2         0M (0%)            7M (0%)           4 / 3              0 / 0              0 / 0        
[2026-04-03T03:33:13.328+0600][58.807s][info][gc,reloc    ] GC(81) y: Survivor 3         0M (0%)            1M (0%)           1 / 1              0 / 0              0 / 0        
[2026-04-03T03:33:13.328+0600][58.807s][info][gc,heap     ] GC(81) y: Min Capacity: 8M(0%)
[2026-04-03T03:33:13.328+0600][58.807s][info][gc,heap     ] GC(81) y: Max Capacity: 1750M(100%)
[2026-04-03T03:33:13.328+0600][58.807s][info][gc,heap     ] GC(81) y: Soft Max Capacity: 1750M(100%)
[2026-04-03T03:33:13.328+0600][58.807s][info][gc,heap     ] GC(81) y: Heap Statistics:
[2026-04-03T03:33:13.328+0600][58.807s][info][gc,heap     ] GC(81) y:                Mark Start          Mark End        Relocate Start      Relocate End           High               Low         
[2026-04-03T03:33:13.328+0600][58.807s][info][gc,heap     ] GC(81) y:  Capacity:     1750M (100%)       1750M (100%)       1750M (100%)       1750M (100%)       1750M (100%)       1750M (100%)   
[2026-04-03T03:33:13.328+0600][58.807s][info][gc,heap     ] GC(81) y:      Free:     1130M (65%)         976M (56%)         956M (55%)        1070M (61%)        1130M (65%)         932M (53%)    
[2026-04-03T03:33:13.328+0600][58.807s][info][gc,heap     ] GC(81) y:      Used:      620M (35%)         774M (44%)         794M (45%)         680M (39%)         818M (47%)         620M (35%)    
[2026-04-03T03:33:13.328+0600][58.807s][info][gc,heap     ] GC(81) y: Young Generation Statistics:
[2026-04-03T03:33:13.328+0600][58.807s][info][gc,heap     ] GC(81) y:                Mark Start          Mark End        Relocate Start      Relocate End    
[2026-04-03T03:33:13.328+0600][58.807s][info][gc,heap     ] GC(81) y:      Used:      126M (7%)          280M (16%)         300M (17%)         314M (18%)    
[2026-04-03T03:33:13.328+0600][58.807s][info][gc,heap     ] GC(81) y:      Live:         -                37M (2%)           37M (2%)           37M (2%)     
[2026-04-03T03:33:13.328+0600][58.807s][info][gc,heap     ] GC(81) y:   Garbage:         -                88M (5%)           56M (3%)            0M (0%)     
[2026-04-03T03:33:13.328+0600][58.807s][info][gc,heap     ] GC(81) y: Allocated:         -               154M (9%)          206M (12%)         276M (16%)    
[2026-04-03T03:33:13.328+0600][58.807s][info][gc,heap     ] GC(81) y: Reclaimed:         -                  -                32M (2%)           88M (5%)     
[2026-04-03T03:33:13.328+0600][58.807s][info][gc,heap     ] GC(81) y:  Promoted:         -                  -                 0M (0%)            0M (0%)     
[2026-04-03T03:33:13.328+0600][58.808s][info][gc,heap     ] GC(81) y: Compacted:         -                  -                  -                19M (1%)     
[2026-04-03T03:33:13.328+0600][58.808s][info][gc,phases   ] GC(81) y: Young Generation 620M(35%)->680M(39%) 0.418s
[2026-04-03T03:33:13.328+0600][58.808s][info][gc          ] GC(81) Minor Collection (Allocation Rate) 620M(35%)->530M(30%) 0.419s
[2026-04-03T03:33:13.328+0600][58.808s][info][gc,phases   ] GC(79) O: Concurrent Select Relocation Set 4.903ms
[2026-04-03T03:33:13.328+0600][58.808s][info][gc,task     ] GC(79) O: Using 3 Workers for Old Generation
[2026-04-03T03:33:13.352+0600][58.831s][info][gc,task     ] GC(79) O: Using 2 Workers for Old Generation
[2026-04-03T03:33:13.352+0600][58.832s][info][gc,phases   ] GC(79) O: Concurrent Remap Roots 23.623ms
[2026-04-03T03:33:13.352+0600][58.832s][info][gc,phases   ] GC(79) O: Pause Relocate Start 0.031ms
[2026-04-03T03:33:13.359+0600][58.838s][info][gc,phases   ] GC(79) O: Concurrent Relocate 6.495ms
[2026-04-03T03:33:13.359+0600][58.839s][info][gc,alloc    ] GC(79) O:                         Mark Start        Mark End      Relocate Start    Relocate End   
[2026-04-03T03:33:13.359+0600][58.839s][info][gc,alloc    ] GC(79) O: Allocation Stalls:          0                0                0                0         
[2026-04-03T03:33:13.359+0600][58.839s][info][gc,load     ] GC(79) O: Load: 4.57 (38%) / 4.30 (36%) / 4.79 (40%)
[2026-04-03T03:33:13.359+0600][58.839s][info][gc,mmu      ] GC(79) O: MMU: 2ms/87.1%, 5ms/94.8%, 10ms/97.4%, 20ms/98.4%, 50ms/99.4%, 100ms/99.6%
[2026-04-03T03:33:13.359+0600][58.839s][info][gc,marking  ] GC(79) O: Mark: 2 stripe(s), 11 proactive flush(es), 5 terminate flush(es), 0 completion(s), 1 continuation(s) 
[2026-04-03T03:33:13.359+0600][58.839s][info][gc,marking  ] GC(79) O: Mark Stack Usage: 32M
[2026-04-03T03:33:13.359+0600][58.839s][info][gc,nmethod  ] GC(79) O: NMethods: 7154 registered, 800 unregistered
[2026-04-03T03:33:13.359+0600][58.839s][info][gc,metaspace] GC(79) O: Metaspace: 71M used, 72M committed, 1088M reserved
[2026-04-03T03:33:13.359+0600][58.839s][info][gc,ref      ] GC(79) O:                       Encountered   Discovered     Enqueued 
[2026-04-03T03:33:13.359+0600][58.839s][info][gc,ref      ] GC(79) O: Soft References:             5095            0            0 
[2026-04-03T03:33:13.359+0600][58.839s][info][gc,ref      ] GC(79) O: Weak References:             7247         5271            6 
[2026-04-03T03:33:13.359+0600][58.839s][info][gc,ref      ] GC(79) O: Final References:              84           14            0 
[2026-04-03T03:33:13.359+0600][58.839s][info][gc,ref      ] GC(79) O: Phantom References:           605          533            0 
[2026-04-03T03:33:13.359+0600][58.839s][info][gc,reloc    ] GC(79) O:                        Candidates     Selected     In-Place         Size        Empty    Relocated 
[2026-04-03T03:33:13.359+0600][58.839s][info][gc,reloc    ] GC(79) O: Small Pages:                  189           10            0         378M         194M           2M 
[2026-04-03T03:33:13.359+0600][58.839s][info][gc,reloc    ] GC(79) O: Medium Pages:                   1            0            0          32M           0M           0M 
[2026-04-03T03:33:13.359+0600][58.839s][info][gc,reloc    ] GC(79) O: Large Pages:                    6            0            0          84M          84M           0M 
[2026-04-03T03:33:13.359+0600][58.839s][info][gc,reloc    ] GC(79) O: Forwarding Usage: 1M
[2026-04-03T03:33:13.359+0600][58.839s][info][gc,heap     ] GC(79) O: Min Capacity: 8M(0%)
[2026-04-03T03:33:13.359+0600][58.839s][info][gc,heap     ] GC(79) O: Max Capacity: 1750M(100%)
[2026-04-03T03:33:13.359+0600][58.839s][info][gc,heap     ] GC(79) O: Soft Max Capacity: 1750M(100%)
[2026-04-03T03:33:13.359+0600][58.839s][info][gc,heap     ] GC(79) O: Heap Statistics:
[2026-04-03T03:33:13.359+0600][58.839s][info][gc,heap     ] GC(79) O:                Mark Start          Mark End        Relocate Start      Relocate End           High               Low         
[2026-04-03T03:33:13.359+0600][58.839s][info][gc,heap     ] GC(79) O:  Capacity:     1750M (100%)       1750M (100%)       1750M (100%)       1750M (100%)       1750M (100%)       1750M (100%)   
[2026-04-03T03:33:13.359+0600][58.839s][info][gc,heap     ] GC(79) O:      Free:     1106M (63%)         966M (55%)        1202M (69%)        1212M (69%)        1220M (70%)         932M (53%)    
[2026-04-03T03:33:13.359+0600][58.839s][info][gc,heap     ] GC(79) O:      Used:      644M (37%)         784M (45%)         548M (31%)         538M (31%)         818M (47%)         530M (30%)    
[2026-04-03T03:33:13.359+0600][58.839s][info][gc,heap     ] GC(79) O: Old Generation Statistics:
[2026-04-03T03:33:13.359+0600][58.839s][info][gc,heap     ] GC(79) O:                Mark Start          Mark End        Relocate Start      Relocate End    
[2026-04-03T03:33:13.359+0600][58.839s][info][gc,heap     ] GC(79) O:      Used:      494M (28%)         494M (28%)         216M (12%)         202M (12%)    
[2026-04-03T03:33:13.359+0600][58.839s][info][gc,heap     ] GC(79) O:      Live:         -               171M (10%)         171M (10%)         171M (10%)    
[2026-04-03T03:33:13.359+0600][58.839s][info][gc,heap     ] GC(79) O:   Garbage:         -               322M (18%)          44M (3%)           23M (1%)     
[2026-04-03T03:33:13.359+0600][58.839s][info][gc,heap     ] GC(79) O: Allocated:         -                 0M (0%)            0M (0%)            6M (0%)     
[2026-04-03T03:33:13.359+0600][58.839s][info][gc,heap     ] GC(79) O: Reclaimed:         -                  -               278M (16%)         298M (17%)    
[2026-04-03T03:33:13.359+0600][58.839s][info][gc,heap     ] GC(79) O: Compacted:         -                  -                  -                 3M (0%)     
[2026-04-03T03:33:13.359+0600][58.839s][info][gc,phases   ] GC(79) O: Old Generation 576M(33%)->538M(31%) 0.621s
[2026-04-03T03:33:13.360+0600][58.839s][info][gc          ] GC(79) Major Collection (Allocation Rate) 642M(37%)->538M(31%) 0.653s
[2026-04-03T03:33:13.720+0600][59.200s][info][gc          ] GC(82) Major Collection (Allocation Rate)
[2026-04-03T03:33:13.720+0600][59.200s][info][gc,task     ] GC(82) Using 3 Workers for Young Generation
[2026-04-03T03:33:13.720+0600][59.200s][info][gc,task     ] GC(82) Using 2 Workers for Old Generation
[2026-04-03T03:33:13.720+0600][59.200s][info][gc,phases   ] GC(82) Y: Young Generation
[2026-04-03T03:33:13.720+0600][59.200s][info][gc,phases   ] GC(82) Y: Pause Mark Start (Major) 0.028ms
[2026-04-03T03:33:14.176+0600][59.656s][info][gc,phases   ] GC(82) Y: Concurrent Mark 455.921ms
[2026-04-03T03:33:14.177+0600][59.656s][info][gc,phases   ] GC(82) Y: Pause Mark End 0.046ms
[2026-04-03T03:33:14.177+0600][59.656s][info][gc,phases   ] GC(82) Y: Concurrent Mark Free 0.001ms
[2026-04-03T03:33:14.177+0600][59.657s][info][gc,phases   ] GC(82) Y: Concurrent Reset Relocation Set 0.018ms
[2026-04-03T03:33:14.181+0600][59.661s][info][gc,reloc    ] GC(82) Y: Using tenuring threshold: 5 (Computed)
[2026-04-03T03:33:14.186+0600][59.666s][info][gc,phases   ] GC(82) Y: Concurrent Select Relocation Set 8.927ms
[2026-04-03T03:33:14.186+0600][59.666s][info][gc,phases   ] GC(82) Y: Pause Relocate Start 0.044ms
[2026-04-03T03:33:14.244+0600][59.723s][info][gc,phases   ] GC(82) Y: Concurrent Relocate 57.279ms
[2026-04-03T03:33:14.244+0600][59.723s][info][gc,alloc    ] GC(82) Y:                         Mark Start        Mark End      Relocate Start    Relocate End   
[2026-04-03T03:33:14.244+0600][59.723s][info][gc,alloc    ] GC(82) Y: Allocation Stalls:          0                0                0                0         
[2026-04-03T03:33:14.244+0600][59.723s][info][gc,load     ] GC(82) Y: Load: 4.57 (38%) / 4.30 (36%) / 4.79 (40%)
[2026-04-03T03:33:14.244+0600][59.723s][info][gc,mmu      ] GC(82) Y: MMU: 2ms/87.1%, 5ms/94.8%, 10ms/97.4%, 20ms/98.4%, 50ms/99.4%, 100ms/99.6%
[2026-04-03T03:33:14.244+0600][59.723s][info][gc,marking  ] GC(82) Y: Mark: 2 stripe(s), 10 proactive flush(es), 1 terminate flush(es), 0 completion(s), 0 continuation(s) 
[2026-04-03T03:33:14.244+0600][59.723s][info][gc,marking  ] GC(82) Y: Mark Stack Usage: 32M
[2026-04-03T03:33:14.244+0600][59.723s][info][gc,nmethod  ] GC(82) Y: NMethods: 7245 registered, 800 unregistered
[2026-04-03T03:33:14.244+0600][59.723s][info][gc,metaspace] GC(82) Y: Metaspace: 71M used, 72M committed, 1088M reserved
[2026-04-03T03:33:14.244+0600][59.723s][info][gc,reloc    ] GC(82) Y:                        Candidates     Selected     In-Place         Size        Empty    Relocated 
[2026-04-03T03:33:14.244+0600][59.723s][info][gc,reloc    ] GC(82) Y: Small Pages:                  224           97            0         448M         226M          18M 
[2026-04-03T03:33:14.244+0600][59.723s][info][gc,reloc    ] GC(82) Y: Medium Pages:                   1            0            0          32M          32M           0M 
[2026-04-03T03:33:14.244+0600][59.723s][info][gc,reloc    ] GC(82) Y: Large Pages:                   13            0            0         102M          72M           0M 
[2026-04-03T03:33:14.244+0600][59.724s][info][gc,reloc    ] GC(82) Y: Forwarding Usage: 26M
[2026-04-03T03:33:14.244+0600][59.724s][info][gc,reloc    ] GC(82) Y: Age Table:
[2026-04-03T03:33:14.244+0600][59.724s][info][gc,reloc    ] GC(82) Y:                    Live             Garbage             Small              Medium             Large        
[2026-04-03T03:33:14.244+0600][59.724s][info][gc,reloc    ] GC(82) Y: Eden              53M (3%)          470M (27%)        204 / 90             1 / 0             10 / 0        
[2026-04-03T03:33:14.244+0600][59.724s][info][gc,reloc    ] GC(82) Y: Survivor 1          -                36M (2%)           9 / 0              0 / 0              3 / 0        
[2026-04-03T03:33:14.244+0600][59.724s][info][gc,reloc    ] GC(82) Y: Survivor 2          -                 6M (0%)           3 / 0              0 / 0              0 / 0        
[2026-04-03T03:33:14.244+0600][59.724s][info][gc,reloc    ] GC(82) Y: Survivor 3         0M (0%)           13M (1%)           7 / 6              0 / 0              0 / 0        
[2026-04-03T03:33:14.244+0600][59.724s][info][gc,reloc    ] GC(82) Y: Survivor 4         0M (0%)            1M (0%)           1 / 1              0 / 0              0 / 0        
[2026-04-03T03:33:14.244+0600][59.724s][info][gc,heap     ] GC(82) Y: Min Capacity: 8M(0%)
[2026-04-03T03:33:14.244+0600][59.724s][info][gc,heap     ] GC(82) Y: Max Capacity: 1750M(100%)
[2026-04-03T03:33:14.244+0600][59.724s][info][gc,heap     ] GC(82) Y: Soft Max Capacity: 1750M(100%)
[2026-04-03T03:33:14.244+0600][59.724s][info][gc,heap     ] GC(82) Y: Heap Statistics:
[2026-04-03T03:33:14.244+0600][59.724s][info][gc,heap     ] GC(82) Y:                Mark Start          Mark End        Relocate Start      Relocate End           High               Low         
[2026-04-03T03:33:14.244+0600][59.724s][info][gc,heap     ] GC(82) Y:  Capacity:     1750M (100%)       1750M (100%)       1750M (100%)       1750M (100%)       1750M (100%)       1750M (100%)   
[2026-04-03T03:33:14.244+0600][59.724s][info][gc,heap     ] GC(82) Y:      Free:      966M (55%)         676M (39%)        1004M (57%)        1170M (67%)        1170M (67%)         676M (39%)    
[2026-04-03T03:33:14.244+0600][59.724s][info][gc,heap     ] GC(82) Y:      Used:      784M (45%)        1074M (61%)         746M (43%)         580M (33%)        1074M (61%)         580M (33%)    
[2026-04-03T03:33:14.244+0600][59.724s][info][gc,heap     ] GC(82) Y: Young Generation Statistics:
[2026-04-03T03:33:14.244+0600][59.724s][info][gc,heap     ] GC(82) Y:                Mark Start          Mark End        Relocate Start      Relocate End    
[2026-04-03T03:33:14.244+0600][59.724s][info][gc,heap     ] GC(82) Y:      Used:      582M (33%)         872M (50%)         544M (31%)         378M (22%)    
[2026-04-03T03:33:14.244+0600][59.724s][info][gc,heap     ] GC(82) Y:      Live:         -                53M (3%)           53M (3%)           53M (3%)     
[2026-04-03T03:33:14.244+0600][59.724s][info][gc,heap     ] GC(82) Y:   Garbage:         -               528M (30%)         198M (11%)           0M (0%)     
[2026-04-03T03:33:14.244+0600][59.724s][info][gc,heap     ] GC(82) Y: Allocated:         -               290M (17%)         292M (17%)         324M (19%)    
[2026-04-03T03:33:14.244+0600][59.724s][info][gc,heap     ] GC(82) Y: Reclaimed:         -                  -               330M (19%)         528M (30%)    
[2026-04-03T03:33:14.244+0600][59.724s][info][gc,heap     ] GC(82) Y:  Promoted:         -                  -                 0M (0%)            0M (0%)     
[2026-04-03T03:33:14.244+0600][59.724s][info][gc,heap     ] GC(82) Y: Compacted:         -                  -                  -                23M (1%)     
[2026-04-03T03:33:14.244+0600][59.724s][info][gc,phases   ] GC(82) Y: Young Generation 784M(45%)->580M(33%) 0.524s
[2026-04-03T03:33:14.244+0600][59.724s][info][gc,phases   ] GC(82) O: Old Generation
[2026-04-03T03:33:14.250+0600][59.730s][info][gc          ] GC(83) Minor Collection (Allocation Rate)
[2026-04-03T03:33:14.250+0600][59.730s][info][gc,task     ] GC(83) Using 1 Workers for Young Generation
[2026-04-03T03:33:14.250+0600][59.730s][info][gc,phases   ] GC(83) y: Young Generation
[2026-04-03T03:33:14.251+0600][59.731s][info][gc,phases   ] GC(83) y: Pause Mark Start 0.199ms
[2026-04-03T03:33:14.746+0600][60.225s][info][gc,phases   ] GC(83) y: Concurrent Mark 494.290ms
[2026-04-03T03:33:14.746+0600][60.225s][info][gc,phases   ] GC(83) y: Pause Mark End 0.033ms
[2026-04-03T03:33:14.746+0600][60.226s][info][gc,phases   ] GC(83) y: Concurrent Mark Free 0.002ms
[2026-04-03T03:33:14.746+0600][60.226s][info][gc,phases   ] GC(83) y: Concurrent Reset Relocation Set 0.018ms
[2026-04-03T03:33:14.748+0600][60.228s][info][gc,reloc    ] GC(83) y: Using tenuring threshold: 6 (Computed)
[2026-04-03T03:33:14.755+0600][60.235s][info][gc,phases   ] GC(83) y: Concurrent Select Relocation Set 9.185ms
[2026-04-03T03:33:14.756+0600][60.235s][info][gc,phases   ] GC(83) y: Pause Relocate Start 0.025ms
[2026-04-03T03:33:14.802+0600][60.281s][info][gc,phases   ] GC(82) O: Concurrent Mark 557.395ms
[2026-04-03T03:33:14.803+0600][60.282s][info][gc,phases   ] GC(82) O: Pause Mark End 0.041ms
[2026-04-03T03:33:14.803+0600][60.283s][info][gc,phases   ] GC(82) O: Concurrent Mark Free 0.003ms
[2026-04-03T03:33:14.821+0600][60.301s][info][gc,phases   ] GC(82) O: Concurrent Process Non-Strong 18.308ms
[2026-04-03T03:33:14.821+0600][60.301s][info][gc,phases   ] GC(82) O: Concurrent Reset Relocation Set 0.006ms
[2026-04-03T03:33:14.824+0600][60.303s][info][gc,phases   ] GC(82) O: Concurrent Select Relocation Set 2.475ms
[2026-04-03T03:33:14.889+0600][60.368s][info][gc,phases   ] GC(83) y: Concurrent Relocate 133.250ms
[2026-04-03T03:33:14.889+0600][60.369s][info][gc,alloc    ] GC(83) y:                         Mark Start        Mark End      Relocate Start    Relocate End   
[2026-04-03T03:33:14.889+0600][60.369s][info][gc,alloc    ] GC(83) y: Allocation Stalls:          0                0                0                0         
[2026-04-03T03:33:14.889+0600][60.369s][info][gc,load     ] GC(83) y: Load: 4.57 (38%) / 4.30 (36%) / 4.79 (40%)
[2026-04-03T03:33:14.889+0600][60.369s][info][gc,mmu      ] GC(83) y: MMU: 2ms/87.1%, 5ms/94.8%, 10ms/97.4%, 20ms/98.4%, 50ms/99.4%, 100ms/99.6%
[2026-04-03T03:33:14.889+0600][60.369s][info][gc,marking  ] GC(83) y: Mark: 1 stripe(s), 2 proactive flush(es), 1 terminate flush(es), 0 completion(s), 0 continuation(s) 
[2026-04-03T03:33:14.889+0600][60.369s][info][gc,marking  ] GC(83) y: Mark Stack Usage: 32M
[2026-04-03T03:33:14.889+0600][60.369s][info][gc,nmethod  ] GC(83) y: NMethods: 7300 registered, 813 unregistered
[2026-04-03T03:33:14.889+0600][60.369s][info][gc,metaspace] GC(83) y: Metaspace: 71M used, 72M committed, 1088M reserved
[2026-04-03T03:33:14.889+0600][60.369s][info][gc,reloc    ] GC(83) y:                        Candidates     Selected     In-Place         Size        Empty    Relocated 
[2026-04-03T03:33:14.889+0600][60.369s][info][gc,reloc    ] GC(83) y: Small Pages:                  131           91            0         262M          52M          19M 
[2026-04-03T03:33:14.889+0600][60.369s][info][gc,reloc    ] GC(83) y: Medium Pages:                   1            0            0          32M          32M           0M 
[2026-04-03T03:33:14.889+0600][60.369s][info][gc,reloc    ] GC(83) y: Large Pages:                   10            0            0          84M          54M           0M 
[2026-04-03T03:33:14.889+0600][60.369s][info][gc,reloc    ] GC(83) y: Forwarding Usage: 25M
[2026-04-03T03:33:14.889+0600][60.369s][info][gc,reloc    ] GC(83) y: Age Table:
[2026-04-03T03:33:14.889+0600][60.369s][info][gc,reloc    ] GC(83) y:                    Live             Garbage             Small              Medium             Large        
[2026-04-03T03:33:14.889+0600][60.369s][info][gc,reloc    ] GC(83) y: Eden              54M (3%)          257M (15%)        113 / 84             1 / 0              7 / 0        
[2026-04-03T03:33:14.889+0600][60.369s][info][gc,reloc    ] GC(83) y: Survivor 1         0M (0%)           57M (3%)          14 / 3              0 / 0              3 / 0        
[2026-04-03T03:33:14.889+0600][60.369s][info][gc,reloc    ] GC(83) y: Survivor 2          -                 0M (0%)           0 / 0              0 / 0              0 / 0        
[2026-04-03T03:33:14.889+0600][60.369s][info][gc,reloc    ] GC(83) y: Survivor 3          -                 0M (0%)           0 / 0              0 / 0              0 / 0        
[2026-04-03T03:33:14.889+0600][60.369s][info][gc,reloc    ] GC(83) y: Survivor 4         0M (0%)            5M (0%)           3 / 3              0 / 0              0 / 0        
[2026-04-03T03:33:14.889+0600][60.369s][info][gc,reloc    ] GC(83) y: Survivor 5         0M (0%)            1M (0%)           1 / 1              0 / 0              0 / 0        
[2026-04-03T03:33:14.889+0600][60.369s][info][gc,heap     ] GC(83) y: Min Capacity: 8M(0%)
[2026-04-03T03:33:14.889+0600][60.369s][info][gc,heap     ] GC(83) y: Max Capacity: 1750M(100%)
[2026-04-03T03:33:14.889+0600][60.369s][info][gc,heap     ] GC(83) y: Soft Max Capacity: 1750M(100%)
[2026-04-03T03:33:14.889+0600][60.369s][info][gc,heap     ] GC(83) y: Heap Statistics:
[2026-04-03T03:33:14.889+0600][60.369s][info][gc,heap     ] GC(83) y:                Mark Start          Mark End        Relocate Start      Relocate End           High               Low         
[2026-04-03T03:33:14.889+0600][60.369s][info][gc,heap     ] GC(83) y:  Capacity:     1750M (100%)       1750M (100%)       1750M (100%)       1750M (100%)       1750M (100%)       1750M (100%)   
[2026-04-03T03:33:14.889+0600][60.369s][info][gc,heap     ] GC(83) y:      Free:     1170M (67%)         992M (57%)        1126M (64%)        1226M (70%)        1260M (72%)         988M (56%)    
[2026-04-03T03:33:14.889+0600][60.369s][info][gc,heap     ] GC(83) y:      Used:      580M (33%)         758M (43%)         624M (36%)         524M (30%)         762M (44%)         490M (28%)    
[2026-04-03T03:33:14.889+0600][60.369s][info][gc,heap     ] GC(83) y: Young Generation Statistics:
[2026-04-03T03:33:14.889+0600][60.369s][info][gc,heap     ] GC(83) y:                Mark Start          Mark End        Relocate Start      Relocate End    
[2026-04-03T03:33:14.889+0600][60.369s][info][gc,heap     ] GC(83) y:      Used:      378M (22%)         556M (32%)         422M (24%)         322M (18%)    
[2026-04-03T03:33:14.889+0600][60.369s][info][gc,heap     ] GC(83) y:      Live:         -                54M (3%)           54M (3%)           54M (3%)     
[2026-04-03T03:33:14.889+0600][60.369s][info][gc,heap     ] GC(83) y:   Garbage:         -               323M (18%)         185M (11%)           0M (0%)     
[2026-04-03T03:33:14.889+0600][60.369s][info][gc,heap     ] GC(83) y: Allocated:         -               178M (10%)         182M (10%)         267M (15%)    
[2026-04-03T03:33:14.889+0600][60.369s][info][gc,heap     ] GC(83) y: Reclaimed:         -                  -               138M (8%)          323M (18%)    
[2026-04-03T03:33:14.889+0600][60.369s][info][gc,heap     ] GC(83) y:  Promoted:         -                  -                 0M (0%)            0M (0%)     
[2026-04-03T03:33:14.889+0600][60.369s][info][gc,heap     ] GC(83) y: Compacted:         -                  -                  -                24M (1%)     
[2026-04-03T03:33:14.889+0600][60.369s][info][gc,phases   ] GC(83) y: Young Generation 580M(33%)->524M(30%) 0.639s
[2026-04-03T03:33:14.889+0600][60.369s][info][gc          ] GC(83) Minor Collection (Allocation Rate) 580M(33%)->524M(30%) 0.639s
[2026-04-03T03:33:14.890+0600][60.369s][info][gc,task     ] GC(82) O: Using 3 Workers for Old Generation
[2026-04-03T03:33:14.914+0600][60.394s][info][gc,task     ] GC(82) O: Using 2 Workers for Old Generation
[2026-04-03T03:33:14.914+0600][60.394s][info][gc,phases   ] GC(82) O: Concurrent Remap Roots 24.618ms
[2026-04-03T03:33:14.915+0600][60.394s][info][gc,phases   ] GC(82) O: Pause Relocate Start 0.029ms
[2026-04-03T03:33:14.915+0600][60.394s][info][gc          ] GC(84) Minor Collection (Allocation Rate)
[2026-04-03T03:33:14.915+0600][60.394s][info][gc,task     ] GC(84) Using 1 Workers for Young Generation
[2026-04-03T03:33:14.915+0600][60.394s][info][gc,phases   ] GC(84) y: Young Generation
[2026-04-03T03:33:14.915+0600][60.395s][info][gc,phases   ] GC(84) y: Pause Mark Start 0.022ms
[2026-04-03T03:33:14.919+0600][60.399s][info][gc,task     ] Adjusting Workers for Old Generation: 2 -> 1
[2026-04-03T03:33:14.923+0600][60.403s][info][gc,phases   ] GC(82) O: Concurrent Relocate 8.662ms
[2026-04-03T03:33:14.960+0600][60.439s][info][gc,phases   ] GC(84) y: Concurrent Mark 44.422ms
[2026-04-03T03:33:14.960+0600][60.439s][info][gc,phases   ] GC(84) y: Pause Mark End 0.035ms
[2026-04-03T03:33:14.960+0600][60.440s][info][gc,phases   ] GC(84) y: Concurrent Mark Free 0.001ms
[2026-04-03T03:33:14.960+0600][60.440s][info][gc,phases   ] GC(84) y: Concurrent Reset Relocation Set 0.031ms
[2026-04-03T03:33:14.965+0600][60.445s][info][gc,reloc    ] GC(84) y: Using tenuring threshold: 7 (Computed)
[2026-04-03T03:33:14.969+0600][60.449s][info][gc,phases   ] GC(84) y: Concurrent Select Relocation Set 8.939ms
[2026-04-03T03:33:14.969+0600][60.449s][info][gc,phases   ] GC(84) y: Pause Relocate Start 0.026ms
[2026-04-03T03:33:14.994+0600][60.473s][info][gc,phases   ] GC(84) y: Concurrent Relocate 24.365ms
[2026-04-03T03:33:14.994+0600][60.474s][info][gc,alloc    ] GC(84) y:                         Mark Start        Mark End      Relocate Start    Relocate End   
[2026-04-03T03:33:14.994+0600][60.474s][info][gc,alloc    ] GC(84) y: Allocation Stalls:          0                0                0                0         
[2026-04-03T03:33:14.994+0600][60.474s][info][gc,load     ] GC(84) y: Load: 4.57 (38%) / 4.30 (36%) / 4.79 (40%)
[2026-04-03T03:33:14.994+0600][60.474s][info][gc,mmu      ] GC(84) y: MMU: 2ms/87.1%, 5ms/94.8%, 10ms/97.4%, 20ms/98.4%, 50ms/99.4%, 100ms/99.6%
[2026-04-03T03:33:14.994+0600][60.474s][info][gc,marking  ] GC(84) y: Mark: 1 stripe(s), 2 proactive flush(es), 1 terminate flush(es), 0 completion(s), 0 continuation(s) 
[2026-04-03T03:33:14.994+0600][60.474s][info][gc,marking  ] GC(84) y: Mark Stack Usage: 32M
[2026-04-03T03:33:14.994+0600][60.474s][info][gc,nmethod  ] GC(84) y: NMethods: 7300 registered, 813 unregistered
[2026-04-03T03:33:14.994+0600][60.474s][info][gc,metaspace] GC(84) y: Metaspace: 71M used, 72M committed, 1088M reserved
[2026-04-03T03:33:14.994+0600][60.474s][info][gc,reloc    ] GC(84) y:                        Candidates     Selected     In-Place         Size        Empty    Relocated 
[2026-04-03T03:33:14.994+0600][60.474s][info][gc,reloc    ] GC(84) y: Small Pages:                  145           64            0         290M         156M           4M 
[2026-04-03T03:33:14.994+0600][60.474s][info][gc,reloc    ] GC(84) y: Medium Pages:                   1            0            0          32M           0M           0M 
[2026-04-03T03:33:14.994+0600][60.474s][info][gc,reloc    ] GC(84) y: Large Pages:                    4            0            0          36M          36M           0M 
[2026-04-03T03:33:14.994+0600][60.474s][info][gc,reloc    ] GC(84) y: Forwarding Usage: 3M
[2026-04-03T03:33:14.994+0600][60.474s][info][gc,reloc    ] GC(84) y: Age Table:
[2026-04-03T03:33:14.994+0600][60.474s][info][gc,reloc    ] GC(84) y:                    Live             Garbage             Small              Medium             Large        
[2026-04-03T03:33:14.994+0600][60.474s][info][gc,reloc    ] GC(84) y: Eden               5M (0%)          286M (16%)        127 / 57             1 / 0              1 / 0        
[2026-04-03T03:33:14.994+0600][60.474s][info][gc,reloc    ] GC(84) y: Survivor 1         0M (0%)           59M (3%)          15 / 4              0 / 0              3 / 0        
[2026-04-03T03:33:14.994+0600][60.474s][info][gc,reloc    ] GC(84) y: Survivor 2         0M (0%)            1M (0%)           1 / 1              0 / 0              0 / 0        
[2026-04-03T03:33:14.994+0600][60.474s][info][gc,reloc    ] GC(84) y: Survivor 3          -                 0M (0%)           0 / 0              0 / 0              0 / 0        
[2026-04-03T03:33:14.994+0600][60.474s][info][gc,reloc    ] GC(84) y: Survivor 4          -                 0M (0%)           0 / 0              0 / 0              0 / 0        
[2026-04-03T03:33:14.994+0600][60.474s][info][gc,reloc    ] GC(84) y: Survivor 5         0M (0%)            1M (0%)           1 / 1              0 / 0              0 / 0        
[2026-04-03T03:33:14.994+0600][60.474s][info][gc,reloc    ] GC(84) y: Survivor 6         0M (0%)            1M (0%)           1 / 1              0 / 0              0 / 0        
[2026-04-03T03:33:14.994+0600][60.474s][info][gc,heap     ] GC(84) y: Min Capacity: 8M(0%)
[2026-04-03T03:33:14.994+0600][60.474s][info][gc,heap     ] GC(84) y: Max Capacity: 1750M(100%)
[2026-04-03T03:33:14.994+0600][60.474s][info][gc,heap     ] GC(84) y: Soft Max Capacity: 1750M(100%)
[2026-04-03T03:33:14.994+0600][60.474s][info][gc,heap     ] GC(84) y: Heap Statistics:
[2026-04-03T03:33:14.994+0600][60.474s][info][gc,heap     ] GC(84) y:                Mark Start          Mark End        Relocate Start      Relocate End           High               Low         
[2026-04-03T03:33:14.994+0600][60.474s][info][gc,heap     ] GC(84) y:  Capacity:     1750M (100%)       1750M (100%)       1750M (100%)       1750M (100%)       1750M (100%)       1750M (100%)   
[2026-04-03T03:33:14.994+0600][60.474s][info][gc,heap     ] GC(84) y:      Free:     1184M (68%)        1072M (61%)        1250M (71%)        1324M (76%)        1328M (76%)        1072M (61%)    
[2026-04-03T03:33:14.994+0600][60.474s][info][gc,heap     ] GC(84) y:      Used:      566M (32%)         678M (39%)         500M (29%)         426M (24%)         678M (39%)         422M (24%)    
[2026-04-03T03:33:14.994+0600][60.474s][info][gc,heap     ] GC(84) y: Young Generation Statistics:
[2026-04-03T03:33:14.994+0600][60.474s][info][gc,heap     ] GC(84) y:                Mark Start          Mark End        Relocate Start      Relocate End    
[2026-04-03T03:33:14.994+0600][60.474s][info][gc,heap     ] GC(84) y:      Used:      358M (20%)         470M (27%)         292M (17%)         218M (12%)    
[2026-04-03T03:33:14.994+0600][60.474s][info][gc,heap     ] GC(84) y:      Live:         -                 5M (0%)            5M (0%)            5M (0%)     
[2026-04-03T03:33:14.994+0600][60.474s][info][gc,heap     ] GC(84) y:   Garbage:         -               352M (20%)         160M (9%)           31M (2%)     
[2026-04-03T03:33:14.994+0600][60.474s][info][gc,heap     ] GC(84) y: Allocated:         -               112M (6%)          126M (7%)          181M (10%)    
[2026-04-03T03:33:14.994+0600][60.474s][info][gc,heap     ] GC(84) y: Reclaimed:         -                  -               192M (11%)         321M (18%)    
[2026-04-03T03:33:14.994+0600][60.474s][info][gc,heap     ] GC(84) y:  Promoted:         -                  -                 0M (0%)            0M (0%)     
[2026-04-03T03:33:14.994+0600][60.474s][info][gc,heap     ] GC(84) y: Compacted:         -                  -                  -                 4M (0%)     
[2026-04-03T03:33:14.994+0600][60.474s][info][gc,phases   ] GC(84) y: Young Generation 566M(32%)->426M(24%) 0.079s
[2026-04-03T03:33:14.995+0600][60.474s][info][gc          ] GC(84) Minor Collection (Allocation Rate) 564M(32%)->426M(24%) 0.080s
[2026-04-03T03:33:14.995+0600][60.474s][info][gc,alloc    ] GC(82) O:                         Mark Start        Mark End      Relocate Start    Relocate End   
[2026-04-03T03:33:14.995+0600][60.474s][info][gc,alloc    ] GC(82) O: Allocation Stalls:          0                0                0                0         
[2026-04-03T03:33:14.995+0600][60.474s][info][gc,load     ] GC(82) O: Load: 4.57 (38%) / 4.30 (36%) / 4.79 (40%)
[2026-04-03T03:33:14.995+0600][60.474s][info][gc,mmu      ] GC(82) O: MMU: 2ms/87.1%, 5ms/94.8%, 10ms/97.4%, 20ms/98.4%, 50ms/99.4%, 100ms/99.6%
[2026-04-03T03:33:14.995+0600][60.474s][info][gc,marking  ] GC(82) O: Mark: 2 stripe(s), 2 proactive flush(es), 1 terminate flush(es), 0 completion(s), 0 continuation(s) 
[2026-04-03T03:33:14.995+0600][60.474s][info][gc,marking  ] GC(82) O: Mark Stack Usage: 32M
[2026-04-03T03:33:14.995+0600][60.474s][info][gc,nmethod  ] GC(82) O: NMethods: 7300 registered, 813 unregistered
[2026-04-03T03:33:14.995+0600][60.474s][info][gc,metaspace] GC(82) O: Metaspace: 71M used, 72M committed, 1088M reserved
[2026-04-03T03:33:14.995+0600][60.474s][info][gc,ref      ] GC(82) O:                       Encountered   Discovered     Enqueued 
[2026-04-03T03:33:14.995+0600][60.474s][info][gc,ref      ] GC(82) O: Soft References:             5088            0            0 
[2026-04-03T03:33:14.995+0600][60.474s][info][gc,ref      ] GC(82) O: Weak References:             7315         4304          141 
[2026-04-03T03:33:14.995+0600][60.474s][info][gc,ref      ] GC(82) O: Final References:              84            0            0 
[2026-04-03T03:33:14.995+0600][60.474s][info][gc,ref      ] GC(82) O: Phantom References:           605          376            0 
[2026-04-03T03:33:14.995+0600][60.474s][info][gc,reloc    ] GC(82) O:                        Candidates     Selected     In-Place         Size        Empty    Relocated 
[2026-04-03T03:33:14.995+0600][60.474s][info][gc,reloc    ] GC(82) O: Small Pages:                   85            3            0         170M           0M           1M 
[2026-04-03T03:33:14.995+0600][60.474s][info][gc,reloc    ] GC(82) O: Medium Pages:                   1            0            0          32M           0M           0M 
[2026-04-03T03:33:14.995+0600][60.474s][info][gc,reloc    ] GC(82) O: Large Pages:                    0            0            0           0M           0M           0M 
[2026-04-03T03:33:14.995+0600][60.474s][info][gc,reloc    ] GC(82) O: Forwarding Usage: 0M
[2026-04-03T03:33:14.995+0600][60.474s][info][gc,heap     ] GC(82) O: Min Capacity: 8M(0%)
[2026-04-03T03:33:14.995+0600][60.475s][info][gc,heap     ] GC(82) O: Max Capacity: 1750M(100%)
[2026-04-03T03:33:14.995+0600][60.475s][info][gc,heap     ] GC(82) O: Soft Max Capacity: 1750M(100%)
[2026-04-03T03:33:14.995+0600][60.475s][info][gc,heap     ] GC(82) O: Heap Statistics:
[2026-04-03T03:33:14.995+0600][60.475s][info][gc,heap     ] GC(82) O:                Mark Start          Mark End        Relocate Start      Relocate End           High               Low         
[2026-04-03T03:33:14.995+0600][60.475s][info][gc,heap     ] GC(82) O:  Capacity:     1750M (100%)       1750M (100%)       1750M (100%)       1750M (100%)       1750M (100%)       1750M (100%)   
[2026-04-03T03:33:14.995+0600][60.475s][info][gc,heap     ] GC(82) O:      Free:      966M (55%)        1242M (71%)        1190M (68%)        1164M (67%)        1260M (72%)         676M (39%)    
[2026-04-03T03:33:14.995+0600][60.475s][info][gc,heap     ] GC(82) O:      Used:      784M (45%)         508M (29%)         560M (32%)         586M (33%)        1074M (61%)         490M (28%)    
[2026-04-03T03:33:14.995+0600][60.475s][info][gc,heap     ] GC(82) O: Old Generation Statistics:
[2026-04-03T03:33:14.995+0600][60.475s][info][gc,heap     ] GC(82) O:                Mark Start          Mark End        Relocate Start      Relocate End    
[2026-04-03T03:33:14.995+0600][60.475s][info][gc,heap     ] GC(82) O:      Used:      202M (12%)         202M (12%)         202M (12%)         208M (12%)    
[2026-04-03T03:33:14.995+0600][60.475s][info][gc,heap     ] GC(82) O:      Live:         -               171M (10%)         171M (10%)         171M (10%)    
[2026-04-03T03:33:14.995+0600][60.475s][info][gc,heap     ] GC(82) O:   Garbage:         -                30M (2%)           30M (2%)           24M (1%)     
[2026-04-03T03:33:14.995+0600][60.475s][info][gc,heap     ] GC(82) O: Allocated:         -                 0M (0%)            0M (0%)           12M (1%)     
[2026-04-03T03:33:14.995+0600][60.475s][info][gc,heap     ] GC(82) O: Reclaimed:         -                  -                 0M (0%)            6M (0%)     
[2026-04-03T03:33:14.995+0600][60.475s][info][gc,heap     ] GC(82) O: Compacted:         -                  -                  -                 1M (0%)     
[2026-04-03T03:33:14.995+0600][60.475s][info][gc,phases   ] GC(82) O: Old Generation 580M(33%)->586M(33%) 0.750s
[2026-04-03T03:33:14.995+0600][60.475s][info][gc          ] GC(82) Major Collection (Allocation Rate) 784M(45%)->428M(24%) 1.275s
[2026-04-03T03:33:15.041+0600][60.520s][info][gc          ] GC(85) Minor Collection (Allocation Rate)
[2026-04-03T03:33:15.041+0600][60.521s][info][gc,task     ] GC(85) Using 2 Workers for Young Generation
[2026-04-03T03:33:15.041+0600][60.521s][info][gc,phases   ] GC(85) y: Young Generation
[2026-04-03T03:33:15.041+0600][60.521s][info][gc,phases   ] GC(85) y: Pause Mark Start 0.024ms
[2026-04-03T03:33:15.137+0600][60.616s][info][gc,phases   ] GC(85) y: Concurrent Mark 95.104ms
[2026-04-03T03:33:15.137+0600][60.617s][info][gc,phases   ] GC(85) y: Pause Mark End 0.095ms
[2026-04-03T03:33:15.137+0600][60.617s][info][gc,phases   ] GC(85) y: Concurrent Mark Free 0.001ms
[2026-04-03T03:33:15.137+0600][60.617s][info][gc,phases   ] GC(85) y: Concurrent Reset Relocation Set 0.014ms
[2026-04-03T03:33:15.142+0600][60.622s][info][gc,reloc    ] GC(85) y: Using tenuring threshold: 8 (Computed)
[2026-04-03T03:33:15.154+0600][60.634s][info][gc,phases   ] GC(85) y: Concurrent Select Relocation Set 17.076ms
[2026-04-03T03:33:15.155+0600][60.635s][info][gc,phases   ] GC(85) y: Pause Relocate Start 0.093ms
[2026-04-03T03:33:15.204+0600][60.683s][info][gc,phases   ] GC(85) y: Concurrent Relocate 48.578ms
[2026-04-03T03:33:15.204+0600][60.684s][info][gc,alloc    ] GC(85) y:                         Mark Start        Mark End      Relocate Start    Relocate End   
[2026-04-03T03:33:15.204+0600][60.684s][info][gc,alloc    ] GC(85) y: Allocation Stalls:          0                0                0                0         
[2026-04-03T03:33:15.204+0600][60.684s][info][gc,load     ] GC(85) y: Load: 4.57 (38%) / 4.30 (36%) / 4.79 (40%)
[2026-04-03T03:33:15.204+0600][60.684s][info][gc,mmu      ] GC(85) y: MMU: 2ms/87.1%, 5ms/94.8%, 10ms/97.4%, 20ms/98.4%, 50ms/99.4%, 100ms/99.6%
[2026-04-03T03:33:15.204+0600][60.684s][info][gc,marking  ] GC(85) y: Mark: 2 stripe(s), 2 proactive flush(es), 1 terminate flush(es), 0 completion(s), 0 continuation(s) 
[2026-04-03T03:33:15.204+0600][60.684s][info][gc,marking  ] GC(85) y: Mark Stack Usage: 32M
[2026-04-03T03:33:15.204+0600][60.684s][info][gc,nmethod  ] GC(85) y: NMethods: 7301 registered, 813 unregistered
[2026-04-03T03:33:15.204+0600][60.684s][info][gc,metaspace] GC(85) y: Metaspace: 71M used, 72M committed, 1088M reserved
[2026-04-03T03:33:15.204+0600][60.684s][info][gc,reloc    ] GC(85) y:                        Candidates     Selected     In-Place         Size        Empty    Relocated 
[2026-04-03T03:33:15.204+0600][60.684s][info][gc,reloc    ] GC(85) y: Small Pages:                  125          109            0         250M           0M          21M 
[2026-04-03T03:33:15.204+0600][60.684s][info][gc,reloc    ] GC(85) y: Medium Pages:                   2            0            0          64M          32M           0M 
[2026-04-03T03:33:15.204+0600][60.684s][info][gc,reloc    ] GC(85) y: Large Pages:                    0            0            0           0M           0M           0M 
[2026-04-03T03:33:15.204+0600][60.684s][info][gc,reloc    ] GC(85) y: Forwarding Usage: 24M
[2026-04-03T03:33:15.204+0600][60.684s][info][gc,reloc    ] GC(85) y: Age Table:
[2026-04-03T03:33:15.204+0600][60.684s][info][gc,reloc    ] GC(85) y:                    Live             Garbage             Small              Medium             Large        
[2026-04-03T03:33:15.204+0600][60.684s][info][gc,reloc    ] GC(85) y: Eden              30M (2%)          231M (13%)        115 / 101            1 / 0              0 / 0        
[2026-04-03T03:33:15.204+0600][60.684s][info][gc,reloc    ] GC(85) y: Survivor 1         4M (0%)           39M (2%)           6 / 4              1 / 0              0 / 0        
[2026-04-03T03:33:15.204+0600][60.684s][info][gc,reloc    ] GC(85) y: Survivor 2         0M (0%)            1M (0%)           1 / 1              0 / 0              0 / 0        
[2026-04-03T03:33:15.204+0600][60.684s][info][gc,reloc    ] GC(85) y: Survivor 3         0M (0%)            1M (0%)           1 / 1              0 / 0              0 / 0        
[2026-04-03T03:33:15.204+0600][60.684s][info][gc,reloc    ] GC(85) y: Survivor 4          -                 0M (0%)           0 / 0              0 / 0              0 / 0        
[2026-04-03T03:33:15.204+0600][60.684s][info][gc,reloc    ] GC(85) y: Survivor 5          -                 0M (0%)           0 / 0              0 / 0              0 / 0        
[2026-04-03T03:33:15.204+0600][60.684s][info][gc,reloc    ] GC(85) y: Survivor 6         0M (0%)            1M (0%)           1 / 1              0 / 0              0 / 0        
[2026-04-03T03:33:15.204+0600][60.684s][info][gc,reloc    ] GC(85) y: Survivor 7         0M (0%)            1M (0%)           1 / 1              0 / 0              0 / 0        
[2026-04-03T03:33:15.204+0600][60.684s][info][gc,heap     ] GC(85) y: Min Capacity: 8M(0%)
[2026-04-03T03:33:15.204+0600][60.684s][info][gc,heap     ] GC(85) y: Max Capacity: 1750M(100%)
[2026-04-03T03:33:15.204+0600][60.684s][info][gc,heap     ] GC(85) y: Soft Max Capacity: 1750M(100%)
[2026-04-03T03:33:15.204+0600][60.684s][info][gc,heap     ] GC(85) y: Heap Statistics:
[2026-04-03T03:33:15.204+0600][60.684s][info][gc,heap     ] GC(85) y:                Mark Start          Mark End        Relocate Start      Relocate End           High               Low         
[2026-04-03T03:33:15.204+0600][60.684s][info][gc,heap     ] GC(85) y:  Capacity:     1750M (100%)       1750M (100%)       1750M (100%)       1750M (100%)       1750M (100%)       1750M (100%)   
[2026-04-03T03:33:15.204+0600][60.684s][info][gc,heap     ] GC(85) y:      Free:     1228M (70%)        1050M (60%)        1050M (60%)        1170M (67%)        1228M (70%)        1038M (59%)    
[2026-04-03T03:33:15.204+0600][60.684s][info][gc,heap     ] GC(85) y:      Used:      522M (30%)         700M (40%)         700M (40%)         580M (33%)         712M (41%)         522M (30%)    
[2026-04-03T03:33:15.204+0600][60.684s][info][gc,heap     ] GC(85) y: Young Generation Statistics:
[2026-04-03T03:33:15.204+0600][60.684s][info][gc,heap     ] GC(85) y:                Mark Start          Mark End        Relocate Start      Relocate End    
[2026-04-03T03:33:15.204+0600][60.684s][info][gc,heap     ] GC(85) y:      Used:      314M (18%)         492M (28%)         492M (28%)         372M (21%)    
[2026-04-03T03:33:15.204+0600][60.684s][info][gc,heap     ] GC(85) y:      Live:         -                34M (2%)           34M (2%)           34M (2%)     
[2026-04-03T03:33:15.204+0600][60.684s][info][gc,heap     ] GC(85) y:   Garbage:         -               279M (16%)         247M (14%)          26M (1%)     
[2026-04-03T03:33:15.204+0600][60.684s][info][gc,heap     ] GC(85) y: Allocated:         -               178M (10%)         210M (12%)         311M (18%)    
[2026-04-03T03:33:15.204+0600][60.684s][info][gc,heap     ] GC(85) y: Reclaimed:         -                  -                32M (2%)          253M (14%)    
[2026-04-03T03:33:15.204+0600][60.684s][info][gc,heap     ] GC(85) y:  Promoted:         -                  -                 0M (0%)            0M (0%)     
[2026-04-03T03:33:15.204+0600][60.684s][info][gc,heap     ] GC(85) y: Compacted:         -                  -                  -                24M (1%)     
[2026-04-03T03:33:15.205+0600][60.684s][info][gc,phases   ] GC(85) y: Young Generation 520M(30%)->580M(33%) 0.163s
[2026-04-03T03:33:15.205+0600][60.684s][info][gc          ] GC(85) Minor Collection (Allocation Rate) 520M(30%)->582M(33%) 0.164s
[2026-04-03T03:33:15.670+0600][61.150s][info][gc          ] GC(86) Minor Collection (Allocation Rate)
[2026-04-03T03:33:15.670+0600][61.150s][info][gc,task     ] GC(86) Using 3 Workers for Young Generation
[2026-04-03T03:33:15.670+0600][61.150s][info][gc,phases   ] GC(86) y: Young Generation
[2026-04-03T03:33:15.671+0600][61.150s][info][gc,phases   ] GC(86) y: Pause Mark Start 0.029ms
[2026-04-03T03:33:16.002+0600][61.482s][info][gc,phases   ] GC(86) y: Concurrent Mark 331.515ms
[2026-04-03T03:33:16.003+0600][61.482s][info][gc,phases   ] GC(86) y: Pause Mark End 0.060ms
[2026-04-03T03:33:16.003+0600][61.483s][info][gc,phases   ] GC(86) y: Concurrent Mark Free 0.001ms
[2026-04-03T03:33:16.003+0600][61.483s][info][gc,phases   ] GC(86) y: Concurrent Reset Relocation Set 0.044ms
[2026-04-03T03:33:16.010+0600][61.490s][info][gc,reloc    ] GC(86) y: Using tenuring threshold: 9 (Computed)
[2026-04-03T03:33:16.019+0600][61.498s][info][gc,phases   ] GC(86) y: Concurrent Select Relocation Set 15.506ms
[2026-04-03T03:33:16.019+0600][61.499s][info][gc,phases   ] GC(86) y: Pause Relocate Start 0.045ms
[2026-04-03T03:33:16.099+0600][61.579s][info][gc,phases   ] GC(86) y: Concurrent Relocate 79.976ms
[2026-04-03T03:33:16.100+0600][61.579s][info][gc,alloc    ] GC(86) y:                         Mark Start        Mark End      Relocate Start    Relocate End   
[2026-04-03T03:33:16.100+0600][61.579s][info][gc,alloc    ] GC(86) y: Allocation Stalls:          0                0                0                0         
[2026-04-03T03:33:16.100+0600][61.579s][info][gc,load     ] GC(86) y: Load: 4.45 (37%) / 4.28 (36%) / 4.78 (40%)
[2026-04-03T03:33:16.100+0600][61.579s][info][gc,mmu      ] GC(86) y: MMU: 2ms/87.1%, 5ms/94.8%, 10ms/97.4%, 20ms/98.4%, 50ms/99.4%, 100ms/99.6%
[2026-04-03T03:33:16.100+0600][61.579s][info][gc,marking  ] GC(86) y: Mark: 2 stripe(s), 5 proactive flush(es), 1 terminate flush(es), 0 completion(s), 0 continuation(s) 
[2026-04-03T03:33:16.100+0600][61.579s][info][gc,marking  ] GC(86) y: Mark Stack Usage: 32M
[2026-04-03T03:33:16.100+0600][61.579s][info][gc,nmethod  ] GC(86) y: NMethods: 7337 registered, 813 unregistered
[2026-04-03T03:33:16.100+0600][61.579s][info][gc,metaspace] GC(86) y: Metaspace: 71M used, 72M committed, 1088M reserved
[2026-04-03T03:33:16.100+0600][61.579s][info][gc,reloc    ] GC(86) y:                        Candidates     Selected     In-Place         Size        Empty    Relocated 
[2026-04-03T03:33:16.100+0600][61.579s][info][gc,reloc    ] GC(86) y: Small Pages:                  230          182            0         460M          28M          30M 
[2026-04-03T03:33:16.100+0600][61.579s][info][gc,reloc    ] GC(86) y: Medium Pages:                   3            1            0          96M          32M          10M 
[2026-04-03T03:33:16.100+0600][61.579s][info][gc,reloc    ] GC(86) y: Large Pages:                    3            0            0          18M          12M           0M 
[2026-04-03T03:33:16.100+0600][61.579s][info][gc,reloc    ] GC(86) y: Forwarding Usage: 31M
[2026-04-03T03:33:16.100+0600][61.579s][info][gc,reloc    ] GC(86) y: Age Table:
[2026-04-03T03:33:16.100+0600][61.579s][info][gc,reloc    ] GC(86) y:                    Live             Garbage             Small              Medium             Large        
[2026-04-03T03:33:16.100+0600][61.579s][info][gc,reloc    ] GC(86) y: Eden              55M (3%)          428M (24%)        201 / 169            2 / 1              3 / 0        
[2026-04-03T03:33:16.100+0600][61.579s][info][gc,reloc    ] GC(86) y: Survivor 1        17M (1%)           48M (3%)          17 / 5              1 / 0              0 / 0        
[2026-04-03T03:33:16.100+0600][61.579s][info][gc,reloc    ] GC(86) y: Survivor 2         3M (0%)           12M (1%)           8 / 4              0 / 0              0 / 0        
[2026-04-03T03:33:16.100+0600][61.579s][info][gc,reloc    ] GC(86) y: Survivor 3         0M (0%)            1M (0%)           1 / 1              0 / 0              0 / 0        
[2026-04-03T03:33:16.100+0600][61.579s][info][gc,reloc    ] GC(86) y: Survivor 4         0M (0%)            1M (0%)           1 / 1              0 / 0              0 / 0        
[2026-04-03T03:33:16.100+0600][61.579s][info][gc,reloc    ] GC(86) y: Survivor 5          -                 0M (0%)           0 / 0              0 / 0              0 / 0        
[2026-04-03T03:33:16.100+0600][61.580s][info][gc,reloc    ] GC(86) y: Survivor 6          -                 0M (0%)           0 / 0              0 / 0              0 / 0        
[2026-04-03T03:33:16.100+0600][61.580s][info][gc,reloc    ] GC(86) y: Survivor 7         0M (0%)            1M (0%)           1 / 1              0 / 0              0 / 0        
[2026-04-03T03:33:16.100+0600][61.580s][info][gc,reloc    ] GC(86) y: Survivor 8         0M (0%)            1M (0%)           1 / 1              0 / 0              0 / 0        
[2026-04-03T03:33:16.100+0600][61.580s][info][gc,heap     ] GC(86) y: Min Capacity: 8M(0%)
[2026-04-03T03:33:16.100+0600][61.580s][info][gc,heap     ] GC(86) y: Max Capacity: 1750M(100%)
[2026-04-03T03:33:16.100+0600][61.580s][info][gc,heap     ] GC(86) y: Soft Max Capacity: 1750M(100%)
[2026-04-03T03:33:16.100+0600][61.580s][info][gc,heap     ] GC(86) y: Heap Statistics:
[2026-04-03T03:33:16.100+0600][61.580s][info][gc,heap     ] GC(86) y:                Mark Start          Mark End        Relocate Start      Relocate End           High               Low         
[2026-04-03T03:33:16.100+0600][61.580s][info][gc,heap     ] GC(86) y:  Capacity:     1750M (100%)       1750M (100%)       1750M (100%)       1750M (100%)       1750M (100%)       1750M (100%)   
[2026-04-03T03:33:16.100+0600][61.580s][info][gc,heap     ] GC(86) y:      Free:      968M (55%)         908M (52%)         948M (54%)        1258M (72%)        1258M (72%)         878M (50%)    
[2026-04-03T03:33:16.100+0600][61.580s][info][gc,heap     ] GC(86) y:      Used:      782M (45%)         842M (48%)         802M (46%)         492M (28%)         872M (50%)         492M (28%)    
[2026-04-03T03:33:16.100+0600][61.580s][info][gc,heap     ] GC(86) y: Young Generation Statistics:
[2026-04-03T03:33:16.100+0600][61.580s][info][gc,heap     ] GC(86) y:                Mark Start          Mark End        Relocate Start      Relocate End    
[2026-04-03T03:33:16.100+0600][61.580s][info][gc,heap     ] GC(86) y:      Used:      574M (33%)         634M (36%)         594M (34%)         284M (16%)    
[2026-04-03T03:33:16.100+0600][61.580s][info][gc,heap     ] GC(86) y:      Live:         -                75M (4%)           75M (4%)           75M (4%)     
[2026-04-03T03:33:16.100+0600][61.580s][info][gc,heap     ] GC(86) y:   Garbage:         -               498M (28%)         426M (24%)           9M (1%)     
[2026-04-03T03:33:16.100+0600][61.580s][info][gc,heap     ] GC(86) y: Allocated:         -                60M (3%)           92M (5%)          198M (11%)    
[2026-04-03T03:33:16.100+0600][61.580s][info][gc,heap     ] GC(86) y: Reclaimed:         -                  -                72M (4%)          488M (28%)    
[2026-04-03T03:33:16.100+0600][61.580s][info][gc,heap     ] GC(86) y:  Promoted:         -                  -                 0M (0%)            0M (0%)     
[2026-04-03T03:33:16.100+0600][61.580s][info][gc,heap     ] GC(86) y: Compacted:         -                  -                  -                51M (3%)     
[2026-04-03T03:33:16.100+0600][61.580s][info][gc,phases   ] GC(86) y: Young Generation 782M(45%)->492M(28%) 0.429s
[2026-04-03T03:33:16.100+0600][61.580s][info][gc          ] GC(86) Minor Collection (Allocation Rate) 782M(45%)->494M(28%) 0.430s
[2026-04-03T03:33:16.101+0600][61.580s][info][gc          ] GC(87) Minor Collection (Allocation Rate)
[2026-04-03T03:33:16.101+0600][61.580s][info][gc,task     ] GC(87) Using 3 Workers for Young Generation
[2026-04-03T03:33:16.101+0600][61.580s][info][gc,phases   ] GC(87) y: Young Generation
[2026-04-03T03:33:16.102+0600][61.581s][info][gc,phases   ] GC(87) y: Pause Mark Start 0.102ms
[2026-04-03T03:33:16.325+0600][61.805s][info][gc,phases   ] GC(87) y: Concurrent Mark 223.078ms
[2026-04-03T03:33:16.326+0600][61.805s][info][gc,phases   ] GC(87) y: Pause Mark End 0.051ms
[2026-04-03T03:33:16.326+0600][61.806s][info][gc,phases   ] GC(87) y: Concurrent Mark Free 0.005ms
[2026-04-03T03:33:16.349+0600][61.828s][info][gc,phases   ] GC(87) y: Concurrent Reset Relocation Set 0.039ms
[2026-04-03T03:33:16.351+0600][61.831s][info][gc,reloc    ] GC(87) y: Using tenuring threshold: 7 (Computed)
[2026-04-03T03:33:16.354+0600][61.834s][info][gc,phases   ] GC(87) y: Concurrent Select Relocation Set 5.433ms
[2026-04-03T03:33:16.355+0600][61.834s][info][gc,phases   ] GC(87) y: Pause Relocate Start 0.034ms
[2026-04-03T03:33:16.420+0600][61.899s][info][gc,phases   ] GC(87) y: Concurrent Relocate 64.654ms
[2026-04-03T03:33:16.420+0600][61.900s][info][gc,alloc    ] GC(87) y:                         Mark Start        Mark End      Relocate Start    Relocate End   
[2026-04-03T03:33:16.420+0600][61.900s][info][gc,alloc    ] GC(87) y: Allocation Stalls:          0                0                0                0         
[2026-04-03T03:33:16.420+0600][61.900s][info][gc,load     ] GC(87) y: Load: 4.45 (37%) / 4.28 (36%) / 4.78 (40%)
[2026-04-03T03:33:16.420+0600][61.900s][info][gc,mmu      ] GC(87) y: MMU: 2ms/87.1%, 5ms/94.8%, 10ms/97.4%, 20ms/98.4%, 50ms/99.4%, 100ms/99.6%
[2026-04-03T03:33:16.420+0600][61.900s][info][gc,marking  ] GC(87) y: Mark: 2 stripe(s), 3 proactive flush(es), 1 terminate flush(es), 0 completion(s), 0 continuation(s) 
[2026-04-03T03:33:16.420+0600][61.900s][info][gc,marking  ] GC(87) y: Mark Stack Usage: 32M
[2026-04-03T03:33:16.420+0600][61.900s][info][gc,nmethod  ] GC(87) y: NMethods: 7338 registered, 813 unregistered
[2026-04-03T03:33:16.420+0600][61.900s][info][gc,metaspace] GC(87) y: Metaspace: 71M used, 72M committed, 1088M reserved
[2026-04-03T03:33:16.420+0600][61.900s][info][gc,reloc    ] GC(87) y:                        Candidates     Selected     In-Place         Size        Empty    Relocated 
[2026-04-03T03:33:16.420+0600][61.900s][info][gc,reloc    ] GC(87) y: Small Pages:                   67           44            0         134M           8M          15M 
[2026-04-03T03:33:16.420+0600][61.900s][info][gc,reloc    ] GC(87) y: Medium Pages:                   4            2            0         128M           0M          14M 
[2026-04-03T03:33:16.420+0600][61.900s][info][gc,reloc    ] GC(87) y: Large Pages:                    5            0            0          30M          18M           0M 
[2026-04-03T03:33:16.420+0600][61.900s][info][gc,reloc    ] GC(87) y: Forwarding Usage: 28M
[2026-04-03T03:33:16.420+0600][61.900s][info][gc,reloc    ] GC(87) y: Age Table:
[2026-04-03T03:33:16.420+0600][61.900s][info][gc,reloc    ] GC(87) y:                    Live             Garbage             Small              Medium             Large        
[2026-04-03T03:33:16.420+0600][61.900s][info][gc,reloc    ] GC(87) y: Eden              44M (3%)           93M (5%)          25 / 19             2 / 1              4 / 0        
[2026-04-03T03:33:16.420+0600][61.900s][info][gc,reloc    ] GC(87) y: Survivor 1        22M (1%)           91M (5%)          22 / 10             2 / 1              1 / 0        
[2026-04-03T03:33:16.420+0600][61.900s][info][gc,reloc    ] GC(87) y: Survivor 2         9M (1%)           16M (1%)          13 / 9              0 / 0              0 / 0        
[2026-04-03T03:33:16.420+0600][61.900s][info][gc,reloc    ] GC(87) y: Survivor 3         1M (0%)            4M (0%)           3 / 2              0 / 0              0 / 0        
[2026-04-03T03:33:16.420+0600][61.900s][info][gc,reloc    ] GC(87) y: Survivor 4         0M (0%)            1M (0%)           1 / 1              0 / 0              0 / 0        
[2026-04-03T03:33:16.420+0600][61.900s][info][gc,reloc    ] GC(87) y: Survivor 5         0M (0%)            1M (0%)           1 / 1              0 / 0              0 / 0        
[2026-04-03T03:33:16.420+0600][61.900s][info][gc,reloc    ] GC(87) y: Survivor 6          -                 0M (0%)           0 / 0              0 / 0              0 / 0        
[2026-04-03T03:33:16.420+0600][61.900s][info][gc,reloc    ] GC(87) y: Survivor 7          -                 0M (0%)           0 / 0              0 / 0              0 / 0        
[2026-04-03T03:33:16.420+0600][61.900s][info][gc,reloc    ] GC(87) y: Survivor 8         0M (0%)            1M (0%)           1 / 1              0 / 0              0 / 0        
[2026-04-03T03:33:16.420+0600][61.900s][info][gc,reloc    ] GC(87) y: Survivor 9         0M (0%)            1M (0%)           1 / 1              0 / 0              0 / 0        
[2026-04-03T03:33:16.420+0600][61.900s][info][gc,heap     ] GC(87) y: Min Capacity: 8M(0%)
[2026-04-03T03:33:16.420+0600][61.900s][info][gc,heap     ] GC(87) y: Max Capacity: 1750M(100%)
[2026-04-03T03:33:16.420+0600][61.900s][info][gc,heap     ] GC(87) y: Soft Max Capacity: 1750M(100%)
[2026-04-03T03:33:16.420+0600][61.900s][info][gc,heap     ] GC(87) y: Heap Statistics:
[2026-04-03T03:33:16.420+0600][61.900s][info][gc,heap     ] GC(87) y:                Mark Start          Mark End        Relocate Start      Relocate End           High               Low         
[2026-04-03T03:33:16.420+0600][61.900s][info][gc,heap     ] GC(87) y:  Capacity:     1750M (100%)       1750M (100%)       1750M (100%)       1750M (100%)       1750M (100%)       1750M (100%)   
[2026-04-03T03:33:16.420+0600][61.900s][info][gc,heap     ] GC(87) y:      Free:     1250M (71%)        1120M (64%)        1126M (64%)        1190M (68%)        1250M (71%)        1016M (58%)    
[2026-04-03T03:33:16.420+0600][61.900s][info][gc,heap     ] GC(87) y:      Used:      500M (29%)         630M (36%)         624M (36%)         560M (32%)         734M (42%)         500M (29%)    
[2026-04-03T03:33:16.420+0600][61.900s][info][gc,heap     ] GC(87) y: Young Generation Statistics:
[2026-04-03T03:33:16.420+0600][61.900s][info][gc,heap     ] GC(87) y:                Mark Start          Mark End        Relocate Start      Relocate End    
[2026-04-03T03:33:16.420+0600][61.900s][info][gc,heap     ] GC(87) y:      Used:      292M (17%)         422M (24%)         416M (24%)         350M (20%)    
[2026-04-03T03:33:16.420+0600][61.900s][info][gc,heap     ] GC(87) y:      Live:         -                77M (4%)           77M (4%)           77M (4%)     
[2026-04-03T03:33:16.420+0600][61.900s][info][gc,heap     ] GC(87) y:   Garbage:         -               214M (12%)         188M (11%)          15M (1%)     
[2026-04-03T03:33:16.420+0600][61.900s][info][gc,heap     ] GC(87) y: Allocated:         -               130M (7%)          150M (9%)          256M (15%)    
[2026-04-03T03:33:16.420+0600][61.900s][info][gc,heap     ] GC(87) y: Reclaimed:         -                  -                26M (1%)          198M (11%)    
[2026-04-03T03:33:16.420+0600][61.900s][info][gc,heap     ] GC(87) y:  Promoted:         -                  -                 0M (0%)            0M (0%)     
[2026-04-03T03:33:16.420+0600][61.900s][info][gc,heap     ] GC(87) y: Compacted:         -                  -                  -                45M (3%)     
[2026-04-03T03:33:16.421+0600][61.900s][info][gc,phases   ] GC(87) y: Young Generation 494M(28%)->560M(32%) 0.319s
[2026-04-03T03:33:16.421+0600][61.900s][info][gc          ] GC(87) Minor Collection (Allocation Rate) 494M(28%)->560M(32%) 0.320s
[2026-04-03T03:33:16.421+0600][61.900s][info][gc          ] GC(88) Minor Collection (Allocation Rate)
[2026-04-03T03:33:16.421+0600][61.901s][info][gc,task     ] GC(88) Using 3 Workers for Young Generation
[2026-04-03T03:33:16.421+0600][61.901s][info][gc,phases   ] GC(88) y: Young Generation
[2026-04-03T03:33:16.421+0600][61.901s][info][gc,phases   ] GC(88) y: Pause Mark Start 0.041ms
[2026-04-03T03:33:16.671+0600][62.151s][info][gc,phases   ] GC(88) y: Concurrent Mark 249.801ms
[2026-04-03T03:33:16.672+0600][62.151s][info][gc,phases   ] GC(88) y: Pause Mark End 0.038ms
[2026-04-03T03:33:16.672+0600][62.152s][info][gc,phases   ] GC(88) y: Concurrent Mark Free 0.004ms
[2026-04-03T03:33:16.672+0600][62.152s][info][gc,phases   ] GC(88) y: Concurrent Reset Relocation Set 0.019ms
[2026-04-03T03:33:16.674+0600][62.154s][info][gc,reloc    ] GC(88) y: Using tenuring threshold: 3 (Computed)
[2026-04-03T03:33:16.682+0600][62.162s][info][gc,phases   ] GC(88) y: Concurrent Select Relocation Set 10.152ms
[2026-04-03T03:33:16.683+0600][62.162s][info][gc,phases   ] GC(88) y: Pause Relocate Start 0.030ms
[2026-04-03T03:33:16.728+0600][62.207s][info][gc,phases   ] GC(88) y: Concurrent Relocate 44.903ms
[2026-04-03T03:33:16.728+0600][62.208s][info][gc,alloc    ] GC(88) y:                         Mark Start        Mark End      Relocate Start    Relocate End   
[2026-04-03T03:33:16.728+0600][62.208s][info][gc,alloc    ] GC(88) y: Allocation Stalls:          0                0                0                0         
[2026-04-03T03:33:16.728+0600][62.208s][info][gc,load     ] GC(88) y: Load: 4.45 (37%) / 4.28 (36%) / 4.78 (40%)
[2026-04-03T03:33:16.728+0600][62.208s][info][gc,mmu      ] GC(88) y: MMU: 2ms/87.1%, 5ms/94.8%, 10ms/97.4%, 20ms/98.4%, 50ms/99.4%, 100ms/99.6%
[2026-04-03T03:33:16.728+0600][62.208s][info][gc,marking  ] GC(88) y: Mark: 2 stripe(s), 2 proactive flush(es), 1 terminate flush(es), 0 completion(s), 0 continuation(s) 
[2026-04-03T03:33:16.728+0600][62.208s][info][gc,marking  ] GC(88) y: Mark Stack Usage: 32M
[2026-04-03T03:33:16.728+0600][62.208s][info][gc,nmethod  ] GC(88) y: NMethods: 7359 registered, 813 unregistered
[2026-04-03T03:33:16.728+0600][62.208s][info][gc,metaspace] GC(88) y: Metaspace: 71M used, 72M committed, 1088M reserved
[2026-04-03T03:33:16.728+0600][62.208s][info][gc,reloc    ] GC(88) y:                        Candidates     Selected     In-Place         Size        Empty    Relocated 
[2026-04-03T03:33:16.728+0600][62.208s][info][gc,reloc    ] GC(88) y: Small Pages:                   80           57            0         160M           0M          13M 
[2026-04-03T03:33:16.728+0600][62.208s][info][gc,reloc    ] GC(88) y: Medium Pages:                   5            4            0         160M           0M          21M 
[2026-04-03T03:33:16.728+0600][62.208s][info][gc,reloc    ] GC(88) y: Large Pages:                    5            0            0          30M          18M           0M 
[2026-04-03T03:33:16.728+0600][62.208s][info][gc,reloc    ] GC(88) y: Forwarding Usage: 18M
[2026-04-03T03:33:16.728+0600][62.208s][info][gc,reloc    ] GC(88) y: Age Table:
[2026-04-03T03:33:16.728+0600][62.208s][info][gc,reloc    ] GC(88) y:                    Live             Garbage             Small              Medium             Large        
[2026-04-03T03:33:16.728+0600][62.208s][info][gc,reloc    ] GC(88) y: Eden              24M (1%)          125M (7%)          50 / 44             1 / 1              3 / 0        
[2026-04-03T03:33:16.728+0600][62.208s][info][gc,reloc    ] GC(88) y: Survivor 1        19M (1%)           94M (5%)           3 / 2              3 / 2              2 / 0        
[2026-04-03T03:33:16.728+0600][62.208s][info][gc,reloc    ] GC(88) y: Survivor 2        22M (1%)           33M (2%)          12 / 1              1 / 1              0 / 0        
[2026-04-03T03:33:16.728+0600][62.208s][info][gc,reloc    ] GC(88) y: Survivor 3         9M (1%)            6M (0%)           8 / 3              0 / 0              0 / 0        
[2026-04-03T03:33:16.728+0600][62.208s][info][gc,reloc    ] GC(88) y: Survivor 4         1M (0%)            8M (0%)           5 / 5              0 / 0              0 / 0        
[2026-04-03T03:33:16.728+0600][62.208s][info][gc,reloc    ] GC(88) y: Survivor 5         0M (0%)            1M (0%)           1 / 1              0 / 0              0 / 0        
[2026-04-03T03:33:16.728+0600][62.208s][info][gc,reloc    ] GC(88) y: Survivor 6         0M (0%)            1M (0%)           1 / 1              0 / 0              0 / 0        
[2026-04-03T03:33:16.728+0600][62.208s][info][gc,heap     ] GC(88) y: Min Capacity: 8M(0%)
[2026-04-03T03:33:16.728+0600][62.208s][info][gc,heap     ] GC(88) y: Max Capacity: 1750M(100%)
[2026-04-03T03:33:16.728+0600][62.208s][info][gc,heap     ] GC(88) y: Soft Max Capacity: 1750M(100%)
[2026-04-03T03:33:16.728+0600][62.208s][info][gc,heap     ] GC(88) y: Heap Statistics:
[2026-04-03T03:33:16.728+0600][62.208s][info][gc,heap     ] GC(88) y:                Mark Start          Mark End        Relocate Start      Relocate End           High               Low         
[2026-04-03T03:33:16.728+0600][62.208s][info][gc,heap     ] GC(88) y:  Capacity:     1750M (100%)       1750M (100%)       1750M (100%)       1750M (100%)       1750M (100%)       1750M (100%)   
[2026-04-03T03:33:16.728+0600][62.208s][info][gc,heap     ] GC(88) y:      Free:     1190M (68%)        1106M (63%)        1120M (64%)        1212M (69%)        1214M (69%)         988M (56%)    
[2026-04-03T03:33:16.728+0600][62.208s][info][gc,heap     ] GC(88) y:      Used:      560M (32%)         644M (37%)         630M (36%)         538M (31%)         762M (44%)         536M (31%)    
[2026-04-03T03:33:16.728+0600][62.208s][info][gc,heap     ] GC(88) y: Young Generation Statistics:
[2026-04-03T03:33:16.728+0600][62.208s][info][gc,heap     ] GC(88) y:                Mark Start          Mark End        Relocate Start      Relocate End    
[2026-04-03T03:33:16.728+0600][62.208s][info][gc,heap     ] GC(88) y:      Used:      350M (20%)         434M (25%)         412M (24%)         312M (18%)    
[2026-04-03T03:33:16.728+0600][62.208s][info][gc,heap     ] GC(88) y:      Live:         -                76M (4%)           69M (4%)           65M (4%)     
[2026-04-03T03:33:16.728+0600][62.208s][info][gc,heap     ] GC(88) y:   Garbage:         -               273M (16%)         254M (15%)           1M (0%)     
[2026-04-03T03:33:16.728+0600][62.208s][info][gc,heap     ] GC(88) y: Allocated:         -                84M (5%)           88M (5%)          245M (14%)    
[2026-04-03T03:33:16.728+0600][62.208s][info][gc,heap     ] GC(88) y: Reclaimed:         -                  -                18M (1%)          272M (16%)    
[2026-04-03T03:33:16.728+0600][62.208s][info][gc,heap     ] GC(88) y:  Promoted:         -                  -                 7M (0%)           10M (1%)     
[2026-04-03T03:33:16.728+0600][62.208s][info][gc,heap     ] GC(88) y: Compacted:         -                  -                  -                38M (2%)     
[2026-04-03T03:33:16.728+0600][62.208s][info][gc,phases   ] GC(88) y: Young Generation 560M(32%)->538M(31%) 0.307s
[2026-04-03T03:33:16.728+0600][62.208s][info][gc          ] GC(88) Minor Collection (Allocation Rate) 560M(32%)->538M(31%) 0.307s
[2026-04-03T03:33:16.729+0600][62.208s][info][gc          ] GC(89) Minor Collection (Allocation Rate)
[2026-04-03T03:33:16.729+0600][62.208s][info][gc,task     ] GC(89) Using 3 Workers for Young Generation
[2026-04-03T03:33:16.729+0600][62.208s][info][gc,phases   ] GC(89) y: Young Generation
[2026-04-03T03:33:16.729+0600][62.209s][info][gc,phases   ] GC(89) y: Pause Mark Start 0.038ms
[2026-04-03T03:33:16.835+0600][62.314s][info][gc,phases   ] GC(89) y: Concurrent Mark 105.366ms
[2026-04-03T03:33:16.835+0600][62.314s][info][gc,phases   ] GC(89) y: Pause Mark End 0.028ms
[2026-04-03T03:33:16.835+0600][62.314s][info][gc,phases   ] GC(89) y: Concurrent Mark Free 0.001ms
[2026-04-03T03:33:16.835+0600][62.315s][info][gc,phases   ] GC(89) y: Concurrent Reset Relocation Set 0.035ms
[2026-04-03T03:33:16.840+0600][62.320s][info][gc,reloc    ] GC(89) y: Using tenuring threshold: 2 (Computed)
[2026-04-03T03:33:16.850+0600][62.330s][info][gc,phases   ] GC(89) y: Concurrent Select Relocation Set 15.090ms
[2026-04-03T03:33:16.850+0600][62.330s][info][gc,phases   ] GC(89) y: Pause Relocate Start 0.023ms
[2026-04-03T03:33:16.879+0600][62.358s][info][gc,phases   ] GC(89) y: Concurrent Relocate 28.321ms
[2026-04-03T03:33:16.879+0600][62.359s][info][gc,alloc    ] GC(89) y:                         Mark Start        Mark End      Relocate Start    Relocate End   
[2026-04-03T03:33:16.879+0600][62.359s][info][gc,alloc    ] GC(89) y: Allocation Stalls:          0                0                0                0         
[2026-04-03T03:33:16.879+0600][62.359s][info][gc,load     ] GC(89) y: Load: 4.45 (37%) / 4.28 (36%) / 4.78 (40%)
[2026-04-03T03:33:16.879+0600][62.359s][info][gc,mmu      ] GC(89) y: MMU: 2ms/87.1%, 5ms/94.8%, 10ms/97.4%, 20ms/98.4%, 50ms/99.4%, 100ms/99.6%
[2026-04-03T03:33:16.879+0600][62.359s][info][gc,marking  ] GC(89) y: Mark: 2 stripe(s), 2 proactive flush(es), 1 terminate flush(es), 0 completion(s), 0 continuation(s) 
[2026-04-03T03:33:16.879+0600][62.359s][info][gc,marking  ] GC(89) y: Mark Stack Usage: 32M
[2026-04-03T03:33:16.879+0600][62.359s][info][gc,nmethod  ] GC(89) y: NMethods: 7387 registered, 813 unregistered
[2026-04-03T03:33:16.879+0600][62.359s][info][gc,metaspace] GC(89) y: Metaspace: 71M used, 72M committed, 1088M reserved
[2026-04-03T03:33:16.879+0600][62.359s][info][gc,reloc    ] GC(89) y:                        Candidates     Selected     In-Place         Size        Empty    Relocated 
[2026-04-03T03:33:16.879+0600][62.359s][info][gc,reloc    ] GC(89) y: Small Pages:                   48           30            0          96M           4M           5M 
[2026-04-03T03:33:16.879+0600][62.359s][info][gc,reloc    ] GC(89) y: Medium Pages:                   6            2            0         192M          64M           8M 
[2026-04-03T03:33:16.879+0600][62.359s][info][gc,reloc    ] GC(89) y: Large Pages:                    4            0            0          24M          12M           0M 
[2026-04-03T03:33:16.879+0600][62.359s][info][gc,reloc    ] GC(89) y: Forwarding Usage: 8M
[2026-04-03T03:33:16.879+0600][62.359s][info][gc,reloc    ] GC(89) y: Age Table:
[2026-04-03T03:33:16.879+0600][62.359s][info][gc,reloc    ] GC(89) y:                    Live             Garbage             Small              Medium             Large        
[2026-04-03T03:33:16.879+0600][62.359s][info][gc,reloc    ] GC(89) y: Eden              32M (2%)           65M (4%)          27 / 25             1 / 0              2 / 0        
[2026-04-03T03:33:16.879+0600][62.359s][info][gc,reloc    ] GC(89) y: Survivor 1        20M (1%)           61M (4%)           6 / 1              2 / 1              1 / 0        
[2026-04-03T03:33:16.879+0600][62.359s][info][gc,reloc    ] GC(89) y: Survivor 2         8M (0%)           67M (4%)           3 / 1              2 / 1              1 / 0        
[2026-04-03T03:33:16.879+0600][62.359s][info][gc,reloc    ] GC(89) y: Survivor 3        11M (1%)           44M (3%)          12 / 3              1 / 0              0 / 0        
[2026-04-03T03:33:16.879+0600][62.359s][info][gc,heap     ] GC(89) y: Min Capacity: 8M(0%)
[2026-04-03T03:33:16.879+0600][62.359s][info][gc,heap     ] GC(89) y: Max Capacity: 1750M(100%)
[2026-04-03T03:33:16.879+0600][62.359s][info][gc,heap     ] GC(89) y: Soft Max Capacity: 1750M(100%)
[2026-04-03T03:33:16.879+0600][62.359s][info][gc,heap     ] GC(89) y: Heap Statistics:
[2026-04-03T03:33:16.879+0600][62.359s][info][gc,heap     ] GC(89) y:                Mark Start          Mark End        Relocate Start      Relocate End           High               Low         
[2026-04-03T03:33:16.879+0600][62.359s][info][gc,heap     ] GC(89) y:  Capacity:     1750M (100%)       1750M (100%)       1750M (100%)       1750M (100%)       1750M (100%)       1750M (100%)   
[2026-04-03T03:33:16.879+0600][62.359s][info][gc,heap     ] GC(89) y:      Free:     1212M (69%)        1098M (63%)        1160M (66%)        1218M (70%)        1224M (70%)        1086M (62%)    
[2026-04-03T03:33:16.879+0600][62.359s][info][gc,heap     ] GC(89) y:      Used:      538M (31%)         652M (37%)         590M (34%)         532M (30%)         664M (38%)         526M (30%)    
[2026-04-03T03:33:16.879+0600][62.359s][info][gc,heap     ] GC(89) y: Young Generation Statistics:
[2026-04-03T03:33:16.879+0600][62.359s][info][gc,heap     ] GC(89) y:                Mark Start          Mark End        Relocate Start      Relocate End    
[2026-04-03T03:33:16.879+0600][62.359s][info][gc,heap     ] GC(89) y:      Used:      312M (18%)         426M (24%)         352M (20%)         258M (15%)    
[2026-04-03T03:33:16.879+0600][62.359s][info][gc,heap     ] GC(89) y:      Live:         -                71M (4%)           61M (4%)           52M (3%)     
[2026-04-03T03:33:16.879+0600][62.359s][info][gc,heap     ] GC(89) y:   Garbage:         -               240M (14%)         158M (9%)           11M (1%)     
[2026-04-03T03:33:16.879+0600][62.359s][info][gc,heap     ] GC(89) y: Allocated:         -               114M (7%)          132M (8%)          193M (11%)    
[2026-04-03T03:33:16.879+0600][62.359s][info][gc,heap     ] GC(89) y: Reclaimed:         -                  -                81M (5%)          228M (13%)    
[2026-04-03T03:33:16.879+0600][62.359s][info][gc,heap     ] GC(89) y:  Promoted:         -                  -                10M (1%)           19M (1%)     
[2026-04-03T03:33:16.879+0600][62.359s][info][gc,heap     ] GC(89) y: Compacted:         -                  -                  -                10M (1%)     
[2026-04-03T03:33:16.879+0600][62.359s][info][gc,phases   ] GC(89) y: Young Generation 538M(31%)->532M(30%) 0.150s
[2026-04-03T03:33:16.879+0600][62.359s][info][gc          ] GC(89) Minor Collection (Allocation Rate) 538M(31%)->532M(30%) 0.151s
[2026-04-03T03:33:16.966+0600][62.445s][info][gc          ] GC(90) Major Collection (Allocation Rate)
[2026-04-03T03:33:16.966+0600][62.445s][info][gc,task     ] GC(90) Using 3 Workers for Young Generation
[2026-04-03T03:33:16.966+0600][62.445s][info][gc,task     ] GC(90) Using 1 Workers for Old Generation
[2026-04-03T03:33:16.966+0600][62.445s][info][gc,phases   ] GC(90) Y: Young Generation
[2026-04-03T03:33:16.966+0600][62.446s][info][gc,phases   ] GC(90) Y: Pause Mark Start (Major) 0.018ms
[2026-04-03T03:33:17.036+0600][62.516s][info][gc,phases   ] GC(90) Y: Concurrent Mark 69.814ms
[2026-04-03T03:33:17.036+0600][62.516s][info][gc,phases   ] GC(90) Y: Pause Mark End 0.023ms
[2026-04-03T03:33:17.036+0600][62.516s][info][gc,phases   ] GC(90) Y: Concurrent Mark Free 0.001ms
[2026-04-03T03:33:17.036+0600][62.516s][info][gc,phases   ] GC(90) Y: Concurrent Reset Relocation Set 0.024ms
[2026-04-03T03:33:17.041+0600][62.520s][info][gc,reloc    ] GC(90) Y: Using tenuring threshold: 2 (Computed)
[2026-04-03T03:33:17.061+0600][62.541s][info][gc,phases   ] GC(90) Y: Concurrent Select Relocation Set 24.671ms
[2026-04-03T03:33:17.061+0600][62.541s][info][gc,phases   ] GC(90) Y: Pause Relocate Start 0.016ms
[2026-04-03T03:33:17.111+0600][62.590s][info][gc,phases   ] GC(90) Y: Concurrent Relocate 49.554ms
[2026-04-03T03:33:17.111+0600][62.591s][info][gc,alloc    ] GC(90) Y:                         Mark Start        Mark End      Relocate Start    Relocate End   
[2026-04-03T03:33:17.111+0600][62.591s][info][gc,alloc    ] GC(90) Y: Allocation Stalls:          0                0                0                0         
[2026-04-03T03:33:17.111+0600][62.591s][info][gc,load     ] GC(90) Y: Load: 4.45 (37%) / 4.28 (36%) / 4.78 (40%)
[2026-04-03T03:33:17.111+0600][62.591s][info][gc,mmu      ] GC(90) Y: MMU: 2ms/87.1%, 5ms/94.8%, 10ms/97.4%, 20ms/98.4%, 50ms/99.4%, 100ms/99.6%
[2026-04-03T03:33:17.111+0600][62.591s][info][gc,marking  ] GC(90) Y: Mark: 2 stripe(s), 2 proactive flush(es), 1 terminate flush(es), 0 completion(s), 0 continuation(s) 
[2026-04-03T03:33:17.111+0600][62.591s][info][gc,marking  ] GC(90) Y: Mark Stack Usage: 32M
[2026-04-03T03:33:17.111+0600][62.591s][info][gc,nmethod  ] GC(90) Y: NMethods: 7402 registered, 813 unregistered
[2026-04-03T03:33:17.111+0600][62.591s][info][gc,metaspace] GC(90) Y: Metaspace: 71M used, 72M committed, 1088M reserved
[2026-04-03T03:33:17.111+0600][62.591s][info][gc,reloc    ] GC(90) Y:                        Candidates     Selected     In-Place         Size        Empty    Relocated 
[2026-04-03T03:33:17.111+0600][62.591s][info][gc,reloc    ] GC(90) Y: Small Pages:                  106           84            0         212M           2M          19M 
[2026-04-03T03:33:17.111+0600][62.591s][info][gc,reloc    ] GC(90) Y: Medium Pages:                   3            2            0          96M           0M          21M 
[2026-04-03T03:33:17.111+0600][62.591s][info][gc,reloc    ] GC(90) Y: Large Pages:                    8            0            0          52M          26M           0M 
[2026-04-03T03:33:17.111+0600][62.591s][info][gc,reloc    ] GC(90) Y: Forwarding Usage: 23M
[2026-04-03T03:33:17.111+0600][62.591s][info][gc,reloc    ] GC(90) Y: Age Table:
[2026-04-03T03:33:17.111+0600][62.591s][info][gc,reloc    ] GC(90) Y:                    Live             Garbage             Small              Medium             Large        
[2026-04-03T03:33:17.111+0600][62.591s][info][gc,reloc    ] GC(90) Y: Eden              57M (3%)          206M (12%)         96 / 83             1 / 1              6 / 0        
[2026-04-03T03:33:17.111+0600][62.591s][info][gc,reloc    ] GC(90) Y: Survivor 1         9M (1%)           36M (2%)           4 / 1              1 / 1              1 / 0        
[2026-04-03T03:33:17.111+0600][62.591s][info][gc,reloc    ] GC(90) Y: Survivor 2        20M (1%)           29M (2%)           6 / 0              1 / 0              1 / 0        
[2026-04-03T03:33:17.111+0600][62.591s][info][gc,heap     ] GC(90) Y: Min Capacity: 8M(0%)
[2026-04-03T03:33:17.111+0600][62.591s][info][gc,heap     ] GC(90) Y: Max Capacity: 1750M(100%)
[2026-04-03T03:33:17.111+0600][62.591s][info][gc,heap     ] GC(90) Y: Soft Max Capacity: 1750M(100%)
[2026-04-03T03:33:17.111+0600][62.591s][info][gc,heap     ] GC(90) Y: Heap Statistics:
[2026-04-03T03:33:17.111+0600][62.591s][info][gc,heap     ] GC(90) Y:                Mark Start          Mark End        Relocate Start      Relocate End           High               Low         
[2026-04-03T03:33:17.111+0600][62.591s][info][gc,heap     ] GC(90) Y:  Capacity:     1750M (100%)       1750M (100%)       1750M (100%)       1750M (100%)       1750M (100%)       1750M (100%)   
[2026-04-03T03:33:17.111+0600][62.591s][info][gc,heap     ] GC(90) Y:      Free:     1116M (64%)        1050M (60%)        1038M (59%)        1128M (64%)        1160M (66%)         940M (54%)    
[2026-04-03T03:33:17.111+0600][62.591s][info][gc,heap     ] GC(90) Y:      Used:      634M (36%)         700M (40%)         712M (41%)         622M (36%)         810M (46%)         590M (34%)    
[2026-04-03T03:33:17.111+0600][62.591s][info][gc,heap     ] GC(90) Y: Young Generation Statistics:
[2026-04-03T03:33:17.111+0600][62.591s][info][gc,heap     ] GC(90) Y:                Mark Start          Mark End        Relocate Start      Relocate End    
[2026-04-03T03:33:17.111+0600][62.591s][info][gc,heap     ] GC(90) Y:      Used:      360M (21%)         426M (24%)         420M (24%)         298M (17%)    
[2026-04-03T03:33:17.111+0600][62.591s][info][gc,heap     ] GC(90) Y:      Live:         -                87M (5%)           71M (4%)           67M (4%)     
[2026-04-03T03:33:17.111+0600][62.591s][info][gc,heap     ] GC(90) Y:   Garbage:         -               272M (16%)         242M (14%)           0M (0%)     
[2026-04-03T03:33:17.111+0600][62.591s][info][gc,heap     ] GC(90) Y: Allocated:         -                66M (4%)          106M (6%)          230M (13%)    
[2026-04-03T03:33:17.111+0600][62.591s][info][gc,heap     ] GC(90) Y: Reclaimed:         -                  -                30M (2%)          272M (16%)    
[2026-04-03T03:33:17.111+0600][62.591s][info][gc,heap     ] GC(90) Y:  Promoted:         -                  -                15M (1%)           20M (1%)     
[2026-04-03T03:33:17.111+0600][62.591s][info][gc,heap     ] GC(90) Y: Compacted:         -                  -                  -                43M (2%)     
[2026-04-03T03:33:17.111+0600][62.591s][info][gc,phases   ] GC(90) Y: Young Generation 634M(36%)->622M(36%) 0.145s
[2026-04-03T03:33:17.111+0600][62.591s][info][gc,phases   ] GC(90) O: Old Generation
[2026-04-03T03:33:17.292+0600][62.771s][info][gc          ] GC(91) Minor Collection (Allocation Rate)
[2026-04-03T03:33:17.292+0600][62.771s][info][gc,task     ] GC(91) Using 2 Workers for Young Generation
[2026-04-03T03:33:17.292+0600][62.771s][info][gc,phases   ] GC(91) y: Young Generation
[2026-04-03T03:33:17.292+0600][62.772s][info][gc,phases   ] GC(91) y: Pause Mark Start 0.033ms
[2026-04-03T03:33:17.520+0600][63.000s][info][gc,phases   ] GC(91) y: Concurrent Mark 228.083ms
[2026-04-03T03:33:17.521+0600][63.000s][info][gc,phases   ] GC(91) y: Pause Mark End 0.026ms
[2026-04-03T03:33:17.521+0600][63.000s][info][gc,phases   ] GC(91) y: Concurrent Mark Free 0.003ms
[2026-04-03T03:33:17.521+0600][63.000s][info][gc,phases   ] GC(91) y: Concurrent Reset Relocation Set 0.055ms
[2026-04-03T03:33:17.523+0600][63.002s][info][gc,reloc    ] GC(91) y: Using tenuring threshold: 3 (Computed)
[2026-04-03T03:33:17.525+0600][63.004s][info][gc,phases   ] GC(91) y: Concurrent Select Relocation Set 3.843ms
[2026-04-03T03:33:17.525+0600][63.004s][info][gc,phases   ] GC(91) y: Pause Relocate Start 0.015ms
[2026-04-03T03:33:17.537+0600][63.017s][info][gc,phases   ] GC(91) y: Concurrent Relocate 12.097ms
[2026-04-03T03:33:17.537+0600][63.017s][info][gc,alloc    ] GC(91) y:                         Mark Start        Mark End      Relocate Start    Relocate End   
[2026-04-03T03:33:17.537+0600][63.017s][info][gc,alloc    ] GC(91) y: Allocation Stalls:          0                0                0                0         
[2026-04-03T03:33:17.537+0600][63.017s][info][gc,load     ] GC(91) y: Load: 4.45 (37%) / 4.28 (36%) / 4.78 (40%)
[2026-04-03T03:33:17.537+0600][63.017s][info][gc,mmu      ] GC(91) y: MMU: 2ms/87.1%, 5ms/94.8%, 10ms/97.4%, 20ms/98.4%, 50ms/99.4%, 100ms/99.6%
[2026-04-03T03:33:17.537+0600][63.017s][info][gc,marking  ] GC(91) y: Mark: 2 stripe(s), 10 proactive flush(es), 1 terminate flush(es), 0 completion(s), 0 continuation(s) 
[2026-04-03T03:33:17.537+0600][63.017s][info][gc,marking  ] GC(91) y: Mark Stack Usage: 32M
[2026-04-03T03:33:17.537+0600][63.017s][info][gc,nmethod  ] GC(91) y: NMethods: 7467 registered, 813 unregistered
[2026-04-03T03:33:17.537+0600][63.017s][info][gc,metaspace] GC(91) y: Metaspace: 71M used, 72M committed, 1152M reserved
[2026-04-03T03:33:17.537+0600][63.017s][info][gc,reloc    ] GC(91) y:                        Candidates     Selected     In-Place         Size        Empty    Relocated 
[2026-04-03T03:33:17.537+0600][63.017s][info][gc,reloc    ] GC(91) y: Small Pages:                  306           22            0         612M         462M           4M 
[2026-04-03T03:33:17.537+0600][63.017s][info][gc,reloc    ] GC(91) y: Medium Pages:                   2            1            0          64M           0M           4M 
[2026-04-03T03:33:17.537+0600][63.017s][info][gc,reloc    ] GC(91) y: Large Pages:                    7            0            0          44M          32M           0M 
[2026-04-03T03:33:17.537+0600][63.017s][info][gc,reloc    ] GC(91) y: Forwarding Usage: 5M
[2026-04-03T03:33:17.537+0600][63.017s][info][gc,reloc    ] GC(91) y: Age Table:
[2026-04-03T03:33:17.537+0600][63.017s][info][gc,reloc    ] GC(91) y:                    Live             Garbage             Small              Medium             Large        
[2026-04-03T03:33:17.537+0600][63.017s][info][gc,reloc    ] GC(91) y: Eden              88M (5%)          515M (29%)        290 / 19             0 / 0              4 / 0        
[2026-04-03T03:33:17.537+0600][63.017s][info][gc,reloc    ] GC(91) y: Survivor 1        23M (1%)           54M (3%)          13 / 2              1 / 0              3 / 0        
[2026-04-03T03:33:17.537+0600][63.017s][info][gc,reloc    ] GC(91) y: Survivor 2         9M (1%)           28M (2%)           3 / 1              1 / 1              0 / 0        
[2026-04-03T03:33:17.537+0600][63.017s][info][gc,heap     ] GC(91) y: Min Capacity: 8M(0%)
[2026-04-03T03:33:17.537+0600][63.017s][info][gc,heap     ] GC(91) y: Max Capacity: 1750M(100%)
[2026-04-03T03:33:17.537+0600][63.017s][info][gc,heap     ] GC(91) y: Soft Max Capacity: 1750M(100%)
[2026-04-03T03:33:17.537+0600][63.017s][info][gc,heap     ] GC(91) y: Heap Statistics:
[2026-04-03T03:33:17.537+0600][63.017s][info][gc,heap     ] GC(91) y:                Mark Start          Mark End        Relocate Start      Relocate End           High               Low         
[2026-04-03T03:33:17.537+0600][63.017s][info][gc,heap     ] GC(91) y:  Capacity:     1750M (100%)       1750M (100%)       1750M (100%)       1750M (100%)       1750M (100%)       1750M (100%)   
[2026-04-03T03:33:17.537+0600][63.017s][info][gc,heap     ] GC(91) y:      Free:      706M (40%)         510M (29%)        1004M (57%)        1038M (59%)        1044M (60%)         510M (29%)    
[2026-04-03T03:33:17.537+0600][63.017s][info][gc,heap     ] GC(91) y:      Used:     1044M (60%)        1240M (71%)         746M (43%)         712M (41%)        1240M (71%)         706M (40%)    
[2026-04-03T03:33:17.537+0600][63.017s][info][gc,heap     ] GC(91) y: Young Generation Statistics:
[2026-04-03T03:33:17.537+0600][63.017s][info][gc,heap     ] GC(91) y:                Mark Start          Mark End        Relocate Start      Relocate End    
[2026-04-03T03:33:17.537+0600][63.017s][info][gc,heap     ] GC(91) y:      Used:      720M (41%)         916M (52%)         422M (24%)         388M (22%)    
[2026-04-03T03:33:17.537+0600][63.017s][info][gc,heap     ] GC(91) y:      Live:         -               121M (7%)          121M (7%)          121M (7%)     
[2026-04-03T03:33:17.537+0600][63.017s][info][gc,heap     ] GC(91) y:   Garbage:         -               598M (34%)         104M (6%)            2M (0%)     
[2026-04-03T03:33:17.537+0600][63.017s][info][gc,heap     ] GC(91) y: Allocated:         -               196M (11%)         196M (11%)         264M (15%)    
[2026-04-03T03:33:17.537+0600][63.017s][info][gc,heap     ] GC(91) y: Reclaimed:         -                  -               494M (28%)         596M (34%)    
[2026-04-03T03:33:17.537+0600][63.017s][info][gc,heap     ] GC(91) y:  Promoted:         -                  -                 0M (0%)            0M (0%)     
[2026-04-03T03:33:17.537+0600][63.017s][info][gc,heap     ] GC(91) y: Compacted:         -                  -                  -                11M (1%)     
[2026-04-03T03:33:17.537+0600][63.017s][info][gc,phases   ] GC(91) y: Young Generation 1044M(60%)->712M(41%) 0.245s
[2026-04-03T03:33:17.537+0600][63.017s][info][gc          ] GC(91) Minor Collection (Allocation Rate) 1044M(60%)->712M(41%) 0.246s
[2026-04-03T03:33:17.693+0600][63.173s][info][gc,phases   ] GC(90) O: Concurrent Mark 581.550ms
[2026-04-03T03:33:17.693+0600][63.173s][info][gc,phases   ] GC(90) O: Pause Mark End 0.021ms
[2026-04-03T03:33:17.693+0600][63.173s][info][gc,phases   ] GC(90) O: Concurrent Mark Free 0.001ms
[2026-04-03T03:33:17.713+0600][63.192s][info][gc,phases   ] GC(90) O: Concurrent Process Non-Strong 19.347ms
[2026-04-03T03:33:17.713+0600][63.192s][info][gc,phases   ] GC(90) O: Concurrent Reset Relocation Set 0.002ms
[2026-04-03T03:33:17.717+0600][63.197s][info][gc,phases   ] GC(90) O: Concurrent Select Relocation Set 4.643ms
[2026-04-03T03:33:17.717+0600][63.197s][info][gc,task     ] GC(90) O: Using 3 Workers for Old Generation
[2026-04-03T03:33:17.736+0600][63.215s][info][gc,task     ] GC(90) O: Using 1 Workers for Old Generation
[2026-04-03T03:33:17.736+0600][63.215s][info][gc,phases   ] GC(90) O: Concurrent Remap Roots 18.570ms
[2026-04-03T03:33:17.736+0600][63.216s][info][gc,phases   ] GC(90) O: Pause Relocate Start 0.024ms
[2026-04-03T03:33:17.744+0600][63.224s][info][gc,phases   ] GC(90) O: Concurrent Relocate 7.827ms
[2026-04-03T03:33:17.744+0600][63.224s][info][gc,alloc    ] GC(90) O:                         Mark Start        Mark End      Relocate Start    Relocate End   
[2026-04-03T03:33:17.744+0600][63.224s][info][gc,alloc    ] GC(90) O: Allocation Stalls:          0                0                0                0         
[2026-04-03T03:33:17.744+0600][63.224s][info][gc,load     ] GC(90) O: Load: 4.45 (37%) / 4.28 (36%) / 4.78 (40%)
[2026-04-03T03:33:17.744+0600][63.224s][info][gc,mmu      ] GC(90) O: MMU: 2ms/87.1%, 5ms/94.8%, 10ms/97.4%, 20ms/98.4%, 50ms/99.4%, 100ms/99.6%
[2026-04-03T03:33:17.744+0600][63.224s][info][gc,marking  ] GC(90) O: Mark: 1 stripe(s), 2 proactive flush(es), 1 terminate flush(es), 0 completion(s), 0 continuation(s) 
[2026-04-03T03:33:17.744+0600][63.224s][info][gc,marking  ] GC(90) O: Mark Stack Usage: 32M
[2026-04-03T03:33:17.744+0600][63.224s][info][gc,nmethod  ] GC(90) O: NMethods: 7465 registered, 836 unregistered
[2026-04-03T03:33:17.744+0600][63.224s][info][gc,metaspace] GC(90) O: Metaspace: 71M used, 72M committed, 1152M reserved
[2026-04-03T03:33:17.744+0600][63.224s][info][gc,ref      ] GC(90) O:                       Encountered   Discovered     Enqueued 
[2026-04-03T03:33:17.744+0600][63.224s][info][gc,ref      ] GC(90) O: Soft References:             5077            0            0 
[2026-04-03T03:33:17.744+0600][63.224s][info][gc,ref      ] GC(90) O: Weak References:             7027         5494          299 
[2026-04-03T03:33:17.744+0600][63.224s][info][gc,ref      ] GC(90) O: Final References:              84            0            0 
[2026-04-03T03:33:17.744+0600][63.224s][info][gc,ref      ] GC(90) O: Phantom References:           599          229            0 
[2026-04-03T03:33:17.744+0600][63.224s][info][gc,reloc    ] GC(90) O:                        Candidates     Selected     In-Place         Size        Empty    Relocated 
[2026-04-03T03:33:17.744+0600][63.224s][info][gc,reloc    ] GC(90) O: Small Pages:                  105            9            0         210M          26M           1M 
[2026-04-03T03:33:17.744+0600][63.224s][info][gc,reloc    ] GC(90) O: Medium Pages:                   2            1            0          64M           0M          11M 
[2026-04-03T03:33:17.744+0600][63.224s][info][gc,reloc    ] GC(90) O: Large Pages:                    0            0            0           0M           0M           0M 
[2026-04-03T03:33:17.744+0600][63.224s][info][gc,reloc    ] GC(90) O: Forwarding Usage: 0M
[2026-04-03T03:33:17.744+0600][63.224s][info][gc,heap     ] GC(90) O: Min Capacity: 8M(0%)
[2026-04-03T03:33:17.744+0600][63.224s][info][gc,heap     ] GC(90) O: Max Capacity: 1750M(100%)
[2026-04-03T03:33:17.744+0600][63.224s][info][gc,heap     ] GC(90) O: Soft Max Capacity: 1750M(100%)
[2026-04-03T03:33:17.744+0600][63.224s][info][gc,heap     ] GC(90) O: Heap Statistics:
[2026-04-03T03:33:17.744+0600][63.224s][info][gc,heap     ] GC(90) O:                Mark Start          Mark End        Relocate Start      Relocate End           High               Low         
[2026-04-03T03:33:17.744+0600][63.224s][info][gc,heap     ] GC(90) O:  Capacity:     1750M (100%)       1750M (100%)       1750M (100%)       1750M (100%)       1750M (100%)       1750M (100%)   
[2026-04-03T03:33:17.744+0600][63.224s][info][gc,heap     ] GC(90) O:      Free:     1116M (64%)        1002M (57%)        1028M (59%)        1068M (61%)        1160M (66%)         510M (29%)    
[2026-04-03T03:33:17.744+0600][63.224s][info][gc,heap     ] GC(90) O:      Used:      634M (36%)         748M (43%)         722M (41%)         682M (39%)        1240M (71%)         590M (34%)    
[2026-04-03T03:33:17.744+0600][63.224s][info][gc,heap     ] GC(90) O: Old Generation Statistics:
[2026-04-03T03:33:17.744+0600][63.224s][info][gc,heap     ] GC(90) O:                Mark Start          Mark End        Relocate Start      Relocate End    
[2026-04-03T03:33:17.744+0600][63.224s][info][gc,heap     ] GC(90) O:      Used:      274M (16%)         324M (19%)         298M (17%)         258M (15%)    
[2026-04-03T03:33:17.744+0600][63.224s][info][gc,heap     ] GC(90) O:      Live:         -               174M (10%)         174M (10%)         174M (10%)    
[2026-04-03T03:33:17.745+0600][63.224s][info][gc,heap     ] GC(90) O:   Garbage:         -                99M (6%)           73M (4%)            3M (0%)     
[2026-04-03T03:33:17.745+0600][63.224s][info][gc,heap     ] GC(90) O: Allocated:         -                50M (3%)           50M (3%)           80M (5%)     
[2026-04-03T03:33:17.745+0600][63.224s][info][gc,heap     ] GC(90) O: Reclaimed:         -                  -                26M (1%)           96M (5%)     
[2026-04-03T03:33:17.745+0600][63.224s][info][gc,heap     ] GC(90) O: Compacted:         -                  -                  -                13M (1%)     
[2026-04-03T03:33:17.745+0600][63.224s][info][gc,phases   ] GC(90) O: Old Generation 622M(36%)->682M(39%) 0.633s
[2026-04-03T03:33:17.745+0600][63.224s][info][gc          ] GC(90) Major Collection (Allocation Rate) 634M(36%)->682M(39%) 0.779s
[2026-04-03T03:33:18.055+0600][63.534s][info][gc,exit     ] Stopping ZGC
[2026-04-03T03:33:18.055+0600][63.535s][info][gc,stats    ] === Garbage Collection Statistics =======================================================================================================================
[2026-04-03T03:33:18.055+0600][63.535s][info][gc,stats    ]                                                              Last 10s              Last 10m              Last 10h                Total
[2026-04-03T03:33:18.055+0600][63.535s][info][gc,stats    ]                                                              Avg / Max             Avg / Max             Avg / Max             Avg / Max
[2026-04-03T03:33:18.055+0600][63.535s][info][gc,stats    ]        Contention: Mark Segment Reset Contention                     6 / 45               10 / 416              10 / 416              10 / 416         ops/s
[2026-04-03T03:33:18.055+0600][63.535s][info][gc,stats    ]        Contention: Mark SeqNum Reset Contention                      0 / 0                 0 / 20                0 / 20                0 / 20          ops/s
[2026-04-03T03:33:18.055+0600][63.535s][info][gc,stats    ]          Critical: Allocation Stall                                  0 / 0                 0 / 3                 0 / 3                 0 / 3           ops/s
[2026-04-03T03:33:18.055+0600][63.535s][info][gc,stats    ]          Critical: Allocation Stall                              0.000 / 0.000        51.726 / 64.282       51.726 / 64.282       51.726 / 64.282      ms
[2026-04-03T03:33:18.055+0600][63.535s][info][gc,stats    ]          Critical: JNI Critical Stall                                0 / 1                 0 / 3                 0 / 3                 0 / 3           ops/s
[2026-04-03T03:33:18.055+0600][63.535s][info][gc,stats    ]          Critical: JNI Critical Stall                            0.244 / 0.244         1.049 / 8.563         1.049 / 8.563         1.049 / 8.563       ms
[2026-04-03T03:33:18.055+0600][63.535s][info][gc,stats    ]          Critical: Relocation Stall                                  0 / 0                 0 / 0                 0 / 0                 0 / 0           ops/s
[2026-04-03T03:33:18.055+0600][63.535s][info][gc,stats    ]          Critical: Relocation Stall                              0.000 / 0.000         0.000 / 0.000         0.000 / 0.000         0.000 / 0.000       ms
[2026-04-03T03:33:18.055+0600][63.535s][info][gc,stats    ]  Major Collection: Major Collection                           1942.925 / 2929.864   1313.312 / 3526.067   1313.312 / 3526.067   1313.312 / 3526.067    ms
[2026-04-03T03:33:18.055+0600][63.535s][info][gc,stats    ]            Memory: Allocation Rate                                 648 / 1176            564 / 2498            564 / 2498            564 / 2498        MB/s
[2026-04-03T03:33:18.055+0600][63.535s][info][gc,stats    ]            Memory: Defragment                                        4 / 44                4 / 75                4 / 75                4 / 75          ops/s
[2026-04-03T03:33:18.055+0600][63.535s][info][gc,stats    ]            Memory: Out Of Memory                                     0 / 0                 0 / 0                 0 / 0                 0 / 0           ops/s
[2026-04-03T03:33:18.055+0600][63.535s][info][gc,stats    ]            Memory: Page Cache Flush                                 44 / 162              32 / 234              32 / 234              32 / 234         MB/s
[2026-04-03T03:33:18.055+0600][63.535s][info][gc,stats    ]            Memory: Page Cache Hit L1                               300 / 561             257 / 1276            257 / 1276            257 / 1276        ops/s
[2026-04-03T03:33:18.055+0600][63.535s][info][gc,stats    ]            Memory: Page Cache Hit L2                                 0 / 0                 0 / 0                 0 / 0                 0 / 0           ops/s
[2026-04-03T03:33:18.055+0600][63.535s][info][gc,stats    ]            Memory: Page Cache Hit L3                                 6 / 31                7 / 94                7 / 94                7 / 94          ops/s
[2026-04-03T03:33:18.055+0600][63.535s][info][gc,stats    ]            Memory: Page Cache Miss                                   1 / 5                10 / 270              10 / 270              10 / 270         ops/s
[2026-04-03T03:33:18.055+0600][63.535s][info][gc,stats    ]            Memory: Uncommit                                          0 / 0                 0 / 0                 0 / 0                 0 / 0           MB/s
[2026-04-03T03:33:18.055+0600][63.535s][info][gc,stats    ]            Memory: Undo Object Allocation Failed                     0 / 0                 0 / 0                 0 / 0                 0 / 0           ops/s
[2026-04-03T03:33:18.055+0600][63.535s][info][gc,stats    ]            Memory: Undo Object Allocation Succeeded                  8 / 79              136 / 3714            136 / 3714            136 / 3714        ops/s
[2026-04-03T03:33:18.055+0600][63.535s][info][gc,stats    ]            Memory: Undo Page Allocation                              0 / 1                 0 / 1                 0 / 1                 0 / 1           ops/s
[2026-04-03T03:33:18.055+0600][63.535s][info][gc,stats    ]  Minor Collection: Minor Collection                            442.248 / 1048.869    427.714 / 1299.800    427.714 / 1299.800    427.714 / 1299.800    ms
[2026-04-03T03:33:18.055+0600][63.535s][info][gc,stats    ]    Old Generation: Old Generation                             1584.455 / 2511.726   1020.680 / 3026.153   1020.680 / 3026.153   1020.680 / 3026.153    ms
[2026-04-03T03:33:18.055+0600][63.535s][info][gc,stats    ]         Old Pause: Pause Mark End                                0.037 / 0.050         0.043 / 0.258         0.043 / 0.258         0.043 / 0.258       ms
[2026-04-03T03:33:18.055+0600][63.535s][info][gc,stats    ]         Old Pause: Pause Relocate Start                          0.039 / 0.056         0.035 / 0.107         0.035 / 0.107         0.035 / 0.107       ms
[2026-04-03T03:33:18.055+0600][63.535s][info][gc,stats    ]         Old Phase: Concurrent Mark                            1051.055 / 1840.745    584.096 / 1840.745    584.096 / 1840.745    584.096 / 1840.745    ms
[2026-04-03T03:33:18.055+0600][63.535s][info][gc,stats    ]         Old Phase: Concurrent Mark Continue                      4.121 / 4.121         4.121 / 4.121         4.121 / 4.121         4.121 / 4.121       ms
[2026-04-03T03:33:18.055+0600][63.535s][info][gc,stats    ]         Old Phase: Concurrent Mark Free                          0.003 / 0.004         0.003 / 0.022         0.003 / 0.022         0.003 / 0.022       ms
[2026-04-03T03:33:18.055+0600][63.535s][info][gc,stats    ]         Old Phase: Concurrent Process Non-Strong                22.477 / 39.112       18.654 / 51.083       18.654 / 51.083       18.654 / 51.083      ms
[2026-04-03T03:33:18.055+0600][63.535s][info][gc,stats    ]         Old Phase: Concurrent Relocate                          24.922 / 77.112       39.371 / 174.481      39.371 / 174.481      39.371 / 174.481     ms
[2026-04-03T03:33:18.055+0600][63.535s][info][gc,stats    ]         Old Phase: Concurrent Remap Roots                       25.895 / 28.498       26.732 / 79.237       26.732 / 79.237       26.732 / 79.237      ms
[2026-04-03T03:33:18.055+0600][63.535s][info][gc,stats    ]         Old Phase: Concurrent Reset Relocation Set               0.008 / 0.012         0.006 / 0.014         0.006 / 0.014         0.006 / 0.014       ms
[2026-04-03T03:33:18.055+0600][63.535s][info][gc,stats    ]         Old Phase: Concurrent Select Relocation Set              8.965 / 14.392        9.045 / 35.986        9.045 / 35.986        9.045 / 35.986      ms
[2026-04-03T03:33:18.055+0600][63.535s][info][gc,stats    ]      Old Subphase: Concurrent Classes Purge                      0.116 / 0.270         0.292 / 1.434         0.292 / 1.434         0.292 / 1.434       ms
[2026-04-03T03:33:18.055+0600][63.535s][info][gc,stats    ]      Old Subphase: Concurrent Classes Unlink                    17.645 / 31.486       14.939 / 44.182       14.939 / 44.182       14.939 / 44.182      ms
[2026-04-03T03:33:18.055+0600][63.535s][info][gc,stats    ]      Old Subphase: Concurrent Mark Follow                      839.445 / 1837.649    555.113 / 1837.649    555.113 / 1837.649    555.113 / 1837.649    ms
[2026-04-03T03:33:18.055+0600][63.535s][info][gc,stats    ]      Old Subphase: Concurrent Mark Root Colored                  0.345 / 0.427         0.215 / 0.427         0.215 / 0.427         0.215 / 0.427       ms
[2026-04-03T03:33:18.055+0600][63.535s][info][gc,stats    ]      Old Subphase: Concurrent Mark Root Uncolored                1.794 / 3.665         0.876 / 3.665         0.876 / 3.665         0.876 / 3.665       ms
[2026-04-03T03:33:18.055+0600][63.535s][info][gc,stats    ]      Old Subphase: Concurrent Mark Roots                         2.503 / 4.126         1.455 / 4.126         1.455 / 4.126         1.455 / 4.126       ms
[2026-04-03T03:33:18.055+0600][63.535s][info][gc,stats    ]      Old Subphase: Concurrent References Enqueue                 0.010 / 0.013         0.010 / 0.037         0.010 / 0.037         0.010 / 0.037       ms
[2026-04-03T03:33:18.055+0600][63.535s][info][gc,stats    ]      Old Subphase: Concurrent References Process                 1.805 / 2.906         1.098 / 2.906         1.098 / 2.906         1.098 / 2.906       ms
[2026-04-03T03:33:18.055+0600][63.535s][info][gc,stats    ]      Old Subphase: Concurrent Remap Remembered                  17.876 / 19.198       20.178 / 70.851       20.178 / 70.851       20.178 / 70.851      ms
[2026-04-03T03:33:18.055+0600][63.535s][info][gc,stats    ]      Old Subphase: Concurrent Remap Roots Colored                3.540 / 4.522         2.913 / 4.681         2.913 / 4.681         2.913 / 4.681       ms
[2026-04-03T03:33:18.055+0600][63.535s][info][gc,stats    ]      Old Subphase: Concurrent Remap Roots Uncolored              4.069 / 4.724         2.636 / 4.724         2.636 / 4.724         2.636 / 4.724       ms
[2026-04-03T03:33:18.055+0600][63.535s][info][gc,stats    ]      Old Subphase: Concurrent Roots ClassLoaderDataGraph         2.111 / 4.166         1.655 / 4.166         1.655 / 4.166         1.655 / 4.166       ms
[2026-04-03T03:33:18.055+0600][63.535s][info][gc,stats    ]      Old Subphase: Concurrent Roots CodeCache                    3.463 / 3.997         2.337 / 3.997         2.337 / 3.997         2.337 / 3.997       ms
[2026-04-03T03:33:18.055+0600][63.535s][info][gc,stats    ]      Old Subphase: Concurrent Roots JavaThreads                  0.752 / 3.663         0.387 / 3.663         0.387 / 3.663         0.387 / 3.663       ms
[2026-04-03T03:33:18.055+0600][63.535s][info][gc,stats    ]      Old Subphase: Concurrent Roots OopStorageSet                0.041 / 0.132         0.034 / 0.132         0.034 / 0.132         0.034 / 0.132       ms
[2026-04-03T03:33:18.055+0600][63.535s][info][gc,stats    ]      Old Subphase: Concurrent Weak Roots OopStorageSet           0.953 / 3.606         0.751 / 3.606         0.751 / 3.606         0.751 / 3.606       ms
[2026-04-03T03:33:18.055+0600][63.535s][info][gc,stats    ]            System: Java Threads                                    193 / 213             120 / 213             120 / 213             120 / 213         threads
[2026-04-03T03:33:18.055+0600][63.535s][info][gc,stats    ]  Young Generation: Young Generation                            293.312 / 523.612     316.596 / 876.960     316.596 / 876.960     316.596 / 876.960     ms
[2026-04-03T03:33:18.055+0600][63.535s][info][gc,stats    ]  Young Generation: Young Generation                            441.603 / 1048.180    427.099 / 1299.215    427.099 / 1299.215    427.099 / 1299.215    ms
[2026-04-03T03:33:18.055+0600][63.535s][info][gc,stats    ]  Young Generation: Young Generation (Collect Roots)              0.000 / 0.000        13.841 / 17.641       13.841 / 17.641       13.841 / 17.641      ms
[2026-04-03T03:33:18.055+0600][63.535s][info][gc,stats    ]  Young Generation: Young Generation (Promote All)                0.000 / 0.000        78.594 / 99.236       78.594 / 99.236       78.594 / 99.236      ms
[2026-04-03T03:33:18.055+0600][63.535s][info][gc,stats    ]       Young Pause: Pause Mark End                                0.048 / 0.232         0.039 / 0.232         0.039 / 0.232         0.039 / 0.232       ms
[2026-04-03T03:33:18.055+0600][63.535s][info][gc,stats    ]       Young Pause: Pause Mark Start                              0.057 / 0.199         0.039 / 0.199         0.039 / 0.199         0.039 / 0.199       ms
[2026-04-03T03:33:18.055+0600][63.535s][info][gc,stats    ]       Young Pause: Pause Mark Start (Major)                      0.029 / 0.041         0.031 / 0.086         0.031 / 0.086         0.031 / 0.086       ms
[2026-04-03T03:33:18.055+0600][63.535s][info][gc,stats    ]       Young Pause: Pause Relocate Start                          0.034 / 0.093         0.029 / 0.093         0.029 / 0.093         0.029 / 0.093       ms
[2026-04-03T03:33:18.055+0600][63.535s][info][gc,stats    ]       Young Phase: Concurrent Mark                             303.939 / 624.805     271.224 / 925.398     271.224 / 925.398     271.224 / 925.398     ms
[2026-04-03T03:33:18.055+0600][63.535s][info][gc,stats    ]       Young Phase: Concurrent Mark Continue                      0.000 / 0.000         0.000 / 0.000         0.000 / 0.000         0.000 / 0.000       ms
[2026-04-03T03:33:18.055+0600][63.535s][info][gc,stats    ]       Young Phase: Concurrent Mark Free                          0.002 / 0.005         0.004 / 0.186         0.004 / 0.186         0.004 / 0.186       ms
[2026-04-03T03:33:18.055+0600][63.535s][info][gc,stats    ]       Young Phase: Concurrent Relocate                          81.646 / 282.279      83.190 / 376.033      83.190 / 376.033      83.190 / 376.033     ms
[2026-04-03T03:33:18.055+0600][63.535s][info][gc,stats    ]       Young Phase: Concurrent Reset Relocation Set               0.048 / 0.230         0.047 / 0.230         0.047 / 0.230         0.047 / 0.230       ms
[2026-04-03T03:33:18.055+0600][63.535s][info][gc,stats    ]       Young Phase: Concurrent Select Relocation Set             24.587 / 135.840      24.961 / 135.840      24.961 / 135.840      24.961 / 135.840     ms
[2026-04-03T03:33:18.056+0600][63.535s][info][gc,stats    ]    Young Subphase: Concurrent Mark Follow                      291.824 / 613.949     261.689 / 910.946     261.689 / 910.946     261.689 / 910.946     ms
[2026-04-03T03:33:18.056+0600][63.535s][info][gc,stats    ]    Young Subphase: Concurrent Mark Root Colored                  4.970 / 9.018         4.476 / 15.089        4.476 / 15.089        4.476 / 15.089      ms
[2026-04-03T03:33:18.056+0600][63.535s][info][gc,stats    ]    Young Subphase: Concurrent Mark Root Uncolored                5.686 / 15.838        4.203 / 15.838        4.203 / 15.838        4.203 / 15.838      ms
[2026-04-03T03:33:18.056+0600][63.535s][info][gc,stats    ]    Young Subphase: Concurrent Mark Roots                        12.050 / 23.854        9.526 / 23.854        9.526 / 23.854        9.526 / 23.854      ms
[2026-04-03T03:33:18.056+0600][63.535s][info][gc,stats    ]    Young Subphase: Concurrent Relocate Remset FP                21.568 / 185.559      27.747 / 284.673      27.747 / 284.673      27.747 / 284.673     ms
[2026-04-03T03:33:18.056+0600][63.535s][info][gc,stats    ]    Young Subphase: Concurrent Roots ClassLoaderDataGraph         3.622 / 4.857         3.366 / 9.526         3.366 / 9.526         3.366 / 9.526       ms
[2026-04-03T03:33:18.056+0600][63.535s][info][gc,stats    ]    Young Subphase: Concurrent Roots CodeCache                    4.711 / 13.468        3.530 / 13.468        3.530 / 13.468        3.530 / 13.468      ms
[2026-04-03T03:33:18.056+0600][63.535s][info][gc,stats    ]    Young Subphase: Concurrent Roots JavaThreads                  0.511 / 2.364         0.359 / 2.364         0.359 / 2.364         0.359 / 2.364       ms
[2026-04-03T03:33:18.056+0600][63.535s][info][gc,stats    ]    Young Subphase: Concurrent Roots OopStorageSet                0.050 / 0.210         0.041 / 0.226         0.041 / 0.226         0.041 / 0.226       ms
[2026-04-03T03:33:18.056+0600][63.535s][info][gc,stats    ]    Young Subphase: Concurrent Weak Roots OopStorageSet           1.299 / 4.876         1.071 / 5.477         1.071 / 5.477         1.071 / 5.477       ms
[2026-04-03T03:33:18.056+0600][63.535s][info][gc,stats    ] =========================================================================================================================================================
[2026-04-03T03:33:18.056+0600][63.535s][info][gc,heap,exit] Heap
[2026-04-03T03:33:18.056+0600][63.535s][info][gc,heap,exit]  ZHeap           used 684M, capacity 1750M, max capacity 1750M
[2026-04-03T03:33:18.056+0600][63.535s][info][gc,heap,exit]  Metaspace       used 73708K, committed 74624K, reserved 1179648K
[2026-04-03T03:33:18.056+0600][63.535s][info][gc,heap,exit]   class space    used 9418K, committed 9792K, reserved 1048576K
