[2026-04-03T03:18:00.453+0600][0.005s][info][gc,init] Initializing The Z Garbage Collector
[2026-04-03T03:18:00.453+0600][0.005s][info][gc,init] Version: 21.0.10+7-Ubuntu-124.04 (release)
[2026-04-03T03:18:00.453+0600][0.005s][info][gc,init] NUMA Support: Disabled
[2026-04-03T03:18:00.453+0600][0.005s][info][gc,init] CPUs: 12 total, 12 available
[2026-04-03T03:18:00.453+0600][0.005s][info][gc,init] Memory: 15683M
[2026-04-03T03:18:00.453+0600][0.005s][info][gc,init] Large Page Support: Disabled
[2026-04-03T03:18:00.453+0600][0.005s][info][gc,init] Address Space Type: Contiguous/Unrestricted/Complete
[2026-04-03T03:18:00.453+0600][0.005s][info][gc,init] Address Space Size: 16000M
[2026-04-03T03:18:00.453+0600][0.005s][info][gc,init] Heap Backing File: /memfd:java_heap
[2026-04-03T03:18:00.453+0600][0.005s][info][gc,init] Heap Backing Filesystem: tmpfs (0x1021994)
[2026-04-03T03:18:00.453+0600][0.006s][info][gc,init] Min Capacity: 8M
[2026-04-03T03:18:00.453+0600][0.006s][info][gc,init] Initial Capacity: 246M
[2026-04-03T03:18:00.453+0600][0.006s][info][gc,init] Max Capacity: 1000M
[2026-04-03T03:18:00.453+0600][0.006s][info][gc,init] Soft Max Capacity: 1000M
[2026-04-03T03:18:00.453+0600][0.006s][info][gc,init] Medium Page Size: 16M
[2026-04-03T03:18:00.453+0600][0.006s][info][gc,init] Pre-touch: Disabled
[2026-04-03T03:18:00.453+0600][0.006s][info][gc,init] Available space on backing filesystem: N/A
[2026-04-03T03:18:00.454+0600][0.006s][info][gc,init] Uncommit: Enabled
[2026-04-03T03:18:00.454+0600][0.006s][info][gc,init] Uncommit Delay: 300s
[2026-04-03T03:18:00.454+0600][0.007s][info][gc,init] GC Workers for Old Generation: 3 (dynamic)
[2026-04-03T03:18:00.455+0600][0.007s][info][gc,init] GC Workers for Young Generation: 3 (dynamic)
[2026-04-03T03:18:00.532+0600][0.085s][info][gc,init] GC Workers Max: 3 (dynamic)
[2026-04-03T03:18:00.533+0600][0.086s][info][gc,init] Runtime Workers: 8
[2026-04-03T03:18:00.534+0600][0.086s][info][gc     ] Using The Z Garbage Collector
[2026-04-03T03:18:00.543+0600][0.096s][info][gc,metaspace] CDS archive(s) mapped at: [0x00007c0e4f000000-0x00007c0e4fc9c000-0x00007c0e4fc9c000), size 13221888, SharedBaseAddress: 0x00007c0e4f000000, ArchiveRelocationMode: 1.
[2026-04-03T03:18:00.543+0600][0.096s][info][gc,metaspace] Compressed class space mapped at: 0x00007c0e50000000-0x00007c0e90000000, reserved size: 1073741824
[2026-04-03T03:18:00.543+0600][0.096s][info][gc,metaspace] Narrow klass base: 0x00007c0e4f000000, Narrow klass shift: 0, Narrow klass range: 0x100000000
[2026-04-03T03:18:01.050+0600][0.602s][info][gc          ] GC(0) Major Collection (Warmup)
[2026-04-03T03:18:01.050+0600][0.603s][info][gc,task     ] GC(0) Using 3 Workers for Young Generation
[2026-04-03T03:18:01.050+0600][0.603s][info][gc,task     ] GC(0) Using 2 Workers for Old Generation
[2026-04-03T03:18:01.050+0600][0.603s][info][gc,phases   ] GC(0) Y: Young Generation
[2026-04-03T03:18:01.051+0600][0.603s][info][gc,phases   ] GC(0) Y: Pause Mark Start (Major) 0.018ms
[2026-04-03T03:18:01.056+0600][0.608s][info][gc,phases   ] GC(0) Y: Concurrent Mark 5.213ms
[2026-04-03T03:18:01.056+0600][0.609s][info][gc,phases   ] GC(0) Y: Pause Mark End 0.015ms
[2026-04-03T03:18:01.056+0600][0.609s][info][gc,phases   ] GC(0) Y: Concurrent Mark Free 0.001ms
[2026-04-03T03:18:01.057+0600][0.609s][info][gc,phases   ] GC(0) Y: Concurrent Reset Relocation Set 0.001ms
[2026-04-03T03:18:01.065+0600][0.617s][info][gc,reloc    ] GC(0) Y: Using tenuring threshold: 1 (Computed)
[2026-04-03T03:18:01.066+0600][0.618s][info][gc,phases   ] GC(0) Y: Concurrent Select Relocation Set 9.074ms
[2026-04-03T03:18:01.066+0600][0.618s][info][gc,phases   ] GC(0) Y: Pause Relocate Start 0.014ms
[2026-04-03T03:18:01.068+0600][0.621s][info][gc,phases   ] GC(0) Y: Concurrent Relocate 2.557ms
[2026-04-03T03:18:01.068+0600][0.621s][info][gc,alloc    ] GC(0) Y:                         Mark Start        Mark End      Relocate Start    Relocate End   
[2026-04-03T03:18:01.068+0600][0.621s][info][gc,alloc    ] GC(0) Y: Allocation Stalls:          0                0                0                0         
[2026-04-03T03:18:01.069+0600][0.621s][info][gc,load     ] GC(0) Y: Load: 4.48 (37%) / 5.05 (42%) / 5.54 (46%)
[2026-04-03T03:18:01.069+0600][0.621s][info][gc,mmu      ] GC(0) Y: MMU: 2ms/99.1%, 5ms/99.6%, 10ms/99.7%, 20ms/99.8%, 50ms/99.9%, 100ms/100.0%
[2026-04-03T03:18:01.069+0600][0.621s][info][gc,marking  ] GC(0) Y: Mark: 2 stripe(s), 2 proactive flush(es), 1 terminate flush(es), 0 completion(s), 0 continuation(s) 
[2026-04-03T03:18:01.069+0600][0.621s][info][gc,marking  ] GC(0) Y: Mark Stack Usage: 32M
[2026-04-03T03:18:01.069+0600][0.621s][info][gc,nmethod  ] GC(0) Y: NMethods: 730 registered, 0 unregistered
[2026-04-03T03:18:01.069+0600][0.621s][info][gc,metaspace] GC(0) Y: Metaspace: 3M used, 4M committed, 1088M reserved
[2026-04-03T03:18:01.069+0600][0.621s][info][gc,reloc    ] GC(0) Y:                        Candidates     Selected     In-Place         Size        Empty    Relocated 
[2026-04-03T03:18:01.069+0600][0.621s][info][gc,reloc    ] GC(0) Y: Small Pages:                   50           47            0         100M           0M           1M 
[2026-04-03T03:18:01.069+0600][0.621s][info][gc,reloc    ] GC(0) Y: Medium Pages:                   0            0            0           0M           0M           0M 
[2026-04-03T03:18:01.069+0600][0.621s][info][gc,reloc    ] GC(0) Y: Large Pages:                    0            0            0           0M           0M           0M 
[2026-04-03T03:18:01.069+0600][0.621s][info][gc,reloc    ] GC(0) Y: Forwarding Usage: 0M
[2026-04-03T03:18:01.069+0600][0.621s][info][gc,reloc    ] GC(0) Y: Age Table:
[2026-04-03T03:18:01.069+0600][0.621s][info][gc,reloc    ] GC(0) Y:                    Live             Garbage             Small              Medium             Large        
[2026-04-03T03:18:01.069+0600][0.621s][info][gc,reloc    ] GC(0) Y: Eden               3M (0%)           96M (10%)         50 / 47             0 / 0              0 / 0        
[2026-04-03T03:18:01.069+0600][0.621s][info][gc,heap     ] GC(0) Y: Min Capacity: 8M(1%)
[2026-04-03T03:18:01.069+0600][0.621s][info][gc,heap     ] GC(0) Y: Max Capacity: 1000M(100%)
[2026-04-03T03:18:01.069+0600][0.621s][info][gc,heap     ] GC(0) Y: Soft Max Capacity: 1000M(100%)
[2026-04-03T03:18:01.069+0600][0.621s][info][gc,heap     ] GC(0) Y: Heap Statistics:
[2026-04-03T03:18:01.069+0600][0.621s][info][gc,heap     ] GC(0) Y:                Mark Start          Mark End        Relocate Start      Relocate End           High               Low         
[2026-04-03T03:18:01.069+0600][0.621s][info][gc,heap     ] GC(0) Y:  Capacity:      246M (25%)         246M (25%)         246M (25%)         246M (25%)         246M (25%)         246M (25%)    
[2026-04-03T03:18:01.069+0600][0.621s][info][gc,heap     ] GC(0) Y:      Free:      900M (90%)         896M (90%)         894M (89%)         980M (98%)         980M (98%)         886M (89%)    
[2026-04-03T03:18:01.069+0600][0.621s][info][gc,heap     ] GC(0) Y:      Used:      100M (10%)         104M (10%)         106M (11%)          20M (2%)          114M (11%)          20M (2%)     
[2026-04-03T03:18:01.069+0600][0.621s][info][gc,heap     ] GC(0) Y: Young Generation Statistics:
[2026-04-03T03:18:01.069+0600][0.621s][info][gc,heap     ] GC(0) Y:                Mark Start          Mark End        Relocate Start      Relocate End    
[2026-04-03T03:18:01.069+0600][0.621s][info][gc,heap     ] GC(0) Y:      Used:      100M (10%)         104M (10%)         106M (11%)          20M (2%)     
[2026-04-03T03:18:01.069+0600][0.621s][info][gc,heap     ] GC(0) Y:      Live:         -                 3M (0%)            3M (0%)            3M (0%)     
[2026-04-03T03:18:01.069+0600][0.621s][info][gc,heap     ] GC(0) Y:   Garbage:         -                96M (10%)          96M (10%)           1M (0%)     
[2026-04-03T03:18:01.069+0600][0.621s][info][gc,heap     ] GC(0) Y: Allocated:         -                 4M (0%)            6M (1%)           14M (1%)     
[2026-04-03T03:18:01.069+0600][0.621s][info][gc,heap     ] GC(0) Y: Reclaimed:         -                  -                 0M (0%)           94M (9%)     
[2026-04-03T03:18:01.069+0600][0.621s][info][gc,heap     ] GC(0) Y:  Promoted:         -                  -                 0M (0%)            0M (0%)     
[2026-04-03T03:18:01.069+0600][0.621s][info][gc,heap     ] GC(0) Y: Compacted:         -                  -                  -                 1M (0%)     
[2026-04-03T03:18:01.069+0600][0.621s][info][gc,phases   ] GC(0) Y: Young Generation 100M(10%)->20M(2%) 0.018s
[2026-04-03T03:18:01.069+0600][0.621s][info][gc,phases   ] GC(0) O: Old Generation
[2026-04-03T03:18:01.069+0600][0.622s][info][gc,phases   ] GC(0) O: Concurrent Mark 0.620ms
[2026-04-03T03:18:01.070+0600][0.622s][info][gc,phases   ] GC(0) O: Pause Mark End 0.016ms
[2026-04-03T03:18:01.070+0600][0.622s][info][gc,phases   ] GC(0) O: Concurrent Mark Free 0.024ms
[2026-04-03T03:18:01.071+0600][0.623s][info][gc,phases   ] GC(0) O: Concurrent Process Non-Strong 1.366ms
[2026-04-03T03:18:01.071+0600][0.624s][info][gc,phases   ] GC(0) O: Concurrent Reset Relocation Set 0.001ms
[2026-04-03T03:18:01.075+0600][0.627s][info][gc,phases   ] GC(0) O: Concurrent Select Relocation Set 3.280ms
[2026-04-03T03:18:01.075+0600][0.627s][info][gc,task     ] GC(0) O: Using 3 Workers for Old Generation
[2026-04-03T03:18:01.087+0600][0.639s][info][gc,task     ] GC(0) O: Using 2 Workers for Old Generation
[2026-04-03T03:18:01.087+0600][0.639s][info][gc,phases   ] GC(0) O: Concurrent Remap Roots 12.299ms
[2026-04-03T03:18:01.087+0600][0.639s][info][gc,phases   ] GC(0) O: Pause Relocate Start 0.019ms
[2026-04-03T03:18:01.087+0600][0.640s][info][gc,phases   ] GC(0) O: Concurrent Relocate 0.113ms
[2026-04-03T03:18:01.087+0600][0.640s][info][gc,alloc    ] GC(0) O:                         Mark Start        Mark End      Relocate Start    Relocate End   
[2026-04-03T03:18:01.087+0600][0.640s][info][gc,alloc    ] GC(0) O: Allocation Stalls:          0                0                0                0         
[2026-04-03T03:18:01.087+0600][0.640s][info][gc,load     ] GC(0) O: Load: 4.48 (37%) / 5.05 (42%) / 5.54 (46%)
[2026-04-03T03:18:01.087+0600][0.640s][info][gc,mmu      ] GC(0) O: MMU: 2ms/99.1%, 5ms/99.4%, 10ms/99.7%, 20ms/99.7%, 50ms/99.8%, 100ms/99.9%
[2026-04-03T03:18:01.087+0600][0.640s][info][gc,marking  ] GC(0) O: Mark: 2 stripe(s), 1 proactive flush(es), 1 terminate flush(es), 0 completion(s), 0 continuation(s) 
[2026-04-03T03:18:01.087+0600][0.640s][info][gc,marking  ] GC(0) O: Mark Stack Usage: 0M
[2026-04-03T03:18:01.087+0600][0.640s][info][gc,nmethod  ] GC(0) O: NMethods: 668 registered, 73 unregistered
[2026-04-03T03:18:01.087+0600][0.640s][info][gc,metaspace] GC(0) O: Metaspace: 4M used, 4M committed, 1088M reserved
[2026-04-03T03:18:01.087+0600][0.640s][info][gc,ref      ] GC(0) O:                       Encountered   Discovered     Enqueued 
[2026-04-03T03:18:01.087+0600][0.640s][info][gc,ref      ] GC(0) O: Soft References:              134            0            0 
[2026-04-03T03:18:01.087+0600][0.640s][info][gc,ref      ] GC(0) O: Weak References:              404            0            0 
[2026-04-03T03:18:01.088+0600][0.640s][info][gc,ref      ] GC(0) O: Final References:               0            0            0 
[2026-04-03T03:18:01.088+0600][0.640s][info][gc,ref      ] GC(0) O: Phantom References:            25            0            0 
[2026-04-03T03:18:01.088+0600][0.640s][info][gc,heap     ] GC(0) O: Min Capacity: 8M(1%)
[2026-04-03T03:18:01.088+0600][0.640s][info][gc,heap     ] GC(0) O: Max Capacity: 1000M(100%)
[2026-04-03T03:18:01.088+0600][0.640s][info][gc,heap     ] GC(0) O: Soft Max Capacity: 1000M(100%)
[2026-04-03T03:18:01.088+0600][0.640s][info][gc,heap     ] GC(0) O: Heap Statistics:
[2026-04-03T03:18:01.088+0600][0.640s][info][gc,heap     ] GC(0) O:                Mark Start          Mark End        Relocate Start      Relocate End           High               Low         
[2026-04-03T03:18:01.088+0600][0.640s][info][gc,heap     ] GC(0) O:  Capacity:      246M (25%)         246M (25%)         246M (25%)         246M (25%)         246M (25%)         246M (25%)    
[2026-04-03T03:18:01.088+0600][0.640s][info][gc,heap     ] GC(0) O:      Free:      900M (90%)         980M (98%)         974M (97%)         974M (97%)         980M (98%)         886M (89%)    
[2026-04-03T03:18:01.088+0600][0.640s][info][gc,heap     ] GC(0) O:      Used:      100M (10%)          20M (2%)           26M (3%)           26M (3%)          114M (11%)          20M (2%)     
[2026-04-03T03:18:01.088+0600][0.640s][info][gc,heap     ] GC(0) O: Old Generation Statistics:
[2026-04-03T03:18:01.088+0600][0.640s][info][gc,heap     ] GC(0) O:                Mark Start          Mark End        Relocate Start      Relocate End    
[2026-04-03T03:18:01.088+0600][0.640s][info][gc,heap     ] GC(0) O:      Used:        0M (0%)            0M (0%)            0M (0%)            0M (0%)     
[2026-04-03T03:18:01.088+0600][0.640s][info][gc,heap     ] GC(0) O:      Live:         -                 0M (0%)            0M (0%)            0M (0%)     
[2026-04-03T03:18:01.088+0600][0.640s][info][gc,heap     ] GC(0) O:   Garbage:         -                 0M (0%)            0M (0%)            0M (0%)     
[2026-04-03T03:18:01.088+0600][0.640s][info][gc,heap     ] GC(0) O: Allocated:         -                 0M (0%)            0M (0%)            0M (0%)     
[2026-04-03T03:18:01.088+0600][0.640s][info][gc,heap     ] GC(0) O: Reclaimed:         -                  -                 0M (0%)            0M (0%)     
[2026-04-03T03:18:01.088+0600][0.640s][info][gc,heap     ] GC(0) O: Compacted:         -                  -                  -                 0M (0%)     
[2026-04-03T03:18:01.088+0600][0.640s][info][gc,phases   ] GC(0) O: Old Generation 20M(2%)->26M(3%) 0.019s
[2026-04-03T03:18:01.088+0600][0.640s][info][gc          ] GC(0) Major Collection (Warmup) 100M(10%)->28M(3%) 0.038s
[2026-04-03T03:18:01.596+0600][1.148s][info][gc          ] GC(1) Major Collection (Warmup)
[2026-04-03T03:18:01.596+0600][1.148s][info][gc,task     ] GC(1) Using 3 Workers for Young Generation
[2026-04-03T03:18:01.596+0600][1.148s][info][gc,task     ] GC(1) Using 1 Workers for Old Generation
[2026-04-03T03:18:01.596+0600][1.148s][info][gc,phases   ] GC(1) Y: Young Generation
[2026-04-03T03:18:01.596+0600][1.148s][info][gc,phases   ] GC(1) Y: Pause Mark Start (Major) 0.018ms
[2026-04-03T03:18:01.604+0600][1.157s][info][gc,phases   ] GC(1) Y: Concurrent Mark 7.972ms
[2026-04-03T03:18:01.604+0600][1.157s][info][gc,phases   ] GC(1) Y: Pause Mark End 0.017ms
[2026-04-03T03:18:01.605+0600][1.157s][info][gc,phases   ] GC(1) Y: Concurrent Mark Free 0.001ms
[2026-04-03T03:18:01.605+0600][1.157s][info][gc,phases   ] GC(1) Y: Concurrent Reset Relocation Set 0.008ms
[2026-04-03T03:18:01.609+0600][1.161s][info][gc,reloc    ] GC(1) Y: Using tenuring threshold: 2 (Computed)
[2026-04-03T03:18:01.610+0600][1.162s][info][gc,phases   ] GC(1) Y: Concurrent Select Relocation Set 5.472ms
[2026-04-03T03:18:01.610+0600][1.163s][info][gc,phases   ] GC(1) Y: Pause Relocate Start 0.013ms
[2026-04-03T03:18:01.614+0600][1.166s][info][gc,phases   ] GC(1) Y: Concurrent Relocate 3.050ms
[2026-04-03T03:18:01.614+0600][1.166s][info][gc,alloc    ] GC(1) Y:                         Mark Start        Mark End      Relocate Start    Relocate End   
[2026-04-03T03:18:01.614+0600][1.166s][info][gc,alloc    ] GC(1) Y: Allocation Stalls:          0                0                0                0         
[2026-04-03T03:18:01.614+0600][1.166s][info][gc,load     ] GC(1) Y: Load: 4.48 (37%) / 5.05 (42%) / 5.54 (46%)
[2026-04-03T03:18:01.614+0600][1.166s][info][gc,mmu      ] GC(1) Y: MMU: 2ms/99.1%, 5ms/99.4%, 10ms/99.7%, 20ms/99.7%, 50ms/99.8%, 100ms/99.9%
[2026-04-03T03:18:01.614+0600][1.166s][info][gc,marking  ] GC(1) Y: Mark: 2 stripe(s), 2 proactive flush(es), 1 terminate flush(es), 0 completion(s), 0 continuation(s) 
[2026-04-03T03:18:01.614+0600][1.166s][info][gc,marking  ] GC(1) Y: Mark Stack Usage: 32M
[2026-04-03T03:18:01.614+0600][1.166s][info][gc,nmethod  ] GC(1) Y: NMethods: 1130 registered, 73 unregistered
[2026-04-03T03:18:01.614+0600][1.166s][info][gc,metaspace] GC(1) Y: Metaspace: 9M used, 9M committed, 1088M reserved
[2026-04-03T03:18:01.614+0600][1.166s][info][gc,reloc    ] GC(1) Y:                        Candidates     Selected     In-Place         Size        Empty    Relocated 
[2026-04-03T03:18:01.614+0600][1.166s][info][gc,reloc    ] GC(1) Y: Small Pages:                  100           97            0         200M           0M           2M 
[2026-04-03T03:18:01.614+0600][1.166s][info][gc,reloc    ] GC(1) Y: Medium Pages:                   0            0            0           0M           0M           0M 
[2026-04-03T03:18:01.614+0600][1.166s][info][gc,reloc    ] GC(1) Y: Large Pages:                    0            0            0           0M           0M           0M 
[2026-04-03T03:18:01.614+0600][1.166s][info][gc,reloc    ] GC(1) Y: Forwarding Usage: 1M
[2026-04-03T03:18:01.614+0600][1.166s][info][gc,reloc    ] GC(1) Y: Age Table:
[2026-04-03T03:18:01.614+0600][1.166s][info][gc,reloc    ] GC(1) Y:                    Live             Garbage             Small              Medium             Large        
[2026-04-03T03:18:01.614+0600][1.166s][info][gc,reloc    ] GC(1) Y: Eden               1M (0%)          186M (19%)         94 / 93             0 / 0              0 / 0        
[2026-04-03T03:18:01.614+0600][1.166s][info][gc,reloc    ] GC(1) Y: Survivor 1         3M (0%)            8M (1%)           6 / 4              0 / 0              0 / 0        
[2026-04-03T03:18:01.614+0600][1.166s][info][gc,heap     ] GC(1) Y: Min Capacity: 8M(1%)
[2026-04-03T03:18:01.614+0600][1.166s][info][gc,heap     ] GC(1) Y: Max Capacity: 1000M(100%)
[2026-04-03T03:18:01.614+0600][1.166s][info][gc,heap     ] GC(1) Y: Soft Max Capacity: 1000M(100%)
[2026-04-03T03:18:01.614+0600][1.166s][info][gc,heap     ] GC(1) Y: Heap Statistics:
[2026-04-03T03:18:01.614+0600][1.166s][info][gc,heap     ] GC(1) Y:                Mark Start          Mark End        Relocate Start      Relocate End           High               Low         
[2026-04-03T03:18:01.614+0600][1.166s][info][gc,heap     ] GC(1) Y:  Capacity:      246M (25%)         246M (25%)         246M (25%)         246M (25%)         246M (25%)         246M (25%)    
[2026-04-03T03:18:01.614+0600][1.166s][info][gc,heap     ] GC(1) Y:      Free:      800M (80%)         794M (79%)         794M (79%)         974M (97%)         974M (97%)         786M (79%)    
[2026-04-03T03:18:01.614+0600][1.166s][info][gc,heap     ] GC(1) Y:      Used:      200M (20%)         206M (21%)         206M (21%)          26M (3%)          214M (21%)          26M (3%)     
[2026-04-03T03:18:01.614+0600][1.166s][info][gc,heap     ] GC(1) Y: Young Generation Statistics:
[2026-04-03T03:18:01.614+0600][1.166s][info][gc,heap     ] GC(1) Y:                Mark Start          Mark End        Relocate Start      Relocate End    
[2026-04-03T03:18:01.614+0600][1.166s][info][gc,heap     ] GC(1) Y:      Used:      200M (20%)         206M (21%)         206M (21%)          26M (3%)     
[2026-04-03T03:18:01.614+0600][1.166s][info][gc,heap     ] GC(1) Y:      Live:         -                 4M (0%)            4M (0%)            4M (0%)     
[2026-04-03T03:18:01.614+0600][1.166s][info][gc,heap     ] GC(1) Y:   Garbage:         -               195M (20%)         195M (20%)           0M (0%)     
[2026-04-03T03:18:01.614+0600][1.166s][info][gc,heap     ] GC(1) Y: Allocated:         -                 6M (1%)            6M (1%)           20M (2%)     
[2026-04-03T03:18:01.614+0600][1.166s][info][gc,heap     ] GC(1) Y: Reclaimed:         -                  -                 0M (0%)          194M (19%)    
[2026-04-03T03:18:01.614+0600][1.166s][info][gc,heap     ] GC(1) Y:  Promoted:         -                  -                 0M (0%)            0M (0%)     
[2026-04-03T03:18:01.614+0600][1.166s][info][gc,heap     ] GC(1) Y: Compacted:         -                  -                  -                 3M (0%)     
[2026-04-03T03:18:01.614+0600][1.166s][info][gc,phases   ] GC(1) Y: Young Generation 200M(20%)->26M(3%) 0.018s
[2026-04-03T03:18:01.614+0600][1.166s][info][gc,phases   ] GC(1) O: Old Generation
[2026-04-03T03:18:01.616+0600][1.168s][info][gc,phases   ] GC(1) O: Concurrent Mark 1.617ms
[2026-04-03T03:18:01.616+0600][1.168s][info][gc,phases   ] GC(1) O: Pause Mark End 0.016ms
[2026-04-03T03:18:01.616+0600][1.168s][info][gc,phases   ] GC(1) O: Concurrent Mark Free 0.001ms
[2026-04-03T03:18:01.619+0600][1.171s][info][gc,phases   ] GC(1) O: Concurrent Process Non-Strong 3.214ms
[2026-04-03T03:18:01.619+0600][1.171s][info][gc,phases   ] GC(1) O: Concurrent Reset Relocation Set 0.001ms
[2026-04-03T03:18:01.623+0600][1.176s][info][gc,phases   ] GC(1) O: Concurrent Select Relocation Set 4.099ms
[2026-04-03T03:18:01.623+0600][1.176s][info][gc,task     ] GC(1) O: Using 3 Workers for Old Generation
[2026-04-03T03:18:01.636+0600][1.188s][info][gc,task     ] GC(1) O: Using 1 Workers for Old Generation
[2026-04-03T03:18:01.636+0600][1.188s][info][gc,phases   ] GC(1) O: Concurrent Remap Roots 12.864ms
[2026-04-03T03:18:01.636+0600][1.189s][info][gc,phases   ] GC(1) O: Pause Relocate Start 0.017ms
[2026-04-03T03:18:01.637+0600][1.189s][info][gc,phases   ] GC(1) O: Concurrent Relocate 0.368ms
[2026-04-03T03:18:01.637+0600][1.189s][info][gc,alloc    ] GC(1) O:                         Mark Start        Mark End      Relocate Start    Relocate End   
[2026-04-03T03:18:01.637+0600][1.189s][info][gc,alloc    ] GC(1) O: Allocation Stalls:          0                0                0                0         
[2026-04-03T03:18:01.637+0600][1.189s][info][gc,load     ] GC(1) O: Load: 4.48 (37%) / 5.05 (42%) / 5.54 (46%)
[2026-04-03T03:18:01.637+0600][1.189s][info][gc,mmu      ] GC(1) O: MMU: 2ms/99.1%, 5ms/99.4%, 10ms/99.7%, 20ms/99.7%, 50ms/99.8%, 100ms/99.9%
[2026-04-03T03:18:01.637+0600][1.189s][info][gc,marking  ] GC(1) O: Mark: 1 stripe(s), 1 proactive flush(es), 1 terminate flush(es), 0 completion(s), 0 continuation(s) 
[2026-04-03T03:18:01.637+0600][1.189s][info][gc,marking  ] GC(1) O: Mark Stack Usage: 0M
[2026-04-03T03:18:01.637+0600][1.189s][info][gc,nmethod  ] GC(1) O: NMethods: 1084 registered, 120 unregistered
[2026-04-03T03:18:01.637+0600][1.189s][info][gc,metaspace] GC(1) O: Metaspace: 9M used, 9M committed, 1088M reserved
[2026-04-03T03:18:01.637+0600][1.189s][info][gc,ref      ] GC(1) O:                       Encountered   Discovered     Enqueued 
[2026-04-03T03:18:01.637+0600][1.189s][info][gc,ref      ] GC(1) O: Soft References:              211            0            0 
[2026-04-03T03:18:01.637+0600][1.189s][info][gc,ref      ] GC(1) O: Weak References:              914            0            0 
[2026-04-03T03:18:01.637+0600][1.189s][info][gc,ref      ] GC(1) O: Final References:               0            0            0 
[2026-04-03T03:18:01.637+0600][1.189s][info][gc,ref      ] GC(1) O: Phantom References:            28            0            0 
[2026-04-03T03:18:01.637+0600][1.189s][info][gc,heap     ] GC(1) O: Min Capacity: 8M(1%)
[2026-04-03T03:18:01.637+0600][1.189s][info][gc,heap     ] GC(1) O: Max Capacity: 1000M(100%)
[2026-04-03T03:18:01.637+0600][1.189s][info][gc,heap     ] GC(1) O: Soft Max Capacity: 1000M(100%)
[2026-04-03T03:18:01.637+0600][1.189s][info][gc,heap     ] GC(1) O: Heap Statistics:
[2026-04-03T03:18:01.637+0600][1.189s][info][gc,heap     ] GC(1) O:                Mark Start          Mark End        Relocate Start      Relocate End           High               Low         
[2026-04-03T03:18:01.637+0600][1.189s][info][gc,heap     ] GC(1) O:  Capacity:      246M (25%)         246M (25%)         246M (25%)         246M (25%)         246M (25%)         246M (25%)    
[2026-04-03T03:18:01.637+0600][1.189s][info][gc,heap     ] GC(1) O:      Free:      800M (80%)         974M (97%)         966M (97%)         966M (97%)         974M (97%)         786M (79%)    
[2026-04-03T03:18:01.637+0600][1.189s][info][gc,heap     ] GC(1) O:      Used:      200M (20%)          26M (3%)           34M (3%)           34M (3%)          214M (21%)          26M (3%)     
[2026-04-03T03:18:01.637+0600][1.189s][info][gc,heap     ] GC(1) O: Old Generation Statistics:
[2026-04-03T03:18:01.637+0600][1.189s][info][gc,heap     ] GC(1) O:                Mark Start          Mark End        Relocate Start      Relocate End    
[2026-04-03T03:18:01.637+0600][1.189s][info][gc,heap     ] GC(1) O:      Used:        0M (0%)            0M (0%)            0M (0%)            0M (0%)     
[2026-04-03T03:18:01.637+0600][1.189s][info][gc,heap     ] GC(1) O:      Live:         -                 0M (0%)            0M (0%)            0M (0%)     
[2026-04-03T03:18:01.637+0600][1.189s][info][gc,heap     ] GC(1) O:   Garbage:         -                 0M (0%)            0M (0%)            0M (0%)     
[2026-04-03T03:18:01.637+0600][1.189s][info][gc,heap     ] GC(1) O: Allocated:         -                 0M (0%)            0M (0%)            0M (0%)     
[2026-04-03T03:18:01.637+0600][1.189s][info][gc,heap     ] GC(1) O: Reclaimed:         -                  -                 0M (0%)            0M (0%)     
[2026-04-03T03:18:01.637+0600][1.189s][info][gc,heap     ] GC(1) O: Compacted:         -                  -                  -                 0M (0%)     
[2026-04-03T03:18:01.637+0600][1.189s][info][gc,phases   ] GC(1) O: Old Generation 26M(3%)->34M(3%) 0.023s
[2026-04-03T03:18:01.637+0600][1.189s][info][gc          ] GC(1) Major Collection (Warmup) 200M(20%)->34M(3%) 0.041s
[2026-04-03T03:18:04.494+0600][4.046s][info][gc          ] GC(2) Major Collection (Metadata GC Threshold)
[2026-04-03T03:18:04.494+0600][4.046s][info][gc,task     ] GC(2) Using 1 Workers for Young Generation
[2026-04-03T03:18:04.494+0600][4.046s][info][gc,task     ] GC(2) Using 1 Workers for Old Generation
[2026-04-03T03:18:04.494+0600][4.046s][info][gc,phases   ] GC(2) Y: Young Generation
[2026-04-03T03:18:04.494+0600][4.047s][info][gc,phases   ] GC(2) Y: Pause Mark Start (Major) 0.019ms
[2026-04-03T03:18:04.527+0600][4.079s][info][gc,phases   ] GC(2) Y: Concurrent Mark 32.065ms
[2026-04-03T03:18:04.527+0600][4.079s][info][gc,phases   ] GC(2) Y: Pause Mark End 0.019ms
[2026-04-03T03:18:04.527+0600][4.079s][info][gc,phases   ] GC(2) Y: Concurrent Mark Free 0.002ms
[2026-04-03T03:18:04.527+0600][4.079s][info][gc,phases   ] GC(2) Y: Concurrent Reset Relocation Set 0.008ms
[2026-04-03T03:18:04.529+0600][4.081s][info][gc,reloc    ] GC(2) Y: Using tenuring threshold: 3 (Computed)
[2026-04-03T03:18:04.531+0600][4.083s][info][gc,phases   ] GC(2) Y: Concurrent Select Relocation Set 3.590ms
[2026-04-03T03:18:04.531+0600][4.083s][info][gc,phases   ] GC(2) Y: Pause Relocate Start 0.017ms
[2026-04-03T03:18:04.544+0600][4.097s][info][gc,phases   ] GC(2) Y: Concurrent Relocate 13.202ms
[2026-04-03T03:18:04.544+0600][4.097s][info][gc,alloc    ] GC(2) Y:                         Mark Start        Mark End      Relocate Start    Relocate End   
[2026-04-03T03:18:04.544+0600][4.097s][info][gc,alloc    ] GC(2) Y: Allocation Stalls:          0                0                0                0         
[2026-04-03T03:18:04.544+0600][4.097s][info][gc,load     ] GC(2) Y: Load: 4.48 (37%) / 5.05 (42%) / 5.54 (46%)
[2026-04-03T03:18:04.544+0600][4.097s][info][gc,mmu      ] GC(2) Y: MMU: 2ms/99.0%, 5ms/99.3%, 10ms/99.6%, 20ms/99.7%, 50ms/99.8%, 100ms/99.9%
[2026-04-03T03:18:04.544+0600][4.097s][info][gc,marking  ] GC(2) Y: Mark: 1 stripe(s), 2 proactive flush(es), 1 terminate flush(es), 0 completion(s), 0 continuation(s) 
[2026-04-03T03:18:04.544+0600][4.097s][info][gc,marking  ] GC(2) Y: Mark Stack Usage: 32M
[2026-04-03T03:18:04.544+0600][4.097s][info][gc,nmethod  ] GC(2) Y: NMethods: 1944 registered, 0 unregistered
[2026-04-03T03:18:04.545+0600][4.097s][info][gc,metaspace] GC(2) Y: Metaspace: 21M used, 21M committed, 1088M reserved
[2026-04-03T03:18:04.545+0600][4.097s][info][gc,reloc    ] GC(2) Y:                        Candidates     Selected     In-Place         Size        Empty    Relocated 
[2026-04-03T03:18:04.545+0600][4.097s][info][gc,reloc    ] GC(2) Y: Small Pages:                  115          106            0         230M           0M           8M 
[2026-04-03T03:18:04.545+0600][4.097s][info][gc,reloc    ] GC(2) Y: Medium Pages:                   1            0            0          16M           0M           0M 
[2026-04-03T03:18:04.545+0600][4.097s][info][gc,reloc    ] GC(2) Y: Large Pages:                    1            0            0           4M           0M           0M 
[2026-04-03T03:18:04.545+0600][4.097s][info][gc,reloc    ] GC(2) Y: Forwarding Usage: 2M
[2026-04-03T03:18:04.545+0600][4.097s][info][gc,reloc    ] GC(2) Y: Age Table:
[2026-04-03T03:18:04.545+0600][4.097s][info][gc,reloc    ] GC(2) Y:                    Live             Garbage             Small              Medium             Large        
[2026-04-03T03:18:04.545+0600][4.097s][info][gc,reloc    ] GC(2) Y: Eden              16M (2%)          215M (22%)        106 / 99             1 / 0              1 / 0        
[2026-04-03T03:18:04.545+0600][4.097s][info][gc,reloc    ] GC(2) Y: Survivor 1         1M (0%)            6M (1%)           4 / 3              0 / 0              0 / 0        
[2026-04-03T03:18:04.545+0600][4.097s][info][gc,reloc    ] GC(2) Y: Survivor 2         3M (0%)            6M (1%)           5 / 4              0 / 0              0 / 0        
[2026-04-03T03:18:04.545+0600][4.097s][info][gc,heap     ] GC(2) Y: Min Capacity: 8M(1%)
[2026-04-03T03:18:04.545+0600][4.097s][info][gc,heap     ] GC(2) Y: Max Capacity: 1000M(100%)
[2026-04-03T03:18:04.545+0600][4.097s][info][gc,heap     ] GC(2) Y: Soft Max Capacity: 1000M(100%)
[2026-04-03T03:18:04.545+0600][4.097s][info][gc,heap     ] GC(2) Y: Heap Statistics:
[2026-04-03T03:18:04.545+0600][4.097s][info][gc,heap     ] GC(2) Y:                Mark Start          Mark End        Relocate Start      Relocate End           High               Low         
[2026-04-03T03:18:04.545+0600][4.097s][info][gc,heap     ] GC(2) Y:  Capacity:      250M (25%)         254M (25%)         254M (25%)         260M (26%)         260M (26%)         250M (25%)    
[2026-04-03T03:18:04.545+0600][4.097s][info][gc,heap     ] GC(2) Y:      Free:      750M (75%)         746M (75%)         746M (75%)         946M (95%)         946M (95%)         740M (74%)    
[2026-04-03T03:18:04.545+0600][4.097s][info][gc,heap     ] GC(2) Y:      Used:      250M (25%)         254M (25%)         254M (25%)          54M (5%)          260M (26%)          54M (5%)     
[2026-04-03T03:18:04.545+0600][4.097s][info][gc,heap     ] GC(2) Y: Young Generation Statistics:
[2026-04-03T03:18:04.545+0600][4.097s][info][gc,heap     ] GC(2) Y:                Mark Start          Mark End        Relocate Start      Relocate End    
[2026-04-03T03:18:04.545+0600][4.097s][info][gc,heap     ] GC(2) Y:      Used:      250M (25%)         254M (25%)         254M (25%)          54M (5%)     
[2026-04-03T03:18:04.545+0600][4.097s][info][gc,heap     ] GC(2) Y:      Live:         -                21M (2%)           21M (2%)           21M (2%)     
[2026-04-03T03:18:04.545+0600][4.097s][info][gc,heap     ] GC(2) Y:   Garbage:         -               228M (23%)         228M (23%)          14M (1%)     
[2026-04-03T03:18:04.545+0600][4.097s][info][gc,heap     ] GC(2) Y: Allocated:         -                 4M (0%)            4M (0%)           17M (2%)     
[2026-04-03T03:18:04.545+0600][4.097s][info][gc,heap     ] GC(2) Y: Reclaimed:         -                  -                 0M (0%)          213M (21%)    
[2026-04-03T03:18:04.545+0600][4.097s][info][gc,heap     ] GC(2) Y:  Promoted:         -                  -                 0M (0%)            0M (0%)     
[2026-04-03T03:18:04.545+0600][4.097s][info][gc,heap     ] GC(2) Y: Compacted:         -                  -                  -                12M (1%)     
[2026-04-03T03:18:04.545+0600][4.097s][info][gc,phases   ] GC(2) Y: Young Generation 250M(25%)->54M(5%) 0.050s
[2026-04-03T03:18:04.545+0600][4.097s][info][gc,phases   ] GC(2) O: Old Generation
[2026-04-03T03:18:04.546+0600][4.098s][info][gc,phases   ] GC(2) O: Concurrent Mark 1.141ms
[2026-04-03T03:18:04.546+0600][4.098s][info][gc,phases   ] GC(2) O: Pause Mark End 0.020ms
[2026-04-03T03:18:04.546+0600][4.098s][info][gc,phases   ] GC(2) O: Concurrent Mark Free 0.002ms
[2026-04-03T03:18:04.553+0600][4.105s][info][gc,phases   ] GC(2) O: Concurrent Process Non-Strong 6.666ms
[2026-04-03T03:18:04.553+0600][4.105s][info][gc,phases   ] GC(2) O: Concurrent Reset Relocation Set 0.001ms
[2026-04-03T03:18:04.555+0600][4.107s][info][gc,phases   ] GC(2) O: Concurrent Select Relocation Set 1.617ms
[2026-04-03T03:18:04.555+0600][4.107s][info][gc,task     ] GC(2) O: Using 2 Workers for Old Generation
[2026-04-03T03:18:04.576+0600][4.128s][info][gc,task     ] GC(2) O: Using 1 Workers for Old Generation
[2026-04-03T03:18:04.576+0600][4.129s][info][gc,phases   ] GC(2) O: Concurrent Remap Roots 21.623ms
[2026-04-03T03:18:04.577+0600][4.129s][info][gc,phases   ] GC(2) O: Pause Relocate Start 0.023ms
[2026-04-03T03:18:04.577+0600][4.129s][info][gc,phases   ] GC(2) O: Concurrent Relocate 0.226ms
[2026-04-03T03:18:04.577+0600][4.129s][info][gc,alloc    ] GC(2) O:                         Mark Start        Mark End      Relocate Start    Relocate End   
[2026-04-03T03:18:04.577+0600][4.129s][info][gc,alloc    ] GC(2) O: Allocation Stalls:          0                0                0                0         
[2026-04-03T03:18:04.577+0600][4.129s][info][gc,load     ] GC(2) O: Load: 4.48 (37%) / 5.05 (42%) / 5.54 (46%)
[2026-04-03T03:18:04.577+0600][4.129s][info][gc,mmu      ] GC(2) O: MMU: 2ms/98.9%, 5ms/99.3%, 10ms/99.6%, 20ms/99.7%, 50ms/99.8%, 100ms/99.9%
[2026-04-03T03:18:04.577+0600][4.129s][info][gc,marking  ] GC(2) O: Mark: 1 stripe(s), 1 proactive flush(es), 1 terminate flush(es), 0 completion(s), 0 continuation(s) 
[2026-04-03T03:18:04.577+0600][4.129s][info][gc,marking  ] GC(2) O: Mark Stack Usage: 0M
[2026-04-03T03:18:04.577+0600][4.129s][info][gc,nmethod  ] GC(2) O: NMethods: 1853 registered, 140 unregistered
[2026-04-03T03:18:04.577+0600][4.129s][info][gc,metaspace] GC(2) O: Metaspace: 21M used, 21M committed, 1088M reserved
[2026-04-03T03:18:04.577+0600][4.129s][info][gc,ref      ] GC(2) O:                       Encountered   Discovered     Enqueued 
[2026-04-03T03:18:04.577+0600][4.129s][info][gc,ref      ] GC(2) O: Soft References:             3513            0            0 
[2026-04-03T03:18:04.577+0600][4.129s][info][gc,ref      ] GC(2) O: Weak References:             1474            0            0 
[2026-04-03T03:18:04.577+0600][4.129s][info][gc,ref      ] GC(2) O: Final References:               0            0            0 
[2026-04-03T03:18:04.577+0600][4.129s][info][gc,ref      ] GC(2) O: Phantom References:           563            0            0 
[2026-04-03T03:18:04.577+0600][4.129s][info][gc,heap     ] GC(2) O: Min Capacity: 8M(1%)
[2026-04-03T03:18:04.577+0600][4.129s][info][gc,heap     ] GC(2) O: Max Capacity: 1000M(100%)
[2026-04-03T03:18:04.577+0600][4.129s][info][gc,heap     ] GC(2) O: Soft Max Capacity: 1000M(100%)
[2026-04-03T03:18:04.577+0600][4.129s][info][gc,heap     ] GC(2) O: Heap Statistics:
[2026-04-03T03:18:04.577+0600][4.129s][info][gc,heap     ] GC(2) O:                Mark Start          Mark End        Relocate Start      Relocate End           High               Low         
[2026-04-03T03:18:04.577+0600][4.129s][info][gc,heap     ] GC(2) O:  Capacity:      250M (25%)         260M (26%)         260M (26%)         260M (26%)         260M (26%)         250M (25%)    
[2026-04-03T03:18:04.577+0600][4.129s][info][gc,heap     ] GC(2) O:      Free:      750M (75%)         946M (95%)         944M (94%)         944M (94%)         946M (95%)         740M (74%)    
[2026-04-03T03:18:04.577+0600][4.129s][info][gc,heap     ] GC(2) O:      Used:      250M (25%)          54M (5%)           56M (6%)           56M (6%)          260M (26%)          54M (5%)     
[2026-04-03T03:18:04.577+0600][4.129s][info][gc,heap     ] GC(2) O: Old Generation Statistics:
[2026-04-03T03:18:04.577+0600][4.129s][info][gc,heap     ] GC(2) O:                Mark Start          Mark End        Relocate Start      Relocate End    
[2026-04-03T03:18:04.577+0600][4.129s][info][gc,heap     ] GC(2) O:      Used:        0M (0%)            0M (0%)            0M (0%)            0M (0%)     
[2026-04-03T03:18:04.577+0600][4.129s][info][gc,heap     ] GC(2) O:      Live:         -                 0M (0%)            0M (0%)            0M (0%)     
[2026-04-03T03:18:04.577+0600][4.129s][info][gc,heap     ] GC(2) O:   Garbage:         -                 0M (0%)            0M (0%)            0M (0%)     
[2026-04-03T03:18:04.577+0600][4.129s][info][gc,heap     ] GC(2) O: Allocated:         -                 0M (0%)            0M (0%)            0M (0%)     
[2026-04-03T03:18:04.577+0600][4.129s][info][gc,heap     ] GC(2) O: Reclaimed:         -                  -                 0M (0%)            0M (0%)     
[2026-04-03T03:18:04.577+0600][4.129s][info][gc,heap     ] GC(2) O: Compacted:         -                  -                  -                 0M (0%)     
[2026-04-03T03:18:04.577+0600][4.129s][info][gc,phases   ] GC(2) O: Old Generation 54M(5%)->56M(6%) 0.032s
[2026-04-03T03:18:04.577+0600][4.130s][info][gc          ] GC(2) Major Collection (Metadata GC Threshold) 250M(25%)->56M(6%) 0.083s
[2026-04-03T03:18:07.311+0600][6.863s][info][gc          ] GC(3) Major Collection (Metadata GC Threshold)
[2026-04-03T03:18:07.311+0600][6.863s][info][gc,task     ] GC(3) Using 1 Workers for Young Generation
[2026-04-03T03:18:07.311+0600][6.863s][info][gc,task     ] GC(3) Using 1 Workers for Old Generation
[2026-04-03T03:18:07.311+0600][6.863s][info][gc,phases   ] GC(3) Y: Young Generation
[2026-04-03T03:18:07.311+0600][6.864s][info][gc,phases   ] GC(3) Y: Pause Mark Start (Major) 0.018ms
[2026-04-03T03:18:07.358+0600][6.911s][info][gc,phases   ] GC(3) Y: Concurrent Mark 46.982ms
[2026-04-03T03:18:07.359+0600][6.911s][info][gc,phases   ] GC(3) Y: Pause Mark End 0.019ms
[2026-04-03T03:18:07.359+0600][6.911s][info][gc,phases   ] GC(3) Y: Concurrent Mark Free 0.001ms
[2026-04-03T03:18:07.359+0600][6.911s][info][gc,phases   ] GC(3) Y: Concurrent Reset Relocation Set 0.010ms
[2026-04-03T03:18:07.361+0600][6.913s][info][gc,reloc    ] GC(3) Y: Using tenuring threshold: 2 (Computed)
[2026-04-03T03:18:07.367+0600][6.919s][info][gc,phases   ] GC(3) Y: Concurrent Select Relocation Set 7.959ms
[2026-04-03T03:18:07.367+0600][6.919s][info][gc,phases   ] GC(3) Y: Pause Relocate Start 0.018ms
[2026-04-03T03:18:07.387+0600][6.939s][info][gc,phases   ] GC(3) Y: Concurrent Relocate 19.693ms
[2026-04-03T03:18:07.387+0600][6.939s][info][gc,alloc    ] GC(3) Y:                         Mark Start        Mark End      Relocate Start    Relocate End   
[2026-04-03T03:18:07.387+0600][6.939s][info][gc,alloc    ] GC(3) Y: Allocation Stalls:          0                0                0                0         
[2026-04-03T03:18:07.387+0600][6.939s][info][gc,load     ] GC(3) Y: Load: 4.36 (36%) / 5.02 (42%) / 5.52 (46%)
[2026-04-03T03:18:07.387+0600][6.939s][info][gc,mmu      ] GC(3) Y: MMU: 2ms/98.9%, 5ms/99.3%, 10ms/99.6%, 20ms/99.7%, 50ms/99.8%, 100ms/99.9%
[2026-04-03T03:18:07.387+0600][6.939s][info][gc,marking  ] GC(3) Y: Mark: 1 stripe(s), 2 proactive flush(es), 1 terminate flush(es), 0 completion(s), 0 continuation(s) 
[2026-04-03T03:18:07.387+0600][6.939s][info][gc,marking  ] GC(3) Y: Mark Stack Usage: 32M
[2026-04-03T03:18:07.387+0600][6.939s][info][gc,nmethod  ] GC(3) Y: NMethods: 2716 registered, 140 unregistered
[2026-04-03T03:18:07.387+0600][6.939s][info][gc,metaspace] GC(3) Y: Metaspace: 36M used, 36M committed, 1088M reserved
[2026-04-03T03:18:07.387+0600][6.939s][info][gc,reloc    ] GC(3) Y:                        Candidates     Selected     In-Place         Size        Empty    Relocated 
[2026-04-03T03:18:07.387+0600][6.939s][info][gc,reloc    ] GC(3) Y: Small Pages:                   96           85            0         192M           0M           6M 
[2026-04-03T03:18:07.387+0600][6.939s][info][gc,reloc    ] GC(3) Y: Medium Pages:                   2            0            0          32M          16M           0M 
[2026-04-03T03:18:07.387+0600][6.939s][info][gc,reloc    ] GC(3) Y: Large Pages:                    1            0            0           4M           0M           0M 
[2026-04-03T03:18:07.387+0600][6.939s][info][gc,reloc    ] GC(3) Y: Forwarding Usage: 2M
[2026-04-03T03:18:07.387+0600][6.939s][info][gc,reloc    ] GC(3) Y: Age Table:
[2026-04-03T03:18:07.387+0600][6.939s][info][gc,reloc    ] GC(3) Y:                    Live             Garbage             Small              Medium             Large        
[2026-04-03T03:18:07.387+0600][6.939s][info][gc,reloc    ] GC(3) Y: Eden               5M (1%)          172M (17%)         81 / 77             1 / 0              0 / 0        
[2026-04-03T03:18:07.387+0600][6.939s][info][gc,reloc    ] GC(3) Y: Survivor 1        16M (2%)           17M (2%)           7 / 2              1 / 0              1 / 0        
[2026-04-03T03:18:07.387+0600][6.939s][info][gc,reloc    ] GC(3) Y: Survivor 2         1M (0%)            4M (0%)           3 / 3              0 / 0              0 / 0        
[2026-04-03T03:18:07.387+0600][6.939s][info][gc,reloc    ] GC(3) Y: Survivor 3         3M (0%)            6M (1%)           5 / 3              0 / 0              0 / 0        
[2026-04-03T03:18:07.387+0600][6.939s][info][gc,heap     ] GC(3) Y: Min Capacity: 8M(1%)
[2026-04-03T03:18:07.387+0600][6.939s][info][gc,heap     ] GC(3) Y: Max Capacity: 1000M(100%)
[2026-04-03T03:18:07.387+0600][6.939s][info][gc,heap     ] GC(3) Y: Soft Max Capacity: 1000M(100%)
[2026-04-03T03:18:07.387+0600][6.939s][info][gc,heap     ] GC(3) Y: Heap Statistics:
[2026-04-03T03:18:07.387+0600][6.939s][info][gc,heap     ] GC(3) Y:                Mark Start          Mark End        Relocate Start      Relocate End           High               Low         
[2026-04-03T03:18:07.387+0600][6.939s][info][gc,heap     ] GC(3) Y:  Capacity:      276M (28%)         276M (28%)         276M (28%)         276M (28%)         276M (28%)         276M (28%)    
[2026-04-03T03:18:07.387+0600][6.939s][info][gc,heap     ] GC(3) Y:      Free:      772M (77%)         764M (76%)         780M (78%)         942M (94%)         942M (94%)         764M (76%)    
[2026-04-03T03:18:07.387+0600][6.939s][info][gc,heap     ] GC(3) Y:      Used:      228M (23%)         236M (24%)         220M (22%)          58M (6%)          236M (24%)          58M (6%)     
[2026-04-03T03:18:07.387+0600][6.939s][info][gc,heap     ] GC(3) Y: Young Generation Statistics:
[2026-04-03T03:18:07.387+0600][6.939s][info][gc,heap     ] GC(3) Y:                Mark Start          Mark End        Relocate Start      Relocate End    
[2026-04-03T03:18:07.387+0600][6.939s][info][gc,heap     ] GC(3) Y:      Used:      228M (23%)         236M (24%)         216M (22%)          48M (5%)     
[2026-04-03T03:18:07.387+0600][6.939s][info][gc,heap     ] GC(3) Y:      Live:         -                26M (3%)           23M (2%)           21M (2%)     
[2026-04-03T03:18:07.387+0600][6.939s][info][gc,heap     ] GC(3) Y:   Garbage:         -               201M (20%)         184M (18%)          13M (1%)     
[2026-04-03T03:18:07.387+0600][6.939s][info][gc,heap     ] GC(3) Y: Allocated:         -                 8M (1%)            8M (1%)           12M (1%)     
[2026-04-03T03:18:07.387+0600][6.939s][info][gc,heap     ] GC(3) Y: Reclaimed:         -                  -                16M (2%)          188M (19%)    
[2026-04-03T03:18:07.387+0600][6.939s][info][gc,heap     ] GC(3) Y:  Promoted:         -                  -                 3M (0%)            4M (0%)     
[2026-04-03T03:18:07.387+0600][6.939s][info][gc,heap     ] GC(3) Y: Compacted:         -                  -                  -                 7M (1%)     
[2026-04-03T03:18:07.387+0600][6.939s][info][gc,phases   ] GC(3) Y: Young Generation 228M(23%)->58M(6%) 0.076s
[2026-04-03T03:18:07.387+0600][6.939s][info][gc,phases   ] GC(3) O: Old Generation
[2026-04-03T03:18:07.389+0600][6.941s][info][gc,phases   ] GC(3) O: Concurrent Mark 2.008ms
[2026-04-03T03:18:07.389+0600][6.941s][info][gc,phases   ] GC(3) O: Pause Mark End 0.020ms
[2026-04-03T03:18:07.389+0600][6.941s][info][gc,phases   ] GC(3) O: Concurrent Mark Free 0.002ms
[2026-04-03T03:18:07.397+0600][6.950s][info][gc,phases   ] GC(3) O: Concurrent Process Non-Strong 8.099ms
[2026-04-03T03:18:07.397+0600][6.950s][info][gc,phases   ] GC(3) O: Concurrent Reset Relocation Set 0.001ms
[2026-04-03T03:18:07.399+0600][6.951s][info][gc,phases   ] GC(3) O: Concurrent Select Relocation Set 1.427ms
[2026-04-03T03:18:07.399+0600][6.951s][info][gc,task     ] GC(3) O: Using 2 Workers for Old Generation
[2026-04-03T03:18:07.420+0600][6.972s][info][gc,task     ] GC(3) O: Using 1 Workers for Old Generation
[2026-04-03T03:18:07.420+0600][6.972s][info][gc,phases   ] GC(3) O: Concurrent Remap Roots 20.747ms
[2026-04-03T03:18:07.420+0600][6.972s][info][gc,phases   ] GC(3) O: Pause Relocate Start 0.129ms
[2026-04-03T03:18:07.421+0600][6.973s][info][gc,phases   ] GC(3) O: Concurrent Relocate 0.235ms
[2026-04-03T03:18:07.421+0600][6.973s][info][gc,alloc    ] GC(3) O:                         Mark Start        Mark End      Relocate Start    Relocate End   
[2026-04-03T03:18:07.421+0600][6.973s][info][gc,alloc    ] GC(3) O: Allocation Stalls:          0                0                0                0         
[2026-04-03T03:18:07.421+0600][6.973s][info][gc,load     ] GC(3) O: Load: 4.36 (36%) / 5.02 (42%) / 5.52 (46%)
[2026-04-03T03:18:07.421+0600][6.973s][info][gc,mmu      ] GC(3) O: MMU: 2ms/93.5%, 5ms/97.4%, 10ms/98.7%, 20ms/99.4%, 50ms/99.7%, 100ms/99.8%
[2026-04-03T03:18:07.421+0600][6.973s][info][gc,marking  ] GC(3) O: Mark: 1 stripe(s), 1 proactive flush(es), 1 terminate flush(es), 0 completion(s), 0 continuation(s) 
[2026-04-03T03:18:07.421+0600][6.973s][info][gc,marking  ] GC(3) O: Mark Stack Usage: 0M
[2026-04-03T03:18:07.421+0600][6.973s][info][gc,nmethod  ] GC(3) O: NMethods: 2536 registered, 325 unregistered
[2026-04-03T03:18:07.421+0600][6.973s][info][gc,metaspace] GC(3) O: Metaspace: 36M used, 36M committed, 1088M reserved
[2026-04-03T03:18:07.421+0600][6.973s][info][gc,ref      ] GC(3) O:                       Encountered   Discovered     Enqueued 
[2026-04-03T03:18:07.421+0600][6.973s][info][gc,ref      ] GC(3) O: Soft References:             3874            0            0 
[2026-04-03T03:18:07.421+0600][6.973s][info][gc,ref      ] GC(3) O: Weak References:             3018            0            0 
[2026-04-03T03:18:07.421+0600][6.973s][info][gc,ref      ] GC(3) O: Final References:              80            0            0 
[2026-04-03T03:18:07.421+0600][6.973s][info][gc,ref      ] GC(3) O: Phantom References:           568            0            0 
[2026-04-03T03:18:07.421+0600][6.973s][info][gc,heap     ] GC(3) O: Min Capacity: 8M(1%)
[2026-04-03T03:18:07.421+0600][6.973s][info][gc,heap     ] GC(3) O: Max Capacity: 1000M(100%)
[2026-04-03T03:18:07.421+0600][6.973s][info][gc,heap     ] GC(3) O: Soft Max Capacity: 1000M(100%)
[2026-04-03T03:18:07.421+0600][6.973s][info][gc,heap     ] GC(3) O: Heap Statistics:
[2026-04-03T03:18:07.421+0600][6.973s][info][gc,heap     ] GC(3) O:                Mark Start          Mark End        Relocate Start      Relocate End           High               Low         
[2026-04-03T03:18:07.421+0600][6.973s][info][gc,heap     ] GC(3) O:  Capacity:      276M (28%)         276M (28%)         276M (28%)         276M (28%)         276M (28%)         276M (28%)    
[2026-04-03T03:18:07.421+0600][6.973s][info][gc,heap     ] GC(3) O:      Free:      772M (77%)         942M (94%)         942M (94%)         942M (94%)         942M (94%)         764M (76%)    
[2026-04-03T03:18:07.421+0600][6.973s][info][gc,heap     ] GC(3) O:      Used:      228M (23%)          58M (6%)           58M (6%)           58M (6%)          236M (24%)          58M (6%)     
[2026-04-03T03:18:07.421+0600][6.973s][info][gc,heap     ] GC(3) O: Old Generation Statistics:
[2026-04-03T03:18:07.421+0600][6.973s][info][gc,heap     ] GC(3) O:                Mark Start          Mark End        Relocate Start      Relocate End    
[2026-04-03T03:18:07.421+0600][6.973s][info][gc,heap     ] GC(3) O:      Used:        0M (0%)           10M (1%)           10M (1%)           10M (1%)     
[2026-04-03T03:18:07.421+0600][6.973s][info][gc,heap     ] GC(3) O:      Live:         -                 0M (0%)            0M (0%)            0M (0%)     
[2026-04-03T03:18:07.421+0600][6.973s][info][gc,heap     ] GC(3) O:   Garbage:         -                 0M (0%)            0M (0%)            0M (0%)     
[2026-04-03T03:18:07.421+0600][6.973s][info][gc,heap     ] GC(3) O: Allocated:         -                10M (1%)           10M (1%)           10M (1%)     
[2026-04-03T03:18:07.421+0600][6.973s][info][gc,heap     ] GC(3) O: Reclaimed:         -                  -                 0M (0%)            0M (0%)     
[2026-04-03T03:18:07.421+0600][6.973s][info][gc,heap     ] GC(3) O: Compacted:         -                  -                  -                 0M (0%)     
[2026-04-03T03:18:07.421+0600][6.973s][info][gc,phases   ] GC(3) O: Old Generation 58M(6%)->58M(6%) 0.034s
[2026-04-03T03:18:07.421+0600][6.974s][info][gc          ] GC(3) Major Collection (Metadata GC Threshold) 228M(23%)->58M(6%) 0.110s
[2026-04-03T03:18:09.498+0600][9.050s][info][gc          ] GC(4) Major Collection (Warmup)
[2026-04-03T03:18:09.498+0600][9.050s][info][gc,task     ] GC(4) Using 3 Workers for Young Generation
[2026-04-03T03:18:09.498+0600][9.050s][info][gc,task     ] GC(4) Using 1 Workers for Old Generation
[2026-04-03T03:18:09.498+0600][9.050s][info][gc,phases   ] GC(4) Y: Young Generation
[2026-04-03T03:18:09.498+0600][9.051s][info][gc,phases   ] GC(4) Y: Pause Mark Start (Major) 0.020ms
[2026-04-03T03:18:09.673+0600][9.225s][info][gc,phases   ] GC(4) Y: Concurrent Mark 174.723ms
[2026-04-03T03:18:09.673+0600][9.226s][info][gc,phases   ] GC(4) Y: Pause Mark End 0.023ms
[2026-04-03T03:18:09.673+0600][9.226s][info][gc,phases   ] GC(4) Y: Concurrent Mark Free 0.001ms
[2026-04-03T03:18:09.673+0600][9.226s][info][gc,phases   ] GC(4) Y: Concurrent Reset Relocation Set 0.016ms
[2026-04-03T03:18:09.676+0600][9.228s][info][gc,reloc    ] GC(4) Y: Using tenuring threshold: 1 (Computed)
[2026-04-03T03:18:09.682+0600][9.235s][info][gc,phases   ] GC(4) Y: Concurrent Select Relocation Set 8.884ms
[2026-04-03T03:18:09.683+0600][9.235s][info][gc,phases   ] GC(4) Y: Pause Relocate Start 0.020ms
[2026-04-03T03:18:09.708+0600][9.260s][info][gc,phases   ] GC(4) Y: Concurrent Relocate 25.462ms
[2026-04-03T03:18:09.708+0600][9.260s][info][gc,alloc    ] GC(4) Y:                         Mark Start        Mark End      Relocate Start    Relocate End   
[2026-04-03T03:18:09.708+0600][9.260s][info][gc,alloc    ] GC(4) Y: Allocation Stalls:          0                0                0                0         
[2026-04-03T03:18:09.708+0600][9.260s][info][gc,load     ] GC(4) Y: Load: 4.36 (36%) / 5.02 (42%) / 5.52 (46%)
[2026-04-03T03:18:09.708+0600][9.260s][info][gc,mmu      ] GC(4) Y: MMU: 2ms/93.5%, 5ms/97.4%, 10ms/98.7%, 20ms/99.4%, 50ms/99.7%, 100ms/99.8%
[2026-04-03T03:18:09.708+0600][9.260s][info][gc,marking  ] GC(4) Y: Mark: 2 stripe(s), 10 proactive flush(es), 1 terminate flush(es), 0 completion(s), 0 continuation(s) 
[2026-04-03T03:18:09.708+0600][9.260s][info][gc,marking  ] GC(4) Y: Mark Stack Usage: 32M
[2026-04-03T03:18:09.708+0600][9.260s][info][gc,nmethod  ] GC(4) Y: NMethods: 3134 registered, 0 unregistered
[2026-04-03T03:18:09.708+0600][9.260s][info][gc,metaspace] GC(4) Y: Metaspace: 48M used, 48M committed, 1088M reserved
[2026-04-03T03:18:09.708+0600][9.260s][info][gc,reloc    ] GC(4) Y:                        Candidates     Selected     In-Place         Size        Empty    Relocated 
[2026-04-03T03:18:09.708+0600][9.260s][info][gc,reloc    ] GC(4) Y: Small Pages:                  128           63            0         256M           0M           6M 
[2026-04-03T03:18:09.708+0600][9.260s][info][gc,reloc    ] GC(4) Y: Medium Pages:                   2            1            0          32M           0M           2M 
[2026-04-03T03:18:09.708+0600][9.260s][info][gc,reloc    ] GC(4) Y: Large Pages:                    1            0            0           4M           0M           0M 
[2026-04-03T03:18:09.708+0600][9.260s][info][gc,reloc    ] GC(4) Y: Forwarding Usage: 3M
[2026-04-03T03:18:09.708+0600][9.260s][info][gc,reloc    ] GC(4) Y: Age Table:
[2026-04-03T03:18:09.708+0600][9.260s][info][gc,reloc    ] GC(4) Y:                    Live             Garbage             Small              Medium             Large        
[2026-04-03T03:18:09.708+0600][9.260s][info][gc,reloc    ] GC(4) Y: Eden             112M (11%)         139M (14%)        118 / 61             1 / 0              0 / 0        
[2026-04-03T03:18:09.708+0600][9.260s][info][gc,reloc    ] GC(4) Y: Survivor 1         5M (1%)            2M (0%)           4 / 1              0 / 0              0 / 0        
[2026-04-03T03:18:09.708+0600][9.260s][info][gc,reloc    ] GC(4) Y: Survivor 2        16M (2%)           15M (2%)           6 / 1              1 / 1              1 / 0        
[2026-04-03T03:18:09.708+0600][9.260s][info][gc,heap     ] GC(4) Y: Min Capacity: 8M(1%)
[2026-04-03T03:18:09.708+0600][9.260s][info][gc,heap     ] GC(4) Y: Max Capacity: 1000M(100%)
[2026-04-03T03:18:09.708+0600][9.260s][info][gc,heap     ] GC(4) Y: Soft Max Capacity: 1000M(100%)
[2026-04-03T03:18:09.708+0600][9.261s][info][gc,heap     ] GC(4) Y: Heap Statistics:
[2026-04-03T03:18:09.708+0600][9.261s][info][gc,heap     ] GC(4) Y:                Mark Start          Mark End        Relocate Start      Relocate End           High               Low         
[2026-04-03T03:18:09.708+0600][9.261s][info][gc,heap     ] GC(4) Y:  Capacity:      302M (30%)         368M (37%)         372M (37%)         410M (41%)         410M (41%)         302M (30%)    
[2026-04-03T03:18:09.708+0600][9.261s][info][gc,heap     ] GC(4) Y:      Free:      698M (70%)         632M (63%)         628M (63%)         742M (74%)         744M (74%)         590M (59%)    
[2026-04-03T03:18:09.708+0600][9.261s][info][gc,heap     ] GC(4) Y:      Used:      302M (30%)         368M (37%)         372M (37%)         258M (26%)         410M (41%)         256M (26%)    
[2026-04-03T03:18:09.708+0600][9.261s][info][gc,heap     ] GC(4) Y: Young Generation Statistics:
[2026-04-03T03:18:09.708+0600][9.261s][info][gc,heap     ] GC(4) Y:                Mark Start          Mark End        Relocate Start      Relocate End    
[2026-04-03T03:18:09.708+0600][9.261s][info][gc,heap     ] GC(4) Y:      Used:      292M (29%)         358M (36%)         344M (34%)         212M (21%)    
[2026-04-03T03:18:09.708+0600][9.261s][info][gc,heap     ] GC(4) Y:      Live:         -               133M (13%)         116M (12%)         112M (11%)    
[2026-04-03T03:18:09.708+0600][9.261s][info][gc,heap     ] GC(4) Y:   Garbage:         -               158M (16%)         157M (16%)           1M (0%)     
[2026-04-03T03:18:09.708+0600][9.261s][info][gc,heap     ] GC(4) Y: Allocated:         -                66M (7%)           70M (7%)           98M (10%)    
[2026-04-03T03:18:09.708+0600][9.261s][info][gc,heap     ] GC(4) Y: Reclaimed:         -                  -                 0M (0%)          156M (16%)    
[2026-04-03T03:18:09.708+0600][9.261s][info][gc,heap     ] GC(4) Y:  Promoted:         -                  -                17M (2%)           21M (2%)     
[2026-04-03T03:18:09.708+0600][9.261s][info][gc,heap     ] GC(4) Y: Compacted:         -                  -                  -                 7M (1%)     
[2026-04-03T03:18:09.708+0600][9.261s][info][gc,phases   ] GC(4) Y: Young Generation 302M(30%)->258M(26%) 0.210s
[2026-04-03T03:18:09.708+0600][9.261s][info][gc,phases   ] GC(4) O: Old Generation
[2026-04-03T03:18:09.722+0600][9.274s][info][gc,phases   ] GC(4) O: Concurrent Mark 13.774ms
[2026-04-03T03:18:09.722+0600][9.275s][info][gc,phases   ] GC(4) O: Pause Mark End 0.025ms
[2026-04-03T03:18:09.722+0600][9.275s][info][gc,phases   ] GC(4) O: Concurrent Mark Free 0.002ms
[2026-04-03T03:18:09.732+0600][9.284s][info][gc,phases   ] GC(4) O: Concurrent Process Non-Strong 9.127ms
[2026-04-03T03:18:09.732+0600][9.284s][info][gc,phases   ] GC(4) O: Concurrent Reset Relocation Set 0.001ms
[2026-04-03T03:18:09.734+0600][9.286s][info][gc,phases   ] GC(4) O: Concurrent Select Relocation Set 2.216ms
[2026-04-03T03:18:09.734+0600][9.286s][info][gc,task     ] GC(4) O: Using 3 Workers for Old Generation
[2026-04-03T03:18:09.750+0600][9.302s][info][gc,task     ] GC(4) O: Using 1 Workers for Old Generation
[2026-04-03T03:18:09.750+0600][9.302s][info][gc,phases   ] GC(4) O: Concurrent Remap Roots 16.170ms
[2026-04-03T03:18:09.750+0600][9.303s][info][gc,phases   ] GC(4) O: Pause Relocate Start 0.024ms
[2026-04-03T03:18:09.754+0600][9.306s][info][gc,phases   ] GC(4) O: Concurrent Relocate 3.188ms
[2026-04-03T03:18:09.754+0600][9.306s][info][gc,alloc    ] GC(4) O:                         Mark Start        Mark End      Relocate Start    Relocate End   
[2026-04-03T03:18:09.754+0600][9.306s][info][gc,alloc    ] GC(4) O: Allocation Stalls:          0                0                0                0         
[2026-04-03T03:18:09.754+0600][9.306s][info][gc,load     ] GC(4) O: Load: 4.36 (36%) / 5.02 (42%) / 5.52 (46%)
[2026-04-03T03:18:09.754+0600][9.306s][info][gc,mmu      ] GC(4) O: MMU: 2ms/93.5%, 5ms/97.4%, 10ms/98.7%, 20ms/99.4%, 50ms/99.7%, 100ms/99.8%
[2026-04-03T03:18:09.754+0600][9.306s][info][gc,marking  ] GC(4) O: Mark: 1 stripe(s), 2 proactive flush(es), 1 terminate flush(es), 0 completion(s), 0 continuation(s) 
[2026-04-03T03:18:09.754+0600][9.306s][info][gc,marking  ] GC(4) O: Mark Stack Usage: 32M
[2026-04-03T03:18:09.754+0600][9.306s][info][gc,nmethod  ] GC(4) O: NMethods: 3003 registered, 134 unregistered
[2026-04-03T03:18:09.754+0600][9.306s][info][gc,metaspace] GC(4) O: Metaspace: 48M used, 48M committed, 1088M reserved
[2026-04-03T03:18:09.754+0600][9.306s][info][gc,ref      ] GC(4) O:                       Encountered   Discovered     Enqueued 
[2026-04-03T03:18:09.754+0600][9.306s][info][gc,ref      ] GC(4) O: Soft References:             3983            0            0 
[2026-04-03T03:18:09.754+0600][9.306s][info][gc,ref      ] GC(4) O: Weak References:             4158          682          260 
[2026-04-03T03:18:09.754+0600][9.306s][info][gc,ref      ] GC(4) O: Final References:              82            0            0 
[2026-04-03T03:18:09.754+0600][9.306s][info][gc,ref      ] GC(4) O: Phantom References:           586           21            0 
[2026-04-03T03:18:09.754+0600][9.306s][info][gc,reloc    ] GC(4) O:                        Candidates     Selected     In-Place         Size        Empty    Relocated 
[2026-04-03T03:18:09.754+0600][9.306s][info][gc,reloc    ] GC(4) O: Small Pages:                    5            2            0          10M           0M           1M 
[2026-04-03T03:18:09.754+0600][9.306s][info][gc,reloc    ] GC(4) O: Medium Pages:                   0            0            0           0M           0M           0M 
[2026-04-03T03:18:09.754+0600][9.306s][info][gc,reloc    ] GC(4) O: Large Pages:                    0            0            0           0M           0M           0M 
[2026-04-03T03:18:09.754+0600][9.306s][info][gc,reloc    ] GC(4) O: Forwarding Usage: 0M
[2026-04-03T03:18:09.754+0600][9.306s][info][gc,heap     ] GC(4) O: Min Capacity: 8M(1%)
[2026-04-03T03:18:09.754+0600][9.306s][info][gc,heap     ] GC(4) O: Max Capacity: 1000M(100%)
[2026-04-03T03:18:09.754+0600][9.306s][info][gc,heap     ] GC(4) O: Soft Max Capacity: 1000M(100%)
[2026-04-03T03:18:09.754+0600][9.306s][info][gc,heap     ] GC(4) O: Heap Statistics:
[2026-04-03T03:18:09.754+0600][9.306s][info][gc,heap     ] GC(4) O:                Mark Start          Mark End        Relocate Start      Relocate End           High               Low         
[2026-04-03T03:18:09.754+0600][9.306s][info][gc,heap     ] GC(4) O:  Capacity:      302M (30%)         410M (41%)         410M (41%)         410M (41%)         410M (41%)         302M (30%)    
[2026-04-03T03:18:09.754+0600][9.306s][info][gc,heap     ] GC(4) O:      Free:      698M (70%)         736M (74%)         722M (72%)         722M (72%)         744M (74%)         590M (59%)    
[2026-04-03T03:18:09.754+0600][9.306s][info][gc,heap     ] GC(4) O:      Used:      302M (30%)         264M (26%)         278M (28%)         278M (28%)         410M (41%)         256M (26%)    
[2026-04-03T03:18:09.754+0600][9.306s][info][gc,heap     ] GC(4) O: Old Generation Statistics:
[2026-04-03T03:18:09.754+0600][9.306s][info][gc,heap     ] GC(4) O:                Mark Start          Mark End        Relocate Start      Relocate End    
[2026-04-03T03:18:09.754+0600][9.306s][info][gc,heap     ] GC(4) O:      Used:       10M (1%)           46M (5%)           46M (5%)           44M (4%)     
[2026-04-03T03:18:09.754+0600][9.306s][info][gc,heap     ] GC(4) O:      Live:         -                 4M (0%)            4M (0%)            4M (0%)     
[2026-04-03T03:18:09.754+0600][9.306s][info][gc,heap     ] GC(4) O:   Garbage:         -                 5M (1%)            5M (1%)            0M (0%)     
[2026-04-03T03:18:09.754+0600][9.306s][info][gc,heap     ] GC(4) O: Allocated:         -                36M (4%)           36M (4%)           38M (4%)     
[2026-04-03T03:18:09.754+0600][9.306s][info][gc,heap     ] GC(4) O: Reclaimed:         -                  -                 0M (0%)            4M (0%)     
[2026-04-03T03:18:09.754+0600][9.306s][info][gc,heap     ] GC(4) O: Compacted:         -                  -                  -                 1M (0%)     
[2026-04-03T03:18:09.754+0600][9.306s][info][gc,phases   ] GC(4) O: Old Generation 258M(26%)->278M(28%) 0.045s
[2026-04-03T03:18:09.754+0600][9.306s][info][gc          ] GC(4) Major Collection (Warmup) 302M(30%)->278M(28%) 0.256s
[2026-04-03T03:18:10.539+0600][10.091s][info][gc          ] GC(5) Minor Collection (Allocation Rate)
[2026-04-03T03:18:10.539+0600][10.091s][info][gc,task     ] GC(5) Using 2 Workers for Young Generation
[2026-04-03T03:18:10.539+0600][10.091s][info][gc,phases   ] GC(5) y: Young Generation
[2026-04-03T03:18:10.539+0600][10.091s][info][gc,phases   ] GC(5) y: Pause Mark Start 0.016ms
[2026-04-03T03:18:11.298+0600][10.851s][info][gc,phases   ] GC(5) y: Concurrent Mark 759.130ms
[2026-04-03T03:18:11.299+0600][10.851s][info][gc,phases   ] GC(5) y: Pause Mark End 0.021ms
[2026-04-03T03:18:11.299+0600][10.851s][info][gc,phases   ] GC(5) y: Concurrent Mark Free 0.001ms
[2026-04-03T03:18:11.299+0600][10.851s][info][gc,phases   ] GC(5) y: Concurrent Reset Relocation Set 0.017ms
[2026-04-03T03:18:11.300+0600][10.852s][info][gc,reloc    ] GC(5) y: Using tenuring threshold: 1 (Computed)
[2026-04-03T03:18:11.336+0600][10.889s][info][gc,phases   ] GC(5) y: Concurrent Select Relocation Set 37.745ms
[2026-04-03T03:18:11.337+0600][10.889s][info][gc,phases   ] GC(5) y: Pause Relocate Start 0.034ms
[2026-04-03T03:18:11.398+0600][10.950s][info][gc,phases   ] GC(5) y: Concurrent Relocate 61.044ms
[2026-04-03T03:18:11.398+0600][10.950s][info][gc,alloc    ] GC(5) y:                         Mark Start        Mark End      Relocate Start    Relocate End   
[2026-04-03T03:18:11.398+0600][10.950s][info][gc,alloc    ] GC(5) y: Allocation Stalls:          0                0                0                0         
[2026-04-03T03:18:11.398+0600][10.950s][info][gc,load     ] GC(5) y: Load: 4.09 (34%) / 4.95 (41%) / 5.50 (46%)
[2026-04-03T03:18:11.398+0600][10.950s][info][gc,mmu      ] GC(5) y: MMU: 2ms/93.5%, 5ms/97.4%, 10ms/98.7%, 20ms/99.4%, 50ms/99.7%, 100ms/99.8%
[2026-04-03T03:18:11.398+0600][10.950s][info][gc,marking  ] GC(5) y: Mark: 2 stripe(s), 10 proactive flush(es), 1 terminate flush(es), 0 completion(s), 0 continuation(s) 
[2026-04-03T03:18:11.398+0600][10.950s][info][gc,marking  ] GC(5) y: Mark Stack Usage: 32M
[2026-04-03T03:18:11.398+0600][10.950s][info][gc,nmethod  ] GC(5) y: NMethods: 3062 registered, 134 unregistered
[2026-04-03T03:18:11.398+0600][10.950s][info][gc,metaspace] GC(5) y: Metaspace: 48M used, 48M committed, 1088M reserved
[2026-04-03T03:18:11.398+0600][10.950s][info][gc,reloc    ] GC(5) y:                        Candidates     Selected     In-Place         Size        Empty    Relocated 
[2026-04-03T03:18:11.398+0600][10.950s][info][gc,reloc    ] GC(5) y: Small Pages:                  311            5            0         622M           0M           1M 
[2026-04-03T03:18:11.398+0600][10.950s][info][gc,reloc    ] GC(5) y: Medium Pages:                   1            0            0          16M           0M           0M 
[2026-04-03T03:18:11.398+0600][10.950s][info][gc,reloc    ] GC(5) y: Large Pages:                    0            0            0           0M           0M           0M 
[2026-04-03T03:18:11.398+0600][10.950s][info][gc,reloc    ] GC(5) y: Forwarding Usage: 1M
[2026-04-03T03:18:11.398+0600][10.950s][info][gc,reloc    ] GC(5) y: Age Table:
[2026-04-03T03:18:11.398+0600][10.950s][info][gc,reloc    ] GC(5) y:                    Live             Garbage             Small              Medium             Large        
[2026-04-03T03:18:11.398+0600][10.950s][info][gc,reloc    ] GC(5) y: Eden             490M (49%)          13M (1%)         252 / 2              0 / 0              0 / 0        
[2026-04-03T03:18:11.398+0600][10.950s][info][gc,reloc    ] GC(5) y: Survivor 1       112M (11%)          21M (2%)          59 / 3              1 / 0              0 / 0        
[2026-04-03T03:18:11.398+0600][10.950s][info][gc,heap     ] GC(5) y: Min Capacity: 8M(1%)
[2026-04-03T03:18:11.398+0600][10.950s][info][gc,heap     ] GC(5) y: Max Capacity: 1000M(100%)
[2026-04-03T03:18:11.398+0600][10.950s][info][gc,heap     ] GC(5) y: Soft Max Capacity: 1000M(100%)
[2026-04-03T03:18:11.398+0600][10.950s][info][gc,heap     ] GC(5) y: Heap Statistics:
[2026-04-03T03:18:11.398+0600][10.950s][info][gc,heap     ] GC(5) y:                Mark Start          Mark End        Relocate Start      Relocate End           High               Low         
[2026-04-03T03:18:11.398+0600][10.950s][info][gc,heap     ] GC(5) y:  Capacity:      682M (68%)         790M (79%)         790M (79%)         794M (79%)         794M (79%)         682M (68%)    
[2026-04-03T03:18:11.398+0600][10.950s][info][gc,heap     ] GC(5) y:      Free:      318M (32%)         210M (21%)         210M (21%)         214M (21%)         318M (32%)         206M (21%)    
[2026-04-03T03:18:11.398+0600][10.950s][info][gc,heap     ] GC(5) y:      Used:      682M (68%)         790M (79%)         790M (79%)         786M (79%)         794M (79%)         682M (68%)    
[2026-04-03T03:18:11.398+0600][10.950s][info][gc,heap     ] GC(5) y: Young Generation Statistics:
[2026-04-03T03:18:11.398+0600][10.950s][info][gc,heap     ] GC(5) y:                Mark Start          Mark End        Relocate Start      Relocate End    
[2026-04-03T03:18:11.398+0600][10.950s][info][gc,heap     ] GC(5) y:      Used:      638M (64%)         746M (75%)         618M (62%)         610M (61%)    
[2026-04-03T03:18:11.398+0600][10.950s][info][gc,heap     ] GC(5) y:      Live:         -               602M (60%)         491M (49%)         490M (49%)    
[2026-04-03T03:18:11.398+0600][10.950s][info][gc,heap     ] GC(5) y:   Garbage:         -                35M (4%)           18M (2%)            8M (1%)     
[2026-04-03T03:18:11.398+0600][10.950s][info][gc,heap     ] GC(5) y: Allocated:         -               108M (11%)         108M (11%)         111M (11%)    
[2026-04-03T03:18:11.398+0600][10.950s][info][gc,heap     ] GC(5) y: Reclaimed:         -                  -                16M (2%)           27M (3%)     
[2026-04-03T03:18:11.398+0600][10.950s][info][gc,heap     ] GC(5) y:  Promoted:         -                  -               111M (11%)         112M (11%)    
[2026-04-03T03:18:11.398+0600][10.950s][info][gc,heap     ] GC(5) y: Compacted:         -                  -                  -                 0M (0%)     
[2026-04-03T03:18:11.398+0600][10.951s][info][gc,phases   ] GC(5) y: Young Generation 682M(68%)->786M(79%) 0.859s
[2026-04-03T03:18:11.398+0600][10.951s][info][gc          ] GC(5) Minor Collection (Allocation Rate) 682M(68%)->786M(79%) 0.859s
[2026-04-03T03:18:11.399+0600][10.951s][info][gc          ] GC(6) Major Collection (Allocation Rate)
[2026-04-03T03:18:11.399+0600][10.951s][info][gc,task     ] GC(6) Using 3 Workers for Young Generation
[2026-04-03T03:18:11.399+0600][10.951s][info][gc,task     ] GC(6) Using 2 Workers for Old Generation
[2026-04-03T03:18:11.399+0600][10.951s][info][gc,phases   ] GC(6) Y: Young Generation
[2026-04-03T03:18:11.399+0600][10.951s][info][gc,phases   ] GC(6) Y: Pause Mark Start (Major) 0.074ms
[2026-04-03T03:18:11.966+0600][11.518s][info][gc,phases   ] GC(6) Y: Concurrent Mark 566.780ms
[2026-04-03T03:18:11.966+0600][11.518s][info][gc,phases   ] GC(6) Y: Pause Mark End 0.019ms
[2026-04-03T03:18:11.966+0600][11.518s][info][gc,phases   ] GC(6) Y: Concurrent Mark Free 0.002ms
[2026-04-03T03:18:11.966+0600][11.519s][info][gc,phases   ] GC(6) Y: Concurrent Reset Relocation Set 0.060ms
[2026-04-03T03:18:11.968+0600][11.520s][info][gc,reloc    ] GC(6) Y: Using tenuring threshold: 1 (Computed)
[2026-04-03T03:18:12.063+0600][11.616s][info][gc,phases   ] GC(6) Y: Concurrent Select Relocation Set 96.988ms
[2026-04-03T03:18:12.064+0600][11.616s][info][gc,phases   ] GC(6) Y: Pause Relocate Start 0.052ms
[2026-04-03T03:18:12.236+0600][11.788s][info][gc,phases   ] GC(6) Y: Concurrent Relocate 171.797ms
[2026-04-03T03:18:12.236+0600][11.788s][info][gc,alloc    ] GC(6) Y:                         Mark Start        Mark End      Relocate Start    Relocate End   
[2026-04-03T03:18:12.236+0600][11.788s][info][gc,alloc    ] GC(6) Y: Allocation Stalls:          0                0                0                0         
[2026-04-03T03:18:12.236+0600][11.788s][info][gc,load     ] GC(6) Y: Load: 4.09 (34%) / 4.95 (41%) / 5.50 (46%)
[2026-04-03T03:18:12.236+0600][11.788s][info][gc,mmu      ] GC(6) Y: MMU: 2ms/93.5%, 5ms/97.4%, 10ms/98.7%, 20ms/99.4%, 50ms/99.7%, 100ms/99.8%
[2026-04-03T03:18:12.236+0600][11.788s][info][gc,marking  ] GC(6) Y: Mark: 2 stripe(s), 10 proactive flush(es), 1 terminate flush(es), 0 completion(s), 0 continuation(s) 
[2026-04-03T03:18:12.236+0600][11.788s][info][gc,marking  ] GC(6) Y: Mark Stack Usage: 32M
[2026-04-03T03:18:12.236+0600][11.788s][info][gc,nmethod  ] GC(6) Y: NMethods: 3196 registered, 134 unregistered
[2026-04-03T03:18:12.236+0600][11.788s][info][gc,metaspace] GC(6) Y: Metaspace: 51M used, 51M committed, 1088M reserved
[2026-04-03T03:18:12.236+0600][11.788s][info][gc,reloc    ] GC(6) Y:                        Candidates     Selected     In-Place         Size        Empty    Relocated 
[2026-04-03T03:18:12.236+0600][11.788s][info][gc,reloc    ] GC(6) Y: Small Pages:                  305            4            0         610M           2M           0M 
[2026-04-03T03:18:12.236+0600][11.788s][info][gc,reloc    ] GC(6) Y: Medium Pages:                   0            0            0           0M           0M           0M 
[2026-04-03T03:18:12.236+0600][11.788s][info][gc,reloc    ] GC(6) Y: Large Pages:                    0            0            0           0M           0M           0M 
[2026-04-03T03:18:12.236+0600][11.788s][info][gc,reloc    ] GC(6) Y: Forwarding Usage: 0M
[2026-04-03T03:18:12.236+0600][11.788s][info][gc,reloc    ] GC(6) Y: Age Table:
[2026-04-03T03:18:12.236+0600][11.788s][info][gc,reloc    ] GC(6) Y:                    Live             Garbage             Small              Medium             Large        
[2026-04-03T03:18:12.236+0600][11.788s][info][gc,reloc    ] GC(6) Y: Eden              98M (10%)           9M (1%)          54 / 3              0 / 0              0 / 0        
[2026-04-03T03:18:12.236+0600][11.788s][info][gc,reloc    ] GC(6) Y: Survivor 1       490M (49%)          11M (1%)         251 / 1              0 / 0              0 / 0        
[2026-04-03T03:18:12.236+0600][11.788s][info][gc,heap     ] GC(6) Y: Min Capacity: 8M(1%)
[2026-04-03T03:18:12.236+0600][11.788s][info][gc,heap     ] GC(6) Y: Max Capacity: 1000M(100%)
[2026-04-03T03:18:12.236+0600][11.788s][info][gc,heap     ] GC(6) Y: Soft Max Capacity: 1000M(100%)
[2026-04-03T03:18:12.236+0600][11.788s][info][gc,heap     ] GC(6) Y: Heap Statistics:
[2026-04-03T03:18:12.236+0600][11.788s][info][gc,heap     ] GC(6) Y:                Mark Start          Mark End        Relocate Start      Relocate End           High               Low         
[2026-04-03T03:18:12.236+0600][11.788s][info][gc,heap     ] GC(6) Y:  Capacity:      794M (79%)         834M (83%)         842M (84%)         848M (85%)         848M (85%)         794M (79%)    
[2026-04-03T03:18:12.236+0600][11.788s][info][gc,heap     ] GC(6) Y:      Free:      214M (21%)         166M (17%)         158M (16%)         154M (15%)         214M (21%)         152M (15%)    
[2026-04-03T03:18:12.236+0600][11.788s][info][gc,heap     ] GC(6) Y:      Used:      786M (79%)         834M (83%)         842M (84%)         846M (85%)         848M (85%)         786M (79%)    
[2026-04-03T03:18:12.236+0600][11.788s][info][gc,heap     ] GC(6) Y: Young Generation Statistics:
[2026-04-03T03:18:12.236+0600][11.788s][info][gc,heap     ] GC(6) Y:                Mark Start          Mark End        Relocate Start      Relocate End    
[2026-04-03T03:18:12.236+0600][11.788s][info][gc,heap     ] GC(6) Y:      Used:      610M (61%)         658M (66%)         168M (17%)         170M (17%)    
[2026-04-03T03:18:12.236+0600][11.788s][info][gc,heap     ] GC(6) Y:      Live:         -               589M (59%)          99M (10%)          98M (10%)    
[2026-04-03T03:18:12.236+0600][11.789s][info][gc,heap     ] GC(6) Y:   Garbage:         -                20M (2%)           10M (1%)            1M (0%)     
[2026-04-03T03:18:12.236+0600][11.789s][info][gc,heap     ] GC(6) Y: Allocated:         -                48M (5%)           58M (6%)           69M (7%)     
[2026-04-03T03:18:12.236+0600][11.789s][info][gc,heap     ] GC(6) Y: Reclaimed:         -                  -                10M (1%)           19M (2%)     
[2026-04-03T03:18:12.236+0600][11.789s][info][gc,heap     ] GC(6) Y:  Promoted:         -                  -               489M (49%)         490M (49%)    
[2026-04-03T03:18:12.236+0600][11.789s][info][gc,heap     ] GC(6) Y: Compacted:         -                  -                  -                 0M (0%)     
[2026-04-03T03:18:12.236+0600][11.789s][info][gc,phases   ] GC(6) Y: Young Generation 786M(79%)->846M(85%) 0.837s
[2026-04-03T03:18:12.236+0600][11.789s][info][gc,phases   ] GC(6) O: Old Generation
[2026-04-03T03:18:12.238+0600][11.790s][info][gc          ] GC(7) Minor Collection (Allocation Rate)
[2026-04-03T03:18:12.238+0600][11.790s][info][gc,task     ] GC(7) Using 1 Workers for Young Generation
[2026-04-03T03:18:12.238+0600][11.790s][info][gc,phases   ] GC(7) y: Young Generation
[2026-04-03T03:18:12.238+0600][11.790s][info][gc,phases   ] GC(7) y: Pause Mark Start 0.039ms
[2026-04-03T03:18:12.439+0600][11.991s][info][gc,phases   ] GC(6) O: Concurrent Mark 202.271ms
[2026-04-03T03:18:12.439+0600][11.991s][info][gc,phases   ] GC(6) O: Pause Mark End 0.023ms
[2026-04-03T03:18:12.439+0600][11.991s][info][gc,phases   ] GC(6) O: Concurrent Mark Free 0.002ms
[2026-04-03T03:18:12.445+0600][11.997s][info][gc,phases   ] GC(6) O: Concurrent Process Non-Strong 6.121ms
[2026-04-03T03:18:12.445+0600][11.997s][info][gc,phases   ] GC(6) O: Concurrent Reset Relocation Set 0.002ms
[2026-04-03T03:18:12.448+0600][12.000s][info][gc,phases   ] GC(6) O: Concurrent Select Relocation Set 2.910ms
[2026-04-03T03:18:12.485+0600][12.038s][info][gc,phases   ] GC(7) y: Concurrent Mark 247.091ms
[2026-04-03T03:18:12.485+0600][12.038s][info][gc,phases   ] GC(7) y: Pause Mark End 0.015ms
[2026-04-03T03:18:12.485+0600][12.038s][info][gc,phases   ] GC(7) y: Concurrent Mark Free 0.002ms
[2026-04-03T03:18:12.486+0600][12.038s][info][gc,phases   ] GC(7) y: Concurrent Reset Relocation Set 0.194ms
[2026-04-03T03:18:12.490+0600][12.042s][info][gc,reloc    ] GC(7) y: Using tenuring threshold: 1 (Computed)
[2026-04-03T03:18:12.542+0600][12.094s][info][gc,phases   ] GC(7) y: Concurrent Select Relocation Set 56.233ms
[2026-04-03T03:18:12.542+0600][12.095s][info][gc,phases   ] GC(7) y: Pause Relocate Start 0.022ms
[2026-04-03T03:18:12.644+0600][12.196s][info][gc,phases   ] GC(7) y: Concurrent Relocate 101.350ms
[2026-04-03T03:18:12.644+0600][12.196s][info][gc,alloc    ] GC(7) y:                         Mark Start        Mark End      Relocate Start    Relocate End   
[2026-04-03T03:18:12.644+0600][12.196s][info][gc,alloc    ] GC(7) y: Allocation Stalls:          0                0                0                0         
[2026-04-03T03:18:12.644+0600][12.196s][info][gc,load     ] GC(7) y: Load: 4.09 (34%) / 4.95 (41%) / 5.50 (46%)
[2026-04-03T03:18:12.644+0600][12.196s][info][gc,mmu      ] GC(7) y: MMU: 2ms/93.5%, 5ms/97.4%, 10ms/98.7%, 20ms/99.4%, 50ms/99.7%, 100ms/99.8%
[2026-04-03T03:18:12.644+0600][12.196s][info][gc,marking  ] GC(7) y: Mark: 1 stripe(s), 2 proactive flush(es), 1 terminate flush(es), 0 completion(s), 0 continuation(s) 
[2026-04-03T03:18:12.644+0600][12.196s][info][gc,marking  ] GC(7) y: Mark Stack Usage: 32M
[2026-04-03T03:18:12.644+0600][12.196s][info][gc,nmethod  ] GC(7) y: NMethods: 3164 registered, 171 unregistered
[2026-04-03T03:18:12.644+0600][12.196s][info][gc,metaspace] GC(7) y: Metaspace: 51M used, 51M committed, 1088M reserved
[2026-04-03T03:18:12.644+0600][12.196s][info][gc,reloc    ] GC(7) y:                        Candidates     Selected     In-Place         Size        Empty    Relocated 
[2026-04-03T03:18:12.644+0600][12.196s][info][gc,reloc    ] GC(7) y: Small Pages:                   85           33            0         170M           2M           1M 
[2026-04-03T03:18:12.644+0600][12.196s][info][gc,reloc    ] GC(7) y: Medium Pages:                   0            0            0           0M           0M           0M 
[2026-04-03T03:18:12.644+0600][12.196s][info][gc,reloc    ] GC(7) y: Large Pages:                    0            0            0           0M           0M           0M 
[2026-04-03T03:18:12.644+0600][12.196s][info][gc,reloc    ] GC(7) y: Forwarding Usage: 0M
[2026-04-03T03:18:12.644+0600][12.196s][info][gc,reloc    ] GC(7) y: Age Table:
[2026-04-03T03:18:12.644+0600][12.196s][info][gc,reloc    ] GC(7) y:                    Live             Garbage             Small              Medium             Large        
[2026-04-03T03:18:12.644+0600][12.196s][info][gc,reloc    ] GC(7) y: Eden               0M (0%)           63M (6%)          32 / 31             0 / 0              0 / 0        
[2026-04-03T03:18:12.644+0600][12.196s][info][gc,reloc    ] GC(7) y: Survivor 1        98M (10%)           7M (1%)          53 / 2              0 / 0              0 / 0        
[2026-04-03T03:18:12.644+0600][12.196s][info][gc,heap     ] GC(7) y: Min Capacity: 8M(1%)
[2026-04-03T03:18:12.644+0600][12.196s][info][gc,heap     ] GC(7) y: Max Capacity: 1000M(100%)
[2026-04-03T03:18:12.644+0600][12.196s][info][gc,heap     ] GC(7) y: Soft Max Capacity: 1000M(100%)
[2026-04-03T03:18:12.644+0600][12.196s][info][gc,heap     ] GC(7) y: Heap Statistics:
[2026-04-03T03:18:12.644+0600][12.196s][info][gc,heap     ] GC(7) y:                Mark Start          Mark End        Relocate Start      Relocate End           High               Low         
[2026-04-03T03:18:12.644+0600][12.196s][info][gc,heap     ] GC(7) y:  Capacity:      848M (85%)         866M (87%)         866M (87%)         866M (87%)         866M (87%)         848M (85%)    
[2026-04-03T03:18:12.644+0600][12.196s][info][gc,heap     ] GC(7) y:      Free:      154M (15%)         134M (13%)         136M (14%)         198M (20%)         200M (20%)         134M (13%)    
[2026-04-03T03:18:12.644+0600][12.196s][info][gc,heap     ] GC(7) y:      Used:      846M (85%)         866M (87%)         864M (86%)         802M (80%)         866M (87%)         800M (80%)    
[2026-04-03T03:18:12.644+0600][12.196s][info][gc,heap     ] GC(7) y: Young Generation Statistics:
[2026-04-03T03:18:12.644+0600][12.196s][info][gc,heap     ] GC(7) y:                Mark Start          Mark End        Relocate Start      Relocate End    
[2026-04-03T03:18:12.644+0600][12.196s][info][gc,heap     ] GC(7) y:      Used:      170M (17%)         190M (19%)          88M (9%)           24M (2%)     
[2026-04-03T03:18:12.644+0600][12.196s][info][gc,heap     ] GC(7) y:      Live:         -                99M (10%)           1M (0%)            0M (0%)     
[2026-04-03T03:18:12.644+0600][12.196s][info][gc,heap     ] GC(7) y:   Garbage:         -                70M (7%)           66M (7%)            0M (0%)     
[2026-04-03T03:18:12.644+0600][12.196s][info][gc,heap     ] GC(7) y: Allocated:         -                20M (2%)           20M (2%)           23M (2%)     
[2026-04-03T03:18:12.644+0600][12.196s][info][gc,heap     ] GC(7) y: Reclaimed:         -                  -                 3M (0%)           70M (7%)     
[2026-04-03T03:18:12.644+0600][12.196s][info][gc,heap     ] GC(7) y:  Promoted:         -                  -                98M (10%)          98M (10%)    
[2026-04-03T03:18:12.644+0600][12.196s][info][gc,heap     ] GC(7) y: Compacted:         -                  -                  -                 0M (0%)     
[2026-04-03T03:18:12.644+0600][12.196s][info][gc,phases   ] GC(7) y: Young Generation 846M(85%)->802M(80%) 0.406s
[2026-04-03T03:18:12.644+0600][12.196s][info][gc          ] GC(7) Minor Collection (Allocation Rate) 846M(85%)->802M(80%) 0.406s
[2026-04-03T03:18:12.644+0600][12.197s][info][gc,task     ] GC(6) O: Using 3 Workers for Old Generation
[2026-04-03T03:18:12.662+0600][12.214s][info][gc,task     ] GC(6) O: Using 2 Workers for Old Generation
[2026-04-03T03:18:12.662+0600][12.214s][info][gc,phases   ] GC(6) O: Concurrent Remap Roots 17.600ms
[2026-04-03T03:18:12.662+0600][12.214s][info][gc,phases   ] GC(6) O: Pause Relocate Start 0.024ms
[2026-04-03T03:18:12.677+0600][12.229s][info][gc,phases   ] GC(6) O: Concurrent Relocate 14.947ms
[2026-04-03T03:18:12.677+0600][12.230s][info][gc,alloc    ] GC(6) O:                         Mark Start        Mark End      Relocate Start    Relocate End   
[2026-04-03T03:18:12.677+0600][12.230s][info][gc,alloc    ] GC(6) O: Allocation Stalls:          0                0                0                0         
[2026-04-03T03:18:12.677+0600][12.230s][info][gc,load     ] GC(6) O: Load: 4.09 (34%) / 4.95 (41%) / 5.50 (46%)
[2026-04-03T03:18:12.677+0600][12.230s][info][gc,mmu      ] GC(6) O: MMU: 2ms/93.5%, 5ms/97.4%, 10ms/98.7%, 20ms/99.4%, 50ms/99.7%, 100ms/99.8%
[2026-04-03T03:18:12.677+0600][12.230s][info][gc,marking  ] GC(6) O: Mark: 2 stripe(s), 6 proactive flush(es), 1 terminate flush(es), 0 completion(s), 0 continuation(s) 
[2026-04-03T03:18:12.677+0600][12.230s][info][gc,marking  ] GC(6) O: Mark Stack Usage: 32M
[2026-04-03T03:18:12.677+0600][12.230s][info][gc,nmethod  ] GC(6) O: NMethods: 3164 registered, 171 unregistered
[2026-04-03T03:18:12.677+0600][12.230s][info][gc,metaspace] GC(6) O: Metaspace: 51M used, 51M committed, 1088M reserved
[2026-04-03T03:18:12.677+0600][12.230s][info][gc,ref      ] GC(6) O:                       Encountered   Discovered     Enqueued 
[2026-04-03T03:18:12.677+0600][12.230s][info][gc,ref      ] GC(6) O: Soft References:             4011            0            0 
[2026-04-03T03:18:12.677+0600][12.230s][info][gc,ref      ] GC(6) O: Weak References:             4297         3114         1117 
[2026-04-03T03:18:12.677+0600][12.230s][info][gc,ref      ] GC(6) O: Final References:              82            0            0 
[2026-04-03T03:18:12.677+0600][12.230s][info][gc,ref      ] GC(6) O: Phantom References:           591          415            1 
[2026-04-03T03:18:12.677+0600][12.230s][info][gc,reloc    ] GC(6) O:                        Candidates     Selected     In-Place         Size        Empty    Relocated 
[2026-04-03T03:18:12.677+0600][12.230s][info][gc,reloc    ] GC(6) O: Small Pages:                   70            3            0         140M           0M           2M 
[2026-04-03T03:18:12.677+0600][12.230s][info][gc,reloc    ] GC(6) O: Medium Pages:                   2            1            0          32M           0M           2M 
[2026-04-03T03:18:12.677+0600][12.230s][info][gc,reloc    ] GC(6) O: Large Pages:                    1            0            0           4M           0M           0M 
[2026-04-03T03:18:12.677+0600][12.230s][info][gc,reloc    ] GC(6) O: Forwarding Usage: 2M
[2026-04-03T03:18:12.677+0600][12.230s][info][gc,heap     ] GC(6) O: Min Capacity: 8M(1%)
[2026-04-03T03:18:12.677+0600][12.230s][info][gc,heap     ] GC(6) O: Max Capacity: 1000M(100%)
[2026-04-03T03:18:12.677+0600][12.230s][info][gc,heap     ] GC(6) O: Soft Max Capacity: 1000M(100%)
[2026-04-03T03:18:12.677+0600][12.230s][info][gc,heap     ] GC(6) O: Heap Statistics:
[2026-04-03T03:18:12.677+0600][12.230s][info][gc,heap     ] GC(6) O:                Mark Start          Mark End        Relocate Start      Relocate End           High               Low         
[2026-04-03T03:18:12.677+0600][12.230s][info][gc,heap     ] GC(6) O:  Capacity:      794M (79%)         866M (87%)         866M (87%)         882M (88%)         882M (88%)         794M (79%)    
[2026-04-03T03:18:12.677+0600][12.230s][info][gc,heap     ] GC(6) O:      Free:      214M (21%)         134M (13%)         198M (20%)         216M (22%)         216M (22%)         134M (13%)    
[2026-04-03T03:18:12.677+0600][12.230s][info][gc,heap     ] GC(6) O:      Used:      786M (79%)         866M (87%)         802M (80%)         784M (78%)         866M (87%)         784M (78%)    
[2026-04-03T03:18:12.677+0600][12.230s][info][gc,heap     ] GC(6) O: Old Generation Statistics:
[2026-04-03T03:18:12.677+0600][12.230s][info][gc,heap     ] GC(6) O:                Mark Start          Mark End        Relocate Start      Relocate End    
[2026-04-03T03:18:12.678+0600][12.230s][info][gc,heap     ] GC(6) O:      Used:      176M (18%)         676M (68%)         778M (78%)         760M (76%)    
[2026-04-03T03:18:12.678+0600][12.230s][info][gc,heap     ] GC(6) O:      Live:         -               138M (14%)         138M (14%)         138M (14%)    
[2026-04-03T03:18:12.678+0600][12.230s][info][gc,heap     ] GC(6) O:   Garbage:         -                37M (4%)           37M (4%)            2M (0%)     
[2026-04-03T03:18:12.678+0600][12.230s][info][gc,heap     ] GC(6) O: Allocated:         -               500M (50%)         602M (60%)         619M (62%)    
[2026-04-03T03:18:12.678+0600][12.230s][info][gc,heap     ] GC(6) O: Reclaimed:         -                  -                 0M (0%)           35M (4%)     
[2026-04-03T03:18:12.678+0600][12.230s][info][gc,heap     ] GC(6) O: Compacted:         -                  -                  -                 8M (1%)     
[2026-04-03T03:18:12.678+0600][12.230s][info][gc,phases   ] GC(6) O: Old Generation 846M(85%)->784M(78%) 0.441s
[2026-04-03T03:18:12.678+0600][12.230s][info][gc          ] GC(6) Major Collection (Allocation Rate) 786M(79%)->784M(78%) 1.279s
[2026-04-03T03:18:13.625+0600][13.177s][info][gc          ] GC(8) Major Collection (Allocation Rate)
[2026-04-03T03:18:13.625+0600][13.177s][info][gc,task     ] GC(8) Using 3 Workers for Young Generation
[2026-04-03T03:18:13.625+0600][13.177s][info][gc,task     ] GC(8) Using 2 Workers for Old Generation
[2026-04-03T03:18:13.625+0600][13.177s][info][gc,phases   ] GC(8) Y: Young Generation
[2026-04-03T03:18:13.626+0600][13.178s][info][gc,phases   ] GC(8) Y: Pause Mark Start (Major) 0.018ms
[2026-04-03T03:18:13.635+0600][13.187s][info][gc,phases   ] GC(8) Y: Concurrent Mark 9.571ms
[2026-04-03T03:18:13.635+0600][13.188s][info][gc,phases   ] GC(8) Y: Pause Mark End 0.022ms
[2026-04-03T03:18:13.635+0600][13.188s][info][gc,phases   ] GC(8) Y: Concurrent Mark Free 0.001ms
[2026-04-03T03:18:13.636+0600][13.188s][info][gc,phases   ] GC(8) Y: Concurrent Reset Relocation Set 0.067ms
[2026-04-03T03:18:13.640+0600][13.192s][info][gc,reloc    ] GC(8) Y: Using tenuring threshold: 2 (Computed)
[2026-04-03T03:18:13.640+0600][13.193s][info][gc,phases   ] GC(8) Y: Concurrent Select Relocation Set 4.887ms
[2026-04-03T03:18:13.641+0600][13.193s][info][gc,phases   ] GC(8) Y: Pause Relocate Start 0.013ms
[2026-04-03T03:18:13.643+0600][13.195s][info][gc,phases   ] GC(8) Y: Concurrent Relocate 1.675ms
[2026-04-03T03:18:13.643+0600][13.195s][info][gc,alloc    ] GC(8) Y:                         Mark Start        Mark End      Relocate Start    Relocate End   
[2026-04-03T03:18:13.643+0600][13.195s][info][gc,alloc    ] GC(8) Y: Allocation Stalls:          0                0                0                0         
[2026-04-03T03:18:13.643+0600][13.195s][info][gc,load     ] GC(8) Y: Load: 4.09 (34%) / 4.95 (41%) / 5.50 (46%)
[2026-04-03T03:18:13.643+0600][13.195s][info][gc,mmu      ] GC(8) Y: MMU: 2ms/93.5%, 5ms/97.4%, 10ms/98.7%, 20ms/99.4%, 50ms/99.7%, 100ms/99.8%
[2026-04-03T03:18:13.643+0600][13.195s][info][gc,marking  ] GC(8) Y: Mark: 2 stripe(s), 2 proactive flush(es), 1 terminate flush(es), 0 completion(s), 0 continuation(s) 
[2026-04-03T03:18:13.643+0600][13.195s][info][gc,marking  ] GC(8) Y: Mark Stack Usage: 32M
[2026-04-03T03:18:13.643+0600][13.195s][info][gc,nmethod  ] GC(8) Y: NMethods: 3387 registered, 171 unregistered
[2026-04-03T03:18:13.643+0600][13.195s][info][gc,metaspace] GC(8) Y: Metaspace: 53M used, 54M committed, 1088M reserved
[2026-04-03T03:18:13.643+0600][13.195s][info][gc,reloc    ] GC(8) Y:                        Candidates     Selected     In-Place         Size        Empty    Relocated 
[2026-04-03T03:18:13.643+0600][13.195s][info][gc,reloc    ] GC(8) Y: Small Pages:                   16           15            0          32M           0M           1M 
[2026-04-03T03:18:13.643+0600][13.195s][info][gc,reloc    ] GC(8) Y: Medium Pages:                   1            0            0          16M          16M           0M 
[2026-04-03T03:18:13.643+0600][13.195s][info][gc,reloc    ] GC(8) Y: Large Pages:                    1            0            0           6M           6M           0M 
[2026-04-03T03:18:13.643+0600][13.195s][info][gc,reloc    ] GC(8) Y: Forwarding Usage: 0M
[2026-04-03T03:18:13.643+0600][13.195s][info][gc,reloc    ] GC(8) Y: Age Table:
[2026-04-03T03:18:13.643+0600][13.195s][info][gc,reloc    ] GC(8) Y:                    Live             Garbage             Small              Medium             Large        
[2026-04-03T03:18:13.643+0600][13.195s][info][gc,reloc    ] GC(8) Y: Eden               0M (0%)           51M (5%)          15 / 14             1 / 0              1 / 0        
[2026-04-03T03:18:13.643+0600][13.195s][info][gc,reloc    ] GC(8) Y: Survivor 1         0M (0%)            1M (0%)           1 / 1              0 / 0              0 / 0        
[2026-04-03T03:18:13.643+0600][13.195s][info][gc,heap     ] GC(8) Y: Min Capacity: 8M(1%)
[2026-04-03T03:18:13.643+0600][13.195s][info][gc,heap     ] GC(8) Y: Max Capacity: 1000M(100%)
[2026-04-03T03:18:13.643+0600][13.195s][info][gc,heap     ] GC(8) Y: Soft Max Capacity: 1000M(100%)
[2026-04-03T03:18:13.643+0600][13.195s][info][gc,heap     ] GC(8) Y: Heap Statistics:
[2026-04-03T03:18:13.643+0600][13.195s][info][gc,heap     ] GC(8) Y:                Mark Start          Mark End        Relocate Start      Relocate End           High               Low         
[2026-04-03T03:18:13.643+0600][13.195s][info][gc,heap     ] GC(8) Y:  Capacity:      882M (88%)         882M (88%)         882M (88%)         882M (88%)         882M (88%)         882M (88%)    
[2026-04-03T03:18:13.643+0600][13.195s][info][gc,heap     ] GC(8) Y:      Free:      186M (19%)         180M (18%)         202M (20%)         222M (22%)         222M (22%)         180M (18%)    
[2026-04-03T03:18:13.643+0600][13.195s][info][gc,heap     ] GC(8) Y:      Used:      814M (81%)         820M (82%)         798M (80%)         778M (78%)         820M (82%)         778M (78%)    
[2026-04-03T03:18:13.643+0600][13.195s][info][gc,heap     ] GC(8) Y: Young Generation Statistics:
[2026-04-03T03:18:13.643+0600][13.195s][info][gc,heap     ] GC(8) Y:                Mark Start          Mark End        Relocate Start      Relocate End    
[2026-04-03T03:18:13.643+0600][13.195s][info][gc,heap     ] GC(8) Y:      Used:       54M (5%)           60M (6%)           38M (4%)           18M (2%)     
[2026-04-03T03:18:13.643+0600][13.195s][info][gc,heap     ] GC(8) Y:      Live:         -                 1M (0%)            1M (0%)            1M (0%)     
[2026-04-03T03:18:13.643+0600][13.195s][info][gc,heap     ] GC(8) Y:   Garbage:         -                52M (5%)           30M (3%)            0M (0%)     
[2026-04-03T03:18:13.643+0600][13.195s][info][gc,heap     ] GC(8) Y: Allocated:         -                 6M (1%)            6M (1%)           16M (2%)     
[2026-04-03T03:18:13.643+0600][13.195s][info][gc,heap     ] GC(8) Y: Reclaimed:         -                  -                22M (2%)           52M (5%)     
[2026-04-03T03:18:13.643+0600][13.195s][info][gc,heap     ] GC(8) Y:  Promoted:         -                  -                 0M (0%)            0M (0%)     
[2026-04-03T03:18:13.643+0600][13.195s][info][gc,heap     ] GC(8) Y: Compacted:         -                  -                  -                 1M (0%)     
[2026-04-03T03:18:13.643+0600][13.195s][info][gc,phases   ] GC(8) Y: Young Generation 814M(81%)->778M(78%) 0.017s
[2026-04-03T03:18:13.643+0600][13.195s][info][gc,phases   ] GC(8) O: Old Generation
[2026-04-03T03:18:13.674+0600][13.226s][info][gc,phases   ] GC(8) O: Concurrent Mark 31.003ms
[2026-04-03T03:18:13.674+0600][13.227s][info][gc,phases   ] GC(8) O: Pause Mark End 0.033ms
[2026-04-03T03:18:13.674+0600][13.227s][info][gc,phases   ] GC(8) O: Concurrent Mark Free 0.001ms
[2026-04-03T03:18:13.680+0600][13.233s][info][gc,phases   ] GC(8) O: Concurrent Process Non-Strong 6.042ms
[2026-04-03T03:18:13.681+0600][13.233s][info][gc,phases   ] GC(8) O: Concurrent Reset Relocation Set 0.004ms
[2026-04-03T03:18:13.686+0600][13.238s][info][gc,phases   ] GC(8) O: Concurrent Select Relocation Set 5.549ms
[2026-04-03T03:18:13.686+0600][13.238s][info][gc,task     ] GC(8) O: Using 3 Workers for Old Generation
[2026-04-03T03:18:13.703+0600][13.255s][info][gc,task     ] GC(8) O: Using 2 Workers for Old Generation
[2026-04-03T03:18:13.703+0600][13.255s][info][gc,phases   ] GC(8) O: Concurrent Remap Roots 16.436ms
[2026-04-03T03:18:13.703+0600][13.255s][info][gc,phases   ] GC(8) O: Pause Relocate Start 0.022ms
[2026-04-03T03:18:13.706+0600][13.258s][info][gc,phases   ] GC(8) O: Concurrent Relocate 3.072ms
[2026-04-03T03:18:13.706+0600][13.258s][info][gc,alloc    ] GC(8) O:                         Mark Start        Mark End      Relocate Start    Relocate End   
[2026-04-03T03:18:13.706+0600][13.258s][info][gc,alloc    ] GC(8) O: Allocation Stalls:          0                0                0                0         
[2026-04-03T03:18:13.706+0600][13.258s][info][gc,load     ] GC(8) O: Load: 4.09 (34%) / 4.95 (41%) / 5.50 (46%)
[2026-04-03T03:18:13.706+0600][13.258s][info][gc,mmu      ] GC(8) O: MMU: 2ms/93.5%, 5ms/97.4%, 10ms/98.7%, 20ms/99.4%, 50ms/99.7%, 100ms/99.8%
[2026-04-03T03:18:13.706+0600][13.258s][info][gc,marking  ] GC(8) O: Mark: 2 stripe(s), 2 proactive flush(es), 1 terminate flush(es), 0 completion(s), 0 continuation(s) 
[2026-04-03T03:18:13.706+0600][13.258s][info][gc,marking  ] GC(8) O: Mark Stack Usage: 32M
[2026-04-03T03:18:13.706+0600][13.258s][info][gc,nmethod  ] GC(8) O: NMethods: 3336 registered, 258 unregistered
[2026-04-03T03:18:13.706+0600][13.258s][info][gc,metaspace] GC(8) O: Metaspace: 53M used, 54M committed, 1088M reserved
[2026-04-03T03:18:13.706+0600][13.258s][info][gc,ref      ] GC(8) O:                       Encountered   Discovered     Enqueued 
[2026-04-03T03:18:13.706+0600][13.258s][info][gc,ref      ] GC(8) O: Soft References:             4101            0            0 
[2026-04-03T03:18:13.706+0600][13.258s][info][gc,ref      ] GC(8) O: Weak References:             3593         1642            6 
[2026-04-03T03:18:13.706+0600][13.258s][info][gc,ref      ] GC(8) O: Final References:              82           48            0 
[2026-04-03T03:18:13.706+0600][13.258s][info][gc,ref      ] GC(8) O: Phantom References:           587          465            0 
[2026-04-03T03:18:13.706+0600][13.258s][info][gc,reloc    ] GC(8) O:                        Candidates     Selected     In-Place         Size        Empty    Relocated 
[2026-04-03T03:18:13.706+0600][13.258s][info][gc,reloc    ] GC(8) O: Small Pages:                  370           10            0         740M         694M           2M 
[2026-04-03T03:18:13.706+0600][13.258s][info][gc,reloc    ] GC(8) O: Medium Pages:                   1            0            0          16M           0M           0M 
[2026-04-03T03:18:13.706+0600][13.258s][info][gc,reloc    ] GC(8) O: Large Pages:                    1            0            0           4M           0M           0M 
[2026-04-03T03:18:13.706+0600][13.258s][info][gc,reloc    ] GC(8) O: Forwarding Usage: 0M
[2026-04-03T03:18:13.706+0600][13.258s][info][gc,heap     ] GC(8) O: Min Capacity: 8M(1%)
[2026-04-03T03:18:13.706+0600][13.258s][info][gc,heap     ] GC(8) O: Max Capacity: 1000M(100%)
[2026-04-03T03:18:13.706+0600][13.258s][info][gc,heap     ] GC(8) O: Soft Max Capacity: 1000M(100%)
[2026-04-03T03:18:13.706+0600][13.258s][info][gc,heap     ] GC(8) O: Heap Statistics:
[2026-04-03T03:18:13.706+0600][13.258s][info][gc,heap     ] GC(8) O:                Mark Start          Mark End        Relocate Start      Relocate End           High               Low         
[2026-04-03T03:18:13.706+0600][13.258s][info][gc,heap     ] GC(8) O:  Capacity:      882M (88%)         882M (88%)         882M (88%)         882M (88%)         882M (88%)         882M (88%)    
[2026-04-03T03:18:13.706+0600][13.258s][info][gc,heap     ] GC(8) O:      Free:      186M (19%)         204M (20%)         896M (90%)         910M (91%)         910M (91%)         180M (18%)    
[2026-04-03T03:18:13.706+0600][13.258s][info][gc,heap     ] GC(8) O:      Used:      814M (81%)         796M (80%)         104M (10%)          90M (9%)          820M (82%)          90M (9%)     
[2026-04-03T03:18:13.706+0600][13.258s][info][gc,heap     ] GC(8) O: Old Generation Statistics:
[2026-04-03T03:18:13.706+0600][13.258s][info][gc,heap     ] GC(8) O:                Mark Start          Mark End        Relocate Start      Relocate End    
[2026-04-03T03:18:13.706+0600][13.258s][info][gc,heap     ] GC(8) O:      Used:      760M (76%)         760M (76%)          66M (7%)           52M (5%)     
[2026-04-03T03:18:13.706+0600][13.259s][info][gc,heap     ] GC(8) O:      Live:         -                31M (3%)           31M (3%)           31M (3%)     
[2026-04-03T03:18:13.706+0600][13.259s][info][gc,heap     ] GC(8) O:   Garbage:         -               728M (73%)          34M (3%)           13M (1%)     
[2026-04-03T03:18:13.706+0600][13.259s][info][gc,heap     ] GC(8) O: Allocated:         -                 0M (0%)            0M (0%)            6M (1%)     
[2026-04-03T03:18:13.706+0600][13.259s][info][gc,heap     ] GC(8) O: Reclaimed:         -                  -               694M (69%)         714M (71%)    
[2026-04-03T03:18:13.706+0600][13.259s][info][gc,heap     ] GC(8) O: Compacted:         -                  -                  -                 3M (0%)     
[2026-04-03T03:18:13.706+0600][13.259s][info][gc,phases   ] GC(8) O: Old Generation 778M(78%)->90M(9%) 0.063s
[2026-04-03T03:18:13.706+0600][13.259s][info][gc          ] GC(8) Major Collection (Allocation Rate) 814M(81%)->90M(9%) 0.081s
[2026-04-03T03:18:13.971+0600][13.523s][info][gc          ] GC(9) Major Collection (Allocation Rate)
[2026-04-03T03:18:13.971+0600][13.523s][info][gc,task     ] GC(9) Using 3 Workers for Young Generation
[2026-04-03T03:18:13.971+0600][13.523s][info][gc,task     ] GC(9) Using 2 Workers for Old Generation
[2026-04-03T03:18:13.971+0600][13.523s][info][gc,phases   ] GC(9) Y: Young Generation
[2026-04-03T03:18:13.971+0600][13.523s][info][gc,phases   ] GC(9) Y: Pause Mark Start (Major) 0.017ms
[2026-04-03T03:18:13.981+0600][13.533s][info][gc,phases   ] GC(9) Y: Concurrent Mark 9.835ms
[2026-04-03T03:18:13.981+0600][13.533s][info][gc,phases   ] GC(9) Y: Pause Mark End 0.031ms
[2026-04-03T03:18:13.981+0600][13.533s][info][gc,phases   ] GC(9) Y: Concurrent Mark Free 0.001ms
[2026-04-03T03:18:13.981+0600][13.533s][info][gc,phases   ] GC(9) Y: Concurrent Reset Relocation Set 0.004ms
[2026-04-03T03:18:13.983+0600][13.535s][info][gc,reloc    ] GC(9) Y: Using tenuring threshold: 3 (Computed)
[2026-04-03T03:18:13.983+0600][13.535s][info][gc,phases   ] GC(9) Y: Concurrent Select Relocation Set 1.788ms
[2026-04-03T03:18:13.983+0600][13.535s][info][gc,phases   ] GC(9) Y: Pause Relocate Start 0.010ms
[2026-04-03T03:18:13.984+0600][13.537s][info][gc,phases   ] GC(9) Y: Concurrent Relocate 1.400ms
[2026-04-03T03:18:13.984+0600][13.537s][info][gc,alloc    ] GC(9) Y:                         Mark Start        Mark End      Relocate Start    Relocate End   
[2026-04-03T03:18:13.985+0600][13.537s][info][gc,alloc    ] GC(9) Y: Allocation Stalls:          0                0                0                0         
[2026-04-03T03:18:13.985+0600][13.537s][info][gc,load     ] GC(9) Y: Load: 4.09 (34%) / 4.95 (41%) / 5.50 (46%)
[2026-04-03T03:18:13.985+0600][13.537s][info][gc,mmu      ] GC(9) Y: MMU: 2ms/93.5%, 5ms/97.4%, 10ms/98.7%, 20ms/99.4%, 50ms/99.7%, 100ms/99.8%
[2026-04-03T03:18:13.985+0600][13.537s][info][gc,marking  ] GC(9) Y: Mark: 2 stripe(s), 4 proactive flush(es), 1 terminate flush(es), 0 completion(s), 0 continuation(s) 
[2026-04-03T03:18:13.985+0600][13.537s][info][gc,marking  ] GC(9) Y: Mark Stack Usage: 32M
[2026-04-03T03:18:13.985+0600][13.537s][info][gc,nmethod  ] GC(9) Y: NMethods: 3411 registered, 258 unregistered
[2026-04-03T03:18:13.985+0600][13.537s][info][gc,metaspace] GC(9) Y: Metaspace: 55M used, 56M committed, 1088M reserved
[2026-04-03T03:18:13.985+0600][13.537s][info][gc,reloc    ] GC(9) Y:                        Candidates     Selected     In-Place         Size        Empty    Relocated 
[2026-04-03T03:18:13.985+0600][13.537s][info][gc,reloc    ] GC(9) Y: Small Pages:                   18           16            0          36M           0M           1M 
[2026-04-03T03:18:13.985+0600][13.537s][info][gc,reloc    ] GC(9) Y: Medium Pages:                   1            0            0          16M          16M           0M 
[2026-04-03T03:18:13.985+0600][13.537s][info][gc,reloc    ] GC(9) Y: Large Pages:                    0            0            0           0M           0M           0M 
[2026-04-03T03:18:13.985+0600][13.537s][info][gc,reloc    ] GC(9) Y: Forwarding Usage: 0M
[2026-04-03T03:18:13.985+0600][13.537s][info][gc,reloc    ] GC(9) Y: Age Table:
[2026-04-03T03:18:13.985+0600][13.537s][info][gc,reloc    ] GC(9) Y:                    Live             Garbage             Small              Medium             Large        
[2026-04-03T03:18:13.985+0600][13.537s][info][gc,reloc    ] GC(9) Y: Eden               0M (0%)           39M (4%)          12 / 11             1 / 0              0 / 0        
[2026-04-03T03:18:13.985+0600][13.537s][info][gc,reloc    ] GC(9) Y: Survivor 1         0M (0%)            7M (1%)           4 / 4              0 / 0              0 / 0        
[2026-04-03T03:18:13.985+0600][13.537s][info][gc,reloc    ] GC(9) Y: Survivor 2         0M (0%)            3M (0%)           2 / 1              0 / 0              0 / 0        
[2026-04-03T03:18:13.985+0600][13.537s][info][gc,heap     ] GC(9) Y: Min Capacity: 8M(1%)
[2026-04-03T03:18:13.985+0600][13.537s][info][gc,heap     ] GC(9) Y: Max Capacity: 1000M(100%)
[2026-04-03T03:18:13.985+0600][13.537s][info][gc,heap     ] GC(9) Y: Soft Max Capacity: 1000M(100%)
[2026-04-03T03:18:13.985+0600][13.537s][info][gc,heap     ] GC(9) Y: Heap Statistics:
[2026-04-03T03:18:13.985+0600][13.537s][info][gc,heap     ] GC(9) Y:                Mark Start          Mark End        Relocate Start      Relocate End           High               Low         
[2026-04-03T03:18:13.985+0600][13.537s][info][gc,heap     ] GC(9) Y:  Capacity:      882M (88%)         882M (88%)         882M (88%)         882M (88%)         882M (88%)         882M (88%)    
[2026-04-03T03:18:13.985+0600][13.537s][info][gc,heap     ] GC(9) Y:      Free:      896M (90%)         894M (89%)         910M (91%)         928M (93%)         928M (93%)         894M (89%)    
[2026-04-03T03:18:13.985+0600][13.537s][info][gc,heap     ] GC(9) Y:      Used:      104M (10%)         106M (11%)          90M (9%)           72M (7%)          106M (11%)          72M (7%)     
[2026-04-03T03:18:13.985+0600][13.537s][info][gc,heap     ] GC(9) Y: Young Generation Statistics:
[2026-04-03T03:18:13.985+0600][13.537s][info][gc,heap     ] GC(9) Y:                Mark Start          Mark End        Relocate Start      Relocate End    
[2026-04-03T03:18:13.985+0600][13.537s][info][gc,heap     ] GC(9) Y:      Used:       52M (5%)           54M (5%)           38M (4%)           20M (2%)     
[2026-04-03T03:18:13.985+0600][13.537s][info][gc,heap     ] GC(9) Y:      Live:         -                 2M (0%)            2M (0%)            2M (0%)     
[2026-04-03T03:18:13.985+0600][13.537s][info][gc,heap     ] GC(9) Y:   Garbage:         -                49M (5%)           33M (3%)            1M (0%)     
[2026-04-03T03:18:13.985+0600][13.537s][info][gc,heap     ] GC(9) Y: Allocated:         -                 2M (0%)            2M (0%)           16M (2%)     
[2026-04-03T03:18:13.985+0600][13.537s][info][gc,heap     ] GC(9) Y: Reclaimed:         -                  -                16M (2%)           48M (5%)     
[2026-04-03T03:18:13.985+0600][13.537s][info][gc,heap     ] GC(9) Y:  Promoted:         -                  -                 0M (0%)            0M (0%)     
[2026-04-03T03:18:13.985+0600][13.537s][info][gc,heap     ] GC(9) Y: Compacted:         -                  -                  -                 1M (0%)     
[2026-04-03T03:18:13.985+0600][13.537s][info][gc,phases   ] GC(9) Y: Young Generation 104M(10%)->72M(7%) 0.014s
[2026-04-03T03:18:13.985+0600][13.537s][info][gc,phases   ] GC(9) O: Old Generation
[2026-04-03T03:18:14.019+0600][13.571s][info][gc,phases   ] GC(9) O: Concurrent Mark 34.356ms
[2026-04-03T03:18:14.019+0600][13.572s][info][gc,phases   ] GC(9) O: Pause Mark End 0.027ms
[2026-04-03T03:18:14.020+0600][13.572s][info][gc,phases   ] GC(9) O: Concurrent Mark Free 0.001ms
[2026-04-03T03:18:14.026+0600][13.579s][info][gc,phases   ] GC(9) O: Concurrent Process Non-Strong 6.932ms
[2026-04-03T03:18:14.027+0600][13.579s][info][gc,phases   ] GC(9) O: Concurrent Reset Relocation Set 0.004ms
[2026-04-03T03:18:14.032+0600][13.584s][info][gc,phases   ] GC(9) O: Concurrent Select Relocation Set 5.310ms
[2026-04-03T03:18:14.032+0600][13.584s][info][gc,task     ] GC(9) O: Using 3 Workers for Old Generation
[2026-04-03T03:18:14.051+0600][13.603s][info][gc,task     ] GC(9) O: Using 2 Workers for Old Generation
[2026-04-03T03:18:14.051+0600][13.603s][info][gc,phases   ] GC(9) O: Concurrent Remap Roots 19.248ms
[2026-04-03T03:18:14.051+0600][13.604s][info][gc,phases   ] GC(9) O: Pause Relocate Start 0.025ms
[2026-04-03T03:18:14.055+0600][13.607s][info][gc,phases   ] GC(9) O: Concurrent Relocate 3.663ms
[2026-04-03T03:18:14.055+0600][13.608s][info][gc,alloc    ] GC(9) O:                         Mark Start        Mark End      Relocate Start    Relocate End   
[2026-04-03T03:18:14.055+0600][13.608s][info][gc,alloc    ] GC(9) O: Allocation Stalls:          0                0                0                0         
[2026-04-03T03:18:14.055+0600][13.608s][info][gc,load     ] GC(9) O: Load: 4.09 (34%) / 4.95 (41%) / 5.50 (46%)
[2026-04-03T03:18:14.055+0600][13.608s][info][gc,mmu      ] GC(9) O: MMU: 2ms/93.5%, 5ms/97.4%, 10ms/98.7%, 20ms/99.4%, 50ms/99.7%, 100ms/99.8%
[2026-04-03T03:18:14.055+0600][13.608s][info][gc,marking  ] GC(9) O: Mark: 2 stripe(s), 2 proactive flush(es), 1 terminate flush(es), 0 completion(s), 0 continuation(s) 
[2026-04-03T03:18:14.055+0600][13.608s][info][gc,marking  ] GC(9) O: Mark Stack Usage: 32M
[2026-04-03T03:18:14.055+0600][13.608s][info][gc,nmethod  ] GC(9) O: NMethods: 3424 registered, 299 unregistered
[2026-04-03T03:18:14.055+0600][13.608s][info][gc,metaspace] GC(9) O: Metaspace: 55M used, 56M committed, 1088M reserved
[2026-04-03T03:18:14.055+0600][13.608s][info][gc,ref      ] GC(9) O:                       Encountered   Discovered     Enqueued 
[2026-04-03T03:18:14.055+0600][13.608s][info][gc,ref      ] GC(9) O: Soft References:             4169            0            0 
[2026-04-03T03:18:14.055+0600][13.608s][info][gc,ref      ] GC(9) O: Weak References:             3852          746            1 
[2026-04-03T03:18:14.055+0600][13.608s][info][gc,ref      ] GC(9) O: Final References:              82            0            0 
[2026-04-03T03:18:14.055+0600][13.608s][info][gc,ref      ] GC(9) O: Phantom References:           587          440            0 
[2026-04-03T03:18:14.055+0600][13.608s][info][gc,reloc    ] GC(9) O:                        Candidates     Selected     In-Place         Size        Empty    Relocated 
[2026-04-03T03:18:14.055+0600][13.608s][info][gc,reloc    ] GC(9) O: Small Pages:                   16            3            0          32M           0M           1M 
[2026-04-03T03:18:14.055+0600][13.608s][info][gc,reloc    ] GC(9) O: Medium Pages:                   1            0            0          16M           0M           0M 
[2026-04-03T03:18:14.056+0600][13.608s][info][gc,reloc    ] GC(9) O: Large Pages:                    1            0            0           4M           0M           0M 
[2026-04-03T03:18:14.056+0600][13.608s][info][gc,reloc    ] GC(9) O: Forwarding Usage: 0M
[2026-04-03T03:18:14.056+0600][13.608s][info][gc,heap     ] GC(9) O: Min Capacity: 8M(1%)
[2026-04-03T03:18:14.056+0600][13.608s][info][gc,heap     ] GC(9) O: Max Capacity: 1000M(100%)
[2026-04-03T03:18:14.056+0600][13.608s][info][gc,heap     ] GC(9) O: Soft Max Capacity: 1000M(100%)
[2026-04-03T03:18:14.056+0600][13.608s][info][gc,heap     ] GC(9) O: Heap Statistics:
[2026-04-03T03:18:14.056+0600][13.608s][info][gc,heap     ] GC(9) O:                Mark Start          Mark End        Relocate Start      Relocate End           High               Low         
[2026-04-03T03:18:14.056+0600][13.608s][info][gc,heap     ] GC(9) O:  Capacity:      882M (88%)         882M (88%)         882M (88%)         882M (88%)         882M (88%)         882M (88%)    
[2026-04-03T03:18:14.056+0600][13.608s][info][gc,heap     ] GC(9) O:      Free:      896M (90%)         920M (92%)         914M (91%)         914M (91%)         928M (93%)         894M (89%)    
[2026-04-03T03:18:14.056+0600][13.608s][info][gc,heap     ] GC(9) O:      Used:      104M (10%)          80M (8%)           86M (9%)           86M (9%)          106M (11%)          72M (7%)     
[2026-04-03T03:18:14.056+0600][13.608s][info][gc,heap     ] GC(9) O: Old Generation Statistics:
[2026-04-03T03:18:14.056+0600][13.608s][info][gc,heap     ] GC(9) O:                Mark Start          Mark End        Relocate Start      Relocate End    
[2026-04-03T03:18:14.056+0600][13.608s][info][gc,heap     ] GC(9) O:      Used:       52M (5%)           52M (5%)           52M (5%)           52M (5%)     
[2026-04-03T03:18:14.056+0600][13.608s][info][gc,heap     ] GC(9) O:      Live:         -                31M (3%)           31M (3%)           31M (3%)     
[2026-04-03T03:18:14.056+0600][13.608s][info][gc,heap     ] GC(9) O:   Garbage:         -                20M (2%)           20M (2%)           14M (1%)     
[2026-04-03T03:18:14.056+0600][13.608s][info][gc,heap     ] GC(9) O: Allocated:         -                 0M (0%)            0M (0%)            6M (1%)     
[2026-04-03T03:18:14.056+0600][13.608s][info][gc,heap     ] GC(9) O: Reclaimed:         -                  -                 0M (0%)            6M (1%)     
[2026-04-03T03:18:14.056+0600][13.608s][info][gc,heap     ] GC(9) O: Compacted:         -                  -                  -                 1M (0%)     
[2026-04-03T03:18:14.056+0600][13.608s][info][gc,phases   ] GC(9) O: Old Generation 72M(7%)->86M(9%) 0.070s
[2026-04-03T03:18:14.056+0600][13.608s][info][gc          ] GC(9) Major Collection (Allocation Rate) 104M(10%)->86M(9%) 0.085s
[2026-04-03T03:18:14.069+0600][13.621s][info][gc          ] GC(10) Major Collection (System.gc())
[2026-04-03T03:18:14.069+0600][13.621s][info][gc,task     ] GC(10) Using 3 Workers for Young Generation
[2026-04-03T03:18:14.069+0600][13.621s][info][gc,task     ] GC(10) Using 3 Workers for Old Generation
[2026-04-03T03:18:14.069+0600][13.621s][info][gc,phases   ] GC(10) Y: Young Generation (Promote All)
[2026-04-03T03:18:14.069+0600][13.621s][info][gc,phases   ] GC(10) Y: Pause Mark Start 0.022ms
[2026-04-03T03:18:14.082+0600][13.634s][info][gc,phases   ] GC(10) Y: Concurrent Mark 12.535ms
[2026-04-03T03:18:14.082+0600][13.634s][info][gc,phases   ] GC(10) Y: Pause Mark End 0.024ms
[2026-04-03T03:18:14.082+0600][13.634s][info][gc,phases   ] GC(10) Y: Concurrent Mark Free 0.001ms
[2026-04-03T03:18:14.082+0600][13.634s][info][gc,phases   ] GC(10) Y: Concurrent Reset Relocation Set 0.005ms
[2026-04-03T03:18:14.087+0600][13.639s][info][gc,reloc    ] GC(10) Y: Using tenuring threshold: 0 (Promote All)
[2026-04-03T03:18:14.089+0600][13.641s][info][gc,phases   ] GC(10) Y: Concurrent Select Relocation Set 6.968ms
[2026-04-03T03:18:14.089+0600][13.641s][info][gc,phases   ] GC(10) Y: Pause Relocate Start 0.018ms
[2026-04-03T03:18:14.094+0600][13.647s][info][gc,phases   ] GC(10) Y: Concurrent Relocate 5.114ms
[2026-04-03T03:18:14.095+0600][13.647s][info][gc,alloc    ] GC(10) Y:                         Mark Start        Mark End      Relocate Start    Relocate End   
[2026-04-03T03:18:14.095+0600][13.647s][info][gc,alloc    ] GC(10) Y: Allocation Stalls:          0                0                0                0         
[2026-04-03T03:18:14.095+0600][13.647s][info][gc,load     ] GC(10) Y: Load: 4.09 (34%) / 4.95 (41%) / 5.50 (46%)
[2026-04-03T03:18:14.095+0600][13.647s][info][gc,mmu      ] GC(10) Y: MMU: 2ms/93.5%, 5ms/97.4%, 10ms/98.7%, 20ms/99.4%, 50ms/99.7%, 100ms/99.8%
[2026-04-03T03:18:14.095+0600][13.647s][info][gc,marking  ] GC(10) Y: Mark: 2 stripe(s), 2 proactive flush(es), 1 terminate flush(es), 0 completion(s), 0 continuation(s) 
[2026-04-03T03:18:14.095+0600][13.647s][info][gc,marking  ] GC(10) Y: Mark Stack Usage: 32M
[2026-04-03T03:18:14.095+0600][13.647s][info][gc,nmethod  ] GC(10) Y: NMethods: 3441 registered, 299 unregistered
[2026-04-03T03:18:14.095+0600][13.647s][info][gc,metaspace] GC(10) Y: Metaspace: 55M used, 56M committed, 1088M reserved
[2026-04-03T03:18:14.095+0600][13.647s][info][gc,reloc    ] GC(10) Y:                        Candidates     Selected     In-Place         Size        Empty    Relocated 
[2026-04-03T03:18:14.095+0600][13.647s][info][gc,reloc    ] GC(10) Y: Small Pages:                   18           15            0          36M           2M           2M 
[2026-04-03T03:18:14.095+0600][13.647s][info][gc,reloc    ] GC(10) Y: Medium Pages:                   0            0            0           0M           0M           0M 
[2026-04-03T03:18:14.095+0600][13.647s][info][gc,reloc    ] GC(10) Y: Large Pages:                    0            0            0           0M           0M           0M 
[2026-04-03T03:18:14.095+0600][13.647s][info][gc,reloc    ] GC(10) Y: Forwarding Usage: 0M
[2026-04-03T03:18:14.095+0600][13.647s][info][gc,reloc    ] GC(10) Y: Age Table:
[2026-04-03T03:18:14.095+0600][13.647s][info][gc,reloc    ] GC(10) Y:                    Live             Garbage             Small              Medium             Large        
[2026-04-03T03:18:14.095+0600][13.647s][info][gc,reloc    ] GC(10) Y: Eden               0M (0%)           17M (2%)           9 / 9              0 / 0              0 / 0        
[2026-04-03T03:18:14.095+0600][13.647s][info][gc,reloc    ] GC(10) Y: Survivor 1         0M (0%)            7M (1%)           4 / 3              0 / 0              0 / 0        
[2026-04-03T03:18:14.095+0600][13.647s][info][gc,reloc    ] GC(10) Y: Survivor 2         0M (0%)            5M (1%)           3 / 1              0 / 0              0 / 0        
[2026-04-03T03:18:14.095+0600][13.647s][info][gc,reloc    ] GC(10) Y: Survivor 3         0M (0%)            3M (0%)           2 / 2              0 / 0              0 / 0        
[2026-04-03T03:18:14.095+0600][13.647s][info][gc,heap     ] GC(10) Y: Min Capacity: 8M(1%)
[2026-04-03T03:18:14.095+0600][13.647s][info][gc,heap     ] GC(10) Y: Max Capacity: 1000M(100%)
[2026-04-03T03:18:14.095+0600][13.647s][info][gc,heap     ] GC(10) Y: Soft Max Capacity: 1000M(100%)
[2026-04-03T03:18:14.095+0600][13.647s][info][gc,heap     ] GC(10) Y: Heap Statistics:
[2026-04-03T03:18:14.095+0600][13.647s][info][gc,heap     ] GC(10) Y:                Mark Start          Mark End        Relocate Start      Relocate End           High               Low         
[2026-04-03T03:18:14.095+0600][13.647s][info][gc,heap     ] GC(10) Y:  Capacity:      882M (88%)         882M (88%)         882M (88%)         882M (88%)         882M (88%)         882M (88%)    
[2026-04-03T03:18:14.095+0600][13.647s][info][gc,heap     ] GC(10) Y:      Free:      912M (91%)         912M (91%)         914M (91%)         940M (94%)         940M (94%)         910M (91%)    
[2026-04-03T03:18:14.095+0600][13.647s][info][gc,heap     ] GC(10) Y:      Used:       88M (9%)           88M (9%)           86M (9%)           60M (6%)           90M (9%)           60M (6%)     
[2026-04-03T03:18:14.095+0600][13.647s][info][gc,heap     ] GC(10) Y: Young Generation Statistics:
[2026-04-03T03:18:14.095+0600][13.647s][info][gc,heap     ] GC(10) Y:                Mark Start          Mark End        Relocate Start      Relocate End    
[2026-04-03T03:18:14.095+0600][13.647s][info][gc,heap     ] GC(10) Y:      Used:       36M (4%)           36M (4%)           34M (3%)            0M (0%)     
[2026-04-03T03:18:14.095+0600][13.647s][info][gc,heap     ] GC(10) Y:      Live:         -                 2M (0%)            2M (0%)            0M (0%)     
[2026-04-03T03:18:14.095+0600][13.647s][info][gc,heap     ] GC(10) Y:   Garbage:         -                33M (3%)           31M (3%)            0M (0%)     
[2026-04-03T03:18:14.095+0600][13.647s][info][gc,heap     ] GC(10) Y: Allocated:         -                 0M (0%)            0M (0%)            0M (0%)     
[2026-04-03T03:18:14.095+0600][13.647s][info][gc,heap     ] GC(10) Y: Reclaimed:         -                  -                 2M (0%)           33M (3%)     
[2026-04-03T03:18:14.095+0600][13.647s][info][gc,heap     ] GC(10) Y:  Promoted:         -                  -                 0M (0%)            2M (0%)     
[2026-04-03T03:18:14.095+0600][13.647s][info][gc,heap     ] GC(10) Y: Compacted:         -                  -                  -                 0M (0%)     
[2026-04-03T03:18:14.095+0600][13.647s][info][gc,phases   ] GC(10) Y: Young Generation (Promote All) 88M(9%)->60M(6%) 0.026s
[2026-04-03T03:18:14.095+0600][13.647s][info][gc,phases   ] GC(10) Y: Young Generation (Collect Roots)
[2026-04-03T03:18:14.095+0600][13.647s][info][gc,phases   ] GC(10) Y: Pause Mark Start (Major) 0.025ms
[2026-04-03T03:18:14.102+0600][13.654s][info][gc,phases   ] GC(10) Y: Concurrent Mark 6.458ms
[2026-04-03T03:18:14.102+0600][13.654s][info][gc,phases   ] GC(10) Y: Pause Mark End 0.021ms
[2026-04-03T03:18:14.103+0600][13.655s][info][gc,phases   ] GC(10) Y: Concurrent Mark Free 1.068ms
[2026-04-03T03:18:14.103+0600][13.655s][info][gc,phases   ] GC(10) Y: Concurrent Reset Relocation Set 0.005ms
[2026-04-03T03:18:14.105+0600][13.657s][info][gc,reloc    ] GC(10) Y: Using tenuring threshold: 0 (Computed)
[2026-04-03T03:18:14.105+0600][13.657s][info][gc,phases   ] GC(10) Y: Concurrent Select Relocation Set 2.338ms
[2026-04-03T03:18:14.105+0600][13.658s][info][gc,phases   ] GC(10) Y: Pause Relocate Start 0.015ms
[2026-04-03T03:18:14.106+0600][13.658s][info][gc,phases   ] GC(10) Y: Concurrent Relocate 0.096ms
[2026-04-03T03:18:14.106+0600][13.658s][info][gc,alloc    ] GC(10) Y:                         Mark Start        Mark End      Relocate Start    Relocate End   
[2026-04-03T03:18:14.106+0600][13.658s][info][gc,alloc    ] GC(10) Y: Allocation Stalls:          0                0                0                0         
[2026-04-03T03:18:14.106+0600][13.658s][info][gc,load     ] GC(10) Y: Load: 4.09 (34%) / 4.95 (41%) / 5.50 (46%)
[2026-04-03T03:18:14.106+0600][13.658s][info][gc,mmu      ] GC(10) Y: MMU: 2ms/93.5%, 5ms/97.4%, 10ms/98.7%, 20ms/99.4%, 50ms/99.7%, 100ms/99.8%
[2026-04-03T03:18:14.106+0600][13.658s][info][gc,marking  ] GC(10) Y: Mark: 2 stripe(s), 1 proactive flush(es), 1 terminate flush(es), 0 completion(s), 0 continuation(s) 
[2026-04-03T03:18:14.106+0600][13.658s][info][gc,marking  ] GC(10) Y: Mark Stack Usage: 0M
[2026-04-03T03:18:14.106+0600][13.658s][info][gc,nmethod  ] GC(10) Y: NMethods: 3441 registered, 299 unregistered
[2026-04-03T03:18:14.106+0600][13.658s][info][gc,metaspace] GC(10) Y: Metaspace: 55M used, 56M committed, 1088M reserved
[2026-04-03T03:18:14.106+0600][13.658s][info][gc,heap     ] GC(10) Y: Min Capacity: 8M(1%)
[2026-04-03T03:18:14.106+0600][13.658s][info][gc,heap     ] GC(10) Y: Max Capacity: 1000M(100%)
[2026-04-03T03:18:14.106+0600][13.658s][info][gc,heap     ] GC(10) Y: Soft Max Capacity: 1000M(100%)
[2026-04-03T03:18:14.106+0600][13.658s][info][gc,heap     ] GC(10) Y: Heap Statistics:
[2026-04-03T03:18:14.106+0600][13.658s][info][gc,heap     ] GC(10) Y:                Mark Start          Mark End        Relocate Start      Relocate End           High               Low         
[2026-04-03T03:18:14.106+0600][13.658s][info][gc,heap     ] GC(10) Y:  Capacity:      882M (88%)         882M (88%)         882M (88%)         882M (88%)         882M (88%)         882M (88%)    
[2026-04-03T03:18:14.106+0600][13.658s][info][gc,heap     ] GC(10) Y:      Free:      940M (94%)         940M (94%)         940M (94%)         940M (94%)         940M (94%)         940M (94%)    
[2026-04-03T03:18:14.106+0600][13.658s][info][gc,heap     ] GC(10) Y:      Used:       60M (6%)           60M (6%)           60M (6%)           60M (6%)           60M (6%)           60M (6%)     
[2026-04-03T03:18:14.106+0600][13.658s][info][gc,heap     ] GC(10) Y: Young Generation Statistics:
[2026-04-03T03:18:14.106+0600][13.658s][info][gc,heap     ] GC(10) Y:                Mark Start          Mark End        Relocate Start      Relocate End    
[2026-04-03T03:18:14.106+0600][13.658s][info][gc,heap     ] GC(10) Y:      Used:        0M (0%)            0M (0%)            0M (0%)            0M (0%)     
[2026-04-03T03:18:14.106+0600][13.658s][info][gc,heap     ] GC(10) Y:      Live:         -                 0M (0%)            0M (0%)            0M (0%)     
[2026-04-03T03:18:14.106+0600][13.658s][info][gc,heap     ] GC(10) Y:   Garbage:         -                 0M (0%)            0M (0%)            0M (0%)     
[2026-04-03T03:18:14.106+0600][13.658s][info][gc,heap     ] GC(10) Y: Allocated:         -                 0M (0%)            0M (0%)            0M (0%)     
[2026-04-03T03:18:14.106+0600][13.658s][info][gc,heap     ] GC(10) Y: Reclaimed:         -                  -                 0M (0%)            0M (0%)     
[2026-04-03T03:18:14.106+0600][13.658s][info][gc,heap     ] GC(10) Y:  Promoted:         -                  -                 0M (0%)            0M (0%)     
[2026-04-03T03:18:14.106+0600][13.658s][info][gc,heap     ] GC(10) Y: Compacted:         -                  -                  -                 0M (0%)     
[2026-04-03T03:18:14.106+0600][13.658s][info][gc,phases   ] GC(10) Y: Young Generation (Collect Roots) 60M(6%)->60M(6%) 0.011s
[2026-04-03T03:18:14.106+0600][13.658s][info][gc,phases   ] GC(10) O: Old Generation
[2026-04-03T03:18:14.132+0600][13.684s][info][gc,phases   ] GC(10) O: Concurrent Mark 26.262ms
[2026-04-03T03:18:14.132+0600][13.685s][info][gc,phases   ] GC(10) O: Pause Mark End 0.025ms
[2026-04-03T03:18:14.132+0600][13.685s][info][gc,phases   ] GC(10) O: Concurrent Mark Free 0.001ms
[2026-04-03T03:18:14.137+0600][13.689s][info][gc,phases   ] GC(10) O: Concurrent Process Non-Strong 4.228ms
[2026-04-03T03:18:14.137+0600][13.689s][info][gc,phases   ] GC(10) O: Concurrent Reset Relocation Set 0.002ms
[2026-04-03T03:18:14.141+0600][13.693s][info][gc,phases   ] GC(10) O: Concurrent Select Relocation Set 4.496ms
[2026-04-03T03:18:14.141+0600][13.694s][info][gc,task     ] GC(10) O: Using 3 Workers for Old Generation
[2026-04-03T03:18:14.155+0600][13.707s][info][gc,task     ] GC(10) O: Using 3 Workers for Old Generation
[2026-04-03T03:18:14.155+0600][13.707s][info][gc,phases   ] GC(10) O: Concurrent Remap Roots 13.368ms
[2026-04-03T03:18:14.155+0600][13.707s][info][gc,phases   ] GC(10) O: Pause Relocate Start 0.024ms
[2026-04-03T03:18:14.157+0600][13.709s][info][gc,phases   ] GC(10) O: Concurrent Relocate 1.828ms
[2026-04-03T03:18:14.157+0600][13.709s][info][gc,alloc    ] GC(10) O:                         Mark Start        Mark End      Relocate Start    Relocate End   
[2026-04-03T03:18:14.157+0600][13.709s][info][gc,alloc    ] GC(10) O: Allocation Stalls:          0                0                0                0         
[2026-04-03T03:18:14.157+0600][13.709s][info][gc,load     ] GC(10) O: Load: 4.09 (34%) / 4.95 (41%) / 5.50 (46%)
[2026-04-03T03:18:14.157+0600][13.709s][info][gc,mmu      ] GC(10) O: MMU: 2ms/93.5%, 5ms/97.4%, 10ms/98.7%, 20ms/99.4%, 50ms/99.7%, 100ms/99.8%
[2026-04-03T03:18:14.157+0600][13.709s][info][gc,marking  ] GC(10) O: Mark: 2 stripe(s), 2 proactive flush(es), 1 terminate flush(es), 0 completion(s), 0 continuation(s) 
[2026-04-03T03:18:14.157+0600][13.709s][info][gc,marking  ] GC(10) O: Mark Stack Usage: 32M
[2026-04-03T03:18:14.157+0600][13.709s][info][gc,nmethod  ] GC(10) O: NMethods: 3431 registered, 309 unregistered
[2026-04-03T03:18:14.157+0600][13.709s][info][gc,metaspace] GC(10) O: Metaspace: 55M used, 56M committed, 1088M reserved
[2026-04-03T03:18:14.157+0600][13.709s][info][gc,ref      ] GC(10) O:                       Encountered   Discovered     Enqueued 
[2026-04-03T03:18:14.157+0600][13.709s][info][gc,ref      ] GC(10) O: Soft References:             4282            0            0 
[2026-04-03T03:18:14.157+0600][13.709s][info][gc,ref      ] GC(10) O: Weak References:             4034         1381          410 
[2026-04-03T03:18:14.157+0600][13.709s][info][gc,ref      ] GC(10) O: Final References:              82           48            0 
[2026-04-03T03:18:14.157+0600][13.709s][info][gc,ref      ] GC(10) O: Phantom References:           587          434            1 
[2026-04-03T03:18:14.157+0600][13.709s][info][gc,reloc    ] GC(10) O:                        Candidates     Selected     In-Place         Size        Empty    Relocated 
[2026-04-03T03:18:14.157+0600][13.709s][info][gc,reloc    ] GC(10) O: Small Pages:                   20            4            0          40M           2M           1M 
[2026-04-03T03:18:14.157+0600][13.709s][info][gc,reloc    ] GC(10) O: Medium Pages:                   1            0            0          16M           0M           0M 
[2026-04-03T03:18:14.157+0600][13.709s][info][gc,reloc    ] GC(10) O: Large Pages:                    1            0            0           4M           0M           0M 
[2026-04-03T03:18:14.157+0600][13.709s][info][gc,reloc    ] GC(10) O: Forwarding Usage: 0M
[2026-04-03T03:18:14.157+0600][13.709s][info][gc,heap     ] GC(10) O: Min Capacity: 8M(1%)
[2026-04-03T03:18:14.157+0600][13.709s][info][gc,heap     ] GC(10) O: Max Capacity: 1000M(100%)
[2026-04-03T03:18:14.157+0600][13.709s][info][gc,heap     ] GC(10) O: Soft Max Capacity: 1000M(100%)
[2026-04-03T03:18:14.157+0600][13.709s][info][gc,heap     ] GC(10) O: Heap Statistics:
[2026-04-03T03:18:14.157+0600][13.709s][info][gc,heap     ] GC(10) O:                Mark Start          Mark End        Relocate Start      Relocate End           High               Low         
[2026-04-03T03:18:14.157+0600][13.709s][info][gc,heap     ] GC(10) O:  Capacity:      882M (88%)         882M (88%)         882M (88%)         882M (88%)         882M (88%)         882M (88%)    
[2026-04-03T03:18:14.157+0600][13.709s][info][gc,heap     ] GC(10) O:      Free:      940M (94%)         938M (94%)         938M (94%)         942M (94%)         942M (94%)         934M (93%)    
[2026-04-03T03:18:14.157+0600][13.709s][info][gc,heap     ] GC(10) O:      Used:       60M (6%)           62M (6%)           62M (6%)           58M (6%)           66M (7%)           58M (6%)     
[2026-04-03T03:18:14.157+0600][13.710s][info][gc,heap     ] GC(10) O: Old Generation Statistics:
[2026-04-03T03:18:14.157+0600][13.710s][info][gc,heap     ] GC(10) O:                Mark Start          Mark End        Relocate Start      Relocate End    
[2026-04-03T03:18:14.157+0600][13.710s][info][gc,heap     ] GC(10) O:      Used:       60M (6%)           60M (6%)           58M (6%)           54M (5%)     
[2026-04-03T03:18:14.157+0600][13.710s][info][gc,heap     ] GC(10) O:      Live:         -                34M (3%)           34M (3%)           34M (3%)     
[2026-04-03T03:18:14.157+0600][13.710s][info][gc,heap     ] GC(10) O:   Garbage:         -                25M (3%)           23M (2%)           15M (2%)     
[2026-04-03T03:18:14.157+0600][13.710s][info][gc,heap     ] GC(10) O: Allocated:         -                 0M (0%)            0M (0%)            4M (0%)     
[2026-04-03T03:18:14.157+0600][13.710s][info][gc,heap     ] GC(10) O: Reclaimed:         -                  -                 2M (0%)           10M (1%)     
[2026-04-03T03:18:14.157+0600][13.710s][info][gc,heap     ] GC(10) O: Compacted:         -                  -                  -                 1M (0%)     
[2026-04-03T03:18:14.157+0600][13.710s][info][gc,phases   ] GC(10) O: Old Generation 60M(6%)->58M(6%) 0.051s
[2026-04-03T03:18:14.157+0600][13.710s][info][gc          ] GC(10) Major Collection (System.gc()) 88M(9%)->58M(6%) 0.089s
[2026-04-03T03:18:16.431+0600][15.983s][info][gc          ] GC(11) Major Collection (Allocation Rate)
[2026-04-03T03:18:16.431+0600][15.983s][info][gc,task     ] GC(11) Using 2 Workers for Young Generation
[2026-04-03T03:18:16.431+0600][15.983s][info][gc,task     ] GC(11) Using 2 Workers for Old Generation
[2026-04-03T03:18:16.431+0600][15.983s][info][gc,phases   ] GC(11) Y: Young Generation
[2026-04-03T03:18:16.431+0600][15.983s][info][gc,phases   ] GC(11) Y: Pause Mark Start (Major) 0.022ms
[2026-04-03T03:18:16.453+0600][16.005s][info][gc,phases   ] GC(11) Y: Concurrent Mark 21.605ms
[2026-04-03T03:18:16.453+0600][16.005s][info][gc,phases   ] GC(11) Y: Pause Mark End 0.021ms
[2026-04-03T03:18:16.453+0600][16.005s][info][gc,phases   ] GC(11) Y: Concurrent Mark Free 0.002ms
[2026-04-03T03:18:16.453+0600][16.005s][info][gc,phases   ] GC(11) Y: Concurrent Reset Relocation Set 0.000ms
[2026-04-03T03:18:16.455+0600][16.007s][info][gc,reloc    ] GC(11) Y: Using tenuring threshold: 1 (Computed)
[2026-04-03T03:18:16.456+0600][16.008s][info][gc,phases   ] GC(11) Y: Concurrent Select Relocation Set 2.859ms
[2026-04-03T03:18:16.456+0600][16.009s][info][gc,phases   ] GC(11) Y: Pause Relocate Start 0.014ms
[2026-04-03T03:18:16.461+0600][16.014s][info][gc,phases   ] GC(11) Y: Concurrent Relocate 4.910ms
[2026-04-03T03:18:16.461+0600][16.014s][info][gc,alloc    ] GC(11) Y:                         Mark Start        Mark End      Relocate Start    Relocate End   
[2026-04-03T03:18:16.461+0600][16.014s][info][gc,alloc    ] GC(11) Y: Allocation Stalls:          0                0                0                0         
[2026-04-03T03:18:16.461+0600][16.014s][info][gc,load     ] GC(11) Y: Load: 4.00 (33%) / 4.92 (41%) / 5.49 (46%)
[2026-04-03T03:18:16.461+0600][16.014s][info][gc,mmu      ] GC(11) Y: MMU: 2ms/93.5%, 5ms/97.4%, 10ms/98.7%, 20ms/99.4%, 50ms/99.7%, 100ms/99.8%
[2026-04-03T03:18:16.461+0600][16.014s][info][gc,marking  ] GC(11) Y: Mark: 2 stripe(s), 7 proactive flush(es), 1 terminate flush(es), 0 completion(s), 0 continuation(s) 
[2026-04-03T03:18:16.461+0600][16.014s][info][gc,marking  ] GC(11) Y: Mark Stack Usage: 32M
[2026-04-03T03:18:16.461+0600][16.014s][info][gc,nmethod  ] GC(11) Y: NMethods: 4451 registered, 309 unregistered
[2026-04-03T03:18:16.461+0600][16.014s][info][gc,metaspace] GC(11) Y: Metaspace: 64M used, 65M committed, 1088M reserved
[2026-04-03T03:18:16.461+0600][16.014s][info][gc,reloc    ] GC(11) Y:                        Candidates     Selected     In-Place         Size        Empty    Relocated 
[2026-04-03T03:18:16.461+0600][16.014s][info][gc,reloc    ] GC(11) Y: Small Pages:                  194           83            0         388M         214M           5M 
[2026-04-03T03:18:16.461+0600][16.014s][info][gc,reloc    ] GC(11) Y: Medium Pages:                   1            0            0          16M          16M           0M 
[2026-04-03T03:18:16.461+0600][16.014s][info][gc,reloc    ] GC(11) Y: Large Pages:                    1            0            0           6M           6M           0M 
[2026-04-03T03:18:16.461+0600][16.014s][info][gc,reloc    ] GC(11) Y: Forwarding Usage: 1M
[2026-04-03T03:18:16.461+0600][16.014s][info][gc,reloc    ] GC(11) Y: Age Table:
[2026-04-03T03:18:16.461+0600][16.014s][info][gc,reloc    ] GC(11) Y:                    Live             Garbage             Small              Medium             Large        
[2026-04-03T03:18:16.461+0600][16.014s][info][gc,reloc    ] GC(11) Y: Eden               6M (1%)          403M (40%)        194 / 83             1 / 0              1 / 0        
[2026-04-03T03:18:16.462+0600][16.014s][info][gc,heap     ] GC(11) Y: Min Capacity: 8M(1%)
[2026-04-03T03:18:16.462+0600][16.014s][info][gc,heap     ] GC(11) Y: Max Capacity: 1000M(100%)
[2026-04-03T03:18:16.462+0600][16.014s][info][gc,heap     ] GC(11) Y: Soft Max Capacity: 1000M(100%)
[2026-04-03T03:18:16.462+0600][16.014s][info][gc,heap     ] GC(11) Y: Heap Statistics:
[2026-04-03T03:18:16.462+0600][16.014s][info][gc,heap     ] GC(11) Y:                Mark Start          Mark End        Relocate Start      Relocate End           High               Low         
[2026-04-03T03:18:16.462+0600][16.014s][info][gc,heap     ] GC(11) Y:  Capacity:      882M (88%)         882M (88%)         882M (88%)         882M (88%)         882M (88%)         882M (88%)    
[2026-04-03T03:18:16.462+0600][16.014s][info][gc,heap     ] GC(11) Y:      Free:      536M (54%)         482M (48%)         712M (71%)         860M (86%)         862M (86%)         482M (48%)    
[2026-04-03T03:18:16.462+0600][16.014s][info][gc,heap     ] GC(11) Y:      Used:      464M (46%)         518M (52%)         288M (29%)         140M (14%)         518M (52%)         138M (14%)    
[2026-04-03T03:18:16.462+0600][16.014s][info][gc,heap     ] GC(11) Y: Young Generation Statistics:
[2026-04-03T03:18:16.462+0600][16.014s][info][gc,heap     ] GC(11) Y:                Mark Start          Mark End        Relocate Start      Relocate End    
[2026-04-03T03:18:16.462+0600][16.014s][info][gc,heap     ] GC(11) Y:      Used:      410M (41%)         464M (46%)         234M (23%)          86M (9%)     
[2026-04-03T03:18:16.462+0600][16.014s][info][gc,heap     ] GC(11) Y:      Live:         -                 6M (1%)            6M (1%)            6M (1%)     
[2026-04-03T03:18:16.462+0600][16.014s][info][gc,heap     ] GC(11) Y:   Garbage:         -               403M (40%)         167M (17%)           0M (0%)     
[2026-04-03T03:18:16.462+0600][16.014s][info][gc,heap     ] GC(11) Y: Allocated:         -                54M (5%)           60M (6%)           79M (8%)     
[2026-04-03T03:18:16.462+0600][16.014s][info][gc,heap     ] GC(11) Y: Reclaimed:         -                  -               236M (24%)         403M (40%)    
[2026-04-03T03:18:16.462+0600][16.014s][info][gc,heap     ] GC(11) Y:  Promoted:         -                  -                 0M (0%)            0M (0%)     
[2026-04-03T03:18:16.462+0600][16.014s][info][gc,heap     ] GC(11) Y: Compacted:         -                  -                  -                 6M (1%)     
[2026-04-03T03:18:16.462+0600][16.014s][info][gc,phases   ] GC(11) Y: Young Generation 464M(46%)->140M(14%) 0.031s
[2026-04-03T03:18:16.462+0600][16.014s][info][gc,phases   ] GC(11) O: Old Generation
[2026-04-03T03:18:16.498+0600][16.050s][info][gc,phases   ] GC(11) O: Concurrent Mark 36.344ms
[2026-04-03T03:18:16.498+0600][16.050s][info][gc,phases   ] GC(11) O: Pause Mark End 0.027ms
[2026-04-03T03:18:16.498+0600][16.051s][info][gc,phases   ] GC(11) O: Concurrent Mark Free 0.001ms
[2026-04-03T03:18:16.507+0600][16.060s][info][gc,phases   ] GC(11) O: Concurrent Process Non-Strong 8.911ms
[2026-04-03T03:18:16.507+0600][16.060s][info][gc,phases   ] GC(11) O: Concurrent Reset Relocation Set 0.003ms
[2026-04-03T03:18:16.510+0600][16.062s][info][gc,phases   ] GC(11) O: Concurrent Select Relocation Set 2.211ms
[2026-04-03T03:18:16.510+0600][16.062s][info][gc,task     ] GC(11) O: Using 3 Workers for Old Generation
[2026-04-03T03:18:16.529+0600][16.081s][info][gc,task     ] GC(11) O: Using 2 Workers for Old Generation
[2026-04-03T03:18:16.529+0600][16.081s][info][gc,phases   ] GC(11) O: Concurrent Remap Roots 19.412ms
[2026-04-03T03:18:16.529+0600][16.082s][info][gc,phases   ] GC(11) O: Pause Relocate Start 0.048ms
[2026-04-03T03:18:16.532+0600][16.084s][info][gc,phases   ] GC(11) O: Concurrent Relocate 2.209ms
[2026-04-03T03:18:16.532+0600][16.084s][info][gc,alloc    ] GC(11) O:                         Mark Start        Mark End      Relocate Start    Relocate End   
[2026-04-03T03:18:16.532+0600][16.084s][info][gc,alloc    ] GC(11) O: Allocation Stalls:          0                0                0                0         
[2026-04-03T03:18:16.532+0600][16.084s][info][gc,load     ] GC(11) O: Load: 4.00 (33%) / 4.92 (41%) / 5.49 (46%)
[2026-04-03T03:18:16.532+0600][16.084s][info][gc,mmu      ] GC(11) O: MMU: 2ms/93.5%, 5ms/97.4%, 10ms/98.7%, 20ms/99.4%, 50ms/99.7%, 100ms/99.8%
[2026-04-03T03:18:16.532+0600][16.084s][info][gc,marking  ] GC(11) O: Mark: 2 stripe(s), 2 proactive flush(es), 1 terminate flush(es), 0 completion(s), 0 continuation(s) 
[2026-04-03T03:18:16.532+0600][16.084s][info][gc,marking  ] GC(11) O: Mark Stack Usage: 32M
[2026-04-03T03:18:16.532+0600][16.084s][info][gc,nmethod  ] GC(11) O: NMethods: 4234 registered, 539 unregistered
[2026-04-03T03:18:16.532+0600][16.084s][info][gc,metaspace] GC(11) O: Metaspace: 64M used, 65M committed, 1088M reserved
[2026-04-03T03:18:16.532+0600][16.084s][info][gc,ref      ] GC(11) O:                       Encountered   Discovered     Enqueued 
[2026-04-03T03:18:16.532+0600][16.084s][info][gc,ref      ] GC(11) O: Soft References:             4766            0            0 
[2026-04-03T03:18:16.532+0600][16.084s][info][gc,ref      ] GC(11) O: Weak References:             5905         2024            0 
[2026-04-03T03:18:16.532+0600][16.084s][info][gc,ref      ] GC(11) O: Final References:              82           48            0 
[2026-04-03T03:18:16.532+0600][16.084s][info][gc,ref      ] GC(11) O: Phantom References:           605          396            0 
[2026-04-03T03:18:16.532+0600][16.084s][info][gc,reloc    ] GC(11) O:                        Candidates     Selected     In-Place         Size        Empty    Relocated 
[2026-04-03T03:18:16.532+0600][16.084s][info][gc,reloc    ] GC(11) O: Small Pages:                   17            2            0          34M           0M           1M 
[2026-04-03T03:18:16.532+0600][16.084s][info][gc,reloc    ] GC(11) O: Medium Pages:                   1            0            0          16M           0M           0M 
[2026-04-03T03:18:16.532+0600][16.084s][info][gc,reloc    ] GC(11) O: Large Pages:                    1            0            0           4M           0M           0M 
[2026-04-03T03:18:16.532+0600][16.084s][info][gc,reloc    ] GC(11) O: Forwarding Usage: 0M
[2026-04-03T03:18:16.532+0600][16.084s][info][gc,heap     ] GC(11) O: Min Capacity: 8M(1%)
[2026-04-03T03:18:16.532+0600][16.084s][info][gc,heap     ] GC(11) O: Max Capacity: 1000M(100%)
[2026-04-03T03:18:16.532+0600][16.084s][info][gc,heap     ] GC(11) O: Soft Max Capacity: 1000M(100%)
[2026-04-03T03:18:16.532+0600][16.084s][info][gc,heap     ] GC(11) O: Heap Statistics:
[2026-04-03T03:18:16.532+0600][16.084s][info][gc,heap     ] GC(11) O:                Mark Start          Mark End        Relocate Start      Relocate End           High               Low         
[2026-04-03T03:18:16.532+0600][16.084s][info][gc,heap     ] GC(11) O:  Capacity:      882M (88%)         882M (88%)         882M (88%)         882M (88%)         882M (88%)         882M (88%)    
[2026-04-03T03:18:16.532+0600][16.084s][info][gc,heap     ] GC(11) O:      Free:      536M (54%)         776M (78%)         712M (71%)         704M (70%)         862M (86%)         482M (48%)    
[2026-04-03T03:18:16.532+0600][16.084s][info][gc,heap     ] GC(11) O:      Used:      464M (46%)         224M (22%)         288M (29%)         296M (30%)         518M (52%)         138M (14%)    
[2026-04-03T03:18:16.532+0600][16.084s][info][gc,heap     ] GC(11) O: Old Generation Statistics:
[2026-04-03T03:18:16.532+0600][16.084s][info][gc,heap     ] GC(11) O:                Mark Start          Mark End        Relocate Start      Relocate End    
[2026-04-03T03:18:16.532+0600][16.084s][info][gc,heap     ] GC(11) O:      Used:       54M (5%)           54M (5%)           54M (5%)           58M (6%)     
[2026-04-03T03:18:16.532+0600][16.084s][info][gc,heap     ] GC(11) O:      Live:         -                34M (3%)           34M (3%)           34M (3%)     
[2026-04-03T03:18:16.532+0600][16.084s][info][gc,heap     ] GC(11) O:   Garbage:         -                19M (2%)           19M (2%)           15M (2%)     
[2026-04-03T03:18:16.532+0600][16.084s][info][gc,heap     ] GC(11) O: Allocated:         -                 0M (0%)            0M (0%)            8M (1%)     
[2026-04-03T03:18:16.532+0600][16.084s][info][gc,heap     ] GC(11) O: Reclaimed:         -                  -                 0M (0%)            4M (0%)     
[2026-04-03T03:18:16.532+0600][16.084s][info][gc,heap     ] GC(11) O: Compacted:         -                  -                  -                 1M (0%)     
[2026-04-03T03:18:16.532+0600][16.084s][info][gc,phases   ] GC(11) O: Old Generation 140M(14%)->296M(30%) 0.070s
[2026-04-03T03:18:16.532+0600][16.084s][info][gc          ] GC(11) Major Collection (Allocation Rate) 464M(46%)->296M(30%) 0.101s
[2026-04-03T03:18:16.621+0600][16.173s][info][gc          ] GC(12) Minor Collection (Allocation Rate)
[2026-04-03T03:18:16.621+0600][16.173s][info][gc,task     ] GC(12) Using 2 Workers for Young Generation
[2026-04-03T03:18:16.621+0600][16.173s][info][gc,phases   ] GC(12) y: Young Generation
[2026-04-03T03:18:16.621+0600][16.173s][info][gc,phases   ] GC(12) y: Pause Mark Start 0.019ms
[2026-04-03T03:18:16.641+0600][16.194s][info][gc,phases   ] GC(12) y: Concurrent Mark 20.099ms
[2026-04-03T03:18:16.641+0600][16.194s][info][gc,phases   ] GC(12) y: Pause Mark End 0.022ms
[2026-04-03T03:18:16.642+0600][16.194s][info][gc,phases   ] GC(12) y: Concurrent Mark Free 0.001ms
[2026-04-03T03:18:16.642+0600][16.194s][info][gc,phases   ] GC(12) y: Concurrent Reset Relocation Set 0.017ms
[2026-04-03T03:18:16.647+0600][16.199s][info][gc,reloc    ] GC(12) y: Using tenuring threshold: 1 (Computed)
[2026-04-03T03:18:16.651+0600][16.204s][info][gc,phases   ] GC(12) y: Concurrent Select Relocation Set 9.746ms
[2026-04-03T03:18:16.652+0600][16.204s][info][gc,phases   ] GC(12) y: Pause Relocate Start 0.018ms
[2026-04-03T03:18:16.659+0600][16.211s][info][gc,phases   ] GC(12) y: Concurrent Relocate 6.868ms
[2026-04-03T03:18:16.659+0600][16.211s][info][gc,alloc    ] GC(12) y:                         Mark Start        Mark End      Relocate Start    Relocate End   
[2026-04-03T03:18:16.659+0600][16.211s][info][gc,alloc    ] GC(12) y: Allocation Stalls:          0                0                0                0         
[2026-04-03T03:18:16.659+0600][16.211s][info][gc,load     ] GC(12) y: Load: 4.00 (33%) / 4.92 (41%) / 5.49 (46%)
[2026-04-03T03:18:16.659+0600][16.211s][info][gc,mmu      ] GC(12) y: MMU: 2ms/93.5%, 5ms/97.4%, 10ms/98.7%, 20ms/99.4%, 50ms/99.7%, 100ms/99.8%
[2026-04-03T03:18:16.659+0600][16.211s][info][gc,marking  ] GC(12) y: Mark: 2 stripe(s), 7 proactive flush(es), 1 terminate flush(es), 0 completion(s), 0 continuation(s) 
[2026-04-03T03:18:16.659+0600][16.211s][info][gc,marking  ] GC(12) y: Mark Stack Usage: 32M
[2026-04-03T03:18:16.659+0600][16.211s][info][gc,nmethod  ] GC(12) y: NMethods: 4257 registered, 539 unregistered
[2026-04-03T03:18:16.659+0600][16.211s][info][gc,metaspace] GC(12) y: Metaspace: 64M used, 65M committed, 1088M reserved
[2026-04-03T03:18:16.659+0600][16.211s][info][gc,reloc    ] GC(12) y:                        Candidates     Selected     In-Place         Size        Empty    Relocated 
[2026-04-03T03:18:16.659+0600][16.211s][info][gc,reloc    ] GC(12) y: Small Pages:                  241            8            0         482M         458M           1M 
[2026-04-03T03:18:16.659+0600][16.211s][info][gc,reloc    ] GC(12) y: Medium Pages:                   0            0            0           0M           0M           0M 
[2026-04-03T03:18:16.659+0600][16.211s][info][gc,reloc    ] GC(12) y: Large Pages:                    0            0            0           0M           0M           0M 
[2026-04-03T03:18:16.659+0600][16.211s][info][gc,reloc    ] GC(12) y: Forwarding Usage: 0M
[2026-04-03T03:18:16.659+0600][16.211s][info][gc,reloc    ] GC(12) y: Age Table:
[2026-04-03T03:18:16.659+0600][16.211s][info][gc,reloc    ] GC(12) y:                    Live             Garbage             Small              Medium             Large        
[2026-04-03T03:18:16.659+0600][16.211s][info][gc,reloc    ] GC(12) y: Eden               0M (0%)          465M (47%)        233 / 3              0 / 0              0 / 0        
[2026-04-03T03:18:16.659+0600][16.211s][info][gc,reloc    ] GC(12) y: Survivor 1         6M (1%)            9M (1%)           8 / 5              0 / 0              0 / 0        
[2026-04-03T03:18:16.659+0600][16.211s][info][gc,heap     ] GC(12) y: Min Capacity: 8M(1%)
[2026-04-03T03:18:16.659+0600][16.211s][info][gc,heap     ] GC(12) y: Max Capacity: 1000M(100%)
[2026-04-03T03:18:16.659+0600][16.211s][info][gc,heap     ] GC(12) y: Soft Max Capacity: 1000M(100%)
[2026-04-03T03:18:16.659+0600][16.211s][info][gc,heap     ] GC(12) y: Heap Statistics:
[2026-04-03T03:18:16.659+0600][16.211s][info][gc,heap     ] GC(12) y:                Mark Start          Mark End        Relocate Start      Relocate End           High               Low         
[2026-04-03T03:18:16.659+0600][16.211s][info][gc,heap     ] GC(12) y:  Capacity:      882M (88%)         882M (88%)         882M (88%)         882M (88%)         882M (88%)         882M (88%)    
[2026-04-03T03:18:16.659+0600][16.211s][info][gc,heap     ] GC(12) y:      Free:      460M (46%)         408M (41%)         842M (84%)         834M (83%)         854M (85%)         408M (41%)    
[2026-04-03T03:18:16.659+0600][16.211s][info][gc,heap     ] GC(12) y:      Used:      540M (54%)         592M (59%)         158M (16%)         166M (17%)         592M (59%)         146M (15%)    
[2026-04-03T03:18:16.659+0600][16.211s][info][gc,heap     ] GC(12) y: Young Generation Statistics:
[2026-04-03T03:18:16.659+0600][16.211s][info][gc,heap     ] GC(12) y:                Mark Start          Mark End        Relocate Start      Relocate End    
[2026-04-03T03:18:16.659+0600][16.211s][info][gc,heap     ] GC(12) y:      Used:      482M (48%)         534M (53%)          94M (9%)           98M (10%)    
[2026-04-03T03:18:16.659+0600][16.211s][info][gc,heap     ] GC(12) y:      Live:         -                 6M (1%)            1M (0%)            0M (0%)     
[2026-04-03T03:18:16.659+0600][16.211s][info][gc,heap     ] GC(12) y:   Garbage:         -               475M (48%)          16M (2%)            0M (0%)     
[2026-04-03T03:18:16.659+0600][16.211s][info][gc,heap     ] GC(12) y: Allocated:         -                52M (5%)           76M (8%)           97M (10%)    
[2026-04-03T03:18:16.659+0600][16.211s][info][gc,heap     ] GC(12) y: Reclaimed:         -                  -               458M (46%)         475M (48%)    
[2026-04-03T03:18:16.659+0600][16.211s][info][gc,heap     ] GC(12) y:  Promoted:         -                  -                 5M (1%)            6M (1%)     
[2026-04-03T03:18:16.659+0600][16.211s][info][gc,heap     ] GC(12) y: Compacted:         -                  -                  -                 0M (0%)     
[2026-04-03T03:18:16.659+0600][16.211s][info][gc,phases   ] GC(12) y: Young Generation 540M(54%)->166M(17%) 0.038s
[2026-04-03T03:18:16.659+0600][16.211s][info][gc          ] GC(12) Minor Collection (Allocation Rate) 540M(54%)->168M(17%) 0.038s
[2026-04-03T03:18:16.666+0600][16.218s][info][gc          ] GC(13) Minor Collection (Allocation Rate)
[2026-04-03T03:18:16.666+0600][16.218s][info][gc,task     ] GC(13) Using 3 Workers for Young Generation
[2026-04-03T03:18:16.666+0600][16.218s][info][gc,phases   ] GC(13) y: Young Generation
[2026-04-03T03:18:16.666+0600][16.218s][info][gc,phases   ] GC(13) y: Pause Mark Start 0.046ms
[2026-04-03T03:18:16.673+0600][16.225s][info][gc,phases   ] GC(13) y: Concurrent Mark 6.700ms
[2026-04-03T03:18:16.673+0600][16.225s][info][gc,phases   ] GC(13) y: Pause Mark End 0.050ms
[2026-04-03T03:18:16.673+0600][16.225s][info][gc,phases   ] GC(13) y: Concurrent Mark Free 0.001ms
[2026-04-03T03:18:16.673+0600][16.225s][info][gc,phases   ] GC(13) y: Concurrent Reset Relocation Set 0.012ms
[2026-04-03T03:18:16.678+0600][16.230s][info][gc,reloc    ] GC(13) y: Using tenuring threshold: 1 (Computed)
[2026-04-03T03:18:16.678+0600][16.230s][info][gc,phases   ] GC(13) y: Concurrent Select Relocation Set 5.092ms
[2026-04-03T03:18:16.678+0600][16.231s][info][gc,phases   ] GC(13) y: Pause Relocate Start 0.022ms
[2026-04-03T03:18:16.679+0600][16.231s][info][gc,phases   ] GC(13) y: Concurrent Relocate 0.095ms
[2026-04-03T03:18:16.679+0600][16.231s][info][gc,alloc    ] GC(13) y:                         Mark Start        Mark End      Relocate Start    Relocate End   
[2026-04-03T03:18:16.679+0600][16.231s][info][gc,alloc    ] GC(13) y: Allocation Stalls:          0                0                0                0         
[2026-04-03T03:18:16.679+0600][16.231s][info][gc,load     ] GC(13) y: Load: 4.00 (33%) / 4.92 (41%) / 5.49 (46%)
[2026-04-03T03:18:16.679+0600][16.231s][info][gc,mmu      ] GC(13) y: MMU: 2ms/93.5%, 5ms/97.4%, 10ms/98.7%, 20ms/99.4%, 50ms/99.7%, 100ms/99.8%
[2026-04-03T03:18:16.679+0600][16.231s][info][gc,marking  ] GC(13) y: Mark: 2 stripe(s), 2 proactive flush(es), 1 terminate flush(es), 0 completion(s), 0 continuation(s) 
[2026-04-03T03:18:16.679+0600][16.231s][info][gc,marking  ] GC(13) y: Mark Stack Usage: 32M
[2026-04-03T03:18:16.679+0600][16.231s][info][gc,nmethod  ] GC(13) y: NMethods: 4257 registered, 539 unregistered
[2026-04-03T03:18:16.679+0600][16.231s][info][gc,metaspace] GC(13) y: Metaspace: 64M used, 65M committed, 1088M reserved
[2026-04-03T03:18:16.679+0600][16.231s][info][gc,reloc    ] GC(13) y:                        Candidates     Selected     In-Place         Size        Empty    Relocated 
[2026-04-03T03:18:16.679+0600][16.231s][info][gc,reloc    ] GC(13) y: Small Pages:                   59            5            0         118M         106M           0M 
[2026-04-03T03:18:16.679+0600][16.231s][info][gc,reloc    ] GC(13) y: Medium Pages:                   0            0            0           0M           0M           0M 
[2026-04-03T03:18:16.679+0600][16.231s][info][gc,reloc    ] GC(13) y: Large Pages:                    0            0            0           0M           0M           0M 
[2026-04-03T03:18:16.679+0600][16.231s][info][gc,reloc    ] GC(13) y: Forwarding Usage: 0M
[2026-04-03T03:18:16.679+0600][16.231s][info][gc,reloc    ] GC(13) y: Age Table:
[2026-04-03T03:18:16.679+0600][16.231s][info][gc,reloc    ] GC(13) y:                    Live             Garbage             Small              Medium             Large        
[2026-04-03T03:18:16.679+0600][16.231s][info][gc,reloc    ] GC(13) y: Eden               0M (0%)          113M (11%)         57 / 5              0 / 0              0 / 0        
[2026-04-03T03:18:16.679+0600][16.231s][info][gc,reloc    ] GC(13) y: Survivor 1          -                 4M (0%)           2 / 0              0 / 0              0 / 0        
[2026-04-03T03:18:16.679+0600][16.231s][info][gc,heap     ] GC(13) y: Min Capacity: 8M(1%)
[2026-04-03T03:18:16.679+0600][16.231s][info][gc,heap     ] GC(13) y: Max Capacity: 1000M(100%)
[2026-04-03T03:18:16.679+0600][16.231s][info][gc,heap     ] GC(13) y: Soft Max Capacity: 1000M(100%)
[2026-04-03T03:18:16.679+0600][16.231s][info][gc,heap     ] GC(13) y: Heap Statistics:
[2026-04-03T03:18:16.679+0600][16.231s][info][gc,heap     ] GC(13) y:                Mark Start          Mark End        Relocate Start      Relocate End           High               Low         
[2026-04-03T03:18:16.679+0600][16.231s][info][gc,heap     ] GC(13) y:  Capacity:      882M (88%)         882M (88%)         882M (88%)         882M (88%)         882M (88%)         882M (88%)    
[2026-04-03T03:18:16.679+0600][16.231s][info][gc,heap     ] GC(13) y:      Free:      814M (81%)         796M (80%)         888M (89%)         894M (89%)         896M (90%)         782M (78%)    
[2026-04-03T03:18:16.679+0600][16.231s][info][gc,heap     ] GC(13) y:      Used:      186M (19%)         204M (20%)         112M (11%)         106M (11%)         218M (22%)         104M (10%)    
[2026-04-03T03:18:16.679+0600][16.231s][info][gc,heap     ] GC(13) y: Young Generation Statistics:
[2026-04-03T03:18:16.679+0600][16.231s][info][gc,heap     ] GC(13) y:                Mark Start          Mark End        Relocate Start      Relocate End    
[2026-04-03T03:18:16.679+0600][16.231s][info][gc,heap     ] GC(13) y:      Used:      118M (12%)         136M (14%)          44M (4%)           38M (4%)     
[2026-04-03T03:18:16.679+0600][16.231s][info][gc,heap     ] GC(13) y:      Live:         -                 0M (0%)            0M (0%)            0M (0%)     
[2026-04-03T03:18:16.679+0600][16.231s][info][gc,heap     ] GC(13) y:   Garbage:         -               117M (12%)          11M (1%)            0M (0%)     
[2026-04-03T03:18:16.679+0600][16.231s][info][gc,heap     ] GC(13) y: Allocated:         -                18M (2%)           32M (3%)           37M (4%)     
[2026-04-03T03:18:16.679+0600][16.231s][info][gc,heap     ] GC(13) y: Reclaimed:         -                  -               106M (11%)         117M (12%)    
[2026-04-03T03:18:16.679+0600][16.231s][info][gc,heap     ] GC(13) y:  Promoted:         -                  -                 0M (0%)            0M (0%)     
[2026-04-03T03:18:16.679+0600][16.231s][info][gc,heap     ] GC(13) y: Compacted:         -                  -                  -                 0M (0%)     
[2026-04-03T03:18:16.679+0600][16.231s][info][gc,phases   ] GC(13) y: Young Generation 186M(19%)->106M(11%) 0.013s
[2026-04-03T03:18:16.679+0600][16.231s][info][gc          ] GC(13) Minor Collection (Allocation Rate) 184M(18%)->108M(11%) 0.014s
[2026-04-03T03:18:16.686+0600][16.239s][info][gc          ] GC(14) Minor Collection (Allocation Rate)
[2026-04-03T03:18:16.686+0600][16.239s][info][gc,task     ] GC(14) Using 3 Workers for Young Generation
[2026-04-03T03:18:16.686+0600][16.239s][info][gc,phases   ] GC(14) y: Young Generation
[2026-04-03T03:18:16.687+0600][16.239s][info][gc,phases   ] GC(14) y: Pause Mark Start 0.037ms
[2026-04-03T03:18:16.693+0600][16.246s][info][gc,phases   ] GC(14) y: Concurrent Mark 6.761ms
[2026-04-03T03:18:16.694+0600][16.246s][info][gc,phases   ] GC(14) y: Pause Mark End 0.024ms
[2026-04-03T03:18:16.694+0600][16.246s][info][gc,phases   ] GC(14) y: Concurrent Mark Free 0.001ms
[2026-04-03T03:18:16.694+0600][16.246s][info][gc,phases   ] GC(14) y: Concurrent Reset Relocation Set 0.002ms
[2026-04-03T03:18:16.698+0600][16.250s][info][gc,reloc    ] GC(14) y: Using tenuring threshold: 2 (Computed)
[2026-04-03T03:18:16.698+0600][16.251s][info][gc,phases   ] GC(14) y: Concurrent Select Relocation Set 4.650ms
[2026-04-03T03:18:16.699+0600][16.251s][info][gc,phases   ] GC(14) y: Pause Relocate Start 0.027ms
[2026-04-03T03:18:16.699+0600][16.251s][info][gc,phases   ] GC(14) y: Concurrent Relocate 0.102ms
[2026-04-03T03:18:16.699+0600][16.251s][info][gc,alloc    ] GC(14) y:                         Mark Start        Mark End      Relocate Start    Relocate End   
[2026-04-03T03:18:16.699+0600][16.251s][info][gc,alloc    ] GC(14) y: Allocation Stalls:          0                0                0                0         
[2026-04-03T03:18:16.699+0600][16.251s][info][gc,load     ] GC(14) y: Load: 4.00 (33%) / 4.92 (41%) / 5.49 (46%)
[2026-04-03T03:18:16.699+0600][16.251s][info][gc,mmu      ] GC(14) y: MMU: 2ms/93.5%, 5ms/97.4%, 10ms/98.7%, 20ms/99.4%, 50ms/99.5%, 100ms/99.7%
[2026-04-03T03:18:16.699+0600][16.251s][info][gc,marking  ] GC(14) y: Mark: 2 stripe(s), 2 proactive flush(es), 1 terminate flush(es), 0 completion(s), 0 continuation(s) 
[2026-04-03T03:18:16.699+0600][16.251s][info][gc,marking  ] GC(14) y: Mark Stack Usage: 32M
[2026-04-03T03:18:16.699+0600][16.251s][info][gc,nmethod  ] GC(14) y: NMethods: 4258 registered, 539 unregistered
[2026-04-03T03:18:16.699+0600][16.251s][info][gc,metaspace] GC(14) y: Metaspace: 64M used, 65M committed, 1088M reserved
[2026-04-03T03:18:16.699+0600][16.251s][info][gc,reloc    ] GC(14) y:                        Candidates     Selected     In-Place         Size        Empty    Relocated 
[2026-04-03T03:18:16.699+0600][16.251s][info][gc,reloc    ] GC(14) y: Small Pages:                   29            5            0          58M          46M           0M 
[2026-04-03T03:18:16.699+0600][16.251s][info][gc,reloc    ] GC(14) y: Medium Pages:                   0            0            0           0M           0M           0M 
[2026-04-03T03:18:16.699+0600][16.251s][info][gc,reloc    ] GC(14) y: Large Pages:                    0            0            0           0M           0M           0M 
[2026-04-03T03:18:16.699+0600][16.251s][info][gc,reloc    ] GC(14) y: Forwarding Usage: 0M
[2026-04-03T03:18:16.699+0600][16.251s][info][gc,reloc    ] GC(14) y: Age Table:
[2026-04-03T03:18:16.699+0600][16.251s][info][gc,reloc    ] GC(14) y:                    Live             Garbage             Small              Medium             Large        
[2026-04-03T03:18:16.699+0600][16.251s][info][gc,reloc    ] GC(14) y: Eden               0M (0%)           53M (5%)          27 / 4              0 / 0              0 / 0        
[2026-04-03T03:18:16.699+0600][16.251s][info][gc,reloc    ] GC(14) y: Survivor 1         0M (0%)            3M (0%)           2 / 1              0 / 0              0 / 0        
[2026-04-03T03:18:16.699+0600][16.251s][info][gc,heap     ] GC(14) y: Min Capacity: 8M(1%)
[2026-04-03T03:18:16.699+0600][16.251s][info][gc,heap     ] GC(14) y: Max Capacity: 1000M(100%)
[2026-04-03T03:18:16.699+0600][16.251s][info][gc,heap     ] GC(14) y: Soft Max Capacity: 1000M(100%)
[2026-04-03T03:18:16.699+0600][16.251s][info][gc,heap     ] GC(14) y: Heap Statistics:
[2026-04-03T03:18:16.699+0600][16.251s][info][gc,heap     ] GC(14) y:                Mark Start          Mark End        Relocate Start      Relocate End           High               Low         
[2026-04-03T03:18:16.699+0600][16.251s][info][gc,heap     ] GC(14) y:  Capacity:      882M (88%)         882M (88%)         882M (88%)         882M (88%)         882M (88%)         882M (88%)    
[2026-04-03T03:18:16.699+0600][16.251s][info][gc,heap     ] GC(14) y:      Free:      874M (87%)         854M (85%)         888M (89%)         892M (89%)         892M (89%)         844M (84%)    
[2026-04-03T03:18:16.699+0600][16.251s][info][gc,heap     ] GC(14) y:      Used:      126M (13%)         146M (15%)         112M (11%)         108M (11%)         156M (16%)         108M (11%)    
[2026-04-03T03:18:16.699+0600][16.251s][info][gc,heap     ] GC(14) y: Young Generation Statistics:
[2026-04-03T03:18:16.699+0600][16.251s][info][gc,heap     ] GC(14) y:                Mark Start          Mark End        Relocate Start      Relocate End    
[2026-04-03T03:18:16.699+0600][16.251s][info][gc,heap     ] GC(14) y:      Used:       58M (6%)           78M (8%)           44M (4%)           40M (4%)     
[2026-04-03T03:18:16.699+0600][16.251s][info][gc,heap     ] GC(14) y:      Live:         -                 0M (0%)            0M (0%)            0M (0%)     
[2026-04-03T03:18:16.699+0600][16.251s][info][gc,heap     ] GC(14) y:   Garbage:         -                57M (6%)           11M (1%)            0M (0%)     
[2026-04-03T03:18:16.699+0600][16.251s][info][gc,heap     ] GC(14) y: Allocated:         -                20M (2%)           32M (3%)           39M (4%)     
[2026-04-03T03:18:16.699+0600][16.251s][info][gc,heap     ] GC(14) y: Reclaimed:         -                  -                46M (5%)           57M (6%)     
[2026-04-03T03:18:16.699+0600][16.251s][info][gc,heap     ] GC(14) y:  Promoted:         -                  -                 0M (0%)            0M (0%)     
[2026-04-03T03:18:16.699+0600][16.251s][info][gc,heap     ] GC(14) y: Compacted:         -                  -                  -                 0M (0%)     
[2026-04-03T03:18:16.699+0600][16.251s][info][gc,phases   ] GC(14) y: Young Generation 126M(13%)->108M(11%) 0.012s
[2026-04-03T03:18:16.699+0600][16.251s][info][gc          ] GC(14) Minor Collection (Allocation Rate) 126M(13%)->110M(11%) 0.013s
[2026-04-03T03:18:16.721+0600][16.273s][info][gc          ] GC(15) Minor Collection (Allocation Rate)
[2026-04-03T03:18:16.721+0600][16.273s][info][gc,task     ] GC(15) Using 3 Workers for Young Generation
[2026-04-03T03:18:16.721+0600][16.273s][info][gc,phases   ] GC(15) y: Young Generation
[2026-04-03T03:18:16.721+0600][16.274s][info][gc,phases   ] GC(15) y: Pause Mark Start 0.045ms
[2026-04-03T03:18:16.728+0600][16.280s][info][gc,phases   ] GC(15) y: Concurrent Mark 6.321ms
[2026-04-03T03:18:16.728+0600][16.280s][info][gc,phases   ] GC(15) y: Pause Mark End 0.020ms
[2026-04-03T03:18:16.728+0600][16.281s][info][gc,phases   ] GC(15) y: Concurrent Mark Free 0.001ms
[2026-04-03T03:18:16.728+0600][16.281s][info][gc,phases   ] GC(15) y: Concurrent Reset Relocation Set 0.002ms
[2026-04-03T03:18:16.733+0600][16.285s][info][gc,reloc    ] GC(15) y: Using tenuring threshold: 3 (Computed)
[2026-04-03T03:18:16.733+0600][16.285s][info][gc,phases   ] GC(15) y: Concurrent Select Relocation Set 4.703ms
[2026-04-03T03:18:16.733+0600][16.286s][info][gc,phases   ] GC(15) y: Pause Relocate Start 0.010ms
[2026-04-03T03:18:16.734+0600][16.286s][info][gc,phases   ] GC(15) y: Concurrent Relocate 0.114ms
[2026-04-03T03:18:16.734+0600][16.286s][info][gc,alloc    ] GC(15) y:                         Mark Start        Mark End      Relocate Start    Relocate End   
[2026-04-03T03:18:16.734+0600][16.286s][info][gc,alloc    ] GC(15) y: Allocation Stalls:          0                0                0                0         
[2026-04-03T03:18:16.734+0600][16.286s][info][gc,load     ] GC(15) y: Load: 4.00 (33%) / 4.92 (41%) / 5.49 (46%)
[2026-04-03T03:18:16.734+0600][16.286s][info][gc,mmu      ] GC(15) y: MMU: 2ms/93.5%, 5ms/97.4%, 10ms/98.7%, 20ms/99.4%, 50ms/99.5%, 100ms/99.7%
[2026-04-03T03:18:16.734+0600][16.286s][info][gc,marking  ] GC(15) y: Mark: 2 stripe(s), 2 proactive flush(es), 1 terminate flush(es), 0 completion(s), 0 continuation(s) 
[2026-04-03T03:18:16.734+0600][16.286s][info][gc,marking  ] GC(15) y: Mark Stack Usage: 32M
[2026-04-03T03:18:16.734+0600][16.286s][info][gc,nmethod  ] GC(15) y: NMethods: 4263 registered, 539 unregistered
[2026-04-03T03:18:16.734+0600][16.286s][info][gc,metaspace] GC(15) y: Metaspace: 64M used, 65M committed, 1088M reserved
[2026-04-03T03:18:16.734+0600][16.286s][info][gc,reloc    ] GC(15) y:                        Candidates     Selected     In-Place         Size        Empty    Relocated 
[2026-04-03T03:18:16.734+0600][16.286s][info][gc,reloc    ] GC(15) y: Small Pages:                   52            4            0         104M          94M           0M 
[2026-04-03T03:18:16.734+0600][16.286s][info][gc,reloc    ] GC(15) y: Medium Pages:                   0            0            0           0M           0M           0M 
[2026-04-03T03:18:16.734+0600][16.286s][info][gc,reloc    ] GC(15) y: Large Pages:                    0            0            0           0M           0M           0M 
[2026-04-03T03:18:16.734+0600][16.286s][info][gc,reloc    ] GC(15) y: Forwarding Usage: 0M
[2026-04-03T03:18:16.734+0600][16.286s][info][gc,reloc    ] GC(15) y: Age Table:
[2026-04-03T03:18:16.734+0600][16.286s][info][gc,reloc    ] GC(15) y:                    Live             Garbage             Small              Medium             Large        
[2026-04-03T03:18:16.734+0600][16.286s][info][gc,reloc    ] GC(15) y: Eden               0M (0%)           95M (10%)         48 / 3              0 / 0              0 / 0        
[2026-04-03T03:18:16.734+0600][16.286s][info][gc,reloc    ] GC(15) y: Survivor 1          -                 6M (1%)           3 / 0              0 / 0              0 / 0        
[2026-04-03T03:18:16.734+0600][16.286s][info][gc,reloc    ] GC(15) y: Survivor 2         0M (0%)            1M (0%)           1 / 1              0 / 0              0 / 0        
[2026-04-03T03:18:16.734+0600][16.286s][info][gc,heap     ] GC(15) y: Min Capacity: 8M(1%)
[2026-04-03T03:18:16.734+0600][16.286s][info][gc,heap     ] GC(15) y: Max Capacity: 1000M(100%)
[2026-04-03T03:18:16.734+0600][16.286s][info][gc,heap     ] GC(15) y: Soft Max Capacity: 1000M(100%)
[2026-04-03T03:18:16.734+0600][16.286s][info][gc,heap     ] GC(15) y: Heap Statistics:
[2026-04-03T03:18:16.734+0600][16.286s][info][gc,heap     ] GC(15) y:                Mark Start          Mark End        Relocate Start      Relocate End           High               Low         
[2026-04-03T03:18:16.734+0600][16.286s][info][gc,heap     ] GC(15) y:  Capacity:      882M (88%)         882M (88%)         882M (88%)         882M (88%)         882M (88%)         882M (88%)    
[2026-04-03T03:18:16.734+0600][16.286s][info][gc,heap     ] GC(15) y:      Free:      828M (83%)         808M (81%)         890M (89%)         894M (89%)         894M (89%)         798M (80%)    
[2026-04-03T03:18:16.734+0600][16.286s][info][gc,heap     ] GC(15) y:      Used:      172M (17%)         192M (19%)         110M (11%)         106M (11%)         202M (20%)         106M (11%)    
[2026-04-03T03:18:16.734+0600][16.286s][info][gc,heap     ] GC(15) y: Young Generation Statistics:
[2026-04-03T03:18:16.734+0600][16.286s][info][gc,heap     ] GC(15) y:                Mark Start          Mark End        Relocate Start      Relocate End    
[2026-04-03T03:18:16.734+0600][16.286s][info][gc,heap     ] GC(15) y:      Used:      104M (10%)         124M (12%)          42M (4%)           38M (4%)     
[2026-04-03T03:18:16.734+0600][16.286s][info][gc,heap     ] GC(15) y:      Live:         -                 0M (0%)            0M (0%)            0M (0%)     
[2026-04-03T03:18:16.734+0600][16.286s][info][gc,heap     ] GC(15) y:   Garbage:         -               103M (10%)           9M (1%)            0M (0%)     
[2026-04-03T03:18:16.734+0600][16.286s][info][gc,heap     ] GC(15) y: Allocated:         -                20M (2%)           32M (3%)           37M (4%)     
[2026-04-03T03:18:16.734+0600][16.286s][info][gc,heap     ] GC(15) y: Reclaimed:         -                  -                94M (9%)          103M (10%)    
[2026-04-03T03:18:16.734+0600][16.286s][info][gc,heap     ] GC(15) y:  Promoted:         -                  -                 0M (0%)            0M (0%)     
[2026-04-03T03:18:16.734+0600][16.286s][info][gc,heap     ] GC(15) y: Compacted:         -                  -                  -                 0M (0%)     
[2026-04-03T03:18:16.734+0600][16.286s][info][gc,phases   ] GC(15) y: Young Generation 172M(17%)->106M(11%) 0.012s
[2026-04-03T03:18:16.734+0600][16.286s][info][gc          ] GC(15) Minor Collection (Allocation Rate) 172M(17%)->108M(11%) 0.013s
[2026-04-03T03:18:16.819+0600][16.371s][info][gc          ] GC(16) Minor Collection (Allocation Rate)
[2026-04-03T03:18:16.819+0600][16.371s][info][gc,task     ] GC(16) Using 3 Workers for Young Generation
[2026-04-03T03:18:16.819+0600][16.371s][info][gc,phases   ] GC(16) y: Young Generation
[2026-04-03T03:18:16.819+0600][16.372s][info][gc,phases   ] GC(16) y: Pause Mark Start 0.051ms
[2026-04-03T03:18:16.826+0600][16.378s][info][gc,phases   ] GC(16) y: Concurrent Mark 6.685ms
[2026-04-03T03:18:16.826+0600][16.379s][info][gc,phases   ] GC(16) y: Pause Mark End 0.019ms
[2026-04-03T03:18:16.826+0600][16.379s][info][gc,phases   ] GC(16) y: Concurrent Mark Free 0.002ms
[2026-04-03T03:18:16.826+0600][16.379s][info][gc,phases   ] GC(16) y: Concurrent Reset Relocation Set 0.002ms
[2026-04-03T03:18:16.828+0600][16.380s][info][gc,reloc    ] GC(16) y: Using tenuring threshold: 1 (Computed)
[2026-04-03T03:18:16.828+0600][16.380s][info][gc,phases   ] GC(16) y: Concurrent Select Relocation Set 1.590ms
[2026-04-03T03:18:16.828+0600][16.380s][info][gc,phases   ] GC(16) y: Pause Relocate Start 0.010ms
[2026-04-03T03:18:16.829+0600][16.381s][info][gc,phases   ] GC(16) y: Concurrent Relocate 0.330ms
[2026-04-03T03:18:16.829+0600][16.381s][info][gc,alloc    ] GC(16) y:                         Mark Start        Mark End      Relocate Start    Relocate End   
[2026-04-03T03:18:16.829+0600][16.381s][info][gc,alloc    ] GC(16) y: Allocation Stalls:          0                0                0                0         
[2026-04-03T03:18:16.829+0600][16.381s][info][gc,load     ] GC(16) y: Load: 4.00 (33%) / 4.92 (41%) / 5.49 (46%)
[2026-04-03T03:18:16.829+0600][16.381s][info][gc,mmu      ] GC(16) y: MMU: 2ms/93.5%, 5ms/97.4%, 10ms/98.7%, 20ms/99.4%, 50ms/99.5%, 100ms/99.7%
[2026-04-03T03:18:16.829+0600][16.381s][info][gc,marking  ] GC(16) y: Mark: 2 stripe(s), 2 proactive flush(es), 1 terminate flush(es), 0 completion(s), 0 continuation(s) 
[2026-04-03T03:18:16.829+0600][16.381s][info][gc,marking  ] GC(16) y: Mark Stack Usage: 32M
[2026-04-03T03:18:16.829+0600][16.381s][info][gc,nmethod  ] GC(16) y: NMethods: 4267 registered, 539 unregistered
[2026-04-03T03:18:16.829+0600][16.381s][info][gc,metaspace] GC(16) y: Metaspace: 64M used, 65M committed, 1088M reserved
[2026-04-03T03:18:16.829+0600][16.381s][info][gc,reloc    ] GC(16) y:                        Candidates     Selected     In-Place         Size        Empty    Relocated 
[2026-04-03T03:18:16.829+0600][16.381s][info][gc,reloc    ] GC(16) y: Small Pages:                  141            7            0         282M         266M           0M 
[2026-04-03T03:18:16.829+0600][16.381s][info][gc,reloc    ] GC(16) y: Medium Pages:                   0            0            0           0M           0M           0M 
[2026-04-03T03:18:16.829+0600][16.381s][info][gc,reloc    ] GC(16) y: Large Pages:                    0            0            0           0M           0M           0M 
[2026-04-03T03:18:16.829+0600][16.381s][info][gc,reloc    ] GC(16) y: Forwarding Usage: 0M
[2026-04-03T03:18:16.829+0600][16.381s][info][gc,reloc    ] GC(16) y: Age Table:
[2026-04-03T03:18:16.829+0600][16.381s][info][gc,reloc    ] GC(16) y:                    Live             Garbage             Small              Medium             Large        
[2026-04-03T03:18:16.829+0600][16.381s][info][gc,reloc    ] GC(16) y: Eden               0M (0%)          275M (28%)        138 / 7              0 / 0              0 / 0        
[2026-04-03T03:18:16.829+0600][16.381s][info][gc,reloc    ] GC(16) y: Survivor 1          -                 4M (0%)           2 / 0              0 / 0              0 / 0        
[2026-04-03T03:18:16.829+0600][16.381s][info][gc,reloc    ] GC(16) y: Survivor 2          -                 0M (0%)           0 / 0              0 / 0              0 / 0        
[2026-04-03T03:18:16.829+0600][16.381s][info][gc,reloc    ] GC(16) y: Survivor 3          -                 2M (0%)           1 / 0              0 / 0              0 / 0        
[2026-04-03T03:18:16.829+0600][16.381s][info][gc,heap     ] GC(16) y: Min Capacity: 8M(1%)
[2026-04-03T03:18:16.829+0600][16.381s][info][gc,heap     ] GC(16) y: Max Capacity: 1000M(100%)
[2026-04-03T03:18:16.829+0600][16.381s][info][gc,heap     ] GC(16) y: Soft Max Capacity: 1000M(100%)
[2026-04-03T03:18:16.829+0600][16.381s][info][gc,heap     ] GC(16) y: Heap Statistics:
[2026-04-03T03:18:16.829+0600][16.381s][info][gc,heap     ] GC(16) y:                Mark Start          Mark End        Relocate Start      Relocate End           High               Low         
[2026-04-03T03:18:16.829+0600][16.381s][info][gc,heap     ] GC(16) y:  Capacity:      882M (88%)         882M (88%)         882M (88%)         882M (88%)         882M (88%)         882M (88%)    
[2026-04-03T03:18:16.829+0600][16.381s][info][gc,heap     ] GC(16) y:      Free:      650M (65%)         630M (63%)         890M (89%)         902M (90%)         902M (90%)         630M (63%)    
[2026-04-03T03:18:16.829+0600][16.381s][info][gc,heap     ] GC(16) y:      Used:      350M (35%)         370M (37%)         110M (11%)          98M (10%)         370M (37%)          98M (10%)    
[2026-04-03T03:18:16.829+0600][16.381s][info][gc,heap     ] GC(16) y: Young Generation Statistics:
[2026-04-03T03:18:16.829+0600][16.381s][info][gc,heap     ] GC(16) y:                Mark Start          Mark End        Relocate Start      Relocate End    
[2026-04-03T03:18:16.829+0600][16.381s][info][gc,heap     ] GC(16) y:      Used:      282M (28%)         302M (30%)          42M (4%)           30M (3%)     
[2026-04-03T03:18:16.829+0600][16.381s][info][gc,heap     ] GC(16) y:      Live:         -                 0M (0%)            0M (0%)            0M (0%)     
[2026-04-03T03:18:16.829+0600][16.381s][info][gc,heap     ] GC(16) y:   Garbage:         -               281M (28%)          15M (2%)            0M (0%)     
[2026-04-03T03:18:16.829+0600][16.381s][info][gc,heap     ] GC(16) y: Allocated:         -                20M (2%)           26M (3%)           29M (3%)     
[2026-04-03T03:18:16.829+0600][16.381s][info][gc,heap     ] GC(16) y: Reclaimed:         -                  -               266M (27%)         281M (28%)    
[2026-04-03T03:18:16.829+0600][16.381s][info][gc,heap     ] GC(16) y:  Promoted:         -                  -                 0M (0%)            0M (0%)     
[2026-04-03T03:18:16.829+0600][16.381s][info][gc,heap     ] GC(16) y: Compacted:         -                  -                  -                 0M (0%)     
[2026-04-03T03:18:16.829+0600][16.381s][info][gc,phases   ] GC(16) y: Young Generation 350M(35%)->98M(10%) 0.010s
[2026-04-03T03:18:16.829+0600][16.381s][info][gc          ] GC(16) Minor Collection (Allocation Rate) 350M(35%)->98M(10%) 0.010s
[2026-04-03T03:18:16.925+0600][16.477s][info][gc          ] GC(17) Minor Collection (Allocation Rate)
[2026-04-03T03:18:16.925+0600][16.477s][info][gc,task     ] GC(17) Using 1 Workers for Young Generation
[2026-04-03T03:18:16.925+0600][16.477s][info][gc,phases   ] GC(17) y: Young Generation
[2026-04-03T03:18:16.925+0600][16.477s][info][gc,phases   ] GC(17) y: Pause Mark Start 0.047ms
[2026-04-03T03:18:16.934+0600][16.486s][info][gc,phases   ] GC(17) y: Concurrent Mark 8.542ms
[2026-04-03T03:18:16.934+0600][16.486s][info][gc,phases   ] GC(17) y: Pause Mark End 0.021ms
[2026-04-03T03:18:16.934+0600][16.487s][info][gc,phases   ] GC(17) y: Concurrent Mark Free 0.002ms
[2026-04-03T03:18:16.934+0600][16.487s][info][gc,phases   ] GC(17) y: Concurrent Reset Relocation Set 0.002ms
[2026-04-03T03:18:16.936+0600][16.488s][info][gc,reloc    ] GC(17) y: Using tenuring threshold: 2 (Computed)
[2026-04-03T03:18:16.936+0600][16.488s][info][gc,phases   ] GC(17) y: Concurrent Select Relocation Set 1.915ms
[2026-04-03T03:18:16.936+0600][16.489s][info][gc,phases   ] GC(17) y: Pause Relocate Start 0.014ms
[2026-04-03T03:18:16.937+0600][16.489s][info][gc,phases   ] GC(17) y: Concurrent Relocate 0.169ms
[2026-04-03T03:18:16.937+0600][16.489s][info][gc,alloc    ] GC(17) y:                         Mark Start        Mark End      Relocate Start    Relocate End   
[2026-04-03T03:18:16.937+0600][16.489s][info][gc,alloc    ] GC(17) y: Allocation Stalls:          0                0                0                0         
[2026-04-03T03:18:16.937+0600][16.489s][info][gc,load     ] GC(17) y: Load: 4.00 (33%) / 4.92 (41%) / 5.49 (46%)
[2026-04-03T03:18:16.937+0600][16.489s][info][gc,mmu      ] GC(17) y: MMU: 2ms/93.5%, 5ms/97.4%, 10ms/98.7%, 20ms/99.4%, 50ms/99.5%, 100ms/99.7%
[2026-04-03T03:18:16.937+0600][16.489s][info][gc,marking  ] GC(17) y: Mark: 1 stripe(s), 2 proactive flush(es), 1 terminate flush(es), 0 completion(s), 0 continuation(s) 
[2026-04-03T03:18:16.937+0600][16.489s][info][gc,marking  ] GC(17) y: Mark Stack Usage: 32M
[2026-04-03T03:18:16.937+0600][16.489s][info][gc,nmethod  ] GC(17) y: NMethods: 4278 registered, 539 unregistered
[2026-04-03T03:18:16.937+0600][16.489s][info][gc,metaspace] GC(17) y: Metaspace: 64M used, 65M committed, 1088M reserved
[2026-04-03T03:18:16.937+0600][16.489s][info][gc,reloc    ] GC(17) y:                        Candidates     Selected     In-Place         Size        Empty    Relocated 
[2026-04-03T03:18:16.937+0600][16.489s][info][gc,reloc    ] GC(17) y: Small Pages:                  153            8            0         306M         288M           0M 
[2026-04-03T03:18:16.937+0600][16.489s][info][gc,reloc    ] GC(17) y: Medium Pages:                   0            0            0           0M           0M           0M 
[2026-04-03T03:18:16.937+0600][16.489s][info][gc,reloc    ] GC(17) y: Large Pages:                    0            0            0           0M           0M           0M 
[2026-04-03T03:18:16.937+0600][16.489s][info][gc,reloc    ] GC(17) y: Forwarding Usage: 0M
[2026-04-03T03:18:16.937+0600][16.489s][info][gc,reloc    ] GC(17) y: Age Table:
[2026-04-03T03:18:16.937+0600][16.489s][info][gc,reloc    ] GC(17) y:                    Live             Garbage             Small              Medium             Large        
[2026-04-03T03:18:16.937+0600][16.489s][info][gc,reloc    ] GC(17) y: Eden               0M (0%)          301M (30%)        151 / 7              0 / 0              0 / 0        
[2026-04-03T03:18:16.937+0600][16.489s][info][gc,reloc    ] GC(17) y: Survivor 1         0M (0%)            3M (0%)           2 / 1              0 / 0              0 / 0        
[2026-04-03T03:18:16.937+0600][16.489s][info][gc,heap     ] GC(17) y: Min Capacity: 8M(1%)
[2026-04-03T03:18:16.937+0600][16.489s][info][gc,heap     ] GC(17) y: Max Capacity: 1000M(100%)
[2026-04-03T03:18:16.937+0600][16.489s][info][gc,heap     ] GC(17) y: Soft Max Capacity: 1000M(100%)
[2026-04-03T03:18:16.937+0600][16.489s][info][gc,heap     ] GC(17) y: Heap Statistics:
[2026-04-03T03:18:16.937+0600][16.489s][info][gc,heap     ] GC(17) y:                Mark Start          Mark End        Relocate Start      Relocate End           High               Low         
[2026-04-03T03:18:16.937+0600][16.489s][info][gc,heap     ] GC(17) y:  Capacity:      882M (88%)         882M (88%)         882M (88%)         882M (88%)         882M (88%)         882M (88%)    
[2026-04-03T03:18:16.937+0600][16.489s][info][gc,heap     ] GC(17) y:      Free:      626M (63%)         602M (60%)         884M (88%)         898M (90%)         898M (90%)         602M (60%)    
[2026-04-03T03:18:16.937+0600][16.489s][info][gc,heap     ] GC(17) y:      Used:      374M (37%)         398M (40%)         116M (12%)         102M (10%)         398M (40%)         102M (10%)    
[2026-04-03T03:18:16.937+0600][16.489s][info][gc,heap     ] GC(17) y: Young Generation Statistics:
[2026-04-03T03:18:16.937+0600][16.489s][info][gc,heap     ] GC(17) y:                Mark Start          Mark End        Relocate Start      Relocate End    
[2026-04-03T03:18:16.937+0600][16.489s][info][gc,heap     ] GC(17) y:      Used:      306M (31%)         330M (33%)          48M (5%)           34M (3%)     
[2026-04-03T03:18:16.937+0600][16.489s][info][gc,heap     ] GC(17) y:      Live:         -                 0M (0%)            0M (0%)            0M (0%)     
[2026-04-03T03:18:16.937+0600][16.489s][info][gc,heap     ] GC(17) y:   Garbage:         -               305M (31%)          17M (2%)            0M (0%)     
[2026-04-03T03:18:16.937+0600][16.489s][info][gc,heap     ] GC(17) y: Allocated:         -                24M (2%)           30M (3%)           33M (3%)     
[2026-04-03T03:18:16.937+0600][16.489s][info][gc,heap     ] GC(17) y: Reclaimed:         -                  -               288M (29%)         305M (31%)    
[2026-04-03T03:18:16.937+0600][16.489s][info][gc,heap     ] GC(17) y:  Promoted:         -                  -                 0M (0%)            0M (0%)     
[2026-04-03T03:18:16.937+0600][16.489s][info][gc,heap     ] GC(17) y: Compacted:         -                  -                  -                 0M (0%)     
[2026-04-03T03:18:16.937+0600][16.489s][info][gc,phases   ] GC(17) y: Young Generation 372M(37%)->102M(10%) 0.012s
[2026-04-03T03:18:16.937+0600][16.489s][info][gc          ] GC(17) Minor Collection (Allocation Rate) 372M(37%)->102M(10%) 0.012s
[2026-04-03T03:18:17.147+0600][16.699s][info][gc          ] GC(18) Minor Collection (Allocation Rate)
[2026-04-03T03:18:17.147+0600][16.699s][info][gc,task     ] GC(18) Using 1 Workers for Young Generation
[2026-04-03T03:18:17.147+0600][16.699s][info][gc,phases   ] GC(18) y: Young Generation
[2026-04-03T03:18:17.147+0600][16.700s][info][gc,phases   ] GC(18) y: Pause Mark Start 0.023ms
[2026-04-03T03:18:17.156+0600][16.708s][info][gc,phases   ] GC(18) y: Concurrent Mark 8.229ms
[2026-04-03T03:18:17.156+0600][16.708s][info][gc,phases   ] GC(18) y: Pause Mark End 0.024ms
[2026-04-03T03:18:17.156+0600][16.708s][info][gc,phases   ] GC(18) y: Concurrent Mark Free 0.002ms
[2026-04-03T03:18:17.156+0600][16.708s][info][gc,phases   ] GC(18) y: Concurrent Reset Relocation Set 0.003ms
[2026-04-03T03:18:17.159+0600][16.711s][info][gc,reloc    ] GC(18) y: Using tenuring threshold: 3 (Computed)
[2026-04-03T03:18:17.159+0600][16.712s][info][gc,phases   ] GC(18) y: Concurrent Select Relocation Set 3.407ms
[2026-04-03T03:18:17.160+0600][16.712s][info][gc,phases   ] GC(18) y: Pause Relocate Start 0.047ms
[2026-04-03T03:18:17.160+0600][16.712s][info][gc,phases   ] GC(18) y: Concurrent Relocate 0.231ms
[2026-04-03T03:18:17.160+0600][16.712s][info][gc,alloc    ] GC(18) y:                         Mark Start        Mark End      Relocate Start    Relocate End   
[2026-04-03T03:18:17.160+0600][16.712s][info][gc,alloc    ] GC(18) y: Allocation Stalls:          0                0                0                0         
[2026-04-03T03:18:17.160+0600][16.712s][info][gc,load     ] GC(18) y: Load: 4.00 (33%) / 4.92 (41%) / 5.49 (46%)
[2026-04-03T03:18:17.160+0600][16.712s][info][gc,mmu      ] GC(18) y: MMU: 2ms/93.5%, 5ms/97.4%, 10ms/98.7%, 20ms/99.4%, 50ms/99.5%, 100ms/99.7%
[2026-04-03T03:18:17.160+0600][16.712s][info][gc,marking  ] GC(18) y: Mark: 1 stripe(s), 2 proactive flush(es), 1 terminate flush(es), 0 completion(s), 0 continuation(s) 
[2026-04-03T03:18:17.160+0600][16.712s][info][gc,marking  ] GC(18) y: Mark Stack Usage: 32M
[2026-04-03T03:18:17.160+0600][16.712s][info][gc,nmethod  ] GC(18) y: NMethods: 4295 registered, 539 unregistered
[2026-04-03T03:18:17.160+0600][16.712s][info][gc,metaspace] GC(18) y: Metaspace: 64M used, 65M committed, 1088M reserved
[2026-04-03T03:18:17.160+0600][16.712s][info][gc,reloc    ] GC(18) y:                        Candidates     Selected     In-Place         Size        Empty    Relocated 
[2026-04-03T03:18:17.160+0600][16.712s][info][gc,reloc    ] GC(18) y: Small Pages:                  317            9            0         634M         614M           0M 
[2026-04-03T03:18:17.160+0600][16.712s][info][gc,reloc    ] GC(18) y: Medium Pages:                   0            0            0           0M           0M           0M 
[2026-04-03T03:18:17.160+0600][16.712s][info][gc,reloc    ] GC(18) y: Large Pages:                    0            0            0           0M           0M           0M 
[2026-04-03T03:18:17.160+0600][16.712s][info][gc,reloc    ] GC(18) y: Forwarding Usage: 0M
[2026-04-03T03:18:17.160+0600][16.712s][info][gc,reloc    ] GC(18) y: Age Table:
[2026-04-03T03:18:17.160+0600][16.712s][info][gc,reloc    ] GC(18) y:                    Live             Garbage             Small              Medium             Large        
[2026-04-03T03:18:17.160+0600][16.712s][info][gc,reloc    ] GC(18) y: Eden               0M (0%)          629M (63%)        315 / 7              0 / 0              0 / 0        
[2026-04-03T03:18:17.160+0600][16.712s][info][gc,reloc    ] GC(18) y: Survivor 1         0M (0%)            1M (0%)           1 / 1              0 / 0              0 / 0        
[2026-04-03T03:18:17.160+0600][16.712s][info][gc,reloc    ] GC(18) y: Survivor 2         0M (0%)            1M (0%)           1 / 1              0 / 0              0 / 0        
[2026-04-03T03:18:17.160+0600][16.712s][info][gc,heap     ] GC(18) y: Min Capacity: 8M(1%)
[2026-04-03T03:18:17.160+0600][16.712s][info][gc,heap     ] GC(18) y: Max Capacity: 1000M(100%)
[2026-04-03T03:18:17.160+0600][16.712s][info][gc,heap     ] GC(18) y: Soft Max Capacity: 1000M(100%)
[2026-04-03T03:18:17.160+0600][16.712s][info][gc,heap     ] GC(18) y: Heap Statistics:
[2026-04-03T03:18:17.160+0600][16.712s][info][gc,heap     ] GC(18) y:                Mark Start          Mark End        Relocate Start      Relocate End           High               Low         
[2026-04-03T03:18:17.160+0600][16.712s][info][gc,heap     ] GC(18) y:  Capacity:      882M (88%)         882M (88%)         882M (88%)         882M (88%)         882M (88%)         882M (88%)    
[2026-04-03T03:18:17.160+0600][16.712s][info][gc,heap     ] GC(18) y:      Free:      298M (30%)         274M (27%)         876M (88%)         890M (89%)         890M (89%)         274M (27%)    
[2026-04-03T03:18:17.160+0600][16.712s][info][gc,heap     ] GC(18) y:      Used:      702M (70%)         726M (73%)         124M (12%)         110M (11%)         726M (73%)         110M (11%)    
[2026-04-03T03:18:17.160+0600][16.713s][info][gc,heap     ] GC(18) y: Young Generation Statistics:
[2026-04-03T03:18:17.160+0600][16.713s][info][gc,heap     ] GC(18) y:                Mark Start          Mark End        Relocate Start      Relocate End    
[2026-04-03T03:18:17.160+0600][16.713s][info][gc,heap     ] GC(18) y:      Used:      634M (63%)         658M (66%)          56M (6%)           42M (4%)     
[2026-04-03T03:18:17.160+0600][16.713s][info][gc,heap     ] GC(18) y:      Live:         -                 0M (0%)            0M (0%)            0M (0%)     
[2026-04-03T03:18:17.160+0600][16.713s][info][gc,heap     ] GC(18) y:   Garbage:         -               633M (63%)          19M (2%)            0M (0%)     
[2026-04-03T03:18:17.160+0600][16.713s][info][gc,heap     ] GC(18) y: Allocated:         -                24M (2%)           36M (4%)           41M (4%)     
[2026-04-03T03:18:17.160+0600][16.713s][info][gc,heap     ] GC(18) y: Reclaimed:         -                  -               614M (61%)         633M (63%)    
[2026-04-03T03:18:17.160+0600][16.713s][info][gc,heap     ] GC(18) y:  Promoted:         -                  -                 0M (0%)            0M (0%)     
[2026-04-03T03:18:17.160+0600][16.713s][info][gc,heap     ] GC(18) y: Compacted:         -                  -                  -                 0M (0%)     
[2026-04-03T03:18:17.160+0600][16.713s][info][gc,phases   ] GC(18) y: Young Generation 702M(70%)->110M(11%) 0.013s
[2026-04-03T03:18:17.160+0600][16.713s][info][gc          ] GC(18) Minor Collection (Allocation Rate) 702M(70%)->110M(11%) 0.013s
[2026-04-03T03:18:17.399+0600][16.951s][info][gc          ] GC(19) Minor Collection (Allocation Rate)
[2026-04-03T03:18:17.399+0600][16.951s][info][gc,task     ] GC(19) Using 1 Workers for Young Generation
[2026-04-03T03:18:17.399+0600][16.951s][info][gc,phases   ] GC(19) y: Young Generation
[2026-04-03T03:18:17.399+0600][16.952s][info][gc,phases   ] GC(19) y: Pause Mark Start 0.022ms
[2026-04-03T03:18:17.408+0600][16.960s][info][gc,phases   ] GC(19) y: Concurrent Mark 8.380ms
[2026-04-03T03:18:17.408+0600][16.960s][info][gc,phases   ] GC(19) y: Pause Mark End 0.021ms
[2026-04-03T03:18:17.408+0600][16.960s][info][gc,phases   ] GC(19) y: Concurrent Mark Free 0.002ms
[2026-04-03T03:18:17.408+0600][16.961s][info][gc,phases   ] GC(19) y: Concurrent Reset Relocation Set 0.002ms
[2026-04-03T03:18:17.410+0600][16.962s][info][gc,reloc    ] GC(19) y: Using tenuring threshold: 4 (Computed)
[2026-04-03T03:18:17.410+0600][16.963s][info][gc,phases   ] GC(19) y: Concurrent Select Relocation Set 2.070ms
[2026-04-03T03:18:17.411+0600][16.963s][info][gc,phases   ] GC(19) y: Pause Relocate Start 0.010ms
[2026-04-03T03:18:17.411+0600][16.963s][info][gc,phases   ] GC(19) y: Concurrent Relocate 0.215ms
[2026-04-03T03:18:17.411+0600][16.963s][info][gc,alloc    ] GC(19) y:                         Mark Start        Mark End      Relocate Start    Relocate End   
[2026-04-03T03:18:17.411+0600][16.963s][info][gc,alloc    ] GC(19) y: Allocation Stalls:          0                0                0                0         
[2026-04-03T03:18:17.411+0600][16.963s][info][gc,load     ] GC(19) y: Load: 4.00 (33%) / 4.92 (41%) / 5.49 (46%)
[2026-04-03T03:18:17.411+0600][16.963s][info][gc,mmu      ] GC(19) y: MMU: 2ms/93.5%, 5ms/97.4%, 10ms/98.7%, 20ms/99.4%, 50ms/99.5%, 100ms/99.7%
[2026-04-03T03:18:17.411+0600][16.963s][info][gc,marking  ] GC(19) y: Mark: 1 stripe(s), 2 proactive flush(es), 1 terminate flush(es), 0 completion(s), 0 continuation(s) 
[2026-04-03T03:18:17.411+0600][16.963s][info][gc,marking  ] GC(19) y: Mark Stack Usage: 32M
[2026-04-03T03:18:17.411+0600][16.963s][info][gc,nmethod  ] GC(19) y: NMethods: 4298 registered, 539 unregistered
[2026-04-03T03:18:17.411+0600][16.963s][info][gc,metaspace] GC(19) y: Metaspace: 64M used, 65M committed, 1088M reserved
[2026-04-03T03:18:17.411+0600][16.963s][info][gc,reloc    ] GC(19) y:                        Candidates     Selected     In-Place         Size        Empty    Relocated 
[2026-04-03T03:18:17.411+0600][16.963s][info][gc,reloc    ] GC(19) y: Small Pages:                  363            8            0         726M         708M           0M 
[2026-04-03T03:18:17.411+0600][16.963s][info][gc,reloc    ] GC(19) y: Medium Pages:                   0            0            0           0M           0M           0M 
[2026-04-03T03:18:17.411+0600][16.963s][info][gc,reloc    ] GC(19) y: Large Pages:                    0            0            0           0M           0M           0M 
[2026-04-03T03:18:17.411+0600][16.963s][info][gc,reloc    ] GC(19) y: Forwarding Usage: 0M
[2026-04-03T03:18:17.411+0600][16.963s][info][gc,reloc    ] GC(19) y: Age Table:
[2026-04-03T03:18:17.411+0600][16.963s][info][gc,reloc    ] GC(19) y:                    Live             Garbage             Small              Medium             Large        
[2026-04-03T03:18:17.411+0600][16.963s][info][gc,reloc    ] GC(19) y: Eden               0M (0%)          719M (72%)        360 / 5              0 / 0              0 / 0        
[2026-04-03T03:18:17.411+0600][16.963s][info][gc,reloc    ] GC(19) y: Survivor 1         0M (0%)            1M (0%)           1 / 1              0 / 0              0 / 0        
[2026-04-03T03:18:17.411+0600][16.963s][info][gc,reloc    ] GC(19) y: Survivor 2         0M (0%)            1M (0%)           1 / 1              0 / 0              0 / 0        
[2026-04-03T03:18:17.411+0600][16.963s][info][gc,reloc    ] GC(19) y: Survivor 3         0M (0%)            1M (0%)           1 / 1              0 / 0              0 / 0        
[2026-04-03T03:18:17.411+0600][16.963s][info][gc,heap     ] GC(19) y: Min Capacity: 8M(1%)
[2026-04-03T03:18:17.411+0600][16.963s][info][gc,heap     ] GC(19) y: Max Capacity: 1000M(100%)
[2026-04-03T03:18:17.411+0600][16.963s][info][gc,heap     ] GC(19) y: Soft Max Capacity: 1000M(100%)
[2026-04-03T03:18:17.411+0600][16.963s][info][gc,heap     ] GC(19) y: Heap Statistics:
[2026-04-03T03:18:17.411+0600][16.963s][info][gc,heap     ] GC(19) y:                Mark Start          Mark End        Relocate Start      Relocate End           High               Low         
[2026-04-03T03:18:17.411+0600][16.963s][info][gc,heap     ] GC(19) y:  Capacity:      882M (88%)         882M (88%)         882M (88%)         882M (88%)         882M (88%)         882M (88%)    
[2026-04-03T03:18:17.411+0600][16.963s][info][gc,heap     ] GC(19) y:      Free:      206M (21%)         180M (18%)         882M (88%)         892M (89%)         892M (89%)         180M (18%)    
[2026-04-03T03:18:17.411+0600][16.963s][info][gc,heap     ] GC(19) y:      Used:      794M (79%)         820M (82%)         118M (12%)         108M (11%)         820M (82%)         108M (11%)    
[2026-04-03T03:18:17.411+0600][16.963s][info][gc,heap     ] GC(19) y: Young Generation Statistics:
[2026-04-03T03:18:17.411+0600][16.963s][info][gc,heap     ] GC(19) y:                Mark Start          Mark End        Relocate Start      Relocate End    
[2026-04-03T03:18:17.411+0600][16.963s][info][gc,heap     ] GC(19) y:      Used:      726M (73%)         752M (75%)          50M (5%)           40M (4%)     
[2026-04-03T03:18:17.411+0600][16.963s][info][gc,heap     ] GC(19) y:      Live:         -                 0M (0%)            0M (0%)            0M (0%)     
[2026-04-03T03:18:17.411+0600][16.963s][info][gc,heap     ] GC(19) y:   Garbage:         -               725M (73%)          17M (2%)            0M (0%)     
[2026-04-03T03:18:17.411+0600][16.963s][info][gc,heap     ] GC(19) y: Allocated:         -                26M (3%)           32M (3%)           39M (4%)     
[2026-04-03T03:18:17.411+0600][16.963s][info][gc,heap     ] GC(19) y: Reclaimed:         -                  -               708M (71%)         725M (73%)    
[2026-04-03T03:18:17.411+0600][16.963s][info][gc,heap     ] GC(19) y:  Promoted:         -                  -                 0M (0%)            0M (0%)     
[2026-04-03T03:18:17.411+0600][16.963s][info][gc,heap     ] GC(19) y: Compacted:         -                  -                  -                 0M (0%)     
[2026-04-03T03:18:17.411+0600][16.963s][info][gc,phases   ] GC(19) y: Young Generation 794M(79%)->108M(11%) 0.012s
[2026-04-03T03:18:17.411+0600][16.963s][info][gc          ] GC(19) Minor Collection (Allocation Rate) 794M(79%)->108M(11%) 0.012s
[2026-04-03T03:18:17.673+0600][17.226s][info][gc          ] GC(20) Minor Collection (Allocation Rate)
[2026-04-03T03:18:17.673+0600][17.226s][info][gc,task     ] GC(20) Using 1 Workers for Young Generation
[2026-04-03T03:18:17.673+0600][17.226s][info][gc,phases   ] GC(20) y: Young Generation
[2026-04-03T03:18:17.674+0600][17.226s][info][gc,phases   ] GC(20) y: Pause Mark Start 0.025ms
[2026-04-03T03:18:17.682+0600][17.234s][info][gc,phases   ] GC(20) y: Concurrent Mark 8.202ms
[2026-04-03T03:18:17.682+0600][17.234s][info][gc,phases   ] GC(20) y: Pause Mark End 0.021ms
[2026-04-03T03:18:17.682+0600][17.234s][info][gc,phases   ] GC(20) y: Concurrent Mark Free 0.002ms
[2026-04-03T03:18:17.682+0600][17.234s][info][gc,phases   ] GC(20) y: Concurrent Reset Relocation Set 0.003ms
[2026-04-03T03:18:17.684+0600][17.236s][info][gc,reloc    ] GC(20) y: Using tenuring threshold: 5 (Computed)
[2026-04-03T03:18:17.684+0600][17.237s][info][gc,phases   ] GC(20) y: Concurrent Select Relocation Set 2.139ms
[2026-04-03T03:18:17.685+0600][17.237s][info][gc,phases   ] GC(20) y: Pause Relocate Start 0.013ms
[2026-04-03T03:18:17.685+0600][17.237s][info][gc,phases   ] GC(20) y: Concurrent Relocate 0.332ms
[2026-04-03T03:18:17.685+0600][17.237s][info][gc,alloc    ] GC(20) y:                         Mark Start        Mark End      Relocate Start    Relocate End   
[2026-04-03T03:18:17.685+0600][17.237s][info][gc,alloc    ] GC(20) y: Allocation Stalls:          0                0                0                0         
[2026-04-03T03:18:17.685+0600][17.237s][info][gc,load     ] GC(20) y: Load: 4.00 (33%) / 4.92 (41%) / 5.49 (46%)
[2026-04-03T03:18:17.685+0600][17.237s][info][gc,mmu      ] GC(20) y: MMU: 2ms/93.5%, 5ms/97.4%, 10ms/98.7%, 20ms/99.4%, 50ms/99.5%, 100ms/99.7%
[2026-04-03T03:18:17.685+0600][17.237s][info][gc,marking  ] GC(20) y: Mark: 1 stripe(s), 2 proactive flush(es), 1 terminate flush(es), 0 completion(s), 0 continuation(s) 
[2026-04-03T03:18:17.685+0600][17.237s][info][gc,marking  ] GC(20) y: Mark Stack Usage: 32M
[2026-04-03T03:18:17.685+0600][17.237s][info][gc,nmethod  ] GC(20) y: NMethods: 4308 registered, 539 unregistered
[2026-04-03T03:18:17.685+0600][17.237s][info][gc,metaspace] GC(20) y: Metaspace: 64M used, 65M committed, 1088M reserved
[2026-04-03T03:18:17.685+0600][17.237s][info][gc,reloc    ] GC(20) y:                        Candidates     Selected     In-Place         Size        Empty    Relocated 
[2026-04-03T03:18:17.685+0600][17.237s][info][gc,reloc    ] GC(20) y: Small Pages:                  388            8            0         776M         758M           0M 
[2026-04-03T03:18:17.685+0600][17.237s][info][gc,reloc    ] GC(20) y: Medium Pages:                   0            0            0           0M           0M           0M 
[2026-04-03T03:18:17.685+0600][17.237s][info][gc,reloc    ] GC(20) y: Large Pages:                    0            0            0           0M           0M           0M 
[2026-04-03T03:18:17.685+0600][17.237s][info][gc,reloc    ] GC(20) y: Forwarding Usage: 0M
[2026-04-03T03:18:17.685+0600][17.237s][info][gc,reloc    ] GC(20) y: Age Table:
[2026-04-03T03:18:17.685+0600][17.237s][info][gc,reloc    ] GC(20) y:                    Live             Garbage             Small              Medium             Large        
[2026-04-03T03:18:17.685+0600][17.237s][info][gc,reloc    ] GC(20) y: Eden               0M (0%)          767M (77%)        384 / 6              0 / 0              0 / 0        
[2026-04-03T03:18:17.685+0600][17.237s][info][gc,reloc    ] GC(20) y: Survivor 1          -                 2M (0%)           1 / 0              0 / 0              0 / 0        
[2026-04-03T03:18:17.685+0600][17.237s][info][gc,reloc    ] GC(20) y: Survivor 2         0M (0%)            1M (0%)           1 / 1              0 / 0              0 / 0        
[2026-04-03T03:18:17.685+0600][17.237s][info][gc,reloc    ] GC(20) y: Survivor 3         0M (0%)            1M (0%)           1 / 1              0 / 0              0 / 0        
[2026-04-03T03:18:17.685+0600][17.237s][info][gc,reloc    ] GC(20) y: Survivor 4         0M (0%)            1M (0%)           1 / 0              0 / 0              0 / 0        
[2026-04-03T03:18:17.685+0600][17.237s][info][gc,heap     ] GC(20) y: Min Capacity: 8M(1%)
[2026-04-03T03:18:17.685+0600][17.237s][info][gc,heap     ] GC(20) y: Max Capacity: 1000M(100%)
[2026-04-03T03:18:17.685+0600][17.237s][info][gc,heap     ] GC(20) y: Soft Max Capacity: 1000M(100%)
[2026-04-03T03:18:17.685+0600][17.237s][info][gc,heap     ] GC(20) y: Heap Statistics:
[2026-04-03T03:18:17.685+0600][17.237s][info][gc,heap     ] GC(20) y:                Mark Start          Mark End        Relocate Start      Relocate End           High               Low         
[2026-04-03T03:18:17.685+0600][17.237s][info][gc,heap     ] GC(20) y:  Capacity:      882M (88%)         882M (88%)         882M (88%)         882M (88%)         882M (88%)         882M (88%)    
[2026-04-03T03:18:17.685+0600][17.237s][info][gc,heap     ] GC(20) y:      Free:      156M (16%)         138M (14%)         892M (89%)         900M (90%)         900M (90%)         138M (14%)    
[2026-04-03T03:18:17.685+0600][17.237s][info][gc,heap     ] GC(20) y:      Used:      844M (84%)         862M (86%)         108M (11%)         100M (10%)         862M (86%)         100M (10%)    
[2026-04-03T03:18:17.685+0600][17.237s][info][gc,heap     ] GC(20) y: Young Generation Statistics:
[2026-04-03T03:18:17.685+0600][17.237s][info][gc,heap     ] GC(20) y:                Mark Start          Mark End        Relocate Start      Relocate End    
[2026-04-03T03:18:17.685+0600][17.237s][info][gc,heap     ] GC(20) y:      Used:      776M (78%)         794M (79%)          40M (4%)           32M (3%)     
[2026-04-03T03:18:17.685+0600][17.237s][info][gc,heap     ] GC(20) y:      Live:         -                 0M (0%)            0M (0%)            0M (0%)     
[2026-04-03T03:18:17.685+0600][17.237s][info][gc,heap     ] GC(20) y:   Garbage:         -               775M (78%)          17M (2%)            0M (0%)     
[2026-04-03T03:18:17.685+0600][17.237s][info][gc,heap     ] GC(20) y: Allocated:         -                18M (2%)           22M (2%)           31M (3%)     
[2026-04-03T03:18:17.685+0600][17.237s][info][gc,heap     ] GC(20) y: Reclaimed:         -                  -               758M (76%)         775M (78%)    
[2026-04-03T03:18:17.685+0600][17.237s][info][gc,heap     ] GC(20) y:  Promoted:         -                  -                 0M (0%)            0M (0%)     
[2026-04-03T03:18:17.685+0600][17.238s][info][gc,heap     ] GC(20) y: Compacted:         -                  -                  -                 0M (0%)     
[2026-04-03T03:18:17.685+0600][17.238s][info][gc,phases   ] GC(20) y: Young Generation 844M(84%)->100M(10%) 0.012s
[2026-04-03T03:18:17.685+0600][17.238s][info][gc          ] GC(20) Minor Collection (Allocation Rate) 844M(84%)->100M(10%) 0.012s
[2026-04-03T03:18:17.960+0600][17.513s][info][gc          ] GC(21) Minor Collection (Allocation Rate)
[2026-04-03T03:18:17.960+0600][17.513s][info][gc,task     ] GC(21) Using 1 Workers for Young Generation
[2026-04-03T03:18:17.960+0600][17.513s][info][gc,phases   ] GC(21) y: Young Generation
[2026-04-03T03:18:17.961+0600][17.513s][info][gc,phases   ] GC(21) y: Pause Mark Start 0.024ms
[2026-04-03T03:18:17.971+0600][17.523s][info][gc,phases   ] GC(21) y: Concurrent Mark 10.120ms
[2026-04-03T03:18:17.971+0600][17.523s][info][gc,phases   ] GC(21) y: Pause Mark End 0.020ms
[2026-04-03T03:18:17.971+0600][17.523s][info][gc,phases   ] GC(21) y: Concurrent Mark Free 0.002ms
[2026-04-03T03:18:17.971+0600][17.523s][info][gc,phases   ] GC(21) y: Concurrent Reset Relocation Set 0.002ms
[2026-04-03T03:18:17.973+0600][17.526s][info][gc,reloc    ] GC(21) y: Using tenuring threshold: 6 (Computed)
[2026-04-03T03:18:17.974+0600][17.526s][info][gc,phases   ] GC(21) y: Concurrent Select Relocation Set 2.437ms
[2026-04-03T03:18:17.974+0600][17.526s][info][gc,phases   ] GC(21) y: Pause Relocate Start 0.019ms
[2026-04-03T03:18:17.975+0600][17.527s][info][gc,phases   ] GC(21) y: Concurrent Relocate 0.426ms
[2026-04-03T03:18:17.975+0600][17.527s][info][gc,alloc    ] GC(21) y:                         Mark Start        Mark End      Relocate Start    Relocate End   
[2026-04-03T03:18:17.975+0600][17.527s][info][gc,alloc    ] GC(21) y: Allocation Stalls:          0                0                0                0         
[2026-04-03T03:18:17.975+0600][17.527s][info][gc,load     ] GC(21) y: Load: 4.00 (33%) / 4.92 (41%) / 5.49 (46%)
[2026-04-03T03:18:17.975+0600][17.527s][info][gc,mmu      ] GC(21) y: MMU: 2ms/93.5%, 5ms/97.4%, 10ms/98.7%, 20ms/99.4%, 50ms/99.5%, 100ms/99.7%
[2026-04-03T03:18:17.975+0600][17.527s][info][gc,marking  ] GC(21) y: Mark: 1 stripe(s), 2 proactive flush(es), 1 terminate flush(es), 0 completion(s), 0 continuation(s) 
[2026-04-03T03:18:17.975+0600][17.527s][info][gc,marking  ] GC(21) y: Mark Stack Usage: 32M
[2026-04-03T03:18:17.975+0600][17.527s][info][gc,nmethod  ] GC(21) y: NMethods: 4313 registered, 539 unregistered
[2026-04-03T03:18:17.975+0600][17.527s][info][gc,metaspace] GC(21) y: Metaspace: 64M used, 65M committed, 1088M reserved
[2026-04-03T03:18:17.975+0600][17.527s][info][gc,reloc    ] GC(21) y:                        Candidates     Selected     In-Place         Size        Empty    Relocated 
[2026-04-03T03:18:17.975+0600][17.527s][info][gc,reloc    ] GC(21) y: Small Pages:                  404            9            0         808M         788M           0M 
[2026-04-03T03:18:17.975+0600][17.527s][info][gc,reloc    ] GC(21) y: Medium Pages:                   0            0            0           0M           0M           0M 
[2026-04-03T03:18:17.975+0600][17.527s][info][gc,reloc    ] GC(21) y: Large Pages:                    0            0            0           0M           0M           0M 
[2026-04-03T03:18:17.975+0600][17.527s][info][gc,reloc    ] GC(21) y: Forwarding Usage: 0M
[2026-04-03T03:18:17.975+0600][17.527s][info][gc,reloc    ] GC(21) y: Age Table:
[2026-04-03T03:18:17.975+0600][17.527s][info][gc,reloc    ] GC(21) y:                    Live             Garbage             Small              Medium             Large        
[2026-04-03T03:18:17.975+0600][17.527s][info][gc,reloc    ] GC(21) y: Eden               0M (0%)          799M (80%)        400 / 7              0 / 0              0 / 0        
[2026-04-03T03:18:17.975+0600][17.527s][info][gc,reloc    ] GC(21) y: Survivor 1          -                 2M (0%)           1 / 0              0 / 0              0 / 0        
[2026-04-03T03:18:17.975+0600][17.527s][info][gc,reloc    ] GC(21) y: Survivor 2          -                 0M (0%)           0 / 0              0 / 0              0 / 0        
[2026-04-03T03:18:17.975+0600][17.527s][info][gc,reloc    ] GC(21) y: Survivor 3         0M (0%)            1M (0%)           1 / 1              0 / 0              0 / 0        
[2026-04-03T03:18:17.975+0600][17.527s][info][gc,reloc    ] GC(21) y: Survivor 4         0M (0%)            1M (0%)           1 / 0              0 / 0              0 / 0        
[2026-04-03T03:18:17.975+0600][17.527s][info][gc,reloc    ] GC(21) y: Survivor 5         0M (0%)            1M (0%)           1 / 1              0 / 0              0 / 0        
[2026-04-03T03:18:17.975+0600][17.527s][info][gc,heap     ] GC(21) y: Min Capacity: 8M(1%)
[2026-04-03T03:18:17.975+0600][17.527s][info][gc,heap     ] GC(21) y: Max Capacity: 1000M(100%)
[2026-04-03T03:18:17.975+0600][17.527s][info][gc,heap     ] GC(21) y: Soft Max Capacity: 1000M(100%)
[2026-04-03T03:18:17.975+0600][17.527s][info][gc,heap     ] GC(21) y: Heap Statistics:
[2026-04-03T03:18:17.975+0600][17.527s][info][gc,heap     ] GC(21) y:                Mark Start          Mark End        Relocate Start      Relocate End           High               Low         
[2026-04-03T03:18:17.975+0600][17.527s][info][gc,heap     ] GC(21) y:  Capacity:      882M (88%)         894M (89%)         894M (89%)         894M (89%)         894M (89%)         882M (88%)    
[2026-04-03T03:18:17.975+0600][17.527s][info][gc,heap     ] GC(21) y:      Free:      124M (12%)         106M (11%)         892M (89%)         904M (90%)         904M (90%)         106M (11%)    
[2026-04-03T03:18:17.975+0600][17.527s][info][gc,heap     ] GC(21) y:      Used:      876M (88%)         894M (89%)         108M (11%)          96M (10%)         894M (89%)          96M (10%)    
[2026-04-03T03:18:17.975+0600][17.527s][info][gc,heap     ] GC(21) y: Young Generation Statistics:
[2026-04-03T03:18:17.975+0600][17.527s][info][gc,heap     ] GC(21) y:                Mark Start          Mark End        Relocate Start      Relocate End    
[2026-04-03T03:18:17.975+0600][17.527s][info][gc,heap     ] GC(21) y:      Used:      808M (81%)         826M (83%)          40M (4%)           28M (3%)     
[2026-04-03T03:18:17.975+0600][17.527s][info][gc,heap     ] GC(21) y:      Live:         -                 0M (0%)            0M (0%)            0M (0%)     
[2026-04-03T03:18:17.975+0600][17.527s][info][gc,heap     ] GC(21) y:   Garbage:         -               807M (81%)          19M (2%)            0M (0%)     
[2026-04-03T03:18:17.975+0600][17.527s][info][gc,heap     ] GC(21) y: Allocated:         -                18M (2%)           20M (2%)           27M (3%)     
[2026-04-03T03:18:17.975+0600][17.527s][info][gc,heap     ] GC(21) y: Reclaimed:         -                  -               788M (79%)         807M (81%)    
[2026-04-03T03:18:17.975+0600][17.527s][info][gc,heap     ] GC(21) y:  Promoted:         -                  -                 0M (0%)            0M (0%)     
[2026-04-03T03:18:17.975+0600][17.527s][info][gc,heap     ] GC(21) y: Compacted:         -                  -                  -                 0M (0%)     
[2026-04-03T03:18:17.975+0600][17.527s][info][gc,phases   ] GC(21) y: Young Generation 876M(88%)->96M(10%) 0.014s
[2026-04-03T03:18:17.975+0600][17.527s][info][gc          ] GC(21) Minor Collection (Allocation Rate) 876M(88%)->96M(10%) 0.014s
[2026-04-03T03:18:18.252+0600][17.805s][info][gc          ] GC(22) Minor Collection (Allocation Rate)
[2026-04-03T03:18:18.252+0600][17.805s][info][gc,task     ] GC(22) Using 1 Workers for Young Generation
[2026-04-03T03:18:18.253+0600][17.805s][info][gc,phases   ] GC(22) y: Young Generation
[2026-04-03T03:18:18.253+0600][17.805s][info][gc,phases   ] GC(22) y: Pause Mark Start 0.159ms
[2026-04-03T03:18:18.262+0600][17.814s][info][gc,phases   ] GC(22) y: Concurrent Mark 8.529ms
[2026-04-03T03:18:18.262+0600][17.814s][info][gc,phases   ] GC(22) y: Pause Mark End 0.018ms
[2026-04-03T03:18:18.262+0600][17.814s][info][gc,phases   ] GC(22) y: Concurrent Mark Free 0.001ms
[2026-04-03T03:18:18.262+0600][17.814s][info][gc,phases   ] GC(22) y: Concurrent Reset Relocation Set 0.002ms
[2026-04-03T03:18:18.263+0600][17.816s][info][gc,reloc    ] GC(22) y: Using tenuring threshold: 7 (Computed)
[2026-04-03T03:18:18.264+0600][17.816s][info][gc,phases   ] GC(22) y: Concurrent Select Relocation Set 1.747ms
[2026-04-03T03:18:18.264+0600][17.816s][info][gc,phases   ] GC(22) y: Pause Relocate Start 0.013ms
[2026-04-03T03:18:18.264+0600][17.816s][info][gc,phases   ] GC(22) y: Concurrent Relocate 0.383ms
[2026-04-03T03:18:18.264+0600][17.817s][info][gc,alloc    ] GC(22) y:                         Mark Start        Mark End      Relocate Start    Relocate End   
[2026-04-03T03:18:18.264+0600][17.817s][info][gc,alloc    ] GC(22) y: Allocation Stalls:          0                0                0                0         
[2026-04-03T03:18:18.264+0600][17.817s][info][gc,load     ] GC(22) y: Load: 4.00 (33%) / 4.92 (41%) / 5.49 (46%)
[2026-04-03T03:18:18.264+0600][17.817s][info][gc,mmu      ] GC(22) y: MMU: 2ms/92.1%, 5ms/96.8%, 10ms/98.2%, 20ms/99.1%, 50ms/99.5%, 100ms/99.7%
[2026-04-03T03:18:18.264+0600][17.817s][info][gc,marking  ] GC(22) y: Mark: 1 stripe(s), 2 proactive flush(es), 1 terminate flush(es), 0 completion(s), 0 continuation(s) 
[2026-04-03T03:18:18.264+0600][17.817s][info][gc,marking  ] GC(22) y: Mark Stack Usage: 32M
[2026-04-03T03:18:18.264+0600][17.817s][info][gc,nmethod  ] GC(22) y: NMethods: 4316 registered, 539 unregistered
[2026-04-03T03:18:18.264+0600][17.817s][info][gc,metaspace] GC(22) y: Metaspace: 64M used, 65M committed, 1088M reserved
[2026-04-03T03:18:18.264+0600][17.817s][info][gc,reloc    ] GC(22) y:                        Candidates     Selected     In-Place         Size        Empty    Relocated 
[2026-04-03T03:18:18.264+0600][17.817s][info][gc,reloc    ] GC(22) y: Small Pages:                  404            9            0         808M         788M           0M 
[2026-04-03T03:18:18.264+0600][17.817s][info][gc,reloc    ] GC(22) y: Medium Pages:                   0            0            0           0M           0M           0M 
[2026-04-03T03:18:18.264+0600][17.817s][info][gc,reloc    ] GC(22) y: Large Pages:                    0            0            0           0M           0M           0M 
[2026-04-03T03:18:18.264+0600][17.817s][info][gc,reloc    ] GC(22) y: Forwarding Usage: 0M
[2026-04-03T03:18:18.264+0600][17.817s][info][gc,reloc    ] GC(22) y: Age Table:
[2026-04-03T03:18:18.264+0600][17.817s][info][gc,reloc    ] GC(22) y:                    Live             Garbage             Small              Medium             Large        
[2026-04-03T03:18:18.264+0600][17.817s][info][gc,reloc    ] GC(22) y: Eden               0M (0%)          799M (80%)        400 / 5              0 / 0              0 / 0        
[2026-04-03T03:18:18.264+0600][17.817s][info][gc,reloc    ] GC(22) y: Survivor 1         0M (0%)            1M (0%)           1 / 1              0 / 0              0 / 0        
[2026-04-03T03:18:18.264+0600][17.817s][info][gc,reloc    ] GC(22) y: Survivor 2          -                 0M (0%)           0 / 0              0 / 0              0 / 0        
[2026-04-03T03:18:18.264+0600][17.817s][info][gc,reloc    ] GC(22) y: Survivor 3          -                 0M (0%)           0 / 0              0 / 0              0 / 0        
[2026-04-03T03:18:18.264+0600][17.817s][info][gc,reloc    ] GC(22) y: Survivor 4         0M (0%)            1M (0%)           1 / 1              0 / 0              0 / 0        
[2026-04-03T03:18:18.265+0600][17.817s][info][gc,reloc    ] GC(22) y: Survivor 5         0M (0%)            1M (0%)           1 / 1              0 / 0              0 / 0        
[2026-04-03T03:18:18.265+0600][17.817s][info][gc,reloc    ] GC(22) y: Survivor 6         0M (0%)            1M (0%)           1 / 1              0 / 0              0 / 0        
[2026-04-03T03:18:18.265+0600][17.817s][info][gc,heap     ] GC(22) y: Min Capacity: 8M(1%)
[2026-04-03T03:18:18.265+0600][17.817s][info][gc,heap     ] GC(22) y: Max Capacity: 1000M(100%)
[2026-04-03T03:18:18.265+0600][17.817s][info][gc,heap     ] GC(22) y: Soft Max Capacity: 1000M(100%)
[2026-04-03T03:18:18.265+0600][17.817s][info][gc,heap     ] GC(22) y: Heap Statistics:
[2026-04-03T03:18:18.265+0600][17.817s][info][gc,heap     ] GC(22) y:                Mark Start          Mark End        Relocate Start      Relocate End           High               Low         
[2026-04-03T03:18:18.265+0600][17.817s][info][gc,heap     ] GC(22) y:  Capacity:      894M (89%)         900M (90%)         900M (90%)         900M (90%)         900M (90%)         894M (89%)    
[2026-04-03T03:18:18.265+0600][17.817s][info][gc,heap     ] GC(22) y:      Free:      124M (12%)         100M (10%)         888M (89%)         898M (90%)         898M (90%)         100M (10%)    
[2026-04-03T03:18:18.265+0600][17.817s][info][gc,heap     ] GC(22) y:      Used:      876M (88%)         900M (90%)         112M (11%)         102M (10%)         900M (90%)         102M (10%)    
[2026-04-03T03:18:18.265+0600][17.817s][info][gc,heap     ] GC(22) y: Young Generation Statistics:
[2026-04-03T03:18:18.265+0600][17.817s][info][gc,heap     ] GC(22) y:                Mark Start          Mark End        Relocate Start      Relocate End    
[2026-04-03T03:18:18.265+0600][17.817s][info][gc,heap     ] GC(22) y:      Used:      808M (81%)         832M (83%)          44M (4%)           34M (3%)     
[2026-04-03T03:18:18.265+0600][17.817s][info][gc,heap     ] GC(22) y:      Live:         -                 0M (0%)            0M (0%)            0M (0%)     
[2026-04-03T03:18:18.265+0600][17.817s][info][gc,heap     ] GC(22) y:   Garbage:         -               807M (81%)          19M (2%)            0M (0%)     
[2026-04-03T03:18:18.265+0600][17.817s][info][gc,heap     ] GC(22) y: Allocated:         -                24M (2%)           24M (2%)           33M (3%)     
[2026-04-03T03:18:18.265+0600][17.817s][info][gc,heap     ] GC(22) y: Reclaimed:         -                  -               788M (79%)         807M (81%)    
[2026-04-03T03:18:18.265+0600][17.817s][info][gc,heap     ] GC(22) y:  Promoted:         -                  -                 0M (0%)            0M (0%)     
[2026-04-03T03:18:18.265+0600][17.817s][info][gc,heap     ] GC(22) y: Compacted:         -                  -                  -                 0M (0%)     
[2026-04-03T03:18:18.265+0600][17.817s][info][gc,phases   ] GC(22) y: Young Generation 876M(88%)->102M(10%) 0.012s
[2026-04-03T03:18:18.265+0600][17.817s][info][gc          ] GC(22) Minor Collection (Allocation Rate) 876M(88%)->104M(10%) 0.012s
[2026-04-03T03:18:19.044+0600][18.596s][info][gc          ] GC(23) Minor Collection (Allocation Rate)
[2026-04-03T03:18:19.044+0600][18.596s][info][gc,task     ] GC(23) Using 1 Workers for Young Generation
[2026-04-03T03:18:19.044+0600][18.596s][info][gc,phases   ] GC(23) y: Young Generation
[2026-04-03T03:18:19.044+0600][18.596s][info][gc,phases   ] GC(23) y: Pause Mark Start 0.031ms
[2026-04-03T03:18:19.068+0600][18.620s][info][gc,phases   ] GC(23) y: Concurrent Mark 23.332ms
[2026-04-03T03:18:19.068+0600][18.620s][info][gc,phases   ] GC(23) y: Pause Mark End 0.034ms
[2026-04-03T03:18:19.068+0600][18.620s][info][gc,phases   ] GC(23) y: Concurrent Mark Free 0.003ms
[2026-04-03T03:18:19.068+0600][18.620s][info][gc,phases   ] GC(23) y: Concurrent Reset Relocation Set 0.004ms
[2026-04-03T03:18:19.070+0600][18.622s][info][gc,reloc    ] GC(23) y: Using tenuring threshold: 8 (Computed)
[2026-04-03T03:18:19.071+0600][18.623s][info][gc,phases   ] GC(23) y: Concurrent Select Relocation Set 2.655ms
[2026-04-03T03:18:19.071+0600][18.623s][info][gc,phases   ] GC(23) y: Pause Relocate Start 0.017ms
[2026-04-03T03:18:19.077+0600][18.629s][info][gc,phases   ] GC(23) y: Concurrent Relocate 5.801ms
[2026-04-03T03:18:19.077+0600][18.629s][info][gc,alloc    ] GC(23) y:                         Mark Start        Mark End      Relocate Start    Relocate End   
[2026-04-03T03:18:19.077+0600][18.629s][info][gc,alloc    ] GC(23) y: Allocation Stalls:          0                0                0                0         
[2026-04-03T03:18:19.077+0600][18.629s][info][gc,load     ] GC(23) y: Load: 4.00 (33%) / 4.92 (41%) / 5.49 (46%)
[2026-04-03T03:18:19.077+0600][18.629s][info][gc,mmu      ] GC(23) y: MMU: 2ms/92.1%, 5ms/96.8%, 10ms/98.2%, 20ms/99.1%, 50ms/99.5%, 100ms/99.7%
[2026-04-03T03:18:19.077+0600][18.629s][info][gc,marking  ] GC(23) y: Mark: 1 stripe(s), 2 proactive flush(es), 1 terminate flush(es), 0 completion(s), 0 continuation(s) 
[2026-04-03T03:18:19.077+0600][18.629s][info][gc,marking  ] GC(23) y: Mark Stack Usage: 32M
[2026-04-03T03:18:19.077+0600][18.629s][info][gc,nmethod  ] GC(23) y: NMethods: 5008 registered, 539 unregistered
[2026-04-03T03:18:19.077+0600][18.629s][info][gc,metaspace] GC(23) y: Metaspace: 67M used, 68M committed, 1088M reserved
[2026-04-03T03:18:19.077+0600][18.629s][info][gc,reloc    ] GC(23) y:                        Candidates     Selected     In-Place         Size        Empty    Relocated 
[2026-04-03T03:18:19.077+0600][18.629s][info][gc,reloc    ] GC(23) y: Small Pages:                  384           38            0         768M         688M           1M 
[2026-04-03T03:18:19.077+0600][18.629s][info][gc,reloc    ] GC(23) y: Medium Pages:                   1            0            0          16M          16M           0M 
[2026-04-03T03:18:19.077+0600][18.629s][info][gc,reloc    ] GC(23) y: Large Pages:                    1            0            0           6M           6M           0M 
[2026-04-03T03:18:19.077+0600][18.629s][info][gc,reloc    ] GC(23) y: Forwarding Usage: 0M
[2026-04-03T03:18:19.077+0600][18.629s][info][gc,reloc    ] GC(23) y: Age Table:
[2026-04-03T03:18:19.077+0600][18.629s][info][gc,reloc    ] GC(23) y:                    Live             Garbage             Small              Medium             Large        
[2026-04-03T03:18:19.077+0600][18.629s][info][gc,reloc    ] GC(23) y: Eden               2M (0%)          777M (78%)        379 / 34             1 / 0              1 / 0        
[2026-04-03T03:18:19.077+0600][18.629s][info][gc,reloc    ] GC(23) y: Survivor 1         0M (0%)            1M (0%)           1 / 1              0 / 0              0 / 0        
[2026-04-03T03:18:19.077+0600][18.629s][info][gc,reloc    ] GC(23) y: Survivor 2         0M (0%)            1M (0%)           1 / 0              0 / 0              0 / 0        
[2026-04-03T03:18:19.077+0600][18.629s][info][gc,reloc    ] GC(23) y: Survivor 3          -                 0M (0%)           0 / 0              0 / 0              0 / 0        
[2026-04-03T03:18:19.077+0600][18.629s][info][gc,reloc    ] GC(23) y: Survivor 4          -                 0M (0%)           0 / 0              0 / 0              0 / 0        
[2026-04-03T03:18:19.077+0600][18.629s][info][gc,reloc    ] GC(23) y: Survivor 5         0M (0%)            1M (0%)           1 / 1              0 / 0              0 / 0        
[2026-04-03T03:18:19.077+0600][18.629s][info][gc,reloc    ] GC(23) y: Survivor 6         0M (0%)            1M (0%)           1 / 1              0 / 0              0 / 0        
[2026-04-03T03:18:19.077+0600][18.629s][info][gc,reloc    ] GC(23) y: Survivor 7         0M (0%)            1M (0%)           1 / 1              0 / 0              0 / 0        
[2026-04-03T03:18:19.077+0600][18.629s][info][gc,heap     ] GC(23) y: Min Capacity: 8M(1%)
[2026-04-03T03:18:19.077+0600][18.629s][info][gc,heap     ] GC(23) y: Max Capacity: 1000M(100%)
[2026-04-03T03:18:19.077+0600][18.629s][info][gc,heap     ] GC(23) y: Soft Max Capacity: 1000M(100%)
[2026-04-03T03:18:19.077+0600][18.629s][info][gc,heap     ] GC(23) y: Heap Statistics:
[2026-04-03T03:18:19.077+0600][18.629s][info][gc,heap     ] GC(23) y:                Mark Start          Mark End        Relocate Start      Relocate End           High               Low         
[2026-04-03T03:18:19.077+0600][18.629s][info][gc,heap     ] GC(23) y:  Capacity:      922M (92%)         922M (92%)         922M (92%)         922M (92%)         922M (92%)         922M (92%)    
[2026-04-03T03:18:19.077+0600][18.629s][info][gc,heap     ] GC(23) y:      Free:      142M (14%)         134M (13%)         842M (84%)         900M (90%)         900M (90%)         134M (13%)    
[2026-04-03T03:18:19.077+0600][18.629s][info][gc,heap     ] GC(23) y:      Used:      858M (86%)         866M (87%)         158M (16%)         100M (10%)         866M (87%)         100M (10%)    
[2026-04-03T03:18:19.077+0600][18.629s][info][gc,heap     ] GC(23) y: Young Generation Statistics:
[2026-04-03T03:18:19.077+0600][18.629s][info][gc,heap     ] GC(23) y:                Mark Start          Mark End        Relocate Start      Relocate End    
[2026-04-03T03:18:19.077+0600][18.629s][info][gc,heap     ] GC(23) y:      Used:      790M (79%)         798M (80%)          90M (9%)           32M (3%)     
[2026-04-03T03:18:19.077+0600][18.629s][info][gc,heap     ] GC(23) y:      Live:         -                 2M (0%)            2M (0%)            2M (0%)     
[2026-04-03T03:18:19.077+0600][18.629s][info][gc,heap     ] GC(23) y:   Garbage:         -               787M (79%)          77M (8%)            0M (0%)     
[2026-04-03T03:18:19.077+0600][18.629s][info][gc,heap     ] GC(23) y: Allocated:         -                 8M (1%)           10M (1%)           29M (3%)     
[2026-04-03T03:18:19.077+0600][18.629s][info][gc,heap     ] GC(23) y: Reclaimed:         -                  -               710M (71%)         787M (79%)    
[2026-04-03T03:18:19.077+0600][18.629s][info][gc,heap     ] GC(23) y:  Promoted:         -                  -                 0M (0%)            0M (0%)     
[2026-04-03T03:18:19.077+0600][18.629s][info][gc,heap     ] GC(23) y: Compacted:         -                  -                  -                 2M (0%)     
[2026-04-03T03:18:19.077+0600][18.630s][info][gc,phases   ] GC(23) y: Young Generation 858M(86%)->100M(10%) 0.033s
[2026-04-03T03:18:19.077+0600][18.630s][info][gc          ] GC(23) Minor Collection (Allocation Rate) 858M(86%)->100M(10%) 0.034s
[2026-04-03T03:18:19.561+0600][19.113s][info][gc          ] GC(24) Minor Collection (Allocation Rate)
[2026-04-03T03:18:19.561+0600][19.113s][info][gc,task     ] GC(24) Using 1 Workers for Young Generation
[2026-04-03T03:18:19.561+0600][19.113s][info][gc,phases   ] GC(24) y: Young Generation
[2026-04-03T03:18:19.561+0600][19.114s][info][gc,phases   ] GC(24) y: Pause Mark Start 0.016ms
[2026-04-03T03:18:19.703+0600][19.255s][info][gc,phases   ] GC(24) y: Concurrent Mark 141.043ms
[2026-04-03T03:18:19.703+0600][19.255s][info][gc,phases   ] GC(24) y: Pause Mark End 0.021ms
[2026-04-03T03:18:19.703+0600][19.255s][info][gc,phases   ] GC(24) y: Concurrent Mark Free 0.003ms
[2026-04-03T03:18:19.703+0600][19.255s][info][gc,phases   ] GC(24) y: Concurrent Reset Relocation Set 0.010ms
[2026-04-03T03:18:19.705+0600][19.258s][info][gc,reloc    ] GC(24) y: Using tenuring threshold: 9 (Computed)
[2026-04-03T03:18:19.724+0600][19.276s][info][gc,phases   ] GC(24) y: Concurrent Select Relocation Set 21.079ms
[2026-04-03T03:18:19.725+0600][19.277s][info][gc,phases   ] GC(24) y: Pause Relocate Start 0.023ms
[2026-04-03T03:18:19.795+0600][19.347s][info][gc,phases   ] GC(24) y: Concurrent Relocate 70.239ms
[2026-04-03T03:18:19.795+0600][19.347s][info][gc,alloc    ] GC(24) y:                         Mark Start        Mark End      Relocate Start    Relocate End   
[2026-04-03T03:18:19.795+0600][19.347s][info][gc,alloc    ] GC(24) y: Allocation Stalls:          0                0                0                0         
[2026-04-03T03:18:19.795+0600][19.347s][info][gc,load     ] GC(24) y: Load: 4.00 (33%) / 4.92 (41%) / 5.49 (46%)
[2026-04-03T03:18:19.795+0600][19.347s][info][gc,mmu      ] GC(24) y: MMU: 2ms/92.1%, 5ms/96.8%, 10ms/98.2%, 20ms/99.1%, 50ms/99.5%, 100ms/99.7%
[2026-04-03T03:18:19.795+0600][19.347s][info][gc,marking  ] GC(24) y: Mark: 1 stripe(s), 2 proactive flush(es), 1 terminate flush(es), 0 completion(s), 0 continuation(s) 
[2026-04-03T03:18:19.795+0600][19.347s][info][gc,marking  ] GC(24) y: Mark Stack Usage: 32M
[2026-04-03T03:18:19.795+0600][19.347s][info][gc,nmethod  ] GC(24) y: NMethods: 5180 registered, 539 unregistered
[2026-04-03T03:18:19.795+0600][19.347s][info][gc,metaspace] GC(24) y: Metaspace: 67M used, 68M committed, 1088M reserved
[2026-04-03T03:18:19.795+0600][19.347s][info][gc,reloc    ] GC(24) y:                        Candidates     Selected     In-Place         Size        Empty    Relocated 
[2026-04-03T03:18:19.795+0600][19.347s][info][gc,reloc    ] GC(24) y: Small Pages:                  129          111            0         258M           0M          24M 
[2026-04-03T03:18:19.795+0600][19.347s][info][gc,reloc    ] GC(24) y: Medium Pages:                   1            0            0          16M          16M           0M 
[2026-04-03T03:18:19.795+0600][19.347s][info][gc,reloc    ] GC(24) y: Large Pages:                    3            0            0          12M           0M           0M 
[2026-04-03T03:18:19.795+0600][19.347s][info][gc,reloc    ] GC(24) y: Forwarding Usage: 18M
[2026-04-03T03:18:19.795+0600][19.347s][info][gc,reloc    ] GC(24) y: Age Table:
[2026-04-03T03:18:19.795+0600][19.347s][info][gc,reloc    ] GC(24) y:                    Live             Garbage             Small              Medium             Large        
[2026-04-03T03:18:19.795+0600][19.347s][info][gc,reloc    ] GC(24) y: Eden              41M (4%)          224M (22%)        119 / 102            1 / 0              3 / 0        
[2026-04-03T03:18:19.795+0600][19.347s][info][gc,reloc    ] GC(24) y: Survivor 1         2M (0%)            7M (1%)           5 / 4              0 / 0              0 / 0        
[2026-04-03T03:18:19.795+0600][19.347s][info][gc,reloc    ] GC(24) y: Survivor 2         0M (0%)            1M (0%)           1 / 1              0 / 0              0 / 0        
[2026-04-03T03:18:19.795+0600][19.347s][info][gc,reloc    ] GC(24) y: Survivor 3         0M (0%)            1M (0%)           1 / 1              0 / 0              0 / 0        
[2026-04-03T03:18:19.795+0600][19.347s][info][gc,reloc    ] GC(24) y: Survivor 4          -                 0M (0%)           0 / 0              0 / 0              0 / 0        
[2026-04-03T03:18:19.795+0600][19.347s][info][gc,reloc    ] GC(24) y: Survivor 5          -                 0M (0%)           0 / 0              0 / 0              0 / 0        
[2026-04-03T03:18:19.795+0600][19.347s][info][gc,reloc    ] GC(24) y: Survivor 6         0M (0%)            1M (0%)           1 / 1              0 / 0              0 / 0        
[2026-04-03T03:18:19.795+0600][19.347s][info][gc,reloc    ] GC(24) y: Survivor 7         0M (0%)            1M (0%)           1 / 1              0 / 0              0 / 0        
[2026-04-03T03:18:19.795+0600][19.347s][info][gc,reloc    ] GC(24) y: Survivor 8         0M (0%)            1M (0%)           1 / 1              0 / 0              0 / 0        
[2026-04-03T03:18:19.795+0600][19.347s][info][gc,heap     ] GC(24) y: Min Capacity: 8M(1%)
[2026-04-03T03:18:19.795+0600][19.347s][info][gc,heap     ] GC(24) y: Max Capacity: 1000M(100%)
[2026-04-03T03:18:19.795+0600][19.347s][info][gc,heap     ] GC(24) y: Soft Max Capacity: 1000M(100%)
[2026-04-03T03:18:19.795+0600][19.347s][info][gc,heap     ] GC(24) y: Heap Statistics:
[2026-04-03T03:18:19.795+0600][19.347s][info][gc,heap     ] GC(24) y:                Mark Start          Mark End        Relocate Start      Relocate End           High               Low         
[2026-04-03T03:18:19.795+0600][19.348s][info][gc,heap     ] GC(24) y:  Capacity:      930M (93%)         936M (94%)         936M (94%)         936M (94%)         936M (94%)         930M (93%)    
[2026-04-03T03:18:19.795+0600][19.348s][info][gc,heap     ] GC(24) y:      Free:      646M (65%)         550M (55%)         544M (54%)         698M (70%)         700M (70%)         530M (53%)    
[2026-04-03T03:18:19.795+0600][19.348s][info][gc,heap     ] GC(24) y:      Used:      354M (35%)         450M (45%)         456M (46%)         302M (30%)         470M (47%)         300M (30%)    
[2026-04-03T03:18:19.795+0600][19.348s][info][gc,heap     ] GC(24) y: Young Generation Statistics:
[2026-04-03T03:18:19.795+0600][19.348s][info][gc,heap     ] GC(24) y:                Mark Start          Mark End        Relocate Start      Relocate End    
[2026-04-03T03:18:19.795+0600][19.348s][info][gc,heap     ] GC(24) y:      Used:      286M (29%)         382M (38%)         388M (39%)         234M (23%)    
[2026-04-03T03:18:19.795+0600][19.348s][info][gc,heap     ] GC(24) y:      Live:         -                43M (4%)           43M (4%)           43M (4%)     
[2026-04-03T03:18:19.795+0600][19.348s][info][gc,heap     ] GC(24) y:   Garbage:         -               242M (24%)         226M (23%)           0M (0%)     
[2026-04-03T03:18:19.795+0600][19.348s][info][gc,heap     ] GC(24) y: Allocated:         -                96M (10%)         118M (12%)         190M (19%)    
[2026-04-03T03:18:19.795+0600][19.348s][info][gc,heap     ] GC(24) y: Reclaimed:         -                  -                16M (2%)          242M (24%)    
[2026-04-03T03:18:19.795+0600][19.348s][info][gc,heap     ] GC(24) y:  Promoted:         -                  -                 0M (0%)            0M (0%)     
[2026-04-03T03:18:19.795+0600][19.348s][info][gc,heap     ] GC(24) y: Compacted:         -                  -                  -                29M (3%)     
[2026-04-03T03:18:19.795+0600][19.348s][info][gc,phases   ] GC(24) y: Young Generation 354M(35%)->302M(30%) 0.234s
[2026-04-03T03:18:19.795+0600][19.348s][info][gc          ] GC(24) Minor Collection (Allocation Rate) 354M(35%)->302M(30%) 0.234s
[2026-04-03T03:18:19.796+0600][19.348s][info][gc          ] GC(25) Major Collection (Allocation Rate)
[2026-04-03T03:18:19.796+0600][19.348s][info][gc,task     ] GC(25) Using 3 Workers for Young Generation
[2026-04-03T03:18:19.796+0600][19.348s][info][gc,task     ] GC(25) Using 1 Workers for Old Generation
[2026-04-03T03:18:19.796+0600][19.348s][info][gc,phases   ] GC(25) Y: Young Generation
[2026-04-03T03:18:19.796+0600][19.348s][info][gc,phases   ] GC(25) Y: Pause Mark Start (Major) 0.036ms
[2026-04-03T03:18:19.989+0600][19.541s][info][gc,phases   ] GC(25) Y: Concurrent Mark 192.838ms
[2026-04-03T03:18:19.989+0600][19.541s][info][gc,phases   ] GC(25) Y: Pause Mark End 0.032ms
[2026-04-03T03:18:19.989+0600][19.542s][info][gc,phases   ] GC(25) Y: Concurrent Mark Free 0.002ms
[2026-04-03T03:18:19.989+0600][19.542s][info][gc,phases   ] GC(25) Y: Concurrent Reset Relocation Set 0.034ms
[2026-04-03T03:18:19.995+0600][19.547s][info][gc,reloc    ] GC(25) Y: Using tenuring threshold: 4 (Computed)
[2026-04-03T03:18:19.997+0600][19.549s][info][gc,phases   ] GC(25) Y: Concurrent Select Relocation Set 7.411ms
[2026-04-03T03:18:19.997+0600][19.549s][info][gc,phases   ] GC(25) Y: Pause Relocate Start 0.024ms
[2026-04-03T03:18:20.031+0600][19.583s][info][gc,phases   ] GC(25) Y: Concurrent Relocate 33.933ms
[2026-04-03T03:18:20.031+0600][19.583s][info][gc,alloc    ] GC(25) Y:                         Mark Start        Mark End      Relocate Start    Relocate End   
[2026-04-03T03:18:20.031+0600][19.584s][info][gc,alloc    ] GC(25) Y: Allocation Stalls:          0                0                0                0         
[2026-04-03T03:18:20.031+0600][19.584s][info][gc,load     ] GC(25) Y: Load: 4.00 (33%) / 4.92 (41%) / 5.49 (46%)
[2026-04-03T03:18:20.031+0600][19.584s][info][gc,mmu      ] GC(25) Y: MMU: 2ms/92.1%, 5ms/96.8%, 10ms/98.2%, 20ms/99.1%, 50ms/99.5%, 100ms/99.7%
[2026-04-03T03:18:20.031+0600][19.584s][info][gc,marking  ] GC(25) Y: Mark: 2 stripe(s), 2 proactive flush(es), 1 terminate flush(es), 0 completion(s), 0 continuation(s) 
[2026-04-03T03:18:20.031+0600][19.584s][info][gc,marking  ] GC(25) Y: Mark Stack Usage: 32M
[2026-04-03T03:18:20.031+0600][19.584s][info][gc,nmethod  ] GC(25) Y: NMethods: 5181 registered, 539 unregistered
[2026-04-03T03:18:20.031+0600][19.584s][info][gc,metaspace] GC(25) Y: Metaspace: 67M used, 68M committed, 1088M reserved
[2026-04-03T03:18:20.031+0600][19.584s][info][gc,reloc    ] GC(25) Y:                        Candidates     Selected     In-Place         Size        Empty    Relocated 
[2026-04-03T03:18:20.031+0600][19.584s][info][gc,reloc    ] GC(25) Y: Small Pages:                  102           71            0         204M           0M          19M 
[2026-04-03T03:18:20.031+0600][19.584s][info][gc,reloc    ] GC(25) Y: Medium Pages:                   0            0            0           0M           0M           0M 
[2026-04-03T03:18:20.031+0600][19.584s][info][gc,reloc    ] GC(25) Y: Large Pages:                    6            0            0          30M          12M           0M 
[2026-04-03T03:18:20.031+0600][19.584s][info][gc,reloc    ] GC(25) Y: Forwarding Usage: 18M
[2026-04-03T03:18:20.031+0600][19.584s][info][gc,reloc    ] GC(25) Y: Age Table:
[2026-04-03T03:18:20.031+0600][19.584s][info][gc,reloc    ] GC(25) Y:                    Live             Garbage             Small              Medium             Large        
[2026-04-03T03:18:20.031+0600][19.584s][info][gc,reloc    ] GC(25) Y: Eden              42M (4%)          121M (12%)         73 / 59             0 / 0              3 / 0        
[2026-04-03T03:18:20.031+0600][19.584s][info][gc,reloc    ] GC(25) Y: Survivor 1        29M (3%)           20M (2%)          19 / 4              0 / 0              3 / 0        
[2026-04-03T03:18:20.031+0600][19.584s][info][gc,reloc    ] GC(25) Y: Survivor 2         1M (0%)            8M (1%)           5 / 4              0 / 0              0 / 0        
[2026-04-03T03:18:20.032+0600][19.584s][info][gc,reloc    ] GC(25) Y: Survivor 3         0M (0%)            1M (0%)           1 / 1              0 / 0              0 / 0        
[2026-04-03T03:18:20.032+0600][19.584s][info][gc,reloc    ] GC(25) Y: Survivor 4         0M (0%)            1M (0%)           1 / 1              0 / 0              0 / 0        
[2026-04-03T03:18:20.032+0600][19.584s][info][gc,reloc    ] GC(25) Y: Survivor 5          -                 0M (0%)           0 / 0              0 / 0              0 / 0        
[2026-04-03T03:18:20.032+0600][19.584s][info][gc,reloc    ] GC(25) Y: Survivor 6          -                 0M (0%)           0 / 0              0 / 0              0 / 0        
[2026-04-03T03:18:20.032+0600][19.584s][info][gc,reloc    ] GC(25) Y: Survivor 7         0M (0%)            1M (0%)           1 / 1              0 / 0              0 / 0        
[2026-04-03T03:18:20.032+0600][19.584s][info][gc,reloc    ] GC(25) Y: Survivor 8         0M (0%)            1M (0%)           1 / 1              0 / 0              0 / 0        
[2026-04-03T03:18:20.032+0600][19.584s][info][gc,reloc    ] GC(25) Y: Survivor 9         0M (0%)            1M (0%)           1 / 0              0 / 0              0 / 0        
[2026-04-03T03:18:20.032+0600][19.584s][info][gc,heap     ] GC(25) Y: Min Capacity: 8M(1%)
[2026-04-03T03:18:20.032+0600][19.584s][info][gc,heap     ] GC(25) Y: Max Capacity: 1000M(100%)
[2026-04-03T03:18:20.032+0600][19.584s][info][gc,heap     ] GC(25) Y: Soft Max Capacity: 1000M(100%)
[2026-04-03T03:18:20.032+0600][19.584s][info][gc,heap     ] GC(25) Y: Heap Statistics:
[2026-04-03T03:18:20.032+0600][19.584s][info][gc,heap     ] GC(25) Y:                Mark Start          Mark End        Relocate Start      Relocate End           High               Low         
[2026-04-03T03:18:20.032+0600][19.584s][info][gc,heap     ] GC(25) Y:  Capacity:      936M (94%)         936M (94%)         936M (94%)         936M (94%)         936M (94%)         936M (94%)    
[2026-04-03T03:18:20.032+0600][19.584s][info][gc,heap     ] GC(25) Y:      Free:      698M (70%)         590M (59%)         600M (60%)         696M (70%)         698M (70%)         582M (58%)    
[2026-04-03T03:18:20.032+0600][19.584s][info][gc,heap     ] GC(25) Y:      Used:      302M (30%)         410M (41%)         400M (40%)         304M (30%)         418M (42%)         302M (30%)    
[2026-04-03T03:18:20.032+0600][19.584s][info][gc,heap     ] GC(25) Y: Young Generation Statistics:
[2026-04-03T03:18:20.032+0600][19.584s][info][gc,heap     ] GC(25) Y:                Mark Start          Mark End        Relocate Start      Relocate End    
[2026-04-03T03:18:20.032+0600][19.584s][info][gc,heap     ] GC(25) Y:      Used:      234M (23%)         342M (34%)         332M (33%)         234M (23%)    
[2026-04-03T03:18:20.032+0600][19.584s][info][gc,heap     ] GC(25) Y:      Live:         -                74M (7%)           74M (7%)           74M (7%)     
[2026-04-03T03:18:20.032+0600][19.584s][info][gc,heap     ] GC(25) Y:   Garbage:         -               159M (16%)         147M (15%)           1M (0%)     
[2026-04-03T03:18:20.032+0600][19.584s][info][gc,heap     ] GC(25) Y: Allocated:         -               108M (11%)         110M (11%)         158M (16%)    
[2026-04-03T03:18:20.032+0600][19.584s][info][gc,heap     ] GC(25) Y: Reclaimed:         -                  -                12M (1%)          158M (16%)    
[2026-04-03T03:18:20.032+0600][19.584s][info][gc,heap     ] GC(25) Y:  Promoted:         -                  -                 0M (0%)            0M (0%)     
[2026-04-03T03:18:20.032+0600][19.584s][info][gc,heap     ] GC(25) Y: Compacted:         -                  -                  -                25M (3%)     
[2026-04-03T03:18:20.032+0600][19.584s][info][gc,phases   ] GC(25) Y: Young Generation 302M(30%)->304M(30%) 0.236s
[2026-04-03T03:18:20.032+0600][19.584s][info][gc,phases   ] GC(25) O: Old Generation
[2026-04-03T03:18:20.034+0600][19.586s][info][gc          ] GC(26) Minor Collection (Allocation Rate)
[2026-04-03T03:18:20.034+0600][19.587s][info][gc,task     ] GC(26) Using 2 Workers for Young Generation
[2026-04-03T03:18:20.034+0600][19.587s][info][gc,phases   ] GC(26) y: Young Generation
[2026-04-03T03:18:20.035+0600][19.587s][info][gc,phases   ] GC(26) y: Pause Mark Start 0.027ms
[2026-04-03T03:18:20.143+0600][19.695s][info][gc,phases   ] GC(25) O: Concurrent Mark 110.622ms
[2026-04-03T03:18:20.143+0600][19.695s][info][gc,phases   ] GC(25) O: Pause Mark End 0.039ms
[2026-04-03T03:18:20.143+0600][19.695s][info][gc,phases   ] GC(25) O: Concurrent Mark Free 0.002ms
[2026-04-03T03:18:20.201+0600][19.753s][info][gc,phases   ] GC(25) O: Concurrent Process Non-Strong 57.818ms
[2026-04-03T03:18:20.201+0600][19.753s][info][gc,phases   ] GC(25) O: Concurrent Reset Relocation Set 0.003ms
[2026-04-03T03:18:20.209+0600][19.761s][info][gc,phases   ] GC(25) O: Concurrent Select Relocation Set 7.417ms
[2026-04-03T03:18:20.394+0600][19.946s][info][gc,phases   ] GC(26) y: Concurrent Mark 359.129ms
[2026-04-03T03:18:20.394+0600][19.946s][info][gc,phases   ] GC(26) y: Pause Mark End 0.026ms
[2026-04-03T03:18:20.394+0600][19.947s][info][gc,phases   ] GC(26) y: Concurrent Mark Free 0.003ms
[2026-04-03T03:18:20.394+0600][19.947s][info][gc,phases   ] GC(26) y: Concurrent Reset Relocation Set 0.020ms
[2026-04-03T03:18:20.398+0600][19.950s][info][gc,reloc    ] GC(26) y: Using tenuring threshold: 1 (Computed)
[2026-04-03T03:18:20.436+0600][19.988s][info][gc,phases   ] GC(26) y: Concurrent Select Relocation Set 41.168ms
[2026-04-03T03:18:20.436+0600][19.988s][info][gc,phases   ] GC(26) y: Pause Relocate Start 0.025ms
[2026-04-03T03:18:20.566+0600][20.118s][info][gc,phases   ] GC(26) y: Concurrent Relocate 129.798ms
[2026-04-03T03:18:20.566+0600][20.118s][info][gc,alloc    ] GC(26) y:                         Mark Start        Mark End      Relocate Start    Relocate End   
[2026-04-03T03:18:20.566+0600][20.118s][info][gc,alloc    ] GC(26) y: Allocation Stalls:          0                0                0                0         
[2026-04-03T03:18:20.566+0600][20.118s][info][gc,load     ] GC(26) y: Load: 4.00 (33%) / 4.90 (41%) / 5.48 (46%)
[2026-04-03T03:18:20.566+0600][20.118s][info][gc,mmu      ] GC(26) y: MMU: 2ms/92.1%, 5ms/96.8%, 10ms/98.2%, 20ms/99.1%, 50ms/99.5%, 100ms/99.7%
[2026-04-03T03:18:20.566+0600][20.118s][info][gc,marking  ] GC(26) y: Mark: 2 stripe(s), 2 proactive flush(es), 1 terminate flush(es), 0 completion(s), 0 continuation(s) 
[2026-04-03T03:18:20.566+0600][20.118s][info][gc,marking  ] GC(26) y: Mark Stack Usage: 32M
[2026-04-03T03:18:20.566+0600][20.118s][info][gc,nmethod  ] GC(26) y: NMethods: 4960 registered, 0 unregistered
[2026-04-03T03:18:20.566+0600][20.118s][info][gc,metaspace] GC(26) y: Metaspace: 67M used, 68M committed, 1088M reserved
[2026-04-03T03:18:20.566+0600][20.118s][info][gc,reloc    ] GC(26) y:                        Candidates     Selected     In-Place         Size        Empty    Relocated 
[2026-04-03T03:18:20.566+0600][20.118s][info][gc,reloc    ] GC(26) y: Small Pages:                  109           66            0         218M           0M          20M 
[2026-04-03T03:18:20.566+0600][20.118s][info][gc,reloc    ] GC(26) y: Medium Pages:                   0            0            0           0M           0M           0M 
[2026-04-03T03:18:20.566+0600][20.118s][info][gc,reloc    ] GC(26) y: Large Pages:                    3            0            0          18M           0M           0M 
[2026-04-03T03:18:20.566+0600][20.118s][info][gc,reloc    ] GC(26) y: Forwarding Usage: 19M
[2026-04-03T03:18:20.566+0600][20.118s][info][gc,reloc    ] GC(26) y: Age Table:
[2026-04-03T03:18:20.566+0600][20.118s][info][gc,reloc    ] GC(26) y:                    Live             Garbage             Small              Medium             Large        
[2026-04-03T03:18:20.566+0600][20.118s][info][gc,reloc    ] GC(26) y: Eden              24M (2%)          103M (10%)         64 / 51             0 / 0              0 / 0        
[2026-04-03T03:18:20.566+0600][20.118s][info][gc,reloc    ] GC(26) y: Survivor 1        42M (4%)            9M (1%)          17 / 5              0 / 0              3 / 0        
[2026-04-03T03:18:20.566+0600][20.118s][info][gc,reloc    ] GC(26) y: Survivor 2        29M (3%)           10M (1%)          20 / 4              0 / 0              0 / 0        
[2026-04-03T03:18:20.566+0600][20.118s][info][gc,reloc    ] GC(26) y: Survivor 3         1M (0%)           12M (1%)           7 / 6              0 / 0              0 / 0        
[2026-04-03T03:18:20.566+0600][20.118s][info][gc,reloc    ] GC(26) y: Survivor 4         0M (0%)            1M (0%)           1 / 0              0 / 0              0 / 0        
[2026-04-03T03:18:20.566+0600][20.118s][info][gc,heap     ] GC(26) y: Min Capacity: 8M(1%)
[2026-04-03T03:18:20.566+0600][20.118s][info][gc,heap     ] GC(26) y: Max Capacity: 1000M(100%)
[2026-04-03T03:18:20.566+0600][20.119s][info][gc,heap     ] GC(26) y: Soft Max Capacity: 1000M(100%)
[2026-04-03T03:18:20.566+0600][20.119s][info][gc,heap     ] GC(26) y: Heap Statistics:
[2026-04-03T03:18:20.566+0600][20.119s][info][gc,heap     ] GC(26) y:                Mark Start          Mark End        Relocate Start      Relocate End           High               Low         
[2026-04-03T03:18:20.566+0600][20.119s][info][gc,heap     ] GC(26) y:  Capacity:      936M (94%)         966M (97%)         966M (97%)         982M (98%)         982M (98%)         936M (94%)    
[2026-04-03T03:18:20.566+0600][20.119s][info][gc,heap     ] GC(26) y:      Free:      694M (69%)         506M (51%)         482M (48%)         486M (49%)         694M (69%)         472M (47%)    
[2026-04-03T03:18:20.566+0600][20.119s][info][gc,heap     ] GC(26) y:      Used:      306M (31%)         494M (49%)         518M (52%)         514M (51%)         528M (53%)         306M (31%)    
[2026-04-03T03:18:20.566+0600][20.119s][info][gc,heap     ] GC(26) y: Young Generation Statistics:
[2026-04-03T03:18:20.566+0600][20.119s][info][gc,heap     ] GC(26) y:                Mark Start          Mark End        Relocate Start      Relocate End    
[2026-04-03T03:18:20.566+0600][20.119s][info][gc,heap     ] GC(26) y:      Used:      236M (24%)         424M (42%)         376M (38%)         362M (36%)    
[2026-04-03T03:18:20.566+0600][20.119s][info][gc,heap     ] GC(26) y:      Live:         -                98M (10%)          27M (3%)           24M (2%)     
[2026-04-03T03:18:20.566+0600][20.119s][info][gc,heap     ] GC(26) y:   Garbage:         -               137M (14%)         136M (14%)           0M (0%)     
[2026-04-03T03:18:20.566+0600][20.119s][info][gc,heap     ] GC(26) y: Allocated:         -               188M (19%)         212M (21%)         337M (34%)    
[2026-04-03T03:18:20.566+0600][20.119s][info][gc,heap     ] GC(26) y: Reclaimed:         -                  -                 1M (0%)          137M (14%)    
[2026-04-03T03:18:20.566+0600][20.119s][info][gc,heap     ] GC(26) y:  Promoted:         -                  -                70M (7%)           74M (7%)     
[2026-04-03T03:18:20.566+0600][20.119s][info][gc,heap     ] GC(26) y: Compacted:         -                  -                  -                24M (2%)     
[2026-04-03T03:18:20.566+0600][20.119s][info][gc,phases   ] GC(26) y: Young Generation 306M(31%)->514M(51%) 0.532s
[2026-04-03T03:18:20.566+0600][20.119s][info][gc          ] GC(26) Minor Collection (Allocation Rate) 306M(31%)->514M(51%) 0.532s
[2026-04-03T03:18:20.567+0600][20.119s][info][gc,task     ] Adjusting Workers for Old Generation: 1 -> 2
[2026-04-03T03:18:20.567+0600][20.119s][info][gc,task     ] GC(25) O: Using 3 Workers for Old Generation
[2026-04-03T03:18:20.589+0600][20.142s][info][gc,task     ] GC(25) O: Using 1 Workers for Old Generation
[2026-04-03T03:18:20.589+0600][20.142s][info][gc,phases   ] GC(25) O: Concurrent Remap Roots 22.935ms
[2026-04-03T03:18:20.590+0600][20.142s][info][gc,phases   ] GC(25) O: Pause Relocate Start 0.033ms
[2026-04-03T03:18:20.590+0600][20.142s][info][gc          ] GC(27) Minor Collection (Allocation Rate)
[2026-04-03T03:18:20.590+0600][20.142s][info][gc,task     ] GC(27) Using 1 Workers for Young Generation
[2026-04-03T03:18:20.590+0600][20.142s][info][gc,phases   ] GC(27) y: Young Generation
[2026-04-03T03:18:20.591+0600][20.143s][info][gc,phases   ] GC(27) y: Pause Mark Start 0.021ms
[2026-04-03T03:18:20.596+0600][20.148s][info][gc,phases   ] GC(25) O: Concurrent Relocate 6.184ms
[2026-04-03T03:18:20.611+0600][20.163s][info][gc,task     ] Adjusting Workers for Young Generation: 1 -> 3
[2026-04-03T03:18:20.817+0600][20.369s][info][gc,phases   ] GC(27) y: Concurrent Mark 225.833ms
[2026-04-03T03:18:20.817+0600][20.369s][info][gc,phases   ] GC(27) y: Pause Mark End 0.030ms
[2026-04-03T03:18:20.817+0600][20.369s][info][gc,phases   ] GC(27) y: Concurrent Mark Free 0.001ms
[2026-04-03T03:18:20.840+0600][20.392s][info][gc,phases   ] GC(27) y: Concurrent Reset Relocation Set 0.089ms
[2026-04-03T03:18:20.846+0600][20.398s][info][gc,reloc    ] GC(27) y: Using tenuring threshold: 2 (Computed)
[2026-04-03T03:18:20.848+0600][20.400s][info][gc,phases   ] GC(27) y: Concurrent Select Relocation Set 7.818ms
[2026-04-03T03:18:20.848+0600][20.401s][info][gc,phases   ] GC(27) y: Pause Relocate Start 0.021ms
[2026-04-03T03:18:20.893+0600][20.445s][info][gc,phases   ] GC(27) y: Concurrent Relocate 44.344ms
[2026-04-03T03:18:20.893+0600][20.445s][info][gc,alloc    ] GC(27) y:                         Mark Start        Mark End      Relocate Start    Relocate End   
[2026-04-03T03:18:20.893+0600][20.445s][info][gc,alloc    ] GC(27) y: Allocation Stalls:          0                0                0                0         
[2026-04-03T03:18:20.893+0600][20.445s][info][gc,load     ] GC(27) y: Load: 4.00 (33%) / 4.90 (41%) / 5.48 (46%)
[2026-04-03T03:18:20.893+0600][20.445s][info][gc,mmu      ] GC(27) y: MMU: 2ms/92.1%, 5ms/96.8%, 10ms/98.2%, 20ms/99.1%, 50ms/99.5%, 100ms/99.7%
[2026-04-03T03:18:20.893+0600][20.445s][info][gc,marking  ] GC(27) y: Mark: 1 stripe(s), 2 proactive flush(es), 1 terminate flush(es), 0 completion(s), 0 continuation(s) 
[2026-04-03T03:18:20.893+0600][20.445s][info][gc,marking  ] GC(27) y: Mark Stack Usage: 32M
[2026-04-03T03:18:20.893+0600][20.445s][info][gc,nmethod  ] GC(27) y: NMethods: 5026 registered, 0 unregistered
[2026-04-03T03:18:20.893+0600][20.445s][info][gc,metaspace] GC(27) y: Metaspace: 67M used, 68M committed, 1088M reserved
[2026-04-03T03:18:20.893+0600][20.445s][info][gc,reloc    ] GC(27) y:                        Candidates     Selected     In-Place         Size        Empty    Relocated 
[2026-04-03T03:18:20.893+0600][20.445s][info][gc,reloc    ] GC(27) y: Small Pages:                  169          139            0         338M           0M          24M 
[2026-04-03T03:18:20.893+0600][20.445s][info][gc,reloc    ] GC(27) y: Medium Pages:                   1            0            0          16M           0M           0M 
[2026-04-03T03:18:20.893+0600][20.445s][info][gc,reloc    ] GC(27) y: Large Pages:                    3            0            0          30M           0M           0M 
[2026-04-03T03:18:20.893+0600][20.445s][info][gc,reloc    ] GC(27) y: Forwarding Usage: 19M
[2026-04-03T03:18:20.893+0600][20.445s][info][gc,reloc    ] GC(27) y: Age Table:
[2026-04-03T03:18:20.893+0600][20.445s][info][gc,reloc    ] GC(27) y:                    Live             Garbage             Small              Medium             Large        
[2026-04-03T03:18:20.893+0600][20.445s][info][gc,reloc    ] GC(27) y: Eden              60M (6%)          291M (29%)        153 / 136            1 / 0              3 / 0        
[2026-04-03T03:18:20.893+0600][20.445s][info][gc,reloc    ] GC(27) y: Survivor 1        24M (2%)            7M (1%)          16 / 3              0 / 0              0 / 0        
[2026-04-03T03:18:20.893+0600][20.445s][info][gc,heap     ] GC(27) y: Min Capacity: 8M(1%)
[2026-04-03T03:18:20.893+0600][20.445s][info][gc,heap     ] GC(27) y: Max Capacity: 1000M(100%)
[2026-04-03T03:18:20.893+0600][20.445s][info][gc,heap     ] GC(27) y: Soft Max Capacity: 1000M(100%)
[2026-04-03T03:18:20.893+0600][20.445s][info][gc,heap     ] GC(27) y: Heap Statistics:
[2026-04-03T03:18:20.893+0600][20.445s][info][gc,heap     ] GC(27) y:                Mark Start          Mark End        Relocate Start      Relocate End           High               Low         
[2026-04-03T03:18:20.893+0600][20.445s][info][gc,heap     ] GC(27) y:  Capacity:      982M (98%)        1000M (100%)       1000M (100%)       1000M (100%)       1000M (100%)        982M (98%)    
[2026-04-03T03:18:20.893+0600][20.445s][info][gc,heap     ] GC(27) y:      Free:      464M (46%)         338M (34%)         318M (32%)         570M (57%)         570M (57%)         308M (31%)    
[2026-04-03T03:18:20.893+0600][20.446s][info][gc,heap     ] GC(27) y:      Used:      536M (54%)         662M (66%)         682M (68%)         430M (43%)         692M (69%)         430M (43%)    
[2026-04-03T03:18:20.893+0600][20.446s][info][gc,heap     ] GC(27) y: Young Generation Statistics:
[2026-04-03T03:18:20.893+0600][20.446s][info][gc,heap     ] GC(27) y:                Mark Start          Mark End        Relocate Start      Relocate End    
[2026-04-03T03:18:20.893+0600][20.446s][info][gc,heap     ] GC(27) y:      Used:      384M (38%)         518M (52%)         538M (54%)         286M (29%)    
[2026-04-03T03:18:20.893+0600][20.446s][info][gc,heap     ] GC(27) y:      Live:         -                85M (9%)           85M (9%)           85M (9%)     
[2026-04-03T03:18:20.893+0600][20.446s][info][gc,heap     ] GC(27) y:   Garbage:         -               298M (30%)         298M (30%)          15M (2%)     
[2026-04-03T03:18:20.893+0600][20.446s][info][gc,heap     ] GC(27) y: Allocated:         -               134M (13%)         154M (15%)         184M (18%)    
[2026-04-03T03:18:20.893+0600][20.446s][info][gc,heap     ] GC(27) y: Reclaimed:         -                  -                 0M (0%)          282M (28%)    
[2026-04-03T03:18:20.893+0600][20.446s][info][gc,heap     ] GC(27) y:  Promoted:         -                  -                 0M (0%)            0M (0%)     
[2026-04-03T03:18:20.893+0600][20.446s][info][gc,heap     ] GC(27) y: Compacted:         -                  -                  -                31M (3%)     
[2026-04-03T03:18:20.893+0600][20.446s][info][gc,phases   ] GC(27) y: Young Generation 536M(54%)->430M(43%) 0.303s
[2026-04-03T03:18:20.893+0600][20.446s][info][gc          ] GC(27) Minor Collection (Allocation Rate) 536M(54%)->430M(43%) 0.303s
[2026-04-03T03:18:20.894+0600][20.446s][info][gc,alloc    ] GC(25) O:                         Mark Start        Mark End      Relocate Start    Relocate End   
[2026-04-03T03:18:20.894+0600][20.446s][info][gc,alloc    ] GC(25) O: Allocation Stalls:          0                0                0                0         
[2026-04-03T03:18:20.894+0600][20.446s][info][gc,load     ] GC(25) O: Load: 4.00 (33%) / 4.90 (41%) / 5.48 (46%)
[2026-04-03T03:18:20.894+0600][20.446s][info][gc,mmu      ] GC(25) O: MMU: 2ms/92.1%, 5ms/96.8%, 10ms/98.2%, 20ms/99.1%, 50ms/99.5%, 100ms/99.7%
[2026-04-03T03:18:20.894+0600][20.446s][info][gc,marking  ] GC(25) O: Mark: 1 stripe(s), 2 proactive flush(es), 1 terminate flush(es), 0 completion(s), 0 continuation(s) 
[2026-04-03T03:18:20.894+0600][20.446s][info][gc,marking  ] GC(25) O: Mark Stack Usage: 32M
[2026-04-03T03:18:20.894+0600][20.446s][info][gc,nmethod  ] GC(25) O: NMethods: 5026 registered, 0 unregistered
[2026-04-03T03:18:20.894+0600][20.446s][info][gc,metaspace] GC(25) O: Metaspace: 67M used, 68M committed, 1088M reserved
[2026-04-03T03:18:20.894+0600][20.446s][info][gc,ref      ] GC(25) O:                       Encountered   Discovered     Enqueued 
[2026-04-03T03:18:20.894+0600][20.446s][info][gc,ref      ] GC(25) O: Soft References:             4927            0            0 
[2026-04-03T03:18:20.894+0600][20.446s][info][gc,ref      ] GC(25) O: Weak References:             7121         3965          759 
[2026-04-03T03:18:20.894+0600][20.446s][info][gc,ref      ] GC(25) O: Final References:              82            0            0 
[2026-04-03T03:18:20.894+0600][20.446s][info][gc,ref      ] GC(25) O: Phantom References:           599          206            1 
[2026-04-03T03:18:20.894+0600][20.446s][info][gc,reloc    ] GC(25) O:                        Candidates     Selected     In-Place         Size        Empty    Relocated 
[2026-04-03T03:18:20.894+0600][20.446s][info][gc,reloc    ] GC(25) O: Small Pages:                   24            7            0          48M           0M           2M 
[2026-04-03T03:18:20.894+0600][20.446s][info][gc,reloc    ] GC(25) O: Medium Pages:                   1            0            0          16M           0M           0M 
[2026-04-03T03:18:20.894+0600][20.446s][info][gc,reloc    ] GC(25) O: Large Pages:                    1            0            0           4M           0M           0M 
[2026-04-03T03:18:20.894+0600][20.446s][info][gc,reloc    ] GC(25) O: Forwarding Usage: 1M
[2026-04-03T03:18:20.894+0600][20.446s][info][gc,heap     ] GC(25) O: Min Capacity: 8M(1%)
[2026-04-03T03:18:20.894+0600][20.446s][info][gc,heap     ] GC(25) O: Max Capacity: 1000M(100%)
[2026-04-03T03:18:20.894+0600][20.446s][info][gc,heap     ] GC(25) O: Soft Max Capacity: 1000M(100%)
[2026-04-03T03:18:20.894+0600][20.446s][info][gc,heap     ] GC(25) O: Heap Statistics:
[2026-04-03T03:18:20.894+0600][20.446s][info][gc,heap     ] GC(25) O:                Mark Start          Mark End        Relocate Start      Relocate End           High               Low         
[2026-04-03T03:18:20.894+0600][20.446s][info][gc,heap     ] GC(25) O:  Capacity:      936M (94%)         936M (94%)         982M (98%)         982M (98%)         982M (98%)         936M (94%)    
[2026-04-03T03:18:20.894+0600][20.446s][info][gc,heap     ] GC(25) O:      Free:      698M (70%)         632M (63%)         464M (46%)         466M (47%)         698M (70%)         458M (46%)    
[2026-04-03T03:18:20.894+0600][20.446s][info][gc,heap     ] GC(25) O:      Used:      302M (30%)         368M (37%)         536M (54%)         534M (53%)         542M (54%)         302M (30%)    
[2026-04-03T03:18:20.894+0600][20.446s][info][gc,heap     ] GC(25) O: Old Generation Statistics:
[2026-04-03T03:18:20.894+0600][20.446s][info][gc,heap     ] GC(25) O:                Mark Start          Mark End        Relocate Start      Relocate End    
[2026-04-03T03:18:20.894+0600][20.446s][info][gc,heap     ] GC(25) O:      Used:       68M (7%)           70M (7%)          152M (15%)         144M (14%)    
[2026-04-03T03:18:20.894+0600][20.446s][info][gc,heap     ] GC(25) O:      Live:         -                38M (4%)           38M (4%)           38M (4%)     
[2026-04-03T03:18:20.894+0600][20.446s][info][gc,heap     ] GC(25) O:   Garbage:         -                29M (3%)           29M (3%)           15M (2%)     
[2026-04-03T03:18:20.894+0600][20.446s][info][gc,heap     ] GC(25) O: Allocated:         -                 2M (0%)           84M (8%)           90M (9%)     
[2026-04-03T03:18:20.894+0600][20.446s][info][gc,heap     ] GC(25) O: Reclaimed:         -                  -                 0M (0%)           14M (1%)     
[2026-04-03T03:18:20.894+0600][20.446s][info][gc,heap     ] GC(25) O: Compacted:         -                  -                  -                 3M (0%)     
[2026-04-03T03:18:20.894+0600][20.446s][info][gc,phases   ] GC(25) O: Old Generation 304M(30%)->534M(53%) 0.862s
[2026-04-03T03:18:20.894+0600][20.446s][info][gc          ] GC(25) Major Collection (Allocation Rate) 302M(30%)->430M(43%) 1.099s
[2026-04-03T03:18:20.903+0600][20.455s][info][gc          ] GC(28) Major Collection (Allocation Rate)
[2026-04-03T03:18:20.903+0600][20.455s][info][gc,task     ] GC(28) Using 3 Workers for Young Generation
[2026-04-03T03:18:20.903+0600][20.455s][info][gc,task     ] GC(28) Using 1 Workers for Old Generation
[2026-04-03T03:18:20.903+0600][20.455s][info][gc,phases   ] GC(28) Y: Young Generation
[2026-04-03T03:18:20.903+0600][20.456s][info][gc,phases   ] GC(28) Y: Pause Mark Start (Major) 0.029ms
[2026-04-03T03:18:21.278+0600][20.830s][info][gc,phases   ] GC(28) Y: Concurrent Mark 373.956ms
[2026-04-03T03:18:21.278+0600][20.830s][info][gc,phases   ] GC(28) Y: Pause Mark End 0.189ms
[2026-04-03T03:18:21.278+0600][20.830s][info][gc,phases   ] GC(28) Y: Concurrent Mark Free 0.001ms
[2026-04-03T03:18:21.278+0600][20.830s][info][gc,phases   ] GC(28) Y: Concurrent Reset Relocation Set 0.033ms
[2026-04-03T03:18:21.284+0600][20.836s][info][gc,reloc    ] GC(28) Y: Using tenuring threshold: 1 (Computed)
[2026-04-03T03:18:21.326+0600][20.878s][info][gc,phases   ] GC(28) Y: Concurrent Select Relocation Set 47.635ms
[2026-04-03T03:18:21.326+0600][20.878s][info][gc,phases   ] GC(28) Y: Pause Relocate Start 0.029ms
[2026-04-03T03:18:21.415+0600][20.968s][info][gc,phases   ] GC(28) Y: Concurrent Relocate 88.967ms
[2026-04-03T03:18:21.416+0600][20.968s][info][gc,alloc    ] GC(28) Y:                         Mark Start        Mark End      Relocate Start    Relocate End   
[2026-04-03T03:18:21.416+0600][20.968s][info][gc,alloc    ] GC(28) Y: Allocation Stalls:          0                0                0                0         
[2026-04-03T03:18:21.416+0600][20.968s][info][gc,load     ] GC(28) Y: Load: 4.00 (33%) / 4.90 (41%) / 5.48 (46%)
[2026-04-03T03:18:21.416+0600][20.968s][info][gc,mmu      ] GC(28) Y: MMU: 2ms/90.5%, 5ms/96.2%, 10ms/98.1%, 20ms/99.1%, 50ms/99.5%, 100ms/99.7%
[2026-04-03T03:18:21.416+0600][20.968s][info][gc,marking  ] GC(28) Y: Mark: 2 stripe(s), 10 proactive flush(es), 1 terminate flush(es), 0 completion(s), 0 continuation(s) 
[2026-04-03T03:18:21.416+0600][20.968s][info][gc,marking  ] GC(28) Y: Mark Stack Usage: 32M
[2026-04-03T03:18:21.416+0600][20.968s][info][gc,nmethod  ] GC(28) Y: NMethods: 5106 registered, 0 unregistered
[2026-04-03T03:18:21.416+0600][20.968s][info][gc,metaspace] GC(28) Y: Metaspace: 67M used, 68M committed, 1088M reserved
[2026-04-03T03:18:21.416+0600][20.968s][info][gc,reloc    ] GC(28) Y:                        Candidates     Selected     In-Place         Size        Empty    Relocated 
[2026-04-03T03:18:21.416+0600][20.968s][info][gc,reloc    ] GC(28) Y: Small Pages:                  108           68            0         216M           0M          14M 
[2026-04-03T03:18:21.416+0600][20.968s][info][gc,reloc    ] GC(28) Y: Medium Pages:                   2            0            0          32M          16M           0M 
[2026-04-03T03:18:21.416+0600][20.968s][info][gc,reloc    ] GC(28) Y: Large Pages:                    6            0            0          42M           4M           0M 
[2026-04-03T03:18:21.416+0600][20.968s][info][gc,reloc    ] GC(28) Y: Forwarding Usage: 13M
[2026-04-03T03:18:21.416+0600][20.968s][info][gc,reloc    ] GC(28) Y: Age Table:
[2026-04-03T03:18:21.416+0600][20.968s][info][gc,reloc    ] GC(28) Y:                    Live             Garbage             Small              Medium             Large        
[2026-04-03T03:18:21.416+0600][20.968s][info][gc,reloc    ] GC(28) Y: Eden              29M (3%)          142M (14%)         72 / 61             1 / 0              3 / 0        
[2026-04-03T03:18:21.416+0600][20.968s][info][gc,reloc    ] GC(28) Y: Survivor 1        60M (6%)           23M (2%)          19 / 2              1 / 0              3 / 0        
[2026-04-03T03:18:21.416+0600][20.968s][info][gc,reloc    ] GC(28) Y: Survivor 2        24M (2%)            9M (1%)          17 / 5              0 / 0              0 / 0        
[2026-04-03T03:18:21.416+0600][20.968s][info][gc,heap     ] GC(28) Y: Min Capacity: 8M(1%)
[2026-04-03T03:18:21.416+0600][20.968s][info][gc,heap     ] GC(28) Y: Max Capacity: 1000M(100%)
[2026-04-03T03:18:21.416+0600][20.968s][info][gc,heap     ] GC(28) Y: Soft Max Capacity: 1000M(100%)
[2026-04-03T03:18:21.416+0600][20.968s][info][gc,heap     ] GC(28) Y: Heap Statistics:
[2026-04-03T03:18:21.416+0600][20.968s][info][gc,heap     ] GC(28) Y:                Mark Start          Mark End        Relocate Start      Relocate End           High               Low         
[2026-04-03T03:18:21.416+0600][20.968s][info][gc,heap     ] GC(28) Y:  Capacity:     1000M (100%)       1000M (100%)       1000M (100%)       1000M (100%)       1000M (100%)       1000M (100%)   
[2026-04-03T03:18:21.416+0600][20.968s][info][gc,heap     ] GC(28) Y:      Free:      566M (57%)         318M (32%)         286M (29%)         368M (37%)         566M (57%)         272M (27%)    
[2026-04-03T03:18:21.416+0600][20.968s][info][gc,heap     ] GC(28) Y:      Used:      434M (43%)         682M (68%)         714M (71%)         632M (63%)         728M (73%)         434M (43%)    
[2026-04-03T03:18:21.416+0600][20.968s][info][gc,heap     ] GC(28) Y: Young Generation Statistics:
[2026-04-03T03:18:21.416+0600][20.968s][info][gc,heap     ] GC(28) Y:                Mark Start          Mark End        Relocate Start      Relocate End    
[2026-04-03T03:18:21.416+0600][20.968s][info][gc,heap     ] GC(28) Y:      Used:      290M (29%)         538M (54%)         484M (48%)         392M (39%)    
[2026-04-03T03:18:21.416+0600][20.968s][info][gc,heap     ] GC(28) Y:      Live:         -               114M (11%)          31M (3%)           29M (3%)     
[2026-04-03T03:18:21.416+0600][20.968s][info][gc,heap     ] GC(28) Y:   Garbage:         -               175M (18%)         152M (15%)          13M (1%)     
[2026-04-03T03:18:21.416+0600][20.968s][info][gc,heap     ] GC(28) Y: Allocated:         -               248M (25%)         300M (30%)         348M (35%)    
[2026-04-03T03:18:21.416+0600][20.968s][info][gc,heap     ] GC(28) Y: Reclaimed:         -                  -                22M (2%)          161M (16%)    
[2026-04-03T03:18:21.416+0600][20.968s][info][gc,heap     ] GC(28) Y:  Promoted:         -                  -                83M (8%)           84M (8%)     
[2026-04-03T03:18:21.416+0600][20.968s][info][gc,heap     ] GC(28) Y: Compacted:         -                  -                  -                19M (2%)     
[2026-04-03T03:18:21.416+0600][20.968s][info][gc,phases   ] GC(28) Y: Young Generation 434M(43%)->632M(63%) 0.512s
[2026-04-03T03:18:21.416+0600][20.968s][info][gc,phases   ] GC(28) O: Old Generation
[2026-04-03T03:18:21.422+0600][20.974s][info][gc          ] GC(29) Minor Collection (Allocation Rate)
[2026-04-03T03:18:21.422+0600][20.974s][info][gc,task     ] GC(29) Using 2 Workers for Young Generation
[2026-04-03T03:18:21.422+0600][20.974s][info][gc,phases   ] GC(29) y: Young Generation
[2026-04-03T03:18:21.422+0600][20.975s][info][gc,phases   ] GC(29) y: Pause Mark Start 0.027ms
[2026-04-03T03:18:21.800+0600][21.352s][info][gc,phases   ] GC(29) y: Concurrent Mark 376.998ms
[2026-04-03T03:18:21.800+0600][21.352s][info][gc,phases   ] GC(29) y: Pause Mark End 0.030ms
[2026-04-03T03:18:21.800+0600][21.352s][info][gc,phases   ] GC(29) y: Concurrent Mark Free 0.005ms
[2026-04-03T03:18:21.800+0600][21.353s][info][gc,phases   ] GC(29) y: Concurrent Reset Relocation Set 0.089ms
[2026-04-03T03:18:21.803+0600][21.356s][info][gc,reloc    ] GC(29) y: Using tenuring threshold: 2 (Computed)
[2026-04-03T03:18:21.836+0600][21.388s][info][gc,phases   ] GC(29) y: Concurrent Select Relocation Set 35.558ms
[2026-04-03T03:18:21.837+0600][21.389s][info][gc,phases   ] GC(29) y: Pause Relocate Start 0.026ms
[2026-04-03T03:18:21.936+0600][21.489s][info][gc,phases   ] GC(28) O: Concurrent Mark 520.501ms
[2026-04-03T03:18:21.940+0600][21.493s][info][gc,phases   ] GC(28) O: Pause Mark End 0.036ms
[2026-04-03T03:18:21.941+0600][21.493s][info][gc,phases   ] GC(28) O: Concurrent Mark Free 0.003ms
[2026-04-03T03:18:21.989+0600][21.541s][info][gc,phases   ] GC(28) O: Concurrent Process Non-Strong 47.995ms
[2026-04-03T03:18:21.989+0600][21.541s][info][gc,phases   ] GC(28) O: Concurrent Reset Relocation Set 0.003ms
[2026-04-03T03:18:21.995+0600][21.547s][info][gc,phases   ] GC(28) O: Concurrent Select Relocation Set 6.096ms
[2026-04-03T03:18:22.004+0600][21.556s][info][gc,phases   ] GC(29) y: Concurrent Relocate 167.164ms
[2026-04-03T03:18:22.004+0600][21.556s][info][gc,alloc    ] GC(29) y:                         Mark Start        Mark End      Relocate Start    Relocate End   
[2026-04-03T03:18:22.004+0600][21.556s][info][gc,alloc    ] GC(29) y: Allocation Stalls:          0                0                0                0         
[2026-04-03T03:18:22.004+0600][21.556s][info][gc,load     ] GC(29) y: Load: 4.00 (33%) / 4.90 (41%) / 5.48 (46%)
[2026-04-03T03:18:22.004+0600][21.556s][info][gc,mmu      ] GC(29) y: MMU: 2ms/90.5%, 5ms/96.2%, 10ms/98.1%, 20ms/99.1%, 50ms/99.5%, 100ms/99.7%
[2026-04-03T03:18:22.004+0600][21.556s][info][gc,marking  ] GC(29) y: Mark: 2 stripe(s), 2 proactive flush(es), 1 terminate flush(es), 0 completion(s), 0 continuation(s) 
[2026-04-03T03:18:22.004+0600][21.556s][info][gc,marking  ] GC(29) y: Mark Stack Usage: 32M
[2026-04-03T03:18:22.004+0600][21.556s][info][gc,nmethod  ] GC(29) y: NMethods: 5233 registered, 73 unregistered
[2026-04-03T03:18:22.004+0600][21.556s][info][gc,metaspace] GC(29) y: Metaspace: 67M used, 68M committed, 1088M reserved
[2026-04-03T03:18:22.004+0600][21.556s][info][gc,reloc    ] GC(29) y:                        Candidates     Selected     In-Place         Size        Empty    Relocated 
[2026-04-03T03:18:22.004+0600][21.556s][info][gc,reloc    ] GC(29) y: Small Pages:                  147           85            0         294M           0M          37M 
[2026-04-03T03:18:22.004+0600][21.556s][info][gc,reloc    ] GC(29) y: Medium Pages:                   2            1            0          32M           0M           3M 
[2026-04-03T03:18:22.004+0600][21.556s][info][gc,reloc    ] GC(29) y: Large Pages:                   11            0            0          68M          30M           0M 
[2026-04-03T03:18:22.004+0600][21.556s][info][gc,reloc    ] GC(29) y: Forwarding Usage: 44M
[2026-04-03T03:18:22.004+0600][21.556s][info][gc,reloc    ] GC(29) y: Age Table:
[2026-04-03T03:18:22.004+0600][21.556s][info][gc,reloc    ] GC(29) y:                    Live             Garbage             Small              Medium             Large        
[2026-04-03T03:18:22.004+0600][21.556s][info][gc,reloc    ] GC(29) y: Eden             119M (12%)         222M (22%)        133 / 81             1 / 1              9 / 0        
[2026-04-03T03:18:22.004+0600][21.556s][info][gc,reloc    ] GC(29) y: Survivor 1        29M (3%)           22M (2%)          14 / 4              1 / 0              2 / 0        
[2026-04-03T03:18:22.004+0600][21.556s][info][gc,heap     ] GC(29) y: Min Capacity: 8M(1%)
[2026-04-03T03:18:22.004+0600][21.556s][info][gc,heap     ] GC(29) y: Max Capacity: 1000M(100%)
[2026-04-03T03:18:22.004+0600][21.556s][info][gc,heap     ] GC(29) y: Soft Max Capacity: 1000M(100%)
[2026-04-03T03:18:22.004+0600][21.556s][info][gc,heap     ] GC(29) y: Heap Statistics:
[2026-04-03T03:18:22.004+0600][21.556s][info][gc,heap     ] GC(29) y:                Mark Start          Mark End        Relocate Start      Relocate End           High               Low         
[2026-04-03T03:18:22.004+0600][21.556s][info][gc,heap     ] GC(29) y:  Capacity:     1000M (100%)       1000M (100%)       1000M (100%)       1000M (100%)       1000M (100%)       1000M (100%)   
[2026-04-03T03:18:22.004+0600][21.556s][info][gc,heap     ] GC(29) y:      Free:      366M (37%)         214M (21%)         238M (24%)         374M (37%)         378M (38%)         198M (20%)    
[2026-04-03T03:18:22.004+0600][21.557s][info][gc,heap     ] GC(29) y:      Used:      634M (63%)         786M (79%)         762M (76%)         626M (63%)         802M (80%)         622M (62%)    
[2026-04-03T03:18:22.004+0600][21.557s][info][gc,heap     ] GC(29) y: Young Generation Statistics:
[2026-04-03T03:18:22.004+0600][21.557s][info][gc,heap     ] GC(29) y:                Mark Start          Mark End        Relocate Start      Relocate End    
[2026-04-03T03:18:22.004+0600][21.557s][info][gc,heap     ] GC(29) y:      Used:      394M (39%)         546M (55%)         522M (52%)         404M (40%)    
[2026-04-03T03:18:22.004+0600][21.557s][info][gc,heap     ] GC(29) y:      Live:         -               148M (15%)         148M (15%)         148M (15%)    
[2026-04-03T03:18:22.004+0600][21.557s][info][gc,heap     ] GC(29) y:   Garbage:         -               245M (25%)         215M (22%)           2M (0%)     
[2026-04-03T03:18:22.004+0600][21.557s][info][gc,heap     ] GC(29) y: Allocated:         -               152M (15%)         158M (16%)         253M (25%)    
[2026-04-03T03:18:22.004+0600][21.557s][info][gc,heap     ] GC(29) y: Reclaimed:         -                  -                30M (3%)          243M (24%)    
[2026-04-03T03:18:22.004+0600][21.557s][info][gc,heap     ] GC(29) y:  Promoted:         -                  -                 0M (0%)            0M (0%)     
[2026-04-03T03:18:22.004+0600][21.557s][info][gc,heap     ] GC(29) y: Compacted:         -                  -                  -                90M (9%)     
[2026-04-03T03:18:22.004+0600][21.557s][info][gc,phases   ] GC(29) y: Young Generation 634M(63%)->626M(63%) 0.582s
[2026-04-03T03:18:22.004+0600][21.557s][info][gc          ] GC(29) Minor Collection (Allocation Rate) 634M(63%)->626M(63%) 0.582s
[2026-04-03T03:18:22.004+0600][21.557s][info][gc,task     ] GC(28) O: Using 3 Workers for Old Generation
[2026-04-03T03:18:22.029+0600][21.581s][info][gc,task     ] GC(28) O: Using 1 Workers for Old Generation
[2026-04-03T03:18:22.029+0600][21.581s][info][gc,phases   ] GC(28) O: Concurrent Remap Roots 24.569ms
[2026-04-03T03:18:22.029+0600][21.582s][info][gc,phases   ] GC(28) O: Pause Relocate Start 0.029ms
[2026-04-03T03:18:22.030+0600][21.582s][info][gc          ] GC(30) Minor Collection (Allocation Rate)
[2026-04-03T03:18:22.030+0600][21.582s][info][gc,task     ] GC(30) Using 2 Workers for Young Generation
[2026-04-03T03:18:22.030+0600][21.582s][info][gc,phases   ] GC(30) y: Young Generation
[2026-04-03T03:18:22.030+0600][21.582s][info][gc,phases   ] GC(30) y: Pause Mark Start 0.025ms
[2026-04-03T03:18:22.061+0600][21.613s][info][gc,phases   ] GC(28) O: Concurrent Relocate 31.297ms
[2026-04-03T03:18:22.062+0600][21.614s][info][gc,task     ] Adjusting Workers for Young Generation: 2 -> 3
[2026-04-03T03:18:22.440+0600][21.992s][info][gc,phases   ] GC(30) y: Concurrent Mark 409.332ms
[2026-04-03T03:18:22.440+0600][21.992s][info][gc,phases   ] GC(30) y: Pause Mark End 0.028ms
[2026-04-03T03:18:22.440+0600][21.992s][info][gc,phases   ] GC(30) y: Concurrent Mark Free 0.003ms
[2026-04-03T03:18:22.440+0600][21.993s][info][gc,phases   ] GC(30) y: Concurrent Reset Relocation Set 0.038ms
[2026-04-03T03:18:22.447+0600][21.999s][info][gc,reloc    ] GC(30) y: Using tenuring threshold: 1 (Computed)
[2026-04-03T03:18:22.529+0600][22.081s][info][gc,phases   ] GC(30) y: Concurrent Select Relocation Set 88.899ms
[2026-04-03T03:18:22.530+0600][22.082s][info][gc,phases   ] GC(30) y: Pause Relocate Start 0.023ms
[2026-04-03T03:18:22.712+0600][22.264s][info][gc,phases   ] GC(30) y: Concurrent Relocate 182.392ms
[2026-04-03T03:18:22.712+0600][22.264s][info][gc,alloc    ] GC(30) y:                         Mark Start        Mark End      Relocate Start    Relocate End   
[2026-04-03T03:18:22.712+0600][22.264s][info][gc,alloc    ] GC(30) y: Allocation Stalls:          0                0                0                0         
[2026-04-03T03:18:22.712+0600][22.265s][info][gc,load     ] GC(30) y: Load: 4.00 (33%) / 4.90 (41%) / 5.48 (46%)
[2026-04-03T03:18:22.712+0600][22.265s][info][gc,mmu      ] GC(30) y: MMU: 2ms/90.5%, 5ms/96.2%, 10ms/98.1%, 20ms/99.1%, 50ms/99.5%, 100ms/99.7%
[2026-04-03T03:18:22.712+0600][22.265s][info][gc,marking  ] GC(30) y: Mark: 2 stripe(s), 10 proactive flush(es), 1 terminate flush(es), 0 completion(s), 0 continuation(s) 
[2026-04-03T03:18:22.712+0600][22.265s][info][gc,marking  ] GC(30) y: Mark Stack Usage: 32M
[2026-04-03T03:18:22.712+0600][22.265s][info][gc,nmethod  ] GC(30) y: NMethods: 5354 registered, 73 unregistered
[2026-04-03T03:18:22.712+0600][22.265s][info][gc,metaspace] GC(30) y: Metaspace: 68M used, 68M committed, 1088M reserved
[2026-04-03T03:18:22.712+0600][22.265s][info][gc,reloc    ] GC(30) y:                        Candidates     Selected     In-Place         Size        Empty    Relocated 
[2026-04-03T03:18:22.712+0600][22.265s][info][gc,reloc    ] GC(30) y: Small Pages:                  155           89            0         310M           0M          18M 
[2026-04-03T03:18:22.712+0600][22.265s][info][gc,reloc    ] GC(30) y: Medium Pages:                   3            2            0          48M           0M           5M 
[2026-04-03T03:18:22.712+0600][22.265s][info][gc,reloc    ] GC(30) y: Large Pages:                    8            0            0          52M           4M           0M 
[2026-04-03T03:18:22.712+0600][22.265s][info][gc,reloc    ] GC(30) y: Forwarding Usage: 23M
[2026-04-03T03:18:22.712+0600][22.265s][info][gc,reloc    ] GC(30) y: Age Table:
[2026-04-03T03:18:22.712+0600][22.265s][info][gc,reloc    ] GC(30) y:                    Live             Garbage             Small              Medium             Large        
[2026-04-03T03:18:22.712+0600][22.265s][info][gc,reloc    ] GC(30) y: Eden              32M (3%)          185M (19%)         94 / 83             1 / 0              3 / 0        
[2026-04-03T03:18:22.712+0600][22.265s][info][gc,reloc    ] GC(30) y: Survivor 1       119M (12%)          22M (2%)          48 / 5              1 / 1              3 / 0        
[2026-04-03T03:18:22.712+0600][22.265s][info][gc,reloc    ] GC(30) y: Survivor 2        29M (3%)           20M (2%)          13 / 1              1 / 1              2 / 0        
[2026-04-03T03:18:22.712+0600][22.265s][info][gc,heap     ] GC(30) y: Min Capacity: 8M(1%)
[2026-04-03T03:18:22.712+0600][22.265s][info][gc,heap     ] GC(30) y: Max Capacity: 1000M(100%)
[2026-04-03T03:18:22.712+0600][22.265s][info][gc,heap     ] GC(30) y: Soft Max Capacity: 1000M(100%)
[2026-04-03T03:18:22.712+0600][22.265s][info][gc,heap     ] GC(30) y: Heap Statistics:
[2026-04-03T03:18:22.712+0600][22.265s][info][gc,heap     ] GC(30) y:                Mark Start          Mark End        Relocate Start      Relocate End           High               Low         
[2026-04-03T03:18:22.712+0600][22.265s][info][gc,heap     ] GC(30) y:  Capacity:     1000M (100%)       1000M (100%)       1000M (100%)       1000M (100%)       1000M (100%)       1000M (100%)   
[2026-04-03T03:18:22.713+0600][22.265s][info][gc,heap     ] GC(30) y:      Free:      366M (37%)         302M (30%)         292M (29%)         446M (45%)         470M (47%)         254M (25%)    
[2026-04-03T03:18:22.713+0600][22.265s][info][gc,heap     ] GC(30) y:      Used:      634M (63%)         698M (70%)         708M (71%)         554M (55%)         746M (75%)         530M (53%)    
[2026-04-03T03:18:22.713+0600][22.265s][info][gc,heap     ] GC(30) y: Young Generation Statistics:
[2026-04-03T03:18:22.713+0600][22.265s][info][gc,heap     ] GC(30) y:                Mark Start          Mark End        Relocate Start      Relocate End    
[2026-04-03T03:18:22.713+0600][22.265s][info][gc,heap     ] GC(30) y:      Used:      410M (41%)         482M (48%)         352M (35%)         172M (17%)    
[2026-04-03T03:18:22.713+0600][22.265s][info][gc,heap     ] GC(30) y:      Live:         -               180M (18%)          42M (4%)           32M (3%)     
[2026-04-03T03:18:22.713+0600][22.265s][info][gc,heap     ] GC(30) y:   Garbage:         -               229M (23%)         223M (22%)           0M (0%)     
[2026-04-03T03:18:22.713+0600][22.265s][info][gc,heap     ] GC(30) y: Allocated:         -                72M (7%)           86M (9%)          139M (14%)    
[2026-04-03T03:18:22.713+0600][22.265s][info][gc,heap     ] GC(30) y: Reclaimed:         -                  -                 5M (1%)          229M (23%)    
[2026-04-03T03:18:22.713+0600][22.265s][info][gc,heap     ] GC(30) y:  Promoted:         -                  -               138M (14%)         148M (15%)    
[2026-04-03T03:18:22.713+0600][22.265s][info][gc,heap     ] GC(30) y: Compacted:         -                  -                  -                22M (2%)     
[2026-04-03T03:18:22.713+0600][22.265s][info][gc,phases   ] GC(30) y: Young Generation 636M(64%)->554M(55%) 0.682s
[2026-04-03T03:18:22.713+0600][22.265s][info][gc          ] GC(30) Minor Collection (Allocation Rate) 636M(64%)->554M(55%) 0.683s
[2026-04-03T03:18:22.713+0600][22.265s][info][gc,alloc    ] GC(28) O:                         Mark Start        Mark End      Relocate Start    Relocate End   
[2026-04-03T03:18:22.713+0600][22.265s][info][gc,alloc    ] GC(28) O: Allocation Stalls:          0                0                0                0         
[2026-04-03T03:18:22.713+0600][22.265s][info][gc,load     ] GC(28) O: Load: 4.00 (33%) / 4.90 (41%) / 5.48 (46%)
[2026-04-03T03:18:22.713+0600][22.265s][info][gc,mmu      ] GC(28) O: MMU: 2ms/90.5%, 5ms/96.2%, 10ms/98.1%, 20ms/99.1%, 50ms/99.5%, 100ms/99.7%
[2026-04-03T03:18:22.713+0600][22.265s][info][gc,marking  ] GC(28) O: Mark: 1 stripe(s), 2 proactive flush(es), 1 terminate flush(es), 0 completion(s), 0 continuation(s) 
[2026-04-03T03:18:22.713+0600][22.265s][info][gc,marking  ] GC(28) O: Mark Stack Usage: 32M
[2026-04-03T03:18:22.713+0600][22.265s][info][gc,nmethod  ] GC(28) O: NMethods: 5354 registered, 73 unregistered
[2026-04-03T03:18:22.713+0600][22.265s][info][gc,metaspace] GC(28) O: Metaspace: 68M used, 68M committed, 1088M reserved
[2026-04-03T03:18:22.713+0600][22.265s][info][gc,ref      ] GC(28) O:                       Encountered   Discovered     Enqueued 
[2026-04-03T03:18:22.713+0600][22.265s][info][gc,ref      ] GC(28) O: Soft References:             4944            0            0 
[2026-04-03T03:18:22.713+0600][22.265s][info][gc,ref      ] GC(28) O: Weak References:             6722         5162          516 
[2026-04-03T03:18:22.713+0600][22.265s][info][gc,ref      ] GC(28) O: Final References:              82           48            0 
[2026-04-03T03:18:22.713+0600][22.265s][info][gc,ref      ] GC(28) O: Phantom References:           594          531            0 
[2026-04-03T03:18:22.713+0600][22.265s][info][gc,reloc    ] GC(28) O:                        Candidates     Selected     In-Place         Size        Empty    Relocated 
[2026-04-03T03:18:22.713+0600][22.265s][info][gc,reloc    ] GC(28) O: Small Pages:                   53            8            0         106M           0M           2M 
[2026-04-03T03:18:22.713+0600][22.265s][info][gc,reloc    ] GC(28) O: Medium Pages:                   1            0            0          16M           0M           0M 
[2026-04-03T03:18:22.713+0600][22.265s][info][gc,reloc    ] GC(28) O: Large Pages:                    4            0            0          22M          18M           0M 
[2026-04-03T03:18:22.713+0600][22.265s][info][gc,reloc    ] GC(28) O: Forwarding Usage: 3M
[2026-04-03T03:18:22.713+0600][22.265s][info][gc,heap     ] GC(28) O: Min Capacity: 8M(1%)
[2026-04-03T03:18:22.713+0600][22.265s][info][gc,heap     ] GC(28) O: Max Capacity: 1000M(100%)
[2026-04-03T03:18:22.713+0600][22.265s][info][gc,heap     ] GC(28) O: Soft Max Capacity: 1000M(100%)
[2026-04-03T03:18:22.713+0600][22.265s][info][gc,heap     ] GC(28) O: Heap Statistics:
[2026-04-03T03:18:22.713+0600][22.265s][info][gc,heap     ] GC(28) O:                Mark Start          Mark End        Relocate Start      Relocate End           High               Low         
[2026-04-03T03:18:22.713+0600][22.265s][info][gc,heap     ] GC(28) O:  Capacity:     1000M (100%)       1000M (100%)       1000M (100%)       1000M (100%)       1000M (100%)       1000M (100%)   
[2026-04-03T03:18:22.713+0600][22.265s][info][gc,heap     ] GC(28) O:      Free:      566M (57%)         362M (36%)         368M (37%)         364M (36%)         566M (57%)         198M (20%)    
[2026-04-03T03:18:22.713+0600][22.265s][info][gc,heap     ] GC(28) O:      Used:      434M (43%)         638M (64%)         632M (63%)         636M (64%)         802M (80%)         434M (43%)    
[2026-04-03T03:18:22.713+0600][22.265s][info][gc,heap     ] GC(28) O: Old Generation Statistics:
[2026-04-03T03:18:22.713+0600][22.265s][info][gc,heap     ] GC(28) O:                Mark Start          Mark End        Relocate Start      Relocate End    
[2026-04-03T03:18:22.713+0600][22.265s][info][gc,heap     ] GC(28) O:      Used:      144M (14%)         240M (24%)         222M (22%)         216M (22%)    
[2026-04-03T03:18:22.713+0600][22.265s][info][gc,heap     ] GC(28) O:      Live:         -                93M (9%)           93M (9%)           93M (9%)     
[2026-04-03T03:18:22.713+0600][22.265s][info][gc,heap     ] GC(28) O:   Garbage:         -                50M (5%)           32M (3%)           16M (2%)     
[2026-04-03T03:18:22.713+0600][22.265s][info][gc,heap     ] GC(28) O: Allocated:         -                96M (10%)          96M (10%)         106M (11%)    
[2026-04-03T03:18:22.713+0600][22.265s][info][gc,heap     ] GC(28) O: Reclaimed:         -                  -                18M (2%)           34M (3%)     
[2026-04-03T03:18:22.713+0600][22.265s][info][gc,heap     ] GC(28) O: Compacted:         -                  -                  -                 5M (1%)     
[2026-04-03T03:18:22.713+0600][22.265s][info][gc,phases   ] GC(28) O: Old Generation 632M(63%)->636M(64%) 1.297s
[2026-04-03T03:18:22.713+0600][22.265s][info][gc          ] GC(28) Major Collection (Allocation Rate) 434M(43%)->554M(55%) 1.810s
[2026-04-03T03:18:22.718+0600][22.271s][info][gc          ] GC(31) Major Collection (Allocation Rate)
[2026-04-03T03:18:22.718+0600][22.271s][info][gc,task     ] GC(31) Using 3 Workers for Young Generation
[2026-04-03T03:18:22.718+0600][22.271s][info][gc,task     ] GC(31) Using 1 Workers for Old Generation
[2026-04-03T03:18:22.718+0600][22.271s][info][gc,phases   ] GC(31) Y: Young Generation
[2026-04-03T03:18:22.719+0600][22.271s][info][gc,phases   ] GC(31) Y: Pause Mark Start (Major) 0.033ms
[2026-04-03T03:18:22.829+0600][22.382s][info][gc,phases   ] GC(31) Y: Concurrent Mark 110.413ms
[2026-04-03T03:18:22.830+0600][22.382s][info][gc,phases   ] GC(31) Y: Pause Mark End 0.025ms
[2026-04-03T03:18:22.830+0600][22.382s][info][gc,phases   ] GC(31) Y: Concurrent Mark Free 0.002ms
[2026-04-03T03:18:22.830+0600][22.382s][info][gc,phases   ] GC(31) Y: Concurrent Reset Relocation Set 0.134ms
[2026-04-03T03:18:22.835+0600][22.388s][info][gc,reloc    ] GC(31) Y: Using tenuring threshold: 2 (Computed)
[2026-04-03T03:18:22.838+0600][22.391s][info][gc,phases   ] GC(31) Y: Concurrent Select Relocation Set 8.422ms
[2026-04-03T03:18:22.838+0600][22.391s][info][gc,phases   ] GC(31) Y: Pause Relocate Start 0.019ms
[2026-04-03T03:18:22.844+0600][22.397s][info][gc,phases   ] GC(31) Y: Concurrent Relocate 5.780ms
[2026-04-03T03:18:22.844+0600][22.397s][info][gc,alloc    ] GC(31) Y:                         Mark Start        Mark End      Relocate Start    Relocate End   
[2026-04-03T03:18:22.844+0600][22.397s][info][gc,alloc    ] GC(31) Y: Allocation Stalls:          0                0                0                0         
[2026-04-03T03:18:22.844+0600][22.397s][info][gc,load     ] GC(31) Y: Load: 4.00 (33%) / 4.90 (41%) / 5.48 (46%)
[2026-04-03T03:18:22.844+0600][22.397s][info][gc,mmu      ] GC(31) Y: MMU: 2ms/90.5%, 5ms/96.2%, 10ms/98.1%, 20ms/99.1%, 50ms/99.5%, 100ms/99.7%
[2026-04-03T03:18:22.844+0600][22.397s][info][gc,marking  ] GC(31) Y: Mark: 2 stripe(s), 2 proactive flush(es), 1 terminate flush(es), 0 completion(s), 0 continuation(s) 
[2026-04-03T03:18:22.845+0600][22.397s][info][gc,marking  ] GC(31) Y: Mark Stack Usage: 32M
[2026-04-03T03:18:22.845+0600][22.397s][info][gc,nmethod  ] GC(31) Y: NMethods: 5359 registered, 73 unregistered
[2026-04-03T03:18:22.845+0600][22.397s][info][gc,metaspace] GC(31) Y: Metaspace: 68M used, 68M committed, 1088M reserved
[2026-04-03T03:18:22.845+0600][22.397s][info][gc,reloc    ] GC(31) Y:                        Candidates     Selected     In-Place         Size        Empty    Relocated 
[2026-04-03T03:18:22.845+0600][22.397s][info][gc,reloc    ] GC(31) Y: Small Pages:                   64           42            0         128M          18M           2M 
[2026-04-03T03:18:22.845+0600][22.397s][info][gc,reloc    ] GC(31) Y: Medium Pages:                   2            0            0          32M          32M           0M 
[2026-04-03T03:18:22.845+0600][22.397s][info][gc,reloc    ] GC(31) Y: Large Pages:                    3            0            0          16M           4M           0M 
[2026-04-03T03:18:22.845+0600][22.397s][info][gc,reloc    ] GC(31) Y: Forwarding Usage: 2M
[2026-04-03T03:18:22.845+0600][22.397s][info][gc,reloc    ] GC(31) Y: Age Table:
[2026-04-03T03:18:22.845+0600][22.397s][info][gc,reloc    ] GC(31) Y:                    Live             Garbage             Small              Medium             Large        
[2026-04-03T03:18:22.845+0600][22.397s][info][gc,reloc    ] GC(31) Y: Eden               8M (1%)          111M (11%)         49 / 38             1 / 0              1 / 0        
[2026-04-03T03:18:22.845+0600][22.397s][info][gc,reloc    ] GC(31) Y: Survivor 1        26M (3%)           29M (3%)          15 / 4              1 / 0              2 / 0        
[2026-04-03T03:18:22.845+0600][22.397s][info][gc,heap     ] GC(31) Y: Min Capacity: 8M(1%)
[2026-04-03T03:18:22.845+0600][22.397s][info][gc,heap     ] GC(31) Y: Max Capacity: 1000M(100%)
[2026-04-03T03:18:22.845+0600][22.397s][info][gc,heap     ] GC(31) Y: Soft Max Capacity: 1000M(100%)
[2026-04-03T03:18:22.845+0600][22.397s][info][gc,heap     ] GC(31) Y: Heap Statistics:
[2026-04-03T03:18:22.845+0600][22.397s][info][gc,heap     ] GC(31) Y:                Mark Start          Mark End        Relocate Start      Relocate End           High               Low         
[2026-04-03T03:18:22.845+0600][22.397s][info][gc,heap     ] GC(31) Y:  Capacity:     1000M (100%)       1000M (100%)       1000M (100%)       1000M (100%)       1000M (100%)       1000M (100%)   
[2026-04-03T03:18:22.845+0600][22.397s][info][gc,heap     ] GC(31) Y:      Free:      442M (44%)         416M (42%)         470M (47%)         540M (54%)         540M (54%)         416M (42%)    
[2026-04-03T03:18:22.845+0600][22.397s][info][gc,heap     ] GC(31) Y:      Used:      558M (56%)         584M (58%)         530M (53%)         460M (46%)         584M (58%)         460M (46%)    
[2026-04-03T03:18:22.845+0600][22.397s][info][gc,heap     ] GC(31) Y: Young Generation Statistics:
[2026-04-03T03:18:22.845+0600][22.397s][info][gc,heap     ] GC(31) Y:                Mark Start          Mark End        Relocate Start      Relocate End    
[2026-04-03T03:18:22.845+0600][22.397s][info][gc,heap     ] GC(31) Y:      Used:      176M (18%)         202M (20%)         148M (15%)          78M (8%)     
[2026-04-03T03:18:22.845+0600][22.397s][info][gc,heap     ] GC(31) Y:      Live:         -                35M (4%)           35M (4%)           35M (4%)     
[2026-04-03T03:18:22.845+0600][22.397s][info][gc,heap     ] GC(31) Y:   Garbage:         -               140M (14%)          86M (9%)            2M (0%)     
[2026-04-03T03:18:22.845+0600][22.397s][info][gc,heap     ] GC(31) Y: Allocated:         -                26M (3%)           26M (3%)           40M (4%)     
[2026-04-03T03:18:22.845+0600][22.397s][info][gc,heap     ] GC(31) Y: Reclaimed:         -                  -                54M (5%)          138M (14%)    
[2026-04-03T03:18:22.845+0600][22.397s][info][gc,heap     ] GC(31) Y:  Promoted:         -                  -                 0M (0%)            0M (0%)     
[2026-04-03T03:18:22.845+0600][22.397s][info][gc,heap     ] GC(31) Y: Compacted:         -                  -                  -                 3M (0%)     
[2026-04-03T03:18:22.845+0600][22.397s][info][gc,phases   ] GC(31) Y: Young Generation 558M(56%)->460M(46%) 0.126s
[2026-04-03T03:18:22.845+0600][22.397s][info][gc,phases   ] GC(31) O: Old Generation
[2026-04-03T03:18:22.849+0600][22.401s][info][gc          ] GC(32) Minor Collection (Allocation Rate)
[2026-04-03T03:18:22.849+0600][22.401s][info][gc,task     ] GC(32) Using 2 Workers for Young Generation
[2026-04-03T03:18:22.849+0600][22.401s][info][gc,phases   ] GC(32) y: Young Generation
[2026-04-03T03:18:22.849+0600][22.402s][info][gc,phases   ] GC(32) y: Pause Mark Start 0.020ms
[2026-04-03T03:18:22.955+0600][22.508s][info][gc,phases   ] GC(32) y: Concurrent Mark 105.809ms
[2026-04-03T03:18:22.956+0600][22.508s][info][gc,phases   ] GC(32) y: Pause Mark End 0.072ms
[2026-04-03T03:18:22.956+0600][22.508s][info][gc,phases   ] GC(32) y: Concurrent Mark Free 0.002ms
[2026-04-03T03:18:22.956+0600][22.508s][info][gc,phases   ] GC(32) y: Concurrent Reset Relocation Set 0.008ms
[2026-04-03T03:18:22.961+0600][22.513s][info][gc,reloc    ] GC(32) y: Using tenuring threshold: 1 (Computed)
[2026-04-03T03:18:22.984+0600][22.537s][info][gc,phases   ] GC(32) y: Concurrent Select Relocation Set 28.503ms
[2026-04-03T03:18:22.985+0600][22.537s][info][gc,phases   ] GC(32) y: Pause Relocate Start 0.049ms
[2026-04-03T03:18:23.031+0600][22.583s][info][gc,phases   ] GC(32) y: Concurrent Relocate 45.820ms
[2026-04-03T03:18:23.031+0600][22.583s][info][gc,alloc    ] GC(32) y:                         Mark Start        Mark End      Relocate Start    Relocate End   
[2026-04-03T03:18:23.031+0600][22.583s][info][gc,alloc    ] GC(32) y: Allocation Stalls:          0                0                0                0         
[2026-04-03T03:18:23.031+0600][22.583s][info][gc,load     ] GC(32) y: Load: 4.00 (33%) / 4.90 (41%) / 5.48 (46%)
[2026-04-03T03:18:23.031+0600][22.583s][info][gc,mmu      ] GC(32) y: MMU: 2ms/90.5%, 5ms/96.2%, 10ms/98.1%, 20ms/99.1%, 50ms/99.5%, 100ms/99.7%
[2026-04-03T03:18:23.031+0600][22.583s][info][gc,marking  ] GC(32) y: Mark: 2 stripe(s), 2 proactive flush(es), 1 terminate flush(es), 0 completion(s), 0 continuation(s) 
[2026-04-03T03:18:23.031+0600][22.583s][info][gc,marking  ] GC(32) y: Mark Stack Usage: 32M
[2026-04-03T03:18:23.031+0600][22.583s][info][gc,nmethod  ] GC(32) y: NMethods: 5370 registered, 73 unregistered
[2026-04-03T03:18:23.031+0600][22.583s][info][gc,metaspace] GC(32) y: Metaspace: 68M used, 68M committed, 1088M reserved
[2026-04-03T03:18:23.031+0600][22.583s][info][gc,reloc    ] GC(32) y:                        Candidates     Selected     In-Place         Size        Empty    Relocated 
[2026-04-03T03:18:23.031+0600][22.583s][info][gc,reloc    ] GC(32) y: Small Pages:                   35           19            0          70M           6M           2M 
[2026-04-03T03:18:23.031+0600][22.583s][info][gc,reloc    ] GC(32) y: Medium Pages:                   0            0            0           0M           0M           0M 
[2026-04-03T03:18:23.031+0600][22.583s][info][gc,reloc    ] GC(32) y: Large Pages:                    2            0            0          12M           0M           0M 
[2026-04-03T03:18:23.031+0600][22.583s][info][gc,reloc    ] GC(32) y: Forwarding Usage: 2M
[2026-04-03T03:18:23.031+0600][22.583s][info][gc,reloc    ] GC(32) y: Age Table:
[2026-04-03T03:18:23.031+0600][22.583s][info][gc,reloc    ] GC(32) y:                    Live             Garbage             Small              Medium             Large        
[2026-04-03T03:18:23.031+0600][22.583s][info][gc,reloc    ] GC(32) y: Eden               0M (0%)           29M (3%)          15 / 11             0 / 0              0 / 0        
[2026-04-03T03:18:23.031+0600][22.583s][info][gc,reloc    ] GC(32) y: Survivor 1         8M (1%)            5M (1%)           4 / 3              0 / 0              1 / 0        
[2026-04-03T03:18:23.031+0600][22.583s][info][gc,reloc    ] GC(32) y: Survivor 2        26M (3%)           11M (1%)          16 / 5              0 / 0              1 / 0        
[2026-04-03T03:18:23.031+0600][22.583s][info][gc,heap     ] GC(32) y: Min Capacity: 8M(1%)
[2026-04-03T03:18:23.031+0600][22.583s][info][gc,heap     ] GC(32) y: Max Capacity: 1000M(100%)
[2026-04-03T03:18:23.031+0600][22.583s][info][gc,heap     ] GC(32) y: Soft Max Capacity: 1000M(100%)
[2026-04-03T03:18:23.031+0600][22.583s][info][gc,heap     ] GC(32) y: Heap Statistics:
[2026-04-03T03:18:23.031+0600][22.583s][info][gc,heap     ] GC(32) y:                Mark Start          Mark End        Relocate Start      Relocate End           High               Low         
[2026-04-03T03:18:23.031+0600][22.583s][info][gc,heap     ] GC(32) y:  Capacity:     1000M (100%)       1000M (100%)       1000M (100%)       1000M (100%)       1000M (100%)       1000M (100%)   
[2026-04-03T03:18:23.031+0600][22.583s][info][gc,heap     ] GC(32) y:      Free:      536M (54%)         516M (52%)         516M (52%)         534M (53%)         540M (54%)         506M (51%)    
[2026-04-03T03:18:23.031+0600][22.583s][info][gc,heap     ] GC(32) y:      Used:      464M (46%)         484M (48%)         484M (48%)         466M (47%)         494M (49%)         460M (46%)    
[2026-04-03T03:18:23.031+0600][22.583s][info][gc,heap     ] GC(32) y: Young Generation Statistics:
[2026-04-03T03:18:23.031+0600][22.583s][info][gc,heap     ] GC(32) y:                Mark Start          Mark End        Relocate Start      Relocate End    
[2026-04-03T03:18:23.031+0600][22.583s][info][gc,heap     ] GC(32) y:      Used:       82M (8%)          102M (10%)          68M (7%)           40M (4%)     
[2026-04-03T03:18:23.031+0600][22.583s][info][gc,heap     ] GC(32) y:      Live:         -                35M (4%)            3M (0%)            0M (0%)     
[2026-04-03T03:18:23.031+0600][22.583s][info][gc,heap     ] GC(32) y:   Garbage:         -                46M (5%)           38M (4%)            0M (0%)     
[2026-04-03T03:18:23.031+0600][22.583s][info][gc,heap     ] GC(32) y: Allocated:         -                20M (2%)           26M (3%)           39M (4%)     
[2026-04-03T03:18:23.031+0600][22.583s][info][gc,heap     ] GC(32) y: Reclaimed:         -                  -                 8M (1%)           46M (5%)     
[2026-04-03T03:18:23.031+0600][22.583s][info][gc,heap     ] GC(32) y:  Promoted:         -                  -                31M (3%)           34M (3%)     
[2026-04-03T03:18:23.031+0600][22.583s][info][gc,heap     ] GC(32) y: Compacted:         -                  -                  -                 0M (0%)     
[2026-04-03T03:18:23.031+0600][22.583s][info][gc,phases   ] GC(32) y: Young Generation 464M(46%)->466M(47%) 0.182s
[2026-04-03T03:18:23.031+0600][22.584s][info][gc          ] GC(32) Minor Collection (Allocation Rate) 464M(46%)->466M(47%) 0.182s
[2026-04-03T03:18:23.089+0600][22.641s][info][gc          ] GC(33) Minor Collection (Allocation Rate)
[2026-04-03T03:18:23.089+0600][22.641s][info][gc,task     ] GC(33) Using 2 Workers for Young Generation
[2026-04-03T03:18:23.089+0600][22.641s][info][gc,phases   ] GC(33) y: Young Generation
[2026-04-03T03:18:23.089+0600][22.641s][info][gc,phases   ] GC(33) y: Pause Mark Start 0.033ms
[2026-04-03T03:18:23.106+0600][22.659s][info][gc,phases   ] GC(33) y: Concurrent Mark 16.999ms
[2026-04-03T03:18:23.107+0600][22.659s][info][gc,phases   ] GC(33) y: Pause Mark End 0.055ms
[2026-04-03T03:18:23.107+0600][22.659s][info][gc,phases   ] GC(33) y: Concurrent Mark Free 0.001ms
[2026-04-03T03:18:23.107+0600][22.659s][info][gc,phases   ] GC(33) y: Concurrent Reset Relocation Set 0.041ms
[2026-04-03T03:18:23.112+0600][22.664s][info][gc,reloc    ] GC(33) y: Using tenuring threshold: 2 (Computed)
[2026-04-03T03:18:23.113+0600][22.665s][info][gc,phases   ] GC(33) y: Concurrent Select Relocation Set 5.613ms
[2026-04-03T03:18:23.113+0600][22.665s][info][gc,phases   ] GC(33) y: Pause Relocate Start 0.063ms
[2026-04-03T03:18:23.113+0600][22.665s][info][gc,phases   ] GC(33) y: Concurrent Relocate 0.274ms
[2026-04-03T03:18:23.113+0600][22.665s][info][gc,alloc    ] GC(33) y:                         Mark Start        Mark End      Relocate Start    Relocate End   
[2026-04-03T03:18:23.113+0600][22.665s][info][gc,alloc    ] GC(33) y: Allocation Stalls:          0                0                0                0         
[2026-04-03T03:18:23.113+0600][22.665s][info][gc,load     ] GC(33) y: Load: 4.00 (33%) / 4.90 (41%) / 5.48 (46%)
[2026-04-03T03:18:23.113+0600][22.665s][info][gc,mmu      ] GC(33) y: MMU: 2ms/90.5%, 5ms/96.2%, 10ms/98.1%, 20ms/99.1%, 50ms/99.5%, 100ms/99.7%
[2026-04-03T03:18:23.113+0600][22.665s][info][gc,marking  ] GC(33) y: Mark: 2 stripe(s), 2 proactive flush(es), 1 terminate flush(es), 0 completion(s), 0 continuation(s) 
[2026-04-03T03:18:23.113+0600][22.665s][info][gc,marking  ] GC(33) y: Mark Stack Usage: 32M
[2026-04-03T03:18:23.113+0600][22.665s][info][gc,nmethod  ] GC(33) y: NMethods: 5370 registered, 73 unregistered
[2026-04-03T03:18:23.113+0600][22.666s][info][gc,metaspace] GC(33) y: Metaspace: 68M used, 68M committed, 1088M reserved
[2026-04-03T03:18:23.113+0600][22.666s][info][gc,reloc    ] GC(33) y:                        Candidates     Selected     In-Place         Size        Empty    Relocated 
[2026-04-03T03:18:23.113+0600][22.666s][info][gc,reloc    ] GC(33) y: Small Pages:                   26           17            0          52M          16M           0M 
[2026-04-03T03:18:23.113+0600][22.666s][info][gc,reloc    ] GC(33) y: Medium Pages:                   0            0            0           0M           0M           0M 
[2026-04-03T03:18:23.113+0600][22.666s][info][gc,reloc    ] GC(33) y: Large Pages:                    0            0            0           0M           0M           0M 
[2026-04-03T03:18:23.113+0600][22.666s][info][gc,reloc    ] GC(33) y: Forwarding Usage: 0M
[2026-04-03T03:18:23.113+0600][22.666s][info][gc,reloc    ] GC(33) y: Age Table:
[2026-04-03T03:18:23.113+0600][22.666s][info][gc,reloc    ] GC(33) y:                    Live             Garbage             Small              Medium             Large        
[2026-04-03T03:18:23.113+0600][22.666s][info][gc,reloc    ] GC(33) y: Eden               0M (0%)           47M (5%)          24 / 15             0 / 0              0 / 0        
[2026-04-03T03:18:23.113+0600][22.666s][info][gc,reloc    ] GC(33) y: Survivor 1         0M (0%)            3M (0%)           2 / 2              0 / 0              0 / 0        
[2026-04-03T03:18:23.113+0600][22.666s][info][gc,heap     ] GC(33) y: Min Capacity: 8M(1%)
[2026-04-03T03:18:23.113+0600][22.666s][info][gc,heap     ] GC(33) y: Max Capacity: 1000M(100%)
[2026-04-03T03:18:23.113+0600][22.666s][info][gc,heap     ] GC(33) y: Soft Max Capacity: 1000M(100%)
[2026-04-03T03:18:23.113+0600][22.666s][info][gc,heap     ] GC(33) y: Heap Statistics:
[2026-04-03T03:18:23.113+0600][22.666s][info][gc,heap     ] GC(33) y:                Mark Start          Mark End        Relocate Start      Relocate End           High               Low         
[2026-04-03T03:18:23.113+0600][22.666s][info][gc,heap     ] GC(33) y:  Capacity:     1000M (100%)       1000M (100%)       1000M (100%)       1000M (100%)       1000M (100%)       1000M (100%)   
[2026-04-03T03:18:23.113+0600][22.666s][info][gc,heap     ] GC(33) y:      Free:      522M (52%)         516M (52%)         532M (53%)         558M (56%)         558M (56%)         516M (52%)    
[2026-04-03T03:18:23.113+0600][22.666s][info][gc,heap     ] GC(33) y:      Used:      478M (48%)         484M (48%)         468M (47%)         442M (44%)         484M (48%)         442M (44%)    
[2026-04-03T03:18:23.113+0600][22.666s][info][gc,heap     ] GC(33) y: Young Generation Statistics:
[2026-04-03T03:18:23.113+0600][22.666s][info][gc,heap     ] GC(33) y:                Mark Start          Mark End        Relocate Start      Relocate End    
[2026-04-03T03:18:23.114+0600][22.666s][info][gc,heap     ] GC(33) y:      Used:       52M (5%)           58M (6%)           42M (4%)           16M (2%)     
[2026-04-03T03:18:23.114+0600][22.666s][info][gc,heap     ] GC(33) y:      Live:         -                 0M (0%)            0M (0%)            0M (0%)     
[2026-04-03T03:18:23.114+0600][22.666s][info][gc,heap     ] GC(33) y:   Garbage:         -                51M (5%)           35M (4%)            0M (0%)     
[2026-04-03T03:18:23.114+0600][22.666s][info][gc,heap     ] GC(33) y: Allocated:         -                 6M (1%)            6M (1%)           15M (2%)     
[2026-04-03T03:18:23.114+0600][22.666s][info][gc,heap     ] GC(33) y: Reclaimed:         -                  -                16M (2%)           51M (5%)     
[2026-04-03T03:18:23.114+0600][22.666s][info][gc,heap     ] GC(33) y:  Promoted:         -                  -                 0M (0%)            0M (0%)     
[2026-04-03T03:18:23.114+0600][22.666s][info][gc,heap     ] GC(33) y: Compacted:         -                  -                  -                 0M (0%)     
[2026-04-03T03:18:23.114+0600][22.666s][info][gc,phases   ] GC(33) y: Young Generation 478M(48%)->442M(44%) 0.024s
[2026-04-03T03:18:23.114+0600][22.666s][info][gc          ] GC(33) Minor Collection (Allocation Rate) 478M(48%)->442M(44%) 0.025s
[2026-04-03T03:18:23.269+0600][22.821s][info][gc          ] GC(34) Minor Collection (Allocation Rate)
[2026-04-03T03:18:23.269+0600][22.821s][info][gc,task     ] GC(34) Using 2 Workers for Young Generation
[2026-04-03T03:18:23.269+0600][22.821s][info][gc,phases   ] GC(34) y: Young Generation
[2026-04-03T03:18:23.269+0600][22.821s][info][gc,phases   ] GC(34) y: Pause Mark Start 0.029ms
[2026-04-03T03:18:23.279+0600][22.831s][info][gc,phases   ] GC(34) y: Concurrent Mark 9.473ms
[2026-04-03T03:18:23.279+0600][22.831s][info][gc,phases   ] GC(34) y: Pause Mark End 0.036ms
[2026-04-03T03:18:23.279+0600][22.831s][info][gc,phases   ] GC(34) y: Concurrent Mark Free 0.001ms
[2026-04-03T03:18:23.279+0600][22.831s][info][gc,phases   ] GC(34) y: Concurrent Reset Relocation Set 0.003ms
[2026-04-03T03:18:23.284+0600][22.836s][info][gc,reloc    ] GC(34) y: Using tenuring threshold: 3 (Computed)
[2026-04-03T03:18:23.284+0600][22.837s][info][gc,phases   ] GC(34) y: Concurrent Select Relocation Set 5.292ms
[2026-04-03T03:18:23.285+0600][22.837s][info][gc,phases   ] GC(34) y: Pause Relocate Start 0.017ms
[2026-04-03T03:18:23.285+0600][22.837s][info][gc,phases   ] GC(34) y: Concurrent Relocate 0.348ms
[2026-04-03T03:18:23.285+0600][22.837s][info][gc,alloc    ] GC(34) y:                         Mark Start        Mark End      Relocate Start    Relocate End   
[2026-04-03T03:18:23.285+0600][22.837s][info][gc,alloc    ] GC(34) y: Allocation Stalls:          0                0                0                0         
[2026-04-03T03:18:23.285+0600][22.837s][info][gc,load     ] GC(34) y: Load: 4.00 (33%) / 4.90 (41%) / 5.48 (46%)
[2026-04-03T03:18:23.285+0600][22.838s][info][gc,mmu      ] GC(34) y: MMU: 2ms/90.5%, 5ms/96.2%, 10ms/98.1%, 20ms/99.1%, 50ms/99.5%, 100ms/99.7%
[2026-04-03T03:18:23.285+0600][22.838s][info][gc,marking  ] GC(34) y: Mark: 2 stripe(s), 2 proactive flush(es), 1 terminate flush(es), 0 completion(s), 0 continuation(s) 
[2026-04-03T03:18:23.285+0600][22.838s][info][gc,marking  ] GC(34) y: Mark Stack Usage: 32M
[2026-04-03T03:18:23.285+0600][22.838s][info][gc,nmethod  ] GC(34) y: NMethods: 5376 registered, 73 unregistered
[2026-04-03T03:18:23.285+0600][22.838s][info][gc,metaspace] GC(34) y: Metaspace: 68M used, 68M committed, 1088M reserved
[2026-04-03T03:18:23.285+0600][22.838s][info][gc,reloc    ] GC(34) y:                        Candidates     Selected     In-Place         Size        Empty    Relocated 
[2026-04-03T03:18:23.285+0600][22.838s][info][gc,reloc    ] GC(34) y: Small Pages:                   26           21            0          52M           8M           0M 
[2026-04-03T03:18:23.285+0600][22.838s][info][gc,reloc    ] GC(34) y: Medium Pages:                   0            0            0           0M           0M           0M 
[2026-04-03T03:18:23.285+0600][22.838s][info][gc,reloc    ] GC(34) y: Large Pages:                    0            0            0           0M           0M           0M 
[2026-04-03T03:18:23.285+0600][22.838s][info][gc,reloc    ] GC(34) y: Forwarding Usage: 0M
[2026-04-03T03:18:23.285+0600][22.838s][info][gc,reloc    ] GC(34) y: Age Table:
[2026-04-03T03:18:23.285+0600][22.838s][info][gc,reloc    ] GC(34) y:                    Live             Garbage             Small              Medium             Large        
[2026-04-03T03:18:23.285+0600][22.838s][info][gc,reloc    ] GC(34) y: Eden               0M (0%)           41M (4%)          21 / 17             0 / 0              0 / 0        
[2026-04-03T03:18:23.285+0600][22.838s][info][gc,reloc    ] GC(34) y: Survivor 1         0M (0%)            5M (1%)           3 / 2              0 / 0              0 / 0        
[2026-04-03T03:18:23.285+0600][22.838s][info][gc,reloc    ] GC(34) y: Survivor 2         0M (0%)            3M (0%)           2 / 2              0 / 0              0 / 0        
[2026-04-03T03:18:23.285+0600][22.838s][info][gc,heap     ] GC(34) y: Min Capacity: 8M(1%)
[2026-04-03T03:18:23.285+0600][22.838s][info][gc,heap     ] GC(34) y: Max Capacity: 1000M(100%)
[2026-04-03T03:18:23.285+0600][22.838s][info][gc,heap     ] GC(34) y: Soft Max Capacity: 1000M(100%)
[2026-04-03T03:18:23.285+0600][22.838s][info][gc,heap     ] GC(34) y: Heap Statistics:
[2026-04-03T03:18:23.285+0600][22.838s][info][gc,heap     ] GC(34) y:                Mark Start          Mark End        Relocate Start      Relocate End           High               Low         
[2026-04-03T03:18:23.285+0600][22.838s][info][gc,heap     ] GC(34) y:  Capacity:     1000M (100%)       1000M (100%)       1000M (100%)       1000M (100%)       1000M (100%)       1000M (100%)   
[2026-04-03T03:18:23.285+0600][22.838s][info][gc,heap     ] GC(34) y:      Free:      522M (52%)         516M (52%)         524M (52%)         552M (55%)         552M (55%)         516M (52%)    
[2026-04-03T03:18:23.286+0600][22.838s][info][gc,heap     ] GC(34) y:      Used:      478M (48%)         484M (48%)         476M (48%)         448M (45%)         484M (48%)         448M (45%)    
[2026-04-03T03:18:23.286+0600][22.838s][info][gc,heap     ] GC(34) y: Young Generation Statistics:
[2026-04-03T03:18:23.286+0600][22.838s][info][gc,heap     ] GC(34) y:                Mark Start          Mark End        Relocate Start      Relocate End    
[2026-04-03T03:18:23.286+0600][22.838s][info][gc,heap     ] GC(34) y:      Used:       52M (5%)           58M (6%)           50M (5%)           22M (2%)     
[2026-04-03T03:18:23.286+0600][22.838s][info][gc,heap     ] GC(34) y:      Live:         -                 0M (0%)            0M (0%)            0M (0%)     
[2026-04-03T03:18:23.286+0600][22.838s][info][gc,heap     ] GC(34) y:   Garbage:         -                51M (5%)           43M (4%)            0M (0%)     
[2026-04-03T03:18:23.286+0600][22.838s][info][gc,heap     ] GC(34) y: Allocated:         -                 6M (1%)            6M (1%)           21M (2%)     
[2026-04-03T03:18:23.286+0600][22.838s][info][gc,heap     ] GC(34) y: Reclaimed:         -                  -                 8M (1%)           51M (5%)     
[2026-04-03T03:18:23.286+0600][22.838s][info][gc,heap     ] GC(34) y:  Promoted:         -                  -                 0M (0%)            0M (0%)     
[2026-04-03T03:18:23.286+0600][22.838s][info][gc,heap     ] GC(34) y: Compacted:         -                  -                  -                 0M (0%)     
[2026-04-03T03:18:23.286+0600][22.838s][info][gc,phases   ] GC(34) y: Young Generation 478M(48%)->448M(45%) 0.016s
[2026-04-03T03:18:23.286+0600][22.838s][info][gc          ] GC(34) Minor Collection (Allocation Rate) 478M(48%)->448M(45%) 0.017s
[2026-04-03T03:18:23.442+0600][22.994s][info][gc          ] GC(35) Minor Collection (Allocation Rate)
[2026-04-03T03:18:23.442+0600][22.995s][info][gc,task     ] GC(35) Using 2 Workers for Young Generation
[2026-04-03T03:18:23.442+0600][22.995s][info][gc,phases   ] GC(35) y: Young Generation
[2026-04-03T03:18:23.443+0600][22.995s][info][gc,phases   ] GC(35) y: Pause Mark Start 0.046ms
[2026-04-03T03:18:23.482+0600][23.034s][info][gc,phases   ] GC(35) y: Concurrent Mark 38.905ms
[2026-04-03T03:18:23.482+0600][23.034s][info][gc,phases   ] GC(35) y: Pause Mark End 0.027ms
[2026-04-03T03:18:23.482+0600][23.035s][info][gc,phases   ] GC(35) y: Concurrent Mark Free 0.003ms
[2026-04-03T03:18:23.482+0600][23.035s][info][gc,phases   ] GC(35) y: Concurrent Reset Relocation Set 0.005ms
[2026-04-03T03:18:23.489+0600][23.041s][info][gc,reloc    ] GC(35) y: Using tenuring threshold: 4 (Computed)
[2026-04-03T03:18:23.491+0600][23.044s][info][gc,phases   ] GC(35) y: Concurrent Select Relocation Set 8.829ms
[2026-04-03T03:18:23.492+0600][23.044s][info][gc,phases   ] GC(35) y: Pause Relocate Start 0.023ms
[2026-04-03T03:18:23.500+0600][23.052s][info][gc,phases   ] GC(35) y: Concurrent Relocate 8.019ms
[2026-04-03T03:18:23.500+0600][23.052s][info][gc,alloc    ] GC(35) y:                         Mark Start        Mark End      Relocate Start    Relocate End   
[2026-04-03T03:18:23.500+0600][23.052s][info][gc,alloc    ] GC(35) y: Allocation Stalls:          0                0                0                0         
[2026-04-03T03:18:23.500+0600][23.052s][info][gc,load     ] GC(35) y: Load: 4.00 (33%) / 4.90 (41%) / 5.48 (46%)
[2026-04-03T03:18:23.500+0600][23.052s][info][gc,mmu      ] GC(35) y: MMU: 2ms/90.5%, 5ms/96.2%, 10ms/98.1%, 20ms/99.1%, 50ms/99.5%, 100ms/99.7%
[2026-04-03T03:18:23.500+0600][23.052s][info][gc,marking  ] GC(35) y: Mark: 2 stripe(s), 10 proactive flush(es), 1 terminate flush(es), 0 completion(s), 0 continuation(s) 
[2026-04-03T03:18:23.500+0600][23.052s][info][gc,marking  ] GC(35) y: Mark Stack Usage: 32M
[2026-04-03T03:18:23.500+0600][23.052s][info][gc,nmethod  ] GC(35) y: NMethods: 5448 registered, 73 unregistered
[2026-04-03T03:18:23.500+0600][23.052s][info][gc,metaspace] GC(35) y: Metaspace: 68M used, 69M committed, 1088M reserved
[2026-04-03T03:18:23.500+0600][23.052s][info][gc,reloc    ] GC(35) y:                        Candidates     Selected     In-Place         Size        Empty    Relocated 
[2026-04-03T03:18:23.500+0600][23.052s][info][gc,reloc    ] GC(35) y: Small Pages:                   42           35            0          84M           8M           3M 
[2026-04-03T03:18:23.500+0600][23.052s][info][gc,reloc    ] GC(35) y: Medium Pages:                   1            0            0          16M           0M           0M 
[2026-04-03T03:18:23.500+0600][23.052s][info][gc,reloc    ] GC(35) y: Large Pages:                    0            0            0           0M           0M           0M 
[2026-04-03T03:18:23.500+0600][23.052s][info][gc,reloc    ] GC(35) y: Forwarding Usage: 2M
[2026-04-03T03:18:23.500+0600][23.052s][info][gc,reloc    ] GC(35) y: Age Table:
[2026-04-03T03:18:23.500+0600][23.052s][info][gc,reloc    ] GC(35) y:                    Live             Garbage             Small              Medium             Large        
[2026-04-03T03:18:23.500+0600][23.052s][info][gc,reloc    ] GC(35) y: Eden               5M (1%)           78M (8%)          34 / 30             1 / 0              0 / 0        
[2026-04-03T03:18:23.500+0600][23.052s][info][gc,reloc    ] GC(35) y: Survivor 1         0M (0%)            7M (1%)           4 / 2              0 / 0              0 / 0        
[2026-04-03T03:18:23.500+0600][23.052s][info][gc,reloc    ] GC(35) y: Survivor 2         0M (0%)            3M (0%)           2 / 1              0 / 0              0 / 0        
[2026-04-03T03:18:23.500+0600][23.053s][info][gc,reloc    ] GC(35) y: Survivor 3         0M (0%)            3M (0%)           2 / 2              0 / 0              0 / 0        
[2026-04-03T03:18:23.500+0600][23.053s][info][gc,heap     ] GC(35) y: Min Capacity: 8M(1%)
[2026-04-03T03:18:23.500+0600][23.053s][info][gc,heap     ] GC(35) y: Max Capacity: 1000M(100%)
[2026-04-03T03:18:23.500+0600][23.053s][info][gc,heap     ] GC(35) y: Soft Max Capacity: 1000M(100%)
[2026-04-03T03:18:23.500+0600][23.053s][info][gc,heap     ] GC(35) y: Heap Statistics:
[2026-04-03T03:18:23.500+0600][23.053s][info][gc,heap     ] GC(35) y:                Mark Start          Mark End        Relocate Start      Relocate End           High               Low         
[2026-04-03T03:18:23.500+0600][23.053s][info][gc,heap     ] GC(35) y:  Capacity:     1000M (100%)       1000M (100%)       1000M (100%)       1000M (100%)       1000M (100%)       1000M (100%)   
[2026-04-03T03:18:23.500+0600][23.053s][info][gc,heap     ] GC(35) y:      Free:      474M (47%)         448M (45%)         452M (45%)         500M (50%)         500M (50%)         440M (44%)    
[2026-04-03T03:18:23.500+0600][23.053s][info][gc,heap     ] GC(35) y:      Used:      526M (53%)         552M (55%)         548M (55%)         500M (50%)         560M (56%)         500M (50%)    
[2026-04-03T03:18:23.500+0600][23.053s][info][gc,heap     ] GC(35) y: Young Generation Statistics:
[2026-04-03T03:18:23.500+0600][23.053s][info][gc,heap     ] GC(35) y:                Mark Start          Mark End        Relocate Start      Relocate End    
[2026-04-03T03:18:23.500+0600][23.053s][info][gc,heap     ] GC(35) y:      Used:      100M (10%)         126M (13%)         122M (12%)          74M (7%)     
[2026-04-03T03:18:23.500+0600][23.053s][info][gc,heap     ] GC(35) y:      Live:         -                 5M (1%)            5M (1%)            5M (1%)     
[2026-04-03T03:18:23.500+0600][23.053s][info][gc,heap     ] GC(35) y:   Garbage:         -                94M (9%)           86M (9%)           15M (2%)     
[2026-04-03T03:18:23.500+0600][23.053s][info][gc,heap     ] GC(35) y: Allocated:         -                26M (3%)           30M (3%)           52M (5%)     
[2026-04-03T03:18:23.500+0600][23.053s][info][gc,heap     ] GC(35) y: Reclaimed:         -                  -                 8M (1%)           78M (8%)     
[2026-04-03T03:18:23.500+0600][23.053s][info][gc,heap     ] GC(35) y:  Promoted:         -                  -                 0M (0%)            0M (0%)     
[2026-04-03T03:18:23.500+0600][23.053s][info][gc,heap     ] GC(35) y: Compacted:         -                  -                  -                 3M (0%)     
[2026-04-03T03:18:23.501+0600][23.053s][info][gc,phases   ] GC(35) y: Young Generation 526M(53%)->500M(50%) 0.058s
[2026-04-03T03:18:23.501+0600][23.053s][info][gc          ] GC(35) Minor Collection (Allocation Rate) 526M(53%)->502M(50%) 0.058s
[2026-04-03T03:18:23.577+0600][23.129s][info][gc          ] GC(36) Minor Collection (Allocation Rate)
[2026-04-03T03:18:23.577+0600][23.129s][info][gc,task     ] GC(36) Using 2 Workers for Young Generation
[2026-04-03T03:18:23.577+0600][23.129s][info][gc,phases   ] GC(36) y: Young Generation
[2026-04-03T03:18:23.577+0600][23.130s][info][gc,phases   ] GC(36) y: Pause Mark Start 0.022ms
[2026-04-03T03:18:23.658+0600][23.210s][info][gc,phases   ] GC(36) y: Concurrent Mark 80.226ms
[2026-04-03T03:18:23.658+0600][23.210s][info][gc,phases   ] GC(36) y: Pause Mark End 0.027ms
[2026-04-03T03:18:23.658+0600][23.210s][info][gc,phases   ] GC(36) y: Concurrent Mark Free 0.003ms
[2026-04-03T03:18:23.658+0600][23.210s][info][gc,phases   ] GC(36) y: Concurrent Reset Relocation Set 0.009ms
[2026-04-03T03:18:23.660+0600][23.213s][info][gc,reloc    ] GC(36) y: Using tenuring threshold: 5 (Computed)
[2026-04-03T03:18:23.664+0600][23.216s][info][gc,phases   ] GC(36) y: Concurrent Select Relocation Set 5.740ms
[2026-04-03T03:18:23.664+0600][23.217s][info][gc,phases   ] GC(36) y: Pause Relocate Start 0.031ms
[2026-04-03T03:18:23.687+0600][23.240s][info][gc,phases   ] GC(36) y: Concurrent Relocate 22.993ms
[2026-04-03T03:18:23.688+0600][23.240s][info][gc,alloc    ] GC(36) y:                         Mark Start        Mark End      Relocate Start    Relocate End   
[2026-04-03T03:18:23.688+0600][23.240s][info][gc,alloc    ] GC(36) y: Allocation Stalls:          0                0                0                0         
[2026-04-03T03:18:23.688+0600][23.240s][info][gc,load     ] GC(36) y: Load: 4.00 (33%) / 4.90 (41%) / 5.48 (46%)
[2026-04-03T03:18:23.688+0600][23.240s][info][gc,mmu      ] GC(36) y: MMU: 2ms/90.5%, 5ms/96.2%, 10ms/98.1%, 20ms/99.1%, 50ms/99.5%, 100ms/99.7%
[2026-04-03T03:18:23.688+0600][23.240s][info][gc,marking  ] GC(36) y: Mark: 2 stripe(s), 2 proactive flush(es), 1 terminate flush(es), 0 completion(s), 0 continuation(s) 
[2026-04-03T03:18:23.688+0600][23.240s][info][gc,marking  ] GC(36) y: Mark Stack Usage: 32M
[2026-04-03T03:18:23.688+0600][23.240s][info][gc,nmethod  ] GC(36) y: NMethods: 5480 registered, 73 unregistered
[2026-04-03T03:18:23.688+0600][23.240s][info][gc,metaspace] GC(36) y: Metaspace: 68M used, 69M committed, 1088M reserved
[2026-04-03T03:18:23.688+0600][23.240s][info][gc,reloc    ] GC(36) y:                        Candidates     Selected     In-Place         Size        Empty    Relocated 
[2026-04-03T03:18:23.688+0600][23.240s][info][gc,reloc    ] GC(36) y: Small Pages:                   42           31            0          84M           0M           7M 
[2026-04-03T03:18:23.688+0600][23.240s][info][gc,reloc    ] GC(36) y: Medium Pages:                   1            0            0          16M          16M           0M 
[2026-04-03T03:18:23.688+0600][23.240s][info][gc,reloc    ] GC(36) y: Large Pages:                    2            0            0          10M           4M           0M 
[2026-04-03T03:18:23.688+0600][23.240s][info][gc,reloc    ] GC(36) y: Forwarding Usage: 7M
[2026-04-03T03:18:23.688+0600][23.240s][info][gc,reloc    ] GC(36) y: Age Table:
[2026-04-03T03:18:23.688+0600][23.240s][info][gc,reloc    ] GC(36) y:                    Live             Garbage             Small              Medium             Large        
[2026-04-03T03:18:23.688+0600][23.240s][info][gc,reloc    ] GC(36) y: Eden              19M (2%)           52M (5%)          31 / 23             0 / 0              2 / 0        
[2026-04-03T03:18:23.688+0600][23.240s][info][gc,reloc    ] GC(36) y: Survivor 1         4M (0%)           23M (2%)           6 / 4              1 / 0              0 / 0        
[2026-04-03T03:18:23.688+0600][23.240s][info][gc,reloc    ] GC(36) y: Survivor 2         0M (0%)            3M (0%)           2 / 1              0 / 0              0 / 0        
[2026-04-03T03:18:23.688+0600][23.240s][info][gc,reloc    ] GC(36) y: Survivor 3         0M (0%)            1M (0%)           1 / 1              0 / 0              0 / 0        
[2026-04-03T03:18:23.688+0600][23.240s][info][gc,reloc    ] GC(36) y: Survivor 4         0M (0%)            3M (0%)           2 / 2              0 / 0              0 / 0        
[2026-04-03T03:18:23.688+0600][23.240s][info][gc,heap     ] GC(36) y: Min Capacity: 8M(1%)
[2026-04-03T03:18:23.688+0600][23.240s][info][gc,heap     ] GC(36) y: Max Capacity: 1000M(100%)
[2026-04-03T03:18:23.688+0600][23.240s][info][gc,heap     ] GC(36) y: Soft Max Capacity: 1000M(100%)
[2026-04-03T03:18:23.688+0600][23.240s][info][gc,heap     ] GC(36) y: Heap Statistics:
[2026-04-03T03:18:23.688+0600][23.240s][info][gc,heap     ] GC(36) y:                Mark Start          Mark End        Relocate Start      Relocate End           High               Low         
[2026-04-03T03:18:23.688+0600][23.240s][info][gc,heap     ] GC(36) y:  Capacity:     1000M (100%)       1000M (100%)       1000M (100%)       1000M (100%)       1000M (100%)       1000M (100%)   
[2026-04-03T03:18:23.688+0600][23.240s][info][gc,heap     ] GC(36) y:      Free:      464M (46%)         430M (43%)         448M (45%)         480M (48%)         480M (48%)         428M (43%)    
[2026-04-03T03:18:23.688+0600][23.240s][info][gc,heap     ] GC(36) y:      Used:      536M (54%)         570M (57%)         552M (55%)         520M (52%)         572M (57%)         520M (52%)    
[2026-04-03T03:18:23.688+0600][23.240s][info][gc,heap     ] GC(36) y: Young Generation Statistics:
[2026-04-03T03:18:23.688+0600][23.240s][info][gc,heap     ] GC(36) y:                Mark Start          Mark End        Relocate Start      Relocate End    
[2026-04-03T03:18:23.688+0600][23.240s][info][gc,heap     ] GC(36) y:      Used:      110M (11%)         144M (14%)         126M (13%)          94M (9%)     
[2026-04-03T03:18:23.688+0600][23.240s][info][gc,heap     ] GC(36) y:      Live:         -                23M (2%)           23M (2%)           23M (2%)     
[2026-04-03T03:18:23.688+0600][23.241s][info][gc,heap     ] GC(36) y:   Garbage:         -                86M (9%)           66M (7%)            2M (0%)     
[2026-04-03T03:18:23.688+0600][23.241s][info][gc,heap     ] GC(36) y: Allocated:         -                34M (3%)           36M (4%)           67M (7%)     
[2026-04-03T03:18:23.688+0600][23.241s][info][gc,heap     ] GC(36) y: Reclaimed:         -                  -                20M (2%)           83M (8%)     
[2026-04-03T03:18:23.688+0600][23.241s][info][gc,heap     ] GC(36) y:  Promoted:         -                  -                 0M (0%)            0M (0%)     
[2026-04-03T03:18:23.688+0600][23.241s][info][gc,heap     ] GC(36) y: Compacted:         -                  -                  -                12M (1%)     
[2026-04-03T03:18:23.688+0600][23.241s][info][gc,phases   ] GC(36) y: Young Generation 536M(54%)->520M(52%) 0.110s
[2026-04-03T03:18:23.688+0600][23.241s][info][gc          ] GC(36) Minor Collection (Allocation Rate) 536M(54%)->520M(52%) 0.111s
[2026-04-03T03:18:23.689+0600][23.241s][info][gc          ] GC(37) Minor Collection (Allocation Rate)
[2026-04-03T03:18:23.689+0600][23.241s][info][gc,task     ] GC(37) Using 2 Workers for Young Generation
[2026-04-03T03:18:23.689+0600][23.241s][info][gc,phases   ] GC(37) y: Young Generation
[2026-04-03T03:18:23.689+0600][23.241s][info][gc,phases   ] GC(37) y: Pause Mark Start 0.031ms
[2026-04-03T03:18:23.825+0600][23.378s][info][gc,phases   ] GC(37) y: Concurrent Mark 136.245ms
[2026-04-03T03:18:23.826+0600][23.378s][info][gc,phases   ] GC(37) y: Pause Mark End 0.022ms
[2026-04-03T03:18:23.826+0600][23.378s][info][gc,phases   ] GC(37) y: Concurrent Mark Free 0.003ms
[2026-04-03T03:18:23.826+0600][23.378s][info][gc,phases   ] GC(37) y: Concurrent Reset Relocation Set 0.012ms
[2026-04-03T03:18:23.832+0600][23.385s][info][gc,reloc    ] GC(37) y: Using tenuring threshold: 1 (Computed)
[2026-04-03T03:18:23.860+0600][23.412s][info][gc,phases   ] GC(37) y: Concurrent Select Relocation Set 34.332ms
[2026-04-03T03:18:23.861+0600][23.413s][info][gc,phases   ] GC(37) y: Pause Relocate Start 0.018ms
[2026-04-03T03:18:23.925+0600][23.478s][info][gc,phases   ] GC(37) y: Concurrent Relocate 64.706ms
[2026-04-03T03:18:23.925+0600][23.478s][info][gc,alloc    ] GC(37) y:                         Mark Start        Mark End      Relocate Start    Relocate End   
[2026-04-03T03:18:23.925+0600][23.478s][info][gc,alloc    ] GC(37) y: Allocation Stalls:          0                0                0                0         
[2026-04-03T03:18:23.925+0600][23.478s][info][gc,load     ] GC(37) y: Load: 4.00 (33%) / 4.90 (41%) / 5.48 (46%)
[2026-04-03T03:18:23.925+0600][23.478s][info][gc,mmu      ] GC(37) y: MMU: 2ms/90.5%, 5ms/96.2%, 10ms/98.1%, 20ms/99.1%, 50ms/99.5%, 100ms/99.7%
[2026-04-03T03:18:23.925+0600][23.478s][info][gc,marking  ] GC(37) y: Mark: 2 stripe(s), 2 proactive flush(es), 1 terminate flush(es), 0 completion(s), 0 continuation(s) 
[2026-04-03T03:18:23.925+0600][23.478s][info][gc,marking  ] GC(37) y: Mark Stack Usage: 32M
[2026-04-03T03:18:23.926+0600][23.478s][info][gc,nmethod  ] GC(37) y: NMethods: 5620 registered, 73 unregistered
[2026-04-03T03:18:23.926+0600][23.478s][info][gc,metaspace] GC(37) y: Metaspace: 68M used, 69M committed, 1088M reserved
[2026-04-03T03:18:23.926+0600][23.478s][info][gc,reloc    ] GC(37) y:                        Candidates     Selected     In-Place         Size        Empty    Relocated 
[2026-04-03T03:18:23.926+0600][23.478s][info][gc,reloc    ] GC(37) y: Small Pages:                   36           25            0          72M           0M           3M 
[2026-04-03T03:18:23.926+0600][23.478s][info][gc,reloc    ] GC(37) y: Medium Pages:                   1            0            0          16M           0M           0M 
[2026-04-03T03:18:23.926+0600][23.478s][info][gc,reloc    ] GC(37) y: Large Pages:                    1            0            0           6M           0M           0M 
[2026-04-03T03:18:23.926+0600][23.478s][info][gc,reloc    ] GC(37) y: Forwarding Usage: 3M
[2026-04-03T03:18:23.926+0600][23.478s][info][gc,reloc    ] GC(37) y: Age Table:
[2026-04-03T03:18:23.926+0600][23.478s][info][gc,reloc    ] GC(37) y:                    Live             Garbage             Small              Medium             Large        
[2026-04-03T03:18:23.926+0600][23.478s][info][gc,reloc    ] GC(37) y: Eden               2M (0%)           39M (4%)          13 / 13             1 / 0              0 / 0        
[2026-04-03T03:18:23.926+0600][23.478s][info][gc,reloc    ] GC(37) y: Survivor 1        19M (2%)            8M (1%)          11 / 3              0 / 0              1 / 0        
[2026-04-03T03:18:23.926+0600][23.478s][info][gc,reloc    ] GC(37) y: Survivor 2         4M (0%)            9M (1%)           7 / 5              0 / 0              0 / 0        
[2026-04-03T03:18:23.926+0600][23.478s][info][gc,reloc    ] GC(37) y: Survivor 3         0M (0%)            3M (0%)           2 / 2              0 / 0              0 / 0        
[2026-04-03T03:18:23.926+0600][23.478s][info][gc,reloc    ] GC(37) y: Survivor 4         0M (0%)            1M (0%)           1 / 1              0 / 0              0 / 0        
[2026-04-03T03:18:23.926+0600][23.478s][info][gc,reloc    ] GC(37) y: Survivor 5         0M (0%)            3M (0%)           2 / 1              0 / 0              0 / 0        
[2026-04-03T03:18:23.926+0600][23.478s][info][gc,heap     ] GC(37) y: Min Capacity: 8M(1%)
[2026-04-03T03:18:23.926+0600][23.478s][info][gc,heap     ] GC(37) y: Max Capacity: 1000M(100%)
[2026-04-03T03:18:23.926+0600][23.478s][info][gc,heap     ] GC(37) y: Soft Max Capacity: 1000M(100%)
[2026-04-03T03:18:23.926+0600][23.478s][info][gc,heap     ] GC(37) y: Heap Statistics:
[2026-04-03T03:18:23.926+0600][23.478s][info][gc,heap     ] GC(37) y:                Mark Start          Mark End        Relocate Start      Relocate End           High               Low         
[2026-04-03T03:18:23.926+0600][23.478s][info][gc,heap     ] GC(37) y:  Capacity:     1000M (100%)       1000M (100%)       1000M (100%)       1000M (100%)       1000M (100%)       1000M (100%)   
[2026-04-03T03:18:23.926+0600][23.478s][info][gc,heap     ] GC(37) y:      Free:      480M (48%)         410M (41%)         374M (37%)         380M (38%)         480M (48%)         366M (37%)    
[2026-04-03T03:18:23.926+0600][23.478s][info][gc,heap     ] GC(37) y:      Used:      520M (52%)         590M (59%)         626M (63%)         620M (62%)         634M (63%)         520M (52%)    
[2026-04-03T03:18:23.926+0600][23.478s][info][gc,heap     ] GC(37) y: Young Generation Statistics:
[2026-04-03T03:18:23.926+0600][23.478s][info][gc,heap     ] GC(37) y:                Mark Start          Mark End        Relocate Start      Relocate End    
[2026-04-03T03:18:23.926+0600][23.478s][info][gc,heap     ] GC(37) y:      Used:       94M (9%)          164M (16%)         178M (18%)         168M (17%)    
[2026-04-03T03:18:23.926+0600][23.478s][info][gc,heap     ] GC(37) y:      Live:         -                25M (3%)            5M (1%)            2M (0%)     
[2026-04-03T03:18:23.926+0600][23.478s][info][gc,heap     ] GC(37) y:   Garbage:         -                68M (7%)           66M (7%)           15M (2%)     
[2026-04-03T03:18:23.926+0600][23.478s][info][gc,heap     ] GC(37) y: Allocated:         -                70M (7%)          106M (11%)         150M (15%)    
[2026-04-03T03:18:23.926+0600][23.478s][info][gc,heap     ] GC(37) y: Reclaimed:         -                  -                 2M (0%)           53M (5%)     
[2026-04-03T03:18:23.926+0600][23.478s][info][gc,heap     ] GC(37) y:  Promoted:         -                  -                19M (2%)           23M (2%)     
[2026-04-03T03:18:23.926+0600][23.478s][info][gc,heap     ] GC(37) y: Compacted:         -                  -                  -                 1M (0%)     
[2026-04-03T03:18:23.926+0600][23.478s][info][gc,phases   ] GC(37) y: Young Generation 520M(52%)->620M(62%) 0.237s
[2026-04-03T03:18:23.926+0600][23.478s][info][gc          ] GC(37) Minor Collection (Allocation Rate) 520M(52%)->620M(62%) 0.238s
[2026-04-03T03:18:23.926+0600][23.478s][info][gc          ] GC(38) Minor Collection (Allocation Rate)
[2026-04-03T03:18:23.926+0600][23.478s][info][gc,task     ] GC(38) Using 2 Workers for Young Generation
[2026-04-03T03:18:23.926+0600][23.478s][info][gc,phases   ] GC(38) y: Young Generation
[2026-04-03T03:18:23.926+0600][23.479s][info][gc,phases   ] GC(38) y: Pause Mark Start 0.026ms
[2026-04-03T03:18:24.017+0600][23.570s][info][gc,phases   ] GC(38) y: Concurrent Mark 90.822ms
[2026-04-03T03:18:24.018+0600][23.570s][info][gc,phases   ] GC(38) y: Pause Mark End 0.031ms
[2026-04-03T03:18:24.018+0600][23.570s][info][gc,phases   ] GC(38) y: Concurrent Mark Free 0.004ms
[2026-04-03T03:18:24.018+0600][23.570s][info][gc,phases   ] GC(38) y: Concurrent Reset Relocation Set 0.048ms
[2026-04-03T03:18:24.022+0600][23.574s][info][gc,reloc    ] GC(38) y: Using tenuring threshold: 2 (Computed)
[2026-04-03T03:18:24.025+0600][23.577s][info][gc,phases   ] GC(38) y: Concurrent Select Relocation Set 6.845ms
[2026-04-03T03:18:24.025+0600][23.577s][info][gc,phases   ] GC(38) y: Pause Relocate Start 0.025ms
[2026-04-03T03:18:24.049+0600][23.602s][info][gc,phases   ] GC(38) y: Concurrent Relocate 24.085ms
[2026-04-03T03:18:24.050+0600][23.602s][info][gc,alloc    ] GC(38) y:                         Mark Start        Mark End      Relocate Start    Relocate End   
[2026-04-03T03:18:24.050+0600][23.602s][info][gc,alloc    ] GC(38) y: Allocation Stalls:          0                0                0                0         
[2026-04-03T03:18:24.050+0600][23.602s][info][gc,load     ] GC(38) y: Load: 4.00 (33%) / 4.90 (41%) / 5.48 (46%)
[2026-04-03T03:18:24.050+0600][23.602s][info][gc,mmu      ] GC(38) y: MMU: 2ms/90.5%, 5ms/96.2%, 10ms/98.1%, 20ms/99.1%, 50ms/99.5%, 100ms/99.7%
[2026-04-03T03:18:24.050+0600][23.602s][info][gc,marking  ] GC(38) y: Mark: 2 stripe(s), 3 proactive flush(es), 1 terminate flush(es), 0 completion(s), 0 continuation(s) 
[2026-04-03T03:18:24.050+0600][23.602s][info][gc,marking  ] GC(38) y: Mark Stack Usage: 32M
[2026-04-03T03:18:24.050+0600][23.602s][info][gc,nmethod  ] GC(38) y: NMethods: 5641 registered, 73 unregistered
[2026-04-03T03:18:24.050+0600][23.602s][info][gc,metaspace] GC(38) y: Metaspace: 68M used, 69M committed, 1088M reserved
[2026-04-03T03:18:24.050+0600][23.602s][info][gc,reloc    ] GC(38) y:                        Candidates     Selected     In-Place         Size        Empty    Relocated 
[2026-04-03T03:18:24.050+0600][23.602s][info][gc,reloc    ] GC(38) y: Small Pages:                   69           65            0         138M           0M           6M 
[2026-04-03T03:18:24.050+0600][23.602s][info][gc,reloc    ] GC(38) y: Medium Pages:                   2            1            0          32M           0M           0M 
[2026-04-03T03:18:24.050+0600][23.602s][info][gc,reloc    ] GC(38) y: Large Pages:                    0            0            0           0M           0M           0M 
[2026-04-03T03:18:24.050+0600][23.602s][info][gc,reloc    ] GC(38) y: Forwarding Usage: 6M
[2026-04-03T03:18:24.050+0600][23.602s][info][gc,reloc    ] GC(38) y: Age Table:
[2026-04-03T03:18:24.050+0600][23.602s][info][gc,reloc    ] GC(38) y:                    Live             Garbage             Small              Medium             Large        
[2026-04-03T03:18:24.050+0600][23.602s][info][gc,reloc    ] GC(38) y: Eden               5M (1%)          140M (14%)         65 / 62             1 / 0              0 / 0        
[2026-04-03T03:18:24.050+0600][23.602s][info][gc,reloc    ] GC(38) y: Survivor 1         1M (0%)           22M (2%)           4 / 3              1 / 1              0 / 0        
[2026-04-03T03:18:24.050+0600][23.602s][info][gc,heap     ] GC(38) y: Min Capacity: 8M(1%)
[2026-04-03T03:18:24.050+0600][23.602s][info][gc,heap     ] GC(38) y: Max Capacity: 1000M(100%)
[2026-04-03T03:18:24.050+0600][23.602s][info][gc,heap     ] GC(38) y: Soft Max Capacity: 1000M(100%)
[2026-04-03T03:18:24.050+0600][23.602s][info][gc,heap     ] GC(38) y: Heap Statistics:
[2026-04-03T03:18:24.050+0600][23.602s][info][gc,heap     ] GC(38) y:                Mark Start          Mark End        Relocate Start      Relocate End           High               Low         
[2026-04-03T03:18:24.050+0600][23.602s][info][gc,heap     ] GC(38) y:  Capacity:     1000M (100%)       1000M (100%)       1000M (100%)       1000M (100%)       1000M (100%)       1000M (100%)   
[2026-04-03T03:18:24.050+0600][23.602s][info][gc,heap     ] GC(38) y:      Free:      378M (38%)         302M (30%)         298M (30%)         398M (40%)         400M (40%)         256M (26%)    
[2026-04-03T03:18:24.050+0600][23.602s][info][gc,heap     ] GC(38) y:      Used:      622M (62%)         698M (70%)         702M (70%)         602M (60%)         744M (74%)         600M (60%)    
[2026-04-03T03:18:24.050+0600][23.602s][info][gc,heap     ] GC(38) y: Young Generation Statistics:
[2026-04-03T03:18:24.050+0600][23.602s][info][gc,heap     ] GC(38) y:                Mark Start          Mark End        Relocate Start      Relocate End    
[2026-04-03T03:18:24.050+0600][23.602s][info][gc,heap     ] GC(38) y:      Used:      170M (17%)         246M (25%)         250M (25%)         150M (15%)    
[2026-04-03T03:18:24.050+0600][23.602s][info][gc,heap     ] GC(38) y:      Live:         -                 7M (1%)            7M (1%)            7M (1%)     
[2026-04-03T03:18:24.050+0600][23.602s][info][gc,heap     ] GC(38) y:   Garbage:         -               162M (16%)         162M (16%)           0M (0%)     
[2026-04-03T03:18:24.050+0600][23.602s][info][gc,heap     ] GC(38) y: Allocated:         -                76M (8%)           80M (8%)          142M (14%)    
[2026-04-03T03:18:24.050+0600][23.602s][info][gc,heap     ] GC(38) y: Reclaimed:         -                  -                 0M (0%)          162M (16%)    
[2026-04-03T03:18:24.050+0600][23.602s][info][gc,heap     ] GC(38) y:  Promoted:         -                  -                 0M (0%)            0M (0%)     
[2026-04-03T03:18:24.050+0600][23.602s][info][gc,heap     ] GC(38) y: Compacted:         -                  -                  -                 7M (1%)     
[2026-04-03T03:18:24.050+0600][23.602s][info][gc,phases   ] GC(38) y: Young Generation 622M(62%)->602M(60%) 0.123s
[2026-04-03T03:18:24.050+0600][23.602s][info][gc          ] GC(38) Minor Collection (Allocation Rate) 622M(62%)->602M(60%) 0.124s
[2026-04-03T03:18:24.233+0600][23.785s][info][gc,phases   ] GC(31) O: Concurrent Mark 1387.685ms
[2026-04-03T03:18:24.233+0600][23.785s][info][gc,phases   ] GC(31) O: Pause Mark End 0.041ms
[2026-04-03T03:18:24.233+0600][23.785s][info][gc,phases   ] GC(31) O: Concurrent Mark Free 0.002ms
[2026-04-03T03:18:24.266+0600][23.818s][info][gc,phases   ] GC(31) O: Concurrent Process Non-Strong 32.444ms
[2026-04-03T03:18:24.266+0600][23.818s][info][gc,phases   ] GC(31) O: Concurrent Reset Relocation Set 0.007ms
[2026-04-03T03:18:24.273+0600][23.825s][info][gc,phases   ] GC(31) O: Concurrent Select Relocation Set 6.617ms
[2026-04-03T03:18:24.273+0600][23.825s][info][gc,task     ] GC(31) O: Using 3 Workers for Old Generation
[2026-04-03T03:18:24.315+0600][23.868s][info][gc,task     ] GC(31) O: Using 1 Workers for Old Generation
[2026-04-03T03:18:24.315+0600][23.868s][info][gc,phases   ] GC(31) O: Concurrent Remap Roots 42.725ms
[2026-04-03T03:18:24.316+0600][23.868s][info][gc,phases   ] GC(31) O: Pause Relocate Start 0.030ms
[2026-04-03T03:18:24.316+0600][23.869s][info][gc          ] GC(39) Minor Collection (Allocation Rate)
[2026-04-03T03:18:24.316+0600][23.869s][info][gc,task     ] GC(39) Using 2 Workers for Young Generation
[2026-04-03T03:18:24.316+0600][23.869s][info][gc,phases   ] GC(39) y: Young Generation
[2026-04-03T03:18:24.318+0600][23.870s][info][gc,phases   ] GC(39) y: Pause Mark Start 0.033ms
[2026-04-03T03:18:24.371+0600][23.923s][info][gc,phases   ] GC(31) O: Concurrent Relocate 54.813ms
[2026-04-03T03:18:24.474+0600][24.026s][info][gc,phases   ] GC(39) y: Concurrent Mark 155.775ms
[2026-04-03T03:18:24.474+0600][24.027s][info][gc,phases   ] GC(39) y: Pause Mark End 0.060ms
[2026-04-03T03:18:24.475+0600][24.027s][info][gc,phases   ] GC(39) y: Concurrent Mark Free 0.004ms
[2026-04-03T03:18:24.475+0600][24.027s][info][gc,phases   ] GC(39) y: Concurrent Reset Relocation Set 0.022ms
[2026-04-03T03:18:24.477+0600][24.029s][info][gc,reloc    ] GC(39) y: Using tenuring threshold: 3 (Computed)
[2026-04-03T03:18:24.484+0600][24.036s][info][gc,phases   ] GC(39) y: Concurrent Select Relocation Set 9.295ms
[2026-04-03T03:18:24.484+0600][24.037s][info][gc,phases   ] GC(39) y: Pause Relocate Start 0.025ms
[2026-04-03T03:18:24.485+0600][24.037s][info][gc,task     ] Adjusting Workers for Young Generation: 2 -> 3
[2026-04-03T03:18:24.519+0600][24.072s][info][gc,phases   ] GC(39) y: Concurrent Relocate 34.788ms
[2026-04-03T03:18:24.519+0600][24.072s][info][gc,alloc    ] GC(39) y:                         Mark Start        Mark End      Relocate Start    Relocate End   
[2026-04-03T03:18:24.519+0600][24.072s][info][gc,alloc    ] GC(39) y: Allocation Stalls:          0                0                0                0         
[2026-04-03T03:18:24.519+0600][24.072s][info][gc,load     ] GC(39) y: Load: 4.00 (33%) / 4.90 (41%) / 5.48 (46%)
[2026-04-03T03:18:24.520+0600][24.072s][info][gc,mmu      ] GC(39) y: MMU: 2ms/90.5%, 5ms/96.2%, 10ms/98.1%, 20ms/99.1%, 50ms/99.5%, 100ms/99.7%
[2026-04-03T03:18:24.520+0600][24.072s][info][gc,marking  ] GC(39) y: Mark: 2 stripe(s), 2 proactive flush(es), 1 terminate flush(es), 0 completion(s), 0 continuation(s) 
[2026-04-03T03:18:24.520+0600][24.072s][info][gc,marking  ] GC(39) y: Mark Stack Usage: 32M
[2026-04-03T03:18:24.520+0600][24.072s][info][gc,nmethod  ] GC(39) y: NMethods: 5498 registered, 25 unregistered
[2026-04-03T03:18:24.520+0600][24.072s][info][gc,metaspace] GC(39) y: Metaspace: 68M used, 69M committed, 1088M reserved
[2026-04-03T03:18:24.520+0600][24.072s][info][gc,reloc    ] GC(39) y:                        Candidates     Selected     In-Place         Size        Empty    Relocated 
[2026-04-03T03:18:24.520+0600][24.072s][info][gc,reloc    ] GC(39) y: Small Pages:                  150          140            0         300M           0M          12M 
[2026-04-03T03:18:24.520+0600][24.072s][info][gc,reloc    ] GC(39) y: Medium Pages:                   3            1            0          48M          16M           1M 
[2026-04-03T03:18:24.520+0600][24.072s][info][gc,reloc    ] GC(39) y: Large Pages:                    0            0            0           0M           0M           0M 
[2026-04-03T03:18:24.520+0600][24.072s][info][gc,reloc    ] GC(39) y: Forwarding Usage: 12M
[2026-04-03T03:18:24.520+0600][24.072s][info][gc,reloc    ] GC(39) y: Age Table:
[2026-04-03T03:18:24.520+0600][24.072s][info][gc,reloc    ] GC(39) y:                    Live             Garbage             Small              Medium             Large        
[2026-04-03T03:18:24.520+0600][24.072s][info][gc,reloc    ] GC(39) y: Eden              12M (1%)          281M (28%)        139 / 132            1 / 1              0 / 0        
[2026-04-03T03:18:24.520+0600][24.072s][info][gc,reloc    ] GC(39) y: Survivor 1         4M (0%)           25M (3%)           7 / 5              1 / 0              0 / 0        
[2026-04-03T03:18:24.520+0600][24.072s][info][gc,reloc    ] GC(39) y: Survivor 2         1M (0%)           22M (2%)           4 / 3              1 / 0              0 / 0        
[2026-04-03T03:18:24.520+0600][24.072s][info][gc,heap     ] GC(39) y: Min Capacity: 8M(1%)
[2026-04-03T03:18:24.520+0600][24.072s][info][gc,heap     ] GC(39) y: Max Capacity: 1000M(100%)
[2026-04-03T03:18:24.520+0600][24.072s][info][gc,heap     ] GC(39) y: Soft Max Capacity: 1000M(100%)
[2026-04-03T03:18:24.520+0600][24.072s][info][gc,heap     ] GC(39) y: Heap Statistics:
[2026-04-03T03:18:24.520+0600][24.072s][info][gc,heap     ] GC(39) y:                Mark Start          Mark End        Relocate Start      Relocate End           High               Low         
[2026-04-03T03:18:24.520+0600][24.072s][info][gc,heap     ] GC(39) y:  Capacity:     1000M (100%)       1000M (100%)       1000M (100%)       1000M (100%)       1000M (100%)       1000M (100%)   
[2026-04-03T03:18:24.520+0600][24.072s][info][gc,heap     ] GC(39) y:      Free:      232M (23%)         154M (15%)         162M (16%)         392M (39%)         392M (39%)         110M (11%)    
[2026-04-03T03:18:24.520+0600][24.072s][info][gc,heap     ] GC(39) y:      Used:      768M (77%)         846M (85%)         838M (84%)         608M (61%)         890M (89%)         608M (61%)    
[2026-04-03T03:18:24.520+0600][24.072s][info][gc,heap     ] GC(39) y: Young Generation Statistics:
[2026-04-03T03:18:24.520+0600][24.072s][info][gc,heap     ] GC(39) y:                Mark Start          Mark End        Relocate Start      Relocate End    
[2026-04-03T03:18:24.520+0600][24.072s][info][gc,heap     ] GC(39) y:      Used:      348M (35%)         466M (47%)         458M (46%)         228M (23%)    
[2026-04-03T03:18:24.520+0600][24.072s][info][gc,heap     ] GC(39) y:      Live:         -                18M (2%)           18M (2%)           18M (2%)     
[2026-04-03T03:18:24.520+0600][24.072s][info][gc,heap     ] GC(39) y:   Garbage:         -               329M (33%)         313M (31%)           0M (0%)     
[2026-04-03T03:18:24.520+0600][24.072s][info][gc,heap     ] GC(39) y: Allocated:         -               118M (12%)         126M (13%)         208M (21%)    
[2026-04-03T03:18:24.520+0600][24.072s][info][gc,heap     ] GC(39) y: Reclaimed:         -                  -                16M (2%)          328M (33%)    
[2026-04-03T03:18:24.520+0600][24.072s][info][gc,heap     ] GC(39) y:  Promoted:         -                  -                 0M (0%)            0M (0%)     
[2026-04-03T03:18:24.520+0600][24.072s][info][gc,heap     ] GC(39) y: Compacted:         -                  -                  -                15M (2%)     
[2026-04-03T03:18:24.520+0600][24.072s][info][gc,phases   ] GC(39) y: Young Generation 782M(78%)->608M(61%) 0.203s
[2026-04-03T03:18:24.520+0600][24.072s][info][gc          ] GC(39) Minor Collection (Allocation Rate) 782M(78%)->608M(61%) 0.204s
[2026-04-03T03:18:24.520+0600][24.072s][info][gc,alloc    ] GC(31) O:                         Mark Start        Mark End      Relocate Start    Relocate End   
[2026-04-03T03:18:24.520+0600][24.073s][info][gc,alloc    ] GC(31) O: Allocation Stalls:          0                0                0                0         
[2026-04-03T03:18:24.520+0600][24.073s][info][gc,load     ] GC(31) O: Load: 4.00 (33%) / 4.90 (41%) / 5.48 (46%)
[2026-04-03T03:18:24.520+0600][24.073s][info][gc,mmu      ] GC(31) O: MMU: 2ms/90.5%, 5ms/96.2%, 10ms/98.1%, 20ms/99.1%, 50ms/99.5%, 100ms/99.7%
[2026-04-03T03:18:24.520+0600][24.073s][info][gc,marking  ] GC(31) O: Mark: 1 stripe(s), 2 proactive flush(es), 1 terminate flush(es), 0 completion(s), 0 continuation(s) 
[2026-04-03T03:18:24.520+0600][24.073s][info][gc,marking  ] GC(31) O: Mark Stack Usage: 32M
[2026-04-03T03:18:24.520+0600][24.073s][info][gc,nmethod  ] GC(31) O: NMethods: 5498 registered, 25 unregistered
[2026-04-03T03:18:24.520+0600][24.073s][info][gc,metaspace] GC(31) O: Metaspace: 68M used, 69M committed, 1088M reserved
[2026-04-03T03:18:24.521+0600][24.073s][info][gc,ref      ] GC(31) O:                       Encountered   Discovered     Enqueued 
[2026-04-03T03:18:24.521+0600][24.073s][info][gc,ref      ] GC(31) O: Soft References:             4963            0            0 
[2026-04-03T03:18:24.521+0600][24.073s][info][gc,ref      ] GC(31) O: Weak References:             6223         4958          100 
[2026-04-03T03:18:24.521+0600][24.073s][info][gc,ref      ] GC(31) O: Final References:              82           48            0 
[2026-04-03T03:18:24.521+0600][24.073s][info][gc,ref      ] GC(31) O: Phantom References:           609          574            0 
[2026-04-03T03:18:24.521+0600][24.073s][info][gc,reloc    ] GC(31) O:                        Candidates     Selected     In-Place         Size        Empty    Relocated 
[2026-04-03T03:18:24.521+0600][24.073s][info][gc,reloc    ] GC(31) O: Small Pages:                  139           13            0         278M           0M           4M 
[2026-04-03T03:18:24.521+0600][24.073s][info][gc,reloc    ] GC(31) O: Medium Pages:                   2            1            0          32M           0M           5M 
[2026-04-03T03:18:24.521+0600][24.073s][info][gc,reloc    ] GC(31) O: Large Pages:                    9            0            0          72M          38M           0M 
[2026-04-03T03:18:24.521+0600][24.073s][info][gc,reloc    ] GC(31) O: Forwarding Usage: 4M
[2026-04-03T03:18:24.521+0600][24.073s][info][gc,heap     ] GC(31) O: Min Capacity: 8M(1%)
[2026-04-03T03:18:24.521+0600][24.073s][info][gc,heap     ] GC(31) O: Max Capacity: 1000M(100%)
[2026-04-03T03:18:24.521+0600][24.073s][info][gc,heap     ] GC(31) O: Soft Max Capacity: 1000M(100%)
[2026-04-03T03:18:24.521+0600][24.073s][info][gc,heap     ] GC(31) O: Heap Statistics:
[2026-04-03T03:18:24.521+0600][24.073s][info][gc,heap     ] GC(31) O:                Mark Start          Mark End        Relocate Start      Relocate End           High               Low         
[2026-04-03T03:18:24.521+0600][24.073s][info][gc,heap     ] GC(31) O:  Capacity:     1000M (100%)       1000M (100%)       1000M (100%)       1000M (100%)       1000M (100%)       1000M (100%)   
[2026-04-03T03:18:24.521+0600][24.073s][info][gc,heap     ] GC(31) O:      Free:      442M (44%)         266M (27%)         240M (24%)         222M (22%)         558M (56%)         216M (22%)    
[2026-04-03T03:18:24.521+0600][24.073s][info][gc,heap     ] GC(31) O:      Used:      558M (56%)         734M (73%)         760M (76%)         778M (78%)         784M (78%)         442M (44%)    
[2026-04-03T03:18:24.521+0600][24.073s][info][gc,heap     ] GC(31) O: Old Generation Statistics:
[2026-04-03T03:18:24.521+0600][24.073s][info][gc,heap     ] GC(31) O:                Mark Start          Mark End        Relocate Start      Relocate End    
[2026-04-03T03:18:24.521+0600][24.073s][info][gc,heap     ] GC(31) O:      Used:      382M (38%)         452M (45%)         414M (41%)         380M (38%)    
[2026-04-03T03:18:24.521+0600][24.073s][info][gc,heap     ] GC(31) O:      Live:         -               288M (29%)         288M (29%)         288M (29%)    
[2026-04-03T03:18:24.521+0600][24.073s][info][gc,heap     ] GC(31) O:   Garbage:         -                93M (9%)           55M (6%)            5M (1%)     
[2026-04-03T03:18:24.521+0600][24.073s][info][gc,heap     ] GC(31) O: Allocated:         -                70M (7%)           70M (7%)           86M (9%)     
[2026-04-03T03:18:24.521+0600][24.073s][info][gc,heap     ] GC(31) O: Reclaimed:         -                  -                38M (4%)           88M (9%)     
[2026-04-03T03:18:24.521+0600][24.073s][info][gc,heap     ] GC(31) O: Compacted:         -                  -                  -                15M (2%)     
[2026-04-03T03:18:24.521+0600][24.073s][info][gc,phases   ] GC(31) O: Old Generation 460M(46%)->778M(78%) 1.675s
[2026-04-03T03:18:24.521+0600][24.073s][info][gc          ] GC(31) Major Collection (Allocation Rate) 558M(56%)->608M(61%) 1.803s
[2026-04-03T03:18:24.522+0600][24.075s][info][gc          ] GC(40) Minor Collection (Allocation Rate)
[2026-04-03T03:18:24.522+0600][24.075s][info][gc,task     ] GC(40) Using 3 Workers for Young Generation
[2026-04-03T03:18:24.523+0600][24.075s][info][gc,phases   ] GC(40) y: Young Generation
[2026-04-03T03:18:24.523+0600][24.075s][info][gc,phases   ] GC(40) y: Pause Mark Start 0.029ms
[2026-04-03T03:18:24.754+0600][24.306s][info][gc,phases   ] GC(40) y: Concurrent Mark 230.909ms
[2026-04-03T03:18:24.754+0600][24.306s][info][gc,phases   ] GC(40) y: Pause Mark End 0.055ms
[2026-04-03T03:18:24.754+0600][24.306s][info][gc,phases   ] GC(40) y: Concurrent Mark Free 0.003ms
[2026-04-03T03:18:24.754+0600][24.307s][info][gc,phases   ] GC(40) y: Concurrent Reset Relocation Set 0.025ms
[2026-04-03T03:18:24.759+0600][24.312s][info][gc,reloc    ] GC(40) y: Using tenuring threshold: 3 (Computed)
[2026-04-03T03:18:24.763+0600][24.315s][info][gc,phases   ] GC(40) y: Concurrent Select Relocation Set 8.686ms
[2026-04-03T03:18:24.763+0600][24.316s][info][gc,phases   ] GC(40) y: Pause Relocate Start 0.021ms
[2026-04-03T03:18:24.784+0600][24.336s][info][gc,phases   ] GC(40) y: Concurrent Relocate 20.330ms
[2026-04-03T03:18:24.784+0600][24.336s][info][gc,alloc    ] GC(40) y:                         Mark Start        Mark End      Relocate Start    Relocate End   
[2026-04-03T03:18:24.784+0600][24.336s][info][gc,alloc    ] GC(40) y: Allocation Stalls:          0                0                0                0         
[2026-04-03T03:18:24.784+0600][24.336s][info][gc,load     ] GC(40) y: Load: 4.00 (33%) / 4.90 (41%) / 5.48 (46%)
[2026-04-03T03:18:24.784+0600][24.336s][info][gc,mmu      ] GC(40) y: MMU: 2ms/90.5%, 5ms/96.2%, 10ms/98.1%, 20ms/99.1%, 50ms/99.5%, 100ms/99.7%
[2026-04-03T03:18:24.784+0600][24.336s][info][gc,marking  ] GC(40) y: Mark: 2 stripe(s), 10 proactive flush(es), 1 terminate flush(es), 0 completion(s), 0 continuation(s) 
[2026-04-03T03:18:24.784+0600][24.336s][info][gc,marking  ] GC(40) y: Mark Stack Usage: 32M
[2026-04-03T03:18:24.784+0600][24.336s][info][gc,nmethod  ] GC(40) y: NMethods: 5534 registered, 25 unregistered
[2026-04-03T03:18:24.784+0600][24.336s][info][gc,metaspace] GC(40) y: Metaspace: 68M used, 69M committed, 1088M reserved
[2026-04-03T03:18:24.784+0600][24.336s][info][gc,reloc    ] GC(40) y:                        Candidates     Selected     In-Place         Size        Empty    Relocated 
[2026-04-03T03:18:24.784+0600][24.336s][info][gc,reloc    ] GC(40) y: Small Pages:                   88           74            0         176M           2M           6M 
[2026-04-03T03:18:24.784+0600][24.336s][info][gc,reloc    ] GC(40) y: Medium Pages:                   2            0            0          32M          16M           0M 
[2026-04-03T03:18:24.784+0600][24.336s][info][gc,reloc    ] GC(40) y: Large Pages:                    3            0            0          24M           0M           0M 
[2026-04-03T03:18:24.784+0600][24.336s][info][gc,reloc    ] GC(40) y: Forwarding Usage: 6M
[2026-04-03T03:18:24.784+0600][24.336s][info][gc,reloc    ] GC(40) y: Age Table:
[2026-04-03T03:18:24.784+0600][24.336s][info][gc,reloc    ] GC(40) y:                    Live             Garbage             Small              Medium             Large        
[2026-04-03T03:18:24.784+0600][24.336s][info][gc,reloc    ] GC(40) y: Eden              29M (3%)          124M (12%)         65 / 62             0 / 0              3 / 0        
[2026-04-03T03:18:24.784+0600][24.336s][info][gc,reloc    ] GC(40) y: Survivor 1        11M (1%)           22M (2%)           9 / 3              1 / 0              0 / 0        
[2026-04-03T03:18:24.784+0600][24.336s][info][gc,reloc    ] GC(40) y: Survivor 2         4M (0%)           15M (2%)          10 / 5              0 / 0              0 / 0        
[2026-04-03T03:18:24.784+0600][24.336s][info][gc,reloc    ] GC(40) y: Survivor 3         1M (0%)           22M (2%)           4 / 4              1 / 0              0 / 0        
[2026-04-03T03:18:24.784+0600][24.336s][info][gc,heap     ] GC(40) y: Min Capacity: 8M(1%)
[2026-04-03T03:18:24.784+0600][24.336s][info][gc,heap     ] GC(40) y: Max Capacity: 1000M(100%)
[2026-04-03T03:18:24.784+0600][24.336s][info][gc,heap     ] GC(40) y: Soft Max Capacity: 1000M(100%)
[2026-04-03T03:18:24.784+0600][24.336s][info][gc,heap     ] GC(40) y: Heap Statistics:
[2026-04-03T03:18:24.784+0600][24.336s][info][gc,heap     ] GC(40) y:                Mark Start          Mark End        Relocate Start      Relocate End           High               Low         
[2026-04-03T03:18:24.784+0600][24.336s][info][gc,heap     ] GC(40) y:  Capacity:     1000M (100%)       1000M (100%)       1000M (100%)       1000M (100%)       1000M (100%)       1000M (100%)   
[2026-04-03T03:18:24.784+0600][24.336s][info][gc,heap     ] GC(40) y:      Free:      388M (39%)         188M (19%)         200M (20%)         308M (31%)         388M (39%)         186M (19%)    
[2026-04-03T03:18:24.784+0600][24.336s][info][gc,heap     ] GC(40) y:      Used:      612M (61%)         812M (81%)         800M (80%)         692M (69%)         814M (81%)         612M (61%)    
[2026-04-03T03:18:24.784+0600][24.336s][info][gc,heap     ] GC(40) y: Young Generation Statistics:
[2026-04-03T03:18:24.784+0600][24.336s][info][gc,heap     ] GC(40) y:                Mark Start          Mark End        Relocate Start      Relocate End    
[2026-04-03T03:18:24.784+0600][24.337s][info][gc,heap     ] GC(40) y:      Used:      232M (23%)         432M (43%)         404M (40%)         292M (29%)    
[2026-04-03T03:18:24.784+0600][24.337s][info][gc,heap     ] GC(40) y:      Live:         -                46M (5%)           45M (5%)           44M (4%)     
[2026-04-03T03:18:24.784+0600][24.337s][info][gc,heap     ] GC(40) y:   Garbage:         -               185M (19%)         152M (15%)           2M (0%)     
[2026-04-03T03:18:24.784+0600][24.337s][info][gc,heap     ] GC(40) y: Allocated:         -               200M (20%)         206M (21%)         244M (24%)    
[2026-04-03T03:18:24.784+0600][24.337s][info][gc,heap     ] GC(40) y: Reclaimed:         -                  -                33M (3%)          182M (18%)    
[2026-04-03T03:18:24.784+0600][24.337s][info][gc,heap     ] GC(40) y:  Promoted:         -                  -                 0M (0%)            1M (0%)     
[2026-04-03T03:18:24.784+0600][24.337s][info][gc,heap     ] GC(40) y: Compacted:         -                  -                  -                 5M (1%)     
[2026-04-03T03:18:24.784+0600][24.337s][info][gc,phases   ] GC(40) y: Young Generation 612M(61%)->692M(69%) 0.261s
[2026-04-03T03:18:24.784+0600][24.337s][info][gc          ] GC(40) Minor Collection (Allocation Rate) 612M(61%)->692M(69%) 0.262s
[2026-04-03T03:18:24.785+0600][24.337s][info][gc          ] GC(41) Major Collection (Allocation Rate)
[2026-04-03T03:18:24.785+0600][24.337s][info][gc,task     ] GC(41) Using 3 Workers for Young Generation
[2026-04-03T03:18:24.785+0600][24.337s][info][gc,task     ] GC(41) Using 1 Workers for Old Generation
[2026-04-03T03:18:24.785+0600][24.337s][info][gc,phases   ] GC(41) Y: Young Generation
[2026-04-03T03:18:24.785+0600][24.337s][info][gc,phases   ] GC(41) Y: Pause Mark Start (Major) 0.042ms
[2026-04-03T03:18:24.993+0600][24.545s][info][gc,phases   ] GC(41) Y: Concurrent Mark 207.798ms
[2026-04-03T03:18:24.993+0600][24.546s][info][gc,phases   ] GC(41) Y: Pause Mark End 0.061ms
[2026-04-03T03:18:24.993+0600][24.546s][info][gc,phases   ] GC(41) Y: Concurrent Mark Free 0.003ms
[2026-04-03T03:18:24.994+0600][24.546s][info][gc,phases   ] GC(41) Y: Concurrent Reset Relocation Set 0.020ms
[2026-04-03T03:18:24.997+0600][24.549s][info][gc,reloc    ] GC(41) Y: Using tenuring threshold: 1 (Computed)
[2026-04-03T03:18:25.029+0600][24.581s][info][gc,phases   ] GC(41) Y: Concurrent Select Relocation Set 35.018ms
[2026-04-03T03:18:25.029+0600][24.581s][info][gc,phases   ] GC(41) Y: Pause Relocate Start 0.030ms
[2026-04-03T03:18:25.114+0600][24.666s][info][gc,phases   ] GC(41) Y: Concurrent Relocate 84.696ms
[2026-04-03T03:18:25.114+0600][24.666s][info][gc,alloc    ] GC(41) Y:                         Mark Start        Mark End      Relocate Start    Relocate End   
[2026-04-03T03:18:25.114+0600][24.666s][info][gc,alloc    ] GC(41) Y: Allocation Stalls:          0                0                0                0         
[2026-04-03T03:18:25.114+0600][24.666s][info][gc,load     ] GC(41) Y: Load: 4.00 (33%) / 4.90 (41%) / 5.48 (46%)
[2026-04-03T03:18:25.114+0600][24.666s][info][gc,mmu      ] GC(41) Y: MMU: 2ms/90.5%, 5ms/96.2%, 10ms/98.1%, 20ms/99.1%, 50ms/99.5%, 100ms/99.7%
[2026-04-03T03:18:25.114+0600][24.666s][info][gc,marking  ] GC(41) Y: Mark: 2 stripe(s), 10 proactive flush(es), 1 terminate flush(es), 0 completion(s), 0 continuation(s) 
[2026-04-03T03:18:25.114+0600][24.666s][info][gc,marking  ] GC(41) Y: Mark Stack Usage: 32M
[2026-04-03T03:18:25.114+0600][24.666s][info][gc,nmethod  ] GC(41) Y: NMethods: 5542 registered, 25 unregistered
[2026-04-03T03:18:25.114+0600][24.666s][info][gc,metaspace] GC(41) Y: Metaspace: 68M used, 69M committed, 1088M reserved
[2026-04-03T03:18:25.114+0600][24.666s][info][gc,reloc    ] GC(41) Y:                        Candidates     Selected     In-Place         Size        Empty    Relocated 
[2026-04-03T03:18:25.114+0600][24.666s][info][gc,reloc    ] GC(41) Y: Small Pages:                  134          117            0         268M           0M           9M 
[2026-04-03T03:18:25.114+0600][24.666s][info][gc,reloc    ] GC(41) Y: Medium Pages:                   0            0            0           0M           0M           0M 
[2026-04-03T03:18:25.114+0600][24.666s][info][gc,reloc    ] GC(41) Y: Large Pages:                    3            0            0          24M           0M           0M 
[2026-04-03T03:18:25.114+0600][24.666s][info][gc,reloc    ] GC(41) Y: Forwarding Usage: 8M
[2026-04-03T03:18:25.114+0600][24.666s][info][gc,reloc    ] GC(41) Y: Age Table:
[2026-04-03T03:18:25.114+0600][24.666s][info][gc,reloc    ] GC(41) Y:                    Live             Garbage             Small              Medium             Large        
[2026-04-03T03:18:25.114+0600][24.666s][info][gc,reloc    ] GC(41) Y: Eden               8M (1%)          213M (21%)        111 / 106            0 / 0              0 / 0        
[2026-04-03T03:18:25.114+0600][24.666s][info][gc,reloc    ] GC(41) Y: Survivor 1        28M (3%)            7M (1%)           6 / 3              0 / 0              3 / 0        
[2026-04-03T03:18:25.114+0600][24.666s][info][gc,reloc    ] GC(41) Y: Survivor 2        11M (1%)           10M (1%)          11 / 5              0 / 0              0 / 0        
[2026-04-03T03:18:25.114+0600][24.666s][info][gc,reloc    ] GC(41) Y: Survivor 3         4M (0%)            7M (1%)           6 / 3              0 / 0              0 / 0        
[2026-04-03T03:18:25.114+0600][24.666s][info][gc,heap     ] GC(41) Y: Min Capacity: 8M(1%)
[2026-04-03T03:18:25.114+0600][24.666s][info][gc,heap     ] GC(41) Y: Max Capacity: 1000M(100%)
[2026-04-03T03:18:25.114+0600][24.666s][info][gc,heap     ] GC(41) Y: Soft Max Capacity: 1000M(100%)
[2026-04-03T03:18:25.114+0600][24.666s][info][gc,heap     ] GC(41) Y: Heap Statistics:
[2026-04-03T03:18:25.114+0600][24.666s][info][gc,heap     ] GC(41) Y:                Mark Start          Mark End        Relocate Start      Relocate End           High               Low         
[2026-04-03T03:18:25.114+0600][24.666s][info][gc,heap     ] GC(41) Y:  Capacity:     1000M (100%)       1000M (100%)       1000M (100%)       1000M (100%)       1000M (100%)       1000M (100%)   
[2026-04-03T03:18:25.114+0600][24.667s][info][gc,heap     ] GC(41) Y:      Free:      308M (31%)         110M (11%)          72M (7%)          196M (20%)         308M (31%)          66M (7%)     
[2026-04-03T03:18:25.114+0600][24.667s][info][gc,heap     ] GC(41) Y:      Used:      692M (69%)         890M (89%)         928M (93%)         804M (80%)         934M (93%)         692M (69%)    
[2026-04-03T03:18:25.114+0600][24.667s][info][gc,heap     ] GC(41) Y: Young Generation Statistics:
[2026-04-03T03:18:25.114+0600][24.667s][info][gc,heap     ] GC(41) Y:                Mark Start          Mark End        Relocate Start      Relocate End    
[2026-04-03T03:18:25.114+0600][24.667s][info][gc,heap     ] GC(41) Y:      Used:      292M (29%)         490M (49%)         482M (48%)         346M (35%)    
[2026-04-03T03:18:25.114+0600][24.667s][info][gc,heap     ] GC(41) Y:      Live:         -                52M (5%)            9M (1%)            8M (1%)     
[2026-04-03T03:18:25.114+0600][24.667s][info][gc,heap     ] GC(41) Y:   Garbage:         -               239M (24%)         236M (24%)           0M (0%)     
[2026-04-03T03:18:25.114+0600][24.667s][info][gc,heap     ] GC(41) Y: Allocated:         -               198M (20%)         236M (24%)         337M (34%)    
[2026-04-03T03:18:25.114+0600][24.667s][info][gc,heap     ] GC(41) Y: Reclaimed:         -                  -                 3M (0%)          239M (24%)    
[2026-04-03T03:18:25.114+0600][24.667s][info][gc,heap     ] GC(41) Y:  Promoted:         -                  -                42M (4%)           43M (4%)     
[2026-04-03T03:18:25.114+0600][24.667s][info][gc,heap     ] GC(41) Y: Compacted:         -                  -                  -                 8M (1%)     
[2026-04-03T03:18:25.114+0600][24.667s][info][gc,phases   ] GC(41) Y: Young Generation 692M(69%)->804M(80%) 0.329s
[2026-04-03T03:18:25.114+0600][24.667s][info][gc,phases   ] GC(41) O: Old Generation
[2026-04-03T03:18:25.118+0600][24.670s][info][gc          ] GC(42) Minor Collection (Allocation Rate)
[2026-04-03T03:18:25.118+0600][24.670s][info][gc,task     ] GC(42) Using 2 Workers for Young Generation
[2026-04-03T03:18:25.118+0600][24.670s][info][gc,phases   ] GC(42) y: Young Generation
[2026-04-03T03:18:25.118+0600][24.670s][info][gc,phases   ] GC(42) y: Pause Mark Start 0.032ms
[2026-04-03T03:18:25.331+0600][24.884s][info][gc,task     ] Adjusting Workers for Old Generation: 1 -> 3
[2026-04-03T03:18:25.332+0600][24.884s][info][gc,task     ] Adjusting Workers for Young Generation: 2 -> 3
[2026-04-03T03:18:25.341+0600][24.893s][info][gc,phases   ] GC(42) y: Concurrent Mark 222.258ms
[2026-04-03T03:18:25.341+0600][24.893s][info][gc,phases   ] GC(42) y: Pause Mark End 0.061ms
[2026-04-03T03:18:25.341+0600][24.893s][info][gc,phases   ] GC(42) y: Concurrent Mark Free 0.002ms
[2026-04-03T03:18:25.341+0600][24.893s][info][gc,phases   ] GC(42) y: Concurrent Reset Relocation Set 0.060ms
[2026-04-03T03:18:25.347+0600][24.899s][info][gc,reloc    ] GC(42) y: Using tenuring threshold: 2 (Computed)
[2026-04-03T03:18:25.351+0600][24.903s][info][gc,phases   ] GC(42) y: Concurrent Select Relocation Set 9.849ms
[2026-04-03T03:18:25.351+0600][24.904s][info][gc,phases   ] GC(42) y: Pause Relocate Start 0.043ms
[2026-04-03T03:18:25.352+0600][24.904s][info][gc          ] Allocation Stall (Executor task launch worker for task 2.0 in stage 1.0 (TID 5)) 23.264ms
[2026-04-03T03:18:25.352+0600][24.905s][info][gc          ] Allocation Stall (Executor task launch worker for task 1.0 in stage 1.0 (TID 4)) 21.963ms
[2026-04-03T03:18:25.352+0600][24.905s][info][gc          ] Allocation Stall (Executor task launch worker for task 0.0 in stage 1.0 (TID 3)) 23.330ms
[2026-04-03T03:18:25.353+0600][24.905s][info][gc          ] Relocation Stall (Executor task launch worker for task 2.0 in stage 1.0 (TID 5)) 0.877ms
[2026-04-03T03:18:25.358+0600][24.911s][info][gc          ] Relocation Stall (Executor task launch worker for task 1.0 in stage 1.0 (TID 4)) 5.562ms
[2026-04-03T03:18:25.387+0600][24.940s][info][gc,phases   ] GC(42) y: Concurrent Relocate 35.683ms
[2026-04-03T03:18:25.387+0600][24.940s][info][gc,alloc    ] GC(42) y:                         Mark Start        Mark End      Relocate Start    Relocate End   
[2026-04-03T03:18:25.387+0600][24.940s][info][gc,alloc    ] GC(42) y: Allocation Stalls:          0                3                3                0         
[2026-04-03T03:18:25.387+0600][24.940s][info][gc,load     ] GC(42) y: Load: 4.00 (33%) / 4.90 (41%) / 5.48 (46%)
[2026-04-03T03:18:25.388+0600][24.940s][info][gc,mmu      ] GC(42) y: MMU: 2ms/90.5%, 5ms/96.2%, 10ms/98.1%, 20ms/99.1%, 50ms/99.5%, 100ms/99.7%
[2026-04-03T03:18:25.388+0600][24.940s][info][gc,marking  ] GC(42) y: Mark: 2 stripe(s), 2 proactive flush(es), 1 terminate flush(es), 0 completion(s), 0 continuation(s) 
[2026-04-03T03:18:25.388+0600][24.940s][info][gc,marking  ] GC(42) y: Mark Stack Usage: 32M
[2026-04-03T03:18:25.388+0600][24.940s][info][gc,nmethod  ] GC(42) y: NMethods: 5555 registered, 25 unregistered
[2026-04-03T03:18:25.388+0600][24.940s][info][gc,metaspace] GC(42) y: Metaspace: 68M used, 69M committed, 1088M reserved
[2026-04-03T03:18:25.388+0600][24.940s][info][gc,reloc    ] GC(42) y:                        Candidates     Selected     In-Place         Size        Empty    Relocated 
[2026-04-03T03:18:25.388+0600][24.940s][info][gc,reloc    ] GC(42) y: Small Pages:                  172          160            6         344M           0M          14M 
[2026-04-03T03:18:25.388+0600][24.940s][info][gc,reloc    ] GC(42) y: Medium Pages:                   0            0            0           0M           0M           0M 
[2026-04-03T03:18:25.388+0600][24.940s][info][gc,reloc    ] GC(42) y: Large Pages:                    1            0            0           6M           0M           0M 
[2026-04-03T03:18:25.388+0600][24.940s][info][gc,reloc    ] GC(42) y: Forwarding Usage: 13M
[2026-04-03T03:18:25.388+0600][24.940s][info][gc,reloc    ] GC(42) y: Age Table:
[2026-04-03T03:18:25.388+0600][24.940s][info][gc,reloc    ] GC(42) y:                    Live             Garbage             Small              Medium             Large        
[2026-04-03T03:18:25.388+0600][24.940s][info][gc,reloc    ] GC(42) y: Eden              19M (2%)          312M (31%)        163 / 155            0 / 0              1 / 0        
[2026-04-03T03:18:25.388+0600][24.940s][info][gc,reloc    ] GC(42) y: Survivor 1         7M (1%)           10M (1%)           9 / 5              0 / 0              0 / 0        
[2026-04-03T03:18:25.388+0600][24.940s][info][gc,heap     ] GC(42) y: Min Capacity: 8M(1%)
[2026-04-03T03:18:25.388+0600][24.940s][info][gc,heap     ] GC(42) y: Max Capacity: 1000M(100%)
[2026-04-03T03:18:25.388+0600][24.940s][info][gc,heap     ] GC(42) y: Soft Max Capacity: 1000M(100%)
[2026-04-03T03:18:25.388+0600][24.940s][info][gc,heap     ] GC(42) y: Heap Statistics:
[2026-04-03T03:18:25.388+0600][24.940s][info][gc,heap     ] GC(42) y:                Mark Start          Mark End        Relocate Start      Relocate End           High               Low         
[2026-04-03T03:18:25.388+0600][24.940s][info][gc,heap     ] GC(42) y:  Capacity:     1000M (100%)       1000M (100%)       1000M (100%)       1000M (100%)       1000M (100%)       1000M (100%)   
[2026-04-03T03:18:25.388+0600][24.940s][info][gc,heap     ] GC(42) y:      Free:      192M (19%)           0M (0%)            0M (0%)          282M (28%)         282M (28%)           0M (0%)     
[2026-04-03T03:18:25.388+0600][24.940s][info][gc,heap     ] GC(42) y:      Used:      808M (81%)        1000M (100%)       1000M (100%)        718M (72%)        1000M (100%)        718M (72%)    
[2026-04-03T03:18:25.388+0600][24.940s][info][gc,heap     ] GC(42) y: Young Generation Statistics:
[2026-04-03T03:18:25.388+0600][24.940s][info][gc,heap     ] GC(42) y:                Mark Start          Mark End        Relocate Start      Relocate End    
[2026-04-03T03:18:25.388+0600][24.940s][info][gc,heap     ] GC(42) y:      Used:      350M (35%)         542M (54%)         542M (54%)         260M (26%)    
[2026-04-03T03:18:25.388+0600][24.940s][info][gc,heap     ] GC(42) y:      Live:         -                26M (3%)           26M (3%)           26M (3%)     
[2026-04-03T03:18:25.388+0600][24.940s][info][gc,heap     ] GC(42) y:   Garbage:         -               323M (32%)         323M (32%)           0M (0%)     
[2026-04-03T03:18:25.388+0600][24.940s][info][gc,heap     ] GC(42) y: Allocated:         -               192M (19%)         192M (19%)         232M (23%)    
[2026-04-03T03:18:25.388+0600][24.940s][info][gc,heap     ] GC(42) y: Reclaimed:         -                  -                 0M (0%)          322M (32%)    
[2026-04-03T03:18:25.388+0600][24.940s][info][gc,heap     ] GC(42) y:  Promoted:         -                  -                 0M (0%)            0M (0%)     
[2026-04-03T03:18:25.388+0600][24.940s][info][gc,heap     ] GC(42) y: Compacted:         -                  -                  -                15M (2%)     
[2026-04-03T03:18:25.388+0600][24.940s][info][gc,phases   ] GC(42) y: Young Generation 808M(81%)->718M(72%) 0.270s
[2026-04-03T03:18:25.388+0600][24.940s][info][gc          ] GC(42) Minor Collection (Allocation Rate) 808M(81%)->718M(72%) 0.270s
[2026-04-03T03:18:25.388+0600][24.940s][info][gc,task     ] Adjusting Workers for Old Generation: 3 -> 1
[2026-04-03T03:18:25.388+0600][24.941s][info][gc          ] GC(43) Minor Collection (Allocation Rate)
[2026-04-03T03:18:25.388+0600][24.941s][info][gc,task     ] GC(43) Using 2 Workers for Young Generation
[2026-04-03T03:18:25.389+0600][24.941s][info][gc,phases   ] GC(43) y: Young Generation
[2026-04-03T03:18:25.389+0600][24.941s][info][gc,phases   ] GC(43) y: Pause Mark Start 0.031ms
[2026-04-03T03:18:25.685+0600][25.238s][info][gc,phases   ] GC(43) y: Concurrent Mark 296.228ms
[2026-04-03T03:18:25.686+0600][25.238s][info][gc,phases   ] GC(43) y: Pause Mark End 0.065ms
[2026-04-03T03:18:25.686+0600][25.238s][info][gc,phases   ] GC(43) y: Concurrent Mark Free 0.004ms
[2026-04-03T03:18:25.686+0600][25.238s][info][gc,phases   ] GC(43) y: Concurrent Reset Relocation Set 0.032ms
[2026-04-03T03:18:25.688+0600][25.241s][info][gc,reloc    ] GC(43) y: Using tenuring threshold: 1 (Computed)
[2026-04-03T03:18:25.709+0600][25.261s][info][gc,phases   ] GC(43) y: Concurrent Select Relocation Set 22.990ms
[2026-04-03T03:18:25.709+0600][25.262s][info][gc,phases   ] GC(43) y: Pause Relocate Start 0.029ms
[2026-04-03T03:18:25.775+0600][25.328s][info][gc,phases   ] GC(43) y: Concurrent Relocate 65.560ms
[2026-04-03T03:18:25.775+0600][25.328s][info][gc,alloc    ] GC(43) y:                         Mark Start        Mark End      Relocate Start    Relocate End   
[2026-04-03T03:18:25.775+0600][25.328s][info][gc,alloc    ] GC(43) y: Allocation Stalls:          0                0                0                0         
[2026-04-03T03:18:25.775+0600][25.328s][info][gc,load     ] GC(43) y: Load: 4.16 (35%) / 4.92 (41%) / 5.48 (46%)
[2026-04-03T03:18:25.775+0600][25.328s][info][gc,mmu      ] GC(43) y: MMU: 2ms/90.5%, 5ms/96.2%, 10ms/98.1%, 20ms/99.1%, 50ms/99.5%, 100ms/99.7%
[2026-04-03T03:18:25.775+0600][25.328s][info][gc,marking  ] GC(43) y: Mark: 2 stripe(s), 2 proactive flush(es), 1 terminate flush(es), 0 completion(s), 0 continuation(s) 
[2026-04-03T03:18:25.775+0600][25.328s][info][gc,marking  ] GC(43) y: Mark Stack Usage: 32M
[2026-04-03T03:18:25.775+0600][25.328s][info][gc,nmethod  ] GC(43) y: NMethods: 5561 registered, 25 unregistered
[2026-04-03T03:18:25.776+0600][25.328s][info][gc,metaspace] GC(43) y: Metaspace: 68M used, 69M committed, 1088M reserved
[2026-04-03T03:18:25.776+0600][25.328s][info][gc,reloc    ] GC(43) y:                        Candidates     Selected     In-Place         Size        Empty    Relocated 
[2026-04-03T03:18:25.776+0600][25.328s][info][gc,reloc    ] GC(43) y: Small Pages:                  127          111            0         254M           0M           8M 
[2026-04-03T03:18:25.776+0600][25.328s][info][gc,reloc    ] GC(43) y: Medium Pages:                   0            0            0           0M           0M           0M 
[2026-04-03T03:18:25.776+0600][25.328s][info][gc,reloc    ] GC(43) y: Large Pages:                    1            0            0           6M           0M           0M 
[2026-04-03T03:18:25.776+0600][25.328s][info][gc,reloc    ] GC(43) y: Forwarding Usage: 6M
[2026-04-03T03:18:25.776+0600][25.328s][info][gc,reloc    ] GC(43) y: Age Table:
[2026-04-03T03:18:25.776+0600][25.328s][info][gc,reloc    ] GC(43) y:                    Live             Garbage             Small              Medium             Large        
[2026-04-03T03:18:25.776+0600][25.328s][info][gc,reloc    ] GC(43) y: Eden               7M (1%)          206M (21%)        107 / 102            0 / 0              0 / 0        
[2026-04-03T03:18:25.776+0600][25.328s][info][gc,reloc    ] GC(43) y: Survivor 1        17M (2%)           10M (1%)          11 / 4              0 / 0              1 / 0        
[2026-04-03T03:18:25.776+0600][25.328s][info][gc,reloc    ] GC(43) y: Survivor 2         7M (1%)           10M (1%)           9 / 5              0 / 0              0 / 0        
[2026-04-03T03:18:25.776+0600][25.328s][info][gc,heap     ] GC(43) y: Min Capacity: 8M(1%)
[2026-04-03T03:18:25.776+0600][25.328s][info][gc,heap     ] GC(43) y: Max Capacity: 1000M(100%)
[2026-04-03T03:18:25.776+0600][25.328s][info][gc,heap     ] GC(43) y: Soft Max Capacity: 1000M(100%)
[2026-04-03T03:18:25.776+0600][25.328s][info][gc,heap     ] GC(43) y: Heap Statistics:
[2026-04-03T03:18:25.776+0600][25.328s][info][gc,heap     ] GC(43) y:                Mark Start          Mark End        Relocate Start      Relocate End           High               Low         
[2026-04-03T03:18:25.776+0600][25.328s][info][gc,heap     ] GC(43) y:  Capacity:     1000M (100%)       1000M (100%)       1000M (100%)       1000M (100%)       1000M (100%)       1000M (100%)   
[2026-04-03T03:18:25.776+0600][25.328s][info][gc,heap     ] GC(43) y:      Free:      282M (28%)          34M (3%)           16M (2%)          168M (17%)         282M (28%)           8M (1%)     
[2026-04-03T03:18:25.776+0600][25.328s][info][gc,heap     ] GC(43) y:      Used:      718M (72%)         966M (97%)         984M (98%)         832M (83%)         992M (99%)         718M (72%)    
[2026-04-03T03:18:25.776+0600][25.328s][info][gc,heap     ] GC(43) y: Young Generation Statistics:
[2026-04-03T03:18:25.776+0600][25.328s][info][gc,heap     ] GC(43) y:                Mark Start          Mark End        Relocate Start      Relocate End    
[2026-04-03T03:18:25.776+0600][25.328s][info][gc,heap     ] GC(43) y:      Used:      260M (26%)         508M (51%)         498M (50%)         342M (34%)    
[2026-04-03T03:18:25.776+0600][25.328s][info][gc,heap     ] GC(43) y:      Live:         -                32M (3%)            8M (1%)            7M (1%)     
[2026-04-03T03:18:25.776+0600][25.328s][info][gc,heap     ] GC(43) y:   Garbage:         -               227M (23%)         223M (22%)           0M (0%)     
[2026-04-03T03:18:25.776+0600][25.328s][info][gc,heap     ] GC(43) y: Allocated:         -               248M (25%)         266M (27%)         334M (33%)    
[2026-04-03T03:18:25.776+0600][25.328s][info][gc,heap     ] GC(43) y: Reclaimed:         -                  -                 4M (0%)          227M (23%)    
[2026-04-03T03:18:25.776+0600][25.328s][info][gc,heap     ] GC(43) y:  Promoted:         -                  -                23M (2%)           24M (2%)     
[2026-04-03T03:18:25.776+0600][25.328s][info][gc,heap     ] GC(43) y: Compacted:         -                  -                  -                 7M (1%)     
[2026-04-03T03:18:25.776+0600][25.328s][info][gc,phases   ] GC(43) y: Young Generation 718M(72%)->832M(83%) 0.387s
[2026-04-03T03:18:25.776+0600][25.328s][info][gc          ] GC(43) Minor Collection (Allocation Rate) 718M(72%)->834M(83%) 0.388s
[2026-04-03T03:18:25.776+0600][25.328s][info][gc          ] GC(44) Minor Collection (Allocation Rate)
[2026-04-03T03:18:25.776+0600][25.328s][info][gc,task     ] GC(44) Using 2 Workers for Young Generation
[2026-04-03T03:18:25.776+0600][25.328s][info][gc,phases   ] GC(44) y: Young Generation
[2026-04-03T03:18:25.776+0600][25.329s][info][gc,phases   ] GC(44) y: Pause Mark Start 0.030ms
[2026-04-03T03:18:25.989+0600][25.541s][info][gc,task     ] Adjusting Workers for Old Generation: 1 -> 3
[2026-04-03T03:18:25.989+0600][25.541s][info][gc,task     ] Adjusting Workers for Young Generation: 2 -> 3
[2026-04-03T03:18:26.015+0600][25.567s][info][gc,phases   ] GC(44) y: Concurrent Mark 237.925ms
[2026-04-03T03:18:26.015+0600][25.567s][info][gc,phases   ] GC(44) y: Pause Mark End 0.031ms
[2026-04-03T03:18:26.015+0600][25.567s][info][gc,phases   ] GC(44) y: Concurrent Mark Free 0.002ms
[2026-04-03T03:18:26.015+0600][25.567s][info][gc,phases   ] GC(44) y: Concurrent Reset Relocation Set 0.053ms
[2026-04-03T03:18:26.017+0600][25.570s][info][gc,reloc    ] GC(44) y: Using tenuring threshold: 2 (Computed)
[2026-04-03T03:18:26.022+0600][25.575s][info][gc,phases   ] GC(44) y: Concurrent Select Relocation Set 7.231ms
[2026-04-03T03:18:26.023+0600][25.575s][info][gc,phases   ] GC(44) y: Pause Relocate Start 0.032ms
[2026-04-03T03:18:26.023+0600][25.576s][info][gc          ] Allocation Stall (Executor task launch worker for task 0.0 in stage 1.0 (TID 3)) 38.969ms
[2026-04-03T03:18:26.024+0600][25.576s][info][gc          ] Allocation Stall (Executor task launch worker for task 1.0 in stage 1.0 (TID 4)) 37.494ms
[2026-04-03T03:18:26.024+0600][25.576s][info][gc          ] Allocation Stall (Executor task launch worker for task 2.0 in stage 1.0 (TID 5)) 35.642ms
[2026-04-03T03:18:26.062+0600][25.614s][info][gc,phases   ] GC(44) y: Concurrent Relocate 39.085ms
[2026-04-03T03:18:26.062+0600][25.614s][info][gc,alloc    ] GC(44) y:                         Mark Start        Mark End      Relocate Start    Relocate End   
[2026-04-03T03:18:26.062+0600][25.614s][info][gc,alloc    ] GC(44) y: Allocation Stalls:          0                3                3                0         
[2026-04-03T03:18:26.062+0600][25.614s][info][gc,load     ] GC(44) y: Load: 4.16 (35%) / 4.92 (41%) / 5.48 (46%)
[2026-04-03T03:18:26.062+0600][25.614s][info][gc,mmu      ] GC(44) y: MMU: 2ms/90.5%, 5ms/96.2%, 10ms/98.1%, 20ms/99.1%, 50ms/99.5%, 100ms/99.7%
[2026-04-03T03:18:26.062+0600][25.614s][info][gc,marking  ] GC(44) y: Mark: 2 stripe(s), 3 proactive flush(es), 1 terminate flush(es), 0 completion(s), 0 continuation(s) 
[2026-04-03T03:18:26.062+0600][25.614s][info][gc,marking  ] GC(44) y: Mark Stack Usage: 32M
[2026-04-03T03:18:26.062+0600][25.614s][info][gc,nmethod  ] GC(44) y: NMethods: 5565 registered, 25 unregistered
[2026-04-03T03:18:26.062+0600][25.614s][info][gc,metaspace] GC(44) y: Metaspace: 68M used, 69M committed, 1088M reserved
[2026-04-03T03:18:26.062+0600][25.614s][info][gc,reloc    ] GC(44) y:                        Candidates     Selected     In-Place         Size        Empty    Relocated 
[2026-04-03T03:18:26.062+0600][25.614s][info][gc,reloc    ] GC(44) y: Small Pages:                  167          156            6         334M           0M          12M 
[2026-04-03T03:18:26.062+0600][25.614s][info][gc,reloc    ] GC(44) y: Medium Pages:                   0            0            0           0M           0M           0M 
[2026-04-03T03:18:26.062+0600][25.614s][info][gc,reloc    ] GC(44) y: Large Pages:                    1            0            0          10M           0M           0M 
[2026-04-03T03:18:26.062+0600][25.614s][info][gc,reloc    ] GC(44) y: Forwarding Usage: 12M
[2026-04-03T03:18:26.062+0600][25.614s][info][gc,reloc    ] GC(44) y: Age Table:
[2026-04-03T03:18:26.062+0600][25.614s][info][gc,reloc    ] GC(44) y:                    Live             Garbage             Small              Medium             Large        
[2026-04-03T03:18:26.062+0600][25.614s][info][gc,reloc    ] GC(44) y: Eden              22M (2%)          305M (31%)        159 / 151            0 / 0              1 / 0        
[2026-04-03T03:18:26.062+0600][25.615s][info][gc,reloc    ] GC(44) y: Survivor 1         5M (1%)           10M (1%)           8 / 5              0 / 0              0 / 0        
[2026-04-03T03:18:26.062+0600][25.615s][info][gc,heap     ] GC(44) y: Min Capacity: 8M(1%)
[2026-04-03T03:18:26.062+0600][25.615s][info][gc,heap     ] GC(44) y: Max Capacity: 1000M(100%)
[2026-04-03T03:18:26.062+0600][25.615s][info][gc,heap     ] GC(44) y: Soft Max Capacity: 1000M(100%)
[2026-04-03T03:18:26.062+0600][25.615s][info][gc,heap     ] GC(44) y: Heap Statistics:
[2026-04-03T03:18:26.062+0600][25.615s][info][gc,heap     ] GC(44) y:                Mark Start          Mark End        Relocate Start      Relocate End           High               Low         
[2026-04-03T03:18:26.062+0600][25.615s][info][gc,heap     ] GC(44) y:  Capacity:     1000M (100%)       1000M (100%)       1000M (100%)       1000M (100%)       1000M (100%)       1000M (100%)   
[2026-04-03T03:18:26.062+0600][25.615s][info][gc,heap     ] GC(44) y:      Free:      166M (17%)           0M (0%)            0M (0%)          256M (26%)         260M (26%)           0M (0%)     
[2026-04-03T03:18:26.062+0600][25.615s][info][gc,heap     ] GC(44) y:      Used:      834M (83%)        1000M (100%)       1000M (100%)        744M (74%)        1000M (100%)        740M (74%)    
[2026-04-03T03:18:26.062+0600][25.615s][info][gc,heap     ] GC(44) y: Young Generation Statistics:
[2026-04-03T03:18:26.062+0600][25.615s][info][gc,heap     ] GC(44) y:                Mark Start          Mark End        Relocate Start      Relocate End    
[2026-04-03T03:18:26.062+0600][25.615s][info][gc,heap     ] GC(44) y:      Used:      344M (34%)         510M (51%)         510M (51%)         254M (25%)    
[2026-04-03T03:18:26.062+0600][25.615s][info][gc,heap     ] GC(44) y:      Live:         -                28M (3%)           28M (3%)           28M (3%)     
[2026-04-03T03:18:26.062+0600][25.615s][info][gc,heap     ] GC(44) y:   Garbage:         -               315M (32%)         315M (32%)           1M (0%)     
[2026-04-03T03:18:26.062+0600][25.615s][info][gc,heap     ] GC(44) y: Allocated:         -               166M (17%)         166M (17%)         224M (22%)    
[2026-04-03T03:18:26.062+0600][25.615s][info][gc,heap     ] GC(44) y: Reclaimed:         -                  -                 0M (0%)          314M (31%)    
[2026-04-03T03:18:26.062+0600][25.615s][info][gc,heap     ] GC(44) y:  Promoted:         -                  -                 0M (0%)            0M (0%)     
[2026-04-03T03:18:26.063+0600][25.615s][info][gc,heap     ] GC(44) y: Compacted:         -                  -                  -                13M (1%)     
[2026-04-03T03:18:26.063+0600][25.615s][info][gc,phases   ] GC(44) y: Young Generation 834M(83%)->744M(74%) 0.286s
[2026-04-03T03:18:26.063+0600][25.615s][info][gc          ] GC(44) Minor Collection (Allocation Rate) 834M(83%)->744M(74%) 0.286s
[2026-04-03T03:18:26.063+0600][25.615s][info][gc,task     ] Adjusting Workers for Old Generation: 3 -> 1
[2026-04-03T03:18:26.063+0600][25.615s][info][gc          ] GC(45) Minor Collection (Allocation Rate)
[2026-04-03T03:18:26.063+0600][25.615s][info][gc,task     ] GC(45) Using 2 Workers for Young Generation
[2026-04-03T03:18:26.063+0600][25.615s][info][gc,phases   ] GC(45) y: Young Generation
[2026-04-03T03:18:26.063+0600][25.616s][info][gc,phases   ] GC(45) y: Pause Mark Start 0.032ms
[2026-04-03T03:18:26.235+0600][25.787s][info][gc,phases   ] GC(41) O: Concurrent Mark 1120.193ms
[2026-04-03T03:18:26.252+0600][25.804s][info][gc,phases   ] GC(41) O: Pause Mark End 0.037ms
[2026-04-03T03:18:26.252+0600][25.804s][info][gc,phases   ] GC(41) O: Concurrent Mark Free 0.001ms
[2026-04-03T03:18:26.311+0600][25.863s][info][gc,phases   ] GC(41) O: Concurrent Process Non-Strong 58.667ms
[2026-04-03T03:18:26.311+0600][25.863s][info][gc,phases   ] GC(41) O: Concurrent Reset Relocation Set 0.007ms
[2026-04-03T03:18:26.328+0600][25.880s][info][gc,phases   ] GC(41) O: Concurrent Select Relocation Set 17.151ms
[2026-04-03T03:18:26.335+0600][25.887s][info][gc,phases   ] GC(45) y: Concurrent Mark 271.591ms
[2026-04-03T03:18:26.335+0600][25.888s][info][gc,phases   ] GC(45) y: Pause Mark End 0.033ms
[2026-04-03T03:18:26.336+0600][25.888s][info][gc,phases   ] GC(45) y: Concurrent Mark Free 0.001ms
[2026-04-03T03:18:26.336+0600][25.888s][info][gc,phases   ] GC(45) y: Concurrent Reset Relocation Set 0.039ms
[2026-04-03T03:18:26.340+0600][25.892s][info][gc,reloc    ] GC(45) y: Using tenuring threshold: 1 (Computed)
[2026-04-03T03:18:26.361+0600][25.914s][info][gc,phases   ] GC(45) y: Concurrent Select Relocation Set 25.763ms
[2026-04-03T03:18:26.362+0600][25.914s][info][gc,phases   ] GC(45) y: Pause Relocate Start 0.025ms
[2026-04-03T03:18:26.440+0600][25.992s][info][gc,phases   ] GC(45) y: Concurrent Relocate 77.862ms
[2026-04-03T03:18:26.440+0600][25.992s][info][gc,alloc    ] GC(45) y:                         Mark Start        Mark End      Relocate Start    Relocate End   
[2026-04-03T03:18:26.440+0600][25.992s][info][gc,alloc    ] GC(45) y: Allocation Stalls:          0                0                0                0         
[2026-04-03T03:18:26.440+0600][25.992s][info][gc,load     ] GC(45) y: Load: 4.16 (35%) / 4.92 (41%) / 5.48 (46%)
[2026-04-03T03:18:26.440+0600][25.992s][info][gc,mmu      ] GC(45) y: MMU: 2ms/90.5%, 5ms/96.2%, 10ms/98.1%, 20ms/99.1%, 50ms/99.5%, 100ms/99.7%
[2026-04-03T03:18:26.440+0600][25.992s][info][gc,marking  ] GC(45) y: Mark: 2 stripe(s), 2 proactive flush(es), 1 terminate flush(es), 0 completion(s), 0 continuation(s) 
[2026-04-03T03:18:26.440+0600][25.992s][info][gc,marking  ] GC(45) y: Mark Stack Usage: 32M
[2026-04-03T03:18:26.440+0600][25.992s][info][gc,nmethod  ] GC(45) y: NMethods: 5369 registered, 232 unregistered
[2026-04-03T03:18:26.440+0600][25.992s][info][gc,metaspace] GC(45) y: Metaspace: 68M used, 69M committed, 1088M reserved
[2026-04-03T03:18:26.440+0600][25.992s][info][gc,reloc    ] GC(45) y:                        Candidates     Selected     In-Place         Size        Empty    Relocated 
[2026-04-03T03:18:26.440+0600][25.992s][info][gc,reloc    ] GC(45) y: Small Pages:                  122          108            0         244M           0M           9M 
[2026-04-03T03:18:26.440+0600][25.992s][info][gc,reloc    ] GC(45) y: Medium Pages:                   0            0            0           0M           0M           0M 
[2026-04-03T03:18:26.440+0600][25.992s][info][gc,reloc    ] GC(45) y: Large Pages:                    1            0            0          10M           0M           0M 
[2026-04-03T03:18:26.440+0600][25.992s][info][gc,reloc    ] GC(45) y: Forwarding Usage: 9M
[2026-04-03T03:18:26.440+0600][25.992s][info][gc,reloc    ] GC(45) y: Age Table:
[2026-04-03T03:18:26.440+0600][25.992s][info][gc,reloc    ] GC(45) y:                    Live             Garbage             Small              Medium             Large        
[2026-04-03T03:18:26.440+0600][25.992s][info][gc,reloc    ] GC(45) y: Eden               7M (1%)          188M (19%)         98 / 93             0 / 0              0 / 0        
[2026-04-03T03:18:26.440+0600][25.992s][info][gc,reloc    ] GC(45) y: Survivor 1        20M (2%)           15M (2%)          13 / 7              0 / 0              1 / 0        
[2026-04-03T03:18:26.440+0600][25.992s][info][gc,reloc    ] GC(45) y: Survivor 2         5M (1%)           16M (2%)          11 / 8              0 / 0              0 / 0        
[2026-04-03T03:18:26.440+0600][25.992s][info][gc,heap     ] GC(45) y: Min Capacity: 8M(1%)
[2026-04-03T03:18:26.440+0600][25.993s][info][gc,heap     ] GC(45) y: Max Capacity: 1000M(100%)
[2026-04-03T03:18:26.440+0600][25.993s][info][gc,heap     ] GC(45) y: Soft Max Capacity: 1000M(100%)
[2026-04-03T03:18:26.440+0600][25.993s][info][gc,heap     ] GC(45) y: Heap Statistics:
[2026-04-03T03:18:26.440+0600][25.993s][info][gc,heap     ] GC(45) y:                Mark Start          Mark End        Relocate Start      Relocate End           High               Low         
[2026-04-03T03:18:26.440+0600][25.993s][info][gc,heap     ] GC(45) y:  Capacity:     1000M (100%)       1000M (100%)       1000M (100%)       1000M (100%)       1000M (100%)       1000M (100%)   
[2026-04-03T03:18:26.440+0600][25.993s][info][gc,heap     ] GC(45) y:      Free:      256M (26%)         134M (13%)         102M (10%)         224M (22%)         286M (29%)          18M (2%)     
[2026-04-03T03:18:26.440+0600][25.993s][info][gc,heap     ] GC(45) y:      Used:      744M (74%)         866M (87%)         898M (90%)         776M (78%)         982M (98%)         714M (71%)    
[2026-04-03T03:18:26.440+0600][25.993s][info][gc,heap     ] GC(45) y: Young Generation Statistics:
[2026-04-03T03:18:26.440+0600][25.993s][info][gc,heap     ] GC(45) y:                Mark Start          Mark End        Relocate Start      Relocate End    
[2026-04-03T03:18:26.440+0600][25.993s][info][gc,heap     ] GC(45) y:      Used:      254M (25%)         506M (51%)         512M (51%)         386M (39%)    
[2026-04-03T03:18:26.440+0600][25.993s][info][gc,heap     ] GC(45) y:      Live:         -                34M (3%)           10M (1%)            7M (1%)     
[2026-04-03T03:18:26.440+0600][25.993s][info][gc,heap     ] GC(45) y:   Garbage:         -               219M (22%)         217M (22%)           0M (0%)     
[2026-04-03T03:18:26.440+0600][25.993s][info][gc,heap     ] GC(45) y: Allocated:         -               252M (25%)         284M (28%)         378M (38%)    
[2026-04-03T03:18:26.440+0600][25.993s][info][gc,heap     ] GC(45) y: Reclaimed:         -                  -                 2M (0%)          219M (22%)    
[2026-04-03T03:18:26.440+0600][25.993s][info][gc,heap     ] GC(45) y:  Promoted:         -                  -                23M (2%)           26M (3%)     
[2026-04-03T03:18:26.440+0600][25.993s][info][gc,heap     ] GC(45) y: Compacted:         -                  -                  -                 7M (1%)     
[2026-04-03T03:18:26.440+0600][25.993s][info][gc,phases   ] GC(45) y: Young Generation 744M(74%)->776M(78%) 0.377s
[2026-04-03T03:18:26.441+0600][25.993s][info][gc          ] GC(45) Minor Collection (Allocation Rate) 744M(74%)->776M(78%) 0.378s
[2026-04-03T03:18:26.441+0600][25.993s][info][gc          ] GC(46) Minor Collection (Allocation Rate)
[2026-04-03T03:18:26.441+0600][25.993s][info][gc,task     ] GC(46) Using 2 Workers for Young Generation
[2026-04-03T03:18:26.441+0600][25.993s][info][gc,phases   ] GC(46) y: Young Generation
[2026-04-03T03:18:26.441+0600][25.993s][info][gc,phases   ] GC(46) y: Pause Mark Start 0.049ms
[2026-04-03T03:18:26.623+0600][26.175s][info][gc,phases   ] GC(46) y: Concurrent Mark 181.499ms
[2026-04-03T03:18:26.623+0600][26.175s][info][gc,phases   ] GC(46) y: Pause Mark End 0.181ms
[2026-04-03T03:18:26.623+0600][26.176s][info][gc,phases   ] GC(46) y: Concurrent Mark Free 0.003ms
[2026-04-03T03:18:26.623+0600][26.176s][info][gc,phases   ] GC(46) y: Concurrent Reset Relocation Set 0.049ms
[2026-04-03T03:18:26.630+0600][26.182s][info][gc,reloc    ] GC(46) y: Using tenuring threshold: 2 (Computed)
[2026-04-03T03:18:26.633+0600][26.186s][info][gc,phases   ] GC(46) y: Concurrent Select Relocation Set 9.905ms
[2026-04-03T03:18:26.634+0600][26.186s][info][gc,phases   ] GC(46) y: Pause Relocate Start 0.075ms
[2026-04-03T03:18:26.666+0600][26.219s][info][gc,phases   ] GC(46) y: Concurrent Relocate 32.519ms
[2026-04-03T03:18:26.667+0600][26.219s][info][gc,alloc    ] GC(46) y:                         Mark Start        Mark End      Relocate Start    Relocate End   
[2026-04-03T03:18:26.667+0600][26.219s][info][gc,alloc    ] GC(46) y: Allocation Stalls:          0                0                0                0         
[2026-04-03T03:18:26.667+0600][26.219s][info][gc,load     ] GC(46) y: Load: 4.16 (35%) / 4.92 (41%) / 5.48 (46%)
[2026-04-03T03:18:26.667+0600][26.219s][info][gc,mmu      ] GC(46) y: MMU: 2ms/90.5%, 5ms/96.2%, 10ms/98.1%, 20ms/98.7%, 50ms/99.5%, 100ms/99.7%
[2026-04-03T03:18:26.667+0600][26.219s][info][gc,marking  ] GC(46) y: Mark: 2 stripe(s), 2 proactive flush(es), 1 terminate flush(es), 0 completion(s), 0 continuation(s) 
[2026-04-03T03:18:26.667+0600][26.219s][info][gc,marking  ] GC(46) y: Mark Stack Usage: 32M
[2026-04-03T03:18:26.667+0600][26.219s][info][gc,nmethod  ] GC(46) y: NMethods: 5369 registered, 232 unregistered
[2026-04-03T03:18:26.667+0600][26.219s][info][gc,metaspace] GC(46) y: Metaspace: 68M used, 69M committed, 1088M reserved
[2026-04-03T03:18:26.667+0600][26.219s][info][gc,reloc    ] GC(46) y:                        Candidates     Selected     In-Place         Size        Empty    Relocated 
[2026-04-03T03:18:26.667+0600][26.219s][info][gc,reloc    ] GC(46) y: Small Pages:                  194          182            0         388M           0M          12M 
[2026-04-03T03:18:26.667+0600][26.219s][info][gc,reloc    ] GC(46) y: Medium Pages:                   0            0            0           0M           0M           0M 
[2026-04-03T03:18:26.667+0600][26.219s][info][gc,reloc    ] GC(46) y: Large Pages:                    0            0            0           0M           0M           0M 
[2026-04-03T03:18:26.667+0600][26.219s][info][gc,reloc    ] GC(46) y: Forwarding Usage: 12M
[2026-04-03T03:18:26.667+0600][26.219s][info][gc,reloc    ] GC(46) y: Age Table:
[2026-04-03T03:18:26.667+0600][26.219s][info][gc,reloc    ] GC(46) y:                    Live             Garbage             Small              Medium             Large        
[2026-04-03T03:18:26.667+0600][26.219s][info][gc,reloc    ] GC(46) y: Eden              13M (1%)          358M (36%)        186 / 178            0 / 0              0 / 0        
[2026-04-03T03:18:26.667+0600][26.219s][info][gc,reloc    ] GC(46) y: Survivor 1         6M (1%)            9M (1%)           8 / 4              0 / 0              0 / 0        
[2026-04-03T03:18:26.667+0600][26.219s][info][gc,heap     ] GC(46) y: Min Capacity: 8M(1%)
[2026-04-03T03:18:26.667+0600][26.219s][info][gc,heap     ] GC(46) y: Max Capacity: 1000M(100%)
[2026-04-03T03:18:26.667+0600][26.219s][info][gc,heap     ] GC(46) y: Soft Max Capacity: 1000M(100%)
[2026-04-03T03:18:26.667+0600][26.219s][info][gc,heap     ] GC(46) y: Heap Statistics:
[2026-04-03T03:18:26.667+0600][26.219s][info][gc,heap     ] GC(46) y:                Mark Start          Mark End        Relocate Start      Relocate End           High               Low         
[2026-04-03T03:18:26.667+0600][26.219s][info][gc,heap     ] GC(46) y:  Capacity:     1000M (100%)       1000M (100%)       1000M (100%)       1000M (100%)       1000M (100%)       1000M (100%)   
[2026-04-03T03:18:26.667+0600][26.219s][info][gc,heap     ] GC(46) y:      Free:      222M (22%)          54M (5%)           42M (4%)          362M (36%)         362M (36%)          38M (4%)     
[2026-04-03T03:18:26.667+0600][26.219s][info][gc,heap     ] GC(46) y:      Used:      778M (78%)         946M (95%)         958M (96%)         638M (64%)         962M (96%)         638M (64%)    
[2026-04-03T03:18:26.667+0600][26.219s][info][gc,heap     ] GC(46) y: Young Generation Statistics:
[2026-04-03T03:18:26.667+0600][26.219s][info][gc,heap     ] GC(46) y:                Mark Start          Mark End        Relocate Start      Relocate End    
[2026-04-03T03:18:26.667+0600][26.219s][info][gc,heap     ] GC(46) y:      Used:      388M (39%)         556M (56%)         568M (57%)         248M (25%)    
[2026-04-03T03:18:26.667+0600][26.219s][info][gc,heap     ] GC(46) y:      Live:         -                19M (2%)           19M (2%)           19M (2%)     
[2026-04-03T03:18:26.667+0600][26.219s][info][gc,heap     ] GC(46) y:   Garbage:         -               368M (37%)         368M (37%)           1M (0%)     
[2026-04-03T03:18:26.667+0600][26.219s][info][gc,heap     ] GC(46) y: Allocated:         -               168M (17%)         180M (18%)         226M (23%)    
[2026-04-03T03:18:26.667+0600][26.219s][info][gc,heap     ] GC(46) y: Reclaimed:         -                  -                 0M (0%)          366M (37%)    
[2026-04-03T03:18:26.667+0600][26.219s][info][gc,heap     ] GC(46) y:  Promoted:         -                  -                 0M (0%)            0M (0%)     
[2026-04-03T03:18:26.667+0600][26.219s][info][gc,heap     ] GC(46) y: Compacted:         -                  -                  -                13M (1%)     
[2026-04-03T03:18:26.667+0600][26.219s][info][gc,phases   ] GC(46) y: Young Generation 776M(78%)->638M(64%) 0.226s
[2026-04-03T03:18:26.667+0600][26.219s][info][gc          ] GC(46) Minor Collection (Allocation Rate) 776M(78%)->638M(64%) 0.226s
[2026-04-03T03:18:26.667+0600][26.219s][info][gc,task     ] GC(41) O: Using 3 Workers for Old Generation
[2026-04-03T03:18:26.717+0600][26.270s][info][gc,task     ] GC(41) O: Using 1 Workers for Old Generation
[2026-04-03T03:18:26.717+0600][26.270s][info][gc,phases   ] GC(41) O: Concurrent Remap Roots 50.420ms
[2026-04-03T03:18:26.718+0600][26.270s][info][gc,phases   ] GC(41) O: Pause Relocate Start 0.097ms
[2026-04-03T03:18:26.718+0600][26.270s][info][gc          ] GC(47) Minor Collection (Allocation Rate)
[2026-04-03T03:18:26.718+0600][26.270s][info][gc,task     ] GC(47) Using 2 Workers for Young Generation
[2026-04-03T03:18:26.718+0600][26.270s][info][gc,phases   ] GC(47) y: Young Generation
[2026-04-03T03:18:26.718+0600][26.271s][info][gc,phases   ] GC(47) y: Pause Mark Start 0.029ms
[2026-04-03T03:18:26.840+0600][26.392s][info][gc,phases   ] GC(41) O: Concurrent Relocate 122.193ms
[2026-04-03T03:18:26.841+0600][26.394s][info][gc,task     ] Adjusting Workers for Young Generation: 2 -> 3
[2026-04-03T03:18:26.955+0600][26.507s][info][gc,phases   ] GC(47) y: Concurrent Mark 235.835ms
[2026-04-03T03:18:26.955+0600][26.507s][info][gc,phases   ] GC(47) y: Pause Mark End 0.037ms
[2026-04-03T03:18:26.955+0600][26.507s][info][gc,phases   ] GC(47) y: Concurrent Mark Free 0.003ms
[2026-04-03T03:18:26.955+0600][26.508s][info][gc,phases   ] GC(47) y: Concurrent Reset Relocation Set 0.037ms
[2026-04-03T03:18:26.959+0600][26.511s][info][gc,reloc    ] GC(47) y: Using tenuring threshold: 3 (Computed)
[2026-04-03T03:18:26.961+0600][26.513s][info][gc,phases   ] GC(47) y: Concurrent Select Relocation Set 5.927ms
[2026-04-03T03:18:26.962+0600][26.514s][info][gc,phases   ] GC(47) y: Pause Relocate Start 0.025ms
[2026-04-03T03:18:26.986+0600][26.539s][info][gc,phases   ] GC(47) y: Concurrent Relocate 24.701ms
[2026-04-03T03:18:26.986+0600][26.539s][info][gc,alloc    ] GC(47) y:                         Mark Start        Mark End      Relocate Start    Relocate End   
[2026-04-03T03:18:26.986+0600][26.539s][info][gc,alloc    ] GC(47) y: Allocation Stalls:          0                0                0                0         
[2026-04-03T03:18:26.987+0600][26.539s][info][gc,load     ] GC(47) y: Load: 4.16 (35%) / 4.92 (41%) / 5.48 (46%)
[2026-04-03T03:18:26.987+0600][26.539s][info][gc,mmu      ] GC(47) y: MMU: 2ms/90.5%, 5ms/96.2%, 10ms/98.1%, 20ms/98.7%, 50ms/99.5%, 100ms/99.6%
[2026-04-03T03:18:26.987+0600][26.539s][info][gc,marking  ] GC(47) y: Mark: 2 stripe(s), 2 proactive flush(es), 1 terminate flush(es), 0 completion(s), 0 continuation(s) 
[2026-04-03T03:18:26.987+0600][26.539s][info][gc,marking  ] GC(47) y: Mark Stack Usage: 32M
[2026-04-03T03:18:26.987+0600][26.539s][info][gc,nmethod  ] GC(47) y: NMethods: 5371 registered, 232 unregistered
[2026-04-03T03:18:26.987+0600][26.539s][info][gc,metaspace] GC(47) y: Metaspace: 68M used, 69M committed, 1088M reserved
[2026-04-03T03:18:26.987+0600][26.539s][info][gc,reloc    ] GC(47) y:                        Candidates     Selected     In-Place         Size        Empty    Relocated 
[2026-04-03T03:18:26.987+0600][26.539s][info][gc,reloc    ] GC(47) y: Small Pages:                  131          116            0         262M           0M           9M 
[2026-04-03T03:18:26.987+0600][26.539s][info][gc,reloc    ] GC(47) y: Medium Pages:                   0            0            0           0M           0M           0M 
[2026-04-03T03:18:26.987+0600][26.539s][info][gc,reloc    ] GC(47) y: Large Pages:                    2            0            0          36M           0M           0M 
[2026-04-03T03:18:26.987+0600][26.539s][info][gc,reloc    ] GC(47) y: Forwarding Usage: 8M
[2026-04-03T03:18:26.987+0600][26.539s][info][gc,reloc    ] GC(47) y: Age Table:
[2026-04-03T03:18:26.987+0600][26.539s][info][gc,reloc    ] GC(47) y:                    Live             Garbage             Small              Medium             Large        
[2026-04-03T03:18:26.987+0600][26.539s][info][gc,reloc    ] GC(47) y: Eden              44M (4%)          215M (22%)        112 / 108            0 / 0              2 / 0        
[2026-04-03T03:18:26.987+0600][26.539s][info][gc,reloc    ] GC(47) y: Survivor 1        12M (1%)            9M (1%)          11 / 4              0 / 0              0 / 0        
[2026-04-03T03:18:26.987+0600][26.539s][info][gc,reloc    ] GC(47) y: Survivor 2         6M (1%)            9M (1%)           8 / 4              0 / 0              0 / 0        
[2026-04-03T03:18:26.987+0600][26.539s][info][gc,heap     ] GC(47) y: Min Capacity: 8M(1%)
[2026-04-03T03:18:26.987+0600][26.539s][info][gc,heap     ] GC(47) y: Max Capacity: 1000M(100%)
[2026-04-03T03:18:26.987+0600][26.539s][info][gc,heap     ] GC(47) y: Soft Max Capacity: 1000M(100%)
[2026-04-03T03:18:26.987+0600][26.539s][info][gc,heap     ] GC(47) y: Heap Statistics:
[2026-04-03T03:18:26.987+0600][26.539s][info][gc,heap     ] GC(47) y:                Mark Start          Mark End        Relocate Start      Relocate End           High               Low         
[2026-04-03T03:18:26.987+0600][26.539s][info][gc,heap     ] GC(47) y:  Capacity:     1000M (100%)       1000M (100%)       1000M (100%)       1000M (100%)       1000M (100%)       1000M (100%)   
[2026-04-03T03:18:26.987+0600][26.539s][info][gc,heap     ] GC(47) y:      Free:      314M (31%)         126M (13%)         122M (12%)         304M (30%)         332M (33%)         114M (11%)    
[2026-04-03T03:18:26.987+0600][26.539s][info][gc,heap     ] GC(47) y:      Used:      686M (69%)         874M (87%)         878M (88%)         696M (70%)         886M (89%)         668M (67%)    
[2026-04-03T03:18:26.987+0600][26.539s][info][gc,heap     ] GC(47) y: Young Generation Statistics:
[2026-04-03T03:18:26.987+0600][26.539s][info][gc,heap     ] GC(47) y:                Mark Start          Mark End        Relocate Start      Relocate End    
[2026-04-03T03:18:26.987+0600][26.539s][info][gc,heap     ] GC(47) y:      Used:      298M (30%)         526M (53%)         530M (53%)         348M (35%)    
[2026-04-03T03:18:26.987+0600][26.539s][info][gc,heap     ] GC(47) y:      Live:         -                62M (6%)           62M (6%)           62M (6%)     
[2026-04-03T03:18:26.987+0600][26.539s][info][gc,heap     ] GC(47) y:   Garbage:         -               235M (24%)         235M (24%)           1M (0%)     
[2026-04-03T03:18:26.987+0600][26.539s][info][gc,heap     ] GC(47) y: Allocated:         -               228M (23%)         232M (23%)         283M (28%)    
[2026-04-03T03:18:26.987+0600][26.539s][info][gc,heap     ] GC(47) y: Reclaimed:         -                  -                 0M (0%)          233M (23%)    
[2026-04-03T03:18:26.987+0600][26.539s][info][gc,heap     ] GC(47) y:  Promoted:         -                  -                 0M (0%)            0M (0%)     
[2026-04-03T03:18:26.987+0600][26.539s][info][gc,heap     ] GC(47) y: Compacted:         -                  -                  -                10M (1%)     
[2026-04-03T03:18:26.987+0600][26.539s][info][gc,phases   ] GC(47) y: Young Generation 688M(69%)->696M(70%) 0.268s
[2026-04-03T03:18:26.987+0600][26.539s][info][gc          ] GC(47) Minor Collection (Allocation Rate) 688M(69%)->698M(70%) 0.269s
[2026-04-03T03:18:26.987+0600][26.539s][info][gc,alloc    ] GC(41) O:                         Mark Start        Mark End      Relocate Start    Relocate End   
[2026-04-03T03:18:26.987+0600][26.540s][info][gc,alloc    ] GC(41) O: Allocation Stalls:          0                0                0                0         
[2026-04-03T03:18:26.987+0600][26.540s][info][gc,load     ] GC(41) O: Load: 4.16 (35%) / 4.92 (41%) / 5.48 (46%)
[2026-04-03T03:18:26.987+0600][26.540s][info][gc,mmu      ] GC(41) O: MMU: 2ms/90.5%, 5ms/96.2%, 10ms/98.1%, 20ms/98.7%, 50ms/99.5%, 100ms/99.6%
[2026-04-03T03:18:26.987+0600][26.540s][info][gc,marking  ] GC(41) O: Mark: 1 stripe(s), 2 proactive flush(es), 1 terminate flush(es), 0 completion(s), 0 continuation(s) 
[2026-04-03T03:18:26.987+0600][26.540s][info][gc,marking  ] GC(41) O: Mark Stack Usage: 32M
[2026-04-03T03:18:26.987+0600][26.540s][info][gc,nmethod  ] GC(41) O: NMethods: 5371 registered, 232 unregistered
[2026-04-03T03:18:26.987+0600][26.540s][info][gc,metaspace] GC(41) O: Metaspace: 68M used, 69M committed, 1088M reserved
[2026-04-03T03:18:26.987+0600][26.540s][info][gc,ref      ] GC(41) O:                       Encountered   Discovered     Enqueued 
[2026-04-03T03:18:26.987+0600][26.540s][info][gc,ref      ] GC(41) O: Soft References:             4946            0            0 
[2026-04-03T03:18:26.987+0600][26.540s][info][gc,ref      ] GC(41) O: Weak References:             6061         4812           11 
[2026-04-03T03:18:26.987+0600][26.540s][info][gc,ref      ] GC(41) O: Final References:              82            1            0 
[2026-04-03T03:18:26.987+0600][26.540s][info][gc,ref      ] GC(41) O: Phantom References:           608          212            0 
[2026-04-03T03:18:26.988+0600][26.540s][info][gc,reloc    ] GC(41) O:                        Candidates     Selected     In-Place         Size        Empty    Relocated 
[2026-04-03T03:18:26.988+0600][26.540s][info][gc,reloc    ] GC(41) O: Small Pages:                  158           23            0         316M          72M           7M 
[2026-04-03T03:18:26.988+0600][26.540s][info][gc,reloc    ] GC(41) O: Medium Pages:                   2            0            0          32M          16M           0M 
[2026-04-03T03:18:26.988+0600][26.540s][info][gc,reloc    ] GC(41) O: Large Pages:                    7            0            0          52M          42M           0M 
[2026-04-03T03:18:26.988+0600][26.540s][info][gc,reloc    ] GC(41) O: Forwarding Usage: 12M
[2026-04-03T03:18:26.988+0600][26.540s][info][gc,heap     ] GC(41) O: Min Capacity: 8M(1%)
[2026-04-03T03:18:26.988+0600][26.540s][info][gc,heap     ] GC(41) O: Max Capacity: 1000M(100%)
[2026-04-03T03:18:26.988+0600][26.540s][info][gc,heap     ] GC(41) O: Soft Max Capacity: 1000M(100%)
[2026-04-03T03:18:26.988+0600][26.540s][info][gc,heap     ] GC(41) O: Heap Statistics:
[2026-04-03T03:18:26.988+0600][26.540s][info][gc,heap     ] GC(41) O:                Mark Start          Mark End        Relocate Start      Relocate End           High               Low         
[2026-04-03T03:18:26.988+0600][26.540s][info][gc,heap     ] GC(41) O:  Capacity:     1000M (100%)       1000M (100%)       1000M (100%)       1000M (100%)       1000M (100%)       1000M (100%)   
[2026-04-03T03:18:26.988+0600][26.540s][info][gc,heap     ] GC(41) O:      Free:      308M (31%)          88M (9%)          312M (31%)         240M (24%)         362M (36%)           0M (0%)     
[2026-04-03T03:18:26.988+0600][26.540s][info][gc,heap     ] GC(41) O:      Used:      692M (69%)         912M (91%)         688M (69%)         760M (76%)        1000M (100%)        638M (64%)    
[2026-04-03T03:18:26.988+0600][26.540s][info][gc,heap     ] GC(41) O: Old Generation Statistics:
[2026-04-03T03:18:26.988+0600][26.540s][info][gc,heap     ] GC(41) O:                Mark Start          Mark End        Relocate Start      Relocate End    
[2026-04-03T03:18:26.988+0600][26.540s][info][gc,heap     ] GC(41) O:      Used:      400M (40%)         490M (49%)         390M (39%)         348M (35%)    
[2026-04-03T03:18:26.988+0600][26.540s][info][gc,heap     ] GC(41) O:      Live:         -               206M (21%)         206M (21%)         206M (21%)    
[2026-04-03T03:18:26.988+0600][26.540s][info][gc,heap     ] GC(41) O:   Garbage:         -               193M (19%)          63M (6%)           14M (1%)     
[2026-04-03T03:18:26.988+0600][26.540s][info][gc,heap     ] GC(41) O: Allocated:         -                90M (9%)          120M (12%)         126M (13%)    
[2026-04-03T03:18:26.988+0600][26.540s][info][gc,heap     ] GC(41) O: Reclaimed:         -                  -               130M (13%)         178M (18%)    
[2026-04-03T03:18:26.988+0600][26.540s][info][gc,heap     ] GC(41) O: Compacted:         -                  -                  -                17M (2%)     
[2026-04-03T03:18:26.988+0600][26.540s][info][gc,phases   ] GC(41) O: Old Generation 804M(80%)->760M(76%) 1.873s
[2026-04-03T03:18:26.988+0600][26.540s][info][gc          ] GC(41) Major Collection (Allocation Rate) 692M(69%)->698M(70%) 2.203s
[2026-04-03T03:18:26.992+0600][26.544s][info][gc          ] GC(48) Minor Collection (Allocation Rate)
[2026-04-03T03:18:26.992+0600][26.544s][info][gc,task     ] GC(48) Using 3 Workers for Young Generation
[2026-04-03T03:18:26.992+0600][26.544s][info][gc,phases   ] GC(48) y: Young Generation
[2026-04-03T03:18:26.992+0600][26.545s][info][gc,phases   ] GC(48) y: Pause Mark Start 0.025ms
[2026-04-03T03:18:27.255+0600][26.808s][info][gc,phases   ] GC(48) y: Concurrent Mark 262.902ms
[2026-04-03T03:18:27.256+0600][26.808s][info][gc,phases   ] GC(48) y: Pause Mark End 0.026ms
[2026-04-03T03:18:27.256+0600][26.808s][info][gc,phases   ] GC(48) y: Concurrent Mark Free 0.003ms
[2026-04-03T03:18:27.256+0600][26.808s][info][gc,phases   ] GC(48) y: Concurrent Reset Relocation Set 0.023ms
[2026-04-03T03:18:27.261+0600][26.813s][info][gc,reloc    ] GC(48) y: Using tenuring threshold: 1 (Computed)
[2026-04-03T03:18:27.318+0600][26.870s][info][gc,phases   ] GC(48) y: Concurrent Select Relocation Set 61.640ms
[2026-04-03T03:18:27.318+0600][26.870s][info][gc,phases   ] GC(48) y: Pause Relocate Start 0.023ms
[2026-04-03T03:18:27.462+0600][27.014s][info][gc,phases   ] GC(48) y: Concurrent Relocate 143.753ms
[2026-04-03T03:18:27.462+0600][27.014s][info][gc,alloc    ] GC(48) y:                         Mark Start        Mark End      Relocate Start    Relocate End   
[2026-04-03T03:18:27.462+0600][27.014s][info][gc,alloc    ] GC(48) y: Allocation Stalls:          0                0                0                0         
[2026-04-03T03:18:27.462+0600][27.014s][info][gc,load     ] GC(48) y: Load: 4.16 (35%) / 4.92 (41%) / 5.48 (46%)
[2026-04-03T03:18:27.462+0600][27.014s][info][gc,mmu      ] GC(48) y: MMU: 2ms/90.5%, 5ms/96.2%, 10ms/98.1%, 20ms/98.7%, 50ms/99.5%, 100ms/99.6%
[2026-04-03T03:18:27.462+0600][27.014s][info][gc,marking  ] GC(48) y: Mark: 2 stripe(s), 11 proactive flush(es), 2 terminate flush(es), 0 completion(s), 0 continuation(s) 
[2026-04-03T03:18:27.462+0600][27.014s][info][gc,marking  ] GC(48) y: Mark Stack Usage: 32M
[2026-04-03T03:18:27.462+0600][27.014s][info][gc,nmethod  ] GC(48) y: NMethods: 5407 registered, 232 unregistered
[2026-04-03T03:18:27.462+0600][27.014s][info][gc,metaspace] GC(48) y: Metaspace: 68M used, 69M committed, 1088M reserved
[2026-04-03T03:18:27.462+0600][27.014s][info][gc,reloc    ] GC(48) y:                        Candidates     Selected     In-Place         Size        Empty    Relocated 
[2026-04-03T03:18:27.462+0600][27.014s][info][gc,reloc    ] GC(48) y: Small Pages:                  159          140            0         318M           0M          10M 
[2026-04-03T03:18:27.462+0600][27.014s][info][gc,reloc    ] GC(48) y: Medium Pages:                   0            0            0           0M           0M           0M 
[2026-04-03T03:18:27.462+0600][27.014s][info][gc,reloc    ] GC(48) y: Large Pages:                    2            0            0          36M           0M           0M 
[2026-04-03T03:18:27.462+0600][27.014s][info][gc,reloc    ] GC(48) y: Forwarding Usage: 10M
[2026-04-03T03:18:27.462+0600][27.014s][info][gc,reloc    ] GC(48) y: Age Table:
[2026-04-03T03:18:27.462+0600][27.014s][info][gc,reloc    ] GC(48) y:                    Live             Garbage             Small              Medium             Large        
[2026-04-03T03:18:27.462+0600][27.014s][info][gc,reloc    ] GC(48) y: Eden               8M (1%)          251M (25%)        130 / 126            0 / 0              0 / 0        
[2026-04-03T03:18:27.462+0600][27.014s][info][gc,reloc    ] GC(48) y: Survivor 1        42M (4%)           11M (1%)           9 / 4              0 / 0              2 / 0        
[2026-04-03T03:18:27.462+0600][27.014s][info][gc,reloc    ] GC(48) y: Survivor 2        12M (1%)            9M (1%)          11 / 5              0 / 0              0 / 0        
[2026-04-03T03:18:27.462+0600][27.015s][info][gc,reloc    ] GC(48) y: Survivor 3         6M (1%)           11M (1%)           9 / 5              0 / 0              0 / 0        
[2026-04-03T03:18:27.462+0600][27.015s][info][gc,heap     ] GC(48) y: Min Capacity: 8M(1%)
[2026-04-03T03:18:27.462+0600][27.015s][info][gc,heap     ] GC(48) y: Max Capacity: 1000M(100%)
[2026-04-03T03:18:27.462+0600][27.015s][info][gc,heap     ] GC(48) y: Soft Max Capacity: 1000M(100%)
[2026-04-03T03:18:27.462+0600][27.015s][info][gc,heap     ] GC(48) y: Heap Statistics:
[2026-04-03T03:18:27.462+0600][27.015s][info][gc,heap     ] GC(48) y:                Mark Start          Mark End        Relocate Start      Relocate End           High               Low         
[2026-04-03T03:18:27.462+0600][27.015s][info][gc,heap     ] GC(48) y:  Capacity:     1000M (100%)       1000M (100%)       1000M (100%)       1000M (100%)       1000M (100%)       1000M (100%)   
[2026-04-03T03:18:27.462+0600][27.015s][info][gc,heap     ] GC(48) y:      Free:      298M (30%)          82M (8%)           82M (8%)          330M (33%)         352M (35%)          76M (8%)     
[2026-04-03T03:18:27.462+0600][27.015s][info][gc,heap     ] GC(48) y:      Used:      702M (70%)         918M (92%)         918M (92%)         670M (67%)         924M (92%)         648M (65%)    
[2026-04-03T03:18:27.462+0600][27.015s][info][gc,heap     ] GC(48) y: Young Generation Statistics:
[2026-04-03T03:18:27.462+0600][27.015s][info][gc,heap     ] GC(48) y:                Mark Start          Mark End        Relocate Start      Relocate End    
[2026-04-03T03:18:27.462+0600][27.015s][info][gc,heap     ] GC(48) y:      Used:      354M (35%)         570M (57%)         510M (51%)         256M (26%)    
[2026-04-03T03:18:27.462+0600][27.015s][info][gc,heap     ] GC(48) y:      Live:         -                69M (7%)           12M (1%)            8M (1%)     
[2026-04-03T03:18:27.462+0600][27.015s][info][gc,heap     ] GC(48) y:   Garbage:         -               284M (28%)         281M (28%)           0M (0%)     
[2026-04-03T03:18:27.462+0600][27.015s][info][gc,heap     ] GC(48) y: Allocated:         -               216M (22%)         216M (22%)         247M (25%)    
[2026-04-03T03:18:27.462+0600][27.015s][info][gc,heap     ] GC(48) y: Reclaimed:         -                  -                 2M (0%)          284M (28%)    
[2026-04-03T03:18:27.462+0600][27.015s][info][gc,heap     ] GC(48) y:  Promoted:         -                  -                57M (6%)           61M (6%)     
[2026-04-03T03:18:27.462+0600][27.015s][info][gc,heap     ] GC(48) y: Compacted:         -                  -                  -                 8M (1%)     
[2026-04-03T03:18:27.463+0600][27.015s][info][gc,phases   ] GC(48) y: Young Generation 702M(70%)->670M(67%) 0.470s
[2026-04-03T03:18:27.463+0600][27.015s][info][gc          ] GC(48) Minor Collection (Allocation Rate) 702M(70%)->672M(67%) 0.471s
[2026-04-03T03:18:27.463+0600][27.015s][info][gc          ] GC(49) Major Collection (Allocation Rate)
[2026-04-03T03:18:27.463+0600][27.015s][info][gc,task     ] GC(49) Using 3 Workers for Young Generation
[2026-04-03T03:18:27.463+0600][27.015s][info][gc,task     ] GC(49) Using 1 Workers for Old Generation
[2026-04-03T03:18:27.463+0600][27.015s][info][gc,phases   ] GC(49) Y: Young Generation
[2026-04-03T03:18:27.463+0600][27.015s][info][gc,phases   ] GC(49) Y: Pause Mark Start (Major) 0.036ms
[2026-04-03T03:18:27.663+0600][27.215s][info][gc,phases   ] GC(49) Y: Concurrent Mark 199.425ms
[2026-04-03T03:18:27.663+0600][27.215s][info][gc,phases   ] GC(49) Y: Pause Mark End 0.038ms
[2026-04-03T03:18:27.663+0600][27.215s][info][gc,phases   ] GC(49) Y: Concurrent Mark Free 0.003ms
[2026-04-03T03:18:27.663+0600][27.216s][info][gc,phases   ] GC(49) Y: Concurrent Reset Relocation Set 0.063ms
[2026-04-03T03:18:27.669+0600][27.221s][info][gc,reloc    ] GC(49) Y: Using tenuring threshold: 2 (Computed)
[2026-04-03T03:18:27.671+0600][27.223s][info][gc,phases   ] GC(49) Y: Concurrent Select Relocation Set 7.759ms
[2026-04-03T03:18:27.671+0600][27.224s][info][gc,phases   ] GC(49) Y: Pause Relocate Start 0.025ms
[2026-04-03T03:18:27.696+0600][27.248s][info][gc,phases   ] GC(49) Y: Concurrent Relocate 24.414ms
[2026-04-03T03:18:27.696+0600][27.248s][info][gc,alloc    ] GC(49) Y:                         Mark Start        Mark End      Relocate Start    Relocate End   
[2026-04-03T03:18:27.696+0600][27.248s][info][gc,alloc    ] GC(49) Y: Allocation Stalls:          0                0                0                0         
[2026-04-03T03:18:27.696+0600][27.248s][info][gc,load     ] GC(49) Y: Load: 4.16 (35%) / 4.92 (41%) / 5.48 (46%)
[2026-04-03T03:18:27.696+0600][27.248s][info][gc,mmu      ] GC(49) Y: MMU: 2ms/90.5%, 5ms/96.2%, 10ms/98.1%, 20ms/98.7%, 50ms/99.5%, 100ms/99.6%
[2026-04-03T03:18:27.696+0600][27.248s][info][gc,marking  ] GC(49) Y: Mark: 2 stripe(s), 10 proactive flush(es), 1 terminate flush(es), 0 completion(s), 0 continuation(s) 
[2026-04-03T03:18:27.696+0600][27.248s][info][gc,marking  ] GC(49) Y: Mark Stack Usage: 32M
[2026-04-03T03:18:27.696+0600][27.248s][info][gc,nmethod  ] GC(49) Y: NMethods: 5412 registered, 232 unregistered
[2026-04-03T03:18:27.696+0600][27.248s][info][gc,metaspace] GC(49) Y: Metaspace: 68M used, 69M committed, 1088M reserved
[2026-04-03T03:18:27.696+0600][27.248s][info][gc,reloc    ] GC(49) Y:                        Candidates     Selected     In-Place         Size        Empty    Relocated 
[2026-04-03T03:18:27.696+0600][27.248s][info][gc,reloc    ] GC(49) Y: Small Pages:                  120          110            0         240M           0M           9M 
[2026-04-03T03:18:27.696+0600][27.248s][info][gc,reloc    ] GC(49) Y: Medium Pages:                   0            0            0           0M           0M           0M 
[2026-04-03T03:18:27.696+0600][27.248s][info][gc,reloc    ] GC(49) Y: Large Pages:                    1            0            0          18M           0M           0M 
[2026-04-03T03:18:27.696+0600][27.248s][info][gc,reloc    ] GC(49) Y: Forwarding Usage: 8M
[2026-04-03T03:18:27.696+0600][27.248s][info][gc,reloc    ] GC(49) Y: Age Table:
[2026-04-03T03:18:27.696+0600][27.248s][info][gc,reloc    ] GC(49) Y:                    Live             Garbage             Small              Medium             Large        
[2026-04-03T03:18:27.696+0600][27.248s][info][gc,reloc    ] GC(49) Y: Eden              27M (3%)          212M (21%)        111 / 105            0 / 0              1 / 0        
[2026-04-03T03:18:27.696+0600][27.248s][info][gc,reloc    ] GC(49) Y: Survivor 1         6M (1%)           11M (1%)           9 / 5              0 / 0              0 / 0        
[2026-04-03T03:18:27.696+0600][27.248s][info][gc,heap     ] GC(49) Y: Min Capacity: 8M(1%)
[2026-04-03T03:18:27.696+0600][27.249s][info][gc,heap     ] GC(49) Y: Max Capacity: 1000M(100%)
[2026-04-03T03:18:27.696+0600][27.249s][info][gc,heap     ] GC(49) Y: Soft Max Capacity: 1000M(100%)
[2026-04-03T03:18:27.696+0600][27.249s][info][gc,heap     ] GC(49) Y: Heap Statistics:
[2026-04-03T03:18:27.696+0600][27.249s][info][gc,heap     ] GC(49) Y:                Mark Start          Mark End        Relocate Start      Relocate End           High               Low         
[2026-04-03T03:18:27.696+0600][27.249s][info][gc,heap     ] GC(49) Y:  Capacity:     1000M (100%)       1000M (100%)       1000M (100%)       1000M (100%)       1000M (100%)       1000M (100%)   
[2026-04-03T03:18:27.696+0600][27.249s][info][gc,heap     ] GC(49) Y:      Free:      328M (33%)         228M (23%)         224M (22%)         416M (42%)         416M (42%)         214M (21%)    
[2026-04-03T03:18:27.696+0600][27.249s][info][gc,heap     ] GC(49) Y:      Used:      672M (67%)         772M (77%)         776M (78%)         584M (58%)         786M (79%)         584M (58%)    
[2026-04-03T03:18:27.696+0600][27.249s][info][gc,heap     ] GC(49) Y: Young Generation Statistics:
[2026-04-03T03:18:27.696+0600][27.249s][info][gc,heap     ] GC(49) Y:                Mark Start          Mark End        Relocate Start      Relocate End    
[2026-04-03T03:18:27.696+0600][27.249s][info][gc,heap     ] GC(49) Y:      Used:      258M (26%)         358M (36%)         362M (36%)         170M (17%)    
[2026-04-03T03:18:27.696+0600][27.249s][info][gc,heap     ] GC(49) Y:      Live:         -                33M (3%)           33M (3%)           33M (3%)     
[2026-04-03T03:18:27.696+0600][27.249s][info][gc,heap     ] GC(49) Y:   Garbage:         -               224M (22%)         224M (22%)           2M (0%)     
[2026-04-03T03:18:27.696+0600][27.249s][info][gc,heap     ] GC(49) Y: Allocated:         -               100M (10%)         104M (10%)         133M (13%)    
[2026-04-03T03:18:27.696+0600][27.249s][info][gc,heap     ] GC(49) Y: Reclaimed:         -                  -                 0M (0%)          221M (22%)    
[2026-04-03T03:18:27.697+0600][27.249s][info][gc,heap     ] GC(49) Y:  Promoted:         -                  -                 0M (0%)            0M (0%)     
[2026-04-03T03:18:27.697+0600][27.249s][info][gc,heap     ] GC(49) Y: Compacted:         -                  -                  -                10M (1%)     
[2026-04-03T03:18:27.697+0600][27.249s][info][gc,phases   ] GC(49) Y: Young Generation 672M(67%)->584M(58%) 0.233s
[2026-04-03T03:18:27.697+0600][27.249s][info][gc,phases   ] GC(49) O: Old Generation
[2026-04-03T03:18:27.707+0600][27.259s][info][gc          ] GC(50) Minor Collection (Allocation Rate)
[2026-04-03T03:18:27.707+0600][27.259s][info][gc,task     ] GC(50) Using 2 Workers for Young Generation
[2026-04-03T03:18:27.707+0600][27.259s][info][gc,phases   ] GC(50) y: Young Generation
[2026-04-03T03:18:27.707+0600][27.259s][info][gc,phases   ] GC(50) y: Pause Mark Start 0.037ms
[2026-04-03T03:18:27.959+0600][27.511s][info][gc,phases   ] GC(50) y: Concurrent Mark 251.696ms
[2026-04-03T03:18:27.959+0600][27.512s][info][gc,phases   ] GC(50) y: Pause Mark End 0.036ms
[2026-04-03T03:18:27.960+0600][27.512s][info][gc,phases   ] GC(50) y: Concurrent Mark Free 0.003ms
[2026-04-03T03:18:27.960+0600][27.512s][info][gc,phases   ] GC(50) y: Concurrent Reset Relocation Set 0.024ms
[2026-04-03T03:18:27.966+0600][27.518s][info][gc,reloc    ] GC(50) y: Using tenuring threshold: 1 (Computed)
[2026-04-03T03:18:28.009+0600][27.561s][info][gc,phases   ] GC(50) y: Concurrent Select Relocation Set 49.164ms
[2026-04-03T03:18:28.009+0600][27.561s][info][gc,phases   ] GC(50) y: Pause Relocate Start 0.020ms
[2026-04-03T03:18:28.119+0600][27.672s][info][gc,phases   ] GC(50) y: Concurrent Relocate 109.978ms
[2026-04-03T03:18:28.119+0600][27.672s][info][gc,alloc    ] GC(50) y:                         Mark Start        Mark End      Relocate Start    Relocate End   
[2026-04-03T03:18:28.119+0600][27.672s][info][gc,alloc    ] GC(50) y: Allocation Stalls:          0                0                0                0         
[2026-04-03T03:18:28.119+0600][27.672s][info][gc,load     ] GC(50) y: Load: 4.16 (35%) / 4.92 (41%) / 5.48 (46%)
[2026-04-03T03:18:28.119+0600][27.672s][info][gc,mmu      ] GC(50) y: MMU: 2ms/90.5%, 5ms/96.2%, 10ms/98.1%, 20ms/98.7%, 50ms/99.5%, 100ms/99.6%
[2026-04-03T03:18:28.120+0600][27.672s][info][gc,marking  ] GC(50) y: Mark: 2 stripe(s), 2 proactive flush(es), 1 terminate flush(es), 0 completion(s), 0 continuation(s) 
[2026-04-03T03:18:28.120+0600][27.672s][info][gc,marking  ] GC(50) y: Mark Stack Usage: 32M
[2026-04-03T03:18:28.120+0600][27.672s][info][gc,nmethod  ] GC(50) y: NMethods: 5415 registered, 232 unregistered
[2026-04-03T03:18:28.120+0600][27.672s][info][gc,metaspace] GC(50) y: Metaspace: 68M used, 69M committed, 1088M reserved
[2026-04-03T03:18:28.120+0600][27.672s][info][gc,reloc    ] GC(50) y:                        Candidates     Selected     In-Place         Size        Empty    Relocated 
[2026-04-03T03:18:28.120+0600][27.672s][info][gc,reloc    ] GC(50) y: Small Pages:                   71           58            0         142M           4M           6M 
[2026-04-03T03:18:28.120+0600][27.672s][info][gc,reloc    ] GC(50) y: Medium Pages:                   1            0            0          16M           0M           0M 
[2026-04-03T03:18:28.120+0600][27.672s][info][gc,reloc    ] GC(50) y: Large Pages:                    1            0            0          18M           0M           0M 
[2026-04-03T03:18:28.120+0600][27.672s][info][gc,reloc    ] GC(50) y: Forwarding Usage: 5M
[2026-04-03T03:18:28.120+0600][27.672s][info][gc,reloc    ] GC(50) y: Age Table:
[2026-04-03T03:18:28.120+0600][27.672s][info][gc,reloc    ] GC(50) y:                    Live             Garbage             Small              Medium             Large        
[2026-04-03T03:18:28.120+0600][27.672s][info][gc,reloc    ] GC(50) y: Eden               5M (1%)          112M (11%)         51 / 46             1 / 0              0 / 0        
[2026-04-03T03:18:28.120+0600][27.672s][info][gc,reloc    ] GC(50) y: Survivor 1        26M (3%)           11M (1%)          10 / 5              0 / 0              1 / 0        
[2026-04-03T03:18:28.120+0600][27.672s][info][gc,reloc    ] GC(50) y: Survivor 2         6M (1%)           13M (1%)          10 / 7              0 / 0              0 / 0        
[2026-04-03T03:18:28.120+0600][27.672s][info][gc,heap     ] GC(50) y: Min Capacity: 8M(1%)
[2026-04-03T03:18:28.120+0600][27.672s][info][gc,heap     ] GC(50) y: Max Capacity: 1000M(100%)
[2026-04-03T03:18:28.120+0600][27.672s][info][gc,heap     ] GC(50) y: Soft Max Capacity: 1000M(100%)
[2026-04-03T03:18:28.120+0600][27.672s][info][gc,heap     ] GC(50) y: Heap Statistics:
[2026-04-03T03:18:28.120+0600][27.672s][info][gc,heap     ] GC(50) y:                Mark Start          Mark End        Relocate Start      Relocate End           High               Low         
[2026-04-03T03:18:28.120+0600][27.672s][info][gc,heap     ] GC(50) y:  Capacity:     1000M (100%)       1000M (100%)       1000M (100%)       1000M (100%)       1000M (100%)       1000M (100%)   
[2026-04-03T03:18:28.120+0600][27.672s][info][gc,heap     ] GC(50) y:      Free:      410M (41%)         366M (37%)         370M (37%)         476M (48%)         476M (48%)         358M (36%)    
[2026-04-03T03:18:28.120+0600][27.672s][info][gc,heap     ] GC(50) y:      Used:      590M (59%)         634M (63%)         630M (63%)         524M (52%)         642M (64%)         524M (52%)    
[2026-04-03T03:18:28.120+0600][27.672s][info][gc,heap     ] GC(50) y: Young Generation Statistics:
[2026-04-03T03:18:28.120+0600][27.672s][info][gc,heap     ] GC(50) y:                Mark Start          Mark End        Relocate Start      Relocate End    
[2026-04-03T03:18:28.120+0600][27.672s][info][gc,heap     ] GC(50) y:      Used:      176M (18%)         220M (22%)         184M (18%)          66M (7%)     
[2026-04-03T03:18:28.120+0600][27.672s][info][gc,heap     ] GC(50) y:      Live:         -                39M (4%)            8M (1%)            5M (1%)     
[2026-04-03T03:18:28.120+0600][27.672s][info][gc,heap     ] GC(50) y:   Garbage:         -               136M (14%)         131M (13%)          13M (1%)     
[2026-04-03T03:18:28.120+0600][27.672s][info][gc,heap     ] GC(50) y: Allocated:         -                44M (4%)           44M (4%)           46M (5%)     
[2026-04-03T03:18:28.120+0600][27.672s][info][gc,heap     ] GC(50) y: Reclaimed:         -                  -                 5M (1%)          122M (12%)    
[2026-04-03T03:18:28.120+0600][27.672s][info][gc,heap     ] GC(50) y:  Promoted:         -                  -                30M (3%)           33M (3%)     
[2026-04-03T03:18:28.120+0600][27.672s][info][gc,heap     ] GC(50) y: Compacted:         -                  -                  -                 3M (0%)     
[2026-04-03T03:18:28.120+0600][27.672s][info][gc,phases   ] GC(50) y: Young Generation 590M(59%)->524M(52%) 0.413s
[2026-04-03T03:18:28.120+0600][27.672s][info][gc          ] GC(50) Minor Collection (Allocation Rate) 590M(59%)->524M(52%) 0.413s
[2026-04-03T03:18:28.120+0600][27.672s][info][gc          ] GC(51) Minor Collection (Allocation Rate)
[2026-04-03T03:18:28.120+0600][27.672s][info][gc,task     ] GC(51) Using 2 Workers for Young Generation
[2026-04-03T03:18:28.120+0600][27.672s][info][gc,phases   ] GC(51) y: Young Generation
[2026-04-03T03:18:28.121+0600][27.673s][info][gc,phases   ] GC(51) y: Pause Mark Start 0.032ms
[2026-04-03T03:18:28.217+0600][27.770s][info][gc,phases   ] GC(51) y: Concurrent Mark 96.677ms
[2026-04-03T03:18:28.218+0600][27.770s][info][gc,phases   ] GC(51) y: Pause Mark End 0.036ms
[2026-04-03T03:18:28.218+0600][27.770s][info][gc,phases   ] GC(51) y: Concurrent Mark Free 0.002ms
[2026-04-03T03:18:28.218+0600][27.770s][info][gc,phases   ] GC(51) y: Concurrent Reset Relocation Set 0.045ms
[2026-04-03T03:18:28.224+0600][27.776s][info][gc,reloc    ] GC(51) y: Using tenuring threshold: 2 (Computed)
[2026-04-03T03:18:28.225+0600][27.778s][info][gc,phases   ] GC(51) y: Concurrent Select Relocation Set 7.341ms
[2026-04-03T03:18:28.226+0600][27.778s][info][gc,phases   ] GC(51) y: Pause Relocate Start 0.026ms
[2026-04-03T03:18:28.228+0600][27.781s][info][gc,phases   ] GC(51) y: Concurrent Relocate 2.519ms
[2026-04-03T03:18:28.229+0600][27.781s][info][gc,alloc    ] GC(51) y:                         Mark Start        Mark End      Relocate Start    Relocate End   
[2026-04-03T03:18:28.229+0600][27.781s][info][gc,alloc    ] GC(51) y: Allocation Stalls:          0                0                0                0         
[2026-04-03T03:18:28.229+0600][27.781s][info][gc,load     ] GC(51) y: Load: 4.16 (35%) / 4.92 (41%) / 5.48 (46%)
[2026-04-03T03:18:28.229+0600][27.781s][info][gc,mmu      ] GC(51) y: MMU: 2ms/90.5%, 5ms/96.2%, 10ms/98.1%, 20ms/98.7%, 50ms/99.5%, 100ms/99.6%
[2026-04-03T03:18:28.229+0600][27.781s][info][gc,marking  ] GC(51) y: Mark: 2 stripe(s), 2 proactive flush(es), 1 terminate flush(es), 0 completion(s), 0 continuation(s) 
[2026-04-03T03:18:28.229+0600][27.781s][info][gc,marking  ] GC(51) y: Mark Stack Usage: 32M
[2026-04-03T03:18:28.229+0600][27.781s][info][gc,nmethod  ] GC(51) y: NMethods: 5415 registered, 232 unregistered
[2026-04-03T03:18:28.229+0600][27.781s][info][gc,metaspace] GC(51) y: Metaspace: 68M used, 69M committed, 1088M reserved
[2026-04-03T03:18:28.229+0600][27.781s][info][gc,reloc    ] GC(51) y:                        Candidates     Selected     In-Place         Size        Empty    Relocated 
[2026-04-03T03:18:28.229+0600][27.781s][info][gc,reloc    ] GC(51) y: Small Pages:                   13           10            0          26M           0M           0M 
[2026-04-03T03:18:28.229+0600][27.781s][info][gc,reloc    ] GC(51) y: Medium Pages:                   2            0            0          32M          16M           0M 
[2026-04-03T03:18:28.229+0600][27.781s][info][gc,reloc    ] GC(51) y: Large Pages:                    2            0            0           8M           0M           0M 
[2026-04-03T03:18:28.229+0600][27.781s][info][gc,reloc    ] GC(51) y: Forwarding Usage: 0M
[2026-04-03T03:18:28.229+0600][27.781s][info][gc,reloc    ] GC(51) y: Age Table:
[2026-04-03T03:18:28.229+0600][27.781s][info][gc,reloc    ] GC(51) y:                    Live             Garbage             Small              Medium             Large        
[2026-04-03T03:18:28.229+0600][27.781s][info][gc,reloc    ] GC(51) y: Eden               9M (1%)           34M (3%)          10 / 9              1 / 0              2 / 0        
[2026-04-03T03:18:28.229+0600][27.781s][info][gc,reloc    ] GC(51) y: Survivor 1         3M (0%)           18M (2%)           3 / 1              1 / 0              0 / 0        
[2026-04-03T03:18:28.229+0600][27.781s][info][gc,heap     ] GC(51) y: Min Capacity: 8M(1%)
[2026-04-03T03:18:28.229+0600][27.781s][info][gc,heap     ] GC(51) y: Max Capacity: 1000M(100%)
[2026-04-03T03:18:28.229+0600][27.781s][info][gc,heap     ] GC(51) y: Soft Max Capacity: 1000M(100%)
[2026-04-03T03:18:28.229+0600][27.781s][info][gc,heap     ] GC(51) y: Heap Statistics:
[2026-04-03T03:18:28.229+0600][27.781s][info][gc,heap     ] GC(51) y:                Mark Start          Mark End        Relocate Start      Relocate End           High               Low         
[2026-04-03T03:18:28.229+0600][27.781s][info][gc,heap     ] GC(51) y:  Capacity:     1000M (100%)       1000M (100%)       1000M (100%)       1000M (100%)       1000M (100%)       1000M (100%)   
[2026-04-03T03:18:28.229+0600][27.781s][info][gc,heap     ] GC(51) y:      Free:      476M (48%)         470M (47%)         486M (49%)         500M (50%)         500M (50%)         470M (47%)    
[2026-04-03T03:18:28.229+0600][27.781s][info][gc,heap     ] GC(51) y:      Used:      524M (52%)         530M (53%)         514M (51%)         500M (50%)         530M (53%)         500M (50%)    
[2026-04-03T03:18:28.229+0600][27.781s][info][gc,heap     ] GC(51) y: Young Generation Statistics:
[2026-04-03T03:18:28.229+0600][27.781s][info][gc,heap     ] GC(51) y:                Mark Start          Mark End        Relocate Start      Relocate End    
[2026-04-03T03:18:28.229+0600][27.781s][info][gc,heap     ] GC(51) y:      Used:       66M (7%)           72M (7%)           56M (6%)           42M (4%)     
[2026-04-03T03:18:28.229+0600][27.781s][info][gc,heap     ] GC(51) y:      Live:         -                13M (1%)           13M (1%)           13M (1%)     
[2026-04-03T03:18:28.229+0600][27.781s][info][gc,heap     ] GC(51) y:   Garbage:         -                52M (5%)           36M (4%)           15M (2%)     
[2026-04-03T03:18:28.229+0600][27.781s][info][gc,heap     ] GC(51) y: Allocated:         -                 6M (1%)            6M (1%)           13M (1%)     
[2026-04-03T03:18:28.229+0600][27.781s][info][gc,heap     ] GC(51) y: Reclaimed:         -                  -                16M (2%)           37M (4%)     
[2026-04-03T03:18:28.229+0600][27.781s][info][gc,heap     ] GC(51) y:  Promoted:         -                  -                 0M (0%)            0M (0%)     
[2026-04-03T03:18:28.229+0600][27.781s][info][gc,heap     ] GC(51) y: Compacted:         -                  -                  -                 0M (0%)     
[2026-04-03T03:18:28.229+0600][27.781s][info][gc,phases   ] GC(51) y: Young Generation 524M(52%)->500M(50%) 0.108s
[2026-04-03T03:18:28.229+0600][27.781s][info][gc          ] GC(51) Minor Collection (Allocation Rate) 524M(52%)->500M(50%) 0.109s
[2026-04-03T03:18:28.505+0600][28.057s][info][gc,task     ] Adjusting Workers for Old Generation: 1 -> 2
[2026-04-03T03:18:28.505+0600][28.057s][info][gc          ] GC(52) Minor Collection (Allocation Rate)
[2026-04-03T03:18:28.505+0600][28.057s][info][gc,task     ] GC(52) Using 1 Workers for Young Generation
[2026-04-03T03:18:28.505+0600][28.057s][info][gc,phases   ] GC(52) y: Young Generation
[2026-04-03T03:18:28.505+0600][28.058s][info][gc,phases   ] GC(52) y: Pause Mark Start 0.026ms
[2026-04-03T03:18:28.680+0600][28.232s][info][gc,phases   ] GC(52) y: Concurrent Mark 174.647ms
[2026-04-03T03:18:28.680+0600][28.233s][info][gc,phases   ] GC(52) y: Pause Mark End 0.030ms
[2026-04-03T03:18:28.681+0600][28.233s][info][gc,phases   ] GC(52) y: Concurrent Mark Free 0.002ms
[2026-04-03T03:18:28.681+0600][28.233s][info][gc,phases   ] GC(52) y: Concurrent Reset Relocation Set 0.004ms
[2026-04-03T03:18:28.687+0600][28.239s][info][gc,reloc    ] GC(52) y: Using tenuring threshold: 1 (Computed)
[2026-04-03T03:18:28.694+0600][28.246s][info][gc,phases   ] GC(52) y: Concurrent Select Relocation Set 13.046ms
[2026-04-03T03:18:28.694+0600][28.246s][info][gc,phases   ] GC(52) y: Pause Relocate Start 0.046ms
[2026-04-03T03:18:28.706+0600][28.259s][info][gc,phases   ] GC(52) y: Concurrent Relocate 11.990ms
[2026-04-03T03:18:28.707+0600][28.259s][info][gc,alloc    ] GC(52) y:                         Mark Start        Mark End      Relocate Start    Relocate End   
[2026-04-03T03:18:28.707+0600][28.259s][info][gc,alloc    ] GC(52) y: Allocation Stalls:          0                0                0                0         
[2026-04-03T03:18:28.707+0600][28.259s][info][gc,load     ] GC(52) y: Load: 4.16 (35%) / 4.92 (41%) / 5.48 (46%)
[2026-04-03T03:18:28.707+0600][28.259s][info][gc,mmu      ] GC(52) y: MMU: 2ms/90.5%, 5ms/96.2%, 10ms/98.1%, 20ms/98.7%, 50ms/99.5%, 100ms/99.6%
[2026-04-03T03:18:28.707+0600][28.259s][info][gc,marking  ] GC(52) y: Mark: 1 stripe(s), 2 proactive flush(es), 1 terminate flush(es), 0 completion(s), 0 continuation(s) 
[2026-04-03T03:18:28.707+0600][28.259s][info][gc,marking  ] GC(52) y: Mark Stack Usage: 32M
[2026-04-03T03:18:28.707+0600][28.259s][info][gc,nmethod  ] GC(52) y: NMethods: 5467 registered, 232 unregistered
[2026-04-03T03:18:28.707+0600][28.259s][info][gc,metaspace] GC(52) y: Metaspace: 68M used, 69M committed, 1088M reserved
[2026-04-03T03:18:28.707+0600][28.259s][info][gc,reloc    ] GC(52) y:                        Candidates     Selected     In-Place         Size        Empty    Relocated 
[2026-04-03T03:18:28.707+0600][28.259s][info][gc,reloc    ] GC(52) y: Small Pages:                    8            5            0          16M           0M           0M 
[2026-04-03T03:18:28.707+0600][28.259s][info][gc,reloc    ] GC(52) y: Medium Pages:                   1            0            0          16M          16M           0M 
[2026-04-03T03:18:28.707+0600][28.259s][info][gc,reloc    ] GC(52) y: Large Pages:                    5            0            0          20M           8M           0M 
[2026-04-03T03:18:28.707+0600][28.259s][info][gc,reloc    ] GC(52) y: Forwarding Usage: 0M
[2026-04-03T03:18:28.707+0600][28.259s][info][gc,reloc    ] GC(52) y: Age Table:
[2026-04-03T03:18:28.707+0600][28.259s][info][gc,reloc    ] GC(52) y:                    Live             Garbage             Small              Medium             Large        
[2026-04-03T03:18:28.707+0600][28.259s][info][gc,reloc    ] GC(52) y: Eden              12M (1%)            3M (0%)           2 / 1              0 / 0              3 / 0        
[2026-04-03T03:18:28.707+0600][28.259s][info][gc,reloc    ] GC(52) y: Survivor 1         0M (0%)           29M (3%)           3 / 3              1 / 0              2 / 0        
[2026-04-03T03:18:28.707+0600][28.259s][info][gc,reloc    ] GC(52) y: Survivor 2         3M (0%)            2M (0%)           3 / 1              0 / 0              0 / 0        
[2026-04-03T03:18:28.707+0600][28.259s][info][gc,heap     ] GC(52) y: Min Capacity: 8M(1%)
[2026-04-03T03:18:28.707+0600][28.259s][info][gc,heap     ] GC(52) y: Max Capacity: 1000M(100%)
[2026-04-03T03:18:28.707+0600][28.259s][info][gc,heap     ] GC(52) y: Soft Max Capacity: 1000M(100%)
[2026-04-03T03:18:28.707+0600][28.259s][info][gc,heap     ] GC(52) y: Heap Statistics:
[2026-04-03T03:18:28.707+0600][28.259s][info][gc,heap     ] GC(52) y:                Mark Start          Mark End        Relocate Start      Relocate End           High               Low         
[2026-04-03T03:18:28.707+0600][28.259s][info][gc,heap     ] GC(52) y:  Capacity:     1000M (100%)       1000M (100%)       1000M (100%)       1000M (100%)       1000M (100%)       1000M (100%)   
[2026-04-03T03:18:28.707+0600][28.259s][info][gc,heap     ] GC(52) y:      Free:      490M (49%)         476M (48%)         498M (50%)         502M (50%)         502M (50%)         474M (47%)    
[2026-04-03T03:18:28.707+0600][28.259s][info][gc,heap     ] GC(52) y:      Used:      510M (51%)         524M (52%)         502M (50%)         498M (50%)         526M (53%)         498M (50%)    
[2026-04-03T03:18:28.707+0600][28.259s][info][gc,heap     ] GC(52) y: Young Generation Statistics:
[2026-04-03T03:18:28.707+0600][28.259s][info][gc,heap     ] GC(52) y:                Mark Start          Mark End        Relocate Start      Relocate End    
[2026-04-03T03:18:28.707+0600][28.259s][info][gc,heap     ] GC(52) y:      Used:       52M (5%)           66M (7%)           40M (4%)           34M (3%)     
[2026-04-03T03:18:28.707+0600][28.259s][info][gc,heap     ] GC(52) y:      Live:         -                16M (2%)           12M (1%)           12M (1%)     
[2026-04-03T03:18:28.707+0600][28.259s][info][gc,heap     ] GC(52) y:   Garbage:         -                35M (4%)           11M (1%)            0M (0%)     
[2026-04-03T03:18:28.707+0600][28.259s][info][gc,heap     ] GC(52) y: Allocated:         -                14M (1%)           16M (2%)           21M (2%)     
[2026-04-03T03:18:28.707+0600][28.259s][info][gc,heap     ] GC(52) y: Reclaimed:         -                  -                24M (2%)           35M (4%)     
[2026-04-03T03:18:28.707+0600][28.259s][info][gc,heap     ] GC(52) y:  Promoted:         -                  -                 3M (0%)            4M (0%)     
[2026-04-03T03:18:28.707+0600][28.259s][info][gc,heap     ] GC(52) y: Compacted:         -                  -                  -                 0M (0%)     
[2026-04-03T03:18:28.707+0600][28.259s][info][gc,phases   ] GC(52) y: Young Generation 510M(51%)->498M(50%) 0.201s
[2026-04-03T03:18:28.707+0600][28.259s][info][gc          ] GC(52) Minor Collection (Allocation Rate) 510M(51%)->498M(50%) 0.202s
[2026-04-03T03:18:28.817+0600][28.369s][info][gc          ] GC(53) Minor Collection (Allocation Rate)
[2026-04-03T03:18:28.817+0600][28.369s][info][gc,task     ] GC(53) Using 1 Workers for Young Generation
[2026-04-03T03:18:28.817+0600][28.370s][info][gc,phases   ] GC(53) y: Young Generation
[2026-04-03T03:18:28.818+0600][28.370s][info][gc,phases   ] GC(53) y: Pause Mark Start 0.034ms
[2026-04-03T03:18:28.920+0600][28.472s][info][gc,phases   ] GC(53) y: Concurrent Mark 101.870ms
[2026-04-03T03:18:28.920+0600][28.472s][info][gc,phases   ] GC(53) y: Pause Mark End 0.054ms
[2026-04-03T03:18:28.920+0600][28.473s][info][gc,phases   ] GC(53) y: Concurrent Mark Free 0.003ms
[2026-04-03T03:18:28.920+0600][28.473s][info][gc,phases   ] GC(53) y: Concurrent Reset Relocation Set 0.014ms
[2026-04-03T03:18:28.926+0600][28.479s][info][gc,reloc    ] GC(53) y: Using tenuring threshold: 1 (Computed)
[2026-04-03T03:18:28.933+0600][28.485s][info][gc,phases   ] GC(53) y: Concurrent Select Relocation Set 12.826ms
[2026-04-03T03:18:28.934+0600][28.486s][info][gc,phases   ] GC(53) y: Pause Relocate Start 0.050ms
[2026-04-03T03:18:28.961+0600][28.513s][info][gc,phases   ] GC(53) y: Concurrent Relocate 27.439ms
[2026-04-03T03:18:28.961+0600][28.513s][info][gc,alloc    ] GC(53) y:                         Mark Start        Mark End      Relocate Start    Relocate End   
[2026-04-03T03:18:28.961+0600][28.514s][info][gc,alloc    ] GC(53) y: Allocation Stalls:          0                0                0                0         
[2026-04-03T03:18:28.961+0600][28.514s][info][gc,load     ] GC(53) y: Load: 4.16 (35%) / 4.92 (41%) / 5.48 (46%)
[2026-04-03T03:18:28.961+0600][28.514s][info][gc,mmu      ] GC(53) y: MMU: 2ms/90.5%, 5ms/96.2%, 10ms/98.1%, 20ms/98.7%, 50ms/99.5%, 100ms/99.6%
[2026-04-03T03:18:28.961+0600][28.514s][info][gc,marking  ] GC(53) y: Mark: 1 stripe(s), 2 proactive flush(es), 1 terminate flush(es), 0 completion(s), 0 continuation(s) 
[2026-04-03T03:18:28.961+0600][28.514s][info][gc,marking  ] GC(53) y: Mark Stack Usage: 32M
[2026-04-03T03:18:28.961+0600][28.514s][info][gc,nmethod  ] GC(53) y: NMethods: 5481 registered, 232 unregistered
[2026-04-03T03:18:28.961+0600][28.514s][info][gc,metaspace] GC(53) y: Metaspace: 68M used, 69M committed, 1088M reserved
[2026-04-03T03:18:28.961+0600][28.514s][info][gc,reloc    ] GC(53) y:                        Candidates     Selected     In-Place         Size        Empty    Relocated 
[2026-04-03T03:18:28.961+0600][28.514s][info][gc,reloc    ] GC(53) y: Small Pages:                   18           14            0          36M           6M           0M 
[2026-04-03T03:18:28.961+0600][28.514s][info][gc,reloc    ] GC(53) y: Medium Pages:                   0            0            0           0M           0M           0M 
[2026-04-03T03:18:28.961+0600][28.514s][info][gc,reloc    ] GC(53) y: Large Pages:                    4            0            0          16M           4M           0M 
[2026-04-03T03:18:28.961+0600][28.514s][info][gc,reloc    ] GC(53) y: Forwarding Usage: 0M
[2026-04-03T03:18:28.961+0600][28.514s][info][gc,reloc    ] GC(53) y: Age Table:
[2026-04-03T03:18:28.961+0600][28.514s][info][gc,reloc    ] GC(53) y:                    Live             Garbage             Small              Medium             Large        
[2026-04-03T03:18:28.962+0600][28.514s][info][gc,reloc    ] GC(53) y: Eden               4M (0%)           31M (3%)          16 / 12             0 / 0              1 / 0        
[2026-04-03T03:18:28.962+0600][28.514s][info][gc,reloc    ] GC(53) y: Survivor 1         8M (1%)            7M (1%)           2 / 2              0 / 0              3 / 0        
[2026-04-03T03:18:28.962+0600][28.514s][info][gc,heap     ] GC(53) y: Min Capacity: 8M(1%)
[2026-04-03T03:18:28.962+0600][28.514s][info][gc,heap     ] GC(53) y: Max Capacity: 1000M(100%)
[2026-04-03T03:18:28.962+0600][28.514s][info][gc,heap     ] GC(53) y: Soft Max Capacity: 1000M(100%)
[2026-04-03T03:18:28.962+0600][28.514s][info][gc,heap     ] GC(53) y: Heap Statistics:
[2026-04-03T03:18:28.962+0600][28.514s][info][gc,heap     ] GC(53) y:                Mark Start          Mark End        Relocate Start      Relocate End           High               Low         
[2026-04-03T03:18:28.962+0600][28.514s][info][gc,heap     ] GC(53) y:  Capacity:     1000M (100%)       1000M (100%)       1000M (100%)       1000M (100%)       1000M (100%)       1000M (100%)   
[2026-04-03T03:18:28.962+0600][28.514s][info][gc,heap     ] GC(53) y:      Free:      484M (48%)         466M (47%)         474M (47%)         490M (49%)         496M (50%)         464M (46%)    
[2026-04-03T03:18:28.962+0600][28.514s][info][gc,heap     ] GC(53) y:      Used:      516M (52%)         534M (53%)         526M (53%)         510M (51%)         536M (54%)         504M (50%)    
[2026-04-03T03:18:28.962+0600][28.514s][info][gc,heap     ] GC(53) y: Young Generation Statistics:
[2026-04-03T03:18:28.962+0600][28.514s][info][gc,heap     ] GC(53) y:                Mark Start          Mark End        Relocate Start      Relocate End    
[2026-04-03T03:18:28.962+0600][28.514s][info][gc,heap     ] GC(53) y:      Used:       52M (5%)           70M (7%)           54M (5%)           36M (4%)     
[2026-04-03T03:18:28.962+0600][28.514s][info][gc,heap     ] GC(53) y:      Live:         -                12M (1%)            4M (0%)            4M (0%)     
[2026-04-03T03:18:28.962+0600][28.514s][info][gc,heap     ] GC(53) y:   Garbage:         -                39M (4%)           29M (3%)            0M (0%)     
[2026-04-03T03:18:28.962+0600][28.514s][info][gc,heap     ] GC(53) y: Allocated:         -                18M (2%)           20M (2%)           31M (3%)     
[2026-04-03T03:18:28.962+0600][28.514s][info][gc,heap     ] GC(53) y: Reclaimed:         -                  -                10M (1%)           39M (4%)     
[2026-04-03T03:18:28.962+0600][28.514s][info][gc,heap     ] GC(53) y:  Promoted:         -                  -                 8M (1%)            8M (1%)     
[2026-04-03T03:18:28.962+0600][28.514s][info][gc,heap     ] GC(53) y: Compacted:         -                  -                  -                 0M (0%)     
[2026-04-03T03:18:28.962+0600][28.514s][info][gc,phases   ] GC(53) y: Young Generation 516M(52%)->510M(51%) 0.144s
[2026-04-03T03:18:28.962+0600][28.514s][info][gc          ] GC(53) Minor Collection (Allocation Rate) 516M(52%)->510M(51%) 0.145s
[2026-04-03T03:18:28.997+0600][28.549s][info][gc          ] GC(54) Minor Collection (Allocation Rate)
[2026-04-03T03:18:28.997+0600][28.549s][info][gc,task     ] GC(54) Using 1 Workers for Young Generation
[2026-04-03T03:18:28.997+0600][28.549s][info][gc,phases   ] GC(54) y: Young Generation
[2026-04-03T03:18:28.998+0600][28.550s][info][gc,phases   ] GC(54) y: Pause Mark Start 0.058ms
[2026-04-03T03:18:29.027+0600][28.579s][info][gc,phases   ] GC(54) y: Concurrent Mark 29.004ms
[2026-04-03T03:18:29.027+0600][28.579s][info][gc,phases   ] GC(54) y: Pause Mark End 0.032ms
[2026-04-03T03:18:29.027+0600][28.580s][info][gc,phases   ] GC(54) y: Concurrent Mark Free 0.004ms
[2026-04-03T03:18:29.028+0600][28.580s][info][gc,phases   ] GC(54) y: Concurrent Reset Relocation Set 0.011ms
[2026-04-03T03:18:29.031+0600][28.583s][info][gc,reloc    ] GC(54) y: Using tenuring threshold: 1 (Computed)
[2026-04-03T03:18:29.034+0600][28.586s][info][gc,phases   ] GC(54) y: Concurrent Select Relocation Set 6.602ms
[2026-04-03T03:18:29.035+0600][28.587s][info][gc,phases   ] GC(54) y: Pause Relocate Start 0.025ms
[2026-04-03T03:18:29.047+0600][28.599s][info][gc,phases   ] GC(54) y: Concurrent Relocate 12.009ms
[2026-04-03T03:18:29.047+0600][28.599s][info][gc,alloc    ] GC(54) y:                         Mark Start        Mark End      Relocate Start    Relocate End   
[2026-04-03T03:18:29.047+0600][28.599s][info][gc,alloc    ] GC(54) y: Allocation Stalls:          0                0                0                0         
[2026-04-03T03:18:29.047+0600][28.599s][info][gc,load     ] GC(54) y: Load: 4.16 (35%) / 4.92 (41%) / 5.48 (46%)
[2026-04-03T03:18:29.047+0600][28.599s][info][gc,mmu      ] GC(54) y: MMU: 2ms/90.5%, 5ms/96.2%, 10ms/98.1%, 20ms/98.7%, 50ms/99.5%, 100ms/99.6%
[2026-04-03T03:18:29.047+0600][28.599s][info][gc,marking  ] GC(54) y: Mark: 1 stripe(s), 2 proactive flush(es), 1 terminate flush(es), 0 completion(s), 0 continuation(s) 
[2026-04-03T03:18:29.047+0600][28.599s][info][gc,marking  ] GC(54) y: Mark Stack Usage: 32M
[2026-04-03T03:18:29.047+0600][28.599s][info][gc,nmethod  ] GC(54) y: NMethods: 5540 registered, 232 unregistered
[2026-04-03T03:18:29.047+0600][28.599s][info][gc,metaspace] GC(54) y: Metaspace: 68M used, 69M committed, 1088M reserved
[2026-04-03T03:18:29.047+0600][28.599s][info][gc,reloc    ] GC(54) y:                        Candidates     Selected     In-Place         Size        Empty    Relocated 
[2026-04-03T03:18:29.047+0600][28.599s][info][gc,reloc    ] GC(54) y: Small Pages:                   19           10            0          38M          16M           0M 
[2026-04-03T03:18:29.047+0600][28.599s][info][gc,reloc    ] GC(54) y: Medium Pages:                   1            0            0          16M           0M           0M 
[2026-04-03T03:18:29.047+0600][28.599s][info][gc,reloc    ] GC(54) y: Large Pages:                    1            0            0           4M           0M           0M 
[2026-04-03T03:18:29.047+0600][28.599s][info][gc,reloc    ] GC(54) y: Forwarding Usage: 0M
[2026-04-03T03:18:29.047+0600][28.599s][info][gc,reloc    ] GC(54) y: Age Table:
[2026-04-03T03:18:29.047+0600][28.599s][info][gc,reloc    ] GC(54) y:                    Live             Garbage             Small              Medium             Large        
[2026-04-03T03:18:29.047+0600][28.599s][info][gc,reloc    ] GC(54) y: Eden               1M (0%)           46M (5%)          16 / 7              1 / 0              0 / 0        
[2026-04-03T03:18:29.047+0600][28.599s][info][gc,reloc    ] GC(54) y: Survivor 1         4M (0%)            5M (1%)           3 / 3              0 / 0              1 / 0        
[2026-04-03T03:18:29.047+0600][28.599s][info][gc,heap     ] GC(54) y: Min Capacity: 8M(1%)
[2026-04-03T03:18:29.047+0600][28.599s][info][gc,heap     ] GC(54) y: Max Capacity: 1000M(100%)
[2026-04-03T03:18:29.047+0600][28.599s][info][gc,heap     ] GC(54) y: Soft Max Capacity: 1000M(100%)
[2026-04-03T03:18:29.047+0600][28.599s][info][gc,heap     ] GC(54) y: Heap Statistics:
[2026-04-03T03:18:29.047+0600][28.599s][info][gc,heap     ] GC(54) y:                Mark Start          Mark End        Relocate Start      Relocate End           High               Low         
[2026-04-03T03:18:29.047+0600][28.599s][info][gc,heap     ] GC(54) y:  Capacity:     1000M (100%)       1000M (100%)       1000M (100%)       1000M (100%)       1000M (100%)       1000M (100%)   
[2026-04-03T03:18:29.047+0600][28.599s][info][gc,heap     ] GC(54) y:      Free:      468M (47%)         436M (44%)         446M (45%)         460M (46%)         468M (47%)         436M (44%)    
[2026-04-03T03:18:29.047+0600][28.599s][info][gc,heap     ] GC(54) y:      Used:      532M (53%)         564M (56%)         554M (55%)         540M (54%)         564M (56%)         532M (53%)    
[2026-04-03T03:18:29.047+0600][28.599s][info][gc,heap     ] GC(54) y: Young Generation Statistics:
[2026-04-03T03:18:29.047+0600][28.599s][info][gc,heap     ] GC(54) y:                Mark Start          Mark End        Relocate Start      Relocate End    
[2026-04-03T03:18:29.047+0600][28.599s][info][gc,heap     ] GC(54) y:      Used:       58M (6%)           90M (9%)           76M (8%)           60M (6%)     
[2026-04-03T03:18:29.047+0600][28.599s][info][gc,heap     ] GC(54) y:      Live:         -                 5M (1%)            1M (0%)            1M (0%)     
[2026-04-03T03:18:29.047+0600][28.599s][info][gc,heap     ] GC(54) y:   Garbage:         -                52M (5%)           36M (4%)           14M (1%)     
[2026-04-03T03:18:29.047+0600][28.600s][info][gc,heap     ] GC(54) y: Allocated:         -                32M (3%)           38M (4%)           43M (4%)     
[2026-04-03T03:18:29.047+0600][28.600s][info][gc,heap     ] GC(54) y: Reclaimed:         -                  -                16M (2%)           37M (4%)     
[2026-04-03T03:18:29.047+0600][28.600s][info][gc,heap     ] GC(54) y:  Promoted:         -                  -                 4M (0%)            4M (0%)     
[2026-04-03T03:18:29.047+0600][28.600s][info][gc,heap     ] GC(54) y: Compacted:         -                  -                  -                 0M (0%)     
[2026-04-03T03:18:29.047+0600][28.600s][info][gc,phases   ] GC(54) y: Young Generation 532M(53%)->540M(54%) 0.050s
[2026-04-03T03:18:29.047+0600][28.600s][info][gc          ] GC(54) Minor Collection (Allocation Rate) 532M(53%)->540M(54%) 0.050s
[2026-04-03T03:18:29.108+0600][28.660s][info][gc,task     ] Adjusting Workers for Old Generation: 2 -> 1
[2026-04-03T03:18:29.108+0600][28.661s][info][gc          ] GC(55) Minor Collection (Allocation Rate)
[2026-04-03T03:18:29.109+0600][28.661s][info][gc,task     ] GC(55) Using 2 Workers for Young Generation
[2026-04-03T03:18:29.109+0600][28.661s][info][gc,phases   ] GC(55) y: Young Generation
[2026-04-03T03:18:29.109+0600][28.661s][info][gc,phases   ] GC(55) y: Pause Mark Start 0.036ms
[2026-04-03T03:18:29.126+0600][28.678s][info][gc,phases   ] GC(55) y: Concurrent Mark 17.079ms
[2026-04-03T03:18:29.126+0600][28.679s][info][gc,phases   ] GC(55) y: Pause Mark End 0.035ms
[2026-04-03T03:18:29.127+0600][28.679s][info][gc,phases   ] GC(55) y: Concurrent Mark Free 0.003ms
[2026-04-03T03:18:29.127+0600][28.679s][info][gc,phases   ] GC(55) y: Concurrent Reset Relocation Set 0.006ms
[2026-04-03T03:18:29.131+0600][28.683s][info][gc,reloc    ] GC(55) y: Using tenuring threshold: 2 (Computed)
[2026-04-03T03:18:29.132+0600][28.684s][info][gc,phases   ] GC(55) y: Concurrent Select Relocation Set 5.391ms
[2026-04-03T03:18:29.132+0600][28.684s][info][gc,phases   ] GC(55) y: Pause Relocate Start 0.025ms
[2026-04-03T03:18:29.134+0600][28.686s][info][gc,phases   ] GC(55) y: Concurrent Relocate 1.846ms
[2026-04-03T03:18:29.134+0600][28.686s][info][gc,alloc    ] GC(55) y:                         Mark Start        Mark End      Relocate Start    Relocate End   
[2026-04-03T03:18:29.134+0600][28.686s][info][gc,alloc    ] GC(55) y: Allocation Stalls:          0                0                0                0         
[2026-04-03T03:18:29.134+0600][28.686s][info][gc,load     ] GC(55) y: Load: 4.16 (35%) / 4.92 (41%) / 5.48 (46%)
[2026-04-03T03:18:29.134+0600][28.686s][info][gc,mmu      ] GC(55) y: MMU: 2ms/90.5%, 5ms/96.2%, 10ms/98.1%, 20ms/98.7%, 50ms/99.5%, 100ms/99.6%
[2026-04-03T03:18:29.134+0600][28.687s][info][gc,marking  ] GC(55) y: Mark: 2 stripe(s), 2 proactive flush(es), 1 terminate flush(es), 0 completion(s), 0 continuation(s) 
[2026-04-03T03:18:29.134+0600][28.687s][info][gc,marking  ] GC(55) y: Mark Stack Usage: 32M
[2026-04-03T03:18:29.134+0600][28.687s][info][gc,nmethod  ] GC(55) y: NMethods: 5631 registered, 232 unregistered
[2026-04-03T03:18:29.134+0600][28.687s][info][gc,metaspace] GC(55) y: Metaspace: 68M used, 69M committed, 1088M reserved
[2026-04-03T03:18:29.134+0600][28.687s][info][gc,reloc    ] GC(55) y:                        Candidates     Selected     In-Place         Size        Empty    Relocated 
[2026-04-03T03:18:29.134+0600][28.687s][info][gc,reloc    ] GC(55) y: Small Pages:                   21           20            0          42M           0M           1M 
[2026-04-03T03:18:29.134+0600][28.687s][info][gc,reloc    ] GC(55) y: Medium Pages:                   2            0            0          32M          32M           0M 
[2026-04-03T03:18:29.134+0600][28.687s][info][gc,reloc    ] GC(55) y: Large Pages:                    1            0            0           6M           6M           0M 
[2026-04-03T03:18:29.134+0600][28.687s][info][gc,reloc    ] GC(55) y: Forwarding Usage: 0M
[2026-04-03T03:18:29.134+0600][28.687s][info][gc,reloc    ] GC(55) y: Age Table:
[2026-04-03T03:18:29.134+0600][28.687s][info][gc,reloc    ] GC(55) y:                    Live             Garbage             Small              Medium             Large        
[2026-04-03T03:18:29.134+0600][28.687s][info][gc,reloc    ] GC(55) y: Eden               1M (0%)           60M (6%)          20 / 19             1 / 0              1 / 0        
[2026-04-03T03:18:29.134+0600][28.687s][info][gc,reloc    ] GC(55) y: Survivor 1         0M (0%)           17M (2%)           1 / 1              1 / 0              0 / 0        
[2026-04-03T03:18:29.134+0600][28.687s][info][gc,heap     ] GC(55) y: Min Capacity: 8M(1%)
[2026-04-03T03:18:29.134+0600][28.687s][info][gc,heap     ] GC(55) y: Max Capacity: 1000M(100%)
[2026-04-03T03:18:29.134+0600][28.687s][info][gc,heap     ] GC(55) y: Soft Max Capacity: 1000M(100%)
[2026-04-03T03:18:29.134+0600][28.687s][info][gc,heap     ] GC(55) y: Heap Statistics:
[2026-04-03T03:18:29.135+0600][28.687s][info][gc,heap     ] GC(55) y:                Mark Start          Mark End        Relocate Start      Relocate End           High               Low         
[2026-04-03T03:18:29.135+0600][28.687s][info][gc,heap     ] GC(55) y:  Capacity:     1000M (100%)       1000M (100%)       1000M (100%)       1000M (100%)       1000M (100%)       1000M (100%)   
[2026-04-03T03:18:29.135+0600][28.687s][info][gc,heap     ] GC(55) y:      Free:      440M (44%)         430M (43%)         466M (47%)         496M (50%)         496M (50%)         428M (43%)    
[2026-04-03T03:18:29.135+0600][28.687s][info][gc,heap     ] GC(55) y:      Used:      560M (56%)         570M (57%)         534M (53%)         504M (50%)         572M (57%)         504M (50%)    
[2026-04-03T03:18:29.135+0600][28.687s][info][gc,heap     ] GC(55) y: Young Generation Statistics:
[2026-04-03T03:18:29.135+0600][28.687s][info][gc,heap     ] GC(55) y:                Mark Start          Mark End        Relocate Start      Relocate End    
[2026-04-03T03:18:29.135+0600][28.687s][info][gc,heap     ] GC(55) y:      Used:       80M (8%)           90M (9%)           54M (5%)           24M (2%)     
[2026-04-03T03:18:29.135+0600][28.687s][info][gc,heap     ] GC(55) y:      Live:         -                 1M (0%)            1M (0%)            1M (0%)     
[2026-04-03T03:18:29.135+0600][28.687s][info][gc,heap     ] GC(55) y:   Garbage:         -                78M (8%)           40M (4%)            0M (0%)     
[2026-04-03T03:18:29.135+0600][28.687s][info][gc,heap     ] GC(55) y: Allocated:         -                10M (1%)           12M (1%)           22M (2%)     
[2026-04-03T03:18:29.135+0600][28.687s][info][gc,heap     ] GC(55) y: Reclaimed:         -                  -                38M (4%)           78M (8%)     
[2026-04-03T03:18:29.135+0600][28.687s][info][gc,heap     ] GC(55) y:  Promoted:         -                  -                 0M (0%)            0M (0%)     
[2026-04-03T03:18:29.135+0600][28.687s][info][gc,heap     ] GC(55) y: Compacted:         -                  -                  -                 1M (0%)     
[2026-04-03T03:18:29.135+0600][28.687s][info][gc,phases   ] GC(55) y: Young Generation 560M(56%)->504M(50%) 0.026s
[2026-04-03T03:18:29.135+0600][28.687s][info][gc          ] GC(55) Minor Collection (Allocation Rate) 560M(56%)->504M(50%) 0.026s
[2026-04-03T03:18:29.291+0600][28.843s][info][gc          ] GC(56) Minor Collection (Allocation Rate)
[2026-04-03T03:18:29.291+0600][28.844s][info][gc,task     ] GC(56) Using 2 Workers for Young Generation
[2026-04-03T03:18:29.291+0600][28.844s][info][gc,phases   ] GC(56) y: Young Generation
[2026-04-03T03:18:29.292+0600][28.844s][info][gc,phases   ] GC(56) y: Pause Mark Start 0.025ms
[2026-04-03T03:18:29.381+0600][28.933s][info][gc,phases   ] GC(56) y: Concurrent Mark 88.883ms
[2026-04-03T03:18:29.381+0600][28.933s][info][gc,phases   ] GC(56) y: Pause Mark End 0.056ms
[2026-04-03T03:18:29.381+0600][28.934s][info][gc,phases   ] GC(56) y: Concurrent Mark Free 0.001ms
[2026-04-03T03:18:29.381+0600][28.934s][info][gc,phases   ] GC(56) y: Concurrent Reset Relocation Set 0.005ms
[2026-04-03T03:18:29.387+0600][28.939s][info][gc,reloc    ] GC(56) y: Using tenuring threshold: 3 (Computed)
[2026-04-03T03:18:29.393+0600][28.946s][info][gc,phases   ] GC(56) y: Concurrent Select Relocation Set 12.098ms
[2026-04-03T03:18:29.394+0600][28.946s][info][gc,phases   ] GC(56) y: Pause Relocate Start 0.025ms
[2026-04-03T03:18:29.401+0600][28.954s][info][gc,phases   ] GC(49) O: Concurrent Mark 1704.707ms
[2026-04-03T03:18:29.404+0600][28.956s][info][gc,phases   ] GC(49) O: Pause Mark End 0.086ms
[2026-04-03T03:18:29.404+0600][28.956s][info][gc,phases   ] GC(49) O: Concurrent Mark Free 0.004ms
[2026-04-03T03:18:29.415+0600][28.968s][info][gc,phases   ] GC(56) y: Concurrent Relocate 21.477ms
[2026-04-03T03:18:29.416+0600][28.968s][info][gc,alloc    ] GC(56) y:                         Mark Start        Mark End      Relocate Start    Relocate End   
[2026-04-03T03:18:29.416+0600][28.968s][info][gc,alloc    ] GC(56) y: Allocation Stalls:          0                0                0                0         
[2026-04-03T03:18:29.416+0600][28.968s][info][gc,load     ] GC(56) y: Load: 4.16 (35%) / 4.92 (41%) / 5.48 (46%)
[2026-04-03T03:18:29.416+0600][28.968s][info][gc,mmu      ] GC(56) y: MMU: 2ms/90.5%, 5ms/96.2%, 10ms/98.1%, 20ms/98.7%, 50ms/99.5%, 100ms/99.6%
[2026-04-03T03:18:29.416+0600][28.968s][info][gc,marking  ] GC(56) y: Mark: 2 stripe(s), 10 proactive flush(es), 1 terminate flush(es), 0 completion(s), 0 continuation(s) 
[2026-04-03T03:18:29.416+0600][28.968s][info][gc,marking  ] GC(56) y: Mark Stack Usage: 32M
[2026-04-03T03:18:29.416+0600][28.968s][info][gc,nmethod  ] GC(56) y: NMethods: 5629 registered, 254 unregistered
[2026-04-03T03:18:29.416+0600][28.968s][info][gc,metaspace] GC(56) y: Metaspace: 68M used, 69M committed, 1088M reserved
[2026-04-03T03:18:29.416+0600][28.968s][info][gc,reloc    ] GC(56) y:                        Candidates     Selected     In-Place         Size        Empty    Relocated 
[2026-04-03T03:18:29.416+0600][28.968s][info][gc,reloc    ] GC(56) y: Small Pages:                   36           30            0          72M           0M           6M 
[2026-04-03T03:18:29.416+0600][28.968s][info][gc,reloc    ] GC(56) y: Medium Pages:                   1            0            0          16M          16M           0M 
[2026-04-03T03:18:29.416+0600][28.968s][info][gc,reloc    ] GC(56) y: Large Pages:                    3            0            0          12M           0M           0M 
[2026-04-03T03:18:29.416+0600][28.968s][info][gc,reloc    ] GC(56) y: Forwarding Usage: 8M
[2026-04-03T03:18:29.416+0600][28.968s][info][gc,reloc    ] GC(56) y: Age Table:
[2026-04-03T03:18:29.416+0600][28.968s][info][gc,reloc    ] GC(56) y:                    Live             Garbage             Small              Medium             Large        
[2026-04-03T03:18:29.416+0600][28.968s][info][gc,reloc    ] GC(56) y: Eden              19M (2%)           68M (7%)          30 / 25             1 / 0              3 / 0        
[2026-04-03T03:18:29.416+0600][28.968s][info][gc,reloc    ] GC(56) y: Survivor 1         1M (0%)            8M (1%)           5 / 4              0 / 0              0 / 0        
[2026-04-03T03:18:29.416+0600][28.968s][info][gc,reloc    ] GC(56) y: Survivor 2         0M (0%)            1M (0%)           1 / 1              0 / 0              0 / 0        
[2026-04-03T03:18:29.416+0600][28.968s][info][gc,heap     ] GC(56) y: Min Capacity: 8M(1%)
[2026-04-03T03:18:29.416+0600][28.968s][info][gc,heap     ] GC(56) y: Max Capacity: 1000M(100%)
[2026-04-03T03:18:29.416+0600][28.968s][info][gc,heap     ] GC(56) y: Soft Max Capacity: 1000M(100%)
[2026-04-03T03:18:29.416+0600][28.968s][info][gc,heap     ] GC(56) y: Heap Statistics:
[2026-04-03T03:18:29.416+0600][28.968s][info][gc,heap     ] GC(56) y:                Mark Start          Mark End        Relocate Start      Relocate End           High               Low         
[2026-04-03T03:18:29.416+0600][28.968s][info][gc,heap     ] GC(56) y:  Capacity:     1000M (100%)       1000M (100%)       1000M (100%)       1000M (100%)       1000M (100%)       1000M (100%)   
[2026-04-03T03:18:29.416+0600][28.968s][info][gc,heap     ] GC(56) y:      Free:      420M (42%)         378M (38%)         392M (39%)         430M (43%)         430M (43%)         376M (38%)    
[2026-04-03T03:18:29.416+0600][28.968s][info][gc,heap     ] GC(56) y:      Used:      580M (58%)         622M (62%)         608M (61%)         570M (57%)         624M (62%)         570M (57%)    
[2026-04-03T03:18:29.416+0600][28.968s][info][gc,heap     ] GC(56) y: Young Generation Statistics:
[2026-04-03T03:18:29.416+0600][28.968s][info][gc,heap     ] GC(56) y:                Mark Start          Mark End        Relocate Start      Relocate End    
[2026-04-03T03:18:29.416+0600][28.968s][info][gc,heap     ] GC(56) y:      Used:      100M (10%)         142M (14%)         128M (13%)          90M (9%)     
[2026-04-03T03:18:29.416+0600][28.968s][info][gc,heap     ] GC(56) y:      Live:         -                21M (2%)           21M (2%)           21M (2%)     
[2026-04-03T03:18:29.416+0600][28.968s][info][gc,heap     ] GC(56) y:   Garbage:         -                78M (8%)           62M (6%)            1M (0%)     
[2026-04-03T03:18:29.416+0600][28.968s][info][gc,heap     ] GC(56) y: Allocated:         -                42M (4%)           44M (4%)           67M (7%)     
[2026-04-03T03:18:29.416+0600][28.968s][info][gc,heap     ] GC(56) y: Reclaimed:         -                  -                16M (2%)           77M (8%)     
[2026-04-03T03:18:29.416+0600][28.968s][info][gc,heap     ] GC(56) y:  Promoted:         -                  -                 0M (0%)            0M (0%)     
[2026-04-03T03:18:29.416+0600][28.968s][info][gc,heap     ] GC(56) y: Compacted:         -                  -                  -                 8M (1%)     
[2026-04-03T03:18:29.416+0600][28.968s][info][gc,phases   ] GC(56) y: Young Generation 580M(58%)->570M(57%) 0.124s
[2026-04-03T03:18:29.416+0600][28.968s][info][gc          ] GC(56) Minor Collection (Allocation Rate) 580M(58%)->570M(57%) 0.125s
[2026-04-03T03:18:29.416+0600][28.969s][info][gc          ] GC(57) Minor Collection (Allocation Rate)
[2026-04-03T03:18:29.416+0600][28.969s][info][gc,task     ] GC(57) Using 2 Workers for Young Generation
[2026-04-03T03:18:29.416+0600][28.969s][info][gc,phases   ] GC(57) y: Young Generation
[2026-04-03T03:18:29.429+0600][28.981s][info][gc,phases   ] GC(57) y: Pause Mark Start 0.071ms
[2026-04-03T03:18:29.437+0600][28.990s][info][gc,phases   ] GC(49) O: Concurrent Process Non-Strong 33.597ms
[2026-04-03T03:18:29.438+0600][28.990s][info][gc,phases   ] GC(49) O: Concurrent Reset Relocation Set 0.006ms
[2026-04-03T03:18:29.523+0600][29.075s][info][gc,phases   ] GC(49) O: Concurrent Select Relocation Set 85.504ms
[2026-04-03T03:18:29.556+0600][29.108s][info][gc,phases   ] GC(57) y: Concurrent Mark 127.245ms
[2026-04-03T03:18:29.556+0600][29.109s][info][gc,phases   ] GC(57) y: Pause Mark End 0.037ms
[2026-04-03T03:18:29.557+0600][29.109s][info][gc,phases   ] GC(57) y: Concurrent Mark Free 0.002ms
[2026-04-03T03:18:29.557+0600][29.109s][info][gc,phases   ] GC(57) y: Concurrent Reset Relocation Set 0.013ms
[2026-04-03T03:18:29.563+0600][29.115s][info][gc,reloc    ] GC(57) y: Using tenuring threshold: 4 (Computed)
[2026-04-03T03:18:29.566+0600][29.118s][info][gc,phases   ] GC(57) y: Concurrent Select Relocation Set 8.923ms
[2026-04-03T03:18:29.566+0600][29.118s][info][gc,phases   ] GC(57) y: Pause Relocate Start 0.027ms
[2026-04-03T03:18:29.596+0600][29.149s][info][gc,phases   ] GC(57) y: Concurrent Relocate 30.216ms
[2026-04-03T03:18:29.596+0600][29.149s][info][gc,alloc    ] GC(57) y:                         Mark Start        Mark End      Relocate Start    Relocate End   
[2026-04-03T03:18:29.596+0600][29.149s][info][gc,alloc    ] GC(57) y: Allocation Stalls:          0                0                0                0         
[2026-04-03T03:18:29.597+0600][29.149s][info][gc,load     ] GC(57) y: Load: 4.16 (35%) / 4.92 (41%) / 5.48 (46%)
[2026-04-03T03:18:29.597+0600][29.149s][info][gc,mmu      ] GC(57) y: MMU: 2ms/90.5%, 5ms/96.2%, 10ms/98.1%, 20ms/98.7%, 50ms/99.5%, 100ms/99.6%
[2026-04-03T03:18:29.597+0600][29.149s][info][gc,marking  ] GC(57) y: Mark: 2 stripe(s), 2 proactive flush(es), 1 terminate flush(es), 0 completion(s), 0 continuation(s) 
[2026-04-03T03:18:29.597+0600][29.149s][info][gc,marking  ] GC(57) y: Mark Stack Usage: 32M
[2026-04-03T03:18:29.597+0600][29.149s][info][gc,nmethod  ] GC(57) y: NMethods: 5598 registered, 286 unregistered
[2026-04-03T03:18:29.597+0600][29.149s][info][gc,metaspace] GC(57) y: Metaspace: 68M used, 69M committed, 1088M reserved
[2026-04-03T03:18:29.597+0600][29.149s][info][gc,reloc    ] GC(57) y:                        Candidates     Selected     In-Place         Size        Empty    Relocated 
[2026-04-03T03:18:29.597+0600][29.149s][info][gc,reloc    ] GC(57) y: Small Pages:                   30           21            0          60M           0M           5M 
[2026-04-03T03:18:29.597+0600][29.149s][info][gc,reloc    ] GC(57) y: Medium Pages:                   0            0            0           0M           0M           0M 
[2026-04-03T03:18:29.597+0600][29.149s][info][gc,reloc    ] GC(57) y: Large Pages:                    6            0            0          30M          12M           0M 
[2026-04-03T03:18:29.597+0600][29.149s][info][gc,reloc    ] GC(57) y: Forwarding Usage: 9M
[2026-04-03T03:18:29.597+0600][29.149s][info][gc,reloc    ] GC(57) y: Age Table:
[2026-04-03T03:18:29.597+0600][29.149s][info][gc,reloc    ] GC(57) y:                    Live             Garbage             Small              Medium             Large        
[2026-04-03T03:18:29.597+0600][29.149s][info][gc,reloc    ] GC(57) y: Eden              24M (2%)           19M (2%)          13 / 9              0 / 0              3 / 0        
[2026-04-03T03:18:29.597+0600][29.149s][info][gc,reloc    ] GC(57) y: Survivor 1         7M (1%)           20M (2%)           8 / 3              0 / 0              3 / 0        
[2026-04-03T03:18:29.597+0600][29.149s][info][gc,reloc    ] GC(57) y: Survivor 2         0M (0%)           15M (2%)           8 / 8              0 / 0              0 / 0        
[2026-04-03T03:18:29.597+0600][29.149s][info][gc,reloc    ] GC(57) y: Survivor 3         0M (0%)            1M (0%)           1 / 1              0 / 0              0 / 0        
[2026-04-03T03:18:29.597+0600][29.149s][info][gc,heap     ] GC(57) y: Min Capacity: 8M(1%)
[2026-04-03T03:18:29.597+0600][29.149s][info][gc,heap     ] GC(57) y: Max Capacity: 1000M(100%)
[2026-04-03T03:18:29.597+0600][29.149s][info][gc,heap     ] GC(57) y: Soft Max Capacity: 1000M(100%)
[2026-04-03T03:18:29.597+0600][29.149s][info][gc,heap     ] GC(57) y: Heap Statistics:
[2026-04-03T03:18:29.597+0600][29.149s][info][gc,heap     ] GC(57) y:                Mark Start          Mark End        Relocate Start      Relocate End           High               Low         
[2026-04-03T03:18:29.597+0600][29.149s][info][gc,heap     ] GC(57) y:  Capacity:     1000M (100%)       1000M (100%)       1000M (100%)       1000M (100%)       1000M (100%)       1000M (100%)   
[2026-04-03T03:18:29.597+0600][29.149s][info][gc,heap     ] GC(57) y:      Free:      430M (43%)         430M (43%)         442M (44%)         422M (42%)         464M (46%)         418M (42%)    
[2026-04-03T03:18:29.597+0600][29.149s][info][gc,heap     ] GC(57) y:      Used:      570M (57%)         570M (57%)         558M (56%)         578M (58%)         582M (58%)         536M (54%)    
[2026-04-03T03:18:29.597+0600][29.149s][info][gc,heap     ] GC(57) y: Young Generation Statistics:
[2026-04-03T03:18:29.597+0600][29.149s][info][gc,heap     ] GC(57) y:                Mark Start          Mark End        Relocate Start      Relocate End    
[2026-04-03T03:18:29.597+0600][29.149s][info][gc,heap     ] GC(57) y:      Used:       90M (9%)          130M (13%)         118M (12%)         138M (14%)    
[2026-04-03T03:18:29.597+0600][29.149s][info][gc,heap     ] GC(57) y:      Live:         -                33M (3%)           33M (3%)           33M (3%)     
[2026-04-03T03:18:29.597+0600][29.149s][info][gc,heap     ] GC(57) y:   Garbage:         -                56M (6%)           44M (4%)            1M (0%)     
[2026-04-03T03:18:29.597+0600][29.149s][info][gc,heap     ] GC(57) y: Allocated:         -                40M (4%)           40M (4%)          103M (10%)    
[2026-04-03T03:18:29.597+0600][29.149s][info][gc,heap     ] GC(57) y: Reclaimed:         -                  -                12M (1%)           55M (6%)     
[2026-04-03T03:18:29.597+0600][29.149s][info][gc,heap     ] GC(57) y:  Promoted:         -                  -                 0M (0%)            0M (0%)     
[2026-04-03T03:18:29.597+0600][29.149s][info][gc,heap     ] GC(57) y: Compacted:         -                  -                  -                 8M (1%)     
[2026-04-03T03:18:29.597+0600][29.149s][info][gc,phases   ] GC(57) y: Young Generation 570M(57%)->578M(58%) 0.180s
[2026-04-03T03:18:29.597+0600][29.149s][info][gc          ] GC(57) Minor Collection (Allocation Rate) 570M(57%)->578M(58%) 0.181s
[2026-04-03T03:18:29.597+0600][29.149s][info][gc,task     ] GC(49) O: Using 3 Workers for Old Generation
[2026-04-03T03:18:29.623+0600][29.175s][info][gc,task     ] GC(49) O: Using 1 Workers for Old Generation
[2026-04-03T03:18:29.623+0600][29.175s][info][gc,phases   ] GC(49) O: Concurrent Remap Roots 25.651ms
[2026-04-03T03:18:29.623+0600][29.175s][info][gc,phases   ] GC(49) O: Pause Relocate Start 0.044ms
[2026-04-03T03:18:29.623+0600][29.176s][info][gc          ] GC(58) Minor Collection (Allocation Rate)
[2026-04-03T03:18:29.624+0600][29.176s][info][gc,task     ] GC(58) Using 2 Workers for Young Generation
[2026-04-03T03:18:29.624+0600][29.176s][info][gc,phases   ] GC(58) y: Young Generation
[2026-04-03T03:18:29.624+0600][29.176s][info][gc,phases   ] GC(58) y: Pause Mark Start 0.032ms
[2026-04-03T03:18:29.831+0600][29.383s][info][gc,phases   ] GC(58) y: Concurrent Mark 206.486ms
[2026-04-03T03:18:29.838+0600][29.391s][info][gc,phases   ] GC(58) y: Pause Mark End 0.039ms
[2026-04-03T03:18:29.839+0600][29.391s][info][gc,phases   ] GC(58) y: Concurrent Mark Free 0.001ms
[2026-04-03T03:18:29.839+0600][29.391s][info][gc,phases   ] GC(58) y: Concurrent Reset Relocation Set 0.008ms
[2026-04-03T03:18:29.844+0600][29.396s][info][gc,reloc    ] GC(58) y: Using tenuring threshold: 4 (Computed)
[2026-04-03T03:18:29.854+0600][29.407s][info][gc,phases   ] GC(58) y: Concurrent Select Relocation Set 15.869ms
[2026-04-03T03:18:29.855+0600][29.408s][info][gc,phases   ] GC(58) y: Pause Relocate Start 0.030ms
[2026-04-03T03:18:29.931+0600][29.483s][info][gc,phases   ] GC(58) y: Concurrent Relocate 75.192ms
[2026-04-03T03:18:29.931+0600][29.483s][info][gc,alloc    ] GC(58) y:                         Mark Start        Mark End      Relocate Start    Relocate End   
[2026-04-03T03:18:29.931+0600][29.483s][info][gc,alloc    ] GC(58) y: Allocation Stalls:          0                0                0                0         
[2026-04-03T03:18:29.931+0600][29.483s][info][gc,load     ] GC(58) y: Load: 4.16 (35%) / 4.92 (41%) / 5.48 (46%)
[2026-04-03T03:18:29.931+0600][29.483s][info][gc,mmu      ] GC(58) y: MMU: 2ms/90.5%, 5ms/96.2%, 10ms/98.1%, 20ms/98.7%, 50ms/99.5%, 100ms/99.6%
[2026-04-03T03:18:29.931+0600][29.483s][info][gc,marking  ] GC(58) y: Mark: 2 stripe(s), 2 proactive flush(es), 1 terminate flush(es), 0 completion(s), 0 continuation(s) 
[2026-04-03T03:18:29.931+0600][29.483s][info][gc,marking  ] GC(58) y: Mark Stack Usage: 32M
[2026-04-03T03:18:29.931+0600][29.483s][info][gc,nmethod  ] GC(58) y: NMethods: 5623 registered, 286 unregistered
[2026-04-03T03:18:29.931+0600][29.483s][info][gc,metaspace] GC(58) y: Metaspace: 68M used, 69M committed, 1088M reserved
[2026-04-03T03:18:29.931+0600][29.483s][info][gc,reloc    ] GC(58) y:                        Candidates     Selected     In-Place         Size        Empty    Relocated 
[2026-04-03T03:18:29.931+0600][29.483s][info][gc,reloc    ] GC(58) y: Small Pages:                   45           32            0          90M           0M          12M 
[2026-04-03T03:18:29.931+0600][29.483s][info][gc,reloc    ] GC(58) y: Medium Pages:                   0            0            0           0M           0M           0M 
[2026-04-03T03:18:29.931+0600][29.483s][info][gc,reloc    ] GC(58) y: Large Pages:                    6            0            0          48M           0M           0M 
[2026-04-03T03:18:29.931+0600][29.483s][info][gc,reloc    ] GC(58) y: Forwarding Usage: 22M
[2026-04-03T03:18:29.931+0600][29.483s][info][gc,reloc    ] GC(58) y: Age Table:
[2026-04-03T03:18:29.931+0600][29.483s][info][gc,reloc    ] GC(58) y:                    Live             Garbage             Small              Medium             Large        
[2026-04-03T03:18:29.931+0600][29.483s][info][gc,reloc    ] GC(58) y: Eden              42M (4%)           33M (3%)          23 / 15             0 / 0              3 / 0        
[2026-04-03T03:18:29.931+0600][29.483s][info][gc,reloc    ] GC(58) y: Survivor 1        22M (2%)            9M (1%)           7 / 6              0 / 0              3 / 0        
[2026-04-03T03:18:29.931+0600][29.483s][info][gc,reloc    ] GC(58) y: Survivor 2         4M (0%)           13M (1%)           9 / 6              0 / 0              0 / 0        
[2026-04-03T03:18:29.931+0600][29.484s][info][gc,reloc    ] GC(58) y: Survivor 3         0M (0%)            9M (1%)           5 / 4              0 / 0              0 / 0        
[2026-04-03T03:18:29.931+0600][29.484s][info][gc,reloc    ] GC(58) y: Survivor 4         0M (0%)            1M (0%)           1 / 1              0 / 0              0 / 0        
[2026-04-03T03:18:29.931+0600][29.484s][info][gc,heap     ] GC(58) y: Min Capacity: 8M(1%)
[2026-04-03T03:18:29.931+0600][29.484s][info][gc,heap     ] GC(58) y: Max Capacity: 1000M(100%)
[2026-04-03T03:18:29.931+0600][29.484s][info][gc,heap     ] GC(58) y: Soft Max Capacity: 1000M(100%)
[2026-04-03T03:18:29.931+0600][29.484s][info][gc,heap     ] GC(58) y: Heap Statistics:
[2026-04-03T03:18:29.931+0600][29.484s][info][gc,heap     ] GC(58) y:                Mark Start          Mark End        Relocate Start      Relocate End           High               Low         
[2026-04-03T03:18:29.931+0600][29.484s][info][gc,heap     ] GC(58) y:  Capacity:     1000M (100%)       1000M (100%)       1000M (100%)       1000M (100%)       1000M (100%)       1000M (100%)   
[2026-04-03T03:18:29.931+0600][29.484s][info][gc,heap     ] GC(58) y:      Free:      422M (42%)         292M (29%)         278M (28%)         246M (25%)         434M (43%)         244M (24%)    
[2026-04-03T03:18:29.931+0600][29.484s][info][gc,heap     ] GC(58) y:      Used:      578M (58%)         708M (71%)         722M (72%)         754M (75%)         756M (76%)         566M (57%)    
[2026-04-03T03:18:29.931+0600][29.484s][info][gc,heap     ] GC(58) y: Young Generation Statistics:
[2026-04-03T03:18:29.931+0600][29.484s][info][gc,heap     ] GC(58) y:                Mark Start          Mark End        Relocate Start      Relocate End    
[2026-04-03T03:18:29.931+0600][29.484s][info][gc,heap     ] GC(58) y:      Used:      138M (14%)         294M (29%)         310M (31%)         340M (34%)    
[2026-04-03T03:18:29.931+0600][29.484s][info][gc,heap     ] GC(58) y:      Live:         -                69M (7%)           69M (7%)           69M (7%)     
[2026-04-03T03:18:29.931+0600][29.484s][info][gc,heap     ] GC(58) y:   Garbage:         -                68M (7%)           68M (7%)            0M (0%)     
[2026-04-03T03:18:29.931+0600][29.484s][info][gc,heap     ] GC(58) y: Allocated:         -               156M (16%)         172M (17%)         269M (27%)    
[2026-04-03T03:18:29.931+0600][29.484s][info][gc,heap     ] GC(58) y: Reclaimed:         -                  -                 0M (0%)           67M (7%)     
[2026-04-03T03:18:29.932+0600][29.484s][info][gc,heap     ] GC(58) y:  Promoted:         -                  -                 0M (0%)            0M (0%)     
[2026-04-03T03:18:29.932+0600][29.484s][info][gc,heap     ] GC(58) y: Compacted:         -                  -                  -                20M (2%)     
[2026-04-03T03:18:29.932+0600][29.484s][info][gc,phases   ] GC(58) y: Young Generation 580M(58%)->754M(75%) 0.307s
[2026-04-03T03:18:29.932+0600][29.484s][info][gc          ] GC(58) Minor Collection (Allocation Rate) 578M(58%)->754M(75%) 0.308s
[2026-04-03T03:18:29.932+0600][29.484s][info][gc,task     ] Adjusting Workers for Old Generation: 1 -> 2
[2026-04-03T03:18:29.932+0600][29.484s][info][gc          ] GC(59) Minor Collection (Allocation Rate)
[2026-04-03T03:18:29.932+0600][29.484s][info][gc,task     ] GC(59) Using 1 Workers for Young Generation
[2026-04-03T03:18:29.932+0600][29.484s][info][gc,phases   ] GC(59) y: Young Generation
[2026-04-03T03:18:29.933+0600][29.486s][info][gc,phases   ] GC(59) y: Pause Mark Start 0.056ms
[2026-04-03T03:18:30.030+0600][29.583s][info][gc,phases   ] GC(49) O: Concurrent Relocate 406.963ms
[2026-04-03T03:18:30.033+0600][29.586s][info][gc,task     ] Adjusting Workers for Young Generation: 1 -> 3
[2026-04-03T03:18:30.250+0600][29.802s][info][gc,phases   ] GC(59) y: Concurrent Mark 315.943ms
[2026-04-03T03:18:30.250+0600][29.802s][info][gc,phases   ] GC(59) y: Pause Mark End 0.033ms
[2026-04-03T03:18:30.250+0600][29.802s][info][gc,phases   ] GC(59) y: Concurrent Mark Free 0.001ms
[2026-04-03T03:18:30.250+0600][29.802s][info][gc,phases   ] GC(59) y: Concurrent Reset Relocation Set 0.015ms
[2026-04-03T03:18:30.252+0600][29.805s][info][gc,reloc    ] GC(59) y: Using tenuring threshold: 2 (Computed)
[2026-04-03T03:18:30.267+0600][29.819s][info][gc,phases   ] GC(59) y: Concurrent Select Relocation Set 16.881ms
[2026-04-03T03:18:30.267+0600][29.820s][info][gc,phases   ] GC(59) y: Pause Relocate Start 0.030ms
[2026-04-03T03:18:30.342+0600][29.894s][info][gc,phases   ] GC(59) y: Concurrent Relocate 74.262ms
[2026-04-03T03:18:30.342+0600][29.894s][info][gc,alloc    ] GC(59) y:                         Mark Start        Mark End      Relocate Start    Relocate End   
[2026-04-03T03:18:30.342+0600][29.894s][info][gc,alloc    ] GC(59) y: Allocation Stalls:          0                0                0                0         
[2026-04-03T03:18:30.342+0600][29.894s][info][gc,load     ] GC(59) y: Load: 4.16 (35%) / 4.92 (41%) / 5.48 (46%)
[2026-04-03T03:18:30.342+0600][29.894s][info][gc,mmu      ] GC(59) y: MMU: 2ms/90.5%, 5ms/96.2%, 10ms/98.1%, 20ms/98.7%, 50ms/99.5%, 100ms/99.6%
[2026-04-03T03:18:30.342+0600][29.894s][info][gc,marking  ] GC(59) y: Mark: 1 stripe(s), 2 proactive flush(es), 1 terminate flush(es), 0 completion(s), 0 continuation(s) 
[2026-04-03T03:18:30.342+0600][29.894s][info][gc,marking  ] GC(59) y: Mark Stack Usage: 32M
[2026-04-03T03:18:30.342+0600][29.894s][info][gc,nmethod  ] GC(59) y: NMethods: 5641 registered, 286 unregistered
[2026-04-03T03:18:30.342+0600][29.894s][info][gc,metaspace] GC(59) y: Metaspace: 68M used, 69M committed, 1088M reserved
[2026-04-03T03:18:30.342+0600][29.894s][info][gc,reloc    ] GC(59) y:                        Candidates     Selected     In-Place         Size        Empty    Relocated 
[2026-04-03T03:18:30.342+0600][29.894s][info][gc,reloc    ] GC(59) y: Small Pages:                  126           89            0         252M           0M          30M 
[2026-04-03T03:18:30.342+0600][29.894s][info][gc,reloc    ] GC(59) y: Medium Pages:                   1            0            0          16M          16M           0M 
[2026-04-03T03:18:30.342+0600][29.894s][info][gc,reloc    ] GC(59) y: Large Pages:                   12            0            0          78M          22M           0M 
[2026-04-03T03:18:30.342+0600][29.894s][info][gc,reloc    ] GC(59) y: Forwarding Usage: 36M
[2026-04-03T03:18:30.342+0600][29.894s][info][gc,reloc    ] GC(59) y: Age Table:
[2026-04-03T03:18:30.342+0600][29.894s][info][gc,reloc    ] GC(59) y:                    Live             Garbage             Small              Medium             Large        
[2026-04-03T03:18:30.342+0600][29.894s][info][gc,reloc    ] GC(59) y: Eden              74M (7%)          181M (18%)        105 / 76             1 / 0              6 / 0        
[2026-04-03T03:18:30.342+0600][29.894s][info][gc,reloc    ] GC(59) y: Survivor 1        36M (4%)            9M (1%)           8 / 5              0 / 0              3 / 0        
[2026-04-03T03:18:30.342+0600][29.894s][info][gc,reloc    ] GC(59) y: Survivor 2         3M (0%)           20M (2%)           3 / 0              0 / 0              3 / 0        
[2026-04-03T03:18:30.342+0600][29.895s][info][gc,reloc    ] GC(59) y: Survivor 3         3M (0%)            6M (1%)           5 / 3              0 / 0              0 / 0        
[2026-04-03T03:18:30.342+0600][29.895s][info][gc,reloc    ] GC(59) y: Survivor 4         0M (0%)            9M (1%)           5 / 5              0 / 0              0 / 0        
[2026-04-03T03:18:30.342+0600][29.895s][info][gc,heap     ] GC(59) y: Min Capacity: 8M(1%)
[2026-04-03T03:18:30.342+0600][29.895s][info][gc,heap     ] GC(59) y: Max Capacity: 1000M(100%)
[2026-04-03T03:18:30.342+0600][29.895s][info][gc,heap     ] GC(59) y: Soft Max Capacity: 1000M(100%)
[2026-04-03T03:18:30.342+0600][29.895s][info][gc,heap     ] GC(59) y: Heap Statistics:
[2026-04-03T03:18:30.342+0600][29.895s][info][gc,heap     ] GC(59) y:                Mark Start          Mark End        Relocate Start      Relocate End           High               Low         
[2026-04-03T03:18:30.342+0600][29.895s][info][gc,heap     ] GC(59) y:  Capacity:     1000M (100%)       1000M (100%)       1000M (100%)       1000M (100%)       1000M (100%)       1000M (100%)   
[2026-04-03T03:18:30.342+0600][29.895s][info][gc,heap     ] GC(59) y:      Free:      248M (25%)         172M (17%)         206M (21%)         320M (32%)         338M (34%)         172M (17%)    
[2026-04-03T03:18:30.342+0600][29.895s][info][gc,heap     ] GC(59) y:      Used:      752M (75%)         828M (83%)         794M (79%)         680M (68%)         828M (83%)         662M (66%)    
[2026-04-03T03:18:30.342+0600][29.895s][info][gc,heap     ] GC(59) y: Young Generation Statistics:
[2026-04-03T03:18:30.342+0600][29.895s][info][gc,heap     ] GC(59) y:                Mark Start          Mark End        Relocate Start      Relocate End    
[2026-04-03T03:18:30.342+0600][29.895s][info][gc,heap     ] GC(59) y:      Used:      346M (35%)         426M (43%)         386M (39%)         266M (27%)    
[2026-04-03T03:18:30.342+0600][29.895s][info][gc,heap     ] GC(59) y:      Live:         -               118M (12%)         113M (11%)         110M (11%)    
[2026-04-03T03:18:30.342+0600][29.895s][info][gc,heap     ] GC(59) y:   Garbage:         -               227M (23%)         188M (19%)           2M (0%)     
[2026-04-03T03:18:30.342+0600][29.895s][info][gc,heap     ] GC(59) y: Allocated:         -                80M (8%)           84M (8%)          153M (15%)    
[2026-04-03T03:18:30.342+0600][29.895s][info][gc,heap     ] GC(59) y: Reclaimed:         -                  -                39M (4%)          225M (23%)    
[2026-04-03T03:18:30.342+0600][29.895s][info][gc,heap     ] GC(59) y:  Promoted:         -                  -                 4M (0%)            8M (1%)     
[2026-04-03T03:18:30.342+0600][29.895s][info][gc,heap     ] GC(59) y: Compacted:         -                  -                  -                50M (5%)     
[2026-04-03T03:18:30.343+0600][29.895s][info][gc,phases   ] GC(59) y: Young Generation 754M(75%)->680M(68%) 0.410s
[2026-04-03T03:18:30.343+0600][29.895s][info][gc          ] GC(59) Minor Collection (Allocation Rate) 754M(75%)->680M(68%) 0.411s
[2026-04-03T03:18:30.343+0600][29.895s][info][gc,alloc    ] GC(49) O:                         Mark Start        Mark End      Relocate Start    Relocate End   
[2026-04-03T03:18:30.343+0600][29.895s][info][gc,alloc    ] GC(49) O: Allocation Stalls:          0                0                0                0         
[2026-04-03T03:18:30.343+0600][29.895s][info][gc,load     ] GC(49) O: Load: 4.16 (35%) / 4.92 (41%) / 5.48 (46%)
[2026-04-03T03:18:30.343+0600][29.895s][info][gc,mmu      ] GC(49) O: MMU: 2ms/90.5%, 5ms/96.2%, 10ms/98.1%, 20ms/98.7%, 50ms/99.5%, 100ms/99.6%
[2026-04-03T03:18:30.343+0600][29.895s][info][gc,marking  ] GC(49) O: Mark: 1 stripe(s), 2 proactive flush(es), 1 terminate flush(es), 0 completion(s), 0 continuation(s) 
[2026-04-03T03:18:30.343+0600][29.895s][info][gc,marking  ] GC(49) O: Mark Stack Usage: 32M
[2026-04-03T03:18:30.343+0600][29.895s][info][gc,nmethod  ] GC(49) O: NMethods: 5641 registered, 286 unregistered
[2026-04-03T03:18:30.343+0600][29.895s][info][gc,metaspace] GC(49) O: Metaspace: 68M used, 69M committed, 1088M reserved
[2026-04-03T03:18:30.343+0600][29.895s][info][gc,ref      ] GC(49) O:                       Encountered   Discovered     Enqueued 
[2026-04-03T03:18:30.343+0600][29.895s][info][gc,ref      ] GC(49) O: Soft References:             4976            0            0 
[2026-04-03T03:18:30.343+0600][29.895s][info][gc,ref      ] GC(49) O: Weak References:             6830         4827            6 
[2026-04-03T03:18:30.343+0600][29.895s][info][gc,ref      ] GC(49) O: Final References:              82            0            0 
[2026-04-03T03:18:30.343+0600][29.895s][info][gc,ref      ] GC(49) O: Phantom References:           605          574            0 
[2026-04-03T03:18:30.343+0600][29.895s][info][gc,reloc    ] GC(49) O:                        Candidates     Selected     In-Place         Size        Empty    Relocated 
[2026-04-03T03:18:30.343+0600][29.895s][info][gc,reloc    ] GC(49) O: Small Pages:                  156           20            0         312M           0M          15M 
[2026-04-03T03:18:30.343+0600][29.895s][info][gc,reloc    ] GC(49) O: Medium Pages:                   1            0            0          16M           0M           0M 
[2026-04-03T03:18:30.343+0600][29.895s][info][gc,reloc    ] GC(49) O: Large Pages:                    9            0            0          86M          40M           0M 
[2026-04-03T03:18:30.343+0600][29.895s][info][gc,reloc    ] GC(49) O: Forwarding Usage: 61M
[2026-04-03T03:18:30.343+0600][29.895s][info][gc,heap     ] GC(49) O: Min Capacity: 8M(1%)
[2026-04-03T03:18:30.343+0600][29.895s][info][gc,heap     ] GC(49) O: Max Capacity: 1000M(100%)
[2026-04-03T03:18:30.343+0600][29.895s][info][gc,heap     ] GC(49) O: Soft Max Capacity: 1000M(100%)
[2026-04-03T03:18:30.343+0600][29.895s][info][gc,heap     ] GC(49) O: Heap Statistics:
[2026-04-03T03:18:30.343+0600][29.895s][info][gc,heap     ] GC(49) O:                Mark Start          Mark End        Relocate Start      Relocate End           High               Low         
[2026-04-03T03:18:30.343+0600][29.895s][info][gc,heap     ] GC(49) O:  Capacity:     1000M (100%)       1000M (100%)       1000M (100%)       1000M (100%)       1000M (100%)       1000M (100%)   
[2026-04-03T03:18:30.343+0600][29.895s][info][gc,heap     ] GC(49) O:      Free:      328M (33%)         416M (42%)         422M (42%)         208M (21%)         502M (50%)         204M (20%)    
[2026-04-03T03:18:30.343+0600][29.895s][info][gc,heap     ] GC(49) O:      Used:      672M (67%)         584M (58%)         578M (58%)         792M (79%)         796M (80%)         498M (50%)    
[2026-04-03T03:18:30.343+0600][29.895s][info][gc,heap     ] GC(49) O: Old Generation Statistics:
[2026-04-03T03:18:30.343+0600][29.895s][info][gc,heap     ] GC(49) O:                Mark Start          Mark End        Relocate Start      Relocate End    
[2026-04-03T03:18:30.343+0600][29.895s][info][gc,heap     ] GC(49) O:      Used:      414M (41%)         480M (48%)         440M (44%)         402M (40%)    
[2026-04-03T03:18:30.343+0600][29.895s][info][gc,heap     ] GC(49) O:      Live:         -               310M (31%)         310M (31%)         310M (31%)    
[2026-04-03T03:18:30.343+0600][29.895s][info][gc,heap     ] GC(49) O:   Garbage:         -               103M (10%)          63M (6%)           12M (1%)     
[2026-04-03T03:18:30.343+0600][29.895s][info][gc,heap     ] GC(49) O: Allocated:         -                66M (7%)           66M (7%)           79M (8%)     
[2026-04-03T03:18:30.343+0600][29.895s][info][gc,heap     ] GC(49) O: Reclaimed:         -                  -                40M (4%)           91M (9%)     
[2026-04-03T03:18:30.343+0600][29.895s][info][gc,heap     ] GC(49) O: Compacted:         -                  -                  -                80M (8%)     
[2026-04-03T03:18:30.343+0600][29.895s][info][gc,phases   ] GC(49) O: Old Generation 586M(59%)->792M(79%) 2.646s
[2026-04-03T03:18:30.343+0600][29.895s][info][gc          ] GC(49) Major Collection (Allocation Rate) 672M(67%)->680M(68%) 2.881s
[2026-04-03T03:18:30.353+0600][29.905s][info][gc          ] GC(60) Major Collection (Allocation Rate)
[2026-04-03T03:18:30.353+0600][29.905s][info][gc,task     ] GC(60) Using 3 Workers for Young Generation
[2026-04-03T03:18:30.353+0600][29.905s][info][gc,task     ] GC(60) Using 1 Workers for Old Generation
[2026-04-03T03:18:30.353+0600][29.905s][info][gc,phases   ] GC(60) Y: Young Generation
[2026-04-03T03:18:30.353+0600][29.905s][info][gc,phases   ] GC(60) Y: Pause Mark Start (Major) 0.034ms
[2026-04-03T03:18:30.720+0600][30.272s][info][gc,phases   ] GC(60) Y: Concurrent Mark 366.176ms
[2026-04-03T03:18:30.720+0600][30.272s][info][gc,phases   ] GC(60) Y: Pause Mark End 0.021ms
[2026-04-03T03:18:30.720+0600][30.272s][info][gc,phases   ] GC(60) Y: Concurrent Mark Free 0.001ms
[2026-04-03T03:18:30.720+0600][30.272s][info][gc,phases   ] GC(60) Y: Concurrent Reset Relocation Set 0.018ms
[2026-04-03T03:18:30.721+0600][30.274s][info][gc,reloc    ] GC(60) Y: Using tenuring threshold: 1 (Computed)
[2026-04-03T03:18:30.721+0600][30.274s][info][gc          ] Allocation Stall (Executor task launch worker for task 1.0 in stage 2.0 (TID 7)) 85.458ms
[2026-04-03T03:18:30.721+0600][30.274s][info][gc          ] Allocation Stall (Executor task launch worker for task 2.0 in stage 2.0 (TID 8)) 82.829ms
[2026-04-03T03:18:30.771+0600][30.324s][info][gc,phases   ] GC(60) Y: Concurrent Select Relocation Set 51.392ms
[2026-04-03T03:18:30.772+0600][30.324s][info][gc,phases   ] GC(60) Y: Pause Relocate Start 0.027ms
[2026-04-03T03:18:30.893+0600][30.445s][info][gc,phases   ] GC(60) Y: Concurrent Relocate 121.002ms
[2026-04-03T03:18:30.893+0600][30.445s][info][gc,alloc    ] GC(60) Y:                         Mark Start        Mark End      Relocate Start    Relocate End   
[2026-04-03T03:18:30.893+0600][30.445s][info][gc,alloc    ] GC(60) Y: Allocation Stalls:          0                2                0                3         
[2026-04-03T03:18:30.893+0600][30.445s][info][gc,load     ] GC(60) Y: Load: 4.39 (37%) / 4.96 (41%) / 5.49 (46%)
[2026-04-03T03:18:30.893+0600][30.445s][info][gc,mmu      ] GC(60) Y: MMU: 2ms/90.5%, 5ms/96.2%, 10ms/98.1%, 20ms/98.7%, 50ms/99.5%, 100ms/99.6%
[2026-04-03T03:18:30.893+0600][30.445s][info][gc,marking  ] GC(60) Y: Mark: 2 stripe(s), 10 proactive flush(es), 1 terminate flush(es), 0 completion(s), 0 continuation(s) 
[2026-04-03T03:18:30.893+0600][30.445s][info][gc,marking  ] GC(60) Y: Mark Stack Usage: 32M
[2026-04-03T03:18:30.893+0600][30.445s][info][gc,nmethod  ] GC(60) Y: NMethods: 5681 registered, 286 unregistered
[2026-04-03T03:18:30.893+0600][30.445s][info][gc,metaspace] GC(60) Y: Metaspace: 68M used, 69M committed, 1088M reserved
[2026-04-03T03:18:30.893+0600][30.445s][info][gc,reloc    ] GC(60) Y:                        Candidates     Selected     In-Place         Size        Empty    Relocated 
[2026-04-03T03:18:30.893+0600][30.445s][info][gc,reloc    ] GC(60) Y: Small Pages:                   91           22            1         182M          44M          11M 
[2026-04-03T03:18:30.893+0600][30.445s][info][gc,reloc    ] GC(60) Y: Medium Pages:                   0            0            0           0M           0M           0M 
[2026-04-03T03:18:30.893+0600][30.445s][info][gc,reloc    ] GC(60) Y: Large Pages:                   11            0            0          86M          14M           0M 
[2026-04-03T03:18:30.893+0600][30.445s][info][gc,reloc    ] GC(60) Y: Forwarding Usage: 14M
[2026-04-03T03:18:30.893+0600][30.445s][info][gc,reloc    ] GC(60) Y: Age Table:
[2026-04-03T03:18:30.893+0600][30.445s][info][gc,reloc    ] GC(60) Y:                    Live             Garbage             Small              Medium             Large        
[2026-04-03T03:18:30.893+0600][30.445s][info][gc,reloc    ] GC(60) Y: Eden              58M (6%)           79M (8%)          54 / 11             0 / 0              3 / 0        
[2026-04-03T03:18:30.893+0600][30.445s][info][gc,reloc    ] GC(60) Y: Survivor 1        60M (6%)           23M (2%)          29 / 7              0 / 0              5 / 0        
[2026-04-03T03:18:30.893+0600][30.445s][info][gc,reloc    ] GC(60) Y: Survivor 2        36M (4%)            9M (1%)           8 / 4              0 / 0              3 / 0        
[2026-04-03T03:18:30.893+0600][30.445s][info][gc,heap     ] GC(60) Y: Min Capacity: 8M(1%)
[2026-04-03T03:18:30.893+0600][30.445s][info][gc,heap     ] GC(60) Y: Max Capacity: 1000M(100%)
[2026-04-03T03:18:30.893+0600][30.445s][info][gc,heap     ] GC(60) Y: Soft Max Capacity: 1000M(100%)
[2026-04-03T03:18:30.893+0600][30.445s][info][gc,heap     ] GC(60) Y: Heap Statistics:
[2026-04-03T03:18:30.893+0600][30.445s][info][gc,heap     ] GC(60) Y:                Mark Start          Mark End        Relocate Start      Relocate End           High               Low         
[2026-04-03T03:18:30.893+0600][30.445s][info][gc,heap     ] GC(60) Y:  Capacity:     1000M (100%)       1000M (100%)       1000M (100%)       1000M (100%)       1000M (100%)       1000M (100%)   
[2026-04-03T03:18:30.893+0600][30.445s][info][gc,heap     ] GC(60) Y:      Free:      318M (32%)           0M (0%)           10M (1%)            0M (0%)          318M (32%)           0M (0%)     
[2026-04-03T03:18:30.893+0600][30.445s][info][gc,heap     ] GC(60) Y:      Used:      682M (68%)        1000M (100%)        990M (99%)        1000M (100%)       1000M (100%)        682M (68%)    
[2026-04-03T03:18:30.893+0600][30.445s][info][gc,heap     ] GC(60) Y: Young Generation Statistics:
[2026-04-03T03:18:30.893+0600][30.445s][info][gc,heap     ] GC(60) Y:                Mark Start          Mark End        Relocate Start      Relocate End    
[2026-04-03T03:18:30.893+0600][30.445s][info][gc,heap     ] GC(60) Y:      Used:      268M (27%)         586M (59%)         486M (49%)         482M (48%)    
[2026-04-03T03:18:30.893+0600][30.445s][info][gc,heap     ] GC(60) Y:      Live:         -               155M (16%)          66M (7%)           58M (6%)     
[2026-04-03T03:18:30.893+0600][30.445s][info][gc,heap     ] GC(60) Y:   Garbage:         -               112M (11%)          53M (5%)            3M (0%)     
[2026-04-03T03:18:30.893+0600][30.446s][info][gc,heap     ] GC(60) Y: Allocated:         -               318M (32%)         366M (37%)         419M (42%)    
[2026-04-03T03:18:30.893+0600][30.446s][info][gc,heap     ] GC(60) Y: Reclaimed:         -                  -                58M (6%)          108M (11%)    
[2026-04-03T03:18:30.893+0600][30.446s][info][gc,heap     ] GC(60) Y:  Promoted:         -                  -                89M (9%)           96M (10%)    
[2026-04-03T03:18:30.893+0600][30.446s][info][gc,heap     ] GC(60) Y: Compacted:         -                  -                  -                22M (2%)     
[2026-04-03T03:18:30.893+0600][30.446s][info][gc,phases   ] GC(60) Y: Young Generation 682M(68%)->1000M(100%) 0.540s
[2026-04-03T03:18:30.893+0600][30.446s][info][gc,phases   ] GC(60) O: Old Generation
[2026-04-03T03:18:30.893+0600][30.446s][info][gc          ] GC(61) Minor Collection (Allocation Stall)
[2026-04-03T03:18:30.894+0600][30.446s][info][gc,task     ] GC(61) Using 3 Workers for Young Generation
[2026-04-03T03:18:30.894+0600][30.446s][info][gc,phases   ] GC(61) y: Young Generation
[2026-04-03T03:18:30.895+0600][30.447s][info][gc,phases   ] GC(61) y: Pause Mark Start 0.022ms
[2026-04-03T03:18:30.901+0600][30.453s][info][gc,task     ] Adjusting Workers for Old Generation: 1 -> 3
[2026-04-03T03:18:31.030+0600][30.582s][info][gc,phases   ] GC(61) y: Concurrent Mark 135.171ms
[2026-04-03T03:18:31.030+0600][30.583s][info][gc,phases   ] GC(61) y: Pause Mark End 0.036ms
[2026-04-03T03:18:31.031+0600][30.583s][info][gc,phases   ] GC(61) y: Concurrent Mark Free 0.002ms
[2026-04-03T03:18:31.054+0600][30.606s][info][gc,phases   ] GC(61) y: Concurrent Reset Relocation Set 0.075ms
[2026-04-03T03:18:31.058+0600][30.610s][info][gc,reloc    ] GC(61) y: Using tenuring threshold: 2 (Computed)
[2026-04-03T03:18:31.062+0600][30.614s][info][gc,phases   ] GC(61) y: Concurrent Select Relocation Set 8.139ms
[2026-04-03T03:18:31.062+0600][30.614s][info][gc,phases   ] GC(61) y: Pause Relocate Start 0.024ms
[2026-04-03T03:18:31.063+0600][30.615s][info][gc          ] Allocation Stall (RemoteBlock-temp-file-clean-thread) 163.624ms
[2026-04-03T03:18:31.063+0600][30.615s][info][gc          ] Allocation Stall (Spark Context Cleaner) 77.323ms
[2026-04-03T03:18:31.063+0600][30.615s][info][gc          ] Relocation Stall (Executor task launch worker for task 0.0 in stage 2.0 (TID 6)) 0.138ms
[2026-04-03T03:18:31.063+0600][30.615s][info][gc          ] Relocation Stall (Executor task launch worker for task 1.0 in stage 2.0 (TID 7)) 0.403ms
[2026-04-03T03:18:31.063+0600][30.615s][info][gc          ] Allocation Stall (Executor task launch worker for task 0.0 in stage 2.0 (TID 6)) 210.327ms
[2026-04-03T03:18:31.063+0600][30.615s][info][gc          ] Allocation Stall (Executor task launch worker for task 1.0 in stage 2.0 (TID 7)) 225.158ms
[2026-04-03T03:18:31.064+0600][30.616s][info][gc          ] Relocation Stall (Executor task launch worker for task 2.0 in stage 2.0 (TID 8)) 1.135ms
[2026-04-03T03:18:31.064+0600][30.616s][info][gc          ] Allocation Stall (Executor task launch worker for task 2.0 in stage 2.0 (TID 8)) 224.059ms
[2026-04-03T03:18:31.116+0600][30.668s][info][gc,phases   ] GC(61) y: Concurrent Relocate 53.568ms
[2026-04-03T03:18:31.116+0600][30.668s][info][gc,alloc    ] GC(61) y:                         Mark Start        Mark End      Relocate Start    Relocate End   
[2026-04-03T03:18:31.116+0600][30.668s][info][gc,alloc    ] GC(61) y: Allocation Stalls:          3                5                5                0         
[2026-04-03T03:18:31.116+0600][30.668s][info][gc,load     ] GC(61) y: Load: 4.39 (37%) / 4.96 (41%) / 5.49 (46%)
[2026-04-03T03:18:31.116+0600][30.668s][info][gc,mmu      ] GC(61) y: MMU: 2ms/90.5%, 5ms/96.2%, 10ms/98.1%, 20ms/98.7%, 50ms/99.5%, 100ms/99.6%
[2026-04-03T03:18:31.116+0600][30.668s][info][gc,marking  ] GC(61) y: Mark: 2 stripe(s), 3 proactive flush(es), 1 terminate flush(es), 0 completion(s), 0 continuation(s) 
[2026-04-03T03:18:31.116+0600][30.668s][info][gc,marking  ] GC(61) y: Mark Stack Usage: 32M
[2026-04-03T03:18:31.116+0600][30.668s][info][gc,nmethod  ] GC(61) y: NMethods: 5681 registered, 286 unregistered
[2026-04-03T03:18:31.116+0600][30.668s][info][gc,metaspace] GC(61) y: Metaspace: 68M used, 69M committed, 1088M reserved
[2026-04-03T03:18:31.116+0600][30.668s][info][gc,reloc    ] GC(61) y:                        Candidates     Selected     In-Place         Size        Empty    Relocated 
[2026-04-03T03:18:31.116+0600][30.668s][info][gc,reloc    ] GC(61) y: Small Pages:                  218          184            4         436M           0M          22M 
[2026-04-03T03:18:31.116+0600][30.668s][info][gc,reloc    ] GC(61) y: Medium Pages:                   1            0            0          16M           0M           0M 
[2026-04-03T03:18:31.116+0600][30.668s][info][gc,reloc    ] GC(61) y: Large Pages:                    3            0            0          30M           0M           0M 
[2026-04-03T03:18:31.116+0600][30.668s][info][gc,reloc    ] GC(61) y: Forwarding Usage: 20M
[2026-04-03T03:18:31.116+0600][30.668s][info][gc,reloc    ] GC(61) y: Age Table:
[2026-04-03T03:18:31.116+0600][30.668s][info][gc,reloc    ] GC(61) y:                    Live             Garbage             Small              Medium             Large        
[2026-04-03T03:18:31.116+0600][30.668s][info][gc,reloc    ] GC(61) y: Eden              31M (3%)          380M (38%)        198 / 180            1 / 0              0 / 0        
[2026-04-03T03:18:31.116+0600][30.669s][info][gc,reloc    ] GC(61) y: Survivor 1        58M (6%)           11M (1%)          20 / 4              0 / 0              3 / 0        
[2026-04-03T03:18:31.116+0600][30.669s][info][gc,heap     ] GC(61) y: Min Capacity: 8M(1%)
[2026-04-03T03:18:31.116+0600][30.669s][info][gc,heap     ] GC(61) y: Max Capacity: 1000M(100%)
[2026-04-03T03:18:31.116+0600][30.669s][info][gc,heap     ] GC(61) y: Soft Max Capacity: 1000M(100%)
[2026-04-03T03:18:31.116+0600][30.669s][info][gc,heap     ] GC(61) y: Heap Statistics:
[2026-04-03T03:18:31.116+0600][30.669s][info][gc,heap     ] GC(61) y:                Mark Start          Mark End        Relocate Start      Relocate End           High               Low         
[2026-04-03T03:18:31.116+0600][30.669s][info][gc,heap     ] GC(61) y:  Capacity:     1000M (100%)       1000M (100%)       1000M (100%)       1000M (100%)       1000M (100%)       1000M (100%)   
[2026-04-03T03:18:31.116+0600][30.669s][info][gc,heap     ] GC(61) y:      Free:        0M (0%)            0M (0%)            0M (0%)          316M (32%)         316M (32%)           0M (0%)     
[2026-04-03T03:18:31.116+0600][30.669s][info][gc,heap     ] GC(61) y:      Used:     1000M (100%)       1000M (100%)       1000M (100%)        684M (68%)        1000M (100%)        684M (68%)    
[2026-04-03T03:18:31.116+0600][30.669s][info][gc,heap     ] GC(61) y: Young Generation Statistics:
[2026-04-03T03:18:31.116+0600][30.669s][info][gc,heap     ] GC(61) y:                Mark Start          Mark End        Relocate Start      Relocate End    
[2026-04-03T03:18:31.116+0600][30.669s][info][gc,heap     ] GC(61) y:      Used:      482M (48%)         482M (48%)         482M (48%)         166M (17%)    
[2026-04-03T03:18:31.116+0600][30.669s][info][gc,heap     ] GC(61) y:      Live:         -                90M (9%)           90M (9%)           90M (9%)     
[2026-04-03T03:18:31.116+0600][30.669s][info][gc,heap     ] GC(61) y:   Garbage:         -               391M (39%)         391M (39%)          18M (2%)     
[2026-04-03T03:18:31.117+0600][30.669s][info][gc,heap     ] GC(61) y: Allocated:         -                 0M (0%)            0M (0%)           56M (6%)     
[2026-04-03T03:18:31.117+0600][30.669s][info][gc,heap     ] GC(61) y: Reclaimed:         -                  -                 0M (0%)          372M (37%)    
[2026-04-03T03:18:31.117+0600][30.669s][info][gc,heap     ] GC(61) y:  Promoted:         -                  -                 0M (0%)            0M (0%)     
[2026-04-03T03:18:31.117+0600][30.669s][info][gc,heap     ] GC(61) y: Compacted:         -                  -                  -                33M (3%)     
[2026-04-03T03:18:31.117+0600][30.669s][info][gc,phases   ] GC(61) y: Young Generation 1000M(100%)->684M(68%) 0.222s
[2026-04-03T03:18:31.117+0600][30.669s][info][gc          ] GC(61) Minor Collection (Allocation Stall) 1000M(100%)->684M(68%) 0.223s
[2026-04-03T03:18:31.117+0600][30.669s][info][gc,task     ] Adjusting Workers for Old Generation: 3 -> 1
[2026-04-03T03:18:31.117+0600][30.669s][info][gc          ] GC(62) Minor Collection (Allocation Rate)
[2026-04-03T03:18:31.117+0600][30.669s][info][gc,task     ] GC(62) Using 2 Workers for Young Generation
[2026-04-03T03:18:31.117+0600][30.669s][info][gc,phases   ] GC(62) y: Young Generation
[2026-04-03T03:18:31.117+0600][30.669s][info][gc,phases   ] GC(62) y: Pause Mark Start 0.031ms
[2026-04-03T03:18:31.367+0600][30.919s][info][gc,phases   ] GC(62) y: Concurrent Mark 249.318ms
[2026-04-03T03:18:31.367+0600][30.919s][info][gc,phases   ] GC(62) y: Pause Mark End 0.055ms
[2026-04-03T03:18:31.367+0600][30.919s][info][gc,phases   ] GC(62) y: Concurrent Mark Free 0.001ms
[2026-04-03T03:18:31.367+0600][30.919s][info][gc,phases   ] GC(62) y: Concurrent Reset Relocation Set 0.038ms
[2026-04-03T03:18:31.373+0600][30.925s][info][gc,reloc    ] GC(62) y: Using tenuring threshold: 1 (Computed)
[2026-04-03T03:18:31.449+0600][31.001s][info][gc,phases   ] GC(62) y: Concurrent Select Relocation Set 81.613ms
[2026-04-03T03:18:31.449+0600][31.001s][info][gc,phases   ] GC(62) y: Pause Relocate Start 0.024ms
[2026-04-03T03:18:31.567+0600][31.119s][info][gc,phases   ] GC(60) O: Concurrent Mark 673.898ms
[2026-04-03T03:18:31.576+0600][31.129s][info][gc,phases   ] GC(60) O: Pause Mark End 0.035ms
[2026-04-03T03:18:31.577+0600][31.129s][info][gc,phases   ] GC(60) O: Concurrent Mark Free 0.002ms
[2026-04-03T03:18:31.577+0600][31.129s][info][gc,phases   ] GC(62) y: Concurrent Relocate 127.501ms
[2026-04-03T03:18:31.577+0600][31.129s][info][gc,alloc    ] GC(62) y:                         Mark Start        Mark End      Relocate Start    Relocate End   
[2026-04-03T03:18:31.577+0600][31.129s][info][gc,alloc    ] GC(62) y: Allocation Stalls:          0                0                0                0         
[2026-04-03T03:18:31.577+0600][31.129s][info][gc,load     ] GC(62) y: Load: 4.39 (37%) / 4.96 (41%) / 5.49 (46%)
[2026-04-03T03:18:31.577+0600][31.129s][info][gc,mmu      ] GC(62) y: MMU: 2ms/90.5%, 5ms/96.2%, 10ms/98.1%, 20ms/98.7%, 50ms/99.5%, 100ms/99.6%
[2026-04-03T03:18:31.577+0600][31.129s][info][gc,marking  ] GC(62) y: Mark: 2 stripe(s), 2 proactive flush(es), 1 terminate flush(es), 0 completion(s), 0 continuation(s) 
[2026-04-03T03:18:31.577+0600][31.129s][info][gc,marking  ] GC(62) y: Mark Stack Usage: 32M
[2026-04-03T03:18:31.577+0600][31.129s][info][gc,nmethod  ] GC(62) y: NMethods: 5689 registered, 286 unregistered
[2026-04-03T03:18:31.577+0600][31.129s][info][gc,metaspace] GC(62) y: Metaspace: 68M used, 69M committed, 1088M reserved
[2026-04-03T03:18:31.577+0600][31.129s][info][gc,reloc    ] GC(62) y:                        Candidates     Selected     In-Place         Size        Empty    Relocated 
[2026-04-03T03:18:31.577+0600][31.129s][info][gc,reloc    ] GC(62) y: Small Pages:                   52           19            0         104M           0M           5M 
[2026-04-03T03:18:31.577+0600][31.129s][info][gc,reloc    ] GC(62) y: Medium Pages:                   2            1            0          32M           0M           1M 
[2026-04-03T03:18:31.577+0600][31.129s][info][gc,reloc    ] GC(62) y: Large Pages:                    3            0            0          30M           0M           0M 
[2026-04-03T03:18:31.577+0600][31.129s][info][gc,reloc    ] GC(62) y: Forwarding Usage: 5M
[2026-04-03T03:18:31.577+0600][31.129s][info][gc,reloc    ] GC(62) y: Age Table:
[2026-04-03T03:18:31.577+0600][31.129s][info][gc,reloc    ] GC(62) y:                    Live             Garbage             Small              Medium             Large        
[2026-04-03T03:18:31.577+0600][31.129s][info][gc,reloc    ] GC(62) y: Eden               3M (0%)           38M (4%)          13 / 11             1 / 1              0 / 0        
[2026-04-03T03:18:31.577+0600][31.129s][info][gc,reloc    ] GC(62) y: Survivor 1        31M (3%)           26M (3%)          21 / 6              1 / 0              0 / 0        
[2026-04-03T03:18:31.577+0600][31.129s][info][gc,reloc    ] GC(62) y: Survivor 2        58M (6%)            7M (1%)          18 / 2              0 / 0              3 / 0        
[2026-04-03T03:18:31.577+0600][31.129s][info][gc,heap     ] GC(62) y: Min Capacity: 8M(1%)
[2026-04-03T03:18:31.577+0600][31.129s][info][gc,heap     ] GC(62) y: Max Capacity: 1000M(100%)
[2026-04-03T03:18:31.577+0600][31.129s][info][gc,heap     ] GC(62) y: Soft Max Capacity: 1000M(100%)
[2026-04-03T03:18:31.577+0600][31.129s][info][gc,heap     ] GC(62) y: Heap Statistics:
[2026-04-03T03:18:31.577+0600][31.129s][info][gc,heap     ] GC(62) y:                Mark Start          Mark End        Relocate Start      Relocate End           High               Low         
[2026-04-03T03:18:31.577+0600][31.129s][info][gc,heap     ] GC(62) y:  Capacity:     1000M (100%)       1000M (100%)       1000M (100%)       1000M (100%)       1000M (100%)       1000M (100%)   
[2026-04-03T03:18:31.577+0600][31.129s][info][gc,heap     ] GC(62) y:      Free:      316M (32%)         188M (19%)         176M (18%)         192M (19%)         316M (32%)         144M (14%)    
[2026-04-03T03:18:31.577+0600][31.129s][info][gc,heap     ] GC(62) y:      Used:      684M (68%)         812M (81%)         824M (82%)         808M (81%)         856M (86%)         684M (68%)    
[2026-04-03T03:18:31.577+0600][31.129s][info][gc,heap     ] GC(62) y: Young Generation Statistics:
[2026-04-03T03:18:31.577+0600][31.129s][info][gc,heap     ] GC(62) y:                Mark Start          Mark End        Relocate Start      Relocate End    
[2026-04-03T03:18:31.577+0600][31.129s][info][gc,heap     ] GC(62) y:      Used:      166M (17%)         294M (29%)         220M (22%)         180M (18%)    
[2026-04-03T03:18:31.577+0600][31.129s][info][gc,heap     ] GC(62) y:      Live:         -                93M (9%)           11M (1%)            3M (0%)     
[2026-04-03T03:18:31.577+0600][31.129s][info][gc,heap     ] GC(62) y:   Garbage:         -                72M (7%)           68M (7%)            0M (0%)     
[2026-04-03T03:18:31.577+0600][31.129s][info][gc,heap     ] GC(62) y: Allocated:         -               128M (13%)         140M (14%)         176M (18%)    
[2026-04-03T03:18:31.577+0600][31.129s][info][gc,heap     ] GC(62) y: Reclaimed:         -                  -                 3M (0%)           72M (7%)     
[2026-04-03T03:18:31.577+0600][31.129s][info][gc,heap     ] GC(62) y:  Promoted:         -                  -                82M (8%)           90M (9%)     
[2026-04-03T03:18:31.577+0600][31.129s][info][gc,heap     ] GC(62) y: Compacted:         -                  -                  -                 3M (0%)     
[2026-04-03T03:18:31.577+0600][31.129s][info][gc,phases   ] GC(62) y: Young Generation 684M(68%)->808M(81%) 0.460s
[2026-04-03T03:18:31.577+0600][31.129s][info][gc          ] GC(62) Minor Collection (Allocation Rate) 684M(68%)->808M(81%) 0.460s
[2026-04-03T03:18:31.577+0600][31.129s][info][gc          ] GC(63) Minor Collection (Allocation Rate)
[2026-04-03T03:18:31.577+0600][31.130s][info][gc,task     ] GC(63) Using 2 Workers for Young Generation
[2026-04-03T03:18:31.577+0600][31.130s][info][gc,phases   ] GC(63) y: Young Generation
[2026-04-03T03:18:31.578+0600][31.130s][info][gc,phases   ] GC(63) y: Pause Mark Start 0.023ms
[2026-04-03T03:18:31.599+0600][31.151s][info][gc,phases   ] GC(60) O: Concurrent Process Non-Strong 22.346ms
[2026-04-03T03:18:31.599+0600][31.151s][info][gc,phases   ] GC(60) O: Concurrent Reset Relocation Set 0.020ms
[2026-04-03T03:18:31.614+0600][31.167s][info][gc,phases   ] GC(60) O: Concurrent Select Relocation Set 15.193ms
[2026-04-03T03:18:31.670+0600][31.222s][info][gc,phases   ] GC(63) y: Concurrent Mark 91.854ms
[2026-04-03T03:18:31.670+0600][31.222s][info][gc,phases   ] GC(63) y: Pause Mark End 0.054ms
[2026-04-03T03:18:31.670+0600][31.222s][info][gc,phases   ] GC(63) y: Concurrent Mark Free 0.004ms
[2026-04-03T03:18:31.670+0600][31.222s][info][gc,phases   ] GC(63) y: Concurrent Reset Relocation Set 0.059ms
[2026-04-03T03:18:31.672+0600][31.224s][info][gc,reloc    ] GC(63) y: Using tenuring threshold: 2 (Computed)
[2026-04-03T03:18:31.676+0600][31.228s][info][gc,phases   ] GC(63) y: Concurrent Select Relocation Set 5.697ms
[2026-04-03T03:18:31.676+0600][31.228s][info][gc,phases   ] GC(63) y: Pause Relocate Start 0.022ms
[2026-04-03T03:18:31.695+0600][31.247s][info][gc,phases   ] GC(63) y: Concurrent Relocate 18.283ms
[2026-04-03T03:18:31.695+0600][31.247s][info][gc,alloc    ] GC(63) y:                         Mark Start        Mark End      Relocate Start    Relocate End   
[2026-04-03T03:18:31.695+0600][31.247s][info][gc,alloc    ] GC(63) y: Allocation Stalls:          0                0                0                0         
[2026-04-03T03:18:31.695+0600][31.247s][info][gc,load     ] GC(63) y: Load: 4.39 (37%) / 4.96 (41%) / 5.49 (46%)
[2026-04-03T03:18:31.695+0600][31.247s][info][gc,mmu      ] GC(63) y: MMU: 2ms/90.5%, 5ms/96.2%, 10ms/98.1%, 20ms/98.7%, 50ms/99.5%, 100ms/99.6%
[2026-04-03T03:18:31.695+0600][31.247s][info][gc,marking  ] GC(63) y: Mark: 2 stripe(s), 2 proactive flush(es), 1 terminate flush(es), 0 completion(s), 0 continuation(s) 
[2026-04-03T03:18:31.695+0600][31.247s][info][gc,marking  ] GC(63) y: Mark Stack Usage: 32M
[2026-04-03T03:18:31.695+0600][31.247s][info][gc,nmethod  ] GC(63) y: NMethods: 5569 registered, 416 unregistered
[2026-04-03T03:18:31.695+0600][31.247s][info][gc,metaspace] GC(63) y: Metaspace: 68M used, 69M committed, 1088M reserved
[2026-04-03T03:18:31.695+0600][31.247s][info][gc,reloc    ] GC(63) y:                        Candidates     Selected     In-Place         Size        Empty    Relocated 
[2026-04-03T03:18:31.695+0600][31.247s][info][gc,reloc    ] GC(63) y: Small Pages:                   72           57            0         144M          16M           8M 
[2026-04-03T03:18:31.695+0600][31.247s][info][gc,reloc    ] GC(63) y: Medium Pages:                   1            0            0          16M          16M           0M 
[2026-04-03T03:18:31.695+0600][31.247s][info][gc,reloc    ] GC(63) y: Large Pages:                    4            0            0          20M           8M           0M 
[2026-04-03T03:18:31.695+0600][31.247s][info][gc,reloc    ] GC(63) y: Forwarding Usage: 10M
[2026-04-03T03:18:31.695+0600][31.247s][info][gc,reloc    ] GC(63) y: Age Table:
[2026-04-03T03:18:31.695+0600][31.247s][info][gc,reloc    ] GC(63) y:                    Live             Garbage             Small              Medium             Large        
[2026-04-03T03:18:31.695+0600][31.247s][info][gc,reloc    ] GC(63) y: Eden              21M (2%)          138M (14%)         70 / 56             0 / 0              4 / 0        
[2026-04-03T03:18:31.695+0600][31.247s][info][gc,reloc    ] GC(63) y: Survivor 1         1M (0%)           18M (2%)           2 / 1              1 / 0              0 / 0        
[2026-04-03T03:18:31.695+0600][31.247s][info][gc,heap     ] GC(63) y: Min Capacity: 8M(1%)
[2026-04-03T03:18:31.695+0600][31.247s][info][gc,heap     ] GC(63) y: Max Capacity: 1000M(100%)
[2026-04-03T03:18:31.695+0600][31.247s][info][gc,heap     ] GC(63) y: Soft Max Capacity: 1000M(100%)
[2026-04-03T03:18:31.695+0600][31.247s][info][gc,heap     ] GC(63) y: Heap Statistics:
[2026-04-03T03:18:31.695+0600][31.247s][info][gc,heap     ] GC(63) y:                Mark Start          Mark End        Relocate Start      Relocate End           High               Low         
[2026-04-03T03:18:31.695+0600][31.247s][info][gc,heap     ] GC(63) y:  Capacity:     1000M (100%)       1000M (100%)       1000M (100%)       1000M (100%)       1000M (100%)       1000M (100%)   
[2026-04-03T03:18:31.695+0600][31.247s][info][gc,heap     ] GC(63) y:      Free:      192M (19%)         304M (30%)         342M (34%)         446M (45%)         446M (45%)         174M (17%)    
[2026-04-03T03:18:31.695+0600][31.247s][info][gc,heap     ] GC(63) y:      Used:      808M (81%)         696M (70%)         658M (66%)         554M (55%)         826M (83%)         554M (55%)    
[2026-04-03T03:18:31.695+0600][31.247s][info][gc,heap     ] GC(63) y: Young Generation Statistics:
[2026-04-03T03:18:31.695+0600][31.247s][info][gc,heap     ] GC(63) y:                Mark Start          Mark End        Relocate Start      Relocate End    
[2026-04-03T03:18:31.695+0600][31.247s][info][gc,heap     ] GC(63) y:      Used:      180M (18%)         210M (21%)         172M (17%)          68M (7%)     
[2026-04-03T03:18:31.695+0600][31.247s][info][gc,heap     ] GC(63) y:      Live:         -                23M (2%)           23M (2%)           23M (2%)     
[2026-04-03T03:18:31.695+0600][31.247s][info][gc,heap     ] GC(63) y:   Garbage:         -               156M (16%)         116M (12%)           0M (0%)     
[2026-04-03T03:18:31.695+0600][31.247s][info][gc,heap     ] GC(63) y: Allocated:         -                30M (3%)           32M (3%)           43M (4%)     
[2026-04-03T03:18:31.695+0600][31.247s][info][gc,heap     ] GC(63) y: Reclaimed:         -                  -                40M (4%)          155M (16%)    
[2026-04-03T03:18:31.695+0600][31.247s][info][gc,heap     ] GC(63) y:  Promoted:         -                  -                 0M (0%)            0M (0%)     
[2026-04-03T03:18:31.695+0600][31.247s][info][gc,heap     ] GC(63) y: Compacted:         -                  -                  -                10M (1%)     
[2026-04-03T03:18:31.695+0600][31.247s][info][gc,phases   ] GC(63) y: Young Generation 808M(81%)->554M(55%) 0.117s
[2026-04-03T03:18:31.695+0600][31.247s][info][gc          ] GC(63) Minor Collection (Allocation Rate) 808M(81%)->554M(55%) 0.118s
[2026-04-03T03:18:31.695+0600][31.247s][info][gc,task     ] GC(60) O: Using 3 Workers for Old Generation
[2026-04-03T03:18:31.717+0600][31.269s][info][gc,task     ] GC(60) O: Using 1 Workers for Old Generation
[2026-04-03T03:18:31.717+0600][31.269s][info][gc,phases   ] GC(60) O: Concurrent Remap Roots 21.865ms
[2026-04-03T03:18:31.717+0600][31.270s][info][gc,phases   ] GC(60) O: Pause Relocate Start 0.054ms
[2026-04-03T03:18:31.718+0600][31.270s][info][gc          ] GC(64) Minor Collection (Allocation Rate)
[2026-04-03T03:18:31.718+0600][31.270s][info][gc,task     ] GC(64) Using 2 Workers for Young Generation
[2026-04-03T03:18:31.718+0600][31.270s][info][gc,phases   ] GC(64) y: Young Generation
[2026-04-03T03:18:31.718+0600][31.270s][info][gc,phases   ] GC(64) y: Pause Mark Start 0.057ms
[2026-04-03T03:18:31.768+0600][31.320s][info][gc,phases   ] GC(60) O: Concurrent Relocate 50.170ms
[2026-04-03T03:18:31.820+0600][31.372s][info][gc,phases   ] GC(64) y: Concurrent Mark 101.638ms
[2026-04-03T03:18:31.820+0600][31.372s][info][gc,phases   ] GC(64) y: Pause Mark End 0.056ms
[2026-04-03T03:18:31.820+0600][31.372s][info][gc,phases   ] GC(64) y: Concurrent Mark Free 0.005ms
[2026-04-03T03:18:31.820+0600][31.372s][info][gc,phases   ] GC(64) y: Concurrent Reset Relocation Set 0.011ms
[2026-04-03T03:18:31.822+0600][31.374s][info][gc,reloc    ] GC(64) y: Using tenuring threshold: 1 (Computed)
[2026-04-03T03:18:31.839+0600][31.391s][info][gc,phases   ] GC(64) y: Concurrent Select Relocation Set 18.313ms
[2026-04-03T03:18:31.839+0600][31.391s][info][gc,phases   ] GC(64) y: Pause Relocate Start 0.077ms
[2026-04-03T03:18:31.866+0600][31.418s][info][gc,phases   ] GC(64) y: Concurrent Relocate 27.067ms
[2026-04-03T03:18:31.866+0600][31.418s][info][gc,alloc    ] GC(64) y:                         Mark Start        Mark End      Relocate Start    Relocate End   
[2026-04-03T03:18:31.866+0600][31.418s][info][gc,alloc    ] GC(64) y: Allocation Stalls:          0                0                0                0         
[2026-04-03T03:18:31.866+0600][31.419s][info][gc,load     ] GC(64) y: Load: 4.39 (37%) / 4.96 (41%) / 5.49 (46%)
[2026-04-03T03:18:31.866+0600][31.419s][info][gc,mmu      ] GC(64) y: MMU: 2ms/90.5%, 5ms/96.2%, 10ms/98.1%, 20ms/98.7%, 50ms/99.5%, 100ms/99.6%
[2026-04-03T03:18:31.866+0600][31.419s][info][gc,marking  ] GC(64) y: Mark: 2 stripe(s), 10 proactive flush(es), 1 terminate flush(es), 0 completion(s), 0 continuation(s) 
[2026-04-03T03:18:31.866+0600][31.419s][info][gc,marking  ] GC(64) y: Mark Stack Usage: 32M
[2026-04-03T03:18:31.866+0600][31.419s][info][gc,nmethod  ] GC(64) y: NMethods: 5569 registered, 416 unregistered
[2026-04-03T03:18:31.866+0600][31.419s][info][gc,metaspace] GC(64) y: Metaspace: 68M used, 69M committed, 1088M reserved
[2026-04-03T03:18:31.866+0600][31.419s][info][gc,reloc    ] GC(64) y:                        Candidates     Selected     In-Place         Size        Empty    Relocated 
[2026-04-03T03:18:31.866+0600][31.419s][info][gc,reloc    ] GC(64) y: Small Pages:                   30           19            0          60M          10M           2M 
[2026-04-03T03:18:31.866+0600][31.419s][info][gc,reloc    ] GC(64) y: Medium Pages:                   0            0            0           0M           0M           0M 
[2026-04-03T03:18:31.866+0600][31.419s][info][gc,reloc    ] GC(64) y: Large Pages:                    2            0            0          12M           0M           0M 
[2026-04-03T03:18:31.866+0600][31.419s][info][gc,reloc    ] GC(64) y: Forwarding Usage: 3M
[2026-04-03T03:18:31.866+0600][31.419s][info][gc,reloc    ] GC(64) y: Age Table:
[2026-04-03T03:18:31.866+0600][31.419s][info][gc,reloc    ] GC(64) y:                    Live             Garbage             Small              Medium             Large        
[2026-04-03T03:18:31.866+0600][31.419s][info][gc,reloc    ] GC(64) y: Eden               0M (0%)           37M (4%)          19 / 13             0 / 0              0 / 0        
[2026-04-03T03:18:31.866+0600][31.419s][info][gc,reloc    ] GC(64) y: Survivor 1        21M (2%)            8M (1%)           9 / 4              0 / 0              2 / 0        
[2026-04-03T03:18:31.866+0600][31.419s][info][gc,reloc    ] GC(64) y: Survivor 2         1M (0%)            2M (0%)           2 / 2              0 / 0              0 / 0        
[2026-04-03T03:18:31.866+0600][31.419s][info][gc,heap     ] GC(64) y: Min Capacity: 8M(1%)
[2026-04-03T03:18:31.866+0600][31.419s][info][gc,heap     ] GC(64) y: Max Capacity: 1000M(100%)
[2026-04-03T03:18:31.866+0600][31.419s][info][gc,heap     ] GC(64) y: Soft Max Capacity: 1000M(100%)
[2026-04-03T03:18:31.866+0600][31.419s][info][gc,heap     ] GC(64) y: Heap Statistics:
[2026-04-03T03:18:31.866+0600][31.419s][info][gc,heap     ] GC(64) y:                Mark Start          Mark End        Relocate Start      Relocate End           High               Low         
[2026-04-03T03:18:31.866+0600][31.419s][info][gc,heap     ] GC(64) y:  Capacity:     1000M (100%)       1000M (100%)       1000M (100%)       1000M (100%)       1000M (100%)       1000M (100%)   
[2026-04-03T03:18:31.866+0600][31.419s][info][gc,heap     ] GC(64) y:      Free:      468M (47%)         488M (49%)         496M (50%)         522M (52%)         524M (52%)         466M (47%)    
[2026-04-03T03:18:31.866+0600][31.419s][info][gc,heap     ] GC(64) y:      Used:      532M (53%)         512M (51%)         504M (50%)         478M (48%)         534M (53%)         476M (48%)    
[2026-04-03T03:18:31.866+0600][31.419s][info][gc,heap     ] GC(64) y: Young Generation Statistics:
[2026-04-03T03:18:31.866+0600][31.419s][info][gc,heap     ] GC(64) y:                Mark Start          Mark End        Relocate Start      Relocate End    
[2026-04-03T03:18:31.866+0600][31.419s][info][gc,heap     ] GC(64) y:      Used:       72M (7%)           96M (10%)          68M (7%)           36M (4%)     
[2026-04-03T03:18:31.866+0600][31.419s][info][gc,heap     ] GC(64) y:      Live:         -                23M (2%)            3M (0%)            0M (0%)     
[2026-04-03T03:18:31.866+0600][31.419s][info][gc,heap     ] GC(64) y:   Garbage:         -                48M (5%)           38M (4%)            0M (0%)     
[2026-04-03T03:18:31.866+0600][31.419s][info][gc,heap     ] GC(64) y: Allocated:         -                24M (2%)           26M (3%)           35M (4%)     
[2026-04-03T03:18:31.866+0600][31.419s][info][gc,heap     ] GC(64) y: Reclaimed:         -                  -                10M (1%)           48M (5%)     
[2026-04-03T03:18:31.866+0600][31.419s][info][gc,heap     ] GC(64) y:  Promoted:         -                  -                19M (2%)           23M (2%)     
[2026-04-03T03:18:31.866+0600][31.419s][info][gc,heap     ] GC(64) y: Compacted:         -                  -                  -                 0M (0%)     
[2026-04-03T03:18:31.867+0600][31.419s][info][gc,phases   ] GC(64) y: Young Generation 552M(55%)->478M(48%) 0.149s
[2026-04-03T03:18:31.867+0600][31.419s][info][gc          ] GC(64) Minor Collection (Allocation Rate) 564M(56%)->478M(48%) 0.149s
[2026-04-03T03:18:31.867+0600][31.419s][info][gc,alloc    ] GC(60) O:                         Mark Start        Mark End      Relocate Start    Relocate End   
[2026-04-03T03:18:31.867+0600][31.419s][info][gc,alloc    ] GC(60) O: Allocation Stalls:          0                0                0                0         
[2026-04-03T03:18:31.867+0600][31.419s][info][gc,load     ] GC(60) O: Load: 4.39 (37%) / 4.96 (41%) / 5.49 (46%)
[2026-04-03T03:18:31.867+0600][31.419s][info][gc,mmu      ] GC(60) O: MMU: 2ms/90.5%, 5ms/96.2%, 10ms/98.1%, 20ms/98.7%, 50ms/99.5%, 100ms/99.6%
[2026-04-03T03:18:31.867+0600][31.419s][info][gc,marking  ] GC(60) O: Mark: 1 stripe(s), 2 proactive flush(es), 1 terminate flush(es), 0 completion(s), 0 continuation(s) 
[2026-04-03T03:18:31.867+0600][31.419s][info][gc,marking  ] GC(60) O: Mark Stack Usage: 32M
[2026-04-03T03:18:31.867+0600][31.419s][info][gc,nmethod  ] GC(60) O: NMethods: 5569 registered, 416 unregistered
[2026-04-03T03:18:31.867+0600][31.419s][info][gc,metaspace] GC(60) O: Metaspace: 68M used, 69M committed, 1088M reserved
[2026-04-03T03:18:31.867+0600][31.419s][info][gc,ref      ] GC(60) O:                       Encountered   Discovered     Enqueued 
[2026-04-03T03:18:31.867+0600][31.419s][info][gc,ref      ] GC(60) O: Soft References:             4954            0            0 
[2026-04-03T03:18:31.867+0600][31.419s][info][gc,ref      ] GC(60) O: Weak References:             6321         4777          171 
[2026-04-03T03:18:31.867+0600][31.419s][info][gc,ref      ] GC(60) O: Final References:              82            0            0 
[2026-04-03T03:18:31.867+0600][31.419s][info][gc,ref      ] GC(60) O: Phantom References:           598          439            0 
[2026-04-03T03:18:31.867+0600][31.419s][info][gc,reloc    ] GC(60) O:                        Candidates     Selected     In-Place         Size        Empty    Relocated 
[2026-04-03T03:18:31.867+0600][31.419s][info][gc,reloc    ] GC(60) O: Small Pages:                  161           39            0         322M          70M           7M 
[2026-04-03T03:18:31.867+0600][31.419s][info][gc,reloc    ] GC(60) O: Medium Pages:                   1            0            0          16M           0M           0M 
[2026-04-03T03:18:31.867+0600][31.419s][info][gc,reloc    ] GC(60) O: Large Pages:                    8            0            0          76M          72M           0M 
[2026-04-03T03:18:31.867+0600][31.419s][info][gc,reloc    ] GC(60) O: Forwarding Usage: 10M
[2026-04-03T03:18:31.867+0600][31.419s][info][gc,heap     ] GC(60) O: Min Capacity: 8M(1%)
[2026-04-03T03:18:31.867+0600][31.419s][info][gc,heap     ] GC(60) O: Max Capacity: 1000M(100%)
[2026-04-03T03:18:31.867+0600][31.419s][info][gc,heap     ] GC(60) O: Soft Max Capacity: 1000M(100%)
[2026-04-03T03:18:31.867+0600][31.419s][info][gc,heap     ] GC(60) O: Heap Statistics:
[2026-04-03T03:18:31.867+0600][31.419s][info][gc,heap     ] GC(60) O:                Mark Start          Mark End        Relocate Start      Relocate End           High               Low         
[2026-04-03T03:18:31.867+0600][31.419s][info][gc,heap     ] GC(60) O:  Capacity:     1000M (100%)       1000M (100%)       1000M (100%)       1000M (100%)       1000M (100%)       1000M (100%)   
[2026-04-03T03:18:31.867+0600][31.419s][info][gc,heap     ] GC(60) O:      Free:      318M (32%)         192M (19%)         442M (44%)         500M (50%)         500M (50%)           0M (0%)     
[2026-04-03T03:18:31.867+0600][31.419s][info][gc,heap     ] GC(60) O:      Used:      682M (68%)         808M (81%)         558M (56%)         500M (50%)        1000M (100%)        500M (50%)    
[2026-04-03T03:18:31.867+0600][31.419s][info][gc,heap     ] GC(60) O: Old Generation Statistics:
[2026-04-03T03:18:31.867+0600][31.419s][info][gc,heap     ] GC(60) O:                Mark Start          Mark End        Relocate Start      Relocate End    
[2026-04-03T03:18:31.867+0600][31.419s][info][gc,heap     ] GC(60) O:      Used:      414M (41%)         628M (63%)         486M (49%)         416M (42%)    
[2026-04-03T03:18:31.867+0600][31.419s][info][gc,heap     ] GC(60) O:      Live:         -               179M (18%)         179M (18%)         179M (18%)    
[2026-04-03T03:18:31.867+0600][31.419s][info][gc,heap     ] GC(60) O:   Garbage:         -               234M (23%)          92M (9%)           12M (1%)     
[2026-04-03T03:18:31.867+0600][31.419s][info][gc,heap     ] GC(60) O: Allocated:         -               214M (21%)         214M (21%)         224M (22%)    
[2026-04-03T03:18:31.867+0600][31.419s][info][gc,heap     ] GC(60) O: Reclaimed:         -                  -               142M (14%)         222M (22%)    
[2026-04-03T03:18:31.867+0600][31.419s][info][gc,heap     ] GC(60) O: Compacted:         -                  -                  -                13M (1%)     
[2026-04-03T03:18:31.867+0600][31.419s][info][gc,phases   ] GC(60) O: Old Generation 1000M(100%)->500M(50%) 0.973s
[2026-04-03T03:18:31.867+0600][31.419s][info][gc          ] GC(60) Major Collection (Allocation Rate) 682M(68%)->478M(48%) 1.514s
[2026-04-03T03:18:31.926+0600][31.478s][info][gc          ] GC(65) Major Collection (Allocation Rate)
[2026-04-03T03:18:31.926+0600][31.478s][info][gc,task     ] GC(65) Using 3 Workers for Young Generation
[2026-04-03T03:18:31.926+0600][31.478s][info][gc,task     ] GC(65) Using 2 Workers for Old Generation
[2026-04-03T03:18:31.926+0600][31.478s][info][gc,phases   ] GC(65) Y: Young Generation
[2026-04-03T03:18:31.926+0600][31.478s][info][gc,phases   ] GC(65) Y: Pause Mark Start (Major) 0.022ms
[2026-04-03T03:18:31.941+0600][31.493s][info][gc,phases   ] GC(65) Y: Concurrent Mark 14.527ms
[2026-04-03T03:18:31.941+0600][31.493s][info][gc,phases   ] GC(65) Y: Pause Mark End 0.021ms
[2026-04-03T03:18:31.941+0600][31.493s][info][gc,phases   ] GC(65) Y: Concurrent Mark Free 0.001ms
[2026-04-03T03:18:31.941+0600][31.493s][info][gc,phases   ] GC(65) Y: Concurrent Reset Relocation Set 0.012ms
[2026-04-03T03:18:31.945+0600][31.497s][info][gc,reloc    ] GC(65) Y: Using tenuring threshold: 2 (Computed)
[2026-04-03T03:18:31.946+0600][31.498s][info][gc,phases   ] GC(65) Y: Concurrent Select Relocation Set 4.751ms
[2026-04-03T03:18:31.946+0600][31.498s][info][gc,phases   ] GC(65) Y: Pause Relocate Start 0.011ms
[2026-04-03T03:18:31.946+0600][31.498s][info][gc,phases   ] GC(65) Y: Concurrent Relocate 0.178ms
[2026-04-03T03:18:31.946+0600][31.498s][info][gc,alloc    ] GC(65) Y:                         Mark Start        Mark End      Relocate Start    Relocate End   
[2026-04-03T03:18:31.946+0600][31.498s][info][gc,alloc    ] GC(65) Y: Allocation Stalls:          0                0                0                0         
[2026-04-03T03:18:31.946+0600][31.498s][info][gc,load     ] GC(65) Y: Load: 4.39 (37%) / 4.96 (41%) / 5.49 (46%)
[2026-04-03T03:18:31.946+0600][31.498s][info][gc,mmu      ] GC(65) Y: MMU: 2ms/90.5%, 5ms/96.2%, 10ms/98.1%, 20ms/98.7%, 50ms/99.5%, 100ms/99.6%
[2026-04-03T03:18:31.946+0600][31.498s][info][gc,marking  ] GC(65) Y: Mark: 2 stripe(s), 2 proactive flush(es), 1 terminate flush(es), 0 completion(s), 0 continuation(s) 
[2026-04-03T03:18:31.946+0600][31.498s][info][gc,marking  ] GC(65) Y: Mark Stack Usage: 32M
[2026-04-03T03:18:31.946+0600][31.498s][info][gc,nmethod  ] GC(65) Y: NMethods: 5570 registered, 416 unregistered
[2026-04-03T03:18:31.946+0600][31.498s][info][gc,metaspace] GC(65) Y: Metaspace: 68M used, 69M committed, 1088M reserved
[2026-04-03T03:18:31.946+0600][31.498s][info][gc,reloc    ] GC(65) Y:                        Candidates     Selected     In-Place         Size        Empty    Relocated 
[2026-04-03T03:18:31.946+0600][31.498s][info][gc,reloc    ] GC(65) Y: Small Pages:                   27           20            0          54M          12M           0M 
[2026-04-03T03:18:31.946+0600][31.499s][info][gc,reloc    ] GC(65) Y: Medium Pages:                   0            0            0           0M           0M           0M 
[2026-04-03T03:18:31.946+0600][31.499s][info][gc,reloc    ] GC(65) Y: Large Pages:                    0            0            0           0M           0M           0M 
[2026-04-03T03:18:31.946+0600][31.499s][info][gc,reloc    ] GC(65) Y: Forwarding Usage: 0M
[2026-04-03T03:18:31.946+0600][31.499s][info][gc,reloc    ] GC(65) Y: Age Table:
[2026-04-03T03:18:31.946+0600][31.499s][info][gc,reloc    ] GC(65) Y:                    Live             Garbage             Small              Medium             Large        
[2026-04-03T03:18:31.946+0600][31.499s][info][gc,reloc    ] GC(65) Y: Eden               0M (0%)           49M (5%)          25 / 18             0 / 0              0 / 0        
[2026-04-03T03:18:31.946+0600][31.499s][info][gc,reloc    ] GC(65) Y: Survivor 1         0M (0%)            3M (0%)           2 / 2              0 / 0              0 / 0        
[2026-04-03T03:18:31.946+0600][31.499s][info][gc,heap     ] GC(65) Y: Min Capacity: 8M(1%)
[2026-04-03T03:18:31.946+0600][31.499s][info][gc,heap     ] GC(65) Y: Max Capacity: 1000M(100%)
[2026-04-03T03:18:31.946+0600][31.499s][info][gc,heap     ] GC(65) Y: Soft Max Capacity: 1000M(100%)
[2026-04-03T03:18:31.946+0600][31.499s][info][gc,heap     ] GC(65) Y: Heap Statistics:
[2026-04-03T03:18:31.946+0600][31.499s][info][gc,heap     ] GC(65) Y:                Mark Start          Mark End        Relocate Start      Relocate End           High               Low         
[2026-04-03T03:18:31.946+0600][31.499s][info][gc,heap     ] GC(65) Y:  Capacity:     1000M (100%)       1000M (100%)       1000M (100%)       1000M (100%)       1000M (100%)       1000M (100%)   
[2026-04-03T03:18:31.946+0600][31.499s][info][gc,heap     ] GC(65) Y:      Free:      504M (50%)         498M (50%)         510M (51%)         538M (54%)         538M (54%)         498M (50%)    
[2026-04-03T03:18:31.946+0600][31.499s][info][gc,heap     ] GC(65) Y:      Used:      496M (50%)         502M (50%)         490M (49%)         462M (46%)         502M (50%)         462M (46%)    
[2026-04-03T03:18:31.946+0600][31.499s][info][gc,heap     ] GC(65) Y: Young Generation Statistics:
[2026-04-03T03:18:31.946+0600][31.499s][info][gc,heap     ] GC(65) Y:                Mark Start          Mark End        Relocate Start      Relocate End    
[2026-04-03T03:18:31.946+0600][31.499s][info][gc,heap     ] GC(65) Y:      Used:       54M (5%)           60M (6%)           48M (5%)           20M (2%)     
[2026-04-03T03:18:31.946+0600][31.499s][info][gc,heap     ] GC(65) Y:      Live:         -                 0M (0%)            0M (0%)            0M (0%)     
[2026-04-03T03:18:31.946+0600][31.499s][info][gc,heap     ] GC(65) Y:   Garbage:         -                53M (5%)           41M (4%)            0M (0%)     
[2026-04-03T03:18:31.946+0600][31.499s][info][gc,heap     ] GC(65) Y: Allocated:         -                 6M (1%)            6M (1%)           19M (2%)     
[2026-04-03T03:18:31.946+0600][31.499s][info][gc,heap     ] GC(65) Y: Reclaimed:         -                  -                12M (1%)           53M (5%)     
[2026-04-03T03:18:31.946+0600][31.499s][info][gc,heap     ] GC(65) Y:  Promoted:         -                  -                 0M (0%)            0M (0%)     
[2026-04-03T03:18:31.946+0600][31.499s][info][gc,heap     ] GC(65) Y: Compacted:         -                  -                  -                 0M (0%)     
[2026-04-03T03:18:31.947+0600][31.499s][info][gc,phases   ] GC(65) Y: Young Generation 496M(50%)->462M(46%) 0.020s
[2026-04-03T03:18:31.947+0600][31.499s][info][gc,phases   ] GC(65) O: Old Generation
[2026-04-03T03:18:32.166+0600][31.718s][info][gc,task     ] Adjusting Workers for Old Generation: 2 -> 1
[2026-04-03T03:18:32.166+0600][31.718s][info][gc          ] GC(66) Minor Collection (Allocation Rate)
[2026-04-03T03:18:32.166+0600][31.718s][info][gc,task     ] GC(66) Using 2 Workers for Young Generation
[2026-04-03T03:18:32.166+0600][31.718s][info][gc,phases   ] GC(66) y: Young Generation
[2026-04-03T03:18:32.166+0600][31.719s][info][gc,phases   ] GC(66) y: Pause Mark Start 0.027ms
[2026-04-03T03:18:32.190+0600][31.742s][info][gc,phases   ] GC(66) y: Concurrent Mark 23.358ms
[2026-04-03T03:18:32.190+0600][31.743s][info][gc,phases   ] GC(66) y: Pause Mark End 0.057ms
[2026-04-03T03:18:32.191+0600][31.743s][info][gc,phases   ] GC(66) y: Concurrent Mark Free 0.003ms
[2026-04-03T03:18:32.191+0600][31.743s][info][gc,phases   ] GC(66) y: Concurrent Reset Relocation Set 0.005ms
[2026-04-03T03:18:32.196+0600][31.748s][info][gc,reloc    ] GC(66) y: Using tenuring threshold: 3 (Computed)
[2026-04-03T03:18:32.199+0600][31.752s][info][gc,phases   ] GC(66) y: Concurrent Select Relocation Set 8.682ms
[2026-04-03T03:18:32.200+0600][31.752s][info][gc,phases   ] GC(66) y: Pause Relocate Start 0.025ms
[2026-04-03T03:18:32.212+0600][31.764s][info][gc,phases   ] GC(66) y: Concurrent Relocate 12.386ms
[2026-04-03T03:18:32.212+0600][31.764s][info][gc,alloc    ] GC(66) y:                         Mark Start        Mark End      Relocate Start    Relocate End   
[2026-04-03T03:18:32.212+0600][31.765s][info][gc,alloc    ] GC(66) y: Allocation Stalls:          0                0                0                0         
[2026-04-03T03:18:32.212+0600][31.765s][info][gc,load     ] GC(66) y: Load: 4.39 (37%) / 4.96 (41%) / 5.49 (46%)
[2026-04-03T03:18:32.212+0600][31.765s][info][gc,mmu      ] GC(66) y: MMU: 2ms/90.5%, 5ms/96.2%, 10ms/98.1%, 20ms/98.7%, 50ms/99.5%, 100ms/99.6%
[2026-04-03T03:18:32.212+0600][31.765s][info][gc,marking  ] GC(66) y: Mark: 2 stripe(s), 3 proactive flush(es), 1 terminate flush(es), 0 completion(s), 0 continuation(s) 
[2026-04-03T03:18:32.212+0600][31.765s][info][gc,marking  ] GC(66) y: Mark Stack Usage: 32M
[2026-04-03T03:18:32.212+0600][31.765s][info][gc,nmethod  ] GC(66) y: NMethods: 5578 registered, 416 unregistered
[2026-04-03T03:18:32.212+0600][31.765s][info][gc,metaspace] GC(66) y: Metaspace: 68M used, 69M committed, 1088M reserved
[2026-04-03T03:18:32.212+0600][31.765s][info][gc,reloc    ] GC(66) y:                        Candidates     Selected     In-Place         Size        Empty    Relocated 
[2026-04-03T03:18:32.212+0600][31.765s][info][gc,reloc    ] GC(66) y: Small Pages:                   56           46            0         112M          12M           5M 
[2026-04-03T03:18:32.212+0600][31.765s][info][gc,reloc    ] GC(66) y: Medium Pages:                   1            0            0          16M           0M           0M 
[2026-04-03T03:18:32.212+0600][31.765s][info][gc,reloc    ] GC(66) y: Large Pages:                    0            0            0           0M           0M           0M 
[2026-04-03T03:18:32.212+0600][31.765s][info][gc,reloc    ] GC(66) y: Forwarding Usage: 3M
[2026-04-03T03:18:32.212+0600][31.765s][info][gc,reloc    ] GC(66) y: Age Table:
[2026-04-03T03:18:32.212+0600][31.765s][info][gc,reloc    ] GC(66) y:                    Live             Garbage             Small              Medium             Large        
[2026-04-03T03:18:32.212+0600][31.765s][info][gc,reloc    ] GC(66) y: Eden               7M (1%)          106M (11%)         49 / 39             1 / 0              0 / 0        
[2026-04-03T03:18:32.212+0600][31.765s][info][gc,reloc    ] GC(66) y: Survivor 1         0M (0%)            9M (1%)           5 / 5              0 / 0              0 / 0        
[2026-04-03T03:18:32.213+0600][31.765s][info][gc,reloc    ] GC(66) y: Survivor 2         0M (0%)            3M (0%)           2 / 2              0 / 0              0 / 0        
[2026-04-03T03:18:32.213+0600][31.765s][info][gc,heap     ] GC(66) y: Min Capacity: 8M(1%)
[2026-04-03T03:18:32.213+0600][31.765s][info][gc,heap     ] GC(66) y: Max Capacity: 1000M(100%)
[2026-04-03T03:18:32.213+0600][31.765s][info][gc,heap     ] GC(66) y: Soft Max Capacity: 1000M(100%)
[2026-04-03T03:18:32.213+0600][31.765s][info][gc,heap     ] GC(66) y: Heap Statistics:
[2026-04-03T03:18:32.213+0600][31.765s][info][gc,heap     ] GC(66) y:                Mark Start          Mark End        Relocate Start      Relocate End           High               Low         
[2026-04-03T03:18:32.213+0600][31.765s][info][gc,heap     ] GC(66) y:  Capacity:     1000M (100%)       1000M (100%)       1000M (100%)       1000M (100%)       1000M (100%)       1000M (100%)   
[2026-04-03T03:18:32.213+0600][31.765s][info][gc,heap     ] GC(66) y:      Free:      430M (43%)         414M (41%)         420M (42%)         488M (49%)         488M (49%)         410M (41%)    
[2026-04-03T03:18:32.213+0600][31.765s][info][gc,heap     ] GC(66) y:      Used:      570M (57%)         586M (59%)         580M (58%)         512M (51%)         590M (59%)         512M (51%)    
[2026-04-03T03:18:32.213+0600][31.765s][info][gc,heap     ] GC(66) y: Young Generation Statistics:
[2026-04-03T03:18:32.213+0600][31.765s][info][gc,heap     ] GC(66) y:                Mark Start          Mark End        Relocate Start      Relocate End    
[2026-04-03T03:18:32.213+0600][31.765s][info][gc,heap     ] GC(66) y:      Used:      128M (13%)         144M (14%)         138M (14%)          70M (7%)     
[2026-04-03T03:18:32.213+0600][31.765s][info][gc,heap     ] GC(66) y:      Live:         -                 7M (1%)            7M (1%)            7M (1%)     
[2026-04-03T03:18:32.213+0600][31.765s][info][gc,heap     ] GC(66) y:   Garbage:         -               120M (12%)         108M (11%)          14M (1%)     
[2026-04-03T03:18:32.213+0600][31.765s][info][gc,heap     ] GC(66) y: Allocated:         -                16M (2%)           22M (2%)           47M (5%)     
[2026-04-03T03:18:32.213+0600][31.765s][info][gc,heap     ] GC(66) y: Reclaimed:         -                  -                12M (1%)          105M (11%)    
[2026-04-03T03:18:32.213+0600][31.765s][info][gc,heap     ] GC(66) y:  Promoted:         -                  -                 0M (0%)            0M (0%)     
[2026-04-03T03:18:32.213+0600][31.765s][info][gc,heap     ] GC(66) y: Compacted:         -                  -                  -                 6M (1%)     
[2026-04-03T03:18:32.213+0600][31.765s][info][gc,phases   ] GC(66) y: Young Generation 570M(57%)->512M(51%) 0.046s
[2026-04-03T03:18:32.213+0600][31.765s][info][gc          ] GC(66) Minor Collection (Allocation Rate) 570M(57%)->512M(51%) 0.047s
[2026-04-03T03:18:32.361+0600][31.913s][info][gc          ] GC(67) Minor Collection (Allocation Rate)
[2026-04-03T03:18:32.361+0600][31.913s][info][gc,task     ] GC(67) Using 2 Workers for Young Generation
[2026-04-03T03:18:32.361+0600][31.913s][info][gc,phases   ] GC(67) y: Young Generation
[2026-04-03T03:18:32.361+0600][31.913s][info][gc,phases   ] GC(67) y: Pause Mark Start 0.060ms
[2026-04-03T03:18:32.472+0600][32.024s][info][gc,phases   ] GC(67) y: Concurrent Mark 110.251ms
[2026-04-03T03:18:32.472+0600][32.024s][info][gc,phases   ] GC(67) y: Pause Mark End 0.039ms
[2026-04-03T03:18:32.472+0600][32.024s][info][gc,phases   ] GC(67) y: Concurrent Mark Free 0.004ms
[2026-04-03T03:18:32.472+0600][32.024s][info][gc,phases   ] GC(67) y: Concurrent Reset Relocation Set 0.010ms
[2026-04-03T03:18:32.476+0600][32.028s][info][gc,reloc    ] GC(67) y: Using tenuring threshold: 1 (Computed)
[2026-04-03T03:18:32.488+0600][32.040s][info][gc,phases   ] GC(67) y: Concurrent Select Relocation Set 15.667ms
[2026-04-03T03:18:32.488+0600][32.040s][info][gc,phases   ] GC(67) y: Pause Relocate Start 0.033ms
[2026-04-03T03:18:32.539+0600][32.091s][info][gc,phases   ] GC(67) y: Concurrent Relocate 50.114ms
[2026-04-03T03:18:32.539+0600][32.091s][info][gc,alloc    ] GC(67) y:                         Mark Start        Mark End      Relocate Start    Relocate End   
[2026-04-03T03:18:32.539+0600][32.091s][info][gc,alloc    ] GC(67) y: Allocation Stalls:          0                0                0                0         
[2026-04-03T03:18:32.539+0600][32.091s][info][gc,load     ] GC(67) y: Load: 4.39 (37%) / 4.96 (41%) / 5.49 (46%)
[2026-04-03T03:18:32.539+0600][32.091s][info][gc,mmu      ] GC(67) y: MMU: 2ms/90.5%, 5ms/96.2%, 10ms/98.1%, 20ms/98.7%, 50ms/99.5%, 100ms/99.6%
[2026-04-03T03:18:32.539+0600][32.091s][info][gc,marking  ] GC(67) y: Mark: 2 stripe(s), 2 proactive flush(es), 1 terminate flush(es), 0 completion(s), 0 continuation(s) 
[2026-04-03T03:18:32.539+0600][32.091s][info][gc,marking  ] GC(67) y: Mark Stack Usage: 32M
[2026-04-03T03:18:32.539+0600][32.091s][info][gc,nmethod  ] GC(67) y: NMethods: 5589 registered, 416 unregistered
[2026-04-03T03:18:32.539+0600][32.091s][info][gc,metaspace] GC(67) y: Metaspace: 68M used, 69M committed, 1088M reserved
[2026-04-03T03:18:32.539+0600][32.091s][info][gc,reloc    ] GC(67) y:                        Candidates     Selected     In-Place         Size        Empty    Relocated 
[2026-04-03T03:18:32.539+0600][32.091s][info][gc,reloc    ] GC(67) y: Small Pages:                   69           53            0         138M          10M          12M 
[2026-04-03T03:18:32.539+0600][32.091s][info][gc,reloc    ] GC(67) y: Medium Pages:                   2            0            0          32M          16M           0M 
[2026-04-03T03:18:32.539+0600][32.091s][info][gc,reloc    ] GC(67) y: Large Pages:                    2            0            0          10M           4M           0M 
[2026-04-03T03:18:32.539+0600][32.091s][info][gc,reloc    ] GC(67) y: Forwarding Usage: 10M
[2026-04-03T03:18:32.539+0600][32.091s][info][gc,reloc    ] GC(67) y: Age Table:
[2026-04-03T03:18:32.539+0600][32.091s][info][gc,reloc    ] GC(67) y:                    Live             Garbage             Small              Medium             Large        
[2026-04-03T03:18:32.539+0600][32.091s][info][gc,reloc    ] GC(67) y: Eden              20M (2%)          121M (12%)         58 / 47             1 / 0              2 / 0        
[2026-04-03T03:18:32.539+0600][32.091s][info][gc,reloc    ] GC(67) y: Survivor 1         5M (1%)           22M (2%)           6 / 2              1 / 0              0 / 0        
[2026-04-03T03:18:32.539+0600][32.091s][info][gc,reloc    ] GC(67) y: Survivor 2         0M (0%)            3M (0%)           2 / 1              0 / 0              0 / 0        
[2026-04-03T03:18:32.539+0600][32.091s][info][gc,reloc    ] GC(67) y: Survivor 3         0M (0%)            5M (1%)           3 / 3              0 / 0              0 / 0        
[2026-04-03T03:18:32.539+0600][32.091s][info][gc,heap     ] GC(67) y: Min Capacity: 8M(1%)
[2026-04-03T03:18:32.539+0600][32.091s][info][gc,heap     ] GC(67) y: Max Capacity: 1000M(100%)
[2026-04-03T03:18:32.539+0600][32.091s][info][gc,heap     ] GC(67) y: Soft Max Capacity: 1000M(100%)
[2026-04-03T03:18:32.539+0600][32.091s][info][gc,heap     ] GC(67) y: Heap Statistics:
[2026-04-03T03:18:32.539+0600][32.091s][info][gc,heap     ] GC(67) y:                Mark Start          Mark End        Relocate Start      Relocate End           High               Low         
[2026-04-03T03:18:32.539+0600][32.091s][info][gc,heap     ] GC(67) y:  Capacity:     1000M (100%)       1000M (100%)       1000M (100%)       1000M (100%)       1000M (100%)       1000M (100%)   
[2026-04-03T03:18:32.539+0600][32.091s][info][gc,heap     ] GC(67) y:      Free:      378M (38%)         268M (27%)         284M (28%)         340M (34%)         378M (38%)         264M (26%)    
[2026-04-03T03:18:32.539+0600][32.091s][info][gc,heap     ] GC(67) y:      Used:      622M (62%)         732M (73%)         716M (72%)         660M (66%)         736M (74%)         622M (62%)    
[2026-04-03T03:18:32.539+0600][32.091s][info][gc,heap     ] GC(67) y: Young Generation Statistics:
[2026-04-03T03:18:32.539+0600][32.091s][info][gc,heap     ] GC(67) y:                Mark Start          Mark End        Relocate Start      Relocate End    
[2026-04-03T03:18:32.539+0600][32.091s][info][gc,heap     ] GC(67) y:      Used:      180M (18%)         290M (29%)         270M (27%)         208M (21%)    
[2026-04-03T03:18:32.539+0600][32.091s][info][gc,heap     ] GC(67) y:      Live:         -                25M (3%)           22M (2%)           20M (2%)     
[2026-04-03T03:18:32.539+0600][32.091s][info][gc,heap     ] GC(67) y:   Garbage:         -               154M (15%)         123M (12%)          15M (2%)     
[2026-04-03T03:18:32.539+0600][32.091s][info][gc,heap     ] GC(67) y: Allocated:         -               110M (11%)         124M (12%)         172M (17%)    
[2026-04-03T03:18:32.539+0600][32.091s][info][gc,heap     ] GC(67) y: Reclaimed:         -                  -                30M (3%)          138M (14%)    
[2026-04-03T03:18:32.539+0600][32.092s][info][gc,heap     ] GC(67) y:  Promoted:         -                  -                 3M (0%)            5M (1%)     
[2026-04-03T03:18:32.539+0600][32.092s][info][gc,heap     ] GC(67) y: Compacted:         -                  -                  -                13M (1%)     
[2026-04-03T03:18:32.539+0600][32.092s][info][gc,phases   ] GC(67) y: Young Generation 622M(62%)->660M(66%) 0.178s
[2026-04-03T03:18:32.539+0600][32.092s][info][gc          ] GC(67) Minor Collection (Allocation Rate) 622M(62%)->662M(66%) 0.179s
[2026-04-03T03:18:32.540+0600][32.092s][info][gc          ] GC(68) Minor Collection (Allocation Rate)
[2026-04-03T03:18:32.540+0600][32.092s][info][gc,task     ] GC(68) Using 2 Workers for Young Generation
[2026-04-03T03:18:32.540+0600][32.092s][info][gc,phases   ] GC(68) y: Young Generation
[2026-04-03T03:18:32.540+0600][32.092s][info][gc,phases   ] GC(68) y: Pause Mark Start 0.041ms
[2026-04-03T03:18:32.707+0600][32.259s][info][gc,phases   ] GC(68) y: Concurrent Mark 166.519ms
[2026-04-03T03:18:32.707+0600][32.259s][info][gc,phases   ] GC(68) y: Pause Mark End 0.038ms
[2026-04-03T03:18:32.707+0600][32.260s][info][gc,phases   ] GC(68) y: Concurrent Mark Free 0.001ms
[2026-04-03T03:18:32.707+0600][32.260s][info][gc,phases   ] GC(68) y: Concurrent Reset Relocation Set 0.046ms
[2026-04-03T03:18:32.714+0600][32.266s][info][gc,reloc    ] GC(68) y: Using tenuring threshold: 1 (Computed)
[2026-04-03T03:18:32.734+0600][32.286s][info][gc,phases   ] GC(68) y: Concurrent Select Relocation Set 26.547ms
[2026-04-03T03:18:32.734+0600][32.286s][info][gc,phases   ] GC(68) y: Pause Relocate Start 0.027ms
[2026-04-03T03:18:32.793+0600][32.346s][info][gc,phases   ] GC(68) y: Concurrent Relocate 58.876ms
[2026-04-03T03:18:32.793+0600][32.346s][info][gc,alloc    ] GC(68) y:                         Mark Start        Mark End      Relocate Start    Relocate End   
[2026-04-03T03:18:32.793+0600][32.346s][info][gc,alloc    ] GC(68) y: Allocation Stalls:          0                0                0                0         
[2026-04-03T03:18:32.793+0600][32.346s][info][gc,load     ] GC(68) y: Load: 4.39 (37%) / 4.96 (41%) / 5.49 (46%)
[2026-04-03T03:18:32.793+0600][32.346s][info][gc,mmu      ] GC(68) y: MMU: 2ms/90.5%, 5ms/96.2%, 10ms/98.1%, 20ms/98.7%, 50ms/99.5%, 100ms/99.6%
[2026-04-03T03:18:32.793+0600][32.346s][info][gc,marking  ] GC(68) y: Mark: 2 stripe(s), 2 proactive flush(es), 1 terminate flush(es), 0 completion(s), 0 continuation(s) 
[2026-04-03T03:18:32.793+0600][32.346s][info][gc,marking  ] GC(68) y: Mark Stack Usage: 32M
[2026-04-03T03:18:32.793+0600][32.346s][info][gc,nmethod  ] GC(68) y: NMethods: 5595 registered, 416 unregistered
[2026-04-03T03:18:32.793+0600][32.346s][info][gc,metaspace] GC(68) y: Metaspace: 68M used, 69M committed, 1088M reserved
[2026-04-03T03:18:32.794+0600][32.346s][info][gc,reloc    ] GC(68) y:                        Candidates     Selected     In-Place         Size        Empty    Relocated 
[2026-04-03T03:18:32.794+0600][32.346s][info][gc,reloc    ] GC(68) y: Small Pages:                   86           75            0         172M           0M           7M 
[2026-04-03T03:18:32.794+0600][32.346s][info][gc,reloc    ] GC(68) y: Medium Pages:                   2            0            0          32M          16M           0M 
[2026-04-03T03:18:32.794+0600][32.346s][info][gc,reloc    ] GC(68) y: Large Pages:                    1            0            0           6M           0M           0M 
[2026-04-03T03:18:32.794+0600][32.346s][info][gc,reloc    ] GC(68) y: Forwarding Usage: 7M
[2026-04-03T03:18:32.794+0600][32.346s][info][gc,reloc    ] GC(68) y: Age Table:
[2026-04-03T03:18:32.794+0600][32.346s][info][gc,reloc    ] GC(68) y:                    Live             Garbage             Small              Medium             Large        
[2026-04-03T03:18:32.794+0600][32.346s][info][gc,reloc    ] GC(68) y: Eden               7M (1%)          158M (16%)         75 / 71             1 / 0              0 / 0        
[2026-04-03T03:18:32.794+0600][32.346s][info][gc,reloc    ] GC(68) y: Survivor 1        19M (2%)           24M (2%)          11 / 4              1 / 0              1 / 0        
[2026-04-03T03:18:32.794+0600][32.346s][info][gc,heap     ] GC(68) y: Min Capacity: 8M(1%)
[2026-04-03T03:18:32.794+0600][32.346s][info][gc,heap     ] GC(68) y: Max Capacity: 1000M(100%)
[2026-04-03T03:18:32.794+0600][32.346s][info][gc,heap     ] GC(68) y: Soft Max Capacity: 1000M(100%)
[2026-04-03T03:18:32.794+0600][32.346s][info][gc,heap     ] GC(68) y: Heap Statistics:
[2026-04-03T03:18:32.794+0600][32.346s][info][gc,heap     ] GC(68) y:                Mark Start          Mark End        Relocate Start      Relocate End           High               Low         
[2026-04-03T03:18:32.794+0600][32.346s][info][gc,heap     ] GC(68) y:  Capacity:     1000M (100%)       1000M (100%)       1000M (100%)       1000M (100%)       1000M (100%)       1000M (100%)   
[2026-04-03T03:18:32.794+0600][32.346s][info][gc,heap     ] GC(68) y:      Free:      338M (34%)         172M (17%)         164M (16%)         252M (25%)         338M (34%)         158M (16%)    
[2026-04-03T03:18:32.794+0600][32.346s][info][gc,heap     ] GC(68) y:      Used:      662M (66%)         828M (83%)         836M (84%)         748M (75%)         842M (84%)         662M (66%)    
[2026-04-03T03:18:32.794+0600][32.346s][info][gc,heap     ] GC(68) y: Young Generation Statistics:
[2026-04-03T03:18:32.794+0600][32.346s][info][gc,heap     ] GC(68) y:                Mark Start          Mark End        Relocate Start      Relocate End    
[2026-04-03T03:18:32.794+0600][32.346s][info][gc,heap     ] GC(68) y:      Used:      210M (21%)         376M (38%)         366M (37%)         274M (27%)    
[2026-04-03T03:18:32.794+0600][32.346s][info][gc,heap     ] GC(68) y:      Live:         -                26M (3%)            8M (1%)            7M (1%)     
[2026-04-03T03:18:32.794+0600][32.346s][info][gc,heap     ] GC(68) y:   Garbage:         -               183M (18%)         167M (17%)          15M (2%)     
[2026-04-03T03:18:32.794+0600][32.346s][info][gc,heap     ] GC(68) y: Allocated:         -               166M (17%)         190M (19%)         251M (25%)    
[2026-04-03T03:18:32.794+0600][32.346s][info][gc,heap     ] GC(68) y: Reclaimed:         -                  -                16M (2%)          168M (17%)    
[2026-04-03T03:18:32.794+0600][32.346s][info][gc,heap     ] GC(68) y:  Promoted:         -                  -                17M (2%)           19M (2%)     
[2026-04-03T03:18:32.794+0600][32.346s][info][gc,heap     ] GC(68) y: Compacted:         -                  -                  -                 6M (1%)     
[2026-04-03T03:18:32.794+0600][32.346s][info][gc,phases   ] GC(68) y: Young Generation 662M(66%)->748M(75%) 0.254s
[2026-04-03T03:18:32.794+0600][32.346s][info][gc          ] GC(68) Minor Collection (Allocation Rate) 662M(66%)->750M(75%) 0.254s
[2026-04-03T03:18:32.794+0600][32.346s][info][gc          ] GC(69) Minor Collection (Allocation Rate)
[2026-04-03T03:18:32.794+0600][32.346s][info][gc,task     ] GC(69) Using 2 Workers for Young Generation
[2026-04-03T03:18:32.794+0600][32.346s][info][gc,phases   ] GC(69) y: Young Generation
[2026-04-03T03:18:32.794+0600][32.347s][info][gc,phases   ] GC(69) y: Pause Mark Start 0.029ms
[2026-04-03T03:18:32.954+0600][32.506s][info][gc,phases   ] GC(69) y: Concurrent Mark 159.511ms
[2026-04-03T03:18:32.954+0600][32.507s][info][gc,phases   ] GC(69) y: Pause Mark End 0.037ms
[2026-04-03T03:18:32.955+0600][32.507s][info][gc,phases   ] GC(69) y: Concurrent Mark Free 0.002ms
[2026-04-03T03:18:32.955+0600][32.507s][info][gc,phases   ] GC(69) y: Concurrent Reset Relocation Set 0.046ms
[2026-04-03T03:18:32.962+0600][32.514s][info][gc,reloc    ] GC(69) y: Using tenuring threshold: 2 (Computed)
[2026-04-03T03:18:32.967+0600][32.519s][info][gc,phases   ] GC(69) y: Concurrent Select Relocation Set 12.514ms
[2026-04-03T03:18:32.968+0600][32.520s][info][gc,phases   ] GC(69) y: Pause Relocate Start 0.033ms
[2026-04-03T03:18:33.011+0600][32.563s][info][gc,phases   ] GC(69) y: Concurrent Relocate 43.231ms
[2026-04-03T03:18:33.011+0600][32.563s][info][gc,alloc    ] GC(69) y:                         Mark Start        Mark End      Relocate Start    Relocate End   
[2026-04-03T03:18:33.011+0600][32.563s][info][gc,alloc    ] GC(69) y: Allocation Stalls:          0                0                0                0         
[2026-04-03T03:18:33.011+0600][32.563s][info][gc,load     ] GC(69) y: Load: 4.39 (37%) / 4.96 (41%) / 5.49 (46%)
[2026-04-03T03:18:33.011+0600][32.563s][info][gc,mmu      ] GC(69) y: MMU: 2ms/90.5%, 5ms/96.2%, 10ms/98.1%, 20ms/98.7%, 50ms/99.5%, 100ms/99.6%
[2026-04-03T03:18:33.011+0600][32.563s][info][gc,marking  ] GC(69) y: Mark: 2 stripe(s), 2 proactive flush(es), 1 terminate flush(es), 0 completion(s), 0 continuation(s) 
[2026-04-03T03:18:33.011+0600][32.564s][info][gc,marking  ] GC(69) y: Mark Stack Usage: 32M
[2026-04-03T03:18:33.011+0600][32.564s][info][gc,nmethod  ] GC(69) y: NMethods: 5598 registered, 416 unregistered
[2026-04-03T03:18:33.011+0600][32.564s][info][gc,metaspace] GC(69) y: Metaspace: 68M used, 69M committed, 1088M reserved
[2026-04-03T03:18:33.011+0600][32.564s][info][gc,reloc    ] GC(69) y:                        Candidates     Selected     In-Place         Size        Empty    Relocated 
[2026-04-03T03:18:33.011+0600][32.564s][info][gc,reloc    ] GC(69) y: Small Pages:                  120          110            0         240M           0M          10M 
[2026-04-03T03:18:33.011+0600][32.564s][info][gc,reloc    ] GC(69) y: Medium Pages:                   2            0            0          32M          32M           0M 
[2026-04-03T03:18:33.011+0600][32.564s][info][gc,reloc    ] GC(69) y: Large Pages:                    1            0            0           4M           0M           0M 
[2026-04-03T03:18:33.011+0600][32.564s][info][gc,reloc    ] GC(69) y: Forwarding Usage: 10M
[2026-04-03T03:18:33.011+0600][32.564s][info][gc,reloc    ] GC(69) y: Age Table:
[2026-04-03T03:18:33.011+0600][32.564s][info][gc,reloc    ] GC(69) y:                    Live             Garbage             Small              Medium             Large        
[2026-04-03T03:18:33.011+0600][32.564s][info][gc,reloc    ] GC(69) y: Eden              14M (1%)          231M (23%)        113 / 106            1 / 0              1 / 0        
[2026-04-03T03:18:33.011+0600][32.564s][info][gc,reloc    ] GC(69) y: Survivor 1         5M (1%)           24M (2%)           7 / 4              1 / 0              0 / 0        
[2026-04-03T03:18:33.011+0600][32.564s][info][gc,heap     ] GC(69) y: Min Capacity: 8M(1%)
[2026-04-03T03:18:33.011+0600][32.564s][info][gc,heap     ] GC(69) y: Max Capacity: 1000M(100%)
[2026-04-03T03:18:33.011+0600][32.564s][info][gc,heap     ] GC(69) y: Soft Max Capacity: 1000M(100%)
[2026-04-03T03:18:33.011+0600][32.564s][info][gc,heap     ] GC(69) y: Heap Statistics:
[2026-04-03T03:18:33.011+0600][32.564s][info][gc,heap     ] GC(69) y:                Mark Start          Mark End        Relocate Start      Relocate End           High               Low         
[2026-04-03T03:18:33.012+0600][32.564s][info][gc,heap     ] GC(69) y:  Capacity:     1000M (100%)       1000M (100%)       1000M (100%)       1000M (100%)       1000M (100%)       1000M (100%)   
[2026-04-03T03:18:33.012+0600][32.564s][info][gc,heap     ] GC(69) y:      Free:      250M (25%)         102M (10%)         114M (11%)         296M (30%)         298M (30%)          86M (9%)     
[2026-04-03T03:18:33.012+0600][32.564s][info][gc,heap     ] GC(69) y:      Used:      750M (75%)         898M (90%)         886M (89%)         704M (70%)         914M (91%)         702M (70%)    
[2026-04-03T03:18:33.012+0600][32.564s][info][gc,heap     ] GC(69) y: Young Generation Statistics:
[2026-04-03T03:18:33.012+0600][32.564s][info][gc,heap     ] GC(69) y:                Mark Start          Mark End        Relocate Start      Relocate End    
[2026-04-03T03:18:33.012+0600][32.564s][info][gc,heap     ] GC(69) y:      Used:      276M (28%)         424M (42%)         412M (41%)         230M (23%)    
[2026-04-03T03:18:33.012+0600][32.564s][info][gc,heap     ] GC(69) y:      Live:         -                20M (2%)           20M (2%)           20M (2%)     
[2026-04-03T03:18:33.012+0600][32.564s][info][gc,heap     ] GC(69) y:   Garbage:         -               255M (26%)         223M (22%)           1M (0%)     
[2026-04-03T03:18:33.012+0600][32.564s][info][gc,heap     ] GC(69) y: Allocated:         -               148M (15%)         168M (17%)         208M (21%)    
[2026-04-03T03:18:33.012+0600][32.564s][info][gc,heap     ] GC(69) y: Reclaimed:         -                  -                32M (3%)          254M (25%)    
[2026-04-03T03:18:33.012+0600][32.564s][info][gc,heap     ] GC(69) y:  Promoted:         -                  -                 0M (0%)            0M (0%)     
[2026-04-03T03:18:33.012+0600][32.564s][info][gc,heap     ] GC(69) y: Compacted:         -                  -                  -                11M (1%)     
[2026-04-03T03:18:33.012+0600][32.564s][info][gc,phases   ] GC(69) y: Young Generation 750M(75%)->704M(70%) 0.217s
[2026-04-03T03:18:33.012+0600][32.564s][info][gc          ] GC(69) Minor Collection (Allocation Rate) 750M(75%)->704M(70%) 0.218s
[2026-04-03T03:18:33.012+0600][32.564s][info][gc          ] GC(70) Minor Collection (Allocation Rate)
[2026-04-03T03:18:33.012+0600][32.564s][info][gc,task     ] GC(70) Using 2 Workers for Young Generation
[2026-04-03T03:18:33.012+0600][32.564s][info][gc,phases   ] GC(70) y: Young Generation
[2026-04-03T03:18:33.012+0600][32.565s][info][gc,phases   ] GC(70) y: Pause Mark Start 0.033ms
[2026-04-03T03:18:33.252+0600][32.804s][info][gc,phases   ] GC(70) y: Concurrent Mark 239.467ms
[2026-04-03T03:18:33.252+0600][32.804s][info][gc,phases   ] GC(70) y: Pause Mark End 0.036ms
[2026-04-03T03:18:33.252+0600][32.805s][info][gc,phases   ] GC(70) y: Concurrent Mark Free 0.001ms
[2026-04-03T03:18:33.252+0600][32.805s][info][gc,phases   ] GC(70) y: Concurrent Reset Relocation Set 0.028ms
[2026-04-03T03:18:33.259+0600][32.811s][info][gc,reloc    ] GC(70) y: Using tenuring threshold: 3 (Computed)
[2026-04-03T03:18:33.261+0600][32.813s][info][gc,phases   ] GC(70) y: Concurrent Select Relocation Set 8.450ms
[2026-04-03T03:18:33.261+0600][32.814s][info][gc,phases   ] GC(70) y: Pause Relocate Start 0.028ms
[2026-04-03T03:18:33.296+0600][32.848s][info][gc,phases   ] GC(70) y: Concurrent Relocate 34.051ms
[2026-04-03T03:18:33.296+0600][32.848s][info][gc,alloc    ] GC(70) y:                         Mark Start        Mark End      Relocate Start    Relocate End   
[2026-04-03T03:18:33.296+0600][32.848s][info][gc,alloc    ] GC(70) y: Allocation Stalls:          0                0                0                0         
[2026-04-03T03:18:33.296+0600][32.848s][info][gc,load     ] GC(70) y: Load: 4.39 (37%) / 4.96 (41%) / 5.49 (46%)
[2026-04-03T03:18:33.296+0600][32.848s][info][gc,mmu      ] GC(70) y: MMU: 2ms/90.5%, 5ms/96.2%, 10ms/98.1%, 20ms/98.7%, 50ms/99.5%, 100ms/99.6%
[2026-04-03T03:18:33.296+0600][32.848s][info][gc,marking  ] GC(70) y: Mark: 2 stripe(s), 2 proactive flush(es), 1 terminate flush(es), 0 completion(s), 0 continuation(s) 
[2026-04-03T03:18:33.296+0600][32.848s][info][gc,marking  ] GC(70) y: Mark Stack Usage: 32M
[2026-04-03T03:18:33.296+0600][32.848s][info][gc,nmethod  ] GC(70) y: NMethods: 5599 registered, 416 unregistered
[2026-04-03T03:18:33.296+0600][32.848s][info][gc,metaspace] GC(70) y: Metaspace: 68M used, 69M committed, 1088M reserved
[2026-04-03T03:18:33.296+0600][32.848s][info][gc,reloc    ] GC(70) y:                        Candidates     Selected     In-Place         Size        Empty    Relocated 
[2026-04-03T03:18:33.296+0600][32.848s][info][gc,reloc    ] GC(70) y: Small Pages:                  103           90            0         206M           0M           9M 
[2026-04-03T03:18:33.296+0600][32.848s][info][gc,reloc    ] GC(70) y: Medium Pages:                   0            0            0           0M           0M           0M 
[2026-04-03T03:18:33.296+0600][32.848s][info][gc,reloc    ] GC(70) y: Large Pages:                    3            0            0          24M           0M           0M 
[2026-04-03T03:18:33.296+0600][32.848s][info][gc,reloc    ] GC(70) y: Forwarding Usage: 9M
[2026-04-03T03:18:33.296+0600][32.848s][info][gc,reloc    ] GC(70) y: Age Table:
[2026-04-03T03:18:33.296+0600][32.848s][info][gc,reloc    ] GC(70) y:                    Live             Garbage             Small              Medium             Large        
[2026-04-03T03:18:33.296+0600][32.848s][info][gc,reloc    ] GC(70) y: Eden              27M (3%)          164M (16%)         86 / 83             0 / 0              2 / 0        
[2026-04-03T03:18:33.296+0600][32.848s][info][gc,reloc    ] GC(70) y: Survivor 1        13M (1%)            8M (1%)           9 / 4              0 / 0              1 / 0        
[2026-04-03T03:18:33.296+0600][32.848s][info][gc,reloc    ] GC(70) y: Survivor 2         5M (1%)           10M (1%)           8 / 3              0 / 0              0 / 0        
[2026-04-03T03:18:33.296+0600][32.848s][info][gc,heap     ] GC(70) y: Min Capacity: 8M(1%)
[2026-04-03T03:18:33.296+0600][32.848s][info][gc,heap     ] GC(70) y: Max Capacity: 1000M(100%)
[2026-04-03T03:18:33.296+0600][32.848s][info][gc,heap     ] GC(70) y: Soft Max Capacity: 1000M(100%)
[2026-04-03T03:18:33.296+0600][32.848s][info][gc,heap     ] GC(70) y: Heap Statistics:
[2026-04-03T03:18:33.296+0600][32.848s][info][gc,heap     ] GC(70) y:                Mark Start          Mark End        Relocate Start      Relocate End           High               Low         
[2026-04-03T03:18:33.296+0600][32.848s][info][gc,heap     ] GC(70) y:  Capacity:     1000M (100%)       1000M (100%)       1000M (100%)       1000M (100%)       1000M (100%)       1000M (100%)   
[2026-04-03T03:18:33.296+0600][32.848s][info][gc,heap     ] GC(70) y:      Free:      296M (30%)          76M (8%)           68M (7%)          196M (20%)         296M (30%)          56M (6%)     
[2026-04-03T03:18:33.296+0600][32.848s][info][gc,heap     ] GC(70) y:      Used:      704M (70%)         924M (92%)         932M (93%)         804M (80%)         944M (94%)         704M (70%)    
[2026-04-03T03:18:33.296+0600][32.848s][info][gc,heap     ] GC(70) y: Young Generation Statistics:
[2026-04-03T03:18:33.296+0600][32.848s][info][gc,heap     ] GC(70) y:                Mark Start          Mark End        Relocate Start      Relocate End    
[2026-04-03T03:18:33.296+0600][32.848s][info][gc,heap     ] GC(70) y:      Used:      230M (23%)         450M (45%)         458M (46%)         330M (33%)    
[2026-04-03T03:18:33.296+0600][32.848s][info][gc,heap     ] GC(70) y:      Live:         -                46M (5%)           46M (5%)           46M (5%)     
[2026-04-03T03:18:33.296+0600][32.848s][info][gc,heap     ] GC(70) y:   Garbage:         -               183M (18%)         183M (18%)           2M (0%)     
[2026-04-03T03:18:33.296+0600][32.848s][info][gc,heap     ] GC(70) y: Allocated:         -               220M (22%)         228M (23%)         281M (28%)    
[2026-04-03T03:18:33.296+0600][32.848s][info][gc,heap     ] GC(70) y: Reclaimed:         -                  -                 0M (0%)          181M (18%)    
[2026-04-03T03:18:33.296+0600][32.848s][info][gc,heap     ] GC(70) y:  Promoted:         -                  -                 0M (0%)            0M (0%)     
[2026-04-03T03:18:33.296+0600][32.848s][info][gc,heap     ] GC(70) y: Compacted:         -                  -                  -                10M (1%)     
[2026-04-03T03:18:33.296+0600][32.848s][info][gc,phases   ] GC(70) y: Young Generation 704M(70%)->804M(80%) 0.284s
[2026-04-03T03:18:33.296+0600][32.848s][info][gc          ] GC(70) Minor Collection (Allocation Rate) 704M(70%)->806M(81%) 0.284s
[2026-04-03T03:18:33.296+0600][32.849s][info][gc          ] GC(71) Minor Collection (Allocation Rate)
[2026-04-03T03:18:33.296+0600][32.849s][info][gc,task     ] GC(71) Using 2 Workers for Young Generation
[2026-04-03T03:18:33.296+0600][32.849s][info][gc,phases   ] GC(71) y: Young Generation
[2026-04-03T03:18:33.297+0600][32.849s][info][gc,phases   ] GC(71) y: Pause Mark Start 0.066ms
[2026-04-03T03:18:33.358+0600][32.910s][info][gc,phases   ] GC(65) O: Concurrent Mark 1411.130ms
[2026-04-03T03:18:33.358+0600][32.910s][info][gc,phases   ] GC(65) O: Pause Mark End 0.095ms
[2026-04-03T03:18:33.358+0600][32.910s][info][gc,phases   ] GC(65) O: Concurrent Mark Free 0.003ms
[2026-04-03T03:18:33.382+0600][32.935s][info][gc,phases   ] GC(65) O: Concurrent Process Non-Strong 24.044ms
[2026-04-03T03:18:33.382+0600][32.935s][info][gc,phases   ] GC(65) O: Concurrent Reset Relocation Set 0.013ms
[2026-04-03T03:18:33.398+0600][32.950s][info][gc,phases   ] GC(65) O: Concurrent Select Relocation Set 15.359ms
[2026-04-03T03:18:33.592+0600][33.144s][info][gc,task     ] Adjusting Workers for Old Generation: 1 -> 3
[2026-04-03T03:18:33.592+0600][33.144s][info][gc,task     ] Adjusting Workers for Young Generation: 2 -> 3
[2026-04-03T03:18:33.602+0600][33.154s][info][gc,phases   ] GC(71) y: Concurrent Mark 304.400ms
[2026-04-03T03:18:33.602+0600][33.154s][info][gc,phases   ] GC(71) y: Pause Mark End 0.023ms
[2026-04-03T03:18:33.602+0600][33.154s][info][gc,phases   ] GC(71) y: Concurrent Mark Free 0.001ms
[2026-04-03T03:18:33.602+0600][33.154s][info][gc,phases   ] GC(71) y: Concurrent Reset Relocation Set 0.042ms
[2026-04-03T03:18:33.604+0600][33.157s][info][gc,reloc    ] GC(71) y: Using tenuring threshold: 1 (Computed)
[2026-04-03T03:18:33.604+0600][33.157s][info][gc          ] Allocation Stall (Executor task launch worker for task 1.0 in stage 2.0 (TID 7)) 20.287ms
[2026-04-03T03:18:33.604+0600][33.157s][info][gc          ] Allocation Stall (Executor task launch worker for task 2.0 in stage 2.0 (TID 8)) 16.056ms
[2026-04-03T03:18:33.623+0600][33.175s][info][gc,phases   ] GC(71) y: Concurrent Select Relocation Set 20.547ms
[2026-04-03T03:18:33.623+0600][33.175s][info][gc,phases   ] GC(71) y: Pause Relocate Start 0.021ms
[2026-04-03T03:18:33.623+0600][33.175s][info][gc          ] Allocation Stall (Executor task launch worker for task 2.0 in stage 2.0 (TID 8)) 11.604ms
[2026-04-03T03:18:33.623+0600][33.176s][info][gc          ] Allocation Stall (Executor task launch worker for task 1.0 in stage 2.0 (TID 7)) 11.580ms
[2026-04-03T03:18:33.624+0600][33.176s][info][gc          ] Relocation Stall (Executor task launch worker for task 0.0 in stage 2.0 (TID 6)) 0.964ms
[2026-04-03T03:18:33.624+0600][33.177s][info][gc          ] Allocation Stall (Executor task launch worker for task 0.0 in stage 2.0 (TID 6)) 35.433ms
[2026-04-03T03:18:33.719+0600][33.271s][info][gc,phases   ] GC(71) y: Concurrent Relocate 95.589ms
[2026-04-03T03:18:33.719+0600][33.271s][info][gc,alloc    ] GC(71) y:                         Mark Start        Mark End      Relocate Start    Relocate End   
[2026-04-03T03:18:33.719+0600][33.271s][info][gc,alloc    ] GC(71) y: Allocation Stalls:          0                3                3                0         
[2026-04-03T03:18:33.719+0600][33.271s][info][gc,load     ] GC(71) y: Load: 4.39 (37%) / 4.96 (41%) / 5.49 (46%)
[2026-04-03T03:18:33.719+0600][33.271s][info][gc,mmu      ] GC(71) y: MMU: 2ms/90.5%, 5ms/96.2%, 10ms/98.1%, 20ms/98.7%, 50ms/99.5%, 100ms/99.6%
[2026-04-03T03:18:33.719+0600][33.271s][info][gc,marking  ] GC(71) y: Mark: 2 stripe(s), 2 proactive flush(es), 1 terminate flush(es), 0 completion(s), 0 continuation(s) 
[2026-04-03T03:18:33.719+0600][33.271s][info][gc,marking  ] GC(71) y: Mark Stack Usage: 32M
[2026-04-03T03:18:33.719+0600][33.271s][info][gc,nmethod  ] GC(71) y: NMethods: 5586 registered, 433 unregistered
[2026-04-03T03:18:33.719+0600][33.271s][info][gc,metaspace] GC(71) y: Metaspace: 68M used, 69M committed, 1088M reserved
[2026-04-03T03:18:33.719+0600][33.271s][info][gc,reloc    ] GC(71) y:                        Candidates     Selected     In-Place         Size        Empty    Relocated 
[2026-04-03T03:18:33.719+0600][33.271s][info][gc,reloc    ] GC(71) y: Small Pages:                  151          132            6         302M           0M          13M 
[2026-04-03T03:18:33.719+0600][33.271s][info][gc,reloc    ] GC(71) y: Medium Pages:                   0            0            0           0M           0M           0M 
[2026-04-03T03:18:33.719+0600][33.271s][info][gc,reloc    ] GC(71) y: Large Pages:                    4            0            0          30M           4M           0M 
[2026-04-03T03:18:33.719+0600][33.271s][info][gc,reloc    ] GC(71) y: Forwarding Usage: 14M
[2026-04-03T03:18:33.719+0600][33.271s][info][gc,reloc    ] GC(71) y: Age Table:
[2026-04-03T03:18:33.719+0600][33.271s][info][gc,reloc    ] GC(71) y:                    Live             Garbage             Small              Medium             Large        
[2026-04-03T03:18:33.719+0600][33.271s][info][gc,reloc    ] GC(71) y: Eden              17M (2%)          242M (24%)        127 / 121            0 / 0              1 / 0        
[2026-04-03T03:18:33.719+0600][33.271s][info][gc,reloc    ] GC(71) y: Survivor 1        26M (3%)            7M (1%)           7 / 3              0 / 0              2 / 0        
[2026-04-03T03:18:33.719+0600][33.271s][info][gc,reloc    ] GC(71) y: Survivor 2         9M (1%)           12M (1%)           9 / 5              0 / 0              1 / 0        
[2026-04-03T03:18:33.719+0600][33.271s][info][gc,reloc    ] GC(71) y: Survivor 3         5M (1%)           10M (1%)           8 / 3              0 / 0              0 / 0        
[2026-04-03T03:18:33.719+0600][33.271s][info][gc,heap     ] GC(71) y: Min Capacity: 8M(1%)
[2026-04-03T03:18:33.719+0600][33.271s][info][gc,heap     ] GC(71) y: Max Capacity: 1000M(100%)
[2026-04-03T03:18:33.719+0600][33.271s][info][gc,heap     ] GC(71) y: Soft Max Capacity: 1000M(100%)
[2026-04-03T03:18:33.719+0600][33.271s][info][gc,heap     ] GC(71) y: Heap Statistics:
[2026-04-03T03:18:33.719+0600][33.271s][info][gc,heap     ] GC(71) y:                Mark Start          Mark End        Relocate Start      Relocate End           High               Low         
[2026-04-03T03:18:33.719+0600][33.271s][info][gc,heap     ] GC(71) y:  Capacity:     1000M (100%)       1000M (100%)       1000M (100%)       1000M (100%)       1000M (100%)       1000M (100%)   
[2026-04-03T03:18:33.719+0600][33.271s][info][gc,heap     ] GC(71) y:      Free:      194M (19%)           0M (0%)            0M (0%)          158M (16%)         230M (23%)           0M (0%)     
[2026-04-03T03:18:33.719+0600][33.271s][info][gc,heap     ] GC(71) y:      Used:      806M (81%)        1000M (100%)       1000M (100%)        842M (84%)        1000M (100%)        770M (77%)    
[2026-04-03T03:18:33.719+0600][33.271s][info][gc,heap     ] GC(71) y: Young Generation Statistics:
[2026-04-03T03:18:33.719+0600][33.271s][info][gc,heap     ] GC(71) y:                Mark Start          Mark End        Relocate Start      Relocate End    
[2026-04-03T03:18:33.719+0600][33.271s][info][gc,heap     ] GC(71) y:      Used:      332M (33%)         592M (59%)         552M (55%)         380M (38%)    
[2026-04-03T03:18:33.719+0600][33.271s][info][gc,heap     ] GC(71) y:      Live:         -                59M (6%)           21M (2%)           17M (2%)     
[2026-04-03T03:18:33.719+0600][33.271s][info][gc,heap     ] GC(71) y:   Garbage:         -               272M (27%)         266M (27%)           0M (0%)     
[2026-04-03T03:18:33.719+0600][33.271s][info][gc,heap     ] GC(71) y: Allocated:         -               260M (26%)         264M (26%)         362M (36%)    
[2026-04-03T03:18:33.719+0600][33.271s][info][gc,heap     ] GC(71) y: Reclaimed:         -                  -                 6M (1%)          272M (27%)    
[2026-04-03T03:18:33.719+0600][33.271s][info][gc,heap     ] GC(71) y:  Promoted:         -                  -                37M (4%)           41M (4%)     
[2026-04-03T03:18:33.719+0600][33.271s][info][gc,heap     ] GC(71) y: Compacted:         -                  -                  -                11M (1%)     
[2026-04-03T03:18:33.719+0600][33.271s][info][gc,phases   ] GC(71) y: Young Generation 806M(81%)->842M(84%) 0.422s
[2026-04-03T03:18:33.719+0600][33.271s][info][gc          ] GC(71) Minor Collection (Allocation Rate) 806M(81%)->842M(84%) 0.423s
[2026-04-03T03:18:33.719+0600][33.272s][info][gc,task     ] GC(65) O: Using 3 Workers for Old Generation
[2026-04-03T03:18:33.766+0600][33.318s][info][gc,task     ] GC(65) O: Using 1 Workers for Old Generation
[2026-04-03T03:18:33.766+0600][33.318s][info][gc,phases   ] GC(65) O: Concurrent Remap Roots 46.630ms
[2026-04-03T03:18:33.766+0600][33.318s][info][gc,phases   ] GC(65) O: Pause Relocate Start 0.056ms
[2026-04-03T03:18:33.767+0600][33.319s][info][gc          ] GC(72) Minor Collection (Allocation Rate)
[2026-04-03T03:18:33.767+0600][33.319s][info][gc,task     ] GC(72) Using 2 Workers for Young Generation
[2026-04-03T03:18:33.767+0600][33.319s][info][gc,phases   ] GC(72) y: Young Generation
[2026-04-03T03:18:33.767+0600][33.319s][info][gc,phases   ] GC(72) y: Pause Mark Start 0.015ms
[2026-04-03T03:18:33.811+0600][33.363s][info][gc,phases   ] GC(65) O: Concurrent Relocate 44.056ms
[2026-04-03T03:18:33.812+0600][33.364s][info][gc,task     ] Adjusting Workers for Young Generation: 2 -> 3
[2026-04-03T03:18:33.968+0600][33.520s][info][gc,phases   ] GC(72) y: Concurrent Mark 200.910ms
[2026-04-03T03:18:33.968+0600][33.520s][info][gc,phases   ] GC(72) y: Pause Mark End 0.025ms
[2026-04-03T03:18:33.968+0600][33.520s][info][gc,phases   ] GC(72) y: Concurrent Mark Free 0.001ms
[2026-04-03T03:18:33.968+0600][33.520s][info][gc,phases   ] GC(72) y: Concurrent Reset Relocation Set 0.041ms
[2026-04-03T03:18:33.970+0600][33.522s][info][gc,reloc    ] GC(72) y: Using tenuring threshold: 2 (Computed)
[2026-04-03T03:18:33.972+0600][33.524s][info][gc,phases   ] GC(72) y: Concurrent Select Relocation Set 3.892ms
[2026-04-03T03:18:33.972+0600][33.524s][info][gc,phases   ] GC(72) y: Pause Relocate Start 0.016ms
[2026-04-03T03:18:33.973+0600][33.525s][info][gc          ] Allocation Stall (Executor task launch worker for task 1.0 in stage 2.0 (TID 7)) 24.870ms
[2026-04-03T03:18:33.973+0600][33.525s][info][gc          ] Allocation Stall (Executor task launch worker for task 0.0 in stage 2.0 (TID 6)) 23.658ms
[2026-04-03T03:18:33.973+0600][33.525s][info][gc          ] Allocation Stall (Executor task launch worker for task 2.0 in stage 2.0 (TID 8)) 17.073ms
[2026-04-03T03:18:34.006+0600][33.558s][info][gc,phases   ] GC(72) y: Concurrent Relocate 33.685ms
[2026-04-03T03:18:34.006+0600][33.558s][info][gc,alloc    ] GC(72) y:                         Mark Start        Mark End      Relocate Start    Relocate End   
[2026-04-03T03:18:34.006+0600][33.558s][info][gc,alloc    ] GC(72) y: Allocation Stalls:          0                3                3                0         
[2026-04-03T03:18:34.006+0600][33.558s][info][gc,load     ] GC(72) y: Load: 4.39 (37%) / 4.96 (41%) / 5.49 (46%)
[2026-04-03T03:18:34.006+0600][33.558s][info][gc,mmu      ] GC(72) y: MMU: 2ms/90.5%, 5ms/96.2%, 10ms/98.1%, 20ms/98.7%, 50ms/99.5%, 100ms/99.6%
[2026-04-03T03:18:34.006+0600][33.558s][info][gc,marking  ] GC(72) y: Mark: 2 stripe(s), 2 proactive flush(es), 1 terminate flush(es), 0 completion(s), 0 continuation(s) 
[2026-04-03T03:18:34.006+0600][33.558s][info][gc,marking  ] GC(72) y: Mark Stack Usage: 32M
[2026-04-03T03:18:34.006+0600][33.558s][info][gc,nmethod  ] GC(72) y: NMethods: 5586 registered, 433 unregistered
[2026-04-03T03:18:34.006+0600][33.558s][info][gc,metaspace] GC(72) y: Metaspace: 68M used, 69M committed, 1088M reserved
[2026-04-03T03:18:34.006+0600][33.558s][info][gc,reloc    ] GC(72) y:                        Candidates     Selected     In-Place         Size        Empty    Relocated 
[2026-04-03T03:18:34.006+0600][33.558s][info][gc,reloc    ] GC(72) y: Small Pages:                  211          196            5         422M           0M          16M 
[2026-04-03T03:18:34.006+0600][33.558s][info][gc,reloc    ] GC(72) y: Medium Pages:                   0            0            0           0M           0M           0M 
[2026-04-03T03:18:34.006+0600][33.558s][info][gc,reloc    ] GC(72) y: Large Pages:                    1            0            0           6M           0M           0M 
[2026-04-03T03:18:34.006+0600][33.558s][info][gc,reloc    ] GC(72) y: Forwarding Usage: 15M
[2026-04-03T03:18:34.006+0600][33.558s][info][gc,reloc    ] GC(72) y: Age Table:
[2026-04-03T03:18:34.006+0600][33.558s][info][gc,reloc    ] GC(72) y:                    Live             Garbage             Small              Medium             Large        
[2026-04-03T03:18:34.006+0600][33.558s][info][gc,reloc    ] GC(72) y: Eden              15M (2%)          388M (39%)        202 / 192            0 / 0              0 / 0        
[2026-04-03T03:18:34.006+0600][33.558s][info][gc,reloc    ] GC(72) y: Survivor 1        15M (2%)            8M (1%)           9 / 4              0 / 0              1 / 0        
[2026-04-03T03:18:34.006+0600][33.558s][info][gc,heap     ] GC(72) y: Min Capacity: 8M(1%)
[2026-04-03T03:18:34.006+0600][33.558s][info][gc,heap     ] GC(72) y: Max Capacity: 1000M(100%)
[2026-04-03T03:18:34.006+0600][33.558s][info][gc,heap     ] GC(72) y: Soft Max Capacity: 1000M(100%)
[2026-04-03T03:18:34.006+0600][33.558s][info][gc,heap     ] GC(72) y: Heap Statistics:
[2026-04-03T03:18:34.006+0600][33.559s][info][gc,heap     ] GC(72) y:                Mark Start          Mark End        Relocate Start      Relocate End           High               Low         
[2026-04-03T03:18:34.006+0600][33.559s][info][gc,heap     ] GC(72) y:  Capacity:     1000M (100%)       1000M (100%)       1000M (100%)       1000M (100%)       1000M (100%)       1000M (100%)   
[2026-04-03T03:18:34.006+0600][33.559s][info][gc,heap     ] GC(72) y:      Free:      110M (11%)           0M (0%)            0M (0%)          350M (35%)         352M (35%)           0M (0%)     
[2026-04-03T03:18:34.006+0600][33.559s][info][gc,heap     ] GC(72) y:      Used:      890M (89%)        1000M (100%)       1000M (100%)        650M (65%)        1000M (100%)        648M (65%)    
[2026-04-03T03:18:34.006+0600][33.559s][info][gc,heap     ] GC(72) y: Young Generation Statistics:
[2026-04-03T03:18:34.006+0600][33.559s][info][gc,heap     ] GC(72) y:                Mark Start          Mark End        Relocate Start      Relocate End    
[2026-04-03T03:18:34.006+0600][33.559s][info][gc,heap     ] GC(72) y:      Used:      428M (43%)         572M (57%)         572M (57%)         222M (22%)    
[2026-04-03T03:18:34.006+0600][33.559s][info][gc,heap     ] GC(72) y:      Live:         -                31M (3%)           31M (3%)           31M (3%)     
[2026-04-03T03:18:34.006+0600][33.559s][info][gc,heap     ] GC(72) y:   Garbage:         -               396M (40%)         396M (40%)           1M (0%)     
[2026-04-03T03:18:34.006+0600][33.559s][info][gc,heap     ] GC(72) y: Allocated:         -               144M (14%)         144M (14%)         188M (19%)    
[2026-04-03T03:18:34.006+0600][33.559s][info][gc,heap     ] GC(72) y: Reclaimed:         -                  -                 0M (0%)          394M (39%)    
[2026-04-03T03:18:34.006+0600][33.559s][info][gc,heap     ] GC(72) y:  Promoted:         -                  -                 0M (0%)            0M (0%)     
[2026-04-03T03:18:34.006+0600][33.559s][info][gc,heap     ] GC(72) y: Compacted:         -                  -                  -                17M (2%)     
[2026-04-03T03:18:34.006+0600][33.559s][info][gc,phases   ] GC(72) y: Young Generation 890M(89%)->650M(65%) 0.239s
[2026-04-03T03:18:34.006+0600][33.559s][info][gc          ] GC(72) Minor Collection (Allocation Rate) 890M(89%)->650M(65%) 0.240s
[2026-04-03T03:18:34.007+0600][33.559s][info][gc,alloc    ] GC(65) O:                         Mark Start        Mark End      Relocate Start    Relocate End   
[2026-04-03T03:18:34.007+0600][33.559s][info][gc,alloc    ] GC(65) O: Allocation Stalls:          0                0                0                0         
[2026-04-03T03:18:34.007+0600][33.559s][info][gc,load     ] GC(65) O: Load: 4.39 (37%) / 4.96 (41%) / 5.49 (46%)
[2026-04-03T03:18:34.007+0600][33.559s][info][gc,mmu      ] GC(65) O: MMU: 2ms/90.5%, 5ms/96.2%, 10ms/98.1%, 20ms/98.7%, 50ms/99.5%, 100ms/99.6%
[2026-04-03T03:18:34.007+0600][33.559s][info][gc,marking  ] GC(65) O: Mark: 2 stripe(s), 2 proactive flush(es), 1 terminate flush(es), 0 completion(s), 0 continuation(s) 
[2026-04-03T03:18:34.007+0600][33.559s][info][gc,marking  ] GC(65) O: Mark Stack Usage: 32M
[2026-04-03T03:18:34.007+0600][33.559s][info][gc,nmethod  ] GC(65) O: NMethods: 5586 registered, 433 unregistered
[2026-04-03T03:18:34.007+0600][33.559s][info][gc,metaspace] GC(65) O: Metaspace: 68M used, 69M committed, 1088M reserved
[2026-04-03T03:18:34.007+0600][33.559s][info][gc,ref      ] GC(65) O:                       Encountered   Discovered     Enqueued 
[2026-04-03T03:18:34.007+0600][33.559s][info][gc,ref      ] GC(65) O: Soft References:             4954            0            0 
[2026-04-03T03:18:34.007+0600][33.559s][info][gc,ref      ] GC(65) O: Weak References:             6180         1847            8 
[2026-04-03T03:18:34.007+0600][33.559s][info][gc,ref      ] GC(65) O: Final References:              82           80            0 
[2026-04-03T03:18:34.007+0600][33.559s][info][gc,ref      ] GC(65) O: Phantom References:           605          588            0 
[2026-04-03T03:18:34.007+0600][33.559s][info][gc,reloc    ] GC(65) O:                        Candidates     Selected     In-Place         Size        Empty    Relocated 
[2026-04-03T03:18:34.007+0600][33.559s][info][gc,reloc    ] GC(65) O: Small Pages:                  161           19            0         322M           8M          10M 
[2026-04-03T03:18:34.007+0600][33.559s][info][gc,reloc    ] GC(65) O: Medium Pages:                   2            0            0          32M          16M           0M 
[2026-04-03T03:18:34.007+0600][33.559s][info][gc,reloc    ] GC(65) O: Large Pages:                   11            0            0          88M          42M           0M 
[2026-04-03T03:18:34.007+0600][33.559s][info][gc,reloc    ] GC(65) O: Forwarding Usage: 15M
[2026-04-03T03:18:34.007+0600][33.559s][info][gc,heap     ] GC(65) O: Min Capacity: 8M(1%)
[2026-04-03T03:18:34.007+0600][33.559s][info][gc,heap     ] GC(65) O: Max Capacity: 1000M(100%)
[2026-04-03T03:18:34.007+0600][33.559s][info][gc,heap     ] GC(65) O: Soft Max Capacity: 1000M(100%)
[2026-04-03T03:18:34.007+0600][33.559s][info][gc,heap     ] GC(65) O: Heap Statistics:
[2026-04-03T03:18:34.007+0600][33.559s][info][gc,heap     ] GC(65) O:                Mark Start          Mark End        Relocate Start      Relocate End           High               Low         
[2026-04-03T03:18:34.007+0600][33.559s][info][gc,heap     ] GC(65) O:  Capacity:     1000M (100%)       1000M (100%)       1000M (100%)       1000M (100%)       1000M (100%)       1000M (100%)   
[2026-04-03T03:18:34.007+0600][33.559s][info][gc,heap     ] GC(65) O:      Free:      504M (50%)         134M (13%)         110M (11%)         110M (11%)         538M (54%)           0M (0%)     
[2026-04-03T03:18:34.007+0600][33.559s][info][gc,heap     ] GC(65) O:      Used:      496M (50%)         866M (87%)         890M (89%)         890M (89%)        1000M (100%)        462M (46%)    
[2026-04-03T03:18:34.007+0600][33.559s][info][gc,heap     ] GC(65) O: Old Generation Statistics:
[2026-04-03T03:18:34.007+0600][33.559s][info][gc,heap     ] GC(65) O:                Mark Start          Mark End        Relocate Start      Relocate End    
[2026-04-03T03:18:34.007+0600][33.559s][info][gc,heap     ] GC(65) O:      Used:      442M (44%)         474M (47%)         462M (46%)         428M (43%)    
[2026-04-03T03:18:34.007+0600][33.559s][info][gc,heap     ] GC(65) O:      Live:         -               322M (32%)         322M (32%)         322M (32%)    
[2026-04-03T03:18:34.007+0600][33.559s][info][gc,heap     ] GC(65) O:   Garbage:         -               119M (12%)          53M (5%)           11M (1%)     
[2026-04-03T03:18:34.007+0600][33.559s][info][gc,heap     ] GC(65) O: Allocated:         -                32M (3%)           86M (9%)           94M (9%)     
[2026-04-03T03:18:34.007+0600][33.559s][info][gc,heap     ] GC(65) O: Reclaimed:         -                  -                66M (7%)          108M (11%)    
[2026-04-03T03:18:34.007+0600][33.559s][info][gc,heap     ] GC(65) O: Compacted:         -                  -                  -                27M (3%)     
[2026-04-03T03:18:34.007+0600][33.559s][info][gc,phases   ] GC(65) O: Old Generation 462M(46%)->890M(89%) 2.060s
[2026-04-03T03:18:34.007+0600][33.559s][info][gc          ] GC(65) Major Collection (Allocation Rate) 496M(50%)->652M(65%) 2.081s
[2026-04-03T03:18:34.013+0600][33.565s][info][gc          ] GC(73) Minor Collection (Allocation Rate)
[2026-04-03T03:18:34.013+0600][33.565s][info][gc,task     ] GC(73) Using 3 Workers for Young Generation
[2026-04-03T03:18:34.013+0600][33.565s][info][gc,phases   ] GC(73) y: Young Generation
[2026-04-03T03:18:34.013+0600][33.565s][info][gc,phases   ] GC(73) y: Pause Mark Start 0.021ms
[2026-04-03T03:18:34.223+0600][33.775s][info][gc,phases   ] GC(73) y: Concurrent Mark 209.736ms
[2026-04-03T03:18:34.223+0600][33.776s][info][gc,phases   ] GC(73) y: Pause Mark End 0.032ms
[2026-04-03T03:18:34.224+0600][33.776s][info][gc,phases   ] GC(73) y: Concurrent Mark Free 0.003ms
[2026-04-03T03:18:34.224+0600][33.776s][info][gc,phases   ] GC(73) y: Concurrent Reset Relocation Set 0.037ms
[2026-04-03T03:18:34.226+0600][33.778s][info][gc,reloc    ] GC(73) y: Using tenuring threshold: 2 (Computed)
[2026-04-03T03:18:34.236+0600][33.788s][info][gc,phases   ] GC(73) y: Concurrent Select Relocation Set 12.354ms
[2026-04-03T03:18:34.237+0600][33.789s][info][gc,phases   ] GC(73) y: Pause Relocate Start 0.054ms
[2026-04-03T03:18:34.265+0600][33.817s][info][gc,phases   ] GC(73) y: Concurrent Relocate 28.472ms
[2026-04-03T03:18:34.265+0600][33.817s][info][gc,alloc    ] GC(73) y:                         Mark Start        Mark End      Relocate Start    Relocate End   
[2026-04-03T03:18:34.265+0600][33.817s][info][gc,alloc    ] GC(73) y: Allocation Stalls:          0                0                0                0         
[2026-04-03T03:18:34.265+0600][33.818s][info][gc,load     ] GC(73) y: Load: 4.39 (37%) / 4.96 (41%) / 5.49 (46%)
[2026-04-03T03:18:34.265+0600][33.818s][info][gc,mmu      ] GC(73) y: MMU: 2ms/90.5%, 5ms/96.2%, 10ms/98.1%, 20ms/98.7%, 50ms/99.5%, 100ms/99.6%
[2026-04-03T03:18:34.265+0600][33.818s][info][gc,marking  ] GC(73) y: Mark: 2 stripe(s), 2 proactive flush(es), 1 terminate flush(es), 0 completion(s), 0 continuation(s) 
[2026-04-03T03:18:34.265+0600][33.818s][info][gc,marking  ] GC(73) y: Mark Stack Usage: 32M
[2026-04-03T03:18:34.265+0600][33.818s][info][gc,nmethod  ] GC(73) y: NMethods: 5587 registered, 433 unregistered
[2026-04-03T03:18:34.265+0600][33.818s][info][gc,metaspace] GC(73) y: Metaspace: 68M used, 69M committed, 1088M reserved
[2026-04-03T03:18:34.265+0600][33.818s][info][gc,reloc    ] GC(73) y:                        Candidates     Selected     In-Place         Size        Empty    Relocated 
[2026-04-03T03:18:34.265+0600][33.818s][info][gc,reloc    ] GC(73) y: Small Pages:                  107           89            0         214M           0M           8M 
[2026-04-03T03:18:34.265+0600][33.818s][info][gc,reloc    ] GC(73) y: Medium Pages:                   0            0            0           0M           0M           0M 
[2026-04-03T03:18:34.265+0600][33.818s][info][gc,reloc    ] GC(73) y: Large Pages:                    2            0            0          16M           6M           0M 
[2026-04-03T03:18:34.265+0600][33.818s][info][gc,reloc    ] GC(73) y: Forwarding Usage: 7M
[2026-04-03T03:18:34.265+0600][33.818s][info][gc,reloc    ] GC(73) y: Age Table:
[2026-04-03T03:18:34.265+0600][33.818s][info][gc,reloc    ] GC(73) y:                    Live             Garbage             Small              Medium             Large        
[2026-04-03T03:18:34.265+0600][33.818s][info][gc,reloc    ] GC(73) y: Eden              17M (2%)          162M (16%)         85 / 80             0 / 0              1 / 0        
[2026-04-03T03:18:34.265+0600][33.818s][info][gc,reloc    ] GC(73) y: Survivor 1        14M (1%)            9M (1%)          12 / 4              0 / 0              0 / 0        
[2026-04-03T03:18:34.265+0600][33.818s][info][gc,reloc    ] GC(73) y: Survivor 2         9M (1%)           16M (2%)          10 / 5              0 / 0              1 / 0        
[2026-04-03T03:18:34.265+0600][33.818s][info][gc,heap     ] GC(73) y: Min Capacity: 8M(1%)
[2026-04-03T03:18:34.265+0600][33.818s][info][gc,heap     ] GC(73) y: Max Capacity: 1000M(100%)
[2026-04-03T03:18:34.265+0600][33.818s][info][gc,heap     ] GC(73) y: Soft Max Capacity: 1000M(100%)
[2026-04-03T03:18:34.266+0600][33.818s][info][gc,heap     ] GC(73) y: Heap Statistics:
[2026-04-03T03:18:34.266+0600][33.818s][info][gc,heap     ] GC(73) y:                Mark Start          Mark End        Relocate Start      Relocate End           High               Low         
[2026-04-03T03:18:34.266+0600][33.818s][info][gc,heap     ] GC(73) y:  Capacity:     1000M (100%)       1000M (100%)       1000M (100%)       1000M (100%)       1000M (100%)       1000M (100%)   
[2026-04-03T03:18:34.266+0600][33.818s][info][gc,heap     ] GC(73) y:      Free:      342M (34%)         166M (17%)         162M (16%)         294M (29%)         342M (34%)         154M (15%)    
[2026-04-03T03:18:34.266+0600][33.818s][info][gc,heap     ] GC(73) y:      Used:      658M (66%)         834M (83%)         838M (84%)         706M (71%)         846M (85%)         658M (66%)    
[2026-04-03T03:18:34.266+0600][33.818s][info][gc,heap     ] GC(73) y: Young Generation Statistics:
[2026-04-03T03:18:34.266+0600][33.818s][info][gc,heap     ] GC(73) y:                Mark Start          Mark End        Relocate Start      Relocate End    
[2026-04-03T03:18:34.266+0600][33.818s][info][gc,heap     ] GC(73) y:      Used:      230M (23%)         406M (41%)         400M (40%)         262M (26%)    
[2026-04-03T03:18:34.266+0600][33.818s][info][gc,heap     ] GC(73) y:      Live:         -                41M (4%)           32M (3%)           31M (3%)     
[2026-04-03T03:18:34.266+0600][33.818s][info][gc,heap     ] GC(73) y:   Garbage:         -               188M (19%)         181M (18%)           1M (0%)     
[2026-04-03T03:18:34.266+0600][33.818s][info][gc,heap     ] GC(73) y: Allocated:         -               176M (18%)         186M (19%)         228M (23%)    
[2026-04-03T03:18:34.266+0600][33.818s][info][gc,heap     ] GC(73) y: Reclaimed:         -                  -                 7M (1%)          187M (19%)    
[2026-04-03T03:18:34.266+0600][33.818s][info][gc,heap     ] GC(73) y:  Promoted:         -                  -                 8M (1%)            9M (1%)     
[2026-04-03T03:18:34.266+0600][33.818s][info][gc,heap     ] GC(73) y: Compacted:         -                  -                  -                 7M (1%)     
[2026-04-03T03:18:34.266+0600][33.818s][info][gc,phases   ] GC(73) y: Young Generation 658M(66%)->706M(71%) 0.252s
[2026-04-03T03:18:34.266+0600][33.818s][info][gc          ] GC(73) Minor Collection (Allocation Rate) 658M(66%)->706M(71%) 0.253s
[2026-04-03T03:18:34.266+0600][33.818s][info][gc          ] GC(74) Major Collection (Allocation Rate)
[2026-04-03T03:18:34.266+0600][33.818s][info][gc,task     ] GC(74) Using 3 Workers for Young Generation
[2026-04-03T03:18:34.266+0600][33.818s][info][gc,task     ] GC(74) Using 1 Workers for Old Generation
[2026-04-03T03:18:34.266+0600][33.818s][info][gc,phases   ] GC(74) Y: Young Generation
[2026-04-03T03:18:34.266+0600][33.819s][info][gc,phases   ] GC(74) Y: Pause Mark Start (Major) 0.025ms
[2026-04-03T03:18:34.472+0600][34.024s][info][gc,phases   ] GC(74) Y: Concurrent Mark 205.379ms
[2026-04-03T03:18:34.472+0600][34.024s][info][gc,phases   ] GC(74) Y: Pause Mark End 0.059ms
[2026-04-03T03:18:34.472+0600][34.025s][info][gc,phases   ] GC(74) Y: Concurrent Mark Free 0.004ms
[2026-04-03T03:18:34.473+0600][34.025s][info][gc,phases   ] GC(74) Y: Concurrent Reset Relocation Set 0.042ms
[2026-04-03T03:18:34.477+0600][34.029s][info][gc,reloc    ] GC(74) Y: Using tenuring threshold: 1 (Computed)
[2026-04-03T03:18:34.508+0600][34.060s][info][gc,phases   ] GC(74) Y: Concurrent Select Relocation Set 35.030ms
[2026-04-03T03:18:34.508+0600][34.060s][info][gc,phases   ] GC(74) Y: Pause Relocate Start 0.025ms
[2026-04-03T03:18:34.583+0600][34.135s][info][gc,phases   ] GC(74) Y: Concurrent Relocate 74.886ms
[2026-04-03T03:18:34.583+0600][34.135s][info][gc,alloc    ] GC(74) Y:                         Mark Start        Mark End      Relocate Start    Relocate End   
[2026-04-03T03:18:34.583+0600][34.135s][info][gc,alloc    ] GC(74) Y: Allocation Stalls:          0                0                0                0         
[2026-04-03T03:18:34.583+0600][34.135s][info][gc,load     ] GC(74) Y: Load: 4.39 (37%) / 4.96 (41%) / 5.49 (46%)
[2026-04-03T03:18:34.583+0600][34.135s][info][gc,mmu      ] GC(74) Y: MMU: 2ms/90.5%, 5ms/96.2%, 10ms/98.1%, 20ms/98.7%, 50ms/99.5%, 100ms/99.6%
[2026-04-03T03:18:34.583+0600][34.135s][info][gc,marking  ] GC(74) Y: Mark: 2 stripe(s), 2 proactive flush(es), 1 terminate flush(es), 0 completion(s), 0 continuation(s) 
[2026-04-03T03:18:34.583+0600][34.135s][info][gc,marking  ] GC(74) Y: Mark Stack Usage: 32M
[2026-04-03T03:18:34.583+0600][34.135s][info][gc,nmethod  ] GC(74) Y: NMethods: 5587 registered, 433 unregistered
[2026-04-03T03:18:34.583+0600][34.135s][info][gc,metaspace] GC(74) Y: Metaspace: 68M used, 69M committed, 1088M reserved
[2026-04-03T03:18:34.583+0600][34.135s][info][gc,reloc    ] GC(74) Y:                        Candidates     Selected     In-Place         Size        Empty    Relocated 
[2026-04-03T03:18:34.583+0600][34.136s][info][gc,reloc    ] GC(74) Y: Small Pages:                  126          109            0         252M           0M           9M 
[2026-04-03T03:18:34.583+0600][34.136s][info][gc,reloc    ] GC(74) Y: Medium Pages:                   0            0            0           0M           0M           0M 
[2026-04-03T03:18:34.583+0600][34.136s][info][gc,reloc    ] GC(74) Y: Large Pages:                    1            0            0          10M           0M           0M 
[2026-04-03T03:18:34.583+0600][34.136s][info][gc,reloc    ] GC(74) Y: Forwarding Usage: 8M
[2026-04-03T03:18:34.583+0600][34.136s][info][gc,reloc    ] GC(74) Y: Age Table:
[2026-04-03T03:18:34.583+0600][34.136s][info][gc,reloc    ] GC(74) Y:                    Live             Garbage             Small              Medium             Large        
[2026-04-03T03:18:34.583+0600][34.136s][info][gc,reloc    ] GC(74) Y: Eden               8M (1%)          203M (20%)        106 / 100            0 / 0              0 / 0        
[2026-04-03T03:18:34.583+0600][34.136s][info][gc,reloc    ] GC(74) Y: Survivor 1        16M (2%)           11M (1%)           9 / 6              0 / 0              1 / 0        
[2026-04-03T03:18:34.583+0600][34.136s][info][gc,reloc    ] GC(74) Y: Survivor 2        13M (1%)            8M (1%)          11 / 3              0 / 0              0 / 0        
[2026-04-03T03:18:34.583+0600][34.136s][info][gc,heap     ] GC(74) Y: Min Capacity: 8M(1%)
[2026-04-03T03:18:34.583+0600][34.136s][info][gc,heap     ] GC(74) Y: Max Capacity: 1000M(100%)
[2026-04-03T03:18:34.583+0600][34.136s][info][gc,heap     ] GC(74) Y: Soft Max Capacity: 1000M(100%)
[2026-04-03T03:18:34.583+0600][34.136s][info][gc,heap     ] GC(74) Y: Heap Statistics:
[2026-04-03T03:18:34.583+0600][34.136s][info][gc,heap     ] GC(74) Y:                Mark Start          Mark End        Relocate Start      Relocate End           High               Low         
[2026-04-03T03:18:34.583+0600][34.136s][info][gc,heap     ] GC(74) Y:  Capacity:     1000M (100%)       1000M (100%)       1000M (100%)       1000M (100%)       1000M (100%)       1000M (100%)   
[2026-04-03T03:18:34.583+0600][34.136s][info][gc,heap     ] GC(74) Y:      Free:      294M (29%)         106M (11%)          72M (7%)          194M (19%)         294M (29%)          66M (7%)     
[2026-04-03T03:18:34.583+0600][34.136s][info][gc,heap     ] GC(74) Y:      Used:      706M (71%)         894M (89%)         928M (93%)         806M (81%)         934M (93%)         706M (71%)    
[2026-04-03T03:18:34.583+0600][34.136s][info][gc,heap     ] GC(74) Y: Young Generation Statistics:
[2026-04-03T03:18:34.583+0600][34.136s][info][gc,heap     ] GC(74) Y:                Mark Start          Mark End        Relocate Start      Relocate End    
[2026-04-03T03:18:34.583+0600][34.136s][info][gc,heap     ] GC(74) Y:      Used:      262M (26%)         450M (45%)         452M (45%)         318M (32%)    
[2026-04-03T03:18:34.583+0600][34.136s][info][gc,heap     ] GC(74) Y:      Live:         -                38M (4%)           10M (1%)            8M (1%)     
[2026-04-03T03:18:34.583+0600][34.136s][info][gc,heap     ] GC(74) Y:   Garbage:         -               223M (22%)         219M (22%)           0M (0%)     
[2026-04-03T03:18:34.583+0600][34.136s][info][gc,heap     ] GC(74) Y: Allocated:         -               188M (19%)         222M (22%)         309M (31%)    
[2026-04-03T03:18:34.583+0600][34.136s][info][gc,heap     ] GC(74) Y: Reclaimed:         -                  -                 3M (0%)          223M (22%)    
[2026-04-03T03:18:34.583+0600][34.136s][info][gc,heap     ] GC(74) Y:  Promoted:         -                  -                28M (3%)           30M (3%)     
[2026-04-03T03:18:34.583+0600][34.136s][info][gc,heap     ] GC(74) Y: Compacted:         -                  -                  -                 8M (1%)     
[2026-04-03T03:18:34.583+0600][34.136s][info][gc,phases   ] GC(74) Y: Young Generation 706M(71%)->806M(81%) 0.317s
[2026-04-03T03:18:34.583+0600][34.136s][info][gc,phases   ] GC(74) O: Old Generation
[2026-04-03T03:18:34.586+0600][34.138s][info][gc          ] GC(75) Minor Collection (Allocation Rate)
[2026-04-03T03:18:34.586+0600][34.138s][info][gc,task     ] GC(75) Using 2 Workers for Young Generation
[2026-04-03T03:18:34.586+0600][34.138s][info][gc,phases   ] GC(75) y: Young Generation
[2026-04-03T03:18:34.586+0600][34.138s][info][gc,phases   ] GC(75) y: Pause Mark Start 0.071ms
[2026-04-03T03:18:34.790+0600][34.343s][info][gc,phases   ] GC(75) y: Concurrent Mark 204.074ms
[2026-04-03T03:18:34.791+0600][34.343s][info][gc,phases   ] GC(75) y: Pause Mark End 0.085ms
[2026-04-03T03:18:34.791+0600][34.343s][info][gc,phases   ] GC(75) y: Concurrent Mark Free 0.001ms
[2026-04-03T03:18:34.791+0600][34.343s][info][gc,phases   ] GC(75) y: Concurrent Reset Relocation Set 0.071ms
[2026-04-03T03:18:34.794+0600][34.346s][info][gc,reloc    ] GC(75) y: Using tenuring threshold: 2 (Computed)
[2026-04-03T03:18:34.799+0600][34.351s][info][gc,phases   ] GC(75) y: Concurrent Select Relocation Set 7.339ms
[2026-04-03T03:18:34.799+0600][34.351s][info][gc,phases   ] GC(75) y: Pause Relocate Start 0.033ms
[2026-04-03T03:18:34.800+0600][34.352s][info][gc          ] Relocation Stall (Executor task launch worker for task 2.0 in stage 2.0 (TID 8)) 0.740ms
[2026-04-03T03:18:34.800+0600][34.352s][info][gc          ] Allocation Stall (Executor task launch worker for task 0.0 in stage 2.0 (TID 6)) 4.435ms
[2026-04-03T03:18:34.800+0600][34.352s][info][gc          ] Relocation Stall (Executor task launch worker for task 1.0 in stage 2.0 (TID 7)) 0.809ms
[2026-04-03T03:18:34.836+0600][34.389s][info][gc,phases   ] GC(75) y: Concurrent Relocate 37.215ms
[2026-04-03T03:18:34.837+0600][34.389s][info][gc,alloc    ] GC(75) y:                         Mark Start        Mark End      Relocate Start    Relocate End   
[2026-04-03T03:18:34.837+0600][34.389s][info][gc,alloc    ] GC(75) y: Allocation Stalls:          0                0                1                0         
[2026-04-03T03:18:34.837+0600][34.389s][info][gc,load     ] GC(75) y: Load: 4.39 (37%) / 4.96 (41%) / 5.49 (46%)
[2026-04-03T03:18:34.837+0600][34.389s][info][gc,mmu      ] GC(75) y: MMU: 2ms/90.5%, 5ms/96.2%, 10ms/98.1%, 20ms/98.7%, 50ms/99.5%, 100ms/99.6%
[2026-04-03T03:18:34.837+0600][34.389s][info][gc,marking  ] GC(75) y: Mark: 2 stripe(s), 2 proactive flush(es), 1 terminate flush(es), 0 completion(s), 0 continuation(s) 
[2026-04-03T03:18:34.837+0600][34.389s][info][gc,marking  ] GC(75) y: Mark Stack Usage: 32M
[2026-04-03T03:18:34.837+0600][34.389s][info][gc,nmethod  ] GC(75) y: NMethods: 5590 registered, 433 unregistered
[2026-04-03T03:18:34.837+0600][34.389s][info][gc,metaspace] GC(75) y: Metaspace: 68M used, 69M committed, 1088M reserved
[2026-04-03T03:18:34.837+0600][34.389s][info][gc,reloc    ] GC(75) y:                        Candidates     Selected     In-Place         Size        Empty    Relocated 
[2026-04-03T03:18:34.837+0600][34.389s][info][gc,reloc    ] GC(75) y: Small Pages:                  161          149            3         322M           0M          12M 
[2026-04-03T03:18:34.837+0600][34.389s][info][gc,reloc    ] GC(75) y: Medium Pages:                   0            0            0           0M           0M           0M 
[2026-04-03T03:18:34.837+0600][34.389s][info][gc,reloc    ] GC(75) y: Large Pages:                    0            0            0           0M           0M           0M 
[2026-04-03T03:18:34.837+0600][34.389s][info][gc,reloc    ] GC(75) y: Forwarding Usage: 11M
[2026-04-03T03:18:34.837+0600][34.389s][info][gc,reloc    ] GC(75) y: Age Table:
[2026-04-03T03:18:34.837+0600][34.389s][info][gc,reloc    ] GC(75) y:                    Live             Garbage             Small              Medium             Large        
[2026-04-03T03:18:34.837+0600][34.389s][info][gc,reloc    ] GC(75) y: Eden              11M (1%)          292M (29%)        152 / 145            0 / 0              0 / 0        
[2026-04-03T03:18:34.837+0600][34.389s][info][gc,reloc    ] GC(75) y: Survivor 1         7M (1%)           10M (1%)           9 / 4              0 / 0              0 / 0        
[2026-04-03T03:18:34.837+0600][34.389s][info][gc,heap     ] GC(75) y: Min Capacity: 8M(1%)
[2026-04-03T03:18:34.837+0600][34.389s][info][gc,heap     ] GC(75) y: Max Capacity: 1000M(100%)
[2026-04-03T03:18:34.837+0600][34.389s][info][gc,heap     ] GC(75) y: Soft Max Capacity: 1000M(100%)
[2026-04-03T03:18:34.837+0600][34.389s][info][gc,heap     ] GC(75) y: Heap Statistics:
[2026-04-03T03:18:34.837+0600][34.389s][info][gc,heap     ] GC(75) y:                Mark Start          Mark End        Relocate Start      Relocate End           High               Low         
[2026-04-03T03:18:34.837+0600][34.389s][info][gc,heap     ] GC(75) y:  Capacity:     1000M (100%)       1000M (100%)       1000M (100%)       1000M (100%)       1000M (100%)       1000M (100%)   
[2026-04-03T03:18:34.837+0600][34.389s][info][gc,heap     ] GC(75) y:      Free:      190M (19%)           4M (0%)            0M (0%)          258M (26%)         258M (26%)           0M (0%)     
[2026-04-03T03:18:34.837+0600][34.389s][info][gc,heap     ] GC(75) y:      Used:      810M (81%)         996M (100%)       1000M (100%)        742M (74%)        1000M (100%)        742M (74%)    
[2026-04-03T03:18:34.837+0600][34.389s][info][gc,heap     ] GC(75) y: Young Generation Statistics:
[2026-04-03T03:18:34.837+0600][34.389s][info][gc,heap     ] GC(75) y:                Mark Start          Mark End        Relocate Start      Relocate End    
[2026-04-03T03:18:34.837+0600][34.389s][info][gc,heap     ] GC(75) y:      Used:      322M (32%)         508M (51%)         512M (51%)         254M (25%)    
[2026-04-03T03:18:34.837+0600][34.389s][info][gc,heap     ] GC(75) y:      Live:         -                19M (2%)           19M (2%)           19M (2%)     
[2026-04-03T03:18:34.837+0600][34.389s][info][gc,heap     ] GC(75) y:   Garbage:         -               302M (30%)         302M (30%)           2M (0%)     
[2026-04-03T03:18:34.837+0600][34.389s][info][gc,heap     ] GC(75) y: Allocated:         -               186M (19%)         190M (19%)         232M (23%)    
[2026-04-03T03:18:34.837+0600][34.389s][info][gc,heap     ] GC(75) y: Reclaimed:         -                  -                 0M (0%)          300M (30%)    
[2026-04-03T03:18:34.837+0600][34.389s][info][gc,heap     ] GC(75) y:  Promoted:         -                  -                 0M (0%)            0M (0%)     
[2026-04-03T03:18:34.837+0600][34.389s][info][gc,heap     ] GC(75) y: Compacted:         -                  -                  -                13M (1%)     
[2026-04-03T03:18:34.837+0600][34.389s][info][gc,phases   ] GC(75) y: Young Generation 810M(81%)->742M(74%) 0.251s
[2026-04-03T03:18:34.837+0600][34.390s][info][gc          ] GC(75) Minor Collection (Allocation Rate) 810M(81%)->742M(74%) 0.252s
[2026-04-03T03:18:34.838+0600][34.390s][info][gc          ] GC(76) Minor Collection (Allocation Rate)
[2026-04-03T03:18:34.838+0600][34.390s][info][gc,task     ] GC(76) Using 2 Workers for Young Generation
[2026-04-03T03:18:34.838+0600][34.390s][info][gc,phases   ] GC(76) y: Young Generation
[2026-04-03T03:18:34.838+0600][34.390s][info][gc,phases   ] GC(76) y: Pause Mark Start 0.042ms
[2026-04-03T03:18:35.093+0600][34.645s][info][gc,phases   ] GC(76) y: Concurrent Mark 254.944ms
[2026-04-03T03:18:35.094+0600][34.646s][info][gc,phases   ] GC(76) y: Pause Mark End 0.037ms
[2026-04-03T03:18:35.094+0600][34.646s][info][gc,phases   ] GC(76) y: Concurrent Mark Free 0.005ms
[2026-04-03T03:18:35.094+0600][34.646s][info][gc,phases   ] GC(76) y: Concurrent Reset Relocation Set 0.027ms
[2026-04-03T03:18:35.096+0600][34.648s][info][gc,reloc    ] GC(76) y: Using tenuring threshold: 1 (Computed)
[2026-04-03T03:18:35.116+0600][34.668s][info][gc,phases   ] GC(76) y: Concurrent Select Relocation Set 21.826ms
[2026-04-03T03:18:35.116+0600][34.668s][info][gc,phases   ] GC(76) y: Pause Relocate Start 0.026ms
[2026-04-03T03:18:35.168+0600][34.720s][info][gc,phases   ] GC(76) y: Concurrent Relocate 51.251ms
[2026-04-03T03:18:35.168+0600][34.720s][info][gc,alloc    ] GC(76) y:                         Mark Start        Mark End      Relocate Start    Relocate End   
[2026-04-03T03:18:35.168+0600][34.720s][info][gc,alloc    ] GC(76) y: Allocation Stalls:          0                0                0                0         
[2026-04-03T03:18:35.168+0600][34.720s][info][gc,load     ] GC(76) y: Load: 4.39 (37%) / 4.96 (41%) / 5.49 (46%)
[2026-04-03T03:18:35.168+0600][34.720s][info][gc,mmu      ] GC(76) y: MMU: 2ms/90.5%, 5ms/96.2%, 10ms/98.1%, 20ms/98.7%, 50ms/99.5%, 100ms/99.6%
[2026-04-03T03:18:35.168+0600][34.720s][info][gc,marking  ] GC(76) y: Mark: 2 stripe(s), 2 proactive flush(es), 1 terminate flush(es), 0 completion(s), 0 continuation(s) 
[2026-04-03T03:18:35.168+0600][34.720s][info][gc,marking  ] GC(76) y: Mark Stack Usage: 32M
[2026-04-03T03:18:35.168+0600][34.720s][info][gc,nmethod  ] GC(76) y: NMethods: 5590 registered, 433 unregistered
[2026-04-03T03:18:35.168+0600][34.720s][info][gc,metaspace] GC(76) y: Metaspace: 68M used, 69M committed, 1088M reserved
[2026-04-03T03:18:35.168+0600][34.720s][info][gc,reloc    ] GC(76) y:                        Candidates     Selected     In-Place         Size        Empty    Relocated 
[2026-04-03T03:18:35.168+0600][34.720s][info][gc,reloc    ] GC(76) y: Small Pages:                  127          112            0         254M           0M           9M 
[2026-04-03T03:18:35.168+0600][34.720s][info][gc,reloc    ] GC(76) y: Medium Pages:                   0            0            0           0M           0M           0M 
[2026-04-03T03:18:35.168+0600][34.720s][info][gc,reloc    ] GC(76) y: Large Pages:                    0            0            0           0M           0M           0M 
[2026-04-03T03:18:35.168+0600][34.720s][info][gc,reloc    ] GC(76) y: Forwarding Usage: 8M
[2026-04-03T03:18:35.168+0600][34.720s][info][gc,reloc    ] GC(76) y: Age Table:
[2026-04-03T03:18:35.168+0600][34.720s][info][gc,reloc    ] GC(76) y:                    Live             Garbage             Small              Medium             Large        
[2026-04-03T03:18:35.168+0600][34.720s][info][gc,reloc    ] GC(76) y: Eden               7M (1%)          212M (21%)        110 / 105            0 / 0              0 / 0        
[2026-04-03T03:18:35.168+0600][34.720s][info][gc,reloc    ] GC(76) y: Survivor 1        10M (1%)            7M (1%)           9 / 3              0 / 0              0 / 0        
[2026-04-03T03:18:35.168+0600][34.720s][info][gc,reloc    ] GC(76) y: Survivor 2         7M (1%)            8M (1%)           8 / 4              0 / 0              0 / 0        
[2026-04-03T03:18:35.168+0600][34.720s][info][gc,heap     ] GC(76) y: Min Capacity: 8M(1%)
[2026-04-03T03:18:35.168+0600][34.720s][info][gc,heap     ] GC(76) y: Max Capacity: 1000M(100%)
[2026-04-03T03:18:35.168+0600][34.720s][info][gc,heap     ] GC(76) y: Soft Max Capacity: 1000M(100%)
[2026-04-03T03:18:35.168+0600][34.720s][info][gc,heap     ] GC(76) y: Heap Statistics:
[2026-04-03T03:18:35.168+0600][34.720s][info][gc,heap     ] GC(76) y:                Mark Start          Mark End        Relocate Start      Relocate End           High               Low         
[2026-04-03T03:18:35.168+0600][34.720s][info][gc,heap     ] GC(76) y:  Capacity:     1000M (100%)       1000M (100%)       1000M (100%)       1000M (100%)       1000M (100%)       1000M (100%)   
[2026-04-03T03:18:35.168+0600][34.720s][info][gc,heap     ] GC(76) y:      Free:      258M (26%)          36M (4%)           32M (3%)          234M (23%)         258M (26%)          24M (2%)     
[2026-04-03T03:18:35.168+0600][34.720s][info][gc,heap     ] GC(76) y:      Used:      742M (74%)         964M (96%)         968M (97%)         766M (77%)         976M (98%)         742M (74%)    
[2026-04-03T03:18:35.168+0600][34.720s][info][gc,heap     ] GC(76) y: Young Generation Statistics:
[2026-04-03T03:18:35.168+0600][34.720s][info][gc,heap     ] GC(76) y:                Mark Start          Mark End        Relocate Start      Relocate End    
[2026-04-03T03:18:35.168+0600][34.720s][info][gc,heap     ] GC(76) y:      Used:      254M (25%)         476M (48%)         462M (46%)         256M (26%)    
[2026-04-03T03:18:35.168+0600][34.720s][info][gc,heap     ] GC(76) y:      Live:         -                25M (3%)           10M (1%)            7M (1%)     
[2026-04-03T03:18:35.168+0600][34.720s][info][gc,heap     ] GC(76) y:   Garbage:         -               228M (23%)         225M (23%)           0M (0%)     
[2026-04-03T03:18:35.168+0600][34.720s][info][gc,heap     ] GC(76) y: Allocated:         -               222M (22%)         226M (23%)         248M (25%)    
[2026-04-03T03:18:35.168+0600][34.720s][info][gc,heap     ] GC(76) y: Reclaimed:         -                  -                 2M (0%)          228M (23%)    
[2026-04-03T03:18:35.168+0600][34.721s][info][gc,heap     ] GC(76) y:  Promoted:         -                  -                15M (2%)           17M (2%)     
[2026-04-03T03:18:35.168+0600][34.721s][info][gc,heap     ] GC(76) y: Compacted:         -                  -                  -                 7M (1%)     
[2026-04-03T03:18:35.168+0600][34.721s][info][gc,phases   ] GC(76) y: Young Generation 742M(74%)->766M(77%) 0.330s
[2026-04-03T03:18:35.168+0600][34.721s][info][gc          ] GC(76) Minor Collection (Allocation Rate) 742M(74%)->766M(77%) 0.331s
[2026-04-03T03:18:35.169+0600][34.721s][info][gc          ] GC(77) Minor Collection (Allocation Rate)
[2026-04-03T03:18:35.169+0600][34.721s][info][gc,task     ] GC(77) Using 2 Workers for Young Generation
[2026-04-03T03:18:35.169+0600][34.721s][info][gc,phases   ] GC(77) y: Young Generation
[2026-04-03T03:18:35.169+0600][34.721s][info][gc,phases   ] GC(77) y: Pause Mark Start 0.063ms
[2026-04-03T03:18:35.360+0600][34.912s][info][gc,phases   ] GC(77) y: Concurrent Mark 190.628ms
[2026-04-03T03:18:35.360+0600][34.912s][info][gc,phases   ] GC(77) y: Pause Mark End 0.058ms
[2026-04-03T03:18:35.360+0600][34.913s][info][gc,phases   ] GC(77) y: Concurrent Mark Free 0.003ms
[2026-04-03T03:18:35.360+0600][34.913s][info][gc,phases   ] GC(77) y: Concurrent Reset Relocation Set 0.050ms
[2026-04-03T03:18:35.366+0600][34.918s][info][gc,reloc    ] GC(77) y: Using tenuring threshold: 2 (Computed)
[2026-04-03T03:18:35.368+0600][34.921s][info][gc,phases   ] GC(77) y: Concurrent Select Relocation Set 7.878ms
[2026-04-03T03:18:35.369+0600][34.921s][info][gc,phases   ] GC(77) y: Pause Relocate Start 0.057ms
[2026-04-03T03:18:35.402+0600][34.954s][info][gc,phases   ] GC(77) y: Concurrent Relocate 32.842ms
[2026-04-03T03:18:35.402+0600][34.954s][info][gc,alloc    ] GC(77) y:                         Mark Start        Mark End      Relocate Start    Relocate End   
[2026-04-03T03:18:35.402+0600][34.954s][info][gc,alloc    ] GC(77) y: Allocation Stalls:          0                0                0                0         
[2026-04-03T03:18:35.402+0600][34.954s][info][gc,load     ] GC(77) y: Load: 4.39 (37%) / 4.96 (41%) / 5.49 (46%)
[2026-04-03T03:18:35.402+0600][34.954s][info][gc,mmu      ] GC(77) y: MMU: 2ms/90.5%, 5ms/96.2%, 10ms/98.1%, 20ms/98.7%, 50ms/99.5%, 100ms/99.6%
[2026-04-03T03:18:35.402+0600][34.954s][info][gc,marking  ] GC(77) y: Mark: 2 stripe(s), 10 proactive flush(es), 1 terminate flush(es), 0 completion(s), 0 continuation(s) 
[2026-04-03T03:18:35.402+0600][34.954s][info][gc,marking  ] GC(77) y: Mark Stack Usage: 32M
[2026-04-03T03:18:35.402+0600][34.954s][info][gc,nmethod  ] GC(77) y: NMethods: 5591 registered, 433 unregistered
[2026-04-03T03:18:35.402+0600][34.954s][info][gc,metaspace] GC(77) y: Metaspace: 68M used, 69M committed, 1088M reserved
[2026-04-03T03:18:35.402+0600][34.954s][info][gc,reloc    ] GC(77) y:                        Candidates     Selected     In-Place         Size        Empty    Relocated 
[2026-04-03T03:18:35.402+0600][34.954s][info][gc,reloc    ] GC(77) y: Small Pages:                  110          101            0         220M           0M           9M 
[2026-04-03T03:18:35.402+0600][34.954s][info][gc,reloc    ] GC(77) y: Medium Pages:                   0            0            0           0M           0M           0M 
[2026-04-03T03:18:35.402+0600][34.954s][info][gc,reloc    ] GC(77) y: Large Pages:                    2            0            0          36M           0M           0M 
[2026-04-03T03:18:35.402+0600][34.954s][info][gc,reloc    ] GC(77) y: Forwarding Usage: 9M
[2026-04-03T03:18:35.402+0600][34.954s][info][gc,reloc    ] GC(77) y: Age Table:
[2026-04-03T03:18:35.402+0600][34.954s][info][gc,reloc    ] GC(77) y:                    Live             Garbage             Small              Medium             Large        
[2026-04-03T03:18:35.402+0600][34.954s][info][gc,reloc    ] GC(77) y: Eden              45M (5%)          194M (19%)        102 / 96             0 / 0              2 / 0        
[2026-04-03T03:18:35.402+0600][34.954s][info][gc,reloc    ] GC(77) y: Survivor 1         6M (1%)            9M (1%)           8 / 5              0 / 0              0 / 0        
[2026-04-03T03:18:35.402+0600][34.954s][info][gc,heap     ] GC(77) y: Min Capacity: 8M(1%)
[2026-04-03T03:18:35.402+0600][34.954s][info][gc,heap     ] GC(77) y: Max Capacity: 1000M(100%)
[2026-04-03T03:18:35.402+0600][34.954s][info][gc,heap     ] GC(77) y: Soft Max Capacity: 1000M(100%)
[2026-04-03T03:18:35.402+0600][34.954s][info][gc,heap     ] GC(77) y: Heap Statistics:
[2026-04-03T03:18:35.402+0600][34.954s][info][gc,heap     ] GC(77) y:                Mark Start          Mark End        Relocate Start      Relocate End           High               Low         
[2026-04-03T03:18:35.402+0600][34.954s][info][gc,heap     ] GC(77) y:  Capacity:     1000M (100%)       1000M (100%)       1000M (100%)       1000M (100%)       1000M (100%)       1000M (100%)   
[2026-04-03T03:18:35.402+0600][34.954s][info][gc,heap     ] GC(77) y:      Free:      234M (23%)         138M (14%)         132M (13%)         278M (28%)         290M (29%)         122M (12%)    
[2026-04-03T03:18:35.402+0600][34.955s][info][gc,heap     ] GC(77) y:      Used:      766M (77%)         862M (86%)         868M (87%)         722M (72%)         878M (88%)         710M (71%)    
[2026-04-03T03:18:35.402+0600][34.955s][info][gc,heap     ] GC(77) y: Young Generation Statistics:
[2026-04-03T03:18:35.402+0600][34.955s][info][gc,heap     ] GC(77) y:                Mark Start          Mark End        Relocate Start      Relocate End    
[2026-04-03T03:18:35.402+0600][34.955s][info][gc,heap     ] GC(77) y:      Used:      256M (26%)         352M (35%)         358M (36%)         212M (21%)    
[2026-04-03T03:18:35.402+0600][34.955s][info][gc,heap     ] GC(77) y:      Live:         -                51M (5%)           51M (5%)           51M (5%)     
[2026-04-03T03:18:35.402+0600][34.955s][info][gc,heap     ] GC(77) y:   Garbage:         -               204M (20%)         204M (20%)           0M (0%)     
[2026-04-03T03:18:35.402+0600][34.955s][info][gc,heap     ] GC(77) y: Allocated:         -                96M (10%)         102M (10%)         159M (16%)    
[2026-04-03T03:18:35.402+0600][34.955s][info][gc,heap     ] GC(77) y: Reclaimed:         -                  -                 0M (0%)          203M (20%)    
[2026-04-03T03:18:35.402+0600][34.955s][info][gc,heap     ] GC(77) y:  Promoted:         -                  -                 0M (0%)            0M (0%)     
[2026-04-03T03:18:35.402+0600][34.955s][info][gc,heap     ] GC(77) y: Compacted:         -                  -                  -                10M (1%)     
[2026-04-03T03:18:35.402+0600][34.955s][info][gc,phases   ] GC(77) y: Young Generation 766M(77%)->722M(72%) 0.233s
[2026-04-03T03:18:35.402+0600][34.955s][info][gc          ] GC(77) Minor Collection (Allocation Rate) 766M(77%)->724M(72%) 0.234s
[2026-04-03T03:18:35.403+0600][34.955s][info][gc          ] GC(78) Minor Collection (Allocation Rate)
[2026-04-03T03:18:35.403+0600][34.955s][info][gc,task     ] GC(78) Using 2 Workers for Young Generation
[2026-04-03T03:18:35.403+0600][34.955s][info][gc,phases   ] GC(78) y: Young Generation
[2026-04-03T03:18:35.403+0600][34.955s][info][gc,phases   ] GC(78) y: Pause Mark Start 0.060ms
[2026-04-03T03:18:35.612+0600][35.164s][info][gc,phases   ] GC(78) y: Concurrent Mark 208.715ms
[2026-04-03T03:18:35.612+0600][35.164s][info][gc,phases   ] GC(78) y: Pause Mark End 0.032ms
[2026-04-03T03:18:35.612+0600][35.165s][info][gc,phases   ] GC(78) y: Concurrent Mark Free 0.004ms
[2026-04-03T03:18:35.612+0600][35.165s][info][gc,phases   ] GC(78) y: Concurrent Reset Relocation Set 0.021ms
[2026-04-03T03:18:35.615+0600][35.167s][info][gc,reloc    ] GC(78) y: Using tenuring threshold: 1 (Computed)
[2026-04-03T03:18:35.639+0600][35.191s][info][gc,phases   ] GC(78) y: Concurrent Select Relocation Set 26.532ms
[2026-04-03T03:18:35.639+0600][35.192s][info][gc,phases   ] GC(78) y: Pause Relocate Start 0.018ms
[2026-04-03T03:18:35.719+0600][35.271s][info][gc,phases   ] GC(78) y: Concurrent Relocate 79.748ms
[2026-04-03T03:18:35.719+0600][35.272s][info][gc,alloc    ] GC(78) y:                         Mark Start        Mark End      Relocate Start    Relocate End   
[2026-04-03T03:18:35.719+0600][35.272s][info][gc,alloc    ] GC(78) y: Allocation Stalls:          0                0                0                0         
[2026-04-03T03:18:35.719+0600][35.272s][info][gc,load     ] GC(78) y: Load: 4.44 (37%) / 4.96 (41%) / 5.49 (46%)
[2026-04-03T03:18:35.719+0600][35.272s][info][gc,mmu      ] GC(78) y: MMU: 2ms/90.5%, 5ms/96.2%, 10ms/98.1%, 20ms/98.7%, 50ms/99.5%, 100ms/99.6%
[2026-04-03T03:18:35.719+0600][35.272s][info][gc,marking  ] GC(78) y: Mark: 2 stripe(s), 2 proactive flush(es), 1 terminate flush(es), 0 completion(s), 0 continuation(s) 
[2026-04-03T03:18:35.719+0600][35.272s][info][gc,marking  ] GC(78) y: Mark Stack Usage: 32M
[2026-04-03T03:18:35.719+0600][35.272s][info][gc,nmethod  ] GC(78) y: NMethods: 5595 registered, 433 unregistered
[2026-04-03T03:18:35.719+0600][35.272s][info][gc,metaspace] GC(78) y: Metaspace: 68M used, 69M committed, 1088M reserved
[2026-04-03T03:18:35.719+0600][35.272s][info][gc,reloc    ] GC(78) y:                        Candidates     Selected     In-Place         Size        Empty    Relocated 
[2026-04-03T03:18:35.719+0600][35.272s][info][gc,reloc    ] GC(78) y: Small Pages:                   80           68            0         160M           0M           5M 
[2026-04-03T03:18:35.719+0600][35.272s][info][gc,reloc    ] GC(78) y: Medium Pages:                   0            0            0           0M           0M           0M 
[2026-04-03T03:18:35.719+0600][35.272s][info][gc,reloc    ] GC(78) y: Large Pages:                    3            0            0          54M           0M           0M 
[2026-04-03T03:18:35.719+0600][35.272s][info][gc,reloc    ] GC(78) y: Forwarding Usage: 4M
[2026-04-03T03:18:35.719+0600][35.272s][info][gc,reloc    ] GC(78) y: Age Table:
[2026-04-03T03:18:35.719+0600][35.272s][info][gc,reloc    ] GC(78) y:                    Live             Garbage             Small              Medium             Large        
[2026-04-03T03:18:35.719+0600][35.272s][info][gc,reloc    ] GC(78) y: Eden              22M (2%)          123M (12%)         64 / 61             0 / 0              1 / 0        
[2026-04-03T03:18:35.719+0600][35.272s][info][gc,reloc    ] GC(78) y: Survivor 1        44M (4%)            7M (1%)           8 / 3              0 / 0              2 / 0        
[2026-04-03T03:18:35.719+0600][35.272s][info][gc,reloc    ] GC(78) y: Survivor 2         6M (1%)            9M (1%)           8 / 4              0 / 0              0 / 0        
[2026-04-03T03:18:35.720+0600][35.272s][info][gc,heap     ] GC(78) y: Min Capacity: 8M(1%)
[2026-04-03T03:18:35.720+0600][35.272s][info][gc,heap     ] GC(78) y: Max Capacity: 1000M(100%)
[2026-04-03T03:18:35.720+0600][35.272s][info][gc,heap     ] GC(78) y: Soft Max Capacity: 1000M(100%)
[2026-04-03T03:18:35.720+0600][35.272s][info][gc,heap     ] GC(78) y: Heap Statistics:
[2026-04-03T03:18:35.720+0600][35.272s][info][gc,heap     ] GC(78) y:                Mark Start          Mark End        Relocate Start      Relocate End           High               Low         
[2026-04-03T03:18:35.720+0600][35.272s][info][gc,heap     ] GC(78) y:  Capacity:     1000M (100%)       1000M (100%)       1000M (100%)       1000M (100%)       1000M (100%)       1000M (100%)   
[2026-04-03T03:18:35.720+0600][35.272s][info][gc,heap     ] GC(78) y:      Free:      276M (28%)         164M (16%)         156M (16%)         238M (24%)         276M (28%)         148M (15%)    
[2026-04-03T03:18:35.720+0600][35.272s][info][gc,heap     ] GC(78) y:      Used:      724M (72%)         836M (84%)         844M (84%)         762M (76%)         852M (85%)         724M (72%)    
[2026-04-03T03:18:35.720+0600][35.272s][info][gc,heap     ] GC(78) y: Young Generation Statistics:
[2026-04-03T03:18:35.720+0600][35.272s][info][gc,heap     ] GC(78) y:                Mark Start          Mark End        Relocate Start      Relocate End    
[2026-04-03T03:18:35.720+0600][35.272s][info][gc,heap     ] GC(78) y:      Used:      214M (21%)         326M (33%)         280M (28%)         194M (19%)    
[2026-04-03T03:18:35.720+0600][35.272s][info][gc,heap     ] GC(78) y:      Live:         -                74M (7%)           23M (2%)           22M (2%)     
[2026-04-03T03:18:35.720+0600][35.272s][info][gc,heap     ] GC(78) y:   Garbage:         -               139M (14%)         136M (14%)           0M (0%)     
[2026-04-03T03:18:35.720+0600][35.272s][info][gc,heap     ] GC(78) y: Allocated:         -               112M (11%)         120M (12%)         171M (17%)    
[2026-04-03T03:18:35.720+0600][35.272s][info][gc,heap     ] GC(78) y: Reclaimed:         -                  -                 3M (0%)          139M (14%)    
[2026-04-03T03:18:35.720+0600][35.272s][info][gc,heap     ] GC(78) y:  Promoted:         -                  -                50M (5%)           51M (5%)     
[2026-04-03T03:18:35.720+0600][35.272s][info][gc,heap     ] GC(78) y: Compacted:         -                  -                  -                 4M (0%)     
[2026-04-03T03:18:35.720+0600][35.272s][info][gc,phases   ] GC(78) y: Young Generation 724M(72%)->762M(76%) 0.317s
[2026-04-03T03:18:35.720+0600][35.272s][info][gc          ] GC(78) Minor Collection (Allocation Rate) 724M(72%)->762M(76%) 0.317s
[2026-04-03T03:18:35.720+0600][35.272s][info][gc          ] GC(79) Minor Collection (Allocation Rate)
[2026-04-03T03:18:35.720+0600][35.272s][info][gc,task     ] GC(79) Using 2 Workers for Young Generation
[2026-04-03T03:18:35.720+0600][35.272s][info][gc,phases   ] GC(79) y: Young Generation
[2026-04-03T03:18:35.720+0600][35.272s][info][gc,phases   ] GC(79) y: Pause Mark Start 0.021ms
[2026-04-03T03:18:35.848+0600][35.400s][info][gc,phases   ] GC(79) y: Concurrent Mark 127.802ms
[2026-04-03T03:18:35.848+0600][35.401s][info][gc,phases   ] GC(79) y: Pause Mark End 0.031ms
[2026-04-03T03:18:35.849+0600][35.401s][info][gc,phases   ] GC(79) y: Concurrent Mark Free 0.003ms
[2026-04-03T03:18:35.849+0600][35.401s][info][gc,phases   ] GC(79) y: Concurrent Reset Relocation Set 0.055ms
[2026-04-03T03:18:35.851+0600][35.403s][info][gc,reloc    ] GC(79) y: Using tenuring threshold: 1 (Computed)
[2026-04-03T03:18:35.895+0600][35.447s][info][gc,phases   ] GC(79) y: Concurrent Select Relocation Set 45.977ms
[2026-04-03T03:18:35.895+0600][35.448s][info][gc,phases   ] GC(79) y: Pause Relocate Start 0.033ms
[2026-04-03T03:18:35.964+0600][35.516s][info][gc,phases   ] GC(79) y: Concurrent Relocate 68.574ms
[2026-04-03T03:18:35.964+0600][35.516s][info][gc,alloc    ] GC(79) y:                         Mark Start        Mark End      Relocate Start    Relocate End   
[2026-04-03T03:18:35.964+0600][35.516s][info][gc,alloc    ] GC(79) y: Allocation Stalls:          0                0                0                0         
[2026-04-03T03:18:35.964+0600][35.516s][info][gc,load     ] GC(79) y: Load: 4.44 (37%) / 4.96 (41%) / 5.49 (46%)
[2026-04-03T03:18:35.964+0600][35.516s][info][gc,mmu      ] GC(79) y: MMU: 2ms/90.5%, 5ms/96.2%, 10ms/98.1%, 20ms/98.7%, 50ms/99.5%, 100ms/99.6%
[2026-04-03T03:18:35.964+0600][35.516s][info][gc,marking  ] GC(79) y: Mark: 2 stripe(s), 2 proactive flush(es), 1 terminate flush(es), 0 completion(s), 0 continuation(s) 
[2026-04-03T03:18:35.964+0600][35.516s][info][gc,marking  ] GC(79) y: Mark Stack Usage: 32M
[2026-04-03T03:18:35.964+0600][35.516s][info][gc,nmethod  ] GC(79) y: NMethods: 5598 registered, 433 unregistered
[2026-04-03T03:18:35.964+0600][35.516s][info][gc,metaspace] GC(79) y: Metaspace: 68M used, 69M committed, 1088M reserved
[2026-04-03T03:18:35.964+0600][35.516s][info][gc,reloc    ] GC(79) y:                        Candidates     Selected     In-Place         Size        Empty    Relocated 
[2026-04-03T03:18:35.964+0600][35.517s][info][gc,reloc    ] GC(79) y: Small Pages:                   89           83            0         178M           0M           6M 
[2026-04-03T03:18:35.964+0600][35.517s][info][gc,reloc    ] GC(79) y: Medium Pages:                   0            0            0           0M           0M           0M 
[2026-04-03T03:18:35.964+0600][35.517s][info][gc,reloc    ] GC(79) y: Large Pages:                    1            0            0          18M           0M           0M 
[2026-04-03T03:18:35.964+0600][35.517s][info][gc,reloc    ] GC(79) y: Forwarding Usage: 5M
[2026-04-03T03:18:35.964+0600][35.517s][info][gc,reloc    ] GC(79) y: Age Table:
[2026-04-03T03:18:35.964+0600][35.517s][info][gc,reloc    ] GC(79) y:                    Live             Garbage             Small              Medium             Large        
[2026-04-03T03:18:35.964+0600][35.517s][info][gc,reloc    ] GC(79) y: Eden               5M (1%)          158M (16%)         82 / 78             0 / 0              0 / 0        
[2026-04-03T03:18:35.964+0600][35.517s][info][gc,reloc    ] GC(79) y: Survivor 1        21M (2%)           10M (1%)           7 / 5              0 / 0              1 / 0        
[2026-04-03T03:18:35.964+0600][35.517s][info][gc,heap     ] GC(79) y: Min Capacity: 8M(1%)
[2026-04-03T03:18:35.964+0600][35.517s][info][gc,heap     ] GC(79) y: Max Capacity: 1000M(100%)
[2026-04-03T03:18:35.964+0600][35.517s][info][gc,heap     ] GC(79) y: Soft Max Capacity: 1000M(100%)
[2026-04-03T03:18:35.964+0600][35.517s][info][gc,heap     ] GC(79) y: Heap Statistics:
[2026-04-03T03:18:35.964+0600][35.517s][info][gc,heap     ] GC(79) y:                Mark Start          Mark End        Relocate Start      Relocate End           High               Low         
[2026-04-03T03:18:35.964+0600][35.517s][info][gc,heap     ] GC(79) y:  Capacity:     1000M (100%)       1000M (100%)       1000M (100%)       1000M (100%)       1000M (100%)       1000M (100%)   
[2026-04-03T03:18:35.964+0600][35.517s][info][gc,heap     ] GC(79) y:      Free:      236M (24%)         144M (14%)         122M (12%)         274M (27%)         274M (27%)         114M (11%)    
[2026-04-03T03:18:35.964+0600][35.517s][info][gc,heap     ] GC(79) y:      Used:      764M (76%)         856M (86%)         878M (88%)         726M (73%)         886M (89%)         726M (73%)    
[2026-04-03T03:18:35.964+0600][35.517s][info][gc,heap     ] GC(79) y: Young Generation Statistics:
[2026-04-03T03:18:35.964+0600][35.517s][info][gc,heap     ] GC(79) y:                Mark Start          Mark End        Relocate Start      Relocate End    
[2026-04-03T03:18:35.964+0600][35.517s][info][gc,heap     ] GC(79) y:      Used:      196M (20%)         288M (29%)         288M (29%)         130M (13%)    
[2026-04-03T03:18:35.965+0600][35.517s][info][gc,heap     ] GC(79) y:      Live:         -                27M (3%)            6M (1%)            5M (1%)     
[2026-04-03T03:18:35.965+0600][35.517s][info][gc,heap     ] GC(79) y:   Garbage:         -               168M (17%)         167M (17%)           0M (0%)     
[2026-04-03T03:18:35.965+0600][35.517s][info][gc,heap     ] GC(79) y: Allocated:         -                92M (9%)          114M (11%)         124M (12%)    
[2026-04-03T03:18:35.965+0600][35.517s][info][gc,heap     ] GC(79) y: Reclaimed:         -                  -                 0M (0%)          168M (17%)    
[2026-04-03T03:18:35.965+0600][35.517s][info][gc,heap     ] GC(79) y:  Promoted:         -                  -                21M (2%)           21M (2%)     
[2026-04-03T03:18:35.965+0600][35.517s][info][gc,heap     ] GC(79) y: Compacted:         -                  -                  -                 5M (1%)     
[2026-04-03T03:18:35.965+0600][35.517s][info][gc,phases   ] GC(79) y: Young Generation 764M(76%)->726M(73%) 0.244s
[2026-04-03T03:18:35.965+0600][35.517s][info][gc          ] GC(79) Minor Collection (Allocation Rate) 764M(76%)->726M(73%) 0.245s
[2026-04-03T03:18:35.965+0600][35.517s][info][gc          ] GC(80) Minor Collection (Allocation Rate)
[2026-04-03T03:18:35.965+0600][35.517s][info][gc,task     ] GC(80) Using 2 Workers for Young Generation
[2026-04-03T03:18:35.965+0600][35.517s][info][gc,phases   ] GC(80) y: Young Generation
[2026-04-03T03:18:35.965+0600][35.517s][info][gc,phases   ] GC(80) y: Pause Mark Start 0.026ms
[2026-04-03T03:18:36.098+0600][35.650s][info][gc,phases   ] GC(80) y: Concurrent Mark 132.226ms
[2026-04-03T03:18:36.098+0600][35.650s][info][gc,phases   ] GC(80) y: Pause Mark End 0.031ms
[2026-04-03T03:18:36.098+0600][35.650s][info][gc,phases   ] GC(80) y: Concurrent Mark Free 0.002ms
[2026-04-03T03:18:36.098+0600][35.650s][info][gc,phases   ] GC(80) y: Concurrent Reset Relocation Set 0.027ms
[2026-04-03T03:18:36.104+0600][35.657s][info][gc,reloc    ] GC(80) y: Using tenuring threshold: 2 (Computed)
[2026-04-03T03:18:36.106+0600][35.658s][info][gc,phases   ] GC(80) y: Concurrent Select Relocation Set 7.466ms
[2026-04-03T03:18:36.106+0600][35.658s][info][gc,phases   ] GC(80) y: Pause Relocate Start 0.029ms
[2026-04-03T03:18:36.120+0600][35.672s][info][gc,phases   ] GC(80) y: Concurrent Relocate 13.358ms
[2026-04-03T03:18:36.120+0600][35.672s][info][gc,alloc    ] GC(80) y:                         Mark Start        Mark End      Relocate Start    Relocate End   
[2026-04-03T03:18:36.120+0600][35.672s][info][gc,alloc    ] GC(80) y: Allocation Stalls:          0                0                0                0         
[2026-04-03T03:18:36.120+0600][35.672s][info][gc,load     ] GC(80) y: Load: 4.44 (37%) / 4.96 (41%) / 5.49 (46%)
[2026-04-03T03:18:36.120+0600][35.672s][info][gc,mmu      ] GC(80) y: MMU: 2ms/90.5%, 5ms/96.2%, 10ms/98.1%, 20ms/98.7%, 50ms/99.5%, 100ms/99.6%
[2026-04-03T03:18:36.120+0600][35.672s][info][gc,marking  ] GC(80) y: Mark: 2 stripe(s), 10 proactive flush(es), 1 terminate flush(es), 0 completion(s), 0 continuation(s) 
[2026-04-03T03:18:36.120+0600][35.672s][info][gc,marking  ] GC(80) y: Mark Stack Usage: 32M
[2026-04-03T03:18:36.120+0600][35.672s][info][gc,nmethod  ] GC(80) y: NMethods: 5598 registered, 433 unregistered
[2026-04-03T03:18:36.120+0600][35.672s][info][gc,metaspace] GC(80) y: Metaspace: 68M used, 69M committed, 1088M reserved
[2026-04-03T03:18:36.120+0600][35.672s][info][gc,reloc    ] GC(80) y:                        Candidates     Selected     In-Place         Size        Empty    Relocated 
[2026-04-03T03:18:36.120+0600][35.672s][info][gc,reloc    ] GC(80) y: Small Pages:                   57           51            0         114M           0M           4M 
[2026-04-03T03:18:36.120+0600][35.672s][info][gc,reloc    ] GC(80) y: Medium Pages:                   1            0            0          16M           0M           0M 
[2026-04-03T03:18:36.120+0600][35.672s][info][gc,reloc    ] GC(80) y: Large Pages:                    0            0            0           0M           0M           0M 
[2026-04-03T03:18:36.120+0600][35.672s][info][gc,reloc    ] GC(80) y: Forwarding Usage: 3M
[2026-04-03T03:18:36.120+0600][35.672s][info][gc,reloc    ] GC(80) y: Age Table:
[2026-04-03T03:18:36.120+0600][35.672s][info][gc,reloc    ] GC(80) y:                    Live             Garbage             Small              Medium             Large        
[2026-04-03T03:18:36.120+0600][35.672s][info][gc,reloc    ] GC(80) y: Eden               5M (1%)          110M (11%)         50 / 47             1 / 0              0 / 0        
[2026-04-03T03:18:36.120+0600][35.672s][info][gc,reloc    ] GC(80) y: Survivor 1         5M (1%)            8M (1%)           7 / 4              0 / 0              0 / 0        
[2026-04-03T03:18:36.120+0600][35.672s][info][gc,heap     ] GC(80) y: Min Capacity: 8M(1%)
[2026-04-03T03:18:36.120+0600][35.672s][info][gc,heap     ] GC(80) y: Max Capacity: 1000M(100%)
[2026-04-03T03:18:36.120+0600][35.672s][info][gc,heap     ] GC(80) y: Soft Max Capacity: 1000M(100%)
[2026-04-03T03:18:36.120+0600][35.672s][info][gc,heap     ] GC(80) y: Heap Statistics:
[2026-04-03T03:18:36.120+0600][35.672s][info][gc,heap     ] GC(80) y:                Mark Start          Mark End        Relocate Start      Relocate End           High               Low         
[2026-04-03T03:18:36.120+0600][35.672s][info][gc,heap     ] GC(80) y:  Capacity:     1000M (100%)       1000M (100%)       1000M (100%)       1000M (100%)       1000M (100%)       1000M (100%)   
[2026-04-03T03:18:36.120+0600][35.672s][info][gc,heap     ] GC(80) y:      Free:      274M (27%)         248M (25%)         248M (25%)         336M (34%)         336M (34%)         234M (23%)    
[2026-04-03T03:18:36.120+0600][35.672s][info][gc,heap     ] GC(80) y:      Used:      726M (73%)         752M (75%)         752M (75%)         664M (66%)         766M (77%)         664M (66%)    
[2026-04-03T03:18:36.120+0600][35.672s][info][gc,heap     ] GC(80) y: Young Generation Statistics:
[2026-04-03T03:18:36.120+0600][35.672s][info][gc,heap     ] GC(80) y:                Mark Start          Mark End        Relocate Start      Relocate End    
[2026-04-03T03:18:36.120+0600][35.672s][info][gc,heap     ] GC(80) y:      Used:      130M (13%)         156M (16%)         156M (16%)          68M (7%)     
[2026-04-03T03:18:36.120+0600][35.672s][info][gc,heap     ] GC(80) y:      Live:         -                10M (1%)           10M (1%)           10M (1%)     
[2026-04-03T03:18:36.120+0600][35.672s][info][gc,heap     ] GC(80) y:   Garbage:         -               119M (12%)         119M (12%)          16M (2%)     
[2026-04-03T03:18:36.120+0600][35.672s][info][gc,heap     ] GC(80) y: Allocated:         -                26M (3%)           26M (3%)           41M (4%)     
[2026-04-03T03:18:36.120+0600][35.672s][info][gc,heap     ] GC(80) y: Reclaimed:         -                  -                 0M (0%)          103M (10%)    
[2026-04-03T03:18:36.120+0600][35.672s][info][gc,heap     ] GC(80) y:  Promoted:         -                  -                 0M (0%)            0M (0%)     
[2026-04-03T03:18:36.120+0600][35.672s][info][gc,heap     ] GC(80) y: Compacted:         -                  -                  -                 4M (0%)     
[2026-04-03T03:18:36.120+0600][35.672s][info][gc,phases   ] GC(80) y: Young Generation 726M(73%)->664M(66%) 0.155s
[2026-04-03T03:18:36.120+0600][35.672s][info][gc          ] GC(80) Minor Collection (Allocation Rate) 726M(73%)->664M(66%) 0.155s
[2026-04-03T03:18:36.121+0600][35.673s][info][gc          ] GC(81) Minor Collection (Allocation Rate)
[2026-04-03T03:18:36.121+0600][35.673s][info][gc,task     ] GC(81) Using 2 Workers for Young Generation
[2026-04-03T03:18:36.121+0600][35.673s][info][gc,phases   ] GC(81) y: Young Generation
[2026-04-03T03:18:36.121+0600][35.673s][info][gc,phases   ] GC(81) y: Pause Mark Start 0.034ms
[2026-04-03T03:18:36.167+0600][35.719s][info][gc,phases   ] GC(74) O: Concurrent Mark 1583.639ms
[2026-04-03T03:18:36.209+0600][35.761s][info][gc,phases   ] GC(74) O: Pause Mark End 0.039ms
[2026-04-03T03:18:36.209+0600][35.761s][info][gc,phases   ] GC(74) O: Concurrent Mark Free 0.004ms
[2026-04-03T03:18:36.252+0600][35.805s][info][gc,phases   ] GC(74) O: Concurrent Process Non-Strong 42.938ms
[2026-04-03T03:18:36.252+0600][35.805s][info][gc,phases   ] GC(74) O: Concurrent Reset Relocation Set 0.007ms
[2026-04-03T03:18:36.256+0600][35.808s][info][gc,phases   ] GC(81) y: Concurrent Mark 134.432ms
[2026-04-03T03:18:36.256+0600][35.808s][info][gc,phases   ] GC(81) y: Pause Mark End 0.033ms
[2026-04-03T03:18:36.256+0600][35.808s][info][gc,phases   ] GC(81) y: Concurrent Mark Free 0.001ms
[2026-04-03T03:18:36.256+0600][35.808s][info][gc,phases   ] GC(81) y: Concurrent Reset Relocation Set 0.011ms
[2026-04-03T03:18:36.262+0600][35.815s][info][gc,reloc    ] GC(81) y: Using tenuring threshold: 3 (Computed)
[2026-04-03T03:18:36.263+0600][35.816s][info][gc,phases   ] GC(81) y: Concurrent Select Relocation Set 7.173ms
[2026-04-03T03:18:36.265+0600][35.817s][info][gc,phases   ] GC(81) y: Pause Relocate Start 0.033ms
[2026-04-03T03:18:36.268+0600][35.820s][info][gc,phases   ] GC(74) O: Concurrent Select Relocation Set 15.383ms
[2026-04-03T03:18:36.272+0600][35.825s][info][gc,phases   ] GC(81) y: Concurrent Relocate 7.116ms
[2026-04-03T03:18:36.273+0600][35.825s][info][gc,alloc    ] GC(81) y:                         Mark Start        Mark End      Relocate Start    Relocate End   
[2026-04-03T03:18:36.273+0600][35.825s][info][gc,alloc    ] GC(81) y: Allocation Stalls:          0                0                0                0         
[2026-04-03T03:18:36.273+0600][35.825s][info][gc,load     ] GC(81) y: Load: 4.44 (37%) / 4.96 (41%) / 5.49 (46%)
[2026-04-03T03:18:36.273+0600][35.825s][info][gc,mmu      ] GC(81) y: MMU: 2ms/90.5%, 5ms/96.2%, 10ms/98.1%, 20ms/98.7%, 50ms/99.5%, 100ms/99.6%
[2026-04-03T03:18:36.273+0600][35.825s][info][gc,marking  ] GC(81) y: Mark: 2 stripe(s), 2 proactive flush(es), 1 terminate flush(es), 0 completion(s), 0 continuation(s) 
[2026-04-03T03:18:36.273+0600][35.825s][info][gc,marking  ] GC(81) y: Mark Stack Usage: 32M
[2026-04-03T03:18:36.273+0600][35.825s][info][gc,nmethod  ] GC(81) y: NMethods: 5596 registered, 448 unregistered
[2026-04-03T03:18:36.273+0600][35.825s][info][gc,metaspace] GC(81) y: Metaspace: 68M used, 69M committed, 1088M reserved
[2026-04-03T03:18:36.273+0600][35.825s][info][gc,reloc    ] GC(81) y:                        Candidates     Selected     In-Place         Size        Empty    Relocated 
[2026-04-03T03:18:36.273+0600][35.825s][info][gc,reloc    ] GC(81) y: Small Pages:                   16           11            0          32M           0M           1M 
[2026-04-03T03:18:36.273+0600][35.825s][info][gc,reloc    ] GC(81) y: Medium Pages:                   2            0            0          32M          16M           0M 
[2026-04-03T03:18:36.273+0600][35.825s][info][gc,reloc    ] GC(81) y: Large Pages:                    1            0            0           4M           0M           0M 
[2026-04-03T03:18:36.273+0600][35.825s][info][gc,reloc    ] GC(81) y: Forwarding Usage: 1M
[2026-04-03T03:18:36.273+0600][35.825s][info][gc,reloc    ] GC(81) y: Age Table:
[2026-04-03T03:18:36.273+0600][35.825s][info][gc,reloc    ] GC(81) y:                    Live             Garbage             Small              Medium             Large        
[2026-04-03T03:18:36.273+0600][35.825s][info][gc,reloc    ] GC(81) y: Eden               5M (1%)           20M (2%)           3 / 2              1 / 0              1 / 0        
[2026-04-03T03:18:36.273+0600][35.825s][info][gc,reloc    ] GC(81) y: Survivor 1         3M (0%)           22M (2%)           5 / 3              1 / 0              0 / 0        
[2026-04-03T03:18:36.273+0600][35.825s][info][gc,reloc    ] GC(81) y: Survivor 2         5M (1%)           10M (1%)           8 / 6              0 / 0              0 / 0        
[2026-04-03T03:18:36.273+0600][35.825s][info][gc,heap     ] GC(81) y: Min Capacity: 8M(1%)
[2026-04-03T03:18:36.273+0600][35.825s][info][gc,heap     ] GC(81) y: Max Capacity: 1000M(100%)
[2026-04-03T03:18:36.273+0600][35.825s][info][gc,heap     ] GC(81) y: Soft Max Capacity: 1000M(100%)
[2026-04-03T03:18:36.273+0600][35.825s][info][gc,heap     ] GC(81) y: Heap Statistics:
[2026-04-03T03:18:36.273+0600][35.825s][info][gc,heap     ] GC(81) y:                Mark Start          Mark End        Relocate Start      Relocate End           High               Low         
[2026-04-03T03:18:36.273+0600][35.825s][info][gc,heap     ] GC(81) y:  Capacity:     1000M (100%)       1000M (100%)       1000M (100%)       1000M (100%)       1000M (100%)       1000M (100%)   
[2026-04-03T03:18:36.273+0600][35.825s][info][gc,heap     ] GC(81) y:      Free:      336M (34%)         412M (41%)         428M (43%)         430M (43%)         430M (43%)         312M (31%)    
[2026-04-03T03:18:36.273+0600][35.825s][info][gc,heap     ] GC(81) y:      Used:      664M (66%)         588M (59%)         572M (57%)         570M (57%)         688M (69%)         570M (57%)    
[2026-04-03T03:18:36.273+0600][35.825s][info][gc,heap     ] GC(81) y: Young Generation Statistics:
[2026-04-03T03:18:36.273+0600][35.825s][info][gc,heap     ] GC(81) y:                Mark Start          Mark End        Relocate Start      Relocate End    
[2026-04-03T03:18:36.273+0600][35.825s][info][gc,heap     ] GC(81) y:      Used:       68M (7%)           92M (9%)           76M (8%)           74M (7%)     
[2026-04-03T03:18:36.273+0600][35.825s][info][gc,heap     ] GC(81) y:      Live:         -                14M (1%)           14M (1%)           14M (1%)     
[2026-04-03T03:18:36.273+0600][35.825s][info][gc,heap     ] GC(81) y:   Garbage:         -                53M (5%)           37M (4%)           15M (2%)     
[2026-04-03T03:18:36.273+0600][35.825s][info][gc,heap     ] GC(81) y: Allocated:         -                24M (2%)           24M (2%)           44M (4%)     
[2026-04-03T03:18:36.273+0600][35.825s][info][gc,heap     ] GC(81) y: Reclaimed:         -                  -                16M (2%)           38M (4%)     
[2026-04-03T03:18:36.273+0600][35.825s][info][gc,heap     ] GC(81) y:  Promoted:         -                  -                 0M (0%)            0M (0%)     
[2026-04-03T03:18:36.273+0600][35.825s][info][gc,heap     ] GC(81) y: Compacted:         -                  -                  -                 1M (0%)     
[2026-04-03T03:18:36.273+0600][35.825s][info][gc,phases   ] GC(81) y: Young Generation 664M(66%)->570M(57%) 0.152s
[2026-04-03T03:18:36.273+0600][35.825s][info][gc          ] GC(81) Minor Collection (Allocation Rate) 664M(66%)->570M(57%) 0.152s
[2026-04-03T03:18:36.273+0600][35.825s][info][gc,task     ] GC(74) O: Using 3 Workers for Old Generation
[2026-04-03T03:18:36.273+0600][35.825s][info][gc,task     ] Adjusting Workers for Old Generation: 3 -> 1
[2026-04-03T03:18:36.324+0600][35.876s][info][gc,task     ] GC(74) O: Using 1 Workers for Old Generation
[2026-04-03T03:18:36.324+0600][35.876s][info][gc,phases   ] GC(74) O: Concurrent Remap Roots 50.869ms
[2026-04-03T03:18:36.324+0600][35.876s][info][gc,phases   ] GC(74) O: Pause Relocate Start 0.028ms
[2026-04-03T03:18:36.324+0600][35.877s][info][gc          ] GC(82) Minor Collection (Allocation Rate)
[2026-04-03T03:18:36.324+0600][35.877s][info][gc,task     ] GC(82) Using 2 Workers for Young Generation
[2026-04-03T03:18:36.324+0600][35.877s][info][gc,phases   ] GC(82) y: Young Generation
[2026-04-03T03:18:36.325+0600][35.877s][info][gc,phases   ] GC(82) y: Pause Mark Start 0.022ms
[2026-04-03T03:18:36.467+0600][36.019s][info][gc,phases   ] GC(82) y: Concurrent Mark 141.966ms
[2026-04-03T03:18:36.475+0600][36.027s][info][gc,phases   ] GC(82) y: Pause Mark End 0.036ms
[2026-04-03T03:18:36.475+0600][36.027s][info][gc,phases   ] GC(82) y: Concurrent Mark Free 0.004ms
[2026-04-03T03:18:36.475+0600][36.028s][info][gc,phases   ] GC(82) y: Concurrent Reset Relocation Set 0.004ms
[2026-04-03T03:18:36.481+0600][36.033s][info][gc,reloc    ] GC(82) y: Using tenuring threshold: 4 (Computed)
[2026-04-03T03:18:36.482+0600][36.034s][info][gc,phases   ] GC(82) y: Concurrent Select Relocation Set 6.442ms
[2026-04-03T03:18:36.488+0600][36.040s][info][gc,phases   ] GC(82) y: Pause Relocate Start 0.051ms
[2026-04-03T03:18:36.495+0600][36.047s][info][gc,phases   ] GC(82) y: Concurrent Relocate 7.409ms
[2026-04-03T03:18:36.495+0600][36.048s][info][gc,alloc    ] GC(82) y:                         Mark Start        Mark End      Relocate Start    Relocate End   
[2026-04-03T03:18:36.495+0600][36.048s][info][gc,alloc    ] GC(82) y: Allocation Stalls:          0                0                0                0         
[2026-04-03T03:18:36.495+0600][36.048s][info][gc,load     ] GC(82) y: Load: 4.44 (37%) / 4.96 (41%) / 5.49 (46%)
[2026-04-03T03:18:36.495+0600][36.048s][info][gc,mmu      ] GC(82) y: MMU: 2ms/90.5%, 5ms/96.2%, 10ms/98.1%, 20ms/98.7%, 50ms/99.5%, 100ms/99.6%
[2026-04-03T03:18:36.495+0600][36.048s][info][gc,marking  ] GC(82) y: Mark: 2 stripe(s), 2 proactive flush(es), 1 terminate flush(es), 0 completion(s), 0 continuation(s) 
[2026-04-03T03:18:36.495+0600][36.048s][info][gc,marking  ] GC(82) y: Mark Stack Usage: 32M
[2026-04-03T03:18:36.495+0600][36.048s][info][gc,nmethod  ] GC(82) y: NMethods: 5597 registered, 448 unregistered
[2026-04-03T03:18:36.495+0600][36.048s][info][gc,metaspace] GC(82) y: Metaspace: 68M used, 69M committed, 1088M reserved
[2026-04-03T03:18:36.495+0600][36.048s][info][gc,reloc    ] GC(82) y:                        Candidates     Selected     In-Place         Size        Empty    Relocated 
[2026-04-03T03:18:36.495+0600][36.048s][info][gc,reloc    ] GC(82) y: Small Pages:                   19           14            0          38M           0M           1M 
[2026-04-03T03:18:36.495+0600][36.048s][info][gc,reloc    ] GC(82) y: Medium Pages:                   2            0            0          32M          16M           0M 
[2026-04-03T03:18:36.495+0600][36.048s][info][gc,reloc    ] GC(82) y: Large Pages:                    2            0            0           8M           0M           0M 
[2026-04-03T03:18:36.496+0600][36.048s][info][gc,reloc    ] GC(82) y: Forwarding Usage: 1M
[2026-04-03T03:18:36.496+0600][36.048s][info][gc,reloc    ] GC(82) y: Age Table:
[2026-04-03T03:18:36.496+0600][36.048s][info][gc,reloc    ] GC(82) y:                    Live             Garbage             Small              Medium             Large        
[2026-04-03T03:18:36.496+0600][36.048s][info][gc,reloc    ] GC(82) y: Eden               5M (1%)           22M (2%)           4 / 3              1 / 0              1 / 0        
[2026-04-03T03:18:36.496+0600][36.048s][info][gc,reloc    ] GC(82) y: Survivor 1         4M (0%)           19M (2%)           2 / 2              1 / 0              1 / 0        
[2026-04-03T03:18:36.496+0600][36.048s][info][gc,reloc    ] GC(82) y: Survivor 2         3M (0%)            8M (1%)           6 / 4              0 / 0              0 / 0        
[2026-04-03T03:18:36.496+0600][36.048s][info][gc,reloc    ] GC(82) y: Survivor 3         5M (1%)            8M (1%)           7 / 5              0 / 0              0 / 0        
[2026-04-03T03:18:36.496+0600][36.048s][info][gc,heap     ] GC(82) y: Min Capacity: 8M(1%)
[2026-04-03T03:18:36.496+0600][36.048s][info][gc,heap     ] GC(82) y: Max Capacity: 1000M(100%)
[2026-04-03T03:18:36.496+0600][36.048s][info][gc,heap     ] GC(82) y: Soft Max Capacity: 1000M(100%)
[2026-04-03T03:18:36.496+0600][36.048s][info][gc,heap     ] GC(82) y: Heap Statistics:
[2026-04-03T03:18:36.496+0600][36.048s][info][gc,heap     ] GC(82) y:                Mark Start          Mark End        Relocate Start      Relocate End           High               Low         
[2026-04-03T03:18:36.496+0600][36.048s][info][gc,heap     ] GC(82) y:  Capacity:     1000M (100%)       1000M (100%)       1000M (100%)       1000M (100%)       1000M (100%)       1000M (100%)   
[2026-04-03T03:18:36.496+0600][36.048s][info][gc,heap     ] GC(82) y:      Free:      426M (43%)         490M (49%)         506M (51%)         512M (51%)         512M (51%)         422M (42%)    
[2026-04-03T03:18:36.496+0600][36.048s][info][gc,heap     ] GC(82) y:      Used:      574M (57%)         510M (51%)         494M (49%)         488M (49%)         578M (58%)         488M (49%)    
[2026-04-03T03:18:36.496+0600][36.048s][info][gc,heap     ] GC(82) y: Young Generation Statistics:
[2026-04-03T03:18:36.496+0600][36.048s][info][gc,heap     ] GC(82) y:                Mark Start          Mark End        Relocate Start      Relocate End    
[2026-04-03T03:18:36.496+0600][36.048s][info][gc,heap     ] GC(82) y:      Used:       78M (8%)           80M (8%)           64M (6%)           58M (6%)     
[2026-04-03T03:18:36.496+0600][36.048s][info][gc,heap     ] GC(82) y:      Live:         -                18M (2%)           18M (2%)           18M (2%)     
[2026-04-03T03:18:36.496+0600][36.048s][info][gc,heap     ] GC(82) y:   Garbage:         -                59M (6%)           43M (4%)           15M (2%)     
[2026-04-03T03:18:36.496+0600][36.048s][info][gc,heap     ] GC(82) y: Allocated:         -                 2M (0%)            2M (0%)           24M (2%)     
[2026-04-03T03:18:36.496+0600][36.048s][info][gc,heap     ] GC(82) y: Reclaimed:         -                  -                16M (2%)           44M (4%)     
[2026-04-03T03:18:36.496+0600][36.048s][info][gc,heap     ] GC(82) y:  Promoted:         -                  -                 0M (0%)            0M (0%)     
[2026-04-03T03:18:36.496+0600][36.048s][info][gc,heap     ] GC(82) y: Compacted:         -                  -                  -                 1M (0%)     
[2026-04-03T03:18:36.496+0600][36.048s][info][gc,phases   ] GC(82) y: Young Generation 574M(57%)->488M(49%) 0.171s
[2026-04-03T03:18:36.496+0600][36.048s][info][gc          ] GC(82) Minor Collection (Allocation Rate) 574M(57%)->488M(49%) 0.171s
[2026-04-03T03:18:36.530+0600][36.082s][info][gc,phases   ] GC(74) O: Concurrent Relocate 205.831ms
[2026-04-03T03:18:36.530+0600][36.082s][info][gc,alloc    ] GC(74) O:                         Mark Start        Mark End      Relocate Start    Relocate End   
[2026-04-03T03:18:36.530+0600][36.082s][info][gc,alloc    ] GC(74) O: Allocation Stalls:          0                0                0                0         
[2026-04-03T03:18:36.530+0600][36.083s][info][gc,load     ] GC(74) O: Load: 4.44 (37%) / 4.96 (41%) / 5.49 (46%)
[2026-04-03T03:18:36.530+0600][36.083s][info][gc,mmu      ] GC(74) O: MMU: 2ms/90.5%, 5ms/96.2%, 10ms/98.1%, 20ms/98.7%, 50ms/99.5%, 100ms/99.6%
[2026-04-03T03:18:36.530+0600][36.083s][info][gc,marking  ] GC(74) O: Mark: 1 stripe(s), 2 proactive flush(es), 1 terminate flush(es), 0 completion(s), 0 continuation(s) 
[2026-04-03T03:18:36.530+0600][36.083s][info][gc,marking  ] GC(74) O: Mark Stack Usage: 32M
[2026-04-03T03:18:36.530+0600][36.083s][info][gc,nmethod  ] GC(74) O: NMethods: 5597 registered, 448 unregistered
[2026-04-03T03:18:36.530+0600][36.083s][info][gc,metaspace] GC(74) O: Metaspace: 68M used, 69M committed, 1088M reserved
[2026-04-03T03:18:36.530+0600][36.083s][info][gc,ref      ] GC(74) O:                       Encountered   Discovered     Enqueued 
[2026-04-03T03:18:36.530+0600][36.083s][info][gc,ref      ] GC(74) O: Soft References:             4954            0            0 
[2026-04-03T03:18:36.530+0600][36.083s][info][gc,ref      ] GC(74) O: Weak References:             6149         5342            1 
[2026-04-03T03:18:36.530+0600][36.083s][info][gc,ref      ] GC(74) O: Final References:              82           48            0 
[2026-04-03T03:18:36.530+0600][36.083s][info][gc,ref      ] GC(74) O: Phantom References:           611          214            0 
[2026-04-03T03:18:36.530+0600][36.083s][info][gc,reloc    ] GC(74) O:                        Candidates     Selected     In-Place         Size        Empty    Relocated 
[2026-04-03T03:18:36.530+0600][36.083s][info][gc,reloc    ] GC(74) O: Small Pages:                  178           35            0         356M          58M          11M 
[2026-04-03T03:18:36.530+0600][36.083s][info][gc,reloc    ] GC(74) O: Medium Pages:                   1            0            0          16M           0M           0M 
[2026-04-03T03:18:36.530+0600][36.083s][info][gc,reloc    ] GC(74) O: Large Pages:                    9            0            0          72M          42M           0M 
[2026-04-03T03:18:36.530+0600][36.083s][info][gc,reloc    ] GC(74) O: Forwarding Usage: 23M
[2026-04-03T03:18:36.530+0600][36.083s][info][gc,heap     ] GC(74) O: Min Capacity: 8M(1%)
[2026-04-03T03:18:36.530+0600][36.083s][info][gc,heap     ] GC(74) O: Max Capacity: 1000M(100%)
[2026-04-03T03:18:36.530+0600][36.083s][info][gc,heap     ] GC(74) O: Soft Max Capacity: 1000M(100%)
[2026-04-03T03:18:36.531+0600][36.083s][info][gc,heap     ] GC(74) O: Heap Statistics:
[2026-04-03T03:18:36.531+0600][36.083s][info][gc,heap     ] GC(74) O:                Mark Start          Mark End        Relocate Start      Relocate End           High               Low         
[2026-04-03T03:18:36.531+0600][36.083s][info][gc,heap     ] GC(74) O:  Capacity:     1000M (100%)       1000M (100%)       1000M (100%)       1000M (100%)       1000M (100%)       1000M (100%)   
[2026-04-03T03:18:36.531+0600][36.083s][info][gc,heap     ] GC(74) O:      Free:      294M (29%)         330M (33%)         426M (43%)         518M (52%)         518M (52%)           0M (0%)     
[2026-04-03T03:18:36.531+0600][36.083s][info][gc,heap     ] GC(74) O:      Used:      706M (71%)         670M (67%)         574M (57%)         482M (48%)        1000M (100%)        482M (48%)    
[2026-04-03T03:18:36.531+0600][36.083s][info][gc,heap     ] GC(74) O: Old Generation Statistics:
[2026-04-03T03:18:36.531+0600][36.083s][info][gc,heap     ] GC(74) O:                Mark Start          Mark End        Relocate Start      Relocate End    
[2026-04-03T03:18:36.531+0600][36.083s][info][gc,heap     ] GC(74) O:      Used:      444M (44%)         596M (60%)         496M (50%)         424M (42%)    
[2026-04-03T03:18:36.531+0600][36.083s][info][gc,heap     ] GC(74) O:      Live:         -               254M (25%)         254M (25%)         254M (25%)    
[2026-04-03T03:18:36.531+0600][36.083s][info][gc,heap     ] GC(74) O:   Garbage:         -               189M (19%)          89M (9%)           15M (2%)     
[2026-04-03T03:18:36.531+0600][36.083s][info][gc,heap     ] GC(74) O: Allocated:         -               152M (15%)         152M (15%)         154M (15%)    
[2026-04-03T03:18:36.531+0600][36.083s][info][gc,heap     ] GC(74) O: Reclaimed:         -                  -               100M (10%)         174M (17%)    
[2026-04-03T03:18:36.531+0600][36.083s][info][gc,heap     ] GC(74) O: Compacted:         -                  -                  -                29M (3%)     
[2026-04-03T03:18:36.531+0600][36.083s][info][gc,phases   ] GC(74) O: Old Generation 808M(81%)->482M(48%) 1.947s
[2026-04-03T03:18:36.531+0600][36.083s][info][gc          ] GC(74) Major Collection (Allocation Rate) 706M(71%)->482M(48%) 2.265s
[2026-04-03T03:18:36.901+0600][36.454s][info][gc          ] GC(83) Major Collection (Allocation Rate)
[2026-04-03T03:18:36.902+0600][36.454s][info][gc,task     ] GC(83) Using 3 Workers for Young Generation
[2026-04-03T03:18:36.902+0600][36.454s][info][gc,task     ] GC(83) Using 1 Workers for Old Generation
[2026-04-03T03:18:36.902+0600][36.454s][info][gc,phases   ] GC(83) Y: Young Generation
[2026-04-03T03:18:36.902+0600][36.454s][info][gc,phases   ] GC(83) Y: Pause Mark Start (Major) 0.023ms
[2026-04-03T03:18:36.990+0600][36.542s][info][gc,phases   ] GC(83) Y: Concurrent Mark 88.247ms
[2026-04-03T03:18:36.991+0600][36.543s][info][gc,phases   ] GC(83) Y: Pause Mark End 0.021ms
[2026-04-03T03:18:36.991+0600][36.543s][info][gc,phases   ] GC(83) Y: Concurrent Mark Free 0.001ms
[2026-04-03T03:18:36.991+0600][36.543s][info][gc,phases   ] GC(83) Y: Concurrent Reset Relocation Set 0.003ms
[2026-04-03T03:18:36.992+0600][36.544s][info][gc,reloc    ] GC(83) Y: Using tenuring threshold: 1 (Computed)
[2026-04-03T03:18:36.996+0600][36.549s][info][gc,phases   ] GC(83) Y: Concurrent Select Relocation Set 5.785ms
[2026-04-03T03:18:36.997+0600][36.549s][info][gc,phases   ] GC(83) Y: Pause Relocate Start 0.019ms
[2026-04-03T03:18:37.004+0600][36.556s][info][gc,phases   ] GC(83) Y: Concurrent Relocate 6.747ms
[2026-04-03T03:18:37.004+0600][36.556s][info][gc,alloc    ] GC(83) Y:                         Mark Start        Mark End      Relocate Start    Relocate End   
[2026-04-03T03:18:37.004+0600][36.556s][info][gc,alloc    ] GC(83) Y: Allocation Stalls:          0                0                0                0         
[2026-04-03T03:18:37.004+0600][36.556s][info][gc,load     ] GC(83) Y: Load: 4.44 (37%) / 4.96 (41%) / 5.49 (46%)
[2026-04-03T03:18:37.004+0600][36.556s][info][gc,mmu      ] GC(83) Y: MMU: 2ms/90.5%, 5ms/96.2%, 10ms/98.1%, 20ms/98.7%, 50ms/99.5%, 100ms/99.6%
[2026-04-03T03:18:37.004+0600][36.556s][info][gc,marking  ] GC(83) Y: Mark: 2 stripe(s), 10 proactive flush(es), 1 terminate flush(es), 0 completion(s), 0 continuation(s) 
[2026-04-03T03:18:37.004+0600][36.556s][info][gc,marking  ] GC(83) Y: Mark Stack Usage: 32M
[2026-04-03T03:18:37.004+0600][36.556s][info][gc,nmethod  ] GC(83) Y: NMethods: 5657 registered, 448 unregistered
[2026-04-03T03:18:37.004+0600][36.556s][info][gc,metaspace] GC(83) Y: Metaspace: 68M used, 69M committed, 1088M reserved
[2026-04-03T03:18:37.004+0600][36.556s][info][gc,reloc    ] GC(83) Y:                        Candidates     Selected     In-Place         Size        Empty    Relocated 
[2026-04-03T03:18:37.004+0600][36.556s][info][gc,reloc    ] GC(83) Y: Small Pages:                   33           17            0          66M          20M           0M 
[2026-04-03T03:18:37.004+0600][36.556s][info][gc,reloc    ] GC(83) Y: Medium Pages:                   2            0            0          32M          16M           0M 
[2026-04-03T03:18:37.004+0600][36.556s][info][gc,reloc    ] GC(83) Y: Large Pages:                    5            0            0          20M          16M           0M 
[2026-04-03T03:18:37.004+0600][36.556s][info][gc,reloc    ] GC(83) Y: Forwarding Usage: 0M
[2026-04-03T03:18:37.004+0600][36.556s][info][gc,reloc    ] GC(83) Y: Age Table:
[2026-04-03T03:18:37.004+0600][36.556s][info][gc,reloc    ] GC(83) Y:                    Live             Garbage             Small              Medium             Large        
[2026-04-03T03:18:37.004+0600][36.556s][info][gc,reloc    ] GC(83) Y: Eden               5M (1%)           56M (6%)          17 / 7              1 / 0              3 / 0        
[2026-04-03T03:18:37.004+0600][36.556s][info][gc,reloc    ] GC(83) Y: Survivor 1         0M (0%)           21M (2%)           1 / 1              1 / 0              1 / 0        
[2026-04-03T03:18:37.004+0600][36.556s][info][gc,reloc    ] GC(83) Y: Survivor 2         0M (0%)            7M (1%)           2 / 2              0 / 0              1 / 0        
[2026-04-03T03:18:37.004+0600][36.556s][info][gc,reloc    ] GC(83) Y: Survivor 3         3M (0%)            8M (1%)           6 / 3              0 / 0              0 / 0        
[2026-04-03T03:18:37.004+0600][36.556s][info][gc,reloc    ] GC(83) Y: Survivor 4         5M (1%)            8M (1%)           7 / 4              0 / 0              0 / 0        
[2026-04-03T03:18:37.004+0600][36.556s][info][gc,heap     ] GC(83) Y: Min Capacity: 8M(1%)
[2026-04-03T03:18:37.004+0600][36.556s][info][gc,heap     ] GC(83) Y: Max Capacity: 1000M(100%)
[2026-04-03T03:18:37.004+0600][36.556s][info][gc,heap     ] GC(83) Y: Soft Max Capacity: 1000M(100%)
[2026-04-03T03:18:37.004+0600][36.556s][info][gc,heap     ] GC(83) Y: Heap Statistics:
[2026-04-03T03:18:37.004+0600][36.556s][info][gc,heap     ] GC(83) Y:                Mark Start          Mark End        Relocate Start      Relocate End           High               Low         
[2026-04-03T03:18:37.004+0600][36.556s][info][gc,heap     ] GC(83) Y:  Capacity:     1000M (100%)       1000M (100%)       1000M (100%)       1000M (100%)       1000M (100%)       1000M (100%)   
[2026-04-03T03:18:37.004+0600][36.556s][info][gc,heap     ] GC(83) Y:      Free:      458M (46%)         424M (42%)         476M (48%)         500M (50%)         500M (50%)         424M (42%)    
[2026-04-03T03:18:37.004+0600][36.556s][info][gc,heap     ] GC(83) Y:      Used:      542M (54%)         576M (58%)         524M (52%)         500M (50%)         576M (58%)         500M (50%)    
[2026-04-03T03:18:37.004+0600][36.556s][info][gc,heap     ] GC(83) Y: Young Generation Statistics:
[2026-04-03T03:18:37.004+0600][36.556s][info][gc,heap     ] GC(83) Y:                Mark Start          Mark End        Relocate Start      Relocate End    
[2026-04-03T03:18:37.004+0600][36.556s][info][gc,heap     ] GC(83) Y:      Used:      118M (12%)         152M (15%)          90M (9%)           58M (6%)     
[2026-04-03T03:18:37.004+0600][36.556s][info][gc,heap     ] GC(83) Y:      Live:         -                14M (1%)            5M (1%)            5M (1%)     
[2026-04-03T03:18:37.004+0600][36.556s][info][gc,heap     ] GC(83) Y:   Garbage:         -               103M (10%)          50M (5%)           14M (1%)     
[2026-04-03T03:18:37.004+0600][36.556s][info][gc,heap     ] GC(83) Y: Allocated:         -                34M (3%)           34M (3%)           37M (4%)     
[2026-04-03T03:18:37.004+0600][36.556s][info][gc,heap     ] GC(83) Y: Reclaimed:         -                  -                53M (5%)           88M (9%)     
[2026-04-03T03:18:37.004+0600][36.556s][info][gc,heap     ] GC(83) Y:  Promoted:         -                  -                 8M (1%)            9M (1%)     
[2026-04-03T03:18:37.004+0600][36.556s][info][gc,heap     ] GC(83) Y: Compacted:         -                  -                  -                 0M (0%)     
[2026-04-03T03:18:37.004+0600][36.556s][info][gc,phases   ] GC(83) Y: Young Generation 542M(54%)->500M(50%) 0.102s
[2026-04-03T03:18:37.004+0600][36.556s][info][gc,phases   ] GC(83) O: Old Generation
[2026-04-03T03:18:37.281+0600][36.833s][info][gc          ] GC(84) Minor Collection (Allocation Rate)
[2026-04-03T03:18:37.281+0600][36.833s][info][gc,task     ] GC(84) Using 2 Workers for Young Generation
[2026-04-03T03:18:37.281+0600][36.833s][info][gc,phases   ] GC(84) y: Young Generation
[2026-04-03T03:18:37.281+0600][36.834s][info][gc,phases   ] GC(84) y: Pause Mark Start 0.054ms
[2026-04-03T03:18:37.372+0600][36.924s][info][gc,phases   ] GC(84) y: Concurrent Mark 90.565ms
[2026-04-03T03:18:37.372+0600][36.925s][info][gc,phases   ] GC(84) y: Pause Mark End 0.037ms
[2026-04-03T03:18:37.372+0600][36.925s][info][gc,phases   ] GC(84) y: Concurrent Mark Free 0.001ms
[2026-04-03T03:18:37.373+0600][36.925s][info][gc,phases   ] GC(84) y: Concurrent Reset Relocation Set 0.030ms
[2026-04-03T03:18:37.379+0600][36.931s][info][gc,reloc    ] GC(84) y: Using tenuring threshold: 2 (Computed)
[2026-04-03T03:18:37.385+0600][36.937s][info][gc,phases   ] GC(84) y: Concurrent Select Relocation Set 11.972ms
[2026-04-03T03:18:37.385+0600][36.937s][info][gc,phases   ] GC(84) y: Pause Relocate Start 0.055ms
[2026-04-03T03:18:37.403+0600][36.955s][info][gc,phases   ] GC(84) y: Concurrent Relocate 17.633ms
[2026-04-03T03:18:37.403+0600][36.955s][info][gc,alloc    ] GC(84) y:                         Mark Start        Mark End      Relocate Start    Relocate End   
[2026-04-03T03:18:37.403+0600][36.955s][info][gc,alloc    ] GC(84) y: Allocation Stalls:          0                0                0                0         
[2026-04-03T03:18:37.403+0600][36.955s][info][gc,load     ] GC(84) y: Load: 4.44 (37%) / 4.96 (41%) / 5.49 (46%)
[2026-04-03T03:18:37.403+0600][36.955s][info][gc,mmu      ] GC(84) y: MMU: 2ms/90.5%, 5ms/96.2%, 10ms/98.1%, 20ms/98.7%, 50ms/99.5%, 100ms/99.6%
[2026-04-03T03:18:37.403+0600][36.955s][info][gc,marking  ] GC(84) y: Mark: 2 stripe(s), 10 proactive flush(es), 1 terminate flush(es), 0 completion(s), 0 continuation(s) 
[2026-04-03T03:18:37.403+0600][36.955s][info][gc,marking  ] GC(84) y: Mark Stack Usage: 32M
[2026-04-03T03:18:37.403+0600][36.955s][info][gc,nmethod  ] GC(84) y: NMethods: 5739 registered, 448 unregistered
[2026-04-03T03:18:37.403+0600][36.955s][info][gc,metaspace] GC(84) y: Metaspace: 68M used, 69M committed, 1088M reserved
[2026-04-03T03:18:37.403+0600][36.956s][info][gc,reloc    ] GC(84) y:                        Candidates     Selected     In-Place         Size        Empty    Relocated 
[2026-04-03T03:18:37.403+0600][36.956s][info][gc,reloc    ] GC(84) y: Small Pages:                   48           39            0          96M          10M           4M 
[2026-04-03T03:18:37.403+0600][36.956s][info][gc,reloc    ] GC(84) y: Medium Pages:                   2            0            0          32M          16M           0M 
[2026-04-03T03:18:37.403+0600][36.956s][info][gc,reloc    ] GC(84) y: Large Pages:                    3            0            0          14M          10M           0M 
[2026-04-03T03:18:37.403+0600][36.956s][info][gc,reloc    ] GC(84) y: Forwarding Usage: 5M
[2026-04-03T03:18:37.403+0600][36.956s][info][gc,reloc    ] GC(84) y: Age Table:
[2026-04-03T03:18:37.403+0600][36.956s][info][gc,reloc    ] GC(84) y:                    Live             Garbage             Small              Medium             Large        
[2026-04-03T03:18:37.403+0600][36.956s][info][gc,reloc    ] GC(84) y: Eden              12M (1%)          105M (11%)         46 / 37             1 / 0              2 / 0        
[2026-04-03T03:18:37.403+0600][36.956s][info][gc,reloc    ] GC(84) y: Survivor 1         0M (0%)           23M (2%)           2 / 2              1 / 0              1 / 0        
[2026-04-03T03:18:37.403+0600][36.956s][info][gc,heap     ] GC(84) y: Min Capacity: 8M(1%)
[2026-04-03T03:18:37.403+0600][36.956s][info][gc,heap     ] GC(84) y: Max Capacity: 1000M(100%)
[2026-04-03T03:18:37.403+0600][36.956s][info][gc,heap     ] GC(84) y: Soft Max Capacity: 1000M(100%)
[2026-04-03T03:18:37.403+0600][36.956s][info][gc,heap     ] GC(84) y: Heap Statistics:
[2026-04-03T03:18:37.403+0600][36.956s][info][gc,heap     ] GC(84) y:                Mark Start          Mark End        Relocate Start      Relocate End           High               Low         
[2026-04-03T03:18:37.404+0600][36.956s][info][gc,heap     ] GC(84) y:  Capacity:     1000M (100%)       1000M (100%)       1000M (100%)       1000M (100%)       1000M (100%)       1000M (100%)   
[2026-04-03T03:18:37.404+0600][36.956s][info][gc,heap     ] GC(84) y:      Free:      416M (42%)         348M (35%)         380M (38%)         444M (44%)         444M (44%)         344M (34%)    
[2026-04-03T03:18:37.404+0600][36.956s][info][gc,heap     ] GC(84) y:      Used:      584M (58%)         652M (65%)         620M (62%)         556M (56%)         656M (66%)         556M (56%)    
[2026-04-03T03:18:37.404+0600][36.956s][info][gc,heap     ] GC(84) y: Young Generation Statistics:
[2026-04-03T03:18:37.404+0600][36.956s][info][gc,heap     ] GC(84) y:                Mark Start          Mark End        Relocate Start      Relocate End    
[2026-04-03T03:18:37.404+0600][36.956s][info][gc,heap     ] GC(84) y:      Used:      142M (14%)         210M (21%)         178M (18%)         114M (11%)    
[2026-04-03T03:18:37.404+0600][36.956s][info][gc,heap     ] GC(84) y:      Live:         -                12M (1%)           12M (1%)           12M (1%)     
[2026-04-03T03:18:37.404+0600][36.956s][info][gc,heap     ] GC(84) y:   Garbage:         -               129M (13%)          93M (9%)           12M (1%)     
[2026-04-03T03:18:37.404+0600][36.956s][info][gc,heap     ] GC(84) y: Allocated:         -                68M (7%)           72M (7%)           88M (9%)     
[2026-04-03T03:18:37.404+0600][36.956s][info][gc,heap     ] GC(84) y: Reclaimed:         -                  -                36M (4%)          116M (12%)    
[2026-04-03T03:18:37.404+0600][36.956s][info][gc,heap     ] GC(84) y:  Promoted:         -                  -                 0M (0%)            0M (0%)     
[2026-04-03T03:18:37.404+0600][36.956s][info][gc,heap     ] GC(84) y: Compacted:         -                  -                  -                 5M (1%)     
[2026-04-03T03:18:37.404+0600][36.956s][info][gc,phases   ] GC(84) y: Young Generation 584M(58%)->556M(56%) 0.122s
[2026-04-03T03:18:37.404+0600][36.956s][info][gc          ] GC(84) Minor Collection (Allocation Rate) 584M(58%)->556M(56%) 0.123s
[2026-04-03T03:18:37.570+0600][37.122s][info][gc          ] GC(85) Minor Collection (Allocation Rate)
[2026-04-03T03:18:37.570+0600][37.122s][info][gc,task     ] GC(85) Using 2 Workers for Young Generation
[2026-04-03T03:18:37.570+0600][37.122s][info][gc,phases   ] GC(85) y: Young Generation
[2026-04-03T03:18:37.570+0600][37.122s][info][gc,phases   ] GC(85) y: Pause Mark Start 0.038ms
[2026-04-03T03:18:37.770+0600][37.322s][info][gc,phases   ] GC(85) y: Concurrent Mark 199.805ms
[2026-04-03T03:18:37.771+0600][37.323s][info][gc,phases   ] GC(85) y: Pause Mark End 0.029ms
[2026-04-03T03:18:37.771+0600][37.323s][info][gc,phases   ] GC(85) y: Concurrent Mark Free 0.003ms
[2026-04-03T03:18:37.771+0600][37.323s][info][gc,phases   ] GC(85) y: Concurrent Reset Relocation Set 0.012ms
[2026-04-03T03:18:37.778+0600][37.330s][info][gc,reloc    ] GC(85) y: Using tenuring threshold: 3 (Computed)
[2026-04-03T03:18:37.789+0600][37.341s][info][gc,phases   ] GC(85) y: Concurrent Select Relocation Set 17.738ms
[2026-04-03T03:18:37.789+0600][37.341s][info][gc,phases   ] GC(85) y: Pause Relocate Start 0.022ms
[2026-04-03T03:18:37.850+0600][37.402s][info][gc,phases   ] GC(85) y: Concurrent Relocate 60.839ms
[2026-04-03T03:18:37.850+0600][37.402s][info][gc,alloc    ] GC(85) y:                         Mark Start        Mark End      Relocate Start    Relocate End   
[2026-04-03T03:18:37.850+0600][37.403s][info][gc,alloc    ] GC(85) y: Allocation Stalls:          0                0                0                0         
[2026-04-03T03:18:37.850+0600][37.403s][info][gc,load     ] GC(85) y: Load: 4.44 (37%) / 4.96 (41%) / 5.49 (46%)
[2026-04-03T03:18:37.850+0600][37.403s][info][gc,mmu      ] GC(85) y: MMU: 2ms/90.5%, 5ms/96.2%, 10ms/98.1%, 20ms/98.7%, 50ms/99.5%, 100ms/99.6%
[2026-04-03T03:18:37.850+0600][37.403s][info][gc,marking  ] GC(85) y: Mark: 2 stripe(s), 3 proactive flush(es), 1 terminate flush(es), 0 completion(s), 0 continuation(s) 
[2026-04-03T03:18:37.850+0600][37.403s][info][gc,marking  ] GC(85) y: Mark Stack Usage: 32M
[2026-04-03T03:18:37.850+0600][37.403s][info][gc,nmethod  ] GC(85) y: NMethods: 5800 registered, 448 unregistered
[2026-04-03T03:18:37.850+0600][37.403s][info][gc,metaspace] GC(85) y: Metaspace: 68M used, 69M committed, 1088M reserved
[2026-04-03T03:18:37.850+0600][37.403s][info][gc,reloc    ] GC(85) y:                        Candidates     Selected     In-Place         Size        Empty    Relocated 
[2026-04-03T03:18:37.850+0600][37.403s][info][gc,reloc    ] GC(85) y: Small Pages:                   53           40            0         106M           0M          14M 
[2026-04-03T03:18:37.850+0600][37.403s][info][gc,reloc    ] GC(85) y: Medium Pages:                   1            0            0          16M          16M           0M 
[2026-04-03T03:18:37.850+0600][37.403s][info][gc,reloc    ] GC(85) y: Large Pages:                   10            0            0          64M          24M           0M 
[2026-04-03T03:18:37.850+0600][37.403s][info][gc,reloc    ] GC(85) y: Forwarding Usage: 22M
[2026-04-03T03:18:37.850+0600][37.403s][info][gc,reloc    ] GC(85) y: Age Table:
[2026-04-03T03:18:37.850+0600][37.403s][info][gc,reloc    ] GC(85) y:                    Live             Garbage             Small              Medium             Large        
[2026-04-03T03:18:37.850+0600][37.403s][info][gc,reloc    ] GC(85) y: Eden              54M (5%)           93M (9%)          44 / 33             0 / 0              9 / 0        
[2026-04-03T03:18:37.851+0600][37.403s][info][gc,reloc    ] GC(85) y: Survivor 1         7M (1%)           26M (3%)           7 / 6              1 / 0              1 / 0        
[2026-04-03T03:18:37.851+0600][37.403s][info][gc,reloc    ] GC(85) y: Survivor 2         0M (0%)            3M (0%)           2 / 1              0 / 0              0 / 0        
[2026-04-03T03:18:37.851+0600][37.403s][info][gc,heap     ] GC(85) y: Min Capacity: 8M(1%)
[2026-04-03T03:18:37.851+0600][37.403s][info][gc,heap     ] GC(85) y: Max Capacity: 1000M(100%)
[2026-04-03T03:18:37.851+0600][37.403s][info][gc,heap     ] GC(85) y: Soft Max Capacity: 1000M(100%)
[2026-04-03T03:18:37.851+0600][37.403s][info][gc,heap     ] GC(85) y: Heap Statistics:
[2026-04-03T03:18:37.851+0600][37.403s][info][gc,heap     ] GC(85) y:                Mark Start          Mark End        Relocate Start      Relocate End           High               Low         
[2026-04-03T03:18:37.851+0600][37.403s][info][gc,heap     ] GC(85) y:  Capacity:     1000M (100%)       1000M (100%)       1000M (100%)       1000M (100%)       1000M (100%)       1000M (100%)   
[2026-04-03T03:18:37.851+0600][37.403s][info][gc,heap     ] GC(85) y:      Free:      372M (37%)         244M (24%)         282M (28%)         348M (35%)         372M (37%)         242M (24%)    
[2026-04-03T03:18:37.851+0600][37.403s][info][gc,heap     ] GC(85) y:      Used:      628M (63%)         756M (76%)         718M (72%)         652M (65%)         758M (76%)         628M (63%)    
[2026-04-03T03:18:37.851+0600][37.403s][info][gc,heap     ] GC(85) y: Young Generation Statistics:
[2026-04-03T03:18:37.851+0600][37.403s][info][gc,heap     ] GC(85) y:                Mark Start          Mark End        Relocate Start      Relocate End    
[2026-04-03T03:18:37.851+0600][37.403s][info][gc,heap     ] GC(85) y:      Used:      186M (19%)         314M (31%)         276M (28%)         210M (21%)    
[2026-04-03T03:18:37.851+0600][37.403s][info][gc,heap     ] GC(85) y:      Live:         -                62M (6%)           62M (6%)           62M (6%)     
[2026-04-03T03:18:37.851+0600][37.403s][info][gc,heap     ] GC(85) y:   Garbage:         -               123M (12%)          83M (8%)            0M (0%)     
[2026-04-03T03:18:37.851+0600][37.403s][info][gc,heap     ] GC(85) y: Allocated:         -               128M (13%)         130M (13%)         147M (15%)    
[2026-04-03T03:18:37.851+0600][37.403s][info][gc,heap     ] GC(85) y: Reclaimed:         -                  -                40M (4%)          123M (12%)    
[2026-04-03T03:18:37.851+0600][37.403s][info][gc,heap     ] GC(85) y:  Promoted:         -                  -                 0M (0%)            0M (0%)     
[2026-04-03T03:18:37.851+0600][37.403s][info][gc,heap     ] GC(85) y: Compacted:         -                  -                  -                20M (2%)     
[2026-04-03T03:18:37.851+0600][37.403s][info][gc,phases   ] GC(85) y: Young Generation 628M(63%)->652M(65%) 0.280s
[2026-04-03T03:18:37.851+0600][37.403s][info][gc          ] GC(85) Minor Collection (Allocation Rate) 628M(63%)->652M(65%) 0.281s
[2026-04-03T03:18:37.851+0600][37.403s][info][gc          ] GC(86) Minor Collection (Allocation Rate)
[2026-04-03T03:18:37.851+0600][37.403s][info][gc,task     ] GC(86) Using 2 Workers for Young Generation
[2026-04-03T03:18:37.851+0600][37.403s][info][gc,phases   ] GC(86) y: Young Generation
[2026-04-03T03:18:37.851+0600][37.404s][info][gc,phases   ] GC(86) y: Pause Mark Start 0.028ms
[2026-04-03T03:18:37.874+0600][37.426s][info][gc,phases   ] GC(86) y: Concurrent Mark 22.381ms
[2026-04-03T03:18:37.874+0600][37.426s][info][gc,phases   ] GC(86) y: Pause Mark End 0.028ms
[2026-04-03T03:18:37.874+0600][37.426s][info][gc,phases   ] GC(86) y: Concurrent Mark Free 0.001ms
[2026-04-03T03:18:37.874+0600][37.426s][info][gc,phases   ] GC(86) y: Concurrent Reset Relocation Set 0.014ms
[2026-04-03T03:18:37.877+0600][37.429s][info][gc,reloc    ] GC(86) y: Using tenuring threshold: 4 (Computed)
[2026-04-03T03:18:37.880+0600][37.432s][info][gc,phases   ] GC(86) y: Concurrent Select Relocation Set 5.276ms
[2026-04-03T03:18:37.882+0600][37.434s][info][gc,phases   ] GC(86) y: Pause Relocate Start 0.023ms
[2026-04-03T03:18:37.882+0600][37.435s][info][gc,phases   ] GC(86) y: Concurrent Relocate 0.585ms
[2026-04-03T03:18:37.882+0600][37.435s][info][gc,alloc    ] GC(86) y:                         Mark Start        Mark End      Relocate Start    Relocate End   
[2026-04-03T03:18:37.882+0600][37.435s][info][gc,alloc    ] GC(86) y: Allocation Stalls:          0                0                0                0         
[2026-04-03T03:18:37.883+0600][37.435s][info][gc,load     ] GC(86) y: Load: 4.44 (37%) / 4.96 (41%) / 5.49 (46%)
[2026-04-03T03:18:37.883+0600][37.435s][info][gc,mmu      ] GC(86) y: MMU: 2ms/90.5%, 5ms/96.2%, 10ms/98.1%, 20ms/98.7%, 50ms/99.5%, 100ms/99.6%
[2026-04-03T03:18:37.883+0600][37.435s][info][gc,marking  ] GC(86) y: Mark: 2 stripe(s), 10 proactive flush(es), 1 terminate flush(es), 0 completion(s), 0 continuation(s) 
[2026-04-03T03:18:37.883+0600][37.435s][info][gc,marking  ] GC(86) y: Mark Stack Usage: 32M
[2026-04-03T03:18:37.883+0600][37.435s][info][gc,nmethod  ] GC(86) y: NMethods: 5801 registered, 448 unregistered
[2026-04-03T03:18:37.883+0600][37.435s][info][gc,metaspace] GC(86) y: Metaspace: 68M used, 69M committed, 1088M reserved
[2026-04-03T03:18:37.883+0600][37.435s][info][gc,reloc    ] GC(86) y:                        Candidates     Selected     In-Place         Size        Empty    Relocated 
[2026-04-03T03:18:37.883+0600][37.435s][info][gc,reloc    ] GC(86) y: Small Pages:                   77           18            0         154M         116M           0M 
[2026-04-03T03:18:37.883+0600][37.435s][info][gc,reloc    ] GC(86) y: Medium Pages:                   1            0            0          16M          16M           0M 
[2026-04-03T03:18:37.883+0600][37.435s][info][gc,reloc    ] GC(86) y: Large Pages:                    5            0            0          40M          36M           0M 
[2026-04-03T03:18:37.883+0600][37.435s][info][gc,reloc    ] GC(86) y: Forwarding Usage: 0M
[2026-04-03T03:18:37.883+0600][37.435s][info][gc,reloc    ] GC(86) y: Age Table:
[2026-04-03T03:18:37.883+0600][37.435s][info][gc,reloc    ] GC(86) y:                    Live             Garbage             Small              Medium             Large        
[2026-04-03T03:18:37.883+0600][37.435s][info][gc,reloc    ] GC(86) y: Eden               0M (0%)          133M (13%)         59 / 12             1 / 0              0 / 0        
[2026-04-03T03:18:37.883+0600][37.435s][info][gc,reloc    ] GC(86) y: Survivor 1          -                58M (6%)          11 / 0              0 / 0              4 / 0        
[2026-04-03T03:18:37.883+0600][37.435s][info][gc,reloc    ] GC(86) y: Survivor 2         4M (0%)           11M (1%)           6 / 5              0 / 0              1 / 0        
[2026-04-03T03:18:37.883+0600][37.435s][info][gc,reloc    ] GC(86) y: Survivor 3         0M (0%)            1M (0%)           1 / 1              0 / 0              0 / 0        
[2026-04-03T03:18:37.883+0600][37.435s][info][gc,heap     ] GC(86) y: Min Capacity: 8M(1%)
[2026-04-03T03:18:37.883+0600][37.435s][info][gc,heap     ] GC(86) y: Max Capacity: 1000M(100%)
[2026-04-03T03:18:37.883+0600][37.435s][info][gc,heap     ] GC(86) y: Soft Max Capacity: 1000M(100%)
[2026-04-03T03:18:37.883+0600][37.435s][info][gc,heap     ] GC(86) y: Heap Statistics:
[2026-04-03T03:18:37.883+0600][37.435s][info][gc,heap     ] GC(86) y:                Mark Start          Mark End        Relocate Start      Relocate End           High               Low         
[2026-04-03T03:18:37.883+0600][37.435s][info][gc,heap     ] GC(86) y:  Capacity:     1000M (100%)       1000M (100%)       1000M (100%)       1000M (100%)       1000M (100%)       1000M (100%)   
[2026-04-03T03:18:37.883+0600][37.435s][info][gc,heap     ] GC(86) y:      Free:      348M (35%)         316M (32%)         478M (48%)         498M (50%)         498M (50%)         312M (31%)    
[2026-04-03T03:18:37.883+0600][37.435s][info][gc,heap     ] GC(86) y:      Used:      652M (65%)         684M (68%)         522M (52%)         502M (50%)         688M (69%)         502M (50%)    
[2026-04-03T03:18:37.883+0600][37.435s][info][gc,heap     ] GC(86) y: Young Generation Statistics:
[2026-04-03T03:18:37.883+0600][37.435s][info][gc,heap     ] GC(86) y:                Mark Start          Mark End        Relocate Start      Relocate End    
[2026-04-03T03:18:37.883+0600][37.435s][info][gc,heap     ] GC(86) y:      Used:      210M (21%)         242M (24%)          80M (8%)           60M (6%)     
[2026-04-03T03:18:37.883+0600][37.435s][info][gc,heap     ] GC(86) y:      Live:         -                 4M (0%)            4M (0%)            4M (0%)     
[2026-04-03T03:18:37.883+0600][37.435s][info][gc,heap     ] GC(86) y:   Garbage:         -               205M (21%)          37M (4%)            0M (0%)     
[2026-04-03T03:18:37.883+0600][37.435s][info][gc,heap     ] GC(86) y: Allocated:         -                32M (3%)           38M (4%)           55M (6%)     
[2026-04-03T03:18:37.883+0600][37.435s][info][gc,heap     ] GC(86) y: Reclaimed:         -                  -               168M (17%)         205M (21%)    
[2026-04-03T03:18:37.883+0600][37.435s][info][gc,heap     ] GC(86) y:  Promoted:         -                  -                 0M (0%)            0M (0%)     
[2026-04-03T03:18:37.883+0600][37.435s][info][gc,heap     ] GC(86) y: Compacted:         -                  -                  -                 0M (0%)     
[2026-04-03T03:18:37.883+0600][37.435s][info][gc,phases   ] GC(86) y: Young Generation 652M(65%)->502M(50%) 0.031s
[2026-04-03T03:18:37.883+0600][37.435s][info][gc          ] GC(86) Minor Collection (Allocation Rate) 652M(65%)->504M(50%) 0.032s
[2026-04-03T03:18:37.883+0600][37.435s][info][gc          ] GC(87) Minor Collection (Allocation Rate)
[2026-04-03T03:18:37.883+0600][37.435s][info][gc,task     ] GC(87) Using 2 Workers for Young Generation
[2026-04-03T03:18:37.883+0600][37.435s][info][gc,phases   ] GC(87) y: Young Generation
[2026-04-03T03:18:37.883+0600][37.436s][info][gc,phases   ] GC(87) y: Pause Mark Start 0.031ms
[2026-04-03T03:18:37.908+0600][37.461s][info][gc,phases   ] GC(87) y: Concurrent Mark 24.791ms
[2026-04-03T03:18:37.909+0600][37.461s][info][gc,phases   ] GC(87) y: Pause Mark End 0.053ms
[2026-04-03T03:18:37.909+0600][37.461s][info][gc,phases   ] GC(87) y: Concurrent Mark Free 0.003ms
[2026-04-03T03:18:37.909+0600][37.461s][info][gc,phases   ] GC(87) y: Concurrent Reset Relocation Set 0.004ms
[2026-04-03T03:18:37.913+0600][37.465s][info][gc,reloc    ] GC(87) y: Using tenuring threshold: 5 (Computed)
[2026-04-03T03:18:37.913+0600][37.466s][info][gc,phases   ] GC(87) y: Concurrent Select Relocation Set 4.325ms
[2026-04-03T03:18:37.914+0600][37.466s][info][gc,phases   ] GC(87) y: Pause Relocate Start 0.023ms
[2026-04-03T03:18:37.915+0600][37.467s][info][gc,phases   ] GC(87) y: Concurrent Relocate 0.994ms
[2026-04-03T03:18:37.915+0600][37.467s][info][gc,alloc    ] GC(87) y:                         Mark Start        Mark End      Relocate Start    Relocate End   
[2026-04-03T03:18:37.915+0600][37.467s][info][gc,alloc    ] GC(87) y: Allocation Stalls:          0                0                0                0         
[2026-04-03T03:18:37.915+0600][37.467s][info][gc,load     ] GC(87) y: Load: 4.44 (37%) / 4.96 (41%) / 5.49 (46%)
[2026-04-03T03:18:37.915+0600][37.467s][info][gc,mmu      ] GC(87) y: MMU: 2ms/90.5%, 5ms/96.2%, 10ms/98.1%, 20ms/98.7%, 50ms/99.5%, 100ms/99.6%
[2026-04-03T03:18:37.915+0600][37.467s][info][gc,marking  ] GC(87) y: Mark: 2 stripe(s), 10 proactive flush(es), 1 terminate flush(es), 0 completion(s), 0 continuation(s) 
[2026-04-03T03:18:37.915+0600][37.467s][info][gc,marking  ] GC(87) y: Mark Stack Usage: 32M
[2026-04-03T03:18:37.915+0600][37.467s][info][gc,nmethod  ] GC(87) y: NMethods: 5850 registered, 448 unregistered
[2026-04-03T03:18:37.915+0600][37.467s][info][gc,metaspace] GC(87) y: Metaspace: 69M used, 70M committed, 1088M reserved
[2026-04-03T03:18:37.915+0600][37.467s][info][gc,reloc    ] GC(87) y:                        Candidates     Selected     In-Place         Size        Empty    Relocated 
[2026-04-03T03:18:37.915+0600][37.467s][info][gc,reloc    ] GC(87) y: Small Pages:                   18           14            0          36M           6M           0M 
[2026-04-03T03:18:37.915+0600][37.467s][info][gc,reloc    ] GC(87) y: Medium Pages:                   1            0            0          16M          16M           0M 
[2026-04-03T03:18:37.915+0600][37.467s][info][gc,reloc    ] GC(87) y: Large Pages:                    2            0            0          10M           6M           0M 
[2026-04-03T03:18:37.915+0600][37.467s][info][gc,reloc    ] GC(87) y: Forwarding Usage: 0M
[2026-04-03T03:18:37.915+0600][37.467s][info][gc,reloc    ] GC(87) y: Age Table:
[2026-04-03T03:18:37.915+0600][37.467s][info][gc,reloc    ] GC(87) y:                    Live             Garbage             Small              Medium             Large        
[2026-04-03T03:18:37.915+0600][37.467s][info][gc,reloc    ] GC(87) y: Eden               0M (0%)           39M (4%)           9 / 8              1 / 0              1 / 0        
[2026-04-03T03:18:37.915+0600][37.467s][info][gc,reloc    ] GC(87) y: Survivor 1         0M (0%)           11M (1%)           6 / 3              0 / 0              0 / 0        
[2026-04-03T03:18:37.915+0600][37.467s][info][gc,reloc    ] GC(87) y: Survivor 2          -                 0M (0%)           0 / 0              0 / 0              0 / 0        
[2026-04-03T03:18:37.915+0600][37.467s][info][gc,reloc    ] GC(87) y: Survivor 3         4M (0%)            3M (0%)           2 / 2              0 / 0              1 / 0        
[2026-04-03T03:18:37.915+0600][37.467s][info][gc,reloc    ] GC(87) y: Survivor 4         0M (0%)            1M (0%)           1 / 1              0 / 0              0 / 0        
[2026-04-03T03:18:37.915+0600][37.467s][info][gc,heap     ] GC(87) y: Min Capacity: 8M(1%)
[2026-04-03T03:18:37.915+0600][37.467s][info][gc,heap     ] GC(87) y: Max Capacity: 1000M(100%)
[2026-04-03T03:18:37.915+0600][37.467s][info][gc,heap     ] GC(87) y: Soft Max Capacity: 1000M(100%)
[2026-04-03T03:18:37.915+0600][37.467s][info][gc,heap     ] GC(87) y: Heap Statistics:
[2026-04-03T03:18:37.915+0600][37.467s][info][gc,heap     ] GC(87) y:                Mark Start          Mark End        Relocate Start      Relocate End           High               Low         
[2026-04-03T03:18:37.915+0600][37.467s][info][gc,heap     ] GC(87) y:  Capacity:     1000M (100%)       1000M (100%)       1000M (100%)       1000M (100%)       1000M (100%)       1000M (100%)   
[2026-04-03T03:18:37.915+0600][37.467s][info][gc,heap     ] GC(87) y:      Free:      496M (50%)         488M (49%)         516M (52%)         528M (53%)         528M (53%)         488M (49%)    
[2026-04-03T03:18:37.915+0600][37.467s][info][gc,heap     ] GC(87) y:      Used:      504M (50%)         512M (51%)         484M (48%)         472M (47%)         512M (51%)         472M (47%)    
[2026-04-03T03:18:37.915+0600][37.467s][info][gc,heap     ] GC(87) y: Young Generation Statistics:
[2026-04-03T03:18:37.915+0600][37.467s][info][gc,heap     ] GC(87) y:                Mark Start          Mark End        Relocate Start      Relocate End    
[2026-04-03T03:18:37.915+0600][37.467s][info][gc,heap     ] GC(87) y:      Used:       62M (6%)           70M (7%)           42M (4%)           30M (3%)     
[2026-04-03T03:18:37.915+0600][37.467s][info][gc,heap     ] GC(87) y:      Live:         -                 4M (0%)            4M (0%)            4M (0%)     
[2026-04-03T03:18:37.915+0600][37.467s][info][gc,heap     ] GC(87) y:   Garbage:         -                57M (6%)           29M (3%)            0M (0%)     
[2026-04-03T03:18:37.915+0600][37.467s][info][gc,heap     ] GC(87) y: Allocated:         -                 8M (1%)            8M (1%)           25M (3%)     
[2026-04-03T03:18:37.915+0600][37.467s][info][gc,heap     ] GC(87) y: Reclaimed:         -                  -                28M (3%)           57M (6%)     
[2026-04-03T03:18:37.915+0600][37.467s][info][gc,heap     ] GC(87) y:  Promoted:         -                  -                 0M (0%)            0M (0%)     
[2026-04-03T03:18:37.915+0600][37.467s][info][gc,heap     ] GC(87) y: Compacted:         -                  -                  -                 0M (0%)     
[2026-04-03T03:18:37.915+0600][37.468s][info][gc,phases   ] GC(87) y: Young Generation 504M(50%)->472M(47%) 0.032s
[2026-04-03T03:18:37.915+0600][37.468s][info][gc          ] GC(87) Minor Collection (Allocation Rate) 504M(50%)->472M(47%) 0.032s
[2026-04-03T03:18:38.401+0600][37.954s][info][gc          ] GC(88) Minor Collection (Allocation Rate)
[2026-04-03T03:18:38.401+0600][37.954s][info][gc,task     ] GC(88) Using 2 Workers for Young Generation
[2026-04-03T03:18:38.402+0600][37.954s][info][gc,phases   ] GC(88) y: Young Generation
[2026-04-03T03:18:38.402+0600][37.954s][info][gc,phases   ] GC(88) y: Pause Mark Start 0.031ms
[2026-04-03T03:18:38.432+0600][37.985s][info][gc,phases   ] GC(83) O: Concurrent Mark 1428.525ms
[2026-04-03T03:18:38.433+0600][37.985s][info][gc,phases   ] GC(83) O: Pause Mark End 0.035ms
[2026-04-03T03:18:38.433+0600][37.985s][info][gc,phases   ] GC(83) O: Concurrent Mark Free 0.004ms
[2026-04-03T03:18:38.459+0600][38.011s][info][gc,phases   ] GC(83) O: Concurrent Process Non-Strong 25.398ms
[2026-04-03T03:18:38.459+0600][38.011s][info][gc,phases   ] GC(83) O: Concurrent Reset Relocation Set 0.008ms
[2026-04-03T03:18:38.480+0600][38.032s][info][gc,phases   ] GC(83) O: Concurrent Select Relocation Set 20.650ms
[2026-04-03T03:18:38.587+0600][38.140s][info][gc,phases   ] GC(88) y: Concurrent Mark 185.410ms
[2026-04-03T03:18:38.588+0600][38.140s][info][gc,phases   ] GC(88) y: Pause Mark End 0.043ms
[2026-04-03T03:18:38.588+0600][38.140s][info][gc,phases   ] GC(88) y: Concurrent Mark Free 0.004ms
[2026-04-03T03:18:38.588+0600][38.141s][info][gc,phases   ] GC(88) y: Concurrent Reset Relocation Set 0.005ms
[2026-04-03T03:18:38.595+0600][38.147s][info][gc,reloc    ] GC(88) y: Using tenuring threshold: 6 (Computed)
[2026-04-03T03:18:38.612+0600][38.164s][info][gc,phases   ] GC(88) y: Concurrent Select Relocation Set 23.792ms
[2026-04-03T03:18:38.613+0600][38.165s][info][gc,phases   ] GC(88) y: Pause Relocate Start 0.031ms
[2026-04-03T03:18:38.704+0600][38.256s][info][gc,phases   ] GC(88) y: Concurrent Relocate 91.501ms
[2026-04-03T03:18:38.704+0600][38.257s][info][gc,alloc    ] GC(88) y:                         Mark Start        Mark End      Relocate Start    Relocate End   
[2026-04-03T03:18:38.704+0600][38.257s][info][gc,alloc    ] GC(88) y: Allocation Stalls:          0                0                0                0         
[2026-04-03T03:18:38.704+0600][38.257s][info][gc,load     ] GC(88) y: Load: 4.44 (37%) / 4.96 (41%) / 5.49 (46%)
[2026-04-03T03:18:38.704+0600][38.257s][info][gc,mmu      ] GC(88) y: MMU: 2ms/90.5%, 5ms/96.2%, 10ms/98.1%, 20ms/98.7%, 50ms/99.5%, 100ms/99.6%
[2026-04-03T03:18:38.704+0600][38.257s][info][gc,marking  ] GC(88) y: Mark: 2 stripe(s), 4 proactive flush(es), 1 terminate flush(es), 0 completion(s), 0 continuation(s) 
[2026-04-03T03:18:38.704+0600][38.257s][info][gc,marking  ] GC(88) y: Mark Stack Usage: 32M
[2026-04-03T03:18:38.704+0600][38.257s][info][gc,nmethod  ] GC(88) y: NMethods: 6021 registered, 461 unregistered
[2026-04-03T03:18:38.704+0600][38.257s][info][gc,metaspace] GC(88) y: Metaspace: 69M used, 70M committed, 1088M reserved
[2026-04-03T03:18:38.704+0600][38.257s][info][gc,reloc    ] GC(88) y:                        Candidates     Selected     In-Place         Size        Empty    Relocated 
[2026-04-03T03:18:38.705+0600][38.257s][info][gc,reloc    ] GC(88) y: Small Pages:                  148           86            0         296M          96M          19M 
[2026-04-03T03:18:38.705+0600][38.257s][info][gc,reloc    ] GC(88) y: Medium Pages:                   1            0            0          16M          16M           0M 
[2026-04-03T03:18:38.705+0600][38.257s][info][gc,reloc    ] GC(88) y: Large Pages:                   10            0            0          64M          30M           0M 
[2026-04-03T03:18:38.705+0600][38.257s][info][gc,reloc    ] GC(88) y: Forwarding Usage: 25M
[2026-04-03T03:18:38.705+0600][38.257s][info][gc,reloc    ] GC(88) y: Age Table:
[2026-04-03T03:18:38.705+0600][38.257s][info][gc,reloc    ] GC(88) y:                    Live             Garbage             Small              Medium             Large        
[2026-04-03T03:18:38.705+0600][38.257s][info][gc,reloc    ] GC(88) y: Eden              53M (5%)          300M (30%)        139 / 80             1 / 0              9 / 0        
[2026-04-03T03:18:38.705+0600][38.257s][info][gc,reloc    ] GC(88) y: Survivor 1         0M (0%)            3M (0%)           2 / 2              0 / 0              0 / 0        
[2026-04-03T03:18:38.705+0600][38.257s][info][gc,reloc    ] GC(88) y: Survivor 2         0M (0%)            3M (0%)           2 / 2              0 / 0              0 / 0        
[2026-04-03T03:18:38.705+0600][38.257s][info][gc,reloc    ] GC(88) y: Survivor 3          -                 0M (0%)           0 / 0              0 / 0              0 / 0        
[2026-04-03T03:18:38.705+0600][38.257s][info][gc,reloc    ] GC(88) y: Survivor 4         4M (0%)            7M (1%)           4 / 1              0 / 0              1 / 0        
[2026-04-03T03:18:38.705+0600][38.257s][info][gc,reloc    ] GC(88) y: Survivor 5         0M (0%)            1M (0%)           1 / 1              0 / 0              0 / 0        
[2026-04-03T03:18:38.705+0600][38.257s][info][gc,heap     ] GC(88) y: Min Capacity: 8M(1%)
[2026-04-03T03:18:38.705+0600][38.257s][info][gc,heap     ] GC(88) y: Max Capacity: 1000M(100%)
[2026-04-03T03:18:38.705+0600][38.257s][info][gc,heap     ] GC(88) y: Soft Max Capacity: 1000M(100%)
[2026-04-03T03:18:38.705+0600][38.257s][info][gc,heap     ] GC(88) y: Heap Statistics:
[2026-04-03T03:18:38.705+0600][38.257s][info][gc,heap     ] GC(88) y:                Mark Start          Mark End        Relocate Start      Relocate End           High               Low         
[2026-04-03T03:18:38.705+0600][38.257s][info][gc,heap     ] GC(88) y:  Capacity:     1000M (100%)       1000M (100%)       1000M (100%)       1000M (100%)       1000M (100%)       1000M (100%)   
[2026-04-03T03:18:38.705+0600][38.257s][info][gc,heap     ] GC(88) y:      Free:      182M (18%)         118M (12%)         246M (25%)         370M (37%)         370M (37%)         114M (11%)    
[2026-04-03T03:18:38.705+0600][38.257s][info][gc,heap     ] GC(88) y:      Used:      818M (82%)         882M (88%)         754M (75%)         630M (63%)         886M (89%)         630M (63%)    
[2026-04-03T03:18:38.705+0600][38.257s][info][gc,heap     ] GC(88) y: Young Generation Statistics:
[2026-04-03T03:18:38.705+0600][38.257s][info][gc,heap     ] GC(88) y:                Mark Start          Mark End        Relocate Start      Relocate End    
[2026-04-03T03:18:38.705+0600][38.257s][info][gc,heap     ] GC(88) y:      Used:      376M (38%)         504M (50%)         376M (38%)         252M (25%)    
[2026-04-03T03:18:38.705+0600][38.257s][info][gc,heap     ] GC(88) y:      Live:         -                57M (6%)           57M (6%)           57M (6%)     
[2026-04-03T03:18:38.705+0600][38.257s][info][gc,heap     ] GC(88) y:   Garbage:         -               318M (32%)         176M (18%)           0M (0%)     
[2026-04-03T03:18:38.705+0600][38.257s][info][gc,heap     ] GC(88) y: Allocated:         -               128M (13%)         142M (14%)         194M (19%)    
[2026-04-03T03:18:38.705+0600][38.257s][info][gc,heap     ] GC(88) y: Reclaimed:         -                  -               142M (14%)         318M (32%)    
[2026-04-03T03:18:38.705+0600][38.257s][info][gc,heap     ] GC(88) y:  Promoted:         -                  -                 0M (0%)            0M (0%)     
[2026-04-03T03:18:38.705+0600][38.257s][info][gc,heap     ] GC(88) y: Compacted:         -                  -                  -                23M (2%)     
[2026-04-03T03:18:38.705+0600][38.257s][info][gc,phases   ] GC(88) y: Young Generation 816M(82%)->630M(63%) 0.303s
[2026-04-03T03:18:38.705+0600][38.257s][info][gc          ] GC(88) Minor Collection (Allocation Rate) 816M(82%)->630M(63%) 0.304s
[2026-04-03T03:18:38.705+0600][38.257s][info][gc,task     ] GC(83) O: Using 3 Workers for Old Generation
[2026-04-03T03:18:38.735+0600][38.287s][info][gc,task     ] GC(83) O: Using 1 Workers for Old Generation
[2026-04-03T03:18:38.735+0600][38.288s][info][gc,phases   ] GC(83) O: Concurrent Remap Roots 30.265ms
[2026-04-03T03:18:38.736+0600][38.288s][info][gc,phases   ] GC(83) O: Pause Relocate Start 0.040ms
[2026-04-03T03:18:38.736+0600][38.288s][info][gc          ] GC(89) Minor Collection (Allocation Rate)
[2026-04-03T03:18:38.736+0600][38.288s][info][gc,task     ] GC(89) Using 2 Workers for Young Generation
[2026-04-03T03:18:38.736+0600][38.288s][info][gc,phases   ] GC(89) y: Young Generation
[2026-04-03T03:18:38.736+0600][38.289s][info][gc,phases   ] GC(89) y: Pause Mark Start 0.025ms
[2026-04-03T03:18:39.019+0600][38.572s][info][gc,phases   ] GC(89) y: Concurrent Mark 282.809ms
[2026-04-03T03:18:39.021+0600][38.573s][info][gc,phases   ] GC(89) y: Pause Mark End 0.046ms
[2026-04-03T03:18:39.021+0600][38.573s][info][gc,phases   ] GC(89) y: Concurrent Mark Free 0.004ms
[2026-04-03T03:18:39.021+0600][38.573s][info][gc,phases   ] GC(89) y: Concurrent Reset Relocation Set 0.020ms
[2026-04-03T03:18:39.024+0600][38.576s][info][gc,reloc    ] GC(89) y: Using tenuring threshold: 2 (Computed)
[2026-04-03T03:18:39.030+0600][38.582s][info][gc,phases   ] GC(89) y: Concurrent Select Relocation Set 8.815ms
[2026-04-03T03:18:39.034+0600][38.586s][info][gc,phases   ] GC(89) y: Pause Relocate Start 0.037ms
[2026-04-03T03:18:39.103+0600][38.655s][info][gc,phases   ] GC(89) y: Concurrent Relocate 68.542ms
[2026-04-03T03:18:39.103+0600][38.655s][info][gc,alloc    ] GC(89) y:                         Mark Start        Mark End      Relocate Start    Relocate End   
[2026-04-03T03:18:39.103+0600][38.655s][info][gc,alloc    ] GC(89) y: Allocation Stalls:          0                0                0                0         
[2026-04-03T03:18:39.103+0600][38.655s][info][gc,load     ] GC(89) y: Load: 4.44 (37%) / 4.96 (41%) / 5.49 (46%)
[2026-04-03T03:18:39.103+0600][38.655s][info][gc,mmu      ] GC(89) y: MMU: 2ms/90.5%, 5ms/96.2%, 10ms/98.1%, 20ms/98.7%, 50ms/99.5%, 100ms/99.6%
[2026-04-03T03:18:39.103+0600][38.655s][info][gc,marking  ] GC(89) y: Mark: 2 stripe(s), 10 proactive flush(es), 1 terminate flush(es), 0 completion(s), 0 continuation(s) 
[2026-04-03T03:18:39.103+0600][38.655s][info][gc,marking  ] GC(89) y: Mark Stack Usage: 32M
[2026-04-03T03:18:39.103+0600][38.655s][info][gc,nmethod  ] GC(89) y: NMethods: 6042 registered, 461 unregistered
[2026-04-03T03:18:39.103+0600][38.655s][info][gc,metaspace] GC(89) y: Metaspace: 69M used, 70M committed, 1088M reserved
[2026-04-03T03:18:39.103+0600][38.655s][info][gc,reloc    ] GC(89) y:                        Candidates     Selected     In-Place         Size        Empty    Relocated 
[2026-04-03T03:18:39.103+0600][38.655s][info][gc,reloc    ] GC(89) y: Small Pages:                   87           64            0         174M          24M          13M 
[2026-04-03T03:18:39.103+0600][38.655s][info][gc,reloc    ] GC(89) y: Medium Pages:                   1            0            0          16M          16M           0M 
[2026-04-03T03:18:39.103+0600][38.655s][info][gc,reloc    ] GC(89) y: Large Pages:                   11            0            0          70M          48M           0M 
[2026-04-03T03:18:39.103+0600][38.655s][info][gc,reloc    ] GC(89) y: Forwarding Usage: 21M
[2026-04-03T03:18:39.103+0600][38.655s][info][gc,reloc    ] GC(89) y: Age Table:
[2026-04-03T03:18:39.103+0600][38.655s][info][gc,reloc    ] GC(89) y:                    Live             Garbage             Small              Medium             Large        
[2026-04-03T03:18:39.103+0600][38.655s][info][gc,reloc    ] GC(89) y: Eden              36M (4%)          151M (15%)         68 / 55             1 / 0              7 / 0        
[2026-04-03T03:18:39.103+0600][38.655s][info][gc,reloc    ] GC(89) y: Survivor 1         0M (0%)           55M (6%)          13 / 3              0 / 0              3 / 0        
[2026-04-03T03:18:39.103+0600][38.655s][info][gc,reloc    ] GC(89) y: Survivor 2         0M (0%)            3M (0%)           2 / 2              0 / 0              0 / 0        
[2026-04-03T03:18:39.103+0600][38.655s][info][gc,reloc    ] GC(89) y: Survivor 3         0M (0%)            3M (0%)           2 / 2              0 / 0              0 / 0        
[2026-04-03T03:18:39.103+0600][38.655s][info][gc,reloc    ] GC(89) y: Survivor 4          -                 0M (0%)           0 / 0              0 / 0              0 / 0        
[2026-04-03T03:18:39.103+0600][38.655s][info][gc,reloc    ] GC(89) y: Survivor 5         4M (0%)            1M (0%)           1 / 1              0 / 0              1 / 0        
[2026-04-03T03:18:39.103+0600][38.656s][info][gc,reloc    ] GC(89) y: Survivor 6         0M (0%)            1M (0%)           1 / 1              0 / 0              0 / 0        
[2026-04-03T03:18:39.103+0600][38.656s][info][gc,heap     ] GC(89) y: Min Capacity: 8M(1%)
[2026-04-03T03:18:39.103+0600][38.656s][info][gc,heap     ] GC(89) y: Max Capacity: 1000M(100%)
[2026-04-03T03:18:39.103+0600][38.656s][info][gc,heap     ] GC(89) y: Soft Max Capacity: 1000M(100%)
[2026-04-03T03:18:39.103+0600][38.656s][info][gc,heap     ] GC(89) y: Heap Statistics:
[2026-04-03T03:18:39.103+0600][38.656s][info][gc,heap     ] GC(89) y:                Mark Start          Mark End        Relocate Start      Relocate End           High               Low         
[2026-04-03T03:18:39.103+0600][38.656s][info][gc,heap     ] GC(89) y:  Capacity:     1000M (100%)       1000M (100%)       1000M (100%)       1000M (100%)       1000M (100%)       1000M (100%)   
[2026-04-03T03:18:39.103+0600][38.656s][info][gc,heap     ] GC(89) y:      Free:      356M (36%)         328M (33%)         416M (42%)         522M (52%)         524M (52%)         326M (33%)    
[2026-04-03T03:18:39.103+0600][38.656s][info][gc,heap     ] GC(89) y:      Used:      644M (64%)         672M (67%)         584M (58%)         478M (48%)         674M (67%)         476M (48%)    
[2026-04-03T03:18:39.103+0600][38.656s][info][gc,heap     ] GC(89) y: Young Generation Statistics:
[2026-04-03T03:18:39.103+0600][38.656s][info][gc,heap     ] GC(89) y:                Mark Start          Mark End        Relocate Start      Relocate End    
[2026-04-03T03:18:39.103+0600][38.656s][info][gc,heap     ] GC(89) y:      Used:      260M (26%)         366M (37%)         276M (28%)         170M (17%)    
[2026-04-03T03:18:39.103+0600][38.656s][info][gc,heap     ] GC(89) y:      Live:         -                41M (4%)           37M (4%)           36M (4%)     
[2026-04-03T03:18:39.103+0600][38.656s][info][gc,heap     ] GC(89) y:   Garbage:         -               218M (22%)         130M (13%)           0M (0%)     
[2026-04-03T03:18:39.103+0600][38.656s][info][gc,heap     ] GC(89) y: Allocated:         -               106M (11%)         108M (11%)         133M (13%)    
[2026-04-03T03:18:39.104+0600][38.656s][info][gc,heap     ] GC(89) y: Reclaimed:         -                  -                88M (9%)          218M (22%)    
[2026-04-03T03:18:39.104+0600][38.656s][info][gc,heap     ] GC(89) y:  Promoted:         -                  -                 4M (0%)            4M (0%)     
[2026-04-03T03:18:39.104+0600][38.656s][info][gc,heap     ] GC(89) y: Compacted:         -                  -                  -                18M (2%)     
[2026-04-03T03:18:39.104+0600][38.656s][info][gc,phases   ] GC(89) y: Young Generation 642M(64%)->478M(48%) 0.367s
[2026-04-03T03:18:39.104+0600][38.656s][info][gc          ] GC(89) Minor Collection (Allocation Rate) 638M(64%)->478M(48%) 0.368s
[2026-04-03T03:18:39.104+0600][38.656s][info][gc          ] GC(90) Minor Collection (Allocation Rate)
[2026-04-03T03:18:39.104+0600][38.656s][info][gc,task     ] GC(90) Using 2 Workers for Young Generation
[2026-04-03T03:18:39.104+0600][38.656s][info][gc,phases   ] GC(90) y: Young Generation
[2026-04-03T03:18:39.105+0600][38.658s][info][gc,phases   ] GC(90) y: Pause Mark Start 0.047ms
[2026-04-03T03:18:39.117+0600][38.670s][info][gc,phases   ] GC(83) O: Concurrent Relocate 381.450ms
[2026-04-03T03:18:39.333+0600][38.885s][info][gc,phases   ] GC(90) y: Concurrent Mark 227.148ms
[2026-04-03T03:18:39.333+0600][38.885s][info][gc,phases   ] GC(90) y: Pause Mark End 0.066ms
[2026-04-03T03:18:39.333+0600][38.886s][info][gc,phases   ] GC(90) y: Concurrent Mark Free 0.004ms
[2026-04-03T03:18:39.333+0600][38.886s][info][gc,phases   ] GC(90) y: Concurrent Reset Relocation Set 0.026ms
[2026-04-03T03:18:39.336+0600][38.888s][info][gc,reloc    ] GC(90) y: Using tenuring threshold: 3 (Computed)
[2026-04-03T03:18:39.339+0600][38.891s][info][gc,phases   ] GC(90) y: Concurrent Select Relocation Set 5.705ms
[2026-04-03T03:18:39.339+0600][38.892s][info][gc,phases   ] GC(90) y: Pause Relocate Start 0.031ms
[2026-04-03T03:18:39.391+0600][38.943s][info][gc,phases   ] GC(90) y: Concurrent Relocate 51.306ms
[2026-04-03T03:18:39.391+0600][38.943s][info][gc,alloc    ] GC(90) y:                         Mark Start        Mark End      Relocate Start    Relocate End   
[2026-04-03T03:18:39.391+0600][38.943s][info][gc,alloc    ] GC(90) y: Allocation Stalls:          0                0                0                0         
[2026-04-03T03:18:39.391+0600][38.943s][info][gc,load     ] GC(90) y: Load: 4.44 (37%) / 4.96 (41%) / 5.49 (46%)
[2026-04-03T03:18:39.391+0600][38.943s][info][gc,mmu      ] GC(90) y: MMU: 2ms/90.5%, 5ms/96.2%, 10ms/98.1%, 20ms/98.7%, 50ms/99.5%, 100ms/99.6%
[2026-04-03T03:18:39.391+0600][38.943s][info][gc,marking  ] GC(90) y: Mark: 2 stripe(s), 2 proactive flush(es), 1 terminate flush(es), 0 completion(s), 0 continuation(s) 
[2026-04-03T03:18:39.391+0600][38.943s][info][gc,marking  ] GC(90) y: Mark Stack Usage: 32M
[2026-04-03T03:18:39.391+0600][38.943s][info][gc,nmethod  ] GC(90) y: NMethods: 6044 registered, 461 unregistered
[2026-04-03T03:18:39.391+0600][38.943s][info][gc,metaspace] GC(90) y: Metaspace: 69M used, 70M committed, 1088M reserved
[2026-04-03T03:18:39.391+0600][38.943s][info][gc,reloc    ] GC(90) y:                        Candidates     Selected     In-Place         Size        Empty    Relocated 
[2026-04-03T03:18:39.391+0600][38.943s][info][gc,reloc    ] GC(90) y: Small Pages:                   61           39            0         122M          14M          13M 
[2026-04-03T03:18:39.391+0600][38.943s][info][gc,reloc    ] GC(90) y: Medium Pages:                   0            0            0           0M           0M           0M 
[2026-04-03T03:18:39.391+0600][38.943s][info][gc,reloc    ] GC(90) y: Large Pages:                    6            0            0          48M          18M           0M 
[2026-04-03T03:18:39.391+0600][38.943s][info][gc,reloc    ] GC(90) y: Forwarding Usage: 18M
[2026-04-03T03:18:39.391+0600][38.943s][info][gc,reloc    ] GC(90) y: Age Table:
[2026-04-03T03:18:39.391+0600][38.943s][info][gc,reloc    ] GC(90) y:                    Live             Garbage             Small              Medium             Large        
[2026-04-03T03:18:39.391+0600][38.943s][info][gc,reloc    ] GC(90) y: Eden              44M (4%)           75M (8%)          45 / 29             0 / 0              3 / 0        
[2026-04-03T03:18:39.391+0600][38.943s][info][gc,reloc    ] GC(90) y: Survivor 1        10M (1%)           33M (3%)          13 / 7              0 / 0              3 / 0        
[2026-04-03T03:18:39.391+0600][38.943s][info][gc,reloc    ] GC(90) y: Survivor 2         0M (0%)            5M (1%)           3 / 3              0 / 0              0 / 0        
[2026-04-03T03:18:39.391+0600][38.943s][info][gc,heap     ] GC(90) y: Min Capacity: 8M(1%)
[2026-04-03T03:18:39.391+0600][38.943s][info][gc,heap     ] GC(90) y: Max Capacity: 1000M(100%)
[2026-04-03T03:18:39.391+0600][38.943s][info][gc,heap     ] GC(90) y: Soft Max Capacity: 1000M(100%)
[2026-04-03T03:18:39.391+0600][38.943s][info][gc,heap     ] GC(90) y: Heap Statistics:
[2026-04-03T03:18:39.391+0600][38.943s][info][gc,heap     ] GC(90) y:                Mark Start          Mark End        Relocate Start      Relocate End           High               Low         
[2026-04-03T03:18:39.391+0600][38.943s][info][gc,heap     ] GC(90) y:  Capacity:     1000M (100%)       1000M (100%)       1000M (100%)       1000M (100%)       1000M (100%)       1000M (100%)   
[2026-04-03T03:18:39.391+0600][38.943s][info][gc,heap     ] GC(90) y:      Free:      524M (52%)         468M (47%)         494M (49%)         548M (55%)         548M (55%)         468M (47%)    
[2026-04-03T03:18:39.391+0600][38.944s][info][gc,heap     ] GC(90) y:      Used:      476M (48%)         532M (53%)         506M (51%)         452M (45%)         532M (53%)         452M (45%)    
[2026-04-03T03:18:39.391+0600][38.944s][info][gc,heap     ] GC(90) y: Young Generation Statistics:
[2026-04-03T03:18:39.391+0600][38.944s][info][gc,heap     ] GC(90) y:                Mark Start          Mark End        Relocate Start      Relocate End    
[2026-04-03T03:18:39.391+0600][38.944s][info][gc,heap     ] GC(90) y:      Used:      170M (17%)         226M (23%)         200M (20%)         146M (15%)    
[2026-04-03T03:18:39.391+0600][38.944s][info][gc,heap     ] GC(90) y:      Live:         -                54M (5%)           54M (5%)           54M (5%)     
[2026-04-03T03:18:39.391+0600][38.944s][info][gc,heap     ] GC(90) y:   Garbage:         -               115M (12%)          83M (8%)            2M (0%)     
[2026-04-03T03:18:39.391+0600][38.944s][info][gc,heap     ] GC(90) y: Allocated:         -                56M (6%)           62M (6%)           88M (9%)     
[2026-04-03T03:18:39.391+0600][38.944s][info][gc,heap     ] GC(90) y: Reclaimed:         -                  -                32M (3%)          112M (11%)    
[2026-04-03T03:18:39.391+0600][38.944s][info][gc,heap     ] GC(90) y:  Promoted:         -                  -                 0M (0%)            0M (0%)     
[2026-04-03T03:18:39.391+0600][38.944s][info][gc,heap     ] GC(90) y: Compacted:         -                  -                  -                19M (2%)     
[2026-04-03T03:18:39.391+0600][38.944s][info][gc,phases   ] GC(90) y: Young Generation 478M(48%)->452M(45%) 0.287s
[2026-04-03T03:18:39.391+0600][38.944s][info][gc          ] GC(90) Minor Collection (Allocation Rate) 478M(48%)->452M(45%) 0.288s
[2026-04-03T03:18:39.392+0600][38.944s][info][gc,alloc    ] GC(83) O:                         Mark Start        Mark End      Relocate Start    Relocate End   
[2026-04-03T03:18:39.392+0600][38.944s][info][gc,alloc    ] GC(83) O: Allocation Stalls:          0                0                0                0         
[2026-04-03T03:18:39.392+0600][38.944s][info][gc,load     ] GC(83) O: Load: 4.44 (37%) / 4.96 (41%) / 5.49 (46%)
[2026-04-03T03:18:39.392+0600][38.944s][info][gc,mmu      ] GC(83) O: MMU: 2ms/90.5%, 5ms/96.2%, 10ms/98.1%, 20ms/98.7%, 50ms/99.5%, 100ms/99.6%
[2026-04-03T03:18:39.392+0600][38.944s][info][gc,marking  ] GC(83) O: Mark: 1 stripe(s), 2 proactive flush(es), 1 terminate flush(es), 0 completion(s), 0 continuation(s) 
[2026-04-03T03:18:39.392+0600][38.944s][info][gc,marking  ] GC(83) O: Mark Stack Usage: 32M
[2026-04-03T03:18:39.392+0600][38.944s][info][gc,nmethod  ] GC(83) O: NMethods: 6044 registered, 461 unregistered
[2026-04-03T03:18:39.392+0600][38.944s][info][gc,metaspace] GC(83) O: Metaspace: 69M used, 70M committed, 1088M reserved
[2026-04-03T03:18:39.392+0600][38.944s][info][gc,ref      ] GC(83) O:                       Encountered   Discovered     Enqueued 
[2026-04-03T03:18:39.392+0600][38.944s][info][gc,ref      ] GC(83) O: Soft References:             5149            0            0 
[2026-04-03T03:18:39.392+0600][38.944s][info][gc,ref      ] GC(83) O: Weak References:             8570         4878            0 
[2026-04-03T03:18:39.392+0600][38.944s][info][gc,ref      ] GC(83) O: Final References:              82           82            0 
[2026-04-03T03:18:39.392+0600][38.944s][info][gc,ref      ] GC(83) O: Phantom References:           598          213            0 
[2026-04-03T03:18:39.392+0600][38.944s][info][gc,reloc    ] GC(83) O:                        Candidates     Selected     In-Place         Size        Empty    Relocated 
[2026-04-03T03:18:39.392+0600][38.944s][info][gc,reloc    ] GC(83) O: Small Pages:                  157           42            0         314M          10M          18M 
[2026-04-03T03:18:39.392+0600][38.944s][info][gc,reloc    ] GC(83) O: Medium Pages:                   1            0            0          16M           0M           0M 
[2026-04-03T03:18:39.392+0600][38.944s][info][gc,reloc    ] GC(83) O: Large Pages:                    8            0            0          94M          54M           0M 
[2026-04-03T03:18:39.392+0600][38.944s][info][gc,reloc    ] GC(83) O: Forwarding Usage: 33M
[2026-04-03T03:18:39.392+0600][38.944s][info][gc,heap     ] GC(83) O: Min Capacity: 8M(1%)
[2026-04-03T03:18:39.392+0600][38.944s][info][gc,heap     ] GC(83) O: Max Capacity: 1000M(100%)
[2026-04-03T03:18:39.392+0600][38.944s][info][gc,heap     ] GC(83) O: Soft Max Capacity: 1000M(100%)
[2026-04-03T03:18:39.392+0600][38.944s][info][gc,heap     ] GC(83) O: Heap Statistics:
[2026-04-03T03:18:39.392+0600][38.944s][info][gc,heap     ] GC(83) O:                Mark Start          Mark End        Relocate Start      Relocate End           High               Low         
[2026-04-03T03:18:39.392+0600][38.944s][info][gc,heap     ] GC(83) O:  Capacity:     1000M (100%)       1000M (100%)       1000M (100%)       1000M (100%)       1000M (100%)       1000M (100%)   
[2026-04-03T03:18:39.392+0600][38.944s][info][gc,heap     ] GC(83) O:      Free:      458M (46%)         142M (14%)         362M (36%)         518M (52%)         528M (53%)         114M (11%)    
[2026-04-03T03:18:39.392+0600][38.944s][info][gc,heap     ] GC(83) O:      Used:      542M (54%)         858M (86%)         638M (64%)         482M (48%)         886M (89%)         472M (47%)    
[2026-04-03T03:18:39.392+0600][38.944s][info][gc,heap     ] GC(83) O: Old Generation Statistics:
[2026-04-03T03:18:39.392+0600][38.944s][info][gc,heap     ] GC(83) O:                Mark Start          Mark End        Relocate Start      Relocate End    
[2026-04-03T03:18:39.392+0600][38.944s][info][gc,heap     ] GC(83) O:      Used:      424M (42%)         442M (44%)         378M (38%)         306M (31%)    
[2026-04-03T03:18:39.392+0600][38.944s][info][gc,heap     ] GC(83) O:      Live:         -               256M (26%)         256M (26%)         256M (26%)    
[2026-04-03T03:18:39.392+0600][38.944s][info][gc,heap     ] GC(83) O:   Garbage:         -               167M (17%)         103M (10%)          13M (1%)     
[2026-04-03T03:18:39.392+0600][38.944s][info][gc,heap     ] GC(83) O: Allocated:         -                18M (2%)           18M (2%)           35M (4%)     
[2026-04-03T03:18:39.392+0600][38.944s][info][gc,heap     ] GC(83) O: Reclaimed:         -                  -                64M (6%)          153M (15%)    
[2026-04-03T03:18:39.392+0600][38.944s][info][gc,heap     ] GC(83) O: Compacted:         -                  -                  -                36M (4%)     
[2026-04-03T03:18:39.392+0600][38.944s][info][gc,phases   ] GC(83) O: Old Generation 500M(50%)->482M(48%) 2.388s
[2026-04-03T03:18:39.392+0600][38.944s][info][gc          ] GC(83) Major Collection (Allocation Rate) 542M(54%)->452M(45%) 2.491s
[2026-04-03T03:18:39.402+0600][38.954s][info][gc          ] GC(91) Minor Collection (Allocation Rate)
[2026-04-03T03:18:39.402+0600][38.954s][info][gc,task     ] GC(91) Using 3 Workers for Young Generation
[2026-04-03T03:18:39.402+0600][38.954s][info][gc,phases   ] GC(91) y: Young Generation
[2026-04-03T03:18:39.402+0600][38.954s][info][gc,phases   ] GC(91) y: Pause Mark Start 0.026ms
[2026-04-03T03:18:39.581+0600][39.133s][info][gc,phases   ] GC(91) y: Concurrent Mark 178.504ms
[2026-04-03T03:18:39.581+0600][39.133s][info][gc,phases   ] GC(91) y: Pause Mark End 0.037ms
[2026-04-03T03:18:39.581+0600][39.133s][info][gc,phases   ] GC(91) y: Concurrent Mark Free 0.005ms
[2026-04-03T03:18:39.581+0600][39.134s][info][gc,phases   ] GC(91) y: Concurrent Reset Relocation Set 0.016ms
[2026-04-03T03:18:39.584+0600][39.136s][info][gc,reloc    ] GC(91) y: Using tenuring threshold: 1 (Computed)
[2026-04-03T03:18:39.605+0600][39.158s][info][gc,phases   ] GC(91) y: Concurrent Select Relocation Set 24.100ms
[2026-04-03T03:18:39.606+0600][39.158s][info][gc,phases   ] GC(91) y: Pause Relocate Start 0.027ms
[2026-04-03T03:18:39.662+0600][39.214s][info][gc,phases   ] GC(91) y: Concurrent Relocate 55.499ms
[2026-04-03T03:18:39.662+0600][39.214s][info][gc,alloc    ] GC(91) y:                         Mark Start        Mark End      Relocate Start    Relocate End   
[2026-04-03T03:18:39.662+0600][39.214s][info][gc,alloc    ] GC(91) y: Allocation Stalls:          0                0                0                0         
[2026-04-03T03:18:39.662+0600][39.214s][info][gc,load     ] GC(91) y: Load: 4.44 (37%) / 4.96 (41%) / 5.49 (46%)
[2026-04-03T03:18:39.662+0600][39.214s][info][gc,mmu      ] GC(91) y: MMU: 2ms/90.5%, 5ms/96.2%, 10ms/98.1%, 20ms/98.7%, 50ms/99.5%, 100ms/99.6%
[2026-04-03T03:18:39.662+0600][39.214s][info][gc,marking  ] GC(91) y: Mark: 2 stripe(s), 2 proactive flush(es), 1 terminate flush(es), 0 completion(s), 0 continuation(s) 
[2026-04-03T03:18:39.662+0600][39.214s][info][gc,marking  ] GC(91) y: Mark Stack Usage: 32M
[2026-04-03T03:18:39.662+0600][39.214s][info][gc,nmethod  ] GC(91) y: NMethods: 6079 registered, 461 unregistered
[2026-04-03T03:18:39.662+0600][39.214s][info][gc,metaspace] GC(91) y: Metaspace: 69M used, 70M committed, 1088M reserved
[2026-04-03T03:18:39.662+0600][39.214s][info][gc,reloc    ] GC(91) y:                        Candidates     Selected     In-Place         Size        Empty    Relocated 
[2026-04-03T03:18:39.662+0600][39.214s][info][gc,reloc    ] GC(91) y: Small Pages:                   61           20            0         122M          54M           2M 
[2026-04-03T03:18:39.662+0600][39.214s][info][gc,reloc    ] GC(91) y: Medium Pages:                   0            0            0           0M           0M           0M 
[2026-04-03T03:18:39.662+0600][39.214s][info][gc,reloc    ] GC(91) y: Large Pages:                    3            0            0          30M           0M           0M 
[2026-04-03T03:18:39.662+0600][39.214s][info][gc,reloc    ] GC(91) y: Forwarding Usage: 3M
[2026-04-03T03:18:39.662+0600][39.214s][info][gc,reloc    ] GC(91) y: Age Table:
[2026-04-03T03:18:39.662+0600][39.214s][info][gc,reloc    ] GC(91) y:                    Live             Garbage             Small              Medium             Large        
[2026-04-03T03:18:39.662+0600][39.214s][info][gc,reloc    ] GC(91) y: Eden               0M (0%)           77M (8%)          39 / 11             0 / 0              0 / 0        
[2026-04-03T03:18:39.662+0600][39.214s][info][gc,reloc    ] GC(91) y: Survivor 1        44M (4%)            5M (1%)          10 / 4              0 / 0              3 / 0        
[2026-04-03T03:18:39.662+0600][39.214s][info][gc,reloc    ] GC(91) y: Survivor 2        10M (1%)            9M (1%)          10 / 3              0 / 0              0 / 0        
[2026-04-03T03:18:39.662+0600][39.214s][info][gc,reloc    ] GC(91) y: Survivor 3         0M (0%)            3M (0%)           2 / 2              0 / 0              0 / 0        
[2026-04-03T03:18:39.662+0600][39.214s][info][gc,heap     ] GC(91) y: Min Capacity: 8M(1%)
[2026-04-03T03:18:39.662+0600][39.214s][info][gc,heap     ] GC(91) y: Max Capacity: 1000M(100%)
[2026-04-03T03:18:39.662+0600][39.214s][info][gc,heap     ] GC(91) y: Soft Max Capacity: 1000M(100%)
[2026-04-03T03:18:39.662+0600][39.214s][info][gc,heap     ] GC(91) y: Heap Statistics:
[2026-04-03T03:18:39.662+0600][39.214s][info][gc,heap     ] GC(91) y:                Mark Start          Mark End        Relocate Start      Relocate End           High               Low         
[2026-04-03T03:18:39.662+0600][39.214s][info][gc,heap     ] GC(91) y:  Capacity:     1000M (100%)       1000M (100%)       1000M (100%)       1000M (100%)       1000M (100%)       1000M (100%)   
[2026-04-03T03:18:39.662+0600][39.214s][info][gc,heap     ] GC(91) y:      Free:      542M (54%)         482M (48%)         510M (51%)         524M (52%)         542M (54%)         482M (48%)    
[2026-04-03T03:18:39.662+0600][39.214s][info][gc,heap     ] GC(91) y:      Used:      458M (46%)         518M (52%)         490M (49%)         476M (48%)         518M (52%)         458M (46%)    
[2026-04-03T03:18:39.662+0600][39.214s][info][gc,heap     ] GC(91) y: Young Generation Statistics:
[2026-04-03T03:18:39.662+0600][39.214s][info][gc,heap     ] GC(91) y:                Mark Start          Mark End        Relocate Start      Relocate End    
[2026-04-03T03:18:39.662+0600][39.214s][info][gc,heap     ] GC(91) y:      Used:      152M (15%)         212M (21%)         132M (13%)         108M (11%)    
[2026-04-03T03:18:39.662+0600][39.214s][info][gc,heap     ] GC(91) y:      Live:         -                54M (5%)            4M (0%)            0M (0%)     
[2026-04-03T03:18:39.662+0600][39.214s][info][gc,heap     ] GC(91) y:   Garbage:         -                97M (10%)          41M (4%)            0M (0%)     
[2026-04-03T03:18:39.662+0600][39.214s][info][gc,heap     ] GC(91) y: Allocated:         -                60M (6%)           86M (9%)          107M (11%)    
[2026-04-03T03:18:39.662+0600][39.214s][info][gc,heap     ] GC(91) y: Reclaimed:         -                  -                55M (6%)           97M (10%)    
[2026-04-03T03:18:39.662+0600][39.214s][info][gc,heap     ] GC(91) y:  Promoted:         -                  -                50M (5%)           54M (5%)     
[2026-04-03T03:18:39.662+0600][39.214s][info][gc,heap     ] GC(91) y: Compacted:         -                  -                  -                 0M (0%)     
[2026-04-03T03:18:39.662+0600][39.214s][info][gc,phases   ] GC(91) y: Young Generation 458M(46%)->476M(48%) 0.260s
[2026-04-03T03:18:39.662+0600][39.214s][info][gc          ] GC(91) Minor Collection (Allocation Rate) 458M(46%)->476M(48%) 0.260s
[2026-04-03T03:18:39.662+0600][39.215s][info][gc          ] GC(92) Major Collection (Allocation Rate)
[2026-04-03T03:18:39.662+0600][39.215s][info][gc,task     ] GC(92) Using 3 Workers for Young Generation
[2026-04-03T03:18:39.662+0600][39.215s][info][gc,task     ] GC(92) Using 2 Workers for Old Generation
[2026-04-03T03:18:39.662+0600][39.215s][info][gc,phases   ] GC(92) Y: Young Generation
[2026-04-03T03:18:39.663+0600][39.215s][info][gc,phases   ] GC(92) Y: Pause Mark Start (Major) 0.036ms
[2026-04-03T03:18:39.674+0600][39.226s][info][gc,phases   ] GC(92) Y: Concurrent Mark 10.886ms
[2026-04-03T03:18:39.674+0600][39.226s][info][gc,phases   ] GC(92) Y: Pause Mark End 0.028ms
[2026-04-03T03:18:39.674+0600][39.227s][info][gc,phases   ] GC(92) Y: Concurrent Mark Free 0.003ms
[2026-04-03T03:18:39.674+0600][39.227s][info][gc,phases   ] GC(92) Y: Concurrent Reset Relocation Set 0.045ms
[2026-04-03T03:18:39.677+0600][39.230s][info][gc,reloc    ] GC(92) Y: Using tenuring threshold: 2 (Computed)
[2026-04-03T03:18:39.678+0600][39.230s][info][gc,phases   ] GC(92) Y: Concurrent Select Relocation Set 3.692ms
[2026-04-03T03:18:39.679+0600][39.231s][info][gc,phases   ] GC(92) Y: Pause Relocate Start 0.020ms
[2026-04-03T03:18:39.679+0600][39.231s][info][gc,phases   ] GC(92) Y: Concurrent Relocate 0.330ms
[2026-04-03T03:18:39.679+0600][39.231s][info][gc,alloc    ] GC(92) Y:                         Mark Start        Mark End      Relocate Start    Relocate End   
[2026-04-03T03:18:39.679+0600][39.231s][info][gc,alloc    ] GC(92) Y: Allocation Stalls:          0                0                0                0         
[2026-04-03T03:18:39.679+0600][39.231s][info][gc,load     ] GC(92) Y: Load: 4.44 (37%) / 4.96 (41%) / 5.49 (46%)
[2026-04-03T03:18:39.679+0600][39.231s][info][gc,mmu      ] GC(92) Y: MMU: 2ms/90.5%, 5ms/96.2%, 10ms/98.1%, 20ms/98.7%, 50ms/99.5%, 100ms/99.6%
[2026-04-03T03:18:39.679+0600][39.231s][info][gc,marking  ] GC(92) Y: Mark: 2 stripe(s), 2 proactive flush(es), 1 terminate flush(es), 0 completion(s), 0 continuation(s) 
[2026-04-03T03:18:39.679+0600][39.231s][info][gc,marking  ] GC(92) Y: Mark Stack Usage: 32M
[2026-04-03T03:18:39.679+0600][39.231s][info][gc,nmethod  ] GC(92) Y: NMethods: 6098 registered, 461 unregistered
[2026-04-03T03:18:39.679+0600][39.231s][info][gc,metaspace] GC(92) Y: Metaspace: 69M used, 70M committed, 1088M reserved
[2026-04-03T03:18:39.679+0600][39.231s][info][gc,reloc    ] GC(92) Y:                        Candidates     Selected     In-Place         Size        Empty    Relocated 
[2026-04-03T03:18:39.679+0600][39.231s][info][gc,reloc    ] GC(92) Y: Small Pages:                   43           11            0          86M          62M           0M 
[2026-04-03T03:18:39.679+0600][39.231s][info][gc,reloc    ] GC(92) Y: Medium Pages:                   1            0            0          16M          16M           0M 
[2026-04-03T03:18:39.679+0600][39.231s][info][gc,reloc    ] GC(92) Y: Large Pages:                    1            0            0           6M           6M           0M 
[2026-04-03T03:18:39.679+0600][39.231s][info][gc,reloc    ] GC(92) Y: Forwarding Usage: 0M
[2026-04-03T03:18:39.679+0600][39.231s][info][gc,reloc    ] GC(92) Y: Age Table:
[2026-04-03T03:18:39.679+0600][39.231s][info][gc,reloc    ] GC(92) Y:                    Live             Garbage             Small              Medium             Large        
[2026-04-03T03:18:39.679+0600][39.231s][info][gc,reloc    ] GC(92) Y: Eden               0M (0%)          101M (10%)         40 / 9              1 / 0              1 / 0        
[2026-04-03T03:18:39.679+0600][39.231s][info][gc,reloc    ] GC(92) Y: Survivor 1         0M (0%)            5M (1%)           3 / 2              0 / 0              0 / 0        
[2026-04-03T03:18:39.679+0600][39.231s][info][gc,heap     ] GC(92) Y: Min Capacity: 8M(1%)
[2026-04-03T03:18:39.679+0600][39.231s][info][gc,heap     ] GC(92) Y: Max Capacity: 1000M(100%)
[2026-04-03T03:18:39.679+0600][39.231s][info][gc,heap     ] GC(92) Y: Soft Max Capacity: 1000M(100%)
[2026-04-03T03:18:39.679+0600][39.231s][info][gc,heap     ] GC(92) Y: Heap Statistics:
[2026-04-03T03:18:39.679+0600][39.231s][info][gc,heap     ] GC(92) Y:                Mark Start          Mark End        Relocate Start      Relocate End           High               Low         
[2026-04-03T03:18:39.679+0600][39.231s][info][gc,heap     ] GC(92) Y:  Capacity:     1000M (100%)       1000M (100%)       1000M (100%)       1000M (100%)       1000M (100%)       1000M (100%)   
[2026-04-03T03:18:39.679+0600][39.231s][info][gc,heap     ] GC(92) Y:      Free:      524M (52%)         508M (51%)         592M (59%)         606M (61%)         606M (61%)         508M (51%)    
[2026-04-03T03:18:39.679+0600][39.231s][info][gc,heap     ] GC(92) Y:      Used:      476M (48%)         492M (49%)         408M (41%)         394M (39%)         492M (49%)         394M (39%)    
[2026-04-03T03:18:39.679+0600][39.232s][info][gc,heap     ] GC(92) Y: Young Generation Statistics:
[2026-04-03T03:18:39.679+0600][39.232s][info][gc,heap     ] GC(92) Y:                Mark Start          Mark End        Relocate Start      Relocate End    
[2026-04-03T03:18:39.679+0600][39.232s][info][gc,heap     ] GC(92) Y:      Used:      108M (11%)         124M (12%)          40M (4%)           26M (3%)     
[2026-04-03T03:18:39.679+0600][39.232s][info][gc,heap     ] GC(92) Y:      Live:         -                 0M (0%)            0M (0%)            0M (0%)     
[2026-04-03T03:18:39.679+0600][39.232s][info][gc,heap     ] GC(92) Y:   Garbage:         -               107M (11%)          23M (2%)            0M (0%)     
[2026-04-03T03:18:39.679+0600][39.232s][info][gc,heap     ] GC(92) Y: Allocated:         -                16M (2%)           16M (2%)           25M (3%)     
[2026-04-03T03:18:39.679+0600][39.232s][info][gc,heap     ] GC(92) Y: Reclaimed:         -                  -                84M (8%)          107M (11%)    
[2026-04-03T03:18:39.679+0600][39.232s][info][gc,heap     ] GC(92) Y:  Promoted:         -                  -                 0M (0%)            0M (0%)     
[2026-04-03T03:18:39.679+0600][39.232s][info][gc,heap     ] GC(92) Y: Compacted:         -                  -                  -                 0M (0%)     
[2026-04-03T03:18:39.679+0600][39.232s][info][gc,phases   ] GC(92) Y: Young Generation 476M(48%)->394M(39%) 0.016s
[2026-04-03T03:18:39.679+0600][39.232s][info][gc,phases   ] GC(92) O: Old Generation
[2026-04-03T03:18:39.720+0600][39.272s][info][gc          ] GC(93) Minor Collection (Allocation Rate)
[2026-04-03T03:18:39.720+0600][39.272s][info][gc,task     ] GC(93) Using 1 Workers for Young Generation
[2026-04-03T03:18:39.720+0600][39.272s][info][gc,phases   ] GC(93) y: Young Generation
[2026-04-03T03:18:39.720+0600][39.272s][info][gc,phases   ] GC(93) y: Pause Mark Start 0.027ms
[2026-04-03T03:18:39.745+0600][39.297s][info][gc,phases   ] GC(93) y: Concurrent Mark 24.688ms
[2026-04-03T03:18:39.745+0600][39.297s][info][gc,phases   ] GC(93) y: Pause Mark End 0.044ms
[2026-04-03T03:18:39.745+0600][39.298s][info][gc,phases   ] GC(93) y: Concurrent Mark Free 0.002ms
[2026-04-03T03:18:39.745+0600][39.298s][info][gc,phases   ] GC(93) y: Concurrent Reset Relocation Set 0.004ms
[2026-04-03T03:18:39.749+0600][39.301s][info][gc,reloc    ] GC(93) y: Using tenuring threshold: 3 (Computed)
[2026-04-03T03:18:39.750+0600][39.302s][info][gc,phases   ] GC(93) y: Concurrent Select Relocation Set 4.451ms
[2026-04-03T03:18:39.750+0600][39.302s][info][gc,phases   ] GC(93) y: Pause Relocate Start 0.071ms
[2026-04-03T03:18:39.753+0600][39.305s][info][gc,phases   ] GC(93) y: Concurrent Relocate 2.939ms
[2026-04-03T03:18:39.753+0600][39.305s][info][gc,alloc    ] GC(93) y:                         Mark Start        Mark End      Relocate Start    Relocate End   
[2026-04-03T03:18:39.753+0600][39.305s][info][gc,alloc    ] GC(93) y: Allocation Stalls:          0                0                0                0         
[2026-04-03T03:18:39.753+0600][39.305s][info][gc,load     ] GC(93) y: Load: 4.44 (37%) / 4.96 (41%) / 5.49 (46%)
[2026-04-03T03:18:39.753+0600][39.305s][info][gc,mmu      ] GC(93) y: MMU: 2ms/90.5%, 5ms/96.2%, 10ms/98.1%, 20ms/98.7%, 50ms/99.5%, 100ms/99.6%
[2026-04-03T03:18:39.753+0600][39.305s][info][gc,marking  ] GC(93) y: Mark: 1 stripe(s), 2 proactive flush(es), 1 terminate flush(es), 0 completion(s), 0 continuation(s) 
[2026-04-03T03:18:39.753+0600][39.306s][info][gc,marking  ] GC(93) y: Mark Stack Usage: 32M
[2026-04-03T03:18:39.753+0600][39.306s][info][gc,nmethod  ] GC(93) y: NMethods: 6174 registered, 461 unregistered
[2026-04-03T03:18:39.753+0600][39.306s][info][gc,metaspace] GC(93) y: Metaspace: 69M used, 70M committed, 1088M reserved
[2026-04-03T03:18:39.753+0600][39.306s][info][gc,reloc    ] GC(93) y:                        Candidates     Selected     In-Place         Size        Empty    Relocated 
[2026-04-03T03:18:39.753+0600][39.306s][info][gc,reloc    ] GC(93) y: Small Pages:                   26           25            0          52M           0M           0M 
[2026-04-03T03:18:39.753+0600][39.306s][info][gc,reloc    ] GC(93) y: Medium Pages:                   0            0            0           0M           0M           0M 
[2026-04-03T03:18:39.753+0600][39.306s][info][gc,reloc    ] GC(93) y: Large Pages:                    0            0            0           0M           0M           0M 
[2026-04-03T03:18:39.753+0600][39.306s][info][gc,reloc    ] GC(93) y: Forwarding Usage: 0M
[2026-04-03T03:18:39.753+0600][39.306s][info][gc,reloc    ] GC(93) y: Age Table:
[2026-04-03T03:18:39.753+0600][39.306s][info][gc,reloc    ] GC(93) y:                    Live             Garbage             Small              Medium             Large        
[2026-04-03T03:18:39.753+0600][39.306s][info][gc,reloc    ] GC(93) y: Eden               0M (0%)           41M (4%)          21 / 20             0 / 0              0 / 0        
[2026-04-03T03:18:39.753+0600][39.306s][info][gc,reloc    ] GC(93) y: Survivor 1         0M (0%)            5M (1%)           3 / 3              0 / 0              0 / 0        
[2026-04-03T03:18:39.753+0600][39.306s][info][gc,reloc    ] GC(93) y: Survivor 2         0M (0%)            3M (0%)           2 / 2              0 / 0              0 / 0        
[2026-04-03T03:18:39.753+0600][39.306s][info][gc,heap     ] GC(93) y: Min Capacity: 8M(1%)
[2026-04-03T03:18:39.753+0600][39.306s][info][gc,heap     ] GC(93) y: Max Capacity: 1000M(100%)
[2026-04-03T03:18:39.753+0600][39.306s][info][gc,heap     ] GC(93) y: Soft Max Capacity: 1000M(100%)
[2026-04-03T03:18:39.753+0600][39.306s][info][gc,heap     ] GC(93) y: Heap Statistics:
[2026-04-03T03:18:39.753+0600][39.306s][info][gc,heap     ] GC(93) y:                Mark Start          Mark End        Relocate Start      Relocate End           High               Low         
[2026-04-03T03:18:39.754+0600][39.306s][info][gc,heap     ] GC(93) y:  Capacity:     1000M (100%)       1000M (100%)       1000M (100%)       1000M (100%)       1000M (100%)       1000M (100%)   
[2026-04-03T03:18:39.754+0600][39.306s][info][gc,heap     ] GC(93) y:      Free:      580M (58%)         550M (55%)         544M (54%)         580M (58%)         580M (58%)         536M (54%)    
[2026-04-03T03:18:39.754+0600][39.306s][info][gc,heap     ] GC(93) y:      Used:      420M (42%)         450M (45%)         456M (46%)         420M (42%)         464M (46%)         420M (42%)    
[2026-04-03T03:18:39.754+0600][39.306s][info][gc,heap     ] GC(93) y: Young Generation Statistics:
[2026-04-03T03:18:39.754+0600][39.306s][info][gc,heap     ] GC(93) y:                Mark Start          Mark End        Relocate Start      Relocate End    
[2026-04-03T03:18:39.754+0600][39.306s][info][gc,heap     ] GC(93) y:      Used:       52M (5%)           82M (8%)           88M (9%)           52M (5%)     
[2026-04-03T03:18:39.754+0600][39.306s][info][gc,heap     ] GC(93) y:      Live:         -                 0M (0%)            0M (0%)            0M (0%)     
[2026-04-03T03:18:39.754+0600][39.306s][info][gc,heap     ] GC(93) y:   Garbage:         -                51M (5%)           51M (5%)            0M (0%)     
[2026-04-03T03:18:39.754+0600][39.306s][info][gc,heap     ] GC(93) y: Allocated:         -                30M (3%)           36M (4%)           51M (5%)     
[2026-04-03T03:18:39.754+0600][39.306s][info][gc,heap     ] GC(93) y: Reclaimed:         -                  -                 0M (0%)           51M (5%)     
[2026-04-03T03:18:39.754+0600][39.306s][info][gc,heap     ] GC(93) y:  Promoted:         -                  -                 0M (0%)            0M (0%)     
[2026-04-03T03:18:39.754+0600][39.306s][info][gc,heap     ] GC(93) y: Compacted:         -                  -                  -                 0M (0%)     
[2026-04-03T03:18:39.754+0600][39.306s][info][gc,phases   ] GC(93) y: Young Generation 420M(42%)->420M(42%) 0.033s
[2026-04-03T03:18:39.754+0600][39.306s][info][gc          ] GC(93) Minor Collection (Allocation Rate) 420M(42%)->420M(42%) 0.034s
[2026-04-03T03:18:39.811+0600][39.364s][info][gc          ] GC(94) Minor Collection (Allocation Rate)
[2026-04-03T03:18:39.812+0600][39.364s][info][gc,task     ] GC(94) Using 1 Workers for Young Generation
[2026-04-03T03:18:39.812+0600][39.364s][info][gc,phases   ] GC(94) y: Young Generation
[2026-04-03T03:18:39.812+0600][39.364s][info][gc,phases   ] GC(94) y: Pause Mark Start 0.035ms
[2026-04-03T03:18:39.902+0600][39.454s][info][gc,phases   ] GC(94) y: Concurrent Mark 89.979ms
[2026-04-03T03:18:39.903+0600][39.456s][info][gc,phases   ] GC(94) y: Pause Mark End 0.036ms
[2026-04-03T03:18:39.904+0600][39.456s][info][gc,phases   ] GC(94) y: Concurrent Mark Free 0.004ms
[2026-04-03T03:18:39.904+0600][39.456s][info][gc,phases   ] GC(94) y: Concurrent Reset Relocation Set 0.010ms
[2026-04-03T03:18:39.907+0600][39.459s][info][gc,reloc    ] GC(94) y: Using tenuring threshold: 4 (Computed)
[2026-04-03T03:18:39.916+0600][39.468s][info][gc,phases   ] GC(94) y: Concurrent Select Relocation Set 11.669ms
[2026-04-03T03:18:39.916+0600][39.468s][info][gc,phases   ] GC(94) y: Pause Relocate Start 0.028ms
[2026-04-03T03:18:39.954+0600][39.506s][info][gc,phases   ] GC(94) y: Concurrent Relocate 37.544ms
[2026-04-03T03:18:39.954+0600][39.506s][info][gc,alloc    ] GC(94) y:                         Mark Start        Mark End      Relocate Start    Relocate End   
[2026-04-03T03:18:39.954+0600][39.506s][info][gc,alloc    ] GC(94) y: Allocation Stalls:          0                0                0                0         
[2026-04-03T03:18:39.954+0600][39.506s][info][gc,load     ] GC(94) y: Load: 4.44 (37%) / 4.96 (41%) / 5.49 (46%)
[2026-04-03T03:18:39.954+0600][39.506s][info][gc,mmu      ] GC(94) y: MMU: 2ms/90.5%, 5ms/96.2%, 10ms/98.1%, 20ms/98.7%, 50ms/99.5%, 100ms/99.6%
[2026-04-03T03:18:39.954+0600][39.506s][info][gc,marking  ] GC(94) y: Mark: 1 stripe(s), 2 proactive flush(es), 1 terminate flush(es), 0 completion(s), 0 continuation(s) 
[2026-04-03T03:18:39.954+0600][39.506s][info][gc,marking  ] GC(94) y: Mark Stack Usage: 32M
[2026-04-03T03:18:39.954+0600][39.506s][info][gc,nmethod  ] GC(94) y: NMethods: 6176 registered, 461 unregistered
[2026-04-03T03:18:39.954+0600][39.506s][info][gc,metaspace] GC(94) y: Metaspace: 69M used, 70M committed, 1088M reserved
[2026-04-03T03:18:39.954+0600][39.506s][info][gc,reloc    ] GC(94) y:                        Candidates     Selected     In-Place         Size        Empty    Relocated 
[2026-04-03T03:18:39.954+0600][39.506s][info][gc,reloc    ] GC(94) y: Small Pages:                   66           61            0         132M           0M           7M 
[2026-04-03T03:18:39.954+0600][39.506s][info][gc,reloc    ] GC(94) y: Medium Pages:                   1            0            0          16M           0M           0M 
[2026-04-03T03:18:39.954+0600][39.506s][info][gc,reloc    ] GC(94) y: Large Pages:                    0            0            0           0M           0M           0M 
[2026-04-03T03:18:39.954+0600][39.506s][info][gc,reloc    ] GC(94) y: Forwarding Usage: 7M
[2026-04-03T03:18:39.954+0600][39.506s][info][gc,reloc    ] GC(94) y: Age Table:
[2026-04-03T03:18:39.954+0600][39.506s][info][gc,reloc    ] GC(94) y:                    Live             Garbage             Small              Medium             Large        
[2026-04-03T03:18:39.954+0600][39.506s][info][gc,reloc    ] GC(94) y: Eden               9M (1%)          126M (13%)         60 / 56             1 / 0              0 / 0        
[2026-04-03T03:18:39.954+0600][39.506s][info][gc,reloc    ] GC(94) y: Survivor 1         0M (0%)            7M (1%)           4 / 4              0 / 0              0 / 0        
[2026-04-03T03:18:39.954+0600][39.506s][info][gc,reloc    ] GC(94) y: Survivor 2         0M (0%)            1M (0%)           1 / 1              0 / 0              0 / 0        
[2026-04-03T03:18:39.954+0600][39.506s][info][gc,reloc    ] GC(94) y: Survivor 3         0M (0%)            1M (0%)           1 / 0              0 / 0              0 / 0        
[2026-04-03T03:18:39.954+0600][39.506s][info][gc,heap     ] GC(94) y: Min Capacity: 8M(1%)
[2026-04-03T03:18:39.954+0600][39.506s][info][gc,heap     ] GC(94) y: Max Capacity: 1000M(100%)
[2026-04-03T03:18:39.954+0600][39.506s][info][gc,heap     ] GC(94) y: Soft Max Capacity: 1000M(100%)
[2026-04-03T03:18:39.954+0600][39.506s][info][gc,heap     ] GC(94) y: Heap Statistics:
[2026-04-03T03:18:39.954+0600][39.506s][info][gc,heap     ] GC(94) y:                Mark Start          Mark End        Relocate Start      Relocate End           High               Low         
[2026-04-03T03:18:39.954+0600][39.506s][info][gc,heap     ] GC(94) y:  Capacity:     1000M (100%)       1000M (100%)       1000M (100%)       1000M (100%)       1000M (100%)       1000M (100%)   
[2026-04-03T03:18:39.954+0600][39.506s][info][gc,heap     ] GC(94) y:      Free:      484M (48%)         366M (37%)         348M (35%)         406M (41%)         484M (48%)         338M (34%)    
[2026-04-03T03:18:39.954+0600][39.506s][info][gc,heap     ] GC(94) y:      Used:      516M (52%)         634M (63%)         652M (65%)         594M (59%)         662M (66%)         516M (52%)    
[2026-04-03T03:18:39.954+0600][39.507s][info][gc,heap     ] GC(94) y: Young Generation Statistics:
[2026-04-03T03:18:39.954+0600][39.507s][info][gc,heap     ] GC(94) y:                Mark Start          Mark End        Relocate Start      Relocate End    
[2026-04-03T03:18:39.954+0600][39.507s][info][gc,heap     ] GC(94) y:      Used:      148M (15%)         266M (27%)         284M (28%)         226M (23%)    
[2026-04-03T03:18:39.954+0600][39.507s][info][gc,heap     ] GC(94) y:      Live:         -                 9M (1%)            9M (1%)            9M (1%)     
[2026-04-03T03:18:39.954+0600][39.507s][info][gc,heap     ] GC(94) y:   Garbage:         -               138M (14%)         138M (14%)          14M (1%)     
[2026-04-03T03:18:39.954+0600][39.507s][info][gc,heap     ] GC(94) y: Allocated:         -               118M (12%)         136M (14%)         201M (20%)    
[2026-04-03T03:18:39.954+0600][39.507s][info][gc,heap     ] GC(94) y: Reclaimed:         -                  -                 0M (0%)          123M (12%)    
[2026-04-03T03:18:39.954+0600][39.507s][info][gc,heap     ] GC(94) y:  Promoted:         -                  -                 0M (0%)            0M (0%)     
[2026-04-03T03:18:39.954+0600][39.507s][info][gc,heap     ] GC(94) y: Compacted:         -                  -                  -                 8M (1%)     
[2026-04-03T03:18:39.954+0600][39.507s][info][gc,phases   ] GC(94) y: Young Generation 516M(52%)->594M(59%) 0.142s
[2026-04-03T03:18:39.954+0600][39.507s][info][gc          ] GC(94) Minor Collection (Allocation Rate) 516M(52%)->594M(59%) 0.143s
[2026-04-03T03:18:39.976+0600][39.528s][info][gc,task     ] Adjusting Workers for Old Generation: 2 -> 1
[2026-04-03T03:18:39.976+0600][39.528s][info][gc          ] GC(95) Minor Collection (Allocation Rate)
[2026-04-03T03:18:39.976+0600][39.528s][info][gc,task     ] GC(95) Using 2 Workers for Young Generation
[2026-04-03T03:18:39.976+0600][39.528s][info][gc,phases   ] GC(95) y: Young Generation
[2026-04-03T03:18:39.976+0600][39.529s][info][gc,phases   ] GC(95) y: Pause Mark Start 0.054ms
[2026-04-03T03:18:40.073+0600][39.625s][info][gc,phases   ] GC(95) y: Concurrent Mark 96.349ms
[2026-04-03T03:18:40.073+0600][39.625s][info][gc,phases   ] GC(95) y: Pause Mark End 0.029ms
[2026-04-03T03:18:40.073+0600][39.625s][info][gc,phases   ] GC(95) y: Concurrent Mark Free 0.001ms
[2026-04-03T03:18:40.073+0600][39.625s][info][gc,phases   ] GC(95) y: Concurrent Reset Relocation Set 0.016ms
[2026-04-03T03:18:40.079+0600][39.631s][info][gc,reloc    ] GC(95) y: Using tenuring threshold: 5 (Computed)
[2026-04-03T03:18:40.089+0600][39.642s][info][gc,phases   ] GC(95) y: Concurrent Select Relocation Set 16.257ms
[2026-04-03T03:18:40.090+0600][39.642s][info][gc,phases   ] GC(95) y: Pause Relocate Start 0.058ms
[2026-04-03T03:18:40.147+0600][39.699s][info][gc,phases   ] GC(95) y: Concurrent Relocate 56.981ms
[2026-04-03T03:18:40.147+0600][39.699s][info][gc,alloc    ] GC(95) y:                         Mark Start        Mark End      Relocate Start    Relocate End   
[2026-04-03T03:18:40.147+0600][39.699s][info][gc,alloc    ] GC(95) y: Allocation Stalls:          0                0                0                0         
[2026-04-03T03:18:40.147+0600][39.699s][info][gc,load     ] GC(95) y: Load: 4.44 (37%) / 4.96 (41%) / 5.49 (46%)
[2026-04-03T03:18:40.147+0600][39.699s][info][gc,mmu      ] GC(95) y: MMU: 2ms/90.5%, 5ms/96.2%, 10ms/98.1%, 20ms/98.7%, 50ms/99.5%, 100ms/99.6%
[2026-04-03T03:18:40.147+0600][39.699s][info][gc,marking  ] GC(95) y: Mark: 2 stripe(s), 2 proactive flush(es), 1 terminate flush(es), 0 completion(s), 0 continuation(s) 
[2026-04-03T03:18:40.147+0600][39.699s][info][gc,marking  ] GC(95) y: Mark Stack Usage: 32M
[2026-04-03T03:18:40.147+0600][39.699s][info][gc,nmethod  ] GC(95) y: NMethods: 6181 registered, 461 unregistered
[2026-04-03T03:18:40.147+0600][39.699s][info][gc,metaspace] GC(95) y: Metaspace: 69M used, 70M committed, 1088M reserved
[2026-04-03T03:18:40.147+0600][39.699s][info][gc,reloc    ] GC(95) y:                        Candidates     Selected     In-Place         Size        Empty    Relocated 
[2026-04-03T03:18:40.147+0600][39.699s][info][gc,reloc    ] GC(95) y: Small Pages:                  108           91            0         216M           0M          19M 
[2026-04-03T03:18:40.147+0600][39.699s][info][gc,reloc    ] GC(95) y: Medium Pages:                   2            0            0          32M          32M           0M 
[2026-04-03T03:18:40.147+0600][39.699s][info][gc,reloc    ] GC(95) y: Large Pages:                    3            0            0          12M           0M           0M 
[2026-04-03T03:18:40.147+0600][39.699s][info][gc,reloc    ] GC(95) y: Forwarding Usage: 21M
[2026-04-03T03:18:40.147+0600][39.699s][info][gc,reloc    ] GC(95) y: Age Table:
[2026-04-03T03:18:40.147+0600][39.699s][info][gc,reloc    ] GC(95) y:                    Live             Garbage             Small              Medium             Large        
[2026-04-03T03:18:40.147+0600][39.699s][info][gc,reloc    ] GC(95) y: Eden              32M (3%)          185M (19%)         95 / 84             1 / 0              3 / 0        
[2026-04-03T03:18:40.147+0600][39.699s][info][gc,reloc    ] GC(95) y: Survivor 1         7M (1%)           20M (2%)           6 / 2              1 / 0              0 / 0        
[2026-04-03T03:18:40.147+0600][39.699s][info][gc,reloc    ] GC(95) y: Survivor 2         0M (0%)            7M (1%)           4 / 3              0 / 0              0 / 0        
[2026-04-03T03:18:40.147+0600][39.700s][info][gc,reloc    ] GC(95) y: Survivor 3         0M (0%)            3M (0%)           2 / 1              0 / 0              0 / 0        
[2026-04-03T03:18:40.147+0600][39.700s][info][gc,reloc    ] GC(95) y: Survivor 4         0M (0%)            1M (0%)           1 / 1              0 / 0              0 / 0        
[2026-04-03T03:18:40.147+0600][39.700s][info][gc,heap     ] GC(95) y: Min Capacity: 8M(1%)
[2026-04-03T03:18:40.147+0600][39.700s][info][gc,heap     ] GC(95) y: Max Capacity: 1000M(100%)
[2026-04-03T03:18:40.147+0600][39.700s][info][gc,heap     ] GC(95) y: Soft Max Capacity: 1000M(100%)
[2026-04-03T03:18:40.147+0600][39.700s][info][gc,heap     ] GC(95) y: Heap Statistics:
[2026-04-03T03:18:40.147+0600][39.700s][info][gc,heap     ] GC(95) y:                Mark Start          Mark End        Relocate Start      Relocate End           High               Low         
[2026-04-03T03:18:40.147+0600][39.700s][info][gc,heap     ] GC(95) y:  Capacity:     1000M (100%)       1000M (100%)       1000M (100%)       1000M (100%)       1000M (100%)       1000M (100%)   
[2026-04-03T03:18:40.147+0600][39.700s][info][gc,heap     ] GC(95) y:      Free:      372M (37%)         212M (21%)         220M (22%)         300M (30%)         372M (37%)         206M (21%)    
[2026-04-03T03:18:40.147+0600][39.700s][info][gc,heap     ] GC(95) y:      Used:      628M (63%)         788M (79%)         780M (78%)         700M (70%)         794M (79%)         628M (63%)    
[2026-04-03T03:18:40.147+0600][39.700s][info][gc,heap     ] GC(95) y: Young Generation Statistics:
[2026-04-03T03:18:40.147+0600][39.700s][info][gc,heap     ] GC(95) y:                Mark Start          Mark End        Relocate Start      Relocate End    
[2026-04-03T03:18:40.147+0600][39.700s][info][gc,heap     ] GC(95) y:      Used:      260M (26%)         420M (42%)         412M (41%)         332M (33%)    
[2026-04-03T03:18:40.147+0600][39.700s][info][gc,heap     ] GC(95) y:      Live:         -                40M (4%)           40M (4%)           40M (4%)     
[2026-04-03T03:18:40.147+0600][39.700s][info][gc,heap     ] GC(95) y:   Garbage:         -               219M (22%)         187M (19%)           1M (0%)     
[2026-04-03T03:18:40.148+0600][39.700s][info][gc,heap     ] GC(95) y: Allocated:         -               160M (16%)         184M (18%)         289M (29%)    
[2026-04-03T03:18:40.148+0600][39.700s][info][gc,heap     ] GC(95) y: Reclaimed:         -                  -                32M (3%)          217M (22%)    
[2026-04-03T03:18:40.148+0600][39.700s][info][gc,heap     ] GC(95) y:  Promoted:         -                  -                 0M (0%)            0M (0%)     
[2026-04-03T03:18:40.148+0600][39.700s][info][gc,heap     ] GC(95) y: Compacted:         -                  -                  -                22M (2%)     
[2026-04-03T03:18:40.148+0600][39.700s][info][gc,phases   ] GC(95) y: Young Generation 628M(63%)->700M(70%) 0.171s
[2026-04-03T03:18:40.148+0600][39.700s][info][gc          ] GC(95) Minor Collection (Allocation Rate) 628M(63%)->704M(70%) 0.172s
[2026-04-03T03:18:40.148+0600][39.700s][info][gc          ] GC(96) Minor Collection (Allocation Rate)
[2026-04-03T03:18:40.148+0600][39.700s][info][gc,task     ] GC(96) Using 2 Workers for Young Generation
[2026-04-03T03:18:40.148+0600][39.700s][info][gc,phases   ] GC(96) y: Young Generation
[2026-04-03T03:18:40.148+0600][39.700s][info][gc,phases   ] GC(96) y: Pause Mark Start 0.047ms
[2026-04-03T03:18:40.338+0600][39.890s][info][gc,phases   ] GC(96) y: Concurrent Mark 189.196ms
[2026-04-03T03:18:40.338+0600][39.890s][info][gc,phases   ] GC(96) y: Pause Mark End 0.058ms
[2026-04-03T03:18:40.338+0600][39.890s][info][gc,phases   ] GC(96) y: Concurrent Mark Free 0.004ms
[2026-04-03T03:18:40.338+0600][39.891s][info][gc,phases   ] GC(96) y: Concurrent Reset Relocation Set 0.022ms
[2026-04-03T03:18:40.341+0600][39.893s][info][gc,reloc    ] GC(96) y: Using tenuring threshold: 6 (Computed)
[2026-04-03T03:18:40.350+0600][39.903s][info][gc,phases   ] GC(96) y: Concurrent Select Relocation Set 12.058ms
[2026-04-03T03:18:40.351+0600][39.903s][info][gc,phases   ] GC(96) y: Pause Relocate Start 0.026ms
[2026-04-03T03:18:40.397+0600][39.950s][info][gc,phases   ] GC(92) O: Concurrent Mark 717.910ms
[2026-04-03T03:18:40.399+0600][39.951s][info][gc,phases   ] GC(92) O: Pause Mark End 0.034ms
[2026-04-03T03:18:40.399+0600][39.951s][info][gc,phases   ] GC(92) O: Concurrent Mark Free 0.003ms
[2026-04-03T03:18:40.431+0600][39.983s][info][gc,phases   ] GC(96) y: Concurrent Relocate 80.054ms
[2026-04-03T03:18:40.431+0600][39.983s][info][gc,alloc    ] GC(96) y:                         Mark Start        Mark End      Relocate Start    Relocate End   
[2026-04-03T03:18:40.431+0600][39.983s][info][gc,alloc    ] GC(96) y: Allocation Stalls:          0                0                0                0         
[2026-04-03T03:18:40.431+0600][39.983s][info][gc,load     ] GC(96) y: Load: 4.72 (39%) / 5.01 (42%) / 5.50 (46%)
[2026-04-03T03:18:40.431+0600][39.984s][info][gc,mmu      ] GC(96) y: MMU: 2ms/90.5%, 5ms/96.2%, 10ms/98.1%, 20ms/98.7%, 50ms/99.5%, 100ms/99.6%
[2026-04-03T03:18:40.431+0600][39.984s][info][gc,marking  ] GC(96) y: Mark: 2 stripe(s), 2 proactive flush(es), 1 terminate flush(es), 0 completion(s), 0 continuation(s) 
[2026-04-03T03:18:40.431+0600][39.984s][info][gc,marking  ] GC(96) y: Mark Stack Usage: 32M
[2026-04-03T03:18:40.431+0600][39.984s][info][gc,nmethod  ] GC(96) y: NMethods: 6146 registered, 506 unregistered
[2026-04-03T03:18:40.431+0600][39.984s][info][gc,metaspace] GC(96) y: Metaspace: 69M used, 70M committed, 1088M reserved
[2026-04-03T03:18:40.431+0600][39.984s][info][gc,reloc    ] GC(96) y:                        Candidates     Selected     In-Place         Size        Empty    Relocated 
[2026-04-03T03:18:40.431+0600][39.984s][info][gc,reloc    ] GC(96) y: Small Pages:                  153          121            0         306M           0M          27M 
[2026-04-03T03:18:40.431+0600][39.984s][info][gc,reloc    ] GC(96) y: Medium Pages:                   0            0            0           0M           0M           0M 
[2026-04-03T03:18:40.431+0600][39.984s][info][gc,reloc    ] GC(96) y: Large Pages:                    6            0            0          30M          12M           0M 
[2026-04-03T03:18:40.431+0600][39.984s][info][gc,reloc    ] GC(96) y: Forwarding Usage: 31M
[2026-04-03T03:18:40.431+0600][39.984s][info][gc,reloc    ] GC(96) y: Age Table:
[2026-04-03T03:18:40.431+0600][39.984s][info][gc,reloc    ] GC(96) y:                    Live             Garbage             Small              Medium             Large        
[2026-04-03T03:18:40.431+0600][39.984s][info][gc,reloc    ] GC(96) y: Eden              47M (5%)          220M (22%)        125 / 107            0 / 0              3 / 0        
[2026-04-03T03:18:40.431+0600][39.984s][info][gc,reloc    ] GC(96) y: Survivor 1        20M (2%)           19M (2%)          14 / 4              0 / 0              3 / 0        
[2026-04-03T03:18:40.431+0600][39.984s][info][gc,reloc    ] GC(96) y: Survivor 2         7M (1%)            4M (0%)           6 / 2              0 / 0              0 / 0        
[2026-04-03T03:18:40.431+0600][39.984s][info][gc,reloc    ] GC(96) y: Survivor 3         0M (0%)           11M (1%)           6 / 6              0 / 0              0 / 0        
[2026-04-03T03:18:40.431+0600][39.984s][info][gc,reloc    ] GC(96) y: Survivor 4         0M (0%)            1M (0%)           1 / 1              0 / 0              0 / 0        
[2026-04-03T03:18:40.431+0600][39.984s][info][gc,reloc    ] GC(96) y: Survivor 5         0M (0%)            1M (0%)           1 / 1              0 / 0              0 / 0        
[2026-04-03T03:18:40.431+0600][39.984s][info][gc,heap     ] GC(96) y: Min Capacity: 8M(1%)
[2026-04-03T03:18:40.432+0600][39.984s][info][gc,heap     ] GC(96) y: Max Capacity: 1000M(100%)
[2026-04-03T03:18:40.432+0600][39.984s][info][gc,heap     ] GC(96) y: Soft Max Capacity: 1000M(100%)
[2026-04-03T03:18:40.432+0600][39.984s][info][gc,heap     ] GC(96) y: Heap Statistics:
[2026-04-03T03:18:40.432+0600][39.984s][info][gc,heap     ] GC(96) y:                Mark Start          Mark End        Relocate Start      Relocate End           High               Low         
[2026-04-03T03:18:40.432+0600][39.984s][info][gc,heap     ] GC(96) y:  Capacity:     1000M (100%)       1000M (100%)       1000M (100%)       1000M (100%)       1000M (100%)       1000M (100%)   
[2026-04-03T03:18:40.432+0600][39.984s][info][gc,heap     ] GC(96) y:      Free:      296M (30%)         178M (18%)         186M (19%)         374M (37%)         374M (37%)         176M (18%)    
[2026-04-03T03:18:40.432+0600][39.984s][info][gc,heap     ] GC(96) y:      Used:      704M (70%)         822M (82%)         814M (81%)         626M (63%)         824M (82%)         626M (63%)    
[2026-04-03T03:18:40.432+0600][39.984s][info][gc,heap     ] GC(96) y: Young Generation Statistics:
[2026-04-03T03:18:40.432+0600][39.984s][info][gc,heap     ] GC(96) y:                Mark Start          Mark End        Relocate Start      Relocate End    
[2026-04-03T03:18:40.432+0600][39.984s][info][gc,heap     ] GC(96) y:      Used:      336M (34%)         454M (45%)         446M (45%)         258M (26%)    
[2026-04-03T03:18:40.432+0600][39.984s][info][gc,heap     ] GC(96) y:      Live:         -                76M (8%)           76M (8%)           76M (8%)     
[2026-04-03T03:18:40.432+0600][39.984s][info][gc,heap     ] GC(96) y:   Garbage:         -               259M (26%)         247M (25%)           0M (0%)     
[2026-04-03T03:18:40.432+0600][39.984s][info][gc,heap     ] GC(96) y: Allocated:         -               118M (12%)         122M (12%)         180M (18%)    
[2026-04-03T03:18:40.432+0600][39.984s][info][gc,heap     ] GC(96) y: Reclaimed:         -                  -                12M (1%)          258M (26%)    
[2026-04-03T03:18:40.432+0600][39.984s][info][gc,heap     ] GC(96) y:  Promoted:         -                  -                 0M (0%)            0M (0%)     
[2026-04-03T03:18:40.432+0600][39.984s][info][gc,heap     ] GC(96) y: Compacted:         -                  -                  -                33M (3%)     
[2026-04-03T03:18:40.432+0600][39.984s][info][gc,phases   ] GC(96) y: Young Generation 704M(70%)->626M(63%) 0.283s
[2026-04-03T03:18:40.432+0600][39.984s][info][gc          ] GC(96) Minor Collection (Allocation Rate) 704M(70%)->626M(63%) 0.284s
[2026-04-03T03:18:40.432+0600][39.984s][info][gc          ] GC(97) Minor Collection (Allocation Rate)
[2026-04-03T03:18:40.432+0600][39.984s][info][gc,task     ] GC(97) Using 2 Workers for Young Generation
[2026-04-03T03:18:40.432+0600][39.984s][info][gc,phases   ] GC(97) y: Young Generation
[2026-04-03T03:18:40.438+0600][39.991s][info][gc,phases   ] GC(97) y: Pause Mark Start 0.030ms
[2026-04-03T03:18:40.448+0600][40.000s][info][gc,phases   ] GC(92) O: Concurrent Process Non-Strong 49.221ms
[2026-04-03T03:18:40.448+0600][40.000s][info][gc,phases   ] GC(92) O: Concurrent Reset Relocation Set 0.020ms
[2026-04-03T03:18:40.460+0600][40.012s][info][gc,phases   ] GC(92) O: Concurrent Select Relocation Set 11.684ms
[2026-04-03T03:18:40.656+0600][40.208s][info][gc,phases   ] GC(97) y: Concurrent Mark 216.941ms
[2026-04-03T03:18:40.656+0600][40.208s][info][gc,phases   ] GC(97) y: Pause Mark End 0.027ms
[2026-04-03T03:18:40.656+0600][40.208s][info][gc,phases   ] GC(97) y: Concurrent Mark Free 0.002ms
[2026-04-03T03:18:40.656+0600][40.208s][info][gc,phases   ] GC(97) y: Concurrent Reset Relocation Set 0.033ms
[2026-04-03T03:18:40.661+0600][40.214s][info][gc,reloc    ] GC(97) y: Using tenuring threshold: 5 (Computed)
[2026-04-03T03:18:40.665+0600][40.217s][info][gc,phases   ] GC(97) y: Concurrent Select Relocation Set 9.020ms
[2026-04-03T03:18:40.665+0600][40.218s][info][gc,phases   ] GC(97) y: Pause Relocate Start 0.020ms
[2026-04-03T03:18:40.703+0600][40.255s][info][gc,phases   ] GC(97) y: Concurrent Relocate 37.690ms
[2026-04-03T03:18:40.703+0600][40.256s][info][gc,alloc    ] GC(97) y:                         Mark Start        Mark End      Relocate Start    Relocate End   
[2026-04-03T03:18:40.703+0600][40.256s][info][gc,alloc    ] GC(97) y: Allocation Stalls:          0                0                0                0         
[2026-04-03T03:18:40.703+0600][40.256s][info][gc,load     ] GC(97) y: Load: 4.72 (39%) / 5.01 (42%) / 5.50 (46%)
[2026-04-03T03:18:40.703+0600][40.256s][info][gc,mmu      ] GC(97) y: MMU: 2ms/90.5%, 5ms/96.2%, 10ms/98.1%, 20ms/98.7%, 50ms/99.5%, 100ms/99.6%
[2026-04-03T03:18:40.703+0600][40.256s][info][gc,marking  ] GC(97) y: Mark: 2 stripe(s), 2 proactive flush(es), 1 terminate flush(es), 0 completion(s), 0 continuation(s) 
[2026-04-03T03:18:40.703+0600][40.256s][info][gc,marking  ] GC(97) y: Mark Stack Usage: 32M
[2026-04-03T03:18:40.703+0600][40.256s][info][gc,nmethod  ] GC(97) y: NMethods: 6158 registered, 540 unregistered
[2026-04-03T03:18:40.703+0600][40.256s][info][gc,metaspace] GC(97) y: Metaspace: 69M used, 70M committed, 1088M reserved
[2026-04-03T03:18:40.703+0600][40.256s][info][gc,reloc    ] GC(97) y:                        Candidates     Selected     In-Place         Size        Empty    Relocated 
[2026-04-03T03:18:40.704+0600][40.256s][info][gc,reloc    ] GC(97) y: Small Pages:                  112           73            0         224M           0M          15M 
[2026-04-03T03:18:40.704+0600][40.256s][info][gc,reloc    ] GC(97) y: Medium Pages:                   1            0            0          16M           0M           0M 
[2026-04-03T03:18:40.704+0600][40.256s][info][gc,reloc    ] GC(97) y: Large Pages:                    3            0            0          18M           0M           0M 
[2026-04-03T03:18:40.704+0600][40.256s][info][gc,reloc    ] GC(97) y: Forwarding Usage: 17M
[2026-04-03T03:18:40.704+0600][40.256s][info][gc,reloc    ] GC(97) y: Age Table:
[2026-04-03T03:18:40.704+0600][40.256s][info][gc,reloc    ] GC(97) y:                    Live             Garbage             Small              Medium             Large        
[2026-04-03T03:18:40.704+0600][40.256s][info][gc,reloc    ] GC(97) y: Eden              16M (2%)          125M (13%)         63 / 55             1 / 0              0 / 0        
[2026-04-03T03:18:40.704+0600][40.256s][info][gc,reloc    ] GC(97) y: Survivor 1        47M (5%)            6M (1%)          18 / 3              0 / 0              3 / 0        
[2026-04-03T03:18:40.704+0600][40.256s][info][gc,reloc    ] GC(97) y: Survivor 2        20M (2%)            5M (1%)          13 / 2              0 / 0              0 / 0        
[2026-04-03T03:18:40.704+0600][40.256s][info][gc,reloc    ] GC(97) y: Survivor 3         7M (1%)            8M (1%)           8 / 3              0 / 0              0 / 0        
[2026-04-03T03:18:40.704+0600][40.256s][info][gc,reloc    ] GC(97) y: Survivor 4         0M (0%)           15M (2%)           8 / 8              0 / 0              0 / 0        
[2026-04-03T03:18:40.704+0600][40.256s][info][gc,reloc    ] GC(97) y: Survivor 5         0M (0%)            1M (0%)           1 / 1              0 / 0              0 / 0        
[2026-04-03T03:18:40.704+0600][40.256s][info][gc,reloc    ] GC(97) y: Survivor 6         0M (0%)            1M (0%)           1 / 1              0 / 0              0 / 0        
[2026-04-03T03:18:40.704+0600][40.256s][info][gc,heap     ] GC(97) y: Min Capacity: 8M(1%)
[2026-04-03T03:18:40.704+0600][40.256s][info][gc,heap     ] GC(97) y: Max Capacity: 1000M(100%)
[2026-04-03T03:18:40.704+0600][40.256s][info][gc,heap     ] GC(97) y: Soft Max Capacity: 1000M(100%)
[2026-04-03T03:18:40.704+0600][40.256s][info][gc,heap     ] GC(97) y: Heap Statistics:
[2026-04-03T03:18:40.704+0600][40.256s][info][gc,heap     ] GC(97) y:                Mark Start          Mark End        Relocate Start      Relocate End           High               Low         
[2026-04-03T03:18:40.704+0600][40.256s][info][gc,heap     ] GC(97) y:  Capacity:     1000M (100%)       1000M (100%)       1000M (100%)       1000M (100%)       1000M (100%)       1000M (100%)   
[2026-04-03T03:18:40.704+0600][40.256s][info][gc,heap     ] GC(97) y:      Free:      374M (37%)         462M (46%)         462M (46%)         586M (59%)         586M (59%)         360M (36%)    
[2026-04-03T03:18:40.704+0600][40.256s][info][gc,heap     ] GC(97) y:      Used:      626M (63%)         538M (54%)         538M (54%)         414M (41%)         640M (64%)         414M (41%)    
[2026-04-03T03:18:40.704+0600][40.256s][info][gc,heap     ] GC(97) y: Young Generation Statistics:
[2026-04-03T03:18:40.704+0600][40.256s][info][gc,heap     ] GC(97) y:                Mark Start          Mark End        Relocate Start      Relocate End    
[2026-04-03T03:18:40.704+0600][40.256s][info][gc,heap     ] GC(97) y:      Used:      258M (26%)         292M (29%)         292M (29%)         164M (16%)    
[2026-04-03T03:18:40.704+0600][40.256s][info][gc,heap     ] GC(97) y:      Live:         -                92M (9%)           92M (9%)           92M (9%)     
[2026-04-03T03:18:40.704+0600][40.256s][info][gc,heap     ] GC(97) y:   Garbage:         -               165M (17%)         165M (17%)          16M (2%)     
[2026-04-03T03:18:40.704+0600][40.256s][info][gc,heap     ] GC(97) y: Allocated:         -                34M (3%)           34M (3%)           54M (5%)     
[2026-04-03T03:18:40.704+0600][40.256s][info][gc,heap     ] GC(97) y: Reclaimed:         -                  -                 0M (0%)          148M (15%)    
[2026-04-03T03:18:40.704+0600][40.256s][info][gc,heap     ] GC(97) y:  Promoted:         -                  -                 0M (0%)            0M (0%)     
[2026-04-03T03:18:40.704+0600][40.256s][info][gc,heap     ] GC(97) y: Compacted:         -                  -                  -                19M (2%)     
[2026-04-03T03:18:40.704+0600][40.256s][info][gc,phases   ] GC(97) y: Young Generation 626M(63%)->414M(41%) 0.271s
[2026-04-03T03:18:40.704+0600][40.256s][info][gc          ] GC(97) Minor Collection (Allocation Rate) 626M(63%)->414M(41%) 0.272s
[2026-04-03T03:18:40.704+0600][40.256s][info][gc,task     ] GC(92) O: Using 3 Workers for Old Generation
[2026-04-03T03:18:40.727+0600][40.280s][info][gc,task     ] GC(92) O: Using 1 Workers for Old Generation
[2026-04-03T03:18:40.727+0600][40.280s][info][gc,phases   ] GC(92) O: Concurrent Remap Roots 23.552ms
[2026-04-03T03:18:40.728+0600][40.280s][info][gc,phases   ] GC(92) O: Pause Relocate Start 0.030ms
[2026-04-03T03:18:40.728+0600][40.280s][info][gc          ] GC(98) Minor Collection (Allocation Rate)
[2026-04-03T03:18:40.728+0600][40.280s][info][gc,task     ] GC(98) Using 2 Workers for Young Generation
[2026-04-03T03:18:40.728+0600][40.280s][info][gc,phases   ] GC(98) y: Young Generation
[2026-04-03T03:18:40.728+0600][40.281s][info][gc,phases   ] GC(98) y: Pause Mark Start 0.027ms
[2026-04-03T03:18:40.755+0600][40.307s][info][gc,phases   ] GC(92) O: Concurrent Relocate 27.258ms
[2026-04-03T03:18:41.019+0600][40.572s][info][gc,phases   ] GC(98) y: Concurrent Mark 290.758ms
[2026-04-03T03:18:41.020+0600][40.572s][info][gc,phases   ] GC(98) y: Pause Mark End 0.033ms
[2026-04-03T03:18:41.020+0600][40.572s][info][gc,phases   ] GC(98) y: Concurrent Mark Free 0.004ms
[2026-04-03T03:18:41.020+0600][40.572s][info][gc,phases   ] GC(98) y: Concurrent Reset Relocation Set 0.023ms
[2026-04-03T03:18:41.023+0600][40.575s][info][gc,reloc    ] GC(98) y: Using tenuring threshold: 1 (Computed)
[2026-04-03T03:18:41.072+0600][40.625s][info][gc,phases   ] GC(98) y: Concurrent Select Relocation Set 52.420ms
[2026-04-03T03:18:41.073+0600][40.625s][info][gc,phases   ] GC(98) y: Pause Relocate Start 0.034ms
[2026-04-03T03:18:41.180+0600][40.732s][info][gc,phases   ] GC(98) y: Concurrent Relocate 106.789ms
[2026-04-03T03:18:41.180+0600][40.732s][info][gc,alloc    ] GC(98) y:                         Mark Start        Mark End      Relocate Start    Relocate End   
[2026-04-03T03:18:41.180+0600][40.732s][info][gc,alloc    ] GC(98) y: Allocation Stalls:          0                0                0                0         
[2026-04-03T03:18:41.180+0600][40.732s][info][gc,load     ] GC(98) y: Load: 4.72 (39%) / 5.01 (42%) / 5.50 (46%)
[2026-04-03T03:18:41.180+0600][40.732s][info][gc,mmu      ] GC(98) y: MMU: 2ms/90.5%, 5ms/96.2%, 10ms/98.1%, 20ms/98.7%, 50ms/99.5%, 100ms/99.6%
[2026-04-03T03:18:41.180+0600][40.732s][info][gc,marking  ] GC(98) y: Mark: 2 stripe(s), 2 proactive flush(es), 1 terminate flush(es), 0 completion(s), 0 continuation(s) 
[2026-04-03T03:18:41.180+0600][40.732s][info][gc,marking  ] GC(98) y: Mark Stack Usage: 32M
[2026-04-03T03:18:41.180+0600][40.732s][info][gc,nmethod  ] GC(98) y: NMethods: 6209 registered, 540 unregistered
[2026-04-03T03:18:41.180+0600][40.732s][info][gc,metaspace] GC(98) y: Metaspace: 69M used, 70M committed, 1088M reserved
[2026-04-03T03:18:41.180+0600][40.732s][info][gc,reloc    ] GC(98) y:                        Candidates     Selected     In-Place         Size        Empty    Relocated 
[2026-04-03T03:18:41.180+0600][40.732s][info][gc,reloc    ] GC(98) y: Small Pages:                   57           16            0         114M           6M           2M 
[2026-04-03T03:18:41.180+0600][40.732s][info][gc,reloc    ] GC(98) y: Medium Pages:                   2            0            0          32M          16M           0M 
[2026-04-03T03:18:41.180+0600][40.732s][info][gc,reloc    ] GC(98) y: Large Pages:                    3            0            0          18M           0M           0M 
[2026-04-03T03:18:41.180+0600][40.732s][info][gc,reloc    ] GC(98) y: Forwarding Usage: 3M
[2026-04-03T03:18:41.180+0600][40.732s][info][gc,reloc    ] GC(98) y: Age Table:
[2026-04-03T03:18:41.180+0600][40.732s][info][gc,reloc    ] GC(98) y:                    Live             Garbage             Small              Medium             Large        
[2026-04-03T03:18:41.180+0600][40.732s][info][gc,reloc    ] GC(98) y: Eden               2M (0%)           31M (3%)           9 / 6              1 / 0              0 / 0        
[2026-04-03T03:18:41.180+0600][40.732s][info][gc,reloc    ] GC(98) y: Survivor 1        15M (2%)           22M (2%)          11 / 3              1 / 0              0 / 0        
[2026-04-03T03:18:41.180+0600][40.732s][info][gc,reloc    ] GC(98) y: Survivor 2        47M (5%)            4M (0%)          17 / 3              0 / 0              3 / 0        
[2026-04-03T03:18:41.180+0600][40.732s][info][gc,reloc    ] GC(98) y: Survivor 3        20M (2%)            3M (0%)          12 / 1              0 / 0              0 / 0        
[2026-04-03T03:18:41.180+0600][40.732s][info][gc,reloc    ] GC(98) y: Survivor 4         7M (1%)            4M (0%)           6 / 1              0 / 0              0 / 0        
[2026-04-03T03:18:41.180+0600][40.732s][info][gc,reloc    ] GC(98) y: Survivor 5         0M (0%)            3M (0%)           2 / 2              0 / 0              0 / 0        
[2026-04-03T03:18:41.180+0600][40.732s][info][gc,heap     ] GC(98) y: Min Capacity: 8M(1%)
[2026-04-03T03:18:41.180+0600][40.732s][info][gc,heap     ] GC(98) y: Max Capacity: 1000M(100%)
[2026-04-03T03:18:41.180+0600][40.732s][info][gc,heap     ] GC(98) y: Soft Max Capacity: 1000M(100%)
[2026-04-03T03:18:41.180+0600][40.732s][info][gc,heap     ] GC(98) y: Heap Statistics:
[2026-04-03T03:18:41.180+0600][40.732s][info][gc,heap     ] GC(98) y:                Mark Start          Mark End        Relocate Start      Relocate End           High               Low         
[2026-04-03T03:18:41.180+0600][40.732s][info][gc,heap     ] GC(98) y:  Capacity:     1000M (100%)       1000M (100%)       1000M (100%)       1000M (100%)       1000M (100%)       1000M (100%)   
[2026-04-03T03:18:41.180+0600][40.732s][info][gc,heap     ] GC(98) y:      Free:      584M (58%)         568M (57%)         576M (58%)         570M (57%)         630M (63%)         568M (57%)    
[2026-04-03T03:18:41.180+0600][40.732s][info][gc,heap     ] GC(98) y:      Used:      416M (42%)         432M (43%)         424M (42%)         430M (43%)         432M (43%)         370M (37%)    
[2026-04-03T03:18:41.180+0600][40.732s][info][gc,heap     ] GC(98) y: Young Generation Statistics:
[2026-04-03T03:18:41.180+0600][40.732s][info][gc,heap     ] GC(98) y:                Mark Start          Mark End        Relocate Start      Relocate End    
[2026-04-03T03:18:41.180+0600][40.732s][info][gc,heap     ] GC(98) y:      Used:      164M (16%)         236M (24%)         140M (14%)         138M (14%)    
[2026-04-03T03:18:41.180+0600][40.732s][info][gc,heap     ] GC(98) y:      Live:         -                93M (9%)            7M (1%)            2M (0%)     
[2026-04-03T03:18:41.180+0600][40.732s][info][gc,heap     ] GC(98) y:   Garbage:         -                70M (7%)           46M (5%)           13M (1%)     
[2026-04-03T03:18:41.180+0600][40.732s][info][gc,heap     ] GC(98) y: Allocated:         -                72M (7%)           86M (9%)          121M (12%)    
[2026-04-03T03:18:41.180+0600][40.732s][info][gc,heap     ] GC(98) y: Reclaimed:         -                  -                23M (2%)           56M (6%)     
[2026-04-03T03:18:41.180+0600][40.732s][info][gc,heap     ] GC(98) y:  Promoted:         -                  -                86M (9%)           91M (9%)     
[2026-04-03T03:18:41.180+0600][40.732s][info][gc,heap     ] GC(98) y: Compacted:         -                  -                  -                 0M (0%)     
[2026-04-03T03:18:41.180+0600][40.733s][info][gc,phases   ] GC(98) y: Young Generation 420M(42%)->430M(43%) 0.452s
[2026-04-03T03:18:41.180+0600][40.733s][info][gc          ] GC(98) Minor Collection (Allocation Rate) 420M(42%)->430M(43%) 0.452s
[2026-04-03T03:18:41.180+0600][40.733s][info][gc,alloc    ] GC(92) O:                         Mark Start        Mark End      Relocate Start    Relocate End   
[2026-04-03T03:18:41.180+0600][40.733s][info][gc,alloc    ] GC(92) O: Allocation Stalls:          0                0                0                0         
[2026-04-03T03:18:41.180+0600][40.733s][info][gc,load     ] GC(92) O: Load: 4.72 (39%) / 5.01 (42%) / 5.50 (46%)
[2026-04-03T03:18:41.180+0600][40.733s][info][gc,mmu      ] GC(92) O: MMU: 2ms/90.5%, 5ms/96.2%, 10ms/98.1%, 20ms/98.7%, 50ms/99.5%, 100ms/99.6%
[2026-04-03T03:18:41.180+0600][40.733s][info][gc,marking  ] GC(92) O: Mark: 2 stripe(s), 2 proactive flush(es), 1 terminate flush(es), 0 completion(s), 0 continuation(s) 
[2026-04-03T03:18:41.180+0600][40.733s][info][gc,marking  ] GC(92) O: Mark Stack Usage: 32M
[2026-04-03T03:18:41.181+0600][40.733s][info][gc,nmethod  ] GC(92) O: NMethods: 6209 registered, 540 unregistered
[2026-04-03T03:18:41.181+0600][40.733s][info][gc,metaspace] GC(92) O: Metaspace: 69M used, 70M committed, 1088M reserved
[2026-04-03T03:18:41.181+0600][40.733s][info][gc,ref      ] GC(92) O:                       Encountered   Discovered     Enqueued 
[2026-04-03T03:18:41.181+0600][40.733s][info][gc,ref      ] GC(92) O: Soft References:             5053            0            0 
[2026-04-03T03:18:41.181+0600][40.733s][info][gc,ref      ] GC(92) O: Weak References:             7291         2409          523 
[2026-04-03T03:18:41.181+0600][40.733s][info][gc,ref      ] GC(92) O: Final References:              82            0            0 
[2026-04-03T03:18:41.181+0600][40.733s][info][gc,ref      ] GC(92) O: Phantom References:           605          424            0 
[2026-04-03T03:18:41.181+0600][40.733s][info][gc,reloc    ] GC(92) O:                        Candidates     Selected     In-Place         Size        Empty    Relocated 
[2026-04-03T03:18:41.181+0600][40.733s][info][gc,reloc    ] GC(92) O: Small Pages:                  139           31            0         278M          52M           4M 
[2026-04-03T03:18:41.181+0600][40.733s][info][gc,reloc    ] GC(92) O: Medium Pages:                   1            0            0          16M           0M           0M 
[2026-04-03T03:18:41.181+0600][40.733s][info][gc,reloc    ] GC(92) O: Large Pages:                    7            0            0          74M          70M           0M 
[2026-04-03T03:18:41.181+0600][40.733s][info][gc,reloc    ] GC(92) O: Forwarding Usage: 3M
[2026-04-03T03:18:41.181+0600][40.733s][info][gc,heap     ] GC(92) O: Min Capacity: 8M(1%)
[2026-04-03T03:18:41.181+0600][40.733s][info][gc,heap     ] GC(92) O: Max Capacity: 1000M(100%)
[2026-04-03T03:18:41.181+0600][40.733s][info][gc,heap     ] GC(92) O: Soft Max Capacity: 1000M(100%)
[2026-04-03T03:18:41.181+0600][40.733s][info][gc,heap     ] GC(92) O: Heap Statistics:
[2026-04-03T03:18:41.181+0600][40.733s][info][gc,heap     ] GC(92) O:                Mark Start          Mark End        Relocate Start      Relocate End           High               Low         
[2026-04-03T03:18:41.181+0600][40.733s][info][gc,heap     ] GC(92) O:  Capacity:     1000M (100%)       1000M (100%)       1000M (100%)       1000M (100%)       1000M (100%)       1000M (100%)   
[2026-04-03T03:18:41.181+0600][40.733s][info][gc,heap     ] GC(92) O:      Free:      524M (52%)         306M (31%)         586M (59%)         624M (62%)         630M (63%)         176M (18%)    
[2026-04-03T03:18:41.181+0600][40.733s][info][gc,heap     ] GC(92) O:      Used:      476M (48%)         694M (69%)         414M (41%)         376M (38%)         824M (82%)         370M (37%)    
[2026-04-03T03:18:41.181+0600][40.733s][info][gc,heap     ] GC(92) O: Old Generation Statistics:
[2026-04-03T03:18:41.181+0600][40.733s][info][gc,heap     ] GC(92) O:                Mark Start          Mark End        Relocate Start      Relocate End    
[2026-04-03T03:18:41.181+0600][40.733s][info][gc,heap     ] GC(92) O:      Used:      368M (37%)         368M (37%)         250M (25%)         196M (20%)    
[2026-04-03T03:18:41.181+0600][40.733s][info][gc,heap     ] GC(92) O:      Live:         -               171M (17%)         171M (17%)         171M (17%)    
[2026-04-03T03:18:41.181+0600][40.733s][info][gc,heap     ] GC(92) O:   Garbage:         -               196M (20%)          74M (7%)           10M (1%)     
[2026-04-03T03:18:41.181+0600][40.733s][info][gc,heap     ] GC(92) O: Allocated:         -                 0M (0%)            4M (0%)           13M (1%)     
[2026-04-03T03:18:41.181+0600][40.733s][info][gc,heap     ] GC(92) O: Reclaimed:         -                  -               122M (12%)         185M (19%)    
[2026-04-03T03:18:41.181+0600][40.733s][info][gc,heap     ] GC(92) O: Compacted:         -                  -                  -                 6M (1%)     
[2026-04-03T03:18:41.181+0600][40.733s][info][gc,phases   ] GC(92) O: Old Generation 394M(39%)->376M(38%) 1.501s
[2026-04-03T03:18:41.181+0600][40.733s][info][gc          ] GC(92) Major Collection (Allocation Rate) 476M(48%)->430M(43%) 1.518s
[2026-04-03T03:18:41.188+0600][40.740s][info][gc          ] GC(99) Major Collection (Allocation Rate)
[2026-04-03T03:18:41.188+0600][40.740s][info][gc,task     ] GC(99) Using 3 Workers for Young Generation
[2026-04-03T03:18:41.188+0600][40.740s][info][gc,task     ] GC(99) Using 2 Workers for Old Generation
[2026-04-03T03:18:41.188+0600][40.740s][info][gc,phases   ] GC(99) Y: Young Generation
[2026-04-03T03:18:41.189+0600][40.741s][info][gc,phases   ] GC(99) Y: Pause Mark Start (Major) 0.047ms
[2026-04-03T03:18:41.278+0600][40.830s][info][gc,phases   ] GC(99) Y: Concurrent Mark 88.969ms
[2026-04-03T03:18:41.278+0600][40.831s][info][gc,phases   ] GC(99) Y: Pause Mark End 0.080ms
[2026-04-03T03:18:41.279+0600][40.831s][info][gc,phases   ] GC(99) Y: Concurrent Mark Free 0.001ms
[2026-04-03T03:18:41.279+0600][40.831s][info][gc,phases   ] GC(99) Y: Concurrent Reset Relocation Set 0.103ms
[2026-04-03T03:18:41.284+0600][40.836s][info][gc,reloc    ] GC(99) Y: Using tenuring threshold: 2 (Computed)
[2026-04-03T03:18:41.285+0600][40.837s][info][gc,phases   ] GC(99) Y: Concurrent Select Relocation Set 6.453ms
[2026-04-03T03:18:41.285+0600][40.838s][info][gc,phases   ] GC(99) Y: Pause Relocate Start 0.026ms
[2026-04-03T03:18:41.293+0600][40.845s][info][gc,phases   ] GC(99) Y: Concurrent Relocate 7.725ms
[2026-04-03T03:18:41.293+0600][40.846s][info][gc,alloc    ] GC(99) Y:                         Mark Start        Mark End      Relocate Start    Relocate End   
[2026-04-03T03:18:41.293+0600][40.846s][info][gc,alloc    ] GC(99) Y: Allocation Stalls:          0                0                0                0         
[2026-04-03T03:18:41.293+0600][40.846s][info][gc,load     ] GC(99) Y: Load: 4.72 (39%) / 5.01 (42%) / 5.50 (46%)
[2026-04-03T03:18:41.293+0600][40.846s][info][gc,mmu      ] GC(99) Y: MMU: 2ms/90.5%, 5ms/96.2%, 10ms/98.1%, 20ms/98.7%, 50ms/99.5%, 100ms/99.6%
[2026-04-03T03:18:41.293+0600][40.846s][info][gc,marking  ] GC(99) Y: Mark: 2 stripe(s), 10 proactive flush(es), 1 terminate flush(es), 0 completion(s), 0 continuation(s) 
[2026-04-03T03:18:41.293+0600][40.846s][info][gc,marking  ] GC(99) Y: Mark Stack Usage: 32M
[2026-04-03T03:18:41.293+0600][40.846s][info][gc,nmethod  ] GC(99) Y: NMethods: 6209 registered, 540 unregistered
[2026-04-03T03:18:41.294+0600][40.846s][info][gc,metaspace] GC(99) Y: Metaspace: 69M used, 70M committed, 1088M reserved
[2026-04-03T03:18:41.294+0600][40.846s][info][gc,reloc    ] GC(99) Y:                        Candidates     Selected     In-Place         Size        Empty    Relocated 
[2026-04-03T03:18:41.294+0600][40.846s][info][gc,reloc    ] GC(99) Y: Small Pages:                   27           11            0          54M          30M           0M 
[2026-04-03T03:18:41.294+0600][40.846s][info][gc,reloc    ] GC(99) Y: Medium Pages:                   4            1            0          64M          16M           7M 
[2026-04-03T03:18:41.294+0600][40.846s][info][gc,reloc    ] GC(99) Y: Large Pages:                    7            0            0          30M           8M           0M 
[2026-04-03T03:18:41.294+0600][40.846s][info][gc,reloc    ] GC(99) Y: Forwarding Usage: 0M
[2026-04-03T03:18:41.294+0600][40.846s][info][gc,reloc    ] GC(99) Y: Age Table:
[2026-04-03T03:18:41.294+0600][40.846s][info][gc,reloc    ] GC(99) Y:                    Live             Garbage             Small              Medium             Large        
[2026-04-03T03:18:41.294+0600][40.846s][info][gc,reloc    ] GC(99) Y: Eden              41M (4%)           88M (9%)          26 / 10             3 / 1              7 / 0        
[2026-04-03T03:18:41.294+0600][40.846s][info][gc,reloc    ] GC(99) Y: Survivor 1         0M (0%)           17M (2%)           1 / 1              1 / 0              0 / 0        
[2026-04-03T03:18:41.294+0600][40.846s][info][gc,heap     ] GC(99) Y: Min Capacity: 8M(1%)
[2026-04-03T03:18:41.294+0600][40.846s][info][gc,heap     ] GC(99) Y: Max Capacity: 1000M(100%)
[2026-04-03T03:18:41.294+0600][40.846s][info][gc,heap     ] GC(99) Y: Soft Max Capacity: 1000M(100%)
[2026-04-03T03:18:41.294+0600][40.846s][info][gc,heap     ] GC(99) Y: Heap Statistics:
[2026-04-03T03:18:41.294+0600][40.846s][info][gc,heap     ] GC(99) Y:                Mark Start          Mark End        Relocate Start      Relocate End           High               Low         
[2026-04-03T03:18:41.294+0600][40.846s][info][gc,heap     ] GC(99) Y:  Capacity:     1000M (100%)       1000M (100%)       1000M (100%)       1000M (100%)       1000M (100%)       1000M (100%)   
[2026-04-03T03:18:41.294+0600][40.846s][info][gc,heap     ] GC(99) Y:      Free:      560M (56%)         524M (52%)         578M (58%)         594M (59%)         594M (59%)         524M (52%)    
[2026-04-03T03:18:41.294+0600][40.846s][info][gc,heap     ] GC(99) Y:      Used:      440M (44%)         476M (48%)         422M (42%)         406M (41%)         476M (48%)         406M (41%)    
[2026-04-03T03:18:41.294+0600][40.846s][info][gc,heap     ] GC(99) Y: Young Generation Statistics:
[2026-04-03T03:18:41.294+0600][40.846s][info][gc,heap     ] GC(99) Y:                Mark Start          Mark End        Relocate Start      Relocate End    
[2026-04-03T03:18:41.294+0600][40.846s][info][gc,heap     ] GC(99) Y:      Used:      148M (15%)         184M (18%)         130M (13%)         114M (11%)    
[2026-04-03T03:18:41.294+0600][40.846s][info][gc,heap     ] GC(99) Y:      Live:         -                41M (4%)           41M (4%)           41M (4%)     
[2026-04-03T03:18:41.294+0600][40.846s][info][gc,heap     ] GC(99) Y:   Garbage:         -               106M (11%)          52M (5%)            8M (1%)     
[2026-04-03T03:18:41.294+0600][40.846s][info][gc,heap     ] GC(99) Y: Allocated:         -                36M (4%)           36M (4%)           63M (6%)     
[2026-04-03T03:18:41.294+0600][40.846s][info][gc,heap     ] GC(99) Y: Reclaimed:         -                  -                54M (5%)           97M (10%)    
[2026-04-03T03:18:41.294+0600][40.846s][info][gc,heap     ] GC(99) Y:  Promoted:         -                  -                 0M (0%)            0M (0%)     
[2026-04-03T03:18:41.294+0600][40.846s][info][gc,heap     ] GC(99) Y: Compacted:         -                  -                  -                12M (1%)     
[2026-04-03T03:18:41.294+0600][40.846s][info][gc,phases   ] GC(99) Y: Young Generation 434M(43%)->406M(41%) 0.105s
[2026-04-03T03:18:41.294+0600][40.846s][info][gc,phases   ] GC(99) O: Old Generation
[2026-04-03T03:18:41.301+0600][40.853s][info][gc          ] GC(100) Minor Collection (Allocation Rate)
[2026-04-03T03:18:41.301+0600][40.853s][info][gc,task     ] GC(100) Using 1 Workers for Young Generation
[2026-04-03T03:18:41.301+0600][40.853s][info][gc,phases   ] GC(100) y: Young Generation
[2026-04-03T03:18:41.301+0600][40.854s][info][gc,phases   ] GC(100) y: Pause Mark Start 0.028ms
[2026-04-03T03:18:41.390+0600][40.942s][info][gc,phases   ] GC(100) y: Concurrent Mark 88.478ms
[2026-04-03T03:18:41.390+0600][40.943s][info][gc,phases   ] GC(100) y: Pause Mark End 0.038ms
[2026-04-03T03:18:41.391+0600][40.943s][info][gc,phases   ] GC(100) y: Concurrent Mark Free 0.004ms
[2026-04-03T03:18:41.391+0600][40.943s][info][gc,phases   ] GC(100) y: Concurrent Reset Relocation Set 0.004ms
[2026-04-03T03:18:41.398+0600][40.950s][info][gc,reloc    ] GC(100) y: Using tenuring threshold: 2 (Computed)
[2026-04-03T03:18:41.399+0600][40.951s][info][gc,phases   ] GC(100) y: Concurrent Select Relocation Set 7.666ms
[2026-04-03T03:18:41.399+0600][40.951s][info][gc,phases   ] GC(100) y: Pause Relocate Start 0.040ms
[2026-04-03T03:18:41.430+0600][40.982s][info][gc,phases   ] GC(100) y: Concurrent Relocate 30.791ms
[2026-04-03T03:18:41.430+0600][40.982s][info][gc,alloc    ] GC(100) y:                         Mark Start        Mark End      Relocate Start    Relocate End   
[2026-04-03T03:18:41.430+0600][40.982s][info][gc,alloc    ] GC(100) y: Allocation Stalls:          0                0                0                0         
[2026-04-03T03:18:41.430+0600][40.982s][info][gc,load     ] GC(100) y: Load: 4.72 (39%) / 5.01 (42%) / 5.50 (46%)
[2026-04-03T03:18:41.430+0600][40.982s][info][gc,mmu      ] GC(100) y: MMU: 2ms/90.5%, 5ms/96.2%, 10ms/98.1%, 20ms/98.7%, 50ms/99.5%, 100ms/99.6%
[2026-04-03T03:18:41.430+0600][40.982s][info][gc,marking  ] GC(100) y: Mark: 1 stripe(s), 2 proactive flush(es), 1 terminate flush(es), 0 completion(s), 0 continuation(s) 
[2026-04-03T03:18:41.430+0600][40.982s][info][gc,marking  ] GC(100) y: Mark Stack Usage: 32M
[2026-04-03T03:18:41.430+0600][40.982s][info][gc,nmethod  ] GC(100) y: NMethods: 6219 registered, 540 unregistered
[2026-04-03T03:18:41.430+0600][40.982s][info][gc,metaspace] GC(100) y: Metaspace: 69M used, 70M committed, 1088M reserved
[2026-04-03T03:18:41.430+0600][40.982s][info][gc,reloc    ] GC(100) y:                        Candidates     Selected     In-Place         Size        Empty    Relocated 
[2026-04-03T03:18:41.430+0600][40.983s][info][gc,reloc    ] GC(100) y: Small Pages:                    9            8            0          18M           0M           0M 
[2026-04-03T03:18:41.430+0600][40.983s][info][gc,reloc    ] GC(100) y: Medium Pages:                   4            2            0          64M           0M          16M 
[2026-04-03T03:18:41.430+0600][40.983s][info][gc,reloc    ] GC(100) y: Large Pages:                    7            0            0          32M          12M           0M 
[2026-04-03T03:18:41.430+0600][40.983s][info][gc,reloc    ] GC(100) y: Forwarding Usage: 0M
[2026-04-03T03:18:41.430+0600][40.983s][info][gc,reloc    ] GC(100) y: Age Table:
[2026-04-03T03:18:41.430+0600][40.983s][info][gc,reloc    ] GC(100) y:                    Live             Garbage             Small              Medium             Large        
[2026-04-03T03:18:41.430+0600][40.983s][info][gc,reloc    ] GC(100) y: Eden              16M (2%)           19M (2%)           5 / 4              1 / 1              2 / 0        
[2026-04-03T03:18:41.430+0600][40.983s][info][gc,reloc    ] GC(100) y: Survivor 1        28M (3%)           47M (5%)           3 / 3              3 / 1              5 / 0        
[2026-04-03T03:18:41.430+0600][40.983s][info][gc,reloc    ] GC(100) y: Survivor 2         0M (0%)            1M (0%)           1 / 1              0 / 0              0 / 0        
[2026-04-03T03:18:41.430+0600][40.983s][info][gc,heap     ] GC(100) y: Min Capacity: 8M(1%)
[2026-04-03T03:18:41.430+0600][40.983s][info][gc,heap     ] GC(100) y: Max Capacity: 1000M(100%)
[2026-04-03T03:18:41.431+0600][40.983s][info][gc,heap     ] GC(100) y: Soft Max Capacity: 1000M(100%)
[2026-04-03T03:18:41.431+0600][40.983s][info][gc,heap     ] GC(100) y: Heap Statistics:
[2026-04-03T03:18:41.431+0600][40.983s][info][gc,heap     ] GC(100) y:                Mark Start          Mark End        Relocate Start      Relocate End           High               Low         
[2026-04-03T03:18:41.431+0600][40.983s][info][gc,heap     ] GC(100) y:  Capacity:     1000M (100%)       1000M (100%)       1000M (100%)       1000M (100%)       1000M (100%)       1000M (100%)   
[2026-04-03T03:18:41.431+0600][40.983s][info][gc,heap     ] GC(100) y:      Free:      594M (59%)         560M (56%)         572M (57%)         562M (56%)         594M (59%)         520M (52%)    
[2026-04-03T03:18:41.431+0600][40.983s][info][gc,heap     ] GC(100) y:      Used:      406M (41%)         440M (44%)         428M (43%)         438M (44%)         480M (48%)         406M (41%)    
[2026-04-03T03:18:41.431+0600][40.983s][info][gc,heap     ] GC(100) y: Young Generation Statistics:
[2026-04-03T03:18:41.431+0600][40.983s][info][gc,heap     ] GC(100) y:                Mark Start          Mark End        Relocate Start      Relocate End    
[2026-04-03T03:18:41.431+0600][40.983s][info][gc,heap     ] GC(100) y:      Used:      114M (11%)         148M (15%)         136M (14%)         144M (14%)    
[2026-04-03T03:18:41.431+0600][40.983s][info][gc,heap     ] GC(100) y:      Live:         -                44M (4%)           44M (4%)           44M (4%)     
[2026-04-03T03:18:41.431+0600][40.983s][info][gc,heap     ] GC(100) y:   Garbage:         -                69M (7%)           57M (6%)            0M (0%)     
[2026-04-03T03:18:41.431+0600][40.983s][info][gc,heap     ] GC(100) y: Allocated:         -                34M (3%)           34M (3%)           99M (10%)    
[2026-04-03T03:18:41.431+0600][40.983s][info][gc,heap     ] GC(100) y: Reclaimed:         -                  -                12M (1%)           69M (7%)     
[2026-04-03T03:18:41.431+0600][40.983s][info][gc,heap     ] GC(100) y:  Promoted:         -                  -                 0M (0%)            0M (0%)     
[2026-04-03T03:18:41.431+0600][40.983s][info][gc,heap     ] GC(100) y: Compacted:         -                  -                  -                24M (2%)     
[2026-04-03T03:18:41.431+0600][40.983s][info][gc,phases   ] GC(100) y: Young Generation 406M(41%)->438M(44%) 0.129s
[2026-04-03T03:18:41.431+0600][40.983s][info][gc          ] GC(100) Minor Collection (Allocation Rate) 406M(41%)->438M(44%) 0.130s
[2026-04-03T03:18:41.431+0600][40.983s][info][gc          ] GC(101) Minor Collection (Allocation Rate)
[2026-04-03T03:18:41.431+0600][40.983s][info][gc,task     ] GC(101) Using 1 Workers for Young Generation
[2026-04-03T03:18:41.431+0600][40.983s][info][gc,phases   ] GC(101) y: Young Generation
[2026-04-03T03:18:41.432+0600][40.984s][info][gc,phases   ] GC(101) y: Pause Mark Start 0.056ms
[2026-04-03T03:18:41.512+0600][41.064s][info][gc,phases   ] GC(101) y: Concurrent Mark 79.652ms
[2026-04-03T03:18:41.512+0600][41.064s][info][gc,phases   ] GC(101) y: Pause Mark End 0.032ms
[2026-04-03T03:18:41.512+0600][41.064s][info][gc,phases   ] GC(101) y: Concurrent Mark Free 0.003ms
[2026-04-03T03:18:41.512+0600][41.064s][info][gc,phases   ] GC(101) y: Concurrent Reset Relocation Set 0.005ms
[2026-04-03T03:18:41.516+0600][41.069s][info][gc,reloc    ] GC(101) y: Using tenuring threshold: 2 (Computed)
[2026-04-03T03:18:41.524+0600][41.077s][info][gc,phases   ] GC(101) y: Concurrent Select Relocation Set 12.118ms
[2026-04-03T03:18:41.525+0600][41.077s][info][gc,phases   ] GC(101) y: Pause Relocate Start 0.033ms
[2026-04-03T03:18:41.591+0600][41.143s][info][gc,phases   ] GC(101) y: Concurrent Relocate 66.074ms
[2026-04-03T03:18:41.591+0600][41.143s][info][gc,alloc    ] GC(101) y:                         Mark Start        Mark End      Relocate Start    Relocate End   
[2026-04-03T03:18:41.591+0600][41.144s][info][gc,alloc    ] GC(101) y: Allocation Stalls:          0                0                0                0         
[2026-04-03T03:18:41.591+0600][41.144s][info][gc,load     ] GC(101) y: Load: 4.72 (39%) / 5.01 (42%) / 5.50 (46%)
[2026-04-03T03:18:41.591+0600][41.144s][info][gc,mmu      ] GC(101) y: MMU: 2ms/90.5%, 5ms/96.2%, 10ms/98.1%, 20ms/98.7%, 50ms/99.5%, 100ms/99.6%
[2026-04-03T03:18:41.591+0600][41.144s][info][gc,marking  ] GC(101) y: Mark: 1 stripe(s), 2 proactive flush(es), 1 terminate flush(es), 0 completion(s), 0 continuation(s) 
[2026-04-03T03:18:41.591+0600][41.144s][info][gc,marking  ] GC(101) y: Mark Stack Usage: 32M
[2026-04-03T03:18:41.591+0600][41.144s][info][gc,nmethod  ] GC(101) y: NMethods: 6234 registered, 540 unregistered
[2026-04-03T03:18:41.591+0600][41.144s][info][gc,metaspace] GC(101) y: Metaspace: 70M used, 71M committed, 1088M reserved
[2026-04-03T03:18:41.591+0600][41.144s][info][gc,reloc    ] GC(101) y:                        Candidates     Selected     In-Place         Size        Empty    Relocated 
[2026-04-03T03:18:41.591+0600][41.144s][info][gc,reloc    ] GC(101) y: Small Pages:                   12           11            0          24M           0M           0M 
[2026-04-03T03:18:41.591+0600][41.144s][info][gc,reloc    ] GC(101) y: Medium Pages:                   6            4            0          96M           0M          15M 
[2026-04-03T03:18:41.591+0600][41.144s][info][gc,reloc    ] GC(101) y: Large Pages:                    5            0            0          24M          10M           0M 
[2026-04-03T03:18:41.591+0600][41.144s][info][gc,reloc    ] GC(101) y: Forwarding Usage: 0M
[2026-04-03T03:18:41.591+0600][41.144s][info][gc,reloc    ] GC(101) y: Age Table:
[2026-04-03T03:18:41.591+0600][41.144s][info][gc,reloc    ] GC(101) y:                    Live             Garbage             Small              Medium             Large        
[2026-04-03T03:18:41.591+0600][41.144s][info][gc,reloc    ] GC(101) y: Eden              13M (1%)           20M (2%)           7 / 7              1 / 1              1 / 0        
[2026-04-03T03:18:41.592+0600][41.144s][info][gc,reloc    ] GC(101) y: Survivor 1        13M (1%)           32M (3%)           2 / 2              2 / 1              2 / 0        
[2026-04-03T03:18:41.592+0600][41.144s][info][gc,reloc    ] GC(101) y: Survivor 2        11M (1%)           52M (5%)           3 / 2              3 / 2              2 / 0        
[2026-04-03T03:18:41.592+0600][41.144s][info][gc,heap     ] GC(101) y: Min Capacity: 8M(1%)
[2026-04-03T03:18:41.592+0600][41.144s][info][gc,heap     ] GC(101) y: Max Capacity: 1000M(100%)
[2026-04-03T03:18:41.592+0600][41.144s][info][gc,heap     ] GC(101) y: Soft Max Capacity: 1000M(100%)
[2026-04-03T03:18:41.615+0600][41.167s][info][gc,heap     ] GC(101) y: Heap Statistics:
[2026-04-03T03:18:41.615+0600][41.167s][info][gc,heap     ] GC(101) y:                Mark Start          Mark End        Relocate Start      Relocate End           High               Low         
[2026-04-03T03:18:41.615+0600][41.167s][info][gc,heap     ] GC(101) y:  Capacity:     1000M (100%)       1000M (100%)       1000M (100%)       1000M (100%)       1000M (100%)       1000M (100%)   
[2026-04-03T03:18:41.615+0600][41.167s][info][gc,heap     ] GC(101) y:      Free:      562M (56%)         536M (54%)         546M (55%)         546M (55%)         562M (56%)         474M (47%)    
[2026-04-03T03:18:41.615+0600][41.167s][info][gc,heap     ] GC(101) y:      Used:      438M (44%)         464M (46%)         454M (45%)         454M (45%)         526M (53%)         438M (44%)    
[2026-04-03T03:18:41.615+0600][41.167s][info][gc,heap     ] GC(101) y: Young Generation Statistics:
[2026-04-03T03:18:41.615+0600][41.167s][info][gc,heap     ] GC(101) y:                Mark Start          Mark End        Relocate Start      Relocate End    
[2026-04-03T03:18:41.615+0600][41.167s][info][gc,heap     ] GC(101) y:      Used:      144M (14%)         170M (17%)         160M (16%)         120M (12%)    
[2026-04-03T03:18:41.615+0600][41.167s][info][gc,heap     ] GC(101) y:      Live:         -                39M (4%)           39M (4%)           25M (3%)     
[2026-04-03T03:18:41.615+0600][41.167s][info][gc,heap     ] GC(101) y:   Garbage:         -               104M (10%)          94M (9%)            1M (0%)     
[2026-04-03T03:18:41.615+0600][41.168s][info][gc,heap     ] GC(101) y: Allocated:         -                26M (3%)           26M (3%)           92M (9%)     
[2026-04-03T03:18:41.615+0600][41.168s][info][gc,heap     ] GC(101) y: Reclaimed:         -                  -                10M (1%)          103M (10%)    
[2026-04-03T03:18:41.615+0600][41.168s][info][gc,heap     ] GC(101) y:  Promoted:         -                  -                 0M (0%)           13M (1%)     
[2026-04-03T03:18:41.615+0600][41.168s][info][gc,heap     ] GC(101) y: Compacted:         -                  -                  -                13M (1%)     
[2026-04-03T03:18:41.615+0600][41.168s][info][gc,phases   ] GC(101) y: Young Generation 438M(44%)->454M(45%) 0.160s
[2026-04-03T03:18:41.615+0600][41.168s][info][gc          ] GC(101) Minor Collection (Allocation Rate) 438M(44%)->464M(46%) 0.184s
[2026-04-03T03:18:41.615+0600][41.168s][info][gc,task     ] Adjusting Workers for Old Generation: 2 -> 1
[2026-04-03T03:18:41.616+0600][41.168s][info][gc          ] GC(102) Minor Collection (Allocation Rate)
[2026-04-03T03:18:41.616+0600][41.168s][info][gc,task     ] GC(102) Using 2 Workers for Young Generation
[2026-04-03T03:18:41.616+0600][41.168s][info][gc,phases   ] GC(102) y: Young Generation
[2026-04-03T03:18:41.629+0600][41.181s][info][gc,phases   ] GC(102) y: Pause Mark Start 0.027ms
[2026-04-03T03:18:41.648+0600][41.200s][info][gc,phases   ] GC(102) y: Concurrent Mark 18.464ms
[2026-04-03T03:18:41.648+0600][41.200s][info][gc,phases   ] GC(102) y: Pause Mark End 0.034ms
[2026-04-03T03:18:41.648+0600][41.201s][info][gc,phases   ] GC(102) y: Concurrent Mark Free 0.002ms
[2026-04-03T03:18:41.648+0600][41.201s][info][gc,phases   ] GC(102) y: Concurrent Reset Relocation Set 0.005ms
[2026-04-03T03:18:41.653+0600][41.205s][info][gc,reloc    ] GC(102) y: Using tenuring threshold: 3 (Computed)
[2026-04-03T03:18:41.653+0600][41.205s][info][gc,phases   ] GC(102) y: Concurrent Select Relocation Set 4.854ms
[2026-04-03T03:18:41.654+0600][41.206s][info][gc,phases   ] GC(102) y: Pause Relocate Start 0.026ms
[2026-04-03T03:18:41.660+0600][41.213s][info][gc,phases   ] GC(102) y: Concurrent Relocate 6.645ms
[2026-04-03T03:18:41.661+0600][41.213s][info][gc,alloc    ] GC(102) y:                         Mark Start        Mark End      Relocate Start    Relocate End   
[2026-04-03T03:18:41.661+0600][41.213s][info][gc,alloc    ] GC(102) y: Allocation Stalls:          0                0                0                0         
[2026-04-03T03:18:41.661+0600][41.213s][info][gc,load     ] GC(102) y: Load: 4.72 (39%) / 5.01 (42%) / 5.50 (46%)
[2026-04-03T03:18:41.661+0600][41.213s][info][gc,mmu      ] GC(102) y: MMU: 2ms/90.5%, 5ms/96.2%, 10ms/98.1%, 20ms/98.7%, 50ms/99.5%, 100ms/99.6%
[2026-04-03T03:18:41.661+0600][41.213s][info][gc,marking  ] GC(102) y: Mark: 2 stripe(s), 5 proactive flush(es), 1 terminate flush(es), 0 completion(s), 0 continuation(s) 
[2026-04-03T03:18:41.661+0600][41.213s][info][gc,marking  ] GC(102) y: Mark Stack Usage: 32M
[2026-04-03T03:18:41.661+0600][41.213s][info][gc,nmethod  ] GC(102) y: NMethods: 6247 registered, 540 unregistered
[2026-04-03T03:18:41.661+0600][41.213s][info][gc,metaspace] GC(102) y: Metaspace: 70M used, 71M committed, 1088M reserved
[2026-04-03T03:18:41.661+0600][41.213s][info][gc,reloc    ] GC(102) y:                        Candidates     Selected     In-Place         Size        Empty    Relocated 
[2026-04-03T03:18:41.661+0600][41.213s][info][gc,reloc    ] GC(102) y: Small Pages:                   21           20            0          42M           0M           0M 
[2026-04-03T03:18:41.661+0600][41.213s][info][gc,reloc    ] GC(102) y: Medium Pages:                   4            2            0          64M           0M           8M 
[2026-04-03T03:18:41.661+0600][41.213s][info][gc,reloc    ] GC(102) y: Large Pages:                    5            0            0          24M           4M           0M 
[2026-04-03T03:18:41.661+0600][41.213s][info][gc,reloc    ] GC(102) y: Forwarding Usage: 0M
[2026-04-03T03:18:41.661+0600][41.213s][info][gc,reloc    ] GC(102) y: Age Table:
[2026-04-03T03:18:41.661+0600][41.213s][info][gc,reloc    ] GC(102) y:                    Live             Garbage             Small              Medium             Large        
[2026-04-03T03:18:41.661+0600][41.213s][info][gc,reloc    ] GC(102) y: Eden              19M (2%)           24M (2%)           9 / 9              1 / 0              2 / 0        
[2026-04-03T03:18:41.661+0600][41.213s][info][gc,reloc    ] GC(102) y: Survivor 1         8M (1%)           43M (4%)           8 / 8              2 / 2              1 / 0        
[2026-04-03T03:18:41.661+0600][41.213s][info][gc,reloc    ] GC(102) y: Survivor 2        13M (1%)           20M (2%)           4 / 3              1 / 0              2 / 0        
[2026-04-03T03:18:41.661+0600][41.213s][info][gc,heap     ] GC(102) y: Min Capacity: 8M(1%)
[2026-04-03T03:18:41.661+0600][41.213s][info][gc,heap     ] GC(102) y: Max Capacity: 1000M(100%)
[2026-04-03T03:18:41.661+0600][41.213s][info][gc,heap     ] GC(102) y: Soft Max Capacity: 1000M(100%)
[2026-04-03T03:18:41.661+0600][41.213s][info][gc,heap     ] GC(102) y: Heap Statistics:
[2026-04-03T03:18:41.661+0600][41.213s][info][gc,heap     ] GC(102) y:                Mark Start          Mark End        Relocate Start      Relocate End           High               Low         
[2026-04-03T03:18:41.661+0600][41.213s][info][gc,heap     ] GC(102) y:  Capacity:     1000M (100%)       1000M (100%)       1000M (100%)       1000M (100%)       1000M (100%)       1000M (100%)   
[2026-04-03T03:18:41.661+0600][41.213s][info][gc,heap     ] GC(102) y:      Free:      536M (54%)         522M (52%)         526M (53%)         570M (57%)         570M (57%)         486M (49%)    
[2026-04-03T03:18:41.661+0600][41.213s][info][gc,heap     ] GC(102) y:      Used:      464M (46%)         478M (48%)         474M (47%)         430M (43%)         514M (51%)         430M (43%)    
[2026-04-03T03:18:41.661+0600][41.213s][info][gc,heap     ] GC(102) y: Young Generation Statistics:
[2026-04-03T03:18:41.661+0600][41.213s][info][gc,heap     ] GC(102) y:                Mark Start          Mark End        Relocate Start      Relocate End    
[2026-04-03T03:18:41.661+0600][41.213s][info][gc,heap     ] GC(102) y:      Used:      130M (13%)         144M (14%)         140M (14%)          96M (10%)    
[2026-04-03T03:18:41.661+0600][41.213s][info][gc,heap     ] GC(102) y:      Live:         -                40M (4%)           40M (4%)           40M (4%)     
[2026-04-03T03:18:41.661+0600][41.213s][info][gc,heap     ] GC(102) y:   Garbage:         -                89M (9%)           85M (9%)            7M (1%)     
[2026-04-03T03:18:41.661+0600][41.213s][info][gc,heap     ] GC(102) y: Allocated:         -                14M (1%)           14M (1%)           47M (5%)     
[2026-04-03T03:18:41.661+0600][41.213s][info][gc,heap     ] GC(102) y: Reclaimed:         -                  -                 4M (0%)           81M (8%)     
[2026-04-03T03:18:41.661+0600][41.213s][info][gc,heap     ] GC(102) y:  Promoted:         -                  -                 0M (0%)            0M (0%)     
[2026-04-03T03:18:41.661+0600][41.213s][info][gc,heap     ] GC(102) y: Compacted:         -                  -                  -                12M (1%)     
[2026-04-03T03:18:41.661+0600][41.213s][info][gc,phases   ] GC(102) y: Young Generation 464M(46%)->430M(43%) 0.045s
[2026-04-03T03:18:41.661+0600][41.213s][info][gc          ] GC(102) Minor Collection (Allocation Rate) 464M(46%)->430M(43%) 0.046s
[2026-04-03T03:18:41.819+0600][41.371s][info][gc          ] GC(103) Minor Collection (Allocation Rate)
[2026-04-03T03:18:41.819+0600][41.371s][info][gc,task     ] GC(103) Using 2 Workers for Young Generation
[2026-04-03T03:18:41.819+0600][41.371s][info][gc,phases   ] GC(103) y: Young Generation
[2026-04-03T03:18:41.819+0600][41.371s][info][gc,phases   ] GC(103) y: Pause Mark Start 0.052ms
[2026-04-03T03:18:41.862+0600][41.415s][info][gc,phases   ] GC(103) y: Concurrent Mark 43.278ms
[2026-04-03T03:18:41.863+0600][41.415s][info][gc,phases   ] GC(103) y: Pause Mark End 0.060ms
[2026-04-03T03:18:41.863+0600][41.415s][info][gc,phases   ] GC(103) y: Concurrent Mark Free 0.004ms
[2026-04-03T03:18:41.863+0600][41.415s][info][gc,phases   ] GC(103) y: Concurrent Reset Relocation Set 0.006ms
[2026-04-03T03:18:41.870+0600][41.422s][info][gc,reloc    ] GC(103) y: Using tenuring threshold: 1 (Computed)
[2026-04-03T03:18:41.890+0600][41.442s][info][gc,phases   ] GC(103) y: Concurrent Select Relocation Set 26.698ms
[2026-04-03T03:18:41.890+0600][41.443s][info][gc,phases   ] GC(103) y: Pause Relocate Start 0.028ms
[2026-04-03T03:18:41.937+0600][41.489s][info][gc,phases   ] GC(103) y: Concurrent Relocate 46.417ms
[2026-04-03T03:18:41.937+0600][41.489s][info][gc,alloc    ] GC(103) y:                         Mark Start        Mark End      Relocate Start    Relocate End   
[2026-04-03T03:18:41.937+0600][41.489s][info][gc,alloc    ] GC(103) y: Allocation Stalls:          0                0                0                0         
[2026-04-03T03:18:41.937+0600][41.489s][info][gc,load     ] GC(103) y: Load: 4.72 (39%) / 5.01 (42%) / 5.50 (46%)
[2026-04-03T03:18:41.937+0600][41.489s][info][gc,mmu      ] GC(103) y: MMU: 2ms/90.5%, 5ms/96.2%, 10ms/98.1%, 20ms/98.7%, 50ms/99.5%, 100ms/99.6%
[2026-04-03T03:18:41.937+0600][41.490s][info][gc,marking  ] GC(103) y: Mark: 2 stripe(s), 2 proactive flush(es), 1 terminate flush(es), 0 completion(s), 0 continuation(s) 
[2026-04-03T03:18:41.937+0600][41.490s][info][gc,marking  ] GC(103) y: Mark Stack Usage: 32M
[2026-04-03T03:18:41.937+0600][41.490s][info][gc,nmethod  ] GC(103) y: NMethods: 6364 registered, 540 unregistered
[2026-04-03T03:18:41.937+0600][41.490s][info][gc,metaspace] GC(103) y: Metaspace: 70M used, 71M committed, 1088M reserved
[2026-04-03T03:18:41.937+0600][41.490s][info][gc,reloc    ] GC(103) y:                        Candidates     Selected     In-Place         Size        Empty    Relocated 
[2026-04-03T03:18:41.937+0600][41.490s][info][gc,reloc    ] GC(103) y: Small Pages:                   33           30            0          66M           0M           4M 
[2026-04-03T03:18:41.937+0600][41.490s][info][gc,reloc    ] GC(103) y: Medium Pages:                   5            2            0          80M           0M          14M 
[2026-04-03T03:18:41.937+0600][41.490s][info][gc,reloc    ] GC(103) y: Large Pages:                    8            0            0          44M          12M           0M 
[2026-04-03T03:18:41.937+0600][41.490s][info][gc,reloc    ] GC(103) y: Forwarding Usage: 3M
[2026-04-03T03:18:41.937+0600][41.490s][info][gc,reloc    ] GC(103) y: Age Table:
[2026-04-03T03:18:41.937+0600][41.490s][info][gc,reloc    ] GC(103) y:                    Live             Garbage             Small              Medium             Large        
[2026-04-03T03:18:41.937+0600][41.490s][info][gc,reloc    ] GC(103) y: Eden              37M (4%)           70M (7%)          26 / 23             2 / 1              4 / 0        
[2026-04-03T03:18:41.937+0600][41.490s][info][gc,reloc    ] GC(103) y: Survivor 1        17M (2%)           14M (1%)           3 / 3              1 / 0              2 / 0        
[2026-04-03T03:18:41.937+0600][41.490s][info][gc,reloc    ] GC(103) y: Survivor 2         8M (1%)           11M (1%)           2 / 2              1 / 1              0 / 0        
[2026-04-03T03:18:41.937+0600][41.490s][info][gc,reloc    ] GC(103) y: Survivor 3        13M (1%)           16M (2%)           2 / 2              1 / 0              2 / 0        
[2026-04-03T03:18:41.937+0600][41.490s][info][gc,heap     ] GC(103) y: Min Capacity: 8M(1%)
[2026-04-03T03:18:41.938+0600][41.490s][info][gc,heap     ] GC(103) y: Max Capacity: 1000M(100%)
[2026-04-03T03:18:41.938+0600][41.490s][info][gc,heap     ] GC(103) y: Soft Max Capacity: 1000M(100%)
[2026-04-03T03:18:41.938+0600][41.490s][info][gc,heap     ] GC(103) y: Heap Statistics:
[2026-04-03T03:18:41.938+0600][41.490s][info][gc,heap     ] GC(103) y:                Mark Start          Mark End        Relocate Start      Relocate End           High               Low         
[2026-04-03T03:18:41.938+0600][41.490s][info][gc,heap     ] GC(103) y:  Capacity:     1000M (100%)       1000M (100%)       1000M (100%)       1000M (100%)       1000M (100%)       1000M (100%)   
[2026-04-03T03:18:41.938+0600][41.490s][info][gc,heap     ] GC(103) y:      Free:      476M (48%)         420M (42%)         414M (41%)         422M (42%)         476M (48%)         346M (35%)    
[2026-04-03T03:18:41.938+0600][41.490s][info][gc,heap     ] GC(103) y:      Used:      524M (52%)         580M (58%)         586M (59%)         578M (58%)         654M (65%)         524M (52%)    
[2026-04-03T03:18:41.938+0600][41.490s][info][gc,heap     ] GC(103) y: Young Generation Statistics:
[2026-04-03T03:18:41.938+0600][41.490s][info][gc,heap     ] GC(103) y:                Mark Start          Mark End        Relocate Start      Relocate End    
[2026-04-03T03:18:41.938+0600][41.490s][info][gc,heap     ] GC(103) y:      Used:      190M (19%)         246M (25%)         232M (23%)         184M (18%)    
[2026-04-03T03:18:41.938+0600][41.490s][info][gc,heap     ] GC(103) y:      Live:         -                76M (8%)           56M (6%)           37M (4%)     
[2026-04-03T03:18:41.938+0600][41.490s][info][gc,heap     ] GC(103) y:   Garbage:         -               113M (11%)         101M (10%)           2M (0%)     
[2026-04-03T03:18:41.938+0600][41.490s][info][gc,heap     ] GC(103) y: Allocated:         -                56M (6%)           74M (7%)          144M (14%)    
[2026-04-03T03:18:41.938+0600][41.490s][info][gc,heap     ] GC(103) y: Reclaimed:         -                  -                12M (1%)          111M (11%)    
[2026-04-03T03:18:41.938+0600][41.490s][info][gc,heap     ] GC(103) y:  Promoted:         -                  -                20M (2%)           39M (4%)     
[2026-04-03T03:18:41.938+0600][41.490s][info][gc,heap     ] GC(103) y: Compacted:         -                  -                  -                11M (1%)     
[2026-04-03T03:18:41.938+0600][41.490s][info][gc,phases   ] GC(103) y: Young Generation 524M(52%)->578M(58%) 0.119s
[2026-04-03T03:18:41.938+0600][41.490s][info][gc          ] GC(103) Minor Collection (Allocation Rate) 524M(52%)->580M(58%) 0.119s
[2026-04-03T03:18:41.938+0600][41.490s][info][gc          ] GC(104) Minor Collection (Allocation Rate)
[2026-04-03T03:18:41.938+0600][41.490s][info][gc,task     ] GC(104) Using 2 Workers for Young Generation
[2026-04-03T03:18:41.938+0600][41.490s][info][gc,phases   ] GC(104) y: Young Generation
[2026-04-03T03:18:41.938+0600][41.491s][info][gc,phases   ] GC(104) y: Pause Mark Start 0.043ms
[2026-04-03T03:18:42.016+0600][41.568s][info][gc,phases   ] GC(104) y: Concurrent Mark 77.472ms
[2026-04-03T03:18:42.016+0600][41.569s][info][gc,phases   ] GC(104) y: Pause Mark End 0.068ms
[2026-04-03T03:18:42.017+0600][41.569s][info][gc,phases   ] GC(104) y: Concurrent Mark Free 0.003ms
[2026-04-03T03:18:42.017+0600][41.569s][info][gc,phases   ] GC(104) y: Concurrent Reset Relocation Set 0.019ms
[2026-04-03T03:18:42.020+0600][41.572s][info][gc,reloc    ] GC(104) y: Using tenuring threshold: 1 (Computed)
[2026-04-03T03:18:42.034+0600][41.587s][info][gc,phases   ] GC(104) y: Concurrent Select Relocation Set 17.652ms
[2026-04-03T03:18:42.035+0600][41.587s][info][gc,phases   ] GC(104) y: Pause Relocate Start 0.028ms
[2026-04-03T03:18:42.083+0600][41.635s][info][gc,phases   ] GC(104) y: Concurrent Relocate 47.661ms
[2026-04-03T03:18:42.083+0600][41.635s][info][gc,alloc    ] GC(104) y:                         Mark Start        Mark End      Relocate Start    Relocate End   
[2026-04-03T03:18:42.083+0600][41.635s][info][gc,alloc    ] GC(104) y: Allocation Stalls:          0                0                0                0         
[2026-04-03T03:18:42.083+0600][41.635s][info][gc,load     ] GC(104) y: Load: 4.72 (39%) / 5.01 (42%) / 5.50 (46%)
[2026-04-03T03:18:42.083+0600][41.635s][info][gc,mmu      ] GC(104) y: MMU: 2ms/90.5%, 5ms/96.2%, 10ms/98.1%, 20ms/98.7%, 50ms/99.5%, 100ms/99.6%
[2026-04-03T03:18:42.083+0600][41.635s][info][gc,marking  ] GC(104) y: Mark: 2 stripe(s), 2 proactive flush(es), 1 terminate flush(es), 0 completion(s), 0 continuation(s) 
[2026-04-03T03:18:42.083+0600][41.635s][info][gc,marking  ] GC(104) y: Mark Stack Usage: 32M
[2026-04-03T03:18:42.083+0600][41.635s][info][gc,nmethod  ] GC(104) y: NMethods: 6364 registered, 540 unregistered
[2026-04-03T03:18:42.083+0600][41.635s][info][gc,metaspace] GC(104) y: Metaspace: 70M used, 71M committed, 1088M reserved
[2026-04-03T03:18:42.083+0600][41.635s][info][gc,reloc    ] GC(104) y:                        Candidates     Selected     In-Place         Size        Empty    Relocated 
[2026-04-03T03:18:42.083+0600][41.635s][info][gc,reloc    ] GC(104) y: Small Pages:                   48           39            0          96M           2M           8M 
[2026-04-03T03:18:42.083+0600][41.635s][info][gc,reloc    ] GC(104) y: Medium Pages:                   4            1            0          64M          16M           2M 
[2026-04-03T03:18:42.083+0600][41.635s][info][gc,reloc    ] GC(104) y: Large Pages:                    6            0            0          28M           0M           0M 
[2026-04-03T03:18:42.083+0600][41.635s][info][gc,reloc    ] GC(104) y: Forwarding Usage: 10M
[2026-04-03T03:18:42.083+0600][41.635s][info][gc,reloc    ] GC(104) y: Age Table:
[2026-04-03T03:18:42.083+0600][41.635s][info][gc,reloc    ] GC(104) y:                    Live             Garbage             Small              Medium             Large        
[2026-04-03T03:18:42.083+0600][41.635s][info][gc,reloc    ] GC(104) y: Eden              25M (3%)           90M (9%)          42 / 35             1 / 0              4 / 0        
[2026-04-03T03:18:42.083+0600][41.635s][info][gc,reloc    ] GC(104) y: Survivor 1        32M (3%)           39M (4%)           6 / 4              3 / 1              2 / 0        
[2026-04-03T03:18:42.083+0600][41.635s][info][gc,heap     ] GC(104) y: Min Capacity: 8M(1%)
[2026-04-03T03:18:42.083+0600][41.635s][info][gc,heap     ] GC(104) y: Max Capacity: 1000M(100%)
[2026-04-03T03:18:42.083+0600][41.635s][info][gc,heap     ] GC(104) y: Soft Max Capacity: 1000M(100%)
[2026-04-03T03:18:42.083+0600][41.635s][info][gc,heap     ] GC(104) y: Heap Statistics:
[2026-04-03T03:18:42.083+0600][41.635s][info][gc,heap     ] GC(104) y:                Mark Start          Mark End        Relocate Start      Relocate End           High               Low         
[2026-04-03T03:18:42.083+0600][41.635s][info][gc,heap     ] GC(104) y:  Capacity:     1000M (100%)       1000M (100%)       1000M (100%)       1000M (100%)       1000M (100%)       1000M (100%)   
[2026-04-03T03:18:42.083+0600][41.635s][info][gc,heap     ] GC(104) y:      Free:      418M (42%)         324M (32%)         328M (33%)         366M (37%)         418M (42%)         294M (29%)    
[2026-04-03T03:18:42.083+0600][41.635s][info][gc,heap     ] GC(104) y:      Used:      582M (58%)         676M (68%)         672M (67%)         634M (63%)         706M (71%)         582M (58%)    
[2026-04-03T03:18:42.083+0600][41.635s][info][gc,heap     ] GC(104) y: Young Generation Statistics:
[2026-04-03T03:18:42.083+0600][41.635s][info][gc,heap     ] GC(104) y:                Mark Start          Mark End        Relocate Start      Relocate End    
[2026-04-03T03:18:42.083+0600][41.635s][info][gc,heap     ] GC(104) y:      Used:      188M (19%)         282M (28%)         246M (25%)         190M (19%)    
[2026-04-03T03:18:42.083+0600][41.635s][info][gc,heap     ] GC(104) y:      Live:         -                58M (6%)           29M (3%)           25M (3%)     
[2026-04-03T03:18:42.083+0600][41.635s][info][gc,heap     ] GC(104) y:   Garbage:         -               129M (13%)         108M (11%)           0M (0%)     
[2026-04-03T03:18:42.083+0600][41.635s][info][gc,heap     ] GC(104) y: Allocated:         -                94M (9%)          108M (11%)         164M (16%)    
[2026-04-03T03:18:42.083+0600][41.635s][info][gc,heap     ] GC(104) y: Reclaimed:         -                  -                20M (2%)          129M (13%)    
[2026-04-03T03:18:42.083+0600][41.635s][info][gc,heap     ] GC(104) y:  Promoted:         -                  -                29M (3%)           32M (3%)     
[2026-04-03T03:18:42.083+0600][41.635s][info][gc,heap     ] GC(104) y: Compacted:         -                  -                  -                 9M (1%)     
[2026-04-03T03:18:42.083+0600][41.635s][info][gc,phases   ] GC(104) y: Young Generation 580M(58%)->634M(63%) 0.145s
[2026-04-03T03:18:42.083+0600][41.635s][info][gc          ] GC(104) Minor Collection (Allocation Rate) 580M(58%)->634M(63%) 0.145s
[2026-04-03T03:18:42.083+0600][41.636s][info][gc          ] GC(105) Minor Collection (Allocation Rate)
[2026-04-03T03:18:42.083+0600][41.636s][info][gc,task     ] GC(105) Using 2 Workers for Young Generation
[2026-04-03T03:18:42.083+0600][41.636s][info][gc,phases   ] GC(105) y: Young Generation
[2026-04-03T03:18:42.084+0600][41.636s][info][gc,phases   ] GC(105) y: Pause Mark Start 0.026ms
[2026-04-03T03:18:42.212+0600][41.764s][info][gc,phases   ] GC(105) y: Concurrent Mark 127.321ms
[2026-04-03T03:18:42.212+0600][41.764s][info][gc,phases   ] GC(105) y: Pause Mark End 0.030ms
[2026-04-03T03:18:42.212+0600][41.764s][info][gc,phases   ] GC(105) y: Concurrent Mark Free 0.003ms
[2026-04-03T03:18:42.212+0600][41.764s][info][gc,phases   ] GC(105) y: Concurrent Reset Relocation Set 0.028ms
[2026-04-03T03:18:42.214+0600][41.766s][info][gc,reloc    ] GC(105) y: Using tenuring threshold: 2 (Computed)
[2026-04-03T03:18:42.217+0600][41.770s][info][gc,phases   ] GC(105) y: Concurrent Select Relocation Set 5.331ms
[2026-04-03T03:18:42.218+0600][41.770s][info][gc,phases   ] GC(105) y: Pause Relocate Start 0.022ms
[2026-04-03T03:18:42.248+0600][41.800s][info][gc,phases   ] GC(105) y: Concurrent Relocate 29.625ms
[2026-04-03T03:18:42.248+0600][41.800s][info][gc,alloc    ] GC(105) y:                         Mark Start        Mark End      Relocate Start    Relocate End   
[2026-04-03T03:18:42.248+0600][41.800s][info][gc,alloc    ] GC(105) y: Allocation Stalls:          0                0                0                0         
[2026-04-03T03:18:42.248+0600][41.800s][info][gc,load     ] GC(105) y: Load: 4.72 (39%) / 5.01 (42%) / 5.50 (46%)
[2026-04-03T03:18:42.248+0600][41.800s][info][gc,mmu      ] GC(105) y: MMU: 2ms/90.5%, 5ms/96.2%, 10ms/98.1%, 20ms/98.7%, 50ms/99.5%, 100ms/99.6%
[2026-04-03T03:18:42.248+0600][41.800s][info][gc,marking  ] GC(105) y: Mark: 2 stripe(s), 2 proactive flush(es), 1 terminate flush(es), 0 completion(s), 0 continuation(s) 
[2026-04-03T03:18:42.248+0600][41.800s][info][gc,marking  ] GC(105) y: Mark Stack Usage: 32M
[2026-04-03T03:18:42.248+0600][41.800s][info][gc,nmethod  ] GC(105) y: NMethods: 6418 registered, 540 unregistered
[2026-04-03T03:18:42.248+0600][41.800s][info][gc,metaspace] GC(105) y: Metaspace: 70M used, 71M committed, 1088M reserved
[2026-04-03T03:18:42.248+0600][41.800s][info][gc,reloc    ] GC(105) y:                        Candidates     Selected     In-Place         Size        Empty    Relocated 
[2026-04-03T03:18:42.248+0600][41.800s][info][gc,reloc    ] GC(105) y: Small Pages:                   59           47            0         118M           0M          11M 
[2026-04-03T03:18:42.248+0600][41.800s][info][gc,reloc    ] GC(105) y: Medium Pages:                   2            0            0          32M          16M           0M 
[2026-04-03T03:18:42.248+0600][41.800s][info][gc,reloc    ] GC(105) y: Large Pages:                    8            0            0          40M          16M           0M 
[2026-04-03T03:18:42.248+0600][41.800s][info][gc,reloc    ] GC(105) y: Forwarding Usage: 13M
[2026-04-03T03:18:42.248+0600][41.800s][info][gc,reloc    ] GC(105) y: Age Table:
[2026-04-03T03:18:42.248+0600][41.800s][info][gc,reloc    ] GC(105) y:                    Live             Garbage             Small              Medium             Large        
[2026-04-03T03:18:42.248+0600][41.800s][info][gc,reloc    ] GC(105) y: Eden              38M (4%)          107M (11%)         53 / 46             1 / 0              4 / 0        
[2026-04-03T03:18:42.248+0600][41.800s][info][gc,reloc    ] GC(105) y: Survivor 1         9M (1%)           34M (3%)           6 / 1              1 / 0              4 / 0        
[2026-04-03T03:18:42.248+0600][41.800s][info][gc,heap     ] GC(105) y: Min Capacity: 8M(1%)
[2026-04-03T03:18:42.248+0600][41.800s][info][gc,heap     ] GC(105) y: Max Capacity: 1000M(100%)
[2026-04-03T03:18:42.248+0600][41.800s][info][gc,heap     ] GC(105) y: Soft Max Capacity: 1000M(100%)
[2026-04-03T03:18:42.248+0600][41.800s][info][gc,heap     ] GC(105) y: Heap Statistics:
[2026-04-03T03:18:42.248+0600][41.800s][info][gc,heap     ] GC(105) y:                Mark Start          Mark End        Relocate Start      Relocate End           High               Low         
[2026-04-03T03:18:42.248+0600][41.800s][info][gc,heap     ] GC(105) y:  Capacity:     1000M (100%)       1000M (100%)       1000M (100%)       1000M (100%)       1000M (100%)       1000M (100%)   
[2026-04-03T03:18:42.248+0600][41.800s][info][gc,heap     ] GC(105) y:      Free:      366M (37%)         244M (24%)         274M (27%)         344M (34%)         366M (37%)         244M (24%)    
[2026-04-03T03:18:42.248+0600][41.800s][info][gc,heap     ] GC(105) y:      Used:      634M (63%)         756M (76%)         726M (73%)         656M (66%)         756M (76%)         634M (63%)    
[2026-04-03T03:18:42.248+0600][41.800s][info][gc,heap     ] GC(105) y: Young Generation Statistics:
[2026-04-03T03:18:42.248+0600][41.800s][info][gc,heap     ] GC(105) y:                Mark Start          Mark End        Relocate Start      Relocate End    
[2026-04-03T03:18:42.248+0600][41.800s][info][gc,heap     ] GC(105) y:      Used:      190M (19%)         312M (31%)         282M (28%)         212M (21%)    
[2026-04-03T03:18:42.248+0600][41.800s][info][gc,heap     ] GC(105) y:      Live:         -                47M (5%)           47M (5%)           47M (5%)     
[2026-04-03T03:18:42.248+0600][41.800s][info][gc,heap     ] GC(105) y:   Garbage:         -               142M (14%)         110M (11%)          13M (1%)     
[2026-04-03T03:18:42.248+0600][41.800s][info][gc,heap     ] GC(105) y: Allocated:         -               122M (12%)         124M (12%)         150M (15%)    
[2026-04-03T03:18:42.248+0600][41.800s][info][gc,heap     ] GC(105) y: Reclaimed:         -                  -                32M (3%)          128M (13%)    
[2026-04-03T03:18:42.248+0600][41.800s][info][gc,heap     ] GC(105) y:  Promoted:         -                  -                 0M (0%)            0M (0%)     
[2026-04-03T03:18:42.248+0600][41.800s][info][gc,heap     ] GC(105) y: Compacted:         -                  -                  -                13M (1%)     
[2026-04-03T03:18:42.248+0600][41.800s][info][gc,phases   ] GC(105) y: Young Generation 634M(63%)->656M(66%) 0.164s
[2026-04-03T03:18:42.248+0600][41.800s][info][gc          ] GC(105) Minor Collection (Allocation Rate) 634M(63%)->656M(66%) 0.165s
[2026-04-03T03:18:42.248+0600][41.801s][info][gc          ] GC(106) Minor Collection (Allocation Rate)
[2026-04-03T03:18:42.248+0600][41.801s][info][gc,task     ] GC(106) Using 2 Workers for Young Generation
[2026-04-03T03:18:42.248+0600][41.801s][info][gc,phases   ] GC(106) y: Young Generation
[2026-04-03T03:18:42.249+0600][41.801s][info][gc,phases   ] GC(106) y: Pause Mark Start 0.035ms
[2026-04-03T03:18:42.375+0600][41.927s][info][gc,phases   ] GC(106) y: Concurrent Mark 125.854ms
[2026-04-03T03:18:42.375+0600][41.928s][info][gc,phases   ] GC(106) y: Pause Mark End 0.034ms
[2026-04-03T03:18:42.376+0600][41.928s][info][gc,phases   ] GC(106) y: Concurrent Mark Free 0.003ms
[2026-04-03T03:18:42.376+0600][41.928s][info][gc,phases   ] GC(106) y: Concurrent Reset Relocation Set 0.014ms
[2026-04-03T03:18:42.377+0600][41.930s][info][gc,reloc    ] GC(106) y: Using tenuring threshold: 2 (Computed)
[2026-04-03T03:18:42.385+0600][41.938s][info][gc,phases   ] GC(106) y: Concurrent Select Relocation Set 9.767ms
[2026-04-03T03:18:42.386+0600][41.938s][info][gc,phases   ] GC(106) y: Pause Relocate Start 0.020ms
[2026-04-03T03:18:42.425+0600][41.977s][info][gc,phases   ] GC(106) y: Concurrent Relocate 39.191ms
[2026-04-03T03:18:42.425+0600][41.977s][info][gc,alloc    ] GC(106) y:                         Mark Start        Mark End      Relocate Start    Relocate End   
[2026-04-03T03:18:42.425+0600][41.977s][info][gc,alloc    ] GC(106) y: Allocation Stalls:          0                0                0                0         
[2026-04-03T03:18:42.425+0600][41.977s][info][gc,load     ] GC(106) y: Load: 4.72 (39%) / 5.01 (42%) / 5.50 (46%)
[2026-04-03T03:18:42.425+0600][41.977s][info][gc,mmu      ] GC(106) y: MMU: 2ms/90.5%, 5ms/96.2%, 10ms/98.1%, 20ms/98.7%, 50ms/99.5%, 100ms/99.6%
[2026-04-03T03:18:42.425+0600][41.977s][info][gc,marking  ] GC(106) y: Mark: 2 stripe(s), 2 proactive flush(es), 1 terminate flush(es), 0 completion(s), 0 continuation(s) 
[2026-04-03T03:18:42.425+0600][41.977s][info][gc,marking  ] GC(106) y: Mark Stack Usage: 32M
[2026-04-03T03:18:42.425+0600][41.977s][info][gc,nmethod  ] GC(106) y: NMethods: 6426 registered, 540 unregistered
[2026-04-03T03:18:42.425+0600][41.978s][info][gc,metaspace] GC(106) y: Metaspace: 70M used, 71M committed, 1088M reserved
[2026-04-03T03:18:42.425+0600][41.978s][info][gc,reloc    ] GC(106) y:                        Candidates     Selected     In-Place         Size        Empty    Relocated 
[2026-04-03T03:18:42.425+0600][41.978s][info][gc,reloc    ] GC(106) y: Small Pages:                   58           42            0         116M           0M           9M 
[2026-04-03T03:18:42.425+0600][41.978s][info][gc,reloc    ] GC(106) y: Medium Pages:                   3            1            0          48M           0M           2M 
[2026-04-03T03:18:42.425+0600][41.978s][info][gc,reloc    ] GC(106) y: Large Pages:                    8            0            0          48M           8M           0M 
[2026-04-03T03:18:42.425+0600][41.978s][info][gc,reloc    ] GC(106) y: Forwarding Usage: 12M
[2026-04-03T03:18:42.425+0600][41.978s][info][gc,reloc    ] GC(106) y: Age Table:
[2026-04-03T03:18:42.425+0600][41.978s][info][gc,reloc    ] GC(106) y:                    Live             Garbage             Small              Medium             Large        
[2026-04-03T03:18:42.425+0600][41.978s][info][gc,reloc    ] GC(106) y: Eden              39M (4%)          106M (11%)         45 / 40             2 / 0              4 / 0        
[2026-04-03T03:18:42.425+0600][41.978s][info][gc,reloc    ] GC(106) y: Survivor 1        38M (4%)           15M (2%)           7 / 2              1 / 1              4 / 0        
[2026-04-03T03:18:42.425+0600][41.978s][info][gc,reloc    ] GC(106) y: Survivor 2         9M (1%)            2M (0%)           6 / 0              0 / 0              0 / 0        
[2026-04-03T03:18:42.425+0600][41.978s][info][gc,heap     ] GC(106) y: Min Capacity: 8M(1%)
[2026-04-03T03:18:42.425+0600][41.978s][info][gc,heap     ] GC(106) y: Max Capacity: 1000M(100%)
[2026-04-03T03:18:42.425+0600][41.978s][info][gc,heap     ] GC(106) y: Soft Max Capacity: 1000M(100%)
[2026-04-03T03:18:42.425+0600][41.978s][info][gc,heap     ] GC(106) y: Heap Statistics:
[2026-04-03T03:18:42.425+0600][41.978s][info][gc,heap     ] GC(106) y:                Mark Start          Mark End        Relocate Start      Relocate End           High               Low         
[2026-04-03T03:18:42.425+0600][41.978s][info][gc,heap     ] GC(106) y:  Capacity:     1000M (100%)       1000M (100%)       1000M (100%)       1000M (100%)       1000M (100%)       1000M (100%)   
[2026-04-03T03:18:42.425+0600][41.978s][info][gc,heap     ] GC(106) y:      Free:      344M (34%)         252M (25%)         248M (25%)         302M (30%)         344M (34%)         200M (20%)    
[2026-04-03T03:18:42.426+0600][41.978s][info][gc,heap     ] GC(106) y:      Used:      656M (66%)         748M (75%)         752M (75%)         698M (70%)         800M (80%)         656M (66%)    
[2026-04-03T03:18:42.426+0600][41.978s][info][gc,heap     ] GC(106) y: Young Generation Statistics:
[2026-04-03T03:18:42.426+0600][41.978s][info][gc,heap     ] GC(106) y:                Mark Start          Mark End        Relocate Start      Relocate End    
[2026-04-03T03:18:42.426+0600][41.978s][info][gc,heap     ] GC(106) y:      Used:      212M (21%)         304M (30%)         300M (30%)         242M (24%)    
[2026-04-03T03:18:42.426+0600][41.978s][info][gc,heap     ] GC(106) y:      Live:         -                87M (9%)           79M (8%)           77M (8%)     
[2026-04-03T03:18:42.426+0600][41.978s][info][gc,heap     ] GC(106) y:   Garbage:         -               124M (12%)         116M (12%)           1M (0%)     
[2026-04-03T03:18:42.426+0600][41.978s][info][gc,heap     ] GC(106) y: Allocated:         -                92M (9%)          104M (10%)         162M (16%)    
[2026-04-03T03:18:42.426+0600][41.978s][info][gc,heap     ] GC(106) y: Reclaimed:         -                  -                 8M (1%)          123M (12%)    
[2026-04-03T03:18:42.426+0600][41.978s][info][gc,heap     ] GC(106) y:  Promoted:         -                  -                 7M (1%)            9M (1%)     
[2026-04-03T03:18:42.426+0600][41.978s][info][gc,heap     ] GC(106) y: Compacted:         -                  -                  -                13M (1%)     
[2026-04-03T03:18:42.426+0600][41.978s][info][gc,phases   ] GC(106) y: Young Generation 656M(66%)->698M(70%) 0.177s
[2026-04-03T03:18:42.426+0600][41.978s][info][gc          ] GC(106) Minor Collection (Allocation Rate) 656M(66%)->698M(70%) 0.177s
[2026-04-03T03:18:42.536+0600][42.089s][info][gc          ] GC(107) Minor Collection (Allocation Rate)
[2026-04-03T03:18:42.537+0600][42.089s][info][gc,task     ] GC(107) Using 2 Workers for Young Generation
[2026-04-03T03:18:42.537+0600][42.089s][info][gc,phases   ] GC(107) y: Young Generation
[2026-04-03T03:18:42.537+0600][42.089s][info][gc,phases   ] GC(107) y: Pause Mark Start 0.052ms
[2026-04-03T03:18:42.545+0600][42.098s][info][gc,phases   ] GC(99) O: Concurrent Mark 1251.491ms
[2026-04-03T03:18:42.547+0600][42.099s][info][gc,phases   ] GC(99) O: Pause Mark End 0.035ms
[2026-04-03T03:18:42.547+0600][42.099s][info][gc,phases   ] GC(99) O: Concurrent Mark Free 0.003ms
[2026-04-03T03:18:42.575+0600][42.127s][info][gc,phases   ] GC(99) O: Concurrent Process Non-Strong 28.020ms
[2026-04-03T03:18:42.575+0600][42.127s][info][gc,phases   ] GC(99) O: Concurrent Reset Relocation Set 0.005ms
[2026-04-03T03:18:42.594+0600][42.146s][info][gc,phases   ] GC(99) O: Concurrent Select Relocation Set 18.807ms
[2026-04-03T03:18:42.691+0600][42.243s][info][gc,phases   ] GC(107) y: Concurrent Mark 153.908ms
[2026-04-03T03:18:42.691+0600][42.243s][info][gc,phases   ] GC(107) y: Pause Mark End 0.023ms
[2026-04-03T03:18:42.691+0600][42.244s][info][gc,phases   ] GC(107) y: Concurrent Mark Free 0.001ms
[2026-04-03T03:18:42.691+0600][42.244s][info][gc,phases   ] GC(107) y: Concurrent Reset Relocation Set 0.021ms
[2026-04-03T03:18:42.696+0600][42.248s][info][gc,reloc    ] GC(107) y: Using tenuring threshold: 1 (Computed)
[2026-04-03T03:18:42.725+0600][42.277s][info][gc,phases   ] GC(107) y: Concurrent Select Relocation Set 33.259ms
[2026-04-03T03:18:42.725+0600][42.277s][info][gc,phases   ] GC(107) y: Pause Relocate Start 0.022ms
[2026-04-03T03:18:42.807+0600][42.359s][info][gc,phases   ] GC(107) y: Concurrent Relocate 81.874ms
[2026-04-03T03:18:42.807+0600][42.359s][info][gc,alloc    ] GC(107) y:                         Mark Start        Mark End      Relocate Start    Relocate End   
[2026-04-03T03:18:42.807+0600][42.359s][info][gc,alloc    ] GC(107) y: Allocation Stalls:          0                0                0                0         
[2026-04-03T03:18:42.807+0600][42.359s][info][gc,load     ] GC(107) y: Load: 4.72 (39%) / 5.01 (42%) / 5.50 (46%)
[2026-04-03T03:18:42.807+0600][42.359s][info][gc,mmu      ] GC(107) y: MMU: 2ms/90.5%, 5ms/96.2%, 10ms/98.1%, 20ms/98.7%, 50ms/99.5%, 100ms/99.6%
[2026-04-03T03:18:42.807+0600][42.359s][info][gc,marking  ] GC(107) y: Mark: 2 stripe(s), 2 proactive flush(es), 1 terminate flush(es), 0 completion(s), 0 continuation(s) 
[2026-04-03T03:18:42.807+0600][42.359s][info][gc,marking  ] GC(107) y: Mark Stack Usage: 32M
[2026-04-03T03:18:42.807+0600][42.359s][info][gc,nmethod  ] GC(107) y: NMethods: 6429 registered, 614 unregistered
[2026-04-03T03:18:42.807+0600][42.359s][info][gc,metaspace] GC(107) y: Metaspace: 70M used, 71M committed, 1088M reserved
[2026-04-03T03:18:42.807+0600][42.359s][info][gc,reloc    ] GC(107) y:                        Candidates     Selected     In-Place         Size        Empty    Relocated 
[2026-04-03T03:18:42.807+0600][42.359s][info][gc,reloc    ] GC(107) y: Small Pages:                   79           44            0         158M          16M           8M 
[2026-04-03T03:18:42.807+0600][42.359s][info][gc,reloc    ] GC(107) y: Medium Pages:                   4            1            0          64M          32M           2M 
[2026-04-03T03:18:42.807+0600][42.359s][info][gc,reloc    ] GC(107) y: Large Pages:                   12            0            0          70M          28M           0M 
[2026-04-03T03:18:42.807+0600][42.359s][info][gc,reloc    ] GC(107) y: Forwarding Usage: 9M
[2026-04-03T03:18:42.807+0600][42.359s][info][gc,reloc    ] GC(107) y: Age Table:
[2026-04-03T03:18:42.807+0600][42.359s][info][gc,reloc    ] GC(107) y:                    Live             Garbage             Small              Medium             Large        
[2026-04-03T03:18:42.807+0600][42.359s][info][gc,reloc    ] GC(107) y: Eden              48M (5%)          117M (12%)         60 / 38             1 / 0              5 / 0        
[2026-04-03T03:18:42.807+0600][42.359s][info][gc,reloc    ] GC(107) y: Survivor 1        10M (1%)           61M (6%)          12 / 6              2 / 0              3 / 0        
[2026-04-03T03:18:42.807+0600][42.359s][info][gc,reloc    ] GC(107) y: Survivor 2        38M (4%)           15M (2%)           7 / 0              1 / 1              4 / 0        
[2026-04-03T03:18:42.807+0600][42.359s][info][gc,heap     ] GC(107) y: Min Capacity: 8M(1%)
[2026-04-03T03:18:42.807+0600][42.359s][info][gc,heap     ] GC(107) y: Max Capacity: 1000M(100%)
[2026-04-03T03:18:42.807+0600][42.359s][info][gc,heap     ] GC(107) y: Soft Max Capacity: 1000M(100%)
[2026-04-03T03:18:42.807+0600][42.359s][info][gc,heap     ] GC(107) y: Heap Statistics:
[2026-04-03T03:18:42.807+0600][42.359s][info][gc,heap     ] GC(107) y:                Mark Start          Mark End        Relocate Start      Relocate End           High               Low         
[2026-04-03T03:18:42.807+0600][42.359s][info][gc,heap     ] GC(107) y:  Capacity:     1000M (100%)       1000M (100%)       1000M (100%)       1000M (100%)       1000M (100%)       1000M (100%)   
[2026-04-03T03:18:42.807+0600][42.359s][info][gc,heap     ] GC(107) y:      Free:      252M (25%)          60M (6%)           90M (9%)           86M (9%)          252M (25%)          52M (5%)     
[2026-04-03T03:18:42.807+0600][42.359s][info][gc,heap     ] GC(107) y:      Used:      748M (75%)         940M (94%)         910M (91%)         914M (91%)         948M (95%)         748M (75%)    
[2026-04-03T03:18:42.807+0600][42.359s][info][gc,heap     ] GC(107) y: Young Generation Statistics:
[2026-04-03T03:18:42.807+0600][42.359s][info][gc,heap     ] GC(107) y:                Mark Start          Mark End        Relocate Start      Relocate End    
[2026-04-03T03:18:42.807+0600][42.359s][info][gc,heap     ] GC(107) y:      Used:      292M (29%)         504M (50%)         430M (43%)         414M (41%)    
[2026-04-03T03:18:42.807+0600][42.359s][info][gc,heap     ] GC(107) y:      Live:         -                97M (10%)          54M (5%)           48M (5%)     
[2026-04-03T03:18:42.807+0600][42.359s][info][gc,heap     ] GC(107) y:   Garbage:         -               194M (19%)         117M (12%)           0M (0%)     
[2026-04-03T03:18:42.807+0600][42.360s][info][gc,heap     ] GC(107) y: Allocated:         -               212M (21%)         258M (26%)         365M (37%)    
[2026-04-03T03:18:42.807+0600][42.360s][info][gc,heap     ] GC(107) y: Reclaimed:         -                  -                76M (8%)          194M (19%)    
[2026-04-03T03:18:42.807+0600][42.360s][info][gc,heap     ] GC(107) y:  Promoted:         -                  -                43M (4%)           48M (5%)     
[2026-04-03T03:18:42.807+0600][42.360s][info][gc,heap     ] GC(107) y: Compacted:         -                  -                  -                 8M (1%)     
[2026-04-03T03:18:42.807+0600][42.360s][info][gc,phases   ] GC(107) y: Young Generation 748M(75%)->914M(91%) 0.270s
[2026-04-03T03:18:42.807+0600][42.360s][info][gc          ] GC(107) Minor Collection (Allocation Rate) 748M(75%)->914M(91%) 0.271s
[2026-04-03T03:18:42.807+0600][42.360s][info][gc,task     ] GC(99) O: Using 3 Workers for Old Generation
[2026-04-03T03:18:42.837+0600][42.389s][info][gc,task     ] GC(99) O: Using 1 Workers for Old Generation
[2026-04-03T03:18:42.837+0600][42.389s][info][gc,phases   ] GC(99) O: Concurrent Remap Roots 29.394ms
[2026-04-03T03:18:42.837+0600][42.389s][info][gc,phases   ] GC(99) O: Pause Relocate Start 0.022ms
[2026-04-03T03:18:42.837+0600][42.389s][info][gc          ] GC(108) Minor Collection (Allocation Rate)
[2026-04-03T03:18:42.837+0600][42.389s][info][gc,task     ] GC(108) Using 2 Workers for Young Generation
[2026-04-03T03:18:42.837+0600][42.389s][info][gc,phases   ] GC(108) y: Young Generation
[2026-04-03T03:18:42.838+0600][42.390s][info][gc,phases   ] GC(108) y: Pause Mark Start 0.018ms
[2026-04-03T03:18:42.944+0600][42.496s][info][gc,phases   ] GC(108) y: Concurrent Mark 106.498ms
[2026-04-03T03:18:42.951+0600][42.503s][info][gc,phases   ] GC(108) y: Pause Mark End 0.024ms
[2026-04-03T03:18:42.951+0600][42.503s][info][gc,phases   ] GC(108) y: Concurrent Mark Free 0.003ms
[2026-04-03T03:18:42.951+0600][42.503s][info][gc,phases   ] GC(108) y: Concurrent Reset Relocation Set 0.038ms
[2026-04-03T03:18:42.954+0600][42.507s][info][gc,reloc    ] GC(108) y: Using tenuring threshold: 1 (Computed)
[2026-04-03T03:18:42.957+0600][42.509s][info][gc,phases   ] GC(99) O: Concurrent Relocate 120.162ms
[2026-04-03T03:18:42.983+0600][42.535s][info][gc,phases   ] GC(108) y: Concurrent Select Relocation Set 31.431ms
[2026-04-03T03:18:42.983+0600][42.535s][info][gc,phases   ] GC(108) y: Pause Relocate Start 0.022ms
[2026-04-03T03:18:43.014+0600][42.567s][info][gc,task     ] Adjusting Workers for Young Generation: 2 -> 3
[2026-04-03T03:18:43.031+0600][42.584s][info][gc,phases   ] GC(108) y: Concurrent Relocate 48.403ms
[2026-04-03T03:18:43.031+0600][42.584s][info][gc,alloc    ] GC(108) y:                         Mark Start        Mark End      Relocate Start    Relocate End   
[2026-04-03T03:18:43.031+0600][42.584s][info][gc,alloc    ] GC(108) y: Allocation Stalls:          0                0                0                0         
[2026-04-03T03:18:43.031+0600][42.584s][info][gc,load     ] GC(108) y: Load: 4.72 (39%) / 5.01 (42%) / 5.50 (46%)
[2026-04-03T03:18:43.031+0600][42.584s][info][gc,mmu      ] GC(108) y: MMU: 2ms/90.5%, 5ms/96.2%, 10ms/98.1%, 20ms/98.7%, 50ms/99.5%, 100ms/99.6%
[2026-04-03T03:18:43.031+0600][42.584s][info][gc,marking  ] GC(108) y: Mark: 2 stripe(s), 2 proactive flush(es), 1 terminate flush(es), 0 completion(s), 0 continuation(s) 
[2026-04-03T03:18:43.031+0600][42.584s][info][gc,marking  ] GC(108) y: Mark Stack Usage: 32M
[2026-04-03T03:18:43.031+0600][42.584s][info][gc,nmethod  ] GC(108) y: NMethods: 6525 registered, 614 unregistered
[2026-04-03T03:18:43.031+0600][42.584s][info][gc,metaspace] GC(108) y: Metaspace: 71M used, 71M committed, 1088M reserved
[2026-04-03T03:18:43.031+0600][42.584s][info][gc,reloc    ] GC(108) y:                        Candidates     Selected     In-Place         Size        Empty    Relocated 
[2026-04-03T03:18:43.032+0600][42.584s][info][gc,reloc    ] GC(108) y: Small Pages:                  210            9            0         420M         370M           0M 
[2026-04-03T03:18:43.032+0600][42.584s][info][gc,reloc    ] GC(108) y: Medium Pages:                   0            0            0           0M           0M           0M 
[2026-04-03T03:18:43.032+0600][42.584s][info][gc,reloc    ] GC(108) y: Large Pages:                    3            0            0          18M           0M           0M 
[2026-04-03T03:18:43.032+0600][42.584s][info][gc,reloc    ] GC(108) y: Forwarding Usage: 0M
[2026-04-03T03:18:43.032+0600][42.584s][info][gc,reloc    ] GC(108) y: Age Table:
[2026-04-03T03:18:43.032+0600][42.584s][info][gc,reloc    ] GC(108) y:                    Live             Garbage             Small              Medium             Large        
[2026-04-03T03:18:43.032+0600][42.584s][info][gc,reloc    ] GC(108) y: Eden               0M (0%)          383M (38%)        192 / 7              0 / 0              0 / 0        
[2026-04-03T03:18:43.032+0600][42.584s][info][gc,reloc    ] GC(108) y: Survivor 1        48M (5%)            5M (1%)          18 / 2              0 / 0              3 / 0        
[2026-04-03T03:18:43.032+0600][42.584s][info][gc,heap     ] GC(108) y: Min Capacity: 8M(1%)
[2026-04-03T03:18:43.032+0600][42.584s][info][gc,heap     ] GC(108) y: Max Capacity: 1000M(100%)
[2026-04-03T03:18:43.032+0600][42.584s][info][gc,heap     ] GC(108) y: Soft Max Capacity: 1000M(100%)
[2026-04-03T03:18:43.032+0600][42.584s][info][gc,heap     ] GC(108) y: Heap Statistics:
[2026-04-03T03:18:43.032+0600][42.584s][info][gc,heap     ] GC(108) y:                Mark Start          Mark End        Relocate Start      Relocate End           High               Low         
[2026-04-03T03:18:43.032+0600][42.584s][info][gc,heap     ] GC(108) y:  Capacity:     1000M (100%)       1000M (100%)       1000M (100%)       1000M (100%)       1000M (100%)       1000M (100%)   
[2026-04-03T03:18:43.032+0600][42.584s][info][gc,heap     ] GC(108) y:      Free:       62M (6%)            4M (0%)          350M (35%)         248M (25%)         374M (37%)           2M (0%)     
[2026-04-03T03:18:43.032+0600][42.584s][info][gc,heap     ] GC(108) y:      Used:      938M (94%)         996M (100%)        650M (65%)         752M (75%)         998M (100%)        626M (63%)    
[2026-04-03T03:18:43.032+0600][42.584s][info][gc,heap     ] GC(108) y: Young Generation Statistics:
[2026-04-03T03:18:43.032+0600][42.584s][info][gc,heap     ] GC(108) y:                Mark Start          Mark End        Relocate Start      Relocate End    
[2026-04-03T03:18:43.032+0600][42.584s][info][gc,heap     ] GC(108) y:      Used:      438M (44%)         522M (52%)         130M (13%)         228M (23%)    
[2026-04-03T03:18:43.032+0600][42.584s][info][gc,heap     ] GC(108) y:      Live:         -                48M (5%)            0M (0%)            0M (0%)     
[2026-04-03T03:18:43.032+0600][42.584s][info][gc,heap     ] GC(108) y:   Garbage:         -               389M (39%)          19M (2%)            0M (0%)     
[2026-04-03T03:18:43.032+0600][42.584s][info][gc,heap     ] GC(108) y: Allocated:         -                84M (8%)          110M (11%)         227M (23%)    
[2026-04-03T03:18:43.032+0600][42.584s][info][gc,heap     ] GC(108) y: Reclaimed:         -                  -               370M (37%)         389M (39%)    
[2026-04-03T03:18:43.032+0600][42.584s][info][gc,heap     ] GC(108) y:  Promoted:         -                  -                47M (5%)           48M (5%)     
[2026-04-03T03:18:43.032+0600][42.584s][info][gc,heap     ] GC(108) y: Compacted:         -                  -                  -                 0M (0%)     
[2026-04-03T03:18:43.032+0600][42.584s][info][gc,phases   ] GC(108) y: Young Generation 938M(94%)->752M(75%) 0.194s
[2026-04-03T03:18:43.032+0600][42.584s][info][gc          ] GC(108) Minor Collection (Allocation Rate) 938M(94%)->752M(75%) 0.195s
[2026-04-03T03:18:43.032+0600][42.584s][info][gc,alloc    ] GC(99) O:                         Mark Start        Mark End      Relocate Start    Relocate End   
[2026-04-03T03:18:43.032+0600][42.584s][info][gc,alloc    ] GC(99) O: Allocation Stalls:          0                0                0                0         
[2026-04-03T03:18:43.032+0600][42.584s][info][gc,load     ] GC(99) O: Load: 4.72 (39%) / 5.01 (42%) / 5.50 (46%)
[2026-04-03T03:18:43.032+0600][42.584s][info][gc,mmu      ] GC(99) O: MMU: 2ms/90.5%, 5ms/96.2%, 10ms/98.1%, 20ms/98.7%, 50ms/99.5%, 100ms/99.6%
[2026-04-03T03:18:43.032+0600][42.584s][info][gc,marking  ] GC(99) O: Mark: 2 stripe(s), 2 proactive flush(es), 1 terminate flush(es), 0 completion(s), 0 continuation(s) 
[2026-04-03T03:18:43.032+0600][42.584s][info][gc,marking  ] GC(99) O: Mark Stack Usage: 32M
[2026-04-03T03:18:43.032+0600][42.584s][info][gc,nmethod  ] GC(99) O: NMethods: 6525 registered, 614 unregistered
[2026-04-03T03:18:43.032+0600][42.584s][info][gc,metaspace] GC(99) O: Metaspace: 71M used, 71M committed, 1088M reserved
[2026-04-03T03:18:43.032+0600][42.584s][info][gc,ref      ] GC(99) O:                       Encountered   Discovered     Enqueued 
[2026-04-03T03:18:43.032+0600][42.584s][info][gc,ref      ] GC(99) O: Soft References:             5147            0            0 
[2026-04-03T03:18:43.032+0600][42.584s][info][gc,ref      ] GC(99) O: Weak References:             6998         4671           17 
[2026-04-03T03:18:43.032+0600][42.584s][info][gc,ref      ] GC(99) O: Final References:              86            0            0 
[2026-04-03T03:18:43.032+0600][42.584s][info][gc,ref      ] GC(99) O: Phantom References:           604          574            0 
[2026-04-03T03:18:43.032+0600][42.584s][info][gc,reloc    ] GC(99) O:                        Candidates     Selected     In-Place         Size        Empty    Relocated 
[2026-04-03T03:18:43.032+0600][42.584s][info][gc,reloc    ] GC(99) O: Small Pages:                  127           13            0         254M           2M           8M 
[2026-04-03T03:18:43.032+0600][42.584s][info][gc,reloc    ] GC(99) O: Medium Pages:                   1            0            0          16M           0M           0M 
[2026-04-03T03:18:43.032+0600][42.584s][info][gc,reloc    ] GC(99) O: Large Pages:                    4            0            0          22M          18M           0M 
[2026-04-03T03:18:43.032+0600][42.584s][info][gc,reloc    ] GC(99) O: Forwarding Usage: 17M
[2026-04-03T03:18:43.032+0600][42.584s][info][gc,heap     ] GC(99) O: Min Capacity: 8M(1%)
[2026-04-03T03:18:43.032+0600][42.584s][info][gc,heap     ] GC(99) O: Max Capacity: 1000M(100%)
[2026-04-03T03:18:43.032+0600][42.584s][info][gc,heap     ] GC(99) O: Soft Max Capacity: 1000M(100%)
[2026-04-03T03:18:43.032+0600][42.584s][info][gc,heap     ] GC(99) O: Heap Statistics:
[2026-04-03T03:18:43.032+0600][42.584s][info][gc,heap     ] GC(99) O:                Mark Start          Mark End        Relocate Start      Relocate End           High               Low         
[2026-04-03T03:18:43.032+0600][42.584s][info][gc,heap     ] GC(99) O:  Capacity:     1000M (100%)       1000M (100%)       1000M (100%)       1000M (100%)       1000M (100%)       1000M (100%)   
[2026-04-03T03:18:43.032+0600][42.584s][info][gc,heap     ] GC(99) O:      Free:      560M (56%)         238M (24%)          62M (6%)          374M (37%)         594M (59%)           2M (0%)     
[2026-04-03T03:18:43.032+0600][42.584s][info][gc,heap     ] GC(99) O:      Used:      440M (44%)         762M (76%)         938M (94%)         626M (63%)         998M (100%)        406M (41%)    
[2026-04-03T03:18:43.032+0600][42.584s][info][gc,heap     ] GC(99) O: Old Generation Statistics:
[2026-04-03T03:18:43.032+0600][42.584s][info][gc,heap     ] GC(99) O:                Mark Start          Mark End        Relocate Start      Relocate End    
[2026-04-03T03:18:43.032+0600][42.584s][info][gc,heap     ] GC(99) O:      Used:      292M (29%)         456M (46%)         500M (50%)         472M (47%)    
[2026-04-03T03:18:43.032+0600][42.584s][info][gc,heap     ] GC(99) O:      Live:         -               228M (23%)         228M (23%)         228M (23%)    
[2026-04-03T03:18:43.032+0600][42.584s][info][gc,heap     ] GC(99) O:   Garbage:         -                63M (6%)           43M (4%)           13M (1%)     
[2026-04-03T03:18:43.032+0600][42.584s][info][gc,heap     ] GC(99) O: Allocated:         -               164M (16%)         228M (23%)         229M (23%)    
[2026-04-03T03:18:43.032+0600][42.584s][info][gc,heap     ] GC(99) O: Reclaimed:         -                  -                20M (2%)           49M (5%)     
[2026-04-03T03:18:43.032+0600][42.584s][info][gc,heap     ] GC(99) O: Compacted:         -                  -                  -                20M (2%)     
[2026-04-03T03:18:43.032+0600][42.584s][info][gc,phases   ] GC(99) O: Old Generation 406M(41%)->626M(63%) 1.738s
[2026-04-03T03:18:43.032+0600][42.584s][info][gc          ] GC(99) Major Collection (Allocation Rate) 434M(43%)->754M(75%) 1.844s
[2026-04-03T03:18:43.033+0600][42.585s][info][gc          ] GC(109) Major Collection (Allocation Rate)
[2026-04-03T03:18:43.033+0600][42.585s][info][gc,task     ] GC(109) Using 3 Workers for Young Generation
[2026-04-03T03:18:43.033+0600][42.585s][info][gc,task     ] GC(109) Using 1 Workers for Old Generation
[2026-04-03T03:18:43.033+0600][42.585s][info][gc,phases   ] GC(109) Y: Young Generation
[2026-04-03T03:18:43.033+0600][42.585s][info][gc,phases   ] GC(109) Y: Pause Mark Start (Major) 0.020ms
[2026-04-03T03:18:43.101+0600][42.653s][info][gc,phases   ] GC(109) Y: Concurrent Mark 67.766ms
[2026-04-03T03:18:43.101+0600][42.653s][info][gc,phases   ] GC(109) Y: Pause Mark End 0.019ms
[2026-04-03T03:18:43.101+0600][42.653s][info][gc,phases   ] GC(109) Y: Concurrent Mark Free 0.001ms
[2026-04-03T03:18:43.101+0600][42.653s][info][gc,phases   ] GC(109) Y: Concurrent Reset Relocation Set 0.039ms
[2026-04-03T03:18:43.103+0600][42.655s][info][gc,reloc    ] GC(109) Y: Using tenuring threshold: 2 (Computed)
[2026-04-03T03:18:43.103+0600][42.656s][info][gc,phases   ] GC(109) Y: Concurrent Select Relocation Set 2.157ms
[2026-04-03T03:18:43.103+0600][42.656s][info][gc,phases   ] GC(109) Y: Pause Relocate Start 0.007ms
[2026-04-03T03:18:43.106+0600][42.658s][info][gc,phases   ] GC(109) Y: Concurrent Relocate 2.105ms
[2026-04-03T03:18:43.106+0600][42.658s][info][gc,alloc    ] GC(109) Y:                         Mark Start        Mark End      Relocate Start    Relocate End   
[2026-04-03T03:18:43.106+0600][42.658s][info][gc,alloc    ] GC(109) Y: Allocation Stalls:          0                0                0                0         
[2026-04-03T03:18:43.106+0600][42.658s][info][gc,load     ] GC(109) Y: Load: 4.72 (39%) / 5.01 (42%) / 5.50 (46%)
[2026-04-03T03:18:43.106+0600][42.658s][info][gc,mmu      ] GC(109) Y: MMU: 2ms/90.5%, 5ms/96.2%, 10ms/98.1%, 20ms/98.7%, 50ms/99.5%, 100ms/99.6%
[2026-04-03T03:18:43.106+0600][42.658s][info][gc,marking  ] GC(109) Y: Mark: 2 stripe(s), 10 proactive flush(es), 1 terminate flush(es), 0 completion(s), 0 continuation(s) 
[2026-04-03T03:18:43.106+0600][42.658s][info][gc,marking  ] GC(109) Y: Mark Stack Usage: 32M
[2026-04-03T03:18:43.106+0600][42.658s][info][gc,nmethod  ] GC(109) Y: NMethods: 6525 registered, 614 unregistered
[2026-04-03T03:18:43.106+0600][42.658s][info][gc,metaspace] GC(109) Y: Metaspace: 71M used, 71M committed, 1088M reserved
[2026-04-03T03:18:43.106+0600][42.658s][info][gc,reloc    ] GC(109) Y:                        Candidates     Selected     In-Place         Size        Empty    Relocated 
[2026-04-03T03:18:43.106+0600][42.658s][info][gc,reloc    ] GC(109) Y: Small Pages:                  113            7            0         226M         160M           1M 
[2026-04-03T03:18:43.106+0600][42.658s][info][gc,reloc    ] GC(109) Y: Medium Pages:                   0            0            0           0M           0M           0M 
[2026-04-03T03:18:43.106+0600][42.658s][info][gc,reloc    ] GC(109) Y: Large Pages:                    1            0            0           6M           6M           0M 
[2026-04-03T03:18:43.106+0600][42.658s][info][gc,reloc    ] GC(109) Y: Forwarding Usage: 0M
[2026-04-03T03:18:43.106+0600][42.658s][info][gc,reloc    ] GC(109) Y: Age Table:
[2026-04-03T03:18:43.106+0600][42.658s][info][gc,reloc    ] GC(109) Y:                    Live             Garbage             Small              Medium             Large        
[2026-04-03T03:18:43.106+0600][42.658s][info][gc,reloc    ] GC(109) Y: Eden              50M (5%)          177M (18%)        111 / 5              0 / 0              1 / 0        
[2026-04-03T03:18:43.106+0600][42.658s][info][gc,reloc    ] GC(109) Y: Survivor 1         0M (0%)            3M (0%)           2 / 2              0 / 0              0 / 0        
[2026-04-03T03:18:43.106+0600][42.658s][info][gc,heap     ] GC(109) Y: Min Capacity: 8M(1%)
[2026-04-03T03:18:43.106+0600][42.658s][info][gc,heap     ] GC(109) Y: Max Capacity: 1000M(100%)
[2026-04-03T03:18:43.106+0600][42.658s][info][gc,heap     ] GC(109) Y: Soft Max Capacity: 1000M(100%)
[2026-04-03T03:18:43.106+0600][42.658s][info][gc,heap     ] GC(109) Y: Heap Statistics:
[2026-04-03T03:18:43.106+0600][42.658s][info][gc,heap     ] GC(109) Y:                Mark Start          Mark End        Relocate Start      Relocate End           High               Low         
[2026-04-03T03:18:43.106+0600][42.658s][info][gc,heap     ] GC(109) Y:  Capacity:     1000M (100%)       1000M (100%)       1000M (100%)       1000M (100%)       1000M (100%)       1000M (100%)   
[2026-04-03T03:18:43.106+0600][42.658s][info][gc,heap     ] GC(109) Y:      Free:      244M (24%)         200M (20%)         366M (37%)         372M (37%)         372M (37%)         200M (20%)    
[2026-04-03T03:18:43.106+0600][42.658s][info][gc,heap     ] GC(109) Y:      Used:      756M (76%)         800M (80%)         634M (63%)         628M (63%)         800M (80%)         628M (63%)    
[2026-04-03T03:18:43.106+0600][42.658s][info][gc,heap     ] GC(109) Y: Young Generation Statistics:
[2026-04-03T03:18:43.106+0600][42.658s][info][gc,heap     ] GC(109) Y:                Mark Start          Mark End        Relocate Start      Relocate End    
[2026-04-03T03:18:43.106+0600][42.658s][info][gc,heap     ] GC(109) Y:      Used:      232M (23%)         276M (28%)         110M (11%)         104M (10%)    
[2026-04-03T03:18:43.106+0600][42.658s][info][gc,heap     ] GC(109) Y:      Live:         -                50M (5%)           50M (5%)           50M (5%)     
[2026-04-03T03:18:43.106+0600][42.658s][info][gc,heap     ] GC(109) Y:   Garbage:         -               181M (18%)          15M (2%)            0M (0%)     
[2026-04-03T03:18:43.106+0600][42.658s][info][gc,heap     ] GC(109) Y: Allocated:         -                44M (4%)           44M (4%)           52M (5%)     
[2026-04-03T03:18:43.106+0600][42.658s][info][gc,heap     ] GC(109) Y: Reclaimed:         -                  -               166M (17%)         180M (18%)    
[2026-04-03T03:18:43.106+0600][42.658s][info][gc,heap     ] GC(109) Y:  Promoted:         -                  -                 0M (0%)            0M (0%)     
[2026-04-03T03:18:43.106+0600][42.658s][info][gc,heap     ] GC(109) Y: Compacted:         -                  -                  -                 1M (0%)     
[2026-04-03T03:18:43.106+0600][42.658s][info][gc,phases   ] GC(109) Y: Young Generation 756M(76%)->628M(63%) 0.073s
[2026-04-03T03:18:43.106+0600][42.658s][info][gc,phases   ] GC(109) O: Old Generation
[2026-04-03T03:18:43.109+0600][42.661s][info][gc          ] GC(110) Minor Collection (Allocation Rate)
[2026-04-03T03:18:43.109+0600][42.661s][info][gc,task     ] GC(110) Using 2 Workers for Young Generation
[2026-04-03T03:18:43.109+0600][42.661s][info][gc,phases   ] GC(110) y: Young Generation
[2026-04-03T03:18:43.109+0600][42.661s][info][gc,phases   ] GC(110) y: Pause Mark Start 0.026ms
[2026-04-03T03:18:43.118+0600][42.670s][info][gc,phases   ] GC(110) y: Concurrent Mark 8.612ms
[2026-04-03T03:18:43.118+0600][42.670s][info][gc,phases   ] GC(110) y: Pause Mark End 0.023ms
[2026-04-03T03:18:43.118+0600][42.671s][info][gc,phases   ] GC(110) y: Concurrent Mark Free 0.002ms
[2026-04-03T03:18:43.118+0600][42.671s][info][gc,phases   ] GC(110) y: Concurrent Reset Relocation Set 0.002ms
[2026-04-03T03:18:43.120+0600][42.672s][info][gc,reloc    ] GC(110) y: Using tenuring threshold: 1 (Computed)
[2026-04-03T03:18:43.120+0600][42.673s][info][gc,phases   ] GC(110) y: Concurrent Select Relocation Set 1.938ms
[2026-04-03T03:18:43.120+0600][42.673s][info][gc,phases   ] GC(110) y: Pause Relocate Start 0.017ms
[2026-04-03T03:18:43.121+0600][42.673s][info][gc,phases   ] GC(110) y: Concurrent Relocate 0.532ms
[2026-04-03T03:18:43.121+0600][42.673s][info][gc,alloc    ] GC(110) y:                         Mark Start        Mark End      Relocate Start    Relocate End   
[2026-04-03T03:18:43.121+0600][42.673s][info][gc,alloc    ] GC(110) y: Allocation Stalls:          0                0                0                0         
[2026-04-03T03:18:43.121+0600][42.673s][info][gc,load     ] GC(110) y: Load: 4.72 (39%) / 5.01 (42%) / 5.50 (46%)
[2026-04-03T03:18:43.121+0600][42.673s][info][gc,mmu      ] GC(110) y: MMU: 2ms/90.5%, 5ms/96.2%, 10ms/98.1%, 20ms/98.7%, 50ms/99.5%, 100ms/99.6%
[2026-04-03T03:18:43.121+0600][42.673s][info][gc,marking  ] GC(110) y: Mark: 2 stripe(s), 1 proactive flush(es), 1 terminate flush(es), 0 completion(s), 0 continuation(s) 
[2026-04-03T03:18:43.121+0600][42.673s][info][gc,marking  ] GC(110) y: Mark Stack Usage: 32M
[2026-04-03T03:18:43.121+0600][42.673s][info][gc,nmethod  ] GC(110) y: NMethods: 6525 registered, 614 unregistered
[2026-04-03T03:18:43.121+0600][42.673s][info][gc,metaspace] GC(110) y: Metaspace: 71M used, 71M committed, 1088M reserved
[2026-04-03T03:18:43.121+0600][42.673s][info][gc,reloc    ] GC(110) y:                        Candidates     Selected     In-Place         Size        Empty    Relocated 
[2026-04-03T03:18:43.121+0600][42.673s][info][gc,reloc    ] GC(110) y: Small Pages:                   52            7            0         104M          88M           0M 
[2026-04-03T03:18:43.121+0600][42.673s][info][gc,reloc    ] GC(110) y: Medium Pages:                   0            0            0           0M           0M           0M 
[2026-04-03T03:18:43.121+0600][42.673s][info][gc,reloc    ] GC(110) y: Large Pages:                    0            0            0           0M           0M           0M 
[2026-04-03T03:18:43.121+0600][42.673s][info][gc,reloc    ] GC(110) y: Forwarding Usage: 0M
[2026-04-03T03:18:43.121+0600][42.673s][info][gc,reloc    ] GC(110) y: Age Table:
[2026-04-03T03:18:43.121+0600][42.673s][info][gc,reloc    ] GC(110) y:                    Live             Garbage             Small              Medium             Large        
[2026-04-03T03:18:43.121+0600][42.673s][info][gc,reloc    ] GC(110) y: Eden               0M (0%)           43M (4%)          22 / 3              0 / 0              0 / 0        
[2026-04-03T03:18:43.121+0600][42.673s][info][gc,reloc    ] GC(110) y: Survivor 1         0M (0%)           55M (6%)          28 / 2              0 / 0              0 / 0        
[2026-04-03T03:18:43.121+0600][42.673s][info][gc,reloc    ] GC(110) y: Survivor 2         0M (0%)            3M (0%)           2 / 2              0 / 0              0 / 0        
[2026-04-03T03:18:43.121+0600][42.673s][info][gc,heap     ] GC(110) y: Min Capacity: 8M(1%)
[2026-04-03T03:18:43.121+0600][42.673s][info][gc,heap     ] GC(110) y: Max Capacity: 1000M(100%)
[2026-04-03T03:18:43.121+0600][42.674s][info][gc,heap     ] GC(110) y: Soft Max Capacity: 1000M(100%)
[2026-04-03T03:18:43.121+0600][42.674s][info][gc,heap     ] GC(110) y: Heap Statistics:
[2026-04-03T03:18:43.121+0600][42.674s][info][gc,heap     ] GC(110) y:                Mark Start          Mark End        Relocate Start      Relocate End           High               Low         
[2026-04-03T03:18:43.121+0600][42.674s][info][gc,heap     ] GC(110) y:  Capacity:     1000M (100%)       1000M (100%)       1000M (100%)       1000M (100%)       1000M (100%)       1000M (100%)   
[2026-04-03T03:18:43.121+0600][42.674s][info][gc,heap     ] GC(110) y:      Free:      372M (37%)         372M (37%)         460M (46%)         470M (47%)         470M (47%)         372M (37%)    
[2026-04-03T03:18:43.121+0600][42.674s][info][gc,heap     ] GC(110) y:      Used:      628M (63%)         628M (63%)         540M (54%)         530M (53%)         628M (63%)         530M (53%)    
[2026-04-03T03:18:43.121+0600][42.674s][info][gc,heap     ] GC(110) y: Young Generation Statistics:
[2026-04-03T03:18:43.121+0600][42.674s][info][gc,heap     ] GC(110) y:                Mark Start          Mark End        Relocate Start      Relocate End    
[2026-04-03T03:18:43.121+0600][42.674s][info][gc,heap     ] GC(110) y:      Used:      104M (10%)         104M (10%)          16M (2%)            2M (0%)     
[2026-04-03T03:18:43.121+0600][42.674s][info][gc,heap     ] GC(110) y:      Live:         -                 0M (0%)            0M (0%)            0M (0%)     
[2026-04-03T03:18:43.121+0600][42.674s][info][gc,heap     ] GC(110) y:   Garbage:         -               103M (10%)          15M (2%)            0M (0%)     
[2026-04-03T03:18:43.121+0600][42.674s][info][gc,heap     ] GC(110) y: Allocated:         -                 0M (0%)            0M (0%)            1M (0%)     
[2026-04-03T03:18:43.121+0600][42.674s][info][gc,heap     ] GC(110) y: Reclaimed:         -                  -                88M (9%)          103M (10%)    
[2026-04-03T03:18:43.121+0600][42.674s][info][gc,heap     ] GC(110) y:  Promoted:         -                  -                 0M (0%)            0M (0%)     
[2026-04-03T03:18:43.121+0600][42.674s][info][gc,heap     ] GC(110) y: Compacted:         -                  -                  -                 0M (0%)     
[2026-04-03T03:18:43.121+0600][42.674s][info][gc,phases   ] GC(110) y: Young Generation 628M(63%)->530M(53%) 0.012s
[2026-04-03T03:18:43.121+0600][42.674s][info][gc          ] GC(110) Minor Collection (Allocation Rate) 628M(63%)->530M(53%) 0.012s
[2026-04-03T03:18:44.083+0600][43.635s][info][gc,phases   ] GC(109) O: Concurrent Mark 977.279ms
[2026-04-03T03:18:44.083+0600][43.635s][info][gc,phases   ] GC(109) O: Pause Mark End 0.019ms
[2026-04-03T03:18:44.083+0600][43.636s][info][gc,phases   ] GC(109) O: Concurrent Mark Free 0.002ms
[2026-04-03T03:18:44.099+0600][43.652s][info][gc,phases   ] GC(109) O: Concurrent Process Non-Strong 15.915ms
[2026-04-03T03:18:44.099+0600][43.652s][info][gc,phases   ] GC(109) O: Concurrent Reset Relocation Set 0.006ms
[2026-04-03T03:18:44.104+0600][43.656s][info][gc,phases   ] GC(109) O: Concurrent Select Relocation Set 4.224ms
[2026-04-03T03:18:44.104+0600][43.656s][info][gc,task     ] GC(109) O: Using 3 Workers for Old Generation
[2026-04-03T03:18:44.123+0600][43.675s][info][gc,task     ] GC(109) O: Using 1 Workers for Old Generation
[2026-04-03T03:18:44.123+0600][43.676s][info][gc,phases   ] GC(109) O: Concurrent Remap Roots 19.654ms
[2026-04-03T03:18:44.123+0600][43.676s][info][gc,phases   ] GC(109) O: Pause Relocate Start 0.023ms
[2026-04-03T03:18:44.148+0600][43.700s][info][gc,phases   ] GC(109) O: Concurrent Relocate 24.443ms
[2026-04-03T03:18:44.148+0600][43.700s][info][gc,alloc    ] GC(109) O:                         Mark Start        Mark End      Relocate Start    Relocate End   
[2026-04-03T03:18:44.148+0600][43.700s][info][gc,alloc    ] GC(109) O: Allocation Stalls:          0                0                0                0         
[2026-04-03T03:18:44.148+0600][43.700s][info][gc,load     ] GC(109) O: Load: 4.72 (39%) / 5.01 (42%) / 5.50 (46%)
[2026-04-03T03:18:44.148+0600][43.700s][info][gc,mmu      ] GC(109) O: MMU: 2ms/90.5%, 5ms/96.2%, 10ms/98.1%, 20ms/98.7%, 50ms/99.5%, 100ms/99.6%
[2026-04-03T03:18:44.148+0600][43.700s][info][gc,marking  ] GC(109) O: Mark: 1 stripe(s), 2 proactive flush(es), 1 terminate flush(es), 0 completion(s), 0 continuation(s) 
[2026-04-03T03:18:44.148+0600][43.700s][info][gc,marking  ] GC(109) O: Mark Stack Usage: 32M
[2026-04-03T03:18:44.148+0600][43.700s][info][gc,nmethod  ] GC(109) O: NMethods: 6428 registered, 731 unregistered
[2026-04-03T03:18:44.148+0600][43.700s][info][gc,metaspace] GC(109) O: Metaspace: 71M used, 72M committed, 1088M reserved
[2026-04-03T03:18:44.148+0600][43.700s][info][gc,ref      ] GC(109) O:                       Encountered   Discovered     Enqueued 
[2026-04-03T03:18:44.148+0600][43.700s][info][gc,ref      ] GC(109) O: Soft References:             5092            0            0 
[2026-04-03T03:18:44.148+0600][43.700s][info][gc,ref      ] GC(109) O: Weak References:             6727         5442          291 
[2026-04-03T03:18:44.148+0600][43.700s][info][gc,ref      ] GC(109) O: Final References:              84           84            0 
[2026-04-03T03:18:44.148+0600][43.700s][info][gc,ref      ] GC(109) O: Phantom References:           599          585            0 
[2026-04-03T03:18:44.148+0600][43.700s][info][gc,reloc    ] GC(109) O:                        Candidates     Selected     In-Place         Size        Empty    Relocated 
[2026-04-03T03:18:44.148+0600][43.700s][info][gc,reloc    ] GC(109) O: Small Pages:                  159           20            0         318M          48M           5M 
[2026-04-03T03:18:44.148+0600][43.700s][info][gc,reloc    ] GC(109) O: Medium Pages:                   8            0            0         128M         112M           0M 
[2026-04-03T03:18:44.148+0600][43.700s][info][gc,reloc    ] GC(109) O: Large Pages:                   14            0            0          78M          62M           0M 
[2026-04-03T03:18:44.148+0600][43.700s][info][gc,reloc    ] GC(109) O: Forwarding Usage: 5M
[2026-04-03T03:18:44.148+0600][43.700s][info][gc,heap     ] GC(109) O: Min Capacity: 8M(1%)
[2026-04-03T03:18:44.148+0600][43.700s][info][gc,heap     ] GC(109) O: Max Capacity: 1000M(100%)
[2026-04-03T03:18:44.148+0600][43.700s][info][gc,heap     ] GC(109) O: Soft Max Capacity: 1000M(100%)
[2026-04-03T03:18:44.148+0600][43.700s][info][gc,heap     ] GC(109) O: Heap Statistics:
[2026-04-03T03:18:44.148+0600][43.700s][info][gc,heap     ] GC(109) O:                Mark Start          Mark End        Relocate Start      Relocate End           High               Low         
[2026-04-03T03:18:44.148+0600][43.700s][info][gc,heap     ] GC(109) O:  Capacity:     1000M (100%)       1000M (100%)       1000M (100%)       1000M (100%)       1000M (100%)       1000M (100%)   
[2026-04-03T03:18:44.148+0600][43.700s][info][gc,heap     ] GC(109) O:      Free:      244M (24%)         466M (47%)         678M (68%)         718M (72%)         718M (72%)         200M (20%)    
[2026-04-03T03:18:44.148+0600][43.700s][info][gc,heap     ] GC(109) O:      Used:      756M (76%)         534M (53%)         322M (32%)         282M (28%)         800M (80%)         282M (28%)    
[2026-04-03T03:18:44.148+0600][43.700s][info][gc,heap     ] GC(109) O: Old Generation Statistics:
[2026-04-03T03:18:44.148+0600][43.700s][info][gc,heap     ] GC(109) O:                Mark Start          Mark End        Relocate Start      Relocate End    
[2026-04-03T03:18:44.148+0600][43.700s][info][gc,heap     ] GC(109) O:      Used:      524M (52%)         528M (53%)         306M (31%)         266M (27%)    
[2026-04-03T03:18:44.148+0600][43.700s][info][gc,heap     ] GC(109) O:      Live:         -               248M (25%)         248M (25%)         248M (25%)    
[2026-04-03T03:18:44.148+0600][43.700s][info][gc,heap     ] GC(109) O:   Garbage:         -               275M (28%)          53M (5%)           12M (1%)     
[2026-04-03T03:18:44.148+0600][43.700s][info][gc,heap     ] GC(109) O: Allocated:         -                 4M (0%)            4M (0%)            5M (1%)     
[2026-04-03T03:18:44.148+0600][43.700s][info][gc,heap     ] GC(109) O: Reclaimed:         -                  -               222M (22%)         263M (26%)    
[2026-04-03T03:18:44.148+0600][43.700s][info][gc,heap     ] GC(109) O: Compacted:         -                  -                  -                 8M (1%)     
[2026-04-03T03:18:44.148+0600][43.700s][info][gc,phases   ] GC(109) O: Old Generation 628M(63%)->282M(28%) 1.042s
[2026-04-03T03:18:44.148+0600][43.701s][info][gc          ] GC(109) Major Collection (Allocation Rate) 756M(76%)->282M(28%) 1.115s
[2026-04-03T03:18:44.148+0600][43.701s][info][gc          ] GC(111) Major Collection (System.gc())
[2026-04-03T03:18:44.148+0600][43.701s][info][gc,task     ] GC(111) Using 3 Workers for Young Generation
[2026-04-03T03:18:44.148+0600][43.701s][info][gc,task     ] GC(111) Using 3 Workers for Old Generation
[2026-04-03T03:18:44.148+0600][43.701s][info][gc,phases   ] GC(111) Y: Young Generation (Promote All)
[2026-04-03T03:18:44.149+0600][43.701s][info][gc,phases   ] GC(111) Y: Pause Mark Start 0.019ms
[2026-04-03T03:18:44.157+0600][43.710s][info][gc,phases   ] GC(111) Y: Concurrent Mark 8.718ms
[2026-04-03T03:18:44.158+0600][43.710s][info][gc,phases   ] GC(111) Y: Pause Mark End 0.018ms
[2026-04-03T03:18:44.158+0600][43.710s][info][gc,phases   ] GC(111) Y: Concurrent Mark Free 0.002ms
[2026-04-03T03:18:44.158+0600][43.710s][info][gc,phases   ] GC(111) Y: Concurrent Reset Relocation Set 0.002ms
[2026-04-03T03:18:44.159+0600][43.711s][info][gc,reloc    ] GC(111) Y: Using tenuring threshold: 0 (Promote All)
[2026-04-03T03:18:44.159+0600][43.712s][info][gc,phases   ] GC(111) Y: Concurrent Select Relocation Set 1.621ms
[2026-04-03T03:18:44.160+0600][43.712s][info][gc,phases   ] GC(111) Y: Pause Relocate Start 0.030ms
[2026-04-03T03:18:44.160+0600][43.712s][info][gc,phases   ] GC(111) Y: Concurrent Relocate 0.272ms
[2026-04-03T03:18:44.160+0600][43.712s][info][gc,alloc    ] GC(111) Y:                         Mark Start        Mark End      Relocate Start    Relocate End   
[2026-04-03T03:18:44.160+0600][43.712s][info][gc,alloc    ] GC(111) Y: Allocation Stalls:          0                0                0                0         
[2026-04-03T03:18:44.160+0600][43.712s][info][gc,load     ] GC(111) Y: Load: 4.72 (39%) / 5.01 (42%) / 5.50 (46%)
[2026-04-03T03:18:44.160+0600][43.712s][info][gc,mmu      ] GC(111) Y: MMU: 2ms/90.5%, 5ms/96.2%, 10ms/98.1%, 20ms/98.7%, 50ms/99.5%, 100ms/99.6%
[2026-04-03T03:18:44.160+0600][43.712s][info][gc,marking  ] GC(111) Y: Mark: 2 stripe(s), 1 proactive flush(es), 1 terminate flush(es), 0 completion(s), 0 continuation(s) 
[2026-04-03T03:18:44.160+0600][43.712s][info][gc,marking  ] GC(111) Y: Mark Stack Usage: 32M
[2026-04-03T03:18:44.160+0600][43.712s][info][gc,nmethod  ] GC(111) Y: NMethods: 6428 registered, 731 unregistered
[2026-04-03T03:18:44.160+0600][43.712s][info][gc,metaspace] GC(111) Y: Metaspace: 71M used, 72M committed, 1088M reserved
[2026-04-03T03:18:44.160+0600][43.712s][info][gc,reloc    ] GC(111) Y:                        Candidates     Selected     In-Place         Size        Empty    Relocated 
[2026-04-03T03:18:44.160+0600][43.712s][info][gc,reloc    ] GC(111) Y: Small Pages:                    8            7            0          16M           0M           0M 
[2026-04-03T03:18:44.160+0600][43.712s][info][gc,reloc    ] GC(111) Y: Medium Pages:                   0            0            0           0M           0M           0M 
[2026-04-03T03:18:44.160+0600][43.712s][info][gc,reloc    ] GC(111) Y: Large Pages:                    0            0            0           0M           0M           0M 
[2026-04-03T03:18:44.160+0600][43.712s][info][gc,reloc    ] GC(111) Y: Forwarding Usage: 0M
[2026-04-03T03:18:44.160+0600][43.712s][info][gc,reloc    ] GC(111) Y: Age Table:
[2026-04-03T03:18:44.160+0600][43.712s][info][gc,reloc    ] GC(111) Y:                    Live             Garbage             Small              Medium             Large        
[2026-04-03T03:18:44.160+0600][43.712s][info][gc,reloc    ] GC(111) Y: Eden               0M (0%)           13M (1%)           7 / 6              0 / 0              0 / 0        
[2026-04-03T03:18:44.160+0600][43.712s][info][gc,reloc    ] GC(111) Y: Survivor 1         0M (0%)            1M (0%)           1 / 1              0 / 0              0 / 0        
[2026-04-03T03:18:44.160+0600][43.712s][info][gc,heap     ] GC(111) Y: Min Capacity: 8M(1%)
[2026-04-03T03:18:44.160+0600][43.712s][info][gc,heap     ] GC(111) Y: Max Capacity: 1000M(100%)
[2026-04-03T03:18:44.160+0600][43.712s][info][gc,heap     ] GC(111) Y: Soft Max Capacity: 1000M(100%)
[2026-04-03T03:18:44.160+0600][43.712s][info][gc,heap     ] GC(111) Y: Heap Statistics:
[2026-04-03T03:18:44.160+0600][43.712s][info][gc,heap     ] GC(111) Y:                Mark Start          Mark End        Relocate Start      Relocate End           High               Low         
[2026-04-03T03:18:44.160+0600][43.712s][info][gc,heap     ] GC(111) Y:  Capacity:     1000M (100%)       1000M (100%)       1000M (100%)       1000M (100%)       1000M (100%)       1000M (100%)   
[2026-04-03T03:18:44.160+0600][43.712s][info][gc,heap     ] GC(111) Y:      Free:      718M (72%)         718M (72%)         718M (72%)         728M (73%)         728M (73%)         714M (71%)    
[2026-04-03T03:18:44.160+0600][43.712s][info][gc,heap     ] GC(111) Y:      Used:      282M (28%)         282M (28%)         282M (28%)         272M (27%)         286M (29%)         272M (27%)    
[2026-04-03T03:18:44.160+0600][43.712s][info][gc,heap     ] GC(111) Y: Young Generation Statistics:
[2026-04-03T03:18:44.160+0600][43.712s][info][gc,heap     ] GC(111) Y:                Mark Start          Mark End        Relocate Start      Relocate End    
[2026-04-03T03:18:44.160+0600][43.712s][info][gc,heap     ] GC(111) Y:      Used:       16M (2%)           16M (2%)           16M (2%)            0M (0%)     
[2026-04-03T03:18:44.160+0600][43.712s][info][gc,heap     ] GC(111) Y:      Live:         -                 0M (0%)            0M (0%)            0M (0%)     
[2026-04-03T03:18:44.160+0600][43.712s][info][gc,heap     ] GC(111) Y:   Garbage:         -                15M (2%)           15M (2%)            0M (0%)     
[2026-04-03T03:18:44.160+0600][43.712s][info][gc,heap     ] GC(111) Y: Allocated:         -                 0M (0%)            0M (0%)            0M (0%)     
[2026-04-03T03:18:44.160+0600][43.712s][info][gc,heap     ] GC(111) Y: Reclaimed:         -                  -                 0M (0%)           15M (2%)     
[2026-04-03T03:18:44.160+0600][43.712s][info][gc,heap     ] GC(111) Y:  Promoted:         -                  -                 0M (0%)            0M (0%)     
[2026-04-03T03:18:44.160+0600][43.712s][info][gc,heap     ] GC(111) Y: Compacted:         -                  -                  -                 0M (0%)     
[2026-04-03T03:18:44.160+0600][43.712s][info][gc,phases   ] GC(111) Y: Young Generation (Promote All) 282M(28%)->272M(27%) 0.012s
[2026-04-03T03:18:44.160+0600][43.712s][info][gc,phases   ] GC(111) Y: Young Generation (Collect Roots)
[2026-04-03T03:18:44.160+0600][43.712s][info][gc,phases   ] GC(111) Y: Pause Mark Start (Major) 0.021ms
[2026-04-03T03:18:44.167+0600][43.720s][info][gc,phases   ] GC(111) Y: Concurrent Mark 7.161ms
[2026-04-03T03:18:44.168+0600][43.720s][info][gc,phases   ] GC(111) Y: Pause Mark End 0.036ms
[2026-04-03T03:18:44.168+0600][43.721s][info][gc,phases   ] GC(111) Y: Concurrent Mark Free 0.617ms
[2026-04-03T03:18:44.169+0600][43.721s][info][gc,phases   ] GC(111) Y: Concurrent Reset Relocation Set 0.003ms
[2026-04-03T03:18:44.170+0600][43.722s][info][gc,reloc    ] GC(111) Y: Using tenuring threshold: 0 (Computed)
[2026-04-03T03:18:44.170+0600][43.722s][info][gc,phases   ] GC(111) Y: Concurrent Select Relocation Set 1.628ms
[2026-04-03T03:18:44.170+0600][43.722s][info][gc,phases   ] GC(111) Y: Pause Relocate Start 0.011ms
[2026-04-03T03:18:44.170+0600][43.723s][info][gc,phases   ] GC(111) Y: Concurrent Relocate 0.099ms
[2026-04-03T03:18:44.170+0600][43.723s][info][gc,alloc    ] GC(111) Y:                         Mark Start        Mark End      Relocate Start    Relocate End   
[2026-04-03T03:18:44.170+0600][43.723s][info][gc,alloc    ] GC(111) Y: Allocation Stalls:          0                0                0                0         
[2026-04-03T03:18:44.170+0600][43.723s][info][gc,load     ] GC(111) Y: Load: 4.72 (39%) / 5.01 (42%) / 5.50 (46%)
[2026-04-03T03:18:44.170+0600][43.723s][info][gc,mmu      ] GC(111) Y: MMU: 2ms/90.5%, 5ms/96.2%, 10ms/98.1%, 20ms/98.7%, 50ms/99.5%, 100ms/99.6%
[2026-04-03T03:18:44.170+0600][43.723s][info][gc,marking  ] GC(111) Y: Mark: 2 stripe(s), 1 proactive flush(es), 1 terminate flush(es), 0 completion(s), 0 continuation(s) 
[2026-04-03T03:18:44.170+0600][43.723s][info][gc,marking  ] GC(111) Y: Mark Stack Usage: 0M
[2026-04-03T03:18:44.170+0600][43.723s][info][gc,nmethod  ] GC(111) Y: NMethods: 6428 registered, 731 unregistered
[2026-04-03T03:18:44.170+0600][43.723s][info][gc,metaspace] GC(111) Y: Metaspace: 71M used, 72M committed, 1088M reserved
[2026-04-03T03:18:44.170+0600][43.723s][info][gc,heap     ] GC(111) Y: Min Capacity: 8M(1%)
[2026-04-03T03:18:44.171+0600][43.723s][info][gc,heap     ] GC(111) Y: Max Capacity: 1000M(100%)
[2026-04-03T03:18:44.171+0600][43.723s][info][gc,heap     ] GC(111) Y: Soft Max Capacity: 1000M(100%)
[2026-04-03T03:18:44.171+0600][43.723s][info][gc,heap     ] GC(111) Y: Heap Statistics:
[2026-04-03T03:18:44.171+0600][43.723s][info][gc,heap     ] GC(111) Y:                Mark Start          Mark End        Relocate Start      Relocate End           High               Low         
[2026-04-03T03:18:44.171+0600][43.723s][info][gc,heap     ] GC(111) Y:  Capacity:     1000M (100%)       1000M (100%)       1000M (100%)       1000M (100%)       1000M (100%)       1000M (100%)   
[2026-04-03T03:18:44.171+0600][43.723s][info][gc,heap     ] GC(111) Y:      Free:      728M (73%)         728M (73%)         728M (73%)         728M (73%)         728M (73%)         728M (73%)    
[2026-04-03T03:18:44.171+0600][43.723s][info][gc,heap     ] GC(111) Y:      Used:      272M (27%)         272M (27%)         272M (27%)         272M (27%)         272M (27%)         272M (27%)    
[2026-04-03T03:18:44.171+0600][43.723s][info][gc,heap     ] GC(111) Y: Young Generation Statistics:
[2026-04-03T03:18:44.171+0600][43.723s][info][gc,heap     ] GC(111) Y:                Mark Start          Mark End        Relocate Start      Relocate End    
[2026-04-03T03:18:44.171+0600][43.723s][info][gc,heap     ] GC(111) Y:      Used:        0M (0%)            0M (0%)            0M (0%)            0M (0%)     
[2026-04-03T03:18:44.171+0600][43.723s][info][gc,heap     ] GC(111) Y:      Live:         -                 0M (0%)            0M (0%)            0M (0%)     
[2026-04-03T03:18:44.171+0600][43.723s][info][gc,heap     ] GC(111) Y:   Garbage:         -                 0M (0%)            0M (0%)            0M (0%)     
[2026-04-03T03:18:44.171+0600][43.723s][info][gc,heap     ] GC(111) Y: Allocated:         -                 0M (0%)            0M (0%)            0M (0%)     
[2026-04-03T03:18:44.171+0600][43.723s][info][gc,heap     ] GC(111) Y: Reclaimed:         -                  -                 0M (0%)            0M (0%)     
[2026-04-03T03:18:44.171+0600][43.723s][info][gc,heap     ] GC(111) Y:  Promoted:         -                  -                 0M (0%)            0M (0%)     
[2026-04-03T03:18:44.171+0600][43.723s][info][gc,heap     ] GC(111) Y: Compacted:         -                  -                  -                 0M (0%)     
[2026-04-03T03:18:44.171+0600][43.723s][info][gc,phases   ] GC(111) Y: Young Generation (Collect Roots) 272M(27%)->272M(27%) 0.010s
[2026-04-03T03:18:44.171+0600][43.723s][info][gc,phases   ] GC(111) O: Old Generation
[2026-04-03T03:18:44.386+0600][43.938s][info][gc,phases   ] GC(111) O: Concurrent Mark 215.292ms
[2026-04-03T03:18:44.386+0600][43.938s][info][gc,phases   ] GC(111) O: Pause Mark End 0.024ms
[2026-04-03T03:18:44.386+0600][43.939s][info][gc,phases   ] GC(111) O: Concurrent Mark Free 0.002ms
[2026-04-03T03:18:44.393+0600][43.945s][info][gc,phases   ] GC(111) O: Concurrent Process Non-Strong 6.757ms
[2026-04-03T03:18:44.393+0600][43.945s][info][gc,phases   ] GC(111) O: Concurrent Reset Relocation Set 0.005ms
[2026-04-03T03:18:44.396+0600][43.948s][info][gc,phases   ] GC(111) O: Concurrent Select Relocation Set 2.720ms
[2026-04-03T03:18:44.396+0600][43.948s][info][gc,task     ] GC(111) O: Using 3 Workers for Old Generation
[2026-04-03T03:18:44.412+0600][43.964s][info][gc,task     ] GC(111) O: Using 3 Workers for Old Generation
[2026-04-03T03:18:44.412+0600][43.964s][info][gc,phases   ] GC(111) O: Concurrent Remap Roots 16.051ms
[2026-04-03T03:18:44.412+0600][43.964s][info][gc,phases   ] GC(111) O: Pause Relocate Start 0.022ms
[2026-04-03T03:18:44.416+0600][43.968s][info][gc,phases   ] GC(111) O: Concurrent Relocate 3.401ms
[2026-04-03T03:18:44.416+0600][43.968s][info][gc,alloc    ] GC(111) O:                         Mark Start        Mark End      Relocate Start    Relocate End   
[2026-04-03T03:18:44.416+0600][43.968s][info][gc,alloc    ] GC(111) O: Allocation Stalls:          0                0                0                0         
[2026-04-03T03:18:44.416+0600][43.968s][info][gc,load     ] GC(111) O: Load: 4.72 (39%) / 5.01 (42%) / 5.50 (46%)
[2026-04-03T03:18:44.416+0600][43.968s][info][gc,mmu      ] GC(111) O: MMU: 2ms/90.5%, 5ms/96.2%, 10ms/98.1%, 20ms/98.7%, 50ms/99.5%, 100ms/99.6%
[2026-04-03T03:18:44.416+0600][43.968s][info][gc,marking  ] GC(111) O: Mark: 2 stripe(s), 1 proactive flush(es), 1 terminate flush(es), 0 completion(s), 0 continuation(s) 
[2026-04-03T03:18:44.416+0600][43.968s][info][gc,marking  ] GC(111) O: Mark Stack Usage: 32M
[2026-04-03T03:18:44.416+0600][43.968s][info][gc,nmethod  ] GC(111) O: NMethods: 6436 registered, 737 unregistered
[2026-04-03T03:18:44.416+0600][43.968s][info][gc,metaspace] GC(111) O: Metaspace: 71M used, 72M committed, 1088M reserved
[2026-04-03T03:18:44.416+0600][43.968s][info][gc,ref      ] GC(111) O:                       Encountered   Discovered     Enqueued 
[2026-04-03T03:18:44.416+0600][43.968s][info][gc,ref      ] GC(111) O: Soft References:             5092            0            0 
[2026-04-03T03:18:44.416+0600][43.968s][info][gc,ref      ] GC(111) O: Weak References:             6466         4329           43 
[2026-04-03T03:18:44.416+0600][43.968s][info][gc,ref      ] GC(111) O: Final References:              84            3            0 
[2026-04-03T03:18:44.416+0600][43.968s][info][gc,ref      ] GC(111) O: Phantom References:           599          593            0 
[2026-04-03T03:18:44.416+0600][43.968s][info][gc,reloc    ] GC(111) O:                        Candidates     Selected     In-Place         Size        Empty    Relocated 
[2026-04-03T03:18:44.416+0600][43.968s][info][gc,reloc    ] GC(111) O: Small Pages:                  120           11            0         240M          54M           1M 
[2026-04-03T03:18:44.416+0600][43.968s][info][gc,reloc    ] GC(111) O: Medium Pages:                   1            0            0          16M           0M           0M 
[2026-04-03T03:18:44.416+0600][43.968s][info][gc,reloc    ] GC(111) O: Large Pages:                    3            0            0          16M          12M           0M 
[2026-04-03T03:18:44.416+0600][43.968s][info][gc,reloc    ] GC(111) O: Forwarding Usage: 1M
[2026-04-03T03:18:44.416+0600][43.968s][info][gc,heap     ] GC(111) O: Min Capacity: 8M(1%)
[2026-04-03T03:18:44.416+0600][43.968s][info][gc,heap     ] GC(111) O: Max Capacity: 1000M(100%)
[2026-04-03T03:18:44.416+0600][43.968s][info][gc,heap     ] GC(111) O: Soft Max Capacity: 1000M(100%)
[2026-04-03T03:18:44.416+0600][43.968s][info][gc,heap     ] GC(111) O: Heap Statistics:
[2026-04-03T03:18:44.416+0600][43.968s][info][gc,heap     ] GC(111) O:                Mark Start          Mark End        Relocate Start      Relocate End           High               Low         
[2026-04-03T03:18:44.416+0600][43.968s][info][gc,heap     ] GC(111) O:  Capacity:     1000M (100%)       1000M (100%)       1000M (100%)       1000M (100%)       1000M (100%)       1000M (100%)   
[2026-04-03T03:18:44.416+0600][43.968s][info][gc,heap     ] GC(111) O:      Free:      728M (73%)         726M (73%)         784M (78%)         804M (80%)         804M (80%)         722M (72%)    
[2026-04-03T03:18:44.416+0600][43.968s][info][gc,heap     ] GC(111) O:      Used:      272M (27%)         274M (27%)         216M (22%)         196M (20%)         278M (28%)         196M (20%)    
[2026-04-03T03:18:44.416+0600][43.968s][info][gc,heap     ] GC(111) O: Old Generation Statistics:
[2026-04-03T03:18:44.416+0600][43.968s][info][gc,heap     ] GC(111) O:                Mark Start          Mark End        Relocate Start      Relocate End    
[2026-04-03T03:18:44.416+0600][43.968s][info][gc,heap     ] GC(111) O:      Used:      272M (27%)         272M (27%)         206M (21%)         186M (19%)    
[2026-04-03T03:18:44.416+0600][43.968s][info][gc,heap     ] GC(111) O:      Live:         -               172M (17%)         172M (17%)         172M (17%)    
[2026-04-03T03:18:44.416+0600][43.968s][info][gc,heap     ] GC(111) O:   Garbage:         -                99M (10%)          33M (3%)           10M (1%)     
[2026-04-03T03:18:44.416+0600][43.968s][info][gc,heap     ] GC(111) O: Allocated:         -                 0M (0%)            0M (0%)            2M (0%)     
[2026-04-03T03:18:44.416+0600][43.968s][info][gc,heap     ] GC(111) O: Reclaimed:         -                  -                66M (7%)           88M (9%)     
[2026-04-03T03:18:44.416+0600][43.968s][info][gc,heap     ] GC(111) O: Compacted:         -                  -                  -                 3M (0%)     
[2026-04-03T03:18:44.416+0600][43.968s][info][gc,phases   ] GC(111) O: Old Generation 272M(27%)->196M(20%) 0.245s
[2026-04-03T03:18:44.416+0600][43.968s][info][gc          ] GC(111) Major Collection (System.gc()) 282M(28%)->196M(20%) 0.268s
[2026-04-03T03:18:44.464+0600][44.016s][info][gc          ] GC(112) Minor Collection (Allocation Rate)
[2026-04-03T03:18:44.464+0600][44.016s][info][gc,task     ] GC(112) Using 2 Workers for Young Generation
[2026-04-03T03:18:44.464+0600][44.016s][info][gc,phases   ] GC(112) y: Young Generation
[2026-04-03T03:18:44.465+0600][44.017s][info][gc,phases   ] GC(112) y: Pause Mark Start 0.021ms
[2026-04-03T03:18:44.475+0600][44.027s][info][gc,phases   ] GC(112) y: Concurrent Mark 10.095ms
[2026-04-03T03:18:44.475+0600][44.027s][info][gc,phases   ] GC(112) y: Pause Mark End 0.020ms
[2026-04-03T03:18:44.475+0600][44.027s][info][gc,phases   ] GC(112) y: Concurrent Mark Free 0.002ms
[2026-04-03T03:18:44.475+0600][44.027s][info][gc,phases   ] GC(112) y: Concurrent Reset Relocation Set 0.001ms
[2026-04-03T03:18:44.480+0600][44.033s][info][gc,reloc    ] GC(112) y: Using tenuring threshold: 1 (Computed)
[2026-04-03T03:18:44.481+0600][44.033s][info][gc,phases   ] GC(112) y: Concurrent Select Relocation Set 5.530ms
[2026-04-03T03:18:44.481+0600][44.033s][info][gc,phases   ] GC(112) y: Pause Relocate Start 0.087ms
[2026-04-03T03:18:44.481+0600][44.034s][info][gc,phases   ] GC(112) y: Concurrent Relocate 0.351ms
[2026-04-03T03:18:44.482+0600][44.034s][info][gc,alloc    ] GC(112) y:                         Mark Start        Mark End      Relocate Start    Relocate End   
[2026-04-03T03:18:44.482+0600][44.034s][info][gc,alloc    ] GC(112) y: Allocation Stalls:          0                0                0                0         
[2026-04-03T03:18:44.482+0600][44.034s][info][gc,load     ] GC(112) y: Load: 4.72 (39%) / 5.01 (42%) / 5.50 (46%)
[2026-04-03T03:18:44.482+0600][44.034s][info][gc,mmu      ] GC(112) y: MMU: 2ms/90.5%, 5ms/96.2%, 10ms/98.1%, 20ms/98.7%, 50ms/99.5%, 100ms/99.6%
[2026-04-03T03:18:44.482+0600][44.034s][info][gc,marking  ] GC(112) y: Mark: 2 stripe(s), 2 proactive flush(es), 1 terminate flush(es), 0 completion(s), 0 continuation(s) 
[2026-04-03T03:18:44.482+0600][44.034s][info][gc,marking  ] GC(112) y: Mark Stack Usage: 32M
[2026-04-03T03:18:44.482+0600][44.034s][info][gc,nmethod  ] GC(112) y: NMethods: 6517 registered, 737 unregistered
[2026-04-03T03:18:44.482+0600][44.034s][info][gc,metaspace] GC(112) y: Metaspace: 71M used, 72M committed, 1088M reserved
[2026-04-03T03:18:44.482+0600][44.034s][info][gc,reloc    ] GC(112) y:                        Candidates     Selected     In-Place         Size        Empty    Relocated 
[2026-04-03T03:18:44.482+0600][44.034s][info][gc,reloc    ] GC(112) y: Small Pages:                   15           14            0          30M           0M           0M 
[2026-04-03T03:18:44.482+0600][44.034s][info][gc,reloc    ] GC(112) y: Medium Pages:                   1            0            0          16M          16M           0M 
[2026-04-03T03:18:44.482+0600][44.034s][info][gc,reloc    ] GC(112) y: Large Pages:                    1            0            0           6M           0M           0M 
[2026-04-03T03:18:44.482+0600][44.034s][info][gc,reloc    ] GC(112) y: Forwarding Usage: 0M
[2026-04-03T03:18:44.482+0600][44.034s][info][gc,reloc    ] GC(112) y: Age Table:
[2026-04-03T03:18:44.482+0600][44.034s][info][gc,reloc    ] GC(112) y:                    Live             Garbage             Small              Medium             Large        
[2026-04-03T03:18:44.482+0600][44.034s][info][gc,reloc    ] GC(112) y: Eden               6M (1%)           45M (5%)          15 / 14             1 / 0              1 / 0        
[2026-04-03T03:18:44.482+0600][44.034s][info][gc,heap     ] GC(112) y: Min Capacity: 8M(1%)
[2026-04-03T03:18:44.482+0600][44.034s][info][gc,heap     ] GC(112) y: Max Capacity: 1000M(100%)
[2026-04-03T03:18:44.482+0600][44.034s][info][gc,heap     ] GC(112) y: Soft Max Capacity: 1000M(100%)
[2026-04-03T03:18:44.482+0600][44.034s][info][gc,heap     ] GC(112) y: Heap Statistics:
[2026-04-03T03:18:44.482+0600][44.034s][info][gc,heap     ] GC(112) y:                Mark Start          Mark End        Relocate Start      Relocate End           High               Low         
[2026-04-03T03:18:44.482+0600][44.034s][info][gc,heap     ] GC(112) y:  Capacity:     1000M (100%)       1000M (100%)       1000M (100%)       1000M (100%)       1000M (100%)       1000M (100%)   
[2026-04-03T03:18:44.482+0600][44.034s][info][gc,heap     ] GC(112) y:      Free:      762M (76%)         744M (74%)         760M (76%)         786M (79%)         786M (79%)         744M (74%)    
[2026-04-03T03:18:44.482+0600][44.034s][info][gc,heap     ] GC(112) y:      Used:      238M (24%)         256M (26%)         240M (24%)         214M (21%)         256M (26%)         214M (21%)    
[2026-04-03T03:18:44.482+0600][44.034s][info][gc,heap     ] GC(112) y: Young Generation Statistics:
[2026-04-03T03:18:44.482+0600][44.034s][info][gc,heap     ] GC(112) y:                Mark Start          Mark End        Relocate Start      Relocate End    
[2026-04-03T03:18:44.482+0600][44.034s][info][gc,heap     ] GC(112) y:      Used:       52M (5%)           70M (7%)           54M (5%)           28M (3%)     
[2026-04-03T03:18:44.482+0600][44.034s][info][gc,heap     ] GC(112) y:      Live:         -                 6M (1%)            6M (1%)            6M (1%)     
[2026-04-03T03:18:44.482+0600][44.034s][info][gc,heap     ] GC(112) y:   Garbage:         -                45M (5%)           29M (3%)            0M (0%)     
[2026-04-03T03:18:44.482+0600][44.034s][info][gc,heap     ] GC(112) y: Allocated:         -                18M (2%)           18M (2%)           21M (2%)     
[2026-04-03T03:18:44.482+0600][44.034s][info][gc,heap     ] GC(112) y: Reclaimed:         -                  -                16M (2%)           45M (5%)     
[2026-04-03T03:18:44.482+0600][44.034s][info][gc,heap     ] GC(112) y:  Promoted:         -                  -                 0M (0%)            0M (0%)     
[2026-04-03T03:18:44.482+0600][44.034s][info][gc,heap     ] GC(112) y: Compacted:         -                  -                  -                 0M (0%)     
[2026-04-03T03:18:44.482+0600][44.034s][info][gc,phases   ] GC(112) y: Young Generation 238M(24%)->214M(21%) 0.017s
[2026-04-03T03:18:44.482+0600][44.034s][info][gc          ] GC(112) Minor Collection (Allocation Rate) 238M(24%)->214M(21%) 0.018s
[2026-04-03T03:18:44.637+0600][44.189s][info][gc          ] GC(113) Minor Collection (Allocation Rate)
[2026-04-03T03:18:44.637+0600][44.189s][info][gc,task     ] GC(113) Using 2 Workers for Young Generation
[2026-04-03T03:18:44.637+0600][44.189s][info][gc,phases   ] GC(113) y: Young Generation
[2026-04-03T03:18:44.637+0600][44.190s][info][gc,phases   ] GC(113) y: Pause Mark Start 0.036ms
[2026-04-03T03:18:44.745+0600][44.297s][info][gc,phases   ] GC(113) y: Concurrent Mark 107.194ms
[2026-04-03T03:18:44.745+0600][44.297s][info][gc,phases   ] GC(113) y: Pause Mark End 0.035ms
[2026-04-03T03:18:44.745+0600][44.298s][info][gc,phases   ] GC(113) y: Concurrent Mark Free 0.003ms
[2026-04-03T03:18:44.745+0600][44.298s][info][gc,phases   ] GC(113) y: Concurrent Reset Relocation Set 0.004ms
[2026-04-03T03:18:44.751+0600][44.304s][info][gc,reloc    ] GC(113) y: Using tenuring threshold: 2 (Computed)
[2026-04-03T03:18:44.769+0600][44.321s][info][gc,phases   ] GC(113) y: Concurrent Select Relocation Set 23.059ms
[2026-04-03T03:18:44.769+0600][44.321s][info][gc,phases   ] GC(113) y: Pause Relocate Start 0.034ms
[2026-04-03T03:18:44.835+0600][44.387s][info][gc,phases   ] GC(113) y: Concurrent Relocate 65.402ms
[2026-04-03T03:18:44.835+0600][44.387s][info][gc,alloc    ] GC(113) y:                         Mark Start        Mark End      Relocate Start    Relocate End   
[2026-04-03T03:18:44.835+0600][44.387s][info][gc,alloc    ] GC(113) y: Allocation Stalls:          0                0                0                0         
[2026-04-03T03:18:44.835+0600][44.387s][info][gc,load     ] GC(113) y: Load: 4.72 (39%) / 5.01 (42%) / 5.50 (46%)
[2026-04-03T03:18:44.835+0600][44.387s][info][gc,mmu      ] GC(113) y: MMU: 2ms/90.5%, 5ms/96.2%, 10ms/98.1%, 20ms/98.7%, 50ms/99.5%, 100ms/99.6%
[2026-04-03T03:18:44.835+0600][44.387s][info][gc,marking  ] GC(113) y: Mark: 2 stripe(s), 2 proactive flush(es), 1 terminate flush(es), 0 completion(s), 0 continuation(s) 
[2026-04-03T03:18:44.835+0600][44.387s][info][gc,marking  ] GC(113) y: Mark Stack Usage: 32M
[2026-04-03T03:18:44.835+0600][44.387s][info][gc,nmethod  ] GC(113) y: NMethods: 6527 registered, 737 unregistered
[2026-04-03T03:18:44.835+0600][44.387s][info][gc,metaspace] GC(113) y: Metaspace: 71M used, 72M committed, 1088M reserved
[2026-04-03T03:18:44.835+0600][44.387s][info][gc,reloc    ] GC(113) y:                        Candidates     Selected     In-Place         Size        Empty    Relocated 
[2026-04-03T03:18:44.835+0600][44.387s][info][gc,reloc    ] GC(113) y: Small Pages:                  104           71            0         208M           0M          23M 
[2026-04-03T03:18:44.835+0600][44.387s][info][gc,reloc    ] GC(113) y: Medium Pages:                   1            0            0          16M          16M           0M 
[2026-04-03T03:18:44.835+0600][44.387s][info][gc,reloc    ] GC(113) y: Large Pages:                    7            0            0          36M          18M           0M 
[2026-04-03T03:18:44.835+0600][44.387s][info][gc,reloc    ] GC(113) y: Forwarding Usage: 24M
[2026-04-03T03:18:44.835+0600][44.387s][info][gc,reloc    ] GC(113) y: Age Table:
[2026-04-03T03:18:44.835+0600][44.387s][info][gc,reloc    ] GC(113) y:                    Live             Garbage             Small              Medium             Large        
[2026-04-03T03:18:44.835+0600][44.387s][info][gc,reloc    ] GC(113) y: Eden              72M (7%)          177M (18%)        102 / 69             1 / 0              6 / 0        
[2026-04-03T03:18:44.835+0600][44.387s][info][gc,reloc    ] GC(113) y: Survivor 1         0M (0%)            9M (1%)           2 / 2              0 / 0              1 / 0        
[2026-04-03T03:18:44.835+0600][44.387s][info][gc,heap     ] GC(113) y: Min Capacity: 8M(1%)
[2026-04-03T03:18:44.835+0600][44.387s][info][gc,heap     ] GC(113) y: Max Capacity: 1000M(100%)
[2026-04-03T03:18:44.835+0600][44.387s][info][gc,heap     ] GC(113) y: Soft Max Capacity: 1000M(100%)
[2026-04-03T03:18:44.835+0600][44.387s][info][gc,heap     ] GC(113) y: Heap Statistics:
[2026-04-03T03:18:44.835+0600][44.387s][info][gc,heap     ] GC(113) y:                Mark Start          Mark End        Relocate Start      Relocate End           High               Low         
[2026-04-03T03:18:44.835+0600][44.387s][info][gc,heap     ] GC(113) y:  Capacity:     1000M (100%)       1000M (100%)       1000M (100%)       1000M (100%)       1000M (100%)       1000M (100%)   
[2026-04-03T03:18:44.835+0600][44.387s][info][gc,heap     ] GC(113) y:      Free:      554M (55%)         432M (43%)         448M (45%)         556M (56%)         564M (56%)         428M (43%)    
[2026-04-03T03:18:44.835+0600][44.387s][info][gc,heap     ] GC(113) y:      Used:      446M (45%)         568M (57%)         552M (55%)         444M (44%)         572M (57%)         436M (44%)    
[2026-04-03T03:18:44.835+0600][44.387s][info][gc,heap     ] GC(113) y: Young Generation Statistics:
[2026-04-03T03:18:44.835+0600][44.387s][info][gc,heap     ] GC(113) y:                Mark Start          Mark End        Relocate Start      Relocate End    
[2026-04-03T03:18:44.835+0600][44.387s][info][gc,heap     ] GC(113) y:      Used:      260M (26%)         382M (38%)         366M (37%)         258M (26%)    
[2026-04-03T03:18:44.835+0600][44.387s][info][gc,heap     ] GC(113) y:      Live:         -                72M (7%)           72M (7%)           72M (7%)     
[2026-04-03T03:18:44.835+0600][44.387s][info][gc,heap     ] GC(113) y:   Garbage:         -               187M (19%)         153M (15%)           2M (0%)     
[2026-04-03T03:18:44.835+0600][44.387s][info][gc,heap     ] GC(113) y: Allocated:         -               122M (12%)         140M (14%)         183M (18%)    
[2026-04-03T03:18:44.835+0600][44.387s][info][gc,heap     ] GC(113) y: Reclaimed:         -                  -                34M (3%)          185M (19%)    
[2026-04-03T03:18:44.835+0600][44.387s][info][gc,heap     ] GC(113) y:  Promoted:         -                  -                 0M (0%)            0M (0%)     
[2026-04-03T03:18:44.835+0600][44.387s][info][gc,heap     ] GC(113) y: Compacted:         -                  -                  -                50M (5%)     
[2026-04-03T03:18:44.835+0600][44.387s][info][gc,phases   ] GC(113) y: Young Generation 446M(45%)->444M(44%) 0.198s
[2026-04-03T03:18:44.835+0600][44.388s][info][gc          ] GC(113) Minor Collection (Allocation Rate) 446M(45%)->444M(44%) 0.198s
[2026-04-03T03:18:44.835+0600][44.388s][info][gc          ] GC(114) Minor Collection (Allocation Rate)
[2026-04-03T03:18:44.835+0600][44.388s][info][gc,task     ] GC(114) Using 3 Workers for Young Generation
[2026-04-03T03:18:44.835+0600][44.388s][info][gc,phases   ] GC(114) y: Young Generation
[2026-04-03T03:18:44.836+0600][44.388s][info][gc,phases   ] GC(114) y: Pause Mark Start 0.056ms
[2026-04-03T03:18:45.027+0600][44.580s][info][gc,phases   ] GC(114) y: Concurrent Mark 191.407ms
[2026-04-03T03:18:45.028+0600][44.580s][info][gc,phases   ] GC(114) y: Pause Mark End 0.046ms
[2026-04-03T03:18:45.028+0600][44.580s][info][gc,phases   ] GC(114) y: Concurrent Mark Free 0.002ms
[2026-04-03T03:18:45.028+0600][44.580s][info][gc,phases   ] GC(114) y: Concurrent Reset Relocation Set 0.035ms
[2026-04-03T03:18:45.031+0600][44.583s][info][gc,reloc    ] GC(114) y: Using tenuring threshold: 2 (Computed)
[2026-04-03T03:18:45.037+0600][44.589s][info][gc,phases   ] GC(114) y: Concurrent Select Relocation Set 8.856ms
[2026-04-03T03:18:45.038+0600][44.590s][info][gc,phases   ] GC(114) y: Pause Relocate Start 0.069ms
[2026-04-03T03:18:45.088+0600][44.640s][info][gc,phases   ] GC(114) y: Concurrent Relocate 50.050ms
[2026-04-03T03:18:45.088+0600][44.640s][info][gc,alloc    ] GC(114) y:                         Mark Start        Mark End      Relocate Start    Relocate End   
[2026-04-03T03:18:45.088+0600][44.640s][info][gc,alloc    ] GC(114) y: Allocation Stalls:          0                0                0                0         
[2026-04-03T03:18:45.088+0600][44.640s][info][gc,load     ] GC(114) y: Load: 4.72 (39%) / 5.01 (42%) / 5.50 (46%)
[2026-04-03T03:18:45.088+0600][44.640s][info][gc,mmu      ] GC(114) y: MMU: 2ms/90.5%, 5ms/96.2%, 10ms/98.1%, 20ms/98.7%, 50ms/99.5%, 100ms/99.6%
[2026-04-03T03:18:45.088+0600][44.640s][info][gc,marking  ] GC(114) y: Mark: 2 stripe(s), 3 proactive flush(es), 1 terminate flush(es), 0 completion(s), 0 continuation(s) 
[2026-04-03T03:18:45.088+0600][44.640s][info][gc,marking  ] GC(114) y: Mark Stack Usage: 32M
[2026-04-03T03:18:45.088+0600][44.640s][info][gc,nmethod  ] GC(114) y: NMethods: 6530 registered, 737 unregistered
[2026-04-03T03:18:45.088+0600][44.640s][info][gc,metaspace] GC(114) y: Metaspace: 71M used, 72M committed, 1088M reserved
[2026-04-03T03:18:45.088+0600][44.640s][info][gc,reloc    ] GC(114) y:                        Candidates     Selected     In-Place         Size        Empty    Relocated 
[2026-04-03T03:18:45.088+0600][44.640s][info][gc,reloc    ] GC(114) y: Small Pages:                  105           50            0         210M           0M          21M 
[2026-04-03T03:18:45.088+0600][44.640s][info][gc,reloc    ] GC(114) y: Medium Pages:                   0            0            0           0M           0M           0M 
[2026-04-03T03:18:45.088+0600][44.640s][info][gc,reloc    ] GC(114) y: Large Pages:                    6            0            0          48M          18M           0M 
[2026-04-03T03:18:45.088+0600][44.640s][info][gc,reloc    ] GC(114) y: Forwarding Usage: 28M
[2026-04-03T03:18:45.088+0600][44.640s][info][gc,reloc    ] GC(114) y: Age Table:
[2026-04-03T03:18:45.088+0600][44.640s][info][gc,reloc    ] GC(114) y:                    Live             Garbage             Small              Medium             Large        
[2026-04-03T03:18:45.088+0600][44.640s][info][gc,reloc    ] GC(114) y: Eden              72M (7%)          101M (10%)         72 / 46             0 / 0              3 / 0        
[2026-04-03T03:18:45.088+0600][44.640s][info][gc,reloc    ] GC(114) y: Survivor 1        54M (5%)           25M (3%)          31 / 2              0 / 0              3 / 0        
[2026-04-03T03:18:45.088+0600][44.641s][info][gc,reloc    ] GC(114) y: Survivor 2         0M (0%)            3M (0%)           2 / 2              0 / 0              0 / 0        
[2026-04-03T03:18:45.088+0600][44.641s][info][gc,heap     ] GC(114) y: Min Capacity: 8M(1%)
[2026-04-03T03:18:45.088+0600][44.641s][info][gc,heap     ] GC(114) y: Max Capacity: 1000M(100%)
[2026-04-03T03:18:45.088+0600][44.641s][info][gc,heap     ] GC(114) y: Soft Max Capacity: 1000M(100%)
[2026-04-03T03:18:45.088+0600][44.641s][info][gc,heap     ] GC(114) y: Heap Statistics:
[2026-04-03T03:18:45.088+0600][44.641s][info][gc,heap     ] GC(114) y:                Mark Start          Mark End        Relocate Start      Relocate End           High               Low         
[2026-04-03T03:18:45.088+0600][44.641s][info][gc,heap     ] GC(114) y:  Capacity:     1000M (100%)       1000M (100%)       1000M (100%)       1000M (100%)       1000M (100%)       1000M (100%)   
[2026-04-03T03:18:45.088+0600][44.641s][info][gc,heap     ] GC(114) y:      Free:      556M (56%)         378M (38%)         396M (40%)         480M (48%)         556M (56%)         378M (38%)    
[2026-04-03T03:18:45.088+0600][44.641s][info][gc,heap     ] GC(114) y:      Used:      444M (44%)         622M (62%)         604M (60%)         520M (52%)         622M (62%)         444M (44%)    
[2026-04-03T03:18:45.088+0600][44.641s][info][gc,heap     ] GC(114) y: Young Generation Statistics:
[2026-04-03T03:18:45.088+0600][44.641s][info][gc,heap     ] GC(114) y:                Mark Start          Mark End        Relocate Start      Relocate End    
[2026-04-03T03:18:45.088+0600][44.641s][info][gc,heap     ] GC(114) y:      Used:      258M (26%)         436M (44%)         418M (42%)         330M (33%)    
[2026-04-03T03:18:45.088+0600][44.641s][info][gc,heap     ] GC(114) y:      Live:         -               126M (13%)         126M (13%)         126M (13%)    
[2026-04-03T03:18:45.088+0600][44.641s][info][gc,heap     ] GC(114) y:   Garbage:         -               131M (13%)         113M (11%)           4M (0%)     
[2026-04-03T03:18:45.088+0600][44.641s][info][gc,heap     ] GC(114) y: Allocated:         -               178M (18%)         178M (18%)         198M (20%)    
[2026-04-03T03:18:45.088+0600][44.641s][info][gc,heap     ] GC(114) y: Reclaimed:         -                  -                18M (2%)          126M (13%)    
[2026-04-03T03:18:45.088+0600][44.641s][info][gc,heap     ] GC(114) y:  Promoted:         -                  -                 0M (0%)            0M (0%)     
[2026-04-03T03:18:45.088+0600][44.641s][info][gc,heap     ] GC(114) y: Compacted:         -                  -                  -                41M (4%)     
[2026-04-03T03:18:45.089+0600][44.641s][info][gc,phases   ] GC(114) y: Young Generation 444M(44%)->520M(52%) 0.253s
[2026-04-03T03:18:45.089+0600][44.641s][info][gc          ] GC(114) Minor Collection (Allocation Rate) 444M(44%)->520M(52%) 0.253s
[2026-04-03T03:18:45.089+0600][44.641s][info][gc          ] GC(115) Minor Collection (Allocation Rate)
[2026-04-03T03:18:45.089+0600][44.641s][info][gc,task     ] GC(115) Using 3 Workers for Young Generation
[2026-04-03T03:18:45.089+0600][44.641s][info][gc,phases   ] GC(115) y: Young Generation
[2026-04-03T03:18:45.089+0600][44.641s][info][gc,phases   ] GC(115) y: Pause Mark Start 0.106ms
[2026-04-03T03:18:45.345+0600][44.898s][info][gc,phases   ] GC(115) y: Concurrent Mark 255.981ms
[2026-04-03T03:18:45.346+0600][44.898s][info][gc,phases   ] GC(115) y: Pause Mark End 0.033ms
[2026-04-03T03:18:45.346+0600][44.898s][info][gc,phases   ] GC(115) y: Concurrent Mark Free 0.002ms
[2026-04-03T03:18:45.346+0600][44.898s][info][gc,phases   ] GC(115) y: Concurrent Reset Relocation Set 0.011ms
[2026-04-03T03:18:45.348+0600][44.900s][info][gc,reloc    ] GC(115) y: Using tenuring threshold: 1 (Computed)
[2026-04-03T03:18:45.399+0600][44.951s][info][gc,phases   ] GC(115) y: Concurrent Select Relocation Set 53.052ms
[2026-04-03T03:18:45.399+0600][44.951s][info][gc,phases   ] GC(115) y: Pause Relocate Start 0.052ms
[2026-04-03T03:18:45.524+0600][45.076s][info][gc,phases   ] GC(115) y: Concurrent Relocate 124.665ms
[2026-04-03T03:18:45.524+0600][45.076s][info][gc,alloc    ] GC(115) y:                         Mark Start        Mark End      Relocate Start    Relocate End   
[2026-04-03T03:18:45.524+0600][45.076s][info][gc,alloc    ] GC(115) y: Allocation Stalls:          0                0                0                0         
[2026-04-03T03:18:45.524+0600][45.076s][info][gc,load     ] GC(115) y: Load: 4.83 (40%) / 5.03 (42%) / 5.50 (46%)
[2026-04-03T03:18:45.524+0600][45.076s][info][gc,mmu      ] GC(115) y: MMU: 2ms/90.5%, 5ms/96.2%, 10ms/98.1%, 20ms/98.7%, 50ms/99.5%, 100ms/99.6%
[2026-04-03T03:18:45.524+0600][45.076s][info][gc,marking  ] GC(115) y: Mark: 2 stripe(s), 3 proactive flush(es), 1 terminate flush(es), 0 completion(s), 0 continuation(s) 
[2026-04-03T03:18:45.524+0600][45.076s][info][gc,marking  ] GC(115) y: Mark Stack Usage: 32M
[2026-04-03T03:18:45.524+0600][45.076s][info][gc,nmethod  ] GC(115) y: NMethods: 6544 registered, 737 unregistered
[2026-04-03T03:18:45.524+0600][45.076s][info][gc,metaspace] GC(115) y: Metaspace: 71M used, 72M committed, 1088M reserved
[2026-04-03T03:18:45.524+0600][45.076s][info][gc,reloc    ] GC(115) y:                        Candidates     Selected     In-Place         Size        Empty    Relocated 
[2026-04-03T03:18:45.524+0600][45.076s][info][gc,reloc    ] GC(115) y: Small Pages:                  132           72            0         264M           2M          13M 
[2026-04-03T03:18:45.524+0600][45.076s][info][gc,reloc    ] GC(115) y: Medium Pages:                   1            0            0          16M           0M           0M 
[2026-04-03T03:18:45.524+0600][45.076s][info][gc,reloc    ] GC(115) y: Large Pages:                    7            0            0          50M           8M           0M 
[2026-04-03T03:18:45.524+0600][45.076s][info][gc,reloc    ] GC(115) y: Forwarding Usage: 15M
[2026-04-03T03:18:45.524+0600][45.076s][info][gc,reloc    ] GC(115) y: Age Table:
[2026-04-03T03:18:45.524+0600][45.076s][info][gc,reloc    ] GC(115) y:                    Live             Garbage             Small              Medium             Large        
[2026-04-03T03:18:45.524+0600][45.076s][info][gc,reloc    ] GC(115) y: Eden              25M (3%)          162M (16%)         76 / 68             1 / 0              4 / 0        
[2026-04-03T03:18:45.524+0600][45.076s][info][gc,reloc    ] GC(115) y: Survivor 1        72M (7%)            9M (1%)          26 / 3              0 / 0              3 / 0        
[2026-04-03T03:18:45.524+0600][45.076s][info][gc,reloc    ] GC(115) y: Survivor 2        54M (5%)            5M (1%)          30 / 1              0 / 0              0 / 0        
[2026-04-03T03:18:45.524+0600][45.076s][info][gc,heap     ] GC(115) y: Min Capacity: 8M(1%)
[2026-04-03T03:18:45.524+0600][45.076s][info][gc,heap     ] GC(115) y: Max Capacity: 1000M(100%)
[2026-04-03T03:18:45.524+0600][45.076s][info][gc,heap     ] GC(115) y: Soft Max Capacity: 1000M(100%)
[2026-04-03T03:18:45.524+0600][45.076s][info][gc,heap     ] GC(115) y: Heap Statistics:
[2026-04-03T03:18:45.524+0600][45.076s][info][gc,heap     ] GC(115) y:                Mark Start          Mark End        Relocate Start      Relocate End           High               Low         
[2026-04-03T03:18:45.524+0600][45.076s][info][gc,heap     ] GC(115) y:  Capacity:     1000M (100%)       1000M (100%)       1000M (100%)       1000M (100%)       1000M (100%)       1000M (100%)   
[2026-04-03T03:18:45.524+0600][45.077s][info][gc,heap     ] GC(115) y:      Free:      480M (48%)         414M (41%)         412M (41%)         518M (52%)         538M (54%)         402M (40%)    
[2026-04-03T03:18:45.524+0600][45.077s][info][gc,heap     ] GC(115) y:      Used:      520M (52%)         586M (59%)         588M (59%)         482M (48%)         598M (60%)         462M (46%)    
[2026-04-03T03:18:45.524+0600][45.077s][info][gc,heap     ] GC(115) y: Young Generation Statistics:
[2026-04-03T03:18:45.524+0600][45.077s][info][gc,heap     ] GC(115) y:                Mark Start          Mark End        Relocate Start      Relocate End    
[2026-04-03T03:18:45.524+0600][45.077s][info][gc,heap     ] GC(115) y:      Used:      330M (33%)         396M (40%)         268M (27%)         152M (15%)    
[2026-04-03T03:18:45.524+0600][45.077s][info][gc,heap     ] GC(115) y:      Live:         -               152M (15%)          28M (3%)           25M (3%)     
[2026-04-03T03:18:45.524+0600][45.077s][info][gc,heap     ] GC(115) y:   Garbage:         -               177M (18%)         161M (16%)          14M (1%)     
[2026-04-03T03:18:45.524+0600][45.077s][info][gc,heap     ] GC(115) y: Allocated:         -                66M (7%)           78M (8%)          111M (11%)    
[2026-04-03T03:18:45.524+0600][45.077s][info][gc,heap     ] GC(115) y: Reclaimed:         -                  -                15M (2%)          162M (16%)    
[2026-04-03T03:18:45.524+0600][45.077s][info][gc,heap     ] GC(115) y:  Promoted:         -                  -               124M (12%)         126M (13%)    
[2026-04-03T03:18:45.524+0600][45.077s][info][gc,heap     ] GC(115) y: Compacted:         -                  -                  -                12M (1%)     
[2026-04-03T03:18:45.524+0600][45.077s][info][gc,phases   ] GC(115) y: Young Generation 520M(52%)->482M(48%) 0.435s
[2026-04-03T03:18:45.524+0600][45.077s][info][gc          ] GC(115) Minor Collection (Allocation Rate) 520M(52%)->482M(48%) 0.436s
[2026-04-03T03:18:45.525+0600][45.077s][info][gc          ] GC(116) Major Collection (Allocation Rate)
[2026-04-03T03:18:45.525+0600][45.077s][info][gc,task     ] GC(116) Using 3 Workers for Young Generation
[2026-04-03T03:18:45.525+0600][45.077s][info][gc,task     ] GC(116) Using 2 Workers for Old Generation
[2026-04-03T03:18:45.525+0600][45.077s][info][gc,phases   ] GC(116) Y: Young Generation
[2026-04-03T03:18:45.525+0600][45.077s][info][gc,phases   ] GC(116) Y: Pause Mark Start (Major) 0.020ms
[2026-04-03T03:18:45.726+0600][45.278s][info][gc,phases   ] GC(116) Y: Concurrent Mark 200.712ms
[2026-04-03T03:18:45.726+0600][45.278s][info][gc,phases   ] GC(116) Y: Pause Mark End 0.038ms
[2026-04-03T03:18:45.726+0600][45.279s][info][gc,phases   ] GC(116) Y: Concurrent Mark Free 0.002ms
[2026-04-03T03:18:45.727+0600][45.279s][info][gc,phases   ] GC(116) Y: Concurrent Reset Relocation Set 0.115ms
[2026-04-03T03:18:45.732+0600][45.284s][info][gc,reloc    ] GC(116) Y: Using tenuring threshold: 1 (Computed)
[2026-04-03T03:18:45.749+0600][45.301s][info][gc,phases   ] GC(116) Y: Concurrent Select Relocation Set 22.529ms
[2026-04-03T03:18:45.750+0600][45.302s][info][gc,phases   ] GC(116) Y: Pause Relocate Start 0.049ms
[2026-04-03T03:18:45.777+0600][45.329s][info][gc,phases   ] GC(116) Y: Concurrent Relocate 27.338ms
[2026-04-03T03:18:45.777+0600][45.329s][info][gc,alloc    ] GC(116) Y:                         Mark Start        Mark End      Relocate Start    Relocate End   
[2026-04-03T03:18:45.777+0600][45.329s][info][gc,alloc    ] GC(116) Y: Allocation Stalls:          0                0                0                0         
[2026-04-03T03:18:45.777+0600][45.329s][info][gc,load     ] GC(116) Y: Load: 4.83 (40%) / 5.03 (42%) / 5.50 (46%)
[2026-04-03T03:18:45.777+0600][45.329s][info][gc,mmu      ] GC(116) Y: MMU: 2ms/90.5%, 5ms/96.2%, 10ms/98.1%, 20ms/98.7%, 50ms/99.5%, 100ms/99.6%
[2026-04-03T03:18:45.777+0600][45.329s][info][gc,marking  ] GC(116) Y: Mark: 2 stripe(s), 10 proactive flush(es), 1 terminate flush(es), 0 completion(s), 0 continuation(s) 
[2026-04-03T03:18:45.777+0600][45.329s][info][gc,marking  ] GC(116) Y: Mark Stack Usage: 32M
[2026-04-03T03:18:45.777+0600][45.329s][info][gc,nmethod  ] GC(116) Y: NMethods: 6554 registered, 737 unregistered
[2026-04-03T03:18:45.777+0600][45.329s][info][gc,metaspace] GC(116) Y: Metaspace: 71M used, 72M committed, 1088M reserved
[2026-04-03T03:18:45.777+0600][45.329s][info][gc,reloc    ] GC(116) Y:                        Candidates     Selected     In-Place         Size        Empty    Relocated 
[2026-04-03T03:18:45.777+0600][45.329s][info][gc,reloc    ] GC(116) Y: Small Pages:                   54           34            0         108M          26M           1M 
[2026-04-03T03:18:45.777+0600][45.329s][info][gc,reloc    ] GC(116) Y: Medium Pages:                   2            0            0          32M          16M           0M 
[2026-04-03T03:18:45.777+0600][45.329s][info][gc,reloc    ] GC(116) Y: Large Pages:                    2            0            0          12M           0M           0M 
[2026-04-03T03:18:45.777+0600][45.329s][info][gc,reloc    ] GC(116) Y: Forwarding Usage: 1M
[2026-04-03T03:18:45.777+0600][45.329s][info][gc,reloc    ] GC(116) Y: Age Table:
[2026-04-03T03:18:45.777+0600][45.329s][info][gc,reloc    ] GC(116) Y:                    Live             Garbage             Small              Medium             Large        
[2026-04-03T03:18:45.777+0600][45.329s][info][gc,reloc    ] GC(116) Y: Eden               1M (0%)          102M (10%)         44 / 30             1 / 0              0 / 0        
[2026-04-03T03:18:45.777+0600][45.329s][info][gc,reloc    ] GC(116) Y: Survivor 1        24M (2%)           23M (2%)          10 / 4              1 / 0              2 / 0        
[2026-04-03T03:18:45.777+0600][45.329s][info][gc,heap     ] GC(116) Y: Min Capacity: 8M(1%)
[2026-04-03T03:18:45.777+0600][45.329s][info][gc,heap     ] GC(116) Y: Max Capacity: 1000M(100%)
[2026-04-03T03:18:45.777+0600][45.330s][info][gc,heap     ] GC(116) Y: Soft Max Capacity: 1000M(100%)
[2026-04-03T03:18:45.777+0600][45.330s][info][gc,heap     ] GC(116) Y: Heap Statistics:
[2026-04-03T03:18:45.777+0600][45.330s][info][gc,heap     ] GC(116) Y:                Mark Start          Mark End        Relocate Start      Relocate End           High               Low         
[2026-04-03T03:18:45.777+0600][45.330s][info][gc,heap     ] GC(116) Y:  Capacity:     1000M (100%)       1000M (100%)       1000M (100%)       1000M (100%)       1000M (100%)       1000M (100%)   
[2026-04-03T03:18:45.777+0600][45.330s][info][gc,heap     ] GC(116) Y:      Free:      518M (52%)         470M (47%)         506M (51%)         552M (55%)         558M (56%)         470M (47%)    
[2026-04-03T03:18:45.777+0600][45.330s][info][gc,heap     ] GC(116) Y:      Used:      482M (48%)         530M (53%)         494M (49%)         448M (45%)         530M (53%)         442M (44%)    
[2026-04-03T03:18:45.777+0600][45.330s][info][gc,heap     ] GC(116) Y: Young Generation Statistics:
[2026-04-03T03:18:45.777+0600][45.330s][info][gc,heap     ] GC(116) Y:                Mark Start          Mark End        Relocate Start      Relocate End    
[2026-04-03T03:18:45.777+0600][45.330s][info][gc,heap     ] GC(116) Y:      Used:      152M (15%)         200M (20%)         140M (14%)          84M (8%)     
[2026-04-03T03:18:45.777+0600][45.330s][info][gc,heap     ] GC(116) Y:      Live:         -                26M (3%)            3M (0%)            1M (0%)     
[2026-04-03T03:18:45.777+0600][45.330s][info][gc,heap     ] GC(116) Y:   Garbage:         -               125M (13%)          82M (8%)           14M (1%)     
[2026-04-03T03:18:45.777+0600][45.330s][info][gc,heap     ] GC(116) Y: Allocated:         -                48M (5%)           54M (5%)           67M (7%)     
[2026-04-03T03:18:45.777+0600][45.330s][info][gc,heap     ] GC(116) Y: Reclaimed:         -                  -                42M (4%)          110M (11%)    
[2026-04-03T03:18:45.777+0600][45.330s][info][gc,heap     ] GC(116) Y:  Promoted:         -                  -                23M (2%)           24M (2%)     
[2026-04-03T03:18:45.777+0600][45.330s][info][gc,heap     ] GC(116) Y: Compacted:         -                  -                  -                 0M (0%)     
[2026-04-03T03:18:45.777+0600][45.330s][info][gc,phases   ] GC(116) Y: Young Generation 482M(48%)->448M(45%) 0.252s
[2026-04-03T03:18:45.777+0600][45.330s][info][gc,phases   ] GC(116) O: Old Generation
[2026-04-03T03:18:45.786+0600][45.338s][info][gc          ] GC(117) Minor Collection (Allocation Rate)
[2026-04-03T03:18:45.786+0600][45.338s][info][gc,task     ] GC(117) Using 1 Workers for Young Generation
[2026-04-03T03:18:45.786+0600][45.338s][info][gc,phases   ] GC(117) y: Young Generation
[2026-04-03T03:18:45.787+0600][45.339s][info][gc,phases   ] GC(117) y: Pause Mark Start 0.064ms
[2026-04-03T03:18:45.810+0600][45.362s][info][gc,phases   ] GC(117) y: Concurrent Mark 23.060ms
[2026-04-03T03:18:45.810+0600][45.363s][info][gc,phases   ] GC(117) y: Pause Mark End 0.030ms
[2026-04-03T03:18:45.811+0600][45.363s][info][gc,phases   ] GC(117) y: Concurrent Mark Free 0.001ms
[2026-04-03T03:18:45.811+0600][45.363s][info][gc,phases   ] GC(117) y: Concurrent Reset Relocation Set 0.030ms
[2026-04-03T03:18:45.816+0600][45.368s][info][gc,reloc    ] GC(117) y: Using tenuring threshold: 2 (Computed)
[2026-04-03T03:18:45.817+0600][45.369s][info][gc,phases   ] GC(117) y: Concurrent Select Relocation Set 5.975ms
[2026-04-03T03:18:45.817+0600][45.369s][info][gc,phases   ] GC(117) y: Pause Relocate Start 0.053ms
[2026-04-03T03:18:45.817+0600][45.370s][info][gc,phases   ] GC(117) y: Concurrent Relocate 0.471ms
[2026-04-03T03:18:45.818+0600][45.370s][info][gc,alloc    ] GC(117) y:                         Mark Start        Mark End      Relocate Start    Relocate End   
[2026-04-03T03:18:45.818+0600][45.370s][info][gc,alloc    ] GC(117) y: Allocation Stalls:          0                0                0                0         
[2026-04-03T03:18:45.818+0600][45.370s][info][gc,load     ] GC(117) y: Load: 4.83 (40%) / 5.03 (42%) / 5.50 (46%)
[2026-04-03T03:18:45.818+0600][45.370s][info][gc,mmu      ] GC(117) y: MMU: 2ms/90.5%, 5ms/96.2%, 10ms/98.1%, 20ms/98.7%, 50ms/99.5%, 100ms/99.6%
[2026-04-03T03:18:45.818+0600][45.370s][info][gc,marking  ] GC(117) y: Mark: 1 stripe(s), 2 proactive flush(es), 1 terminate flush(es), 0 completion(s), 0 continuation(s) 
[2026-04-03T03:18:45.818+0600][45.370s][info][gc,marking  ] GC(117) y: Mark Stack Usage: 32M
[2026-04-03T03:18:45.818+0600][45.370s][info][gc,nmethod  ] GC(117) y: NMethods: 6554 registered, 737 unregistered
[2026-04-03T03:18:45.818+0600][45.370s][info][gc,metaspace] GC(117) y: Metaspace: 71M used, 72M committed, 1088M reserved
[2026-04-03T03:18:45.818+0600][45.370s][info][gc,reloc    ] GC(117) y:                        Candidates     Selected     In-Place         Size        Empty    Relocated 
[2026-04-03T03:18:45.818+0600][45.370s][info][gc,reloc    ] GC(117) y: Small Pages:                   34           25            0          68M          16M           0M 
[2026-04-03T03:18:45.818+0600][45.370s][info][gc,reloc    ] GC(117) y: Medium Pages:                   1            0            0          16M           0M           0M 
[2026-04-03T03:18:45.818+0600][45.370s][info][gc,reloc    ] GC(117) y: Large Pages:                    0            0            0           0M           0M           0M 
[2026-04-03T03:18:45.818+0600][45.370s][info][gc,reloc    ] GC(117) y: Forwarding Usage: 0M
[2026-04-03T03:18:45.818+0600][45.370s][info][gc,reloc    ] GC(117) y: Age Table:
[2026-04-03T03:18:45.818+0600][45.370s][info][gc,reloc    ] GC(117) y:                    Live             Garbage             Small              Medium             Large        
[2026-04-03T03:18:45.818+0600][45.370s][info][gc,reloc    ] GC(117) y: Eden               0M (0%)           59M (6%)          30 / 21             0 / 0              0 / 0        
[2026-04-03T03:18:45.818+0600][45.370s][info][gc,reloc    ] GC(117) y: Survivor 1         1M (0%)           22M (2%)           4 / 4              1 / 0              0 / 0        
[2026-04-03T03:18:45.818+0600][45.370s][info][gc,heap     ] GC(117) y: Min Capacity: 8M(1%)
[2026-04-03T03:18:45.818+0600][45.370s][info][gc,heap     ] GC(117) y: Max Capacity: 1000M(100%)
[2026-04-03T03:18:45.818+0600][45.370s][info][gc,heap     ] GC(117) y: Soft Max Capacity: 1000M(100%)
[2026-04-03T03:18:45.818+0600][45.370s][info][gc,heap     ] GC(117) y: Heap Statistics:
[2026-04-03T03:18:45.818+0600][45.370s][info][gc,heap     ] GC(117) y:                Mark Start          Mark End        Relocate Start      Relocate End           High               Low         
[2026-04-03T03:18:45.818+0600][45.370s][info][gc,heap     ] GC(117) y:  Capacity:     1000M (100%)       1000M (100%)       1000M (100%)       1000M (100%)       1000M (100%)       1000M (100%)   
[2026-04-03T03:18:45.818+0600][45.370s][info][gc,heap     ] GC(117) y:      Free:      552M (55%)         544M (54%)         558M (56%)         596M (60%)         596M (60%)         544M (54%)    
[2026-04-03T03:18:45.818+0600][45.370s][info][gc,heap     ] GC(117) y:      Used:      448M (45%)         456M (46%)         442M (44%)         404M (40%)         456M (46%)         404M (40%)    
[2026-04-03T03:18:45.818+0600][45.370s][info][gc,heap     ] GC(117) y: Young Generation Statistics:
[2026-04-03T03:18:45.818+0600][45.370s][info][gc,heap     ] GC(117) y:                Mark Start          Mark End        Relocate Start      Relocate End    
[2026-04-03T03:18:45.818+0600][45.370s][info][gc,heap     ] GC(117) y:      Used:       84M (8%)           92M (9%)           78M (8%)           40M (4%)     
[2026-04-03T03:18:45.818+0600][45.370s][info][gc,heap     ] GC(117) y:      Live:         -                 2M (0%)            2M (0%)            2M (0%)     
[2026-04-03T03:18:45.818+0600][45.370s][info][gc,heap     ] GC(117) y:   Garbage:         -                81M (8%)           65M (7%)           14M (1%)     
[2026-04-03T03:18:45.818+0600][45.370s][info][gc,heap     ] GC(117) y: Allocated:         -                 8M (1%)           10M (1%)           23M (2%)     
[2026-04-03T03:18:45.818+0600][45.370s][info][gc,heap     ] GC(117) y: Reclaimed:         -                  -                16M (2%)           67M (7%)     
[2026-04-03T03:18:45.818+0600][45.370s][info][gc,heap     ] GC(117) y:  Promoted:         -                  -                 0M (0%)            0M (0%)     
[2026-04-03T03:18:45.818+0600][45.370s][info][gc,heap     ] GC(117) y: Compacted:         -                  -                  -                 0M (0%)     
[2026-04-03T03:18:45.818+0600][45.370s][info][gc,phases   ] GC(117) y: Young Generation 448M(45%)->404M(40%) 0.032s
[2026-04-03T03:18:45.818+0600][45.370s][info][gc          ] GC(117) Minor Collection (Allocation Rate) 448M(45%)->404M(40%) 0.032s
[2026-04-03T03:18:45.880+0600][45.432s][info][gc          ] GC(118) Minor Collection (Allocation Rate)
[2026-04-03T03:18:45.880+0600][45.432s][info][gc,task     ] GC(118) Using 1 Workers for Young Generation
[2026-04-03T03:18:45.880+0600][45.432s][info][gc,phases   ] GC(118) y: Young Generation
[2026-04-03T03:18:45.880+0600][45.433s][info][gc,phases   ] GC(118) y: Pause Mark Start 0.093ms
[2026-04-03T03:18:45.905+0600][45.458s][info][gc,phases   ] GC(118) y: Concurrent Mark 24.902ms
[2026-04-03T03:18:45.906+0600][45.458s][info][gc,phases   ] GC(118) y: Pause Mark End 0.042ms
[2026-04-03T03:18:45.906+0600][45.458s][info][gc,phases   ] GC(118) y: Concurrent Mark Free 0.003ms
[2026-04-03T03:18:45.906+0600][45.458s][info][gc,phases   ] GC(118) y: Concurrent Reset Relocation Set 0.005ms
[2026-04-03T03:18:45.910+0600][45.462s][info][gc,reloc    ] GC(118) y: Using tenuring threshold: 1 (Computed)
[2026-04-03T03:18:45.912+0600][45.464s][info][gc,phases   ] GC(118) y: Concurrent Select Relocation Set 6.225ms
[2026-04-03T03:18:45.912+0600][45.465s][info][gc,phases   ] GC(118) y: Pause Relocate Start 0.031ms
[2026-04-03T03:18:45.921+0600][45.473s][info][gc,phases   ] GC(118) y: Concurrent Relocate 8.049ms
[2026-04-03T03:18:45.921+0600][45.473s][info][gc,alloc    ] GC(118) y:                         Mark Start        Mark End      Relocate Start    Relocate End   
[2026-04-03T03:18:45.921+0600][45.473s][info][gc,alloc    ] GC(118) y: Allocation Stalls:          0                0                0                0         
[2026-04-03T03:18:45.921+0600][45.473s][info][gc,load     ] GC(118) y: Load: 4.83 (40%) / 5.03 (42%) / 5.50 (46%)
[2026-04-03T03:18:45.921+0600][45.473s][info][gc,mmu      ] GC(118) y: MMU: 2ms/90.5%, 5ms/96.2%, 10ms/98.1%, 20ms/98.7%, 50ms/99.5%, 100ms/99.6%
[2026-04-03T03:18:45.921+0600][45.473s][info][gc,marking  ] GC(118) y: Mark: 1 stripe(s), 2 proactive flush(es), 1 terminate flush(es), 0 completion(s), 0 continuation(s) 
[2026-04-03T03:18:45.921+0600][45.473s][info][gc,marking  ] GC(118) y: Mark Stack Usage: 32M
[2026-04-03T03:18:45.921+0600][45.473s][info][gc,nmethod  ] GC(118) y: NMethods: 6556 registered, 737 unregistered
[2026-04-03T03:18:45.921+0600][45.473s][info][gc,metaspace] GC(118) y: Metaspace: 71M used, 72M committed, 1088M reserved
[2026-04-03T03:18:45.921+0600][45.473s][info][gc,reloc    ] GC(118) y:                        Candidates     Selected     In-Place         Size        Empty    Relocated 
[2026-04-03T03:18:45.921+0600][45.473s][info][gc,reloc    ] GC(118) y: Small Pages:                   18           13            0          36M           8M           0M 
[2026-04-03T03:18:45.921+0600][45.473s][info][gc,reloc    ] GC(118) y: Medium Pages:                   1            0            0          16M           0M           0M 
[2026-04-03T03:18:45.921+0600][45.473s][info][gc,reloc    ] GC(118) y: Large Pages:                    0            0            0           0M           0M           0M 
[2026-04-03T03:18:45.921+0600][45.473s][info][gc,reloc    ] GC(118) y: Forwarding Usage: 0M
[2026-04-03T03:18:45.921+0600][45.473s][info][gc,reloc    ] GC(118) y: Age Table:
[2026-04-03T03:18:45.921+0600][45.473s][info][gc,reloc    ] GC(118) y:                    Live             Garbage             Small              Medium             Large        
[2026-04-03T03:18:45.921+0600][45.473s][info][gc,reloc    ] GC(118) y: Eden               0M (0%)           25M (3%)          13 / 9              0 / 0              0 / 0        
[2026-04-03T03:18:45.921+0600][45.473s][info][gc,reloc    ] GC(118) y: Survivor 1         0M (0%)            5M (1%)           3 / 2              0 / 0              0 / 0        
[2026-04-03T03:18:45.921+0600][45.473s][info][gc,reloc    ] GC(118) y: Survivor 2         1M (0%)           18M (2%)           2 / 2              1 / 0              0 / 0        
[2026-04-03T03:18:45.921+0600][45.473s][info][gc,heap     ] GC(118) y: Min Capacity: 8M(1%)
[2026-04-03T03:18:45.921+0600][45.473s][info][gc,heap     ] GC(118) y: Max Capacity: 1000M(100%)
[2026-04-03T03:18:45.921+0600][45.473s][info][gc,heap     ] GC(118) y: Soft Max Capacity: 1000M(100%)
[2026-04-03T03:18:45.921+0600][45.473s][info][gc,heap     ] GC(118) y: Heap Statistics:
[2026-04-03T03:18:45.921+0600][45.473s][info][gc,heap     ] GC(118) y:                Mark Start          Mark End        Relocate Start      Relocate End           High               Low         
[2026-04-03T03:18:45.921+0600][45.473s][info][gc,heap     ] GC(118) y:  Capacity:     1000M (100%)       1000M (100%)       1000M (100%)       1000M (100%)       1000M (100%)       1000M (100%)   
[2026-04-03T03:18:45.921+0600][45.473s][info][gc,heap     ] GC(118) y:      Free:      584M (58%)         576M (58%)         582M (58%)         598M (60%)         598M (60%)         572M (57%)    
[2026-04-03T03:18:45.921+0600][45.473s][info][gc,heap     ] GC(118) y:      Used:      416M (42%)         424M (42%)         418M (42%)         402M (40%)         428M (43%)         402M (40%)    
[2026-04-03T03:18:45.921+0600][45.474s][info][gc,heap     ] GC(118) y: Young Generation Statistics:
[2026-04-03T03:18:45.921+0600][45.474s][info][gc,heap     ] GC(118) y:                Mark Start          Mark End        Relocate Start      Relocate End    
[2026-04-03T03:18:45.921+0600][45.474s][info][gc,heap     ] GC(118) y:      Used:       52M (5%)           60M (6%)           38M (4%)           18M (2%)     
[2026-04-03T03:18:45.921+0600][45.474s][info][gc,heap     ] GC(118) y:      Live:         -                 2M (0%)            0M (0%)            0M (0%)     
[2026-04-03T03:18:45.921+0600][45.474s][info][gc,heap     ] GC(118) y:   Garbage:         -                49M (5%)           27M (3%)            0M (0%)     
[2026-04-03T03:18:45.921+0600][45.474s][info][gc,heap     ] GC(118) y: Allocated:         -                 8M (1%)           10M (1%)           17M (2%)     
[2026-04-03T03:18:45.921+0600][45.474s][info][gc,heap     ] GC(118) y: Reclaimed:         -                  -                22M (2%)           49M (5%)     
[2026-04-03T03:18:45.921+0600][45.474s][info][gc,heap     ] GC(118) y:  Promoted:         -                  -                 1M (0%)            1M (0%)     
[2026-04-03T03:18:45.921+0600][45.474s][info][gc,heap     ] GC(118) y: Compacted:         -                  -                  -                 0M (0%)     
[2026-04-03T03:18:45.921+0600][45.474s][info][gc,phases   ] GC(118) y: Young Generation 416M(42%)->402M(40%) 0.041s
[2026-04-03T03:18:45.921+0600][45.474s][info][gc          ] GC(118) Minor Collection (Allocation Rate) 416M(42%)->402M(40%) 0.042s
[2026-04-03T03:18:46.092+0600][45.645s][info][gc          ] GC(119) Minor Collection (Allocation Rate)
[2026-04-03T03:18:46.092+0600][45.645s][info][gc,task     ] GC(119) Using 1 Workers for Young Generation
[2026-04-03T03:18:46.092+0600][45.645s][info][gc,phases   ] GC(119) y: Young Generation
[2026-04-03T03:18:46.093+0600][45.645s][info][gc,phases   ] GC(119) y: Pause Mark Start 0.039ms
[2026-04-03T03:18:46.099+0600][45.651s][info][gc,task     ] Adjusting Workers for Old Generation: 2 -> 1
[2026-04-03T03:18:46.175+0600][45.727s][info][gc,phases   ] GC(119) y: Concurrent Mark 81.449ms
[2026-04-03T03:18:46.175+0600][45.727s][info][gc,phases   ] GC(119) y: Pause Mark End 0.026ms
[2026-04-03T03:18:46.175+0600][45.728s][info][gc,phases   ] GC(119) y: Concurrent Mark Free 0.003ms
[2026-04-03T03:18:46.175+0600][45.728s][info][gc,phases   ] GC(119) y: Concurrent Reset Relocation Set 0.009ms
[2026-04-03T03:18:46.179+0600][45.731s][info][gc,reloc    ] GC(119) y: Using tenuring threshold: 2 (Computed)
[2026-04-03T03:18:46.185+0600][45.737s][info][gc,phases   ] GC(119) y: Concurrent Select Relocation Set 9.841ms
[2026-04-03T03:18:46.185+0600][45.738s][info][gc,phases   ] GC(119) y: Pause Relocate Start 0.020ms
[2026-04-03T03:18:46.213+0600][45.765s][info][gc,phases   ] GC(119) y: Concurrent Relocate 27.415ms
[2026-04-03T03:18:46.213+0600][45.765s][info][gc,alloc    ] GC(119) y:                         Mark Start        Mark End      Relocate Start    Relocate End   
[2026-04-03T03:18:46.213+0600][45.765s][info][gc,alloc    ] GC(119) y: Allocation Stalls:          0                0                0                0         
[2026-04-03T03:18:46.213+0600][45.765s][info][gc,load     ] GC(119) y: Load: 4.83 (40%) / 5.03 (42%) / 5.50 (46%)
[2026-04-03T03:18:46.213+0600][45.765s][info][gc,mmu      ] GC(119) y: MMU: 2ms/90.5%, 5ms/96.2%, 10ms/98.1%, 20ms/98.7%, 50ms/99.5%, 100ms/99.6%
[2026-04-03T03:18:46.213+0600][45.765s][info][gc,marking  ] GC(119) y: Mark: 1 stripe(s), 2 proactive flush(es), 1 terminate flush(es), 0 completion(s), 0 continuation(s) 
[2026-04-03T03:18:46.213+0600][45.765s][info][gc,marking  ] GC(119) y: Mark Stack Usage: 32M
[2026-04-03T03:18:46.213+0600][45.765s][info][gc,nmethod  ] GC(119) y: NMethods: 6567 registered, 737 unregistered
[2026-04-03T03:18:46.213+0600][45.765s][info][gc,metaspace] GC(119) y: Metaspace: 71M used, 72M committed, 1088M reserved
[2026-04-03T03:18:46.213+0600][45.765s][info][gc,reloc    ] GC(119) y:                        Candidates     Selected     In-Place         Size        Empty    Relocated 
[2026-04-03T03:18:46.213+0600][45.765s][info][gc,reloc    ] GC(119) y: Small Pages:                   58           50            0         116M          10M           4M 
[2026-04-03T03:18:46.213+0600][45.765s][info][gc,reloc    ] GC(119) y: Medium Pages:                   0            0            0           0M           0M           0M 
[2026-04-03T03:18:46.213+0600][45.765s][info][gc,reloc    ] GC(119) y: Large Pages:                    0            0            0           0M           0M           0M 
[2026-04-03T03:18:46.213+0600][45.766s][info][gc,reloc    ] GC(119) y: Forwarding Usage: 4M
[2026-04-03T03:18:46.213+0600][45.766s][info][gc,reloc    ] GC(119) y: Age Table:
[2026-04-03T03:18:46.213+0600][45.766s][info][gc,reloc    ] GC(119) y:                    Live             Garbage             Small              Medium             Large        
[2026-04-03T03:18:46.213+0600][45.766s][info][gc,reloc    ] GC(119) y: Eden               4M (0%)          107M (11%)         56 / 49             0 / 0              0 / 0        
[2026-04-03T03:18:46.213+0600][45.766s][info][gc,reloc    ] GC(119) y: Survivor 1         0M (0%)            3M (0%)           2 / 1              0 / 0              0 / 0        
[2026-04-03T03:18:46.213+0600][45.766s][info][gc,heap     ] GC(119) y: Min Capacity: 8M(1%)
[2026-04-03T03:18:46.213+0600][45.766s][info][gc,heap     ] GC(119) y: Max Capacity: 1000M(100%)
[2026-04-03T03:18:46.213+0600][45.766s][info][gc,heap     ] GC(119) y: Soft Max Capacity: 1000M(100%)
[2026-04-03T03:18:46.213+0600][45.766s][info][gc,heap     ] GC(119) y: Heap Statistics:
[2026-04-03T03:18:46.213+0600][45.766s][info][gc,heap     ] GC(119) y:                Mark Start          Mark End        Relocate Start      Relocate End           High               Low         
[2026-04-03T03:18:46.213+0600][45.766s][info][gc,heap     ] GC(119) y:  Capacity:     1000M (100%)       1000M (100%)       1000M (100%)       1000M (100%)       1000M (100%)       1000M (100%)   
[2026-04-03T03:18:46.213+0600][45.766s][info][gc,heap     ] GC(119) y:      Free:      500M (50%)         400M (40%)         398M (40%)         460M (46%)         500M (50%)         390M (39%)    
[2026-04-03T03:18:46.213+0600][45.766s][info][gc,heap     ] GC(119) y:      Used:      500M (50%)         600M (60%)         602M (60%)         540M (54%)         610M (61%)         500M (50%)    
[2026-04-03T03:18:46.213+0600][45.766s][info][gc,heap     ] GC(119) y: Young Generation Statistics:
[2026-04-03T03:18:46.213+0600][45.766s][info][gc,heap     ] GC(119) y:                Mark Start          Mark End        Relocate Start      Relocate End    
[2026-04-03T03:18:46.213+0600][45.766s][info][gc,heap     ] GC(119) y:      Used:      116M (12%)         216M (22%)         218M (22%)         156M (16%)    
[2026-04-03T03:18:46.213+0600][45.766s][info][gc,heap     ] GC(119) y:      Live:         -                 4M (0%)            4M (0%)            4M (0%)     
[2026-04-03T03:18:46.213+0600][45.766s][info][gc,heap     ] GC(119) y:   Garbage:         -               111M (11%)         101M (10%)           0M (0%)     
[2026-04-03T03:18:46.214+0600][45.766s][info][gc,heap     ] GC(119) y: Allocated:         -               100M (10%)         112M (11%)         151M (15%)    
[2026-04-03T03:18:46.214+0600][45.766s][info][gc,heap     ] GC(119) y: Reclaimed:         -                  -                10M (1%)          111M (11%)    
[2026-04-03T03:18:46.214+0600][45.766s][info][gc,heap     ] GC(119) y:  Promoted:         -                  -                 0M (0%)            0M (0%)     
[2026-04-03T03:18:46.214+0600][45.766s][info][gc,heap     ] GC(119) y: Compacted:         -                  -                  -                 4M (0%)     
[2026-04-03T03:18:46.214+0600][45.766s][info][gc,phases   ] GC(119) y: Young Generation 500M(50%)->540M(54%) 0.121s
[2026-04-03T03:18:46.214+0600][45.766s][info][gc          ] GC(119) Minor Collection (Allocation Rate) 500M(50%)->540M(54%) 0.121s
[2026-04-03T03:18:46.329+0600][45.881s][info][gc          ] GC(120) Minor Collection (Allocation Rate)
[2026-04-03T03:18:46.329+0600][45.882s][info][gc,task     ] GC(120) Using 2 Workers for Young Generation
[2026-04-03T03:18:46.329+0600][45.882s][info][gc,phases   ] GC(120) y: Young Generation
[2026-04-03T03:18:46.330+0600][45.882s][info][gc,phases   ] GC(120) y: Pause Mark Start 0.026ms
[2026-04-03T03:18:46.494+0600][46.046s][info][gc,phases   ] GC(120) y: Concurrent Mark 164.107ms
[2026-04-03T03:18:46.494+0600][46.047s][info][gc,phases   ] GC(120) y: Pause Mark End 0.030ms
[2026-04-03T03:18:46.495+0600][46.047s][info][gc,phases   ] GC(120) y: Concurrent Mark Free 0.004ms
[2026-04-03T03:18:46.495+0600][46.047s][info][gc,phases   ] GC(120) y: Concurrent Reset Relocation Set 0.022ms
[2026-04-03T03:18:46.497+0600][46.049s][info][gc,reloc    ] GC(120) y: Using tenuring threshold: 3 (Computed)
[2026-04-03T03:18:46.510+0600][46.062s][info][gc,phases   ] GC(120) y: Concurrent Select Relocation Set 14.911ms
[2026-04-03T03:18:46.510+0600][46.062s][info][gc,phases   ] GC(120) y: Pause Relocate Start 0.031ms
[2026-04-03T03:18:46.563+0600][46.115s][info][gc,phases   ] GC(120) y: Concurrent Relocate 52.424ms
[2026-04-03T03:18:46.563+0600][46.115s][info][gc,alloc    ] GC(120) y:                         Mark Start        Mark End      Relocate Start    Relocate End   
[2026-04-03T03:18:46.563+0600][46.115s][info][gc,alloc    ] GC(120) y: Allocation Stalls:          0                0                0                0         
[2026-04-03T03:18:46.563+0600][46.115s][info][gc,load     ] GC(120) y: Load: 4.83 (40%) / 5.03 (42%) / 5.50 (46%)
[2026-04-03T03:18:46.563+0600][46.115s][info][gc,mmu      ] GC(120) y: MMU: 2ms/90.5%, 5ms/96.2%, 10ms/98.1%, 20ms/98.7%, 50ms/99.5%, 100ms/99.6%
[2026-04-03T03:18:46.563+0600][46.115s][info][gc,marking  ] GC(120) y: Mark: 2 stripe(s), 2 proactive flush(es), 1 terminate flush(es), 0 completion(s), 0 continuation(s) 
[2026-04-03T03:18:46.563+0600][46.115s][info][gc,marking  ] GC(120) y: Mark Stack Usage: 32M
[2026-04-03T03:18:46.563+0600][46.115s][info][gc,nmethod  ] GC(120) y: NMethods: 6574 registered, 737 unregistered
[2026-04-03T03:18:46.563+0600][46.115s][info][gc,metaspace] GC(120) y: Metaspace: 71M used, 72M committed, 1088M reserved
[2026-04-03T03:18:46.563+0600][46.115s][info][gc,reloc    ] GC(120) y:                        Candidates     Selected     In-Place         Size        Empty    Relocated 
[2026-04-03T03:18:46.563+0600][46.115s][info][gc,reloc    ] GC(120) y: Small Pages:                  120          104            0         240M           0M          16M 
[2026-04-03T03:18:46.563+0600][46.115s][info][gc,reloc    ] GC(120) y: Medium Pages:                   1            0            0          16M           0M           0M 
[2026-04-03T03:18:46.563+0600][46.115s][info][gc,reloc    ] GC(120) y: Large Pages:                    2            0            0          10M           4M           0M 
[2026-04-03T03:18:46.563+0600][46.115s][info][gc,reloc    ] GC(120) y: Forwarding Usage: 17M
[2026-04-03T03:18:46.563+0600][46.115s][info][gc,reloc    ] GC(120) y: Age Table:
[2026-04-03T03:18:46.563+0600][46.115s][info][gc,reloc    ] GC(120) y:                    Live             Garbage             Small              Medium             Large        
[2026-04-03T03:18:46.563+0600][46.115s][info][gc,reloc    ] GC(120) y: Eden              29M (3%)          224M (22%)        114 / 100            1 / 0              2 / 0        
[2026-04-03T03:18:46.563+0600][46.115s][info][gc,reloc    ] GC(120) y: Survivor 1         3M (0%)            6M (1%)           5 / 3              0 / 0              0 / 0        
[2026-04-03T03:18:46.563+0600][46.115s][info][gc,reloc    ] GC(120) y: Survivor 2         0M (0%)            1M (0%)           1 / 1              0 / 0              0 / 0        
[2026-04-03T03:18:46.563+0600][46.115s][info][gc,heap     ] GC(120) y: Min Capacity: 8M(1%)
[2026-04-03T03:18:46.563+0600][46.115s][info][gc,heap     ] GC(120) y: Max Capacity: 1000M(100%)
[2026-04-03T03:18:46.563+0600][46.115s][info][gc,heap     ] GC(120) y: Soft Max Capacity: 1000M(100%)
[2026-04-03T03:18:46.563+0600][46.115s][info][gc,heap     ] GC(120) y: Heap Statistics:
[2026-04-03T03:18:46.563+0600][46.115s][info][gc,heap     ] GC(120) y:                Mark Start          Mark End        Relocate Start      Relocate End           High               Low         
[2026-04-03T03:18:46.563+0600][46.115s][info][gc,heap     ] GC(120) y:  Capacity:     1000M (100%)       1000M (100%)       1000M (100%)       1000M (100%)       1000M (100%)       1000M (100%)   
[2026-04-03T03:18:46.563+0600][46.115s][info][gc,heap     ] GC(120) y:      Free:      350M (35%)         212M (21%)         210M (21%)         376M (38%)         380M (38%)         198M (20%)    
[2026-04-03T03:18:46.563+0600][46.115s][info][gc,heap     ] GC(120) y:      Used:      650M (65%)         788M (79%)         790M (79%)         624M (62%)         802M (80%)         620M (62%)    
[2026-04-03T03:18:46.563+0600][46.115s][info][gc,heap     ] GC(120) y: Young Generation Statistics:
[2026-04-03T03:18:46.563+0600][46.115s][info][gc,heap     ] GC(120) y:                Mark Start          Mark End        Relocate Start      Relocate End    
[2026-04-03T03:18:46.563+0600][46.115s][info][gc,heap     ] GC(120) y:      Used:      266M (27%)         404M (40%)         406M (41%)         240M (24%)    
[2026-04-03T03:18:46.563+0600][46.115s][info][gc,heap     ] GC(120) y:      Live:         -                33M (3%)           33M (3%)           33M (3%)     
[2026-04-03T03:18:46.563+0600][46.115s][info][gc,heap     ] GC(120) y:   Garbage:         -               232M (23%)         228M (23%)          16M (2%)     
[2026-04-03T03:18:46.563+0600][46.115s][info][gc,heap     ] GC(120) y: Allocated:         -               138M (14%)         144M (14%)         189M (19%)    
[2026-04-03T03:18:46.563+0600][46.115s][info][gc,heap     ] GC(120) y: Reclaimed:         -                  -                 4M (0%)          215M (22%)    
[2026-04-03T03:18:46.563+0600][46.115s][info][gc,heap     ] GC(120) y:  Promoted:         -                  -                 0M (0%)            0M (0%)     
[2026-04-03T03:18:46.563+0600][46.115s][info][gc,heap     ] GC(120) y: Compacted:         -                  -                  -                24M (2%)     
[2026-04-03T03:18:46.563+0600][46.115s][info][gc,phases   ] GC(120) y: Young Generation 650M(65%)->624M(62%) 0.233s
[2026-04-03T03:18:46.563+0600][46.116s][info][gc          ] GC(120) Minor Collection (Allocation Rate) 650M(65%)->626M(63%) 0.234s
[2026-04-03T03:18:46.563+0600][46.116s][info][gc          ] GC(121) Minor Collection (Allocation Rate)
[2026-04-03T03:18:46.564+0600][46.116s][info][gc,task     ] GC(121) Using 2 Workers for Young Generation
[2026-04-03T03:18:46.564+0600][46.116s][info][gc,phases   ] GC(121) y: Young Generation
[2026-04-03T03:18:46.564+0600][46.116s][info][gc,phases   ] GC(121) y: Pause Mark Start 0.042ms
[2026-04-03T03:18:46.853+0600][46.405s][info][gc,phases   ] GC(121) y: Concurrent Mark 288.938ms
[2026-04-03T03:18:46.853+0600][46.406s][info][gc,phases   ] GC(121) y: Pause Mark End 0.039ms
[2026-04-03T03:18:46.877+0600][46.429s][info][gc,phases   ] GC(121) y: Concurrent Mark Free 0.004ms
[2026-04-03T03:18:46.877+0600][46.429s][info][gc,phases   ] GC(121) y: Concurrent Reset Relocation Set 0.031ms
[2026-04-03T03:18:46.883+0600][46.436s][info][gc,reloc    ] GC(121) y: Using tenuring threshold: 3 (Computed)
[2026-04-03T03:18:46.886+0600][46.438s][info][gc,phases   ] GC(121) y: Concurrent Select Relocation Set 9.173ms
[2026-04-03T03:18:46.887+0600][46.439s][info][gc,phases   ] GC(121) y: Pause Relocate Start 0.037ms
[2026-04-03T03:18:46.914+0600][46.466s][info][gc,phases   ] GC(121) y: Concurrent Relocate 27.257ms
[2026-04-03T03:18:46.914+0600][46.466s][info][gc,alloc    ] GC(121) y:                         Mark Start        Mark End      Relocate Start    Relocate End   
[2026-04-03T03:18:46.914+0600][46.466s][info][gc,alloc    ] GC(121) y: Allocation Stalls:          0                0                0                0         
[2026-04-03T03:18:46.914+0600][46.466s][info][gc,load     ] GC(121) y: Load: 4.83 (40%) / 5.03 (42%) / 5.50 (46%)
[2026-04-03T03:18:46.914+0600][46.466s][info][gc,mmu      ] GC(121) y: MMU: 2ms/90.5%, 5ms/96.2%, 10ms/98.1%, 20ms/98.7%, 50ms/99.5%, 100ms/99.6%
[2026-04-03T03:18:46.914+0600][46.466s][info][gc,marking  ] GC(121) y: Mark: 2 stripe(s), 2 proactive flush(es), 1 terminate flush(es), 0 completion(s), 0 continuation(s) 
[2026-04-03T03:18:46.914+0600][46.466s][info][gc,marking  ] GC(121) y: Mark Stack Usage: 32M
[2026-04-03T03:18:46.914+0600][46.467s][info][gc,nmethod  ] GC(121) y: NMethods: 6575 registered, 737 unregistered
[2026-04-03T03:18:46.914+0600][46.467s][info][gc,metaspace] GC(121) y: Metaspace: 71M used, 72M committed, 1088M reserved
[2026-04-03T03:18:46.914+0600][46.467s][info][gc,reloc    ] GC(121) y:                        Candidates     Selected     In-Place         Size        Empty    Relocated 
[2026-04-03T03:18:46.914+0600][46.467s][info][gc,reloc    ] GC(121) y: Small Pages:                   92           74            0         184M           0M           7M 
[2026-04-03T03:18:46.914+0600][46.467s][info][gc,reloc    ] GC(121) y: Medium Pages:                   2            0            0          32M          16M           0M 
[2026-04-03T03:18:46.914+0600][46.467s][info][gc,reloc    ] GC(121) y: Large Pages:                    3            0            0          26M           0M           0M 
[2026-04-03T03:18:46.914+0600][46.467s][info][gc,reloc    ] GC(121) y: Forwarding Usage: 7M
[2026-04-03T03:18:46.914+0600][46.467s][info][gc,reloc    ] GC(121) y: Age Table:
[2026-04-03T03:18:46.914+0600][46.467s][info][gc,reloc    ] GC(121) y:                    Live             Garbage             Small              Medium             Large        
[2026-04-03T03:18:46.914+0600][46.467s][info][gc,reloc    ] GC(121) y: Eden              26M (3%)          147M (15%)         69 / 65             1 / 0              2 / 0        
[2026-04-03T03:18:46.914+0600][46.467s][info][gc,reloc    ] GC(121) y: Survivor 1        28M (3%)           25M (3%)          16 / 4              1 / 0              1 / 0        
[2026-04-03T03:18:46.914+0600][46.467s][info][gc,reloc    ] GC(121) y: Survivor 2         3M (0%)            8M (1%)           6 / 4              0 / 0              0 / 0        
[2026-04-03T03:18:46.914+0600][46.467s][info][gc,reloc    ] GC(121) y: Survivor 3         0M (0%)            1M (0%)           1 / 1              0 / 0              0 / 0        
[2026-04-03T03:18:46.914+0600][46.467s][info][gc,heap     ] GC(121) y: Min Capacity: 8M(1%)
[2026-04-03T03:18:46.914+0600][46.467s][info][gc,heap     ] GC(121) y: Max Capacity: 1000M(100%)
[2026-04-03T03:18:46.914+0600][46.467s][info][gc,heap     ] GC(121) y: Soft Max Capacity: 1000M(100%)
[2026-04-03T03:18:46.914+0600][46.467s][info][gc,heap     ] GC(121) y: Heap Statistics:
[2026-04-03T03:18:46.914+0600][46.467s][info][gc,heap     ] GC(121) y:                Mark Start          Mark End        Relocate Start      Relocate End           High               Low         
[2026-04-03T03:18:46.915+0600][46.467s][info][gc,heap     ] GC(121) y:  Capacity:     1000M (100%)       1000M (100%)       1000M (100%)       1000M (100%)       1000M (100%)       1000M (100%)   
[2026-04-03T03:18:46.915+0600][46.467s][info][gc,heap     ] GC(121) y:      Free:      374M (37%)          60M (6%)           68M (7%)          166M (17%)         374M (37%)          52M (5%)     
[2026-04-03T03:18:46.915+0600][46.467s][info][gc,heap     ] GC(121) y:      Used:      626M (63%)         940M (94%)         932M (93%)         834M (83%)         948M (95%)         626M (63%)    
[2026-04-03T03:18:46.915+0600][46.467s][info][gc,heap     ] GC(121) y: Young Generation Statistics:
[2026-04-03T03:18:46.915+0600][46.467s][info][gc,heap     ] GC(121) y:                Mark Start          Mark End        Relocate Start      Relocate End    
[2026-04-03T03:18:46.915+0600][46.467s][info][gc,heap     ] GC(121) y:      Used:      242M (24%)         556M (56%)         548M (55%)         448M (45%)    
[2026-04-03T03:18:46.915+0600][46.467s][info][gc,heap     ] GC(121) y:      Live:         -                58M (6%)           58M (6%)           58M (6%)     
[2026-04-03T03:18:46.915+0600][46.467s][info][gc,heap     ] GC(121) y:   Garbage:         -               183M (18%)         167M (17%)          17M (2%)     
[2026-04-03T03:18:46.915+0600][46.467s][info][gc,heap     ] GC(121) y: Allocated:         -               314M (31%)         322M (32%)         371M (37%)    
[2026-04-03T03:18:46.915+0600][46.467s][info][gc,heap     ] GC(121) y: Reclaimed:         -                  -                16M (2%)          165M (17%)    
[2026-04-03T03:18:46.915+0600][46.467s][info][gc,heap     ] GC(121) y:  Promoted:         -                  -                 0M (0%)            0M (0%)     
[2026-04-03T03:18:46.915+0600][46.467s][info][gc,heap     ] GC(121) y: Compacted:         -                  -                  -                 8M (1%)     
[2026-04-03T03:18:46.915+0600][46.467s][info][gc,phases   ] GC(121) y: Young Generation 626M(63%)->834M(83%) 0.351s
[2026-04-03T03:18:46.915+0600][46.467s][info][gc          ] GC(121) Minor Collection (Allocation Rate) 626M(63%)->834M(83%) 0.351s
[2026-04-03T03:18:46.915+0600][46.467s][info][gc          ] GC(122) Minor Collection (Allocation Rate)
[2026-04-03T03:18:46.915+0600][46.467s][info][gc,task     ] GC(122) Using 2 Workers for Young Generation
[2026-04-03T03:18:46.915+0600][46.467s][info][gc,phases   ] GC(122) y: Young Generation
[2026-04-03T03:18:46.915+0600][46.468s][info][gc,phases   ] GC(122) y: Pause Mark Start 0.093ms
[2026-04-03T03:18:47.114+0600][46.666s][info][gc,task     ] Adjusting Workers for Old Generation: 1 -> 3
[2026-04-03T03:18:47.114+0600][46.666s][info][gc,task     ] Adjusting Workers for Young Generation: 2 -> 3
[2026-04-03T03:18:47.133+0600][46.685s][info][gc,phases   ] GC(116) O: Concurrent Mark 1355.691ms
[2026-04-03T03:18:47.156+0600][46.708s][info][gc,phases   ] GC(116) O: Pause Mark End 0.033ms
[2026-04-03T03:18:47.156+0600][46.708s][info][gc,phases   ] GC(116) O: Concurrent Mark Free 0.001ms
[2026-04-03T03:18:47.165+0600][46.717s][info][gc,phases   ] GC(116) O: Concurrent Process Non-Strong 8.998ms
[2026-04-03T03:18:47.165+0600][46.717s][info][gc,phases   ] GC(116) O: Concurrent Reset Relocation Set 0.004ms
[2026-04-03T03:18:47.173+0600][46.726s][info][gc,phases   ] GC(116) O: Concurrent Select Relocation Set 8.375ms
[2026-04-03T03:18:47.223+0600][46.776s][info][gc,phases   ] GC(122) y: Concurrent Mark 307.539ms
[2026-04-03T03:18:47.224+0600][46.776s][info][gc,phases   ] GC(122) y: Pause Mark End 0.030ms
[2026-04-03T03:18:47.224+0600][46.776s][info][gc,phases   ] GC(122) y: Concurrent Mark Free 0.002ms
[2026-04-03T03:18:47.224+0600][46.776s][info][gc,phases   ] GC(122) y: Concurrent Reset Relocation Set 0.010ms
[2026-04-03T03:18:47.225+0600][46.777s][info][gc,reloc    ] GC(122) y: Using tenuring threshold: 1 (Computed)
[2026-04-03T03:18:47.225+0600][46.778s][info][gc          ] Allocation Stall (Executor task launch worker for task 0.0 in stage 14.0 (TID 21)) 113.078ms
[2026-04-03T03:18:47.225+0600][46.778s][info][gc          ] Allocation Stall (Executor task launch worker for task 2.0 in stage 14.0 (TID 23)) 120.581ms
[2026-04-03T03:18:47.225+0600][46.778s][info][gc          ] Allocation Stall (Executor task launch worker for task 1.0 in stage 14.0 (TID 22)) 114.843ms
[2026-04-03T03:18:47.253+0600][46.805s][info][gc,phases   ] GC(122) y: Concurrent Select Relocation Set 28.941ms
[2026-04-03T03:18:47.253+0600][46.805s][info][gc,phases   ] GC(122) y: Pause Relocate Start 0.041ms
[2026-04-03T03:18:47.255+0600][46.807s][info][gc          ] Relocation Stall (Executor task launch worker for task 1.0 in stage 14.0 (TID 22)) 1.137ms
[2026-04-03T03:18:47.404+0600][46.956s][info][gc,phases   ] GC(122) y: Concurrent Relocate 150.656ms
[2026-04-03T03:18:47.404+0600][46.956s][info][gc,alloc    ] GC(122) y:                         Mark Start        Mark End      Relocate Start    Relocate End   
[2026-04-03T03:18:47.404+0600][46.956s][info][gc,alloc    ] GC(122) y: Allocation Stalls:          0                3                0                0         
[2026-04-03T03:18:47.404+0600][46.956s][info][gc,load     ] GC(122) y: Load: 4.83 (40%) / 5.03 (42%) / 5.50 (46%)
[2026-04-03T03:18:47.404+0600][46.956s][info][gc,mmu      ] GC(122) y: MMU: 2ms/90.5%, 5ms/96.2%, 10ms/98.1%, 20ms/98.7%, 50ms/99.5%, 100ms/99.6%
[2026-04-03T03:18:47.404+0600][46.956s][info][gc,marking  ] GC(122) y: Mark: 2 stripe(s), 10 proactive flush(es), 1 terminate flush(es), 0 completion(s), 0 continuation(s) 
[2026-04-03T03:18:47.404+0600][46.956s][info][gc,marking  ] GC(122) y: Mark Stack Usage: 32M
[2026-04-03T03:18:47.404+0600][46.956s][info][gc,nmethod  ] GC(122) y: NMethods: 6567 registered, 746 unregistered
[2026-04-03T03:18:47.404+0600][46.956s][info][gc,metaspace] GC(122) y: Metaspace: 71M used, 72M committed, 1088M reserved
[2026-04-03T03:18:47.404+0600][46.956s][info][gc,reloc    ] GC(122) y:                        Candidates     Selected     In-Place         Size        Empty    Relocated 
[2026-04-03T03:18:47.404+0600][46.956s][info][gc,reloc    ] GC(122) y: Small Pages:                  193          168            0         386M           0M          15M 
[2026-04-03T03:18:47.404+0600][46.956s][info][gc,reloc    ] GC(122) y: Medium Pages:                   2            0            0          32M          32M           0M 
[2026-04-03T03:18:47.404+0600][46.956s][info][gc,reloc    ] GC(122) y: Large Pages:                    4            0            0          30M           0M           0M 
[2026-04-03T03:18:47.404+0600][46.956s][info][gc,reloc    ] GC(122) y: Forwarding Usage: 16M
[2026-04-03T03:18:47.404+0600][46.956s][info][gc,reloc    ] GC(122) y: Age Table:
[2026-04-03T03:18:47.404+0600][46.956s][info][gc,reloc    ] GC(122) y:                    Live             Garbage             Small              Medium             Large        
[2026-04-03T03:18:47.404+0600][46.956s][info][gc,reloc    ] GC(122) y: Eden              17M (2%)          330M (33%)        164 / 156            1 / 0              1 / 0        
[2026-04-03T03:18:47.404+0600][46.956s][info][gc,reloc    ] GC(122) y: Survivor 1        25M (3%)           24M (2%)           7 / 4              1 / 0              2 / 0        
[2026-04-03T03:18:47.404+0600][46.956s][info][gc,reloc    ] GC(122) y: Survivor 2        28M (3%)            9M (1%)          16 / 5              0 / 0              1 / 0        
[2026-04-03T03:18:47.404+0600][46.956s][info][gc,reloc    ] GC(122) y: Survivor 3         3M (0%)            8M (1%)           6 / 3              0 / 0              0 / 0        
[2026-04-03T03:18:47.404+0600][46.956s][info][gc,heap     ] GC(122) y: Min Capacity: 8M(1%)
[2026-04-03T03:18:47.404+0600][46.956s][info][gc,heap     ] GC(122) y: Max Capacity: 1000M(100%)
[2026-04-03T03:18:47.404+0600][46.956s][info][gc,heap     ] GC(122) y: Soft Max Capacity: 1000M(100%)
[2026-04-03T03:18:47.404+0600][46.956s][info][gc,heap     ] GC(122) y: Heap Statistics:
[2026-04-03T03:18:47.404+0600][46.957s][info][gc,heap     ] GC(122) y:                Mark Start          Mark End        Relocate Start      Relocate End           High               Low         
[2026-04-03T03:18:47.404+0600][46.957s][info][gc,heap     ] GC(122) y:  Capacity:     1000M (100%)       1000M (100%)       1000M (100%)       1000M (100%)       1000M (100%)       1000M (100%)   
[2026-04-03T03:18:47.404+0600][46.957s][info][gc,heap     ] GC(122) y:      Free:      166M (17%)           0M (0%)            8M (1%)          218M (22%)         296M (30%)           0M (0%)     
[2026-04-03T03:18:47.404+0600][46.957s][info][gc,heap     ] GC(122) y:      Used:      834M (83%)        1000M (100%)        992M (99%)         782M (78%)        1000M (100%)        704M (70%)    
[2026-04-03T03:18:47.404+0600][46.957s][info][gc,heap     ] GC(122) y: Young Generation Statistics:
[2026-04-03T03:18:47.404+0600][46.957s][info][gc,heap     ] GC(122) y:                Mark Start          Mark End        Relocate Start      Relocate End    
[2026-04-03T03:18:47.404+0600][46.957s][info][gc,heap     ] GC(122) y:      Used:      448M (45%)         614M (61%)         552M (55%)         334M (33%)    
[2026-04-03T03:18:47.404+0600][46.957s][info][gc,heap     ] GC(122) y:      Live:         -                74M (7%)           22M (2%)           17M (2%)     
[2026-04-03T03:18:47.404+0600][46.957s][info][gc,heap     ] GC(122) y:   Garbage:         -               373M (37%)         339M (34%)           0M (0%)     
[2026-04-03T03:18:47.404+0600][46.957s][info][gc,heap     ] GC(122) y: Allocated:         -               166M (17%)         190M (19%)         316M (32%)    
[2026-04-03T03:18:47.404+0600][46.957s][info][gc,heap     ] GC(122) y: Reclaimed:         -                  -                34M (3%)          373M (37%)    
[2026-04-03T03:18:47.404+0600][46.957s][info][gc,heap     ] GC(122) y:  Promoted:         -                  -                51M (5%)           57M (6%)     
[2026-04-03T03:18:47.404+0600][46.957s][info][gc,heap     ] GC(122) y: Compacted:         -                  -                  -                13M (1%)     
[2026-04-03T03:18:47.404+0600][46.957s][info][gc,phases   ] GC(122) y: Young Generation 834M(83%)->782M(78%) 0.489s
[2026-04-03T03:18:47.404+0600][46.957s][info][gc          ] GC(122) Minor Collection (Allocation Rate) 834M(83%)->782M(78%) 0.489s
[2026-04-03T03:18:47.404+0600][46.957s][info][gc,task     ] Adjusting Workers for Old Generation: 3 -> 1
[2026-04-03T03:18:47.405+0600][46.957s][info][gc,task     ] GC(116) O: Using 3 Workers for Old Generation
[2026-04-03T03:18:47.455+0600][47.007s][info][gc,task     ] GC(116) O: Using 3 Workers for Old Generation
[2026-04-03T03:18:47.455+0600][47.007s][info][gc,phases   ] GC(116) O: Concurrent Remap Roots 50.375ms
[2026-04-03T03:18:47.455+0600][47.007s][info][gc,phases   ] GC(116) O: Pause Relocate Start 0.058ms
[2026-04-03T03:18:47.456+0600][47.008s][info][gc          ] GC(123) Minor Collection (Allocation Rate)
[2026-04-03T03:18:47.456+0600][47.008s][info][gc,task     ] GC(123) Using 2 Workers for Young Generation
[2026-04-03T03:18:47.456+0600][47.008s][info][gc,phases   ] GC(123) y: Young Generation
[2026-04-03T03:18:47.456+0600][47.008s][info][gc,phases   ] GC(123) y: Pause Mark Start 0.014ms
[2026-04-03T03:18:47.493+0600][47.045s][info][gc,phases   ] GC(116) O: Concurrent Relocate 37.349ms
[2026-04-03T03:18:47.499+0600][47.052s][info][gc,task     ] Adjusting Workers for Young Generation: 2 -> 3
[2026-04-03T03:18:47.617+0600][47.169s][info][gc,phases   ] GC(123) y: Concurrent Mark 160.848ms
[2026-04-03T03:18:47.617+0600][47.169s][info][gc,phases   ] GC(123) y: Pause Mark End 0.040ms
[2026-04-03T03:18:47.617+0600][47.170s][info][gc,phases   ] GC(123) y: Concurrent Mark Free 0.004ms
[2026-04-03T03:18:47.617+0600][47.170s][info][gc,phases   ] GC(123) y: Concurrent Reset Relocation Set 0.069ms
[2026-04-03T03:18:47.620+0600][47.172s][info][gc,reloc    ] GC(123) y: Using tenuring threshold: 2 (Computed)
[2026-04-03T03:18:47.623+0600][47.175s][info][gc,phases   ] GC(123) y: Concurrent Select Relocation Set 5.387ms
[2026-04-03T03:18:47.623+0600][47.175s][info][gc,phases   ] GC(123) y: Pause Relocate Start 0.023ms
[2026-04-03T03:18:47.658+0600][47.211s][info][gc,phases   ] GC(123) y: Concurrent Relocate 34.984ms
[2026-04-03T03:18:47.658+0600][47.211s][info][gc,alloc    ] GC(123) y:                         Mark Start        Mark End      Relocate Start    Relocate End   
[2026-04-03T03:18:47.658+0600][47.211s][info][gc,alloc    ] GC(123) y: Allocation Stalls:          0                0                0                0         
[2026-04-03T03:18:47.658+0600][47.211s][info][gc,load     ] GC(123) y: Load: 4.83 (40%) / 5.03 (42%) / 5.50 (46%)
[2026-04-03T03:18:47.658+0600][47.211s][info][gc,mmu      ] GC(123) y: MMU: 2ms/90.5%, 5ms/96.2%, 10ms/98.1%, 20ms/98.7%, 50ms/99.5%, 100ms/99.6%
[2026-04-03T03:18:47.658+0600][47.211s][info][gc,marking  ] GC(123) y: Mark: 2 stripe(s), 2 proactive flush(es), 1 terminate flush(es), 0 completion(s), 0 continuation(s) 
[2026-04-03T03:18:47.659+0600][47.211s][info][gc,marking  ] GC(123) y: Mark Stack Usage: 32M
[2026-04-03T03:18:47.659+0600][47.211s][info][gc,nmethod  ] GC(123) y: NMethods: 6569 registered, 746 unregistered
[2026-04-03T03:18:47.659+0600][47.211s][info][gc,metaspace] GC(123) y: Metaspace: 71M used, 72M committed, 1088M reserved
[2026-04-03T03:18:47.659+0600][47.211s][info][gc,reloc    ] GC(123) y:                        Candidates     Selected     In-Place         Size        Empty    Relocated 
[2026-04-03T03:18:47.659+0600][47.211s][info][gc,reloc    ] GC(123) y: Small Pages:                  184          169            0         368M           0M          13M 
[2026-04-03T03:18:47.659+0600][47.211s][info][gc,reloc    ] GC(123) y: Medium Pages:                   0            0            0           0M           0M           0M 
[2026-04-03T03:18:47.659+0600][47.211s][info][gc,reloc    ] GC(123) y: Large Pages:                    2            0            0          10M           4M           0M 
[2026-04-03T03:18:47.659+0600][47.211s][info][gc,reloc    ] GC(123) y: Forwarding Usage: 12M
[2026-04-03T03:18:47.659+0600][47.211s][info][gc,reloc    ] GC(123) y: Age Table:
[2026-04-03T03:18:47.659+0600][47.211s][info][gc,reloc    ] GC(123) y:                    Live             Garbage             Small              Medium             Large        
[2026-04-03T03:18:47.659+0600][47.211s][info][gc,reloc    ] GC(123) y: Eden              19M (2%)          330M (33%)        172 / 164            0 / 0              1 / 0        
[2026-04-03T03:18:47.659+0600][47.211s][info][gc,reloc    ] GC(123) y: Survivor 1        11M (1%)           16M (2%)          12 / 5              0 / 0              1 / 0        
[2026-04-03T03:18:47.659+0600][47.211s][info][gc,heap     ] GC(123) y: Min Capacity: 8M(1%)
[2026-04-03T03:18:47.659+0600][47.211s][info][gc,heap     ] GC(123) y: Max Capacity: 1000M(100%)
[2026-04-03T03:18:47.659+0600][47.211s][info][gc,heap     ] GC(123) y: Soft Max Capacity: 1000M(100%)
[2026-04-03T03:18:47.659+0600][47.211s][info][gc,heap     ] GC(123) y: Heap Statistics:
[2026-04-03T03:18:47.659+0600][47.211s][info][gc,heap     ] GC(123) y:                Mark Start          Mark End        Relocate Start      Relocate End           High               Low         
[2026-04-03T03:18:47.659+0600][47.211s][info][gc,heap     ] GC(123) y:  Capacity:     1000M (100%)       1000M (100%)       1000M (100%)       1000M (100%)       1000M (100%)       1000M (100%)   
[2026-04-03T03:18:47.659+0600][47.211s][info][gc,heap     ] GC(123) y:      Free:      174M (17%)          32M (3%)           30M (3%)          324M (32%)         324M (32%)          16M (2%)     
[2026-04-03T03:18:47.659+0600][47.211s][info][gc,heap     ] GC(123) y:      Used:      826M (83%)         968M (97%)         970M (97%)         676M (68%)         984M (98%)         676M (68%)    
[2026-04-03T03:18:47.659+0600][47.211s][info][gc,heap     ] GC(123) y: Young Generation Statistics:
[2026-04-03T03:18:47.659+0600][47.211s][info][gc,heap     ] GC(123) y:                Mark Start          Mark End        Relocate Start      Relocate End    
[2026-04-03T03:18:47.659+0600][47.211s][info][gc,heap     ] GC(123) y:      Used:      378M (38%)         530M (53%)         532M (53%)         238M (24%)    
[2026-04-03T03:18:47.659+0600][47.211s][info][gc,heap     ] GC(123) y:      Live:         -                30M (3%)           30M (3%)           30M (3%)     
[2026-04-03T03:18:47.659+0600][47.211s][info][gc,heap     ] GC(123) y:   Garbage:         -               347M (35%)         343M (34%)           1M (0%)     
[2026-04-03T03:18:47.659+0600][47.211s][info][gc,heap     ] GC(123) y: Allocated:         -               152M (15%)         158M (16%)         205M (21%)    
[2026-04-03T03:18:47.659+0600][47.211s][info][gc,heap     ] GC(123) y: Reclaimed:         -                  -                 4M (0%)          345M (35%)    
[2026-04-03T03:18:47.659+0600][47.211s][info][gc,heap     ] GC(123) y:  Promoted:         -                  -                 0M (0%)            0M (0%)     
[2026-04-03T03:18:47.659+0600][47.211s][info][gc,heap     ] GC(123) y: Compacted:         -                  -                  -                14M (1%)     
[2026-04-03T03:18:47.659+0600][47.211s][info][gc,phases   ] GC(123) y: Young Generation 830M(83%)->676M(68%) 0.203s
[2026-04-03T03:18:47.659+0600][47.211s][info][gc          ] GC(123) Minor Collection (Allocation Rate) 826M(83%)->676M(68%) 0.203s
[2026-04-03T03:18:47.659+0600][47.211s][info][gc,alloc    ] GC(116) O:                         Mark Start        Mark End      Relocate Start    Relocate End   
[2026-04-03T03:18:47.659+0600][47.211s][info][gc,alloc    ] GC(116) O: Allocation Stalls:          0                3                0                0         
[2026-04-03T03:18:47.659+0600][47.211s][info][gc,load     ] GC(116) O: Load: 4.83 (40%) / 5.03 (42%) / 5.50 (46%)
[2026-04-03T03:18:47.659+0600][47.211s][info][gc,mmu      ] GC(116) O: MMU: 2ms/90.5%, 5ms/96.2%, 10ms/98.1%, 20ms/98.7%, 50ms/99.5%, 100ms/99.6%
[2026-04-03T03:18:47.659+0600][47.211s][info][gc,marking  ] GC(116) O: Mark: 2 stripe(s), 2 proactive flush(es), 1 terminate flush(es), 0 completion(s), 0 continuation(s) 
[2026-04-03T03:18:47.659+0600][47.211s][info][gc,marking  ] GC(116) O: Mark Stack Usage: 32M
[2026-04-03T03:18:47.659+0600][47.211s][info][gc,nmethod  ] GC(116) O: NMethods: 6569 registered, 746 unregistered
[2026-04-03T03:18:47.659+0600][47.211s][info][gc,metaspace] GC(116) O: Metaspace: 71M used, 72M committed, 1088M reserved
[2026-04-03T03:18:47.659+0600][47.211s][info][gc,ref      ] GC(116) O:                       Encountered   Discovered     Enqueued 
[2026-04-03T03:18:47.659+0600][47.211s][info][gc,ref      ] GC(116) O: Soft References:             5095            0            0 
[2026-04-03T03:18:47.659+0600][47.211s][info][gc,ref      ] GC(116) O: Weak References:             6542         1426           23 
[2026-04-03T03:18:47.659+0600][47.211s][info][gc,ref      ] GC(116) O: Final References:              84            0            0 
[2026-04-03T03:18:47.659+0600][47.211s][info][gc,ref      ] GC(116) O: Phantom References:           607          480            0 
[2026-04-03T03:18:47.659+0600][47.211s][info][gc,reloc    ] GC(116) O:                        Candidates     Selected     In-Place         Size        Empty    Relocated 
[2026-04-03T03:18:47.659+0600][47.211s][info][gc,reloc    ] GC(116) O: Small Pages:                  140            8            0         280M           0M           4M 
[2026-04-03T03:18:47.659+0600][47.211s][info][gc,reloc    ] GC(116) O: Medium Pages:                   1            0            0          16M           0M           0M 
[2026-04-03T03:18:47.659+0600][47.211s][info][gc,reloc    ] GC(116) O: Large Pages:                    4            0            0          34M           0M           0M 
[2026-04-03T03:18:47.659+0600][47.212s][info][gc,reloc    ] GC(116) O: Forwarding Usage: 5M
[2026-04-03T03:18:47.659+0600][47.212s][info][gc,heap     ] GC(116) O: Min Capacity: 8M(1%)
[2026-04-03T03:18:47.659+0600][47.212s][info][gc,heap     ] GC(116) O: Max Capacity: 1000M(100%)
[2026-04-03T03:18:47.659+0600][47.212s][info][gc,heap     ] GC(116) O: Soft Max Capacity: 1000M(100%)
[2026-04-03T03:18:47.659+0600][47.212s][info][gc,heap     ] GC(116) O: Heap Statistics:
[2026-04-03T03:18:47.659+0600][47.212s][info][gc,heap     ] GC(116) O:                Mark Start          Mark End        Relocate Start      Relocate End           High               Low         
[2026-04-03T03:18:47.659+0600][47.212s][info][gc,heap     ] GC(116) O:  Capacity:     1000M (100%)       1000M (100%)       1000M (100%)       1000M (100%)       1000M (100%)       1000M (100%)   
[2026-04-03T03:18:47.659+0600][47.212s][info][gc,heap     ] GC(116) O:      Free:      518M (52%)           0M (0%)          174M (17%)         150M (15%)         598M (60%)           0M (0%)     
[2026-04-03T03:18:47.659+0600][47.212s][info][gc,heap     ] GC(116) O:      Used:      482M (48%)        1000M (100%)        826M (83%)         850M (85%)        1000M (100%)        402M (40%)    
[2026-04-03T03:18:47.659+0600][47.212s][info][gc,heap     ] GC(116) O: Old Generation Statistics:
[2026-04-03T03:18:47.659+0600][47.212s][info][gc,heap     ] GC(116) O:                Mark Start          Mark End        Relocate Start      Relocate End    
[2026-04-03T03:18:47.659+0600][47.212s][info][gc,heap     ] GC(116) O:      Used:      330M (33%)         386M (39%)         448M (45%)         438M (44%)    
[2026-04-03T03:18:47.659+0600][47.212s][info][gc,heap     ] GC(116) O:      Live:         -               299M (30%)         299M (30%)         299M (30%)    
[2026-04-03T03:18:47.659+0600][47.212s][info][gc,heap     ] GC(116) O:   Garbage:         -                30M (3%)           30M (3%)           12M (1%)     
[2026-04-03T03:18:47.659+0600][47.212s][info][gc,heap     ] GC(116) O: Allocated:         -                56M (6%)          118M (12%)         126M (13%)    
[2026-04-03T03:18:47.659+0600][47.212s][info][gc,heap     ] GC(116) O: Reclaimed:         -                  -                 0M (0%)           18M (2%)     
[2026-04-03T03:18:47.660+0600][47.212s][info][gc,heap     ] GC(116) O: Compacted:         -                  -                  -                11M (1%)     
[2026-04-03T03:18:47.660+0600][47.212s][info][gc,phases   ] GC(116) O: Old Generation 448M(45%)->850M(85%) 1.882s
[2026-04-03T03:18:47.660+0600][47.212s][info][gc          ] GC(116) Major Collection (Allocation Rate) 482M(48%)->678M(68%) 2.135s
[2026-04-03T03:18:47.662+0600][47.214s][info][gc          ] GC(124) Major Collection (Allocation Rate)
[2026-04-03T03:18:47.662+0600][47.214s][info][gc,task     ] GC(124) Using 3 Workers for Young Generation
[2026-04-03T03:18:47.662+0600][47.214s][info][gc,task     ] GC(124) Using 1 Workers for Old Generation
[2026-04-03T03:18:47.662+0600][47.214s][info][gc,phases   ] GC(124) Y: Young Generation
[2026-04-03T03:18:47.662+0600][47.215s][info][gc,phases   ] GC(124) Y: Pause Mark Start (Major) 0.036ms
[2026-04-03T03:18:47.875+0600][47.427s][info][gc,phases   ] GC(124) Y: Concurrent Mark 212.554ms
[2026-04-03T03:18:47.876+0600][47.428s][info][gc,phases   ] GC(124) Y: Pause Mark End 0.035ms
[2026-04-03T03:18:47.876+0600][47.428s][info][gc,phases   ] GC(124) Y: Concurrent Mark Free 0.002ms
[2026-04-03T03:18:47.876+0600][47.428s][info][gc,phases   ] GC(124) Y: Concurrent Reset Relocation Set 0.043ms
[2026-04-03T03:18:47.882+0600][47.435s][info][gc,reloc    ] GC(124) Y: Using tenuring threshold: 1 (Computed)
[2026-04-03T03:18:47.906+0600][47.458s][info][gc,phases   ] GC(124) Y: Concurrent Select Relocation Set 29.721ms
[2026-04-03T03:18:47.906+0600][47.458s][info][gc,phases   ] GC(124) Y: Pause Relocate Start 0.039ms
[2026-04-03T03:18:47.970+0600][47.522s][info][gc,phases   ] GC(124) Y: Concurrent Relocate 63.593ms
[2026-04-03T03:18:47.970+0600][47.522s][info][gc,alloc    ] GC(124) Y:                         Mark Start        Mark End      Relocate Start    Relocate End   
[2026-04-03T03:18:47.970+0600][47.522s][info][gc,alloc    ] GC(124) Y: Allocation Stalls:          0                0                0                0         
[2026-04-03T03:18:47.970+0600][47.522s][info][gc,load     ] GC(124) Y: Load: 4.83 (40%) / 5.03 (42%) / 5.50 (46%)
[2026-04-03T03:18:47.970+0600][47.522s][info][gc,mmu      ] GC(124) Y: MMU: 2ms/90.5%, 5ms/96.2%, 10ms/98.1%, 20ms/98.7%, 50ms/99.5%, 100ms/99.6%
[2026-04-03T03:18:47.970+0600][47.522s][info][gc,marking  ] GC(124) Y: Mark: 2 stripe(s), 2 proactive flush(es), 1 terminate flush(es), 0 completion(s), 0 continuation(s) 
[2026-04-03T03:18:47.970+0600][47.522s][info][gc,marking  ] GC(124) Y: Mark Stack Usage: 32M
[2026-04-03T03:18:47.970+0600][47.522s][info][gc,nmethod  ] GC(124) Y: NMethods: 6570 registered, 746 unregistered
[2026-04-03T03:18:47.970+0600][47.522s][info][gc,metaspace] GC(124) Y: Metaspace: 71M used, 72M committed, 1088M reserved
[2026-04-03T03:18:47.970+0600][47.522s][info][gc,reloc    ] GC(124) Y:                        Candidates     Selected     In-Place         Size        Empty    Relocated 
[2026-04-03T03:18:47.970+0600][47.522s][info][gc,reloc    ] GC(124) Y: Small Pages:                  119          101            0         238M           0M           9M 
[2026-04-03T03:18:47.970+0600][47.522s][info][gc,reloc    ] GC(124) Y: Medium Pages:                   0            0            0           0M           0M           0M 
[2026-04-03T03:18:47.970+0600][47.522s][info][gc,reloc    ] GC(124) Y: Large Pages:                    1            0            0           6M           0M           0M 
[2026-04-03T03:18:47.970+0600][47.522s][info][gc,reloc    ] GC(124) Y: Forwarding Usage: 9M
[2026-04-03T03:18:47.970+0600][47.522s][info][gc,reloc    ] GC(124) Y: Age Table:
[2026-04-03T03:18:47.970+0600][47.522s][info][gc,reloc    ] GC(124) Y:                    Live             Garbage             Small              Medium             Large        
[2026-04-03T03:18:47.970+0600][47.522s][info][gc,reloc    ] GC(124) Y: Eden               8M (1%)          181M (18%)         95 / 90             0 / 0              0 / 0        
[2026-04-03T03:18:47.970+0600][47.522s][info][gc,reloc    ] GC(124) Y: Survivor 1        17M (2%)           12M (1%)          12 / 6              0 / 0              1 / 0        
[2026-04-03T03:18:47.970+0600][47.522s][info][gc,reloc    ] GC(124) Y: Survivor 2        11M (1%)           12M (1%)          12 / 5              0 / 0              0 / 0        
[2026-04-03T03:18:47.970+0600][47.523s][info][gc,heap     ] GC(124) Y: Min Capacity: 8M(1%)
[2026-04-03T03:18:47.970+0600][47.523s][info][gc,heap     ] GC(124) Y: Max Capacity: 1000M(100%)
[2026-04-03T03:18:47.970+0600][47.523s][info][gc,heap     ] GC(124) Y: Soft Max Capacity: 1000M(100%)
[2026-04-03T03:18:47.970+0600][47.523s][info][gc,heap     ] GC(124) Y: Heap Statistics:
[2026-04-03T03:18:47.970+0600][47.523s][info][gc,heap     ] GC(124) Y:                Mark Start          Mark End        Relocate Start      Relocate End           High               Low         
[2026-04-03T03:18:47.970+0600][47.523s][info][gc,heap     ] GC(124) Y:  Capacity:     1000M (100%)       1000M (100%)       1000M (100%)       1000M (100%)       1000M (100%)       1000M (100%)   
[2026-04-03T03:18:47.970+0600][47.523s][info][gc,heap     ] GC(124) Y:      Free:      318M (32%)         112M (11%)          80M (8%)          206M (21%)         318M (32%)          64M (6%)     
[2026-04-03T03:18:47.970+0600][47.523s][info][gc,heap     ] GC(124) Y:      Used:      682M (68%)         888M (89%)         920M (92%)         794M (79%)         936M (94%)         682M (68%)    
[2026-04-03T03:18:47.970+0600][47.523s][info][gc,heap     ] GC(124) Y: Young Generation Statistics:
[2026-04-03T03:18:47.970+0600][47.523s][info][gc,heap     ] GC(124) Y:                Mark Start          Mark End        Relocate Start      Relocate End    
[2026-04-03T03:18:47.970+0600][47.523s][info][gc,heap     ] GC(124) Y:      Used:      244M (24%)         450M (45%)         452M (45%)         314M (31%)    
[2026-04-03T03:18:47.970+0600][47.523s][info][gc,heap     ] GC(124) Y:      Live:         -                37M (4%)           10M (1%)            8M (1%)     
[2026-04-03T03:18:47.970+0600][47.523s][info][gc,heap     ] GC(124) Y:   Garbage:         -               206M (21%)         203M (20%)           0M (0%)     
[2026-04-03T03:18:47.970+0600][47.523s][info][gc,heap     ] GC(124) Y: Allocated:         -               206M (21%)         238M (24%)         305M (31%)    
[2026-04-03T03:18:47.970+0600][47.523s][info][gc,heap     ] GC(124) Y: Reclaimed:         -                  -                 3M (0%)          206M (21%)    
[2026-04-03T03:18:47.970+0600][47.523s][info][gc,heap     ] GC(124) Y:  Promoted:         -                  -                26M (3%)           29M (3%)     
[2026-04-03T03:18:47.970+0600][47.523s][info][gc,heap     ] GC(124) Y: Compacted:         -                  -                  -                 8M (1%)     
[2026-04-03T03:18:47.970+0600][47.523s][info][gc,phases   ] GC(124) Y: Young Generation 682M(68%)->794M(79%) 0.308s
[2026-04-03T03:18:47.970+0600][47.523s][info][gc,phases   ] GC(124) O: Old Generation
[2026-04-03T03:18:47.973+0600][47.525s][info][gc          ] GC(125) Minor Collection (Allocation Rate)
[2026-04-03T03:18:47.973+0600][47.525s][info][gc,task     ] GC(125) Using 2 Workers for Young Generation
[2026-04-03T03:18:47.973+0600][47.526s][info][gc,phases   ] GC(125) y: Young Generation
[2026-04-03T03:18:47.974+0600][47.526s][info][gc,phases   ] GC(125) y: Pause Mark Start 0.038ms
[2026-04-03T03:18:48.171+0600][47.723s][info][gc,phases   ] GC(125) y: Concurrent Mark 197.289ms
[2026-04-03T03:18:48.171+0600][47.724s][info][gc,phases   ] GC(125) y: Pause Mark End 0.057ms
[2026-04-03T03:18:48.172+0600][47.724s][info][gc,phases   ] GC(125) y: Concurrent Mark Free 0.002ms
[2026-04-03T03:18:48.172+0600][47.724s][info][gc,phases   ] GC(125) y: Concurrent Reset Relocation Set 0.066ms
[2026-04-03T03:18:48.179+0600][47.731s][info][gc,reloc    ] GC(125) y: Using tenuring threshold: 2 (Computed)
[2026-04-03T03:18:48.181+0600][47.733s][info][gc,phases   ] GC(125) y: Concurrent Select Relocation Set 9.269ms
[2026-04-03T03:18:48.181+0600][47.734s][info][gc,phases   ] GC(125) y: Pause Relocate Start 0.030ms
[2026-04-03T03:18:48.217+0600][47.769s][info][gc,phases   ] GC(125) y: Concurrent Relocate 35.618ms
[2026-04-03T03:18:48.217+0600][47.770s][info][gc,alloc    ] GC(125) y:                         Mark Start        Mark End      Relocate Start    Relocate End   
[2026-04-03T03:18:48.217+0600][47.770s][info][gc,alloc    ] GC(125) y: Allocation Stalls:          0                0                0                0         
[2026-04-03T03:18:48.217+0600][47.770s][info][gc,load     ] GC(125) y: Load: 4.83 (40%) / 5.03 (42%) / 5.50 (46%)
[2026-04-03T03:18:48.217+0600][47.770s][info][gc,mmu      ] GC(125) y: MMU: 2ms/90.5%, 5ms/96.2%, 10ms/98.1%, 20ms/98.7%, 50ms/99.5%, 100ms/99.6%
[2026-04-03T03:18:48.217+0600][47.770s][info][gc,marking  ] GC(125) y: Mark: 2 stripe(s), 2 proactive flush(es), 1 terminate flush(es), 0 completion(s), 0 continuation(s) 
[2026-04-03T03:18:48.217+0600][47.770s][info][gc,marking  ] GC(125) y: Mark Stack Usage: 32M
[2026-04-03T03:18:48.217+0600][47.770s][info][gc,nmethod  ] GC(125) y: NMethods: 6570 registered, 746 unregistered
[2026-04-03T03:18:48.217+0600][47.770s][info][gc,metaspace] GC(125) y: Metaspace: 71M used, 72M committed, 1088M reserved
[2026-04-03T03:18:48.217+0600][47.770s][info][gc,reloc    ] GC(125) y:                        Candidates     Selected     In-Place         Size        Empty    Relocated 
[2026-04-03T03:18:48.217+0600][47.770s][info][gc,reloc    ] GC(125) y: Small Pages:                  159          148            0         318M           0M          11M 
[2026-04-03T03:18:48.217+0600][47.770s][info][gc,reloc    ] GC(125) y: Medium Pages:                   0            0            0           0M           0M           0M 
[2026-04-03T03:18:48.217+0600][47.770s][info][gc,reloc    ] GC(125) y: Large Pages:                    0            0            0           0M           0M           0M 
[2026-04-03T03:18:48.218+0600][47.770s][info][gc,reloc    ] GC(125) y: Forwarding Usage: 9M
[2026-04-03T03:18:48.218+0600][47.770s][info][gc,reloc    ] GC(125) y: Age Table:
[2026-04-03T03:18:48.218+0600][47.770s][info][gc,reloc    ] GC(125) y:                    Live             Garbage             Small              Medium             Large        
[2026-04-03T03:18:48.218+0600][47.770s][info][gc,reloc    ] GC(125) y: Eden              10M (1%)          289M (29%)        150 / 143            0 / 0              0 / 0        
[2026-04-03T03:18:48.218+0600][47.770s][info][gc,reloc    ] GC(125) y: Survivor 1         6M (1%)           11M (1%)           9 / 5              0 / 0              0 / 0        
[2026-04-03T03:18:48.218+0600][47.770s][info][gc,heap     ] GC(125) y: Min Capacity: 8M(1%)
[2026-04-03T03:18:48.218+0600][47.770s][info][gc,heap     ] GC(125) y: Max Capacity: 1000M(100%)
[2026-04-03T03:18:48.218+0600][47.770s][info][gc,heap     ] GC(125) y: Soft Max Capacity: 1000M(100%)
[2026-04-03T03:18:48.218+0600][47.770s][info][gc,heap     ] GC(125) y: Heap Statistics:
[2026-04-03T03:18:48.218+0600][47.770s][info][gc,heap     ] GC(125) y:                Mark Start          Mark End        Relocate Start      Relocate End           High               Low         
[2026-04-03T03:18:48.218+0600][47.770s][info][gc,heap     ] GC(125) y:  Capacity:     1000M (100%)       1000M (100%)       1000M (100%)       1000M (100%)       1000M (100%)       1000M (100%)   
[2026-04-03T03:18:48.218+0600][47.770s][info][gc,heap     ] GC(125) y:      Free:      202M (20%)          42M (4%)           38M (4%)          296M (30%)         298M (30%)          28M (3%)     
[2026-04-03T03:18:48.218+0600][47.770s][info][gc,heap     ] GC(125) y:      Used:      798M (80%)         958M (96%)         962M (96%)         704M (70%)         972M (97%)         702M (70%)    
[2026-04-03T03:18:48.218+0600][47.770s][info][gc,heap     ] GC(125) y: Young Generation Statistics:
[2026-04-03T03:18:48.218+0600][47.770s][info][gc,heap     ] GC(125) y:                Mark Start          Mark End        Relocate Start      Relocate End    
[2026-04-03T03:18:48.218+0600][47.770s][info][gc,heap     ] GC(125) y:      Used:      318M (32%)         478M (48%)         482M (48%)         224M (22%)    
[2026-04-03T03:18:48.218+0600][47.770s][info][gc,heap     ] GC(125) y:      Live:         -                17M (2%)           17M (2%)           17M (2%)     
[2026-04-03T03:18:48.218+0600][47.770s][info][gc,heap     ] GC(125) y:   Garbage:         -               300M (30%)         300M (30%)           2M (0%)     
[2026-04-03T03:18:48.218+0600][47.770s][info][gc,heap     ] GC(125) y: Allocated:         -               160M (16%)         164M (16%)         204M (20%)    
[2026-04-03T03:18:48.218+0600][47.770s][info][gc,heap     ] GC(125) y: Reclaimed:         -                  -                 0M (0%)          298M (30%)    
[2026-04-03T03:18:48.218+0600][47.770s][info][gc,heap     ] GC(125) y:  Promoted:         -                  -                 0M (0%)            0M (0%)     
[2026-04-03T03:18:48.218+0600][47.770s][info][gc,heap     ] GC(125) y: Compacted:         -                  -                  -                11M (1%)     
[2026-04-03T03:18:48.218+0600][47.770s][info][gc,phases   ] GC(125) y: Young Generation 798M(80%)->704M(70%) 0.244s
[2026-04-03T03:18:48.218+0600][47.770s][info][gc          ] GC(125) Minor Collection (Allocation Rate) 798M(80%)->706M(71%) 0.245s
[2026-04-03T03:18:48.218+0600][47.770s][info][gc          ] GC(126) Minor Collection (Allocation Rate)
[2026-04-03T03:18:48.218+0600][47.770s][info][gc,task     ] GC(126) Using 2 Workers for Young Generation
[2026-04-03T03:18:48.218+0600][47.770s][info][gc,phases   ] GC(126) y: Young Generation
[2026-04-03T03:18:48.218+0600][47.771s][info][gc,phases   ] GC(126) y: Pause Mark Start 0.034ms
[2026-04-03T03:18:48.465+0600][48.018s][info][gc,phases   ] GC(126) y: Concurrent Mark 246.694ms
[2026-04-03T03:18:48.466+0600][48.018s][info][gc,phases   ] GC(126) y: Pause Mark End 0.036ms
[2026-04-03T03:18:48.466+0600][48.018s][info][gc,phases   ] GC(126) y: Concurrent Mark Free 0.002ms
[2026-04-03T03:18:48.466+0600][48.018s][info][gc,phases   ] GC(126) y: Concurrent Reset Relocation Set 0.033ms
[2026-04-03T03:18:48.472+0600][48.025s][info][gc,reloc    ] GC(126) y: Using tenuring threshold: 2 (Computed)
[2026-04-03T03:18:48.481+0600][48.034s][info][gc,phases   ] GC(126) y: Concurrent Select Relocation Set 15.373ms
[2026-04-03T03:18:48.482+0600][48.034s][info][gc,phases   ] GC(126) y: Pause Relocate Start 0.080ms
[2026-04-03T03:18:48.517+0600][48.069s][info][gc,phases   ] GC(126) y: Concurrent Relocate 34.780ms
[2026-04-03T03:18:48.517+0600][48.069s][info][gc,alloc    ] GC(126) y:                         Mark Start        Mark End      Relocate Start    Relocate End   
[2026-04-03T03:18:48.517+0600][48.069s][info][gc,alloc    ] GC(126) y: Allocation Stalls:          0                0                0                0         
[2026-04-03T03:18:48.517+0600][48.069s][info][gc,load     ] GC(126) y: Load: 4.83 (40%) / 5.03 (42%) / 5.50 (46%)
[2026-04-03T03:18:48.517+0600][48.069s][info][gc,mmu      ] GC(126) y: MMU: 2ms/90.5%, 5ms/96.2%, 10ms/98.1%, 20ms/98.7%, 50ms/99.5%, 100ms/99.6%
[2026-04-03T03:18:48.517+0600][48.069s][info][gc,marking  ] GC(126) y: Mark: 2 stripe(s), 2 proactive flush(es), 1 terminate flush(es), 0 completion(s), 0 continuation(s) 
[2026-04-03T03:18:48.517+0600][48.069s][info][gc,marking  ] GC(126) y: Mark Stack Usage: 32M
[2026-04-03T03:18:48.517+0600][48.069s][info][gc,nmethod  ] GC(126) y: NMethods: 6571 registered, 746 unregistered
[2026-04-03T03:18:48.517+0600][48.069s][info][gc,metaspace] GC(126) y: Metaspace: 71M used, 72M committed, 1088M reserved
[2026-04-03T03:18:48.517+0600][48.069s][info][gc,reloc    ] GC(126) y:                        Candidates     Selected     In-Place         Size        Empty    Relocated 
[2026-04-03T03:18:48.517+0600][48.069s][info][gc,reloc    ] GC(126) y: Small Pages:                  108           94            0         216M           0M           8M 
[2026-04-03T03:18:48.517+0600][48.069s][info][gc,reloc    ] GC(126) y: Medium Pages:                   0            0            0           0M           0M           0M 
[2026-04-03T03:18:48.517+0600][48.069s][info][gc,reloc    ] GC(126) y: Large Pages:                    1            0            0          10M           0M           0M 
[2026-04-03T03:18:48.517+0600][48.069s][info][gc,reloc    ] GC(126) y: Forwarding Usage: 7M
[2026-04-03T03:18:48.517+0600][48.069s][info][gc,reloc    ] GC(126) y: Age Table:
[2026-04-03T03:18:48.517+0600][48.069s][info][gc,reloc    ] GC(126) y:                    Live             Garbage             Small              Medium             Large        
[2026-04-03T03:18:48.517+0600][48.069s][info][gc,reloc    ] GC(126) y: Eden              17M (2%)          172M (17%)         90 / 86             0 / 0              1 / 0        
[2026-04-03T03:18:48.517+0600][48.069s][info][gc,reloc    ] GC(126) y: Survivor 1         9M (1%)           10M (1%)          10 / 5              0 / 0              0 / 0        
[2026-04-03T03:18:48.517+0600][48.069s][info][gc,reloc    ] GC(126) y: Survivor 2         6M (1%)            9M (1%)           8 / 3              0 / 0              0 / 0        
[2026-04-03T03:18:48.517+0600][48.069s][info][gc,heap     ] GC(126) y: Min Capacity: 8M(1%)
[2026-04-03T03:18:48.517+0600][48.070s][info][gc,heap     ] GC(126) y: Max Capacity: 1000M(100%)
[2026-04-03T03:18:48.517+0600][48.070s][info][gc,heap     ] GC(126) y: Soft Max Capacity: 1000M(100%)
[2026-04-03T03:18:48.517+0600][48.070s][info][gc,heap     ] GC(126) y: Heap Statistics:
[2026-04-03T03:18:48.517+0600][48.070s][info][gc,heap     ] GC(126) y:                Mark Start          Mark End        Relocate Start      Relocate End           High               Low         
[2026-04-03T03:18:48.517+0600][48.070s][info][gc,heap     ] GC(126) y:  Capacity:     1000M (100%)       1000M (100%)       1000M (100%)       1000M (100%)       1000M (100%)       1000M (100%)   
[2026-04-03T03:18:48.517+0600][48.070s][info][gc,heap     ] GC(126) y:      Free:      294M (29%)         102M (10%)          90M (9%)          232M (23%)         294M (29%)          80M (8%)     
[2026-04-03T03:18:48.517+0600][48.070s][info][gc,heap     ] GC(126) y:      Used:      706M (71%)         898M (90%)         910M (91%)         768M (77%)         920M (92%)         706M (71%)    
[2026-04-03T03:18:48.517+0600][48.070s][info][gc,heap     ] GC(126) y: Young Generation Statistics:
[2026-04-03T03:18:48.517+0600][48.070s][info][gc,heap     ] GC(126) y:                Mark Start          Mark End        Relocate Start      Relocate End    
[2026-04-03T03:18:48.517+0600][48.070s][info][gc,heap     ] GC(126) y:      Used:      226M (23%)         418M (42%)         422M (42%)         278M (28%)    
[2026-04-03T03:18:48.517+0600][48.070s][info][gc,heap     ] GC(126) y:      Live:         -                33M (3%)           27M (3%)           26M (3%)     
[2026-04-03T03:18:48.517+0600][48.070s][info][gc,heap     ] GC(126) y:   Garbage:         -               192M (19%)         190M (19%)           1M (0%)     
[2026-04-03T03:18:48.517+0600][48.070s][info][gc,heap     ] GC(126) y: Allocated:         -               192M (19%)         204M (20%)         250M (25%)    
[2026-04-03T03:18:48.517+0600][48.070s][info][gc,heap     ] GC(126) y: Reclaimed:         -                  -                 2M (0%)          191M (19%)    
[2026-04-03T03:18:48.517+0600][48.070s][info][gc,heap     ] GC(126) y:  Promoted:         -                  -                 5M (1%)            6M (1%)     
[2026-04-03T03:18:48.517+0600][48.070s][info][gc,heap     ] GC(126) y: Compacted:         -                  -                  -                 7M (1%)     
[2026-04-03T03:18:48.517+0600][48.070s][info][gc,phases   ] GC(126) y: Young Generation 706M(71%)->768M(77%) 0.299s
[2026-04-03T03:18:48.518+0600][48.070s][info][gc          ] GC(126) Minor Collection (Allocation Rate) 706M(71%)->768M(77%) 0.299s
[2026-04-03T03:18:48.518+0600][48.070s][info][gc          ] GC(127) Minor Collection (Allocation Rate)
[2026-04-03T03:18:48.518+0600][48.070s][info][gc,task     ] GC(127) Using 2 Workers for Young Generation
[2026-04-03T03:18:48.518+0600][48.070s][info][gc,phases   ] GC(127) y: Young Generation
[2026-04-03T03:18:48.518+0600][48.070s][info][gc,phases   ] GC(127) y: Pause Mark Start 0.029ms
[2026-04-03T03:18:48.766+0600][48.318s][info][gc,phases   ] GC(127) y: Concurrent Mark 247.814ms
[2026-04-03T03:18:48.766+0600][48.318s][info][gc,phases   ] GC(127) y: Pause Mark End 0.035ms
[2026-04-03T03:18:48.767+0600][48.319s][info][gc,phases   ] GC(127) y: Concurrent Mark Free 0.004ms
[2026-04-03T03:18:48.767+0600][48.319s][info][gc,phases   ] GC(127) y: Concurrent Reset Relocation Set 0.029ms
[2026-04-03T03:18:48.769+0600][48.321s][info][gc,reloc    ] GC(127) y: Using tenuring threshold: 1 (Computed)
[2026-04-03T03:18:48.788+0600][48.340s][info][gc,phases   ] GC(127) y: Concurrent Select Relocation Set 21.583ms
[2026-04-03T03:18:48.789+0600][48.341s][info][gc,phases   ] GC(127) y: Pause Relocate Start 0.028ms
[2026-04-03T03:18:48.869+0600][48.421s][info][gc,phases   ] GC(127) y: Concurrent Relocate 79.815ms
[2026-04-03T03:18:48.869+0600][48.421s][info][gc,alloc    ] GC(127) y:                         Mark Start        Mark End      Relocate Start    Relocate End   
[2026-04-03T03:18:48.869+0600][48.421s][info][gc,alloc    ] GC(127) y: Allocation Stalls:          0                0                0                0         
[2026-04-03T03:18:48.869+0600][48.421s][info][gc,load     ] GC(127) y: Load: 4.83 (40%) / 5.03 (42%) / 5.50 (46%)
[2026-04-03T03:18:48.869+0600][48.421s][info][gc,mmu      ] GC(127) y: MMU: 2ms/90.5%, 5ms/96.2%, 10ms/98.1%, 20ms/98.7%, 50ms/99.5%, 100ms/99.6%
[2026-04-03T03:18:48.869+0600][48.421s][info][gc,marking  ] GC(127) y: Mark: 2 stripe(s), 3 proactive flush(es), 1 terminate flush(es), 0 completion(s), 0 continuation(s) 
[2026-04-03T03:18:48.869+0600][48.421s][info][gc,marking  ] GC(127) y: Mark Stack Usage: 32M
[2026-04-03T03:18:48.869+0600][48.421s][info][gc,nmethod  ] GC(127) y: NMethods: 6572 registered, 746 unregistered
[2026-04-03T03:18:48.869+0600][48.421s][info][gc,metaspace] GC(127) y: Metaspace: 71M used, 72M committed, 1088M reserved
[2026-04-03T03:18:48.869+0600][48.421s][info][gc,reloc    ] GC(127) y:                        Candidates     Selected     In-Place         Size        Empty    Relocated 
[2026-04-03T03:18:48.869+0600][48.421s][info][gc,reloc    ] GC(127) y: Small Pages:                  134          119            0         268M           0M           9M 
[2026-04-03T03:18:48.869+0600][48.421s][info][gc,reloc    ] GC(127) y: Medium Pages:                   0            0            0           0M           0M           0M 
[2026-04-03T03:18:48.869+0600][48.421s][info][gc,reloc    ] GC(127) y: Large Pages:                    1            0            0          10M           0M           0M 
[2026-04-03T03:18:48.869+0600][48.421s][info][gc,reloc    ] GC(127) y: Forwarding Usage: 8M
[2026-04-03T03:18:48.869+0600][48.421s][info][gc,reloc    ] GC(127) y: Age Table:
[2026-04-03T03:18:48.869+0600][48.421s][info][gc,reloc    ] GC(127) y:                    Live             Garbage             Small              Medium             Large        
[2026-04-03T03:18:48.869+0600][48.421s][info][gc,reloc    ] GC(127) y: Eden               9M (1%)          222M (22%)        116 / 111            0 / 0              0 / 0        
[2026-04-03T03:18:48.869+0600][48.421s][info][gc,reloc    ] GC(127) y: Survivor 1        15M (2%)           10M (1%)           8 / 4              0 / 0              1 / 0        
[2026-04-03T03:18:48.869+0600][48.421s][info][gc,reloc    ] GC(127) y: Survivor 2         8M (1%)           11M (1%)          10 / 4              0 / 0              0 / 0        
[2026-04-03T03:18:48.869+0600][48.421s][info][gc,heap     ] GC(127) y: Min Capacity: 8M(1%)
[2026-04-03T03:18:48.869+0600][48.421s][info][gc,heap     ] GC(127) y: Max Capacity: 1000M(100%)
[2026-04-03T03:18:48.869+0600][48.421s][info][gc,heap     ] GC(127) y: Soft Max Capacity: 1000M(100%)
[2026-04-03T03:18:48.869+0600][48.421s][info][gc,heap     ] GC(127) y: Heap Statistics:
[2026-04-03T03:18:48.869+0600][48.421s][info][gc,heap     ] GC(127) y:                Mark Start          Mark End        Relocate Start      Relocate End           High               Low         
[2026-04-03T03:18:48.869+0600][48.421s][info][gc,heap     ] GC(127) y:  Capacity:     1000M (100%)       1000M (100%)       1000M (100%)       1000M (100%)       1000M (100%)       1000M (100%)   
[2026-04-03T03:18:48.869+0600][48.421s][info][gc,heap     ] GC(127) y:      Free:      232M (23%)          60M (6%)           38M (4%)          192M (19%)         238M (24%)          28M (3%)     
[2026-04-03T03:18:48.869+0600][48.421s][info][gc,heap     ] GC(127) y:      Used:      768M (77%)         940M (94%)         962M (96%)         808M (81%)         972M (97%)         762M (76%)    
[2026-04-03T03:18:48.869+0600][48.421s][info][gc,heap     ] GC(127) y: Young Generation Statistics:
[2026-04-03T03:18:48.869+0600][48.421s][info][gc,heap     ] GC(127) y:                Mark Start          Mark End        Relocate Start      Relocate End    
[2026-04-03T03:18:48.869+0600][48.421s][info][gc,heap     ] GC(127) y:      Used:      278M (28%)         450M (45%)         444M (44%)         286M (29%)    
[2026-04-03T03:18:48.869+0600][48.421s][info][gc,heap     ] GC(127) y:      Live:         -                33M (3%)            9M (1%)            9M (1%)     
[2026-04-03T03:18:48.869+0600][48.422s][info][gc,heap     ] GC(127) y:   Garbage:         -               244M (24%)         240M (24%)           0M (0%)     
[2026-04-03T03:18:48.869+0600][48.422s][info][gc,heap     ] GC(127) y: Allocated:         -               172M (17%)         194M (19%)         276M (28%)    
[2026-04-03T03:18:48.869+0600][48.422s][info][gc,heap     ] GC(127) y: Reclaimed:         -                  -                 3M (0%)          244M (24%)    
[2026-04-03T03:18:48.869+0600][48.422s][info][gc,heap     ] GC(127) y:  Promoted:         -                  -                24M (2%)           24M (2%)     
[2026-04-03T03:18:48.869+0600][48.422s][info][gc,heap     ] GC(127) y: Compacted:         -                  -                  -                 9M (1%)     
[2026-04-03T03:18:48.869+0600][48.422s][info][gc,phases   ] GC(127) y: Young Generation 768M(77%)->808M(81%) 0.351s
[2026-04-03T03:18:48.869+0600][48.422s][info][gc          ] GC(127) Minor Collection (Allocation Rate) 768M(77%)->810M(81%) 0.352s
[2026-04-03T03:18:48.870+0600][48.422s][info][gc          ] GC(128) Minor Collection (Allocation Rate)
[2026-04-03T03:18:48.870+0600][48.422s][info][gc,task     ] GC(128) Using 2 Workers for Young Generation
[2026-04-03T03:18:48.870+0600][48.422s][info][gc,phases   ] GC(128) y: Young Generation
[2026-04-03T03:18:48.870+0600][48.422s][info][gc,phases   ] GC(128) y: Pause Mark Start 0.051ms
[2026-04-03T03:18:49.095+0600][48.647s][info][gc,task     ] Adjusting Workers for Old Generation: 1 -> 3
[2026-04-03T03:18:49.095+0600][48.647s][info][gc,task     ] Adjusting Workers for Young Generation: 2 -> 3
[2026-04-03T03:18:49.133+0600][48.686s][info][gc,phases   ] GC(128) y: Concurrent Mark 263.176ms
[2026-04-03T03:18:49.134+0600][48.686s][info][gc,phases   ] GC(128) y: Pause Mark End 0.069ms
[2026-04-03T03:18:49.134+0600][48.686s][info][gc,phases   ] GC(128) y: Concurrent Mark Free 0.001ms
[2026-04-03T03:18:49.134+0600][48.686s][info][gc,phases   ] GC(128) y: Concurrent Reset Relocation Set 0.052ms
[2026-04-03T03:18:49.139+0600][48.691s][info][gc,reloc    ] GC(128) y: Using tenuring threshold: 2 (Computed)
[2026-04-03T03:18:49.140+0600][48.693s][info][gc,phases   ] GC(128) y: Concurrent Select Relocation Set 6.060ms
[2026-04-03T03:18:49.141+0600][48.693s][info][gc,phases   ] GC(128) y: Pause Relocate Start 0.022ms
[2026-04-03T03:18:49.141+0600][48.693s][info][gc          ] Allocation Stall (Executor task launch worker for task 2.0 in stage 14.0 (TID 23)) 50.217ms
[2026-04-03T03:18:49.141+0600][48.693s][info][gc          ] Allocation Stall (Executor task launch worker for task 1.0 in stage 14.0 (TID 22)) 46.269ms
[2026-04-03T03:18:49.141+0600][48.694s][info][gc          ] Allocation Stall (Executor task launch worker for task 0.0 in stage 14.0 (TID 21)) 45.452ms
[2026-04-03T03:18:49.141+0600][48.694s][info][gc          ] GC(124) O: Relocation Stall (ZWorkerOld#1) 0.543ms
[2026-04-03T03:18:49.141+0600][48.694s][info][gc          ] GC(124) O: Relocation Stall (ZWorkerOld#0) 0.565ms
[2026-04-03T03:18:49.142+0600][48.694s][info][gc          ] Relocation Stall (Executor task launch worker for task 1.0 in stage 14.0 (TID 22)) 0.587ms
[2026-04-03T03:18:49.160+0600][48.712s][info][gc,phases   ] GC(128) y: Concurrent Relocate 18.954ms
[2026-04-03T03:18:49.160+0600][48.712s][info][gc,alloc    ] GC(128) y:                         Mark Start        Mark End      Relocate Start    Relocate End   
[2026-04-03T03:18:49.160+0600][48.712s][info][gc,alloc    ] GC(128) y: Allocation Stalls:          0                3                3                0         
[2026-04-03T03:18:49.160+0600][48.712s][info][gc,load     ] GC(128) y: Load: 4.83 (40%) / 5.03 (42%) / 5.50 (46%)
[2026-04-03T03:18:49.160+0600][48.712s][info][gc,mmu      ] GC(128) y: MMU: 2ms/90.5%, 5ms/96.2%, 10ms/98.1%, 20ms/98.7%, 50ms/99.5%, 100ms/99.6%
[2026-04-03T03:18:49.160+0600][48.712s][info][gc,marking  ] GC(128) y: Mark: 2 stripe(s), 10 proactive flush(es), 1 terminate flush(es), 0 completion(s), 0 continuation(s) 
[2026-04-03T03:18:49.160+0600][48.712s][info][gc,marking  ] GC(128) y: Mark Stack Usage: 32M
[2026-04-03T03:18:49.160+0600][48.712s][info][gc,nmethod  ] GC(128) y: NMethods: 6577 registered, 746 unregistered
[2026-04-03T03:18:49.160+0600][48.712s][info][gc,metaspace] GC(128) y: Metaspace: 71M used, 72M committed, 1088M reserved
[2026-04-03T03:18:49.160+0600][48.712s][info][gc,reloc    ] GC(128) y:                        Candidates     Selected     In-Place         Size        Empty    Relocated 
[2026-04-03T03:18:49.160+0600][48.712s][info][gc,reloc    ] GC(128) y: Small Pages:                  126          115            5         252M           0M           9M 
[2026-04-03T03:18:49.160+0600][48.712s][info][gc,reloc    ] GC(128) y: Medium Pages:                   0            0            0           0M           0M           0M 
[2026-04-03T03:18:49.160+0600][48.712s][info][gc,reloc    ] GC(128) y: Large Pages:                    2            0            0          36M           0M           0M 
[2026-04-03T03:18:49.160+0600][48.712s][info][gc,reloc    ] GC(128) y: Forwarding Usage: 8M
[2026-04-03T03:18:49.160+0600][48.712s][info][gc,reloc    ] GC(128) y: Age Table:
[2026-04-03T03:18:49.160+0600][48.712s][info][gc,reloc    ] GC(128) y:                    Live             Garbage             Small              Medium             Large        
[2026-04-03T03:18:49.160+0600][48.712s][info][gc,reloc    ] GC(128) y: Eden              45M (5%)          226M (23%)        118 / 112            0 / 0              2 / 0        
[2026-04-03T03:18:49.160+0600][48.712s][info][gc,reloc    ] GC(128) y: Survivor 1         8M (1%)            7M (1%)           8 / 3              0 / 0              0 / 0        
[2026-04-03T03:18:49.160+0600][48.712s][info][gc,heap     ] GC(128) y: Min Capacity: 8M(1%)
[2026-04-03T03:18:49.160+0600][48.712s][info][gc,heap     ] GC(128) y: Max Capacity: 1000M(100%)
[2026-04-03T03:18:49.160+0600][48.712s][info][gc,heap     ] GC(128) y: Soft Max Capacity: 1000M(100%)
[2026-04-03T03:18:49.160+0600][48.712s][info][gc,heap     ] GC(128) y: Heap Statistics:
[2026-04-03T03:18:49.160+0600][48.712s][info][gc,heap     ] GC(128) y:                Mark Start          Mark End        Relocate Start      Relocate End           High               Low         
[2026-04-03T03:18:49.160+0600][48.712s][info][gc,heap     ] GC(128) y:  Capacity:     1000M (100%)       1000M (100%)       1000M (100%)       1000M (100%)       1000M (100%)       1000M (100%)   
[2026-04-03T03:18:49.160+0600][48.712s][info][gc,heap     ] GC(128) y:      Free:      190M (19%)           0M (0%)            0M (0%)          198M (20%)         198M (20%)           0M (0%)     
[2026-04-03T03:18:49.160+0600][48.712s][info][gc,heap     ] GC(128) y:      Used:      810M (81%)        1000M (100%)       1000M (100%)        802M (80%)        1000M (100%)        802M (80%)    
[2026-04-03T03:18:49.160+0600][48.712s][info][gc,heap     ] GC(128) y: Young Generation Statistics:
[2026-04-03T03:18:49.160+0600][48.712s][info][gc,heap     ] GC(128) y:                Mark Start          Mark End        Relocate Start      Relocate End    
[2026-04-03T03:18:49.160+0600][48.712s][info][gc,heap     ] GC(128) y:      Used:      288M (29%)         478M (48%)         478M (48%)         280M (28%)    
[2026-04-03T03:18:49.160+0600][48.712s][info][gc,heap     ] GC(128) y:      Live:         -                53M (5%)           53M (5%)           53M (5%)     
[2026-04-03T03:18:49.160+0600][48.712s][info][gc,heap     ] GC(128) y:   Garbage:         -               234M (23%)         234M (23%)           1M (0%)     
[2026-04-03T03:18:49.160+0600][48.712s][info][gc,heap     ] GC(128) y: Allocated:         -               190M (19%)         190M (19%)         224M (22%)    
[2026-04-03T03:18:49.160+0600][48.712s][info][gc,heap     ] GC(128) y: Reclaimed:         -                  -                 0M (0%)          232M (23%)    
[2026-04-03T03:18:49.160+0600][48.712s][info][gc,heap     ] GC(128) y:  Promoted:         -                  -                 0M (0%)            0M (0%)     
[2026-04-03T03:18:49.160+0600][48.712s][info][gc,heap     ] GC(128) y: Compacted:         -                  -                  -                 9M (1%)     
[2026-04-03T03:18:49.160+0600][48.712s][info][gc,phases   ] GC(128) y: Young Generation 810M(81%)->802M(80%) 0.290s
[2026-04-03T03:18:49.160+0600][48.712s][info][gc          ] GC(128) Minor Collection (Allocation Rate) 810M(81%)->804M(80%) 0.291s
[2026-04-03T03:18:49.160+0600][48.713s][info][gc,task     ] Adjusting Workers for Old Generation: 3 -> 1
[2026-04-03T03:18:49.160+0600][48.713s][info][gc          ] GC(129) Minor Collection (Allocation Rate)
[2026-04-03T03:18:49.161+0600][48.713s][info][gc,task     ] GC(129) Using 2 Workers for Young Generation
[2026-04-03T03:18:49.161+0600][48.713s][info][gc,phases   ] GC(129) y: Young Generation
[2026-04-03T03:18:49.161+0600][48.713s][info][gc,phases   ] GC(129) y: Pause Mark Start 0.026ms
[2026-04-03T03:18:49.182+0600][48.735s][info][gc,phases   ] GC(124) O: Concurrent Mark 1211.933ms
[2026-04-03T03:18:49.183+0600][48.735s][info][gc,phases   ] GC(124) O: Pause Mark End 0.056ms
[2026-04-03T03:18:49.183+0600][48.735s][info][gc,phases   ] GC(124) O: Concurrent Mark Free 0.001ms
[2026-04-03T03:18:49.206+0600][48.759s][info][gc,phases   ] GC(124) O: Concurrent Process Non-Strong 23.462ms
[2026-04-03T03:18:49.207+0600][48.759s][info][gc,phases   ] GC(124) O: Concurrent Reset Relocation Set 0.006ms
[2026-04-03T03:18:49.222+0600][48.774s][info][gc,phases   ] GC(124) O: Concurrent Select Relocation Set 15.627ms
[2026-04-03T03:18:49.393+0600][48.945s][info][gc,phases   ] GC(129) y: Concurrent Mark 231.835ms
[2026-04-03T03:18:49.393+0600][48.945s][info][gc,phases   ] GC(129) y: Pause Mark End 0.028ms
[2026-04-03T03:18:49.393+0600][48.945s][info][gc,phases   ] GC(129) y: Concurrent Mark Free 0.002ms
[2026-04-03T03:18:49.393+0600][48.946s][info][gc,phases   ] GC(129) y: Concurrent Reset Relocation Set 0.022ms
[2026-04-03T03:18:49.399+0600][48.951s][info][gc,reloc    ] GC(129) y: Using tenuring threshold: 1 (Computed)
[2026-04-03T03:18:49.423+0600][48.975s][info][gc,phases   ] GC(129) y: Concurrent Select Relocation Set 29.597ms
[2026-04-03T03:18:49.423+0600][48.976s][info][gc,phases   ] GC(129) y: Pause Relocate Start 0.057ms
[2026-04-03T03:18:49.531+0600][49.083s][info][gc,phases   ] GC(129) y: Concurrent Relocate 107.301ms
[2026-04-03T03:18:49.531+0600][49.083s][info][gc,alloc    ] GC(129) y:                         Mark Start        Mark End      Relocate Start    Relocate End   
[2026-04-03T03:18:49.531+0600][49.083s][info][gc,alloc    ] GC(129) y: Allocation Stalls:          0                0                0                0         
[2026-04-03T03:18:49.531+0600][49.083s][info][gc,load     ] GC(129) y: Load: 4.83 (40%) / 5.03 (42%) / 5.50 (46%)
[2026-04-03T03:18:49.531+0600][49.083s][info][gc,mmu      ] GC(129) y: MMU: 2ms/90.5%, 5ms/96.2%, 10ms/98.1%, 20ms/98.7%, 50ms/99.5%, 100ms/99.6%
[2026-04-03T03:18:49.531+0600][49.083s][info][gc,marking  ] GC(129) y: Mark: 2 stripe(s), 10 proactive flush(es), 1 terminate flush(es), 0 completion(s), 0 continuation(s) 
[2026-04-03T03:18:49.531+0600][49.083s][info][gc,marking  ] GC(129) y: Mark Stack Usage: 32M
[2026-04-03T03:18:49.531+0600][49.083s][info][gc,nmethod  ] GC(129) y: NMethods: 6577 registered, 750 unregistered
[2026-04-03T03:18:49.531+0600][49.083s][info][gc,metaspace] GC(129) y: Metaspace: 71M used, 72M committed, 1088M reserved
[2026-04-03T03:18:49.531+0600][49.083s][info][gc,reloc    ] GC(129) y:                        Candidates     Selected     In-Place         Size        Empty    Relocated 
[2026-04-03T03:18:49.531+0600][49.083s][info][gc,reloc    ] GC(129) y: Small Pages:                  124          110            0         248M           0M           9M 
[2026-04-03T03:18:49.531+0600][49.083s][info][gc,reloc    ] GC(129) y: Medium Pages:                   0            0            0           0M           0M           0M 
[2026-04-03T03:18:49.531+0600][49.083s][info][gc,reloc    ] GC(129) y: Large Pages:                    2            0            0          36M           0M           0M 
[2026-04-03T03:18:49.531+0600][49.083s][info][gc,reloc    ] GC(129) y: Forwarding Usage: 10M
[2026-04-03T03:18:49.531+0600][49.083s][info][gc,reloc    ] GC(129) y: Age Table:
[2026-04-03T03:18:49.531+0600][49.083s][info][gc,reloc    ] GC(129) y:                    Live             Garbage             Small              Medium             Large        
[2026-04-03T03:18:49.531+0600][49.083s][info][gc,reloc    ] GC(129) y: Eden               7M (1%)          200M (20%)        104 / 99             0 / 0              0 / 0        
[2026-04-03T03:18:49.531+0600][49.083s][info][gc,reloc    ] GC(129) y: Survivor 1        44M (4%)           17M (2%)          13 / 8              0 / 0              2 / 0        
[2026-04-03T03:18:49.531+0600][49.083s][info][gc,reloc    ] GC(129) y: Survivor 2         8M (1%)            5M (1%)           7 / 3              0 / 0              0 / 0        
[2026-04-03T03:18:49.531+0600][49.083s][info][gc,heap     ] GC(129) y: Min Capacity: 8M(1%)
[2026-04-03T03:18:49.531+0600][49.083s][info][gc,heap     ] GC(129) y: Max Capacity: 1000M(100%)
[2026-04-03T03:18:49.531+0600][49.083s][info][gc,heap     ] GC(129) y: Soft Max Capacity: 1000M(100%)
[2026-04-03T03:18:49.531+0600][49.083s][info][gc,heap     ] GC(129) y: Heap Statistics:
[2026-04-03T03:18:49.531+0600][49.083s][info][gc,heap     ] GC(129) y:                Mark Start          Mark End        Relocate Start      Relocate End           High               Low         
[2026-04-03T03:18:49.531+0600][49.084s][info][gc,heap     ] GC(129) y:  Capacity:     1000M (100%)       1000M (100%)       1000M (100%)       1000M (100%)       1000M (100%)       1000M (100%)   
[2026-04-03T03:18:49.531+0600][49.084s][info][gc,heap     ] GC(129) y:      Free:      194M (19%)         120M (12%)          90M (9%)          268M (27%)         294M (29%)          78M (8%)     
[2026-04-03T03:18:49.531+0600][49.084s][info][gc,heap     ] GC(129) y:      Used:      806M (81%)         880M (88%)         910M (91%)         732M (73%)         922M (92%)         706M (71%)    
[2026-04-03T03:18:49.531+0600][49.084s][info][gc,heap     ] GC(129) y: Young Generation Statistics:
[2026-04-03T03:18:49.531+0600][49.084s][info][gc,heap     ] GC(129) y:                Mark Start          Mark End        Relocate Start      Relocate End    
[2026-04-03T03:18:49.531+0600][49.084s][info][gc,heap     ] GC(129) y:      Used:      284M (28%)         500M (50%)         480M (48%)         294M (29%)    
[2026-04-03T03:18:49.531+0600][49.084s][info][gc,heap     ] GC(129) y:      Live:         -                60M (6%)           11M (1%)            7M (1%)     
[2026-04-03T03:18:49.531+0600][49.084s][info][gc,heap     ] GC(129) y:   Garbage:         -               223M (22%)         222M (22%)           0M (0%)     
[2026-04-03T03:18:49.531+0600][49.084s][info][gc,heap     ] GC(129) y: Allocated:         -               216M (22%)         246M (25%)         286M (29%)    
[2026-04-03T03:18:49.531+0600][49.084s][info][gc,heap     ] GC(129) y: Reclaimed:         -                  -                 1M (0%)          223M (22%)    
[2026-04-03T03:18:49.531+0600][49.084s][info][gc,heap     ] GC(129) y:  Promoted:         -                  -                48M (5%)           52M (5%)     
[2026-04-03T03:18:49.531+0600][49.084s][info][gc,heap     ] GC(129) y: Compacted:         -                  -                  -                 7M (1%)     
[2026-04-03T03:18:49.531+0600][49.084s][info][gc,phases   ] GC(129) y: Young Generation 806M(81%)->732M(73%) 0.370s
[2026-04-03T03:18:49.531+0600][49.084s][info][gc          ] GC(129) Minor Collection (Allocation Rate) 806M(81%)->732M(73%) 0.371s
[2026-04-03T03:18:49.532+0600][49.084s][info][gc          ] GC(130) Minor Collection (Allocation Rate)
[2026-04-03T03:18:49.532+0600][49.084s][info][gc,task     ] GC(130) Using 2 Workers for Young Generation
[2026-04-03T03:18:49.532+0600][49.084s][info][gc,phases   ] GC(130) y: Young Generation
[2026-04-03T03:18:49.532+0600][49.084s][info][gc,phases   ] GC(130) y: Pause Mark Start 0.059ms
[2026-04-03T03:18:49.676+0600][49.228s][info][gc,phases   ] GC(130) y: Concurrent Mark 143.609ms
[2026-04-03T03:18:49.676+0600][49.228s][info][gc,phases   ] GC(130) y: Pause Mark End 0.097ms
[2026-04-03T03:18:49.676+0600][49.229s][info][gc,phases   ] GC(130) y: Concurrent Mark Free 0.002ms
[2026-04-03T03:18:49.677+0600][49.229s][info][gc,phases   ] GC(130) y: Concurrent Reset Relocation Set 0.052ms
[2026-04-03T03:18:49.679+0600][49.231s][info][gc,reloc    ] GC(130) y: Using tenuring threshold: 2 (Computed)
[2026-04-03T03:18:49.681+0600][49.233s][info][gc,phases   ] GC(130) y: Concurrent Select Relocation Set 4.171ms
[2026-04-03T03:18:49.681+0600][49.233s][info][gc,phases   ] GC(130) y: Pause Relocate Start 0.022ms
[2026-04-03T03:18:49.709+0600][49.261s][info][gc,phases   ] GC(130) y: Concurrent Relocate 27.914ms
[2026-04-03T03:18:49.709+0600][49.262s][info][gc,alloc    ] GC(130) y:                         Mark Start        Mark End      Relocate Start    Relocate End   
[2026-04-03T03:18:49.709+0600][49.262s][info][gc,alloc    ] GC(130) y: Allocation Stalls:          0                0                0                0         
[2026-04-03T03:18:49.709+0600][49.262s][info][gc,load     ] GC(130) y: Load: 4.83 (40%) / 5.03 (42%) / 5.50 (46%)
[2026-04-03T03:18:49.709+0600][49.262s][info][gc,mmu      ] GC(130) y: MMU: 2ms/90.5%, 5ms/96.2%, 10ms/98.1%, 20ms/98.7%, 50ms/99.5%, 100ms/99.6%
[2026-04-03T03:18:49.709+0600][49.262s][info][gc,marking  ] GC(130) y: Mark: 2 stripe(s), 2 proactive flush(es), 1 terminate flush(es), 0 completion(s), 0 continuation(s) 
[2026-04-03T03:18:49.709+0600][49.262s][info][gc,marking  ] GC(130) y: Mark Stack Usage: 32M
[2026-04-03T03:18:49.709+0600][49.262s][info][gc,nmethod  ] GC(130) y: NMethods: 6597 registered, 750 unregistered
[2026-04-03T03:18:49.709+0600][49.262s][info][gc,metaspace] GC(130) y: Metaspace: 71M used, 72M committed, 1088M reserved
[2026-04-03T03:18:49.709+0600][49.262s][info][gc,reloc    ] GC(130) y:                        Candidates     Selected     In-Place         Size        Empty    Relocated 
[2026-04-03T03:18:49.709+0600][49.262s][info][gc,reloc    ] GC(130) y: Small Pages:                  139          130            0         278M           0M          10M 
[2026-04-03T03:18:49.709+0600][49.262s][info][gc,reloc    ] GC(130) y: Medium Pages:                   1            0            0          16M           0M           0M 
[2026-04-03T03:18:49.709+0600][49.262s][info][gc,reloc    ] GC(130) y: Large Pages:                    0            0            0           0M           0M           0M 
[2026-04-03T03:18:49.709+0600][49.262s][info][gc,reloc    ] GC(130) y: Forwarding Usage: 9M
[2026-04-03T03:18:49.709+0600][49.262s][info][gc,reloc    ] GC(130) y: Age Table:
[2026-04-03T03:18:49.710+0600][49.262s][info][gc,reloc    ] GC(130) y:                    Live             Garbage             Small              Medium             Large        
[2026-04-03T03:18:49.710+0600][49.262s][info][gc,reloc    ] GC(130) y: Eden              10M (1%)          269M (27%)        132 / 126            1 / 0              0 / 0        
[2026-04-03T03:18:49.710+0600][49.262s][info][gc,reloc    ] GC(130) y: Survivor 1         6M (1%)            7M (1%)           7 / 4              0 / 0              0 / 0        
[2026-04-03T03:18:49.710+0600][49.262s][info][gc,heap     ] GC(130) y: Min Capacity: 8M(1%)
[2026-04-03T03:18:49.710+0600][49.262s][info][gc,heap     ] GC(130) y: Max Capacity: 1000M(100%)
[2026-04-03T03:18:49.710+0600][49.262s][info][gc,heap     ] GC(130) y: Soft Max Capacity: 1000M(100%)
[2026-04-03T03:18:49.710+0600][49.262s][info][gc,heap     ] GC(130) y: Heap Statistics:
[2026-04-03T03:18:49.710+0600][49.262s][info][gc,heap     ] GC(130) y:                Mark Start          Mark End        Relocate Start      Relocate End           High               Low         
[2026-04-03T03:18:49.710+0600][49.262s][info][gc,heap     ] GC(130) y:  Capacity:     1000M (100%)       1000M (100%)       1000M (100%)       1000M (100%)       1000M (100%)       1000M (100%)   
[2026-04-03T03:18:49.710+0600][49.262s][info][gc,heap     ] GC(130) y:      Free:      268M (27%)         208M (21%)         206M (21%)         438M (44%)         438M (44%)         192M (19%)    
[2026-04-03T03:18:49.710+0600][49.262s][info][gc,heap     ] GC(130) y:      Used:      732M (73%)         792M (79%)         794M (79%)         562M (56%)         808M (81%)         562M (56%)    
[2026-04-03T03:18:49.710+0600][49.262s][info][gc,heap     ] GC(130) y: Young Generation Statistics:
[2026-04-03T03:18:49.710+0600][49.262s][info][gc,heap     ] GC(130) y:                Mark Start          Mark End        Relocate Start      Relocate End    
[2026-04-03T03:18:49.710+0600][49.262s][info][gc,heap     ] GC(130) y:      Used:      294M (29%)         354M (35%)         356M (36%)         124M (12%)    
[2026-04-03T03:18:49.710+0600][49.262s][info][gc,heap     ] GC(130) y:      Live:         -                16M (2%)           16M (2%)           16M (2%)     
[2026-04-03T03:18:49.710+0600][49.262s][info][gc,heap     ] GC(130) y:   Garbage:         -               277M (28%)         277M (28%)          15M (2%)     
[2026-04-03T03:18:49.710+0600][49.262s][info][gc,heap     ] GC(130) y: Allocated:         -                60M (6%)           62M (6%)           91M (9%)     
[2026-04-03T03:18:49.710+0600][49.262s][info][gc,heap     ] GC(130) y: Reclaimed:         -                  -                 0M (0%)          261M (26%)    
[2026-04-03T03:18:49.710+0600][49.262s][info][gc,heap     ] GC(130) y:  Promoted:         -                  -                 0M (0%)            0M (0%)     
[2026-04-03T03:18:49.710+0600][49.262s][info][gc,heap     ] GC(130) y: Compacted:         -                  -                  -                12M (1%)     
[2026-04-03T03:18:49.710+0600][49.262s][info][gc,phases   ] GC(130) y: Young Generation 732M(73%)->562M(56%) 0.178s
[2026-04-03T03:18:49.710+0600][49.262s][info][gc          ] GC(130) Minor Collection (Allocation Rate) 732M(73%)->562M(56%) 0.178s
[2026-04-03T03:18:49.710+0600][49.262s][info][gc,task     ] GC(124) O: Using 3 Workers for Old Generation
[2026-04-03T03:18:49.773+0600][49.325s][info][gc,task     ] GC(124) O: Using 1 Workers for Old Generation
[2026-04-03T03:18:49.773+0600][49.325s][info][gc,phases   ] GC(124) O: Concurrent Remap Roots 62.723ms
[2026-04-03T03:18:49.773+0600][49.325s][info][gc,phases   ] GC(124) O: Pause Relocate Start 0.027ms
[2026-04-03T03:18:49.773+0600][49.326s][info][gc          ] GC(131) Minor Collection (Allocation Rate)
[2026-04-03T03:18:49.773+0600][49.326s][info][gc,task     ] GC(131) Using 2 Workers for Young Generation
[2026-04-03T03:18:49.773+0600][49.326s][info][gc,phases   ] GC(131) y: Young Generation
[2026-04-03T03:18:49.774+0600][49.326s][info][gc,phases   ] GC(131) y: Pause Mark Start 0.026ms
[2026-04-03T03:18:49.918+0600][49.471s][info][gc,phases   ] GC(124) O: Concurrent Relocate 145.010ms
[2026-04-03T03:18:49.926+0600][49.478s][info][gc,phases   ] GC(131) y: Concurrent Mark 151.796ms
[2026-04-03T03:18:49.926+0600][49.478s][info][gc,phases   ] GC(131) y: Pause Mark End 0.033ms
[2026-04-03T03:18:49.926+0600][49.478s][info][gc,phases   ] GC(131) y: Concurrent Mark Free 0.004ms
[2026-04-03T03:18:49.926+0600][49.478s][info][gc,phases   ] GC(131) y: Concurrent Reset Relocation Set 0.017ms
[2026-04-03T03:18:49.928+0600][49.481s][info][gc,reloc    ] GC(131) y: Using tenuring threshold: 3 (Computed)
[2026-04-03T03:18:49.930+0600][49.482s][info][gc,phases   ] GC(131) y: Concurrent Select Relocation Set 3.751ms
[2026-04-03T03:18:49.930+0600][49.483s][info][gc,phases   ] GC(131) y: Pause Relocate Start 0.030ms
[2026-04-03T03:18:49.945+0600][49.497s][info][gc,phases   ] GC(131) y: Concurrent Relocate 14.740ms
[2026-04-03T03:18:49.945+0600][49.498s][info][gc,alloc    ] GC(131) y:                         Mark Start        Mark End      Relocate Start    Relocate End   
[2026-04-03T03:18:49.945+0600][49.498s][info][gc,alloc    ] GC(131) y: Allocation Stalls:          0                0                0                0         
[2026-04-03T03:18:49.945+0600][49.498s][info][gc,load     ] GC(131) y: Load: 4.83 (40%) / 5.03 (42%) / 5.50 (46%)
[2026-04-03T03:18:49.945+0600][49.498s][info][gc,mmu      ] GC(131) y: MMU: 2ms/90.5%, 5ms/96.2%, 10ms/98.1%, 20ms/98.7%, 50ms/99.5%, 100ms/99.6%
[2026-04-03T03:18:49.945+0600][49.498s][info][gc,marking  ] GC(131) y: Mark: 2 stripe(s), 2 proactive flush(es), 1 terminate flush(es), 0 completion(s), 0 continuation(s) 
[2026-04-03T03:18:49.945+0600][49.498s][info][gc,marking  ] GC(131) y: Mark Stack Usage: 32M
[2026-04-03T03:18:49.945+0600][49.498s][info][gc,nmethod  ] GC(131) y: NMethods: 6597 registered, 750 unregistered
[2026-04-03T03:18:49.945+0600][49.498s][info][gc,metaspace] GC(131) y: Metaspace: 71M used, 72M committed, 1088M reserved
[2026-04-03T03:18:49.945+0600][49.498s][info][gc,reloc    ] GC(131) y:                        Candidates     Selected     In-Place         Size        Empty    Relocated 
[2026-04-03T03:18:49.945+0600][49.498s][info][gc,reloc    ] GC(131) y: Small Pages:                   53           43            0         106M           0M           4M 
[2026-04-03T03:18:49.945+0600][49.498s][info][gc,reloc    ] GC(131) y: Medium Pages:                   2            0            0          32M          16M           0M 
[2026-04-03T03:18:49.945+0600][49.498s][info][gc,reloc    ] GC(131) y: Large Pages:                    1            0            0           4M           0M           0M 
[2026-04-03T03:18:49.945+0600][49.498s][info][gc,reloc    ] GC(131) y: Forwarding Usage: 4M
[2026-04-03T03:18:49.946+0600][49.498s][info][gc,reloc    ] GC(131) y: Age Table:
[2026-04-03T03:18:49.946+0600][49.498s][info][gc,reloc    ] GC(131) y:                    Live             Garbage             Small              Medium             Large        
[2026-04-03T03:18:49.946+0600][49.498s][info][gc,reloc    ] GC(131) y: Eden               7M (1%)           86M (9%)          37 / 35             1 / 0              1 / 0        
[2026-04-03T03:18:49.946+0600][49.498s][info][gc,reloc    ] GC(131) y: Survivor 1         9M (1%)           24M (2%)           9 / 4              1 / 0              0 / 0        
[2026-04-03T03:18:49.946+0600][49.498s][info][gc,reloc    ] GC(131) y: Survivor 2         6M (1%)            7M (1%)           7 / 4              0 / 0              0 / 0        
[2026-04-03T03:18:49.946+0600][49.498s][info][gc,heap     ] GC(131) y: Min Capacity: 8M(1%)
[2026-04-03T03:18:49.946+0600][49.498s][info][gc,heap     ] GC(131) y: Max Capacity: 1000M(100%)
[2026-04-03T03:18:49.946+0600][49.498s][info][gc,heap     ] GC(131) y: Soft Max Capacity: 1000M(100%)
[2026-04-03T03:18:49.946+0600][49.498s][info][gc,heap     ] GC(131) y: Heap Statistics:
[2026-04-03T03:18:49.946+0600][49.498s][info][gc,heap     ] GC(131) y:                Mark Start          Mark End        Relocate Start      Relocate End           High               Low         
[2026-04-03T03:18:49.946+0600][49.498s][info][gc,heap     ] GC(131) y:  Capacity:     1000M (100%)       1000M (100%)       1000M (100%)       1000M (100%)       1000M (100%)       1000M (100%)   
[2026-04-03T03:18:49.946+0600][49.498s][info][gc,heap     ] GC(131) y:      Free:      420M (42%)         426M (43%)         440M (44%)         502M (50%)         502M (50%)         418M (42%)    
[2026-04-03T03:18:49.946+0600][49.498s][info][gc,heap     ] GC(131) y:      Used:      580M (58%)         574M (57%)         560M (56%)         498M (50%)         582M (58%)         498M (50%)    
[2026-04-03T03:18:49.946+0600][49.498s][info][gc,heap     ] GC(131) y: Young Generation Statistics:
[2026-04-03T03:18:49.946+0600][49.498s][info][gc,heap     ] GC(131) y:                Mark Start          Mark End        Relocate Start      Relocate End    
[2026-04-03T03:18:49.946+0600][49.498s][info][gc,heap     ] GC(131) y:      Used:      142M (14%)         180M (18%)         166M (17%)         104M (10%)    
[2026-04-03T03:18:49.946+0600][49.498s][info][gc,heap     ] GC(131) y:      Live:         -                22M (2%)           22M (2%)           22M (2%)     
[2026-04-03T03:18:49.946+0600][49.498s][info][gc,heap     ] GC(131) y:   Garbage:         -               119M (12%)         103M (10%)          16M (2%)     
[2026-04-03T03:18:49.946+0600][49.498s][info][gc,heap     ] GC(131) y: Allocated:         -                38M (4%)           40M (4%)           64M (6%)     
[2026-04-03T03:18:49.946+0600][49.498s][info][gc,heap     ] GC(131) y: Reclaimed:         -                  -                16M (2%)          102M (10%)    
[2026-04-03T03:18:49.946+0600][49.498s][info][gc,heap     ] GC(131) y:  Promoted:         -                  -                 0M (0%)            0M (0%)     
[2026-04-03T03:18:49.946+0600][49.498s][info][gc,heap     ] GC(131) y: Compacted:         -                  -                  -                 5M (1%)     
[2026-04-03T03:18:49.946+0600][49.498s][info][gc,phases   ] GC(131) y: Young Generation 580M(58%)->498M(50%) 0.172s
[2026-04-03T03:18:49.946+0600][49.498s][info][gc          ] GC(131) Minor Collection (Allocation Rate) 580M(58%)->498M(50%) 0.173s
[2026-04-03T03:18:49.946+0600][49.498s][info][gc,alloc    ] GC(124) O:                         Mark Start        Mark End      Relocate Start    Relocate End   
[2026-04-03T03:18:49.946+0600][49.498s][info][gc,alloc    ] GC(124) O: Allocation Stalls:          0                0                0                0         
[2026-04-03T03:18:49.946+0600][49.498s][info][gc,load     ] GC(124) O: Load: 4.83 (40%) / 5.03 (42%) / 5.50 (46%)
[2026-04-03T03:18:49.946+0600][49.498s][info][gc,mmu      ] GC(124) O: MMU: 2ms/90.5%, 5ms/96.2%, 10ms/98.1%, 20ms/98.7%, 50ms/99.5%, 100ms/99.6%
[2026-04-03T03:18:49.946+0600][49.498s][info][gc,marking  ] GC(124) O: Mark: 1 stripe(s), 2 proactive flush(es), 1 terminate flush(es), 0 completion(s), 0 continuation(s) 
[2026-04-03T03:18:49.946+0600][49.498s][info][gc,marking  ] GC(124) O: Mark Stack Usage: 32M
[2026-04-03T03:18:49.946+0600][49.498s][info][gc,nmethod  ] GC(124) O: NMethods: 6597 registered, 750 unregistered
[2026-04-03T03:18:49.946+0600][49.498s][info][gc,metaspace] GC(124) O: Metaspace: 71M used, 72M committed, 1088M reserved
[2026-04-03T03:18:49.946+0600][49.498s][info][gc,ref      ] GC(124) O:                       Encountered   Discovered     Enqueued 
[2026-04-03T03:18:49.946+0600][49.498s][info][gc,ref      ] GC(124) O: Soft References:             5095            0            0 
[2026-04-03T03:18:49.946+0600][49.498s][info][gc,ref      ] GC(124) O: Weak References:             6517         5538            1 
[2026-04-03T03:18:49.946+0600][49.498s][info][gc,ref      ] GC(124) O: Final References:              84            0            0 
[2026-04-03T03:18:49.946+0600][49.498s][info][gc,ref      ] GC(124) O: Phantom References:           615          217            0 
[2026-04-03T03:18:49.946+0600][49.499s][info][gc,reloc    ] GC(124) O:                        Candidates     Selected     In-Place         Size        Empty    Relocated 
[2026-04-03T03:18:49.946+0600][49.499s][info][gc,reloc    ] GC(124) O: Small Pages:                  167           21            0         334M          84M           4M 
[2026-04-03T03:18:49.946+0600][49.499s][info][gc,reloc    ] GC(124) O: Medium Pages:                   2            0            0          32M          16M           0M 
[2026-04-03T03:18:49.946+0600][49.499s][info][gc,reloc    ] GC(124) O: Large Pages:                    9            0            0          72M          42M           0M 
[2026-04-03T03:18:49.946+0600][49.499s][info][gc,reloc    ] GC(124) O: Forwarding Usage: 10M
[2026-04-03T03:18:49.946+0600][49.499s][info][gc,heap     ] GC(124) O: Min Capacity: 8M(1%)
[2026-04-03T03:18:49.946+0600][49.499s][info][gc,heap     ] GC(124) O: Max Capacity: 1000M(100%)
[2026-04-03T03:18:49.946+0600][49.499s][info][gc,heap     ] GC(124) O: Soft Max Capacity: 1000M(100%)
[2026-04-03T03:18:49.946+0600][49.499s][info][gc,heap     ] GC(124) O: Heap Statistics:
[2026-04-03T03:18:49.946+0600][49.499s][info][gc,heap     ] GC(124) O:                Mark Start          Mark End        Relocate Start      Relocate End           High               Low         
[2026-04-03T03:18:49.946+0600][49.499s][info][gc,heap     ] GC(124) O:  Capacity:     1000M (100%)       1000M (100%)       1000M (100%)       1000M (100%)       1000M (100%)       1000M (100%)   
[2026-04-03T03:18:49.946+0600][49.499s][info][gc,heap     ] GC(124) O:      Free:      318M (32%)         172M (17%)         420M (42%)         426M (43%)         452M (45%)           0M (0%)     
[2026-04-03T03:18:49.946+0600][49.499s][info][gc,heap     ] GC(124) O:      Used:      682M (68%)         828M (83%)         580M (58%)         574M (57%)        1000M (100%)        548M (55%)    
[2026-04-03T03:18:49.946+0600][49.499s][info][gc,heap     ] GC(124) O: Old Generation Statistics:
[2026-04-03T03:18:49.946+0600][49.499s][info][gc,heap     ] GC(124) O:                Mark Start          Mark End        Relocate Start      Relocate End    
[2026-04-03T03:18:49.946+0600][49.499s][info][gc,heap     ] GC(124) O:      Used:      438M (44%)         522M (52%)         438M (44%)         394M (39%)    
[2026-04-03T03:18:49.946+0600][49.499s][info][gc,heap     ] GC(124) O:      Live:         -               237M (24%)         237M (24%)         237M (24%)    
[2026-04-03T03:18:49.946+0600][49.499s][info][gc,heap     ] GC(124) O:   Garbage:         -               200M (20%)          58M (6%)           14M (1%)     
[2026-04-03T03:18:49.946+0600][49.499s][info][gc,heap     ] GC(124) O: Allocated:         -                84M (8%)          142M (14%)         142M (14%)    
[2026-04-03T03:18:49.946+0600][49.499s][info][gc,heap     ] GC(124) O: Reclaimed:         -                  -               142M (14%)         186M (19%)    
[2026-04-03T03:18:49.946+0600][49.499s][info][gc,heap     ] GC(124) O: Compacted:         -                  -                  -                15M (2%)     
[2026-04-03T03:18:49.946+0600][49.499s][info][gc,phases   ] GC(124) O: Old Generation 796M(80%)->574M(57%) 1.976s
[2026-04-03T03:18:49.946+0600][49.499s][info][gc          ] GC(124) Major Collection (Allocation Rate) 682M(68%)->498M(50%) 2.284s
[2026-04-03T03:18:49.958+0600][49.510s][info][gc          ] GC(132) Major Collection (Allocation Rate)
[2026-04-03T03:18:49.958+0600][49.510s][info][gc,task     ] GC(132) Using 3 Workers for Young Generation
[2026-04-03T03:18:49.958+0600][49.510s][info][gc,task     ] GC(132) Using 1 Workers for Old Generation
[2026-04-03T03:18:49.958+0600][49.510s][info][gc,phases   ] GC(132) Y: Young Generation
[2026-04-03T03:18:49.958+0600][49.510s][info][gc,phases   ] GC(132) Y: Pause Mark Start (Major) 0.028ms
[2026-04-03T03:18:50.120+0600][49.673s][info][gc,phases   ] GC(132) Y: Concurrent Mark 162.304ms
[2026-04-03T03:18:50.121+0600][49.673s][info][gc,phases   ] GC(132) Y: Pause Mark End 0.036ms
[2026-04-03T03:18:50.121+0600][49.673s][info][gc,phases   ] GC(132) Y: Concurrent Mark Free 0.002ms
[2026-04-03T03:18:50.121+0600][49.673s][info][gc,phases   ] GC(132) Y: Concurrent Reset Relocation Set 0.019ms
[2026-04-03T03:18:50.127+0600][49.679s][info][gc,reloc    ] GC(132) Y: Using tenuring threshold: 2 (Computed)
[2026-04-03T03:18:50.138+0600][49.690s][info][gc,phases   ] GC(132) Y: Concurrent Select Relocation Set 16.707ms
[2026-04-03T03:18:50.138+0600][49.690s][info][gc,phases   ] GC(132) Y: Pause Relocate Start 0.037ms
[2026-04-03T03:18:50.160+0600][49.712s][info][gc,phases   ] GC(132) Y: Concurrent Relocate 21.604ms
[2026-04-03T03:18:50.160+0600][49.712s][info][gc,alloc    ] GC(132) Y:                         Mark Start        Mark End      Relocate Start    Relocate End   
[2026-04-03T03:18:50.160+0600][49.712s][info][gc,alloc    ] GC(132) Y: Allocation Stalls:          0                0                0                0         
[2026-04-03T03:18:50.160+0600][49.712s][info][gc,load     ] GC(132) Y: Load: 4.83 (40%) / 5.03 (42%) / 5.50 (46%)
[2026-04-03T03:18:50.160+0600][49.712s][info][gc,mmu      ] GC(132) Y: MMU: 2ms/90.5%, 5ms/96.2%, 10ms/98.1%, 20ms/98.7%, 50ms/99.5%, 100ms/99.6%
[2026-04-03T03:18:50.160+0600][49.712s][info][gc,marking  ] GC(132) Y: Mark: 2 stripe(s), 10 proactive flush(es), 1 terminate flush(es), 0 completion(s), 0 continuation(s) 
[2026-04-03T03:18:50.160+0600][49.712s][info][gc,marking  ] GC(132) Y: Mark Stack Usage: 32M
[2026-04-03T03:18:50.160+0600][49.712s][info][gc,nmethod  ] GC(132) Y: NMethods: 6597 registered, 750 unregistered
[2026-04-03T03:18:50.160+0600][49.712s][info][gc,metaspace] GC(132) Y: Metaspace: 71M used, 72M committed, 1088M reserved
[2026-04-03T03:18:50.160+0600][49.712s][info][gc,reloc    ] GC(132) Y:                        Candidates     Selected     In-Place         Size        Empty    Relocated 
[2026-04-03T03:18:50.160+0600][49.712s][info][gc,reloc    ] GC(132) Y: Small Pages:                   42           30            0          84M           0M           3M 
[2026-04-03T03:18:50.160+0600][49.712s][info][gc,reloc    ] GC(132) Y: Medium Pages:                   1            0            0          16M          16M           0M 
[2026-04-03T03:18:50.160+0600][49.713s][info][gc,reloc    ] GC(132) Y: Large Pages:                    2            0            0           8M           0M           0M 
[2026-04-03T03:18:50.160+0600][49.713s][info][gc,reloc    ] GC(132) Y: Forwarding Usage: 3M
[2026-04-03T03:18:50.160+0600][49.713s][info][gc,reloc    ] GC(132) Y: Age Table:
[2026-04-03T03:18:50.160+0600][49.713s][info][gc,reloc    ] GC(132) Y:                    Live             Garbage             Small              Medium             Large        
[2026-04-03T03:18:50.160+0600][49.713s][info][gc,reloc    ] GC(132) Y: Eden               6M (1%)           41M (4%)          22 / 20             0 / 0              1 / 0        
[2026-04-03T03:18:50.160+0600][49.713s][info][gc,reloc    ] GC(132) Y: Survivor 1         6M (1%)           19M (2%)           3 / 2              1 / 0              1 / 0        
[2026-04-03T03:18:50.160+0600][49.713s][info][gc,reloc    ] GC(132) Y: Survivor 2         9M (1%)            8M (1%)           9 / 4              0 / 0              0 / 0        
[2026-04-03T03:18:50.160+0600][49.713s][info][gc,reloc    ] GC(132) Y: Survivor 3         6M (1%)            9M (1%)           8 / 4              0 / 0              0 / 0        
[2026-04-03T03:18:50.160+0600][49.713s][info][gc,heap     ] GC(132) Y: Min Capacity: 8M(1%)
[2026-04-03T03:18:50.160+0600][49.713s][info][gc,heap     ] GC(132) Y: Max Capacity: 1000M(100%)
[2026-04-03T03:18:50.160+0600][49.713s][info][gc,heap     ] GC(132) Y: Soft Max Capacity: 1000M(100%)
[2026-04-03T03:18:50.160+0600][49.713s][info][gc,heap     ] GC(132) Y: Heap Statistics:
[2026-04-03T03:18:50.160+0600][49.713s][info][gc,heap     ] GC(132) Y:                Mark Start          Mark End        Relocate Start      Relocate End           High               Low         
[2026-04-03T03:18:50.160+0600][49.713s][info][gc,heap     ] GC(132) Y:  Capacity:     1000M (100%)       1000M (100%)       1000M (100%)       1000M (100%)       1000M (100%)       1000M (100%)   
[2026-04-03T03:18:50.160+0600][49.713s][info][gc,heap     ] GC(132) Y:      Free:      498M (50%)         460M (46%)         476M (48%)         516M (52%)         516M (52%)         460M (46%)    
[2026-04-03T03:18:50.160+0600][49.713s][info][gc,heap     ] GC(132) Y:      Used:      502M (50%)         540M (54%)         524M (52%)         484M (48%)         540M (54%)         484M (48%)    
[2026-04-03T03:18:50.161+0600][49.713s][info][gc,heap     ] GC(132) Y: Young Generation Statistics:
[2026-04-03T03:18:50.161+0600][49.713s][info][gc,heap     ] GC(132) Y:                Mark Start          Mark End        Relocate Start      Relocate End    
[2026-04-03T03:18:50.161+0600][49.713s][info][gc,heap     ] GC(132) Y:      Used:      108M (11%)         146M (15%)         114M (11%)          62M (6%)     
[2026-04-03T03:18:50.161+0600][49.713s][info][gc,heap     ] GC(132) Y:      Live:         -                28M (3%)           14M (1%)           12M (1%)     
[2026-04-03T03:18:50.161+0600][49.713s][info][gc,heap     ] GC(132) Y:   Garbage:         -                79M (8%)           61M (6%)            0M (0%)     
[2026-04-03T03:18:50.161+0600][49.713s][info][gc,heap     ] GC(132) Y: Allocated:         -                38M (4%)           38M (4%)           48M (5%)     
[2026-04-03T03:18:50.161+0600][49.713s][info][gc,heap     ] GC(132) Y: Reclaimed:         -                  -                18M (2%)           79M (8%)     
[2026-04-03T03:18:50.161+0600][49.713s][info][gc,heap     ] GC(132) Y:  Promoted:         -                  -                13M (1%)           15M (2%)     
[2026-04-03T03:18:50.161+0600][49.713s][info][gc,heap     ] GC(132) Y: Compacted:         -                  -                  -                 3M (0%)     
[2026-04-03T03:18:50.161+0600][49.713s][info][gc,phases   ] GC(132) Y: Young Generation 502M(50%)->484M(48%) 0.202s
[2026-04-03T03:18:50.161+0600][49.713s][info][gc,phases   ] GC(132) O: Old Generation
[2026-04-03T03:18:50.169+0600][49.721s][info][gc          ] GC(133) Minor Collection (Allocation Rate)
[2026-04-03T03:18:50.169+0600][49.721s][info][gc,task     ] GC(133) Using 2 Workers for Young Generation
[2026-04-03T03:18:50.169+0600][49.721s][info][gc,phases   ] GC(133) y: Young Generation
[2026-04-03T03:18:50.169+0600][49.722s][info][gc,phases   ] GC(133) y: Pause Mark Start 0.032ms
[2026-04-03T03:18:50.320+0600][49.873s][info][gc,phases   ] GC(133) y: Concurrent Mark 150.940ms
[2026-04-03T03:18:50.321+0600][49.873s][info][gc,phases   ] GC(133) y: Pause Mark End 0.042ms
[2026-04-03T03:18:50.321+0600][49.873s][info][gc,phases   ] GC(133) y: Concurrent Mark Free 0.003ms
[2026-04-03T03:18:50.321+0600][49.873s][info][gc,phases   ] GC(133) y: Concurrent Reset Relocation Set 0.032ms
[2026-04-03T03:18:50.327+0600][49.879s][info][gc,reloc    ] GC(133) y: Using tenuring threshold: 2 (Computed)
[2026-04-03T03:18:50.333+0600][49.885s][info][gc,phases   ] GC(133) y: Concurrent Select Relocation Set 12.142ms
[2026-04-03T03:18:50.334+0600][49.886s][info][gc,phases   ] GC(133) y: Pause Relocate Start 0.042ms
[2026-04-03T03:18:50.356+0600][49.908s][info][gc,phases   ] GC(133) y: Concurrent Relocate 22.475ms
[2026-04-03T03:18:50.356+0600][49.908s][info][gc,alloc    ] GC(133) y:                         Mark Start        Mark End      Relocate Start    Relocate End   
[2026-04-03T03:18:50.356+0600][49.908s][info][gc,alloc    ] GC(133) y: Allocation Stalls:          0                0                0                0         
[2026-04-03T03:18:50.356+0600][49.908s][info][gc,load     ] GC(133) y: Load: 4.83 (40%) / 5.03 (42%) / 5.50 (46%)
[2026-04-03T03:18:50.356+0600][49.909s][info][gc,mmu      ] GC(133) y: MMU: 2ms/90.5%, 5ms/96.2%, 10ms/98.1%, 20ms/98.7%, 50ms/99.5%, 100ms/99.6%
[2026-04-03T03:18:50.356+0600][49.909s][info][gc,marking  ] GC(133) y: Mark: 2 stripe(s), 10 proactive flush(es), 1 terminate flush(es), 0 completion(s), 0 continuation(s) 
[2026-04-03T03:18:50.356+0600][49.909s][info][gc,marking  ] GC(133) y: Mark Stack Usage: 32M
[2026-04-03T03:18:50.356+0600][49.909s][info][gc,nmethod  ] GC(133) y: NMethods: 6600 registered, 750 unregistered
[2026-04-03T03:18:50.356+0600][49.909s][info][gc,metaspace] GC(133) y: Metaspace: 71M used, 72M committed, 1088M reserved
[2026-04-03T03:18:50.356+0600][49.909s][info][gc,reloc    ] GC(133) y:                        Candidates     Selected     In-Place         Size        Empty    Relocated 
[2026-04-03T03:18:50.356+0600][49.909s][info][gc,reloc    ] GC(133) y: Small Pages:                   18           14            0          36M           0M           2M 
[2026-04-03T03:18:50.356+0600][49.909s][info][gc,reloc    ] GC(133) y: Medium Pages:                   0            0            0           0M           0M           0M 
[2026-04-03T03:18:50.356+0600][49.909s][info][gc,reloc    ] GC(133) y: Large Pages:                    3            0            0          26M           0M           0M 
[2026-04-03T03:18:50.356+0600][49.909s][info][gc,reloc    ] GC(133) y: Forwarding Usage: 2M
[2026-04-03T03:18:50.356+0600][49.909s][info][gc,reloc    ] GC(133) y: Age Table:
[2026-04-03T03:18:50.356+0600][49.909s][info][gc,reloc    ] GC(133) y:                    Live             Garbage             Small              Medium             Large        
[2026-04-03T03:18:50.356+0600][49.909s][info][gc,reloc    ] GC(133) y: Eden              18M (2%)           19M (2%)          10 / 9              0 / 0              1 / 0        
[2026-04-03T03:18:50.356+0600][49.909s][info][gc,reloc    ] GC(133) y: Survivor 1         6M (1%)            5M (1%)           4 / 3              0 / 0              1 / 0        
[2026-04-03T03:18:50.356+0600][49.909s][info][gc,reloc    ] GC(133) y: Survivor 2         6M (1%)            5M (1%)           4 / 2              0 / 0              1 / 0        
[2026-04-03T03:18:50.356+0600][49.909s][info][gc,heap     ] GC(133) y: Min Capacity: 8M(1%)
[2026-04-03T03:18:50.356+0600][49.909s][info][gc,heap     ] GC(133) y: Max Capacity: 1000M(100%)
[2026-04-03T03:18:50.356+0600][49.909s][info][gc,heap     ] GC(133) y: Soft Max Capacity: 1000M(100%)
[2026-04-03T03:18:50.356+0600][49.909s][info][gc,heap     ] GC(133) y: Heap Statistics:
[2026-04-03T03:18:50.356+0600][49.909s][info][gc,heap     ] GC(133) y:                Mark Start          Mark End        Relocate Start      Relocate End           High               Low         
[2026-04-03T03:18:50.357+0600][49.909s][info][gc,heap     ] GC(133) y:  Capacity:     1000M (100%)       1000M (100%)       1000M (100%)       1000M (100%)       1000M (100%)       1000M (100%)   
[2026-04-03T03:18:50.357+0600][49.909s][info][gc,heap     ] GC(133) y:      Free:      516M (52%)         464M (46%)         460M (46%)         466M (47%)         516M (52%)         456M (46%)    
[2026-04-03T03:18:50.357+0600][49.909s][info][gc,heap     ] GC(133) y:      Used:      484M (48%)         536M (54%)         540M (54%)         534M (53%)         544M (54%)         484M (48%)    
[2026-04-03T03:18:50.357+0600][49.909s][info][gc,heap     ] GC(133) y: Young Generation Statistics:
[2026-04-03T03:18:50.357+0600][49.909s][info][gc,heap     ] GC(133) y:                Mark Start          Mark End        Relocate Start      Relocate End    
[2026-04-03T03:18:50.357+0600][49.909s][info][gc,heap     ] GC(133) y:      Used:       62M (6%)          114M (11%)         110M (11%)         102M (10%)    
[2026-04-03T03:18:50.357+0600][49.909s][info][gc,heap     ] GC(133) y:      Live:         -                31M (3%)           25M (3%)           25M (3%)     
[2026-04-03T03:18:50.357+0600][49.909s][info][gc,heap     ] GC(133) y:   Garbage:         -                30M (3%)           28M (3%)            0M (0%)     
[2026-04-03T03:18:50.357+0600][49.909s][info][gc,heap     ] GC(133) y: Allocated:         -                52M (5%)           56M (6%)           76M (8%)     
[2026-04-03T03:18:50.357+0600][49.909s][info][gc,heap     ] GC(133) y: Reclaimed:         -                  -                 1M (0%)           30M (3%)     
[2026-04-03T03:18:50.357+0600][49.909s][info][gc,heap     ] GC(133) y:  Promoted:         -                  -                 6M (1%)            6M (1%)     
[2026-04-03T03:18:50.357+0600][49.909s][info][gc,heap     ] GC(133) y: Compacted:         -                  -                  -                 3M (0%)     
[2026-04-03T03:18:50.357+0600][49.909s][info][gc,phases   ] GC(133) y: Young Generation 484M(48%)->534M(53%) 0.187s
[2026-04-03T03:18:50.357+0600][49.909s][info][gc          ] GC(133) Minor Collection (Allocation Rate) 484M(48%)->534M(53%) 0.188s
[2026-04-03T03:18:50.357+0600][49.909s][info][gc,task     ] Adjusting Workers for Old Generation: 1 -> 2
[2026-04-03T03:18:50.357+0600][49.909s][info][gc          ] GC(134) Minor Collection (Allocation Rate)
[2026-04-03T03:18:50.357+0600][49.909s][info][gc,task     ] GC(134) Using 1 Workers for Young Generation
[2026-04-03T03:18:50.357+0600][49.909s][info][gc,phases   ] GC(134) y: Young Generation
[2026-04-03T03:18:50.367+0600][49.919s][info][gc,phases   ] GC(134) y: Pause Mark Start 0.033ms
[2026-04-03T03:18:50.587+0600][50.139s][info][gc,phases   ] GC(134) y: Concurrent Mark 219.377ms
[2026-04-03T03:18:50.587+0600][50.139s][info][gc,phases   ] GC(134) y: Pause Mark End 0.052ms
[2026-04-03T03:18:50.587+0600][50.140s][info][gc,phases   ] GC(134) y: Concurrent Mark Free 0.004ms
[2026-04-03T03:18:50.588+0600][50.140s][info][gc,phases   ] GC(134) y: Concurrent Reset Relocation Set 0.020ms
[2026-04-03T03:18:50.590+0600][50.142s][info][gc,reloc    ] GC(134) y: Using tenuring threshold: 1 (Computed)
[2026-04-03T03:18:50.612+0600][50.164s][info][gc,phases   ] GC(134) y: Concurrent Select Relocation Set 24.033ms
[2026-04-03T03:18:50.612+0600][50.164s][info][gc,phases   ] GC(134) y: Pause Relocate Start 0.032ms
[2026-04-03T03:18:50.726+0600][50.278s][info][gc,phases   ] GC(134) y: Concurrent Relocate 113.428ms
[2026-04-03T03:18:50.726+0600][50.278s][info][gc,alloc    ] GC(134) y:                         Mark Start        Mark End      Relocate Start    Relocate End   
[2026-04-03T03:18:50.726+0600][50.278s][info][gc,alloc    ] GC(134) y: Allocation Stalls:          0                0                0                0         
[2026-04-03T03:18:50.726+0600][50.278s][info][gc,load     ] GC(134) y: Load: 4.92 (41%) / 5.04 (42%) / 5.51 (46%)
[2026-04-03T03:18:50.726+0600][50.278s][info][gc,mmu      ] GC(134) y: MMU: 2ms/90.5%, 5ms/96.2%, 10ms/98.1%, 20ms/98.7%, 50ms/99.5%, 100ms/99.6%
[2026-04-03T03:18:50.726+0600][50.278s][info][gc,marking  ] GC(134) y: Mark: 1 stripe(s), 2 proactive flush(es), 1 terminate flush(es), 0 completion(s), 0 continuation(s) 
[2026-04-03T03:18:50.726+0600][50.278s][info][gc,marking  ] GC(134) y: Mark Stack Usage: 32M
[2026-04-03T03:18:50.726+0600][50.278s][info][gc,nmethod  ] GC(134) y: NMethods: 6624 registered, 750 unregistered
[2026-04-03T03:18:50.726+0600][50.278s][info][gc,metaspace] GC(134) y: Metaspace: 71M used, 72M committed, 1088M reserved
[2026-04-03T03:18:50.726+0600][50.278s][info][gc,reloc    ] GC(134) y:                        Candidates     Selected     In-Place         Size        Empty    Relocated 
[2026-04-03T03:18:50.726+0600][50.278s][info][gc,reloc    ] GC(134) y: Small Pages:                   38           34            0          76M           0M           2M 
[2026-04-03T03:18:50.726+0600][50.278s][info][gc,reloc    ] GC(134) y: Medium Pages:                   0            0            0           0M           0M           0M 
[2026-04-03T03:18:50.726+0600][50.278s][info][gc,reloc    ] GC(134) y: Large Pages:                    3            0            0          26M           0M           0M 
[2026-04-03T03:18:50.726+0600][50.278s][info][gc,reloc    ] GC(134) y: Forwarding Usage: 2M
[2026-04-03T03:18:50.726+0600][50.278s][info][gc,reloc    ] GC(134) y: Age Table:
[2026-04-03T03:18:50.726+0600][50.278s][info][gc,reloc    ] GC(134) y:                    Live             Garbage             Small              Medium             Large        
[2026-04-03T03:18:50.726+0600][50.278s][info][gc,reloc    ] GC(134) y: Eden               6M (1%)           61M (6%)          32 / 31             0 / 0              1 / 0        
[2026-04-03T03:18:50.726+0600][50.278s][info][gc,reloc    ] GC(134) y: Survivor 1        18M (2%)            5M (1%)           3 / 2              0 / 0              1 / 0        
[2026-04-03T03:18:50.726+0600][50.278s][info][gc,reloc    ] GC(134) y: Survivor 2         6M (1%)            3M (0%)           3 / 1              0 / 0              1 / 0        
[2026-04-03T03:18:50.726+0600][50.278s][info][gc,heap     ] GC(134) y: Min Capacity: 8M(1%)
[2026-04-03T03:18:50.726+0600][50.278s][info][gc,heap     ] GC(134) y: Max Capacity: 1000M(100%)
[2026-04-03T03:18:50.726+0600][50.278s][info][gc,heap     ] GC(134) y: Soft Max Capacity: 1000M(100%)
[2026-04-03T03:18:50.726+0600][50.278s][info][gc,heap     ] GC(134) y: Heap Statistics:
[2026-04-03T03:18:50.726+0600][50.278s][info][gc,heap     ] GC(134) y:                Mark Start          Mark End        Relocate Start      Relocate End           High               Low         
[2026-04-03T03:18:50.726+0600][50.278s][info][gc,heap     ] GC(134) y:  Capacity:     1000M (100%)       1000M (100%)       1000M (100%)       1000M (100%)       1000M (100%)       1000M (100%)   
[2026-04-03T03:18:50.726+0600][50.278s][info][gc,heap     ] GC(134) y:      Free:      466M (47%)         382M (38%)         364M (36%)         416M (42%)         466M (47%)         358M (36%)    
[2026-04-03T03:18:50.726+0600][50.278s][info][gc,heap     ] GC(134) y:      Used:      534M (53%)         618M (62%)         636M (64%)         584M (58%)         642M (64%)         534M (53%)    
[2026-04-03T03:18:50.726+0600][50.278s][info][gc,heap     ] GC(134) y: Young Generation Statistics:
[2026-04-03T03:18:50.726+0600][50.278s][info][gc,heap     ] GC(134) y:                Mark Start          Mark End        Relocate Start      Relocate End    
[2026-04-03T03:18:50.726+0600][50.278s][info][gc,heap     ] GC(134) y:      Used:      102M (10%)         186M (19%)         178M (18%)         124M (12%)    
[2026-04-03T03:18:50.726+0600][50.278s][info][gc,heap     ] GC(134) y:      Live:         -                31M (3%)            7M (1%)            6M (1%)     
[2026-04-03T03:18:50.726+0600][50.278s][info][gc,heap     ] GC(134) y:   Garbage:         -                70M (7%)           68M (7%)            0M (0%)     
[2026-04-03T03:18:50.726+0600][50.278s][info][gc,heap     ] GC(134) y: Allocated:         -                84M (8%)          102M (10%)         117M (12%)    
[2026-04-03T03:18:50.726+0600][50.278s][info][gc,heap     ] GC(134) y: Reclaimed:         -                  -                 1M (0%)           70M (7%)     
[2026-04-03T03:18:50.726+0600][50.278s][info][gc,heap     ] GC(134) y:  Promoted:         -                  -                24M (2%)           25M (3%)     
[2026-04-03T03:18:50.726+0600][50.278s][info][gc,heap     ] GC(134) y: Compacted:         -                  -                  -                 2M (0%)     
[2026-04-03T03:18:50.726+0600][50.278s][info][gc,phases   ] GC(134) y: Young Generation 534M(53%)->584M(58%) 0.369s
[2026-04-03T03:18:50.726+0600][50.278s][info][gc          ] GC(134) Minor Collection (Allocation Rate) 534M(53%)->584M(58%) 0.369s
[2026-04-03T03:18:50.726+0600][50.279s][info][gc,task     ] Adjusting Workers for Old Generation: 2 -> 1
[2026-04-03T03:18:50.726+0600][50.279s][info][gc          ] GC(135) Minor Collection (Allocation Rate)
[2026-04-03T03:18:50.726+0600][50.279s][info][gc,task     ] GC(135) Using 2 Workers for Young Generation
[2026-04-03T03:18:50.726+0600][50.279s][info][gc,phases   ] GC(135) y: Young Generation
[2026-04-03T03:18:50.728+0600][50.280s][info][gc,phases   ] GC(135) y: Pause Mark Start 0.036ms
[2026-04-03T03:18:50.842+0600][50.394s][info][gc,phases   ] GC(135) y: Concurrent Mark 113.626ms
[2026-04-03T03:18:50.842+0600][50.394s][info][gc,phases   ] GC(135) y: Pause Mark End 0.044ms
[2026-04-03T03:18:50.842+0600][50.395s][info][gc,phases   ] GC(135) y: Concurrent Mark Free 0.004ms
[2026-04-03T03:18:50.843+0600][50.395s][info][gc,phases   ] GC(135) y: Concurrent Reset Relocation Set 0.029ms
[2026-04-03T03:18:50.845+0600][50.397s][info][gc,reloc    ] GC(135) y: Using tenuring threshold: 2 (Computed)
[2026-04-03T03:18:50.846+0600][50.398s][info][gc,phases   ] GC(135) y: Concurrent Select Relocation Set 3.405ms
[2026-04-03T03:18:50.846+0600][50.399s][info][gc,phases   ] GC(135) y: Pause Relocate Start 0.023ms
[2026-04-03T03:18:50.858+0600][50.410s][info][gc,phases   ] GC(135) y: Concurrent Relocate 11.602ms
[2026-04-03T03:18:50.858+0600][50.411s][info][gc,alloc    ] GC(135) y:                         Mark Start        Mark End      Relocate Start    Relocate End   
[2026-04-03T03:18:50.858+0600][50.411s][info][gc,alloc    ] GC(135) y: Allocation Stalls:          0                0                0                0         
[2026-04-03T03:18:50.858+0600][50.411s][info][gc,load     ] GC(135) y: Load: 4.92 (41%) / 5.04 (42%) / 5.51 (46%)
[2026-04-03T03:18:50.858+0600][50.411s][info][gc,mmu      ] GC(135) y: MMU: 2ms/90.5%, 5ms/96.2%, 10ms/98.1%, 20ms/98.7%, 50ms/99.5%, 100ms/99.6%
[2026-04-03T03:18:50.858+0600][50.411s][info][gc,marking  ] GC(135) y: Mark: 2 stripe(s), 4 proactive flush(es), 1 terminate flush(es), 0 completion(s), 0 continuation(s) 
[2026-04-03T03:18:50.858+0600][50.411s][info][gc,marking  ] GC(135) y: Mark Stack Usage: 32M
[2026-04-03T03:18:50.858+0600][50.411s][info][gc,nmethod  ] GC(135) y: NMethods: 6634 registered, 750 unregistered
[2026-04-03T03:18:50.858+0600][50.411s][info][gc,metaspace] GC(135) y: Metaspace: 71M used, 72M committed, 1088M reserved
[2026-04-03T03:18:50.858+0600][50.411s][info][gc,reloc    ] GC(135) y:                        Candidates     Selected     In-Place         Size        Empty    Relocated 
[2026-04-03T03:18:50.858+0600][50.411s][info][gc,reloc    ] GC(135) y: Small Pages:                   50           42            0         100M          10M           3M 
[2026-04-03T03:18:50.858+0600][50.411s][info][gc,reloc    ] GC(135) y: Medium Pages:                   1            0            0          16M           0M           0M 
[2026-04-03T03:18:50.859+0600][50.411s][info][gc,reloc    ] GC(135) y: Large Pages:                    2            0            0           8M           0M           0M 
[2026-04-03T03:18:50.859+0600][50.411s][info][gc,reloc    ] GC(135) y: Forwarding Usage: 2M
[2026-04-03T03:18:50.859+0600][50.411s][info][gc,reloc    ] GC(135) y: Age Table:
[2026-04-03T03:18:50.859+0600][50.411s][info][gc,reloc    ] GC(135) y:                    Live             Garbage             Small              Medium             Large        
[2026-04-03T03:18:50.859+0600][50.411s][info][gc,reloc    ] GC(135) y: Eden               7M (1%)          106M (11%)         47 / 40             1 / 0              1 / 0        
[2026-04-03T03:18:50.859+0600][50.411s][info][gc,reloc    ] GC(135) y: Survivor 1         6M (1%)            3M (0%)           3 / 2              0 / 0              1 / 0        
[2026-04-03T03:18:50.859+0600][50.411s][info][gc,heap     ] GC(135) y: Min Capacity: 8M(1%)
[2026-04-03T03:18:50.859+0600][50.411s][info][gc,heap     ] GC(135) y: Max Capacity: 1000M(100%)
[2026-04-03T03:18:50.859+0600][50.411s][info][gc,heap     ] GC(135) y: Soft Max Capacity: 1000M(100%)
[2026-04-03T03:18:50.859+0600][50.411s][info][gc,heap     ] GC(135) y: Heap Statistics:
[2026-04-03T03:18:50.859+0600][50.411s][info][gc,heap     ] GC(135) y:                Mark Start          Mark End        Relocate Start      Relocate End           High               Low         
[2026-04-03T03:18:50.859+0600][50.411s][info][gc,heap     ] GC(135) y:  Capacity:     1000M (100%)       1000M (100%)       1000M (100%)       1000M (100%)       1000M (100%)       1000M (100%)   
[2026-04-03T03:18:50.859+0600][50.411s][info][gc,heap     ] GC(135) y:      Free:      416M (42%)         384M (38%)         394M (39%)         458M (46%)         460M (46%)         384M (38%)    
[2026-04-03T03:18:50.859+0600][50.411s][info][gc,heap     ] GC(135) y:      Used:      584M (58%)         616M (62%)         606M (61%)         542M (54%)         616M (62%)         540M (54%)    
[2026-04-03T03:18:50.859+0600][50.411s][info][gc,heap     ] GC(135) y: Young Generation Statistics:
[2026-04-03T03:18:50.859+0600][50.411s][info][gc,heap     ] GC(135) y:                Mark Start          Mark End        Relocate Start      Relocate End    
[2026-04-03T03:18:50.859+0600][50.411s][info][gc,heap     ] GC(135) y:      Used:      124M (12%)         156M (16%)         146M (15%)          82M (8%)     
[2026-04-03T03:18:50.859+0600][50.411s][info][gc,heap     ] GC(135) y:      Live:         -                13M (1%)           13M (1%)           13M (1%)     
[2026-04-03T03:18:50.859+0600][50.411s][info][gc,heap     ] GC(135) y:   Garbage:         -               110M (11%)         100M (10%)          15M (2%)     
[2026-04-03T03:18:50.859+0600][50.411s][info][gc,heap     ] GC(135) y: Allocated:         -                32M (3%)           32M (3%)           52M (5%)     
[2026-04-03T03:18:50.859+0600][50.411s][info][gc,heap     ] GC(135) y: Reclaimed:         -                  -                10M (1%)           94M (9%)     
[2026-04-03T03:18:50.859+0600][50.411s][info][gc,heap     ] GC(135) y:  Promoted:         -                  -                 0M (0%)            0M (0%)     
[2026-04-03T03:18:50.859+0600][50.411s][info][gc,heap     ] GC(135) y: Compacted:         -                  -                  -                 3M (0%)     
[2026-04-03T03:18:50.859+0600][50.411s][info][gc,phases   ] GC(135) y: Young Generation 584M(58%)->542M(54%) 0.132s
[2026-04-03T03:18:50.859+0600][50.411s][info][gc          ] GC(135) Minor Collection (Allocation Rate) 584M(58%)->544M(54%) 0.133s
[2026-04-03T03:18:51.324+0600][50.876s][info][gc          ] GC(136) Minor Collection (Allocation Rate)
[2026-04-03T03:18:51.324+0600][50.876s][info][gc,task     ] GC(136) Using 2 Workers for Young Generation
[2026-04-03T03:18:51.324+0600][50.876s][info][gc,phases   ] GC(136) y: Young Generation
[2026-04-03T03:18:51.325+0600][50.877s][info][gc,phases   ] GC(136) y: Pause Mark Start 0.030ms
[2026-04-03T03:18:51.383+0600][50.936s][info][gc,phases   ] GC(136) y: Concurrent Mark 58.377ms
[2026-04-03T03:18:51.383+0600][50.936s][info][gc,phases   ] GC(136) y: Pause Mark End 0.023ms
[2026-04-03T03:18:51.384+0600][50.936s][info][gc,phases   ] GC(136) y: Concurrent Mark Free 0.001ms
[2026-04-03T03:18:51.384+0600][50.936s][info][gc,phases   ] GC(136) y: Concurrent Reset Relocation Set 0.006ms
[2026-04-03T03:18:51.388+0600][50.940s][info][gc,reloc    ] GC(136) y: Using tenuring threshold: 1 (Computed)
[2026-04-03T03:18:51.395+0600][50.947s][info][gc,phases   ] GC(136) y: Concurrent Select Relocation Set 10.932ms
[2026-04-03T03:18:51.395+0600][50.947s][info][gc,phases   ] GC(136) y: Pause Relocate Start 0.020ms
[2026-04-03T03:18:51.413+0600][50.966s][info][gc,phases   ] GC(136) y: Concurrent Relocate 18.236ms
[2026-04-03T03:18:51.413+0600][50.966s][info][gc,alloc    ] GC(136) y:                         Mark Start        Mark End      Relocate Start    Relocate End   
[2026-04-03T03:18:51.413+0600][50.966s][info][gc,alloc    ] GC(136) y: Allocation Stalls:          0                0                0                0         
[2026-04-03T03:18:51.414+0600][50.966s][info][gc,load     ] GC(136) y: Load: 4.92 (41%) / 5.04 (42%) / 5.51 (46%)
[2026-04-03T03:18:51.414+0600][50.966s][info][gc,mmu      ] GC(136) y: MMU: 2ms/90.5%, 5ms/96.2%, 10ms/98.1%, 20ms/98.7%, 50ms/99.5%, 100ms/99.6%
[2026-04-03T03:18:51.414+0600][50.966s][info][gc,marking  ] GC(136) y: Mark: 2 stripe(s), 9 proactive flush(es), 1 terminate flush(es), 0 completion(s), 0 continuation(s) 
[2026-04-03T03:18:51.414+0600][50.966s][info][gc,marking  ] GC(136) y: Mark Stack Usage: 32M
[2026-04-03T03:18:51.414+0600][50.966s][info][gc,nmethod  ] GC(136) y: NMethods: 6671 registered, 750 unregistered
[2026-04-03T03:18:51.414+0600][50.966s][info][gc,metaspace] GC(136) y: Metaspace: 71M used, 72M committed, 1088M reserved
[2026-04-03T03:18:51.414+0600][50.966s][info][gc,reloc    ] GC(136) y:                        Candidates     Selected     In-Place         Size        Empty    Relocated 
[2026-04-03T03:18:51.414+0600][50.966s][info][gc,reloc    ] GC(136) y: Small Pages:                   27           18            0          54M          10M           0M 
[2026-04-03T03:18:51.414+0600][50.966s][info][gc,reloc    ] GC(136) y: Medium Pages:                   2            0            0          32M          32M           0M 
[2026-04-03T03:18:51.414+0600][50.966s][info][gc,reloc    ] GC(136) y: Large Pages:                    4            0            0          16M           8M           0M 
[2026-04-03T03:18:51.414+0600][50.966s][info][gc,reloc    ] GC(136) y: Forwarding Usage: 0M
[2026-04-03T03:18:51.414+0600][50.966s][info][gc,reloc    ] GC(136) y: Age Table:
[2026-04-03T03:18:51.414+0600][50.966s][info][gc,reloc    ] GC(136) y:                    Live             Garbage             Small              Medium             Large        
[2026-04-03T03:18:51.414+0600][50.966s][info][gc,reloc    ] GC(136) y: Eden               0M (0%)           57M (6%)          17 / 11             1 / 0              2 / 0        
[2026-04-03T03:18:51.414+0600][50.966s][info][gc,reloc    ] GC(136) y: Survivor 1         7M (1%)           24M (2%)           6 / 4              1 / 0              1 / 0        
[2026-04-03T03:18:51.414+0600][50.966s][info][gc,reloc    ] GC(136) y: Survivor 2         6M (1%)            5M (1%)           4 / 3              0 / 0              1 / 0        
[2026-04-03T03:18:51.414+0600][50.966s][info][gc,heap     ] GC(136) y: Min Capacity: 8M(1%)
[2026-04-03T03:18:51.414+0600][50.966s][info][gc,heap     ] GC(136) y: Max Capacity: 1000M(100%)
[2026-04-03T03:18:51.414+0600][50.966s][info][gc,heap     ] GC(136) y: Soft Max Capacity: 1000M(100%)
[2026-04-03T03:18:51.414+0600][50.966s][info][gc,heap     ] GC(136) y: Heap Statistics:
[2026-04-03T03:18:51.414+0600][50.966s][info][gc,heap     ] GC(136) y:                Mark Start          Mark End        Relocate Start      Relocate End           High               Low         
[2026-04-03T03:18:51.414+0600][50.966s][info][gc,heap     ] GC(136) y:  Capacity:     1000M (100%)       1000M (100%)       1000M (100%)       1000M (100%)       1000M (100%)       1000M (100%)   
[2026-04-03T03:18:51.414+0600][50.966s][info][gc,heap     ] GC(136) y:      Free:      438M (44%)         430M (43%)         480M (48%)         474M (47%)         494M (49%)         430M (43%)    
[2026-04-03T03:18:51.414+0600][50.966s][info][gc,heap     ] GC(136) y:      Used:      562M (56%)         570M (57%)         520M (52%)         526M (53%)         570M (57%)         506M (51%)    
[2026-04-03T03:18:51.414+0600][50.966s][info][gc,heap     ] GC(136) y: Young Generation Statistics:
[2026-04-03T03:18:51.414+0600][50.966s][info][gc,heap     ] GC(136) y:                Mark Start          Mark End        Relocate Start      Relocate End    
[2026-04-03T03:18:51.414+0600][50.966s][info][gc,heap     ] GC(136) y:      Used:      102M (10%)         110M (11%)          46M (5%)           48M (5%)     
[2026-04-03T03:18:51.414+0600][50.966s][info][gc,heap     ] GC(136) y:      Live:         -                13M (1%)            0M (0%)            0M (0%)     
[2026-04-03T03:18:51.414+0600][50.966s][info][gc,heap     ] GC(136) y:   Garbage:         -                88M (9%)           37M (4%)            0M (0%)     
[2026-04-03T03:18:51.414+0600][50.966s][info][gc,heap     ] GC(136) y: Allocated:         -                 8M (1%)            8M (1%)           47M (5%)     
[2026-04-03T03:18:51.414+0600][50.966s][info][gc,heap     ] GC(136) y: Reclaimed:         -                  -                51M (5%)           88M (9%)     
[2026-04-03T03:18:51.414+0600][50.966s][info][gc,heap     ] GC(136) y:  Promoted:         -                  -                12M (1%)           13M (1%)     
[2026-04-03T03:18:51.414+0600][50.966s][info][gc,heap     ] GC(136) y: Compacted:         -                  -                  -                 0M (0%)     
[2026-04-03T03:18:51.414+0600][50.966s][info][gc,phases   ] GC(136) y: Young Generation 562M(56%)->526M(53%) 0.089s
[2026-04-03T03:18:51.414+0600][50.966s][info][gc          ] GC(136) Minor Collection (Allocation Rate) 562M(56%)->526M(53%) 0.090s
[2026-04-03T03:18:51.508+0600][51.060s][info][gc          ] GC(137) Minor Collection (Allocation Rate)
[2026-04-03T03:18:51.508+0600][51.060s][info][gc,task     ] GC(137) Using 2 Workers for Young Generation
[2026-04-03T03:18:51.508+0600][51.060s][info][gc,phases   ] GC(137) y: Young Generation
[2026-04-03T03:18:51.508+0600][51.061s][info][gc,phases   ] GC(137) y: Pause Mark Start 0.049ms
[2026-04-03T03:18:51.553+0600][51.106s][info][gc,phases   ] GC(132) O: Concurrent Mark 1392.694ms
[2026-04-03T03:18:51.554+0600][51.106s][info][gc,phases   ] GC(132) O: Pause Mark End 0.038ms
[2026-04-03T03:18:51.554+0600][51.106s][info][gc,phases   ] GC(132) O: Concurrent Mark Free 0.002ms
[2026-04-03T03:18:51.583+0600][51.135s][info][gc,phases   ] GC(132) O: Concurrent Process Non-Strong 28.861ms
[2026-04-03T03:18:51.583+0600][51.135s][info][gc,phases   ] GC(132) O: Concurrent Reset Relocation Set 0.011ms
[2026-04-03T03:18:51.597+0600][51.149s][info][gc,phases   ] GC(137) y: Concurrent Mark 88.230ms
[2026-04-03T03:18:51.598+0600][51.150s][info][gc,phases   ] GC(137) y: Pause Mark End 0.095ms
[2026-04-03T03:18:51.598+0600][51.150s][info][gc,phases   ] GC(137) y: Concurrent Mark Free 0.004ms
[2026-04-03T03:18:51.598+0600][51.150s][info][gc,phases   ] GC(137) y: Concurrent Reset Relocation Set 0.024ms
[2026-04-03T03:18:51.605+0600][51.157s][info][gc,reloc    ] GC(137) y: Using tenuring threshold: 2 (Computed)
[2026-04-03T03:18:51.613+0600][51.165s][info][gc,phases   ] GC(137) y: Concurrent Select Relocation Set 15.078ms
[2026-04-03T03:18:51.614+0600][51.166s][info][gc,phases   ] GC(137) y: Pause Relocate Start 0.071ms
[2026-04-03T03:18:51.635+0600][51.187s][info][gc,phases   ] GC(132) O: Concurrent Select Relocation Set 52.197ms
[2026-04-03T03:18:51.648+0600][51.200s][info][gc,phases   ] GC(137) y: Concurrent Relocate 33.409ms
[2026-04-03T03:18:51.648+0600][51.200s][info][gc,alloc    ] GC(137) y:                         Mark Start        Mark End      Relocate Start    Relocate End   
[2026-04-03T03:18:51.648+0600][51.200s][info][gc,alloc    ] GC(137) y: Allocation Stalls:          0                0                0                0         
[2026-04-03T03:18:51.648+0600][51.200s][info][gc,load     ] GC(137) y: Load: 4.92 (41%) / 5.04 (42%) / 5.51 (46%)
[2026-04-03T03:18:51.648+0600][51.200s][info][gc,mmu      ] GC(137) y: MMU: 2ms/90.5%, 5ms/96.2%, 10ms/98.1%, 20ms/98.7%, 50ms/99.5%, 100ms/99.6%
[2026-04-03T03:18:51.648+0600][51.200s][info][gc,marking  ] GC(137) y: Mark: 2 stripe(s), 3 proactive flush(es), 1 terminate flush(es), 0 completion(s), 0 continuation(s) 
[2026-04-03T03:18:51.648+0600][51.200s][info][gc,marking  ] GC(137) y: Mark Stack Usage: 32M
[2026-04-03T03:18:51.648+0600][51.200s][info][gc,nmethod  ] GC(137) y: NMethods: 6717 registered, 751 unregistered
[2026-04-03T03:18:51.648+0600][51.200s][info][gc,metaspace] GC(137) y: Metaspace: 71M used, 72M committed, 1088M reserved
[2026-04-03T03:18:51.648+0600][51.200s][info][gc,reloc    ] GC(137) y:                        Candidates     Selected     In-Place         Size        Empty    Relocated 
[2026-04-03T03:18:51.648+0600][51.200s][info][gc,reloc    ] GC(137) y: Small Pages:                   51           43            0         102M           4M           6M 
[2026-04-03T03:18:51.648+0600][51.200s][info][gc,reloc    ] GC(137) y: Medium Pages:                   1            0            0          16M          16M           0M 
[2026-04-03T03:18:51.648+0600][51.200s][info][gc,reloc    ] GC(137) y: Large Pages:                    4            0            0          18M           6M           0M 
[2026-04-03T03:18:51.648+0600][51.200s][info][gc,reloc    ] GC(137) y: Forwarding Usage: 10M
[2026-04-03T03:18:51.648+0600][51.200s][info][gc,reloc    ] GC(137) y: Age Table:
[2026-04-03T03:18:51.648+0600][51.200s][info][gc,reloc    ] GC(137) y:                    Live             Garbage             Small              Medium             Large        
[2026-04-03T03:18:51.648+0600][51.200s][info][gc,reloc    ] GC(137) y: Eden              21M (2%)          110M (11%)         49 / 41             1 / 0              4 / 0        
[2026-04-03T03:18:51.648+0600][51.200s][info][gc,reloc    ] GC(137) y: Survivor 1         0M (0%)            3M (0%)           2 / 2              0 / 0              0 / 0        
[2026-04-03T03:18:51.648+0600][51.200s][info][gc,heap     ] GC(137) y: Min Capacity: 8M(1%)
[2026-04-03T03:18:51.648+0600][51.200s][info][gc,heap     ] GC(137) y: Max Capacity: 1000M(100%)
[2026-04-03T03:18:51.648+0600][51.200s][info][gc,heap     ] GC(137) y: Soft Max Capacity: 1000M(100%)
[2026-04-03T03:18:51.648+0600][51.200s][info][gc,heap     ] GC(137) y: Heap Statistics:
[2026-04-03T03:18:51.648+0600][51.201s][info][gc,heap     ] GC(137) y:                Mark Start          Mark End        Relocate Start      Relocate End           High               Low         
[2026-04-03T03:18:51.648+0600][51.201s][info][gc,heap     ] GC(137) y:  Capacity:     1000M (100%)       1000M (100%)       1000M (100%)       1000M (100%)       1000M (100%)       1000M (100%)   
[2026-04-03T03:18:51.648+0600][51.201s][info][gc,heap     ] GC(137) y:      Free:      386M (39%)         362M (36%)         382M (38%)         454M (45%)         454M (45%)         340M (34%)    
[2026-04-03T03:18:51.648+0600][51.201s][info][gc,heap     ] GC(137) y:      Used:      614M (61%)         638M (64%)         618M (62%)         546M (55%)         660M (66%)         546M (55%)    
[2026-04-03T03:18:51.648+0600][51.201s][info][gc,heap     ] GC(137) y: Young Generation Statistics:
[2026-04-03T03:18:51.648+0600][51.201s][info][gc,heap     ] GC(137) y:                Mark Start          Mark End        Relocate Start      Relocate End    
[2026-04-03T03:18:51.648+0600][51.201s][info][gc,heap     ] GC(137) y:      Used:      136M (14%)         186M (19%)         166M (17%)          94M (9%)     
[2026-04-03T03:18:51.648+0600][51.201s][info][gc,heap     ] GC(137) y:      Live:         -                21M (2%)           21M (2%)           21M (2%)     
[2026-04-03T03:18:51.648+0600][51.201s][info][gc,heap     ] GC(137) y:   Garbage:         -               114M (11%)          88M (9%)            1M (0%)     
[2026-04-03T03:18:51.648+0600][51.201s][info][gc,heap     ] GC(137) y: Allocated:         -                50M (5%)           56M (6%)           71M (7%)     
[2026-04-03T03:18:51.648+0600][51.201s][info][gc,heap     ] GC(137) y: Reclaimed:         -                  -                26M (3%)          113M (11%)    
[2026-04-03T03:18:51.648+0600][51.201s][info][gc,heap     ] GC(137) y:  Promoted:         -                  -                 0M (0%)            0M (0%)     
[2026-04-03T03:18:51.648+0600][51.201s][info][gc,heap     ] GC(137) y: Compacted:         -                  -                  -                 8M (1%)     
[2026-04-03T03:18:51.648+0600][51.201s][info][gc,phases   ] GC(137) y: Young Generation 614M(61%)->546M(55%) 0.140s
[2026-04-03T03:18:51.649+0600][51.201s][info][gc          ] GC(137) Minor Collection (Allocation Rate) 614M(61%)->546M(55%) 0.141s
[2026-04-03T03:18:51.649+0600][51.201s][info][gc,task     ] GC(132) O: Using 3 Workers for Old Generation
[2026-04-03T03:18:51.678+0600][51.230s][info][gc,task     ] GC(132) O: Using 1 Workers for Old Generation
[2026-04-03T03:18:51.678+0600][51.230s][info][gc,phases   ] GC(132) O: Concurrent Remap Roots 29.044ms
[2026-04-03T03:18:51.678+0600][51.230s][info][gc,phases   ] GC(132) O: Pause Relocate Start 0.079ms
[2026-04-03T03:18:51.894+0600][51.446s][info][gc          ] GC(138) Minor Collection (Allocation Rate)
[2026-04-03T03:18:51.894+0600][51.446s][info][gc,task     ] GC(138) Using 2 Workers for Young Generation
[2026-04-03T03:18:51.894+0600][51.446s][info][gc,phases   ] GC(138) y: Young Generation
[2026-04-03T03:18:51.900+0600][51.452s][info][gc,phases   ] GC(138) y: Pause Mark Start 0.029ms
[2026-04-03T03:18:52.022+0600][51.574s][info][gc,phases   ] GC(132) O: Concurrent Relocate 343.711ms
[2026-04-03T03:18:52.119+0600][51.671s][info][gc,phases   ] GC(138) y: Concurrent Mark 201.347ms
[2026-04-03T03:18:52.119+0600][51.671s][info][gc,phases   ] GC(138) y: Pause Mark End 0.050ms
[2026-04-03T03:18:52.119+0600][51.671s][info][gc,phases   ] GC(138) y: Concurrent Mark Free 0.004ms
[2026-04-03T03:18:52.119+0600][51.671s][info][gc,phases   ] GC(138) y: Concurrent Reset Relocation Set 0.012ms
[2026-04-03T03:18:52.123+0600][51.676s][info][gc,reloc    ] GC(138) y: Using tenuring threshold: 3 (Computed)
[2026-04-03T03:18:52.133+0600][51.686s][info][gc,phases   ] GC(138) y: Concurrent Select Relocation Set 14.201ms
[2026-04-03T03:18:52.134+0600][51.686s][info][gc,phases   ] GC(138) y: Pause Relocate Start 0.027ms
[2026-04-03T03:18:52.201+0600][51.753s][info][gc,phases   ] GC(138) y: Concurrent Relocate 66.792ms
[2026-04-03T03:18:52.201+0600][51.753s][info][gc,alloc    ] GC(138) y:                         Mark Start        Mark End      Relocate Start    Relocate End   
[2026-04-03T03:18:52.201+0600][51.753s][info][gc,alloc    ] GC(138) y: Allocation Stalls:          0                0                0                0         
[2026-04-03T03:18:52.201+0600][51.753s][info][gc,load     ] GC(138) y: Load: 4.92 (41%) / 5.04 (42%) / 5.51 (46%)
[2026-04-03T03:18:52.201+0600][51.753s][info][gc,mmu      ] GC(138) y: MMU: 2ms/90.5%, 5ms/96.2%, 10ms/98.1%, 20ms/98.7%, 50ms/99.5%, 100ms/99.6%
[2026-04-03T03:18:52.201+0600][51.753s][info][gc,marking  ] GC(138) y: Mark: 2 stripe(s), 3 proactive flush(es), 1 terminate flush(es), 0 completion(s), 0 continuation(s) 
[2026-04-03T03:18:52.201+0600][51.753s][info][gc,marking  ] GC(138) y: Mark Stack Usage: 32M
[2026-04-03T03:18:52.201+0600][51.753s][info][gc,nmethod  ] GC(138) y: NMethods: 6721 registered, 751 unregistered
[2026-04-03T03:18:52.201+0600][51.753s][info][gc,metaspace] GC(138) y: Metaspace: 71M used, 72M committed, 1088M reserved
[2026-04-03T03:18:52.201+0600][51.753s][info][gc,reloc    ] GC(138) y:                        Candidates     Selected     In-Place         Size        Empty    Relocated 
[2026-04-03T03:18:52.201+0600][51.753s][info][gc,reloc    ] GC(138) y: Small Pages:                   87           71            0         174M           0M          18M 
[2026-04-03T03:18:52.201+0600][51.753s][info][gc,reloc    ] GC(138) y: Medium Pages:                   1            0            0          16M           0M           0M 
[2026-04-03T03:18:52.201+0600][51.753s][info][gc,reloc    ] GC(138) y: Large Pages:                    9            0            0          60M          30M           0M 
[2026-04-03T03:18:52.201+0600][51.753s][info][gc,reloc    ] GC(138) y: Forwarding Usage: 25M
[2026-04-03T03:18:52.201+0600][51.753s][info][gc,reloc    ] GC(138) y: Age Table:
[2026-04-03T03:18:52.201+0600][51.753s][info][gc,reloc    ] GC(138) y:                    Live             Garbage             Small              Medium             Large        
[2026-04-03T03:18:52.201+0600][51.753s][info][gc,reloc    ] GC(138) y: Eden              51M (5%)          166M (17%)         77 / 65             1 / 0              6 / 0        
[2026-04-03T03:18:52.201+0600][51.753s][info][gc,reloc    ] GC(138) y: Survivor 1         4M (0%)           23M (2%)           8 / 5              0 / 0              3 / 0        
[2026-04-03T03:18:52.201+0600][51.753s][info][gc,reloc    ] GC(138) y: Survivor 2         0M (0%)            3M (0%)           2 / 1              0 / 0              0 / 0        
[2026-04-03T03:18:52.201+0600][51.753s][info][gc,heap     ] GC(138) y: Min Capacity: 8M(1%)
[2026-04-03T03:18:52.201+0600][51.753s][info][gc,heap     ] GC(138) y: Max Capacity: 1000M(100%)
[2026-04-03T03:18:52.201+0600][51.753s][info][gc,heap     ] GC(138) y: Soft Max Capacity: 1000M(100%)
[2026-04-03T03:18:52.201+0600][51.753s][info][gc,heap     ] GC(138) y: Heap Statistics:
[2026-04-03T03:18:52.201+0600][51.753s][info][gc,heap     ] GC(138) y:                Mark Start          Mark End        Relocate Start      Relocate End           High               Low         
[2026-04-03T03:18:52.201+0600][51.753s][info][gc,heap     ] GC(138) y:  Capacity:     1000M (100%)       1000M (100%)       1000M (100%)       1000M (100%)       1000M (100%)       1000M (100%)   
[2026-04-03T03:18:52.201+0600][51.753s][info][gc,heap     ] GC(138) y:      Free:      326M (33%)         126M (13%)         156M (16%)         274M (27%)         326M (33%)         126M (13%)    
[2026-04-03T03:18:52.201+0600][51.753s][info][gc,heap     ] GC(138) y:      Used:      674M (67%)         874M (87%)         844M (84%)         726M (73%)         874M (87%)         674M (67%)    
[2026-04-03T03:18:52.201+0600][51.753s][info][gc,heap     ] GC(138) y: Young Generation Statistics:
[2026-04-03T03:18:52.201+0600][51.753s][info][gc,heap     ] GC(138) y:                Mark Start          Mark End        Relocate Start      Relocate End    
[2026-04-03T03:18:52.201+0600][51.753s][info][gc,heap     ] GC(138) y:      Used:      250M (25%)         450M (45%)         420M (42%)         302M (30%)    
[2026-04-03T03:18:52.201+0600][51.753s][info][gc,heap     ] GC(138) y:      Live:         -                56M (6%)           56M (6%)           56M (6%)     
[2026-04-03T03:18:52.201+0600][51.753s][info][gc,heap     ] GC(138) y:   Garbage:         -               193M (19%)         163M (16%)          17M (2%)     
[2026-04-03T03:18:52.201+0600][51.753s][info][gc,heap     ] GC(138) y: Allocated:         -               200M (20%)         200M (20%)         227M (23%)    
[2026-04-03T03:18:52.201+0600][51.753s][info][gc,heap     ] GC(138) y: Reclaimed:         -                  -                30M (3%)          175M (18%)    
[2026-04-03T03:18:52.201+0600][51.753s][info][gc,heap     ] GC(138) y:  Promoted:         -                  -                 0M (0%)            0M (0%)     
[2026-04-03T03:18:52.201+0600][51.753s][info][gc,heap     ] GC(138) y: Compacted:         -                  -                  -                24M (2%)     
[2026-04-03T03:18:52.201+0600][51.753s][info][gc,phases   ] GC(138) y: Young Generation 668M(67%)->726M(73%) 0.307s
[2026-04-03T03:18:52.201+0600][51.753s][info][gc          ] GC(138) Minor Collection (Allocation Rate) 668M(67%)->726M(73%) 0.308s
[2026-04-03T03:18:52.201+0600][51.754s][info][gc,alloc    ] GC(132) O:                         Mark Start        Mark End      Relocate Start    Relocate End   
[2026-04-03T03:18:52.201+0600][51.754s][info][gc,alloc    ] GC(132) O: Allocation Stalls:          0                0                0                0         
[2026-04-03T03:18:52.201+0600][51.754s][info][gc,load     ] GC(132) O: Load: 4.92 (41%) / 5.04 (42%) / 5.51 (46%)
[2026-04-03T03:18:52.201+0600][51.754s][info][gc,mmu      ] GC(132) O: MMU: 2ms/90.5%, 5ms/96.2%, 10ms/98.1%, 20ms/98.7%, 50ms/99.5%, 100ms/99.6%
[2026-04-03T03:18:52.201+0600][51.754s][info][gc,marking  ] GC(132) O: Mark: 1 stripe(s), 2 proactive flush(es), 1 terminate flush(es), 0 completion(s), 0 continuation(s) 
[2026-04-03T03:18:52.201+0600][51.754s][info][gc,marking  ] GC(132) O: Mark Stack Usage: 32M
[2026-04-03T03:18:52.201+0600][51.754s][info][gc,nmethod  ] GC(132) O: NMethods: 6721 registered, 751 unregistered
[2026-04-03T03:18:52.201+0600][51.754s][info][gc,metaspace] GC(132) O: Metaspace: 71M used, 72M committed, 1088M reserved
[2026-04-03T03:18:52.201+0600][51.754s][info][gc,ref      ] GC(132) O:                       Encountered   Discovered     Enqueued 
[2026-04-03T03:18:52.201+0600][51.754s][info][gc,ref      ] GC(132) O: Soft References:             5100            0            0 
[2026-04-03T03:18:52.201+0600][51.754s][info][gc,ref      ] GC(132) O: Weak References:             6963         4989            0 
[2026-04-03T03:18:52.201+0600][51.754s][info][gc,ref      ] GC(132) O: Final References:              84            2            0 
[2026-04-03T03:18:52.202+0600][51.754s][info][gc,ref      ] GC(132) O: Phantom References:           606          215            0 
[2026-04-03T03:18:52.202+0600][51.754s][info][gc,reloc    ] GC(132) O:                        Candidates     Selected     In-Place         Size        Empty    Relocated 
[2026-04-03T03:18:52.202+0600][51.754s][info][gc,reloc    ] GC(132) O: Small Pages:                  148           15            0         296M           0M          13M 
[2026-04-03T03:18:52.202+0600][51.754s][info][gc,reloc    ] GC(132) O: Medium Pages:                   1            0            0          16M           0M           0M 
[2026-04-03T03:18:52.202+0600][51.754s][info][gc,reloc    ] GC(132) O: Large Pages:                    8            0            0          82M          26M           0M 
[2026-04-03T03:18:52.202+0600][51.754s][info][gc,reloc    ] GC(132) O: Forwarding Usage: 43M
[2026-04-03T03:18:52.202+0600][51.754s][info][gc,heap     ] GC(132) O: Min Capacity: 8M(1%)
[2026-04-03T03:18:52.202+0600][51.754s][info][gc,heap     ] GC(132) O: Max Capacity: 1000M(100%)
[2026-04-03T03:18:52.202+0600][51.754s][info][gc,heap     ] GC(132) O: Soft Max Capacity: 1000M(100%)
[2026-04-03T03:18:52.202+0600][51.754s][info][gc,heap     ] GC(132) O: Heap Statistics:
[2026-04-03T03:18:52.202+0600][51.754s][info][gc,heap     ] GC(132) O:                Mark Start          Mark End        Relocate Start      Relocate End           High               Low         
[2026-04-03T03:18:52.202+0600][51.754s][info][gc,heap     ] GC(132) O:  Capacity:     1000M (100%)       1000M (100%)       1000M (100%)       1000M (100%)       1000M (100%)       1000M (100%)   
[2026-04-03T03:18:52.202+0600][51.754s][info][gc,heap     ] GC(132) O:      Free:      498M (50%)         348M (35%)         446M (45%)         192M (19%)         516M (52%)         190M (19%)    
[2026-04-03T03:18:52.202+0600][51.754s][info][gc,heap     ] GC(132) O:      Used:      502M (50%)         652M (65%)         554M (55%)         808M (81%)         810M (81%)         484M (48%)    
[2026-04-03T03:18:52.202+0600][51.754s][info][gc,heap     ] GC(132) O: Old Generation Statistics:
[2026-04-03T03:18:52.202+0600][51.754s][info][gc,heap     ] GC(132) O:                Mark Start          Mark End        Relocate Start      Relocate End    
[2026-04-03T03:18:52.202+0600][51.754s][info][gc,heap     ] GC(132) O:      Used:      394M (39%)         478M (48%)         452M (45%)         424M (42%)    
[2026-04-03T03:18:52.202+0600][51.754s][info][gc,heap     ] GC(132) O:      Live:         -               315M (32%)         315M (32%)         315M (32%)    
[2026-04-03T03:18:52.202+0600][51.754s][info][gc,heap     ] GC(132) O:   Garbage:         -                78M (8%)           52M (5%)           14M (1%)     
[2026-04-03T03:18:52.202+0600][51.754s][info][gc,heap     ] GC(132) O: Allocated:         -                84M (8%)           84M (8%)           94M (9%)     
[2026-04-03T03:18:52.202+0600][51.754s][info][gc,heap     ] GC(132) O: Reclaimed:         -                  -                26M (3%)           64M (6%)     
[2026-04-03T03:18:52.202+0600][51.754s][info][gc,heap     ] GC(132) O: Compacted:         -                  -                  -                59M (6%)     
[2026-04-03T03:18:52.202+0600][51.754s][info][gc,phases   ] GC(132) O: Old Generation 484M(48%)->808M(81%) 2.041s
[2026-04-03T03:18:52.202+0600][51.754s][info][gc          ] GC(132) Major Collection (Allocation Rate) 502M(50%)->726M(73%) 2.244s
[2026-04-03T03:18:52.212+0600][51.764s][info][gc          ] GC(139) Major Collection (Allocation Rate)
[2026-04-03T03:18:52.212+0600][51.764s][info][gc,task     ] GC(139) Using 3 Workers for Young Generation
[2026-04-03T03:18:52.212+0600][51.764s][info][gc,task     ] GC(139) Using 1 Workers for Old Generation
[2026-04-03T03:18:52.212+0600][51.764s][info][gc,phases   ] GC(139) Y: Young Generation
[2026-04-03T03:18:52.212+0600][51.764s][info][gc,phases   ] GC(139) Y: Pause Mark Start (Major) 0.026ms
[2026-04-03T03:18:52.494+0600][52.046s][info][gc,phases   ] GC(139) Y: Concurrent Mark 281.861ms
[2026-04-03T03:18:52.494+0600][52.046s][info][gc,phases   ] GC(139) Y: Pause Mark End 0.031ms
[2026-04-03T03:18:52.494+0600][52.047s][info][gc,phases   ] GC(139) Y: Concurrent Mark Free 0.002ms
[2026-04-03T03:18:52.494+0600][52.047s][info][gc,phases   ] GC(139) Y: Concurrent Reset Relocation Set 0.026ms
[2026-04-03T03:18:52.499+0600][52.051s][info][gc,reloc    ] GC(139) Y: Using tenuring threshold: 3 (Computed)
[2026-04-03T03:18:52.503+0600][52.055s][info][gc,phases   ] GC(139) Y: Concurrent Select Relocation Set 8.639ms
[2026-04-03T03:18:52.503+0600][52.056s][info][gc,phases   ] GC(139) Y: Pause Relocate Start 0.030ms
[2026-04-03T03:18:52.559+0600][52.112s][info][gc,phases   ] GC(139) Y: Concurrent Relocate 55.743ms
[2026-04-03T03:18:52.559+0600][52.112s][info][gc,alloc    ] GC(139) Y:                         Mark Start        Mark End      Relocate Start    Relocate End   
[2026-04-03T03:18:52.559+0600][52.112s][info][gc,alloc    ] GC(139) Y: Allocation Stalls:          0                0                0                0         
[2026-04-03T03:18:52.559+0600][52.112s][info][gc,load     ] GC(139) Y: Load: 4.92 (41%) / 5.04 (42%) / 5.51 (46%)
[2026-04-03T03:18:52.559+0600][52.112s][info][gc,mmu      ] GC(139) Y: MMU: 2ms/90.5%, 5ms/96.2%, 10ms/98.1%, 20ms/98.7%, 50ms/99.5%, 100ms/99.6%
[2026-04-03T03:18:52.559+0600][52.112s][info][gc,marking  ] GC(139) Y: Mark: 2 stripe(s), 3 proactive flush(es), 1 terminate flush(es), 0 completion(s), 0 continuation(s) 
[2026-04-03T03:18:52.559+0600][52.112s][info][gc,marking  ] GC(139) Y: Mark Stack Usage: 32M
[2026-04-03T03:18:52.559+0600][52.112s][info][gc,nmethod  ] GC(139) Y: NMethods: 6721 registered, 751 unregistered
[2026-04-03T03:18:52.559+0600][52.112s][info][gc,metaspace] GC(139) Y: Metaspace: 71M used, 72M committed, 1088M reserved
[2026-04-03T03:18:52.559+0600][52.112s][info][gc,reloc    ] GC(139) Y:                        Candidates     Selected     In-Place         Size        Empty    Relocated 
[2026-04-03T03:18:52.560+0600][52.112s][info][gc,reloc    ] GC(139) Y: Small Pages:                  106           60            0         212M           0M          26M 
[2026-04-03T03:18:52.560+0600][52.112s][info][gc,reloc    ] GC(139) Y: Medium Pages:                   2            0            0          32M          32M           0M 
[2026-04-03T03:18:52.560+0600][52.112s][info][gc,reloc    ] GC(139) Y: Large Pages:                    9            0            0          60M          12M           0M 
[2026-04-03T03:18:52.560+0600][52.112s][info][gc,reloc    ] GC(139) Y: Forwarding Usage: 29M
[2026-04-03T03:18:52.560+0600][52.112s][info][gc,reloc    ] GC(139) Y: Age Table:
[2026-04-03T03:18:52.560+0600][52.112s][info][gc,reloc    ] GC(139) Y:                    Live             Garbage             Small              Medium             Large        
[2026-04-03T03:18:52.560+0600][52.112s][info][gc,reloc    ] GC(139) Y: Eden              70M (7%)          143M (14%)         84 / 52             1 / 0              6 / 0        
[2026-04-03T03:18:52.560+0600][52.112s][info][gc,reloc    ] GC(139) Y: Survivor 1        51M (5%)           22M (2%)          14 / 3              1 / 0              3 / 0        
[2026-04-03T03:18:52.560+0600][52.112s][info][gc,reloc    ] GC(139) Y: Survivor 2         4M (0%)            9M (1%)           7 / 4              0 / 0              0 / 0        
[2026-04-03T03:18:52.560+0600][52.112s][info][gc,reloc    ] GC(139) Y: Survivor 3         0M (0%)            1M (0%)           1 / 1              0 / 0              0 / 0        
[2026-04-03T03:18:52.560+0600][52.112s][info][gc,heap     ] GC(139) Y: Min Capacity: 8M(1%)
[2026-04-03T03:18:52.560+0600][52.112s][info][gc,heap     ] GC(139) Y: Max Capacity: 1000M(100%)
[2026-04-03T03:18:52.560+0600][52.112s][info][gc,heap     ] GC(139) Y: Soft Max Capacity: 1000M(100%)
[2026-04-03T03:18:52.560+0600][52.112s][info][gc,heap     ] GC(139) Y: Heap Statistics:
[2026-04-03T03:18:52.560+0600][52.112s][info][gc,heap     ] GC(139) Y:                Mark Start          Mark End        Relocate Start      Relocate End           High               Low         
[2026-04-03T03:18:52.560+0600][52.112s][info][gc,heap     ] GC(139) Y:  Capacity:     1000M (100%)       1000M (100%)       1000M (100%)       1000M (100%)       1000M (100%)       1000M (100%)   
[2026-04-03T03:18:52.560+0600][52.112s][info][gc,heap     ] GC(139) Y:      Free:      272M (27%)         142M (14%)         176M (18%)         216M (22%)         272M (27%)         136M (14%)    
[2026-04-03T03:18:52.560+0600][52.112s][info][gc,heap     ] GC(139) Y:      Used:      728M (73%)         858M (86%)         824M (82%)         784M (78%)         864M (86%)         728M (73%)    
[2026-04-03T03:18:52.560+0600][52.112s][info][gc,heap     ] GC(139) Y: Young Generation Statistics:
[2026-04-03T03:18:52.560+0600][52.112s][info][gc,heap     ] GC(139) Y:                Mark Start          Mark End        Relocate Start      Relocate End    
[2026-04-03T03:18:52.560+0600][52.112s][info][gc,heap     ] GC(139) Y:      Used:      304M (30%)         434M (43%)         400M (40%)         358M (36%)    
[2026-04-03T03:18:52.560+0600][52.112s][info][gc,heap     ] GC(139) Y:      Live:         -               126M (13%)         126M (13%)         126M (13%)    
[2026-04-03T03:18:52.560+0600][52.112s][info][gc,heap     ] GC(139) Y:   Garbage:         -               177M (18%)         133M (13%)           5M (1%)     
[2026-04-03T03:18:52.560+0600][52.112s][info][gc,heap     ] GC(139) Y: Allocated:         -               130M (13%)         140M (14%)         225M (23%)    
[2026-04-03T03:18:52.560+0600][52.112s][info][gc,heap     ] GC(139) Y: Reclaimed:         -                  -                44M (4%)          171M (17%)    
[2026-04-03T03:18:52.560+0600][52.112s][info][gc,heap     ] GC(139) Y:  Promoted:         -                  -                 0M (0%)            0M (0%)     
[2026-04-03T03:18:52.560+0600][52.112s][info][gc,heap     ] GC(139) Y: Compacted:         -                  -                  -                52M (5%)     
[2026-04-03T03:18:52.560+0600][52.112s][info][gc,phases   ] GC(139) Y: Young Generation 728M(73%)->784M(78%) 0.348s
[2026-04-03T03:18:52.560+0600][52.112s][info][gc,phases   ] GC(139) O: Old Generation
[2026-04-03T03:18:52.568+0600][52.120s][info][gc          ] GC(140) Minor Collection (Allocation Rate)
[2026-04-03T03:18:52.568+0600][52.120s][info][gc,task     ] GC(140) Using 2 Workers for Young Generation
[2026-04-03T03:18:52.568+0600][52.120s][info][gc,phases   ] GC(140) y: Young Generation
[2026-04-03T03:18:52.568+0600][52.120s][info][gc,phases   ] GC(140) y: Pause Mark Start 0.026ms
[2026-04-03T03:18:52.776+0600][52.328s][info][gc,task     ] Adjusting Workers for Old Generation: 1 -> 3
[2026-04-03T03:18:52.776+0600][52.328s][info][gc,task     ] Adjusting Workers for Young Generation: 2 -> 3
[2026-04-03T03:18:52.789+0600][52.341s][info][gc,phases   ] GC(140) y: Concurrent Mark 221.099ms
[2026-04-03T03:18:52.790+0600][52.342s][info][gc,phases   ] GC(140) y: Pause Mark End 0.058ms
[2026-04-03T03:18:52.790+0600][52.342s][info][gc,phases   ] GC(140) y: Concurrent Mark Free 0.001ms
[2026-04-03T03:18:52.790+0600][52.342s][info][gc,phases   ] GC(140) y: Concurrent Reset Relocation Set 0.025ms
[2026-04-03T03:18:52.796+0600][52.348s][info][gc          ] Allocation Stall (Executor task launch worker for task 1.0 in stage 15.0 (TID 25)) 19.830ms
[2026-04-03T03:18:52.796+0600][52.348s][info][gc,reloc    ] GC(140) y: Using tenuring threshold: 2 (Computed)
[2026-04-03T03:18:52.796+0600][52.348s][info][gc          ] Allocation Stall (Executor task launch worker for task 2.0 in stage 15.0 (TID 26)) 23.470ms
[2026-04-03T03:18:52.800+0600][52.353s][info][gc,phases   ] GC(140) y: Concurrent Select Relocation Set 10.610ms
[2026-04-03T03:18:52.801+0600][52.353s][info][gc,phases   ] GC(140) y: Pause Relocate Start 0.031ms
[2026-04-03T03:18:52.861+0600][52.413s][info][gc,phases   ] GC(140) y: Concurrent Relocate 59.465ms
[2026-04-03T03:18:52.861+0600][52.413s][info][gc,alloc    ] GC(140) y:                         Mark Start        Mark End      Relocate Start    Relocate End   
[2026-04-03T03:18:52.861+0600][52.413s][info][gc,alloc    ] GC(140) y: Allocation Stalls:          0                2                0                0         
[2026-04-03T03:18:52.861+0600][52.413s][info][gc,load     ] GC(140) y: Load: 4.92 (41%) / 5.04 (42%) / 5.51 (46%)
[2026-04-03T03:18:52.861+0600][52.413s][info][gc,mmu      ] GC(140) y: MMU: 2ms/90.5%, 5ms/96.2%, 10ms/98.1%, 20ms/98.7%, 50ms/99.5%, 100ms/99.6%
[2026-04-03T03:18:52.861+0600][52.413s][info][gc,marking  ] GC(140) y: Mark: 2 stripe(s), 2 proactive flush(es), 1 terminate flush(es), 0 completion(s), 0 continuation(s) 
[2026-04-03T03:18:52.861+0600][52.413s][info][gc,marking  ] GC(140) y: Mark Stack Usage: 32M
[2026-04-03T03:18:52.861+0600][52.413s][info][gc,nmethod  ] GC(140) y: NMethods: 6724 registered, 751 unregistered
[2026-04-03T03:18:52.861+0600][52.413s][info][gc,metaspace] GC(140) y: Metaspace: 71M used, 72M committed, 1088M reserved
[2026-04-03T03:18:52.861+0600][52.413s][info][gc,reloc    ] GC(140) y:                        Candidates     Selected     In-Place         Size        Empty    Relocated 
[2026-04-03T03:18:52.861+0600][52.413s][info][gc,reloc    ] GC(140) y: Small Pages:                  144           75            0         288M          40M          18M 
[2026-04-03T03:18:52.861+0600][52.413s][info][gc,reloc    ] GC(140) y: Medium Pages:                   0            0            0           0M           0M           0M 
[2026-04-03T03:18:52.861+0600][52.413s][info][gc,reloc    ] GC(140) y: Large Pages:                    9            0            0          78M          48M           0M 
[2026-04-03T03:18:52.861+0600][52.413s][info][gc,reloc    ] GC(140) y: Forwarding Usage: 20M
[2026-04-03T03:18:52.861+0600][52.413s][info][gc,reloc    ] GC(140) y: Age Table:
[2026-04-03T03:18:52.861+0600][52.413s][info][gc,reloc    ] GC(140) y:                    Live             Garbage             Small              Medium             Large        
[2026-04-03T03:18:52.861+0600][52.413s][info][gc,reloc    ] GC(140) y: Eden              62M (6%)          145M (15%)         89 / 55             0 / 0              3 / 0        
[2026-04-03T03:18:52.861+0600][52.413s][info][gc,reloc    ] GC(140) y: Survivor 1        52M (5%)           31M (3%)          33 / 7              0 / 0              3 / 0        
[2026-04-03T03:18:52.861+0600][52.413s][info][gc,reloc    ] GC(140) y: Survivor 2         1M (0%)           58M (6%)          15 / 7              0 / 0              3 / 0        
[2026-04-03T03:18:52.861+0600][52.413s][info][gc,reloc    ] GC(140) y: Survivor 3         0M (0%)           13M (1%)           7 / 6              0 / 0              0 / 0        
[2026-04-03T03:18:52.861+0600][52.413s][info][gc,heap     ] GC(140) y: Min Capacity: 8M(1%)
[2026-04-03T03:18:52.861+0600][52.413s][info][gc,heap     ] GC(140) y: Max Capacity: 1000M(100%)
[2026-04-03T03:18:52.861+0600][52.413s][info][gc,heap     ] GC(140) y: Soft Max Capacity: 1000M(100%)
[2026-04-03T03:18:52.861+0600][52.413s][info][gc,heap     ] GC(140) y: Heap Statistics:
[2026-04-03T03:18:52.861+0600][52.413s][info][gc,heap     ] GC(140) y:                Mark Start          Mark End        Relocate Start      Relocate End           High               Low         
[2026-04-03T03:18:52.861+0600][52.413s][info][gc,heap     ] GC(140) y:  Capacity:     1000M (100%)       1000M (100%)       1000M (100%)       1000M (100%)       1000M (100%)       1000M (100%)   
[2026-04-03T03:18:52.861+0600][52.413s][info][gc,heap     ] GC(140) y:      Free:      208M (21%)           0M (0%)           84M (8%)          176M (18%)         208M (21%)           0M (0%)     
[2026-04-03T03:18:52.861+0600][52.413s][info][gc,heap     ] GC(140) y:      Used:      792M (79%)        1000M (100%)        916M (92%)         824M (82%)        1000M (100%)        792M (79%)    
[2026-04-03T03:18:52.861+0600][52.413s][info][gc,heap     ] GC(140) y: Young Generation Statistics:
[2026-04-03T03:18:52.861+0600][52.413s][info][gc,heap     ] GC(140) y:                Mark Start          Mark End        Relocate Start      Relocate End    
[2026-04-03T03:18:52.861+0600][52.413s][info][gc,heap     ] GC(140) y:      Used:      366M (37%)         574M (57%)         490M (49%)         386M (39%)    
[2026-04-03T03:18:52.861+0600][52.413s][info][gc,heap     ] GC(140) y:      Live:         -               117M (12%)         117M (12%)         115M (12%)    
[2026-04-03T03:18:52.861+0600][52.413s][info][gc,heap     ] GC(140) y:   Garbage:         -               248M (25%)         160M (16%)           2M (0%)     
[2026-04-03T03:18:52.861+0600][52.414s][info][gc,heap     ] GC(140) y: Allocated:         -               208M (21%)         212M (21%)         268M (27%)    
[2026-04-03T03:18:52.861+0600][52.414s][info][gc,heap     ] GC(140) y: Reclaimed:         -                  -                88M (9%)          246M (25%)    
[2026-04-03T03:18:52.861+0600][52.414s][info][gc,heap     ] GC(140) y:  Promoted:         -                  -                 0M (0%)            2M (0%)     
[2026-04-03T03:18:52.861+0600][52.414s][info][gc,heap     ] GC(140) y: Compacted:         -                  -                  -                39M (4%)     
[2026-04-03T03:18:52.861+0600][52.414s][info][gc,phases   ] GC(140) y: Young Generation 792M(79%)->824M(82%) 0.293s
[2026-04-03T03:18:52.861+0600][52.414s][info][gc          ] GC(140) Minor Collection (Allocation Rate) 792M(79%)->826M(83%) 0.294s
[2026-04-03T03:18:52.861+0600][52.414s][info][gc,task     ] Adjusting Workers for Old Generation: 3 -> 1
[2026-04-03T03:18:52.862+0600][52.414s][info][gc          ] GC(141) Minor Collection (Allocation Rate)
[2026-04-03T03:18:52.862+0600][52.414s][info][gc,task     ] GC(141) Using 2 Workers for Young Generation
[2026-04-03T03:18:52.862+0600][52.414s][info][gc,phases   ] GC(141) y: Young Generation
[2026-04-03T03:18:52.864+0600][52.416s][info][gc,phases   ] GC(141) y: Pause Mark Start 0.037ms
[2026-04-03T03:18:53.080+0600][52.632s][info][gc,task     ] Adjusting Workers for Old Generation: 1 -> 3
[2026-04-03T03:18:53.080+0600][52.632s][info][gc,task     ] Adjusting Workers for Young Generation: 2 -> 3
[2026-04-03T03:18:53.207+0600][52.760s][info][gc,phases   ] GC(139) O: Concurrent Mark 647.529ms
[2026-04-03T03:18:53.208+0600][52.760s][info][gc,phases   ] GC(139) O: Pause Mark End 0.038ms
[2026-04-03T03:18:53.208+0600][52.760s][info][gc,phases   ] GC(139) O: Concurrent Mark Free 0.002ms
[2026-04-03T03:18:53.218+0600][52.770s][info][gc,phases   ] GC(139) O: Concurrent Process Non-Strong 9.737ms
[2026-04-03T03:18:53.218+0600][52.770s][info][gc,phases   ] GC(139) O: Concurrent Reset Relocation Set 0.013ms
[2026-04-03T03:18:53.219+0600][52.771s][info][gc          ] Allocation Stall (Executor task launch worker for task 2.0 in stage 15.0 (TID 26)) 137.868ms
[2026-04-03T03:18:53.219+0600][52.771s][info][gc          ] Allocation Stall (netty-rpc-env-timeout) 0.723ms
[2026-04-03T03:18:53.219+0600][52.771s][info][gc          ] Allocation Stall (Executor task launch worker for task 0.0 in stage 15.0 (TID 24)) 127.539ms
[2026-04-03T03:18:53.219+0600][52.771s][info][gc          ] Allocation Stall (dispatcher-BlockManagerMaster) 0.777ms
[2026-04-03T03:18:53.219+0600][52.771s][info][gc          ] Allocation Stall (Executor task launch worker for task 1.0 in stage 15.0 (TID 25)) 146.315ms
[2026-04-03T03:18:53.229+0600][52.781s][info][gc,phases   ] GC(139) O: Concurrent Select Relocation Set 11.274ms
[2026-04-03T03:18:53.301+0600][52.853s][info][gc,phases   ] GC(141) y: Concurrent Mark 436.352ms
[2026-04-03T03:18:53.301+0600][52.853s][info][gc,phases   ] GC(141) y: Pause Mark End 0.022ms
[2026-04-03T03:18:53.301+0600][52.853s][info][gc,phases   ] GC(141) y: Concurrent Mark Free 0.001ms
[2026-04-03T03:18:53.301+0600][52.853s][info][gc,phases   ] GC(141) y: Concurrent Reset Relocation Set 0.020ms
[2026-04-03T03:18:53.306+0600][52.858s][info][gc,reloc    ] GC(141) y: Using tenuring threshold: 1 (Computed)
[2026-04-03T03:18:53.351+0600][52.904s][info][gc,phases   ] GC(141) y: Concurrent Select Relocation Set 50.146ms
[2026-04-03T03:18:53.352+0600][52.904s][info][gc,phases   ] GC(141) y: Pause Relocate Start 0.110ms
[2026-04-03T03:18:53.477+0600][53.030s][info][gc,phases   ] GC(141) y: Concurrent Relocate 125.250ms
[2026-04-03T03:18:53.477+0600][53.030s][info][gc,alloc    ] GC(141) y:                         Mark Start        Mark End      Relocate Start    Relocate End   
[2026-04-03T03:18:53.477+0600][53.030s][info][gc,alloc    ] GC(141) y: Allocation Stalls:          0                0                0                0         
[2026-04-03T03:18:53.477+0600][53.030s][info][gc,load     ] GC(141) y: Load: 4.92 (41%) / 5.04 (42%) / 5.51 (46%)
[2026-04-03T03:18:53.477+0600][53.030s][info][gc,mmu      ] GC(141) y: MMU: 2ms/90.5%, 5ms/96.2%, 10ms/98.1%, 20ms/98.7%, 50ms/99.5%, 100ms/99.6%
[2026-04-03T03:18:53.477+0600][53.030s][info][gc,marking  ] GC(141) y: Mark: 2 stripe(s), 10 proactive flush(es), 1 terminate flush(es), 0 completion(s), 0 continuation(s) 
[2026-04-03T03:18:53.477+0600][53.030s][info][gc,marking  ] GC(141) y: Mark Stack Usage: 32M
[2026-04-03T03:18:53.477+0600][53.030s][info][gc,nmethod  ] GC(141) y: NMethods: 6715 registered, 769 unregistered
[2026-04-03T03:18:53.477+0600][53.030s][info][gc,metaspace] GC(141) y: Metaspace: 71M used, 72M committed, 1088M reserved
[2026-04-03T03:18:53.478+0600][53.030s][info][gc,reloc    ] GC(141) y:                        Candidates     Selected     In-Place         Size        Empty    Relocated 
[2026-04-03T03:18:53.478+0600][53.030s][info][gc,reloc    ] GC(141) y: Small Pages:                  171          121            0         342M           0M          10M 
[2026-04-03T03:18:53.478+0600][53.030s][info][gc,reloc    ] GC(141) y: Medium Pages:                   1            0            0          16M           0M           0M 
[2026-04-03T03:18:53.478+0600][53.030s][info][gc,reloc    ] GC(141) y: Large Pages:                    3            0            0          30M           0M           0M 
[2026-04-03T03:18:53.478+0600][53.030s][info][gc,reloc    ] GC(141) y: Forwarding Usage: 8M
[2026-04-03T03:18:53.478+0600][53.030s][info][gc,reloc    ] GC(141) y: Age Table:
[2026-04-03T03:18:53.478+0600][53.030s][info][gc,reloc    ] GC(141) y:                    Live             Garbage             Small              Medium             Large        
[2026-04-03T03:18:53.478+0600][53.030s][info][gc,reloc    ] GC(141) y: Eden              10M (1%)          243M (24%)        119 / 113            1 / 0              0 / 0        
[2026-04-03T03:18:53.478+0600][53.030s][info][gc,reloc    ] GC(141) y: Survivor 1        62M (6%)            9M (1%)          21 / 4              0 / 0              3 / 0        
[2026-04-03T03:18:53.478+0600][53.030s][info][gc,reloc    ] GC(141) y: Survivor 2        52M (5%)            9M (1%)          31 / 4              0 / 0              0 / 0        
[2026-04-03T03:18:53.478+0600][53.030s][info][gc,heap     ] GC(141) y: Min Capacity: 8M(1%)
[2026-04-03T03:18:53.478+0600][53.030s][info][gc,heap     ] GC(141) y: Max Capacity: 1000M(100%)
[2026-04-03T03:18:53.478+0600][53.030s][info][gc,heap     ] GC(141) y: Soft Max Capacity: 1000M(100%)
[2026-04-03T03:18:53.478+0600][53.030s][info][gc,heap     ] GC(141) y: Heap Statistics:
[2026-04-03T03:18:53.478+0600][53.030s][info][gc,heap     ] GC(141) y:                Mark Start          Mark End        Relocate Start      Relocate End           High               Low         
[2026-04-03T03:18:53.478+0600][53.030s][info][gc,heap     ] GC(141) y:  Capacity:     1000M (100%)       1000M (100%)       1000M (100%)       1000M (100%)       1000M (100%)       1000M (100%)   
[2026-04-03T03:18:53.478+0600][53.030s][info][gc,heap     ] GC(141) y:      Free:      174M (17%)         164M (16%)         154M (15%)         358M (36%)         380M (38%)           0M (0%)     
[2026-04-03T03:18:53.478+0600][53.030s][info][gc,heap     ] GC(141) y:      Used:      826M (83%)         836M (84%)         846M (85%)         642M (64%)        1000M (100%)        620M (62%)    
[2026-04-03T03:18:53.478+0600][53.030s][info][gc,heap     ] GC(141) y: Young Generation Statistics:
[2026-04-03T03:18:53.478+0600][53.030s][info][gc,heap     ] GC(141) y:                Mark Start          Mark End        Relocate Start      Relocate End    
[2026-04-03T03:18:53.478+0600][53.030s][info][gc,heap     ] GC(141) y:      Used:      388M (39%)         598M (60%)         492M (49%)         280M (28%)    
[2026-04-03T03:18:53.478+0600][53.030s][info][gc,heap     ] GC(141) y:      Live:         -               125M (13%)          13M (1%)           10M (1%)     
[2026-04-03T03:18:53.478+0600][53.030s][info][gc,heap     ] GC(141) y:   Garbage:         -               262M (26%)         258M (26%)          14M (1%)     
[2026-04-03T03:18:53.478+0600][53.030s][info][gc,heap     ] GC(141) y: Allocated:         -               210M (21%)         220M (22%)         254M (25%)    
[2026-04-03T03:18:53.478+0600][53.030s][info][gc,heap     ] GC(141) y: Reclaimed:         -                  -                 4M (0%)          247M (25%)    
[2026-04-03T03:18:53.478+0600][53.030s][info][gc,heap     ] GC(141) y:  Promoted:         -                  -               111M (11%)         114M (11%)    
[2026-04-03T03:18:53.478+0600][53.030s][info][gc,heap     ] GC(141) y: Compacted:         -                  -                  -                 9M (1%)     
[2026-04-03T03:18:53.478+0600][53.030s][info][gc,phases   ] GC(141) y: Young Generation 826M(83%)->642M(64%) 0.616s
[2026-04-03T03:18:53.478+0600][53.030s][info][gc          ] GC(141) Minor Collection (Allocation Rate) 826M(83%)->642M(64%) 0.616s
[2026-04-03T03:18:53.478+0600][53.030s][info][gc,task     ] GC(139) O: Using 3 Workers for Old Generation
[2026-04-03T03:18:53.478+0600][53.030s][info][gc,task     ] Adjusting Workers for Old Generation: 3 -> 1
[2026-04-03T03:18:53.507+0600][53.059s][info][gc,task     ] GC(139) O: Using 3 Workers for Old Generation
[2026-04-03T03:18:53.507+0600][53.059s][info][gc,phases   ] GC(139) O: Concurrent Remap Roots 29.176ms
[2026-04-03T03:18:53.507+0600][53.060s][info][gc,phases   ] GC(139) O: Pause Relocate Start 0.088ms
[2026-04-03T03:18:53.508+0600][53.060s][info][gc          ] GC(142) Minor Collection (Allocation Rate)
[2026-04-03T03:18:53.508+0600][53.060s][info][gc,task     ] GC(142) Using 2 Workers for Young Generation
[2026-04-03T03:18:53.508+0600][53.060s][info][gc,phases   ] GC(142) y: Young Generation
[2026-04-03T03:18:53.508+0600][53.061s][info][gc,phases   ] GC(142) y: Pause Mark Start 0.094ms
[2026-04-03T03:18:53.515+0600][53.067s][info][gc,phases   ] GC(139) O: Concurrent Relocate 7.451ms
[2026-04-03T03:18:53.519+0600][53.071s][info][gc,task     ] Adjusting Workers for Young Generation: 2 -> 3
[2026-04-03T03:18:53.599+0600][53.151s][info][gc,phases   ] GC(142) y: Concurrent Mark 90.441ms
[2026-04-03T03:18:53.599+0600][53.151s][info][gc,phases   ] GC(142) y: Pause Mark End 0.034ms
[2026-04-03T03:18:53.599+0600][53.152s][info][gc,phases   ] GC(142) y: Concurrent Mark Free 0.001ms
[2026-04-03T03:18:53.600+0600][53.152s][info][gc,phases   ] GC(142) y: Concurrent Reset Relocation Set 0.143ms
[2026-04-03T03:18:53.605+0600][53.157s][info][gc,reloc    ] GC(142) y: Using tenuring threshold: 2 (Computed)
[2026-04-03T03:18:53.608+0600][53.160s][info][gc,phases   ] GC(142) y: Concurrent Select Relocation Set 8.609ms
[2026-04-03T03:18:53.608+0600][53.161s][info][gc,phases   ] GC(142) y: Pause Relocate Start 0.021ms
[2026-04-03T03:18:53.632+0600][53.184s][info][gc,phases   ] GC(142) y: Concurrent Relocate 22.962ms
[2026-04-03T03:18:53.632+0600][53.184s][info][gc,alloc    ] GC(142) y:                         Mark Start        Mark End      Relocate Start    Relocate End   
[2026-04-03T03:18:53.632+0600][53.184s][info][gc,alloc    ] GC(142) y: Allocation Stalls:          0                0                0                0         
[2026-04-03T03:18:53.632+0600][53.184s][info][gc,load     ] GC(142) y: Load: 4.92 (41%) / 5.04 (42%) / 5.51 (46%)
[2026-04-03T03:18:53.632+0600][53.184s][info][gc,mmu      ] GC(142) y: MMU: 2ms/90.5%, 5ms/96.2%, 10ms/98.1%, 20ms/98.7%, 50ms/99.5%, 100ms/99.6%
[2026-04-03T03:18:53.632+0600][53.184s][info][gc,marking  ] GC(142) y: Mark: 2 stripe(s), 2 proactive flush(es), 1 terminate flush(es), 0 completion(s), 0 continuation(s) 
[2026-04-03T03:18:53.632+0600][53.184s][info][gc,marking  ] GC(142) y: Mark Stack Usage: 32M
[2026-04-03T03:18:53.632+0600][53.184s][info][gc,nmethod  ] GC(142) y: NMethods: 6715 registered, 769 unregistered
[2026-04-03T03:18:53.632+0600][53.184s][info][gc,metaspace] GC(142) y: Metaspace: 71M used, 72M committed, 1088M reserved
[2026-04-03T03:18:53.632+0600][53.184s][info][gc,reloc    ] GC(142) y:                        Candidates     Selected     In-Place         Size        Empty    Relocated 
[2026-04-03T03:18:53.632+0600][53.184s][info][gc,reloc    ] GC(142) y: Small Pages:                  117           95            0         234M          18M          11M 
[2026-04-03T03:18:53.632+0600][53.184s][info][gc,reloc    ] GC(142) y: Medium Pages:                   2            0            0          32M          32M           0M 
[2026-04-03T03:18:53.632+0600][53.184s][info][gc,reloc    ] GC(142) y: Large Pages:                    4            0            0          20M           8M           0M 
[2026-04-03T03:18:53.632+0600][53.184s][info][gc,reloc    ] GC(142) y: Forwarding Usage: 13M
[2026-04-03T03:18:53.632+0600][53.184s][info][gc,reloc    ] GC(142) y: Age Table:
[2026-04-03T03:18:53.632+0600][53.184s][info][gc,reloc    ] GC(142) y:                    Live             Garbage             Small              Medium             Large        
[2026-04-03T03:18:53.632+0600][53.184s][info][gc,reloc    ] GC(142) y: Eden              24M (2%)          227M (23%)        108 / 91             1 / 0              4 / 0        
[2026-04-03T03:18:53.632+0600][53.184s][info][gc,reloc    ] GC(142) y: Survivor 1         9M (1%)           24M (2%)           9 / 4              1 / 0              0 / 0        
[2026-04-03T03:18:53.632+0600][53.184s][info][gc,heap     ] GC(142) y: Min Capacity: 8M(1%)
[2026-04-03T03:18:53.632+0600][53.184s][info][gc,heap     ] GC(142) y: Max Capacity: 1000M(100%)
[2026-04-03T03:18:53.632+0600][53.184s][info][gc,heap     ] GC(142) y: Soft Max Capacity: 1000M(100%)
[2026-04-03T03:18:53.632+0600][53.184s][info][gc,heap     ] GC(142) y: Heap Statistics:
[2026-04-03T03:18:53.632+0600][53.184s][info][gc,heap     ] GC(142) y:                Mark Start          Mark End        Relocate Start      Relocate End           High               Low         
[2026-04-03T03:18:53.632+0600][53.184s][info][gc,heap     ] GC(142) y:  Capacity:     1000M (100%)       1000M (100%)       1000M (100%)       1000M (100%)       1000M (100%)       1000M (100%)   
[2026-04-03T03:18:53.632+0600][53.184s][info][gc,heap     ] GC(142) y:      Free:      352M (35%)         364M (36%)         420M (42%)         592M (59%)         592M (59%)         342M (34%)    
[2026-04-03T03:18:53.632+0600][53.184s][info][gc,heap     ] GC(142) y:      Used:      648M (65%)         636M (64%)         580M (58%)         408M (41%)         658M (66%)         408M (41%)    
[2026-04-03T03:18:53.632+0600][53.184s][info][gc,heap     ] GC(142) y: Young Generation Statistics:
[2026-04-03T03:18:53.632+0600][53.184s][info][gc,heap     ] GC(142) y:                Mark Start          Mark End        Relocate Start      Relocate End    
[2026-04-03T03:18:53.632+0600][53.184s][info][gc,heap     ] GC(142) y:      Used:      286M (29%)         306M (31%)         250M (25%)          78M (8%)     
[2026-04-03T03:18:53.632+0600][53.184s][info][gc,heap     ] GC(142) y:      Live:         -                33M (3%)           33M (3%)           33M (3%)     
[2026-04-03T03:18:53.632+0600][53.184s][info][gc,heap     ] GC(142) y:   Garbage:         -               252M (25%)         194M (19%)           1M (0%)     
[2026-04-03T03:18:53.632+0600][53.184s][info][gc,heap     ] GC(142) y: Allocated:         -                20M (2%)           22M (2%)           42M (4%)     
[2026-04-03T03:18:53.632+0600][53.184s][info][gc,heap     ] GC(142) y: Reclaimed:         -                  -                58M (6%)          250M (25%)    
[2026-04-03T03:18:53.632+0600][53.184s][info][gc,heap     ] GC(142) y:  Promoted:         -                  -                 0M (0%)            0M (0%)     
[2026-04-03T03:18:53.632+0600][53.184s][info][gc,heap     ] GC(142) y: Compacted:         -                  -                  -                13M (1%)     
[2026-04-03T03:18:53.632+0600][53.184s][info][gc,phases   ] GC(142) y: Young Generation 648M(65%)->408M(41%) 0.124s
[2026-04-03T03:18:53.632+0600][53.184s][info][gc          ] GC(142) Minor Collection (Allocation Rate) 648M(65%)->408M(41%) 0.124s
[2026-04-03T03:18:53.632+0600][53.185s][info][gc,alloc    ] GC(139) O:                         Mark Start        Mark End      Relocate Start    Relocate End   
[2026-04-03T03:18:53.632+0600][53.185s][info][gc,alloc    ] GC(139) O: Allocation Stalls:          0                3                0                0         
[2026-04-03T03:18:53.632+0600][53.185s][info][gc,load     ] GC(139) O: Load: 4.92 (41%) / 5.04 (42%) / 5.51 (46%)
[2026-04-03T03:18:53.632+0600][53.185s][info][gc,mmu      ] GC(139) O: MMU: 2ms/90.5%, 5ms/96.2%, 10ms/98.1%, 20ms/98.7%, 50ms/99.5%, 100ms/99.6%
[2026-04-03T03:18:53.632+0600][53.185s][info][gc,marking  ] GC(139) O: Mark: 1 stripe(s), 2 proactive flush(es), 1 terminate flush(es), 0 completion(s), 0 continuation(s) 
[2026-04-03T03:18:53.632+0600][53.185s][info][gc,marking  ] GC(139) O: Mark Stack Usage: 32M
[2026-04-03T03:18:53.632+0600][53.185s][info][gc,nmethod  ] GC(139) O: NMethods: 6715 registered, 769 unregistered
[2026-04-03T03:18:53.632+0600][53.185s][info][gc,metaspace] GC(139) O: Metaspace: 71M used, 72M committed, 1088M reserved
[2026-04-03T03:18:53.632+0600][53.185s][info][gc,ref      ] GC(139) O:                       Encountered   Discovered     Enqueued 
[2026-04-03T03:18:53.632+0600][53.185s][info][gc,ref      ] GC(139) O: Soft References:             5108            0            0 
[2026-04-03T03:18:53.633+0600][53.185s][info][gc,ref      ] GC(139) O: Weak References:             6927         5076           69 
[2026-04-03T03:18:53.633+0600][53.185s][info][gc,ref      ] GC(139) O: Final References:              84            0            0 
[2026-04-03T03:18:53.633+0600][53.185s][info][gc,ref      ] GC(139) O: Phantom References:           603          596            0 
[2026-04-03T03:18:53.633+0600][53.185s][info][gc,reloc    ] GC(139) O:                        Candidates     Selected     In-Place         Size        Empty    Relocated 
[2026-04-03T03:18:53.633+0600][53.185s][info][gc,reloc    ] GC(139) O: Small Pages:                  159           19            0         318M         114M           1M 
[2026-04-03T03:18:53.633+0600][53.185s][info][gc,reloc    ] GC(139) O: Medium Pages:                   1            0            0          16M           0M           0M 
[2026-04-03T03:18:53.633+0600][53.185s][info][gc,reloc    ] GC(139) O: Large Pages:                   10            0            0          90M          86M           0M 
[2026-04-03T03:18:53.633+0600][53.185s][info][gc,reloc    ] GC(139) O: Forwarding Usage: 1M
[2026-04-03T03:18:53.633+0600][53.185s][info][gc,heap     ] GC(139) O: Min Capacity: 8M(1%)
[2026-04-03T03:18:53.633+0600][53.185s][info][gc,heap     ] GC(139) O: Max Capacity: 1000M(100%)
[2026-04-03T03:18:53.633+0600][53.185s][info][gc,heap     ] GC(139) O: Soft Max Capacity: 1000M(100%)
[2026-04-03T03:18:53.633+0600][53.185s][info][gc,heap     ] GC(139) O: Heap Statistics:
[2026-04-03T03:18:53.633+0600][53.185s][info][gc,heap     ] GC(139) O:                Mark Start          Mark End        Relocate Start      Relocate End           High               Low         
[2026-04-03T03:18:53.633+0600][53.185s][info][gc,heap     ] GC(139) O:  Capacity:     1000M (100%)       1000M (100%)       1000M (100%)       1000M (100%)       1000M (100%)       1000M (100%)   
[2026-04-03T03:18:53.633+0600][53.185s][info][gc,heap     ] GC(139) O:      Free:      272M (27%)           0M (0%)          352M (35%)         378M (38%)         380M (38%)           0M (0%)     
[2026-04-03T03:18:53.633+0600][53.185s][info][gc,heap     ] GC(139) O:      Used:      728M (73%)        1000M (100%)        648M (65%)         622M (62%)        1000M (100%)        620M (62%)    
[2026-04-03T03:18:53.633+0600][53.185s][info][gc,heap     ] GC(139) O: Old Generation Statistics:
[2026-04-03T03:18:53.633+0600][53.185s][info][gc,heap     ] GC(139) O:                Mark Start          Mark End        Relocate Start      Relocate End    
[2026-04-03T03:18:53.633+0600][53.185s][info][gc,heap     ] GC(139) O:      Used:      424M (42%)         438M (44%)         362M (36%)         330M (33%)    
[2026-04-03T03:18:53.633+0600][53.185s][info][gc,heap     ] GC(139) O:      Live:         -               172M (17%)         172M (17%)         172M (17%)    
[2026-04-03T03:18:53.633+0600][53.185s][info][gc,heap     ] GC(139) O:   Garbage:         -               251M (25%)          51M (5%)           11M (1%)     
[2026-04-03T03:18:53.633+0600][53.185s][info][gc,heap     ] GC(139) O: Allocated:         -                14M (1%)          138M (14%)         145M (15%)    
[2026-04-03T03:18:53.633+0600][53.185s][info][gc,heap     ] GC(139) O: Reclaimed:         -                  -               200M (20%)         239M (24%)    
[2026-04-03T03:18:53.633+0600][53.185s][info][gc,heap     ] GC(139) O: Compacted:         -                  -                  -                 2M (0%)     
[2026-04-03T03:18:53.633+0600][53.185s][info][gc,phases   ] GC(139) O: Old Generation 784M(78%)->622M(62%) 1.072s
[2026-04-03T03:18:53.633+0600][53.185s][info][gc          ] GC(139) Major Collection (Allocation Rate) 728M(73%)->408M(41%) 1.421s
[2026-04-03T03:18:53.640+0600][53.192s][info][gc          ] GC(143) Major Collection (Allocation Rate)
[2026-04-03T03:18:53.640+0600][53.192s][info][gc,task     ] GC(143) Using 3 Workers for Young Generation
[2026-04-03T03:18:53.640+0600][53.192s][info][gc,task     ] GC(143) Using 2 Workers for Old Generation
[2026-04-03T03:18:53.640+0600][53.192s][info][gc,phases   ] GC(143) Y: Young Generation
[2026-04-03T03:18:53.640+0600][53.192s][info][gc,phases   ] GC(143) Y: Pause Mark Start (Major) 0.038ms
[2026-04-03T03:18:53.760+0600][53.312s][info][gc,phases   ] GC(143) Y: Concurrent Mark 119.020ms
[2026-04-03T03:18:53.760+0600][53.312s][info][gc,phases   ] GC(143) Y: Pause Mark End 0.040ms
[2026-04-03T03:18:53.760+0600][53.312s][info][gc,phases   ] GC(143) Y: Concurrent Mark Free 0.005ms
[2026-04-03T03:18:53.760+0600][53.312s][info][gc,phases   ] GC(143) Y: Concurrent Reset Relocation Set 0.026ms
[2026-04-03T03:18:53.764+0600][53.316s][info][gc,reloc    ] GC(143) Y: Using tenuring threshold: 1 (Computed)
[2026-04-03T03:18:53.786+0600][53.338s][info][gc,phases   ] GC(143) Y: Concurrent Select Relocation Set 25.389ms
[2026-04-03T03:18:53.786+0600][53.338s][info][gc,phases   ] GC(143) Y: Pause Relocate Start 0.031ms
[2026-04-03T03:18:53.819+0600][53.371s][info][gc,phases   ] GC(143) Y: Concurrent Relocate 32.709ms
[2026-04-03T03:18:53.819+0600][53.371s][info][gc,alloc    ] GC(143) Y:                         Mark Start        Mark End      Relocate Start    Relocate End   
[2026-04-03T03:18:53.819+0600][53.371s][info][gc,alloc    ] GC(143) Y: Allocation Stalls:          0                0                0                0         
[2026-04-03T03:18:53.819+0600][53.371s][info][gc,load     ] GC(143) Y: Load: 4.92 (41%) / 5.04 (42%) / 5.51 (46%)
[2026-04-03T03:18:53.819+0600][53.371s][info][gc,mmu      ] GC(143) Y: MMU: 2ms/90.5%, 5ms/96.2%, 10ms/98.1%, 20ms/98.7%, 50ms/99.5%, 100ms/99.6%
[2026-04-03T03:18:53.819+0600][53.371s][info][gc,marking  ] GC(143) Y: Mark: 2 stripe(s), 2 proactive flush(es), 1 terminate flush(es), 0 completion(s), 0 continuation(s) 
[2026-04-03T03:18:53.819+0600][53.371s][info][gc,marking  ] GC(143) Y: Mark Stack Usage: 32M
[2026-04-03T03:18:53.819+0600][53.371s][info][gc,nmethod  ] GC(143) Y: NMethods: 6715 registered, 769 unregistered
[2026-04-03T03:18:53.819+0600][53.371s][info][gc,metaspace] GC(143) Y: Metaspace: 71M used, 72M committed, 1088M reserved
[2026-04-03T03:18:53.819+0600][53.371s][info][gc,reloc    ] GC(143) Y:                        Candidates     Selected     In-Place         Size        Empty    Relocated 
[2026-04-03T03:18:53.819+0600][53.371s][info][gc,reloc    ] GC(143) Y: Small Pages:                   34           19            0          68M           6M           2M 
[2026-04-03T03:18:53.819+0600][53.371s][info][gc,reloc    ] GC(143) Y: Medium Pages:                   0            0            0           0M           0M           0M 
[2026-04-03T03:18:53.819+0600][53.371s][info][gc,reloc    ] GC(143) Y: Large Pages:                    2            0            0          12M           0M           0M 
[2026-04-03T03:18:53.819+0600][53.371s][info][gc,reloc    ] GC(143) Y: Forwarding Usage: 2M
[2026-04-03T03:18:53.819+0600][53.371s][info][gc,reloc    ] GC(143) Y: Age Table:
[2026-04-03T03:18:53.819+0600][53.371s][info][gc,reloc    ] GC(143) Y:                    Live             Garbage             Small              Medium             Large        
[2026-04-03T03:18:53.819+0600][53.371s][info][gc,reloc    ] GC(143) Y: Eden               0M (0%)           27M (3%)          14 / 10             0 / 0              0 / 0        
[2026-04-03T03:18:53.819+0600][53.372s][info][gc,reloc    ] GC(143) Y: Survivor 1        24M (2%)            7M (1%)          10 / 4              0 / 0              2 / 0        
[2026-04-03T03:18:53.819+0600][53.372s][info][gc,reloc    ] GC(143) Y: Survivor 2         9M (1%)           10M (1%)          10 / 5              0 / 0              0 / 0        
[2026-04-03T03:18:53.819+0600][53.372s][info][gc,heap     ] GC(143) Y: Min Capacity: 8M(1%)
[2026-04-03T03:18:53.819+0600][53.372s][info][gc,heap     ] GC(143) Y: Max Capacity: 1000M(100%)
[2026-04-03T03:18:53.819+0600][53.372s][info][gc,heap     ] GC(143) Y: Soft Max Capacity: 1000M(100%)
[2026-04-03T03:18:53.819+0600][53.372s][info][gc,heap     ] GC(143) Y: Heap Statistics:
[2026-04-03T03:18:53.819+0600][53.372s][info][gc,heap     ] GC(143) Y:                Mark Start          Mark End        Relocate Start      Relocate End           High               Low         
[2026-04-03T03:18:53.819+0600][53.372s][info][gc,heap     ] GC(143) Y:  Capacity:     1000M (100%)       1000M (100%)       1000M (100%)       1000M (100%)       1000M (100%)       1000M (100%)   
[2026-04-03T03:18:53.819+0600][53.372s][info][gc,heap     ] GC(143) Y:      Free:      590M (59%)         564M (56%)         564M (56%)         582M (58%)         590M (59%)         558M (56%)    
[2026-04-03T03:18:53.819+0600][53.372s][info][gc,heap     ] GC(143) Y:      Used:      410M (41%)         436M (44%)         436M (44%)         418M (42%)         442M (44%)         410M (41%)    
[2026-04-03T03:18:53.819+0600][53.372s][info][gc,heap     ] GC(143) Y: Young Generation Statistics:
[2026-04-03T03:18:53.819+0600][53.372s][info][gc,heap     ] GC(143) Y:                Mark Start          Mark End        Relocate Start      Relocate End    
[2026-04-03T03:18:53.819+0600][53.372s][info][gc,heap     ] GC(143) Y:      Used:       80M (8%)          106M (11%)          74M (7%)           44M (4%)     
[2026-04-03T03:18:53.819+0600][53.372s][info][gc,heap     ] GC(143) Y:      Live:         -                33M (3%)            3M (0%)            0M (0%)     
[2026-04-03T03:18:53.819+0600][53.372s][info][gc,heap     ] GC(143) Y:   Garbage:         -                46M (5%)           38M (4%)            0M (0%)     
[2026-04-03T03:18:53.819+0600][53.372s][info][gc,heap     ] GC(143) Y: Allocated:         -                26M (3%)           32M (3%)           43M (4%)     
[2026-04-03T03:18:53.819+0600][53.372s][info][gc,heap     ] GC(143) Y: Reclaimed:         -                  -                 7M (1%)           46M (5%)     
[2026-04-03T03:18:53.819+0600][53.372s][info][gc,heap     ] GC(143) Y:  Promoted:         -                  -                30M (3%)           33M (3%)     
[2026-04-03T03:18:53.819+0600][53.372s][info][gc,heap     ] GC(143) Y: Compacted:         -                  -                  -                 0M (0%)     
[2026-04-03T03:18:53.820+0600][53.372s][info][gc,phases   ] GC(143) Y: Young Generation 410M(41%)->418M(42%) 0.179s
[2026-04-03T03:18:53.820+0600][53.372s][info][gc,phases   ] GC(143) O: Old Generation
[2026-04-03T03:18:53.865+0600][53.417s][info][gc          ] GC(144) Minor Collection (Allocation Rate)
[2026-04-03T03:18:53.865+0600][53.417s][info][gc,task     ] GC(144) Using 1 Workers for Young Generation
[2026-04-03T03:18:53.865+0600][53.417s][info][gc,phases   ] GC(144) y: Young Generation
[2026-04-03T03:18:53.865+0600][53.418s][info][gc,phases   ] GC(144) y: Pause Mark Start 0.069ms
[2026-04-03T03:18:53.915+0600][53.467s][info][gc,phases   ] GC(144) y: Concurrent Mark 49.413ms
[2026-04-03T03:18:53.915+0600][53.468s][info][gc,phases   ] GC(144) y: Pause Mark End 0.035ms
[2026-04-03T03:18:53.916+0600][53.468s][info][gc,phases   ] GC(144) y: Concurrent Mark Free 0.001ms
[2026-04-03T03:18:53.916+0600][53.468s][info][gc,phases   ] GC(144) y: Concurrent Reset Relocation Set 0.039ms
[2026-04-03T03:18:53.921+0600][53.474s][info][gc,reloc    ] GC(144) y: Using tenuring threshold: 2 (Computed)
[2026-04-03T03:18:53.922+0600][53.474s][info][gc,phases   ] GC(144) y: Concurrent Select Relocation Set 6.471ms
[2026-04-03T03:18:53.922+0600][53.475s][info][gc,phases   ] GC(144) y: Pause Relocate Start 0.031ms
[2026-04-03T03:18:53.923+0600][53.476s][info][gc,phases   ] GC(144) y: Concurrent Relocate 0.671ms
[2026-04-03T03:18:53.923+0600][53.476s][info][gc,alloc    ] GC(144) y:                         Mark Start        Mark End      Relocate Start    Relocate End   
[2026-04-03T03:18:53.923+0600][53.476s][info][gc,alloc    ] GC(144) y: Allocation Stalls:          0                0                0                0         
[2026-04-03T03:18:53.923+0600][53.476s][info][gc,load     ] GC(144) y: Load: 4.92 (41%) / 5.04 (42%) / 5.51 (46%)
[2026-04-03T03:18:53.923+0600][53.476s][info][gc,mmu      ] GC(144) y: MMU: 2ms/90.5%, 5ms/96.2%, 10ms/98.1%, 20ms/98.7%, 50ms/99.5%, 100ms/99.6%
[2026-04-03T03:18:53.923+0600][53.476s][info][gc,marking  ] GC(144) y: Mark: 1 stripe(s), 2 proactive flush(es), 1 terminate flush(es), 0 completion(s), 0 continuation(s) 
[2026-04-03T03:18:53.923+0600][53.476s][info][gc,marking  ] GC(144) y: Mark Stack Usage: 32M
[2026-04-03T03:18:53.923+0600][53.476s][info][gc,nmethod  ] GC(144) y: NMethods: 6715 registered, 769 unregistered
[2026-04-03T03:18:53.923+0600][53.476s][info][gc,metaspace] GC(144) y: Metaspace: 71M used, 72M committed, 1088M reserved
[2026-04-03T03:18:53.923+0600][53.476s][info][gc,reloc    ] GC(144) y:                        Candidates     Selected     In-Place         Size        Empty    Relocated 
[2026-04-03T03:18:53.923+0600][53.476s][info][gc,reloc    ] GC(144) y: Small Pages:                   27           19            0          54M          14M           0M 
[2026-04-03T03:18:53.924+0600][53.476s][info][gc,reloc    ] GC(144) y: Medium Pages:                   0            0            0           0M           0M           0M 
[2026-04-03T03:18:53.924+0600][53.476s][info][gc,reloc    ] GC(144) y: Large Pages:                    0            0            0           0M           0M           0M 
[2026-04-03T03:18:53.924+0600][53.476s][info][gc,reloc    ] GC(144) y: Forwarding Usage: 0M
[2026-04-03T03:18:53.924+0600][53.476s][info][gc,reloc    ] GC(144) y: Age Table:
[2026-04-03T03:18:53.924+0600][53.476s][info][gc,reloc    ] GC(144) y:                    Live             Garbage             Small              Medium             Large        
[2026-04-03T03:18:53.924+0600][53.476s][info][gc,reloc    ] GC(144) y: Eden               0M (0%)           47M (5%)          24 / 16             0 / 0              0 / 0        
[2026-04-03T03:18:53.924+0600][53.476s][info][gc,reloc    ] GC(144) y: Survivor 1         0M (0%)            5M (1%)           3 / 3              0 / 0              0 / 0        
[2026-04-03T03:18:53.924+0600][53.476s][info][gc,heap     ] GC(144) y: Min Capacity: 8M(1%)
[2026-04-03T03:18:53.924+0600][53.476s][info][gc,heap     ] GC(144) y: Max Capacity: 1000M(100%)
[2026-04-03T03:18:53.924+0600][53.476s][info][gc,heap     ] GC(144) y: Soft Max Capacity: 1000M(100%)
[2026-04-03T03:18:53.924+0600][53.476s][info][gc,heap     ] GC(144) y: Heap Statistics:
[2026-04-03T03:18:53.924+0600][53.476s][info][gc,heap     ] GC(144) y:                Mark Start          Mark End        Relocate Start      Relocate End           High               Low         
[2026-04-03T03:18:53.924+0600][53.476s][info][gc,heap     ] GC(144) y:  Capacity:     1000M (100%)       1000M (100%)       1000M (100%)       1000M (100%)       1000M (100%)       1000M (100%)   
[2026-04-03T03:18:53.924+0600][53.476s][info][gc,heap     ] GC(144) y:      Free:      572M (57%)         560M (56%)         574M (57%)         610M (61%)         610M (61%)         560M (56%)    
[2026-04-03T03:18:53.924+0600][53.476s][info][gc,heap     ] GC(144) y:      Used:      428M (43%)         440M (44%)         426M (43%)         390M (39%)         440M (44%)         390M (39%)    
[2026-04-03T03:18:53.924+0600][53.476s][info][gc,heap     ] GC(144) y: Young Generation Statistics:
[2026-04-03T03:18:53.924+0600][53.476s][info][gc,heap     ] GC(144) y:                Mark Start          Mark End        Relocate Start      Relocate End    
[2026-04-03T03:18:53.924+0600][53.476s][info][gc,heap     ] GC(144) y:      Used:       54M (5%)           66M (7%)           52M (5%)           16M (2%)     
[2026-04-03T03:18:53.924+0600][53.476s][info][gc,heap     ] GC(144) y:      Live:         -                 0M (0%)            0M (0%)            0M (0%)     
[2026-04-03T03:18:53.924+0600][53.476s][info][gc,heap     ] GC(144) y:   Garbage:         -                53M (5%)           39M (4%)            0M (0%)     
[2026-04-03T03:18:53.924+0600][53.476s][info][gc,heap     ] GC(144) y: Allocated:         -                12M (1%)           12M (1%)           15M (2%)     
[2026-04-03T03:18:53.924+0600][53.476s][info][gc,heap     ] GC(144) y: Reclaimed:         -                  -                14M (1%)           53M (5%)     
[2026-04-03T03:18:53.924+0600][53.476s][info][gc,heap     ] GC(144) y:  Promoted:         -                  -                 0M (0%)            0M (0%)     
[2026-04-03T03:18:53.924+0600][53.476s][info][gc,heap     ] GC(144) y: Compacted:         -                  -                  -                 0M (0%)     
[2026-04-03T03:18:53.924+0600][53.476s][info][gc,phases   ] GC(144) y: Young Generation 428M(43%)->390M(39%) 0.058s
[2026-04-03T03:18:53.924+0600][53.476s][info][gc          ] GC(144) Minor Collection (Allocation Rate) 428M(43%)->390M(39%) 0.059s
[2026-04-03T03:18:54.101+0600][53.654s][info][gc          ] GC(145) Minor Collection (Allocation Rate)
[2026-04-03T03:18:54.101+0600][53.654s][info][gc,task     ] GC(145) Using 1 Workers for Young Generation
[2026-04-03T03:18:54.101+0600][53.654s][info][gc,phases   ] GC(145) y: Young Generation
[2026-04-03T03:18:54.102+0600][53.654s][info][gc,phases   ] GC(145) y: Pause Mark Start 0.105ms
[2026-04-03T03:18:54.122+0600][53.674s][info][gc,phases   ] GC(145) y: Concurrent Mark 19.625ms
[2026-04-03T03:18:54.122+0600][53.674s][info][gc,phases   ] GC(145) y: Pause Mark End 0.029ms
[2026-04-03T03:18:54.122+0600][53.674s][info][gc,phases   ] GC(145) y: Concurrent Mark Free 0.002ms
[2026-04-03T03:18:54.122+0600][53.675s][info][gc,phases   ] GC(145) y: Concurrent Reset Relocation Set 0.004ms
[2026-04-03T03:18:54.127+0600][53.680s][info][gc,reloc    ] GC(145) y: Using tenuring threshold: 3 (Computed)
[2026-04-03T03:18:54.128+0600][53.680s][info][gc,phases   ] GC(145) y: Concurrent Select Relocation Set 5.519ms
[2026-04-03T03:18:54.128+0600][53.680s][info][gc,phases   ] GC(145) y: Pause Relocate Start 0.022ms
[2026-04-03T03:18:54.129+0600][53.681s][info][gc,phases   ] GC(145) y: Concurrent Relocate 0.603ms
[2026-04-03T03:18:54.129+0600][53.681s][info][gc,alloc    ] GC(145) y:                         Mark Start        Mark End      Relocate Start    Relocate End   
[2026-04-03T03:18:54.129+0600][53.681s][info][gc,alloc    ] GC(145) y: Allocation Stalls:          0                0                0                0         
[2026-04-03T03:18:54.129+0600][53.681s][info][gc,load     ] GC(145) y: Load: 4.92 (41%) / 5.04 (42%) / 5.51 (46%)
[2026-04-03T03:18:54.129+0600][53.681s][info][gc,mmu      ] GC(145) y: MMU: 2ms/90.5%, 5ms/96.2%, 10ms/98.1%, 20ms/98.7%, 50ms/99.5%, 100ms/99.6%
[2026-04-03T03:18:54.129+0600][53.681s][info][gc,marking  ] GC(145) y: Mark: 1 stripe(s), 2 proactive flush(es), 1 terminate flush(es), 0 completion(s), 0 continuation(s) 
[2026-04-03T03:18:54.129+0600][53.681s][info][gc,marking  ] GC(145) y: Mark Stack Usage: 32M
[2026-04-03T03:18:54.129+0600][53.681s][info][gc,nmethod  ] GC(145) y: NMethods: 6715 registered, 769 unregistered
[2026-04-03T03:18:54.129+0600][53.681s][info][gc,metaspace] GC(145) y: Metaspace: 71M used, 72M committed, 1088M reserved
[2026-04-03T03:18:54.129+0600][53.681s][info][gc,reloc    ] GC(145) y:                        Candidates     Selected     In-Place         Size        Empty    Relocated 
[2026-04-03T03:18:54.129+0600][53.681s][info][gc,reloc    ] GC(145) y: Small Pages:                   26           18            0          52M          14M           0M 
[2026-04-03T03:18:54.129+0600][53.681s][info][gc,reloc    ] GC(145) y: Medium Pages:                   0            0            0           0M           0M           0M 
[2026-04-03T03:18:54.129+0600][53.681s][info][gc,reloc    ] GC(145) y: Large Pages:                    0            0            0           0M           0M           0M 
[2026-04-03T03:18:54.129+0600][53.681s][info][gc,reloc    ] GC(145) y: Forwarding Usage: 0M
[2026-04-03T03:18:54.129+0600][53.681s][info][gc,reloc    ] GC(145) y: Age Table:
[2026-04-03T03:18:54.129+0600][53.681s][info][gc,reloc    ] GC(145) y:                    Live             Garbage             Small              Medium             Large        
[2026-04-03T03:18:54.129+0600][53.681s][info][gc,reloc    ] GC(145) y: Eden               0M (0%)           47M (5%)          24 / 17             0 / 0              0 / 0        
[2026-04-03T03:18:54.129+0600][53.681s][info][gc,reloc    ] GC(145) y: Survivor 1         0M (0%)            1M (0%)           1 / 1              0 / 0              0 / 0        
[2026-04-03T03:18:54.129+0600][53.681s][info][gc,reloc    ] GC(145) y: Survivor 2         0M (0%)            1M (0%)           1 / 0              0 / 0              0 / 0        
[2026-04-03T03:18:54.129+0600][53.681s][info][gc,heap     ] GC(145) y: Min Capacity: 8M(1%)
[2026-04-03T03:18:54.129+0600][53.681s][info][gc,heap     ] GC(145) y: Max Capacity: 1000M(100%)
[2026-04-03T03:18:54.129+0600][53.681s][info][gc,heap     ] GC(145) y: Soft Max Capacity: 1000M(100%)
[2026-04-03T03:18:54.129+0600][53.681s][info][gc,heap     ] GC(145) y: Heap Statistics:
[2026-04-03T03:18:54.129+0600][53.681s][info][gc,heap     ] GC(145) y:                Mark Start          Mark End        Relocate Start      Relocate End           High               Low         
[2026-04-03T03:18:54.129+0600][53.681s][info][gc,heap     ] GC(145) y:  Capacity:     1000M (100%)       1000M (100%)       1000M (100%)       1000M (100%)       1000M (100%)       1000M (100%)   
[2026-04-03T03:18:54.129+0600][53.681s][info][gc,heap     ] GC(145) y:      Free:      574M (57%)         564M (56%)         574M (57%)         604M (60%)         604M (60%)         562M (56%)    
[2026-04-03T03:18:54.129+0600][53.682s][info][gc,heap     ] GC(145) y:      Used:      426M (43%)         436M (44%)         426M (43%)         396M (40%)         438M (44%)         396M (40%)    
[2026-04-03T03:18:54.129+0600][53.682s][info][gc,heap     ] GC(145) y: Young Generation Statistics:
[2026-04-03T03:18:54.129+0600][53.682s][info][gc,heap     ] GC(145) y:                Mark Start          Mark End        Relocate Start      Relocate End    
[2026-04-03T03:18:54.129+0600][53.682s][info][gc,heap     ] GC(145) y:      Used:       52M (5%)           62M (6%)           52M (5%)           22M (2%)     
[2026-04-03T03:18:54.129+0600][53.682s][info][gc,heap     ] GC(145) y:      Live:         -                 0M (0%)            0M (0%)            0M (0%)     
[2026-04-03T03:18:54.129+0600][53.682s][info][gc,heap     ] GC(145) y:   Garbage:         -                51M (5%)           37M (4%)            0M (0%)     
[2026-04-03T03:18:54.129+0600][53.682s][info][gc,heap     ] GC(145) y: Allocated:         -                10M (1%)           14M (1%)           21M (2%)     
[2026-04-03T03:18:54.129+0600][53.682s][info][gc,heap     ] GC(145) y: Reclaimed:         -                  -                14M (1%)           51M (5%)     
[2026-04-03T03:18:54.129+0600][53.682s][info][gc,heap     ] GC(145) y:  Promoted:         -                  -                 0M (0%)            0M (0%)     
[2026-04-03T03:18:54.129+0600][53.682s][info][gc,heap     ] GC(145) y: Compacted:         -                  -                  -                 0M (0%)     
[2026-04-03T03:18:54.129+0600][53.682s][info][gc,phases   ] GC(145) y: Young Generation 426M(43%)->396M(40%) 0.028s
[2026-04-03T03:18:54.129+0600][53.682s][info][gc          ] GC(145) Minor Collection (Allocation Rate) 426M(43%)->396M(40%) 0.028s
[2026-04-03T03:18:54.185+0600][53.737s][info][gc          ] GC(146) Minor Collection (Allocation Rate)
[2026-04-03T03:18:54.185+0600][53.737s][info][gc,task     ] GC(146) Using 1 Workers for Young Generation
[2026-04-03T03:18:54.185+0600][53.737s][info][gc,phases   ] GC(146) y: Young Generation
[2026-04-03T03:18:54.186+0600][53.738s][info][gc,phases   ] GC(146) y: Pause Mark Start 0.137ms
[2026-04-03T03:18:54.190+0600][53.742s][info][gc,task     ] Adjusting Workers for Old Generation: 2 -> 1
[2026-04-03T03:18:54.230+0600][53.782s][info][gc,phases   ] GC(146) y: Concurrent Mark 44.228ms
[2026-04-03T03:18:54.231+0600][53.783s][info][gc,phases   ] GC(146) y: Pause Mark End 0.062ms
[2026-04-03T03:18:54.231+0600][53.783s][info][gc,phases   ] GC(146) y: Concurrent Mark Free 0.002ms
[2026-04-03T03:18:54.231+0600][53.783s][info][gc,phases   ] GC(146) y: Concurrent Reset Relocation Set 0.004ms
[2026-04-03T03:18:54.236+0600][53.789s][info][gc,reloc    ] GC(146) y: Using tenuring threshold: 4 (Computed)
[2026-04-03T03:18:54.241+0600][53.793s][info][gc,phases   ] GC(146) y: Concurrent Select Relocation Set 10.303ms
[2026-04-03T03:18:54.242+0600][53.794s][info][gc,phases   ] GC(146) y: Pause Relocate Start 0.083ms
[2026-04-03T03:18:54.265+0600][53.817s][info][gc,phases   ] GC(146) y: Concurrent Relocate 23.439ms
[2026-04-03T03:18:54.265+0600][53.817s][info][gc,alloc    ] GC(146) y:                         Mark Start        Mark End      Relocate Start    Relocate End   
[2026-04-03T03:18:54.265+0600][53.818s][info][gc,alloc    ] GC(146) y: Allocation Stalls:          0                0                0                0         
[2026-04-03T03:18:54.265+0600][53.818s][info][gc,load     ] GC(146) y: Load: 4.92 (41%) / 5.04 (42%) / 5.51 (46%)
[2026-04-03T03:18:54.265+0600][53.818s][info][gc,mmu      ] GC(146) y: MMU: 2ms/90.5%, 5ms/96.2%, 10ms/98.1%, 20ms/98.7%, 50ms/99.5%, 100ms/99.6%
[2026-04-03T03:18:54.265+0600][53.818s][info][gc,marking  ] GC(146) y: Mark: 1 stripe(s), 2 proactive flush(es), 1 terminate flush(es), 0 completion(s), 0 continuation(s) 
[2026-04-03T03:18:54.265+0600][53.818s][info][gc,marking  ] GC(146) y: Mark Stack Usage: 32M
[2026-04-03T03:18:54.265+0600][53.818s][info][gc,nmethod  ] GC(146) y: NMethods: 6715 registered, 769 unregistered
[2026-04-03T03:18:54.265+0600][53.818s][info][gc,metaspace] GC(146) y: Metaspace: 71M used, 72M committed, 1088M reserved
[2026-04-03T03:18:54.265+0600][53.818s][info][gc,reloc    ] GC(146) y:                        Candidates     Selected     In-Place         Size        Empty    Relocated 
[2026-04-03T03:18:54.265+0600][53.818s][info][gc,reloc    ] GC(146) y: Small Pages:                   35           30            0          70M           2M           4M 
[2026-04-03T03:18:54.265+0600][53.818s][info][gc,reloc    ] GC(146) y: Medium Pages:                   1            0            0          16M           0M           0M 
[2026-04-03T03:18:54.265+0600][53.818s][info][gc,reloc    ] GC(146) y: Large Pages:                    0            0            0           0M           0M           0M 
[2026-04-03T03:18:54.265+0600][53.818s][info][gc,reloc    ] GC(146) y: Forwarding Usage: 3M
[2026-04-03T03:18:54.265+0600][53.818s][info][gc,reloc    ] GC(146) y: Age Table:
[2026-04-03T03:18:54.265+0600][53.818s][info][gc,reloc    ] GC(146) y:                    Live             Garbage             Small              Medium             Large        
[2026-04-03T03:18:54.266+0600][53.818s][info][gc,reloc    ] GC(146) y: Eden               6M (1%)           71M (7%)          31 / 26             1 / 0              0 / 0        
[2026-04-03T03:18:54.266+0600][53.818s][info][gc,reloc    ] GC(146) y: Survivor 1         0M (0%)            3M (0%)           2 / 2              0 / 0              0 / 0        
[2026-04-03T03:18:54.266+0600][53.818s][info][gc,reloc    ] GC(146) y: Survivor 2         0M (0%)            1M (0%)           1 / 1              0 / 0              0 / 0        
[2026-04-03T03:18:54.266+0600][53.818s][info][gc,reloc    ] GC(146) y: Survivor 3         0M (0%)            1M (0%)           1 / 1              0 / 0              0 / 0        
[2026-04-03T03:18:54.266+0600][53.818s][info][gc,heap     ] GC(146) y: Min Capacity: 8M(1%)
[2026-04-03T03:18:54.266+0600][53.818s][info][gc,heap     ] GC(146) y: Max Capacity: 1000M(100%)
[2026-04-03T03:18:54.266+0600][53.818s][info][gc,heap     ] GC(146) y: Soft Max Capacity: 1000M(100%)
[2026-04-03T03:18:54.266+0600][53.818s][info][gc,heap     ] GC(146) y: Heap Statistics:
[2026-04-03T03:18:54.266+0600][53.818s][info][gc,heap     ] GC(146) y:                Mark Start          Mark End        Relocate Start      Relocate End           High               Low         
[2026-04-03T03:18:54.266+0600][53.818s][info][gc,heap     ] GC(146) y:  Capacity:     1000M (100%)       1000M (100%)       1000M (100%)       1000M (100%)       1000M (100%)       1000M (100%)   
[2026-04-03T03:18:54.266+0600][53.818s][info][gc,heap     ] GC(146) y:      Free:      540M (54%)         498M (50%)         492M (49%)         520M (52%)         540M (54%)         484M (48%)    
[2026-04-03T03:18:54.266+0600][53.818s][info][gc,heap     ] GC(146) y:      Used:      460M (46%)         502M (50%)         508M (51%)         480M (48%)         516M (52%)         460M (46%)    
[2026-04-03T03:18:54.266+0600][53.818s][info][gc,heap     ] GC(146) y: Young Generation Statistics:
[2026-04-03T03:18:54.266+0600][53.818s][info][gc,heap     ] GC(146) y:                Mark Start          Mark End        Relocate Start      Relocate End    
[2026-04-03T03:18:54.266+0600][53.818s][info][gc,heap     ] GC(146) y:      Used:       86M (9%)          128M (13%)         134M (13%)         106M (11%)    
[2026-04-03T03:18:54.266+0600][53.818s][info][gc,heap     ] GC(146) y:      Live:         -                 6M (1%)            6M (1%)            6M (1%)     
[2026-04-03T03:18:54.266+0600][53.818s][info][gc,heap     ] GC(146) y:   Garbage:         -                79M (8%)           77M (8%)           16M (2%)     
[2026-04-03T03:18:54.266+0600][53.818s][info][gc,heap     ] GC(146) y: Allocated:         -                42M (4%)           50M (5%)           82M (8%)     
[2026-04-03T03:18:54.266+0600][53.818s][info][gc,heap     ] GC(146) y: Reclaimed:         -                  -                 2M (0%)           62M (6%)     
[2026-04-03T03:18:54.266+0600][53.818s][info][gc,heap     ] GC(146) y:  Promoted:         -                  -                 0M (0%)            0M (0%)     
[2026-04-03T03:18:54.266+0600][53.818s][info][gc,heap     ] GC(146) y: Compacted:         -                  -                  -                 5M (1%)     
[2026-04-03T03:18:54.266+0600][53.818s][info][gc,phases   ] GC(146) y: Young Generation 460M(46%)->480M(48%) 0.080s
[2026-04-03T03:18:54.266+0600][53.818s][info][gc          ] GC(146) Minor Collection (Allocation Rate) 460M(46%)->480M(48%) 0.081s
[2026-04-03T03:18:54.333+0600][53.886s][info][gc          ] GC(147) Minor Collection (Allocation Rate)
[2026-04-03T03:18:54.333+0600][53.886s][info][gc,task     ] GC(147) Using 2 Workers for Young Generation
[2026-04-03T03:18:54.333+0600][53.886s][info][gc,phases   ] GC(147) y: Young Generation
[2026-04-03T03:18:54.334+0600][53.886s][info][gc,phases   ] GC(147) y: Pause Mark Start 0.036ms
[2026-04-03T03:18:54.429+0600][53.981s][info][gc,phases   ] GC(147) y: Concurrent Mark 94.941ms
[2026-04-03T03:18:54.430+0600][53.982s][info][gc,phases   ] GC(147) y: Pause Mark End 0.128ms
[2026-04-03T03:18:54.430+0600][53.982s][info][gc,phases   ] GC(147) y: Concurrent Mark Free 0.003ms
[2026-04-03T03:18:54.430+0600][53.982s][info][gc,phases   ] GC(147) y: Concurrent Reset Relocation Set 0.012ms
[2026-04-03T03:18:54.436+0600][53.989s][info][gc,reloc    ] GC(147) y: Using tenuring threshold: 4 (Computed)
[2026-04-03T03:18:54.444+0600][53.996s][info][gc,phases   ] GC(147) y: Concurrent Select Relocation Set 14.370ms
[2026-04-03T03:18:54.445+0600][53.997s][info][gc,phases   ] GC(147) y: Pause Relocate Start 0.173ms
[2026-04-03T03:18:54.496+0600][54.049s][info][gc,phases   ] GC(147) y: Concurrent Relocate 51.197ms
[2026-04-03T03:18:54.497+0600][54.049s][info][gc,alloc    ] GC(147) y:                         Mark Start        Mark End      Relocate Start    Relocate End   
[2026-04-03T03:18:54.497+0600][54.049s][info][gc,alloc    ] GC(147) y: Allocation Stalls:          0                0                0                0         
[2026-04-03T03:18:54.497+0600][54.049s][info][gc,load     ] GC(147) y: Load: 4.92 (41%) / 5.04 (42%) / 5.51 (46%)
[2026-04-03T03:18:54.497+0600][54.049s][info][gc,mmu      ] GC(147) y: MMU: 2ms/90.5%, 5ms/96.2%, 10ms/98.1%, 20ms/98.5%, 50ms/99.4%, 100ms/99.6%
[2026-04-03T03:18:54.497+0600][54.049s][info][gc,marking  ] GC(147) y: Mark: 2 stripe(s), 2 proactive flush(es), 1 terminate flush(es), 0 completion(s), 0 continuation(s) 
[2026-04-03T03:18:54.497+0600][54.049s][info][gc,marking  ] GC(147) y: Mark Stack Usage: 32M
[2026-04-03T03:18:54.497+0600][54.049s][info][gc,nmethod  ] GC(147) y: NMethods: 6718 registered, 769 unregistered
[2026-04-03T03:18:54.497+0600][54.049s][info][gc,metaspace] GC(147) y: Metaspace: 71M used, 72M committed, 1088M reserved
[2026-04-03T03:18:54.497+0600][54.049s][info][gc,reloc    ] GC(147) y:                        Candidates     Selected     In-Place         Size        Empty    Relocated 
[2026-04-03T03:18:54.497+0600][54.049s][info][gc,reloc    ] GC(147) y: Small Pages:                   82           67            0         164M           4M          13M 
[2026-04-03T03:18:54.497+0600][54.049s][info][gc,reloc    ] GC(147) y: Medium Pages:                   1            0            0          16M          16M           0M 
[2026-04-03T03:18:54.497+0600][54.049s][info][gc,reloc    ] GC(147) y: Large Pages:                    2            0            0          10M           4M           0M 
[2026-04-03T03:18:54.497+0600][54.049s][info][gc,reloc    ] GC(147) y: Forwarding Usage: 11M
[2026-04-03T03:18:54.497+0600][54.049s][info][gc,reloc    ] GC(147) y: Age Table:
[2026-04-03T03:18:54.497+0600][54.049s][info][gc,reloc    ] GC(147) y:                    Live             Garbage             Small              Medium             Large        
[2026-04-03T03:18:54.497+0600][54.049s][info][gc,reloc    ] GC(147) y: Eden              22M (2%)          131M (13%)         72 / 62             0 / 0              2 / 0        
[2026-04-03T03:18:54.497+0600][54.049s][info][gc,reloc    ] GC(147) y: Survivor 1         5M (1%)           22M (2%)           6 / 2              1 / 0              0 / 0        
[2026-04-03T03:18:54.497+0600][54.049s][info][gc,reloc    ] GC(147) y: Survivor 2         0M (0%)            3M (0%)           2 / 1              0 / 0              0 / 0        
[2026-04-03T03:18:54.497+0600][54.049s][info][gc,reloc    ] GC(147) y: Survivor 3         0M (0%)            1M (0%)           1 / 1              0 / 0              0 / 0        
[2026-04-03T03:18:54.497+0600][54.049s][info][gc,reloc    ] GC(147) y: Survivor 4         0M (0%)            1M (0%)           1 / 1              0 / 0              0 / 0        
[2026-04-03T03:18:54.497+0600][54.049s][info][gc,heap     ] GC(147) y: Min Capacity: 8M(1%)
[2026-04-03T03:18:54.497+0600][54.049s][info][gc,heap     ] GC(147) y: Max Capacity: 1000M(100%)
[2026-04-03T03:18:54.497+0600][54.049s][info][gc,heap     ] GC(147) y: Soft Max Capacity: 1000M(100%)
[2026-04-03T03:18:54.497+0600][54.049s][info][gc,heap     ] GC(147) y: Heap Statistics:
[2026-04-03T03:18:54.497+0600][54.049s][info][gc,heap     ] GC(147) y:                Mark Start          Mark End        Relocate Start      Relocate End           High               Low         
[2026-04-03T03:18:54.497+0600][54.049s][info][gc,heap     ] GC(147) y:  Capacity:     1000M (100%)       1000M (100%)       1000M (100%)       1000M (100%)       1000M (100%)       1000M (100%)   
[2026-04-03T03:18:54.497+0600][54.049s][info][gc,heap     ] GC(147) y:      Free:      436M (44%)         360M (36%)         376M (38%)         474M (47%)         474M (47%)         358M (36%)    
[2026-04-03T03:18:54.497+0600][54.049s][info][gc,heap     ] GC(147) y:      Used:      564M (56%)         640M (64%)         624M (62%)         526M (53%)         642M (64%)         526M (53%)    
[2026-04-03T03:18:54.497+0600][54.049s][info][gc,heap     ] GC(147) y: Young Generation Statistics:
[2026-04-03T03:18:54.497+0600][54.049s][info][gc,heap     ] GC(147) y:                Mark Start          Mark End        Relocate Start      Relocate End    
[2026-04-03T03:18:54.497+0600][54.049s][info][gc,heap     ] GC(147) y:      Used:      190M (19%)         266M (27%)         250M (25%)         150M (15%)    
[2026-04-03T03:18:54.497+0600][54.049s][info][gc,heap     ] GC(147) y:      Live:         -                27M (3%)           27M (3%)           27M (3%)     
[2026-04-03T03:18:54.497+0600][54.049s][info][gc,heap     ] GC(147) y:   Garbage:         -               162M (16%)         138M (14%)           1M (0%)     
[2026-04-03T03:18:54.497+0600][54.049s][info][gc,heap     ] GC(147) y: Allocated:         -                76M (8%)           84M (8%)          121M (12%)    
[2026-04-03T03:18:54.497+0600][54.049s][info][gc,heap     ] GC(147) y: Reclaimed:         -                  -                24M (2%)          161M (16%)    
[2026-04-03T03:18:54.497+0600][54.049s][info][gc,heap     ] GC(147) y:  Promoted:         -                  -                 0M (0%)            0M (0%)     
[2026-04-03T03:18:54.497+0600][54.049s][info][gc,heap     ] GC(147) y: Compacted:         -                  -                  -                16M (2%)     
[2026-04-03T03:18:54.497+0600][54.049s][info][gc,phases   ] GC(147) y: Young Generation 564M(56%)->526M(53%) 0.163s
[2026-04-03T03:18:54.497+0600][54.049s][info][gc          ] GC(147) Minor Collection (Allocation Rate) 564M(56%)->526M(53%) 0.164s
[2026-04-03T03:18:54.500+0600][54.052s][info][gc          ] GC(148) Minor Collection (Allocation Rate)
[2026-04-03T03:18:54.500+0600][54.052s][info][gc,task     ] GC(148) Using 2 Workers for Young Generation
[2026-04-03T03:18:54.500+0600][54.052s][info][gc,phases   ] GC(148) y: Young Generation
[2026-04-03T03:18:54.501+0600][54.053s][info][gc,phases   ] GC(148) y: Pause Mark Start 0.088ms
[2026-04-03T03:18:54.709+0600][54.262s][info][gc,phases   ] GC(148) y: Concurrent Mark 208.467ms
[2026-04-03T03:18:54.710+0600][54.262s][info][gc,phases   ] GC(148) y: Pause Mark End 0.063ms
[2026-04-03T03:18:54.710+0600][54.262s][info][gc,phases   ] GC(148) y: Concurrent Mark Free 0.002ms
[2026-04-03T03:18:54.710+0600][54.262s][info][gc,phases   ] GC(148) y: Concurrent Reset Relocation Set 0.035ms
[2026-04-03T03:18:54.717+0600][54.269s][info][gc,reloc    ] GC(148) y: Using tenuring threshold: 1 (Computed)
[2026-04-03T03:18:54.748+0600][54.300s][info][gc,phases   ] GC(148) y: Concurrent Select Relocation Set 37.517ms
[2026-04-03T03:18:54.748+0600][54.300s][info][gc,phases   ] GC(148) y: Pause Relocate Start 0.066ms
[2026-04-03T03:18:54.820+0600][54.372s][info][gc,phases   ] GC(148) y: Concurrent Relocate 71.565ms
[2026-04-03T03:18:54.820+0600][54.372s][info][gc,alloc    ] GC(148) y:                         Mark Start        Mark End      Relocate Start    Relocate End   
[2026-04-03T03:18:54.820+0600][54.372s][info][gc,alloc    ] GC(148) y: Allocation Stalls:          0                0                0                0         
[2026-04-03T03:18:54.820+0600][54.372s][info][gc,load     ] GC(148) y: Load: 4.92 (41%) / 5.04 (42%) / 5.51 (46%)
[2026-04-03T03:18:54.820+0600][54.372s][info][gc,mmu      ] GC(148) y: MMU: 2ms/90.5%, 5ms/96.2%, 10ms/98.1%, 20ms/98.5%, 50ms/99.4%, 100ms/99.6%
[2026-04-03T03:18:54.820+0600][54.372s][info][gc,marking  ] GC(148) y: Mark: 2 stripe(s), 2 proactive flush(es), 1 terminate flush(es), 0 completion(s), 0 continuation(s) 
[2026-04-03T03:18:54.820+0600][54.372s][info][gc,marking  ] GC(148) y: Mark Stack Usage: 32M
[2026-04-03T03:18:54.820+0600][54.373s][info][gc,nmethod  ] GC(148) y: NMethods: 6719 registered, 769 unregistered
[2026-04-03T03:18:54.820+0600][54.373s][info][gc,metaspace] GC(148) y: Metaspace: 71M used, 72M committed, 1088M reserved
[2026-04-03T03:18:54.820+0600][54.373s][info][gc,reloc    ] GC(148) y:                        Candidates     Selected     In-Place         Size        Empty    Relocated 
[2026-04-03T03:18:54.820+0600][54.373s][info][gc,reloc    ] GC(148) y: Small Pages:                   66           50            0         132M           2M           5M 
[2026-04-03T03:18:54.820+0600][54.373s][info][gc,reloc    ] GC(148) y: Medium Pages:                   1            0            0          16M           0M           0M 
[2026-04-03T03:18:54.820+0600][54.373s][info][gc,reloc    ] GC(148) y: Large Pages:                    1            0            0           6M           0M           0M 
[2026-04-03T03:18:54.820+0600][54.373s][info][gc,reloc    ] GC(148) y: Forwarding Usage: 6M
[2026-04-03T03:18:54.820+0600][54.373s][info][gc,reloc    ] GC(148) y: Age Table:
[2026-04-03T03:18:54.820+0600][54.373s][info][gc,reloc    ] GC(148) y:                    Live             Garbage             Small              Medium             Large        
[2026-04-03T03:18:54.820+0600][54.373s][info][gc,reloc    ] GC(148) y: Eden               5M (1%)          106M (11%)         48 / 45             1 / 0              0 / 0        
[2026-04-03T03:18:54.820+0600][54.373s][info][gc,reloc    ] GC(148) y: Survivor 1        21M (2%)            6M (1%)          11 / 2              0 / 0              1 / 0        
[2026-04-03T03:18:54.820+0600][54.373s][info][gc,reloc    ] GC(148) y: Survivor 2         5M (1%)            4M (0%)           5 / 2              0 / 0              0 / 0        
[2026-04-03T03:18:54.820+0600][54.373s][info][gc,reloc    ] GC(148) y: Survivor 3         0M (0%)            1M (0%)           1 / 1              0 / 0              0 / 0        
[2026-04-03T03:18:54.820+0600][54.373s][info][gc,reloc    ] GC(148) y: Survivor 4         0M (0%)            1M (0%)           1 / 0              0 / 0              0 / 0        
[2026-04-03T03:18:54.820+0600][54.373s][info][gc,heap     ] GC(148) y: Min Capacity: 8M(1%)
[2026-04-03T03:18:54.820+0600][54.373s][info][gc,heap     ] GC(148) y: Max Capacity: 1000M(100%)
[2026-04-03T03:18:54.820+0600][54.373s][info][gc,heap     ] GC(148) y: Soft Max Capacity: 1000M(100%)
[2026-04-03T03:18:54.820+0600][54.373s][info][gc,heap     ] GC(148) y: Heap Statistics:
[2026-04-03T03:18:54.821+0600][54.373s][info][gc,heap     ] GC(148) y:                Mark Start          Mark End        Relocate Start      Relocate End           High               Low         
[2026-04-03T03:18:54.821+0600][54.373s][info][gc,heap     ] GC(148) y:  Capacity:     1000M (100%)       1000M (100%)       1000M (100%)       1000M (100%)       1000M (100%)       1000M (100%)   
[2026-04-03T03:18:54.821+0600][54.373s][info][gc,heap     ] GC(148) y:      Free:      470M (47%)         264M (26%)         232M (23%)         256M (26%)         470M (47%)         228M (23%)    
[2026-04-03T03:18:54.821+0600][54.373s][info][gc,heap     ] GC(148) y:      Used:      530M (53%)         736M (74%)         768M (77%)         744M (74%)         772M (77%)         530M (53%)    
[2026-04-03T03:18:54.821+0600][54.373s][info][gc,heap     ] GC(148) y: Young Generation Statistics:
[2026-04-03T03:18:54.821+0600][54.373s][info][gc,heap     ] GC(148) y:                Mark Start          Mark End        Relocate Start      Relocate End    
[2026-04-03T03:18:54.821+0600][54.373s][info][gc,heap     ] GC(148) y:      Used:      154M (15%)         360M (36%)         364M (36%)         336M (34%)    
[2026-04-03T03:18:54.821+0600][54.373s][info][gc,heap     ] GC(148) y:      Live:         -                32M (3%)            7M (1%)            5M (1%)     
[2026-04-03T03:18:54.821+0600][54.373s][info][gc,heap     ] GC(148) y:   Garbage:         -               121M (12%)         116M (12%)          15M (2%)     
[2026-04-03T03:18:54.821+0600][54.373s][info][gc,heap     ] GC(148) y: Allocated:         -               206M (21%)         240M (24%)         315M (32%)    
[2026-04-03T03:18:54.821+0600][54.373s][info][gc,heap     ] GC(148) y: Reclaimed:         -                  -                 4M (0%)          106M (11%)    
[2026-04-03T03:18:54.821+0600][54.373s][info][gc,heap     ] GC(148) y:  Promoted:         -                  -                25M (3%)           26M (3%)     
[2026-04-03T03:18:54.821+0600][54.373s][info][gc,heap     ] GC(148) y: Compacted:         -                  -                  -                 4M (0%)     
[2026-04-03T03:18:54.821+0600][54.373s][info][gc,phases   ] GC(148) y: Young Generation 530M(53%)->744M(74%) 0.320s
[2026-04-03T03:18:54.821+0600][54.373s][info][gc          ] GC(148) Minor Collection (Allocation Rate) 530M(53%)->746M(75%) 0.321s
[2026-04-03T03:18:54.821+0600][54.373s][info][gc,task     ] Adjusting Workers for Old Generation: 1 -> 2
[2026-04-03T03:18:54.821+0600][54.373s][info][gc          ] GC(149) Minor Collection (Allocation Rate)
[2026-04-03T03:18:54.821+0600][54.373s][info][gc,task     ] GC(149) Using 1 Workers for Young Generation
[2026-04-03T03:18:54.821+0600][54.373s][info][gc,phases   ] GC(149) y: Young Generation
[2026-04-03T03:18:54.822+0600][54.374s][info][gc,phases   ] GC(149) y: Pause Mark Start 0.091ms
[2026-04-03T03:18:54.953+0600][54.505s][info][gc,phases   ] GC(143) O: Concurrent Mark 1133.425ms
[2026-04-03T03:18:54.953+0600][54.506s][info][gc,phases   ] GC(143) O: Pause Mark End 0.048ms
[2026-04-03T03:18:54.954+0600][54.506s][info][gc,phases   ] GC(143) O: Concurrent Mark Free 0.005ms
[2026-04-03T03:18:54.973+0600][54.525s][info][gc,phases   ] GC(143) O: Concurrent Process Non-Strong 19.155ms
[2026-04-03T03:18:54.973+0600][54.525s][info][gc,phases   ] GC(143) O: Concurrent Reset Relocation Set 0.008ms
[2026-04-03T03:18:54.983+0600][54.535s][info][gc,phases   ] GC(143) O: Concurrent Select Relocation Set 10.105ms
[2026-04-03T03:18:55.086+0600][54.639s][info][gc,phases   ] GC(149) y: Concurrent Mark 264.425ms
[2026-04-03T03:18:55.086+0600][54.639s][info][gc,phases   ] GC(149) y: Pause Mark End 0.027ms
[2026-04-03T03:18:55.087+0600][54.639s][info][gc,phases   ] GC(149) y: Concurrent Mark Free 0.001ms
[2026-04-03T03:18:55.087+0600][54.639s][info][gc,phases   ] GC(149) y: Concurrent Reset Relocation Set 0.048ms
[2026-04-03T03:18:55.092+0600][54.644s][info][gc,reloc    ] GC(149) y: Using tenuring threshold: 2 (Computed)
[2026-04-03T03:18:55.098+0600][54.651s][info][gc,phases   ] GC(149) y: Concurrent Select Relocation Set 11.676ms
[2026-04-03T03:18:55.099+0600][54.651s][info][gc,phases   ] GC(149) y: Pause Relocate Start 0.035ms
[2026-04-03T03:18:55.159+0600][54.711s][info][gc,phases   ] GC(149) y: Concurrent Relocate 59.709ms
[2026-04-03T03:18:55.159+0600][54.711s][info][gc,alloc    ] GC(149) y:                         Mark Start        Mark End      Relocate Start    Relocate End   
[2026-04-03T03:18:55.159+0600][54.711s][info][gc,alloc    ] GC(149) y: Allocation Stalls:          0                0                0                0         
[2026-04-03T03:18:55.159+0600][54.711s][info][gc,load     ] GC(149) y: Load: 4.92 (41%) / 5.04 (42%) / 5.51 (46%)
[2026-04-03T03:18:55.159+0600][54.711s][info][gc,mmu      ] GC(149) y: MMU: 2ms/90.5%, 5ms/96.2%, 10ms/98.1%, 20ms/98.5%, 50ms/99.4%, 100ms/99.6%
[2026-04-03T03:18:55.159+0600][54.711s][info][gc,marking  ] GC(149) y: Mark: 1 stripe(s), 2 proactive flush(es), 1 terminate flush(es), 0 completion(s), 0 continuation(s) 
[2026-04-03T03:18:55.159+0600][54.711s][info][gc,marking  ] GC(149) y: Mark Stack Usage: 32M
[2026-04-03T03:18:55.159+0600][54.711s][info][gc,nmethod  ] GC(149) y: NMethods: 6718 registered, 770 unregistered
[2026-04-03T03:18:55.159+0600][54.711s][info][gc,metaspace] GC(149) y: Metaspace: 71M used, 72M committed, 1088M reserved
[2026-04-03T03:18:55.159+0600][54.711s][info][gc,reloc    ] GC(149) y:                        Candidates     Selected     In-Place         Size        Empty    Relocated 
[2026-04-03T03:18:55.159+0600][54.711s][info][gc,reloc    ] GC(149) y: Small Pages:                  148          138            0         296M           0M          11M 
[2026-04-03T03:18:55.159+0600][54.711s][info][gc,reloc    ] GC(149) y: Medium Pages:                   2            1            2          32M           0M           1M 
[2026-04-03T03:18:55.159+0600][54.711s][info][gc,reloc    ] GC(149) y: Large Pages:                    1            0            0          10M           0M           0M 
[2026-04-03T03:18:55.159+0600][54.711s][info][gc,reloc    ] GC(149) y: Forwarding Usage: 11M
[2026-04-03T03:18:55.159+0600][54.711s][info][gc,reloc    ] GC(149) y: Age Table:
[2026-04-03T03:18:55.159+0600][54.711s][info][gc,reloc    ] GC(149) y:                    Live             Garbage             Small              Medium             Large        
[2026-04-03T03:18:55.159+0600][54.711s][info][gc,reloc    ] GC(149) y: Eden              22M (2%)          287M (29%)        142 / 135            1 / 1              1 / 0        
[2026-04-03T03:18:55.159+0600][54.711s][info][gc,reloc    ] GC(149) y: Survivor 1         4M (0%)           23M (2%)           6 / 3              1 / 0              0 / 0        
[2026-04-03T03:18:55.159+0600][54.711s][info][gc,heap     ] GC(149) y: Min Capacity: 8M(1%)
[2026-04-03T03:18:55.159+0600][54.711s][info][gc,heap     ] GC(149) y: Max Capacity: 1000M(100%)
[2026-04-03T03:18:55.159+0600][54.711s][info][gc,heap     ] GC(149) y: Soft Max Capacity: 1000M(100%)
[2026-04-03T03:18:55.159+0600][54.711s][info][gc,heap     ] GC(149) y: Heap Statistics:
[2026-04-03T03:18:55.159+0600][54.711s][info][gc,heap     ] GC(149) y:                Mark Start          Mark End        Relocate Start      Relocate End           High               Low         
[2026-04-03T03:18:55.159+0600][54.711s][info][gc,heap     ] GC(149) y:  Capacity:     1000M (100%)       1000M (100%)       1000M (100%)       1000M (100%)       1000M (100%)       1000M (100%)   
[2026-04-03T03:18:55.159+0600][54.711s][info][gc,heap     ] GC(149) y:      Free:      254M (25%)          24M (2%)           16M (2%)          218M (22%)         254M (25%)           4M (0%)     
[2026-04-03T03:18:55.159+0600][54.711s][info][gc,heap     ] GC(149) y:      Used:      746M (75%)         976M (98%)         984M (98%)         782M (78%)         996M (100%)        746M (75%)    
[2026-04-03T03:18:55.159+0600][54.711s][info][gc,heap     ] GC(149) y: Young Generation Statistics:
[2026-04-03T03:18:55.159+0600][54.712s][info][gc,heap     ] GC(149) y:                Mark Start          Mark End        Relocate Start      Relocate End    
[2026-04-03T03:18:55.159+0600][54.712s][info][gc,heap     ] GC(149) y:      Used:      338M (34%)         568M (57%)         576M (58%)         374M (37%)    
[2026-04-03T03:18:55.159+0600][54.712s][info][gc,heap     ] GC(149) y:      Live:         -                27M (3%)           27M (3%)           27M (3%)     
[2026-04-03T03:18:55.159+0600][54.712s][info][gc,heap     ] GC(149) y:   Garbage:         -               310M (31%)         310M (31%)           2M (0%)     
[2026-04-03T03:18:55.159+0600][54.712s][info][gc,heap     ] GC(149) y: Allocated:         -               230M (23%)         238M (24%)         344M (34%)    
[2026-04-03T03:18:55.159+0600][54.712s][info][gc,heap     ] GC(149) y: Reclaimed:         -                  -                 0M (0%)          308M (31%)    
[2026-04-03T03:18:55.159+0600][54.712s][info][gc,heap     ] GC(149) y:  Promoted:         -                  -                 0M (0%)            0M (0%)     
[2026-04-03T03:18:55.159+0600][54.712s][info][gc,heap     ] GC(149) y: Compacted:         -                  -                  -                13M (1%)     
[2026-04-03T03:18:55.159+0600][54.712s][info][gc,phases   ] GC(149) y: Young Generation 746M(75%)->782M(78%) 0.338s
[2026-04-03T03:18:55.159+0600][54.712s][info][gc          ] GC(149) Minor Collection (Allocation Rate) 746M(75%)->784M(78%) 0.338s
[2026-04-03T03:18:55.159+0600][54.712s][info][gc,task     ] Adjusting Workers for Old Generation: 2 -> 1
[2026-04-03T03:18:55.160+0600][54.712s][info][gc          ] GC(150) Minor Collection (Allocation Rate)
[2026-04-03T03:18:55.160+0600][54.712s][info][gc,task     ] GC(150) Using 2 Workers for Young Generation
[2026-04-03T03:18:55.160+0600][54.712s][info][gc,phases   ] GC(150) y: Young Generation
[2026-04-03T03:18:55.160+0600][54.712s][info][gc,phases   ] GC(150) y: Pause Mark Start 0.026ms
[2026-04-03T03:18:55.370+0600][54.922s][info][gc,task     ] Adjusting Workers for Old Generation: 2 -> 3
[2026-04-03T03:18:55.370+0600][54.922s][info][gc,task     ] Adjusting Workers for Young Generation: 2 -> 3
[2026-04-03T03:18:55.398+0600][54.950s][info][gc,phases   ] GC(150) y: Concurrent Mark 238.154ms
[2026-04-03T03:18:55.398+0600][54.951s][info][gc,phases   ] GC(150) y: Pause Mark End 0.021ms
[2026-04-03T03:18:55.398+0600][54.951s][info][gc,phases   ] GC(150) y: Concurrent Mark Free 0.001ms
[2026-04-03T03:18:55.398+0600][54.951s][info][gc,phases   ] GC(150) y: Concurrent Reset Relocation Set 0.032ms
[2026-04-03T03:18:55.400+0600][54.953s][info][gc,reloc    ] GC(150) y: Using tenuring threshold: 2 (Computed)
[2026-04-03T03:18:55.400+0600][54.953s][info][gc          ] Allocation Stall (Executor task launch worker for task 2.0 in stage 15.0 (TID 26)) 34.715ms
[2026-04-03T03:18:55.400+0600][54.953s][info][gc          ] Allocation Stall (Executor task launch worker for task 1.0 in stage 15.0 (TID 25)) 34.327ms
[2026-04-03T03:18:55.400+0600][54.953s][info][gc          ] Allocation Stall (Executor task launch worker for task 0.0 in stage 15.0 (TID 24)) 29.551ms
[2026-04-03T03:18:55.405+0600][54.957s][info][gc,phases   ] GC(150) y: Concurrent Select Relocation Set 6.741ms
[2026-04-03T03:18:55.405+0600][54.958s][info][gc,phases   ] GC(150) y: Pause Relocate Start 0.017ms
[2026-04-03T03:18:55.439+0600][54.991s][info][gc,phases   ] GC(150) y: Concurrent Relocate 33.455ms
[2026-04-03T03:18:55.439+0600][54.991s][info][gc,alloc    ] GC(150) y:                         Mark Start        Mark End      Relocate Start    Relocate End   
[2026-04-03T03:18:55.439+0600][54.991s][info][gc,alloc    ] GC(150) y: Allocation Stalls:          0                3                0                0         
[2026-04-03T03:18:55.439+0600][54.991s][info][gc,load     ] GC(150) y: Load: 4.85 (40%) / 5.03 (42%) / 5.50 (46%)
[2026-04-03T03:18:55.439+0600][54.991s][info][gc,mmu      ] GC(150) y: MMU: 2ms/90.5%, 5ms/96.2%, 10ms/98.1%, 20ms/98.5%, 50ms/99.4%, 100ms/99.6%
[2026-04-03T03:18:55.439+0600][54.991s][info][gc,marking  ] GC(150) y: Mark: 2 stripe(s), 2 proactive flush(es), 1 terminate flush(es), 0 completion(s), 0 continuation(s) 
[2026-04-03T03:18:55.439+0600][54.992s][info][gc,marking  ] GC(150) y: Mark Stack Usage: 32M
[2026-04-03T03:18:55.439+0600][54.992s][info][gc,nmethod  ] GC(150) y: NMethods: 6718 registered, 770 unregistered
[2026-04-03T03:18:55.439+0600][54.992s][info][gc,metaspace] GC(150) y: Metaspace: 71M used, 72M committed, 1088M reserved
[2026-04-03T03:18:55.439+0600][54.992s][info][gc,reloc    ] GC(150) y:                        Candidates     Selected     In-Place         Size        Empty    Relocated 
[2026-04-03T03:18:55.439+0600][54.992s][info][gc,reloc    ] GC(150) y: Small Pages:                  160          144            0         320M           0M          12M 
[2026-04-03T03:18:55.439+0600][54.992s][info][gc,reloc    ] GC(150) y: Medium Pages:                   2            0            0          32M          16M           0M 
[2026-04-03T03:18:55.439+0600][54.992s][info][gc,reloc    ] GC(150) y: Large Pages:                    3            0            0          24M           0M           0M 
[2026-04-03T03:18:55.439+0600][54.992s][info][gc,reloc    ] GC(150) y: Forwarding Usage: 11M
[2026-04-03T03:18:55.439+0600][54.992s][info][gc,reloc    ] GC(150) y: Age Table:
[2026-04-03T03:18:55.439+0600][54.992s][info][gc,reloc    ] GC(150) y:                    Live             Garbage             Small              Medium             Large        
[2026-04-03T03:18:55.439+0600][54.992s][info][gc,reloc    ] GC(150) y: Eden              25M (3%)          278M (28%)        145 / 138            0 / 0              2 / 0        
[2026-04-03T03:18:55.439+0600][54.992s][info][gc,reloc    ] GC(150) y: Survivor 1        21M (2%)           22M (2%)           9 / 3              1 / 0              1 / 0        
[2026-04-03T03:18:55.439+0600][54.992s][info][gc,reloc    ] GC(150) y: Survivor 2         4M (0%)           23M (2%)           6 / 3              1 / 0              0 / 0        
[2026-04-03T03:18:55.439+0600][54.992s][info][gc,heap     ] GC(150) y: Min Capacity: 8M(1%)
[2026-04-03T03:18:55.439+0600][54.992s][info][gc,heap     ] GC(150) y: Max Capacity: 1000M(100%)
[2026-04-03T03:18:55.439+0600][54.992s][info][gc,heap     ] GC(150) y: Soft Max Capacity: 1000M(100%)
[2026-04-03T03:18:55.440+0600][54.992s][info][gc,heap     ] GC(150) y: Heap Statistics:
[2026-04-03T03:18:55.440+0600][54.992s][info][gc,heap     ] GC(150) y:                Mark Start          Mark End        Relocate Start      Relocate End           High               Low         
[2026-04-03T03:18:55.440+0600][54.992s][info][gc,heap     ] GC(150) y:  Capacity:     1000M (100%)       1000M (100%)       1000M (100%)       1000M (100%)       1000M (100%)       1000M (100%)   
[2026-04-03T03:18:55.440+0600][54.992s][info][gc,heap     ] GC(150) y:      Free:      216M (22%)           0M (0%)           10M (1%)          246M (25%)         248M (25%)           0M (0%)     
[2026-04-03T03:18:55.440+0600][54.992s][info][gc,heap     ] GC(150) y:      Used:      784M (78%)        1000M (100%)        990M (99%)         754M (75%)        1000M (100%)        752M (75%)    
[2026-04-03T03:18:55.440+0600][54.992s][info][gc,heap     ] GC(150) y: Young Generation Statistics:
[2026-04-03T03:18:55.440+0600][54.992s][info][gc,heap     ] GC(150) y:                Mark Start          Mark End        Relocate Start      Relocate End    
[2026-04-03T03:18:55.440+0600][54.992s][info][gc,heap     ] GC(150) y:      Used:      376M (38%)         592M (59%)         562M (56%)         320M (32%)    
[2026-04-03T03:18:55.440+0600][54.992s][info][gc,heap     ] GC(150) y:      Live:         -                52M (5%)           47M (5%)           47M (5%)     
[2026-04-03T03:18:55.440+0600][54.992s][info][gc,heap     ] GC(150) y:   Garbage:         -               323M (32%)         292M (29%)           0M (0%)     
[2026-04-03T03:18:55.440+0600][54.992s][info][gc,heap     ] GC(150) y: Allocated:         -               216M (22%)         222M (22%)         271M (27%)    
[2026-04-03T03:18:55.440+0600][54.992s][info][gc,heap     ] GC(150) y: Reclaimed:         -                  -                31M (3%)          323M (32%)    
[2026-04-03T03:18:55.440+0600][54.992s][info][gc,heap     ] GC(150) y:  Promoted:         -                  -                 4M (0%)            4M (0%)     
[2026-04-03T03:18:55.440+0600][54.992s][info][gc,heap     ] GC(150) y: Compacted:         -                  -                  -                12M (1%)     
[2026-04-03T03:18:55.440+0600][54.992s][info][gc,phases   ] GC(150) y: Young Generation 784M(78%)->754M(75%) 0.280s
[2026-04-03T03:18:55.440+0600][54.992s][info][gc          ] GC(150) Minor Collection (Allocation Rate) 784M(78%)->754M(75%) 0.280s
[2026-04-03T03:18:55.440+0600][54.992s][info][gc,task     ] GC(143) O: Using 3 Workers for Old Generation
[2026-04-03T03:18:55.440+0600][54.992s][info][gc,task     ] Adjusting Workers for Old Generation: 2 -> 1
[2026-04-03T03:18:55.477+0600][55.029s][info][gc,task     ] GC(143) O: Using 2 Workers for Old Generation
[2026-04-03T03:18:55.477+0600][55.029s][info][gc,phases   ] GC(143) O: Concurrent Remap Roots 36.749ms
[2026-04-03T03:18:55.477+0600][55.029s][info][gc,phases   ] GC(143) O: Pause Relocate Start 0.029ms
[2026-04-03T03:18:55.477+0600][55.029s][info][gc          ] GC(151) Minor Collection (Allocation Rate)
[2026-04-03T03:18:55.477+0600][55.029s][info][gc,task     ] GC(151) Using 2 Workers for Young Generation
[2026-04-03T03:18:55.477+0600][55.030s][info][gc,phases   ] GC(151) y: Young Generation
[2026-04-03T03:18:55.477+0600][55.030s][info][gc,phases   ] GC(151) y: Pause Mark Start 0.012ms
[2026-04-03T03:18:55.517+0600][55.069s][info][gc,phases   ] GC(143) O: Concurrent Relocate 39.426ms
[2026-04-03T03:18:55.524+0600][55.076s][info][gc,task     ] Adjusting Workers for Young Generation: 2 -> 3
[2026-04-03T03:18:55.725+0600][55.278s][info][gc,phases   ] GC(151) y: Concurrent Mark 247.823ms
[2026-04-03T03:18:55.726+0600][55.278s][info][gc,phases   ] GC(151) y: Pause Mark End 0.057ms
[2026-04-03T03:18:55.726+0600][55.278s][info][gc,phases   ] GC(151) y: Concurrent Mark Free 0.007ms
[2026-04-03T03:18:55.726+0600][55.278s][info][gc,phases   ] GC(151) y: Concurrent Reset Relocation Set 0.044ms
[2026-04-03T03:18:55.731+0600][55.284s][info][gc,reloc    ] GC(151) y: Using tenuring threshold: 1 (Computed)
[2026-04-03T03:18:55.732+0600][55.284s][info][gc          ] Allocation Stall (Executor task launch worker for task 2.0 in stage 15.0 (TID 26)) 15.028ms
[2026-04-03T03:18:55.732+0600][55.284s][info][gc          ] Allocation Stall (Executor task launch worker for task 1.0 in stage 15.0 (TID 25)) 10.521ms
[2026-04-03T03:18:55.756+0600][55.309s][info][gc,phases   ] GC(151) y: Concurrent Select Relocation Set 30.319ms
[2026-04-03T03:18:55.757+0600][55.309s][info][gc,phases   ] GC(151) y: Pause Relocate Start 0.019ms
[2026-04-03T03:18:55.757+0600][55.309s][info][gc          ] Allocation Stall (Executor task launch worker for task 0.0 in stage 15.0 (TID 24)) 34.776ms
[2026-04-03T03:18:55.757+0600][55.309s][info][gc          ] Allocation Stall (Executor task launch worker for task 2.0 in stage 15.0 (TID 26)) 18.630ms
[2026-04-03T03:18:55.757+0600][55.310s][info][gc          ] Allocation Stall (Executor task launch worker for task 1.0 in stage 15.0 (TID 25)) 18.575ms
[2026-04-03T03:18:55.758+0600][55.310s][info][gc          ] Relocation Stall (Executor task launch worker for task 2.0 in stage 15.0 (TID 26)) 0.408ms
[2026-04-03T03:18:55.843+0600][55.396s][info][gc,phases   ] GC(151) y: Concurrent Relocate 86.573ms
[2026-04-03T03:18:55.843+0600][55.396s][info][gc,alloc    ] GC(151) y:                         Mark Start        Mark End      Relocate Start    Relocate End   
[2026-04-03T03:18:55.843+0600][55.396s][info][gc,alloc    ] GC(151) y: Allocation Stalls:          0                3                3                0         
[2026-04-03T03:18:55.843+0600][55.396s][info][gc,load     ] GC(151) y: Load: 4.85 (40%) / 5.03 (42%) / 5.50 (46%)
[2026-04-03T03:18:55.843+0600][55.396s][info][gc,mmu      ] GC(151) y: MMU: 2ms/90.5%, 5ms/96.2%, 10ms/98.1%, 20ms/98.5%, 50ms/99.4%, 100ms/99.6%
[2026-04-03T03:18:55.843+0600][55.396s][info][gc,marking  ] GC(151) y: Mark: 2 stripe(s), 2 proactive flush(es), 1 terminate flush(es), 0 completion(s), 0 continuation(s) 
[2026-04-03T03:18:55.843+0600][55.396s][info][gc,marking  ] GC(151) y: Mark Stack Usage: 32M
[2026-04-03T03:18:55.843+0600][55.396s][info][gc,nmethod  ] GC(151) y: NMethods: 6718 registered, 770 unregistered
[2026-04-03T03:18:55.844+0600][55.396s][info][gc,metaspace] GC(151) y: Metaspace: 71M used, 72M committed, 1088M reserved
[2026-04-03T03:18:55.844+0600][55.396s][info][gc,reloc    ] GC(151) y:                        Candidates     Selected     In-Place         Size        Empty    Relocated 
[2026-04-03T03:18:55.844+0600][55.396s][info][gc,reloc    ] GC(151) y: Small Pages:                  164          144            6         328M           0M          12M 
[2026-04-03T03:18:55.844+0600][55.396s][info][gc,reloc    ] GC(151) y: Medium Pages:                   0            0            0           0M           0M           0M 
[2026-04-03T03:18:55.844+0600][55.396s][info][gc,reloc    ] GC(151) y: Large Pages:                    4            0            0          30M           4M           0M 
[2026-04-03T03:18:55.844+0600][55.396s][info][gc,reloc    ] GC(151) y: Forwarding Usage: 11M
[2026-04-03T03:18:55.844+0600][55.396s][info][gc,reloc    ] GC(151) y: Age Table:
[2026-04-03T03:18:55.844+0600][55.396s][info][gc,reloc    ] GC(151) y:                    Live             Garbage             Small              Medium             Large        
[2026-04-03T03:18:55.844+0600][55.396s][info][gc,reloc    ] GC(151) y: Eden              18M (2%)          273M (27%)        143 / 136            0 / 0              1 / 0        
[2026-04-03T03:18:55.844+0600][55.396s][info][gc,reloc    ] GC(151) y: Survivor 1        20M (2%)           11M (1%)           9 / 3              0 / 0              2 / 0        
[2026-04-03T03:18:55.844+0600][55.396s][info][gc,reloc    ] GC(151) y: Survivor 2        21M (2%)           12M (1%)          12 / 5              0 / 0              1 / 0        
[2026-04-03T03:18:55.844+0600][55.396s][info][gc,heap     ] GC(151) y: Min Capacity: 8M(1%)
[2026-04-03T03:18:55.844+0600][55.396s][info][gc,heap     ] GC(151) y: Max Capacity: 1000M(100%)
[2026-04-03T03:18:55.844+0600][55.396s][info][gc,heap     ] GC(151) y: Soft Max Capacity: 1000M(100%)
[2026-04-03T03:18:55.844+0600][55.396s][info][gc,heap     ] GC(151) y: Heap Statistics:
[2026-04-03T03:18:55.844+0600][55.396s][info][gc,heap     ] GC(151) y:                Mark Start          Mark End        Relocate Start      Relocate End           High               Low         
[2026-04-03T03:18:55.844+0600][55.396s][info][gc,heap     ] GC(151) y:  Capacity:     1000M (100%)       1000M (100%)       1000M (100%)       1000M (100%)       1000M (100%)       1000M (100%)   
[2026-04-03T03:18:55.844+0600][55.396s][info][gc,heap     ] GC(151) y:      Free:      208M (21%)           0M (0%)            0M (0%)          184M (18%)         252M (25%)           0M (0%)     
[2026-04-03T03:18:55.844+0600][55.396s][info][gc,heap     ] GC(151) y:      Used:      792M (79%)        1000M (100%)       1000M (100%)        816M (82%)        1000M (100%)        748M (75%)    
[2026-04-03T03:18:55.844+0600][55.396s][info][gc,heap     ] GC(151) y: Young Generation Statistics:
[2026-04-03T03:18:55.844+0600][55.396s][info][gc,heap     ] GC(151) y:                Mark Start          Mark End        Relocate Start      Relocate End    
[2026-04-03T03:18:55.844+0600][55.396s][info][gc,heap     ] GC(151) y:      Used:      358M (36%)         586M (59%)         542M (54%)         352M (35%)    
[2026-04-03T03:18:55.844+0600][55.396s][info][gc,heap     ] GC(151) y:      Live:         -                60M (6%)           18M (2%)           18M (2%)     
[2026-04-03T03:18:55.844+0600][55.396s][info][gc,heap     ] GC(151) y:   Garbage:         -               297M (30%)         291M (29%)           0M (0%)     
[2026-04-03T03:18:55.844+0600][55.396s][info][gc,heap     ] GC(151) y: Allocated:         -               228M (23%)         232M (23%)         333M (33%)    
[2026-04-03T03:18:55.844+0600][55.396s][info][gc,heap     ] GC(151) y: Reclaimed:         -                  -                 6M (1%)          297M (30%)    
[2026-04-03T03:18:55.844+0600][55.396s][info][gc,heap     ] GC(151) y:  Promoted:         -                  -                41M (4%)           41M (4%)     
[2026-04-03T03:18:55.844+0600][55.396s][info][gc,heap     ] GC(151) y: Compacted:         -                  -                  -                12M (1%)     
[2026-04-03T03:18:55.844+0600][55.396s][info][gc,phases   ] GC(151) y: Young Generation 792M(79%)->816M(82%) 0.366s
[2026-04-03T03:18:55.844+0600][55.396s][info][gc          ] GC(151) Minor Collection (Allocation Rate) 792M(79%)->816M(82%) 0.367s
[2026-04-03T03:18:55.844+0600][55.396s][info][gc,alloc    ] GC(143) O:                         Mark Start        Mark End      Relocate Start    Relocate End   
[2026-04-03T03:18:55.844+0600][55.396s][info][gc,alloc    ] GC(143) O: Allocation Stalls:          0                0                0                0         
[2026-04-03T03:18:55.844+0600][55.396s][info][gc,load     ] GC(143) O: Load: 4.85 (40%) / 5.03 (42%) / 5.50 (46%)
[2026-04-03T03:18:55.844+0600][55.396s][info][gc,mmu      ] GC(143) O: MMU: 2ms/90.5%, 5ms/96.2%, 10ms/98.1%, 20ms/98.5%, 50ms/99.4%, 100ms/99.6%
[2026-04-03T03:18:55.844+0600][55.396s][info][gc,marking  ] GC(143) O: Mark: 2 stripe(s), 2 proactive flush(es), 1 terminate flush(es), 0 completion(s), 0 continuation(s) 
[2026-04-03T03:18:55.844+0600][55.396s][info][gc,marking  ] GC(143) O: Mark Stack Usage: 32M
[2026-04-03T03:18:55.844+0600][55.396s][info][gc,nmethod  ] GC(143) O: NMethods: 6718 registered, 770 unregistered
[2026-04-03T03:18:55.844+0600][55.396s][info][gc,metaspace] GC(143) O: Metaspace: 71M used, 72M committed, 1088M reserved
[2026-04-03T03:18:55.844+0600][55.396s][info][gc,ref      ] GC(143) O:                       Encountered   Discovered     Enqueued 
[2026-04-03T03:18:55.844+0600][55.396s][info][gc,ref      ] GC(143) O: Soft References:             5098            0            0 
[2026-04-03T03:18:55.844+0600][55.396s][info][gc,ref      ] GC(143) O: Weak References:             6694         5165           17 
[2026-04-03T03:18:55.844+0600][55.396s][info][gc,ref      ] GC(143) O: Final References:              84            0            0 
[2026-04-03T03:18:55.844+0600][55.396s][info][gc,ref      ] GC(143) O: Phantom References:           607          336            0 
[2026-04-03T03:18:55.844+0600][55.396s][info][gc,reloc    ] GC(143) O:                        Candidates     Selected     In-Place         Size        Empty    Relocated 
[2026-04-03T03:18:55.844+0600][55.396s][info][gc,reloc    ] GC(143) O: Small Pages:                  140           13            0         280M           0M           5M 
[2026-04-03T03:18:55.844+0600][55.396s][info][gc,reloc    ] GC(143) O: Medium Pages:                   1            0            0          16M           0M           0M 
[2026-04-03T03:18:55.844+0600][55.396s][info][gc,reloc    ] GC(143) O: Large Pages:                    4            0            0          34M           0M           0M 
[2026-04-03T03:18:55.844+0600][55.396s][info][gc,reloc    ] GC(143) O: Forwarding Usage: 5M
[2026-04-03T03:18:55.844+0600][55.396s][info][gc,heap     ] GC(143) O: Min Capacity: 8M(1%)
[2026-04-03T03:18:55.844+0600][55.396s][info][gc,heap     ] GC(143) O: Max Capacity: 1000M(100%)
[2026-04-03T03:18:55.844+0600][55.396s][info][gc,heap     ] GC(143) O: Soft Max Capacity: 1000M(100%)
[2026-04-03T03:18:55.844+0600][55.396s][info][gc,heap     ] GC(143) O: Heap Statistics:
[2026-04-03T03:18:55.844+0600][55.396s][info][gc,heap     ] GC(143) O:                Mark Start          Mark End        Relocate Start      Relocate End           High               Low         
[2026-04-03T03:18:55.844+0600][55.396s][info][gc,heap     ] GC(143) O:  Capacity:     1000M (100%)       1000M (100%)       1000M (100%)       1000M (100%)       1000M (100%)       1000M (100%)   
[2026-04-03T03:18:55.844+0600][55.397s][info][gc,heap     ] GC(143) O:      Free:      590M (59%)         170M (17%)         208M (21%)         190M (19%)         610M (61%)           0M (0%)     
[2026-04-03T03:18:55.844+0600][55.397s][info][gc,heap     ] GC(143) O:      Used:      410M (41%)         830M (83%)         792M (79%)         810M (81%)        1000M (100%)        390M (39%)    
[2026-04-03T03:18:55.844+0600][55.397s][info][gc,heap     ] GC(143) O: Old Generation Statistics:
[2026-04-03T03:18:55.844+0600][55.397s][info][gc,heap     ] GC(143) O:                Mark Start          Mark End        Relocate Start      Relocate End    
[2026-04-03T03:18:55.844+0600][55.397s][info][gc,heap     ] GC(143) O:      Used:      330M (33%)         408M (41%)         434M (43%)         414M (41%)    
[2026-04-03T03:18:55.844+0600][55.397s][info][gc,heap     ] GC(143) O:      Live:         -               289M (29%)         289M (29%)         289M (29%)    
[2026-04-03T03:18:55.844+0600][55.397s][info][gc,heap     ] GC(143) O:   Garbage:         -                40M (4%)           40M (4%)           12M (1%)     
[2026-04-03T03:18:55.844+0600][55.397s][info][gc,heap     ] GC(143) O: Allocated:         -                78M (8%)          104M (10%)         111M (11%)    
[2026-04-03T03:18:55.844+0600][55.397s][info][gc,heap     ] GC(143) O: Reclaimed:         -                  -                 0M (0%)           27M (3%)     
[2026-04-03T03:18:55.844+0600][55.397s][info][gc,heap     ] GC(143) O: Compacted:         -                  -                  -                12M (1%)     
[2026-04-03T03:18:55.844+0600][55.397s][info][gc,phases   ] GC(143) O: Old Generation 418M(42%)->810M(81%) 2.024s
[2026-04-03T03:18:55.844+0600][55.397s][info][gc          ] GC(143) Major Collection (Allocation Rate) 410M(41%)->816M(82%) 2.205s
[2026-04-03T03:18:55.848+0600][55.401s][info][gc          ] GC(152) Major Collection (Allocation Rate)
[2026-04-03T03:18:55.849+0600][55.401s][info][gc,task     ] GC(152) Using 3 Workers for Young Generation
[2026-04-03T03:18:55.849+0600][55.401s][info][gc,task     ] GC(152) Using 1 Workers for Old Generation
[2026-04-03T03:18:55.849+0600][55.401s][info][gc,phases   ] GC(152) Y: Young Generation
[2026-04-03T03:18:55.849+0600][55.401s][info][gc,phases   ] GC(152) Y: Pause Mark Start (Major) 0.037ms
[2026-04-03T03:18:56.027+0600][55.579s][info][gc,phases   ] GC(152) Y: Concurrent Mark 178.014ms
[2026-04-03T03:18:56.027+0600][55.579s][info][gc,phases   ] GC(152) Y: Pause Mark End 0.029ms
[2026-04-03T03:18:56.027+0600][55.580s][info][gc,phases   ] GC(152) Y: Concurrent Mark Free 0.002ms
[2026-04-03T03:18:56.028+0600][55.580s][info][gc,phases   ] GC(152) Y: Concurrent Reset Relocation Set 0.068ms
[2026-04-03T03:18:56.033+0600][55.585s][info][gc,reloc    ] GC(152) Y: Using tenuring threshold: 1 (Computed)
[2026-04-03T03:18:56.048+0600][55.600s][info][gc,phases   ] GC(152) Y: Concurrent Select Relocation Set 20.018ms
[2026-04-03T03:18:56.048+0600][55.600s][info][gc,phases   ] GC(152) Y: Pause Relocate Start 0.020ms
[2026-04-03T03:18:56.049+0600][55.601s][info][gc          ] Allocation Stall (Executor task launch worker for task 0.0 in stage 15.0 (TID 24)) 1.323ms
[2026-04-03T03:18:56.049+0600][55.601s][info][gc          ] Relocation Stall (Executor task launch worker for task 1.0 in stage 15.0 (TID 25)) 1.100ms
[2026-04-03T03:18:56.049+0600][55.602s][info][gc          ] Relocation Stall (Executor task launch worker for task 2.0 in stage 15.0 (TID 26)) 0.600ms
[2026-04-03T03:18:56.108+0600][55.661s][info][gc,phases   ] GC(152) Y: Concurrent Relocate 60.235ms
[2026-04-03T03:18:56.109+0600][55.661s][info][gc,alloc    ] GC(152) Y:                         Mark Start        Mark End      Relocate Start    Relocate End   
[2026-04-03T03:18:56.109+0600][55.661s][info][gc,alloc    ] GC(152) Y: Allocation Stalls:          0                0                1                0         
[2026-04-03T03:18:56.109+0600][55.661s][info][gc,load     ] GC(152) Y: Load: 4.85 (40%) / 5.03 (42%) / 5.50 (46%)
[2026-04-03T03:18:56.109+0600][55.661s][info][gc,mmu      ] GC(152) Y: MMU: 2ms/90.5%, 5ms/96.2%, 10ms/98.1%, 20ms/98.5%, 50ms/99.4%, 100ms/99.6%
[2026-04-03T03:18:56.109+0600][55.661s][info][gc,marking  ] GC(152) Y: Mark: 2 stripe(s), 2 proactive flush(es), 1 terminate flush(es), 0 completion(s), 0 continuation(s) 
[2026-04-03T03:18:56.109+0600][55.661s][info][gc,marking  ] GC(152) Y: Mark Stack Usage: 32M
[2026-04-03T03:18:56.109+0600][55.661s][info][gc,nmethod  ] GC(152) Y: NMethods: 6718 registered, 770 unregistered
[2026-04-03T03:18:56.109+0600][55.661s][info][gc,metaspace] GC(152) Y: Metaspace: 71M used, 72M committed, 1088M reserved
[2026-04-03T03:18:56.109+0600][55.661s][info][gc,reloc    ] GC(152) Y:                        Candidates     Selected     In-Place         Size        Empty    Relocated 
[2026-04-03T03:18:56.109+0600][55.661s][info][gc,reloc    ] GC(152) Y: Small Pages:                  176          162            5         352M           0M          12M 
[2026-04-03T03:18:56.109+0600][55.661s][info][gc,reloc    ] GC(152) Y: Medium Pages:                   0            0            0           0M           0M           0M 
[2026-04-03T03:18:56.109+0600][55.661s][info][gc,reloc    ] GC(152) Y: Large Pages:                    1            0            0           6M           0M           0M 
[2026-04-03T03:18:56.109+0600][55.661s][info][gc,reloc    ] GC(152) Y: Forwarding Usage: 11M
[2026-04-03T03:18:56.109+0600][55.661s][info][gc,reloc    ] GC(152) Y: Age Table:
[2026-04-03T03:18:56.109+0600][55.661s][info][gc,reloc    ] GC(152) Y:                    Live             Garbage             Small              Medium             Large        
[2026-04-03T03:18:56.109+0600][55.661s][info][gc,reloc    ] GC(152) Y: Eden              12M (1%)          317M (32%)        165 / 158            0 / 0              0 / 0        
[2026-04-03T03:18:56.109+0600][55.661s][info][gc,reloc    ] GC(152) Y: Survivor 1        16M (2%)           11M (1%)          11 / 4              0 / 0              1 / 0        
[2026-04-03T03:18:56.109+0600][55.661s][info][gc,heap     ] GC(152) Y: Min Capacity: 8M(1%)
[2026-04-03T03:18:56.109+0600][55.661s][info][gc,heap     ] GC(152) Y: Max Capacity: 1000M(100%)
[2026-04-03T03:18:56.109+0600][55.661s][info][gc,heap     ] GC(152) Y: Soft Max Capacity: 1000M(100%)
[2026-04-03T03:18:56.109+0600][55.661s][info][gc,heap     ] GC(152) Y: Heap Statistics:
[2026-04-03T03:18:56.109+0600][55.661s][info][gc,heap     ] GC(152) Y:                Mark Start          Mark End        Relocate Start      Relocate End           High               Low         
[2026-04-03T03:18:56.109+0600][55.661s][info][gc,heap     ] GC(152) Y:  Capacity:     1000M (100%)       1000M (100%)       1000M (100%)       1000M (100%)       1000M (100%)       1000M (100%)   
[2026-04-03T03:18:56.109+0600][55.661s][info][gc,heap     ] GC(152) Y:      Free:      178M (18%)          18M (2%)            0M (0%)          256M (26%)         286M (29%)           0M (0%)     
[2026-04-03T03:18:56.109+0600][55.661s][info][gc,heap     ] GC(152) Y:      Used:      822M (82%)         982M (98%)        1000M (100%)        744M (74%)        1000M (100%)        714M (71%)    
[2026-04-03T03:18:56.109+0600][55.661s][info][gc,heap     ] GC(152) Y: Young Generation Statistics:
[2026-04-03T03:18:56.109+0600][55.661s][info][gc,heap     ] GC(152) Y:                Mark Start          Mark End        Relocate Start      Relocate End    
[2026-04-03T03:18:56.109+0600][55.661s][info][gc,heap     ] GC(152) Y:      Used:      358M (36%)         518M (52%)         518M (52%)         254M (25%)    
[2026-04-03T03:18:56.109+0600][55.661s][info][gc,heap     ] GC(152) Y:      Live:         -                29M (3%)           12M (1%)           12M (1%)     
[2026-04-03T03:18:56.109+0600][55.661s][info][gc,heap     ] GC(152) Y:   Garbage:         -               328M (33%)         327M (33%)           0M (0%)     
[2026-04-03T03:18:56.109+0600][55.661s][info][gc,heap     ] GC(152) Y: Allocated:         -               160M (16%)         178M (18%)         241M (24%)    
[2026-04-03T03:18:56.109+0600][55.661s][info][gc,heap     ] GC(152) Y: Reclaimed:         -                  -                 1M (0%)          328M (33%)    
[2026-04-03T03:18:56.109+0600][55.661s][info][gc,heap     ] GC(152) Y:  Promoted:         -                  -                16M (2%)           16M (2%)     
[2026-04-03T03:18:56.109+0600][55.661s][info][gc,heap     ] GC(152) Y: Compacted:         -                  -                  -                12M (1%)     
[2026-04-03T03:18:56.109+0600][55.661s][info][gc,phases   ] GC(152) Y: Young Generation 822M(82%)->744M(74%) 0.260s
[2026-04-03T03:18:56.109+0600][55.661s][info][gc,phases   ] GC(152) O: Old Generation
[2026-04-03T03:18:56.109+0600][55.662s][info][gc          ] GC(153) Minor Collection (Allocation Stall)
[2026-04-03T03:18:56.109+0600][55.662s][info][gc,task     ] GC(153) Using 3 Workers for Young Generation
[2026-04-03T03:18:56.109+0600][55.662s][info][gc,phases   ] GC(153) y: Young Generation
[2026-04-03T03:18:56.111+0600][55.663s][info][gc,phases   ] GC(153) y: Pause Mark Start 0.027ms
[2026-04-03T03:18:56.292+0600][55.844s][info][gc,phases   ] GC(153) y: Concurrent Mark 180.513ms
[2026-04-03T03:18:56.292+0600][55.844s][info][gc,phases   ] GC(153) y: Pause Mark End 0.036ms
[2026-04-03T03:18:56.292+0600][55.845s][info][gc,phases   ] GC(153) y: Concurrent Mark Free 0.002ms
[2026-04-03T03:18:56.292+0600][55.845s][info][gc,phases   ] GC(153) y: Concurrent Reset Relocation Set 0.062ms
[2026-04-03T03:18:56.299+0600][55.851s][info][gc,reloc    ] GC(153) y: Using tenuring threshold: 2 (Computed)
[2026-04-03T03:18:56.300+0600][55.853s][info][gc,phases   ] GC(153) y: Concurrent Select Relocation Set 7.898ms
[2026-04-03T03:18:56.301+0600][55.853s][info][gc,phases   ] GC(153) y: Pause Relocate Start 0.024ms
[2026-04-03T03:18:56.330+0600][55.882s][info][gc,phases   ] GC(153) y: Concurrent Relocate 29.289ms
[2026-04-03T03:18:56.330+0600][55.883s][info][gc,alloc    ] GC(153) y:                         Mark Start        Mark End      Relocate Start    Relocate End   
[2026-04-03T03:18:56.330+0600][55.883s][info][gc,alloc    ] GC(153) y: Allocation Stalls:          0                0                0                0         
[2026-04-03T03:18:56.330+0600][55.883s][info][gc,load     ] GC(153) y: Load: 4.85 (40%) / 5.03 (42%) / 5.50 (46%)
[2026-04-03T03:18:56.330+0600][55.883s][info][gc,mmu      ] GC(153) y: MMU: 2ms/90.5%, 5ms/96.2%, 10ms/98.1%, 20ms/98.5%, 50ms/99.4%, 100ms/99.6%
[2026-04-03T03:18:56.330+0600][55.883s][info][gc,marking  ] GC(153) y: Mark: 2 stripe(s), 6 proactive flush(es), 1 terminate flush(es), 0 completion(s), 0 continuation(s) 
[2026-04-03T03:18:56.330+0600][55.883s][info][gc,marking  ] GC(153) y: Mark Stack Usage: 32M
[2026-04-03T03:18:56.330+0600][55.883s][info][gc,nmethod  ] GC(153) y: NMethods: 6726 registered, 770 unregistered
[2026-04-03T03:18:56.330+0600][55.883s][info][gc,metaspace] GC(153) y: Metaspace: 71M used, 72M committed, 1088M reserved
[2026-04-03T03:18:56.330+0600][55.883s][info][gc,reloc    ] GC(153) y:                        Candidates     Selected     In-Place         Size        Empty    Relocated 
[2026-04-03T03:18:56.330+0600][55.883s][info][gc,reloc    ] GC(153) y: Small Pages:                  124          112            0         248M           0M          10M 
[2026-04-03T03:18:56.330+0600][55.883s][info][gc,reloc    ] GC(153) y: Medium Pages:                   0            0            0           0M           0M           0M 
[2026-04-03T03:18:56.330+0600][55.883s][info][gc,reloc    ] GC(153) y: Large Pages:                    1            0            0          10M           0M           0M 
[2026-04-03T03:18:56.331+0600][55.883s][info][gc,reloc    ] GC(153) y: Forwarding Usage: 10M
[2026-04-03T03:18:56.331+0600][55.883s][info][gc,reloc    ] GC(153) y: Age Table:
[2026-04-03T03:18:56.331+0600][55.883s][info][gc,reloc    ] GC(153) y:                    Live             Garbage             Small              Medium             Large        
[2026-04-03T03:18:56.331+0600][55.883s][info][gc,reloc    ] GC(153) y: Eden              19M (2%)          218M (22%)        114 / 108            0 / 0              1 / 0        
[2026-04-03T03:18:56.331+0600][55.883s][info][gc,reloc    ] GC(153) y: Survivor 1        11M (1%)            8M (1%)          10 / 4              0 / 0              0 / 0        
[2026-04-03T03:18:56.331+0600][55.883s][info][gc,heap     ] GC(153) y: Min Capacity: 8M(1%)
[2026-04-03T03:18:56.331+0600][55.883s][info][gc,heap     ] GC(153) y: Max Capacity: 1000M(100%)
[2026-04-03T03:18:56.331+0600][55.883s][info][gc,heap     ] GC(153) y: Soft Max Capacity: 1000M(100%)
[2026-04-03T03:18:56.331+0600][55.883s][info][gc,heap     ] GC(153) y: Heap Statistics:
[2026-04-03T03:18:56.331+0600][55.883s][info][gc,heap     ] GC(153) y:                Mark Start          Mark End        Relocate Start      Relocate End           High               Low         
[2026-04-03T03:18:56.331+0600][55.883s][info][gc,heap     ] GC(153) y:  Capacity:     1000M (100%)       1000M (100%)       1000M (100%)       1000M (100%)       1000M (100%)       1000M (100%)   
[2026-04-03T03:18:56.331+0600][55.883s][info][gc,heap     ] GC(153) y:      Free:      252M (25%)         104M (10%)          98M (10%)         282M (28%)         284M (28%)          88M (9%)     
[2026-04-03T03:18:56.331+0600][55.883s][info][gc,heap     ] GC(153) y:      Used:      748M (75%)         896M (90%)         902M (90%)         718M (72%)         912M (91%)         716M (72%)    
[2026-04-03T03:18:56.331+0600][55.883s][info][gc,heap     ] GC(153) y: Young Generation Statistics:
[2026-04-03T03:18:56.331+0600][55.883s][info][gc,heap     ] GC(153) y:                Mark Start          Mark End        Relocate Start      Relocate End    
[2026-04-03T03:18:56.331+0600][55.883s][info][gc,heap     ] GC(153) y:      Used:      258M (26%)         406M (41%)         412M (41%)         228M (23%)    
[2026-04-03T03:18:56.331+0600][55.883s][info][gc,heap     ] GC(153) y:      Live:         -                30M (3%)           30M (3%)           30M (3%)     
[2026-04-03T03:18:56.331+0600][55.883s][info][gc,heap     ] GC(153) y:   Garbage:         -               227M (23%)         227M (23%)           1M (0%)     
[2026-04-03T03:18:56.331+0600][55.883s][info][gc,heap     ] GC(153) y: Allocated:         -               148M (15%)         154M (15%)         196M (20%)    
[2026-04-03T03:18:56.331+0600][55.883s][info][gc,heap     ] GC(153) y: Reclaimed:         -                  -                 0M (0%)          226M (23%)    
[2026-04-03T03:18:56.331+0600][55.883s][info][gc,heap     ] GC(153) y:  Promoted:         -                  -                 0M (0%)            0M (0%)     
[2026-04-03T03:18:56.331+0600][55.883s][info][gc,heap     ] GC(153) y: Compacted:         -                  -                  -                11M (1%)     
[2026-04-03T03:18:56.331+0600][55.883s][info][gc,phases   ] GC(153) y: Young Generation 746M(75%)->718M(72%) 0.221s
[2026-04-03T03:18:56.331+0600][55.883s][info][gc          ] GC(153) Minor Collection (Allocation Stall) 744M(74%)->718M(72%) 0.222s
[2026-04-03T03:18:56.331+0600][55.883s][info][gc          ] GC(154) Minor Collection (Allocation Rate)
[2026-04-03T03:18:56.331+0600][55.883s][info][gc,task     ] GC(154) Using 2 Workers for Young Generation
[2026-04-03T03:18:56.331+0600][55.883s][info][gc,phases   ] GC(154) y: Young Generation
[2026-04-03T03:18:56.331+0600][55.884s][info][gc,phases   ] GC(154) y: Pause Mark Start 0.030ms
[2026-04-03T03:18:56.608+0600][56.160s][info][gc,phases   ] GC(154) y: Concurrent Mark 275.984ms
[2026-04-03T03:18:56.608+0600][56.160s][info][gc,phases   ] GC(154) y: Pause Mark End 0.033ms
[2026-04-03T03:18:56.608+0600][56.160s][info][gc,phases   ] GC(154) y: Concurrent Mark Free 0.001ms
[2026-04-03T03:18:56.608+0600][56.160s][info][gc,phases   ] GC(154) y: Concurrent Reset Relocation Set 0.023ms
[2026-04-03T03:18:56.614+0600][56.166s][info][gc,reloc    ] GC(154) y: Using tenuring threshold: 1 (Computed)
[2026-04-03T03:18:56.640+0600][56.192s][info][gc,phases   ] GC(154) y: Concurrent Select Relocation Set 31.848ms
[2026-04-03T03:18:56.640+0600][56.193s][info][gc,phases   ] GC(154) y: Pause Relocate Start 0.029ms
[2026-04-03T03:18:56.739+0600][56.291s][info][gc,phases   ] GC(154) y: Concurrent Relocate 97.908ms
[2026-04-03T03:18:56.739+0600][56.291s][info][gc,alloc    ] GC(154) y:                         Mark Start        Mark End      Relocate Start    Relocate End   
[2026-04-03T03:18:56.739+0600][56.291s][info][gc,alloc    ] GC(154) y: Allocation Stalls:          0                0                0                0         
[2026-04-03T03:18:56.739+0600][56.291s][info][gc,load     ] GC(154) y: Load: 4.85 (40%) / 5.03 (42%) / 5.50 (46%)
[2026-04-03T03:18:56.739+0600][56.291s][info][gc,mmu      ] GC(154) y: MMU: 2ms/90.5%, 5ms/96.2%, 10ms/98.1%, 20ms/98.5%, 50ms/99.4%, 100ms/99.6%
[2026-04-03T03:18:56.739+0600][56.291s][info][gc,marking  ] GC(154) y: Mark: 2 stripe(s), 2 proactive flush(es), 1 terminate flush(es), 0 completion(s), 0 continuation(s) 
[2026-04-03T03:18:56.739+0600][56.291s][info][gc,marking  ] GC(154) y: Mark Stack Usage: 32M
[2026-04-03T03:18:56.739+0600][56.291s][info][gc,nmethod  ] GC(154) y: NMethods: 6728 registered, 770 unregistered
[2026-04-03T03:18:56.739+0600][56.291s][info][gc,metaspace] GC(154) y: Metaspace: 71M used, 72M committed, 1088M reserved
[2026-04-03T03:18:56.739+0600][56.291s][info][gc,reloc    ] GC(154) y:                        Candidates     Selected     In-Place         Size        Empty    Relocated 
[2026-04-03T03:18:56.739+0600][56.291s][info][gc,reloc    ] GC(154) y: Small Pages:                  109           93            0         218M           0M           8M 
[2026-04-03T03:18:56.739+0600][56.291s][info][gc,reloc    ] GC(154) y: Medium Pages:                   0            0            0           0M           0M           0M 
[2026-04-03T03:18:56.739+0600][56.291s][info][gc,reloc    ] GC(154) y: Large Pages:                    1            0            0          10M           0M           0M 
[2026-04-03T03:18:56.739+0600][56.291s][info][gc,reloc    ] GC(154) y: Forwarding Usage: 8M
[2026-04-03T03:18:56.739+0600][56.291s][info][gc,reloc    ] GC(154) y: Age Table:
[2026-04-03T03:18:56.739+0600][56.291s][info][gc,reloc    ] GC(154) y:                    Live             Garbage             Small              Medium             Large        
[2026-04-03T03:18:56.739+0600][56.291s][info][gc,reloc    ] GC(154) y: Eden               7M (1%)          170M (17%)         89 / 84             0 / 0              0 / 0        
[2026-04-03T03:18:56.739+0600][56.291s][info][gc,reloc    ] GC(154) y: Survivor 1        18M (2%)            9M (1%)           9 / 4              0 / 0              1 / 0        
[2026-04-03T03:18:56.739+0600][56.291s][info][gc,reloc    ] GC(154) y: Survivor 2        10M (1%)           11M (1%)          11 / 5              0 / 0              0 / 0        
[2026-04-03T03:18:56.739+0600][56.291s][info][gc,heap     ] GC(154) y: Min Capacity: 8M(1%)
[2026-04-03T03:18:56.739+0600][56.291s][info][gc,heap     ] GC(154) y: Max Capacity: 1000M(100%)
[2026-04-03T03:18:56.739+0600][56.291s][info][gc,heap     ] GC(154) y: Soft Max Capacity: 1000M(100%)
[2026-04-03T03:18:56.739+0600][56.291s][info][gc,heap     ] GC(154) y: Heap Statistics:
[2026-04-03T03:18:56.739+0600][56.291s][info][gc,heap     ] GC(154) y:                Mark Start          Mark End        Relocate Start      Relocate End           High               Low         
[2026-04-03T03:18:56.739+0600][56.291s][info][gc,heap     ] GC(154) y:  Capacity:     1000M (100%)       1000M (100%)       1000M (100%)       1000M (100%)       1000M (100%)       1000M (100%)   
[2026-04-03T03:18:56.739+0600][56.291s][info][gc,heap     ] GC(154) y:      Free:      282M (28%)          54M (5%)           24M (2%)          114M (11%)         282M (28%)          16M (2%)     
[2026-04-03T03:18:56.739+0600][56.291s][info][gc,heap     ] GC(154) y:      Used:      718M (72%)         946M (95%)         976M (98%)         886M (89%)         984M (98%)         718M (72%)    
[2026-04-03T03:18:56.739+0600][56.291s][info][gc,heap     ] GC(154) y: Young Generation Statistics:
[2026-04-03T03:18:56.739+0600][56.291s][info][gc,heap     ] GC(154) y:                Mark Start          Mark End        Relocate Start      Relocate End    
[2026-04-03T03:18:56.739+0600][56.291s][info][gc,heap     ] GC(154) y:      Used:      228M (23%)         456M (46%)         456M (46%)         360M (36%)    
[2026-04-03T03:18:56.739+0600][56.291s][info][gc,heap     ] GC(154) y:      Live:         -                36M (4%)           10M (1%)            7M (1%)     
[2026-04-03T03:18:56.739+0600][56.291s][info][gc,heap     ] GC(154) y:   Garbage:         -               191M (19%)         187M (19%)           0M (0%)     
[2026-04-03T03:18:56.739+0600][56.291s][info][gc,heap     ] GC(154) y: Allocated:         -               228M (23%)         258M (26%)         352M (35%)    
[2026-04-03T03:18:56.739+0600][56.291s][info][gc,heap     ] GC(154) y: Reclaimed:         -                  -                 3M (0%)          191M (19%)    
[2026-04-03T03:18:56.739+0600][56.291s][info][gc,heap     ] GC(154) y:  Promoted:         -                  -                26M (3%)           28M (3%)     
[2026-04-03T03:18:56.739+0600][56.292s][info][gc,heap     ] GC(154) y: Compacted:         -                  -                  -                 7M (1%)     
[2026-04-03T03:18:56.739+0600][56.292s][info][gc,phases   ] GC(154) y: Young Generation 718M(72%)->886M(89%) 0.408s
[2026-04-03T03:18:56.739+0600][56.292s][info][gc          ] GC(154) Minor Collection (Allocation Rate) 718M(72%)->886M(89%) 0.408s
[2026-04-03T03:18:56.739+0600][56.292s][info][gc          ] GC(155) Minor Collection (Allocation Rate)
[2026-04-03T03:18:56.739+0600][56.292s][info][gc,task     ] GC(155) Using 2 Workers for Young Generation
[2026-04-03T03:18:56.739+0600][56.292s][info][gc,phases   ] GC(155) y: Young Generation
[2026-04-03T03:18:56.740+0600][56.292s][info][gc,phases   ] GC(155) y: Pause Mark Start 0.033ms
[2026-04-03T03:18:56.858+0600][56.410s][info][gc,task     ] Adjusting Workers for Old Generation: 1 -> 3
[2026-04-03T03:18:56.858+0600][56.410s][info][gc,task     ] Adjusting Workers for Young Generation: 2 -> 3
[2026-04-03T03:18:56.923+0600][56.476s][info][gc,phases   ] GC(155) y: Concurrent Mark 183.199ms
[2026-04-03T03:18:56.924+0600][56.476s][info][gc,phases   ] GC(155) y: Pause Mark End 0.061ms
[2026-04-03T03:18:56.947+0600][56.500s][info][gc,phases   ] GC(155) y: Concurrent Mark Free 0.006ms
[2026-04-03T03:18:56.948+0600][56.500s][info][gc,phases   ] GC(155) y: Concurrent Reset Relocation Set 0.068ms
[2026-04-03T03:18:56.951+0600][56.504s][info][gc,reloc    ] GC(155) y: Using tenuring threshold: 2 (Computed)
[2026-04-03T03:18:56.955+0600][56.508s][info][gc,phases   ] GC(155) y: Concurrent Select Relocation Set 7.659ms
[2026-04-03T03:18:56.956+0600][56.508s][info][gc,phases   ] GC(155) y: Pause Relocate Start 0.049ms
[2026-04-03T03:18:56.956+0600][56.508s][info][gc          ] Allocation Stall (Executor task launch worker for task 0.0 in stage 15.0 (TID 24)) 102.804ms
[2026-04-03T03:18:56.956+0600][56.508s][info][gc          ] Allocation Stall (Executor task launch worker for task 1.0 in stage 15.0 (TID 25)) 42.161ms
[2026-04-03T03:18:56.956+0600][56.509s][info][gc          ] Relocation Stall (Executor task launch worker for task 2.0 in stage 15.0 (TID 26)) 0.568ms
[2026-04-03T03:18:56.956+0600][56.509s][info][gc          ] GC(152) O: Relocation Stall (ZWorkerOld#1) 0.587ms
[2026-04-03T03:18:56.957+0600][56.510s][info][gc          ] GC(152) O: Relocation Stall (ZWorkerOld#1) 0.871ms
[2026-04-03T03:18:56.965+0600][56.517s][info][gc          ] Relocation Stall (Executor task launch worker for task 2.0 in stage 15.0 (TID 26)) 8.325ms
[2026-04-03T03:18:56.989+0600][56.542s][info][gc,phases   ] GC(155) y: Concurrent Relocate 33.553ms
[2026-04-03T03:18:56.989+0600][56.542s][info][gc,alloc    ] GC(155) y:                         Mark Start        Mark End      Relocate Start    Relocate End   
[2026-04-03T03:18:56.989+0600][56.542s][info][gc,alloc    ] GC(155) y: Allocation Stalls:          0                2                2                0         
[2026-04-03T03:18:56.990+0600][56.542s][info][gc,load     ] GC(155) y: Load: 4.85 (40%) / 5.03 (42%) / 5.50 (46%)
[2026-04-03T03:18:56.990+0600][56.542s][info][gc,mmu      ] GC(155) y: MMU: 2ms/90.5%, 5ms/96.2%, 10ms/98.1%, 20ms/98.5%, 50ms/99.4%, 100ms/99.6%
[2026-04-03T03:18:56.990+0600][56.542s][info][gc,marking  ] GC(155) y: Mark: 2 stripe(s), 2 proactive flush(es), 1 terminate flush(es), 0 completion(s), 0 continuation(s) 
[2026-04-03T03:18:56.990+0600][56.542s][info][gc,marking  ] GC(155) y: Mark Stack Usage: 32M
[2026-04-03T03:18:56.990+0600][56.542s][info][gc,nmethod  ] GC(155) y: NMethods: 6729 registered, 770 unregistered
[2026-04-03T03:18:56.990+0600][56.542s][info][gc,metaspace] GC(155) y: Metaspace: 71M used, 72M committed, 1088M reserved
[2026-04-03T03:18:56.990+0600][56.542s][info][gc,reloc    ] GC(155) y:                        Candidates     Selected     In-Place         Size        Empty    Relocated 
[2026-04-03T03:18:56.990+0600][56.542s][info][gc,reloc    ] GC(155) y: Small Pages:                  181          170            4         362M           0M          13M 
[2026-04-03T03:18:56.990+0600][56.542s][info][gc,reloc    ] GC(155) y: Medium Pages:                   0            0            0           0M           0M           0M 
[2026-04-03T03:18:56.990+0600][56.542s][info][gc,reloc    ] GC(155) y: Large Pages:                    0            0            0           0M           0M           0M 
[2026-04-03T03:18:56.990+0600][56.542s][info][gc,reloc    ] GC(155) y: Forwarding Usage: 12M
[2026-04-03T03:18:56.990+0600][56.542s][info][gc,reloc    ] GC(155) y: Age Table:
[2026-04-03T03:18:56.990+0600][56.542s][info][gc,reloc    ] GC(155) y:                    Live             Garbage             Small              Medium             Large        
[2026-04-03T03:18:56.990+0600][56.542s][info][gc,reloc    ] GC(155) y: Eden              12M (1%)          333M (33%)        173 / 166            0 / 0              0 / 0        
[2026-04-03T03:18:56.990+0600][56.542s][info][gc,reloc    ] GC(155) y: Survivor 1         5M (1%)           10M (1%)           8 / 4              0 / 0              0 / 0        
[2026-04-03T03:18:56.990+0600][56.542s][info][gc,heap     ] GC(155) y: Min Capacity: 8M(1%)
[2026-04-03T03:18:56.990+0600][56.542s][info][gc,heap     ] GC(155) y: Max Capacity: 1000M(100%)
[2026-04-03T03:18:56.990+0600][56.542s][info][gc,heap     ] GC(155) y: Soft Max Capacity: 1000M(100%)
[2026-04-03T03:18:56.990+0600][56.542s][info][gc,heap     ] GC(155) y: Heap Statistics:
[2026-04-03T03:18:56.990+0600][56.542s][info][gc,heap     ] GC(155) y:                Mark Start          Mark End        Relocate Start      Relocate End           High               Low         
[2026-04-03T03:18:56.990+0600][56.542s][info][gc,heap     ] GC(155) y:  Capacity:     1000M (100%)       1000M (100%)       1000M (100%)       1000M (100%)       1000M (100%)       1000M (100%)   
[2026-04-03T03:18:56.990+0600][56.542s][info][gc,heap     ] GC(155) y:      Free:      112M (11%)           0M (0%)            0M (0%)          298M (30%)         298M (30%)           0M (0%)     
[2026-04-03T03:18:56.990+0600][56.542s][info][gc,heap     ] GC(155) y:      Used:      888M (89%)        1000M (100%)       1000M (100%)        702M (70%)        1000M (100%)        702M (70%)    
[2026-04-03T03:18:56.990+0600][56.542s][info][gc,heap     ] GC(155) y: Young Generation Statistics:
[2026-04-03T03:18:56.990+0600][56.542s][info][gc,heap     ] GC(155) y:                Mark Start          Mark End        Relocate Start      Relocate End    
[2026-04-03T03:18:56.990+0600][56.542s][info][gc,heap     ] GC(155) y:      Used:      362M (36%)         474M (47%)         474M (47%)         176M (18%)    
[2026-04-03T03:18:56.990+0600][56.542s][info][gc,heap     ] GC(155) y:      Live:         -                18M (2%)           18M (2%)           18M (2%)     
[2026-04-03T03:18:56.990+0600][56.542s][info][gc,heap     ] GC(155) y:   Garbage:         -               343M (34%)         343M (34%)           1M (0%)     
[2026-04-03T03:18:56.990+0600][56.542s][info][gc,heap     ] GC(155) y: Allocated:         -               112M (11%)         112M (11%)         156M (16%)    
[2026-04-03T03:18:56.990+0600][56.542s][info][gc,heap     ] GC(155) y: Reclaimed:         -                  -                 0M (0%)          342M (34%)    
[2026-04-03T03:18:56.990+0600][56.542s][info][gc,heap     ] GC(155) y:  Promoted:         -                  -                 0M (0%)            0M (0%)     
[2026-04-03T03:18:56.990+0600][56.542s][info][gc,heap     ] GC(155) y: Compacted:         -                  -                  -                13M (1%)     
[2026-04-03T03:18:56.990+0600][56.542s][info][gc,phases   ] GC(155) y: Young Generation 888M(89%)->702M(70%) 0.250s
[2026-04-03T03:18:56.990+0600][56.542s][info][gc          ] GC(155) Minor Collection (Allocation Rate) 886M(89%)->704M(70%) 0.251s
[2026-04-03T03:18:56.990+0600][56.542s][info][gc,task     ] Adjusting Workers for Old Generation: 3 -> 1
[2026-04-03T03:18:56.990+0600][56.543s][info][gc          ] GC(156) Minor Collection (Allocation Rate)
[2026-04-03T03:18:56.991+0600][56.543s][info][gc,task     ] GC(156) Using 2 Workers for Young Generation
[2026-04-03T03:18:56.991+0600][56.543s][info][gc,phases   ] GC(156) y: Young Generation
[2026-04-03T03:18:56.991+0600][56.543s][info][gc,phases   ] GC(156) y: Pause Mark Start 0.038ms
[2026-04-03T03:18:57.271+0600][56.824s][info][gc,phases   ] GC(156) y: Concurrent Mark 280.103ms
[2026-04-03T03:18:57.272+0600][56.824s][info][gc,phases   ] GC(156) y: Pause Mark End 0.042ms
[2026-04-03T03:18:57.272+0600][56.824s][info][gc,phases   ] GC(156) y: Concurrent Mark Free 0.001ms
[2026-04-03T03:18:57.272+0600][56.824s][info][gc,phases   ] GC(156) y: Concurrent Reset Relocation Set 0.032ms
[2026-04-03T03:18:57.274+0600][56.826s][info][gc,reloc    ] GC(156) y: Using tenuring threshold: 3 (Computed)
[2026-04-03T03:18:57.276+0600][56.828s][info][gc,phases   ] GC(156) y: Concurrent Select Relocation Set 4.395ms
[2026-04-03T03:18:57.276+0600][56.829s][info][gc,phases   ] GC(156) y: Pause Relocate Start 0.027ms
[2026-04-03T03:18:57.298+0600][56.850s][info][gc,phases   ] GC(156) y: Concurrent Relocate 21.063ms
[2026-04-03T03:18:57.298+0600][56.850s][info][gc,alloc    ] GC(156) y:                         Mark Start        Mark End      Relocate Start    Relocate End   
[2026-04-03T03:18:57.298+0600][56.850s][info][gc,alloc    ] GC(156) y: Allocation Stalls:          0                0                0                0         
[2026-04-03T03:18:57.298+0600][56.850s][info][gc,load     ] GC(156) y: Load: 4.85 (40%) / 5.03 (42%) / 5.50 (46%)
[2026-04-03T03:18:57.298+0600][56.850s][info][gc,mmu      ] GC(156) y: MMU: 2ms/90.5%, 5ms/96.2%, 10ms/98.1%, 20ms/98.5%, 50ms/99.4%, 100ms/99.6%
[2026-04-03T03:18:57.298+0600][56.850s][info][gc,marking  ] GC(156) y: Mark: 2 stripe(s), 2 proactive flush(es), 1 terminate flush(es), 0 completion(s), 0 continuation(s) 
[2026-04-03T03:18:57.298+0600][56.850s][info][gc,marking  ] GC(156) y: Mark Stack Usage: 32M
[2026-04-03T03:18:57.298+0600][56.850s][info][gc,nmethod  ] GC(156) y: NMethods: 6729 registered, 770 unregistered
[2026-04-03T03:18:57.298+0600][56.850s][info][gc,metaspace] GC(156) y: Metaspace: 71M used, 72M committed, 1088M reserved
[2026-04-03T03:18:57.298+0600][56.850s][info][gc,reloc    ] GC(156) y:                        Candidates     Selected     In-Place         Size        Empty    Relocated 
[2026-04-03T03:18:57.298+0600][56.850s][info][gc,reloc    ] GC(156) y: Small Pages:                   71           59            0         142M           0M           5M 
[2026-04-03T03:18:57.298+0600][56.850s][info][gc,reloc    ] GC(156) y: Medium Pages:                   0            0            0           0M           0M           0M 
[2026-04-03T03:18:57.298+0600][56.850s][info][gc,reloc    ] GC(156) y: Large Pages:                    2            0            0          36M           0M           0M 
[2026-04-03T03:18:57.298+0600][56.850s][info][gc,reloc    ] GC(156) y: Forwarding Usage: 5M
[2026-04-03T03:18:57.298+0600][56.850s][info][gc,reloc    ] GC(156) y: Age Table:
[2026-04-03T03:18:57.298+0600][56.850s][info][gc,reloc    ] GC(156) y:                    Live             Garbage             Small              Medium             Large        
[2026-04-03T03:18:57.298+0600][56.850s][info][gc,reloc    ] GC(156) y: Eden              39M (4%)           94M (9%)          49 / 48             0 / 0              2 / 0        
[2026-04-03T03:18:57.298+0600][56.850s][info][gc,reloc    ] GC(156) y: Survivor 1        11M (1%)           18M (2%)          15 / 7              0 / 0              0 / 0        
[2026-04-03T03:18:57.298+0600][56.850s][info][gc,reloc    ] GC(156) y: Survivor 2         5M (1%)            8M (1%)           7 / 4              0 / 0              0 / 0        
[2026-04-03T03:18:57.298+0600][56.850s][info][gc,heap     ] GC(156) y: Min Capacity: 8M(1%)
[2026-04-03T03:18:57.298+0600][56.850s][info][gc,heap     ] GC(156) y: Max Capacity: 1000M(100%)
[2026-04-03T03:18:57.298+0600][56.850s][info][gc,heap     ] GC(156) y: Soft Max Capacity: 1000M(100%)
[2026-04-03T03:18:57.298+0600][56.850s][info][gc,heap     ] GC(156) y: Heap Statistics:
[2026-04-03T03:18:57.298+0600][56.850s][info][gc,heap     ] GC(156) y:                Mark Start          Mark End        Relocate Start      Relocate End           High               Low         
[2026-04-03T03:18:57.298+0600][56.850s][info][gc,heap     ] GC(156) y:  Capacity:     1000M (100%)       1000M (100%)       1000M (100%)       1000M (100%)       1000M (100%)       1000M (100%)   
[2026-04-03T03:18:57.298+0600][56.850s][info][gc,heap     ] GC(156) y:      Free:      296M (30%)          62M (6%)           60M (6%)          132M (13%)         296M (30%)          50M (5%)     
[2026-04-03T03:18:57.298+0600][56.850s][info][gc,heap     ] GC(156) y:      Used:      704M (70%)         938M (94%)         940M (94%)         868M (87%)         950M (95%)         704M (70%)    
[2026-04-03T03:18:57.298+0600][56.850s][info][gc,heap     ] GC(156) y: Young Generation Statistics:
[2026-04-03T03:18:57.298+0600][56.850s][info][gc,heap     ] GC(156) y:                Mark Start          Mark End        Relocate Start      Relocate End    
[2026-04-03T03:18:57.298+0600][56.850s][info][gc,heap     ] GC(156) y:      Used:      178M (18%)         412M (41%)         414M (41%)         342M (34%)    
[2026-04-03T03:18:57.298+0600][56.850s][info][gc,heap     ] GC(156) y:      Live:         -                57M (6%)           57M (6%)           57M (6%)     
[2026-04-03T03:18:57.298+0600][56.850s][info][gc,heap     ] GC(156) y:   Garbage:         -               120M (12%)         120M (12%)           1M (0%)     
[2026-04-03T03:18:57.298+0600][56.850s][info][gc,heap     ] GC(156) y: Allocated:         -               234M (23%)         236M (24%)         283M (28%)    
[2026-04-03T03:18:57.298+0600][56.850s][info][gc,heap     ] GC(156) y: Reclaimed:         -                  -                 0M (0%)          119M (12%)    
[2026-04-03T03:18:57.298+0600][56.851s][info][gc,heap     ] GC(156) y:  Promoted:         -                  -                 0M (0%)            0M (0%)     
[2026-04-03T03:18:57.298+0600][56.851s][info][gc,heap     ] GC(156) y: Compacted:         -                  -                  -                 6M (1%)     
[2026-04-03T03:18:57.298+0600][56.851s][info][gc,phases   ] GC(156) y: Young Generation 704M(70%)->868M(87%) 0.307s
[2026-04-03T03:18:57.298+0600][56.851s][info][gc          ] GC(156) Minor Collection (Allocation Rate) 704M(70%)->870M(87%) 0.308s
[2026-04-03T03:18:57.298+0600][56.851s][info][gc          ] GC(157) Minor Collection (Allocation Rate)
[2026-04-03T03:18:57.298+0600][56.851s][info][gc,task     ] GC(157) Using 2 Workers for Young Generation
[2026-04-03T03:18:57.298+0600][56.851s][info][gc,phases   ] GC(157) y: Young Generation
[2026-04-03T03:18:57.299+0600][56.851s][info][gc,phases   ] GC(157) y: Pause Mark Start 0.197ms
[2026-04-03T03:18:57.447+0600][56.999s][info][gc,task     ] Adjusting Workers for Old Generation: 1 -> 3
[2026-04-03T03:18:57.447+0600][56.999s][info][gc,task     ] Adjusting Workers for Young Generation: 2 -> 3
[2026-04-03T03:18:57.471+0600][57.024s][info][gc,phases   ] GC(152) O: Concurrent Mark 1362.186ms
[2026-04-03T03:18:57.472+0600][57.024s][info][gc,phases   ] GC(152) O: Pause Mark End 0.077ms
[2026-04-03T03:18:57.472+0600][57.024s][info][gc,phases   ] GC(152) O: Concurrent Mark Free 0.001ms
[2026-04-03T03:18:57.515+0600][57.067s][info][gc,phases   ] GC(152) O: Concurrent Process Non-Strong 43.088ms
[2026-04-03T03:18:57.515+0600][57.067s][info][gc,phases   ] GC(152) O: Concurrent Reset Relocation Set 0.005ms
[2026-04-03T03:18:57.520+0600][57.072s][info][gc          ] Allocation Stall (Executor task launch worker for task 2.0 in stage 15.0 (TID 26)) 67.835ms
[2026-04-03T03:18:57.520+0600][57.072s][info][gc          ] Allocation Stall (Executor task launch worker for task 1.0 in stage 15.0 (TID 25)) 74.309ms
[2026-04-03T03:18:57.520+0600][57.072s][info][gc          ] Allocation Stall (Executor task launch worker for task 0.0 in stage 15.0 (TID 24)) 75.668ms
[2026-04-03T03:18:57.529+0600][57.081s][info][gc,phases   ] GC(152) O: Concurrent Select Relocation Set 13.389ms
[2026-04-03T03:18:57.544+0600][57.096s][info][gc,phases   ] GC(157) y: Concurrent Mark 244.493ms
[2026-04-03T03:18:57.544+0600][57.096s][info][gc,phases   ] GC(157) y: Pause Mark End 0.039ms
[2026-04-03T03:18:57.544+0600][57.096s][info][gc,phases   ] GC(157) y: Concurrent Mark Free 0.002ms
[2026-04-03T03:18:57.544+0600][57.097s][info][gc,phases   ] GC(157) y: Concurrent Reset Relocation Set 0.013ms
[2026-04-03T03:18:57.550+0600][57.102s][info][gc,reloc    ] GC(157) y: Using tenuring threshold: 1 (Computed)
[2026-04-03T03:18:57.577+0600][57.129s][info][gc,phases   ] GC(157) y: Concurrent Select Relocation Set 32.708ms
[2026-04-03T03:18:57.577+0600][57.130s][info][gc,phases   ] GC(157) y: Pause Relocate Start 0.028ms
[2026-04-03T03:18:57.699+0600][57.251s][info][gc,phases   ] GC(157) y: Concurrent Relocate 121.511ms
[2026-04-03T03:18:57.699+0600][57.251s][info][gc,alloc    ] GC(157) y:                         Mark Start        Mark End      Relocate Start    Relocate End   
[2026-04-03T03:18:57.699+0600][57.251s][info][gc,alloc    ] GC(157) y: Allocation Stalls:          0                0                0                0         
[2026-04-03T03:18:57.699+0600][57.252s][info][gc,load     ] GC(157) y: Load: 4.85 (40%) / 5.03 (42%) / 5.50 (46%)
[2026-04-03T03:18:57.699+0600][57.252s][info][gc,mmu      ] GC(157) y: MMU: 2ms/90.1%, 5ms/96.1%, 10ms/98.0%, 20ms/98.5%, 50ms/99.4%, 100ms/99.6%
[2026-04-03T03:18:57.699+0600][57.252s][info][gc,marking  ] GC(157) y: Mark: 2 stripe(s), 2 proactive flush(es), 1 terminate flush(es), 0 completion(s), 0 continuation(s) 
[2026-04-03T03:18:57.699+0600][57.252s][info][gc,marking  ] GC(157) y: Mark Stack Usage: 32M
[2026-04-03T03:18:57.699+0600][57.252s][info][gc,nmethod  ] GC(157) y: NMethods: 6731 registered, 770 unregistered
[2026-04-03T03:18:57.699+0600][57.252s][info][gc,metaspace] GC(157) y: Metaspace: 71M used, 72M committed, 1088M reserved
[2026-04-03T03:18:57.699+0600][57.252s][info][gc,reloc    ] GC(157) y:                        Candidates     Selected     In-Place         Size        Empty    Relocated 
[2026-04-03T03:18:57.699+0600][57.252s][info][gc,reloc    ] GC(157) y: Small Pages:                  154          137            0         308M           0M          10M 
[2026-04-03T03:18:57.699+0600][57.252s][info][gc,reloc    ] GC(157) y: Medium Pages:                   0            0            0           0M           0M           0M 
[2026-04-03T03:18:57.699+0600][57.252s][info][gc,reloc    ] GC(157) y: Large Pages:                    2            0            0          36M           0M           0M 
[2026-04-03T03:18:57.699+0600][57.252s][info][gc,reloc    ] GC(157) y: Forwarding Usage: 11M
[2026-04-03T03:18:57.699+0600][57.252s][info][gc,reloc    ] GC(157) y: Age Table:
[2026-04-03T03:18:57.699+0600][57.252s][info][gc,reloc    ] GC(157) y:                    Live             Garbage             Small              Medium             Large        
[2026-04-03T03:18:57.699+0600][57.252s][info][gc,reloc    ] GC(157) y: Eden               9M (1%)          244M (24%)        127 / 122            0 / 0              0 / 0        
[2026-04-03T03:18:57.699+0600][57.252s][info][gc,reloc    ] GC(157) y: Survivor 1        39M (4%)           10M (1%)           7 / 5              0 / 0              2 / 0        
[2026-04-03T03:18:57.699+0600][57.252s][info][gc,reloc    ] GC(157) y: Survivor 2        11M (1%)           12M (1%)          12 / 5              0 / 0              0 / 0        
[2026-04-03T03:18:57.699+0600][57.252s][info][gc,reloc    ] GC(157) y: Survivor 3         5M (1%)           10M (1%)           8 / 5              0 / 0              0 / 0        
[2026-04-03T03:18:57.699+0600][57.252s][info][gc,heap     ] GC(157) y: Min Capacity: 8M(1%)
[2026-04-03T03:18:57.700+0600][57.252s][info][gc,heap     ] GC(157) y: Max Capacity: 1000M(100%)
[2026-04-03T03:18:57.700+0600][57.252s][info][gc,heap     ] GC(157) y: Soft Max Capacity: 1000M(100%)
[2026-04-03T03:18:57.700+0600][57.252s][info][gc,heap     ] GC(157) y: Heap Statistics:
[2026-04-03T03:18:57.700+0600][57.252s][info][gc,heap     ] GC(157) y:                Mark Start          Mark End        Relocate Start      Relocate End           High               Low         
[2026-04-03T03:18:57.700+0600][57.252s][info][gc,heap     ] GC(157) y:  Capacity:     1000M (100%)       1000M (100%)       1000M (100%)       1000M (100%)       1000M (100%)       1000M (100%)   
[2026-04-03T03:18:57.700+0600][57.252s][info][gc,heap     ] GC(157) y:      Free:      130M (13%)         104M (10%)          74M (7%)          284M (28%)         326M (33%)           0M (0%)     
[2026-04-03T03:18:57.700+0600][57.252s][info][gc,heap     ] GC(157) y:      Used:      870M (87%)         896M (90%)         926M (93%)         716M (72%)        1000M (100%)        674M (67%)    
[2026-04-03T03:18:57.700+0600][57.252s][info][gc,heap     ] GC(157) y: Young Generation Statistics:
[2026-04-03T03:18:57.700+0600][57.252s][info][gc,heap     ] GC(157) y:                Mark Start          Mark End        Relocate Start      Relocate End    
[2026-04-03T03:18:57.700+0600][57.252s][info][gc,heap     ] GC(157) y:      Used:      344M (34%)         494M (49%)         470M (47%)         250M (25%)    
[2026-04-03T03:18:57.700+0600][57.252s][info][gc,heap     ] GC(157) y:      Live:         -                66M (7%)           13M (1%)            9M (1%)     
[2026-04-03T03:18:57.700+0600][57.252s][info][gc,heap     ] GC(157) y:   Garbage:         -               277M (28%)         276M (28%)           0M (0%)     
[2026-04-03T03:18:57.700+0600][57.252s][info][gc,heap     ] GC(157) y: Allocated:         -               150M (15%)         180M (18%)         240M (24%)    
[2026-04-03T03:18:57.700+0600][57.252s][info][gc,heap     ] GC(157) y: Reclaimed:         -                  -                 1M (0%)          277M (28%)    
[2026-04-03T03:18:57.700+0600][57.252s][info][gc,heap     ] GC(157) y:  Promoted:         -                  -                52M (5%)           57M (6%)     
[2026-04-03T03:18:57.700+0600][57.252s][info][gc,heap     ] GC(157) y: Compacted:         -                  -                  -                 9M (1%)     
[2026-04-03T03:18:57.700+0600][57.252s][info][gc,phases   ] GC(157) y: Young Generation 870M(87%)->716M(72%) 0.401s
[2026-04-03T03:18:57.700+0600][57.252s][info][gc          ] GC(157) Minor Collection (Allocation Rate) 870M(87%)->716M(72%) 0.401s
[2026-04-03T03:18:57.700+0600][57.252s][info][gc,task     ] Adjusting Workers for Old Generation: 3 -> 1
[2026-04-03T03:18:57.700+0600][57.252s][info][gc,task     ] GC(152) O: Using 3 Workers for Old Generation
[2026-04-03T03:18:57.758+0600][57.311s][info][gc,task     ] GC(152) O: Using 3 Workers for Old Generation
[2026-04-03T03:18:57.759+0600][57.311s][info][gc,phases   ] GC(152) O: Concurrent Remap Roots 58.783ms
[2026-04-03T03:18:57.759+0600][57.311s][info][gc,phases   ] GC(152) O: Pause Relocate Start 0.032ms
[2026-04-03T03:18:57.759+0600][57.312s][info][gc          ] GC(158) Minor Collection (Allocation Rate)
[2026-04-03T03:18:57.759+0600][57.312s][info][gc,task     ] GC(158) Using 2 Workers for Young Generation
[2026-04-03T03:18:57.759+0600][57.312s][info][gc,phases   ] GC(158) y: Young Generation
[2026-04-03T03:18:57.760+0600][57.312s][info][gc,phases   ] GC(158) y: Pause Mark Start 0.024ms
[2026-04-03T03:18:57.962+0600][57.514s][info][gc,phases   ] GC(152) O: Concurrent Relocate 202.360ms
[2026-04-03T03:18:57.967+0600][57.520s][info][gc,task     ] Adjusting Workers for Young Generation: 2 -> 3
[2026-04-03T03:18:58.026+0600][57.578s][info][gc,phases   ] GC(158) y: Concurrent Mark 265.756ms
[2026-04-03T03:18:58.026+0600][57.578s][info][gc,phases   ] GC(158) y: Pause Mark End 0.039ms
[2026-04-03T03:18:58.026+0600][57.578s][info][gc,phases   ] GC(158) y: Concurrent Mark Free 0.002ms
[2026-04-03T03:18:58.026+0600][57.579s][info][gc,phases   ] GC(158) y: Concurrent Reset Relocation Set 0.065ms
[2026-04-03T03:18:58.032+0600][57.585s][info][gc,reloc    ] GC(158) y: Using tenuring threshold: 2 (Computed)
[2026-04-03T03:18:58.034+0600][57.586s][info][gc,phases   ] GC(158) y: Concurrent Select Relocation Set 7.913ms
[2026-04-03T03:18:58.035+0600][57.587s][info][gc,phases   ] GC(158) y: Pause Relocate Start 0.052ms
[2026-04-03T03:18:58.055+0600][57.607s][info][gc,phases   ] GC(158) y: Concurrent Relocate 20.405ms
[2026-04-03T03:18:58.055+0600][57.607s][info][gc,alloc    ] GC(158) y:                         Mark Start        Mark End      Relocate Start    Relocate End   
[2026-04-03T03:18:58.055+0600][57.607s][info][gc,alloc    ] GC(158) y: Allocation Stalls:          0                0                0                0         
[2026-04-03T03:18:58.055+0600][57.607s][info][gc,load     ] GC(158) y: Load: 4.85 (40%) / 5.03 (42%) / 5.50 (46%)
[2026-04-03T03:18:58.055+0600][57.608s][info][gc,mmu      ] GC(158) y: MMU: 2ms/90.1%, 5ms/96.1%, 10ms/98.0%, 20ms/98.5%, 50ms/99.4%, 100ms/99.6%
[2026-04-03T03:18:58.055+0600][57.608s][info][gc,marking  ] GC(158) y: Mark: 2 stripe(s), 10 proactive flush(es), 1 terminate flush(es), 0 completion(s), 0 continuation(s) 
[2026-04-03T03:18:58.055+0600][57.608s][info][gc,marking  ] GC(158) y: Mark Stack Usage: 32M
[2026-04-03T03:18:58.055+0600][57.608s][info][gc,nmethod  ] GC(158) y: NMethods: 6731 registered, 770 unregistered
[2026-04-03T03:18:58.055+0600][57.608s][info][gc,metaspace] GC(158) y: Metaspace: 71M used, 72M committed, 1088M reserved
[2026-04-03T03:18:58.055+0600][57.608s][info][gc,reloc    ] GC(158) y:                        Candidates     Selected     In-Place         Size        Empty    Relocated 
[2026-04-03T03:18:58.055+0600][57.608s][info][gc,reloc    ] GC(158) y: Small Pages:                  108           98            0         216M           0M           8M 
[2026-04-03T03:18:58.055+0600][57.608s][info][gc,reloc    ] GC(158) y: Medium Pages:                   1            0            0          16M           0M           0M 
[2026-04-03T03:18:58.055+0600][57.608s][info][gc,reloc    ] GC(158) y: Large Pages:                    1            0            0          18M           0M           0M 
[2026-04-03T03:18:58.055+0600][57.608s][info][gc,reloc    ] GC(158) y: Forwarding Usage: 8M
[2026-04-03T03:18:58.055+0600][57.608s][info][gc,reloc    ] GC(158) y: Age Table:
[2026-04-03T03:18:58.055+0600][57.608s][info][gc,reloc    ] GC(158) y:                    Live             Garbage             Small              Medium             Large        
[2026-04-03T03:18:58.055+0600][57.608s][info][gc,reloc    ] GC(158) y: Eden              28M (3%)          203M (20%)         99 / 94             1 / 0              1 / 0        
[2026-04-03T03:18:58.055+0600][57.608s][info][gc,reloc    ] GC(158) y: Survivor 1         7M (1%)           10M (1%)           9 / 4              0 / 0              0 / 0        
[2026-04-03T03:18:58.055+0600][57.608s][info][gc,heap     ] GC(158) y: Min Capacity: 8M(1%)
[2026-04-03T03:18:58.055+0600][57.608s][info][gc,heap     ] GC(158) y: Max Capacity: 1000M(100%)
[2026-04-03T03:18:58.055+0600][57.608s][info][gc,heap     ] GC(158) y: Soft Max Capacity: 1000M(100%)
[2026-04-03T03:18:58.055+0600][57.608s][info][gc,heap     ] GC(158) y: Heap Statistics:
[2026-04-03T03:18:58.056+0600][57.608s][info][gc,heap     ] GC(158) y:                Mark Start          Mark End        Relocate Start      Relocate End           High               Low         
[2026-04-03T03:18:58.056+0600][57.608s][info][gc,heap     ] GC(158) y:  Capacity:     1000M (100%)       1000M (100%)       1000M (100%)       1000M (100%)       1000M (100%)       1000M (100%)   
[2026-04-03T03:18:58.056+0600][57.608s][info][gc,heap     ] GC(158) y:      Free:      282M (28%)         280M (28%)         278M (28%)         448M (45%)         448M (45%)         262M (26%)    
[2026-04-03T03:18:58.056+0600][57.608s][info][gc,heap     ] GC(158) y:      Used:      718M (72%)         720M (72%)         722M (72%)         552M (55%)         738M (74%)         552M (55%)    
[2026-04-03T03:18:58.056+0600][57.608s][info][gc,heap     ] GC(158) y: Young Generation Statistics:
[2026-04-03T03:18:58.056+0600][57.608s][info][gc,heap     ] GC(158) y:                Mark Start          Mark End        Relocate Start      Relocate End    
[2026-04-03T03:18:58.056+0600][57.608s][info][gc,heap     ] GC(158) y:      Used:      250M (25%)         322M (32%)         324M (32%)         154M (15%)    
[2026-04-03T03:18:58.056+0600][57.608s][info][gc,heap     ] GC(158) y:      Live:         -                36M (4%)           36M (4%)           36M (4%)     
[2026-04-03T03:18:58.056+0600][57.608s][info][gc,heap     ] GC(158) y:   Garbage:         -               213M (21%)         213M (21%)          15M (2%)     
[2026-04-03T03:18:58.056+0600][57.608s][info][gc,heap     ] GC(158) y: Allocated:         -                72M (7%)           74M (7%)          102M (10%)    
[2026-04-03T03:18:58.056+0600][57.608s][info][gc,heap     ] GC(158) y: Reclaimed:         -                  -                 0M (0%)          198M (20%)    
[2026-04-03T03:18:58.056+0600][57.608s][info][gc,heap     ] GC(158) y:  Promoted:         -                  -                 0M (0%)            0M (0%)     
[2026-04-03T03:18:58.056+0600][57.608s][info][gc,heap     ] GC(158) y: Compacted:         -                  -                  -                 9M (1%)     
[2026-04-03T03:18:58.056+0600][57.608s][info][gc,phases   ] GC(158) y: Young Generation 718M(72%)->552M(55%) 0.296s
[2026-04-03T03:18:58.056+0600][57.608s][info][gc          ] GC(158) Minor Collection (Allocation Rate) 718M(72%)->552M(55%) 0.296s
[2026-04-03T03:18:58.056+0600][57.608s][info][gc,alloc    ] GC(152) O:                         Mark Start        Mark End      Relocate Start    Relocate End   
[2026-04-03T03:18:58.056+0600][57.608s][info][gc,alloc    ] GC(152) O: Allocation Stalls:          0                3                0                0         
[2026-04-03T03:18:58.056+0600][57.608s][info][gc,load     ] GC(152) O: Load: 4.85 (40%) / 5.03 (42%) / 5.50 (46%)
[2026-04-03T03:18:58.056+0600][57.608s][info][gc,mmu      ] GC(152) O: MMU: 2ms/90.1%, 5ms/96.1%, 10ms/98.0%, 20ms/98.5%, 50ms/99.4%, 100ms/99.6%
[2026-04-03T03:18:58.056+0600][57.608s][info][gc,marking  ] GC(152) O: Mark: 1 stripe(s), 2 proactive flush(es), 1 terminate flush(es), 0 completion(s), 0 continuation(s) 
[2026-04-03T03:18:58.056+0600][57.608s][info][gc,marking  ] GC(152) O: Mark Stack Usage: 32M
[2026-04-03T03:18:58.056+0600][57.608s][info][gc,nmethod  ] GC(152) O: NMethods: 6731 registered, 770 unregistered
[2026-04-03T03:18:58.056+0600][57.608s][info][gc,metaspace] GC(152) O: Metaspace: 71M used, 72M committed, 1088M reserved
[2026-04-03T03:18:58.056+0600][57.608s][info][gc,ref      ] GC(152) O:                       Encountered   Discovered     Enqueued 
[2026-04-03T03:18:58.056+0600][57.608s][info][gc,ref      ] GC(152) O: Soft References:             5098            0            0 
[2026-04-03T03:18:58.056+0600][57.608s][info][gc,ref      ] GC(152) O: Weak References:             6677         5440           77 
[2026-04-03T03:18:58.056+0600][57.608s][info][gc,ref      ] GC(152) O: Final References:              84           50            0 
[2026-04-03T03:18:58.056+0600][57.608s][info][gc,ref      ] GC(152) O: Phantom References:           612          364            0 
[2026-04-03T03:18:58.056+0600][57.608s][info][gc,reloc    ] GC(152) O:                        Candidates     Selected     In-Place         Size        Empty    Relocated 
[2026-04-03T03:18:58.056+0600][57.608s][info][gc,reloc    ] GC(152) O: Small Pages:                  180           35            0         360M          66M           9M 
[2026-04-03T03:18:58.056+0600][57.608s][info][gc,reloc    ] GC(152) O: Medium Pages:                   2            0            0          32M          16M           0M 
[2026-04-03T03:18:58.056+0600][57.608s][info][gc,reloc    ] GC(152) O: Large Pages:                    9            0            0          72M          42M           0M 
[2026-04-03T03:18:58.056+0600][57.608s][info][gc,reloc    ] GC(152) O: Forwarding Usage: 24M
[2026-04-03T03:18:58.056+0600][57.608s][info][gc,heap     ] GC(152) O: Min Capacity: 8M(1%)
[2026-04-03T03:18:58.056+0600][57.608s][info][gc,heap     ] GC(152) O: Max Capacity: 1000M(100%)
[2026-04-03T03:18:58.056+0600][57.608s][info][gc,heap     ] GC(152) O: Soft Max Capacity: 1000M(100%)
[2026-04-03T03:18:58.056+0600][57.608s][info][gc,heap     ] GC(152) O: Heap Statistics:
[2026-04-03T03:18:58.056+0600][57.608s][info][gc,heap     ] GC(152) O:                Mark Start          Mark End        Relocate Start      Relocate End           High               Low         
[2026-04-03T03:18:58.056+0600][57.608s][info][gc,heap     ] GC(152) O:  Capacity:     1000M (100%)       1000M (100%)       1000M (100%)       1000M (100%)       1000M (100%)       1000M (100%)   
[2026-04-03T03:18:58.056+0600][57.608s][info][gc,heap     ] GC(152) O:      Free:      178M (18%)           0M (0%)          284M (28%)         306M (31%)         342M (34%)           0M (0%)     
[2026-04-03T03:18:58.056+0600][57.608s][info][gc,heap     ] GC(152) O:      Used:      822M (82%)        1000M (100%)        716M (72%)         694M (69%)        1000M (100%)        658M (66%)    
[2026-04-03T03:18:58.056+0600][57.608s][info][gc,heap     ] GC(152) O: Old Generation Statistics:
[2026-04-03T03:18:58.056+0600][57.608s][info][gc,heap     ] GC(152) O:                Mark Start          Mark End        Relocate Start      Relocate End    
[2026-04-03T03:18:58.056+0600][57.608s][info][gc,heap     ] GC(152) O:      Used:      464M (46%)         526M (53%)         466M (47%)         398M (40%)    
[2026-04-03T03:18:58.056+0600][57.609s][info][gc,heap     ] GC(152) O:      Live:         -               252M (25%)         252M (25%)         252M (25%)    
[2026-04-03T03:18:58.056+0600][57.609s][info][gc,heap     ] GC(152) O:   Garbage:         -               211M (21%)          87M (9%)           13M (1%)     
[2026-04-03T03:18:58.056+0600][57.609s][info][gc,heap     ] GC(152) O: Allocated:         -                62M (6%)          126M (13%)         132M (13%)    
[2026-04-03T03:18:58.056+0600][57.609s][info][gc,heap     ] GC(152) O: Reclaimed:         -                  -               124M (12%)         198M (20%)    
[2026-04-03T03:18:58.056+0600][57.609s][info][gc,heap     ] GC(152) O: Compacted:         -                  -                  -                31M (3%)     
[2026-04-03T03:18:58.056+0600][57.609s][info][gc,phases   ] GC(152) O: Old Generation 744M(74%)->694M(69%) 1.947s
[2026-04-03T03:18:58.056+0600][57.609s][info][gc          ] GC(152) Major Collection (Allocation Rate) 822M(82%)->552M(55%) 2.208s
[2026-04-03T03:18:58.066+0600][57.618s][info][gc          ] GC(159) Major Collection (Allocation Rate)
[2026-04-03T03:18:58.066+0600][57.618s][info][gc,task     ] GC(159) Using 3 Workers for Young Generation
[2026-04-03T03:18:58.066+0600][57.618s][info][gc,task     ] GC(159) Using 1 Workers for Old Generation
[2026-04-03T03:18:58.066+0600][57.618s][info][gc,phases   ] GC(159) Y: Young Generation
[2026-04-03T03:18:58.067+0600][57.619s][info][gc,phases   ] GC(159) Y: Pause Mark Start (Major) 0.039ms
[2026-04-03T03:18:58.258+0600][57.811s][info][gc,phases   ] GC(159) Y: Concurrent Mark 191.638ms
[2026-04-03T03:18:58.259+0600][57.811s][info][gc,phases   ] GC(159) Y: Pause Mark End 0.036ms
[2026-04-03T03:18:58.259+0600][57.811s][info][gc,phases   ] GC(159) Y: Concurrent Mark Free 0.001ms
[2026-04-03T03:18:58.259+0600][57.811s][info][gc,phases   ] GC(159) Y: Concurrent Reset Relocation Set 0.028ms
[2026-04-03T03:18:58.265+0600][57.817s][info][gc,reloc    ] GC(159) Y: Using tenuring threshold: 3 (Computed)
[2026-04-03T03:18:58.266+0600][57.819s][info][gc,phases   ] GC(159) Y: Concurrent Select Relocation Set 7.577ms
[2026-04-03T03:18:58.267+0600][57.819s][info][gc,phases   ] GC(159) Y: Pause Relocate Start 0.072ms
[2026-04-03T03:18:58.282+0600][57.834s][info][gc,phases   ] GC(159) Y: Concurrent Relocate 14.941ms
[2026-04-03T03:18:58.282+0600][57.834s][info][gc,alloc    ] GC(159) Y:                         Mark Start        Mark End      Relocate Start    Relocate End   
[2026-04-03T03:18:58.282+0600][57.834s][info][gc,alloc    ] GC(159) Y: Allocation Stalls:          0                0                0                0         
[2026-04-03T03:18:58.282+0600][57.834s][info][gc,load     ] GC(159) Y: Load: 4.85 (40%) / 5.03 (42%) / 5.50 (46%)
[2026-04-03T03:18:58.282+0600][57.834s][info][gc,mmu      ] GC(159) Y: MMU: 2ms/90.1%, 5ms/96.1%, 10ms/98.0%, 20ms/98.5%, 50ms/99.4%, 100ms/99.6%
[2026-04-03T03:18:58.282+0600][57.834s][info][gc,marking  ] GC(159) Y: Mark: 2 stripe(s), 3 proactive flush(es), 1 terminate flush(es), 0 completion(s), 0 continuation(s) 
[2026-04-03T03:18:58.282+0600][57.834s][info][gc,marking  ] GC(159) Y: Mark Stack Usage: 32M
[2026-04-03T03:18:58.282+0600][57.834s][info][gc,nmethod  ] GC(159) Y: NMethods: 6731 registered, 770 unregistered
[2026-04-03T03:18:58.282+0600][57.834s][info][gc,metaspace] GC(159) Y: Metaspace: 71M used, 72M committed, 1088M reserved
[2026-04-03T03:18:58.282+0600][57.834s][info][gc,reloc    ] GC(159) Y:                        Candidates     Selected     In-Place         Size        Empty    Relocated 
[2026-04-03T03:18:58.282+0600][57.834s][info][gc,reloc    ] GC(159) Y: Small Pages:                   58           47            0         116M           0M           5M 
[2026-04-03T03:18:58.282+0600][57.834s][info][gc,reloc    ] GC(159) Y: Medium Pages:                   1            0            0          16M          16M           0M 
[2026-04-03T03:18:58.282+0600][57.834s][info][gc,reloc    ] GC(159) Y: Large Pages:                    3            0            0          26M           0M           0M 
[2026-04-03T03:18:58.282+0600][57.834s][info][gc,reloc    ] GC(159) Y: Forwarding Usage: 5M
[2026-04-03T03:18:58.282+0600][57.834s][info][gc,reloc    ] GC(159) Y: Age Table:
[2026-04-03T03:18:58.282+0600][57.834s][info][gc,reloc    ] GC(159) Y:                    Live             Garbage             Small              Medium             Large        
[2026-04-03T03:18:58.282+0600][57.834s][info][gc,reloc    ] GC(159) Y: Eden              11M (1%)           74M (7%)          39 / 37             0 / 0              2 / 0        
[2026-04-03T03:18:58.282+0600][57.834s][info][gc,reloc    ] GC(159) Y: Survivor 1        26M (3%)           25M (3%)           9 / 5              1 / 0              1 / 0        
[2026-04-03T03:18:58.282+0600][57.834s][info][gc,reloc    ] GC(159) Y: Survivor 2         7M (1%)           12M (1%)          10 / 5              0 / 0              0 / 0        
[2026-04-03T03:18:58.282+0600][57.834s][info][gc,heap     ] GC(159) Y: Min Capacity: 8M(1%)
[2026-04-03T03:18:58.282+0600][57.834s][info][gc,heap     ] GC(159) Y: Max Capacity: 1000M(100%)
[2026-04-03T03:18:58.282+0600][57.834s][info][gc,heap     ] GC(159) Y: Soft Max Capacity: 1000M(100%)
[2026-04-03T03:18:58.282+0600][57.834s][info][gc,heap     ] GC(159) Y: Heap Statistics:
[2026-04-03T03:18:58.282+0600][57.834s][info][gc,heap     ] GC(159) Y:                Mark Start          Mark End        Relocate Start      Relocate End           High               Low         
[2026-04-03T03:18:58.282+0600][57.835s][info][gc,heap     ] GC(159) Y:  Capacity:     1000M (100%)       1000M (100%)       1000M (100%)       1000M (100%)       1000M (100%)       1000M (100%)   
[2026-04-03T03:18:58.282+0600][57.835s][info][gc,heap     ] GC(159) Y:      Free:      444M (44%)         424M (42%)         440M (44%)         510M (51%)         510M (51%)         424M (42%)    
[2026-04-03T03:18:58.282+0600][57.835s][info][gc,heap     ] GC(159) Y:      Used:      556M (56%)         576M (58%)         560M (56%)         490M (49%)         576M (58%)         490M (49%)    
[2026-04-03T03:18:58.282+0600][57.835s][info][gc,heap     ] GC(159) Y: Young Generation Statistics:
[2026-04-03T03:18:58.282+0600][57.835s][info][gc,heap     ] GC(159) Y:                Mark Start          Mark End        Relocate Start      Relocate End    
[2026-04-03T03:18:58.282+0600][57.835s][info][gc,heap     ] GC(159) Y:      Used:      158M (16%)         178M (18%)         162M (16%)          92M (9%)     
[2026-04-03T03:18:58.282+0600][57.835s][info][gc,heap     ] GC(159) Y:      Live:         -                45M (5%)           45M (5%)           45M (5%)     
[2026-04-03T03:18:58.282+0600][57.835s][info][gc,heap     ] GC(159) Y:   Garbage:         -               112M (11%)          96M (10%)           1M (0%)     
[2026-04-03T03:18:58.282+0600][57.835s][info][gc,heap     ] GC(159) Y: Allocated:         -                20M (2%)           20M (2%)           45M (5%)     
[2026-04-03T03:18:58.282+0600][57.835s][info][gc,heap     ] GC(159) Y: Reclaimed:         -                  -                16M (2%)          111M (11%)    
[2026-04-03T03:18:58.282+0600][57.835s][info][gc,heap     ] GC(159) Y:  Promoted:         -                  -                 0M (0%)            0M (0%)     
[2026-04-03T03:18:58.282+0600][57.835s][info][gc,heap     ] GC(159) Y: Compacted:         -                  -                  -                 6M (1%)     
[2026-04-03T03:18:58.282+0600][57.835s][info][gc,phases   ] GC(159) Y: Young Generation 556M(56%)->490M(49%) 0.216s
[2026-04-03T03:18:58.282+0600][57.835s][info][gc,phases   ] GC(159) O: Old Generation
[2026-04-03T03:18:58.287+0600][57.840s][info][gc          ] GC(160) Minor Collection (Allocation Rate)
[2026-04-03T03:18:58.287+0600][57.840s][info][gc,task     ] GC(160) Using 2 Workers for Young Generation
[2026-04-03T03:18:58.288+0600][57.840s][info][gc,phases   ] GC(160) y: Young Generation
[2026-04-03T03:18:58.292+0600][57.844s][info][gc,phases   ] GC(160) y: Pause Mark Start 0.042ms
[2026-04-03T03:18:58.522+0600][58.075s][info][gc,phases   ] GC(160) y: Concurrent Mark 229.976ms
[2026-04-03T03:18:58.523+0600][58.075s][info][gc,phases   ] GC(160) y: Pause Mark End 0.038ms
[2026-04-03T03:18:58.523+0600][58.075s][info][gc,phases   ] GC(160) y: Concurrent Mark Free 0.002ms
[2026-04-03T03:18:58.523+0600][58.075s][info][gc,phases   ] GC(160) y: Concurrent Reset Relocation Set 0.015ms
[2026-04-03T03:18:58.530+0600][58.082s][info][gc,reloc    ] GC(160) y: Using tenuring threshold: 1 (Computed)
[2026-04-03T03:18:58.581+0600][58.133s][info][gc,phases   ] GC(160) y: Concurrent Select Relocation Set 57.889ms
[2026-04-03T03:18:58.581+0600][58.134s][info][gc,phases   ] GC(160) y: Pause Relocate Start 0.044ms
[2026-04-03T03:18:58.707+0600][58.259s][info][gc,phases   ] GC(160) y: Concurrent Relocate 125.223ms
[2026-04-03T03:18:58.707+0600][58.259s][info][gc,alloc    ] GC(160) y:                         Mark Start        Mark End      Relocate Start    Relocate End   
[2026-04-03T03:18:58.707+0600][58.259s][info][gc,alloc    ] GC(160) y: Allocation Stalls:          0                0                0                0         
[2026-04-03T03:18:58.707+0600][58.259s][info][gc,load     ] GC(160) y: Load: 4.85 (40%) / 5.03 (42%) / 5.50 (46%)
[2026-04-03T03:18:58.707+0600][58.259s][info][gc,mmu      ] GC(160) y: MMU: 2ms/90.1%, 5ms/96.1%, 10ms/98.0%, 20ms/98.5%, 50ms/99.4%, 100ms/99.6%
[2026-04-03T03:18:58.707+0600][58.259s][info][gc,marking  ] GC(160) y: Mark: 2 stripe(s), 7 proactive flush(es), 1 terminate flush(es), 0 completion(s), 0 continuation(s) 
[2026-04-03T03:18:58.707+0600][58.259s][info][gc,marking  ] GC(160) y: Mark Stack Usage: 32M
[2026-04-03T03:18:58.707+0600][58.259s][info][gc,nmethod  ] GC(160) y: NMethods: 6731 registered, 770 unregistered
[2026-04-03T03:18:58.707+0600][58.259s][info][gc,metaspace] GC(160) y: Metaspace: 71M used, 72M committed, 1088M reserved
[2026-04-03T03:18:58.707+0600][58.259s][info][gc,reloc    ] GC(160) y:                        Candidates     Selected     In-Place         Size        Empty    Relocated 
[2026-04-03T03:18:58.707+0600][58.259s][info][gc,reloc    ] GC(160) y: Small Pages:                   25           14            0          50M           0M           3M 
[2026-04-03T03:18:58.707+0600][58.259s][info][gc,reloc    ] GC(160) y: Medium Pages:                   1            0            0          16M           0M           0M 
[2026-04-03T03:18:58.707+0600][58.259s][info][gc,reloc    ] GC(160) y: Large Pages:                    3            0            0          26M           0M           0M 
[2026-04-03T03:18:58.707+0600][58.259s][info][gc,reloc    ] GC(160) y: Forwarding Usage: 4M
[2026-04-03T03:18:58.707+0600][58.259s][info][gc,reloc    ] GC(160) y: Age Table:
[2026-04-03T03:18:58.707+0600][58.259s][info][gc,reloc    ] GC(160) y:                    Live             Garbage             Small              Medium             Large        
[2026-04-03T03:18:58.707+0600][58.259s][info][gc,reloc    ] GC(160) y: Eden               0M (0%)           19M (2%)           2 / 1              1 / 0              0 / 0        
[2026-04-03T03:18:58.707+0600][58.259s][info][gc,reloc    ] GC(160) y: Survivor 1        11M (1%)            4M (0%)           4 / 2              0 / 0              2 / 0        
[2026-04-03T03:18:58.707+0600][58.259s][info][gc,reloc    ] GC(160) y: Survivor 2        26M (3%)            9M (1%)           9 / 5              0 / 0              1 / 0        
[2026-04-03T03:18:58.707+0600][58.259s][info][gc,reloc    ] GC(160) y: Survivor 3         7M (1%)           12M (1%)          10 / 6              0 / 0              0 / 0        
[2026-04-03T03:18:58.707+0600][58.259s][info][gc,heap     ] GC(160) y: Min Capacity: 8M(1%)
[2026-04-03T03:18:58.707+0600][58.259s][info][gc,heap     ] GC(160) y: Max Capacity: 1000M(100%)
[2026-04-03T03:18:58.707+0600][58.259s][info][gc,heap     ] GC(160) y: Soft Max Capacity: 1000M(100%)
[2026-04-03T03:18:58.707+0600][58.259s][info][gc,heap     ] GC(160) y: Heap Statistics:
[2026-04-03T03:18:58.707+0600][58.259s][info][gc,heap     ] GC(160) y:                Mark Start          Mark End        Relocate Start      Relocate End           High               Low         
[2026-04-03T03:18:58.707+0600][58.259s][info][gc,heap     ] GC(160) y:  Capacity:     1000M (100%)       1000M (100%)       1000M (100%)       1000M (100%)       1000M (100%)       1000M (100%)   
[2026-04-03T03:18:58.707+0600][58.259s][info][gc,heap     ] GC(160) y:      Free:      510M (51%)         484M (48%)         480M (48%)         484M (48%)         510M (51%)         468M (47%)    
[2026-04-03T03:18:58.707+0600][58.259s][info][gc,heap     ] GC(160) y:      Used:      490M (49%)         516M (52%)         520M (52%)         516M (52%)         532M (53%)         490M (49%)    
[2026-04-03T03:18:58.707+0600][58.259s][info][gc,heap     ] GC(160) y: Young Generation Statistics:
[2026-04-03T03:18:58.707+0600][58.259s][info][gc,heap     ] GC(160) y:                Mark Start          Mark End        Relocate Start      Relocate End    
[2026-04-03T03:18:58.707+0600][58.259s][info][gc,heap     ] GC(160) y:      Used:       92M (9%)          118M (12%)          80M (8%)           62M (6%)     
[2026-04-03T03:18:58.707+0600][58.259s][info][gc,heap     ] GC(160) y:      Live:         -                45M (5%)            5M (1%)            0M (0%)     
[2026-04-03T03:18:58.707+0600][58.260s][info][gc,heap     ] GC(160) y:   Garbage:         -                46M (5%)           44M (4%)           15M (2%)     
[2026-04-03T03:18:58.707+0600][58.260s][info][gc,heap     ] GC(160) y: Allocated:         -                26M (3%)           30M (3%)           45M (5%)     
[2026-04-03T03:18:58.707+0600][58.260s][info][gc,heap     ] GC(160) y: Reclaimed:         -                  -                 1M (0%)           30M (3%)     
[2026-04-03T03:18:58.707+0600][58.260s][info][gc,heap     ] GC(160) y:  Promoted:         -                  -                40M (4%)           45M (5%)     
[2026-04-03T03:18:58.707+0600][58.260s][info][gc,heap     ] GC(160) y: Compacted:         -                  -                  -                 0M (0%)     
[2026-04-03T03:18:58.707+0600][58.260s][info][gc,phases   ] GC(160) y: Young Generation 490M(49%)->516M(52%) 0.419s
[2026-04-03T03:18:58.707+0600][58.260s][info][gc          ] GC(160) Minor Collection (Allocation Rate) 490M(49%)->516M(52%) 0.420s
[2026-04-03T03:18:58.707+0600][58.260s][info][gc,task     ] Adjusting Workers for Old Generation: 1 -> 2
[2026-04-03T03:18:58.708+0600][58.260s][info][gc          ] GC(161) Minor Collection (Allocation Rate)
[2026-04-03T03:18:58.708+0600][58.260s][info][gc,task     ] GC(161) Using 1 Workers for Young Generation
[2026-04-03T03:18:58.708+0600][58.260s][info][gc,phases   ] GC(161) y: Young Generation
[2026-04-03T03:18:58.708+0600][58.260s][info][gc,phases   ] GC(161) y: Pause Mark Start 0.058ms
[2026-04-03T03:18:58.874+0600][58.426s][info][gc,phases   ] GC(161) y: Concurrent Mark 165.375ms
[2026-04-03T03:18:58.875+0600][58.427s][info][gc,phases   ] GC(161) y: Pause Mark End 0.051ms
[2026-04-03T03:18:58.875+0600][58.427s][info][gc,phases   ] GC(161) y: Concurrent Mark Free 0.002ms
[2026-04-03T03:18:58.875+0600][58.427s][info][gc,phases   ] GC(161) y: Concurrent Reset Relocation Set 0.043ms
[2026-04-03T03:18:58.882+0600][58.434s][info][gc,reloc    ] GC(161) y: Using tenuring threshold: 2 (Computed)
[2026-04-03T03:18:58.883+0600][58.435s][info][gc,phases   ] GC(161) y: Concurrent Select Relocation Set 7.866ms
[2026-04-03T03:18:58.884+0600][58.436s][info][gc,phases   ] GC(161) y: Pause Relocate Start 0.029ms
[2026-04-03T03:18:58.884+0600][58.437s][info][gc,phases   ] GC(161) y: Concurrent Relocate 0.699ms
[2026-04-03T03:18:58.884+0600][58.437s][info][gc,alloc    ] GC(161) y:                         Mark Start        Mark End      Relocate Start    Relocate End   
[2026-04-03T03:18:58.884+0600][58.437s][info][gc,alloc    ] GC(161) y: Allocation Stalls:          0                0                0                0         
[2026-04-03T03:18:58.884+0600][58.437s][info][gc,load     ] GC(161) y: Load: 4.85 (40%) / 5.03 (42%) / 5.50 (46%)
[2026-04-03T03:18:58.885+0600][58.437s][info][gc,mmu      ] GC(161) y: MMU: 2ms/90.1%, 5ms/96.1%, 10ms/98.0%, 20ms/98.5%, 50ms/99.4%, 100ms/99.6%
[2026-04-03T03:18:58.885+0600][58.437s][info][gc,marking  ] GC(161) y: Mark: 1 stripe(s), 2 proactive flush(es), 1 terminate flush(es), 0 completion(s), 0 continuation(s) 
[2026-04-03T03:18:58.885+0600][58.437s][info][gc,marking  ] GC(161) y: Mark Stack Usage: 32M
[2026-04-03T03:18:58.885+0600][58.437s][info][gc,nmethod  ] GC(161) y: NMethods: 6733 registered, 770 unregistered
[2026-04-03T03:18:58.885+0600][58.437s][info][gc,metaspace] GC(161) y: Metaspace: 71M used, 72M committed, 1088M reserved
[2026-04-03T03:18:58.885+0600][58.437s][info][gc,reloc    ] GC(161) y:                        Candidates     Selected     In-Place         Size        Empty    Relocated 
[2026-04-03T03:18:58.885+0600][58.437s][info][gc,reloc    ] GC(161) y: Small Pages:                    9            7            0          18M           2M           0M 
[2026-04-03T03:18:58.885+0600][58.437s][info][gc,reloc    ] GC(161) y: Medium Pages:                   2            0            0          32M          32M           0M 
[2026-04-03T03:18:58.885+0600][58.437s][info][gc,reloc    ] GC(161) y: Large Pages:                    3            0            0          12M           0M           0M 
[2026-04-03T03:18:58.885+0600][58.437s][info][gc,reloc    ] GC(161) y: Forwarding Usage: 0M
[2026-04-03T03:18:58.885+0600][58.437s][info][gc,reloc    ] GC(161) y: Age Table:
[2026-04-03T03:18:58.885+0600][58.437s][info][gc,reloc    ] GC(161) y:                    Live             Garbage             Small              Medium             Large        
[2026-04-03T03:18:58.885+0600][58.437s][info][gc,reloc    ] GC(161) y: Eden              12M (1%)           27M (3%)           6 / 5              1 / 0              3 / 0        
[2026-04-03T03:18:58.885+0600][58.437s][info][gc,reloc    ] GC(161) y: Survivor 1         0M (0%)           21M (2%)           3 / 2              1 / 0              0 / 0        
[2026-04-03T03:18:58.885+0600][58.437s][info][gc,heap     ] GC(161) y: Min Capacity: 8M(1%)
[2026-04-03T03:18:58.885+0600][58.437s][info][gc,heap     ] GC(161) y: Max Capacity: 1000M(100%)
[2026-04-03T03:18:58.885+0600][58.437s][info][gc,heap     ] GC(161) y: Soft Max Capacity: 1000M(100%)
[2026-04-03T03:18:58.885+0600][58.437s][info][gc,heap     ] GC(161) y: Heap Statistics:
[2026-04-03T03:18:58.885+0600][58.437s][info][gc,heap     ] GC(161) y:                Mark Start          Mark End        Relocate Start      Relocate End           High               Low         
[2026-04-03T03:18:58.885+0600][58.437s][info][gc,heap     ] GC(161) y:  Capacity:     1000M (100%)       1000M (100%)       1000M (100%)       1000M (100%)       1000M (100%)       1000M (100%)   
[2026-04-03T03:18:58.885+0600][58.437s][info][gc,heap     ] GC(161) y:      Free:      484M (48%)         460M (46%)         494M (49%)         498M (50%)         498M (50%)         460M (46%)    
[2026-04-03T03:18:58.885+0600][58.437s][info][gc,heap     ] GC(161) y:      Used:      516M (52%)         540M (54%)         506M (51%)         502M (50%)         540M (54%)         502M (50%)    
[2026-04-03T03:18:58.885+0600][58.437s][info][gc,heap     ] GC(161) y: Young Generation Statistics:
[2026-04-03T03:18:58.885+0600][58.437s][info][gc,heap     ] GC(161) y:                Mark Start          Mark End        Relocate Start      Relocate End    
[2026-04-03T03:18:58.885+0600][58.437s][info][gc,heap     ] GC(161) y:      Used:       62M (6%)           86M (9%)           52M (5%)           48M (5%)     
[2026-04-03T03:18:58.885+0600][58.437s][info][gc,heap     ] GC(161) y:      Live:         -                12M (1%)           12M (1%)           12M (1%)     
[2026-04-03T03:18:58.885+0600][58.437s][info][gc,heap     ] GC(161) y:   Garbage:         -                49M (5%)           15M (2%)            0M (0%)     
[2026-04-03T03:18:58.885+0600][58.437s][info][gc,heap     ] GC(161) y: Allocated:         -                24M (2%)           24M (2%)           35M (4%)     
[2026-04-03T03:18:58.885+0600][58.437s][info][gc,heap     ] GC(161) y: Reclaimed:         -                  -                34M (3%)           49M (5%)     
[2026-04-03T03:18:58.885+0600][58.437s][info][gc,heap     ] GC(161) y:  Promoted:         -                  -                 0M (0%)            0M (0%)     
[2026-04-03T03:18:58.885+0600][58.437s][info][gc,heap     ] GC(161) y: Compacted:         -                  -                  -                 0M (0%)     
[2026-04-03T03:18:58.885+0600][58.437s][info][gc,phases   ] GC(161) y: Young Generation 516M(52%)->502M(50%) 0.177s
[2026-04-03T03:18:58.885+0600][58.437s][info][gc          ] GC(161) Minor Collection (Allocation Rate) 516M(52%)->502M(50%) 0.177s
[2026-04-03T03:18:58.889+0600][58.442s][info][gc          ] GC(162) Minor Collection (Allocation Rate)
[2026-04-03T03:18:58.890+0600][58.442s][info][gc,task     ] GC(162) Using 1 Workers for Young Generation
[2026-04-03T03:18:58.890+0600][58.442s][info][gc,phases   ] GC(162) y: Young Generation
[2026-04-03T03:18:58.890+0600][58.442s][info][gc,phases   ] GC(162) y: Pause Mark Start 0.075ms
[2026-04-03T03:18:58.954+0600][58.507s][info][gc,phases   ] GC(162) y: Concurrent Mark 64.154ms
[2026-04-03T03:18:58.955+0600][58.507s][info][gc,phases   ] GC(162) y: Pause Mark End 0.055ms
[2026-04-03T03:18:58.955+0600][58.507s][info][gc,phases   ] GC(162) y: Concurrent Mark Free 0.001ms
[2026-04-03T03:18:58.955+0600][58.507s][info][gc,phases   ] GC(162) y: Concurrent Reset Relocation Set 0.003ms
[2026-04-03T03:18:58.960+0600][58.512s][info][gc,reloc    ] GC(162) y: Using tenuring threshold: 1 (Computed)
[2026-04-03T03:18:58.966+0600][58.519s][info][gc,phases   ] GC(162) y: Concurrent Select Relocation Set 11.641ms
[2026-04-03T03:18:58.967+0600][58.519s][info][gc,phases   ] GC(162) y: Pause Relocate Start 0.053ms
[2026-04-03T03:18:58.996+0600][58.548s][info][gc,phases   ] GC(162) y: Concurrent Relocate 29.486ms
[2026-04-03T03:18:58.996+0600][58.549s][info][gc,alloc    ] GC(162) y:                         Mark Start        Mark End      Relocate Start    Relocate End   
[2026-04-03T03:18:58.996+0600][58.549s][info][gc,alloc    ] GC(162) y: Allocation Stalls:          0                0                0                0         
[2026-04-03T03:18:58.996+0600][58.549s][info][gc,load     ] GC(162) y: Load: 4.85 (40%) / 5.03 (42%) / 5.50 (46%)
[2026-04-03T03:18:58.996+0600][58.549s][info][gc,mmu      ] GC(162) y: MMU: 2ms/90.1%, 5ms/96.1%, 10ms/98.0%, 20ms/98.5%, 50ms/99.4%, 100ms/99.6%
[2026-04-03T03:18:58.996+0600][58.549s][info][gc,marking  ] GC(162) y: Mark: 1 stripe(s), 2 proactive flush(es), 1 terminate flush(es), 0 completion(s), 0 continuation(s) 
[2026-04-03T03:18:58.996+0600][58.549s][info][gc,marking  ] GC(162) y: Mark Stack Usage: 32M
[2026-04-03T03:18:58.996+0600][58.549s][info][gc,nmethod  ] GC(162) y: NMethods: 6754 registered, 770 unregistered
[2026-04-03T03:18:58.996+0600][58.549s][info][gc,metaspace] GC(162) y: Metaspace: 71M used, 72M committed, 1088M reserved
[2026-04-03T03:18:58.996+0600][58.549s][info][gc,reloc    ] GC(162) y:                        Candidates     Selected     In-Place         Size        Empty    Relocated 
[2026-04-03T03:18:58.996+0600][58.549s][info][gc,reloc    ] GC(162) y: Small Pages:                   18           12            0          36M          10M           0M 
[2026-04-03T03:18:58.996+0600][58.549s][info][gc,reloc    ] GC(162) y: Medium Pages:                   0            0            0           0M           0M           0M 
[2026-04-03T03:18:58.996+0600][58.549s][info][gc,reloc    ] GC(162) y: Large Pages:                    4            0            0          16M           0M           0M 
[2026-04-03T03:18:58.996+0600][58.549s][info][gc,reloc    ] GC(162) y: Forwarding Usage: 0M
[2026-04-03T03:18:58.996+0600][58.549s][info][gc,reloc    ] GC(162) y: Age Table:
[2026-04-03T03:18:58.996+0600][58.549s][info][gc,reloc    ] GC(162) y:                    Live             Garbage             Small              Medium             Large        
[2026-04-03T03:18:58.997+0600][58.549s][info][gc,reloc    ] GC(162) y: Eden               4M (0%)           25M (3%)          13 / 8              0 / 0              1 / 0        
[2026-04-03T03:18:58.997+0600][58.549s][info][gc,reloc    ] GC(162) y: Survivor 1        12M (1%)            5M (1%)           3 / 2              0 / 0              3 / 0        
[2026-04-03T03:18:58.997+0600][58.549s][info][gc,reloc    ] GC(162) y: Survivor 2         0M (0%)            3M (0%)           2 / 2              0 / 0              0 / 0        
[2026-04-03T03:18:58.997+0600][58.549s][info][gc,heap     ] GC(162) y: Min Capacity: 8M(1%)
[2026-04-03T03:18:58.997+0600][58.549s][info][gc,heap     ] GC(162) y: Max Capacity: 1000M(100%)
[2026-04-03T03:18:58.997+0600][58.549s][info][gc,heap     ] GC(162) y: Soft Max Capacity: 1000M(100%)
[2026-04-03T03:18:58.997+0600][58.549s][info][gc,heap     ] GC(162) y: Heap Statistics:
[2026-04-03T03:18:58.997+0600][58.549s][info][gc,heap     ] GC(162) y:                Mark Start          Mark End        Relocate Start      Relocate End           High               Low         
[2026-04-03T03:18:58.997+0600][58.549s][info][gc,heap     ] GC(162) y:  Capacity:     1000M (100%)       1000M (100%)       1000M (100%)       1000M (100%)       1000M (100%)       1000M (100%)   
[2026-04-03T03:18:58.997+0600][58.549s][info][gc,heap     ] GC(162) y:      Free:      494M (49%)         460M (46%)         470M (47%)         492M (49%)         494M (49%)         460M (46%)    
[2026-04-03T03:18:58.997+0600][58.549s][info][gc,heap     ] GC(162) y:      Used:      506M (51%)         540M (54%)         530M (53%)         508M (51%)         540M (54%)         506M (51%)    
[2026-04-03T03:18:58.997+0600][58.549s][info][gc,heap     ] GC(162) y: Young Generation Statistics:
[2026-04-03T03:18:58.997+0600][58.549s][info][gc,heap     ] GC(162) y:                Mark Start          Mark End        Relocate Start      Relocate End    
[2026-04-03T03:18:58.997+0600][58.549s][info][gc,heap     ] GC(162) y:      Used:       52M (5%)           86M (9%)           64M (6%)           40M (4%)     
[2026-04-03T03:18:58.997+0600][58.549s][info][gc,heap     ] GC(162) y:      Live:         -                16M (2%)            4M (0%)            4M (0%)     
[2026-04-03T03:18:58.997+0600][58.549s][info][gc,heap     ] GC(162) y:   Garbage:         -                35M (4%)           25M (3%)            0M (0%)     
[2026-04-03T03:18:58.997+0600][58.549s][info][gc,heap     ] GC(162) y: Allocated:         -                34M (3%)           34M (3%)           35M (4%)     
[2026-04-03T03:18:58.997+0600][58.549s][info][gc,heap     ] GC(162) y: Reclaimed:         -                  -                10M (1%)           35M (4%)     
[2026-04-03T03:18:58.997+0600][58.549s][info][gc,heap     ] GC(162) y:  Promoted:         -                  -                12M (1%)           12M (1%)     
[2026-04-03T03:18:58.997+0600][58.549s][info][gc,heap     ] GC(162) y: Compacted:         -                  -                  -                 0M (0%)     
[2026-04-03T03:18:58.997+0600][58.549s][info][gc,phases   ] GC(162) y: Young Generation 506M(51%)->508M(51%) 0.107s
[2026-04-03T03:18:58.997+0600][58.549s][info][gc          ] GC(162) Minor Collection (Allocation Rate) 506M(51%)->508M(51%) 0.107s
[2026-04-03T03:18:59.112+0600][58.664s][info][gc          ] GC(163) Minor Collection (Allocation Rate)
[2026-04-03T03:18:59.112+0600][58.664s][info][gc,task     ] GC(163) Using 1 Workers for Young Generation
[2026-04-03T03:18:59.112+0600][58.664s][info][gc,phases   ] GC(163) y: Young Generation
[2026-04-03T03:18:59.112+0600][58.664s][info][gc,phases   ] GC(163) y: Pause Mark Start 0.038ms
[2026-04-03T03:18:59.158+0600][58.710s][info][gc,phases   ] GC(163) y: Concurrent Mark 45.483ms
[2026-04-03T03:18:59.158+0600][58.710s][info][gc,phases   ] GC(163) y: Pause Mark End 0.026ms
[2026-04-03T03:18:59.158+0600][58.711s][info][gc,phases   ] GC(163) y: Concurrent Mark Free 0.001ms
[2026-04-03T03:18:59.158+0600][58.711s][info][gc,phases   ] GC(163) y: Concurrent Reset Relocation Set 0.011ms
[2026-04-03T03:18:59.163+0600][58.715s][info][gc,reloc    ] GC(163) y: Using tenuring threshold: 1 (Computed)
[2026-04-03T03:18:59.166+0600][58.718s][info][gc,phases   ] GC(163) y: Concurrent Select Relocation Set 7.157ms
[2026-04-03T03:18:59.166+0600][58.718s][info][gc,phases   ] GC(163) y: Pause Relocate Start 0.050ms
[2026-04-03T03:18:59.177+0600][58.729s][info][gc,phases   ] GC(163) y: Concurrent Relocate 10.971ms
[2026-04-03T03:18:59.177+0600][58.729s][info][gc,alloc    ] GC(163) y:                         Mark Start        Mark End      Relocate Start    Relocate End   
[2026-04-03T03:18:59.177+0600][58.729s][info][gc,alloc    ] GC(163) y: Allocation Stalls:          0                0                0                0         
[2026-04-03T03:18:59.177+0600][58.729s][info][gc,load     ] GC(163) y: Load: 4.85 (40%) / 5.03 (42%) / 5.50 (46%)
[2026-04-03T03:18:59.177+0600][58.729s][info][gc,mmu      ] GC(163) y: MMU: 2ms/90.1%, 5ms/96.1%, 10ms/98.0%, 20ms/98.5%, 50ms/99.4%, 100ms/99.6%
[2026-04-03T03:18:59.177+0600][58.729s][info][gc,marking  ] GC(163) y: Mark: 1 stripe(s), 2 proactive flush(es), 1 terminate flush(es), 0 completion(s), 0 continuation(s) 
[2026-04-03T03:18:59.177+0600][58.729s][info][gc,marking  ] GC(163) y: Mark Stack Usage: 32M
[2026-04-03T03:18:59.177+0600][58.729s][info][gc,nmethod  ] GC(163) y: NMethods: 6755 registered, 770 unregistered
[2026-04-03T03:18:59.177+0600][58.729s][info][gc,metaspace] GC(163) y: Metaspace: 71M used, 72M committed, 1088M reserved
[2026-04-03T03:18:59.177+0600][58.729s][info][gc,reloc    ] GC(163) y:                        Candidates     Selected     In-Place         Size        Empty    Relocated 
[2026-04-03T03:18:59.177+0600][58.729s][info][gc,reloc    ] GC(163) y: Small Pages:                   16           12            0          32M           6M           0M 
[2026-04-03T03:18:59.177+0600][58.729s][info][gc,reloc    ] GC(163) y: Medium Pages:                   1            0            0          16M          16M           0M 
[2026-04-03T03:18:59.177+0600][58.729s][info][gc,reloc    ] GC(163) y: Large Pages:                    1            0            0           4M           0M           0M 
[2026-04-03T03:18:59.177+0600][58.729s][info][gc,reloc    ] GC(163) y: Forwarding Usage: 0M
[2026-04-03T03:18:59.177+0600][58.729s][info][gc,reloc    ] GC(163) y: Age Table:
[2026-04-03T03:18:59.177+0600][58.729s][info][gc,reloc    ] GC(163) y:                    Live             Garbage             Small              Medium             Large        
[2026-04-03T03:18:59.177+0600][58.729s][info][gc,reloc    ] GC(163) y: Eden               0M (0%)           45M (5%)          15 / 12             1 / 0              0 / 0        
[2026-04-03T03:18:59.177+0600][58.729s][info][gc,reloc    ] GC(163) y: Survivor 1         4M (0%)            1M (0%)           1 / 0              0 / 0              1 / 0        
[2026-04-03T03:18:59.177+0600][58.730s][info][gc,heap     ] GC(163) y: Min Capacity: 8M(1%)
[2026-04-03T03:18:59.177+0600][58.730s][info][gc,heap     ] GC(163) y: Max Capacity: 1000M(100%)
[2026-04-03T03:18:59.177+0600][58.730s][info][gc,heap     ] GC(163) y: Soft Max Capacity: 1000M(100%)
[2026-04-03T03:18:59.177+0600][58.730s][info][gc,heap     ] GC(163) y: Heap Statistics:
[2026-04-03T03:18:59.177+0600][58.730s][info][gc,heap     ] GC(163) y:                Mark Start          Mark End        Relocate Start      Relocate End           High               Low         
[2026-04-03T03:18:59.177+0600][58.730s][info][gc,heap     ] GC(163) y:  Capacity:     1000M (100%)       1000M (100%)       1000M (100%)       1000M (100%)       1000M (100%)       1000M (100%)   
[2026-04-03T03:18:59.177+0600][58.730s][info][gc,heap     ] GC(163) y:      Free:      480M (48%)         474M (47%)         494M (49%)         496M (50%)         514M (51%)         472M (47%)    
[2026-04-03T03:18:59.177+0600][58.730s][info][gc,heap     ] GC(163) y:      Used:      520M (52%)         526M (53%)         506M (51%)         504M (50%)         528M (53%)         486M (49%)    
[2026-04-03T03:18:59.177+0600][58.730s][info][gc,heap     ] GC(163) y: Young Generation Statistics:
[2026-04-03T03:18:59.177+0600][58.730s][info][gc,heap     ] GC(163) y:                Mark Start          Mark End        Relocate Start      Relocate End    
[2026-04-03T03:18:59.177+0600][58.730s][info][gc,heap     ] GC(163) y:      Used:       52M (5%)           58M (6%)           34M (3%)           30M (3%)     
[2026-04-03T03:18:59.177+0600][58.730s][info][gc,heap     ] GC(163) y:      Live:         -                 4M (0%)            0M (0%)            0M (0%)     
[2026-04-03T03:18:59.177+0600][58.730s][info][gc,heap     ] GC(163) y:   Garbage:         -                47M (5%)           25M (3%)            0M (0%)     
[2026-04-03T03:18:59.177+0600][58.730s][info][gc,heap     ] GC(163) y: Allocated:         -                 6M (1%)            8M (1%)           29M (3%)     
[2026-04-03T03:18:59.177+0600][58.730s][info][gc,heap     ] GC(163) y: Reclaimed:         -                  -                22M (2%)           47M (5%)     
[2026-04-03T03:18:59.177+0600][58.730s][info][gc,heap     ] GC(163) y:  Promoted:         -                  -                 4M (0%)            4M (0%)     
[2026-04-03T03:18:59.177+0600][58.730s][info][gc,heap     ] GC(163) y: Compacted:         -                  -                  -                 0M (0%)     
[2026-04-03T03:18:59.177+0600][58.730s][info][gc,phases   ] GC(163) y: Young Generation 520M(52%)->504M(50%) 0.065s
[2026-04-03T03:18:59.177+0600][58.730s][info][gc          ] GC(163) Minor Collection (Allocation Rate) 520M(52%)->504M(50%) 0.066s
[2026-04-03T03:18:59.226+0600][58.778s][info][gc          ] GC(164) Minor Collection (Allocation Rate)
[2026-04-03T03:18:59.226+0600][58.778s][info][gc,task     ] GC(164) Using 1 Workers for Young Generation
[2026-04-03T03:18:59.226+0600][58.778s][info][gc,phases   ] GC(164) y: Young Generation
[2026-04-03T03:18:59.227+0600][58.779s][info][gc,phases   ] GC(164) y: Pause Mark Start 0.046ms
[2026-04-03T03:18:59.257+0600][58.809s][info][gc,phases   ] GC(164) y: Concurrent Mark 30.260ms
[2026-04-03T03:18:59.257+0600][58.810s][info][gc,phases   ] GC(164) y: Pause Mark End 0.048ms
[2026-04-03T03:18:59.258+0600][58.810s][info][gc,phases   ] GC(164) y: Concurrent Mark Free 0.003ms
[2026-04-03T03:18:59.258+0600][58.810s][info][gc,phases   ] GC(164) y: Concurrent Reset Relocation Set 0.007ms
[2026-04-03T03:18:59.262+0600][58.814s][info][gc,reloc    ] GC(164) y: Using tenuring threshold: 2 (Computed)
[2026-04-03T03:18:59.263+0600][58.816s][info][gc,phases   ] GC(164) y: Concurrent Select Relocation Set 5.607ms
[2026-04-03T03:18:59.264+0600][58.816s][info][gc,phases   ] GC(164) y: Pause Relocate Start 0.084ms
[2026-04-03T03:18:59.269+0600][58.822s][info][gc,phases   ] GC(164) y: Concurrent Relocate 5.491ms
[2026-04-03T03:18:59.269+0600][58.822s][info][gc,alloc    ] GC(164) y:                         Mark Start        Mark End      Relocate Start    Relocate End   
[2026-04-03T03:18:59.269+0600][58.822s][info][gc,alloc    ] GC(164) y: Allocation Stalls:          0                0                0                0         
[2026-04-03T03:18:59.269+0600][58.822s][info][gc,load     ] GC(164) y: Load: 4.85 (40%) / 5.03 (42%) / 5.50 (46%)
[2026-04-03T03:18:59.269+0600][58.822s][info][gc,mmu      ] GC(164) y: MMU: 2ms/90.1%, 5ms/96.1%, 10ms/98.0%, 20ms/98.5%, 50ms/99.4%, 100ms/99.6%
[2026-04-03T03:18:59.269+0600][58.822s][info][gc,marking  ] GC(164) y: Mark: 1 stripe(s), 2 proactive flush(es), 1 terminate flush(es), 0 completion(s), 0 continuation(s) 
[2026-04-03T03:18:59.269+0600][58.822s][info][gc,marking  ] GC(164) y: Mark Stack Usage: 32M
[2026-04-03T03:18:59.269+0600][58.822s][info][gc,nmethod  ] GC(164) y: NMethods: 6809 registered, 770 unregistered
[2026-04-03T03:18:59.270+0600][58.822s][info][gc,metaspace] GC(164) y: Metaspace: 71M used, 72M committed, 1088M reserved
[2026-04-03T03:18:59.270+0600][58.822s][info][gc,reloc    ] GC(164) y:                        Candidates     Selected     In-Place         Size        Empty    Relocated 
[2026-04-03T03:18:59.270+0600][58.822s][info][gc,reloc    ] GC(164) y: Small Pages:                   27           24            0          54M           4M           1M 
[2026-04-03T03:18:59.270+0600][58.822s][info][gc,reloc    ] GC(164) y: Medium Pages:                   1            0            0          16M          16M           0M 
[2026-04-03T03:18:59.270+0600][58.822s][info][gc,reloc    ] GC(164) y: Large Pages:                    1            0            0           6M           6M           0M 
[2026-04-03T03:18:59.270+0600][58.822s][info][gc,reloc    ] GC(164) y: Forwarding Usage: 0M
[2026-04-03T03:18:59.270+0600][58.822s][info][gc,reloc    ] GC(164) y: Age Table:
[2026-04-03T03:18:59.270+0600][58.822s][info][gc,reloc    ] GC(164) y:                    Live             Garbage             Small              Medium             Large        
[2026-04-03T03:18:59.270+0600][58.822s][info][gc,reloc    ] GC(164) y: Eden               1M (0%)           70M (7%)          25 / 22             1 / 0              1 / 0        
[2026-04-03T03:18:59.270+0600][58.822s][info][gc,reloc    ] GC(164) y: Survivor 1         0M (0%)            3M (0%)           2 / 2              0 / 0              0 / 0        
[2026-04-03T03:18:59.270+0600][58.822s][info][gc,heap     ] GC(164) y: Min Capacity: 8M(1%)
[2026-04-03T03:18:59.270+0600][58.822s][info][gc,heap     ] GC(164) y: Max Capacity: 1000M(100%)
[2026-04-03T03:18:59.270+0600][58.822s][info][gc,heap     ] GC(164) y: Soft Max Capacity: 1000M(100%)
[2026-04-03T03:18:59.270+0600][58.822s][info][gc,heap     ] GC(164) y: Heap Statistics:
[2026-04-03T03:18:59.270+0600][58.822s][info][gc,heap     ] GC(164) y:                Mark Start          Mark End        Relocate Start      Relocate End           High               Low         
[2026-04-03T03:18:59.270+0600][58.822s][info][gc,heap     ] GC(164) y:  Capacity:     1000M (100%)       1000M (100%)       1000M (100%)       1000M (100%)       1000M (100%)       1000M (100%)   
[2026-04-03T03:18:59.270+0600][58.822s][info][gc,heap     ] GC(164) y:      Free:      450M (45%)         408M (41%)         428M (43%)         466M (47%)         466M (47%)         404M (40%)    
[2026-04-03T03:18:59.270+0600][58.822s][info][gc,heap     ] GC(164) y:      Used:      550M (55%)         592M (59%)         572M (57%)         534M (53%)         596M (60%)         534M (53%)    
[2026-04-03T03:18:59.270+0600][58.822s][info][gc,heap     ] GC(164) y: Young Generation Statistics:
[2026-04-03T03:18:59.270+0600][58.822s][info][gc,heap     ] GC(164) y:                Mark Start          Mark End        Relocate Start      Relocate End    
[2026-04-03T03:18:59.270+0600][58.822s][info][gc,heap     ] GC(164) y:      Used:       76M (8%)          118M (12%)          98M (10%)          60M (6%)     
[2026-04-03T03:18:59.270+0600][58.822s][info][gc,heap     ] GC(164) y:      Live:         -                 1M (0%)            1M (0%)            1M (0%)     
[2026-04-03T03:18:59.270+0600][58.822s][info][gc,heap     ] GC(164) y:   Garbage:         -                74M (7%)           48M (5%)            0M (0%)     
[2026-04-03T03:18:59.270+0600][58.822s][info][gc,heap     ] GC(164) y: Allocated:         -                42M (4%)           48M (5%)           58M (6%)     
[2026-04-03T03:18:59.270+0600][58.822s][info][gc,heap     ] GC(164) y: Reclaimed:         -                  -                26M (3%)           74M (7%)     
[2026-04-03T03:18:59.270+0600][58.822s][info][gc,heap     ] GC(164) y:  Promoted:         -                  -                 0M (0%)            0M (0%)     
[2026-04-03T03:18:59.270+0600][58.822s][info][gc,heap     ] GC(164) y: Compacted:         -                  -                  -                 1M (0%)     
[2026-04-03T03:18:59.270+0600][58.822s][info][gc,phases   ] GC(164) y: Young Generation 550M(55%)->534M(53%) 0.043s
[2026-04-03T03:18:59.270+0600][58.822s][info][gc          ] GC(164) Minor Collection (Allocation Rate) 550M(55%)->534M(53%) 0.044s
[2026-04-03T03:18:59.399+0600][58.951s][info][gc,task     ] Adjusting Workers for Old Generation: 2 -> 1
[2026-04-03T03:18:59.399+0600][58.951s][info][gc          ] GC(165) Minor Collection (Allocation Rate)
[2026-04-03T03:18:59.399+0600][58.951s][info][gc,task     ] GC(165) Using 2 Workers for Young Generation
[2026-04-03T03:18:59.399+0600][58.951s][info][gc,phases   ] GC(165) y: Young Generation
[2026-04-03T03:18:59.399+0600][58.951s][info][gc,phases   ] GC(165) y: Pause Mark Start 0.024ms
[2026-04-03T03:18:59.552+0600][59.104s][info][gc,phases   ] GC(165) y: Concurrent Mark 152.901ms
[2026-04-03T03:18:59.553+0600][59.106s][info][gc,phases   ] GC(165) y: Pause Mark End 0.037ms
[2026-04-03T03:18:59.553+0600][59.106s][info][gc,phases   ] GC(165) y: Concurrent Mark Free 0.002ms
[2026-04-03T03:18:59.554+0600][59.106s][info][gc,phases   ] GC(165) y: Concurrent Reset Relocation Set 0.007ms
[2026-04-03T03:18:59.560+0600][59.112s][info][gc,reloc    ] GC(165) y: Using tenuring threshold: 3 (Computed)
[2026-04-03T03:18:59.577+0600][59.129s][info][gc,phases   ] GC(165) y: Concurrent Select Relocation Set 23.026ms
[2026-04-03T03:18:59.577+0600][59.129s][info][gc,phases   ] GC(165) y: Pause Relocate Start 0.061ms
[2026-04-03T03:18:59.645+0600][59.198s][info][gc,phases   ] GC(165) y: Concurrent Relocate 68.122ms
[2026-04-03T03:18:59.646+0600][59.198s][info][gc,alloc    ] GC(165) y:                         Mark Start        Mark End      Relocate Start    Relocate End   
[2026-04-03T03:18:59.646+0600][59.198s][info][gc,alloc    ] GC(165) y: Allocation Stalls:          0                0                0                0         
[2026-04-03T03:18:59.646+0600][59.198s][info][gc,load     ] GC(165) y: Load: 4.85 (40%) / 5.03 (42%) / 5.50 (46%)
[2026-04-03T03:18:59.646+0600][59.198s][info][gc,mmu      ] GC(165) y: MMU: 2ms/90.1%, 5ms/96.1%, 10ms/98.0%, 20ms/98.5%, 50ms/99.4%, 100ms/99.6%
[2026-04-03T03:18:59.646+0600][59.198s][info][gc,marking  ] GC(165) y: Mark: 2 stripe(s), 2 proactive flush(es), 1 terminate flush(es), 0 completion(s), 0 continuation(s) 
[2026-04-03T03:18:59.646+0600][59.198s][info][gc,marking  ] GC(165) y: Mark Stack Usage: 32M
[2026-04-03T03:18:59.646+0600][59.198s][info][gc,nmethod  ] GC(165) y: NMethods: 6811 registered, 770 unregistered
[2026-04-03T03:18:59.646+0600][59.198s][info][gc,metaspace] GC(165) y: Metaspace: 71M used, 72M committed, 1088M reserved
[2026-04-03T03:18:59.646+0600][59.198s][info][gc,reloc    ] GC(165) y:                        Candidates     Selected     In-Place         Size        Empty    Relocated 
[2026-04-03T03:18:59.646+0600][59.198s][info][gc,reloc    ] GC(165) y: Small Pages:                   45           35            0          90M           0M          11M 
[2026-04-03T03:18:59.646+0600][59.198s][info][gc,reloc    ] GC(165) y: Medium Pages:                   1            0            0          16M          16M           0M 
[2026-04-03T03:18:59.646+0600][59.198s][info][gc,reloc    ] GC(165) y: Large Pages:                    6            0            0          30M          12M           0M 
[2026-04-03T03:18:59.646+0600][59.198s][info][gc,reloc    ] GC(165) y: Forwarding Usage: 19M
[2026-04-03T03:18:59.646+0600][59.198s][info][gc,reloc    ] GC(165) y: Age Table:
[2026-04-03T03:18:59.646+0600][59.198s][info][gc,reloc    ] GC(165) y:                    Live             Garbage             Small              Medium             Large        
[2026-04-03T03:18:59.646+0600][59.198s][info][gc,reloc    ] GC(165) y: Eden              34M (3%)           89M (9%)          39 / 30             1 / 0              6 / 0        
[2026-04-03T03:18:59.646+0600][59.198s][info][gc,reloc    ] GC(165) y: Survivor 1         1M (0%)            6M (1%)           4 / 4              0 / 0              0 / 0        
[2026-04-03T03:18:59.646+0600][59.198s][info][gc,reloc    ] GC(165) y: Survivor 2         0M (0%)            3M (0%)           2 / 1              0 / 0              0 / 0        
[2026-04-03T03:18:59.646+0600][59.198s][info][gc,heap     ] GC(165) y: Min Capacity: 8M(1%)
[2026-04-03T03:18:59.646+0600][59.198s][info][gc,heap     ] GC(165) y: Max Capacity: 1000M(100%)
[2026-04-03T03:18:59.646+0600][59.198s][info][gc,heap     ] GC(165) y: Soft Max Capacity: 1000M(100%)
[2026-04-03T03:18:59.646+0600][59.198s][info][gc,heap     ] GC(165) y: Heap Statistics:
[2026-04-03T03:18:59.646+0600][59.198s][info][gc,heap     ] GC(165) y:                Mark Start          Mark End        Relocate Start      Relocate End           High               Low         
[2026-04-03T03:18:59.646+0600][59.198s][info][gc,heap     ] GC(165) y:  Capacity:     1000M (100%)       1000M (100%)       1000M (100%)       1000M (100%)       1000M (100%)       1000M (100%)   
[2026-04-03T03:18:59.646+0600][59.198s][info][gc,heap     ] GC(165) y:      Free:      390M (39%)         326M (33%)         344M (34%)         382M (38%)         390M (39%)         316M (32%)    
[2026-04-03T03:18:59.646+0600][59.198s][info][gc,heap     ] GC(165) y:      Used:      610M (61%)         674M (67%)         656M (66%)         618M (62%)         684M (68%)         610M (61%)    
[2026-04-03T03:18:59.646+0600][59.198s][info][gc,heap     ] GC(165) y: Young Generation Statistics:
[2026-04-03T03:18:59.646+0600][59.198s][info][gc,heap     ] GC(165) y:                Mark Start          Mark End        Relocate Start      Relocate End    
[2026-04-03T03:18:59.646+0600][59.198s][info][gc,heap     ] GC(165) y:      Used:      136M (14%)         200M (20%)         182M (18%)         144M (14%)    
[2026-04-03T03:18:59.646+0600][59.198s][info][gc,heap     ] GC(165) y:      Live:         -                35M (4%)           35M (4%)           35M (4%)     
[2026-04-03T03:18:59.646+0600][59.198s][info][gc,heap     ] GC(165) y:   Garbage:         -               100M (10%)          72M (7%)            0M (0%)     
[2026-04-03T03:18:59.646+0600][59.198s][info][gc,heap     ] GC(165) y: Allocated:         -                64M (6%)           74M (7%)          108M (11%)    
[2026-04-03T03:18:59.646+0600][59.198s][info][gc,heap     ] GC(165) y: Reclaimed:         -                  -                28M (3%)          100M (10%)    
[2026-04-03T03:18:59.646+0600][59.198s][info][gc,heap     ] GC(165) y:  Promoted:         -                  -                 0M (0%)            0M (0%)     
[2026-04-03T03:18:59.646+0600][59.198s][info][gc,heap     ] GC(165) y: Compacted:         -                  -                  -                17M (2%)     
[2026-04-03T03:18:59.646+0600][59.198s][info][gc,phases   ] GC(165) y: Young Generation 610M(61%)->618M(62%) 0.247s
[2026-04-03T03:18:59.646+0600][59.198s][info][gc          ] GC(165) Minor Collection (Allocation Rate) 610M(61%)->618M(62%) 0.247s
[2026-04-03T03:18:59.646+0600][59.198s][info][gc,task     ] Adjusting Workers for Old Generation: 1 -> 2
[2026-04-03T03:18:59.646+0600][59.199s][info][gc          ] GC(166) Minor Collection (Allocation Rate)
[2026-04-03T03:18:59.646+0600][59.199s][info][gc,task     ] GC(166) Using 1 Workers for Young Generation
[2026-04-03T03:18:59.646+0600][59.199s][info][gc,phases   ] GC(166) y: Young Generation
[2026-04-03T03:18:59.647+0600][59.199s][info][gc,phases   ] GC(166) y: Pause Mark Start 0.037ms
[2026-04-03T03:18:59.760+0600][59.312s][info][gc,phases   ] GC(159) O: Concurrent Mark 1477.154ms
[2026-04-03T03:18:59.760+0600][59.312s][info][gc,phases   ] GC(159) O: Pause Mark End 0.043ms
[2026-04-03T03:18:59.760+0600][59.312s][info][gc,phases   ] GC(159) O: Concurrent Mark Free 0.001ms
[2026-04-03T03:18:59.776+0600][59.329s][info][gc,phases   ] GC(159) O: Concurrent Process Non-Strong 16.233ms
[2026-04-03T03:18:59.777+0600][59.329s][info][gc,phases   ] GC(159) O: Concurrent Reset Relocation Set 0.018ms
[2026-04-03T03:18:59.793+0600][59.345s][info][gc,phases   ] GC(159) O: Concurrent Select Relocation Set 16.543ms
[2026-04-03T03:18:59.940+0600][59.493s][info][gc,phases   ] GC(166) y: Concurrent Mark 293.577ms
[2026-04-03T03:18:59.941+0600][59.493s][info][gc,phases   ] GC(166) y: Pause Mark End 0.065ms
[2026-04-03T03:18:59.941+0600][59.493s][info][gc,phases   ] GC(166) y: Concurrent Mark Free 0.001ms
[2026-04-03T03:18:59.941+0600][59.493s][info][gc,phases   ] GC(166) y: Concurrent Reset Relocation Set 0.013ms
[2026-04-03T03:18:59.946+0600][59.498s][info][gc,reloc    ] GC(166) y: Using tenuring threshold: 4 (Computed)
[2026-04-03T03:18:59.958+0600][59.510s][info][gc,phases   ] GC(166) y: Concurrent Select Relocation Set 16.816ms
[2026-04-03T03:18:59.958+0600][59.511s][info][gc,phases   ] GC(166) y: Pause Relocate Start 0.057ms
[2026-04-03T03:19:00.077+0600][59.629s][info][gc,phases   ] GC(166) y: Concurrent Relocate 118.581ms
[2026-04-03T03:19:00.077+0600][59.629s][info][gc,alloc    ] GC(166) y:                         Mark Start        Mark End      Relocate Start    Relocate End   
[2026-04-03T03:19:00.077+0600][59.629s][info][gc,alloc    ] GC(166) y: Allocation Stalls:          0                0                0                0         
[2026-04-03T03:19:00.077+0600][59.630s][info][gc,load     ] GC(166) y: Load: 4.85 (40%) / 5.03 (42%) / 5.50 (46%)
[2026-04-03T03:19:00.077+0600][59.630s][info][gc,mmu      ] GC(166) y: MMU: 2ms/90.1%, 5ms/96.1%, 10ms/98.0%, 20ms/98.5%, 50ms/99.4%, 100ms/99.6%
[2026-04-03T03:19:00.077+0600][59.630s][info][gc,marking  ] GC(166) y: Mark: 1 stripe(s), 2 proactive flush(es), 1 terminate flush(es), 0 completion(s), 0 continuation(s) 
[2026-04-03T03:19:00.077+0600][59.630s][info][gc,marking  ] GC(166) y: Mark Stack Usage: 32M
[2026-04-03T03:19:00.077+0600][59.630s][info][gc,nmethod  ] GC(166) y: NMethods: 6907 registered, 770 unregistered
[2026-04-03T03:19:00.077+0600][59.630s][info][gc,metaspace] GC(166) y: Metaspace: 71M used, 72M committed, 1088M reserved
[2026-04-03T03:19:00.077+0600][59.630s][info][gc,reloc    ] GC(166) y:                        Candidates     Selected     In-Place         Size        Empty    Relocated 
[2026-04-03T03:19:00.077+0600][59.630s][info][gc,reloc    ] GC(166) y: Small Pages:                   48           35            0          96M           0M          14M 
[2026-04-03T03:19:00.077+0600][59.630s][info][gc,reloc    ] GC(166) y: Medium Pages:                   0            0            0           0M           0M           0M 
[2026-04-03T03:19:00.077+0600][59.630s][info][gc,reloc    ] GC(166) y: Large Pages:                    6            0            0          48M          18M           0M 
[2026-04-03T03:19:00.077+0600][59.630s][info][gc,reloc    ] GC(166) y: Forwarding Usage: 25M
[2026-04-03T03:19:00.077+0600][59.630s][info][gc,reloc    ] GC(166) y: Age Table:
[2026-04-03T03:19:00.077+0600][59.630s][info][gc,reloc    ] GC(166) y:                    Live             Garbage             Small              Medium             Large        
[2026-04-03T03:19:00.077+0600][59.630s][info][gc,reloc    ] GC(166) y: Eden              42M (4%)           47M (5%)          30 / 23             0 / 0              3 / 0        
[2026-04-03T03:19:00.077+0600][59.630s][info][gc,reloc    ] GC(166) y: Survivor 1         9M (1%)           30M (3%)          11 / 6              0 / 0              3 / 0        
[2026-04-03T03:19:00.077+0600][59.630s][info][gc,reloc    ] GC(166) y: Survivor 2         0M (0%)           11M (1%)           6 / 5              0 / 0              0 / 0        
[2026-04-03T03:19:00.077+0600][59.630s][info][gc,reloc    ] GC(166) y: Survivor 3         0M (0%)            1M (0%)           1 / 1              0 / 0              0 / 0        
[2026-04-03T03:19:00.077+0600][59.630s][info][gc,heap     ] GC(166) y: Min Capacity: 8M(1%)
[2026-04-03T03:19:00.078+0600][59.630s][info][gc,heap     ] GC(166) y: Max Capacity: 1000M(100%)
[2026-04-03T03:19:00.078+0600][59.630s][info][gc,heap     ] GC(166) y: Soft Max Capacity: 1000M(100%)
[2026-04-03T03:19:00.078+0600][59.630s][info][gc,heap     ] GC(166) y: Heap Statistics:
[2026-04-03T03:19:00.078+0600][59.630s][info][gc,heap     ] GC(166) y:                Mark Start          Mark End        Relocate Start      Relocate End           High               Low         
[2026-04-03T03:19:00.078+0600][59.630s][info][gc,heap     ] GC(166) y:  Capacity:     1000M (100%)       1000M (100%)       1000M (100%)       1000M (100%)       1000M (100%)       1000M (100%)   
[2026-04-03T03:19:00.078+0600][59.630s][info][gc,heap     ] GC(166) y:      Free:      382M (38%)         206M (21%)         202M (20%)         228M (23%)         382M (38%)         200M (20%)    
[2026-04-03T03:19:00.078+0600][59.630s][info][gc,heap     ] GC(166) y:      Used:      618M (62%)         794M (79%)         798M (80%)         772M (77%)         800M (80%)         618M (62%)    
[2026-04-03T03:19:00.078+0600][59.630s][info][gc,heap     ] GC(166) y: Young Generation Statistics:
[2026-04-03T03:19:00.078+0600][59.630s][info][gc,heap     ] GC(166) y:                Mark Start          Mark End        Relocate Start      Relocate End    
[2026-04-03T03:19:00.078+0600][59.630s][info][gc,heap     ] GC(166) y:      Used:      144M (14%)         356M (36%)         360M (36%)         334M (33%)    
[2026-04-03T03:19:00.078+0600][59.630s][info][gc,heap     ] GC(166) y:      Live:         -                52M (5%)           52M (5%)           52M (5%)     
[2026-04-03T03:19:00.078+0600][59.630s][info][gc,heap     ] GC(166) y:   Garbage:         -                91M (9%)           73M (7%)            0M (0%)     
[2026-04-03T03:19:00.078+0600][59.630s][info][gc,heap     ] GC(166) y: Allocated:         -               212M (21%)         234M (23%)         281M (28%)    
[2026-04-03T03:19:00.078+0600][59.630s][info][gc,heap     ] GC(166) y: Reclaimed:         -                  -                18M (2%)           91M (9%)     
[2026-04-03T03:19:00.078+0600][59.630s][info][gc,heap     ] GC(166) y:  Promoted:         -                  -                 0M (0%)            0M (0%)     
[2026-04-03T03:19:00.078+0600][59.630s][info][gc,heap     ] GC(166) y: Compacted:         -                  -                  -                22M (2%)     
[2026-04-03T03:19:00.078+0600][59.630s][info][gc,phases   ] GC(166) y: Young Generation 618M(62%)->772M(77%) 0.431s
[2026-04-03T03:19:00.078+0600][59.630s][info][gc          ] GC(166) Minor Collection (Allocation Rate) 618M(62%)->772M(77%) 0.431s
[2026-04-03T03:19:00.078+0600][59.630s][info][gc,task     ] Adjusting Workers for Old Generation: 2 -> 1
[2026-04-03T03:19:00.078+0600][59.630s][info][gc,task     ] GC(159) O: Using 3 Workers for Old Generation
[2026-04-03T03:19:00.105+0600][59.657s][info][gc,task     ] GC(159) O: Using 2 Workers for Old Generation
[2026-04-03T03:19:00.105+0600][59.657s][info][gc,phases   ] GC(159) O: Concurrent Remap Roots 27.319ms
[2026-04-03T03:19:00.105+0600][59.658s][info][gc,phases   ] GC(159) O: Pause Relocate Start 0.036ms
[2026-04-03T03:19:00.106+0600][59.658s][info][gc          ] GC(167) Minor Collection (Allocation Rate)
[2026-04-03T03:19:00.106+0600][59.658s][info][gc,task     ] GC(167) Using 2 Workers for Young Generation
[2026-04-03T03:19:00.106+0600][59.658s][info][gc,phases   ] GC(167) y: Young Generation
[2026-04-03T03:19:00.106+0600][59.658s][info][gc,phases   ] GC(167) y: Pause Mark Start 0.079ms
[2026-04-03T03:19:00.265+0600][59.817s][info][gc,phases   ] GC(167) y: Concurrent Mark 158.409ms
[2026-04-03T03:19:00.269+0600][59.821s][info][gc,phases   ] GC(167) y: Pause Mark End 0.043ms
[2026-04-03T03:19:00.269+0600][59.821s][info][gc,phases   ] GC(167) y: Concurrent Mark Free 0.002ms
[2026-04-03T03:19:00.269+0600][59.821s][info][gc,phases   ] GC(167) y: Concurrent Reset Relocation Set 0.019ms
[2026-04-03T03:19:00.276+0600][59.828s][info][gc,reloc    ] GC(167) y: Using tenuring threshold: 1 (Computed)
[2026-04-03T03:19:00.280+0600][59.832s][info][gc,phases   ] GC(167) y: Concurrent Select Relocation Set 11.096ms
[2026-04-03T03:19:00.282+0600][59.834s][info][gc,phases   ] GC(167) y: Pause Relocate Start 0.027ms
[2026-04-03T03:19:00.340+0600][59.892s][info][gc,phases   ] GC(167) y: Concurrent Relocate 58.264ms
[2026-04-03T03:19:00.340+0600][59.892s][info][gc,alloc    ] GC(167) y:                         Mark Start        Mark End      Relocate Start    Relocate End   
[2026-04-03T03:19:00.340+0600][59.893s][info][gc,alloc    ] GC(167) y: Allocation Stalls:          0                0                0                0         
[2026-04-03T03:19:00.340+0600][59.893s][info][gc,load     ] GC(167) y: Load: 4.85 (40%) / 5.03 (42%) / 5.50 (46%)
[2026-04-03T03:19:00.340+0600][59.893s][info][gc,mmu      ] GC(167) y: MMU: 2ms/90.1%, 5ms/96.1%, 10ms/98.0%, 20ms/98.5%, 50ms/99.4%, 100ms/99.6%
[2026-04-03T03:19:00.340+0600][59.893s][info][gc,marking  ] GC(167) y: Mark: 2 stripe(s), 2 proactive flush(es), 1 terminate flush(es), 0 completion(s), 0 continuation(s) 
[2026-04-03T03:19:00.340+0600][59.893s][info][gc,marking  ] GC(167) y: Mark Stack Usage: 32M
[2026-04-03T03:19:00.340+0600][59.893s][info][gc,nmethod  ] GC(167) y: NMethods: 6908 registered, 770 unregistered
[2026-04-03T03:19:00.340+0600][59.893s][info][gc,metaspace] GC(167) y: Metaspace: 71M used, 72M committed, 1088M reserved
[2026-04-03T03:19:00.340+0600][59.893s][info][gc,reloc    ] GC(167) y:                        Candidates     Selected     In-Place         Size        Empty    Relocated 
[2026-04-03T03:19:00.340+0600][59.893s][info][gc,reloc    ] GC(167) y: Small Pages:                  130           65            0         260M         104M          14M 
[2026-04-03T03:19:00.340+0600][59.893s][info][gc,reloc    ] GC(167) y: Medium Pages:                   1            0            0          16M          16M           0M 
[2026-04-03T03:19:00.340+0600][59.893s][info][gc,reloc    ] GC(167) y: Large Pages:                   10            0            0          66M          48M           0M 
[2026-04-03T03:19:00.340+0600][59.893s][info][gc,reloc    ] GC(167) y: Forwarding Usage: 21M
[2026-04-03T03:19:00.340+0600][59.893s][info][gc,reloc    ] GC(167) y: Age Table:
[2026-04-03T03:19:00.340+0600][59.893s][info][gc,reloc    ] GC(167) y:                    Live             Garbage             Small              Medium             Large        
[2026-04-03T03:19:00.341+0600][59.893s][info][gc,reloc    ] GC(167) y: Eden              38M (4%)          245M (25%)        116 / 63             1 / 0              7 / 0        
[2026-04-03T03:19:00.341+0600][59.893s][info][gc,reloc    ] GC(167) y: Survivor 1          -                44M (4%)           7 / 0              0 / 0              3 / 0        
[2026-04-03T03:19:00.341+0600][59.893s][info][gc,reloc    ] GC(167) y: Survivor 2          -                10M (1%)           5 / 0              0 / 0              0 / 0        
[2026-04-03T03:19:00.341+0600][59.893s][info][gc,reloc    ] GC(167) y: Survivor 3         0M (0%)            1M (0%)           1 / 1              0 / 0              0 / 0        
[2026-04-03T03:19:00.341+0600][59.893s][info][gc,reloc    ] GC(167) y: Survivor 4         0M (0%)            1M (0%)           1 / 1              0 / 0              0 / 0        
[2026-04-03T03:19:00.341+0600][59.893s][info][gc,heap     ] GC(167) y: Min Capacity: 8M(1%)
[2026-04-03T03:19:00.341+0600][59.893s][info][gc,heap     ] GC(167) y: Max Capacity: 1000M(100%)
[2026-04-03T03:19:00.341+0600][59.893s][info][gc,heap     ] GC(167) y: Soft Max Capacity: 1000M(100%)
[2026-04-03T03:19:00.341+0600][59.893s][info][gc,heap     ] GC(167) y: Heap Statistics:
[2026-04-03T03:19:00.341+0600][59.893s][info][gc,heap     ] GC(167) y:                Mark Start          Mark End        Relocate Start      Relocate End           High               Low         
[2026-04-03T03:19:00.341+0600][59.893s][info][gc,heap     ] GC(167) y:  Capacity:     1000M (100%)       1000M (100%)       1000M (100%)       1000M (100%)       1000M (100%)       1000M (100%)   
[2026-04-03T03:19:00.341+0600][59.893s][info][gc,heap     ] GC(167) y:      Free:      218M (22%)         160M (16%)         324M (32%)         432M (43%)         432M (43%)         154M (15%)    
[2026-04-03T03:19:00.341+0600][59.893s][info][gc,heap     ] GC(167) y:      Used:      782M (78%)         840M (84%)         676M (68%)         568M (57%)         846M (85%)         568M (57%)    
[2026-04-03T03:19:00.341+0600][59.893s][info][gc,heap     ] GC(167) y: Young Generation Statistics:
[2026-04-03T03:19:00.341+0600][59.893s][info][gc,heap     ] GC(167) y:                Mark Start          Mark End        Relocate Start      Relocate End    
[2026-04-03T03:19:00.341+0600][59.893s][info][gc,heap     ] GC(167) y:      Used:      342M (34%)         418M (42%)         256M (26%)         146M (15%)    
[2026-04-03T03:19:00.341+0600][59.893s][info][gc,heap     ] GC(167) y:      Live:         -                39M (4%)           39M (4%)           38M (4%)     
[2026-04-03T03:19:00.341+0600][59.893s][info][gc,heap     ] GC(167) y:   Garbage:         -               302M (30%)         134M (13%)           1M (0%)     
[2026-04-03T03:19:00.341+0600][59.893s][info][gc,heap     ] GC(167) y: Allocated:         -                76M (8%)           82M (8%)          106M (11%)    
[2026-04-03T03:19:00.341+0600][59.893s][info][gc,heap     ] GC(167) y: Reclaimed:         -                  -               168M (17%)         301M (30%)    
[2026-04-03T03:19:00.341+0600][59.893s][info][gc,heap     ] GC(167) y:  Promoted:         -                  -                 0M (0%)            0M (0%)     
[2026-04-03T03:19:00.341+0600][59.893s][info][gc,heap     ] GC(167) y: Compacted:         -                  -                  -                19M (2%)     
[2026-04-03T03:19:00.341+0600][59.893s][info][gc,phases   ] GC(167) y: Young Generation 782M(78%)->568M(57%) 0.234s
[2026-04-03T03:19:00.341+0600][59.893s][info][gc          ] GC(167) Minor Collection (Allocation Rate) 782M(78%)->568M(57%) 0.235s
[2026-04-03T03:19:00.341+0600][59.894s][info][gc          ] GC(168) Minor Collection (Allocation Rate)
[2026-04-03T03:19:00.341+0600][59.894s][info][gc,task     ] GC(168) Using 2 Workers for Young Generation
[2026-04-03T03:19:00.341+0600][59.894s][info][gc,phases   ] GC(168) y: Young Generation
[2026-04-03T03:19:00.349+0600][59.902s][info][gc,phases   ] GC(168) y: Pause Mark Start 0.035ms
[2026-04-03T03:19:00.437+0600][59.989s][info][gc,phases   ] GC(159) O: Concurrent Relocate 330.970ms
[2026-04-03T03:19:00.538+0600][60.091s][info][gc,phases   ] GC(168) y: Concurrent Mark 188.848ms
[2026-04-03T03:19:00.539+0600][60.091s][info][gc,phases   ] GC(168) y: Pause Mark End 0.027ms
[2026-04-03T03:19:00.539+0600][60.091s][info][gc,phases   ] GC(168) y: Concurrent Mark Free 0.003ms
[2026-04-03T03:19:00.539+0600][60.091s][info][gc,phases   ] GC(168) y: Concurrent Reset Relocation Set 0.023ms
[2026-04-03T03:19:00.546+0600][60.098s][info][gc,reloc    ] GC(168) y: Using tenuring threshold: 2 (Computed)
[2026-04-03T03:19:00.549+0600][60.101s][info][gc,phases   ] GC(168) y: Concurrent Select Relocation Set 9.918ms
[2026-04-03T03:19:00.549+0600][60.102s][info][gc,phases   ] GC(168) y: Pause Relocate Start 0.051ms
[2026-04-03T03:19:00.598+0600][60.150s][info][gc,phases   ] GC(168) y: Concurrent Relocate 48.037ms
[2026-04-03T03:19:00.598+0600][60.150s][info][gc,alloc    ] GC(168) y:                         Mark Start        Mark End      Relocate Start    Relocate End   
[2026-04-03T03:19:00.598+0600][60.150s][info][gc,alloc    ] GC(168) y: Allocation Stalls:          0                0                0                0         
[2026-04-03T03:19:00.598+0600][60.150s][info][gc,load     ] GC(168) y: Load: 4.94 (41%) / 5.04 (42%) / 5.50 (46%)
[2026-04-03T03:19:00.598+0600][60.150s][info][gc,mmu      ] GC(168) y: MMU: 2ms/90.1%, 5ms/96.1%, 10ms/98.0%, 20ms/98.5%, 50ms/99.4%, 100ms/99.6%
[2026-04-03T03:19:00.598+0600][60.150s][info][gc,marking  ] GC(168) y: Mark: 2 stripe(s), 2 proactive flush(es), 1 terminate flush(es), 0 completion(s), 0 continuation(s) 
[2026-04-03T03:19:00.598+0600][60.150s][info][gc,marking  ] GC(168) y: Mark Stack Usage: 32M
[2026-04-03T03:19:00.598+0600][60.150s][info][gc,nmethod  ] GC(168) y: NMethods: 7003 registered, 770 unregistered
[2026-04-03T03:19:00.598+0600][60.150s][info][gc,metaspace] GC(168) y: Metaspace: 71M used, 72M committed, 1088M reserved
[2026-04-03T03:19:00.598+0600][60.150s][info][gc,reloc    ] GC(168) y:                        Candidates     Selected     In-Place         Size        Empty    Relocated 
[2026-04-03T03:19:00.598+0600][60.150s][info][gc,reloc    ] GC(168) y: Small Pages:                   49           28            0          98M          14M          11M 
[2026-04-03T03:19:00.598+0600][60.150s][info][gc,reloc    ] GC(168) y: Medium Pages:                   0            0            0           0M           0M           0M 
[2026-04-03T03:19:00.598+0600][60.150s][info][gc,reloc    ] GC(168) y: Large Pages:                    6            0            0          48M          18M           0M 
[2026-04-03T03:19:00.598+0600][60.150s][info][gc,reloc    ] GC(168) y: Forwarding Usage: 15M
[2026-04-03T03:19:00.598+0600][60.150s][info][gc,reloc    ] GC(168) y: Age Table:
[2026-04-03T03:19:00.598+0600][60.150s][info][gc,reloc    ] GC(168) y:                    Live             Garbage             Small              Medium             Large        
[2026-04-03T03:19:00.598+0600][60.150s][info][gc,reloc    ] GC(168) y: Eden              40M (4%)           59M (6%)          35 / 22             0 / 0              3 / 0        
[2026-04-03T03:19:00.598+0600][60.150s][info][gc,reloc    ] GC(168) y: Survivor 1        13M (1%)           32M (3%)          14 / 6              0 / 0              3 / 0        
[2026-04-03T03:19:00.598+0600][60.150s][info][gc,heap     ] GC(168) y: Min Capacity: 8M(1%)
[2026-04-03T03:19:00.598+0600][60.150s][info][gc,heap     ] GC(168) y: Max Capacity: 1000M(100%)
[2026-04-03T03:19:00.598+0600][60.150s][info][gc,heap     ] GC(168) y: Soft Max Capacity: 1000M(100%)
[2026-04-03T03:19:00.598+0600][60.150s][info][gc,heap     ] GC(168) y: Heap Statistics:
[2026-04-03T03:19:00.598+0600][60.150s][info][gc,heap     ] GC(168) y:                Mark Start          Mark End        Relocate Start      Relocate End           High               Low         
[2026-04-03T03:19:00.598+0600][60.150s][info][gc,heap     ] GC(168) y:  Capacity:     1000M (100%)       1000M (100%)       1000M (100%)       1000M (100%)       1000M (100%)       1000M (100%)   
[2026-04-03T03:19:00.598+0600][60.150s][info][gc,heap     ] GC(168) y:      Free:      432M (43%)         314M (31%)         336M (34%)         340M (34%)         432M (43%)         306M (31%)    
[2026-04-03T03:19:00.598+0600][60.150s][info][gc,heap     ] GC(168) y:      Used:      568M (57%)         686M (69%)         664M (66%)         660M (66%)         694M (69%)         568M (57%)    
[2026-04-03T03:19:00.598+0600][60.150s][info][gc,heap     ] GC(168) y: Young Generation Statistics:
[2026-04-03T03:19:00.598+0600][60.150s][info][gc,heap     ] GC(168) y:                Mark Start          Mark End        Relocate Start      Relocate End    
[2026-04-03T03:19:00.598+0600][60.150s][info][gc,heap     ] GC(168) y:      Used:      146M (15%)         268M (27%)         246M (25%)         242M (24%)    
[2026-04-03T03:19:00.598+0600][60.150s][info][gc,heap     ] GC(168) y:      Live:         -                53M (5%)           53M (5%)           53M (5%)     
[2026-04-03T03:19:00.598+0600][60.150s][info][gc,heap     ] GC(168) y:   Garbage:         -                92M (9%)           60M (6%)            2M (0%)     
[2026-04-03T03:19:00.598+0600][60.150s][info][gc,heap     ] GC(168) y: Allocated:         -               122M (12%)         132M (13%)         186M (19%)    
[2026-04-03T03:19:00.598+0600][60.150s][info][gc,heap     ] GC(168) y: Reclaimed:         -                  -                32M (3%)           90M (9%)     
[2026-04-03T03:19:00.598+0600][60.150s][info][gc,heap     ] GC(168) y:  Promoted:         -                  -                 0M (0%)            0M (0%)     
[2026-04-03T03:19:00.598+0600][60.150s][info][gc,heap     ] GC(168) y: Compacted:         -                  -                  -                15M (2%)     
[2026-04-03T03:19:00.598+0600][60.150s][info][gc,phases   ] GC(168) y: Young Generation 568M(57%)->660M(66%) 0.256s
[2026-04-03T03:19:00.598+0600][60.151s][info][gc          ] GC(168) Minor Collection (Allocation Rate) 568M(57%)->660M(66%) 0.257s
[2026-04-03T03:19:00.598+0600][60.151s][info][gc,alloc    ] GC(159) O:                         Mark Start        Mark End      Relocate Start    Relocate End   
[2026-04-03T03:19:00.598+0600][60.151s][info][gc,alloc    ] GC(159) O: Allocation Stalls:          0                0                0                0         
[2026-04-03T03:19:00.599+0600][60.151s][info][gc,load     ] GC(159) O: Load: 4.94 (41%) / 5.04 (42%) / 5.50 (46%)
[2026-04-03T03:19:00.599+0600][60.151s][info][gc,mmu      ] GC(159) O: MMU: 2ms/90.1%, 5ms/96.1%, 10ms/98.0%, 20ms/98.5%, 50ms/99.4%, 100ms/99.6%
[2026-04-03T03:19:00.599+0600][60.151s][info][gc,marking  ] GC(159) O: Mark: 1 stripe(s), 2 proactive flush(es), 1 terminate flush(es), 0 completion(s), 0 continuation(s) 
[2026-04-03T03:19:00.599+0600][60.151s][info][gc,marking  ] GC(159) O: Mark Stack Usage: 32M
[2026-04-03T03:19:00.599+0600][60.151s][info][gc,nmethod  ] GC(159) O: NMethods: 7003 registered, 770 unregistered
[2026-04-03T03:19:00.599+0600][60.151s][info][gc,metaspace] GC(159) O: Metaspace: 71M used, 72M committed, 1088M reserved
[2026-04-03T03:19:00.599+0600][60.151s][info][gc,ref      ] GC(159) O:                       Encountered   Discovered     Enqueued 
[2026-04-03T03:19:00.599+0600][60.151s][info][gc,ref      ] GC(159) O: Soft References:             5113            0            0 
[2026-04-03T03:19:00.599+0600][60.151s][info][gc,ref      ] GC(159) O: Weak References:             7255         4848            0 
[2026-04-03T03:19:00.599+0600][60.151s][info][gc,ref      ] GC(159) O: Final References:              84           48            0 
[2026-04-03T03:19:00.599+0600][60.151s][info][gc,ref      ] GC(159) O: Phantom References:           609          406            0 
[2026-04-03T03:19:00.599+0600][60.151s][info][gc,reloc    ] GC(159) O:                        Candidates     Selected     In-Place         Size        Empty    Relocated 
[2026-04-03T03:19:00.599+0600][60.151s][info][gc,reloc    ] GC(159) O: Small Pages:                  150           14            0         300M           0M           9M 
[2026-04-03T03:19:00.599+0600][60.151s][info][gc,reloc    ] GC(159) O: Medium Pages:                   1            0            0          16M           0M           0M 
[2026-04-03T03:19:00.599+0600][60.151s][info][gc,reloc    ] GC(159) O: Large Pages:                    8            0            0          82M          36M           0M 
[2026-04-03T03:19:00.599+0600][60.151s][info][gc,reloc    ] GC(159) O: Forwarding Usage: 29M
[2026-04-03T03:19:00.599+0600][60.151s][info][gc,heap     ] GC(159) O: Min Capacity: 8M(1%)
[2026-04-03T03:19:00.599+0600][60.151s][info][gc,heap     ] GC(159) O: Max Capacity: 1000M(100%)
[2026-04-03T03:19:00.599+0600][60.151s][info][gc,heap     ] GC(159) O: Soft Max Capacity: 1000M(100%)
[2026-04-03T03:19:00.599+0600][60.151s][info][gc,heap     ] GC(159) O: Heap Statistics:
[2026-04-03T03:19:00.599+0600][60.151s][info][gc,heap     ] GC(159) O:                Mark Start          Mark End        Relocate Start      Relocate End           High               Low         
[2026-04-03T03:19:00.599+0600][60.151s][info][gc,heap     ] GC(159) O:  Capacity:     1000M (100%)       1000M (100%)       1000M (100%)       1000M (100%)       1000M (100%)       1000M (100%)   
[2026-04-03T03:19:00.599+0600][60.151s][info][gc,heap     ] GC(159) O:      Free:      444M (44%)         318M (32%)         220M (22%)         380M (38%)         514M (51%)         154M (15%)    
[2026-04-03T03:19:00.599+0600][60.151s][info][gc,heap     ] GC(159) O:      Used:      556M (56%)         682M (68%)         780M (78%)         620M (62%)         846M (85%)         486M (49%)    
[2026-04-03T03:19:00.599+0600][60.151s][info][gc,heap     ] GC(159) O: Old Generation Statistics:
[2026-04-03T03:19:00.599+0600][60.151s][info][gc,heap     ] GC(159) O:                Mark Start          Mark End        Relocate Start      Relocate End    
[2026-04-03T03:19:00.599+0600][60.151s][info][gc,heap     ] GC(159) O:      Used:      398M (40%)         474M (47%)         438M (44%)         418M (42%)    
[2026-04-03T03:19:00.599+0600][60.151s][info][gc,heap     ] GC(159) O:      Live:         -               310M (31%)         310M (31%)         310M (31%)    
[2026-04-03T03:19:00.599+0600][60.151s][info][gc,heap     ] GC(159) O:   Garbage:         -                87M (9%)           51M (5%)           17M (2%)     
[2026-04-03T03:19:00.599+0600][60.151s][info][gc,heap     ] GC(159) O: Allocated:         -                76M (8%)           76M (8%)           89M (9%)     
[2026-04-03T03:19:00.599+0600][60.151s][info][gc,heap     ] GC(159) O: Reclaimed:         -                  -                36M (4%)           69M (7%)     
[2026-04-03T03:19:00.599+0600][60.151s][info][gc,heap     ] GC(159) O: Compacted:         -                  -                  -                40M (4%)     
[2026-04-03T03:19:00.599+0600][60.151s][info][gc,phases   ] GC(159) O: Old Generation 490M(49%)->620M(62%) 2.316s
[2026-04-03T03:19:00.599+0600][60.151s][info][gc          ] GC(159) Major Collection (Allocation Rate) 556M(56%)->660M(66%) 2.533s
[2026-04-03T03:19:00.603+0600][60.156s][info][gc          ] GC(169) Major Collection (Allocation Rate)
[2026-04-03T03:19:00.604+0600][60.156s][info][gc,task     ] GC(169) Using 3 Workers for Young Generation
[2026-04-03T03:19:00.604+0600][60.156s][info][gc,task     ] GC(169) Using 1 Workers for Old Generation
[2026-04-03T03:19:00.604+0600][60.156s][info][gc,phases   ] GC(169) Y: Young Generation
[2026-04-03T03:19:00.604+0600][60.156s][info][gc,phases   ] GC(169) Y: Pause Mark Start (Major) 0.035ms
[2026-04-03T03:19:00.646+0600][60.198s][info][gc,phases   ] GC(169) Y: Concurrent Mark 42.105ms
[2026-04-03T03:19:00.646+0600][60.199s][info][gc,phases   ] GC(169) Y: Pause Mark End 0.037ms
[2026-04-03T03:19:00.646+0600][60.199s][info][gc,phases   ] GC(169) Y: Concurrent Mark Free 0.002ms
[2026-04-03T03:19:00.646+0600][60.199s][info][gc,phases   ] GC(169) Y: Concurrent Reset Relocation Set 0.018ms
[2026-04-03T03:19:00.649+0600][60.201s][info][gc,reloc    ] GC(169) Y: Using tenuring threshold: 3 (Computed)
[2026-04-03T03:19:00.651+0600][60.204s][info][gc,phases   ] GC(169) Y: Concurrent Select Relocation Set 4.827ms
[2026-04-03T03:19:00.652+0600][60.204s][info][gc,phases   ] GC(169) Y: Pause Relocate Start 0.027ms
[2026-04-03T03:19:00.666+0600][60.218s][info][gc,phases   ] GC(169) Y: Concurrent Relocate 14.137ms
[2026-04-03T03:19:00.666+0600][60.218s][info][gc,alloc    ] GC(169) Y:                         Mark Start        Mark End      Relocate Start    Relocate End   
[2026-04-03T03:19:00.666+0600][60.218s][info][gc,alloc    ] GC(169) Y: Allocation Stalls:          0                0                0                0         
[2026-04-03T03:19:00.666+0600][60.218s][info][gc,load     ] GC(169) Y: Load: 4.94 (41%) / 5.04 (42%) / 5.50 (46%)
[2026-04-03T03:19:00.666+0600][60.218s][info][gc,mmu      ] GC(169) Y: MMU: 2ms/90.1%, 5ms/96.1%, 10ms/98.0%, 20ms/98.5%, 50ms/99.4%, 100ms/99.6%
[2026-04-03T03:19:00.666+0600][60.218s][info][gc,marking  ] GC(169) Y: Mark: 2 stripe(s), 2 proactive flush(es), 1 terminate flush(es), 0 completion(s), 0 continuation(s) 
[2026-04-03T03:19:00.666+0600][60.218s][info][gc,marking  ] GC(169) Y: Mark Stack Usage: 32M
[2026-04-03T03:19:00.666+0600][60.218s][info][gc,nmethod  ] GC(169) Y: NMethods: 7003 registered, 770 unregistered
[2026-04-03T03:19:00.666+0600][60.218s][info][gc,metaspace] GC(169) Y: Metaspace: 71M used, 72M committed, 1088M reserved
[2026-04-03T03:19:00.666+0600][60.218s][info][gc,reloc    ] GC(169) Y:                        Candidates     Selected     In-Place         Size        Empty    Relocated 
[2026-04-03T03:19:00.666+0600][60.218s][info][gc,reloc    ] GC(169) Y: Small Pages:                   95           41            0         190M         100M           4M 
[2026-04-03T03:19:00.666+0600][60.218s][info][gc,reloc    ] GC(169) Y: Medium Pages:                   1            0            0          16M           0M           0M 
[2026-04-03T03:19:00.666+0600][60.218s][info][gc,reloc    ] GC(169) Y: Large Pages:                    6            0            0          44M          36M           0M 
[2026-04-03T03:19:00.666+0600][60.218s][info][gc,reloc    ] GC(169) Y: Forwarding Usage: 6M
[2026-04-03T03:19:00.666+0600][60.218s][info][gc,reloc    ] GC(169) Y: Age Table:
[2026-04-03T03:19:00.666+0600][60.218s][info][gc,reloc    ] GC(169) Y:                    Live             Garbage             Small              Medium             Large        
[2026-04-03T03:19:00.666+0600][60.218s][info][gc,reloc    ] GC(169) Y: Eden              15M (2%)          174M (17%)         80 / 39             1 / 0              3 / 0        
[2026-04-03T03:19:00.666+0600][60.218s][info][gc,reloc    ] GC(169) Y: Survivor 1          -                42M (4%)           6 / 0              0 / 0              3 / 0        
[2026-04-03T03:19:00.666+0600][60.218s][info][gc,reloc    ] GC(169) Y: Survivor 2         0M (0%)           17M (2%)           9 / 2              0 / 0              0 / 0        
[2026-04-03T03:19:00.666+0600][60.218s][info][gc,heap     ] GC(169) Y: Min Capacity: 8M(1%)
[2026-04-03T03:19:00.666+0600][60.218s][info][gc,heap     ] GC(169) Y: Max Capacity: 1000M(100%)
[2026-04-03T03:19:00.666+0600][60.218s][info][gc,heap     ] GC(169) Y: Soft Max Capacity: 1000M(100%)
[2026-04-03T03:19:00.666+0600][60.218s][info][gc,heap     ] GC(169) Y: Heap Statistics:
[2026-04-03T03:19:00.666+0600][60.218s][info][gc,heap     ] GC(169) Y:                Mark Start          Mark End        Relocate Start      Relocate End           High               Low         
[2026-04-03T03:19:00.666+0600][60.218s][info][gc,heap     ] GC(169) Y:  Capacity:     1000M (100%)       1000M (100%)       1000M (100%)       1000M (100%)       1000M (100%)       1000M (100%)   
[2026-04-03T03:19:00.666+0600][60.218s][info][gc,heap     ] GC(169) Y:      Free:      332M (33%)         304M (30%)         440M (44%)         502M (50%)         506M (51%)         304M (30%)    
[2026-04-03T03:19:00.666+0600][60.218s][info][gc,heap     ] GC(169) Y:      Used:      668M (67%)         696M (70%)         560M (56%)         498M (50%)         696M (70%)         494M (49%)    
[2026-04-03T03:19:00.666+0600][60.219s][info][gc,heap     ] GC(169) Y: Young Generation Statistics:
[2026-04-03T03:19:00.666+0600][60.219s][info][gc,heap     ] GC(169) Y:                Mark Start          Mark End        Relocate Start      Relocate End    
[2026-04-03T03:19:00.666+0600][60.219s][info][gc,heap     ] GC(169) Y:      Used:      250M (25%)         278M (28%)         142M (14%)          80M (8%)     
[2026-04-03T03:19:00.666+0600][60.219s][info][gc,heap     ] GC(169) Y:      Live:         -                16M (2%)           16M (2%)           16M (2%)     
[2026-04-03T03:19:00.666+0600][60.219s][info][gc,heap     ] GC(169) Y:   Garbage:         -               233M (23%)          97M (10%)          13M (1%)     
[2026-04-03T03:19:00.666+0600][60.219s][info][gc,heap     ] GC(169) Y: Allocated:         -                28M (3%)           28M (3%)           49M (5%)     
[2026-04-03T03:19:00.666+0600][60.219s][info][gc,heap     ] GC(169) Y: Reclaimed:         -                  -               136M (14%)         219M (22%)    
[2026-04-03T03:19:00.666+0600][60.219s][info][gc,heap     ] GC(169) Y:  Promoted:         -                  -                 0M (0%)            0M (0%)     
[2026-04-03T03:19:00.666+0600][60.219s][info][gc,heap     ] GC(169) Y: Compacted:         -                  -                  -                 6M (1%)     
[2026-04-03T03:19:00.666+0600][60.219s][info][gc,phases   ] GC(169) Y: Young Generation 668M(67%)->498M(50%) 0.062s
[2026-04-03T03:19:00.666+0600][60.219s][info][gc,phases   ] GC(169) O: Old Generation
[2026-04-03T03:19:00.781+0600][60.333s][info][gc          ] GC(170) Minor Collection (Allocation Rate)
[2026-04-03T03:19:00.781+0600][60.333s][info][gc,task     ] GC(170) Using 2 Workers for Young Generation
[2026-04-03T03:19:00.781+0600][60.333s][info][gc,phases   ] GC(170) y: Young Generation
[2026-04-03T03:19:00.782+0600][60.334s][info][gc,phases   ] GC(170) y: Pause Mark Start 0.025ms
[2026-04-03T03:19:00.913+0600][60.465s][info][gc,phases   ] GC(170) y: Concurrent Mark 130.964ms
[2026-04-03T03:19:00.913+0600][60.465s][info][gc,phases   ] GC(170) y: Pause Mark End 0.038ms
[2026-04-03T03:19:00.913+0600][60.466s][info][gc,phases   ] GC(170) y: Concurrent Mark Free 0.003ms
[2026-04-03T03:19:00.913+0600][60.466s][info][gc,phases   ] GC(170) y: Concurrent Reset Relocation Set 0.016ms
[2026-04-03T03:19:00.921+0600][60.473s][info][gc,reloc    ] GC(170) y: Using tenuring threshold: 4 (Computed)
[2026-04-03T03:19:00.933+0600][60.486s][info][gc,phases   ] GC(170) y: Concurrent Select Relocation Set 19.889ms
[2026-04-03T03:19:00.934+0600][60.486s][info][gc,phases   ] GC(170) y: Pause Relocate Start 0.067ms
[2026-04-03T03:19:00.989+0600][60.541s][info][gc,phases   ] GC(170) y: Concurrent Relocate 54.772ms
[2026-04-03T03:19:00.989+0600][60.541s][info][gc,alloc    ] GC(170) y:                         Mark Start        Mark End      Relocate Start    Relocate End   
[2026-04-03T03:19:00.989+0600][60.541s][info][gc,alloc    ] GC(170) y: Allocation Stalls:          0                0                0                0         
[2026-04-03T03:19:00.989+0600][60.541s][info][gc,load     ] GC(170) y: Load: 4.94 (41%) / 5.04 (42%) / 5.50 (46%)
[2026-04-03T03:19:00.989+0600][60.541s][info][gc,mmu      ] GC(170) y: MMU: 2ms/90.1%, 5ms/96.1%, 10ms/98.0%, 20ms/98.5%, 50ms/99.4%, 100ms/99.6%
[2026-04-03T03:19:00.989+0600][60.541s][info][gc,marking  ] GC(170) y: Mark: 2 stripe(s), 2 proactive flush(es), 1 terminate flush(es), 0 completion(s), 0 continuation(s) 
[2026-04-03T03:19:00.989+0600][60.541s][info][gc,marking  ] GC(170) y: Mark Stack Usage: 32M
[2026-04-03T03:19:00.989+0600][60.541s][info][gc,nmethod  ] GC(170) y: NMethods: 7006 registered, 770 unregistered
[2026-04-03T03:19:00.989+0600][60.541s][info][gc,metaspace] GC(170) y: Metaspace: 71M used, 72M committed, 1088M reserved
[2026-04-03T03:19:00.989+0600][60.541s][info][gc,reloc    ] GC(170) y:                        Candidates     Selected     In-Place         Size        Empty    Relocated 
[2026-04-03T03:19:00.989+0600][60.542s][info][gc,reloc    ] GC(170) y: Small Pages:                   37           26            0          74M           0M          10M 
[2026-04-03T03:19:00.989+0600][60.542s][info][gc,reloc    ] GC(170) y: Medium Pages:                   1            0            0          16M          16M           0M 
[2026-04-03T03:19:00.989+0600][60.542s][info][gc,reloc    ] GC(170) y: Large Pages:                    6            0            0          30M          12M           0M 
[2026-04-03T03:19:00.989+0600][60.542s][info][gc,reloc    ] GC(170) y: Forwarding Usage: 19M
[2026-04-03T03:19:00.989+0600][60.542s][info][gc,reloc    ] GC(170) y: Age Table:
[2026-04-03T03:19:00.989+0600][60.542s][info][gc,reloc    ] GC(170) y:                    Live             Garbage             Small              Medium             Large        
[2026-04-03T03:19:00.989+0600][60.542s][info][gc,reloc    ] GC(170) y: Eden              32M (3%)           45M (5%)          28 / 18             0 / 0              4 / 0        
[2026-04-03T03:19:00.989+0600][60.542s][info][gc,reloc    ] GC(170) y: Survivor 1         3M (0%)           34M (3%)           7 / 6              1 / 0              2 / 0        
[2026-04-03T03:19:00.989+0600][60.542s][info][gc,reloc    ] GC(170) y: Survivor 2          -                 0M (0%)           0 / 0              0 / 0              0 / 0        
[2026-04-03T03:19:00.989+0600][60.542s][info][gc,reloc    ] GC(170) y: Survivor 3         0M (0%)            3M (0%)           2 / 2              0 / 0              0 / 0        
[2026-04-03T03:19:00.989+0600][60.542s][info][gc,heap     ] GC(170) y: Min Capacity: 8M(1%)
[2026-04-03T03:19:00.989+0600][60.542s][info][gc,heap     ] GC(170) y: Max Capacity: 1000M(100%)
[2026-04-03T03:19:00.989+0600][60.542s][info][gc,heap     ] GC(170) y: Soft Max Capacity: 1000M(100%)
[2026-04-03T03:19:00.989+0600][60.542s][info][gc,heap     ] GC(170) y: Heap Statistics:
[2026-04-03T03:19:00.990+0600][60.542s][info][gc,heap     ] GC(170) y:                Mark Start          Mark End        Relocate Start      Relocate End           High               Low         
[2026-04-03T03:19:00.990+0600][60.542s][info][gc,heap     ] GC(170) y:  Capacity:     1000M (100%)       1000M (100%)       1000M (100%)       1000M (100%)       1000M (100%)       1000M (100%)   
[2026-04-03T03:19:00.990+0600][60.542s][info][gc,heap     ] GC(170) y:      Free:      462M (46%)         406M (41%)         420M (42%)         448M (45%)         462M (46%)         392M (39%)    
[2026-04-03T03:19:00.990+0600][60.542s][info][gc,heap     ] GC(170) y:      Used:      538M (54%)         594M (59%)         580M (58%)         552M (55%)         608M (61%)         538M (54%)    
[2026-04-03T03:19:00.990+0600][60.542s][info][gc,heap     ] GC(170) y: Young Generation Statistics:
[2026-04-03T03:19:00.990+0600][60.542s][info][gc,heap     ] GC(170) y:                Mark Start          Mark End        Relocate Start      Relocate End    
[2026-04-03T03:19:00.990+0600][60.542s][info][gc,heap     ] GC(170) y:      Used:      120M (12%)         176M (18%)         162M (16%)         134M (13%)    
[2026-04-03T03:19:00.990+0600][60.542s][info][gc,heap     ] GC(170) y:      Live:         -                36M (4%)           36M (4%)           36M (4%)     
[2026-04-03T03:19:00.990+0600][60.542s][info][gc,heap     ] GC(170) y:   Garbage:         -                83M (8%)           55M (6%)            0M (0%)     
[2026-04-03T03:19:00.990+0600][60.542s][info][gc,heap     ] GC(170) y: Allocated:         -                56M (6%)           70M (7%)           96M (10%)    
[2026-04-03T03:19:00.990+0600][60.542s][info][gc,heap     ] GC(170) y: Reclaimed:         -                  -                28M (3%)           82M (8%)     
[2026-04-03T03:19:00.990+0600][60.542s][info][gc,heap     ] GC(170) y:  Promoted:         -                  -                 0M (0%)            0M (0%)     
[2026-04-03T03:19:00.990+0600][60.542s][info][gc,heap     ] GC(170) y: Compacted:         -                  -                  -                17M (2%)     
[2026-04-03T03:19:00.990+0600][60.542s][info][gc,phases   ] GC(170) y: Young Generation 538M(54%)->552M(55%) 0.208s
[2026-04-03T03:19:00.990+0600][60.542s][info][gc          ] GC(170) Minor Collection (Allocation Rate) 538M(54%)->552M(55%) 0.209s
[2026-04-03T03:19:00.990+0600][60.542s][info][gc          ] GC(171) Minor Collection (Allocation Rate)
[2026-04-03T03:19:00.990+0600][60.542s][info][gc,task     ] GC(171) Using 2 Workers for Young Generation
[2026-04-03T03:19:00.990+0600][60.542s][info][gc,phases   ] GC(171) y: Young Generation
[2026-04-03T03:19:00.991+0600][60.543s][info][gc,phases   ] GC(171) y: Pause Mark Start 0.112ms
[2026-04-03T03:19:01.186+0600][60.738s][info][gc,phases   ] GC(171) y: Concurrent Mark 195.390ms
[2026-04-03T03:19:01.186+0600][60.739s][info][gc,phases   ] GC(171) y: Pause Mark End 0.062ms
[2026-04-03T03:19:01.187+0600][60.739s][info][gc,phases   ] GC(171) y: Concurrent Mark Free 0.003ms
[2026-04-03T03:19:01.187+0600][60.739s][info][gc,phases   ] GC(171) y: Concurrent Reset Relocation Set 0.017ms
[2026-04-03T03:19:01.193+0600][60.745s][info][gc,reloc    ] GC(171) y: Using tenuring threshold: 4 (Computed)
[2026-04-03T03:19:01.196+0600][60.748s][info][gc,phases   ] GC(171) y: Concurrent Select Relocation Set 9.424ms
[2026-04-03T03:19:01.196+0600][60.749s][info][gc,phases   ] GC(171) y: Pause Relocate Start 0.024ms
[2026-04-03T03:19:01.254+0600][60.806s][info][gc,phases   ] GC(171) y: Concurrent Relocate 57.073ms
[2026-04-03T03:19:01.254+0600][60.806s][info][gc,alloc    ] GC(171) y:                         Mark Start        Mark End      Relocate Start    Relocate End   
[2026-04-03T03:19:01.254+0600][60.806s][info][gc,alloc    ] GC(171) y: Allocation Stalls:          0                0                0                0         
[2026-04-03T03:19:01.254+0600][60.806s][info][gc,load     ] GC(171) y: Load: 4.94 (41%) / 5.04 (42%) / 5.50 (46%)
[2026-04-03T03:19:01.254+0600][60.806s][info][gc,mmu      ] GC(171) y: MMU: 2ms/90.1%, 5ms/96.1%, 10ms/98.0%, 20ms/98.5%, 50ms/99.4%, 100ms/99.6%
[2026-04-03T03:19:01.254+0600][60.806s][info][gc,marking  ] GC(171) y: Mark: 2 stripe(s), 3 proactive flush(es), 1 terminate flush(es), 0 completion(s), 0 continuation(s) 
[2026-04-03T03:19:01.254+0600][60.806s][info][gc,marking  ] GC(171) y: Mark Stack Usage: 32M
[2026-04-03T03:19:01.254+0600][60.806s][info][gc,nmethod  ] GC(171) y: NMethods: 7006 registered, 770 unregistered
[2026-04-03T03:19:01.254+0600][60.806s][info][gc,metaspace] GC(171) y: Metaspace: 71M used, 72M committed, 1088M reserved
[2026-04-03T03:19:01.254+0600][60.806s][info][gc,reloc    ] GC(171) y:                        Candidates     Selected     In-Place         Size        Empty    Relocated 
[2026-04-03T03:19:01.254+0600][60.806s][info][gc,reloc    ] GC(171) y: Small Pages:                   43           29            0          86M           0M          12M 
[2026-04-03T03:19:01.254+0600][60.806s][info][gc,reloc    ] GC(171) y: Medium Pages:                   0            0            0           0M           0M           0M 
[2026-04-03T03:19:01.254+0600][60.806s][info][gc,reloc    ] GC(171) y: Large Pages:                    6            0            0          48M          12M           0M 
[2026-04-03T03:19:01.254+0600][60.806s][info][gc,reloc    ] GC(171) y: Forwarding Usage: 19M
[2026-04-03T03:19:01.254+0600][60.806s][info][gc,reloc    ] GC(171) y: Age Table:
[2026-04-03T03:19:01.254+0600][60.806s][info][gc,reloc    ] GC(171) y:                    Live             Garbage             Small              Medium             Large        
[2026-04-03T03:19:01.254+0600][60.806s][info][gc,reloc    ] GC(171) y: Eden              41M (4%)           38M (4%)          25 / 19             0 / 0              3 / 0        
[2026-04-03T03:19:01.254+0600][60.806s][info][gc,reloc    ] GC(171) y: Survivor 1        13M (1%)           24M (2%)          10 / 4              0 / 0              3 / 0        
[2026-04-03T03:19:01.254+0600][60.806s][info][gc,reloc    ] GC(171) y: Survivor 2         3M (0%)            8M (1%)           6 / 4              0 / 0              0 / 0        
[2026-04-03T03:19:01.254+0600][60.806s][info][gc,reloc    ] GC(171) y: Survivor 3          -                 0M (0%)           0 / 0              0 / 0              0 / 0        
[2026-04-03T03:19:01.254+0600][60.806s][info][gc,reloc    ] GC(171) y: Survivor 4         0M (0%)            3M (0%)           2 / 2              0 / 0              0 / 0        
[2026-04-03T03:19:01.254+0600][60.806s][info][gc,heap     ] GC(171) y: Min Capacity: 8M(1%)
[2026-04-03T03:19:01.254+0600][60.806s][info][gc,heap     ] GC(171) y: Max Capacity: 1000M(100%)
[2026-04-03T03:19:01.254+0600][60.806s][info][gc,heap     ] GC(171) y: Soft Max Capacity: 1000M(100%)
[2026-04-03T03:19:01.254+0600][60.806s][info][gc,heap     ] GC(171) y: Heap Statistics:
[2026-04-03T03:19:01.254+0600][60.806s][info][gc,heap     ] GC(171) y:                Mark Start          Mark End        Relocate Start      Relocate End           High               Low         
[2026-04-03T03:19:01.254+0600][60.806s][info][gc,heap     ] GC(171) y:  Capacity:     1000M (100%)       1000M (100%)       1000M (100%)       1000M (100%)       1000M (100%)       1000M (100%)   
[2026-04-03T03:19:01.254+0600][60.806s][info][gc,heap     ] GC(171) y:      Free:      448M (45%)         390M (39%)         396M (40%)         416M (42%)         448M (45%)         374M (37%)    
[2026-04-03T03:19:01.254+0600][60.806s][info][gc,heap     ] GC(171) y:      Used:      552M (55%)         610M (61%)         604M (60%)         584M (58%)         626M (63%)         552M (55%)    
[2026-04-03T03:19:01.254+0600][60.806s][info][gc,heap     ] GC(171) y: Young Generation Statistics:
[2026-04-03T03:19:01.254+0600][60.806s][info][gc,heap     ] GC(171) y:                Mark Start          Mark End        Relocate Start      Relocate End    
[2026-04-03T03:19:01.254+0600][60.806s][info][gc,heap     ] GC(171) y:      Used:      134M (13%)         192M (19%)         186M (19%)         162M (16%)    
[2026-04-03T03:19:01.254+0600][60.807s][info][gc,heap     ] GC(171) y:      Live:         -                58M (6%)           58M (6%)           58M (6%)     
[2026-04-03T03:19:01.254+0600][60.807s][info][gc,heap     ] GC(171) y:   Garbage:         -                75M (8%)           63M (6%)            1M (0%)     
[2026-04-03T03:19:01.254+0600][60.807s][info][gc,heap     ] GC(171) y: Allocated:         -                58M (6%)           64M (6%)          101M (10%)    
[2026-04-03T03:19:01.254+0600][60.807s][info][gc,heap     ] GC(171) y: Reclaimed:         -                  -                12M (1%)           73M (7%)     
[2026-04-03T03:19:01.254+0600][60.807s][info][gc,heap     ] GC(171) y:  Promoted:         -                  -                 0M (0%)            0M (0%)     
[2026-04-03T03:19:01.254+0600][60.807s][info][gc,heap     ] GC(171) y: Compacted:         -                  -                  -                18M (2%)     
[2026-04-03T03:19:01.254+0600][60.807s][info][gc,phases   ] GC(171) y: Young Generation 552M(55%)->584M(58%) 0.264s
[2026-04-03T03:19:01.254+0600][60.807s][info][gc          ] GC(171) Minor Collection (Allocation Rate) 552M(55%)->584M(58%) 0.264s
[2026-04-03T03:19:01.255+0600][60.807s][info][gc          ] GC(172) Minor Collection (Allocation Rate)
[2026-04-03T03:19:01.255+0600][60.807s][info][gc,task     ] GC(172) Using 2 Workers for Young Generation
[2026-04-03T03:19:01.255+0600][60.807s][info][gc,phases   ] GC(172) y: Young Generation
[2026-04-03T03:19:01.255+0600][60.807s][info][gc,phases   ] GC(172) y: Pause Mark Start 0.090ms
[2026-04-03T03:19:01.469+0600][61.022s][info][gc,phases   ] GC(172) y: Concurrent Mark 214.236ms
[2026-04-03T03:19:01.470+0600][61.022s][info][gc,phases   ] GC(172) y: Pause Mark End 0.038ms
[2026-04-03T03:19:01.470+0600][61.022s][info][gc,phases   ] GC(172) y: Concurrent Mark Free 0.002ms
[2026-04-03T03:19:01.470+0600][61.022s][info][gc,phases   ] GC(172) y: Concurrent Reset Relocation Set 0.014ms
[2026-04-03T03:19:01.472+0600][61.024s][info][gc,reloc    ] GC(172) y: Using tenuring threshold: 1 (Computed)
[2026-04-03T03:19:01.498+0600][61.050s][info][gc,phases   ] GC(172) y: Concurrent Select Relocation Set 27.710ms
[2026-04-03T03:19:01.498+0600][61.050s][info][gc,phases   ] GC(172) y: Pause Relocate Start 0.026ms
[2026-04-03T03:19:01.577+0600][61.130s][info][gc,phases   ] GC(169) O: Concurrent Mark 911.040ms
[2026-04-03T03:19:01.593+0600][61.146s][info][gc,phases   ] GC(169) O: Pause Mark End 0.031ms
[2026-04-03T03:19:01.593+0600][61.146s][info][gc,phases   ] GC(169) O: Concurrent Mark Free 0.001ms
[2026-04-03T03:19:01.594+0600][61.146s][info][gc,phases   ] GC(172) y: Concurrent Relocate 95.149ms
[2026-04-03T03:19:01.594+0600][61.146s][info][gc,alloc    ] GC(172) y:                         Mark Start        Mark End      Relocate Start    Relocate End   
[2026-04-03T03:19:01.594+0600][61.146s][info][gc,alloc    ] GC(172) y: Allocation Stalls:          0                0                0                0         
[2026-04-03T03:19:01.594+0600][61.146s][info][gc,load     ] GC(172) y: Load: 4.94 (41%) / 5.04 (42%) / 5.50 (46%)
[2026-04-03T03:19:01.594+0600][61.146s][info][gc,mmu      ] GC(172) y: MMU: 2ms/90.1%, 5ms/96.1%, 10ms/98.0%, 20ms/98.5%, 50ms/99.4%, 100ms/99.6%
[2026-04-03T03:19:01.594+0600][61.146s][info][gc,marking  ] GC(172) y: Mark: 2 stripe(s), 2 proactive flush(es), 1 terminate flush(es), 0 completion(s), 0 continuation(s) 
[2026-04-03T03:19:01.594+0600][61.146s][info][gc,marking  ] GC(172) y: Mark Stack Usage: 32M
[2026-04-03T03:19:01.594+0600][61.146s][info][gc,nmethod  ] GC(172) y: NMethods: 7014 registered, 770 unregistered
[2026-04-03T03:19:01.594+0600][61.146s][info][gc,metaspace] GC(172) y: Metaspace: 71M used, 72M committed, 1088M reserved
[2026-04-03T03:19:01.594+0600][61.146s][info][gc,reloc    ] GC(172) y:                        Candidates     Selected     In-Place         Size        Empty    Relocated 
[2026-04-03T03:19:01.594+0600][61.146s][info][gc,reloc    ] GC(172) y: Small Pages:                   63           29            0         126M          38M           6M 
[2026-04-03T03:19:01.594+0600][61.146s][info][gc,reloc    ] GC(172) y: Medium Pages:                   0            0            0           0M           0M           0M 
[2026-04-03T03:19:01.594+0600][61.146s][info][gc,reloc    ] GC(172) y: Large Pages:                    4            0            0          36M           6M           0M 
[2026-04-03T03:19:01.594+0600][61.146s][info][gc,reloc    ] GC(172) y: Forwarding Usage: 7M
[2026-04-03T03:19:01.594+0600][61.146s][info][gc,reloc    ] GC(172) y: Age Table:
[2026-04-03T03:19:01.594+0600][61.146s][info][gc,reloc    ] GC(172) y:                    Live             Garbage             Small              Medium             Large        
[2026-04-03T03:19:01.594+0600][61.146s][info][gc,reloc    ] GC(172) y: Eden               5M (1%)           70M (7%)          38 / 14             0 / 0              0 / 0        
[2026-04-03T03:19:01.594+0600][61.146s][info][gc,reloc    ] GC(172) y: Survivor 1        38M (4%)           11M (1%)          10 / 5              0 / 0              3 / 0        
[2026-04-03T03:19:01.594+0600][61.146s][info][gc,reloc    ] GC(172) y: Survivor 2         7M (1%)           14M (1%)           8 / 5              0 / 0              1 / 0        
[2026-04-03T03:19:01.594+0600][61.146s][info][gc,reloc    ] GC(172) y: Survivor 3         3M (0%)           10M (1%)           7 / 5              0 / 0              0 / 0        
[2026-04-03T03:19:01.594+0600][61.146s][info][gc,heap     ] GC(172) y: Min Capacity: 8M(1%)
[2026-04-03T03:19:01.594+0600][61.146s][info][gc,heap     ] GC(172) y: Max Capacity: 1000M(100%)
[2026-04-03T03:19:01.594+0600][61.146s][info][gc,heap     ] GC(172) y: Soft Max Capacity: 1000M(100%)
[2026-04-03T03:19:01.594+0600][61.146s][info][gc,heap     ] GC(172) y: Heap Statistics:
[2026-04-03T03:19:01.594+0600][61.146s][info][gc,heap     ] GC(172) y:                Mark Start          Mark End        Relocate Start      Relocate End           High               Low         
[2026-04-03T03:19:01.594+0600][61.146s][info][gc,heap     ] GC(172) y:  Capacity:     1000M (100%)       1000M (100%)       1000M (100%)       1000M (100%)       1000M (100%)       1000M (100%)   
[2026-04-03T03:19:01.594+0600][61.146s][info][gc,heap     ] GC(172) y:      Free:      416M (42%)         350M (35%)         386M (39%)         380M (38%)         424M (42%)         350M (35%)    
[2026-04-03T03:19:01.594+0600][61.146s][info][gc,heap     ] GC(172) y:      Used:      584M (58%)         650M (65%)         614M (61%)         620M (62%)         650M (65%)         576M (58%)    
[2026-04-03T03:19:01.594+0600][61.146s][info][gc,heap     ] GC(172) y: Young Generation Statistics:
[2026-04-03T03:19:01.594+0600][61.146s][info][gc,heap     ] GC(172) y:                Mark Start          Mark End        Relocate Start      Relocate End    
[2026-04-03T03:19:01.594+0600][61.146s][info][gc,heap     ] GC(172) y:      Used:      162M (16%)         228M (23%)         142M (14%)         136M (14%)    
[2026-04-03T03:19:01.594+0600][61.146s][info][gc,heap     ] GC(172) y:      Live:         -                54M (5%)            8M (1%)            5M (1%)     
[2026-04-03T03:19:01.594+0600][61.146s][info][gc,heap     ] GC(172) y:   Garbage:         -               107M (11%)          59M (6%)            0M (0%)     
[2026-04-03T03:19:01.594+0600][61.146s][info][gc,heap     ] GC(172) y: Allocated:         -                66M (7%)           74M (7%)          130M (13%)    
[2026-04-03T03:19:01.594+0600][61.146s][info][gc,heap     ] GC(172) y: Reclaimed:         -                  -                47M (5%)          107M (11%)    
[2026-04-03T03:19:01.594+0600][61.146s][info][gc,heap     ] GC(172) y:  Promoted:         -                  -                46M (5%)           49M (5%)     
[2026-04-03T03:19:01.594+0600][61.146s][info][gc,heap     ] GC(172) y: Compacted:         -                  -                  -                 5M (1%)     
[2026-04-03T03:19:01.594+0600][61.146s][info][gc,phases   ] GC(172) y: Young Generation 584M(58%)->620M(62%) 0.339s
[2026-04-03T03:19:01.594+0600][61.146s][info][gc          ] GC(172) Minor Collection (Allocation Rate) 584M(58%)->620M(62%) 0.339s
[2026-04-03T03:19:01.594+0600][61.146s][info][gc          ] GC(173) Minor Collection (Allocation Rate)
[2026-04-03T03:19:01.594+0600][61.146s][info][gc,task     ] GC(173) Using 2 Workers for Young Generation
[2026-04-03T03:19:01.594+0600][61.146s][info][gc,phases   ] GC(173) y: Young Generation
[2026-04-03T03:19:01.594+0600][61.147s][info][gc,phases   ] GC(173) y: Pause Mark Start 0.020ms
[2026-04-03T03:19:01.613+0600][61.165s][info][gc,phases   ] GC(169) O: Concurrent Process Non-Strong 19.411ms
[2026-04-03T03:19:01.613+0600][61.165s][info][gc,phases   ] GC(169) O: Concurrent Reset Relocation Set 0.010ms
[2026-04-03T03:19:01.624+0600][61.176s][info][gc,phases   ] GC(169) O: Concurrent Select Relocation Set 10.634ms
[2026-04-03T03:19:01.624+0600][61.176s][info][gc,phases   ] GC(173) y: Concurrent Mark 29.277ms
[2026-04-03T03:19:01.624+0600][61.176s][info][gc,phases   ] GC(173) y: Pause Mark End 0.021ms
[2026-04-03T03:19:01.624+0600][61.177s][info][gc,phases   ] GC(173) y: Concurrent Mark Free 0.003ms
[2026-04-03T03:19:01.625+0600][61.177s][info][gc,phases   ] GC(173) y: Concurrent Reset Relocation Set 0.044ms
[2026-04-03T03:19:01.628+0600][61.180s][info][gc,reloc    ] GC(173) y: Using tenuring threshold: 1 (Computed)
[2026-04-03T03:19:01.632+0600][61.184s][info][gc,phases   ] GC(173) y: Concurrent Select Relocation Set 7.670ms
[2026-04-03T03:19:01.632+0600][61.185s][info][gc,phases   ] GC(173) y: Pause Relocate Start 0.020ms
[2026-04-03T03:19:01.637+0600][61.189s][info][gc,phases   ] GC(173) y: Concurrent Relocate 4.754ms
[2026-04-03T03:19:01.637+0600][61.190s][info][gc,alloc    ] GC(173) y:                         Mark Start        Mark End      Relocate Start    Relocate End   
[2026-04-03T03:19:01.637+0600][61.190s][info][gc,alloc    ] GC(173) y: Allocation Stalls:          0                0                0                0         
[2026-04-03T03:19:01.637+0600][61.190s][info][gc,load     ] GC(173) y: Load: 4.94 (41%) / 5.04 (42%) / 5.50 (46%)
[2026-04-03T03:19:01.637+0600][61.190s][info][gc,mmu      ] GC(173) y: MMU: 2ms/90.1%, 5ms/96.1%, 10ms/98.0%, 20ms/98.5%, 50ms/99.4%, 100ms/99.6%
[2026-04-03T03:19:01.637+0600][61.190s][info][gc,marking  ] GC(173) y: Mark: 2 stripe(s), 4 proactive flush(es), 1 terminate flush(es), 0 completion(s), 0 continuation(s) 
[2026-04-03T03:19:01.637+0600][61.190s][info][gc,marking  ] GC(173) y: Mark Stack Usage: 32M
[2026-04-03T03:19:01.637+0600][61.190s][info][gc,nmethod  ] GC(173) y: NMethods: 6996 registered, 804 unregistered
[2026-04-03T03:19:01.637+0600][61.190s][info][gc,metaspace] GC(173) y: Metaspace: 71M used, 72M committed, 1088M reserved
[2026-04-03T03:19:01.637+0600][61.190s][info][gc,reloc    ] GC(173) y:                        Candidates     Selected     In-Place         Size        Empty    Relocated 
[2026-04-03T03:19:01.637+0600][61.190s][info][gc,reloc    ] GC(173) y: Small Pages:                   60           13            0         120M          88M           1M 
[2026-04-03T03:19:01.637+0600][61.190s][info][gc,reloc    ] GC(173) y: Medium Pages:                   1            0            0          16M          16M           0M 
[2026-04-03T03:19:01.637+0600][61.190s][info][gc,reloc    ] GC(173) y: Large Pages:                    0            0            0           0M           0M           0M 
[2026-04-03T03:19:01.637+0600][61.190s][info][gc,reloc    ] GC(173) y: Forwarding Usage: 0M
[2026-04-03T03:19:01.637+0600][61.190s][info][gc,reloc    ] GC(173) y: Age Table:
[2026-04-03T03:19:01.637+0600][61.190s][info][gc,reloc    ] GC(173) y:                    Live             Garbage             Small              Medium             Large        
[2026-04-03T03:19:01.637+0600][61.190s][info][gc,reloc    ] GC(173) y: Eden               0M (0%)          121M (12%)         53 / 8              1 / 0              0 / 0        
[2026-04-03T03:19:01.637+0600][61.190s][info][gc,reloc    ] GC(173) y: Survivor 1         4M (0%)            9M (1%)           7 / 5              0 / 0              0 / 0        
[2026-04-03T03:19:01.638+0600][61.190s][info][gc,heap     ] GC(173) y: Min Capacity: 8M(1%)
[2026-04-03T03:19:01.638+0600][61.190s][info][gc,heap     ] GC(173) y: Max Capacity: 1000M(100%)
[2026-04-03T03:19:01.638+0600][61.190s][info][gc,heap     ] GC(173) y: Soft Max Capacity: 1000M(100%)
[2026-04-03T03:19:01.638+0600][61.190s][info][gc,heap     ] GC(173) y: Heap Statistics:
[2026-04-03T03:19:01.638+0600][61.190s][info][gc,heap     ] GC(173) y:                Mark Start          Mark End        Relocate Start      Relocate End           High               Low         
[2026-04-03T03:19:01.638+0600][61.190s][info][gc,heap     ] GC(173) y:  Capacity:     1000M (100%)       1000M (100%)       1000M (100%)       1000M (100%)       1000M (100%)       1000M (100%)   
[2026-04-03T03:19:01.638+0600][61.190s][info][gc,heap     ] GC(173) y:      Free:      380M (38%)         550M (55%)         650M (65%)         664M (66%)         664M (66%)         364M (36%)    
[2026-04-03T03:19:01.638+0600][61.190s][info][gc,heap     ] GC(173) y:      Used:      620M (62%)         450M (45%)         350M (35%)         336M (34%)         636M (64%)         336M (34%)    
[2026-04-03T03:19:01.638+0600][61.190s][info][gc,heap     ] GC(173) y: Young Generation Statistics:
[2026-04-03T03:19:01.638+0600][61.190s][info][gc,heap     ] GC(173) y:                Mark Start          Mark End        Relocate Start      Relocate End    
[2026-04-03T03:19:01.638+0600][61.190s][info][gc,heap     ] GC(173) y:      Used:      136M (14%)         162M (16%)          58M (6%)           36M (4%)     
[2026-04-03T03:19:01.638+0600][61.190s][info][gc,heap     ] GC(173) y:      Live:         -                 4M (0%)            1M (0%)            0M (0%)     
[2026-04-03T03:19:01.638+0600][61.190s][info][gc,heap     ] GC(173) y:   Garbage:         -               131M (13%)          26M (3%)            0M (0%)     
[2026-04-03T03:19:01.638+0600][61.190s][info][gc,heap     ] GC(173) y: Allocated:         -                26M (3%)           30M (3%)           35M (4%)     
[2026-04-03T03:19:01.638+0600][61.190s][info][gc,heap     ] GC(173) y: Reclaimed:         -                  -               104M (10%)         131M (13%)    
[2026-04-03T03:19:01.638+0600][61.190s][info][gc,heap     ] GC(173) y:  Promoted:         -                  -                 3M (0%)            4M (0%)     
[2026-04-03T03:19:01.638+0600][61.190s][info][gc,heap     ] GC(173) y: Compacted:         -                  -                  -                 0M (0%)     
[2026-04-03T03:19:01.638+0600][61.190s][info][gc,phases   ] GC(173) y: Young Generation 620M(62%)->336M(34%) 0.043s
[2026-04-03T03:19:01.638+0600][61.190s][info][gc          ] GC(173) Minor Collection (Allocation Rate) 620M(62%)->336M(34%) 0.044s
[2026-04-03T03:19:01.638+0600][61.190s][info][gc,task     ] GC(169) O: Using 3 Workers for Old Generation
[2026-04-03T03:19:01.643+0600][61.195s][info][gc,task     ] Adjusting Workers for Old Generation: 3 -> 1
[2026-04-03T03:19:01.662+0600][61.214s][info][gc,task     ] GC(169) O: Using 1 Workers for Old Generation
[2026-04-03T03:19:01.662+0600][61.214s][info][gc,phases   ] GC(169) O: Concurrent Remap Roots 23.954ms
[2026-04-03T03:19:01.662+0600][61.214s][info][gc,phases   ] GC(169) O: Pause Relocate Start 0.024ms
[2026-04-03T03:19:01.662+0600][61.214s][info][gc          ] GC(174) Minor Collection (Allocation Rate)
[2026-04-03T03:19:01.662+0600][61.215s][info][gc,task     ] GC(174) Using 2 Workers for Young Generation
[2026-04-03T03:19:01.662+0600][61.215s][info][gc,phases   ] GC(174) y: Young Generation
[2026-04-03T03:19:01.662+0600][61.215s][info][gc,phases   ] GC(174) y: Pause Mark Start 0.040ms
[2026-04-03T03:19:01.681+0600][61.233s][info][gc,phases   ] GC(169) O: Concurrent Relocate 18.745ms
[2026-04-03T03:19:01.683+0600][61.235s][info][gc,phases   ] GC(174) y: Concurrent Mark 20.072ms
[2026-04-03T03:19:01.683+0600][61.235s][info][gc,phases   ] GC(174) y: Pause Mark End 0.026ms
[2026-04-03T03:19:01.683+0600][61.235s][info][gc,phases   ] GC(174) y: Concurrent Mark Free 0.003ms
[2026-04-03T03:19:01.683+0600][61.235s][info][gc,phases   ] GC(174) y: Concurrent Reset Relocation Set 0.012ms
[2026-04-03T03:19:01.686+0600][61.238s][info][gc,reloc    ] GC(174) y: Using tenuring threshold: 2 (Computed)
[2026-04-03T03:19:01.686+0600][61.239s][info][gc,phases   ] GC(174) y: Concurrent Select Relocation Set 3.274ms
[2026-04-03T03:19:01.687+0600][61.239s][info][gc,phases   ] GC(174) y: Pause Relocate Start 0.047ms
[2026-04-03T03:19:01.687+0600][61.240s][info][gc,phases   ] GC(174) y: Concurrent Relocate 0.462ms
[2026-04-03T03:19:01.687+0600][61.240s][info][gc,alloc    ] GC(174) y:                         Mark Start        Mark End      Relocate Start    Relocate End   
[2026-04-03T03:19:01.687+0600][61.240s][info][gc,alloc    ] GC(174) y: Allocation Stalls:          0                0                0                0         
[2026-04-03T03:19:01.687+0600][61.240s][info][gc,load     ] GC(174) y: Load: 4.94 (41%) / 5.04 (42%) / 5.50 (46%)
[2026-04-03T03:19:01.687+0600][61.240s][info][gc,mmu      ] GC(174) y: MMU: 2ms/90.1%, 5ms/96.1%, 10ms/98.0%, 20ms/98.5%, 50ms/99.4%, 100ms/99.6%
[2026-04-03T03:19:01.687+0600][61.240s][info][gc,marking  ] GC(174) y: Mark: 2 stripe(s), 2 proactive flush(es), 1 terminate flush(es), 0 completion(s), 0 continuation(s) 
[2026-04-03T03:19:01.687+0600][61.240s][info][gc,marking  ] GC(174) y: Mark Stack Usage: 32M
[2026-04-03T03:19:01.687+0600][61.240s][info][gc,nmethod  ] GC(174) y: NMethods: 7021 registered, 804 unregistered
[2026-04-03T03:19:01.687+0600][61.240s][info][gc,metaspace] GC(174) y: Metaspace: 71M used, 72M committed, 1088M reserved
[2026-04-03T03:19:01.687+0600][61.240s][info][gc,reloc    ] GC(174) y:                        Candidates     Selected     In-Place         Size        Empty    Relocated 
[2026-04-03T03:19:01.687+0600][61.240s][info][gc,reloc    ] GC(174) y: Small Pages:                   18           13            0          36M           8M           0M 
[2026-04-03T03:19:01.687+0600][61.240s][info][gc,reloc    ] GC(174) y: Medium Pages:                   1            0            0          16M          16M           0M 
[2026-04-03T03:19:01.688+0600][61.240s][info][gc,reloc    ] GC(174) y: Large Pages:                    0            0            0           0M           0M           0M 
[2026-04-03T03:19:01.688+0600][61.240s][info][gc,reloc    ] GC(174) y: Forwarding Usage: 0M
[2026-04-03T03:19:01.688+0600][61.240s][info][gc,reloc    ] GC(174) y: Age Table:
[2026-04-03T03:19:01.688+0600][61.240s][info][gc,reloc    ] GC(174) y:                    Live             Garbage             Small              Medium             Large        
[2026-04-03T03:19:01.688+0600][61.240s][info][gc,reloc    ] GC(174) y: Eden               0M (0%)           47M (5%)          16 / 11             1 / 0              0 / 0        
[2026-04-03T03:19:01.688+0600][61.240s][info][gc,reloc    ] GC(174) y: Survivor 1         0M (0%)            3M (0%)           2 / 2              0 / 0              0 / 0        
[2026-04-03T03:19:01.688+0600][61.240s][info][gc,heap     ] GC(174) y: Min Capacity: 8M(1%)
[2026-04-03T03:19:01.688+0600][61.240s][info][gc,heap     ] GC(174) y: Max Capacity: 1000M(100%)
[2026-04-03T03:19:01.688+0600][61.240s][info][gc,heap     ] GC(174) y: Soft Max Capacity: 1000M(100%)
[2026-04-03T03:19:01.688+0600][61.240s][info][gc,heap     ] GC(174) y: Heap Statistics:
[2026-04-03T03:19:01.688+0600][61.240s][info][gc,heap     ] GC(174) y:                Mark Start          Mark End        Relocate Start      Relocate End           High               Low         
[2026-04-03T03:19:01.688+0600][61.240s][info][gc,heap     ] GC(174) y:  Capacity:     1000M (100%)       1000M (100%)       1000M (100%)       1000M (100%)       1000M (100%)       1000M (100%)   
[2026-04-03T03:19:01.688+0600][61.240s][info][gc,heap     ] GC(174) y:      Free:      648M (65%)         660M (66%)         684M (68%)         704M (70%)         704M (70%)         644M (64%)    
[2026-04-03T03:19:01.688+0600][61.240s][info][gc,heap     ] GC(174) y:      Used:      352M (35%)         340M (34%)         316M (32%)         296M (30%)         356M (36%)         296M (30%)    
[2026-04-03T03:19:01.688+0600][61.240s][info][gc,heap     ] GC(174) y: Young Generation Statistics:
[2026-04-03T03:19:01.688+0600][61.240s][info][gc,heap     ] GC(174) y:                Mark Start          Mark End        Relocate Start      Relocate End    
[2026-04-03T03:19:01.688+0600][61.240s][info][gc,heap     ] GC(174) y:      Used:       52M (5%)           74M (7%)           50M (5%)           30M (3%)     
[2026-04-03T03:19:01.688+0600][61.240s][info][gc,heap     ] GC(174) y:      Live:         -                 0M (0%)            0M (0%)            0M (0%)     
[2026-04-03T03:19:01.688+0600][61.240s][info][gc,heap     ] GC(174) y:   Garbage:         -                51M (5%)           27M (3%)            0M (0%)     
[2026-04-03T03:19:01.688+0600][61.240s][info][gc,heap     ] GC(174) y: Allocated:         -                22M (2%)           22M (2%)           29M (3%)     
[2026-04-03T03:19:01.688+0600][61.240s][info][gc,heap     ] GC(174) y: Reclaimed:         -                  -                24M (2%)           51M (5%)     
[2026-04-03T03:19:01.688+0600][61.240s][info][gc,heap     ] GC(174) y:  Promoted:         -                  -                 0M (0%)            0M (0%)     
[2026-04-03T03:19:01.688+0600][61.240s][info][gc,heap     ] GC(174) y: Compacted:         -                  -                  -                 0M (0%)     
[2026-04-03T03:19:01.688+0600][61.240s][info][gc,phases   ] GC(174) y: Young Generation 352M(35%)->296M(30%) 0.025s
[2026-04-03T03:19:01.688+0600][61.240s][info][gc          ] GC(174) Minor Collection (Allocation Rate) 352M(35%)->296M(30%) 0.026s
[2026-04-03T03:19:01.688+0600][61.240s][info][gc,alloc    ] GC(169) O:                         Mark Start        Mark End      Relocate Start    Relocate End   
[2026-04-03T03:19:01.688+0600][61.240s][info][gc,alloc    ] GC(169) O: Allocation Stalls:          0                0                0                0         
[2026-04-03T03:19:01.688+0600][61.240s][info][gc,load     ] GC(169) O: Load: 4.94 (41%) / 5.04 (42%) / 5.50 (46%)
[2026-04-03T03:19:01.688+0600][61.240s][info][gc,mmu      ] GC(169) O: MMU: 2ms/90.1%, 5ms/96.1%, 10ms/98.0%, 20ms/98.5%, 50ms/99.4%, 100ms/99.6%
[2026-04-03T03:19:01.688+0600][61.240s][info][gc,marking  ] GC(169) O: Mark: 1 stripe(s), 2 proactive flush(es), 1 terminate flush(es), 0 completion(s), 0 continuation(s) 
[2026-04-03T03:19:01.688+0600][61.240s][info][gc,marking  ] GC(169) O: Mark Stack Usage: 32M
[2026-04-03T03:19:01.688+0600][61.240s][info][gc,nmethod  ] GC(169) O: NMethods: 7022 registered, 804 unregistered
[2026-04-03T03:19:01.688+0600][61.240s][info][gc,metaspace] GC(169) O: Metaspace: 71M used, 72M committed, 1088M reserved
[2026-04-03T03:19:01.688+0600][61.240s][info][gc,ref      ] GC(169) O:                       Encountered   Discovered     Enqueued 
[2026-04-03T03:19:01.688+0600][61.240s][info][gc,ref      ] GC(169) O: Soft References:             5107            0            0 
[2026-04-03T03:19:01.688+0600][61.240s][info][gc,ref      ] GC(169) O: Weak References:             7680         5500          277 
[2026-04-03T03:19:01.688+0600][61.240s][info][gc,ref      ] GC(169) O: Final References:              84           48            0 
[2026-04-03T03:19:01.688+0600][61.240s][info][gc,ref      ] GC(169) O: Phantom References:           615          594            0 
[2026-04-03T03:19:01.688+0600][61.240s][info][gc,reloc    ] GC(169) O:                        Candidates     Selected     In-Place         Size        Empty    Relocated 
[2026-04-03T03:19:01.688+0600][61.240s][info][gc,reloc    ] GC(169) O: Small Pages:                  157           19            0         314M         112M           3M 
[2026-04-03T03:19:01.688+0600][61.240s][info][gc,reloc    ] GC(169) O: Medium Pages:                   1            0            0          16M           0M           0M 
[2026-04-03T03:19:01.688+0600][61.240s][info][gc,reloc    ] GC(169) O: Large Pages:                   11            0            0          88M          84M           0M 
[2026-04-03T03:19:01.688+0600][61.240s][info][gc,reloc    ] GC(169) O: Forwarding Usage: 2M
[2026-04-03T03:19:01.688+0600][61.240s][info][gc,heap     ] GC(169) O: Min Capacity: 8M(1%)
[2026-04-03T03:19:01.688+0600][61.240s][info][gc,heap     ] GC(169) O: Max Capacity: 1000M(100%)
[2026-04-03T03:19:01.688+0600][61.240s][info][gc,heap     ] GC(169) O: Soft Max Capacity: 1000M(100%)
[2026-04-03T03:19:01.688+0600][61.240s][info][gc,heap     ] GC(169) O: Heap Statistics:
[2026-04-03T03:19:01.688+0600][61.241s][info][gc,heap     ] GC(169) O:                Mark Start          Mark End        Relocate Start      Relocate End           High               Low         
[2026-04-03T03:19:01.688+0600][61.241s][info][gc,heap     ] GC(169) O:  Capacity:     1000M (100%)       1000M (100%)       1000M (100%)       1000M (100%)       1000M (100%)       1000M (100%)   
[2026-04-03T03:19:01.688+0600][61.241s][info][gc,heap     ] GC(169) O:      Free:      332M (33%)         380M (38%)         648M (65%)         660M (66%)         674M (67%)         304M (30%)    
[2026-04-03T03:19:01.688+0600][61.241s][info][gc,heap     ] GC(169) O:      Used:      668M (67%)         620M (62%)         352M (35%)         340M (34%)         696M (70%)         326M (33%)    
[2026-04-03T03:19:01.688+0600][61.241s][info][gc,heap     ] GC(169) O: Old Generation Statistics:
[2026-04-03T03:19:01.688+0600][61.241s][info][gc,heap     ] GC(169) O:                Mark Start          Mark End        Relocate Start      Relocate End    
[2026-04-03T03:19:01.688+0600][61.241s][info][gc,heap     ] GC(169) O:      Used:      418M (42%)         484M (48%)         300M (30%)         266M (27%)    
[2026-04-03T03:19:01.688+0600][61.241s][info][gc,heap     ] GC(169) O:      Live:         -               172M (17%)         172M (17%)         172M (17%)    
[2026-04-03T03:19:01.688+0600][61.241s][info][gc,heap     ] GC(169) O:   Garbage:         -               245M (25%)          49M (5%)           10M (1%)     
[2026-04-03T03:19:01.688+0600][61.241s][info][gc,heap     ] GC(169) O: Allocated:         -                66M (7%)           78M (8%)           82M (8%)     
[2026-04-03T03:19:01.688+0600][61.241s][info][gc,heap     ] GC(169) O: Reclaimed:         -                  -               196M (20%)         234M (23%)    
[2026-04-03T03:19:01.688+0600][61.241s][info][gc,heap     ] GC(169) O: Compacted:         -                  -                  -                 5M (1%)     
[2026-04-03T03:19:01.688+0600][61.241s][info][gc,phases   ] GC(169) O: Old Generation 500M(50%)->340M(34%) 1.022s
[2026-04-03T03:19:01.688+0600][61.241s][info][gc          ] GC(169) Major Collection (Allocation Rate) 668M(67%)->296M(30%) 1.085s
[2026-04-03T03:19:01.779+0600][61.331s][info][gc          ] GC(175) Minor Collection (Allocation Rate)
[2026-04-03T03:19:01.779+0600][61.331s][info][gc,task     ] GC(175) Using 2 Workers for Young Generation
[2026-04-03T03:19:01.779+0600][61.331s][info][gc,phases   ] GC(175) y: Young Generation
[2026-04-03T03:19:01.779+0600][61.331s][info][gc,phases   ] GC(175) y: Pause Mark Start 0.051ms
[2026-04-03T03:19:01.819+0600][61.371s][info][gc,phases   ] GC(175) y: Concurrent Mark 39.706ms
[2026-04-03T03:19:01.819+0600][61.371s][info][gc,phases   ] GC(175) y: Pause Mark End 0.053ms
[2026-04-03T03:19:01.819+0600][61.372s][info][gc,phases   ] GC(175) y: Concurrent Mark Free 0.002ms
[2026-04-03T03:19:01.819+0600][61.372s][info][gc,phases   ] GC(175) y: Concurrent Reset Relocation Set 0.005ms
[2026-04-03T03:19:01.821+0600][61.374s][info][gc,reloc    ] GC(175) y: Using tenuring threshold: 3 (Computed)
[2026-04-03T03:19:01.828+0600][61.380s][info][gc,phases   ] GC(175) y: Concurrent Select Relocation Set 8.604ms
[2026-04-03T03:19:01.828+0600][61.381s][info][gc,phases   ] GC(175) y: Pause Relocate Start 0.023ms
[2026-04-03T03:19:01.850+0600][61.403s][info][gc,phases   ] GC(175) y: Concurrent Relocate 21.815ms
[2026-04-03T03:19:01.851+0600][61.403s][info][gc,alloc    ] GC(175) y:                         Mark Start        Mark End      Relocate Start    Relocate End   
[2026-04-03T03:19:01.851+0600][61.403s][info][gc,alloc    ] GC(175) y: Allocation Stalls:          0                0                0                0         
[2026-04-03T03:19:01.851+0600][61.403s][info][gc,load     ] GC(175) y: Load: 4.94 (41%) / 5.04 (42%) / 5.50 (46%)
[2026-04-03T03:19:01.851+0600][61.403s][info][gc,mmu      ] GC(175) y: MMU: 2ms/90.1%, 5ms/96.1%, 10ms/98.0%, 20ms/98.5%, 50ms/99.4%, 100ms/99.6%
[2026-04-03T03:19:01.851+0600][61.403s][info][gc,marking  ] GC(175) y: Mark: 2 stripe(s), 2 proactive flush(es), 1 terminate flush(es), 0 completion(s), 0 continuation(s) 
[2026-04-03T03:19:01.851+0600][61.403s][info][gc,marking  ] GC(175) y: Mark Stack Usage: 32M
[2026-04-03T03:19:01.851+0600][61.403s][info][gc,nmethod  ] GC(175) y: NMethods: 7029 registered, 804 unregistered
[2026-04-03T03:19:01.851+0600][61.403s][info][gc,metaspace] GC(175) y: Metaspace: 71M used, 72M committed, 1088M reserved
[2026-04-03T03:19:01.851+0600][61.403s][info][gc,reloc    ] GC(175) y:                        Candidates     Selected     In-Place         Size        Empty    Relocated 
[2026-04-03T03:19:01.851+0600][61.403s][info][gc,reloc    ] GC(175) y: Small Pages:                  110          101            0         220M           0M          12M 
[2026-04-03T03:19:01.851+0600][61.403s][info][gc,reloc    ] GC(175) y: Medium Pages:                   1            0            0          16M           0M           0M 
[2026-04-03T03:19:01.851+0600][61.403s][info][gc,reloc    ] GC(175) y: Large Pages:                    1            0            0           6M           6M           0M 
[2026-04-03T03:19:01.851+0600][61.403s][info][gc,reloc    ] GC(175) y: Forwarding Usage: 12M
[2026-04-03T03:19:01.851+0600][61.403s][info][gc,reloc    ] GC(175) y: Age Table:
[2026-04-03T03:19:01.851+0600][61.403s][info][gc,reloc    ] GC(175) y:                    Live             Garbage             Small              Medium             Large        
[2026-04-03T03:19:01.851+0600][61.403s][info][gc,reloc    ] GC(175) y: Eden              16M (2%)          217M (22%)        106 / 97             1 / 0              1 / 0        
[2026-04-03T03:19:01.851+0600][61.403s][info][gc,reloc    ] GC(175) y: Survivor 1         0M (0%)            3M (0%)           2 / 2              0 / 0              0 / 0        
[2026-04-03T03:19:01.851+0600][61.403s][info][gc,reloc    ] GC(175) y: Survivor 2         0M (0%)            3M (0%)           2 / 2              0 / 0              0 / 0        
[2026-04-03T03:19:01.851+0600][61.403s][info][gc,heap     ] GC(175) y: Min Capacity: 8M(1%)
[2026-04-03T03:19:01.851+0600][61.403s][info][gc,heap     ] GC(175) y: Max Capacity: 1000M(100%)
[2026-04-03T03:19:01.851+0600][61.403s][info][gc,heap     ] GC(175) y: Soft Max Capacity: 1000M(100%)
[2026-04-03T03:19:01.851+0600][61.403s][info][gc,heap     ] GC(175) y: Heap Statistics:
[2026-04-03T03:19:01.851+0600][61.403s][info][gc,heap     ] GC(175) y:                Mark Start          Mark End        Relocate Start      Relocate End           High               Low         
[2026-04-03T03:19:01.851+0600][61.403s][info][gc,heap     ] GC(175) y:  Capacity:     1000M (100%)       1000M (100%)       1000M (100%)       1000M (100%)       1000M (100%)       1000M (100%)   
[2026-04-03T03:19:01.851+0600][61.403s][info][gc,heap     ] GC(175) y:      Free:      492M (49%)         418M (42%)         408M (41%)         564M (56%)         564M (56%)         400M (40%)    
[2026-04-03T03:19:01.851+0600][61.403s][info][gc,heap     ] GC(175) y:      Used:      508M (51%)         582M (58%)         592M (59%)         436M (44%)         600M (60%)         436M (44%)    
[2026-04-03T03:19:01.851+0600][61.403s][info][gc,heap     ] GC(175) y: Young Generation Statistics:
[2026-04-03T03:19:01.851+0600][61.403s][info][gc,heap     ] GC(175) y:                Mark Start          Mark End        Relocate Start      Relocate End    
[2026-04-03T03:19:01.851+0600][61.403s][info][gc,heap     ] GC(175) y:      Used:      242M (24%)         316M (32%)         326M (33%)         170M (17%)    
[2026-04-03T03:19:01.851+0600][61.403s][info][gc,heap     ] GC(175) y:      Live:         -                17M (2%)           17M (2%)           17M (2%)     
[2026-04-03T03:19:01.851+0600][61.403s][info][gc,heap     ] GC(175) y:   Garbage:         -               224M (22%)         218M (22%)          14M (1%)     
[2026-04-03T03:19:01.851+0600][61.403s][info][gc,heap     ] GC(175) y: Allocated:         -                74M (7%)           90M (9%)          138M (14%)    
[2026-04-03T03:19:01.851+0600][61.403s][info][gc,heap     ] GC(175) y: Reclaimed:         -                  -                 6M (1%)          210M (21%)    
[2026-04-03T03:19:01.851+0600][61.403s][info][gc,heap     ] GC(175) y:  Promoted:         -                  -                 0M (0%)            0M (0%)     
[2026-04-03T03:19:01.851+0600][61.403s][info][gc,heap     ] GC(175) y: Compacted:         -                  -                  -                13M (1%)     
[2026-04-03T03:19:01.851+0600][61.403s][info][gc,phases   ] GC(175) y: Young Generation 508M(51%)->436M(44%) 0.072s
[2026-04-03T03:19:01.851+0600][61.403s][info][gc          ] GC(175) Minor Collection (Allocation Rate) 508M(51%)->438M(44%) 0.072s
[2026-04-03T03:19:01.905+0600][61.457s][info][gc          ] GC(176) Minor Collection (Allocation Rate)
[2026-04-03T03:19:01.905+0600][61.457s][info][gc,task     ] GC(176) Using 2 Workers for Young Generation
[2026-04-03T03:19:01.905+0600][61.457s][info][gc,phases   ] GC(176) y: Young Generation
[2026-04-03T03:19:01.905+0600][61.457s][info][gc,phases   ] GC(176) y: Pause Mark Start 0.017ms
[2026-04-03T03:19:02.014+0600][61.566s][info][gc,phases   ] GC(176) y: Concurrent Mark 108.907ms
[2026-04-03T03:19:02.015+0600][61.567s][info][gc,phases   ] GC(176) y: Pause Mark End 0.026ms
[2026-04-03T03:19:02.015+0600][61.567s][info][gc,phases   ] GC(176) y: Concurrent Mark Free 0.002ms
[2026-04-03T03:19:02.015+0600][61.567s][info][gc,phases   ] GC(176) y: Concurrent Reset Relocation Set 0.023ms
[2026-04-03T03:19:02.040+0600][61.592s][info][gc,reloc    ] GC(176) y: Using tenuring threshold: 4 (Computed)
[2026-04-03T03:19:02.048+0600][61.600s][info][gc,phases   ] GC(176) y: Concurrent Select Relocation Set 10.106ms
[2026-04-03T03:19:02.048+0600][61.600s][info][gc,phases   ] GC(176) y: Pause Relocate Start 0.059ms
[2026-04-03T03:19:02.049+0600][61.601s][info][gc,task     ] Adjusting Workers for Young Generation: 2 -> 3
[2026-04-03T03:19:02.091+0600][61.643s][info][gc,phases   ] GC(176) y: Concurrent Relocate 42.422ms
[2026-04-03T03:19:02.091+0600][61.643s][info][gc,alloc    ] GC(176) y:                         Mark Start        Mark End      Relocate Start    Relocate End   
[2026-04-03T03:19:02.091+0600][61.643s][info][gc,alloc    ] GC(176) y: Allocation Stalls:          0                0                0                0         
[2026-04-03T03:19:02.091+0600][61.643s][info][gc,load     ] GC(176) y: Load: 4.94 (41%) / 5.04 (42%) / 5.50 (46%)
[2026-04-03T03:19:02.091+0600][61.643s][info][gc,mmu      ] GC(176) y: MMU: 2ms/90.1%, 5ms/96.1%, 10ms/98.0%, 20ms/98.5%, 50ms/99.4%, 100ms/99.6%
[2026-04-03T03:19:02.091+0600][61.643s][info][gc,marking  ] GC(176) y: Mark: 2 stripe(s), 2 proactive flush(es), 1 terminate flush(es), 0 completion(s), 0 continuation(s) 
[2026-04-03T03:19:02.091+0600][61.643s][info][gc,marking  ] GC(176) y: Mark Stack Usage: 32M
[2026-04-03T03:19:02.091+0600][61.643s][info][gc,nmethod  ] GC(176) y: NMethods: 7029 registered, 804 unregistered
[2026-04-03T03:19:02.091+0600][61.643s][info][gc,metaspace] GC(176) y: Metaspace: 71M used, 72M committed, 1088M reserved
[2026-04-03T03:19:02.091+0600][61.643s][info][gc,reloc    ] GC(176) y:                        Candidates     Selected     In-Place         Size        Empty    Relocated 
[2026-04-03T03:19:02.091+0600][61.643s][info][gc,reloc    ] GC(176) y: Small Pages:                  132          107            0         264M           2M          24M 
[2026-04-03T03:19:02.091+0600][61.643s][info][gc,reloc    ] GC(176) y: Medium Pages:                   1            0            0          16M          16M           0M 
[2026-04-03T03:19:02.091+0600][61.643s][info][gc,reloc    ] GC(176) y: Large Pages:                    3            0            0          12M           0M           0M 
[2026-04-03T03:19:02.091+0600][61.643s][info][gc,reloc    ] GC(176) y: Forwarding Usage: 27M
[2026-04-03T03:19:02.091+0600][61.643s][info][gc,reloc    ] GC(176) y: Age Table:
[2026-04-03T03:19:02.091+0600][61.643s][info][gc,reloc    ] GC(176) y:                    Live             Garbage             Small              Medium             Large        
[2026-04-03T03:19:02.091+0600][61.643s][info][gc,reloc    ] GC(176) y: Eden              39M (4%)          206M (21%)        117 / 101            0 / 0              3 / 0        
[2026-04-03T03:19:02.091+0600][61.643s][info][gc,reloc    ] GC(176) y: Survivor 1        13M (1%)           24M (2%)          11 / 3              1 / 0              0 / 0        
[2026-04-03T03:19:02.091+0600][61.643s][info][gc,reloc    ] GC(176) y: Survivor 2         0M (0%)            3M (0%)           2 / 2              0 / 0              0 / 0        
[2026-04-03T03:19:02.091+0600][61.643s][info][gc,reloc    ] GC(176) y: Survivor 3         0M (0%)            3M (0%)           2 / 1              0 / 0              0 / 0        
[2026-04-03T03:19:02.091+0600][61.643s][info][gc,heap     ] GC(176) y: Min Capacity: 8M(1%)
[2026-04-03T03:19:02.091+0600][61.643s][info][gc,heap     ] GC(176) y: Max Capacity: 1000M(100%)
[2026-04-03T03:19:02.091+0600][61.643s][info][gc,heap     ] GC(176) y: Soft Max Capacity: 1000M(100%)
[2026-04-03T03:19:02.091+0600][61.643s][info][gc,heap     ] GC(176) y: Heap Statistics:
[2026-04-03T03:19:02.091+0600][61.643s][info][gc,heap     ] GC(176) y:                Mark Start          Mark End        Relocate Start      Relocate End           High               Low         
[2026-04-03T03:19:02.091+0600][61.643s][info][gc,heap     ] GC(176) y:  Capacity:     1000M (100%)       1000M (100%)       1000M (100%)       1000M (100%)       1000M (100%)       1000M (100%)   
[2026-04-03T03:19:02.091+0600][61.643s][info][gc,heap     ] GC(176) y:      Free:      442M (44%)         244M (24%)         188M (19%)         358M (36%)         442M (44%)         180M (18%)    
[2026-04-03T03:19:02.091+0600][61.643s][info][gc,heap     ] GC(176) y:      Used:      558M (56%)         756M (76%)         812M (81%)         642M (64%)         820M (82%)         558M (56%)    
[2026-04-03T03:19:02.091+0600][61.643s][info][gc,heap     ] GC(176) y: Young Generation Statistics:
[2026-04-03T03:19:02.091+0600][61.644s][info][gc,heap     ] GC(176) y:                Mark Start          Mark End        Relocate Start      Relocate End    
[2026-04-03T03:19:02.091+0600][61.644s][info][gc,heap     ] GC(176) y:      Used:      292M (29%)         490M (49%)         546M (55%)         376M (38%)    
[2026-04-03T03:19:02.091+0600][61.644s][info][gc,heap     ] GC(176) y:      Live:         -                53M (5%)           53M (5%)           53M (5%)     
[2026-04-03T03:19:02.091+0600][61.644s][info][gc,heap     ] GC(176) y:   Garbage:         -               238M (24%)         220M (22%)           1M (0%)     
[2026-04-03T03:19:02.091+0600][61.644s][info][gc,heap     ] GC(176) y: Allocated:         -               198M (20%)         272M (27%)         321M (32%)    
[2026-04-03T03:19:02.091+0600][61.644s][info][gc,heap     ] GC(176) y: Reclaimed:         -                  -                18M (2%)          237M (24%)    
[2026-04-03T03:19:02.091+0600][61.644s][info][gc,heap     ] GC(176) y:  Promoted:         -                  -                 0M (0%)            0M (0%)     
[2026-04-03T03:19:02.091+0600][61.644s][info][gc,heap     ] GC(176) y: Compacted:         -                  -                  -                28M (3%)     
[2026-04-03T03:19:02.091+0600][61.644s][info][gc,phases   ] GC(176) y: Young Generation 558M(56%)->642M(64%) 0.186s
[2026-04-03T03:19:02.091+0600][61.644s][info][gc          ] GC(176) Minor Collection (Allocation Rate) 558M(56%)->642M(64%) 0.186s
[2026-04-03T03:19:02.092+0600][61.644s][info][gc          ] GC(177) Minor Collection (Allocation Rate)
[2026-04-03T03:19:02.092+0600][61.644s][info][gc,task     ] GC(177) Using 3 Workers for Young Generation
[2026-04-03T03:19:02.092+0600][61.644s][info][gc,phases   ] GC(177) y: Young Generation
[2026-04-03T03:19:02.092+0600][61.644s][info][gc,phases   ] GC(177) y: Pause Mark Start 0.075ms
[2026-04-03T03:19:02.291+0600][61.844s][info][gc,phases   ] GC(177) y: Concurrent Mark 199.113ms
[2026-04-03T03:19:02.292+0600][61.844s][info][gc,phases   ] GC(177) y: Pause Mark End 0.053ms
[2026-04-03T03:19:02.292+0600][61.844s][info][gc,phases   ] GC(177) y: Concurrent Mark Free 0.005ms
[2026-04-03T03:19:02.292+0600][61.844s][info][gc,phases   ] GC(177) y: Concurrent Reset Relocation Set 0.024ms
[2026-04-03T03:19:02.294+0600][61.847s][info][gc,reloc    ] GC(177) y: Using tenuring threshold: 5 (Computed)
[2026-04-03T03:19:02.301+0600][61.854s][info][gc,phases   ] GC(177) y: Concurrent Select Relocation Set 9.401ms
[2026-04-03T03:19:02.302+0600][61.854s][info][gc,phases   ] GC(177) y: Pause Relocate Start 0.037ms
[2026-04-03T03:19:02.374+0600][61.926s][info][gc,phases   ] GC(177) y: Concurrent Relocate 71.754ms
[2026-04-03T03:19:02.374+0600][61.926s][info][gc,alloc    ] GC(177) y:                         Mark Start        Mark End      Relocate Start    Relocate End   
[2026-04-03T03:19:02.374+0600][61.926s][info][gc,alloc    ] GC(177) y: Allocation Stalls:          0                0                0                0         
[2026-04-03T03:19:02.374+0600][61.926s][info][gc,load     ] GC(177) y: Load: 4.94 (41%) / 5.04 (42%) / 5.50 (46%)
[2026-04-03T03:19:02.374+0600][61.926s][info][gc,mmu      ] GC(177) y: MMU: 2ms/90.1%, 5ms/96.1%, 10ms/98.0%, 20ms/98.5%, 50ms/99.4%, 100ms/99.6%
[2026-04-03T03:19:02.374+0600][61.926s][info][gc,marking  ] GC(177) y: Mark: 2 stripe(s), 2 proactive flush(es), 1 terminate flush(es), 0 completion(s), 0 continuation(s) 
[2026-04-03T03:19:02.374+0600][61.926s][info][gc,marking  ] GC(177) y: Mark Stack Usage: 32M
[2026-04-03T03:19:02.374+0600][61.926s][info][gc,nmethod  ] GC(177) y: NMethods: 7032 registered, 804 unregistered
[2026-04-03T03:19:02.374+0600][61.926s][info][gc,metaspace] GC(177) y: Metaspace: 71M used, 72M committed, 1088M reserved
[2026-04-03T03:19:02.374+0600][61.926s][info][gc,reloc    ] GC(177) y:                        Candidates     Selected     In-Place         Size        Empty    Relocated 
[2026-04-03T03:19:02.374+0600][61.926s][info][gc,reloc    ] GC(177) y: Small Pages:                  165          124            0         330M           0M          28M 
[2026-04-03T03:19:02.374+0600][61.927s][info][gc,reloc    ] GC(177) y: Medium Pages:                   1            0            0          16M           0M           0M 
[2026-04-03T03:19:02.374+0600][61.927s][info][gc,reloc    ] GC(177) y: Large Pages:                    6            0            0          30M          12M           0M 
[2026-04-03T03:19:02.374+0600][61.927s][info][gc,reloc    ] GC(177) y: Forwarding Usage: 32M
[2026-04-03T03:19:02.374+0600][61.927s][info][gc,reloc    ] GC(177) y: Age Table:
[2026-04-03T03:19:02.374+0600][61.927s][info][gc,reloc    ] GC(177) y:                    Live             Garbage             Small              Medium             Large        
[2026-04-03T03:19:02.374+0600][61.927s][info][gc,reloc    ] GC(177) y: Eden              50M (5%)          247M (25%)        132 / 114            1 / 0              3 / 0        
[2026-04-03T03:19:02.374+0600][61.927s][info][gc,reloc    ] GC(177) y: Survivor 1        27M (3%)           22M (2%)          19 / 5              0 / 0              3 / 0        
[2026-04-03T03:19:02.374+0600][61.927s][info][gc,reloc    ] GC(177) y: Survivor 2        13M (1%)            8M (1%)          11 / 3              0 / 0              0 / 0        
[2026-04-03T03:19:02.374+0600][61.927s][info][gc,reloc    ] GC(177) y: Survivor 3         0M (0%)            1M (0%)           1 / 1              0 / 0              0 / 0        
[2026-04-03T03:19:02.374+0600][61.927s][info][gc,reloc    ] GC(177) y: Survivor 4         0M (0%)            3M (0%)           2 / 1              0 / 0              0 / 0        
[2026-04-03T03:19:02.374+0600][61.927s][info][gc,heap     ] GC(177) y: Min Capacity: 8M(1%)
[2026-04-03T03:19:02.374+0600][61.927s][info][gc,heap     ] GC(177) y: Max Capacity: 1000M(100%)
[2026-04-03T03:19:02.374+0600][61.927s][info][gc,heap     ] GC(177) y: Soft Max Capacity: 1000M(100%)
[2026-04-03T03:19:02.374+0600][61.927s][info][gc,heap     ] GC(177) y: Heap Statistics:
[2026-04-03T03:19:02.374+0600][61.927s][info][gc,heap     ] GC(177) y:                Mark Start          Mark End        Relocate Start      Relocate End           High               Low         
[2026-04-03T03:19:02.374+0600][61.927s][info][gc,heap     ] GC(177) y:  Capacity:     1000M (100%)       1000M (100%)       1000M (100%)       1000M (100%)       1000M (100%)       1000M (100%)   
[2026-04-03T03:19:02.375+0600][61.927s][info][gc,heap     ] GC(177) y:      Free:      358M (36%)         338M (34%)         350M (35%)         580M (58%)         580M (58%)         336M (34%)    
[2026-04-03T03:19:02.375+0600][61.927s][info][gc,heap     ] GC(177) y:      Used:      642M (64%)         662M (66%)         650M (65%)         420M (42%)         664M (66%)         420M (42%)    
[2026-04-03T03:19:02.375+0600][61.927s][info][gc,heap     ] GC(177) y: Young Generation Statistics:
[2026-04-03T03:19:02.375+0600][61.927s][info][gc,heap     ] GC(177) y:                Mark Start          Mark End        Relocate Start      Relocate End    
[2026-04-03T03:19:02.375+0600][61.927s][info][gc,heap     ] GC(177) y:      Used:      376M (38%)         396M (40%)         384M (38%)         154M (15%)    
[2026-04-03T03:19:02.375+0600][61.927s][info][gc,heap     ] GC(177) y:      Live:         -                92M (9%)           92M (9%)           92M (9%)     
[2026-04-03T03:19:02.375+0600][61.927s][info][gc,heap     ] GC(177) y:   Garbage:         -               283M (28%)         271M (27%)          18M (2%)     
[2026-04-03T03:19:02.375+0600][61.927s][info][gc,heap     ] GC(177) y: Allocated:         -                20M (2%)           20M (2%)           42M (4%)     
[2026-04-03T03:19:02.375+0600][61.927s][info][gc,heap     ] GC(177) y: Reclaimed:         -                  -                12M (1%)          264M (26%)    
[2026-04-03T03:19:02.375+0600][61.927s][info][gc,heap     ] GC(177) y:  Promoted:         -                  -                 0M (0%)            0M (0%)     
[2026-04-03T03:19:02.375+0600][61.927s][info][gc,heap     ] GC(177) y: Compacted:         -                  -                  -                33M (3%)     
[2026-04-03T03:19:02.375+0600][61.927s][info][gc,phases   ] GC(177) y: Young Generation 642M(64%)->420M(42%) 0.282s
[2026-04-03T03:19:02.375+0600][61.927s][info][gc          ] GC(177) Minor Collection (Allocation Rate) 642M(64%)->420M(42%) 0.283s
[2026-04-03T03:19:02.375+0600][61.927s][info][gc          ] GC(178) Major Collection (Allocation Rate)
[2026-04-03T03:19:02.375+0600][61.927s][info][gc,task     ] GC(178) Using 3 Workers for Young Generation
[2026-04-03T03:19:02.375+0600][61.927s][info][gc,task     ] GC(178) Using 1 Workers for Old Generation
[2026-04-03T03:19:02.375+0600][61.927s][info][gc,phases   ] GC(178) Y: Young Generation
[2026-04-03T03:19:02.375+0600][61.928s][info][gc,phases   ] GC(178) Y: Pause Mark Start (Major) 0.044ms
[2026-04-03T03:19:02.643+0600][62.195s][info][gc,phases   ] GC(178) Y: Concurrent Mark 266.798ms
[2026-04-03T03:19:02.643+0600][62.195s][info][gc,phases   ] GC(178) Y: Pause Mark End 0.191ms
[2026-04-03T03:19:02.643+0600][62.196s][info][gc,phases   ] GC(178) Y: Concurrent Mark Free 0.003ms
[2026-04-03T03:19:02.644+0600][62.196s][info][gc,phases   ] GC(178) Y: Concurrent Reset Relocation Set 0.027ms
[2026-04-03T03:19:02.646+0600][62.198s][info][gc,reloc    ] GC(178) Y: Using tenuring threshold: 1 (Computed)
[2026-04-03T03:19:02.687+0600][62.240s][info][gc,phases   ] GC(178) Y: Concurrent Select Relocation Set 43.879ms
[2026-04-03T03:19:02.688+0600][62.240s][info][gc,phases   ] GC(178) Y: Pause Relocate Start 0.030ms
[2026-04-03T03:19:02.769+0600][62.321s][info][gc,phases   ] GC(178) Y: Concurrent Relocate 80.940ms
[2026-04-03T03:19:02.769+0600][62.321s][info][gc,alloc    ] GC(178) Y:                         Mark Start        Mark End      Relocate Start    Relocate End   
[2026-04-03T03:19:02.769+0600][62.321s][info][gc,alloc    ] GC(178) Y: Allocation Stalls:          0                0                0                0         
[2026-04-03T03:19:02.769+0600][62.321s][info][gc,load     ] GC(178) Y: Load: 4.94 (41%) / 5.04 (42%) / 5.50 (46%)
[2026-04-03T03:19:02.769+0600][62.321s][info][gc,mmu      ] GC(178) Y: MMU: 2ms/90.1%, 5ms/96.1%, 10ms/98.0%, 20ms/98.5%, 50ms/99.4%, 100ms/99.6%
[2026-04-03T03:19:02.769+0600][62.321s][info][gc,marking  ] GC(178) Y: Mark: 2 stripe(s), 2 proactive flush(es), 1 terminate flush(es), 0 completion(s), 0 continuation(s) 
[2026-04-03T03:19:02.769+0600][62.321s][info][gc,marking  ] GC(178) Y: Mark Stack Usage: 32M
[2026-04-03T03:19:02.769+0600][62.321s][info][gc,nmethod  ] GC(178) Y: NMethods: 7036 registered, 804 unregistered
[2026-04-03T03:19:02.769+0600][62.321s][info][gc,metaspace] GC(178) Y: Metaspace: 71M used, 72M committed, 1088M reserved
[2026-04-03T03:19:02.769+0600][62.321s][info][gc,reloc    ] GC(178) Y:                        Candidates     Selected     In-Place         Size        Empty    Relocated 
[2026-04-03T03:19:02.769+0600][62.321s][info][gc,reloc    ] GC(178) Y: Small Pages:                   52           12            0         104M           2M           3M 
[2026-04-03T03:19:02.769+0600][62.321s][info][gc,reloc    ] GC(178) Y: Medium Pages:                   2            0            0          32M          16M           0M 
[2026-04-03T03:19:02.769+0600][62.321s][info][gc,reloc    ] GC(178) Y: Large Pages:                    3            0            0          18M           0M           0M 
[2026-04-03T03:19:02.769+0600][62.321s][info][gc,reloc    ] GC(178) Y: Forwarding Usage: 4M
[2026-04-03T03:19:02.769+0600][62.321s][info][gc,reloc    ] GC(178) Y: Age Table:
[2026-04-03T03:19:02.769+0600][62.321s][info][gc,reloc    ] GC(178) Y:                    Live             Garbage             Small              Medium             Large        
[2026-04-03T03:19:02.769+0600][62.321s][info][gc,reloc    ] GC(178) Y: Eden               3M (0%)           16M (2%)           2 / 0              1 / 0              0 / 0        
[2026-04-03T03:19:02.769+0600][62.321s][info][gc,reloc    ] GC(178) Y: Survivor 1        49M (5%)           24M (2%)          20 / 4              1 / 0              3 / 0        
[2026-04-03T03:19:02.769+0600][62.321s][info][gc,reloc    ] GC(178) Y: Survivor 2        27M (3%)            8M (1%)          18 / 3              0 / 0              0 / 0        
[2026-04-03T03:19:02.769+0600][62.322s][info][gc,reloc    ] GC(178) Y: Survivor 3        13M (1%)            4M (0%)           9 / 2              0 / 0              0 / 0        
[2026-04-03T03:19:02.769+0600][62.322s][info][gc,reloc    ] GC(178) Y: Survivor 4         0M (0%)            1M (0%)           1 / 1              0 / 0              0 / 0        
[2026-04-03T03:19:02.769+0600][62.322s][info][gc,reloc    ] GC(178) Y: Survivor 5         0M (0%)            3M (0%)           2 / 2              0 / 0              0 / 0        
[2026-04-03T03:19:02.769+0600][62.322s][info][gc,heap     ] GC(178) Y: Min Capacity: 8M(1%)
[2026-04-03T03:19:02.769+0600][62.322s][info][gc,heap     ] GC(178) Y: Max Capacity: 1000M(100%)
[2026-04-03T03:19:02.769+0600][62.322s][info][gc,heap     ] GC(178) Y: Soft Max Capacity: 1000M(100%)
[2026-04-03T03:19:02.769+0600][62.322s][info][gc,heap     ] GC(178) Y: Heap Statistics:
[2026-04-03T03:19:02.769+0600][62.322s][info][gc,heap     ] GC(178) Y:                Mark Start          Mark End        Relocate Start      Relocate End           High               Low         
[2026-04-03T03:19:02.769+0600][62.322s][info][gc,heap     ] GC(178) Y:  Capacity:     1000M (100%)       1000M (100%)       1000M (100%)       1000M (100%)       1000M (100%)       1000M (100%)   
[2026-04-03T03:19:02.769+0600][62.322s][info][gc,heap     ] GC(178) Y:      Free:      580M (58%)         498M (50%)         498M (50%)         494M (49%)         580M (58%)         486M (49%)    
[2026-04-03T03:19:02.769+0600][62.322s][info][gc,heap     ] GC(178) Y:      Used:      420M (42%)         502M (50%)         502M (50%)         506M (51%)         514M (51%)         420M (42%)    
[2026-04-03T03:19:02.769+0600][62.322s][info][gc,heap     ] GC(178) Y: Young Generation Statistics:
[2026-04-03T03:19:02.769+0600][62.322s][info][gc,heap     ] GC(178) Y:                Mark Start          Mark End        Relocate Start      Relocate End    
[2026-04-03T03:19:02.769+0600][62.322s][info][gc,heap     ] GC(178) Y:      Used:      154M (15%)         236M (24%)         146M (15%)         138M (14%)    
[2026-04-03T03:19:02.769+0600][62.322s][info][gc,heap     ] GC(178) Y:      Live:         -                94M (9%)            8M (1%)            3M (0%)     
[2026-04-03T03:19:02.769+0600][62.322s][info][gc,heap     ] GC(178) Y:   Garbage:         -                59M (6%)           37M (4%)           12M (1%)     
[2026-04-03T03:19:02.769+0600][62.322s][info][gc,heap     ] GC(178) Y: Allocated:         -                82M (8%)          100M (10%)         121M (12%)    
[2026-04-03T03:19:02.769+0600][62.322s][info][gc,heap     ] GC(178) Y: Reclaimed:         -                  -                21M (2%)           46M (5%)     
[2026-04-03T03:19:02.769+0600][62.322s][info][gc,heap     ] GC(178) Y:  Promoted:         -                  -                86M (9%)           91M (9%)     
[2026-04-03T03:19:02.769+0600][62.322s][info][gc,heap     ] GC(178) Y: Compacted:         -                  -                  -                 0M (0%)     
[2026-04-03T03:19:02.770+0600][62.322s][info][gc,phases   ] GC(178) Y: Young Generation 420M(42%)->506M(51%) 0.394s
[2026-04-03T03:19:02.770+0600][62.322s][info][gc,phases   ] GC(178) O: Old Generation
[2026-04-03T03:19:02.775+0600][62.327s][info][gc,task     ] Adjusting Workers for Old Generation: 1 -> 2
[2026-04-03T03:19:02.775+0600][62.327s][info][gc          ] GC(179) Minor Collection (Allocation Rate)
[2026-04-03T03:19:02.775+0600][62.327s][info][gc,task     ] GC(179) Using 1 Workers for Young Generation
[2026-04-03T03:19:02.775+0600][62.327s][info][gc,phases   ] GC(179) y: Young Generation
[2026-04-03T03:19:02.775+0600][62.327s][info][gc,phases   ] GC(179) y: Pause Mark Start 0.026ms
[2026-04-03T03:19:02.882+0600][62.434s][info][gc,phases   ] GC(179) y: Concurrent Mark 106.430ms
[2026-04-03T03:19:02.882+0600][62.434s][info][gc,phases   ] GC(179) y: Pause Mark End 0.039ms
[2026-04-03T03:19:02.882+0600][62.434s][info][gc,phases   ] GC(179) y: Concurrent Mark Free 0.005ms
[2026-04-03T03:19:02.882+0600][62.435s][info][gc,phases   ] GC(179) y: Concurrent Reset Relocation Set 0.120ms
[2026-04-03T03:19:02.886+0600][62.438s][info][gc,reloc    ] GC(179) y: Using tenuring threshold: 2 (Computed)
[2026-04-03T03:19:02.887+0600][62.439s][info][gc,phases   ] GC(179) y: Concurrent Select Relocation Set 4.057ms
[2026-04-03T03:19:02.887+0600][62.439s][info][gc,phases   ] GC(179) y: Pause Relocate Start 0.030ms
[2026-04-03T03:19:02.902+0600][62.455s][info][gc,phases   ] GC(179) y: Concurrent Relocate 15.168ms
[2026-04-03T03:19:02.903+0600][62.455s][info][gc,alloc    ] GC(179) y:                         Mark Start        Mark End      Relocate Start    Relocate End   
[2026-04-03T03:19:02.903+0600][62.455s][info][gc,alloc    ] GC(179) y: Allocation Stalls:          0                0                0                0         
[2026-04-03T03:19:02.903+0600][62.455s][info][gc,load     ] GC(179) y: Load: 4.94 (41%) / 5.04 (42%) / 5.50 (46%)
[2026-04-03T03:19:02.903+0600][62.455s][info][gc,mmu      ] GC(179) y: MMU: 2ms/90.1%, 5ms/96.1%, 10ms/98.0%, 20ms/98.5%, 50ms/99.4%, 100ms/99.6%
[2026-04-03T03:19:02.903+0600][62.455s][info][gc,marking  ] GC(179) y: Mark: 1 stripe(s), 2 proactive flush(es), 1 terminate flush(es), 0 completion(s), 0 continuation(s) 
[2026-04-03T03:19:02.903+0600][62.455s][info][gc,marking  ] GC(179) y: Mark Stack Usage: 32M
[2026-04-03T03:19:02.903+0600][62.455s][info][gc,nmethod  ] GC(179) y: NMethods: 7036 registered, 804 unregistered
[2026-04-03T03:19:02.903+0600][62.455s][info][gc,metaspace] GC(179) y: Metaspace: 71M used, 72M committed, 1088M reserved
[2026-04-03T03:19:02.903+0600][62.455s][info][gc,reloc    ] GC(179) y:                        Candidates     Selected     In-Place         Size        Empty    Relocated 
[2026-04-03T03:19:02.903+0600][62.455s][info][gc,reloc    ] GC(179) y: Small Pages:                   28            9            0          56M          36M           0M 
[2026-04-03T03:19:02.903+0600][62.455s][info][gc,reloc    ] GC(179) y: Medium Pages:                   4            2            0          64M           0M          14M 
[2026-04-03T03:19:02.903+0600][62.455s][info][gc,reloc    ] GC(179) y: Large Pages:                    5            0            0          20M          12M           0M 
[2026-04-03T03:19:02.903+0600][62.455s][info][gc,reloc    ] GC(179) y: Forwarding Usage: 0M
[2026-04-03T03:19:02.903+0600][62.455s][info][gc,reloc    ] GC(179) y: Age Table:
[2026-04-03T03:19:02.903+0600][62.455s][info][gc,reloc    ] GC(179) y:                    Live             Garbage             Small              Medium             Large        
[2026-04-03T03:19:02.903+0600][62.455s][info][gc,reloc    ] GC(179) y: Eden              30M (3%)           91M (9%)          27 / 9              3 / 2              5 / 0        
[2026-04-03T03:19:02.903+0600][62.455s][info][gc,reloc    ] GC(179) y: Survivor 1         1M (0%)           16M (2%)           1 / 0              1 / 0              0 / 0        
[2026-04-03T03:19:02.903+0600][62.455s][info][gc,heap     ] GC(179) y: Min Capacity: 8M(1%)
[2026-04-03T03:19:02.903+0600][62.455s][info][gc,heap     ] GC(179) y: Max Capacity: 1000M(100%)
[2026-04-03T03:19:02.903+0600][62.455s][info][gc,heap     ] GC(179) y: Soft Max Capacity: 1000M(100%)
[2026-04-03T03:19:02.903+0600][62.455s][info][gc,heap     ] GC(179) y: Heap Statistics:
[2026-04-03T03:19:02.903+0600][62.455s][info][gc,heap     ] GC(179) y:                Mark Start          Mark End        Relocate Start      Relocate End           High               Low         
[2026-04-03T03:19:02.903+0600][62.455s][info][gc,heap     ] GC(179) y:  Capacity:     1000M (100%)       1000M (100%)       1000M (100%)       1000M (100%)       1000M (100%)       1000M (100%)   
[2026-04-03T03:19:02.903+0600][62.455s][info][gc,heap     ] GC(179) y:      Free:      492M (49%)         444M (44%)         492M (49%)         504M (50%)         504M (50%)         422M (42%)    
[2026-04-03T03:19:02.903+0600][62.455s][info][gc,heap     ] GC(179) y:      Used:      508M (51%)         556M (56%)         508M (51%)         496M (50%)         578M (58%)         496M (50%)    
[2026-04-03T03:19:02.903+0600][62.455s][info][gc,heap     ] GC(179) y: Young Generation Statistics:
[2026-04-03T03:19:02.903+0600][62.455s][info][gc,heap     ] GC(179) y:                Mark Start          Mark End        Relocate Start      Relocate End    
[2026-04-03T03:19:02.903+0600][62.455s][info][gc,heap     ] GC(179) y:      Used:      140M (14%)         188M (19%)         140M (14%)         128M (13%)    
[2026-04-03T03:19:02.903+0600][62.455s][info][gc,heap     ] GC(179) y:      Live:         -                31M (3%)           31M (3%)           31M (3%)     
[2026-04-03T03:19:02.903+0600][62.455s][info][gc,heap     ] GC(179) y:   Garbage:         -               108M (11%)          60M (6%)            0M (0%)     
[2026-04-03T03:19:02.903+0600][62.455s][info][gc,heap     ] GC(179) y: Allocated:         -                48M (5%)           48M (5%)           96M (10%)    
[2026-04-03T03:19:02.903+0600][62.455s][info][gc,heap     ] GC(179) y: Reclaimed:         -                  -                48M (5%)          108M (11%)    
[2026-04-03T03:19:02.903+0600][62.455s][info][gc,heap     ] GC(179) y:  Promoted:         -                  -                 0M (0%)            0M (0%)     
[2026-04-03T03:19:02.903+0600][62.455s][info][gc,heap     ] GC(179) y: Compacted:         -                  -                  -                23M (2%)     
[2026-04-03T03:19:02.903+0600][62.455s][info][gc,phases   ] GC(179) y: Young Generation 508M(51%)->496M(50%) 0.128s
[2026-04-03T03:19:02.903+0600][62.456s][info][gc          ] GC(179) Minor Collection (Allocation Rate) 508M(51%)->496M(50%) 0.129s
[2026-04-03T03:19:02.903+0600][62.456s][info][gc          ] GC(180) Minor Collection (Allocation Rate)
[2026-04-03T03:19:02.903+0600][62.456s][info][gc,task     ] GC(180) Using 1 Workers for Young Generation
[2026-04-03T03:19:02.903+0600][62.456s][info][gc,phases   ] GC(180) y: Young Generation
[2026-04-03T03:19:02.904+0600][62.456s][info][gc,phases   ] GC(180) y: Pause Mark Start 0.044ms
[2026-04-03T03:19:03.013+0600][62.566s][info][gc,phases   ] GC(180) y: Concurrent Mark 109.387ms
[2026-04-03T03:19:03.014+0600][62.566s][info][gc,phases   ] GC(180) y: Pause Mark End 0.037ms
[2026-04-03T03:19:03.014+0600][62.566s][info][gc,phases   ] GC(180) y: Concurrent Mark Free 0.003ms
[2026-04-03T03:19:03.014+0600][62.566s][info][gc,phases   ] GC(180) y: Concurrent Reset Relocation Set 0.005ms
[2026-04-03T03:19:03.021+0600][62.573s][info][gc,reloc    ] GC(180) y: Using tenuring threshold: 3 (Computed)
[2026-04-03T03:19:03.021+0600][62.573s][info][gc,phases   ] GC(180) y: Concurrent Select Relocation Set 7.183ms
[2026-04-03T03:19:03.022+0600][62.574s][info][gc,phases   ] GC(180) y: Pause Relocate Start 0.030ms
[2026-04-03T03:19:03.044+0600][62.596s][info][gc,phases   ] GC(180) y: Concurrent Relocate 22.223ms
[2026-04-03T03:19:03.044+0600][62.596s][info][gc,alloc    ] GC(180) y:                         Mark Start        Mark End      Relocate Start    Relocate End   
[2026-04-03T03:19:03.044+0600][62.596s][info][gc,alloc    ] GC(180) y: Allocation Stalls:          0                0                0                0         
[2026-04-03T03:19:03.044+0600][62.596s][info][gc,load     ] GC(180) y: Load: 4.94 (41%) / 5.04 (42%) / 5.50 (46%)
[2026-04-03T03:19:03.044+0600][62.596s][info][gc,mmu      ] GC(180) y: MMU: 2ms/90.1%, 5ms/96.1%, 10ms/98.0%, 20ms/98.5%, 50ms/99.4%, 100ms/99.6%
[2026-04-03T03:19:03.044+0600][62.596s][info][gc,marking  ] GC(180) y: Mark: 1 stripe(s), 2 proactive flush(es), 1 terminate flush(es), 0 completion(s), 0 continuation(s) 
[2026-04-03T03:19:03.044+0600][62.596s][info][gc,marking  ] GC(180) y: Mark Stack Usage: 32M
[2026-04-03T03:19:03.044+0600][62.596s][info][gc,nmethod  ] GC(180) y: NMethods: 7036 registered, 804 unregistered
[2026-04-03T03:19:03.044+0600][62.596s][info][gc,metaspace] GC(180) y: Metaspace: 71M used, 72M committed, 1088M reserved
[2026-04-03T03:19:03.044+0600][62.596s][info][gc,reloc    ] GC(180) y:                        Candidates     Selected     In-Place         Size        Empty    Relocated 
[2026-04-03T03:19:03.044+0600][62.596s][info][gc,reloc    ] GC(180) y: Small Pages:                    8            7            0          16M           0M           0M 
[2026-04-03T03:19:03.044+0600][62.596s][info][gc,reloc    ] GC(180) y: Medium Pages:                   5            3            0          80M           0M          17M 
[2026-04-03T03:19:03.044+0600][62.596s][info][gc,reloc    ] GC(180) y: Large Pages:                    7            0            0          32M           8M           0M 
[2026-04-03T03:19:03.044+0600][62.596s][info][gc,reloc    ] GC(180) y: Forwarding Usage: 0M
[2026-04-03T03:19:03.044+0600][62.597s][info][gc,reloc    ] GC(180) y: Age Table:
[2026-04-03T03:19:03.044+0600][62.597s][info][gc,reloc    ] GC(180) y:                    Live             Garbage             Small              Medium             Large        
[2026-04-03T03:19:03.044+0600][62.597s][info][gc,reloc    ] GC(180) y: Eden              30M (3%)           17M (2%)           4 / 3              1 / 0              5 / 0        
[2026-04-03T03:19:03.044+0600][62.597s][info][gc,reloc    ] GC(180) y: Survivor 1        17M (2%)           46M (5%)           4 / 4              3 / 2              2 / 0        
[2026-04-03T03:19:03.044+0600][62.597s][info][gc,reloc    ] GC(180) y: Survivor 2         1M (0%)           14M (1%)           0 / 0              1 / 1              0 / 0        
[2026-04-03T03:19:03.044+0600][62.597s][info][gc,heap     ] GC(180) y: Min Capacity: 8M(1%)
[2026-04-03T03:19:03.044+0600][62.597s][info][gc,heap     ] GC(180) y: Max Capacity: 1000M(100%)
[2026-04-03T03:19:03.044+0600][62.597s][info][gc,heap     ] GC(180) y: Soft Max Capacity: 1000M(100%)
[2026-04-03T03:19:03.044+0600][62.597s][info][gc,heap     ] GC(180) y: Heap Statistics:
[2026-04-03T03:19:03.044+0600][62.597s][info][gc,heap     ] GC(180) y:                Mark Start          Mark End        Relocate Start      Relocate End           High               Low         
[2026-04-03T03:19:03.044+0600][62.597s][info][gc,heap     ] GC(180) y:  Capacity:     1000M (100%)       1000M (100%)       1000M (100%)       1000M (100%)       1000M (100%)       1000M (100%)   
[2026-04-03T03:19:03.044+0600][62.597s][info][gc,heap     ] GC(180) y:      Free:      504M (50%)         470M (47%)         478M (48%)         482M (48%)         504M (50%)         424M (42%)    
[2026-04-03T03:19:03.044+0600][62.597s][info][gc,heap     ] GC(180) y:      Used:      496M (50%)         530M (53%)         522M (52%)         518M (52%)         576M (58%)         496M (50%)    
[2026-04-03T03:19:03.044+0600][62.597s][info][gc,heap     ] GC(180) y: Young Generation Statistics:
[2026-04-03T03:19:03.044+0600][62.597s][info][gc,heap     ] GC(180) y:                Mark Start          Mark End        Relocate Start      Relocate End    
[2026-04-03T03:19:03.044+0600][62.597s][info][gc,heap     ] GC(180) y:      Used:      128M (13%)         162M (16%)         154M (15%)         150M (15%)    
[2026-04-03T03:19:03.044+0600][62.597s][info][gc,heap     ] GC(180) y:      Live:         -                48M (5%)           48M (5%)           48M (5%)     
[2026-04-03T03:19:03.045+0600][62.597s][info][gc,heap     ] GC(180) y:   Garbage:         -                79M (8%)           71M (7%)            0M (0%)     
[2026-04-03T03:19:03.045+0600][62.597s][info][gc,heap     ] GC(180) y: Allocated:         -                34M (3%)           34M (3%)          101M (10%)    
[2026-04-03T03:19:03.045+0600][62.597s][info][gc,heap     ] GC(180) y: Reclaimed:         -                  -                 8M (1%)           79M (8%)     
[2026-04-03T03:19:03.045+0600][62.597s][info][gc,heap     ] GC(180) y:  Promoted:         -                  -                 0M (0%)            0M (0%)     
[2026-04-03T03:19:03.045+0600][62.597s][info][gc,heap     ] GC(180) y: Compacted:         -                  -                  -                24M (2%)     
[2026-04-03T03:19:03.045+0600][62.597s][info][gc,phases   ] GC(180) y: Young Generation 496M(50%)->518M(52%) 0.141s
[2026-04-03T03:19:03.045+0600][62.597s][info][gc          ] GC(180) Minor Collection (Allocation Rate) 496M(50%)->518M(52%) 0.141s
[2026-04-03T03:19:03.045+0600][62.597s][info][gc          ] GC(181) Minor Collection (Allocation Rate)
[2026-04-03T03:19:03.045+0600][62.597s][info][gc,task     ] GC(181) Using 1 Workers for Young Generation
[2026-04-03T03:19:03.045+0600][62.597s][info][gc,phases   ] GC(181) y: Young Generation
[2026-04-03T03:19:03.045+0600][62.597s][info][gc,phases   ] GC(181) y: Pause Mark Start 0.034ms
[2026-04-03T03:19:03.149+0600][62.701s][info][gc,phases   ] GC(181) y: Concurrent Mark 103.594ms
[2026-04-03T03:19:03.150+0600][62.702s][info][gc,phases   ] GC(181) y: Pause Mark End 0.068ms
[2026-04-03T03:19:03.150+0600][62.702s][info][gc,phases   ] GC(181) y: Concurrent Mark Free 0.004ms
[2026-04-03T03:19:03.150+0600][62.702s][info][gc,phases   ] GC(181) y: Concurrent Reset Relocation Set 0.007ms
[2026-04-03T03:19:03.153+0600][62.705s][info][gc,reloc    ] GC(181) y: Using tenuring threshold: 2 (Computed)
[2026-04-03T03:19:03.163+0600][62.715s][info][gc,phases   ] GC(181) y: Concurrent Select Relocation Set 13.465ms
[2026-04-03T03:19:03.164+0600][62.716s][info][gc,phases   ] GC(181) y: Pause Relocate Start 0.044ms
[2026-04-03T03:19:03.215+0600][62.767s][info][gc,phases   ] GC(181) y: Concurrent Relocate 50.792ms
[2026-04-03T03:19:03.215+0600][62.767s][info][gc,alloc    ] GC(181) y:                         Mark Start        Mark End      Relocate Start    Relocate End   
[2026-04-03T03:19:03.215+0600][62.767s][info][gc,alloc    ] GC(181) y: Allocation Stalls:          0                0                0                0         
[2026-04-03T03:19:03.215+0600][62.767s][info][gc,load     ] GC(181) y: Load: 4.94 (41%) / 5.04 (42%) / 5.50 (46%)
[2026-04-03T03:19:03.215+0600][62.767s][info][gc,mmu      ] GC(181) y: MMU: 2ms/90.1%, 5ms/96.1%, 10ms/98.0%, 20ms/98.5%, 50ms/99.4%, 100ms/99.6%
[2026-04-03T03:19:03.215+0600][62.767s][info][gc,marking  ] GC(181) y: Mark: 1 stripe(s), 2 proactive flush(es), 1 terminate flush(es), 0 completion(s), 0 continuation(s) 
[2026-04-03T03:19:03.215+0600][62.767s][info][gc,marking  ] GC(181) y: Mark Stack Usage: 32M
[2026-04-03T03:19:03.215+0600][62.767s][info][gc,nmethod  ] GC(181) y: NMethods: 7116 registered, 804 unregistered
[2026-04-03T03:19:03.215+0600][62.767s][info][gc,metaspace] GC(181) y: Metaspace: 71M used, 72M committed, 1088M reserved
[2026-04-03T03:19:03.215+0600][62.767s][info][gc,reloc    ] GC(181) y:                        Candidates     Selected     In-Place         Size        Empty    Relocated 
[2026-04-03T03:19:03.215+0600][62.767s][info][gc,reloc    ] GC(181) y: Small Pages:                   10            9            0          20M           0M           0M 
[2026-04-03T03:19:03.215+0600][62.767s][info][gc,reloc    ] GC(181) y: Medium Pages:                   6            3            0          96M           0M           8M 
[2026-04-03T03:19:03.215+0600][62.767s][info][gc,reloc    ] GC(181) y: Large Pages:                    7            0            0          34M           4M           0M 
[2026-04-03T03:19:03.215+0600][62.767s][info][gc,reloc    ] GC(181) y: Forwarding Usage: 0M
[2026-04-03T03:19:03.215+0600][62.767s][info][gc,reloc    ] GC(181) y: Age Table:
[2026-04-03T03:19:03.215+0600][62.767s][info][gc,reloc    ] GC(181) y:                    Live             Garbage             Small              Medium             Large        
[2026-04-03T03:19:03.215+0600][62.767s][info][gc,reloc    ] GC(181) y: Eden              17M (2%)           18M (2%)           5 / 5              1 / 0              2 / 0        
[2026-04-03T03:19:03.215+0600][62.767s][info][gc,reloc    ] GC(181) y: Survivor 1        24M (2%)           33M (3%)           1 / 0              2 / 1              5 / 0        
[2026-04-03T03:19:03.215+0600][62.767s][info][gc,reloc    ] GC(181) y: Survivor 2        15M (2%)           24M (2%)           4 / 4              2 / 1              0 / 0        
[2026-04-03T03:19:03.215+0600][62.767s][info][gc,reloc    ] GC(181) y: Survivor 3         1M (0%)           14M (1%)           0 / 0              1 / 1              0 / 0        
[2026-04-03T03:19:03.215+0600][62.767s][info][gc,heap     ] GC(181) y: Min Capacity: 8M(1%)
[2026-04-03T03:19:03.215+0600][62.767s][info][gc,heap     ] GC(181) y: Max Capacity: 1000M(100%)
[2026-04-03T03:19:03.215+0600][62.767s][info][gc,heap     ] GC(181) y: Soft Max Capacity: 1000M(100%)
[2026-04-03T03:19:03.215+0600][62.767s][info][gc,heap     ] GC(181) y: Heap Statistics:
[2026-04-03T03:19:03.215+0600][62.767s][info][gc,heap     ] GC(181) y:                Mark Start          Mark End        Relocate Start      Relocate End           High               Low         
[2026-04-03T03:19:03.215+0600][62.767s][info][gc,heap     ] GC(181) y:  Capacity:     1000M (100%)       1000M (100%)       1000M (100%)       1000M (100%)       1000M (100%)       1000M (100%)   
[2026-04-03T03:19:03.215+0600][62.767s][info][gc,heap     ] GC(181) y:      Free:      482M (48%)         448M (45%)         450M (45%)         410M (41%)         482M (48%)         394M (39%)    
[2026-04-03T03:19:03.215+0600][62.767s][info][gc,heap     ] GC(181) y:      Used:      518M (52%)         552M (55%)         550M (55%)         590M (59%)         606M (61%)         518M (52%)    
[2026-04-03T03:19:03.215+0600][62.767s][info][gc,heap     ] GC(181) y: Young Generation Statistics:
[2026-04-03T03:19:03.215+0600][62.767s][info][gc,heap     ] GC(181) y:                Mark Start          Mark End        Relocate Start      Relocate End    
[2026-04-03T03:19:03.215+0600][62.767s][info][gc,heap     ] GC(181) y:      Used:      150M (15%)         184M (18%)         166M (17%)         170M (17%)    
[2026-04-03T03:19:03.215+0600][62.767s][info][gc,heap     ] GC(181) y:      Live:         -                59M (6%)           47M (5%)           42M (4%)     
[2026-04-03T03:19:03.215+0600][62.767s][info][gc,heap     ] GC(181) y:   Garbage:         -                90M (9%)           82M (8%)            8M (1%)     
[2026-04-03T03:19:03.215+0600][62.767s][info][gc,heap     ] GC(181) y: Allocated:         -                34M (3%)           36M (4%)          119M (12%)    
[2026-04-03T03:19:03.215+0600][62.767s][info][gc,heap     ] GC(181) y: Reclaimed:         -                  -                 7M (1%)           82M (8%)     
[2026-04-03T03:19:03.215+0600][62.767s][info][gc,heap     ] GC(181) y:  Promoted:         -                  -                12M (1%)           17M (2%)     
[2026-04-03T03:19:03.215+0600][62.767s][info][gc,heap     ] GC(181) y: Compacted:         -                  -                  -                 4M (0%)     
[2026-04-03T03:19:03.215+0600][62.767s][info][gc,phases   ] GC(181) y: Young Generation 518M(52%)->590M(59%) 0.170s
[2026-04-03T03:19:03.215+0600][62.767s][info][gc          ] GC(181) Minor Collection (Allocation Rate) 518M(52%)->590M(59%) 0.170s
[2026-04-03T03:19:03.215+0600][62.768s][info][gc,task     ] Adjusting Workers for Old Generation: 2 -> 1
[2026-04-03T03:19:03.216+0600][62.768s][info][gc          ] GC(182) Minor Collection (Allocation Rate)
[2026-04-03T03:19:03.216+0600][62.768s][info][gc,task     ] GC(182) Using 2 Workers for Young Generation
[2026-04-03T03:19:03.216+0600][62.768s][info][gc,phases   ] GC(182) y: Young Generation
[2026-04-03T03:19:03.216+0600][62.768s][info][gc,phases   ] GC(182) y: Pause Mark Start 0.033ms
[2026-04-03T03:19:03.243+0600][62.796s][info][gc,phases   ] GC(182) y: Concurrent Mark 27.088ms
[2026-04-03T03:19:03.244+0600][62.796s][info][gc,phases   ] GC(182) y: Pause Mark End 0.032ms
[2026-04-03T03:19:03.244+0600][62.796s][info][gc,phases   ] GC(182) y: Concurrent Mark Free 0.002ms
[2026-04-03T03:19:03.244+0600][62.797s][info][gc,phases   ] GC(182) y: Concurrent Reset Relocation Set 0.010ms
[2026-04-03T03:19:03.246+0600][62.799s][info][gc,reloc    ] GC(182) y: Using tenuring threshold: 1 (Computed)
[2026-04-03T03:19:03.267+0600][62.820s][info][gc,phases   ] GC(182) y: Concurrent Select Relocation Set 22.986ms
[2026-04-03T03:19:03.268+0600][62.820s][info][gc,phases   ] GC(182) y: Pause Relocate Start 0.159ms
[2026-04-03T03:19:03.310+0600][62.863s][info][gc,phases   ] GC(182) y: Concurrent Relocate 42.224ms
[2026-04-03T03:19:03.310+0600][62.863s][info][gc,alloc    ] GC(182) y:                         Mark Start        Mark End      Relocate Start    Relocate End   
[2026-04-03T03:19:03.310+0600][62.863s][info][gc,alloc    ] GC(182) y: Allocation Stalls:          0                0                0                0         
[2026-04-03T03:19:03.310+0600][62.863s][info][gc,load     ] GC(182) y: Load: 4.94 (41%) / 5.04 (42%) / 5.50 (46%)
[2026-04-03T03:19:03.310+0600][62.863s][info][gc,mmu      ] GC(182) y: MMU: 2ms/90.1%, 5ms/96.1%, 10ms/98.0%, 20ms/98.5%, 50ms/99.4%, 100ms/99.6%
[2026-04-03T03:19:03.310+0600][62.863s][info][gc,marking  ] GC(182) y: Mark: 2 stripe(s), 3 proactive flush(es), 1 terminate flush(es), 0 completion(s), 0 continuation(s) 
[2026-04-03T03:19:03.310+0600][62.863s][info][gc,marking  ] GC(182) y: Mark Stack Usage: 32M
[2026-04-03T03:19:03.311+0600][62.863s][info][gc,nmethod  ] GC(182) y: NMethods: 7117 registered, 804 unregistered
[2026-04-03T03:19:03.311+0600][62.863s][info][gc,metaspace] GC(182) y: Metaspace: 71M used, 72M committed, 1088M reserved
[2026-04-03T03:19:03.311+0600][62.863s][info][gc,reloc    ] GC(182) y:                        Candidates     Selected     In-Place         Size        Empty    Relocated 
[2026-04-03T03:19:03.311+0600][62.863s][info][gc,reloc    ] GC(182) y: Small Pages:                   18           17            0          36M           0M           1M 
[2026-04-03T03:19:03.311+0600][62.863s][info][gc,reloc    ] GC(182) y: Medium Pages:                   5            1            0          80M          16M           7M 
[2026-04-03T03:19:03.311+0600][62.863s][info][gc,reloc    ] GC(182) y: Large Pages:                   10            0            0          54M          12M           0M 
[2026-04-03T03:19:03.311+0600][62.863s][info][gc,reloc    ] GC(182) y: Forwarding Usage: 1M
[2026-04-03T03:19:03.311+0600][62.863s][info][gc,reloc    ] GC(182) y: Age Table:
[2026-04-03T03:19:03.311+0600][62.863s][info][gc,reloc    ] GC(182) y:                    Live             Garbage             Small              Medium             Large        
[2026-04-03T03:19:03.311+0600][62.863s][info][gc,reloc    ] GC(182) y: Eden              40M (4%)           47M (5%)          16 / 15             2 / 0              4 / 0        
[2026-04-03T03:19:03.311+0600][62.863s][info][gc,reloc    ] GC(182) y: Survivor 1        17M (2%)           10M (1%)           1 / 1              1 / 1              2 / 0        
[2026-04-03T03:19:03.311+0600][62.863s][info][gc,reloc    ] GC(182) y: Survivor 2        24M (2%)           29M (3%)           1 / 1              2 / 0              4 / 0        
[2026-04-03T03:19:03.311+0600][62.863s][info][gc,heap     ] GC(182) y: Min Capacity: 8M(1%)
[2026-04-03T03:19:03.311+0600][62.863s][info][gc,heap     ] GC(182) y: Max Capacity: 1000M(100%)
[2026-04-03T03:19:03.311+0600][62.863s][info][gc,heap     ] GC(182) y: Soft Max Capacity: 1000M(100%)
[2026-04-03T03:19:03.311+0600][62.863s][info][gc,heap     ] GC(182) y: Heap Statistics:
[2026-04-03T03:19:03.311+0600][62.863s][info][gc,heap     ] GC(182) y:                Mark Start          Mark End        Relocate Start      Relocate End           High               Low         
[2026-04-03T03:19:03.311+0600][62.863s][info][gc,heap     ] GC(182) y:  Capacity:     1000M (100%)       1000M (100%)       1000M (100%)       1000M (100%)       1000M (100%)       1000M (100%)   
[2026-04-03T03:19:03.311+0600][62.863s][info][gc,heap     ] GC(182) y:      Free:      410M (41%)         370M (37%)         374M (37%)         380M (38%)         410M (41%)         352M (35%)    
[2026-04-03T03:19:03.311+0600][62.863s][info][gc,heap     ] GC(182) y:      Used:      590M (59%)         630M (63%)         626M (63%)         620M (62%)         648M (65%)         590M (59%)    
[2026-04-03T03:19:03.311+0600][62.863s][info][gc,heap     ] GC(182) y: Young Generation Statistics:
[2026-04-03T03:19:03.311+0600][62.863s][info][gc,heap     ] GC(182) y:                Mark Start          Mark End        Relocate Start      Relocate End    
[2026-04-03T03:19:03.311+0600][62.863s][info][gc,heap     ] GC(182) y:      Used:      170M (17%)         210M (21%)         176M (18%)         152M (15%)    
[2026-04-03T03:19:03.311+0600][62.863s][info][gc,heap     ] GC(182) y:      Live:         -                82M (8%)           52M (5%)           40M (4%)     
[2026-04-03T03:19:03.311+0600][62.863s][info][gc,heap     ] GC(182) y:   Garbage:         -                87M (9%)           59M (6%)            5M (1%)     
[2026-04-03T03:19:03.311+0600][62.863s][info][gc,heap     ] GC(182) y: Allocated:         -                40M (4%)           64M (6%)          106M (11%)    
[2026-04-03T03:19:03.311+0600][62.863s][info][gc,heap     ] GC(182) y: Reclaimed:         -                  -                28M (3%)           82M (8%)     
[2026-04-03T03:19:03.311+0600][62.863s][info][gc,heap     ] GC(182) y:  Promoted:         -                  -                30M (3%)           41M (4%)     
[2026-04-03T03:19:03.311+0600][62.863s][info][gc,heap     ] GC(182) y: Compacted:         -                  -                  -                 1M (0%)     
[2026-04-03T03:19:03.311+0600][62.863s][info][gc,phases   ] GC(182) y: Young Generation 590M(59%)->620M(62%) 0.095s
[2026-04-03T03:19:03.311+0600][62.863s][info][gc          ] GC(182) Minor Collection (Allocation Rate) 590M(59%)->622M(62%) 0.095s
[2026-04-03T03:19:03.311+0600][62.863s][info][gc          ] GC(183) Minor Collection (Allocation Rate)
[2026-04-03T03:19:03.311+0600][62.863s][info][gc,task     ] GC(183) Using 2 Workers for Young Generation
[2026-04-03T03:19:03.311+0600][62.863s][info][gc,phases   ] GC(183) y: Young Generation
[2026-04-03T03:19:03.311+0600][62.863s][info][gc,phases   ] GC(183) y: Pause Mark Start 0.057ms
[2026-04-03T03:19:03.358+0600][62.910s][info][gc,phases   ] GC(183) y: Concurrent Mark 46.552ms
[2026-04-03T03:19:03.358+0600][62.911s][info][gc,phases   ] GC(183) y: Pause Mark End 0.056ms
[2026-04-03T03:19:03.358+0600][62.911s][info][gc,phases   ] GC(183) y: Concurrent Mark Free 0.003ms
[2026-04-03T03:19:03.358+0600][62.911s][info][gc,phases   ] GC(183) y: Concurrent Reset Relocation Set 0.025ms
[2026-04-03T03:19:03.360+0600][62.913s][info][gc,reloc    ] GC(183) y: Using tenuring threshold: 1 (Computed)
[2026-04-03T03:19:03.369+0600][62.921s][info][gc,phases   ] GC(183) y: Concurrent Select Relocation Set 10.458ms
[2026-04-03T03:19:03.369+0600][62.921s][info][gc,phases   ] GC(183) y: Pause Relocate Start 0.024ms
[2026-04-03T03:19:03.398+0600][62.950s][info][gc,phases   ] GC(183) y: Concurrent Relocate 28.168ms
[2026-04-03T03:19:03.398+0600][62.950s][info][gc,alloc    ] GC(183) y:                         Mark Start        Mark End      Relocate Start    Relocate End   
[2026-04-03T03:19:03.398+0600][62.950s][info][gc,alloc    ] GC(183) y: Allocation Stalls:          0                0                0                0         
[2026-04-03T03:19:03.398+0600][62.950s][info][gc,load     ] GC(183) y: Load: 4.94 (41%) / 5.04 (42%) / 5.50 (46%)
[2026-04-03T03:19:03.398+0600][62.950s][info][gc,mmu      ] GC(183) y: MMU: 2ms/90.1%, 5ms/96.1%, 10ms/98.0%, 20ms/98.5%, 50ms/99.4%, 100ms/99.6%
[2026-04-03T03:19:03.398+0600][62.950s][info][gc,marking  ] GC(183) y: Mark: 2 stripe(s), 2 proactive flush(es), 1 terminate flush(es), 0 completion(s), 0 continuation(s) 
[2026-04-03T03:19:03.398+0600][62.950s][info][gc,marking  ] GC(183) y: Mark Stack Usage: 32M
[2026-04-03T03:19:03.398+0600][62.950s][info][gc,nmethod  ] GC(183) y: NMethods: 7148 registered, 804 unregistered
[2026-04-03T03:19:03.398+0600][62.950s][info][gc,metaspace] GC(183) y: Metaspace: 71M used, 72M committed, 1088M reserved
[2026-04-03T03:19:03.398+0600][62.950s][info][gc,reloc    ] GC(183) y:                        Candidates     Selected     In-Place         Size        Empty    Relocated 
[2026-04-03T03:19:03.398+0600][62.950s][info][gc,reloc    ] GC(183) y: Small Pages:                   39           32            0          78M           2M           6M 
[2026-04-03T03:19:03.398+0600][62.950s][info][gc,reloc    ] GC(183) y: Medium Pages:                   3            0            0          48M           0M           0M 
[2026-04-03T03:19:03.398+0600][62.950s][info][gc,reloc    ] GC(183) y: Large Pages:                    6            0            0          28M           0M           0M 
[2026-04-03T03:19:03.398+0600][62.950s][info][gc,reloc    ] GC(183) y: Forwarding Usage: 8M
[2026-04-03T03:19:03.398+0600][62.950s][info][gc,reloc    ] GC(183) y: Age Table:
[2026-04-03T03:19:03.398+0600][62.950s][info][gc,reloc    ] GC(183) y:                    Live             Garbage             Small              Medium             Large        
[2026-04-03T03:19:03.398+0600][62.950s][info][gc,reloc    ] GC(183) y: Eden              26M (3%)           77M (8%)          36 / 31             1 / 0              4 / 0        
[2026-04-03T03:19:03.398+0600][62.950s][info][gc,reloc    ] GC(183) y: Survivor 1        38M (4%)           11M (1%)           3 / 1              2 / 0              2 / 0        
[2026-04-03T03:19:03.398+0600][62.950s][info][gc,heap     ] GC(183) y: Min Capacity: 8M(1%)
[2026-04-03T03:19:03.398+0600][62.950s][info][gc,heap     ] GC(183) y: Max Capacity: 1000M(100%)
[2026-04-03T03:19:03.398+0600][62.950s][info][gc,heap     ] GC(183) y: Soft Max Capacity: 1000M(100%)
[2026-04-03T03:19:03.398+0600][62.950s][info][gc,heap     ] GC(183) y: Heap Statistics:
[2026-04-03T03:19:03.398+0600][62.950s][info][gc,heap     ] GC(183) y:                Mark Start          Mark End        Relocate Start      Relocate End           High               Low         
[2026-04-03T03:19:03.398+0600][62.950s][info][gc,heap     ] GC(183) y:  Capacity:     1000M (100%)       1000M (100%)       1000M (100%)       1000M (100%)       1000M (100%)       1000M (100%)   
[2026-04-03T03:19:03.398+0600][62.950s][info][gc,heap     ] GC(183) y:      Free:      378M (38%)         308M (31%)         278M (28%)         308M (31%)         378M (38%)         270M (27%)    
[2026-04-03T03:19:03.398+0600][62.950s][info][gc,heap     ] GC(183) y:      Used:      622M (62%)         692M (69%)         722M (72%)         692M (69%)         730M (73%)         622M (62%)    
[2026-04-03T03:19:03.398+0600][62.950s][info][gc,heap     ] GC(183) y: Young Generation Statistics:
[2026-04-03T03:19:03.398+0600][62.950s][info][gc,heap     ] GC(183) y:                Mark Start          Mark End        Relocate Start      Relocate End    
[2026-04-03T03:19:03.398+0600][62.950s][info][gc,heap     ] GC(183) y:      Used:      154M (15%)         224M (22%)         208M (21%)         174M (17%)    
[2026-04-03T03:19:03.398+0600][62.950s][info][gc,heap     ] GC(183) y:      Live:         -                65M (7%)           26M (3%)           26M (3%)     
[2026-04-03T03:19:03.398+0600][62.950s][info][gc,heap     ] GC(183) y:   Garbage:         -                88M (9%)           79M (8%)           13M (1%)     
[2026-04-03T03:19:03.398+0600][62.950s][info][gc,heap     ] GC(183) y: Allocated:         -                70M (7%)          102M (10%)         134M (13%)    
[2026-04-03T03:19:03.398+0600][62.950s][info][gc,heap     ] GC(183) y: Reclaimed:         -                  -                 9M (1%)           75M (8%)     
[2026-04-03T03:19:03.398+0600][62.950s][info][gc,heap     ] GC(183) y:  Promoted:         -                  -                38M (4%)           38M (4%)     
[2026-04-03T03:19:03.398+0600][62.950s][info][gc,heap     ] GC(183) y: Compacted:         -                  -                  -                 7M (1%)     
[2026-04-03T03:19:03.398+0600][62.950s][info][gc,phases   ] GC(183) y: Young Generation 622M(62%)->692M(69%) 0.087s
[2026-04-03T03:19:03.398+0600][62.951s][info][gc          ] GC(183) Minor Collection (Allocation Rate) 622M(62%)->692M(69%) 0.087s
[2026-04-03T03:19:03.398+0600][62.951s][info][gc          ] GC(184) Minor Collection (Allocation Rate)
[2026-04-03T03:19:03.398+0600][62.951s][info][gc,task     ] GC(184) Using 2 Workers for Young Generation
[2026-04-03T03:19:03.398+0600][62.951s][info][gc,phases   ] GC(184) y: Young Generation
[2026-04-03T03:19:03.434+0600][62.986s][info][gc,phases   ] GC(184) y: Pause Mark Start 0.021ms
[2026-04-03T03:19:03.503+0600][63.056s][info][gc,phases   ] GC(178) O: Concurrent Mark 733.739ms
[2026-04-03T03:19:03.504+0600][63.056s][info][gc,phases   ] GC(178) O: Pause Mark End 0.025ms
[2026-04-03T03:19:03.504+0600][63.056s][info][gc,phases   ] GC(178) O: Concurrent Mark Free 0.002ms
[2026-04-03T03:19:03.523+0600][63.075s][info][gc,phases   ] GC(184) y: Concurrent Mark 88.731ms
[2026-04-03T03:19:03.523+0600][63.076s][info][gc,phases   ] GC(184) y: Pause Mark End 0.024ms
[2026-04-03T03:19:03.524+0600][63.076s][info][gc,phases   ] GC(184) y: Concurrent Mark Free 0.002ms
[2026-04-03T03:19:03.524+0600][63.076s][info][gc,phases   ] GC(184) y: Concurrent Reset Relocation Set 0.021ms
[2026-04-03T03:19:03.524+0600][63.077s][info][gc,phases   ] GC(178) O: Concurrent Process Non-Strong 20.268ms
[2026-04-03T03:19:03.524+0600][63.077s][info][gc,phases   ] GC(178) O: Concurrent Reset Relocation Set 0.006ms
[2026-04-03T03:19:03.527+0600][63.079s][info][gc,phases   ] GC(178) O: Concurrent Select Relocation Set 2.578ms
[2026-04-03T03:19:03.529+0600][63.081s][info][gc,reloc    ] GC(184) y: Using tenuring threshold: 2 (Computed)
[2026-04-03T03:19:03.530+0600][63.082s][info][gc,phases   ] GC(184) y: Concurrent Select Relocation Set 5.885ms
[2026-04-03T03:19:03.530+0600][63.082s][info][gc,phases   ] GC(184) y: Pause Relocate Start 0.019ms
[2026-04-03T03:19:03.554+0600][63.107s][info][gc,phases   ] GC(184) y: Concurrent Relocate 24.049ms
[2026-04-03T03:19:03.554+0600][63.107s][info][gc,alloc    ] GC(184) y:                         Mark Start        Mark End      Relocate Start    Relocate End   
[2026-04-03T03:19:03.554+0600][63.107s][info][gc,alloc    ] GC(184) y: Allocation Stalls:          0                0                0                0         
[2026-04-03T03:19:03.554+0600][63.107s][info][gc,load     ] GC(184) y: Load: 4.94 (41%) / 5.04 (42%) / 5.50 (46%)
[2026-04-03T03:19:03.554+0600][63.107s][info][gc,mmu      ] GC(184) y: MMU: 2ms/90.1%, 5ms/96.1%, 10ms/98.0%, 20ms/98.5%, 50ms/99.4%, 100ms/99.6%
[2026-04-03T03:19:03.554+0600][63.107s][info][gc,marking  ] GC(184) y: Mark: 2 stripe(s), 10 proactive flush(es), 1 terminate flush(es), 0 completion(s), 0 continuation(s) 
[2026-04-03T03:19:03.555+0600][63.107s][info][gc,marking  ] GC(184) y: Mark Stack Usage: 32M
[2026-04-03T03:19:03.555+0600][63.107s][info][gc,nmethod  ] GC(184) y: NMethods: 7162 registered, 814 unregistered
[2026-04-03T03:19:03.555+0600][63.107s][info][gc,metaspace] GC(184) y: Metaspace: 71M used, 72M committed, 1088M reserved
[2026-04-03T03:19:03.555+0600][63.107s][info][gc,reloc    ] GC(184) y:                        Candidates     Selected     In-Place         Size        Empty    Relocated 
[2026-04-03T03:19:03.555+0600][63.107s][info][gc,reloc    ] GC(184) y: Small Pages:                   43           34            0          86M           0M           7M 
[2026-04-03T03:19:03.555+0600][63.107s][info][gc,reloc    ] GC(184) y: Medium Pages:                   2            1            0          32M           0M          11M 
[2026-04-03T03:19:03.555+0600][63.107s][info][gc,reloc    ] GC(184) y: Large Pages:                   10            0            0          56M          16M           0M 
[2026-04-03T03:19:03.555+0600][63.107s][info][gc,reloc    ] GC(184) y: Forwarding Usage: 8M
[2026-04-03T03:19:03.555+0600][63.107s][info][gc,reloc    ] GC(184) y: Age Table:
[2026-04-03T03:19:03.555+0600][63.107s][info][gc,reloc    ] GC(184) y:                    Live             Garbage             Small              Medium             Large        
[2026-04-03T03:19:03.555+0600][63.107s][info][gc,reloc    ] GC(184) y: Eden              50M (5%)           81M (8%)          38 / 33             1 / 1              6 / 0        
[2026-04-03T03:19:03.555+0600][63.107s][info][gc,reloc    ] GC(184) y: Survivor 1        17M (2%)           24M (2%)           5 / 1              1 / 0              4 / 0        
[2026-04-03T03:19:03.555+0600][63.107s][info][gc,heap     ] GC(184) y: Min Capacity: 8M(1%)
[2026-04-03T03:19:03.555+0600][63.107s][info][gc,heap     ] GC(184) y: Max Capacity: 1000M(100%)
[2026-04-03T03:19:03.555+0600][63.107s][info][gc,heap     ] GC(184) y: Soft Max Capacity: 1000M(100%)
[2026-04-03T03:19:03.555+0600][63.107s][info][gc,heap     ] GC(184) y: Heap Statistics:
[2026-04-03T03:19:03.555+0600][63.107s][info][gc,heap     ] GC(184) y:                Mark Start          Mark End        Relocate Start      Relocate End           High               Low         
[2026-04-03T03:19:03.555+0600][63.107s][info][gc,heap     ] GC(184) y:  Capacity:     1000M (100%)       1000M (100%)       1000M (100%)       1000M (100%)       1000M (100%)       1000M (100%)   
[2026-04-03T03:19:03.555+0600][63.107s][info][gc,heap     ] GC(184) y:      Free:      308M (31%)         144M (14%)         204M (20%)         236M (24%)         308M (31%)         140M (14%)    
[2026-04-03T03:19:03.555+0600][63.107s][info][gc,heap     ] GC(184) y:      Used:      692M (69%)         856M (86%)         796M (80%)         764M (76%)         860M (86%)         692M (69%)    
[2026-04-03T03:19:03.555+0600][63.107s][info][gc,heap     ] GC(184) y: Young Generation Statistics:
[2026-04-03T03:19:03.555+0600][63.107s][info][gc,heap     ] GC(184) y:                Mark Start          Mark End        Relocate Start      Relocate End    
[2026-04-03T03:19:03.555+0600][63.107s][info][gc,heap     ] GC(184) y:      Used:      174M (17%)         338M (34%)         330M (33%)         298M (30%)    
[2026-04-03T03:19:03.555+0600][63.107s][info][gc,heap     ] GC(184) y:      Live:         -                68M (7%)           68M (7%)           68M (7%)     
[2026-04-03T03:19:03.555+0600][63.107s][info][gc,heap     ] GC(184) y:   Garbage:         -               105M (11%)          89M (9%)            0M (0%)     
[2026-04-03T03:19:03.555+0600][63.107s][info][gc,heap     ] GC(184) y: Allocated:         -               164M (16%)         172M (17%)         228M (23%)    
[2026-04-03T03:19:03.555+0600][63.107s][info][gc,heap     ] GC(184) y: Reclaimed:         -                  -                16M (2%)          104M (10%)    
[2026-04-03T03:19:03.555+0600][63.107s][info][gc,heap     ] GC(184) y:  Promoted:         -                  -                 0M (0%)            0M (0%)     
[2026-04-03T03:19:03.555+0600][63.107s][info][gc,heap     ] GC(184) y: Compacted:         -                  -                  -                21M (2%)     
[2026-04-03T03:19:03.555+0600][63.107s][info][gc,phases   ] GC(184) y: Young Generation 692M(69%)->764M(76%) 0.156s
[2026-04-03T03:19:03.555+0600][63.107s][info][gc          ] GC(184) Minor Collection (Allocation Rate) 692M(69%)->764M(76%) 0.156s
[2026-04-03T03:19:03.555+0600][63.107s][info][gc,task     ] GC(178) O: Using 3 Workers for Old Generation
[2026-04-03T03:19:03.578+0600][63.130s][info][gc,task     ] GC(178) O: Using 1 Workers for Old Generation
[2026-04-03T03:19:03.578+0600][63.130s][info][gc,phases   ] GC(178) O: Concurrent Remap Roots 22.703ms
[2026-04-03T03:19:03.592+0600][63.144s][info][gc,phases   ] GC(178) O: Pause Relocate Start 0.033ms
[2026-04-03T03:19:03.592+0600][63.145s][info][gc          ] GC(185) Minor Collection (Allocation Rate)
[2026-04-03T03:19:03.592+0600][63.145s][info][gc,task     ] GC(185) Using 2 Workers for Young Generation
[2026-04-03T03:19:03.593+0600][63.145s][info][gc,phases   ] GC(185) y: Young Generation
[2026-04-03T03:19:03.593+0600][63.145s][info][gc,phases   ] GC(185) y: Pause Mark Start 0.028ms
[2026-04-03T03:19:03.596+0600][63.148s][info][gc,phases   ] GC(178) O: Concurrent Relocate 3.170ms
[2026-04-03T03:19:03.601+0600][63.153s][info][gc,task     ] Adjusting Workers for Young Generation: 2 -> 3
[2026-04-03T03:19:03.657+0600][63.210s][info][gc,phases   ] GC(185) y: Concurrent Mark 64.301ms
[2026-04-03T03:19:03.658+0600][63.210s][info][gc,phases   ] GC(185) y: Pause Mark End 0.051ms
[2026-04-03T03:19:03.658+0600][63.210s][info][gc,phases   ] GC(185) y: Concurrent Mark Free 0.004ms
[2026-04-03T03:19:03.658+0600][63.210s][info][gc,phases   ] GC(185) y: Concurrent Reset Relocation Set 0.009ms
[2026-04-03T03:19:03.662+0600][63.214s][info][gc,reloc    ] GC(185) y: Using tenuring threshold: 2 (Computed)
[2026-04-03T03:19:03.670+0600][63.222s][info][gc,phases   ] GC(185) y: Concurrent Select Relocation Set 11.577ms
[2026-04-03T03:19:03.670+0600][63.222s][info][gc,phases   ] GC(185) y: Pause Relocate Start 0.032ms
[2026-04-03T03:19:03.703+0600][63.256s][info][gc,phases   ] GC(185) y: Concurrent Relocate 33.387ms
[2026-04-03T03:19:03.704+0600][63.256s][info][gc,alloc    ] GC(185) y:                         Mark Start        Mark End      Relocate Start    Relocate End   
[2026-04-03T03:19:03.704+0600][63.256s][info][gc,alloc    ] GC(185) y: Allocation Stalls:          0                0                0                0         
[2026-04-03T03:19:03.704+0600][63.256s][info][gc,load     ] GC(185) y: Load: 4.94 (41%) / 5.04 (42%) / 5.50 (46%)
[2026-04-03T03:19:03.704+0600][63.256s][info][gc,mmu      ] GC(185) y: MMU: 2ms/90.1%, 5ms/96.1%, 10ms/98.0%, 20ms/98.5%, 50ms/99.4%, 100ms/99.6%
[2026-04-03T03:19:03.704+0600][63.256s][info][gc,marking  ] GC(185) y: Mark: 2 stripe(s), 2 proactive flush(es), 1 terminate flush(es), 0 completion(s), 0 continuation(s) 
[2026-04-03T03:19:03.704+0600][63.256s][info][gc,marking  ] GC(185) y: Mark Stack Usage: 32M
[2026-04-03T03:19:03.704+0600][63.256s][info][gc,nmethod  ] GC(185) y: NMethods: 7170 registered, 814 unregistered
[2026-04-03T03:19:03.704+0600][63.256s][info][gc,metaspace] GC(185) y: Metaspace: 71M used, 72M committed, 1088M reserved
[2026-04-03T03:19:03.704+0600][63.256s][info][gc,reloc    ] GC(185) y:                        Candidates     Selected     In-Place         Size        Empty    Relocated 
[2026-04-03T03:19:03.704+0600][63.256s][info][gc,reloc    ] GC(185) y: Small Pages:                   97           78            0         194M           0M          17M 
[2026-04-03T03:19:03.704+0600][63.256s][info][gc,reloc    ] GC(185) y: Medium Pages:                   4            2            0          64M           0M           7M 
[2026-04-03T03:19:03.704+0600][63.256s][info][gc,reloc    ] GC(185) y: Large Pages:                   11            0            0          60M          28M           0M 
[2026-04-03T03:19:03.704+0600][63.256s][info][gc,reloc    ] GC(185) y: Forwarding Usage: 20M
[2026-04-03T03:19:03.704+0600][63.256s][info][gc,reloc    ] GC(185) y: Age Table:
[2026-04-03T03:19:03.704+0600][63.256s][info][gc,reloc    ] GC(185) y:                    Live             Garbage             Small              Medium             Large        
[2026-04-03T03:19:03.704+0600][63.256s][info][gc,reloc    ] GC(185) y: Eden              35M (4%)          170M (17%)         85 / 75             1 / 1              4 / 0        
[2026-04-03T03:19:03.704+0600][63.256s][info][gc,reloc    ] GC(185) y: Survivor 1        38M (4%)           39M (4%)           7 / 3              2 / 0              5 / 0        
[2026-04-03T03:19:03.704+0600][63.256s][info][gc,reloc    ] GC(185) y: Survivor 2         9M (1%)           24M (2%)           5 / 0              1 / 1              2 / 0        
[2026-04-03T03:19:03.704+0600][63.256s][info][gc,heap     ] GC(185) y: Min Capacity: 8M(1%)
[2026-04-03T03:19:03.704+0600][63.256s][info][gc,heap     ] GC(185) y: Max Capacity: 1000M(100%)
[2026-04-03T03:19:03.704+0600][63.256s][info][gc,heap     ] GC(185) y: Soft Max Capacity: 1000M(100%)
[2026-04-03T03:19:03.704+0600][63.256s][info][gc,heap     ] GC(185) y: Heap Statistics:
[2026-04-03T03:19:03.704+0600][63.256s][info][gc,heap     ] GC(185) y:                Mark Start          Mark End        Relocate Start      Relocate End           High               Low         
[2026-04-03T03:19:03.704+0600][63.256s][info][gc,heap     ] GC(185) y:  Capacity:     1000M (100%)       1000M (100%)       1000M (100%)       1000M (100%)       1000M (100%)       1000M (100%)   
[2026-04-03T03:19:03.704+0600][63.256s][info][gc,heap     ] GC(185) y:      Free:      214M (21%)         190M (19%)         214M (21%)         324M (32%)         324M (32%)         164M (16%)    
[2026-04-03T03:19:03.704+0600][63.256s][info][gc,heap     ] GC(185) y:      Used:      786M (79%)         810M (81%)         786M (79%)         676M (68%)         836M (84%)         676M (68%)    
[2026-04-03T03:19:03.704+0600][63.256s][info][gc,heap     ] GC(185) y: Young Generation Statistics:
[2026-04-03T03:19:03.704+0600][63.256s][info][gc,heap     ] GC(185) y:                Mark Start          Mark End        Relocate Start      Relocate End    
[2026-04-03T03:19:03.704+0600][63.256s][info][gc,heap     ] GC(185) y:      Used:      318M (32%)         370M (37%)         338M (34%)         208M (21%)    
[2026-04-03T03:19:03.704+0600][63.256s][info][gc,heap     ] GC(185) y:      Live:         -                83M (8%)           76M (8%)           73M (7%)     
[2026-04-03T03:19:03.704+0600][63.256s][info][gc,heap     ] GC(185) y:   Garbage:         -               234M (23%)         205M (21%)           6M (1%)     
[2026-04-03T03:19:03.704+0600][63.256s][info][gc,heap     ] GC(185) y: Allocated:         -                52M (5%)           56M (6%)          127M (13%)    
[2026-04-03T03:19:03.704+0600][63.256s][info][gc,heap     ] GC(185) y: Reclaimed:         -                  -                28M (3%)          228M (23%)    
[2026-04-03T03:19:03.704+0600][63.256s][info][gc,heap     ] GC(185) y:  Promoted:         -                  -                 7M (1%)            9M (1%)     
[2026-04-03T03:19:03.704+0600][63.256s][info][gc,heap     ] GC(185) y: Compacted:         -                  -                  -                26M (3%)     
[2026-04-03T03:19:03.704+0600][63.256s][info][gc,phases   ] GC(185) y: Young Generation 786M(79%)->676M(68%) 0.111s
[2026-04-03T03:19:03.704+0600][63.256s][info][gc          ] GC(185) Minor Collection (Allocation Rate) 786M(79%)->676M(68%) 0.111s
[2026-04-03T03:19:03.704+0600][63.256s][info][gc,alloc    ] GC(178) O:                         Mark Start        Mark End      Relocate Start    Relocate End   
[2026-04-03T03:19:03.704+0600][63.256s][info][gc,alloc    ] GC(178) O: Allocation Stalls:          0                0                0                0         
[2026-04-03T03:19:03.704+0600][63.256s][info][gc,load     ] GC(178) O: Load: 4.94 (41%) / 5.04 (42%) / 5.50 (46%)
[2026-04-03T03:19:03.704+0600][63.256s][info][gc,mmu      ] GC(178) O: MMU: 2ms/90.1%, 5ms/96.1%, 10ms/98.0%, 20ms/98.5%, 50ms/99.4%, 100ms/99.6%
[2026-04-03T03:19:03.704+0600][63.256s][info][gc,marking  ] GC(178) O: Mark: 1 stripe(s), 2 proactive flush(es), 1 terminate flush(es), 0 completion(s), 0 continuation(s) 
[2026-04-03T03:19:03.704+0600][63.256s][info][gc,marking  ] GC(178) O: Mark Stack Usage: 32M
[2026-04-03T03:19:03.704+0600][63.256s][info][gc,nmethod  ] GC(178) O: NMethods: 7170 registered, 814 unregistered
[2026-04-03T03:19:03.704+0600][63.256s][info][gc,metaspace] GC(178) O: Metaspace: 71M used, 72M committed, 1088M reserved
[2026-04-03T03:19:03.704+0600][63.256s][info][gc,ref      ] GC(178) O:                       Encountered   Discovered     Enqueued 
[2026-04-03T03:19:03.704+0600][63.256s][info][gc,ref      ] GC(178) O: Soft References:             5095            0            0 
[2026-04-03T03:19:03.704+0600][63.256s][info][gc,ref      ] GC(178) O: Weak References:             6828          918           87 
[2026-04-03T03:19:03.704+0600][63.256s][info][gc,ref      ] GC(178) O: Final References:              84           16            0 
[2026-04-03T03:19:03.704+0600][63.256s][info][gc,ref      ] GC(178) O: Phantom References:           600          435            0 
[2026-04-03T03:19:03.704+0600][63.256s][info][gc,reloc    ] GC(178) O:                        Candidates     Selected     In-Place         Size        Empty    Relocated 
[2026-04-03T03:19:03.704+0600][63.256s][info][gc,reloc    ] GC(178) O: Small Pages:                  108           15            0         216M          22M           1M 
[2026-04-03T03:19:03.704+0600][63.256s][info][gc,reloc    ] GC(178) O: Medium Pages:                   1            0            0          16M           0M           0M 
[2026-04-03T03:19:03.704+0600][63.256s][info][gc,reloc    ] GC(178) O: Large Pages:                    4            0            0          34M          30M           0M 
[2026-04-03T03:19:03.704+0600][63.256s][info][gc,reloc    ] GC(178) O: Forwarding Usage: 0M
[2026-04-03T03:19:03.704+0600][63.256s][info][gc,heap     ] GC(178) O: Min Capacity: 8M(1%)
[2026-04-03T03:19:03.704+0600][63.256s][info][gc,heap     ] GC(178) O: Max Capacity: 1000M(100%)
[2026-04-03T03:19:03.704+0600][63.256s][info][gc,heap     ] GC(178) O: Soft Max Capacity: 1000M(100%)
[2026-04-03T03:19:03.704+0600][63.256s][info][gc,heap     ] GC(178) O: Heap Statistics:
[2026-04-03T03:19:03.704+0600][63.256s][info][gc,heap     ] GC(178) O:                Mark Start          Mark End        Relocate Start      Relocate End           High               Low         
[2026-04-03T03:19:03.704+0600][63.256s][info][gc,heap     ] GC(178) O:  Capacity:     1000M (100%)       1000M (100%)       1000M (100%)       1000M (100%)       1000M (100%)       1000M (100%)   
[2026-04-03T03:19:03.704+0600][63.257s][info][gc,heap     ] GC(178) O:      Free:      580M (58%)         174M (17%)         216M (22%)         240M (24%)         580M (58%)         140M (14%)    
[2026-04-03T03:19:03.704+0600][63.257s][info][gc,heap     ] GC(178) O:      Used:      420M (42%)         826M (83%)         784M (78%)         760M (76%)         860M (86%)         420M (42%)    
[2026-04-03T03:19:03.704+0600][63.257s][info][gc,heap     ] GC(178) O: Old Generation Statistics:
[2026-04-03T03:19:03.704+0600][63.257s][info][gc,heap     ] GC(178) O:                Mark Start          Mark End        Relocate Start      Relocate End    
[2026-04-03T03:19:03.704+0600][63.257s][info][gc,heap     ] GC(178) O:      Used:      266M (27%)         518M (52%)         466M (47%)         440M (44%)    
[2026-04-03T03:19:03.704+0600][63.257s][info][gc,heap     ] GC(178) O:      Live:         -               172M (17%)         172M (17%)         172M (17%)    
[2026-04-03T03:19:03.704+0600][63.257s][info][gc,heap     ] GC(178) O:   Garbage:         -                93M (9%)           41M (4%)           10M (1%)     
[2026-04-03T03:19:03.704+0600][63.257s][info][gc,heap     ] GC(178) O: Allocated:         -               252M (25%)         252M (25%)         256M (26%)    
[2026-04-03T03:19:03.704+0600][63.257s][info][gc,heap     ] GC(178) O: Reclaimed:         -                  -                52M (5%)           82M (8%)     
[2026-04-03T03:19:03.704+0600][63.257s][info][gc,heap     ] GC(178) O: Compacted:         -                  -                  -                 1M (0%)     
[2026-04-03T03:19:03.704+0600][63.257s][info][gc,phases   ] GC(178) O: Old Generation 506M(51%)->760M(76%) 0.934s
[2026-04-03T03:19:03.704+0600][63.257s][info][gc          ] GC(178) Major Collection (Allocation Rate) 420M(42%)->676M(68%) 1.329s
[2026-04-03T03:19:03.713+0600][63.265s][info][gc          ] GC(186) Major Collection (Allocation Rate)
[2026-04-03T03:19:03.713+0600][63.265s][info][gc,task     ] GC(186) Using 3 Workers for Young Generation
[2026-04-03T03:19:03.713+0600][63.265s][info][gc,task     ] GC(186) Using 1 Workers for Old Generation
[2026-04-03T03:19:03.713+0600][63.266s][info][gc,phases   ] GC(186) Y: Young Generation
[2026-04-03T03:19:03.713+0600][63.266s][info][gc,phases   ] GC(186) Y: Pause Mark Start (Major) 0.024ms
[2026-04-03T03:19:03.794+0600][63.346s][info][gc,phases   ] GC(186) Y: Concurrent Mark 80.461ms
[2026-04-03T03:19:03.794+0600][63.346s][info][gc,phases   ] GC(186) Y: Pause Mark End 0.018ms
[2026-04-03T03:19:03.794+0600][63.347s][info][gc,phases   ] GC(186) Y: Concurrent Mark Free 0.002ms
[2026-04-03T03:19:03.794+0600][63.347s][info][gc,phases   ] GC(186) Y: Concurrent Reset Relocation Set 0.030ms
[2026-04-03T03:19:03.797+0600][63.350s][info][gc,reloc    ] GC(186) Y: Using tenuring threshold: 2 (Computed)
[2026-04-03T03:19:03.813+0600][63.365s][info][gc,phases   ] GC(186) Y: Concurrent Select Relocation Set 18.388ms
[2026-04-03T03:19:03.813+0600][63.365s][info][gc,phases   ] GC(186) Y: Pause Relocate Start 0.013ms
[2026-04-03T03:19:03.843+0600][63.395s][info][gc,phases   ] GC(186) Y: Concurrent Relocate 29.880ms
[2026-04-03T03:19:03.843+0600][63.395s][info][gc,alloc    ] GC(186) Y:                         Mark Start        Mark End      Relocate Start    Relocate End   
[2026-04-03T03:19:03.843+0600][63.395s][info][gc,alloc    ] GC(186) Y: Allocation Stalls:          0                0                0                0         
[2026-04-03T03:19:03.843+0600][63.395s][info][gc,load     ] GC(186) Y: Load: 4.94 (41%) / 5.04 (42%) / 5.50 (46%)
[2026-04-03T03:19:03.843+0600][63.395s][info][gc,mmu      ] GC(186) Y: MMU: 2ms/90.1%, 5ms/96.1%, 10ms/98.0%, 20ms/98.5%, 50ms/99.4%, 100ms/99.6%
[2026-04-03T03:19:03.843+0600][63.395s][info][gc,marking  ] GC(186) Y: Mark: 2 stripe(s), 10 proactive flush(es), 1 terminate flush(es), 0 completion(s), 0 continuation(s) 
[2026-04-03T03:19:03.843+0600][63.395s][info][gc,marking  ] GC(186) Y: Mark Stack Usage: 32M
[2026-04-03T03:19:03.843+0600][63.395s][info][gc,nmethod  ] GC(186) Y: NMethods: 7173 registered, 814 unregistered
[2026-04-03T03:19:03.843+0600][63.395s][info][gc,metaspace] GC(186) Y: Metaspace: 71M used, 72M committed, 1088M reserved
[2026-04-03T03:19:03.843+0600][63.395s][info][gc,reloc    ] GC(186) Y:                        Candidates     Selected     In-Place         Size        Empty    Relocated 
[2026-04-03T03:19:03.843+0600][63.395s][info][gc,reloc    ] GC(186) Y: Small Pages:                   53           34            0         106M           4M           8M 
[2026-04-03T03:19:03.843+0600][63.395s][info][gc,reloc    ] GC(186) Y: Medium Pages:                   4            1            0          64M          32M           1M 
[2026-04-03T03:19:03.843+0600][63.395s][info][gc,reloc    ] GC(186) Y: Large Pages:                    7            0            0          44M          20M           0M 
[2026-04-03T03:19:03.843+0600][63.395s][info][gc,reloc    ] GC(186) Y: Forwarding Usage: 9M
[2026-04-03T03:19:03.843+0600][63.395s][info][gc,reloc    ] GC(186) Y: Age Table:
[2026-04-03T03:19:03.843+0600][63.395s][info][gc,reloc    ] GC(186) Y:                    Live             Garbage             Small              Medium             Large        
[2026-04-03T03:19:03.843+0600][63.395s][info][gc,reloc    ] GC(186) Y: Eden              18M (2%)           59M (6%)          33 / 30             0 / 0              2 / 0        
[2026-04-03T03:19:03.843+0600][63.395s][info][gc,reloc    ] GC(186) Y: Survivor 1        19M (2%)           50M (5%)          13 / 1              2 / 0              2 / 0        
[2026-04-03T03:19:03.843+0600][63.395s][info][gc,reloc    ] GC(186) Y: Survivor 2        21M (2%)           44M (4%)           7 / 3              2 / 1              3 / 0        
[2026-04-03T03:19:03.843+0600][63.395s][info][gc,heap     ] GC(186) Y: Min Capacity: 8M(1%)
[2026-04-03T03:19:03.843+0600][63.395s][info][gc,heap     ] GC(186) Y: Max Capacity: 1000M(100%)
[2026-04-03T03:19:03.843+0600][63.395s][info][gc,heap     ] GC(186) Y: Soft Max Capacity: 1000M(100%)
[2026-04-03T03:19:03.843+0600][63.395s][info][gc,heap     ] GC(186) Y: Heap Statistics:
[2026-04-03T03:19:03.843+0600][63.395s][info][gc,heap     ] GC(186) Y:                Mark Start          Mark End        Relocate Start      Relocate End           High               Low         
[2026-04-03T03:19:03.843+0600][63.395s][info][gc,heap     ] GC(186) Y:  Capacity:     1000M (100%)       1000M (100%)       1000M (100%)       1000M (100%)       1000M (100%)       1000M (100%)   
[2026-04-03T03:19:03.843+0600][63.395s][info][gc,heap     ] GC(186) Y:      Free:      318M (32%)         268M (27%)         296M (30%)         316M (32%)         338M (34%)         262M (26%)    
[2026-04-03T03:19:03.843+0600][63.395s][info][gc,heap     ] GC(186) Y:      Used:      682M (68%)         732M (73%)         704M (70%)         684M (68%)         738M (74%)         662M (66%)    
[2026-04-03T03:19:03.843+0600][63.395s][info][gc,heap     ] GC(186) Y: Young Generation Statistics:
[2026-04-03T03:19:03.843+0600][63.395s][info][gc,heap     ] GC(186) Y:                Mark Start          Mark End        Relocate Start      Relocate End    
[2026-04-03T03:19:03.843+0600][63.395s][info][gc,heap     ] GC(186) Y:      Used:      214M (21%)         264M (26%)         218M (22%)         176M (18%)    
[2026-04-03T03:19:03.843+0600][63.395s][info][gc,heap     ] GC(186) Y:      Live:         -                59M (6%)           41M (4%)           38M (4%)     
[2026-04-03T03:19:03.843+0600][63.395s][info][gc,heap     ] GC(186) Y:   Garbage:         -               154M (15%)          98M (10%)           0M (0%)     
[2026-04-03T03:19:03.843+0600][63.395s][info][gc,heap     ] GC(186) Y: Allocated:         -                50M (5%)           78M (8%)          137M (14%)    
[2026-04-03T03:19:03.843+0600][63.395s][info][gc,heap     ] GC(186) Y: Reclaimed:         -                  -                56M (6%)          154M (15%)    
[2026-04-03T03:19:03.843+0600][63.395s][info][gc,heap     ] GC(186) Y:  Promoted:         -                  -                17M (2%)           21M (2%)     
[2026-04-03T03:19:03.843+0600][63.395s][info][gc,heap     ] GC(186) Y: Compacted:         -                  -                  -                10M (1%)     
[2026-04-03T03:19:03.843+0600][63.395s][info][gc,phases   ] GC(186) Y: Young Generation 682M(68%)->684M(68%) 0.130s
[2026-04-03T03:19:03.843+0600][63.395s][info][gc,phases   ] GC(186) O: Old Generation
[2026-04-03T03:19:03.844+0600][63.397s][info][gc          ] GC(187) Minor Collection (Allocation Rate)
[2026-04-03T03:19:03.844+0600][63.397s][info][gc,task     ] GC(187) Using 2 Workers for Young Generation
[2026-04-03T03:19:03.844+0600][63.397s][info][gc,phases   ] GC(187) y: Young Generation
[2026-04-03T03:19:03.845+0600][63.397s][info][gc,phases   ] GC(187) y: Pause Mark Start 0.020ms
[2026-04-03T03:19:03.976+0600][63.528s][info][gc,phases   ] GC(187) y: Concurrent Mark 130.562ms
[2026-04-03T03:19:03.976+0600][63.528s][info][gc,phases   ] GC(187) y: Pause Mark End 0.028ms
[2026-04-03T03:19:03.976+0600][63.528s][info][gc,phases   ] GC(187) y: Concurrent Mark Free 0.001ms
[2026-04-03T03:19:03.976+0600][63.528s][info][gc,phases   ] GC(187) y: Concurrent Reset Relocation Set 0.024ms
[2026-04-03T03:19:03.981+0600][63.533s][info][gc,reloc    ] GC(187) y: Using tenuring threshold: 1 (Computed)
[2026-04-03T03:19:04.001+0600][63.553s][info][gc,phases   ] GC(187) y: Concurrent Select Relocation Set 24.516ms
[2026-04-03T03:19:04.001+0600][63.553s][info][gc,phases   ] GC(187) y: Pause Relocate Start 0.022ms
[2026-04-03T03:19:04.049+0600][63.601s][info][gc,phases   ] GC(187) y: Concurrent Relocate 48.013ms
[2026-04-03T03:19:04.049+0600][63.601s][info][gc,alloc    ] GC(187) y:                         Mark Start        Mark End      Relocate Start    Relocate End   
[2026-04-03T03:19:04.049+0600][63.601s][info][gc,alloc    ] GC(187) y: Allocation Stalls:          0                0                0                0         
[2026-04-03T03:19:04.049+0600][63.601s][info][gc,load     ] GC(187) y: Load: 4.94 (41%) / 5.04 (42%) / 5.50 (46%)
[2026-04-03T03:19:04.049+0600][63.602s][info][gc,mmu      ] GC(187) y: MMU: 2ms/90.1%, 5ms/96.1%, 10ms/98.0%, 20ms/98.5%, 50ms/99.4%, 100ms/99.6%
[2026-04-03T03:19:04.049+0600][63.602s][info][gc,marking  ] GC(187) y: Mark: 2 stripe(s), 2 proactive flush(es), 1 terminate flush(es), 0 completion(s), 0 continuation(s) 
[2026-04-03T03:19:04.049+0600][63.602s][info][gc,marking  ] GC(187) y: Mark Stack Usage: 32M
[2026-04-03T03:19:04.049+0600][63.602s][info][gc,nmethod  ] GC(187) y: NMethods: 7179 registered, 814 unregistered
[2026-04-03T03:19:04.049+0600][63.602s][info][gc,metaspace] GC(187) y: Metaspace: 71M used, 72M committed, 1088M reserved
[2026-04-03T03:19:04.049+0600][63.602s][info][gc,reloc    ] GC(187) y:                        Candidates     Selected     In-Place         Size        Empty    Relocated 
[2026-04-03T03:19:04.049+0600][63.602s][info][gc,reloc    ] GC(187) y: Small Pages:                   72            5            0         144M          84M           1M 
[2026-04-03T03:19:04.049+0600][63.602s][info][gc,reloc    ] GC(187) y: Medium Pages:                   1            0            0          16M           0M           0M 
[2026-04-03T03:19:04.049+0600][63.602s][info][gc,reloc    ] GC(187) y: Large Pages:                    3            0            0          18M           0M           0M 
[2026-04-03T03:19:04.049+0600][63.602s][info][gc,reloc    ] GC(187) y: Forwarding Usage: 2M
[2026-04-03T03:19:04.049+0600][63.602s][info][gc,reloc    ] GC(187) y: Age Table:
[2026-04-03T03:19:04.049+0600][63.602s][info][gc,reloc    ] GC(187) y:                    Live             Garbage             Small              Medium             Large        
[2026-04-03T03:19:04.049+0600][63.602s][info][gc,reloc    ] GC(187) y: Eden              28M (3%)           91M (9%)          57 / 2              0 / 0              1 / 0        
[2026-04-03T03:19:04.049+0600][63.602s][info][gc,reloc    ] GC(187) y: Survivor 1        18M (2%)            3M (0%)           5 / 2              0 / 0              2 / 0        
[2026-04-03T03:19:04.049+0600][63.602s][info][gc,reloc    ] GC(187) y: Survivor 2        19M (2%)           16M (2%)          10 / 1              1 / 0              0 / 0        
[2026-04-03T03:19:04.049+0600][63.602s][info][gc,heap     ] GC(187) y: Min Capacity: 8M(1%)
[2026-04-03T03:19:04.049+0600][63.602s][info][gc,heap     ] GC(187) y: Max Capacity: 1000M(100%)
[2026-04-03T03:19:04.049+0600][63.602s][info][gc,heap     ] GC(187) y: Soft Max Capacity: 1000M(100%)
[2026-04-03T03:19:04.049+0600][63.602s][info][gc,heap     ] GC(187) y: Heap Statistics:
[2026-04-03T03:19:04.049+0600][63.602s][info][gc,heap     ] GC(187) y:                Mark Start          Mark End        Relocate Start      Relocate End           High               Low         
[2026-04-03T03:19:04.049+0600][63.602s][info][gc,heap     ] GC(187) y:  Capacity:     1000M (100%)       1000M (100%)       1000M (100%)       1000M (100%)       1000M (100%)       1000M (100%)   
[2026-04-03T03:19:04.050+0600][63.602s][info][gc,heap     ] GC(187) y:      Free:      314M (31%)         108M (11%)         148M (15%)          70M (7%)          314M (31%)          70M (7%)     
[2026-04-03T03:19:04.050+0600][63.602s][info][gc,heap     ] GC(187) y:      Used:      686M (69%)         892M (89%)         852M (85%)         930M (93%)         930M (93%)         686M (69%)    
[2026-04-03T03:19:04.050+0600][63.602s][info][gc,heap     ] GC(187) y: Young Generation Statistics:
[2026-04-03T03:19:04.050+0600][63.602s][info][gc,heap     ] GC(187) y:                Mark Start          Mark End        Relocate Start      Relocate End    
[2026-04-03T03:19:04.050+0600][63.602s][info][gc,heap     ] GC(187) y:      Used:      178M (18%)         384M (38%)         292M (29%)         366M (37%)    
[2026-04-03T03:19:04.050+0600][63.602s][info][gc,heap     ] GC(187) y:      Live:         -                67M (7%)           30M (3%)           28M (3%)     
[2026-04-03T03:19:04.050+0600][63.602s][info][gc,heap     ] GC(187) y:   Garbage:         -               110M (11%)          11M (1%)            0M (0%)     
[2026-04-03T03:19:04.050+0600][63.602s][info][gc,heap     ] GC(187) y: Allocated:         -               206M (21%)         250M (25%)         337M (34%)    
[2026-04-03T03:19:04.050+0600][63.602s][info][gc,heap     ] GC(187) y: Reclaimed:         -                  -                99M (10%)         110M (11%)    
[2026-04-03T03:19:04.050+0600][63.602s][info][gc,heap     ] GC(187) y:  Promoted:         -                  -                36M (4%)           38M (4%)     
[2026-04-03T03:19:04.050+0600][63.602s][info][gc,heap     ] GC(187) y: Compacted:         -                  -                  -                 0M (0%)     
[2026-04-03T03:19:04.050+0600][63.602s][info][gc,phases   ] GC(187) y: Young Generation 686M(69%)->930M(93%) 0.205s
[2026-04-03T03:19:04.050+0600][63.602s][info][gc          ] GC(187) Minor Collection (Allocation Rate) 686M(69%)->932M(93%) 0.205s
[2026-04-03T03:19:04.050+0600][63.602s][info][gc          ] GC(188) Minor Collection (Allocation Rate)
[2026-04-03T03:19:04.050+0600][63.602s][info][gc,task     ] GC(188) Using 2 Workers for Young Generation
[2026-04-03T03:19:04.050+0600][63.602s][info][gc,phases   ] GC(188) y: Young Generation
[2026-04-03T03:19:04.050+0600][63.602s][info][gc,phases   ] GC(188) y: Pause Mark Start 0.020ms
[2026-04-03T03:19:04.124+0600][63.676s][info][gc,phases   ] GC(188) y: Concurrent Mark 73.381ms
[2026-04-03T03:19:04.124+0600][63.676s][info][gc,phases   ] GC(188) y: Pause Mark End 0.022ms
[2026-04-03T03:19:04.124+0600][63.676s][info][gc,phases   ] GC(188) y: Concurrent Mark Free 0.001ms
[2026-04-03T03:19:04.124+0600][63.676s][info][gc,phases   ] GC(188) y: Concurrent Reset Relocation Set 0.033ms
[2026-04-03T03:19:04.129+0600][63.681s][info][gc,reloc    ] GC(188) y: Using tenuring threshold: 1 (Computed)
[2026-04-03T03:19:04.148+0600][63.700s][info][gc,phases   ] GC(188) y: Concurrent Select Relocation Set 23.865ms
[2026-04-03T03:19:04.148+0600][63.700s][info][gc,phases   ] GC(188) y: Pause Relocate Start 0.027ms
[2026-04-03T03:19:04.176+0600][63.729s][info][gc,phases   ] GC(188) y: Concurrent Relocate 27.937ms
[2026-04-03T03:19:04.176+0600][63.729s][info][gc,alloc    ] GC(188) y:                         Mark Start        Mark End      Relocate Start    Relocate End   
[2026-04-03T03:19:04.176+0600][63.729s][info][gc,alloc    ] GC(188) y: Allocation Stalls:          0                0                0                0         
[2026-04-03T03:19:04.176+0600][63.729s][info][gc,load     ] GC(188) y: Load: 4.94 (41%) / 5.04 (42%) / 5.50 (46%)
[2026-04-03T03:19:04.176+0600][63.729s][info][gc,mmu      ] GC(188) y: MMU: 2ms/90.1%, 5ms/96.1%, 10ms/98.0%, 20ms/98.5%, 50ms/99.4%, 100ms/99.6%
[2026-04-03T03:19:04.176+0600][63.729s][info][gc,marking  ] GC(188) y: Mark: 2 stripe(s), 9 proactive flush(es), 1 terminate flush(es), 0 completion(s), 0 continuation(s) 
[2026-04-03T03:19:04.176+0600][63.729s][info][gc,marking  ] GC(188) y: Mark Stack Usage: 32M
[2026-04-03T03:19:04.176+0600][63.729s][info][gc,nmethod  ] GC(188) y: NMethods: 7182 registered, 814 unregistered
[2026-04-03T03:19:04.176+0600][63.729s][info][gc,metaspace] GC(188) y: Metaspace: 71M used, 72M committed, 1088M reserved
[2026-04-03T03:19:04.177+0600][63.729s][info][gc,reloc    ] GC(188) y:                        Candidates     Selected     In-Place         Size        Empty    Relocated 
[2026-04-03T03:19:04.177+0600][63.729s][info][gc,reloc    ] GC(188) y: Small Pages:                  178            2            0         356M         324M           1M 
[2026-04-03T03:19:04.177+0600][63.729s][info][gc,reloc    ] GC(188) y: Medium Pages:                   0            0            0           0M           0M           0M 
[2026-04-03T03:19:04.177+0600][63.729s][info][gc,reloc    ] GC(188) y: Large Pages:                    2            0            0          12M           0M           0M 
[2026-04-03T03:19:04.177+0600][63.729s][info][gc,reloc    ] GC(188) y: Forwarding Usage: 1M
[2026-04-03T03:19:04.177+0600][63.729s][info][gc,reloc    ] GC(188) y: Age Table:
[2026-04-03T03:19:04.177+0600][63.729s][info][gc,reloc    ] GC(188) y:                    Live             Garbage             Small              Medium             Large        
[2026-04-03T03:19:04.177+0600][63.729s][info][gc,reloc    ] GC(188) y: Eden              10M (1%)          325M (33%)        165 / 1              0 / 0              1 / 0        
[2026-04-03T03:19:04.177+0600][63.729s][info][gc,reloc    ] GC(188) y: Survivor 1        28M (3%)            3M (0%)          13 / 1              0 / 0              1 / 0        
[2026-04-03T03:19:04.177+0600][63.729s][info][gc,heap     ] GC(188) y: Min Capacity: 8M(1%)
[2026-04-03T03:19:04.177+0600][63.729s][info][gc,heap     ] GC(188) y: Max Capacity: 1000M(100%)
[2026-04-03T03:19:04.177+0600][63.729s][info][gc,heap     ] GC(188) y: Soft Max Capacity: 1000M(100%)
[2026-04-03T03:19:04.177+0600][63.729s][info][gc,heap     ] GC(188) y: Heap Statistics:
[2026-04-03T03:19:04.177+0600][63.729s][info][gc,heap     ] GC(188) y:                Mark Start          Mark End        Relocate Start      Relocate End           High               Low         
[2026-04-03T03:19:04.177+0600][63.729s][info][gc,heap     ] GC(188) y:  Capacity:     1000M (100%)       1000M (100%)       1000M (100%)       1000M (100%)       1000M (100%)       1000M (100%)   
[2026-04-03T03:19:04.177+0600][63.729s][info][gc,heap     ] GC(188) y:      Free:       68M (7%)            4M (0%)          250M (25%)         186M (19%)         316M (32%)           4M (0%)     
[2026-04-03T03:19:04.177+0600][63.729s][info][gc,heap     ] GC(188) y:      Used:      932M (93%)         996M (100%)        750M (75%)         814M (81%)         996M (100%)        684M (68%)    
[2026-04-03T03:19:04.177+0600][63.729s][info][gc,heap     ] GC(188) y: Young Generation Statistics:
[2026-04-03T03:19:04.177+0600][63.729s][info][gc,heap     ] GC(188) y:                Mark Start          Mark End        Relocate Start      Relocate End    
[2026-04-03T03:19:04.177+0600][63.729s][info][gc,heap     ] GC(188) y:      Used:      368M (37%)         432M (43%)         158M (16%)         220M (22%)    
[2026-04-03T03:19:04.177+0600][63.729s][info][gc,heap     ] GC(188) y:      Live:         -                39M (4%)           11M (1%)           10M (1%)     
[2026-04-03T03:19:04.177+0600][63.729s][info][gc,heap     ] GC(188) y:   Garbage:         -               328M (33%)           4M (0%)            0M (0%)     
[2026-04-03T03:19:04.177+0600][63.729s][info][gc,heap     ] GC(188) y: Allocated:         -                64M (6%)          142M (14%)         209M (21%)    
[2026-04-03T03:19:04.177+0600][63.729s][info][gc,heap     ] GC(188) y: Reclaimed:         -                  -               324M (32%)         328M (33%)    
[2026-04-03T03:19:04.177+0600][63.729s][info][gc,heap     ] GC(188) y:  Promoted:         -                  -                27M (3%)           28M (3%)     
[2026-04-03T03:19:04.177+0600][63.729s][info][gc,heap     ] GC(188) y: Compacted:         -                  -                  -                 0M (0%)     
[2026-04-03T03:19:04.177+0600][63.729s][info][gc,phases   ] GC(188) y: Young Generation 932M(93%)->814M(81%) 0.127s
[2026-04-03T03:19:04.177+0600][63.729s][info][gc          ] GC(188) Minor Collection (Allocation Rate) 932M(93%)->816M(82%) 0.127s
[2026-04-03T03:19:04.177+0600][63.729s][info][gc          ] GC(189) Minor Collection (Allocation Rate)
[2026-04-03T03:19:04.177+0600][63.729s][info][gc,task     ] GC(189) Using 2 Workers for Young Generation
[2026-04-03T03:19:04.177+0600][63.729s][info][gc,phases   ] GC(189) y: Young Generation
[2026-04-03T03:19:04.177+0600][63.730s][info][gc,phases   ] GC(189) y: Pause Mark Start 0.018ms
[2026-04-03T03:19:04.265+0600][63.817s][info][gc,phases   ] GC(189) y: Concurrent Mark 87.130ms
[2026-04-03T03:19:04.265+0600][63.817s][info][gc,phases   ] GC(189) y: Pause Mark End 0.019ms
[2026-04-03T03:19:04.265+0600][63.817s][info][gc,phases   ] GC(189) y: Concurrent Mark Free 0.001ms
[2026-04-03T03:19:04.265+0600][63.817s][info][gc,phases   ] GC(189) y: Concurrent Reset Relocation Set 0.022ms
[2026-04-03T03:19:04.267+0600][63.819s][info][gc,reloc    ] GC(189) y: Using tenuring threshold: 2 (Computed)
[2026-04-03T03:19:04.267+0600][63.819s][info][gc,phases   ] GC(189) y: Concurrent Select Relocation Set 1.958ms
[2026-04-03T03:19:04.267+0600][63.819s][info][gc,phases   ] GC(189) y: Pause Relocate Start 0.013ms
[2026-04-03T03:19:04.269+0600][63.821s][info][gc,phases   ] GC(189) y: Concurrent Relocate 1.467ms
[2026-04-03T03:19:04.269+0600][63.821s][info][gc,alloc    ] GC(189) y:                         Mark Start        Mark End      Relocate Start    Relocate End   
[2026-04-03T03:19:04.269+0600][63.821s][info][gc,alloc    ] GC(189) y: Allocation Stalls:          0                0                0                0         
[2026-04-03T03:19:04.269+0600][63.821s][info][gc,load     ] GC(189) y: Load: 4.94 (41%) / 5.04 (42%) / 5.50 (46%)
[2026-04-03T03:19:04.269+0600][63.821s][info][gc,mmu      ] GC(189) y: MMU: 2ms/90.1%, 5ms/96.1%, 10ms/98.0%, 20ms/98.5%, 50ms/99.4%, 100ms/99.6%
[2026-04-03T03:19:04.269+0600][63.821s][info][gc,marking  ] GC(189) y: Mark: 2 stripe(s), 10 proactive flush(es), 1 terminate flush(es), 0 completion(s), 0 continuation(s) 
[2026-04-03T03:19:04.269+0600][63.821s][info][gc,marking  ] GC(189) y: Mark Stack Usage: 32M
[2026-04-03T03:19:04.269+0600][63.821s][info][gc,nmethod  ] GC(189) y: NMethods: 7182 registered, 814 unregistered
[2026-04-03T03:19:04.269+0600][63.821s][info][gc,metaspace] GC(189) y: Metaspace: 71M used, 72M committed, 1088M reserved
[2026-04-03T03:19:04.269+0600][63.821s][info][gc,reloc    ] GC(189) y:                        Candidates     Selected     In-Place         Size        Empty    Relocated 
[2026-04-03T03:19:04.269+0600][63.821s][info][gc,reloc    ] GC(189) y: Small Pages:                  108            4            0         216M         156M           0M 
[2026-04-03T03:19:04.269+0600][63.821s][info][gc,reloc    ] GC(189) y: Medium Pages:                   0            0            0           0M           0M           0M 
[2026-04-03T03:19:04.269+0600][63.821s][info][gc,reloc    ] GC(189) y: Large Pages:                    1            0            0           6M           6M           0M 
[2026-04-03T03:19:04.269+0600][63.821s][info][gc,reloc    ] GC(189) y: Forwarding Usage: 0M
[2026-04-03T03:19:04.269+0600][63.821s][info][gc,reloc    ] GC(189) y: Age Table:
[2026-04-03T03:19:04.269+0600][63.821s][info][gc,reloc    ] GC(189) y:                    Live             Garbage             Small              Medium             Large        
[2026-04-03T03:19:04.269+0600][63.821s][info][gc,reloc    ] GC(189) y: Eden              46M (5%)          163M (16%)        105 / 3              0 / 0              0 / 0        
[2026-04-03T03:19:04.269+0600][63.821s][info][gc,reloc    ] GC(189) y: Survivor 1         4M (0%)            7M (1%)           3 / 1              0 / 0              1 / 0        
[2026-04-03T03:19:04.269+0600][63.821s][info][gc,heap     ] GC(189) y: Min Capacity: 8M(1%)
[2026-04-03T03:19:04.269+0600][63.821s][info][gc,heap     ] GC(189) y: Max Capacity: 1000M(100%)
[2026-04-03T03:19:04.269+0600][63.821s][info][gc,heap     ] GC(189) y: Soft Max Capacity: 1000M(100%)
[2026-04-03T03:19:04.269+0600][63.821s][info][gc,heap     ] GC(189) y: Heap Statistics:
[2026-04-03T03:19:04.269+0600][63.821s][info][gc,heap     ] GC(189) y:                Mark Start          Mark End        Relocate Start      Relocate End           High               Low         
[2026-04-03T03:19:04.269+0600][63.821s][info][gc,heap     ] GC(189) y:  Capacity:     1000M (100%)       1000M (100%)       1000M (100%)       1000M (100%)       1000M (100%)       1000M (100%)   
[2026-04-03T03:19:04.269+0600][63.821s][info][gc,heap     ] GC(189) y:      Free:      184M (18%)         156M (16%)         318M (32%)         324M (32%)         324M (32%)         156M (16%)    
[2026-04-03T03:19:04.269+0600][63.821s][info][gc,heap     ] GC(189) y:      Used:      816M (82%)         844M (84%)         682M (68%)         676M (68%)         844M (84%)         676M (68%)    
[2026-04-03T03:19:04.269+0600][63.821s][info][gc,heap     ] GC(189) y: Young Generation Statistics:
[2026-04-03T03:19:04.269+0600][63.821s][info][gc,heap     ] GC(189) y:                Mark Start          Mark End        Relocate Start      Relocate End    
[2026-04-03T03:19:04.269+0600][63.821s][info][gc,heap     ] GC(189) y:      Used:      222M (22%)         250M (25%)          88M (9%)           82M (8%)     
[2026-04-03T03:19:04.269+0600][63.821s][info][gc,heap     ] GC(189) y:      Live:         -                50M (5%)           50M (5%)           50M (5%)     
[2026-04-03T03:19:04.269+0600][63.821s][info][gc,heap     ] GC(189) y:   Garbage:         -               171M (17%)           9M (1%)            0M (0%)     
[2026-04-03T03:19:04.269+0600][63.821s][info][gc,heap     ] GC(189) y: Allocated:         -                28M (3%)           28M (3%)           31M (3%)     
[2026-04-03T03:19:04.269+0600][63.821s][info][gc,heap     ] GC(189) y: Reclaimed:         -                  -               162M (16%)         171M (17%)    
[2026-04-03T03:19:04.269+0600][63.821s][info][gc,heap     ] GC(189) y:  Promoted:         -                  -                 0M (0%)            0M (0%)     
[2026-04-03T03:19:04.269+0600][63.821s][info][gc,heap     ] GC(189) y: Compacted:         -                  -                  -                 0M (0%)     
[2026-04-03T03:19:04.269+0600][63.821s][info][gc,phases   ] GC(189) y: Young Generation 816M(82%)->676M(68%) 0.092s
[2026-04-03T03:19:04.269+0600][63.821s][info][gc          ] GC(189) Minor Collection (Allocation Rate) 816M(82%)->676M(68%) 0.092s
[2026-04-03T03:19:04.269+0600][63.821s][info][gc          ] GC(190) Minor Collection (Allocation Rate)
[2026-04-03T03:19:04.269+0600][63.822s][info][gc,task     ] GC(190) Using 2 Workers for Young Generation
[2026-04-03T03:19:04.269+0600][63.822s][info][gc,phases   ] GC(190) y: Young Generation
[2026-04-03T03:19:04.269+0600][63.822s][info][gc,phases   ] GC(190) y: Pause Mark Start 0.015ms
[2026-04-03T03:19:04.279+0600][63.831s][info][gc,phases   ] GC(190) y: Concurrent Mark 8.973ms
[2026-04-03T03:19:04.279+0600][63.831s][info][gc,phases   ] GC(190) y: Pause Mark End 0.021ms
[2026-04-03T03:19:04.279+0600][63.831s][info][gc,phases   ] GC(190) y: Concurrent Mark Free 0.001ms
[2026-04-03T03:19:04.279+0600][63.831s][info][gc,phases   ] GC(190) y: Concurrent Reset Relocation Set 0.002ms
[2026-04-03T03:19:04.280+0600][63.833s][info][gc,reloc    ] GC(190) y: Using tenuring threshold: 3 (Computed)
[2026-04-03T03:19:04.281+0600][63.833s][info][gc,phases   ] GC(190) y: Concurrent Select Relocation Set 2.154ms
[2026-04-03T03:19:04.281+0600][63.834s][info][gc,phases   ] GC(190) y: Pause Relocate Start 0.013ms
[2026-04-03T03:19:04.281+0600][63.834s][info][gc,phases   ] GC(190) y: Concurrent Relocate 0.102ms
[2026-04-03T03:19:04.281+0600][63.834s][info][gc,alloc    ] GC(190) y:                         Mark Start        Mark End      Relocate Start    Relocate End   
[2026-04-03T03:19:04.281+0600][63.834s][info][gc,alloc    ] GC(190) y: Allocation Stalls:          0                0                0                0         
[2026-04-03T03:19:04.281+0600][63.834s][info][gc,load     ] GC(190) y: Load: 4.94 (41%) / 5.04 (42%) / 5.50 (46%)
[2026-04-03T03:19:04.281+0600][63.834s][info][gc,mmu      ] GC(190) y: MMU: 2ms/90.1%, 5ms/96.1%, 10ms/98.0%, 20ms/98.5%, 50ms/99.4%, 100ms/99.6%
[2026-04-03T03:19:04.281+0600][63.834s][info][gc,marking  ] GC(190) y: Mark: 2 stripe(s), 1 proactive flush(es), 1 terminate flush(es), 0 completion(s), 0 continuation(s) 
[2026-04-03T03:19:04.282+0600][63.834s][info][gc,marking  ] GC(190) y: Mark Stack Usage: 32M
[2026-04-03T03:19:04.282+0600][63.834s][info][gc,nmethod  ] GC(190) y: NMethods: 7182 registered, 814 unregistered
[2026-04-03T03:19:04.282+0600][63.834s][info][gc,metaspace] GC(190) y: Metaspace: 71M used, 72M committed, 1088M reserved
[2026-04-03T03:19:04.282+0600][63.834s][info][gc,reloc    ] GC(190) y:                        Candidates     Selected     In-Place         Size        Empty    Relocated 
[2026-04-03T03:19:04.282+0600][63.834s][info][gc,reloc    ] GC(190) y: Small Pages:                   41            3            0          82M          74M           0M 
[2026-04-03T03:19:04.282+0600][63.834s][info][gc,reloc    ] GC(190) y: Medium Pages:                   0            0            0           0M           0M           0M 
[2026-04-03T03:19:04.282+0600][63.834s][info][gc,reloc    ] GC(190) y: Large Pages:                    0            0            0           0M           0M           0M 
[2026-04-03T03:19:04.282+0600][63.834s][info][gc,reloc    ] GC(190) y: Forwarding Usage: 0M
[2026-04-03T03:19:04.282+0600][63.834s][info][gc,reloc    ] GC(190) y: Age Table:
[2026-04-03T03:19:04.282+0600][63.834s][info][gc,reloc    ] GC(190) y:                    Live             Garbage             Small              Medium             Large        
[2026-04-03T03:19:04.282+0600][63.834s][info][gc,reloc    ] GC(190) y: Eden               0M (0%)           27M (3%)          14 / 2              0 / 0              0 / 0        
[2026-04-03T03:19:04.282+0600][63.834s][info][gc,reloc    ] GC(190) y: Survivor 1         0M (0%)           47M (5%)          24 / 1              0 / 0              0 / 0        
[2026-04-03T03:19:04.282+0600][63.834s][info][gc,reloc    ] GC(190) y: Survivor 2         0M (0%)            5M (1%)           3 / 0              0 / 0              0 / 0        
[2026-04-03T03:19:04.282+0600][63.834s][info][gc,heap     ] GC(190) y: Min Capacity: 8M(1%)
[2026-04-03T03:19:04.282+0600][63.834s][info][gc,heap     ] GC(190) y: Max Capacity: 1000M(100%)
[2026-04-03T03:19:04.282+0600][63.834s][info][gc,heap     ] GC(190) y: Soft Max Capacity: 1000M(100%)
[2026-04-03T03:19:04.282+0600][63.834s][info][gc,heap     ] GC(190) y: Heap Statistics:
[2026-04-03T03:19:04.282+0600][63.834s][info][gc,heap     ] GC(190) y:                Mark Start          Mark End        Relocate Start      Relocate End           High               Low         
[2026-04-03T03:19:04.282+0600][63.834s][info][gc,heap     ] GC(190) y:  Capacity:     1000M (100%)       1000M (100%)       1000M (100%)       1000M (100%)       1000M (100%)       1000M (100%)   
[2026-04-03T03:19:04.282+0600][63.834s][info][gc,heap     ] GC(190) y:      Free:      324M (32%)         324M (32%)         398M (40%)         400M (40%)         400M (40%)         324M (32%)    
[2026-04-03T03:19:04.282+0600][63.834s][info][gc,heap     ] GC(190) y:      Used:      676M (68%)         676M (68%)         602M (60%)         600M (60%)         676M (68%)         600M (60%)    
[2026-04-03T03:19:04.282+0600][63.834s][info][gc,heap     ] GC(190) y: Young Generation Statistics:
[2026-04-03T03:19:04.282+0600][63.834s][info][gc,heap     ] GC(190) y:                Mark Start          Mark End        Relocate Start      Relocate End    
[2026-04-03T03:19:04.282+0600][63.834s][info][gc,heap     ] GC(190) y:      Used:       82M (8%)           82M (8%)            8M (1%)            6M (1%)     
[2026-04-03T03:19:04.282+0600][63.834s][info][gc,heap     ] GC(190) y:      Live:         -                 0M (0%)            0M (0%)            0M (0%)     
[2026-04-03T03:19:04.282+0600][63.834s][info][gc,heap     ] GC(190) y:   Garbage:         -                81M (8%)            7M (1%)            0M (0%)     
[2026-04-03T03:19:04.282+0600][63.834s][info][gc,heap     ] GC(190) y: Allocated:         -                 0M (0%)            0M (0%)            5M (1%)     
[2026-04-03T03:19:04.282+0600][63.834s][info][gc,heap     ] GC(190) y: Reclaimed:         -                  -                74M (7%)           81M (8%)     
[2026-04-03T03:19:04.282+0600][63.834s][info][gc,heap     ] GC(190) y:  Promoted:         -                  -                 0M (0%)            0M (0%)     
[2026-04-03T03:19:04.282+0600][63.834s][info][gc,heap     ] GC(190) y: Compacted:         -                  -                  -                 0M (0%)     
[2026-04-03T03:19:04.282+0600][63.834s][info][gc,phases   ] GC(190) y: Young Generation 676M(68%)->600M(60%) 0.012s
[2026-04-03T03:19:04.282+0600][63.834s][info][gc          ] GC(190) Minor Collection (Allocation Rate) 676M(68%)->600M(60%) 0.012s
[2026-04-03T03:19:04.437+0600][63.989s][info][gc,phases   ] GC(186) O: Concurrent Mark 593.898ms
[2026-04-03T03:19:04.437+0600][63.990s][info][gc,phases   ] GC(186) O: Pause Mark End 0.017ms
[2026-04-03T03:19:04.437+0600][63.990s][info][gc,phases   ] GC(186) O: Concurrent Mark Free 0.001ms
[2026-04-03T03:19:04.453+0600][64.005s][info][gc,phases   ] GC(186) O: Concurrent Process Non-Strong 15.073ms
[2026-04-03T03:19:04.453+0600][64.005s][info][gc,phases   ] GC(186) O: Concurrent Reset Relocation Set 0.017ms
[2026-04-03T03:19:04.456+0600][64.009s][info][gc,phases   ] GC(186) O: Concurrent Select Relocation Set 3.701ms
[2026-04-03T03:19:04.456+0600][64.009s][info][gc,task     ] GC(186) O: Using 3 Workers for Old Generation
[2026-04-03T03:19:04.474+0600][64.026s][info][gc,task     ] GC(186) O: Using 1 Workers for Old Generation
[2026-04-03T03:19:04.474+0600][64.027s][info][gc,phases   ] GC(186) O: Concurrent Remap Roots 17.944ms
[2026-04-03T03:19:04.475+0600][64.027s][info][gc,phases   ] GC(186) O: Pause Relocate Start 0.021ms
[2026-04-03T03:19:04.484+0600][64.036s][info][gc,phases   ] GC(186) O: Concurrent Relocate 9.256ms
[2026-04-03T03:19:04.484+0600][64.036s][info][gc,alloc    ] GC(186) O:                         Mark Start        Mark End      Relocate Start    Relocate End   
[2026-04-03T03:19:04.484+0600][64.036s][info][gc,alloc    ] GC(186) O: Allocation Stalls:          0                0                0                0         
[2026-04-03T03:19:04.484+0600][64.036s][info][gc,load     ] GC(186) O: Load: 4.94 (41%) / 5.04 (42%) / 5.50 (46%)
[2026-04-03T03:19:04.484+0600][64.036s][info][gc,mmu      ] GC(186) O: MMU: 2ms/90.1%, 5ms/96.1%, 10ms/98.0%, 20ms/98.5%, 50ms/99.4%, 100ms/99.6%
[2026-04-03T03:19:04.484+0600][64.036s][info][gc,marking  ] GC(186) O: Mark: 1 stripe(s), 2 proactive flush(es), 1 terminate flush(es), 0 completion(s), 0 continuation(s) 
[2026-04-03T03:19:04.484+0600][64.036s][info][gc,marking  ] GC(186) O: Mark Stack Usage: 32M
[2026-04-03T03:19:04.484+0600][64.036s][info][gc,nmethod  ] GC(186) O: NMethods: 7186 registered, 818 unregistered
[2026-04-03T03:19:04.484+0600][64.036s][info][gc,metaspace] GC(186) O: Metaspace: 71M used, 72M committed, 1088M reserved
[2026-04-03T03:19:04.484+0600][64.036s][info][gc,ref      ] GC(186) O:                       Encountered   Discovered     Enqueued 
[2026-04-03T03:19:04.484+0600][64.036s][info][gc,ref      ] GC(186) O: Soft References:             5092            0            0 
[2026-04-03T03:19:04.484+0600][64.036s][info][gc,ref      ] GC(186) O: Weak References:             6793         5411          230 
[2026-04-03T03:19:04.484+0600][64.036s][info][gc,ref      ] GC(186) O: Final References:              84            0            0 
[2026-04-03T03:19:04.484+0600][64.036s][info][gc,ref      ] GC(186) O: Phantom References:           599          537            0 
[2026-04-03T03:19:04.484+0600][64.036s][info][gc,reloc    ] GC(186) O:                        Candidates     Selected     In-Place         Size        Empty    Relocated 
[2026-04-03T03:19:04.484+0600][64.036s][info][gc,reloc    ] GC(186) O: Small Pages:                  138            9            0         276M          84M           2M 
[2026-04-03T03:19:04.484+0600][64.036s][info][gc,reloc    ] GC(186) O: Medium Pages:                   8            0            0         128M         112M           0M 
[2026-04-03T03:19:04.484+0600][64.036s][info][gc,reloc    ] GC(186) O: Large Pages:                   12            0            0          64M          60M           0M 
[2026-04-03T03:19:04.484+0600][64.036s][info][gc,reloc    ] GC(186) O: Forwarding Usage: 2M
[2026-04-03T03:19:04.484+0600][64.036s][info][gc,heap     ] GC(186) O: Min Capacity: 8M(1%)
[2026-04-03T03:19:04.484+0600][64.036s][info][gc,heap     ] GC(186) O: Max Capacity: 1000M(100%)
[2026-04-03T03:19:04.484+0600][64.036s][info][gc,heap     ] GC(186) O: Soft Max Capacity: 1000M(100%)
[2026-04-03T03:19:04.484+0600][64.036s][info][gc,heap     ] GC(186) O: Heap Statistics:
[2026-04-03T03:19:04.484+0600][64.036s][info][gc,heap     ] GC(186) O:                Mark Start          Mark End        Relocate Start      Relocate End           High               Low         
[2026-04-03T03:19:04.484+0600][64.036s][info][gc,heap     ] GC(186) O:  Capacity:     1000M (100%)       1000M (100%)       1000M (100%)       1000M (100%)       1000M (100%)       1000M (100%)   
[2026-04-03T03:19:04.484+0600][64.036s][info][gc,heap     ] GC(186) O:      Free:      318M (32%)         398M (40%)         640M (64%)         658M (66%)         658M (66%)           4M (0%)     
[2026-04-03T03:19:04.484+0600][64.036s][info][gc,heap     ] GC(186) O:      Used:      682M (68%)         602M (60%)         360M (36%)         342M (34%)         996M (100%)        342M (34%)    
[2026-04-03T03:19:04.484+0600][64.036s][info][gc,heap     ] GC(186) O: Old Generation Statistics:
[2026-04-03T03:19:04.484+0600][64.036s][info][gc,heap     ] GC(186) O:                Mark Start          Mark End        Relocate Start      Relocate End    
[2026-04-03T03:19:04.484+0600][64.036s][info][gc,heap     ] GC(186) O:      Used:      468M (47%)         594M (59%)         338M (34%)         320M (32%)    
[2026-04-03T03:19:04.484+0600][64.036s][info][gc,heap     ] GC(186) O:      Live:         -               181M (18%)         181M (18%)         181M (18%)    
[2026-04-03T03:19:04.484+0600][64.036s][info][gc,heap     ] GC(186) O:   Garbage:         -               286M (29%)          30M (3%)           11M (1%)     
[2026-04-03T03:19:04.484+0600][64.036s][info][gc,heap     ] GC(186) O: Allocated:         -               126M (13%)         126M (13%)         126M (13%)    
[2026-04-03T03:19:04.484+0600][64.036s][info][gc,heap     ] GC(186) O: Reclaimed:         -                  -               256M (26%)         274M (27%)    
[2026-04-03T03:19:04.484+0600][64.036s][info][gc,heap     ] GC(186) O: Compacted:         -                  -                  -                 3M (0%)     
[2026-04-03T03:19:04.484+0600][64.036s][info][gc,phases   ] GC(186) O: Old Generation 684M(68%)->342M(34%) 0.641s
[2026-04-03T03:19:04.484+0600][64.036s][info][gc          ] GC(186) Major Collection (Allocation Rate) 682M(68%)->342M(34%) 0.771s
[2026-04-03T03:19:04.484+0600][64.036s][info][gc          ] GC(191) Major Collection (System.gc())
[2026-04-03T03:19:04.484+0600][64.036s][info][gc,task     ] GC(191) Using 3 Workers for Young Generation
[2026-04-03T03:19:04.484+0600][64.036s][info][gc,task     ] GC(191) Using 3 Workers for Old Generation
[2026-04-03T03:19:04.484+0600][64.036s][info][gc,phases   ] GC(191) Y: Young Generation (Promote All)
[2026-04-03T03:19:04.484+0600][64.037s][info][gc,phases   ] GC(191) Y: Pause Mark Start 0.017ms
[2026-04-03T03:19:04.494+0600][64.046s][info][gc,phases   ] GC(191) Y: Concurrent Mark 9.457ms
[2026-04-03T03:19:04.494+0600][64.046s][info][gc,phases   ] GC(191) Y: Pause Mark End 0.018ms
[2026-04-03T03:19:04.494+0600][64.047s][info][gc,phases   ] GC(191) Y: Concurrent Mark Free 0.001ms
[2026-04-03T03:19:04.494+0600][64.047s][info][gc,phases   ] GC(191) Y: Concurrent Reset Relocation Set 0.001ms
[2026-04-03T03:19:04.496+0600][64.048s][info][gc,reloc    ] GC(191) Y: Using tenuring threshold: 0 (Promote All)
[2026-04-03T03:19:04.496+0600][64.049s][info][gc,phases   ] GC(191) Y: Concurrent Select Relocation Set 1.992ms
[2026-04-03T03:19:04.496+0600][64.049s][info][gc,phases   ] GC(191) Y: Pause Relocate Start 0.025ms
[2026-04-03T03:19:04.497+0600][64.049s][info][gc,phases   ] GC(191) Y: Concurrent Relocate 0.342ms
[2026-04-03T03:19:04.497+0600][64.049s][info][gc,alloc    ] GC(191) Y:                         Mark Start        Mark End      Relocate Start    Relocate End   
[2026-04-03T03:19:04.497+0600][64.049s][info][gc,alloc    ] GC(191) Y: Allocation Stalls:          0                0                0                0         
[2026-04-03T03:19:04.497+0600][64.049s][info][gc,load     ] GC(191) Y: Load: 4.94 (41%) / 5.04 (42%) / 5.50 (46%)
[2026-04-03T03:19:04.497+0600][64.049s][info][gc,mmu      ] GC(191) Y: MMU: 2ms/90.1%, 5ms/96.1%, 10ms/98.0%, 20ms/98.5%, 50ms/99.4%, 100ms/99.6%
[2026-04-03T03:19:04.497+0600][64.049s][info][gc,marking  ] GC(191) Y: Mark: 2 stripe(s), 1 proactive flush(es), 1 terminate flush(es), 0 completion(s), 0 continuation(s) 
[2026-04-03T03:19:04.497+0600][64.049s][info][gc,marking  ] GC(191) Y: Mark Stack Usage: 32M
[2026-04-03T03:19:04.497+0600][64.049s][info][gc,nmethod  ] GC(191) Y: NMethods: 7186 registered, 818 unregistered
[2026-04-03T03:19:04.497+0600][64.049s][info][gc,metaspace] GC(191) Y: Metaspace: 71M used, 72M committed, 1088M reserved
[2026-04-03T03:19:04.497+0600][64.049s][info][gc,reloc    ] GC(191) Y:                        Candidates     Selected     In-Place         Size        Empty    Relocated 
[2026-04-03T03:19:04.497+0600][64.049s][info][gc,reloc    ] GC(191) Y: Small Pages:                   11           10            0          22M           0M           0M 
[2026-04-03T03:19:04.497+0600][64.049s][info][gc,reloc    ] GC(191) Y: Medium Pages:                   0            0            0           0M           0M           0M 
[2026-04-03T03:19:04.497+0600][64.049s][info][gc,reloc    ] GC(191) Y: Large Pages:                    0            0            0           0M           0M           0M 
[2026-04-03T03:19:04.497+0600][64.049s][info][gc,reloc    ] GC(191) Y: Forwarding Usage: 0M
[2026-04-03T03:19:04.497+0600][64.049s][info][gc,reloc    ] GC(191) Y: Age Table:
[2026-04-03T03:19:04.497+0600][64.049s][info][gc,reloc    ] GC(191) Y:                    Live             Garbage             Small              Medium             Large        
[2026-04-03T03:19:04.497+0600][64.049s][info][gc,reloc    ] GC(191) Y: Eden               0M (0%)           15M (2%)           8 / 8              0 / 0              0 / 0        
[2026-04-03T03:19:04.497+0600][64.049s][info][gc,reloc    ] GC(191) Y: Survivor 1         0M (0%)            1M (0%)           1 / 0              0 / 0              0 / 0        
[2026-04-03T03:19:04.497+0600][64.049s][info][gc,reloc    ] GC(191) Y: Survivor 2         0M (0%)            1M (0%)           1 / 1              0 / 0              0 / 0        
[2026-04-03T03:19:04.497+0600][64.049s][info][gc,reloc    ] GC(191) Y: Survivor 3         0M (0%)            1M (0%)           1 / 1              0 / 0              0 / 0        
[2026-04-03T03:19:04.497+0600][64.049s][info][gc,heap     ] GC(191) Y: Min Capacity: 8M(1%)
[2026-04-03T03:19:04.497+0600][64.049s][info][gc,heap     ] GC(191) Y: Max Capacity: 1000M(100%)
[2026-04-03T03:19:04.497+0600][64.049s][info][gc,heap     ] GC(191) Y: Soft Max Capacity: 1000M(100%)
[2026-04-03T03:19:04.497+0600][64.049s][info][gc,heap     ] GC(191) Y: Heap Statistics:
[2026-04-03T03:19:04.497+0600][64.049s][info][gc,heap     ] GC(191) Y:                Mark Start          Mark End        Relocate Start      Relocate End           High               Low         
[2026-04-03T03:19:04.497+0600][64.049s][info][gc,heap     ] GC(191) Y:  Capacity:     1000M (100%)       1000M (100%)       1000M (100%)       1000M (100%)       1000M (100%)       1000M (100%)   
[2026-04-03T03:19:04.497+0600][64.049s][info][gc,heap     ] GC(191) Y:      Free:      658M (66%)         658M (66%)         658M (66%)         674M (67%)         674M (67%)         654M (65%)    
[2026-04-03T03:19:04.497+0600][64.049s][info][gc,heap     ] GC(191) Y:      Used:      342M (34%)         342M (34%)         342M (34%)         326M (33%)         346M (35%)         326M (33%)    
[2026-04-03T03:19:04.497+0600][64.049s][info][gc,heap     ] GC(191) Y: Young Generation Statistics:
[2026-04-03T03:19:04.497+0600][64.049s][info][gc,heap     ] GC(191) Y:                Mark Start          Mark End        Relocate Start      Relocate End    
[2026-04-03T03:19:04.497+0600][64.049s][info][gc,heap     ] GC(191) Y:      Used:       22M (2%)           22M (2%)           22M (2%)            0M (0%)     
[2026-04-03T03:19:04.497+0600][64.049s][info][gc,heap     ] GC(191) Y:      Live:         -                 0M (0%)            0M (0%)            0M (0%)     
[2026-04-03T03:19:04.497+0600][64.049s][info][gc,heap     ] GC(191) Y:   Garbage:         -                21M (2%)           21M (2%)            0M (0%)     
[2026-04-03T03:19:04.497+0600][64.049s][info][gc,heap     ] GC(191) Y: Allocated:         -                 0M (0%)            0M (0%)            0M (0%)     
[2026-04-03T03:19:04.497+0600][64.049s][info][gc,heap     ] GC(191) Y: Reclaimed:         -                  -                 0M (0%)           21M (2%)     
[2026-04-03T03:19:04.497+0600][64.049s][info][gc,heap     ] GC(191) Y:  Promoted:         -                  -                 0M (0%)            0M (0%)     
[2026-04-03T03:19:04.497+0600][64.049s][info][gc,heap     ] GC(191) Y: Compacted:         -                  -                  -                 0M (0%)     
[2026-04-03T03:19:04.497+0600][64.049s][info][gc,phases   ] GC(191) Y: Young Generation (Promote All) 342M(34%)->326M(33%) 0.013s
[2026-04-03T03:19:04.497+0600][64.049s][info][gc,phases   ] GC(191) Y: Young Generation (Collect Roots)
[2026-04-03T03:19:04.497+0600][64.050s][info][gc,phases   ] GC(191) Y: Pause Mark Start (Major) 0.015ms
[2026-04-03T03:19:04.505+0600][64.057s][info][gc,phases   ] GC(191) Y: Concurrent Mark 7.474ms
[2026-04-03T03:19:04.505+0600][64.057s][info][gc,phases   ] GC(191) Y: Pause Mark End 0.016ms
[2026-04-03T03:19:04.506+0600][64.058s][info][gc,phases   ] GC(191) Y: Concurrent Mark Free 0.381ms
[2026-04-03T03:19:04.506+0600][64.058s][info][gc,phases   ] GC(191) Y: Concurrent Reset Relocation Set 0.002ms
[2026-04-03T03:19:04.507+0600][64.060s][info][gc,reloc    ] GC(191) Y: Using tenuring threshold: 0 (Computed)
[2026-04-03T03:19:04.508+0600][64.060s][info][gc,phases   ] GC(191) Y: Concurrent Select Relocation Set 2.022ms
[2026-04-03T03:19:04.508+0600][64.060s][info][gc,phases   ] GC(191) Y: Pause Relocate Start 0.022ms
[2026-04-03T03:19:04.508+0600][64.060s][info][gc,phases   ] GC(191) Y: Concurrent Relocate 0.222ms
[2026-04-03T03:19:04.508+0600][64.060s][info][gc,alloc    ] GC(191) Y:                         Mark Start        Mark End      Relocate Start    Relocate End   
[2026-04-03T03:19:04.508+0600][64.060s][info][gc,alloc    ] GC(191) Y: Allocation Stalls:          0                0                0                0         
[2026-04-03T03:19:04.508+0600][64.060s][info][gc,load     ] GC(191) Y: Load: 4.94 (41%) / 5.04 (42%) / 5.50 (46%)
[2026-04-03T03:19:04.508+0600][64.060s][info][gc,mmu      ] GC(191) Y: MMU: 2ms/90.1%, 5ms/96.1%, 10ms/98.0%, 20ms/98.5%, 50ms/99.4%, 100ms/99.6%
[2026-04-03T03:19:04.508+0600][64.060s][info][gc,marking  ] GC(191) Y: Mark: 2 stripe(s), 1 proactive flush(es), 1 terminate flush(es), 0 completion(s), 0 continuation(s) 
[2026-04-03T03:19:04.508+0600][64.060s][info][gc,marking  ] GC(191) Y: Mark Stack Usage: 0M
[2026-04-03T03:19:04.508+0600][64.060s][info][gc,nmethod  ] GC(191) Y: NMethods: 7186 registered, 818 unregistered
[2026-04-03T03:19:04.508+0600][64.060s][info][gc,metaspace] GC(191) Y: Metaspace: 71M used, 72M committed, 1088M reserved
[2026-04-03T03:19:04.508+0600][64.060s][info][gc,heap     ] GC(191) Y: Min Capacity: 8M(1%)
[2026-04-03T03:19:04.508+0600][64.060s][info][gc,heap     ] GC(191) Y: Max Capacity: 1000M(100%)
[2026-04-03T03:19:04.508+0600][64.060s][info][gc,heap     ] GC(191) Y: Soft Max Capacity: 1000M(100%)
[2026-04-03T03:19:04.508+0600][64.060s][info][gc,heap     ] GC(191) Y: Heap Statistics:
[2026-04-03T03:19:04.508+0600][64.060s][info][gc,heap     ] GC(191) Y:                Mark Start          Mark End        Relocate Start      Relocate End           High               Low         
[2026-04-03T03:19:04.508+0600][64.060s][info][gc,heap     ] GC(191) Y:  Capacity:     1000M (100%)       1000M (100%)       1000M (100%)       1000M (100%)       1000M (100%)       1000M (100%)   
[2026-04-03T03:19:04.508+0600][64.060s][info][gc,heap     ] GC(191) Y:      Free:      674M (67%)         674M (67%)         674M (67%)         674M (67%)         674M (67%)         674M (67%)    
[2026-04-03T03:19:04.508+0600][64.060s][info][gc,heap     ] GC(191) Y:      Used:      326M (33%)         326M (33%)         326M (33%)         326M (33%)         326M (33%)         326M (33%)    
[2026-04-03T03:19:04.508+0600][64.060s][info][gc,heap     ] GC(191) Y: Young Generation Statistics:
[2026-04-03T03:19:04.508+0600][64.060s][info][gc,heap     ] GC(191) Y:                Mark Start          Mark End        Relocate Start      Relocate End    
[2026-04-03T03:19:04.508+0600][64.061s][info][gc,heap     ] GC(191) Y:      Used:        0M (0%)            0M (0%)            0M (0%)            0M (0%)     
[2026-04-03T03:19:04.508+0600][64.061s][info][gc,heap     ] GC(191) Y:      Live:         -                 0M (0%)            0M (0%)            0M (0%)     
[2026-04-03T03:19:04.508+0600][64.061s][info][gc,heap     ] GC(191) Y:   Garbage:         -                 0M (0%)            0M (0%)            0M (0%)     
[2026-04-03T03:19:04.508+0600][64.061s][info][gc,heap     ] GC(191) Y: Allocated:         -                 0M (0%)            0M (0%)            0M (0%)     
[2026-04-03T03:19:04.508+0600][64.061s][info][gc,heap     ] GC(191) Y: Reclaimed:         -                  -                 0M (0%)            0M (0%)     
[2026-04-03T03:19:04.508+0600][64.061s][info][gc,heap     ] GC(191) Y:  Promoted:         -                  -                 0M (0%)            0M (0%)     
[2026-04-03T03:19:04.508+0600][64.061s][info][gc,heap     ] GC(191) Y: Compacted:         -                  -                  -                 0M (0%)     
[2026-04-03T03:19:04.508+0600][64.061s][info][gc,phases   ] GC(191) Y: Young Generation (Collect Roots) 326M(33%)->326M(33%) 0.011s
[2026-04-03T03:19:04.508+0600][64.061s][info][gc,phases   ] GC(191) O: Old Generation
[2026-04-03T03:19:04.726+0600][64.278s][info][gc,phases   ] GC(191) O: Concurrent Mark 217.828ms
[2026-04-03T03:19:04.726+0600][64.279s][info][gc,phases   ] GC(191) O: Pause Mark End 0.025ms
[2026-04-03T03:19:04.726+0600][64.279s][info][gc,phases   ] GC(191) O: Concurrent Mark Free 0.001ms
[2026-04-03T03:19:04.734+0600][64.286s][info][gc,phases   ] GC(191) O: Concurrent Process Non-Strong 7.598ms
[2026-04-03T03:19:04.734+0600][64.286s][info][gc,phases   ] GC(191) O: Concurrent Reset Relocation Set 0.004ms
[2026-04-03T03:19:04.737+0600][64.289s][info][gc,phases   ] GC(191) O: Concurrent Select Relocation Set 2.380ms
[2026-04-03T03:19:04.737+0600][64.289s][info][gc,task     ] GC(191) O: Using 3 Workers for Old Generation
[2026-04-03T03:19:04.753+0600][64.305s][info][gc,task     ] GC(191) O: Using 3 Workers for Old Generation
[2026-04-03T03:19:04.753+0600][64.305s][info][gc,phases   ] GC(191) O: Concurrent Remap Roots 16.221ms
[2026-04-03T03:19:04.753+0600][64.305s][info][gc,phases   ] GC(191) O: Pause Relocate Start 0.022ms
[2026-04-03T03:19:04.756+0600][64.308s][info][gc,phases   ] GC(191) O: Concurrent Relocate 2.809ms
[2026-04-03T03:19:04.756+0600][64.308s][info][gc,alloc    ] GC(191) O:                         Mark Start        Mark End      Relocate Start    Relocate End   
[2026-04-03T03:19:04.756+0600][64.308s][info][gc,alloc    ] GC(191) O: Allocation Stalls:          0                0                0                0         
[2026-04-03T03:19:04.756+0600][64.308s][info][gc,load     ] GC(191) O: Load: 4.94 (41%) / 5.04 (42%) / 5.50 (46%)
[2026-04-03T03:19:04.756+0600][64.308s][info][gc,mmu      ] GC(191) O: MMU: 2ms/90.1%, 5ms/96.1%, 10ms/98.0%, 20ms/98.5%, 50ms/99.4%, 100ms/99.6%
[2026-04-03T03:19:04.756+0600][64.308s][info][gc,marking  ] GC(191) O: Mark: 2 stripe(s), 1 proactive flush(es), 1 terminate flush(es), 0 completion(s), 0 continuation(s) 
[2026-04-03T03:19:04.756+0600][64.308s][info][gc,marking  ] GC(191) O: Mark Stack Usage: 32M
[2026-04-03T03:19:04.756+0600][64.308s][info][gc,nmethod  ] GC(191) O: NMethods: 7179 registered, 828 unregistered
[2026-04-03T03:19:04.756+0600][64.308s][info][gc,metaspace] GC(191) O: Metaspace: 71M used, 72M committed, 1088M reserved
[2026-04-03T03:19:04.756+0600][64.308s][info][gc,ref      ] GC(191) O:                       Encountered   Discovered     Enqueued 
[2026-04-03T03:19:04.756+0600][64.308s][info][gc,ref      ] GC(191) O: Soft References:             5092            0            0 
[2026-04-03T03:19:04.756+0600][64.308s][info][gc,ref      ] GC(191) O: Weak References:             6536         1958           16 
[2026-04-03T03:19:04.756+0600][64.308s][info][gc,ref      ] GC(191) O: Final References:              84           30            0 
[2026-04-03T03:19:04.756+0600][64.308s][info][gc,ref      ] GC(191) O: Phantom References:           599          439            0 
[2026-04-03T03:19:04.756+0600][64.308s][info][gc,reloc    ] GC(191) O:                        Candidates     Selected     In-Place         Size        Empty    Relocated 
[2026-04-03T03:19:04.756+0600][64.308s][info][gc,reloc    ] GC(191) O: Small Pages:                  122            8            0         244M          64M           1M 
[2026-04-03T03:19:04.756+0600][64.308s][info][gc,reloc    ] GC(191) O: Medium Pages:                   3            0            0          48M          32M           0M 
[2026-04-03T03:19:04.756+0600][64.308s][info][gc,reloc    ] GC(191) O: Large Pages:                    6            0            0          34M          30M           0M 
[2026-04-03T03:19:04.756+0600][64.308s][info][gc,reloc    ] GC(191) O: Forwarding Usage: 0M
[2026-04-03T03:19:04.756+0600][64.308s][info][gc,heap     ] GC(191) O: Min Capacity: 8M(1%)
[2026-04-03T03:19:04.756+0600][64.308s][info][gc,heap     ] GC(191) O: Max Capacity: 1000M(100%)
[2026-04-03T03:19:04.756+0600][64.308s][info][gc,heap     ] GC(191) O: Soft Max Capacity: 1000M(100%)
[2026-04-03T03:19:04.756+0600][64.308s][info][gc,heap     ] GC(191) O: Heap Statistics:
[2026-04-03T03:19:04.756+0600][64.308s][info][gc,heap     ] GC(191) O:                Mark Start          Mark End        Relocate Start      Relocate End           High               Low         
[2026-04-03T03:19:04.756+0600][64.308s][info][gc,heap     ] GC(191) O:  Capacity:     1000M (100%)       1000M (100%)       1000M (100%)       1000M (100%)       1000M (100%)       1000M (100%)   
[2026-04-03T03:19:04.756+0600][64.308s][info][gc,heap     ] GC(191) O:      Free:      674M (67%)         672M (67%)         782M (78%)         794M (79%)         794M (79%)         666M (67%)    
[2026-04-03T03:19:04.756+0600][64.308s][info][gc,heap     ] GC(191) O:      Used:      326M (33%)         328M (33%)         218M (22%)         206M (21%)         334M (33%)         206M (21%)    
[2026-04-03T03:19:04.756+0600][64.308s][info][gc,heap     ] GC(191) O: Old Generation Statistics:
[2026-04-03T03:19:04.756+0600][64.308s][info][gc,heap     ] GC(191) O:                Mark Start          Mark End        Relocate Start      Relocate End    
[2026-04-03T03:19:04.756+0600][64.308s][info][gc,heap     ] GC(191) O:      Used:      326M (33%)         326M (33%)         200M (20%)         188M (19%)    
[2026-04-03T03:19:04.756+0600][64.308s][info][gc,heap     ] GC(191) O:      Live:         -               172M (17%)         172M (17%)         172M (17%)    
[2026-04-03T03:19:04.756+0600][64.308s][info][gc,heap     ] GC(191) O:   Garbage:         -               153M (15%)          27M (3%)           10M (1%)     
[2026-04-03T03:19:04.756+0600][64.308s][info][gc,heap     ] GC(191) O: Allocated:         -                 0M (0%)            0M (0%)            4M (0%)     
[2026-04-03T03:19:04.756+0600][64.308s][info][gc,heap     ] GC(191) O: Reclaimed:         -                  -               126M (13%)         142M (14%)    
[2026-04-03T03:19:04.756+0600][64.308s][info][gc,heap     ] GC(191) O: Compacted:         -                  -                  -                 1M (0%)     
[2026-04-03T03:19:04.756+0600][64.308s][info][gc,phases   ] GC(191) O: Old Generation 326M(33%)->206M(21%) 0.248s
[2026-04-03T03:19:04.756+0600][64.308s][info][gc          ] GC(191) Major Collection (System.gc()) 342M(34%)->206M(21%) 0.272s
[2026-04-03T03:19:04.966+0600][64.518s][info][gc          ] GC(192) Minor Collection (Allocation Rate)
[2026-04-03T03:19:04.966+0600][64.519s][info][gc,task     ] GC(192) Using 3 Workers for Young Generation
[2026-04-03T03:19:04.966+0600][64.519s][info][gc,phases   ] GC(192) y: Young Generation
[2026-04-03T03:19:04.967+0600][64.519s][info][gc,phases   ] GC(192) y: Pause Mark Start 0.024ms
[2026-04-03T03:19:05.077+0600][64.629s][info][gc,phases   ] GC(192) y: Concurrent Mark 110.529ms
[2026-04-03T03:19:05.078+0600][64.630s][info][gc,phases   ] GC(192) y: Pause Mark End 0.036ms
[2026-04-03T03:19:05.078+0600][64.630s][info][gc,phases   ] GC(192) y: Concurrent Mark Free 0.004ms
[2026-04-03T03:19:05.078+0600][64.630s][info][gc,phases   ] GC(192) y: Concurrent Reset Relocation Set 0.001ms
[2026-04-03T03:19:05.084+0600][64.636s][info][gc,reloc    ] GC(192) y: Using tenuring threshold: 1 (Computed)
[2026-04-03T03:19:05.100+0600][64.653s][info][gc,phases   ] GC(192) y: Concurrent Select Relocation Set 22.687ms
[2026-04-03T03:19:05.101+0600][64.653s][info][gc,phases   ] GC(192) y: Pause Relocate Start 0.060ms
[2026-04-03T03:19:05.165+0600][64.717s][info][gc,phases   ] GC(192) y: Concurrent Relocate 63.791ms
[2026-04-03T03:19:05.165+0600][64.717s][info][gc,alloc    ] GC(192) y:                         Mark Start        Mark End      Relocate Start    Relocate End   
[2026-04-03T03:19:05.165+0600][64.717s][info][gc,alloc    ] GC(192) y: Allocation Stalls:          0                0                0                0         
[2026-04-03T03:19:05.165+0600][64.717s][info][gc,load     ] GC(192) y: Load: 4.94 (41%) / 5.04 (42%) / 5.50 (46%)
[2026-04-03T03:19:05.165+0600][64.717s][info][gc,mmu      ] GC(192) y: MMU: 2ms/90.1%, 5ms/96.1%, 10ms/98.0%, 20ms/98.5%, 50ms/99.4%, 100ms/99.6%
[2026-04-03T03:19:05.165+0600][64.717s][info][gc,marking  ] GC(192) y: Mark: 2 stripe(s), 2 proactive flush(es), 1 terminate flush(es), 0 completion(s), 0 continuation(s) 
[2026-04-03T03:19:05.165+0600][64.717s][info][gc,marking  ] GC(192) y: Mark Stack Usage: 32M
[2026-04-03T03:19:05.165+0600][64.717s][info][gc,nmethod  ] GC(192) y: NMethods: 7238 registered, 828 unregistered
[2026-04-03T03:19:05.165+0600][64.717s][info][gc,metaspace] GC(192) y: Metaspace: 71M used, 72M committed, 1088M reserved
[2026-04-03T03:19:05.165+0600][64.717s][info][gc,reloc    ] GC(192) y:                        Candidates     Selected     In-Place         Size        Empty    Relocated 
[2026-04-03T03:19:05.165+0600][64.717s][info][gc,reloc    ] GC(192) y: Small Pages:                  121           80            0         242M           0M          26M 
[2026-04-03T03:19:05.165+0600][64.717s][info][gc,reloc    ] GC(192) y: Medium Pages:                   1            0            0          16M          16M           0M 
[2026-04-03T03:19:05.165+0600][64.717s][info][gc,reloc    ] GC(192) y: Large Pages:                    9            0            0          56M          18M           0M 
[2026-04-03T03:19:05.165+0600][64.717s][info][gc,reloc    ] GC(192) y: Forwarding Usage: 29M
[2026-04-03T03:19:05.165+0600][64.717s][info][gc,reloc    ] GC(192) y: Age Table:
[2026-04-03T03:19:05.165+0600][64.717s][info][gc,reloc    ] GC(192) y:                    Live             Garbage             Small              Medium             Large        
[2026-04-03T03:19:05.165+0600][64.717s][info][gc,reloc    ] GC(192) y: Eden             105M (11%)         208M (21%)        121 / 80             1 / 0              9 / 0        
[2026-04-03T03:19:05.165+0600][64.717s][info][gc,heap     ] GC(192) y: Min Capacity: 8M(1%)
[2026-04-03T03:19:05.165+0600][64.717s][info][gc,heap     ] GC(192) y: Max Capacity: 1000M(100%)
[2026-04-03T03:19:05.165+0600][64.718s][info][gc,heap     ] GC(192) y: Soft Max Capacity: 1000M(100%)
[2026-04-03T03:19:05.165+0600][64.718s][info][gc,heap     ] GC(192) y: Heap Statistics:
[2026-04-03T03:19:05.165+0600][64.718s][info][gc,heap     ] GC(192) y:                Mark Start          Mark End        Relocate Start      Relocate End           High               Low         
[2026-04-03T03:19:05.165+0600][64.718s][info][gc,heap     ] GC(192) y:  Capacity:     1000M (100%)       1000M (100%)       1000M (100%)       1000M (100%)       1000M (100%)       1000M (100%)   
[2026-04-03T03:19:05.165+0600][64.718s][info][gc,heap     ] GC(192) y:      Free:      498M (50%)         406M (41%)         424M (42%)         534M (53%)         554M (55%)         402M (40%)    
[2026-04-03T03:19:05.165+0600][64.718s][info][gc,heap     ] GC(192) y:      Used:      502M (50%)         594M (59%)         576M (58%)         466M (47%)         598M (60%)         446M (45%)    
[2026-04-03T03:19:05.165+0600][64.718s][info][gc,heap     ] GC(192) y: Young Generation Statistics:
[2026-04-03T03:19:05.165+0600][64.718s][info][gc,heap     ] GC(192) y:                Mark Start          Mark End        Relocate Start      Relocate End    
[2026-04-03T03:19:05.165+0600][64.718s][info][gc,heap     ] GC(192) y:      Used:      314M (31%)         406M (41%)         388M (39%)         278M (28%)    
[2026-04-03T03:19:05.165+0600][64.718s][info][gc,heap     ] GC(192) y:      Live:         -               105M (11%)         105M (11%)         105M (11%)    
[2026-04-03T03:19:05.165+0600][64.718s][info][gc,heap     ] GC(192) y:   Garbage:         -               208M (21%)         174M (17%)           3M (0%)     
[2026-04-03T03:19:05.165+0600][64.718s][info][gc,heap     ] GC(192) y: Allocated:         -                92M (9%)          108M (11%)         168M (17%)    
[2026-04-03T03:19:05.165+0600][64.718s][info][gc,heap     ] GC(192) y: Reclaimed:         -                  -                34M (3%)          204M (20%)    
[2026-04-03T03:19:05.165+0600][64.718s][info][gc,heap     ] GC(192) y:  Promoted:         -                  -                 0M (0%)            0M (0%)     
[2026-04-03T03:19:05.165+0600][64.718s][info][gc,heap     ] GC(192) y: Compacted:         -                  -                  -                61M (6%)     
[2026-04-03T03:19:05.165+0600][64.718s][info][gc,phases   ] GC(192) y: Young Generation 500M(50%)->466M(47%) 0.199s
[2026-04-03T03:19:05.166+0600][64.718s][info][gc          ] GC(192) Minor Collection (Allocation Rate) 500M(50%)->466M(47%) 0.199s
[2026-04-03T03:19:05.166+0600][64.718s][info][gc          ] GC(193) Minor Collection (Allocation Rate)
[2026-04-03T03:19:05.166+0600][64.718s][info][gc,task     ] GC(193) Using 3 Workers for Young Generation
[2026-04-03T03:19:05.166+0600][64.718s][info][gc,phases   ] GC(193) y: Young Generation
[2026-04-03T03:19:05.166+0600][64.718s][info][gc,phases   ] GC(193) y: Pause Mark Start 0.042ms
[2026-04-03T03:19:05.378+0600][64.930s][info][gc,phases   ] GC(193) y: Concurrent Mark 211.233ms
[2026-04-03T03:19:05.378+0600][64.930s][info][gc,phases   ] GC(193) y: Pause Mark End 0.032ms
[2026-04-03T03:19:05.378+0600][64.930s][info][gc,phases   ] GC(193) y: Concurrent Mark Free 0.003ms
[2026-04-03T03:19:05.378+0600][64.930s][info][gc,phases   ] GC(193) y: Concurrent Reset Relocation Set 0.036ms
[2026-04-03T03:19:05.384+0600][64.936s][info][gc,reloc    ] GC(193) y: Using tenuring threshold: 1 (Computed)
[2026-04-03T03:19:05.435+0600][64.987s][info][gc,phases   ] GC(193) y: Concurrent Select Relocation Set 56.633ms
[2026-04-03T03:19:05.435+0600][64.987s][info][gc,phases   ] GC(193) y: Pause Relocate Start 0.025ms
[2026-04-03T03:19:05.589+0600][65.141s][info][gc,phases   ] GC(193) y: Concurrent Relocate 153.958ms
[2026-04-03T03:19:05.589+0600][65.142s][info][gc,alloc    ] GC(193) y:                         Mark Start        Mark End      Relocate Start    Relocate End   
[2026-04-03T03:19:05.589+0600][65.142s][info][gc,alloc    ] GC(193) y: Allocation Stalls:          0                0                0                0         
[2026-04-03T03:19:05.589+0600][65.142s][info][gc,load     ] GC(193) y: Load: 5.02 (42%) / 5.06 (42%) / 5.50 (46%)
[2026-04-03T03:19:05.589+0600][65.142s][info][gc,mmu      ] GC(193) y: MMU: 2ms/90.1%, 5ms/96.1%, 10ms/98.0%, 20ms/98.5%, 50ms/99.4%, 100ms/99.6%
[2026-04-03T03:19:05.589+0600][65.142s][info][gc,marking  ] GC(193) y: Mark: 2 stripe(s), 3 proactive flush(es), 1 terminate flush(es), 0 completion(s), 0 continuation(s) 
[2026-04-03T03:19:05.589+0600][65.142s][info][gc,marking  ] GC(193) y: Mark Stack Usage: 32M
[2026-04-03T03:19:05.589+0600][65.142s][info][gc,nmethod  ] GC(193) y: NMethods: 7240 registered, 828 unregistered
[2026-04-03T03:19:05.589+0600][65.142s][info][gc,metaspace] GC(193) y: Metaspace: 71M used, 72M committed, 1088M reserved
[2026-04-03T03:19:05.589+0600][65.142s][info][gc,reloc    ] GC(193) y:                        Candidates     Selected     In-Place         Size        Empty    Relocated 
[2026-04-03T03:19:05.589+0600][65.142s][info][gc,reloc    ] GC(193) y: Small Pages:                  107           54            0         214M           0M          19M 
[2026-04-03T03:19:05.589+0600][65.142s][info][gc,reloc    ] GC(193) y: Medium Pages:                   1            0            0          16M           0M           0M 
[2026-04-03T03:19:05.589+0600][65.142s][info][gc,reloc    ] GC(193) y: Large Pages:                    6            0            0          48M          18M           0M 
[2026-04-03T03:19:05.589+0600][65.142s][info][gc,reloc    ] GC(193) y: Forwarding Usage: 25M
[2026-04-03T03:19:05.589+0600][65.142s][info][gc,reloc    ] GC(193) y: Age Table:
[2026-04-03T03:19:05.589+0600][65.142s][info][gc,reloc    ] GC(193) y:                    Live             Garbage             Small              Medium             Large        
[2026-04-03T03:19:05.590+0600][65.142s][info][gc,reloc    ] GC(193) y: Eden              40M (4%)          119M (12%)         67 / 49             1 / 0              1 / 0        
[2026-04-03T03:19:05.590+0600][65.142s][info][gc,reloc    ] GC(193) y: Survivor 1        87M (9%)           30M (3%)          40 / 5              0 / 0              5 / 0        
[2026-04-03T03:19:05.590+0600][65.142s][info][gc,heap     ] GC(193) y: Min Capacity: 8M(1%)
[2026-04-03T03:19:05.590+0600][65.142s][info][gc,heap     ] GC(193) y: Max Capacity: 1000M(100%)
[2026-04-03T03:19:05.590+0600][65.142s][info][gc,heap     ] GC(193) y: Soft Max Capacity: 1000M(100%)
[2026-04-03T03:19:05.590+0600][65.142s][info][gc,heap     ] GC(193) y: Heap Statistics:
[2026-04-03T03:19:05.590+0600][65.142s][info][gc,heap     ] GC(193) y:                Mark Start          Mark End        Relocate Start      Relocate End           High               Low         
[2026-04-03T03:19:05.590+0600][65.142s][info][gc,heap     ] GC(193) y:  Capacity:     1000M (100%)       1000M (100%)       1000M (100%)       1000M (100%)       1000M (100%)       1000M (100%)   
[2026-04-03T03:19:05.590+0600][65.142s][info][gc,heap     ] GC(193) y:      Free:      534M (53%)         358M (36%)         368M (37%)         434M (43%)         534M (53%)         354M (35%)    
[2026-04-03T03:19:05.590+0600][65.142s][info][gc,heap     ] GC(193) y:      Used:      466M (47%)         642M (64%)         632M (63%)         566M (57%)         646M (65%)         466M (47%)    
[2026-04-03T03:19:05.590+0600][65.142s][info][gc,heap     ] GC(193) y: Young Generation Statistics:
[2026-04-03T03:19:05.590+0600][65.142s][info][gc,heap     ] GC(193) y:                Mark Start          Mark End        Relocate Start      Relocate End    
[2026-04-03T03:19:05.590+0600][65.142s][info][gc,heap     ] GC(193) y:      Used:      278M (28%)         454M (45%)         358M (36%)         278M (28%)    
[2026-04-03T03:19:05.590+0600][65.142s][info][gc,heap     ] GC(193) y:      Live:         -               127M (13%)          45M (5%)           40M (4%)     
[2026-04-03T03:19:05.590+0600][65.142s][info][gc,heap     ] GC(193) y:   Garbage:         -               150M (15%)         128M (13%)          15M (2%)     
[2026-04-03T03:19:05.590+0600][65.142s][info][gc,heap     ] GC(193) y: Allocated:         -               176M (18%)         184M (18%)         222M (22%)    
[2026-04-03T03:19:05.590+0600][65.142s][info][gc,heap     ] GC(193) y: Reclaimed:         -                  -                21M (2%)          134M (13%)    
[2026-04-03T03:19:05.590+0600][65.142s][info][gc,heap     ] GC(193) y:  Promoted:         -                  -                82M (8%)           87M (9%)     
[2026-04-03T03:19:05.590+0600][65.142s][info][gc,heap     ] GC(193) y: Compacted:         -                  -                  -                29M (3%)     
[2026-04-03T03:19:05.590+0600][65.142s][info][gc,phases   ] GC(193) y: Young Generation 466M(47%)->566M(57%) 0.424s
[2026-04-03T03:19:05.590+0600][65.142s][info][gc          ] GC(193) Minor Collection (Allocation Rate) 466M(47%)->566M(57%) 0.424s
[2026-04-03T03:19:05.590+0600][65.142s][info][gc          ] GC(194) Major Collection (Allocation Rate)
[2026-04-03T03:19:05.590+0600][65.142s][info][gc,task     ] GC(194) Using 3 Workers for Young Generation
[2026-04-03T03:19:05.590+0600][65.142s][info][gc,task     ] GC(194) Using 2 Workers for Old Generation
[2026-04-03T03:19:05.590+0600][65.142s][info][gc,phases   ] GC(194) Y: Young Generation
[2026-04-03T03:19:05.590+0600][65.143s][info][gc,phases   ] GC(194) Y: Pause Mark Start (Major) 0.088ms
[2026-04-03T03:19:05.743+0600][65.295s][info][gc,phases   ] GC(194) Y: Concurrent Mark 152.168ms
[2026-04-03T03:19:05.743+0600][65.295s][info][gc,phases   ] GC(194) Y: Pause Mark End 0.048ms
[2026-04-03T03:19:05.743+0600][65.295s][info][gc,phases   ] GC(194) Y: Concurrent Mark Free 0.002ms
[2026-04-03T03:19:05.743+0600][65.296s][info][gc,phases   ] GC(194) Y: Concurrent Reset Relocation Set 0.093ms
[2026-04-03T03:19:05.749+0600][65.301s][info][gc,reloc    ] GC(194) Y: Using tenuring threshold: 1 (Computed)
[2026-04-03T03:19:05.778+0600][65.330s][info][gc,phases   ] GC(194) Y: Concurrent Select Relocation Set 34.442ms
[2026-04-03T03:19:05.778+0600][65.330s][info][gc,phases   ] GC(194) Y: Pause Relocate Start 0.051ms
[2026-04-03T03:19:05.837+0600][65.390s][info][gc,phases   ] GC(194) Y: Concurrent Relocate 59.067ms
[2026-04-03T03:19:05.837+0600][65.390s][info][gc,alloc    ] GC(194) Y:                         Mark Start        Mark End      Relocate Start    Relocate End   
[2026-04-03T03:19:05.837+0600][65.390s][info][gc,alloc    ] GC(194) Y: Allocation Stalls:          0                0                0                0         
[2026-04-03T03:19:05.837+0600][65.390s][info][gc,load     ] GC(194) Y: Load: 5.02 (42%) / 5.06 (42%) / 5.50 (46%)
[2026-04-03T03:19:05.837+0600][65.390s][info][gc,mmu      ] GC(194) Y: MMU: 2ms/90.1%, 5ms/96.1%, 10ms/98.0%, 20ms/98.5%, 50ms/99.4%, 100ms/99.6%
[2026-04-03T03:19:05.837+0600][65.390s][info][gc,marking  ] GC(194) Y: Mark: 2 stripe(s), 2 proactive flush(es), 1 terminate flush(es), 0 completion(s), 0 continuation(s) 
[2026-04-03T03:19:05.837+0600][65.390s][info][gc,marking  ] GC(194) Y: Mark Stack Usage: 32M
[2026-04-03T03:19:05.837+0600][65.390s][info][gc,nmethod  ] GC(194) Y: NMethods: 7240 registered, 828 unregistered
[2026-04-03T03:19:05.837+0600][65.390s][info][gc,metaspace] GC(194) Y: Metaspace: 71M used, 72M committed, 1088M reserved
[2026-04-03T03:19:05.837+0600][65.390s][info][gc,reloc    ] GC(194) Y:                        Candidates     Selected     In-Place         Size        Empty    Relocated 
[2026-04-03T03:19:05.837+0600][65.390s][info][gc,reloc    ] GC(194) Y: Small Pages:                  108           80            0         216M          10M          12M 
[2026-04-03T03:19:05.838+0600][65.390s][info][gc,reloc    ] GC(194) Y: Medium Pages:                   2            0            0          32M          32M           0M 
[2026-04-03T03:19:05.838+0600][65.390s][info][gc,reloc    ] GC(194) Y: Large Pages:                    5            0            0          30M           8M           0M 
[2026-04-03T03:19:05.838+0600][65.390s][info][gc,reloc    ] GC(194) Y: Forwarding Usage: 14M
[2026-04-03T03:19:05.838+0600][65.390s][info][gc,reloc    ] GC(194) Y: Age Table:
[2026-04-03T03:19:05.838+0600][65.390s][info][gc,reloc    ] GC(194) Y:                    Live             Garbage             Small              Medium             Large        
[2026-04-03T03:19:05.838+0600][65.390s][info][gc,reloc    ] GC(194) Y: Eden              24M (2%)          189M (19%)         89 / 76             1 / 0              4 / 0        
[2026-04-03T03:19:05.838+0600][65.390s][info][gc,reloc    ] GC(194) Y: Survivor 1        39M (4%)           24M (2%)          19 / 4              1 / 0              1 / 0        
[2026-04-03T03:19:05.838+0600][65.390s][info][gc,heap     ] GC(194) Y: Min Capacity: 8M(1%)
[2026-04-03T03:19:05.838+0600][65.390s][info][gc,heap     ] GC(194) Y: Max Capacity: 1000M(100%)
[2026-04-03T03:19:05.838+0600][65.390s][info][gc,heap     ] GC(194) Y: Soft Max Capacity: 1000M(100%)
[2026-04-03T03:19:05.838+0600][65.390s][info][gc,heap     ] GC(194) Y: Heap Statistics:
[2026-04-03T03:19:05.838+0600][65.390s][info][gc,heap     ] GC(194) Y:                Mark Start          Mark End        Relocate Start      Relocate End           High               Low         
[2026-04-03T03:19:05.838+0600][65.390s][info][gc,heap     ] GC(194) Y:  Capacity:     1000M (100%)       1000M (100%)       1000M (100%)       1000M (100%)       1000M (100%)       1000M (100%)   
[2026-04-03T03:19:05.838+0600][65.390s][info][gc,heap     ] GC(194) Y:      Free:      434M (43%)         402M (40%)         442M (44%)         572M (57%)         580M (58%)         398M (40%)    
[2026-04-03T03:19:05.838+0600][65.390s][info][gc,heap     ] GC(194) Y:      Used:      566M (57%)         598M (60%)         558M (56%)         428M (43%)         602M (60%)         420M (42%)    
[2026-04-03T03:19:05.838+0600][65.390s][info][gc,heap     ] GC(194) Y: Young Generation Statistics:
[2026-04-03T03:19:05.838+0600][65.390s][info][gc,heap     ] GC(194) Y:                Mark Start          Mark End        Relocate Start      Relocate End    
[2026-04-03T03:19:05.838+0600][65.390s][info][gc,heap     ] GC(194) Y:      Used:      278M (28%)         310M (31%)         230M (23%)          90M (9%)     
[2026-04-03T03:19:05.838+0600][65.390s][info][gc,heap     ] GC(194) Y:      Live:         -                64M (6%)           25M (3%)           24M (2%)     
[2026-04-03T03:19:05.838+0600][65.390s][info][gc,heap     ] GC(194) Y:   Garbage:         -               213M (21%)         162M (16%)           0M (0%)     
[2026-04-03T03:19:05.838+0600][65.390s][info][gc,heap     ] GC(194) Y: Allocated:         -                32M (3%)           42M (4%)           65M (7%)     
[2026-04-03T03:19:05.838+0600][65.390s][info][gc,heap     ] GC(194) Y: Reclaimed:         -                  -                51M (5%)          213M (21%)    
[2026-04-03T03:19:05.838+0600][65.390s][info][gc,heap     ] GC(194) Y:  Promoted:         -                  -                38M (4%)           39M (4%)     
[2026-04-03T03:19:05.838+0600][65.390s][info][gc,heap     ] GC(194) Y: Compacted:         -                  -                  -                12M (1%)     
[2026-04-03T03:19:05.838+0600][65.390s][info][gc,phases   ] GC(194) Y: Young Generation 566M(57%)->428M(43%) 0.247s
[2026-04-03T03:19:05.838+0600][65.390s][info][gc,phases   ] GC(194) O: Old Generation
[2026-04-03T03:19:05.839+0600][65.391s][info][gc          ] GC(195) Minor Collection (Allocation Rate)
[2026-04-03T03:19:05.839+0600][65.391s][info][gc,task     ] GC(195) Using 1 Workers for Young Generation
[2026-04-03T03:19:05.839+0600][65.391s][info][gc,phases   ] GC(195) y: Young Generation
[2026-04-03T03:19:05.839+0600][65.392s][info][gc,phases   ] GC(195) y: Pause Mark Start 0.020ms
[2026-04-03T03:19:06.064+0600][65.617s][info][gc,phases   ] GC(195) y: Concurrent Mark 224.917ms
[2026-04-03T03:19:06.065+0600][65.617s][info][gc,phases   ] GC(195) y: Pause Mark End 0.054ms
[2026-04-03T03:19:06.065+0600][65.617s][info][gc,phases   ] GC(195) y: Concurrent Mark Free 0.002ms
[2026-04-03T03:19:06.065+0600][65.617s][info][gc,phases   ] GC(195) y: Concurrent Reset Relocation Set 0.061ms
[2026-04-03T03:19:06.071+0600][65.623s][info][gc,reloc    ] GC(195) y: Using tenuring threshold: 1 (Computed)
[2026-04-03T03:19:06.105+0600][65.658s][info][gc,phases   ] GC(195) y: Concurrent Select Relocation Set 40.225ms
[2026-04-03T03:19:06.106+0600][65.658s][info][gc,phases   ] GC(195) y: Pause Relocate Start 0.053ms
[2026-04-03T03:19:06.170+0600][65.722s][info][gc,phases   ] GC(195) y: Concurrent Relocate 64.017ms
[2026-04-03T03:19:06.170+0600][65.722s][info][gc,alloc    ] GC(195) y:                         Mark Start        Mark End      Relocate Start    Relocate End   
[2026-04-03T03:19:06.170+0600][65.722s][info][gc,alloc    ] GC(195) y: Allocation Stalls:          0                0                0                0         
[2026-04-03T03:19:06.170+0600][65.722s][info][gc,load     ] GC(195) y: Load: 5.02 (42%) / 5.06 (42%) / 5.50 (46%)
[2026-04-03T03:19:06.170+0600][65.722s][info][gc,mmu      ] GC(195) y: MMU: 2ms/90.1%, 5ms/96.1%, 10ms/98.0%, 20ms/98.5%, 50ms/99.4%, 100ms/99.6%
[2026-04-03T03:19:06.170+0600][65.722s][info][gc,marking  ] GC(195) y: Mark: 1 stripe(s), 2 proactive flush(es), 1 terminate flush(es), 0 completion(s), 0 continuation(s) 
[2026-04-03T03:19:06.170+0600][65.722s][info][gc,marking  ] GC(195) y: Mark Stack Usage: 32M
[2026-04-03T03:19:06.170+0600][65.722s][info][gc,nmethod  ] GC(195) y: NMethods: 7240 registered, 828 unregistered
[2026-04-03T03:19:06.170+0600][65.723s][info][gc,metaspace] GC(195) y: Metaspace: 71M used, 72M committed, 1088M reserved
[2026-04-03T03:19:06.170+0600][65.723s][info][gc,reloc    ] GC(195) y:                        Candidates     Selected     In-Place         Size        Empty    Relocated 
[2026-04-03T03:19:06.170+0600][65.723s][info][gc,reloc    ] GC(195) y: Small Pages:                   41           26            0          82M          16M           1M 
[2026-04-03T03:19:06.170+0600][65.723s][info][gc,reloc    ] GC(195) y: Medium Pages:                   0            0            0           0M           0M           0M 
[2026-04-03T03:19:06.170+0600][65.723s][info][gc,reloc    ] GC(195) y: Large Pages:                    2            0            0          12M           0M           0M 
[2026-04-03T03:19:06.170+0600][65.723s][info][gc,reloc    ] GC(195) y: Forwarding Usage: 1M
[2026-04-03T03:19:06.170+0600][65.723s][info][gc,reloc    ] GC(195) y: Age Table:
[2026-04-03T03:19:06.170+0600][65.723s][info][gc,reloc    ] GC(195) y:                    Live             Garbage             Small              Medium             Large        
[2026-04-03T03:19:06.170+0600][65.723s][info][gc,reloc    ] GC(195) y: Eden               0M (0%)           59M (6%)          30 / 21             0 / 0              0 / 0        
[2026-04-03T03:19:06.170+0600][65.723s][info][gc,reloc    ] GC(195) y: Survivor 1        24M (2%)            9M (1%)          11 / 5              0 / 0              2 / 0        
[2026-04-03T03:19:06.170+0600][65.723s][info][gc,heap     ] GC(195) y: Min Capacity: 8M(1%)
[2026-04-03T03:19:06.170+0600][65.723s][info][gc,heap     ] GC(195) y: Max Capacity: 1000M(100%)
[2026-04-03T03:19:06.170+0600][65.723s][info][gc,heap     ] GC(195) y: Soft Max Capacity: 1000M(100%)
[2026-04-03T03:19:06.170+0600][65.723s][info][gc,heap     ] GC(195) y: Heap Statistics:
[2026-04-03T03:19:06.170+0600][65.723s][info][gc,heap     ] GC(195) y:                Mark Start          Mark End        Relocate Start      Relocate End           High               Low         
[2026-04-03T03:19:06.170+0600][65.723s][info][gc,heap     ] GC(195) y:  Capacity:     1000M (100%)       1000M (100%)       1000M (100%)       1000M (100%)       1000M (100%)       1000M (100%)   
[2026-04-03T03:19:06.170+0600][65.723s][info][gc,heap     ] GC(195) y:      Free:      568M (57%)         522M (52%)         530M (53%)         566M (57%)         578M (58%)         522M (52%)    
[2026-04-03T03:19:06.170+0600][65.723s][info][gc,heap     ] GC(195) y:      Used:      432M (43%)         478M (48%)         470M (47%)         434M (43%)         478M (48%)         422M (42%)    
[2026-04-03T03:19:06.170+0600][65.723s][info][gc,heap     ] GC(195) y: Young Generation Statistics:
[2026-04-03T03:19:06.170+0600][65.723s][info][gc,heap     ] GC(195) y:                Mark Start          Mark End        Relocate Start      Relocate End    
[2026-04-03T03:19:06.170+0600][65.723s][info][gc,heap     ] GC(195) y:      Used:       94M (9%)          140M (14%)         108M (11%)          68M (7%)     
[2026-04-03T03:19:06.171+0600][65.723s][info][gc,heap     ] GC(195) y:      Live:         -                24M (2%)            1M (0%)            0M (0%)     
[2026-04-03T03:19:06.171+0600][65.723s][info][gc,heap     ] GC(195) y:   Garbage:         -                69M (7%)           52M (5%)            0M (0%)     
[2026-04-03T03:19:06.171+0600][65.723s][info][gc,heap     ] GC(195) y: Allocated:         -                46M (5%)           54M (5%)           67M (7%)     
[2026-04-03T03:19:06.171+0600][65.723s][info][gc,heap     ] GC(195) y: Reclaimed:         -                  -                16M (2%)           69M (7%)     
[2026-04-03T03:19:06.171+0600][65.723s][info][gc,heap     ] GC(195) y:  Promoted:         -                  -                23M (2%)           24M (2%)     
[2026-04-03T03:19:06.171+0600][65.723s][info][gc,heap     ] GC(195) y: Compacted:         -                  -                  -                 0M (0%)     
[2026-04-03T03:19:06.171+0600][65.723s][info][gc,phases   ] GC(195) y: Young Generation 432M(43%)->434M(43%) 0.331s
[2026-04-03T03:19:06.171+0600][65.723s][info][gc          ] GC(195) Minor Collection (Allocation Rate) 432M(43%)->434M(43%) 0.332s
[2026-04-03T03:19:06.171+0600][65.723s][info][gc          ] GC(196) Minor Collection (Allocation Rate)
[2026-04-03T03:19:06.171+0600][65.723s][info][gc,task     ] GC(196) Using 1 Workers for Young Generation
[2026-04-03T03:19:06.171+0600][65.723s][info][gc,phases   ] GC(196) y: Young Generation
[2026-04-03T03:19:06.171+0600][65.723s][info][gc,phases   ] GC(196) y: Pause Mark Start 0.031ms
[2026-04-03T03:19:06.190+0600][65.742s][info][gc,phases   ] GC(196) y: Concurrent Mark 18.865ms
[2026-04-03T03:19:06.190+0600][65.743s][info][gc,phases   ] GC(196) y: Pause Mark End 0.046ms
[2026-04-03T03:19:06.191+0600][65.743s][info][gc,phases   ] GC(196) y: Concurrent Mark Free 0.002ms
[2026-04-03T03:19:06.191+0600][65.743s][info][gc,phases   ] GC(196) y: Concurrent Reset Relocation Set 0.046ms
[2026-04-03T03:19:06.196+0600][65.748s][info][gc,reloc    ] GC(196) y: Using tenuring threshold: 2 (Computed)
[2026-04-03T03:19:06.197+0600][65.749s][info][gc,phases   ] GC(196) y: Concurrent Select Relocation Set 6.015ms
[2026-04-03T03:19:06.197+0600][65.749s][info][gc,phases   ] GC(196) y: Pause Relocate Start 0.021ms
[2026-04-03T03:19:06.198+0600][65.750s][info][gc,phases   ] GC(196) y: Concurrent Relocate 0.544ms
[2026-04-03T03:19:06.198+0600][65.750s][info][gc,alloc    ] GC(196) y:                         Mark Start        Mark End      Relocate Start    Relocate End   
[2026-04-03T03:19:06.198+0600][65.750s][info][gc,alloc    ] GC(196) y: Allocation Stalls:          0                0                0                0         
[2026-04-03T03:19:06.198+0600][65.750s][info][gc,load     ] GC(196) y: Load: 5.02 (42%) / 5.06 (42%) / 5.50 (46%)
[2026-04-03T03:19:06.198+0600][65.750s][info][gc,mmu      ] GC(196) y: MMU: 2ms/90.1%, 5ms/96.1%, 10ms/98.0%, 20ms/98.5%, 50ms/99.4%, 100ms/99.6%
[2026-04-03T03:19:06.198+0600][65.750s][info][gc,marking  ] GC(196) y: Mark: 1 stripe(s), 2 proactive flush(es), 1 terminate flush(es), 0 completion(s), 0 continuation(s) 
[2026-04-03T03:19:06.198+0600][65.750s][info][gc,marking  ] GC(196) y: Mark Stack Usage: 32M
[2026-04-03T03:19:06.198+0600][65.750s][info][gc,nmethod  ] GC(196) y: NMethods: 7240 registered, 828 unregistered
[2026-04-03T03:19:06.198+0600][65.750s][info][gc,metaspace] GC(196) y: Metaspace: 71M used, 72M committed, 1088M reserved
[2026-04-03T03:19:06.198+0600][65.750s][info][gc,reloc    ] GC(196) y:                        Candidates     Selected     In-Place         Size        Empty    Relocated 
[2026-04-03T03:19:06.198+0600][65.750s][info][gc,reloc    ] GC(196) y: Small Pages:                   34           22            0          68M          22M           0M 
[2026-04-03T03:19:06.198+0600][65.750s][info][gc,reloc    ] GC(196) y: Medium Pages:                   0            0            0           0M           0M           0M 
[2026-04-03T03:19:06.198+0600][65.750s][info][gc,reloc    ] GC(196) y: Large Pages:                    0            0            0           0M           0M           0M 
[2026-04-03T03:19:06.198+0600][65.750s][info][gc,reloc    ] GC(196) y: Forwarding Usage: 0M
[2026-04-03T03:19:06.198+0600][65.750s][info][gc,reloc    ] GC(196) y: Age Table:
[2026-04-03T03:19:06.198+0600][65.750s][info][gc,reloc    ] GC(196) y:                    Live             Garbage             Small              Medium             Large        
[2026-04-03T03:19:06.198+0600][65.750s][info][gc,reloc    ] GC(196) y: Eden               0M (0%)           65M (7%)          33 / 21             0 / 0              0 / 0        
[2026-04-03T03:19:06.198+0600][65.750s][info][gc,reloc    ] GC(196) y: Survivor 1         0M (0%)            1M (0%)           1 / 1              0 / 0              0 / 0        
[2026-04-03T03:19:06.198+0600][65.750s][info][gc,heap     ] GC(196) y: Min Capacity: 8M(1%)
[2026-04-03T03:19:06.198+0600][65.750s][info][gc,heap     ] GC(196) y: Max Capacity: 1000M(100%)
[2026-04-03T03:19:06.198+0600][65.750s][info][gc,heap     ] GC(196) y: Soft Max Capacity: 1000M(100%)
[2026-04-03T03:19:06.198+0600][65.750s][info][gc,heap     ] GC(196) y: Heap Statistics:
[2026-04-03T03:19:06.198+0600][65.750s][info][gc,heap     ] GC(196) y:                Mark Start          Mark End        Relocate Start      Relocate End           High               Low         
[2026-04-03T03:19:06.198+0600][65.750s][info][gc,heap     ] GC(196) y:  Capacity:     1000M (100%)       1000M (100%)       1000M (100%)       1000M (100%)       1000M (100%)       1000M (100%)   
[2026-04-03T03:19:06.198+0600][65.750s][info][gc,heap     ] GC(196) y:      Free:      566M (57%)         552M (55%)         574M (57%)         610M (61%)         610M (61%)         552M (55%)    
[2026-04-03T03:19:06.198+0600][65.750s][info][gc,heap     ] GC(196) y:      Used:      434M (43%)         448M (45%)         426M (43%)         390M (39%)         448M (45%)         390M (39%)    
[2026-04-03T03:19:06.198+0600][65.750s][info][gc,heap     ] GC(196) y: Young Generation Statistics:
[2026-04-03T03:19:06.198+0600][65.750s][info][gc,heap     ] GC(196) y:                Mark Start          Mark End        Relocate Start      Relocate End    
[2026-04-03T03:19:06.198+0600][65.750s][info][gc,heap     ] GC(196) y:      Used:       68M (7%)           82M (8%)           60M (6%)           24M (2%)     
[2026-04-03T03:19:06.198+0600][65.750s][info][gc,heap     ] GC(196) y:      Live:         -                 0M (0%)            0M (0%)            0M (0%)     
[2026-04-03T03:19:06.198+0600][65.750s][info][gc,heap     ] GC(196) y:   Garbage:         -                67M (7%)           45M (5%)            0M (0%)     
[2026-04-03T03:19:06.198+0600][65.750s][info][gc,heap     ] GC(196) y: Allocated:         -                14M (1%)           14M (1%)           23M (2%)     
[2026-04-03T03:19:06.198+0600][65.750s][info][gc,heap     ] GC(196) y: Reclaimed:         -                  -                22M (2%)           67M (7%)     
[2026-04-03T03:19:06.198+0600][65.750s][info][gc,heap     ] GC(196) y:  Promoted:         -                  -                 0M (0%)            0M (0%)     
[2026-04-03T03:19:06.198+0600][65.750s][info][gc,heap     ] GC(196) y: Compacted:         -                  -                  -                 0M (0%)     
[2026-04-03T03:19:06.198+0600][65.750s][info][gc,phases   ] GC(196) y: Young Generation 434M(43%)->390M(39%) 0.027s
[2026-04-03T03:19:06.198+0600][65.750s][info][gc          ] GC(196) Minor Collection (Allocation Rate) 434M(43%)->390M(39%) 0.027s
[2026-04-03T03:19:06.312+0600][65.864s][info][gc          ] GC(197) Minor Collection (Allocation Rate)
[2026-04-03T03:19:06.312+0600][65.864s][info][gc,task     ] GC(197) Using 1 Workers for Young Generation
[2026-04-03T03:19:06.312+0600][65.864s][info][gc,phases   ] GC(197) y: Young Generation
[2026-04-03T03:19:06.313+0600][65.865s][info][gc,phases   ] GC(197) y: Pause Mark Start 0.029ms
[2026-04-03T03:19:06.331+0600][65.883s][info][gc,phases   ] GC(197) y: Concurrent Mark 18.089ms
[2026-04-03T03:19:06.331+0600][65.884s][info][gc,phases   ] GC(197) y: Pause Mark End 0.037ms
[2026-04-03T03:19:06.332+0600][65.884s][info][gc,phases   ] GC(197) y: Concurrent Mark Free 0.002ms
[2026-04-03T03:19:06.332+0600][65.884s][info][gc,phases   ] GC(197) y: Concurrent Reset Relocation Set 0.004ms
[2026-04-03T03:19:06.338+0600][65.890s][info][gc,reloc    ] GC(197) y: Using tenuring threshold: 3 (Computed)
[2026-04-03T03:19:06.338+0600][65.891s][info][gc,phases   ] GC(197) y: Concurrent Select Relocation Set 6.838ms
[2026-04-03T03:19:06.339+0600][65.891s][info][gc,phases   ] GC(197) y: Pause Relocate Start 0.038ms
[2026-04-03T03:19:06.340+0600][65.892s][info][gc,phases   ] GC(197) y: Concurrent Relocate 0.836ms
[2026-04-03T03:19:06.340+0600][65.893s][info][gc,alloc    ] GC(197) y:                         Mark Start        Mark End      Relocate Start    Relocate End   
[2026-04-03T03:19:06.340+0600][65.893s][info][gc,alloc    ] GC(197) y: Allocation Stalls:          0                0                0                0         
[2026-04-03T03:19:06.340+0600][65.893s][info][gc,load     ] GC(197) y: Load: 5.02 (42%) / 5.06 (42%) / 5.50 (46%)
[2026-04-03T03:19:06.340+0600][65.893s][info][gc,mmu      ] GC(197) y: MMU: 2ms/90.1%, 5ms/96.1%, 10ms/98.0%, 20ms/98.5%, 50ms/99.4%, 100ms/99.6%
[2026-04-03T03:19:06.340+0600][65.893s][info][gc,marking  ] GC(197) y: Mark: 1 stripe(s), 2 proactive flush(es), 1 terminate flush(es), 0 completion(s), 0 continuation(s) 
[2026-04-03T03:19:06.340+0600][65.893s][info][gc,marking  ] GC(197) y: Mark Stack Usage: 32M
[2026-04-03T03:19:06.340+0600][65.893s][info][gc,nmethod  ] GC(197) y: NMethods: 7240 registered, 828 unregistered
[2026-04-03T03:19:06.340+0600][65.893s][info][gc,metaspace] GC(197) y: Metaspace: 71M used, 72M committed, 1088M reserved
[2026-04-03T03:19:06.340+0600][65.893s][info][gc,reloc    ] GC(197) y:                        Candidates     Selected     In-Place         Size        Empty    Relocated 
[2026-04-03T03:19:06.340+0600][65.893s][info][gc,reloc    ] GC(197) y: Small Pages:                   26           20            0          52M          10M           0M 
[2026-04-03T03:19:06.340+0600][65.893s][info][gc,reloc    ] GC(197) y: Medium Pages:                   0            0            0           0M           0M           0M 
[2026-04-03T03:19:06.340+0600][65.893s][info][gc,reloc    ] GC(197) y: Large Pages:                    0            0            0           0M           0M           0M 
[2026-04-03T03:19:06.340+0600][65.893s][info][gc,reloc    ] GC(197) y: Forwarding Usage: 0M
[2026-04-03T03:19:06.340+0600][65.893s][info][gc,reloc    ] GC(197) y: Age Table:
[2026-04-03T03:19:06.340+0600][65.893s][info][gc,reloc    ] GC(197) y:                    Live             Garbage             Small              Medium             Large        
[2026-04-03T03:19:06.340+0600][65.893s][info][gc,reloc    ] GC(197) y: Eden               0M (0%)           41M (4%)          21 / 16             0 / 0              0 / 0        
[2026-04-03T03:19:06.340+0600][65.893s][info][gc,reloc    ] GC(197) y: Survivor 1         0M (0%)            7M (1%)           4 / 3              0 / 0              0 / 0        
[2026-04-03T03:19:06.340+0600][65.893s][info][gc,reloc    ] GC(197) y: Survivor 2         0M (0%)            1M (0%)           1 / 1              0 / 0              0 / 0        
[2026-04-03T03:19:06.340+0600][65.893s][info][gc,heap     ] GC(197) y: Min Capacity: 8M(1%)
[2026-04-03T03:19:06.340+0600][65.893s][info][gc,heap     ] GC(197) y: Max Capacity: 1000M(100%)
[2026-04-03T03:19:06.340+0600][65.893s][info][gc,heap     ] GC(197) y: Soft Max Capacity: 1000M(100%)
[2026-04-03T03:19:06.340+0600][65.893s][info][gc,heap     ] GC(197) y: Heap Statistics:
[2026-04-03T03:19:06.340+0600][65.893s][info][gc,heap     ] GC(197) y:                Mark Start          Mark End        Relocate Start      Relocate End           High               Low         
[2026-04-03T03:19:06.340+0600][65.893s][info][gc,heap     ] GC(197) y:  Capacity:     1000M (100%)       1000M (100%)       1000M (100%)       1000M (100%)       1000M (100%)       1000M (100%)   
[2026-04-03T03:19:06.340+0600][65.893s][info][gc,heap     ] GC(197) y:      Free:      582M (58%)         570M (57%)         578M (58%)         610M (61%)         612M (61%)         568M (57%)    
[2026-04-03T03:19:06.341+0600][65.893s][info][gc,heap     ] GC(197) y:      Used:      418M (42%)         430M (43%)         422M (42%)         390M (39%)         432M (43%)         388M (39%)    
[2026-04-03T03:19:06.341+0600][65.893s][info][gc,heap     ] GC(197) y: Young Generation Statistics:
[2026-04-03T03:19:06.341+0600][65.893s][info][gc,heap     ] GC(197) y:                Mark Start          Mark End        Relocate Start      Relocate End    
[2026-04-03T03:19:06.341+0600][65.893s][info][gc,heap     ] GC(197) y:      Used:       52M (5%)           64M (6%)           56M (6%)           24M (2%)     
[2026-04-03T03:19:06.341+0600][65.893s][info][gc,heap     ] GC(197) y:      Live:         -                 0M (0%)            0M (0%)            0M (0%)     
[2026-04-03T03:19:06.341+0600][65.893s][info][gc,heap     ] GC(197) y:   Garbage:         -                51M (5%)           41M (4%)            0M (0%)     
[2026-04-03T03:19:06.341+0600][65.893s][info][gc,heap     ] GC(197) y: Allocated:         -                12M (1%)           14M (1%)           23M (2%)     
[2026-04-03T03:19:06.341+0600][65.893s][info][gc,heap     ] GC(197) y: Reclaimed:         -                  -                10M (1%)           51M (5%)     
[2026-04-03T03:19:06.341+0600][65.893s][info][gc,heap     ] GC(197) y:  Promoted:         -                  -                 0M (0%)            0M (0%)     
[2026-04-03T03:19:06.341+0600][65.893s][info][gc,heap     ] GC(197) y: Compacted:         -                  -                  -                 0M (0%)     
[2026-04-03T03:19:06.341+0600][65.893s][info][gc,phases   ] GC(197) y: Young Generation 418M(42%)->390M(39%) 0.028s
[2026-04-03T03:19:06.341+0600][65.893s][info][gc          ] GC(197) Minor Collection (Allocation Rate) 418M(42%)->390M(39%) 0.028s
[2026-04-03T03:19:06.377+0600][65.930s][info][gc          ] GC(198) Minor Collection (Allocation Rate)
[2026-04-03T03:19:06.377+0600][65.930s][info][gc,task     ] GC(198) Using 1 Workers for Young Generation
[2026-04-03T03:19:06.377+0600][65.930s][info][gc,phases   ] GC(198) y: Young Generation
[2026-04-03T03:19:06.378+0600][65.930s][info][gc,phases   ] GC(198) y: Pause Mark Start 0.065ms
[2026-04-03T03:19:06.425+0600][65.978s][info][gc,phases   ] GC(198) y: Concurrent Mark 47.342ms
[2026-04-03T03:19:06.426+0600][65.978s][info][gc,phases   ] GC(198) y: Pause Mark End 0.034ms
[2026-04-03T03:19:06.426+0600][65.978s][info][gc,phases   ] GC(198) y: Concurrent Mark Free 0.001ms
[2026-04-03T03:19:06.426+0600][65.978s][info][gc,phases   ] GC(198) y: Concurrent Reset Relocation Set 0.005ms
[2026-04-03T03:19:06.432+0600][65.984s][info][gc,reloc    ] GC(198) y: Using tenuring threshold: 4 (Computed)
[2026-04-03T03:19:06.435+0600][65.987s][info][gc,phases   ] GC(198) y: Concurrent Select Relocation Set 9.525ms
[2026-04-03T03:19:06.436+0600][65.988s][info][gc,phases   ] GC(198) y: Pause Relocate Start 0.026ms
[2026-04-03T03:19:06.449+0600][66.002s][info][gc,phases   ] GC(198) y: Concurrent Relocate 13.603ms
[2026-04-03T03:19:06.449+0600][66.002s][info][gc,alloc    ] GC(198) y:                         Mark Start        Mark End      Relocate Start    Relocate End   
[2026-04-03T03:19:06.449+0600][66.002s][info][gc,alloc    ] GC(198) y: Allocation Stalls:          0                0                0                0         
[2026-04-03T03:19:06.449+0600][66.002s][info][gc,load     ] GC(198) y: Load: 5.02 (42%) / 5.06 (42%) / 5.50 (46%)
[2026-04-03T03:19:06.449+0600][66.002s][info][gc,mmu      ] GC(198) y: MMU: 2ms/90.1%, 5ms/96.1%, 10ms/98.0%, 20ms/98.5%, 50ms/99.4%, 100ms/99.6%
[2026-04-03T03:19:06.449+0600][66.002s][info][gc,marking  ] GC(198) y: Mark: 1 stripe(s), 2 proactive flush(es), 1 terminate flush(es), 0 completion(s), 0 continuation(s) 
[2026-04-03T03:19:06.449+0600][66.002s][info][gc,marking  ] GC(198) y: Mark Stack Usage: 32M
[2026-04-03T03:19:06.449+0600][66.002s][info][gc,nmethod  ] GC(198) y: NMethods: 7240 registered, 828 unregistered
[2026-04-03T03:19:06.449+0600][66.002s][info][gc,metaspace] GC(198) y: Metaspace: 71M used, 72M committed, 1088M reserved
[2026-04-03T03:19:06.450+0600][66.002s][info][gc,reloc    ] GC(198) y:                        Candidates     Selected     In-Place         Size        Empty    Relocated 
[2026-04-03T03:19:06.450+0600][66.002s][info][gc,reloc    ] GC(198) y: Small Pages:                   28           26            0          56M           0M           2M 
[2026-04-03T03:19:06.450+0600][66.002s][info][gc,reloc    ] GC(198) y: Medium Pages:                   0            0            0           0M           0M           0M 
[2026-04-03T03:19:06.450+0600][66.002s][info][gc,reloc    ] GC(198) y: Large Pages:                    0            0            0           0M           0M           0M 
[2026-04-03T03:19:06.450+0600][66.002s][info][gc,reloc    ] GC(198) y: Forwarding Usage: 2M
[2026-04-03T03:19:06.450+0600][66.002s][info][gc,reloc    ] GC(198) y: Age Table:
[2026-04-03T03:19:06.450+0600][66.002s][info][gc,reloc    ] GC(198) y:                    Live             Garbage             Small              Medium             Large        
[2026-04-03T03:19:06.450+0600][66.002s][info][gc,reloc    ] GC(198) y: Eden               2M (0%)           45M (5%)          24 / 23             0 / 0              0 / 0        
[2026-04-03T03:19:06.450+0600][66.002s][info][gc,reloc    ] GC(198) y: Survivor 1         0M (0%)            3M (0%)           2 / 2              0 / 0              0 / 0        
[2026-04-03T03:19:06.450+0600][66.002s][info][gc,reloc    ] GC(198) y: Survivor 2         0M (0%)            1M (0%)           1 / 1              0 / 0              0 / 0        
[2026-04-03T03:19:06.450+0600][66.002s][info][gc,reloc    ] GC(198) y: Survivor 3         0M (0%)            1M (0%)           1 / 0              0 / 0              0 / 0        
[2026-04-03T03:19:06.450+0600][66.002s][info][gc,heap     ] GC(198) y: Min Capacity: 8M(1%)
[2026-04-03T03:19:06.450+0600][66.002s][info][gc,heap     ] GC(198) y: Max Capacity: 1000M(100%)
[2026-04-03T03:19:06.450+0600][66.002s][info][gc,heap     ] GC(198) y: Soft Max Capacity: 1000M(100%)
[2026-04-03T03:19:06.450+0600][66.002s][info][gc,heap     ] GC(198) y: Heap Statistics:
[2026-04-03T03:19:06.450+0600][66.002s][info][gc,heap     ] GC(198) y:                Mark Start          Mark End        Relocate Start      Relocate End           High               Low         
[2026-04-03T03:19:06.450+0600][66.002s][info][gc,heap     ] GC(198) y:  Capacity:     1000M (100%)       1000M (100%)       1000M (100%)       1000M (100%)       1000M (100%)       1000M (100%)   
[2026-04-03T03:19:06.450+0600][66.002s][info][gc,heap     ] GC(198) y:      Free:      578M (58%)         538M (54%)         532M (53%)         564M (56%)         578M (58%)         526M (53%)    
[2026-04-03T03:19:06.450+0600][66.002s][info][gc,heap     ] GC(198) y:      Used:      422M (42%)         462M (46%)         468M (47%)         436M (44%)         474M (47%)         422M (42%)    
[2026-04-03T03:19:06.450+0600][66.002s][info][gc,heap     ] GC(198) y: Young Generation Statistics:
[2026-04-03T03:19:06.450+0600][66.002s][info][gc,heap     ] GC(198) y:                Mark Start          Mark End        Relocate Start      Relocate End    
[2026-04-03T03:19:06.450+0600][66.002s][info][gc,heap     ] GC(198) y:      Used:       56M (6%)           96M (10%)         102M (10%)          70M (7%)     
[2026-04-03T03:19:06.450+0600][66.002s][info][gc,heap     ] GC(198) y:      Live:         -                 2M (0%)            2M (0%)            2M (0%)     
[2026-04-03T03:19:06.450+0600][66.002s][info][gc,heap     ] GC(198) y:   Garbage:         -                53M (5%)           53M (5%)            0M (0%)     
[2026-04-03T03:19:06.450+0600][66.002s][info][gc,heap     ] GC(198) y: Allocated:         -                40M (4%)           46M (5%)           67M (7%)     
[2026-04-03T03:19:06.450+0600][66.002s][info][gc,heap     ] GC(198) y: Reclaimed:         -                  -                 0M (0%)           53M (5%)     
[2026-04-03T03:19:06.450+0600][66.002s][info][gc,heap     ] GC(198) y:  Promoted:         -                  -                 0M (0%)            0M (0%)     
[2026-04-03T03:19:06.450+0600][66.002s][info][gc,heap     ] GC(198) y: Compacted:         -                  -                  -                 2M (0%)     
[2026-04-03T03:19:06.450+0600][66.002s][info][gc,phases   ] GC(198) y: Young Generation 422M(42%)->436M(44%) 0.072s
[2026-04-03T03:19:06.450+0600][66.002s][info][gc          ] GC(198) Minor Collection (Allocation Rate) 422M(42%)->436M(44%) 0.073s
[2026-04-03T03:19:06.488+0600][66.040s][info][gc,phases   ] GC(194) O: Concurrent Mark 650.224ms
[2026-04-03T03:19:06.488+0600][66.041s][info][gc,phases   ] GC(194) O: Pause Mark End 0.099ms
[2026-04-03T03:19:06.489+0600][66.041s][info][gc,phases   ] GC(194) O: Concurrent Mark Free 0.002ms
[2026-04-03T03:19:06.502+0600][66.054s][info][gc,phases   ] GC(194) O: Concurrent Process Non-Strong 13.548ms
[2026-04-03T03:19:06.502+0600][66.054s][info][gc,phases   ] GC(194) O: Concurrent Reset Relocation Set 0.003ms
[2026-04-03T03:19:06.510+0600][66.062s][info][gc,phases   ] GC(194) O: Concurrent Select Relocation Set 7.313ms
[2026-04-03T03:19:06.510+0600][66.062s][info][gc,task     ] GC(194) O: Using 3 Workers for Old Generation
[2026-04-03T03:19:06.539+0600][66.091s][info][gc,task     ] GC(194) O: Using 2 Workers for Old Generation
[2026-04-03T03:19:06.539+0600][66.091s][info][gc,phases   ] GC(194) O: Concurrent Remap Roots 29.220ms
[2026-04-03T03:19:06.539+0600][66.091s][info][gc,phases   ] GC(194) O: Pause Relocate Start 0.094ms
[2026-04-03T03:19:06.552+0600][66.104s][info][gc,phases   ] GC(194) O: Concurrent Relocate 12.399ms
[2026-04-03T03:19:06.552+0600][66.104s][info][gc,alloc    ] GC(194) O:                         Mark Start        Mark End      Relocate Start    Relocate End   
[2026-04-03T03:19:06.552+0600][66.104s][info][gc,alloc    ] GC(194) O: Allocation Stalls:          0                0                0                0         
[2026-04-03T03:19:06.552+0600][66.104s][info][gc,load     ] GC(194) O: Load: 5.02 (42%) / 5.06 (42%) / 5.50 (46%)
[2026-04-03T03:19:06.552+0600][66.104s][info][gc,mmu      ] GC(194) O: MMU: 2ms/90.1%, 5ms/96.1%, 10ms/98.0%, 20ms/98.5%, 50ms/99.4%, 100ms/99.6%
[2026-04-03T03:19:06.552+0600][66.104s][info][gc,marking  ] GC(194) O: Mark: 2 stripe(s), 2 proactive flush(es), 1 terminate flush(es), 0 completion(s), 0 continuation(s) 
[2026-04-03T03:19:06.552+0600][66.104s][info][gc,marking  ] GC(194) O: Mark Stack Usage: 32M
[2026-04-03T03:19:06.552+0600][66.104s][info][gc,nmethod  ] GC(194) O: NMethods: 7231 registered, 837 unregistered
[2026-04-03T03:19:06.552+0600][66.104s][info][gc,metaspace] GC(194) O: Metaspace: 71M used, 72M committed, 1088M reserved
[2026-04-03T03:19:06.552+0600][66.104s][info][gc,ref      ] GC(194) O:                       Encountered   Discovered     Enqueued 
[2026-04-03T03:19:06.552+0600][66.104s][info][gc,ref      ] GC(194) O: Soft References:             5095            0            0 
[2026-04-03T03:19:06.552+0600][66.104s][info][gc,ref      ] GC(194) O: Weak References:             6646         2799           27 
[2026-04-03T03:19:06.552+0600][66.104s][info][gc,ref      ] GC(194) O: Final References:              84            2            0 
[2026-04-03T03:19:06.552+0600][66.104s][info][gc,ref      ] GC(194) O: Phantom References:           607          425            0 
[2026-04-03T03:19:06.552+0600][66.104s][info][gc,reloc    ] GC(194) O:                        Candidates     Selected     In-Place         Size        Empty    Relocated 
[2026-04-03T03:19:06.552+0600][66.104s][info][gc,reloc    ] GC(194) O: Small Pages:                  124            7            0         248M           0M           2M 
[2026-04-03T03:19:06.552+0600][66.104s][info][gc,reloc    ] GC(194) O: Medium Pages:                   1            0            0          16M           0M           0M 
[2026-04-03T03:19:06.552+0600][66.104s][info][gc,reloc    ] GC(194) O: Large Pages:                    3            0            0          24M           0M           0M 
[2026-04-03T03:19:06.552+0600][66.104s][info][gc,reloc    ] GC(194) O: Forwarding Usage: 2M
[2026-04-03T03:19:06.552+0600][66.104s][info][gc,heap     ] GC(194) O: Min Capacity: 8M(1%)
[2026-04-03T03:19:06.552+0600][66.104s][info][gc,heap     ] GC(194) O: Max Capacity: 1000M(100%)
[2026-04-03T03:19:06.552+0600][66.104s][info][gc,heap     ] GC(194) O: Soft Max Capacity: 1000M(100%)
[2026-04-03T03:19:06.552+0600][66.104s][info][gc,heap     ] GC(194) O: Heap Statistics:
[2026-04-03T03:19:06.552+0600][66.104s][info][gc,heap     ] GC(194) O:                Mark Start          Mark End        Relocate Start      Relocate End           High               Low         
[2026-04-03T03:19:06.552+0600][66.104s][info][gc,heap     ] GC(194) O:  Capacity:     1000M (100%)       1000M (100%)       1000M (100%)       1000M (100%)       1000M (100%)       1000M (100%)   
[2026-04-03T03:19:06.552+0600][66.104s][info][gc,heap     ] GC(194) O:      Free:      434M (43%)         534M (53%)         494M (49%)         496M (50%)         612M (61%)         398M (40%)    
[2026-04-03T03:19:06.552+0600][66.104s][info][gc,heap     ] GC(194) O:      Used:      566M (57%)         466M (47%)         506M (51%)         504M (50%)         602M (60%)         388M (39%)    
[2026-04-03T03:19:06.552+0600][66.104s][info][gc,heap     ] GC(194) O: Old Generation Statistics:
[2026-04-03T03:19:06.552+0600][66.104s][info][gc,heap     ] GC(194) O:                Mark Start          Mark End        Relocate Start      Relocate End    
[2026-04-03T03:19:06.552+0600][66.104s][info][gc,heap     ] GC(194) O:      Used:      288M (29%)         366M (37%)         366M (37%)         356M (36%)    
[2026-04-03T03:19:06.552+0600][66.104s][info][gc,heap     ] GC(194) O:      Live:         -               260M (26%)         260M (26%)         260M (26%)    
[2026-04-03T03:19:06.552+0600][66.105s][info][gc,heap     ] GC(194) O:   Garbage:         -                27M (3%)           27M (3%)           12M (1%)     
[2026-04-03T03:19:06.552+0600][66.105s][info][gc,heap     ] GC(194) O: Allocated:         -                78M (8%)           78M (8%)           83M (8%)     
[2026-04-03T03:19:06.552+0600][66.105s][info][gc,heap     ] GC(194) O: Reclaimed:         -                  -                 0M (0%)           15M (2%)     
[2026-04-03T03:19:06.552+0600][66.105s][info][gc,heap     ] GC(194) O: Compacted:         -                  -                  -                 6M (1%)     
[2026-04-03T03:19:06.552+0600][66.105s][info][gc,phases   ] GC(194) O: Old Generation 428M(43%)->504M(50%) 0.714s
[2026-04-03T03:19:06.552+0600][66.105s][info][gc          ] GC(194) Major Collection (Allocation Rate) 566M(57%)->504M(50%) 0.962s
[2026-04-03T03:19:06.666+0600][66.218s][info][gc          ] GC(199) Minor Collection (Allocation Rate)
[2026-04-03T03:19:06.666+0600][66.218s][info][gc,task     ] GC(199) Using 2 Workers for Young Generation
[2026-04-03T03:19:06.666+0600][66.218s][info][gc,phases   ] GC(199) y: Young Generation
[2026-04-03T03:19:06.667+0600][66.219s][info][gc,phases   ] GC(199) y: Pause Mark Start 0.037ms
[2026-04-03T03:19:06.777+0600][66.330s][info][gc,phases   ] GC(199) y: Concurrent Mark 110.500ms
[2026-04-03T03:19:06.778+0600][66.330s][info][gc,phases   ] GC(199) y: Pause Mark End 0.032ms
[2026-04-03T03:19:06.778+0600][66.330s][info][gc,phases   ] GC(199) y: Concurrent Mark Free 0.001ms
[2026-04-03T03:19:06.778+0600][66.330s][info][gc,phases   ] GC(199) y: Concurrent Reset Relocation Set 0.009ms
[2026-04-03T03:19:06.784+0600][66.336s][info][gc,reloc    ] GC(199) y: Using tenuring threshold: 5 (Computed)
[2026-04-03T03:19:06.795+0600][66.347s][info][gc,phases   ] GC(199) y: Concurrent Select Relocation Set 17.123ms
[2026-04-03T03:19:06.795+0600][66.348s][info][gc,phases   ] GC(199) y: Pause Relocate Start 0.033ms
[2026-04-03T03:19:06.842+0600][66.394s][info][gc,phases   ] GC(199) y: Concurrent Relocate 46.191ms
[2026-04-03T03:19:06.842+0600][66.394s][info][gc,alloc    ] GC(199) y:                         Mark Start        Mark End      Relocate Start    Relocate End   
[2026-04-03T03:19:06.842+0600][66.394s][info][gc,alloc    ] GC(199) y: Allocation Stalls:          0                0                0                0         
[2026-04-03T03:19:06.842+0600][66.394s][info][gc,load     ] GC(199) y: Load: 5.02 (42%) / 5.06 (42%) / 5.50 (46%)
[2026-04-03T03:19:06.842+0600][66.394s][info][gc,mmu      ] GC(199) y: MMU: 2ms/90.1%, 5ms/96.1%, 10ms/98.0%, 20ms/98.5%, 50ms/99.4%, 100ms/99.6%
[2026-04-03T03:19:06.842+0600][66.394s][info][gc,marking  ] GC(199) y: Mark: 2 stripe(s), 2 proactive flush(es), 1 terminate flush(es), 0 completion(s), 0 continuation(s) 
[2026-04-03T03:19:06.842+0600][66.394s][info][gc,marking  ] GC(199) y: Mark Stack Usage: 32M
[2026-04-03T03:19:06.842+0600][66.394s][info][gc,nmethod  ] GC(199) y: NMethods: 7231 registered, 837 unregistered
[2026-04-03T03:19:06.842+0600][66.394s][info][gc,metaspace] GC(199) y: Metaspace: 71M used, 72M committed, 1088M reserved
[2026-04-03T03:19:06.842+0600][66.394s][info][gc,reloc    ] GC(199) y:                        Candidates     Selected     In-Place         Size        Empty    Relocated 
[2026-04-03T03:19:06.842+0600][66.394s][info][gc,reloc    ] GC(199) y: Small Pages:                  148          131            0         296M           2M          18M 
[2026-04-03T03:19:06.842+0600][66.394s][info][gc,reloc    ] GC(199) y: Medium Pages:                   1            0            0          16M          16M           0M 
[2026-04-03T03:19:06.842+0600][66.394s][info][gc,reloc    ] GC(199) y: Large Pages:                    2            0            0          10M           4M           0M 
[2026-04-03T03:19:06.842+0600][66.394s][info][gc,reloc    ] GC(199) y: Forwarding Usage: 18M
[2026-04-03T03:19:06.842+0600][66.394s][info][gc,reloc    ] GC(199) y: Age Table:
[2026-04-03T03:19:06.842+0600][66.394s][info][gc,reloc    ] GC(199) y:                    Live             Garbage             Small              Medium             Large        
[2026-04-03T03:19:06.842+0600][66.394s][info][gc,reloc    ] GC(199) y: Eden              32M (3%)          275M (28%)        141 / 126            1 / 0              2 / 0        
[2026-04-03T03:19:06.842+0600][66.394s][info][gc,reloc    ] GC(199) y: Survivor 1         1M (0%)            6M (1%)           4 / 3              0 / 0              0 / 0        
[2026-04-03T03:19:06.842+0600][66.394s][info][gc,reloc    ] GC(199) y: Survivor 2         0M (0%)            1M (0%)           1 / 1              0 / 0              0 / 0        
[2026-04-03T03:19:06.842+0600][66.394s][info][gc,reloc    ] GC(199) y: Survivor 3         0M (0%)            1M (0%)           1 / 1              0 / 0              0 / 0        
[2026-04-03T03:19:06.842+0600][66.394s][info][gc,reloc    ] GC(199) y: Survivor 4         0M (0%)            1M (0%)           1 / 0              0 / 0              0 / 0        
[2026-04-03T03:19:06.842+0600][66.394s][info][gc,heap     ] GC(199) y: Min Capacity: 8M(1%)
[2026-04-03T03:19:06.842+0600][66.395s][info][gc,heap     ] GC(199) y: Max Capacity: 1000M(100%)
[2026-04-03T03:19:06.842+0600][66.395s][info][gc,heap     ] GC(199) y: Soft Max Capacity: 1000M(100%)
[2026-04-03T03:19:06.842+0600][66.395s][info][gc,heap     ] GC(199) y: Heap Statistics:
[2026-04-03T03:19:06.842+0600][66.395s][info][gc,heap     ] GC(199) y:                Mark Start          Mark End        Relocate Start      Relocate End           High               Low         
[2026-04-03T03:19:06.842+0600][66.395s][info][gc,heap     ] GC(199) y:  Capacity:     1000M (100%)       1000M (100%)       1000M (100%)       1000M (100%)       1000M (100%)       1000M (100%)   
[2026-04-03T03:19:06.842+0600][66.395s][info][gc,heap     ] GC(199) y:      Free:      322M (32%)         224M (22%)         224M (22%)         446M (45%)         448M (45%)         218M (22%)    
[2026-04-03T03:19:06.842+0600][66.395s][info][gc,heap     ] GC(199) y:      Used:      678M (68%)         776M (78%)         776M (78%)         554M (55%)         782M (78%)         552M (55%)    
[2026-04-03T03:19:06.842+0600][66.395s][info][gc,heap     ] GC(199) y: Young Generation Statistics:
[2026-04-03T03:19:06.842+0600][66.395s][info][gc,heap     ] GC(199) y:                Mark Start          Mark End        Relocate Start      Relocate End    
[2026-04-03T03:19:06.842+0600][66.395s][info][gc,heap     ] GC(199) y:      Used:      322M (32%)         420M (42%)         420M (42%)         198M (20%)    
[2026-04-03T03:19:06.842+0600][66.395s][info][gc,heap     ] GC(199) y:      Live:         -                33M (3%)           33M (3%)           33M (3%)     
[2026-04-03T03:19:06.842+0600][66.395s][info][gc,heap     ] GC(199) y:   Garbage:         -               288M (29%)         266M (27%)           0M (0%)     
[2026-04-03T03:19:06.842+0600][66.395s][info][gc,heap     ] GC(199) y: Allocated:         -                98M (10%)         120M (12%)         163M (16%)    
[2026-04-03T03:19:06.842+0600][66.395s][info][gc,heap     ] GC(199) y: Reclaimed:         -                  -                22M (2%)          287M (29%)    
[2026-04-03T03:19:06.842+0600][66.395s][info][gc,heap     ] GC(199) y:  Promoted:         -                  -                 0M (0%)            0M (0%)     
[2026-04-03T03:19:06.842+0600][66.395s][info][gc,heap     ] GC(199) y: Compacted:         -                  -                  -                26M (3%)     
[2026-04-03T03:19:06.842+0600][66.395s][info][gc,phases   ] GC(199) y: Young Generation 678M(68%)->554M(55%) 0.176s
[2026-04-03T03:19:06.843+0600][66.395s][info][gc          ] GC(199) Minor Collection (Allocation Rate) 678M(68%)->554M(55%) 0.176s
[2026-04-03T03:19:06.943+0600][66.496s][info][gc          ] GC(200) Minor Collection (Allocation Rate)
[2026-04-03T03:19:06.943+0600][66.496s][info][gc,task     ] GC(200) Using 3 Workers for Young Generation
[2026-04-03T03:19:06.944+0600][66.496s][info][gc,phases   ] GC(200) y: Young Generation
[2026-04-03T03:19:06.944+0600][66.496s][info][gc,phases   ] GC(200) y: Pause Mark Start 0.022ms
[2026-04-03T03:19:07.113+0600][66.665s][info][gc,phases   ] GC(200) y: Concurrent Mark 169.405ms
[2026-04-03T03:19:07.114+0600][66.666s][info][gc,phases   ] GC(200) y: Pause Mark End 0.033ms
[2026-04-03T03:19:07.114+0600][66.666s][info][gc,phases   ] GC(200) y: Concurrent Mark Free 0.002ms
[2026-04-03T03:19:07.114+0600][66.666s][info][gc,phases   ] GC(200) y: Concurrent Reset Relocation Set 0.056ms
[2026-04-03T03:19:07.118+0600][66.670s][info][gc,reloc    ] GC(200) y: Using tenuring threshold: 4 (Computed)
[2026-04-03T03:19:07.120+0600][66.672s][info][gc,phases   ] GC(200) y: Concurrent Select Relocation Set 6.187ms
[2026-04-03T03:19:07.120+0600][66.672s][info][gc,phases   ] GC(200) y: Pause Relocate Start 0.024ms
[2026-04-03T03:19:07.139+0600][66.691s][info][gc,phases   ] GC(200) y: Concurrent Relocate 18.120ms
[2026-04-03T03:19:07.139+0600][66.691s][info][gc,alloc    ] GC(200) y:                         Mark Start        Mark End      Relocate Start    Relocate End   
[2026-04-03T03:19:07.139+0600][66.691s][info][gc,alloc    ] GC(200) y: Allocation Stalls:          0                0                0                0         
[2026-04-03T03:19:07.139+0600][66.691s][info][gc,load     ] GC(200) y: Load: 5.02 (42%) / 5.06 (42%) / 5.50 (46%)
[2026-04-03T03:19:07.139+0600][66.691s][info][gc,mmu      ] GC(200) y: MMU: 2ms/90.1%, 5ms/96.1%, 10ms/98.0%, 20ms/98.5%, 50ms/99.4%, 100ms/99.6%
[2026-04-03T03:19:07.139+0600][66.691s][info][gc,marking  ] GC(200) y: Mark: 2 stripe(s), 10 proactive flush(es), 1 terminate flush(es), 0 completion(s), 0 continuation(s) 
[2026-04-03T03:19:07.139+0600][66.691s][info][gc,marking  ] GC(200) y: Mark Stack Usage: 32M
[2026-04-03T03:19:07.139+0600][66.691s][info][gc,nmethod  ] GC(200) y: NMethods: 7231 registered, 837 unregistered
[2026-04-03T03:19:07.139+0600][66.691s][info][gc,metaspace] GC(200) y: Metaspace: 71M used, 72M committed, 1088M reserved
[2026-04-03T03:19:07.139+0600][66.691s][info][gc,reloc    ] GC(200) y:                        Candidates     Selected     In-Place         Size        Empty    Relocated 
[2026-04-03T03:19:07.139+0600][66.691s][info][gc,reloc    ] GC(200) y: Small Pages:                  138          118            0         276M           0M           9M 
[2026-04-03T03:19:07.139+0600][66.691s][info][gc,reloc    ] GC(200) y: Medium Pages:                   1            0            0          16M           0M           0M 
[2026-04-03T03:19:07.139+0600][66.691s][info][gc,reloc    ] GC(200) y: Large Pages:                    3            0            0          26M           0M           0M 
[2026-04-03T03:19:07.139+0600][66.691s][info][gc,reloc    ] GC(200) y: Forwarding Usage: 9M
[2026-04-03T03:19:07.139+0600][66.691s][info][gc,reloc    ] GC(200) y: Age Table:
[2026-04-03T03:19:07.139+0600][66.691s][info][gc,reloc    ] GC(200) y:                    Live             Garbage             Small              Medium             Large        
[2026-04-03T03:19:07.139+0600][66.691s][info][gc,reloc    ] GC(200) y: Eden              30M (3%)          231M (23%)        113 / 108            1 / 0              2 / 0        
[2026-04-03T03:19:07.139+0600][66.691s][info][gc,reloc    ] GC(200) y: Survivor 1        31M (3%)            8M (1%)          17 / 4              0 / 0              1 / 0        
[2026-04-03T03:19:07.139+0600][66.691s][info][gc,reloc    ] GC(200) y: Survivor 2         1M (0%)            8M (1%)           5 / 4              0 / 0              0 / 0        
[2026-04-03T03:19:07.139+0600][66.691s][info][gc,reloc    ] GC(200) y: Survivor 3         0M (0%)            1M (0%)           1 / 1              0 / 0              0 / 0        
[2026-04-03T03:19:07.139+0600][66.691s][info][gc,reloc    ] GC(200) y: Survivor 4         0M (0%)            1M (0%)           1 / 0              0 / 0              0 / 0        
[2026-04-03T03:19:07.139+0600][66.691s][info][gc,reloc    ] GC(200) y: Survivor 5         0M (0%)            1M (0%)           1 / 1              0 / 0              0 / 0        
[2026-04-03T03:19:07.139+0600][66.691s][info][gc,heap     ] GC(200) y: Min Capacity: 8M(1%)
[2026-04-03T03:19:07.139+0600][66.691s][info][gc,heap     ] GC(200) y: Max Capacity: 1000M(100%)
[2026-04-03T03:19:07.139+0600][66.691s][info][gc,heap     ] GC(200) y: Soft Max Capacity: 1000M(100%)
[2026-04-03T03:19:07.139+0600][66.691s][info][gc,heap     ] GC(200) y: Heap Statistics:
[2026-04-03T03:19:07.139+0600][66.691s][info][gc,heap     ] GC(200) y:                Mark Start          Mark End        Relocate Start      Relocate End           High               Low         
[2026-04-03T03:19:07.139+0600][66.691s][info][gc,heap     ] GC(200) y:  Capacity:     1000M (100%)       1000M (100%)       1000M (100%)       1000M (100%)       1000M (100%)       1000M (100%)   
[2026-04-03T03:19:07.139+0600][66.691s][info][gc,heap     ] GC(200) y:      Free:      326M (33%)         168M (17%)         160M (16%)         348M (35%)         350M (35%)         142M (14%)    
[2026-04-03T03:19:07.139+0600][66.691s][info][gc,heap     ] GC(200) y:      Used:      674M (67%)         832M (83%)         840M (84%)         652M (65%)         858M (86%)         650M (65%)    
[2026-04-03T03:19:07.139+0600][66.691s][info][gc,heap     ] GC(200) y: Young Generation Statistics:
[2026-04-03T03:19:07.139+0600][66.691s][info][gc,heap     ] GC(200) y:                Mark Start          Mark End        Relocate Start      Relocate End    
[2026-04-03T03:19:07.139+0600][66.691s][info][gc,heap     ] GC(200) y:      Used:      318M (32%)         476M (48%)         484M (48%)         292M (29%)    
[2026-04-03T03:19:07.139+0600][66.691s][info][gc,heap     ] GC(200) y:      Live:         -                62M (6%)           62M (6%)           62M (6%)     
[2026-04-03T03:19:07.139+0600][66.691s][info][gc,heap     ] GC(200) y:   Garbage:         -               255M (26%)         255M (26%)          17M (2%)     
[2026-04-03T03:19:07.139+0600][66.691s][info][gc,heap     ] GC(200) y: Allocated:         -               158M (16%)         166M (17%)         211M (21%)    
[2026-04-03T03:19:07.139+0600][66.691s][info][gc,heap     ] GC(200) y: Reclaimed:         -                  -                 0M (0%)          237M (24%)    
[2026-04-03T03:19:07.139+0600][66.691s][info][gc,heap     ] GC(200) y:  Promoted:         -                  -                 0M (0%)            0M (0%)     
[2026-04-03T03:19:07.139+0600][66.691s][info][gc,heap     ] GC(200) y: Compacted:         -                  -                  -                10M (1%)     
[2026-04-03T03:19:07.139+0600][66.691s][info][gc,phases   ] GC(200) y: Young Generation 674M(67%)->652M(65%) 0.195s
[2026-04-03T03:19:07.139+0600][66.692s][info][gc          ] GC(200) Minor Collection (Allocation Rate) 674M(67%)->652M(65%) 0.196s
[2026-04-03T03:19:07.139+0600][66.692s][info][gc          ] GC(201) Major Collection (Allocation Rate)
[2026-04-03T03:19:07.140+0600][66.692s][info][gc,task     ] GC(201) Using 3 Workers for Young Generation
[2026-04-03T03:19:07.140+0600][66.692s][info][gc,task     ] GC(201) Using 1 Workers for Old Generation
[2026-04-03T03:19:07.140+0600][66.692s][info][gc,phases   ] GC(201) Y: Young Generation
[2026-04-03T03:19:07.140+0600][66.692s][info][gc,phases   ] GC(201) Y: Pause Mark Start (Major) 0.059ms
[2026-04-03T03:19:07.388+0600][66.941s][info][gc,phases   ] GC(201) Y: Concurrent Mark 248.237ms
[2026-04-03T03:19:07.389+0600][66.941s][info][gc,phases   ] GC(201) Y: Pause Mark End 0.028ms
[2026-04-03T03:19:07.389+0600][66.941s][info][gc,phases   ] GC(201) Y: Concurrent Mark Free 0.003ms
[2026-04-03T03:19:07.389+0600][66.942s][info][gc,phases   ] GC(201) Y: Concurrent Reset Relocation Set 0.017ms
[2026-04-03T03:19:07.391+0600][66.943s][info][gc,reloc    ] GC(201) Y: Using tenuring threshold: 1 (Computed)
[2026-04-03T03:19:07.428+0600][66.980s][info][gc,phases   ] GC(201) Y: Concurrent Select Relocation Set 38.662ms
[2026-04-03T03:19:07.428+0600][66.981s][info][gc,phases   ] GC(201) Y: Pause Relocate Start 0.024ms
[2026-04-03T03:19:07.516+0600][67.068s][info][gc,phases   ] GC(201) Y: Concurrent Relocate 87.234ms
[2026-04-03T03:19:07.516+0600][67.068s][info][gc,alloc    ] GC(201) Y:                         Mark Start        Mark End      Relocate Start    Relocate End   
[2026-04-03T03:19:07.516+0600][67.068s][info][gc,alloc    ] GC(201) Y: Allocation Stalls:          0                0                0                0         
[2026-04-03T03:19:07.516+0600][67.068s][info][gc,load     ] GC(201) Y: Load: 5.02 (42%) / 5.06 (42%) / 5.50 (46%)
[2026-04-03T03:19:07.516+0600][67.068s][info][gc,mmu      ] GC(201) Y: MMU: 2ms/90.1%, 5ms/96.1%, 10ms/98.0%, 20ms/98.5%, 50ms/99.4%, 100ms/99.6%
[2026-04-03T03:19:07.516+0600][67.068s][info][gc,marking  ] GC(201) Y: Mark: 2 stripe(s), 2 proactive flush(es), 1 terminate flush(es), 0 completion(s), 0 continuation(s) 
[2026-04-03T03:19:07.516+0600][67.068s][info][gc,marking  ] GC(201) Y: Mark Stack Usage: 32M
[2026-04-03T03:19:07.516+0600][67.068s][info][gc,nmethod  ] GC(201) Y: NMethods: 7231 registered, 837 unregistered
[2026-04-03T03:19:07.516+0600][67.068s][info][gc,metaspace] GC(201) Y: Metaspace: 71M used, 72M committed, 1088M reserved
[2026-04-03T03:19:07.516+0600][67.068s][info][gc,reloc    ] GC(201) Y:                        Candidates     Selected     In-Place         Size        Empty    Relocated 
[2026-04-03T03:19:07.516+0600][67.068s][info][gc,reloc    ] GC(201) Y: Small Pages:                  123           99            0         246M           0M           9M 
[2026-04-03T03:19:07.516+0600][67.068s][info][gc,reloc    ] GC(201) Y: Medium Pages:                   1            0            0          16M          16M           0M 
[2026-04-03T03:19:07.516+0600][67.068s][info][gc,reloc    ] GC(201) Y: Large Pages:                    4            0            0          30M           0M           0M 
[2026-04-03T03:19:07.516+0600][67.068s][info][gc,reloc    ] GC(201) Y: Forwarding Usage: 10M
[2026-04-03T03:19:07.516+0600][67.068s][info][gc,reloc    ] GC(201) Y: Age Table:
[2026-04-03T03:19:07.516+0600][67.068s][info][gc,reloc    ] GC(201) Y:                    Live             Garbage             Small              Medium             Large        
[2026-04-03T03:19:07.516+0600][67.068s][info][gc,reloc    ] GC(201) Y: Eden              12M (1%)          171M (17%)         90 / 86             0 / 0              1 / 0        
[2026-04-03T03:19:07.516+0600][67.068s][info][gc,reloc    ] GC(201) Y: Survivor 1        28M (3%)           25M (3%)           9 / 3              1 / 0              2 / 0        
[2026-04-03T03:19:07.516+0600][67.068s][info][gc,reloc    ] GC(201) Y: Survivor 2        31M (3%)           10M (1%)          18 / 6              0 / 0              1 / 0        
[2026-04-03T03:19:07.516+0600][67.068s][info][gc,reloc    ] GC(201) Y: Survivor 3         1M (0%)            8M (1%)           5 / 3              0 / 0              0 / 0        
[2026-04-03T03:19:07.516+0600][67.068s][info][gc,reloc    ] GC(201) Y: Survivor 4         0M (0%)            1M (0%)           1 / 1              0 / 0              0 / 0        
[2026-04-03T03:19:07.516+0600][67.068s][info][gc,heap     ] GC(201) Y: Min Capacity: 8M(1%)
[2026-04-03T03:19:07.516+0600][67.068s][info][gc,heap     ] GC(201) Y: Max Capacity: 1000M(100%)
[2026-04-03T03:19:07.516+0600][67.068s][info][gc,heap     ] GC(201) Y: Soft Max Capacity: 1000M(100%)
[2026-04-03T03:19:07.516+0600][67.068s][info][gc,heap     ] GC(201) Y: Heap Statistics:
[2026-04-03T03:19:07.516+0600][67.068s][info][gc,heap     ] GC(201) Y:                Mark Start          Mark End        Relocate Start      Relocate End           High               Low         
[2026-04-03T03:19:07.516+0600][67.068s][info][gc,heap     ] GC(201) Y:  Capacity:     1000M (100%)       1000M (100%)       1000M (100%)       1000M (100%)       1000M (100%)       1000M (100%)   
[2026-04-03T03:19:07.516+0600][67.068s][info][gc,heap     ] GC(201) Y:      Free:      348M (35%)         144M (14%)         128M (13%)         226M (23%)         348M (35%)         112M (11%)    
[2026-04-03T03:19:07.516+0600][67.068s][info][gc,heap     ] GC(201) Y:      Used:      652M (65%)         856M (86%)         872M (87%)         774M (77%)         888M (89%)         652M (65%)    
[2026-04-03T03:19:07.516+0600][67.068s][info][gc,heap     ] GC(201) Y: Young Generation Statistics:
[2026-04-03T03:19:07.516+0600][67.068s][info][gc,heap     ] GC(201) Y:                Mark Start          Mark End        Relocate Start      Relocate End    
[2026-04-03T03:19:07.516+0600][67.068s][info][gc,heap     ] GC(201) Y:      Used:      292M (29%)         496M (50%)         452M (45%)         342M (34%)    
[2026-04-03T03:19:07.516+0600][67.068s][info][gc,heap     ] GC(201) Y:      Live:         -                73M (7%)           15M (2%)           12M (1%)     
[2026-04-03T03:19:07.516+0600][67.068s][info][gc,heap     ] GC(201) Y:   Garbage:         -               218M (22%)         200M (20%)           0M (0%)     
[2026-04-03T03:19:07.516+0600][67.068s][info][gc,heap     ] GC(201) Y: Allocated:         -               204M (20%)         236M (24%)         329M (33%)    
[2026-04-03T03:19:07.516+0600][67.068s][info][gc,heap     ] GC(201) Y: Reclaimed:         -                  -                18M (2%)          218M (22%)    
[2026-04-03T03:19:07.516+0600][67.068s][info][gc,heap     ] GC(201) Y:  Promoted:         -                  -                57M (6%)           60M (6%)     
[2026-04-03T03:19:07.516+0600][67.068s][info][gc,heap     ] GC(201) Y: Compacted:         -                  -                  -                 8M (1%)     
[2026-04-03T03:19:07.516+0600][67.068s][info][gc,phases   ] GC(201) Y: Young Generation 652M(65%)->774M(77%) 0.376s
[2026-04-03T03:19:07.516+0600][67.068s][info][gc,phases   ] GC(201) O: Old Generation
[2026-04-03T03:19:07.519+0600][67.071s][info][gc          ] GC(202) Minor Collection (Allocation Rate)
[2026-04-03T03:19:07.519+0600][67.071s][info][gc,task     ] GC(202) Using 2 Workers for Young Generation
[2026-04-03T03:19:07.519+0600][67.071s][info][gc,phases   ] GC(202) y: Young Generation
[2026-04-03T03:19:07.519+0600][67.071s][info][gc,phases   ] GC(202) y: Pause Mark Start 0.027ms
[2026-04-03T03:19:07.702+0600][67.254s][info][gc,phases   ] GC(202) y: Concurrent Mark 182.936ms
[2026-04-03T03:19:07.702+0600][67.255s][info][gc,phases   ] GC(202) y: Pause Mark End 0.036ms
[2026-04-03T03:19:07.703+0600][67.255s][info][gc,phases   ] GC(202) y: Concurrent Mark Free 0.004ms
[2026-04-03T03:19:07.703+0600][67.255s][info][gc,phases   ] GC(202) y: Concurrent Reset Relocation Set 0.069ms
[2026-04-03T03:19:07.705+0600][67.257s][info][gc,reloc    ] GC(202) y: Using tenuring threshold: 2 (Computed)
[2026-04-03T03:19:07.709+0600][67.261s][info][gc,phases   ] GC(202) y: Concurrent Select Relocation Set 6.021ms
[2026-04-03T03:19:07.709+0600][67.261s][info][gc,phases   ] GC(202) y: Pause Relocate Start 0.025ms
[2026-04-03T03:19:07.755+0600][67.308s][info][gc,phases   ] GC(202) y: Concurrent Relocate 46.099ms
[2026-04-03T03:19:07.756+0600][67.308s][info][gc,alloc    ] GC(202) y:                         Mark Start        Mark End      Relocate Start    Relocate End   
[2026-04-03T03:19:07.756+0600][67.308s][info][gc,alloc    ] GC(202) y: Allocation Stalls:          0                0                0                0         
[2026-04-03T03:19:07.756+0600][67.308s][info][gc,load     ] GC(202) y: Load: 5.02 (42%) / 5.06 (42%) / 5.50 (46%)
[2026-04-03T03:19:07.756+0600][67.308s][info][gc,mmu      ] GC(202) y: MMU: 2ms/90.1%, 5ms/96.1%, 10ms/98.0%, 20ms/98.5%, 50ms/99.4%, 100ms/99.6%
[2026-04-03T03:19:07.756+0600][67.308s][info][gc,marking  ] GC(202) y: Mark: 2 stripe(s), 2 proactive flush(es), 1 terminate flush(es), 0 completion(s), 0 continuation(s) 
[2026-04-03T03:19:07.756+0600][67.308s][info][gc,marking  ] GC(202) y: Mark Stack Usage: 32M
[2026-04-03T03:19:07.756+0600][67.308s][info][gc,nmethod  ] GC(202) y: NMethods: 7231 registered, 837 unregistered
[2026-04-03T03:19:07.756+0600][67.308s][info][gc,metaspace] GC(202) y: Metaspace: 71M used, 72M committed, 1088M reserved
[2026-04-03T03:19:07.756+0600][67.308s][info][gc,reloc    ] GC(202) y:                        Candidates     Selected     In-Place         Size        Empty    Relocated 
[2026-04-03T03:19:07.756+0600][67.308s][info][gc,reloc    ] GC(202) y: Small Pages:                  169          157            0         338M           0M          12M 
[2026-04-03T03:19:07.756+0600][67.308s][info][gc,reloc    ] GC(202) y: Medium Pages:                   0            0            0           0M           0M           0M 
[2026-04-03T03:19:07.756+0600][67.308s][info][gc,reloc    ] GC(202) y: Large Pages:                    2            0            0          10M           0M           0M 
[2026-04-03T03:19:07.756+0600][67.308s][info][gc,reloc    ] GC(202) y: Forwarding Usage: 11M
[2026-04-03T03:19:07.756+0600][67.308s][info][gc,reloc    ] GC(202) y: Age Table:
[2026-04-03T03:19:07.756+0600][67.308s][info][gc,reloc    ] GC(202) y:                    Live             Garbage             Small              Medium             Large        
[2026-04-03T03:19:07.756+0600][67.308s][info][gc,reloc    ] GC(202) y: Eden              18M (2%)          307M (31%)        160 / 152            0 / 0              1 / 0        
[2026-04-03T03:19:07.756+0600][67.308s][info][gc,reloc    ] GC(202) y: Survivor 1        10M (1%)           11M (1%)           9 / 5              0 / 0              1 / 0        
[2026-04-03T03:19:07.756+0600][67.308s][info][gc,heap     ] GC(202) y: Min Capacity: 8M(1%)
[2026-04-03T03:19:07.756+0600][67.308s][info][gc,heap     ] GC(202) y: Max Capacity: 1000M(100%)
[2026-04-03T03:19:07.756+0600][67.308s][info][gc,heap     ] GC(202) y: Soft Max Capacity: 1000M(100%)
[2026-04-03T03:19:07.756+0600][67.308s][info][gc,heap     ] GC(202) y: Heap Statistics:
[2026-04-03T03:19:07.756+0600][67.308s][info][gc,heap     ] GC(202) y:                Mark Start          Mark End        Relocate Start      Relocate End           High               Low         
[2026-04-03T03:19:07.756+0600][67.308s][info][gc,heap     ] GC(202) y:  Capacity:     1000M (100%)       1000M (100%)       1000M (100%)       1000M (100%)       1000M (100%)       1000M (100%)   
[2026-04-03T03:19:07.756+0600][67.308s][info][gc,heap     ] GC(202) y:      Free:      220M (22%)          72M (7%)           68M (7%)          330M (33%)         330M (33%)          56M (6%)     
[2026-04-03T03:19:07.756+0600][67.308s][info][gc,heap     ] GC(202) y:      Used:      780M (78%)         928M (93%)         932M (93%)         670M (67%)         944M (94%)         670M (67%)    
[2026-04-03T03:19:07.756+0600][67.308s][info][gc,heap     ] GC(202) y: Young Generation Statistics:
[2026-04-03T03:19:07.756+0600][67.308s][info][gc,heap     ] GC(202) y:                Mark Start          Mark End        Relocate Start      Relocate End    
[2026-04-03T03:19:07.756+0600][67.308s][info][gc,heap     ] GC(202) y:      Used:      348M (35%)         496M (50%)         500M (50%)         238M (24%)    
[2026-04-03T03:19:07.756+0600][67.308s][info][gc,heap     ] GC(202) y:      Live:         -                29M (3%)           29M (3%)           29M (3%)     
[2026-04-03T03:19:07.756+0600][67.308s][info][gc,heap     ] GC(202) y:   Garbage:         -               318M (32%)         318M (32%)           2M (0%)     
[2026-04-03T03:19:07.756+0600][67.308s][info][gc,heap     ] GC(202) y: Allocated:         -               148M (15%)         152M (15%)         206M (21%)    
[2026-04-03T03:19:07.756+0600][67.308s][info][gc,heap     ] GC(202) y: Reclaimed:         -                  -                 0M (0%)          316M (32%)    
[2026-04-03T03:19:07.756+0600][67.308s][info][gc,heap     ] GC(202) y:  Promoted:         -                  -                 0M (0%)            0M (0%)     
[2026-04-03T03:19:07.756+0600][67.308s][info][gc,heap     ] GC(202) y: Compacted:         -                  -                  -                13M (1%)     
[2026-04-03T03:19:07.756+0600][67.308s][info][gc,phases   ] GC(202) y: Young Generation 780M(78%)->670M(67%) 0.237s
[2026-04-03T03:19:07.756+0600][67.308s][info][gc          ] GC(202) Minor Collection (Allocation Rate) 780M(78%)->672M(67%) 0.238s
[2026-04-03T03:19:07.756+0600][67.309s][info][gc          ] GC(203) Minor Collection (Allocation Rate)
[2026-04-03T03:19:07.756+0600][67.309s][info][gc,task     ] GC(203) Using 2 Workers for Young Generation
[2026-04-03T03:19:07.756+0600][67.309s][info][gc,phases   ] GC(203) y: Young Generation
[2026-04-03T03:19:07.757+0600][67.309s][info][gc,phases   ] GC(203) y: Pause Mark Start 0.047ms
[2026-04-03T03:19:08.012+0600][67.564s][info][gc,phases   ] GC(203) y: Concurrent Mark 254.748ms
[2026-04-03T03:19:08.012+0600][67.564s][info][gc,phases   ] GC(203) y: Pause Mark End 0.036ms
[2026-04-03T03:19:08.012+0600][67.564s][info][gc,phases   ] GC(203) y: Concurrent Mark Free 0.004ms
[2026-04-03T03:19:08.012+0600][67.565s][info][gc,phases   ] GC(203) y: Concurrent Reset Relocation Set 0.046ms
[2026-04-03T03:19:08.017+0600][67.569s][info][gc,reloc    ] GC(203) y: Using tenuring threshold: 1 (Computed)
[2026-04-03T03:19:08.042+0600][67.594s][info][gc,phases   ] GC(203) y: Concurrent Select Relocation Set 29.296ms
[2026-04-03T03:19:08.042+0600][67.594s][info][gc,phases   ] GC(203) y: Pause Relocate Start 0.023ms
[2026-04-03T03:19:08.124+0600][67.677s][info][gc,phases   ] GC(203) y: Concurrent Relocate 82.174ms
[2026-04-03T03:19:08.124+0600][67.677s][info][gc,alloc    ] GC(203) y:                         Mark Start        Mark End      Relocate Start    Relocate End   
[2026-04-03T03:19:08.124+0600][67.677s][info][gc,alloc    ] GC(203) y: Allocation Stalls:          0                0                0                0         
[2026-04-03T03:19:08.125+0600][67.677s][info][gc,load     ] GC(203) y: Load: 5.02 (42%) / 5.06 (42%) / 5.50 (46%)
[2026-04-03T03:19:08.125+0600][67.677s][info][gc,mmu      ] GC(203) y: MMU: 2ms/90.1%, 5ms/96.1%, 10ms/98.0%, 20ms/98.5%, 50ms/99.4%, 100ms/99.6%
[2026-04-03T03:19:08.125+0600][67.677s][info][gc,marking  ] GC(203) y: Mark: 2 stripe(s), 2 proactive flush(es), 1 terminate flush(es), 0 completion(s), 0 continuation(s) 
[2026-04-03T03:19:08.125+0600][67.677s][info][gc,marking  ] GC(203) y: Mark Stack Usage: 32M
[2026-04-03T03:19:08.125+0600][67.677s][info][gc,nmethod  ] GC(203) y: NMethods: 7233 registered, 837 unregistered
[2026-04-03T03:19:08.125+0600][67.677s][info][gc,metaspace] GC(203) y: Metaspace: 71M used, 72M committed, 1088M reserved
[2026-04-03T03:19:08.125+0600][67.677s][info][gc,reloc    ] GC(203) y:                        Candidates     Selected     In-Place         Size        Empty    Relocated 
[2026-04-03T03:19:08.125+0600][67.677s][info][gc,reloc    ] GC(203) y: Small Pages:                  115          100            0         230M           0M           9M 
[2026-04-03T03:19:08.125+0600][67.677s][info][gc,reloc    ] GC(203) y: Medium Pages:                   0            0            0           0M           0M           0M 
[2026-04-03T03:19:08.125+0600][67.677s][info][gc,reloc    ] GC(203) y: Large Pages:                    2            0            0          10M           4M           0M 
[2026-04-03T03:19:08.125+0600][67.677s][info][gc,reloc    ] GC(203) y: Forwarding Usage: 10M
[2026-04-03T03:19:08.125+0600][67.677s][info][gc,reloc    ] GC(203) y: Age Table:
[2026-04-03T03:19:08.125+0600][67.677s][info][gc,reloc    ] GC(203) y:                    Live             Garbage             Small              Medium             Large        
[2026-04-03T03:19:08.125+0600][67.677s][info][gc,reloc    ] GC(203) y: Eden               8M (1%)          181M (18%)         95 / 91             0 / 0              0 / 0        
[2026-04-03T03:19:08.125+0600][67.677s][info][gc,reloc    ] GC(203) y: Survivor 1        17M (2%)           10M (1%)          11 / 4              0 / 0              1 / 0        
[2026-04-03T03:19:08.125+0600][67.677s][info][gc,reloc    ] GC(203) y: Survivor 2         6M (1%)           15M (2%)           9 / 5              0 / 0              1 / 0        
[2026-04-03T03:19:08.125+0600][67.677s][info][gc,heap     ] GC(203) y: Min Capacity: 8M(1%)
[2026-04-03T03:19:08.125+0600][67.677s][info][gc,heap     ] GC(203) y: Max Capacity: 1000M(100%)
[2026-04-03T03:19:08.125+0600][67.677s][info][gc,heap     ] GC(203) y: Soft Max Capacity: 1000M(100%)
[2026-04-03T03:19:08.125+0600][67.677s][info][gc,heap     ] GC(203) y: Heap Statistics:
[2026-04-03T03:19:08.125+0600][67.677s][info][gc,heap     ] GC(203) y:                Mark Start          Mark End        Relocate Start      Relocate End           High               Low         
[2026-04-03T03:19:08.125+0600][67.677s][info][gc,heap     ] GC(203) y:  Capacity:     1000M (100%)       1000M (100%)       1000M (100%)       1000M (100%)       1000M (100%)       1000M (100%)   
[2026-04-03T03:19:08.125+0600][67.677s][info][gc,heap     ] GC(203) y:      Free:      328M (33%)         102M (10%)          78M (8%)          198M (20%)         328M (33%)          66M (7%)     
[2026-04-03T03:19:08.125+0600][67.677s][info][gc,heap     ] GC(203) y:      Used:      672M (67%)         898M (90%)         922M (92%)         802M (80%)         934M (93%)         672M (67%)    
[2026-04-03T03:19:08.125+0600][67.677s][info][gc,heap     ] GC(203) y: Young Generation Statistics:
[2026-04-03T03:19:08.125+0600][67.677s][info][gc,heap     ] GC(203) y:                Mark Start          Mark End        Relocate Start      Relocate End    
[2026-04-03T03:19:08.125+0600][67.677s][info][gc,heap     ] GC(203) y:      Used:      240M (24%)         466M (47%)         468M (47%)         338M (34%)    
[2026-04-03T03:19:08.125+0600][67.677s][info][gc,heap     ] GC(203) y:      Live:         -                31M (3%)           11M (1%)            8M (1%)     
[2026-04-03T03:19:08.125+0600][67.677s][info][gc,heap     ] GC(203) y:   Garbage:         -               208M (21%)         202M (20%)           0M (0%)     
[2026-04-03T03:19:08.125+0600][67.677s][info][gc,heap     ] GC(203) y: Allocated:         -               226M (23%)         254M (25%)         329M (33%)    
[2026-04-03T03:19:08.125+0600][67.677s][info][gc,heap     ] GC(203) y: Reclaimed:         -                  -                 6M (1%)          208M (21%)    
[2026-04-03T03:19:08.125+0600][67.677s][info][gc,heap     ] GC(203) y:  Promoted:         -                  -                19M (2%)           23M (2%)     
[2026-04-03T03:19:08.125+0600][67.677s][info][gc,heap     ] GC(203) y: Compacted:         -                  -                  -                 8M (1%)     
[2026-04-03T03:19:08.125+0600][67.677s][info][gc,phases   ] GC(203) y: Young Generation 672M(67%)->802M(80%) 0.368s
[2026-04-03T03:19:08.125+0600][67.677s][info][gc          ] GC(203) Minor Collection (Allocation Rate) 672M(67%)->802M(80%) 0.369s
[2026-04-03T03:19:08.125+0600][67.677s][info][gc          ] GC(204) Minor Collection (Allocation Rate)
[2026-04-03T03:19:08.125+0600][67.677s][info][gc,task     ] GC(204) Using 2 Workers for Young Generation
[2026-04-03T03:19:08.125+0600][67.678s][info][gc,phases   ] GC(204) y: Young Generation
[2026-04-03T03:19:08.126+0600][67.678s][info][gc,phases   ] GC(204) y: Pause Mark Start 0.031ms
[2026-04-03T03:19:08.329+0600][67.881s][info][gc,phases   ] GC(204) y: Concurrent Mark 203.583ms
[2026-04-03T03:19:08.330+0600][67.882s][info][gc,phases   ] GC(204) y: Pause Mark End 0.037ms
[2026-04-03T03:19:08.330+0600][67.882s][info][gc,phases   ] GC(204) y: Concurrent Mark Free 0.003ms
[2026-04-03T03:19:08.330+0600][67.882s][info][gc,phases   ] GC(204) y: Concurrent Reset Relocation Set 0.073ms
[2026-04-03T03:19:08.336+0600][67.889s][info][gc,reloc    ] GC(204) y: Using tenuring threshold: 2 (Computed)
[2026-04-03T03:19:08.339+0600][67.892s][info][gc,phases   ] GC(204) y: Concurrent Select Relocation Set 9.498ms
[2026-04-03T03:19:08.340+0600][67.892s][info][gc,phases   ] GC(204) y: Pause Relocate Start 0.020ms
[2026-04-03T03:19:08.383+0600][67.935s][info][gc,phases   ] GC(204) y: Concurrent Relocate 42.879ms
[2026-04-03T03:19:08.383+0600][67.935s][info][gc,alloc    ] GC(204) y:                         Mark Start        Mark End      Relocate Start    Relocate End   
[2026-04-03T03:19:08.383+0600][67.935s][info][gc,alloc    ] GC(204) y: Allocation Stalls:          0                0                0                0         
[2026-04-03T03:19:08.383+0600][67.935s][info][gc,load     ] GC(204) y: Load: 5.02 (42%) / 5.06 (42%) / 5.50 (46%)
[2026-04-03T03:19:08.383+0600][67.935s][info][gc,mmu      ] GC(204) y: MMU: 2ms/90.1%, 5ms/96.1%, 10ms/98.0%, 20ms/98.5%, 50ms/99.4%, 100ms/99.6%
[2026-04-03T03:19:08.383+0600][67.935s][info][gc,marking  ] GC(204) y: Mark: 2 stripe(s), 2 proactive flush(es), 1 terminate flush(es), 0 completion(s), 0 continuation(s) 
[2026-04-03T03:19:08.383+0600][67.935s][info][gc,marking  ] GC(204) y: Mark Stack Usage: 32M
[2026-04-03T03:19:08.383+0600][67.935s][info][gc,nmethod  ] GC(204) y: NMethods: 7233 registered, 837 unregistered
[2026-04-03T03:19:08.383+0600][67.935s][info][gc,metaspace] GC(204) y: Metaspace: 71M used, 72M committed, 1088M reserved
[2026-04-03T03:19:08.383+0600][67.935s][info][gc,reloc    ] GC(204) y:                        Candidates     Selected     In-Place         Size        Empty    Relocated 
[2026-04-03T03:19:08.383+0600][67.935s][info][gc,reloc    ] GC(204) y: Small Pages:                  169          158            0         338M           0M          12M 
[2026-04-03T03:19:08.383+0600][67.935s][info][gc,reloc    ] GC(204) y: Medium Pages:                   0            0            0           0M           0M           0M 
[2026-04-03T03:19:08.383+0600][67.935s][info][gc,reloc    ] GC(204) y: Large Pages:                    0            0            0           0M           0M           0M 
[2026-04-03T03:19:08.383+0600][67.935s][info][gc,reloc    ] GC(204) y: Forwarding Usage: 11M
[2026-04-03T03:19:08.383+0600][67.935s][info][gc,reloc    ] GC(204) y: Age Table:
[2026-04-03T03:19:08.383+0600][67.935s][info][gc,reloc    ] GC(204) y:                    Live             Garbage             Small              Medium             Large        
[2026-04-03T03:19:08.383+0600][67.935s][info][gc,reloc    ] GC(204) y: Eden              12M (1%)          309M (31%)        161 / 155            0 / 0              0 / 0        
[2026-04-03T03:19:08.383+0600][67.935s][info][gc,reloc    ] GC(204) y: Survivor 1         6M (1%)            9M (1%)           8 / 3              0 / 0              0 / 0        
[2026-04-03T03:19:08.383+0600][67.935s][info][gc,heap     ] GC(204) y: Min Capacity: 8M(1%)
[2026-04-03T03:19:08.383+0600][67.935s][info][gc,heap     ] GC(204) y: Max Capacity: 1000M(100%)
[2026-04-03T03:19:08.383+0600][67.935s][info][gc,heap     ] GC(204) y: Soft Max Capacity: 1000M(100%)
[2026-04-03T03:19:08.383+0600][67.935s][info][gc,heap     ] GC(204) y: Heap Statistics:
[2026-04-03T03:19:08.383+0600][67.935s][info][gc,heap     ] GC(204) y:                Mark Start          Mark End        Relocate Start      Relocate End           High               Low         
[2026-04-03T03:19:08.383+0600][67.935s][info][gc,heap     ] GC(204) y:  Capacity:     1000M (100%)       1000M (100%)       1000M (100%)       1000M (100%)       1000M (100%)       1000M (100%)   
[2026-04-03T03:19:08.383+0600][67.935s][info][gc,heap     ] GC(204) y:      Free:      198M (20%)          36M (4%)           30M (3%)          296M (30%)         298M (30%)          16M (2%)     
[2026-04-03T03:19:08.383+0600][67.935s][info][gc,heap     ] GC(204) y:      Used:      802M (80%)         964M (96%)         970M (97%)         704M (70%)         984M (98%)         702M (70%)    
[2026-04-03T03:19:08.383+0600][67.935s][info][gc,heap     ] GC(204) y: Young Generation Statistics:
[2026-04-03T03:19:08.383+0600][67.935s][info][gc,heap     ] GC(204) y:                Mark Start          Mark End        Relocate Start      Relocate End    
[2026-04-03T03:19:08.383+0600][67.935s][info][gc,heap     ] GC(204) y:      Used:      338M (34%)         500M (50%)         506M (51%)         240M (24%)    
[2026-04-03T03:19:08.383+0600][67.935s][info][gc,heap     ] GC(204) y:      Live:         -                18M (2%)           18M (2%)           18M (2%)     
[2026-04-03T03:19:08.383+0600][67.935s][info][gc,heap     ] GC(204) y:   Garbage:         -               319M (32%)         319M (32%)           0M (0%)     
[2026-04-03T03:19:08.383+0600][67.935s][info][gc,heap     ] GC(204) y: Allocated:         -               162M (16%)         168M (17%)         220M (22%)    
[2026-04-03T03:19:08.383+0600][67.935s][info][gc,heap     ] GC(204) y: Reclaimed:         -                  -                 0M (0%)          318M (32%)    
[2026-04-03T03:19:08.383+0600][67.935s][info][gc,heap     ] GC(204) y:  Promoted:         -                  -                 0M (0%)            0M (0%)     
[2026-04-03T03:19:08.383+0600][67.935s][info][gc,heap     ] GC(204) y: Compacted:         -                  -                  -                13M (1%)     
[2026-04-03T03:19:08.383+0600][67.935s][info][gc,phases   ] GC(204) y: Young Generation 802M(80%)->704M(70%) 0.257s
[2026-04-03T03:19:08.383+0600][67.935s][info][gc          ] GC(204) Minor Collection (Allocation Rate) 802M(80%)->704M(70%) 0.258s
[2026-04-03T03:19:08.383+0600][67.936s][info][gc          ] GC(205) Minor Collection (Allocation Rate)
[2026-04-03T03:19:08.383+0600][67.936s][info][gc,task     ] GC(205) Using 2 Workers for Young Generation
[2026-04-03T03:19:08.383+0600][67.936s][info][gc,phases   ] GC(205) y: Young Generation
[2026-04-03T03:19:08.384+0600][67.936s][info][gc,phases   ] GC(205) y: Pause Mark Start 0.036ms
[2026-04-03T03:19:08.576+0600][68.128s][info][gc,phases   ] GC(201) O: Concurrent Mark 1059.455ms
[2026-04-03T03:19:08.587+0600][68.139s][info][gc,phases   ] GC(201) O: Pause Mark End 0.090ms
[2026-04-03T03:19:08.587+0600][68.139s][info][gc,phases   ] GC(201) O: Concurrent Mark Free 0.004ms
[2026-04-03T03:19:08.624+0600][68.176s][info][gc,phases   ] GC(201) O: Concurrent Process Non-Strong 36.949ms
[2026-04-03T03:19:08.624+0600][68.176s][info][gc,phases   ] GC(201) O: Concurrent Reset Relocation Set 0.006ms
[2026-04-03T03:19:08.642+0600][68.194s][info][gc,phases   ] GC(201) O: Concurrent Select Relocation Set 17.783ms
[2026-04-03T03:19:08.671+0600][68.223s][info][gc,phases   ] GC(205) y: Concurrent Mark 287.019ms
[2026-04-03T03:19:08.671+0600][68.223s][info][gc,phases   ] GC(205) y: Pause Mark End 0.037ms
[2026-04-03T03:19:08.671+0600][68.224s][info][gc,phases   ] GC(205) y: Concurrent Mark Free 0.002ms
[2026-04-03T03:19:08.671+0600][68.224s][info][gc,phases   ] GC(205) y: Concurrent Reset Relocation Set 0.022ms
[2026-04-03T03:19:08.677+0600][68.229s][info][gc,reloc    ] GC(205) y: Using tenuring threshold: 2 (Computed)
[2026-04-03T03:19:08.685+0600][68.237s][info][gc,phases   ] GC(205) y: Concurrent Select Relocation Set 13.763ms
[2026-04-03T03:19:08.686+0600][68.238s][info][gc,phases   ] GC(205) y: Pause Relocate Start 0.033ms
[2026-04-03T03:19:08.726+0600][68.278s][info][gc,phases   ] GC(205) y: Concurrent Relocate 40.565ms
[2026-04-03T03:19:08.726+0600][68.279s][info][gc,alloc    ] GC(205) y:                         Mark Start        Mark End      Relocate Start    Relocate End   
[2026-04-03T03:19:08.726+0600][68.279s][info][gc,alloc    ] GC(205) y: Allocation Stalls:          0                0                0                0         
[2026-04-03T03:19:08.726+0600][68.279s][info][gc,load     ] GC(205) y: Load: 5.02 (42%) / 5.06 (42%) / 5.50 (46%)
[2026-04-03T03:19:08.726+0600][68.279s][info][gc,mmu      ] GC(205) y: MMU: 2ms/90.1%, 5ms/96.1%, 10ms/98.0%, 20ms/98.5%, 50ms/99.4%, 100ms/99.6%
[2026-04-03T03:19:08.726+0600][68.279s][info][gc,marking  ] GC(205) y: Mark: 2 stripe(s), 3 proactive flush(es), 1 terminate flush(es), 0 completion(s), 0 continuation(s) 
[2026-04-03T03:19:08.726+0600][68.279s][info][gc,marking  ] GC(205) y: Mark Stack Usage: 32M
[2026-04-03T03:19:08.726+0600][68.279s][info][gc,nmethod  ] GC(205) y: NMethods: 7233 registered, 837 unregistered
[2026-04-03T03:19:08.726+0600][68.279s][info][gc,metaspace] GC(205) y: Metaspace: 71M used, 72M committed, 1088M reserved
[2026-04-03T03:19:08.726+0600][68.279s][info][gc,reloc    ] GC(205) y:                        Candidates     Selected     In-Place         Size        Empty    Relocated 
[2026-04-03T03:19:08.726+0600][68.279s][info][gc,reloc    ] GC(205) y: Small Pages:                  116          101            0         232M           0M           9M 
[2026-04-03T03:19:08.726+0600][68.279s][info][gc,reloc    ] GC(205) y: Medium Pages:                   0            0            0           0M           0M           0M 
[2026-04-03T03:19:08.726+0600][68.279s][info][gc,reloc    ] GC(205) y: Large Pages:                    1            0            0          10M           0M           0M 
[2026-04-03T03:19:08.726+0600][68.279s][info][gc,reloc    ] GC(205) y: Forwarding Usage: 10M
[2026-04-03T03:19:08.726+0600][68.279s][info][gc,reloc    ] GC(205) y: Age Table:
[2026-04-03T03:19:08.726+0600][68.279s][info][gc,reloc    ] GC(205) y:                    Live             Garbage             Small              Medium             Large        
[2026-04-03T03:19:08.726+0600][68.279s][info][gc,reloc    ] GC(205) y: Eden              18M (2%)          187M (19%)         98 / 93             0 / 0              1 / 0        
[2026-04-03T03:19:08.727+0600][68.279s][info][gc,reloc    ] GC(205) y: Survivor 1        10M (1%)            9M (1%)          10 / 4              0 / 0              0 / 0        
[2026-04-03T03:19:08.727+0600][68.279s][info][gc,reloc    ] GC(205) y: Survivor 2         6M (1%)            9M (1%)           8 / 4              0 / 0              0 / 0        
[2026-04-03T03:19:08.727+0600][68.279s][info][gc,heap     ] GC(205) y: Min Capacity: 8M(1%)
[2026-04-03T03:19:08.727+0600][68.279s][info][gc,heap     ] GC(205) y: Max Capacity: 1000M(100%)
[2026-04-03T03:19:08.727+0600][68.279s][info][gc,heap     ] GC(205) y: Soft Max Capacity: 1000M(100%)
[2026-04-03T03:19:08.727+0600][68.279s][info][gc,heap     ] GC(205) y: Heap Statistics:
[2026-04-03T03:19:08.727+0600][68.279s][info][gc,heap     ] GC(205) y:                Mark Start          Mark End        Relocate Start      Relocate End           High               Low         
[2026-04-03T03:19:08.727+0600][68.279s][info][gc,heap     ] GC(205) y:  Capacity:     1000M (100%)       1000M (100%)       1000M (100%)       1000M (100%)       1000M (100%)       1000M (100%)   
[2026-04-03T03:19:08.727+0600][68.279s][info][gc,heap     ] GC(205) y:      Free:      294M (29%)         154M (15%)         142M (14%)         294M (29%)         304M (30%)          82M (8%)     
[2026-04-03T03:19:08.727+0600][68.279s][info][gc,heap     ] GC(205) y:      Used:      706M (71%)         846M (85%)         858M (86%)         706M (71%)         918M (92%)         696M (70%)    
[2026-04-03T03:19:08.727+0600][68.279s][info][gc,heap     ] GC(205) y: Young Generation Statistics:
[2026-04-03T03:19:08.727+0600][68.279s][info][gc,heap     ] GC(205) y:                Mark Start          Mark End        Relocate Start      Relocate End    
[2026-04-03T03:19:08.727+0600][68.279s][info][gc,heap     ] GC(205) y:      Used:      242M (24%)         506M (51%)         512M (51%)         354M (35%)    
[2026-04-03T03:19:08.727+0600][68.279s][info][gc,heap     ] GC(205) y:      Live:         -                35M (4%)           30M (3%)           29M (3%)     
[2026-04-03T03:19:08.727+0600][68.279s][info][gc,heap     ] GC(205) y:   Garbage:         -               206M (21%)         205M (21%)           0M (0%)     
[2026-04-03T03:19:08.727+0600][68.279s][info][gc,heap     ] GC(205) y: Allocated:         -               264M (26%)         276M (28%)         323M (32%)    
[2026-04-03T03:19:08.727+0600][68.279s][info][gc,heap     ] GC(205) y: Reclaimed:         -                  -                 1M (0%)          205M (21%)    
[2026-04-03T03:19:08.727+0600][68.279s][info][gc,heap     ] GC(205) y:  Promoted:         -                  -                 4M (0%)            6M (1%)     
[2026-04-03T03:19:08.727+0600][68.279s][info][gc,heap     ] GC(205) y: Compacted:         -                  -                  -                10M (1%)     
[2026-04-03T03:19:08.727+0600][68.279s][info][gc,phases   ] GC(205) y: Young Generation 704M(70%)->706M(71%) 0.343s
[2026-04-03T03:19:08.727+0600][68.279s][info][gc          ] GC(205) Minor Collection (Allocation Rate) 704M(70%)->706M(71%) 0.343s
[2026-04-03T03:19:08.727+0600][68.279s][info][gc,task     ] GC(201) O: Using 3 Workers for Old Generation
[2026-04-03T03:19:08.777+0600][68.329s][info][gc,task     ] GC(201) O: Using 1 Workers for Old Generation
[2026-04-03T03:19:08.777+0600][68.329s][info][gc,phases   ] GC(201) O: Concurrent Remap Roots 49.981ms
[2026-04-03T03:19:08.777+0600][68.329s][info][gc,phases   ] GC(201) O: Pause Relocate Start 0.031ms
[2026-04-03T03:19:08.777+0600][68.330s][info][gc          ] GC(206) Minor Collection (Allocation Rate)
[2026-04-03T03:19:08.778+0600][68.330s][info][gc,task     ] GC(206) Using 2 Workers for Young Generation
[2026-04-03T03:19:08.778+0600][68.330s][info][gc,phases   ] GC(206) y: Young Generation
[2026-04-03T03:19:08.778+0600][68.330s][info][gc,phases   ] GC(206) y: Pause Mark Start 0.044ms
[2026-04-03T03:19:08.873+0600][68.425s][info][gc,phases   ] GC(201) O: Concurrent Relocate 95.566ms
[2026-04-03T03:19:08.882+0600][68.435s][info][gc,task     ] Adjusting Workers for Young Generation: 2 -> 3
[2026-04-03T03:19:09.047+0600][68.599s][info][gc,phases   ] GC(206) y: Concurrent Mark 268.276ms
[2026-04-03T03:19:09.047+0600][68.599s][info][gc,phases   ] GC(206) y: Pause Mark End 0.035ms
[2026-04-03T03:19:09.047+0600][68.599s][info][gc,phases   ] GC(206) y: Concurrent Mark Free 0.003ms
[2026-04-03T03:19:09.047+0600][68.599s][info][gc,phases   ] GC(206) y: Concurrent Reset Relocation Set 0.033ms
[2026-04-03T03:19:09.049+0600][68.602s][info][gc,reloc    ] GC(206) y: Using tenuring threshold: 2 (Computed)
[2026-04-03T03:19:09.057+0600][68.610s][info][gc,phases   ] GC(206) y: Concurrent Select Relocation Set 10.391ms
[2026-04-03T03:19:09.058+0600][68.610s][info][gc,phases   ] GC(206) y: Pause Relocate Start 0.033ms
[2026-04-03T03:19:09.096+0600][68.649s][info][gc,phases   ] GC(206) y: Concurrent Relocate 38.566ms
[2026-04-03T03:19:09.097+0600][68.649s][info][gc,alloc    ] GC(206) y:                         Mark Start        Mark End      Relocate Start    Relocate End   
[2026-04-03T03:19:09.097+0600][68.649s][info][gc,alloc    ] GC(206) y: Allocation Stalls:          0                0                0                0         
[2026-04-03T03:19:09.097+0600][68.649s][info][gc,load     ] GC(206) y: Load: 5.02 (42%) / 5.06 (42%) / 5.50 (46%)
[2026-04-03T03:19:09.097+0600][68.649s][info][gc,mmu      ] GC(206) y: MMU: 2ms/90.1%, 5ms/96.1%, 10ms/98.0%, 20ms/98.5%, 50ms/99.4%, 100ms/99.6%
[2026-04-03T03:19:09.097+0600][68.649s][info][gc,marking  ] GC(206) y: Mark: 2 stripe(s), 2 proactive flush(es), 1 terminate flush(es), 0 completion(s), 0 continuation(s) 
[2026-04-03T03:19:09.097+0600][68.649s][info][gc,marking  ] GC(206) y: Mark Stack Usage: 32M
[2026-04-03T03:19:09.097+0600][68.649s][info][gc,nmethod  ] GC(206) y: NMethods: 7233 registered, 837 unregistered
[2026-04-03T03:19:09.097+0600][68.649s][info][gc,metaspace] GC(206) y: Metaspace: 71M used, 72M committed, 1088M reserved
[2026-04-03T03:19:09.097+0600][68.649s][info][gc,reloc    ] GC(206) y:                        Candidates     Selected     In-Place         Size        Empty    Relocated 
[2026-04-03T03:19:09.097+0600][68.649s][info][gc,reloc    ] GC(206) y: Small Pages:                  181          163            0         362M           0M          13M 
[2026-04-03T03:19:09.097+0600][68.649s][info][gc,reloc    ] GC(206) y: Medium Pages:                   0            0            0           0M           0M           0M 
[2026-04-03T03:19:09.097+0600][68.649s][info][gc,reloc    ] GC(206) y: Large Pages:                    2            0            0          28M           0M           0M 
[2026-04-03T03:19:09.097+0600][68.649s][info][gc,reloc    ] GC(206) y: Forwarding Usage: 12M
[2026-04-03T03:19:09.097+0600][68.649s][info][gc,reloc    ] GC(206) y: Age Table:
[2026-04-03T03:19:09.097+0600][68.649s][info][gc,reloc    ] GC(206) y:                    Live             Garbage             Small              Medium             Large        
[2026-04-03T03:19:09.097+0600][68.649s][info][gc,reloc    ] GC(206) y: Eden              30M (3%)          313M (31%)        163 / 155            0 / 0              1 / 0        
[2026-04-03T03:19:09.097+0600][68.649s][info][gc,reloc    ] GC(206) y: Survivor 1        16M (2%)            9M (1%)           8 / 4              0 / 0              1 / 0        
[2026-04-03T03:19:09.097+0600][68.649s][info][gc,reloc    ] GC(206) y: Survivor 2        10M (1%)            9M (1%)          10 / 4              0 / 0              0 / 0        
[2026-04-03T03:19:09.097+0600][68.649s][info][gc,heap     ] GC(206) y: Min Capacity: 8M(1%)
[2026-04-03T03:19:09.097+0600][68.649s][info][gc,heap     ] GC(206) y: Max Capacity: 1000M(100%)
[2026-04-03T03:19:09.097+0600][68.649s][info][gc,heap     ] GC(206) y: Soft Max Capacity: 1000M(100%)
[2026-04-03T03:19:09.097+0600][68.649s][info][gc,heap     ] GC(206) y: Heap Statistics:
[2026-04-03T03:19:09.097+0600][68.649s][info][gc,heap     ] GC(206) y:                Mark Start          Mark End        Relocate Start      Relocate End           High               Low         
[2026-04-03T03:19:09.097+0600][68.649s][info][gc,heap     ] GC(206) y:  Capacity:     1000M (100%)       1000M (100%)       1000M (100%)       1000M (100%)       1000M (100%)       1000M (100%)   
[2026-04-03T03:19:09.097+0600][68.649s][info][gc,heap     ] GC(206) y:      Free:      258M (26%)          58M (6%)           48M (5%)          320M (32%)         328M (33%)          42M (4%)     
[2026-04-03T03:19:09.097+0600][68.649s][info][gc,heap     ] GC(206) y:      Used:      742M (74%)         942M (94%)         952M (95%)         680M (68%)         958M (96%)         672M (67%)    
[2026-04-03T03:19:09.097+0600][68.649s][info][gc,heap     ] GC(206) y: Young Generation Statistics:
[2026-04-03T03:19:09.097+0600][68.649s][info][gc,heap     ] GC(206) y:                Mark Start          Mark End        Relocate Start      Relocate End    
[2026-04-03T03:19:09.097+0600][68.649s][info][gc,heap     ] GC(206) y:      Used:      390M (39%)         630M (63%)         628M (63%)         352M (35%)    
[2026-04-03T03:19:09.097+0600][68.649s][info][gc,heap     ] GC(206) y:      Live:         -                57M (6%)           47M (5%)           47M (5%)     
[2026-04-03T03:19:09.097+0600][68.649s][info][gc,heap     ] GC(206) y:   Garbage:         -               332M (33%)         330M (33%)           1M (0%)     
[2026-04-03T03:19:09.097+0600][68.649s][info][gc,heap     ] GC(206) y: Allocated:         -               240M (24%)         250M (25%)         302M (30%)    
[2026-04-03T03:19:09.097+0600][68.649s][info][gc,heap     ] GC(206) y: Reclaimed:         -                  -                 2M (0%)          330M (33%)    
[2026-04-03T03:19:09.097+0600][68.649s][info][gc,heap     ] GC(206) y:  Promoted:         -                  -                 9M (1%)           10M (1%)     
[2026-04-03T03:19:09.097+0600][68.649s][info][gc,heap     ] GC(206) y: Compacted:         -                  -                  -                13M (1%)     
[2026-04-03T03:19:09.097+0600][68.649s][info][gc,phases   ] GC(206) y: Young Generation 740M(74%)->680M(68%) 0.319s
[2026-04-03T03:19:09.097+0600][68.649s][info][gc          ] GC(206) Minor Collection (Allocation Rate) 740M(74%)->680M(68%) 0.320s
[2026-04-03T03:19:09.097+0600][68.649s][info][gc,alloc    ] GC(201) O:                         Mark Start        Mark End      Relocate Start    Relocate End   
[2026-04-03T03:19:09.097+0600][68.649s][info][gc,alloc    ] GC(201) O: Allocation Stalls:          0                0                0                0         
[2026-04-03T03:19:09.097+0600][68.649s][info][gc,load     ] GC(201) O: Load: 5.02 (42%) / 5.06 (42%) / 5.50 (46%)
[2026-04-03T03:19:09.097+0600][68.649s][info][gc,mmu      ] GC(201) O: MMU: 2ms/90.1%, 5ms/96.1%, 10ms/98.0%, 20ms/98.5%, 50ms/99.4%, 100ms/99.6%
[2026-04-03T03:19:09.097+0600][68.650s][info][gc,marking  ] GC(201) O: Mark: 1 stripe(s), 2 proactive flush(es), 1 terminate flush(es), 0 completion(s), 0 continuation(s) 
[2026-04-03T03:19:09.097+0600][68.650s][info][gc,marking  ] GC(201) O: Mark Stack Usage: 32M
[2026-04-03T03:19:09.097+0600][68.650s][info][gc,nmethod  ] GC(201) O: NMethods: 7233 registered, 837 unregistered
[2026-04-03T03:19:09.097+0600][68.650s][info][gc,metaspace] GC(201) O: Metaspace: 71M used, 72M committed, 1088M reserved
[2026-04-03T03:19:09.097+0600][68.650s][info][gc,ref      ] GC(201) O:                       Encountered   Discovered     Enqueued 
[2026-04-03T03:19:09.097+0600][68.650s][info][gc,ref      ] GC(201) O: Soft References:             5095            0            0 
[2026-04-03T03:19:09.097+0600][68.650s][info][gc,ref      ] GC(201) O: Weak References:             6618         5821            0 
[2026-04-03T03:19:09.097+0600][68.650s][info][gc,ref      ] GC(201) O: Final References:              84           48            0 
[2026-04-03T03:19:09.097+0600][68.650s][info][gc,ref      ] GC(201) O: Phantom References:           614          594            0 
[2026-04-03T03:19:09.097+0600][68.650s][info][gc,reloc    ] GC(201) O:                        Candidates     Selected     In-Place         Size        Empty    Relocated 
[2026-04-03T03:19:09.097+0600][68.650s][info][gc,reloc    ] GC(201) O: Small Pages:                  149           20            0         298M          82M           3M 
[2026-04-03T03:19:09.097+0600][68.650s][info][gc,reloc    ] GC(201) O: Medium Pages:                   1            0            0          16M           0M           0M 
[2026-04-03T03:19:09.097+0600][68.650s][info][gc,reloc    ] GC(201) O: Large Pages:                    6            0            0          46M          42M           0M 
[2026-04-03T03:19:09.097+0600][68.650s][info][gc,reloc    ] GC(201) O: Forwarding Usage: 9M
[2026-04-03T03:19:09.097+0600][68.650s][info][gc,heap     ] GC(201) O: Min Capacity: 8M(1%)
[2026-04-03T03:19:09.097+0600][68.650s][info][gc,heap     ] GC(201) O: Max Capacity: 1000M(100%)
[2026-04-03T03:19:09.097+0600][68.650s][info][gc,heap     ] GC(201) O: Soft Max Capacity: 1000M(100%)
[2026-04-03T03:19:09.097+0600][68.650s][info][gc,heap     ] GC(201) O: Heap Statistics:
[2026-04-03T03:19:09.097+0600][68.650s][info][gc,heap     ] GC(201) O:                Mark Start          Mark End        Relocate Start      Relocate End           High               Low         
[2026-04-03T03:19:09.097+0600][68.650s][info][gc,heap     ] GC(201) O:  Capacity:     1000M (100%)       1000M (100%)       1000M (100%)       1000M (100%)       1000M (100%)       1000M (100%)   
[2026-04-03T03:19:09.098+0600][68.650s][info][gc,heap     ] GC(201) O:      Free:      348M (35%)         126M (13%)         260M (26%)         210M (21%)         348M (35%)          16M (2%)     
[2026-04-03T03:19:09.098+0600][68.650s][info][gc,heap     ] GC(201) O:      Used:      652M (65%)         874M (87%)         740M (74%)         790M (79%)         984M (98%)         652M (65%)    
[2026-04-03T03:19:09.098+0600][68.650s][info][gc,heap     ] GC(201) O: Old Generation Statistics:
[2026-04-03T03:19:09.098+0600][68.650s][info][gc,heap     ] GC(201) O:                Mark Start          Mark End        Relocate Start      Relocate End    
[2026-04-03T03:19:09.098+0600][68.650s][info][gc,heap     ] GC(201) O:      Used:      360M (36%)         464M (46%)         352M (35%)         312M (31%)    
[2026-04-03T03:19:09.098+0600][68.650s][info][gc,heap     ] GC(201) O:      Live:         -               183M (18%)         183M (18%)         183M (18%)    
[2026-04-03T03:19:09.098+0600][68.650s][info][gc,heap     ] GC(201) O:   Garbage:         -               176M (18%)          52M (5%)           10M (1%)     
[2026-04-03T03:19:09.098+0600][68.650s][info][gc,heap     ] GC(201) O: Allocated:         -               104M (10%)         116M (12%)         117M (12%)    
[2026-04-03T03:19:09.098+0600][68.650s][info][gc,heap     ] GC(201) O: Reclaimed:         -                  -               124M (12%)         165M (17%)    
[2026-04-03T03:19:09.098+0600][68.650s][info][gc,heap     ] GC(201) O: Compacted:         -                  -                  -                12M (1%)     
[2026-04-03T03:19:09.098+0600][68.650s][info][gc,phases   ] GC(201) O: Old Generation 774M(77%)->790M(79%) 1.581s
[2026-04-03T03:19:09.098+0600][68.650s][info][gc          ] GC(201) Major Collection (Allocation Rate) 652M(65%)->680M(68%) 1.958s
[2026-04-03T03:19:09.101+0600][68.653s][info][gc          ] GC(207) Major Collection (Allocation Rate)
[2026-04-03T03:19:09.101+0600][68.653s][info][gc,task     ] GC(207) Using 3 Workers for Young Generation
[2026-04-03T03:19:09.101+0600][68.653s][info][gc,task     ] GC(207) Using 1 Workers for Old Generation
[2026-04-03T03:19:09.101+0600][68.653s][info][gc,phases   ] GC(207) Y: Young Generation
[2026-04-03T03:19:09.101+0600][68.654s][info][gc,phases   ] GC(207) Y: Pause Mark Start (Major) 0.026ms
[2026-04-03T03:19:09.361+0600][68.913s][info][gc,phases   ] GC(207) Y: Concurrent Mark 259.727ms
[2026-04-03T03:19:09.361+0600][68.914s][info][gc,phases   ] GC(207) Y: Pause Mark End 0.028ms
[2026-04-03T03:19:09.362+0600][68.914s][info][gc,phases   ] GC(207) Y: Concurrent Mark Free 0.004ms
[2026-04-03T03:19:09.362+0600][68.914s][info][gc,phases   ] GC(207) Y: Concurrent Reset Relocation Set 0.046ms
[2026-04-03T03:19:09.364+0600][68.916s][info][gc,reloc    ] GC(207) Y: Using tenuring threshold: 1 (Computed)
[2026-04-03T03:19:09.414+0600][68.967s][info][gc,phases   ] GC(207) Y: Concurrent Select Relocation Set 52.662ms
[2026-04-03T03:19:09.415+0600][68.967s][info][gc,phases   ] GC(207) Y: Pause Relocate Start 0.022ms
[2026-04-03T03:19:09.509+0600][69.061s][info][gc,phases   ] GC(207) Y: Concurrent Relocate 93.587ms
[2026-04-03T03:19:09.509+0600][69.061s][info][gc,alloc    ] GC(207) Y:                         Mark Start        Mark End      Relocate Start    Relocate End   
[2026-04-03T03:19:09.509+0600][69.061s][info][gc,alloc    ] GC(207) Y: Allocation Stalls:          0                0                0                0         
[2026-04-03T03:19:09.509+0600][69.061s][info][gc,load     ] GC(207) Y: Load: 5.02 (42%) / 5.06 (42%) / 5.50 (46%)
[2026-04-03T03:19:09.509+0600][69.061s][info][gc,mmu      ] GC(207) Y: MMU: 2ms/90.1%, 5ms/96.1%, 10ms/98.0%, 20ms/98.5%, 50ms/99.4%, 100ms/99.6%
[2026-04-03T03:19:09.509+0600][69.061s][info][gc,marking  ] GC(207) Y: Mark: 2 stripe(s), 2 proactive flush(es), 1 terminate flush(es), 0 completion(s), 0 continuation(s) 
[2026-04-03T03:19:09.509+0600][69.061s][info][gc,marking  ] GC(207) Y: Mark Stack Usage: 32M
[2026-04-03T03:19:09.509+0600][69.061s][info][gc,nmethod  ] GC(207) Y: NMethods: 7233 registered, 837 unregistered
[2026-04-03T03:19:09.509+0600][69.061s][info][gc,metaspace] GC(207) Y: Metaspace: 71M used, 72M committed, 1088M reserved
[2026-04-03T03:19:09.509+0600][69.061s][info][gc,reloc    ] GC(207) Y:                        Candidates     Selected     In-Place         Size        Empty    Relocated 
[2026-04-03T03:19:09.509+0600][69.061s][info][gc,reloc    ] GC(207) Y: Small Pages:                  165          148            0         330M           0M          11M 
[2026-04-03T03:19:09.509+0600][69.061s][info][gc,reloc    ] GC(207) Y: Medium Pages:                   0            0            0           0M           0M           0M 
[2026-04-03T03:19:09.509+0600][69.061s][info][gc,reloc    ] GC(207) Y: Large Pages:                    2            0            0          28M           0M           0M 
[2026-04-03T03:19:09.509+0600][69.061s][info][gc,reloc    ] GC(207) Y: Forwarding Usage: 11M
[2026-04-03T03:19:09.509+0600][69.061s][info][gc,reloc    ] GC(207) Y: Age Table:
[2026-04-03T03:19:09.509+0600][69.061s][info][gc,reloc    ] GC(207) Y:                    Live             Garbage             Small              Medium             Large        
[2026-04-03T03:19:09.509+0600][69.061s][info][gc,reloc    ] GC(207) Y: Eden              10M (1%)          281M (28%)        146 / 139            0 / 0              0 / 0        
[2026-04-03T03:19:09.509+0600][69.061s][info][gc,reloc    ] GC(207) Y: Survivor 1        29M (3%)            8M (1%)          10 / 3              0 / 0              1 / 0        
[2026-04-03T03:19:09.509+0600][69.061s][info][gc,reloc    ] GC(207) Y: Survivor 2        16M (2%)           11M (1%)           9 / 6              0 / 0              1 / 0        
[2026-04-03T03:19:09.509+0600][69.061s][info][gc,heap     ] GC(207) Y: Min Capacity: 8M(1%)
[2026-04-03T03:19:09.509+0600][69.061s][info][gc,heap     ] GC(207) Y: Max Capacity: 1000M(100%)
[2026-04-03T03:19:09.509+0600][69.061s][info][gc,heap     ] GC(207) Y: Soft Max Capacity: 1000M(100%)
[2026-04-03T03:19:09.509+0600][69.061s][info][gc,heap     ] GC(207) Y: Heap Statistics:
[2026-04-03T03:19:09.509+0600][69.061s][info][gc,heap     ] GC(207) Y:                Mark Start          Mark End        Relocate Start      Relocate End           High               Low         
[2026-04-03T03:19:09.509+0600][69.061s][info][gc,heap     ] GC(207) Y:  Capacity:     1000M (100%)       1000M (100%)       1000M (100%)       1000M (100%)       1000M (100%)       1000M (100%)   
[2026-04-03T03:19:09.509+0600][69.061s][info][gc,heap     ] GC(207) Y:      Free:      314M (31%)          98M (10%)          50M (5%)          270M (27%)         314M (31%)          36M (4%)     
[2026-04-03T03:19:09.509+0600][69.061s][info][gc,heap     ] GC(207) Y:      Used:      686M (69%)         902M (90%)         950M (95%)         730M (73%)         964M (96%)         686M (69%)    
[2026-04-03T03:19:09.509+0600][69.061s][info][gc,heap     ] GC(207) Y: Young Generation Statistics:
[2026-04-03T03:19:09.509+0600][69.061s][info][gc,heap     ] GC(207) Y:                Mark Start          Mark End        Relocate Start      Relocate End    
[2026-04-03T03:19:09.509+0600][69.061s][info][gc,heap     ] GC(207) Y:      Used:      358M (36%)         574M (57%)         576M (58%)         344M (34%)    
[2026-04-03T03:19:09.509+0600][69.061s][info][gc,heap     ] GC(207) Y:      Live:         -                57M (6%)           13M (1%)           10M (1%)     
[2026-04-03T03:19:09.509+0600][69.061s][info][gc,heap     ] GC(207) Y:   Garbage:         -               300M (30%)         298M (30%)           0M (0%)     
[2026-04-03T03:19:09.509+0600][69.061s][info][gc,heap     ] GC(207) Y: Allocated:         -               216M (22%)         264M (26%)         333M (33%)    
[2026-04-03T03:19:09.509+0600][69.061s][info][gc,heap     ] GC(207) Y: Reclaimed:         -                  -                 2M (0%)          300M (30%)    
[2026-04-03T03:19:09.509+0600][69.061s][info][gc,heap     ] GC(207) Y:  Promoted:         -                  -                43M (4%)           46M (5%)     
[2026-04-03T03:19:09.509+0600][69.061s][info][gc,heap     ] GC(207) Y: Compacted:         -                  -                  -                10M (1%)     
[2026-04-03T03:19:09.509+0600][69.061s][info][gc,phases   ] GC(207) Y: Young Generation 686M(69%)->730M(73%) 0.407s
[2026-04-03T03:19:09.509+0600][69.061s][info][gc,phases   ] GC(207) O: Old Generation
[2026-04-03T03:19:09.510+0600][69.062s][info][gc          ] GC(208) Minor Collection (Allocation Rate)
[2026-04-03T03:19:09.510+0600][69.062s][info][gc,task     ] GC(208) Using 2 Workers for Young Generation
[2026-04-03T03:19:09.510+0600][69.062s][info][gc,phases   ] GC(208) y: Young Generation
[2026-04-03T03:19:09.512+0600][69.064s][info][gc,phases   ] GC(208) y: Pause Mark Start 0.025ms
[2026-04-03T03:19:09.784+0600][69.336s][info][gc,phases   ] GC(208) y: Concurrent Mark 271.580ms
[2026-04-03T03:19:09.784+0600][69.336s][info][gc,phases   ] GC(208) y: Pause Mark End 0.037ms
[2026-04-03T03:19:09.784+0600][69.336s][info][gc,phases   ] GC(208) y: Concurrent Mark Free 0.003ms
[2026-04-03T03:19:09.784+0600][69.336s][info][gc,phases   ] GC(208) y: Concurrent Reset Relocation Set 0.064ms
[2026-04-03T03:19:09.791+0600][69.343s][info][gc,reloc    ] GC(208) y: Using tenuring threshold: 2 (Computed)
[2026-04-03T03:19:09.793+0600][69.346s][info][gc,phases   ] GC(208) y: Concurrent Select Relocation Set 9.179ms
[2026-04-03T03:19:09.794+0600][69.346s][info][gc,phases   ] GC(208) y: Pause Relocate Start 0.026ms
[2026-04-03T03:19:09.832+0600][69.384s][info][gc,phases   ] GC(208) y: Concurrent Relocate 37.643ms
[2026-04-03T03:19:09.832+0600][69.384s][info][gc,alloc    ] GC(208) y:                         Mark Start        Mark End      Relocate Start    Relocate End   
[2026-04-03T03:19:09.832+0600][69.384s][info][gc,alloc    ] GC(208) y: Allocation Stalls:          0                0                0                0         
[2026-04-03T03:19:09.832+0600][69.384s][info][gc,load     ] GC(208) y: Load: 5.02 (42%) / 5.06 (42%) / 5.50 (46%)
[2026-04-03T03:19:09.832+0600][69.384s][info][gc,mmu      ] GC(208) y: MMU: 2ms/90.1%, 5ms/96.1%, 10ms/98.0%, 20ms/98.5%, 50ms/99.4%, 100ms/99.6%
[2026-04-03T03:19:09.832+0600][69.384s][info][gc,marking  ] GC(208) y: Mark: 2 stripe(s), 3 proactive flush(es), 1 terminate flush(es), 0 completion(s), 0 continuation(s) 
[2026-04-03T03:19:09.832+0600][69.384s][info][gc,marking  ] GC(208) y: Mark Stack Usage: 32M
[2026-04-03T03:19:09.832+0600][69.384s][info][gc,nmethod  ] GC(208) y: NMethods: 7247 registered, 837 unregistered
[2026-04-03T03:19:09.832+0600][69.384s][info][gc,metaspace] GC(208) y: Metaspace: 71M used, 72M committed, 1088M reserved
[2026-04-03T03:19:09.832+0600][69.384s][info][gc,reloc    ] GC(208) y:                        Candidates     Selected     In-Place         Size        Empty    Relocated 
[2026-04-03T03:19:09.832+0600][69.384s][info][gc,reloc    ] GC(208) y: Small Pages:                  164          151            0         328M           0M          11M 
[2026-04-03T03:19:09.832+0600][69.384s][info][gc,reloc    ] GC(208) y: Medium Pages:                   1            0            0          16M           0M           0M 
[2026-04-03T03:19:09.832+0600][69.384s][info][gc,reloc    ] GC(208) y: Large Pages:                    1            0            0          18M           0M           0M 
[2026-04-03T03:19:09.832+0600][69.384s][info][gc,reloc    ] GC(208) y: Forwarding Usage: 10M
[2026-04-03T03:19:09.832+0600][69.384s][info][gc,reloc    ] GC(208) y: Age Table:
[2026-04-03T03:19:09.832+0600][69.384s][info][gc,reloc    ] GC(208) y:                    Live             Garbage             Small              Medium             Large        
[2026-04-03T03:19:09.832+0600][69.384s][info][gc,reloc    ] GC(208) y: Eden              30M (3%)          313M (31%)        155 / 148            1 / 0              1 / 0        
[2026-04-03T03:19:09.832+0600][69.384s][info][gc,reloc    ] GC(208) y: Survivor 1         9M (1%)            8M (1%)           9 / 3              0 / 0              0 / 0        
[2026-04-03T03:19:09.832+0600][69.384s][info][gc,heap     ] GC(208) y: Min Capacity: 8M(1%)
[2026-04-03T03:19:09.832+0600][69.384s][info][gc,heap     ] GC(208) y: Max Capacity: 1000M(100%)
[2026-04-03T03:19:09.832+0600][69.384s][info][gc,heap     ] GC(208) y: Soft Max Capacity: 1000M(100%)
[2026-04-03T03:19:09.832+0600][69.384s][info][gc,heap     ] GC(208) y: Heap Statistics:
[2026-04-03T03:19:09.832+0600][69.384s][info][gc,heap     ] GC(208) y:                Mark Start          Mark End        Relocate Start      Relocate End           High               Low         
[2026-04-03T03:19:09.832+0600][69.384s][info][gc,heap     ] GC(208) y:  Capacity:     1000M (100%)       1000M (100%)       1000M (100%)       1000M (100%)       1000M (100%)       1000M (100%)   
[2026-04-03T03:19:09.832+0600][69.384s][info][gc,heap     ] GC(208) y:      Free:      252M (25%)          72M (7%)           66M (7%)          336M (34%)         336M (34%)          58M (6%)     
[2026-04-03T03:19:09.832+0600][69.384s][info][gc,heap     ] GC(208) y:      Used:      748M (75%)         928M (93%)         934M (93%)         664M (66%)         942M (94%)         664M (66%)    
[2026-04-03T03:19:09.832+0600][69.384s][info][gc,heap     ] GC(208) y: Young Generation Statistics:
[2026-04-03T03:19:09.832+0600][69.384s][info][gc,heap     ] GC(208) y:                Mark Start          Mark End        Relocate Start      Relocate End    
[2026-04-03T03:19:09.832+0600][69.384s][info][gc,heap     ] GC(208) y:      Used:      362M (36%)         542M (54%)         548M (55%)         278M (28%)    
[2026-04-03T03:19:09.832+0600][69.384s][info][gc,heap     ] GC(208) y:      Live:         -                39M (4%)           39M (4%)           39M (4%)     
[2026-04-03T03:19:09.832+0600][69.384s][info][gc,heap     ] GC(208) y:   Garbage:         -               322M (32%)         322M (32%)          18M (2%)     
[2026-04-03T03:19:09.832+0600][69.384s][info][gc,heap     ] GC(208) y: Allocated:         -               180M (18%)         186M (19%)         219M (22%)    
[2026-04-03T03:19:09.832+0600][69.384s][info][gc,heap     ] GC(208) y: Reclaimed:         -                  -                 0M (0%)          303M (30%)    
[2026-04-03T03:19:09.832+0600][69.384s][info][gc,heap     ] GC(208) y:  Promoted:         -                  -                 0M (0%)            0M (0%)     
[2026-04-03T03:19:09.832+0600][69.385s][info][gc,heap     ] GC(208) y: Compacted:         -                  -                  -                12M (1%)     
[2026-04-03T03:19:09.832+0600][69.385s][info][gc,phases   ] GC(208) y: Young Generation 748M(75%)->664M(66%) 0.322s
[2026-04-03T03:19:09.832+0600][69.385s][info][gc          ] GC(208) Minor Collection (Allocation Rate) 748M(75%)->666M(67%) 0.323s
[2026-04-03T03:19:09.832+0600][69.385s][info][gc          ] GC(209) Minor Collection (Allocation Rate)
[2026-04-03T03:19:09.833+0600][69.385s][info][gc,task     ] GC(209) Using 2 Workers for Young Generation
[2026-04-03T03:19:09.833+0600][69.385s][info][gc,phases   ] GC(209) y: Young Generation
[2026-04-03T03:19:09.833+0600][69.385s][info][gc,phases   ] GC(209) y: Pause Mark Start 0.035ms
[2026-04-03T03:19:10.166+0600][69.718s][info][gc,phases   ] GC(209) y: Concurrent Mark 332.495ms
[2026-04-03T03:19:10.166+0600][69.718s][info][gc,phases   ] GC(209) y: Pause Mark End 0.040ms
[2026-04-03T03:19:10.166+0600][69.718s][info][gc,phases   ] GC(209) y: Concurrent Mark Free 0.002ms
[2026-04-03T03:19:10.166+0600][69.718s][info][gc,phases   ] GC(209) y: Concurrent Reset Relocation Set 0.035ms
[2026-04-03T03:19:10.173+0600][69.725s][info][gc,reloc    ] GC(209) y: Using tenuring threshold: 2 (Computed)
[2026-04-03T03:19:10.184+0600][69.737s][info][gc,phases   ] GC(209) y: Concurrent Select Relocation Set 18.189ms
[2026-04-03T03:19:10.185+0600][69.737s][info][gc,phases   ] GC(209) y: Pause Relocate Start 0.041ms
[2026-04-03T03:19:10.232+0600][69.784s][info][gc,phases   ] GC(209) y: Concurrent Relocate 46.647ms
[2026-04-03T03:19:10.232+0600][69.784s][info][gc,alloc    ] GC(209) y:                         Mark Start        Mark End      Relocate Start    Relocate End   
[2026-04-03T03:19:10.232+0600][69.784s][info][gc,alloc    ] GC(209) y: Allocation Stalls:          0                0                0                0         
[2026-04-03T03:19:10.232+0600][69.784s][info][gc,load     ] GC(209) y: Load: 5.02 (42%) / 5.06 (42%) / 5.50 (46%)
[2026-04-03T03:19:10.232+0600][69.784s][info][gc,mmu      ] GC(209) y: MMU: 2ms/90.1%, 5ms/96.1%, 10ms/98.0%, 20ms/98.5%, 50ms/99.4%, 100ms/99.6%
[2026-04-03T03:19:10.232+0600][69.784s][info][gc,marking  ] GC(209) y: Mark: 2 stripe(s), 2 proactive flush(es), 1 terminate flush(es), 0 completion(s), 0 continuation(s) 
[2026-04-03T03:19:10.232+0600][69.784s][info][gc,marking  ] GC(209) y: Mark Stack Usage: 32M
[2026-04-03T03:19:10.232+0600][69.784s][info][gc,nmethod  ] GC(209) y: NMethods: 7247 registered, 837 unregistered
[2026-04-03T03:19:10.232+0600][69.784s][info][gc,metaspace] GC(209) y: Metaspace: 71M used, 72M committed, 1088M reserved
[2026-04-03T03:19:10.232+0600][69.784s][info][gc,reloc    ] GC(209) y:                        Candidates     Selected     In-Place         Size        Empty    Relocated 
[2026-04-03T03:19:10.232+0600][69.784s][info][gc,reloc    ] GC(209) y: Small Pages:                  107           92            0         214M           0M           8M 
[2026-04-03T03:19:10.232+0600][69.784s][info][gc,reloc    ] GC(209) y: Medium Pages:                   2            0            0          32M          16M           0M 
[2026-04-03T03:19:10.232+0600][69.784s][info][gc,reloc    ] GC(209) y: Large Pages:                    2            0            0          36M           0M           0M 
[2026-04-03T03:19:10.232+0600][69.784s][info][gc,reloc    ] GC(209) y: Forwarding Usage: 9M
[2026-04-03T03:19:10.232+0600][69.784s][info][gc,reloc    ] GC(209) y: Age Table:
[2026-04-03T03:19:10.232+0600][69.784s][info][gc,reloc    ] GC(209) y:                    Live             Garbage             Small              Medium             Large        
[2026-04-03T03:19:10.232+0600][69.784s][info][gc,reloc    ] GC(209) y: Eden              24M (2%)          187M (19%)         89 / 86             1 / 0              1 / 0        
[2026-04-03T03:19:10.232+0600][69.784s][info][gc,reloc    ] GC(209) y: Survivor 1        29M (3%)           24M (2%)          10 / 4              1 / 0              1 / 0        
[2026-04-03T03:19:10.232+0600][69.784s][info][gc,reloc    ] GC(209) y: Survivor 2         9M (1%)            6M (1%)           8 / 2              0 / 0              0 / 0        
[2026-04-03T03:19:10.232+0600][69.784s][info][gc,heap     ] GC(209) y: Min Capacity: 8M(1%)
[2026-04-03T03:19:10.232+0600][69.784s][info][gc,heap     ] GC(209) y: Max Capacity: 1000M(100%)
[2026-04-03T03:19:10.232+0600][69.784s][info][gc,heap     ] GC(209) y: Soft Max Capacity: 1000M(100%)
[2026-04-03T03:19:10.232+0600][69.784s][info][gc,heap     ] GC(209) y: Heap Statistics:
[2026-04-03T03:19:10.232+0600][69.784s][info][gc,heap     ] GC(209) y:                Mark Start          Mark End        Relocate Start      Relocate End           High               Low         
[2026-04-03T03:19:10.232+0600][69.784s][info][gc,heap     ] GC(209) y:  Capacity:     1000M (100%)       1000M (100%)       1000M (100%)       1000M (100%)       1000M (100%)       1000M (100%)   
[2026-04-03T03:19:10.232+0600][69.784s][info][gc,heap     ] GC(209) y:      Free:      332M (33%)         182M (18%)         198M (20%)         370M (37%)         370M (37%)         182M (18%)    
[2026-04-03T03:19:10.232+0600][69.784s][info][gc,heap     ] GC(209) y:      Used:      668M (67%)         818M (82%)         802M (80%)         630M (63%)         818M (82%)         630M (63%)    
[2026-04-03T03:19:10.232+0600][69.784s][info][gc,heap     ] GC(209) y: Young Generation Statistics:
[2026-04-03T03:19:10.232+0600][69.784s][info][gc,heap     ] GC(209) y:                Mark Start          Mark End        Relocate Start      Relocate End    
[2026-04-03T03:19:10.232+0600][69.784s][info][gc,heap     ] GC(209) y:      Used:      282M (28%)         432M (43%)         408M (41%)         232M (23%)    
[2026-04-03T03:19:10.232+0600][69.784s][info][gc,heap     ] GC(209) y:      Live:         -                63M (6%)           56M (6%)           54M (5%)     
[2026-04-03T03:19:10.232+0600][69.784s][info][gc,heap     ] GC(209) y:   Garbage:         -               218M (22%)         201M (20%)          15M (2%)     
[2026-04-03T03:19:10.232+0600][69.784s][info][gc,heap     ] GC(209) y: Allocated:         -               150M (15%)         150M (15%)         162M (16%)    
[2026-04-03T03:19:10.232+0600][69.785s][info][gc,heap     ] GC(209) y: Reclaimed:         -                  -                17M (2%)          203M (20%)    
[2026-04-03T03:19:10.232+0600][69.785s][info][gc,heap     ] GC(209) y:  Promoted:         -                  -                 6M (1%)            9M (1%)     
[2026-04-03T03:19:10.232+0600][69.785s][info][gc,heap     ] GC(209) y: Compacted:         -                  -                  -                 7M (1%)     
[2026-04-03T03:19:10.232+0600][69.785s][info][gc,phases   ] GC(209) y: Young Generation 666M(67%)->630M(63%) 0.399s
[2026-04-03T03:19:10.232+0600][69.785s][info][gc          ] GC(209) Minor Collection (Allocation Rate) 666M(67%)->630M(63%) 0.400s
[2026-04-03T03:19:10.232+0600][69.785s][info][gc          ] GC(210) Minor Collection (Allocation Rate)
[2026-04-03T03:19:10.233+0600][69.785s][info][gc,task     ] GC(210) Using 2 Workers for Young Generation
[2026-04-03T03:19:10.233+0600][69.785s][info][gc,phases   ] GC(210) y: Young Generation
[2026-04-03T03:19:10.233+0600][69.785s][info][gc,phases   ] GC(210) y: Pause Mark Start 0.047ms
[2026-04-03T03:19:10.550+0600][70.103s][info][gc,phases   ] GC(210) y: Concurrent Mark 317.136ms
[2026-04-03T03:19:10.551+0600][70.103s][info][gc,phases   ] GC(210) y: Pause Mark End 0.037ms
[2026-04-03T03:19:10.551+0600][70.103s][info][gc,phases   ] GC(210) y: Concurrent Mark Free 0.005ms
[2026-04-03T03:19:10.551+0600][70.103s][info][gc,phases   ] GC(210) y: Concurrent Reset Relocation Set 0.043ms
[2026-04-03T03:19:10.555+0600][70.107s][info][gc,reloc    ] GC(210) y: Using tenuring threshold: 2 (Computed)
[2026-04-03T03:19:10.598+0600][70.151s][info][gc,phases   ] GC(210) y: Concurrent Select Relocation Set 47.235ms
[2026-04-03T03:19:10.599+0600][70.151s][info][gc,phases   ] GC(210) y: Pause Relocate Start 0.042ms
[2026-04-03T03:19:10.737+0600][70.290s][info][gc,phases   ] GC(210) y: Concurrent Relocate 138.472ms
[2026-04-03T03:19:10.738+0600][70.290s][info][gc,alloc    ] GC(210) y:                         Mark Start        Mark End      Relocate Start    Relocate End   
[2026-04-03T03:19:10.738+0600][70.290s][info][gc,alloc    ] GC(210) y: Allocation Stalls:          0                0                0                0         
[2026-04-03T03:19:10.738+0600][70.290s][info][gc,load     ] GC(210) y: Load: 5.10 (43%) / 5.07 (42%) / 5.51 (46%)
[2026-04-03T03:19:10.738+0600][70.290s][info][gc,mmu      ] GC(210) y: MMU: 2ms/90.1%, 5ms/96.1%, 10ms/98.0%, 20ms/98.5%, 50ms/99.4%, 100ms/99.6%
[2026-04-03T03:19:10.738+0600][70.290s][info][gc,marking  ] GC(210) y: Mark: 2 stripe(s), 10 proactive flush(es), 1 terminate flush(es), 0 completion(s), 0 continuation(s) 
[2026-04-03T03:19:10.738+0600][70.290s][info][gc,marking  ] GC(210) y: Mark Stack Usage: 32M
[2026-04-03T03:19:10.738+0600][70.290s][info][gc,nmethod  ] GC(210) y: NMethods: 7254 registered, 837 unregistered
[2026-04-03T03:19:10.738+0600][70.290s][info][gc,metaspace] GC(210) y: Metaspace: 71M used, 72M committed, 1088M reserved
[2026-04-03T03:19:10.738+0600][70.290s][info][gc,reloc    ] GC(210) y:                        Candidates     Selected     In-Place         Size        Empty    Relocated 
[2026-04-03T03:19:10.738+0600][70.290s][info][gc,reloc    ] GC(210) y: Small Pages:                   80           68            0         160M           0M           6M 
[2026-04-03T03:19:10.738+0600][70.290s][info][gc,reloc    ] GC(210) y: Medium Pages:                   2            0            0          32M          16M           0M 
[2026-04-03T03:19:10.738+0600][70.290s][info][gc,reloc    ] GC(210) y: Large Pages:                    3            0            0          40M           0M           0M 
[2026-04-03T03:19:10.738+0600][70.290s][info][gc,reloc    ] GC(210) y: Forwarding Usage: 7M
[2026-04-03T03:19:10.738+0600][70.290s][info][gc,reloc    ] GC(210) y: Age Table:
[2026-04-03T03:19:10.738+0600][70.290s][info][gc,reloc    ] GC(210) y:                    Live             Garbage             Small              Medium             Large        
[2026-04-03T03:19:10.738+0600][70.290s][info][gc,reloc    ] GC(210) y: Eden              10M (1%)          139M (14%)         65 / 62             1 / 0              1 / 0        
[2026-04-03T03:19:10.738+0600][70.290s][info][gc,reloc    ] GC(210) y: Survivor 1        23M (2%)           22M (2%)           6 / 3              1 / 0              1 / 0        
[2026-04-03T03:19:10.738+0600][70.290s][info][gc,reloc    ] GC(210) y: Survivor 2        29M (3%)            6M (1%)           9 / 3              0 / 0              1 / 0        
[2026-04-03T03:19:10.738+0600][70.290s][info][gc,heap     ] GC(210) y: Min Capacity: 8M(1%)
[2026-04-03T03:19:10.738+0600][70.290s][info][gc,heap     ] GC(210) y: Max Capacity: 1000M(100%)
[2026-04-03T03:19:10.738+0600][70.290s][info][gc,heap     ] GC(210) y: Soft Max Capacity: 1000M(100%)
[2026-04-03T03:19:10.738+0600][70.290s][info][gc,heap     ] GC(210) y: Heap Statistics:
[2026-04-03T03:19:10.738+0600][70.290s][info][gc,heap     ] GC(210) y:                Mark Start          Mark End        Relocate Start      Relocate End           High               Low         
[2026-04-03T03:19:10.738+0600][70.290s][info][gc,heap     ] GC(210) y:  Capacity:     1000M (100%)       1000M (100%)       1000M (100%)       1000M (100%)       1000M (100%)       1000M (100%)   
[2026-04-03T03:19:10.738+0600][70.290s][info][gc,heap     ] GC(210) y:      Free:      370M (37%)         340M (34%)         356M (36%)         470M (47%)         476M (48%)         340M (34%)    
[2026-04-03T03:19:10.738+0600][70.290s][info][gc,heap     ] GC(210) y:      Used:      630M (63%)         660M (66%)         644M (64%)         530M (53%)         660M (66%)         524M (52%)    
[2026-04-03T03:19:10.738+0600][70.290s][info][gc,heap     ] GC(210) y: Young Generation Statistics:
[2026-04-03T03:19:10.738+0600][70.290s][info][gc,heap     ] GC(210) y:                Mark Start          Mark End        Relocate Start      Relocate End    
[2026-04-03T03:19:10.738+0600][70.290s][info][gc,heap     ] GC(210) y:      Used:      232M (23%)         262M (26%)         218M (22%)         100M (10%)    
[2026-04-03T03:19:10.738+0600][70.290s][info][gc,heap     ] GC(210) y:      Live:         -                63M (6%)           35M (4%)           33M (3%)     
[2026-04-03T03:19:10.738+0600][70.290s][info][gc,heap     ] GC(210) y:   Garbage:         -               168M (17%)         152M (15%)          14M (1%)     
[2026-04-03T03:19:10.738+0600][70.290s][info][gc,heap     ] GC(210) y: Allocated:         -                30M (3%)           30M (3%)           51M (5%)     
[2026-04-03T03:19:10.738+0600][70.290s][info][gc,heap     ] GC(210) y: Reclaimed:         -                  -                16M (2%)          154M (15%)    
[2026-04-03T03:19:10.738+0600][70.290s][info][gc,heap     ] GC(210) y:  Promoted:         -                  -                27M (3%)           29M (3%)     
[2026-04-03T03:19:10.738+0600][70.290s][info][gc,heap     ] GC(210) y: Compacted:         -                  -                  -                 6M (1%)     
[2026-04-03T03:19:10.738+0600][70.290s][info][gc,phases   ] GC(210) y: Young Generation 630M(63%)->530M(53%) 0.505s
[2026-04-03T03:19:10.738+0600][70.290s][info][gc          ] GC(210) Minor Collection (Allocation Rate) 630M(63%)->530M(53%) 0.505s
[2026-04-03T03:19:10.738+0600][70.290s][info][gc          ] GC(211) Minor Collection (Allocation Rate)
[2026-04-03T03:19:10.738+0600][70.291s][info][gc,task     ] GC(211) Using 2 Workers for Young Generation
[2026-04-03T03:19:10.738+0600][70.291s][info][gc,phases   ] GC(211) y: Young Generation
[2026-04-03T03:19:10.739+0600][70.291s][info][gc,phases   ] GC(211) y: Pause Mark Start 0.039ms
[2026-04-03T03:19:10.941+0600][70.493s][info][gc,phases   ] GC(211) y: Concurrent Mark 201.839ms
[2026-04-03T03:19:10.941+0600][70.494s][info][gc,phases   ] GC(211) y: Pause Mark End 0.051ms
[2026-04-03T03:19:10.942+0600][70.494s][info][gc,phases   ] GC(211) y: Concurrent Mark Free 0.003ms
[2026-04-03T03:19:10.942+0600][70.494s][info][gc,phases   ] GC(211) y: Concurrent Reset Relocation Set 0.036ms
[2026-04-03T03:19:10.944+0600][70.496s][info][gc,reloc    ] GC(211) y: Using tenuring threshold: 1 (Computed)
[2026-04-03T03:19:10.980+0600][70.532s][info][gc,phases   ] GC(211) y: Concurrent Select Relocation Set 37.952ms
[2026-04-03T03:19:10.980+0600][70.532s][info][gc,phases   ] GC(211) y: Pause Relocate Start 0.051ms
[2026-04-03T03:19:11.043+0600][70.595s][info][gc,phases   ] GC(211) y: Concurrent Relocate 62.516ms
[2026-04-03T03:19:11.043+0600][70.595s][info][gc,alloc    ] GC(211) y:                         Mark Start        Mark End      Relocate Start    Relocate End   
[2026-04-03T03:19:11.043+0600][70.595s][info][gc,alloc    ] GC(211) y: Allocation Stalls:          0                0                0                0         
[2026-04-03T03:19:11.043+0600][70.595s][info][gc,load     ] GC(211) y: Load: 5.10 (43%) / 5.07 (42%) / 5.51 (46%)
[2026-04-03T03:19:11.043+0600][70.595s][info][gc,mmu      ] GC(211) y: MMU: 2ms/90.1%, 5ms/96.1%, 10ms/98.0%, 20ms/98.5%, 50ms/99.4%, 100ms/99.6%
[2026-04-03T03:19:11.043+0600][70.595s][info][gc,marking  ] GC(211) y: Mark: 2 stripe(s), 2 proactive flush(es), 1 terminate flush(es), 0 completion(s), 0 continuation(s) 
[2026-04-03T03:19:11.043+0600][70.595s][info][gc,marking  ] GC(211) y: Mark Stack Usage: 32M
[2026-04-03T03:19:11.043+0600][70.595s][info][gc,nmethod  ] GC(211) y: NMethods: 7261 registered, 837 unregistered
[2026-04-03T03:19:11.043+0600][70.595s][info][gc,metaspace] GC(211) y: Metaspace: 71M used, 72M committed, 1088M reserved
[2026-04-03T03:19:11.043+0600][70.595s][info][gc,reloc    ] GC(211) y:                        Candidates     Selected     In-Place         Size        Empty    Relocated 
[2026-04-03T03:19:11.043+0600][70.595s][info][gc,reloc    ] GC(211) y: Small Pages:                   17            9            0          34M           4M           1M 
[2026-04-03T03:19:11.043+0600][70.595s][info][gc,reloc    ] GC(211) y: Medium Pages:                   2            0            0          32M          32M           0M 
[2026-04-03T03:19:11.043+0600][70.595s][info][gc,reloc    ] GC(211) y: Large Pages:                    5            0            0          34M           4M           0M 
[2026-04-03T03:19:11.043+0600][70.595s][info][gc,reloc    ] GC(211) y: Forwarding Usage: 1M
[2026-04-03T03:19:11.043+0600][70.595s][info][gc,reloc    ] GC(211) y: Age Table:
[2026-04-03T03:19:11.043+0600][70.595s][info][gc,reloc    ] GC(211) y:                    Live             Garbage             Small              Medium             Large        
[2026-04-03T03:19:11.043+0600][70.595s][info][gc,reloc    ] GC(211) y: Eden              12M (1%)           25M (3%)           5 / 2              1 / 0              3 / 0        
[2026-04-03T03:19:11.043+0600][70.595s][info][gc,reloc    ] GC(211) y: Survivor 1         4M (0%)           27M (3%)           6 / 4              1 / 0              1 / 0        
[2026-04-03T03:19:11.043+0600][70.595s][info][gc,reloc    ] GC(211) y: Survivor 2        23M (2%)            6M (1%)           6 / 3              0 / 0              1 / 0        
[2026-04-03T03:19:11.043+0600][70.595s][info][gc,heap     ] GC(211) y: Min Capacity: 8M(1%)
[2026-04-03T03:19:11.043+0600][70.595s][info][gc,heap     ] GC(211) y: Max Capacity: 1000M(100%)
[2026-04-03T03:19:11.043+0600][70.595s][info][gc,heap     ] GC(211) y: Soft Max Capacity: 1000M(100%)
[2026-04-03T03:19:11.043+0600][70.595s][info][gc,heap     ] GC(211) y: Heap Statistics:
[2026-04-03T03:19:11.043+0600][70.595s][info][gc,heap     ] GC(211) y:                Mark Start          Mark End        Relocate Start      Relocate End           High               Low         
[2026-04-03T03:19:11.043+0600][70.595s][info][gc,heap     ] GC(211) y:  Capacity:     1000M (100%)       1000M (100%)       1000M (100%)       1000M (100%)       1000M (100%)       1000M (100%)   
[2026-04-03T03:19:11.043+0600][70.595s][info][gc,heap     ] GC(211) y:      Free:      470M (47%)         432M (43%)         464M (46%)         474M (47%)         478M (48%)         432M (43%)    
[2026-04-03T03:19:11.043+0600][70.595s][info][gc,heap     ] GC(211) y:      Used:      530M (53%)         568M (57%)         536M (54%)         526M (53%)         568M (57%)         522M (52%)    
[2026-04-03T03:19:11.043+0600][70.595s][info][gc,heap     ] GC(211) y: Young Generation Statistics:
[2026-04-03T03:19:11.043+0600][70.595s][info][gc,heap     ] GC(211) y:                Mark Start          Mark End        Relocate Start      Relocate End    
[2026-04-03T03:19:11.043+0600][70.595s][info][gc,heap     ] GC(211) y:      Used:      100M (10%)         138M (14%)          78M (8%)           64M (6%)     
[2026-04-03T03:19:11.043+0600][70.595s][info][gc,heap     ] GC(211) y:      Live:         -                40M (4%)           13M (1%)           12M (1%)     
[2026-04-03T03:19:11.043+0600][70.595s][info][gc,heap     ] GC(211) y:   Garbage:         -                59M (6%)           18M (2%)            0M (0%)     
[2026-04-03T03:19:11.043+0600][70.595s][info][gc,heap     ] GC(211) y: Allocated:         -                38M (4%)           46M (5%)           51M (5%)     
[2026-04-03T03:19:11.043+0600][70.595s][info][gc,heap     ] GC(211) y: Reclaimed:         -                  -                41M (4%)           59M (6%)     
[2026-04-03T03:19:11.043+0600][70.595s][info][gc,heap     ] GC(211) y:  Promoted:         -                  -                26M (3%)           27M (3%)     
[2026-04-03T03:19:11.043+0600][70.595s][info][gc,heap     ] GC(211) y: Compacted:         -                  -                  -                 0M (0%)     
[2026-04-03T03:19:11.043+0600][70.595s][info][gc,phases   ] GC(211) y: Young Generation 530M(53%)->526M(53%) 0.305s
[2026-04-03T03:19:11.043+0600][70.595s][info][gc          ] GC(211) Minor Collection (Allocation Rate) 530M(53%)->526M(53%) 0.305s
[2026-04-03T03:19:11.043+0600][70.596s][info][gc,task     ] Adjusting Workers for Old Generation: 1 -> 2
[2026-04-03T03:19:11.043+0600][70.596s][info][gc          ] GC(212) Minor Collection (Allocation Rate)
[2026-04-03T03:19:11.044+0600][70.596s][info][gc,task     ] GC(212) Using 1 Workers for Young Generation
[2026-04-03T03:19:11.044+0600][70.596s][info][gc,phases   ] GC(212) y: Young Generation
[2026-04-03T03:19:11.044+0600][70.596s][info][gc,phases   ] GC(212) y: Pause Mark Start 0.024ms
[2026-04-03T03:19:11.125+0600][70.677s][info][gc,phases   ] GC(212) y: Concurrent Mark 80.725ms
[2026-04-03T03:19:11.125+0600][70.677s][info][gc,phases   ] GC(212) y: Pause Mark End 0.054ms
[2026-04-03T03:19:11.125+0600][70.678s][info][gc,phases   ] GC(212) y: Concurrent Mark Free 0.002ms
[2026-04-03T03:19:11.125+0600][70.678s][info][gc,phases   ] GC(212) y: Concurrent Reset Relocation Set 0.021ms
[2026-04-03T03:19:11.131+0600][70.683s][info][gc,reloc    ] GC(212) y: Using tenuring threshold: 2 (Computed)
[2026-04-03T03:19:11.132+0600][70.684s][info][gc,phases   ] GC(212) y: Concurrent Select Relocation Set 6.137ms
[2026-04-03T03:19:11.132+0600][70.684s][info][gc,phases   ] GC(212) y: Pause Relocate Start 0.041ms
[2026-04-03T03:19:11.133+0600][70.686s][info][gc,phases   ] GC(212) y: Concurrent Relocate 1.125ms
[2026-04-03T03:19:11.133+0600][70.686s][info][gc,alloc    ] GC(212) y:                         Mark Start        Mark End      Relocate Start    Relocate End   
[2026-04-03T03:19:11.133+0600][70.686s][info][gc,alloc    ] GC(212) y: Allocation Stalls:          0                0                0                0         
[2026-04-03T03:19:11.133+0600][70.686s][info][gc,load     ] GC(212) y: Load: 5.10 (43%) / 5.07 (42%) / 5.51 (46%)
[2026-04-03T03:19:11.133+0600][70.686s][info][gc,mmu      ] GC(212) y: MMU: 2ms/90.1%, 5ms/96.1%, 10ms/98.0%, 20ms/98.5%, 50ms/99.4%, 100ms/99.6%
[2026-04-03T03:19:11.134+0600][70.686s][info][gc,marking  ] GC(212) y: Mark: 1 stripe(s), 2 proactive flush(es), 1 terminate flush(es), 0 completion(s), 0 continuation(s) 
[2026-04-03T03:19:11.134+0600][70.686s][info][gc,marking  ] GC(212) y: Mark Stack Usage: 32M
[2026-04-03T03:19:11.134+0600][70.686s][info][gc,nmethod  ] GC(212) y: NMethods: 7268 registered, 837 unregistered
[2026-04-03T03:19:11.134+0600][70.686s][info][gc,metaspace] GC(212) y: Metaspace: 71M used, 72M committed, 1088M reserved
[2026-04-03T03:19:11.134+0600][70.686s][info][gc,reloc    ] GC(212) y:                        Candidates     Selected     In-Place         Size        Empty    Relocated 
[2026-04-03T03:19:11.134+0600][70.686s][info][gc,reloc    ] GC(212) y: Small Pages:                   14            9            0          28M           8M           0M 
[2026-04-03T03:19:11.134+0600][70.686s][info][gc,reloc    ] GC(212) y: Medium Pages:                   1            0            0          16M          16M           0M 
[2026-04-03T03:19:11.134+0600][70.686s][info][gc,reloc    ] GC(212) y: Large Pages:                    5            0            0          20M           8M           0M 
[2026-04-03T03:19:11.134+0600][70.686s][info][gc,reloc    ] GC(212) y: Forwarding Usage: 0M
[2026-04-03T03:19:11.134+0600][70.686s][info][gc,reloc    ] GC(212) y: Age Table:
[2026-04-03T03:19:11.134+0600][70.686s][info][gc,reloc    ] GC(212) y:                    Live             Garbage             Small              Medium             Large        
[2026-04-03T03:19:11.134+0600][70.686s][info][gc,reloc    ] GC(212) y: Eden               8M (1%)           41M (4%)          13 / 8              1 / 0              2 / 0        
[2026-04-03T03:19:11.134+0600][70.686s][info][gc,reloc    ] GC(212) y: Survivor 1         4M (0%)            9M (1%)           1 / 1              0 / 0              3 / 0        
[2026-04-03T03:19:11.134+0600][70.686s][info][gc,heap     ] GC(212) y: Min Capacity: 8M(1%)
[2026-04-03T03:19:11.134+0600][70.686s][info][gc,heap     ] GC(212) y: Max Capacity: 1000M(100%)
[2026-04-03T03:19:11.134+0600][70.686s][info][gc,heap     ] GC(212) y: Soft Max Capacity: 1000M(100%)
[2026-04-03T03:19:11.134+0600][70.686s][info][gc,heap     ] GC(212) y: Heap Statistics:
[2026-04-03T03:19:11.134+0600][70.686s][info][gc,heap     ] GC(212) y:                Mark Start          Mark End        Relocate Start      Relocate End           High               Low         
[2026-04-03T03:19:11.134+0600][70.686s][info][gc,heap     ] GC(212) y:  Capacity:     1000M (100%)       1000M (100%)       1000M (100%)       1000M (100%)       1000M (100%)       1000M (100%)   
[2026-04-03T03:19:11.134+0600][70.686s][info][gc,heap     ] GC(212) y:      Free:      474M (47%)         456M (46%)         488M (49%)         502M (50%)         502M (50%)         456M (46%)    
[2026-04-03T03:19:11.134+0600][70.686s][info][gc,heap     ] GC(212) y:      Used:      526M (53%)         544M (54%)         512M (51%)         498M (50%)         544M (54%)         498M (50%)    
[2026-04-03T03:19:11.134+0600][70.686s][info][gc,heap     ] GC(212) y: Young Generation Statistics:
[2026-04-03T03:19:11.134+0600][70.686s][info][gc,heap     ] GC(212) y:                Mark Start          Mark End        Relocate Start      Relocate End    
[2026-04-03T03:19:11.134+0600][70.686s][info][gc,heap     ] GC(212) y:      Used:       64M (6%)           82M (8%)           50M (5%)           36M (4%)     
[2026-04-03T03:19:11.134+0600][70.686s][info][gc,heap     ] GC(212) y:      Live:         -                12M (1%)           12M (1%)           12M (1%)     
[2026-04-03T03:19:11.134+0600][70.686s][info][gc,heap     ] GC(212) y:   Garbage:         -                51M (5%)           19M (2%)            0M (0%)     
[2026-04-03T03:19:11.134+0600][70.686s][info][gc,heap     ] GC(212) y: Allocated:         -                18M (2%)           18M (2%)           23M (2%)     
[2026-04-03T03:19:11.134+0600][70.686s][info][gc,heap     ] GC(212) y: Reclaimed:         -                  -                32M (3%)           51M (5%)     
[2026-04-03T03:19:11.134+0600][70.686s][info][gc,heap     ] GC(212) y:  Promoted:         -                  -                 0M (0%)            0M (0%)     
[2026-04-03T03:19:11.134+0600][70.686s][info][gc,heap     ] GC(212) y: Compacted:         -                  -                  -                 0M (0%)     
[2026-04-03T03:19:11.134+0600][70.686s][info][gc,phases   ] GC(212) y: Young Generation 526M(53%)->498M(50%) 0.090s
[2026-04-03T03:19:11.134+0600][70.686s][info][gc          ] GC(212) Minor Collection (Allocation Rate) 526M(53%)->498M(50%) 0.090s
[2026-04-03T03:19:11.152+0600][70.704s][info][gc,phases   ] GC(207) O: Concurrent Mark 1642.966ms
[2026-04-03T03:19:11.152+0600][70.705s][info][gc,phases   ] GC(207) O: Pause Mark End 0.025ms
[2026-04-03T03:19:11.152+0600][70.705s][info][gc,phases   ] GC(207) O: Concurrent Mark Free 0.001ms
[2026-04-03T03:19:11.153+0600][70.706s][info][gc          ] GC(213) Minor Collection (Allocation Rate)
[2026-04-03T03:19:11.153+0600][70.706s][info][gc,task     ] GC(213) Using 1 Workers for Young Generation
[2026-04-03T03:19:11.153+0600][70.706s][info][gc,phases   ] GC(213) y: Young Generation
[2026-04-03T03:19:11.154+0600][70.706s][info][gc,phases   ] GC(213) y: Pause Mark Start 0.019ms
[2026-04-03T03:19:11.167+0600][70.719s][info][gc,phases   ] GC(207) O: Concurrent Process Non-Strong 14.341ms
[2026-04-03T03:19:11.167+0600][70.719s][info][gc,phases   ] GC(207) O: Concurrent Reset Relocation Set 0.007ms
[2026-04-03T03:19:11.184+0600][70.736s][info][gc,phases   ] GC(207) O: Concurrent Select Relocation Set 16.695ms
[2026-04-03T03:19:11.203+0600][70.755s][info][gc,phases   ] GC(213) y: Concurrent Mark 48.690ms
[2026-04-03T03:19:11.203+0600][70.755s][info][gc,phases   ] GC(213) y: Pause Mark End 0.020ms
[2026-04-03T03:19:11.204+0600][70.756s][info][gc,phases   ] GC(213) y: Concurrent Mark Continue 0.633ms
[2026-04-03T03:19:11.204+0600][70.756s][info][gc,phases   ] GC(213) y: Pause Mark End 0.010ms
[2026-04-03T03:19:11.204+0600][70.756s][info][gc,phases   ] GC(213) y: Concurrent Mark Free 0.001ms
[2026-04-03T03:19:11.204+0600][70.756s][info][gc,phases   ] GC(213) y: Concurrent Reset Relocation Set 0.002ms
[2026-04-03T03:19:11.208+0600][70.760s][info][gc,reloc    ] GC(213) y: Using tenuring threshold: 1 (Computed)
[2026-04-03T03:19:11.214+0600][70.766s][info][gc,phases   ] GC(213) y: Concurrent Select Relocation Set 9.705ms
[2026-04-03T03:19:11.214+0600][70.766s][info][gc,phases   ] GC(213) y: Pause Relocate Start 0.017ms
[2026-04-03T03:19:11.241+0600][70.793s][info][gc,phases   ] GC(213) y: Concurrent Relocate 26.447ms
[2026-04-03T03:19:11.241+0600][70.793s][info][gc,alloc    ] GC(213) y:                         Mark Start        Mark End      Relocate Start    Relocate End   
[2026-04-03T03:19:11.241+0600][70.793s][info][gc,alloc    ] GC(213) y: Allocation Stalls:          0                0                0                0         
[2026-04-03T03:19:11.241+0600][70.793s][info][gc,load     ] GC(213) y: Load: 5.10 (43%) / 5.07 (42%) / 5.51 (46%)
[2026-04-03T03:19:11.241+0600][70.793s][info][gc,mmu      ] GC(213) y: MMU: 2ms/90.1%, 5ms/96.1%, 10ms/98.0%, 20ms/98.5%, 50ms/99.4%, 100ms/99.6%
[2026-04-03T03:19:11.241+0600][70.793s][info][gc,marking  ] GC(213) y: Mark: 1 stripe(s), 3 proactive flush(es), 2 terminate flush(es), 0 completion(s), 1 continuation(s) 
[2026-04-03T03:19:11.241+0600][70.793s][info][gc,marking  ] GC(213) y: Mark Stack Usage: 32M
[2026-04-03T03:19:11.241+0600][70.793s][info][gc,nmethod  ] GC(213) y: NMethods: 7277 registered, 837 unregistered
[2026-04-03T03:19:11.241+0600][70.793s][info][gc,metaspace] GC(213) y: Metaspace: 71M used, 72M committed, 1088M reserved
[2026-04-03T03:19:11.241+0600][70.793s][info][gc,reloc    ] GC(213) y:                        Candidates     Selected     In-Place         Size        Empty    Relocated 
[2026-04-03T03:19:11.241+0600][70.793s][info][gc,reloc    ] GC(213) y: Small Pages:                   14            8            0          28M          10M           0M 
[2026-04-03T03:19:11.241+0600][70.793s][info][gc,reloc    ] GC(213) y: Medium Pages:                   1            0            0          16M           0M           0M 
[2026-04-03T03:19:11.241+0600][70.793s][info][gc,reloc    ] GC(213) y: Large Pages:                    3            0            0          12M           0M           0M 
[2026-04-03T03:19:11.241+0600][70.793s][info][gc,reloc    ] GC(213) y: Forwarding Usage: 0M
[2026-04-03T03:19:11.241+0600][70.793s][info][gc,reloc    ] GC(213) y: Age Table:
[2026-04-03T03:19:11.241+0600][70.793s][info][gc,reloc    ] GC(213) y:                    Live             Garbage             Small              Medium             Large        
[2026-04-03T03:19:11.241+0600][70.793s][info][gc,reloc    ] GC(213) y: Eden               1M (0%)           36M (4%)          11 / 5              1 / 0              0 / 0        
[2026-04-03T03:19:11.241+0600][70.793s][info][gc,reloc    ] GC(213) y: Survivor 1         8M (1%)            3M (0%)           2 / 2              0 / 0              2 / 0        
[2026-04-03T03:19:11.241+0600][70.793s][info][gc,reloc    ] GC(213) y: Survivor 2         4M (0%)            1M (0%)           1 / 1              0 / 0              1 / 0        
[2026-04-03T03:19:11.241+0600][70.793s][info][gc,heap     ] GC(213) y: Min Capacity: 8M(1%)
[2026-04-03T03:19:11.241+0600][70.793s][info][gc,heap     ] GC(213) y: Max Capacity: 1000M(100%)
[2026-04-03T03:19:11.241+0600][70.793s][info][gc,heap     ] GC(213) y: Soft Max Capacity: 1000M(100%)
[2026-04-03T03:19:11.241+0600][70.793s][info][gc,heap     ] GC(213) y: Heap Statistics:
[2026-04-03T03:19:11.241+0600][70.793s][info][gc,heap     ] GC(213) y:                Mark Start          Mark End        Relocate Start      Relocate End           High               Low         
[2026-04-03T03:19:11.241+0600][70.793s][info][gc,heap     ] GC(213) y:  Capacity:     1000M (100%)       1000M (100%)       1000M (100%)       1000M (100%)       1000M (100%)       1000M (100%)   
[2026-04-03T03:19:11.241+0600][70.793s][info][gc,heap     ] GC(213) y:      Free:      482M (48%)         484M (48%)         492M (49%)         502M (50%)         504M (50%)         470M (47%)    
[2026-04-03T03:19:11.241+0600][70.793s][info][gc,heap     ] GC(213) y:      Used:      518M (52%)         516M (52%)         508M (51%)         498M (50%)         530M (53%)         496M (50%)    
[2026-04-03T03:19:11.241+0600][70.793s][info][gc,heap     ] GC(213) y: Young Generation Statistics:
[2026-04-03T03:19:11.241+0600][70.793s][info][gc,heap     ] GC(213) y:                Mark Start          Mark End        Relocate Start      Relocate End    
[2026-04-03T03:19:11.241+0600][70.793s][info][gc,heap     ] GC(213) y:      Used:       56M (6%)           70M (7%)           50M (5%)           38M (4%)     
[2026-04-03T03:19:11.241+0600][70.793s][info][gc,heap     ] GC(213) y:      Live:         -                13M (1%)            1M (0%)            1M (0%)     
[2026-04-03T03:19:11.241+0600][70.793s][info][gc,heap     ] GC(213) y:   Garbage:         -                42M (4%)           32M (3%)           14M (1%)     
[2026-04-03T03:19:11.241+0600][70.793s][info][gc,heap     ] GC(213) y: Allocated:         -                14M (1%)           16M (2%)           21M (2%)     
[2026-04-03T03:19:11.241+0600][70.793s][info][gc,heap     ] GC(213) y: Reclaimed:         -                  -                10M (1%)           27M (3%)     
[2026-04-03T03:19:11.241+0600][70.793s][info][gc,heap     ] GC(213) y:  Promoted:         -                  -                12M (1%)           12M (1%)     
[2026-04-03T03:19:11.241+0600][70.793s][info][gc,heap     ] GC(213) y: Compacted:         -                  -                  -                 0M (0%)     
[2026-04-03T03:19:11.241+0600][70.793s][info][gc,phases   ] GC(213) y: Young Generation 518M(52%)->498M(50%) 0.087s
[2026-04-03T03:19:11.241+0600][70.793s][info][gc          ] GC(213) Minor Collection (Allocation Rate) 518M(52%)->498M(50%) 0.087s
[2026-04-03T03:19:11.241+0600][70.793s][info][gc,task     ] GC(207) O: Using 3 Workers for Old Generation
[2026-04-03T03:19:11.260+0600][70.813s][info][gc,task     ] GC(207) O: Using 2 Workers for Old Generation
[2026-04-03T03:19:11.260+0600][70.813s][info][gc,phases   ] GC(207) O: Concurrent Remap Roots 19.446ms
[2026-04-03T03:19:11.261+0600][70.813s][info][gc,phases   ] GC(207) O: Pause Relocate Start 0.020ms
[2026-04-03T03:19:11.301+0600][70.853s][info][gc          ] GC(214) Minor Collection (Allocation Rate)
[2026-04-03T03:19:11.301+0600][70.853s][info][gc,task     ] GC(214) Using 1 Workers for Young Generation
[2026-04-03T03:19:11.301+0600][70.853s][info][gc,phases   ] GC(214) y: Young Generation
[2026-04-03T03:19:11.306+0600][70.858s][info][gc,phases   ] GC(214) y: Pause Mark Start 0.027ms
[2026-04-03T03:19:11.323+0600][70.875s][info][gc,phases   ] GC(214) y: Concurrent Mark 16.926ms
[2026-04-03T03:19:11.325+0600][70.877s][info][gc,phases   ] GC(214) y: Pause Mark End 0.031ms
[2026-04-03T03:19:11.325+0600][70.878s][info][gc,phases   ] GC(214) y: Concurrent Mark Free 0.005ms
[2026-04-03T03:19:11.325+0600][70.878s][info][gc,phases   ] GC(214) y: Concurrent Reset Relocation Set 0.011ms
[2026-04-03T03:19:11.328+0600][70.881s][info][gc,reloc    ] GC(214) y: Using tenuring threshold: 1 (Computed)
[2026-04-03T03:19:11.329+0600][70.881s][info][gc,phases   ] GC(214) y: Concurrent Select Relocation Set 3.594ms
[2026-04-03T03:19:11.337+0600][70.890s][info][gc,phases   ] GC(214) y: Pause Relocate Start 0.025ms
[2026-04-03T03:19:11.339+0600][70.891s][info][gc,phases   ] GC(214) y: Concurrent Relocate 0.978ms
[2026-04-03T03:19:11.339+0600][70.891s][info][gc,alloc    ] GC(214) y:                         Mark Start        Mark End      Relocate Start    Relocate End   
[2026-04-03T03:19:11.339+0600][70.891s][info][gc,alloc    ] GC(214) y: Allocation Stalls:          0                0                0                0         
[2026-04-03T03:19:11.339+0600][70.891s][info][gc,load     ] GC(214) y: Load: 5.10 (43%) / 5.07 (42%) / 5.51 (46%)
[2026-04-03T03:19:11.339+0600][70.891s][info][gc,mmu      ] GC(214) y: MMU: 2ms/90.1%, 5ms/96.1%, 10ms/98.0%, 20ms/98.5%, 50ms/99.4%, 100ms/99.6%
[2026-04-03T03:19:11.339+0600][70.891s][info][gc,marking  ] GC(214) y: Mark: 1 stripe(s), 2 proactive flush(es), 1 terminate flush(es), 0 completion(s), 0 continuation(s) 
[2026-04-03T03:19:11.339+0600][70.891s][info][gc,marking  ] GC(214) y: Mark Stack Usage: 32M
[2026-04-03T03:19:11.339+0600][70.891s][info][gc,nmethod  ] GC(214) y: NMethods: 7316 registered, 837 unregistered
[2026-04-03T03:19:11.339+0600][70.891s][info][gc,metaspace] GC(214) y: Metaspace: 71M used, 72M committed, 1088M reserved
[2026-04-03T03:19:11.339+0600][70.891s][info][gc,reloc    ] GC(214) y:                        Candidates     Selected     In-Place         Size        Empty    Relocated 
[2026-04-03T03:19:11.339+0600][70.891s][info][gc,reloc    ] GC(214) y: Small Pages:                   15           10            0          30M           8M           0M 
[2026-04-03T03:19:11.339+0600][70.891s][info][gc,reloc    ] GC(214) y: Medium Pages:                   2            0            0          32M          32M           0M 
[2026-04-03T03:19:11.339+0600][70.891s][info][gc,reloc    ] GC(214) y: Large Pages:                    0            0            0           0M           0M           0M 
[2026-04-03T03:19:11.339+0600][70.891s][info][gc,reloc    ] GC(214) y: Forwarding Usage: 0M
[2026-04-03T03:19:11.339+0600][70.891s][info][gc,reloc    ] GC(214) y: Age Table:
[2026-04-03T03:19:11.339+0600][70.891s][info][gc,reloc    ] GC(214) y:                    Live             Garbage             Small              Medium             Large        
[2026-04-03T03:19:11.339+0600][70.891s][info][gc,reloc    ] GC(214) y: Eden               0M (0%)           41M (4%)          13 / 8              1 / 0              0 / 0        
[2026-04-03T03:19:11.339+0600][70.891s][info][gc,reloc    ] GC(214) y: Survivor 1         0M (0%)           19M (2%)           2 / 2              1 / 0              0 / 0        
[2026-04-03T03:19:11.339+0600][70.891s][info][gc,heap     ] GC(214) y: Min Capacity: 8M(1%)
[2026-04-03T03:19:11.339+0600][70.891s][info][gc,heap     ] GC(214) y: Max Capacity: 1000M(100%)
[2026-04-03T03:19:11.339+0600][70.891s][info][gc,heap     ] GC(214) y: Soft Max Capacity: 1000M(100%)
[2026-04-03T03:19:11.339+0600][70.891s][info][gc,heap     ] GC(214) y: Heap Statistics:
[2026-04-03T03:19:11.339+0600][70.891s][info][gc,heap     ] GC(214) y:                Mark Start          Mark End        Relocate Start      Relocate End           High               Low         
[2026-04-03T03:19:11.339+0600][70.891s][info][gc,heap     ] GC(214) y:  Capacity:     1000M (100%)       1000M (100%)       1000M (100%)       1000M (100%)       1000M (100%)       1000M (100%)   
[2026-04-03T03:19:11.339+0600][70.891s][info][gc,heap     ] GC(214) y:      Free:      508M (51%)         486M (49%)         516M (52%)         532M (53%)         532M (53%)         482M (48%)    
[2026-04-03T03:19:11.339+0600][70.891s][info][gc,heap     ] GC(214) y:      Used:      492M (49%)         514M (51%)         484M (48%)         468M (47%)         518M (52%)         468M (47%)    
[2026-04-03T03:19:11.339+0600][70.891s][info][gc,heap     ] GC(214) y: Young Generation Statistics:
[2026-04-03T03:19:11.339+0600][70.891s][info][gc,heap     ] GC(214) y:                Mark Start          Mark End        Relocate Start      Relocate End    
[2026-04-03T03:19:11.339+0600][70.891s][info][gc,heap     ] GC(214) y:      Used:       62M (6%)           86M (9%)           58M (6%)           40M (4%)     
[2026-04-03T03:19:11.339+0600][70.891s][info][gc,heap     ] GC(214) y:      Live:         -                 0M (0%)            0M (0%)            0M (0%)     
[2026-04-03T03:19:11.339+0600][70.891s][info][gc,heap     ] GC(214) y:   Garbage:         -                61M (6%)           21M (2%)            0M (0%)     
[2026-04-03T03:19:11.339+0600][70.891s][info][gc,heap     ] GC(214) y: Allocated:         -                24M (2%)           36M (4%)           39M (4%)     
[2026-04-03T03:19:11.339+0600][70.891s][info][gc,heap     ] GC(214) y: Reclaimed:         -                  -                40M (4%)           61M (6%)     
[2026-04-03T03:19:11.339+0600][70.891s][info][gc,heap     ] GC(214) y:  Promoted:         -                  -                 0M (0%)            0M (0%)     
[2026-04-03T03:19:11.339+0600][70.891s][info][gc,heap     ] GC(214) y: Compacted:         -                  -                  -                 0M (0%)     
[2026-04-03T03:19:11.339+0600][70.891s][info][gc,phases   ] GC(214) y: Young Generation 492M(49%)->468M(47%) 0.038s
[2026-04-03T03:19:11.339+0600][70.891s][info][gc          ] GC(214) Minor Collection (Allocation Rate) 492M(49%)->470M(47%) 0.038s
[2026-04-03T03:19:11.346+0600][70.898s][info][gc          ] GC(215) Minor Collection (Allocation Rate)
[2026-04-03T03:19:11.346+0600][70.898s][info][gc,task     ] GC(215) Using 1 Workers for Young Generation
[2026-04-03T03:19:11.346+0600][70.898s][info][gc,phases   ] GC(215) y: Young Generation
[2026-04-03T03:19:11.352+0600][70.905s][info][gc,phases   ] GC(215) y: Pause Mark Start 0.035ms
[2026-04-03T03:19:11.353+0600][70.906s][info][gc,task     ] Adjusting Workers for Old Generation: 2 -> 1
[2026-04-03T03:19:11.380+0600][70.932s][info][gc,phases   ] GC(215) y: Concurrent Mark 27.210ms
[2026-04-03T03:19:11.388+0600][70.940s][info][gc,phases   ] GC(215) y: Pause Mark End 0.039ms
[2026-04-03T03:19:11.388+0600][70.940s][info][gc,phases   ] GC(215) y: Concurrent Mark Free 0.004ms
[2026-04-03T03:19:11.388+0600][70.941s][info][gc,phases   ] GC(215) y: Concurrent Reset Relocation Set 0.005ms
[2026-04-03T03:19:11.391+0600][70.943s][info][gc,reloc    ] GC(215) y: Using tenuring threshold: 2 (Computed)
[2026-04-03T03:19:11.393+0600][70.945s][info][gc,phases   ] GC(215) y: Concurrent Select Relocation Set 4.882ms
[2026-04-03T03:19:11.395+0600][70.947s][info][gc,phases   ] GC(215) y: Pause Relocate Start 0.026ms
[2026-04-03T03:19:11.395+0600][70.948s][info][gc,phases   ] GC(207) O: Concurrent Relocate 134.596ms
[2026-04-03T03:19:11.401+0600][70.953s][info][gc,phases   ] GC(215) y: Concurrent Relocate 5.571ms
[2026-04-03T03:19:11.401+0600][70.953s][info][gc,alloc    ] GC(215) y:                         Mark Start        Mark End      Relocate Start    Relocate End   
[2026-04-03T03:19:11.401+0600][70.953s][info][gc,alloc    ] GC(215) y: Allocation Stalls:          0                0                0                0         
[2026-04-03T03:19:11.401+0600][70.953s][info][gc,load     ] GC(215) y: Load: 5.10 (43%) / 5.07 (42%) / 5.51 (46%)
[2026-04-03T03:19:11.401+0600][70.953s][info][gc,mmu      ] GC(215) y: MMU: 2ms/90.1%, 5ms/96.1%, 10ms/98.0%, 20ms/98.5%, 50ms/99.4%, 100ms/99.6%
[2026-04-03T03:19:11.401+0600][70.953s][info][gc,marking  ] GC(215) y: Mark: 1 stripe(s), 2 proactive flush(es), 1 terminate flush(es), 0 completion(s), 0 continuation(s) 
[2026-04-03T03:19:11.401+0600][70.953s][info][gc,marking  ] GC(215) y: Mark Stack Usage: 32M
[2026-04-03T03:19:11.401+0600][70.953s][info][gc,nmethod  ] GC(215) y: NMethods: 7316 registered, 837 unregistered
[2026-04-03T03:19:11.401+0600][70.953s][info][gc,metaspace] GC(215) y: Metaspace: 71M used, 72M committed, 1088M reserved
[2026-04-03T03:19:11.401+0600][70.953s][info][gc,reloc    ] GC(215) y:                        Candidates     Selected     In-Place         Size        Empty    Relocated 
[2026-04-03T03:19:11.401+0600][70.953s][info][gc,reloc    ] GC(215) y: Small Pages:                   27           25            0          54M           0M           1M 
[2026-04-03T03:19:11.401+0600][70.953s][info][gc,reloc    ] GC(215) y: Medium Pages:                   1            0            0          16M           0M           0M 
[2026-04-03T03:19:11.401+0600][70.953s][info][gc,reloc    ] GC(215) y: Large Pages:                    1            0            0           6M           6M           0M 
[2026-04-03T03:19:11.401+0600][70.953s][info][gc,reloc    ] GC(215) y: Forwarding Usage: 1M
[2026-04-03T03:19:11.401+0600][70.953s][info][gc,reloc    ] GC(215) y: Age Table:
[2026-04-03T03:19:11.401+0600][70.953s][info][gc,reloc    ] GC(215) y:                    Live             Garbage             Small              Medium             Large        
[2026-04-03T03:19:11.401+0600][70.953s][info][gc,reloc    ] GC(215) y: Eden               3M (0%)           70M (7%)          26 / 24             1 / 0              1 / 0        
[2026-04-03T03:19:11.401+0600][70.953s][info][gc,reloc    ] GC(215) y: Survivor 1         0M (0%)            1M (0%)           1 / 1              0 / 0              0 / 0        
[2026-04-03T03:19:11.401+0600][70.953s][info][gc,heap     ] GC(215) y: Min Capacity: 8M(1%)
[2026-04-03T03:19:11.401+0600][70.953s][info][gc,heap     ] GC(215) y: Max Capacity: 1000M(100%)
[2026-04-03T03:19:11.401+0600][70.953s][info][gc,heap     ] GC(215) y: Soft Max Capacity: 1000M(100%)
[2026-04-03T03:19:11.401+0600][70.953s][info][gc,heap     ] GC(215) y: Heap Statistics:
[2026-04-03T03:19:11.401+0600][70.953s][info][gc,heap     ] GC(215) y:                Mark Start          Mark End        Relocate Start      Relocate End           High               Low         
[2026-04-03T03:19:11.401+0600][70.953s][info][gc,heap     ] GC(215) y:  Capacity:     1000M (100%)       1000M (100%)       1000M (100%)       1000M (100%)       1000M (100%)       1000M (100%)   
[2026-04-03T03:19:11.401+0600][70.953s][info][gc,heap     ] GC(215) y:      Free:      496M (50%)         448M (45%)         448M (45%)         482M (48%)         496M (50%)         440M (44%)    
[2026-04-03T03:19:11.401+0600][70.953s][info][gc,heap     ] GC(215) y:      Used:      504M (50%)         552M (55%)         552M (55%)         518M (52%)         560M (56%)         504M (50%)    
[2026-04-03T03:19:11.401+0600][70.953s][info][gc,heap     ] GC(215) y: Young Generation Statistics:
[2026-04-03T03:19:11.401+0600][70.953s][info][gc,heap     ] GC(215) y:                Mark Start          Mark End        Relocate Start      Relocate End    
[2026-04-03T03:19:11.401+0600][70.953s][info][gc,heap     ] GC(215) y:      Used:       76M (8%)          126M (13%)         126M (13%)          92M (9%)     
[2026-04-03T03:19:11.401+0600][70.953s][info][gc,heap     ] GC(215) y:      Live:         -                 3M (0%)            3M (0%)            3M (0%)     
[2026-04-03T03:19:11.401+0600][70.953s][info][gc,heap     ] GC(215) y:   Garbage:         -                72M (7%)           66M (7%)           16M (2%)     
[2026-04-03T03:19:11.401+0600][70.953s][info][gc,heap     ] GC(215) y: Allocated:         -                50M (5%)           56M (6%)           72M (7%)     
[2026-04-03T03:19:11.401+0600][70.953s][info][gc,heap     ] GC(215) y: Reclaimed:         -                  -                 6M (1%)           56M (6%)     
[2026-04-03T03:19:11.401+0600][70.953s][info][gc,heap     ] GC(215) y:  Promoted:         -                  -                 0M (0%)            0M (0%)     
[2026-04-03T03:19:11.401+0600][70.954s][info][gc,heap     ] GC(215) y: Compacted:         -                  -                  -                 1M (0%)     
[2026-04-03T03:19:11.401+0600][70.954s][info][gc,phases   ] GC(215) y: Young Generation 480M(48%)->518M(52%) 0.055s
[2026-04-03T03:19:11.401+0600][70.954s][info][gc          ] GC(215) Minor Collection (Allocation Rate) 480M(48%)->518M(52%) 0.056s
[2026-04-03T03:19:11.401+0600][70.954s][info][gc,alloc    ] GC(207) O:                         Mark Start        Mark End      Relocate Start    Relocate End   
[2026-04-03T03:19:11.402+0600][70.954s][info][gc,alloc    ] GC(207) O: Allocation Stalls:          0                0                0                0         
[2026-04-03T03:19:11.402+0600][70.954s][info][gc,load     ] GC(207) O: Load: 5.10 (43%) / 5.07 (42%) / 5.51 (46%)
[2026-04-03T03:19:11.402+0600][70.954s][info][gc,mmu      ] GC(207) O: MMU: 2ms/90.1%, 5ms/96.1%, 10ms/98.0%, 20ms/98.5%, 50ms/99.4%, 100ms/99.6%
[2026-04-03T03:19:11.402+0600][70.954s][info][gc,marking  ] GC(207) O: Mark: 1 stripe(s), 2 proactive flush(es), 1 terminate flush(es), 0 completion(s), 0 continuation(s) 
[2026-04-03T03:19:11.402+0600][70.954s][info][gc,marking  ] GC(207) O: Mark Stack Usage: 32M
[2026-04-03T03:19:11.402+0600][70.954s][info][gc,nmethod  ] GC(207) O: NMethods: 7316 registered, 837 unregistered
[2026-04-03T03:19:11.402+0600][70.954s][info][gc,metaspace] GC(207) O: Metaspace: 71M used, 72M committed, 1088M reserved
[2026-04-03T03:19:11.402+0600][70.954s][info][gc,ref      ] GC(207) O:                       Encountered   Discovered     Enqueued 
[2026-04-03T03:19:11.402+0600][70.954s][info][gc,ref      ] GC(207) O: Soft References:             5096            0            0 
[2026-04-03T03:19:11.402+0600][70.954s][info][gc,ref      ] GC(207) O: Weak References:             6873         5881            0 
[2026-04-03T03:19:11.402+0600][70.954s][info][gc,ref      ] GC(207) O: Final References:              84            0            0 
[2026-04-03T03:19:11.402+0600][70.954s][info][gc,ref      ] GC(207) O: Phantom References:           607          217            0 
[2026-04-03T03:19:11.402+0600][70.954s][info][gc,reloc    ] GC(207) O:                        Candidates     Selected     In-Place         Size        Empty    Relocated 
[2026-04-03T03:19:11.402+0600][70.954s][info][gc,reloc    ] GC(207) O: Small Pages:                  138           16            0         276M           0M           9M 
[2026-04-03T03:19:11.402+0600][70.954s][info][gc,reloc    ] GC(207) O: Medium Pages:                   1            0            0          16M           0M           0M 
[2026-04-03T03:19:11.402+0600][70.954s][info][gc,reloc    ] GC(207) O: Large Pages:                    5            0            0          36M          16M           0M 
[2026-04-03T03:19:11.402+0600][70.954s][info][gc,reloc    ] GC(207) O: Forwarding Usage: 32M
[2026-04-03T03:19:11.402+0600][70.954s][info][gc,heap     ] GC(207) O: Min Capacity: 8M(1%)
[2026-04-03T03:19:11.402+0600][70.954s][info][gc,heap     ] GC(207) O: Max Capacity: 1000M(100%)
[2026-04-03T03:19:11.402+0600][70.954s][info][gc,heap     ] GC(207) O: Soft Max Capacity: 1000M(100%)
[2026-04-03T03:19:11.402+0600][70.954s][info][gc,heap     ] GC(207) O: Heap Statistics:
[2026-04-03T03:19:11.402+0600][70.954s][info][gc,heap     ] GC(207) O:                Mark Start          Mark End        Relocate Start      Relocate End           High               Low         
[2026-04-03T03:19:11.402+0600][70.954s][info][gc,heap     ] GC(207) O:  Capacity:     1000M (100%)       1000M (100%)       1000M (100%)       1000M (100%)       1000M (100%)       1000M (100%)   
[2026-04-03T03:19:11.402+0600][70.954s][info][gc,heap     ] GC(207) O:      Free:      314M (31%)         498M (50%)         498M (50%)         444M (44%)         532M (53%)          36M (4%)     
[2026-04-03T03:19:11.402+0600][70.954s][info][gc,heap     ] GC(207) O:      Used:      686M (69%)         502M (50%)         502M (50%)         556M (56%)         964M (96%)         468M (47%)    
[2026-04-03T03:19:11.402+0600][70.954s][info][gc,heap     ] GC(207) O: Old Generation Statistics:
[2026-04-03T03:19:11.402+0600][70.954s][info][gc,heap     ] GC(207) O:                Mark Start          Mark End        Relocate Start      Relocate End    
[2026-04-03T03:19:11.402+0600][70.954s][info][gc,heap     ] GC(207) O:      Used:      328M (33%)         462M (46%)         460M (46%)         426M (43%)    
[2026-04-03T03:19:11.402+0600][70.954s][info][gc,heap     ] GC(207) O:      Live:         -               260M (26%)         260M (26%)         260M (26%)    
[2026-04-03T03:19:11.402+0600][70.954s][info][gc,heap     ] GC(207) O:   Garbage:         -                67M (7%)           51M (5%)           13M (1%)     
[2026-04-03T03:19:11.402+0600][70.954s][info][gc,heap     ] GC(207) O: Allocated:         -               134M (13%)         148M (15%)         152M (15%)    
[2026-04-03T03:19:11.402+0600][70.954s][info][gc,heap     ] GC(207) O: Reclaimed:         -                  -                16M (2%)           54M (5%)     
[2026-04-03T03:19:11.402+0600][70.954s][info][gc,heap     ] GC(207) O: Compacted:         -                  -                  -                43M (4%)     
[2026-04-03T03:19:11.402+0600][70.954s][info][gc,phases   ] GC(207) O: Old Generation 730M(73%)->556M(56%) 1.892s
[2026-04-03T03:19:11.402+0600][70.954s][info][gc          ] GC(207) Major Collection (Allocation Rate) 686M(69%)->518M(52%) 2.301s
[2026-04-03T03:19:11.425+0600][70.977s][info][gc          ] GC(216) Major Collection (Allocation Rate)
[2026-04-03T03:19:11.425+0600][70.977s][info][gc,task     ] GC(216) Using 2 Workers for Young Generation
[2026-04-03T03:19:11.425+0600][70.977s][info][gc,task     ] GC(216) Using 1 Workers for Old Generation
[2026-04-03T03:19:11.425+0600][70.977s][info][gc,phases   ] GC(216) Y: Young Generation
[2026-04-03T03:19:11.425+0600][70.977s][info][gc,phases   ] GC(216) Y: Pause Mark Start (Major) 0.026ms
[2026-04-03T03:19:11.507+0600][71.059s][info][gc,phases   ] GC(216) Y: Concurrent Mark 81.747ms
[2026-04-03T03:19:11.507+0600][71.059s][info][gc,phases   ] GC(216) Y: Pause Mark End 0.034ms
[2026-04-03T03:19:11.507+0600][71.060s][info][gc,phases   ] GC(216) Y: Concurrent Mark Free 0.002ms
[2026-04-03T03:19:11.507+0600][71.060s][info][gc,phases   ] GC(216) Y: Concurrent Reset Relocation Set 0.007ms
[2026-04-03T03:19:11.513+0600][71.065s][info][gc,reloc    ] GC(216) Y: Using tenuring threshold: 3 (Computed)
[2026-04-03T03:19:11.521+0600][71.073s][info][gc,phases   ] GC(216) Y: Concurrent Select Relocation Set 13.478ms
[2026-04-03T03:19:11.521+0600][71.073s][info][gc,phases   ] GC(216) Y: Pause Relocate Start 0.031ms
[2026-04-03T03:19:11.549+0600][71.101s][info][gc,phases   ] GC(216) Y: Concurrent Relocate 27.279ms
[2026-04-03T03:19:11.549+0600][71.101s][info][gc,alloc    ] GC(216) Y:                         Mark Start        Mark End      Relocate Start    Relocate End   
[2026-04-03T03:19:11.549+0600][71.101s][info][gc,alloc    ] GC(216) Y: Allocation Stalls:          0                0                0                0         
[2026-04-03T03:19:11.549+0600][71.101s][info][gc,load     ] GC(216) Y: Load: 5.10 (43%) / 5.07 (42%) / 5.51 (46%)
[2026-04-03T03:19:11.549+0600][71.101s][info][gc,mmu      ] GC(216) Y: MMU: 2ms/90.1%, 5ms/96.1%, 10ms/98.0%, 20ms/98.5%, 50ms/99.4%, 100ms/99.6%
[2026-04-03T03:19:11.549+0600][71.101s][info][gc,marking  ] GC(216) Y: Mark: 2 stripe(s), 10 proactive flush(es), 1 terminate flush(es), 0 completion(s), 0 continuation(s) 
[2026-04-03T03:19:11.549+0600][71.101s][info][gc,marking  ] GC(216) Y: Mark Stack Usage: 32M
[2026-04-03T03:19:11.549+0600][71.101s][info][gc,nmethod  ] GC(216) Y: NMethods: 7317 registered, 837 unregistered
[2026-04-03T03:19:11.549+0600][71.101s][info][gc,metaspace] GC(216) Y: Metaspace: 71M used, 72M committed, 1088M reserved
[2026-04-03T03:19:11.549+0600][71.101s][info][gc,reloc    ] GC(216) Y:                        Candidates     Selected     In-Place         Size        Empty    Relocated 
[2026-04-03T03:19:11.549+0600][71.101s][info][gc,reloc    ] GC(216) Y: Small Pages:                   28           21            0          56M           0M           6M 
[2026-04-03T03:19:11.549+0600][71.101s][info][gc,reloc    ] GC(216) Y: Medium Pages:                   2            0            0          32M          32M           0M 
[2026-04-03T03:19:11.549+0600][71.101s][info][gc,reloc    ] GC(216) Y: Large Pages:                    4            0            0          18M           0M           0M 
[2026-04-03T03:19:11.549+0600][71.101s][info][gc,reloc    ] GC(216) Y: Forwarding Usage: 10M
[2026-04-03T03:19:11.549+0600][71.101s][info][gc,reloc    ] GC(216) Y: Age Table:
[2026-04-03T03:19:11.549+0600][71.101s][info][gc,reloc    ] GC(216) Y:                    Live             Garbage             Small              Medium             Large        
[2026-04-03T03:19:11.549+0600][71.101s][info][gc,reloc    ] GC(216) Y: Eden              27M (3%)           50M (5%)          22 / 17             1 / 0              4 / 0        
[2026-04-03T03:19:11.549+0600][71.101s][info][gc,reloc    ] GC(216) Y: Survivor 1         1M (0%)           24M (2%)           5 / 3              1 / 0              0 / 0        
[2026-04-03T03:19:11.549+0600][71.101s][info][gc,reloc    ] GC(216) Y: Survivor 2         0M (0%)            1M (0%)           1 / 1              0 / 0              0 / 0        
[2026-04-03T03:19:11.549+0600][71.101s][info][gc,heap     ] GC(216) Y: Min Capacity: 8M(1%)
[2026-04-03T03:19:11.549+0600][71.101s][info][gc,heap     ] GC(216) Y: Max Capacity: 1000M(100%)
[2026-04-03T03:19:11.549+0600][71.101s][info][gc,heap     ] GC(216) Y: Soft Max Capacity: 1000M(100%)
[2026-04-03T03:19:11.549+0600][71.101s][info][gc,heap     ] GC(216) Y: Heap Statistics:
[2026-04-03T03:19:11.549+0600][71.101s][info][gc,heap     ] GC(216) Y:                Mark Start          Mark End        Relocate Start      Relocate End           High               Low         
[2026-04-03T03:19:11.549+0600][71.102s][info][gc,heap     ] GC(216) Y:  Capacity:     1000M (100%)       1000M (100%)       1000M (100%)       1000M (100%)       1000M (100%)       1000M (100%)   
[2026-04-03T03:19:11.549+0600][71.102s][info][gc,heap     ] GC(216) Y:      Free:      468M (47%)         424M (42%)         450M (45%)         470M (47%)         470M (47%)         420M (42%)    
[2026-04-03T03:19:11.549+0600][71.102s][info][gc,heap     ] GC(216) Y:      Used:      532M (53%)         576M (58%)         550M (55%)         530M (53%)         580M (58%)         530M (53%)    
[2026-04-03T03:19:11.549+0600][71.102s][info][gc,heap     ] GC(216) Y: Young Generation Statistics:
[2026-04-03T03:19:11.549+0600][71.102s][info][gc,heap     ] GC(216) Y:                Mark Start          Mark End        Relocate Start      Relocate End    
[2026-04-03T03:19:11.549+0600][71.102s][info][gc,heap     ] GC(216) Y:      Used:      106M (11%)         150M (15%)         124M (12%)         104M (10%)    
[2026-04-03T03:19:11.549+0600][71.102s][info][gc,heap     ] GC(216) Y:      Live:         -                28M (3%)           28M (3%)           28M (3%)     
[2026-04-03T03:19:11.549+0600][71.102s][info][gc,heap     ] GC(216) Y:   Garbage:         -                77M (8%)           45M (5%)            1M (0%)     
[2026-04-03T03:19:11.549+0600][71.102s][info][gc,heap     ] GC(216) Y: Allocated:         -                44M (4%)           50M (5%)           73M (7%)     
[2026-04-03T03:19:11.549+0600][71.102s][info][gc,heap     ] GC(216) Y: Reclaimed:         -                  -                32M (3%)           75M (8%)     
[2026-04-03T03:19:11.549+0600][71.102s][info][gc,heap     ] GC(216) Y:  Promoted:         -                  -                 0M (0%)            0M (0%)     
[2026-04-03T03:19:11.549+0600][71.102s][info][gc,heap     ] GC(216) Y: Compacted:         -                  -                  -                 8M (1%)     
[2026-04-03T03:19:11.549+0600][71.102s][info][gc,phases   ] GC(216) Y: Young Generation 532M(53%)->530M(53%) 0.124s
[2026-04-03T03:19:11.549+0600][71.102s][info][gc,phases   ] GC(216) O: Old Generation
[2026-04-03T03:19:11.556+0600][71.108s][info][gc          ] GC(217) Minor Collection (Allocation Rate)
[2026-04-03T03:19:11.556+0600][71.108s][info][gc,task     ] GC(217) Using 2 Workers for Young Generation
[2026-04-03T03:19:11.556+0600][71.108s][info][gc,phases   ] GC(217) y: Young Generation
[2026-04-03T03:19:11.556+0600][71.108s][info][gc,phases   ] GC(217) y: Pause Mark Start 0.038ms
[2026-04-03T03:19:11.738+0600][71.290s][info][gc,phases   ] GC(217) y: Concurrent Mark 181.641ms
[2026-04-03T03:19:11.738+0600][71.291s][info][gc,phases   ] GC(217) y: Pause Mark End 0.035ms
[2026-04-03T03:19:11.739+0600][71.291s][info][gc,phases   ] GC(217) y: Concurrent Mark Free 0.004ms
[2026-04-03T03:19:11.739+0600][71.291s][info][gc,phases   ] GC(217) y: Concurrent Reset Relocation Set 0.014ms
[2026-04-03T03:19:11.743+0600][71.295s][info][gc,reloc    ] GC(217) y: Using tenuring threshold: 4 (Computed)
[2026-04-03T03:19:11.752+0600][71.304s][info][gc,phases   ] GC(217) y: Concurrent Select Relocation Set 12.931ms
[2026-04-03T03:19:11.752+0600][71.304s][info][gc,phases   ] GC(217) y: Pause Relocate Start 0.029ms
[2026-04-03T03:19:11.814+0600][71.366s][info][gc,phases   ] GC(217) y: Concurrent Relocate 62.042ms
[2026-04-03T03:19:11.814+0600][71.367s][info][gc,alloc    ] GC(217) y:                         Mark Start        Mark End      Relocate Start    Relocate End   
[2026-04-03T03:19:11.814+0600][71.367s][info][gc,alloc    ] GC(217) y: Allocation Stalls:          0                0                0                0         
[2026-04-03T03:19:11.814+0600][71.367s][info][gc,load     ] GC(217) y: Load: 5.10 (43%) / 5.07 (42%) / 5.51 (46%)
[2026-04-03T03:19:11.814+0600][71.367s][info][gc,mmu      ] GC(217) y: MMU: 2ms/90.1%, 5ms/96.1%, 10ms/98.0%, 20ms/98.5%, 50ms/99.4%, 100ms/99.6%
[2026-04-03T03:19:11.814+0600][71.367s][info][gc,marking  ] GC(217) y: Mark: 2 stripe(s), 10 proactive flush(es), 1 terminate flush(es), 0 completion(s), 0 continuation(s) 
[2026-04-03T03:19:11.814+0600][71.367s][info][gc,marking  ] GC(217) y: Mark Stack Usage: 32M
[2026-04-03T03:19:11.814+0600][71.367s][info][gc,nmethod  ] GC(217) y: NMethods: 7318 registered, 837 unregistered
[2026-04-03T03:19:11.814+0600][71.367s][info][gc,metaspace] GC(217) y: Metaspace: 71M used, 72M committed, 1088M reserved
[2026-04-03T03:19:11.814+0600][71.367s][info][gc,reloc    ] GC(217) y:                        Candidates     Selected     In-Place         Size        Empty    Relocated 
[2026-04-03T03:19:11.815+0600][71.367s][info][gc,reloc    ] GC(217) y: Small Pages:                   40           28            0          80M           0M          10M 
[2026-04-03T03:19:11.815+0600][71.367s][info][gc,reloc    ] GC(217) y: Medium Pages:                   0            0            0           0M           0M           0M 
[2026-04-03T03:19:11.815+0600][71.367s][info][gc,reloc    ] GC(217) y: Large Pages:                    6            0            0          30M          12M           0M 
[2026-04-03T03:19:11.815+0600][71.367s][info][gc,reloc    ] GC(217) y: Forwarding Usage: 18M
[2026-04-03T03:19:11.815+0600][71.367s][info][gc,reloc    ] GC(217) y: Age Table:
[2026-04-03T03:19:11.815+0600][71.367s][info][gc,reloc    ] GC(217) y:                    Live             Garbage             Small              Medium             Large        
[2026-04-03T03:19:11.815+0600][71.367s][info][gc,reloc    ] GC(217) y: Eden              24M (2%)           37M (4%)          25 / 17             0 / 0              2 / 0        
[2026-04-03T03:19:11.815+0600][71.367s][info][gc,reloc    ] GC(217) y: Survivor 1        11M (1%)           22M (2%)           8 / 5              0 / 0              4 / 0        
[2026-04-03T03:19:11.815+0600][71.367s][info][gc,reloc    ] GC(217) y: Survivor 2         1M (0%)           10M (1%)           6 / 5              0 / 0              0 / 0        
[2026-04-03T03:19:11.815+0600][71.367s][info][gc,reloc    ] GC(217) y: Survivor 3         0M (0%)            1M (0%)           1 / 1              0 / 0              0 / 0        
[2026-04-03T03:19:11.815+0600][71.367s][info][gc,heap     ] GC(217) y: Min Capacity: 8M(1%)
[2026-04-03T03:19:11.815+0600][71.367s][info][gc,heap     ] GC(217) y: Max Capacity: 1000M(100%)
[2026-04-03T03:19:11.815+0600][71.367s][info][gc,heap     ] GC(217) y: Soft Max Capacity: 1000M(100%)
[2026-04-03T03:19:11.815+0600][71.367s][info][gc,heap     ] GC(217) y: Heap Statistics:
[2026-04-03T03:19:11.815+0600][71.367s][info][gc,heap     ] GC(217) y:                Mark Start          Mark End        Relocate Start      Relocate End           High               Low         
[2026-04-03T03:19:11.815+0600][71.367s][info][gc,heap     ] GC(217) y:  Capacity:     1000M (100%)       1000M (100%)       1000M (100%)       1000M (100%)       1000M (100%)       1000M (100%)   
[2026-04-03T03:19:11.815+0600][71.367s][info][gc,heap     ] GC(217) y:      Free:      464M (46%)         382M (38%)         392M (39%)         392M (39%)         464M (46%)         372M (37%)    
[2026-04-03T03:19:11.815+0600][71.367s][info][gc,heap     ] GC(217) y:      Used:      536M (54%)         618M (62%)         608M (61%)         608M (61%)         628M (63%)         536M (54%)    
[2026-04-03T03:19:11.815+0600][71.367s][info][gc,heap     ] GC(217) y: Young Generation Statistics:
[2026-04-03T03:19:11.815+0600][71.367s][info][gc,heap     ] GC(217) y:                Mark Start          Mark End        Relocate Start      Relocate End    
[2026-04-03T03:19:11.815+0600][71.367s][info][gc,heap     ] GC(217) y:      Used:      110M (11%)         192M (19%)         182M (18%)         182M (18%)    
[2026-04-03T03:19:11.815+0600][71.367s][info][gc,heap     ] GC(217) y:      Live:         -                37M (4%)           37M (4%)           37M (4%)     
[2026-04-03T03:19:11.815+0600][71.367s][info][gc,heap     ] GC(217) y:   Garbage:         -                72M (7%)           60M (6%)            1M (0%)     
[2026-04-03T03:19:11.815+0600][71.367s][info][gc,heap     ] GC(217) y: Allocated:         -                82M (8%)           84M (8%)          142M (14%)    
[2026-04-03T03:19:11.815+0600][71.367s][info][gc,heap     ] GC(217) y: Reclaimed:         -                  -                12M (1%)           70M (7%)     
[2026-04-03T03:19:11.815+0600][71.367s][info][gc,heap     ] GC(217) y:  Promoted:         -                  -                 0M (0%)            0M (0%)     
[2026-04-03T03:19:11.815+0600][71.367s][info][gc,heap     ] GC(217) y: Compacted:         -                  -                  -                17M (2%)     
[2026-04-03T03:19:11.815+0600][71.367s][info][gc,phases   ] GC(217) y: Young Generation 536M(54%)->608M(61%) 0.258s
[2026-04-03T03:19:11.815+0600][71.367s][info][gc          ] GC(217) Minor Collection (Allocation Rate) 536M(54%)->610M(61%) 0.259s
[2026-04-03T03:19:11.815+0600][71.367s][info][gc          ] GC(218) Minor Collection (Allocation Rate)
[2026-04-03T03:19:11.815+0600][71.367s][info][gc,task     ] GC(218) Using 2 Workers for Young Generation
[2026-04-03T03:19:11.815+0600][71.367s][info][gc,phases   ] GC(218) y: Young Generation
[2026-04-03T03:19:11.816+0600][71.368s][info][gc,phases   ] GC(218) y: Pause Mark Start 0.029ms
[2026-04-03T03:19:12.150+0600][71.703s][info][gc,phases   ] GC(218) y: Concurrent Mark 334.618ms
[2026-04-03T03:19:12.151+0600][71.703s][info][gc,phases   ] GC(218) y: Pause Mark End 0.038ms
[2026-04-03T03:19:12.151+0600][71.703s][info][gc,phases   ] GC(218) y: Concurrent Mark Free 0.003ms
[2026-04-03T03:19:12.151+0600][71.703s][info][gc,phases   ] GC(218) y: Concurrent Reset Relocation Set 0.014ms
[2026-04-03T03:19:12.157+0600][71.710s][info][gc,reloc    ] GC(218) y: Using tenuring threshold: 4 (Computed)
[2026-04-03T03:19:12.165+0600][71.717s][info][gc,phases   ] GC(218) y: Concurrent Select Relocation Set 14.325ms
[2026-04-03T03:19:12.166+0600][71.718s][info][gc,phases   ] GC(218) y: Pause Relocate Start 0.034ms
[2026-04-03T03:19:12.235+0600][71.787s][info][gc,phases   ] GC(218) y: Concurrent Relocate 68.939ms
[2026-04-03T03:19:12.235+0600][71.787s][info][gc,alloc    ] GC(218) y:                         Mark Start        Mark End      Relocate Start    Relocate End   
[2026-04-03T03:19:12.235+0600][71.787s][info][gc,alloc    ] GC(218) y: Allocation Stalls:          0                0                0                0         
[2026-04-03T03:19:12.235+0600][71.787s][info][gc,load     ] GC(218) y: Load: 5.10 (43%) / 5.07 (42%) / 5.51 (46%)
[2026-04-03T03:19:12.235+0600][71.787s][info][gc,mmu      ] GC(218) y: MMU: 2ms/90.1%, 5ms/96.1%, 10ms/98.0%, 20ms/98.5%, 50ms/99.4%, 100ms/99.6%
[2026-04-03T03:19:12.235+0600][71.787s][info][gc,marking  ] GC(218) y: Mark: 2 stripe(s), 2 proactive flush(es), 1 terminate flush(es), 0 completion(s), 0 continuation(s) 
[2026-04-03T03:19:12.235+0600][71.787s][info][gc,marking  ] GC(218) y: Mark Stack Usage: 32M
[2026-04-03T03:19:12.235+0600][71.787s][info][gc,nmethod  ] GC(218) y: NMethods: 7319 registered, 837 unregistered
[2026-04-03T03:19:12.235+0600][71.787s][info][gc,metaspace] GC(218) y: Metaspace: 71M used, 72M committed, 1088M reserved
[2026-04-03T03:19:12.235+0600][71.787s][info][gc,reloc    ] GC(218) y:                        Candidates     Selected     In-Place         Size        Empty    Relocated 
[2026-04-03T03:19:12.235+0600][71.787s][info][gc,reloc    ] GC(218) y: Small Pages:                   68           53            0         136M           0M          15M 
[2026-04-03T03:19:12.235+0600][71.787s][info][gc,reloc    ] GC(218) y: Medium Pages:                   0            0            0           0M           0M           0M 
[2026-04-03T03:19:12.235+0600][71.787s][info][gc,reloc    ] GC(218) y: Large Pages:                    6            0            0          48M          18M           0M 
[2026-04-03T03:19:12.235+0600][71.787s][info][gc,reloc    ] GC(218) y: Forwarding Usage: 23M
[2026-04-03T03:19:12.235+0600][71.787s][info][gc,reloc    ] GC(218) y: Age Table:
[2026-04-03T03:19:12.235+0600][71.787s][info][gc,reloc    ] GC(218) y:                    Live             Garbage             Small              Medium             Large        
[2026-04-03T03:19:12.235+0600][71.787s][info][gc,reloc    ] GC(218) y: Eden              43M (4%)           76M (8%)          45 / 37             0 / 0              3 / 0        
[2026-04-03T03:19:12.235+0600][71.787s][info][gc,reloc    ] GC(218) y: Survivor 1         6M (1%)           23M (2%)           9 / 5              0 / 0              2 / 0        
[2026-04-03T03:19:12.235+0600][71.787s][info][gc,reloc    ] GC(218) y: Survivor 2         4M (0%)           17M (2%)           8 / 6              0 / 0              1 / 0        
[2026-04-03T03:19:12.235+0600][71.787s][info][gc,reloc    ] GC(218) y: Survivor 3         1M (0%)            8M (1%)           5 / 4              0 / 0              0 / 0        
[2026-04-03T03:19:12.235+0600][71.787s][info][gc,reloc    ] GC(218) y: Survivor 4         0M (0%)            1M (0%)           1 / 1              0 / 0              0 / 0        
[2026-04-03T03:19:12.235+0600][71.787s][info][gc,heap     ] GC(218) y: Min Capacity: 8M(1%)
[2026-04-03T03:19:12.235+0600][71.787s][info][gc,heap     ] GC(218) y: Max Capacity: 1000M(100%)
[2026-04-03T03:19:12.235+0600][71.787s][info][gc,heap     ] GC(218) y: Soft Max Capacity: 1000M(100%)
[2026-04-03T03:19:12.235+0600][71.787s][info][gc,heap     ] GC(218) y: Heap Statistics:
[2026-04-03T03:19:12.235+0600][71.787s][info][gc,heap     ] GC(218) y:                Mark Start          Mark End        Relocate Start      Relocate End           High               Low         
[2026-04-03T03:19:12.235+0600][71.787s][info][gc,heap     ] GC(218) y:  Capacity:     1000M (100%)       1000M (100%)       1000M (100%)       1000M (100%)       1000M (100%)       1000M (100%)   
[2026-04-03T03:19:12.235+0600][71.787s][info][gc,heap     ] GC(218) y:      Free:      390M (39%)         152M (15%)         166M (17%)         236M (24%)         390M (39%)         138M (14%)    
[2026-04-03T03:19:12.235+0600][71.787s][info][gc,heap     ] GC(218) y:      Used:      610M (61%)         848M (85%)         834M (83%)         764M (76%)         862M (86%)         610M (61%)    
[2026-04-03T03:19:12.235+0600][71.787s][info][gc,heap     ] GC(218) y: Young Generation Statistics:
[2026-04-03T03:19:12.235+0600][71.787s][info][gc,heap     ] GC(218) y:                Mark Start          Mark End        Relocate Start      Relocate End    
[2026-04-03T03:19:12.235+0600][71.787s][info][gc,heap     ] GC(218) y:      Used:      184M (18%)         422M (42%)         408M (41%)         336M (34%)    
[2026-04-03T03:19:12.235+0600][71.787s][info][gc,heap     ] GC(218) y:      Live:         -                54M (5%)           54M (5%)           54M (5%)     
[2026-04-03T03:19:12.235+0600][71.788s][info][gc,heap     ] GC(218) y:   Garbage:         -               129M (13%)         111M (11%)           1M (0%)     
[2026-04-03T03:19:12.235+0600][71.788s][info][gc,heap     ] GC(218) y: Allocated:         -               238M (24%)         242M (24%)         279M (28%)    
[2026-04-03T03:19:12.235+0600][71.788s][info][gc,heap     ] GC(218) y: Reclaimed:         -                  -                18M (2%)          127M (13%)    
[2026-04-03T03:19:12.235+0600][71.788s][info][gc,heap     ] GC(218) y:  Promoted:         -                  -                 0M (0%)            0M (0%)     
[2026-04-03T03:19:12.235+0600][71.788s][info][gc,heap     ] GC(218) y: Compacted:         -                  -                  -                22M (2%)     
[2026-04-03T03:19:12.235+0600][71.788s][info][gc,phases   ] GC(218) y: Young Generation 610M(61%)->764M(76%) 0.419s
[2026-04-03T03:19:12.235+0600][71.788s][info][gc          ] GC(218) Minor Collection (Allocation Rate) 610M(61%)->764M(76%) 0.420s
[2026-04-03T03:19:12.235+0600][71.788s][info][gc          ] GC(219) Minor Collection (Allocation Rate)
[2026-04-03T03:19:12.235+0600][71.788s][info][gc,task     ] GC(219) Using 2 Workers for Young Generation
[2026-04-03T03:19:12.236+0600][71.788s][info][gc,phases   ] GC(219) y: Young Generation
[2026-04-03T03:19:12.236+0600][71.788s][info][gc,phases   ] GC(219) y: Pause Mark Start 0.047ms
[2026-04-03T03:19:12.546+0600][72.099s][info][gc,task     ] Adjusting Workers for Old Generation: 1 -> 3
[2026-04-03T03:19:12.546+0600][72.099s][info][gc,task     ] Adjusting Workers for Young Generation: 2 -> 3
[2026-04-03T03:19:12.593+0600][72.146s][info][gc,phases   ] GC(216) O: Concurrent Mark 1043.906ms
[2026-04-03T03:19:12.594+0600][72.146s][info][gc,phases   ] GC(216) O: Pause Mark End 0.032ms
[2026-04-03T03:19:12.594+0600][72.146s][info][gc,phases   ] GC(216) O: Concurrent Mark Free 0.001ms
[2026-04-03T03:19:12.605+0600][72.157s][info][gc,phases   ] GC(216) O: Concurrent Process Non-Strong 10.712ms
[2026-04-03T03:19:12.605+0600][72.157s][info][gc,phases   ] GC(216) O: Concurrent Reset Relocation Set 0.013ms
[2026-04-03T03:19:12.606+0600][72.158s][info][gc          ] Allocation Stall (Executor task launch worker for task 1.0 in stage 28.0 (TID 43)) 63.533ms
[2026-04-03T03:19:12.606+0600][72.159s][info][gc          ] Allocation Stall (dispatcher-BlockManagerMaster) 1.172ms
[2026-04-03T03:19:12.606+0600][72.158s][info][gc          ] Allocation Stall (Executor task launch worker for task 2.0 in stage 28.0 (TID 44)) 61.153ms
[2026-04-03T03:19:12.606+0600][72.159s][info][gc          ] Allocation Stall (Executor task launch worker for task 0.0 in stage 28.0 (TID 42)) 63.388ms
[2026-04-03T03:19:12.616+0600][72.168s][info][gc,phases   ] GC(216) O: Concurrent Select Relocation Set 11.367ms
[2026-04-03T03:19:12.641+0600][72.193s][info][gc,phases   ] GC(219) y: Concurrent Mark 404.600ms
[2026-04-03T03:19:12.641+0600][72.193s][info][gc,phases   ] GC(219) y: Pause Mark End 0.026ms
[2026-04-03T03:19:12.641+0600][72.193s][info][gc,phases   ] GC(219) y: Concurrent Mark Free 0.003ms
[2026-04-03T03:19:12.641+0600][72.193s][info][gc,phases   ] GC(219) y: Concurrent Reset Relocation Set 0.024ms
[2026-04-03T03:19:12.643+0600][72.195s][info][gc,reloc    ] GC(219) y: Using tenuring threshold: 2 (Computed)
[2026-04-03T03:19:12.653+0600][72.206s][info][gc,phases   ] GC(219) y: Concurrent Select Relocation Set 12.028ms
[2026-04-03T03:19:12.653+0600][72.206s][info][gc,phases   ] GC(219) y: Pause Relocate Start 0.021ms
[2026-04-03T03:19:12.712+0600][72.264s][info][gc,phases   ] GC(219) y: Concurrent Relocate 58.095ms
[2026-04-03T03:19:12.712+0600][72.264s][info][gc,alloc    ] GC(219) y:                         Mark Start        Mark End      Relocate Start    Relocate End   
[2026-04-03T03:19:12.712+0600][72.264s][info][gc,alloc    ] GC(219) y: Allocation Stalls:          0                0                0                0         
[2026-04-03T03:19:12.712+0600][72.264s][info][gc,load     ] GC(219) y: Load: 5.10 (43%) / 5.07 (42%) / 5.51 (46%)
[2026-04-03T03:19:12.712+0600][72.264s][info][gc,mmu      ] GC(219) y: MMU: 2ms/90.1%, 5ms/96.1%, 10ms/98.0%, 20ms/98.5%, 50ms/99.4%, 100ms/99.6%
[2026-04-03T03:19:12.712+0600][72.264s][info][gc,marking  ] GC(219) y: Mark: 2 stripe(s), 10 proactive flush(es), 1 terminate flush(es), 0 completion(s), 0 continuation(s) 
[2026-04-03T03:19:12.712+0600][72.264s][info][gc,marking  ] GC(219) y: Mark Stack Usage: 32M
[2026-04-03T03:19:12.712+0600][72.264s][info][gc,nmethod  ] GC(219) y: NMethods: 7315 registered, 845 unregistered
[2026-04-03T03:19:12.712+0600][72.264s][info][gc,metaspace] GC(219) y: Metaspace: 71M used, 72M committed, 1088M reserved
[2026-04-03T03:19:12.712+0600][72.264s][info][gc,reloc    ] GC(219) y:                        Candidates     Selected     In-Place         Size        Empty    Relocated 
[2026-04-03T03:19:12.712+0600][72.264s][info][gc,reloc    ] GC(219) y: Small Pages:                  130           84            0         260M           0M          26M 
[2026-04-03T03:19:12.712+0600][72.264s][info][gc,reloc    ] GC(219) y: Medium Pages:                   1            0            0          16M          16M           0M 
[2026-04-03T03:19:12.712+0600][72.264s][info][gc,reloc    ] GC(219) y: Large Pages:                    9            0            0          60M          12M           0M 
[2026-04-03T03:19:12.712+0600][72.264s][info][gc,reloc    ] GC(219) y: Forwarding Usage: 28M
[2026-04-03T03:19:12.712+0600][72.264s][info][gc,reloc    ] GC(219) y: Age Table:
[2026-04-03T03:19:12.712+0600][72.264s][info][gc,reloc    ] GC(219) y:                    Live             Garbage             Small              Medium             Large        
[2026-04-03T03:19:12.712+0600][72.264s][info][gc,reloc    ] GC(219) y: Eden              72M (7%)          175M (18%)        101 / 67             1 / 0              6 / 0        
[2026-04-03T03:19:12.712+0600][72.264s][info][gc,reloc    ] GC(219) y: Survivor 1        43M (4%)            6M (1%)          10 / 4              0 / 0              3 / 0        
[2026-04-03T03:19:12.712+0600][72.264s][info][gc,reloc    ] GC(219) y: Survivor 2         6M (1%)            7M (1%)           7 / 4              0 / 0              0 / 0        
[2026-04-03T03:19:12.712+0600][72.264s][info][gc,reloc    ] GC(219) y: Survivor 3         4M (0%)            9M (1%)           7 / 4              0 / 0              0 / 0        
[2026-04-03T03:19:12.712+0600][72.264s][info][gc,reloc    ] GC(219) y: Survivor 4         1M (0%)            8M (1%)           5 / 5              0 / 0              0 / 0        
[2026-04-03T03:19:12.712+0600][72.264s][info][gc,heap     ] GC(219) y: Min Capacity: 8M(1%)
[2026-04-03T03:19:12.712+0600][72.264s][info][gc,heap     ] GC(219) y: Max Capacity: 1000M(100%)
[2026-04-03T03:19:12.712+0600][72.264s][info][gc,heap     ] GC(219) y: Soft Max Capacity: 1000M(100%)
[2026-04-03T03:19:12.712+0600][72.264s][info][gc,heap     ] GC(219) y: Heap Statistics:
[2026-04-03T03:19:12.712+0600][72.264s][info][gc,heap     ] GC(219) y:                Mark Start          Mark End        Relocate Start      Relocate End           High               Low         
[2026-04-03T03:19:12.712+0600][72.264s][info][gc,heap     ] GC(219) y:  Capacity:     1000M (100%)       1000M (100%)       1000M (100%)       1000M (100%)       1000M (100%)       1000M (100%)   
[2026-04-03T03:19:12.712+0600][72.264s][info][gc,heap     ] GC(219) y:      Free:      236M (24%)         150M (15%)         166M (17%)         256M (26%)         274M (27%)           0M (0%)     
[2026-04-03T03:19:12.712+0600][72.264s][info][gc,heap     ] GC(219) y:      Used:      764M (76%)         850M (85%)         834M (83%)         744M (74%)        1000M (100%)        726M (73%)    
[2026-04-03T03:19:12.712+0600][72.264s][info][gc,heap     ] GC(219) y: Young Generation Statistics:
[2026-04-03T03:19:12.712+0600][72.264s][info][gc,heap     ] GC(219) y:                Mark Start          Mark End        Relocate Start      Relocate End    
[2026-04-03T03:19:12.712+0600][72.264s][info][gc,heap     ] GC(219) y:      Used:      336M (34%)         632M (63%)         608M (61%)         508M (51%)    
[2026-04-03T03:19:12.712+0600][72.264s][info][gc,heap     ] GC(219) y:      Live:         -               126M (13%)         119M (12%)         115M (12%)    
[2026-04-03T03:19:12.712+0600][72.264s][info][gc,heap     ] GC(219) y:   Garbage:         -               209M (21%)         180M (18%)           4M (0%)     
[2026-04-03T03:19:12.712+0600][72.264s][info][gc,heap     ] GC(219) y: Allocated:         -               296M (30%)         308M (31%)         388M (39%)    
[2026-04-03T03:19:12.712+0600][72.264s][info][gc,heap     ] GC(219) y: Reclaimed:         -                  -                28M (3%)          204M (20%)    
[2026-04-03T03:19:12.712+0600][72.265s][info][gc,heap     ] GC(219) y:  Promoted:         -                  -                 7M (1%)           11M (1%)     
[2026-04-03T03:19:12.712+0600][72.265s][info][gc,heap     ] GC(219) y: Compacted:         -                  -                  -                47M (5%)     
[2026-04-03T03:19:12.712+0600][72.265s][info][gc,phases   ] GC(219) y: Young Generation 764M(76%)->744M(74%) 0.476s
[2026-04-03T03:19:12.712+0600][72.265s][info][gc          ] GC(219) Minor Collection (Allocation Rate) 764M(76%)->744M(74%) 0.477s
[2026-04-03T03:19:12.712+0600][72.265s][info][gc,task     ] Adjusting Workers for Old Generation: 3 -> 1
[2026-04-03T03:19:12.712+0600][72.265s][info][gc,task     ] GC(216) O: Using 3 Workers for Old Generation
[2026-04-03T03:19:12.738+0600][72.290s][info][gc,task     ] GC(216) O: Using 3 Workers for Old Generation
[2026-04-03T03:19:12.738+0600][72.291s][info][gc,phases   ] GC(216) O: Concurrent Remap Roots 25.847ms
[2026-04-03T03:19:12.739+0600][72.291s][info][gc,phases   ] GC(216) O: Pause Relocate Start 0.025ms
[2026-04-03T03:19:12.739+0600][72.291s][info][gc          ] GC(220) Minor Collection (Allocation Rate)
[2026-04-03T03:19:12.739+0600][72.291s][info][gc,task     ] GC(220) Using 2 Workers for Young Generation
[2026-04-03T03:19:12.739+0600][72.291s][info][gc,phases   ] GC(220) y: Young Generation
[2026-04-03T03:19:12.739+0600][72.291s][info][gc,phases   ] GC(220) y: Pause Mark Start 0.023ms
[2026-04-03T03:19:12.747+0600][72.300s][info][gc,phases   ] GC(216) O: Concurrent Relocate 8.637ms
[2026-04-03T03:19:12.754+0600][72.306s][info][gc,task     ] Adjusting Workers for Young Generation: 2 -> 3
[2026-04-03T03:19:13.035+0600][72.587s][info][gc,phases   ] GC(220) y: Concurrent Mark 295.482ms
[2026-04-03T03:19:13.035+0600][72.587s][info][gc,phases   ] GC(220) y: Pause Mark End 0.037ms
[2026-04-03T03:19:13.035+0600][72.587s][info][gc,phases   ] GC(220) y: Concurrent Mark Free 0.003ms
[2026-04-03T03:19:13.035+0600][72.588s][info][gc,phases   ] GC(220) y: Concurrent Reset Relocation Set 0.056ms
[2026-04-03T03:19:13.041+0600][72.593s][info][gc,reloc    ] GC(220) y: Using tenuring threshold: 1 (Computed)
[2026-04-03T03:19:13.090+0600][72.642s][info][gc,phases   ] GC(220) y: Concurrent Select Relocation Set 54.177ms
[2026-04-03T03:19:13.090+0600][72.642s][info][gc,phases   ] GC(220) y: Pause Relocate Start 0.022ms
[2026-04-03T03:19:13.229+0600][72.781s][info][gc,phases   ] GC(220) y: Concurrent Relocate 138.825ms
[2026-04-03T03:19:13.229+0600][72.781s][info][gc,alloc    ] GC(220) y:                         Mark Start        Mark End      Relocate Start    Relocate End   
[2026-04-03T03:19:13.229+0600][72.781s][info][gc,alloc    ] GC(220) y: Allocation Stalls:          0                0                0                0         
[2026-04-03T03:19:13.229+0600][72.781s][info][gc,load     ] GC(220) y: Load: 5.10 (43%) / 5.07 (42%) / 5.51 (46%)
[2026-04-03T03:19:13.229+0600][72.781s][info][gc,mmu      ] GC(220) y: MMU: 2ms/90.1%, 5ms/96.1%, 10ms/98.0%, 20ms/98.5%, 50ms/99.4%, 100ms/99.6%
[2026-04-03T03:19:13.229+0600][72.781s][info][gc,marking  ] GC(220) y: Mark: 2 stripe(s), 2 proactive flush(es), 1 terminate flush(es), 0 completion(s), 0 continuation(s) 
[2026-04-03T03:19:13.229+0600][72.781s][info][gc,marking  ] GC(220) y: Mark Stack Usage: 32M
[2026-04-03T03:19:13.229+0600][72.781s][info][gc,nmethod  ] GC(220) y: NMethods: 7316 registered, 845 unregistered
[2026-04-03T03:19:13.229+0600][72.781s][info][gc,metaspace] GC(220) y: Metaspace: 71M used, 72M committed, 1088M reserved
[2026-04-03T03:19:13.229+0600][72.781s][info][gc,reloc    ] GC(220) y:                        Candidates     Selected     In-Place         Size        Empty    Relocated 
[2026-04-03T03:19:13.229+0600][72.781s][info][gc,reloc    ] GC(220) y: Small Pages:                  218          153            0         436M          12M          23M 
[2026-04-03T03:19:13.229+0600][72.781s][info][gc,reloc    ] GC(220) y: Medium Pages:                   1            0            0          16M           0M           0M 
[2026-04-03T03:19:13.229+0600][72.781s][info][gc,reloc    ] GC(220) y: Large Pages:                    9            0            0          78M          18M           0M 
[2026-04-03T03:19:13.229+0600][72.781s][info][gc,reloc    ] GC(220) y: Forwarding Usage: 25M
[2026-04-03T03:19:13.229+0600][72.781s][info][gc,reloc    ] GC(220) y: Age Table:
[2026-04-03T03:19:13.229+0600][72.781s][info][gc,reloc    ] GC(220) y:                    Live             Garbage             Small              Medium             Large        
[2026-04-03T03:19:13.229+0600][72.781s][info][gc,reloc    ] GC(220) y: Eden              69M (7%)          324M (32%)        174 / 145            1 / 0              3 / 0        
[2026-04-03T03:19:13.229+0600][72.781s][info][gc,reloc    ] GC(220) y: Survivor 1        53M (5%)           30M (3%)          33 / 5              0 / 0              3 / 0        
[2026-04-03T03:19:13.229+0600][72.781s][info][gc,reloc    ] GC(220) y: Survivor 2        43M (4%)            8M (1%)          11 / 3              0 / 0              3 / 0        
[2026-04-03T03:19:13.229+0600][72.781s][info][gc,heap     ] GC(220) y: Min Capacity: 8M(1%)
[2026-04-03T03:19:13.229+0600][72.781s][info][gc,heap     ] GC(220) y: Max Capacity: 1000M(100%)
[2026-04-03T03:19:13.229+0600][72.781s][info][gc,heap     ] GC(220) y: Soft Max Capacity: 1000M(100%)
[2026-04-03T03:19:13.229+0600][72.781s][info][gc,heap     ] GC(220) y: Heap Statistics:
[2026-04-03T03:19:13.229+0600][72.781s][info][gc,heap     ] GC(220) y:                Mark Start          Mark End        Relocate Start      Relocate End           High               Low         
[2026-04-03T03:19:13.229+0600][72.781s][info][gc,heap     ] GC(220) y:  Capacity:     1000M (100%)       1000M (100%)       1000M (100%)       1000M (100%)       1000M (100%)       1000M (100%)   
[2026-04-03T03:19:13.229+0600][72.781s][info][gc,heap     ] GC(220) y:      Free:      232M (23%)          10M (1%)           28M (3%)          304M (30%)         320M (32%)           6M (1%)     
[2026-04-03T03:19:13.229+0600][72.781s][info][gc,heap     ] GC(220) y:      Used:      768M (77%)         990M (99%)         972M (97%)         696M (70%)         994M (99%)         680M (68%)    
[2026-04-03T03:19:13.229+0600][72.781s][info][gc,heap     ] GC(220) y: Young Generation Statistics:
[2026-04-03T03:19:13.229+0600][72.781s][info][gc,heap     ] GC(220) y:                Mark Start          Mark End        Relocate Start      Relocate End    
[2026-04-03T03:19:13.229+0600][72.781s][info][gc,heap     ] GC(220) y:      Used:      530M (53%)         774M (77%)         670M (67%)         380M (38%)    
[2026-04-03T03:19:13.229+0600][72.781s][info][gc,heap     ] GC(220) y:      Live:         -               166M (17%)          81M (8%)           69M (7%)     
[2026-04-03T03:19:13.229+0600][72.781s][info][gc,heap     ] GC(220) y:   Garbage:         -               363M (36%)         332M (33%)          17M (2%)     
[2026-04-03T03:19:13.229+0600][72.781s][info][gc,heap     ] GC(220) y: Allocated:         -               244M (24%)         256M (26%)         292M (29%)    
[2026-04-03T03:19:13.229+0600][72.781s][info][gc,heap     ] GC(220) y: Reclaimed:         -                  -                30M (3%)          345M (35%)    
[2026-04-03T03:19:13.229+0600][72.781s][info][gc,heap     ] GC(220) y:  Promoted:         -                  -                85M (9%)           96M (10%)    
[2026-04-03T03:19:13.229+0600][72.781s][info][gc,heap     ] GC(220) y: Compacted:         -                  -                  -                35M (4%)     
[2026-04-03T03:19:13.229+0600][72.781s][info][gc,phases   ] GC(220) y: Young Generation 768M(77%)->696M(70%) 0.490s
[2026-04-03T03:19:13.229+0600][72.781s][info][gc          ] GC(220) Minor Collection (Allocation Rate) 768M(77%)->696M(70%) 0.491s
[2026-04-03T03:19:13.229+0600][72.782s][info][gc,alloc    ] GC(216) O:                         Mark Start        Mark End      Relocate Start    Relocate End   
[2026-04-03T03:19:13.229+0600][72.782s][info][gc,alloc    ] GC(216) O: Allocation Stalls:          0                3                0                0         
[2026-04-03T03:19:13.229+0600][72.782s][info][gc,load     ] GC(216) O: Load: 5.10 (43%) / 5.07 (42%) / 5.51 (46%)
[2026-04-03T03:19:13.229+0600][72.782s][info][gc,mmu      ] GC(216) O: MMU: 2ms/90.1%, 5ms/96.1%, 10ms/98.0%, 20ms/98.5%, 50ms/99.4%, 100ms/99.6%
[2026-04-03T03:19:13.229+0600][72.782s][info][gc,marking  ] GC(216) O: Mark: 1 stripe(s), 2 proactive flush(es), 1 terminate flush(es), 0 completion(s), 0 continuation(s) 
[2026-04-03T03:19:13.229+0600][72.782s][info][gc,marking  ] GC(216) O: Mark Stack Usage: 32M
[2026-04-03T03:19:13.229+0600][72.782s][info][gc,nmethod  ] GC(216) O: NMethods: 7316 registered, 845 unregistered
[2026-04-03T03:19:13.229+0600][72.782s][info][gc,metaspace] GC(216) O: Metaspace: 71M used, 72M committed, 1088M reserved
[2026-04-03T03:19:13.229+0600][72.782s][info][gc,ref      ] GC(216) O:                       Encountered   Discovered     Enqueued 
[2026-04-03T03:19:13.229+0600][72.782s][info][gc,ref      ] GC(216) O: Soft References:             5113            0            0 
[2026-04-03T03:19:13.229+0600][72.782s][info][gc,ref      ] GC(216) O: Weak References:             7392         5461           71 
[2026-04-03T03:19:13.229+0600][72.782s][info][gc,ref      ] GC(216) O: Final References:              84            0            0 
[2026-04-03T03:19:13.229+0600][72.782s][info][gc,ref      ] GC(216) O: Phantom References:           605          212            0 
[2026-04-03T03:19:13.229+0600][72.782s][info][gc,reloc    ] GC(216) O:                        Candidates     Selected     In-Place         Size        Empty    Relocated 
[2026-04-03T03:19:13.229+0600][72.782s][info][gc,reloc    ] GC(216) O: Small Pages:                  157           16            0         314M         118M           2M 
[2026-04-03T03:19:13.230+0600][72.782s][info][gc,reloc    ] GC(216) O: Medium Pages:                   1            0            0          16M           0M           0M 
[2026-04-03T03:19:13.230+0600][72.782s][info][gc,reloc    ] GC(216) O: Large Pages:                   10            0            0          96M          92M           0M 
[2026-04-03T03:19:13.230+0600][72.782s][info][gc,reloc    ] GC(216) O: Forwarding Usage: 1M
[2026-04-03T03:19:13.230+0600][72.782s][info][gc,heap     ] GC(216) O: Min Capacity: 8M(1%)
[2026-04-03T03:19:13.230+0600][72.782s][info][gc,heap     ] GC(216) O: Max Capacity: 1000M(100%)
[2026-04-03T03:19:13.230+0600][72.782s][info][gc,heap     ] GC(216) O: Soft Max Capacity: 1000M(100%)
[2026-04-03T03:19:13.230+0600][72.782s][info][gc,heap     ] GC(216) O: Heap Statistics:
[2026-04-03T03:19:13.230+0600][72.782s][info][gc,heap     ] GC(216) O:                Mark Start          Mark End        Relocate Start      Relocate End           High               Low         
[2026-04-03T03:19:13.230+0600][72.782s][info][gc,heap     ] GC(216) O:  Capacity:     1000M (100%)       1000M (100%)       1000M (100%)       1000M (100%)       1000M (100%)       1000M (100%)   
[2026-04-03T03:19:13.230+0600][72.782s][info][gc,heap     ] GC(216) O:      Free:      468M (47%)           0M (0%)          234M (23%)         246M (25%)         470M (47%)           0M (0%)     
[2026-04-03T03:19:13.230+0600][72.782s][info][gc,heap     ] GC(216) O:      Used:      532M (53%)        1000M (100%)        766M (77%)         754M (75%)        1000M (100%)        530M (53%)    
[2026-04-03T03:19:13.230+0600][72.782s][info][gc,heap     ] GC(216) O: Old Generation Statistics:
[2026-04-03T03:19:13.230+0600][72.782s][info][gc,heap     ] GC(216) O:                Mark Start          Mark End        Relocate Start      Relocate End    
[2026-04-03T03:19:13.230+0600][72.782s][info][gc,heap     ] GC(216) O:      Used:      426M (43%)         428M (43%)         236M (24%)         216M (22%)    
[2026-04-03T03:19:13.230+0600][72.782s][info][gc,heap     ] GC(216) O:      Live:         -               172M (17%)         172M (17%)         172M (17%)    
[2026-04-03T03:19:13.230+0600][72.782s][info][gc,heap     ] GC(216) O:   Garbage:         -               253M (25%)          43M (4%)           10M (1%)     
[2026-04-03T03:19:13.230+0600][72.782s][info][gc,heap     ] GC(216) O: Allocated:         -                 2M (0%)           20M (2%)           32M (3%)     
[2026-04-03T03:19:13.230+0600][72.782s][info][gc,heap     ] GC(216) O: Reclaimed:         -                  -               210M (21%)         242M (24%)    
[2026-04-03T03:19:13.230+0600][72.782s][info][gc,heap     ] GC(216) O: Compacted:         -                  -                  -                 3M (0%)     
[2026-04-03T03:19:13.230+0600][72.782s][info][gc,phases   ] GC(216) O: Old Generation 530M(53%)->754M(75%) 1.680s
[2026-04-03T03:19:13.230+0600][72.782s][info][gc          ] GC(216) Major Collection (Allocation Rate) 532M(53%)->696M(70%) 1.805s
[2026-04-03T03:19:13.240+0600][72.792s][info][gc          ] GC(221) Major Collection (Allocation Rate)
[2026-04-03T03:19:13.240+0600][72.792s][info][gc,task     ] GC(221) Using 3 Workers for Young Generation
[2026-04-03T03:19:13.240+0600][72.792s][info][gc,task     ] GC(221) Using 1 Workers for Old Generation
[2026-04-03T03:19:13.240+0600][72.792s][info][gc,phases   ] GC(221) Y: Young Generation
[2026-04-03T03:19:13.240+0600][72.792s][info][gc,phases   ] GC(221) Y: Pause Mark Start (Major) 0.022ms
[2026-04-03T03:19:13.467+0600][73.019s][info][gc,phases   ] GC(221) Y: Concurrent Mark 226.799ms
[2026-04-03T03:19:13.467+0600][73.019s][info][gc,phases   ] GC(221) Y: Pause Mark End 0.056ms
[2026-04-03T03:19:13.467+0600][73.019s][info][gc,phases   ] GC(221) Y: Concurrent Mark Free 0.001ms
[2026-04-03T03:19:13.467+0600][73.020s][info][gc,phases   ] GC(221) Y: Concurrent Reset Relocation Set 0.126ms
[2026-04-03T03:19:13.470+0600][73.022s][info][gc,reloc    ] GC(221) Y: Using tenuring threshold: 1 (Computed)
[2026-04-03T03:19:13.506+0600][73.059s][info][gc,phases   ] GC(221) Y: Concurrent Select Relocation Set 39.070ms
[2026-04-03T03:19:13.507+0600][73.059s][info][gc,phases   ] GC(221) Y: Pause Relocate Start 0.023ms
[2026-04-03T03:19:13.592+0600][73.144s][info][gc,phases   ] GC(221) Y: Concurrent Relocate 85.155ms
[2026-04-03T03:19:13.592+0600][73.144s][info][gc,alloc    ] GC(221) Y:                         Mark Start        Mark End      Relocate Start    Relocate End   
[2026-04-03T03:19:13.592+0600][73.144s][info][gc,alloc    ] GC(221) Y: Allocation Stalls:          0                0                0                0         
[2026-04-03T03:19:13.592+0600][73.144s][info][gc,load     ] GC(221) Y: Load: 5.10 (43%) / 5.07 (42%) / 5.51 (46%)
[2026-04-03T03:19:13.592+0600][73.144s][info][gc,mmu      ] GC(221) Y: MMU: 2ms/90.1%, 5ms/96.1%, 10ms/98.0%, 20ms/98.5%, 50ms/99.4%, 100ms/99.6%
[2026-04-03T03:19:13.592+0600][73.144s][info][gc,marking  ] GC(221) Y: Mark: 2 stripe(s), 10 proactive flush(es), 1 terminate flush(es), 0 completion(s), 0 continuation(s) 
[2026-04-03T03:19:13.592+0600][73.144s][info][gc,marking  ] GC(221) Y: Mark Stack Usage: 32M
[2026-04-03T03:19:13.592+0600][73.144s][info][gc,nmethod  ] GC(221) Y: NMethods: 7316 registered, 845 unregistered
[2026-04-03T03:19:13.592+0600][73.144s][info][gc,metaspace] GC(221) Y: Metaspace: 71M used, 72M committed, 1088M reserved
[2026-04-03T03:19:13.592+0600][73.144s][info][gc,reloc    ] GC(221) Y:                        Candidates     Selected     In-Place         Size        Empty    Relocated 
[2026-04-03T03:19:13.592+0600][73.144s][info][gc,reloc    ] GC(221) Y: Small Pages:                  150          115            0         300M          12M          15M 
[2026-04-03T03:19:13.592+0600][73.144s][info][gc,reloc    ] GC(221) Y: Medium Pages:                   2            0            0          32M          32M           0M 
[2026-04-03T03:19:13.592+0600][73.144s][info][gc,reloc    ] GC(221) Y: Large Pages:                    7            0            0          50M           8M           0M 
[2026-04-03T03:19:13.592+0600][73.144s][info][gc,reloc    ] GC(221) Y: Forwarding Usage: 17M
[2026-04-03T03:19:13.592+0600][73.144s][info][gc,reloc    ] GC(221) Y: Age Table:
[2026-04-03T03:19:13.592+0600][73.145s][info][gc,reloc    ] GC(221) Y:                    Live             Garbage             Small              Medium             Large        
[2026-04-03T03:19:13.592+0600][73.145s][info][gc,reloc    ] GC(221) Y: Eden              27M (3%)          258M (26%)        125 / 111            1 / 0              4 / 0        
[2026-04-03T03:19:13.592+0600][73.145s][info][gc,reloc    ] GC(221) Y: Survivor 1        69M (7%)           26M (3%)          25 / 4              1 / 0              3 / 0        
[2026-04-03T03:19:13.592+0600][73.145s][info][gc,heap     ] GC(221) Y: Min Capacity: 8M(1%)
[2026-04-03T03:19:13.592+0600][73.145s][info][gc,heap     ] GC(221) Y: Max Capacity: 1000M(100%)
[2026-04-03T03:19:13.592+0600][73.145s][info][gc,heap     ] GC(221) Y: Soft Max Capacity: 1000M(100%)
[2026-04-03T03:19:13.592+0600][73.145s][info][gc,heap     ] GC(221) Y: Heap Statistics:
[2026-04-03T03:19:13.592+0600][73.145s][info][gc,heap     ] GC(221) Y:                Mark Start          Mark End        Relocate Start      Relocate End           High               Low         
[2026-04-03T03:19:13.592+0600][73.145s][info][gc,heap     ] GC(221) Y:  Capacity:     1000M (100%)       1000M (100%)       1000M (100%)       1000M (100%)       1000M (100%)       1000M (100%)   
[2026-04-03T03:19:13.592+0600][73.145s][info][gc,heap     ] GC(221) Y:      Free:      302M (30%)         252M (25%)         298M (30%)         498M (50%)         508M (51%)         252M (25%)    
[2026-04-03T03:19:13.592+0600][73.145s][info][gc,heap     ] GC(221) Y:      Used:      698M (70%)         748M (75%)         702M (70%)         502M (50%)         748M (75%)         492M (49%)    
[2026-04-03T03:19:13.592+0600][73.145s][info][gc,heap     ] GC(221) Y: Young Generation Statistics:
[2026-04-03T03:19:13.592+0600][73.145s][info][gc,heap     ] GC(221) Y:                Mark Start          Mark End        Relocate Start      Relocate End    
[2026-04-03T03:19:13.592+0600][73.145s][info][gc,heap     ] GC(221) Y:      Used:      382M (38%)         432M (43%)         322M (32%)         110M (11%)    
[2026-04-03T03:19:13.592+0600][73.145s][info][gc,heap     ] GC(221) Y:      Live:         -                96M (10%)          32M (3%)           27M (3%)     
[2026-04-03T03:19:13.592+0600][73.145s][info][gc,heap     ] GC(221) Y:   Garbage:         -               285M (29%)         233M (23%)           0M (0%)     
[2026-04-03T03:19:13.592+0600][73.145s][info][gc,heap     ] GC(221) Y: Allocated:         -                50M (5%)           56M (6%)           82M (8%)     
[2026-04-03T03:19:13.592+0600][73.145s][info][gc,heap     ] GC(221) Y: Reclaimed:         -                  -                52M (5%)          285M (29%)    
[2026-04-03T03:19:13.592+0600][73.145s][info][gc,heap     ] GC(221) Y:  Promoted:         -                  -                63M (6%)           69M (7%)     
[2026-04-03T03:19:13.592+0600][73.145s][info][gc,heap     ] GC(221) Y: Compacted:         -                  -                  -                15M (2%)     
[2026-04-03T03:19:13.592+0600][73.145s][info][gc,phases   ] GC(221) Y: Young Generation 698M(70%)->502M(50%) 0.352s
[2026-04-03T03:19:13.592+0600][73.145s][info][gc,phases   ] GC(221) O: Old Generation
[2026-04-03T03:19:13.595+0600][73.147s][info][gc          ] GC(222) Minor Collection (Allocation Rate)
[2026-04-03T03:19:13.595+0600][73.147s][info][gc,task     ] GC(222) Using 2 Workers for Young Generation
[2026-04-03T03:19:13.595+0600][73.147s][info][gc,phases   ] GC(222) y: Young Generation
[2026-04-03T03:19:13.595+0600][73.147s][info][gc,phases   ] GC(222) y: Pause Mark Start 0.022ms
[2026-04-03T03:19:13.746+0600][73.298s][info][gc,phases   ] GC(222) y: Concurrent Mark 150.660ms
[2026-04-03T03:19:13.746+0600][73.299s][info][gc,phases   ] GC(222) y: Pause Mark End 0.033ms
[2026-04-03T03:19:13.746+0600][73.299s][info][gc,phases   ] GC(222) y: Concurrent Mark Free 0.002ms
[2026-04-03T03:19:13.747+0600][73.299s][info][gc,phases   ] GC(222) y: Concurrent Reset Relocation Set 0.082ms
[2026-04-03T03:19:13.752+0600][73.305s][info][gc,reloc    ] GC(222) y: Using tenuring threshold: 1 (Computed)
[2026-04-03T03:19:13.775+0600][73.327s][info][gc,phases   ] GC(222) y: Concurrent Select Relocation Set 27.900ms
[2026-04-03T03:19:13.775+0600][73.327s][info][gc,phases   ] GC(222) y: Pause Relocate Start 0.026ms
[2026-04-03T03:19:13.808+0600][73.360s][info][gc,phases   ] GC(222) y: Concurrent Relocate 33.243ms
[2026-04-03T03:19:13.808+0600][73.361s][info][gc,alloc    ] GC(222) y:                         Mark Start        Mark End      Relocate Start    Relocate End   
[2026-04-03T03:19:13.808+0600][73.361s][info][gc,alloc    ] GC(222) y: Allocation Stalls:          0                0                0                0         
[2026-04-03T03:19:13.808+0600][73.361s][info][gc,load     ] GC(222) y: Load: 5.10 (43%) / 5.07 (42%) / 5.51 (46%)
[2026-04-03T03:19:13.808+0600][73.361s][info][gc,mmu      ] GC(222) y: MMU: 2ms/90.1%, 5ms/96.1%, 10ms/98.0%, 20ms/98.5%, 50ms/99.4%, 100ms/99.6%
[2026-04-03T03:19:13.808+0600][73.361s][info][gc,marking  ] GC(222) y: Mark: 2 stripe(s), 2 proactive flush(es), 1 terminate flush(es), 0 completion(s), 0 continuation(s) 
[2026-04-03T03:19:13.808+0600][73.361s][info][gc,marking  ] GC(222) y: Mark Stack Usage: 32M
[2026-04-03T03:19:13.808+0600][73.361s][info][gc,nmethod  ] GC(222) y: NMethods: 7316 registered, 845 unregistered
[2026-04-03T03:19:13.808+0600][73.361s][info][gc,metaspace] GC(222) y: Metaspace: 71M used, 72M committed, 1088M reserved
[2026-04-03T03:19:13.808+0600][73.361s][info][gc,reloc    ] GC(222) y:                        Candidates     Selected     In-Place         Size        Empty    Relocated 
[2026-04-03T03:19:13.808+0600][73.361s][info][gc,reloc    ] GC(222) y: Small Pages:                   51           32            0         102M          22M           1M 
[2026-04-03T03:19:13.808+0600][73.361s][info][gc,reloc    ] GC(222) y: Medium Pages:                   0            0            0           0M           0M           0M 
[2026-04-03T03:19:13.808+0600][73.361s][info][gc,reloc    ] GC(222) y: Large Pages:                    2            0            0          12M           0M           0M 
[2026-04-03T03:19:13.808+0600][73.361s][info][gc,reloc    ] GC(222) y: Forwarding Usage: 0M
[2026-04-03T03:19:13.809+0600][73.361s][info][gc,reloc    ] GC(222) y: Age Table:
[2026-04-03T03:19:13.809+0600][73.361s][info][gc,reloc    ] GC(222) y:                    Live             Garbage             Small              Medium             Large        
[2026-04-03T03:19:13.809+0600][73.361s][info][gc,reloc    ] GC(222) y: Eden               0M (0%)           77M (8%)          39 / 27             0 / 0              0 / 0        
[2026-04-03T03:19:13.809+0600][73.361s][info][gc,reloc    ] GC(222) y: Survivor 1        26M (3%)            9M (1%)          12 / 5              0 / 0              2 / 0        
[2026-04-03T03:19:13.809+0600][73.361s][info][gc,heap     ] GC(222) y: Min Capacity: 8M(1%)
[2026-04-03T03:19:13.809+0600][73.361s][info][gc,heap     ] GC(222) y: Max Capacity: 1000M(100%)
[2026-04-03T03:19:13.809+0600][73.361s][info][gc,heap     ] GC(222) y: Soft Max Capacity: 1000M(100%)
[2026-04-03T03:19:13.809+0600][73.361s][info][gc,heap     ] GC(222) y: Heap Statistics:
[2026-04-03T03:19:13.809+0600][73.361s][info][gc,heap     ] GC(222) y:                Mark Start          Mark End        Relocate Start      Relocate End           High               Low         
[2026-04-03T03:19:13.809+0600][73.361s][info][gc,heap     ] GC(222) y:  Capacity:     1000M (100%)       1000M (100%)       1000M (100%)       1000M (100%)       1000M (100%)       1000M (100%)   
[2026-04-03T03:19:13.809+0600][73.361s][info][gc,heap     ] GC(222) y:      Free:      494M (49%)         462M (46%)         478M (48%)         526M (53%)         532M (53%)         462M (46%)    
[2026-04-03T03:19:13.809+0600][73.361s][info][gc,heap     ] GC(222) y:      Used:      506M (51%)         538M (54%)         522M (52%)         474M (47%)         538M (54%)         468M (47%)    
[2026-04-03T03:19:13.809+0600][73.361s][info][gc,heap     ] GC(222) y: Young Generation Statistics:
[2026-04-03T03:19:13.809+0600][73.361s][info][gc,heap     ] GC(222) y:                Mark Start          Mark End        Relocate Start      Relocate End    
[2026-04-03T03:19:13.809+0600][73.361s][info][gc,heap     ] GC(222) y:      Used:      114M (11%)         146M (15%)         104M (10%)          48M (5%)     
[2026-04-03T03:19:13.809+0600][73.361s][info][gc,heap     ] GC(222) y:      Live:         -                27M (3%)            1M (0%)            0M (0%)     
[2026-04-03T03:19:13.809+0600][73.361s][info][gc,heap     ] GC(222) y:   Garbage:         -                86M (9%)           64M (6%)            0M (0%)     
[2026-04-03T03:19:13.809+0600][73.361s][info][gc,heap     ] GC(222) y: Allocated:         -                32M (3%)           38M (4%)           47M (5%)     
[2026-04-03T03:19:13.809+0600][73.361s][info][gc,heap     ] GC(222) y: Reclaimed:         -                  -                22M (2%)           86M (9%)     
[2026-04-03T03:19:13.809+0600][73.361s][info][gc,heap     ] GC(222) y:  Promoted:         -                  -                25M (3%)           26M (3%)     
[2026-04-03T03:19:13.809+0600][73.361s][info][gc,heap     ] GC(222) y: Compacted:         -                  -                  -                 0M (0%)     
[2026-04-03T03:19:13.809+0600][73.361s][info][gc,phases   ] GC(222) y: Young Generation 506M(51%)->474M(47%) 0.213s
[2026-04-03T03:19:13.809+0600][73.361s][info][gc          ] GC(222) Minor Collection (Allocation Rate) 506M(51%)->474M(47%) 0.214s
[2026-04-03T03:19:13.829+0600][73.382s][info][gc,task     ] Adjusting Workers for Old Generation: 1 -> 2
[2026-04-03T03:19:13.829+0600][73.382s][info][gc          ] GC(223) Minor Collection (Allocation Rate)
[2026-04-03T03:19:13.829+0600][73.382s][info][gc,task     ] GC(223) Using 1 Workers for Young Generation
[2026-04-03T03:19:13.829+0600][73.382s][info][gc,phases   ] GC(223) y: Young Generation
[2026-04-03T03:19:13.830+0600][73.382s][info][gc,phases   ] GC(223) y: Pause Mark Start 0.020ms
[2026-04-03T03:19:13.855+0600][73.407s][info][gc,phases   ] GC(223) y: Concurrent Mark 24.579ms
[2026-04-03T03:19:13.855+0600][73.407s][info][gc,phases   ] GC(223) y: Pause Mark End 0.031ms
[2026-04-03T03:19:13.855+0600][73.407s][info][gc,phases   ] GC(223) y: Concurrent Mark Free 0.001ms
[2026-04-03T03:19:13.855+0600][73.407s][info][gc,phases   ] GC(223) y: Concurrent Reset Relocation Set 0.028ms
[2026-04-03T03:19:13.861+0600][73.413s][info][gc,reloc    ] GC(223) y: Using tenuring threshold: 2 (Computed)
[2026-04-03T03:19:13.861+0600][73.414s][info][gc,phases   ] GC(223) y: Concurrent Select Relocation Set 6.058ms
[2026-04-03T03:19:13.862+0600][73.414s][info][gc,phases   ] GC(223) y: Pause Relocate Start 0.022ms
[2026-04-03T03:19:13.862+0600][73.414s][info][gc,phases   ] GC(223) y: Concurrent Relocate 0.579ms
[2026-04-03T03:19:13.862+0600][73.415s][info][gc,alloc    ] GC(223) y:                         Mark Start        Mark End      Relocate Start    Relocate End   
[2026-04-03T03:19:13.862+0600][73.415s][info][gc,alloc    ] GC(223) y: Allocation Stalls:          0                0                0                0         
[2026-04-03T03:19:13.862+0600][73.415s][info][gc,load     ] GC(223) y: Load: 5.10 (43%) / 5.07 (42%) / 5.51 (46%)
[2026-04-03T03:19:13.862+0600][73.415s][info][gc,mmu      ] GC(223) y: MMU: 2ms/90.1%, 5ms/96.1%, 10ms/98.0%, 20ms/98.5%, 50ms/99.4%, 100ms/99.6%
[2026-04-03T03:19:13.862+0600][73.415s][info][gc,marking  ] GC(223) y: Mark: 1 stripe(s), 2 proactive flush(es), 1 terminate flush(es), 0 completion(s), 0 continuation(s) 
[2026-04-03T03:19:13.862+0600][73.415s][info][gc,marking  ] GC(223) y: Mark Stack Usage: 32M
[2026-04-03T03:19:13.862+0600][73.415s][info][gc,nmethod  ] GC(223) y: NMethods: 7316 registered, 845 unregistered
[2026-04-03T03:19:13.862+0600][73.415s][info][gc,metaspace] GC(223) y: Metaspace: 71M used, 72M committed, 1088M reserved
[2026-04-03T03:19:13.862+0600][73.415s][info][gc,reloc    ] GC(223) y:                        Candidates     Selected     In-Place         Size        Empty    Relocated 
[2026-04-03T03:19:13.862+0600][73.415s][info][gc,reloc    ] GC(223) y: Small Pages:                   27           18            0          54M          16M           0M 
[2026-04-03T03:19:13.862+0600][73.415s][info][gc,reloc    ] GC(223) y: Medium Pages:                   0            0            0           0M           0M           0M 
[2026-04-03T03:19:13.862+0600][73.415s][info][gc,reloc    ] GC(223) y: Large Pages:                    0            0            0           0M           0M           0M 
[2026-04-03T03:19:13.862+0600][73.415s][info][gc,reloc    ] GC(223) y: Forwarding Usage: 0M
[2026-04-03T03:19:13.863+0600][73.415s][info][gc,reloc    ] GC(223) y: Age Table:
[2026-04-03T03:19:13.863+0600][73.415s][info][gc,reloc    ] GC(223) y:                    Live             Garbage             Small              Medium             Large        
[2026-04-03T03:19:13.863+0600][73.415s][info][gc,reloc    ] GC(223) y: Eden               0M (0%)           49M (5%)          25 / 16             0 / 0              0 / 0        
[2026-04-03T03:19:13.863+0600][73.415s][info][gc,reloc    ] GC(223) y: Survivor 1         0M (0%)            3M (0%)           2 / 2              0 / 0              0 / 0        
[2026-04-03T03:19:13.863+0600][73.415s][info][gc,heap     ] GC(223) y: Min Capacity: 8M(1%)
[2026-04-03T03:19:13.863+0600][73.415s][info][gc,heap     ] GC(223) y: Max Capacity: 1000M(100%)
[2026-04-03T03:19:13.863+0600][73.415s][info][gc,heap     ] GC(223) y: Soft Max Capacity: 1000M(100%)
[2026-04-03T03:19:13.863+0600][73.415s][info][gc,heap     ] GC(223) y: Heap Statistics:
[2026-04-03T03:19:13.863+0600][73.415s][info][gc,heap     ] GC(223) y:                Mark Start          Mark End        Relocate Start      Relocate End           High               Low         
[2026-04-03T03:19:13.863+0600][73.415s][info][gc,heap     ] GC(223) y:  Capacity:     1000M (100%)       1000M (100%)       1000M (100%)       1000M (100%)       1000M (100%)       1000M (100%)   
[2026-04-03T03:19:13.863+0600][73.415s][info][gc,heap     ] GC(223) y:      Free:      520M (52%)         514M (51%)         526M (53%)         558M (56%)         558M (56%)         512M (51%)    
[2026-04-03T03:19:13.863+0600][73.415s][info][gc,heap     ] GC(223) y:      Used:      480M (48%)         486M (49%)         474M (47%)         442M (44%)         488M (49%)         442M (44%)    
[2026-04-03T03:19:13.863+0600][73.415s][info][gc,heap     ] GC(223) y: Young Generation Statistics:
[2026-04-03T03:19:13.863+0600][73.415s][info][gc,heap     ] GC(223) y:                Mark Start          Mark End        Relocate Start      Relocate End    
[2026-04-03T03:19:13.863+0600][73.415s][info][gc,heap     ] GC(223) y:      Used:       54M (5%)           60M (6%)           48M (5%)           16M (2%)     
[2026-04-03T03:19:13.863+0600][73.415s][info][gc,heap     ] GC(223) y:      Live:         -                 0M (0%)            0M (0%)            0M (0%)     
[2026-04-03T03:19:13.863+0600][73.415s][info][gc,heap     ] GC(223) y:   Garbage:         -                53M (5%)           37M (4%)            0M (0%)     
[2026-04-03T03:19:13.863+0600][73.415s][info][gc,heap     ] GC(223) y: Allocated:         -                 6M (1%)           10M (1%)           15M (2%)     
[2026-04-03T03:19:13.863+0600][73.415s][info][gc,heap     ] GC(223) y: Reclaimed:         -                  -                16M (2%)           53M (5%)     
[2026-04-03T03:19:13.863+0600][73.415s][info][gc,heap     ] GC(223) y:  Promoted:         -                  -                 0M (0%)            0M (0%)     
[2026-04-03T03:19:13.863+0600][73.415s][info][gc,heap     ] GC(223) y: Compacted:         -                  -                  -                 0M (0%)     
[2026-04-03T03:19:13.863+0600][73.415s][info][gc,phases   ] GC(223) y: Young Generation 480M(48%)->442M(44%) 0.033s
[2026-04-03T03:19:13.863+0600][73.415s][info][gc          ] GC(223) Minor Collection (Allocation Rate) 480M(48%)->442M(44%) 0.033s
[2026-04-03T03:19:13.982+0600][73.535s][info][gc          ] GC(224) Minor Collection (Allocation Rate)
[2026-04-03T03:19:13.982+0600][73.535s][info][gc,task     ] GC(224) Using 1 Workers for Young Generation
[2026-04-03T03:19:13.982+0600][73.535s][info][gc,phases   ] GC(224) y: Young Generation
[2026-04-03T03:19:13.983+0600][73.535s][info][gc,phases   ] GC(224) y: Pause Mark Start 0.028ms
[2026-04-03T03:19:14.008+0600][73.560s][info][gc,phases   ] GC(224) y: Concurrent Mark 24.958ms
[2026-04-03T03:19:14.008+0600][73.560s][info][gc,phases   ] GC(224) y: Pause Mark End 0.030ms
[2026-04-03T03:19:14.008+0600][73.561s][info][gc,phases   ] GC(224) y: Concurrent Mark Free 0.001ms
[2026-04-03T03:19:14.008+0600][73.561s][info][gc,phases   ] GC(224) y: Concurrent Reset Relocation Set 0.003ms
[2026-04-03T03:19:14.010+0600][73.563s][info][gc,reloc    ] GC(224) y: Using tenuring threshold: 3 (Computed)
[2026-04-03T03:19:14.011+0600][73.563s][info][gc,phases   ] GC(224) y: Concurrent Select Relocation Set 2.815ms
[2026-04-03T03:19:14.012+0600][73.564s][info][gc,phases   ] GC(224) y: Pause Relocate Start 0.021ms
[2026-04-03T03:19:14.014+0600][73.566s][info][gc,phases   ] GC(224) y: Concurrent Relocate 2.620ms
[2026-04-03T03:19:14.014+0600][73.566s][info][gc,alloc    ] GC(224) y:                         Mark Start        Mark End      Relocate Start    Relocate End   
[2026-04-03T03:19:14.014+0600][73.567s][info][gc,alloc    ] GC(224) y: Allocation Stalls:          0                0                0                0         
[2026-04-03T03:19:14.014+0600][73.567s][info][gc,load     ] GC(224) y: Load: 5.10 (43%) / 5.07 (42%) / 5.51 (46%)
[2026-04-03T03:19:14.014+0600][73.567s][info][gc,mmu      ] GC(224) y: MMU: 2ms/90.1%, 5ms/96.1%, 10ms/98.0%, 20ms/98.5%, 50ms/99.4%, 100ms/99.6%
[2026-04-03T03:19:14.014+0600][73.567s][info][gc,marking  ] GC(224) y: Mark: 1 stripe(s), 2 proactive flush(es), 1 terminate flush(es), 0 completion(s), 0 continuation(s) 
[2026-04-03T03:19:14.014+0600][73.567s][info][gc,marking  ] GC(224) y: Mark Stack Usage: 32M
[2026-04-03T03:19:14.014+0600][73.567s][info][gc,nmethod  ] GC(224) y: NMethods: 7319 registered, 845 unregistered
[2026-04-03T03:19:14.014+0600][73.567s][info][gc,metaspace] GC(224) y: Metaspace: 71M used, 72M committed, 1088M reserved
[2026-04-03T03:19:14.014+0600][73.567s][info][gc,reloc    ] GC(224) y:                        Candidates     Selected     In-Place         Size        Empty    Relocated 
[2026-04-03T03:19:14.014+0600][73.567s][info][gc,reloc    ] GC(224) y: Small Pages:                   27           24            0          54M           4M           1M 
[2026-04-03T03:19:14.014+0600][73.567s][info][gc,reloc    ] GC(224) y: Medium Pages:                   0            0            0           0M           0M           0M 
[2026-04-03T03:19:14.014+0600][73.567s][info][gc,reloc    ] GC(224) y: Large Pages:                    0            0            0           0M           0M           0M 
[2026-04-03T03:19:14.014+0600][73.567s][info][gc,reloc    ] GC(224) y: Forwarding Usage: 0M
[2026-04-03T03:19:14.014+0600][73.567s][info][gc,reloc    ] GC(224) y: Age Table:
[2026-04-03T03:19:14.014+0600][73.567s][info][gc,reloc    ] GC(224) y:                    Live             Garbage             Small              Medium             Large        
[2026-04-03T03:19:14.014+0600][73.567s][info][gc,reloc    ] GC(224) y: Eden               1M (0%)           48M (5%)          25 / 23             0 / 0              0 / 0        
[2026-04-03T03:19:14.014+0600][73.567s][info][gc,reloc    ] GC(224) y: Survivor 1         0M (0%)            1M (0%)           1 / 1              0 / 0              0 / 0        
[2026-04-03T03:19:14.014+0600][73.567s][info][gc,reloc    ] GC(224) y: Survivor 2         0M (0%)            1M (0%)           1 / 0              0 / 0              0 / 0        
[2026-04-03T03:19:14.014+0600][73.567s][info][gc,heap     ] GC(224) y: Min Capacity: 8M(1%)
[2026-04-03T03:19:14.014+0600][73.567s][info][gc,heap     ] GC(224) y: Max Capacity: 1000M(100%)
[2026-04-03T03:19:14.014+0600][73.567s][info][gc,heap     ] GC(224) y: Soft Max Capacity: 1000M(100%)
[2026-04-03T03:19:14.014+0600][73.567s][info][gc,heap     ] GC(224) y: Heap Statistics:
[2026-04-03T03:19:14.014+0600][73.567s][info][gc,heap     ] GC(224) y:                Mark Start          Mark End        Relocate Start      Relocate End           High               Low         
[2026-04-03T03:19:14.015+0600][73.567s][info][gc,heap     ] GC(224) y:  Capacity:     1000M (100%)       1000M (100%)       1000M (100%)       1000M (100%)       1000M (100%)       1000M (100%)   
[2026-04-03T03:19:14.015+0600][73.567s][info][gc,heap     ] GC(224) y:      Free:      520M (52%)         480M (48%)         480M (48%)         520M (52%)         520M (52%)         478M (48%)    
[2026-04-03T03:19:14.015+0600][73.567s][info][gc,heap     ] GC(224) y:      Used:      480M (48%)         520M (52%)         520M (52%)         480M (48%)         522M (52%)         480M (48%)    
[2026-04-03T03:19:14.015+0600][73.567s][info][gc,heap     ] GC(224) y: Young Generation Statistics:
[2026-04-03T03:19:14.015+0600][73.567s][info][gc,heap     ] GC(224) y:                Mark Start          Mark End        Relocate Start      Relocate End    
[2026-04-03T03:19:14.015+0600][73.567s][info][gc,heap     ] GC(224) y:      Used:       54M (5%)           94M (9%)           94M (9%)           54M (5%)     
[2026-04-03T03:19:14.015+0600][73.567s][info][gc,heap     ] GC(224) y:      Live:         -                 1M (0%)            1M (0%)            1M (0%)     
[2026-04-03T03:19:14.015+0600][73.567s][info][gc,heap     ] GC(224) y:   Garbage:         -                52M (5%)           48M (5%)            0M (0%)     
[2026-04-03T03:19:14.015+0600][73.567s][info][gc,heap     ] GC(224) y: Allocated:         -                40M (4%)           44M (4%)           52M (5%)     
[2026-04-03T03:19:14.015+0600][73.567s][info][gc,heap     ] GC(224) y: Reclaimed:         -                  -                 4M (0%)           52M (5%)     
[2026-04-03T03:19:14.015+0600][73.567s][info][gc,heap     ] GC(224) y:  Promoted:         -                  -                 0M (0%)            0M (0%)     
[2026-04-03T03:19:14.015+0600][73.567s][info][gc,heap     ] GC(224) y: Compacted:         -                  -                  -                 1M (0%)     
[2026-04-03T03:19:14.015+0600][73.567s][info][gc,phases   ] GC(224) y: Young Generation 480M(48%)->480M(48%) 0.032s
[2026-04-03T03:19:14.015+0600][73.567s][info][gc          ] GC(224) Minor Collection (Allocation Rate) 480M(48%)->480M(48%) 0.032s
[2026-04-03T03:19:14.034+0600][73.586s][info][gc          ] GC(225) Minor Collection (Allocation Rate)
[2026-04-03T03:19:14.034+0600][73.586s][info][gc,task     ] GC(225) Using 1 Workers for Young Generation
[2026-04-03T03:19:14.034+0600][73.586s][info][gc,phases   ] GC(225) y: Young Generation
[2026-04-03T03:19:14.034+0600][73.587s][info][gc,phases   ] GC(225) y: Pause Mark Start 0.026ms
[2026-04-03T03:19:14.079+0600][73.631s][info][gc,phases   ] GC(225) y: Concurrent Mark 44.659ms
[2026-04-03T03:19:14.079+0600][73.632s][info][gc,phases   ] GC(225) y: Pause Mark End 0.034ms
[2026-04-03T03:19:14.080+0600][73.632s][info][gc,phases   ] GC(225) y: Concurrent Mark Free 0.004ms
[2026-04-03T03:19:14.080+0600][73.632s][info][gc,phases   ] GC(225) y: Concurrent Reset Relocation Set 0.008ms
[2026-04-03T03:19:14.082+0600][73.634s][info][gc,reloc    ] GC(225) y: Using tenuring threshold: 4 (Computed)
[2026-04-03T03:19:14.086+0600][73.638s][info][gc,phases   ] GC(225) y: Concurrent Select Relocation Set 5.900ms
[2026-04-03T03:19:14.086+0600][73.638s][info][gc,phases   ] GC(225) y: Pause Relocate Start 0.031ms
[2026-04-03T03:19:14.101+0600][73.654s][info][gc,phases   ] GC(225) y: Concurrent Relocate 15.201ms
[2026-04-03T03:19:14.101+0600][73.654s][info][gc,alloc    ] GC(225) y:                         Mark Start        Mark End      Relocate Start    Relocate End   
[2026-04-03T03:19:14.101+0600][73.654s][info][gc,alloc    ] GC(225) y: Allocation Stalls:          0                0                0                0         
[2026-04-03T03:19:14.101+0600][73.654s][info][gc,load     ] GC(225) y: Load: 5.10 (43%) / 5.07 (42%) / 5.51 (46%)
[2026-04-03T03:19:14.101+0600][73.654s][info][gc,mmu      ] GC(225) y: MMU: 2ms/90.1%, 5ms/96.1%, 10ms/98.0%, 20ms/98.5%, 50ms/99.4%, 100ms/99.6%
[2026-04-03T03:19:14.101+0600][73.654s][info][gc,marking  ] GC(225) y: Mark: 1 stripe(s), 2 proactive flush(es), 1 terminate flush(es), 0 completion(s), 0 continuation(s) 
[2026-04-03T03:19:14.101+0600][73.654s][info][gc,marking  ] GC(225) y: Mark Stack Usage: 32M
[2026-04-03T03:19:14.101+0600][73.654s][info][gc,nmethod  ] GC(225) y: NMethods: 7319 registered, 845 unregistered
[2026-04-03T03:19:14.101+0600][73.654s][info][gc,metaspace] GC(225) y: Metaspace: 71M used, 72M committed, 1088M reserved
[2026-04-03T03:19:14.101+0600][73.654s][info][gc,reloc    ] GC(225) y:                        Candidates     Selected     In-Place         Size        Empty    Relocated 
[2026-04-03T03:19:14.101+0600][73.654s][info][gc,reloc    ] GC(225) y: Small Pages:                   30           27            0          60M           0M           4M 
[2026-04-03T03:19:14.101+0600][73.654s][info][gc,reloc    ] GC(225) y: Medium Pages:                   1            0            0          16M           0M           0M 
[2026-04-03T03:19:14.101+0600][73.654s][info][gc,reloc    ] GC(225) y: Large Pages:                    0            0            0           0M           0M           0M 
[2026-04-03T03:19:14.101+0600][73.654s][info][gc,reloc    ] GC(225) y: Forwarding Usage: 3M
[2026-04-03T03:19:14.101+0600][73.654s][info][gc,reloc    ] GC(225) y: Age Table:
[2026-04-03T03:19:14.102+0600][73.654s][info][gc,reloc    ] GC(225) y:                    Live             Garbage             Small              Medium             Large        
[2026-04-03T03:19:14.102+0600][73.654s][info][gc,reloc    ] GC(225) y: Eden               5M (1%)           62M (6%)          26 / 23             1 / 0              0 / 0        
[2026-04-03T03:19:14.102+0600][73.654s][info][gc,reloc    ] GC(225) y: Survivor 1         0M (0%)            3M (0%)           2 / 2              0 / 0              0 / 0        
[2026-04-03T03:19:14.102+0600][73.654s][info][gc,reloc    ] GC(225) y: Survivor 2         0M (0%)            1M (0%)           1 / 1              0 / 0              0 / 0        
[2026-04-03T03:19:14.102+0600][73.654s][info][gc,reloc    ] GC(225) y: Survivor 3         0M (0%)            1M (0%)           1 / 1              0 / 0              0 / 0        
[2026-04-03T03:19:14.102+0600][73.654s][info][gc,heap     ] GC(225) y: Min Capacity: 8M(1%)
[2026-04-03T03:19:14.102+0600][73.654s][info][gc,heap     ] GC(225) y: Max Capacity: 1000M(100%)
[2026-04-03T03:19:14.102+0600][73.654s][info][gc,heap     ] GC(225) y: Soft Max Capacity: 1000M(100%)
[2026-04-03T03:19:14.102+0600][73.654s][info][gc,heap     ] GC(225) y: Heap Statistics:
[2026-04-03T03:19:14.102+0600][73.654s][info][gc,heap     ] GC(225) y:                Mark Start          Mark End        Relocate Start      Relocate End           High               Low         
[2026-04-03T03:19:14.102+0600][73.654s][info][gc,heap     ] GC(225) y:  Capacity:     1000M (100%)       1000M (100%)       1000M (100%)       1000M (100%)       1000M (100%)       1000M (100%)   
[2026-04-03T03:19:14.102+0600][73.654s][info][gc,heap     ] GC(225) y:      Free:      498M (50%)         446M (45%)         436M (44%)         466M (47%)         498M (50%)         426M (43%)    
[2026-04-03T03:19:14.102+0600][73.654s][info][gc,heap     ] GC(225) y:      Used:      502M (50%)         554M (55%)         564M (56%)         534M (53%)         574M (57%)         502M (50%)    
[2026-04-03T03:19:14.102+0600][73.654s][info][gc,heap     ] GC(225) y: Young Generation Statistics:
[2026-04-03T03:19:14.102+0600][73.654s][info][gc,heap     ] GC(225) y:                Mark Start          Mark End        Relocate Start      Relocate End    
[2026-04-03T03:19:14.102+0600][73.654s][info][gc,heap     ] GC(225) y:      Used:       76M (8%)          128M (13%)         138M (14%)         108M (11%)    
[2026-04-03T03:19:14.102+0600][73.654s][info][gc,heap     ] GC(225) y:      Live:         -                 6M (1%)            6M (1%)            6M (1%)     
[2026-04-03T03:19:14.102+0600][73.654s][info][gc,heap     ] GC(225) y:   Garbage:         -                69M (7%)           69M (7%)           14M (1%)     
[2026-04-03T03:19:14.102+0600][73.654s][info][gc,heap     ] GC(225) y: Allocated:         -                52M (5%)           62M (6%)           86M (9%)     
[2026-04-03T03:19:14.102+0600][73.654s][info][gc,heap     ] GC(225) y: Reclaimed:         -                  -                 0M (0%)           54M (5%)     
[2026-04-03T03:19:14.102+0600][73.654s][info][gc,heap     ] GC(225) y:  Promoted:         -                  -                 0M (0%)            0M (0%)     
[2026-04-03T03:19:14.102+0600][73.654s][info][gc,heap     ] GC(225) y: Compacted:         -                  -                  -                 5M (1%)     
[2026-04-03T03:19:14.102+0600][73.654s][info][gc,phases   ] GC(225) y: Young Generation 502M(50%)->534M(53%) 0.067s
[2026-04-03T03:19:14.102+0600][73.654s][info][gc          ] GC(225) Minor Collection (Allocation Rate) 502M(50%)->534M(53%) 0.068s
[2026-04-03T03:19:14.127+0600][73.679s][info][gc,task     ] Adjusting Workers for Old Generation: 2 -> 1
[2026-04-03T03:19:14.127+0600][73.679s][info][gc          ] GC(226) Minor Collection (Allocation Rate)
[2026-04-03T03:19:14.127+0600][73.679s][info][gc,task     ] GC(226) Using 2 Workers for Young Generation
[2026-04-03T03:19:14.127+0600][73.679s][info][gc,phases   ] GC(226) y: Young Generation
[2026-04-03T03:19:14.127+0600][73.680s][info][gc,phases   ] GC(226) y: Pause Mark Start 0.030ms
[2026-04-03T03:19:14.199+0600][73.751s][info][gc,phases   ] GC(226) y: Concurrent Mark 71.568ms
[2026-04-03T03:19:14.199+0600][73.752s][info][gc,phases   ] GC(226) y: Pause Mark End 0.029ms
[2026-04-03T03:19:14.200+0600][73.752s][info][gc,phases   ] GC(226) y: Concurrent Mark Free 0.002ms
[2026-04-03T03:19:14.200+0600][73.752s][info][gc,phases   ] GC(226) y: Concurrent Reset Relocation Set 0.018ms
[2026-04-03T03:19:14.202+0600][73.754s][info][gc,reloc    ] GC(226) y: Using tenuring threshold: 4 (Computed)
[2026-04-03T03:19:14.206+0600][73.759s][info][gc,phases   ] GC(226) y: Concurrent Select Relocation Set 6.861ms
[2026-04-03T03:19:14.207+0600][73.759s][info][gc,phases   ] GC(226) y: Pause Relocate Start 0.029ms
[2026-04-03T03:19:14.229+0600][73.782s][info][gc,phases   ] GC(226) y: Concurrent Relocate 22.243ms
[2026-04-03T03:19:14.230+0600][73.782s][info][gc,alloc    ] GC(226) y:                         Mark Start        Mark End      Relocate Start    Relocate End   
[2026-04-03T03:19:14.230+0600][73.782s][info][gc,alloc    ] GC(226) y: Allocation Stalls:          0                0                0                0         
[2026-04-03T03:19:14.230+0600][73.782s][info][gc,load     ] GC(226) y: Load: 5.10 (43%) / 5.07 (42%) / 5.51 (46%)
[2026-04-03T03:19:14.230+0600][73.782s][info][gc,mmu      ] GC(226) y: MMU: 2ms/90.1%, 5ms/96.1%, 10ms/98.0%, 20ms/98.5%, 50ms/99.4%, 100ms/99.6%
[2026-04-03T03:19:14.230+0600][73.782s][info][gc,marking  ] GC(226) y: Mark: 2 stripe(s), 2 proactive flush(es), 1 terminate flush(es), 0 completion(s), 0 continuation(s) 
[2026-04-03T03:19:14.230+0600][73.782s][info][gc,marking  ] GC(226) y: Mark Stack Usage: 32M
[2026-04-03T03:19:14.230+0600][73.782s][info][gc,nmethod  ] GC(226) y: NMethods: 7319 registered, 845 unregistered
[2026-04-03T03:19:14.230+0600][73.782s][info][gc,metaspace] GC(226) y: Metaspace: 71M used, 72M committed, 1088M reserved
[2026-04-03T03:19:14.230+0600][73.782s][info][gc,reloc    ] GC(226) y:                        Candidates     Selected     In-Place         Size        Empty    Relocated 
[2026-04-03T03:19:14.230+0600][73.782s][info][gc,reloc    ] GC(226) y: Small Pages:                   59           50            0         118M           0M           8M 
[2026-04-03T03:19:14.230+0600][73.782s][info][gc,reloc    ] GC(226) y: Medium Pages:                   1            0            0          16M          16M           0M 
[2026-04-03T03:19:14.230+0600][73.782s][info][gc,reloc    ] GC(226) y: Large Pages:                    1            0            0           4M           0M           0M 
[2026-04-03T03:19:14.230+0600][73.782s][info][gc,reloc    ] GC(226) y: Forwarding Usage: 8M
[2026-04-03T03:19:14.230+0600][73.782s][info][gc,reloc    ] GC(226) y: Age Table:
[2026-04-03T03:19:14.230+0600][73.782s][info][gc,reloc    ] GC(226) y:                    Live             Garbage             Small              Medium             Large        
[2026-04-03T03:19:14.230+0600][73.782s][info][gc,reloc    ] GC(226) y: Eden              13M (1%)           90M (9%)          50 / 46             0 / 0              1 / 0        
[2026-04-03T03:19:14.230+0600][73.782s][info][gc,reloc    ] GC(226) y: Survivor 1         3M (0%)           22M (2%)           5 / 2              1 / 0              0 / 0        
[2026-04-03T03:19:14.230+0600][73.782s][info][gc,reloc    ] GC(226) y: Survivor 2         0M (0%)            3M (0%)           2 / 1              0 / 0              0 / 0        
[2026-04-03T03:19:14.230+0600][73.782s][info][gc,reloc    ] GC(226) y: Survivor 3         0M (0%)            1M (0%)           1 / 0              0 / 0              0 / 0        
[2026-04-03T03:19:14.230+0600][73.782s][info][gc,reloc    ] GC(226) y: Survivor 4         0M (0%)            1M (0%)           1 / 1              0 / 0              0 / 0        
[2026-04-03T03:19:14.230+0600][73.782s][info][gc,heap     ] GC(226) y: Min Capacity: 8M(1%)
[2026-04-03T03:19:14.230+0600][73.782s][info][gc,heap     ] GC(226) y: Max Capacity: 1000M(100%)
[2026-04-03T03:19:14.230+0600][73.782s][info][gc,heap     ] GC(226) y: Soft Max Capacity: 1000M(100%)
[2026-04-03T03:19:14.230+0600][73.782s][info][gc,heap     ] GC(226) y: Heap Statistics:
[2026-04-03T03:19:14.230+0600][73.782s][info][gc,heap     ] GC(226) y:                Mark Start          Mark End        Relocate Start      Relocate End           High               Low         
[2026-04-03T03:19:14.230+0600][73.782s][info][gc,heap     ] GC(226) y:  Capacity:     1000M (100%)       1000M (100%)       1000M (100%)       1000M (100%)       1000M (100%)       1000M (100%)   
[2026-04-03T03:19:14.230+0600][73.782s][info][gc,heap     ] GC(226) y:      Free:      436M (44%)         354M (35%)         364M (36%)         416M (42%)         436M (44%)         348M (35%)    
[2026-04-03T03:19:14.230+0600][73.782s][info][gc,heap     ] GC(226) y:      Used:      564M (56%)         646M (65%)         636M (64%)         584M (58%)         652M (65%)         564M (56%)    
[2026-04-03T03:19:14.230+0600][73.782s][info][gc,heap     ] GC(226) y: Young Generation Statistics:
[2026-04-03T03:19:14.230+0600][73.782s][info][gc,heap     ] GC(226) y:                Mark Start          Mark End        Relocate Start      Relocate End    
[2026-04-03T03:19:14.230+0600][73.782s][info][gc,heap     ] GC(226) y:      Used:      138M (14%)         220M (22%)         210M (21%)         156M (16%)    
[2026-04-03T03:19:14.230+0600][73.782s][info][gc,heap     ] GC(226) y:      Live:         -                18M (2%)           18M (2%)           18M (2%)     
[2026-04-03T03:19:14.230+0600][73.782s][info][gc,heap     ] GC(226) y:   Garbage:         -               119M (12%)         103M (10%)           1M (0%)     
[2026-04-03T03:19:14.230+0600][73.782s][info][gc,heap     ] GC(226) y: Allocated:         -                82M (8%)           88M (9%)          135M (14%)    
[2026-04-03T03:19:14.230+0600][73.782s][info][gc,heap     ] GC(226) y: Reclaimed:         -                  -                16M (2%)          117M (12%)    
[2026-04-03T03:19:14.230+0600][73.783s][info][gc,heap     ] GC(226) y:  Promoted:         -                  -                 0M (0%)            0M (0%)     
[2026-04-03T03:19:14.230+0600][73.783s][info][gc,heap     ] GC(226) y: Compacted:         -                  -                  -                10M (1%)     
[2026-04-03T03:19:14.230+0600][73.783s][info][gc,phases   ] GC(226) y: Young Generation 564M(56%)->584M(58%) 0.102s
[2026-04-03T03:19:14.230+0600][73.783s][info][gc          ] GC(226) Minor Collection (Allocation Rate) 564M(56%)->584M(58%) 0.103s
[2026-04-03T03:19:14.359+0600][73.911s][info][gc          ] GC(227) Minor Collection (Allocation Rate)
[2026-04-03T03:19:14.359+0600][73.911s][info][gc,task     ] GC(227) Using 2 Workers for Young Generation
[2026-04-03T03:19:14.359+0600][73.911s][info][gc,phases   ] GC(227) y: Young Generation
[2026-04-03T03:19:14.359+0600][73.911s][info][gc,phases   ] GC(227) y: Pause Mark Start 0.033ms
[2026-04-03T03:19:14.512+0600][74.064s][info][gc,phases   ] GC(221) O: Concurrent Mark 919.546ms
[2026-04-03T03:19:14.515+0600][74.067s][info][gc,phases   ] GC(221) O: Pause Mark End 0.033ms
[2026-04-03T03:19:14.515+0600][74.067s][info][gc,phases   ] GC(221) O: Concurrent Mark Free 0.005ms
[2026-04-03T03:19:14.544+0600][74.096s][info][gc,phases   ] GC(227) y: Concurrent Mark 184.404ms
[2026-04-03T03:19:14.549+0600][74.102s][info][gc,phases   ] GC(227) y: Pause Mark End 0.040ms
[2026-04-03T03:19:14.550+0600][74.102s][info][gc,phases   ] GC(227) y: Concurrent Mark Free 0.003ms
[2026-04-03T03:19:14.550+0600][74.102s][info][gc,phases   ] GC(227) y: Concurrent Reset Relocation Set 0.016ms
[2026-04-03T03:19:14.551+0600][74.103s][info][gc,phases   ] GC(221) O: Concurrent Process Non-Strong 35.754ms
[2026-04-03T03:19:14.551+0600][74.103s][info][gc,phases   ] GC(221) O: Concurrent Reset Relocation Set 0.006ms
[2026-04-03T03:19:14.552+0600][74.104s][info][gc,reloc    ] GC(227) y: Using tenuring threshold: 5 (Computed)
[2026-04-03T03:19:14.558+0600][74.110s][info][gc,phases   ] GC(221) O: Concurrent Select Relocation Set 6.688ms
[2026-04-03T03:19:14.559+0600][74.111s][info][gc,phases   ] GC(227) y: Concurrent Select Relocation Set 9.023ms
[2026-04-03T03:19:14.559+0600][74.111s][info][gc,phases   ] GC(227) y: Pause Relocate Start 0.052ms
[2026-04-03T03:19:14.600+0600][74.152s][info][gc,phases   ] GC(227) y: Concurrent Relocate 40.391ms
[2026-04-03T03:19:14.600+0600][74.152s][info][gc,alloc    ] GC(227) y:                         Mark Start        Mark End      Relocate Start    Relocate End   
[2026-04-03T03:19:14.600+0600][74.152s][info][gc,alloc    ] GC(227) y: Allocation Stalls:          0                0                0                0         
[2026-04-03T03:19:14.600+0600][74.152s][info][gc,load     ] GC(227) y: Load: 5.10 (43%) / 5.07 (42%) / 5.51 (46%)
[2026-04-03T03:19:14.600+0600][74.152s][info][gc,mmu      ] GC(227) y: MMU: 2ms/90.1%, 5ms/96.1%, 10ms/98.0%, 20ms/98.5%, 50ms/99.4%, 100ms/99.6%
[2026-04-03T03:19:14.600+0600][74.152s][info][gc,marking  ] GC(227) y: Mark: 2 stripe(s), 2 proactive flush(es), 1 terminate flush(es), 0 completion(s), 0 continuation(s) 
[2026-04-03T03:19:14.600+0600][74.152s][info][gc,marking  ] GC(227) y: Mark Stack Usage: 32M
[2026-04-03T03:19:14.600+0600][74.152s][info][gc,nmethod  ] GC(227) y: NMethods: 7316 registered, 848 unregistered
[2026-04-03T03:19:14.600+0600][74.152s][info][gc,metaspace] GC(227) y: Metaspace: 71M used, 72M committed, 1088M reserved
[2026-04-03T03:19:14.600+0600][74.152s][info][gc,reloc    ] GC(227) y:                        Candidates     Selected     In-Place         Size        Empty    Relocated 
[2026-04-03T03:19:14.600+0600][74.152s][info][gc,reloc    ] GC(227) y: Small Pages:                  127          110            0         254M           0M          15M 
[2026-04-03T03:19:14.600+0600][74.152s][info][gc,reloc    ] GC(227) y: Medium Pages:                   1            0            0          16M          16M           0M 
[2026-04-03T03:19:14.600+0600][74.152s][info][gc,reloc    ] GC(227) y: Large Pages:                    2            0            0          10M           4M           0M 
[2026-04-03T03:19:14.600+0600][74.152s][info][gc,reloc    ] GC(227) y: Forwarding Usage: 14M
[2026-04-03T03:19:14.600+0600][74.152s][info][gc,reloc    ] GC(227) y: Age Table:
[2026-04-03T03:19:14.600+0600][74.152s][info][gc,reloc    ] GC(227) y:                    Live             Garbage             Small              Medium             Large        
[2026-04-03T03:19:14.600+0600][74.152s][info][gc,reloc    ] GC(227) y: Eden              22M (2%)          213M (21%)        107 / 98             1 / 0              1 / 0        
[2026-04-03T03:19:14.600+0600][74.153s][info][gc,reloc    ] GC(227) y: Survivor 1         8M (1%)           13M (1%)           9 / 5              0 / 0              1 / 0        
[2026-04-03T03:19:14.600+0600][74.153s][info][gc,reloc    ] GC(227) y: Survivor 2         3M (0%)           10M (1%)           7 / 5              0 / 0              0 / 0        
[2026-04-03T03:19:14.600+0600][74.153s][info][gc,reloc    ] GC(227) y: Survivor 3         0M (0%)            5M (1%)           3 / 1              0 / 0              0 / 0        
[2026-04-03T03:19:14.600+0600][74.153s][info][gc,reloc    ] GC(227) y: Survivor 4         0M (0%)            1M (0%)           1 / 1              0 / 0              0 / 0        
[2026-04-03T03:19:14.600+0600][74.153s][info][gc,heap     ] GC(227) y: Min Capacity: 8M(1%)
[2026-04-03T03:19:14.600+0600][74.153s][info][gc,heap     ] GC(227) y: Max Capacity: 1000M(100%)
[2026-04-03T03:19:14.600+0600][74.153s][info][gc,heap     ] GC(227) y: Soft Max Capacity: 1000M(100%)
[2026-04-03T03:19:14.600+0600][74.153s][info][gc,heap     ] GC(227) y: Heap Statistics:
[2026-04-03T03:19:14.600+0600][74.153s][info][gc,heap     ] GC(227) y:                Mark Start          Mark End        Relocate Start      Relocate End           High               Low         
[2026-04-03T03:19:14.600+0600][74.153s][info][gc,heap     ] GC(227) y:  Capacity:     1000M (100%)       1000M (100%)       1000M (100%)       1000M (100%)       1000M (100%)       1000M (100%)   
[2026-04-03T03:19:14.600+0600][74.153s][info][gc,heap     ] GC(227) y:      Free:      292M (29%)         112M (11%)         168M (17%)         328M (33%)         332M (33%)         110M (11%)    
[2026-04-03T03:19:14.600+0600][74.153s][info][gc,heap     ] GC(227) y:      Used:      708M (71%)         888M (89%)         832M (83%)         672M (67%)         890M (89%)         668M (67%)    
[2026-04-03T03:19:14.600+0600][74.153s][info][gc,heap     ] GC(227) y: Young Generation Statistics:
[2026-04-03T03:19:14.600+0600][74.153s][info][gc,heap     ] GC(227) y:                Mark Start          Mark End        Relocate Start      Relocate End    
[2026-04-03T03:19:14.600+0600][74.153s][info][gc,heap     ] GC(227) y:      Used:      280M (28%)         460M (46%)         446M (45%)         286M (29%)    
[2026-04-03T03:19:14.600+0600][74.153s][info][gc,heap     ] GC(227) y:      Live:         -                35M (4%)           35M (4%)           35M (4%)     
[2026-04-03T03:19:14.600+0600][74.153s][info][gc,heap     ] GC(227) y:   Garbage:         -               244M (24%)         224M (22%)           1M (0%)     
[2026-04-03T03:19:14.600+0600][74.153s][info][gc,heap     ] GC(227) y: Allocated:         -               180M (18%)         186M (19%)         249M (25%)    
[2026-04-03T03:19:14.601+0600][74.153s][info][gc,heap     ] GC(227) y: Reclaimed:         -                  -                20M (2%)          243M (24%)    
[2026-04-03T03:19:14.601+0600][74.153s][info][gc,heap     ] GC(227) y:  Promoted:         -                  -                 0M (0%)            0M (0%)     
[2026-04-03T03:19:14.601+0600][74.153s][info][gc,heap     ] GC(227) y: Compacted:         -                  -                  -                18M (2%)     
[2026-04-03T03:19:14.601+0600][74.153s][info][gc,phases   ] GC(227) y: Young Generation 708M(71%)->672M(67%) 0.241s
[2026-04-03T03:19:14.601+0600][74.153s][info][gc          ] GC(227) Minor Collection (Allocation Rate) 708M(71%)->672M(67%) 0.242s
[2026-04-03T03:19:14.601+0600][74.153s][info][gc          ] GC(228) Minor Collection (Allocation Rate)
[2026-04-03T03:19:14.601+0600][74.153s][info][gc,task     ] GC(228) Using 2 Workers for Young Generation
[2026-04-03T03:19:14.601+0600][74.153s][info][gc,phases   ] GC(228) y: Young Generation
[2026-04-03T03:19:14.601+0600][74.153s][info][gc,phases   ] GC(228) y: Pause Mark Start 0.037ms
[2026-04-03T03:19:14.891+0600][74.444s][info][gc,task     ] Adjusting Workers for Old Generation: 1 -> 3
[2026-04-03T03:19:14.892+0600][74.444s][info][gc,task     ] Adjusting Workers for Young Generation: 2 -> 3
[2026-04-03T03:19:14.901+0600][74.454s][info][gc,phases   ] GC(228) y: Concurrent Mark 299.890ms
[2026-04-03T03:19:14.901+0600][74.454s][info][gc,phases   ] GC(228) y: Pause Mark End 0.022ms
[2026-04-03T03:19:14.902+0600][74.454s][info][gc,phases   ] GC(228) y: Concurrent Mark Free 0.002ms
[2026-04-03T03:19:14.902+0600][74.454s][info][gc,phases   ] GC(228) y: Concurrent Reset Relocation Set 0.022ms
[2026-04-03T03:19:14.903+0600][74.456s][info][gc,reloc    ] GC(228) y: Using tenuring threshold: 3 (Computed)
[2026-04-03T03:19:14.908+0600][74.460s][info][gc,phases   ] GC(228) y: Concurrent Select Relocation Set 5.941ms
[2026-04-03T03:19:14.908+0600][74.460s][info][gc,phases   ] GC(228) y: Pause Relocate Start 0.021ms
[2026-04-03T03:19:14.908+0600][74.460s][info][gc          ] Allocation Stall (Executor task launch worker for task 2.0 in stage 28.0 (TID 44)) 18.584ms
[2026-04-03T03:19:14.908+0600][74.460s][info][gc          ] Allocation Stall (Executor task launch worker for task 1.0 in stage 28.0 (TID 43)) 16.747ms
[2026-04-03T03:19:14.908+0600][74.460s][info][gc          ] Relocation Stall (Executor task launch worker for task 0.0 in stage 28.0 (TID 42)) 0.187ms
[2026-04-03T03:19:14.908+0600][74.460s][info][gc          ] Allocation Stall (Executor task launch worker for task 0.0 in stage 28.0 (TID 42)) 15.063ms
[2026-04-03T03:19:14.930+0600][74.482s][info][gc,phases   ] GC(228) y: Concurrent Relocate 22.318ms
[2026-04-03T03:19:14.930+0600][74.482s][info][gc,alloc    ] GC(228) y:                         Mark Start        Mark End      Relocate Start    Relocate End   
[2026-04-03T03:19:14.930+0600][74.482s][info][gc,alloc    ] GC(228) y: Allocation Stalls:          0                3                3                0         
[2026-04-03T03:19:14.930+0600][74.482s][info][gc,load     ] GC(228) y: Load: 5.10 (43%) / 5.07 (42%) / 5.51 (46%)
[2026-04-03T03:19:14.930+0600][74.482s][info][gc,mmu      ] GC(228) y: MMU: 2ms/90.1%, 5ms/96.1%, 10ms/98.0%, 20ms/98.5%, 50ms/99.4%, 100ms/99.6%
[2026-04-03T03:19:14.930+0600][74.482s][info][gc,marking  ] GC(228) y: Mark: 2 stripe(s), 10 proactive flush(es), 1 terminate flush(es), 0 completion(s), 0 continuation(s) 
[2026-04-03T03:19:14.930+0600][74.483s][info][gc,marking  ] GC(228) y: Mark Stack Usage: 32M
[2026-04-03T03:19:14.930+0600][74.483s][info][gc,nmethod  ] GC(228) y: NMethods: 7316 registered, 848 unregistered
[2026-04-03T03:19:14.930+0600][74.483s][info][gc,metaspace] GC(228) y: Metaspace: 71M used, 72M committed, 1088M reserved
[2026-04-03T03:19:14.930+0600][74.483s][info][gc,reloc    ] GC(228) y:                        Candidates     Selected     In-Place         Size        Empty    Relocated 
[2026-04-03T03:19:14.930+0600][74.483s][info][gc,reloc    ] GC(228) y: Small Pages:                  122          101            9         244M           0M           9M 
[2026-04-03T03:19:14.930+0600][74.483s][info][gc,reloc    ] GC(228) y: Medium Pages:                   1            0            0          16M           0M           0M 
[2026-04-03T03:19:14.930+0600][74.483s][info][gc,reloc    ] GC(228) y: Large Pages:                    3            0            0          26M           0M           0M 
[2026-04-03T03:19:14.930+0600][74.483s][info][gc,reloc    ] GC(228) y: Forwarding Usage: 9M
[2026-04-03T03:19:14.930+0600][74.483s][info][gc,reloc    ] GC(228) y: Age Table:
[2026-04-03T03:19:14.930+0600][74.483s][info][gc,reloc    ] GC(228) y:                    Live             Garbage             Small              Medium             Large        
[2026-04-03T03:19:14.930+0600][74.483s][info][gc,reloc    ] GC(228) y: Eden              28M (3%)          193M (19%)         93 / 89             1 / 0              2 / 0        
[2026-04-03T03:19:14.930+0600][74.483s][info][gc,reloc    ] GC(228) y: Survivor 1        21M (2%)            8M (1%)          12 / 3              0 / 0              1 / 0        
[2026-04-03T03:19:14.930+0600][74.483s][info][gc,reloc    ] GC(228) y: Survivor 2         8M (1%)            7M (1%)           8 / 2              0 / 0              0 / 0        
[2026-04-03T03:19:14.930+0600][74.483s][info][gc,reloc    ] GC(228) y: Survivor 3         3M (0%)            6M (1%)           5 / 3              0 / 0              0 / 0        
[2026-04-03T03:19:14.930+0600][74.483s][info][gc,reloc    ] GC(228) y: Survivor 4         0M (0%)            5M (1%)           3 / 3              0 / 0              0 / 0        
[2026-04-03T03:19:14.930+0600][74.483s][info][gc,reloc    ] GC(228) y: Survivor 5         0M (0%)            1M (0%)           1 / 1              0 / 0              0 / 0        
[2026-04-03T03:19:14.930+0600][74.483s][info][gc,heap     ] GC(228) y: Min Capacity: 8M(1%)
[2026-04-03T03:19:14.930+0600][74.483s][info][gc,heap     ] GC(228) y: Max Capacity: 1000M(100%)
[2026-04-03T03:19:14.930+0600][74.483s][info][gc,heap     ] GC(228) y: Soft Max Capacity: 1000M(100%)
[2026-04-03T03:19:14.931+0600][74.483s][info][gc,heap     ] GC(228) y: Heap Statistics:
[2026-04-03T03:19:14.931+0600][74.483s][info][gc,heap     ] GC(228) y:                Mark Start          Mark End        Relocate Start      Relocate End           High               Low         
[2026-04-03T03:19:14.931+0600][74.483s][info][gc,heap     ] GC(228) y:  Capacity:     1000M (100%)       1000M (100%)       1000M (100%)       1000M (100%)       1000M (100%)       1000M (100%)   
[2026-04-03T03:19:14.931+0600][74.483s][info][gc,heap     ] GC(228) y:      Free:      328M (33%)           0M (0%)            0M (0%)          150M (15%)         328M (33%)           0M (0%)     
[2026-04-03T03:19:14.931+0600][74.483s][info][gc,heap     ] GC(228) y:      Used:      672M (67%)        1000M (100%)       1000M (100%)        850M (85%)        1000M (100%)        672M (67%)    
[2026-04-03T03:19:14.931+0600][74.483s][info][gc,heap     ] GC(228) y: Young Generation Statistics:
[2026-04-03T03:19:14.931+0600][74.483s][info][gc,heap     ] GC(228) y:                Mark Start          Mark End        Relocate Start      Relocate End    
[2026-04-03T03:19:14.931+0600][74.483s][info][gc,heap     ] GC(228) y:      Used:      286M (29%)         614M (61%)         610M (61%)         452M (45%)    
[2026-04-03T03:19:14.931+0600][74.483s][info][gc,heap     ] GC(228) y:      Live:         -                62M (6%)           59M (6%)           58M (6%)     
[2026-04-03T03:19:14.931+0600][74.483s][info][gc,heap     ] GC(228) y:   Garbage:         -               223M (22%)         222M (22%)          18M (2%)     
[2026-04-03T03:19:14.931+0600][74.483s][info][gc,heap     ] GC(228) y: Allocated:         -               328M (33%)         328M (33%)         375M (38%)    
[2026-04-03T03:19:14.931+0600][74.483s][info][gc,heap     ] GC(228) y: Reclaimed:         -                  -                 0M (0%)          204M (20%)    
[2026-04-03T03:19:14.931+0600][74.483s][info][gc,heap     ] GC(228) y:  Promoted:         -                  -                 3M (0%)            4M (0%)     
[2026-04-03T03:19:14.931+0600][74.483s][info][gc,heap     ] GC(228) y: Compacted:         -                  -                  -                 8M (1%)     
[2026-04-03T03:19:14.931+0600][74.483s][info][gc,phases   ] GC(228) y: Young Generation 672M(67%)->850M(85%) 0.329s
[2026-04-03T03:19:14.931+0600][74.483s][info][gc          ] GC(228) Minor Collection (Allocation Rate) 672M(67%)->850M(85%) 0.330s
[2026-04-03T03:19:14.931+0600][74.483s][info][gc          ] GC(229) Minor Collection (Allocation Rate)
[2026-04-03T03:19:14.931+0600][74.483s][info][gc,task     ] GC(229) Using 2 Workers for Young Generation
[2026-04-03T03:19:14.931+0600][74.483s][info][gc,phases   ] GC(229) y: Young Generation
[2026-04-03T03:19:14.931+0600][74.483s][info][gc,phases   ] GC(229) y: Pause Mark Start 0.025ms
[2026-04-03T03:19:15.096+0600][74.649s][info][gc,task     ] Adjusting Workers for Young Generation: 2 -> 3
[2026-04-03T03:19:15.158+0600][74.710s][info][gc,phases   ] GC(229) y: Concurrent Mark 226.676ms
[2026-04-03T03:19:15.158+0600][74.710s][info][gc,phases   ] GC(229) y: Pause Mark End 0.023ms
[2026-04-03T03:19:15.158+0600][74.710s][info][gc,phases   ] GC(229) y: Concurrent Mark Free 0.001ms
[2026-04-03T03:19:15.158+0600][74.710s][info][gc,phases   ] GC(229) y: Concurrent Reset Relocation Set 0.033ms
[2026-04-03T03:19:15.161+0600][74.713s][info][gc,reloc    ] GC(229) y: Using tenuring threshold: 1 (Computed)
[2026-04-03T03:19:15.161+0600][74.713s][info][gc          ] Allocation Stall (Executor task launch worker for task 1.0 in stage 28.0 (TID 43)) 65.037ms
[2026-04-03T03:19:15.161+0600][74.713s][info][gc          ] Allocation Stall (Executor task launch worker for task 2.0 in stage 28.0 (TID 44)) 68.940ms
[2026-04-03T03:19:15.161+0600][74.713s][info][gc          ] Allocation Stall (Executor task launch worker for task 0.0 in stage 28.0 (TID 42)) 69.463ms
[2026-04-03T03:19:15.187+0600][74.739s][info][gc,phases   ] GC(229) y: Concurrent Select Relocation Set 28.448ms
[2026-04-03T03:19:15.187+0600][74.739s][info][gc,phases   ] GC(229) y: Pause Relocate Start 0.024ms
[2026-04-03T03:19:15.188+0600][74.740s][info][gc          ] Relocation Stall (Executor task launch worker for task 0.0 in stage 28.0 (TID 42)) 0.440ms
[2026-04-03T03:19:15.298+0600][74.851s][info][gc,phases   ] GC(229) y: Concurrent Relocate 111.001ms
[2026-04-03T03:19:15.298+0600][74.851s][info][gc,alloc    ] GC(229) y:                         Mark Start        Mark End      Relocate Start    Relocate End   
[2026-04-03T03:19:15.298+0600][74.851s][info][gc,alloc    ] GC(229) y: Allocation Stalls:          0                3                0                0         
[2026-04-03T03:19:15.298+0600][74.851s][info][gc,load     ] GC(229) y: Load: 5.10 (43%) / 5.07 (42%) / 5.51 (46%)
[2026-04-03T03:19:15.298+0600][74.851s][info][gc,mmu      ] GC(229) y: MMU: 2ms/90.1%, 5ms/96.1%, 10ms/98.0%, 20ms/98.5%, 50ms/99.4%, 100ms/99.6%
[2026-04-03T03:19:15.298+0600][74.851s][info][gc,marking  ] GC(229) y: Mark: 2 stripe(s), 10 proactive flush(es), 1 terminate flush(es), 0 completion(s), 0 continuation(s) 
[2026-04-03T03:19:15.298+0600][74.851s][info][gc,marking  ] GC(229) y: Mark Stack Usage: 32M
[2026-04-03T03:19:15.298+0600][74.851s][info][gc,nmethod  ] GC(229) y: NMethods: 7316 registered, 848 unregistered
[2026-04-03T03:19:15.299+0600][74.851s][info][gc,metaspace] GC(229) y: Metaspace: 71M used, 72M committed, 1088M reserved
[2026-04-03T03:19:15.299+0600][74.851s][info][gc,reloc    ] GC(229) y:                        Candidates     Selected     In-Place         Size        Empty    Relocated 
[2026-04-03T03:19:15.299+0600][74.851s][info][gc,reloc    ] GC(229) y: Small Pages:                  195          170            0         390M           0M          15M 
[2026-04-03T03:19:15.299+0600][74.851s][info][gc,reloc    ] GC(229) y: Medium Pages:                   2            0            0          32M          32M           0M 
[2026-04-03T03:19:15.299+0600][74.851s][info][gc,reloc    ] GC(229) y: Large Pages:                    4            0            0          30M           0M           0M 
[2026-04-03T03:19:15.299+0600][74.851s][info][gc,reloc    ] GC(229) y: Forwarding Usage: 14M
[2026-04-03T03:19:15.299+0600][74.851s][info][gc,reloc    ] GC(229) y: Age Table:
[2026-04-03T03:19:15.299+0600][74.851s][info][gc,reloc    ] GC(229) y:                    Live             Garbage             Small              Medium             Large        
[2026-04-03T03:19:15.299+0600][74.851s][info][gc,reloc    ] GC(229) y: Eden              17M (2%)          336M (34%)        167 / 159            1 / 0              1 / 0        
[2026-04-03T03:19:15.299+0600][74.851s][info][gc,reloc    ] GC(229) y: Survivor 1        27M (3%)           26M (3%)           9 / 5              1 / 0              2 / 0        
[2026-04-03T03:19:15.299+0600][74.851s][info][gc,reloc    ] GC(229) y: Survivor 2        21M (2%)            8M (1%)          12 / 3              0 / 0              1 / 0        
[2026-04-03T03:19:15.299+0600][74.851s][info][gc,reloc    ] GC(229) y: Survivor 3         8M (1%)            5M (1%)           7 / 3              0 / 0              0 / 0        
[2026-04-03T03:19:15.299+0600][74.851s][info][gc,heap     ] GC(229) y: Min Capacity: 8M(1%)
[2026-04-03T03:19:15.299+0600][74.851s][info][gc,heap     ] GC(229) y: Max Capacity: 1000M(100%)
[2026-04-03T03:19:15.299+0600][74.851s][info][gc,heap     ] GC(229) y: Soft Max Capacity: 1000M(100%)
[2026-04-03T03:19:15.299+0600][74.851s][info][gc,heap     ] GC(229) y: Heap Statistics:
[2026-04-03T03:19:15.299+0600][74.851s][info][gc,heap     ] GC(229) y:                Mark Start          Mark End        Relocate Start      Relocate End           High               Low         
[2026-04-03T03:19:15.299+0600][74.851s][info][gc,heap     ] GC(229) y:  Capacity:     1000M (100%)       1000M (100%)       1000M (100%)       1000M (100%)       1000M (100%)       1000M (100%)   
[2026-04-03T03:19:15.299+0600][74.851s][info][gc,heap     ] GC(229) y:      Free:      150M (15%)           0M (0%)           10M (1%)          248M (25%)         316M (32%)           0M (0%)     
[2026-04-03T03:19:15.299+0600][74.851s][info][gc,heap     ] GC(229) y:      Used:      850M (85%)        1000M (100%)        990M (99%)         752M (75%)        1000M (100%)        684M (68%)    
[2026-04-03T03:19:15.299+0600][74.851s][info][gc,heap     ] GC(229) y: Young Generation Statistics:
[2026-04-03T03:19:15.299+0600][74.851s][info][gc,heap     ] GC(229) y:                Mark Start          Mark End        Relocate Start      Relocate End    
[2026-04-03T03:19:15.299+0600][74.851s][info][gc,heap     ] GC(229) y:      Used:      452M (45%)         602M (60%)         536M (54%)         292M (29%)    
[2026-04-03T03:19:15.299+0600][74.851s][info][gc,heap     ] GC(229) y:      Live:         -                74M (7%)           21M (2%)           17M (2%)     
[2026-04-03T03:19:15.299+0600][74.851s][info][gc,heap     ] GC(229) y:   Garbage:         -               377M (38%)         342M (34%)           0M (0%)     
[2026-04-03T03:19:15.299+0600][74.851s][info][gc,heap     ] GC(229) y: Allocated:         -               150M (15%)         172M (17%)         274M (27%)    
[2026-04-03T03:19:15.299+0600][74.851s][info][gc,heap     ] GC(229) y: Reclaimed:         -                  -                34M (3%)          377M (38%)    
[2026-04-03T03:19:15.299+0600][74.851s][info][gc,heap     ] GC(229) y:  Promoted:         -                  -                53M (5%)           57M (6%)     
[2026-04-03T03:19:15.299+0600][74.851s][info][gc,heap     ] GC(229) y: Compacted:         -                  -                  -                13M (1%)     
[2026-04-03T03:19:15.299+0600][74.851s][info][gc,phases   ] GC(229) y: Young Generation 850M(85%)->752M(75%) 0.367s
[2026-04-03T03:19:15.299+0600][74.851s][info][gc          ] GC(229) Minor Collection (Allocation Rate) 850M(85%)->752M(75%) 0.368s
[2026-04-03T03:19:15.299+0600][74.851s][info][gc,task     ] GC(221) O: Using 3 Workers for Old Generation
[2026-04-03T03:19:15.338+0600][74.890s][info][gc,task     ] GC(221) O: Using 1 Workers for Old Generation
[2026-04-03T03:19:15.338+0600][74.890s][info][gc,phases   ] GC(221) O: Concurrent Remap Roots 38.644ms
[2026-04-03T03:19:15.338+0600][74.890s][info][gc,phases   ] GC(221) O: Pause Relocate Start 0.032ms
[2026-04-03T03:19:15.338+0600][74.890s][info][gc          ] GC(230) Minor Collection (Allocation Rate)
[2026-04-03T03:19:15.338+0600][74.890s][info][gc,task     ] GC(230) Using 2 Workers for Young Generation
[2026-04-03T03:19:15.338+0600][74.890s][info][gc,phases   ] GC(230) y: Young Generation
[2026-04-03T03:19:15.339+0600][74.891s][info][gc,phases   ] GC(230) y: Pause Mark Start 0.034ms
[2026-04-03T03:19:15.343+0600][74.895s][info][gc,phases   ] GC(221) O: Concurrent Relocate 4.936ms
[2026-04-03T03:19:15.347+0600][74.899s][info][gc,task     ] Adjusting Workers for Young Generation: 2 -> 3
[2026-04-03T03:19:15.484+0600][75.037s][info][gc,phases   ] GC(230) y: Concurrent Mark 145.484ms
[2026-04-03T03:19:15.485+0600][75.037s][info][gc,phases   ] GC(230) y: Pause Mark End 0.047ms
[2026-04-03T03:19:15.485+0600][75.037s][info][gc,phases   ] GC(230) y: Concurrent Mark Free 0.002ms
[2026-04-03T03:19:15.485+0600][75.037s][info][gc,phases   ] GC(230) y: Concurrent Reset Relocation Set 0.083ms
[2026-04-03T03:19:15.491+0600][75.044s][info][gc,reloc    ] GC(230) y: Using tenuring threshold: 2 (Computed)
[2026-04-03T03:19:15.494+0600][75.047s][info][gc,phases   ] GC(230) y: Concurrent Select Relocation Set 9.247ms
[2026-04-03T03:19:15.495+0600][75.047s][info][gc,phases   ] GC(230) y: Pause Relocate Start 0.028ms
[2026-04-03T03:19:15.531+0600][75.084s][info][gc,phases   ] GC(230) y: Concurrent Relocate 36.755ms
[2026-04-03T03:19:15.532+0600][75.084s][info][gc,alloc    ] GC(230) y:                         Mark Start        Mark End      Relocate Start    Relocate End   
[2026-04-03T03:19:15.532+0600][75.084s][info][gc,alloc    ] GC(230) y: Allocation Stalls:          0                0                0                0         
[2026-04-03T03:19:15.532+0600][75.084s][info][gc,load     ] GC(230) y: Load: 5.17 (43%) / 5.09 (42%) / 5.51 (46%)
[2026-04-03T03:19:15.532+0600][75.084s][info][gc,mmu      ] GC(230) y: MMU: 2ms/90.1%, 5ms/96.1%, 10ms/98.0%, 20ms/98.5%, 50ms/99.4%, 100ms/99.6%
[2026-04-03T03:19:15.532+0600][75.084s][info][gc,marking  ] GC(230) y: Mark: 2 stripe(s), 2 proactive flush(es), 1 terminate flush(es), 0 completion(s), 0 continuation(s) 
[2026-04-03T03:19:15.532+0600][75.084s][info][gc,marking  ] GC(230) y: Mark Stack Usage: 32M
[2026-04-03T03:19:15.532+0600][75.084s][info][gc,nmethod  ] GC(230) y: NMethods: 7317 registered, 848 unregistered
[2026-04-03T03:19:15.532+0600][75.084s][info][gc,metaspace] GC(230) y: Metaspace: 71M used, 72M committed, 1088M reserved
[2026-04-03T03:19:15.532+0600][75.084s][info][gc,reloc    ] GC(230) y:                        Candidates     Selected     In-Place         Size        Empty    Relocated 
[2026-04-03T03:19:15.532+0600][75.084s][info][gc,reloc    ] GC(230) y: Small Pages:                  163          149            0         326M           0M          12M 
[2026-04-03T03:19:15.532+0600][75.084s][info][gc,reloc    ] GC(230) y: Medium Pages:                   0            0            0           0M           0M           0M 
[2026-04-03T03:19:15.532+0600][75.084s][info][gc,reloc    ] GC(230) y: Large Pages:                    2            0            0          10M           4M           0M 
[2026-04-03T03:19:15.532+0600][75.084s][info][gc,reloc    ] GC(230) y: Forwarding Usage: 13M
[2026-04-03T03:19:15.532+0600][75.084s][info][gc,reloc    ] GC(230) y: Age Table:
[2026-04-03T03:19:15.532+0600][75.084s][info][gc,reloc    ] GC(230) y:                    Live             Garbage             Small              Medium             Large        
[2026-04-03T03:19:15.532+0600][75.084s][info][gc,reloc    ] GC(230) y: Eden              18M (2%)          291M (29%)        152 / 145            0 / 0              1 / 0        
[2026-04-03T03:19:15.532+0600][75.084s][info][gc,reloc    ] GC(230) y: Survivor 1        11M (1%)           14M (1%)          11 / 4              0 / 0              1 / 0        
[2026-04-03T03:19:15.532+0600][75.084s][info][gc,heap     ] GC(230) y: Min Capacity: 8M(1%)
[2026-04-03T03:19:15.532+0600][75.084s][info][gc,heap     ] GC(230) y: Max Capacity: 1000M(100%)
[2026-04-03T03:19:15.532+0600][75.084s][info][gc,heap     ] GC(230) y: Soft Max Capacity: 1000M(100%)
[2026-04-03T03:19:15.532+0600][75.084s][info][gc,heap     ] GC(230) y: Heap Statistics:
[2026-04-03T03:19:15.532+0600][75.084s][info][gc,heap     ] GC(230) y:                Mark Start          Mark End        Relocate Start      Relocate End           High               Low         
[2026-04-03T03:19:15.532+0600][75.084s][info][gc,heap     ] GC(230) y:  Capacity:     1000M (100%)       1000M (100%)       1000M (100%)       1000M (100%)       1000M (100%)       1000M (100%)   
[2026-04-03T03:19:15.532+0600][75.084s][info][gc,heap     ] GC(230) y:      Free:      204M (20%)          86M (9%)           82M (8%)          334M (33%)         334M (33%)          68M (7%)     
[2026-04-03T03:19:15.532+0600][75.084s][info][gc,heap     ] GC(230) y:      Used:      796M (80%)         914M (91%)         918M (92%)         666M (67%)         932M (93%)         666M (67%)    
[2026-04-03T03:19:15.532+0600][75.084s][info][gc,heap     ] GC(230) y: Young Generation Statistics:
[2026-04-03T03:19:15.532+0600][75.084s][info][gc,heap     ] GC(230) y:                Mark Start          Mark End        Relocate Start      Relocate End    
[2026-04-03T03:19:15.532+0600][75.084s][info][gc,heap     ] GC(230) y:      Used:      336M (34%)         478M (48%)         482M (48%)         230M (23%)    
[2026-04-03T03:19:15.532+0600][75.084s][info][gc,heap     ] GC(230) y:      Live:         -                29M (3%)           29M (3%)           29M (3%)     
[2026-04-03T03:19:15.532+0600][75.084s][info][gc,heap     ] GC(230) y:   Garbage:         -               306M (31%)         302M (30%)           1M (0%)     
[2026-04-03T03:19:15.532+0600][75.084s][info][gc,heap     ] GC(230) y: Allocated:         -               142M (14%)         150M (15%)         198M (20%)    
[2026-04-03T03:19:15.532+0600][75.084s][info][gc,heap     ] GC(230) y: Reclaimed:         -                  -                 4M (0%)          304M (30%)    
[2026-04-03T03:19:15.532+0600][75.084s][info][gc,heap     ] GC(230) y:  Promoted:         -                  -                 0M (0%)            0M (0%)     
[2026-04-03T03:19:15.532+0600][75.084s][info][gc,heap     ] GC(230) y: Compacted:         -                  -                  -                15M (2%)     
[2026-04-03T03:19:15.532+0600][75.084s][info][gc,phases   ] GC(230) y: Young Generation 796M(80%)->666M(67%) 0.193s
[2026-04-03T03:19:15.532+0600][75.084s][info][gc          ] GC(230) Minor Collection (Allocation Rate) 796M(80%)->668M(67%) 0.194s
[2026-04-03T03:19:15.532+0600][75.085s][info][gc,alloc    ] GC(221) O:                         Mark Start        Mark End      Relocate Start    Relocate End   
[2026-04-03T03:19:15.532+0600][75.085s][info][gc,alloc    ] GC(221) O: Allocation Stalls:          0                0                0                0         
[2026-04-03T03:19:15.532+0600][75.085s][info][gc,load     ] GC(221) O: Load: 5.17 (43%) / 5.09 (42%) / 5.51 (46%)
[2026-04-03T03:19:15.532+0600][75.085s][info][gc,mmu      ] GC(221) O: MMU: 2ms/90.1%, 5ms/96.1%, 10ms/98.0%, 20ms/98.5%, 50ms/99.4%, 100ms/99.6%
[2026-04-03T03:19:15.532+0600][75.085s][info][gc,marking  ] GC(221) O: Mark: 1 stripe(s), 2 proactive flush(es), 1 terminate flush(es), 0 completion(s), 0 continuation(s) 
[2026-04-03T03:19:15.532+0600][75.085s][info][gc,marking  ] GC(221) O: Mark Stack Usage: 32M
[2026-04-03T03:19:15.532+0600][75.085s][info][gc,nmethod  ] GC(221) O: NMethods: 7317 registered, 848 unregistered
[2026-04-03T03:19:15.532+0600][75.085s][info][gc,metaspace] GC(221) O: Metaspace: 71M used, 72M committed, 1088M reserved
[2026-04-03T03:19:15.532+0600][75.085s][info][gc,ref      ] GC(221) O:                       Encountered   Discovered     Enqueued 
[2026-04-03T03:19:15.532+0600][75.085s][info][gc,ref      ] GC(221) O: Soft References:             5098            0            0 
[2026-04-03T03:19:15.533+0600][75.085s][info][gc,ref      ] GC(221) O: Weak References:             6790         5535           94 
[2026-04-03T03:19:15.533+0600][75.085s][info][gc,ref      ] GC(221) O: Final References:              84           62            0 
[2026-04-03T03:19:15.533+0600][75.085s][info][gc,ref      ] GC(221) O: Phantom References:           611          215            0 
[2026-04-03T03:19:15.533+0600][75.085s][info][gc,reloc    ] GC(221) O:                        Candidates     Selected     In-Place         Size        Empty    Relocated 
[2026-04-03T03:19:15.533+0600][75.085s][info][gc,reloc    ] GC(221) O: Small Pages:                  133           16            0         266M          12M           2M 
[2026-04-03T03:19:15.533+0600][75.085s][info][gc,reloc    ] GC(221) O: Medium Pages:                   1            0            0          16M           0M           0M 
[2026-04-03T03:19:15.533+0600][75.085s][info][gc,reloc    ] GC(221) O: Large Pages:                    4            0            0          34M          30M           0M 
[2026-04-03T03:19:15.533+0600][75.085s][info][gc,reloc    ] GC(221) O: Forwarding Usage: 1M
[2026-04-03T03:19:15.533+0600][75.085s][info][gc,heap     ] GC(221) O: Min Capacity: 8M(1%)
[2026-04-03T03:19:15.533+0600][75.085s][info][gc,heap     ] GC(221) O: Max Capacity: 1000M(100%)
[2026-04-03T03:19:15.533+0600][75.085s][info][gc,heap     ] GC(221) O: Soft Max Capacity: 1000M(100%)
[2026-04-03T03:19:15.533+0600][75.085s][info][gc,heap     ] GC(221) O: Heap Statistics:
[2026-04-03T03:19:15.533+0600][75.085s][info][gc,heap     ] GC(221) O:                Mark Start          Mark End        Relocate Start      Relocate End           High               Low         
[2026-04-03T03:19:15.533+0600][75.085s][info][gc,heap     ] GC(221) O:  Capacity:     1000M (100%)       1000M (100%)       1000M (100%)       1000M (100%)       1000M (100%)       1000M (100%)   
[2026-04-03T03:19:15.533+0600][75.085s][info][gc,heap     ] GC(221) O:      Free:      302M (30%)         124M (12%)         204M (20%)         222M (22%)         558M (56%)           0M (0%)     
[2026-04-03T03:19:15.533+0600][75.085s][info][gc,heap     ] GC(221) O:      Used:      698M (70%)         876M (88%)         796M (80%)         778M (78%)        1000M (100%)        442M (44%)    
[2026-04-03T03:19:15.533+0600][75.085s][info][gc,heap     ] GC(221) O: Old Generation Statistics:
[2026-04-03T03:19:15.533+0600][75.085s][info][gc,heap     ] GC(221) O:                Mark Start          Mark End        Relocate Start      Relocate End    
[2026-04-03T03:19:15.533+0600][75.085s][info][gc,heap     ] GC(221) O:      Used:      316M (32%)         428M (43%)         460M (46%)         436M (44%)    
[2026-04-03T03:19:15.533+0600][75.085s][info][gc,heap     ] GC(221) O:      Live:         -               227M (23%)         227M (23%)         227M (23%)    
[2026-04-03T03:19:15.533+0600][75.085s][info][gc,heap     ] GC(221) O:   Garbage:         -                88M (9%)           46M (5%)           13M (1%)     
[2026-04-03T03:19:15.533+0600][75.085s][info][gc,heap     ] GC(221) O: Allocated:         -               112M (11%)         186M (19%)         194M (19%)    
[2026-04-03T03:19:15.533+0600][75.085s][info][gc,heap     ] GC(221) O: Reclaimed:         -                  -                42M (4%)           74M (7%)     
[2026-04-03T03:19:15.533+0600][75.085s][info][gc,heap     ] GC(221) O: Compacted:         -                  -                  -                 3M (0%)     
[2026-04-03T03:19:15.533+0600][75.085s][info][gc,phases   ] GC(221) O: Old Generation 502M(50%)->778M(78%) 1.940s
[2026-04-03T03:19:15.533+0600][75.085s][info][gc          ] GC(221) Major Collection (Allocation Rate) 698M(70%)->668M(67%) 2.293s
[2026-04-03T03:19:15.541+0600][75.093s][info][gc          ] GC(231) Major Collection (Allocation Rate)
[2026-04-03T03:19:15.541+0600][75.093s][info][gc,task     ] GC(231) Using 3 Workers for Young Generation
[2026-04-03T03:19:15.541+0600][75.093s][info][gc,task     ] GC(231) Using 1 Workers for Old Generation
[2026-04-03T03:19:15.541+0600][75.093s][info][gc,phases   ] GC(231) Y: Young Generation
[2026-04-03T03:19:15.541+0600][75.093s][info][gc,phases   ] GC(231) Y: Pause Mark Start (Major) 0.032ms
[2026-04-03T03:19:15.760+0600][75.312s][info][gc,phases   ] GC(231) Y: Concurrent Mark 218.377ms
[2026-04-03T03:19:15.760+0600][75.312s][info][gc,phases   ] GC(231) Y: Pause Mark End 0.044ms
[2026-04-03T03:19:15.760+0600][75.312s][info][gc,phases   ] GC(231) Y: Concurrent Mark Free 0.004ms
[2026-04-03T03:19:15.760+0600][75.313s][info][gc,phases   ] GC(231) Y: Concurrent Reset Relocation Set 0.040ms
[2026-04-03T03:19:15.767+0600][75.319s][info][gc,reloc    ] GC(231) Y: Using tenuring threshold: 1 (Computed)
[2026-04-03T03:19:15.790+0600][75.343s][info][gc,phases   ] GC(231) Y: Concurrent Select Relocation Set 29.993ms
[2026-04-03T03:19:15.791+0600][75.343s][info][gc,phases   ] GC(231) Y: Pause Relocate Start 0.027ms
[2026-04-03T03:19:15.861+0600][75.413s][info][gc,phases   ] GC(231) Y: Concurrent Relocate 69.847ms
[2026-04-03T03:19:15.861+0600][75.413s][info][gc,alloc    ] GC(231) Y:                         Mark Start        Mark End      Relocate Start    Relocate End   
[2026-04-03T03:19:15.861+0600][75.413s][info][gc,alloc    ] GC(231) Y: Allocation Stalls:          0                0                0                0         
[2026-04-03T03:19:15.861+0600][75.413s][info][gc,load     ] GC(231) Y: Load: 5.17 (43%) / 5.09 (42%) / 5.51 (46%)
[2026-04-03T03:19:15.861+0600][75.413s][info][gc,mmu      ] GC(231) Y: MMU: 2ms/90.1%, 5ms/96.1%, 10ms/98.0%, 20ms/98.5%, 50ms/99.4%, 100ms/99.6%
[2026-04-03T03:19:15.861+0600][75.413s][info][gc,marking  ] GC(231) Y: Mark: 2 stripe(s), 2 proactive flush(es), 1 terminate flush(es), 0 completion(s), 0 continuation(s) 
[2026-04-03T03:19:15.861+0600][75.413s][info][gc,marking  ] GC(231) Y: Mark Stack Usage: 32M
[2026-04-03T03:19:15.861+0600][75.413s][info][gc,nmethod  ] GC(231) Y: NMethods: 7317 registered, 848 unregistered
[2026-04-03T03:19:15.861+0600][75.413s][info][gc,metaspace] GC(231) Y: Metaspace: 71M used, 72M committed, 1088M reserved
[2026-04-03T03:19:15.861+0600][75.413s][info][gc,reloc    ] GC(231) Y:                        Candidates     Selected     In-Place         Size        Empty    Relocated 
[2026-04-03T03:19:15.861+0600][75.413s][info][gc,reloc    ] GC(231) Y: Small Pages:                  118          100            0         236M           0M           9M 
[2026-04-03T03:19:15.861+0600][75.413s][info][gc,reloc    ] GC(231) Y: Medium Pages:                   0            0            0           0M           0M           0M 
[2026-04-03T03:19:15.861+0600][75.413s][info][gc,reloc    ] GC(231) Y: Large Pages:                    1            0            0           6M           0M           0M 
[2026-04-03T03:19:15.861+0600][75.413s][info][gc,reloc    ] GC(231) Y: Forwarding Usage: 10M
[2026-04-03T03:19:15.861+0600][75.413s][info][gc,reloc    ] GC(231) Y: Age Table:
[2026-04-03T03:19:15.861+0600][75.413s][info][gc,reloc    ] GC(231) Y:                    Live             Garbage             Small              Medium             Large        
[2026-04-03T03:19:15.861+0600][75.413s][info][gc,reloc    ] GC(231) Y: Eden               7M (1%)          186M (19%)         97 / 92             0 / 0              0 / 0        
[2026-04-03T03:19:15.861+0600][75.413s][info][gc,reloc    ] GC(231) Y: Survivor 1        16M (2%)            9M (1%)          10 / 4              0 / 0              1 / 0        
[2026-04-03T03:19:15.861+0600][75.413s][info][gc,reloc    ] GC(231) Y: Survivor 2        11M (1%)           10M (1%)          11 / 4              0 / 0              0 / 0        
[2026-04-03T03:19:15.861+0600][75.413s][info][gc,heap     ] GC(231) Y: Min Capacity: 8M(1%)
[2026-04-03T03:19:15.861+0600][75.413s][info][gc,heap     ] GC(231) Y: Max Capacity: 1000M(100%)
[2026-04-03T03:19:15.861+0600][75.413s][info][gc,heap     ] GC(231) Y: Soft Max Capacity: 1000M(100%)
[2026-04-03T03:19:15.861+0600][75.413s][info][gc,heap     ] GC(231) Y: Heap Statistics:
[2026-04-03T03:19:15.861+0600][75.413s][info][gc,heap     ] GC(231) Y:                Mark Start          Mark End        Relocate Start      Relocate End           High               Low         
[2026-04-03T03:19:15.861+0600][75.413s][info][gc,heap     ] GC(231) Y:  Capacity:     1000M (100%)       1000M (100%)       1000M (100%)       1000M (100%)       1000M (100%)       1000M (100%)   
[2026-04-03T03:19:15.861+0600][75.413s][info][gc,heap     ] GC(231) Y:      Free:      322M (32%)         126M (13%)          96M (10%)         212M (21%)         322M (32%)          78M (8%)     
[2026-04-03T03:19:15.861+0600][75.414s][info][gc,heap     ] GC(231) Y:      Used:      678M (68%)         874M (87%)         904M (90%)         788M (79%)         922M (92%)         678M (68%)    
[2026-04-03T03:19:15.861+0600][75.414s][info][gc,heap     ] GC(231) Y: Young Generation Statistics:
[2026-04-03T03:19:15.861+0600][75.414s][info][gc,heap     ] GC(231) Y:                Mark Start          Mark End        Relocate Start      Relocate End    
[2026-04-03T03:19:15.861+0600][75.414s][info][gc,heap     ] GC(231) Y:      Used:      242M (24%)         438M (44%)         440M (44%)         312M (31%)    
[2026-04-03T03:19:15.861+0600][75.414s][info][gc,heap     ] GC(231) Y:      Live:         -                36M (4%)           11M (1%)            7M (1%)     
[2026-04-03T03:19:15.861+0600][75.414s][info][gc,heap     ] GC(231) Y:   Garbage:         -               205M (21%)         202M (20%)           0M (0%)     
[2026-04-03T03:19:15.861+0600][75.414s][info][gc,heap     ] GC(231) Y: Allocated:         -               196M (20%)         226M (23%)         304M (30%)    
[2026-04-03T03:19:15.861+0600][75.414s][info][gc,heap     ] GC(231) Y: Reclaimed:         -                  -                 3M (0%)          205M (21%)    
[2026-04-03T03:19:15.861+0600][75.414s][info][gc,heap     ] GC(231) Y:  Promoted:         -                  -                24M (2%)           28M (3%)     
[2026-04-03T03:19:15.861+0600][75.414s][info][gc,heap     ] GC(231) Y: Compacted:         -                  -                  -                 7M (1%)     
[2026-04-03T03:19:15.861+0600][75.414s][info][gc,phases   ] GC(231) Y: Young Generation 678M(68%)->788M(79%) 0.320s
[2026-04-03T03:19:15.861+0600][75.414s][info][gc,phases   ] GC(231) O: Old Generation
[2026-04-03T03:19:15.865+0600][75.417s][info][gc          ] GC(232) Minor Collection (Allocation Rate)
[2026-04-03T03:19:15.865+0600][75.417s][info][gc,task     ] GC(232) Using 2 Workers for Young Generation
[2026-04-03T03:19:15.865+0600][75.417s][info][gc,phases   ] GC(232) y: Young Generation
[2026-04-03T03:19:15.865+0600][75.418s][info][gc,phases   ] GC(232) y: Pause Mark Start 0.041ms
[2026-04-03T03:19:16.072+0600][75.625s][info][gc,phases   ] GC(232) y: Concurrent Mark 206.810ms
[2026-04-03T03:19:16.073+0600][75.625s][info][gc,phases   ] GC(232) y: Pause Mark End 0.045ms
[2026-04-03T03:19:16.073+0600][75.625s][info][gc,phases   ] GC(232) y: Concurrent Mark Free 0.005ms
[2026-04-03T03:19:16.073+0600][75.626s][info][gc,phases   ] GC(232) y: Concurrent Reset Relocation Set 0.068ms
[2026-04-03T03:19:16.080+0600][75.633s][info][gc,reloc    ] GC(232) y: Using tenuring threshold: 2 (Computed)
[2026-04-03T03:19:16.085+0600][75.637s][info][gc,phases   ] GC(232) y: Concurrent Select Relocation Set 11.292ms
[2026-04-03T03:19:16.085+0600][75.637s][info][gc,phases   ] GC(232) y: Pause Relocate Start 0.035ms
[2026-04-03T03:19:16.132+0600][75.684s][info][gc,phases   ] GC(232) y: Concurrent Relocate 46.769ms
[2026-04-03T03:19:16.132+0600][75.684s][info][gc,alloc    ] GC(232) y:                         Mark Start        Mark End      Relocate Start    Relocate End   
[2026-04-03T03:19:16.132+0600][75.684s][info][gc,alloc    ] GC(232) y: Allocation Stalls:          0                0                0                0         
[2026-04-03T03:19:16.132+0600][75.684s][info][gc,load     ] GC(232) y: Load: 5.17 (43%) / 5.09 (42%) / 5.51 (46%)
[2026-04-03T03:19:16.132+0600][75.684s][info][gc,mmu      ] GC(232) y: MMU: 2ms/90.1%, 5ms/96.1%, 10ms/98.0%, 20ms/98.5%, 50ms/99.4%, 100ms/99.6%
[2026-04-03T03:19:16.132+0600][75.684s][info][gc,marking  ] GC(232) y: Mark: 2 stripe(s), 2 proactive flush(es), 1 terminate flush(es), 0 completion(s), 0 continuation(s) 
[2026-04-03T03:19:16.132+0600][75.685s][info][gc,marking  ] GC(232) y: Mark Stack Usage: 32M
[2026-04-03T03:19:16.132+0600][75.685s][info][gc,nmethod  ] GC(232) y: NMethods: 7317 registered, 848 unregistered
[2026-04-03T03:19:16.132+0600][75.685s][info][gc,metaspace] GC(232) y: Metaspace: 71M used, 72M committed, 1088M reserved
[2026-04-03T03:19:16.132+0600][75.685s][info][gc,reloc    ] GC(232) y:                        Candidates     Selected     In-Place         Size        Empty    Relocated 
[2026-04-03T03:19:16.132+0600][75.685s][info][gc,reloc    ] GC(232) y: Small Pages:                  159          148            0         318M           0M          12M 
[2026-04-03T03:19:16.132+0600][75.685s][info][gc,reloc    ] GC(232) y: Medium Pages:                   0            0            0           0M           0M           0M 
[2026-04-03T03:19:16.132+0600][75.685s][info][gc,reloc    ] GC(232) y: Large Pages:                    0            0            0           0M           0M           0M 
[2026-04-03T03:19:16.132+0600][75.685s][info][gc,reloc    ] GC(232) y: Forwarding Usage: 12M
[2026-04-03T03:19:16.132+0600][75.685s][info][gc,reloc    ] GC(232) y: Age Table:
[2026-04-03T03:19:16.132+0600][75.685s][info][gc,reloc    ] GC(232) y:                    Live             Garbage             Small              Medium             Large        
[2026-04-03T03:19:16.132+0600][75.685s][info][gc,reloc    ] GC(232) y: Eden              12M (1%)          287M (29%)        150 / 143            0 / 0              0 / 0        
[2026-04-03T03:19:16.132+0600][75.685s][info][gc,reloc    ] GC(232) y: Survivor 1         6M (1%)           11M (1%)           9 / 5              0 / 0              0 / 0        
[2026-04-03T03:19:16.132+0600][75.685s][info][gc,heap     ] GC(232) y: Min Capacity: 8M(1%)
[2026-04-03T03:19:16.132+0600][75.685s][info][gc,heap     ] GC(232) y: Max Capacity: 1000M(100%)
[2026-04-03T03:19:16.132+0600][75.685s][info][gc,heap     ] GC(232) y: Soft Max Capacity: 1000M(100%)
[2026-04-03T03:19:16.132+0600][75.685s][info][gc,heap     ] GC(232) y: Heap Statistics:
[2026-04-03T03:19:16.132+0600][75.685s][info][gc,heap     ] GC(232) y:                Mark Start          Mark End        Relocate Start      Relocate End           High               Low         
[2026-04-03T03:19:16.132+0600][75.685s][info][gc,heap     ] GC(232) y:  Capacity:     1000M (100%)       1000M (100%)       1000M (100%)       1000M (100%)       1000M (100%)       1000M (100%)   
[2026-04-03T03:19:16.133+0600][75.685s][info][gc,heap     ] GC(232) y:      Free:      206M (21%)          52M (5%)           44M (4%)          288M (29%)         288M (29%)          34M (3%)     
[2026-04-03T03:19:16.133+0600][75.685s][info][gc,heap     ] GC(232) y:      Used:      794M (79%)         948M (95%)         956M (96%)         712M (71%)         966M (97%)         712M (71%)    
[2026-04-03T03:19:16.133+0600][75.685s][info][gc,heap     ] GC(232) y: Young Generation Statistics:
[2026-04-03T03:19:16.133+0600][75.685s][info][gc,heap     ] GC(232) y:                Mark Start          Mark End        Relocate Start      Relocate End    
[2026-04-03T03:19:16.133+0600][75.685s][info][gc,heap     ] GC(232) y:      Used:      318M (32%)         472M (47%)         480M (48%)         236M (24%)    
[2026-04-03T03:19:16.133+0600][75.685s][info][gc,heap     ] GC(232) y:      Live:         -                18M (2%)           18M (2%)           18M (2%)     
[2026-04-03T03:19:16.133+0600][75.685s][info][gc,heap     ] GC(232) y:   Garbage:         -               299M (30%)         299M (30%)           0M (0%)     
[2026-04-03T03:19:16.133+0600][75.685s][info][gc,heap     ] GC(232) y: Allocated:         -               154M (15%)         162M (16%)         216M (22%)    
[2026-04-03T03:19:16.133+0600][75.685s][info][gc,heap     ] GC(232) y: Reclaimed:         -                  -                 0M (0%)          298M (30%)    
[2026-04-03T03:19:16.133+0600][75.685s][info][gc,heap     ] GC(232) y:  Promoted:         -                  -                 0M (0%)            0M (0%)     
[2026-04-03T03:19:16.133+0600][75.685s][info][gc,heap     ] GC(232) y: Compacted:         -                  -                  -                13M (1%)     
[2026-04-03T03:19:16.133+0600][75.685s][info][gc,phases   ] GC(232) y: Young Generation 794M(79%)->712M(71%) 0.267s
[2026-04-03T03:19:16.133+0600][75.685s][info][gc          ] GC(232) Minor Collection (Allocation Rate) 794M(79%)->712M(71%) 0.268s
[2026-04-03T03:19:16.133+0600][75.685s][info][gc          ] GC(233) Minor Collection (Allocation Rate)
[2026-04-03T03:19:16.133+0600][75.685s][info][gc,task     ] GC(233) Using 2 Workers for Young Generation
[2026-04-03T03:19:16.133+0600][75.685s][info][gc,phases   ] GC(233) y: Young Generation
[2026-04-03T03:19:16.133+0600][75.685s][info][gc,phases   ] GC(233) y: Pause Mark Start 0.049ms
[2026-04-03T03:19:16.420+0600][75.973s][info][gc,phases   ] GC(233) y: Concurrent Mark 287.066ms
[2026-04-03T03:19:16.421+0600][75.973s][info][gc,phases   ] GC(233) y: Pause Mark End 0.045ms
[2026-04-03T03:19:16.421+0600][75.973s][info][gc,phases   ] GC(233) y: Concurrent Mark Free 0.002ms
[2026-04-03T03:19:16.421+0600][75.973s][info][gc,phases   ] GC(233) y: Concurrent Reset Relocation Set 0.028ms
[2026-04-03T03:19:16.427+0600][75.979s][info][gc,reloc    ] GC(233) y: Using tenuring threshold: 2 (Computed)
[2026-04-03T03:19:16.435+0600][75.988s][info][gc,phases   ] GC(233) y: Concurrent Select Relocation Set 14.309ms
[2026-04-03T03:19:16.436+0600][75.988s][info][gc,phases   ] GC(233) y: Pause Relocate Start 0.039ms
[2026-04-03T03:19:16.468+0600][76.020s][info][gc,phases   ] GC(233) y: Concurrent Relocate 31.727ms
[2026-04-03T03:19:16.468+0600][76.020s][info][gc,alloc    ] GC(233) y:                         Mark Start        Mark End      Relocate Start    Relocate End   
[2026-04-03T03:19:16.468+0600][76.020s][info][gc,alloc    ] GC(233) y: Allocation Stalls:          0                0                0                0         
[2026-04-03T03:19:16.468+0600][76.020s][info][gc,load     ] GC(233) y: Load: 5.17 (43%) / 5.09 (42%) / 5.51 (46%)
[2026-04-03T03:19:16.468+0600][76.020s][info][gc,mmu      ] GC(233) y: MMU: 2ms/90.1%, 5ms/96.1%, 10ms/98.0%, 20ms/98.5%, 50ms/99.4%, 100ms/99.6%
[2026-04-03T03:19:16.468+0600][76.020s][info][gc,marking  ] GC(233) y: Mark: 2 stripe(s), 6 proactive flush(es), 1 terminate flush(es), 0 completion(s), 0 continuation(s) 
[2026-04-03T03:19:16.468+0600][76.020s][info][gc,marking  ] GC(233) y: Mark Stack Usage: 32M
[2026-04-03T03:19:16.468+0600][76.020s][info][gc,nmethod  ] GC(233) y: NMethods: 7319 registered, 848 unregistered
[2026-04-03T03:19:16.468+0600][76.020s][info][gc,metaspace] GC(233) y: Metaspace: 71M used, 72M committed, 1088M reserved
[2026-04-03T03:19:16.468+0600][76.020s][info][gc,reloc    ] GC(233) y:                        Candidates     Selected     In-Place         Size        Empty    Relocated 
[2026-04-03T03:19:16.468+0600][76.020s][info][gc,reloc    ] GC(233) y: Small Pages:                  114           99            0         228M           0M           7M 
[2026-04-03T03:19:16.468+0600][76.020s][info][gc,reloc    ] GC(233) y: Medium Pages:                   0            0            0           0M           0M           0M 
[2026-04-03T03:19:16.468+0600][76.020s][info][gc,reloc    ] GC(233) y: Large Pages:                    1            0            0          10M           0M           0M 
[2026-04-03T03:19:16.468+0600][76.020s][info][gc,reloc    ] GC(233) y: Forwarding Usage: 7M
[2026-04-03T03:19:16.468+0600][76.020s][info][gc,reloc    ] GC(233) y: Age Table:
[2026-04-03T03:19:16.468+0600][76.020s][info][gc,reloc    ] GC(233) y:                    Live             Garbage             Small              Medium             Large        
[2026-04-03T03:19:16.468+0600][76.020s][info][gc,reloc    ] GC(233) y: Eden              17M (2%)          182M (18%)         95 / 90             0 / 0              1 / 0        
[2026-04-03T03:19:16.468+0600][76.020s][info][gc,reloc    ] GC(233) y: Survivor 1        10M (1%)           11M (1%)          11 / 5              0 / 0              0 / 0        
[2026-04-03T03:19:16.468+0600][76.020s][info][gc,reloc    ] GC(233) y: Survivor 2         6M (1%)            9M (1%)           8 / 4              0 / 0              0 / 0        
[2026-04-03T03:19:16.468+0600][76.020s][info][gc,heap     ] GC(233) y: Min Capacity: 8M(1%)
[2026-04-03T03:19:16.468+0600][76.020s][info][gc,heap     ] GC(233) y: Max Capacity: 1000M(100%)
[2026-04-03T03:19:16.468+0600][76.020s][info][gc,heap     ] GC(233) y: Soft Max Capacity: 1000M(100%)
[2026-04-03T03:19:16.468+0600][76.020s][info][gc,heap     ] GC(233) y: Heap Statistics:
[2026-04-03T03:19:16.468+0600][76.020s][info][gc,heap     ] GC(233) y:                Mark Start          Mark End        Relocate Start      Relocate End           High               Low         
[2026-04-03T03:19:16.468+0600][76.020s][info][gc,heap     ] GC(233) y:  Capacity:     1000M (100%)       1000M (100%)       1000M (100%)       1000M (100%)       1000M (100%)       1000M (100%)   
[2026-04-03T03:19:16.468+0600][76.020s][info][gc,heap     ] GC(233) y:      Free:      286M (29%)          52M (5%)           40M (4%)          188M (19%)         286M (29%)          24M (2%)     
[2026-04-03T03:19:16.468+0600][76.020s][info][gc,heap     ] GC(233) y:      Used:      714M (71%)         948M (95%)         960M (96%)         812M (81%)         976M (98%)         714M (71%)    
[2026-04-03T03:19:16.468+0600][76.020s][info][gc,heap     ] GC(233) y: Young Generation Statistics:
[2026-04-03T03:19:16.468+0600][76.020s][info][gc,heap     ] GC(233) y:                Mark Start          Mark End        Relocate Start      Relocate End    
[2026-04-03T03:19:16.468+0600][76.020s][info][gc,heap     ] GC(233) y:      Used:      238M (24%)         472M (47%)         476M (48%)         322M (32%)    
[2026-04-03T03:19:16.468+0600][76.021s][info][gc,heap     ] GC(233) y:      Live:         -                34M (3%)           28M (3%)           27M (3%)     
[2026-04-03T03:19:16.468+0600][76.021s][info][gc,heap     ] GC(233) y:   Garbage:         -               203M (20%)         201M (20%)           2M (0%)     
[2026-04-03T03:19:16.468+0600][76.021s][info][gc,heap     ] GC(233) y: Allocated:         -               234M (23%)         246M (25%)         292M (29%)    
[2026-04-03T03:19:16.468+0600][76.021s][info][gc,heap     ] GC(233) y: Reclaimed:         -                  -                 1M (0%)          201M (20%)    
[2026-04-03T03:19:16.468+0600][76.021s][info][gc,heap     ] GC(233) y:  Promoted:         -                  -                 6M (1%)            6M (1%)     
[2026-04-03T03:19:16.468+0600][76.021s][info][gc,heap     ] GC(233) y: Compacted:         -                  -                  -                 7M (1%)     
[2026-04-03T03:19:16.468+0600][76.021s][info][gc,phases   ] GC(233) y: Young Generation 712M(71%)->812M(81%) 0.335s
[2026-04-03T03:19:16.468+0600][76.021s][info][gc          ] GC(233) Minor Collection (Allocation Rate) 712M(71%)->812M(81%) 0.335s
[2026-04-03T03:19:16.469+0600][76.021s][info][gc          ] GC(234) Minor Collection (Allocation Rate)
[2026-04-03T03:19:16.469+0600][76.021s][info][gc,task     ] GC(234) Using 2 Workers for Young Generation
[2026-04-03T03:19:16.469+0600][76.021s][info][gc,phases   ] GC(234) y: Young Generation
[2026-04-03T03:19:16.469+0600][76.021s][info][gc,phases   ] GC(234) y: Pause Mark Start 0.052ms
[2026-04-03T03:19:16.725+0600][76.277s][info][gc,task     ] Adjusting Workers for Old Generation: 1 -> 3
[2026-04-03T03:19:16.725+0600][76.277s][info][gc,task     ] Adjusting Workers for Young Generation: 2 -> 3
[2026-04-03T03:19:16.725+0600][76.277s][info][gc,phases   ] GC(234) y: Concurrent Mark 255.997ms
[2026-04-03T03:19:16.726+0600][76.278s][info][gc,phases   ] GC(234) y: Pause Mark End 0.029ms
[2026-04-03T03:19:16.726+0600][76.278s][info][gc,phases   ] GC(234) y: Concurrent Mark Free 0.001ms
[2026-04-03T03:19:16.726+0600][76.278s][info][gc,phases   ] GC(234) y: Concurrent Reset Relocation Set 0.028ms
[2026-04-03T03:19:16.731+0600][76.283s][info][gc,reloc    ] GC(234) y: Using tenuring threshold: 1 (Computed)
[2026-04-03T03:19:16.753+0600][76.306s][info][gc,phases   ] GC(234) y: Concurrent Select Relocation Set 27.677ms
[2026-04-03T03:19:16.754+0600][76.306s][info][gc,phases   ] GC(234) y: Pause Relocate Start 0.035ms
[2026-04-03T03:19:16.755+0600][76.307s][info][gc          ] GC(231) O: Relocation Stall (ZWorkerOld#2) 0.985ms
[2026-04-03T03:19:16.755+0600][76.307s][info][gc          ] Allocation Stall (Executor task launch worker for task 1.0 in stage 28.0 (TID 43)) 39.274ms
[2026-04-03T03:19:16.758+0600][76.311s][info][gc          ] GC(231) O: Relocation Stall (ZWorkerOld#0) 4.188ms
[2026-04-03T03:19:16.758+0600][76.311s][info][gc          ] GC(231) O: Relocation Stall (ZWorkerOld#1) 0.825ms
[2026-04-03T03:19:16.759+0600][76.311s][info][gc          ] Allocation Stall (Executor task launch worker for task 0.0 in stage 28.0 (TID 42)) 42.684ms
[2026-04-03T03:19:16.759+0600][76.311s][info][gc          ] GC(231) O: Relocation Stall (ZWorkerOld#0) 0.612ms
[2026-04-03T03:19:16.759+0600][76.311s][info][gc          ] Allocation Stall (Executor task launch worker for task 2.0 in stage 28.0 (TID 44)) 38.762ms
[2026-04-03T03:19:16.759+0600][76.312s][info][gc          ] GC(231) O: Relocation Stall (ZWorkerOld#1) 0.898ms
[2026-04-03T03:19:16.762+0600][76.314s][info][gc          ] Relocation Stall (Executor task launch worker for task 0.0 in stage 28.0 (TID 42)) 2.439ms
[2026-04-03T03:19:16.762+0600][76.314s][info][gc          ] GC(231) O: Relocation Stall (ZWorkerOld#1) 2.521ms
[2026-04-03T03:19:16.762+0600][76.315s][info][gc          ] Relocation Stall (Executor task launch worker for task 2.0 in stage 28.0 (TID 44)) 3.001ms
[2026-04-03T03:19:16.763+0600][76.315s][info][gc          ] GC(231) O: Relocation Stall (ZWorkerOld#1) 0.483ms
[2026-04-03T03:19:16.763+0600][76.315s][info][gc          ] GC(231) O: Relocation Stall (ZWorkerOld#0) 3.870ms
[2026-04-03T03:19:16.763+0600][76.315s][info][gc          ] Relocation Stall (Executor task launch worker for task 1.0 in stage 28.0 (TID 43)) 7.850ms
[2026-04-03T03:19:16.763+0600][76.316s][info][gc          ] GC(231) O: Relocation Stall (ZWorkerOld#2) 8.312ms
[2026-04-03T03:19:16.854+0600][76.407s][info][gc,phases   ] GC(234) y: Concurrent Relocate 100.181ms
[2026-04-03T03:19:16.854+0600][76.407s][info][gc,alloc    ] GC(234) y:                         Mark Start        Mark End      Relocate Start    Relocate End   
[2026-04-03T03:19:16.854+0600][76.407s][info][gc,alloc    ] GC(234) y: Allocation Stalls:          0                3                3                0         
[2026-04-03T03:19:16.854+0600][76.407s][info][gc,load     ] GC(234) y: Load: 5.17 (43%) / 5.09 (42%) / 5.51 (46%)
[2026-04-03T03:19:16.854+0600][76.407s][info][gc,mmu      ] GC(234) y: MMU: 2ms/90.1%, 5ms/96.1%, 10ms/98.0%, 20ms/98.5%, 50ms/99.4%, 100ms/99.6%
[2026-04-03T03:19:16.854+0600][76.407s][info][gc,marking  ] GC(234) y: Mark: 2 stripe(s), 6 proactive flush(es), 1 terminate flush(es), 0 completion(s), 0 continuation(s) 
[2026-04-03T03:19:16.854+0600][76.407s][info][gc,marking  ] GC(234) y: Mark Stack Usage: 32M
[2026-04-03T03:19:16.855+0600][76.407s][info][gc,nmethod  ] GC(234) y: NMethods: 7319 registered, 848 unregistered
[2026-04-03T03:19:16.855+0600][76.407s][info][gc,metaspace] GC(234) y: Metaspace: 71M used, 72M committed, 1088M reserved
[2026-04-03T03:19:16.855+0600][76.407s][info][gc,reloc    ] GC(234) y:                        Candidates     Selected     In-Place         Size        Empty    Relocated 
[2026-04-03T03:19:16.855+0600][76.407s][info][gc,reloc    ] GC(234) y: Small Pages:                  157          141            3         314M           0M          10M 
[2026-04-03T03:19:16.855+0600][76.407s][info][gc,reloc    ] GC(234) y: Medium Pages:                   0            0            0           0M           0M           0M 
[2026-04-03T03:19:16.855+0600][76.407s][info][gc,reloc    ] GC(234) y: Large Pages:                    1            0            0          10M           0M           0M 
[2026-04-03T03:19:16.855+0600][76.407s][info][gc,reloc    ] GC(234) y: Forwarding Usage: 10M
[2026-04-03T03:19:16.855+0600][76.407s][info][gc,reloc    ] GC(234) y: Age Table:
[2026-04-03T03:19:16.855+0600][76.407s][info][gc,reloc    ] GC(234) y:                    Live             Garbage             Small              Medium             Large        
[2026-04-03T03:19:16.855+0600][76.407s][info][gc,reloc    ] GC(234) y: Eden              10M (1%)          267M (27%)        139 / 133            0 / 0              0 / 0        
[2026-04-03T03:19:16.855+0600][76.407s][info][gc,reloc    ] GC(234) y: Survivor 1        15M (2%)           10M (1%)           8 / 5              0 / 0              1 / 0        
[2026-04-03T03:19:16.855+0600][76.407s][info][gc,reloc    ] GC(234) y: Survivor 2         9M (1%)           10M (1%)          10 / 3              0 / 0              0 / 0        
[2026-04-03T03:19:16.855+0600][76.407s][info][gc,heap     ] GC(234) y: Min Capacity: 8M(1%)
[2026-04-03T03:19:16.855+0600][76.407s][info][gc,heap     ] GC(234) y: Max Capacity: 1000M(100%)
[2026-04-03T03:19:16.855+0600][76.407s][info][gc,heap     ] GC(234) y: Soft Max Capacity: 1000M(100%)
[2026-04-03T03:19:16.855+0600][76.407s][info][gc,heap     ] GC(234) y: Heap Statistics:
[2026-04-03T03:19:16.855+0600][76.407s][info][gc,heap     ] GC(234) y:                Mark Start          Mark End        Relocate Start      Relocate End           High               Low         
[2026-04-03T03:19:16.855+0600][76.407s][info][gc,heap     ] GC(234) y:  Capacity:     1000M (100%)       1000M (100%)       1000M (100%)       1000M (100%)       1000M (100%)       1000M (100%)   
[2026-04-03T03:19:16.855+0600][76.407s][info][gc,heap     ] GC(234) y:      Free:      186M (19%)           0M (0%)            0M (0%)          184M (18%)         240M (24%)           0M (0%)     
[2026-04-03T03:19:16.855+0600][76.407s][info][gc,heap     ] GC(234) y:      Used:      814M (81%)        1000M (100%)       1000M (100%)        816M (82%)        1000M (100%)        760M (76%)    
[2026-04-03T03:19:16.855+0600][76.407s][info][gc,heap     ] GC(234) y: Young Generation Statistics:
[2026-04-03T03:19:16.855+0600][76.407s][info][gc,heap     ] GC(234) y:                Mark Start          Mark End        Relocate Start      Relocate End    
[2026-04-03T03:19:16.855+0600][76.407s][info][gc,heap     ] GC(234) y:      Used:      324M (32%)         510M (51%)         482M (48%)         290M (29%)    
[2026-04-03T03:19:16.855+0600][76.407s][info][gc,heap     ] GC(234) y:      Live:         -                36M (4%)           11M (1%)           10M (1%)     
[2026-04-03T03:19:16.855+0600][76.407s][info][gc,heap     ] GC(234) y:   Garbage:         -               287M (29%)         284M (28%)           0M (0%)     
[2026-04-03T03:19:16.855+0600][76.407s][info][gc,heap     ] GC(234) y: Allocated:         -               186M (19%)         186M (19%)         279M (28%)    
[2026-04-03T03:19:16.855+0600][76.407s][info][gc,heap     ] GC(234) y: Reclaimed:         -                  -                 3M (0%)          287M (29%)    
[2026-04-03T03:19:16.855+0600][76.407s][info][gc,heap     ] GC(234) y:  Promoted:         -                  -                24M (2%)           25M (3%)     
[2026-04-03T03:19:16.855+0600][76.407s][info][gc,heap     ] GC(234) y: Compacted:         -                  -                  -                10M (1%)     
[2026-04-03T03:19:16.855+0600][76.407s][info][gc,phases   ] GC(234) y: Young Generation 812M(81%)->816M(82%) 0.386s
[2026-04-03T03:19:16.855+0600][76.407s][info][gc          ] GC(234) Minor Collection (Allocation Rate) 812M(81%)->816M(82%) 0.386s
[2026-04-03T03:19:16.855+0600][76.407s][info][gc,task     ] Adjusting Workers for Old Generation: 3 -> 1
[2026-04-03T03:19:16.855+0600][76.408s][info][gc          ] GC(235) Minor Collection (Allocation Rate)
[2026-04-03T03:19:16.855+0600][76.408s][info][gc,task     ] GC(235) Using 2 Workers for Young Generation
[2026-04-03T03:19:16.855+0600][76.408s][info][gc,phases   ] GC(235) y: Young Generation
[2026-04-03T03:19:16.856+0600][76.408s][info][gc,phases   ] GC(235) y: Pause Mark Start 0.055ms
[2026-04-03T03:19:17.061+0600][76.613s][info][gc,task     ] Adjusting Workers for Old Generation: 1 -> 3
[2026-04-03T03:19:17.061+0600][76.613s][info][gc,task     ] Adjusting Workers for Young Generation: 2 -> 3
[2026-04-03T03:19:17.078+0600][76.631s][info][gc,phases   ] GC(231) O: Concurrent Mark 1216.904ms
[2026-04-03T03:19:17.091+0600][76.644s][info][gc,phases   ] GC(231) O: Pause Mark End 0.025ms
[2026-04-03T03:19:17.092+0600][76.644s][info][gc,phases   ] GC(231) O: Concurrent Mark Free 0.001ms
[2026-04-03T03:19:17.101+0600][76.653s][info][gc,phases   ] GC(231) O: Concurrent Process Non-Strong 8.975ms
[2026-04-03T03:19:17.101+0600][76.653s][info][gc,phases   ] GC(231) O: Concurrent Reset Relocation Set 0.008ms
[2026-04-03T03:19:17.103+0600][76.655s][info][gc          ] Allocation Stall (Executor task launch worker for task 0.0 in stage 28.0 (TID 42)) 43.797ms
[2026-04-03T03:19:17.103+0600][76.656s][info][gc          ] Allocation Stall (Executor task launch worker for task 1.0 in stage 28.0 (TID 43)) 42.789ms
[2026-04-03T03:19:17.103+0600][76.656s][info][gc          ] Allocation Stall (RemoteBlock-temp-file-clean-thread) 27.129ms
[2026-04-03T03:19:17.103+0600][76.656s][info][gc          ] Allocation Stall (Executor task launch worker for task 2.0 in stage 28.0 (TID 44)) 40.354ms
[2026-04-03T03:19:17.105+0600][76.657s][info][gc,phases   ] GC(235) y: Concurrent Mark 248.846ms
[2026-04-03T03:19:17.106+0600][76.658s][info][gc,phases   ] GC(235) y: Pause Mark End 0.030ms
[2026-04-03T03:19:17.106+0600][76.659s][info][gc,phases   ] GC(235) y: Concurrent Mark Free 0.002ms
[2026-04-03T03:19:17.107+0600][76.659s][info][gc,phases   ] GC(235) y: Concurrent Reset Relocation Set 0.061ms
[2026-04-03T03:19:17.109+0600][76.661s][info][gc,reloc    ] GC(235) y: Using tenuring threshold: 2 (Computed)
[2026-04-03T03:19:17.110+0600][76.662s][info][gc,phases   ] GC(235) y: Concurrent Select Relocation Set 3.520ms
[2026-04-03T03:19:17.113+0600][76.665s][info][gc,phases   ] GC(235) y: Pause Relocate Start 0.033ms
[2026-04-03T03:19:17.116+0600][76.668s][info][gc,phases   ] GC(231) O: Concurrent Select Relocation Set 15.185ms
[2026-04-03T03:19:17.136+0600][76.688s][info][gc,phases   ] GC(235) y: Concurrent Relocate 22.921ms
[2026-04-03T03:19:17.136+0600][76.688s][info][gc,alloc    ] GC(235) y:                         Mark Start        Mark End      Relocate Start    Relocate End   
[2026-04-03T03:19:17.136+0600][76.688s][info][gc,alloc    ] GC(235) y: Allocation Stalls:          0                0                0                0         
[2026-04-03T03:19:17.136+0600][76.688s][info][gc,load     ] GC(235) y: Load: 5.17 (43%) / 5.09 (42%) / 5.51 (46%)
[2026-04-03T03:19:17.136+0600][76.688s][info][gc,mmu      ] GC(235) y: MMU: 2ms/90.1%, 5ms/96.1%, 10ms/98.0%, 20ms/98.5%, 50ms/99.4%, 100ms/99.6%
[2026-04-03T03:19:17.136+0600][76.688s][info][gc,marking  ] GC(235) y: Mark: 2 stripe(s), 2 proactive flush(es), 1 terminate flush(es), 0 completion(s), 0 continuation(s) 
[2026-04-03T03:19:17.136+0600][76.688s][info][gc,marking  ] GC(235) y: Mark Stack Usage: 32M
[2026-04-03T03:19:17.136+0600][76.688s][info][gc,nmethod  ] GC(235) y: NMethods: 7319 registered, 849 unregistered
[2026-04-03T03:19:17.136+0600][76.688s][info][gc,metaspace] GC(235) y: Metaspace: 71M used, 72M committed, 1088M reserved
[2026-04-03T03:19:17.136+0600][76.688s][info][gc,reloc    ] GC(235) y:                        Candidates     Selected     In-Place         Size        Empty    Relocated 
[2026-04-03T03:19:17.136+0600][76.688s][info][gc,reloc    ] GC(235) y: Small Pages:                  127          116            0         254M           0M          10M 
[2026-04-03T03:19:17.136+0600][76.688s][info][gc,reloc    ] GC(235) y: Medium Pages:                   0            0            0           0M           0M           0M 
[2026-04-03T03:19:17.136+0600][76.688s][info][gc,reloc    ] GC(235) y: Large Pages:                    2            0            0          36M           0M           0M 
[2026-04-03T03:19:17.136+0600][76.688s][info][gc,reloc    ] GC(235) y: Forwarding Usage: 10M
[2026-04-03T03:19:17.136+0600][76.688s][info][gc,reloc    ] GC(235) y: Age Table:
[2026-04-03T03:19:17.136+0600][76.688s][info][gc,reloc    ] GC(235) y:                    Live             Garbage             Small              Medium             Large        
[2026-04-03T03:19:17.136+0600][76.688s][info][gc,reloc    ] GC(235) y: Eden              44M (4%)          217M (22%)        113 / 107            0 / 0              2 / 0        
[2026-04-03T03:19:17.136+0600][76.688s][info][gc,reloc    ] GC(235) y: Survivor 1         9M (1%)           18M (2%)          14 / 9              0 / 0              0 / 0        
[2026-04-03T03:19:17.136+0600][76.688s][info][gc,heap     ] GC(235) y: Min Capacity: 8M(1%)
[2026-04-03T03:19:17.136+0600][76.688s][info][gc,heap     ] GC(235) y: Max Capacity: 1000M(100%)
[2026-04-03T03:19:17.136+0600][76.688s][info][gc,heap     ] GC(235) y: Soft Max Capacity: 1000M(100%)
[2026-04-03T03:19:17.136+0600][76.688s][info][gc,heap     ] GC(235) y: Heap Statistics:
[2026-04-03T03:19:17.136+0600][76.688s][info][gc,heap     ] GC(235) y:                Mark Start          Mark End        Relocate Start      Relocate End           High               Low         
[2026-04-03T03:19:17.136+0600][76.688s][info][gc,heap     ] GC(235) y:  Capacity:     1000M (100%)       1000M (100%)       1000M (100%)       1000M (100%)       1000M (100%)       1000M (100%)   
[2026-04-03T03:19:17.136+0600][76.688s][info][gc,heap     ] GC(235) y:      Free:      184M (18%)         112M (11%)         108M (11%)         310M (31%)         310M (31%)           0M (0%)     
[2026-04-03T03:19:17.136+0600][76.688s][info][gc,heap     ] GC(235) y:      Used:      816M (82%)         888M (89%)         892M (89%)         690M (69%)        1000M (100%)        690M (69%)    
[2026-04-03T03:19:17.136+0600][76.688s][info][gc,heap     ] GC(235) y: Young Generation Statistics:
[2026-04-03T03:19:17.136+0600][76.688s][info][gc,heap     ] GC(235) y:                Mark Start          Mark End        Relocate Start      Relocate End    
[2026-04-03T03:19:17.136+0600][76.688s][info][gc,heap     ] GC(235) y:      Used:      290M (29%)         482M (48%)         486M (49%)         284M (28%)    
[2026-04-03T03:19:17.136+0600][76.688s][info][gc,heap     ] GC(235) y:      Live:         -                54M (5%)           54M (5%)           54M (5%)     
[2026-04-03T03:19:17.136+0600][76.688s][info][gc,heap     ] GC(235) y:   Garbage:         -               235M (24%)         235M (24%)           1M (0%)     
[2026-04-03T03:19:17.136+0600][76.689s][info][gc,heap     ] GC(235) y: Allocated:         -               192M (19%)         196M (20%)         228M (23%)    
[2026-04-03T03:19:17.136+0600][76.689s][info][gc,heap     ] GC(235) y: Reclaimed:         -                  -                 0M (0%)          234M (23%)    
[2026-04-03T03:19:17.136+0600][76.689s][info][gc,heap     ] GC(235) y:  Promoted:         -                  -                 0M (0%)            0M (0%)     
[2026-04-03T03:19:17.136+0600][76.689s][info][gc,heap     ] GC(235) y: Compacted:         -                  -                  -                11M (1%)     
[2026-04-03T03:19:17.136+0600][76.689s][info][gc,phases   ] GC(235) y: Young Generation 816M(82%)->690M(69%) 0.280s
[2026-04-03T03:19:17.136+0600][76.689s][info][gc          ] GC(235) Minor Collection (Allocation Rate) 816M(82%)->690M(69%) 0.281s
[2026-04-03T03:19:17.136+0600][76.689s][info][gc,task     ] Adjusting Workers for Old Generation: 3 -> 1
[2026-04-03T03:19:17.136+0600][76.689s][info][gc,task     ] GC(231) O: Using 3 Workers for Old Generation
[2026-04-03T03:19:17.185+0600][76.737s][info][gc,task     ] GC(231) O: Using 3 Workers for Old Generation
[2026-04-03T03:19:17.185+0600][76.738s][info][gc,phases   ] GC(231) O: Concurrent Remap Roots 48.791ms
[2026-04-03T03:19:17.186+0600][76.738s][info][gc,phases   ] GC(231) O: Pause Relocate Start 0.026ms
[2026-04-03T03:19:17.209+0600][76.761s][info][gc          ] GC(236) Minor Collection (Allocation Rate)
[2026-04-03T03:19:17.209+0600][76.761s][info][gc,task     ] GC(236) Using 2 Workers for Young Generation
[2026-04-03T03:19:17.209+0600][76.761s][info][gc,phases   ] GC(236) y: Young Generation
[2026-04-03T03:19:17.209+0600][76.761s][info][gc,phases   ] GC(236) y: Pause Mark Start 0.017ms
[2026-04-03T03:19:17.414+0600][76.966s][info][gc,phases   ] GC(231) O: Concurrent Relocate 205.263ms
[2026-04-03T03:19:17.414+0600][76.966s][info][gc,task     ] Adjusting Workers for Young Generation: 2 -> 3
[2026-04-03T03:19:17.478+0600][77.030s][info][gc,phases   ] GC(236) y: Concurrent Mark 268.507ms
[2026-04-03T03:19:17.478+0600][77.030s][info][gc,phases   ] GC(236) y: Pause Mark End 0.036ms
[2026-04-03T03:19:17.479+0600][77.031s][info][gc,phases   ] GC(236) y: Concurrent Mark Free 0.004ms
[2026-04-03T03:19:17.479+0600][77.031s][info][gc,phases   ] GC(236) y: Concurrent Reset Relocation Set 0.038ms
[2026-04-03T03:19:17.481+0600][77.033s][info][gc,reloc    ] GC(236) y: Using tenuring threshold: 1 (Computed)
[2026-04-03T03:19:17.523+0600][77.075s][info][gc,phases   ] GC(236) y: Concurrent Select Relocation Set 44.014ms
[2026-04-03T03:19:17.523+0600][77.075s][info][gc,phases   ] GC(236) y: Pause Relocate Start 0.029ms
[2026-04-03T03:19:17.633+0600][77.185s][info][gc,phases   ] GC(236) y: Concurrent Relocate 109.275ms
[2026-04-03T03:19:17.633+0600][77.185s][info][gc,alloc    ] GC(236) y:                         Mark Start        Mark End      Relocate Start    Relocate End   
[2026-04-03T03:19:17.633+0600][77.185s][info][gc,alloc    ] GC(236) y: Allocation Stalls:          0                0                0                0         
[2026-04-03T03:19:17.633+0600][77.185s][info][gc,load     ] GC(236) y: Load: 5.17 (43%) / 5.09 (42%) / 5.51 (46%)
[2026-04-03T03:19:17.633+0600][77.185s][info][gc,mmu      ] GC(236) y: MMU: 2ms/90.1%, 5ms/96.1%, 10ms/98.0%, 20ms/98.5%, 50ms/99.4%, 100ms/99.6%
[2026-04-03T03:19:17.633+0600][77.185s][info][gc,marking  ] GC(236) y: Mark: 2 stripe(s), 2 proactive flush(es), 1 terminate flush(es), 0 completion(s), 0 continuation(s) 
[2026-04-03T03:19:17.633+0600][77.185s][info][gc,marking  ] GC(236) y: Mark Stack Usage: 32M
[2026-04-03T03:19:17.633+0600][77.185s][info][gc,nmethod  ] GC(236) y: NMethods: 7320 registered, 849 unregistered
[2026-04-03T03:19:17.633+0600][77.185s][info][gc,metaspace] GC(236) y: Metaspace: 71M used, 72M committed, 1088M reserved
[2026-04-03T03:19:17.633+0600][77.185s][info][gc,reloc    ] GC(236) y:                        Candidates     Selected     In-Place         Size        Empty    Relocated 
[2026-04-03T03:19:17.633+0600][77.185s][info][gc,reloc    ] GC(236) y: Small Pages:                  137          122            0         274M           0M          10M 
[2026-04-03T03:19:17.633+0600][77.185s][info][gc,reloc    ] GC(236) y: Medium Pages:                   0            0            0           0M           0M           0M 
[2026-04-03T03:19:17.633+0600][77.185s][info][gc,reloc    ] GC(236) y: Large Pages:                    2            0            0          36M           0M           0M 
[2026-04-03T03:19:17.633+0600][77.185s][info][gc,reloc    ] GC(236) y: Forwarding Usage: 11M
[2026-04-03T03:19:17.633+0600][77.185s][info][gc,reloc    ] GC(236) y: Age Table:
[2026-04-03T03:19:17.633+0600][77.185s][info][gc,reloc    ] GC(236) y:                    Live             Garbage             Small              Medium             Large        
[2026-04-03T03:19:17.633+0600][77.185s][info][gc,reloc    ] GC(236) y: Eden               7M (1%)          228M (23%)        118 / 113            0 / 0              0 / 0        
[2026-04-03T03:19:17.633+0600][77.185s][info][gc,reloc    ] GC(236) y: Survivor 1        43M (4%)           10M (1%)           9 / 5              0 / 0              2 / 0        
[2026-04-03T03:19:17.633+0600][77.185s][info][gc,reloc    ] GC(236) y: Survivor 2         9M (1%)           10M (1%)          10 / 4              0 / 0              0 / 0        
[2026-04-03T03:19:17.633+0600][77.185s][info][gc,heap     ] GC(236) y: Min Capacity: 8M(1%)
[2026-04-03T03:19:17.633+0600][77.185s][info][gc,heap     ] GC(236) y: Max Capacity: 1000M(100%)
[2026-04-03T03:19:17.633+0600][77.185s][info][gc,heap     ] GC(236) y: Soft Max Capacity: 1000M(100%)
[2026-04-03T03:19:17.633+0600][77.185s][info][gc,heap     ] GC(236) y: Heap Statistics:
[2026-04-03T03:19:17.633+0600][77.185s][info][gc,heap     ] GC(236) y:                Mark Start          Mark End        Relocate Start      Relocate End           High               Low         
[2026-04-03T03:19:17.633+0600][77.185s][info][gc,heap     ] GC(236) y:  Capacity:     1000M (100%)       1000M (100%)       1000M (100%)       1000M (100%)       1000M (100%)       1000M (100%)   
[2026-04-03T03:19:17.633+0600][77.185s][info][gc,heap     ] GC(236) y:      Free:      282M (28%)         256M (26%)         244M (24%)         444M (44%)         472M (47%)         238M (24%)    
[2026-04-03T03:19:17.633+0600][77.185s][info][gc,heap     ] GC(236) y:      Used:      718M (72%)         744M (74%)         756M (76%)         556M (56%)         762M (76%)         528M (53%)    
[2026-04-03T03:19:17.633+0600][77.185s][info][gc,heap     ] GC(236) y: Young Generation Statistics:
[2026-04-03T03:19:17.633+0600][77.185s][info][gc,heap     ] GC(236) y:                Mark Start          Mark End        Relocate Start      Relocate End    
[2026-04-03T03:19:17.633+0600][77.185s][info][gc,heap     ] GC(236) y:      Used:      310M (31%)         390M (39%)         350M (35%)         144M (14%)    
[2026-04-03T03:19:17.633+0600][77.185s][info][gc,heap     ] GC(236) y:      Live:         -                61M (6%)           12M (1%)            7M (1%)     
[2026-04-03T03:19:17.633+0600][77.185s][info][gc,heap     ] GC(236) y:   Garbage:         -               248M (25%)         245M (25%)           0M (0%)     
[2026-04-03T03:19:17.633+0600][77.185s][info][gc,heap     ] GC(236) y: Allocated:         -                80M (8%)           92M (9%)          136M (14%)    
[2026-04-03T03:19:17.633+0600][77.185s][info][gc,heap     ] GC(236) y: Reclaimed:         -                  -                 2M (0%)          248M (25%)    
[2026-04-03T03:19:17.633+0600][77.185s][info][gc,heap     ] GC(236) y:  Promoted:         -                  -                49M (5%)           53M (5%)     
[2026-04-03T03:19:17.633+0600][77.185s][info][gc,heap     ] GC(236) y: Compacted:         -                  -                  -                 7M (1%)     
[2026-04-03T03:19:17.633+0600][77.185s][info][gc,phases   ] GC(236) y: Young Generation 720M(72%)->556M(56%) 0.424s
[2026-04-03T03:19:17.633+0600][77.185s][info][gc          ] GC(236) Minor Collection (Allocation Rate) 718M(72%)->556M(56%) 0.424s
[2026-04-03T03:19:17.633+0600][77.186s][info][gc,alloc    ] GC(231) O:                         Mark Start        Mark End      Relocate Start    Relocate End   
[2026-04-03T03:19:17.633+0600][77.186s][info][gc,alloc    ] GC(231) O: Allocation Stalls:          0                4                0                0         
[2026-04-03T03:19:17.633+0600][77.186s][info][gc,load     ] GC(231) O: Load: 5.17 (43%) / 5.09 (42%) / 5.51 (46%)
[2026-04-03T03:19:17.633+0600][77.186s][info][gc,mmu      ] GC(231) O: MMU: 2ms/90.1%, 5ms/96.1%, 10ms/98.0%, 20ms/98.5%, 50ms/99.4%, 100ms/99.6%
[2026-04-03T03:19:17.633+0600][77.186s][info][gc,marking  ] GC(231) O: Mark: 1 stripe(s), 2 proactive flush(es), 1 terminate flush(es), 0 completion(s), 0 continuation(s) 
[2026-04-03T03:19:17.633+0600][77.186s][info][gc,marking  ] GC(231) O: Mark Stack Usage: 32M
[2026-04-03T03:19:17.633+0600][77.186s][info][gc,nmethod  ] GC(231) O: NMethods: 7320 registered, 849 unregistered
[2026-04-03T03:19:17.633+0600][77.186s][info][gc,metaspace] GC(231) O: Metaspace: 71M used, 72M committed, 1088M reserved
[2026-04-03T03:19:17.633+0600][77.186s][info][gc,ref      ] GC(231) O:                       Encountered   Discovered     Enqueued 
[2026-04-03T03:19:17.633+0600][77.186s][info][gc,ref      ] GC(231) O: Soft References:             5098            0            0 
[2026-04-03T03:19:17.633+0600][77.186s][info][gc,ref      ] GC(231) O: Weak References:             6698         5591            0 
[2026-04-03T03:19:17.633+0600][77.186s][info][gc,ref      ] GC(231) O: Final References:              84            0            0 
[2026-04-03T03:19:17.633+0600][77.186s][info][gc,ref      ] GC(231) O: Phantom References:           612          218            0 
[2026-04-03T03:19:17.633+0600][77.186s][info][gc,reloc    ] GC(231) O:                        Candidates     Selected     In-Place         Size        Empty    Relocated 
[2026-04-03T03:19:17.633+0600][77.186s][info][gc,reloc    ] GC(231) O: Small Pages:                  174           29            0         348M          78M           8M 
[2026-04-03T03:19:17.633+0600][77.186s][info][gc,reloc    ] GC(231) O: Medium Pages:                   1            0            0          16M           0M           0M 
[2026-04-03T03:19:17.633+0600][77.186s][info][gc,reloc    ] GC(231) O: Large Pages:                    9            0            0          72M          42M           0M 
[2026-04-03T03:19:17.634+0600][77.186s][info][gc,reloc    ] GC(231) O: Forwarding Usage: 24M
[2026-04-03T03:19:17.634+0600][77.186s][info][gc,heap     ] GC(231) O: Min Capacity: 8M(1%)
[2026-04-03T03:19:17.634+0600][77.186s][info][gc,heap     ] GC(231) O: Max Capacity: 1000M(100%)
[2026-04-03T03:19:17.634+0600][77.186s][info][gc,heap     ] GC(231) O: Soft Max Capacity: 1000M(100%)
[2026-04-03T03:19:17.634+0600][77.186s][info][gc,heap     ] GC(231) O: Heap Statistics:
[2026-04-03T03:19:17.634+0600][77.186s][info][gc,heap     ] GC(231) O:                Mark Start          Mark End        Relocate Start      Relocate End           High               Low         
[2026-04-03T03:19:17.634+0600][77.186s][info][gc,heap     ] GC(231) O:  Capacity:     1000M (100%)       1000M (100%)       1000M (100%)       1000M (100%)       1000M (100%)       1000M (100%)   
[2026-04-03T03:19:17.634+0600][77.186s][info][gc,heap     ] GC(231) O:      Free:      322M (32%)           0M (0%)          284M (28%)         268M (27%)         322M (32%)           0M (0%)     
[2026-04-03T03:19:17.634+0600][77.186s][info][gc,heap     ] GC(231) O:      Used:      678M (68%)        1000M (100%)        716M (72%)         732M (73%)        1000M (100%)        678M (68%)    
[2026-04-03T03:19:17.634+0600][77.186s][info][gc,heap     ] GC(231) O: Old Generation Statistics:
[2026-04-03T03:19:17.634+0600][77.186s][info][gc,heap     ] GC(231) O:                Mark Start          Mark End        Relocate Start      Relocate End    
[2026-04-03T03:19:17.634+0600][77.186s][info][gc,heap     ] GC(231) O:      Used:      436M (44%)         526M (53%)         406M (41%)         354M (35%)    
[2026-04-03T03:19:17.634+0600][77.186s][info][gc,heap     ] GC(231) O:      Live:         -               242M (24%)         242M (24%)         242M (24%)    
[2026-04-03T03:19:17.634+0600][77.186s][info][gc,heap     ] GC(231) O:   Garbage:         -               193M (19%)          73M (7%)           11M (1%)     
[2026-04-03T03:19:17.634+0600][77.186s][info][gc,heap     ] GC(231) O: Allocated:         -                90M (9%)           90M (9%)          100M (10%)    
[2026-04-03T03:19:17.634+0600][77.186s][info][gc,heap     ] GC(231) O: Reclaimed:         -                  -               120M (12%)         182M (18%)    
[2026-04-03T03:19:17.634+0600][77.186s][info][gc,heap     ] GC(231) O: Compacted:         -                  -                  -                29M (3%)     
[2026-04-03T03:19:17.634+0600][77.186s][info][gc,phases   ] GC(231) O: Old Generation 788M(79%)->732M(73%) 1.772s
[2026-04-03T03:19:17.634+0600][77.186s][info][gc          ] GC(231) Major Collection (Allocation Rate) 678M(68%)->556M(56%) 2.093s
[2026-04-03T03:19:17.644+0600][77.196s][info][gc          ] GC(237) Major Collection (Allocation Rate)
[2026-04-03T03:19:17.644+0600][77.196s][info][gc,task     ] GC(237) Using 3 Workers for Young Generation
[2026-04-03T03:19:17.644+0600][77.196s][info][gc,task     ] GC(237) Using 1 Workers for Old Generation
[2026-04-03T03:19:17.644+0600][77.196s][info][gc,phases   ] GC(237) Y: Young Generation
[2026-04-03T03:19:17.644+0600][77.196s][info][gc,phases   ] GC(237) Y: Pause Mark Start (Major) 0.052ms
[2026-04-03T03:19:17.760+0600][77.312s][info][gc,phases   ] GC(237) Y: Concurrent Mark 115.412ms
[2026-04-03T03:19:17.760+0600][77.312s][info][gc,phases   ] GC(237) Y: Pause Mark End 0.037ms
[2026-04-03T03:19:17.760+0600][77.312s][info][gc,phases   ] GC(237) Y: Concurrent Mark Free 0.002ms
[2026-04-03T03:19:17.760+0600][77.312s][info][gc,phases   ] GC(237) Y: Concurrent Reset Relocation Set 0.061ms
[2026-04-03T03:19:17.767+0600][77.319s][info][gc,reloc    ] GC(237) Y: Using tenuring threshold: 2 (Computed)
[2026-04-03T03:19:17.768+0600][77.321s][info][gc,phases   ] GC(237) Y: Concurrent Select Relocation Set 8.090ms
[2026-04-03T03:19:17.769+0600][77.321s][info][gc,phases   ] GC(237) Y: Pause Relocate Start 0.026ms
[2026-04-03T03:19:17.785+0600][77.337s][info][gc,phases   ] GC(237) Y: Concurrent Relocate 15.684ms
[2026-04-03T03:19:17.785+0600][77.337s][info][gc,alloc    ] GC(237) Y:                         Mark Start        Mark End      Relocate Start    Relocate End   
[2026-04-03T03:19:17.785+0600][77.337s][info][gc,alloc    ] GC(237) Y: Allocation Stalls:          0                0                0                0         
[2026-04-03T03:19:17.785+0600][77.337s][info][gc,load     ] GC(237) Y: Load: 5.17 (43%) / 5.09 (42%) / 5.51 (46%)
[2026-04-03T03:19:17.785+0600][77.337s][info][gc,mmu      ] GC(237) Y: MMU: 2ms/90.1%, 5ms/96.1%, 10ms/98.0%, 20ms/98.5%, 50ms/99.4%, 100ms/99.6%
[2026-04-03T03:19:17.785+0600][77.337s][info][gc,marking  ] GC(237) Y: Mark: 2 stripe(s), 2 proactive flush(es), 1 terminate flush(es), 0 completion(s), 0 continuation(s) 
[2026-04-03T03:19:17.785+0600][77.337s][info][gc,marking  ] GC(237) Y: Mark Stack Usage: 32M
[2026-04-03T03:19:17.785+0600][77.337s][info][gc,nmethod  ] GC(237) Y: NMethods: 7320 registered, 849 unregistered
[2026-04-03T03:19:17.785+0600][77.337s][info][gc,metaspace] GC(237) Y: Metaspace: 71M used, 72M committed, 1088M reserved
[2026-04-03T03:19:17.785+0600][77.337s][info][gc,reloc    ] GC(237) Y:                        Candidates     Selected     In-Place         Size        Empty    Relocated 
[2026-04-03T03:19:17.785+0600][77.337s][info][gc,reloc    ] GC(237) Y: Small Pages:                   66           57            0         132M           2M           6M 
[2026-04-03T03:19:17.785+0600][77.337s][info][gc,reloc    ] GC(237) Y: Medium Pages:                   1            0            0          16M           0M           0M 
[2026-04-03T03:19:17.785+0600][77.337s][info][gc,reloc    ] GC(237) Y: Large Pages:                    0            0            0           0M           0M           0M 
[2026-04-03T03:19:17.785+0600][77.337s][info][gc,reloc    ] GC(237) Y: Forwarding Usage: 5M
[2026-04-03T03:19:17.785+0600][77.337s][info][gc,reloc    ] GC(237) Y: Age Table:
[2026-04-03T03:19:17.785+0600][77.337s][info][gc,reloc    ] GC(237) Y:                    Live             Garbage             Small              Medium             Large        
[2026-04-03T03:19:17.785+0600][77.337s][info][gc,reloc    ] GC(237) Y: Eden               7M (1%)          122M (12%)         57 / 52             1 / 0              0 / 0        
[2026-04-03T03:19:17.785+0600][77.337s][info][gc,reloc    ] GC(237) Y: Survivor 1         7M (1%)           10M (1%)           9 / 5              0 / 0              0 / 0        
[2026-04-03T03:19:17.785+0600][77.337s][info][gc,heap     ] GC(237) Y: Min Capacity: 8M(1%)
[2026-04-03T03:19:17.785+0600][77.337s][info][gc,heap     ] GC(237) Y: Max Capacity: 1000M(100%)
[2026-04-03T03:19:17.785+0600][77.337s][info][gc,heap     ] GC(237) Y: Soft Max Capacity: 1000M(100%)
[2026-04-03T03:19:17.785+0600][77.337s][info][gc,heap     ] GC(237) Y: Heap Statistics:
[2026-04-03T03:19:17.785+0600][77.337s][info][gc,heap     ] GC(237) Y:                Mark Start          Mark End        Relocate Start      Relocate End           High               Low         
[2026-04-03T03:19:17.785+0600][77.337s][info][gc,heap     ] GC(237) Y:  Capacity:     1000M (100%)       1000M (100%)       1000M (100%)       1000M (100%)       1000M (100%)       1000M (100%)   
[2026-04-03T03:19:17.785+0600][77.337s][info][gc,heap     ] GC(237) Y:      Free:      440M (44%)         390M (39%)         390M (39%)         468M (47%)         468M (47%)         378M (38%)    
[2026-04-03T03:19:17.785+0600][77.337s][info][gc,heap     ] GC(237) Y:      Used:      560M (56%)         610M (61%)         610M (61%)         532M (53%)         622M (62%)         532M (53%)    
[2026-04-03T03:19:17.785+0600][77.337s][info][gc,heap     ] GC(237) Y: Young Generation Statistics:
[2026-04-03T03:19:17.785+0600][77.337s][info][gc,heap     ] GC(237) Y:                Mark Start          Mark End        Relocate Start      Relocate End    
[2026-04-03T03:19:17.785+0600][77.337s][info][gc,heap     ] GC(237) Y:      Used:      148M (15%)         198M (20%)         198M (20%)         120M (12%)    
[2026-04-03T03:19:17.785+0600][77.337s][info][gc,heap     ] GC(237) Y:      Live:         -                15M (2%)           15M (2%)           15M (2%)     
[2026-04-03T03:19:17.785+0600][77.337s][info][gc,heap     ] GC(237) Y:   Garbage:         -               132M (13%)         130M (13%)          15M (2%)     
[2026-04-03T03:19:17.785+0600][77.337s][info][gc,heap     ] GC(237) Y: Allocated:         -                50M (5%)           52M (5%)           89M (9%)     
[2026-04-03T03:19:17.785+0600][77.337s][info][gc,heap     ] GC(237) Y: Reclaimed:         -                  -                 2M (0%)          117M (12%)    
[2026-04-03T03:19:17.785+0600][77.337s][info][gc,heap     ] GC(237) Y:  Promoted:         -                  -                 0M (0%)            0M (0%)     
[2026-04-03T03:19:17.785+0600][77.337s][info][gc,heap     ] GC(237) Y: Compacted:         -                  -                  -                 6M (1%)     
[2026-04-03T03:19:17.785+0600][77.337s][info][gc,phases   ] GC(237) Y: Young Generation 560M(56%)->532M(53%) 0.141s
[2026-04-03T03:19:17.785+0600][77.337s][info][gc,phases   ] GC(237) O: Old Generation
[2026-04-03T03:19:17.788+0600][77.340s][info][gc          ] GC(238) Minor Collection (Allocation Rate)
[2026-04-03T03:19:17.788+0600][77.340s][info][gc,task     ] GC(238) Using 2 Workers for Young Generation
[2026-04-03T03:19:17.788+0600][77.340s][info][gc,phases   ] GC(238) y: Young Generation
[2026-04-03T03:19:17.788+0600][77.340s][info][gc,phases   ] GC(238) y: Pause Mark Start 0.043ms
[2026-04-03T03:19:17.929+0600][77.481s][info][gc,phases   ] GC(238) y: Concurrent Mark 140.391ms
[2026-04-03T03:19:17.929+0600][77.481s][info][gc,phases   ] GC(238) y: Pause Mark End 0.039ms
[2026-04-03T03:19:17.929+0600][77.482s][info][gc,phases   ] GC(238) y: Concurrent Mark Free 0.005ms
[2026-04-03T03:19:17.930+0600][77.482s][info][gc,phases   ] GC(238) y: Concurrent Reset Relocation Set 0.014ms
[2026-04-03T03:19:17.932+0600][77.484s][info][gc,reloc    ] GC(238) y: Using tenuring threshold: 3 (Computed)
[2026-04-03T03:19:17.933+0600][77.485s][info][gc,phases   ] GC(238) y: Concurrent Select Relocation Set 3.456ms
[2026-04-03T03:19:17.933+0600][77.486s][info][gc,phases   ] GC(238) y: Pause Relocate Start 0.040ms
[2026-04-03T03:19:17.944+0600][77.496s][info][gc,phases   ] GC(238) y: Concurrent Relocate 10.254ms
[2026-04-03T03:19:17.944+0600][77.496s][info][gc,alloc    ] GC(238) y:                         Mark Start        Mark End      Relocate Start    Relocate End   
[2026-04-03T03:19:17.944+0600][77.496s][info][gc,alloc    ] GC(238) y: Allocation Stalls:          0                0                0                0         
[2026-04-03T03:19:17.944+0600][77.496s][info][gc,load     ] GC(238) y: Load: 5.17 (43%) / 5.09 (42%) / 5.51 (46%)
[2026-04-03T03:19:17.944+0600][77.496s][info][gc,mmu      ] GC(238) y: MMU: 2ms/90.1%, 5ms/96.1%, 10ms/98.0%, 20ms/98.5%, 50ms/99.4%, 100ms/99.6%
[2026-04-03T03:19:17.944+0600][77.496s][info][gc,marking  ] GC(238) y: Mark: 2 stripe(s), 2 proactive flush(es), 1 terminate flush(es), 0 completion(s), 0 continuation(s) 
[2026-04-03T03:19:17.944+0600][77.496s][info][gc,marking  ] GC(238) y: Mark Stack Usage: 32M
[2026-04-03T03:19:17.944+0600][77.496s][info][gc,nmethod  ] GC(238) y: NMethods: 7320 registered, 849 unregistered
[2026-04-03T03:19:17.944+0600][77.496s][info][gc,metaspace] GC(238) y: Metaspace: 71M used, 72M committed, 1088M reserved
[2026-04-03T03:19:17.944+0600][77.496s][info][gc,reloc    ] GC(238) y:                        Candidates     Selected     In-Place         Size        Empty    Relocated 
[2026-04-03T03:19:17.944+0600][77.496s][info][gc,reloc    ] GC(238) y: Small Pages:                   39           30            0          78M           0M           2M 
[2026-04-03T03:19:17.944+0600][77.496s][info][gc,reloc    ] GC(238) y: Medium Pages:                   1            0            0          16M          16M           0M 
[2026-04-03T03:19:17.944+0600][77.496s][info][gc,reloc    ] GC(238) y: Large Pages:                    3            0            0          26M           0M           0M 
[2026-04-03T03:19:17.944+0600][77.496s][info][gc,reloc    ] GC(238) y: Forwarding Usage: 2M
[2026-04-03T03:19:17.944+0600][77.496s][info][gc,reloc    ] GC(238) y: Age Table:
[2026-04-03T03:19:17.944+0600][77.496s][info][gc,reloc    ] GC(238) y:                    Live             Garbage             Small              Medium             Large        
[2026-04-03T03:19:17.944+0600][77.496s][info][gc,reloc    ] GC(238) y: Eden              27M (3%)           44M (4%)          23 / 22             0 / 0              3 / 0        
[2026-04-03T03:19:17.944+0600][77.496s][info][gc,reloc    ] GC(238) y: Survivor 1         5M (1%)           22M (2%)           6 / 2              1 / 0              0 / 0        
[2026-04-03T03:19:17.944+0600][77.496s][info][gc,reloc    ] GC(238) y: Survivor 2         7M (1%)           12M (1%)          10 / 6              0 / 0              0 / 0        
[2026-04-03T03:19:17.944+0600][77.496s][info][gc,heap     ] GC(238) y: Min Capacity: 8M(1%)
[2026-04-03T03:19:17.944+0600][77.496s][info][gc,heap     ] GC(238) y: Max Capacity: 1000M(100%)
[2026-04-03T03:19:17.944+0600][77.496s][info][gc,heap     ] GC(238) y: Soft Max Capacity: 1000M(100%)
[2026-04-03T03:19:17.944+0600][77.496s][info][gc,heap     ] GC(238) y: Heap Statistics:
[2026-04-03T03:19:17.944+0600][77.497s][info][gc,heap     ] GC(238) y:                Mark Start          Mark End        Relocate Start      Relocate End           High               Low         
[2026-04-03T03:19:17.944+0600][77.497s][info][gc,heap     ] GC(238) y:  Capacity:     1000M (100%)       1000M (100%)       1000M (100%)       1000M (100%)       1000M (100%)       1000M (100%)   
[2026-04-03T03:19:17.944+0600][77.497s][info][gc,heap     ] GC(238) y:      Free:      468M (47%)         466M (47%)         482M (48%)         522M (52%)         522M (52%)         466M (47%)    
[2026-04-03T03:19:17.944+0600][77.497s][info][gc,heap     ] GC(238) y:      Used:      532M (53%)         534M (53%)         518M (52%)         478M (48%)         534M (53%)         478M (48%)    
[2026-04-03T03:19:17.944+0600][77.497s][info][gc,heap     ] GC(238) y: Young Generation Statistics:
[2026-04-03T03:19:17.944+0600][77.497s][info][gc,heap     ] GC(238) y:                Mark Start          Mark End        Relocate Start      Relocate End    
[2026-04-03T03:19:17.944+0600][77.497s][info][gc,heap     ] GC(238) y:      Used:      120M (12%)         122M (12%)         106M (11%)          66M (7%)     
[2026-04-03T03:19:17.944+0600][77.497s][info][gc,heap     ] GC(238) y:      Live:         -                41M (4%)           41M (4%)           41M (4%)     
[2026-04-03T03:19:17.944+0600][77.497s][info][gc,heap     ] GC(238) y:   Garbage:         -                78M (8%)           62M (6%)            2M (0%)     
[2026-04-03T03:19:17.944+0600][77.497s][info][gc,heap     ] GC(238) y: Allocated:         -                 2M (0%)            2M (0%)           22M (2%)     
[2026-04-03T03:19:17.944+0600][77.497s][info][gc,heap     ] GC(238) y: Reclaimed:         -                  -                16M (2%)           76M (8%)     
[2026-04-03T03:19:17.944+0600][77.497s][info][gc,heap     ] GC(238) y:  Promoted:         -                  -                 0M (0%)            0M (0%)     
[2026-04-03T03:19:17.944+0600][77.497s][info][gc,heap     ] GC(238) y: Compacted:         -                  -                  -                 3M (0%)     
[2026-04-03T03:19:17.944+0600][77.497s][info][gc,phases   ] GC(238) y: Young Generation 532M(53%)->478M(48%) 0.156s
[2026-04-03T03:19:17.944+0600][77.497s][info][gc          ] GC(238) Minor Collection (Allocation Rate) 532M(53%)->478M(48%) 0.157s
[2026-04-03T03:19:17.945+0600][77.497s][info][gc          ] GC(239) Minor Collection (Allocation Rate)
[2026-04-03T03:19:17.945+0600][77.497s][info][gc,task     ] GC(239) Using 2 Workers for Young Generation
[2026-04-03T03:19:17.945+0600][77.497s][info][gc,phases   ] GC(239) y: Young Generation
[2026-04-03T03:19:17.945+0600][77.497s][info][gc,phases   ] GC(239) y: Pause Mark Start 0.039ms
[2026-04-03T03:19:18.109+0600][77.661s][info][gc,phases   ] GC(239) y: Concurrent Mark 164.116ms
[2026-04-03T03:19:18.109+0600][77.662s][info][gc,phases   ] GC(239) y: Pause Mark End 0.031ms
[2026-04-03T03:19:18.110+0600][77.662s][info][gc,phases   ] GC(239) y: Concurrent Mark Free 0.001ms
[2026-04-03T03:19:18.110+0600][77.662s][info][gc,phases   ] GC(239) y: Concurrent Reset Relocation Set 0.007ms
[2026-04-03T03:19:18.116+0600][77.668s][info][gc,reloc    ] GC(239) y: Using tenuring threshold: 1 (Computed)
[2026-04-03T03:19:18.169+0600][77.721s][info][gc,phases   ] GC(239) y: Concurrent Select Relocation Set 59.599ms
[2026-04-03T03:19:18.170+0600][77.722s][info][gc,phases   ] GC(239) y: Pause Relocate Start 0.030ms
[2026-04-03T03:19:18.269+0600][77.821s][info][gc,phases   ] GC(239) y: Concurrent Relocate 99.301ms
[2026-04-03T03:19:18.269+0600][77.821s][info][gc,alloc    ] GC(239) y:                         Mark Start        Mark End      Relocate Start    Relocate End   
[2026-04-03T03:19:18.269+0600][77.821s][info][gc,alloc    ] GC(239) y: Allocation Stalls:          0                0                0                0         
[2026-04-03T03:19:18.269+0600][77.821s][info][gc,load     ] GC(239) y: Load: 5.17 (43%) / 5.09 (42%) / 5.51 (46%)
[2026-04-03T03:19:18.269+0600][77.821s][info][gc,mmu      ] GC(239) y: MMU: 2ms/90.1%, 5ms/96.1%, 10ms/98.0%, 20ms/98.5%, 50ms/99.4%, 100ms/99.6%
[2026-04-03T03:19:18.269+0600][77.821s][info][gc,marking  ] GC(239) y: Mark: 2 stripe(s), 2 proactive flush(es), 1 terminate flush(es), 0 completion(s), 0 continuation(s) 
[2026-04-03T03:19:18.269+0600][77.822s][info][gc,marking  ] GC(239) y: Mark Stack Usage: 32M
[2026-04-03T03:19:18.269+0600][77.822s][info][gc,nmethod  ] GC(239) y: NMethods: 7321 registered, 849 unregistered
[2026-04-03T03:19:18.269+0600][77.822s][info][gc,metaspace] GC(239) y: Metaspace: 71M used, 72M committed, 1088M reserved
[2026-04-03T03:19:18.269+0600][77.822s][info][gc,reloc    ] GC(239) y:                        Candidates     Selected     In-Place         Size        Empty    Relocated 
[2026-04-03T03:19:18.269+0600][77.822s][info][gc,reloc    ] GC(239) y: Small Pages:                   20           11            0          40M           0M           2M 
[2026-04-03T03:19:18.269+0600][77.822s][info][gc,reloc    ] GC(239) y: Medium Pages:                   0            0            0           0M           0M           0M 
[2026-04-03T03:19:18.269+0600][77.822s][info][gc,reloc    ] GC(239) y: Large Pages:                    3            0            0          26M           0M           0M 
[2026-04-03T03:19:18.269+0600][77.822s][info][gc,reloc    ] GC(239) y: Forwarding Usage: 2M
[2026-04-03T03:19:18.269+0600][77.822s][info][gc,reloc    ] GC(239) y: Age Table:
[2026-04-03T03:19:18.269+0600][77.822s][info][gc,reloc    ] GC(239) y:                    Live             Garbage             Small              Medium             Large        
[2026-04-03T03:19:18.269+0600][77.822s][info][gc,reloc    ] GC(239) y: Eden               0M (0%)            1M (0%)           1 / 1              0 / 0              0 / 0        
[2026-04-03T03:19:18.269+0600][77.822s][info][gc,reloc    ] GC(239) y: Survivor 1        27M (3%)            4M (0%)           3 / 1              0 / 0              3 / 0        
[2026-04-03T03:19:18.269+0600][77.822s][info][gc,reloc    ] GC(239) y: Survivor 2         5M (1%)            8M (1%)           7 / 3              0 / 0              0 / 0        
[2026-04-03T03:19:18.269+0600][77.822s][info][gc,reloc    ] GC(239) y: Survivor 3         7M (1%)           10M (1%)           9 / 6              0 / 0              0 / 0        
[2026-04-03T03:19:18.269+0600][77.822s][info][gc,heap     ] GC(239) y: Min Capacity: 8M(1%)
[2026-04-03T03:19:18.269+0600][77.822s][info][gc,heap     ] GC(239) y: Max Capacity: 1000M(100%)
[2026-04-03T03:19:18.269+0600][77.822s][info][gc,heap     ] GC(239) y: Soft Max Capacity: 1000M(100%)
[2026-04-03T03:19:18.269+0600][77.822s][info][gc,heap     ] GC(239) y: Heap Statistics:
[2026-04-03T03:19:18.270+0600][77.822s][info][gc,heap     ] GC(239) y:                Mark Start          Mark End        Relocate Start      Relocate End           High               Low         
[2026-04-03T03:19:18.270+0600][77.822s][info][gc,heap     ] GC(239) y:  Capacity:     1000M (100%)       1000M (100%)       1000M (100%)       1000M (100%)       1000M (100%)       1000M (100%)   
[2026-04-03T03:19:18.270+0600][77.822s][info][gc,heap     ] GC(239) y:      Free:      522M (52%)         468M (47%)         444M (44%)         454M (45%)         522M (52%)         436M (44%)    
[2026-04-03T03:19:18.270+0600][77.822s][info][gc,heap     ] GC(239) y:      Used:      478M (48%)         532M (53%)         556M (56%)         546M (55%)         564M (56%)         478M (48%)    
[2026-04-03T03:19:18.270+0600][77.822s][info][gc,heap     ] GC(239) y: Young Generation Statistics:
[2026-04-03T03:19:18.270+0600][77.822s][info][gc,heap     ] GC(239) y:                Mark Start          Mark End        Relocate Start      Relocate End    
[2026-04-03T03:19:18.270+0600][77.822s][info][gc,heap     ] GC(239) y:      Used:       66M (7%)          120M (12%)         104M (10%)          84M (8%)     
[2026-04-03T03:19:18.270+0600][77.822s][info][gc,heap     ] GC(239) y:      Live:         -                41M (4%)            2M (0%)            0M (0%)     
[2026-04-03T03:19:18.270+0600][77.822s][info][gc,heap     ] GC(239) y:   Garbage:         -                24M (2%)           23M (2%)            0M (0%)     
[2026-04-03T03:19:18.270+0600][77.822s][info][gc,heap     ] GC(239) y: Allocated:         -                54M (5%)           78M (8%)           83M (8%)     
[2026-04-03T03:19:18.270+0600][77.822s][info][gc,heap     ] GC(239) y: Reclaimed:         -                  -                 1M (0%)           24M (2%)     
[2026-04-03T03:19:18.270+0600][77.822s][info][gc,heap     ] GC(239) y:  Promoted:         -                  -                38M (4%)           41M (4%)     
[2026-04-03T03:19:18.270+0600][77.822s][info][gc,heap     ] GC(239) y: Compacted:         -                  -                  -                 0M (0%)     
[2026-04-03T03:19:18.270+0600][77.822s][info][gc,phases   ] GC(239) y: Young Generation 478M(48%)->546M(55%) 0.325s
[2026-04-03T03:19:18.270+0600][77.822s][info][gc          ] GC(239) Minor Collection (Allocation Rate) 478M(48%)->546M(55%) 0.325s
[2026-04-03T03:19:18.270+0600][77.822s][info][gc,task     ] Adjusting Workers for Old Generation: 1 -> 2
[2026-04-03T03:19:18.270+0600][77.822s][info][gc          ] GC(240) Minor Collection (Allocation Rate)
[2026-04-03T03:19:18.270+0600][77.822s][info][gc,task     ] GC(240) Using 1 Workers for Young Generation
[2026-04-03T03:19:18.270+0600][77.822s][info][gc,phases   ] GC(240) y: Young Generation
[2026-04-03T03:19:18.270+0600][77.823s][info][gc,phases   ] GC(240) y: Pause Mark Start 0.026ms
[2026-04-03T03:19:18.415+0600][77.967s][info][gc,phases   ] GC(240) y: Concurrent Mark 143.981ms
[2026-04-03T03:19:18.415+0600][77.967s][info][gc,phases   ] GC(240) y: Pause Mark End 0.179ms
[2026-04-03T03:19:18.415+0600][77.967s][info][gc,phases   ] GC(240) y: Concurrent Mark Free 0.003ms
[2026-04-03T03:19:18.415+0600][77.968s][info][gc,phases   ] GC(240) y: Concurrent Reset Relocation Set 0.054ms
[2026-04-03T03:19:18.422+0600][77.974s][info][gc,reloc    ] GC(240) y: Using tenuring threshold: 1 (Computed)
[2026-04-03T03:19:18.424+0600][77.976s][info][gc,phases   ] GC(240) y: Concurrent Select Relocation Set 8.713ms
[2026-04-03T03:19:18.424+0600][77.977s][info][gc,phases   ] GC(240) y: Pause Relocate Start 0.028ms
[2026-04-03T03:19:18.442+0600][77.994s][info][gc,phases   ] GC(240) y: Concurrent Relocate 17.440ms
[2026-04-03T03:19:18.442+0600][77.994s][info][gc,alloc    ] GC(240) y:                         Mark Start        Mark End      Relocate Start    Relocate End   
[2026-04-03T03:19:18.442+0600][77.994s][info][gc,alloc    ] GC(240) y: Allocation Stalls:          0                0                0                0         
[2026-04-03T03:19:18.442+0600][77.994s][info][gc,load     ] GC(240) y: Load: 5.17 (43%) / 5.09 (42%) / 5.51 (46%)
[2026-04-03T03:19:18.442+0600][77.994s][info][gc,mmu      ] GC(240) y: MMU: 2ms/90.1%, 5ms/96.1%, 10ms/97.9%, 20ms/98.5%, 50ms/99.4%, 100ms/99.6%
[2026-04-03T03:19:18.442+0600][77.994s][info][gc,marking  ] GC(240) y: Mark: 1 stripe(s), 2 proactive flush(es), 1 terminate flush(es), 0 completion(s), 0 continuation(s) 
[2026-04-03T03:19:18.442+0600][77.994s][info][gc,marking  ] GC(240) y: Mark Stack Usage: 32M
[2026-04-03T03:19:18.442+0600][77.994s][info][gc,nmethod  ] GC(240) y: NMethods: 7321 registered, 849 unregistered
[2026-04-03T03:19:18.442+0600][77.994s][info][gc,metaspace] GC(240) y: Metaspace: 71M used, 72M committed, 1088M reserved
[2026-04-03T03:19:18.442+0600][77.994s][info][gc,reloc    ] GC(240) y:                        Candidates     Selected     In-Place         Size        Empty    Relocated 
[2026-04-03T03:19:18.442+0600][77.994s][info][gc,reloc    ] GC(240) y: Small Pages:                   42           39            0          84M           2M           3M 
[2026-04-03T03:19:18.442+0600][77.994s][info][gc,reloc    ] GC(240) y: Medium Pages:                   0            0            0           0M           0M           0M 
[2026-04-03T03:19:18.442+0600][77.995s][info][gc,reloc    ] GC(240) y: Large Pages:                    0            0            0           0M           0M           0M 
[2026-04-03T03:19:18.442+0600][77.995s][info][gc,reloc    ] GC(240) y: Forwarding Usage: 2M
[2026-04-03T03:19:18.442+0600][77.995s][info][gc,reloc    ] GC(240) y: Age Table:
[2026-04-03T03:19:18.442+0600][77.995s][info][gc,reloc    ] GC(240) y:                    Live             Garbage             Small              Medium             Large        
[2026-04-03T03:19:18.442+0600][77.995s][info][gc,reloc    ] GC(240) y: Eden               3M (0%)           78M (8%)          41 / 39             0 / 0              0 / 0        
[2026-04-03T03:19:18.442+0600][77.995s][info][gc,reloc    ] GC(240) y: Survivor 1          -                 2M (0%)           1 / 0              0 / 0              0 / 0        
[2026-04-03T03:19:18.442+0600][77.995s][info][gc,heap     ] GC(240) y: Min Capacity: 8M(1%)
[2026-04-03T03:19:18.442+0600][77.995s][info][gc,heap     ] GC(240) y: Max Capacity: 1000M(100%)
[2026-04-03T03:19:18.442+0600][77.995s][info][gc,heap     ] GC(240) y: Soft Max Capacity: 1000M(100%)
[2026-04-03T03:19:18.442+0600][77.995s][info][gc,heap     ] GC(240) y: Heap Statistics:
[2026-04-03T03:19:18.442+0600][77.995s][info][gc,heap     ] GC(240) y:                Mark Start          Mark End        Relocate Start      Relocate End           High               Low         
[2026-04-03T03:19:18.442+0600][77.995s][info][gc,heap     ] GC(240) y:  Capacity:     1000M (100%)       1000M (100%)       1000M (100%)       1000M (100%)       1000M (100%)       1000M (100%)   
[2026-04-03T03:19:18.442+0600][77.995s][info][gc,heap     ] GC(240) y:      Free:      454M (45%)         430M (43%)         432M (43%)         508M (51%)         508M (51%)         428M (43%)    
[2026-04-03T03:19:18.442+0600][77.995s][info][gc,heap     ] GC(240) y:      Used:      546M (55%)         570M (57%)         568M (57%)         492M (49%)         572M (57%)         492M (49%)    
[2026-04-03T03:19:18.443+0600][77.995s][info][gc,heap     ] GC(240) y: Young Generation Statistics:
[2026-04-03T03:19:18.443+0600][77.995s][info][gc,heap     ] GC(240) y:                Mark Start          Mark End        Relocate Start      Relocate End    
[2026-04-03T03:19:18.443+0600][77.995s][info][gc,heap     ] GC(240) y:      Used:       84M (8%)          108M (11%)         106M (11%)          30M (3%)     
[2026-04-03T03:19:18.443+0600][77.995s][info][gc,heap     ] GC(240) y:      Live:         -                 3M (0%)            3M (0%)            3M (0%)     
[2026-04-03T03:19:18.443+0600][77.995s][info][gc,heap     ] GC(240) y:   Garbage:         -                80M (8%)           78M (8%)            0M (0%)     
[2026-04-03T03:19:18.443+0600][77.995s][info][gc,heap     ] GC(240) y: Allocated:         -                24M (2%)           24M (2%)           26M (3%)     
[2026-04-03T03:19:18.443+0600][77.995s][info][gc,heap     ] GC(240) y: Reclaimed:         -                  -                 2M (0%)           80M (8%)     
[2026-04-03T03:19:18.443+0600][77.995s][info][gc,heap     ] GC(240) y:  Promoted:         -                  -                 0M (0%)            0M (0%)     
[2026-04-03T03:19:18.443+0600][77.995s][info][gc,heap     ] GC(240) y: Compacted:         -                  -                  -                 3M (0%)     
[2026-04-03T03:19:18.443+0600][77.995s][info][gc,phases   ] GC(240) y: Young Generation 546M(55%)->492M(49%) 0.172s
[2026-04-03T03:19:18.443+0600][77.995s][info][gc          ] GC(240) Minor Collection (Allocation Rate) 546M(55%)->492M(49%) 0.173s
[2026-04-03T03:19:18.677+0600][78.229s][info][gc          ] GC(241) Minor Collection (Allocation Rate)
[2026-04-03T03:19:18.677+0600][78.229s][info][gc,task     ] GC(241) Using 1 Workers for Young Generation
[2026-04-03T03:19:18.677+0600][78.229s][info][gc,phases   ] GC(241) y: Young Generation
[2026-04-03T03:19:18.677+0600][78.230s][info][gc,phases   ] GC(241) y: Pause Mark Start 0.036ms
[2026-04-03T03:19:18.857+0600][78.409s][info][gc,phases   ] GC(241) y: Concurrent Mark 179.016ms
[2026-04-03T03:19:18.857+0600][78.409s][info][gc,phases   ] GC(241) y: Pause Mark End 0.031ms
[2026-04-03T03:19:18.857+0600][78.409s][info][gc,phases   ] GC(241) y: Concurrent Mark Free 0.003ms
[2026-04-03T03:19:18.857+0600][78.409s][info][gc,phases   ] GC(241) y: Concurrent Reset Relocation Set 0.009ms
[2026-04-03T03:19:18.860+0600][78.412s][info][gc,reloc    ] GC(241) y: Using tenuring threshold: 2 (Computed)
[2026-04-03T03:19:18.861+0600][78.413s][info][gc,phases   ] GC(241) y: Concurrent Select Relocation Set 3.580ms
[2026-04-03T03:19:18.861+0600][78.413s][info][gc,phases   ] GC(241) y: Pause Relocate Start 0.017ms
[2026-04-03T03:19:18.866+0600][78.418s][info][gc,phases   ] GC(241) y: Concurrent Relocate 5.088ms
[2026-04-03T03:19:18.866+0600][78.418s][info][gc,alloc    ] GC(241) y:                         Mark Start        Mark End      Relocate Start    Relocate End   
[2026-04-03T03:19:18.866+0600][78.419s][info][gc,alloc    ] GC(241) y: Allocation Stalls:          0                0                0                0         
[2026-04-03T03:19:18.866+0600][78.419s][info][gc,load     ] GC(241) y: Load: 5.17 (43%) / 5.09 (42%) / 5.51 (46%)
[2026-04-03T03:19:18.866+0600][78.419s][info][gc,mmu      ] GC(241) y: MMU: 2ms/90.1%, 5ms/96.1%, 10ms/97.9%, 20ms/98.5%, 50ms/99.4%, 100ms/99.6%
[2026-04-03T03:19:18.866+0600][78.419s][info][gc,marking  ] GC(241) y: Mark: 1 stripe(s), 2 proactive flush(es), 1 terminate flush(es), 0 completion(s), 0 continuation(s) 
[2026-04-03T03:19:18.866+0600][78.419s][info][gc,marking  ] GC(241) y: Mark Stack Usage: 32M
[2026-04-03T03:19:18.866+0600][78.419s][info][gc,nmethod  ] GC(241) y: NMethods: 7333 registered, 849 unregistered
[2026-04-03T03:19:18.866+0600][78.419s][info][gc,metaspace] GC(241) y: Metaspace: 71M used, 72M committed, 1088M reserved
[2026-04-03T03:19:18.866+0600][78.419s][info][gc,reloc    ] GC(241) y:                        Candidates     Selected     In-Place         Size        Empty    Relocated 
[2026-04-03T03:19:18.866+0600][78.419s][info][gc,reloc    ] GC(241) y: Small Pages:                   12            7            0          24M           6M           1M 
[2026-04-03T03:19:18.866+0600][78.419s][info][gc,reloc    ] GC(241) y: Medium Pages:                   1            0            0          16M          16M           0M 
[2026-04-03T03:19:18.866+0600][78.419s][info][gc,reloc    ] GC(241) y: Large Pages:                    3            0            0          12M           0M           0M 
[2026-04-03T03:19:18.866+0600][78.419s][info][gc,reloc    ] GC(241) y: Forwarding Usage: 1M
[2026-04-03T03:19:18.866+0600][78.419s][info][gc,reloc    ] GC(241) y: Age Table:
[2026-04-03T03:19:18.866+0600][78.419s][info][gc,reloc    ] GC(241) y:                    Live             Garbage             Small              Medium             Large        
[2026-04-03T03:19:18.866+0600][78.419s][info][gc,reloc    ] GC(241) y: Eden              12M (1%)           33M (3%)           9 / 5              1 / 0              3 / 0        
[2026-04-03T03:19:18.866+0600][78.419s][info][gc,reloc    ] GC(241) y: Survivor 1         3M (0%)            2M (0%)           3 / 2              0 / 0              0 / 0        
[2026-04-03T03:19:18.866+0600][78.419s][info][gc,heap     ] GC(241) y: Min Capacity: 8M(1%)
[2026-04-03T03:19:18.866+0600][78.419s][info][gc,heap     ] GC(241) y: Max Capacity: 1000M(100%)
[2026-04-03T03:19:18.866+0600][78.419s][info][gc,heap     ] GC(241) y: Soft Max Capacity: 1000M(100%)
[2026-04-03T03:19:18.866+0600][78.419s][info][gc,heap     ] GC(241) y: Heap Statistics:
[2026-04-03T03:19:18.866+0600][78.419s][info][gc,heap     ] GC(241) y:                Mark Start          Mark End        Relocate Start      Relocate End           High               Low         
[2026-04-03T03:19:18.866+0600][78.419s][info][gc,heap     ] GC(241) y:  Capacity:     1000M (100%)       1000M (100%)       1000M (100%)       1000M (100%)       1000M (100%)       1000M (100%)   
[2026-04-03T03:19:18.866+0600][78.419s][info][gc,heap     ] GC(241) y:      Free:      486M (49%)         446M (45%)         468M (47%)         476M (48%)         486M (49%)         446M (45%)    
[2026-04-03T03:19:18.867+0600][78.419s][info][gc,heap     ] GC(241) y:      Used:      514M (51%)         554M (55%)         532M (53%)         524M (52%)         554M (55%)         514M (51%)    
[2026-04-03T03:19:18.867+0600][78.419s][info][gc,heap     ] GC(241) y: Young Generation Statistics:
[2026-04-03T03:19:18.867+0600][78.419s][info][gc,heap     ] GC(241) y:                Mark Start          Mark End        Relocate Start      Relocate End    
[2026-04-03T03:19:18.867+0600][78.419s][info][gc,heap     ] GC(241) y:      Used:       52M (5%)           92M (9%)           70M (7%)           62M (6%)     
[2026-04-03T03:19:18.867+0600][78.419s][info][gc,heap     ] GC(241) y:      Live:         -                15M (2%)           15M (2%)           15M (2%)     
[2026-04-03T03:19:18.867+0600][78.419s][info][gc,heap     ] GC(241) y:   Garbage:         -                36M (4%)           14M (1%)            0M (0%)     
[2026-04-03T03:19:18.867+0600][78.419s][info][gc,heap     ] GC(241) y: Allocated:         -                40M (4%)           40M (4%)           46M (5%)     
[2026-04-03T03:19:18.867+0600][78.419s][info][gc,heap     ] GC(241) y: Reclaimed:         -                  -                22M (2%)           36M (4%)     
[2026-04-03T03:19:18.867+0600][78.419s][info][gc,heap     ] GC(241) y:  Promoted:         -                  -                 0M (0%)            0M (0%)     
[2026-04-03T03:19:18.867+0600][78.419s][info][gc,heap     ] GC(241) y: Compacted:         -                  -                  -                 1M (0%)     
[2026-04-03T03:19:18.867+0600][78.419s][info][gc,phases   ] GC(241) y: Young Generation 514M(51%)->524M(52%) 0.189s
[2026-04-03T03:19:18.867+0600][78.419s][info][gc          ] GC(241) Minor Collection (Allocation Rate) 514M(51%)->524M(52%) 0.190s
[2026-04-03T03:19:18.867+0600][78.419s][info][gc          ] GC(242) Minor Collection (Allocation Rate)
[2026-04-03T03:19:18.867+0600][78.419s][info][gc,task     ] GC(242) Using 1 Workers for Young Generation
[2026-04-03T03:19:18.867+0600][78.419s][info][gc,phases   ] GC(242) y: Young Generation
[2026-04-03T03:19:18.867+0600][78.419s][info][gc,phases   ] GC(242) y: Pause Mark Start 0.019ms
[2026-04-03T03:19:18.965+0600][78.518s][info][gc,phases   ] GC(242) y: Concurrent Mark 98.406ms
[2026-04-03T03:19:18.966+0600][78.518s][info][gc,phases   ] GC(242) y: Pause Mark End 0.045ms
[2026-04-03T03:19:18.966+0600][78.518s][info][gc,phases   ] GC(242) y: Concurrent Mark Free 0.001ms
[2026-04-03T03:19:18.966+0600][78.518s][info][gc,phases   ] GC(242) y: Concurrent Reset Relocation Set 0.003ms
[2026-04-03T03:19:18.972+0600][78.524s][info][gc,reloc    ] GC(242) y: Using tenuring threshold: 1 (Computed)
[2026-04-03T03:19:18.985+0600][78.537s][info][gc,phases   ] GC(242) y: Concurrent Select Relocation Set 18.680ms
[2026-04-03T03:19:18.985+0600][78.537s][info][gc,phases   ] GC(242) y: Pause Relocate Start 0.025ms
[2026-04-03T03:19:19.021+0600][78.573s][info][gc,phases   ] GC(242) y: Concurrent Relocate 35.476ms
[2026-04-03T03:19:19.021+0600][78.573s][info][gc,alloc    ] GC(242) y:                         Mark Start        Mark End      Relocate Start    Relocate End   
[2026-04-03T03:19:19.021+0600][78.573s][info][gc,alloc    ] GC(242) y: Allocation Stalls:          0                0                0                0         
[2026-04-03T03:19:19.021+0600][78.573s][info][gc,load     ] GC(242) y: Load: 5.17 (43%) / 5.09 (42%) / 5.51 (46%)
[2026-04-03T03:19:19.021+0600][78.573s][info][gc,mmu      ] GC(242) y: MMU: 2ms/90.1%, 5ms/96.1%, 10ms/97.9%, 20ms/98.5%, 50ms/99.4%, 100ms/99.6%
[2026-04-03T03:19:19.021+0600][78.573s][info][gc,marking  ] GC(242) y: Mark: 1 stripe(s), 2 proactive flush(es), 1 terminate flush(es), 0 completion(s), 0 continuation(s) 
[2026-04-03T03:19:19.021+0600][78.573s][info][gc,marking  ] GC(242) y: Mark Stack Usage: 32M
[2026-04-03T03:19:19.021+0600][78.573s][info][gc,nmethod  ] GC(242) y: NMethods: 7341 registered, 849 unregistered
[2026-04-03T03:19:19.021+0600][78.573s][info][gc,metaspace] GC(242) y: Metaspace: 71M used, 72M committed, 1088M reserved
[2026-04-03T03:19:19.021+0600][78.573s][info][gc,reloc    ] GC(242) y:                        Candidates     Selected     In-Place         Size        Empty    Relocated 
[2026-04-03T03:19:19.021+0600][78.573s][info][gc,reloc    ] GC(242) y: Small Pages:                   17           13            0          34M           4M           1M 
[2026-04-03T03:19:19.021+0600][78.573s][info][gc,reloc    ] GC(242) y: Medium Pages:                   1            0            0          16M          16M           0M 
[2026-04-03T03:19:19.021+0600][78.573s][info][gc,reloc    ] GC(242) y: Large Pages:                    3            0            0          12M           0M           0M 
[2026-04-03T03:19:19.021+0600][78.573s][info][gc,reloc    ] GC(242) y: Forwarding Usage: 1M
[2026-04-03T03:19:19.021+0600][78.573s][info][gc,reloc    ] GC(242) y: Age Table:
[2026-04-03T03:19:19.021+0600][78.573s][info][gc,reloc    ] GC(242) y:                    Live             Garbage             Small              Medium             Large        
[2026-04-03T03:19:19.021+0600][78.573s][info][gc,reloc    ] GC(242) y: Eden               0M (0%)           39M (4%)          12 / 9              1 / 0              0 / 0        
[2026-04-03T03:19:19.021+0600][78.573s][info][gc,reloc    ] GC(242) y: Survivor 1        12M (1%)            3M (0%)           2 / 2              0 / 0              3 / 0        
[2026-04-03T03:19:19.021+0600][78.573s][info][gc,reloc    ] GC(242) y: Survivor 2         3M (0%)            2M (0%)           3 / 2              0 / 0              0 / 0        
[2026-04-03T03:19:19.021+0600][78.573s][info][gc,heap     ] GC(242) y: Min Capacity: 8M(1%)
[2026-04-03T03:19:19.021+0600][78.573s][info][gc,heap     ] GC(242) y: Max Capacity: 1000M(100%)
[2026-04-03T03:19:19.021+0600][78.573s][info][gc,heap     ] GC(242) y: Soft Max Capacity: 1000M(100%)
[2026-04-03T03:19:19.021+0600][78.573s][info][gc,heap     ] GC(242) y: Heap Statistics:
[2026-04-03T03:19:19.021+0600][78.573s][info][gc,heap     ] GC(242) y:                Mark Start          Mark End        Relocate Start      Relocate End           High               Low         
[2026-04-03T03:19:19.021+0600][78.573s][info][gc,heap     ] GC(242) y:  Capacity:     1000M (100%)       1000M (100%)       1000M (100%)       1000M (100%)       1000M (100%)       1000M (100%)   
[2026-04-03T03:19:19.021+0600][78.573s][info][gc,heap     ] GC(242) y:      Free:      476M (48%)         444M (44%)         464M (46%)         486M (49%)         486M (49%)         444M (44%)    
[2026-04-03T03:19:19.021+0600][78.573s][info][gc,heap     ] GC(242) y:      Used:      524M (52%)         556M (56%)         536M (54%)         514M (51%)         556M (56%)         514M (51%)    
[2026-04-03T03:19:19.021+0600][78.573s][info][gc,heap     ] GC(242) y: Young Generation Statistics:
[2026-04-03T03:19:19.021+0600][78.573s][info][gc,heap     ] GC(242) y:                Mark Start          Mark End        Relocate Start      Relocate End    
[2026-04-03T03:19:19.021+0600][78.573s][info][gc,heap     ] GC(242) y:      Used:       62M (6%)           94M (9%)           60M (6%)           34M (3%)     
[2026-04-03T03:19:19.021+0600][78.573s][info][gc,heap     ] GC(242) y:      Live:         -                15M (2%)            1M (0%)            0M (0%)     
[2026-04-03T03:19:19.021+0600][78.573s][info][gc,heap     ] GC(242) y:   Garbage:         -                46M (5%)           26M (3%)            0M (0%)     
[2026-04-03T03:19:19.021+0600][78.573s][info][gc,heap     ] GC(242) y: Allocated:         -                32M (3%)           32M (3%)           33M (3%)     
[2026-04-03T03:19:19.021+0600][78.573s][info][gc,heap     ] GC(242) y: Reclaimed:         -                  -                20M (2%)           46M (5%)     
[2026-04-03T03:19:19.021+0600][78.573s][info][gc,heap     ] GC(242) y:  Promoted:         -                  -                13M (1%)           15M (2%)     
[2026-04-03T03:19:19.021+0600][78.573s][info][gc,heap     ] GC(242) y: Compacted:         -                  -                  -                 0M (0%)     
[2026-04-03T03:19:19.021+0600][78.573s][info][gc,phases   ] GC(242) y: Young Generation 524M(52%)->514M(51%) 0.154s
[2026-04-03T03:19:19.021+0600][78.574s][info][gc          ] GC(242) Minor Collection (Allocation Rate) 524M(52%)->514M(51%) 0.155s
[2026-04-03T03:19:19.107+0600][78.659s][info][gc,phases   ] GC(237) O: Concurrent Mark 1321.578ms
[2026-04-03T03:19:19.107+0600][78.659s][info][gc,phases   ] GC(237) O: Pause Mark End 0.023ms
[2026-04-03T03:19:19.107+0600][78.659s][info][gc,phases   ] GC(237) O: Concurrent Mark Free 0.001ms
[2026-04-03T03:19:19.118+0600][78.670s][info][gc,phases   ] GC(237) O: Concurrent Process Non-Strong 11.146ms
[2026-04-03T03:19:19.118+0600][78.671s][info][gc,phases   ] GC(237) O: Concurrent Reset Relocation Set 0.009ms
[2026-04-03T03:19:19.130+0600][78.683s][info][gc,phases   ] GC(237) O: Concurrent Select Relocation Set 11.970ms
[2026-04-03T03:19:19.130+0600][78.683s][info][gc,task     ] GC(237) O: Using 3 Workers for Old Generation
[2026-04-03T03:19:19.153+0600][78.705s][info][gc,task     ] GC(237) O: Using 2 Workers for Old Generation
[2026-04-03T03:19:19.153+0600][78.705s][info][gc,phases   ] GC(237) O: Concurrent Remap Roots 22.422ms
[2026-04-03T03:19:19.153+0600][78.705s][info][gc,phases   ] GC(237) O: Pause Relocate Start 0.033ms
[2026-04-03T03:19:19.259+0600][78.811s][info][gc,phases   ] GC(237) O: Concurrent Relocate 105.738ms
[2026-04-03T03:19:19.259+0600][78.811s][info][gc,alloc    ] GC(237) O:                         Mark Start        Mark End      Relocate Start    Relocate End   
[2026-04-03T03:19:19.259+0600][78.811s][info][gc,alloc    ] GC(237) O: Allocation Stalls:          0                0                0                0         
[2026-04-03T03:19:19.259+0600][78.811s][info][gc,load     ] GC(237) O: Load: 5.17 (43%) / 5.09 (42%) / 5.51 (46%)
[2026-04-03T03:19:19.259+0600][78.811s][info][gc,mmu      ] GC(237) O: MMU: 2ms/90.1%, 5ms/96.1%, 10ms/97.9%, 20ms/98.5%, 50ms/99.4%, 100ms/99.6%
[2026-04-03T03:19:19.259+0600][78.811s][info][gc,marking  ] GC(237) O: Mark: 1 stripe(s), 2 proactive flush(es), 1 terminate flush(es), 0 completion(s), 0 continuation(s) 
[2026-04-03T03:19:19.259+0600][78.811s][info][gc,marking  ] GC(237) O: Mark Stack Usage: 32M
[2026-04-03T03:19:19.259+0600][78.811s][info][gc,nmethod  ] GC(237) O: NMethods: 7340 registered, 851 unregistered
[2026-04-03T03:19:19.259+0600][78.811s][info][gc,metaspace] GC(237) O: Metaspace: 71M used, 72M committed, 1088M reserved
[2026-04-03T03:19:19.259+0600][78.811s][info][gc,ref      ] GC(237) O:                       Encountered   Discovered     Enqueued 
[2026-04-03T03:19:19.259+0600][78.811s][info][gc,ref      ] GC(237) O: Soft References:             5099            0            0 
[2026-04-03T03:19:19.259+0600][78.811s][info][gc,ref      ] GC(237) O: Weak References:             6701         5513            1 
[2026-04-03T03:19:19.259+0600][78.811s][info][gc,ref      ] GC(237) O: Final References:              84            0            0 
[2026-04-03T03:19:19.259+0600][78.811s][info][gc,ref      ] GC(237) O: Phantom References:           604          214            0 
[2026-04-03T03:19:19.259+0600][78.811s][info][gc,reloc    ] GC(237) O:                        Candidates     Selected     In-Place         Size        Empty    Relocated 
[2026-04-03T03:19:19.259+0600][78.811s][info][gc,reloc    ] GC(237) O: Small Pages:                  157           21            0         314M           0M          12M 
[2026-04-03T03:19:19.259+0600][78.811s][info][gc,reloc    ] GC(237) O: Medium Pages:                   1            0            0          16M           0M           0M 
[2026-04-03T03:19:19.259+0600][78.811s][info][gc,reloc    ] GC(237) O: Large Pages:                    8            0            0          82M          26M           0M 
[2026-04-03T03:19:19.259+0600][78.811s][info][gc,reloc    ] GC(237) O: Forwarding Usage: 42M
[2026-04-03T03:19:19.259+0600][78.811s][info][gc,heap     ] GC(237) O: Min Capacity: 8M(1%)
[2026-04-03T03:19:19.259+0600][78.811s][info][gc,heap     ] GC(237) O: Max Capacity: 1000M(100%)
[2026-04-03T03:19:19.259+0600][78.811s][info][gc,heap     ] GC(237) O: Soft Max Capacity: 1000M(100%)
[2026-04-03T03:19:19.259+0600][78.811s][info][gc,heap     ] GC(237) O: Heap Statistics:
[2026-04-03T03:19:19.259+0600][78.811s][info][gc,heap     ] GC(237) O:                Mark Start          Mark End        Relocate Start      Relocate End           High               Low         
[2026-04-03T03:19:19.259+0600][78.811s][info][gc,heap     ] GC(237) O:  Capacity:     1000M (100%)       1000M (100%)       1000M (100%)       1000M (100%)       1000M (100%)       1000M (100%)   
[2026-04-03T03:19:19.259+0600][78.812s][info][gc,heap     ] GC(237) O:      Free:      440M (44%)         482M (48%)         506M (51%)         548M (55%)         550M (55%)         378M (38%)    
[2026-04-03T03:19:19.259+0600][78.812s][info][gc,heap     ] GC(237) O:      Used:      560M (56%)         518M (52%)         494M (49%)         452M (45%)         622M (62%)         450M (45%)    
[2026-04-03T03:19:19.259+0600][78.812s][info][gc,heap     ] GC(237) O: Old Generation Statistics:
[2026-04-03T03:19:19.259+0600][78.812s][info][gc,heap     ] GC(237) O:                Mark Start          Mark End        Relocate Start      Relocate End    
[2026-04-03T03:19:19.259+0600][78.812s][info][gc,heap     ] GC(237) O:      Used:      412M (41%)         480M (48%)         454M (45%)         406M (41%)    
[2026-04-03T03:19:19.259+0600][78.812s][info][gc,heap     ] GC(237) O:      Live:         -               322M (32%)         322M (32%)         322M (32%)    
[2026-04-03T03:19:19.259+0600][78.812s][info][gc,heap     ] GC(237) O:   Garbage:         -                89M (9%)           63M (6%)           13M (1%)     
[2026-04-03T03:19:19.259+0600][78.812s][info][gc,heap     ] GC(237) O: Allocated:         -                68M (7%)           68M (7%)           69M (7%)     
[2026-04-03T03:19:19.259+0600][78.812s][info][gc,heap     ] GC(237) O: Reclaimed:         -                  -                26M (3%)           75M (8%)     
[2026-04-03T03:19:19.259+0600][78.812s][info][gc,heap     ] GC(237) O: Compacted:         -                  -                  -                54M (5%)     
[2026-04-03T03:19:19.259+0600][78.812s][info][gc,phases   ] GC(237) O: Old Generation 532M(53%)->452M(45%) 1.474s
[2026-04-03T03:19:19.259+0600][78.812s][info][gc          ] GC(237) Major Collection (Allocation Rate) 560M(56%)->452M(45%) 1.616s
[2026-04-03T03:19:19.375+0600][78.927s][info][gc          ] GC(243) Minor Collection (Allocation Rate)
[2026-04-03T03:19:19.375+0600][78.927s][info][gc,task     ] GC(243) Using 2 Workers for Young Generation
[2026-04-03T03:19:19.375+0600][78.927s][info][gc,phases   ] GC(243) y: Young Generation
[2026-04-03T03:19:19.375+0600][78.927s][info][gc,phases   ] GC(243) y: Pause Mark Start 0.019ms
[2026-04-03T03:19:19.429+0600][78.981s][info][gc,phases   ] GC(243) y: Concurrent Mark 53.632ms
[2026-04-03T03:19:19.429+0600][78.981s][info][gc,phases   ] GC(243) y: Pause Mark End 0.030ms
[2026-04-03T03:19:19.429+0600][78.982s][info][gc,phases   ] GC(243) y: Concurrent Mark Free 0.002ms
[2026-04-03T03:19:19.429+0600][78.982s][info][gc,phases   ] GC(243) y: Concurrent Reset Relocation Set 0.014ms
[2026-04-03T03:19:19.432+0600][78.984s][info][gc,reloc    ] GC(243) y: Using tenuring threshold: 2 (Computed)
[2026-04-03T03:19:19.432+0600][78.984s][info][gc,phases   ] GC(243) y: Concurrent Select Relocation Set 2.745ms
[2026-04-03T03:19:19.432+0600][78.985s][info][gc,phases   ] GC(243) y: Pause Relocate Start 0.014ms
[2026-04-03T03:19:19.433+0600][78.985s][info][gc,phases   ] GC(243) y: Concurrent Relocate 0.430ms
[2026-04-03T03:19:19.433+0600][78.985s][info][gc,alloc    ] GC(243) y:                         Mark Start        Mark End      Relocate Start    Relocate End   
[2026-04-03T03:19:19.433+0600][78.985s][info][gc,alloc    ] GC(243) y: Allocation Stalls:          0                0                0                0         
[2026-04-03T03:19:19.433+0600][78.985s][info][gc,load     ] GC(243) y: Load: 5.17 (43%) / 5.09 (42%) / 5.51 (46%)
[2026-04-03T03:19:19.433+0600][78.985s][info][gc,mmu      ] GC(243) y: MMU: 2ms/90.1%, 5ms/96.1%, 10ms/97.9%, 20ms/98.5%, 50ms/99.4%, 100ms/99.6%
[2026-04-03T03:19:19.433+0600][78.985s][info][gc,marking  ] GC(243) y: Mark: 2 stripe(s), 2 proactive flush(es), 1 terminate flush(es), 0 completion(s), 0 continuation(s) 
[2026-04-03T03:19:19.433+0600][78.985s][info][gc,marking  ] GC(243) y: Mark Stack Usage: 32M
[2026-04-03T03:19:19.433+0600][78.985s][info][gc,nmethod  ] GC(243) y: NMethods: 7377 registered, 851 unregistered
[2026-04-03T03:19:19.433+0600][78.985s][info][gc,metaspace] GC(243) y: Metaspace: 71M used, 72M committed, 1088M reserved
[2026-04-03T03:19:19.433+0600][78.985s][info][gc,reloc    ] GC(243) y:                        Candidates     Selected     In-Place         Size        Empty    Relocated 
[2026-04-03T03:19:19.433+0600][78.985s][info][gc,reloc    ] GC(243) y: Small Pages:                   17           10            0          34M          12M           0M 
[2026-04-03T03:19:19.433+0600][78.985s][info][gc,reloc    ] GC(243) y: Medium Pages:                   1            0            0          16M          16M           0M 
[2026-04-03T03:19:19.433+0600][78.985s][info][gc,reloc    ] GC(243) y: Large Pages:                    2            0            0          10M           6M           0M 
[2026-04-03T03:19:19.433+0600][78.985s][info][gc,reloc    ] GC(243) y: Forwarding Usage: 0M
[2026-04-03T03:19:19.433+0600][78.985s][info][gc,reloc    ] GC(243) y: Age Table:
[2026-04-03T03:19:19.433+0600][78.985s][info][gc,reloc    ] GC(243) y:                    Live             Garbage             Small              Medium             Large        
[2026-04-03T03:19:19.433+0600][78.985s][info][gc,reloc    ] GC(243) y: Eden               4M (0%)           53M (5%)          16 / 9              1 / 0              2 / 0        
[2026-04-03T03:19:19.433+0600][78.985s][info][gc,reloc    ] GC(243) y: Survivor 1         0M (0%)            1M (0%)           1 / 1              0 / 0              0 / 0        
[2026-04-03T03:19:19.433+0600][78.985s][info][gc,heap     ] GC(243) y: Min Capacity: 8M(1%)
[2026-04-03T03:19:19.433+0600][78.985s][info][gc,heap     ] GC(243) y: Max Capacity: 1000M(100%)
[2026-04-03T03:19:19.433+0600][78.985s][info][gc,heap     ] GC(243) y: Soft Max Capacity: 1000M(100%)
[2026-04-03T03:19:19.433+0600][78.985s][info][gc,heap     ] GC(243) y: Heap Statistics:
[2026-04-03T03:19:19.433+0600][78.985s][info][gc,heap     ] GC(243) y:                Mark Start          Mark End        Relocate Start      Relocate End           High               Low         
[2026-04-03T03:19:19.433+0600][78.985s][info][gc,heap     ] GC(243) y:  Capacity:     1000M (100%)       1000M (100%)       1000M (100%)       1000M (100%)       1000M (100%)       1000M (100%)   
[2026-04-03T03:19:19.433+0600][78.985s][info][gc,heap     ] GC(243) y:      Free:      534M (53%)         458M (46%)         488M (49%)         502M (50%)         534M (53%)         454M (45%)    
[2026-04-03T03:19:19.433+0600][78.985s][info][gc,heap     ] GC(243) y:      Used:      466M (47%)         542M (54%)         512M (51%)         498M (50%)         546M (55%)         466M (47%)    
[2026-04-03T03:19:19.433+0600][78.985s][info][gc,heap     ] GC(243) y: Young Generation Statistics:
[2026-04-03T03:19:19.433+0600][78.985s][info][gc,heap     ] GC(243) y:                Mark Start          Mark End        Relocate Start      Relocate End    
[2026-04-03T03:19:19.433+0600][78.985s][info][gc,heap     ] GC(243) y:      Used:       60M (6%)          136M (14%)         106M (11%)          92M (9%)     
[2026-04-03T03:19:19.433+0600][78.985s][info][gc,heap     ] GC(243) y:      Live:         -                 4M (0%)            4M (0%)            4M (0%)     
[2026-04-03T03:19:19.433+0600][78.985s][info][gc,heap     ] GC(243) y:   Garbage:         -                55M (6%)           21M (2%)            0M (0%)     
[2026-04-03T03:19:19.433+0600][78.985s][info][gc,heap     ] GC(243) y: Allocated:         -                76M (8%)           80M (8%)           87M (9%)     
[2026-04-03T03:19:19.433+0600][78.985s][info][gc,heap     ] GC(243) y: Reclaimed:         -                  -                34M (3%)           55M (6%)     
[2026-04-03T03:19:19.433+0600][78.985s][info][gc,heap     ] GC(243) y:  Promoted:         -                  -                 0M (0%)            0M (0%)     
[2026-04-03T03:19:19.433+0600][78.985s][info][gc,heap     ] GC(243) y: Compacted:         -                  -                  -                 0M (0%)     
[2026-04-03T03:19:19.433+0600][78.985s][info][gc,phases   ] GC(243) y: Young Generation 466M(47%)->498M(50%) 0.058s
[2026-04-03T03:19:19.433+0600][78.986s][info][gc          ] GC(243) Minor Collection (Allocation Rate) 466M(47%)->498M(50%) 0.058s
[2026-04-03T03:19:19.612+0600][79.165s][info][gc          ] GC(244) Minor Collection (Allocation Rate)
[2026-04-03T03:19:19.613+0600][79.165s][info][gc,task     ] GC(244) Using 2 Workers for Young Generation
[2026-04-03T03:19:19.613+0600][79.165s][info][gc,phases   ] GC(244) y: Young Generation
[2026-04-03T03:19:19.613+0600][79.165s][info][gc,phases   ] GC(244) y: Pause Mark Start 0.055ms
[2026-04-03T03:19:19.785+0600][79.337s][info][gc,phases   ] GC(244) y: Concurrent Mark 172.042ms
[2026-04-03T03:19:19.785+0600][79.338s][info][gc,phases   ] GC(244) y: Pause Mark End 0.034ms
[2026-04-03T03:19:19.786+0600][79.338s][info][gc,phases   ] GC(244) y: Concurrent Mark Free 0.002ms
[2026-04-03T03:19:19.786+0600][79.338s][info][gc,phases   ] GC(244) y: Concurrent Reset Relocation Set 0.005ms
[2026-04-03T03:19:19.792+0600][79.344s][info][gc,reloc    ] GC(244) y: Using tenuring threshold: 3 (Computed)
[2026-04-03T03:19:19.808+0600][79.361s][info][gc,phases   ] GC(244) y: Concurrent Select Relocation Set 22.668ms
[2026-04-03T03:19:19.809+0600][79.361s][info][gc,phases   ] GC(244) y: Pause Relocate Start 0.052ms
[2026-04-03T03:19:19.873+0600][79.425s][info][gc,phases   ] GC(244) y: Concurrent Relocate 63.543ms
[2026-04-03T03:19:19.873+0600][79.425s][info][gc,alloc    ] GC(244) y:                         Mark Start        Mark End      Relocate Start    Relocate End   
[2026-04-03T03:19:19.873+0600][79.425s][info][gc,alloc    ] GC(244) y: Allocation Stalls:          0                0                0                0         
[2026-04-03T03:19:19.873+0600][79.425s][info][gc,load     ] GC(244) y: Load: 5.17 (43%) / 5.09 (42%) / 5.51 (46%)
[2026-04-03T03:19:19.873+0600][79.425s][info][gc,mmu      ] GC(244) y: MMU: 2ms/90.1%, 5ms/96.1%, 10ms/97.9%, 20ms/98.5%, 50ms/99.4%, 100ms/99.6%
[2026-04-03T03:19:19.873+0600][79.425s][info][gc,marking  ] GC(244) y: Mark: 2 stripe(s), 2 proactive flush(es), 1 terminate flush(es), 0 completion(s), 0 continuation(s) 
[2026-04-03T03:19:19.873+0600][79.425s][info][gc,marking  ] GC(244) y: Mark Stack Usage: 32M
[2026-04-03T03:19:19.873+0600][79.425s][info][gc,nmethod  ] GC(244) y: NMethods: 7413 registered, 851 unregistered
[2026-04-03T03:19:19.873+0600][79.425s][info][gc,metaspace] GC(244) y: Metaspace: 71M used, 72M committed, 1088M reserved
[2026-04-03T03:19:19.873+0600][79.425s][info][gc,reloc    ] GC(244) y:                        Candidates     Selected     In-Place         Size        Empty    Relocated 
[2026-04-03T03:19:19.873+0600][79.425s][info][gc,reloc    ] GC(244) y: Small Pages:                   77           64            0         154M           0M          15M 
[2026-04-03T03:19:19.873+0600][79.425s][info][gc,reloc    ] GC(244) y: Medium Pages:                   1            0            0          16M          16M           0M 
[2026-04-03T03:19:19.873+0600][79.425s][info][gc,reloc    ] GC(244) y: Large Pages:                    8            0            0          44M          12M           0M 
[2026-04-03T03:19:19.873+0600][79.425s][info][gc,reloc    ] GC(244) y: Forwarding Usage: 22M
[2026-04-03T03:19:19.873+0600][79.425s][info][gc,reloc    ] GC(244) y: Age Table:
[2026-04-03T03:19:19.873+0600][79.425s][info][gc,reloc    ] GC(244) y:                    Live             Garbage             Small              Medium             Large        
[2026-04-03T03:19:19.873+0600][79.425s][info][gc,reloc    ] GC(244) y: Eden              49M (5%)          154M (15%)         74 / 61             1 / 0              7 / 0        
[2026-04-03T03:19:19.873+0600][79.425s][info][gc,reloc    ] GC(244) y: Survivor 1         4M (0%)            3M (0%)           2 / 2              0 / 0              1 / 0        
[2026-04-03T03:19:19.873+0600][79.425s][info][gc,reloc    ] GC(244) y: Survivor 2         0M (0%)            1M (0%)           1 / 1              0 / 0              0 / 0        
[2026-04-03T03:19:19.873+0600][79.425s][info][gc,heap     ] GC(244) y: Min Capacity: 8M(1%)
[2026-04-03T03:19:19.873+0600][79.425s][info][gc,heap     ] GC(244) y: Max Capacity: 1000M(100%)
[2026-04-03T03:19:19.873+0600][79.425s][info][gc,heap     ] GC(244) y: Soft Max Capacity: 1000M(100%)
[2026-04-03T03:19:19.873+0600][79.425s][info][gc,heap     ] GC(244) y: Heap Statistics:
[2026-04-03T03:19:19.873+0600][79.425s][info][gc,heap     ] GC(244) y:                Mark Start          Mark End        Relocate Start      Relocate End           High               Low         
[2026-04-03T03:19:19.873+0600][79.425s][info][gc,heap     ] GC(244) y:  Capacity:     1000M (100%)       1000M (100%)       1000M (100%)       1000M (100%)       1000M (100%)       1000M (100%)   
[2026-04-03T03:19:19.873+0600][79.425s][info][gc,heap     ] GC(244) y:      Free:      380M (38%)         276M (28%)         282M (28%)         370M (37%)         380M (38%)         270M (27%)    
[2026-04-03T03:19:19.873+0600][79.425s][info][gc,heap     ] GC(244) y:      Used:      620M (62%)         724M (72%)         718M (72%)         630M (63%)         730M (73%)         620M (62%)    
[2026-04-03T03:19:19.873+0600][79.425s][info][gc,heap     ] GC(244) y: Young Generation Statistics:
[2026-04-03T03:19:19.873+0600][79.425s][info][gc,heap     ] GC(244) y:                Mark Start          Mark End        Relocate Start      Relocate End    
[2026-04-03T03:19:19.873+0600][79.425s][info][gc,heap     ] GC(244) y:      Used:      214M (21%)         318M (32%)         312M (31%)         224M (22%)    
[2026-04-03T03:19:19.873+0600][79.425s][info][gc,heap     ] GC(244) y:      Live:         -                53M (5%)           53M (5%)           53M (5%)     
[2026-04-03T03:19:19.873+0600][79.425s][info][gc,heap     ] GC(244) y:   Garbage:         -               160M (16%)         132M (13%)           1M (0%)     
[2026-04-03T03:19:19.873+0600][79.425s][info][gc,heap     ] GC(244) y: Allocated:         -               104M (10%)         126M (13%)         169M (17%)    
[2026-04-03T03:19:19.873+0600][79.425s][info][gc,heap     ] GC(244) y: Reclaimed:         -                  -                28M (3%)          159M (16%)    
[2026-04-03T03:19:19.873+0600][79.425s][info][gc,heap     ] GC(244) y:  Promoted:         -                  -                 0M (0%)            0M (0%)     
[2026-04-03T03:19:19.873+0600][79.425s][info][gc,heap     ] GC(244) y: Compacted:         -                  -                  -                20M (2%)     
[2026-04-03T03:19:19.873+0600][79.425s][info][gc,phases   ] GC(244) y: Young Generation 620M(62%)->630M(63%) 0.260s
[2026-04-03T03:19:19.873+0600][79.425s][info][gc          ] GC(244) Minor Collection (Allocation Rate) 620M(62%)->630M(63%) 0.260s
[2026-04-03T03:19:19.873+0600][79.425s][info][gc          ] GC(245) Major Collection (Allocation Rate)
[2026-04-03T03:19:19.873+0600][79.425s][info][gc,task     ] GC(245) Using 3 Workers for Young Generation
[2026-04-03T03:19:19.873+0600][79.425s][info][gc,task     ] GC(245) Using 1 Workers for Old Generation
[2026-04-03T03:19:19.873+0600][79.425s][info][gc,phases   ] GC(245) Y: Young Generation
[2026-04-03T03:19:19.873+0600][79.426s][info][gc,phases   ] GC(245) Y: Pause Mark Start (Major) 0.025ms
[2026-04-03T03:19:19.904+0600][79.456s][info][gc,phases   ] GC(245) Y: Concurrent Mark 29.995ms
[2026-04-03T03:19:19.904+0600][79.456s][info][gc,phases   ] GC(245) Y: Pause Mark End 0.031ms
[2026-04-03T03:19:19.904+0600][79.456s][info][gc,phases   ] GC(245) Y: Concurrent Mark Free 0.003ms
[2026-04-03T03:19:19.904+0600][79.456s][info][gc,phases   ] GC(245) Y: Concurrent Reset Relocation Set 0.011ms
[2026-04-03T03:19:19.906+0600][79.458s][info][gc,reloc    ] GC(245) Y: Using tenuring threshold: 1 (Computed)
[2026-04-03T03:19:19.911+0600][79.463s][info][gc,phases   ] GC(245) Y: Concurrent Select Relocation Set 6.818ms
[2026-04-03T03:19:19.911+0600][79.463s][info][gc,phases   ] GC(245) Y: Pause Relocate Start 0.020ms
[2026-04-03T03:19:19.923+0600][79.475s][info][gc,phases   ] GC(245) Y: Concurrent Relocate 11.630ms
[2026-04-03T03:19:19.923+0600][79.475s][info][gc,alloc    ] GC(245) Y:                         Mark Start        Mark End      Relocate Start    Relocate End   
[2026-04-03T03:19:19.923+0600][79.475s][info][gc,alloc    ] GC(245) Y: Allocation Stalls:          0                0                0                0         
[2026-04-03T03:19:19.923+0600][79.475s][info][gc,load     ] GC(245) Y: Load: 5.17 (43%) / 5.09 (42%) / 5.51 (46%)
[2026-04-03T03:19:19.923+0600][79.475s][info][gc,mmu      ] GC(245) Y: MMU: 2ms/90.1%, 5ms/96.1%, 10ms/97.9%, 20ms/98.5%, 50ms/99.4%, 100ms/99.6%
[2026-04-03T03:19:19.923+0600][79.475s][info][gc,marking  ] GC(245) Y: Mark: 2 stripe(s), 2 proactive flush(es), 1 terminate flush(es), 0 completion(s), 0 continuation(s) 
[2026-04-03T03:19:19.923+0600][79.475s][info][gc,marking  ] GC(245) Y: Mark Stack Usage: 32M
[2026-04-03T03:19:19.923+0600][79.475s][info][gc,nmethod  ] GC(245) Y: NMethods: 7452 registered, 851 unregistered
[2026-04-03T03:19:19.923+0600][79.475s][info][gc,metaspace] GC(245) Y: Metaspace: 71M used, 72M committed, 1088M reserved
[2026-04-03T03:19:19.923+0600][79.475s][info][gc,reloc    ] GC(245) Y:                        Candidates     Selected     In-Place         Size        Empty    Relocated 
[2026-04-03T03:19:19.923+0600][79.475s][info][gc,reloc    ] GC(245) Y: Small Pages:                   78           14            0         156M         126M           0M 
[2026-04-03T03:19:19.923+0600][79.475s][info][gc,reloc    ] GC(245) Y: Medium Pages:                   1            0            0          16M          16M           0M 
[2026-04-03T03:19:19.923+0600][79.475s][info][gc,reloc    ] GC(245) Y: Large Pages:                    7            0            0          52M          48M           0M 
[2026-04-03T03:19:19.923+0600][79.475s][info][gc,reloc    ] GC(245) Y: Forwarding Usage: 0M
[2026-04-03T03:19:19.923+0600][79.475s][info][gc,reloc    ] GC(245) Y: Age Table:
[2026-04-03T03:19:19.923+0600][79.475s][info][gc,reloc    ] GC(245) Y:                    Live             Garbage             Small              Medium             Large        
[2026-04-03T03:19:19.923+0600][79.475s][info][gc,reloc    ] GC(245) Y: Eden               0M (0%)          157M (16%)         61 / 10             1 / 0              2 / 0        
[2026-04-03T03:19:19.923+0600][79.475s][info][gc,reloc    ] GC(245) Y: Survivor 1         0M (0%)           57M (6%)          15 / 2              0 / 0              4 / 0        
[2026-04-03T03:19:19.923+0600][79.475s][info][gc,reloc    ] GC(245) Y: Survivor 2         4M (0%)            1M (0%)           1 / 1              0 / 0              1 / 0        
[2026-04-03T03:19:19.923+0600][79.475s][info][gc,reloc    ] GC(245) Y: Survivor 3         0M (0%)            1M (0%)           1 / 1              0 / 0              0 / 0        
[2026-04-03T03:19:19.923+0600][79.475s][info][gc,heap     ] GC(245) Y: Min Capacity: 8M(1%)
[2026-04-03T03:19:19.923+0600][79.475s][info][gc,heap     ] GC(245) Y: Max Capacity: 1000M(100%)
[2026-04-03T03:19:19.923+0600][79.475s][info][gc,heap     ] GC(245) Y: Soft Max Capacity: 1000M(100%)
[2026-04-03T03:19:19.923+0600][79.475s][info][gc,heap     ] GC(245) Y: Heap Statistics:
[2026-04-03T03:19:19.923+0600][79.475s][info][gc,heap     ] GC(245) Y:                Mark Start          Mark End        Relocate Start      Relocate End           High               Low         
[2026-04-03T03:19:19.923+0600][79.475s][info][gc,heap     ] GC(245) Y:  Capacity:     1000M (100%)       1000M (100%)       1000M (100%)       1000M (100%)       1000M (100%)       1000M (100%)   
[2026-04-03T03:19:19.923+0600][79.475s][info][gc,heap     ] GC(245) Y:      Free:      370M (37%)         328M (33%)         518M (52%)         518M (52%)         530M (53%)         328M (33%)    
[2026-04-03T03:19:19.923+0600][79.475s][info][gc,heap     ] GC(245) Y:      Used:      630M (63%)         672M (67%)         482M (48%)         482M (48%)         672M (67%)         470M (47%)    
[2026-04-03T03:19:19.923+0600][79.475s][info][gc,heap     ] GC(245) Y: Young Generation Statistics:
[2026-04-03T03:19:19.923+0600][79.475s][info][gc,heap     ] GC(245) Y:                Mark Start          Mark End        Relocate Start      Relocate End    
[2026-04-03T03:19:19.923+0600][79.475s][info][gc,heap     ] GC(245) Y:      Used:      224M (22%)         266M (27%)          72M (7%)           60M (6%)     
[2026-04-03T03:19:19.923+0600][79.475s][info][gc,heap     ] GC(245) Y:      Live:         -                 4M (0%)            0M (0%)            0M (0%)     
[2026-04-03T03:19:19.923+0600][79.475s][info][gc,heap     ] GC(245) Y:   Garbage:         -               219M (22%)          29M (3%)            0M (0%)     
[2026-04-03T03:19:19.923+0600][79.476s][info][gc,heap     ] GC(245) Y: Allocated:         -                42M (4%)           42M (4%)           59M (6%)     
[2026-04-03T03:19:19.923+0600][79.476s][info][gc,heap     ] GC(245) Y: Reclaimed:         -                  -               190M (19%)         219M (22%)    
[2026-04-03T03:19:19.923+0600][79.476s][info][gc,heap     ] GC(245) Y:  Promoted:         -                  -                 4M (0%)            4M (0%)     
[2026-04-03T03:19:19.923+0600][79.476s][info][gc,heap     ] GC(245) Y: Compacted:         -                  -                  -                 0M (0%)     
[2026-04-03T03:19:19.923+0600][79.476s][info][gc,phases   ] GC(245) Y: Young Generation 630M(63%)->482M(48%) 0.050s
[2026-04-03T03:19:19.923+0600][79.476s][info][gc,phases   ] GC(245) O: Old Generation
[2026-04-03T03:19:20.189+0600][79.741s][info][gc          ] GC(246) Minor Collection (Allocation Rate)
[2026-04-03T03:19:20.189+0600][79.741s][info][gc,task     ] GC(246) Using 2 Workers for Young Generation
[2026-04-03T03:19:20.189+0600][79.741s][info][gc,phases   ] GC(246) y: Young Generation
[2026-04-03T03:19:20.189+0600][79.742s][info][gc,phases   ] GC(246) y: Pause Mark Start 0.046ms
[2026-04-03T03:19:20.409+0600][79.961s][info][gc,phases   ] GC(246) y: Concurrent Mark 219.255ms
[2026-04-03T03:19:20.409+0600][79.962s][info][gc,phases   ] GC(246) y: Pause Mark End 0.042ms
[2026-04-03T03:19:20.410+0600][79.962s][info][gc,phases   ] GC(246) y: Concurrent Mark Free 0.004ms
[2026-04-03T03:19:20.410+0600][79.962s][info][gc,phases   ] GC(246) y: Concurrent Reset Relocation Set 0.009ms
[2026-04-03T03:19:20.414+0600][79.966s][info][gc,reloc    ] GC(246) y: Using tenuring threshold: 2 (Computed)
[2026-04-03T03:19:20.433+0600][79.985s][info][gc,phases   ] GC(246) y: Concurrent Select Relocation Set 23.525ms
[2026-04-03T03:19:20.434+0600][79.986s][info][gc,phases   ] GC(246) y: Pause Relocate Start 0.030ms
[2026-04-03T03:19:20.508+0600][80.060s][info][gc,phases   ] GC(246) y: Concurrent Relocate 73.899ms
[2026-04-03T03:19:20.508+0600][80.060s][info][gc,alloc    ] GC(246) y:                         Mark Start        Mark End      Relocate Start    Relocate End   
[2026-04-03T03:19:20.508+0600][80.060s][info][gc,alloc    ] GC(246) y: Allocation Stalls:          0                0                0                0         
[2026-04-03T03:19:20.508+0600][80.060s][info][gc,load     ] GC(246) y: Load: 5.40 (45%) / 5.14 (43%) / 5.52 (46%)
[2026-04-03T03:19:20.508+0600][80.060s][info][gc,mmu      ] GC(246) y: MMU: 2ms/90.1%, 5ms/96.1%, 10ms/97.9%, 20ms/98.5%, 50ms/99.4%, 100ms/99.6%
[2026-04-03T03:19:20.508+0600][80.060s][info][gc,marking  ] GC(246) y: Mark: 2 stripe(s), 2 proactive flush(es), 1 terminate flush(es), 0 completion(s), 0 continuation(s) 
[2026-04-03T03:19:20.508+0600][80.060s][info][gc,marking  ] GC(246) y: Mark Stack Usage: 32M
[2026-04-03T03:19:20.508+0600][80.060s][info][gc,nmethod  ] GC(246) y: NMethods: 7532 registered, 851 unregistered
[2026-04-03T03:19:20.508+0600][80.060s][info][gc,metaspace] GC(246) y: Metaspace: 71M used, 72M committed, 1088M reserved
[2026-04-03T03:19:20.508+0600][80.060s][info][gc,reloc    ] GC(246) y:                        Candidates     Selected     In-Place         Size        Empty    Relocated 
[2026-04-03T03:19:20.508+0600][80.060s][info][gc,reloc    ] GC(246) y: Small Pages:                   82           69            0         164M           0M          16M 
[2026-04-03T03:19:20.508+0600][80.060s][info][gc,reloc    ] GC(246) y: Medium Pages:                   1            0            0          16M          16M           0M 
[2026-04-03T03:19:20.508+0600][80.060s][info][gc,reloc    ] GC(246) y: Large Pages:                   10            0            0          66M          30M           0M 
[2026-04-03T03:19:20.508+0600][80.060s][info][gc,reloc    ] GC(246) y: Forwarding Usage: 23M
[2026-04-03T03:19:20.508+0600][80.060s][info][gc,reloc    ] GC(246) y: Age Table:
[2026-04-03T03:19:20.508+0600][80.060s][info][gc,reloc    ] GC(246) y:                    Live             Garbage             Small              Medium             Large        
[2026-04-03T03:19:20.508+0600][80.060s][info][gc,reloc    ] GC(246) y: Eden              57M (6%)          182M (18%)         79 / 66             1 / 0             10 / 0        
[2026-04-03T03:19:20.508+0600][80.060s][info][gc,reloc    ] GC(246) y: Survivor 1         0M (0%)            5M (1%)           3 / 3              0 / 0              0 / 0        
[2026-04-03T03:19:20.508+0600][80.060s][info][gc,heap     ] GC(246) y: Min Capacity: 8M(1%)
[2026-04-03T03:19:20.508+0600][80.060s][info][gc,heap     ] GC(246) y: Max Capacity: 1000M(100%)
[2026-04-03T03:19:20.508+0600][80.060s][info][gc,heap     ] GC(246) y: Soft Max Capacity: 1000M(100%)
[2026-04-03T03:19:20.508+0600][80.060s][info][gc,heap     ] GC(246) y: Heap Statistics:
[2026-04-03T03:19:20.508+0600][80.060s][info][gc,heap     ] GC(246) y:                Mark Start          Mark End        Relocate Start      Relocate End           High               Low         
[2026-04-03T03:19:20.508+0600][80.060s][info][gc,heap     ] GC(246) y:  Capacity:     1000M (100%)       1000M (100%)       1000M (100%)       1000M (100%)       1000M (100%)       1000M (100%)   
[2026-04-03T03:19:20.508+0600][80.060s][info][gc,heap     ] GC(246) y:      Free:      332M (33%)         180M (18%)         216M (22%)         324M (32%)         332M (33%)         176M (18%)    
[2026-04-03T03:19:20.508+0600][80.060s][info][gc,heap     ] GC(246) y:      Used:      668M (67%)         820M (82%)         784M (78%)         676M (68%)         824M (82%)         668M (67%)    
[2026-04-03T03:19:20.508+0600][80.060s][info][gc,heap     ] GC(246) y: Young Generation Statistics:
[2026-04-03T03:19:20.508+0600][80.060s][info][gc,heap     ] GC(246) y:                Mark Start          Mark End        Relocate Start      Relocate End    
[2026-04-03T03:19:20.508+0600][80.060s][info][gc,heap     ] GC(246) y:      Used:      246M (25%)         398M (40%)         362M (36%)         254M (25%)    
[2026-04-03T03:19:20.508+0600][80.060s][info][gc,heap     ] GC(246) y:      Live:         -                58M (6%)           58M (6%)           58M (6%)     
[2026-04-03T03:19:20.508+0600][80.060s][info][gc,heap     ] GC(246) y:   Garbage:         -               187M (19%)         141M (14%)           0M (0%)     
[2026-04-03T03:19:20.508+0600][80.060s][info][gc,heap     ] GC(246) y: Allocated:         -               152M (15%)         162M (16%)         195M (20%)    
[2026-04-03T03:19:20.508+0600][80.060s][info][gc,heap     ] GC(246) y: Reclaimed:         -                  -                46M (5%)          187M (19%)    
[2026-04-03T03:19:20.508+0600][80.060s][info][gc,heap     ] GC(246) y:  Promoted:         -                  -                 0M (0%)            0M (0%)     
[2026-04-03T03:19:20.508+0600][80.060s][info][gc,heap     ] GC(246) y: Compacted:         -                  -                  -                22M (2%)     
[2026-04-03T03:19:20.508+0600][80.061s][info][gc,phases   ] GC(246) y: Young Generation 668M(67%)->676M(68%) 0.319s
[2026-04-03T03:19:20.508+0600][80.061s][info][gc          ] GC(246) Minor Collection (Allocation Rate) 668M(67%)->678M(68%) 0.319s
[2026-04-03T03:19:20.509+0600][80.061s][info][gc          ] GC(247) Minor Collection (Allocation Rate)
[2026-04-03T03:19:20.509+0600][80.061s][info][gc,task     ] GC(247) Using 2 Workers for Young Generation
[2026-04-03T03:19:20.509+0600][80.061s][info][gc,phases   ] GC(247) y: Young Generation
[2026-04-03T03:19:20.509+0600][80.061s][info][gc,phases   ] GC(247) y: Pause Mark Start 0.033ms
[2026-04-03T03:19:20.527+0600][80.079s][info][gc,phases   ] GC(247) y: Concurrent Mark 17.228ms
[2026-04-03T03:19:20.527+0600][80.079s][info][gc,phases   ] GC(247) y: Pause Mark End 0.044ms
[2026-04-03T03:19:20.527+0600][80.079s][info][gc,phases   ] GC(247) y: Concurrent Mark Free 0.005ms
[2026-04-03T03:19:20.527+0600][80.080s][info][gc,phases   ] GC(247) y: Concurrent Reset Relocation Set 0.018ms
[2026-04-03T03:19:20.532+0600][80.084s][info][gc,reloc    ] GC(247) y: Using tenuring threshold: 3 (Computed)
[2026-04-03T03:19:20.536+0600][80.089s][info][gc,phases   ] GC(247) y: Concurrent Select Relocation Set 9.118ms
[2026-04-03T03:19:20.537+0600][80.089s][info][gc,phases   ] GC(247) y: Pause Relocate Start 0.161ms
[2026-04-03T03:19:20.539+0600][80.091s][info][gc,phases   ] GC(247) y: Concurrent Relocate 2.108ms
[2026-04-03T03:19:20.539+0600][80.092s][info][gc,alloc    ] GC(247) y:                         Mark Start        Mark End      Relocate Start    Relocate End   
[2026-04-03T03:19:20.539+0600][80.092s][info][gc,alloc    ] GC(247) y: Allocation Stalls:          0                0                0                0         
[2026-04-03T03:19:20.539+0600][80.092s][info][gc,load     ] GC(247) y: Load: 5.40 (45%) / 5.14 (43%) / 5.52 (46%)
[2026-04-03T03:19:20.539+0600][80.092s][info][gc,mmu      ] GC(247) y: MMU: 2ms/90.1%, 5ms/96.1%, 10ms/97.9%, 20ms/98.5%, 50ms/99.4%, 100ms/99.6%
[2026-04-03T03:19:20.539+0600][80.092s][info][gc,marking  ] GC(247) y: Mark: 2 stripe(s), 2 proactive flush(es), 1 terminate flush(es), 0 completion(s), 0 continuation(s) 
[2026-04-03T03:19:20.539+0600][80.092s][info][gc,marking  ] GC(247) y: Mark Stack Usage: 32M
[2026-04-03T03:19:20.539+0600][80.092s][info][gc,nmethod  ] GC(247) y: NMethods: 7534 registered, 851 unregistered
[2026-04-03T03:19:20.539+0600][80.092s][info][gc,metaspace] GC(247) y: Metaspace: 71M used, 72M committed, 1088M reserved
[2026-04-03T03:19:20.539+0600][80.092s][info][gc,reloc    ] GC(247) y:                        Candidates     Selected     In-Place         Size        Empty    Relocated 
[2026-04-03T03:19:20.539+0600][80.092s][info][gc,reloc    ] GC(247) y: Small Pages:                   99           23            0         198M         150M           1M 
[2026-04-03T03:19:20.539+0600][80.092s][info][gc,reloc    ] GC(247) y: Medium Pages:                   1            0            0          16M          16M           0M 
[2026-04-03T03:19:20.539+0600][80.092s][info][gc,reloc    ] GC(247) y: Large Pages:                    5            0            0          42M          42M           0M 
[2026-04-03T03:19:20.539+0600][80.092s][info][gc,reloc    ] GC(247) y: Forwarding Usage: 0M
[2026-04-03T03:19:20.539+0600][80.092s][info][gc,reloc    ] GC(247) y: Age Table:
[2026-04-03T03:19:20.539+0600][80.092s][info][gc,reloc    ] GC(247) y:                    Live             Garbage             Small              Medium             Large        
[2026-04-03T03:19:20.539+0600][80.092s][info][gc,reloc    ] GC(247) y: Eden               1M (0%)          186M (19%)         83 / 18             1 / 0              1 / 0        
[2026-04-03T03:19:20.540+0600][80.092s][info][gc,reloc    ] GC(247) y: Survivor 1         0M (0%)           63M (6%)          14 / 3              0 / 0              4 / 0        
[2026-04-03T03:19:20.540+0600][80.092s][info][gc,reloc    ] GC(247) y: Survivor 2         0M (0%)            3M (0%)           2 / 2              0 / 0              0 / 0        
[2026-04-03T03:19:20.540+0600][80.092s][info][gc,heap     ] GC(247) y: Min Capacity: 8M(1%)
[2026-04-03T03:19:20.540+0600][80.092s][info][gc,heap     ] GC(247) y: Max Capacity: 1000M(100%)
[2026-04-03T03:19:20.540+0600][80.092s][info][gc,heap     ] GC(247) y: Soft Max Capacity: 1000M(100%)
[2026-04-03T03:19:20.540+0600][80.092s][info][gc,heap     ] GC(247) y: Heap Statistics:
[2026-04-03T03:19:20.540+0600][80.092s][info][gc,heap     ] GC(247) y:                Mark Start          Mark End        Relocate Start      Relocate End           High               Low         
[2026-04-03T03:19:20.540+0600][80.092s][info][gc,heap     ] GC(247) y:  Capacity:     1000M (100%)       1000M (100%)       1000M (100%)       1000M (100%)       1000M (100%)       1000M (100%)   
[2026-04-03T03:19:20.540+0600][80.092s][info][gc,heap     ] GC(247) y:      Free:      322M (32%)         282M (28%)         480M (48%)         510M (51%)         510M (51%)         282M (28%)    
[2026-04-03T03:19:20.540+0600][80.092s][info][gc,heap     ] GC(247) y:      Used:      678M (68%)         718M (72%)         520M (52%)         490M (49%)         718M (72%)         490M (49%)    
[2026-04-03T03:19:20.540+0600][80.092s][info][gc,heap     ] GC(247) y: Young Generation Statistics:
[2026-04-03T03:19:20.540+0600][80.092s][info][gc,heap     ] GC(247) y:                Mark Start          Mark End        Relocate Start      Relocate End    
[2026-04-03T03:19:20.540+0600][80.092s][info][gc,heap     ] GC(247) y:      Used:      256M (26%)         296M (30%)          98M (10%)          68M (7%)     
[2026-04-03T03:19:20.540+0600][80.092s][info][gc,heap     ] GC(247) y:      Live:         -                 1M (0%)            1M (0%)            1M (0%)     
[2026-04-03T03:19:20.540+0600][80.092s][info][gc,heap     ] GC(247) y:   Garbage:         -               254M (25%)          46M (5%)            0M (0%)     
[2026-04-03T03:19:20.540+0600][80.092s][info][gc,heap     ] GC(247) y: Allocated:         -                40M (4%)           50M (5%)           66M (7%)     
[2026-04-03T03:19:20.540+0600][80.092s][info][gc,heap     ] GC(247) y: Reclaimed:         -                  -               208M (21%)         254M (25%)    
[2026-04-03T03:19:20.540+0600][80.092s][info][gc,heap     ] GC(247) y:  Promoted:         -                  -                 0M (0%)            0M (0%)     
[2026-04-03T03:19:20.540+0600][80.092s][info][gc,heap     ] GC(247) y: Compacted:         -                  -                  -                 1M (0%)     
[2026-04-03T03:19:20.540+0600][80.092s][info][gc,phases   ] GC(247) y: Young Generation 678M(68%)->490M(49%) 0.031s
[2026-04-03T03:19:20.540+0600][80.092s][info][gc          ] GC(247) Minor Collection (Allocation Rate) 678M(68%)->490M(49%) 0.031s
[2026-04-03T03:19:20.549+0600][80.101s][info][gc          ] GC(248) Minor Collection (Allocation Rate)
[2026-04-03T03:19:20.549+0600][80.101s][info][gc,task     ] GC(248) Using 2 Workers for Young Generation
[2026-04-03T03:19:20.549+0600][80.101s][info][gc,phases   ] GC(248) y: Young Generation
[2026-04-03T03:19:20.549+0600][80.101s][info][gc,phases   ] GC(248) y: Pause Mark Start 0.029ms
[2026-04-03T03:19:20.580+0600][80.132s][info][gc,phases   ] GC(248) y: Concurrent Mark 30.772ms
[2026-04-03T03:19:20.580+0600][80.133s][info][gc,phases   ] GC(248) y: Pause Mark End 0.033ms
[2026-04-03T03:19:20.580+0600][80.133s][info][gc,phases   ] GC(248) y: Concurrent Mark Free 0.002ms
[2026-04-03T03:19:20.581+0600][80.133s][info][gc,phases   ] GC(248) y: Concurrent Reset Relocation Set 0.011ms
[2026-04-03T03:19:20.583+0600][80.135s][info][gc,reloc    ] GC(248) y: Using tenuring threshold: 4 (Computed)
[2026-04-03T03:19:20.586+0600][80.138s][info][gc,phases   ] GC(248) y: Concurrent Select Relocation Set 5.088ms
[2026-04-03T03:19:20.586+0600][80.138s][info][gc,phases   ] GC(248) y: Pause Relocate Start 0.029ms
[2026-04-03T03:19:20.596+0600][80.148s][info][gc,phases   ] GC(248) y: Concurrent Relocate 9.992ms
[2026-04-03T03:19:20.596+0600][80.149s][info][gc,alloc    ] GC(248) y:                         Mark Start        Mark End      Relocate Start    Relocate End   
[2026-04-03T03:19:20.596+0600][80.149s][info][gc,alloc    ] GC(248) y: Allocation Stalls:          0                0                0                0         
[2026-04-03T03:19:20.596+0600][80.149s][info][gc,load     ] GC(248) y: Load: 5.40 (45%) / 5.14 (43%) / 5.52 (46%)
[2026-04-03T03:19:20.596+0600][80.149s][info][gc,mmu      ] GC(248) y: MMU: 2ms/90.1%, 5ms/96.1%, 10ms/97.9%, 20ms/98.5%, 50ms/99.4%, 100ms/99.6%
[2026-04-03T03:19:20.596+0600][80.149s][info][gc,marking  ] GC(248) y: Mark: 2 stripe(s), 10 proactive flush(es), 1 terminate flush(es), 0 completion(s), 0 continuation(s) 
[2026-04-03T03:19:20.596+0600][80.149s][info][gc,marking  ] GC(248) y: Mark Stack Usage: 32M
[2026-04-03T03:19:20.596+0600][80.149s][info][gc,nmethod  ] GC(248) y: NMethods: 7534 registered, 851 unregistered
[2026-04-03T03:19:20.596+0600][80.149s][info][gc,metaspace] GC(248) y: Metaspace: 71M used, 72M committed, 1088M reserved
[2026-04-03T03:19:20.596+0600][80.149s][info][gc,reloc    ] GC(248) y:                        Candidates     Selected     In-Place         Size        Empty    Relocated 
[2026-04-03T03:19:20.596+0600][80.149s][info][gc,reloc    ] GC(248) y: Small Pages:                   29           26            0          58M           0M           3M 
[2026-04-03T03:19:20.596+0600][80.149s][info][gc,reloc    ] GC(248) y: Medium Pages:                   1            0            0          16M           0M           0M 
[2026-04-03T03:19:20.596+0600][80.149s][info][gc,reloc    ] GC(248) y: Large Pages:                    0            0            0           0M           0M           0M 
[2026-04-03T03:19:20.596+0600][80.149s][info][gc,reloc    ] GC(248) y: Forwarding Usage: 3M
[2026-04-03T03:19:20.596+0600][80.149s][info][gc,reloc    ] GC(248) y: Age Table:
[2026-04-03T03:19:20.596+0600][80.149s][info][gc,reloc    ] GC(248) y:                    Live             Garbage             Small              Medium             Large        
[2026-04-03T03:19:20.596+0600][80.149s][info][gc,reloc    ] GC(248) y: Eden               5M (1%)           52M (5%)          21 / 19             1 / 0              0 / 0        
[2026-04-03T03:19:20.596+0600][80.149s][info][gc,reloc    ] GC(248) y: Survivor 1         0M (0%)            9M (1%)           5 / 4              0 / 0              0 / 0        
[2026-04-03T03:19:20.597+0600][80.149s][info][gc,reloc    ] GC(248) y: Survivor 2         0M (0%)            1M (0%)           1 / 1              0 / 0              0 / 0        
[2026-04-03T03:19:20.597+0600][80.149s][info][gc,reloc    ] GC(248) y: Survivor 3         0M (0%)            3M (0%)           2 / 2              0 / 0              0 / 0        
[2026-04-03T03:19:20.597+0600][80.149s][info][gc,heap     ] GC(248) y: Min Capacity: 8M(1%)
[2026-04-03T03:19:20.597+0600][80.149s][info][gc,heap     ] GC(248) y: Max Capacity: 1000M(100%)
[2026-04-03T03:19:20.597+0600][80.149s][info][gc,heap     ] GC(248) y: Soft Max Capacity: 1000M(100%)
[2026-04-03T03:19:20.597+0600][80.149s][info][gc,heap     ] GC(248) y: Heap Statistics:
[2026-04-03T03:19:20.597+0600][80.149s][info][gc,heap     ] GC(248) y:                Mark Start          Mark End        Relocate Start      Relocate End           High               Low         
[2026-04-03T03:19:20.597+0600][80.149s][info][gc,heap     ] GC(248) y:  Capacity:     1000M (100%)       1000M (100%)       1000M (100%)       1000M (100%)       1000M (100%)       1000M (100%)   
[2026-04-03T03:19:20.597+0600][80.149s][info][gc,heap     ] GC(248) y:      Free:      504M (50%)         472M (47%)         472M (47%)         496M (50%)         504M (50%)         456M (46%)    
[2026-04-03T03:19:20.597+0600][80.149s][info][gc,heap     ] GC(248) y:      Used:      496M (50%)         528M (53%)         528M (53%)         504M (50%)         544M (54%)         496M (50%)    
[2026-04-03T03:19:20.597+0600][80.149s][info][gc,heap     ] GC(248) y: Young Generation Statistics:
[2026-04-03T03:19:20.597+0600][80.149s][info][gc,heap     ] GC(248) y:                Mark Start          Mark End        Relocate Start      Relocate End    
[2026-04-03T03:19:20.597+0600][80.149s][info][gc,heap     ] GC(248) y:      Used:       74M (7%)          106M (11%)         106M (11%)          82M (8%)     
[2026-04-03T03:19:20.597+0600][80.149s][info][gc,heap     ] GC(248) y:      Live:         -                 6M (1%)            6M (1%)            6M (1%)     
[2026-04-03T03:19:20.597+0600][80.149s][info][gc,heap     ] GC(248) y:   Garbage:         -                67M (7%)           67M (7%)           14M (1%)     
[2026-04-03T03:19:20.597+0600][80.149s][info][gc,heap     ] GC(248) y: Allocated:         -                32M (3%)           32M (3%)           60M (6%)     
[2026-04-03T03:19:20.597+0600][80.149s][info][gc,heap     ] GC(248) y: Reclaimed:         -                  -                 0M (0%)           52M (5%)     
[2026-04-03T03:19:20.597+0600][80.149s][info][gc,heap     ] GC(248) y:  Promoted:         -                  -                 0M (0%)            0M (0%)     
[2026-04-03T03:19:20.597+0600][80.149s][info][gc,heap     ] GC(248) y: Compacted:         -                  -                  -                 3M (0%)     
[2026-04-03T03:19:20.597+0600][80.149s][info][gc,phases   ] GC(248) y: Young Generation 496M(50%)->504M(50%) 0.047s
[2026-04-03T03:19:20.597+0600][80.149s][info][gc          ] GC(248) Minor Collection (Allocation Rate) 496M(50%)->504M(50%) 0.048s
[2026-04-03T03:19:20.631+0600][80.183s][info][gc          ] GC(249) Minor Collection (Allocation Rate)
[2026-04-03T03:19:20.631+0600][80.184s][info][gc,task     ] GC(249) Using 2 Workers for Young Generation
[2026-04-03T03:19:20.631+0600][80.184s][info][gc,phases   ] GC(249) y: Young Generation
[2026-04-03T03:19:20.632+0600][80.184s][info][gc,phases   ] GC(249) y: Pause Mark Start 0.029ms
[2026-04-03T03:19:20.726+0600][80.279s][info][gc,phases   ] GC(249) y: Concurrent Mark 94.716ms
[2026-04-03T03:19:20.727+0600][80.279s][info][gc,phases   ] GC(249) y: Pause Mark End 0.038ms
[2026-04-03T03:19:20.727+0600][80.279s][info][gc,phases   ] GC(249) y: Concurrent Mark Free 0.002ms
[2026-04-03T03:19:20.727+0600][80.279s][info][gc,phases   ] GC(249) y: Concurrent Reset Relocation Set 0.009ms
[2026-04-03T03:19:20.734+0600][80.286s][info][gc,reloc    ] GC(249) y: Using tenuring threshold: 5 (Computed)
[2026-04-03T03:19:20.741+0600][80.293s][info][gc,phases   ] GC(249) y: Concurrent Select Relocation Set 13.502ms
[2026-04-03T03:19:20.741+0600][80.293s][info][gc,phases   ] GC(249) y: Pause Relocate Start 0.057ms
[2026-04-03T03:19:20.782+0600][80.334s][info][gc,phases   ] GC(249) y: Concurrent Relocate 40.914ms
[2026-04-03T03:19:20.782+0600][80.334s][info][gc,alloc    ] GC(249) y:                         Mark Start        Mark End      Relocate Start    Relocate End   
[2026-04-03T03:19:20.782+0600][80.334s][info][gc,alloc    ] GC(249) y: Allocation Stalls:          0                0                0                0         
[2026-04-03T03:19:20.782+0600][80.334s][info][gc,load     ] GC(249) y: Load: 5.40 (45%) / 5.14 (43%) / 5.52 (46%)
[2026-04-03T03:19:20.782+0600][80.335s][info][gc,mmu      ] GC(249) y: MMU: 2ms/90.1%, 5ms/96.1%, 10ms/97.9%, 20ms/98.5%, 50ms/99.4%, 100ms/99.6%
[2026-04-03T03:19:20.782+0600][80.335s][info][gc,marking  ] GC(249) y: Mark: 2 stripe(s), 10 proactive flush(es), 1 terminate flush(es), 0 completion(s), 0 continuation(s) 
[2026-04-03T03:19:20.782+0600][80.335s][info][gc,marking  ] GC(249) y: Mark Stack Usage: 32M
[2026-04-03T03:19:20.782+0600][80.335s][info][gc,nmethod  ] GC(249) y: NMethods: 7536 registered, 851 unregistered
[2026-04-03T03:19:20.782+0600][80.335s][info][gc,metaspace] GC(249) y: Metaspace: 71M used, 72M committed, 1088M reserved
[2026-04-03T03:19:20.782+0600][80.335s][info][gc,reloc    ] GC(249) y:                        Candidates     Selected     In-Place         Size        Empty    Relocated 
[2026-04-03T03:19:20.782+0600][80.335s][info][gc,reloc    ] GC(249) y: Small Pages:                   31           24            0          62M           0M           6M 
[2026-04-03T03:19:20.782+0600][80.335s][info][gc,reloc    ] GC(249) y: Medium Pages:                   1            0            0          16M          16M           0M 
[2026-04-03T03:19:20.782+0600][80.335s][info][gc,reloc    ] GC(249) y: Large Pages:                    6            0            0          30M           8M           0M 
[2026-04-03T03:19:20.782+0600][80.335s][info][gc,reloc    ] GC(249) y: Forwarding Usage: 11M
[2026-04-03T03:19:20.782+0600][80.335s][info][gc,reloc    ] GC(249) y: Age Table:
[2026-04-03T03:19:20.782+0600][80.335s][info][gc,reloc    ] GC(249) y:                    Live             Garbage             Small              Medium             Large        
[2026-04-03T03:19:20.782+0600][80.335s][info][gc,reloc    ] GC(249) y: Eden              29M (3%)           32M (3%)          16 / 11             0 / 0              6 / 0        
[2026-04-03T03:19:20.782+0600][80.335s][info][gc,reloc    ] GC(249) y: Survivor 1         2M (0%)           23M (2%)           5 / 4              1 / 0              0 / 0        
[2026-04-03T03:19:20.783+0600][80.335s][info][gc,reloc    ] GC(249) y: Survivor 2         0M (0%)           13M (1%)           7 / 6              0 / 0              0 / 0        
[2026-04-03T03:19:20.783+0600][80.335s][info][gc,reloc    ] GC(249) y: Survivor 3         0M (0%)            1M (0%)           1 / 1              0 / 0              0 / 0        
[2026-04-03T03:19:20.783+0600][80.335s][info][gc,reloc    ] GC(249) y: Survivor 4         0M (0%)            3M (0%)           2 / 2              0 / 0              0 / 0        
[2026-04-03T03:19:20.783+0600][80.335s][info][gc,heap     ] GC(249) y: Min Capacity: 8M(1%)
[2026-04-03T03:19:20.783+0600][80.335s][info][gc,heap     ] GC(249) y: Max Capacity: 1000M(100%)
[2026-04-03T03:19:20.783+0600][80.335s][info][gc,heap     ] GC(249) y: Soft Max Capacity: 1000M(100%)
[2026-04-03T03:19:20.783+0600][80.335s][info][gc,heap     ] GC(249) y: Heap Statistics:
[2026-04-03T03:19:20.783+0600][80.335s][info][gc,heap     ] GC(249) y:                Mark Start          Mark End        Relocate Start      Relocate End           High               Low         
[2026-04-03T03:19:20.783+0600][80.335s][info][gc,heap     ] GC(249) y:  Capacity:     1000M (100%)       1000M (100%)       1000M (100%)       1000M (100%)       1000M (100%)       1000M (100%)   
[2026-04-03T03:19:20.783+0600][80.335s][info][gc,heap     ] GC(249) y:      Free:      470M (47%)         434M (43%)         452M (45%)         464M (46%)         470M (47%)         432M (43%)    
[2026-04-03T03:19:20.783+0600][80.335s][info][gc,heap     ] GC(249) y:      Used:      530M (53%)         566M (57%)         548M (55%)         536M (54%)         568M (57%)         530M (53%)    
[2026-04-03T03:19:20.783+0600][80.335s][info][gc,heap     ] GC(249) y: Young Generation Statistics:
[2026-04-03T03:19:20.783+0600][80.335s][info][gc,heap     ] GC(249) y:                Mark Start          Mark End        Relocate Start      Relocate End    
[2026-04-03T03:19:20.783+0600][80.335s][info][gc,heap     ] GC(249) y:      Used:      108M (11%)         144M (14%)         126M (13%)         114M (11%)    
[2026-04-03T03:19:20.783+0600][80.335s][info][gc,heap     ] GC(249) y:      Live:         -                33M (3%)           33M (3%)           33M (3%)     
[2026-04-03T03:19:20.783+0600][80.335s][info][gc,heap     ] GC(249) y:   Garbage:         -                74M (7%)           50M (5%)            0M (0%)     
[2026-04-03T03:19:20.783+0600][80.335s][info][gc,heap     ] GC(249) y: Allocated:         -                36M (4%)           42M (4%)           79M (8%)     
[2026-04-03T03:19:20.783+0600][80.335s][info][gc,heap     ] GC(249) y: Reclaimed:         -                  -                24M (2%)           73M (7%)     
[2026-04-03T03:19:20.783+0600][80.335s][info][gc,heap     ] GC(249) y:  Promoted:         -                  -                 0M (0%)            0M (0%)     
[2026-04-03T03:19:20.783+0600][80.335s][info][gc,heap     ] GC(249) y: Compacted:         -                  -                  -                10M (1%)     
[2026-04-03T03:19:20.783+0600][80.335s][info][gc,phases   ] GC(249) y: Young Generation 530M(53%)->536M(54%) 0.151s
[2026-04-03T03:19:20.783+0600][80.335s][info][gc          ] GC(249) Minor Collection (Allocation Rate) 530M(53%)->536M(54%) 0.152s
[2026-04-03T03:19:20.783+0600][80.335s][info][gc          ] GC(250) Minor Collection (Allocation Rate)
[2026-04-03T03:19:20.783+0600][80.335s][info][gc,task     ] GC(250) Using 2 Workers for Young Generation
[2026-04-03T03:19:20.783+0600][80.335s][info][gc,phases   ] GC(250) y: Young Generation
[2026-04-03T03:19:20.783+0600][80.336s][info][gc,phases   ] GC(250) y: Pause Mark Start 0.032ms
[2026-04-03T03:19:20.925+0600][80.478s][info][gc,phases   ] GC(245) O: Concurrent Mark 1002.093ms
[2026-04-03T03:19:20.926+0600][80.478s][info][gc,phases   ] GC(245) O: Pause Mark End 0.038ms
[2026-04-03T03:19:20.926+0600][80.478s][info][gc,phases   ] GC(245) O: Concurrent Mark Free 0.003ms
[2026-04-03T03:19:20.958+0600][80.510s][info][gc,phases   ] GC(245) O: Concurrent Process Non-Strong 31.929ms
[2026-04-03T03:19:20.958+0600][80.510s][info][gc,phases   ] GC(245) O: Concurrent Reset Relocation Set 0.017ms
[2026-04-03T03:19:20.961+0600][80.514s][info][gc,phases   ] GC(250) y: Concurrent Mark 177.817ms
[2026-04-03T03:19:20.962+0600][80.514s][info][gc,phases   ] GC(250) y: Pause Mark End 0.035ms
[2026-04-03T03:19:20.962+0600][80.514s][info][gc,phases   ] GC(250) y: Concurrent Mark Free 0.002ms
[2026-04-03T03:19:20.962+0600][80.514s][info][gc,phases   ] GC(250) y: Concurrent Reset Relocation Set 0.010ms
[2026-04-03T03:19:20.969+0600][80.521s][info][gc,phases   ] GC(245) O: Concurrent Select Relocation Set 10.532ms
[2026-04-03T03:19:20.969+0600][80.522s][info][gc,reloc    ] GC(250) y: Using tenuring threshold: 2 (Computed)
[2026-04-03T03:19:20.983+0600][80.536s][info][gc,phases   ] GC(250) y: Concurrent Select Relocation Set 21.483ms
[2026-04-03T03:19:20.984+0600][80.536s][info][gc,phases   ] GC(250) y: Pause Relocate Start 0.069ms
[2026-04-03T03:19:21.046+0600][80.598s][info][gc,phases   ] GC(250) y: Concurrent Relocate 62.020ms
[2026-04-03T03:19:21.046+0600][80.598s][info][gc,alloc    ] GC(250) y:                         Mark Start        Mark End      Relocate Start    Relocate End   
[2026-04-03T03:19:21.046+0600][80.598s][info][gc,alloc    ] GC(250) y: Allocation Stalls:          0                0                0                0         
[2026-04-03T03:19:21.046+0600][80.598s][info][gc,load     ] GC(250) y: Load: 5.40 (45%) / 5.14 (43%) / 5.52 (46%)
[2026-04-03T03:19:21.046+0600][80.598s][info][gc,mmu      ] GC(250) y: MMU: 2ms/90.1%, 5ms/96.1%, 10ms/97.9%, 20ms/98.5%, 50ms/99.4%, 100ms/99.6%
[2026-04-03T03:19:21.046+0600][80.598s][info][gc,marking  ] GC(250) y: Mark: 2 stripe(s), 2 proactive flush(es), 1 terminate flush(es), 0 completion(s), 0 continuation(s) 
[2026-04-03T03:19:21.046+0600][80.598s][info][gc,marking  ] GC(250) y: Mark Stack Usage: 32M
[2026-04-03T03:19:21.046+0600][80.598s][info][gc,nmethod  ] GC(250) y: NMethods: 7534 registered, 859 unregistered
[2026-04-03T03:19:21.046+0600][80.598s][info][gc,metaspace] GC(250) y: Metaspace: 71M used, 72M committed, 1088M reserved
[2026-04-03T03:19:21.046+0600][80.598s][info][gc,reloc    ] GC(250) y:                        Candidates     Selected     In-Place         Size        Empty    Relocated 
[2026-04-03T03:19:21.046+0600][80.598s][info][gc,reloc    ] GC(250) y: Small Pages:                   46           34            0          92M           0M          12M 
[2026-04-03T03:19:21.046+0600][80.598s][info][gc,reloc    ] GC(250) y: Medium Pages:                   0            0            0           0M           0M           0M 
[2026-04-03T03:19:21.046+0600][80.598s][info][gc,reloc    ] GC(250) y: Large Pages:                    4            0            0          22M           4M           0M 
[2026-04-03T03:19:21.046+0600][80.598s][info][gc,reloc    ] GC(250) y: Forwarding Usage: 23M
[2026-04-03T03:19:21.046+0600][80.598s][info][gc,reloc    ] GC(250) y: Age Table:
[2026-04-03T03:19:21.046+0600][80.598s][info][gc,reloc    ] GC(250) y:                    Live             Garbage             Small              Medium             Large        
[2026-04-03T03:19:21.046+0600][80.598s][info][gc,reloc    ] GC(250) y: Eden              13M (1%)           36M (4%)          25 / 18             0 / 0              0 / 0        
[2026-04-03T03:19:21.046+0600][80.598s][info][gc,reloc    ] GC(250) y: Survivor 1        22M (2%)           13M (1%)           7 / 5              0 / 0              4 / 0        
[2026-04-03T03:19:21.046+0600][80.599s][info][gc,reloc    ] GC(250) y: Survivor 2         1M (0%)           10M (1%)           6 / 4              0 / 0              0 / 0        
[2026-04-03T03:19:21.046+0600][80.599s][info][gc,reloc    ] GC(250) y: Survivor 3         0M (0%)            9M (1%)           5 / 4              0 / 0              0 / 0        
[2026-04-03T03:19:21.046+0600][80.599s][info][gc,reloc    ] GC(250) y: Survivor 4         0M (0%)            1M (0%)           1 / 1              0 / 0              0 / 0        
[2026-04-03T03:19:21.046+0600][80.599s][info][gc,reloc    ] GC(250) y: Survivor 5         0M (0%)            3M (0%)           2 / 2              0 / 0              0 / 0        
[2026-04-03T03:19:21.046+0600][80.599s][info][gc,heap     ] GC(250) y: Min Capacity: 8M(1%)
[2026-04-03T03:19:21.046+0600][80.599s][info][gc,heap     ] GC(250) y: Max Capacity: 1000M(100%)
[2026-04-03T03:19:21.046+0600][80.599s][info][gc,heap     ] GC(250) y: Soft Max Capacity: 1000M(100%)
[2026-04-03T03:19:21.046+0600][80.599s][info][gc,heap     ] GC(250) y: Heap Statistics:
[2026-04-03T03:19:21.046+0600][80.599s][info][gc,heap     ] GC(250) y:                Mark Start          Mark End        Relocate Start      Relocate End           High               Low         
[2026-04-03T03:19:21.046+0600][80.599s][info][gc,heap     ] GC(250) y:  Capacity:     1000M (100%)       1000M (100%)       1000M (100%)       1000M (100%)       1000M (100%)       1000M (100%)   
[2026-04-03T03:19:21.046+0600][80.599s][info][gc,heap     ] GC(250) y:      Free:      464M (46%)         378M (38%)         486M (49%)         516M (52%)         516M (52%)         378M (38%)    
[2026-04-03T03:19:21.046+0600][80.599s][info][gc,heap     ] GC(250) y:      Used:      536M (54%)         622M (62%)         514M (51%)         484M (48%)         622M (62%)         484M (48%)    
[2026-04-03T03:19:21.046+0600][80.599s][info][gc,heap     ] GC(250) y: Young Generation Statistics:
[2026-04-03T03:19:21.046+0600][80.599s][info][gc,heap     ] GC(250) y:                Mark Start          Mark End        Relocate Start      Relocate End    
[2026-04-03T03:19:21.046+0600][80.599s][info][gc,heap     ] GC(250) y:      Used:      114M (11%)         200M (20%)         208M (21%)         168M (17%)    
[2026-04-03T03:19:21.046+0600][80.599s][info][gc,heap     ] GC(250) y:      Live:         -                38M (4%)           38M (4%)           36M (4%)     
[2026-04-03T03:19:21.046+0600][80.599s][info][gc,heap     ] GC(250) y:   Garbage:         -                75M (8%)           71M (7%)            0M (0%)     
[2026-04-03T03:19:21.046+0600][80.599s][info][gc,heap     ] GC(250) y: Allocated:         -                86M (9%)           98M (10%)         131M (13%)    
[2026-04-03T03:19:21.046+0600][80.599s][info][gc,heap     ] GC(250) y: Reclaimed:         -                  -                 4M (0%)           75M (8%)     
[2026-04-03T03:19:21.046+0600][80.599s][info][gc,heap     ] GC(250) y:  Promoted:         -                  -                 0M (0%)            2M (0%)     
[2026-04-03T03:19:21.046+0600][80.599s][info][gc,heap     ] GC(250) y: Compacted:         -                  -                  -                18M (2%)     
[2026-04-03T03:19:21.046+0600][80.599s][info][gc,phases   ] GC(250) y: Young Generation 536M(54%)->484M(48%) 0.263s
[2026-04-03T03:19:21.046+0600][80.599s][info][gc          ] GC(250) Minor Collection (Allocation Rate) 536M(54%)->484M(48%) 0.263s
[2026-04-03T03:19:21.047+0600][80.599s][info][gc          ] GC(251) Minor Collection (Allocation Rate)
[2026-04-03T03:19:21.047+0600][80.599s][info][gc,task     ] GC(251) Using 2 Workers for Young Generation
[2026-04-03T03:19:21.047+0600][80.599s][info][gc,phases   ] GC(251) y: Young Generation
[2026-04-03T03:19:21.047+0600][80.599s][info][gc,phases   ] GC(251) y: Pause Mark Start 0.057ms
[2026-04-03T03:19:21.240+0600][80.792s][info][gc,phases   ] GC(251) y: Concurrent Mark 192.499ms
[2026-04-03T03:19:21.240+0600][80.792s][info][gc,phases   ] GC(251) y: Pause Mark End 0.057ms
[2026-04-03T03:19:21.240+0600][80.793s][info][gc,phases   ] GC(251) y: Concurrent Mark Free 0.002ms
[2026-04-03T03:19:21.240+0600][80.793s][info][gc,phases   ] GC(251) y: Concurrent Reset Relocation Set 0.015ms
[2026-04-03T03:19:21.246+0600][80.798s][info][gc,reloc    ] GC(251) y: Using tenuring threshold: 3 (Computed)
[2026-04-03T03:19:21.250+0600][80.802s][info][gc,phases   ] GC(251) y: Concurrent Select Relocation Set 9.589ms
[2026-04-03T03:19:21.250+0600][80.803s][info][gc,phases   ] GC(251) y: Pause Relocate Start 0.060ms
[2026-04-03T03:19:21.300+0600][80.853s][info][gc,phases   ] GC(251) y: Concurrent Relocate 49.880ms
[2026-04-03T03:19:21.301+0600][80.853s][info][gc,alloc    ] GC(251) y:                         Mark Start        Mark End      Relocate Start    Relocate End   
[2026-04-03T03:19:21.301+0600][80.853s][info][gc,alloc    ] GC(251) y: Allocation Stalls:          0                0                0                0         
[2026-04-03T03:19:21.301+0600][80.853s][info][gc,load     ] GC(251) y: Load: 5.40 (45%) / 5.14 (43%) / 5.52 (46%)
[2026-04-03T03:19:21.301+0600][80.853s][info][gc,mmu      ] GC(251) y: MMU: 2ms/90.1%, 5ms/96.1%, 10ms/97.9%, 20ms/98.5%, 50ms/99.4%, 100ms/99.6%
[2026-04-03T03:19:21.301+0600][80.853s][info][gc,marking  ] GC(251) y: Mark: 2 stripe(s), 2 proactive flush(es), 1 terminate flush(es), 0 completion(s), 0 continuation(s) 
[2026-04-03T03:19:21.301+0600][80.853s][info][gc,marking  ] GC(251) y: Mark Stack Usage: 32M
[2026-04-03T03:19:21.301+0600][80.853s][info][gc,nmethod  ] GC(251) y: NMethods: 7535 registered, 859 unregistered
[2026-04-03T03:19:21.301+0600][80.853s][info][gc,metaspace] GC(251) y: Metaspace: 71M used, 72M committed, 1088M reserved
[2026-04-03T03:19:21.301+0600][80.853s][info][gc,reloc    ] GC(251) y:                        Candidates     Selected     In-Place         Size        Empty    Relocated 
[2026-04-03T03:19:21.301+0600][80.853s][info][gc,reloc    ] GC(251) y: Small Pages:                   60           40            0         120M          14M          12M 
[2026-04-03T03:19:21.301+0600][80.853s][info][gc,reloc    ] GC(251) y: Medium Pages:                   0            0            0           0M           0M           0M 
[2026-04-03T03:19:21.301+0600][80.853s][info][gc,reloc    ] GC(251) y: Large Pages:                    6            0            0          48M          18M           0M 
[2026-04-03T03:19:21.301+0600][80.853s][info][gc,reloc    ] GC(251) y: Forwarding Usage: 18M
[2026-04-03T03:19:21.301+0600][80.853s][info][gc,reloc    ] GC(251) y: Age Table:
[2026-04-03T03:19:21.301+0600][80.853s][info][gc,reloc    ] GC(251) y:                    Live             Garbage             Small              Medium             Large        
[2026-04-03T03:19:21.301+0600][80.853s][info][gc,reloc    ] GC(251) y: Eden              41M (4%)           74M (7%)          43 / 28             0 / 0              3 / 0        
[2026-04-03T03:19:21.301+0600][80.853s][info][gc,reloc    ] GC(251) y: Survivor 1         6M (1%)           15M (2%)          11 / 8              0 / 0              0 / 0        
[2026-04-03T03:19:21.301+0600][80.853s][info][gc,reloc    ] GC(251) y: Survivor 2         3M (0%)           26M (3%)           6 / 4              0 / 0              3 / 0        
[2026-04-03T03:19:21.301+0600][80.853s][info][gc,heap     ] GC(251) y: Min Capacity: 8M(1%)
[2026-04-03T03:19:21.301+0600][80.853s][info][gc,heap     ] GC(251) y: Max Capacity: 1000M(100%)
[2026-04-03T03:19:21.301+0600][80.853s][info][gc,heap     ] GC(251) y: Soft Max Capacity: 1000M(100%)
[2026-04-03T03:19:21.301+0600][80.853s][info][gc,heap     ] GC(251) y: Heap Statistics:
[2026-04-03T03:19:21.301+0600][80.853s][info][gc,heap     ] GC(251) y:                Mark Start          Mark End        Relocate Start      Relocate End           High               Low         
[2026-04-03T03:19:21.301+0600][80.853s][info][gc,heap     ] GC(251) y:  Capacity:     1000M (100%)       1000M (100%)       1000M (100%)       1000M (100%)       1000M (100%)       1000M (100%)   
[2026-04-03T03:19:21.301+0600][80.853s][info][gc,heap     ] GC(251) y:      Free:      516M (52%)         450M (45%)         478M (48%)         520M (52%)         524M (52%)         446M (45%)    
[2026-04-03T03:19:21.301+0600][80.853s][info][gc,heap     ] GC(251) y:      Used:      484M (48%)         550M (55%)         522M (52%)         480M (48%)         554M (55%)         476M (48%)    
[2026-04-03T03:19:21.301+0600][80.853s][info][gc,heap     ] GC(251) y: Young Generation Statistics:
[2026-04-03T03:19:21.301+0600][80.853s][info][gc,heap     ] GC(251) y:                Mark Start          Mark End        Relocate Start      Relocate End    
[2026-04-03T03:19:21.301+0600][80.853s][info][gc,heap     ] GC(251) y:      Used:      168M (17%)         234M (23%)         206M (21%)         164M (16%)    
[2026-04-03T03:19:21.301+0600][80.853s][info][gc,heap     ] GC(251) y:      Live:         -                52M (5%)           52M (5%)           52M (5%)     
[2026-04-03T03:19:21.301+0600][80.853s][info][gc,heap     ] GC(251) y:   Garbage:         -               115M (12%)          83M (8%)            0M (0%)     
[2026-04-03T03:19:21.301+0600][80.853s][info][gc,heap     ] GC(251) y: Allocated:         -                66M (7%)           70M (7%)          110M (11%)    
[2026-04-03T03:19:21.301+0600][80.853s][info][gc,heap     ] GC(251) y: Reclaimed:         -                  -                32M (3%)          114M (11%)    
[2026-04-03T03:19:21.301+0600][80.853s][info][gc,heap     ] GC(251) y:  Promoted:         -                  -                 0M (0%)            0M (0%)     
[2026-04-03T03:19:21.301+0600][80.853s][info][gc,heap     ] GC(251) y: Compacted:         -                  -                  -                19M (2%)     
[2026-04-03T03:19:21.301+0600][80.853s][info][gc,phases   ] GC(251) y: Young Generation 484M(48%)->480M(48%) 0.254s
[2026-04-03T03:19:21.301+0600][80.853s][info][gc          ] GC(251) Minor Collection (Allocation Rate) 484M(48%)->480M(48%) 0.254s
[2026-04-03T03:19:21.301+0600][80.853s][info][gc          ] GC(252) Minor Collection (Allocation Rate)
[2026-04-03T03:19:21.301+0600][80.853s][info][gc,task     ] GC(252) Using 2 Workers for Young Generation
[2026-04-03T03:19:21.301+0600][80.853s][info][gc,phases   ] GC(252) y: Young Generation
[2026-04-03T03:19:21.301+0600][80.854s][info][gc,phases   ] GC(252) y: Pause Mark Start 0.062ms
[2026-04-03T03:19:21.482+0600][81.034s][info][gc,phases   ] GC(252) y: Concurrent Mark 180.593ms
[2026-04-03T03:19:21.482+0600][81.035s][info][gc,phases   ] GC(252) y: Pause Mark End 0.020ms
[2026-04-03T03:19:21.482+0600][81.035s][info][gc,phases   ] GC(252) y: Concurrent Mark Free 0.002ms
[2026-04-03T03:19:21.482+0600][81.035s][info][gc,phases   ] GC(252) y: Concurrent Reset Relocation Set 0.012ms
[2026-04-03T03:19:21.485+0600][81.037s][info][gc,reloc    ] GC(252) y: Using tenuring threshold: 1 (Computed)
[2026-04-03T03:19:21.515+0600][81.067s][info][gc,phases   ] GC(252) y: Concurrent Select Relocation Set 32.304ms
[2026-04-03T03:19:21.515+0600][81.067s][info][gc,phases   ] GC(252) y: Pause Relocate Start 0.020ms
[2026-04-03T03:19:21.595+0600][81.148s][info][gc,phases   ] GC(252) y: Concurrent Relocate 80.175ms
[2026-04-03T03:19:21.595+0600][81.148s][info][gc,alloc    ] GC(252) y:                         Mark Start        Mark End      Relocate Start    Relocate End   
[2026-04-03T03:19:21.595+0600][81.148s][info][gc,alloc    ] GC(252) y: Allocation Stalls:          0                0                0                0         
[2026-04-03T03:19:21.596+0600][81.148s][info][gc,load     ] GC(252) y: Load: 5.40 (45%) / 5.14 (43%) / 5.52 (46%)
[2026-04-03T03:19:21.596+0600][81.148s][info][gc,mmu      ] GC(252) y: MMU: 2ms/90.1%, 5ms/96.1%, 10ms/97.9%, 20ms/98.5%, 50ms/99.4%, 100ms/99.6%
[2026-04-03T03:19:21.596+0600][81.148s][info][gc,marking  ] GC(252) y: Mark: 2 stripe(s), 2 proactive flush(es), 1 terminate flush(es), 0 completion(s), 0 continuation(s) 
[2026-04-03T03:19:21.596+0600][81.148s][info][gc,marking  ] GC(252) y: Mark Stack Usage: 32M
[2026-04-03T03:19:21.596+0600][81.148s][info][gc,nmethod  ] GC(252) y: NMethods: 7579 registered, 859 unregistered
[2026-04-03T03:19:21.596+0600][81.148s][info][gc,metaspace] GC(252) y: Metaspace: 71M used, 72M committed, 1088M reserved
[2026-04-03T03:19:21.596+0600][81.148s][info][gc,reloc    ] GC(252) y:                        Candidates     Selected     In-Place         Size        Empty    Relocated 
[2026-04-03T03:19:21.596+0600][81.148s][info][gc,reloc    ] GC(252) y: Small Pages:                   67           23            0         134M          64M           3M 
[2026-04-03T03:19:21.596+0600][81.148s][info][gc,reloc    ] GC(252) y: Medium Pages:                   0            0            0           0M           0M           0M 
[2026-04-03T03:19:21.596+0600][81.148s][info][gc,reloc    ] GC(252) y: Large Pages:                    3            0            0          30M           0M           0M 
[2026-04-03T03:19:21.596+0600][81.148s][info][gc,reloc    ] GC(252) y: Forwarding Usage: 5M
[2026-04-03T03:19:21.596+0600][81.148s][info][gc,reloc    ] GC(252) y: Age Table:
[2026-04-03T03:19:21.596+0600][81.148s][info][gc,reloc    ] GC(252) y:                    Live             Garbage             Small              Medium             Large        
[2026-04-03T03:19:21.596+0600][81.148s][info][gc,reloc    ] GC(252) y: Eden               0M (0%)           87M (9%)          44 / 11             0 / 0              0 / 0        
[2026-04-03T03:19:21.596+0600][81.148s][info][gc,reloc    ] GC(252) y: Survivor 1        41M (4%)            8M (1%)          10 / 5              0 / 0              3 / 0        
[2026-04-03T03:19:21.596+0600][81.148s][info][gc,reloc    ] GC(252) y: Survivor 2         6M (1%)            7M (1%)           7 / 4              0 / 0              0 / 0        
[2026-04-03T03:19:21.596+0600][81.148s][info][gc,reloc    ] GC(252) y: Survivor 3         3M (0%)            8M (1%)           6 / 3              0 / 0              0 / 0        
[2026-04-03T03:19:21.596+0600][81.148s][info][gc,heap     ] GC(252) y: Min Capacity: 8M(1%)
[2026-04-03T03:19:21.596+0600][81.148s][info][gc,heap     ] GC(252) y: Max Capacity: 1000M(100%)
[2026-04-03T03:19:21.596+0600][81.148s][info][gc,heap     ] GC(252) y: Soft Max Capacity: 1000M(100%)
[2026-04-03T03:19:21.596+0600][81.148s][info][gc,heap     ] GC(252) y: Heap Statistics:
[2026-04-03T03:19:21.596+0600][81.148s][info][gc,heap     ] GC(252) y:                Mark Start          Mark End        Relocate Start      Relocate End           High               Low         
[2026-04-03T03:19:21.596+0600][81.148s][info][gc,heap     ] GC(252) y:  Capacity:     1000M (100%)       1000M (100%)       1000M (100%)       1000M (100%)       1000M (100%)       1000M (100%)   
[2026-04-03T03:19:21.596+0600][81.148s][info][gc,heap     ] GC(252) y:      Free:      520M (52%)         440M (44%)         488M (49%)         386M (39%)         522M (52%)         386M (39%)    
[2026-04-03T03:19:21.596+0600][81.148s][info][gc,heap     ] GC(252) y:      Used:      480M (48%)         560M (56%)         512M (51%)         614M (61%)         614M (61%)         478M (48%)    
[2026-04-03T03:19:21.596+0600][81.148s][info][gc,heap     ] GC(252) y: Young Generation Statistics:
[2026-04-03T03:19:21.596+0600][81.148s][info][gc,heap     ] GC(252) y:                Mark Start          Mark End        Relocate Start      Relocate End    
[2026-04-03T03:19:21.596+0600][81.148s][info][gc,heap     ] GC(252) y:      Used:      164M (16%)         244M (24%)         148M (15%)         242M (24%)    
[2026-04-03T03:19:21.596+0600][81.148s][info][gc,heap     ] GC(252) y:      Live:         -                52M (5%)            5M (1%)            0M (0%)     
[2026-04-03T03:19:21.596+0600][81.148s][info][gc,heap     ] GC(252) y:   Garbage:         -               111M (11%)          46M (5%)            0M (0%)     
[2026-04-03T03:19:21.596+0600][81.148s][info][gc,heap     ] GC(252) y: Allocated:         -                80M (8%)           96M (10%)         241M (24%)    
[2026-04-03T03:19:21.596+0600][81.148s][info][gc,heap     ] GC(252) y: Reclaimed:         -                  -                64M (6%)          111M (11%)    
[2026-04-03T03:19:21.596+0600][81.148s][info][gc,heap     ] GC(252) y:  Promoted:         -                  -                47M (5%)           52M (5%)     
[2026-04-03T03:19:21.596+0600][81.148s][info][gc,heap     ] GC(252) y: Compacted:         -                  -                  -                 0M (0%)     
[2026-04-03T03:19:21.596+0600][81.148s][info][gc,phases   ] GC(252) y: Young Generation 480M(48%)->614M(61%) 0.294s
[2026-04-03T03:19:21.596+0600][81.148s][info][gc          ] GC(252) Minor Collection (Allocation Rate) 480M(48%)->614M(61%) 0.295s
[2026-04-03T03:19:21.596+0600][81.148s][info][gc,task     ] GC(245) O: Using 3 Workers for Old Generation
[2026-04-03T03:19:21.618+0600][81.170s][info][gc,task     ] GC(245) O: Using 1 Workers for Old Generation
[2026-04-03T03:19:21.618+0600][81.170s][info][gc,phases   ] GC(245) O: Concurrent Remap Roots 21.995ms
[2026-04-03T03:19:21.618+0600][81.171s][info][gc,phases   ] GC(245) O: Pause Relocate Start 0.024ms
[2026-04-03T03:19:21.619+0600][81.171s][info][gc          ] GC(253) Minor Collection (Allocation Rate)
[2026-04-03T03:19:21.619+0600][81.171s][info][gc,task     ] GC(253) Using 2 Workers for Young Generation
[2026-04-03T03:19:21.619+0600][81.171s][info][gc,phases   ] GC(253) y: Young Generation
[2026-04-03T03:19:21.619+0600][81.171s][info][gc,phases   ] GC(253) y: Pause Mark Start 0.022ms
[2026-04-03T03:19:21.678+0600][81.230s][info][gc,phases   ] GC(253) y: Concurrent Mark 58.459ms
[2026-04-03T03:19:21.680+0600][81.232s][info][gc,phases   ] GC(253) y: Pause Mark End 0.031ms
[2026-04-03T03:19:21.680+0600][81.233s][info][gc,phases   ] GC(253) y: Concurrent Mark Free 0.001ms
[2026-04-03T03:19:21.680+0600][81.233s][info][gc,phases   ] GC(253) y: Concurrent Reset Relocation Set 0.035ms
[2026-04-03T03:19:21.683+0600][81.235s][info][gc,reloc    ] GC(253) y: Using tenuring threshold: 2 (Computed)
[2026-04-03T03:19:21.689+0600][81.241s][info][gc,phases   ] GC(253) y: Concurrent Select Relocation Set 8.113ms
[2026-04-03T03:19:21.692+0600][81.245s][info][gc,phases   ] GC(253) y: Pause Relocate Start 0.104ms
[2026-04-03T03:19:21.703+0600][81.256s][info][gc,phases   ] GC(245) O: Concurrent Relocate 84.781ms
[2026-04-03T03:19:21.726+0600][81.279s][info][gc,phases   ] GC(253) y: Concurrent Relocate 33.846ms
[2026-04-03T03:19:21.727+0600][81.279s][info][gc,alloc    ] GC(253) y:                         Mark Start        Mark End      Relocate Start    Relocate End   
[2026-04-03T03:19:21.727+0600][81.279s][info][gc,alloc    ] GC(253) y: Allocation Stalls:          0                0                0                0         
[2026-04-03T03:19:21.727+0600][81.279s][info][gc,load     ] GC(253) y: Load: 5.40 (45%) / 5.14 (43%) / 5.52 (46%)
[2026-04-03T03:19:21.727+0600][81.279s][info][gc,mmu      ] GC(253) y: MMU: 2ms/90.1%, 5ms/96.1%, 10ms/97.9%, 20ms/98.5%, 50ms/99.4%, 100ms/99.6%
[2026-04-03T03:19:21.727+0600][81.279s][info][gc,marking  ] GC(253) y: Mark: 2 stripe(s), 2 proactive flush(es), 1 terminate flush(es), 0 completion(s), 0 continuation(s) 
[2026-04-03T03:19:21.727+0600][81.279s][info][gc,marking  ] GC(253) y: Mark Stack Usage: 32M
[2026-04-03T03:19:21.727+0600][81.279s][info][gc,nmethod  ] GC(253) y: NMethods: 7579 registered, 859 unregistered
[2026-04-03T03:19:21.727+0600][81.279s][info][gc,metaspace] GC(253) y: Metaspace: 71M used, 72M committed, 1088M reserved
[2026-04-03T03:19:21.727+0600][81.279s][info][gc,reloc    ] GC(253) y:                        Candidates     Selected     In-Place         Size        Empty    Relocated 
[2026-04-03T03:19:21.727+0600][81.279s][info][gc,reloc    ] GC(253) y: Small Pages:                  131           97            0         262M          52M          11M 
[2026-04-03T03:19:21.727+0600][81.279s][info][gc,reloc    ] GC(253) y: Medium Pages:                   1            0            0          16M           0M           0M 
[2026-04-03T03:19:21.727+0600][81.279s][info][gc,reloc    ] GC(253) y: Large Pages:                    1            0            0           6M           6M           0M 
[2026-04-03T03:19:21.727+0600][81.279s][info][gc,reloc    ] GC(253) y: Forwarding Usage: 12M
[2026-04-03T03:19:21.727+0600][81.279s][info][gc,reloc    ] GC(253) y: Age Table:
[2026-04-03T03:19:21.727+0600][81.279s][info][gc,reloc    ] GC(253) y:                    Live             Garbage             Small              Medium             Large        
[2026-04-03T03:19:21.727+0600][81.279s][info][gc,reloc    ] GC(253) y: Eden              15M (2%)          264M (26%)        129 / 96             1 / 0              1 / 0        
[2026-04-03T03:19:21.727+0600][81.279s][info][gc,reloc    ] GC(253) y: Survivor 1         0M (0%)            3M (0%)           2 / 1              0 / 0              0 / 0        
[2026-04-03T03:19:21.727+0600][81.279s][info][gc,heap     ] GC(253) y: Min Capacity: 8M(1%)
[2026-04-03T03:19:21.727+0600][81.279s][info][gc,heap     ] GC(253) y: Max Capacity: 1000M(100%)
[2026-04-03T03:19:21.727+0600][81.279s][info][gc,heap     ] GC(253) y: Soft Max Capacity: 1000M(100%)
[2026-04-03T03:19:21.727+0600][81.279s][info][gc,heap     ] GC(253) y: Heap Statistics:
[2026-04-03T03:19:21.727+0600][81.279s][info][gc,heap     ] GC(253) y:                Mark Start          Mark End        Relocate Start      Relocate End           High               Low         
[2026-04-03T03:19:21.727+0600][81.279s][info][gc,heap     ] GC(253) y:  Capacity:     1000M (100%)       1000M (100%)       1000M (100%)       1000M (100%)       1000M (100%)       1000M (100%)   
[2026-04-03T03:19:21.727+0600][81.279s][info][gc,heap     ] GC(253) y:      Free:      342M (34%)         314M (31%)         350M (35%)         486M (49%)         490M (49%)         302M (30%)    
[2026-04-03T03:19:21.727+0600][81.279s][info][gc,heap     ] GC(253) y:      Used:      658M (66%)         686M (69%)         650M (65%)         514M (51%)         698M (70%)         510M (51%)    
[2026-04-03T03:19:21.727+0600][81.279s][info][gc,heap     ] GC(253) y: Young Generation Statistics:
[2026-04-03T03:19:21.727+0600][81.279s][info][gc,heap     ] GC(253) y:                Mark Start          Mark End        Relocate Start      Relocate End    
[2026-04-03T03:19:21.727+0600][81.279s][info][gc,heap     ] GC(253) y:      Used:      284M (28%)         390M (39%)         358M (36%)         228M (23%)    
[2026-04-03T03:19:21.727+0600][81.279s][info][gc,heap     ] GC(253) y:      Live:         -                15M (2%)           15M (2%)           15M (2%)     
[2026-04-03T03:19:21.727+0600][81.279s][info][gc,heap     ] GC(253) y:   Garbage:         -               268M (27%)         210M (21%)          12M (1%)     
[2026-04-03T03:19:21.727+0600][81.279s][info][gc,heap     ] GC(253) y: Allocated:         -               106M (11%)         132M (13%)         199M (20%)    
[2026-04-03T03:19:21.727+0600][81.279s][info][gc,heap     ] GC(253) y: Reclaimed:         -                  -                58M (6%)          255M (26%)    
[2026-04-03T03:19:21.727+0600][81.279s][info][gc,heap     ] GC(253) y:  Promoted:         -                  -                 0M (0%)            0M (0%)     
[2026-04-03T03:19:21.727+0600][81.279s][info][gc,heap     ] GC(253) y: Compacted:         -                  -                  -                12M (1%)     
[2026-04-03T03:19:21.727+0600][81.279s][info][gc,phases   ] GC(253) y: Young Generation 658M(66%)->514M(51%) 0.108s
[2026-04-03T03:19:21.727+0600][81.279s][info][gc          ] GC(253) Minor Collection (Allocation Rate) 658M(66%)->516M(52%) 0.108s
[2026-04-03T03:19:21.727+0600][81.279s][info][gc,alloc    ] GC(245) O:                         Mark Start        Mark End      Relocate Start    Relocate End   
[2026-04-03T03:19:21.727+0600][81.279s][info][gc,alloc    ] GC(245) O: Allocation Stalls:          0                0                0                0         
[2026-04-03T03:19:21.727+0600][81.279s][info][gc,load     ] GC(245) O: Load: 5.40 (45%) / 5.14 (43%) / 5.52 (46%)
[2026-04-03T03:19:21.727+0600][81.279s][info][gc,mmu      ] GC(245) O: MMU: 2ms/90.1%, 5ms/96.1%, 10ms/97.9%, 20ms/98.5%, 50ms/99.4%, 100ms/99.6%
[2026-04-03T03:19:21.727+0600][81.279s][info][gc,marking  ] GC(245) O: Mark: 1 stripe(s), 2 proactive flush(es), 1 terminate flush(es), 0 completion(s), 0 continuation(s) 
[2026-04-03T03:19:21.727+0600][81.279s][info][gc,marking  ] GC(245) O: Mark Stack Usage: 32M
[2026-04-03T03:19:21.727+0600][81.279s][info][gc,nmethod  ] GC(245) O: NMethods: 7579 registered, 859 unregistered
[2026-04-03T03:19:21.727+0600][81.279s][info][gc,metaspace] GC(245) O: Metaspace: 71M used, 72M committed, 1088M reserved
[2026-04-03T03:19:21.727+0600][81.280s][info][gc,ref      ] GC(245) O:                       Encountered   Discovered     Enqueued 
[2026-04-03T03:19:21.727+0600][81.280s][info][gc,ref      ] GC(245) O: Soft References:             5110            0            0 
[2026-04-03T03:19:21.727+0600][81.280s][info][gc,ref      ] GC(245) O: Weak References:             7880         5342          142 
[2026-04-03T03:19:21.727+0600][81.280s][info][gc,ref      ] GC(245) O: Final References:              84           48            0 
[2026-04-03T03:19:21.727+0600][81.280s][info][gc,ref      ] GC(245) O: Phantom References:           610          218            0 
[2026-04-03T03:19:21.727+0600][81.280s][info][gc,reloc    ] GC(245) O:                        Candidates     Selected     In-Place         Size        Empty    Relocated 
[2026-04-03T03:19:21.727+0600][81.280s][info][gc,reloc    ] GC(245) O: Small Pages:                  148           45            0         296M          26M          10M 
[2026-04-03T03:19:21.727+0600][81.280s][info][gc,reloc    ] GC(245) O: Medium Pages:                   1            0            0          16M           0M           0M 
[2026-04-03T03:19:21.727+0600][81.280s][info][gc,reloc    ] GC(245) O: Large Pages:                   11            0            0          94M          90M           0M 
[2026-04-03T03:19:21.727+0600][81.280s][info][gc,reloc    ] GC(245) O: Forwarding Usage: 11M
[2026-04-03T03:19:21.727+0600][81.280s][info][gc,heap     ] GC(245) O: Min Capacity: 8M(1%)
[2026-04-03T03:19:21.727+0600][81.280s][info][gc,heap     ] GC(245) O: Max Capacity: 1000M(100%)
[2026-04-03T03:19:21.727+0600][81.280s][info][gc,heap     ] GC(245) O: Soft Max Capacity: 1000M(100%)
[2026-04-03T03:19:21.727+0600][81.280s][info][gc,heap     ] GC(245) O: Heap Statistics:
[2026-04-03T03:19:21.727+0600][81.280s][info][gc,heap     ] GC(245) O:                Mark Start          Mark End        Relocate Start      Relocate End           High               Low         
[2026-04-03T03:19:21.727+0600][81.280s][info][gc,heap     ] GC(245) O:  Capacity:     1000M (100%)       1000M (100%)       1000M (100%)       1000M (100%)       1000M (100%)       1000M (100%)   
[2026-04-03T03:19:21.727+0600][81.280s][info][gc,heap     ] GC(245) O:      Free:      370M (37%)         392M (39%)         344M (34%)         454M (45%)         530M (53%)         176M (18%)    
[2026-04-03T03:19:21.727+0600][81.280s][info][gc,heap     ] GC(245) O:      Used:      630M (63%)         608M (61%)         656M (66%)         546M (55%)         824M (82%)         470M (47%)    
[2026-04-03T03:19:21.727+0600][81.280s][info][gc,heap     ] GC(245) O: Old Generation Statistics:
[2026-04-03T03:19:21.727+0600][81.280s][info][gc,heap     ] GC(245) O:                Mark Start          Mark End        Relocate Start      Relocate End    
[2026-04-03T03:19:21.727+0600][81.280s][info][gc,heap     ] GC(245) O:      Used:      406M (41%)         422M (42%)         372M (37%)         286M (29%)    
[2026-04-03T03:19:21.728+0600][81.280s][info][gc,heap     ] GC(245) O:      Live:         -               186M (19%)         186M (19%)         186M (19%)    
[2026-04-03T03:19:21.728+0600][81.280s][info][gc,heap     ] GC(245) O:   Garbage:         -               219M (22%)         103M (10%)          11M (1%)     
[2026-04-03T03:19:21.728+0600][81.280s][info][gc,heap     ] GC(245) O: Allocated:         -                16M (2%)           82M (8%)           88M (9%)     
[2026-04-03T03:19:21.728+0600][81.280s][info][gc,heap     ] GC(245) O: Reclaimed:         -                  -               116M (12%)         208M (21%)    
[2026-04-03T03:19:21.728+0600][81.280s][info][gc,heap     ] GC(245) O: Compacted:         -                  -                  -                13M (1%)     
[2026-04-03T03:19:21.728+0600][81.280s][info][gc,phases   ] GC(245) O: Old Generation 484M(48%)->546M(55%) 1.804s
[2026-04-03T03:19:21.728+0600][81.280s][info][gc          ] GC(245) Major Collection (Allocation Rate) 630M(63%)->516M(52%) 1.854s
[2026-04-03T03:19:21.730+0600][81.282s][info][gc          ] GC(254) Minor Collection (Allocation Rate)
[2026-04-03T03:19:21.730+0600][81.282s][info][gc,task     ] GC(254) Using 3 Workers for Young Generation
[2026-04-03T03:19:21.730+0600][81.282s][info][gc,phases   ] GC(254) y: Young Generation
[2026-04-03T03:19:21.730+0600][81.283s][info][gc,phases   ] GC(254) y: Pause Mark Start 0.124ms
[2026-04-03T03:19:21.828+0600][81.380s][info][gc,phases   ] GC(254) y: Concurrent Mark 97.235ms
[2026-04-03T03:19:21.828+0600][81.380s][info][gc,phases   ] GC(254) y: Pause Mark End 0.055ms
[2026-04-03T03:19:21.828+0600][81.380s][info][gc,phases   ] GC(254) y: Concurrent Mark Free 0.001ms
[2026-04-03T03:19:21.828+0600][81.380s][info][gc,phases   ] GC(254) y: Concurrent Reset Relocation Set 0.016ms
[2026-04-03T03:19:21.830+0600][81.383s][info][gc,reloc    ] GC(254) y: Using tenuring threshold: 3 (Computed)
[2026-04-03T03:19:21.836+0600][81.388s][info][gc,phases   ] GC(254) y: Concurrent Select Relocation Set 7.460ms
[2026-04-03T03:19:21.836+0600][81.388s][info][gc,phases   ] GC(254) y: Pause Relocate Start 0.027ms
[2026-04-03T03:19:21.873+0600][81.425s][info][gc,phases   ] GC(254) y: Concurrent Relocate 37.018ms
[2026-04-03T03:19:21.873+0600][81.425s][info][gc,alloc    ] GC(254) y:                         Mark Start        Mark End      Relocate Start    Relocate End   
[2026-04-03T03:19:21.873+0600][81.425s][info][gc,alloc    ] GC(254) y: Allocation Stalls:          0                0                0                0         
[2026-04-03T03:19:21.873+0600][81.426s][info][gc,load     ] GC(254) y: Load: 5.40 (45%) / 5.14 (43%) / 5.52 (46%)
[2026-04-03T03:19:21.873+0600][81.426s][info][gc,mmu      ] GC(254) y: MMU: 2ms/90.1%, 5ms/96.1%, 10ms/97.9%, 20ms/98.5%, 50ms/99.4%, 100ms/99.6%
[2026-04-03T03:19:21.873+0600][81.426s][info][gc,marking  ] GC(254) y: Mark: 2 stripe(s), 2 proactive flush(es), 1 terminate flush(es), 0 completion(s), 0 continuation(s) 
[2026-04-03T03:19:21.873+0600][81.426s][info][gc,marking  ] GC(254) y: Mark Stack Usage: 32M
[2026-04-03T03:19:21.873+0600][81.426s][info][gc,nmethod  ] GC(254) y: NMethods: 7579 registered, 859 unregistered
[2026-04-03T03:19:21.873+0600][81.426s][info][gc,metaspace] GC(254) y: Metaspace: 71M used, 72M committed, 1088M reserved
[2026-04-03T03:19:21.873+0600][81.426s][info][gc,reloc    ] GC(254) y:                        Candidates     Selected     In-Place         Size        Empty    Relocated 
[2026-04-03T03:19:21.873+0600][81.426s][info][gc,reloc    ] GC(254) y: Small Pages:                  104           85            0         208M           0M          17M 
[2026-04-03T03:19:21.873+0600][81.426s][info][gc,reloc    ] GC(254) y: Medium Pages:                   1            0            0          16M          16M           0M 
[2026-04-03T03:19:21.873+0600][81.426s][info][gc,reloc    ] GC(254) y: Large Pages:                    3            0            0          12M           0M           0M 
[2026-04-03T03:19:21.873+0600][81.426s][info][gc,reloc    ] GC(254) y: Forwarding Usage: 20M
[2026-04-03T03:19:21.873+0600][81.426s][info][gc,reloc    ] GC(254) y: Age Table:
[2026-04-03T03:19:21.873+0600][81.426s][info][gc,reloc    ] GC(254) y:                    Live             Garbage             Small              Medium             Large        
[2026-04-03T03:19:21.873+0600][81.426s][info][gc,reloc    ] GC(254) y: Eden              32M (3%)          161M (16%)         91 / 79             0 / 0              3 / 0        
[2026-04-03T03:19:21.873+0600][81.426s][info][gc,reloc    ] GC(254) y: Survivor 1        12M (1%)           25M (3%)          11 / 4              1 / 0              0 / 0        
[2026-04-03T03:19:21.873+0600][81.426s][info][gc,reloc    ] GC(254) y: Survivor 2         0M (0%)            3M (0%)           2 / 2              0 / 0              0 / 0        
[2026-04-03T03:19:21.873+0600][81.426s][info][gc,heap     ] GC(254) y: Min Capacity: 8M(1%)
[2026-04-03T03:19:21.873+0600][81.426s][info][gc,heap     ] GC(254) y: Max Capacity: 1000M(100%)
[2026-04-03T03:19:21.873+0600][81.426s][info][gc,heap     ] GC(254) y: Soft Max Capacity: 1000M(100%)
[2026-04-03T03:19:21.873+0600][81.426s][info][gc,heap     ] GC(254) y: Heap Statistics:
[2026-04-03T03:19:21.873+0600][81.426s][info][gc,heap     ] GC(254) y:                Mark Start          Mark End        Relocate Start      Relocate End           High               Low         
[2026-04-03T03:19:21.874+0600][81.426s][info][gc,heap     ] GC(254) y:  Capacity:     1000M (100%)       1000M (100%)       1000M (100%)       1000M (100%)       1000M (100%)       1000M (100%)   
[2026-04-03T03:19:21.874+0600][81.426s][info][gc,heap     ] GC(254) y:      Free:      478M (48%)         308M (31%)         314M (31%)         416M (42%)         478M (48%)         304M (30%)    
