[2026-04-03T03:23:24.127+0600][0.005s][info][gc,init] Initializing The Z Garbage Collector
[2026-04-03T03:23:24.127+0600][0.005s][info][gc,init] Version: 21.0.10+7-Ubuntu-124.04 (release)
[2026-04-03T03:23:24.127+0600][0.005s][info][gc,init] NUMA Support: Disabled
[2026-04-03T03:23:24.127+0600][0.005s][info][gc,init] CPUs: 12 total, 12 available
[2026-04-03T03:23:24.127+0600][0.005s][info][gc,init] Memory: 15683M
[2026-04-03T03:23:24.127+0600][0.005s][info][gc,init] Large Page Support: Disabled
[2026-04-03T03:23:24.127+0600][0.005s][info][gc,init] Address Space Type: Contiguous/Unrestricted/Complete
[2026-04-03T03:23:24.127+0600][0.005s][info][gc,init] Address Space Size: 20000M
[2026-04-03T03:23:24.127+0600][0.005s][info][gc,init] Heap Backing File: /memfd:java_heap
[2026-04-03T03:23:24.127+0600][0.005s][info][gc,init] Heap Backing Filesystem: tmpfs (0x1021994)
[2026-04-03T03:23:24.128+0600][0.006s][info][gc,init] Min Capacity: 8M
[2026-04-03T03:23:24.128+0600][0.006s][info][gc,init] Initial Capacity: 246M
[2026-04-03T03:23:24.128+0600][0.006s][info][gc,init] Max Capacity: 1250M
[2026-04-03T03:23:24.128+0600][0.006s][info][gc,init] Soft Max Capacity: 1250M
[2026-04-03T03:23:24.128+0600][0.006s][info][gc,init] Medium Page Size: 32M
[2026-04-03T03:23:24.128+0600][0.006s][info][gc,init] Pre-touch: Disabled
[2026-04-03T03:23:24.128+0600][0.006s][info][gc,init] Available space on backing filesystem: N/A
[2026-04-03T03:23:24.129+0600][0.006s][info][gc,init] Uncommit: Enabled
[2026-04-03T03:23:24.129+0600][0.006s][info][gc,init] Uncommit Delay: 300s
[2026-04-03T03:23:24.129+0600][0.007s][info][gc,init] GC Workers for Old Generation: 3 (dynamic)
[2026-04-03T03:23:24.129+0600][0.007s][info][gc,init] GC Workers for Young Generation: 3 (dynamic)
[2026-04-03T03:23:24.206+0600][0.084s][info][gc,init] GC Workers Max: 3 (dynamic)
[2026-04-03T03:23:24.207+0600][0.085s][info][gc,init] Runtime Workers: 8
[2026-04-03T03:23:24.208+0600][0.086s][info][gc     ] Using The Z Garbage Collector
[2026-04-03T03:23:24.218+0600][0.095s][info][gc,metaspace] CDS archive(s) mapped at: [0x000075613b000000-0x000075613bc9c000-0x000075613bc9c000), size 13221888, SharedBaseAddress: 0x000075613b000000, ArchiveRelocationMode: 1.
[2026-04-03T03:23:24.218+0600][0.095s][info][gc,metaspace] Compressed class space mapped at: 0x000075613c000000-0x000075617c000000, reserved size: 1073741824
[2026-04-03T03:23:24.218+0600][0.095s][info][gc,metaspace] Narrow klass base: 0x000075613b000000, Narrow klass shift: 0, Narrow klass range: 0x100000000
[2026-04-03T03:23:24.794+0600][0.671s][info][gc          ] GC(0) Major Collection (Warmup)
[2026-04-03T03:23:24.794+0600][0.671s][info][gc,task     ] GC(0) Using 3 Workers for Young Generation
[2026-04-03T03:23:24.794+0600][0.672s][info][gc,task     ] GC(0) Using 2 Workers for Old Generation
[2026-04-03T03:23:24.794+0600][0.672s][info][gc,phases   ] GC(0) Y: Young Generation
[2026-04-03T03:23:24.795+0600][0.672s][info][gc,phases   ] GC(0) Y: Pause Mark Start (Major) 0.020ms
[2026-04-03T03:23:24.800+0600][0.677s][info][gc,phases   ] GC(0) Y: Concurrent Mark 5.028ms
[2026-04-03T03:23:24.800+0600][0.678s][info][gc,phases   ] GC(0) Y: Pause Mark End 0.018ms
[2026-04-03T03:23:24.800+0600][0.678s][info][gc,phases   ] GC(0) Y: Concurrent Mark Free 0.001ms
[2026-04-03T03:23:24.800+0600][0.678s][info][gc,phases   ] GC(0) Y: Concurrent Reset Relocation Set 0.001ms
[2026-04-03T03:23:24.806+0600][0.684s][info][gc,reloc    ] GC(0) Y: Using tenuring threshold: 1 (Computed)
[2026-04-03T03:23:24.807+0600][0.685s][info][gc,phases   ] GC(0) Y: Concurrent Select Relocation Set 7.439ms
[2026-04-03T03:23:24.808+0600][0.685s][info][gc,phases   ] GC(0) Y: Pause Relocate Start 0.011ms
[2026-04-03T03:23:24.811+0600][0.688s][info][gc,phases   ] GC(0) Y: Concurrent Relocate 2.990ms
[2026-04-03T03:23:24.811+0600][0.689s][info][gc,alloc    ] GC(0) Y:                         Mark Start        Mark End      Relocate Start    Relocate End   
[2026-04-03T03:23:24.811+0600][0.689s][info][gc,alloc    ] GC(0) Y: Allocation Stalls:          0                0                0                0         
[2026-04-03T03:23:24.811+0600][0.689s][info][gc,load     ] GC(0) Y: Load: 4.22 (35%) / 4.74 (39%) / 5.28 (44%)
[2026-04-03T03:23:24.811+0600][0.689s][info][gc,mmu      ] GC(0) Y: MMU: 2ms/99.0%, 5ms/99.6%, 10ms/99.6%, 20ms/99.8%, 50ms/99.9%, 100ms/100.0%
[2026-04-03T03:23:24.811+0600][0.689s][info][gc,marking  ] GC(0) Y: Mark: 2 stripe(s), 2 proactive flush(es), 1 terminate flush(es), 0 completion(s), 0 continuation(s) 
[2026-04-03T03:23:24.811+0600][0.689s][info][gc,marking  ] GC(0) Y: Mark Stack Usage: 32M
[2026-04-03T03:23:24.811+0600][0.689s][info][gc,nmethod  ] GC(0) Y: NMethods: 779 registered, 0 unregistered
[2026-04-03T03:23:24.811+0600][0.689s][info][gc,metaspace] GC(0) Y: Metaspace: 4M used, 4M committed, 1088M reserved
[2026-04-03T03:23:24.811+0600][0.689s][info][gc,reloc    ] GC(0) Y:                        Candidates     Selected     In-Place         Size        Empty    Relocated 
[2026-04-03T03:23:24.811+0600][0.689s][info][gc,reloc    ] GC(0) Y: Small Pages:                   64           61            0         128M           0M           1M 
[2026-04-03T03:23:24.811+0600][0.689s][info][gc,reloc    ] GC(0) Y: Medium Pages:                   0            0            0           0M           0M           0M 
[2026-04-03T03:23:24.811+0600][0.689s][info][gc,reloc    ] GC(0) Y: Large Pages:                    0            0            0           0M           0M           0M 
[2026-04-03T03:23:24.811+0600][0.689s][info][gc,reloc    ] GC(0) Y: Forwarding Usage: 0M
[2026-04-03T03:23:24.811+0600][0.689s][info][gc,reloc    ] GC(0) Y: Age Table:
[2026-04-03T03:23:24.811+0600][0.689s][info][gc,reloc    ] GC(0) Y:                    Live             Garbage             Small              Medium             Large        
[2026-04-03T03:23:24.811+0600][0.689s][info][gc,reloc    ] GC(0) Y: Eden               3M (0%)          124M (10%)         64 / 61             0 / 0              0 / 0        
[2026-04-03T03:23:24.811+0600][0.689s][info][gc,heap     ] GC(0) Y: Min Capacity: 8M(1%)
[2026-04-03T03:23:24.811+0600][0.689s][info][gc,heap     ] GC(0) Y: Max Capacity: 1250M(100%)
[2026-04-03T03:23:24.811+0600][0.689s][info][gc,heap     ] GC(0) Y: Soft Max Capacity: 1250M(100%)
[2026-04-03T03:23:24.811+0600][0.689s][info][gc,heap     ] GC(0) Y: Heap Statistics:
[2026-04-03T03:23:24.811+0600][0.689s][info][gc,heap     ] GC(0) Y:                Mark Start          Mark End        Relocate Start      Relocate End           High               Low         
[2026-04-03T03:23:24.811+0600][0.689s][info][gc,heap     ] GC(0) Y:  Capacity:      246M (20%)         246M (20%)         246M (20%)         246M (20%)         246M (20%)         246M (20%)    
[2026-04-03T03:23:24.811+0600][0.689s][info][gc,heap     ] GC(0) Y:      Free:     1122M (90%)        1120M (90%)        1118M (89%)        1232M (99%)        1232M (99%)        1108M (89%)    
[2026-04-03T03:23:24.811+0600][0.689s][info][gc,heap     ] GC(0) Y:      Used:      128M (10%)         130M (10%)         132M (11%)          18M (1%)          142M (11%)          18M (1%)     
[2026-04-03T03:23:24.811+0600][0.689s][info][gc,heap     ] GC(0) Y: Young Generation Statistics:
[2026-04-03T03:23:24.811+0600][0.689s][info][gc,heap     ] GC(0) Y:                Mark Start          Mark End        Relocate Start      Relocate End    
[2026-04-03T03:23:24.811+0600][0.689s][info][gc,heap     ] GC(0) Y:      Used:      128M (10%)         130M (10%)         132M (11%)          18M (1%)     
[2026-04-03T03:23:24.811+0600][0.689s][info][gc,heap     ] GC(0) Y:      Live:         -                 3M (0%)            3M (0%)            3M (0%)     
[2026-04-03T03:23:24.811+0600][0.689s][info][gc,heap     ] GC(0) Y:   Garbage:         -               124M (10%)         124M (10%)           1M (0%)     
[2026-04-03T03:23:24.811+0600][0.689s][info][gc,heap     ] GC(0) Y: Allocated:         -                 2M (0%)            4M (0%)           12M (1%)     
[2026-04-03T03:23:24.811+0600][0.689s][info][gc,heap     ] GC(0) Y: Reclaimed:         -                  -                 0M (0%)          122M (10%)    
[2026-04-03T03:23:24.811+0600][0.689s][info][gc,heap     ] GC(0) Y:  Promoted:         -                  -                 0M (0%)            0M (0%)     
[2026-04-03T03:23:24.811+0600][0.689s][info][gc,heap     ] GC(0) Y: Compacted:         -                  -                  -                 1M (0%)     
[2026-04-03T03:23:24.811+0600][0.689s][info][gc,phases   ] GC(0) Y: Young Generation 128M(10%)->18M(1%) 0.017s
[2026-04-03T03:23:24.811+0600][0.689s][info][gc,phases   ] GC(0) O: Old Generation
[2026-04-03T03:23:24.812+0600][0.690s][info][gc,phases   ] GC(0) O: Concurrent Mark 0.990ms
[2026-04-03T03:23:24.812+0600][0.690s][info][gc,phases   ] GC(0) O: Pause Mark End 0.016ms
[2026-04-03T03:23:24.812+0600][0.690s][info][gc,phases   ] GC(0) O: Concurrent Mark Free 0.030ms
[2026-04-03T03:23:24.814+0600][0.692s][info][gc,phases   ] GC(0) O: Concurrent Process Non-Strong 1.399ms
[2026-04-03T03:23:24.814+0600][0.692s][info][gc,phases   ] GC(0) O: Concurrent Reset Relocation Set 0.001ms
[2026-04-03T03:23:24.815+0600][0.693s][info][gc,phases   ] GC(0) O: Concurrent Select Relocation Set 1.578ms
[2026-04-03T03:23:24.815+0600][0.693s][info][gc,task     ] GC(0) O: Using 3 Workers for Old Generation
[2026-04-03T03:23:24.828+0600][0.705s][info][gc,task     ] GC(0) O: Using 2 Workers for Old Generation
[2026-04-03T03:23:24.828+0600][0.706s][info][gc,phases   ] GC(0) O: Concurrent Remap Roots 12.340ms
[2026-04-03T03:23:24.828+0600][0.706s][info][gc,phases   ] GC(0) O: Pause Relocate Start 0.019ms
[2026-04-03T03:23:24.828+0600][0.706s][info][gc,phases   ] GC(0) O: Concurrent Relocate 0.308ms
[2026-04-03T03:23:24.828+0600][0.706s][info][gc,alloc    ] GC(0) O:                         Mark Start        Mark End      Relocate Start    Relocate End   
[2026-04-03T03:23:24.829+0600][0.706s][info][gc,alloc    ] GC(0) O: Allocation Stalls:          0                0                0                0         
[2026-04-03T03:23:24.829+0600][0.706s][info][gc,load     ] GC(0) O: Load: 4.22 (35%) / 4.74 (39%) / 5.28 (44%)
[2026-04-03T03:23:24.829+0600][0.706s][info][gc,mmu      ] GC(0) O: MMU: 2ms/99.0%, 5ms/99.5%, 10ms/99.6%, 20ms/99.7%, 50ms/99.8%, 100ms/99.9%
[2026-04-03T03:23:24.829+0600][0.706s][info][gc,marking  ] GC(0) O: Mark: 2 stripe(s), 1 proactive flush(es), 1 terminate flush(es), 0 completion(s), 0 continuation(s) 
[2026-04-03T03:23:24.829+0600][0.706s][info][gc,marking  ] GC(0) O: Mark Stack Usage: 0M
[2026-04-03T03:23:24.829+0600][0.706s][info][gc,nmethod  ] GC(0) O: NMethods: 726 registered, 79 unregistered
[2026-04-03T03:23:24.829+0600][0.706s][info][gc,metaspace] GC(0) O: Metaspace: 4M used, 4M committed, 1088M reserved
[2026-04-03T03:23:24.829+0600][0.706s][info][gc,ref      ] GC(0) O:                       Encountered   Discovered     Enqueued 
[2026-04-03T03:23:24.829+0600][0.706s][info][gc,ref      ] GC(0) O: Soft References:              138            0            0 
[2026-04-03T03:23:24.829+0600][0.706s][info][gc,ref      ] GC(0) O: Weak References:              412            0            0 
[2026-04-03T03:23:24.829+0600][0.706s][info][gc,ref      ] GC(0) O: Final References:               0            0            0 
[2026-04-03T03:23:24.829+0600][0.706s][info][gc,ref      ] GC(0) O: Phantom References:            25            0            0 
[2026-04-03T03:23:24.829+0600][0.706s][info][gc,heap     ] GC(0) O: Min Capacity: 8M(1%)
[2026-04-03T03:23:24.829+0600][0.706s][info][gc,heap     ] GC(0) O: Max Capacity: 1250M(100%)
[2026-04-03T03:23:24.829+0600][0.706s][info][gc,heap     ] GC(0) O: Soft Max Capacity: 1250M(100%)
[2026-04-03T03:23:24.829+0600][0.706s][info][gc,heap     ] GC(0) O: Heap Statistics:
[2026-04-03T03:23:24.829+0600][0.706s][info][gc,heap     ] GC(0) O:                Mark Start          Mark End        Relocate Start      Relocate End           High               Low         
[2026-04-03T03:23:24.829+0600][0.706s][info][gc,heap     ] GC(0) O:  Capacity:      246M (20%)         246M (20%)         246M (20%)         246M (20%)         246M (20%)         246M (20%)    
[2026-04-03T03:23:24.829+0600][0.706s][info][gc,heap     ] GC(0) O:      Free:     1122M (90%)        1232M (99%)        1220M (98%)        1220M (98%)        1232M (99%)        1108M (89%)    
[2026-04-03T03:23:24.829+0600][0.707s][info][gc,heap     ] GC(0) O:      Used:      128M (10%)          18M (1%)           30M (2%)           30M (2%)          142M (11%)          18M (1%)     
[2026-04-03T03:23:24.829+0600][0.707s][info][gc,heap     ] GC(0) O: Old Generation Statistics:
[2026-04-03T03:23:24.829+0600][0.707s][info][gc,heap     ] GC(0) O:                Mark Start          Mark End        Relocate Start      Relocate End    
[2026-04-03T03:23:24.829+0600][0.707s][info][gc,heap     ] GC(0) O:      Used:        0M (0%)            0M (0%)            0M (0%)            0M (0%)     
[2026-04-03T03:23:24.829+0600][0.707s][info][gc,heap     ] GC(0) O:      Live:         -                 0M (0%)            0M (0%)            0M (0%)     
[2026-04-03T03:23:24.829+0600][0.707s][info][gc,heap     ] GC(0) O:   Garbage:         -                 0M (0%)            0M (0%)            0M (0%)     
[2026-04-03T03:23:24.829+0600][0.707s][info][gc,heap     ] GC(0) O: Allocated:         -                 0M (0%)            0M (0%)            0M (0%)     
[2026-04-03T03:23:24.829+0600][0.707s][info][gc,heap     ] GC(0) O: Reclaimed:         -                  -                 0M (0%)            0M (0%)     
[2026-04-03T03:23:24.829+0600][0.707s][info][gc,heap     ] GC(0) O: Compacted:         -                  -                  -                 0M (0%)     
[2026-04-03T03:23:24.829+0600][0.707s][info][gc,phases   ] GC(0) O: Old Generation 18M(1%)->30M(2%) 0.017s
[2026-04-03T03:23:24.829+0600][0.707s][info][gc          ] GC(0) Major Collection (Warmup) 128M(10%)->30M(2%) 0.035s
[2026-04-03T03:23:25.429+0600][1.307s][info][gc          ] GC(1) Major Collection (Warmup)
[2026-04-03T03:23:25.429+0600][1.307s][info][gc,task     ] GC(1) Using 3 Workers for Young Generation
[2026-04-03T03:23:25.429+0600][1.307s][info][gc,task     ] GC(1) Using 1 Workers for Old Generation
[2026-04-03T03:23:25.429+0600][1.307s][info][gc,phases   ] GC(1) Y: Young Generation
[2026-04-03T03:23:25.430+0600][1.308s][info][gc,phases   ] GC(1) Y: Pause Mark Start (Major) 0.018ms
[2026-04-03T03:23:25.438+0600][1.316s][info][gc,phases   ] GC(1) Y: Concurrent Mark 8.524ms
[2026-04-03T03:23:25.439+0600][1.316s][info][gc,phases   ] GC(1) Y: Pause Mark End 0.021ms
[2026-04-03T03:23:25.439+0600][1.316s][info][gc,phases   ] GC(1) Y: Concurrent Mark Free 0.001ms
[2026-04-03T03:23:25.439+0600][1.316s][info][gc,phases   ] GC(1) Y: Concurrent Reset Relocation Set 0.024ms
[2026-04-03T03:23:25.443+0600][1.320s][info][gc,reloc    ] GC(1) Y: Using tenuring threshold: 2 (Computed)
[2026-04-03T03:23:25.444+0600][1.322s][info][gc,phases   ] GC(1) Y: Concurrent Select Relocation Set 5.587ms
[2026-04-03T03:23:25.445+0600][1.322s][info][gc,phases   ] GC(1) Y: Pause Relocate Start 0.016ms
[2026-04-03T03:23:25.450+0600][1.327s][info][gc,phases   ] GC(1) Y: Concurrent Relocate 5.069ms
[2026-04-03T03:23:25.450+0600][1.328s][info][gc,alloc    ] GC(1) Y:                         Mark Start        Mark End      Relocate Start    Relocate End   
[2026-04-03T03:23:25.450+0600][1.328s][info][gc,alloc    ] GC(1) Y: Allocation Stalls:          0                0                0                0         
[2026-04-03T03:23:25.450+0600][1.328s][info][gc,load     ] GC(1) Y: Load: 4.22 (35%) / 4.74 (39%) / 5.28 (44%)
[2026-04-03T03:23:25.450+0600][1.328s][info][gc,mmu      ] GC(1) Y: MMU: 2ms/99.0%, 5ms/99.5%, 10ms/99.6%, 20ms/99.7%, 50ms/99.8%, 100ms/99.9%
[2026-04-03T03:23:25.450+0600][1.328s][info][gc,marking  ] GC(1) Y: Mark: 2 stripe(s), 2 proactive flush(es), 1 terminate flush(es), 0 completion(s), 0 continuation(s) 
[2026-04-03T03:23:25.450+0600][1.328s][info][gc,marking  ] GC(1) Y: Mark Stack Usage: 32M
[2026-04-03T03:23:25.450+0600][1.328s][info][gc,nmethod  ] GC(1) Y: NMethods: 1137 registered, 79 unregistered
[2026-04-03T03:23:25.450+0600][1.328s][info][gc,metaspace] GC(1) Y: Metaspace: 11M used, 11M committed, 1088M reserved
[2026-04-03T03:23:25.450+0600][1.328s][info][gc,reloc    ] GC(1) Y:                        Candidates     Selected     In-Place         Size        Empty    Relocated 
[2026-04-03T03:23:25.450+0600][1.328s][info][gc,reloc    ] GC(1) Y: Small Pages:                  125          122            0         250M           0M           2M 
[2026-04-03T03:23:25.450+0600][1.328s][info][gc,reloc    ] GC(1) Y: Medium Pages:                   0            0            0           0M           0M           0M 
[2026-04-03T03:23:25.450+0600][1.328s][info][gc,reloc    ] GC(1) Y: Large Pages:                    0            0            0           0M           0M           0M 
[2026-04-03T03:23:25.450+0600][1.328s][info][gc,reloc    ] GC(1) Y: Forwarding Usage: 1M
[2026-04-03T03:23:25.450+0600][1.328s][info][gc,reloc    ] GC(1) Y: Age Table:
[2026-04-03T03:23:25.450+0600][1.328s][info][gc,reloc    ] GC(1) Y:                    Live             Garbage             Small              Medium             Large        
[2026-04-03T03:23:25.450+0600][1.328s][info][gc,reloc    ] GC(1) Y: Eden               1M (0%)          236M (19%)        119 / 118            0 / 0              0 / 0        
[2026-04-03T03:23:25.450+0600][1.328s][info][gc,reloc    ] GC(1) Y: Survivor 1         3M (0%)            8M (1%)           6 / 4              0 / 0              0 / 0        
[2026-04-03T03:23:25.450+0600][1.328s][info][gc,heap     ] GC(1) Y: Min Capacity: 8M(1%)
[2026-04-03T03:23:25.450+0600][1.328s][info][gc,heap     ] GC(1) Y: Max Capacity: 1250M(100%)
[2026-04-03T03:23:25.450+0600][1.328s][info][gc,heap     ] GC(1) Y: Soft Max Capacity: 1250M(100%)
[2026-04-03T03:23:25.450+0600][1.328s][info][gc,heap     ] GC(1) Y: Heap Statistics:
[2026-04-03T03:23:25.450+0600][1.328s][info][gc,heap     ] GC(1) Y:                Mark Start          Mark End        Relocate Start      Relocate End           High               Low         
[2026-04-03T03:23:25.450+0600][1.328s][info][gc,heap     ] GC(1) Y:  Capacity:      250M (20%)         254M (20%)         256M (20%)         266M (21%)         266M (21%)         250M (20%)    
[2026-04-03T03:23:25.450+0600][1.328s][info][gc,heap     ] GC(1) Y:      Free:     1000M (80%)         996M (80%)         994M (80%)        1226M (98%)        1226M (98%)         984M (79%)    
[2026-04-03T03:23:25.450+0600][1.328s][info][gc,heap     ] GC(1) Y:      Used:      250M (20%)         254M (20%)         256M (20%)          24M (2%)          266M (21%)          24M (2%)     
[2026-04-03T03:23:25.450+0600][1.328s][info][gc,heap     ] GC(1) Y: Young Generation Statistics:
[2026-04-03T03:23:25.450+0600][1.328s][info][gc,heap     ] GC(1) Y:                Mark Start          Mark End        Relocate Start      Relocate End    
[2026-04-03T03:23:25.450+0600][1.328s][info][gc,heap     ] GC(1) Y:      Used:      250M (20%)         254M (20%)         256M (20%)          24M (2%)     
[2026-04-03T03:23:25.450+0600][1.328s][info][gc,heap     ] GC(1) Y:      Live:         -                 4M (0%)            4M (0%)            4M (0%)     
[2026-04-03T03:23:25.450+0600][1.328s][info][gc,heap     ] GC(1) Y:   Garbage:         -               245M (20%)         245M (20%)           0M (0%)     
[2026-04-03T03:23:25.450+0600][1.328s][info][gc,heap     ] GC(1) Y: Allocated:         -                 4M (0%)            6M (0%)           18M (1%)     
[2026-04-03T03:23:25.450+0600][1.328s][info][gc,heap     ] GC(1) Y: Reclaimed:         -                  -                 0M (0%)          244M (20%)    
[2026-04-03T03:23:25.450+0600][1.328s][info][gc,heap     ] GC(1) Y:  Promoted:         -                  -                 0M (0%)            0M (0%)     
[2026-04-03T03:23:25.450+0600][1.328s][info][gc,heap     ] GC(1) Y: Compacted:         -                  -                  -                 3M (0%)     
[2026-04-03T03:23:25.450+0600][1.328s][info][gc,phases   ] GC(1) Y: Young Generation 250M(20%)->24M(2%) 0.020s
[2026-04-03T03:23:25.450+0600][1.328s][info][gc,phases   ] GC(1) O: Old Generation
[2026-04-03T03:23:25.451+0600][1.329s][info][gc,phases   ] GC(1) O: Concurrent Mark 1.144ms
[2026-04-03T03:23:25.451+0600][1.329s][info][gc,phases   ] GC(1) O: Pause Mark End 0.019ms
[2026-04-03T03:23:25.452+0600][1.329s][info][gc,phases   ] GC(1) O: Concurrent Mark Free 0.001ms
[2026-04-03T03:23:25.455+0600][1.332s][info][gc,phases   ] GC(1) O: Concurrent Process Non-Strong 3.154ms
[2026-04-03T03:23:25.455+0600][1.333s][info][gc,phases   ] GC(1) O: Concurrent Reset Relocation Set 0.001ms
[2026-04-03T03:23:25.459+0600][1.337s][info][gc,phases   ] GC(1) O: Concurrent Select Relocation Set 4.117ms
[2026-04-03T03:23:25.459+0600][1.337s][info][gc,task     ] GC(1) O: Using 3 Workers for Old Generation
[2026-04-03T03:23:25.472+0600][1.350s][info][gc,task     ] GC(1) O: Using 1 Workers for Old Generation
[2026-04-03T03:23:25.472+0600][1.350s][info][gc,phases   ] GC(1) O: Concurrent Remap Roots 13.544ms
[2026-04-03T03:23:25.473+0600][1.350s][info][gc,phases   ] GC(1) O: Pause Relocate Start 0.018ms
[2026-04-03T03:23:25.473+0600][1.351s][info][gc,phases   ] GC(1) O: Concurrent Relocate 0.240ms
[2026-04-03T03:23:25.473+0600][1.351s][info][gc,alloc    ] GC(1) O:                         Mark Start        Mark End      Relocate Start    Relocate End   
[2026-04-03T03:23:25.473+0600][1.351s][info][gc,alloc    ] GC(1) O: Allocation Stalls:          0                0                0                0         
[2026-04-03T03:23:25.473+0600][1.351s][info][gc,load     ] GC(1) O: Load: 4.04 (34%) / 4.69 (39%) / 5.26 (44%)
[2026-04-03T03:23:25.473+0600][1.351s][info][gc,mmu      ] GC(1) O: MMU: 2ms/99.0%, 5ms/99.5%, 10ms/99.6%, 20ms/99.7%, 50ms/99.8%, 100ms/99.9%
[2026-04-03T03:23:25.473+0600][1.351s][info][gc,marking  ] GC(1) O: Mark: 1 stripe(s), 1 proactive flush(es), 1 terminate flush(es), 0 completion(s), 0 continuation(s) 
[2026-04-03T03:23:25.473+0600][1.351s][info][gc,marking  ] GC(1) O: Mark Stack Usage: 0M
[2026-04-03T03:23:25.473+0600][1.351s][info][gc,nmethod  ] GC(1) O: NMethods: 1086 registered, 132 unregistered
[2026-04-03T03:23:25.473+0600][1.351s][info][gc,metaspace] GC(1) O: Metaspace: 11M used, 11M committed, 1088M reserved
[2026-04-03T03:23:25.473+0600][1.351s][info][gc,ref      ] GC(1) O:                       Encountered   Discovered     Enqueued 
[2026-04-03T03:23:25.473+0600][1.351s][info][gc,ref      ] GC(1) O: Soft References:              211            0            0 
[2026-04-03T03:23:25.473+0600][1.351s][info][gc,ref      ] GC(1) O: Weak References:              921            0            0 
[2026-04-03T03:23:25.473+0600][1.351s][info][gc,ref      ] GC(1) O: Final References:               0            0            0 
[2026-04-03T03:23:25.473+0600][1.351s][info][gc,ref      ] GC(1) O: Phantom References:            28            0            0 
[2026-04-03T03:23:25.473+0600][1.351s][info][gc,heap     ] GC(1) O: Min Capacity: 8M(1%)
[2026-04-03T03:23:25.473+0600][1.351s][info][gc,heap     ] GC(1) O: Max Capacity: 1250M(100%)
[2026-04-03T03:23:25.473+0600][1.351s][info][gc,heap     ] GC(1) O: Soft Max Capacity: 1250M(100%)
[2026-04-03T03:23:25.473+0600][1.351s][info][gc,heap     ] GC(1) O: Heap Statistics:
[2026-04-03T03:23:25.473+0600][1.351s][info][gc,heap     ] GC(1) O:                Mark Start          Mark End        Relocate Start      Relocate End           High               Low         
[2026-04-03T03:23:25.473+0600][1.351s][info][gc,heap     ] GC(1) O:  Capacity:      250M (20%)         266M (21%)         266M (21%)         266M (21%)         266M (21%)         250M (20%)    
[2026-04-03T03:23:25.473+0600][1.351s][info][gc,heap     ] GC(1) O:      Free:     1000M (80%)        1226M (98%)        1216M (97%)        1216M (97%)        1226M (98%)         984M (79%)    
[2026-04-03T03:23:25.473+0600][1.351s][info][gc,heap     ] GC(1) O:      Used:      250M (20%)          24M (2%)           34M (3%)           34M (3%)          266M (21%)          24M (2%)     
[2026-04-03T03:23:25.473+0600][1.351s][info][gc,heap     ] GC(1) O: Old Generation Statistics:
[2026-04-03T03:23:25.473+0600][1.351s][info][gc,heap     ] GC(1) O:                Mark Start          Mark End        Relocate Start      Relocate End    
[2026-04-03T03:23:25.473+0600][1.351s][info][gc,heap     ] GC(1) O:      Used:        0M (0%)            0M (0%)            0M (0%)            0M (0%)     
[2026-04-03T03:23:25.473+0600][1.351s][info][gc,heap     ] GC(1) O:      Live:         -                 0M (0%)            0M (0%)            0M (0%)     
[2026-04-03T03:23:25.473+0600][1.351s][info][gc,heap     ] GC(1) O:   Garbage:         -                 0M (0%)            0M (0%)            0M (0%)     
[2026-04-03T03:23:25.473+0600][1.351s][info][gc,heap     ] GC(1) O: Allocated:         -                 0M (0%)            0M (0%)            0M (0%)     
[2026-04-03T03:23:25.473+0600][1.351s][info][gc,heap     ] GC(1) O: Reclaimed:         -                  -                 0M (0%)            0M (0%)     
[2026-04-03T03:23:25.473+0600][1.351s][info][gc,heap     ] GC(1) O: Compacted:         -                  -                  -                 0M (0%)     
[2026-04-03T03:23:25.473+0600][1.351s][info][gc,phases   ] GC(1) O: Old Generation 24M(2%)->34M(3%) 0.023s
[2026-04-03T03:23:25.473+0600][1.351s][info][gc          ] GC(1) Major Collection (Warmup) 250M(20%)->34M(3%) 0.044s
[2026-04-03T03:23:28.241+0600][4.119s][info][gc          ] GC(2) Major Collection (Metadata GC Threshold)
[2026-04-03T03:23:28.241+0600][4.119s][info][gc,task     ] GC(2) Using 1 Workers for Young Generation
[2026-04-03T03:23:28.241+0600][4.119s][info][gc,task     ] GC(2) Using 1 Workers for Old Generation
[2026-04-03T03:23:28.241+0600][4.119s][info][gc,phases   ] GC(2) Y: Young Generation
[2026-04-03T03:23:28.241+0600][4.119s][info][gc,phases   ] GC(2) Y: Pause Mark Start (Major) 0.021ms
[2026-04-03T03:23:28.275+0600][4.152s][info][gc,phases   ] GC(2) Y: Concurrent Mark 33.246ms
[2026-04-03T03:23:28.275+0600][4.153s][info][gc,phases   ] GC(2) Y: Pause Mark End 0.031ms
[2026-04-03T03:23:28.275+0600][4.153s][info][gc,phases   ] GC(2) Y: Concurrent Mark Free 0.001ms
[2026-04-03T03:23:28.275+0600][4.153s][info][gc,phases   ] GC(2) Y: Concurrent Reset Relocation Set 0.010ms
[2026-04-03T03:23:28.279+0600][4.157s][info][gc,reloc    ] GC(2) Y: Using tenuring threshold: 3 (Computed)
[2026-04-03T03:23:28.281+0600][4.159s][info][gc,phases   ] GC(2) Y: Concurrent Select Relocation Set 5.856ms
[2026-04-03T03:23:28.281+0600][4.159s][info][gc,phases   ] GC(2) Y: Pause Relocate Start 0.016ms
[2026-04-03T03:23:28.294+0600][4.171s][info][gc,phases   ] GC(2) Y: Concurrent Relocate 12.482ms
[2026-04-03T03:23:28.294+0600][4.171s][info][gc,alloc    ] GC(2) Y:                         Mark Start        Mark End      Relocate Start    Relocate End   
[2026-04-03T03:23:28.294+0600][4.171s][info][gc,alloc    ] GC(2) Y: Allocation Stalls:          0                0                0                0         
[2026-04-03T03:23:28.294+0600][4.171s][info][gc,load     ] GC(2) Y: Load: 4.04 (34%) / 4.69 (39%) / 5.26 (44%)
[2026-04-03T03:23:28.294+0600][4.171s][info][gc,mmu      ] GC(2) Y: MMU: 2ms/98.4%, 5ms/99.4%, 10ms/99.5%, 20ms/99.7%, 50ms/99.8%, 100ms/99.9%
[2026-04-03T03:23:28.294+0600][4.171s][info][gc,marking  ] GC(2) Y: Mark: 1 stripe(s), 2 proactive flush(es), 1 terminate flush(es), 0 completion(s), 0 continuation(s) 
[2026-04-03T03:23:28.294+0600][4.171s][info][gc,marking  ] GC(2) Y: Mark Stack Usage: 32M
[2026-04-03T03:23:28.294+0600][4.171s][info][gc,nmethod  ] GC(2) Y: NMethods: 1954 registered, 0 unregistered
[2026-04-03T03:23:28.294+0600][4.171s][info][gc,metaspace] GC(2) Y: Metaspace: 21M used, 21M committed, 1088M reserved
[2026-04-03T03:23:28.294+0600][4.171s][info][gc,reloc    ] GC(2) Y:                        Candidates     Selected     In-Place         Size        Empty    Relocated 
[2026-04-03T03:23:28.294+0600][4.171s][info][gc,reloc    ] GC(2) Y: Small Pages:                   77           68            0         154M           0M           8M 
[2026-04-03T03:23:28.294+0600][4.171s][info][gc,reloc    ] GC(2) Y: Medium Pages:                   1            0            0          32M           0M           0M 
[2026-04-03T03:23:28.294+0600][4.172s][info][gc,reloc    ] GC(2) Y: Large Pages:                    0            0            0           0M           0M           0M 
[2026-04-03T03:23:28.294+0600][4.172s][info][gc,reloc    ] GC(2) Y: Forwarding Usage: 2M
[2026-04-03T03:23:28.294+0600][4.172s][info][gc,reloc    ] GC(2) Y: Age Table:
[2026-04-03T03:23:28.294+0600][4.172s][info][gc,reloc    ] GC(2) Y:                    Live             Garbage             Small              Medium             Large        
[2026-04-03T03:23:28.294+0600][4.172s][info][gc,reloc    ] GC(2) Y: Eden              15M (1%)          152M (12%)         68 / 64             1 / 0              0 / 0        
[2026-04-03T03:23:28.294+0600][4.172s][info][gc,reloc    ] GC(2) Y: Survivor 1         1M (0%)            6M (1%)           4 / 2              0 / 0              0 / 0        
[2026-04-03T03:23:28.294+0600][4.172s][info][gc,reloc    ] GC(2) Y: Survivor 2         3M (0%)            6M (1%)           5 / 2              0 / 0              0 / 0        
[2026-04-03T03:23:28.294+0600][4.172s][info][gc,heap     ] GC(2) Y: Min Capacity: 8M(1%)
[2026-04-03T03:23:28.294+0600][4.172s][info][gc,heap     ] GC(2) Y: Max Capacity: 1250M(100%)
[2026-04-03T03:23:28.294+0600][4.172s][info][gc,heap     ] GC(2) Y: Soft Max Capacity: 1250M(100%)
[2026-04-03T03:23:28.294+0600][4.172s][info][gc,heap     ] GC(2) Y: Heap Statistics:
[2026-04-03T03:23:28.294+0600][4.172s][info][gc,heap     ] GC(2) Y:                Mark Start          Mark End        Relocate Start      Relocate End           High               Low         
[2026-04-03T03:23:28.294+0600][4.172s][info][gc,heap     ] GC(2) Y:  Capacity:      298M (24%)         298M (24%)         298M (24%)         298M (24%)         298M (24%)         298M (24%)    
[2026-04-03T03:23:28.294+0600][4.172s][info][gc,heap     ] GC(2) Y:      Free:     1064M (85%)        1060M (85%)        1060M (85%)        1188M (95%)        1188M (95%)        1054M (84%)    
[2026-04-03T03:23:28.294+0600][4.172s][info][gc,heap     ] GC(2) Y:      Used:      186M (15%)         190M (15%)         190M (15%)          62M (5%)          196M (16%)          62M (5%)     
[2026-04-03T03:23:28.294+0600][4.172s][info][gc,heap     ] GC(2) Y: Young Generation Statistics:
[2026-04-03T03:23:28.294+0600][4.172s][info][gc,heap     ] GC(2) Y:                Mark Start          Mark End        Relocate Start      Relocate End    
[2026-04-03T03:23:28.294+0600][4.172s][info][gc,heap     ] GC(2) Y:      Used:      186M (15%)         190M (15%)         190M (15%)          62M (5%)     
[2026-04-03T03:23:28.294+0600][4.172s][info][gc,heap     ] GC(2) Y:      Live:         -                19M (2%)           19M (2%)           19M (2%)     
[2026-04-03T03:23:28.294+0600][4.172s][info][gc,heap     ] GC(2) Y:   Garbage:         -               166M (13%)         166M (13%)          28M (2%)     
[2026-04-03T03:23:28.294+0600][4.172s][info][gc,heap     ] GC(2) Y: Allocated:         -                 4M (0%)            4M (0%)           13M (1%)     
[2026-04-03T03:23:28.294+0600][4.172s][info][gc,heap     ] GC(2) Y: Reclaimed:         -                  -                 0M (0%)          137M (11%)    
[2026-04-03T03:23:28.294+0600][4.172s][info][gc,heap     ] GC(2) Y:  Promoted:         -                  -                 0M (0%)            0M (0%)     
[2026-04-03T03:23:28.294+0600][4.172s][info][gc,heap     ] GC(2) Y: Compacted:         -                  -                  -                12M (1%)     
[2026-04-03T03:23:28.294+0600][4.172s][info][gc,phases   ] GC(2) Y: Young Generation 186M(15%)->62M(5%) 0.053s
[2026-04-03T03:23:28.294+0600][4.172s][info][gc,phases   ] GC(2) O: Old Generation
[2026-04-03T03:23:28.295+0600][4.172s][info][gc,phases   ] GC(2) O: Concurrent Mark 0.538ms
[2026-04-03T03:23:28.295+0600][4.172s][info][gc,phases   ] GC(2) O: Pause Mark End 0.018ms
[2026-04-03T03:23:28.295+0600][4.172s][info][gc,phases   ] GC(2) O: Concurrent Mark Free 0.001ms
[2026-04-03T03:23:28.301+0600][4.179s][info][gc,phases   ] GC(2) O: Concurrent Process Non-Strong 6.348ms
[2026-04-03T03:23:28.301+0600][4.179s][info][gc,phases   ] GC(2) O: Concurrent Reset Relocation Set 0.001ms
[2026-04-03T03:23:28.305+0600][4.183s][info][gc,phases   ] GC(2) O: Concurrent Select Relocation Set 4.131ms
[2026-04-03T03:23:28.305+0600][4.183s][info][gc,task     ] GC(2) O: Using 2 Workers for Old Generation
[2026-04-03T03:23:28.325+0600][4.202s][info][gc,task     ] GC(2) O: Using 1 Workers for Old Generation
[2026-04-03T03:23:28.325+0600][4.203s][info][gc,phases   ] GC(2) O: Concurrent Remap Roots 19.414ms
[2026-04-03T03:23:28.325+0600][4.203s][info][gc,phases   ] GC(2) O: Pause Relocate Start 0.018ms
[2026-04-03T03:23:28.325+0600][4.203s][info][gc,phases   ] GC(2) O: Concurrent Relocate 0.329ms
[2026-04-03T03:23:28.325+0600][4.203s][info][gc,alloc    ] GC(2) O:                         Mark Start        Mark End      Relocate Start    Relocate End   
[2026-04-03T03:23:28.325+0600][4.203s][info][gc,alloc    ] GC(2) O: Allocation Stalls:          0                0                0                0         
[2026-04-03T03:23:28.325+0600][4.203s][info][gc,load     ] GC(2) O: Load: 4.04 (34%) / 4.69 (39%) / 5.26 (44%)
[2026-04-03T03:23:28.325+0600][4.203s][info][gc,mmu      ] GC(2) O: MMU: 2ms/98.4%, 5ms/99.4%, 10ms/99.5%, 20ms/99.7%, 50ms/99.8%, 100ms/99.9%
[2026-04-03T03:23:28.325+0600][4.203s][info][gc,marking  ] GC(2) O: Mark: 1 stripe(s), 1 proactive flush(es), 1 terminate flush(es), 0 completion(s), 0 continuation(s) 
[2026-04-03T03:23:28.326+0600][4.203s][info][gc,marking  ] GC(2) O: Mark Stack Usage: 0M
[2026-04-03T03:23:28.326+0600][4.203s][info][gc,nmethod  ] GC(2) O: NMethods: 1865 registered, 137 unregistered
[2026-04-03T03:23:28.326+0600][4.203s][info][gc,metaspace] GC(2) O: Metaspace: 21M used, 22M committed, 1088M reserved
[2026-04-03T03:23:28.326+0600][4.203s][info][gc,ref      ] GC(2) O:                       Encountered   Discovered     Enqueued 
[2026-04-03T03:23:28.326+0600][4.203s][info][gc,ref      ] GC(2) O: Soft References:             3545            0            0 
[2026-04-03T03:23:28.326+0600][4.203s][info][gc,ref      ] GC(2) O: Weak References:             1509            0            0 
[2026-04-03T03:23:28.326+0600][4.203s][info][gc,ref      ] GC(2) O: Final References:               0            0            0 
[2026-04-03T03:23:28.326+0600][4.203s][info][gc,ref      ] GC(2) O: Phantom References:           563            0            0 
[2026-04-03T03:23:28.326+0600][4.203s][info][gc,heap     ] GC(2) O: Min Capacity: 8M(1%)
[2026-04-03T03:23:28.326+0600][4.203s][info][gc,heap     ] GC(2) O: Max Capacity: 1250M(100%)
[2026-04-03T03:23:28.326+0600][4.203s][info][gc,heap     ] GC(2) O: Soft Max Capacity: 1250M(100%)
[2026-04-03T03:23:28.326+0600][4.203s][info][gc,heap     ] GC(2) O: Heap Statistics:
[2026-04-03T03:23:28.326+0600][4.203s][info][gc,heap     ] GC(2) O:                Mark Start          Mark End        Relocate Start      Relocate End           High               Low         
[2026-04-03T03:23:28.326+0600][4.203s][info][gc,heap     ] GC(2) O:  Capacity:      298M (24%)         298M (24%)         298M (24%)         298M (24%)         298M (24%)         298M (24%)    
[2026-04-03T03:23:28.326+0600][4.203s][info][gc,heap     ] GC(2) O:      Free:     1064M (85%)        1188M (95%)        1186M (95%)        1186M (95%)        1188M (95%)        1054M (84%)    
[2026-04-03T03:23:28.326+0600][4.203s][info][gc,heap     ] GC(2) O:      Used:      186M (15%)          62M (5%)           64M (5%)           64M (5%)          196M (16%)          62M (5%)     
[2026-04-03T03:23:28.326+0600][4.203s][info][gc,heap     ] GC(2) O: Old Generation Statistics:
[2026-04-03T03:23:28.326+0600][4.203s][info][gc,heap     ] GC(2) O:                Mark Start          Mark End        Relocate Start      Relocate End    
[2026-04-03T03:23:28.326+0600][4.203s][info][gc,heap     ] GC(2) O:      Used:        0M (0%)            0M (0%)            0M (0%)            0M (0%)     
[2026-04-03T03:23:28.326+0600][4.203s][info][gc,heap     ] GC(2) O:      Live:         -                 0M (0%)            0M (0%)            0M (0%)     
[2026-04-03T03:23:28.326+0600][4.203s][info][gc,heap     ] GC(2) O:   Garbage:         -                 0M (0%)            0M (0%)            0M (0%)     
[2026-04-03T03:23:28.326+0600][4.203s][info][gc,heap     ] GC(2) O: Allocated:         -                 0M (0%)            0M (0%)            0M (0%)     
[2026-04-03T03:23:28.326+0600][4.204s][info][gc,heap     ] GC(2) O: Reclaimed:         -                  -                 0M (0%)            0M (0%)     
[2026-04-03T03:23:28.326+0600][4.204s][info][gc,heap     ] GC(2) O: Compacted:         -                  -                  -                 0M (0%)     
[2026-04-03T03:23:28.326+0600][4.204s][info][gc,phases   ] GC(2) O: Old Generation 62M(5%)->64M(5%) 0.031s
[2026-04-03T03:23:28.326+0600][4.204s][info][gc          ] GC(2) Major Collection (Metadata GC Threshold) 186M(15%)->64M(5%) 0.085s
[2026-04-03T03:23:31.587+0600][7.465s][info][gc          ] GC(3) Major Collection (Metadata GC Threshold)
[2026-04-03T03:23:31.587+0600][7.465s][info][gc,task     ] GC(3) Using 1 Workers for Young Generation
[2026-04-03T03:23:31.587+0600][7.465s][info][gc,task     ] GC(3) Using 1 Workers for Old Generation
[2026-04-03T03:23:31.587+0600][7.465s][info][gc,phases   ] GC(3) Y: Young Generation
[2026-04-03T03:23:31.588+0600][7.465s][info][gc,phases   ] GC(3) Y: Pause Mark Start (Major) 0.019ms
[2026-04-03T03:23:31.643+0600][7.520s][info][gc,phases   ] GC(3) Y: Concurrent Mark 54.604ms
[2026-04-03T03:23:31.644+0600][7.521s][info][gc,phases   ] GC(3) Y: Pause Mark End 0.017ms
[2026-04-03T03:23:31.644+0600][7.521s][info][gc,phases   ] GC(3) Y: Concurrent Mark Free 0.001ms
[2026-04-03T03:23:31.644+0600][7.521s][info][gc,phases   ] GC(3) Y: Concurrent Reset Relocation Set 0.009ms
[2026-04-03T03:23:31.646+0600][7.524s][info][gc,reloc    ] GC(3) Y: Using tenuring threshold: 3 (Computed)
[2026-04-03T03:23:31.652+0600][7.530s][info][gc,phases   ] GC(3) Y: Concurrent Select Relocation Set 8.546ms
[2026-04-03T03:23:31.653+0600][7.530s][info][gc,phases   ] GC(3) Y: Pause Relocate Start 0.015ms
[2026-04-03T03:23:31.677+0600][7.555s][info][gc,phases   ] GC(3) Y: Concurrent Relocate 24.462ms
[2026-04-03T03:23:31.677+0600][7.555s][info][gc,alloc    ] GC(3) Y:                         Mark Start        Mark End      Relocate Start    Relocate End   
[2026-04-03T03:23:31.677+0600][7.555s][info][gc,alloc    ] GC(3) Y: Allocation Stalls:          0                0                0                0         
[2026-04-03T03:23:31.677+0600][7.555s][info][gc,load     ] GC(3) Y: Load: 3.80 (32%) / 4.63 (39%) / 5.24 (44%)
[2026-04-03T03:23:31.677+0600][7.555s][info][gc,mmu      ] GC(3) Y: MMU: 2ms/98.4%, 5ms/99.4%, 10ms/99.5%, 20ms/99.7%, 50ms/99.8%, 100ms/99.9%
[2026-04-03T03:23:31.677+0600][7.555s][info][gc,marking  ] GC(3) Y: Mark: 1 stripe(s), 2 proactive flush(es), 1 terminate flush(es), 0 completion(s), 0 continuation(s) 
[2026-04-03T03:23:31.677+0600][7.555s][info][gc,marking  ] GC(3) Y: Mark Stack Usage: 32M
[2026-04-03T03:23:31.677+0600][7.555s][info][gc,nmethod  ] GC(3) Y: NMethods: 2727 registered, 137 unregistered
[2026-04-03T03:23:31.677+0600][7.555s][info][gc,metaspace] GC(3) Y: Metaspace: 37M used, 38M committed, 1088M reserved
[2026-04-03T03:23:31.677+0600][7.555s][info][gc,reloc    ] GC(3) Y:                        Candidates     Selected     In-Place         Size        Empty    Relocated 
[2026-04-03T03:23:31.677+0600][7.555s][info][gc,reloc    ] GC(3) Y: Small Pages:                   95           84            0         190M           0M           7M 
[2026-04-03T03:23:31.677+0600][7.555s][info][gc,reloc    ] GC(3) Y: Medium Pages:                   2            0            0          64M          32M           0M 
[2026-04-03T03:23:31.677+0600][7.555s][info][gc,reloc    ] GC(3) Y: Large Pages:                    0            0            0           0M           0M           0M 
[2026-04-03T03:23:31.677+0600][7.555s][info][gc,reloc    ] GC(3) Y: Forwarding Usage: 3M
[2026-04-03T03:23:31.677+0600][7.555s][info][gc,reloc    ] GC(3) Y: Age Table:
[2026-04-03T03:23:31.677+0600][7.555s][info][gc,reloc    ] GC(3) Y:                    Live             Garbage             Small              Medium             Large        
[2026-04-03T03:23:31.677+0600][7.555s][info][gc,reloc    ] GC(3) Y: Eden               5M (0%)          190M (15%)         82 / 79             1 / 0              0 / 0        
[2026-04-03T03:23:31.677+0600][7.555s][info][gc,reloc    ] GC(3) Y: Survivor 1        15M (1%)           28M (2%)           6 / 1              1 / 0              0 / 0        
[2026-04-03T03:23:31.677+0600][7.555s][info][gc,reloc    ] GC(3) Y: Survivor 2         1M (0%)            2M (0%)           2 / 1              0 / 0              0 / 0        
[2026-04-03T03:23:31.677+0600][7.555s][info][gc,reloc    ] GC(3) Y: Survivor 3         3M (0%)            6M (1%)           5 / 3              0 / 0              0 / 0        
[2026-04-03T03:23:31.677+0600][7.555s][info][gc,heap     ] GC(3) Y: Min Capacity: 8M(1%)
[2026-04-03T03:23:31.677+0600][7.555s][info][gc,heap     ] GC(3) Y: Max Capacity: 1250M(100%)
[2026-04-03T03:23:31.677+0600][7.555s][info][gc,heap     ] GC(3) Y: Soft Max Capacity: 1250M(100%)
[2026-04-03T03:23:31.677+0600][7.555s][info][gc,heap     ] GC(3) Y: Heap Statistics:
[2026-04-03T03:23:31.677+0600][7.555s][info][gc,heap     ] GC(3) Y:                Mark Start          Mark End        Relocate Start      Relocate End           High               Low         
[2026-04-03T03:23:31.677+0600][7.555s][info][gc,heap     ] GC(3) Y:  Capacity:      330M (26%)         330M (26%)         330M (26%)         330M (26%)         330M (26%)         330M (26%)    
[2026-04-03T03:23:31.677+0600][7.555s][info][gc,heap     ] GC(3) Y:      Free:      996M (80%)         982M (79%)        1014M (81%)        1166M (93%)        1166M (93%)         982M (79%)    
[2026-04-03T03:23:31.677+0600][7.555s][info][gc,heap     ] GC(3) Y:      Used:      254M (20%)         268M (21%)         236M (19%)          84M (7%)          268M (21%)          84M (7%)     
[2026-04-03T03:23:31.677+0600][7.555s][info][gc,heap     ] GC(3) Y: Young Generation Statistics:
[2026-04-03T03:23:31.677+0600][7.555s][info][gc,heap     ] GC(3) Y:                Mark Start          Mark End        Relocate Start      Relocate End    
[2026-04-03T03:23:31.677+0600][7.555s][info][gc,heap     ] GC(3) Y:      Used:      254M (20%)         268M (21%)         236M (19%)          74M (6%)     
[2026-04-03T03:23:31.677+0600][7.555s][info][gc,heap     ] GC(3) Y:      Live:         -                25M (2%)           25M (2%)           21M (2%)     
[2026-04-03T03:23:31.677+0600][7.555s][info][gc,heap     ] GC(3) Y:   Garbage:         -               228M (18%)         196M (16%)          26M (2%)     
[2026-04-03T03:23:31.677+0600][7.555s][info][gc,heap     ] GC(3) Y: Allocated:         -                14M (1%)           14M (1%)           25M (2%)     
[2026-04-03T03:23:31.677+0600][7.555s][info][gc,heap     ] GC(3) Y: Reclaimed:         -                  -                32M (3%)          201M (16%)    
[2026-04-03T03:23:31.677+0600][7.555s][info][gc,heap     ] GC(3) Y:  Promoted:         -                  -                 0M (0%)            3M (0%)     
[2026-04-03T03:23:31.677+0600][7.555s][info][gc,heap     ] GC(3) Y: Compacted:         -                  -                  -                 8M (1%)     
[2026-04-03T03:23:31.677+0600][7.555s][info][gc,phases   ] GC(3) Y: Young Generation 254M(20%)->84M(7%) 0.090s
[2026-04-03T03:23:31.677+0600][7.555s][info][gc,phases   ] GC(3) O: Old Generation
[2026-04-03T03:23:31.679+0600][7.557s][info][gc,phases   ] GC(3) O: Concurrent Mark 1.437ms
[2026-04-03T03:23:31.679+0600][7.557s][info][gc,phases   ] GC(3) O: Pause Mark End 0.020ms
[2026-04-03T03:23:31.679+0600][7.557s][info][gc,phases   ] GC(3) O: Concurrent Mark Free 0.001ms
[2026-04-03T03:23:31.689+0600][7.567s][info][gc,phases   ] GC(3) O: Concurrent Process Non-Strong 10.075ms
[2026-04-03T03:23:31.689+0600][7.567s][info][gc,phases   ] GC(3) O: Concurrent Reset Relocation Set 0.001ms
[2026-04-03T03:23:31.694+0600][7.571s][info][gc,phases   ] GC(3) O: Concurrent Select Relocation Set 4.203ms
[2026-04-03T03:23:31.694+0600][7.571s][info][gc,task     ] GC(3) O: Using 2 Workers for Old Generation
[2026-04-03T03:23:31.715+0600][7.593s][info][gc,task     ] GC(3) O: Using 1 Workers for Old Generation
[2026-04-03T03:23:31.715+0600][7.593s][info][gc,phases   ] GC(3) O: Concurrent Remap Roots 21.478ms
[2026-04-03T03:23:31.715+0600][7.593s][info][gc,phases   ] GC(3) O: Pause Relocate Start 0.018ms
[2026-04-03T03:23:31.716+0600][7.593s][info][gc,phases   ] GC(3) O: Concurrent Relocate 0.178ms
[2026-04-03T03:23:31.716+0600][7.593s][info][gc,alloc    ] GC(3) O:                         Mark Start        Mark End      Relocate Start    Relocate End   
[2026-04-03T03:23:31.716+0600][7.593s][info][gc,alloc    ] GC(3) O: Allocation Stalls:          0                0                0                0         
[2026-04-03T03:23:31.716+0600][7.593s][info][gc,load     ] GC(3) O: Load: 3.80 (32%) / 4.63 (39%) / 5.24 (44%)
[2026-04-03T03:23:31.716+0600][7.593s][info][gc,mmu      ] GC(3) O: MMU: 2ms/98.4%, 5ms/99.4%, 10ms/99.5%, 20ms/99.7%, 50ms/99.8%, 100ms/99.9%
[2026-04-03T03:23:31.716+0600][7.593s][info][gc,marking  ] GC(3) O: Mark: 1 stripe(s), 1 proactive flush(es), 1 terminate flush(es), 0 completion(s), 0 continuation(s) 
[2026-04-03T03:23:31.716+0600][7.593s][info][gc,marking  ] GC(3) O: Mark Stack Usage: 0M
[2026-04-03T03:23:31.716+0600][7.593s][info][gc,nmethod  ] GC(3) O: NMethods: 2548 registered, 319 unregistered
[2026-04-03T03:23:31.716+0600][7.593s][info][gc,metaspace] GC(3) O: Metaspace: 37M used, 38M committed, 1088M reserved
[2026-04-03T03:23:31.716+0600][7.593s][info][gc,ref      ] GC(3) O:                       Encountered   Discovered     Enqueued 
[2026-04-03T03:23:31.716+0600][7.593s][info][gc,ref      ] GC(3) O: Soft References:             3877            0            0 
[2026-04-03T03:23:31.716+0600][7.593s][info][gc,ref      ] GC(3) O: Weak References:             3068            0            0 
[2026-04-03T03:23:31.716+0600][7.593s][info][gc,ref      ] GC(3) O: Final References:              80            0            0 
[2026-04-03T03:23:31.716+0600][7.593s][info][gc,ref      ] GC(3) O: Phantom References:           570            0            0 
[2026-04-03T03:23:31.716+0600][7.594s][info][gc,heap     ] GC(3) O: Min Capacity: 8M(1%)
[2026-04-03T03:23:31.716+0600][7.594s][info][gc,heap     ] GC(3) O: Max Capacity: 1250M(100%)
[2026-04-03T03:23:31.716+0600][7.594s][info][gc,heap     ] GC(3) O: Soft Max Capacity: 1250M(100%)
[2026-04-03T03:23:31.716+0600][7.594s][info][gc,heap     ] GC(3) O: Heap Statistics:
[2026-04-03T03:23:31.716+0600][7.594s][info][gc,heap     ] GC(3) O:                Mark Start          Mark End        Relocate Start      Relocate End           High               Low         
[2026-04-03T03:23:31.716+0600][7.594s][info][gc,heap     ] GC(3) O:  Capacity:      330M (26%)         330M (26%)         330M (26%)         330M (26%)         330M (26%)         330M (26%)    
[2026-04-03T03:23:31.716+0600][7.594s][info][gc,heap     ] GC(3) O:      Free:      996M (80%)        1166M (93%)        1166M (93%)        1166M (93%)        1166M (93%)         982M (79%)    
[2026-04-03T03:23:31.716+0600][7.594s][info][gc,heap     ] GC(3) O:      Used:      254M (20%)          84M (7%)           84M (7%)           84M (7%)          268M (21%)          84M (7%)     
[2026-04-03T03:23:31.716+0600][7.594s][info][gc,heap     ] GC(3) O: Old Generation Statistics:
[2026-04-03T03:23:31.716+0600][7.594s][info][gc,heap     ] GC(3) O:                Mark Start          Mark End        Relocate Start      Relocate End    
[2026-04-03T03:23:31.716+0600][7.594s][info][gc,heap     ] GC(3) O:      Used:        0M (0%)           10M (1%)           10M (1%)           10M (1%)     
[2026-04-03T03:23:31.716+0600][7.594s][info][gc,heap     ] GC(3) O:      Live:         -                 0M (0%)            0M (0%)            0M (0%)     
[2026-04-03T03:23:31.716+0600][7.594s][info][gc,heap     ] GC(3) O:   Garbage:         -                 0M (0%)            0M (0%)            0M (0%)     
[2026-04-03T03:23:31.716+0600][7.594s][info][gc,heap     ] GC(3) O: Allocated:         -                10M (1%)           10M (1%)           10M (1%)     
[2026-04-03T03:23:31.716+0600][7.594s][info][gc,heap     ] GC(3) O: Reclaimed:         -                  -                 0M (0%)            0M (0%)     
[2026-04-03T03:23:31.716+0600][7.594s][info][gc,heap     ] GC(3) O: Compacted:         -                  -                  -                 0M (0%)     
[2026-04-03T03:23:31.716+0600][7.594s][info][gc,phases   ] GC(3) O: Old Generation 84M(7%)->84M(7%) 0.038s
[2026-04-03T03:23:31.716+0600][7.594s][info][gc          ] GC(3) Major Collection (Metadata GC Threshold) 254M(20%)->84M(7%) 0.129s
[2026-04-03T03:23:33.371+0600][9.249s][info][gc          ] GC(4) Major Collection (Warmup)
[2026-04-03T03:23:33.371+0600][9.249s][info][gc,task     ] GC(4) Using 3 Workers for Young Generation
[2026-04-03T03:23:33.371+0600][9.249s][info][gc,task     ] GC(4) Using 1 Workers for Old Generation
[2026-04-03T03:23:33.371+0600][9.249s][info][gc,phases   ] GC(4) Y: Young Generation
[2026-04-03T03:23:33.371+0600][9.249s][info][gc,phases   ] GC(4) Y: Pause Mark Start (Major) 0.028ms
[2026-04-03T03:23:33.611+0600][9.489s][info][gc,phases   ] GC(4) Y: Concurrent Mark 240.137ms
[2026-04-03T03:23:33.612+0600][9.490s][info][gc,phases   ] GC(4) Y: Pause Mark End 0.032ms
[2026-04-03T03:23:33.612+0600][9.490s][info][gc,phases   ] GC(4) Y: Concurrent Mark Free 0.001ms
[2026-04-03T03:23:33.612+0600][9.490s][info][gc,phases   ] GC(4) Y: Concurrent Reset Relocation Set 0.011ms
[2026-04-03T03:23:33.616+0600][9.494s][info][gc,reloc    ] GC(4) Y: Using tenuring threshold: 1 (Computed)
[2026-04-03T03:23:33.622+0600][9.500s][info][gc,phases   ] GC(4) Y: Concurrent Select Relocation Set 10.208ms
[2026-04-03T03:23:33.622+0600][9.500s][info][gc,phases   ] GC(4) Y: Pause Relocate Start 0.024ms
[2026-04-03T03:23:33.659+0600][9.537s][info][gc,phases   ] GC(4) Y: Concurrent Relocate 36.359ms
[2026-04-03T03:23:33.659+0600][9.537s][info][gc,alloc    ] GC(4) Y:                         Mark Start        Mark End      Relocate Start    Relocate End   
[2026-04-03T03:23:33.659+0600][9.537s][info][gc,alloc    ] GC(4) Y: Allocation Stalls:          0                0                0                0         
[2026-04-03T03:23:33.659+0600][9.537s][info][gc,load     ] GC(4) Y: Load: 3.80 (32%) / 4.63 (39%) / 5.24 (44%)
[2026-04-03T03:23:33.659+0600][9.537s][info][gc,mmu      ] GC(4) Y: MMU: 2ms/98.4%, 5ms/99.4%, 10ms/99.5%, 20ms/99.7%, 50ms/99.8%, 100ms/99.9%
[2026-04-03T03:23:33.659+0600][9.537s][info][gc,marking  ] GC(4) Y: Mark: 2 stripe(s), 10 proactive flush(es), 1 terminate flush(es), 0 completion(s), 0 continuation(s) 
[2026-04-03T03:23:33.659+0600][9.537s][info][gc,marking  ] GC(4) Y: Mark Stack Usage: 32M
[2026-04-03T03:23:33.659+0600][9.537s][info][gc,nmethod  ] GC(4) Y: NMethods: 3131 registered, 0 unregistered
[2026-04-03T03:23:33.659+0600][9.537s][info][gc,metaspace] GC(4) Y: Metaspace: 48M used, 48M committed, 1088M reserved
[2026-04-03T03:23:33.659+0600][9.537s][info][gc,reloc    ] GC(4) Y:                        Candidates     Selected     In-Place         Size        Empty    Relocated 
[2026-04-03T03:23:33.659+0600][9.537s][info][gc,reloc    ] GC(4) Y: Small Pages:                  151           62            0         302M           0M           6M 
[2026-04-03T03:23:33.659+0600][9.537s][info][gc,reloc    ] GC(4) Y: Medium Pages:                   2            1            0          64M           0M           5M 
[2026-04-03T03:23:33.659+0600][9.537s][info][gc,reloc    ] GC(4) Y: Large Pages:                    0            0            0           0M           0M           0M 
[2026-04-03T03:23:33.659+0600][9.537s][info][gc,reloc    ] GC(4) Y: Forwarding Usage: 2M
[2026-04-03T03:23:33.659+0600][9.537s][info][gc,reloc    ] GC(4) Y: Age Table:
[2026-04-03T03:23:33.659+0600][9.537s][info][gc,reloc    ] GC(4) Y:                    Live             Garbage             Small              Medium             Large        
[2026-04-03T03:23:33.659+0600][9.537s][info][gc,reloc    ] GC(4) Y: Eden             157M (13%)         150M (12%)        138 / 58             1 / 0              0 / 0        
[2026-04-03T03:23:33.659+0600][9.537s][info][gc,reloc    ] GC(4) Y: Survivor 1         5M (0%)            2M (0%)           4 / 1              0 / 0              0 / 0        
[2026-04-03T03:23:33.659+0600][9.537s][info][gc,reloc    ] GC(4) Y: Survivor 2        14M (1%)           31M (2%)           7 / 1              1 / 1              0 / 0        
[2026-04-03T03:23:33.659+0600][9.537s][info][gc,reloc    ] GC(4) Y: Survivor 3         1M (0%)            2M (0%)           2 / 2              0 / 0              0 / 0        
[2026-04-03T03:23:33.659+0600][9.537s][info][gc,heap     ] GC(4) Y: Min Capacity: 8M(1%)
[2026-04-03T03:23:33.659+0600][9.537s][info][gc,heap     ] GC(4) Y: Max Capacity: 1250M(100%)
[2026-04-03T03:23:33.659+0600][9.537s][info][gc,heap     ] GC(4) Y: Soft Max Capacity: 1250M(100%)
[2026-04-03T03:23:33.659+0600][9.537s][info][gc,heap     ] GC(4) Y: Heap Statistics:
[2026-04-03T03:23:33.659+0600][9.537s][info][gc,heap     ] GC(4) Y:                Mark Start          Mark End        Relocate Start      Relocate End           High               Low         
[2026-04-03T03:23:33.659+0600][9.537s][info][gc,heap     ] GC(4) Y:  Capacity:      376M (30%)         468M (37%)         472M (38%)         542M (43%)         542M (43%)         376M (30%)    
[2026-04-03T03:23:33.659+0600][9.537s][info][gc,heap     ] GC(4) Y:      Free:      874M (70%)         782M (63%)         778M (62%)         884M (71%)         888M (71%)         708M (57%)    
[2026-04-03T03:23:33.659+0600][9.537s][info][gc,heap     ] GC(4) Y:      Used:      376M (30%)         468M (37%)         472M (38%)         366M (29%)         542M (43%)         362M (29%)    
[2026-04-03T03:23:33.659+0600][9.537s][info][gc,heap     ] GC(4) Y: Young Generation Statistics:
[2026-04-03T03:23:33.659+0600][9.537s][info][gc,heap     ] GC(4) Y:                Mark Start          Mark End        Relocate Start      Relocate End    
[2026-04-03T03:23:33.659+0600][9.537s][info][gc,heap     ] GC(4) Y:      Used:      366M (29%)         458M (37%)         448M (36%)         302M (24%)    
[2026-04-03T03:23:33.659+0600][9.537s][info][gc,heap     ] GC(4) Y:      Live:         -               179M (14%)         166M (13%)         157M (13%)    
[2026-04-03T03:23:33.659+0600][9.537s][info][gc,heap     ] GC(4) Y:   Garbage:         -               186M (15%)         185M (15%)           2M (0%)     
[2026-04-03T03:23:33.659+0600][9.537s][info][gc,heap     ] GC(4) Y: Allocated:         -                92M (7%)           96M (8%)          141M (11%)    
[2026-04-03T03:23:33.659+0600][9.537s][info][gc,heap     ] GC(4) Y: Reclaimed:         -                  -                 0M (0%)          184M (15%)    
[2026-04-03T03:23:33.659+0600][9.537s][info][gc,heap     ] GC(4) Y:  Promoted:         -                  -                13M (1%)           21M (2%)     
[2026-04-03T03:23:33.659+0600][9.537s][info][gc,heap     ] GC(4) Y: Compacted:         -                  -                  -                 6M (0%)     
[2026-04-03T03:23:33.659+0600][9.537s][info][gc,phases   ] GC(4) Y: Young Generation 376M(30%)->366M(29%) 0.288s
[2026-04-03T03:23:33.659+0600][9.537s][info][gc,phases   ] GC(4) O: Old Generation
[2026-04-03T03:23:33.670+0600][9.547s][info][gc,phases   ] GC(4) O: Concurrent Mark 10.262ms
[2026-04-03T03:23:33.670+0600][9.547s][info][gc,phases   ] GC(4) O: Pause Mark End 0.022ms
[2026-04-03T03:23:33.670+0600][9.547s][info][gc,phases   ] GC(4) O: Concurrent Mark Free 0.001ms
[2026-04-03T03:23:33.679+0600][9.556s][info][gc,phases   ] GC(4) O: Concurrent Process Non-Strong 8.829ms
[2026-04-03T03:23:33.679+0600][9.556s][info][gc,phases   ] GC(4) O: Concurrent Reset Relocation Set 0.001ms
[2026-04-03T03:23:33.683+0600][9.561s][info][gc,phases   ] GC(4) O: Concurrent Select Relocation Set 4.221ms
[2026-04-03T03:23:33.683+0600][9.561s][info][gc,task     ] GC(4) O: Using 3 Workers for Old Generation
[2026-04-03T03:23:33.700+0600][9.577s][info][gc,task     ] GC(4) O: Using 1 Workers for Old Generation
[2026-04-03T03:23:33.700+0600][9.577s][info][gc,phases   ] GC(4) O: Concurrent Remap Roots 16.804ms
[2026-04-03T03:23:33.700+0600][9.578s][info][gc,phases   ] GC(4) O: Pause Relocate Start 0.024ms
[2026-04-03T03:23:33.704+0600][9.582s][info][gc,phases   ] GC(4) O: Concurrent Relocate 3.571ms
[2026-04-03T03:23:33.704+0600][9.582s][info][gc,alloc    ] GC(4) O:                         Mark Start        Mark End      Relocate Start    Relocate End   
[2026-04-03T03:23:33.704+0600][9.582s][info][gc,alloc    ] GC(4) O: Allocation Stalls:          0                0                0                0         
[2026-04-03T03:23:33.704+0600][9.582s][info][gc,load     ] GC(4) O: Load: 3.80 (32%) / 4.63 (39%) / 5.24 (44%)
[2026-04-03T03:23:33.704+0600][9.582s][info][gc,mmu      ] GC(4) O: MMU: 2ms/98.4%, 5ms/99.4%, 10ms/99.5%, 20ms/99.7%, 50ms/99.8%, 100ms/99.9%
[2026-04-03T03:23:33.704+0600][9.582s][info][gc,marking  ] GC(4) O: Mark: 1 stripe(s), 2 proactive flush(es), 1 terminate flush(es), 0 completion(s), 0 continuation(s) 
[2026-04-03T03:23:33.704+0600][9.582s][info][gc,marking  ] GC(4) O: Mark Stack Usage: 32M
[2026-04-03T03:23:33.704+0600][9.582s][info][gc,nmethod  ] GC(4) O: NMethods: 3008 registered, 123 unregistered
[2026-04-03T03:23:33.704+0600][9.582s][info][gc,metaspace] GC(4) O: Metaspace: 48M used, 48M committed, 1088M reserved
[2026-04-03T03:23:33.704+0600][9.582s][info][gc,ref      ] GC(4) O:                       Encountered   Discovered     Enqueued 
[2026-04-03T03:23:33.704+0600][9.582s][info][gc,ref      ] GC(4) O: Soft References:             3983            0            0 
[2026-04-03T03:23:33.704+0600][9.582s][info][gc,ref      ] GC(4) O: Weak References:             4158          246           95 
[2026-04-03T03:23:33.704+0600][9.582s][info][gc,ref      ] GC(4) O: Final References:              82            0            0 
[2026-04-03T03:23:33.704+0600][9.582s][info][gc,ref      ] GC(4) O: Phantom References:           587           10            0 
[2026-04-03T03:23:33.704+0600][9.582s][info][gc,reloc    ] GC(4) O:                        Candidates     Selected     In-Place         Size        Empty    Relocated 
[2026-04-03T03:23:33.704+0600][9.582s][info][gc,reloc    ] GC(4) O: Small Pages:                    5            3            0          10M           0M           1M 
[2026-04-03T03:23:33.704+0600][9.582s][info][gc,reloc    ] GC(4) O: Medium Pages:                   0            0            0           0M           0M           0M 
[2026-04-03T03:23:33.704+0600][9.582s][info][gc,reloc    ] GC(4) O: Large Pages:                    0            0            0           0M           0M           0M 
[2026-04-03T03:23:33.704+0600][9.582s][info][gc,reloc    ] GC(4) O: Forwarding Usage: 0M
[2026-04-03T03:23:33.704+0600][9.582s][info][gc,heap     ] GC(4) O: Min Capacity: 8M(1%)
[2026-04-03T03:23:33.704+0600][9.582s][info][gc,heap     ] GC(4) O: Max Capacity: 1250M(100%)
[2026-04-03T03:23:33.704+0600][9.582s][info][gc,heap     ] GC(4) O: Soft Max Capacity: 1250M(100%)
[2026-04-03T03:23:33.704+0600][9.582s][info][gc,heap     ] GC(4) O: Heap Statistics:
[2026-04-03T03:23:33.704+0600][9.582s][info][gc,heap     ] GC(4) O:                Mark Start          Mark End        Relocate Start      Relocate End           High               Low         
[2026-04-03T03:23:33.704+0600][9.582s][info][gc,heap     ] GC(4) O:  Capacity:      376M (30%)         542M (43%)         542M (43%)         542M (43%)         542M (43%)         376M (30%)    
[2026-04-03T03:23:33.704+0600][9.582s][info][gc,heap     ] GC(4) O:      Free:      874M (70%)         876M (70%)         858M (69%)         862M (69%)         888M (71%)         708M (57%)    
[2026-04-03T03:23:33.704+0600][9.582s][info][gc,heap     ] GC(4) O:      Used:      376M (30%)         374M (30%)         392M (31%)         388M (31%)         542M (43%)         362M (29%)    
[2026-04-03T03:23:33.704+0600][9.582s][info][gc,heap     ] GC(4) O: Old Generation Statistics:
[2026-04-03T03:23:33.704+0600][9.582s][info][gc,heap     ] GC(4) O:                Mark Start          Mark End        Relocate Start      Relocate End    
[2026-04-03T03:23:33.704+0600][9.582s][info][gc,heap     ] GC(4) O:      Used:       10M (1%)           64M (5%)           64M (5%)           58M (5%)     
[2026-04-03T03:23:33.704+0600][9.582s][info][gc,heap     ] GC(4) O:      Live:         -                 3M (0%)            3M (0%)            3M (0%)     
[2026-04-03T03:23:33.704+0600][9.582s][info][gc,heap     ] GC(4) O:   Garbage:         -                 6M (1%)            6M (1%)            0M (0%)     
[2026-04-03T03:23:33.704+0600][9.582s][info][gc,heap     ] GC(4) O: Allocated:         -                54M (4%)           54M (4%)           54M (4%)     
[2026-04-03T03:23:33.704+0600][9.582s][info][gc,heap     ] GC(4) O: Reclaimed:         -                  -                 0M (0%)            6M (1%)     
[2026-04-03T03:23:33.704+0600][9.582s][info][gc,heap     ] GC(4) O: Compacted:         -                  -                  -                 1M (0%)     
[2026-04-03T03:23:33.704+0600][9.582s][info][gc,phases   ] GC(4) O: Old Generation 366M(29%)->388M(31%) 0.045s
[2026-04-03T03:23:33.704+0600][9.582s][info][gc          ] GC(4) Major Collection (Warmup) 376M(30%)->388M(31%) 0.333s
[2026-04-03T03:23:35.409+0600][11.286s][info][gc          ] GC(5) Minor Collection (Allocation Rate)
[2026-04-03T03:23:35.409+0600][11.287s][info][gc,task     ] GC(5) Using 2 Workers for Young Generation
[2026-04-03T03:23:35.409+0600][11.287s][info][gc,phases   ] GC(5) y: Young Generation
[2026-04-03T03:23:35.409+0600][11.287s][info][gc,phases   ] GC(5) y: Pause Mark Start 0.015ms
[2026-04-03T03:23:35.424+0600][11.301s][info][gc,phases   ] GC(5) y: Concurrent Mark 14.718ms
[2026-04-03T03:23:35.425+0600][11.302s][info][gc,phases   ] GC(5) y: Pause Mark End 0.016ms
[2026-04-03T03:23:35.425+0600][11.302s][info][gc,phases   ] GC(5) y: Concurrent Mark Free 0.001ms
[2026-04-03T03:23:35.425+0600][11.303s][info][gc,phases   ] GC(5) y: Concurrent Reset Relocation Set 0.017ms
[2026-04-03T03:23:35.427+0600][11.304s][info][gc,reloc    ] GC(5) y: Using tenuring threshold: 1 (Computed)
[2026-04-03T03:23:35.432+0600][11.309s][info][gc,phases   ] GC(5) y: Concurrent Select Relocation Set 6.876ms
[2026-04-03T03:23:35.432+0600][11.310s][info][gc,phases   ] GC(5) y: Pause Relocate Start 0.014ms
[2026-04-03T03:23:35.439+0600][11.317s][info][gc,phases   ] GC(5) y: Concurrent Relocate 6.487ms
[2026-04-03T03:23:35.439+0600][11.317s][info][gc,alloc    ] GC(5) y:                         Mark Start        Mark End      Relocate Start    Relocate End   
[2026-04-03T03:23:35.439+0600][11.317s][info][gc,alloc    ] GC(5) y: Allocation Stalls:          0                0                0                0         
[2026-04-03T03:23:35.439+0600][11.317s][info][gc,load     ] GC(5) y: Load: 3.80 (32%) / 4.63 (39%) / 5.24 (44%)
[2026-04-03T03:23:35.439+0600][11.317s][info][gc,mmu      ] GC(5) y: MMU: 2ms/98.4%, 5ms/99.4%, 10ms/99.5%, 20ms/99.7%, 50ms/99.8%, 100ms/99.9%
[2026-04-03T03:23:35.439+0600][11.317s][info][gc,marking  ] GC(5) y: Mark: 2 stripe(s), 2 proactive flush(es), 1 terminate flush(es), 0 completion(s), 0 continuation(s) 
[2026-04-03T03:23:35.439+0600][11.317s][info][gc,marking  ] GC(5) y: Mark Stack Usage: 32M
[2026-04-03T03:23:35.439+0600][11.317s][info][gc,nmethod  ] GC(5) y: NMethods: 3107 registered, 123 unregistered
[2026-04-03T03:23:35.439+0600][11.317s][info][gc,metaspace] GC(5) y: Metaspace: 49M used, 49M committed, 1088M reserved
[2026-04-03T03:23:35.439+0600][11.317s][info][gc,reloc    ] GC(5) y:                        Candidates     Selected     In-Place         Size        Empty    Relocated 
[2026-04-03T03:23:35.439+0600][11.317s][info][gc,reloc    ] GC(5) y: Small Pages:                  372           23            0         744M         692M           1M 
[2026-04-03T03:23:35.439+0600][11.317s][info][gc,reloc    ] GC(5) y: Medium Pages:                   1            0            0          32M           0M           0M 
[2026-04-03T03:23:35.439+0600][11.317s][info][gc,reloc    ] GC(5) y: Large Pages:                    0            0            0           0M           0M           0M 
[2026-04-03T03:23:35.439+0600][11.317s][info][gc,reloc    ] GC(5) y: Forwarding Usage: 0M
[2026-04-03T03:23:35.439+0600][11.317s][info][gc,reloc    ] GC(5) y: Age Table:
[2026-04-03T03:23:35.439+0600][11.317s][info][gc,reloc    ] GC(5) y:                    Live             Garbage             Small              Medium             Large        
[2026-04-03T03:23:35.439+0600][11.317s][info][gc,reloc    ] GC(5) y: Eden               0M (0%)          579M (46%)        290 / 15             0 / 0              0 / 0        
[2026-04-03T03:23:35.439+0600][11.317s][info][gc,reloc    ] GC(5) y: Survivor 1         5M (0%)          190M (15%)         82 / 8              1 / 0              0 / 0        
[2026-04-03T03:23:35.439+0600][11.317s][info][gc,heap     ] GC(5) y: Min Capacity: 8M(1%)
[2026-04-03T03:23:35.439+0600][11.317s][info][gc,heap     ] GC(5) y: Max Capacity: 1250M(100%)
[2026-04-03T03:23:35.439+0600][11.317s][info][gc,heap     ] GC(5) y: Soft Max Capacity: 1250M(100%)
[2026-04-03T03:23:35.439+0600][11.317s][info][gc,heap     ] GC(5) y: Heap Statistics:
[2026-04-03T03:23:35.439+0600][11.317s][info][gc,heap     ] GC(5) y:                Mark Start          Mark End        Relocate Start      Relocate End           High               Low         
[2026-04-03T03:23:35.439+0600][11.317s][info][gc,heap     ] GC(5) y:  Capacity:      834M (67%)         840M (67%)         840M (67%)         840M (67%)         840M (67%)         834M (67%)    
[2026-04-03T03:23:35.439+0600][11.317s][info][gc,heap     ] GC(5) y:      Free:      416M (33%)         410M (33%)        1098M (88%)        1136M (91%)        1136M (91%)         410M (33%)    
[2026-04-03T03:23:35.439+0600][11.317s][info][gc,heap     ] GC(5) y:      Used:      834M (67%)         840M (67%)         152M (12%)         114M (9%)          840M (67%)         114M (9%)     
[2026-04-03T03:23:35.439+0600][11.317s][info][gc,heap     ] GC(5) y: Young Generation Statistics:
[2026-04-03T03:23:35.439+0600][11.317s][info][gc,heap     ] GC(5) y:                Mark Start          Mark End        Relocate Start      Relocate End    
[2026-04-03T03:23:35.439+0600][11.317s][info][gc,heap     ] GC(5) y:      Used:      776M (62%)         782M (63%)          58M (5%)           16M (1%)     
[2026-04-03T03:23:35.439+0600][11.317s][info][gc,heap     ] GC(5) y:      Live:         -                 5M (0%)            1M (0%)            0M (0%)     
[2026-04-03T03:23:35.439+0600][11.317s][info][gc,heap     ] GC(5) y:   Garbage:         -               770M (62%)          46M (4%)            0M (0%)     
[2026-04-03T03:23:35.439+0600][11.317s][info][gc,heap     ] GC(5) y: Allocated:         -                 6M (0%)           10M (1%)           15M (1%)     
[2026-04-03T03:23:35.439+0600][11.317s][info][gc,heap     ] GC(5) y: Reclaimed:         -                  -               723M (58%)         770M (62%)    
[2026-04-03T03:23:35.439+0600][11.317s][info][gc,heap     ] GC(5) y:  Promoted:         -                  -                 4M (0%)            5M (0%)     
[2026-04-03T03:23:35.439+0600][11.317s][info][gc,heap     ] GC(5) y: Compacted:         -                  -                  -                 0M (0%)     
[2026-04-03T03:23:35.439+0600][11.317s][info][gc,phases   ] GC(5) y: Young Generation 834M(67%)->114M(9%) 0.030s
[2026-04-03T03:23:35.439+0600][11.317s][info][gc          ] GC(5) Minor Collection (Allocation Rate) 834M(67%)->116M(9%) 0.031s
[2026-04-03T03:23:37.401+0600][13.279s][info][gc          ] GC(6) Major Collection (System.gc())
[2026-04-03T03:23:37.401+0600][13.279s][info][gc,task     ] GC(6) Using 3 Workers for Young Generation
[2026-04-03T03:23:37.401+0600][13.279s][info][gc,task     ] GC(6) Using 3 Workers for Old Generation
[2026-04-03T03:23:37.401+0600][13.279s][info][gc,phases   ] GC(6) Y: Young Generation (Promote All)
[2026-04-03T03:23:37.401+0600][13.279s][info][gc,phases   ] GC(6) Y: Pause Mark Start 0.020ms
[2026-04-03T03:23:37.412+0600][13.290s][info][gc,phases   ] GC(6) Y: Concurrent Mark 10.727ms
[2026-04-03T03:23:37.412+0600][13.290s][info][gc,phases   ] GC(6) Y: Pause Mark End 0.022ms
[2026-04-03T03:23:37.412+0600][13.290s][info][gc,phases   ] GC(6) Y: Concurrent Mark Free 0.002ms
[2026-04-03T03:23:37.412+0600][13.290s][info][gc,phases   ] GC(6) Y: Concurrent Reset Relocation Set 0.020ms
[2026-04-03T03:23:37.417+0600][13.295s][info][gc,reloc    ] GC(6) Y: Using tenuring threshold: 0 (Promote All)
[2026-04-03T03:23:37.419+0600][13.297s][info][gc,phases   ] GC(6) Y: Concurrent Select Relocation Set 6.582ms
[2026-04-03T03:23:37.419+0600][13.297s][info][gc,phases   ] GC(6) Y: Pause Relocate Start 0.015ms
[2026-04-03T03:23:37.423+0600][13.301s][info][gc,phases   ] GC(6) Y: Concurrent Relocate 3.943ms
[2026-04-03T03:23:37.423+0600][13.301s][info][gc,alloc    ] GC(6) Y:                         Mark Start        Mark End      Relocate Start    Relocate End   
[2026-04-03T03:23:37.423+0600][13.301s][info][gc,alloc    ] GC(6) Y: Allocation Stalls:          0                0                0                0         
[2026-04-03T03:23:37.423+0600][13.301s][info][gc,load     ] GC(6) Y: Load: 3.57 (30%) / 4.57 (38%) / 5.22 (43%)
[2026-04-03T03:23:37.423+0600][13.301s][info][gc,mmu      ] GC(6) Y: MMU: 2ms/98.4%, 5ms/99.4%, 10ms/99.5%, 20ms/99.7%, 50ms/99.8%, 100ms/99.9%
[2026-04-03T03:23:37.423+0600][13.301s][info][gc,marking  ] GC(6) Y: Mark: 2 stripe(s), 2 proactive flush(es), 1 terminate flush(es), 0 completion(s), 0 continuation(s) 
[2026-04-03T03:23:37.423+0600][13.301s][info][gc,marking  ] GC(6) Y: Mark Stack Usage: 32M
[2026-04-03T03:23:37.423+0600][13.301s][info][gc,nmethod  ] GC(6) Y: NMethods: 3599 registered, 123 unregistered
[2026-04-03T03:23:37.423+0600][13.301s][info][gc,metaspace] GC(6) Y: Metaspace: 55M used, 56M committed, 1088M reserved
[2026-04-03T03:23:37.423+0600][13.301s][info][gc,reloc    ] GC(6) Y:                        Candidates     Selected     In-Place         Size        Empty    Relocated 
[2026-04-03T03:23:37.423+0600][13.301s][info][gc,reloc    ] GC(6) Y: Small Pages:                   44           42            0          88M           0M           2M 
[2026-04-03T03:23:37.423+0600][13.301s][info][gc,reloc    ] GC(6) Y: Medium Pages:                   1            0            0          32M          32M           0M 
[2026-04-03T03:23:37.423+0600][13.301s][info][gc,reloc    ] GC(6) Y: Large Pages:                    1            0            0           6M           6M           0M 
[2026-04-03T03:23:37.423+0600][13.301s][info][gc,reloc    ] GC(6) Y: Forwarding Usage: 0M
[2026-04-03T03:23:37.423+0600][13.301s][info][gc,reloc    ] GC(6) Y: Age Table:
[2026-04-03T03:23:37.423+0600][13.301s][info][gc,reloc    ] GC(6) Y:                    Live             Garbage             Small              Medium             Large        
[2026-04-03T03:23:37.423+0600][13.301s][info][gc,reloc    ] GC(6) Y: Eden               2M (0%)          117M (9%)          41 / 39             1 / 0              1 / 0        
[2026-04-03T03:23:37.423+0600][13.301s][info][gc,reloc    ] GC(6) Y: Survivor 1         0M (0%)            5M (0%)           3 / 3              0 / 0              0 / 0        
[2026-04-03T03:23:37.423+0600][13.301s][info][gc,heap     ] GC(6) Y: Min Capacity: 8M(1%)
[2026-04-03T03:23:37.423+0600][13.301s][info][gc,heap     ] GC(6) Y: Max Capacity: 1250M(100%)
[2026-04-03T03:23:37.423+0600][13.301s][info][gc,heap     ] GC(6) Y: Soft Max Capacity: 1250M(100%)
[2026-04-03T03:23:37.423+0600][13.301s][info][gc,heap     ] GC(6) Y: Heap Statistics:
[2026-04-03T03:23:37.423+0600][13.301s][info][gc,heap     ] GC(6) Y:                Mark Start          Mark End        Relocate Start      Relocate End           High               Low         
[2026-04-03T03:23:37.423+0600][13.301s][info][gc,heap     ] GC(6) Y:  Capacity:      878M (70%)         878M (70%)         878M (70%)         878M (70%)         878M (70%)         878M (70%)    
[2026-04-03T03:23:37.423+0600][13.301s][info][gc,heap     ] GC(6) Y:      Free:     1026M (82%)        1026M (82%)        1064M (85%)        1144M (92%)        1144M (92%)        1026M (82%)    
[2026-04-03T03:23:37.424+0600][13.301s][info][gc,heap     ] GC(6) Y:      Used:      224M (18%)         224M (18%)         186M (15%)         106M (8%)          224M (18%)         106M (8%)     
[2026-04-03T03:23:37.424+0600][13.301s][info][gc,heap     ] GC(6) Y: Young Generation Statistics:
[2026-04-03T03:23:37.424+0600][13.301s][info][gc,heap     ] GC(6) Y:                Mark Start          Mark End        Relocate Start      Relocate End    
[2026-04-03T03:23:37.424+0600][13.301s][info][gc,heap     ] GC(6) Y:      Used:      126M (10%)         126M (10%)          88M (7%)            0M (0%)     
[2026-04-03T03:23:37.424+0600][13.301s][info][gc,heap     ] GC(6) Y:      Live:         -                 2M (0%)            2M (0%)            0M (0%)     
[2026-04-03T03:23:37.424+0600][13.301s][info][gc,heap     ] GC(6) Y:   Garbage:         -               123M (10%)          85M (7%)            0M (0%)     
[2026-04-03T03:23:37.424+0600][13.301s][info][gc,heap     ] GC(6) Y: Allocated:         -                 0M (0%)            0M (0%)            0M (0%)     
[2026-04-03T03:23:37.424+0600][13.301s][info][gc,heap     ] GC(6) Y: Reclaimed:         -                  -                38M (3%)          123M (10%)    
[2026-04-03T03:23:37.424+0600][13.301s][info][gc,heap     ] GC(6) Y:  Promoted:         -                  -                 0M (0%)            2M (0%)     
[2026-04-03T03:23:37.424+0600][13.301s][info][gc,heap     ] GC(6) Y: Compacted:         -                  -                  -                 0M (0%)     
[2026-04-03T03:23:37.424+0600][13.301s][info][gc,phases   ] GC(6) Y: Young Generation (Promote All) 224M(18%)->106M(8%) 0.022s
[2026-04-03T03:23:37.424+0600][13.301s][info][gc,phases   ] GC(6) Y: Young Generation (Collect Roots)
[2026-04-03T03:23:37.424+0600][13.302s][info][gc,phases   ] GC(6) Y: Pause Mark Start (Major) 0.020ms
[2026-04-03T03:23:37.431+0600][13.308s][info][gc,phases   ] GC(6) Y: Concurrent Mark 6.684ms
[2026-04-03T03:23:37.431+0600][13.309s][info][gc,phases   ] GC(6) Y: Pause Mark End 0.019ms
[2026-04-03T03:23:37.431+0600][13.309s][info][gc,phases   ] GC(6) Y: Concurrent Mark Free 0.182ms
[2026-04-03T03:23:37.431+0600][13.309s][info][gc,phases   ] GC(6) Y: Concurrent Reset Relocation Set 0.010ms
[2026-04-03T03:23:37.435+0600][13.313s][info][gc,reloc    ] GC(6) Y: Using tenuring threshold: 0 (Computed)
[2026-04-03T03:23:37.436+0600][13.313s][info][gc,phases   ] GC(6) Y: Concurrent Select Relocation Set 4.249ms
[2026-04-03T03:23:37.436+0600][13.313s][info][gc,phases   ] GC(6) Y: Pause Relocate Start 0.012ms
[2026-04-03T03:23:37.436+0600][13.314s][info][gc,phases   ] GC(6) Y: Concurrent Relocate 0.084ms
[2026-04-03T03:23:37.436+0600][13.314s][info][gc,alloc    ] GC(6) Y:                         Mark Start        Mark End      Relocate Start    Relocate End   
[2026-04-03T03:23:37.436+0600][13.314s][info][gc,alloc    ] GC(6) Y: Allocation Stalls:          0                0                0                0         
[2026-04-03T03:23:37.436+0600][13.314s][info][gc,load     ] GC(6) Y: Load: 3.57 (30%) / 4.57 (38%) / 5.22 (43%)
[2026-04-03T03:23:37.436+0600][13.314s][info][gc,mmu      ] GC(6) Y: MMU: 2ms/98.4%, 5ms/99.3%, 10ms/99.5%, 20ms/99.6%, 50ms/99.8%, 100ms/99.9%
[2026-04-03T03:23:37.436+0600][13.314s][info][gc,marking  ] GC(6) Y: Mark: 2 stripe(s), 1 proactive flush(es), 1 terminate flush(es), 0 completion(s), 0 continuation(s) 
[2026-04-03T03:23:37.436+0600][13.314s][info][gc,marking  ] GC(6) Y: Mark Stack Usage: 0M
[2026-04-03T03:23:37.436+0600][13.314s][info][gc,nmethod  ] GC(6) Y: NMethods: 3599 registered, 123 unregistered
[2026-04-03T03:23:37.436+0600][13.314s][info][gc,metaspace] GC(6) Y: Metaspace: 55M used, 56M committed, 1088M reserved
[2026-04-03T03:23:37.436+0600][13.314s][info][gc,heap     ] GC(6) Y: Min Capacity: 8M(1%)
[2026-04-03T03:23:37.436+0600][13.314s][info][gc,heap     ] GC(6) Y: Max Capacity: 1250M(100%)
[2026-04-03T03:23:37.436+0600][13.314s][info][gc,heap     ] GC(6) Y: Soft Max Capacity: 1250M(100%)
[2026-04-03T03:23:37.436+0600][13.314s][info][gc,heap     ] GC(6) Y: Heap Statistics:
[2026-04-03T03:23:37.436+0600][13.314s][info][gc,heap     ] GC(6) Y:                Mark Start          Mark End        Relocate Start      Relocate End           High               Low         
[2026-04-03T03:23:37.436+0600][13.314s][info][gc,heap     ] GC(6) Y:  Capacity:      878M (70%)         878M (70%)         878M (70%)         878M (70%)         878M (70%)         878M (70%)    
[2026-04-03T03:23:37.436+0600][13.314s][info][gc,heap     ] GC(6) Y:      Free:     1144M (92%)        1144M (92%)        1144M (92%)        1144M (92%)        1144M (92%)        1144M (92%)    
[2026-04-03T03:23:37.436+0600][13.314s][info][gc,heap     ] GC(6) Y:      Used:      106M (8%)          106M (8%)          106M (8%)          106M (8%)          106M (8%)          106M (8%)     
[2026-04-03T03:23:37.436+0600][13.314s][info][gc,heap     ] GC(6) Y: Young Generation Statistics:
[2026-04-03T03:23:37.436+0600][13.314s][info][gc,heap     ] GC(6) Y:                Mark Start          Mark End        Relocate Start      Relocate End    
[2026-04-03T03:23:37.436+0600][13.314s][info][gc,heap     ] GC(6) Y:      Used:        0M (0%)            0M (0%)            0M (0%)            0M (0%)     
[2026-04-03T03:23:37.436+0600][13.314s][info][gc,heap     ] GC(6) Y:      Live:         -                 0M (0%)            0M (0%)            0M (0%)     
[2026-04-03T03:23:37.436+0600][13.314s][info][gc,heap     ] GC(6) Y:   Garbage:         -                 0M (0%)            0M (0%)            0M (0%)     
[2026-04-03T03:23:37.436+0600][13.314s][info][gc,heap     ] GC(6) Y: Allocated:         -                 0M (0%)            0M (0%)            0M (0%)     
[2026-04-03T03:23:37.436+0600][13.314s][info][gc,heap     ] GC(6) Y: Reclaimed:         -                  -                 0M (0%)            0M (0%)     
[2026-04-03T03:23:37.436+0600][13.314s][info][gc,heap     ] GC(6) Y:  Promoted:         -                  -                 0M (0%)            0M (0%)     
[2026-04-03T03:23:37.436+0600][13.314s][info][gc,heap     ] GC(6) Y: Compacted:         -                  -                  -                 0M (0%)     
[2026-04-03T03:23:37.436+0600][13.314s][info][gc,phases   ] GC(6) Y: Young Generation (Collect Roots) 106M(8%)->106M(8%) 0.012s
[2026-04-03T03:23:37.436+0600][13.314s][info][gc,phases   ] GC(6) O: Old Generation
[2026-04-03T03:23:37.462+0600][13.339s][info][gc,phases   ] GC(6) O: Concurrent Mark 25.447ms
[2026-04-03T03:23:37.462+0600][13.339s][info][gc,phases   ] GC(6) O: Pause Mark End 0.028ms
[2026-04-03T03:23:37.462+0600][13.340s][info][gc,phases   ] GC(6) O: Concurrent Mark Free 0.001ms
[2026-04-03T03:23:37.467+0600][13.344s][info][gc,phases   ] GC(6) O: Concurrent Process Non-Strong 4.720ms
[2026-04-03T03:23:37.467+0600][13.344s][info][gc,phases   ] GC(6) O: Concurrent Reset Relocation Set 0.002ms
[2026-04-03T03:23:37.472+0600][13.350s][info][gc,phases   ] GC(6) O: Concurrent Select Relocation Set 5.175ms
[2026-04-03T03:23:37.472+0600][13.350s][info][gc,task     ] GC(6) O: Using 3 Workers for Old Generation
[2026-04-03T03:23:37.486+0600][13.364s][info][gc,task     ] GC(6) O: Using 3 Workers for Old Generation
[2026-04-03T03:23:37.486+0600][13.364s][info][gc,phases   ] GC(6) O: Concurrent Remap Roots 14.286ms
[2026-04-03T03:23:37.486+0600][13.364s][info][gc,phases   ] GC(6) O: Pause Relocate Start 0.024ms
[2026-04-03T03:23:37.491+0600][13.369s][info][gc,phases   ] GC(6) O: Concurrent Relocate 4.760ms
[2026-04-03T03:23:37.491+0600][13.369s][info][gc,alloc    ] GC(6) O:                         Mark Start        Mark End      Relocate Start    Relocate End   
[2026-04-03T03:23:37.491+0600][13.369s][info][gc,alloc    ] GC(6) O: Allocation Stalls:          0                0                0                0         
[2026-04-03T03:23:37.491+0600][13.369s][info][gc,load     ] GC(6) O: Load: 3.57 (30%) / 4.57 (38%) / 5.22 (43%)
[2026-04-03T03:23:37.491+0600][13.369s][info][gc,mmu      ] GC(6) O: MMU: 2ms/98.4%, 5ms/99.3%, 10ms/99.5%, 20ms/99.6%, 50ms/99.8%, 100ms/99.8%
[2026-04-03T03:23:37.491+0600][13.369s][info][gc,marking  ] GC(6) O: Mark: 2 stripe(s), 10 proactive flush(es), 1 terminate flush(es), 0 completion(s), 0 continuation(s) 
[2026-04-03T03:23:37.491+0600][13.369s][info][gc,marking  ] GC(6) O: Mark Stack Usage: 32M
[2026-04-03T03:23:37.491+0600][13.369s][info][gc,nmethod  ] GC(6) O: NMethods: 3428 registered, 299 unregistered
[2026-04-03T03:23:37.491+0600][13.369s][info][gc,metaspace] GC(6) O: Metaspace: 55M used, 56M committed, 1088M reserved
[2026-04-03T03:23:37.491+0600][13.369s][info][gc,ref      ] GC(6) O:                       Encountered   Discovered     Enqueued 
[2026-04-03T03:23:37.491+0600][13.369s][info][gc,ref      ] GC(6) O: Soft References:             4282            0            0 
[2026-04-03T03:23:37.491+0600][13.369s][info][gc,ref      ] GC(6) O: Weak References:             5311         4006         1687 
[2026-04-03T03:23:37.492+0600][13.369s][info][gc,ref      ] GC(6) O: Final References:              82            0            0 
[2026-04-03T03:23:37.492+0600][13.369s][info][gc,ref      ] GC(6) O: Phantom References:           589          418            2 
[2026-04-03T03:23:37.492+0600][13.369s][info][gc,reloc    ] GC(6) O:                        Candidates     Selected     In-Place         Size        Empty    Relocated 
[2026-04-03T03:23:37.492+0600][13.369s][info][gc,reloc    ] GC(6) O: Small Pages:                   21            6            0          42M           0M           2M 
[2026-04-03T03:23:37.492+0600][13.369s][info][gc,reloc    ] GC(6) O: Medium Pages:                   2            1            0          64M           0M           5M 
[2026-04-03T03:23:37.492+0600][13.369s][info][gc,reloc    ] GC(6) O: Large Pages:                    0            0            0           0M           0M           0M 
[2026-04-03T03:23:37.492+0600][13.369s][info][gc,reloc    ] GC(6) O: Forwarding Usage: 1M
[2026-04-03T03:23:37.492+0600][13.369s][info][gc,heap     ] GC(6) O: Min Capacity: 8M(1%)
[2026-04-03T03:23:37.492+0600][13.369s][info][gc,heap     ] GC(6) O: Max Capacity: 1250M(100%)
[2026-04-03T03:23:37.492+0600][13.369s][info][gc,heap     ] GC(6) O: Soft Max Capacity: 1250M(100%)
[2026-04-03T03:23:37.492+0600][13.369s][info][gc,heap     ] GC(6) O: Heap Statistics:
[2026-04-03T03:23:37.492+0600][13.369s][info][gc,heap     ] GC(6) O:                Mark Start          Mark End        Relocate Start      Relocate End           High               Low         
[2026-04-03T03:23:37.492+0600][13.369s][info][gc,heap     ] GC(6) O:  Capacity:      878M (70%)         878M (70%)         878M (70%)         878M (70%)         878M (70%)         878M (70%)    
[2026-04-03T03:23:37.492+0600][13.369s][info][gc,heap     ] GC(6) O:      Free:     1144M (92%)        1144M (92%)        1140M (91%)        1182M (95%)        1182M (95%)        1104M (88%)    
[2026-04-03T03:23:37.492+0600][13.369s][info][gc,heap     ] GC(6) O:      Used:      106M (8%)          106M (8%)          110M (9%)           68M (5%)          146M (12%)          68M (5%)     
[2026-04-03T03:23:37.492+0600][13.369s][info][gc,heap     ] GC(6) O: Old Generation Statistics:
[2026-04-03T03:23:37.492+0600][13.369s][info][gc,heap     ] GC(6) O:                Mark Start          Mark End        Relocate Start      Relocate End    
[2026-04-03T03:23:37.492+0600][13.369s][info][gc,heap     ] GC(6) O:      Used:      106M (8%)          106M (8%)          106M (8%)           64M (5%)     
[2026-04-03T03:23:37.492+0600][13.369s][info][gc,heap     ] GC(6) O:      Live:         -                32M (3%)           32M (3%)           32M (3%)     
[2026-04-03T03:23:37.492+0600][13.369s][info][gc,heap     ] GC(6) O:   Garbage:         -                73M (6%)           73M (6%)            1M (0%)     
[2026-04-03T03:23:37.492+0600][13.369s][info][gc,heap     ] GC(6) O: Allocated:         -                 0M (0%)            0M (0%)           29M (2%)     
[2026-04-03T03:23:37.492+0600][13.369s][info][gc,heap     ] GC(6) O: Reclaimed:         -                  -                 0M (0%)           71M (6%)     
[2026-04-03T03:23:37.492+0600][13.369s][info][gc,heap     ] GC(6) O: Compacted:         -                  -                  -                10M (1%)     
[2026-04-03T03:23:37.492+0600][13.369s][info][gc,phases   ] GC(6) O: Old Generation 106M(8%)->68M(5%) 0.055s
[2026-04-03T03:23:37.492+0600][13.370s][info][gc          ] GC(6) Major Collection (System.gc()) 224M(18%)->68M(5%) 0.091s
[2026-04-03T03:23:39.781+0600][15.659s][info][gc          ] GC(7) Minor Collection (Allocation Rate)
[2026-04-03T03:23:39.781+0600][15.659s][info][gc,task     ] GC(7) Using 1 Workers for Young Generation
[2026-04-03T03:23:39.781+0600][15.659s][info][gc,phases   ] GC(7) y: Young Generation
[2026-04-03T03:23:39.782+0600][15.659s][info][gc,phases   ] GC(7) y: Pause Mark Start 0.021ms
[2026-04-03T03:23:39.810+0600][15.688s][info][gc,phases   ] GC(7) y: Concurrent Mark 28.237ms
[2026-04-03T03:23:39.810+0600][15.688s][info][gc,phases   ] GC(7) y: Pause Mark End 0.026ms
[2026-04-03T03:23:39.811+0600][15.688s][info][gc,phases   ] GC(7) y: Concurrent Mark Free 0.004ms
[2026-04-03T03:23:39.811+0600][15.688s][info][gc,phases   ] GC(7) y: Concurrent Reset Relocation Set 0.001ms
[2026-04-03T03:23:39.814+0600][15.692s][info][gc,reloc    ] GC(7) y: Using tenuring threshold: 1 (Computed)
[2026-04-03T03:23:39.814+0600][15.692s][info][gc,phases   ] GC(7) y: Concurrent Select Relocation Set 3.844ms
[2026-04-03T03:23:39.815+0600][15.693s][info][gc,phases   ] GC(7) y: Pause Relocate Start 0.015ms
[2026-04-03T03:23:39.822+0600][15.700s][info][gc,phases   ] GC(7) y: Concurrent Relocate 7.392ms
[2026-04-03T03:23:39.823+0600][15.700s][info][gc,alloc    ] GC(7) y:                         Mark Start        Mark End      Relocate Start    Relocate End   
[2026-04-03T03:23:39.823+0600][15.700s][info][gc,alloc    ] GC(7) y: Allocation Stalls:          0                0                0                0         
[2026-04-03T03:23:39.823+0600][15.700s][info][gc,load     ] GC(7) y: Load: 3.57 (30%) / 4.57 (38%) / 5.22 (43%)
[2026-04-03T03:23:39.823+0600][15.700s][info][gc,mmu      ] GC(7) y: MMU: 2ms/98.4%, 5ms/99.2%, 10ms/99.5%, 20ms/99.6%, 50ms/99.8%, 100ms/99.8%
[2026-04-03T03:23:39.823+0600][15.700s][info][gc,marking  ] GC(7) y: Mark: 1 stripe(s), 2 proactive flush(es), 1 terminate flush(es), 0 completion(s), 0 continuation(s) 
[2026-04-03T03:23:39.823+0600][15.700s][info][gc,marking  ] GC(7) y: Mark Stack Usage: 32M
[2026-04-03T03:23:39.823+0600][15.700s][info][gc,nmethod  ] GC(7) y: NMethods: 4456 registered, 299 unregistered
[2026-04-03T03:23:39.823+0600][15.700s][info][gc,metaspace] GC(7) y: Metaspace: 64M used, 65M committed, 1088M reserved
[2026-04-03T03:23:39.823+0600][15.700s][info][gc,reloc    ] GC(7) y:                        Candidates     Selected     In-Place         Size        Empty    Relocated 
[2026-04-03T03:23:39.823+0600][15.700s][info][gc,reloc    ] GC(7) y: Small Pages:                  207           82            0         414M         242M           5M 
[2026-04-03T03:23:39.823+0600][15.700s][info][gc,reloc    ] GC(7) y: Medium Pages:                   1            0            0          32M          32M           0M 
[2026-04-03T03:23:39.823+0600][15.700s][info][gc,reloc    ] GC(7) y: Large Pages:                    1            0            0           6M           6M           0M 
[2026-04-03T03:23:39.823+0600][15.700s][info][gc,reloc    ] GC(7) y: Forwarding Usage: 1M
[2026-04-03T03:23:39.823+0600][15.700s][info][gc,reloc    ] GC(7) y: Age Table:
[2026-04-03T03:23:39.823+0600][15.700s][info][gc,reloc    ] GC(7) y:                    Live             Garbage             Small              Medium             Large        
[2026-04-03T03:23:39.823+0600][15.700s][info][gc,reloc    ] GC(7) y: Eden               6M (0%)          445M (36%)        207 / 82             1 / 0              1 / 0        
[2026-04-03T03:23:39.823+0600][15.700s][info][gc,heap     ] GC(7) y: Min Capacity: 8M(1%)
[2026-04-03T03:23:39.823+0600][15.700s][info][gc,heap     ] GC(7) y: Max Capacity: 1250M(100%)
[2026-04-03T03:23:39.823+0600][15.701s][info][gc,heap     ] GC(7) y: Soft Max Capacity: 1250M(100%)
[2026-04-03T03:23:39.823+0600][15.701s][info][gc,heap     ] GC(7) y: Heap Statistics:
[2026-04-03T03:23:39.823+0600][15.701s][info][gc,heap     ] GC(7) y:                Mark Start          Mark End        Relocate Start      Relocate End           High               Low         
[2026-04-03T03:23:39.823+0600][15.701s][info][gc,heap     ] GC(7) y:  Capacity:      878M (70%)         878M (70%)         878M (70%)         878M (70%)         878M (70%)         878M (70%)    
[2026-04-03T03:23:39.823+0600][15.701s][info][gc,heap     ] GC(7) y:      Free:      734M (59%)         658M (53%)         926M (74%)        1072M (86%)        1072M (86%)         658M (53%)    
[2026-04-03T03:23:39.823+0600][15.701s][info][gc,heap     ] GC(7) y:      Used:      516M (41%)         592M (47%)         324M (26%)         178M (14%)         592M (47%)         178M (14%)    
[2026-04-03T03:23:39.823+0600][15.701s][info][gc,heap     ] GC(7) y: Young Generation Statistics:
[2026-04-03T03:23:39.823+0600][15.701s][info][gc,heap     ] GC(7) y:                Mark Start          Mark End        Relocate Start      Relocate End    
[2026-04-03T03:23:39.823+0600][15.701s][info][gc,heap     ] GC(7) y:      Used:      452M (36%)         528M (42%)         260M (21%)         114M (9%)     
[2026-04-03T03:23:39.823+0600][15.701s][info][gc,heap     ] GC(7) y:      Live:         -                 6M (0%)            6M (0%)            6M (0%)     
[2026-04-03T03:23:39.823+0600][15.701s][info][gc,heap     ] GC(7) y:   Garbage:         -               445M (36%)         165M (13%)           0M (0%)     
[2026-04-03T03:23:39.823+0600][15.701s][info][gc,heap     ] GC(7) y: Allocated:         -                76M (6%)           88M (7%)          107M (9%)     
[2026-04-03T03:23:39.823+0600][15.701s][info][gc,heap     ] GC(7) y: Reclaimed:         -                  -               280M (22%)         445M (36%)    
[2026-04-03T03:23:39.823+0600][15.701s][info][gc,heap     ] GC(7) y:  Promoted:         -                  -                 0M (0%)            0M (0%)     
[2026-04-03T03:23:39.823+0600][15.701s][info][gc,heap     ] GC(7) y: Compacted:         -                  -                  -                 6M (0%)     
[2026-04-03T03:23:39.823+0600][15.701s][info][gc,phases   ] GC(7) y: Young Generation 516M(41%)->178M(14%) 0.041s
[2026-04-03T03:23:39.823+0600][15.701s][info][gc          ] GC(7) Minor Collection (Allocation Rate) 516M(41%)->180M(14%) 0.042s
[2026-04-03T03:23:40.003+0600][15.881s][info][gc          ] GC(8) Minor Collection (Allocation Rate)
[2026-04-03T03:23:40.003+0600][15.881s][info][gc,task     ] GC(8) Using 1 Workers for Young Generation
[2026-04-03T03:23:40.003+0600][15.881s][info][gc,phases   ] GC(8) y: Young Generation
[2026-04-03T03:23:40.003+0600][15.881s][info][gc,phases   ] GC(8) y: Pause Mark Start 0.051ms
[2026-04-03T03:23:40.032+0600][15.910s][info][gc,phases   ] GC(8) y: Concurrent Mark 28.721ms
[2026-04-03T03:23:40.032+0600][15.910s][info][gc,phases   ] GC(8) y: Pause Mark End 0.025ms
[2026-04-03T03:23:40.033+0600][15.910s][info][gc,phases   ] GC(8) y: Concurrent Mark Free 0.002ms
[2026-04-03T03:23:40.033+0600][15.910s][info][gc,phases   ] GC(8) y: Concurrent Reset Relocation Set 0.012ms
[2026-04-03T03:23:40.035+0600][15.913s][info][gc,reloc    ] GC(8) y: Using tenuring threshold: 1 (Computed)
[2026-04-03T03:23:40.041+0600][15.919s][info][gc,phases   ] GC(8) y: Concurrent Select Relocation Set 8.881ms
[2026-04-03T03:23:40.042+0600][15.920s][info][gc,phases   ] GC(8) y: Pause Relocate Start 0.016ms
[2026-04-03T03:23:40.051+0600][15.928s][info][gc,phases   ] GC(8) y: Concurrent Relocate 8.596ms
[2026-04-03T03:23:40.051+0600][15.928s][info][gc,alloc    ] GC(8) y:                         Mark Start        Mark End      Relocate Start    Relocate End   
[2026-04-03T03:23:40.051+0600][15.928s][info][gc,alloc    ] GC(8) y: Allocation Stalls:          0                0                0                0         
[2026-04-03T03:23:40.051+0600][15.928s][info][gc,load     ] GC(8) y: Load: 3.57 (30%) / 4.57 (38%) / 5.22 (43%)
[2026-04-03T03:23:40.051+0600][15.928s][info][gc,mmu      ] GC(8) y: MMU: 2ms/97.5%, 5ms/99.0%, 10ms/99.5%, 20ms/99.6%, 50ms/99.8%, 100ms/99.8%
[2026-04-03T03:23:40.051+0600][15.928s][info][gc,marking  ] GC(8) y: Mark: 1 stripe(s), 2 proactive flush(es), 1 terminate flush(es), 0 completion(s), 0 continuation(s) 
[2026-04-03T03:23:40.051+0600][15.928s][info][gc,marking  ] GC(8) y: Mark Stack Usage: 32M
[2026-04-03T03:23:40.051+0600][15.929s][info][gc,nmethod  ] GC(8) y: NMethods: 4490 registered, 299 unregistered
[2026-04-03T03:23:40.051+0600][15.929s][info][gc,metaspace] GC(8) y: Metaspace: 64M used, 65M committed, 1088M reserved
[2026-04-03T03:23:40.051+0600][15.929s][info][gc,reloc    ] GC(8) y:                        Candidates     Selected     In-Place         Size        Empty    Relocated 
[2026-04-03T03:23:40.051+0600][15.929s][info][gc,reloc    ] GC(8) y: Small Pages:                  287            7            0         574M         552M           0M 
[2026-04-03T03:23:40.051+0600][15.929s][info][gc,reloc    ] GC(8) y: Medium Pages:                   0            0            0           0M           0M           0M 
[2026-04-03T03:23:40.051+0600][15.929s][info][gc,reloc    ] GC(8) y: Large Pages:                    0            0            0           0M           0M           0M 
[2026-04-03T03:23:40.051+0600][15.929s][info][gc,reloc    ] GC(8) y: Forwarding Usage: 0M
[2026-04-03T03:23:40.051+0600][15.929s][info][gc,reloc    ] GC(8) y: Age Table:
[2026-04-03T03:23:40.051+0600][15.929s][info][gc,reloc    ] GC(8) y:                    Live             Garbage             Small              Medium             Large        
[2026-04-03T03:23:40.051+0600][15.929s][info][gc,reloc    ] GC(8) y: Eden               0M (0%)          561M (45%)        281 / 4              0 / 0              0 / 0        
[2026-04-03T03:23:40.051+0600][15.929s][info][gc,reloc    ] GC(8) y: Survivor 1         6M (0%)            5M (0%)           6 / 3              0 / 0              0 / 0        
[2026-04-03T03:23:40.051+0600][15.929s][info][gc,heap     ] GC(8) y: Min Capacity: 8M(1%)
[2026-04-03T03:23:40.051+0600][15.929s][info][gc,heap     ] GC(8) y: Max Capacity: 1250M(100%)
[2026-04-03T03:23:40.051+0600][15.929s][info][gc,heap     ] GC(8) y: Soft Max Capacity: 1250M(100%)
[2026-04-03T03:23:40.051+0600][15.929s][info][gc,heap     ] GC(8) y: Heap Statistics:
[2026-04-03T03:23:40.051+0600][15.929s][info][gc,heap     ] GC(8) y:                Mark Start          Mark End        Relocate Start      Relocate End           High               Low         
[2026-04-03T03:23:40.051+0600][15.929s][info][gc,heap     ] GC(8) y:  Capacity:      878M (70%)         878M (70%)         878M (70%)         878M (70%)         878M (70%)         878M (70%)    
[2026-04-03T03:23:40.051+0600][15.929s][info][gc,heap     ] GC(8) y:      Free:      612M (49%)         536M (43%)        1064M (85%)        1052M (84%)        1080M (86%)         536M (43%)    
[2026-04-03T03:23:40.051+0600][15.929s][info][gc,heap     ] GC(8) y:      Used:      638M (51%)         714M (57%)         186M (15%)         198M (16%)         714M (57%)         170M (14%)    
[2026-04-03T03:23:40.051+0600][15.929s][info][gc,heap     ] GC(8) y: Young Generation Statistics:
[2026-04-03T03:23:40.051+0600][15.929s][info][gc,heap     ] GC(8) y:                Mark Start          Mark End        Relocate Start      Relocate End    
[2026-04-03T03:23:40.051+0600][15.929s][info][gc,heap     ] GC(8) y:      Used:      574M (46%)         650M (52%)         116M (9%)          120M (10%)    
[2026-04-03T03:23:40.051+0600][15.929s][info][gc,heap     ] GC(8) y:      Live:         -                 6M (0%)            0M (0%)            0M (0%)     
[2026-04-03T03:23:40.051+0600][15.929s][info][gc,heap     ] GC(8) y:   Garbage:         -               567M (45%)          15M (1%)            0M (0%)     
[2026-04-03T03:23:40.051+0600][15.929s][info][gc,heap     ] GC(8) y: Allocated:         -                76M (6%)          100M (8%)          119M (10%)    
[2026-04-03T03:23:40.051+0600][15.929s][info][gc,heap     ] GC(8) y: Reclaimed:         -                  -               552M (44%)         567M (45%)    
[2026-04-03T03:23:40.051+0600][15.929s][info][gc,heap     ] GC(8) y:  Promoted:         -                  -                 5M (0%)            6M (0%)     
[2026-04-03T03:23:40.051+0600][15.929s][info][gc,heap     ] GC(8) y: Compacted:         -                  -                  -                 0M (0%)     
[2026-04-03T03:23:40.051+0600][15.929s][info][gc,phases   ] GC(8) y: Young Generation 638M(51%)->198M(16%) 0.048s
[2026-04-03T03:23:40.051+0600][15.929s][info][gc          ] GC(8) Minor Collection (Allocation Rate) 638M(51%)->200M(16%) 0.048s
[2026-04-03T03:23:40.103+0600][15.981s][info][gc          ] GC(9) Minor Collection (Allocation Rate)
[2026-04-03T03:23:40.103+0600][15.981s][info][gc,task     ] GC(9) Using 3 Workers for Young Generation
[2026-04-03T03:23:40.103+0600][15.981s][info][gc,phases   ] GC(9) y: Young Generation
[2026-04-03T03:23:40.104+0600][15.981s][info][gc,phases   ] GC(9) y: Pause Mark Start 0.092ms
[2026-04-03T03:23:40.110+0600][15.988s][info][gc,phases   ] GC(9) y: Concurrent Mark 6.004ms
[2026-04-03T03:23:40.110+0600][15.988s][info][gc,phases   ] GC(9) y: Pause Mark End 0.022ms
[2026-04-03T03:23:40.110+0600][15.988s][info][gc,phases   ] GC(9) y: Concurrent Mark Free 0.002ms
[2026-04-03T03:23:40.110+0600][15.988s][info][gc,phases   ] GC(9) y: Concurrent Reset Relocation Set 0.009ms
[2026-04-03T03:23:40.113+0600][15.991s][info][gc,reloc    ] GC(9) y: Using tenuring threshold: 1 (Computed)
[2026-04-03T03:23:40.113+0600][15.991s][info][gc,phases   ] GC(9) y: Concurrent Select Relocation Set 3.241ms
[2026-04-03T03:23:40.114+0600][15.991s][info][gc,phases   ] GC(9) y: Pause Relocate Start 0.020ms
[2026-04-03T03:23:40.114+0600][15.992s][info][gc,phases   ] GC(9) y: Concurrent Relocate 0.164ms
[2026-04-03T03:23:40.114+0600][15.992s][info][gc,alloc    ] GC(9) y:                         Mark Start        Mark End      Relocate Start    Relocate End   
[2026-04-03T03:23:40.114+0600][15.992s][info][gc,alloc    ] GC(9) y: Allocation Stalls:          0                0                0                0         
[2026-04-03T03:23:40.114+0600][15.992s][info][gc,load     ] GC(9) y: Load: 3.57 (30%) / 4.57 (38%) / 5.22 (43%)
[2026-04-03T03:23:40.114+0600][15.992s][info][gc,mmu      ] GC(9) y: MMU: 2ms/95.4%, 5ms/98.2%, 10ms/98.9%, 20ms/99.3%, 50ms/99.7%, 100ms/99.8%
[2026-04-03T03:23:40.114+0600][15.992s][info][gc,marking  ] GC(9) y: Mark: 2 stripe(s), 2 proactive flush(es), 1 terminate flush(es), 0 completion(s), 0 continuation(s) 
[2026-04-03T03:23:40.114+0600][15.992s][info][gc,marking  ] GC(9) y: Mark Stack Usage: 32M
[2026-04-03T03:23:40.114+0600][15.992s][info][gc,nmethod  ] GC(9) y: NMethods: 4499 registered, 299 unregistered
[2026-04-03T03:23:40.114+0600][15.992s][info][gc,metaspace] GC(9) y: Metaspace: 64M used, 65M committed, 1088M reserved
[2026-04-03T03:23:40.114+0600][15.992s][info][gc,reloc    ] GC(9) y:                        Candidates     Selected     In-Place         Size        Empty    Relocated 
[2026-04-03T03:23:40.114+0600][15.992s][info][gc,reloc    ] GC(9) y: Small Pages:                  109            5            0         218M         206M           0M 
[2026-04-03T03:23:40.114+0600][15.992s][info][gc,reloc    ] GC(9) y: Medium Pages:                   0            0            0           0M           0M           0M 
[2026-04-03T03:23:40.114+0600][15.992s][info][gc,reloc    ] GC(9) y: Large Pages:                    0            0            0           0M           0M           0M 
[2026-04-03T03:23:40.114+0600][15.992s][info][gc,reloc    ] GC(9) y: Forwarding Usage: 0M
[2026-04-03T03:23:40.114+0600][15.992s][info][gc,reloc    ] GC(9) y: Age Table:
[2026-04-03T03:23:40.114+0600][15.992s][info][gc,reloc    ] GC(9) y:                    Live             Garbage             Small              Medium             Large        
[2026-04-03T03:23:40.114+0600][15.992s][info][gc,reloc    ] GC(9) y: Eden               0M (0%)          215M (17%)        108 / 5              0 / 0              0 / 0        
[2026-04-03T03:23:40.114+0600][15.992s][info][gc,reloc    ] GC(9) y: Survivor 1          -                 2M (0%)           1 / 0              0 / 0              0 / 0        
[2026-04-03T03:23:40.114+0600][15.992s][info][gc,heap     ] GC(9) y: Min Capacity: 8M(1%)
[2026-04-03T03:23:40.114+0600][15.992s][info][gc,heap     ] GC(9) y: Max Capacity: 1250M(100%)
[2026-04-03T03:23:40.114+0600][15.992s][info][gc,heap     ] GC(9) y: Soft Max Capacity: 1250M(100%)
[2026-04-03T03:23:40.114+0600][15.992s][info][gc,heap     ] GC(9) y: Heap Statistics:
[2026-04-03T03:23:40.114+0600][15.992s][info][gc,heap     ] GC(9) y:                Mark Start          Mark End        Relocate Start      Relocate End           High               Low         
[2026-04-03T03:23:40.114+0600][15.992s][info][gc,heap     ] GC(9) y:  Capacity:      878M (70%)         878M (70%)         878M (70%)         878M (70%)         878M (70%)         878M (70%)    
[2026-04-03T03:23:40.114+0600][15.992s][info][gc,heap     ] GC(9) y:      Free:      954M (76%)         934M (75%)        1134M (91%)        1140M (91%)        1140M (91%)         934M (75%)    
[2026-04-03T03:23:40.114+0600][15.992s][info][gc,heap     ] GC(9) y:      Used:      296M (24%)         316M (25%)         116M (9%)          110M (9%)          316M (25%)         110M (9%)     
[2026-04-03T03:23:40.114+0600][15.992s][info][gc,heap     ] GC(9) y: Young Generation Statistics:
[2026-04-03T03:23:40.114+0600][15.992s][info][gc,heap     ] GC(9) y:                Mark Start          Mark End        Relocate Start      Relocate End    
[2026-04-03T03:23:40.114+0600][15.992s][info][gc,heap     ] GC(9) y:      Used:      218M (17%)         238M (19%)          38M (3%)           32M (3%)     
[2026-04-03T03:23:40.114+0600][15.992s][info][gc,heap     ] GC(9) y:      Live:         -                 0M (0%)            0M (0%)            0M (0%)     
[2026-04-03T03:23:40.114+0600][15.992s][info][gc,heap     ] GC(9) y:   Garbage:         -               217M (17%)          11M (1%)            0M (0%)     
[2026-04-03T03:23:40.114+0600][15.992s][info][gc,heap     ] GC(9) y: Allocated:         -                20M (2%)           26M (2%)           31M (3%)     
[2026-04-03T03:23:40.114+0600][15.992s][info][gc,heap     ] GC(9) y: Reclaimed:         -                  -               206M (16%)         217M (17%)    
[2026-04-03T03:23:40.114+0600][15.992s][info][gc,heap     ] GC(9) y:  Promoted:         -                  -                 0M (0%)            0M (0%)     
[2026-04-03T03:23:40.114+0600][15.992s][info][gc,heap     ] GC(9) y: Compacted:         -                  -                  -                 0M (0%)     
[2026-04-03T03:23:40.114+0600][15.992s][info][gc,phases   ] GC(9) y: Young Generation 296M(24%)->110M(9%) 0.011s
[2026-04-03T03:23:40.114+0600][15.992s][info][gc          ] GC(9) Minor Collection (Allocation Rate) 296M(24%)->110M(9%) 0.011s
[2026-04-03T03:23:40.142+0600][16.020s][info][gc          ] GC(10) Minor Collection (Allocation Rate)
[2026-04-03T03:23:40.143+0600][16.020s][info][gc,task     ] GC(10) Using 3 Workers for Young Generation
[2026-04-03T03:23:40.143+0600][16.020s][info][gc,phases   ] GC(10) y: Young Generation
[2026-04-03T03:23:40.143+0600][16.021s][info][gc,phases   ] GC(10) y: Pause Mark Start 0.024ms
[2026-04-03T03:23:40.149+0600][16.027s][info][gc,phases   ] GC(10) y: Concurrent Mark 6.454ms
[2026-04-03T03:23:40.150+0600][16.028s][info][gc,phases   ] GC(10) y: Pause Mark End 0.138ms
[2026-04-03T03:23:40.150+0600][16.028s][info][gc,phases   ] GC(10) y: Concurrent Mark Free 0.002ms
[2026-04-03T03:23:40.150+0600][16.028s][info][gc,phases   ] GC(10) y: Concurrent Reset Relocation Set 0.002ms
[2026-04-03T03:23:40.152+0600][16.029s][info][gc,reloc    ] GC(10) y: Using tenuring threshold: 2 (Computed)
[2026-04-03T03:23:40.152+0600][16.030s][info][gc,phases   ] GC(10) y: Concurrent Select Relocation Set 1.796ms
[2026-04-03T03:23:40.152+0600][16.030s][info][gc,phases   ] GC(10) y: Pause Relocate Start 0.015ms
[2026-04-03T03:23:40.152+0600][16.030s][info][gc,phases   ] GC(10) y: Concurrent Relocate 0.149ms
[2026-04-03T03:23:40.152+0600][16.030s][info][gc,alloc    ] GC(10) y:                         Mark Start        Mark End      Relocate Start    Relocate End   
[2026-04-03T03:23:40.152+0600][16.030s][info][gc,alloc    ] GC(10) y: Allocation Stalls:          0                0                0                0         
[2026-04-03T03:23:40.152+0600][16.030s][info][gc,load     ] GC(10) y: Load: 3.57 (30%) / 4.57 (38%) / 5.22 (43%)
[2026-04-03T03:23:40.152+0600][16.030s][info][gc,mmu      ] GC(10) y: MMU: 2ms/93.1%, 5ms/96.9%, 10ms/98.2%, 20ms/99.1%, 50ms/99.4%, 100ms/99.7%
[2026-04-03T03:23:40.152+0600][16.030s][info][gc,marking  ] GC(10) y: Mark: 2 stripe(s), 2 proactive flush(es), 1 terminate flush(es), 0 completion(s), 0 continuation(s) 
[2026-04-03T03:23:40.152+0600][16.030s][info][gc,marking  ] GC(10) y: Mark Stack Usage: 32M
[2026-04-03T03:23:40.152+0600][16.030s][info][gc,nmethod  ] GC(10) y: NMethods: 4501 registered, 299 unregistered
[2026-04-03T03:23:40.152+0600][16.030s][info][gc,metaspace] GC(10) y: Metaspace: 64M used, 65M committed, 1088M reserved
[2026-04-03T03:23:40.152+0600][16.030s][info][gc,reloc    ] GC(10) y:                        Candidates     Selected     In-Place         Size        Empty    Relocated 
[2026-04-03T03:23:40.153+0600][16.030s][info][gc,reloc    ] GC(10) y: Small Pages:                   53            5            0         106M          94M           0M 
[2026-04-03T03:23:40.153+0600][16.030s][info][gc,reloc    ] GC(10) y: Medium Pages:                   0            0            0           0M           0M           0M 
[2026-04-03T03:23:40.153+0600][16.030s][info][gc,reloc    ] GC(10) y: Large Pages:                    0            0            0           0M           0M           0M 
[2026-04-03T03:23:40.153+0600][16.030s][info][gc,reloc    ] GC(10) y: Forwarding Usage: 0M
[2026-04-03T03:23:40.153+0600][16.030s][info][gc,reloc    ] GC(10) y: Age Table:
[2026-04-03T03:23:40.153+0600][16.030s][info][gc,reloc    ] GC(10) y:                    Live             Garbage             Small              Medium             Large        
[2026-04-03T03:23:40.153+0600][16.030s][info][gc,reloc    ] GC(10) y: Eden               0M (0%)           99M (8%)          50 / 5              0 / 0              0 / 0        
[2026-04-03T03:23:40.153+0600][16.030s][info][gc,reloc    ] GC(10) y: Survivor 1         0M (0%)            5M (0%)           3 / 0              0 / 0              0 / 0        
[2026-04-03T03:23:40.153+0600][16.030s][info][gc,heap     ] GC(10) y: Min Capacity: 8M(1%)
[2026-04-03T03:23:40.153+0600][16.030s][info][gc,heap     ] GC(10) y: Max Capacity: 1250M(100%)
[2026-04-03T03:23:40.153+0600][16.030s][info][gc,heap     ] GC(10) y: Soft Max Capacity: 1250M(100%)
[2026-04-03T03:23:40.153+0600][16.030s][info][gc,heap     ] GC(10) y: Heap Statistics:
[2026-04-03T03:23:40.153+0600][16.030s][info][gc,heap     ] GC(10) y:                Mark Start          Mark End        Relocate Start      Relocate End           High               Low         
[2026-04-03T03:23:40.153+0600][16.030s][info][gc,heap     ] GC(10) y:  Capacity:      878M (70%)         878M (70%)         878M (70%)         878M (70%)         878M (70%)         878M (70%)    
[2026-04-03T03:23:40.153+0600][16.030s][info][gc,heap     ] GC(10) y:      Free:     1066M (85%)        1050M (84%)        1138M (91%)        1142M (91%)        1142M (91%)        1044M (84%)    
[2026-04-03T03:23:40.153+0600][16.030s][info][gc,heap     ] GC(10) y:      Used:      184M (15%)         200M (16%)         112M (9%)          108M (9%)          206M (16%)         108M (9%)     
[2026-04-03T03:23:40.153+0600][16.030s][info][gc,heap     ] GC(10) y: Young Generation Statistics:
[2026-04-03T03:23:40.153+0600][16.030s][info][gc,heap     ] GC(10) y:                Mark Start          Mark End        Relocate Start      Relocate End    
[2026-04-03T03:23:40.153+0600][16.030s][info][gc,heap     ] GC(10) y:      Used:      106M (8%)          122M (10%)          34M (3%)           30M (2%)     
[2026-04-03T03:23:40.153+0600][16.030s][info][gc,heap     ] GC(10) y:      Live:         -                 0M (0%)            0M (0%)            0M (0%)     
[2026-04-03T03:23:40.153+0600][16.030s][info][gc,heap     ] GC(10) y:   Garbage:         -               105M (8%)           11M (1%)            0M (0%)     
[2026-04-03T03:23:40.153+0600][16.030s][info][gc,heap     ] GC(10) y: Allocated:         -                16M (1%)           22M (2%)           29M (2%)     
[2026-04-03T03:23:40.153+0600][16.030s][info][gc,heap     ] GC(10) y: Reclaimed:         -                  -                94M (8%)          105M (8%)     
[2026-04-03T03:23:40.153+0600][16.030s][info][gc,heap     ] GC(10) y:  Promoted:         -                  -                 0M (0%)            0M (0%)     
[2026-04-03T03:23:40.153+0600][16.031s][info][gc,heap     ] GC(10) y: Compacted:         -                  -                  -                 0M (0%)     
[2026-04-03T03:23:40.153+0600][16.031s][info][gc,phases   ] GC(10) y: Young Generation 184M(15%)->108M(9%) 0.010s
[2026-04-03T03:23:40.153+0600][16.031s][info][gc          ] GC(10) Minor Collection (Allocation Rate) 184M(15%)->108M(9%) 0.010s
[2026-04-03T03:23:40.226+0600][16.104s][info][gc          ] GC(11) Minor Collection (Allocation Rate)
[2026-04-03T03:23:40.226+0600][16.104s][info][gc,task     ] GC(11) Using 3 Workers for Young Generation
[2026-04-03T03:23:40.226+0600][16.104s][info][gc,phases   ] GC(11) y: Young Generation
[2026-04-03T03:23:40.226+0600][16.104s][info][gc,phases   ] GC(11) y: Pause Mark Start 0.036ms
[2026-04-03T03:23:40.233+0600][16.111s][info][gc,phases   ] GC(11) y: Concurrent Mark 6.638ms
[2026-04-03T03:23:40.233+0600][16.111s][info][gc,phases   ] GC(11) y: Pause Mark End 0.038ms
[2026-04-03T03:23:40.233+0600][16.111s][info][gc,phases   ] GC(11) y: Concurrent Mark Free 0.001ms
[2026-04-03T03:23:40.234+0600][16.111s][info][gc,phases   ] GC(11) y: Concurrent Reset Relocation Set 0.002ms
[2026-04-03T03:23:40.236+0600][16.114s][info][gc,reloc    ] GC(11) y: Using tenuring threshold: 2 (Computed)
[2026-04-03T03:23:40.236+0600][16.114s][info][gc,phases   ] GC(11) y: Concurrent Select Relocation Set 2.557ms
[2026-04-03T03:23:40.236+0600][16.114s][info][gc,phases   ] GC(11) y: Pause Relocate Start 0.019ms
[2026-04-03T03:23:40.237+0600][16.114s][info][gc,phases   ] GC(11) y: Concurrent Relocate 0.138ms
[2026-04-03T03:23:40.237+0600][16.114s][info][gc,alloc    ] GC(11) y:                         Mark Start        Mark End      Relocate Start    Relocate End   
[2026-04-03T03:23:40.237+0600][16.114s][info][gc,alloc    ] GC(11) y: Allocation Stalls:          0                0                0                0         
[2026-04-03T03:23:40.237+0600][16.114s][info][gc,load     ] GC(11) y: Load: 3.57 (30%) / 4.57 (38%) / 5.22 (43%)
[2026-04-03T03:23:40.237+0600][16.114s][info][gc,mmu      ] GC(11) y: MMU: 2ms/93.1%, 5ms/96.9%, 10ms/98.2%, 20ms/99.1%, 50ms/99.4%, 100ms/99.7%
[2026-04-03T03:23:40.237+0600][16.114s][info][gc,marking  ] GC(11) y: Mark: 2 stripe(s), 2 proactive flush(es), 1 terminate flush(es), 0 completion(s), 0 continuation(s) 
[2026-04-03T03:23:40.237+0600][16.114s][info][gc,marking  ] GC(11) y: Mark Stack Usage: 32M
[2026-04-03T03:23:40.237+0600][16.115s][info][gc,nmethod  ] GC(11) y: NMethods: 4504 registered, 299 unregistered
[2026-04-03T03:23:40.237+0600][16.115s][info][gc,metaspace] GC(11) y: Metaspace: 64M used, 65M committed, 1088M reserved
[2026-04-03T03:23:40.237+0600][16.115s][info][gc,reloc    ] GC(11) y:                        Candidates     Selected     In-Place         Size        Empty    Relocated 
[2026-04-03T03:23:40.237+0600][16.115s][info][gc,reloc    ] GC(11) y: Small Pages:                  113            5            0         226M         214M           0M 
[2026-04-03T03:23:40.237+0600][16.115s][info][gc,reloc    ] GC(11) y: Medium Pages:                   0            0            0           0M           0M           0M 
[2026-04-03T03:23:40.237+0600][16.115s][info][gc,reloc    ] GC(11) y: Large Pages:                    0            0            0           0M           0M           0M 
[2026-04-03T03:23:40.237+0600][16.115s][info][gc,reloc    ] GC(11) y: Forwarding Usage: 0M
[2026-04-03T03:23:40.237+0600][16.115s][info][gc,reloc    ] GC(11) y: Age Table:
[2026-04-03T03:23:40.237+0600][16.115s][info][gc,reloc    ] GC(11) y:                    Live             Garbage             Small              Medium             Large        
[2026-04-03T03:23:40.237+0600][16.115s][info][gc,reloc    ] GC(11) y: Eden               0M (0%)          217M (17%)        109 / 4              0 / 0              0 / 0        
[2026-04-03T03:23:40.237+0600][16.115s][info][gc,reloc    ] GC(11) y: Survivor 1         0M (0%)            5M (0%)           3 / 1              0 / 0              0 / 0        
[2026-04-03T03:23:40.237+0600][16.115s][info][gc,reloc    ] GC(11) y: Survivor 2          -                 2M (0%)           1 / 0              0 / 0              0 / 0        
[2026-04-03T03:23:40.237+0600][16.115s][info][gc,heap     ] GC(11) y: Min Capacity: 8M(1%)
[2026-04-03T03:23:40.237+0600][16.115s][info][gc,heap     ] GC(11) y: Max Capacity: 1250M(100%)
[2026-04-03T03:23:40.237+0600][16.115s][info][gc,heap     ] GC(11) y: Soft Max Capacity: 1250M(100%)
[2026-04-03T03:23:40.237+0600][16.115s][info][gc,heap     ] GC(11) y: Heap Statistics:
[2026-04-03T03:23:40.237+0600][16.115s][info][gc,heap     ] GC(11) y:                Mark Start          Mark End        Relocate Start      Relocate End           High               Low         
[2026-04-03T03:23:40.237+0600][16.115s][info][gc,heap     ] GC(11) y:  Capacity:      878M (70%)         878M (70%)         878M (70%)         878M (70%)         878M (70%)         878M (70%)    
[2026-04-03T03:23:40.237+0600][16.115s][info][gc,heap     ] GC(11) y:      Free:      946M (76%)         930M (74%)        1136M (91%)        1140M (91%)        1140M (91%)         930M (74%)    
[2026-04-03T03:23:40.237+0600][16.115s][info][gc,heap     ] GC(11) y:      Used:      304M (24%)         320M (26%)         114M (9%)          110M (9%)          320M (26%)         110M (9%)     
[2026-04-03T03:23:40.237+0600][16.115s][info][gc,heap     ] GC(11) y: Young Generation Statistics:
[2026-04-03T03:23:40.237+0600][16.115s][info][gc,heap     ] GC(11) y:                Mark Start          Mark End        Relocate Start      Relocate End    
[2026-04-03T03:23:40.237+0600][16.115s][info][gc,heap     ] GC(11) y:      Used:      226M (18%)         242M (19%)          36M (3%)           32M (3%)     
[2026-04-03T03:23:40.237+0600][16.115s][info][gc,heap     ] GC(11) y:      Live:         -                 0M (0%)            0M (0%)            0M (0%)     
[2026-04-03T03:23:40.237+0600][16.115s][info][gc,heap     ] GC(11) y:   Garbage:         -               225M (18%)          11M (1%)            0M (0%)     
[2026-04-03T03:23:40.237+0600][16.115s][info][gc,heap     ] GC(11) y: Allocated:         -                16M (1%)           24M (2%)           31M (3%)     
[2026-04-03T03:23:40.237+0600][16.115s][info][gc,heap     ] GC(11) y: Reclaimed:         -                  -               214M (17%)         225M (18%)    
[2026-04-03T03:23:40.237+0600][16.115s][info][gc,heap     ] GC(11) y:  Promoted:         -                  -                 0M (0%)            0M (0%)     
[2026-04-03T03:23:40.237+0600][16.115s][info][gc,heap     ] GC(11) y: Compacted:         -                  -                  -                 0M (0%)     
[2026-04-03T03:23:40.237+0600][16.115s][info][gc,phases   ] GC(11) y: Young Generation 304M(24%)->110M(9%) 0.010s
[2026-04-03T03:23:40.237+0600][16.115s][info][gc          ] GC(11) Minor Collection (Allocation Rate) 304M(24%)->114M(9%) 0.011s
[2026-04-03T03:23:40.597+0600][16.474s][info][gc          ] GC(12) Minor Collection (Allocation Rate)
[2026-04-03T03:23:40.597+0600][16.474s][info][gc,task     ] GC(12) Using 2 Workers for Young Generation
[2026-04-03T03:23:40.597+0600][16.474s][info][gc,phases   ] GC(12) y: Young Generation
[2026-04-03T03:23:40.597+0600][16.475s][info][gc,phases   ] GC(12) y: Pause Mark Start 0.020ms
[2026-04-03T03:23:40.605+0600][16.483s][info][gc,phases   ] GC(12) y: Concurrent Mark 8.036ms
[2026-04-03T03:23:40.605+0600][16.483s][info][gc,phases   ] GC(12) y: Pause Mark End 0.020ms
[2026-04-03T03:23:40.605+0600][16.483s][info][gc,phases   ] GC(12) y: Concurrent Mark Free 0.001ms
[2026-04-03T03:23:40.605+0600][16.483s][info][gc,phases   ] GC(12) y: Concurrent Reset Relocation Set 0.002ms
[2026-04-03T03:23:40.609+0600][16.487s][info][gc,reloc    ] GC(12) y: Using tenuring threshold: 3 (Computed)
[2026-04-03T03:23:40.609+0600][16.487s][info][gc,phases   ] GC(12) y: Concurrent Select Relocation Set 4.078ms
[2026-04-03T03:23:40.610+0600][16.487s][info][gc,phases   ] GC(12) y: Pause Relocate Start 0.018ms
[2026-04-03T03:23:40.610+0600][16.488s][info][gc,phases   ] GC(12) y: Concurrent Relocate 0.293ms
[2026-04-03T03:23:40.610+0600][16.488s][info][gc,alloc    ] GC(12) y:                         Mark Start        Mark End      Relocate Start    Relocate End   
[2026-04-03T03:23:40.610+0600][16.488s][info][gc,alloc    ] GC(12) y: Allocation Stalls:          0                0                0                0         
[2026-04-03T03:23:40.610+0600][16.488s][info][gc,load     ] GC(12) y: Load: 3.53 (29%) / 4.54 (38%) / 5.20 (43%)
[2026-04-03T03:23:40.610+0600][16.488s][info][gc,mmu      ] GC(12) y: MMU: 2ms/93.1%, 5ms/96.9%, 10ms/98.2%, 20ms/99.1%, 50ms/99.4%, 100ms/99.7%
[2026-04-03T03:23:40.610+0600][16.488s][info][gc,marking  ] GC(12) y: Mark: 2 stripe(s), 2 proactive flush(es), 1 terminate flush(es), 0 completion(s), 0 continuation(s) 
[2026-04-03T03:23:40.610+0600][16.488s][info][gc,marking  ] GC(12) y: Mark Stack Usage: 32M
[2026-04-03T03:23:40.610+0600][16.488s][info][gc,nmethod  ] GC(12) y: NMethods: 4534 registered, 299 unregistered
[2026-04-03T03:23:40.610+0600][16.488s][info][gc,metaspace] GC(12) y: Metaspace: 64M used, 65M committed, 1088M reserved
[2026-04-03T03:23:40.610+0600][16.488s][info][gc,reloc    ] GC(12) y:                        Candidates     Selected     In-Place         Size        Empty    Relocated 
[2026-04-03T03:23:40.610+0600][16.488s][info][gc,reloc    ] GC(12) y: Small Pages:                  439            9            0         878M         858M           0M 
[2026-04-03T03:23:40.610+0600][16.488s][info][gc,reloc    ] GC(12) y: Medium Pages:                   0            0            0           0M           0M           0M 
[2026-04-03T03:23:40.610+0600][16.488s][info][gc,reloc    ] GC(12) y: Large Pages:                    0            0            0           0M           0M           0M 
[2026-04-03T03:23:40.610+0600][16.488s][info][gc,reloc    ] GC(12) y: Forwarding Usage: 0M
[2026-04-03T03:23:40.610+0600][16.488s][info][gc,reloc    ] GC(12) y: Age Table:
[2026-04-03T03:23:40.610+0600][16.488s][info][gc,reloc    ] GC(12) y:                    Live             Garbage             Small              Medium             Large        
[2026-04-03T03:23:40.610+0600][16.488s][info][gc,reloc    ] GC(12) y: Eden               0M (0%)          869M (70%)        435 / 8              0 / 0              0 / 0        
[2026-04-03T03:23:40.610+0600][16.488s][info][gc,reloc    ] GC(12) y: Survivor 1          -                 6M (0%)           3 / 0              0 / 0              0 / 0        
[2026-04-03T03:23:40.610+0600][16.488s][info][gc,reloc    ] GC(12) y: Survivor 2         0M (0%)            1M (0%)           1 / 1              0 / 0              0 / 0        
[2026-04-03T03:23:40.610+0600][16.488s][info][gc,heap     ] GC(12) y: Min Capacity: 8M(1%)
[2026-04-03T03:23:40.610+0600][16.488s][info][gc,heap     ] GC(12) y: Max Capacity: 1250M(100%)
[2026-04-03T03:23:40.610+0600][16.488s][info][gc,heap     ] GC(12) y: Soft Max Capacity: 1250M(100%)
[2026-04-03T03:23:40.610+0600][16.488s][info][gc,heap     ] GC(12) y: Heap Statistics:
[2026-04-03T03:23:40.610+0600][16.488s][info][gc,heap     ] GC(12) y:                Mark Start          Mark End        Relocate Start      Relocate End           High               Low         
[2026-04-03T03:23:40.610+0600][16.488s][info][gc,heap     ] GC(12) y:  Capacity:      956M (76%)         968M (77%)         968M (77%)         968M (77%)         968M (77%)         956M (76%)    
[2026-04-03T03:23:40.610+0600][16.488s][info][gc,heap     ] GC(12) y:      Free:      294M (24%)         282M (23%)        1130M (90%)        1142M (91%)        1142M (91%)         282M (23%)    
[2026-04-03T03:23:40.610+0600][16.488s][info][gc,heap     ] GC(12) y:      Used:      956M (76%)         968M (77%)         120M (10%)         108M (9%)          968M (77%)         108M (9%)     
[2026-04-03T03:23:40.610+0600][16.488s][info][gc,heap     ] GC(12) y: Young Generation Statistics:
[2026-04-03T03:23:40.610+0600][16.488s][info][gc,heap     ] GC(12) y:                Mark Start          Mark End        Relocate Start      Relocate End    
[2026-04-03T03:23:40.610+0600][16.488s][info][gc,heap     ] GC(12) y:      Used:      878M (70%)         890M (71%)          42M (3%)           30M (2%)     
[2026-04-03T03:23:40.610+0600][16.488s][info][gc,heap     ] GC(12) y:      Live:         -                 0M (0%)            0M (0%)            0M (0%)     
[2026-04-03T03:23:40.610+0600][16.488s][info][gc,heap     ] GC(12) y:   Garbage:         -               877M (70%)          19M (2%)            0M (0%)     
[2026-04-03T03:23:40.610+0600][16.488s][info][gc,heap     ] GC(12) y: Allocated:         -                12M (1%)           22M (2%)           29M (2%)     
[2026-04-03T03:23:40.610+0600][16.488s][info][gc,heap     ] GC(12) y: Reclaimed:         -                  -               858M (69%)         877M (70%)    
[2026-04-03T03:23:40.610+0600][16.488s][info][gc,heap     ] GC(12) y:  Promoted:         -                  -                 0M (0%)            0M (0%)     
[2026-04-03T03:23:40.610+0600][16.488s][info][gc,heap     ] GC(12) y: Compacted:         -                  -                  -                 0M (0%)     
[2026-04-03T03:23:40.610+0600][16.488s][info][gc,phases   ] GC(12) y: Young Generation 956M(76%)->108M(9%) 0.013s
[2026-04-03T03:23:40.610+0600][16.488s][info][gc          ] GC(12) Minor Collection (Allocation Rate) 956M(76%)->108M(9%) 0.014s
[2026-04-03T03:23:40.905+0600][16.783s][info][gc          ] GC(13) Minor Collection (Allocation Rate)
[2026-04-03T03:23:40.905+0600][16.783s][info][gc,task     ] GC(13) Using 1 Workers for Young Generation
[2026-04-03T03:23:40.905+0600][16.783s][info][gc,phases   ] GC(13) y: Young Generation
[2026-04-03T03:23:40.905+0600][16.783s][info][gc,phases   ] GC(13) y: Pause Mark Start 0.085ms
[2026-04-03T03:23:40.914+0600][16.792s][info][gc,phases   ] GC(13) y: Concurrent Mark 8.701ms
[2026-04-03T03:23:40.914+0600][16.792s][info][gc,phases   ] GC(13) y: Pause Mark End 0.021ms
[2026-04-03T03:23:40.914+0600][16.792s][info][gc,phases   ] GC(13) y: Concurrent Mark Free 0.001ms
[2026-04-03T03:23:40.914+0600][16.792s][info][gc,phases   ] GC(13) y: Concurrent Reset Relocation Set 0.003ms
[2026-04-03T03:23:40.919+0600][16.797s][info][gc,reloc    ] GC(13) y: Using tenuring threshold: 4 (Computed)
[2026-04-03T03:23:40.919+0600][16.797s][info][gc,phases   ] GC(13) y: Concurrent Select Relocation Set 4.743ms
[2026-04-03T03:23:40.919+0600][16.797s][info][gc,phases   ] GC(13) y: Pause Relocate Start 0.016ms
[2026-04-03T03:23:40.920+0600][16.797s][info][gc,phases   ] GC(13) y: Concurrent Relocate 0.165ms
[2026-04-03T03:23:40.920+0600][16.797s][info][gc,alloc    ] GC(13) y:                         Mark Start        Mark End      Relocate Start    Relocate End   
[2026-04-03T03:23:40.920+0600][16.797s][info][gc,alloc    ] GC(13) y: Allocation Stalls:          0                0                0                0         
[2026-04-03T03:23:40.920+0600][16.797s][info][gc,load     ] GC(13) y: Load: 3.53 (29%) / 4.54 (38%) / 5.20 (43%)
[2026-04-03T03:23:40.920+0600][16.797s][info][gc,mmu      ] GC(13) y: MMU: 2ms/93.1%, 5ms/96.9%, 10ms/98.2%, 20ms/99.1%, 50ms/99.4%, 100ms/99.7%
[2026-04-03T03:23:40.920+0600][16.797s][info][gc,marking  ] GC(13) y: Mark: 1 stripe(s), 2 proactive flush(es), 1 terminate flush(es), 0 completion(s), 0 continuation(s) 
[2026-04-03T03:23:40.920+0600][16.798s][info][gc,marking  ] GC(13) y: Mark Stack Usage: 32M
[2026-04-03T03:23:40.920+0600][16.798s][info][gc,nmethod  ] GC(13) y: NMethods: 4536 registered, 299 unregistered
[2026-04-03T03:23:40.920+0600][16.798s][info][gc,metaspace] GC(13) y: Metaspace: 64M used, 65M committed, 1088M reserved
[2026-04-03T03:23:40.920+0600][16.798s][info][gc,reloc    ] GC(13) y:                        Candidates     Selected     In-Place         Size        Empty    Relocated 
[2026-04-03T03:23:40.920+0600][16.798s][info][gc,reloc    ] GC(13) y: Small Pages:                  408            6            0         816M         802M           0M 
[2026-04-03T03:23:40.920+0600][16.798s][info][gc,reloc    ] GC(13) y: Medium Pages:                   0            0            0           0M           0M           0M 
[2026-04-03T03:23:40.920+0600][16.798s][info][gc,reloc    ] GC(13) y: Large Pages:                    0            0            0           0M           0M           0M 
[2026-04-03T03:23:40.920+0600][16.798s][info][gc,reloc    ] GC(13) y: Forwarding Usage: 0M
[2026-04-03T03:23:40.920+0600][16.798s][info][gc,reloc    ] GC(13) y: Age Table:
[2026-04-03T03:23:40.920+0600][16.798s][info][gc,reloc    ] GC(13) y:                    Live             Garbage             Small              Medium             Large        
[2026-04-03T03:23:40.920+0600][16.798s][info][gc,reloc    ] GC(13) y: Eden               0M (0%)          809M (65%)        405 / 5              0 / 0              0 / 0        
[2026-04-03T03:23:40.920+0600][16.798s][info][gc,reloc    ] GC(13) y: Survivor 1         0M (0%)            3M (0%)           2 / 1              0 / 0              0 / 0        
[2026-04-03T03:23:40.920+0600][16.798s][info][gc,reloc    ] GC(13) y: Survivor 2          -                 0M (0%)           0 / 0              0 / 0              0 / 0        
[2026-04-03T03:23:40.920+0600][16.798s][info][gc,reloc    ] GC(13) y: Survivor 3         0M (0%)            1M (0%)           1 / 0              0 / 0              0 / 0        
[2026-04-03T03:23:40.920+0600][16.798s][info][gc,heap     ] GC(13) y: Min Capacity: 8M(1%)
[2026-04-03T03:23:40.920+0600][16.798s][info][gc,heap     ] GC(13) y: Max Capacity: 1250M(100%)
[2026-04-03T03:23:40.920+0600][16.798s][info][gc,heap     ] GC(13) y: Soft Max Capacity: 1250M(100%)
[2026-04-03T03:23:40.920+0600][16.798s][info][gc,heap     ] GC(13) y: Heap Statistics:
[2026-04-03T03:23:40.920+0600][16.798s][info][gc,heap     ] GC(13) y:                Mark Start          Mark End        Relocate Start      Relocate End           High               Low         
[2026-04-03T03:23:40.920+0600][16.798s][info][gc,heap     ] GC(13) y:  Capacity:      968M (77%)         968M (77%)         968M (77%)         968M (77%)         968M (77%)         968M (77%)    
[2026-04-03T03:23:40.920+0600][16.798s][info][gc,heap     ] GC(13) y:      Free:      356M (28%)         332M (27%)        1122M (90%)        1130M (90%)        1130M (90%)         332M (27%)    
[2026-04-03T03:23:40.920+0600][16.798s][info][gc,heap     ] GC(13) y:      Used:      894M (72%)         918M (73%)         128M (10%)         120M (10%)         918M (73%)         120M (10%)    
[2026-04-03T03:23:40.920+0600][16.798s][info][gc,heap     ] GC(13) y: Young Generation Statistics:
[2026-04-03T03:23:40.920+0600][16.798s][info][gc,heap     ] GC(13) y:                Mark Start          Mark End        Relocate Start      Relocate End    
[2026-04-03T03:23:40.920+0600][16.798s][info][gc,heap     ] GC(13) y:      Used:      816M (65%)         840M (67%)          50M (4%)           42M (3%)     
[2026-04-03T03:23:40.920+0600][16.798s][info][gc,heap     ] GC(13) y:      Live:         -                 0M (0%)            0M (0%)            0M (0%)     
[2026-04-03T03:23:40.920+0600][16.798s][info][gc,heap     ] GC(13) y:   Garbage:         -               815M (65%)          13M (1%)            0M (0%)     
[2026-04-03T03:23:40.920+0600][16.798s][info][gc,heap     ] GC(13) y: Allocated:         -                24M (2%)           36M (3%)           41M (3%)     
[2026-04-03T03:23:40.920+0600][16.798s][info][gc,heap     ] GC(13) y: Reclaimed:         -                  -               802M (64%)         815M (65%)    
[2026-04-03T03:23:40.920+0600][16.798s][info][gc,heap     ] GC(13) y:  Promoted:         -                  -                 0M (0%)            0M (0%)     
[2026-04-03T03:23:40.920+0600][16.798s][info][gc,heap     ] GC(13) y: Compacted:         -                  -                  -                 0M (0%)     
[2026-04-03T03:23:40.920+0600][16.798s][info][gc,phases   ] GC(13) y: Young Generation 894M(72%)->120M(10%) 0.015s
[2026-04-03T03:23:40.920+0600][16.798s][info][gc          ] GC(13) Minor Collection (Allocation Rate) 894M(72%)->122M(10%) 0.015s
[2026-04-03T03:23:41.231+0600][17.109s][info][gc          ] GC(14) Minor Collection (Allocation Rate)
[2026-04-03T03:23:41.231+0600][17.109s][info][gc,task     ] GC(14) Using 1 Workers for Young Generation
[2026-04-03T03:23:41.231+0600][17.109s][info][gc,phases   ] GC(14) y: Young Generation
[2026-04-03T03:23:41.231+0600][17.109s][info][gc,phases   ] GC(14) y: Pause Mark Start 0.048ms
[2026-04-03T03:23:41.240+0600][17.117s][info][gc,phases   ] GC(14) y: Concurrent Mark 8.445ms
[2026-04-03T03:23:41.240+0600][17.118s][info][gc,phases   ] GC(14) y: Pause Mark End 0.019ms
[2026-04-03T03:23:41.240+0600][17.118s][info][gc,phases   ] GC(14) y: Concurrent Mark Free 0.001ms
[2026-04-03T03:23:41.240+0600][17.118s][info][gc,phases   ] GC(14) y: Concurrent Reset Relocation Set 0.002ms
[2026-04-03T03:23:41.244+0600][17.122s][info][gc,reloc    ] GC(14) y: Using tenuring threshold: 1 (Computed)
[2026-04-03T03:23:41.245+0600][17.122s][info][gc,phases   ] GC(14) y: Concurrent Select Relocation Set 4.725ms
[2026-04-03T03:23:41.245+0600][17.123s][info][gc,phases   ] GC(14) y: Pause Relocate Start 0.025ms
[2026-04-03T03:23:41.245+0600][17.123s][info][gc,phases   ] GC(14) y: Concurrent Relocate 0.189ms
[2026-04-03T03:23:41.245+0600][17.123s][info][gc,alloc    ] GC(14) y:                         Mark Start        Mark End      Relocate Start    Relocate End   
[2026-04-03T03:23:41.245+0600][17.123s][info][gc,alloc    ] GC(14) y: Allocation Stalls:          0                0                0                0         
[2026-04-03T03:23:41.245+0600][17.123s][info][gc,load     ] GC(14) y: Load: 3.53 (29%) / 4.54 (38%) / 5.20 (43%)
[2026-04-03T03:23:41.245+0600][17.123s][info][gc,mmu      ] GC(14) y: MMU: 2ms/93.1%, 5ms/96.9%, 10ms/98.2%, 20ms/99.1%, 50ms/99.4%, 100ms/99.7%
[2026-04-03T03:23:41.245+0600][17.123s][info][gc,marking  ] GC(14) y: Mark: 1 stripe(s), 2 proactive flush(es), 1 terminate flush(es), 0 completion(s), 0 continuation(s) 
[2026-04-03T03:23:41.245+0600][17.123s][info][gc,marking  ] GC(14) y: Mark Stack Usage: 32M
[2026-04-03T03:23:41.245+0600][17.123s][info][gc,nmethod  ] GC(14) y: NMethods: 4546 registered, 299 unregistered
[2026-04-03T03:23:41.245+0600][17.123s][info][gc,metaspace] GC(14) y: Metaspace: 64M used, 65M committed, 1088M reserved
[2026-04-03T03:23:41.245+0600][17.123s][info][gc,reloc    ] GC(14) y:                        Candidates     Selected     In-Place         Size        Empty    Relocated 
[2026-04-03T03:23:41.245+0600][17.123s][info][gc,reloc    ] GC(14) y: Small Pages:                  433            7            0         866M         850M           0M 
[2026-04-03T03:23:41.245+0600][17.123s][info][gc,reloc    ] GC(14) y: Medium Pages:                   0            0            0           0M           0M           0M 
[2026-04-03T03:23:41.245+0600][17.123s][info][gc,reloc    ] GC(14) y: Large Pages:                    0            0            0           0M           0M           0M 
[2026-04-03T03:23:41.245+0600][17.123s][info][gc,reloc    ] GC(14) y: Forwarding Usage: 0M
[2026-04-03T03:23:41.245+0600][17.123s][info][gc,reloc    ] GC(14) y: Age Table:
[2026-04-03T03:23:41.245+0600][17.123s][info][gc,reloc    ] GC(14) y:                    Live             Garbage             Small              Medium             Large        
[2026-04-03T03:23:41.245+0600][17.123s][info][gc,reloc    ] GC(14) y: Eden               0M (0%)          859M (69%)        430 / 5              0 / 0              0 / 0        
[2026-04-03T03:23:41.245+0600][17.123s][info][gc,reloc    ] GC(14) y: Survivor 1         0M (0%)            1M (0%)           1 / 0              0 / 0              0 / 0        
[2026-04-03T03:23:41.245+0600][17.123s][info][gc,reloc    ] GC(14) y: Survivor 2         0M (0%)            1M (0%)           1 / 1              0 / 0              0 / 0        
[2026-04-03T03:23:41.245+0600][17.123s][info][gc,reloc    ] GC(14) y: Survivor 3          -                 0M (0%)           0 / 0              0 / 0              0 / 0        
[2026-04-03T03:23:41.245+0600][17.123s][info][gc,reloc    ] GC(14) y: Survivor 4         0M (0%)            1M (0%)           1 / 1              0 / 0              0 / 0        
[2026-04-03T03:23:41.245+0600][17.123s][info][gc,heap     ] GC(14) y: Min Capacity: 8M(1%)
[2026-04-03T03:23:41.245+0600][17.123s][info][gc,heap     ] GC(14) y: Max Capacity: 1250M(100%)
[2026-04-03T03:23:41.245+0600][17.123s][info][gc,heap     ] GC(14) y: Soft Max Capacity: 1250M(100%)
[2026-04-03T03:23:41.245+0600][17.123s][info][gc,heap     ] GC(14) y: Heap Statistics:
[2026-04-03T03:23:41.245+0600][17.123s][info][gc,heap     ] GC(14) y:                Mark Start          Mark End        Relocate Start      Relocate End           High               Low         
[2026-04-03T03:23:41.245+0600][17.123s][info][gc,heap     ] GC(14) y:  Capacity:      968M (77%)         968M (77%)         968M (77%)         968M (77%)         968M (77%)         968M (77%)    
[2026-04-03T03:23:41.245+0600][17.123s][info][gc,heap     ] GC(14) y:      Free:      306M (24%)         282M (23%)        1120M (90%)        1132M (91%)        1132M (91%)         282M (23%)    
[2026-04-03T03:23:41.245+0600][17.123s][info][gc,heap     ] GC(14) y:      Used:      944M (76%)         968M (77%)         130M (10%)         118M (9%)          968M (77%)         118M (9%)     
[2026-04-03T03:23:41.245+0600][17.123s][info][gc,heap     ] GC(14) y: Young Generation Statistics:
[2026-04-03T03:23:41.245+0600][17.123s][info][gc,heap     ] GC(14) y:                Mark Start          Mark End        Relocate Start      Relocate End    
[2026-04-03T03:23:41.245+0600][17.123s][info][gc,heap     ] GC(14) y:      Used:      866M (69%)         890M (71%)          52M (4%)           38M (3%)     
[2026-04-03T03:23:41.245+0600][17.123s][info][gc,heap     ] GC(14) y:      Live:         -                 0M (0%)            0M (0%)            0M (0%)     
[2026-04-03T03:23:41.245+0600][17.123s][info][gc,heap     ] GC(14) y:   Garbage:         -               865M (69%)          15M (1%)            0M (0%)     
[2026-04-03T03:23:41.245+0600][17.123s][info][gc,heap     ] GC(14) y: Allocated:         -                24M (2%)           36M (3%)           37M (3%)     
[2026-04-03T03:23:41.245+0600][17.123s][info][gc,heap     ] GC(14) y: Reclaimed:         -                  -               850M (68%)         865M (69%)    
[2026-04-03T03:23:41.246+0600][17.123s][info][gc,heap     ] GC(14) y:  Promoted:         -                  -                 0M (0%)            0M (0%)     
[2026-04-03T03:23:41.246+0600][17.123s][info][gc,heap     ] GC(14) y: Compacted:         -                  -                  -                 0M (0%)     
[2026-04-03T03:23:41.246+0600][17.123s][info][gc,phases   ] GC(14) y: Young Generation 944M(76%)->118M(9%) 0.014s
[2026-04-03T03:23:41.246+0600][17.123s][info][gc          ] GC(14) Minor Collection (Allocation Rate) 944M(76%)->120M(10%) 0.015s
[2026-04-03T03:23:41.680+0600][17.557s][info][gc          ] GC(15) Minor Collection (Allocation Rate)
[2026-04-03T03:23:41.680+0600][17.557s][info][gc,task     ] GC(15) Using 3 Workers for Young Generation
[2026-04-03T03:23:41.680+0600][17.557s][info][gc,phases   ] GC(15) y: Young Generation
[2026-04-03T03:23:41.680+0600][17.558s][info][gc,phases   ] GC(15) y: Pause Mark Start 0.021ms
[2026-04-03T03:23:41.685+0600][17.563s][info][gc,phases   ] GC(15) y: Concurrent Mark 5.245ms
[2026-04-03T03:23:41.686+0600][17.563s][info][gc,phases   ] GC(15) y: Pause Mark End 0.020ms
[2026-04-03T03:23:41.686+0600][17.563s][info][gc,phases   ] GC(15) y: Concurrent Mark Free 0.001ms
[2026-04-03T03:23:41.686+0600][17.564s][info][gc,phases   ] GC(15) y: Concurrent Reset Relocation Set 0.002ms
[2026-04-03T03:23:41.688+0600][17.566s][info][gc,reloc    ] GC(15) y: Using tenuring threshold: 2 (Computed)
[2026-04-03T03:23:41.688+0600][17.566s][info][gc,phases   ] GC(15) y: Concurrent Select Relocation Set 2.615ms
[2026-04-03T03:23:41.689+0600][17.566s][info][gc,phases   ] GC(15) y: Pause Relocate Start 0.012ms
[2026-04-03T03:23:41.689+0600][17.567s][info][gc,phases   ] GC(15) y: Concurrent Relocate 0.231ms
[2026-04-03T03:23:41.689+0600][17.567s][info][gc,alloc    ] GC(15) y:                         Mark Start        Mark End      Relocate Start    Relocate End   
[2026-04-03T03:23:41.689+0600][17.567s][info][gc,alloc    ] GC(15) y: Allocation Stalls:          0                0                0                0         
[2026-04-03T03:23:41.689+0600][17.567s][info][gc,load     ] GC(15) y: Load: 3.53 (29%) / 4.54 (38%) / 5.20 (43%)
[2026-04-03T03:23:41.689+0600][17.567s][info][gc,mmu      ] GC(15) y: MMU: 2ms/93.1%, 5ms/96.9%, 10ms/98.2%, 20ms/99.1%, 50ms/99.4%, 100ms/99.7%
[2026-04-03T03:23:41.689+0600][17.567s][info][gc,marking  ] GC(15) y: Mark: 2 stripe(s), 2 proactive flush(es), 1 terminate flush(es), 0 completion(s), 0 continuation(s) 
[2026-04-03T03:23:41.689+0600][17.567s][info][gc,marking  ] GC(15) y: Mark Stack Usage: 32M
[2026-04-03T03:23:41.689+0600][17.567s][info][gc,nmethod  ] GC(15) y: NMethods: 4553 registered, 299 unregistered
[2026-04-03T03:23:41.689+0600][17.567s][info][gc,metaspace] GC(15) y: Metaspace: 64M used, 65M committed, 1088M reserved
[2026-04-03T03:23:41.689+0600][17.567s][info][gc,reloc    ] GC(15) y:                        Candidates     Selected     In-Place         Size        Empty    Relocated 
[2026-04-03T03:23:41.689+0600][17.567s][info][gc,reloc    ] GC(15) y: Small Pages:                  527            8            0        1054M        1036M           0M 
[2026-04-03T03:23:41.689+0600][17.567s][info][gc,reloc    ] GC(15) y: Medium Pages:                   0            0            0           0M           0M           0M 
[2026-04-03T03:23:41.689+0600][17.567s][info][gc,reloc    ] GC(15) y: Large Pages:                    0            0            0           0M           0M           0M 
[2026-04-03T03:23:41.689+0600][17.567s][info][gc,reloc    ] GC(15) y: Forwarding Usage: 0M
[2026-04-03T03:23:41.689+0600][17.567s][info][gc,reloc    ] GC(15) y: Age Table:
[2026-04-03T03:23:41.689+0600][17.567s][info][gc,reloc    ] GC(15) y:                    Live             Garbage             Small              Medium             Large        
[2026-04-03T03:23:41.689+0600][17.567s][info][gc,reloc    ] GC(15) y: Eden               0M (0%)         1051M (84%)        526 / 8              0 / 0              0 / 0        
[2026-04-03T03:23:41.689+0600][17.567s][info][gc,reloc    ] GC(15) y: Survivor 1         0M (0%)            1M (0%)           1 / 0              0 / 0              0 / 0        
[2026-04-03T03:23:41.689+0600][17.567s][info][gc,heap     ] GC(15) y: Min Capacity: 8M(1%)
[2026-04-03T03:23:41.689+0600][17.567s][info][gc,heap     ] GC(15) y: Max Capacity: 1250M(100%)
[2026-04-03T03:23:41.689+0600][17.567s][info][gc,heap     ] GC(15) y: Soft Max Capacity: 1250M(100%)
[2026-04-03T03:23:41.689+0600][17.567s][info][gc,heap     ] GC(15) y: Heap Statistics:
[2026-04-03T03:23:41.689+0600][17.567s][info][gc,heap     ] GC(15) y:                Mark Start          Mark End        Relocate Start      Relocate End           High               Low         
[2026-04-03T03:23:41.689+0600][17.567s][info][gc,heap     ] GC(15) y:  Capacity:     1134M (91%)        1142M (91%)        1144M (92%)        1144M (92%)        1144M (92%)        1134M (91%)    
[2026-04-03T03:23:41.689+0600][17.567s][info][gc,heap     ] GC(15) y:      Free:      116M (9%)          108M (9%)         1140M (91%)        1152M (92%)        1152M (92%)         106M (8%)     
[2026-04-03T03:23:41.689+0600][17.567s][info][gc,heap     ] GC(15) y:      Used:     1134M (91%)        1142M (91%)         110M (9%)           98M (8%)         1144M (92%)          98M (8%)     
[2026-04-03T03:23:41.689+0600][17.567s][info][gc,heap     ] GC(15) y: Young Generation Statistics:
[2026-04-03T03:23:41.689+0600][17.567s][info][gc,heap     ] GC(15) y:                Mark Start          Mark End        Relocate Start      Relocate End    
[2026-04-03T03:23:41.689+0600][17.567s][info][gc,heap     ] GC(15) y:      Used:     1054M (84%)        1062M (85%)          30M (2%)           18M (1%)     
[2026-04-03T03:23:41.689+0600][17.567s][info][gc,heap     ] GC(15) y:      Live:         -                 0M (0%)            0M (0%)            0M (0%)     
[2026-04-03T03:23:41.689+0600][17.567s][info][gc,heap     ] GC(15) y:   Garbage:         -              1053M (84%)          17M (1%)            0M (0%)     
[2026-04-03T03:23:41.689+0600][17.567s][info][gc,heap     ] GC(15) y: Allocated:         -                 8M (1%)           12M (1%)           17M (1%)     
[2026-04-03T03:23:41.689+0600][17.567s][info][gc,heap     ] GC(15) y: Reclaimed:         -                  -              1036M (83%)        1053M (84%)    
[2026-04-03T03:23:41.689+0600][17.567s][info][gc,heap     ] GC(15) y:  Promoted:         -                  -                 0M (0%)            0M (0%)     
[2026-04-03T03:23:41.689+0600][17.567s][info][gc,heap     ] GC(15) y: Compacted:         -                  -                  -                 0M (0%)     
[2026-04-03T03:23:41.689+0600][17.567s][info][gc,phases   ] GC(15) y: Young Generation 1134M(91%)->98M(8%) 0.009s
[2026-04-03T03:23:41.689+0600][17.567s][info][gc          ] GC(15) Minor Collection (Allocation Rate) 1134M(91%)->100M(8%) 0.010s
[2026-04-03T03:23:42.082+0600][17.960s][info][gc          ] GC(16) Minor Collection (Allocation Rate)
[2026-04-03T03:23:42.082+0600][17.960s][info][gc,task     ] GC(16) Using 1 Workers for Young Generation
[2026-04-03T03:23:42.083+0600][17.960s][info][gc,phases   ] GC(16) y: Young Generation
[2026-04-03T03:23:42.083+0600][17.961s][info][gc,phases   ] GC(16) y: Pause Mark Start 0.025ms
[2026-04-03T03:23:42.093+0600][17.971s][info][gc,phases   ] GC(16) y: Concurrent Mark 10.318ms
[2026-04-03T03:23:42.094+0600][17.971s][info][gc,phases   ] GC(16) y: Pause Mark End 0.032ms
[2026-04-03T03:23:42.094+0600][17.971s][info][gc,phases   ] GC(16) y: Concurrent Mark Free 0.001ms
[2026-04-03T03:23:42.094+0600][17.971s][info][gc,phases   ] GC(16) y: Concurrent Reset Relocation Set 0.002ms
[2026-04-03T03:23:42.098+0600][17.976s][info][gc,reloc    ] GC(16) y: Using tenuring threshold: 3 (Computed)
[2026-04-03T03:23:42.099+0600][17.977s][info][gc,phases   ] GC(16) y: Concurrent Select Relocation Set 5.161ms
[2026-04-03T03:23:42.099+0600][17.977s][info][gc,phases   ] GC(16) y: Pause Relocate Start 0.036ms
[2026-04-03T03:23:42.100+0600][17.978s][info][gc,phases   ] GC(16) y: Concurrent Relocate 0.865ms
[2026-04-03T03:23:42.100+0600][17.978s][info][gc,alloc    ] GC(16) y:                         Mark Start        Mark End      Relocate Start    Relocate End   
[2026-04-03T03:23:42.100+0600][17.978s][info][gc,alloc    ] GC(16) y: Allocation Stalls:          0                0                0                0         
[2026-04-03T03:23:42.100+0600][17.978s][info][gc,load     ] GC(16) y: Load: 3.53 (29%) / 4.54 (38%) / 5.20 (43%)
[2026-04-03T03:23:42.100+0600][17.978s][info][gc,mmu      ] GC(16) y: MMU: 2ms/93.1%, 5ms/96.9%, 10ms/98.2%, 20ms/99.1%, 50ms/99.4%, 100ms/99.7%
[2026-04-03T03:23:42.100+0600][17.978s][info][gc,marking  ] GC(16) y: Mark: 1 stripe(s), 2 proactive flush(es), 1 terminate flush(es), 0 completion(s), 0 continuation(s) 
[2026-04-03T03:23:42.100+0600][17.978s][info][gc,marking  ] GC(16) y: Mark Stack Usage: 32M
[2026-04-03T03:23:42.100+0600][17.978s][info][gc,nmethod  ] GC(16) y: NMethods: 4645 registered, 299 unregistered
[2026-04-03T03:23:42.100+0600][17.978s][info][gc,metaspace] GC(16) y: Metaspace: 65M used, 66M committed, 1088M reserved
[2026-04-03T03:23:42.100+0600][17.978s][info][gc,reloc    ] GC(16) y:                        Candidates     Selected     In-Place         Size        Empty    Relocated 
[2026-04-03T03:23:42.100+0600][17.978s][info][gc,reloc    ] GC(16) y: Small Pages:                  464           17            0         928M         892M           0M 
[2026-04-03T03:23:42.100+0600][17.978s][info][gc,reloc    ] GC(16) y: Medium Pages:                   1            0            0          32M          32M           0M 
[2026-04-03T03:23:42.100+0600][17.978s][info][gc,reloc    ] GC(16) y: Large Pages:                    0            0            0           0M           0M           0M 
[2026-04-03T03:23:42.100+0600][17.978s][info][gc,reloc    ] GC(16) y: Forwarding Usage: 0M
[2026-04-03T03:23:42.100+0600][17.978s][info][gc,reloc    ] GC(16) y: Age Table:
[2026-04-03T03:23:42.100+0600][17.978s][info][gc,reloc    ] GC(16) y:                    Live             Garbage             Small              Medium             Large        
[2026-04-03T03:23:42.100+0600][17.978s][info][gc,reloc    ] GC(16) y: Eden               0M (0%)          953M (76%)        461 / 15             1 / 0              0 / 0        
[2026-04-03T03:23:42.100+0600][17.978s][info][gc,reloc    ] GC(16) y: Survivor 1         0M (0%)            3M (0%)           2 / 1              0 / 0              0 / 0        
[2026-04-03T03:23:42.100+0600][17.978s][info][gc,reloc    ] GC(16) y: Survivor 2         0M (0%)            1M (0%)           1 / 1              0 / 0              0 / 0        
[2026-04-03T03:23:42.100+0600][17.978s][info][gc,heap     ] GC(16) y: Min Capacity: 8M(1%)
[2026-04-03T03:23:42.100+0600][17.978s][info][gc,heap     ] GC(16) y: Max Capacity: 1250M(100%)
[2026-04-03T03:23:42.100+0600][17.978s][info][gc,heap     ] GC(16) y: Soft Max Capacity: 1250M(100%)
[2026-04-03T03:23:42.100+0600][17.978s][info][gc,heap     ] GC(16) y: Heap Statistics:
[2026-04-03T03:23:42.100+0600][17.978s][info][gc,heap     ] GC(16) y:                Mark Start          Mark End        Relocate Start      Relocate End           High               Low         
[2026-04-03T03:23:42.100+0600][17.978s][info][gc,heap     ] GC(16) y:  Capacity:     1176M (94%)        1176M (94%)        1176M (94%)        1176M (94%)        1176M (94%)        1176M (94%)    
[2026-04-03T03:23:42.100+0600][17.978s][info][gc,heap     ] GC(16) y:      Free:      210M (17%)         192M (15%)        1106M (88%)        1136M (91%)        1136M (91%)         192M (15%)    
[2026-04-03T03:23:42.100+0600][17.978s][info][gc,heap     ] GC(16) y:      Used:     1040M (83%)        1058M (85%)         144M (12%)         114M (9%)         1058M (85%)         114M (9%)     
[2026-04-03T03:23:42.100+0600][17.978s][info][gc,heap     ] GC(16) y: Young Generation Statistics:
[2026-04-03T03:23:42.100+0600][17.978s][info][gc,heap     ] GC(16) y:                Mark Start          Mark End        Relocate Start      Relocate End    
[2026-04-03T03:23:42.100+0600][17.978s][info][gc,heap     ] GC(16) y:      Used:      960M (77%)         978M (78%)          64M (5%)           34M (3%)     
[2026-04-03T03:23:42.100+0600][17.978s][info][gc,heap     ] GC(16) y:      Live:         -                 0M (0%)            0M (0%)            0M (0%)     
[2026-04-03T03:23:42.100+0600][17.978s][info][gc,heap     ] GC(16) y:   Garbage:         -               959M (77%)          35M (3%)            0M (0%)     
[2026-04-03T03:23:42.100+0600][17.978s][info][gc,heap     ] GC(16) y: Allocated:         -                18M (1%)           28M (2%)           33M (3%)     
[2026-04-03T03:23:42.100+0600][17.978s][info][gc,heap     ] GC(16) y: Reclaimed:         -                  -               924M (74%)         959M (77%)    
[2026-04-03T03:23:42.100+0600][17.978s][info][gc,heap     ] GC(16) y:  Promoted:         -                  -                 0M (0%)            0M (0%)     
[2026-04-03T03:23:42.100+0600][17.978s][info][gc,heap     ] GC(16) y: Compacted:         -                  -                  -                 0M (0%)     
[2026-04-03T03:23:42.100+0600][17.978s][info][gc,phases   ] GC(16) y: Young Generation 1040M(83%)->114M(9%) 0.018s
[2026-04-03T03:23:42.100+0600][17.978s][info][gc          ] GC(16) Minor Collection (Allocation Rate) 1040M(83%)->116M(9%) 0.018s
[2026-04-03T03:23:43.684+0600][19.562s][info][gc          ] GC(17) Minor Collection (Allocation Rate)
[2026-04-03T03:23:43.684+0600][19.562s][info][gc,task     ] GC(17) Using 1 Workers for Young Generation
[2026-04-03T03:23:43.684+0600][19.562s][info][gc,phases   ] GC(17) y: Young Generation
[2026-04-03T03:23:43.684+0600][19.562s][info][gc,phases   ] GC(17) y: Pause Mark Start 0.027ms
[2026-04-03T03:23:43.874+0600][19.751s][info][gc,task     ] Adjusting Workers for Young Generation: 1 -> 3
[2026-04-03T03:23:44.089+0600][19.967s][info][gc,phases   ] GC(17) y: Concurrent Mark 404.877ms
[2026-04-03T03:23:44.090+0600][19.967s][info][gc,phases   ] GC(17) y: Pause Mark End 0.029ms
[2026-04-03T03:23:44.090+0600][19.968s][info][gc,phases   ] GC(17) y: Concurrent Mark Free 0.001ms
[2026-04-03T03:23:44.090+0600][19.968s][info][gc,phases   ] GC(17) y: Concurrent Reset Relocation Set 0.004ms
[2026-04-03T03:23:44.093+0600][19.971s][info][gc,reloc    ] GC(17) y: Using tenuring threshold: 4 (Computed)
[2026-04-03T03:23:44.093+0600][19.971s][info][gc          ] Allocation Stall (Executor task launch worker for task 0.0 in stage 1.0 (TID 3)) 103.637ms
[2026-04-03T03:23:44.093+0600][19.971s][info][gc          ] Allocation Stall (Executor task launch worker for task 1.0 in stage 1.0 (TID 4)) 103.511ms
[2026-04-03T03:23:44.093+0600][19.971s][info][gc          ] Allocation Stall (Executor task launch worker for task 2.0 in stage 1.0 (TID 5)) 102.372ms
[2026-04-03T03:23:44.126+0600][20.003s][info][gc,phases   ] GC(17) y: Concurrent Select Relocation Set 35.580ms
[2026-04-03T03:23:44.126+0600][20.004s][info][gc,phases   ] GC(17) y: Pause Relocate Start 0.024ms
[2026-04-03T03:23:44.255+0600][20.133s][info][gc,phases   ] GC(17) y: Concurrent Relocate 129.401ms
[2026-04-03T03:23:44.255+0600][20.133s][info][gc,alloc    ] GC(17) y:                         Mark Start        Mark End      Relocate Start    Relocate End   
[2026-04-03T03:23:44.255+0600][20.133s][info][gc,alloc    ] GC(17) y: Allocation Stalls:          0                3                0                0         
[2026-04-03T03:23:44.256+0600][20.133s][info][gc,load     ] GC(17) y: Load: 3.53 (29%) / 4.54 (38%) / 5.20 (43%)
[2026-04-03T03:23:44.256+0600][20.133s][info][gc,mmu      ] GC(17) y: MMU: 2ms/93.1%, 5ms/96.9%, 10ms/98.2%, 20ms/99.1%, 50ms/99.4%, 100ms/99.7%
[2026-04-03T03:23:44.256+0600][20.133s][info][gc,marking  ] GC(17) y: Mark: 1 stripe(s), 2 proactive flush(es), 1 terminate flush(es), 0 completion(s), 0 continuation(s) 
[2026-04-03T03:23:44.256+0600][20.133s][info][gc,marking  ] GC(17) y: Mark Stack Usage: 32M
[2026-04-03T03:23:44.256+0600][20.133s][info][gc,nmethod  ] GC(17) y: NMethods: 5499 registered, 0 unregistered
[2026-04-03T03:23:44.256+0600][20.133s][info][gc,metaspace] GC(17) y: Metaspace: 67M used, 68M committed, 1088M reserved
[2026-04-03T03:23:44.256+0600][20.133s][info][gc,reloc    ] GC(17) y:                        Candidates     Selected     In-Place         Size        Empty    Relocated 
[2026-04-03T03:23:44.256+0600][20.133s][info][gc,reloc    ] GC(17) y: Small Pages:                  420          316            0         840M          82M          84M 
[2026-04-03T03:23:44.256+0600][20.133s][info][gc,reloc    ] GC(17) y: Medium Pages:                   1            0            0          32M          32M           0M 
[2026-04-03T03:23:44.256+0600][20.133s][info][gc,reloc    ] GC(17) y: Large Pages:                    7            0            0          54M          24M           0M 
[2026-04-03T03:23:44.256+0600][20.133s][info][gc,reloc    ] GC(17) y: Forwarding Usage: 69M
[2026-04-03T03:23:44.256+0600][20.133s][info][gc,reloc    ] GC(17) y: Age Table:
[2026-04-03T03:23:44.256+0600][20.133s][info][gc,reloc    ] GC(17) y:                    Live             Garbage             Small              Medium             Large        
[2026-04-03T03:23:44.256+0600][20.133s][info][gc,reloc    ] GC(17) y: Eden             138M (11%)         781M (63%)        417 / 314            1 / 0              7 / 0        
[2026-04-03T03:23:44.256+0600][20.133s][info][gc,reloc    ] GC(17) y: Survivor 1         0M (0%)            1M (0%)           1 / 1              0 / 0              0 / 0        
[2026-04-03T03:23:44.256+0600][20.133s][info][gc,reloc    ] GC(17) y: Survivor 2         0M (0%)            1M (0%)           1 / 0              0 / 0              0 / 0        
[2026-04-03T03:23:44.256+0600][20.133s][info][gc,reloc    ] GC(17) y: Survivor 3         0M (0%)            1M (0%)           1 / 1              0 / 0              0 / 0        
[2026-04-03T03:23:44.256+0600][20.133s][info][gc,heap     ] GC(17) y: Min Capacity: 8M(1%)
[2026-04-03T03:23:44.256+0600][20.133s][info][gc,heap     ] GC(17) y: Max Capacity: 1250M(100%)
[2026-04-03T03:23:44.256+0600][20.133s][info][gc,heap     ] GC(17) y: Soft Max Capacity: 1250M(100%)
[2026-04-03T03:23:44.256+0600][20.133s][info][gc,heap     ] GC(17) y: Heap Statistics:
[2026-04-03T03:23:44.256+0600][20.133s][info][gc,heap     ] GC(17) y:                Mark Start          Mark End        Relocate Start      Relocate End           High               Low         
[2026-04-03T03:23:44.256+0600][20.134s][info][gc,heap     ] GC(17) y:  Capacity:     1230M (98%)        1250M (100%)       1250M (100%)       1250M (100%)       1250M (100%)       1230M (98%)    
[2026-04-03T03:23:44.256+0600][20.134s][info][gc,heap     ] GC(17) y:      Free:      244M (20%)           0M (0%)          118M (9%)          684M (55%)         684M (55%)           0M (0%)     
[2026-04-03T03:23:44.256+0600][20.134s][info][gc,heap     ] GC(17) y:      Used:     1006M (80%)        1250M (100%)       1132M (91%)         566M (45%)        1250M (100%)        566M (45%)    
[2026-04-03T03:23:44.256+0600][20.134s][info][gc,heap     ] GC(17) y: Young Generation Statistics:
[2026-04-03T03:23:44.256+0600][20.134s][info][gc,heap     ] GC(17) y:                Mark Start          Mark End        Relocate Start      Relocate End    
[2026-04-03T03:23:44.256+0600][20.134s][info][gc,heap     ] GC(17) y:      Used:      926M (74%)        1170M (94%)        1052M (84%)         486M (39%)    
[2026-04-03T03:23:44.256+0600][20.134s][info][gc,heap     ] GC(17) y:      Live:         -               138M (11%)         138M (11%)         138M (11%)    
[2026-04-03T03:23:44.256+0600][20.134s][info][gc,heap     ] GC(17) y:   Garbage:         -               787M (63%)         649M (52%)           1M (0%)     
[2026-04-03T03:23:44.256+0600][20.134s][info][gc,heap     ] GC(17) y: Allocated:         -               244M (20%)         264M (21%)         345M (28%)    
[2026-04-03T03:23:44.256+0600][20.134s][info][gc,heap     ] GC(17) y: Reclaimed:         -                  -               138M (11%)         785M (63%)    
[2026-04-03T03:23:44.256+0600][20.134s][info][gc,heap     ] GC(17) y:  Promoted:         -                  -                 0M (0%)            0M (0%)     
[2026-04-03T03:23:44.256+0600][20.134s][info][gc,heap     ] GC(17) y: Compacted:         -                  -                  -               108M (9%)     
[2026-04-03T03:23:44.256+0600][20.134s][info][gc,phases   ] GC(17) y: Young Generation 1006M(80%)->566M(45%) 0.571s
[2026-04-03T03:23:44.256+0600][20.134s][info][gc          ] GC(17) Minor Collection (Allocation Rate) 1006M(80%)->566M(45%) 0.572s
[2026-04-03T03:23:44.256+0600][20.134s][info][gc          ] GC(18) Major Collection (Allocation Rate)
[2026-04-03T03:23:44.256+0600][20.134s][info][gc,task     ] GC(18) Using 3 Workers for Young Generation
[2026-04-03T03:23:44.256+0600][20.134s][info][gc,task     ] GC(18) Using 2 Workers for Old Generation
[2026-04-03T03:23:44.256+0600][20.134s][info][gc,phases   ] GC(18) Y: Young Generation
[2026-04-03T03:23:44.257+0600][20.134s][info][gc,phases   ] GC(18) Y: Pause Mark Start (Major) 0.033ms
[2026-04-03T03:23:44.835+0600][20.712s][info][gc,phases   ] GC(18) Y: Concurrent Mark 577.726ms
[2026-04-03T03:23:44.835+0600][20.713s][info][gc,phases   ] GC(18) Y: Pause Mark End 0.024ms
[2026-04-03T03:23:44.835+0600][20.713s][info][gc,phases   ] GC(18) Y: Concurrent Mark Free 0.003ms
[2026-04-03T03:23:44.835+0600][20.713s][info][gc,phases   ] GC(18) Y: Concurrent Reset Relocation Set 0.057ms
[2026-04-03T03:23:44.839+0600][20.717s][info][gc,reloc    ] GC(18) Y: Using tenuring threshold: 1 (Computed)
[2026-04-03T03:23:44.886+0600][20.763s][info][gc,phases   ] GC(18) Y: Concurrent Select Relocation Set 50.351ms
[2026-04-03T03:23:44.886+0600][20.764s][info][gc,phases   ] GC(18) Y: Pause Relocate Start 0.035ms
[2026-04-03T03:23:44.983+0600][20.861s][info][gc,phases   ] GC(18) Y: Concurrent Relocate 97.386ms
[2026-04-03T03:23:44.984+0600][20.861s][info][gc,alloc    ] GC(18) Y:                         Mark Start        Mark End      Relocate Start    Relocate End   
[2026-04-03T03:23:44.984+0600][20.861s][info][gc,alloc    ] GC(18) Y: Allocation Stalls:          0                0                0                0         
[2026-04-03T03:23:44.984+0600][20.861s][info][gc,load     ] GC(18) Y: Load: 3.53 (29%) / 4.54 (38%) / 5.20 (43%)
[2026-04-03T03:23:44.984+0600][20.861s][info][gc,mmu      ] GC(18) Y: MMU: 2ms/93.1%, 5ms/96.9%, 10ms/98.2%, 20ms/99.1%, 50ms/99.4%, 100ms/99.7%
[2026-04-03T03:23:44.984+0600][20.861s][info][gc,marking  ] GC(18) Y: Mark: 2 stripe(s), 10 proactive flush(es), 1 terminate flush(es), 0 completion(s), 0 continuation(s) 
[2026-04-03T03:23:44.984+0600][20.861s][info][gc,marking  ] GC(18) Y: Mark Stack Usage: 32M
[2026-04-03T03:23:44.984+0600][20.861s][info][gc,nmethod  ] GC(18) Y: NMethods: 5705 registered, 0 unregistered
[2026-04-03T03:23:44.984+0600][20.861s][info][gc,metaspace] GC(18) Y: Metaspace: 67M used, 68M committed, 1088M reserved
[2026-04-03T03:23:44.984+0600][20.861s][info][gc,reloc    ] GC(18) Y:                        Candidates     Selected     In-Place         Size        Empty    Relocated 
[2026-04-03T03:23:44.984+0600][20.861s][info][gc,reloc    ] GC(18) Y: Small Pages:                  212          137            0         424M           2M          23M 
[2026-04-03T03:23:44.984+0600][20.861s][info][gc,reloc    ] GC(18) Y: Medium Pages:                   1            0            0          32M           0M           0M 
[2026-04-03T03:23:44.984+0600][20.861s][info][gc,reloc    ] GC(18) Y: Large Pages:                    3            0            0          30M          30M           0M 
[2026-04-03T03:23:44.984+0600][20.862s][info][gc,reloc    ] GC(18) Y: Forwarding Usage: 22M
[2026-04-03T03:23:44.984+0600][20.862s][info][gc,reloc    ] GC(18) Y: Age Table:
[2026-04-03T03:23:44.984+0600][20.862s][info][gc,reloc    ] GC(18) Y:                    Live             Garbage             Small              Medium             Large        
[2026-04-03T03:23:44.984+0600][20.862s][info][gc,reloc    ] GC(18) Y: Eden              41M (3%)          286M (23%)        148 / 129            1 / 0              0 / 0        
[2026-04-03T03:23:44.984+0600][20.862s][info][gc,reloc    ] GC(18) Y: Survivor 1       108M (9%)           43M (3%)          61 / 5              0 / 0              3 / 0        
[2026-04-03T03:23:44.984+0600][20.862s][info][gc,reloc    ] GC(18) Y: Survivor 2         0M (0%)            1M (0%)           1 / 1              0 / 0              0 / 0        
[2026-04-03T03:23:44.984+0600][20.862s][info][gc,reloc    ] GC(18) Y: Survivor 3         0M (0%)            1M (0%)           1 / 1              0 / 0              0 / 0        
[2026-04-03T03:23:44.984+0600][20.862s][info][gc,reloc    ] GC(18) Y: Survivor 4         0M (0%)            1M (0%)           1 / 1              0 / 0              0 / 0        
[2026-04-03T03:23:44.984+0600][20.862s][info][gc,heap     ] GC(18) Y: Min Capacity: 8M(1%)
[2026-04-03T03:23:44.984+0600][20.862s][info][gc,heap     ] GC(18) Y: Max Capacity: 1250M(100%)
[2026-04-03T03:23:44.984+0600][20.862s][info][gc,heap     ] GC(18) Y: Soft Max Capacity: 1250M(100%)
[2026-04-03T03:23:44.984+0600][20.862s][info][gc,heap     ] GC(18) Y: Heap Statistics:
[2026-04-03T03:23:44.984+0600][20.862s][info][gc,heap     ] GC(18) Y:                Mark Start          Mark End        Relocate Start      Relocate End           High               Low         
[2026-04-03T03:23:44.984+0600][20.862s][info][gc,heap     ] GC(18) Y:  Capacity:     1250M (100%)       1250M (100%)       1250M (100%)       1250M (100%)       1250M (100%)       1250M (100%)   
[2026-04-03T03:23:44.984+0600][20.862s][info][gc,heap     ] GC(18) Y:      Free:      684M (55%)         360M (29%)         372M (30%)         582M (47%)         684M (55%)         358M (29%)    
[2026-04-03T03:23:44.984+0600][20.862s][info][gc,heap     ] GC(18) Y:      Used:      566M (45%)         890M (71%)         878M (70%)         668M (53%)         892M (71%)         566M (45%)    
[2026-04-03T03:23:44.984+0600][20.862s][info][gc,heap     ] GC(18) Y: Young Generation Statistics:
[2026-04-03T03:23:44.984+0600][20.862s][info][gc,heap     ] GC(18) Y:                Mark Start          Mark End        Relocate Start      Relocate End    
[2026-04-03T03:23:44.984+0600][20.862s][info][gc,heap     ] GC(18) Y:      Used:      486M (39%)         810M (65%)         692M (55%)         468M (37%)    
[2026-04-03T03:23:44.984+0600][20.862s][info][gc,heap     ] GC(18) Y:      Live:         -               149M (12%)          44M (4%)           41M (3%)     
[2026-04-03T03:23:44.984+0600][20.862s][info][gc,heap     ] GC(18) Y:   Garbage:         -               336M (27%)         303M (24%)          24M (2%)     
[2026-04-03T03:23:44.984+0600][20.862s][info][gc,heap     ] GC(18) Y: Allocated:         -               324M (26%)         344M (28%)         402M (32%)    
[2026-04-03T03:23:44.984+0600][20.862s][info][gc,heap     ] GC(18) Y: Reclaimed:         -                  -                32M (3%)          312M (25%)    
[2026-04-03T03:23:44.984+0600][20.862s][info][gc,heap     ] GC(18) Y:  Promoted:         -                  -               105M (8%)          108M (9%)     
[2026-04-03T03:23:44.984+0600][20.862s][info][gc,heap     ] GC(18) Y: Compacted:         -                  -                  -                31M (2%)     
[2026-04-03T03:23:44.984+0600][20.862s][info][gc,phases   ] GC(18) Y: Young Generation 566M(45%)->668M(53%) 0.727s
[2026-04-03T03:23:44.984+0600][20.862s][info][gc,phases   ] GC(18) O: Old Generation
[2026-04-03T03:23:44.987+0600][20.865s][info][gc          ] GC(19) Minor Collection (Allocation Rate)
[2026-04-03T03:23:44.988+0600][20.865s][info][gc,task     ] GC(19) Using 1 Workers for Young Generation
[2026-04-03T03:23:44.988+0600][20.865s][info][gc,phases   ] GC(19) y: Young Generation
[2026-04-03T03:23:44.988+0600][20.866s][info][gc,phases   ] GC(19) y: Pause Mark Start 0.024ms
[2026-04-03T03:23:45.050+0600][20.928s][info][gc,phases   ] GC(18) O: Concurrent Mark 66.030ms
[2026-04-03T03:23:45.050+0600][20.928s][info][gc,phases   ] GC(18) O: Pause Mark End 0.031ms
[2026-04-03T03:23:45.051+0600][20.928s][info][gc,phases   ] GC(18) O: Concurrent Mark Free 0.003ms
[2026-04-03T03:23:45.080+0600][20.958s][info][gc,phases   ] GC(18) O: Concurrent Process Non-Strong 29.568ms
[2026-04-03T03:23:45.080+0600][20.958s][info][gc,phases   ] GC(18) O: Concurrent Reset Relocation Set 0.007ms
[2026-04-03T03:23:45.084+0600][20.962s][info][gc,phases   ] GC(18) O: Concurrent Select Relocation Set 3.866ms
[2026-04-03T03:23:45.564+0600][21.442s][info][gc,phases   ] GC(19) y: Concurrent Mark 575.745ms
[2026-04-03T03:23:45.564+0600][21.442s][info][gc,phases   ] GC(19) y: Pause Mark End 0.031ms
[2026-04-03T03:23:45.564+0600][21.442s][info][gc,phases   ] GC(19) y: Concurrent Mark Free 0.002ms
[2026-04-03T03:23:45.565+0600][21.443s][info][gc,phases   ] GC(19) y: Concurrent Reset Relocation Set 0.265ms
[2026-04-03T03:23:45.571+0600][21.449s][info][gc,reloc    ] GC(19) y: Using tenuring threshold: 2 (Computed)
[2026-04-03T03:23:45.607+0600][21.485s][info][gc,phases   ] GC(19) y: Concurrent Select Relocation Set 42.331ms
[2026-04-03T03:23:45.608+0600][21.485s][info][gc,phases   ] GC(19) y: Pause Relocate Start 0.066ms
[2026-04-03T03:23:45.836+0600][21.714s][info][gc,phases   ] GC(19) y: Concurrent Relocate 228.252ms
[2026-04-03T03:23:45.836+0600][21.714s][info][gc,alloc    ] GC(19) y:                         Mark Start        Mark End      Relocate Start    Relocate End   
[2026-04-03T03:23:45.836+0600][21.714s][info][gc,alloc    ] GC(19) y: Allocation Stalls:          0                0                0                0         
[2026-04-03T03:23:45.836+0600][21.714s][info][gc,load     ] GC(19) y: Load: 3.89 (32%) / 4.60 (38%) / 5.22 (43%)
[2026-04-03T03:23:45.836+0600][21.714s][info][gc,mmu      ] GC(19) y: MMU: 2ms/93.1%, 5ms/96.9%, 10ms/98.2%, 20ms/99.1%, 50ms/99.4%, 100ms/99.7%
[2026-04-03T03:23:45.836+0600][21.714s][info][gc,marking  ] GC(19) y: Mark: 1 stripe(s), 2 proactive flush(es), 1 terminate flush(es), 0 completion(s), 0 continuation(s) 
[2026-04-03T03:23:45.836+0600][21.714s][info][gc,marking  ] GC(19) y: Mark Stack Usage: 32M
[2026-04-03T03:23:45.836+0600][21.714s][info][gc,nmethod  ] GC(19) y: NMethods: 5242 registered, 585 unregistered
[2026-04-03T03:23:45.836+0600][21.714s][info][gc,metaspace] GC(19) y: Metaspace: 67M used, 68M committed, 1088M reserved
[2026-04-03T03:23:45.836+0600][21.714s][info][gc,reloc    ] GC(19) y:                        Candidates     Selected     In-Place         Size        Empty    Relocated 
[2026-04-03T03:23:45.836+0600][21.714s][info][gc,reloc    ] GC(19) y: Small Pages:                  179          107            0         358M           0M          41M 
[2026-04-03T03:23:45.836+0600][21.714s][info][gc,reloc    ] GC(19) y: Medium Pages:                   2            1            0          64M           0M           5M 
[2026-04-03T03:23:45.836+0600][21.714s][info][gc,reloc    ] GC(19) y: Large Pages:                    6            0            0          48M          18M           0M 
[2026-04-03T03:23:45.836+0600][21.714s][info][gc,reloc    ] GC(19) y: Forwarding Usage: 56M
[2026-04-03T03:23:45.836+0600][21.714s][info][gc,reloc    ] GC(19) y: Age Table:
[2026-04-03T03:23:45.836+0600][21.714s][info][gc,reloc    ] GC(19) y:                    Live             Garbage             Small              Medium             Large        
[2026-04-03T03:23:45.836+0600][21.714s][info][gc,reloc    ] GC(19) y: Eden             123M (10%)         272M (22%)        158 / 104            1 / 0              6 / 0        
[2026-04-03T03:23:45.836+0600][21.714s][info][gc,reloc    ] GC(19) y: Survivor 1        37M (3%)           36M (3%)          21 / 3              1 / 1              0 / 0        
[2026-04-03T03:23:45.836+0600][21.714s][info][gc,heap     ] GC(19) y: Min Capacity: 8M(1%)
[2026-04-03T03:23:45.836+0600][21.714s][info][gc,heap     ] GC(19) y: Max Capacity: 1250M(100%)
[2026-04-03T03:23:45.836+0600][21.714s][info][gc,heap     ] GC(19) y: Soft Max Capacity: 1250M(100%)
[2026-04-03T03:23:45.836+0600][21.714s][info][gc,heap     ] GC(19) y: Heap Statistics:
[2026-04-03T03:23:45.836+0600][21.714s][info][gc,heap     ] GC(19) y:                Mark Start          Mark End        Relocate Start      Relocate End           High               Low         
[2026-04-03T03:23:45.836+0600][21.714s][info][gc,heap     ] GC(19) y:  Capacity:     1250M (100%)       1250M (100%)       1250M (100%)       1250M (100%)       1250M (100%)       1250M (100%)   
[2026-04-03T03:23:45.836+0600][21.714s][info][gc,heap     ] GC(19) y:      Free:      580M (46%)         172M (14%)         158M (13%)         218M (17%)         580M (46%)         110M (9%)     
[2026-04-03T03:23:45.836+0600][21.714s][info][gc,heap     ] GC(19) y:      Used:      670M (54%)        1078M (86%)        1092M (87%)        1032M (83%)        1140M (91%)         670M (54%)    
[2026-04-03T03:23:45.836+0600][21.714s][info][gc,heap     ] GC(19) y: Young Generation Statistics:
[2026-04-03T03:23:45.836+0600][21.714s][info][gc,heap     ] GC(19) y:                Mark Start          Mark End        Relocate Start      Relocate End    
[2026-04-03T03:23:45.836+0600][21.714s][info][gc,heap     ] GC(19) y:      Used:      470M (38%)         878M (70%)         892M (71%)         832M (67%)    
[2026-04-03T03:23:45.836+0600][21.714s][info][gc,heap     ] GC(19) y:      Live:         -               160M (13%)         160M (13%)         160M (13%)    
[2026-04-03T03:23:45.836+0600][21.714s][info][gc,heap     ] GC(19) y:   Garbage:         -               309M (25%)         291M (23%)           1M (0%)     
[2026-04-03T03:23:45.836+0600][21.714s][info][gc,heap     ] GC(19) y: Allocated:         -               408M (33%)         440M (35%)         669M (54%)    
[2026-04-03T03:23:45.837+0600][21.714s][info][gc,heap     ] GC(19) y: Reclaimed:         -                  -                18M (1%)          307M (25%)    
[2026-04-03T03:23:45.837+0600][21.714s][info][gc,heap     ] GC(19) y:  Promoted:         -                  -                 0M (0%)            0M (0%)     
[2026-04-03T03:23:45.837+0600][21.714s][info][gc,heap     ] GC(19) y: Compacted:         -                  -                  -               100M (8%)     
[2026-04-03T03:23:45.837+0600][21.714s][info][gc,phases   ] GC(19) y: Young Generation 670M(54%)->1032M(83%) 0.849s
[2026-04-03T03:23:45.837+0600][21.714s][info][gc          ] GC(19) Minor Collection (Allocation Rate) 670M(54%)->1032M(83%) 0.849s
[2026-04-03T03:23:45.837+0600][21.714s][info][gc,task     ] GC(18) O: Using 3 Workers for Old Generation
[2026-04-03T03:23:45.861+0600][21.739s][info][gc,task     ] GC(18) O: Using 2 Workers for Old Generation
[2026-04-03T03:23:45.861+0600][21.739s][info][gc,phases   ] GC(18) O: Concurrent Remap Roots 24.404ms
[2026-04-03T03:23:45.861+0600][21.739s][info][gc,phases   ] GC(18) O: Pause Relocate Start 0.032ms
[2026-04-03T03:23:45.862+0600][21.739s][info][gc          ] GC(20) Minor Collection (Allocation Rate)
[2026-04-03T03:23:45.862+0600][21.739s][info][gc,task     ] GC(20) Using 1 Workers for Young Generation
[2026-04-03T03:23:45.862+0600][21.739s][info][gc,phases   ] GC(20) y: Young Generation
[2026-04-03T03:23:45.862+0600][21.740s][info][gc,phases   ] GC(20) y: Pause Mark Start 0.028ms
[2026-04-03T03:23:45.869+0600][21.747s][info][gc,phases   ] GC(18) O: Concurrent Relocate 7.723ms
[2026-04-03T03:23:45.870+0600][21.748s][info][gc,task     ] Adjusting Workers for Young Generation: 1 -> 3
[2026-04-03T03:23:46.289+0600][22.166s][info][gc,phases   ] GC(20) y: Concurrent Mark 426.434ms
[2026-04-03T03:23:46.289+0600][22.167s][info][gc,phases   ] GC(20) y: Pause Mark End 0.020ms
[2026-04-03T03:23:46.289+0600][22.167s][info][gc,phases   ] GC(20) y: Concurrent Mark Free 0.001ms
[2026-04-03T03:23:46.289+0600][22.167s][info][gc,phases   ] GC(20) y: Concurrent Reset Relocation Set 0.028ms
[2026-04-03T03:23:46.292+0600][22.169s][info][gc,reloc    ] GC(20) y: Using tenuring threshold: 1 (Computed)
[2026-04-03T03:23:46.292+0600][22.170s][info][gc          ] Allocation Stall (Executor task launch worker for task 2.0 in stage 1.0 (TID 5)) 80.957ms
[2026-04-03T03:23:46.292+0600][22.170s][info][gc          ] Allocation Stall (Executor task launch worker for task 1.0 in stage 1.0 (TID 4)) 88.994ms
[2026-04-03T03:23:46.292+0600][22.170s][info][gc          ] Allocation Stall (Executor task launch worker for task 0.0 in stage 1.0 (TID 3)) 64.353ms
[2026-04-03T03:23:46.362+0600][22.240s][info][gc,phases   ] GC(20) y: Concurrent Select Relocation Set 73.511ms
[2026-04-03T03:23:46.363+0600][22.241s][info][gc,phases   ] GC(20) y: Pause Relocate Start 0.053ms
[2026-04-03T03:23:46.365+0600][22.242s][info][gc          ] Relocation Stall (Executor task launch worker for task 2.0 in stage 1.0 (TID 5)) 1.175ms
[2026-04-03T03:23:46.561+0600][22.438s][info][gc,phases   ] GC(20) y: Concurrent Relocate 197.640ms
[2026-04-03T03:23:46.561+0600][22.439s][info][gc,alloc    ] GC(20) y:                         Mark Start        Mark End      Relocate Start    Relocate End   
[2026-04-03T03:23:46.561+0600][22.439s][info][gc,alloc    ] GC(20) y: Allocation Stalls:          0                3                0                0         
[2026-04-03T03:23:46.561+0600][22.439s][info][gc,load     ] GC(20) y: Load: 3.89 (32%) / 4.60 (38%) / 5.22 (43%)
[2026-04-03T03:23:46.561+0600][22.439s][info][gc,mmu      ] GC(20) y: MMU: 2ms/93.1%, 5ms/96.9%, 10ms/98.2%, 20ms/99.1%, 50ms/99.4%, 100ms/99.7%
[2026-04-03T03:23:46.561+0600][22.439s][info][gc,marking  ] GC(20) y: Mark: 1 stripe(s), 2 proactive flush(es), 1 terminate flush(es), 0 completion(s), 0 continuation(s) 
[2026-04-03T03:23:46.561+0600][22.439s][info][gc,marking  ] GC(20) y: Mark Stack Usage: 32M
[2026-04-03T03:23:46.561+0600][22.439s][info][gc,nmethod  ] GC(20) y: NMethods: 5255 registered, 585 unregistered
[2026-04-03T03:23:46.561+0600][22.439s][info][gc,metaspace] GC(20) y: Metaspace: 67M used, 68M committed, 1088M reserved
[2026-04-03T03:23:46.561+0600][22.439s][info][gc,reloc    ] GC(20) y:                        Candidates     Selected     In-Place         Size        Empty    Relocated 
[2026-04-03T03:23:46.561+0600][22.439s][info][gc,reloc    ] GC(20) y: Small Pages:                  346          257            0         692M          14M          33M 
[2026-04-03T03:23:46.561+0600][22.439s][info][gc,reloc    ] GC(20) y: Medium Pages:                   3            1            2          96M          32M           5M 
[2026-04-03T03:23:46.561+0600][22.439s][info][gc,reloc    ] GC(20) y: Large Pages:                    7            0            0          62M          12M           0M 
[2026-04-03T03:23:46.561+0600][22.439s][info][gc,reloc    ] GC(20) y: Forwarding Usage: 33M
[2026-04-03T03:23:46.561+0600][22.439s][info][gc,reloc    ] GC(20) y: Age Table:
[2026-04-03T03:23:46.561+0600][22.439s][info][gc,reloc    ] GC(20) y:                    Live             Garbage             Small              Medium             Large        
[2026-04-03T03:23:46.561+0600][22.439s][info][gc,reloc    ] GC(20) y: Eden              55M (4%)          560M (45%)        276 / 250            1 / 0              4 / 0        
[2026-04-03T03:23:46.561+0600][22.439s][info][gc,reloc    ] GC(20) y: Survivor 1       120M (10%)          41M (3%)          50 / 3              1 / 0              3 / 0        
[2026-04-03T03:23:46.561+0600][22.439s][info][gc,reloc    ] GC(20) y: Survivor 2        37M (3%)           34M (3%)          20 / 4              1 / 1              0 / 0        
[2026-04-03T03:23:46.561+0600][22.439s][info][gc,heap     ] GC(20) y: Min Capacity: 8M(1%)
[2026-04-03T03:23:46.561+0600][22.439s][info][gc,heap     ] GC(20) y: Max Capacity: 1250M(100%)
[2026-04-03T03:23:46.561+0600][22.439s][info][gc,heap     ] GC(20) y: Soft Max Capacity: 1250M(100%)
[2026-04-03T03:23:46.561+0600][22.439s][info][gc,heap     ] GC(20) y: Heap Statistics:
[2026-04-03T03:23:46.561+0600][22.439s][info][gc,heap     ] GC(20) y:                Mark Start          Mark End        Relocate Start      Relocate End           High               Low         
[2026-04-03T03:23:46.561+0600][22.439s][info][gc,heap     ] GC(20) y:  Capacity:     1250M (100%)       1250M (100%)       1250M (100%)       1250M (100%)       1250M (100%)       1250M (100%)   
[2026-04-03T03:23:46.561+0600][22.439s][info][gc,heap     ] GC(20) y:      Free:      200M (16%)           0M (0%)            8M (1%)          400M (32%)         474M (38%)           0M (0%)     
[2026-04-03T03:23:46.561+0600][22.439s][info][gc,heap     ] GC(20) y:      Used:     1050M (84%)        1250M (100%)       1242M (99%)         850M (68%)        1250M (100%)        776M (62%)    
[2026-04-03T03:23:46.561+0600][22.439s][info][gc,heap     ] GC(20) y: Young Generation Statistics:
[2026-04-03T03:23:46.561+0600][22.439s][info][gc,heap     ] GC(20) y:                Mark Start          Mark End        Relocate Start      Relocate End    
[2026-04-03T03:23:46.561+0600][22.439s][info][gc,heap     ] GC(20) y:      Used:      850M (68%)        1062M (85%)         902M (72%)         470M (38%)    
[2026-04-03T03:23:46.561+0600][22.439s][info][gc,heap     ] GC(20) y:      Live:         -               213M (17%)          63M (5%)           55M (4%)     
[2026-04-03T03:23:46.561+0600][22.439s][info][gc,heap     ] GC(20) y:   Garbage:         -               636M (51%)         576M (46%)           0M (0%)     
[2026-04-03T03:23:46.561+0600][22.439s][info][gc,heap     ] GC(20) y: Allocated:         -               212M (17%)         262M (21%)         414M (33%)    
[2026-04-03T03:23:46.561+0600][22.439s][info][gc,heap     ] GC(20) y: Reclaimed:         -                  -                60M (5%)          636M (51%)    
[2026-04-03T03:23:46.561+0600][22.439s][info][gc,heap     ] GC(20) y:  Promoted:         -                  -               149M (12%)         157M (13%)    
[2026-04-03T03:23:46.561+0600][22.439s][info][gc,heap     ] GC(20) y: Compacted:         -                  -                  -                35M (3%)     
[2026-04-03T03:23:46.561+0600][22.439s][info][gc,phases   ] GC(20) y: Young Generation 1050M(84%)->850M(68%) 0.699s
[2026-04-03T03:23:46.561+0600][22.439s][info][gc          ] GC(20) Minor Collection (Allocation Rate) 1050M(84%)->852M(68%) 0.700s
[2026-04-03T03:23:46.561+0600][22.439s][info][gc,alloc    ] GC(18) O:                         Mark Start        Mark End      Relocate Start    Relocate End   
[2026-04-03T03:23:46.562+0600][22.439s][info][gc,alloc    ] GC(18) O: Allocation Stalls:          0                0                0                0         
[2026-04-03T03:23:46.562+0600][22.439s][info][gc,load     ] GC(18) O: Load: 3.89 (32%) / 4.60 (38%) / 5.22 (43%)
[2026-04-03T03:23:46.562+0600][22.439s][info][gc,mmu      ] GC(18) O: MMU: 2ms/93.1%, 5ms/96.9%, 10ms/98.2%, 20ms/99.1%, 50ms/99.4%, 100ms/99.7%
[2026-04-03T03:23:46.562+0600][22.439s][info][gc,marking  ] GC(18) O: Mark: 2 stripe(s), 3 proactive flush(es), 1 terminate flush(es), 0 completion(s), 0 continuation(s) 
[2026-04-03T03:23:46.562+0600][22.439s][info][gc,marking  ] GC(18) O: Mark Stack Usage: 32M
[2026-04-03T03:23:46.562+0600][22.439s][info][gc,nmethod  ] GC(18) O: NMethods: 5255 registered, 585 unregistered
[2026-04-03T03:23:46.562+0600][22.439s][info][gc,metaspace] GC(18) O: Metaspace: 67M used, 68M committed, 1088M reserved
[2026-04-03T03:23:46.562+0600][22.440s][info][gc,ref      ] GC(18) O:                       Encountered   Discovered     Enqueued 
[2026-04-03T03:23:46.562+0600][22.440s][info][gc,ref      ] GC(18) O: Soft References:             4929            0            0 
[2026-04-03T03:23:46.562+0600][22.440s][info][gc,ref      ] GC(18) O: Weak References:             7047         3262          753 
[2026-04-03T03:23:46.562+0600][22.440s][info][gc,ref      ] GC(18) O: Final References:              82            0            0 
[2026-04-03T03:23:46.562+0600][22.440s][info][gc,ref      ] GC(18) O: Phantom References:           595          570            1 
[2026-04-03T03:23:46.562+0600][22.440s][info][gc,reloc    ] GC(18) O:                        Candidates     Selected     In-Place         Size        Empty    Relocated 
[2026-04-03T03:23:46.562+0600][22.440s][info][gc,reloc    ] GC(18) O: Small Pages:                   24            7            0          48M           0M           2M 
[2026-04-03T03:23:46.562+0600][22.440s][info][gc,reloc    ] GC(18) O: Medium Pages:                   1            0            0          32M           0M           0M 
[2026-04-03T03:23:46.562+0600][22.440s][info][gc,reloc    ] GC(18) O: Large Pages:                    0            0            0           0M           0M           0M 
[2026-04-03T03:23:46.562+0600][22.440s][info][gc,reloc    ] GC(18) O: Forwarding Usage: 1M
[2026-04-03T03:23:46.562+0600][22.440s][info][gc,heap     ] GC(18) O: Min Capacity: 8M(1%)
[2026-04-03T03:23:46.562+0600][22.440s][info][gc,heap     ] GC(18) O: Max Capacity: 1250M(100%)
[2026-04-03T03:23:46.562+0600][22.440s][info][gc,heap     ] GC(18) O: Soft Max Capacity: 1250M(100%)
[2026-04-03T03:23:46.562+0600][22.440s][info][gc,heap     ] GC(18) O: Heap Statistics:
[2026-04-03T03:23:46.562+0600][22.440s][info][gc,heap     ] GC(18) O:                Mark Start          Mark End        Relocate Start      Relocate End           High               Low         
[2026-04-03T03:23:46.562+0600][22.440s][info][gc,heap     ] GC(18) O:  Capacity:     1250M (100%)       1250M (100%)       1250M (100%)       1250M (100%)       1250M (100%)       1250M (100%)   
[2026-04-03T03:23:46.562+0600][22.440s][info][gc,heap     ] GC(18) O:      Free:      684M (55%)         526M (42%)         200M (16%)         204M (16%)         684M (55%)         110M (9%)     
[2026-04-03T03:23:46.562+0600][22.440s][info][gc,heap     ] GC(18) O:      Used:      566M (45%)         724M (58%)        1050M (84%)        1046M (84%)        1140M (91%)         566M (45%)    
[2026-04-03T03:23:46.562+0600][22.440s][info][gc,heap     ] GC(18) O: Old Generation Statistics:
[2026-04-03T03:23:46.562+0600][22.440s][info][gc,heap     ] GC(18) O:                Mark Start          Mark End        Relocate Start      Relocate End    
[2026-04-03T03:23:46.562+0600][22.440s][info][gc,heap     ] GC(18) O:      Used:       80M (6%)          200M (16%)         200M (16%)         188M (15%)    
[2026-04-03T03:23:46.562+0600][22.440s][info][gc,heap     ] GC(18) O:      Live:         -                36M (3%)           36M (3%)           36M (3%)     
[2026-04-03T03:23:46.562+0600][22.440s][info][gc,heap     ] GC(18) O:   Garbage:         -                43M (3%)           43M (3%)           28M (2%)     
[2026-04-03T03:23:46.562+0600][22.440s][info][gc,heap     ] GC(18) O: Allocated:         -               120M (10%)         120M (10%)         122M (10%)    
[2026-04-03T03:23:46.562+0600][22.440s][info][gc,heap     ] GC(18) O: Reclaimed:         -                  -                 0M (0%)           14M (1%)     
[2026-04-03T03:23:46.562+0600][22.440s][info][gc,heap     ] GC(18) O: Compacted:         -                  -                  -                 3M (0%)     
[2026-04-03T03:23:46.562+0600][22.440s][info][gc,phases   ] GC(18) O: Old Generation 668M(53%)->1046M(84%) 1.577s
[2026-04-03T03:23:46.562+0600][22.440s][info][gc          ] GC(18) Major Collection (Allocation Rate) 566M(45%)->852M(68%) 2.306s
[2026-04-03T03:23:46.565+0600][22.443s][info][gc          ] GC(21) Major Collection (Allocation Rate)
[2026-04-03T03:23:46.565+0600][22.443s][info][gc,task     ] GC(21) Using 3 Workers for Young Generation
[2026-04-03T03:23:46.565+0600][22.443s][info][gc,task     ] GC(21) Using 1 Workers for Old Generation
[2026-04-03T03:23:46.565+0600][22.443s][info][gc,phases   ] GC(21) Y: Young Generation
[2026-04-03T03:23:46.566+0600][22.443s][info][gc,phases   ] GC(21) Y: Pause Mark Start (Major) 0.035ms
[2026-04-03T03:23:46.992+0600][22.869s][info][gc,phases   ] GC(21) Y: Concurrent Mark 426.057ms
[2026-04-03T03:23:46.992+0600][22.870s][info][gc,phases   ] GC(21) Y: Pause Mark End 0.031ms
[2026-04-03T03:23:46.992+0600][22.870s][info][gc,phases   ] GC(21) Y: Concurrent Mark Free 0.003ms
[2026-04-03T03:23:46.992+0600][22.870s][info][gc,phases   ] GC(21) Y: Concurrent Reset Relocation Set 0.192ms
[2026-04-03T03:23:46.996+0600][22.874s][info][gc,reloc    ] GC(21) Y: Using tenuring threshold: 1 (Computed)
[2026-04-03T03:23:47.048+0600][22.925s][info][gc,phases   ] GC(21) Y: Concurrent Select Relocation Set 55.018ms
[2026-04-03T03:23:47.048+0600][22.926s][info][gc,phases   ] GC(21) Y: Pause Relocate Start 0.058ms
[2026-04-03T03:23:47.254+0600][23.131s][info][gc,phases   ] GC(21) Y: Concurrent Relocate 205.446ms
[2026-04-03T03:23:47.254+0600][23.132s][info][gc,alloc    ] GC(21) Y:                         Mark Start        Mark End      Relocate Start    Relocate End   
[2026-04-03T03:23:47.254+0600][23.132s][info][gc,alloc    ] GC(21) Y: Allocation Stalls:          0                0                0                0         
[2026-04-03T03:23:47.254+0600][23.132s][info][gc,load     ] GC(21) Y: Load: 3.89 (32%) / 4.60 (38%) / 5.22 (43%)
[2026-04-03T03:23:47.254+0600][23.132s][info][gc,mmu      ] GC(21) Y: MMU: 2ms/93.1%, 5ms/96.9%, 10ms/98.2%, 20ms/99.1%, 50ms/99.4%, 100ms/99.7%
[2026-04-03T03:23:47.254+0600][23.132s][info][gc,marking  ] GC(21) Y: Mark: 2 stripe(s), 2 proactive flush(es), 1 terminate flush(es), 0 completion(s), 0 continuation(s) 
[2026-04-03T03:23:47.254+0600][23.132s][info][gc,marking  ] GC(21) Y: Mark Stack Usage: 32M
[2026-04-03T03:23:47.254+0600][23.132s][info][gc,nmethod  ] GC(21) Y: NMethods: 5392 registered, 585 unregistered
[2026-04-03T03:23:47.254+0600][23.132s][info][gc,metaspace] GC(21) Y: Metaspace: 67M used, 68M committed, 1088M reserved
[2026-04-03T03:23:47.254+0600][23.132s][info][gc,reloc    ] GC(21) Y:                        Candidates     Selected     In-Place         Size        Empty    Relocated 
[2026-04-03T03:23:47.254+0600][23.132s][info][gc,reloc    ] GC(21) Y: Small Pages:                  213          170            0         426M          32M          18M 
[2026-04-03T03:23:47.254+0600][23.132s][info][gc,reloc    ] GC(21) Y: Medium Pages:                   1            0            0          32M           0M           0M 
[2026-04-03T03:23:47.254+0600][23.132s][info][gc,reloc    ] GC(21) Y: Large Pages:                    2            0            0          20M           0M           0M 
[2026-04-03T03:23:47.254+0600][23.132s][info][gc,reloc    ] GC(21) Y: Forwarding Usage: 20M
[2026-04-03T03:23:47.254+0600][23.132s][info][gc,reloc    ] GC(21) Y: Age Table:
[2026-04-03T03:23:47.254+0600][23.132s][info][gc,reloc    ] GC(21) Y:                    Live             Garbage             Small              Medium             Large        
[2026-04-03T03:23:47.254+0600][23.132s][info][gc,reloc    ] GC(21) Y: Eden              17M (1%)          366M (29%)        192 / 166            0 / 0              0 / 0        
[2026-04-03T03:23:47.254+0600][23.132s][info][gc,reloc    ] GC(21) Y: Survivor 1        50M (4%)           43M (3%)          21 / 4              1 / 0              2 / 0        
[2026-04-03T03:23:47.254+0600][23.132s][info][gc,heap     ] GC(21) Y: Min Capacity: 8M(1%)
[2026-04-03T03:23:47.254+0600][23.132s][info][gc,heap     ] GC(21) Y: Max Capacity: 1250M(100%)
[2026-04-03T03:23:47.254+0600][23.132s][info][gc,heap     ] GC(21) Y: Soft Max Capacity: 1250M(100%)
[2026-04-03T03:23:47.254+0600][23.132s][info][gc,heap     ] GC(21) Y: Heap Statistics:
[2026-04-03T03:23:47.254+0600][23.132s][info][gc,heap     ] GC(21) Y:                Mark Start          Mark End        Relocate Start      Relocate End           High               Low         
[2026-04-03T03:23:47.254+0600][23.132s][info][gc,heap     ] GC(21) Y:  Capacity:     1250M (100%)       1250M (100%)       1250M (100%)       1250M (100%)       1250M (100%)       1250M (100%)   
[2026-04-03T03:23:47.254+0600][23.132s][info][gc,heap     ] GC(21) Y:      Free:      392M (31%)         106M (8%)          108M (9%)          306M (24%)         412M (33%)          96M (8%)     
[2026-04-03T03:23:47.254+0600][23.132s][info][gc,heap     ] GC(21) Y:      Used:      858M (69%)        1144M (92%)        1142M (91%)         944M (76%)        1154M (92%)         838M (67%)    
[2026-04-03T03:23:47.254+0600][23.132s][info][gc,heap     ] GC(21) Y: Young Generation Statistics:
[2026-04-03T03:23:47.254+0600][23.132s][info][gc,heap     ] GC(21) Y:                Mark Start          Mark End        Relocate Start      Relocate End    
[2026-04-03T03:23:47.254+0600][23.132s][info][gc,heap     ] GC(21) Y:      Used:      478M (38%)         764M (61%)         680M (54%)         470M (38%)    
[2026-04-03T03:23:47.254+0600][23.132s][info][gc,heap     ] GC(21) Y:      Live:         -                68M (5%)           20M (2%)           17M (1%)     
[2026-04-03T03:23:47.254+0600][23.132s][info][gc,heap     ] GC(21) Y:   Garbage:         -               409M (33%)         343M (27%)           0M (0%)     
[2026-04-03T03:23:47.254+0600][23.132s][info][gc,heap     ] GC(21) Y: Allocated:         -               286M (23%)         316M (25%)         452M (36%)    
[2026-04-03T03:23:47.254+0600][23.132s][info][gc,heap     ] GC(21) Y: Reclaimed:         -                  -                66M (5%)          409M (33%)    
[2026-04-03T03:23:47.254+0600][23.132s][info][gc,heap     ] GC(21) Y:  Promoted:         -                  -                47M (4%)           50M (4%)     
[2026-04-03T03:23:47.254+0600][23.132s][info][gc,heap     ] GC(21) Y: Compacted:         -                  -                  -                17M (1%)     
[2026-04-03T03:23:47.254+0600][23.132s][info][gc,phases   ] GC(21) Y: Young Generation 858M(69%)->944M(76%) 0.688s
[2026-04-03T03:23:47.255+0600][23.132s][info][gc,phases   ] GC(21) O: Old Generation
[2026-04-03T03:23:47.264+0600][23.142s][info][gc          ] GC(22) Minor Collection (Allocation Rate)
[2026-04-03T03:23:47.264+0600][23.142s][info][gc,task     ] GC(22) Using 2 Workers for Young Generation
[2026-04-03T03:23:47.264+0600][23.142s][info][gc,phases   ] GC(22) y: Young Generation
[2026-04-03T03:23:47.264+0600][23.142s][info][gc,phases   ] GC(22) y: Pause Mark Start 0.062ms
[2026-04-03T03:23:47.743+0600][23.621s][info][gc,task     ] Adjusting Workers for Old Generation: 1 -> 3
[2026-04-03T03:23:47.743+0600][23.621s][info][gc,task     ] Adjusting Workers for Young Generation: 2 -> 3
[2026-04-03T03:23:47.788+0600][23.665s][info][gc,phases   ] GC(22) y: Concurrent Mark 522.848ms
[2026-04-03T03:23:47.788+0600][23.666s][info][gc,phases   ] GC(22) y: Pause Mark End 0.030ms
[2026-04-03T03:23:47.788+0600][23.666s][info][gc,phases   ] GC(22) y: Concurrent Mark Free 0.004ms
[2026-04-03T03:23:47.788+0600][23.666s][info][gc,phases   ] GC(22) y: Concurrent Reset Relocation Set 0.073ms
[2026-04-03T03:23:47.790+0600][23.668s][info][gc,reloc    ] GC(22) y: Using tenuring threshold: 2 (Computed)
[2026-04-03T03:23:47.795+0600][23.673s][info][gc,phases   ] GC(22) y: Concurrent Select Relocation Set 7.306ms
[2026-04-03T03:23:47.796+0600][23.674s][info][gc,phases   ] GC(22) y: Pause Relocate Start 0.028ms
[2026-04-03T03:23:47.798+0600][23.675s][info][gc          ] Allocation Stall (Executor task launch worker for task 2.0 in stage 1.0 (TID 5)) 64.629ms
[2026-04-03T03:23:47.801+0600][23.679s][info][gc          ] Allocation Stall (Executor task launch worker for task 1.0 in stage 1.0 (TID 4)) 24.866ms
[2026-04-03T03:23:47.850+0600][23.728s][info][gc,phases   ] GC(22) y: Concurrent Relocate 54.504ms
[2026-04-03T03:23:47.851+0600][23.728s][info][gc,alloc    ] GC(22) y:                         Mark Start        Mark End      Relocate Start    Relocate End   
[2026-04-03T03:23:47.851+0600][23.728s][info][gc,alloc    ] GC(22) y: Allocation Stalls:          0                2                2                0         
[2026-04-03T03:23:47.851+0600][23.728s][info][gc,load     ] GC(22) y: Load: 3.89 (32%) / 4.60 (38%) / 5.22 (43%)
[2026-04-03T03:23:47.851+0600][23.728s][info][gc,mmu      ] GC(22) y: MMU: 2ms/93.1%, 5ms/96.9%, 10ms/98.2%, 20ms/99.1%, 50ms/99.4%, 100ms/99.7%
[2026-04-03T03:23:47.851+0600][23.728s][info][gc,marking  ] GC(22) y: Mark: 2 stripe(s), 2 proactive flush(es), 1 terminate flush(es), 0 completion(s), 0 continuation(s) 
[2026-04-03T03:23:47.851+0600][23.728s][info][gc,marking  ] GC(22) y: Mark Stack Usage: 32M
[2026-04-03T03:23:47.851+0600][23.728s][info][gc,nmethod  ] GC(22) y: NMethods: 5466 registered, 585 unregistered
[2026-04-03T03:23:47.851+0600][23.728s][info][gc,metaspace] GC(22) y: Metaspace: 67M used, 68M committed, 1088M reserved
[2026-04-03T03:23:47.851+0600][23.728s][info][gc,reloc    ] GC(22) y:                        Candidates     Selected     In-Place         Size        Empty    Relocated 
[2026-04-03T03:23:47.851+0600][23.728s][info][gc,reloc    ] GC(22) y: Small Pages:                  218          197            0         436M           0M          20M 
[2026-04-03T03:23:47.851+0600][23.728s][info][gc,reloc    ] GC(22) y: Medium Pages:                   0            0            0           0M           0M           0M 
[2026-04-03T03:23:47.851+0600][23.728s][info][gc,reloc    ] GC(22) y: Large Pages:                    3            0            0          42M           0M           0M 
[2026-04-03T03:23:47.851+0600][23.729s][info][gc,reloc    ] GC(22) y: Forwarding Usage: 23M
[2026-04-03T03:23:47.851+0600][23.729s][info][gc,reloc    ] GC(22) y: Age Table:
[2026-04-03T03:23:47.851+0600][23.729s][info][gc,reloc    ] GC(22) y:                    Live             Garbage             Small              Medium             Large        
[2026-04-03T03:23:47.851+0600][23.729s][info][gc,reloc    ] GC(22) y: Eden              62M (5%)          391M (31%)        206 / 194            0 / 0              3 / 0        
[2026-04-03T03:23:47.851+0600][23.729s][info][gc,reloc    ] GC(22) y: Survivor 1        14M (1%)            9M (1%)          12 / 3              0 / 0              0 / 0        
[2026-04-03T03:23:47.851+0600][23.729s][info][gc,heap     ] GC(22) y: Min Capacity: 8M(1%)
[2026-04-03T03:23:47.851+0600][23.729s][info][gc,heap     ] GC(22) y: Max Capacity: 1250M(100%)
[2026-04-03T03:23:47.851+0600][23.729s][info][gc,heap     ] GC(22) y: Soft Max Capacity: 1250M(100%)
[2026-04-03T03:23:47.851+0600][23.729s][info][gc,heap     ] GC(22) y: Heap Statistics:
[2026-04-03T03:23:47.851+0600][23.729s][info][gc,heap     ] GC(22) y:                Mark Start          Mark End        Relocate Start      Relocate End           High               Low         
[2026-04-03T03:23:47.851+0600][23.729s][info][gc,heap     ] GC(22) y:  Capacity:     1250M (100%)       1250M (100%)       1250M (100%)       1250M (100%)       1250M (100%)       1250M (100%)   
[2026-04-03T03:23:47.851+0600][23.729s][info][gc,heap     ] GC(22) y:      Free:      298M (24%)          14M (1%)           14M (1%)          350M (28%)         350M (28%)           0M (0%)     
[2026-04-03T03:23:47.851+0600][23.729s][info][gc,heap     ] GC(22) y:      Used:      952M (76%)        1236M (99%)        1236M (99%)         900M (72%)        1250M (100%)        900M (72%)    
[2026-04-03T03:23:47.851+0600][23.729s][info][gc,heap     ] GC(22) y: Young Generation Statistics:
[2026-04-03T03:23:47.851+0600][23.729s][info][gc,heap     ] GC(22) y:                Mark Start          Mark End        Relocate Start      Relocate End    
[2026-04-03T03:23:47.851+0600][23.729s][info][gc,heap     ] GC(22) y:      Used:      478M (38%)         762M (61%)         762M (61%)         426M (34%)    
[2026-04-03T03:23:47.851+0600][23.729s][info][gc,heap     ] GC(22) y:      Live:         -                77M (6%)           77M (6%)           77M (6%)     
[2026-04-03T03:23:47.851+0600][23.729s][info][gc,heap     ] GC(22) y:   Garbage:         -               400M (32%)         400M (32%)           2M (0%)     
[2026-04-03T03:23:47.851+0600][23.729s][info][gc,heap     ] GC(22) y: Allocated:         -               284M (23%)         284M (23%)         345M (28%)    
[2026-04-03T03:23:47.851+0600][23.729s][info][gc,heap     ] GC(22) y: Reclaimed:         -                  -                 0M (0%)          397M (32%)    
[2026-04-03T03:23:47.851+0600][23.729s][info][gc,heap     ] GC(22) y:  Promoted:         -                  -                 0M (0%)            0M (0%)     
[2026-04-03T03:23:47.851+0600][23.729s][info][gc,heap     ] GC(22) y: Compacted:         -                  -                  -                22M (2%)     
[2026-04-03T03:23:47.851+0600][23.729s][info][gc,phases   ] GC(22) y: Young Generation 952M(76%)->900M(72%) 0.587s
[2026-04-03T03:23:47.851+0600][23.729s][info][gc          ] GC(22) Minor Collection (Allocation Rate) 952M(76%)->900M(72%) 0.587s
[2026-04-03T03:23:47.851+0600][23.729s][info][gc,task     ] Adjusting Workers for Old Generation: 3 -> 1
[2026-04-03T03:23:47.851+0600][23.729s][info][gc          ] GC(23) Minor Collection (Allocation Rate)
[2026-04-03T03:23:47.851+0600][23.729s][info][gc,task     ] GC(23) Using 2 Workers for Young Generation
[2026-04-03T03:23:47.851+0600][23.729s][info][gc,phases   ] GC(23) y: Young Generation
[2026-04-03T03:23:47.851+0600][23.729s][info][gc,phases   ] GC(23) y: Pause Mark Start 0.043ms
[2026-04-03T03:23:48.485+0600][24.362s][info][gc,phases   ] GC(23) y: Concurrent Mark 632.929ms
[2026-04-03T03:23:48.485+0600][24.363s][info][gc,phases   ] GC(23) y: Pause Mark End 0.038ms
[2026-04-03T03:23:48.485+0600][24.363s][info][gc,phases   ] GC(23) y: Concurrent Mark Free 0.002ms
[2026-04-03T03:23:48.486+0600][24.363s][info][gc,phases   ] GC(23) y: Concurrent Reset Relocation Set 0.047ms
[2026-04-03T03:23:48.492+0600][24.370s][info][gc,reloc    ] GC(23) y: Using tenuring threshold: 1 (Computed)
[2026-04-03T03:23:48.537+0600][24.414s][info][gc,phases   ] GC(23) y: Concurrent Select Relocation Set 50.997ms
[2026-04-03T03:23:48.537+0600][24.415s][info][gc,phases   ] GC(23) y: Pause Relocate Start 0.052ms
[2026-04-03T03:23:48.648+0600][24.525s][info][gc,phases   ] GC(21) O: Concurrent Mark 1393.084ms
[2026-04-03T03:23:48.716+0600][24.594s][info][gc,phases   ] GC(21) O: Pause Mark End 0.059ms
[2026-04-03T03:23:48.716+0600][24.594s][info][gc,phases   ] GC(21) O: Concurrent Mark Free 0.001ms
[2026-04-03T03:23:48.716+0600][24.594s][info][gc,phases   ] GC(23) y: Concurrent Relocate 178.847ms
[2026-04-03T03:23:48.716+0600][24.594s][info][gc,alloc    ] GC(23) y:                         Mark Start        Mark End      Relocate Start    Relocate End   
[2026-04-03T03:23:48.716+0600][24.594s][info][gc,alloc    ] GC(23) y: Allocation Stalls:          0                0                0                0         
[2026-04-03T03:23:48.716+0600][24.594s][info][gc,load     ] GC(23) y: Load: 3.89 (32%) / 4.60 (38%) / 5.22 (43%)
[2026-04-03T03:23:48.716+0600][24.594s][info][gc,mmu      ] GC(23) y: MMU: 2ms/93.1%, 5ms/96.9%, 10ms/98.2%, 20ms/99.1%, 50ms/99.4%, 100ms/99.7%
[2026-04-03T03:23:48.716+0600][24.594s][info][gc,marking  ] GC(23) y: Mark: 2 stripe(s), 2 proactive flush(es), 1 terminate flush(es), 0 completion(s), 0 continuation(s) 
[2026-04-03T03:23:48.716+0600][24.594s][info][gc,marking  ] GC(23) y: Mark Stack Usage: 32M
[2026-04-03T03:23:48.716+0600][24.594s][info][gc,nmethod  ] GC(23) y: NMethods: 5528 registered, 585 unregistered
[2026-04-03T03:23:48.716+0600][24.594s][info][gc,metaspace] GC(23) y: Metaspace: 68M used, 69M committed, 1088M reserved
[2026-04-03T03:23:48.716+0600][24.594s][info][gc,reloc    ] GC(23) y:                        Candidates     Selected     In-Place         Size        Empty    Relocated 
[2026-04-03T03:23:48.716+0600][24.594s][info][gc,reloc    ] GC(23) y: Small Pages:                  171          144            0         342M           2M          13M 
[2026-04-03T03:23:48.716+0600][24.594s][info][gc,reloc    ] GC(23) y: Medium Pages:                   1            0            0          32M           0M           0M 
[2026-04-03T03:23:48.716+0600][24.594s][info][gc,reloc    ] GC(23) y: Large Pages:                    4            0            0          52M           6M           0M 
[2026-04-03T03:23:48.716+0600][24.594s][info][gc,reloc    ] GC(23) y: Forwarding Usage: 14M
[2026-04-03T03:23:48.716+0600][24.594s][info][gc,reloc    ] GC(23) y: Age Table:
[2026-04-03T03:23:48.716+0600][24.594s][info][gc,reloc    ] GC(23) y:                    Live             Garbage             Small              Medium             Large        
[2026-04-03T03:23:48.716+0600][24.594s][info][gc,reloc    ] GC(23) y: Eden              22M (2%)          303M (24%)        142 / 134            1 / 0              1 / 0        
[2026-04-03T03:23:48.716+0600][24.594s][info][gc,reloc    ] GC(23) y: Survivor 1        54M (4%)           19M (2%)          16 / 5              0 / 0              3 / 0        
[2026-04-03T03:23:48.716+0600][24.594s][info][gc,reloc    ] GC(23) y: Survivor 2        14M (1%)           11M (1%)          13 / 5              0 / 0              0 / 0        
[2026-04-03T03:23:48.716+0600][24.594s][info][gc,heap     ] GC(23) y: Min Capacity: 8M(1%)
[2026-04-03T03:23:48.716+0600][24.594s][info][gc,heap     ] GC(23) y: Max Capacity: 1250M(100%)
[2026-04-03T03:23:48.716+0600][24.594s][info][gc,heap     ] GC(23) y: Soft Max Capacity: 1250M(100%)
[2026-04-03T03:23:48.716+0600][24.594s][info][gc,heap     ] GC(23) y: Heap Statistics:
[2026-04-03T03:23:48.716+0600][24.594s][info][gc,heap     ] GC(23) y:                Mark Start          Mark End        Relocate Start      Relocate End           High               Low         
[2026-04-03T03:23:48.717+0600][24.594s][info][gc,heap     ] GC(23) y:  Capacity:     1250M (100%)       1250M (100%)       1250M (100%)       1250M (100%)       1250M (100%)       1250M (100%)   
[2026-04-03T03:23:48.717+0600][24.594s][info][gc,heap     ] GC(23) y:      Free:      350M (28%)         120M (10%)         110M (9%)          332M (27%)         374M (30%)         100M (8%)     
[2026-04-03T03:23:48.717+0600][24.594s][info][gc,heap     ] GC(23) y:      Used:      900M (72%)        1130M (90%)        1140M (91%)         918M (73%)        1150M (92%)         876M (70%)    
[2026-04-03T03:23:48.717+0600][24.594s][info][gc,heap     ] GC(23) y: Young Generation Statistics:
[2026-04-03T03:23:48.717+0600][24.594s][info][gc,heap     ] GC(23) y:                Mark Start          Mark End        Relocate Start      Relocate End    
[2026-04-03T03:23:48.717+0600][24.594s][info][gc,heap     ] GC(23) y:      Used:      426M (34%)         656M (52%)         596M (48%)         368M (29%)    
[2026-04-03T03:23:48.717+0600][24.594s][info][gc,heap     ] GC(23) y:      Live:         -                91M (7%)           25M (2%)           22M (2%)     
[2026-04-03T03:23:48.717+0600][24.594s][info][gc,heap     ] GC(23) y:   Garbage:         -               334M (27%)         322M (26%)          31M (3%)     
[2026-04-03T03:23:48.717+0600][24.594s][info][gc,heap     ] GC(23) y: Allocated:         -               230M (18%)         248M (20%)         314M (25%)    
[2026-04-03T03:23:48.717+0600][24.594s][info][gc,heap     ] GC(23) y: Reclaimed:         -                  -                12M (1%)          302M (24%)    
[2026-04-03T03:23:48.717+0600][24.594s][info][gc,heap     ] GC(23) y:  Promoted:         -                  -                65M (5%)           69M (6%)     
[2026-04-03T03:23:48.717+0600][24.594s][info][gc,heap     ] GC(23) y: Compacted:         -                  -                  -                11M (1%)     
[2026-04-03T03:23:48.717+0600][24.594s][info][gc,phases   ] GC(23) y: Young Generation 900M(72%)->918M(73%) 0.865s
[2026-04-03T03:23:48.717+0600][24.594s][info][gc          ] GC(23) Minor Collection (Allocation Rate) 900M(72%)->918M(73%) 0.866s
[2026-04-03T03:23:48.717+0600][24.595s][info][gc          ] GC(24) Minor Collection (Allocation Rate)
[2026-04-03T03:23:48.717+0600][24.595s][info][gc,task     ] GC(24) Using 2 Workers for Young Generation
[2026-04-03T03:23:48.717+0600][24.595s][info][gc,phases   ] GC(24) y: Young Generation
[2026-04-03T03:23:48.717+0600][24.595s][info][gc,phases   ] GC(24) y: Pause Mark Start 0.026ms
[2026-04-03T03:23:48.759+0600][24.637s][info][gc,phases   ] GC(21) O: Concurrent Process Non-Strong 42.743ms
[2026-04-03T03:23:48.759+0600][24.637s][info][gc,phases   ] GC(21) O: Concurrent Reset Relocation Set 0.005ms
[2026-04-03T03:23:48.801+0600][24.679s][info][gc,phases   ] GC(21) O: Concurrent Select Relocation Set 42.372ms
[2026-04-03T03:23:48.985+0600][24.863s][info][gc,phases   ] GC(24) y: Concurrent Mark 267.584ms
[2026-04-03T03:23:48.985+0600][24.863s][info][gc,phases   ] GC(24) y: Pause Mark End 0.035ms
[2026-04-03T03:23:48.985+0600][24.863s][info][gc,phases   ] GC(24) y: Concurrent Mark Free 0.002ms
[2026-04-03T03:23:48.986+0600][24.863s][info][gc,phases   ] GC(24) y: Concurrent Reset Relocation Set 0.096ms
[2026-04-03T03:23:48.992+0600][24.869s][info][gc,reloc    ] GC(24) y: Using tenuring threshold: 1 (Computed)
[2026-04-03T03:23:49.011+0600][24.889s][info][gc,phases   ] GC(24) y: Concurrent Select Relocation Set 25.719ms
[2026-04-03T03:23:49.012+0600][24.889s][info][gc,phases   ] GC(24) y: Pause Relocate Start 0.024ms
[2026-04-03T03:23:49.111+0600][24.988s][info][gc,phases   ] GC(24) y: Concurrent Relocate 98.723ms
[2026-04-03T03:23:49.111+0600][24.988s][info][gc,alloc    ] GC(24) y:                         Mark Start        Mark End      Relocate Start    Relocate End   
[2026-04-03T03:23:49.111+0600][24.988s][info][gc,alloc    ] GC(24) y: Allocation Stalls:          0                0                0                0         
[2026-04-03T03:23:49.111+0600][24.988s][info][gc,load     ] GC(24) y: Load: 3.89 (32%) / 4.60 (38%) / 5.22 (43%)
[2026-04-03T03:23:49.111+0600][24.988s][info][gc,mmu      ] GC(24) y: MMU: 2ms/93.1%, 5ms/96.9%, 10ms/98.2%, 20ms/99.1%, 50ms/99.4%, 100ms/99.7%
[2026-04-03T03:23:49.111+0600][24.989s][info][gc,marking  ] GC(24) y: Mark: 2 stripe(s), 2 proactive flush(es), 1 terminate flush(es), 0 completion(s), 0 continuation(s) 
[2026-04-03T03:23:49.111+0600][24.989s][info][gc,marking  ] GC(24) y: Mark Stack Usage: 32M
[2026-04-03T03:23:49.111+0600][24.989s][info][gc,nmethod  ] GC(24) y: NMethods: 5428 registered, 750 unregistered
[2026-04-03T03:23:49.111+0600][24.989s][info][gc,metaspace] GC(24) y: Metaspace: 68M used, 69M committed, 1088M reserved
[2026-04-03T03:23:49.111+0600][24.989s][info][gc,reloc    ] GC(24) y:                        Candidates     Selected     In-Place         Size        Empty    Relocated 
[2026-04-03T03:23:49.111+0600][24.989s][info][gc,reloc    ] GC(24) y: Small Pages:                  147          136            0         294M           0M           9M 
[2026-04-03T03:23:49.111+0600][24.989s][info][gc,reloc    ] GC(24) y: Medium Pages:                   2            0            0          64M          32M           0M 
[2026-04-03T03:23:49.111+0600][24.989s][info][gc,reloc    ] GC(24) y: Large Pages:                    1            0            0          10M           0M           0M 
[2026-04-03T03:23:49.111+0600][24.989s][info][gc,reloc    ] GC(24) y: Forwarding Usage: 9M
[2026-04-03T03:23:49.111+0600][24.989s][info][gc,reloc    ] GC(24) y: Age Table:
[2026-04-03T03:23:49.111+0600][24.989s][info][gc,reloc    ] GC(24) y:                    Live             Garbage             Small              Medium             Large        
[2026-04-03T03:23:49.111+0600][24.989s][info][gc,reloc    ] GC(24) y: Eden              13M (1%)          292M (23%)        137 / 132            1 / 0              0 / 0        
[2026-04-03T03:23:49.111+0600][24.989s][info][gc,reloc    ] GC(24) y: Survivor 1        20M (2%)           41M (3%)          10 / 4              1 / 0              1 / 0        
[2026-04-03T03:23:49.111+0600][24.989s][info][gc,heap     ] GC(24) y: Min Capacity: 8M(1%)
[2026-04-03T03:23:49.111+0600][24.989s][info][gc,heap     ] GC(24) y: Max Capacity: 1250M(100%)
[2026-04-03T03:23:49.111+0600][24.989s][info][gc,heap     ] GC(24) y: Soft Max Capacity: 1250M(100%)
[2026-04-03T03:23:49.111+0600][24.989s][info][gc,heap     ] GC(24) y: Heap Statistics:
[2026-04-03T03:23:49.111+0600][24.989s][info][gc,heap     ] GC(24) y:                Mark Start          Mark End        Relocate Start      Relocate End           High               Low         
[2026-04-03T03:23:49.111+0600][24.989s][info][gc,heap     ] GC(24) y:  Capacity:     1250M (100%)       1250M (100%)       1250M (100%)       1250M (100%)       1250M (100%)       1250M (100%)   
[2026-04-03T03:23:49.111+0600][24.989s][info][gc,heap     ] GC(24) y:      Free:      332M (27%)         220M (18%)         240M (19%)         464M (37%)         494M (40%)         216M (17%)    
[2026-04-03T03:23:49.111+0600][24.989s][info][gc,heap     ] GC(24) y:      Used:      918M (73%)        1030M (82%)        1010M (81%)         786M (63%)        1034M (83%)         756M (60%)    
[2026-04-03T03:23:49.111+0600][24.989s][info][gc,heap     ] GC(24) y: Young Generation Statistics:
[2026-04-03T03:23:49.111+0600][24.989s][info][gc,heap     ] GC(24) y:                Mark Start          Mark End        Relocate Start      Relocate End    
[2026-04-03T03:23:49.111+0600][24.989s][info][gc,heap     ] GC(24) y:      Used:      368M (29%)         492M (39%)         452M (36%)         224M (18%)    
[2026-04-03T03:23:49.111+0600][24.989s][info][gc,heap     ] GC(24) y:      Live:         -                33M (3%)           15M (1%)           13M (1%)     
[2026-04-03T03:23:49.111+0600][24.989s][info][gc,heap     ] GC(24) y:   Garbage:         -               334M (27%)         300M (24%)          26M (2%)     
[2026-04-03T03:23:49.111+0600][24.989s][info][gc,heap     ] GC(24) y: Allocated:         -               124M (10%)         136M (11%)         183M (15%)    
[2026-04-03T03:23:49.111+0600][24.989s][info][gc,heap     ] GC(24) y: Reclaimed:         -                  -                33M (3%)          307M (25%)    
[2026-04-03T03:23:49.111+0600][24.989s][info][gc,heap     ] GC(24) y:  Promoted:         -                  -                18M (2%)           20M (2%)     
[2026-04-03T03:23:49.111+0600][24.989s][info][gc,heap     ] GC(24) y: Compacted:         -                  -                  -                 8M (1%)     
[2026-04-03T03:23:49.111+0600][24.989s][info][gc,phases   ] GC(24) y: Young Generation 918M(73%)->786M(63%) 0.394s
[2026-04-03T03:23:49.111+0600][24.989s][info][gc          ] GC(24) Minor Collection (Allocation Rate) 918M(73%)->786M(63%) 0.394s
[2026-04-03T03:23:49.111+0600][24.989s][info][gc,task     ] GC(21) O: Using 3 Workers for Old Generation
[2026-04-03T03:23:49.161+0600][25.039s][info][gc,task     ] GC(21) O: Using 1 Workers for Old Generation
[2026-04-03T03:23:49.161+0600][25.039s][info][gc,phases   ] GC(21) O: Concurrent Remap Roots 50.173ms
[2026-04-03T03:23:49.162+0600][25.040s][info][gc,phases   ] GC(21) O: Pause Relocate Start 0.023ms
[2026-04-03T03:23:49.162+0600][25.040s][info][gc          ] GC(25) Minor Collection (Allocation Rate)
[2026-04-03T03:23:49.162+0600][25.040s][info][gc,task     ] GC(25) Using 2 Workers for Young Generation
[2026-04-03T03:23:49.162+0600][25.040s][info][gc,phases   ] GC(25) y: Young Generation
[2026-04-03T03:23:49.163+0600][25.040s][info][gc,phases   ] GC(25) y: Pause Mark Start 0.024ms
[2026-04-03T03:23:49.321+0600][25.199s][info][gc,phases   ] GC(25) y: Concurrent Mark 158.241ms
[2026-04-03T03:23:49.329+0600][25.207s][info][gc,phases   ] GC(25) y: Pause Mark End 0.032ms
[2026-04-03T03:23:49.329+0600][25.207s][info][gc,phases   ] GC(25) y: Concurrent Mark Free 0.001ms
[2026-04-03T03:23:49.329+0600][25.207s][info][gc,phases   ] GC(25) y: Concurrent Reset Relocation Set 0.045ms
[2026-04-03T03:23:49.336+0600][25.213s][info][gc,reloc    ] GC(25) y: Using tenuring threshold: 2 (Computed)
[2026-04-03T03:23:49.338+0600][25.215s][info][gc,phases   ] GC(25) y: Concurrent Select Relocation Set 8.003ms
[2026-04-03T03:23:49.343+0600][25.221s][info][gc,phases   ] GC(25) y: Pause Relocate Start 0.025ms
[2026-04-03T03:23:49.343+0600][25.221s][info][gc,phases   ] GC(21) O: Concurrent Relocate 181.316ms
[2026-04-03T03:23:49.353+0600][25.231s][info][gc,task     ] Adjusting Workers for Young Generation: 2 -> 3
[2026-04-03T03:23:49.361+0600][25.239s][info][gc,phases   ] GC(25) y: Concurrent Relocate 17.782ms
[2026-04-03T03:23:49.361+0600][25.239s][info][gc,alloc    ] GC(25) y:                         Mark Start        Mark End      Relocate Start    Relocate End   
[2026-04-03T03:23:49.361+0600][25.239s][info][gc,alloc    ] GC(25) y: Allocation Stalls:          0                0                0                0         
[2026-04-03T03:23:49.361+0600][25.239s][info][gc,load     ] GC(25) y: Load: 3.89 (32%) / 4.60 (38%) / 5.22 (43%)
[2026-04-03T03:23:49.361+0600][25.239s][info][gc,mmu      ] GC(25) y: MMU: 2ms/93.1%, 5ms/96.9%, 10ms/98.2%, 20ms/99.1%, 50ms/99.4%, 100ms/99.7%
[2026-04-03T03:23:49.361+0600][25.239s][info][gc,marking  ] GC(25) y: Mark: 2 stripe(s), 2 proactive flush(es), 1 terminate flush(es), 0 completion(s), 0 continuation(s) 
[2026-04-03T03:23:49.361+0600][25.239s][info][gc,marking  ] GC(25) y: Mark Stack Usage: 32M
[2026-04-03T03:23:49.361+0600][25.239s][info][gc,nmethod  ] GC(25) y: NMethods: 5477 registered, 750 unregistered
[2026-04-03T03:23:49.361+0600][25.239s][info][gc,metaspace] GC(25) y: Metaspace: 68M used, 69M committed, 1088M reserved
[2026-04-03T03:23:49.361+0600][25.239s][info][gc,reloc    ] GC(25) y:                        Candidates     Selected     In-Place         Size        Empty    Relocated 
[2026-04-03T03:23:49.361+0600][25.239s][info][gc,reloc    ] GC(25) y: Small Pages:                   92           79            0         184M          12M           5M 
[2026-04-03T03:23:49.361+0600][25.239s][info][gc,reloc    ] GC(25) y: Medium Pages:                   2            1            0          64M           0M           3M 
[2026-04-03T03:23:49.361+0600][25.239s][info][gc,reloc    ] GC(25) y: Large Pages:                    0            0            0           0M           0M           0M 
[2026-04-03T03:23:49.361+0600][25.239s][info][gc,reloc    ] GC(25) y: Forwarding Usage: 5M
[2026-04-03T03:23:49.361+0600][25.239s][info][gc,reloc    ] GC(25) y: Age Table:
[2026-04-03T03:23:49.361+0600][25.239s][info][gc,reloc    ] GC(25) y:                    Live             Garbage             Small              Medium             Large        
[2026-04-03T03:23:49.361+0600][25.239s][info][gc,reloc    ] GC(25) y: Eden               7M (1%)          196M (16%)         86 / 77             1 / 0              0 / 0        
[2026-04-03T03:23:49.361+0600][25.239s][info][gc,reloc    ] GC(25) y: Survivor 1        10M (1%)           33M (3%)           6 / 2              1 / 1              0 / 0        
[2026-04-03T03:23:49.361+0600][25.239s][info][gc,heap     ] GC(25) y: Min Capacity: 8M(1%)
[2026-04-03T03:23:49.361+0600][25.239s][info][gc,heap     ] GC(25) y: Max Capacity: 1250M(100%)
[2026-04-03T03:23:49.361+0600][25.239s][info][gc,heap     ] GC(25) y: Soft Max Capacity: 1250M(100%)
[2026-04-03T03:23:49.361+0600][25.239s][info][gc,heap     ] GC(25) y: Heap Statistics:
[2026-04-03T03:23:49.361+0600][25.239s][info][gc,heap     ] GC(25) y:                Mark Start          Mark End        Relocate Start      Relocate End           High               Low         
[2026-04-03T03:23:49.361+0600][25.239s][info][gc,heap     ] GC(25) y:  Capacity:     1250M (100%)       1250M (100%)       1250M (100%)       1250M (100%)       1250M (100%)       1250M (100%)   
[2026-04-03T03:23:49.361+0600][25.239s][info][gc,heap     ] GC(25) y:      Free:      440M (35%)         412M (33%)         420M (34%)         560M (45%)         560M (45%)         352M (28%)    
[2026-04-03T03:23:49.361+0600][25.239s][info][gc,heap     ] GC(25) y:      Used:      810M (65%)         838M (67%)         830M (66%)         690M (55%)         898M (72%)         690M (55%)    
[2026-04-03T03:23:49.361+0600][25.239s][info][gc,heap     ] GC(25) y: Young Generation Statistics:
[2026-04-03T03:23:49.361+0600][25.239s][info][gc,heap     ] GC(25) y:                Mark Start          Mark End        Relocate Start      Relocate End    
[2026-04-03T03:23:49.361+0600][25.239s][info][gc,heap     ] GC(25) y:      Used:      248M (20%)         354M (28%)         346M (28%)         206M (16%)    
[2026-04-03T03:23:49.361+0600][25.239s][info][gc,heap     ] GC(25) y:      Live:         -                18M (1%)           18M (1%)           18M (1%)     
[2026-04-03T03:23:49.361+0600][25.239s][info][gc,heap     ] GC(25) y:   Garbage:         -               229M (18%)         217M (17%)           0M (0%)     
[2026-04-03T03:23:49.361+0600][25.239s][info][gc,heap     ] GC(25) y: Allocated:         -               106M (8%)          110M (9%)          187M (15%)    
[2026-04-03T03:23:49.361+0600][25.239s][info][gc,heap     ] GC(25) y: Reclaimed:         -                  -                12M (1%)          229M (18%)    
[2026-04-03T03:23:49.361+0600][25.239s][info][gc,heap     ] GC(25) y:  Promoted:         -                  -                 0M (0%)            0M (0%)     
[2026-04-03T03:23:49.361+0600][25.239s][info][gc,heap     ] GC(25) y: Compacted:         -                  -                  -                12M (1%)     
[2026-04-03T03:23:49.362+0600][25.239s][info][gc,phases   ] GC(25) y: Young Generation 810M(65%)->690M(55%) 0.199s
[2026-04-03T03:23:49.362+0600][25.239s][info][gc          ] GC(25) Minor Collection (Allocation Rate) 810M(65%)->690M(55%) 0.199s
[2026-04-03T03:23:49.362+0600][25.239s][info][gc,alloc    ] GC(21) O:                         Mark Start        Mark End      Relocate Start    Relocate End   
[2026-04-03T03:23:49.362+0600][25.239s][info][gc,alloc    ] GC(21) O: Allocation Stalls:          0                0                0                0         
[2026-04-03T03:23:49.362+0600][25.239s][info][gc,load     ] GC(21) O: Load: 3.89 (32%) / 4.60 (38%) / 5.22 (43%)
[2026-04-03T03:23:49.362+0600][25.239s][info][gc,mmu      ] GC(21) O: MMU: 2ms/93.1%, 5ms/96.9%, 10ms/98.2%, 20ms/99.1%, 50ms/99.4%, 100ms/99.7%
[2026-04-03T03:23:49.362+0600][25.239s][info][gc,marking  ] GC(21) O: Mark: 1 stripe(s), 3 proactive flush(es), 1 terminate flush(es), 0 completion(s), 0 continuation(s) 
[2026-04-03T03:23:49.362+0600][25.240s][info][gc,marking  ] GC(21) O: Mark Stack Usage: 32M
[2026-04-03T03:23:49.362+0600][25.240s][info][gc,nmethod  ] GC(21) O: NMethods: 5477 registered, 750 unregistered
[2026-04-03T03:23:49.362+0600][25.240s][info][gc,metaspace] GC(21) O: Metaspace: 68M used, 69M committed, 1088M reserved
[2026-04-03T03:23:49.362+0600][25.240s][info][gc,ref      ] GC(21) O:                       Encountered   Discovered     Enqueued 
[2026-04-03T03:23:49.362+0600][25.240s][info][gc,ref      ] GC(21) O: Soft References:             4936            0            0 
[2026-04-03T03:23:49.362+0600][25.240s][info][gc,ref      ] GC(21) O: Weak References:             6518         4869          422 
[2026-04-03T03:23:49.362+0600][25.240s][info][gc,ref      ] GC(21) O: Final References:              82           18            0 
[2026-04-03T03:23:49.362+0600][25.240s][info][gc,ref      ] GC(21) O: Phantom References:           596          392            0 
[2026-04-03T03:23:49.362+0600][25.240s][info][gc,reloc    ] GC(21) O:                        Candidates     Selected     In-Place         Size        Empty    Relocated 
[2026-04-03T03:23:49.362+0600][25.240s][info][gc,reloc    ] GC(21) O: Small Pages:                  143           22            0         286M           2M          14M 
[2026-04-03T03:23:49.362+0600][25.240s][info][gc,reloc    ] GC(21) O: Medium Pages:                   2            1            0          64M           0M           5M 
[2026-04-03T03:23:49.362+0600][25.240s][info][gc,reloc    ] GC(21) O: Large Pages:                    3            0            0          30M          10M           0M 
[2026-04-03T03:23:49.362+0600][25.240s][info][gc,reloc    ] GC(21) O: Forwarding Usage: 25M
[2026-04-03T03:23:49.362+0600][25.240s][info][gc,heap     ] GC(21) O: Min Capacity: 8M(1%)
[2026-04-03T03:23:49.362+0600][25.240s][info][gc,heap     ] GC(21) O: Max Capacity: 1250M(100%)
[2026-04-03T03:23:49.362+0600][25.240s][info][gc,heap     ] GC(21) O: Soft Max Capacity: 1250M(100%)
[2026-04-03T03:23:49.362+0600][25.240s][info][gc,heap     ] GC(21) O: Heap Statistics:
[2026-04-03T03:23:49.362+0600][25.240s][info][gc,heap     ] GC(21) O:                Mark Start          Mark End        Relocate Start      Relocate End           High               Low         
[2026-04-03T03:23:49.362+0600][25.240s][info][gc,heap     ] GC(21) O:  Capacity:     1250M (100%)       1250M (100%)       1250M (100%)       1250M (100%)       1250M (100%)       1250M (100%)   
[2026-04-03T03:23:49.362+0600][25.240s][info][gc,heap     ] GC(21) O:      Free:      392M (31%)         332M (27%)         440M (35%)         420M (34%)         494M (40%)           0M (0%)     
[2026-04-03T03:23:49.362+0600][25.240s][info][gc,heap     ] GC(21) O:      Used:      858M (69%)         918M (73%)         810M (65%)         830M (66%)        1250M (100%)        756M (60%)    
[2026-04-03T03:23:49.362+0600][25.240s][info][gc,heap     ] GC(21) O: Old Generation Statistics:
[2026-04-03T03:23:49.362+0600][25.240s][info][gc,heap     ] GC(21) O:                Mark Start          Mark End        Relocate Start      Relocate End    
[2026-04-03T03:23:49.362+0600][25.240s][info][gc,heap     ] GC(21) O:      Used:      380M (30%)         550M (44%)         562M (45%)         484M (39%)    
[2026-04-03T03:23:49.362+0600][25.240s][info][gc,heap     ] GC(21) O:      Live:         -               259M (21%)         259M (21%)         259M (21%)    
[2026-04-03T03:23:49.362+0600][25.240s][info][gc,heap     ] GC(21) O:   Garbage:         -               120M (10%)         108M (9%)            5M (0%)     
[2026-04-03T03:23:49.362+0600][25.240s][info][gc,heap     ] GC(21) O: Allocated:         -               170M (14%)         194M (16%)         219M (18%)    
[2026-04-03T03:23:49.362+0600][25.240s][info][gc,heap     ] GC(21) O: Reclaimed:         -                  -                12M (1%)          115M (9%)     
[2026-04-03T03:23:49.362+0600][25.240s][info][gc,heap     ] GC(21) O: Compacted:         -                  -                  -                52M (4%)     
[2026-04-03T03:23:49.362+0600][25.240s][info][gc,phases   ] GC(21) O: Old Generation 946M(76%)->830M(66%) 2.107s
[2026-04-03T03:23:49.362+0600][25.240s][info][gc          ] GC(21) Major Collection (Allocation Rate) 858M(69%)->690M(55%) 2.797s
[2026-04-03T03:23:49.364+0600][25.241s][info][gc          ] GC(26) Major Collection (Allocation Rate)
[2026-04-03T03:23:49.364+0600][25.241s][info][gc,task     ] GC(26) Using 3 Workers for Young Generation
[2026-04-03T03:23:49.364+0600][25.241s][info][gc,task     ] GC(26) Using 1 Workers for Old Generation
[2026-04-03T03:23:49.364+0600][25.241s][info][gc,phases   ] GC(26) Y: Young Generation
[2026-04-03T03:23:49.364+0600][25.242s][info][gc,phases   ] GC(26) Y: Pause Mark Start (Major) 0.026ms
[2026-04-03T03:23:49.448+0600][25.326s][info][gc,phases   ] GC(26) Y: Concurrent Mark 84.048ms
[2026-04-03T03:23:49.449+0600][25.326s][info][gc,phases   ] GC(26) Y: Pause Mark End 0.029ms
[2026-04-03T03:23:49.449+0600][25.326s][info][gc,phases   ] GC(26) Y: Concurrent Mark Free 0.002ms
[2026-04-03T03:23:49.449+0600][25.327s][info][gc,phases   ] GC(26) Y: Concurrent Reset Relocation Set 0.014ms
[2026-04-03T03:23:49.450+0600][25.328s][info][gc,reloc    ] GC(26) Y: Using tenuring threshold: 2 (Computed)
[2026-04-03T03:23:49.458+0600][25.335s][info][gc,phases   ] GC(26) Y: Concurrent Select Relocation Set 8.769ms
[2026-04-03T03:23:49.458+0600][25.336s][info][gc,phases   ] GC(26) Y: Pause Relocate Start 0.020ms
[2026-04-03T03:23:49.476+0600][25.354s][info][gc,phases   ] GC(26) Y: Concurrent Relocate 17.895ms
[2026-04-03T03:23:49.476+0600][25.354s][info][gc,alloc    ] GC(26) Y:                         Mark Start        Mark End      Relocate Start    Relocate End   
[2026-04-03T03:23:49.476+0600][25.354s][info][gc,alloc    ] GC(26) Y: Allocation Stalls:          0                0                0                0         
[2026-04-03T03:23:49.476+0600][25.354s][info][gc,load     ] GC(26) Y: Load: 3.89 (32%) / 4.60 (38%) / 5.22 (43%)
[2026-04-03T03:23:49.476+0600][25.354s][info][gc,mmu      ] GC(26) Y: MMU: 2ms/93.1%, 5ms/96.9%, 10ms/98.2%, 20ms/99.1%, 50ms/99.4%, 100ms/99.7%
[2026-04-03T03:23:49.476+0600][25.354s][info][gc,marking  ] GC(26) Y: Mark: 2 stripe(s), 4 proactive flush(es), 1 terminate flush(es), 0 completion(s), 0 continuation(s) 
[2026-04-03T03:23:49.476+0600][25.354s][info][gc,marking  ] GC(26) Y: Mark Stack Usage: 32M
[2026-04-03T03:23:49.476+0600][25.354s][info][gc,nmethod  ] GC(26) Y: NMethods: 5477 registered, 750 unregistered
[2026-04-03T03:23:49.476+0600][25.354s][info][gc,metaspace] GC(26) Y: Metaspace: 68M used, 69M committed, 1088M reserved
[2026-04-03T03:23:49.476+0600][25.354s][info][gc,reloc    ] GC(26) Y:                        Candidates     Selected     In-Place         Size        Empty    Relocated 
[2026-04-03T03:23:49.476+0600][25.354s][info][gc,reloc    ] GC(26) Y: Small Pages:                   56           46            0         112M           4M           4M 
[2026-04-03T03:23:49.476+0600][25.354s][info][gc,reloc    ] GC(26) Y: Medium Pages:                   3            1            0          96M          32M           3M 
[2026-04-03T03:23:49.476+0600][25.354s][info][gc,reloc    ] GC(26) Y: Large Pages:                    0            0            0           0M           0M           0M 
[2026-04-03T03:23:49.476+0600][25.354s][info][gc,reloc    ] GC(26) Y: Forwarding Usage: 4M
[2026-04-03T03:23:49.476+0600][25.354s][info][gc,reloc    ] GC(26) Y: Age Table:
[2026-04-03T03:23:49.476+0600][25.354s][info][gc,reloc    ] GC(26) Y:                    Live             Garbage             Small              Medium             Large        
[2026-04-03T03:23:49.476+0600][25.354s][info][gc,reloc    ] GC(26) Y: Eden               2M (0%)          113M (9%)          42 / 38             1 / 0              0 / 0        
[2026-04-03T03:23:49.476+0600][25.354s][info][gc,reloc    ] GC(26) Y: Survivor 1         7M (1%)           38M (3%)           7 / 5              1 / 1              0 / 0        
[2026-04-03T03:23:49.476+0600][25.354s][info][gc,reloc    ] GC(26) Y: Survivor 2         9M (1%)           36M (3%)           7 / 3              1 / 0              0 / 0        
[2026-04-03T03:23:49.476+0600][25.354s][info][gc,heap     ] GC(26) Y: Min Capacity: 8M(1%)
[2026-04-03T03:23:49.476+0600][25.354s][info][gc,heap     ] GC(26) Y: Max Capacity: 1250M(100%)
[2026-04-03T03:23:49.476+0600][25.354s][info][gc,heap     ] GC(26) Y: Soft Max Capacity: 1250M(100%)
[2026-04-03T03:23:49.476+0600][25.354s][info][gc,heap     ] GC(26) Y: Heap Statistics:
[2026-04-03T03:23:49.476+0600][25.354s][info][gc,heap     ] GC(26) Y:                Mark Start          Mark End        Relocate Start      Relocate End           High               Low         
[2026-04-03T03:23:49.476+0600][25.354s][info][gc,heap     ] GC(26) Y:  Capacity:     1250M (100%)       1250M (100%)       1250M (100%)       1250M (100%)       1250M (100%)       1250M (100%)   
[2026-04-03T03:23:49.476+0600][25.354s][info][gc,heap     ] GC(26) Y:      Free:      558M (45%)         524M (42%)         556M (44%)         632M (51%)         634M (51%)         508M (41%)    
[2026-04-03T03:23:49.476+0600][25.354s][info][gc,heap     ] GC(26) Y:      Used:      692M (55%)         726M (58%)         694M (56%)         618M (49%)         742M (59%)         616M (49%)    
[2026-04-03T03:23:49.476+0600][25.354s][info][gc,heap     ] GC(26) Y: Young Generation Statistics:
[2026-04-03T03:23:49.476+0600][25.354s][info][gc,heap     ] GC(26) Y:                Mark Start          Mark End        Relocate Start      Relocate End    
[2026-04-03T03:23:49.476+0600][25.354s][info][gc,heap     ] GC(26) Y:      Used:      208M (17%)         242M (19%)         202M (16%)          90M (7%)     
[2026-04-03T03:23:49.476+0600][25.354s][info][gc,heap     ] GC(26) Y:      Live:         -                19M (2%)           13M (1%)            9M (1%)     
[2026-04-03T03:23:49.476+0600][25.354s][info][gc,heap     ] GC(26) Y:   Garbage:         -               188M (15%)         150M (12%)           0M (0%)     
[2026-04-03T03:23:49.476+0600][25.354s][info][gc,heap     ] GC(26) Y: Allocated:         -                34M (3%)           38M (3%)           80M (6%)     
[2026-04-03T03:23:49.476+0600][25.354s][info][gc,heap     ] GC(26) Y: Reclaimed:         -                  -                37M (3%)          188M (15%)    
[2026-04-03T03:23:49.476+0600][25.354s][info][gc,heap     ] GC(26) Y:  Promoted:         -                  -                 6M (1%)            9M (1%)     
[2026-04-03T03:23:49.476+0600][25.354s][info][gc,heap     ] GC(26) Y: Compacted:         -                  -                  -                 7M (1%)     
[2026-04-03T03:23:49.476+0600][25.354s][info][gc,phases   ] GC(26) Y: Young Generation 692M(55%)->618M(49%) 0.112s
[2026-04-03T03:23:49.476+0600][25.354s][info][gc,phases   ] GC(26) O: Old Generation
[2026-04-03T03:23:49.483+0600][25.361s][info][gc          ] GC(27) Minor Collection (Allocation Rate)
[2026-04-03T03:23:49.483+0600][25.361s][info][gc,task     ] GC(27) Using 2 Workers for Young Generation
[2026-04-03T03:23:49.483+0600][25.361s][info][gc,phases   ] GC(27) y: Young Generation
[2026-04-03T03:23:49.483+0600][25.361s][info][gc,phases   ] GC(27) y: Pause Mark Start 0.022ms
[2026-04-03T03:23:49.561+0600][25.439s][info][gc,phases   ] GC(27) y: Concurrent Mark 77.818ms
[2026-04-03T03:23:49.561+0600][25.439s][info][gc,phases   ] GC(27) y: Pause Mark End 0.034ms
[2026-04-03T03:23:49.562+0600][25.439s][info][gc,phases   ] GC(27) y: Concurrent Mark Free 0.001ms
[2026-04-03T03:23:49.562+0600][25.439s][info][gc,phases   ] GC(27) y: Concurrent Reset Relocation Set 0.024ms
[2026-04-03T03:23:49.567+0600][25.445s][info][gc,reloc    ] GC(27) y: Using tenuring threshold: 2 (Computed)
[2026-04-03T03:23:49.574+0600][25.452s][info][gc,phases   ] GC(27) y: Concurrent Select Relocation Set 12.002ms
[2026-04-03T03:23:49.574+0600][25.452s][info][gc,phases   ] GC(27) y: Pause Relocate Start 0.024ms
[2026-04-03T03:23:49.594+0600][25.471s][info][gc,phases   ] GC(27) y: Concurrent Relocate 19.316ms
[2026-04-03T03:23:49.594+0600][25.471s][info][gc,alloc    ] GC(27) y:                         Mark Start        Mark End      Relocate Start    Relocate End   
[2026-04-03T03:23:49.594+0600][25.471s][info][gc,alloc    ] GC(27) y: Allocation Stalls:          0                0                0                0         
[2026-04-03T03:23:49.594+0600][25.471s][info][gc,load     ] GC(27) y: Load: 3.89 (32%) / 4.60 (38%) / 5.22 (43%)
[2026-04-03T03:23:49.594+0600][25.472s][info][gc,mmu      ] GC(27) y: MMU: 2ms/93.1%, 5ms/96.9%, 10ms/98.2%, 20ms/99.1%, 50ms/99.4%, 100ms/99.7%
[2026-04-03T03:23:49.594+0600][25.472s][info][gc,marking  ] GC(27) y: Mark: 2 stripe(s), 7 proactive flush(es), 1 terminate flush(es), 0 completion(s), 0 continuation(s) 
[2026-04-03T03:23:49.594+0600][25.472s][info][gc,marking  ] GC(27) y: Mark Stack Usage: 32M
[2026-04-03T03:23:49.594+0600][25.472s][info][gc,nmethod  ] GC(27) y: NMethods: 5477 registered, 750 unregistered
[2026-04-03T03:23:49.594+0600][25.472s][info][gc,metaspace] GC(27) y: Metaspace: 68M used, 69M committed, 1088M reserved
[2026-04-03T03:23:49.594+0600][25.472s][info][gc,reloc    ] GC(27) y:                        Candidates     Selected     In-Place         Size        Empty    Relocated 
[2026-04-03T03:23:49.594+0600][25.472s][info][gc,reloc    ] GC(27) y: Small Pages:                   31           26            0          62M           0M           2M 
[2026-04-03T03:23:49.594+0600][25.472s][info][gc,reloc    ] GC(27) y: Medium Pages:                   1            0            0          32M           0M           0M 
[2026-04-03T03:23:49.594+0600][25.472s][info][gc,reloc    ] GC(27) y: Large Pages:                    0            0            0           0M           0M           0M 
[2026-04-03T03:23:49.594+0600][25.472s][info][gc,reloc    ] GC(27) y: Forwarding Usage: 2M
[2026-04-03T03:23:49.594+0600][25.472s][info][gc,reloc    ] GC(27) y: Age Table:
[2026-04-03T03:23:49.594+0600][25.472s][info][gc,reloc    ] GC(27) y:                    Live             Garbage             Small              Medium             Large        
[2026-04-03T03:23:49.594+0600][25.472s][info][gc,reloc    ] GC(27) y: Eden               1M (0%)           46M (4%)          24 / 23             0 / 0              0 / 0        
[2026-04-03T03:23:49.594+0600][25.472s][info][gc,reloc    ] GC(27) y: Survivor 1         1M (0%)            4M (0%)           3 / 2              0 / 0              0 / 0        
[2026-04-03T03:23:49.594+0600][25.472s][info][gc,reloc    ] GC(27) y: Survivor 2         6M (1%)           33M (3%)           4 / 1              1 / 0              0 / 0        
[2026-04-03T03:23:49.594+0600][25.472s][info][gc,heap     ] GC(27) y: Min Capacity: 8M(1%)
[2026-04-03T03:23:49.594+0600][25.472s][info][gc,heap     ] GC(27) y: Max Capacity: 1250M(100%)
[2026-04-03T03:23:49.594+0600][25.472s][info][gc,heap     ] GC(27) y: Soft Max Capacity: 1250M(100%)
[2026-04-03T03:23:49.594+0600][25.472s][info][gc,heap     ] GC(27) y: Heap Statistics:
[2026-04-03T03:23:49.594+0600][25.472s][info][gc,heap     ] GC(27) y:                Mark Start          Mark End        Relocate Start      Relocate End           High               Low         
[2026-04-03T03:23:49.594+0600][25.472s][info][gc,heap     ] GC(27) y:  Capacity:     1250M (100%)       1250M (100%)       1250M (100%)       1250M (100%)       1250M (100%)       1250M (100%)   
[2026-04-03T03:23:49.594+0600][25.472s][info][gc,heap     ] GC(27) y:      Free:      628M (50%)         600M (48%)         594M (48%)         632M (51%)         636M (51%)         586M (47%)    
[2026-04-03T03:23:49.594+0600][25.472s][info][gc,heap     ] GC(27) y:      Used:      622M (50%)         650M (52%)         656M (52%)         618M (49%)         664M (53%)         614M (49%)    
[2026-04-03T03:23:49.594+0600][25.472s][info][gc,heap     ] GC(27) y: Young Generation Statistics:
[2026-04-03T03:23:49.594+0600][25.472s][info][gc,heap     ] GC(27) y:                Mark Start          Mark End        Relocate Start      Relocate End    
[2026-04-03T03:23:49.594+0600][25.472s][info][gc,heap     ] GC(27) y:      Used:       94M (8%)          122M (10%)          92M (7%)           52M (4%)     
[2026-04-03T03:23:49.594+0600][25.472s][info][gc,heap     ] GC(27) y:      Live:         -                10M (1%)            4M (0%)            3M (0%)     
[2026-04-03T03:23:49.594+0600][25.472s][info][gc,heap     ] GC(27) y:   Garbage:         -                83M (7%)           53M (4%)            0M (0%)     
[2026-04-03T03:23:49.594+0600][25.472s][info][gc,heap     ] GC(27) y: Allocated:         -                28M (2%)           34M (3%)           47M (4%)     
[2026-04-03T03:23:49.594+0600][25.472s][info][gc,heap     ] GC(27) y: Reclaimed:         -                  -                29M (2%)           82M (7%)     
[2026-04-03T03:23:49.594+0600][25.472s][info][gc,heap     ] GC(27) y:  Promoted:         -                  -                 6M (1%)            6M (1%)     
[2026-04-03T03:23:49.594+0600][25.472s][info][gc,heap     ] GC(27) y: Compacted:         -                  -                  -                 2M (0%)     
[2026-04-03T03:23:49.594+0600][25.472s][info][gc,phases   ] GC(27) y: Young Generation 622M(50%)->618M(49%) 0.111s
[2026-04-03T03:23:49.594+0600][25.472s][info][gc          ] GC(27) Minor Collection (Allocation Rate) 622M(50%)->618M(49%) 0.111s
[2026-04-03T03:23:49.981+0600][25.858s][info][gc          ] GC(28) Minor Collection (Allocation Rate)
[2026-04-03T03:23:49.981+0600][25.859s][info][gc,task     ] GC(28) Using 2 Workers for Young Generation
[2026-04-03T03:23:49.981+0600][25.859s][info][gc,phases   ] GC(28) y: Young Generation
[2026-04-03T03:23:49.981+0600][25.859s][info][gc,phases   ] GC(28) y: Pause Mark Start 0.034ms
[2026-04-03T03:23:50.056+0600][25.933s][info][gc,phases   ] GC(28) y: Concurrent Mark 74.175ms
[2026-04-03T03:23:50.056+0600][25.934s][info][gc,phases   ] GC(28) y: Pause Mark End 0.026ms
[2026-04-03T03:23:50.056+0600][25.934s][info][gc,phases   ] GC(28) y: Concurrent Mark Free 0.001ms
[2026-04-03T03:23:50.056+0600][25.934s][info][gc,phases   ] GC(28) y: Concurrent Reset Relocation Set 0.015ms
[2026-04-03T03:23:50.061+0600][25.939s][info][gc,reloc    ] GC(28) y: Using tenuring threshold: 3 (Computed)
[2026-04-03T03:23:50.064+0600][25.942s][info][gc,phases   ] GC(28) y: Concurrent Select Relocation Set 8.474ms
[2026-04-03T03:23:50.065+0600][25.942s][info][gc,phases   ] GC(28) y: Pause Relocate Start 0.016ms
[2026-04-03T03:23:50.086+0600][25.964s][info][gc,phases   ] GC(28) y: Concurrent Relocate 21.466ms
[2026-04-03T03:23:50.086+0600][25.964s][info][gc,alloc    ] GC(28) y:                         Mark Start        Mark End      Relocate Start    Relocate End   
[2026-04-03T03:23:50.086+0600][25.964s][info][gc,alloc    ] GC(28) y: Allocation Stalls:          0                0                0                0         
[2026-04-03T03:23:50.086+0600][25.964s][info][gc,load     ] GC(28) y: Load: 3.89 (32%) / 4.60 (38%) / 5.22 (43%)
[2026-04-03T03:23:50.086+0600][25.964s][info][gc,mmu      ] GC(28) y: MMU: 2ms/93.1%, 5ms/96.9%, 10ms/98.2%, 20ms/99.1%, 50ms/99.4%, 100ms/99.7%
[2026-04-03T03:23:50.086+0600][25.964s][info][gc,marking  ] GC(28) y: Mark: 2 stripe(s), 2 proactive flush(es), 1 terminate flush(es), 0 completion(s), 0 continuation(s) 
[2026-04-03T03:23:50.086+0600][25.964s][info][gc,marking  ] GC(28) y: Mark Stack Usage: 32M
[2026-04-03T03:23:50.086+0600][25.964s][info][gc,nmethod  ] GC(28) y: NMethods: 5483 registered, 750 unregistered
[2026-04-03T03:23:50.086+0600][25.964s][info][gc,metaspace] GC(28) y: Metaspace: 68M used, 69M committed, 1088M reserved
[2026-04-03T03:23:50.086+0600][25.964s][info][gc,reloc    ] GC(28) y:                        Candidates     Selected     In-Place         Size        Empty    Relocated 
[2026-04-03T03:23:50.087+0600][25.964s][info][gc,reloc    ] GC(28) y: Small Pages:                  109          103            0         218M           0M           7M 
[2026-04-03T03:23:50.087+0600][25.964s][info][gc,reloc    ] GC(28) y: Medium Pages:                   0            0            0           0M           0M           0M 
[2026-04-03T03:23:50.087+0600][25.964s][info][gc,reloc    ] GC(28) y: Large Pages:                    1            0            0          18M           0M           0M 
[2026-04-03T03:23:50.087+0600][25.964s][info][gc,reloc    ] GC(28) y: Forwarding Usage: 7M
[2026-04-03T03:23:50.087+0600][25.964s][info][gc,reloc    ] GC(28) y: Age Table:
[2026-04-03T03:23:50.087+0600][25.964s][info][gc,reloc    ] GC(28) y:                    Live             Garbage             Small              Medium             Large        
[2026-04-03T03:23:50.087+0600][25.964s][info][gc,reloc    ] GC(28) y: Eden              24M (2%)          199M (16%)        103 / 99             0 / 0              1 / 0        
[2026-04-03T03:23:50.087+0600][25.964s][info][gc,reloc    ] GC(28) y: Survivor 1         1M (0%)            4M (0%)           3 / 3              0 / 0              0 / 0        
[2026-04-03T03:23:50.087+0600][25.964s][info][gc,reloc    ] GC(28) y: Survivor 2         1M (0%)            4M (0%)           3 / 1              0 / 0              0 / 0        
[2026-04-03T03:23:50.087+0600][25.964s][info][gc,heap     ] GC(28) y: Min Capacity: 8M(1%)
[2026-04-03T03:23:50.087+0600][25.964s][info][gc,heap     ] GC(28) y: Max Capacity: 1250M(100%)
[2026-04-03T03:23:50.087+0600][25.964s][info][gc,heap     ] GC(28) y: Soft Max Capacity: 1250M(100%)
[2026-04-03T03:23:50.087+0600][25.964s][info][gc,heap     ] GC(28) y: Heap Statistics:
[2026-04-03T03:23:50.087+0600][25.964s][info][gc,heap     ] GC(28) y:                Mark Start          Mark End        Relocate Start      Relocate End           High               Low         
[2026-04-03T03:23:50.087+0600][25.964s][info][gc,heap     ] GC(28) y:  Capacity:     1250M (100%)       1250M (100%)       1250M (100%)       1250M (100%)       1250M (100%)       1250M (100%)   
[2026-04-03T03:23:50.087+0600][25.964s][info][gc,heap     ] GC(28) y:      Free:      448M (36%)         410M (33%)         406M (32%)         598M (48%)         598M (48%)         402M (32%)    
[2026-04-03T03:23:50.087+0600][25.964s][info][gc,heap     ] GC(28) y:      Used:      802M (64%)         840M (67%)         844M (68%)         652M (52%)         848M (68%)         652M (52%)    
[2026-04-03T03:23:50.087+0600][25.964s][info][gc,heap     ] GC(28) y: Young Generation Statistics:
[2026-04-03T03:23:50.087+0600][25.964s][info][gc,heap     ] GC(28) y:                Mark Start          Mark End        Relocate Start      Relocate End    
[2026-04-03T03:23:50.087+0600][25.965s][info][gc,heap     ] GC(28) y:      Used:      236M (19%)         274M (22%)         278M (22%)          86M (7%)     
[2026-04-03T03:23:50.087+0600][25.965s][info][gc,heap     ] GC(28) y:      Live:         -                27M (2%)           27M (2%)           27M (2%)     
[2026-04-03T03:23:50.087+0600][25.965s][info][gc,heap     ] GC(28) y:   Garbage:         -               208M (17%)         208M (17%)           1M (0%)     
[2026-04-03T03:23:50.087+0600][25.965s][info][gc,heap     ] GC(28) y: Allocated:         -                38M (3%)           42M (3%)           57M (5%)     
[2026-04-03T03:23:50.087+0600][25.965s][info][gc,heap     ] GC(28) y: Reclaimed:         -                  -                 0M (0%)          207M (17%)    
[2026-04-03T03:23:50.087+0600][25.965s][info][gc,heap     ] GC(28) y:  Promoted:         -                  -                 0M (0%)            0M (0%)     
[2026-04-03T03:23:50.087+0600][25.965s][info][gc,heap     ] GC(28) y: Compacted:         -                  -                  -                 8M (1%)     
[2026-04-03T03:23:50.087+0600][25.965s][info][gc,phases   ] GC(28) y: Young Generation 802M(64%)->652M(52%) 0.106s
[2026-04-03T03:23:50.087+0600][25.965s][info][gc          ] GC(28) Minor Collection (Allocation Rate) 802M(64%)->652M(52%) 0.106s
[2026-04-03T03:23:50.358+0600][26.236s][info][gc,phases   ] GC(26) O: Concurrent Mark 881.567ms
[2026-04-03T03:23:50.358+0600][26.236s][info][gc,phases   ] GC(26) O: Pause Mark End 0.021ms
[2026-04-03T03:23:50.358+0600][26.236s][info][gc,phases   ] GC(26) O: Concurrent Mark Free 0.002ms
[2026-04-03T03:23:50.373+0600][26.251s][info][gc,phases   ] GC(26) O: Concurrent Process Non-Strong 15.021ms
[2026-04-03T03:23:50.374+0600][26.251s][info][gc,phases   ] GC(26) O: Concurrent Reset Relocation Set 0.011ms
[2026-04-03T03:23:50.398+0600][26.276s][info][gc,phases   ] GC(26) O: Concurrent Select Relocation Set 24.682ms
[2026-04-03T03:23:50.398+0600][26.276s][info][gc,task     ] GC(26) O: Using 3 Workers for Old Generation
[2026-04-03T03:23:50.420+0600][26.298s][info][gc,task     ] GC(26) O: Using 1 Workers for Old Generation
[2026-04-03T03:23:50.420+0600][26.298s][info][gc,phases   ] GC(26) O: Concurrent Remap Roots 21.866ms
[2026-04-03T03:23:50.420+0600][26.298s][info][gc,phases   ] GC(26) O: Pause Relocate Start 0.040ms
[2026-04-03T03:23:50.628+0600][26.506s][info][gc,phases   ] GC(26) O: Concurrent Relocate 207.565ms
[2026-04-03T03:23:50.628+0600][26.506s][info][gc,alloc    ] GC(26) O:                         Mark Start        Mark End      Relocate Start    Relocate End   
[2026-04-03T03:23:50.628+0600][26.506s][info][gc,alloc    ] GC(26) O: Allocation Stalls:          0                0                0                0         
[2026-04-03T03:23:50.628+0600][26.506s][info][gc,load     ] GC(26) O: Load: 3.81 (32%) / 4.57 (38%) / 5.21 (43%)
[2026-04-03T03:23:50.628+0600][26.506s][info][gc,mmu      ] GC(26) O: MMU: 2ms/93.1%, 5ms/96.9%, 10ms/98.2%, 20ms/99.1%, 50ms/99.4%, 100ms/99.7%
[2026-04-03T03:23:50.628+0600][26.506s][info][gc,marking  ] GC(26) O: Mark: 1 stripe(s), 2 proactive flush(es), 1 terminate flush(es), 0 completion(s), 0 continuation(s) 
[2026-04-03T03:23:50.628+0600][26.506s][info][gc,marking  ] GC(26) O: Mark Stack Usage: 32M
[2026-04-03T03:23:50.628+0600][26.506s][info][gc,nmethod  ] GC(26) O: NMethods: 5306 registered, 935 unregistered
[2026-04-03T03:23:50.628+0600][26.506s][info][gc,metaspace] GC(26) O: Metaspace: 68M used, 69M committed, 1088M reserved
[2026-04-03T03:23:50.628+0600][26.506s][info][gc,ref      ] GC(26) O:                       Encountered   Discovered     Enqueued 
[2026-04-03T03:23:50.628+0600][26.506s][info][gc,ref      ] GC(26) O: Soft References:             4957            0            0 
[2026-04-03T03:23:50.628+0600][26.506s][info][gc,ref      ] GC(26) O: Weak References:             6331         4769           51 
[2026-04-03T03:23:50.628+0600][26.506s][info][gc,ref      ] GC(26) O: Final References:              82           66            0 
[2026-04-03T03:23:50.628+0600][26.506s][info][gc,ref      ] GC(26) O: Phantom References:           598          518            0 
[2026-04-03T03:23:50.628+0600][26.506s][info][gc,reloc    ] GC(26) O:                        Candidates     Selected     In-Place         Size        Empty    Relocated 
[2026-04-03T03:23:50.628+0600][26.506s][info][gc,reloc    ] GC(26) O: Small Pages:                  167           42            0         334M          42M          27M 
[2026-04-03T03:23:50.628+0600][26.506s][info][gc,reloc    ] GC(26) O: Medium Pages:                   2            0            0          64M          32M           0M 
[2026-04-03T03:23:50.628+0600][26.506s][info][gc,reloc    ] GC(26) O: Large Pages:                    7            0            0          86M          76M           0M 
[2026-04-03T03:23:50.628+0600][26.506s][info][gc,reloc    ] GC(26) O: Forwarding Usage: 52M
[2026-04-03T03:23:50.628+0600][26.506s][info][gc,heap     ] GC(26) O: Min Capacity: 8M(1%)
[2026-04-03T03:23:50.628+0600][26.506s][info][gc,heap     ] GC(26) O: Max Capacity: 1250M(100%)
[2026-04-03T03:23:50.628+0600][26.506s][info][gc,heap     ] GC(26) O: Soft Max Capacity: 1250M(100%)
[2026-04-03T03:23:50.628+0600][26.506s][info][gc,heap     ] GC(26) O: Heap Statistics:
[2026-04-03T03:23:50.628+0600][26.506s][info][gc,heap     ] GC(26) O:                Mark Start          Mark End        Relocate Start      Relocate End           High               Low         
[2026-04-03T03:23:50.628+0600][26.506s][info][gc,heap     ] GC(26) O:  Capacity:     1250M (100%)       1250M (100%)       1250M (100%)       1250M (100%)       1250M (100%)       1250M (100%)   
[2026-04-03T03:23:50.629+0600][26.506s][info][gc,heap     ] GC(26) O:      Free:      558M (45%)         558M (45%)         708M (57%)         798M (64%)         798M (64%)         402M (32%)    
[2026-04-03T03:23:50.629+0600][26.506s][info][gc,heap     ] GC(26) O:      Used:      692M (55%)         692M (55%)         542M (43%)         452M (36%)         848M (68%)         452M (36%)    
[2026-04-03T03:23:50.629+0600][26.506s][info][gc,heap     ] GC(26) O: Old Generation Statistics:
[2026-04-03T03:23:50.629+0600][26.506s][info][gc,heap     ] GC(26) O:                Mark Start          Mark End        Relocate Start      Relocate End    
[2026-04-03T03:23:50.629+0600][26.506s][info][gc,heap     ] GC(26) O:      Used:      484M (39%)         566M (45%)         416M (33%)         326M (26%)    
[2026-04-03T03:23:50.629+0600][26.506s][info][gc,heap     ] GC(26) O:      Live:         -               218M (17%)         218M (17%)         218M (17%)    
[2026-04-03T03:23:50.629+0600][26.506s][info][gc,heap     ] GC(26) O:   Garbage:         -               265M (21%)         115M (9%)           23M (2%)     
[2026-04-03T03:23:50.629+0600][26.506s][info][gc,heap     ] GC(26) O: Allocated:         -                82M (7%)           82M (7%)           84M (7%)     
[2026-04-03T03:23:50.629+0600][26.506s][info][gc,heap     ] GC(26) O: Reclaimed:         -                  -               150M (12%)         242M (19%)    
[2026-04-03T03:23:50.629+0600][26.506s][info][gc,heap     ] GC(26) O: Compacted:         -                  -                  -                59M (5%)     
[2026-04-03T03:23:50.629+0600][26.506s][info][gc,phases   ] GC(26) O: Old Generation 618M(49%)->452M(36%) 1.152s
[2026-04-03T03:23:50.629+0600][26.506s][info][gc          ] GC(26) Major Collection (Allocation Rate) 692M(55%)->452M(36%) 1.265s
[2026-04-03T03:23:50.847+0600][26.725s][info][gc          ] GC(29) Minor Collection (Allocation Rate)
[2026-04-03T03:23:50.847+0600][26.725s][info][gc,task     ] GC(29) Using 1 Workers for Young Generation
[2026-04-03T03:23:50.847+0600][26.725s][info][gc,phases   ] GC(29) y: Young Generation
[2026-04-03T03:23:50.847+0600][26.725s][info][gc,phases   ] GC(29) y: Pause Mark Start 0.016ms
[2026-04-03T03:23:50.992+0600][26.869s][info][gc,phases   ] GC(29) y: Concurrent Mark 144.121ms
[2026-04-03T03:23:50.992+0600][26.870s][info][gc,phases   ] GC(29) y: Pause Mark End 0.030ms
[2026-04-03T03:23:50.992+0600][26.870s][info][gc,phases   ] GC(29) y: Concurrent Mark Free 0.002ms
[2026-04-03T03:23:50.992+0600][26.870s][info][gc,phases   ] GC(29) y: Concurrent Reset Relocation Set 0.013ms
[2026-04-03T03:23:50.994+0600][26.872s][info][gc,reloc    ] GC(29) y: Using tenuring threshold: 1 (Computed)
[2026-04-03T03:23:51.027+0600][26.904s][info][gc,phases   ] GC(29) y: Concurrent Select Relocation Set 34.512ms
[2026-04-03T03:23:51.027+0600][26.905s][info][gc,phases   ] GC(29) y: Pause Relocate Start 0.018ms
[2026-04-03T03:23:51.149+0600][27.026s][info][gc,phases   ] GC(29) y: Concurrent Relocate 121.640ms
[2026-04-03T03:23:51.149+0600][27.027s][info][gc,alloc    ] GC(29) y:                         Mark Start        Mark End      Relocate Start    Relocate End   
[2026-04-03T03:23:51.149+0600][27.027s][info][gc,alloc    ] GC(29) y: Allocation Stalls:          0                0                0                0         
[2026-04-03T03:23:51.149+0600][27.027s][info][gc,load     ] GC(29) y: Load: 3.81 (32%) / 4.57 (38%) / 5.21 (43%)
[2026-04-03T03:23:51.149+0600][27.027s][info][gc,mmu      ] GC(29) y: MMU: 2ms/93.1%, 5ms/96.9%, 10ms/98.2%, 20ms/99.1%, 50ms/99.4%, 100ms/99.7%
[2026-04-03T03:23:51.149+0600][27.027s][info][gc,marking  ] GC(29) y: Mark: 1 stripe(s), 2 proactive flush(es), 1 terminate flush(es), 0 completion(s), 0 continuation(s) 
[2026-04-03T03:23:51.149+0600][27.027s][info][gc,marking  ] GC(29) y: Mark Stack Usage: 32M
[2026-04-03T03:23:51.149+0600][27.027s][info][gc,nmethod  ] GC(29) y: NMethods: 5420 registered, 935 unregistered
[2026-04-03T03:23:51.149+0600][27.027s][info][gc,metaspace] GC(29) y: Metaspace: 68M used, 69M committed, 1088M reserved
[2026-04-03T03:23:51.149+0600][27.027s][info][gc,reloc    ] GC(29) y:                        Candidates     Selected     In-Place         Size        Empty    Relocated 
[2026-04-03T03:23:51.149+0600][27.027s][info][gc,reloc    ] GC(29) y: Small Pages:                   43           34            0          86M           6M           3M 
[2026-04-03T03:23:51.149+0600][27.027s][info][gc,reloc    ] GC(29) y: Medium Pages:                   1            0            0          32M          32M           0M 
[2026-04-03T03:23:51.149+0600][27.027s][info][gc,reloc    ] GC(29) y: Large Pages:                    1            0            0          18M           0M           0M 
[2026-04-03T03:23:51.149+0600][27.027s][info][gc,reloc    ] GC(29) y: Forwarding Usage: 4M
[2026-04-03T03:23:51.149+0600][27.027s][info][gc,reloc    ] GC(29) y: Age Table:
[2026-04-03T03:23:51.149+0600][27.027s][info][gc,reloc    ] GC(29) y:                    Live             Garbage             Small              Medium             Large        
[2026-04-03T03:23:51.149+0600][27.027s][info][gc,reloc    ] GC(29) y: Eden               1M (0%)           94M (8%)          32 / 28             1 / 0              0 / 0        
[2026-04-03T03:23:51.149+0600][27.027s][info][gc,reloc    ] GC(29) y: Survivor 1        23M (2%)            4M (0%)           5 / 1              0 / 0              1 / 0        
[2026-04-03T03:23:51.149+0600][27.027s][info][gc,reloc    ] GC(29) y: Survivor 2         1M (0%)            4M (0%)           3 / 3              0 / 0              0 / 0        
[2026-04-03T03:23:51.149+0600][27.027s][info][gc,reloc    ] GC(29) y: Survivor 3         1M (0%)            4M (0%)           3 / 2              0 / 0              0 / 0        
[2026-04-03T03:23:51.149+0600][27.027s][info][gc,heap     ] GC(29) y: Min Capacity: 8M(1%)
[2026-04-03T03:23:51.149+0600][27.027s][info][gc,heap     ] GC(29) y: Max Capacity: 1250M(100%)
[2026-04-03T03:23:51.149+0600][27.027s][info][gc,heap     ] GC(29) y: Soft Max Capacity: 1250M(100%)
[2026-04-03T03:23:51.149+0600][27.027s][info][gc,heap     ] GC(29) y: Heap Statistics:
[2026-04-03T03:23:51.149+0600][27.027s][info][gc,heap     ] GC(29) y:                Mark Start          Mark End        Relocate Start      Relocate End           High               Low         
[2026-04-03T03:23:51.149+0600][27.027s][info][gc,heap     ] GC(29) y:  Capacity:     1250M (100%)       1250M (100%)       1250M (100%)       1250M (100%)       1250M (100%)       1250M (100%)   
[2026-04-03T03:23:51.149+0600][27.027s][info][gc,heap     ] GC(29) y:      Free:      788M (63%)         706M (56%)         734M (59%)         780M (62%)         798M (64%)         704M (56%)    
[2026-04-03T03:23:51.149+0600][27.027s][info][gc,heap     ] GC(29) y:      Used:      462M (37%)         544M (44%)         516M (41%)         470M (38%)         546M (44%)         452M (36%)    
[2026-04-03T03:23:51.149+0600][27.027s][info][gc,heap     ] GC(29) y: Young Generation Statistics:
[2026-04-03T03:23:51.149+0600][27.027s][info][gc,heap     ] GC(29) y:                Mark Start          Mark End        Relocate Start      Relocate End    
[2026-04-03T03:23:51.149+0600][27.027s][info][gc,heap     ] GC(29) y:      Used:      136M (11%)         218M (17%)         166M (13%)         116M (9%)     
[2026-04-03T03:23:51.149+0600][27.027s][info][gc,heap     ] GC(29) y:      Live:         -                28M (2%)            5M (0%)            1M (0%)     
[2026-04-03T03:23:51.149+0600][27.027s][info][gc,heap     ] GC(29) y:   Garbage:         -               107M (9%)           68M (6%)            0M (0%)     
[2026-04-03T03:23:51.149+0600][27.027s][info][gc,heap     ] GC(29) y: Allocated:         -                82M (7%)           92M (7%)          114M (9%)     
[2026-04-03T03:23:51.149+0600][27.027s][info][gc,heap     ] GC(29) y: Reclaimed:         -                  -                39M (3%)          107M (9%)     
[2026-04-03T03:23:51.149+0600][27.027s][info][gc,heap     ] GC(29) y:  Promoted:         -                  -                22M (2%)           26M (2%)     
[2026-04-03T03:23:51.149+0600][27.027s][info][gc,heap     ] GC(29) y: Compacted:         -                  -                  -                 1M (0%)     
[2026-04-03T03:23:51.149+0600][27.027s][info][gc,phases   ] GC(29) y: Young Generation 462M(37%)->470M(38%) 0.302s
[2026-04-03T03:23:51.149+0600][27.027s][info][gc          ] GC(29) Minor Collection (Allocation Rate) 462M(37%)->470M(38%) 0.302s
[2026-04-03T03:23:51.197+0600][27.075s][info][gc          ] GC(30) Minor Collection (Allocation Rate)
[2026-04-03T03:23:51.197+0600][27.075s][info][gc,task     ] GC(30) Using 1 Workers for Young Generation
[2026-04-03T03:23:51.197+0600][27.075s][info][gc,phases   ] GC(30) y: Young Generation
[2026-04-03T03:23:51.197+0600][27.075s][info][gc,phases   ] GC(30) y: Pause Mark Start 0.026ms
[2026-04-03T03:23:51.353+0600][27.231s][info][gc,phases   ] GC(30) y: Concurrent Mark 155.253ms
[2026-04-03T03:23:51.353+0600][27.231s][info][gc,phases   ] GC(30) y: Pause Mark End 0.064ms
[2026-04-03T03:23:51.353+0600][27.231s][info][gc,phases   ] GC(30) y: Concurrent Mark Free 0.004ms
[2026-04-03T03:23:51.354+0600][27.231s][info][gc,phases   ] GC(30) y: Concurrent Reset Relocation Set 0.027ms
[2026-04-03T03:23:51.356+0600][27.233s][info][gc,reloc    ] GC(30) y: Using tenuring threshold: 2 (Computed)
[2026-04-03T03:23:51.366+0600][27.244s][info][gc,phases   ] GC(30) y: Concurrent Select Relocation Set 12.300ms
[2026-04-03T03:23:51.366+0600][27.244s][info][gc,phases   ] GC(30) y: Pause Relocate Start 0.055ms
[2026-04-03T03:23:51.431+0600][27.309s][info][gc,phases   ] GC(30) y: Concurrent Relocate 64.675ms
[2026-04-03T03:23:51.431+0600][27.309s][info][gc,alloc    ] GC(30) y:                         Mark Start        Mark End      Relocate Start    Relocate End   
[2026-04-03T03:23:51.431+0600][27.309s][info][gc,alloc    ] GC(30) y: Allocation Stalls:          0                0                0                0         
[2026-04-03T03:23:51.431+0600][27.309s][info][gc,load     ] GC(30) y: Load: 3.81 (32%) / 4.57 (38%) / 5.21 (43%)
[2026-04-03T03:23:51.431+0600][27.309s][info][gc,mmu      ] GC(30) y: MMU: 2ms/93.1%, 5ms/96.9%, 10ms/98.2%, 20ms/99.1%, 50ms/99.4%, 100ms/99.7%
[2026-04-03T03:23:51.431+0600][27.309s][info][gc,marking  ] GC(30) y: Mark: 1 stripe(s), 2 proactive flush(es), 1 terminate flush(es), 0 completion(s), 0 continuation(s) 
[2026-04-03T03:23:51.431+0600][27.309s][info][gc,marking  ] GC(30) y: Mark Stack Usage: 32M
[2026-04-03T03:23:51.431+0600][27.309s][info][gc,nmethod  ] GC(30) y: NMethods: 5434 registered, 935 unregistered
[2026-04-03T03:23:51.431+0600][27.309s][info][gc,metaspace] GC(30) y: Metaspace: 68M used, 69M committed, 1088M reserved
[2026-04-03T03:23:51.431+0600][27.309s][info][gc,reloc    ] GC(30) y:                        Candidates     Selected     In-Place         Size        Empty    Relocated 
[2026-04-03T03:23:51.431+0600][27.309s][info][gc,reloc    ] GC(30) y: Small Pages:                   50           40            0         100M           4M           8M 
[2026-04-03T03:23:51.431+0600][27.309s][info][gc,reloc    ] GC(30) y: Medium Pages:                   1            0            0          32M           0M           0M 
[2026-04-03T03:23:51.431+0600][27.309s][info][gc,reloc    ] GC(30) y: Large Pages:                    3            0            0          18M           6M           0M 
[2026-04-03T03:23:51.431+0600][27.309s][info][gc,reloc    ] GC(30) y: Forwarding Usage: 13M
[2026-04-03T03:23:51.431+0600][27.309s][info][gc,reloc    ] GC(30) y: Age Table:
[2026-04-03T03:23:51.431+0600][27.309s][info][gc,reloc    ] GC(30) y:                    Live             Garbage             Small              Medium             Large        
[2026-04-03T03:23:51.431+0600][27.309s][info][gc,reloc    ] GC(30) y: Eden              25M (2%)          122M (10%)         49 / 40             1 / 0              3 / 0        
[2026-04-03T03:23:51.431+0600][27.309s][info][gc,reloc    ] GC(30) y: Survivor 1         1M (0%)            0M (0%)           1 / 0              0 / 0              0 / 0        
[2026-04-03T03:23:51.431+0600][27.309s][info][gc,heap     ] GC(30) y: Min Capacity: 8M(1%)
[2026-04-03T03:23:51.431+0600][27.309s][info][gc,heap     ] GC(30) y: Max Capacity: 1250M(100%)
[2026-04-03T03:23:51.431+0600][27.309s][info][gc,heap     ] GC(30) y: Soft Max Capacity: 1250M(100%)
[2026-04-03T03:23:51.431+0600][27.309s][info][gc,heap     ] GC(30) y: Heap Statistics:
[2026-04-03T03:23:51.431+0600][27.309s][info][gc,heap     ] GC(30) y:                Mark Start          Mark End        Relocate Start      Relocate End           High               Low         
[2026-04-03T03:23:51.431+0600][27.309s][info][gc,heap     ] GC(30) y:  Capacity:     1250M (100%)       1250M (100%)       1250M (100%)       1250M (100%)       1250M (100%)       1250M (100%)   
[2026-04-03T03:23:51.432+0600][27.309s][info][gc,heap     ] GC(30) y:      Free:      746M (60%)         650M (52%)         656M (52%)         712M (57%)         746M (60%)         648M (52%)    
[2026-04-03T03:23:51.432+0600][27.309s][info][gc,heap     ] GC(30) y:      Used:      504M (40%)         600M (48%)         594M (48%)         538M (43%)         602M (48%)         504M (40%)    
[2026-04-03T03:23:51.432+0600][27.309s][info][gc,heap     ] GC(30) y: Young Generation Statistics:
[2026-04-03T03:23:51.432+0600][27.309s][info][gc,heap     ] GC(30) y:                Mark Start          Mark End        Relocate Start      Relocate End    
[2026-04-03T03:23:51.432+0600][27.309s][info][gc,heap     ] GC(30) y:      Used:      150M (12%)         246M (20%)         240M (19%)         184M (15%)    
[2026-04-03T03:23:51.432+0600][27.309s][info][gc,heap     ] GC(30) y:      Live:         -                27M (2%)           27M (2%)           27M (2%)     
[2026-04-03T03:23:51.432+0600][27.309s][info][gc,heap     ] GC(30) y:   Garbage:         -               122M (10%)         112M (9%)           30M (2%)     
[2026-04-03T03:23:51.432+0600][27.309s][info][gc,heap     ] GC(30) y: Allocated:         -                96M (8%)          100M (8%)          126M (10%)    
[2026-04-03T03:23:51.432+0600][27.309s][info][gc,heap     ] GC(30) y: Reclaimed:         -                  -                10M (1%)           92M (7%)     
[2026-04-03T03:23:51.432+0600][27.309s][info][gc,heap     ] GC(30) y:  Promoted:         -                  -                 0M (0%)            0M (0%)     
[2026-04-03T03:23:51.432+0600][27.309s][info][gc,heap     ] GC(30) y: Compacted:         -                  -                  -                11M (1%)     
[2026-04-03T03:23:51.432+0600][27.309s][info][gc,phases   ] GC(30) y: Young Generation 504M(40%)->538M(43%) 0.234s
[2026-04-03T03:23:51.432+0600][27.309s][info][gc          ] GC(30) Minor Collection (Allocation Rate) 504M(40%)->538M(43%) 0.235s
[2026-04-03T03:23:51.588+0600][27.465s][info][gc          ] GC(31) Minor Collection (Allocation Rate)
[2026-04-03T03:23:51.588+0600][27.465s][info][gc,task     ] GC(31) Using 1 Workers for Young Generation
[2026-04-03T03:23:51.588+0600][27.465s][info][gc,phases   ] GC(31) y: Young Generation
[2026-04-03T03:23:51.588+0600][27.466s][info][gc,phases   ] GC(31) y: Pause Mark Start 0.035ms
[2026-04-03T03:23:51.968+0600][27.846s][info][gc,phases   ] GC(31) y: Concurrent Mark 379.978ms
[2026-04-03T03:23:51.968+0600][27.846s][info][gc,phases   ] GC(31) y: Pause Mark End 0.027ms
[2026-04-03T03:23:51.969+0600][27.846s][info][gc,phases   ] GC(31) y: Concurrent Mark Free 0.002ms
[2026-04-03T03:23:51.969+0600][27.847s][info][gc,phases   ] GC(31) y: Concurrent Reset Relocation Set 0.011ms
[2026-04-03T03:23:51.972+0600][27.849s][info][gc,reloc    ] GC(31) y: Using tenuring threshold: 3 (Computed)
[2026-04-03T03:23:52.003+0600][27.881s][info][gc,phases   ] GC(31) y: Concurrent Select Relocation Set 34.389ms
[2026-04-03T03:23:52.004+0600][27.881s][info][gc,phases   ] GC(31) y: Pause Relocate Start 0.057ms
[2026-04-03T03:23:52.209+0600][28.086s][info][gc,phases   ] GC(31) y: Concurrent Relocate 204.826ms
[2026-04-03T03:23:52.209+0600][28.086s][info][gc,alloc    ] GC(31) y:                         Mark Start        Mark End      Relocate Start    Relocate End   
[2026-04-03T03:23:52.209+0600][28.086s][info][gc,alloc    ] GC(31) y: Allocation Stalls:          0                0                0                0         
[2026-04-03T03:23:52.209+0600][28.087s][info][gc,load     ] GC(31) y: Load: 3.81 (32%) / 4.57 (38%) / 5.21 (43%)
[2026-04-03T03:23:52.209+0600][28.087s][info][gc,mmu      ] GC(31) y: MMU: 2ms/93.1%, 5ms/96.9%, 10ms/98.2%, 20ms/99.1%, 50ms/99.4%, 100ms/99.7%
[2026-04-03T03:23:52.209+0600][28.087s][info][gc,marking  ] GC(31) y: Mark: 1 stripe(s), 2 proactive flush(es), 1 terminate flush(es), 0 completion(s), 0 continuation(s) 
[2026-04-03T03:23:52.209+0600][28.087s][info][gc,marking  ] GC(31) y: Mark Stack Usage: 32M
[2026-04-03T03:23:52.209+0600][28.087s][info][gc,nmethod  ] GC(31) y: NMethods: 5466 registered, 935 unregistered
[2026-04-03T03:23:52.209+0600][28.087s][info][gc,metaspace] GC(31) y: Metaspace: 68M used, 69M committed, 1088M reserved
[2026-04-03T03:23:52.209+0600][28.087s][info][gc,reloc    ] GC(31) y:                        Candidates     Selected     In-Place         Size        Empty    Relocated 
[2026-04-03T03:23:52.209+0600][28.087s][info][gc,reloc    ] GC(31) y: Small Pages:                  129           97            0         258M           0M          33M 
[2026-04-03T03:23:52.209+0600][28.087s][info][gc,reloc    ] GC(31) y: Medium Pages:                   2            0            0          64M          32M           0M 
[2026-04-03T03:23:52.209+0600][28.087s][info][gc,reloc    ] GC(31) y: Large Pages:                    6            0            0          48M          18M           0M 
[2026-04-03T03:23:52.209+0600][28.087s][info][gc,reloc    ] GC(31) y: Forwarding Usage: 41M
[2026-04-03T03:23:52.209+0600][28.087s][info][gc,reloc    ] GC(31) y: Age Table:
[2026-04-03T03:23:52.209+0600][28.087s][info][gc,reloc    ] GC(31) y:                    Live             Garbage             Small              Medium             Large        
[2026-04-03T03:23:52.209+0600][28.087s][info][gc,reloc    ] GC(31) y: Eden              83M (7%)          224M (18%)        120 / 90             1 / 0              4 / 0        
[2026-04-03T03:23:52.209+0600][28.087s][info][gc,reloc    ] GC(31) y: Survivor 1         5M (0%)           54M (4%)           8 / 7              1 / 0              2 / 0        
[2026-04-03T03:23:52.209+0600][28.087s][info][gc,reloc    ] GC(31) y: Survivor 2         1M (0%)            0M (0%)           1 / 0              0 / 0              0 / 0        
[2026-04-03T03:23:52.209+0600][28.087s][info][gc,heap     ] GC(31) y: Min Capacity: 8M(1%)
[2026-04-03T03:23:52.209+0600][28.087s][info][gc,heap     ] GC(31) y: Max Capacity: 1250M(100%)
[2026-04-03T03:23:52.209+0600][28.087s][info][gc,heap     ] GC(31) y: Soft Max Capacity: 1250M(100%)
[2026-04-03T03:23:52.209+0600][28.087s][info][gc,heap     ] GC(31) y: Heap Statistics:
[2026-04-03T03:23:52.209+0600][28.087s][info][gc,heap     ] GC(31) y:                Mark Start          Mark End        Relocate Start      Relocate End           High               Low         
[2026-04-03T03:23:52.209+0600][28.087s][info][gc,heap     ] GC(31) y:  Capacity:     1250M (100%)       1250M (100%)       1250M (100%)       1250M (100%)       1250M (100%)       1250M (100%)   
[2026-04-03T03:23:52.209+0600][28.087s][info][gc,heap     ] GC(31) y:      Free:      526M (42%)         176M (14%)         200M (16%)         186M (15%)         526M (42%)         176M (14%)    
[2026-04-03T03:23:52.209+0600][28.087s][info][gc,heap     ] GC(31) y:      Used:      724M (58%)        1074M (86%)        1050M (84%)        1064M (85%)        1074M (86%)         724M (58%)    
[2026-04-03T03:23:52.209+0600][28.087s][info][gc,heap     ] GC(31) y: Young Generation Statistics:
[2026-04-03T03:23:52.209+0600][28.087s][info][gc,heap     ] GC(31) y:                Mark Start          Mark End        Relocate Start      Relocate End    
[2026-04-03T03:23:52.209+0600][28.087s][info][gc,heap     ] GC(31) y:      Used:      370M (30%)         720M (58%)         696M (56%)         710M (57%)    
[2026-04-03T03:23:52.209+0600][28.087s][info][gc,heap     ] GC(31) y:      Live:         -                91M (7%)           91M (7%)           91M (7%)     
[2026-04-03T03:23:52.209+0600][28.087s][info][gc,heap     ] GC(31) y:   Garbage:         -               278M (22%)         228M (18%)          26M (2%)     
[2026-04-03T03:23:52.209+0600][28.087s][info][gc,heap     ] GC(31) y: Allocated:         -               350M (28%)         376M (30%)         592M (47%)    
[2026-04-03T03:23:52.209+0600][28.087s][info][gc,heap     ] GC(31) y: Reclaimed:         -                  -                50M (4%)          252M (20%)    
[2026-04-03T03:23:52.209+0600][28.087s][info][gc,heap     ] GC(31) y:  Promoted:         -                  -                 0M (0%)            0M (0%)     
[2026-04-03T03:23:52.209+0600][28.087s][info][gc,heap     ] GC(31) y: Compacted:         -                  -                  -                53M (4%)     
[2026-04-03T03:23:52.209+0600][28.087s][info][gc,phases   ] GC(31) y: Young Generation 724M(58%)->1064M(85%) 0.621s
[2026-04-03T03:23:52.209+0600][28.087s][info][gc          ] GC(31) Minor Collection (Allocation Rate) 724M(58%)->1064M(85%) 0.622s
[2026-04-03T03:23:52.209+0600][28.087s][info][gc          ] GC(32) Minor Collection (Allocation Rate)
[2026-04-03T03:23:52.209+0600][28.087s][info][gc,task     ] GC(32) Using 3 Workers for Young Generation
[2026-04-03T03:23:52.209+0600][28.087s][info][gc,phases   ] GC(32) y: Young Generation
[2026-04-03T03:23:52.210+0600][28.087s][info][gc,phases   ] GC(32) y: Pause Mark Start 0.029ms
[2026-04-03T03:23:52.580+0600][28.458s][info][gc,phases   ] GC(32) y: Concurrent Mark 370.537ms
[2026-04-03T03:23:52.580+0600][28.458s][info][gc,phases   ] GC(32) y: Pause Mark End 0.026ms
[2026-04-03T03:23:52.580+0600][28.458s][info][gc,phases   ] GC(32) y: Concurrent Mark Free 0.001ms
[2026-04-03T03:23:52.581+0600][28.458s][info][gc,phases   ] GC(32) y: Concurrent Reset Relocation Set 0.031ms
[2026-04-03T03:23:52.606+0600][28.484s][info][gc,reloc    ] GC(32) y: Using tenuring threshold: 1 (Computed)
[2026-04-03T03:23:52.606+0600][28.484s][info][gc          ] Allocation Stall (Executor task launch worker for task 2.0 in stage 2.0 (TID 8)) 187.378ms
[2026-04-03T03:23:52.607+0600][28.484s][info][gc          ] Allocation Stall (executor-kill-mark-cleanup) 47.822ms
[2026-04-03T03:23:52.607+0600][28.484s][info][gc          ] Allocation Stall (Executor task launch worker for task 1.0 in stage 2.0 (TID 7)) 163.922ms
[2026-04-03T03:23:52.607+0600][28.484s][info][gc          ] Allocation Stall (Executor task launch worker for task 0.0 in stage 2.0 (TID 6)) 191.517ms
[2026-04-03T03:23:52.630+0600][28.508s][info][gc,phases   ] GC(32) y: Concurrent Select Relocation Set 26.153ms
[2026-04-03T03:23:52.630+0600][28.508s][info][gc,phases   ] GC(32) y: Pause Relocate Start 0.030ms
[2026-04-03T03:23:52.790+0600][28.667s][info][gc,phases   ] GC(32) y: Concurrent Relocate 159.143ms
[2026-04-03T03:23:52.790+0600][28.667s][info][gc,alloc    ] GC(32) y:                         Mark Start        Mark End      Relocate Start    Relocate End   
[2026-04-03T03:23:52.790+0600][28.667s][info][gc,alloc    ] GC(32) y: Allocation Stalls:          0                4                0                0         
[2026-04-03T03:23:52.790+0600][28.667s][info][gc,load     ] GC(32) y: Load: 3.81 (32%) / 4.57 (38%) / 5.21 (43%)
[2026-04-03T03:23:52.790+0600][28.667s][info][gc,mmu      ] GC(32) y: MMU: 2ms/93.1%, 5ms/96.9%, 10ms/98.2%, 20ms/99.1%, 50ms/99.4%, 100ms/99.7%
[2026-04-03T03:23:52.790+0600][28.667s][info][gc,marking  ] GC(32) y: Mark: 2 stripe(s), 10 proactive flush(es), 1 terminate flush(es), 0 completion(s), 0 continuation(s) 
[2026-04-03T03:23:52.790+0600][28.667s][info][gc,marking  ] GC(32) y: Mark Stack Usage: 32M
[2026-04-03T03:23:52.790+0600][28.668s][info][gc,nmethod  ] GC(32) y: NMethods: 5473 registered, 935 unregistered
[2026-04-03T03:23:52.790+0600][28.668s][info][gc,metaspace] GC(32) y: Metaspace: 68M used, 69M committed, 1088M reserved
[2026-04-03T03:23:52.790+0600][28.668s][info][gc,reloc    ] GC(32) y:                        Candidates     Selected     In-Place         Size        Empty    Relocated 
[2026-04-03T03:23:52.790+0600][28.668s][info][gc,reloc    ] GC(32) y: Small Pages:                  278          202            0         556M          14M          46M 
[2026-04-03T03:23:52.790+0600][28.668s][info][gc,reloc    ] GC(32) y: Medium Pages:                   2            0            0          64M          64M           0M 
[2026-04-03T03:23:52.790+0600][28.668s][info][gc,reloc    ] GC(32) y: Large Pages:                   11            0            0          90M          48M           0M 
[2026-04-03T03:23:52.790+0600][28.668s][info][gc,reloc    ] GC(32) y: Forwarding Usage: 52M
[2026-04-03T03:23:52.790+0600][28.668s][info][gc,reloc    ] GC(32) y: Age Table:
[2026-04-03T03:23:52.790+0600][28.668s][info][gc,reloc    ] GC(32) y:                    Live             Garbage             Small              Medium             Large        
[2026-04-03T03:23:52.790+0600][28.668s][info][gc,reloc    ] GC(32) y: Eden             125M (10%)         456M (36%)        245 / 186            1 / 0              8 / 0        
[2026-04-03T03:23:52.790+0600][28.668s][info][gc,reloc    ] GC(32) y: Survivor 1        29M (2%)           84M (7%)          26 / 10             1 / 0              3 / 0        
[2026-04-03T03:23:52.790+0600][28.668s][info][gc,reloc    ] GC(32) y: Survivor 2         0M (0%)           11M (1%)           6 / 6              0 / 0              0 / 0        
[2026-04-03T03:23:52.790+0600][28.668s][info][gc,reloc    ] GC(32) y: Survivor 3         1M (0%)            0M (0%)           1 / 0              0 / 0              0 / 0        
[2026-04-03T03:23:52.790+0600][28.668s][info][gc,heap     ] GC(32) y: Min Capacity: 8M(1%)
[2026-04-03T03:23:52.790+0600][28.668s][info][gc,heap     ] GC(32) y: Max Capacity: 1250M(100%)
[2026-04-03T03:23:52.790+0600][28.668s][info][gc,heap     ] GC(32) y: Soft Max Capacity: 1250M(100%)
[2026-04-03T03:23:52.790+0600][28.668s][info][gc,heap     ] GC(32) y: Heap Statistics:
[2026-04-03T03:23:52.790+0600][28.668s][info][gc,heap     ] GC(32) y:                Mark Start          Mark End        Relocate Start      Relocate End           High               Low         
[2026-04-03T03:23:52.790+0600][28.668s][info][gc,heap     ] GC(32) y:  Capacity:     1250M (100%)       1250M (100%)       1250M (100%)       1250M (100%)       1250M (100%)       1250M (100%)   
[2026-04-03T03:23:52.790+0600][28.668s][info][gc,heap     ] GC(32) y:      Free:      186M (15%)           0M (0%)           98M (8%)          348M (28%)         404M (32%)           0M (0%)     
[2026-04-03T03:23:52.790+0600][28.668s][info][gc,heap     ] GC(32) y:      Used:     1064M (85%)        1250M (100%)       1152M (92%)         902M (72%)        1250M (100%)        846M (68%)    
[2026-04-03T03:23:52.790+0600][28.668s][info][gc,heap     ] GC(32) y: Young Generation Statistics:
[2026-04-03T03:23:52.790+0600][28.668s][info][gc,heap     ] GC(32) y:                Mark Start          Mark End        Relocate Start      Relocate End    
[2026-04-03T03:23:52.790+0600][28.668s][info][gc,heap     ] GC(32) y:      Used:      710M (57%)         896M (72%)         772M (62%)         508M (41%)    
[2026-04-03T03:23:52.790+0600][28.668s][info][gc,heap     ] GC(32) y:      Live:         -               157M (13%)         133M (11%)         125M (10%)    
[2026-04-03T03:23:52.790+0600][28.668s][info][gc,heap     ] GC(32) y:   Garbage:         -               552M (44%)         424M (34%)           4M (0%)     
[2026-04-03T03:23:52.790+0600][28.668s][info][gc,heap     ] GC(32) y: Allocated:         -               186M (15%)         214M (17%)         377M (30%)    
[2026-04-03T03:23:52.790+0600][28.668s][info][gc,heap     ] GC(32) y: Reclaimed:         -                  -               127M (10%)         547M (44%)    
[2026-04-03T03:23:52.790+0600][28.668s][info][gc,heap     ] GC(32) y:  Promoted:         -                  -                24M (2%)           32M (3%)     
[2026-04-03T03:23:52.790+0600][28.668s][info][gc,heap     ] GC(32) y: Compacted:         -                  -                  -                76M (6%)     
[2026-04-03T03:23:52.790+0600][28.668s][info][gc,phases   ] GC(32) y: Young Generation 1064M(85%)->902M(72%) 0.580s
[2026-04-03T03:23:52.790+0600][28.668s][info][gc          ] GC(32) Minor Collection (Allocation Rate) 1064M(85%)->902M(72%) 0.581s
[2026-04-03T03:23:52.790+0600][28.668s][info][gc          ] GC(33) Major Collection (Allocation Rate)
[2026-04-03T03:23:52.790+0600][28.668s][info][gc,task     ] GC(33) Using 3 Workers for Young Generation
[2026-04-03T03:23:52.790+0600][28.668s][info][gc,task     ] GC(33) Using 1 Workers for Old Generation
[2026-04-03T03:23:52.791+0600][28.668s][info][gc,phases   ] GC(33) Y: Young Generation
[2026-04-03T03:23:52.791+0600][28.669s][info][gc,phases   ] GC(33) Y: Pause Mark Start (Major) 0.041ms
[2026-04-03T03:23:53.304+0600][29.182s][info][gc,phases   ] GC(33) Y: Concurrent Mark 513.091ms
[2026-04-03T03:23:53.305+0600][29.183s][info][gc,phases   ] GC(33) Y: Pause Mark End 0.037ms
[2026-04-03T03:23:53.305+0600][29.183s][info][gc,phases   ] GC(33) Y: Concurrent Mark Free 0.004ms
[2026-04-03T03:23:53.305+0600][29.183s][info][gc,phases   ] GC(33) Y: Concurrent Reset Relocation Set 0.092ms
[2026-04-03T03:23:53.308+0600][29.186s][info][gc,reloc    ] GC(33) Y: Using tenuring threshold: 1 (Computed)
[2026-04-03T03:23:53.374+0600][29.252s][info][gc,phases   ] GC(33) Y: Concurrent Select Relocation Set 68.611ms
[2026-04-03T03:23:53.374+0600][29.252s][info][gc,phases   ] GC(33) Y: Pause Relocate Start 0.052ms
[2026-04-03T03:23:53.517+0600][29.395s][info][gc,phases   ] GC(33) Y: Concurrent Relocate 142.867ms
[2026-04-03T03:23:53.518+0600][29.395s][info][gc,alloc    ] GC(33) Y:                         Mark Start        Mark End      Relocate Start    Relocate End   
[2026-04-03T03:23:53.518+0600][29.395s][info][gc,alloc    ] GC(33) Y: Allocation Stalls:          0                0                0                0         
[2026-04-03T03:23:53.518+0600][29.395s][info][gc,load     ] GC(33) Y: Load: 3.81 (32%) / 4.57 (38%) / 5.21 (43%)
[2026-04-03T03:23:53.518+0600][29.395s][info][gc,mmu      ] GC(33) Y: MMU: 2ms/93.1%, 5ms/96.9%, 10ms/98.2%, 20ms/99.1%, 50ms/99.4%, 100ms/99.7%
[2026-04-03T03:23:53.518+0600][29.395s][info][gc,marking  ] GC(33) Y: Mark: 2 stripe(s), 10 proactive flush(es), 1 terminate flush(es), 0 completion(s), 0 continuation(s) 
[2026-04-03T03:23:53.518+0600][29.395s][info][gc,marking  ] GC(33) Y: Mark Stack Usage: 32M
[2026-04-03T03:23:53.518+0600][29.395s][info][gc,nmethod  ] GC(33) Y: NMethods: 5487 registered, 935 unregistered
[2026-04-03T03:23:53.518+0600][29.395s][info][gc,metaspace] GC(33) Y: Metaspace: 68M used, 69M committed, 1088M reserved
[2026-04-03T03:23:53.518+0600][29.395s][info][gc,reloc    ] GC(33) Y:                        Candidates     Selected     In-Place         Size        Empty    Relocated 
[2026-04-03T03:23:53.518+0600][29.395s][info][gc,reloc    ] GC(33) Y: Small Pages:                  207          151            0         414M           0M          19M 
[2026-04-03T03:23:53.518+0600][29.395s][info][gc,reloc    ] GC(33) Y: Medium Pages:                   1            0            0          32M           0M           0M 
[2026-04-03T03:23:53.518+0600][29.395s][info][gc,reloc    ] GC(33) Y: Large Pages:                    7            0            0          62M          12M           0M 
[2026-04-03T03:23:53.518+0600][29.396s][info][gc,reloc    ] GC(33) Y: Forwarding Usage: 19M
[2026-04-03T03:23:53.518+0600][29.396s][info][gc,reloc    ] GC(33) Y: Age Table:
[2026-04-03T03:23:53.518+0600][29.396s][info][gc,reloc    ] GC(33) Y:                    Live             Garbage             Small              Medium             Large        
[2026-04-03T03:23:53.518+0600][29.396s][info][gc,reloc    ] GC(33) Y: Eden              42M (3%)          327M (26%)        159 / 147            1 / 0              2 / 0        
[2026-04-03T03:23:53.518+0600][29.396s][info][gc,reloc    ] GC(33) Y: Survivor 1       111M (9%)           26M (2%)          48 / 4              0 / 0              5 / 0        
[2026-04-03T03:23:53.518+0600][29.396s][info][gc,heap     ] GC(33) Y: Min Capacity: 8M(1%)
[2026-04-03T03:23:53.518+0600][29.396s][info][gc,heap     ] GC(33) Y: Max Capacity: 1250M(100%)
[2026-04-03T03:23:53.518+0600][29.396s][info][gc,heap     ] GC(33) Y: Soft Max Capacity: 1250M(100%)
[2026-04-03T03:23:53.518+0600][29.396s][info][gc,heap     ] GC(33) Y: Heap Statistics:
[2026-04-03T03:23:53.518+0600][29.396s][info][gc,heap     ] GC(33) Y:                Mark Start          Mark End        Relocate Start      Relocate End           High               Low         
[2026-04-03T03:23:53.518+0600][29.396s][info][gc,heap     ] GC(33) Y:  Capacity:     1250M (100%)       1250M (100%)       1250M (100%)       1250M (100%)       1250M (100%)       1250M (100%)   
[2026-04-03T03:23:53.518+0600][29.396s][info][gc,heap     ] GC(33) Y:      Free:      348M (28%)          40M (3%)           14M (1%)          224M (18%)         348M (28%)           2M (0%)     
[2026-04-03T03:23:53.518+0600][29.396s][info][gc,heap     ] GC(33) Y:      Used:      902M (72%)        1210M (97%)        1236M (99%)        1026M (82%)        1248M (100%)        902M (72%)    
[2026-04-03T03:23:53.518+0600][29.396s][info][gc,heap     ] GC(33) Y: Young Generation Statistics:
[2026-04-03T03:23:53.518+0600][29.396s][info][gc,heap     ] GC(33) Y:                Mark Start          Mark End        Relocate Start      Relocate End    
[2026-04-03T03:23:53.518+0600][29.396s][info][gc,heap     ] GC(33) Y:      Used:      508M (41%)         816M (65%)         724M (58%)         506M (40%)    
[2026-04-03T03:23:53.518+0600][29.396s][info][gc,heap     ] GC(33) Y:      Live:         -               154M (12%)          43M (4%)           42M (3%)     
[2026-04-03T03:23:53.518+0600][29.396s][info][gc,heap     ] GC(33) Y:   Garbage:         -               353M (28%)         334M (27%)          28M (2%)     
[2026-04-03T03:23:53.518+0600][29.396s][info][gc,heap     ] GC(33) Y: Allocated:         -               308M (25%)         346M (28%)         434M (35%)    
[2026-04-03T03:23:53.518+0600][29.396s][info][gc,heap     ] GC(33) Y: Reclaimed:         -                  -                19M (2%)          324M (26%)    
[2026-04-03T03:23:53.518+0600][29.396s][info][gc,heap     ] GC(33) Y:  Promoted:         -                  -               110M (9%)          111M (9%)     
[2026-04-03T03:23:53.518+0600][29.396s][info][gc,heap     ] GC(33) Y: Compacted:         -                  -                  -                19M (2%)     
[2026-04-03T03:23:53.518+0600][29.396s][info][gc,phases   ] GC(33) Y: Young Generation 902M(72%)->1026M(82%) 0.727s
[2026-04-03T03:23:53.518+0600][29.396s][info][gc,phases   ] GC(33) O: Old Generation
[2026-04-03T03:23:53.521+0600][29.399s][info][gc,task     ] Adjusting Workers for Old Generation: 1 -> 2
[2026-04-03T03:23:53.521+0600][29.399s][info][gc          ] GC(34) Minor Collection (Allocation Rate)
[2026-04-03T03:23:53.521+0600][29.399s][info][gc,task     ] GC(34) Using 1 Workers for Young Generation
[2026-04-03T03:23:53.521+0600][29.399s][info][gc,phases   ] GC(34) y: Young Generation
[2026-04-03T03:23:53.522+0600][29.399s][info][gc,phases   ] GC(34) y: Pause Mark Start 0.085ms
[2026-04-03T03:23:53.954+0600][29.832s][info][gc,task     ] Adjusting Workers for Old Generation: 2 -> 3
[2026-04-03T03:23:53.954+0600][29.832s][info][gc,task     ] Adjusting Workers for Young Generation: 1 -> 3
[2026-04-03T03:23:54.155+0600][30.032s][info][gc,phases   ] GC(33) O: Concurrent Mark 636.615ms
[2026-04-03T03:23:54.155+0600][30.033s][info][gc,phases   ] GC(33) O: Pause Mark End 0.038ms
[2026-04-03T03:23:54.155+0600][30.033s][info][gc,phases   ] GC(33) O: Concurrent Mark Free 0.003ms
[2026-04-03T03:23:54.164+0600][30.042s][info][gc,phases   ] GC(33) O: Concurrent Process Non-Strong 9.184ms
[2026-04-03T03:23:54.165+0600][30.042s][info][gc,phases   ] GC(33) O: Concurrent Reset Relocation Set 0.012ms
[2026-04-03T03:23:54.167+0600][30.045s][info][gc          ] Allocation Stall (netty-rpc-env-timeout) 2.124ms
[2026-04-03T03:23:54.167+0600][30.045s][info][gc          ] Allocation Stall (Executor task launch worker for task 2.0 in stage 2.0 (TID 8)) 217.247ms
[2026-04-03T03:23:54.167+0600][30.045s][info][gc          ] Allocation Stall (Executor task launch worker for task 0.0 in stage 2.0 (TID 6)) 174.436ms
[2026-04-03T03:23:54.167+0600][30.045s][info][gc          ] Allocation Stall (Executor task launch worker for task 1.0 in stage 2.0 (TID 7)) 132.568ms
[2026-04-03T03:23:54.167+0600][30.045s][info][gc          ] Allocation Stall (dispatcher-BlockManagerEndpoint1) 1.610ms
[2026-04-03T03:23:54.173+0600][30.051s][info][gc,phases   ] GC(33) O: Concurrent Select Relocation Set 8.403ms
[2026-04-03T03:23:54.262+0600][30.140s][info][gc,phases   ] GC(34) y: Concurrent Mark 740.294ms
[2026-04-03T03:23:54.262+0600][30.140s][info][gc,phases   ] GC(34) y: Pause Mark End 0.035ms
[2026-04-03T03:23:54.263+0600][30.140s][info][gc,phases   ] GC(34) y: Concurrent Mark Free 0.001ms
[2026-04-03T03:23:54.263+0600][30.141s][info][gc,phases   ] GC(34) y: Concurrent Reset Relocation Set 0.179ms
[2026-04-03T03:23:54.268+0600][30.146s][info][gc,reloc    ] GC(34) y: Using tenuring threshold: 1 (Computed)
[2026-04-03T03:23:54.303+0600][30.181s][info][gc,phases   ] GC(34) y: Concurrent Select Relocation Set 40.421ms
[2026-04-03T03:23:54.304+0600][30.181s][info][gc,phases   ] GC(34) y: Pause Relocate Start 0.091ms
[2026-04-03T03:23:54.473+0600][30.351s][info][gc,phases   ] GC(34) y: Concurrent Relocate 169.521ms
[2026-04-03T03:23:54.473+0600][30.351s][info][gc,alloc    ] GC(34) y:                         Mark Start        Mark End      Relocate Start    Relocate End   
[2026-04-03T03:23:54.473+0600][30.351s][info][gc,alloc    ] GC(34) y: Allocation Stalls:          0                0                0                0         
[2026-04-03T03:23:54.473+0600][30.351s][info][gc,load     ] GC(34) y: Load: 3.81 (32%) / 4.57 (38%) / 5.21 (43%)
[2026-04-03T03:23:54.473+0600][30.351s][info][gc,mmu      ] GC(34) y: MMU: 2ms/93.1%, 5ms/96.9%, 10ms/98.2%, 20ms/99.1%, 50ms/99.4%, 100ms/99.7%
[2026-04-03T03:23:54.473+0600][30.351s][info][gc,marking  ] GC(34) y: Mark: 1 stripe(s), 10 proactive flush(es), 1 terminate flush(es), 0 completion(s), 0 continuation(s) 
[2026-04-03T03:23:54.473+0600][30.351s][info][gc,marking  ] GC(34) y: Mark Stack Usage: 32M
[2026-04-03T03:23:54.474+0600][30.351s][info][gc,nmethod  ] GC(34) y: NMethods: 5431 registered, 1002 unregistered
[2026-04-03T03:23:54.474+0600][30.351s][info][gc,metaspace] GC(34) y: Metaspace: 68M used, 69M committed, 1088M reserved
[2026-04-03T03:23:54.474+0600][30.351s][info][gc,reloc    ] GC(34) y:                        Candidates     Selected     In-Place         Size        Empty    Relocated 
[2026-04-03T03:23:54.474+0600][30.351s][info][gc,reloc    ] GC(34) y: Small Pages:                  228          201            0         456M          10M          21M 
[2026-04-03T03:23:54.474+0600][30.351s][info][gc,reloc    ] GC(34) y: Medium Pages:                   1            0            0          32M           0M           0M 
[2026-04-03T03:23:54.474+0600][30.351s][info][gc,reloc    ] GC(34) y: Large Pages:                    2            0            0          20M           0M           0M 
[2026-04-03T03:23:54.474+0600][30.351s][info][gc,reloc    ] GC(34) y: Forwarding Usage: 23M
[2026-04-03T03:23:54.474+0600][30.351s][info][gc,reloc    ] GC(34) y: Age Table:
[2026-04-03T03:23:54.474+0600][30.351s][info][gc,reloc    ] GC(34) y:                    Live             Garbage             Small              Medium             Large        
[2026-04-03T03:23:54.474+0600][30.351s][info][gc,reloc    ] GC(34) y: Eden              20M (2%)          407M (33%)        214 / 196            0 / 0              0 / 0        
[2026-04-03T03:23:54.474+0600][30.351s][info][gc,reloc    ] GC(34) y: Survivor 1        38M (3%)           41M (3%)          14 / 5              1 / 0              2 / 0        
[2026-04-03T03:23:54.474+0600][30.351s][info][gc,heap     ] GC(34) y: Min Capacity: 8M(1%)
[2026-04-03T03:23:54.474+0600][30.351s][info][gc,heap     ] GC(34) y: Max Capacity: 1250M(100%)
[2026-04-03T03:23:54.474+0600][30.351s][info][gc,heap     ] GC(34) y: Soft Max Capacity: 1250M(100%)
[2026-04-03T03:23:54.474+0600][30.351s][info][gc,heap     ] GC(34) y: Heap Statistics:
[2026-04-03T03:23:54.474+0600][30.351s][info][gc,heap     ] GC(34) y:                Mark Start          Mark End        Relocate Start      Relocate End           High               Low         
[2026-04-03T03:23:54.474+0600][30.351s][info][gc,heap     ] GC(34) y:  Capacity:     1250M (100%)       1250M (100%)       1250M (100%)       1250M (100%)       1250M (100%)       1250M (100%)   
[2026-04-03T03:23:54.474+0600][30.351s][info][gc,heap     ] GC(34) y:      Free:      222M (18%)          52M (4%)           38M (3%)          344M (28%)         412M (33%)           0M (0%)     
[2026-04-03T03:23:54.474+0600][30.351s][info][gc,heap     ] GC(34) y:      Used:     1028M (82%)        1198M (96%)        1212M (97%)         906M (72%)        1250M (100%)        838M (67%)    
[2026-04-03T03:23:54.474+0600][30.351s][info][gc,heap     ] GC(34) y: Young Generation Statistics:
[2026-04-03T03:23:54.474+0600][30.351s][info][gc,heap     ] GC(34) y:                Mark Start          Mark End        Relocate Start      Relocate End    
[2026-04-03T03:23:54.474+0600][30.351s][info][gc,heap     ] GC(34) y:      Used:      508M (41%)         802M (64%)         746M (60%)         434M (35%)    
[2026-04-03T03:23:54.474+0600][30.352s][info][gc,heap     ] GC(34) y:      Live:         -                59M (5%)           22M (2%)           20M (2%)     
[2026-04-03T03:23:54.474+0600][30.352s][info][gc,heap     ] GC(34) y:   Garbage:         -               448M (36%)         405M (32%)           0M (0%)     
[2026-04-03T03:23:54.474+0600][30.352s][info][gc,heap     ] GC(34) y: Allocated:         -               294M (24%)         318M (25%)         413M (33%)    
[2026-04-03T03:23:54.474+0600][30.352s][info][gc,heap     ] GC(34) y: Reclaimed:         -                  -                43M (3%)          448M (36%)    
[2026-04-03T03:23:54.474+0600][30.352s][info][gc,heap     ] GC(34) y:  Promoted:         -                  -                36M (3%)           38M (3%)     
[2026-04-03T03:23:54.474+0600][30.352s][info][gc,heap     ] GC(34) y: Compacted:         -                  -                  -                20M (2%)     
[2026-04-03T03:23:54.474+0600][30.352s][info][gc,phases   ] GC(34) y: Young Generation 1028M(82%)->906M(72%) 0.952s
[2026-04-03T03:23:54.474+0600][30.352s][info][gc          ] GC(34) Minor Collection (Allocation Rate) 1028M(82%)->906M(72%) 0.953s
[2026-04-03T03:23:54.474+0600][30.352s][info][gc,task     ] GC(33) O: Using 3 Workers for Old Generation
[2026-04-03T03:23:54.474+0600][30.352s][info][gc,task     ] Adjusting Workers for Old Generation: 3 -> 1
[2026-04-03T03:23:54.513+0600][30.391s][info][gc,task     ] GC(33) O: Using 3 Workers for Old Generation
[2026-04-03T03:23:54.513+0600][30.391s][info][gc,phases   ] GC(33) O: Concurrent Remap Roots 39.551ms
[2026-04-03T03:23:54.514+0600][30.392s][info][gc,phases   ] GC(33) O: Pause Relocate Start 0.038ms
[2026-04-03T03:23:54.514+0600][30.392s][info][gc          ] GC(35) Minor Collection (Allocation Rate)
[2026-04-03T03:23:54.515+0600][30.392s][info][gc,task     ] GC(35) Using 2 Workers for Young Generation
[2026-04-03T03:23:54.515+0600][30.392s][info][gc,phases   ] GC(35) y: Young Generation
[2026-04-03T03:23:54.515+0600][30.393s][info][gc,phases   ] GC(35) y: Pause Mark Start 0.017ms
[2026-04-03T03:23:54.577+0600][30.454s][info][gc,phases   ] GC(33) O: Concurrent Relocate 62.316ms
[2026-04-03T03:23:54.584+0600][30.461s][info][gc,task     ] Adjusting Workers for Young Generation: 2 -> 3
[2026-04-03T03:23:54.881+0600][30.759s][info][gc,phases   ] GC(35) y: Concurrent Mark 366.404ms
[2026-04-03T03:23:54.882+0600][30.760s][info][gc,phases   ] GC(35) y: Pause Mark End 0.039ms
[2026-04-03T03:23:54.882+0600][30.760s][info][gc,phases   ] GC(35) y: Concurrent Mark Free 0.003ms
[2026-04-03T03:23:54.882+0600][30.760s][info][gc,phases   ] GC(35) y: Concurrent Reset Relocation Set 0.111ms
[2026-04-03T03:23:54.889+0600][30.767s][info][gc,reloc    ] GC(35) y: Using tenuring threshold: 2 (Computed)
[2026-04-03T03:23:54.893+0600][30.771s][info][gc,phases   ] GC(35) y: Concurrent Select Relocation Set 10.847ms
[2026-04-03T03:23:54.894+0600][30.772s][info][gc,phases   ] GC(35) y: Pause Relocate Start 0.206ms
[2026-04-03T03:23:54.951+0600][30.829s][info][gc,phases   ] GC(35) y: Concurrent Relocate 56.933ms
[2026-04-03T03:23:54.951+0600][30.829s][info][gc,alloc    ] GC(35) y:                         Mark Start        Mark End      Relocate Start    Relocate End   
[2026-04-03T03:23:54.951+0600][30.829s][info][gc,alloc    ] GC(35) y: Allocation Stalls:          0                0                0                0         
[2026-04-03T03:23:54.951+0600][30.829s][info][gc,load     ] GC(35) y: Load: 3.81 (32%) / 4.57 (38%) / 5.21 (43%)
[2026-04-03T03:23:54.951+0600][30.829s][info][gc,mmu      ] GC(35) y: MMU: 2ms/89.7%, 5ms/95.9%, 10ms/97.9%, 20ms/98.8%, 50ms/99.4%, 100ms/99.7%
[2026-04-03T03:23:54.951+0600][30.829s][info][gc,marking  ] GC(35) y: Mark: 2 stripe(s), 10 proactive flush(es), 1 terminate flush(es), 0 completion(s), 0 continuation(s) 
[2026-04-03T03:23:54.951+0600][30.829s][info][gc,marking  ] GC(35) y: Mark Stack Usage: 32M
[2026-04-03T03:23:54.951+0600][30.829s][info][gc,nmethod  ] GC(35) y: NMethods: 5441 registered, 1002 unregistered
[2026-04-03T03:23:54.951+0600][30.829s][info][gc,metaspace] GC(35) y: Metaspace: 68M used, 69M committed, 1088M reserved
[2026-04-03T03:23:54.951+0600][30.829s][info][gc,reloc    ] GC(35) y:                        Candidates     Selected     In-Place         Size        Empty    Relocated 
[2026-04-03T03:23:54.951+0600][30.829s][info][gc,reloc    ] GC(35) y: Small Pages:                  212          175            0         424M          32M          17M 
[2026-04-03T03:23:54.951+0600][30.829s][info][gc,reloc    ] GC(35) y: Medium Pages:                   0            0            0           0M           0M           0M 
[2026-04-03T03:23:54.951+0600][30.829s][info][gc,reloc    ] GC(35) y: Large Pages:                    2            0            0          36M           0M           0M 
[2026-04-03T03:23:54.951+0600][30.829s][info][gc,reloc    ] GC(35) y: Forwarding Usage: 19M
[2026-04-03T03:23:54.951+0600][30.829s][info][gc,reloc    ] GC(35) y: Age Table:
[2026-04-03T03:23:54.951+0600][30.829s][info][gc,reloc    ] GC(35) y:                    Live             Garbage             Small              Medium             Large        
[2026-04-03T03:23:54.951+0600][30.829s][info][gc,reloc    ] GC(35) y: Eden              54M (4%)          377M (30%)        198 / 171            0 / 0              2 / 0        
[2026-04-03T03:23:54.951+0600][30.829s][info][gc,reloc    ] GC(35) y: Survivor 1        17M (1%)           10M (1%)          14 / 4              0 / 0              0 / 0        
[2026-04-03T03:23:54.951+0600][30.829s][info][gc,heap     ] GC(35) y: Min Capacity: 8M(1%)
[2026-04-03T03:23:54.951+0600][30.829s][info][gc,heap     ] GC(35) y: Max Capacity: 1250M(100%)
[2026-04-03T03:23:54.951+0600][30.829s][info][gc,heap     ] GC(35) y: Soft Max Capacity: 1250M(100%)
[2026-04-03T03:23:54.951+0600][30.829s][info][gc,heap     ] GC(35) y: Heap Statistics:
[2026-04-03T03:23:54.951+0600][30.829s][info][gc,heap     ] GC(35) y:                Mark Start          Mark End        Relocate Start      Relocate End           High               Low         
[2026-04-03T03:23:54.951+0600][30.829s][info][gc,heap     ] GC(35) y:  Capacity:     1250M (100%)       1250M (100%)       1250M (100%)       1250M (100%)       1250M (100%)       1250M (100%)   
[2026-04-03T03:23:54.951+0600][30.829s][info][gc,heap     ] GC(35) y:      Free:      316M (25%)         194M (16%)         222M (18%)         554M (44%)         554M (44%)         192M (15%)    
[2026-04-03T03:23:54.951+0600][30.829s][info][gc,heap     ] GC(35) y:      Used:      934M (75%)        1056M (84%)        1028M (82%)         696M (56%)        1058M (85%)         696M (56%)    
[2026-04-03T03:23:54.951+0600][30.829s][info][gc,heap     ] GC(35) y: Young Generation Statistics:
[2026-04-03T03:23:54.951+0600][30.829s][info][gc,heap     ] GC(35) y:                Mark Start          Mark End        Relocate Start      Relocate End    
[2026-04-03T03:23:54.951+0600][30.829s][info][gc,heap     ] GC(35) y:      Used:      460M (37%)         616M (49%)         588M (47%)         256M (20%)    
[2026-04-03T03:23:54.952+0600][30.829s][info][gc,heap     ] GC(35) y:      Live:         -                71M (6%)           71M (6%)           71M (6%)     
[2026-04-03T03:23:54.952+0600][30.829s][info][gc,heap     ] GC(35) y:   Garbage:         -               388M (31%)         356M (28%)           3M (0%)     
[2026-04-03T03:23:54.952+0600][30.829s][info][gc,heap     ] GC(35) y: Allocated:         -               156M (12%)         160M (13%)         180M (14%)    
[2026-04-03T03:23:54.952+0600][30.829s][info][gc,heap     ] GC(35) y: Reclaimed:         -                  -                32M (3%)          384M (31%)    
[2026-04-03T03:23:54.952+0600][30.829s][info][gc,heap     ] GC(35) y:  Promoted:         -                  -                 0M (0%)            0M (0%)     
[2026-04-03T03:23:54.952+0600][30.829s][info][gc,heap     ] GC(35) y: Compacted:         -                  -                  -                19M (2%)     
[2026-04-03T03:23:54.952+0600][30.829s][info][gc,phases   ] GC(35) y: Young Generation 938M(75%)->696M(56%) 0.436s
[2026-04-03T03:23:54.952+0600][30.829s][info][gc          ] GC(35) Minor Collection (Allocation Rate) 932M(75%)->696M(56%) 0.437s
[2026-04-03T03:23:54.952+0600][30.830s][info][gc,alloc    ] GC(33) O:                         Mark Start        Mark End      Relocate Start    Relocate End   
[2026-04-03T03:23:54.952+0600][30.830s][info][gc,alloc    ] GC(33) O: Allocation Stalls:          0                3                0                0         
[2026-04-03T03:23:54.952+0600][30.830s][info][gc,load     ] GC(33) O: Load: 3.81 (32%) / 4.57 (38%) / 5.21 (43%)
[2026-04-03T03:23:54.952+0600][30.830s][info][gc,mmu      ] GC(33) O: MMU: 2ms/89.7%, 5ms/95.9%, 10ms/97.9%, 20ms/98.8%, 50ms/99.4%, 100ms/99.7%
[2026-04-03T03:23:54.952+0600][30.830s][info][gc,marking  ] GC(33) O: Mark: 1 stripe(s), 4 proactive flush(es), 1 terminate flush(es), 0 completion(s), 0 continuation(s) 
[2026-04-03T03:23:54.952+0600][30.830s][info][gc,marking  ] GC(33) O: Mark Stack Usage: 32M
[2026-04-03T03:23:54.952+0600][30.830s][info][gc,nmethod  ] GC(33) O: NMethods: 5441 registered, 1002 unregistered
[2026-04-03T03:23:54.952+0600][30.830s][info][gc,metaspace] GC(33) O: Metaspace: 68M used, 69M committed, 1088M reserved
[2026-04-03T03:23:54.952+0600][30.830s][info][gc,ref      ] GC(33) O:                       Encountered   Discovered     Enqueued 
[2026-04-03T03:23:54.952+0600][30.830s][info][gc,ref      ] GC(33) O: Soft References:             4954            0            0 
[2026-04-03T03:23:54.952+0600][30.830s][info][gc,ref      ] GC(33) O: Weak References:             6361         5288          227 
[2026-04-03T03:23:54.952+0600][30.830s][info][gc,ref      ] GC(33) O: Final References:              82            0            0 
[2026-04-03T03:23:54.952+0600][30.830s][info][gc,ref      ] GC(33) O: Phantom References:           596          589            0 
[2026-04-03T03:23:54.952+0600][30.830s][info][gc,reloc    ] GC(33) O:                        Candidates     Selected     In-Place         Size        Empty    Relocated 
[2026-04-03T03:23:54.952+0600][30.830s][info][gc,reloc    ] GC(33) O: Small Pages:                  135           21            0         270M          32M           4M 
[2026-04-03T03:23:54.952+0600][30.830s][info][gc,reloc    ] GC(33) O: Medium Pages:                   3            0            0          96M          64M           0M 
[2026-04-03T03:23:54.952+0600][30.830s][info][gc,reloc    ] GC(33) O: Large Pages:                    2            0            0          28M          28M           0M 
[2026-04-03T03:23:54.952+0600][30.830s][info][gc,reloc    ] GC(33) O: Forwarding Usage: 6M
[2026-04-03T03:23:54.952+0600][30.830s][info][gc,heap     ] GC(33) O: Min Capacity: 8M(1%)
[2026-04-03T03:23:54.952+0600][30.830s][info][gc,heap     ] GC(33) O: Max Capacity: 1250M(100%)
[2026-04-03T03:23:54.952+0600][30.830s][info][gc,heap     ] GC(33) O: Soft Max Capacity: 1250M(100%)
[2026-04-03T03:23:54.952+0600][30.830s][info][gc,heap     ] GC(33) O: Heap Statistics:
[2026-04-03T03:23:54.952+0600][30.830s][info][gc,heap     ] GC(33) O:                Mark Start          Mark End        Relocate Start      Relocate End           High               Low         
[2026-04-03T03:23:54.952+0600][30.830s][info][gc,heap     ] GC(33) O:  Capacity:     1250M (100%)       1250M (100%)       1250M (100%)       1250M (100%)       1250M (100%)       1250M (100%)   
[2026-04-03T03:23:54.952+0600][30.830s][info][gc,heap     ] GC(33) O:      Free:      348M (28%)           0M (0%)          318M (25%)         286M (23%)         412M (33%)           0M (0%)     
[2026-04-03T03:23:54.952+0600][30.830s][info][gc,heap     ] GC(33) O:      Used:      902M (72%)        1250M (100%)        932M (75%)         964M (77%)        1250M (100%)        838M (67%)    
[2026-04-03T03:23:54.952+0600][30.830s][info][gc,heap     ] GC(33) O: Old Generation Statistics:
[2026-04-03T03:23:54.952+0600][30.830s][info][gc,heap     ] GC(33) O:                Mark Start          Mark End        Relocate Start      Relocate End    
[2026-04-03T03:23:54.952+0600][30.830s][info][gc,heap     ] GC(33) O:      Used:      394M (32%)         520M (42%)         472M (38%)         440M (35%)    
[2026-04-03T03:23:54.952+0600][30.830s][info][gc,heap     ] GC(33) O:      Live:         -               200M (16%)         200M (16%)         200M (16%)    
[2026-04-03T03:23:54.952+0600][30.830s][info][gc,heap     ] GC(33) O:   Garbage:         -               193M (16%)          69M (6%)           25M (2%)     
[2026-04-03T03:23:54.952+0600][30.830s][info][gc,heap     ] GC(33) O: Allocated:         -               126M (10%)         202M (16%)         213M (17%)    
[2026-04-03T03:23:54.952+0600][30.830s][info][gc,heap     ] GC(33) O: Reclaimed:         -                  -               124M (10%)         167M (13%)    
[2026-04-03T03:23:54.952+0600][30.830s][info][gc,heap     ] GC(33) O: Compacted:         -                  -                  -                10M (1%)     
[2026-04-03T03:23:54.952+0600][30.830s][info][gc,phases   ] GC(33) O: Old Generation 1026M(82%)->964M(77%) 1.434s
[2026-04-03T03:23:54.953+0600][30.830s][info][gc          ] GC(33) Major Collection (Allocation Rate) 902M(72%)->696M(56%) 2.162s
[2026-04-03T03:23:54.953+0600][30.831s][info][gc          ] GC(36) Minor Collection (Allocation Rate)
[2026-04-03T03:23:54.953+0600][30.831s][info][gc,task     ] GC(36) Using 3 Workers for Young Generation
[2026-04-03T03:23:54.953+0600][30.831s][info][gc,phases   ] GC(36) y: Young Generation
[2026-04-03T03:23:54.953+0600][30.831s][info][gc,phases   ] GC(36) y: Pause Mark Start 0.060ms
[2026-04-03T03:23:55.386+0600][31.264s][info][gc,phases   ] GC(36) y: Concurrent Mark 432.303ms
[2026-04-03T03:23:55.386+0600][31.264s][info][gc,phases   ] GC(36) y: Pause Mark End 0.041ms
[2026-04-03T03:23:55.386+0600][31.264s][info][gc,phases   ] GC(36) y: Concurrent Mark Free 0.002ms
[2026-04-03T03:23:55.386+0600][31.264s][info][gc,phases   ] GC(36) y: Concurrent Reset Relocation Set 0.049ms
[2026-04-03T03:23:55.393+0600][31.271s][info][gc,reloc    ] GC(36) y: Using tenuring threshold: 1 (Computed)
[2026-04-03T03:23:55.452+0600][31.330s][info][gc,phases   ] GC(36) y: Concurrent Select Relocation Set 65.370ms
[2026-04-03T03:23:55.452+0600][31.330s][info][gc,phases   ] GC(36) y: Pause Relocate Start 0.040ms
[2026-04-03T03:23:55.574+0600][31.451s][info][gc,phases   ] GC(36) y: Concurrent Relocate 121.184ms
[2026-04-03T03:23:55.574+0600][31.452s][info][gc,alloc    ] GC(36) y:                         Mark Start        Mark End      Relocate Start    Relocate End   
[2026-04-03T03:23:55.574+0600][31.452s][info][gc,alloc    ] GC(36) y: Allocation Stalls:          0                0                0                0         
[2026-04-03T03:23:55.574+0600][31.452s][info][gc,load     ] GC(36) y: Load: 4.07 (34%) / 4.61 (38%) / 5.22 (43%)
[2026-04-03T03:23:55.574+0600][31.452s][info][gc,mmu      ] GC(36) y: MMU: 2ms/89.7%, 5ms/95.9%, 10ms/97.9%, 20ms/98.8%, 50ms/99.4%, 100ms/99.7%
[2026-04-03T03:23:55.574+0600][31.452s][info][gc,marking  ] GC(36) y: Mark: 2 stripe(s), 2 proactive flush(es), 1 terminate flush(es), 0 completion(s), 0 continuation(s) 
[2026-04-03T03:23:55.574+0600][31.452s][info][gc,marking  ] GC(36) y: Mark Stack Usage: 32M
[2026-04-03T03:23:55.574+0600][31.452s][info][gc,nmethod  ] GC(36) y: NMethods: 5443 registered, 1002 unregistered
[2026-04-03T03:23:55.574+0600][31.452s][info][gc,metaspace] GC(36) y: Metaspace: 68M used, 69M committed, 1088M reserved
[2026-04-03T03:23:55.574+0600][31.452s][info][gc,reloc    ] GC(36) y:                        Candidates     Selected     In-Place         Size        Empty    Relocated 
[2026-04-03T03:23:55.574+0600][31.452s][info][gc,reloc    ] GC(36) y: Small Pages:                   92           67            0         184M           2M           7M 
[2026-04-03T03:23:55.574+0600][31.452s][info][gc,reloc    ] GC(36) y: Medium Pages:                   1            0            0          32M           0M           0M 
[2026-04-03T03:23:55.574+0600][31.452s][info][gc,reloc    ] GC(36) y: Large Pages:                    3            0            0          42M           0M           0M 
[2026-04-03T03:23:55.574+0600][31.452s][info][gc,reloc    ] GC(36) y: Forwarding Usage: 8M
[2026-04-03T03:23:55.574+0600][31.452s][info][gc,reloc    ] GC(36) y: Age Table:
[2026-04-03T03:23:55.574+0600][31.452s][info][gc,reloc    ] GC(36) y:                    Live             Garbage             Small              Medium             Large        
[2026-04-03T03:23:55.574+0600][31.452s][info][gc,reloc    ] GC(36) y: Eden              15M (1%)          154M (12%)         66 / 61             1 / 0              1 / 0        
[2026-04-03T03:23:55.574+0600][31.452s][info][gc,reloc    ] GC(36) y: Survivor 1        53M (4%)            6M (1%)          12 / 3              0 / 0              2 / 0        
[2026-04-03T03:23:55.574+0600][31.452s][info][gc,reloc    ] GC(36) y: Survivor 2        17M (1%)           10M (1%)          14 / 3              0 / 0              0 / 0        
[2026-04-03T03:23:55.574+0600][31.452s][info][gc,heap     ] GC(36) y: Min Capacity: 8M(1%)
[2026-04-03T03:23:55.574+0600][31.452s][info][gc,heap     ] GC(36) y: Max Capacity: 1250M(100%)
[2026-04-03T03:23:55.574+0600][31.452s][info][gc,heap     ] GC(36) y: Soft Max Capacity: 1250M(100%)
[2026-04-03T03:23:55.574+0600][31.452s][info][gc,heap     ] GC(36) y: Heap Statistics:
[2026-04-03T03:23:55.574+0600][31.452s][info][gc,heap     ] GC(36) y:                Mark Start          Mark End        Relocate Start      Relocate End           High               Low         
[2026-04-03T03:23:55.574+0600][31.452s][info][gc,heap     ] GC(36) y:  Capacity:     1250M (100%)       1250M (100%)       1250M (100%)       1250M (100%)       1250M (100%)       1250M (100%)   
[2026-04-03T03:23:55.574+0600][31.452s][info][gc,heap     ] GC(36) y:      Free:      552M (44%)         414M (33%)         396M (32%)         482M (39%)         552M (44%)         390M (31%)    
[2026-04-03T03:23:55.574+0600][31.452s][info][gc,heap     ] GC(36) y:      Used:      698M (56%)         836M (67%)         854M (68%)         768M (61%)         860M (69%)         698M (56%)    
[2026-04-03T03:23:55.574+0600][31.452s][info][gc,heap     ] GC(36) y: Young Generation Statistics:
[2026-04-03T03:23:55.574+0600][31.452s][info][gc,heap     ] GC(36) y:                Mark Start          Mark End        Relocate Start      Relocate End    
[2026-04-03T03:23:55.574+0600][31.452s][info][gc,heap     ] GC(36) y:      Used:      258M (21%)         396M (32%)         340M (27%)         246M (20%)    
[2026-04-03T03:23:55.574+0600][31.452s][info][gc,heap     ] GC(36) y:      Live:         -                86M (7%)           17M (1%)           15M (1%)     
[2026-04-03T03:23:55.574+0600][31.452s][info][gc,heap     ] GC(36) y:   Garbage:         -               171M (14%)         164M (13%)          28M (2%)     
[2026-04-03T03:23:55.574+0600][31.452s][info][gc,heap     ] GC(36) y: Allocated:         -               138M (11%)         158M (13%)         201M (16%)    
[2026-04-03T03:23:55.574+0600][31.452s][info][gc,heap     ] GC(36) y: Reclaimed:         -                  -                 7M (1%)          142M (11%)    
[2026-04-03T03:23:55.574+0600][31.452s][info][gc,heap     ] GC(36) y:  Promoted:         -                  -                68M (6%)           71M (6%)     
[2026-04-03T03:23:55.574+0600][31.452s][info][gc,heap     ] GC(36) y: Compacted:         -                  -                  -                 6M (0%)     
[2026-04-03T03:23:55.574+0600][31.452s][info][gc,phases   ] GC(36) y: Young Generation 698M(56%)->768M(61%) 0.621s
[2026-04-03T03:23:55.574+0600][31.452s][info][gc          ] GC(36) Minor Collection (Allocation Rate) 698M(56%)->768M(61%) 0.621s
[2026-04-03T03:23:55.575+0600][31.452s][info][gc          ] GC(37) Major Collection (Allocation Rate)
[2026-04-03T03:23:55.575+0600][31.453s][info][gc,task     ] GC(37) Using 3 Workers for Young Generation
[2026-04-03T03:23:55.575+0600][31.453s][info][gc,task     ] GC(37) Using 2 Workers for Old Generation
[2026-04-03T03:23:55.575+0600][31.453s][info][gc,phases   ] GC(37) Y: Young Generation
[2026-04-03T03:23:55.575+0600][31.453s][info][gc,phases   ] GC(37) Y: Pause Mark Start (Major) 0.141ms
[2026-04-03T03:23:55.740+0600][31.618s][info][gc,phases   ] GC(37) Y: Concurrent Mark 164.697ms
[2026-04-03T03:23:55.741+0600][31.619s][info][gc,phases   ] GC(37) Y: Pause Mark End 0.039ms
[2026-04-03T03:23:55.741+0600][31.619s][info][gc,phases   ] GC(37) Y: Concurrent Mark Free 0.003ms
[2026-04-03T03:23:55.741+0600][31.619s][info][gc,phases   ] GC(37) Y: Concurrent Reset Relocation Set 0.090ms
[2026-04-03T03:23:55.745+0600][31.623s][info][gc,reloc    ] GC(37) Y: Using tenuring threshold: 2 (Computed)
[2026-04-03T03:23:55.747+0600][31.625s][info][gc,phases   ] GC(37) Y: Concurrent Select Relocation Set 5.553ms
[2026-04-03T03:23:55.747+0600][31.625s][info][gc,phases   ] GC(37) Y: Pause Relocate Start 0.079ms
[2026-04-03T03:23:55.761+0600][31.639s][info][gc,phases   ] GC(37) Y: Concurrent Relocate 13.676ms
[2026-04-03T03:23:55.761+0600][31.639s][info][gc,alloc    ] GC(37) Y:                         Mark Start        Mark End      Relocate Start    Relocate End   
[2026-04-03T03:23:55.761+0600][31.639s][info][gc,alloc    ] GC(37) Y: Allocation Stalls:          0                0                0                0         
[2026-04-03T03:23:55.761+0600][31.639s][info][gc,load     ] GC(37) Y: Load: 4.07 (34%) / 4.61 (38%) / 5.22 (43%)
[2026-04-03T03:23:55.761+0600][31.639s][info][gc,mmu      ] GC(37) Y: MMU: 2ms/89.7%, 5ms/95.9%, 10ms/97.9%, 20ms/98.8%, 50ms/99.4%, 100ms/99.7%
[2026-04-03T03:23:55.761+0600][31.639s][info][gc,marking  ] GC(37) Y: Mark: 2 stripe(s), 10 proactive flush(es), 1 terminate flush(es), 0 completion(s), 0 continuation(s) 
[2026-04-03T03:23:55.761+0600][31.639s][info][gc,marking  ] GC(37) Y: Mark Stack Usage: 32M
[2026-04-03T03:23:55.761+0600][31.639s][info][gc,nmethod  ] GC(37) Y: NMethods: 5451 registered, 1002 unregistered
[2026-04-03T03:23:55.761+0600][31.639s][info][gc,metaspace] GC(37) Y: Metaspace: 68M used, 69M committed, 1088M reserved
[2026-04-03T03:23:55.761+0600][31.639s][info][gc,reloc    ] GC(37) Y:                        Candidates     Selected     In-Place         Size        Empty    Relocated 
[2026-04-03T03:23:55.762+0600][31.639s][info][gc,reloc    ] GC(37) Y: Small Pages:                   83           76            0         166M           0M           5M 
[2026-04-03T03:23:55.762+0600][31.639s][info][gc,reloc    ] GC(37) Y: Medium Pages:                   2            0            0          64M          32M           0M 
[2026-04-03T03:23:55.762+0600][31.639s][info][gc,reloc    ] GC(37) Y: Large Pages:                    2            0            0          16M           6M           0M 
[2026-04-03T03:23:55.762+0600][31.639s][info][gc,reloc    ] GC(37) Y: Forwarding Usage: 4M
[2026-04-03T03:23:55.762+0600][31.639s][info][gc,reloc    ] GC(37) Y: Age Table:
[2026-04-03T03:23:55.762+0600][31.639s][info][gc,reloc    ] GC(37) Y:                    Live             Garbage             Small              Medium             Large        
[2026-04-03T03:23:55.762+0600][31.639s][info][gc,reloc    ] GC(37) Y: Eden              20M (2%)          173M (14%)         76 / 72             1 / 0              1 / 0        
[2026-04-03T03:23:55.762+0600][31.639s][info][gc,reloc    ] GC(37) Y: Survivor 1         5M (0%)           46M (4%)           7 / 4              1 / 0              1 / 0        
[2026-04-03T03:23:55.762+0600][31.639s][info][gc,heap     ] GC(37) Y: Min Capacity: 8M(1%)
[2026-04-03T03:23:55.762+0600][31.639s][info][gc,heap     ] GC(37) Y: Max Capacity: 1250M(100%)
[2026-04-03T03:23:55.762+0600][31.639s][info][gc,heap     ] GC(37) Y: Soft Max Capacity: 1250M(100%)
[2026-04-03T03:23:55.762+0600][31.639s][info][gc,heap     ] GC(37) Y: Heap Statistics:
[2026-04-03T03:23:55.762+0600][31.639s][info][gc,heap     ] GC(37) Y:                Mark Start          Mark End        Relocate Start      Relocate End           High               Low         
[2026-04-03T03:23:55.762+0600][31.639s][info][gc,heap     ] GC(37) Y:  Capacity:     1250M (100%)       1250M (100%)       1250M (100%)       1250M (100%)       1250M (100%)       1250M (100%)   
[2026-04-03T03:23:55.762+0600][31.640s][info][gc,heap     ] GC(37) Y:      Free:      482M (39%)         388M (31%)         424M (34%)         562M (45%)         562M (45%)         388M (31%)    
[2026-04-03T03:23:55.762+0600][31.640s][info][gc,heap     ] GC(37) Y:      Used:      768M (61%)         862M (69%)         826M (66%)         688M (55%)         862M (69%)         688M (55%)    
[2026-04-03T03:23:55.762+0600][31.640s][info][gc,heap     ] GC(37) Y: Young Generation Statistics:
[2026-04-03T03:23:55.762+0600][31.640s][info][gc,heap     ] GC(37) Y:                Mark Start          Mark End        Relocate Start      Relocate End    
[2026-04-03T03:23:55.762+0600][31.640s][info][gc,heap     ] GC(37) Y:      Used:      246M (20%)         340M (27%)         304M (24%)         166M (13%)    
[2026-04-03T03:23:55.762+0600][31.640s][info][gc,heap     ] GC(37) Y:      Live:         -                26M (2%)           26M (2%)           26M (2%)     
[2026-04-03T03:23:55.762+0600][31.640s][info][gc,heap     ] GC(37) Y:   Garbage:         -               219M (18%)         181M (15%)          27M (2%)     
[2026-04-03T03:23:55.762+0600][31.640s][info][gc,heap     ] GC(37) Y: Allocated:         -                94M (8%)           96M (8%)          111M (9%)     
[2026-04-03T03:23:55.762+0600][31.640s][info][gc,heap     ] GC(37) Y: Reclaimed:         -                  -                38M (3%)          191M (15%)    
[2026-04-03T03:23:55.762+0600][31.640s][info][gc,heap     ] GC(37) Y:  Promoted:         -                  -                 0M (0%)            0M (0%)     
[2026-04-03T03:23:55.762+0600][31.640s][info][gc,heap     ] GC(37) Y: Compacted:         -                  -                  -                 6M (0%)     
[2026-04-03T03:23:55.762+0600][31.640s][info][gc,phases   ] GC(37) Y: Young Generation 768M(61%)->688M(55%) 0.187s
[2026-04-03T03:23:55.762+0600][31.640s][info][gc,phases   ] GC(37) O: Old Generation
[2026-04-03T03:23:55.768+0600][31.646s][info][gc          ] GC(38) Minor Collection (Allocation Rate)
[2026-04-03T03:23:55.768+0600][31.646s][info][gc,task     ] GC(38) Using 1 Workers for Young Generation
[2026-04-03T03:23:55.768+0600][31.646s][info][gc,phases   ] GC(38) y: Young Generation
[2026-04-03T03:23:55.769+0600][31.646s][info][gc,phases   ] GC(38) y: Pause Mark Start 0.094ms
[2026-04-03T03:23:56.107+0600][31.985s][info][gc,phases   ] GC(38) y: Concurrent Mark 338.626ms
[2026-04-03T03:23:56.108+0600][31.986s][info][gc,phases   ] GC(38) y: Pause Mark End 0.058ms
[2026-04-03T03:23:56.108+0600][31.986s][info][gc,phases   ] GC(38) y: Concurrent Mark Free 0.001ms
[2026-04-03T03:23:56.108+0600][31.986s][info][gc,phases   ] GC(38) y: Concurrent Reset Relocation Set 0.019ms
[2026-04-03T03:23:56.114+0600][31.992s][info][gc,reloc    ] GC(38) y: Using tenuring threshold: 1 (Computed)
[2026-04-03T03:23:56.155+0600][32.032s][info][gc,phases   ] GC(38) y: Concurrent Select Relocation Set 46.393ms
[2026-04-03T03:23:56.155+0600][32.033s][info][gc,phases   ] GC(38) y: Pause Relocate Start 0.033ms
[2026-04-03T03:23:56.244+0600][32.121s][info][gc,phases   ] GC(38) y: Concurrent Relocate 87.870ms
[2026-04-03T03:23:56.244+0600][32.121s][info][gc,alloc    ] GC(38) y:                         Mark Start        Mark End      Relocate Start    Relocate End   
[2026-04-03T03:23:56.244+0600][32.122s][info][gc,alloc    ] GC(38) y: Allocation Stalls:          0                0                0                0         
[2026-04-03T03:23:56.244+0600][32.122s][info][gc,load     ] GC(38) y: Load: 4.07 (34%) / 4.61 (38%) / 5.22 (43%)
[2026-04-03T03:23:56.244+0600][32.122s][info][gc,mmu      ] GC(38) y: MMU: 2ms/89.7%, 5ms/95.9%, 10ms/97.9%, 20ms/98.8%, 50ms/99.4%, 100ms/99.7%
[2026-04-03T03:23:56.244+0600][32.122s][info][gc,marking  ] GC(38) y: Mark: 1 stripe(s), 2 proactive flush(es), 1 terminate flush(es), 0 completion(s), 0 continuation(s) 
[2026-04-03T03:23:56.244+0600][32.122s][info][gc,marking  ] GC(38) y: Mark Stack Usage: 32M
[2026-04-03T03:23:56.244+0600][32.122s][info][gc,nmethod  ] GC(38) y: NMethods: 5491 registered, 1002 unregistered
[2026-04-03T03:23:56.244+0600][32.122s][info][gc,metaspace] GC(38) y: Metaspace: 68M used, 69M committed, 1088M reserved
[2026-04-03T03:23:56.244+0600][32.122s][info][gc,reloc    ] GC(38) y:                        Candidates     Selected     In-Place         Size        Empty    Relocated 
[2026-04-03T03:23:56.244+0600][32.122s][info][gc,reloc    ] GC(38) y: Small Pages:                   47           36            0          94M           6M           2M 
[2026-04-03T03:23:56.244+0600][32.122s][info][gc,reloc    ] GC(38) y: Medium Pages:                   2            1            0          64M           0M           3M 
[2026-04-03T03:23:56.244+0600][32.122s][info][gc,reloc    ] GC(38) y: Large Pages:                    1            0            0          10M           0M           0M 
[2026-04-03T03:23:56.244+0600][32.122s][info][gc,reloc    ] GC(38) y: Forwarding Usage: 2M
[2026-04-03T03:23:56.244+0600][32.122s][info][gc,reloc    ] GC(38) y: Age Table:
[2026-04-03T03:23:56.244+0600][32.122s][info][gc,reloc    ] GC(38) y:                    Live             Garbage             Small              Medium             Large        
[2026-04-03T03:23:56.244+0600][32.122s][info][gc,reloc    ] GC(38) y: Eden               5M (0%)           94M (8%)          34 / 29             1 / 0              0 / 0        
[2026-04-03T03:23:56.244+0600][32.122s][info][gc,reloc    ] GC(38) y: Survivor 1        18M (1%)           35M (3%)           6 / 3              1 / 1              1 / 0        
[2026-04-03T03:23:56.244+0600][32.122s][info][gc,reloc    ] GC(38) y: Survivor 2         5M (0%)            8M (1%)           7 / 4              0 / 0              0 / 0        
[2026-04-03T03:23:56.244+0600][32.122s][info][gc,heap     ] GC(38) y: Min Capacity: 8M(1%)
[2026-04-03T03:23:56.244+0600][32.122s][info][gc,heap     ] GC(38) y: Max Capacity: 1250M(100%)
[2026-04-03T03:23:56.244+0600][32.122s][info][gc,heap     ] GC(38) y: Soft Max Capacity: 1250M(100%)
[2026-04-03T03:23:56.244+0600][32.122s][info][gc,heap     ] GC(38) y: Heap Statistics:
[2026-04-03T03:23:56.244+0600][32.122s][info][gc,heap     ] GC(38) y:                Mark Start          Mark End        Relocate Start      Relocate End           High               Low         
[2026-04-03T03:23:56.244+0600][32.122s][info][gc,heap     ] GC(38) y:  Capacity:     1250M (100%)       1250M (100%)       1250M (100%)       1250M (100%)       1250M (100%)       1250M (100%)   
[2026-04-03T03:23:56.244+0600][32.122s][info][gc,heap     ] GC(38) y:      Free:      560M (45%)         406M (32%)         392M (31%)         426M (34%)         560M (45%)         350M (28%)    
[2026-04-03T03:23:56.244+0600][32.122s][info][gc,heap     ] GC(38) y:      Used:      690M (55%)         844M (68%)         858M (69%)         824M (66%)         900M (72%)         690M (55%)    
[2026-04-03T03:23:56.244+0600][32.122s][info][gc,heap     ] GC(38) y: Young Generation Statistics:
[2026-04-03T03:23:56.244+0600][32.122s][info][gc,heap     ] GC(38) y:                Mark Start          Mark End        Relocate Start      Relocate End    
[2026-04-03T03:23:56.244+0600][32.122s][info][gc,heap     ] GC(38) y:      Used:      168M (13%)         322M (26%)         314M (25%)         244M (20%)    
[2026-04-03T03:23:56.244+0600][32.122s][info][gc,heap     ] GC(38) y:      Live:         -                28M (2%)            8M (1%)            5M (0%)     
[2026-04-03T03:23:56.244+0600][32.122s][info][gc,heap     ] GC(38) y:   Garbage:         -               139M (11%)         131M (11%)           0M (0%)     
[2026-04-03T03:23:56.244+0600][32.122s][info][gc,heap     ] GC(38) y: Allocated:         -               154M (12%)         174M (14%)         238M (19%)    
[2026-04-03T03:23:56.244+0600][32.122s][info][gc,heap     ] GC(38) y: Reclaimed:         -                  -                 7M (1%)          139M (11%)    
[2026-04-03T03:23:56.244+0600][32.122s][info][gc,heap     ] GC(38) y:  Promoted:         -                  -                20M (2%)           23M (2%)     
[2026-04-03T03:23:56.244+0600][32.122s][info][gc,heap     ] GC(38) y: Compacted:         -                  -                  -                 5M (0%)     
[2026-04-03T03:23:56.244+0600][32.122s][info][gc,phases   ] GC(38) y: Young Generation 690M(55%)->824M(66%) 0.475s
[2026-04-03T03:23:56.244+0600][32.122s][info][gc          ] GC(38) Minor Collection (Allocation Rate) 690M(55%)->824M(66%) 0.476s
[2026-04-03T03:23:56.245+0600][32.122s][info][gc          ] GC(39) Minor Collection (Allocation Rate)
[2026-04-03T03:23:56.245+0600][32.122s][info][gc,task     ] GC(39) Using 1 Workers for Young Generation
[2026-04-03T03:23:56.245+0600][32.122s][info][gc,phases   ] GC(39) y: Young Generation
[2026-04-03T03:23:56.245+0600][32.123s][info][gc,phases   ] GC(39) y: Pause Mark Start 0.030ms
[2026-04-03T03:23:56.364+0600][32.241s][info][gc,phases   ] GC(39) y: Concurrent Mark 118.273ms
[2026-04-03T03:23:56.364+0600][32.242s][info][gc,phases   ] GC(39) y: Pause Mark End 0.029ms
[2026-04-03T03:23:56.364+0600][32.242s][info][gc,phases   ] GC(39) y: Concurrent Mark Free 0.003ms
[2026-04-03T03:23:56.364+0600][32.242s][info][gc,phases   ] GC(39) y: Concurrent Reset Relocation Set 0.029ms
[2026-04-03T03:23:56.366+0600][32.244s][info][gc,reloc    ] GC(39) y: Using tenuring threshold: 2 (Computed)
[2026-04-03T03:23:56.369+0600][32.247s][info][gc,phases   ] GC(39) y: Concurrent Select Relocation Set 5.311ms
[2026-04-03T03:23:56.370+0600][32.248s][info][gc,phases   ] GC(39) y: Pause Relocate Start 0.110ms
[2026-04-03T03:23:56.391+0600][32.269s][info][gc,phases   ] GC(39) y: Concurrent Relocate 20.770ms
[2026-04-03T03:23:56.391+0600][32.269s][info][gc,alloc    ] GC(39) y:                         Mark Start        Mark End      Relocate Start    Relocate End   
[2026-04-03T03:23:56.391+0600][32.269s][info][gc,alloc    ] GC(39) y: Allocation Stalls:          0                0                0                0         
[2026-04-03T03:23:56.391+0600][32.269s][info][gc,load     ] GC(39) y: Load: 4.07 (34%) / 4.61 (38%) / 5.22 (43%)
[2026-04-03T03:23:56.391+0600][32.269s][info][gc,mmu      ] GC(39) y: MMU: 2ms/89.7%, 5ms/95.9%, 10ms/97.9%, 20ms/98.8%, 50ms/99.4%, 100ms/99.7%
[2026-04-03T03:23:56.391+0600][32.269s][info][gc,marking  ] GC(39) y: Mark: 1 stripe(s), 2 proactive flush(es), 1 terminate flush(es), 0 completion(s), 0 continuation(s) 
[2026-04-03T03:23:56.391+0600][32.269s][info][gc,marking  ] GC(39) y: Mark Stack Usage: 32M
[2026-04-03T03:23:56.391+0600][32.269s][info][gc,nmethod  ] GC(39) y: NMethods: 5491 registered, 1002 unregistered
[2026-04-03T03:23:56.391+0600][32.269s][info][gc,metaspace] GC(39) y: Metaspace: 68M used, 69M committed, 1088M reserved
[2026-04-03T03:23:56.391+0600][32.269s][info][gc,reloc    ] GC(39) y:                        Candidates     Selected     In-Place         Size        Empty    Relocated 
[2026-04-03T03:23:56.391+0600][32.269s][info][gc,reloc    ] GC(39) y: Small Pages:                   90           80            0         180M          12M           4M 
[2026-04-03T03:23:56.391+0600][32.269s][info][gc,reloc    ] GC(39) y: Medium Pages:                   2            0            0          64M          32M           0M 
[2026-04-03T03:23:56.391+0600][32.269s][info][gc,reloc    ] GC(39) y: Large Pages:                    0            0            0           0M           0M           0M 
[2026-04-03T03:23:56.391+0600][32.269s][info][gc,reloc    ] GC(39) y: Forwarding Usage: 4M
[2026-04-03T03:23:56.391+0600][32.269s][info][gc,reloc    ] GC(39) y: Age Table:
[2026-04-03T03:23:56.391+0600][32.269s][info][gc,reloc    ] GC(39) y:                    Live             Garbage             Small              Medium             Large        
[2026-04-03T03:23:56.391+0600][32.269s][info][gc,reloc    ] GC(39) y: Eden               4M (0%)          201M (16%)         87 / 78             1 / 0              0 / 0        
[2026-04-03T03:23:56.391+0600][32.269s][info][gc,reloc    ] GC(39) y: Survivor 1         4M (0%)           33M (3%)           3 / 2              1 / 0              0 / 0        
[2026-04-03T03:23:56.391+0600][32.269s][info][gc,heap     ] GC(39) y: Min Capacity: 8M(1%)
[2026-04-03T03:23:56.391+0600][32.269s][info][gc,heap     ] GC(39) y: Max Capacity: 1250M(100%)
[2026-04-03T03:23:56.391+0600][32.269s][info][gc,heap     ] GC(39) y: Soft Max Capacity: 1250M(100%)
[2026-04-03T03:23:56.391+0600][32.269s][info][gc,heap     ] GC(39) y: Heap Statistics:
[2026-04-03T03:23:56.391+0600][32.269s][info][gc,heap     ] GC(39) y:                Mark Start          Mark End        Relocate Start      Relocate End           High               Low         
[2026-04-03T03:23:56.391+0600][32.269s][info][gc,heap     ] GC(39) y:  Capacity:     1250M (100%)       1250M (100%)       1250M (100%)       1250M (100%)       1250M (100%)       1250M (100%)   
[2026-04-03T03:23:56.391+0600][32.269s][info][gc,heap     ] GC(39) y:      Free:      426M (34%)         378M (30%)         422M (34%)         568M (45%)         568M (45%)         378M (30%)    
[2026-04-03T03:23:56.391+0600][32.269s][info][gc,heap     ] GC(39) y:      Used:      824M (66%)         872M (70%)         828M (66%)         682M (55%)         872M (70%)         682M (55%)    
[2026-04-03T03:23:56.391+0600][32.269s][info][gc,heap     ] GC(39) y: Young Generation Statistics:
[2026-04-03T03:23:56.391+0600][32.269s][info][gc,heap     ] GC(39) y:                Mark Start          Mark End        Relocate Start      Relocate End    
[2026-04-03T03:23:56.391+0600][32.269s][info][gc,heap     ] GC(39) y:      Used:      244M (20%)         292M (23%)         248M (20%)         102M (8%)     
[2026-04-03T03:23:56.391+0600][32.269s][info][gc,heap     ] GC(39) y:      Live:         -                 9M (1%)            9M (1%)            9M (1%)     
[2026-04-03T03:23:56.391+0600][32.269s][info][gc,heap     ] GC(39) y:   Garbage:         -               234M (19%)         190M (15%)          29M (2%)     
[2026-04-03T03:23:56.391+0600][32.269s][info][gc,heap     ] GC(39) y: Allocated:         -                48M (4%)           48M (4%)           62M (5%)     
[2026-04-03T03:23:56.391+0600][32.269s][info][gc,heap     ] GC(39) y: Reclaimed:         -                  -                44M (4%)          204M (16%)    
[2026-04-03T03:23:56.391+0600][32.269s][info][gc,heap     ] GC(39) y:  Promoted:         -                  -                 0M (0%)            0M (0%)     
[2026-04-03T03:23:56.391+0600][32.269s][info][gc,heap     ] GC(39) y: Compacted:         -                  -                  -                 5M (0%)     
[2026-04-03T03:23:56.391+0600][32.269s][info][gc,phases   ] GC(39) y: Young Generation 824M(66%)->682M(55%) 0.146s
[2026-04-03T03:23:56.391+0600][32.269s][info][gc          ] GC(39) Minor Collection (Allocation Rate) 824M(66%)->682M(55%) 0.147s
[2026-04-03T03:23:56.391+0600][32.269s][info][gc,task     ] Adjusting Workers for Old Generation: 2 -> 1
[2026-04-03T03:23:56.392+0600][32.269s][info][gc          ] GC(40) Minor Collection (Allocation Rate)
[2026-04-03T03:23:56.392+0600][32.269s][info][gc,task     ] GC(40) Using 2 Workers for Young Generation
[2026-04-03T03:23:56.392+0600][32.269s][info][gc,phases   ] GC(40) y: Young Generation
[2026-04-03T03:23:56.392+0600][32.270s][info][gc,phases   ] GC(40) y: Pause Mark Start 0.021ms
[2026-04-03T03:23:56.461+0600][32.339s][info][gc,phases   ] GC(40) y: Concurrent Mark 68.812ms
[2026-04-03T03:23:56.461+0600][32.339s][info][gc,phases   ] GC(40) y: Pause Mark End 0.027ms
[2026-04-03T03:23:56.461+0600][32.339s][info][gc,phases   ] GC(40) y: Concurrent Mark Free 0.003ms
[2026-04-03T03:23:56.461+0600][32.339s][info][gc,phases   ] GC(40) y: Concurrent Reset Relocation Set 0.012ms
[2026-04-03T03:23:56.463+0600][32.341s][info][gc,reloc    ] GC(40) y: Using tenuring threshold: 3 (Computed)
[2026-04-03T03:23:56.464+0600][32.341s][info][gc,phases   ] GC(40) y: Concurrent Select Relocation Set 2.467ms
[2026-04-03T03:23:56.464+0600][32.342s][info][gc,phases   ] GC(40) y: Pause Relocate Start 0.022ms
[2026-04-03T03:23:56.473+0600][32.351s][info][gc,phases   ] GC(40) y: Concurrent Relocate 8.711ms
[2026-04-03T03:23:56.473+0600][32.351s][info][gc,alloc    ] GC(40) y:                         Mark Start        Mark End      Relocate Start    Relocate End   
[2026-04-03T03:23:56.473+0600][32.351s][info][gc,alloc    ] GC(40) y: Allocation Stalls:          0                0                0                0         
[2026-04-03T03:23:56.473+0600][32.351s][info][gc,load     ] GC(40) y: Load: 4.07 (34%) / 4.61 (38%) / 5.22 (43%)
[2026-04-03T03:23:56.473+0600][32.351s][info][gc,mmu      ] GC(40) y: MMU: 2ms/89.7%, 5ms/95.9%, 10ms/97.9%, 20ms/98.8%, 50ms/99.4%, 100ms/99.7%
[2026-04-03T03:23:56.473+0600][32.351s][info][gc,marking  ] GC(40) y: Mark: 2 stripe(s), 2 proactive flush(es), 1 terminate flush(es), 0 completion(s), 0 continuation(s) 
[2026-04-03T03:23:56.473+0600][32.351s][info][gc,marking  ] GC(40) y: Mark Stack Usage: 32M
[2026-04-03T03:23:56.473+0600][32.351s][info][gc,nmethod  ] GC(40) y: NMethods: 5491 registered, 1002 unregistered
[2026-04-03T03:23:56.473+0600][32.351s][info][gc,metaspace] GC(40) y: Metaspace: 68M used, 69M committed, 1088M reserved
[2026-04-03T03:23:56.473+0600][32.351s][info][gc,reloc    ] GC(40) y:                        Candidates     Selected     In-Place         Size        Empty    Relocated 
[2026-04-03T03:23:56.473+0600][32.351s][info][gc,reloc    ] GC(40) y: Small Pages:                   35           30            0          70M           0M           2M 
[2026-04-03T03:23:56.473+0600][32.351s][info][gc,reloc    ] GC(40) y: Medium Pages:                   1            0            0          32M           0M           0M 
[2026-04-03T03:23:56.473+0600][32.351s][info][gc,reloc    ] GC(40) y: Large Pages:                    0            0            0           0M           0M           0M 
[2026-04-03T03:23:56.473+0600][32.351s][info][gc,reloc    ] GC(40) y: Forwarding Usage: 2M
[2026-04-03T03:23:56.473+0600][32.351s][info][gc,reloc    ] GC(40) y: Age Table:
[2026-04-03T03:23:56.473+0600][32.351s][info][gc,reloc    ] GC(40) y:                    Live             Garbage             Small              Medium             Large        
[2026-04-03T03:23:56.473+0600][32.351s][info][gc,reloc    ] GC(40) y: Eden               2M (0%)           53M (4%)          28 / 26             0 / 0              0 / 0        
[2026-04-03T03:23:56.473+0600][32.351s][info][gc,reloc    ] GC(40) y: Survivor 1         4M (0%)            3M (0%)           4 / 2              0 / 0              0 / 0        
[2026-04-03T03:23:56.473+0600][32.351s][info][gc,reloc    ] GC(40) y: Survivor 2         4M (0%)           33M (3%)           3 / 2              1 / 0              0 / 0        
[2026-04-03T03:23:56.473+0600][32.351s][info][gc,heap     ] GC(40) y: Min Capacity: 8M(1%)
[2026-04-03T03:23:56.473+0600][32.351s][info][gc,heap     ] GC(40) y: Max Capacity: 1250M(100%)
[2026-04-03T03:23:56.473+0600][32.351s][info][gc,heap     ] GC(40) y: Soft Max Capacity: 1250M(100%)
[2026-04-03T03:23:56.473+0600][32.351s][info][gc,heap     ] GC(40) y: Heap Statistics:
[2026-04-03T03:23:56.473+0600][32.351s][info][gc,heap     ] GC(40) y:                Mark Start          Mark End        Relocate Start      Relocate End           High               Low         
[2026-04-03T03:23:56.473+0600][32.351s][info][gc,heap     ] GC(40) y:  Capacity:     1250M (100%)       1250M (100%)       1250M (100%)       1250M (100%)       1250M (100%)       1250M (100%)   
[2026-04-03T03:23:56.473+0600][32.351s][info][gc,heap     ] GC(40) y:      Free:      568M (45%)         540M (43%)         540M (43%)         586M (47%)         586M (47%)         536M (43%)    
[2026-04-03T03:23:56.473+0600][32.351s][info][gc,heap     ] GC(40) y:      Used:      682M (55%)         710M (57%)         710M (57%)         664M (53%)         714M (57%)         664M (53%)    
[2026-04-03T03:23:56.473+0600][32.351s][info][gc,heap     ] GC(40) y: Young Generation Statistics:
[2026-04-03T03:23:56.473+0600][32.351s][info][gc,heap     ] GC(40) y:                Mark Start          Mark End        Relocate Start      Relocate End    
[2026-04-03T03:23:56.473+0600][32.351s][info][gc,heap     ] GC(40) y:      Used:      102M (8%)          130M (10%)         130M (10%)          84M (7%)     
[2026-04-03T03:23:56.473+0600][32.351s][info][gc,heap     ] GC(40) y:      Live:         -                10M (1%)           10M (1%)           10M (1%)     
[2026-04-03T03:23:56.473+0600][32.351s][info][gc,heap     ] GC(40) y:   Garbage:         -                91M (7%)           91M (7%)           30M (2%)     
[2026-04-03T03:23:56.473+0600][32.351s][info][gc,heap     ] GC(40) y: Allocated:         -                28M (2%)           28M (2%)           43M (3%)     
[2026-04-03T03:23:56.473+0600][32.351s][info][gc,heap     ] GC(40) y: Reclaimed:         -                  -                 0M (0%)           61M (5%)     
[2026-04-03T03:23:56.473+0600][32.351s][info][gc,heap     ] GC(40) y:  Promoted:         -                  -                 0M (0%)            0M (0%)     
[2026-04-03T03:23:56.473+0600][32.351s][info][gc,heap     ] GC(40) y: Compacted:         -                  -                  -                 2M (0%)     
[2026-04-03T03:23:56.473+0600][32.351s][info][gc,phases   ] GC(40) y: Young Generation 682M(55%)->664M(53%) 0.081s
[2026-04-03T03:23:56.473+0600][32.351s][info][gc          ] GC(40) Minor Collection (Allocation Rate) 682M(55%)->664M(53%) 0.082s
[2026-04-03T03:23:56.531+0600][32.409s][info][gc          ] GC(41) Minor Collection (Allocation Rate)
[2026-04-03T03:23:56.531+0600][32.409s][info][gc,task     ] GC(41) Using 2 Workers for Young Generation
[2026-04-03T03:23:56.531+0600][32.409s][info][gc,phases   ] GC(41) y: Young Generation
[2026-04-03T03:23:56.531+0600][32.409s][info][gc,phases   ] GC(41) y: Pause Mark Start 0.021ms
[2026-04-03T03:23:56.596+0600][32.474s][info][gc,phases   ] GC(41) y: Concurrent Mark 64.174ms
[2026-04-03T03:23:56.596+0600][32.474s][info][gc,phases   ] GC(41) y: Pause Mark End 0.029ms
[2026-04-03T03:23:56.596+0600][32.474s][info][gc,phases   ] GC(41) y: Concurrent Mark Free 0.003ms
[2026-04-03T03:23:56.596+0600][32.474s][info][gc,phases   ] GC(41) y: Concurrent Reset Relocation Set 0.009ms
[2026-04-03T03:23:56.598+0600][32.476s][info][gc,reloc    ] GC(41) y: Using tenuring threshold: 2 (Computed)
[2026-04-03T03:23:56.609+0600][32.486s][info][gc,phases   ] GC(41) y: Concurrent Select Relocation Set 12.103ms
[2026-04-03T03:23:56.609+0600][32.487s][info][gc,phases   ] GC(41) y: Pause Relocate Start 0.025ms
[2026-04-03T03:23:56.635+0600][32.512s][info][gc,phases   ] GC(41) y: Concurrent Relocate 25.527ms
[2026-04-03T03:23:56.635+0600][32.512s][info][gc,alloc    ] GC(41) y:                         Mark Start        Mark End      Relocate Start    Relocate End   
[2026-04-03T03:23:56.635+0600][32.512s][info][gc,alloc    ] GC(41) y: Allocation Stalls:          0                0                0                0         
[2026-04-03T03:23:56.635+0600][32.512s][info][gc,load     ] GC(41) y: Load: 4.07 (34%) / 4.61 (38%) / 5.22 (43%)
[2026-04-03T03:23:56.635+0600][32.512s][info][gc,mmu      ] GC(41) y: MMU: 2ms/89.7%, 5ms/95.9%, 10ms/97.9%, 20ms/98.8%, 50ms/99.4%, 100ms/99.7%
[2026-04-03T03:23:56.635+0600][32.512s][info][gc,marking  ] GC(41) y: Mark: 2 stripe(s), 2 proactive flush(es), 1 terminate flush(es), 0 completion(s), 0 continuation(s) 
[2026-04-03T03:23:56.635+0600][32.512s][info][gc,marking  ] GC(41) y: Mark Stack Usage: 32M
[2026-04-03T03:23:56.635+0600][32.512s][info][gc,nmethod  ] GC(41) y: NMethods: 5491 registered, 1002 unregistered
[2026-04-03T03:23:56.635+0600][32.513s][info][gc,metaspace] GC(41) y: Metaspace: 68M used, 69M committed, 1088M reserved
[2026-04-03T03:23:56.635+0600][32.513s][info][gc,reloc    ] GC(41) y:                        Candidates     Selected     In-Place         Size        Empty    Relocated 
[2026-04-03T03:23:56.635+0600][32.513s][info][gc,reloc    ] GC(41) y: Small Pages:                   41           35            0          82M           0M           3M 
[2026-04-03T03:23:56.635+0600][32.513s][info][gc,reloc    ] GC(41) y: Medium Pages:                   1            0            0          32M           0M           0M 
[2026-04-03T03:23:56.635+0600][32.513s][info][gc,reloc    ] GC(41) y: Large Pages:                    0            0            0           0M           0M           0M 
[2026-04-03T03:23:56.635+0600][32.513s][info][gc,reloc    ] GC(41) y: Forwarding Usage: 4M
[2026-04-03T03:23:56.635+0600][32.513s][info][gc,reloc    ] GC(41) y: Age Table:
[2026-04-03T03:23:56.635+0600][32.513s][info][gc,reloc    ] GC(41) y:                    Live             Garbage             Small              Medium             Large        
[2026-04-03T03:23:56.635+0600][32.513s][info][gc,reloc    ] GC(41) y: Eden               2M (0%)           59M (5%)          31 / 29             0 / 0              0 / 0        
[2026-04-03T03:23:56.635+0600][32.513s][info][gc,reloc    ] GC(41) y: Survivor 1         1M (0%)            4M (0%)           3 / 2              0 / 0              0 / 0        
[2026-04-03T03:23:56.635+0600][32.513s][info][gc,reloc    ] GC(41) y: Survivor 2         3M (0%)            4M (0%)           4 / 2              0 / 0              0 / 0        
[2026-04-03T03:23:56.635+0600][32.513s][info][gc,reloc    ] GC(41) y: Survivor 3         4M (0%)           33M (3%)           3 / 2              1 / 0              0 / 0        
[2026-04-03T03:23:56.635+0600][32.513s][info][gc,heap     ] GC(41) y: Min Capacity: 8M(1%)
[2026-04-03T03:23:56.635+0600][32.513s][info][gc,heap     ] GC(41) y: Max Capacity: 1250M(100%)
[2026-04-03T03:23:56.635+0600][32.513s][info][gc,heap     ] GC(41) y: Soft Max Capacity: 1250M(100%)
[2026-04-03T03:23:56.635+0600][32.513s][info][gc,heap     ] GC(41) y: Heap Statistics:
[2026-04-03T03:23:56.635+0600][32.513s][info][gc,heap     ] GC(41) y:                Mark Start          Mark End        Relocate Start      Relocate End           High               Low         
[2026-04-03T03:23:56.635+0600][32.513s][info][gc,heap     ] GC(41) y:  Capacity:     1250M (100%)       1250M (100%)       1250M (100%)       1250M (100%)       1250M (100%)       1250M (100%)   
[2026-04-03T03:23:56.635+0600][32.513s][info][gc,heap     ] GC(41) y:      Free:      556M (44%)         526M (42%)         522M (42%)         570M (46%)         576M (46%)         518M (41%)    
[2026-04-03T03:23:56.635+0600][32.513s][info][gc,heap     ] GC(41) y:      Used:      694M (56%)         724M (58%)         728M (58%)         680M (54%)         732M (59%)         674M (54%)    
[2026-04-03T03:23:56.635+0600][32.513s][info][gc,heap     ] GC(41) y: Young Generation Statistics:
[2026-04-03T03:23:56.635+0600][32.513s][info][gc,heap     ] GC(41) y:                Mark Start          Mark End        Relocate Start      Relocate End    
[2026-04-03T03:23:56.635+0600][32.513s][info][gc,heap     ] GC(41) y:      Used:      114M (9%)          144M (12%)         110M (9%)           58M (5%)     
[2026-04-03T03:23:56.635+0600][32.513s][info][gc,heap     ] GC(41) y:      Live:         -                12M (1%)            4M (0%)            3M (0%)     
[2026-04-03T03:23:56.635+0600][32.513s][info][gc,heap     ] GC(41) y:   Garbage:         -               101M (8%)           71M (6%)            0M (0%)     
[2026-04-03T03:23:56.635+0600][32.513s][info][gc,heap     ] GC(41) y: Allocated:         -                30M (2%)           34M (3%)           54M (4%)     
[2026-04-03T03:23:56.635+0600][32.513s][info][gc,heap     ] GC(41) y: Reclaimed:         -                  -                30M (2%)          101M (8%)     
[2026-04-03T03:23:56.635+0600][32.513s][info][gc,heap     ] GC(41) y:  Promoted:         -                  -                 7M (1%)            8M (1%)     
[2026-04-03T03:23:56.635+0600][32.513s][info][gc,heap     ] GC(41) y: Compacted:         -                  -                  -                 3M (0%)     
[2026-04-03T03:23:56.635+0600][32.513s][info][gc,phases   ] GC(41) y: Young Generation 694M(56%)->680M(54%) 0.103s
[2026-04-03T03:23:56.635+0600][32.513s][info][gc          ] GC(41) Minor Collection (Allocation Rate) 694M(56%)->680M(54%) 0.104s
[2026-04-03T03:23:56.728+0600][32.606s][info][gc,phases   ] GC(37) O: Concurrent Mark 966.098ms
[2026-04-03T03:23:56.728+0600][32.606s][info][gc,phases   ] GC(37) O: Pause Mark End 0.023ms
[2026-04-03T03:23:56.728+0600][32.606s][info][gc,phases   ] GC(37) O: Concurrent Mark Free 0.001ms
[2026-04-03T03:23:56.743+0600][32.621s][info][gc,phases   ] GC(37) O: Concurrent Process Non-Strong 14.589ms
[2026-04-03T03:23:56.743+0600][32.621s][info][gc,phases   ] GC(37) O: Concurrent Reset Relocation Set 0.004ms
[2026-04-03T03:23:56.770+0600][32.648s][info][gc,phases   ] GC(37) O: Concurrent Select Relocation Set 27.145ms
[2026-04-03T03:23:56.770+0600][32.648s][info][gc,task     ] GC(37) O: Using 3 Workers for Old Generation
[2026-04-03T03:23:56.797+0600][32.675s][info][gc,task     ] GC(37) O: Using 1 Workers for Old Generation
[2026-04-03T03:23:56.797+0600][32.675s][info][gc,phases   ] GC(37) O: Concurrent Remap Roots 26.725ms
[2026-04-03T03:23:56.797+0600][32.675s][info][gc,phases   ] GC(37) O: Pause Relocate Start 0.021ms
[2026-04-03T03:23:56.956+0600][32.834s][info][gc,phases   ] GC(37) O: Concurrent Relocate 159.081ms
[2026-04-03T03:23:56.957+0600][32.834s][info][gc,alloc    ] GC(37) O:                         Mark Start        Mark End      Relocate Start    Relocate End   
[2026-04-03T03:23:56.957+0600][32.834s][info][gc,alloc    ] GC(37) O: Allocation Stalls:          0                0                0                0         
[2026-04-03T03:23:56.957+0600][32.834s][info][gc,load     ] GC(37) O: Load: 4.07 (34%) / 4.61 (38%) / 5.22 (43%)
[2026-04-03T03:23:56.957+0600][32.834s][info][gc,mmu      ] GC(37) O: MMU: 2ms/89.7%, 5ms/95.9%, 10ms/97.9%, 20ms/98.8%, 50ms/99.4%, 100ms/99.7%
[2026-04-03T03:23:56.957+0600][32.834s][info][gc,marking  ] GC(37) O: Mark: 2 stripe(s), 2 proactive flush(es), 1 terminate flush(es), 0 completion(s), 0 continuation(s) 
[2026-04-03T03:23:56.957+0600][32.834s][info][gc,marking  ] GC(37) O: Mark Stack Usage: 32M
[2026-04-03T03:23:56.957+0600][32.834s][info][gc,nmethod  ] GC(37) O: NMethods: 5468 registered, 1027 unregistered
[2026-04-03T03:23:56.957+0600][32.834s][info][gc,metaspace] GC(37) O: Metaspace: 68M used, 69M committed, 1088M reserved
[2026-04-03T03:23:56.957+0600][32.834s][info][gc,ref      ] GC(37) O:                       Encountered   Discovered     Enqueued 
[2026-04-03T03:23:56.957+0600][32.834s][info][gc,ref      ] GC(37) O: Soft References:             4959            0            0 
[2026-04-03T03:23:56.957+0600][32.834s][info][gc,ref      ] GC(37) O: Weak References:             6187         4880            5 
[2026-04-03T03:23:56.957+0600][32.834s][info][gc,ref      ] GC(37) O: Final References:              82            0            0 
[2026-04-03T03:23:56.957+0600][32.834s][info][gc,ref      ] GC(37) O: Phantom References:           601          415            0 
[2026-04-03T03:23:56.957+0600][32.834s][info][gc,reloc    ] GC(37) O:                        Candidates     Selected     In-Place         Size        Empty    Relocated 
[2026-04-03T03:23:56.957+0600][32.834s][info][gc,reloc    ] GC(37) O: Small Pages:                  186           31            0         372M          80M          13M 
[2026-04-03T03:23:56.957+0600][32.834s][info][gc,reloc    ] GC(37) O: Medium Pages:                   2            0            0          64M          32M           0M 
[2026-04-03T03:23:56.957+0600][32.834s][info][gc,reloc    ] GC(37) O: Large Pages:                    7            0            0          86M          50M           0M 
[2026-04-03T03:23:56.957+0600][32.834s][info][gc,reloc    ] GC(37) O: Forwarding Usage: 37M
[2026-04-03T03:23:56.957+0600][32.834s][info][gc,heap     ] GC(37) O: Min Capacity: 8M(1%)
[2026-04-03T03:23:56.957+0600][32.834s][info][gc,heap     ] GC(37) O: Max Capacity: 1250M(100%)
[2026-04-03T03:23:56.957+0600][32.835s][info][gc,heap     ] GC(37) O: Soft Max Capacity: 1250M(100%)
[2026-04-03T03:23:56.957+0600][32.835s][info][gc,heap     ] GC(37) O: Heap Statistics:
[2026-04-03T03:23:56.957+0600][32.835s][info][gc,heap     ] GC(37) O:                Mark Start          Mark End        Relocate Start      Relocate End           High               Low         
[2026-04-03T03:23:56.957+0600][32.835s][info][gc,heap     ] GC(37) O:  Capacity:     1250M (100%)       1250M (100%)       1250M (100%)       1250M (100%)       1250M (100%)       1250M (100%)   
[2026-04-03T03:23:56.957+0600][32.835s][info][gc,heap     ] GC(37) O:      Free:      482M (39%)         524M (42%)         652M (52%)         648M (52%)         694M (56%)         350M (28%)    
[2026-04-03T03:23:56.957+0600][32.835s][info][gc,heap     ] GC(37) O:      Used:      768M (61%)         726M (58%)         598M (48%)         602M (48%)         900M (72%)         556M (44%)    
[2026-04-03T03:23:56.957+0600][32.835s][info][gc,heap     ] GC(37) O: Old Generation Statistics:
[2026-04-03T03:23:56.957+0600][32.835s][info][gc,heap     ] GC(37) O:                Mark Start          Mark End        Relocate Start      Relocate End    
[2026-04-03T03:23:56.957+0600][32.835s][info][gc,heap     ] GC(37) O:      Used:      522M (42%)         622M (50%)         460M (37%)         394M (32%)    
[2026-04-03T03:23:56.957+0600][32.835s][info][gc,heap     ] GC(37) O:      Live:         -               264M (21%)         264M (21%)         264M (21%)    
[2026-04-03T03:23:56.957+0600][32.835s][info][gc,heap     ] GC(37) O:   Garbage:         -               257M (21%)          95M (8%)           27M (2%)     
[2026-04-03T03:23:56.957+0600][32.835s][info][gc,heap     ] GC(37) O: Allocated:         -               100M (8%)          100M (8%)          102M (8%)     
[2026-04-03T03:23:56.957+0600][32.835s][info][gc,heap     ] GC(37) O: Reclaimed:         -                  -               162M (13%)         230M (18%)    
[2026-04-03T03:23:56.957+0600][32.835s][info][gc,heap     ] GC(37) O: Compacted:         -                  -                  -                41M (3%)     
[2026-04-03T03:23:56.957+0600][32.835s][info][gc,phases   ] GC(37) O: Old Generation 690M(55%)->602M(48%) 1.194s
[2026-04-03T03:23:56.957+0600][32.835s][info][gc          ] GC(37) Major Collection (Allocation Rate) 768M(61%)->602M(48%) 1.382s
[2026-04-03T03:23:58.043+0600][33.921s][info][gc          ] GC(42) Minor Collection (Allocation Rate)
[2026-04-03T03:23:58.043+0600][33.921s][info][gc,task     ] GC(42) Using 2 Workers for Young Generation
[2026-04-03T03:23:58.043+0600][33.921s][info][gc,phases   ] GC(42) y: Young Generation
[2026-04-03T03:23:58.043+0600][33.921s][info][gc,phases   ] GC(42) y: Pause Mark Start 0.023ms
[2026-04-03T03:23:58.304+0600][34.182s][info][gc,phases   ] GC(42) y: Concurrent Mark 260.642ms
[2026-04-03T03:23:58.305+0600][34.182s][info][gc,phases   ] GC(42) y: Pause Mark End 0.025ms
[2026-04-03T03:23:58.305+0600][34.182s][info][gc,phases   ] GC(42) y: Concurrent Mark Free 0.001ms
[2026-04-03T03:23:58.305+0600][34.182s][info][gc,phases   ] GC(42) y: Concurrent Reset Relocation Set 0.022ms
[2026-04-03T03:23:58.310+0600][34.188s][info][gc,reloc    ] GC(42) y: Using tenuring threshold: 2 (Computed)
[2026-04-03T03:23:58.329+0600][34.207s][info][gc,phases   ] GC(42) y: Concurrent Select Relocation Set 24.625ms
[2026-04-03T03:23:58.330+0600][34.208s][info][gc,phases   ] GC(42) y: Pause Relocate Start 0.040ms
[2026-04-03T03:23:58.416+0600][34.293s][info][gc,phases   ] GC(42) y: Concurrent Relocate 85.608ms
[2026-04-03T03:23:58.416+0600][34.293s][info][gc,alloc    ] GC(42) y:                         Mark Start        Mark End      Relocate Start    Relocate End   
[2026-04-03T03:23:58.416+0600][34.294s][info][gc,alloc    ] GC(42) y: Allocation Stalls:          0                0                0                0         
[2026-04-03T03:23:58.416+0600][34.294s][info][gc,load     ] GC(42) y: Load: 4.07 (34%) / 4.61 (38%) / 5.22 (43%)
[2026-04-03T03:23:58.416+0600][34.294s][info][gc,mmu      ] GC(42) y: MMU: 2ms/89.7%, 5ms/95.9%, 10ms/97.9%, 20ms/98.8%, 50ms/99.4%, 100ms/99.7%
[2026-04-03T03:23:58.416+0600][34.294s][info][gc,marking  ] GC(42) y: Mark: 2 stripe(s), 10 proactive flush(es), 1 terminate flush(es), 0 completion(s), 0 continuation(s) 
[2026-04-03T03:23:58.416+0600][34.294s][info][gc,marking  ] GC(42) y: Mark Stack Usage: 32M
[2026-04-03T03:23:58.416+0600][34.294s][info][gc,nmethod  ] GC(42) y: NMethods: 5639 registered, 1027 unregistered
[2026-04-03T03:23:58.416+0600][34.294s][info][gc,metaspace] GC(42) y: Metaspace: 68M used, 69M committed, 1088M reserved
[2026-04-03T03:23:58.416+0600][34.294s][info][gc,reloc    ] GC(42) y:                        Candidates     Selected     In-Place         Size        Empty    Relocated 
[2026-04-03T03:23:58.416+0600][34.294s][info][gc,reloc    ] GC(42) y: Small Pages:                  244          220            0         488M          12M          23M 
[2026-04-03T03:23:58.416+0600][34.294s][info][gc,reloc    ] GC(42) y: Medium Pages:                   1            0            0          32M          32M           0M 
[2026-04-03T03:23:58.416+0600][34.294s][info][gc,reloc    ] GC(42) y: Large Pages:                    5            0            0          42M           6M           0M 
[2026-04-03T03:23:58.416+0600][34.294s][info][gc,reloc    ] GC(42) y: Forwarding Usage: 32M
[2026-04-03T03:23:58.416+0600][34.294s][info][gc,reloc    ] GC(42) y: Age Table:
[2026-04-03T03:23:58.416+0600][34.294s][info][gc,reloc    ] GC(42) y:                    Live             Garbage             Small              Medium             Large        
[2026-04-03T03:23:58.416+0600][34.294s][info][gc,reloc    ] GC(42) y: Eden              64M (5%)          485M (39%)        238 / 215            1 / 0              5 / 0        
[2026-04-03T03:23:58.416+0600][34.294s][info][gc,reloc    ] GC(42) y: Survivor 1         1M (0%)            4M (0%)           3 / 3              0 / 0              0 / 0        
[2026-04-03T03:23:58.416+0600][34.294s][info][gc,reloc    ] GC(42) y: Survivor 2         1M (0%)            4M (0%)           3 / 2              0 / 0              0 / 0        
[2026-04-03T03:23:58.416+0600][34.294s][info][gc,heap     ] GC(42) y: Min Capacity: 8M(1%)
[2026-04-03T03:23:58.416+0600][34.294s][info][gc,heap     ] GC(42) y: Max Capacity: 1250M(100%)
[2026-04-03T03:23:58.416+0600][34.294s][info][gc,heap     ] GC(42) y: Soft Max Capacity: 1250M(100%)
[2026-04-03T03:23:58.416+0600][34.294s][info][gc,heap     ] GC(42) y: Heap Statistics:
[2026-04-03T03:23:58.416+0600][34.294s][info][gc,heap     ] GC(42) y:                Mark Start          Mark End        Relocate Start      Relocate End           High               Low         
[2026-04-03T03:23:58.416+0600][34.294s][info][gc,heap     ] GC(42) y:  Capacity:     1250M (100%)       1250M (100%)       1250M (100%)       1250M (100%)       1250M (100%)       1250M (100%)   
[2026-04-03T03:23:58.416+0600][34.294s][info][gc,heap     ] GC(42) y:      Free:      294M (24%)         172M (14%)         194M (16%)         556M (44%)         556M (44%)         166M (13%)    
[2026-04-03T03:23:58.416+0600][34.294s][info][gc,heap     ] GC(42) y:      Used:      956M (76%)        1078M (86%)        1056M (84%)         694M (56%)        1084M (87%)         694M (56%)    
[2026-04-03T03:23:58.416+0600][34.294s][info][gc,heap     ] GC(42) y: Young Generation Statistics:
[2026-04-03T03:23:58.416+0600][34.294s][info][gc,heap     ] GC(42) y:                Mark Start          Mark End        Relocate Start      Relocate End    
[2026-04-03T03:23:58.416+0600][34.294s][info][gc,heap     ] GC(42) y:      Used:      562M (45%)         684M (55%)         662M (53%)         296M (24%)    
[2026-04-03T03:23:58.416+0600][34.294s][info][gc,heap     ] GC(42) y:      Live:         -                67M (5%)           67M (5%)           65M (5%)     
[2026-04-03T03:23:58.416+0600][34.294s][info][gc,heap     ] GC(42) y:   Garbage:         -               494M (40%)         444M (36%)           0M (0%)     
[2026-04-03T03:23:58.416+0600][34.294s][info][gc,heap     ] GC(42) y: Allocated:         -               122M (10%)         150M (12%)         230M (18%)    
[2026-04-03T03:23:58.416+0600][34.294s][info][gc,heap     ] GC(42) y: Reclaimed:         -                  -                50M (4%)          494M (40%)    
[2026-04-03T03:23:58.416+0600][34.294s][info][gc,heap     ] GC(42) y:  Promoted:         -                  -                 0M (0%)            1M (0%)     
[2026-04-03T03:23:58.416+0600][34.294s][info][gc,heap     ] GC(42) y: Compacted:         -                  -                  -                29M (2%)     
[2026-04-03T03:23:58.416+0600][34.294s][info][gc,phases   ] GC(42) y: Young Generation 956M(76%)->694M(56%) 0.372s
[2026-04-03T03:23:58.416+0600][34.294s][info][gc          ] GC(42) Minor Collection (Allocation Rate) 956M(76%)->694M(56%) 0.373s
[2026-04-03T03:23:58.542+0600][34.420s][info][gc          ] GC(43) Minor Collection (Allocation Rate)
[2026-04-03T03:23:58.542+0600][34.420s][info][gc,task     ] GC(43) Using 3 Workers for Young Generation
[2026-04-03T03:23:58.542+0600][34.420s][info][gc,phases   ] GC(43) y: Young Generation
[2026-04-03T03:23:58.543+0600][34.421s][info][gc,phases   ] GC(43) y: Pause Mark Start 0.033ms
[2026-04-03T03:23:58.786+0600][34.663s][info][gc,phases   ] GC(43) y: Concurrent Mark 242.608ms
[2026-04-03T03:23:58.786+0600][34.664s][info][gc,phases   ] GC(43) y: Pause Mark End 0.066ms
[2026-04-03T03:23:58.786+0600][34.664s][info][gc,phases   ] GC(43) y: Concurrent Mark Free 0.004ms
[2026-04-03T03:23:58.786+0600][34.664s][info][gc,phases   ] GC(43) y: Concurrent Reset Relocation Set 0.042ms
[2026-04-03T03:23:58.791+0600][34.669s][info][gc,reloc    ] GC(43) y: Using tenuring threshold: 1 (Computed)
[2026-04-03T03:23:58.834+0600][34.711s][info][gc,phases   ] GC(43) y: Concurrent Select Relocation Set 47.085ms
[2026-04-03T03:23:58.834+0600][34.712s][info][gc,phases   ] GC(43) y: Pause Relocate Start 0.032ms
[2026-04-03T03:23:58.934+0600][34.812s][info][gc,phases   ] GC(43) y: Concurrent Relocate 99.667ms
[2026-04-03T03:23:58.934+0600][34.812s][info][gc,alloc    ] GC(43) y:                         Mark Start        Mark End      Relocate Start    Relocate End   
[2026-04-03T03:23:58.934+0600][34.812s][info][gc,alloc    ] GC(43) y: Allocation Stalls:          0                0                0                0         
[2026-04-03T03:23:58.934+0600][34.812s][info][gc,load     ] GC(43) y: Load: 4.07 (34%) / 4.61 (38%) / 5.22 (43%)
[2026-04-03T03:23:58.934+0600][34.812s][info][gc,mmu      ] GC(43) y: MMU: 2ms/89.7%, 5ms/95.9%, 10ms/97.9%, 20ms/98.8%, 50ms/99.4%, 100ms/99.7%
[2026-04-03T03:23:58.934+0600][34.812s][info][gc,marking  ] GC(43) y: Mark: 2 stripe(s), 10 proactive flush(es), 1 terminate flush(es), 0 completion(s), 0 continuation(s) 
[2026-04-03T03:23:58.934+0600][34.812s][info][gc,marking  ] GC(43) y: Mark Stack Usage: 32M
[2026-04-03T03:23:58.934+0600][34.812s][info][gc,nmethod  ] GC(43) y: NMethods: 5778 registered, 1027 unregistered
[2026-04-03T03:23:58.934+0600][34.812s][info][gc,metaspace] GC(43) y: Metaspace: 68M used, 69M committed, 1088M reserved
[2026-04-03T03:23:58.934+0600][34.812s][info][gc,reloc    ] GC(43) y:                        Candidates     Selected     In-Place         Size        Empty    Relocated 
[2026-04-03T03:23:58.934+0600][34.812s][info][gc,reloc    ] GC(43) y: Small Pages:                  127           43            0         254M         150M           4M 
[2026-04-03T03:23:58.934+0600][34.812s][info][gc,reloc    ] GC(43) y: Medium Pages:                   1            0            0          32M           0M           0M 
[2026-04-03T03:23:58.934+0600][34.812s][info][gc,reloc    ] GC(43) y: Large Pages:                    8            0            0          72M          54M           0M 
[2026-04-03T03:23:58.934+0600][34.812s][info][gc,reloc    ] GC(43) y: Forwarding Usage: 4M
[2026-04-03T03:23:58.934+0600][34.812s][info][gc,reloc    ] GC(43) y: Age Table:
[2026-04-03T03:23:58.934+0600][34.812s][info][gc,reloc    ] GC(43) y:                    Live             Garbage             Small              Medium             Large        
[2026-04-03T03:23:58.934+0600][34.812s][info][gc,reloc    ] GC(43) y: Eden               6M (1%)          271M (22%)        105 / 39             1 / 0              4 / 0        
[2026-04-03T03:23:58.934+0600][34.812s][info][gc,reloc    ] GC(43) y: Survivor 1        28M (2%)           47M (4%)          20 / 3              0 / 0              4 / 0        
[2026-04-03T03:23:58.934+0600][34.812s][info][gc,reloc    ] GC(43) y: Survivor 2         1M (0%)            2M (0%)           2 / 1              0 / 0              0 / 0        
[2026-04-03T03:23:58.934+0600][34.812s][info][gc,heap     ] GC(43) y: Min Capacity: 8M(1%)
[2026-04-03T03:23:58.934+0600][34.812s][info][gc,heap     ] GC(43) y: Max Capacity: 1250M(100%)
[2026-04-03T03:23:58.934+0600][34.812s][info][gc,heap     ] GC(43) y: Soft Max Capacity: 1250M(100%)
[2026-04-03T03:23:58.934+0600][34.812s][info][gc,heap     ] GC(43) y: Heap Statistics:
[2026-04-03T03:23:58.934+0600][34.812s][info][gc,heap     ] GC(43) y:                Mark Start          Mark End        Relocate Start      Relocate End           High               Low         
[2026-04-03T03:23:58.934+0600][34.812s][info][gc,heap     ] GC(43) y:  Capacity:     1250M (100%)       1250M (100%)       1250M (100%)       1250M (100%)       1250M (100%)       1250M (100%)   
[2026-04-03T03:23:58.934+0600][34.812s][info][gc,heap     ] GC(43) y:      Free:      494M (40%)         360M (29%)         530M (42%)         570M (46%)         602M (48%)         360M (29%)    
[2026-04-03T03:23:58.934+0600][34.812s][info][gc,heap     ] GC(43) y:      Used:      756M (60%)         890M (71%)         720M (58%)         680M (54%)         890M (71%)         648M (52%)    
[2026-04-03T03:23:58.934+0600][34.812s][info][gc,heap     ] GC(43) y: Young Generation Statistics:
[2026-04-03T03:23:58.934+0600][34.812s][info][gc,heap     ] GC(43) y:                Mark Start          Mark End        Relocate Start      Relocate End    
[2026-04-03T03:23:58.935+0600][34.812s][info][gc,heap     ] GC(43) y:      Used:      358M (29%)         492M (39%)         292M (23%)         248M (20%)    
[2026-04-03T03:23:58.935+0600][34.812s][info][gc,heap     ] GC(43) y:      Live:         -                36M (3%)            8M (1%)            6M (1%)     
[2026-04-03T03:23:58.935+0600][34.812s][info][gc,heap     ] GC(43) y:   Garbage:         -               321M (26%)         115M (9%)           28M (2%)     
[2026-04-03T03:23:58.935+0600][34.812s][info][gc,heap     ] GC(43) y: Allocated:         -               134M (11%)         168M (13%)         212M (17%)    
[2026-04-03T03:23:58.935+0600][34.812s][info][gc,heap     ] GC(43) y: Reclaimed:         -                  -               205M (16%)         292M (23%)    
[2026-04-03T03:23:58.935+0600][34.812s][info][gc,heap     ] GC(43) y:  Promoted:         -                  -                28M (2%)           29M (2%)     
[2026-04-03T03:23:58.935+0600][34.812s][info][gc,heap     ] GC(43) y: Compacted:         -                  -                  -                 3M (0%)     
[2026-04-03T03:23:58.935+0600][34.812s][info][gc,phases   ] GC(43) y: Young Generation 756M(60%)->680M(54%) 0.392s
[2026-04-03T03:23:58.935+0600][34.812s][info][gc          ] GC(43) Minor Collection (Allocation Rate) 756M(60%)->680M(54%) 0.392s
[2026-04-03T03:23:58.935+0600][34.813s][info][gc          ] GC(44) Major Collection (Allocation Rate)
[2026-04-03T03:23:58.935+0600][34.813s][info][gc,task     ] GC(44) Using 3 Workers for Young Generation
[2026-04-03T03:23:58.935+0600][34.813s][info][gc,task     ] GC(44) Using 1 Workers for Old Generation
[2026-04-03T03:23:58.935+0600][34.813s][info][gc,phases   ] GC(44) Y: Young Generation
[2026-04-03T03:23:58.935+0600][34.813s][info][gc,phases   ] GC(44) Y: Pause Mark Start (Major) 0.037ms
[2026-04-03T03:23:59.098+0600][34.975s][info][gc,phases   ] GC(44) Y: Concurrent Mark 162.267ms
[2026-04-03T03:23:59.098+0600][34.976s][info][gc,phases   ] GC(44) Y: Pause Mark End 0.053ms
[2026-04-03T03:23:59.098+0600][34.976s][info][gc,phases   ] GC(44) Y: Concurrent Mark Free 0.001ms
[2026-04-03T03:23:59.098+0600][34.976s][info][gc,phases   ] GC(44) Y: Concurrent Reset Relocation Set 0.036ms
[2026-04-03T03:23:59.101+0600][34.978s][info][gc,reloc    ] GC(44) Y: Using tenuring threshold: 2 (Computed)
[2026-04-03T03:23:59.111+0600][34.988s][info][gc,phases   ] GC(44) Y: Concurrent Select Relocation Set 12.372ms
[2026-04-03T03:23:59.111+0600][34.989s][info][gc,phases   ] GC(44) Y: Pause Relocate Start 0.056ms
[2026-04-03T03:23:59.163+0600][35.040s][info][gc,phases   ] GC(44) Y: Concurrent Relocate 51.502ms
[2026-04-03T03:23:59.163+0600][35.041s][info][gc,alloc    ] GC(44) Y:                         Mark Start        Mark End      Relocate Start    Relocate End   
[2026-04-03T03:23:59.163+0600][35.041s][info][gc,alloc    ] GC(44) Y: Allocation Stalls:          0                0                0                0         
[2026-04-03T03:23:59.163+0600][35.041s][info][gc,load     ] GC(44) Y: Load: 4.07 (34%) / 4.61 (38%) / 5.22 (43%)
[2026-04-03T03:23:59.163+0600][35.041s][info][gc,mmu      ] GC(44) Y: MMU: 2ms/89.7%, 5ms/95.9%, 10ms/97.9%, 20ms/98.8%, 50ms/99.4%, 100ms/99.7%
[2026-04-03T03:23:59.163+0600][35.041s][info][gc,marking  ] GC(44) Y: Mark: 2 stripe(s), 10 proactive flush(es), 1 terminate flush(es), 0 completion(s), 0 continuation(s) 
[2026-04-03T03:23:59.163+0600][35.041s][info][gc,marking  ] GC(44) Y: Mark Stack Usage: 32M
[2026-04-03T03:23:59.163+0600][35.041s][info][gc,nmethod  ] GC(44) Y: NMethods: 5802 registered, 1027 unregistered
[2026-04-03T03:23:59.163+0600][35.041s][info][gc,metaspace] GC(44) Y: Metaspace: 68M used, 69M committed, 1088M reserved
[2026-04-03T03:23:59.163+0600][35.041s][info][gc,reloc    ] GC(44) Y:                        Candidates     Selected     In-Place         Size        Empty    Relocated 
[2026-04-03T03:23:59.163+0600][35.041s][info][gc,reloc    ] GC(44) Y: Small Pages:                   68           54            0         136M           0M          17M 
[2026-04-03T03:23:59.163+0600][35.041s][info][gc,reloc    ] GC(44) Y: Medium Pages:                   2            0            0          64M          64M           0M 
[2026-04-03T03:23:59.163+0600][35.041s][info][gc,reloc    ] GC(44) Y: Large Pages:                    6            0            0          48M          18M           0M 
[2026-04-03T03:23:59.163+0600][35.041s][info][gc,reloc    ] GC(44) Y: Forwarding Usage: 24M
[2026-04-03T03:23:59.163+0600][35.041s][info][gc,reloc    ] GC(44) Y: Age Table:
[2026-04-03T03:23:59.163+0600][35.041s][info][gc,reloc    ] GC(44) Y:                    Live             Garbage             Small              Medium             Large        
[2026-04-03T03:23:59.163+0600][35.041s][info][gc,reloc    ] GC(44) Y: Eden              51M (4%)          152M (12%)         62 / 49             1 / 0              6 / 0        
[2026-04-03T03:23:59.163+0600][35.041s][info][gc,reloc    ] GC(44) Y: Survivor 1         2M (0%)           41M (3%)           6 / 5              1 / 0              0 / 0        
[2026-04-03T03:23:59.163+0600][35.041s][info][gc,heap     ] GC(44) Y: Min Capacity: 8M(1%)
[2026-04-03T03:23:59.163+0600][35.041s][info][gc,heap     ] GC(44) Y: Max Capacity: 1250M(100%)
[2026-04-03T03:23:59.163+0600][35.041s][info][gc,heap     ] GC(44) Y: Soft Max Capacity: 1250M(100%)
[2026-04-03T03:23:59.163+0600][35.041s][info][gc,heap     ] GC(44) Y: Heap Statistics:
[2026-04-03T03:23:59.163+0600][35.041s][info][gc,heap     ] GC(44) Y:                Mark Start          Mark End        Relocate Start      Relocate End           High               Low         
[2026-04-03T03:23:59.163+0600][35.041s][info][gc,heap     ] GC(44) Y:  Capacity:     1250M (100%)       1250M (100%)       1250M (100%)       1250M (100%)       1250M (100%)       1250M (100%)   
[2026-04-03T03:23:59.163+0600][35.041s][info][gc,heap     ] GC(44) Y:      Free:      570M (46%)         526M (42%)         596M (48%)         656M (52%)         660M (53%)         526M (42%)    
[2026-04-03T03:23:59.163+0600][35.041s][info][gc,heap     ] GC(44) Y:      Used:      680M (54%)         724M (58%)         654M (52%)         594M (48%)         724M (58%)         590M (47%)    
[2026-04-03T03:23:59.163+0600][35.041s][info][gc,heap     ] GC(44) Y: Young Generation Statistics:
[2026-04-03T03:23:59.163+0600][35.041s][info][gc,heap     ] GC(44) Y:                Mark Start          Mark End        Relocate Start      Relocate End    
[2026-04-03T03:23:59.163+0600][35.041s][info][gc,heap     ] GC(44) Y:      Used:      248M (20%)         292M (23%)         222M (18%)         162M (13%)    
[2026-04-03T03:23:59.163+0600][35.041s][info][gc,heap     ] GC(44) Y:      Live:         -                53M (4%)           53M (4%)           53M (4%)     
[2026-04-03T03:23:59.163+0600][35.041s][info][gc,heap     ] GC(44) Y:   Garbage:         -               194M (16%)         112M (9%)            1M (0%)     
[2026-04-03T03:23:59.163+0600][35.041s][info][gc,heap     ] GC(44) Y: Allocated:         -                44M (4%)           56M (4%)          107M (9%)     
[2026-04-03T03:23:59.163+0600][35.041s][info][gc,heap     ] GC(44) Y: Reclaimed:         -                  -                82M (7%)          193M (15%)    
[2026-04-03T03:23:59.163+0600][35.041s][info][gc,heap     ] GC(44) Y:  Promoted:         -                  -                 0M (0%)            0M (0%)     
[2026-04-03T03:23:59.163+0600][35.041s][info][gc,heap     ] GC(44) Y: Compacted:         -                  -                  -                22M (2%)     
[2026-04-03T03:23:59.163+0600][35.041s][info][gc,phases   ] GC(44) Y: Young Generation 680M(54%)->594M(48%) 0.228s
[2026-04-03T03:23:59.163+0600][35.041s][info][gc,phases   ] GC(44) O: Old Generation
[2026-04-03T03:23:59.281+0600][35.159s][info][gc          ] GC(45) Minor Collection (Allocation Rate)
[2026-04-03T03:23:59.281+0600][35.159s][info][gc,task     ] GC(45) Using 2 Workers for Young Generation
[2026-04-03T03:23:59.281+0600][35.159s][info][gc,phases   ] GC(45) y: Young Generation
[2026-04-03T03:23:59.281+0600][35.159s][info][gc,phases   ] GC(45) y: Pause Mark Start 0.031ms
[2026-04-03T03:23:59.297+0600][35.175s][info][gc,phases   ] GC(45) y: Concurrent Mark 15.330ms
[2026-04-03T03:23:59.297+0600][35.175s][info][gc,phases   ] GC(45) y: Pause Mark End 0.030ms
[2026-04-03T03:23:59.297+0600][35.175s][info][gc,phases   ] GC(45) y: Concurrent Mark Free 0.002ms
[2026-04-03T03:23:59.298+0600][35.175s][info][gc,phases   ] GC(45) y: Concurrent Reset Relocation Set 0.023ms
[2026-04-03T03:23:59.303+0600][35.181s][info][gc,reloc    ] GC(45) y: Using tenuring threshold: 1 (Computed)
[2026-04-03T03:23:59.307+0600][35.185s][info][gc,phases   ] GC(45) y: Concurrent Select Relocation Set 9.880ms
[2026-04-03T03:23:59.308+0600][35.186s][info][gc,phases   ] GC(45) y: Pause Relocate Start 0.056ms
[2026-04-03T03:23:59.311+0600][35.189s][info][gc,phases   ] GC(45) y: Concurrent Relocate 3.489ms
[2026-04-03T03:23:59.312+0600][35.189s][info][gc,alloc    ] GC(45) y:                         Mark Start        Mark End      Relocate Start    Relocate End   
[2026-04-03T03:23:59.312+0600][35.189s][info][gc,alloc    ] GC(45) y: Allocation Stalls:          0                0                0                0         
[2026-04-03T03:23:59.312+0600][35.189s][info][gc,load     ] GC(45) y: Load: 4.07 (34%) / 4.61 (38%) / 5.22 (43%)
[2026-04-03T03:23:59.312+0600][35.189s][info][gc,mmu      ] GC(45) y: MMU: 2ms/89.7%, 5ms/95.9%, 10ms/97.9%, 20ms/98.8%, 50ms/99.4%, 100ms/99.7%
[2026-04-03T03:23:59.312+0600][35.189s][info][gc,marking  ] GC(45) y: Mark: 2 stripe(s), 3 proactive flush(es), 1 terminate flush(es), 0 completion(s), 0 continuation(s) 
[2026-04-03T03:23:59.312+0600][35.189s][info][gc,marking  ] GC(45) y: Mark Stack Usage: 32M
[2026-04-03T03:23:59.312+0600][35.189s][info][gc,nmethod  ] GC(45) y: NMethods: 5917 registered, 1027 unregistered
[2026-04-03T03:23:59.312+0600][35.189s][info][gc,metaspace] GC(45) y: Metaspace: 68M used, 69M committed, 1088M reserved
[2026-04-03T03:23:59.312+0600][35.189s][info][gc,reloc    ] GC(45) y:                        Candidates     Selected     In-Place         Size        Empty    Relocated 
[2026-04-03T03:23:59.312+0600][35.190s][info][gc,reloc    ] GC(45) y: Small Pages:                   97           30            0         194M         132M           1M 
[2026-04-03T03:23:59.312+0600][35.190s][info][gc,reloc    ] GC(45) y: Medium Pages:                   1            0            0          32M          32M           0M 
[2026-04-03T03:23:59.312+0600][35.190s][info][gc,reloc    ] GC(45) y: Large Pages:                    4            0            0          36M          36M           0M 
[2026-04-03T03:23:59.312+0600][35.190s][info][gc,reloc    ] GC(45) y: Forwarding Usage: 0M
[2026-04-03T03:23:59.312+0600][35.190s][info][gc,reloc    ] GC(45) y: Age Table:
[2026-04-03T03:23:59.312+0600][35.190s][info][gc,reloc    ] GC(45) y:                    Live             Garbage             Small              Medium             Large        
[2026-04-03T03:23:59.312+0600][35.190s][info][gc,reloc    ] GC(45) y: Eden               1M (0%)          190M (15%)         77 / 25             1 / 0              1 / 0        
[2026-04-03T03:23:59.312+0600][35.190s][info][gc,reloc    ] GC(45) y: Survivor 1         0M (0%)           55M (4%)          13 / 1              0 / 0              3 / 0        
[2026-04-03T03:23:59.312+0600][35.190s][info][gc,reloc    ] GC(45) y: Survivor 2         0M (0%)           13M (1%)           7 / 4              0 / 0              0 / 0        
[2026-04-03T03:23:59.312+0600][35.190s][info][gc,heap     ] GC(45) y: Min Capacity: 8M(1%)
[2026-04-03T03:23:59.312+0600][35.190s][info][gc,heap     ] GC(45) y: Max Capacity: 1250M(100%)
[2026-04-03T03:23:59.312+0600][35.190s][info][gc,heap     ] GC(45) y: Soft Max Capacity: 1250M(100%)
[2026-04-03T03:23:59.312+0600][35.190s][info][gc,heap     ] GC(45) y: Heap Statistics:
[2026-04-03T03:23:59.312+0600][35.190s][info][gc,heap     ] GC(45) y:                Mark Start          Mark End        Relocate Start      Relocate End           High               Low         
[2026-04-03T03:23:59.312+0600][35.190s][info][gc,heap     ] GC(45) y:  Capacity:     1250M (100%)       1250M (100%)       1250M (100%)       1250M (100%)       1250M (100%)       1250M (100%)   
[2026-04-03T03:23:59.312+0600][35.190s][info][gc,heap     ] GC(45) y:      Free:      556M (44%)         504M (40%)         696M (56%)         744M (60%)         744M (60%)         504M (40%)    
[2026-04-03T03:23:59.312+0600][35.190s][info][gc,heap     ] GC(45) y:      Used:      694M (56%)         746M (60%)         554M (44%)         506M (40%)         746M (60%)         506M (40%)    
[2026-04-03T03:23:59.312+0600][35.190s][info][gc,heap     ] GC(45) y: Young Generation Statistics:
[2026-04-03T03:23:59.312+0600][35.190s][info][gc,heap     ] GC(45) y:                Mark Start          Mark End        Relocate Start      Relocate End    
[2026-04-03T03:23:59.312+0600][35.190s][info][gc,heap     ] GC(45) y:      Used:      262M (21%)         314M (25%)         122M (10%)          70M (6%)     
[2026-04-03T03:23:59.312+0600][35.190s][info][gc,heap     ] GC(45) y:      Live:         -                 1M (0%)            1M (0%)            1M (0%)     
[2026-04-03T03:23:59.312+0600][35.190s][info][gc,heap     ] GC(45) y:   Garbage:         -               260M (21%)          60M (5%)            0M (0%)     
[2026-04-03T03:23:59.312+0600][35.190s][info][gc,heap     ] GC(45) y: Allocated:         -                52M (4%)           60M (5%)           68M (5%)     
[2026-04-03T03:23:59.312+0600][35.190s][info][gc,heap     ] GC(45) y: Reclaimed:         -                  -               200M (16%)         260M (21%)    
[2026-04-03T03:23:59.312+0600][35.190s][info][gc,heap     ] GC(45) y:  Promoted:         -                  -                 0M (0%)            0M (0%)     
[2026-04-03T03:23:59.312+0600][35.190s][info][gc,heap     ] GC(45) y: Compacted:         -                  -                  -                 1M (0%)     
[2026-04-03T03:23:59.312+0600][35.190s][info][gc,phases   ] GC(45) y: Young Generation 694M(56%)->506M(40%) 0.031s
[2026-04-03T03:23:59.312+0600][35.190s][info][gc          ] GC(45) Minor Collection (Allocation Rate) 694M(56%)->506M(40%) 0.031s
[2026-04-03T03:23:59.544+0600][35.422s][info][gc          ] GC(46) Minor Collection (Allocation Rate)
[2026-04-03T03:23:59.544+0600][35.422s][info][gc,task     ] GC(46) Using 2 Workers for Young Generation
[2026-04-03T03:23:59.544+0600][35.422s][info][gc,phases   ] GC(46) y: Young Generation
[2026-04-03T03:23:59.545+0600][35.423s][info][gc,phases   ] GC(46) y: Pause Mark Start 0.048ms
[2026-04-03T03:23:59.747+0600][35.625s][info][gc,phases   ] GC(46) y: Concurrent Mark 202.093ms
[2026-04-03T03:23:59.748+0600][35.625s][info][gc,phases   ] GC(46) y: Pause Mark End 0.097ms
[2026-04-03T03:23:59.748+0600][35.626s][info][gc,phases   ] GC(46) y: Concurrent Mark Free 0.003ms
[2026-04-03T03:23:59.748+0600][35.626s][info][gc,phases   ] GC(46) y: Concurrent Reset Relocation Set 0.007ms
[2026-04-03T03:23:59.755+0600][35.633s][info][gc,reloc    ] GC(46) y: Using tenuring threshold: 2 (Computed)
[2026-04-03T03:23:59.775+0600][35.652s][info][gc,phases   ] GC(46) y: Concurrent Select Relocation Set 26.593ms
[2026-04-03T03:23:59.775+0600][35.653s][info][gc,phases   ] GC(46) y: Pause Relocate Start 0.029ms
[2026-04-03T03:23:59.871+0600][35.748s][info][gc,phases   ] GC(46) y: Concurrent Relocate 95.559ms
[2026-04-03T03:23:59.871+0600][35.749s][info][gc,alloc    ] GC(46) y:                         Mark Start        Mark End      Relocate Start    Relocate End   
[2026-04-03T03:23:59.871+0600][35.749s][info][gc,alloc    ] GC(46) y: Allocation Stalls:          0                0                0                0         
[2026-04-03T03:23:59.871+0600][35.749s][info][gc,load     ] GC(46) y: Load: 4.07 (34%) / 4.61 (38%) / 5.22 (43%)
[2026-04-03T03:23:59.871+0600][35.749s][info][gc,mmu      ] GC(46) y: MMU: 2ms/89.7%, 5ms/95.9%, 10ms/97.9%, 20ms/98.8%, 50ms/99.4%, 100ms/99.7%
[2026-04-03T03:23:59.871+0600][35.749s][info][gc,marking  ] GC(46) y: Mark: 2 stripe(s), 10 proactive flush(es), 1 terminate flush(es), 0 completion(s), 0 continuation(s) 
[2026-04-03T03:23:59.871+0600][35.749s][info][gc,marking  ] GC(46) y: Mark Stack Usage: 32M
[2026-04-03T03:23:59.871+0600][35.749s][info][gc,nmethod  ] GC(46) y: NMethods: 5939 registered, 1027 unregistered
[2026-04-03T03:23:59.871+0600][35.749s][info][gc,metaspace] GC(46) y: Metaspace: 68M used, 69M committed, 1088M reserved
[2026-04-03T03:23:59.871+0600][35.749s][info][gc,reloc    ] GC(46) y:                        Candidates     Selected     In-Place         Size        Empty    Relocated 
[2026-04-03T03:23:59.871+0600][35.749s][info][gc,reloc    ] GC(46) y: Small Pages:                   64           51            0         128M           0M          15M 
[2026-04-03T03:23:59.871+0600][35.749s][info][gc,reloc    ] GC(46) y: Medium Pages:                   1            0            0          32M          32M           0M 
[2026-04-03T03:23:59.871+0600][35.749s][info][gc,reloc    ] GC(46) y: Large Pages:                    5            0            0          38M           0M           0M 
[2026-04-03T03:23:59.871+0600][35.749s][info][gc,reloc    ] GC(46) y: Forwarding Usage: 23M
[2026-04-03T03:23:59.871+0600][35.749s][info][gc,reloc    ] GC(46) y: Age Table:
[2026-04-03T03:23:59.871+0600][35.749s][info][gc,reloc    ] GC(46) y:                    Live             Garbage             Small              Medium             Large        
[2026-04-03T03:23:59.871+0600][35.749s][info][gc,reloc    ] GC(46) y: Eden              58M (5%)          129M (10%)         59 / 47             1 / 0              5 / 0        
[2026-04-03T03:23:59.871+0600][35.749s][info][gc,reloc    ] GC(46) y: Survivor 1         0M (0%)            9M (1%)           5 / 4              0 / 0              0 / 0        
[2026-04-03T03:23:59.871+0600][35.749s][info][gc,heap     ] GC(46) y: Min Capacity: 8M(1%)
[2026-04-03T03:23:59.871+0600][35.749s][info][gc,heap     ] GC(46) y: Max Capacity: 1250M(100%)
[2026-04-03T03:23:59.871+0600][35.749s][info][gc,heap     ] GC(46) y: Soft Max Capacity: 1250M(100%)
[2026-04-03T03:23:59.871+0600][35.749s][info][gc,heap     ] GC(46) y: Heap Statistics:
[2026-04-03T03:23:59.871+0600][35.749s][info][gc,heap     ] GC(46) y:                Mark Start          Mark End        Relocate Start      Relocate End           High               Low         
[2026-04-03T03:23:59.871+0600][35.749s][info][gc,heap     ] GC(46) y:  Capacity:     1250M (100%)       1250M (100%)       1250M (100%)       1250M (100%)       1250M (100%)       1250M (100%)   
[2026-04-03T03:23:59.871+0600][35.749s][info][gc,heap     ] GC(46) y:      Free:      616M (49%)         552M (44%)         578M (46%)         644M (52%)         646M (52%)         550M (44%)    
[2026-04-03T03:23:59.871+0600][35.749s][info][gc,heap     ] GC(46) y:      Used:      634M (51%)         698M (56%)         672M (54%)         606M (48%)         700M (56%)         604M (48%)    
[2026-04-03T03:23:59.871+0600][35.749s][info][gc,heap     ] GC(46) y: Young Generation Statistics:
[2026-04-03T03:23:59.871+0600][35.749s][info][gc,heap     ] GC(46) y:                Mark Start          Mark End        Relocate Start      Relocate End    
[2026-04-03T03:23:59.871+0600][35.749s][info][gc,heap     ] GC(46) y:      Used:      198M (16%)         262M (21%)         236M (19%)         170M (14%)    
[2026-04-03T03:23:59.871+0600][35.749s][info][gc,heap     ] GC(46) y:      Live:         -                59M (5%)           59M (5%)           59M (5%)     
[2026-04-03T03:23:59.871+0600][35.749s][info][gc,heap     ] GC(46) y:   Garbage:         -               138M (11%)         106M (8%)            0M (0%)     
[2026-04-03T03:23:59.871+0600][35.749s][info][gc,heap     ] GC(46) y: Allocated:         -                64M (5%)           70M (6%)          110M (9%)     
[2026-04-03T03:23:59.871+0600][35.749s][info][gc,heap     ] GC(46) y: Reclaimed:         -                  -                32M (3%)          138M (11%)    
[2026-04-03T03:23:59.871+0600][35.749s][info][gc,heap     ] GC(46) y:  Promoted:         -                  -                 0M (0%)            0M (0%)     
[2026-04-03T03:23:59.871+0600][35.749s][info][gc,heap     ] GC(46) y: Compacted:         -                  -                  -                21M (2%)     
[2026-04-03T03:23:59.871+0600][35.749s][info][gc,phases   ] GC(46) y: Young Generation 634M(51%)->606M(48%) 0.326s
[2026-04-03T03:23:59.871+0600][35.749s][info][gc          ] GC(46) Minor Collection (Allocation Rate) 634M(51%)->606M(48%) 0.327s
[2026-04-03T03:23:59.921+0600][35.798s][info][gc,task     ] Adjusting Workers for Old Generation: 1 -> 2
[2026-04-03T03:23:59.921+0600][35.799s][info][gc          ] GC(47) Minor Collection (Allocation Rate)
[2026-04-03T03:23:59.921+0600][35.799s][info][gc,task     ] GC(47) Using 1 Workers for Young Generation
[2026-04-03T03:23:59.921+0600][35.799s][info][gc,phases   ] GC(47) y: Young Generation
[2026-04-03T03:23:59.921+0600][35.799s][info][gc,phases   ] GC(47) y: Pause Mark Start 0.031ms
[2026-04-03T03:24:00.052+0600][35.930s][info][gc,phases   ] GC(44) O: Concurrent Mark 888.784ms
[2026-04-03T03:24:00.052+0600][35.930s][info][gc,phases   ] GC(44) O: Pause Mark End 0.034ms
[2026-04-03T03:24:00.053+0600][35.930s][info][gc,phases   ] GC(44) O: Concurrent Mark Free 0.003ms
[2026-04-03T03:24:00.069+0600][35.946s][info][gc,phases   ] GC(44) O: Concurrent Process Non-Strong 15.974ms
[2026-04-03T03:24:00.069+0600][35.947s][info][gc,phases   ] GC(44) O: Concurrent Reset Relocation Set 0.022ms
[2026-04-03T03:24:00.084+0600][35.962s][info][gc,phases   ] GC(44) O: Concurrent Select Relocation Set 15.643ms
[2026-04-03T03:24:00.284+0600][36.161s][info][gc,phases   ] GC(47) y: Concurrent Mark 362.194ms
[2026-04-03T03:24:00.284+0600][36.162s][info][gc,phases   ] GC(47) y: Pause Mark End 0.026ms
[2026-04-03T03:24:00.284+0600][36.162s][info][gc,phases   ] GC(47) y: Concurrent Mark Free 0.003ms
[2026-04-03T03:24:00.284+0600][36.162s][info][gc,phases   ] GC(47) y: Concurrent Reset Relocation Set 0.013ms
[2026-04-03T03:24:00.286+0600][36.164s][info][gc,reloc    ] GC(47) y: Using tenuring threshold: 1 (Computed)
[2026-04-03T03:24:00.345+0600][36.223s][info][gc,phases   ] GC(47) y: Concurrent Select Relocation Set 61.163ms
[2026-04-03T03:24:00.346+0600][36.223s][info][gc,phases   ] GC(47) y: Pause Relocate Start 0.050ms
[2026-04-03T03:24:00.525+0600][36.403s][info][gc,phases   ] GC(47) y: Concurrent Relocate 179.206ms
[2026-04-03T03:24:00.525+0600][36.403s][info][gc,alloc    ] GC(47) y:                         Mark Start        Mark End      Relocate Start    Relocate End   
[2026-04-03T03:24:00.525+0600][36.403s][info][gc,alloc    ] GC(47) y: Allocation Stalls:          0                0                0                0         
[2026-04-03T03:24:00.525+0600][36.403s][info][gc,load     ] GC(47) y: Load: 4.15 (35%) / 4.62 (38%) / 5.21 (43%)
[2026-04-03T03:24:00.525+0600][36.403s][info][gc,mmu      ] GC(47) y: MMU: 2ms/89.7%, 5ms/95.9%, 10ms/97.9%, 20ms/98.8%, 50ms/99.4%, 100ms/99.7%
[2026-04-03T03:24:00.525+0600][36.403s][info][gc,marking  ] GC(47) y: Mark: 1 stripe(s), 2 proactive flush(es), 1 terminate flush(es), 0 completion(s), 0 continuation(s) 
[2026-04-03T03:24:00.525+0600][36.403s][info][gc,marking  ] GC(47) y: Mark Stack Usage: 32M
[2026-04-03T03:24:00.525+0600][36.403s][info][gc,nmethod  ] GC(47) y: NMethods: 6027 registered, 1075 unregistered
[2026-04-03T03:24:00.525+0600][36.403s][info][gc,metaspace] GC(47) y: Metaspace: 69M used, 70M committed, 1088M reserved
[2026-04-03T03:24:00.525+0600][36.403s][info][gc,reloc    ] GC(47) y:                        Candidates     Selected     In-Place         Size        Empty    Relocated 
[2026-04-03T03:24:00.525+0600][36.403s][info][gc,reloc    ] GC(47) y: Small Pages:                   68           38            0         136M          30M           9M 
[2026-04-03T03:24:00.525+0600][36.403s][info][gc,reloc    ] GC(47) y: Medium Pages:                   0            0            0           0M           0M           0M 
[2026-04-03T03:24:00.525+0600][36.403s][info][gc,reloc    ] GC(47) y: Large Pages:                    6            0            0          48M          18M           0M 
[2026-04-03T03:24:00.525+0600][36.403s][info][gc,reloc    ] GC(47) y: Forwarding Usage: 11M
[2026-04-03T03:24:00.525+0600][36.403s][info][gc,reloc    ] GC(47) y: Age Table:
[2026-04-03T03:24:00.525+0600][36.403s][info][gc,reloc    ] GC(47) y:                    Live             Garbage             Small              Medium             Large        
[2026-04-03T03:24:00.525+0600][36.403s][info][gc,reloc    ] GC(47) y: Eden              18M (1%)           89M (7%)          49 / 29             0 / 0              1 / 0        
[2026-04-03T03:24:00.525+0600][36.403s][info][gc,reloc    ] GC(47) y: Survivor 1        34M (3%)           31M (2%)          14 / 5              0 / 0              5 / 0        
[2026-04-03T03:24:00.525+0600][36.403s][info][gc,reloc    ] GC(47) y: Survivor 2         0M (0%)            9M (1%)           5 / 4              0 / 0              0 / 0        
[2026-04-03T03:24:00.525+0600][36.403s][info][gc,heap     ] GC(47) y: Min Capacity: 8M(1%)
[2026-04-03T03:24:00.525+0600][36.403s][info][gc,heap     ] GC(47) y: Max Capacity: 1250M(100%)
[2026-04-03T03:24:00.525+0600][36.403s][info][gc,heap     ] GC(47) y: Soft Max Capacity: 1250M(100%)
[2026-04-03T03:24:00.525+0600][36.403s][info][gc,heap     ] GC(47) y: Heap Statistics:
[2026-04-03T03:24:00.525+0600][36.403s][info][gc,heap     ] GC(47) y:                Mark Start          Mark End        Relocate Start      Relocate End           High               Low         
[2026-04-03T03:24:00.525+0600][36.403s][info][gc,heap     ] GC(47) y:  Capacity:     1250M (100%)       1250M (100%)       1250M (100%)       1250M (100%)       1250M (100%)       1250M (100%)   
[2026-04-03T03:24:00.525+0600][36.403s][info][gc,heap     ] GC(47) y:      Free:      630M (50%)         684M (55%)         714M (57%)         582M (47%)         778M (62%)         576M (46%)    
[2026-04-03T03:24:00.525+0600][36.403s][info][gc,heap     ] GC(47) y:      Used:      620M (50%)         566M (45%)         536M (43%)         668M (53%)         674M (54%)         472M (38%)    
[2026-04-03T03:24:00.525+0600][36.403s][info][gc,heap     ] GC(47) y: Young Generation Statistics:
[2026-04-03T03:24:00.525+0600][36.403s][info][gc,heap     ] GC(47) y:                Mark Start          Mark End        Relocate Start      Relocate End    
[2026-04-03T03:24:00.525+0600][36.403s][info][gc,heap     ] GC(47) y:      Used:      184M (15%)         332M (27%)         268M (21%)         394M (32%)    
[2026-04-03T03:24:00.525+0600][36.403s][info][gc,heap     ] GC(47) y:      Live:         -                54M (4%)           23M (2%)           18M (1%)     
[2026-04-03T03:24:00.525+0600][36.403s][info][gc,heap     ] GC(47) y:   Garbage:         -               129M (10%)          78M (6%)            0M (0%)     
[2026-04-03T03:24:00.525+0600][36.403s][info][gc,heap     ] GC(47) y: Allocated:         -               148M (12%)         166M (13%)         375M (30%)    
[2026-04-03T03:24:00.525+0600][36.403s][info][gc,heap     ] GC(47) y: Reclaimed:         -                  -                50M (4%)          129M (10%)    
[2026-04-03T03:24:00.526+0600][36.403s][info][gc,heap     ] GC(47) y:  Promoted:         -                  -                31M (2%)           35M (3%)     
[2026-04-03T03:24:00.526+0600][36.403s][info][gc,heap     ] GC(47) y: Compacted:         -                  -                  -                 8M (1%)     
[2026-04-03T03:24:00.526+0600][36.403s][info][gc,phases   ] GC(47) y: Young Generation 618M(49%)->668M(53%) 0.604s
[2026-04-03T03:24:00.526+0600][36.403s][info][gc          ] GC(47) Minor Collection (Allocation Rate) 618M(49%)->670M(54%) 0.605s
[2026-04-03T03:24:00.526+0600][36.403s][info][gc,task     ] GC(44) O: Using 3 Workers for Old Generation
[2026-04-03T03:24:00.539+0600][36.417s][info][gc,task     ] Adjusting Workers for Old Generation: 3 -> 2
[2026-04-03T03:24:00.550+0600][36.428s][info][gc,task     ] GC(44) O: Using 2 Workers for Old Generation
[2026-04-03T03:24:00.550+0600][36.428s][info][gc,phases   ] GC(44) O: Concurrent Remap Roots 24.252ms
[2026-04-03T03:24:00.550+0600][36.428s][info][gc,phases   ] GC(44) O: Pause Relocate Start 0.024ms
[2026-04-03T03:24:00.550+0600][36.428s][info][gc          ] GC(48) Minor Collection (Allocation Rate)
[2026-04-03T03:24:00.551+0600][36.428s][info][gc,task     ] GC(48) Using 1 Workers for Young Generation
[2026-04-03T03:24:00.551+0600][36.428s][info][gc,phases   ] GC(48) y: Young Generation
[2026-04-03T03:24:00.551+0600][36.429s][info][gc,phases   ] GC(48) y: Pause Mark Start 0.050ms
[2026-04-03T03:24:00.554+0600][36.432s][info][gc,phases   ] GC(44) O: Concurrent Relocate 3.609ms
[2026-04-03T03:24:00.633+0600][36.511s][info][gc,task     ] Adjusting Workers for Young Generation: 1 -> 3
[2026-04-03T03:24:00.696+0600][36.573s][info][gc,phases   ] GC(48) y: Concurrent Mark 144.403ms
[2026-04-03T03:24:00.696+0600][36.574s][info][gc,phases   ] GC(48) y: Pause Mark End 0.035ms
[2026-04-03T03:24:00.696+0600][36.574s][info][gc,phases   ] GC(48) y: Concurrent Mark Free 0.004ms
[2026-04-03T03:24:00.696+0600][36.574s][info][gc,phases   ] GC(48) y: Concurrent Reset Relocation Set 0.044ms
[2026-04-03T03:24:00.700+0600][36.578s][info][gc,reloc    ] GC(48) y: Using tenuring threshold: 2 (Computed)
[2026-04-03T03:24:00.705+0600][36.583s][info][gc,phases   ] GC(48) y: Concurrent Select Relocation Set 9.074ms
[2026-04-03T03:24:00.706+0600][36.583s][info][gc,phases   ] GC(48) y: Pause Relocate Start 0.052ms
[2026-04-03T03:24:00.744+0600][36.621s][info][gc,phases   ] GC(48) y: Concurrent Relocate 37.821ms
[2026-04-03T03:24:00.744+0600][36.621s][info][gc,alloc    ] GC(48) y:                         Mark Start        Mark End      Relocate Start    Relocate End   
[2026-04-03T03:24:00.744+0600][36.621s][info][gc,alloc    ] GC(48) y: Allocation Stalls:          0                0                0                0         
[2026-04-03T03:24:00.744+0600][36.621s][info][gc,load     ] GC(48) y: Load: 4.15 (35%) / 4.62 (38%) / 5.21 (43%)
[2026-04-03T03:24:00.744+0600][36.621s][info][gc,mmu      ] GC(48) y: MMU: 2ms/89.7%, 5ms/95.9%, 10ms/97.9%, 20ms/98.8%, 50ms/99.4%, 100ms/99.7%
[2026-04-03T03:24:00.744+0600][36.621s][info][gc,marking  ] GC(48) y: Mark: 1 stripe(s), 9 proactive flush(es), 1 terminate flush(es), 0 completion(s), 0 continuation(s) 
[2026-04-03T03:24:00.744+0600][36.621s][info][gc,marking  ] GC(48) y: Mark Stack Usage: 32M
[2026-04-03T03:24:00.744+0600][36.621s][info][gc,nmethod  ] GC(48) y: NMethods: 6032 registered, 1075 unregistered
[2026-04-03T03:24:00.744+0600][36.621s][info][gc,metaspace] GC(48) y: Metaspace: 69M used, 70M committed, 1088M reserved
[2026-04-03T03:24:00.744+0600][36.622s][info][gc,reloc    ] GC(48) y:                        Candidates     Selected     In-Place         Size        Empty    Relocated 
[2026-04-03T03:24:00.744+0600][36.622s][info][gc,reloc    ] GC(48) y: Small Pages:                  195          128            0         390M         100M          18M 
[2026-04-03T03:24:00.744+0600][36.622s][info][gc,reloc    ] GC(48) y: Medium Pages:                   1            0            0          32M           0M           0M 
[2026-04-03T03:24:00.744+0600][36.622s][info][gc,reloc    ] GC(48) y: Large Pages:                    2            0            0          16M           6M           0M 
[2026-04-03T03:24:00.744+0600][36.622s][info][gc,reloc    ] GC(48) y: Forwarding Usage: 20M
[2026-04-03T03:24:00.744+0600][36.622s][info][gc,reloc    ] GC(48) y: Age Table:
[2026-04-03T03:24:00.744+0600][36.622s][info][gc,reloc    ] GC(48) y:                    Live             Garbage             Small              Medium             Large        
[2026-04-03T03:24:00.744+0600][36.622s][info][gc,reloc    ] GC(48) y: Eden              24M (2%)          391M (31%)        189 / 127            1 / 0              1 / 0        
[2026-04-03T03:24:00.744+0600][36.622s][info][gc,reloc    ] GC(48) y: Survivor 1        17M (1%)            4M (0%)           6 / 1              0 / 0              1 / 0        
[2026-04-03T03:24:00.744+0600][36.622s][info][gc,heap     ] GC(48) y: Min Capacity: 8M(1%)
[2026-04-03T03:24:00.744+0600][36.622s][info][gc,heap     ] GC(48) y: Max Capacity: 1250M(100%)
[2026-04-03T03:24:00.744+0600][36.622s][info][gc,heap     ] GC(48) y: Soft Max Capacity: 1250M(100%)
[2026-04-03T03:24:00.744+0600][36.622s][info][gc,heap     ] GC(48) y: Heap Statistics:
[2026-04-03T03:24:00.744+0600][36.622s][info][gc,heap     ] GC(48) y:                Mark Start          Mark End        Relocate Start      Relocate End           High               Low         
[2026-04-03T03:24:00.744+0600][36.622s][info][gc,heap     ] GC(48) y:  Capacity:     1250M (100%)       1250M (100%)       1250M (100%)       1250M (100%)       1250M (100%)       1250M (100%)   
[2026-04-03T03:24:00.744+0600][36.622s][info][gc,heap     ] GC(48) y:      Free:      538M (43%)         238M (19%)         330M (26%)         524M (42%)         550M (44%)         232M (19%)    
[2026-04-03T03:24:00.744+0600][36.622s][info][gc,heap     ] GC(48) y:      Used:      712M (57%)        1012M (81%)         920M (74%)         726M (58%)        1018M (81%)         700M (56%)    
[2026-04-03T03:24:00.744+0600][36.622s][info][gc,heap     ] GC(48) y: Young Generation Statistics:
[2026-04-03T03:24:00.744+0600][36.622s][info][gc,heap     ] GC(48) y:                Mark Start          Mark End        Relocate Start      Relocate End    
[2026-04-03T03:24:00.744+0600][36.622s][info][gc,heap     ] GC(48) y:      Used:      438M (35%)         756M (60%)         664M (53%)         470M (38%)    
[2026-04-03T03:24:00.744+0600][36.622s][info][gc,heap     ] GC(48) y:      Live:         -                41M (3%)           41M (3%)           41M (3%)     
[2026-04-03T03:24:00.744+0600][36.622s][info][gc,heap     ] GC(48) y:   Garbage:         -               396M (32%)         290M (23%)          29M (2%)     
[2026-04-03T03:24:00.744+0600][36.622s][info][gc,heap     ] GC(48) y: Allocated:         -               318M (25%)         332M (27%)         398M (32%)    
[2026-04-03T03:24:00.744+0600][36.622s][info][gc,heap     ] GC(48) y: Reclaimed:         -                  -               106M (8%)          366M (29%)    
[2026-04-03T03:24:00.744+0600][36.622s][info][gc,heap     ] GC(48) y:  Promoted:         -                  -                 0M (0%)            0M (0%)     
[2026-04-03T03:24:00.744+0600][36.622s][info][gc,heap     ] GC(48) y: Compacted:         -                  -                  -                21M (2%)     
[2026-04-03T03:24:00.744+0600][36.622s][info][gc,phases   ] GC(48) y: Young Generation 720M(58%)->726M(58%) 0.193s
[2026-04-03T03:24:00.744+0600][36.622s][info][gc          ] GC(48) Minor Collection (Allocation Rate) 720M(58%)->728M(58%) 0.194s
[2026-04-03T03:24:00.744+0600][36.622s][info][gc,alloc    ] GC(44) O:                         Mark Start        Mark End      Relocate Start    Relocate End   
[2026-04-03T03:24:00.745+0600][36.622s][info][gc,alloc    ] GC(44) O: Allocation Stalls:          0                0                0                0         
[2026-04-03T03:24:00.745+0600][36.622s][info][gc,load     ] GC(44) O: Load: 4.15 (35%) / 4.62 (38%) / 5.21 (43%)
[2026-04-03T03:24:00.745+0600][36.622s][info][gc,mmu      ] GC(44) O: MMU: 2ms/89.7%, 5ms/95.9%, 10ms/97.9%, 20ms/98.8%, 50ms/99.4%, 100ms/99.7%
[2026-04-03T03:24:00.745+0600][36.622s][info][gc,marking  ] GC(44) O: Mark: 1 stripe(s), 3 proactive flush(es), 1 terminate flush(es), 0 completion(s), 0 continuation(s) 
[2026-04-03T03:24:00.745+0600][36.622s][info][gc,marking  ] GC(44) O: Mark Stack Usage: 32M
[2026-04-03T03:24:00.745+0600][36.622s][info][gc,nmethod  ] GC(44) O: NMethods: 6032 registered, 1075 unregistered
[2026-04-03T03:24:00.745+0600][36.622s][info][gc,metaspace] GC(44) O: Metaspace: 69M used, 70M committed, 1088M reserved
[2026-04-03T03:24:00.745+0600][36.622s][info][gc,ref      ] GC(44) O:                       Encountered   Discovered     Enqueued 
[2026-04-03T03:24:00.745+0600][36.622s][info][gc,ref      ] GC(44) O: Soft References:             5140            0            0 
[2026-04-03T03:24:00.745+0600][36.622s][info][gc,ref      ] GC(44) O: Weak References:             7488         4423          290 
[2026-04-03T03:24:00.745+0600][36.622s][info][gc,ref      ] GC(44) O: Final References:              82           48            0 
[2026-04-03T03:24:00.745+0600][36.622s][info][gc,ref      ] GC(44) O: Phantom References:           603          586            0 
[2026-04-03T03:24:00.745+0600][36.622s][info][gc,reloc    ] GC(44) O:                        Candidates     Selected     In-Place         Size        Empty    Relocated 
[2026-04-03T03:24:00.745+0600][36.622s][info][gc,reloc    ] GC(44) O: Small Pages:                  136           17            0         272M          74M           0M 
[2026-04-03T03:24:00.745+0600][36.622s][info][gc,reloc    ] GC(44) O: Medium Pages:                   3            0            0          96M          64M           0M 
[2026-04-03T03:24:00.745+0600][36.622s][info][gc,reloc    ] GC(44) O: Large Pages:                    4            0            0          64M          64M           0M 
[2026-04-03T03:24:00.745+0600][36.623s][info][gc,reloc    ] GC(44) O: Forwarding Usage: 0M
[2026-04-03T03:24:00.745+0600][36.623s][info][gc,heap     ] GC(44) O: Min Capacity: 8M(1%)
[2026-04-03T03:24:00.745+0600][36.623s][info][gc,heap     ] GC(44) O: Max Capacity: 1250M(100%)
[2026-04-03T03:24:00.745+0600][36.623s][info][gc,heap     ] GC(44) O: Soft Max Capacity: 1250M(100%)
[2026-04-03T03:24:00.745+0600][36.623s][info][gc,heap     ] GC(44) O: Heap Statistics:
[2026-04-03T03:24:00.745+0600][36.623s][info][gc,heap     ] GC(44) O:                Mark Start          Mark End        Relocate Start      Relocate End           High               Low         
[2026-04-03T03:24:00.745+0600][36.623s][info][gc,heap     ] GC(44) O:  Capacity:     1250M (100%)       1250M (100%)       1250M (100%)       1250M (100%)       1250M (100%)       1250M (100%)   
[2026-04-03T03:24:00.745+0600][36.623s][info][gc,heap     ] GC(44) O:      Free:      570M (46%)         588M (47%)         538M (43%)         550M (44%)         778M (62%)         504M (40%)    
[2026-04-03T03:24:00.745+0600][36.623s][info][gc,heap     ] GC(44) O:      Used:      680M (54%)         662M (53%)         712M (57%)         700M (56%)         746M (60%)         472M (38%)    
[2026-04-03T03:24:00.745+0600][36.623s][info][gc,heap     ] GC(44) O: Old Generation Statistics:
[2026-04-03T03:24:00.745+0600][36.623s][info][gc,heap     ] GC(44) O:                Mark Start          Mark End        Relocate Start      Relocate End    
[2026-04-03T03:24:00.745+0600][36.623s][info][gc,heap     ] GC(44) O:      Used:      432M (35%)         436M (35%)         274M (22%)         256M (20%)    
[2026-04-03T03:24:00.745+0600][36.623s][info][gc,heap     ] GC(44) O:      Live:         -               169M (14%)         169M (14%)         169M (14%)    
[2026-04-03T03:24:00.745+0600][36.623s][info][gc,heap     ] GC(44) O:   Garbage:         -               262M (21%)          60M (5%)           25M (2%)     
[2026-04-03T03:24:00.745+0600][36.623s][info][gc,heap     ] GC(44) O: Allocated:         -                 4M (0%)           44M (4%)           61M (5%)     
[2026-04-03T03:24:00.745+0600][36.623s][info][gc,heap     ] GC(44) O: Reclaimed:         -                  -               202M (16%)         237M (19%)    
[2026-04-03T03:24:00.745+0600][36.623s][info][gc,heap     ] GC(44) O: Compacted:         -                  -                  -                 0M (0%)     
[2026-04-03T03:24:00.745+0600][36.623s][info][gc,phases   ] GC(44) O: Old Generation 594M(48%)->700M(56%) 1.581s
[2026-04-03T03:24:00.745+0600][36.623s][info][gc          ] GC(44) Major Collection (Allocation Rate) 680M(54%)->730M(58%) 1.810s
[2026-04-03T03:24:00.747+0600][36.625s][info][gc          ] GC(49) Minor Collection (Allocation Rate)
[2026-04-03T03:24:00.747+0600][36.625s][info][gc,task     ] GC(49) Using 3 Workers for Young Generation
[2026-04-03T03:24:00.747+0600][36.625s][info][gc,phases   ] GC(49) y: Young Generation
[2026-04-03T03:24:00.748+0600][36.625s][info][gc,phases   ] GC(49) y: Pause Mark Start 0.030ms
[2026-04-03T03:24:00.974+0600][36.852s][info][gc,phases   ] GC(49) y: Concurrent Mark 226.266ms
[2026-04-03T03:24:00.974+0600][36.852s][info][gc,phases   ] GC(49) y: Pause Mark End 0.050ms
[2026-04-03T03:24:00.974+0600][36.852s][info][gc,phases   ] GC(49) y: Concurrent Mark Free 0.002ms
[2026-04-03T03:24:00.975+0600][36.852s][info][gc,phases   ] GC(49) y: Concurrent Reset Relocation Set 0.019ms
[2026-04-03T03:24:00.979+0600][36.856s][info][gc,reloc    ] GC(49) y: Using tenuring threshold: 3 (Computed)
[2026-04-03T03:24:00.990+0600][36.867s][info][gc,phases   ] GC(49) y: Concurrent Select Relocation Set 14.975ms
[2026-04-03T03:24:00.990+0600][36.868s][info][gc,phases   ] GC(49) y: Pause Relocate Start 0.024ms
[2026-04-03T03:24:01.066+0600][36.944s][info][gc,phases   ] GC(49) y: Concurrent Relocate 76.098ms
[2026-04-03T03:24:01.066+0600][36.944s][info][gc,alloc    ] GC(49) y:                         Mark Start        Mark End      Relocate Start    Relocate End   
[2026-04-03T03:24:01.066+0600][36.944s][info][gc,alloc    ] GC(49) y: Allocation Stalls:          0                0                0                0         
[2026-04-03T03:24:01.066+0600][36.944s][info][gc,load     ] GC(49) y: Load: 4.15 (35%) / 4.62 (38%) / 5.21 (43%)
[2026-04-03T03:24:01.066+0600][36.944s][info][gc,mmu      ] GC(49) y: MMU: 2ms/89.7%, 5ms/95.9%, 10ms/97.9%, 20ms/98.8%, 50ms/99.4%, 100ms/99.7%
[2026-04-03T03:24:01.066+0600][36.944s][info][gc,marking  ] GC(49) y: Mark: 2 stripe(s), 10 proactive flush(es), 1 terminate flush(es), 0 completion(s), 0 continuation(s) 
[2026-04-03T03:24:01.066+0600][36.944s][info][gc,marking  ] GC(49) y: Mark Stack Usage: 32M
[2026-04-03T03:24:01.066+0600][36.944s][info][gc,nmethod  ] GC(49) y: NMethods: 6045 registered, 1075 unregistered
[2026-04-03T03:24:01.066+0600][36.944s][info][gc,metaspace] GC(49) y: Metaspace: 69M used, 70M committed, 1088M reserved
[2026-04-03T03:24:01.066+0600][36.944s][info][gc,reloc    ] GC(49) y:                        Candidates     Selected     In-Place         Size        Empty    Relocated 
[2026-04-03T03:24:01.066+0600][36.944s][info][gc,reloc    ] GC(49) y: Small Pages:                  193          154            0         386M           0M          36M 
[2026-04-03T03:24:01.066+0600][36.944s][info][gc,reloc    ] GC(49) y: Medium Pages:                   2            0            0          64M          64M           0M 
[2026-04-03T03:24:01.066+0600][36.944s][info][gc,reloc    ] GC(49) y: Large Pages:                    4            0            0          28M           0M           0M 
[2026-04-03T03:24:01.066+0600][36.944s][info][gc,reloc    ] GC(49) y: Forwarding Usage: 40M
[2026-04-03T03:24:01.066+0600][36.944s][info][gc,reloc    ] GC(49) y: Age Table:
[2026-04-03T03:24:01.066+0600][36.944s][info][gc,reloc    ] GC(49) y:                    Live             Garbage             Small              Medium             Large        
[2026-04-03T03:24:01.067+0600][36.944s][info][gc,reloc    ] GC(49) y: Eden              59M (5%)          338M (27%)        174 / 150            1 / 0              3 / 0        
[2026-04-03T03:24:01.067+0600][36.944s][info][gc,reloc    ] GC(49) y: Survivor 1        20M (2%)           39M (3%)          14 / 3              1 / 0              0 / 0        
[2026-04-03T03:24:01.067+0600][36.944s][info][gc,reloc    ] GC(49) y: Survivor 2        17M (1%)            2M (0%)           5 / 1              0 / 0              1 / 0        
[2026-04-03T03:24:01.067+0600][36.944s][info][gc,heap     ] GC(49) y: Min Capacity: 8M(1%)
[2026-04-03T03:24:01.067+0600][36.944s][info][gc,heap     ] GC(49) y: Max Capacity: 1250M(100%)
[2026-04-03T03:24:01.067+0600][36.944s][info][gc,heap     ] GC(49) y: Soft Max Capacity: 1250M(100%)
[2026-04-03T03:24:01.067+0600][36.944s][info][gc,heap     ] GC(49) y: Heap Statistics:
[2026-04-03T03:24:01.067+0600][36.944s][info][gc,heap     ] GC(49) y:                Mark Start          Mark End        Relocate Start      Relocate End           High               Low         
[2026-04-03T03:24:01.067+0600][36.944s][info][gc,heap     ] GC(49) y:  Capacity:     1250M (100%)       1250M (100%)       1250M (100%)       1250M (100%)       1250M (100%)       1250M (100%)   
[2026-04-03T03:24:01.067+0600][36.944s][info][gc,heap     ] GC(49) y:      Free:      516M (41%)         392M (31%)         456M (36%)         756M (60%)         756M (60%)         392M (31%)    
[2026-04-03T03:24:01.067+0600][36.944s][info][gc,heap     ] GC(49) y:      Used:      734M (59%)         858M (69%)         794M (64%)         494M (40%)         858M (69%)         494M (40%)    
[2026-04-03T03:24:01.067+0600][36.944s][info][gc,heap     ] GC(49) y: Young Generation Statistics:
[2026-04-03T03:24:01.067+0600][36.944s][info][gc,heap     ] GC(49) y:                Mark Start          Mark End        Relocate Start      Relocate End    
[2026-04-03T03:24:01.067+0600][36.944s][info][gc,heap     ] GC(49) y:      Used:      478M (38%)         602M (48%)         538M (43%)         238M (19%)    
[2026-04-03T03:24:01.067+0600][36.945s][info][gc,heap     ] GC(49) y:      Live:         -                98M (8%)           98M (8%)           98M (8%)     
[2026-04-03T03:24:01.067+0600][36.945s][info][gc,heap     ] GC(49) y:   Garbage:         -               379M (30%)         315M (25%)           1M (0%)     
[2026-04-03T03:24:01.067+0600][36.945s][info][gc,heap     ] GC(49) y: Allocated:         -               124M (10%)         124M (10%)         138M (11%)    
[2026-04-03T03:24:01.067+0600][36.945s][info][gc,heap     ] GC(49) y: Reclaimed:         -                  -                64M (5%)          378M (30%)    
[2026-04-03T03:24:01.067+0600][36.945s][info][gc,heap     ] GC(49) y:  Promoted:         -                  -                 0M (0%)            0M (0%)     
[2026-04-03T03:24:01.067+0600][36.945s][info][gc,heap     ] GC(49) y: Compacted:         -                  -                  -                41M (3%)     
[2026-04-03T03:24:01.067+0600][36.945s][info][gc,phases   ] GC(49) y: Young Generation 734M(59%)->494M(40%) 0.319s
[2026-04-03T03:24:01.067+0600][36.945s][info][gc          ] GC(49) Minor Collection (Allocation Rate) 734M(59%)->494M(40%) 0.319s
[2026-04-03T03:24:01.067+0600][36.945s][info][gc          ] GC(50) Minor Collection (Allocation Rate)
[2026-04-03T03:24:01.067+0600][36.945s][info][gc,task     ] GC(50) Using 3 Workers for Young Generation
[2026-04-03T03:24:01.067+0600][36.945s][info][gc,phases   ] GC(50) y: Young Generation
[2026-04-03T03:24:01.067+0600][36.945s][info][gc,phases   ] GC(50) y: Pause Mark Start 0.067ms
[2026-04-03T03:24:01.364+0600][37.242s][info][gc,phases   ] GC(50) y: Concurrent Mark 296.173ms
[2026-04-03T03:24:01.364+0600][37.242s][info][gc,phases   ] GC(50) y: Pause Mark End 0.029ms
[2026-04-03T03:24:01.364+0600][37.242s][info][gc,phases   ] GC(50) y: Concurrent Mark Free 0.004ms
[2026-04-03T03:24:01.364+0600][37.242s][info][gc,phases   ] GC(50) y: Concurrent Reset Relocation Set 0.056ms
[2026-04-03T03:24:01.371+0600][37.249s][info][gc,reloc    ] GC(50) y: Using tenuring threshold: 2 (Computed)
[2026-04-03T03:24:01.407+0600][37.285s][info][gc,phases   ] GC(50) y: Concurrent Select Relocation Set 42.741ms
[2026-04-03T03:24:01.408+0600][37.285s][info][gc,phases   ] GC(50) y: Pause Relocate Start 0.031ms
[2026-04-03T03:24:01.480+0600][37.358s][info][gc,phases   ] GC(50) y: Concurrent Relocate 72.460ms
[2026-04-03T03:24:01.480+0600][37.358s][info][gc,alloc    ] GC(50) y:                         Mark Start        Mark End      Relocate Start    Relocate End   
[2026-04-03T03:24:01.480+0600][37.358s][info][gc,alloc    ] GC(50) y: Allocation Stalls:          0                0                0                0         
[2026-04-03T03:24:01.480+0600][37.358s][info][gc,load     ] GC(50) y: Load: 4.15 (35%) / 4.62 (38%) / 5.21 (43%)
[2026-04-03T03:24:01.480+0600][37.358s][info][gc,mmu      ] GC(50) y: MMU: 2ms/89.7%, 5ms/95.9%, 10ms/97.9%, 20ms/98.8%, 50ms/99.4%, 100ms/99.7%
[2026-04-03T03:24:01.480+0600][37.358s][info][gc,marking  ] GC(50) y: Mark: 2 stripe(s), 2 proactive flush(es), 1 terminate flush(es), 0 completion(s), 0 continuation(s) 
[2026-04-03T03:24:01.480+0600][37.358s][info][gc,marking  ] GC(50) y: Mark Stack Usage: 32M
[2026-04-03T03:24:01.480+0600][37.358s][info][gc,nmethod  ] GC(50) y: NMethods: 6102 registered, 1075 unregistered
[2026-04-03T03:24:01.480+0600][37.358s][info][gc,metaspace] GC(50) y: Metaspace: 69M used, 70M committed, 1088M reserved
[2026-04-03T03:24:01.480+0600][37.358s][info][gc,reloc    ] GC(50) y:                        Candidates     Selected     In-Place         Size        Empty    Relocated 
[2026-04-03T03:24:01.480+0600][37.358s][info][gc,reloc    ] GC(50) y: Small Pages:                   89           46            0         178M           0M          11M 
[2026-04-03T03:24:01.480+0600][37.358s][info][gc,reloc    ] GC(50) y: Medium Pages:                   1            0            0          32M           0M           0M 
[2026-04-03T03:24:01.480+0600][37.358s][info][gc,reloc    ] GC(50) y: Large Pages:                    4            0            0          28M           0M           0M 
[2026-04-03T03:24:01.480+0600][37.358s][info][gc,reloc    ] GC(50) y: Forwarding Usage: 12M
[2026-04-03T03:24:01.481+0600][37.358s][info][gc,reloc    ] GC(50) y: Age Table:
[2026-04-03T03:24:01.481+0600][37.358s][info][gc,reloc    ] GC(50) y:                    Live             Garbage             Small              Medium             Large        
[2026-04-03T03:24:01.481+0600][37.358s][info][gc,reloc    ] GC(50) y: Eden              12M (1%)          111M (9%)          46 / 39             1 / 0              0 / 0        
[2026-04-03T03:24:01.481+0600][37.358s][info][gc,reloc    ] GC(50) y: Survivor 1        59M (5%)            6M (1%)          24 / 4              0 / 0              3 / 0        
[2026-04-03T03:24:01.481+0600][37.358s][info][gc,reloc    ] GC(50) y: Survivor 2        20M (2%)            7M (1%)          14 / 3              0 / 0              0 / 0        
[2026-04-03T03:24:01.481+0600][37.358s][info][gc,reloc    ] GC(50) y: Survivor 3        17M (1%)            2M (0%)           5 / 0              0 / 0              1 / 0        
[2026-04-03T03:24:01.481+0600][37.358s][info][gc,heap     ] GC(50) y: Min Capacity: 8M(1%)
[2026-04-03T03:24:01.481+0600][37.358s][info][gc,heap     ] GC(50) y: Max Capacity: 1250M(100%)
[2026-04-03T03:24:01.481+0600][37.358s][info][gc,heap     ] GC(50) y: Soft Max Capacity: 1250M(100%)
[2026-04-03T03:24:01.481+0600][37.358s][info][gc,heap     ] GC(50) y: Heap Statistics:
[2026-04-03T03:24:01.481+0600][37.358s][info][gc,heap     ] GC(50) y:                Mark Start          Mark End        Relocate Start      Relocate End           High               Low         
[2026-04-03T03:24:01.481+0600][37.358s][info][gc,heap     ] GC(50) y:  Capacity:     1250M (100%)       1250M (100%)       1250M (100%)       1250M (100%)       1250M (100%)       1250M (100%)   
[2026-04-03T03:24:01.481+0600][37.358s][info][gc,heap     ] GC(50) y:      Free:      756M (60%)         714M (57%)         710M (57%)         784M (63%)         784M (63%)         696M (56%)    
[2026-04-03T03:24:01.481+0600][37.358s][info][gc,heap     ] GC(50) y:      Used:      494M (40%)         536M (43%)         540M (43%)         466M (37%)         554M (44%)         466M (37%)    
[2026-04-03T03:24:01.481+0600][37.358s][info][gc,heap     ] GC(50) y: Young Generation Statistics:
[2026-04-03T03:24:01.481+0600][37.358s][info][gc,heap     ] GC(50) y:                Mark Start          Mark End        Relocate Start      Relocate End    
[2026-04-03T03:24:01.481+0600][37.358s][info][gc,heap     ] GC(50) y:      Used:      238M (19%)         280M (22%)         244M (20%)         166M (13%)    
[2026-04-03T03:24:01.481+0600][37.358s][info][gc,heap     ] GC(50) y:      Live:         -               110M (9%)           72M (6%)           72M (6%)     
[2026-04-03T03:24:01.481+0600][37.358s][info][gc,heap     ] GC(50) y:   Garbage:         -               127M (10%)         125M (10%)          30M (2%)     
[2026-04-03T03:24:01.481+0600][37.358s][info][gc,heap     ] GC(50) y: Allocated:         -                42M (3%)           46M (4%)           63M (5%)     
[2026-04-03T03:24:01.481+0600][37.358s][info][gc,heap     ] GC(50) y: Reclaimed:         -                  -                 1M (0%)           96M (8%)     
[2026-04-03T03:24:01.481+0600][37.359s][info][gc,heap     ] GC(50) y:  Promoted:         -                  -                38M (3%)           38M (3%)     
[2026-04-03T03:24:01.481+0600][37.359s][info][gc,heap     ] GC(50) y: Compacted:         -                  -                  -                12M (1%)     
[2026-04-03T03:24:01.481+0600][37.359s][info][gc,phases   ] GC(50) y: Young Generation 494M(40%)->466M(37%) 0.413s
[2026-04-03T03:24:01.481+0600][37.359s][info][gc          ] GC(50) Minor Collection (Allocation Rate) 494M(40%)->466M(37%) 0.414s
[2026-04-03T03:24:01.481+0600][37.359s][info][gc          ] GC(51) Major Collection (Allocation Rate)
[2026-04-03T03:24:01.481+0600][37.359s][info][gc,task     ] GC(51) Using 3 Workers for Young Generation
[2026-04-03T03:24:01.481+0600][37.359s][info][gc,task     ] GC(51) Using 2 Workers for Old Generation
[2026-04-03T03:24:01.481+0600][37.359s][info][gc,phases   ] GC(51) Y: Young Generation
[2026-04-03T03:24:01.481+0600][37.359s][info][gc,phases   ] GC(51) Y: Pause Mark Start (Major) 0.023ms
[2026-04-03T03:24:01.779+0600][37.656s][info][gc,phases   ] GC(51) Y: Concurrent Mark 297.257ms
[2026-04-03T03:24:01.779+0600][37.657s][info][gc,phases   ] GC(51) Y: Pause Mark End 0.039ms
[2026-04-03T03:24:01.779+0600][37.657s][info][gc,phases   ] GC(51) Y: Concurrent Mark Free 0.002ms
[2026-04-03T03:24:01.779+0600][37.657s][info][gc,phases   ] GC(51) Y: Concurrent Reset Relocation Set 0.064ms
[2026-04-03T03:24:01.785+0600][37.663s][info][gc,reloc    ] GC(51) Y: Using tenuring threshold: 1 (Computed)
[2026-04-03T03:24:01.818+0600][37.695s][info][gc,phases   ] GC(51) Y: Concurrent Select Relocation Set 38.246ms
[2026-04-03T03:24:01.818+0600][37.696s][info][gc,phases   ] GC(51) Y: Pause Relocate Start 0.024ms
[2026-04-03T03:24:01.873+0600][37.751s][info][gc,phases   ] GC(51) Y: Concurrent Relocate 55.366ms
[2026-04-03T03:24:01.874+0600][37.751s][info][gc,alloc    ] GC(51) Y:                         Mark Start        Mark End      Relocate Start    Relocate End   
[2026-04-03T03:24:01.874+0600][37.751s][info][gc,alloc    ] GC(51) Y: Allocation Stalls:          0                0                0                0         
[2026-04-03T03:24:01.874+0600][37.751s][info][gc,load     ] GC(51) Y: Load: 4.15 (35%) / 4.62 (38%) / 5.21 (43%)
[2026-04-03T03:24:01.874+0600][37.751s][info][gc,mmu      ] GC(51) Y: MMU: 2ms/89.7%, 5ms/95.9%, 10ms/97.9%, 20ms/98.8%, 50ms/99.4%, 100ms/99.7%
[2026-04-03T03:24:01.874+0600][37.751s][info][gc,marking  ] GC(51) Y: Mark: 2 stripe(s), 10 proactive flush(es), 1 terminate flush(es), 0 completion(s), 0 continuation(s) 
[2026-04-03T03:24:01.874+0600][37.751s][info][gc,marking  ] GC(51) Y: Mark Stack Usage: 32M
[2026-04-03T03:24:01.874+0600][37.751s][info][gc,nmethod  ] GC(51) Y: NMethods: 6125 registered, 1075 unregistered
[2026-04-03T03:24:01.874+0600][37.751s][info][gc,metaspace] GC(51) Y: Metaspace: 69M used, 70M committed, 1088M reserved
[2026-04-03T03:24:01.874+0600][37.752s][info][gc,reloc    ] GC(51) Y:                        Candidates     Selected     In-Place         Size        Empty    Relocated 
[2026-04-03T03:24:01.874+0600][37.752s][info][gc,reloc    ] GC(51) Y: Small Pages:                   42           12            0          84M           6M           3M 
[2026-04-03T03:24:01.874+0600][37.752s][info][gc,reloc    ] GC(51) Y: Medium Pages:                   2            0            0          64M          32M           0M 
[2026-04-03T03:24:01.874+0600][37.752s][info][gc,reloc    ] GC(51) Y: Large Pages:                    3            0            0          18M           0M           0M 
[2026-04-03T03:24:01.874+0600][37.752s][info][gc,reloc    ] GC(51) Y: Forwarding Usage: 3M
[2026-04-03T03:24:01.874+0600][37.752s][info][gc,reloc    ] GC(51) Y: Age Table:
[2026-04-03T03:24:01.874+0600][37.752s][info][gc,reloc    ] GC(51) Y:                    Live             Garbage             Small              Medium             Large        
[2026-04-03T03:24:01.874+0600][37.752s][info][gc,reloc    ] GC(51) Y: Eden               8M (1%)           39M (3%)           8 / 4              1 / 0              0 / 0        
[2026-04-03T03:24:01.874+0600][37.752s][info][gc,reloc    ] GC(51) Y: Survivor 1        11M (1%)           38M (3%)           9 / 3              1 / 0              0 / 0        
[2026-04-03T03:24:01.874+0600][37.752s][info][gc,reloc    ] GC(51) Y: Survivor 2        59M (5%)            8M (1%)          25 / 5              0 / 0              3 / 0        
[2026-04-03T03:24:01.874+0600][37.752s][info][gc,heap     ] GC(51) Y: Min Capacity: 8M(1%)
[2026-04-03T03:24:01.874+0600][37.752s][info][gc,heap     ] GC(51) Y: Max Capacity: 1250M(100%)
[2026-04-03T03:24:01.874+0600][37.752s][info][gc,heap     ] GC(51) Y: Soft Max Capacity: 1250M(100%)
[2026-04-03T03:24:01.874+0600][37.752s][info][gc,heap     ] GC(51) Y: Heap Statistics:
[2026-04-03T03:24:01.874+0600][37.752s][info][gc,heap     ] GC(51) Y:                Mark Start          Mark End        Relocate Start      Relocate End           High               Low         
[2026-04-03T03:24:01.874+0600][37.752s][info][gc,heap     ] GC(51) Y:  Capacity:     1250M (100%)       1250M (100%)       1250M (100%)       1250M (100%)       1250M (100%)       1250M (100%)   
[2026-04-03T03:24:01.874+0600][37.752s][info][gc,heap     ] GC(51) Y:      Free:      784M (63%)         670M (54%)         702M (56%)         710M (57%)         784M (63%)         670M (54%)    
[2026-04-03T03:24:01.874+0600][37.752s][info][gc,heap     ] GC(51) Y:      Used:      466M (37%)         580M (46%)         548M (44%)         540M (43%)         580M (46%)         466M (37%)    
[2026-04-03T03:24:01.874+0600][37.752s][info][gc,heap     ] GC(51) Y: Young Generation Statistics:
[2026-04-03T03:24:01.874+0600][37.752s][info][gc,heap     ] GC(51) Y:                Mark Start          Mark End        Relocate Start      Relocate End    
[2026-04-03T03:24:01.874+0600][37.752s][info][gc,heap     ] GC(51) Y:      Used:      166M (13%)         280M (22%)         182M (15%)         160M (13%)    
[2026-04-03T03:24:01.874+0600][37.752s][info][gc,heap     ] GC(51) Y:      Live:         -                78M (6%)           13M (1%)            8M (1%)     
[2026-04-03T03:24:01.874+0600][37.752s][info][gc,heap     ] GC(51) Y:   Garbage:         -                87M (7%)           48M (4%)           24M (2%)     
[2026-04-03T03:24:01.874+0600][37.752s][info][gc,heap     ] GC(51) Y: Allocated:         -               114M (9%)          120M (10%)         127M (10%)    
[2026-04-03T03:24:01.874+0600][37.752s][info][gc,heap     ] GC(51) Y: Reclaimed:         -                  -                38M (3%)           63M (5%)     
[2026-04-03T03:24:01.874+0600][37.752s][info][gc,heap     ] GC(51) Y:  Promoted:         -                  -                65M (5%)           70M (6%)     
[2026-04-03T03:24:01.874+0600][37.752s][info][gc,heap     ] GC(51) Y: Compacted:         -                  -                  -                 0M (0%)     
[2026-04-03T03:24:01.874+0600][37.752s][info][gc,phases   ] GC(51) Y: Young Generation 466M(37%)->540M(43%) 0.393s
[2026-04-03T03:24:01.874+0600][37.752s][info][gc,phases   ] GC(51) O: Old Generation
[2026-04-03T03:24:01.875+0600][37.753s][info][gc          ] GC(52) Minor Collection (Allocation Rate)
[2026-04-03T03:24:01.875+0600][37.753s][info][gc,task     ] GC(52) Using 1 Workers for Young Generation
[2026-04-03T03:24:01.875+0600][37.753s][info][gc,phases   ] GC(52) y: Young Generation
[2026-04-03T03:24:01.876+0600][37.753s][info][gc,phases   ] GC(52) y: Pause Mark Start 0.024ms
[2026-04-03T03:24:01.956+0600][37.833s][info][gc,phases   ] GC(52) y: Concurrent Mark 79.768ms
[2026-04-03T03:24:01.956+0600][37.834s][info][gc,phases   ] GC(52) y: Pause Mark End 0.035ms
[2026-04-03T03:24:01.956+0600][37.834s][info][gc,phases   ] GC(52) y: Concurrent Mark Free 0.005ms
[2026-04-03T03:24:01.956+0600][37.834s][info][gc,phases   ] GC(52) y: Concurrent Reset Relocation Set 0.086ms
[2026-04-03T03:24:01.959+0600][37.837s][info][gc,reloc    ] GC(52) y: Using tenuring threshold: 2 (Computed)
[2026-04-03T03:24:01.960+0600][37.838s][info][gc,phases   ] GC(52) y: Concurrent Select Relocation Set 3.751ms
[2026-04-03T03:24:01.960+0600][37.838s][info][gc,phases   ] GC(52) y: Pause Relocate Start 0.025ms
[2026-04-03T03:24:01.981+0600][37.859s][info][gc,phases   ] GC(52) y: Concurrent Relocate 20.555ms
[2026-04-03T03:24:01.981+0600][37.859s][info][gc,alloc    ] GC(52) y:                         Mark Start        Mark End      Relocate Start    Relocate End   
[2026-04-03T03:24:01.981+0600][37.859s][info][gc,alloc    ] GC(52) y: Allocation Stalls:          0                0                0                0         
[2026-04-03T03:24:01.981+0600][37.859s][info][gc,load     ] GC(52) y: Load: 4.15 (35%) / 4.62 (38%) / 5.21 (43%)
[2026-04-03T03:24:01.981+0600][37.859s][info][gc,mmu      ] GC(52) y: MMU: 2ms/89.7%, 5ms/95.9%, 10ms/97.9%, 20ms/98.8%, 50ms/99.4%, 100ms/99.7%
[2026-04-03T03:24:01.981+0600][37.859s][info][gc,marking  ] GC(52) y: Mark: 1 stripe(s), 2 proactive flush(es), 1 terminate flush(es), 0 completion(s), 0 continuation(s) 
[2026-04-03T03:24:01.981+0600][37.859s][info][gc,marking  ] GC(52) y: Mark Stack Usage: 32M
[2026-04-03T03:24:01.981+0600][37.859s][info][gc,nmethod  ] GC(52) y: NMethods: 6129 registered, 1075 unregistered
[2026-04-03T03:24:01.981+0600][37.859s][info][gc,metaspace] GC(52) y: Metaspace: 70M used, 71M committed, 1088M reserved
[2026-04-03T03:24:01.981+0600][37.859s][info][gc,reloc    ] GC(52) y:                        Candidates     Selected     In-Place         Size        Empty    Relocated 
[2026-04-03T03:24:01.981+0600][37.859s][info][gc,reloc    ] GC(52) y: Small Pages:                   29           15            0          58M          26M           0M 
[2026-04-03T03:24:01.981+0600][37.859s][info][gc,reloc    ] GC(52) y: Medium Pages:                   3            2            0          96M           0M          26M 
[2026-04-03T03:24:01.981+0600][37.859s][info][gc,reloc    ] GC(52) y: Large Pages:                    1            0            0           6M           6M           0M 
[2026-04-03T03:24:01.981+0600][37.859s][info][gc,reloc    ] GC(52) y: Forwarding Usage: 0M
[2026-04-03T03:24:01.981+0600][37.859s][info][gc,reloc    ] GC(52) y: Age Table:
[2026-04-03T03:24:01.981+0600][37.859s][info][gc,reloc    ] GC(52) y:                    Live             Garbage             Small              Medium             Large        
[2026-04-03T03:24:01.981+0600][37.859s][info][gc,reloc    ] GC(52) y: Eden              26M (2%)           97M (8%)          27 / 13             2 / 2              1 / 0        
[2026-04-03T03:24:01.981+0600][37.859s][info][gc,reloc    ] GC(52) y: Survivor 1         1M (0%)           34M (3%)           2 / 2              1 / 0              0 / 0        
[2026-04-03T03:24:01.981+0600][37.859s][info][gc,heap     ] GC(52) y: Min Capacity: 8M(1%)
[2026-04-03T03:24:01.981+0600][37.859s][info][gc,heap     ] GC(52) y: Max Capacity: 1250M(100%)
[2026-04-03T03:24:01.982+0600][37.859s][info][gc,heap     ] GC(52) y: Soft Max Capacity: 1250M(100%)
[2026-04-03T03:24:01.982+0600][37.859s][info][gc,heap     ] GC(52) y: Heap Statistics:
[2026-04-03T03:24:01.982+0600][37.859s][info][gc,heap     ] GC(52) y:                Mark Start          Mark End        Relocate Start      Relocate End           High               Low         
[2026-04-03T03:24:01.982+0600][37.859s][info][gc,heap     ] GC(52) y:  Capacity:     1250M (100%)       1250M (100%)       1250M (100%)       1250M (100%)       1250M (100%)       1250M (100%)   
[2026-04-03T03:24:01.982+0600][37.859s][info][gc,heap     ] GC(52) y:      Free:      710M (57%)         660M (53%)         692M (55%)         710M (57%)         710M (57%)         588M (47%)    
[2026-04-03T03:24:01.982+0600][37.859s][info][gc,heap     ] GC(52) y:      Used:      540M (43%)         590M (47%)         558M (45%)         540M (43%)         662M (53%)         540M (43%)    
[2026-04-03T03:24:01.982+0600][37.859s][info][gc,heap     ] GC(52) y: Young Generation Statistics:
[2026-04-03T03:24:01.982+0600][37.859s][info][gc,heap     ] GC(52) y:                Mark Start          Mark End        Relocate Start      Relocate End    
[2026-04-03T03:24:01.982+0600][37.859s][info][gc,heap     ] GC(52) y:      Used:      160M (13%)         210M (17%)         178M (14%)         160M (13%)    
[2026-04-03T03:24:01.982+0600][37.859s][info][gc,heap     ] GC(52) y:      Live:         -                28M (2%)           28M (2%)           28M (2%)     
[2026-04-03T03:24:01.982+0600][37.859s][info][gc,heap     ] GC(52) y:   Garbage:         -               131M (11%)          99M (8%)            1M (0%)     
[2026-04-03T03:24:01.982+0600][37.859s][info][gc,heap     ] GC(52) y: Allocated:         -                50M (4%)           50M (4%)          130M (10%)    
[2026-04-03T03:24:01.982+0600][37.859s][info][gc,heap     ] GC(52) y: Reclaimed:         -                  -                32M (3%)          130M (10%)    
[2026-04-03T03:24:01.982+0600][37.859s][info][gc,heap     ] GC(52) y:  Promoted:         -                  -                 0M (0%)            0M (0%)     
[2026-04-03T03:24:01.982+0600][37.859s][info][gc,heap     ] GC(52) y: Compacted:         -                  -                  -                29M (2%)     
[2026-04-03T03:24:01.982+0600][37.859s][info][gc,phases   ] GC(52) y: Young Generation 540M(43%)->540M(43%) 0.106s
[2026-04-03T03:24:01.982+0600][37.859s][info][gc          ] GC(52) Minor Collection (Allocation Rate) 540M(43%)->540M(43%) 0.107s
[2026-04-03T03:24:01.982+0600][37.860s][info][gc          ] GC(53) Minor Collection (Allocation Rate)
[2026-04-03T03:24:01.982+0600][37.860s][info][gc,task     ] GC(53) Using 1 Workers for Young Generation
[2026-04-03T03:24:01.982+0600][37.860s][info][gc,phases   ] GC(53) y: Young Generation
[2026-04-03T03:24:01.984+0600][37.862s][info][gc,phases   ] GC(53) y: Pause Mark Start 0.031ms
[2026-04-03T03:24:02.074+0600][37.952s][info][gc,phases   ] GC(53) y: Concurrent Mark 89.699ms
[2026-04-03T03:24:02.077+0600][37.954s][info][gc,phases   ] GC(53) y: Pause Mark End 0.048ms
[2026-04-03T03:24:02.077+0600][37.955s][info][gc,phases   ] GC(53) y: Concurrent Mark Free 0.003ms
[2026-04-03T03:24:02.077+0600][37.955s][info][gc,phases   ] GC(53) y: Concurrent Reset Relocation Set 0.006ms
[2026-04-03T03:24:02.084+0600][37.962s][info][gc,reloc    ] GC(53) y: Using tenuring threshold: 2 (Computed)
[2026-04-03T03:24:02.087+0600][37.964s][info][gc,phases   ] GC(53) y: Concurrent Select Relocation Set 9.716ms
[2026-04-03T03:24:02.087+0600][37.965s][info][gc,phases   ] GC(53) y: Pause Relocate Start 0.038ms
[2026-04-03T03:24:02.120+0600][37.998s][info][gc,phases   ] GC(53) y: Concurrent Relocate 32.925ms
[2026-04-03T03:24:02.121+0600][37.998s][info][gc,alloc    ] GC(53) y:                         Mark Start        Mark End      Relocate Start    Relocate End   
[2026-04-03T03:24:02.121+0600][37.998s][info][gc,alloc    ] GC(53) y: Allocation Stalls:          0                0                0                0         
[2026-04-03T03:24:02.121+0600][37.998s][info][gc,load     ] GC(53) y: Load: 4.15 (35%) / 4.62 (38%) / 5.21 (43%)
[2026-04-03T03:24:02.121+0600][37.998s][info][gc,mmu      ] GC(53) y: MMU: 2ms/89.7%, 5ms/95.9%, 10ms/97.9%, 20ms/98.8%, 50ms/99.4%, 100ms/99.7%
[2026-04-03T03:24:02.121+0600][37.998s][info][gc,marking  ] GC(53) y: Mark: 1 stripe(s), 2 proactive flush(es), 1 terminate flush(es), 0 completion(s), 0 continuation(s) 
[2026-04-03T03:24:02.121+0600][37.998s][info][gc,marking  ] GC(53) y: Mark Stack Usage: 32M
[2026-04-03T03:24:02.121+0600][37.998s][info][gc,nmethod  ] GC(53) y: NMethods: 6181 registered, 1075 unregistered
[2026-04-03T03:24:02.121+0600][37.998s][info][gc,metaspace] GC(53) y: Metaspace: 70M used, 71M committed, 1088M reserved
[2026-04-03T03:24:02.121+0600][37.999s][info][gc,reloc    ] GC(53) y:                        Candidates     Selected     In-Place         Size        Empty    Relocated 
[2026-04-03T03:24:02.121+0600][37.999s][info][gc,reloc    ] GC(53) y: Small Pages:                   13           12            0          26M           0M           0M 
[2026-04-03T03:24:02.121+0600][37.999s][info][gc,reloc    ] GC(53) y: Medium Pages:                   4            3            0         128M           0M          26M 
[2026-04-03T03:24:02.121+0600][37.999s][info][gc,reloc    ] GC(53) y: Large Pages:                    1            0            0           6M           0M           0M 
[2026-04-03T03:24:02.121+0600][37.999s][info][gc,reloc    ] GC(53) y: Forwarding Usage: 0M
[2026-04-03T03:24:02.121+0600][37.999s][info][gc,reloc    ] GC(53) y: Age Table:
[2026-04-03T03:24:02.121+0600][37.999s][info][gc,reloc    ] GC(53) y:                    Live             Garbage             Small              Medium             Large        
[2026-04-03T03:24:02.121+0600][37.999s][info][gc,reloc    ] GC(53) y: Eden              10M (1%)           41M (3%)           7 / 6              1 / 1              1 / 0        
[2026-04-03T03:24:02.121+0600][37.999s][info][gc,reloc    ] GC(53) y: Survivor 1        21M (2%)           52M (4%)           5 / 5              2 / 2              0 / 0        
[2026-04-03T03:24:02.121+0600][37.999s][info][gc,reloc    ] GC(53) y: Survivor 2         1M (0%)           32M (3%)           1 / 1              1 / 0              0 / 0        
[2026-04-03T03:24:02.121+0600][37.999s][info][gc,heap     ] GC(53) y: Min Capacity: 8M(1%)
[2026-04-03T03:24:02.121+0600][37.999s][info][gc,heap     ] GC(53) y: Max Capacity: 1250M(100%)
[2026-04-03T03:24:02.121+0600][37.999s][info][gc,heap     ] GC(53) y: Soft Max Capacity: 1250M(100%)
[2026-04-03T03:24:02.121+0600][37.999s][info][gc,heap     ] GC(53) y: Heap Statistics:
[2026-04-03T03:24:02.121+0600][37.999s][info][gc,heap     ] GC(53) y:                Mark Start          Mark End        Relocate Start      Relocate End           High               Low         
[2026-04-03T03:24:02.121+0600][37.999s][info][gc,heap     ] GC(53) y:  Capacity:     1250M (100%)       1250M (100%)       1250M (100%)       1250M (100%)       1250M (100%)       1250M (100%)   
[2026-04-03T03:24:02.121+0600][37.999s][info][gc,heap     ] GC(53) y:      Free:      710M (57%)         648M (52%)         646M (52%)         616M (49%)         710M (57%)         508M (41%)    
[2026-04-03T03:24:02.121+0600][37.999s][info][gc,heap     ] GC(53) y:      Used:      540M (43%)         602M (48%)         604M (48%)         634M (51%)         742M (59%)         540M (43%)    
[2026-04-03T03:24:02.121+0600][37.999s][info][gc,heap     ] GC(53) y: Young Generation Statistics:
[2026-04-03T03:24:02.121+0600][37.999s][info][gc,heap     ] GC(53) y:                Mark Start          Mark End        Relocate Start      Relocate End    
[2026-04-03T03:24:02.121+0600][37.999s][info][gc,heap     ] GC(53) y:      Used:      160M (13%)         222M (18%)         224M (18%)         220M (18%)    
[2026-04-03T03:24:02.121+0600][37.999s][info][gc,heap     ] GC(53) y:      Live:         -                34M (3%)           34M (3%)           32M (3%)     
[2026-04-03T03:24:02.121+0600][37.999s][info][gc,heap     ] GC(53) y:   Garbage:         -               125M (10%)         125M (10%)           0M (0%)     
[2026-04-03T03:24:02.121+0600][37.999s][info][gc,heap     ] GC(53) y: Allocated:         -                62M (5%)           64M (5%)          187M (15%)    
[2026-04-03T03:24:02.121+0600][37.999s][info][gc,heap     ] GC(53) y: Reclaimed:         -                  -                 0M (0%)          125M (10%)    
[2026-04-03T03:24:02.121+0600][37.999s][info][gc,heap     ] GC(53) y:  Promoted:         -                  -                 0M (0%)            1M (0%)     
[2026-04-03T03:24:02.121+0600][37.999s][info][gc,heap     ] GC(53) y: Compacted:         -                  -                  -                26M (2%)     
[2026-04-03T03:24:02.121+0600][37.999s][info][gc,phases   ] GC(53) y: Young Generation 540M(43%)->634M(51%) 0.139s
[2026-04-03T03:24:02.121+0600][37.999s][info][gc          ] GC(53) Minor Collection (Allocation Rate) 540M(43%)->634M(51%) 0.139s
[2026-04-03T03:24:02.121+0600][37.999s][info][gc          ] GC(54) Minor Collection (Allocation Rate)
[2026-04-03T03:24:02.121+0600][37.999s][info][gc,task     ] GC(54) Using 1 Workers for Young Generation
[2026-04-03T03:24:02.121+0600][37.999s][info][gc,phases   ] GC(54) y: Young Generation
[2026-04-03T03:24:02.122+0600][37.999s][info][gc,phases   ] GC(54) y: Pause Mark Start 0.051ms
[2026-04-03T03:24:02.223+0600][38.101s][info][gc,phases   ] GC(54) y: Concurrent Mark 100.970ms
[2026-04-03T03:24:02.224+0600][38.101s][info][gc,phases   ] GC(54) y: Pause Mark End 0.061ms
[2026-04-03T03:24:02.224+0600][38.102s][info][gc,phases   ] GC(54) y: Concurrent Mark Free 0.003ms
[2026-04-03T03:24:02.224+0600][38.102s][info][gc,phases   ] GC(54) y: Concurrent Reset Relocation Set 0.005ms
[2026-04-03T03:24:02.231+0600][38.108s][info][gc,reloc    ] GC(54) y: Using tenuring threshold: 1 (Computed)
[2026-04-03T03:24:02.241+0600][38.119s][info][gc,phases   ] GC(54) y: Concurrent Select Relocation Set 16.711ms
[2026-04-03T03:24:02.241+0600][38.119s][info][gc,phases   ] GC(54) y: Pause Relocate Start 0.055ms
[2026-04-03T03:24:02.307+0600][38.184s][info][gc,phases   ] GC(54) y: Concurrent Relocate 64.838ms
[2026-04-03T03:24:02.307+0600][38.185s][info][gc,alloc    ] GC(54) y:                         Mark Start        Mark End      Relocate Start    Relocate End   
[2026-04-03T03:24:02.307+0600][38.185s][info][gc,alloc    ] GC(54) y: Allocation Stalls:          0                0                0                0         
[2026-04-03T03:24:02.307+0600][38.185s][info][gc,load     ] GC(54) y: Load: 4.15 (35%) / 4.62 (38%) / 5.21 (43%)
[2026-04-03T03:24:02.307+0600][38.185s][info][gc,mmu      ] GC(54) y: MMU: 2ms/89.7%, 5ms/95.9%, 10ms/97.9%, 20ms/98.8%, 50ms/99.4%, 100ms/99.7%
[2026-04-03T03:24:02.307+0600][38.185s][info][gc,marking  ] GC(54) y: Mark: 1 stripe(s), 2 proactive flush(es), 1 terminate flush(es), 0 completion(s), 0 continuation(s) 
[2026-04-03T03:24:02.307+0600][38.185s][info][gc,marking  ] GC(54) y: Mark Stack Usage: 32M
[2026-04-03T03:24:02.307+0600][38.185s][info][gc,nmethod  ] GC(54) y: NMethods: 6188 registered, 1075 unregistered
[2026-04-03T03:24:02.307+0600][38.185s][info][gc,metaspace] GC(54) y: Metaspace: 70M used, 71M committed, 1088M reserved
[2026-04-03T03:24:02.307+0600][38.185s][info][gc,reloc    ] GC(54) y:                        Candidates     Selected     In-Place         Size        Empty    Relocated 
[2026-04-03T03:24:02.307+0600][38.185s][info][gc,reloc    ] GC(54) y: Small Pages:                   18           15            0          36M           2M           1M 
[2026-04-03T03:24:02.307+0600][38.185s][info][gc,reloc    ] GC(54) y: Medium Pages:                   5            3            0         160M           0M          19M 
[2026-04-03T03:24:02.307+0600][38.185s][info][gc,reloc    ] GC(54) y: Large Pages:                    4            0            0          24M           6M           0M 
[2026-04-03T03:24:02.307+0600][38.185s][info][gc,reloc    ] GC(54) y: Forwarding Usage: 1M
[2026-04-03T03:24:02.307+0600][38.185s][info][gc,reloc    ] GC(54) y: Age Table:
[2026-04-03T03:24:02.307+0600][38.185s][info][gc,reloc    ] GC(54) y:                    Live             Garbage             Small              Medium             Large        
[2026-04-03T03:24:02.307+0600][38.185s][info][gc,reloc    ] GC(54) y: Eden              25M (2%)           48M (4%)          12 / 11             1 / 1              3 / 0        
[2026-04-03T03:24:02.307+0600][38.185s][info][gc,reloc    ] GC(54) y: Survivor 1        10M (1%)           63M (5%)           2 / 1              2 / 1              1 / 0        
[2026-04-03T03:24:02.307+0600][38.185s][info][gc,reloc    ] GC(54) y: Survivor 2        17M (1%)           54M (4%)           4 / 3              2 / 1              0 / 0        
[2026-04-03T03:24:02.307+0600][38.185s][info][gc,heap     ] GC(54) y: Min Capacity: 8M(1%)
[2026-04-03T03:24:02.307+0600][38.185s][info][gc,heap     ] GC(54) y: Max Capacity: 1250M(100%)
[2026-04-03T03:24:02.307+0600][38.185s][info][gc,heap     ] GC(54) y: Soft Max Capacity: 1250M(100%)
[2026-04-03T03:24:02.307+0600][38.185s][info][gc,heap     ] GC(54) y: Heap Statistics:
[2026-04-03T03:24:02.307+0600][38.185s][info][gc,heap     ] GC(54) y:                Mark Start          Mark End        Relocate Start      Relocate End           High               Low         
[2026-04-03T03:24:02.307+0600][38.185s][info][gc,heap     ] GC(54) y:  Capacity:     1250M (100%)       1250M (100%)       1250M (100%)       1250M (100%)       1250M (100%)       1250M (100%)   
[2026-04-03T03:24:02.307+0600][38.185s][info][gc,heap     ] GC(54) y:      Free:      616M (49%)         526M (42%)         514M (41%)         506M (40%)         616M (49%)         414M (33%)    
[2026-04-03T03:24:02.307+0600][38.185s][info][gc,heap     ] GC(54) y:      Used:      634M (51%)         724M (58%)         736M (59%)         744M (60%)         836M (67%)         634M (51%)    
[2026-04-03T03:24:02.307+0600][38.185s][info][gc,heap     ] GC(54) y: Young Generation Statistics:
[2026-04-03T03:24:02.307+0600][38.185s][info][gc,heap     ] GC(54) y:                Mark Start          Mark End        Relocate Start      Relocate End    
[2026-04-03T03:24:02.307+0600][38.185s][info][gc,heap     ] GC(54) y:      Used:      220M (18%)         310M (25%)         284M (23%)         222M (18%)    
[2026-04-03T03:24:02.307+0600][38.185s][info][gc,heap     ] GC(54) y:      Live:         -                54M (4%)           34M (3%)           23M (2%)     
[2026-04-03T03:24:02.307+0600][38.185s][info][gc,heap     ] GC(54) y:   Garbage:         -               165M (13%)         139M (11%)           2M (0%)     
[2026-04-03T03:24:02.307+0600][38.185s][info][gc,heap     ] GC(54) y: Allocated:         -                90M (7%)          110M (9%)          196M (16%)    
[2026-04-03T03:24:02.307+0600][38.185s][info][gc,heap     ] GC(54) y: Reclaimed:         -                  -                26M (2%)          162M (13%)    
[2026-04-03T03:24:02.307+0600][38.185s][info][gc,heap     ] GC(54) y:  Promoted:         -                  -                19M (2%)           31M (3%)     
[2026-04-03T03:24:02.307+0600][38.185s][info][gc,heap     ] GC(54) y: Compacted:         -                  -                  -                13M (1%)     
[2026-04-03T03:24:02.307+0600][38.185s][info][gc,phases   ] GC(54) y: Young Generation 634M(51%)->744M(60%) 0.185s
[2026-04-03T03:24:02.307+0600][38.185s][info][gc          ] GC(54) Minor Collection (Allocation Rate) 634M(51%)->744M(60%) 0.186s
[2026-04-03T03:24:02.308+0600][38.185s][info][gc,task     ] Adjusting Workers for Old Generation: 2 -> 1
[2026-04-03T03:24:02.308+0600][38.185s][info][gc          ] GC(55) Minor Collection (Allocation Rate)
[2026-04-03T03:24:02.308+0600][38.186s][info][gc,task     ] GC(55) Using 2 Workers for Young Generation
[2026-04-03T03:24:02.308+0600][38.186s][info][gc,phases   ] GC(55) y: Young Generation
[2026-04-03T03:24:02.308+0600][38.186s][info][gc,phases   ] GC(55) y: Pause Mark Start 0.029ms
[2026-04-03T03:24:02.377+0600][38.255s][info][gc,phases   ] GC(55) y: Concurrent Mark 68.847ms
[2026-04-03T03:24:02.378+0600][38.255s][info][gc,phases   ] GC(55) y: Pause Mark End 0.026ms
[2026-04-03T03:24:02.378+0600][38.256s][info][gc,phases   ] GC(55) y: Concurrent Mark Free 0.002ms
[2026-04-03T03:24:02.378+0600][38.256s][info][gc,phases   ] GC(55) y: Concurrent Reset Relocation Set 0.014ms
[2026-04-03T03:24:02.384+0600][38.262s][info][gc,reloc    ] GC(55) y: Using tenuring threshold: 1 (Computed)
[2026-04-03T03:24:02.398+0600][38.276s][info][gc,phases   ] GC(55) y: Concurrent Select Relocation Set 19.843ms
[2026-04-03T03:24:02.398+0600][38.276s][info][gc,phases   ] GC(55) y: Pause Relocate Start 0.029ms
[2026-04-03T03:24:02.447+0600][38.325s][info][gc,phases   ] GC(55) y: Concurrent Relocate 48.683ms
[2026-04-03T03:24:02.447+0600][38.325s][info][gc,alloc    ] GC(55) y:                         Mark Start        Mark End      Relocate Start    Relocate End   
[2026-04-03T03:24:02.447+0600][38.325s][info][gc,alloc    ] GC(55) y: Allocation Stalls:          0                0                0                0         
[2026-04-03T03:24:02.447+0600][38.325s][info][gc,load     ] GC(55) y: Load: 4.15 (35%) / 4.62 (38%) / 5.21 (43%)
[2026-04-03T03:24:02.447+0600][38.325s][info][gc,mmu      ] GC(55) y: MMU: 2ms/89.7%, 5ms/95.9%, 10ms/97.9%, 20ms/98.8%, 50ms/99.4%, 100ms/99.7%
[2026-04-03T03:24:02.447+0600][38.325s][info][gc,marking  ] GC(55) y: Mark: 2 stripe(s), 10 proactive flush(es), 1 terminate flush(es), 0 completion(s), 0 continuation(s) 
[2026-04-03T03:24:02.447+0600][38.325s][info][gc,marking  ] GC(55) y: Mark Stack Usage: 32M
[2026-04-03T03:24:02.447+0600][38.325s][info][gc,nmethod  ] GC(55) y: NMethods: 6277 registered, 1075 unregistered
[2026-04-03T03:24:02.447+0600][38.325s][info][gc,metaspace] GC(55) y: Metaspace: 70M used, 71M committed, 1088M reserved
[2026-04-03T03:24:02.447+0600][38.325s][info][gc,reloc    ] GC(55) y:                        Candidates     Selected     In-Place         Size        Empty    Relocated 
[2026-04-03T03:24:02.447+0600][38.325s][info][gc,reloc    ] GC(55) y: Small Pages:                   53           44            0         106M           2M           9M 
[2026-04-03T03:24:02.447+0600][38.325s][info][gc,reloc    ] GC(55) y: Medium Pages:                   3            2            0          96M           0M          10M 
[2026-04-03T03:24:02.447+0600][38.325s][info][gc,reloc    ] GC(55) y: Large Pages:                    4            0            0          24M          12M           0M 
[2026-04-03T03:24:02.447+0600][38.325s][info][gc,reloc    ] GC(55) y: Forwarding Usage: 10M
[2026-04-03T03:24:02.447+0600][38.325s][info][gc,reloc    ] GC(55) y: Age Table:
[2026-04-03T03:24:02.447+0600][38.325s][info][gc,reloc    ] GC(55) y:                    Live             Garbage             Small              Medium             Large        
[2026-04-03T03:24:02.447+0600][38.325s][info][gc,reloc    ] GC(55) y: Eden              15M (1%)          126M (10%)         49 / 42             1 / 0              2 / 0        
[2026-04-03T03:24:02.447+0600][38.325s][info][gc,reloc    ] GC(55) y: Survivor 1        24M (2%)           59M (5%)           4 / 2              2 / 2              2 / 0        
[2026-04-03T03:24:02.447+0600][38.325s][info][gc,heap     ] GC(55) y: Min Capacity: 8M(1%)
[2026-04-03T03:24:02.447+0600][38.325s][info][gc,heap     ] GC(55) y: Max Capacity: 1250M(100%)
[2026-04-03T03:24:02.447+0600][38.325s][info][gc,heap     ] GC(55) y: Soft Max Capacity: 1250M(100%)
[2026-04-03T03:24:02.447+0600][38.325s][info][gc,heap     ] GC(55) y: Heap Statistics:
[2026-04-03T03:24:02.447+0600][38.325s][info][gc,heap     ] GC(55) y:                Mark Start          Mark End        Relocate Start      Relocate End           High               Low         
[2026-04-03T03:24:02.447+0600][38.325s][info][gc,heap     ] GC(55) y:  Capacity:     1250M (100%)       1250M (100%)       1250M (100%)       1250M (100%)       1250M (100%)       1250M (100%)   
[2026-04-03T03:24:02.447+0600][38.325s][info][gc,heap     ] GC(55) y:      Free:      502M (40%)         450M (36%)         464M (37%)         556M (44%)         562M (45%)         400M (32%)    
[2026-04-03T03:24:02.447+0600][38.325s][info][gc,heap     ] GC(55) y:      Used:      748M (60%)         800M (64%)         786M (63%)         694M (56%)         850M (68%)         688M (55%)    
[2026-04-03T03:24:02.447+0600][38.325s][info][gc,heap     ] GC(55) y: Young Generation Statistics:
[2026-04-03T03:24:02.447+0600][38.325s][info][gc,heap     ] GC(55) y:                Mark Start          Mark End        Relocate Start      Relocate End    
[2026-04-03T03:24:02.447+0600][38.325s][info][gc,heap     ] GC(55) y:      Used:      226M (18%)         278M (22%)         250M (20%)         124M (10%)    
[2026-04-03T03:24:02.447+0600][38.325s][info][gc,heap     ] GC(55) y:      Live:         -                39M (3%)           26M (2%)           15M (1%)     
[2026-04-03T03:24:02.447+0600][38.325s][info][gc,heap     ] GC(55) y:   Garbage:         -               186M (15%)         171M (14%)           1M (0%)     
[2026-04-03T03:24:02.448+0600][38.325s][info][gc,heap     ] GC(55) y: Allocated:         -                52M (4%)           52M (4%)          106M (9%)     
[2026-04-03T03:24:02.448+0600][38.325s][info][gc,heap     ] GC(55) y: Reclaimed:         -                  -                14M (1%)          184M (15%)    
[2026-04-03T03:24:02.448+0600][38.325s][info][gc,heap     ] GC(55) y:  Promoted:         -                  -                13M (1%)           24M (2%)     
[2026-04-03T03:24:02.448+0600][38.325s][info][gc,heap     ] GC(55) y: Compacted:         -                  -                  -                15M (1%)     
[2026-04-03T03:24:02.448+0600][38.325s][info][gc,phases   ] GC(55) y: Young Generation 748M(60%)->694M(56%) 0.139s
[2026-04-03T03:24:02.448+0600][38.325s][info][gc          ] GC(55) Minor Collection (Allocation Rate) 748M(60%)->694M(56%) 0.140s
[2026-04-03T03:24:02.529+0600][38.407s][info][gc          ] GC(56) Minor Collection (Allocation Rate)
[2026-04-03T03:24:02.529+0600][38.407s][info][gc,task     ] GC(56) Using 2 Workers for Young Generation
[2026-04-03T03:24:02.529+0600][38.407s][info][gc,phases   ] GC(56) y: Young Generation
[2026-04-03T03:24:02.530+0600][38.408s][info][gc,phases   ] GC(56) y: Pause Mark Start 0.019ms
[2026-04-03T03:24:02.628+0600][38.506s][info][gc,phases   ] GC(56) y: Concurrent Mark 98.473ms
[2026-04-03T03:24:02.629+0600][38.507s][info][gc,phases   ] GC(56) y: Pause Mark End 0.028ms
[2026-04-03T03:24:02.629+0600][38.507s][info][gc,phases   ] GC(56) y: Concurrent Mark Free 0.002ms
[2026-04-03T03:24:02.629+0600][38.507s][info][gc,phases   ] GC(56) y: Concurrent Reset Relocation Set 0.017ms
[2026-04-03T03:24:02.631+0600][38.508s][info][gc,reloc    ] GC(56) y: Using tenuring threshold: 2 (Computed)
[2026-04-03T03:24:02.633+0600][38.510s][info][gc,phases   ] GC(56) y: Concurrent Select Relocation Set 3.475ms
[2026-04-03T03:24:02.633+0600][38.510s][info][gc,phases   ] GC(56) y: Pause Relocate Start 0.018ms
[2026-04-03T03:24:02.649+0600][38.526s][info][gc,phases   ] GC(51) O: Concurrent Mark 774.500ms
[2026-04-03T03:24:02.650+0600][38.527s][info][gc,phases   ] GC(51) O: Pause Mark End 0.026ms
[2026-04-03T03:24:02.650+0600][38.527s][info][gc,phases   ] GC(51) O: Concurrent Mark Free 0.002ms
[2026-04-03T03:24:02.667+0600][38.545s][info][gc,phases   ] GC(56) y: Concurrent Relocate 34.611ms
[2026-04-03T03:24:02.668+0600][38.545s][info][gc,alloc    ] GC(56) y:                         Mark Start        Mark End      Relocate Start    Relocate End   
[2026-04-03T03:24:02.668+0600][38.545s][info][gc,alloc    ] GC(56) y: Allocation Stalls:          0                0                0                0         
[2026-04-03T03:24:02.668+0600][38.545s][info][gc,load     ] GC(56) y: Load: 4.15 (35%) / 4.62 (38%) / 5.21 (43%)
[2026-04-03T03:24:02.668+0600][38.545s][info][gc,mmu      ] GC(56) y: MMU: 2ms/89.7%, 5ms/95.9%, 10ms/97.9%, 20ms/98.8%, 50ms/99.4%, 100ms/99.7%
[2026-04-03T03:24:02.668+0600][38.545s][info][gc,marking  ] GC(56) y: Mark: 2 stripe(s), 2 proactive flush(es), 1 terminate flush(es), 0 completion(s), 0 continuation(s) 
[2026-04-03T03:24:02.668+0600][38.545s][info][gc,marking  ] GC(56) y: Mark Stack Usage: 32M
[2026-04-03T03:24:02.668+0600][38.545s][info][gc,nmethod  ] GC(56) y: NMethods: 6319 registered, 1090 unregistered
[2026-04-03T03:24:02.668+0600][38.545s][info][gc,metaspace] GC(56) y: Metaspace: 70M used, 71M committed, 1088M reserved
[2026-04-03T03:24:02.668+0600][38.545s][info][gc,reloc    ] GC(56) y:                        Candidates     Selected     In-Place         Size        Empty    Relocated 
[2026-04-03T03:24:02.668+0600][38.545s][info][gc,reloc    ] GC(56) y: Small Pages:                   66           54            0         132M           0M          10M 
[2026-04-03T03:24:02.668+0600][38.545s][info][gc,reloc    ] GC(56) y: Medium Pages:                   3            1            0          96M           0M          11M 
[2026-04-03T03:24:02.668+0600][38.545s][info][gc,reloc    ] GC(56) y: Large Pages:                    6            0            0          40M          14M           0M 
[2026-04-03T03:24:02.668+0600][38.545s][info][gc,reloc    ] GC(56) y: Forwarding Usage: 11M
[2026-04-03T03:24:02.668+0600][38.545s][info][gc,reloc    ] GC(56) y: Age Table:
[2026-04-03T03:24:02.668+0600][38.545s][info][gc,reloc    ] GC(56) y:                    Live             Garbage             Small              Medium             Large        
[2026-04-03T03:24:02.668+0600][38.545s][info][gc,reloc    ] GC(56) y: Eden              69M (6%)          150M (12%)         58 / 53             2 / 1              6 / 0        
[2026-04-03T03:24:02.668+0600][38.546s][info][gc,reloc    ] GC(56) y: Survivor 1        15M (1%)           32M (3%)           8 / 1              1 / 0              0 / 0        
[2026-04-03T03:24:02.668+0600][38.546s][info][gc,heap     ] GC(56) y: Min Capacity: 8M(1%)
[2026-04-03T03:24:02.668+0600][38.546s][info][gc,heap     ] GC(56) y: Max Capacity: 1250M(100%)
[2026-04-03T03:24:02.668+0600][38.546s][info][gc,heap     ] GC(56) y: Soft Max Capacity: 1250M(100%)
[2026-04-03T03:24:02.668+0600][38.546s][info][gc,heap     ] GC(56) y: Heap Statistics:
[2026-04-03T03:24:02.668+0600][38.546s][info][gc,heap     ] GC(56) y:                Mark Start          Mark End        Relocate Start      Relocate End           High               Low         
[2026-04-03T03:24:02.668+0600][38.546s][info][gc,heap     ] GC(56) y:  Capacity:     1250M (100%)       1250M (100%)       1250M (100%)       1250M (100%)       1250M (100%)       1250M (100%)   
[2026-04-03T03:24:02.668+0600][38.546s][info][gc,heap     ] GC(56) y:      Free:      412M (33%)         238M (19%)         250M (20%)         298M (24%)         412M (33%)         148M (12%)    
[2026-04-03T03:24:02.668+0600][38.546s][info][gc,heap     ] GC(56) y:      Used:      838M (67%)        1012M (81%)        1000M (80%)         952M (76%)        1102M (88%)         838M (67%)    
[2026-04-03T03:24:02.668+0600][38.546s][info][gc,heap     ] GC(56) y: Young Generation Statistics:
[2026-04-03T03:24:02.668+0600][38.546s][info][gc,heap     ] GC(56) y:                Mark Start          Mark End        Relocate Start      Relocate End    
[2026-04-03T03:24:02.668+0600][38.546s][info][gc,heap     ] GC(56) y:      Used:      268M (21%)         442M (35%)         430M (34%)         382M (31%)    
[2026-04-03T03:24:02.668+0600][38.546s][info][gc,heap     ] GC(56) y:      Live:         -                84M (7%)           84M (7%)           84M (7%)     
[2026-04-03T03:24:02.668+0600][38.546s][info][gc,heap     ] GC(56) y:   Garbage:         -               183M (15%)         169M (14%)          11M (1%)     
[2026-04-03T03:24:02.668+0600][38.546s][info][gc,heap     ] GC(56) y: Allocated:         -               174M (14%)         176M (14%)         285M (23%)    
[2026-04-03T03:24:02.668+0600][38.546s][info][gc,heap     ] GC(56) y: Reclaimed:         -                  -                14M (1%)          171M (14%)    
[2026-04-03T03:24:02.668+0600][38.546s][info][gc,heap     ] GC(56) y:  Promoted:         -                  -                 0M (0%)            0M (0%)     
[2026-04-03T03:24:02.668+0600][38.546s][info][gc,heap     ] GC(56) y: Compacted:         -                  -                  -                28M (2%)     
[2026-04-03T03:24:02.668+0600][38.546s][info][gc,phases   ] GC(56) y: Young Generation 838M(67%)->952M(76%) 0.139s
[2026-04-03T03:24:02.668+0600][38.546s][info][gc          ] GC(56) Minor Collection (Allocation Rate) 838M(67%)->954M(76%) 0.139s
[2026-04-03T03:24:02.668+0600][38.546s][info][gc          ] GC(57) Minor Collection (Allocation Rate)
[2026-04-03T03:24:02.668+0600][38.546s][info][gc,task     ] GC(57) Using 2 Workers for Young Generation
[2026-04-03T03:24:02.668+0600][38.546s][info][gc,phases   ] GC(57) y: Young Generation
[2026-04-03T03:24:02.680+0600][38.558s][info][gc,phases   ] GC(57) y: Pause Mark Start 0.023ms
[2026-04-03T03:24:02.688+0600][38.565s][info][gc,phases   ] GC(51) O: Concurrent Process Non-Strong 37.954ms
[2026-04-03T03:24:02.704+0600][38.581s][info][gc,phases   ] GC(51) O: Concurrent Reset Relocation Set 0.005ms
[2026-04-03T03:24:02.707+0600][38.584s][info][gc,phases   ] GC(51) O: Concurrent Select Relocation Set 2.880ms
[2026-04-03T03:24:02.780+0600][38.658s][info][gc,phases   ] GC(57) y: Concurrent Mark 99.355ms
[2026-04-03T03:24:02.780+0600][38.658s][info][gc,phases   ] GC(57) y: Pause Mark End 0.021ms
[2026-04-03T03:24:02.780+0600][38.658s][info][gc,phases   ] GC(57) y: Concurrent Mark Free 0.002ms
[2026-04-03T03:24:02.780+0600][38.658s][info][gc,phases   ] GC(57) y: Concurrent Reset Relocation Set 0.012ms
[2026-04-03T03:24:02.782+0600][38.660s][info][gc,reloc    ] GC(57) y: Using tenuring threshold: 3 (Computed)
[2026-04-03T03:24:02.786+0600][38.664s][info][gc,phases   ] GC(57) y: Concurrent Select Relocation Set 6.206ms
[2026-04-03T03:24:02.787+0600][38.664s][info][gc,phases   ] GC(57) y: Pause Relocate Start 0.017ms
[2026-04-03T03:24:02.822+0600][38.700s][info][gc,phases   ] GC(57) y: Concurrent Relocate 35.448ms
[2026-04-03T03:24:02.822+0600][38.700s][info][gc,alloc    ] GC(57) y:                         Mark Start        Mark End      Relocate Start    Relocate End   
[2026-04-03T03:24:02.822+0600][38.700s][info][gc,alloc    ] GC(57) y: Allocation Stalls:          0                0                0                0         
[2026-04-03T03:24:02.822+0600][38.700s][info][gc,load     ] GC(57) y: Load: 4.15 (35%) / 4.62 (38%) / 5.21 (43%)
[2026-04-03T03:24:02.822+0600][38.700s][info][gc,mmu      ] GC(57) y: MMU: 2ms/89.7%, 5ms/95.9%, 10ms/97.9%, 20ms/98.8%, 50ms/99.4%, 100ms/99.7%
[2026-04-03T03:24:02.822+0600][38.700s][info][gc,marking  ] GC(57) y: Mark: 2 stripe(s), 2 proactive flush(es), 1 terminate flush(es), 0 completion(s), 0 continuation(s) 
[2026-04-03T03:24:02.822+0600][38.700s][info][gc,marking  ] GC(57) y: Mark Stack Usage: 32M
[2026-04-03T03:24:02.822+0600][38.700s][info][gc,nmethod  ] GC(57) y: NMethods: 6259 registered, 1182 unregistered
[2026-04-03T03:24:02.822+0600][38.700s][info][gc,metaspace] GC(57) y: Metaspace: 70M used, 71M committed, 1088M reserved
[2026-04-03T03:24:02.822+0600][38.700s][info][gc,reloc    ] GC(57) y:                        Candidates     Selected     In-Place         Size        Empty    Relocated 
[2026-04-03T03:24:02.822+0600][38.700s][info][gc,reloc    ] GC(57) y: Small Pages:                   97           74            0         194M           2M          16M 
[2026-04-03T03:24:02.822+0600][38.700s][info][gc,reloc    ] GC(57) y: Medium Pages:                   5            4            0         160M           0M          21M 
[2026-04-03T03:24:02.822+0600][38.700s][info][gc,reloc    ] GC(57) y: Large Pages:                    6            0            0          38M          18M           0M 
[2026-04-03T03:24:02.822+0600][38.700s][info][gc,reloc    ] GC(57) y: Forwarding Usage: 19M
[2026-04-03T03:24:02.822+0600][38.700s][info][gc,reloc    ] GC(57) y: Age Table:
[2026-04-03T03:24:02.822+0600][38.700s][info][gc,reloc    ] GC(57) y:                    Live             Garbage             Small              Medium             Large        
[2026-04-03T03:24:02.822+0600][38.700s][info][gc,reloc    ] GC(57) y: Eden              30M (2%)          175M (14%)         81 / 70             1 / 0              2 / 0        
[2026-04-03T03:24:02.822+0600][38.700s][info][gc,reloc    ] GC(57) y: Survivor 1        36M (3%)          103M (8%)           9 / 3              3 / 3              4 / 0        
[2026-04-03T03:24:02.822+0600][38.700s][info][gc,reloc    ] GC(57) y: Survivor 2        15M (1%)           30M (2%)           7 / 1              1 / 1              0 / 0        
[2026-04-03T03:24:02.822+0600][38.700s][info][gc,heap     ] GC(57) y: Min Capacity: 8M(1%)
[2026-04-03T03:24:02.822+0600][38.700s][info][gc,heap     ] GC(57) y: Max Capacity: 1250M(100%)
[2026-04-03T03:24:02.822+0600][38.700s][info][gc,heap     ] GC(57) y: Soft Max Capacity: 1250M(100%)
[2026-04-03T03:24:02.822+0600][38.700s][info][gc,heap     ] GC(57) y: Heap Statistics:
[2026-04-03T03:24:02.822+0600][38.700s][info][gc,heap     ] GC(57) y:                Mark Start          Mark End        Relocate Start      Relocate End           High               Low         
[2026-04-03T03:24:02.822+0600][38.700s][info][gc,heap     ] GC(57) y:  Capacity:     1250M (100%)       1250M (100%)       1250M (100%)       1250M (100%)       1250M (100%)       1250M (100%)   
[2026-04-03T03:24:02.822+0600][38.700s][info][gc,heap     ] GC(57) y:      Free:      288M (23%)         296M (24%)         314M (25%)         518M (41%)         518M (41%)         250M (20%)    
[2026-04-03T03:24:02.822+0600][38.700s][info][gc,heap     ] GC(57) y:      Used:      962M (77%)         954M (76%)         936M (75%)         732M (59%)        1000M (80%)         732M (59%)    
[2026-04-03T03:24:02.822+0600][38.700s][info][gc,heap     ] GC(57) y: Young Generation Statistics:
[2026-04-03T03:24:02.822+0600][38.700s][info][gc,heap     ] GC(57) y:                Mark Start          Mark End        Relocate Start      Relocate End    
[2026-04-03T03:24:02.822+0600][38.700s][info][gc,heap     ] GC(57) y:      Used:      392M (31%)         436M (35%)         418M (33%)         214M (17%)    
[2026-04-03T03:24:02.822+0600][38.700s][info][gc,heap     ] GC(57) y:      Live:         -                82M (7%)           82M (7%)           82M (7%)     
[2026-04-03T03:24:02.822+0600][38.700s][info][gc,heap     ] GC(57) y:   Garbage:         -               309M (25%)         289M (23%)           1M (0%)     
[2026-04-03T03:24:02.823+0600][38.700s][info][gc,heap     ] GC(57) y: Allocated:         -                44M (4%)           46M (4%)          130M (10%)    
[2026-04-03T03:24:02.823+0600][38.700s][info][gc,heap     ] GC(57) y: Reclaimed:         -                  -                20M (2%)          308M (25%)    
[2026-04-03T03:24:02.823+0600][38.700s][info][gc,heap     ] GC(57) y:  Promoted:         -                  -                 0M (0%)            0M (0%)     
[2026-04-03T03:24:02.823+0600][38.700s][info][gc,heap     ] GC(57) y: Compacted:         -                  -                  -                41M (3%)     
[2026-04-03T03:24:02.823+0600][38.700s][info][gc,phases   ] GC(57) y: Young Generation 954M(76%)->732M(59%) 0.154s
[2026-04-03T03:24:02.823+0600][38.700s][info][gc          ] GC(57) Minor Collection (Allocation Rate) 954M(76%)->732M(59%) 0.154s
[2026-04-03T03:24:02.823+0600][38.701s][info][gc,task     ] GC(51) O: Using 3 Workers for Old Generation
[2026-04-03T03:24:02.844+0600][38.722s][info][gc,task     ] GC(51) O: Using 1 Workers for Old Generation
[2026-04-03T03:24:02.844+0600][38.722s][info][gc,phases   ] GC(51) O: Concurrent Remap Roots 21.582ms
[2026-04-03T03:24:02.854+0600][38.732s][info][gc,phases   ] GC(51) O: Pause Relocate Start 0.021ms
[2026-04-03T03:24:02.858+0600][38.735s][info][gc,phases   ] GC(51) O: Concurrent Relocate 3.239ms
[2026-04-03T03:24:02.858+0600][38.735s][info][gc,alloc    ] GC(51) O:                         Mark Start        Mark End      Relocate Start    Relocate End   
[2026-04-03T03:24:02.858+0600][38.735s][info][gc,alloc    ] GC(51) O: Allocation Stalls:          0                0                0                0         
[2026-04-03T03:24:02.858+0600][38.735s][info][gc,load     ] GC(51) O: Load: 4.15 (35%) / 4.62 (38%) / 5.21 (43%)
[2026-04-03T03:24:02.858+0600][38.735s][info][gc,mmu      ] GC(51) O: MMU: 2ms/89.7%, 5ms/95.9%, 10ms/97.9%, 20ms/98.8%, 50ms/99.4%, 100ms/99.7%
[2026-04-03T03:24:02.858+0600][38.735s][info][gc,marking  ] GC(51) O: Mark: 2 stripe(s), 2 proactive flush(es), 1 terminate flush(es), 0 completion(s), 0 continuation(s) 
[2026-04-03T03:24:02.858+0600][38.735s][info][gc,marking  ] GC(51) O: Mark Stack Usage: 32M
[2026-04-03T03:24:02.858+0600][38.736s][info][gc,nmethod  ] GC(51) O: NMethods: 6269 registered, 1182 unregistered
[2026-04-03T03:24:02.858+0600][38.736s][info][gc,metaspace] GC(51) O: Metaspace: 70M used, 71M committed, 1088M reserved
[2026-04-03T03:24:02.858+0600][38.736s][info][gc,ref      ] GC(51) O:                       Encountered   Discovered     Enqueued 
[2026-04-03T03:24:02.858+0600][38.736s][info][gc,ref      ] GC(51) O: Soft References:             5147            0            0 
[2026-04-03T03:24:02.858+0600][38.736s][info][gc,ref      ] GC(51) O: Weak References:             7155         5456          246 
[2026-04-03T03:24:02.858+0600][38.736s][info][gc,ref      ] GC(51) O: Final References:              86           66            0 
[2026-04-03T03:24:02.858+0600][38.736s][info][gc,ref      ] GC(51) O: Phantom References:           605          517            0 
[2026-04-03T03:24:02.858+0600][38.736s][info][gc,reloc    ] GC(51) O:                        Candidates     Selected     In-Place         Size        Empty    Relocated 
[2026-04-03T03:24:02.858+0600][38.736s][info][gc,reloc    ] GC(51) O: Small Pages:                  119           15            0         238M          22M           1M 
[2026-04-03T03:24:02.858+0600][38.736s][info][gc,reloc    ] GC(51) O: Medium Pages:                   1            0            0          32M           0M           0M 
[2026-04-03T03:24:02.858+0600][38.736s][info][gc,reloc    ] GC(51) O: Large Pages:                    3            0            0          30M          30M           0M 
[2026-04-03T03:24:02.858+0600][38.736s][info][gc,reloc    ] GC(51) O: Forwarding Usage: 0M
[2026-04-03T03:24:02.858+0600][38.736s][info][gc,heap     ] GC(51) O: Min Capacity: 8M(1%)
[2026-04-03T03:24:02.858+0600][38.736s][info][gc,heap     ] GC(51) O: Max Capacity: 1250M(100%)
[2026-04-03T03:24:02.858+0600][38.736s][info][gc,heap     ] GC(51) O: Soft Max Capacity: 1250M(100%)
[2026-04-03T03:24:02.858+0600][38.736s][info][gc,heap     ] GC(51) O: Heap Statistics:
[2026-04-03T03:24:02.858+0600][38.736s][info][gc,heap     ] GC(51) O:                Mark Start          Mark End        Relocate Start      Relocate End           High               Low         
[2026-04-03T03:24:02.858+0600][38.736s][info][gc,heap     ] GC(51) O:  Capacity:     1250M (100%)       1250M (100%)       1250M (100%)       1250M (100%)       1250M (100%)       1250M (100%)   
[2026-04-03T03:24:02.858+0600][38.736s][info][gc,heap     ] GC(51) O:      Free:      784M (63%)         250M (20%)         506M (40%)         534M (43%)         784M (63%)         148M (12%)    
[2026-04-03T03:24:02.858+0600][38.736s][info][gc,heap     ] GC(51) O:      Used:      466M (37%)        1000M (80%)         744M (60%)         716M (57%)        1102M (88%)         466M (37%)    
[2026-04-03T03:24:02.858+0600][38.736s][info][gc,heap     ] GC(51) O: Old Generation Statistics:
[2026-04-03T03:24:02.858+0600][38.736s][info][gc,heap     ] GC(51) O:                Mark Start          Mark End        Relocate Start      Relocate End    
[2026-04-03T03:24:02.858+0600][38.736s][info][gc,heap     ] GC(51) O:      Used:      300M (24%)         570M (46%)         518M (41%)         490M (39%)    
[2026-04-03T03:24:02.858+0600][38.736s][info][gc,heap     ] GC(51) O:      Live:         -               190M (15%)         190M (15%)         190M (15%)    
[2026-04-03T03:24:02.858+0600][38.736s][info][gc,heap     ] GC(51) O:   Garbage:         -               109M (9%)           57M (5%)           26M (2%)     
[2026-04-03T03:24:02.858+0600][38.736s][info][gc,heap     ] GC(51) O: Allocated:         -               270M (22%)         270M (22%)         272M (22%)    
[2026-04-03T03:24:02.858+0600][38.736s][info][gc,heap     ] GC(51) O: Reclaimed:         -                  -                52M (4%)           82M (7%)     
[2026-04-03T03:24:02.858+0600][38.736s][info][gc,heap     ] GC(51) O: Compacted:         -                  -                  -                 1M (0%)     
[2026-04-03T03:24:02.858+0600][38.736s][info][gc,phases   ] GC(51) O: Old Generation 540M(43%)->716M(57%) 0.984s
[2026-04-03T03:24:02.858+0600][38.736s][info][gc          ] GC(51) Major Collection (Allocation Rate) 466M(37%)->716M(57%) 1.377s
[2026-04-03T03:24:02.929+0600][38.807s][info][gc          ] GC(58) Major Collection (Allocation Rate)
[2026-04-03T03:24:02.929+0600][38.807s][info][gc,task     ] GC(58) Using 2 Workers for Young Generation
[2026-04-03T03:24:02.929+0600][38.807s][info][gc,task     ] GC(58) Using 1 Workers for Old Generation
[2026-04-03T03:24:02.929+0600][38.807s][info][gc,phases   ] GC(58) Y: Young Generation
[2026-04-03T03:24:02.929+0600][38.807s][info][gc,phases   ] GC(58) Y: Pause Mark Start (Major) 0.020ms
[2026-04-03T03:24:03.097+0600][38.975s][info][gc,task     ] Adjusting Workers for Young Generation: 2 -> 3
[2026-04-03T03:24:03.100+0600][38.978s][info][gc,phases   ] GC(58) Y: Concurrent Mark 170.834ms
[2026-04-03T03:24:03.100+0600][38.978s][info][gc,phases   ] GC(58) Y: Pause Mark End 0.021ms
[2026-04-03T03:24:03.100+0600][38.978s][info][gc,phases   ] GC(58) Y: Concurrent Mark Free 0.001ms
[2026-04-03T03:24:03.101+0600][38.978s][info][gc,phases   ] GC(58) Y: Concurrent Reset Relocation Set 0.016ms
[2026-04-03T03:24:03.105+0600][38.983s][info][gc,reloc    ] GC(58) Y: Using tenuring threshold: 1 (Computed)
[2026-04-03T03:24:03.120+0600][38.998s][info][gc,phases   ] GC(58) Y: Concurrent Select Relocation Set 19.505ms
[2026-04-03T03:24:03.120+0600][38.998s][info][gc,phases   ] GC(58) Y: Pause Relocate Start 0.022ms
[2026-04-03T03:24:03.151+0600][39.029s][info][gc,phases   ] GC(58) Y: Concurrent Relocate 31.015ms
[2026-04-03T03:24:03.151+0600][39.029s][info][gc,alloc    ] GC(58) Y:                         Mark Start        Mark End      Relocate Start    Relocate End   
[2026-04-03T03:24:03.151+0600][39.029s][info][gc,alloc    ] GC(58) Y: Allocation Stalls:          0                0                0                0         
[2026-04-03T03:24:03.152+0600][39.029s][info][gc,load     ] GC(58) Y: Load: 4.15 (35%) / 4.62 (38%) / 5.21 (43%)
[2026-04-03T03:24:03.152+0600][39.029s][info][gc,mmu      ] GC(58) Y: MMU: 2ms/89.7%, 5ms/95.9%, 10ms/97.9%, 20ms/98.8%, 50ms/99.4%, 100ms/99.7%
[2026-04-03T03:24:03.152+0600][39.029s][info][gc,marking  ] GC(58) Y: Mark: 2 stripe(s), 8 proactive flush(es), 1 terminate flush(es), 0 completion(s), 0 continuation(s) 
[2026-04-03T03:24:03.152+0600][39.029s][info][gc,marking  ] GC(58) Y: Mark Stack Usage: 32M
[2026-04-03T03:24:03.152+0600][39.029s][info][gc,nmethod  ] GC(58) Y: NMethods: 6327 registered, 1182 unregistered
[2026-04-03T03:24:03.152+0600][39.029s][info][gc,metaspace] GC(58) Y: Metaspace: 70M used, 71M committed, 1088M reserved
[2026-04-03T03:24:03.152+0600][39.029s][info][gc,reloc    ] GC(58) Y:                        Candidates     Selected     In-Place         Size        Empty    Relocated 
[2026-04-03T03:24:03.152+0600][39.029s][info][gc,reloc    ] GC(58) Y: Small Pages:                  101           14            0         202M         108M           1M 
[2026-04-03T03:24:03.152+0600][39.029s][info][gc,reloc    ] GC(58) Y: Medium Pages:                   3            1            0          96M          32M           4M 
[2026-04-03T03:24:03.152+0600][39.029s][info][gc,reloc    ] GC(58) Y: Large Pages:                    6            0            0          38M          20M           0M 
[2026-04-03T03:24:03.152+0600][39.029s][info][gc,reloc    ] GC(58) Y: Forwarding Usage: 1M
[2026-04-03T03:24:03.152+0600][39.029s][info][gc,reloc    ] GC(58) Y: Age Table:
[2026-04-03T03:24:03.152+0600][39.029s][info][gc,reloc    ] GC(58) Y:                    Live             Garbage             Small              Medium             Large        
[2026-04-03T03:24:03.152+0600][39.029s][info][gc,reloc    ] GC(58) Y: Eden              41M (3%)          130M (10%)         77 / 10             0 / 0              3 / 0        
[2026-04-03T03:24:03.152+0600][39.029s][info][gc,reloc    ] GC(58) Y: Survivor 1        18M (1%)           47M (4%)          11 / 2              1 / 0              2 / 0        
[2026-04-03T03:24:03.152+0600][39.029s][info][gc,reloc    ] GC(58) Y: Survivor 2        15M (1%)           38M (3%)           7 / 1              1 / 0              1 / 0        
[2026-04-03T03:24:03.152+0600][39.029s][info][gc,reloc    ] GC(58) Y: Survivor 3        15M (1%)           28M (2%)           6 / 1              1 / 1              0 / 0        
[2026-04-03T03:24:03.152+0600][39.029s][info][gc,heap     ] GC(58) Y: Min Capacity: 8M(1%)
[2026-04-03T03:24:03.152+0600][39.029s][info][gc,heap     ] GC(58) Y: Max Capacity: 1250M(100%)
[2026-04-03T03:24:03.152+0600][39.029s][info][gc,heap     ] GC(58) Y: Soft Max Capacity: 1250M(100%)
[2026-04-03T03:24:03.152+0600][39.029s][info][gc,heap     ] GC(58) Y: Heap Statistics:
[2026-04-03T03:24:03.152+0600][39.029s][info][gc,heap     ] GC(58) Y:                Mark Start          Mark End        Relocate Start      Relocate End           High               Low         
[2026-04-03T03:24:03.152+0600][39.029s][info][gc,heap     ] GC(58) Y:  Capacity:     1250M (100%)       1250M (100%)       1250M (100%)       1250M (100%)       1250M (100%)       1250M (100%)   
[2026-04-03T03:24:03.152+0600][39.029s][info][gc,heap     ] GC(58) Y:      Free:      424M (34%)         170M (14%)         286M (23%)         308M (25%)         424M (34%)         158M (13%)    
[2026-04-03T03:24:03.152+0600][39.029s][info][gc,heap     ] GC(58) Y:      Used:      826M (66%)        1080M (86%)         964M (77%)         942M (75%)        1092M (87%)         826M (66%)    
[2026-04-03T03:24:03.152+0600][39.029s][info][gc,heap     ] GC(58) Y: Young Generation Statistics:
[2026-04-03T03:24:03.152+0600][39.029s][info][gc,heap     ] GC(58) Y:                Mark Start          Mark End        Relocate Start      Relocate End    
[2026-04-03T03:24:03.152+0600][39.029s][info][gc,heap     ] GC(58) Y:      Used:      336M (27%)         590M (47%)         434M (35%)         378M (30%)    
[2026-04-03T03:24:03.152+0600][39.029s][info][gc,heap     ] GC(58) Y:      Live:         -                89M (7%)           51M (4%)           41M (3%)     
[2026-04-03T03:24:03.152+0600][39.029s][info][gc,heap     ] GC(58) Y:   Garbage:         -               246M (20%)          84M (7%)            1M (0%)     
[2026-04-03T03:24:03.152+0600][39.029s][info][gc,heap     ] GC(58) Y: Allocated:         -               254M (20%)         298M (24%)         335M (27%)    
[2026-04-03T03:24:03.152+0600][39.030s][info][gc,heap     ] GC(58) Y: Reclaimed:         -                  -               161M (13%)         244M (20%)    
[2026-04-03T03:24:03.152+0600][39.030s][info][gc,heap     ] GC(58) Y:  Promoted:         -                  -                38M (3%)           48M (4%)     
[2026-04-03T03:24:03.152+0600][39.030s][info][gc,heap     ] GC(58) Y: Compacted:         -                  -                  -                 0M (0%)     
[2026-04-03T03:24:03.152+0600][39.030s][info][gc,phases   ] GC(58) Y: Young Generation 826M(66%)->942M(75%) 0.222s
[2026-04-03T03:24:03.152+0600][39.030s][info][gc,phases   ] GC(58) O: Old Generation
[2026-04-03T03:24:03.161+0600][39.039s][info][gc          ] GC(59) Minor Collection (Allocation Rate)
[2026-04-03T03:24:03.161+0600][39.039s][info][gc,task     ] GC(59) Using 2 Workers for Young Generation
[2026-04-03T03:24:03.161+0600][39.039s][info][gc,phases   ] GC(59) y: Young Generation
[2026-04-03T03:24:03.161+0600][39.039s][info][gc,phases   ] GC(59) y: Pause Mark Start 0.017ms
[2026-04-03T03:24:03.262+0600][39.140s][info][gc,phases   ] GC(59) y: Concurrent Mark 100.861ms
[2026-04-03T03:24:03.263+0600][39.140s][info][gc,phases   ] GC(59) y: Pause Mark End 0.022ms
[2026-04-03T03:24:03.263+0600][39.141s][info][gc,phases   ] GC(59) y: Concurrent Mark Free 0.001ms
[2026-04-03T03:24:03.263+0600][39.141s][info][gc,phases   ] GC(59) y: Concurrent Reset Relocation Set 0.051ms
[2026-04-03T03:24:03.268+0600][39.145s][info][gc,reloc    ] GC(59) y: Using tenuring threshold: 2 (Computed)
[2026-04-03T03:24:03.269+0600][39.146s][info][gc,phases   ] GC(59) y: Concurrent Select Relocation Set 5.745ms
[2026-04-03T03:24:03.269+0600][39.147s][info][gc,phases   ] GC(59) y: Pause Relocate Start 0.015ms
[2026-04-03T03:24:03.273+0600][39.151s][info][gc,phases   ] GC(59) y: Concurrent Relocate 4.068ms
[2026-04-03T03:24:03.273+0600][39.151s][info][gc,alloc    ] GC(59) y:                         Mark Start        Mark End      Relocate Start    Relocate End   
[2026-04-03T03:24:03.273+0600][39.151s][info][gc,alloc    ] GC(59) y: Allocation Stalls:          0                0                0                0         
[2026-04-03T03:24:03.273+0600][39.151s][info][gc,load     ] GC(59) y: Load: 4.15 (35%) / 4.62 (38%) / 5.21 (43%)
[2026-04-03T03:24:03.273+0600][39.151s][info][gc,mmu      ] GC(59) y: MMU: 2ms/89.7%, 5ms/95.9%, 10ms/97.9%, 20ms/98.8%, 50ms/99.4%, 100ms/99.7%
[2026-04-03T03:24:03.273+0600][39.151s][info][gc,marking  ] GC(59) y: Mark: 2 stripe(s), 4 proactive flush(es), 1 terminate flush(es), 0 completion(s), 0 continuation(s) 
[2026-04-03T03:24:03.273+0600][39.151s][info][gc,marking  ] GC(59) y: Mark Stack Usage: 32M
[2026-04-03T03:24:03.273+0600][39.151s][info][gc,nmethod  ] GC(59) y: NMethods: 6413 registered, 1182 unregistered
[2026-04-03T03:24:03.273+0600][39.151s][info][gc,metaspace] GC(59) y: Metaspace: 70M used, 71M committed, 1088M reserved
[2026-04-03T03:24:03.273+0600][39.151s][info][gc,reloc    ] GC(59) y:                        Candidates     Selected     In-Place         Size        Empty    Relocated 
[2026-04-03T03:24:03.273+0600][39.151s][info][gc,reloc    ] GC(59) y: Small Pages:                  181            5            0         362M         300M           2M 
[2026-04-03T03:24:03.273+0600][39.151s][info][gc,reloc    ] GC(59) y: Medium Pages:                   0            0            0           0M           0M           0M 
[2026-04-03T03:24:03.273+0600][39.151s][info][gc,reloc    ] GC(59) y: Large Pages:                    4            0            0          24M           6M           0M 
[2026-04-03T03:24:03.273+0600][39.151s][info][gc,reloc    ] GC(59) y: Forwarding Usage: 2M
[2026-04-03T03:24:03.273+0600][39.151s][info][gc,reloc    ] GC(59) y: Age Table:
[2026-04-03T03:24:03.273+0600][39.151s][info][gc,reloc    ] GC(59) y:                    Live             Garbage             Small              Medium             Large        
[2026-04-03T03:24:03.273+0600][39.151s][info][gc,reloc    ] GC(59) y: Eden              33M (3%)          304M (24%)        166 / 1              0 / 0              1 / 0        
[2026-04-03T03:24:03.273+0600][39.151s][info][gc,reloc    ] GC(59) y: Survivor 1        35M (3%)           12M (1%)          15 / 4              0 / 0              3 / 0        
[2026-04-03T03:24:03.273+0600][39.151s][info][gc,heap     ] GC(59) y: Min Capacity: 8M(1%)
[2026-04-03T03:24:03.273+0600][39.151s][info][gc,heap     ] GC(59) y: Max Capacity: 1250M(100%)
[2026-04-03T03:24:03.273+0600][39.151s][info][gc,heap     ] GC(59) y: Soft Max Capacity: 1250M(100%)
[2026-04-03T03:24:03.273+0600][39.151s][info][gc,heap     ] GC(59) y: Heap Statistics:
[2026-04-03T03:24:03.273+0600][39.151s][info][gc,heap     ] GC(59) y:                Mark Start          Mark End        Relocate Start      Relocate End           High               Low         
[2026-04-03T03:24:03.273+0600][39.151s][info][gc,heap     ] GC(59) y:  Capacity:     1250M (100%)       1250M (100%)       1250M (100%)       1250M (100%)       1250M (100%)       1250M (100%)   
[2026-04-03T03:24:03.273+0600][39.151s][info][gc,heap     ] GC(59) y:      Free:      300M (24%)         212M (17%)         498M (40%)         496M (40%)         504M (40%)         212M (17%)    
[2026-04-03T03:24:03.273+0600][39.151s][info][gc,heap     ] GC(59) y:      Used:      950M (76%)        1038M (83%)         752M (60%)         754M (60%)        1038M (83%)         746M (60%)    
[2026-04-03T03:24:03.273+0600][39.151s][info][gc,heap     ] GC(59) y: Young Generation Statistics:
[2026-04-03T03:24:03.273+0600][39.151s][info][gc,heap     ] GC(59) y:                Mark Start          Mark End        Relocate Start      Relocate End    
[2026-04-03T03:24:03.274+0600][39.151s][info][gc,heap     ] GC(59) y:      Used:      386M (31%)         474M (38%)         188M (15%)         190M (15%)    
[2026-04-03T03:24:03.274+0600][39.151s][info][gc,heap     ] GC(59) y:      Live:         -                68M (5%)           68M (5%)           68M (5%)     
[2026-04-03T03:24:03.274+0600][39.151s][info][gc,heap     ] GC(59) y:   Garbage:         -               317M (25%)          11M (1%)            0M (0%)     
[2026-04-03T03:24:03.274+0600][39.151s][info][gc,heap     ] GC(59) y: Allocated:         -                88M (7%)          108M (9%)          120M (10%)    
[2026-04-03T03:24:03.274+0600][39.151s][info][gc,heap     ] GC(59) y: Reclaimed:         -                  -               306M (24%)         316M (25%)    
[2026-04-03T03:24:03.274+0600][39.151s][info][gc,heap     ] GC(59) y:  Promoted:         -                  -                 0M (0%)            0M (0%)     
[2026-04-03T03:24:03.274+0600][39.151s][info][gc,heap     ] GC(59) y: Compacted:         -                  -                  -                 3M (0%)     
[2026-04-03T03:24:03.274+0600][39.151s][info][gc,phases   ] GC(59) y: Young Generation 950M(76%)->754M(60%) 0.112s
[2026-04-03T03:24:03.274+0600][39.151s][info][gc          ] GC(59) Minor Collection (Allocation Rate) 950M(76%)->756M(60%) 0.112s
[2026-04-03T03:24:03.274+0600][39.152s][info][gc          ] GC(60) Minor Collection (Allocation Rate)
[2026-04-03T03:24:03.274+0600][39.152s][info][gc,task     ] GC(60) Using 2 Workers for Young Generation
[2026-04-03T03:24:03.274+0600][39.152s][info][gc,phases   ] GC(60) y: Young Generation
[2026-04-03T03:24:03.274+0600][39.152s][info][gc,phases   ] GC(60) y: Pause Mark Start 0.019ms
[2026-04-03T03:24:03.384+0600][39.262s][info][gc,phases   ] GC(60) y: Concurrent Mark 109.686ms
[2026-04-03T03:24:03.384+0600][39.262s][info][gc,phases   ] GC(60) y: Pause Mark End 0.020ms
[2026-04-03T03:24:03.384+0600][39.262s][info][gc,phases   ] GC(60) y: Concurrent Mark Free 0.006ms
[2026-04-03T03:24:03.384+0600][39.262s][info][gc,phases   ] GC(60) y: Concurrent Reset Relocation Set 0.003ms
[2026-04-03T03:24:03.388+0600][39.266s][info][gc,reloc    ] GC(60) y: Using tenuring threshold: 1 (Computed)
[2026-04-03T03:24:03.413+0600][39.291s][info][gc,phases   ] GC(60) y: Concurrent Select Relocation Set 28.673ms
[2026-04-03T03:24:03.413+0600][39.291s][info][gc,phases   ] GC(60) y: Pause Relocate Start 0.020ms
[2026-04-03T03:24:03.453+0600][39.331s][info][gc,phases   ] GC(60) y: Concurrent Relocate 39.586ms
[2026-04-03T03:24:03.453+0600][39.331s][info][gc,alloc    ] GC(60) y:                         Mark Start        Mark End      Relocate Start    Relocate End   
[2026-04-03T03:24:03.453+0600][39.331s][info][gc,alloc    ] GC(60) y: Allocation Stalls:          0                0                0                0         
[2026-04-03T03:24:03.453+0600][39.331s][info][gc,load     ] GC(60) y: Load: 4.15 (35%) / 4.62 (38%) / 5.21 (43%)
[2026-04-03T03:24:03.453+0600][39.331s][info][gc,mmu      ] GC(60) y: MMU: 2ms/89.7%, 5ms/95.9%, 10ms/97.9%, 20ms/98.8%, 50ms/99.4%, 100ms/99.7%
[2026-04-03T03:24:03.453+0600][39.331s][info][gc,marking  ] GC(60) y: Mark: 2 stripe(s), 10 proactive flush(es), 1 terminate flush(es), 0 completion(s), 0 continuation(s) 
[2026-04-03T03:24:03.453+0600][39.331s][info][gc,marking  ] GC(60) y: Mark Stack Usage: 32M
[2026-04-03T03:24:03.453+0600][39.331s][info][gc,nmethod  ] GC(60) y: NMethods: 6413 registered, 1182 unregistered
[2026-04-03T03:24:03.453+0600][39.331s][info][gc,metaspace] GC(60) y: Metaspace: 70M used, 71M committed, 1088M reserved
[2026-04-03T03:24:03.453+0600][39.331s][info][gc,reloc    ] GC(60) y:                        Candidates     Selected     In-Place         Size        Empty    Relocated 
[2026-04-03T03:24:03.453+0600][39.331s][info][gc,reloc    ] GC(60) y: Small Pages:                   87            6            0         174M          86M           1M 
[2026-04-03T03:24:03.453+0600][39.331s][info][gc,reloc    ] GC(60) y: Medium Pages:                   0            0            0           0M           0M           0M 
[2026-04-03T03:24:03.453+0600][39.331s][info][gc,reloc    ] GC(60) y: Large Pages:                    3            0            0          18M           6M           0M 
[2026-04-03T03:24:03.453+0600][39.331s][info][gc,reloc    ] GC(60) y: Forwarding Usage: 1M
[2026-04-03T03:24:03.453+0600][39.331s][info][gc,reloc    ] GC(60) y: Age Table:
[2026-04-03T03:24:03.453+0600][39.331s][info][gc,reloc    ] GC(60) y:                    Live             Garbage             Small              Medium             Large        
[2026-04-03T03:24:03.453+0600][39.331s][info][gc,reloc    ] GC(60) y: Eden              22M (2%)           95M (8%)          59 / 3              0 / 0              0 / 0        
[2026-04-03T03:24:03.453+0600][39.331s][info][gc,reloc    ] GC(60) y: Survivor 1        27M (2%)            8M (1%)          15 / 2              0 / 0              1 / 0        
[2026-04-03T03:24:03.453+0600][39.331s][info][gc,reloc    ] GC(60) y: Survivor 2        35M (3%)            2M (0%)          13 / 1              0 / 0              2 / 0        
[2026-04-03T03:24:03.453+0600][39.331s][info][gc,heap     ] GC(60) y: Min Capacity: 8M(1%)
[2026-04-03T03:24:03.453+0600][39.331s][info][gc,heap     ] GC(60) y: Max Capacity: 1250M(100%)
[2026-04-03T03:24:03.453+0600][39.331s][info][gc,heap     ] GC(60) y: Soft Max Capacity: 1250M(100%)
[2026-04-03T03:24:03.453+0600][39.331s][info][gc,heap     ] GC(60) y: Heap Statistics:
[2026-04-03T03:24:03.453+0600][39.331s][info][gc,heap     ] GC(60) y:                Mark Start          Mark End        Relocate Start      Relocate End           High               Low         
[2026-04-03T03:24:03.453+0600][39.331s][info][gc,heap     ] GC(60) y:  Capacity:     1250M (100%)       1250M (100%)       1250M (100%)       1250M (100%)       1250M (100%)       1250M (100%)   
[2026-04-03T03:24:03.453+0600][39.331s][info][gc,heap     ] GC(60) y:      Free:      494M (40%)         396M (32%)         488M (39%)         494M (40%)         494M (40%)         396M (32%)    
[2026-04-03T03:24:03.453+0600][39.331s][info][gc,heap     ] GC(60) y:      Used:      756M (60%)         854M (68%)         762M (61%)         756M (60%)         854M (68%)         756M (60%)    
[2026-04-03T03:24:03.453+0600][39.331s][info][gc,heap     ] GC(60) y: Young Generation Statistics:
[2026-04-03T03:24:03.453+0600][39.331s][info][gc,heap     ] GC(60) y:                Mark Start          Mark End        Relocate Start      Relocate End    
[2026-04-03T03:24:03.453+0600][39.331s][info][gc,heap     ] GC(60) y:      Used:      192M (15%)         290M (23%)         136M (11%)         126M (10%)    
[2026-04-03T03:24:03.453+0600][39.331s][info][gc,heap     ] GC(60) y:      Live:         -                85M (7%)           24M (2%)           22M (2%)     
[2026-04-03T03:24:03.453+0600][39.331s][info][gc,heap     ] GC(60) y:   Garbage:         -               106M (9%)           13M (1%)            1M (0%)     
[2026-04-03T03:24:03.453+0600][39.331s][info][gc,heap     ] GC(60) y: Allocated:         -                98M (8%)           98M (8%)          101M (8%)     
[2026-04-03T03:24:03.453+0600][39.331s][info][gc,heap     ] GC(60) y: Reclaimed:         -                  -                93M (7%)          105M (8%)     
[2026-04-03T03:24:03.453+0600][39.331s][info][gc,heap     ] GC(60) y:  Promoted:         -                  -                60M (5%)           62M (5%)     
[2026-04-03T03:24:03.453+0600][39.331s][info][gc,heap     ] GC(60) y: Compacted:         -                  -                  -                 0M (0%)     
[2026-04-03T03:24:03.453+0600][39.331s][info][gc,phases   ] GC(60) y: Young Generation 756M(60%)->756M(60%) 0.179s
[2026-04-03T03:24:03.453+0600][39.331s][info][gc          ] GC(60) Minor Collection (Allocation Rate) 756M(60%)->756M(60%) 0.180s
[2026-04-03T03:24:03.454+0600][39.331s][info][gc          ] GC(61) Minor Collection (Allocation Rate)
[2026-04-03T03:24:03.454+0600][39.332s][info][gc,task     ] GC(61) Using 2 Workers for Young Generation
[2026-04-03T03:24:03.454+0600][39.332s][info][gc,phases   ] GC(61) y: Young Generation
[2026-04-03T03:24:03.454+0600][39.332s][info][gc,phases   ] GC(61) y: Pause Mark Start 0.024ms
[2026-04-03T03:24:03.463+0600][39.341s][info][gc,phases   ] GC(61) y: Concurrent Mark 9.073ms
[2026-04-03T03:24:03.463+0600][39.341s][info][gc,phases   ] GC(61) y: Pause Mark End 0.019ms
[2026-04-03T03:24:03.464+0600][39.341s][info][gc,phases   ] GC(61) y: Concurrent Mark Free 0.001ms
[2026-04-03T03:24:03.464+0600][39.341s][info][gc,phases   ] GC(61) y: Concurrent Reset Relocation Set 0.048ms
[2026-04-03T03:24:03.468+0600][39.345s][info][gc,reloc    ] GC(61) y: Using tenuring threshold: 2 (Computed)
[2026-04-03T03:24:03.468+0600][39.346s][info][gc,phases   ] GC(61) y: Concurrent Select Relocation Set 4.569ms
[2026-04-03T03:24:03.468+0600][39.346s][info][gc,phases   ] GC(61) y: Pause Relocate Start 0.012ms
[2026-04-03T03:24:03.469+0600][39.346s][info][gc,phases   ] GC(61) y: Concurrent Relocate 0.218ms
[2026-04-03T03:24:03.469+0600][39.346s][info][gc,alloc    ] GC(61) y:                         Mark Start        Mark End      Relocate Start    Relocate End   
[2026-04-03T03:24:03.469+0600][39.346s][info][gc,alloc    ] GC(61) y: Allocation Stalls:          0                0                0                0         
[2026-04-03T03:24:03.469+0600][39.346s][info][gc,load     ] GC(61) y: Load: 4.15 (35%) / 4.62 (38%) / 5.21 (43%)
[2026-04-03T03:24:03.469+0600][39.346s][info][gc,mmu      ] GC(61) y: MMU: 2ms/89.7%, 5ms/95.9%, 10ms/97.9%, 20ms/98.8%, 50ms/99.4%, 100ms/99.7%
[2026-04-03T03:24:03.469+0600][39.346s][info][gc,marking  ] GC(61) y: Mark: 2 stripe(s), 1 proactive flush(es), 1 terminate flush(es), 0 completion(s), 0 continuation(s) 
[2026-04-03T03:24:03.469+0600][39.346s][info][gc,marking  ] GC(61) y: Mark Stack Usage: 32M
[2026-04-03T03:24:03.469+0600][39.346s][info][gc,nmethod  ] GC(61) y: NMethods: 6413 registered, 1182 unregistered
[2026-04-03T03:24:03.469+0600][39.346s][info][gc,metaspace] GC(61) y: Metaspace: 70M used, 71M committed, 1088M reserved
[2026-04-03T03:24:03.469+0600][39.346s][info][gc,reloc    ] GC(61) y:                        Candidates     Selected     In-Place         Size        Empty    Relocated 
[2026-04-03T03:24:03.469+0600][39.346s][info][gc,reloc    ] GC(61) y: Small Pages:                   63            3            0         126M         118M           0M 
[2026-04-03T03:24:03.469+0600][39.346s][info][gc,reloc    ] GC(61) y: Medium Pages:                   0            0            0           0M           0M           0M 
[2026-04-03T03:24:03.469+0600][39.346s][info][gc,reloc    ] GC(61) y: Large Pages:                    0            0            0           0M           0M           0M 
[2026-04-03T03:24:03.469+0600][39.346s][info][gc,reloc    ] GC(61) y: Forwarding Usage: 0M
[2026-04-03T03:24:03.469+0600][39.346s][info][gc,reloc    ] GC(61) y: Age Table:
[2026-04-03T03:24:03.469+0600][39.346s][info][gc,reloc    ] GC(61) y:                    Live             Garbage             Small              Medium             Large        
[2026-04-03T03:24:03.469+0600][39.346s][info][gc,reloc    ] GC(61) y: Eden               0M (0%)           97M (8%)          49 / 1              0 / 0              0 / 0        
[2026-04-03T03:24:03.469+0600][39.347s][info][gc,reloc    ] GC(61) y: Survivor 1         0M (0%)           27M (2%)          14 / 2              0 / 0              0 / 0        
[2026-04-03T03:24:03.469+0600][39.347s][info][gc,heap     ] GC(61) y: Min Capacity: 8M(1%)
[2026-04-03T03:24:03.469+0600][39.347s][info][gc,heap     ] GC(61) y: Max Capacity: 1250M(100%)
[2026-04-03T03:24:03.469+0600][39.347s][info][gc,heap     ] GC(61) y: Soft Max Capacity: 1250M(100%)
[2026-04-03T03:24:03.469+0600][39.347s][info][gc,heap     ] GC(61) y: Heap Statistics:
[2026-04-03T03:24:03.469+0600][39.347s][info][gc,heap     ] GC(61) y:                Mark Start          Mark End        Relocate Start      Relocate End           High               Low         
[2026-04-03T03:24:03.469+0600][39.347s][info][gc,heap     ] GC(61) y:  Capacity:     1250M (100%)       1250M (100%)       1250M (100%)       1250M (100%)       1250M (100%)       1250M (100%)   
[2026-04-03T03:24:03.469+0600][39.347s][info][gc,heap     ] GC(61) y:      Free:      494M (40%)         494M (40%)         612M (49%)         616M (49%)         616M (49%)         494M (40%)    
[2026-04-03T03:24:03.469+0600][39.347s][info][gc,heap     ] GC(61) y:      Used:      756M (60%)         756M (60%)         638M (51%)         634M (51%)         756M (60%)         634M (51%)    
[2026-04-03T03:24:03.469+0600][39.347s][info][gc,heap     ] GC(61) y: Young Generation Statistics:
[2026-04-03T03:24:03.469+0600][39.347s][info][gc,heap     ] GC(61) y:                Mark Start          Mark End        Relocate Start      Relocate End    
[2026-04-03T03:24:03.469+0600][39.347s][info][gc,heap     ] GC(61) y:      Used:      126M (10%)         126M (10%)           8M (1%)            4M (0%)     
[2026-04-03T03:24:03.469+0600][39.347s][info][gc,heap     ] GC(61) y:      Live:         -                 0M (0%)            0M (0%)            0M (0%)     
[2026-04-03T03:24:03.469+0600][39.347s][info][gc,heap     ] GC(61) y:   Garbage:         -               125M (10%)           7M (1%)            0M (0%)     
[2026-04-03T03:24:03.469+0600][39.347s][info][gc,heap     ] GC(61) y: Allocated:         -                 0M (0%)            0M (0%)            3M (0%)     
[2026-04-03T03:24:03.469+0600][39.347s][info][gc,heap     ] GC(61) y: Reclaimed:         -                  -               118M (9%)          125M (10%)    
[2026-04-03T03:24:03.469+0600][39.347s][info][gc,heap     ] GC(61) y:  Promoted:         -                  -                 0M (0%)            0M (0%)     
[2026-04-03T03:24:03.469+0600][39.347s][info][gc,heap     ] GC(61) y: Compacted:         -                  -                  -                 0M (0%)     
[2026-04-03T03:24:03.469+0600][39.347s][info][gc,phases   ] GC(61) y: Young Generation 756M(60%)->634M(51%) 0.015s
[2026-04-03T03:24:03.469+0600][39.347s][info][gc          ] GC(61) Minor Collection (Allocation Rate) 756M(60%)->634M(51%) 0.015s
[2026-04-03T03:24:03.693+0600][39.571s][info][gc,phases   ] GC(58) O: Concurrent Mark 541.185ms
[2026-04-03T03:24:03.693+0600][39.571s][info][gc,phases   ] GC(58) O: Pause Mark End 0.019ms
[2026-04-03T03:24:03.693+0600][39.571s][info][gc,phases   ] GC(58) O: Concurrent Mark Free 0.001ms
[2026-04-03T03:24:03.709+0600][39.587s][info][gc,phases   ] GC(58) O: Concurrent Process Non-Strong 16.128ms
[2026-04-03T03:24:03.709+0600][39.587s][info][gc,phases   ] GC(58) O: Concurrent Reset Relocation Set 0.002ms
[2026-04-03T03:24:03.715+0600][39.592s][info][gc,phases   ] GC(58) O: Concurrent Select Relocation Set 5.097ms
[2026-04-03T03:24:03.715+0600][39.592s][info][gc,task     ] GC(58) O: Using 3 Workers for Old Generation
[2026-04-03T03:24:03.731+0600][39.609s][info][gc,task     ] GC(58) O: Using 1 Workers for Old Generation
[2026-04-03T03:24:03.731+0600][39.609s][info][gc,phases   ] GC(58) O: Concurrent Remap Roots 16.299ms
[2026-04-03T03:24:03.731+0600][39.609s][info][gc,phases   ] GC(58) O: Pause Relocate Start 0.023ms
[2026-04-03T03:24:03.739+0600][39.616s][info][gc,phases   ] GC(58) O: Concurrent Relocate 7.143ms
[2026-04-03T03:24:03.739+0600][39.616s][info][gc,alloc    ] GC(58) O:                         Mark Start        Mark End      Relocate Start    Relocate End   
[2026-04-03T03:24:03.739+0600][39.616s][info][gc,alloc    ] GC(58) O: Allocation Stalls:          0                0                0                0         
[2026-04-03T03:24:03.739+0600][39.616s][info][gc,load     ] GC(58) O: Load: 4.15 (35%) / 4.62 (38%) / 5.21 (43%)
[2026-04-03T03:24:03.739+0600][39.616s][info][gc,mmu      ] GC(58) O: MMU: 2ms/89.7%, 5ms/95.9%, 10ms/97.9%, 20ms/98.8%, 50ms/99.4%, 100ms/99.7%
[2026-04-03T03:24:03.739+0600][39.616s][info][gc,marking  ] GC(58) O: Mark: 1 stripe(s), 2 proactive flush(es), 1 terminate flush(es), 0 completion(s), 0 continuation(s) 
[2026-04-03T03:24:03.739+0600][39.616s][info][gc,marking  ] GC(58) O: Mark Stack Usage: 32M
[2026-04-03T03:24:03.739+0600][39.616s][info][gc,nmethod  ] GC(58) O: NMethods: 6368 registered, 1247 unregistered
[2026-04-03T03:24:03.739+0600][39.616s][info][gc,metaspace] GC(58) O: Metaspace: 70M used, 71M committed, 1088M reserved
[2026-04-03T03:24:03.739+0600][39.616s][info][gc,ref      ] GC(58) O:                       Encountered   Discovered     Enqueued 
[2026-04-03T03:24:03.739+0600][39.616s][info][gc,ref      ] GC(58) O: Soft References:             5100            0            0 
[2026-04-03T03:24:03.739+0600][39.616s][info][gc,ref      ] GC(58) O: Weak References:             6784         5196          273 
[2026-04-03T03:24:03.739+0600][39.616s][info][gc,ref      ] GC(58) O: Final References:              84           14            0 
[2026-04-03T03:24:03.739+0600][39.616s][info][gc,ref      ] GC(58) O: Phantom References:           600          535            0 
[2026-04-03T03:24:03.739+0600][39.616s][info][gc,reloc    ] GC(58) O:                        Candidates     Selected     In-Place         Size        Empty    Relocated 
[2026-04-03T03:24:03.739+0600][39.616s][info][gc,reloc    ] GC(58) O: Small Pages:                  131           12            0         262M          72M           2M 
[2026-04-03T03:24:03.739+0600][39.616s][info][gc,reloc    ] GC(58) O: Medium Pages:                   6            0            0         192M         160M           0M 
[2026-04-03T03:24:03.739+0600][39.616s][info][gc,reloc    ] GC(58) O: Large Pages:                    6            0            0          36M          36M           0M 
[2026-04-03T03:24:03.739+0600][39.616s][info][gc,reloc    ] GC(58) O: Forwarding Usage: 1M
[2026-04-03T03:24:03.739+0600][39.617s][info][gc,heap     ] GC(58) O: Min Capacity: 8M(1%)
[2026-04-03T03:24:03.739+0600][39.617s][info][gc,heap     ] GC(58) O: Max Capacity: 1250M(100%)
[2026-04-03T03:24:03.739+0600][39.617s][info][gc,heap     ] GC(58) O: Soft Max Capacity: 1250M(100%)
[2026-04-03T03:24:03.739+0600][39.617s][info][gc,heap     ] GC(58) O: Heap Statistics:
[2026-04-03T03:24:03.739+0600][39.617s][info][gc,heap     ] GC(58) O:                Mark Start          Mark End        Relocate Start      Relocate End           High               Low         
[2026-04-03T03:24:03.739+0600][39.617s][info][gc,heap     ] GC(58) O:  Capacity:     1250M (100%)       1250M (100%)       1250M (100%)       1250M (100%)       1250M (100%)       1250M (100%)   
[2026-04-03T03:24:03.739+0600][39.617s][info][gc,heap     ] GC(58) O:      Free:      424M (34%)         612M (49%)         866M (69%)         890M (71%)         890M (71%)         158M (13%)    
[2026-04-03T03:24:03.739+0600][39.617s][info][gc,heap     ] GC(58) O:      Used:      826M (66%)         638M (51%)         384M (31%)         360M (29%)        1092M (87%)         360M (29%)    
[2026-04-03T03:24:03.739+0600][39.617s][info][gc,heap     ] GC(58) O: Old Generation Statistics:
[2026-04-03T03:24:03.739+0600][39.617s][info][gc,heap     ] GC(58) O:                Mark Start          Mark End        Relocate Start      Relocate End    
[2026-04-03T03:24:03.739+0600][39.617s][info][gc,heap     ] GC(58) O:      Used:      490M (39%)         630M (50%)         362M (29%)         338M (27%)    
[2026-04-03T03:24:03.739+0600][39.617s][info][gc,heap     ] GC(58) O:      Live:         -               172M (14%)         172M (14%)         172M (14%)    
[2026-04-03T03:24:03.739+0600][39.617s][info][gc,heap     ] GC(58) O:   Garbage:         -               317M (25%)          49M (4%)           25M (2%)     
[2026-04-03T03:24:03.739+0600][39.617s][info][gc,heap     ] GC(58) O: Allocated:         -               140M (11%)         140M (11%)         140M (11%)    
[2026-04-03T03:24:03.739+0600][39.617s][info][gc,heap     ] GC(58) O: Reclaimed:         -                  -               268M (21%)         292M (23%)    
[2026-04-03T03:24:03.739+0600][39.617s][info][gc,heap     ] GC(58) O: Compacted:         -                  -                  -                 3M (0%)     
[2026-04-03T03:24:03.739+0600][39.617s][info][gc,phases   ] GC(58) O: Old Generation 942M(75%)->360M(29%) 0.587s
[2026-04-03T03:24:03.739+0600][39.617s][info][gc          ] GC(58) Major Collection (Allocation Rate) 826M(66%)->360M(29%) 0.810s
[2026-04-03T03:24:03.739+0600][39.617s][info][gc          ] GC(62) Major Collection (System.gc())
[2026-04-03T03:24:03.739+0600][39.617s][info][gc,task     ] GC(62) Using 3 Workers for Young Generation
[2026-04-03T03:24:03.739+0600][39.617s][info][gc,task     ] GC(62) Using 3 Workers for Old Generation
[2026-04-03T03:24:03.739+0600][39.617s][info][gc,phases   ] GC(62) Y: Young Generation (Promote All)
[2026-04-03T03:24:03.739+0600][39.617s][info][gc,phases   ] GC(62) Y: Pause Mark Start 0.017ms
[2026-04-03T03:24:03.748+0600][39.626s][info][gc,phases   ] GC(62) Y: Concurrent Mark 8.742ms
[2026-04-03T03:24:03.748+0600][39.626s][info][gc,phases   ] GC(62) Y: Pause Mark End 0.017ms
[2026-04-03T03:24:03.748+0600][39.626s][info][gc,phases   ] GC(62) Y: Concurrent Mark Free 0.001ms
[2026-04-03T03:24:03.748+0600][39.626s][info][gc,phases   ] GC(62) Y: Concurrent Reset Relocation Set 0.002ms
[2026-04-03T03:24:03.750+0600][39.628s][info][gc,reloc    ] GC(62) Y: Using tenuring threshold: 0 (Promote All)
[2026-04-03T03:24:03.750+0600][39.628s][info][gc,phases   ] GC(62) Y: Concurrent Select Relocation Set 1.905ms
[2026-04-03T03:24:03.750+0600][39.628s][info][gc,phases   ] GC(62) Y: Pause Relocate Start 0.012ms
[2026-04-03T03:24:03.751+0600][39.629s][info][gc,phases   ] GC(62) Y: Concurrent Relocate 0.263ms
[2026-04-03T03:24:03.751+0600][39.629s][info][gc,alloc    ] GC(62) Y:                         Mark Start        Mark End      Relocate Start    Relocate End   
[2026-04-03T03:24:03.751+0600][39.629s][info][gc,alloc    ] GC(62) Y: Allocation Stalls:          0                0                0                0         
[2026-04-03T03:24:03.751+0600][39.629s][info][gc,load     ] GC(62) Y: Load: 4.15 (35%) / 4.62 (38%) / 5.21 (43%)
[2026-04-03T03:24:03.751+0600][39.629s][info][gc,mmu      ] GC(62) Y: MMU: 2ms/89.7%, 5ms/95.9%, 10ms/97.9%, 20ms/98.8%, 50ms/99.4%, 100ms/99.7%
[2026-04-03T03:24:03.751+0600][39.629s][info][gc,marking  ] GC(62) Y: Mark: 2 stripe(s), 1 proactive flush(es), 1 terminate flush(es), 0 completion(s), 0 continuation(s) 
[2026-04-03T03:24:03.751+0600][39.629s][info][gc,marking  ] GC(62) Y: Mark Stack Usage: 32M
[2026-04-03T03:24:03.751+0600][39.629s][info][gc,nmethod  ] GC(62) Y: NMethods: 6368 registered, 1247 unregistered
[2026-04-03T03:24:03.751+0600][39.629s][info][gc,metaspace] GC(62) Y: Metaspace: 70M used, 71M committed, 1088M reserved
[2026-04-03T03:24:03.751+0600][39.629s][info][gc,reloc    ] GC(62) Y:                        Candidates     Selected     In-Place         Size        Empty    Relocated 
[2026-04-03T03:24:03.751+0600][39.629s][info][gc,reloc    ] GC(62) Y: Small Pages:                   11           10            0          22M           0M           0M 
[2026-04-03T03:24:03.751+0600][39.629s][info][gc,reloc    ] GC(62) Y: Medium Pages:                   0            0            0           0M           0M           0M 
[2026-04-03T03:24:03.751+0600][39.629s][info][gc,reloc    ] GC(62) Y: Large Pages:                    0            0            0           0M           0M           0M 
[2026-04-03T03:24:03.751+0600][39.629s][info][gc,reloc    ] GC(62) Y: Forwarding Usage: 0M
[2026-04-03T03:24:03.751+0600][39.629s][info][gc,reloc    ] GC(62) Y: Age Table:
[2026-04-03T03:24:03.751+0600][39.629s][info][gc,reloc    ] GC(62) Y:                    Live             Garbage             Small              Medium             Large        
[2026-04-03T03:24:03.751+0600][39.629s][info][gc,reloc    ] GC(62) Y: Eden               0M (0%)           17M (1%)           9 / 8              0 / 0              0 / 0        
[2026-04-03T03:24:03.751+0600][39.629s][info][gc,reloc    ] GC(62) Y: Survivor 1         0M (0%)            1M (0%)           1 / 1              0 / 0              0 / 0        
[2026-04-03T03:24:03.751+0600][39.629s][info][gc,reloc    ] GC(62) Y: Survivor 2         0M (0%)            1M (0%)           1 / 1              0 / 0              0 / 0        
[2026-04-03T03:24:03.751+0600][39.629s][info][gc,heap     ] GC(62) Y: Min Capacity: 8M(1%)
[2026-04-03T03:24:03.751+0600][39.629s][info][gc,heap     ] GC(62) Y: Max Capacity: 1250M(100%)
[2026-04-03T03:24:03.751+0600][39.629s][info][gc,heap     ] GC(62) Y: Soft Max Capacity: 1250M(100%)
[2026-04-03T03:24:03.751+0600][39.629s][info][gc,heap     ] GC(62) Y: Heap Statistics:
[2026-04-03T03:24:03.751+0600][39.629s][info][gc,heap     ] GC(62) Y:                Mark Start          Mark End        Relocate Start      Relocate End           High               Low         
[2026-04-03T03:24:03.751+0600][39.629s][info][gc,heap     ] GC(62) Y:  Capacity:     1250M (100%)       1250M (100%)       1250M (100%)       1250M (100%)       1250M (100%)       1250M (100%)   
[2026-04-03T03:24:03.751+0600][39.629s][info][gc,heap     ] GC(62) Y:      Free:      890M (71%)         890M (71%)         890M (71%)         906M (72%)         906M (72%)         888M (71%)    
[2026-04-03T03:24:03.751+0600][39.629s][info][gc,heap     ] GC(62) Y:      Used:      360M (29%)         360M (29%)         360M (29%)         344M (28%)         362M (29%)         344M (28%)    
[2026-04-03T03:24:03.751+0600][39.629s][info][gc,heap     ] GC(62) Y: Young Generation Statistics:
[2026-04-03T03:24:03.751+0600][39.629s][info][gc,heap     ] GC(62) Y:                Mark Start          Mark End        Relocate Start      Relocate End    
[2026-04-03T03:24:03.751+0600][39.629s][info][gc,heap     ] GC(62) Y:      Used:       22M (2%)           22M (2%)           22M (2%)            0M (0%)     
[2026-04-03T03:24:03.751+0600][39.629s][info][gc,heap     ] GC(62) Y:      Live:         -                 0M (0%)            0M (0%)            0M (0%)     
[2026-04-03T03:24:03.751+0600][39.629s][info][gc,heap     ] GC(62) Y:   Garbage:         -                21M (2%)           21M (2%)            0M (0%)     
[2026-04-03T03:24:03.751+0600][39.629s][info][gc,heap     ] GC(62) Y: Allocated:         -                 0M (0%)            0M (0%)            0M (0%)     
[2026-04-03T03:24:03.751+0600][39.629s][info][gc,heap     ] GC(62) Y: Reclaimed:         -                  -                 0M (0%)           21M (2%)     
[2026-04-03T03:24:03.751+0600][39.629s][info][gc,heap     ] GC(62) Y:  Promoted:         -                  -                 0M (0%)            0M (0%)     
[2026-04-03T03:24:03.751+0600][39.629s][info][gc,heap     ] GC(62) Y: Compacted:         -                  -                  -                 0M (0%)     
[2026-04-03T03:24:03.751+0600][39.629s][info][gc,phases   ] GC(62) Y: Young Generation (Promote All) 360M(29%)->344M(28%) 0.012s
[2026-04-03T03:24:03.751+0600][39.629s][info][gc,phases   ] GC(62) Y: Young Generation (Collect Roots)
[2026-04-03T03:24:03.751+0600][39.629s][info][gc,phases   ] GC(62) Y: Pause Mark Start (Major) 0.015ms
[2026-04-03T03:24:03.758+0600][39.636s][info][gc,phases   ] GC(62) Y: Concurrent Mark 7.080ms
[2026-04-03T03:24:03.759+0600][39.636s][info][gc,phases   ] GC(62) Y: Pause Mark End 0.019ms
[2026-04-03T03:24:03.759+0600][39.637s][info][gc,phases   ] GC(62) Y: Concurrent Mark Free 0.377ms
[2026-04-03T03:24:03.759+0600][39.637s][info][gc,phases   ] GC(62) Y: Concurrent Reset Relocation Set 0.002ms
[2026-04-03T03:24:03.760+0600][39.638s][info][gc,reloc    ] GC(62) Y: Using tenuring threshold: 0 (Computed)
[2026-04-03T03:24:03.761+0600][39.638s][info][gc,phases   ] GC(62) Y: Concurrent Select Relocation Set 1.510ms
[2026-04-03T03:24:03.761+0600][39.638s][info][gc,phases   ] GC(62) Y: Pause Relocate Start 0.010ms
[2026-04-03T03:24:03.761+0600][39.639s][info][gc,phases   ] GC(62) Y: Concurrent Relocate 0.427ms
[2026-04-03T03:24:03.761+0600][39.639s][info][gc,alloc    ] GC(62) Y:                         Mark Start        Mark End      Relocate Start    Relocate End   
[2026-04-03T03:24:03.761+0600][39.639s][info][gc,alloc    ] GC(62) Y: Allocation Stalls:          0                0                0                0         
[2026-04-03T03:24:03.761+0600][39.639s][info][gc,load     ] GC(62) Y: Load: 4.15 (35%) / 4.62 (38%) / 5.21 (43%)
[2026-04-03T03:24:03.761+0600][39.639s][info][gc,mmu      ] GC(62) Y: MMU: 2ms/89.7%, 5ms/95.9%, 10ms/97.9%, 20ms/98.8%, 50ms/99.4%, 100ms/99.7%
[2026-04-03T03:24:03.761+0600][39.639s][info][gc,marking  ] GC(62) Y: Mark: 2 stripe(s), 1 proactive flush(es), 1 terminate flush(es), 0 completion(s), 0 continuation(s) 
[2026-04-03T03:24:03.761+0600][39.639s][info][gc,marking  ] GC(62) Y: Mark Stack Usage: 0M
[2026-04-03T03:24:03.761+0600][39.639s][info][gc,nmethod  ] GC(62) Y: NMethods: 6368 registered, 1247 unregistered
[2026-04-03T03:24:03.761+0600][39.639s][info][gc,metaspace] GC(62) Y: Metaspace: 70M used, 71M committed, 1088M reserved
[2026-04-03T03:24:03.761+0600][39.639s][info][gc,heap     ] GC(62) Y: Min Capacity: 8M(1%)
[2026-04-03T03:24:03.761+0600][39.639s][info][gc,heap     ] GC(62) Y: Max Capacity: 1250M(100%)
[2026-04-03T03:24:03.761+0600][39.639s][info][gc,heap     ] GC(62) Y: Soft Max Capacity: 1250M(100%)
[2026-04-03T03:24:03.761+0600][39.639s][info][gc,heap     ] GC(62) Y: Heap Statistics:
[2026-04-03T03:24:03.761+0600][39.639s][info][gc,heap     ] GC(62) Y:                Mark Start          Mark End        Relocate Start      Relocate End           High               Low         
[2026-04-03T03:24:03.761+0600][39.639s][info][gc,heap     ] GC(62) Y:  Capacity:     1250M (100%)       1250M (100%)       1250M (100%)       1250M (100%)       1250M (100%)       1250M (100%)   
[2026-04-03T03:24:03.761+0600][39.639s][info][gc,heap     ] GC(62) Y:      Free:      906M (72%)         906M (72%)         906M (72%)         906M (72%)         906M (72%)         906M (72%)    
[2026-04-03T03:24:03.761+0600][39.639s][info][gc,heap     ] GC(62) Y:      Used:      344M (28%)         344M (28%)         344M (28%)         344M (28%)         344M (28%)         344M (28%)    
[2026-04-03T03:24:03.761+0600][39.639s][info][gc,heap     ] GC(62) Y: Young Generation Statistics:
[2026-04-03T03:24:03.761+0600][39.639s][info][gc,heap     ] GC(62) Y:                Mark Start          Mark End        Relocate Start      Relocate End    
[2026-04-03T03:24:03.761+0600][39.639s][info][gc,heap     ] GC(62) Y:      Used:        0M (0%)            0M (0%)            0M (0%)            0M (0%)     
[2026-04-03T03:24:03.761+0600][39.639s][info][gc,heap     ] GC(62) Y:      Live:         -                 0M (0%)            0M (0%)            0M (0%)     
[2026-04-03T03:24:03.761+0600][39.639s][info][gc,heap     ] GC(62) Y:   Garbage:         -                 0M (0%)            0M (0%)            0M (0%)     
[2026-04-03T03:24:03.761+0600][39.639s][info][gc,heap     ] GC(62) Y: Allocated:         -                 0M (0%)            0M (0%)            0M (0%)     
[2026-04-03T03:24:03.761+0600][39.639s][info][gc,heap     ] GC(62) Y: Reclaimed:         -                  -                 0M (0%)            0M (0%)     
[2026-04-03T03:24:03.761+0600][39.639s][info][gc,heap     ] GC(62) Y:  Promoted:         -                  -                 0M (0%)            0M (0%)     
[2026-04-03T03:24:03.761+0600][39.639s][info][gc,heap     ] GC(62) Y: Compacted:         -                  -                  -                 0M (0%)     
[2026-04-03T03:24:03.761+0600][39.639s][info][gc,phases   ] GC(62) Y: Young Generation (Collect Roots) 344M(28%)->344M(28%) 0.010s
[2026-04-03T03:24:03.761+0600][39.639s][info][gc,phases   ] GC(62) O: Old Generation
[2026-04-03T03:24:03.968+0600][39.846s][info][gc,phases   ] GC(62) O: Concurrent Mark 206.357ms
[2026-04-03T03:24:03.968+0600][39.846s][info][gc,phases   ] GC(62) O: Pause Mark End 0.021ms
[2026-04-03T03:24:03.968+0600][39.846s][info][gc,phases   ] GC(62) O: Concurrent Mark Free 0.001ms
[2026-04-03T03:24:03.975+0600][39.852s][info][gc,phases   ] GC(62) O: Concurrent Process Non-Strong 6.516ms
[2026-04-03T03:24:03.975+0600][39.852s][info][gc,phases   ] GC(62) O: Concurrent Reset Relocation Set 0.004ms
[2026-04-03T03:24:03.979+0600][39.857s][info][gc,phases   ] GC(62) O: Concurrent Select Relocation Set 4.270ms
[2026-04-03T03:24:03.979+0600][39.857s][info][gc,task     ] GC(62) O: Using 3 Workers for Old Generation
[2026-04-03T03:24:03.995+0600][39.873s][info][gc,task     ] GC(62) O: Using 3 Workers for Old Generation
[2026-04-03T03:24:03.995+0600][39.873s][info][gc,phases   ] GC(62) O: Concurrent Remap Roots 15.787ms
[2026-04-03T03:24:03.995+0600][39.873s][info][gc,phases   ] GC(62) O: Pause Relocate Start 0.023ms
[2026-04-03T03:24:04.000+0600][39.878s][info][gc,phases   ] GC(62) O: Concurrent Relocate 4.464ms
[2026-04-03T03:24:04.000+0600][39.878s][info][gc,alloc    ] GC(62) O:                         Mark Start        Mark End      Relocate Start    Relocate End   
[2026-04-03T03:24:04.000+0600][39.878s][info][gc,alloc    ] GC(62) O: Allocation Stalls:          0                0                0                0         
[2026-04-03T03:24:04.000+0600][39.878s][info][gc,load     ] GC(62) O: Load: 4.15 (35%) / 4.62 (38%) / 5.21 (43%)
[2026-04-03T03:24:04.000+0600][39.878s][info][gc,mmu      ] GC(62) O: MMU: 2ms/89.7%, 5ms/95.9%, 10ms/97.9%, 20ms/98.8%, 50ms/99.4%, 100ms/99.7%
[2026-04-03T03:24:04.000+0600][39.878s][info][gc,marking  ] GC(62) O: Mark: 2 stripe(s), 2 proactive flush(es), 1 terminate flush(es), 0 completion(s), 0 continuation(s) 
[2026-04-03T03:24:04.000+0600][39.878s][info][gc,marking  ] GC(62) O: Mark Stack Usage: 32M
[2026-04-03T03:24:04.000+0600][39.878s][info][gc,nmethod  ] GC(62) O: NMethods: 6323 registered, 1305 unregistered
[2026-04-03T03:24:04.000+0600][39.878s][info][gc,metaspace] GC(62) O: Metaspace: 70M used, 71M committed, 1088M reserved
[2026-04-03T03:24:04.000+0600][39.878s][info][gc,ref      ] GC(62) O:                       Encountered   Discovered     Enqueued 
[2026-04-03T03:24:04.000+0600][39.878s][info][gc,ref      ] GC(62) O: Soft References:             5092            0            0 
[2026-04-03T03:24:04.000+0600][39.878s][info][gc,ref      ] GC(62) O: Weak References:             6467         4455           56 
[2026-04-03T03:24:04.000+0600][39.878s][info][gc,ref      ] GC(62) O: Final References:              84            0            0 
[2026-04-03T03:24:04.000+0600][39.878s][info][gc,ref      ] GC(62) O: Phantom References:           600          484            0 
[2026-04-03T03:24:04.000+0600][39.878s][info][gc,reloc    ] GC(62) O:                        Candidates     Selected     In-Place         Size        Empty    Relocated 
[2026-04-03T03:24:04.000+0600][39.878s][info][gc,reloc    ] GC(62) O: Small Pages:                  134           13            0         268M          78M           1M 
[2026-04-03T03:24:04.000+0600][39.878s][info][gc,reloc    ] GC(62) O: Medium Pages:                   2            0            0          64M          32M           0M 
[2026-04-03T03:24:04.000+0600][39.878s][info][gc,reloc    ] GC(62) O: Large Pages:                    2            0            0          12M          12M           0M 
[2026-04-03T03:24:04.000+0600][39.878s][info][gc,reloc    ] GC(62) O: Forwarding Usage: 1M
[2026-04-03T03:24:04.000+0600][39.878s][info][gc,heap     ] GC(62) O: Min Capacity: 8M(1%)
[2026-04-03T03:24:04.000+0600][39.878s][info][gc,heap     ] GC(62) O: Max Capacity: 1250M(100%)
[2026-04-03T03:24:04.000+0600][39.878s][info][gc,heap     ] GC(62) O: Soft Max Capacity: 1250M(100%)
[2026-04-03T03:24:04.000+0600][39.878s][info][gc,heap     ] GC(62) O: Heap Statistics:
[2026-04-03T03:24:04.000+0600][39.878s][info][gc,heap     ] GC(62) O:                Mark Start          Mark End        Relocate Start      Relocate End           High               Low         
[2026-04-03T03:24:04.000+0600][39.878s][info][gc,heap     ] GC(62) O:  Capacity:     1250M (100%)       1250M (100%)       1250M (100%)       1250M (100%)       1250M (100%)       1250M (100%)   
[2026-04-03T03:24:04.000+0600][39.878s][info][gc,heap     ] GC(62) O:      Free:      906M (72%)         904M (72%)        1012M (81%)        1034M (83%)        1034M (83%)         896M (72%)    
[2026-04-03T03:24:04.000+0600][39.878s][info][gc,heap     ] GC(62) O:      Used:      344M (28%)         346M (28%)         238M (19%)         216M (17%)         354M (28%)         216M (17%)    
[2026-04-03T03:24:04.000+0600][39.878s][info][gc,heap     ] GC(62) O: Old Generation Statistics:
[2026-04-03T03:24:04.000+0600][39.878s][info][gc,heap     ] GC(62) O:                Mark Start          Mark End        Relocate Start      Relocate End    
[2026-04-03T03:24:04.000+0600][39.878s][info][gc,heap     ] GC(62) O:      Used:      344M (28%)         344M (28%)         222M (18%)         200M (16%)    
[2026-04-03T03:24:04.000+0600][39.878s][info][gc,heap     ] GC(62) O:      Live:         -               170M (14%)         170M (14%)         170M (14%)    
[2026-04-03T03:24:04.000+0600][39.878s][info][gc,heap     ] GC(62) O:   Garbage:         -               173M (14%)          51M (4%)           24M (2%)     
[2026-04-03T03:24:04.000+0600][39.878s][info][gc,heap     ] GC(62) O: Allocated:         -                 0M (0%)            0M (0%)            4M (0%)     
[2026-04-03T03:24:04.000+0600][39.878s][info][gc,heap     ] GC(62) O: Reclaimed:         -                  -               122M (10%)         148M (12%)    
[2026-04-03T03:24:04.000+0600][39.878s][info][gc,heap     ] GC(62) O: Compacted:         -                  -                  -                 1M (0%)     
[2026-04-03T03:24:04.000+0600][39.878s][info][gc,phases   ] GC(62) O: Old Generation 344M(28%)->216M(17%) 0.238s
[2026-04-03T03:24:04.000+0600][39.878s][info][gc          ] GC(62) Major Collection (System.gc()) 360M(29%)->216M(17%) 0.261s
[2026-04-03T03:24:04.287+0600][40.164s][info][gc          ] GC(63) Minor Collection (Allocation Rate)
[2026-04-03T03:24:04.287+0600][40.165s][info][gc,task     ] GC(63) Using 3 Workers for Young Generation
[2026-04-03T03:24:04.287+0600][40.165s][info][gc,phases   ] GC(63) y: Young Generation
[2026-04-03T03:24:04.287+0600][40.165s][info][gc,phases   ] GC(63) y: Pause Mark Start 0.026ms
[2026-04-03T03:24:04.407+0600][40.284s][info][gc,phases   ] GC(63) y: Concurrent Mark 119.120ms
[2026-04-03T03:24:04.407+0600][40.285s][info][gc,phases   ] GC(63) y: Pause Mark End 0.046ms
[2026-04-03T03:24:04.407+0600][40.285s][info][gc,phases   ] GC(63) y: Concurrent Mark Free 0.003ms
[2026-04-03T03:24:04.407+0600][40.285s][info][gc,phases   ] GC(63) y: Concurrent Reset Relocation Set 0.001ms
[2026-04-03T03:24:04.414+0600][40.292s][info][gc,reloc    ] GC(63) y: Using tenuring threshold: 1 (Computed)
[2026-04-03T03:24:04.429+0600][40.307s][info][gc,phases   ] GC(63) y: Concurrent Select Relocation Set 21.914ms
[2026-04-03T03:24:04.430+0600][40.308s][info][gc,phases   ] GC(63) y: Pause Relocate Start 0.257ms
[2026-04-03T03:24:04.485+0600][40.362s][info][gc,phases   ] GC(63) y: Concurrent Relocate 54.349ms
[2026-04-03T03:24:04.485+0600][40.362s][info][gc,alloc    ] GC(63) y:                         Mark Start        Mark End      Relocate Start    Relocate End   
[2026-04-03T03:24:04.485+0600][40.363s][info][gc,alloc    ] GC(63) y: Allocation Stalls:          0                0                0                0         
[2026-04-03T03:24:04.485+0600][40.363s][info][gc,load     ] GC(63) y: Load: 4.15 (35%) / 4.62 (38%) / 5.21 (43%)
[2026-04-03T03:24:04.485+0600][40.363s][info][gc,mmu      ] GC(63) y: MMU: 2ms/87.1%, 5ms/94.9%, 10ms/97.4%, 20ms/98.7%, 50ms/99.4%, 100ms/99.7%
[2026-04-03T03:24:04.485+0600][40.363s][info][gc,marking  ] GC(63) y: Mark: 2 stripe(s), 2 proactive flush(es), 1 terminate flush(es), 0 completion(s), 0 continuation(s) 
[2026-04-03T03:24:04.485+0600][40.363s][info][gc,marking  ] GC(63) y: Mark Stack Usage: 32M
[2026-04-03T03:24:04.485+0600][40.363s][info][gc,nmethod  ] GC(63) y: NMethods: 6424 registered, 1305 unregistered
[2026-04-03T03:24:04.485+0600][40.363s][info][gc,metaspace] GC(63) y: Metaspace: 70M used, 71M committed, 1088M reserved
[2026-04-03T03:24:04.485+0600][40.363s][info][gc,reloc    ] GC(63) y:                        Candidates     Selected     In-Place         Size        Empty    Relocated 
[2026-04-03T03:24:04.485+0600][40.363s][info][gc,reloc    ] GC(63) y: Small Pages:                  126           83            0         252M           0M          27M 
[2026-04-03T03:24:04.485+0600][40.363s][info][gc,reloc    ] GC(63) y: Medium Pages:                   1            0            0          32M          32M           0M 
[2026-04-03T03:24:04.485+0600][40.363s][info][gc,reloc    ] GC(63) y: Large Pages:                    7            0            0          54M          18M           0M 
[2026-04-03T03:24:04.485+0600][40.363s][info][gc,reloc    ] GC(63) y: Forwarding Usage: 30M
[2026-04-03T03:24:04.485+0600][40.363s][info][gc,reloc    ] GC(63) y: Age Table:
[2026-04-03T03:24:04.485+0600][40.363s][info][gc,reloc    ] GC(63) y:                    Live             Garbage             Small              Medium             Large        
[2026-04-03T03:24:04.485+0600][40.363s][info][gc,reloc    ] GC(63) y: Eden             105M (8%)          232M (19%)        126 / 83             1 / 0              7 / 0        
[2026-04-03T03:24:04.485+0600][40.363s][info][gc,heap     ] GC(63) y: Min Capacity: 8M(1%)
[2026-04-03T03:24:04.485+0600][40.363s][info][gc,heap     ] GC(63) y: Max Capacity: 1250M(100%)
[2026-04-03T03:24:04.485+0600][40.363s][info][gc,heap     ] GC(63) y: Soft Max Capacity: 1250M(100%)
[2026-04-03T03:24:04.485+0600][40.363s][info][gc,heap     ] GC(63) y: Heap Statistics:
[2026-04-03T03:24:04.485+0600][40.363s][info][gc,heap     ] GC(63) y:                Mark Start          Mark End        Relocate Start      Relocate End           High               Low         
[2026-04-03T03:24:04.485+0600][40.363s][info][gc,heap     ] GC(63) y:  Capacity:     1250M (100%)       1250M (100%)       1250M (100%)       1250M (100%)       1250M (100%)       1250M (100%)   
[2026-04-03T03:24:04.485+0600][40.363s][info][gc,heap     ] GC(63) y:      Free:      712M (57%)         608M (49%)         632M (51%)         708M (57%)         738M (59%)         602M (48%)    
[2026-04-03T03:24:04.485+0600][40.363s][info][gc,heap     ] GC(63) y:      Used:      538M (43%)         642M (51%)         618M (49%)         542M (43%)         648M (52%)         512M (41%)    
[2026-04-03T03:24:04.485+0600][40.363s][info][gc,heap     ] GC(63) y: Young Generation Statistics:
[2026-04-03T03:24:04.485+0600][40.363s][info][gc,heap     ] GC(63) y:                Mark Start          Mark End        Relocate Start      Relocate End    
[2026-04-03T03:24:04.485+0600][40.363s][info][gc,heap     ] GC(63) y:      Used:      338M (27%)         442M (35%)         418M (33%)         342M (27%)    
[2026-04-03T03:24:04.485+0600][40.363s][info][gc,heap     ] GC(63) y:      Live:         -               105M (8%)          105M (8%)          105M (8%)     
[2026-04-03T03:24:04.485+0600][40.363s][info][gc,heap     ] GC(63) y:   Garbage:         -               232M (19%)         182M (15%)           2M (0%)     
[2026-04-03T03:24:04.485+0600][40.363s][info][gc,heap     ] GC(63) y: Allocated:         -               104M (8%)          130M (10%)         233M (19%)    
[2026-04-03T03:24:04.485+0600][40.363s][info][gc,heap     ] GC(63) y: Reclaimed:         -                  -                50M (4%)          229M (18%)    
[2026-04-03T03:24:04.485+0600][40.363s][info][gc,heap     ] GC(63) y:  Promoted:         -                  -                 0M (0%)            0M (0%)     
[2026-04-03T03:24:04.485+0600][40.363s][info][gc,heap     ] GC(63) y: Compacted:         -                  -                  -                64M (5%)     
[2026-04-03T03:24:04.485+0600][40.363s][info][gc,phases   ] GC(63) y: Young Generation 538M(43%)->542M(43%) 0.198s
[2026-04-03T03:24:04.485+0600][40.363s][info][gc          ] GC(63) Minor Collection (Allocation Rate) 538M(43%)->542M(43%) 0.199s
[2026-04-03T03:24:04.486+0600][40.363s][info][gc          ] GC(64) Minor Collection (Allocation Rate)
[2026-04-03T03:24:04.486+0600][40.363s][info][gc,task     ] GC(64) Using 3 Workers for Young Generation
[2026-04-03T03:24:04.486+0600][40.363s][info][gc,phases   ] GC(64) y: Young Generation
[2026-04-03T03:24:04.486+0600][40.364s][info][gc,phases   ] GC(64) y: Pause Mark Start 0.070ms
[2026-04-03T03:24:04.715+0600][40.593s][info][gc,phases   ] GC(64) y: Concurrent Mark 228.670ms
[2026-04-03T03:24:04.715+0600][40.593s][info][gc,phases   ] GC(64) y: Pause Mark End 0.029ms
[2026-04-03T03:24:04.715+0600][40.593s][info][gc,phases   ] GC(64) y: Concurrent Mark Free 0.001ms
[2026-04-03T03:24:04.715+0600][40.593s][info][gc,phases   ] GC(64) y: Concurrent Reset Relocation Set 0.031ms
[2026-04-03T03:24:04.721+0600][40.598s][info][gc,reloc    ] GC(64) y: Using tenuring threshold: 1 (Computed)
[2026-04-03T03:24:04.773+0600][40.651s][info][gc,phases   ] GC(64) y: Concurrent Select Relocation Set 57.545ms
[2026-04-03T03:24:04.773+0600][40.651s][info][gc,phases   ] GC(64) y: Pause Relocate Start 0.028ms
[2026-04-03T03:24:04.955+0600][40.833s][info][gc,phases   ] GC(64) y: Concurrent Relocate 181.684ms
[2026-04-03T03:24:04.955+0600][40.833s][info][gc,alloc    ] GC(64) y:                         Mark Start        Mark End      Relocate Start    Relocate End   
[2026-04-03T03:24:04.955+0600][40.833s][info][gc,alloc    ] GC(64) y: Allocation Stalls:          0                0                0                0         
[2026-04-03T03:24:04.955+0600][40.833s][info][gc,load     ] GC(64) y: Load: 4.15 (35%) / 4.62 (38%) / 5.21 (43%)
[2026-04-03T03:24:04.955+0600][40.833s][info][gc,mmu      ] GC(64) y: MMU: 2ms/87.1%, 5ms/94.9%, 10ms/97.4%, 20ms/98.7%, 50ms/99.4%, 100ms/99.6%
[2026-04-03T03:24:04.955+0600][40.833s][info][gc,marking  ] GC(64) y: Mark: 2 stripe(s), 10 proactive flush(es), 1 terminate flush(es), 0 completion(s), 0 continuation(s) 
[2026-04-03T03:24:04.955+0600][40.833s][info][gc,marking  ] GC(64) y: Mark Stack Usage: 32M
[2026-04-03T03:24:04.955+0600][40.833s][info][gc,nmethod  ] GC(64) y: NMethods: 6431 registered, 1305 unregistered
[2026-04-03T03:24:04.955+0600][40.833s][info][gc,metaspace] GC(64) y: Metaspace: 70M used, 71M committed, 1088M reserved
[2026-04-03T03:24:04.955+0600][40.833s][info][gc,reloc    ] GC(64) y:                        Candidates     Selected     In-Place         Size        Empty    Relocated 
[2026-04-03T03:24:04.955+0600][40.833s][info][gc,reloc    ] GC(64) y: Small Pages:                  137           81            0         274M           0M          22M 
[2026-04-03T03:24:04.955+0600][40.833s][info][gc,reloc    ] GC(64) y: Medium Pages:                   1            0            0          32M           0M           0M 
[2026-04-03T03:24:04.955+0600][40.833s][info][gc,reloc    ] GC(64) y: Large Pages:                    4            0            0          36M           6M           0M 
[2026-04-03T03:24:04.955+0600][40.833s][info][gc,reloc    ] GC(64) y: Forwarding Usage: 30M
[2026-04-03T03:24:04.955+0600][40.833s][info][gc,reloc    ] GC(64) y: Age Table:
[2026-04-03T03:24:04.955+0600][40.833s][info][gc,reloc    ] GC(64) y:                    Live             Garbage             Small              Medium             Large        
[2026-04-03T03:24:04.955+0600][40.833s][info][gc,reloc    ] GC(64) y: Eden              37M (3%)          188M (15%)         97 / 78             1 / 0              0 / 0        
[2026-04-03T03:24:04.955+0600][40.833s][info][gc,reloc    ] GC(64) y: Survivor 1        99M (8%)           16M (1%)          40 / 3              0 / 0              4 / 0        
[2026-04-03T03:24:04.955+0600][40.833s][info][gc,heap     ] GC(64) y: Min Capacity: 8M(1%)
[2026-04-03T03:24:04.955+0600][40.833s][info][gc,heap     ] GC(64) y: Max Capacity: 1250M(100%)
[2026-04-03T03:24:04.955+0600][40.833s][info][gc,heap     ] GC(64) y: Soft Max Capacity: 1250M(100%)
[2026-04-03T03:24:04.955+0600][40.833s][info][gc,heap     ] GC(64) y: Heap Statistics:
[2026-04-03T03:24:04.955+0600][40.833s][info][gc,heap     ] GC(64) y:                Mark Start          Mark End        Relocate Start      Relocate End           High               Low         
[2026-04-03T03:24:04.955+0600][40.833s][info][gc,heap     ] GC(64) y:  Capacity:     1250M (100%)       1250M (100%)       1250M (100%)       1250M (100%)       1250M (100%)       1250M (100%)   
[2026-04-03T03:24:04.955+0600][40.833s][info][gc,heap     ] GC(64) y:      Free:      708M (57%)         470M (38%)         424M (34%)         448M (36%)         708M (57%)         406M (32%)    
[2026-04-03T03:24:04.955+0600][40.833s][info][gc,heap     ] GC(64) y:      Used:      542M (43%)         780M (62%)         826M (66%)         802M (64%)         844M (68%)         542M (43%)    
[2026-04-03T03:24:04.955+0600][40.833s][info][gc,heap     ] GC(64) y: Young Generation Statistics:
[2026-04-03T03:24:04.955+0600][40.833s][info][gc,heap     ] GC(64) y:                Mark Start          Mark End        Relocate Start      Relocate End    
[2026-04-03T03:24:04.955+0600][40.833s][info][gc,heap     ] GC(64) y:      Used:      342M (27%)         580M (46%)         526M (42%)         488M (39%)    
[2026-04-03T03:24:04.955+0600][40.833s][info][gc,heap     ] GC(64) y:      Live:         -               136M (11%)          39M (3%)           37M (3%)     
[2026-04-03T03:24:04.955+0600][40.833s][info][gc,heap     ] GC(64) y:   Garbage:         -               205M (16%)         196M (16%)          28M (2%)     
[2026-04-03T03:24:04.955+0600][40.833s][info][gc,heap     ] GC(64) y: Allocated:         -               238M (19%)         290M (23%)         421M (34%)    
[2026-04-03T03:24:04.956+0600][40.833s][info][gc,heap     ] GC(64) y: Reclaimed:         -                  -                 8M (1%)          176M (14%)    
[2026-04-03T03:24:04.956+0600][40.833s][info][gc,heap     ] GC(64) y:  Promoted:         -                  -                97M (8%)           99M (8%)     
[2026-04-03T03:24:04.956+0600][40.833s][info][gc,heap     ] GC(64) y: Compacted:         -                  -                  -                34M (3%)     
[2026-04-03T03:24:04.956+0600][40.833s][info][gc,phases   ] GC(64) y: Young Generation 542M(43%)->802M(64%) 0.469s
[2026-04-03T03:24:04.956+0600][40.833s][info][gc          ] GC(64) Minor Collection (Allocation Rate) 542M(43%)->802M(64%) 0.470s
[2026-04-03T03:24:04.956+0600][40.834s][info][gc          ] GC(65) Major Collection (Allocation Rate)
[2026-04-03T03:24:04.956+0600][40.834s][info][gc,task     ] GC(65) Using 3 Workers for Young Generation
[2026-04-03T03:24:04.956+0600][40.834s][info][gc,task     ] GC(65) Using 2 Workers for Old Generation
[2026-04-03T03:24:04.956+0600][40.834s][info][gc,phases   ] GC(65) Y: Young Generation
[2026-04-03T03:24:04.956+0600][40.834s][info][gc,phases   ] GC(65) Y: Pause Mark Start (Major) 0.042ms
[2026-04-03T03:24:05.206+0600][41.084s][info][gc,phases   ] GC(65) Y: Concurrent Mark 249.595ms
[2026-04-03T03:24:05.206+0600][41.084s][info][gc,phases   ] GC(65) Y: Pause Mark End 0.033ms
[2026-04-03T03:24:05.206+0600][41.084s][info][gc,phases   ] GC(65) Y: Concurrent Mark Free 0.003ms
[2026-04-03T03:24:05.207+0600][41.084s][info][gc,phases   ] GC(65) Y: Concurrent Reset Relocation Set 0.074ms
[2026-04-03T03:24:05.209+0600][41.086s][info][gc,reloc    ] GC(65) Y: Using tenuring threshold: 2 (Computed)
[2026-04-03T03:24:05.213+0600][41.091s][info][gc,phases   ] GC(65) Y: Concurrent Select Relocation Set 6.576ms
[2026-04-03T03:24:05.213+0600][41.091s][info][gc,phases   ] GC(65) Y: Pause Relocate Start 0.030ms
[2026-04-03T03:24:05.269+0600][41.146s][info][gc,phases   ] GC(65) Y: Concurrent Relocate 54.912ms
[2026-04-03T03:24:05.269+0600][41.146s][info][gc,alloc    ] GC(65) Y:                         Mark Start        Mark End      Relocate Start    Relocate End   
[2026-04-03T03:24:05.269+0600][41.146s][info][gc,alloc    ] GC(65) Y: Allocation Stalls:          0                0                0                0         
[2026-04-03T03:24:05.269+0600][41.147s][info][gc,load     ] GC(65) Y: Load: 4.15 (35%) / 4.62 (38%) / 5.21 (43%)
[2026-04-03T03:24:05.269+0600][41.147s][info][gc,mmu      ] GC(65) Y: MMU: 2ms/87.1%, 5ms/94.9%, 10ms/97.4%, 20ms/98.7%, 50ms/99.4%, 100ms/99.6%
[2026-04-03T03:24:05.269+0600][41.147s][info][gc,marking  ] GC(65) Y: Mark: 2 stripe(s), 2 proactive flush(es), 1 terminate flush(es), 0 completion(s), 0 continuation(s) 
[2026-04-03T03:24:05.269+0600][41.147s][info][gc,marking  ] GC(65) Y: Mark Stack Usage: 32M
[2026-04-03T03:24:05.269+0600][41.147s][info][gc,nmethod  ] GC(65) Y: NMethods: 6432 registered, 1305 unregistered
[2026-04-03T03:24:05.269+0600][41.147s][info][gc,metaspace] GC(65) Y: Metaspace: 70M used, 71M committed, 1088M reserved
[2026-04-03T03:24:05.269+0600][41.147s][info][gc,reloc    ] GC(65) Y:                        Candidates     Selected     In-Place         Size        Empty    Relocated 
[2026-04-03T03:24:05.269+0600][41.147s][info][gc,reloc    ] GC(65) Y: Small Pages:                  196          159            0         392M          10M          23M 
[2026-04-03T03:24:05.269+0600][41.147s][info][gc,reloc    ] GC(65) Y: Medium Pages:                   2            0            0          64M          32M           0M 
[2026-04-03T03:24:05.269+0600][41.147s][info][gc,reloc    ] GC(65) Y: Large Pages:                    4            0            0          32M           0M           0M 
[2026-04-03T03:24:05.269+0600][41.147s][info][gc,reloc    ] GC(65) Y: Forwarding Usage: 21M
[2026-04-03T03:24:05.269+0600][41.147s][info][gc,reloc    ] GC(65) Y: Age Table:
[2026-04-03T03:24:05.269+0600][41.147s][info][gc,reloc    ] GC(65) Y:                    Live             Garbage             Small              Medium             Large        
[2026-04-03T03:24:05.269+0600][41.147s][info][gc,reloc    ] GC(65) Y: Eden              58M (5%)          355M (28%)        175 / 155            1 / 0              4 / 0        
[2026-04-03T03:24:05.269+0600][41.147s][info][gc,reloc    ] GC(65) Y: Survivor 1        33M (3%)           40M (3%)          21 / 4              1 / 0              0 / 0        
[2026-04-03T03:24:05.269+0600][41.147s][info][gc,heap     ] GC(65) Y: Min Capacity: 8M(1%)
[2026-04-03T03:24:05.269+0600][41.147s][info][gc,heap     ] GC(65) Y: Max Capacity: 1250M(100%)
[2026-04-03T03:24:05.269+0600][41.147s][info][gc,heap     ] GC(65) Y: Soft Max Capacity: 1250M(100%)
[2026-04-03T03:24:05.269+0600][41.147s][info][gc,heap     ] GC(65) Y: Heap Statistics:
[2026-04-03T03:24:05.269+0600][41.147s][info][gc,heap     ] GC(65) Y:                Mark Start          Mark End        Relocate Start      Relocate End           High               Low         
[2026-04-03T03:24:05.269+0600][41.147s][info][gc,heap     ] GC(65) Y:  Capacity:     1250M (100%)       1250M (100%)       1250M (100%)       1250M (100%)       1250M (100%)       1250M (100%)   
[2026-04-03T03:24:05.269+0600][41.147s][info][gc,heap     ] GC(65) Y:      Free:      448M (36%)         288M (23%)         326M (26%)         598M (48%)         600M (48%)         284M (23%)    
[2026-04-03T03:24:05.269+0600][41.147s][info][gc,heap     ] GC(65) Y:      Used:      802M (64%)         962M (77%)         924M (74%)         652M (52%)         966M (77%)         650M (52%)    
[2026-04-03T03:24:05.269+0600][41.147s][info][gc,heap     ] GC(65) Y: Young Generation Statistics:
[2026-04-03T03:24:05.269+0600][41.147s][info][gc,heap     ] GC(65) Y:                Mark Start          Mark End        Relocate Start      Relocate End    
[2026-04-03T03:24:05.269+0600][41.147s][info][gc,heap     ] GC(65) Y:      Used:      488M (39%)         648M (52%)         610M (49%)         338M (27%)    
[2026-04-03T03:24:05.269+0600][41.147s][info][gc,heap     ] GC(65) Y:      Live:         -                91M (7%)           91M (7%)           91M (7%)     
[2026-04-03T03:24:05.269+0600][41.147s][info][gc,heap     ] GC(65) Y:   Garbage:         -               396M (32%)         354M (28%)          31M (3%)     
[2026-04-03T03:24:05.269+0600][41.147s][info][gc,heap     ] GC(65) Y: Allocated:         -               160M (13%)         164M (13%)         214M (17%)    
[2026-04-03T03:24:05.269+0600][41.147s][info][gc,heap     ] GC(65) Y: Reclaimed:         -                  -                42M (3%)          364M (29%)    
[2026-04-03T03:24:05.269+0600][41.147s][info][gc,heap     ] GC(65) Y:  Promoted:         -                  -                 0M (0%)            0M (0%)     
[2026-04-03T03:24:05.269+0600][41.147s][info][gc,heap     ] GC(65) Y: Compacted:         -                  -                  -                25M (2%)     
[2026-04-03T03:24:05.269+0600][41.147s][info][gc,phases   ] GC(65) Y: Young Generation 802M(64%)->652M(52%) 0.313s
[2026-04-03T03:24:05.269+0600][41.147s][info][gc,phases   ] GC(65) O: Old Generation
[2026-04-03T03:24:05.278+0600][41.155s][info][gc          ] GC(66) Minor Collection (Allocation Rate)
[2026-04-03T03:24:05.278+0600][41.156s][info][gc,task     ] GC(66) Using 1 Workers for Young Generation
[2026-04-03T03:24:05.278+0600][41.156s][info][gc,phases   ] GC(66) y: Young Generation
[2026-04-03T03:24:05.278+0600][41.156s][info][gc,phases   ] GC(66) y: Pause Mark Start 0.031ms
[2026-04-03T03:24:06.080+0600][41.958s][info][gc,phases   ] GC(65) O: Concurrent Mark 811.184ms
[2026-04-03T03:24:06.082+0600][41.959s][info][gc,phases   ] GC(65) O: Pause Mark End 0.051ms
[2026-04-03T03:24:06.082+0600][41.960s][info][gc,phases   ] GC(65) O: Concurrent Mark Free 0.004ms
[2026-04-03T03:24:06.102+0600][41.979s][info][gc,phases   ] GC(65) O: Concurrent Process Non-Strong 19.476ms
[2026-04-03T03:24:06.102+0600][41.980s][info][gc,phases   ] GC(65) O: Concurrent Reset Relocation Set 0.006ms
[2026-04-03T03:24:06.105+0600][41.983s][info][gc,phases   ] GC(65) O: Concurrent Select Relocation Set 3.148ms
[2026-04-03T03:24:06.112+0600][41.990s][info][gc,task     ] Adjusting Workers for Old Generation: 2 -> 3
[2026-04-03T03:24:06.112+0600][41.990s][info][gc,task     ] Adjusting Workers for Young Generation: 1 -> 3
[2026-04-03T03:24:06.133+0600][42.010s][info][gc,phases   ] GC(66) y: Concurrent Mark 854.366ms
[2026-04-03T03:24:06.133+0600][42.011s][info][gc,phases   ] GC(66) y: Pause Mark End 0.018ms
[2026-04-03T03:24:06.133+0600][42.011s][info][gc,phases   ] GC(66) y: Concurrent Mark Free 0.001ms
[2026-04-03T03:24:06.133+0600][42.011s][info][gc,phases   ] GC(66) y: Concurrent Reset Relocation Set 0.027ms
[2026-04-03T03:24:06.135+0600][42.013s][info][gc,reloc    ] GC(66) y: Using tenuring threshold: 1 (Computed)
[2026-04-03T03:24:06.135+0600][42.013s][info][gc          ] Allocation Stall (Executor task launch worker for task 0.0 in stage 14.0 (TID 21)) 21.600ms
[2026-04-03T03:24:06.135+0600][42.013s][info][gc          ] Allocation Stall (Executor task launch worker for task 2.0 in stage 14.0 (TID 23)) 28.013ms
[2026-04-03T03:24:06.135+0600][42.013s][info][gc          ] Allocation Stall (Executor task launch worker for task 1.0 in stage 14.0 (TID 22)) 27.025ms
[2026-04-03T03:24:06.171+0600][42.049s][info][gc,phases   ] GC(66) y: Concurrent Select Relocation Set 38.001ms
[2026-04-03T03:24:06.171+0600][42.049s][info][gc,phases   ] GC(66) y: Pause Relocate Start 0.019ms
[2026-04-03T03:24:06.172+0600][42.049s][info][gc          ] Allocation Stall (Executor task launch worker for task 0.0 in stage 14.0 (TID 21)) 19.680ms
[2026-04-03T03:24:06.172+0600][42.049s][info][gc          ] Allocation Stall (Executor task launch worker for task 2.0 in stage 14.0 (TID 23)) 17.554ms
[2026-04-03T03:24:06.172+0600][42.049s][info][gc          ] Allocation Stall (Executor task launch worker for task 1.0 in stage 14.0 (TID 22)) 14.873ms
[2026-04-03T03:24:06.177+0600][42.055s][info][gc          ] Relocation Stall (Executor task launch worker for task 0.0 in stage 14.0 (TID 21)) 4.915ms
[2026-04-03T03:24:06.298+0600][42.176s][info][gc,phases   ] GC(66) y: Concurrent Relocate 126.586ms
[2026-04-03T03:24:06.298+0600][42.176s][info][gc,alloc    ] GC(66) y:                         Mark Start        Mark End      Relocate Start    Relocate End   
[2026-04-03T03:24:06.298+0600][42.176s][info][gc,alloc    ] GC(66) y: Allocation Stalls:          0                3                3                0         
[2026-04-03T03:24:06.298+0600][42.176s][info][gc,load     ] GC(66) y: Load: 4.29 (36%) / 4.64 (39%) / 5.22 (43%)
[2026-04-03T03:24:06.298+0600][42.176s][info][gc,mmu      ] GC(66) y: MMU: 2ms/87.1%, 5ms/94.9%, 10ms/97.4%, 20ms/98.7%, 50ms/99.4%, 100ms/99.6%
[2026-04-03T03:24:06.298+0600][42.176s][info][gc,marking  ] GC(66) y: Mark: 1 stripe(s), 2 proactive flush(es), 1 terminate flush(es), 0 completion(s), 0 continuation(s) 
[2026-04-03T03:24:06.298+0600][42.176s][info][gc,marking  ] GC(66) y: Mark Stack Usage: 32M
[2026-04-03T03:24:06.298+0600][42.176s][info][gc,nmethod  ] GC(66) y: NMethods: 6428 registered, 1319 unregistered
[2026-04-03T03:24:06.298+0600][42.176s][info][gc,metaspace] GC(66) y: Metaspace: 70M used, 71M committed, 1088M reserved
[2026-04-03T03:24:06.298+0600][42.176s][info][gc,reloc    ] GC(66) y:                        Candidates     Selected     In-Place         Size        Empty    Relocated 
[2026-04-03T03:24:06.298+0600][42.176s][info][gc,reloc    ] GC(66) y: Small Pages:                  139           99            6         278M           6M          13M 
[2026-04-03T03:24:06.298+0600][42.176s][info][gc,reloc    ] GC(66) y: Medium Pages:                   1            0            0          32M           0M           0M 
[2026-04-03T03:24:06.298+0600][42.176s][info][gc,reloc    ] GC(66) y: Large Pages:                    4            0            0          32M          12M           0M 
[2026-04-03T03:24:06.298+0600][42.176s][info][gc,reloc    ] GC(66) y: Forwarding Usage: 14M
[2026-04-03T03:24:06.298+0600][42.176s][info][gc,reloc    ] GC(66) y: Age Table:
[2026-04-03T03:24:06.298+0600][42.176s][info][gc,reloc    ] GC(66) y:                    Live             Garbage             Small              Medium             Large        
[2026-04-03T03:24:06.298+0600][42.176s][info][gc,reloc    ] GC(66) y: Eden              11M (1%)          188M (15%)        100 / 90             0 / 0              0 / 0        
[2026-04-03T03:24:06.298+0600][42.176s][info][gc,reloc    ] GC(66) y: Survivor 1        43M (3%)           52M (4%)          16 / 3              1 / 0              4 / 0        
[2026-04-03T03:24:06.298+0600][42.176s][info][gc,reloc    ] GC(66) y: Survivor 2        33M (3%)           12M (1%)          23 / 6              0 / 0              0 / 0        
[2026-04-03T03:24:06.298+0600][42.176s][info][gc,heap     ] GC(66) y: Min Capacity: 8M(1%)
[2026-04-03T03:24:06.298+0600][42.176s][info][gc,heap     ] GC(66) y: Max Capacity: 1250M(100%)
[2026-04-03T03:24:06.298+0600][42.176s][info][gc,heap     ] GC(66) y: Soft Max Capacity: 1250M(100%)
[2026-04-03T03:24:06.298+0600][42.176s][info][gc,heap     ] GC(66) y: Heap Statistics:
[2026-04-03T03:24:06.298+0600][42.176s][info][gc,heap     ] GC(66) y:                Mark Start          Mark End        Relocate Start      Relocate End           High               Low         
[2026-04-03T03:24:06.298+0600][42.176s][info][gc,heap     ] GC(66) y:  Capacity:     1250M (100%)       1250M (100%)       1250M (100%)       1250M (100%)       1250M (100%)       1250M (100%)   
[2026-04-03T03:24:06.298+0600][42.176s][info][gc,heap     ] GC(66) y:      Free:      594M (48%)           0M (0%)            0M (0%)           88M (7%)          594M (48%)           0M (0%)     
[2026-04-03T03:24:06.299+0600][42.176s][info][gc,heap     ] GC(66) y:      Used:      656M (52%)        1250M (100%)       1250M (100%)       1162M (93%)        1250M (100%)        656M (52%)    
[2026-04-03T03:24:06.299+0600][42.176s][info][gc,heap     ] GC(66) y: Young Generation Statistics:
[2026-04-03T03:24:06.299+0600][42.176s][info][gc,heap     ] GC(66) y:                Mark Start          Mark End        Relocate Start      Relocate End    
[2026-04-03T03:24:06.299+0600][42.176s][info][gc,heap     ] GC(66) y:      Used:      342M (27%)         936M (75%)         828M (66%)         728M (58%)    
[2026-04-03T03:24:06.299+0600][42.176s][info][gc,heap     ] GC(66) y:      Live:         -                88M (7%)           15M (1%)           11M (1%)     
[2026-04-03T03:24:06.299+0600][42.176s][info][gc,heap     ] GC(66) y:   Garbage:         -               253M (20%)         200M (16%)           0M (0%)     
[2026-04-03T03:24:06.299+0600][42.176s][info][gc,heap     ] GC(66) y: Allocated:         -               594M (48%)         612M (49%)         716M (57%)    
[2026-04-03T03:24:06.299+0600][42.176s][info][gc,heap     ] GC(66) y: Reclaimed:         -                  -                53M (4%)          253M (20%)    
[2026-04-03T03:24:06.299+0600][42.176s][info][gc,heap     ] GC(66) y:  Promoted:         -                  -                72M (6%)           76M (6%)     
[2026-04-03T03:24:06.299+0600][42.176s][info][gc,heap     ] GC(66) y: Compacted:         -                  -                  -                11M (1%)     
[2026-04-03T03:24:06.299+0600][42.176s][info][gc,phases   ] GC(66) y: Young Generation 656M(52%)->1162M(93%) 1.020s
[2026-04-03T03:24:06.299+0600][42.176s][info][gc          ] GC(66) Minor Collection (Allocation Rate) 656M(52%)->1162M(93%) 1.021s
[2026-04-03T03:24:06.299+0600][42.177s][info][gc          ] GC(67) Minor Collection (Allocation Rate)
[2026-04-03T03:24:06.299+0600][42.177s][info][gc,task     ] GC(67) Using 1 Workers for Young Generation
[2026-04-03T03:24:06.299+0600][42.177s][info][gc,phases   ] GC(67) y: Young Generation
[2026-04-03T03:24:06.299+0600][42.177s][info][gc,phases   ] GC(67) y: Pause Mark Start 0.027ms
[2026-04-03T03:24:06.420+0600][42.298s][info][gc,task     ] Adjusting Workers for Young Generation: 1 -> 3
[2026-04-03T03:24:06.565+0600][42.443s][info][gc,phases   ] GC(67) y: Concurrent Mark 265.436ms
[2026-04-03T03:24:06.565+0600][42.443s][info][gc,phases   ] GC(67) y: Pause Mark End 0.021ms
[2026-04-03T03:24:06.565+0600][42.443s][info][gc,phases   ] GC(67) y: Concurrent Mark Free 0.001ms
[2026-04-03T03:24:06.565+0600][42.443s][info][gc,phases   ] GC(67) y: Concurrent Reset Relocation Set 0.052ms
[2026-04-03T03:24:06.567+0600][42.445s][info][gc          ] Allocation Stall (Executor task launch worker for task 0.0 in stage 14.0 (TID 21)) 150.986ms
[2026-04-03T03:24:06.567+0600][42.445s][info][gc,reloc    ] GC(67) y: Using tenuring threshold: 2 (Computed)
[2026-04-03T03:24:06.567+0600][42.445s][info][gc          ] Allocation Stall (Executor task launch worker for task 2.0 in stage 14.0 (TID 23)) 150.528ms
[2026-04-03T03:24:06.567+0600][42.445s][info][gc          ] Allocation Stall (Executor task launch worker for task 1.0 in stage 14.0 (TID 22)) 147.423ms
[2026-04-03T03:24:06.575+0600][42.453s][info][gc,phases   ] GC(67) y: Concurrent Select Relocation Set 10.304ms
[2026-04-03T03:24:06.576+0600][42.453s][info][gc,phases   ] GC(67) y: Pause Relocate Start 0.023ms
[2026-04-03T03:24:06.576+0600][42.454s][info][gc          ] Allocation Stall (Executor task launch worker for task 0.0 in stage 14.0 (TID 21)) 3.897ms
[2026-04-03T03:24:06.576+0600][42.454s][info][gc          ] Allocation Stall (Executor task launch worker for task 1.0 in stage 14.0 (TID 22)) 2.617ms
[2026-04-03T03:24:06.577+0600][42.454s][info][gc          ] Relocation Stall (Executor task launch worker for task 2.0 in stage 14.0 (TID 23)) 0.764ms
[2026-04-03T03:24:06.650+0600][42.527s][info][gc,phases   ] GC(67) y: Concurrent Relocate 73.992ms
[2026-04-03T03:24:06.650+0600][42.528s][info][gc,alloc    ] GC(67) y:                         Mark Start        Mark End      Relocate Start    Relocate End   
[2026-04-03T03:24:06.650+0600][42.528s][info][gc,alloc    ] GC(67) y: Allocation Stalls:          0                3                2                0         
[2026-04-03T03:24:06.650+0600][42.528s][info][gc,load     ] GC(67) y: Load: 4.29 (36%) / 4.64 (39%) / 5.22 (43%)
[2026-04-03T03:24:06.650+0600][42.528s][info][gc,mmu      ] GC(67) y: MMU: 2ms/87.1%, 5ms/94.9%, 10ms/97.4%, 20ms/98.7%, 50ms/99.4%, 100ms/99.6%
[2026-04-03T03:24:06.650+0600][42.528s][info][gc,marking  ] GC(67) y: Mark: 1 stripe(s), 2 proactive flush(es), 1 terminate flush(es), 0 completion(s), 0 continuation(s) 
[2026-04-03T03:24:06.650+0600][42.528s][info][gc,marking  ] GC(67) y: Mark Stack Usage: 32M
[2026-04-03T03:24:06.650+0600][42.528s][info][gc,nmethod  ] GC(67) y: NMethods: 6428 registered, 1319 unregistered
[2026-04-03T03:24:06.650+0600][42.528s][info][gc,metaspace] GC(67) y: Metaspace: 70M used, 71M committed, 1088M reserved
[2026-04-03T03:24:06.650+0600][42.528s][info][gc,reloc    ] GC(67) y:                        Candidates     Selected     In-Place         Size        Empty    Relocated 
[2026-04-03T03:24:06.650+0600][42.528s][info][gc,reloc    ] GC(67) y: Small Pages:                  343          316            2         686M           8M          30M 
[2026-04-03T03:24:06.650+0600][42.528s][info][gc,reloc    ] GC(67) y: Medium Pages:                   0            0            0           0M           0M           0M 
[2026-04-03T03:24:06.650+0600][42.528s][info][gc,reloc    ] GC(67) y: Large Pages:                    3            0            0          42M           0M           0M 
[2026-04-03T03:24:06.650+0600][42.528s][info][gc,reloc    ] GC(67) y: Forwarding Usage: 30M
[2026-04-03T03:24:06.650+0600][42.528s][info][gc,reloc    ] GC(67) y: Age Table:
[2026-04-03T03:24:06.650+0600][42.528s][info][gc,reloc    ] GC(67) y:                    Live             Garbage             Small              Medium             Large        
[2026-04-03T03:24:06.650+0600][42.528s][info][gc,reloc    ] GC(67) y: Eden              72M (6%)          637M (51%)        334 / 312            0 / 0              3 / 0        
[2026-04-03T03:24:06.650+0600][42.528s][info][gc,reloc    ] GC(67) y: Survivor 1         7M (1%)           10M (1%)           9 / 4              0 / 0              0 / 0        
[2026-04-03T03:24:06.650+0600][42.528s][info][gc,heap     ] GC(67) y: Min Capacity: 8M(1%)
[2026-04-03T03:24:06.650+0600][42.528s][info][gc,heap     ] GC(67) y: Max Capacity: 1250M(100%)
[2026-04-03T03:24:06.650+0600][42.528s][info][gc,heap     ] GC(67) y: Soft Max Capacity: 1250M(100%)
[2026-04-03T03:24:06.650+0600][42.528s][info][gc,heap     ] GC(67) y: Heap Statistics:
[2026-04-03T03:24:06.650+0600][42.528s][info][gc,heap     ] GC(67) y:                Mark Start          Mark End        Relocate Start      Relocate End           High               Low         
[2026-04-03T03:24:06.650+0600][42.528s][info][gc,heap     ] GC(67) y:  Capacity:     1250M (100%)       1250M (100%)       1250M (100%)       1250M (100%)       1250M (100%)       1250M (100%)   
[2026-04-03T03:24:06.650+0600][42.528s][info][gc,heap     ] GC(67) y:      Free:       88M (7%)            0M (0%)            0M (0%)          560M (45%)         560M (45%)           0M (0%)     
[2026-04-03T03:24:06.650+0600][42.528s][info][gc,heap     ] GC(67) y:      Used:     1162M (93%)        1250M (100%)       1250M (100%)        690M (55%)        1250M (100%)        690M (55%)    
[2026-04-03T03:24:06.650+0600][42.528s][info][gc,heap     ] GC(67) y: Young Generation Statistics:
[2026-04-03T03:24:06.650+0600][42.528s][info][gc,heap     ] GC(67) y:                Mark Start          Mark End        Relocate Start      Relocate End    
[2026-04-03T03:24:06.650+0600][42.528s][info][gc,heap     ] GC(67) y:      Used:      728M (58%)         816M (65%)         816M (65%)         256M (20%)    
[2026-04-03T03:24:06.650+0600][42.528s][info][gc,heap     ] GC(67) y:      Live:         -                80M (6%)           80M (6%)           80M (6%)     
[2026-04-03T03:24:06.650+0600][42.528s][info][gc,heap     ] GC(67) y:   Garbage:         -               647M (52%)         639M (51%)           2M (0%)     
[2026-04-03T03:24:06.650+0600][42.528s][info][gc,heap     ] GC(67) y: Allocated:         -                88M (7%)           96M (8%)          173M (14%)    
[2026-04-03T03:24:06.650+0600][42.528s][info][gc,heap     ] GC(67) y: Reclaimed:         -                  -                 8M (1%)          645M (52%)    
[2026-04-03T03:24:06.650+0600][42.528s][info][gc,heap     ] GC(67) y:  Promoted:         -                  -                 0M (0%)            0M (0%)     
[2026-04-03T03:24:06.650+0600][42.528s][info][gc,heap     ] GC(67) y: Compacted:         -                  -                  -                32M (3%)     
[2026-04-03T03:24:06.650+0600][42.528s][info][gc,phases   ] GC(67) y: Young Generation 1162M(93%)->690M(55%) 0.351s
[2026-04-03T03:24:06.650+0600][42.528s][info][gc          ] GC(67) Minor Collection (Allocation Rate) 1162M(93%)->692M(55%) 0.352s
[2026-04-03T03:24:06.651+0600][42.528s][info][gc,task     ] Adjusting Workers for Old Generation: 2 -> 1
[2026-04-03T03:24:06.651+0600][42.528s][info][gc,task     ] GC(65) O: Using 3 Workers for Old Generation
[2026-04-03T03:24:06.749+0600][42.627s][info][gc,task     ] GC(65) O: Using 2 Workers for Old Generation
[2026-04-03T03:24:06.749+0600][42.627s][info][gc,phases   ] GC(65) O: Concurrent Remap Roots 98.833ms
[2026-04-03T03:24:06.750+0600][42.628s][info][gc,phases   ] GC(65) O: Pause Relocate Start 0.034ms
[2026-04-03T03:24:06.750+0600][42.628s][info][gc          ] GC(68) Minor Collection (Allocation Rate)
[2026-04-03T03:24:06.750+0600][42.628s][info][gc,task     ] GC(68) Using 2 Workers for Young Generation
[2026-04-03T03:24:06.750+0600][42.628s][info][gc,phases   ] GC(68) y: Young Generation
[2026-04-03T03:24:06.751+0600][42.628s][info][gc,phases   ] GC(68) y: Pause Mark Start 0.045ms
[2026-04-03T03:24:06.770+0600][42.648s][info][gc,phases   ] GC(65) O: Concurrent Relocate 19.890ms
[2026-04-03T03:24:06.772+0600][42.649s][info][gc,task     ] Adjusting Workers for Young Generation: 2 -> 3
[2026-04-03T03:24:07.132+0600][43.010s][info][gc,phases   ] GC(68) y: Concurrent Mark 381.364ms
[2026-04-03T03:24:07.133+0600][43.011s][info][gc,phases   ] GC(68) y: Pause Mark End 0.138ms
[2026-04-03T03:24:07.133+0600][43.011s][info][gc,phases   ] GC(68) y: Concurrent Mark Free 0.004ms
[2026-04-03T03:24:07.133+0600][43.011s][info][gc,phases   ] GC(68) y: Concurrent Reset Relocation Set 0.054ms
[2026-04-03T03:24:07.137+0600][43.014s][info][gc,reloc    ] GC(68) y: Using tenuring threshold: 1 (Computed)
[2026-04-03T03:24:07.193+0600][43.071s][info][gc,phases   ] GC(68) y: Concurrent Select Relocation Set 59.720ms
[2026-04-03T03:24:07.193+0600][43.071s][info][gc,phases   ] GC(68) y: Pause Relocate Start 0.024ms
[2026-04-03T03:24:07.363+0600][43.240s][info][gc,phases   ] GC(68) y: Concurrent Relocate 168.940ms
[2026-04-03T03:24:07.363+0600][43.241s][info][gc,alloc    ] GC(68) y:                         Mark Start        Mark End      Relocate Start    Relocate End   
[2026-04-03T03:24:07.363+0600][43.241s][info][gc,alloc    ] GC(68) y: Allocation Stalls:          0                0                0                0         
[2026-04-03T03:24:07.363+0600][43.241s][info][gc,load     ] GC(68) y: Load: 4.29 (36%) / 4.64 (39%) / 5.22 (43%)
[2026-04-03T03:24:07.363+0600][43.241s][info][gc,mmu      ] GC(68) y: MMU: 2ms/87.1%, 5ms/94.9%, 10ms/97.4%, 20ms/98.7%, 50ms/99.4%, 100ms/99.6%
[2026-04-03T03:24:07.363+0600][43.241s][info][gc,marking  ] GC(68) y: Mark: 2 stripe(s), 10 proactive flush(es), 1 terminate flush(es), 0 completion(s), 0 continuation(s) 
[2026-04-03T03:24:07.363+0600][43.241s][info][gc,marking  ] GC(68) y: Mark Stack Usage: 32M
[2026-04-03T03:24:07.363+0600][43.241s][info][gc,nmethod  ] GC(68) y: NMethods: 6437 registered, 1319 unregistered
[2026-04-03T03:24:07.363+0600][43.241s][info][gc,metaspace] GC(68) y: Metaspace: 70M used, 71M committed, 1088M reserved
[2026-04-03T03:24:07.363+0600][43.241s][info][gc,reloc    ] GC(68) y:                        Candidates     Selected     In-Place         Size        Empty    Relocated 
[2026-04-03T03:24:07.363+0600][43.241s][info][gc,reloc    ] GC(68) y: Small Pages:                  143          116            0         286M           0M          13M 
[2026-04-03T03:24:07.363+0600][43.241s][info][gc,reloc    ] GC(68) y: Medium Pages:                   0            0            0           0M           0M           0M 
[2026-04-03T03:24:07.363+0600][43.241s][info][gc,reloc    ] GC(68) y: Large Pages:                    4            0            0          52M           0M           0M 
[2026-04-03T03:24:07.363+0600][43.241s][info][gc,reloc    ] GC(68) y: Forwarding Usage: 15M
[2026-04-03T03:24:07.363+0600][43.241s][info][gc,reloc    ] GC(68) y: Age Table:
[2026-04-03T03:24:07.363+0600][43.241s][info][gc,reloc    ] GC(68) y:                    Live             Garbage             Small              Medium             Large        
[2026-04-03T03:24:07.363+0600][43.241s][info][gc,reloc    ] GC(68) y: Eden              21M (2%)          218M (18%)        115 / 108            0 / 0              1 / 0        
[2026-04-03T03:24:07.363+0600][43.241s][info][gc,reloc    ] GC(68) y: Survivor 1        71M (6%)            8M (1%)          19 / 4              0 / 0              3 / 0        
[2026-04-03T03:24:07.363+0600][43.241s][info][gc,reloc    ] GC(68) y: Survivor 2         7M (1%)           10M (1%)           9 / 4              0 / 0              0 / 0        
[2026-04-03T03:24:07.363+0600][43.241s][info][gc,heap     ] GC(68) y: Min Capacity: 8M(1%)
[2026-04-03T03:24:07.363+0600][43.241s][info][gc,heap     ] GC(68) y: Max Capacity: 1250M(100%)
[2026-04-03T03:24:07.363+0600][43.241s][info][gc,heap     ] GC(68) y: Soft Max Capacity: 1250M(100%)
[2026-04-03T03:24:07.363+0600][43.241s][info][gc,heap     ] GC(68) y: Heap Statistics:
[2026-04-03T03:24:07.363+0600][43.241s][info][gc,heap     ] GC(68) y:                Mark Start          Mark End        Relocate Start      Relocate End           High               Low         
[2026-04-03T03:24:07.363+0600][43.241s][info][gc,heap     ] GC(68) y:  Capacity:     1250M (100%)       1250M (100%)       1250M (100%)       1250M (100%)       1250M (100%)       1250M (100%)   
[2026-04-03T03:24:07.363+0600][43.241s][info][gc,heap     ] GC(68) y:      Free:      484M (39%)         242M (19%)         212M (17%)         382M (31%)         484M (39%)         204M (16%)    
[2026-04-03T03:24:07.363+0600][43.241s][info][gc,heap     ] GC(68) y:      Used:      766M (61%)        1008M (81%)        1038M (83%)         868M (69%)        1046M (84%)         766M (61%)    
[2026-04-03T03:24:07.363+0600][43.241s][info][gc,heap     ] GC(68) y: Young Generation Statistics:
[2026-04-03T03:24:07.363+0600][43.241s][info][gc,heap     ] GC(68) y:                Mark Start          Mark End        Relocate Start      Relocate End    
[2026-04-03T03:24:07.363+0600][43.241s][info][gc,heap     ] GC(68) y:      Used:      338M (27%)         584M (47%)         536M (43%)         360M (29%)    
[2026-04-03T03:24:07.363+0600][43.241s][info][gc,heap     ] GC(68) y:      Live:         -               100M (8%)           25M (2%)           21M (2%)     
[2026-04-03T03:24:07.363+0600][43.241s][info][gc,heap     ] GC(68) y:   Garbage:         -               237M (19%)         234M (19%)           0M (0%)     
[2026-04-03T03:24:07.363+0600][43.241s][info][gc,heap     ] GC(68) y: Allocated:         -               246M (20%)         276M (22%)         338M (27%)    
[2026-04-03T03:24:07.363+0600][43.241s][info][gc,heap     ] GC(68) y: Reclaimed:         -                  -                 2M (0%)          237M (19%)    
[2026-04-03T03:24:07.363+0600][43.241s][info][gc,heap     ] GC(68) y:  Promoted:         -                  -                75M (6%)           79M (6%)     
[2026-04-03T03:24:07.363+0600][43.241s][info][gc,heap     ] GC(68) y: Compacted:         -                  -                  -                11M (1%)     
[2026-04-03T03:24:07.363+0600][43.241s][info][gc,phases   ] GC(68) y: Young Generation 774M(62%)->868M(69%) 0.612s
[2026-04-03T03:24:07.363+0600][43.241s][info][gc          ] GC(68) Minor Collection (Allocation Rate) 772M(62%)->868M(69%) 0.613s
[2026-04-03T03:24:07.364+0600][43.241s][info][gc,alloc    ] GC(65) O:                         Mark Start        Mark End      Relocate Start    Relocate End   
[2026-04-03T03:24:07.364+0600][43.241s][info][gc,alloc    ] GC(65) O: Allocation Stalls:          0                0                0                0         
[2026-04-03T03:24:07.364+0600][43.241s][info][gc,load     ] GC(65) O: Load: 4.29 (36%) / 4.64 (39%) / 5.22 (43%)
[2026-04-03T03:24:07.364+0600][43.241s][info][gc,mmu      ] GC(65) O: MMU: 2ms/87.1%, 5ms/94.9%, 10ms/97.4%, 20ms/98.7%, 50ms/99.4%, 100ms/99.6%
[2026-04-03T03:24:07.364+0600][43.241s][info][gc,marking  ] GC(65) O: Mark: 2 stripe(s), 2 proactive flush(es), 1 terminate flush(es), 0 completion(s), 0 continuation(s) 
[2026-04-03T03:24:07.364+0600][43.241s][info][gc,marking  ] GC(65) O: Mark Stack Usage: 32M
[2026-04-03T03:24:07.364+0600][43.242s][info][gc,nmethod  ] GC(65) O: NMethods: 6437 registered, 1319 unregistered
[2026-04-03T03:24:07.364+0600][43.242s][info][gc,metaspace] GC(65) O: Metaspace: 70M used, 71M committed, 1088M reserved
[2026-04-03T03:24:07.364+0600][43.242s][info][gc,ref      ] GC(65) O:                       Encountered   Discovered     Enqueued 
[2026-04-03T03:24:07.364+0600][43.242s][info][gc,ref      ] GC(65) O: Soft References:             5095            0            0 
[2026-04-03T03:24:07.364+0600][43.242s][info][gc,ref      ] GC(65) O: Weak References:             6526         4634           24 
[2026-04-03T03:24:07.364+0600][43.242s][info][gc,ref      ] GC(65) O: Final References:              84           48            0 
[2026-04-03T03:24:07.364+0600][43.242s][info][gc,ref      ] GC(65) O: Phantom References:           601          402            0 
[2026-04-03T03:24:07.364+0600][43.242s][info][gc,reloc    ] GC(65) O:                        Candidates     Selected     In-Place         Size        Empty    Relocated 
[2026-04-03T03:24:07.364+0600][43.242s][info][gc,reloc    ] GC(65) O: Small Pages:                  126            8            0         252M           0M           2M 
[2026-04-03T03:24:07.364+0600][43.242s][info][gc,reloc    ] GC(65) O: Medium Pages:                   1            0            0          32M           0M           0M 
[2026-04-03T03:24:07.364+0600][43.242s][info][gc,reloc    ] GC(65) O: Large Pages:                    3            0            0          30M           0M           0M 
[2026-04-03T03:24:07.364+0600][43.242s][info][gc,reloc    ] GC(65) O: Forwarding Usage: 1M
[2026-04-03T03:24:07.364+0600][43.242s][info][gc,heap     ] GC(65) O: Min Capacity: 8M(1%)
[2026-04-03T03:24:07.364+0600][43.242s][info][gc,heap     ] GC(65) O: Max Capacity: 1250M(100%)
[2026-04-03T03:24:07.364+0600][43.242s][info][gc,heap     ] GC(65) O: Soft Max Capacity: 1250M(100%)
[2026-04-03T03:24:07.364+0600][43.242s][info][gc,heap     ] GC(65) O: Heap Statistics:
[2026-04-03T03:24:07.364+0600][43.242s][info][gc,heap     ] GC(65) O:                Mark Start          Mark End        Relocate Start      Relocate End           High               Low         
[2026-04-03T03:24:07.364+0600][43.242s][info][gc,heap     ] GC(65) O:  Capacity:     1250M (100%)       1250M (100%)       1250M (100%)       1250M (100%)       1250M (100%)       1250M (100%)   
[2026-04-03T03:24:07.364+0600][43.242s][info][gc,heap     ] GC(65) O:      Free:      448M (36%)          18M (1%)          478M (38%)         478M (38%)         600M (48%)           0M (0%)     
[2026-04-03T03:24:07.364+0600][43.242s][info][gc,heap     ] GC(65) O:      Used:      802M (64%)        1232M (99%)         772M (62%)         772M (62%)        1250M (100%)        650M (52%)    
[2026-04-03T03:24:07.364+0600][43.242s][info][gc,heap     ] GC(65) O: Old Generation Statistics:
[2026-04-03T03:24:07.364+0600][43.242s][info][gc,heap     ] GC(65) O:                Mark Start          Mark End        Relocate Start      Relocate End    
[2026-04-03T03:24:07.364+0600][43.242s][info][gc,heap     ] GC(65) O:      Used:      314M (25%)         314M (25%)         434M (35%)         424M (34%)    
[2026-04-03T03:24:07.364+0600][43.242s][info][gc,heap     ] GC(65) O:      Live:         -               270M (22%)         270M (22%)         270M (22%)    
[2026-04-03T03:24:07.364+0600][43.242s][info][gc,heap     ] GC(65) O:   Garbage:         -                43M (3%)           43M (3%)           26M (2%)     
[2026-04-03T03:24:07.364+0600][43.242s][info][gc,heap     ] GC(65) O: Allocated:         -                 0M (0%)          120M (10%)         126M (10%)    
[2026-04-03T03:24:07.364+0600][43.242s][info][gc,heap     ] GC(65) O: Reclaimed:         -                  -                 0M (0%)           16M (1%)     
[2026-04-03T03:24:07.364+0600][43.242s][info][gc,heap     ] GC(65) O: Compacted:         -                  -                  -                 3M (0%)     
[2026-04-03T03:24:07.364+0600][43.242s][info][gc,phases   ] GC(65) O: Old Generation 652M(52%)->772M(62%) 2.094s
[2026-04-03T03:24:07.364+0600][43.242s][info][gc          ] GC(65) Major Collection (Allocation Rate) 802M(64%)->868M(69%) 2.408s
[2026-04-03T03:24:07.372+0600][43.249s][info][gc          ] GC(69) Major Collection (Allocation Rate)
[2026-04-03T03:24:07.372+0600][43.249s][info][gc,task     ] GC(69) Using 3 Workers for Young Generation
[2026-04-03T03:24:07.372+0600][43.249s][info][gc,task     ] GC(69) Using 1 Workers for Old Generation
[2026-04-03T03:24:07.372+0600][43.249s][info][gc,phases   ] GC(69) Y: Young Generation
[2026-04-03T03:24:07.372+0600][43.250s][info][gc,phases   ] GC(69) Y: Pause Mark Start (Major) 0.033ms
[2026-04-03T03:24:07.587+0600][43.465s][info][gc,phases   ] GC(69) Y: Concurrent Mark 215.228ms
[2026-04-03T03:24:07.588+0600][43.466s][info][gc,phases   ] GC(69) Y: Pause Mark End 0.038ms
[2026-04-03T03:24:07.588+0600][43.466s][info][gc,phases   ] GC(69) Y: Concurrent Mark Free 0.005ms
[2026-04-03T03:24:07.588+0600][43.466s][info][gc,phases   ] GC(69) Y: Concurrent Reset Relocation Set 0.091ms
[2026-04-03T03:24:07.591+0600][43.469s][info][gc,reloc    ] GC(69) Y: Using tenuring threshold: 1 (Computed)
[2026-04-03T03:24:07.617+0600][43.495s][info][gc,phases   ] GC(69) Y: Concurrent Select Relocation Set 28.562ms
[2026-04-03T03:24:07.617+0600][43.495s][info][gc,phases   ] GC(69) Y: Pause Relocate Start 0.078ms
[2026-04-03T03:24:07.713+0600][43.591s][info][gc,phases   ] GC(69) Y: Concurrent Relocate 95.097ms
[2026-04-03T03:24:07.713+0600][43.591s][info][gc,alloc    ] GC(69) Y:                         Mark Start        Mark End      Relocate Start    Relocate End   
[2026-04-03T03:24:07.713+0600][43.591s][info][gc,alloc    ] GC(69) Y: Allocation Stalls:          0                0                0                0         
[2026-04-03T03:24:07.713+0600][43.591s][info][gc,load     ] GC(69) Y: Load: 4.29 (36%) / 4.64 (39%) / 5.22 (43%)
[2026-04-03T03:24:07.713+0600][43.591s][info][gc,mmu      ] GC(69) Y: MMU: 2ms/87.1%, 5ms/94.9%, 10ms/97.4%, 20ms/98.7%, 50ms/99.4%, 100ms/99.6%
[2026-04-03T03:24:07.713+0600][43.591s][info][gc,marking  ] GC(69) Y: Mark: 2 stripe(s), 2 proactive flush(es), 1 terminate flush(es), 0 completion(s), 0 continuation(s) 
[2026-04-03T03:24:07.713+0600][43.591s][info][gc,marking  ] GC(69) Y: Mark Stack Usage: 32M
[2026-04-03T03:24:07.713+0600][43.591s][info][gc,nmethod  ] GC(69) Y: NMethods: 6438 registered, 1319 unregistered
[2026-04-03T03:24:07.713+0600][43.591s][info][gc,metaspace] GC(69) Y: Metaspace: 70M used, 71M committed, 1088M reserved
[2026-04-03T03:24:07.713+0600][43.591s][info][gc,reloc    ] GC(69) Y:                        Candidates     Selected     In-Place         Size        Empty    Relocated 
[2026-04-03T03:24:07.713+0600][43.591s][info][gc,reloc    ] GC(69) Y: Small Pages:                  161          148            0         322M           2M          12M 
[2026-04-03T03:24:07.713+0600][43.591s][info][gc,reloc    ] GC(69) Y: Medium Pages:                   1            0            0          32M           0M           0M 
[2026-04-03T03:24:07.713+0600][43.591s][info][gc,reloc    ] GC(69) Y: Large Pages:                    1            0            0          10M           0M           0M 
[2026-04-03T03:24:07.713+0600][43.591s][info][gc,reloc    ] GC(69) Y: Forwarding Usage: 12M
[2026-04-03T03:24:07.713+0600][43.591s][info][gc,reloc    ] GC(69) Y: Age Table:
[2026-04-03T03:24:07.713+0600][43.591s][info][gc,reloc    ] GC(69) Y:                    Live             Garbage             Small              Medium             Large        
[2026-04-03T03:24:07.713+0600][43.591s][info][gc,reloc    ] GC(69) Y: Eden              14M (1%)          321M (26%)        152 / 144            1 / 0              0 / 0        
[2026-04-03T03:24:07.713+0600][43.591s][info][gc,reloc    ] GC(69) Y: Survivor 1        19M (2%)            8M (1%)           9 / 4              0 / 0              1 / 0        
[2026-04-03T03:24:07.713+0600][43.591s][info][gc,heap     ] GC(69) Y: Min Capacity: 8M(1%)
[2026-04-03T03:24:07.713+0600][43.591s][info][gc,heap     ] GC(69) Y: Max Capacity: 1250M(100%)
[2026-04-03T03:24:07.736+0600][43.614s][info][gc,heap     ] GC(69) Y: Soft Max Capacity: 1250M(100%)
[2026-04-03T03:24:07.736+0600][43.614s][info][gc,heap     ] GC(69) Y: Heap Statistics:
[2026-04-03T03:24:07.736+0600][43.614s][info][gc,heap     ] GC(69) Y:                Mark Start          Mark End        Relocate Start      Relocate End           High               Low         
[2026-04-03T03:24:07.736+0600][43.614s][info][gc,heap     ] GC(69) Y:  Capacity:     1250M (100%)       1250M (100%)       1250M (100%)       1250M (100%)       1250M (100%)       1250M (100%)   
[2026-04-03T03:24:07.736+0600][43.614s][info][gc,heap     ] GC(69) Y:      Free:      378M (30%)         272M (22%)         264M (21%)         510M (41%)         532M (43%)         248M (20%)    
[2026-04-03T03:24:07.736+0600][43.614s][info][gc,heap     ] GC(69) Y:      Used:      872M (70%)         978M (78%)         986M (79%)         740M (59%)        1002M (80%)         718M (57%)    
[2026-04-03T03:24:07.736+0600][43.614s][info][gc,heap     ] GC(69) Y: Young Generation Statistics:
[2026-04-03T03:24:07.736+0600][43.614s][info][gc,heap     ] GC(69) Y:                Mark Start          Mark End        Relocate Start      Relocate End    
[2026-04-03T03:24:07.736+0600][43.614s][info][gc,heap     ] GC(69) Y:      Used:      364M (29%)         470M (38%)         460M (37%)         202M (16%)    
[2026-04-03T03:24:07.736+0600][43.614s][info][gc,heap     ] GC(69) Y:      Live:         -                33M (3%)           16M (1%)           14M (1%)     
[2026-04-03T03:24:07.736+0600][43.614s][info][gc,heap     ] GC(69) Y:   Garbage:         -               330M (26%)         327M (26%)          28M (2%)     
[2026-04-03T03:24:07.736+0600][43.614s][info][gc,heap     ] GC(69) Y: Allocated:         -               106M (8%)          116M (9%)          158M (13%)    
[2026-04-03T03:24:07.737+0600][43.614s][info][gc,heap     ] GC(69) Y: Reclaimed:         -                  -                 2M (0%)          301M (24%)    
[2026-04-03T03:24:07.737+0600][43.614s][info][gc,heap     ] GC(69) Y:  Promoted:         -                  -                17M (1%)           19M (2%)     
[2026-04-03T03:24:07.737+0600][43.614s][info][gc,heap     ] GC(69) Y: Compacted:         -                  -                  -                11M (1%)     
[2026-04-03T03:24:07.737+0600][43.614s][info][gc,phases   ] GC(69) Y: Young Generation 872M(70%)->740M(59%) 0.341s
[2026-04-03T03:24:07.737+0600][43.614s][info][gc,phases   ] GC(69) O: Old Generation
[2026-04-03T03:24:07.740+0600][43.617s][info][gc          ] GC(70) Minor Collection (Allocation Rate)
[2026-04-03T03:24:07.740+0600][43.617s][info][gc,task     ] GC(70) Using 2 Workers for Young Generation
[2026-04-03T03:24:07.740+0600][43.617s][info][gc,phases   ] GC(70) y: Young Generation
[2026-04-03T03:24:07.740+0600][43.618s][info][gc,phases   ] GC(70) y: Pause Mark Start 0.026ms
[2026-04-03T03:24:07.978+0600][43.856s][info][gc,phases   ] GC(70) y: Concurrent Mark 237.954ms
[2026-04-03T03:24:07.978+0600][43.856s][info][gc,phases   ] GC(70) y: Pause Mark End 0.032ms
[2026-04-03T03:24:07.979+0600][43.856s][info][gc,phases   ] GC(70) y: Concurrent Mark Free 0.004ms
[2026-04-03T03:24:07.979+0600][43.857s][info][gc,phases   ] GC(70) y: Concurrent Reset Relocation Set 0.046ms
[2026-04-03T03:24:07.981+0600][43.859s][info][gc,reloc    ] GC(70) y: Using tenuring threshold: 1 (Computed)
[2026-04-03T03:24:07.994+0600][43.872s][info][gc,phases   ] GC(70) y: Concurrent Select Relocation Set 15.573ms
[2026-04-03T03:24:07.995+0600][43.873s][info][gc,phases   ] GC(70) y: Pause Relocate Start 0.033ms
[2026-04-03T03:24:08.047+0600][43.925s][info][gc,phases   ] GC(70) y: Concurrent Relocate 51.786ms
[2026-04-03T03:24:08.047+0600][43.925s][info][gc,alloc    ] GC(70) y:                         Mark Start        Mark End      Relocate Start    Relocate End   
[2026-04-03T03:24:08.047+0600][43.925s][info][gc,alloc    ] GC(70) y: Allocation Stalls:          0                0                0                0         
[2026-04-03T03:24:08.047+0600][43.925s][info][gc,load     ] GC(70) y: Load: 4.29 (36%) / 4.64 (39%) / 5.22 (43%)
[2026-04-03T03:24:08.047+0600][43.925s][info][gc,mmu      ] GC(70) y: MMU: 2ms/87.1%, 5ms/94.9%, 10ms/97.4%, 20ms/98.7%, 50ms/99.4%, 100ms/99.6%
[2026-04-03T03:24:08.047+0600][43.925s][info][gc,marking  ] GC(70) y: Mark: 2 stripe(s), 2 proactive flush(es), 1 terminate flush(es), 0 completion(s), 0 continuation(s) 
[2026-04-03T03:24:08.047+0600][43.925s][info][gc,marking  ] GC(70) y: Mark Stack Usage: 32M
[2026-04-03T03:24:08.047+0600][43.925s][info][gc,nmethod  ] GC(70) y: NMethods: 6446 registered, 1319 unregistered
[2026-04-03T03:24:08.047+0600][43.925s][info][gc,metaspace] GC(70) y: Metaspace: 70M used, 71M committed, 1088M reserved
[2026-04-03T03:24:08.047+0600][43.925s][info][gc,reloc    ] GC(70) y:                        Candidates     Selected     In-Place         Size        Empty    Relocated 
[2026-04-03T03:24:08.047+0600][43.925s][info][gc,reloc    ] GC(70) y: Small Pages:                   75           66            0         150M           0M           4M 
[2026-04-03T03:24:08.047+0600][43.925s][info][gc,reloc    ] GC(70) y: Medium Pages:                   2            1            0          64M           0M           2M 
[2026-04-03T03:24:08.047+0600][43.925s][info][gc,reloc    ] GC(70) y: Large Pages:                    0            0            0           0M           0M           0M 
[2026-04-03T03:24:08.047+0600][43.925s][info][gc,reloc    ] GC(70) y: Forwarding Usage: 4M
[2026-04-03T03:24:08.047+0600][43.925s][info][gc,reloc    ] GC(70) y: Age Table:
[2026-04-03T03:24:08.047+0600][43.925s][info][gc,reloc    ] GC(70) y:                    Live             Garbage             Small              Medium             Large        
[2026-04-03T03:24:08.047+0600][43.925s][info][gc,reloc    ] GC(70) y: Eden               6M (1%)          155M (12%)         65 / 62             1 / 0              0 / 0        
[2026-04-03T03:24:08.047+0600][43.925s][info][gc,reloc    ] GC(70) y: Survivor 1        12M (1%)           39M (3%)          10 / 4              1 / 1              0 / 0        
[2026-04-03T03:24:08.047+0600][43.925s][info][gc,heap     ] GC(70) y: Min Capacity: 8M(1%)
[2026-04-03T03:24:08.047+0600][43.925s][info][gc,heap     ] GC(70) y: Max Capacity: 1250M(100%)
[2026-04-03T03:24:08.047+0600][43.925s][info][gc,heap     ] GC(70) y: Soft Max Capacity: 1250M(100%)
[2026-04-03T03:24:08.047+0600][43.925s][info][gc,heap     ] GC(70) y: Heap Statistics:
[2026-04-03T03:24:08.047+0600][43.925s][info][gc,heap     ] GC(70) y:                Mark Start          Mark End        Relocate Start      Relocate End           High               Low         
[2026-04-03T03:24:08.047+0600][43.925s][info][gc,heap     ] GC(70) y:  Capacity:     1250M (100%)       1250M (100%)       1250M (100%)       1250M (100%)       1250M (100%)       1250M (100%)   
[2026-04-03T03:24:08.047+0600][43.925s][info][gc,heap     ] GC(70) y:      Free:      498M (40%)         390M (31%)         382M (31%)         458M (37%)         498M (40%)         278M (22%)    
[2026-04-03T03:24:08.047+0600][43.925s][info][gc,heap     ] GC(70) y:      Used:      752M (60%)         860M (69%)         868M (69%)         792M (63%)         972M (78%)         752M (60%)    
[2026-04-03T03:24:08.047+0600][43.925s][info][gc,heap     ] GC(70) y: Young Generation Statistics:
[2026-04-03T03:24:08.047+0600][43.925s][info][gc,heap     ] GC(70) y:                Mark Start          Mark End        Relocate Start      Relocate End    
[2026-04-03T03:24:08.047+0600][43.925s][info][gc,heap     ] GC(70) y:      Used:      214M (17%)         322M (26%)         318M (25%)         202M (16%)    
[2026-04-03T03:24:08.047+0600][43.925s][info][gc,heap     ] GC(70) y:      Live:         -                18M (1%)            9M (1%)            6M (1%)     
[2026-04-03T03:24:08.047+0600][43.925s][info][gc,heap     ] GC(70) y:   Garbage:         -               195M (16%)         192M (15%)           2M (0%)     
[2026-04-03T03:24:08.047+0600][43.925s][info][gc,heap     ] GC(70) y: Allocated:         -               108M (9%)          116M (9%)          193M (15%)    
[2026-04-03T03:24:08.047+0600][43.925s][info][gc,heap     ] GC(70) y: Reclaimed:         -                  -                 2M (0%)          193M (15%)    
[2026-04-03T03:24:08.047+0600][43.925s][info][gc,heap     ] GC(70) y:  Promoted:         -                  -                 9M (1%)           12M (1%)     
[2026-04-03T03:24:08.047+0600][43.925s][info][gc,heap     ] GC(70) y: Compacted:         -                  -                  -                 8M (1%)     
[2026-04-03T03:24:08.048+0600][43.925s][info][gc,phases   ] GC(70) y: Young Generation 752M(60%)->792M(63%) 0.307s
[2026-04-03T03:24:08.048+0600][43.925s][info][gc          ] GC(70) Minor Collection (Allocation Rate) 752M(60%)->792M(63%) 0.308s
[2026-04-03T03:24:08.048+0600][43.926s][info][gc          ] GC(71) Minor Collection (Allocation Rate)
[2026-04-03T03:24:08.048+0600][43.926s][info][gc,task     ] GC(71) Using 2 Workers for Young Generation
[2026-04-03T03:24:08.048+0600][43.926s][info][gc,phases   ] GC(71) y: Young Generation
[2026-04-03T03:24:08.048+0600][43.926s][info][gc,phases   ] GC(71) y: Pause Mark Start 0.044ms
[2026-04-03T03:24:08.215+0600][44.093s][info][gc,phases   ] GC(71) y: Concurrent Mark 166.798ms
[2026-04-03T03:24:08.216+0600][44.093s][info][gc,phases   ] GC(71) y: Pause Mark End 0.040ms
[2026-04-03T03:24:08.216+0600][44.093s][info][gc,phases   ] GC(71) y: Concurrent Mark Free 0.002ms
[2026-04-03T03:24:08.216+0600][44.094s][info][gc,phases   ] GC(71) y: Concurrent Reset Relocation Set 0.043ms
[2026-04-03T03:24:08.224+0600][44.102s][info][gc,reloc    ] GC(71) y: Using tenuring threshold: 2 (Computed)
[2026-04-03T03:24:08.225+0600][44.103s][info][gc,phases   ] GC(71) y: Concurrent Select Relocation Set 9.286ms
[2026-04-03T03:24:08.225+0600][44.103s][info][gc,phases   ] GC(71) y: Pause Relocate Start 0.030ms
[2026-04-03T03:24:08.247+0600][44.124s][info][gc,phases   ] GC(71) y: Concurrent Relocate 21.039ms
[2026-04-03T03:24:08.247+0600][44.125s][info][gc,alloc    ] GC(71) y:                         Mark Start        Mark End      Relocate Start    Relocate End   
[2026-04-03T03:24:08.247+0600][44.125s][info][gc,alloc    ] GC(71) y: Allocation Stalls:          0                0                0                0         
[2026-04-03T03:24:08.247+0600][44.125s][info][gc,load     ] GC(71) y: Load: 4.29 (36%) / 4.64 (39%) / 5.22 (43%)
[2026-04-03T03:24:08.247+0600][44.125s][info][gc,mmu      ] GC(71) y: MMU: 2ms/87.1%, 5ms/94.9%, 10ms/97.4%, 20ms/98.7%, 50ms/99.4%, 100ms/99.6%
[2026-04-03T03:24:08.247+0600][44.125s][info][gc,marking  ] GC(71) y: Mark: 2 stripe(s), 2 proactive flush(es), 1 terminate flush(es), 0 completion(s), 0 continuation(s) 
[2026-04-03T03:24:08.247+0600][44.125s][info][gc,marking  ] GC(71) y: Mark Stack Usage: 32M
[2026-04-03T03:24:08.247+0600][44.125s][info][gc,nmethod  ] GC(71) y: NMethods: 6452 registered, 1319 unregistered
[2026-04-03T03:24:08.247+0600][44.125s][info][gc,metaspace] GC(71) y: Metaspace: 70M used, 71M committed, 1088M reserved
[2026-04-03T03:24:08.247+0600][44.125s][info][gc,reloc    ] GC(71) y:                        Candidates     Selected     In-Place         Size        Empty    Relocated 
[2026-04-03T03:24:08.247+0600][44.125s][info][gc,reloc    ] GC(71) y: Small Pages:                   53           48            0         106M           0M           4M 
[2026-04-03T03:24:08.247+0600][44.125s][info][gc,reloc    ] GC(71) y: Medium Pages:                   3            1            0          96M          32M           3M 
[2026-04-03T03:24:08.247+0600][44.125s][info][gc,reloc    ] GC(71) y: Large Pages:                    0            0            0           0M           0M           0M 
[2026-04-03T03:24:08.247+0600][44.125s][info][gc,reloc    ] GC(71) y: Forwarding Usage: 4M
[2026-04-03T03:24:08.247+0600][44.125s][info][gc,reloc    ] GC(71) y: Age Table:
[2026-04-03T03:24:08.247+0600][44.125s][info][gc,reloc    ] GC(71) y:                    Live             Garbage             Small              Medium             Large        
[2026-04-03T03:24:08.247+0600][44.125s][info][gc,reloc    ] GC(71) y: Eden               6M (1%)          123M (10%)         49 / 46             1 / 1              0 / 0        
[2026-04-03T03:24:08.247+0600][44.125s][info][gc,reloc    ] GC(71) y: Survivor 1         5M (0%)           66M (5%)           4 / 2              2 / 0              0 / 0        
[2026-04-03T03:24:08.247+0600][44.125s][info][gc,heap     ] GC(71) y: Min Capacity: 8M(1%)
[2026-04-03T03:24:08.247+0600][44.125s][info][gc,heap     ] GC(71) y: Max Capacity: 1250M(100%)
[2026-04-03T03:24:08.247+0600][44.125s][info][gc,heap     ] GC(71) y: Soft Max Capacity: 1250M(100%)
[2026-04-03T03:24:08.247+0600][44.125s][info][gc,heap     ] GC(71) y: Heap Statistics:
[2026-04-03T03:24:08.247+0600][44.125s][info][gc,heap     ] GC(71) y:                Mark Start          Mark End        Relocate Start      Relocate End           High               Low         
[2026-04-03T03:24:08.247+0600][44.125s][info][gc,heap     ] GC(71) y:  Capacity:     1250M (100%)       1250M (100%)       1250M (100%)       1250M (100%)       1250M (100%)       1250M (100%)   
[2026-04-03T03:24:08.247+0600][44.125s][info][gc,heap     ] GC(71) y:      Free:      458M (37%)         366M (29%)         396M (32%)         478M (38%)         480M (38%)         324M (26%)    
[2026-04-03T03:24:08.247+0600][44.125s][info][gc,heap     ] GC(71) y:      Used:      792M (63%)         884M (71%)         854M (68%)         772M (62%)         926M (74%)         770M (62%)    
[2026-04-03T03:24:08.247+0600][44.125s][info][gc,heap     ] GC(71) y: Young Generation Statistics:
[2026-04-03T03:24:08.247+0600][44.125s][info][gc,heap     ] GC(71) y:                Mark Start          Mark End        Relocate Start      Relocate End    
[2026-04-03T03:24:08.247+0600][44.125s][info][gc,heap     ] GC(71) y:      Used:      202M (16%)         294M (24%)         264M (21%)         182M (15%)    
[2026-04-03T03:24:08.247+0600][44.125s][info][gc,heap     ] GC(71) y:      Live:         -                12M (1%)           12M (1%)           12M (1%)     
[2026-04-03T03:24:08.247+0600][44.125s][info][gc,heap     ] GC(71) y:   Garbage:         -               189M (15%)         157M (13%)           1M (0%)     
[2026-04-03T03:24:08.247+0600][44.125s][info][gc,heap     ] GC(71) y: Allocated:         -                92M (7%)           94M (8%)          168M (13%)    
[2026-04-03T03:24:08.247+0600][44.125s][info][gc,heap     ] GC(71) y: Reclaimed:         -                  -                32M (3%)          188M (15%)    
[2026-04-03T03:24:08.247+0600][44.125s][info][gc,heap     ] GC(71) y:  Promoted:         -                  -                 0M (0%)            0M (0%)     
[2026-04-03T03:24:08.247+0600][44.125s][info][gc,heap     ] GC(71) y: Compacted:         -                  -                  -                 9M (1%)     
[2026-04-03T03:24:08.247+0600][44.125s][info][gc,phases   ] GC(71) y: Young Generation 792M(63%)->772M(62%) 0.199s
[2026-04-03T03:24:08.247+0600][44.125s][info][gc          ] GC(71) Minor Collection (Allocation Rate) 792M(63%)->772M(62%) 0.200s
[2026-04-03T03:24:08.247+0600][44.125s][info][gc          ] GC(72) Minor Collection (Allocation Rate)
[2026-04-03T03:24:08.248+0600][44.125s][info][gc,task     ] GC(72) Using 2 Workers for Young Generation
[2026-04-03T03:24:08.248+0600][44.125s][info][gc,phases   ] GC(72) y: Young Generation
[2026-04-03T03:24:08.248+0600][44.126s][info][gc,phases   ] GC(72) y: Pause Mark Start 0.037ms
[2026-04-03T03:24:08.377+0600][44.255s][info][gc,phases   ] GC(72) y: Concurrent Mark 129.140ms
[2026-04-03T03:24:08.377+0600][44.255s][info][gc,phases   ] GC(72) y: Pause Mark End 0.036ms
[2026-04-03T03:24:08.378+0600][44.255s][info][gc,phases   ] GC(72) y: Concurrent Mark Free 0.002ms
[2026-04-03T03:24:08.378+0600][44.255s][info][gc,phases   ] GC(72) y: Concurrent Reset Relocation Set 0.021ms
[2026-04-03T03:24:08.380+0600][44.258s][info][gc,reloc    ] GC(72) y: Using tenuring threshold: 3 (Computed)
[2026-04-03T03:24:08.383+0600][44.260s][info][gc,phases   ] GC(72) y: Concurrent Select Relocation Set 5.044ms
[2026-04-03T03:24:08.383+0600][44.261s][info][gc,phases   ] GC(72) y: Pause Relocate Start 0.041ms
[2026-04-03T03:24:08.411+0600][44.289s][info][gc,phases   ] GC(72) y: Concurrent Relocate 27.678ms
[2026-04-03T03:24:08.411+0600][44.289s][info][gc,alloc    ] GC(72) y:                         Mark Start        Mark End      Relocate Start    Relocate End   
[2026-04-03T03:24:08.411+0600][44.289s][info][gc,alloc    ] GC(72) y: Allocation Stalls:          0                0                0                0         
[2026-04-03T03:24:08.411+0600][44.289s][info][gc,load     ] GC(72) y: Load: 4.29 (36%) / 4.64 (39%) / 5.22 (43%)
[2026-04-03T03:24:08.411+0600][44.289s][info][gc,mmu      ] GC(72) y: MMU: 2ms/87.1%, 5ms/94.9%, 10ms/97.4%, 20ms/98.7%, 50ms/99.4%, 100ms/99.6%
[2026-04-03T03:24:08.411+0600][44.289s][info][gc,marking  ] GC(72) y: Mark: 2 stripe(s), 2 proactive flush(es), 1 terminate flush(es), 0 completion(s), 0 continuation(s) 
[2026-04-03T03:24:08.411+0600][44.289s][info][gc,marking  ] GC(72) y: Mark Stack Usage: 32M
[2026-04-03T03:24:08.411+0600][44.289s][info][gc,nmethod  ] GC(72) y: NMethods: 6474 registered, 1319 unregistered
[2026-04-03T03:24:08.411+0600][44.289s][info][gc,metaspace] GC(72) y: Metaspace: 70M used, 71M committed, 1088M reserved
[2026-04-03T03:24:08.411+0600][44.289s][info][gc,reloc    ] GC(72) y:                        Candidates     Selected     In-Place         Size        Empty    Relocated 
[2026-04-03T03:24:08.411+0600][44.289s][info][gc,reloc    ] GC(72) y: Small Pages:                   43           34            0          86M           8M           4M 
[2026-04-03T03:24:08.411+0600][44.289s][info][gc,reloc    ] GC(72) y: Medium Pages:                   3            1            0          96M          32M           3M 
[2026-04-03T03:24:08.411+0600][44.289s][info][gc,reloc    ] GC(72) y: Large Pages:                    0            0            0           0M           0M           0M 
[2026-04-03T03:24:08.411+0600][44.289s][info][gc,reloc    ] GC(72) y: Forwarding Usage: 5M
[2026-04-03T03:24:08.411+0600][44.289s][info][gc,reloc    ] GC(72) y: Age Table:
[2026-04-03T03:24:08.411+0600][44.289s][info][gc,reloc    ] GC(72) y:                    Live             Garbage             Small              Medium             Large        
[2026-04-03T03:24:08.411+0600][44.289s][info][gc,reloc    ] GC(72) y: Eden               5M (0%)           96M (8%)          35 / 29             1 / 1              0 / 0        
[2026-04-03T03:24:08.411+0600][44.289s][info][gc,reloc    ] GC(72) y: Survivor 1         5M (0%)           34M (3%)           4 / 3              1 / 0              0 / 0        
[2026-04-03T03:24:08.411+0600][44.289s][info][gc,reloc    ] GC(72) y: Survivor 2         3M (0%)           36M (3%)           4 / 2              1 / 0              0 / 0        
[2026-04-03T03:24:08.411+0600][44.289s][info][gc,heap     ] GC(72) y: Min Capacity: 8M(1%)
[2026-04-03T03:24:08.411+0600][44.289s][info][gc,heap     ] GC(72) y: Max Capacity: 1250M(100%)
[2026-04-03T03:24:08.411+0600][44.289s][info][gc,heap     ] GC(72) y: Soft Max Capacity: 1250M(100%)
[2026-04-03T03:24:08.411+0600][44.289s][info][gc,heap     ] GC(72) y: Heap Statistics:
[2026-04-03T03:24:08.411+0600][44.289s][info][gc,heap     ] GC(72) y:                Mark Start          Mark End        Relocate Start      Relocate End           High               Low         
[2026-04-03T03:24:08.411+0600][44.289s][info][gc,heap     ] GC(72) y:  Capacity:     1250M (100%)       1250M (100%)       1250M (100%)       1250M (100%)       1250M (100%)       1250M (100%)   
[2026-04-03T03:24:08.411+0600][44.289s][info][gc,heap     ] GC(72) y:      Free:      478M (38%)         388M (31%)         428M (34%)         474M (38%)         480M (38%)         356M (28%)    
[2026-04-03T03:24:08.411+0600][44.289s][info][gc,heap     ] GC(72) y:      Used:      772M (62%)         862M (69%)         822M (66%)         776M (62%)         894M (72%)         770M (62%)    
[2026-04-03T03:24:08.411+0600][44.289s][info][gc,heap     ] GC(72) y: Young Generation Statistics:
[2026-04-03T03:24:08.411+0600][44.289s][info][gc,heap     ] GC(72) y:                Mark Start          Mark End        Relocate Start      Relocate End    
[2026-04-03T03:24:08.411+0600][44.289s][info][gc,heap     ] GC(72) y:      Used:      182M (15%)         272M (22%)         232M (19%)         186M (15%)    
[2026-04-03T03:24:08.411+0600][44.289s][info][gc,heap     ] GC(72) y:      Live:         -                14M (1%)           14M (1%)           14M (1%)     
[2026-04-03T03:24:08.411+0600][44.289s][info][gc,heap     ] GC(72) y:   Garbage:         -               167M (13%)         127M (10%)           0M (0%)     
[2026-04-03T03:24:08.411+0600][44.289s][info][gc,heap     ] GC(72) y: Allocated:         -                90M (7%)           90M (7%)          171M (14%)    
[2026-04-03T03:24:08.411+0600][44.289s][info][gc,heap     ] GC(72) y: Reclaimed:         -                  -                40M (3%)          167M (13%)    
[2026-04-03T03:24:08.411+0600][44.289s][info][gc,heap     ] GC(72) y:  Promoted:         -                  -                 0M (0%)            0M (0%)     
[2026-04-03T03:24:08.411+0600][44.289s][info][gc,heap     ] GC(72) y: Compacted:         -                  -                  -                12M (1%)     
[2026-04-03T03:24:08.411+0600][44.289s][info][gc,phases   ] GC(72) y: Young Generation 772M(62%)->776M(62%) 0.163s
[2026-04-03T03:24:08.411+0600][44.289s][info][gc          ] GC(72) Minor Collection (Allocation Rate) 772M(62%)->776M(62%) 0.164s
[2026-04-03T03:24:08.411+0600][44.289s][info][gc          ] GC(73) Minor Collection (Allocation Rate)
[2026-04-03T03:24:08.411+0600][44.289s][info][gc,task     ] GC(73) Using 2 Workers for Young Generation
[2026-04-03T03:24:08.411+0600][44.289s][info][gc,phases   ] GC(73) y: Young Generation
[2026-04-03T03:24:08.412+0600][44.289s][info][gc,phases   ] GC(73) y: Pause Mark Start 0.027ms
[2026-04-03T03:24:08.557+0600][44.434s][info][gc,phases   ] GC(73) y: Concurrent Mark 144.704ms
[2026-04-03T03:24:08.557+0600][44.435s][info][gc,phases   ] GC(73) y: Pause Mark End 0.045ms
[2026-04-03T03:24:08.557+0600][44.435s][info][gc,phases   ] GC(73) y: Concurrent Mark Free 0.004ms
[2026-04-03T03:24:08.557+0600][44.435s][info][gc,phases   ] GC(73) y: Concurrent Reset Relocation Set 0.016ms
[2026-04-03T03:24:08.559+0600][44.437s][info][gc,reloc    ] GC(73) y: Using tenuring threshold: 2 (Computed)
[2026-04-03T03:24:08.568+0600][44.446s][info][gc,phases   ] GC(73) y: Concurrent Select Relocation Set 11.120ms
[2026-04-03T03:24:08.569+0600][44.447s][info][gc,phases   ] GC(73) y: Pause Relocate Start 0.027ms
[2026-04-03T03:24:08.612+0600][44.490s][info][gc,phases   ] GC(73) y: Concurrent Relocate 43.440ms
[2026-04-03T03:24:08.613+0600][44.490s][info][gc,alloc    ] GC(73) y:                         Mark Start        Mark End      Relocate Start    Relocate End   
[2026-04-03T03:24:08.613+0600][44.490s][info][gc,alloc    ] GC(73) y: Allocation Stalls:          0                0                0                0         
[2026-04-03T03:24:08.613+0600][44.490s][info][gc,load     ] GC(73) y: Load: 4.29 (36%) / 4.64 (39%) / 5.22 (43%)
[2026-04-03T03:24:08.613+0600][44.490s][info][gc,mmu      ] GC(73) y: MMU: 2ms/87.1%, 5ms/94.9%, 10ms/97.4%, 20ms/98.7%, 50ms/99.4%, 100ms/99.6%
[2026-04-03T03:24:08.613+0600][44.490s][info][gc,marking  ] GC(73) y: Mark: 2 stripe(s), 3 proactive flush(es), 1 terminate flush(es), 0 completion(s), 0 continuation(s) 
[2026-04-03T03:24:08.613+0600][44.490s][info][gc,marking  ] GC(73) y: Mark Stack Usage: 32M
[2026-04-03T03:24:08.613+0600][44.490s][info][gc,nmethod  ] GC(73) y: NMethods: 6477 registered, 1319 unregistered
[2026-04-03T03:24:08.613+0600][44.490s][info][gc,metaspace] GC(73) y: Metaspace: 70M used, 71M committed, 1088M reserved
[2026-04-03T03:24:08.613+0600][44.490s][info][gc,reloc    ] GC(73) y:                        Candidates     Selected     In-Place         Size        Empty    Relocated 
[2026-04-03T03:24:08.613+0600][44.490s][info][gc,reloc    ] GC(73) y: Small Pages:                   45           38            0          90M           2M           4M 
[2026-04-03T03:24:08.613+0600][44.490s][info][gc,reloc    ] GC(73) y: Medium Pages:                   3            1            0          96M          32M           3M 
[2026-04-03T03:24:08.613+0600][44.490s][info][gc,reloc    ] GC(73) y: Large Pages:                    0            0            0           0M           0M           0M 
[2026-04-03T03:24:08.613+0600][44.491s][info][gc,reloc    ] GC(73) y: Forwarding Usage: 6M
[2026-04-03T03:24:08.613+0600][44.491s][info][gc,reloc    ] GC(73) y: Age Table:
[2026-04-03T03:24:08.613+0600][44.491s][info][gc,reloc    ] GC(73) y:                    Live             Garbage             Small              Medium             Large        
[2026-04-03T03:24:08.613+0600][44.491s][info][gc,reloc    ] GC(73) y: Eden               2M (0%)           99M (8%)          35 / 32             1 / 0              0 / 0        
[2026-04-03T03:24:08.613+0600][44.491s][info][gc,reloc    ] GC(73) y: Survivor 1         4M (0%)           33M (3%)           3 / 2              1 / 0              0 / 0        
[2026-04-03T03:24:08.613+0600][44.491s][info][gc,reloc    ] GC(73) y: Survivor 2         5M (0%)           32M (3%)           3 / 2              1 / 1              0 / 0        
[2026-04-03T03:24:08.613+0600][44.491s][info][gc,reloc    ] GC(73) y: Survivor 3         3M (0%)            4M (0%)           4 / 2              0 / 0              0 / 0        
[2026-04-03T03:24:08.613+0600][44.491s][info][gc,heap     ] GC(73) y: Min Capacity: 8M(1%)
[2026-04-03T03:24:08.613+0600][44.491s][info][gc,heap     ] GC(73) y: Max Capacity: 1250M(100%)
[2026-04-03T03:24:08.613+0600][44.491s][info][gc,heap     ] GC(73) y: Soft Max Capacity: 1250M(100%)
[2026-04-03T03:24:08.613+0600][44.491s][info][gc,heap     ] GC(73) y: Heap Statistics:
[2026-04-03T03:24:08.613+0600][44.491s][info][gc,heap     ] GC(73) y:                Mark Start          Mark End        Relocate Start      Relocate End           High               Low         
[2026-04-03T03:24:08.613+0600][44.491s][info][gc,heap     ] GC(73) y:  Capacity:     1250M (100%)       1250M (100%)       1250M (100%)       1250M (100%)       1250M (100%)       1250M (100%)   
[2026-04-03T03:24:08.613+0600][44.491s][info][gc,heap     ] GC(73) y:      Free:      474M (38%)         420M (34%)         448M (36%)         500M (40%)         506M (40%)         378M (30%)    
[2026-04-03T03:24:08.613+0600][44.491s][info][gc,heap     ] GC(73) y:      Used:      776M (62%)         830M (66%)         802M (64%)         750M (60%)         872M (70%)         744M (60%)    
[2026-04-03T03:24:08.613+0600][44.491s][info][gc,heap     ] GC(73) y: Young Generation Statistics:
[2026-04-03T03:24:08.613+0600][44.491s][info][gc,heap     ] GC(73) y:                Mark Start          Mark End        Relocate Start      Relocate End    
[2026-04-03T03:24:08.613+0600][44.491s][info][gc,heap     ] GC(73) y:      Used:      186M (15%)         240M (19%)         208M (17%)         118M (9%)     
[2026-04-03T03:24:08.613+0600][44.491s][info][gc,heap     ] GC(73) y:      Live:         -                15M (1%)           12M (1%)            6M (1%)     
[2026-04-03T03:24:08.613+0600][44.491s][info][gc,heap     ] GC(73) y:   Garbage:         -               170M (14%)         135M (11%)           0M (0%)     
[2026-04-03T03:24:08.613+0600][44.491s][info][gc,heap     ] GC(73) y: Allocated:         -                54M (4%)           60M (5%)          111M (9%)     
[2026-04-03T03:24:08.613+0600][44.491s][info][gc,heap     ] GC(73) y: Reclaimed:         -                  -                35M (3%)          170M (14%)    
[2026-04-03T03:24:08.613+0600][44.491s][info][gc,heap     ] GC(73) y:  Promoted:         -                  -                 2M (0%)            8M (1%)     
[2026-04-03T03:24:08.613+0600][44.491s][info][gc,heap     ] GC(73) y: Compacted:         -                  -                  -                 6M (1%)     
[2026-04-03T03:24:08.613+0600][44.491s][info][gc,phases   ] GC(73) y: Young Generation 776M(62%)->750M(60%) 0.201s
[2026-04-03T03:24:08.613+0600][44.491s][info][gc          ] GC(73) Minor Collection (Allocation Rate) 776M(62%)->750M(60%) 0.202s
[2026-04-03T03:24:08.819+0600][44.696s][info][gc          ] GC(74) Minor Collection (Allocation Rate)
[2026-04-03T03:24:08.819+0600][44.697s][info][gc,task     ] GC(74) Using 2 Workers for Young Generation
[2026-04-03T03:24:08.819+0600][44.697s][info][gc,phases   ] GC(74) y: Young Generation
[2026-04-03T03:24:08.819+0600][44.697s][info][gc,phases   ] GC(74) y: Pause Mark Start 0.023ms
[2026-04-03T03:24:08.909+0600][44.787s][info][gc,phases   ] GC(74) y: Concurrent Mark 89.931ms
[2026-04-03T03:24:08.909+0600][44.787s][info][gc,phases   ] GC(74) y: Pause Mark End 0.029ms
[2026-04-03T03:24:08.909+0600][44.787s][info][gc,phases   ] GC(74) y: Concurrent Mark Free 0.002ms
[2026-04-03T03:24:08.910+0600][44.787s][info][gc,phases   ] GC(74) y: Concurrent Reset Relocation Set 0.023ms
[2026-04-03T03:24:08.912+0600][44.790s][info][gc,reloc    ] GC(74) y: Using tenuring threshold: 2 (Computed)
[2026-04-03T03:24:08.917+0600][44.795s][info][gc,phases   ] GC(74) y: Concurrent Select Relocation Set 7.579ms
[2026-04-03T03:24:08.917+0600][44.795s][info][gc,phases   ] GC(74) y: Pause Relocate Start 0.023ms
[2026-04-03T03:24:08.943+0600][44.820s][info][gc,phases   ] GC(74) y: Concurrent Relocate 25.221ms
[2026-04-03T03:24:08.943+0600][44.821s][info][gc,alloc    ] GC(74) y:                         Mark Start        Mark End      Relocate Start    Relocate End   
[2026-04-03T03:24:08.943+0600][44.821s][info][gc,alloc    ] GC(74) y: Allocation Stalls:          0                0                0                0         
[2026-04-03T03:24:08.943+0600][44.821s][info][gc,load     ] GC(74) y: Load: 4.29 (36%) / 4.64 (39%) / 5.22 (43%)
[2026-04-03T03:24:08.943+0600][44.821s][info][gc,mmu      ] GC(74) y: MMU: 2ms/87.1%, 5ms/94.9%, 10ms/97.4%, 20ms/98.7%, 50ms/99.4%, 100ms/99.6%
[2026-04-03T03:24:08.943+0600][44.821s][info][gc,marking  ] GC(74) y: Mark: 2 stripe(s), 10 proactive flush(es), 1 terminate flush(es), 0 completion(s), 0 continuation(s) 
[2026-04-03T03:24:08.943+0600][44.821s][info][gc,marking  ] GC(74) y: Mark Stack Usage: 32M
[2026-04-03T03:24:08.943+0600][44.821s][info][gc,nmethod  ] GC(74) y: NMethods: 6488 registered, 1319 unregistered
[2026-04-03T03:24:08.943+0600][44.821s][info][gc,metaspace] GC(74) y: Metaspace: 70M used, 71M committed, 1088M reserved
[2026-04-03T03:24:08.943+0600][44.821s][info][gc,reloc    ] GC(74) y:                        Candidates     Selected     In-Place         Size        Empty    Relocated 
[2026-04-03T03:24:08.943+0600][44.821s][info][gc,reloc    ] GC(74) y: Small Pages:                   66           56            0         132M          12M           4M 
[2026-04-03T03:24:08.943+0600][44.821s][info][gc,reloc    ] GC(74) y: Medium Pages:                   2            0            0          64M          32M           0M 
[2026-04-03T03:24:08.943+0600][44.821s][info][gc,reloc    ] GC(74) y: Large Pages:                    1            0            0          18M           0M           0M 
[2026-04-03T03:24:08.943+0600][44.821s][info][gc,reloc    ] GC(74) y: Forwarding Usage: 4M
[2026-04-03T03:24:08.943+0600][44.821s][info][gc,reloc    ] GC(74) y: Age Table:
[2026-04-03T03:24:08.943+0600][44.821s][info][gc,reloc    ] GC(74) y:                    Live             Garbage             Small              Medium             Large        
[2026-04-03T03:24:08.943+0600][44.821s][info][gc,reloc    ] GC(74) y: Eden              21M (2%)          148M (12%)         60 / 52             1 / 0              1 / 0        
[2026-04-03T03:24:08.943+0600][44.821s][info][gc,reloc    ] GC(74) y: Survivor 1         1M (0%)            4M (0%)           3 / 2              0 / 0              0 / 0        
[2026-04-03T03:24:08.943+0600][44.821s][info][gc,reloc    ] GC(74) y: Survivor 2         4M (0%)           33M (3%)           3 / 2              1 / 0              0 / 0        
[2026-04-03T03:24:08.943+0600][44.821s][info][gc,heap     ] GC(74) y: Min Capacity: 8M(1%)
[2026-04-03T03:24:08.943+0600][44.821s][info][gc,heap     ] GC(74) y: Max Capacity: 1250M(100%)
[2026-04-03T03:24:08.943+0600][44.821s][info][gc,heap     ] GC(74) y: Soft Max Capacity: 1250M(100%)
[2026-04-03T03:24:08.943+0600][44.821s][info][gc,heap     ] GC(74) y: Heap Statistics:
[2026-04-03T03:24:08.943+0600][44.821s][info][gc,heap     ] GC(74) y:                Mark Start          Mark End        Relocate Start      Relocate End           High               Low         
[2026-04-03T03:24:08.943+0600][44.821s][info][gc,heap     ] GC(74) y:  Capacity:     1250M (100%)       1250M (100%)       1250M (100%)       1250M (100%)       1250M (100%)       1250M (100%)   
[2026-04-03T03:24:08.943+0600][44.821s][info][gc,heap     ] GC(74) y:      Free:      404M (32%)         364M (29%)         404M (32%)         502M (40%)         506M (40%)         364M (29%)    
[2026-04-03T03:24:08.943+0600][44.821s][info][gc,heap     ] GC(74) y:      Used:      846M (68%)         886M (71%)         846M (68%)         748M (60%)         886M (71%)         744M (60%)    
[2026-04-03T03:24:08.943+0600][44.821s][info][gc,heap     ] GC(74) y: Young Generation Statistics:
[2026-04-03T03:24:08.943+0600][44.821s][info][gc,heap     ] GC(74) y:                Mark Start          Mark End        Relocate Start      Relocate End    
[2026-04-03T03:24:08.943+0600][44.821s][info][gc,heap     ] GC(74) y:      Used:      214M (17%)         254M (20%)         182M (15%)          80M (6%)     
[2026-04-03T03:24:08.943+0600][44.821s][info][gc,heap     ] GC(74) y:      Live:         -                27M (2%)           24M (2%)           22M (2%)     
[2026-04-03T03:24:08.943+0600][44.821s][info][gc,heap     ] GC(74) y:   Garbage:         -               186M (15%)         113M (9%)            0M (0%)     
[2026-04-03T03:24:08.943+0600][44.821s][info][gc,heap     ] GC(74) y: Allocated:         -                40M (3%)           44M (4%)           56M (5%)     
[2026-04-03T03:24:08.943+0600][44.821s][info][gc,heap     ] GC(74) y: Reclaimed:         -                  -                72M (6%)          186M (15%)    
[2026-04-03T03:24:08.943+0600][44.821s][info][gc,heap     ] GC(74) y:  Promoted:         -                  -                 3M (0%)            4M (0%)     
[2026-04-03T03:24:08.943+0600][44.821s][info][gc,heap     ] GC(74) y: Compacted:         -                  -                  -                 3M (0%)     
[2026-04-03T03:24:08.943+0600][44.821s][info][gc,phases   ] GC(74) y: Young Generation 846M(68%)->748M(60%) 0.124s
[2026-04-03T03:24:08.943+0600][44.821s][info][gc          ] GC(74) Minor Collection (Allocation Rate) 846M(68%)->748M(60%) 0.124s
[2026-04-03T03:24:08.992+0600][44.870s][info][gc          ] GC(75) Minor Collection (Allocation Rate)
[2026-04-03T03:24:08.992+0600][44.870s][info][gc,task     ] GC(75) Using 2 Workers for Young Generation
[2026-04-03T03:24:08.992+0600][44.870s][info][gc,phases   ] GC(75) y: Young Generation
[2026-04-03T03:24:08.993+0600][44.870s][info][gc,phases   ] GC(75) y: Pause Mark Start 0.021ms
[2026-04-03T03:24:09.078+0600][44.955s][info][gc,phases   ] GC(75) y: Concurrent Mark 84.994ms
[2026-04-03T03:24:09.078+0600][44.956s][info][gc,phases   ] GC(75) y: Pause Mark End 0.024ms
[2026-04-03T03:24:09.078+0600][44.956s][info][gc,phases   ] GC(75) y: Concurrent Mark Free 0.002ms
[2026-04-03T03:24:09.078+0600][44.956s][info][gc,phases   ] GC(75) y: Concurrent Reset Relocation Set 0.016ms
[2026-04-03T03:24:09.083+0600][44.961s][info][gc,reloc    ] GC(75) y: Using tenuring threshold: 1 (Computed)
[2026-04-03T03:24:09.116+0600][44.994s][info][gc,phases   ] GC(75) y: Concurrent Select Relocation Set 37.554ms
[2026-04-03T03:24:09.116+0600][44.994s][info][gc,phases   ] GC(75) y: Pause Relocate Start 0.021ms
[2026-04-03T03:24:09.198+0600][45.076s][info][gc,phases   ] GC(75) y: Concurrent Relocate 81.738ms
[2026-04-03T03:24:09.198+0600][45.076s][info][gc,alloc    ] GC(75) y:                         Mark Start        Mark End      Relocate Start    Relocate End   
[2026-04-03T03:24:09.198+0600][45.076s][info][gc,alloc    ] GC(75) y: Allocation Stalls:          0                0                0                0         
[2026-04-03T03:24:09.198+0600][45.076s][info][gc,load     ] GC(75) y: Load: 4.29 (36%) / 4.64 (39%) / 5.22 (43%)
[2026-04-03T03:24:09.198+0600][45.076s][info][gc,mmu      ] GC(75) y: MMU: 2ms/87.1%, 5ms/94.9%, 10ms/97.4%, 20ms/98.7%, 50ms/99.4%, 100ms/99.6%
[2026-04-03T03:24:09.198+0600][45.076s][info][gc,marking  ] GC(75) y: Mark: 2 stripe(s), 10 proactive flush(es), 1 terminate flush(es), 0 completion(s), 0 continuation(s) 
[2026-04-03T03:24:09.198+0600][45.076s][info][gc,marking  ] GC(75) y: Mark Stack Usage: 32M
[2026-04-03T03:24:09.198+0600][45.076s][info][gc,nmethod  ] GC(75) y: NMethods: 6490 registered, 1319 unregistered
[2026-04-03T03:24:09.198+0600][45.076s][info][gc,metaspace] GC(75) y: Metaspace: 70M used, 71M committed, 1088M reserved
[2026-04-03T03:24:09.198+0600][45.076s][info][gc,reloc    ] GC(75) y:                        Candidates     Selected     In-Place         Size        Empty    Relocated 
[2026-04-03T03:24:09.198+0600][45.076s][info][gc,reloc    ] GC(75) y: Small Pages:                   44           40            0          88M           0M           3M 
[2026-04-03T03:24:09.198+0600][45.076s][info][gc,reloc    ] GC(75) y: Medium Pages:                   0            0            0           0M           0M           0M 
[2026-04-03T03:24:09.198+0600][45.076s][info][gc,reloc    ] GC(75) y: Large Pages:                    1            0            0          18M           0M           0M 
[2026-04-03T03:24:09.198+0600][45.076s][info][gc,reloc    ] GC(75) y: Forwarding Usage: 5M
[2026-04-03T03:24:09.198+0600][45.076s][info][gc,reloc    ] GC(75) y: Age Table:
[2026-04-03T03:24:09.198+0600][45.076s][info][gc,reloc    ] GC(75) y:                    Live             Garbage             Small              Medium             Large        
[2026-04-03T03:24:09.198+0600][45.076s][info][gc,reloc    ] GC(75) y: Eden               2M (0%)           75M (6%)          39 / 37             0 / 0              0 / 0        
[2026-04-03T03:24:09.198+0600][45.076s][info][gc,reloc    ] GC(75) y: Survivor 1        20M (2%)            3M (0%)           3 / 2              0 / 0              1 / 0        
[2026-04-03T03:24:09.198+0600][45.076s][info][gc,reloc    ] GC(75) y: Survivor 2         1M (0%)            2M (0%)           2 / 1              0 / 0              0 / 0        
[2026-04-03T03:24:09.198+0600][45.076s][info][gc,heap     ] GC(75) y: Min Capacity: 8M(1%)
[2026-04-03T03:24:09.198+0600][45.076s][info][gc,heap     ] GC(75) y: Max Capacity: 1250M(100%)
[2026-04-03T03:24:09.198+0600][45.076s][info][gc,heap     ] GC(75) y: Soft Max Capacity: 1250M(100%)
[2026-04-03T03:24:09.198+0600][45.076s][info][gc,heap     ] GC(75) y: Heap Statistics:
[2026-04-03T03:24:09.198+0600][45.076s][info][gc,heap     ] GC(75) y:                Mark Start          Mark End        Relocate Start      Relocate End           High               Low         
[2026-04-03T03:24:09.198+0600][45.076s][info][gc,heap     ] GC(75) y:  Capacity:     1250M (100%)       1250M (100%)       1250M (100%)       1250M (100%)       1250M (100%)       1250M (100%)   
[2026-04-03T03:24:09.198+0600][45.076s][info][gc,heap     ] GC(75) y:      Free:      476M (38%)         436M (35%)         416M (33%)         454M (36%)         488M (39%)         412M (33%)    
[2026-04-03T03:24:09.198+0600][45.076s][info][gc,heap     ] GC(75) y:      Used:      774M (62%)         814M (65%)         834M (67%)         796M (64%)         838M (67%)         762M (61%)    
[2026-04-03T03:24:09.198+0600][45.076s][info][gc,heap     ] GC(75) y: Young Generation Statistics:
[2026-04-03T03:24:09.198+0600][45.076s][info][gc,heap     ] GC(75) y:                Mark Start          Mark End        Relocate Start      Relocate End    
[2026-04-03T03:24:09.198+0600][45.076s][info][gc,heap     ] GC(75) y:      Used:      106M (8%)          146M (12%)         148M (12%)         104M (8%)     
[2026-04-03T03:24:09.198+0600][45.076s][info][gc,heap     ] GC(75) y:      Live:         -                24M (2%)            6M (1%)            2M (0%)     
[2026-04-03T03:24:09.198+0600][45.076s][info][gc,heap     ] GC(75) y:   Garbage:         -                81M (6%)           81M (6%)            0M (0%)     
[2026-04-03T03:24:09.198+0600][45.076s][info][gc,heap     ] GC(75) y: Allocated:         -                40M (3%)           60M (5%)          101M (8%)     
[2026-04-03T03:24:09.198+0600][45.076s][info][gc,heap     ] GC(75) y: Reclaimed:         -                  -                 0M (0%)           81M (6%)     
[2026-04-03T03:24:09.198+0600][45.076s][info][gc,heap     ] GC(75) y:  Promoted:         -                  -                18M (1%)           22M (2%)     
[2026-04-03T03:24:09.198+0600][45.076s][info][gc,heap     ] GC(75) y: Compacted:         -                  -                  -                 2M (0%)     
[2026-04-03T03:24:09.198+0600][45.076s][info][gc,phases   ] GC(75) y: Young Generation 774M(62%)->796M(64%) 0.206s
[2026-04-03T03:24:09.198+0600][45.076s][info][gc          ] GC(75) Minor Collection (Allocation Rate) 774M(62%)->796M(64%) 0.206s
[2026-04-03T03:24:09.639+0600][45.517s][info][gc,phases   ] GC(69) O: Concurrent Mark 1902.600ms
[2026-04-03T03:24:09.639+0600][45.517s][info][gc,phases   ] GC(69) O: Pause Mark End 0.022ms
[2026-04-03T03:24:09.640+0600][45.517s][info][gc,phases   ] GC(69) O: Concurrent Mark Free 0.002ms
[2026-04-03T03:24:09.656+0600][45.534s][info][gc,phases   ] GC(69) O: Concurrent Process Non-Strong 16.148ms
[2026-04-03T03:24:09.656+0600][45.534s][info][gc,phases   ] GC(69) O: Concurrent Reset Relocation Set 0.004ms
[2026-04-03T03:24:09.686+0600][45.564s][info][gc,phases   ] GC(69) O: Concurrent Select Relocation Set 30.621ms
[2026-04-03T03:24:09.687+0600][45.564s][info][gc,task     ] GC(69) O: Using 3 Workers for Old Generation
[2026-04-03T03:24:09.715+0600][45.593s][info][gc,task     ] GC(69) O: Using 1 Workers for Old Generation
[2026-04-03T03:24:09.715+0600][45.593s][info][gc,phases   ] GC(69) O: Concurrent Remap Roots 28.317ms
[2026-04-03T03:24:09.715+0600][45.593s][info][gc,phases   ] GC(69) O: Pause Relocate Start 0.021ms
[2026-04-03T03:24:09.877+0600][45.755s][info][gc,phases   ] GC(69) O: Concurrent Relocate 161.607ms
[2026-04-03T03:24:09.877+0600][45.755s][info][gc,alloc    ] GC(69) O:                         Mark Start        Mark End      Relocate Start    Relocate End   
[2026-04-03T03:24:09.877+0600][45.755s][info][gc,alloc    ] GC(69) O: Allocation Stalls:          0                0                0                0         
[2026-04-03T03:24:09.877+0600][45.755s][info][gc,load     ] GC(69) O: Load: 4.29 (36%) / 4.64 (39%) / 5.22 (43%)
[2026-04-03T03:24:09.877+0600][45.755s][info][gc,mmu      ] GC(69) O: MMU: 2ms/87.1%, 5ms/94.9%, 10ms/97.4%, 20ms/98.7%, 50ms/99.4%, 100ms/99.6%
[2026-04-03T03:24:09.877+0600][45.755s][info][gc,marking  ] GC(69) O: Mark: 1 stripe(s), 2 proactive flush(es), 1 terminate flush(es), 0 completion(s), 0 continuation(s) 
[2026-04-03T03:24:09.877+0600][45.755s][info][gc,marking  ] GC(69) O: Mark Stack Usage: 32M
[2026-04-03T03:24:09.877+0600][45.755s][info][gc,nmethod  ] GC(69) O: NMethods: 6501 registered, 1320 unregistered
[2026-04-03T03:24:09.877+0600][45.755s][info][gc,metaspace] GC(69) O: Metaspace: 70M used, 71M committed, 1088M reserved
[2026-04-03T03:24:09.877+0600][45.755s][info][gc,ref      ] GC(69) O:                       Encountered   Discovered     Enqueued 
[2026-04-03T03:24:09.877+0600][45.755s][info][gc,ref      ] GC(69) O: Soft References:             5100            0            0 
[2026-04-03T03:24:09.877+0600][45.755s][info][gc,ref      ] GC(69) O: Weak References:             7217         5205            0 
[2026-04-03T03:24:09.877+0600][45.755s][info][gc,ref      ] GC(69) O: Final References:              84           68            0 
[2026-04-03T03:24:09.877+0600][45.755s][info][gc,ref      ] GC(69) O: Phantom References:           605          340            0 
[2026-04-03T03:24:09.877+0600][45.755s][info][gc,reloc    ] GC(69) O:                        Candidates     Selected     In-Place         Size        Empty    Relocated 
[2026-04-03T03:24:09.877+0600][45.755s][info][gc,reloc    ] GC(69) O: Small Pages:                  176           21            0         352M          84M          10M 
[2026-04-03T03:24:09.877+0600][45.755s][info][gc,reloc    ] GC(69) O: Medium Pages:                   2            0            0          64M          32M           0M 
[2026-04-03T03:24:09.877+0600][45.755s][info][gc,reloc    ] GC(69) O: Large Pages:                    8            0            0          92M          56M           0M 
[2026-04-03T03:24:09.877+0600][45.755s][info][gc,reloc    ] GC(69) O: Forwarding Usage: 40M
[2026-04-03T03:24:09.877+0600][45.755s][info][gc,heap     ] GC(69) O: Min Capacity: 8M(1%)
[2026-04-03T03:24:09.877+0600][45.755s][info][gc,heap     ] GC(69) O: Max Capacity: 1250M(100%)
[2026-04-03T03:24:09.877+0600][45.755s][info][gc,heap     ] GC(69) O: Soft Max Capacity: 1250M(100%)
[2026-04-03T03:24:09.877+0600][45.755s][info][gc,heap     ] GC(69) O: Heap Statistics:
[2026-04-03T03:24:09.877+0600][45.755s][info][gc,heap     ] GC(69) O:                Mark Start          Mark End        Relocate Start      Relocate End           High               Low         
[2026-04-03T03:24:09.877+0600][45.755s][info][gc,heap     ] GC(69) O:  Capacity:     1250M (100%)       1250M (100%)       1250M (100%)       1250M (100%)       1250M (100%)       1250M (100%)   
[2026-04-03T03:24:09.877+0600][45.755s][info][gc,heap     ] GC(69) O:      Free:      378M (30%)         410M (33%)         580M (46%)         616M (49%)         618M (49%)         248M (20%)    
[2026-04-03T03:24:09.877+0600][45.755s][info][gc,heap     ] GC(69) O:      Used:      872M (70%)         840M (67%)         670M (54%)         634M (51%)        1002M (80%)         632M (51%)    
[2026-04-03T03:24:09.877+0600][45.755s][info][gc,heap     ] GC(69) O: Old Generation Statistics:
[2026-04-03T03:24:09.877+0600][45.755s][info][gc,heap     ] GC(69) O:                Mark Start          Mark End        Relocate Start      Relocate End    
[2026-04-03T03:24:09.877+0600][45.755s][info][gc,heap     ] GC(69) O:      Used:      508M (41%)         692M (55%)         520M (42%)         474M (38%)    
[2026-04-03T03:24:09.877+0600][45.755s][info][gc,heap     ] GC(69) O:      Live:         -               261M (21%)         261M (21%)         261M (21%)    
[2026-04-03T03:24:09.877+0600][45.755s][info][gc,heap     ] GC(69) O:   Garbage:         -               246M (20%)          74M (6%)           25M (2%)     
[2026-04-03T03:24:09.877+0600][45.755s][info][gc,heap     ] GC(69) O: Allocated:         -               184M (15%)         184M (15%)         186M (15%)    
[2026-04-03T03:24:09.877+0600][45.755s][info][gc,heap     ] GC(69) O: Reclaimed:         -                  -               172M (14%)         220M (18%)    
[2026-04-03T03:24:09.877+0600][45.755s][info][gc,heap     ] GC(69) O: Compacted:         -                  -                  -                45M (4%)     
[2026-04-03T03:24:09.877+0600][45.755s][info][gc,phases   ] GC(69) O: Old Generation 750M(60%)->634M(51%) 2.140s
[2026-04-03T03:24:09.877+0600][45.755s][info][gc          ] GC(69) Major Collection (Allocation Rate) 872M(70%)->634M(51%) 2.506s
[2026-04-03T03:24:10.031+0600][45.909s][info][gc          ] GC(76) Major Collection (Allocation Rate)
[2026-04-03T03:24:10.031+0600][45.909s][info][gc,task     ] GC(76) Using 2 Workers for Young Generation
[2026-04-03T03:24:10.031+0600][45.909s][info][gc,task     ] GC(76) Using 1 Workers for Old Generation
[2026-04-03T03:24:10.031+0600][45.909s][info][gc,phases   ] GC(76) Y: Young Generation
[2026-04-03T03:24:10.031+0600][45.909s][info][gc,phases   ] GC(76) Y: Pause Mark Start (Major) 0.020ms
[2026-04-03T03:24:10.157+0600][46.035s][info][gc,phases   ] GC(76) Y: Concurrent Mark 125.167ms
[2026-04-03T03:24:10.157+0600][46.035s][info][gc,phases   ] GC(76) Y: Pause Mark End 0.035ms
[2026-04-03T03:24:10.157+0600][46.035s][info][gc,phases   ] GC(76) Y: Concurrent Mark Free 0.003ms
[2026-04-03T03:24:10.157+0600][46.035s][info][gc,phases   ] GC(76) Y: Concurrent Reset Relocation Set 0.015ms
[2026-04-03T03:24:10.159+0600][46.037s][info][gc,reloc    ] GC(76) Y: Using tenuring threshold: 2 (Computed)
[2026-04-03T03:24:10.169+0600][46.047s][info][gc,phases   ] GC(76) Y: Concurrent Select Relocation Set 11.737ms
[2026-04-03T03:24:10.169+0600][46.047s][info][gc,phases   ] GC(76) Y: Pause Relocate Start 0.028ms
[2026-04-03T03:24:10.221+0600][46.099s][info][gc,phases   ] GC(76) Y: Concurrent Relocate 51.457ms
[2026-04-03T03:24:10.221+0600][46.099s][info][gc,alloc    ] GC(76) Y:                         Mark Start        Mark End      Relocate Start    Relocate End   
[2026-04-03T03:24:10.221+0600][46.099s][info][gc,alloc    ] GC(76) Y: Allocation Stalls:          0                0                0                0         
[2026-04-03T03:24:10.221+0600][46.099s][info][gc,load     ] GC(76) Y: Load: 4.29 (36%) / 4.64 (39%) / 5.22 (43%)
[2026-04-03T03:24:10.221+0600][46.099s][info][gc,mmu      ] GC(76) Y: MMU: 2ms/87.1%, 5ms/94.9%, 10ms/97.4%, 20ms/98.7%, 50ms/99.4%, 100ms/99.6%
[2026-04-03T03:24:10.221+0600][46.099s][info][gc,marking  ] GC(76) Y: Mark: 2 stripe(s), 10 proactive flush(es), 1 terminate flush(es), 0 completion(s), 0 continuation(s) 
[2026-04-03T03:24:10.221+0600][46.099s][info][gc,marking  ] GC(76) Y: Mark Stack Usage: 32M
[2026-04-03T03:24:10.221+0600][46.099s][info][gc,nmethod  ] GC(76) Y: NMethods: 6566 registered, 1320 unregistered
[2026-04-03T03:24:10.221+0600][46.099s][info][gc,metaspace] GC(76) Y: Metaspace: 71M used, 72M committed, 1088M reserved
[2026-04-03T03:24:10.221+0600][46.099s][info][gc,reloc    ] GC(76) Y:                        Candidates     Selected     In-Place         Size        Empty    Relocated 
[2026-04-03T03:24:10.221+0600][46.099s][info][gc,reloc    ] GC(76) Y: Small Pages:                  107           91            0         214M          12M          11M 
[2026-04-03T03:24:10.221+0600][46.099s][info][gc,reloc    ] GC(76) Y: Medium Pages:                   1            0            0          32M           0M           0M 
[2026-04-03T03:24:10.221+0600][46.099s][info][gc,reloc    ] GC(76) Y: Large Pages:                    4            0            0          24M           6M           0M 
[2026-04-03T03:24:10.221+0600][46.099s][info][gc,reloc    ] GC(76) Y: Forwarding Usage: 17M
[2026-04-03T03:24:10.221+0600][46.099s][info][gc,reloc    ] GC(76) Y: Age Table:
[2026-04-03T03:24:10.221+0600][46.099s][info][gc,reloc    ] GC(76) Y:                    Live             Garbage             Small              Medium             Large        
[2026-04-03T03:24:10.222+0600][46.099s][info][gc,reloc    ] GC(76) Y: Eden              38M (3%)          225M (18%)        104 / 89             1 / 0              4 / 0        
[2026-04-03T03:24:10.222+0600][46.099s][info][gc,reloc    ] GC(76) Y: Survivor 1         1M (0%)            4M (0%)           3 / 2              0 / 0              0 / 0        
[2026-04-03T03:24:10.222+0600][46.099s][info][gc,heap     ] GC(76) Y: Min Capacity: 8M(1%)
[2026-04-03T03:24:10.222+0600][46.099s][info][gc,heap     ] GC(76) Y: Max Capacity: 1250M(100%)
[2026-04-03T03:24:10.222+0600][46.099s][info][gc,heap     ] GC(76) Y: Soft Max Capacity: 1250M(100%)
[2026-04-03T03:24:10.222+0600][46.099s][info][gc,heap     ] GC(76) Y: Heap Statistics:
[2026-04-03T03:24:10.222+0600][46.099s][info][gc,heap     ] GC(76) Y:                Mark Start          Mark End        Relocate Start      Relocate End           High               Low         
[2026-04-03T03:24:10.222+0600][46.099s][info][gc,heap     ] GC(76) Y:  Capacity:     1250M (100%)       1250M (100%)       1250M (100%)       1250M (100%)       1250M (100%)       1250M (100%)   
[2026-04-03T03:24:10.222+0600][46.099s][info][gc,heap     ] GC(76) Y:      Free:      506M (40%)         458M (37%)         472M (38%)         614M (49%)         628M (50%)         458M (37%)    
[2026-04-03T03:24:10.222+0600][46.099s][info][gc,heap     ] GC(76) Y:      Used:      744M (60%)         792M (63%)         778M (62%)         636M (51%)         792M (63%)         622M (50%)    
[2026-04-03T03:24:10.222+0600][46.099s][info][gc,heap     ] GC(76) Y: Young Generation Statistics:
[2026-04-03T03:24:10.222+0600][46.099s][info][gc,heap     ] GC(76) Y:                Mark Start          Mark End        Relocate Start      Relocate End    
[2026-04-03T03:24:10.222+0600][46.099s][info][gc,heap     ] GC(76) Y:      Used:      270M (22%)         318M (25%)         304M (24%)         162M (13%)    
[2026-04-03T03:24:10.222+0600][46.099s][info][gc,heap     ] GC(76) Y:      Live:         -                40M (3%)           40M (3%)           40M (3%)     
[2026-04-03T03:24:10.222+0600][46.099s][info][gc,heap     ] GC(76) Y:   Garbage:         -               229M (18%)         211M (17%)          27M (2%)     
[2026-04-03T03:24:10.222+0600][46.100s][info][gc,heap     ] GC(76) Y: Allocated:         -                48M (4%)           52M (4%)           94M (8%)     
[2026-04-03T03:24:10.222+0600][46.100s][info][gc,heap     ] GC(76) Y: Reclaimed:         -                  -                18M (1%)          202M (16%)    
[2026-04-03T03:24:10.222+0600][46.100s][info][gc,heap     ] GC(76) Y:  Promoted:         -                  -                 0M (0%)            0M (0%)     
[2026-04-03T03:24:10.222+0600][46.100s][info][gc,heap     ] GC(76) Y: Compacted:         -                  -                  -                15M (1%)     
[2026-04-03T03:24:10.222+0600][46.100s][info][gc,phases   ] GC(76) Y: Young Generation 744M(60%)->636M(51%) 0.190s
[2026-04-03T03:24:10.222+0600][46.100s][info][gc,phases   ] GC(76) O: Old Generation
[2026-04-03T03:24:10.461+0600][46.339s][info][gc          ] GC(77) Minor Collection (Allocation Rate)
[2026-04-03T03:24:10.461+0600][46.339s][info][gc,task     ] GC(77) Using 2 Workers for Young Generation
[2026-04-03T03:24:10.461+0600][46.339s][info][gc,phases   ] GC(77) y: Young Generation
[2026-04-03T03:24:10.461+0600][46.339s][info][gc,phases   ] GC(77) y: Pause Mark Start 0.025ms
[2026-04-03T03:24:10.814+0600][46.692s][info][gc,phases   ] GC(77) y: Concurrent Mark 352.453ms
[2026-04-03T03:24:10.814+0600][46.692s][info][gc,phases   ] GC(77) y: Pause Mark End 0.031ms
[2026-04-03T03:24:10.814+0600][46.692s][info][gc,phases   ] GC(77) y: Concurrent Mark Free 0.002ms
[2026-04-03T03:24:10.814+0600][46.692s][info][gc,phases   ] GC(77) y: Concurrent Reset Relocation Set 0.020ms
[2026-04-03T03:24:10.820+0600][46.698s][info][gc,reloc    ] GC(77) y: Using tenuring threshold: 3 (Computed)
[2026-04-03T03:24:10.839+0600][46.717s][info][gc,phases   ] GC(77) y: Concurrent Select Relocation Set 24.898ms
[2026-04-03T03:24:10.840+0600][46.717s][info][gc,phases   ] GC(77) y: Pause Relocate Start 0.029ms
[2026-04-03T03:24:10.957+0600][46.834s][info][gc,phases   ] GC(77) y: Concurrent Relocate 117.022ms
[2026-04-03T03:24:10.957+0600][46.835s][info][gc,alloc    ] GC(77) y:                         Mark Start        Mark End      Relocate Start    Relocate End   
[2026-04-03T03:24:10.957+0600][46.835s][info][gc,alloc    ] GC(77) y: Allocation Stalls:          0                0                0                0         
[2026-04-03T03:24:10.957+0600][46.835s][info][gc,load     ] GC(77) y: Load: 4.43 (37%) / 4.67 (39%) / 5.22 (44%)
[2026-04-03T03:24:10.957+0600][46.835s][info][gc,mmu      ] GC(77) y: MMU: 2ms/87.1%, 5ms/94.9%, 10ms/97.4%, 20ms/98.7%, 50ms/99.4%, 100ms/99.6%
[2026-04-03T03:24:10.957+0600][46.835s][info][gc,marking  ] GC(77) y: Mark: 2 stripe(s), 2 proactive flush(es), 1 terminate flush(es), 0 completion(s), 0 continuation(s) 
[2026-04-03T03:24:10.957+0600][46.835s][info][gc,marking  ] GC(77) y: Mark Stack Usage: 32M
[2026-04-03T03:24:10.957+0600][46.835s][info][gc,nmethod  ] GC(77) y: NMethods: 6579 registered, 1320 unregistered
[2026-04-03T03:24:10.957+0600][46.835s][info][gc,metaspace] GC(77) y: Metaspace: 71M used, 72M committed, 1088M reserved
[2026-04-03T03:24:10.957+0600][46.835s][info][gc,reloc    ] GC(77) y:                        Candidates     Selected     In-Place         Size        Empty    Relocated 
[2026-04-03T03:24:10.957+0600][46.835s][info][gc,reloc    ] GC(77) y: Small Pages:                  133          104            0         266M           0M          31M 
[2026-04-03T03:24:10.957+0600][46.835s][info][gc,reloc    ] GC(77) y: Medium Pages:                   2            0            0          64M          32M           0M 
[2026-04-03T03:24:10.957+0600][46.835s][info][gc,reloc    ] GC(77) y: Large Pages:                    6            0            0          48M          18M           0M 
[2026-04-03T03:24:10.957+0600][46.835s][info][gc,reloc    ] GC(77) y: Forwarding Usage: 39M
[2026-04-03T03:24:10.957+0600][46.835s][info][gc,reloc    ] GC(77) y: Age Table:
[2026-04-03T03:24:10.957+0600][46.835s][info][gc,reloc    ] GC(77) y:                    Live             Garbage             Small              Medium             Large        
[2026-04-03T03:24:10.957+0600][46.835s][info][gc,reloc    ] GC(77) y: Eden              75M (6%)          222M (18%)        118 / 93             1 / 0              3 / 0        
[2026-04-03T03:24:10.957+0600][46.835s][info][gc,reloc    ] GC(77) y: Survivor 1         9M (1%)           64M (5%)          12 / 9              1 / 0              3 / 0        
[2026-04-03T03:24:10.957+0600][46.835s][info][gc,reloc    ] GC(77) y: Survivor 2         1M (0%)            4M (0%)           3 / 2              0 / 0              0 / 0        
[2026-04-03T03:24:10.957+0600][46.835s][info][gc,heap     ] GC(77) y: Min Capacity: 8M(1%)
[2026-04-03T03:24:10.957+0600][46.835s][info][gc,heap     ] GC(77) y: Max Capacity: 1250M(100%)
[2026-04-03T03:24:10.957+0600][46.835s][info][gc,heap     ] GC(77) y: Soft Max Capacity: 1250M(100%)
[2026-04-03T03:24:10.957+0600][46.835s][info][gc,heap     ] GC(77) y: Heap Statistics:
[2026-04-03T03:24:10.957+0600][46.835s][info][gc,heap     ] GC(77) y:                Mark Start          Mark End        Relocate Start      Relocate End           High               Low         
[2026-04-03T03:24:10.957+0600][46.835s][info][gc,heap     ] GC(77) y:  Capacity:     1250M (100%)       1250M (100%)       1250M (100%)       1250M (100%)       1250M (100%)       1250M (100%)   
[2026-04-03T03:24:10.957+0600][46.835s][info][gc,heap     ] GC(77) y:      Free:      398M (32%)         130M (10%)         120M (10%)         212M (17%)         398M (32%)         112M (9%)     
[2026-04-03T03:24:10.957+0600][46.835s][info][gc,heap     ] GC(77) y:      Used:      852M (68%)        1120M (90%)        1130M (90%)        1038M (83%)        1138M (91%)         852M (68%)    
[2026-04-03T03:24:10.957+0600][46.835s][info][gc,heap     ] GC(77) y: Young Generation Statistics:
[2026-04-03T03:24:10.957+0600][46.835s][info][gc,heap     ] GC(77) y:                Mark Start          Mark End        Relocate Start      Relocate End    
[2026-04-03T03:24:10.957+0600][46.835s][info][gc,heap     ] GC(77) y:      Used:      378M (30%)         646M (52%)         656M (52%)         564M (45%)    
[2026-04-03T03:24:10.957+0600][46.835s][info][gc,heap     ] GC(77) y:      Live:         -                86M (7%)           86M (7%)           86M (7%)     
[2026-04-03T03:24:10.957+0600][46.835s][info][gc,heap     ] GC(77) y:   Garbage:         -               291M (23%)         241M (19%)          26M (2%)     
[2026-04-03T03:24:10.957+0600][46.835s][info][gc,heap     ] GC(77) y: Allocated:         -               268M (21%)         328M (26%)         451M (36%)    
[2026-04-03T03:24:10.957+0600][46.835s][info][gc,heap     ] GC(77) y: Reclaimed:         -                  -                50M (4%)          265M (21%)    
[2026-04-03T03:24:10.957+0600][46.835s][info][gc,heap     ] GC(77) y:  Promoted:         -                  -                 0M (0%)            0M (0%)     
[2026-04-03T03:24:10.957+0600][46.835s][info][gc,heap     ] GC(77) y: Compacted:         -                  -                  -                46M (4%)     
[2026-04-03T03:24:10.957+0600][46.835s][info][gc,phases   ] GC(77) y: Young Generation 852M(68%)->1038M(83%) 0.496s
[2026-04-03T03:24:10.957+0600][46.835s][info][gc          ] GC(77) Minor Collection (Allocation Rate) 852M(68%)->1040M(83%) 0.497s
[2026-04-03T03:24:10.958+0600][46.835s][info][gc          ] GC(78) Minor Collection (Allocation Rate)
[2026-04-03T03:24:10.958+0600][46.835s][info][gc,task     ] GC(78) Using 2 Workers for Young Generation
[2026-04-03T03:24:10.958+0600][46.835s][info][gc,phases   ] GC(78) y: Young Generation
[2026-04-03T03:24:10.958+0600][46.836s][info][gc,phases   ] GC(78) y: Pause Mark Start 0.029ms
[2026-04-03T03:24:11.076+0600][46.954s][info][gc,phases   ] GC(76) O: Concurrent Mark 853.975ms
[2026-04-03T03:24:11.076+0600][46.954s][info][gc,phases   ] GC(76) O: Pause Mark End 0.036ms
[2026-04-03T03:24:11.076+0600][46.954s][info][gc,phases   ] GC(76) O: Concurrent Mark Free 0.004ms
[2026-04-03T03:24:11.103+0600][46.981s][info][gc,phases   ] GC(76) O: Concurrent Process Non-Strong 26.566ms
[2026-04-03T03:24:11.103+0600][46.981s][info][gc,phases   ] GC(76) O: Concurrent Reset Relocation Set 0.024ms
[2026-04-03T03:24:11.113+0600][46.991s][info][gc,phases   ] GC(76) O: Concurrent Select Relocation Set 9.981ms
[2026-04-03T03:24:11.236+0600][47.114s][info][gc,phases   ] GC(78) y: Concurrent Mark 278.107ms
[2026-04-03T03:24:11.236+0600][47.114s][info][gc,phases   ] GC(78) y: Pause Mark End 0.031ms
[2026-04-03T03:24:11.237+0600][47.114s][info][gc,phases   ] GC(78) y: Concurrent Mark Free 0.001ms
[2026-04-03T03:24:11.237+0600][47.114s][info][gc,phases   ] GC(78) y: Concurrent Reset Relocation Set 0.037ms
[2026-04-03T03:24:11.239+0600][47.117s][info][gc,reloc    ] GC(78) y: Using tenuring threshold: 3 (Computed)
[2026-04-03T03:24:11.253+0600][47.130s][info][gc,phases   ] GC(78) y: Concurrent Select Relocation Set 15.895ms
[2026-04-03T03:24:11.253+0600][47.131s][info][gc,phases   ] GC(78) y: Pause Relocate Start 0.031ms
[2026-04-03T03:24:11.383+0600][47.261s][info][gc,phases   ] GC(78) y: Concurrent Relocate 130.224ms
[2026-04-03T03:24:11.383+0600][47.261s][info][gc,alloc    ] GC(78) y:                         Mark Start        Mark End      Relocate Start    Relocate End   
[2026-04-03T03:24:11.384+0600][47.261s][info][gc,alloc    ] GC(78) y: Allocation Stalls:          0                0                0                0         
[2026-04-03T03:24:11.384+0600][47.261s][info][gc,load     ] GC(78) y: Load: 4.43 (37%) / 4.67 (39%) / 5.22 (44%)
[2026-04-03T03:24:11.384+0600][47.261s][info][gc,mmu      ] GC(78) y: MMU: 2ms/87.1%, 5ms/94.9%, 10ms/97.4%, 20ms/98.7%, 50ms/99.4%, 100ms/99.6%
[2026-04-03T03:24:11.384+0600][47.261s][info][gc,marking  ] GC(78) y: Mark: 2 stripe(s), 2 proactive flush(es), 1 terminate flush(es), 0 completion(s), 0 continuation(s) 
[2026-04-03T03:24:11.384+0600][47.261s][info][gc,marking  ] GC(78) y: Mark Stack Usage: 32M
[2026-04-03T03:24:11.384+0600][47.261s][info][gc,nmethod  ] GC(78) y: NMethods: 6561 registered, 1345 unregistered
[2026-04-03T03:24:11.384+0600][47.261s][info][gc,metaspace] GC(78) y: Metaspace: 71M used, 72M committed, 1088M reserved
[2026-04-03T03:24:11.384+0600][47.261s][info][gc,reloc    ] GC(78) y:                        Candidates     Selected     In-Place         Size        Empty    Relocated 
[2026-04-03T03:24:11.384+0600][47.261s][info][gc,reloc    ] GC(78) y: Small Pages:                  212          139            0         424M          20M          40M 
[2026-04-03T03:24:11.384+0600][47.261s][info][gc,reloc    ] GC(78) y: Medium Pages:                   2            0            0          64M          32M           0M 
[2026-04-03T03:24:11.384+0600][47.261s][info][gc,reloc    ] GC(78) y: Large Pages:                    9            0            0          78M          48M           0M 
[2026-04-03T03:24:11.384+0600][47.261s][info][gc,reloc    ] GC(78) y: Forwarding Usage: 49M
[2026-04-03T03:24:11.384+0600][47.261s][info][gc,reloc    ] GC(78) y: Age Table:
[2026-04-03T03:24:11.384+0600][47.261s][info][gc,reloc    ] GC(78) y:                    Live             Garbage             Small              Medium             Large        
[2026-04-03T03:24:11.384+0600][47.261s][info][gc,reloc    ] GC(78) y: Eden             116M (9%)          319M (26%)        178 / 121            1 / 0              6 / 0        
[2026-04-03T03:24:11.384+0600][47.261s][info][gc,reloc    ] GC(78) y: Survivor 1        20M (2%)           87M (7%)          23 / 11             1 / 0              3 / 0        
[2026-04-03T03:24:11.384+0600][47.261s][info][gc,reloc    ] GC(78) y: Survivor 2         0M (0%)           17M (1%)           9 / 7              0 / 0              0 / 0        
[2026-04-03T03:24:11.384+0600][47.261s][info][gc,reloc    ] GC(78) y: Survivor 3          -                 4M (0%)           2 / 0              0 / 0              0 / 0        
[2026-04-03T03:24:11.384+0600][47.262s][info][gc,heap     ] GC(78) y: Min Capacity: 8M(1%)
[2026-04-03T03:24:11.384+0600][47.262s][info][gc,heap     ] GC(78) y: Max Capacity: 1250M(100%)
[2026-04-03T03:24:11.384+0600][47.262s][info][gc,heap     ] GC(78) y: Soft Max Capacity: 1250M(100%)
[2026-04-03T03:24:11.384+0600][47.262s][info][gc,heap     ] GC(78) y: Heap Statistics:
[2026-04-03T03:24:11.384+0600][47.262s][info][gc,heap     ] GC(78) y:                Mark Start          Mark End        Relocate Start      Relocate End           High               Low         
[2026-04-03T03:24:11.384+0600][47.262s][info][gc,heap     ] GC(78) y:  Capacity:     1250M (100%)       1250M (100%)       1250M (100%)       1250M (100%)       1250M (100%)       1250M (100%)   
[2026-04-03T03:24:11.384+0600][47.262s][info][gc,heap     ] GC(78) y:      Free:      210M (17%)         160M (13%)         244M (20%)         390M (31%)         418M (33%)          60M (5%)     
[2026-04-03T03:24:11.384+0600][47.262s][info][gc,heap     ] GC(78) y:      Used:     1040M (83%)        1090M (87%)        1006M (80%)         860M (69%)        1190M (95%)         832M (67%)    
[2026-04-03T03:24:11.384+0600][47.262s][info][gc,heap     ] GC(78) y: Young Generation Statistics:
[2026-04-03T03:24:11.384+0600][47.262s][info][gc,heap     ] GC(78) y:                Mark Start          Mark End        Relocate Start      Relocate End    
[2026-04-03T03:24:11.384+0600][47.262s][info][gc,heap     ] GC(78) y:      Used:      566M (45%)         872M (70%)         788M (63%)         642M (51%)    
[2026-04-03T03:24:11.384+0600][47.262s][info][gc,heap     ] GC(78) y:      Live:         -               138M (11%)         138M (11%)         138M (11%)    
[2026-04-03T03:24:11.384+0600][47.262s][info][gc,heap     ] GC(78) y:   Garbage:         -               427M (34%)         327M (26%)          33M (3%)     
[2026-04-03T03:24:11.384+0600][47.262s][info][gc,heap     ] GC(78) y: Allocated:         -               306M (24%)         322M (26%)         470M (38%)    
[2026-04-03T03:24:11.384+0600][47.262s][info][gc,heap     ] GC(78) y: Reclaimed:         -                  -               100M (8%)          394M (32%)    
[2026-04-03T03:24:11.384+0600][47.262s][info][gc,heap     ] GC(78) y:  Promoted:         -                  -                 0M (0%)            0M (0%)     
[2026-04-03T03:24:11.384+0600][47.262s][info][gc,heap     ] GC(78) y: Compacted:         -                  -                  -                83M (7%)     
[2026-04-03T03:24:11.384+0600][47.262s][info][gc,phases   ] GC(78) y: Young Generation 1040M(83%)->860M(69%) 0.426s
[2026-04-03T03:24:11.384+0600][47.262s][info][gc          ] GC(78) Minor Collection (Allocation Rate) 1040M(83%)->860M(69%) 0.426s
[2026-04-03T03:24:11.384+0600][47.262s][info][gc,task     ] GC(76) O: Using 3 Workers for Old Generation
[2026-04-03T03:24:11.412+0600][47.290s][info][gc,task     ] GC(76) O: Using 1 Workers for Old Generation
[2026-04-03T03:24:11.412+0600][47.290s][info][gc,phases   ] GC(76) O: Concurrent Remap Roots 27.822ms
[2026-04-03T03:24:11.412+0600][47.290s][info][gc,phases   ] GC(76) O: Pause Relocate Start 0.031ms
[2026-04-03T03:24:11.412+0600][47.290s][info][gc          ] GC(79) Minor Collection (Allocation Rate)
[2026-04-03T03:24:11.413+0600][47.290s][info][gc,task     ] GC(79) Using 2 Workers for Young Generation
[2026-04-03T03:24:11.413+0600][47.290s][info][gc,phases   ] GC(79) y: Young Generation
[2026-04-03T03:24:11.413+0600][47.291s][info][gc,phases   ] GC(79) y: Pause Mark Start 0.023ms
[2026-04-03T03:24:11.433+0600][47.311s][info][gc,phases   ] GC(76) O: Concurrent Relocate 20.929ms
[2026-04-03T03:24:11.437+0600][47.315s][info][gc,task     ] Adjusting Workers for Young Generation: 2 -> 3
[2026-04-03T03:24:11.775+0600][47.652s][info][gc,phases   ] GC(79) y: Concurrent Mark 361.622ms
[2026-04-03T03:24:11.775+0600][47.653s][info][gc,phases   ] GC(79) y: Pause Mark End 0.033ms
[2026-04-03T03:24:11.775+0600][47.653s][info][gc,phases   ] GC(79) y: Concurrent Mark Free 0.004ms
[2026-04-03T03:24:11.775+0600][47.653s][info][gc,phases   ] GC(79) y: Concurrent Reset Relocation Set 0.026ms
[2026-04-03T03:24:11.778+0600][47.655s][info][gc,reloc    ] GC(79) y: Using tenuring threshold: 1 (Computed)
[2026-04-03T03:24:11.855+0600][47.732s][info][gc,phases   ] GC(79) y: Concurrent Select Relocation Set 79.143ms
[2026-04-03T03:24:11.855+0600][47.733s][info][gc,phases   ] GC(79) y: Pause Relocate Start 0.028ms
[2026-04-03T03:24:12.040+0600][47.918s][info][gc,phases   ] GC(79) y: Concurrent Relocate 184.726ms
[2026-04-03T03:24:12.040+0600][47.918s][info][gc,alloc    ] GC(79) y:                         Mark Start        Mark End      Relocate Start    Relocate End   
[2026-04-03T03:24:12.040+0600][47.918s][info][gc,alloc    ] GC(79) y: Allocation Stalls:          0                0                0                0         
[2026-04-03T03:24:12.040+0600][47.918s][info][gc,load     ] GC(79) y: Load: 4.43 (37%) / 4.67 (39%) / 5.22 (44%)
[2026-04-03T03:24:12.040+0600][47.918s][info][gc,mmu      ] GC(79) y: MMU: 2ms/87.1%, 5ms/94.9%, 10ms/97.4%, 20ms/98.7%, 50ms/99.4%, 100ms/99.6%
[2026-04-03T03:24:12.040+0600][47.918s][info][gc,marking  ] GC(79) y: Mark: 2 stripe(s), 2 proactive flush(es), 1 terminate flush(es), 0 completion(s), 0 continuation(s) 
[2026-04-03T03:24:12.040+0600][47.918s][info][gc,marking  ] GC(79) y: Mark Stack Usage: 32M
[2026-04-03T03:24:12.040+0600][47.918s][info][gc,nmethod  ] GC(79) y: NMethods: 6564 registered, 1345 unregistered
[2026-04-03T03:24:12.040+0600][47.918s][info][gc,metaspace] GC(79) y: Metaspace: 71M used, 72M committed, 1088M reserved
[2026-04-03T03:24:12.040+0600][47.918s][info][gc,reloc    ] GC(79) y:                        Candidates     Selected     In-Place         Size        Empty    Relocated 
[2026-04-03T03:24:12.040+0600][47.918s][info][gc,reloc    ] GC(79) y: Small Pages:                  268          199            0         536M           0M          27M 
[2026-04-03T03:24:12.040+0600][47.918s][info][gc,reloc    ] GC(79) y: Medium Pages:                   2            0            0          64M          32M           0M 
[2026-04-03T03:24:12.040+0600][47.918s][info][gc,reloc    ] GC(79) y: Large Pages:                    7            0            0          62M          12M           0M 
[2026-04-03T03:24:12.040+0600][47.918s][info][gc,reloc    ] GC(79) y: Forwarding Usage: 25M
[2026-04-03T03:24:12.040+0600][47.918s][info][gc,reloc    ] GC(79) y: Age Table:
[2026-04-03T03:24:12.040+0600][47.918s][info][gc,reloc    ] GC(79) y:                    Live             Garbage             Small              Medium             Large        
[2026-04-03T03:24:12.040+0600][47.918s][info][gc,reloc    ] GC(79) y: Eden              47M (4%)          420M (34%)        202 / 187            1 / 0              4 / 0        
[2026-04-03T03:24:12.040+0600][47.918s][info][gc,reloc    ] GC(79) y: Survivor 1       110M (9%)           41M (3%)          45 / 3              1 / 0              3 / 0        
[2026-04-03T03:24:12.040+0600][47.918s][info][gc,reloc    ] GC(79) y: Survivor 2        20M (2%)           11M (1%)          16 / 4              0 / 0              0 / 0        
[2026-04-03T03:24:12.040+0600][47.918s][info][gc,reloc    ] GC(79) y: Survivor 3         0M (0%)            9M (1%)           5 / 5              0 / 0              0 / 0        
[2026-04-03T03:24:12.040+0600][47.918s][info][gc,heap     ] GC(79) y: Min Capacity: 8M(1%)
[2026-04-03T03:24:12.040+0600][47.918s][info][gc,heap     ] GC(79) y: Max Capacity: 1250M(100%)
[2026-04-03T03:24:12.040+0600][47.918s][info][gc,heap     ] GC(79) y: Soft Max Capacity: 1250M(100%)
[2026-04-03T03:24:12.040+0600][47.918s][info][gc,heap     ] GC(79) y: Heap Statistics:
[2026-04-03T03:24:12.040+0600][47.918s][info][gc,heap     ] GC(79) y:                Mark Start          Mark End        Relocate Start      Relocate End           High               Low         
[2026-04-03T03:24:12.040+0600][47.918s][info][gc,heap     ] GC(79) y:  Capacity:     1250M (100%)       1250M (100%)       1250M (100%)       1250M (100%)       1250M (100%)       1250M (100%)   
[2026-04-03T03:24:12.040+0600][47.918s][info][gc,heap     ] GC(79) y:      Free:      368M (29%)         126M (10%)         122M (10%)         414M (33%)         488M (39%)         110M (9%)     
[2026-04-03T03:24:12.040+0600][47.918s][info][gc,heap     ] GC(79) y:      Used:      882M (71%)        1124M (90%)        1128M (90%)         836M (67%)        1140M (91%)         762M (61%)    
[2026-04-03T03:24:12.040+0600][47.918s][info][gc,heap     ] GC(79) y: Young Generation Statistics:
[2026-04-03T03:24:12.040+0600][47.918s][info][gc,heap     ] GC(79) y:                Mark Start          Mark End        Relocate Start      Relocate End    
[2026-04-03T03:24:12.040+0600][47.918s][info][gc,heap     ] GC(79) y:      Used:      662M (53%)         918M (73%)         794M (64%)         490M (39%)    
[2026-04-03T03:24:12.040+0600][47.918s][info][gc,heap     ] GC(79) y:      Live:         -               179M (14%)          56M (5%)           47M (4%)     
[2026-04-03T03:24:12.040+0600][47.918s][info][gc,heap     ] GC(79) y:   Garbage:         -               482M (39%)         433M (35%)          29M (2%)     
[2026-04-03T03:24:12.040+0600][47.918s][info][gc,heap     ] GC(79) y: Allocated:         -               256M (20%)         304M (24%)         412M (33%)    
[2026-04-03T03:24:12.040+0600][47.918s][info][gc,heap     ] GC(79) y: Reclaimed:         -                  -                49M (4%)          452M (36%)    
[2026-04-03T03:24:12.040+0600][47.918s][info][gc,heap     ] GC(79) y:  Promoted:         -                  -               122M (10%)         132M (11%)    
[2026-04-03T03:24:12.040+0600][47.918s][info][gc,heap     ] GC(79) y: Compacted:         -                  -                  -                25M (2%)     
[2026-04-03T03:24:12.040+0600][47.918s][info][gc,phases   ] GC(79) y: Young Generation 882M(71%)->836M(67%) 0.627s
[2026-04-03T03:24:12.040+0600][47.918s][info][gc          ] GC(79) Minor Collection (Allocation Rate) 882M(71%)->836M(67%) 0.628s
[2026-04-03T03:24:12.041+0600][47.918s][info][gc,alloc    ] GC(76) O:                         Mark Start        Mark End      Relocate Start    Relocate End   
[2026-04-03T03:24:12.041+0600][47.918s][info][gc,alloc    ] GC(76) O: Allocation Stalls:          0                0                0                0         
[2026-04-03T03:24:12.041+0600][47.918s][info][gc,load     ] GC(76) O: Load: 4.43 (37%) / 4.67 (39%) / 5.22 (44%)
[2026-04-03T03:24:12.041+0600][47.918s][info][gc,mmu      ] GC(76) O: MMU: 2ms/87.1%, 5ms/94.9%, 10ms/97.4%, 20ms/98.7%, 50ms/99.4%, 100ms/99.6%
[2026-04-03T03:24:12.041+0600][47.918s][info][gc,marking  ] GC(76) O: Mark: 1 stripe(s), 2 proactive flush(es), 1 terminate flush(es), 0 completion(s), 0 continuation(s) 
[2026-04-03T03:24:12.041+0600][47.918s][info][gc,marking  ] GC(76) O: Mark Stack Usage: 32M
[2026-04-03T03:24:12.041+0600][47.918s][info][gc,nmethod  ] GC(76) O: NMethods: 6564 registered, 1345 unregistered
[2026-04-03T03:24:12.041+0600][47.918s][info][gc,metaspace] GC(76) O: Metaspace: 71M used, 72M committed, 1088M reserved
[2026-04-03T03:24:12.041+0600][47.918s][info][gc,ref      ] GC(76) O:                       Encountered   Discovered     Enqueued 
[2026-04-03T03:24:12.041+0600][47.918s][info][gc,ref      ] GC(76) O: Soft References:             5108            0            0 
[2026-04-03T03:24:12.041+0600][47.918s][info][gc,ref      ] GC(76) O: Weak References:             6914         5393           72 
[2026-04-03T03:24:12.041+0600][47.918s][info][gc,ref      ] GC(76) O: Final References:              84           48            0 
[2026-04-03T03:24:12.041+0600][47.918s][info][gc,ref      ] GC(76) O: Phantom References:           603          213            0 
[2026-04-03T03:24:12.041+0600][47.919s][info][gc,reloc    ] GC(76) O:                        Candidates     Selected     In-Place         Size        Empty    Relocated 
[2026-04-03T03:24:12.041+0600][47.919s][info][gc,reloc    ] GC(76) O: Small Pages:                  141           11            0         282M          96M           2M 
[2026-04-03T03:24:12.041+0600][47.919s][info][gc,reloc    ] GC(76) O: Medium Pages:                   4            0            0         128M          96M           0M 
[2026-04-03T03:24:12.041+0600][47.919s][info][gc,reloc    ] GC(76) O: Large Pages:                    4            0            0          64M          64M           0M 
[2026-04-03T03:24:12.041+0600][47.919s][info][gc,reloc    ] GC(76) O: Forwarding Usage: 2M
[2026-04-03T03:24:12.041+0600][47.919s][info][gc,heap     ] GC(76) O: Min Capacity: 8M(1%)
[2026-04-03T03:24:12.041+0600][47.919s][info][gc,heap     ] GC(76) O: Max Capacity: 1250M(100%)
[2026-04-03T03:24:12.041+0600][47.919s][info][gc,heap     ] GC(76) O: Soft Max Capacity: 1250M(100%)
[2026-04-03T03:24:12.041+0600][47.919s][info][gc,heap     ] GC(76) O: Heap Statistics:
[2026-04-03T03:24:12.041+0600][47.919s][info][gc,heap     ] GC(76) O:                Mark Start          Mark End        Relocate Start      Relocate End           High               Low         
[2026-04-03T03:24:12.041+0600][47.919s][info][gc,heap     ] GC(76) O:  Capacity:     1250M (100%)       1250M (100%)       1250M (100%)       1250M (100%)       1250M (100%)       1250M (100%)   
[2026-04-03T03:24:12.041+0600][47.919s][info][gc,heap     ] GC(76) O:      Free:      506M (40%)          94M (8%)          370M (30%)         362M (29%)         628M (50%)          60M (5%)     
[2026-04-03T03:24:12.041+0600][47.919s][info][gc,heap     ] GC(76) O:      Used:      744M (60%)        1156M (92%)         880M (70%)         888M (71%)        1190M (95%)         622M (50%)    
[2026-04-03T03:24:12.041+0600][47.919s][info][gc,heap     ] GC(76) O: Old Generation Statistics:
[2026-04-03T03:24:12.041+0600][47.919s][info][gc,heap     ] GC(76) O:                Mark Start          Mark End        Relocate Start      Relocate End    
[2026-04-03T03:24:12.041+0600][47.919s][info][gc,heap     ] GC(76) O:      Used:      474M (38%)         474M (38%)         218M (17%)         206M (16%)    
[2026-04-03T03:24:12.041+0600][47.919s][info][gc,heap     ] GC(76) O:      Live:         -               171M (14%)         171M (14%)         171M (14%)    
[2026-04-03T03:24:12.041+0600][47.919s][info][gc,heap     ] GC(76) O:   Garbage:         -               302M (24%)          46M (4%)           23M (2%)     
[2026-04-03T03:24:12.041+0600][47.919s][info][gc,heap     ] GC(76) O: Allocated:         -                 0M (0%)            0M (0%)           10M (1%)     
[2026-04-03T03:24:12.041+0600][47.919s][info][gc,heap     ] GC(76) O: Reclaimed:         -                  -               256M (20%)         278M (22%)    
[2026-04-03T03:24:12.041+0600][47.919s][info][gc,heap     ] GC(76) O: Compacted:         -                  -                  -                 5M (0%)     
[2026-04-03T03:24:12.041+0600][47.919s][info][gc,phases   ] GC(76) O: Old Generation 646M(52%)->888M(71%) 1.819s
[2026-04-03T03:24:12.041+0600][47.919s][info][gc          ] GC(76) Major Collection (Allocation Rate) 744M(60%)->838M(67%) 2.010s
[2026-04-03T03:24:12.047+0600][47.925s][info][gc          ] GC(80) Major Collection (Allocation Rate)
[2026-04-03T03:24:12.047+0600][47.925s][info][gc,task     ] GC(80) Using 3 Workers for Young Generation
[2026-04-03T03:24:12.047+0600][47.925s][info][gc,task     ] GC(80) Using 1 Workers for Old Generation
[2026-04-03T03:24:12.047+0600][47.925s][info][gc,phases   ] GC(80) Y: Young Generation
[2026-04-03T03:24:12.047+0600][47.925s][info][gc,phases   ] GC(80) Y: Pause Mark Start (Major) 0.028ms
[2026-04-03T03:24:12.478+0600][48.356s][info][gc,phases   ] GC(80) Y: Concurrent Mark 430.142ms
[2026-04-03T03:24:12.478+0600][48.356s][info][gc,phases   ] GC(80) Y: Pause Mark End 0.044ms
[2026-04-03T03:24:12.478+0600][48.356s][info][gc,phases   ] GC(80) Y: Concurrent Mark Free 0.002ms
[2026-04-03T03:24:12.478+0600][48.356s][info][gc,phases   ] GC(80) Y: Concurrent Reset Relocation Set 0.113ms
[2026-04-03T03:24:12.480+0600][48.358s][info][gc,reloc    ] GC(80) Y: Using tenuring threshold: 1 (Computed)
[2026-04-03T03:24:12.514+0600][48.391s][info][gc,phases   ] GC(80) Y: Concurrent Select Relocation Set 35.303ms
[2026-04-03T03:24:12.514+0600][48.392s][info][gc,phases   ] GC(80) Y: Pause Relocate Start 0.029ms
[2026-04-03T03:24:12.668+0600][48.545s][info][gc,phases   ] GC(80) Y: Concurrent Relocate 153.390ms
[2026-04-03T03:24:12.668+0600][48.546s][info][gc,alloc    ] GC(80) Y:                         Mark Start        Mark End      Relocate Start    Relocate End   
[2026-04-03T03:24:12.668+0600][48.546s][info][gc,alloc    ] GC(80) Y: Allocation Stalls:          0                0                0                0         
[2026-04-03T03:24:12.668+0600][48.546s][info][gc,load     ] GC(80) Y: Load: 4.43 (37%) / 4.67 (39%) / 5.22 (44%)
[2026-04-03T03:24:12.668+0600][48.546s][info][gc,mmu      ] GC(80) Y: MMU: 2ms/87.1%, 5ms/94.9%, 10ms/97.4%, 20ms/98.7%, 50ms/99.4%, 100ms/99.6%
[2026-04-03T03:24:12.668+0600][48.546s][info][gc,marking  ] GC(80) Y: Mark: 2 stripe(s), 11 proactive flush(es), 2 terminate flush(es), 0 completion(s), 0 continuation(s) 
[2026-04-03T03:24:12.668+0600][48.546s][info][gc,marking  ] GC(80) Y: Mark Stack Usage: 32M
[2026-04-03T03:24:12.668+0600][48.546s][info][gc,nmethod  ] GC(80) Y: NMethods: 6566 registered, 1345 unregistered
[2026-04-03T03:24:12.668+0600][48.546s][info][gc,metaspace] GC(80) Y: Metaspace: 71M used, 72M committed, 1088M reserved
[2026-04-03T03:24:12.668+0600][48.546s][info][gc,reloc    ] GC(80) Y:                        Candidates     Selected     In-Place         Size        Empty    Relocated 
[2026-04-03T03:24:12.668+0600][48.546s][info][gc,reloc    ] GC(80) Y: Small Pages:                  223          191            0         446M          14M          20M 
[2026-04-03T03:24:12.668+0600][48.546s][info][gc,reloc    ] GC(80) Y: Medium Pages:                   1            0            0          32M           0M           0M 
[2026-04-03T03:24:12.668+0600][48.546s][info][gc,reloc    ] GC(80) Y: Large Pages:                    2            0            0          20M           0M           0M 
[2026-04-03T03:24:12.668+0600][48.546s][info][gc,reloc    ] GC(80) Y: Forwarding Usage: 24M
[2026-04-03T03:24:12.668+0600][48.546s][info][gc,reloc    ] GC(80) Y: Age Table:
[2026-04-03T03:24:12.668+0600][48.546s][info][gc,reloc    ] GC(80) Y:                    Live             Garbage             Small              Medium             Large        
[2026-04-03T03:24:12.668+0600][48.546s][info][gc,reloc    ] GC(80) Y: Eden              20M (2%)          391M (31%)        206 / 187            0 / 0              0 / 0        
[2026-04-03T03:24:12.668+0600][48.546s][info][gc,reloc    ] GC(80) Y: Survivor 1        43M (3%)           42M (3%)          17 / 4              1 / 0              2 / 0        
[2026-04-03T03:24:12.668+0600][48.546s][info][gc,heap     ] GC(80) Y: Min Capacity: 8M(1%)
[2026-04-03T03:24:12.668+0600][48.546s][info][gc,heap     ] GC(80) Y: Max Capacity: 1250M(100%)
[2026-04-03T03:24:12.668+0600][48.546s][info][gc,heap     ] GC(80) Y: Soft Max Capacity: 1250M(100%)
[2026-04-03T03:24:12.668+0600][48.546s][info][gc,heap     ] GC(80) Y: Heap Statistics:
[2026-04-03T03:24:12.668+0600][48.546s][info][gc,heap     ] GC(80) Y:                Mark Start          Mark End        Relocate Start      Relocate End           High               Low         
[2026-04-03T03:24:12.668+0600][48.546s][info][gc,heap     ] GC(80) Y:  Capacity:     1250M (100%)       1250M (100%)       1250M (100%)       1250M (100%)       1250M (100%)       1250M (100%)   
[2026-04-03T03:24:12.668+0600][48.546s][info][gc,heap     ] GC(80) Y:      Free:      406M (32%)          94M (8%)          104M (8%)          336M (27%)         440M (35%)          94M (8%)     
[2026-04-03T03:24:12.668+0600][48.546s][info][gc,heap     ] GC(80) Y:      Used:      844M (68%)        1156M (92%)        1146M (92%)         914M (73%)        1156M (92%)         810M (65%)    
[2026-04-03T03:24:12.668+0600][48.546s][info][gc,heap     ] GC(80) Y: Young Generation Statistics:
[2026-04-03T03:24:12.668+0600][48.546s][info][gc,heap     ] GC(80) Y:                Mark Start          Mark End        Relocate Start      Relocate End    
[2026-04-03T03:24:12.668+0600][48.546s][info][gc,heap     ] GC(80) Y:      Used:      498M (40%)         810M (65%)         724M (58%)         480M (38%)    
[2026-04-03T03:24:12.668+0600][48.546s][info][gc,heap     ] GC(80) Y:      Live:         -                64M (5%)           22M (2%)           20M (2%)     
[2026-04-03T03:24:12.668+0600][48.546s][info][gc,heap     ] GC(80) Y:   Garbage:         -               433M (35%)         385M (31%)           0M (0%)     
[2026-04-03T03:24:12.668+0600][48.546s][info][gc,heap     ] GC(80) Y: Allocated:         -               312M (25%)         316M (25%)         459M (37%)    
[2026-04-03T03:24:12.668+0600][48.546s][info][gc,heap     ] GC(80) Y: Reclaimed:         -                  -                48M (4%)          433M (35%)    
[2026-04-03T03:24:12.668+0600][48.546s][info][gc,heap     ] GC(80) Y:  Promoted:         -                  -                41M (3%)           43M (3%)     
[2026-04-03T03:24:12.668+0600][48.546s][info][gc,heap     ] GC(80) Y: Compacted:         -                  -                  -                20M (2%)     
[2026-04-03T03:24:12.668+0600][48.546s][info][gc,phases   ] GC(80) Y: Young Generation 844M(68%)->914M(73%) 0.621s
[2026-04-03T03:24:12.668+0600][48.546s][info][gc,phases   ] GC(80) O: Old Generation
[2026-04-03T03:24:12.676+0600][48.553s][info][gc          ] GC(81) Minor Collection (Allocation Rate)
[2026-04-03T03:24:12.676+0600][48.554s][info][gc,task     ] GC(81) Using 2 Workers for Young Generation
[2026-04-03T03:24:12.676+0600][48.554s][info][gc,phases   ] GC(81) y: Young Generation
[2026-04-03T03:24:12.676+0600][48.554s][info][gc,phases   ] GC(81) y: Pause Mark Start 0.023ms
[2026-04-03T03:24:13.132+0600][49.010s][info][gc,phases   ] GC(81) y: Concurrent Mark 455.767ms
[2026-04-03T03:24:13.132+0600][49.010s][info][gc,phases   ] GC(81) y: Pause Mark End 0.066ms
[2026-04-03T03:24:13.133+0600][49.010s][info][gc,phases   ] GC(81) y: Concurrent Mark Free 0.003ms
[2026-04-03T03:24:13.133+0600][49.010s][info][gc,phases   ] GC(81) y: Concurrent Reset Relocation Set 0.110ms
[2026-04-03T03:24:13.139+0600][49.017s][info][gc,reloc    ] GC(81) y: Using tenuring threshold: 2 (Computed)
[2026-04-03T03:24:13.145+0600][49.022s][info][gc,phases   ] GC(81) y: Concurrent Select Relocation Set 11.783ms
[2026-04-03T03:24:13.145+0600][49.023s][info][gc,phases   ] GC(81) y: Pause Relocate Start 0.077ms
[2026-04-03T03:24:13.223+0600][49.100s][info][gc,phases   ] GC(81) y: Concurrent Relocate 77.181ms
[2026-04-03T03:24:13.223+0600][49.100s][info][gc,alloc    ] GC(81) y:                         Mark Start        Mark End      Relocate Start    Relocate End   
[2026-04-03T03:24:13.223+0600][49.100s][info][gc,alloc    ] GC(81) y: Allocation Stalls:          0                0                0                0         
[2026-04-03T03:24:13.223+0600][49.100s][info][gc,load     ] GC(81) y: Load: 4.43 (37%) / 4.67 (39%) / 5.22 (44%)
[2026-04-03T03:24:13.223+0600][49.100s][info][gc,mmu      ] GC(81) y: MMU: 2ms/87.1%, 5ms/94.9%, 10ms/97.4%, 20ms/98.7%, 50ms/99.4%, 100ms/99.6%
[2026-04-03T03:24:13.223+0600][49.100s][info][gc,marking  ] GC(81) y: Mark: 2 stripe(s), 2 proactive flush(es), 1 terminate flush(es), 0 completion(s), 0 continuation(s) 
[2026-04-03T03:24:13.223+0600][49.101s][info][gc,marking  ] GC(81) y: Mark Stack Usage: 32M
[2026-04-03T03:24:13.223+0600][49.101s][info][gc,nmethod  ] GC(81) y: NMethods: 6570 registered, 1345 unregistered
[2026-04-03T03:24:13.223+0600][49.101s][info][gc,metaspace] GC(81) y: Metaspace: 71M used, 72M committed, 1088M reserved
[2026-04-03T03:24:13.223+0600][49.101s][info][gc,reloc    ] GC(81) y:                        Candidates     Selected     In-Place         Size        Empty    Relocated 
[2026-04-03T03:24:13.223+0600][49.101s][info][gc,reloc    ] GC(81) y: Small Pages:                  225          197            0         450M          12M          20M 
[2026-04-03T03:24:13.223+0600][49.101s][info][gc,reloc    ] GC(81) y: Medium Pages:                   0            0            0           0M           0M           0M 
[2026-04-03T03:24:13.223+0600][49.101s][info][gc,reloc    ] GC(81) y: Large Pages:                    2            0            0          36M           0M           0M 
[2026-04-03T03:24:13.223+0600][49.101s][info][gc,reloc    ] GC(81) y: Forwarding Usage: 22M
[2026-04-03T03:24:13.223+0600][49.101s][info][gc,reloc    ] GC(81) y: Age Table:
[2026-04-03T03:24:13.223+0600][49.101s][info][gc,reloc    ] GC(81) y:                    Live             Garbage             Small              Medium             Large        
[2026-04-03T03:24:13.223+0600][49.101s][info][gc,reloc    ] GC(81) y: Eden              56M (5%)          401M (32%)        211 / 193            0 / 0              2 / 0        
[2026-04-03T03:24:13.223+0600][49.101s][info][gc,reloc    ] GC(81) y: Survivor 1        16M (1%)           11M (1%)          14 / 4              0 / 0              0 / 0        
[2026-04-03T03:24:13.223+0600][49.101s][info][gc,heap     ] GC(81) y: Min Capacity: 8M(1%)
[2026-04-03T03:24:13.223+0600][49.101s][info][gc,heap     ] GC(81) y: Max Capacity: 1250M(100%)
[2026-04-03T03:24:13.223+0600][49.101s][info][gc,heap     ] GC(81) y: Soft Max Capacity: 1250M(100%)
[2026-04-03T03:24:13.223+0600][49.101s][info][gc,heap     ] GC(81) y: Heap Statistics:
[2026-04-03T03:24:13.223+0600][49.101s][info][gc,heap     ] GC(81) y:                Mark Start          Mark End        Relocate Start      Relocate End           High               Low         
[2026-04-03T03:24:13.223+0600][49.101s][info][gc,heap     ] GC(81) y:  Capacity:     1250M (100%)       1250M (100%)       1250M (100%)       1250M (100%)       1250M (100%)       1250M (100%)   
[2026-04-03T03:24:13.223+0600][49.101s][info][gc,heap     ] GC(81) y:      Free:      330M (26%)          62M (5%)           70M (6%)          432M (35%)         432M (35%)          56M (4%)     
[2026-04-03T03:24:13.223+0600][49.101s][info][gc,heap     ] GC(81) y:      Used:      920M (74%)        1188M (95%)        1180M (94%)         818M (65%)        1194M (96%)         818M (65%)    
[2026-04-03T03:24:13.223+0600][49.101s][info][gc,heap     ] GC(81) y: Young Generation Statistics:
[2026-04-03T03:24:13.223+0600][49.101s][info][gc,heap     ] GC(81) y:                Mark Start          Mark End        Relocate Start      Relocate End    
[2026-04-03T03:24:13.223+0600][49.101s][info][gc,heap     ] GC(81) y:      Used:      486M (39%)         754M (60%)         746M (60%)         384M (31%)    
[2026-04-03T03:24:13.223+0600][49.101s][info][gc,heap     ] GC(81) y:      Live:         -                73M (6%)           73M (6%)           73M (6%)     
[2026-04-03T03:24:13.223+0600][49.101s][info][gc,heap     ] GC(81) y:   Garbage:         -               412M (33%)         400M (32%)           3M (0%)     
[2026-04-03T03:24:13.223+0600][49.101s][info][gc,heap     ] GC(81) y: Allocated:         -               268M (21%)         272M (22%)         307M (25%)    
[2026-04-03T03:24:13.223+0600][49.101s][info][gc,heap     ] GC(81) y: Reclaimed:         -                  -                12M (1%)          409M (33%)    
[2026-04-03T03:24:13.223+0600][49.101s][info][gc,heap     ] GC(81) y:  Promoted:         -                  -                 0M (0%)            0M (0%)     
[2026-04-03T03:24:13.223+0600][49.101s][info][gc,heap     ] GC(81) y: Compacted:         -                  -                  -                22M (2%)     
[2026-04-03T03:24:13.223+0600][49.101s][info][gc,phases   ] GC(81) y: Young Generation 920M(74%)->818M(65%) 0.547s
[2026-04-03T03:24:13.223+0600][49.101s][info][gc          ] GC(81) Minor Collection (Allocation Rate) 918M(73%)->818M(65%) 0.548s
[2026-04-03T03:24:13.223+0600][49.101s][info][gc          ] GC(82) Minor Collection (Allocation Rate)
[2026-04-03T03:24:13.223+0600][49.101s][info][gc,task     ] GC(82) Using 2 Workers for Young Generation
[2026-04-03T03:24:13.223+0600][49.101s][info][gc,phases   ] GC(82) y: Young Generation
[2026-04-03T03:24:13.224+0600][49.102s][info][gc,phases   ] GC(82) y: Pause Mark Start 0.032ms
[2026-04-03T03:24:14.001+0600][49.878s][info][gc,phases   ] GC(82) y: Concurrent Mark 776.699ms
[2026-04-03T03:24:14.001+0600][49.879s][info][gc,phases   ] GC(82) y: Pause Mark End 0.052ms
[2026-04-03T03:24:14.001+0600][49.879s][info][gc,phases   ] GC(82) y: Concurrent Mark Free 0.001ms
[2026-04-03T03:24:14.001+0600][49.879s][info][gc,phases   ] GC(82) y: Concurrent Reset Relocation Set 0.045ms
[2026-04-03T03:24:14.007+0600][49.885s][info][gc,reloc    ] GC(82) y: Using tenuring threshold: 1 (Computed)
[2026-04-03T03:24:14.052+0600][49.929s][info][gc,phases   ] GC(82) y: Concurrent Select Relocation Set 50.254ms
[2026-04-03T03:24:14.052+0600][49.930s][info][gc,phases   ] GC(82) y: Pause Relocate Start 0.025ms
[2026-04-03T03:24:14.196+0600][50.074s][info][gc,phases   ] GC(82) y: Concurrent Relocate 144.001ms
[2026-04-03T03:24:14.196+0600][50.074s][info][gc,alloc    ] GC(82) y:                         Mark Start        Mark End      Relocate Start    Relocate End   
[2026-04-03T03:24:14.196+0600][50.074s][info][gc,alloc    ] GC(82) y: Allocation Stalls:          0                0                0                0         
[2026-04-03T03:24:14.196+0600][50.074s][info][gc,load     ] GC(82) y: Load: 4.43 (37%) / 4.67 (39%) / 5.22 (44%)
[2026-04-03T03:24:14.196+0600][50.074s][info][gc,mmu      ] GC(82) y: MMU: 2ms/87.1%, 5ms/94.9%, 10ms/97.4%, 20ms/98.7%, 50ms/99.4%, 100ms/99.6%
[2026-04-03T03:24:14.196+0600][50.074s][info][gc,marking  ] GC(82) y: Mark: 2 stripe(s), 2 proactive flush(es), 1 terminate flush(es), 0 completion(s), 0 continuation(s) 
[2026-04-03T03:24:14.196+0600][50.074s][info][gc,marking  ] GC(82) y: Mark Stack Usage: 32M
[2026-04-03T03:24:14.196+0600][50.074s][info][gc,nmethod  ] GC(82) y: NMethods: 6589 registered, 1345 unregistered
[2026-04-03T03:24:14.196+0600][50.074s][info][gc,metaspace] GC(82) y: Metaspace: 71M used, 72M committed, 1088M reserved
[2026-04-03T03:24:14.196+0600][50.074s][info][gc,reloc    ] GC(82) y:                        Candidates     Selected     In-Place         Size        Empty    Relocated 
[2026-04-03T03:24:14.196+0600][50.074s][info][gc,reloc    ] GC(82) y: Small Pages:                  155          128            0         310M           0M          13M 
[2026-04-03T03:24:14.196+0600][50.074s][info][gc,reloc    ] GC(82) y: Medium Pages:                   1            0            0          32M           0M           0M 
[2026-04-03T03:24:14.196+0600][50.074s][info][gc,reloc    ] GC(82) y: Large Pages:                    3            0            0          42M           0M           0M 
[2026-04-03T03:24:14.196+0600][50.074s][info][gc,reloc    ] GC(82) y: Forwarding Usage: 14M
[2026-04-03T03:24:14.196+0600][50.074s][info][gc,reloc    ] GC(82) y: Age Table:
[2026-04-03T03:24:14.196+0600][50.074s][info][gc,reloc    ] GC(82) y:                    Live             Garbage             Small              Medium             Large        
[2026-04-03T03:24:14.196+0600][50.074s][info][gc,reloc    ] GC(82) y: Eden              19M (2%)          274M (22%)        128 / 121            1 / 0              1 / 0        
[2026-04-03T03:24:14.196+0600][50.074s][info][gc,reloc    ] GC(82) y: Survivor 1        55M (4%)            8M (1%)          14 / 4              0 / 0              2 / 0        
[2026-04-03T03:24:14.196+0600][50.074s][info][gc,reloc    ] GC(82) y: Survivor 2        16M (1%)            9M (1%)          13 / 3              0 / 0              0 / 0        
[2026-04-03T03:24:14.196+0600][50.074s][info][gc,heap     ] GC(82) y: Min Capacity: 8M(1%)
[2026-04-03T03:24:14.196+0600][50.074s][info][gc,heap     ] GC(82) y: Max Capacity: 1250M(100%)
[2026-04-03T03:24:14.196+0600][50.074s][info][gc,heap     ] GC(82) y: Soft Max Capacity: 1250M(100%)
[2026-04-03T03:24:14.196+0600][50.074s][info][gc,heap     ] GC(82) y: Heap Statistics:
[2026-04-03T03:24:14.196+0600][50.074s][info][gc,heap     ] GC(82) y:                Mark Start          Mark End        Relocate Start      Relocate End           High               Low         
[2026-04-03T03:24:14.196+0600][50.074s][info][gc,heap     ] GC(82) y:  Capacity:     1250M (100%)       1250M (100%)       1250M (100%)       1250M (100%)       1250M (100%)       1250M (100%)   
[2026-04-03T03:24:14.196+0600][50.074s][info][gc,heap     ] GC(82) y:      Free:      432M (35%)         132M (11%)         110M (9%)          300M (24%)         432M (35%)         102M (8%)     
[2026-04-03T03:24:14.197+0600][50.074s][info][gc,heap     ] GC(82) y:      Used:      818M (65%)        1118M (89%)        1140M (91%)         950M (76%)        1148M (92%)         818M (65%)    
[2026-04-03T03:24:14.197+0600][50.074s][info][gc,heap     ] GC(82) y: Young Generation Statistics:
[2026-04-03T03:24:14.197+0600][50.074s][info][gc,heap     ] GC(82) y:                Mark Start          Mark End        Relocate Start      Relocate End    
[2026-04-03T03:24:14.197+0600][50.074s][info][gc,heap     ] GC(82) y:      Used:      384M (31%)         684M (55%)         634M (51%)         436M (35%)    
[2026-04-03T03:24:14.197+0600][50.074s][info][gc,heap     ] GC(82) y:      Live:         -                91M (7%)           23M (2%)           19M (2%)     
[2026-04-03T03:24:14.197+0600][50.074s][info][gc,heap     ] GC(82) y:   Garbage:         -               292M (23%)         288M (23%)          29M (2%)     
[2026-04-03T03:24:14.197+0600][50.074s][info][gc,heap     ] GC(82) y: Allocated:         -               300M (24%)         322M (26%)         386M (31%)    
[2026-04-03T03:24:14.197+0600][50.074s][info][gc,heap     ] GC(82) y: Reclaimed:         -                  -                 4M (0%)          262M (21%)    
[2026-04-03T03:24:14.197+0600][50.074s][info][gc,heap     ] GC(82) y:  Promoted:         -                  -                67M (5%)           72M (6%)     
[2026-04-03T03:24:14.197+0600][50.074s][info][gc,heap     ] GC(82) y: Compacted:         -                  -                  -                11M (1%)     
[2026-04-03T03:24:14.197+0600][50.074s][info][gc,phases   ] GC(82) y: Young Generation 818M(65%)->950M(76%) 0.973s
[2026-04-03T03:24:14.197+0600][50.074s][info][gc          ] GC(82) Minor Collection (Allocation Rate) 818M(65%)->950M(76%) 0.973s
[2026-04-03T03:24:14.197+0600][50.075s][info][gc,task     ] Adjusting Workers for Old Generation: 1 -> 2
[2026-04-03T03:24:14.197+0600][50.075s][info][gc          ] GC(83) Minor Collection (Allocation Rate)
[2026-04-03T03:24:14.197+0600][50.075s][info][gc,task     ] GC(83) Using 1 Workers for Young Generation
[2026-04-03T03:24:14.197+0600][50.075s][info][gc,phases   ] GC(83) y: Young Generation
[2026-04-03T03:24:14.198+0600][50.075s][info][gc,phases   ] GC(83) y: Pause Mark Start 0.028ms
[2026-04-03T03:24:14.230+0600][50.107s][info][gc,phases   ] GC(80) O: Concurrent Mark 1561.602ms
[2026-04-03T03:24:14.230+0600][50.108s][info][gc,phases   ] GC(80) O: Pause Mark End 0.025ms
[2026-04-03T03:24:14.230+0600][50.108s][info][gc,phases   ] GC(80) O: Concurrent Mark Free 0.001ms
[2026-04-03T03:24:14.243+0600][50.121s][info][gc,phases   ] GC(80) O: Concurrent Process Non-Strong 13.021ms
[2026-04-03T03:24:14.243+0600][50.121s][info][gc,phases   ] GC(80) O: Concurrent Reset Relocation Set 0.003ms
[2026-04-03T03:24:14.253+0600][50.130s][info][gc,phases   ] GC(80) O: Concurrent Select Relocation Set 9.418ms
[2026-04-03T03:24:14.463+0600][50.341s][info][gc,phases   ] GC(83) y: Concurrent Mark 265.479ms
[2026-04-03T03:24:14.463+0600][50.341s][info][gc,phases   ] GC(83) y: Pause Mark End 0.019ms
[2026-04-03T03:24:14.464+0600][50.341s][info][gc,phases   ] GC(83) y: Concurrent Mark Free 0.001ms
[2026-04-03T03:24:14.464+0600][50.342s][info][gc,phases   ] GC(83) y: Concurrent Reset Relocation Set 0.091ms
[2026-04-03T03:24:14.468+0600][50.346s][info][gc,reloc    ] GC(83) y: Using tenuring threshold: 2 (Computed)
[2026-04-03T03:24:14.470+0600][50.347s][info][gc,phases   ] GC(83) y: Concurrent Select Relocation Set 5.950ms
[2026-04-03T03:24:14.470+0600][50.348s][info][gc,phases   ] GC(83) y: Pause Relocate Start 0.015ms
[2026-04-03T03:24:14.505+0600][50.383s][info][gc,phases   ] GC(83) y: Concurrent Relocate 35.035ms
[2026-04-03T03:24:14.505+0600][50.383s][info][gc,alloc    ] GC(83) y:                         Mark Start        Mark End      Relocate Start    Relocate End   
[2026-04-03T03:24:14.505+0600][50.383s][info][gc,alloc    ] GC(83) y: Allocation Stalls:          0                0                0                0         
[2026-04-03T03:24:14.505+0600][50.383s][info][gc,load     ] GC(83) y: Load: 4.43 (37%) / 4.67 (39%) / 5.22 (44%)
[2026-04-03T03:24:14.505+0600][50.383s][info][gc,mmu      ] GC(83) y: MMU: 2ms/87.1%, 5ms/94.9%, 10ms/97.4%, 20ms/98.7%, 50ms/99.4%, 100ms/99.6%
[2026-04-03T03:24:14.505+0600][50.383s][info][gc,marking  ] GC(83) y: Mark: 1 stripe(s), 2 proactive flush(es), 1 terminate flush(es), 0 completion(s), 0 continuation(s) 
[2026-04-03T03:24:14.505+0600][50.383s][info][gc,marking  ] GC(83) y: Mark Stack Usage: 32M
[2026-04-03T03:24:14.505+0600][50.383s][info][gc,nmethod  ] GC(83) y: NMethods: 6592 registered, 1346 unregistered
[2026-04-03T03:24:14.505+0600][50.383s][info][gc,metaspace] GC(83) y: Metaspace: 71M used, 72M committed, 1088M reserved
[2026-04-03T03:24:14.505+0600][50.383s][info][gc,reloc    ] GC(83) y:                        Candidates     Selected     In-Place         Size        Empty    Relocated 
[2026-04-03T03:24:14.505+0600][50.383s][info][gc,reloc    ] GC(83) y: Small Pages:                  178          154            0         356M          24M           9M 
[2026-04-03T03:24:14.505+0600][50.383s][info][gc,reloc    ] GC(83) y: Medium Pages:                   2            0            0          64M          64M           0M 
[2026-04-03T03:24:14.505+0600][50.383s][info][gc,reloc    ] GC(83) y: Large Pages:                    2            0            0          16M           6M           0M 
[2026-04-03T03:24:14.505+0600][50.383s][info][gc,reloc    ] GC(83) y: Forwarding Usage: 9M
[2026-04-03T03:24:14.505+0600][50.383s][info][gc,reloc    ] GC(83) y: Age Table:
[2026-04-03T03:24:14.505+0600][50.383s][info][gc,reloc    ] GC(83) y:                    Live             Garbage             Small              Medium             Large        
[2026-04-03T03:24:14.505+0600][50.383s][info][gc,reloc    ] GC(83) y: Eden              19M (2%)          360M (29%)        169 / 151            1 / 0              1 / 0        
[2026-04-03T03:24:14.505+0600][50.383s][info][gc,reloc    ] GC(83) y: Survivor 1         9M (1%)           46M (4%)           9 / 3              1 / 0              1 / 0        
[2026-04-03T03:24:14.505+0600][50.383s][info][gc,heap     ] GC(83) y: Min Capacity: 8M(1%)
[2026-04-03T03:24:14.505+0600][50.383s][info][gc,heap     ] GC(83) y: Max Capacity: 1250M(100%)
[2026-04-03T03:24:14.505+0600][50.383s][info][gc,heap     ] GC(83) y: Soft Max Capacity: 1250M(100%)
[2026-04-03T03:24:14.505+0600][50.383s][info][gc,heap     ] GC(83) y: Heap Statistics:
[2026-04-03T03:24:14.505+0600][50.383s][info][gc,heap     ] GC(83) y:                Mark Start          Mark End        Relocate Start      Relocate End           High               Low         
[2026-04-03T03:24:14.505+0600][50.383s][info][gc,heap     ] GC(83) y:  Capacity:     1250M (100%)       1250M (100%)       1250M (100%)       1250M (100%)       1250M (100%)       1250M (100%)   
[2026-04-03T03:24:14.505+0600][50.383s][info][gc,heap     ] GC(83) y:      Free:      300M (24%)         166M (13%)         258M (21%)         546M (44%)         546M (44%)         164M (13%)    
[2026-04-03T03:24:14.506+0600][50.383s][info][gc,heap     ] GC(83) y:      Used:      950M (76%)        1084M (87%)         992M (79%)         704M (56%)        1086M (87%)         704M (56%)    
[2026-04-03T03:24:14.506+0600][50.383s][info][gc,heap     ] GC(83) y: Young Generation Statistics:
[2026-04-03T03:24:14.506+0600][50.383s][info][gc,heap     ] GC(83) y:                Mark Start          Mark End        Relocate Start      Relocate End    
[2026-04-03T03:24:14.506+0600][50.383s][info][gc,heap     ] GC(83) y:      Used:      436M (35%)         570M (46%)         478M (38%)         190M (15%)    
[2026-04-03T03:24:14.506+0600][50.383s][info][gc,heap     ] GC(83) y:      Live:         -                29M (2%)           29M (2%)           29M (2%)     
[2026-04-03T03:24:14.506+0600][50.383s][info][gc,heap     ] GC(83) y:   Garbage:         -               406M (33%)         312M (25%)           2M (0%)     
[2026-04-03T03:24:14.506+0600][50.383s][info][gc,heap     ] GC(83) y: Allocated:         -               134M (11%)         136M (11%)         158M (13%)    
[2026-04-03T03:24:14.506+0600][50.383s][info][gc,heap     ] GC(83) y: Reclaimed:         -                  -                94M (8%)          404M (32%)    
[2026-04-03T03:24:14.506+0600][50.383s][info][gc,heap     ] GC(83) y:  Promoted:         -                  -                 0M (0%)            0M (0%)     
[2026-04-03T03:24:14.506+0600][50.383s][info][gc,heap     ] GC(83) y: Compacted:         -                  -                  -                 9M (1%)     
[2026-04-03T03:24:14.506+0600][50.383s][info][gc,phases   ] GC(83) y: Young Generation 950M(76%)->704M(56%) 0.308s
[2026-04-03T03:24:14.506+0600][50.383s][info][gc          ] GC(83) Minor Collection (Allocation Rate) 950M(76%)->704M(56%) 0.309s
[2026-04-03T03:24:14.506+0600][50.384s][info][gc,task     ] GC(80) O: Using 3 Workers for Old Generation
[2026-04-03T03:24:14.528+0600][50.406s][info][gc,task     ] GC(80) O: Using 2 Workers for Old Generation
[2026-04-03T03:24:14.529+0600][50.406s][info][gc,phases   ] GC(80) O: Concurrent Remap Roots 22.825ms
[2026-04-03T03:24:14.529+0600][50.407s][info][gc,phases   ] GC(80) O: Pause Relocate Start 0.023ms
[2026-04-03T03:24:14.529+0600][50.407s][info][gc          ] GC(84) Minor Collection (Allocation Rate)
[2026-04-03T03:24:14.529+0600][50.407s][info][gc,task     ] GC(84) Using 1 Workers for Young Generation
[2026-04-03T03:24:14.529+0600][50.407s][info][gc,phases   ] GC(84) y: Young Generation
[2026-04-03T03:24:14.530+0600][50.407s][info][gc,phases   ] GC(84) y: Pause Mark Start 0.021ms
[2026-04-03T03:24:14.566+0600][50.444s][info][gc,phases   ] GC(80) O: Concurrent Relocate 36.782ms
[2026-04-03T03:24:14.567+0600][50.445s][info][gc,task     ] Adjusting Workers for Young Generation: 1 -> 3
[2026-04-03T03:24:14.664+0600][50.542s][info][gc,phases   ] GC(84) y: Concurrent Mark 134.418ms
[2026-04-03T03:24:14.664+0600][50.542s][info][gc,phases   ] GC(84) y: Pause Mark End 0.027ms
[2026-04-03T03:24:14.665+0600][50.542s][info][gc,phases   ] GC(84) y: Concurrent Mark Free 0.001ms
[2026-04-03T03:24:14.665+0600][50.542s][info][gc,phases   ] GC(84) y: Concurrent Reset Relocation Set 0.039ms
[2026-04-03T03:24:14.667+0600][50.544s][info][gc,reloc    ] GC(84) y: Using tenuring threshold: 2 (Computed)
[2026-04-03T03:24:14.673+0600][50.551s][info][gc,phases   ] GC(84) y: Concurrent Select Relocation Set 8.815ms
[2026-04-03T03:24:14.674+0600][50.551s][info][gc,phases   ] GC(84) y: Pause Relocate Start 0.023ms
[2026-04-03T03:24:14.692+0600][50.570s][info][gc,phases   ] GC(84) y: Concurrent Relocate 18.189ms
[2026-04-03T03:24:14.692+0600][50.570s][info][gc,alloc    ] GC(84) y:                         Mark Start        Mark End      Relocate Start    Relocate End   
[2026-04-03T03:24:14.692+0600][50.570s][info][gc,alloc    ] GC(84) y: Allocation Stalls:          0                0                0                0         
[2026-04-03T03:24:14.692+0600][50.570s][info][gc,load     ] GC(84) y: Load: 4.43 (37%) / 4.67 (39%) / 5.22 (44%)
[2026-04-03T03:24:14.692+0600][50.570s][info][gc,mmu      ] GC(84) y: MMU: 2ms/87.1%, 5ms/94.9%, 10ms/97.4%, 20ms/98.7%, 50ms/99.4%, 100ms/99.6%
[2026-04-03T03:24:14.692+0600][50.570s][info][gc,marking  ] GC(84) y: Mark: 1 stripe(s), 10 proactive flush(es), 1 terminate flush(es), 0 completion(s), 0 continuation(s) 
[2026-04-03T03:24:14.692+0600][50.570s][info][gc,marking  ] GC(84) y: Mark Stack Usage: 32M
[2026-04-03T03:24:14.692+0600][50.570s][info][gc,nmethod  ] GC(84) y: NMethods: 6592 registered, 1346 unregistered
[2026-04-03T03:24:14.692+0600][50.570s][info][gc,metaspace] GC(84) y: Metaspace: 71M used, 72M committed, 1088M reserved
[2026-04-03T03:24:14.692+0600][50.570s][info][gc,reloc    ] GC(84) y:                        Candidates     Selected     In-Place         Size        Empty    Relocated 
[2026-04-03T03:24:14.692+0600][50.570s][info][gc,reloc    ] GC(84) y: Small Pages:                   95           81            0         190M           0M           6M 
[2026-04-03T03:24:14.692+0600][50.570s][info][gc,reloc    ] GC(84) y: Medium Pages:                   0            0            0           0M           0M           0M 
[2026-04-03T03:24:14.692+0600][50.570s][info][gc,reloc    ] GC(84) y: Large Pages:                    1            0            0          10M           0M           0M 
[2026-04-03T03:24:14.692+0600][50.570s][info][gc,reloc    ] GC(84) y: Forwarding Usage: 6M
[2026-04-03T03:24:14.692+0600][50.570s][info][gc,reloc    ] GC(84) y: Age Table:
[2026-04-03T03:24:14.692+0600][50.570s][info][gc,reloc    ] GC(84) y:                    Live             Garbage             Small              Medium             Large        
[2026-04-03T03:24:14.692+0600][50.570s][info][gc,reloc    ] GC(84) y: Eden               5M (0%)          156M (13%)         81 / 77             0 / 0              0 / 0        
[2026-04-03T03:24:14.692+0600][50.570s][info][gc,reloc    ] GC(84) y: Survivor 1        18M (1%)            3M (0%)           6 / 1              0 / 0              1 / 0        
[2026-04-03T03:24:14.692+0600][50.570s][info][gc,reloc    ] GC(84) y: Survivor 2         9M (1%)            6M (1%)           8 / 3              0 / 0              0 / 0        
[2026-04-03T03:24:14.692+0600][50.570s][info][gc,heap     ] GC(84) y: Min Capacity: 8M(1%)
[2026-04-03T03:24:14.692+0600][50.570s][info][gc,heap     ] GC(84) y: Max Capacity: 1250M(100%)
[2026-04-03T03:24:14.692+0600][50.570s][info][gc,heap     ] GC(84) y: Soft Max Capacity: 1250M(100%)
[2026-04-03T03:24:14.692+0600][50.570s][info][gc,heap     ] GC(84) y: Heap Statistics:
[2026-04-03T03:24:14.692+0600][50.570s][info][gc,heap     ] GC(84) y:                Mark Start          Mark End        Relocate Start      Relocate End           High               Low         
[2026-04-03T03:24:14.692+0600][50.570s][info][gc,heap     ] GC(84) y:  Capacity:     1250M (100%)       1250M (100%)       1250M (100%)       1250M (100%)       1250M (100%)       1250M (100%)   
[2026-04-03T03:24:14.692+0600][50.570s][info][gc,heap     ] GC(84) y:      Free:      536M (43%)         500M (40%)         498M (40%)         642M (51%)         644M (52%)         488M (39%)    
[2026-04-03T03:24:14.692+0600][50.570s][info][gc,heap     ] GC(84) y:      Used:      714M (57%)         750M (60%)         752M (60%)         608M (49%)         762M (61%)         606M (48%)    
[2026-04-03T03:24:14.692+0600][50.570s][info][gc,heap     ] GC(84) y: Young Generation Statistics:
[2026-04-03T03:24:14.692+0600][50.570s][info][gc,heap     ] GC(84) y:                Mark Start          Mark End        Relocate Start      Relocate End    
[2026-04-03T03:24:14.692+0600][50.570s][info][gc,heap     ] GC(84) y:      Used:      200M (16%)         254M (20%)         246M (20%)          98M (8%)     
[2026-04-03T03:24:14.692+0600][50.570s][info][gc,heap     ] GC(84) y:      Live:         -                32M (3%)           24M (2%)           23M (2%)     
[2026-04-03T03:24:14.692+0600][50.570s][info][gc,heap     ] GC(84) y:   Garbage:         -               167M (13%)         165M (13%)           2M (0%)     
[2026-04-03T03:24:14.692+0600][50.570s][info][gc,heap     ] GC(84) y: Allocated:         -                54M (4%)           56M (4%)           72M (6%)     
[2026-04-03T03:24:14.692+0600][50.570s][info][gc,heap     ] GC(84) y: Reclaimed:         -                  -                 1M (0%)          165M (13%)    
[2026-04-03T03:24:14.692+0600][50.570s][info][gc,heap     ] GC(84) y:  Promoted:         -                  -                 8M (1%)            9M (1%)     
[2026-04-03T03:24:14.692+0600][50.570s][info][gc,heap     ] GC(84) y: Compacted:         -                  -                  -                 5M (0%)     
[2026-04-03T03:24:14.692+0600][50.570s][info][gc,phases   ] GC(84) y: Young Generation 714M(57%)->608M(49%) 0.163s
[2026-04-03T03:24:14.692+0600][50.570s][info][gc          ] GC(84) Minor Collection (Allocation Rate) 714M(57%)->608M(49%) 0.163s
[2026-04-03T03:24:14.693+0600][50.570s][info][gc,alloc    ] GC(80) O:                         Mark Start        Mark End      Relocate Start    Relocate End   
[2026-04-03T03:24:14.693+0600][50.570s][info][gc,alloc    ] GC(80) O: Allocation Stalls:          0                0                0                0         
[2026-04-03T03:24:14.693+0600][50.570s][info][gc,load     ] GC(80) O: Load: 4.43 (37%) / 4.67 (39%) / 5.22 (44%)
[2026-04-03T03:24:14.693+0600][50.570s][info][gc,mmu      ] GC(80) O: MMU: 2ms/87.1%, 5ms/94.9%, 10ms/97.4%, 20ms/98.7%, 50ms/99.4%, 100ms/99.6%
[2026-04-03T03:24:14.693+0600][50.570s][info][gc,marking  ] GC(80) O: Mark: 1 stripe(s), 2 proactive flush(es), 1 terminate flush(es), 0 completion(s), 0 continuation(s) 
[2026-04-03T03:24:14.693+0600][50.571s][info][gc,marking  ] GC(80) O: Mark Stack Usage: 32M
[2026-04-03T03:24:14.693+0600][50.571s][info][gc,nmethod  ] GC(80) O: NMethods: 6592 registered, 1346 unregistered
[2026-04-03T03:24:14.693+0600][50.571s][info][gc,metaspace] GC(80) O: Metaspace: 71M used, 72M committed, 1088M reserved
[2026-04-03T03:24:14.693+0600][50.571s][info][gc,ref      ] GC(80) O:                       Encountered   Discovered     Enqueued 
[2026-04-03T03:24:14.693+0600][50.571s][info][gc,ref      ] GC(80) O: Soft References:             5098            0            0 
[2026-04-03T03:24:14.693+0600][50.571s][info][gc,ref      ] GC(80) O: Weak References:             6691         5578            6 
[2026-04-03T03:24:14.693+0600][50.571s][info][gc,ref      ] GC(80) O: Final References:              84           50            0 
[2026-04-03T03:24:14.693+0600][50.571s][info][gc,ref      ] GC(80) O: Phantom References:           602          212            0 
[2026-04-03T03:24:14.693+0600][50.571s][info][gc,reloc    ] GC(80) O:                        Candidates     Selected     In-Place         Size        Empty    Relocated 
[2026-04-03T03:24:14.693+0600][50.571s][info][gc,reloc    ] GC(80) O: Small Pages:                  142            8            0         284M           0M           4M 
[2026-04-03T03:24:14.693+0600][50.571s][info][gc,reloc    ] GC(80) O: Medium Pages:                   1            0            0          32M           0M           0M 
[2026-04-03T03:24:14.693+0600][50.571s][info][gc,reloc    ] GC(80) O: Large Pages:                    3            0            0          30M           0M           0M 
[2026-04-03T03:24:14.693+0600][50.571s][info][gc,reloc    ] GC(80) O: Forwarding Usage: 15M
[2026-04-03T03:24:14.693+0600][50.571s][info][gc,heap     ] GC(80) O: Min Capacity: 8M(1%)
[2026-04-03T03:24:14.693+0600][50.571s][info][gc,heap     ] GC(80) O: Max Capacity: 1250M(100%)
[2026-04-03T03:24:14.693+0600][50.571s][info][gc,heap     ] GC(80) O: Soft Max Capacity: 1250M(100%)
[2026-04-03T03:24:14.693+0600][50.571s][info][gc,heap     ] GC(80) O: Heap Statistics:
[2026-04-03T03:24:14.693+0600][50.571s][info][gc,heap     ] GC(80) O:                Mark Start          Mark End        Relocate Start      Relocate End           High               Low         
[2026-04-03T03:24:14.693+0600][50.571s][info][gc,heap     ] GC(80) O:  Capacity:     1250M (100%)       1250M (100%)       1250M (100%)       1250M (100%)       1250M (100%)       1250M (100%)   
[2026-04-03T03:24:14.693+0600][50.571s][info][gc,heap     ] GC(80) O:      Free:      406M (32%)         284M (23%)         536M (43%)         540M (43%)         546M (44%)          56M (4%)     
[2026-04-03T03:24:14.693+0600][50.571s][info][gc,heap     ] GC(80) O:      Used:      844M (68%)         966M (77%)         714M (57%)         710M (57%)        1194M (96%)         704M (56%)    
[2026-04-03T03:24:14.693+0600][50.571s][info][gc,heap     ] GC(80) O: Old Generation Statistics:
[2026-04-03T03:24:14.693+0600][50.571s][info][gc,heap     ] GC(80) O:                Mark Start          Mark End        Relocate Start      Relocate End    
[2026-04-03T03:24:14.693+0600][50.571s][info][gc,heap     ] GC(80) O:      Used:      346M (28%)         514M (41%)         514M (41%)         496M (40%)    
[2026-04-03T03:24:14.693+0600][50.571s][info][gc,heap     ] GC(80) O:      Live:         -               302M (24%)         302M (24%)         302M (24%)    
[2026-04-03T03:24:14.693+0600][50.571s][info][gc,heap     ] GC(80) O:   Garbage:         -                43M (3%)           43M (3%)           24M (2%)     
[2026-04-03T03:24:14.693+0600][50.571s][info][gc,heap     ] GC(80) O: Allocated:         -               168M (13%)         168M (13%)         169M (14%)    
[2026-04-03T03:24:14.693+0600][50.571s][info][gc,heap     ] GC(80) O: Reclaimed:         -                  -                 0M (0%)           19M (2%)     
[2026-04-03T03:24:14.693+0600][50.571s][info][gc,heap     ] GC(80) O: Compacted:         -                  -                  -                20M (2%)     
[2026-04-03T03:24:14.693+0600][50.571s][info][gc,phases   ] GC(80) O: Old Generation 914M(73%)->710M(57%) 2.025s
[2026-04-03T03:24:14.693+0600][50.571s][info][gc          ] GC(80) Major Collection (Allocation Rate) 842M(67%)->608M(49%) 2.646s
[2026-04-03T03:24:14.701+0600][50.579s][info][gc          ] GC(85) Major Collection (Allocation Rate)
[2026-04-03T03:24:14.701+0600][50.579s][info][gc,task     ] GC(85) Using 3 Workers for Young Generation
[2026-04-03T03:24:14.701+0600][50.579s][info][gc,task     ] GC(85) Using 1 Workers for Old Generation
[2026-04-03T03:24:14.701+0600][50.579s][info][gc,phases   ] GC(85) Y: Young Generation
[2026-04-03T03:24:14.701+0600][50.579s][info][gc,phases   ] GC(85) Y: Pause Mark Start (Major) 0.021ms
[2026-04-03T03:24:14.787+0600][50.665s][info][gc,phases   ] GC(85) Y: Concurrent Mark 86.125ms
[2026-04-03T03:24:14.788+0600][50.665s][info][gc,phases   ] GC(85) Y: Pause Mark End 0.025ms
[2026-04-03T03:24:14.788+0600][50.665s][info][gc,phases   ] GC(85) Y: Concurrent Mark Free 0.001ms
[2026-04-03T03:24:14.788+0600][50.666s][info][gc,phases   ] GC(85) Y: Concurrent Reset Relocation Set 0.032ms
[2026-04-03T03:24:14.793+0600][50.670s][info][gc,reloc    ] GC(85) Y: Using tenuring threshold: 1 (Computed)
[2026-04-03T03:24:14.810+0600][50.688s][info][gc,phases   ] GC(85) Y: Concurrent Select Relocation Set 22.263ms
[2026-04-03T03:24:14.810+0600][50.688s][info][gc,phases   ] GC(85) Y: Pause Relocate Start 0.017ms
[2026-04-03T03:24:14.851+0600][50.729s][info][gc,phases   ] GC(85) Y: Concurrent Relocate 41.088ms
[2026-04-03T03:24:14.852+0600][50.729s][info][gc,alloc    ] GC(85) Y:                         Mark Start        Mark End      Relocate Start    Relocate End   
[2026-04-03T03:24:14.852+0600][50.729s][info][gc,alloc    ] GC(85) Y: Allocation Stalls:          0                0                0                0         
[2026-04-03T03:24:14.852+0600][50.729s][info][gc,load     ] GC(85) Y: Load: 4.43 (37%) / 4.67 (39%) / 5.22 (44%)
[2026-04-03T03:24:14.852+0600][50.729s][info][gc,mmu      ] GC(85) Y: MMU: 2ms/87.1%, 5ms/94.9%, 10ms/97.4%, 20ms/98.7%, 50ms/99.4%, 100ms/99.6%
[2026-04-03T03:24:14.852+0600][50.729s][info][gc,marking  ] GC(85) Y: Mark: 2 stripe(s), 2 proactive flush(es), 1 terminate flush(es), 0 completion(s), 0 continuation(s) 
[2026-04-03T03:24:14.852+0600][50.729s][info][gc,marking  ] GC(85) Y: Mark Stack Usage: 32M
[2026-04-03T03:24:14.852+0600][50.729s][info][gc,nmethod  ] GC(85) Y: NMethods: 6592 registered, 1346 unregistered
[2026-04-03T03:24:14.852+0600][50.729s][info][gc,metaspace] GC(85) Y: Metaspace: 71M used, 72M committed, 1088M reserved
[2026-04-03T03:24:14.852+0600][50.729s][info][gc,reloc    ] GC(85) Y:                        Candidates     Selected     In-Place         Size        Empty    Relocated 
[2026-04-03T03:24:14.852+0600][50.729s][info][gc,reloc    ] GC(85) Y: Small Pages:                   46           37            0          92M           0M           3M 
[2026-04-03T03:24:14.852+0600][50.729s][info][gc,reloc    ] GC(85) Y: Medium Pages:                   0            0            0           0M           0M           0M 
[2026-04-03T03:24:14.852+0600][50.729s][info][gc,reloc    ] GC(85) Y: Large Pages:                    1            0            0          10M           0M           0M 
[2026-04-03T03:24:14.852+0600][50.729s][info][gc,reloc    ] GC(85) Y: Forwarding Usage: 3M
[2026-04-03T03:24:14.852+0600][50.729s][info][gc,reloc    ] GC(85) Y: Age Table:
[2026-04-03T03:24:14.852+0600][50.729s][info][gc,reloc    ] GC(85) Y:                    Live             Garbage             Small              Medium             Large        
[2026-04-03T03:24:14.852+0600][50.729s][info][gc,reloc    ] GC(85) Y: Eden               2M (0%)           65M (5%)          34 / 32             0 / 0              0 / 0        
[2026-04-03T03:24:14.852+0600][50.729s][info][gc,reloc    ] GC(85) Y: Survivor 1         4M (0%)            5M (0%)           5 / 2              0 / 0              0 / 0        
[2026-04-03T03:24:14.852+0600][50.729s][info][gc,reloc    ] GC(85) Y: Survivor 2        17M (1%)            6M (0%)           7 / 3              0 / 0              1 / 0        
[2026-04-03T03:24:14.852+0600][50.729s][info][gc,heap     ] GC(85) Y: Min Capacity: 8M(1%)
[2026-04-03T03:24:14.852+0600][50.729s][info][gc,heap     ] GC(85) Y: Max Capacity: 1250M(100%)
[2026-04-03T03:24:14.852+0600][50.729s][info][gc,heap     ] GC(85) Y: Soft Max Capacity: 1250M(100%)
[2026-04-03T03:24:14.852+0600][50.729s][info][gc,heap     ] GC(85) Y: Heap Statistics:
[2026-04-03T03:24:14.852+0600][50.730s][info][gc,heap     ] GC(85) Y:                Mark Start          Mark End        Relocate Start      Relocate End           High               Low         
[2026-04-03T03:24:14.852+0600][50.730s][info][gc,heap     ] GC(85) Y:  Capacity:     1250M (100%)       1250M (100%)       1250M (100%)       1250M (100%)       1250M (100%)       1250M (100%)   
[2026-04-03T03:24:14.852+0600][50.730s][info][gc,heap     ] GC(85) Y:      Free:      638M (51%)         602M (48%)         590M (47%)         632M (51%)         650M (52%)         582M (47%)    
[2026-04-03T03:24:14.852+0600][50.730s][info][gc,heap     ] GC(85) Y:      Used:      612M (49%)         648M (52%)         660M (53%)         618M (49%)         668M (53%)         600M (48%)    
[2026-04-03T03:24:14.852+0600][50.730s][info][gc,heap     ] GC(85) Y: Young Generation Statistics:
[2026-04-03T03:24:14.852+0600][50.730s][info][gc,heap     ] GC(85) Y:                Mark Start          Mark End        Relocate Start      Relocate End    
[2026-04-03T03:24:14.852+0600][50.730s][info][gc,heap     ] GC(85) Y:      Used:      102M (8%)          138M (11%)         126M (10%)          76M (6%)     
[2026-04-03T03:24:14.852+0600][50.730s][info][gc,heap     ] GC(85) Y:      Live:         -                24M (2%)            3M (0%)            2M (0%)     
[2026-04-03T03:24:14.852+0600][50.730s][info][gc,heap     ] GC(85) Y:   Garbage:         -                77M (6%)           74M (6%)            0M (0%)     
[2026-04-03T03:24:14.852+0600][50.730s][info][gc,heap     ] GC(85) Y: Allocated:         -                36M (3%)           48M (4%)           73M (6%)     
[2026-04-03T03:24:14.852+0600][50.730s][info][gc,heap     ] GC(85) Y: Reclaimed:         -                  -                 2M (0%)           77M (6%)     
[2026-04-03T03:24:14.852+0600][50.730s][info][gc,heap     ] GC(85) Y:  Promoted:         -                  -                21M (2%)           22M (2%)     
[2026-04-03T03:24:14.852+0600][50.730s][info][gc,heap     ] GC(85) Y: Compacted:         -                  -                  -                 2M (0%)     
[2026-04-03T03:24:14.852+0600][50.730s][info][gc,phases   ] GC(85) Y: Young Generation 612M(49%)->618M(49%) 0.151s
[2026-04-03T03:24:14.852+0600][50.730s][info][gc,phases   ] GC(85) O: Old Generation
[2026-04-03T03:24:14.857+0600][50.735s][info][gc          ] GC(86) Minor Collection (Allocation Rate)
[2026-04-03T03:24:14.857+0600][50.735s][info][gc,task     ] GC(86) Using 2 Workers for Young Generation
[2026-04-03T03:24:14.857+0600][50.735s][info][gc,phases   ] GC(86) y: Young Generation
[2026-04-03T03:24:14.858+0600][50.735s][info][gc,phases   ] GC(86) y: Pause Mark Start 0.021ms
[2026-04-03T03:24:14.889+0600][50.767s][info][gc,phases   ] GC(86) y: Concurrent Mark 31.082ms
[2026-04-03T03:24:14.889+0600][50.767s][info][gc,phases   ] GC(86) y: Pause Mark End 0.028ms
[2026-04-03T03:24:14.889+0600][50.767s][info][gc,phases   ] GC(86) y: Concurrent Mark Free 0.001ms
[2026-04-03T03:24:14.889+0600][50.767s][info][gc,phases   ] GC(86) y: Concurrent Reset Relocation Set 0.031ms
[2026-04-03T03:24:14.894+0600][50.772s][info][gc,reloc    ] GC(86) y: Using tenuring threshold: 2 (Computed)
[2026-04-03T03:24:14.896+0600][50.773s][info][gc,phases   ] GC(86) y: Concurrent Select Relocation Set 6.166ms
[2026-04-03T03:24:14.896+0600][50.774s][info][gc,phases   ] GC(86) y: Pause Relocate Start 0.016ms
[2026-04-03T03:24:14.906+0600][50.783s][info][gc,phases   ] GC(86) y: Concurrent Relocate 9.547ms
[2026-04-03T03:24:14.906+0600][50.783s][info][gc,alloc    ] GC(86) y:                         Mark Start        Mark End      Relocate Start    Relocate End   
[2026-04-03T03:24:14.906+0600][50.783s][info][gc,alloc    ] GC(86) y: Allocation Stalls:          0                0                0                0         
[2026-04-03T03:24:14.906+0600][50.783s][info][gc,load     ] GC(86) y: Load: 4.43 (37%) / 4.67 (39%) / 5.22 (44%)
[2026-04-03T03:24:14.906+0600][50.783s][info][gc,mmu      ] GC(86) y: MMU: 2ms/87.1%, 5ms/94.9%, 10ms/97.4%, 20ms/98.7%, 50ms/99.4%, 100ms/99.6%
[2026-04-03T03:24:14.906+0600][50.784s][info][gc,marking  ] GC(86) y: Mark: 2 stripe(s), 2 proactive flush(es), 1 terminate flush(es), 0 completion(s), 0 continuation(s) 
[2026-04-03T03:24:14.906+0600][50.784s][info][gc,marking  ] GC(86) y: Mark Stack Usage: 32M
[2026-04-03T03:24:14.906+0600][50.784s][info][gc,nmethod  ] GC(86) y: NMethods: 6592 registered, 1346 unregistered
[2026-04-03T03:24:14.906+0600][50.784s][info][gc,metaspace] GC(86) y: Metaspace: 71M used, 72M committed, 1088M reserved
[2026-04-03T03:24:14.906+0600][50.784s][info][gc,reloc    ] GC(86) y:                        Candidates     Selected     In-Place         Size        Empty    Relocated 
[2026-04-03T03:24:14.906+0600][50.784s][info][gc,reloc    ] GC(86) y: Small Pages:                   39           36            0          78M           0M           3M 
[2026-04-03T03:24:14.906+0600][50.784s][info][gc,reloc    ] GC(86) y: Medium Pages:                   0            0            0           0M           0M           0M 
[2026-04-03T03:24:14.906+0600][50.784s][info][gc,reloc    ] GC(86) y: Large Pages:                    0            0            0           0M           0M           0M 
[2026-04-03T03:24:14.906+0600][50.784s][info][gc,reloc    ] GC(86) y: Forwarding Usage: 3M
[2026-04-03T03:24:14.906+0600][50.784s][info][gc,reloc    ] GC(86) y: Age Table:
[2026-04-03T03:24:14.906+0600][50.784s][info][gc,reloc    ] GC(86) y:                    Live             Garbage             Small              Medium             Large        
[2026-04-03T03:24:14.906+0600][50.784s][info][gc,reloc    ] GC(86) y: Eden               2M (0%)           67M (5%)          35 / 34             0 / 0              0 / 0        
[2026-04-03T03:24:14.906+0600][50.784s][info][gc,reloc    ] GC(86) y: Survivor 1         1M (0%)            6M (0%)           4 / 2              0 / 0              0 / 0        
[2026-04-03T03:24:14.906+0600][50.784s][info][gc,heap     ] GC(86) y: Min Capacity: 8M(1%)
[2026-04-03T03:24:14.906+0600][50.784s][info][gc,heap     ] GC(86) y: Max Capacity: 1250M(100%)
[2026-04-03T03:24:14.906+0600][50.784s][info][gc,heap     ] GC(86) y: Soft Max Capacity: 1250M(100%)
[2026-04-03T03:24:14.906+0600][50.784s][info][gc,heap     ] GC(86) y: Heap Statistics:
[2026-04-03T03:24:14.906+0600][50.784s][info][gc,heap     ] GC(86) y:                Mark Start          Mark End        Relocate Start      Relocate End           High               Low         
[2026-04-03T03:24:14.906+0600][50.784s][info][gc,heap     ] GC(86) y:  Capacity:     1250M (100%)       1250M (100%)       1250M (100%)       1250M (100%)       1250M (100%)       1250M (100%)   
[2026-04-03T03:24:14.906+0600][50.784s][info][gc,heap     ] GC(86) y:      Free:      630M (50%)         608M (49%)         608M (49%)         674M (54%)         674M (54%)         600M (48%)    
[2026-04-03T03:24:14.906+0600][50.784s][info][gc,heap     ] GC(86) y:      Used:      620M (50%)         642M (51%)         642M (51%)         576M (46%)         650M (52%)         576M (46%)    
[2026-04-03T03:24:14.906+0600][50.784s][info][gc,heap     ] GC(86) y: Young Generation Statistics:
[2026-04-03T03:24:14.906+0600][50.784s][info][gc,heap     ] GC(86) y:                Mark Start          Mark End        Relocate Start      Relocate End    
[2026-04-03T03:24:14.906+0600][50.784s][info][gc,heap     ] GC(86) y:      Used:       78M (6%)          100M (8%)          100M (8%)           34M (3%)     
[2026-04-03T03:24:14.906+0600][50.784s][info][gc,heap     ] GC(86) y:      Live:         -                 4M (0%)            4M (0%)            4M (0%)     
[2026-04-03T03:24:14.906+0600][50.784s][info][gc,heap     ] GC(86) y:   Garbage:         -                73M (6%)           73M (6%)            0M (0%)     
[2026-04-03T03:24:14.906+0600][50.784s][info][gc,heap     ] GC(86) y: Allocated:         -                22M (2%)           22M (2%)           29M (2%)     
[2026-04-03T03:24:14.906+0600][50.784s][info][gc,heap     ] GC(86) y: Reclaimed:         -                  -                 0M (0%)           73M (6%)     
[2026-04-03T03:24:14.906+0600][50.784s][info][gc,heap     ] GC(86) y:  Promoted:         -                  -                 0M (0%)            0M (0%)     
[2026-04-03T03:24:14.906+0600][50.784s][info][gc,heap     ] GC(86) y: Compacted:         -                  -                  -                 4M (0%)     
[2026-04-03T03:24:14.906+0600][50.784s][info][gc,phases   ] GC(86) y: Young Generation 620M(50%)->576M(46%) 0.048s
[2026-04-03T03:24:14.906+0600][50.784s][info][gc          ] GC(86) Minor Collection (Allocation Rate) 620M(50%)->576M(46%) 0.049s
[2026-04-03T03:24:15.184+0600][51.062s][info][gc          ] GC(87) Minor Collection (Allocation Rate)
[2026-04-03T03:24:15.184+0600][51.062s][info][gc,task     ] GC(87) Using 2 Workers for Young Generation
[2026-04-03T03:24:15.184+0600][51.062s][info][gc,phases   ] GC(87) y: Young Generation
[2026-04-03T03:24:15.184+0600][51.062s][info][gc,phases   ] GC(87) y: Pause Mark Start 0.019ms
[2026-04-03T03:24:15.259+0600][51.137s][info][gc,phases   ] GC(87) y: Concurrent Mark 74.916ms
[2026-04-03T03:24:15.259+0600][51.137s][info][gc,phases   ] GC(87) y: Pause Mark End 0.028ms
[2026-04-03T03:24:15.260+0600][51.137s][info][gc,phases   ] GC(87) y: Concurrent Mark Free 0.002ms
[2026-04-03T03:24:15.260+0600][51.137s][info][gc,phases   ] GC(87) y: Concurrent Reset Relocation Set 0.009ms
[2026-04-03T03:24:15.265+0600][51.142s][info][gc,reloc    ] GC(87) y: Using tenuring threshold: 3 (Computed)
[2026-04-03T03:24:15.267+0600][51.145s][info][gc,phases   ] GC(87) y: Concurrent Select Relocation Set 7.402ms
[2026-04-03T03:24:15.267+0600][51.145s][info][gc,phases   ] GC(87) y: Pause Relocate Start 0.049ms
[2026-04-03T03:24:15.285+0600][51.163s][info][gc,phases   ] GC(87) y: Concurrent Relocate 17.814ms
[2026-04-03T03:24:15.285+0600][51.163s][info][gc,alloc    ] GC(87) y:                         Mark Start        Mark End      Relocate Start    Relocate End   
[2026-04-03T03:24:15.285+0600][51.163s][info][gc,alloc    ] GC(87) y: Allocation Stalls:          0                0                0                0         
[2026-04-03T03:24:15.286+0600][51.163s][info][gc,load     ] GC(87) y: Load: 4.43 (37%) / 4.67 (39%) / 5.22 (44%)
[2026-04-03T03:24:15.286+0600][51.163s][info][gc,mmu      ] GC(87) y: MMU: 2ms/87.1%, 5ms/94.9%, 10ms/97.4%, 20ms/98.7%, 50ms/99.4%, 100ms/99.6%
[2026-04-03T03:24:15.286+0600][51.163s][info][gc,marking  ] GC(87) y: Mark: 2 stripe(s), 10 proactive flush(es), 1 terminate flush(es), 0 completion(s), 0 continuation(s) 
[2026-04-03T03:24:15.286+0600][51.163s][info][gc,marking  ] GC(87) y: Mark Stack Usage: 32M
[2026-04-03T03:24:15.286+0600][51.163s][info][gc,nmethod  ] GC(87) y: NMethods: 6592 registered, 1346 unregistered
[2026-04-03T03:24:15.286+0600][51.163s][info][gc,metaspace] GC(87) y: Metaspace: 71M used, 72M committed, 1088M reserved
[2026-04-03T03:24:15.286+0600][51.163s][info][gc,reloc    ] GC(87) y:                        Candidates     Selected     In-Place         Size        Empty    Relocated 
[2026-04-03T03:24:15.286+0600][51.163s][info][gc,reloc    ] GC(87) y: Small Pages:                   73           68            0         146M           0M           5M 
[2026-04-03T03:24:15.286+0600][51.163s][info][gc,reloc    ] GC(87) y: Medium Pages:                   0            0            0           0M           0M           0M 
[2026-04-03T03:24:15.286+0600][51.163s][info][gc,reloc    ] GC(87) y: Large Pages:                    1            0            0          18M           0M           0M 
[2026-04-03T03:24:15.286+0600][51.163s][info][gc,reloc    ] GC(87) y: Forwarding Usage: 6M
[2026-04-03T03:24:15.286+0600][51.163s][info][gc,reloc    ] GC(87) y: Age Table:
[2026-04-03T03:24:15.286+0600][51.163s][info][gc,reloc    ] GC(87) y:                    Live             Garbage             Small              Medium             Large        
[2026-04-03T03:24:15.286+0600][51.163s][info][gc,reloc    ] GC(87) y: Eden              21M (2%)          130M (10%)         67 / 64             0 / 0              1 / 0        
[2026-04-03T03:24:15.286+0600][51.163s][info][gc,reloc    ] GC(87) y: Survivor 1         2M (0%)            3M (0%)           3 / 1              0 / 0              0 / 0        
[2026-04-03T03:24:15.286+0600][51.163s][info][gc,reloc    ] GC(87) y: Survivor 2         1M (0%)            4M (0%)           3 / 3              0 / 0              0 / 0        
[2026-04-03T03:24:15.286+0600][51.164s][info][gc,heap     ] GC(87) y: Min Capacity: 8M(1%)
[2026-04-03T03:24:15.286+0600][51.164s][info][gc,heap     ] GC(87) y: Max Capacity: 1250M(100%)
[2026-04-03T03:24:15.286+0600][51.164s][info][gc,heap     ] GC(87) y: Soft Max Capacity: 1250M(100%)
[2026-04-03T03:24:15.286+0600][51.164s][info][gc,heap     ] GC(87) y: Heap Statistics:
[2026-04-03T03:24:15.286+0600][51.164s][info][gc,heap     ] GC(87) y:                Mark Start          Mark End        Relocate Start      Relocate End           High               Low         
[2026-04-03T03:24:15.286+0600][51.164s][info][gc,heap     ] GC(87) y:  Capacity:     1250M (100%)       1250M (100%)       1250M (100%)       1250M (100%)       1250M (100%)       1250M (100%)   
[2026-04-03T03:24:15.286+0600][51.164s][info][gc,heap     ] GC(87) y:      Free:      544M (44%)         508M (41%)         508M (41%)         634M (51%)         634M (51%)         500M (40%)    
[2026-04-03T03:24:15.286+0600][51.164s][info][gc,heap     ] GC(87) y:      Used:      706M (56%)         742M (59%)         742M (59%)         616M (49%)         750M (60%)         616M (49%)    
[2026-04-03T03:24:15.286+0600][51.164s][info][gc,heap     ] GC(87) y: Young Generation Statistics:
[2026-04-03T03:24:15.286+0600][51.164s][info][gc,heap     ] GC(87) y:                Mark Start          Mark End        Relocate Start      Relocate End    
[2026-04-03T03:24:15.286+0600][51.164s][info][gc,heap     ] GC(87) y:      Used:      164M (13%)         200M (16%)         200M (16%)          74M (6%)     
[2026-04-03T03:24:15.286+0600][51.164s][info][gc,heap     ] GC(87) y:      Live:         -                26M (2%)           26M (2%)           26M (2%)     
[2026-04-03T03:24:15.286+0600][51.164s][info][gc,heap     ] GC(87) y:   Garbage:         -               137M (11%)         137M (11%)           0M (0%)     
[2026-04-03T03:24:15.286+0600][51.164s][info][gc,heap     ] GC(87) y: Allocated:         -                36M (3%)           36M (3%)           47M (4%)     
[2026-04-03T03:24:15.286+0600][51.164s][info][gc,heap     ] GC(87) y: Reclaimed:         -                  -                 0M (0%)          137M (11%)    
[2026-04-03T03:24:15.286+0600][51.164s][info][gc,heap     ] GC(87) y:  Promoted:         -                  -                 0M (0%)            0M (0%)     
[2026-04-03T03:24:15.286+0600][51.164s][info][gc,heap     ] GC(87) y: Compacted:         -                  -                  -                 6M (1%)     
[2026-04-03T03:24:15.286+0600][51.164s][info][gc,phases   ] GC(87) y: Young Generation 706M(56%)->616M(49%) 0.102s
[2026-04-03T03:24:15.286+0600][51.164s][info][gc          ] GC(87) Minor Collection (Allocation Rate) 706M(56%)->616M(49%) 0.102s
[2026-04-03T03:24:15.490+0600][51.368s][info][gc,phases   ] GC(85) O: Concurrent Mark 638.194ms
[2026-04-03T03:24:15.490+0600][51.368s][info][gc,phases   ] GC(85) O: Pause Mark End 0.024ms
[2026-04-03T03:24:15.490+0600][51.368s][info][gc,phases   ] GC(85) O: Concurrent Mark Free 0.001ms
[2026-04-03T03:24:15.507+0600][51.385s][info][gc,phases   ] GC(85) O: Concurrent Process Non-Strong 16.922ms
[2026-04-03T03:24:15.507+0600][51.385s][info][gc,phases   ] GC(85) O: Concurrent Reset Relocation Set 0.005ms
[2026-04-03T03:24:15.515+0600][51.392s][info][gc,phases   ] GC(85) O: Concurrent Select Relocation Set 7.087ms
[2026-04-03T03:24:15.515+0600][51.392s][info][gc,task     ] GC(85) O: Using 3 Workers for Old Generation
[2026-04-03T03:24:15.538+0600][51.415s][info][gc,task     ] GC(85) O: Using 1 Workers for Old Generation
[2026-04-03T03:24:15.538+0600][51.415s][info][gc,phases   ] GC(85) O: Concurrent Remap Roots 22.995ms
[2026-04-03T03:24:15.538+0600][51.416s][info][gc,phases   ] GC(85) O: Pause Relocate Start 0.021ms
[2026-04-03T03:24:15.575+0600][51.452s][info][gc,phases   ] GC(85) O: Concurrent Relocate 36.360ms
[2026-04-03T03:24:15.575+0600][51.452s][info][gc,alloc    ] GC(85) O:                         Mark Start        Mark End      Relocate Start    Relocate End   
[2026-04-03T03:24:15.575+0600][51.452s][info][gc,alloc    ] GC(85) O: Allocation Stalls:          0                0                0                0         
[2026-04-03T03:24:15.575+0600][51.452s][info][gc,load     ] GC(85) O: Load: 4.24 (35%) / 4.62 (39%) / 5.21 (43%)
[2026-04-03T03:24:15.575+0600][51.452s][info][gc,mmu      ] GC(85) O: MMU: 2ms/87.1%, 5ms/94.9%, 10ms/97.4%, 20ms/98.7%, 50ms/99.4%, 100ms/99.6%
[2026-04-03T03:24:15.575+0600][51.452s][info][gc,marking  ] GC(85) O: Mark: 1 stripe(s), 2 proactive flush(es), 1 terminate flush(es), 0 completion(s), 0 continuation(s) 
[2026-04-03T03:24:15.575+0600][51.452s][info][gc,marking  ] GC(85) O: Mark Stack Usage: 32M
[2026-04-03T03:24:15.575+0600][51.453s][info][gc,nmethod  ] GC(85) O: NMethods: 6586 registered, 1352 unregistered
[2026-04-03T03:24:15.575+0600][51.453s][info][gc,metaspace] GC(85) O: Metaspace: 71M used, 72M committed, 1088M reserved
[2026-04-03T03:24:15.575+0600][51.453s][info][gc,ref      ] GC(85) O:                       Encountered   Discovered     Enqueued 
[2026-04-03T03:24:15.575+0600][51.453s][info][gc,ref      ] GC(85) O: Soft References:             5096            0            0 
[2026-04-03T03:24:15.575+0600][51.453s][info][gc,ref      ] GC(85) O: Weak References:             6669         5675           81 
[2026-04-03T03:24:15.575+0600][51.453s][info][gc,ref      ] GC(85) O: Final References:              84           48            0 
[2026-04-03T03:24:15.575+0600][51.453s][info][gc,ref      ] GC(85) O: Phantom References:           602          212            0 
[2026-04-03T03:24:15.575+0600][51.453s][info][gc,reloc    ] GC(85) O:                        Candidates     Selected     In-Place         Size        Empty    Relocated 
[2026-04-03T03:24:15.575+0600][51.453s][info][gc,reloc    ] GC(85) O: Small Pages:                  180           31            0         360M         122M           7M 
[2026-04-03T03:24:15.575+0600][51.453s][info][gc,reloc    ] GC(85) O: Medium Pages:                   2            0            0          64M          32M           0M 
[2026-04-03T03:24:15.575+0600][51.453s][info][gc,reloc    ] GC(85) O: Large Pages:                    7            0            0          86M          86M           0M 
[2026-04-03T03:24:15.575+0600][51.453s][info][gc,reloc    ] GC(85) O: Forwarding Usage: 9M
[2026-04-03T03:24:15.575+0600][51.453s][info][gc,heap     ] GC(85) O: Min Capacity: 8M(1%)
[2026-04-03T03:24:15.575+0600][51.453s][info][gc,heap     ] GC(85) O: Max Capacity: 1250M(100%)
[2026-04-03T03:24:15.575+0600][51.453s][info][gc,heap     ] GC(85) O: Soft Max Capacity: 1250M(100%)
[2026-04-03T03:24:15.575+0600][51.453s][info][gc,heap     ] GC(85) O: Heap Statistics:
[2026-04-03T03:24:15.575+0600][51.453s][info][gc,heap     ] GC(85) O:                Mark Start          Mark End        Relocate Start      Relocate End           High               Low         
[2026-04-03T03:24:15.575+0600][51.453s][info][gc,heap     ] GC(85) O:  Capacity:     1250M (100%)       1250M (100%)       1250M (100%)       1250M (100%)       1250M (100%)       1250M (100%)   
[2026-04-03T03:24:15.575+0600][51.453s][info][gc,heap     ] GC(85) O:      Free:      638M (51%)         634M (51%)         874M (70%)         938M (75%)         938M (75%)         500M (40%)    
[2026-04-03T03:24:15.575+0600][51.453s][info][gc,heap     ] GC(85) O:      Used:      612M (49%)         616M (49%)         376M (30%)         312M (25%)         750M (60%)         312M (25%)    
[2026-04-03T03:24:15.575+0600][51.453s][info][gc,heap     ] GC(85) O: Old Generation Statistics:
[2026-04-03T03:24:15.575+0600][51.453s][info][gc,heap     ] GC(85) O:                Mark Start          Mark End        Relocate Start      Relocate End    
[2026-04-03T03:24:15.575+0600][51.453s][info][gc,heap     ] GC(85) O:      Used:      510M (41%)         542M (43%)         302M (24%)         238M (19%)    
[2026-04-03T03:24:15.575+0600][51.453s][info][gc,heap     ] GC(85) O:      Live:         -               181M (14%)         181M (14%)         181M (14%)    
[2026-04-03T03:24:15.575+0600][51.453s][info][gc,heap     ] GC(85) O:   Garbage:         -               328M (26%)          88M (7%)           24M (2%)     
[2026-04-03T03:24:15.575+0600][51.453s][info][gc,heap     ] GC(85) O: Allocated:         -                32M (3%)           32M (3%)           32M (3%)     
[2026-04-03T03:24:15.575+0600][51.453s][info][gc,heap     ] GC(85) O: Reclaimed:         -                  -               240M (19%)         304M (24%)    
[2026-04-03T03:24:15.575+0600][51.453s][info][gc,heap     ] GC(85) O: Compacted:         -                  -                  -                11M (1%)     
[2026-04-03T03:24:15.575+0600][51.453s][info][gc,phases   ] GC(85) O: Old Generation 618M(49%)->312M(25%) 0.723s
[2026-04-03T03:24:15.575+0600][51.453s][info][gc          ] GC(85) Major Collection (Allocation Rate) 612M(49%)->312M(25%) 0.874s
[2026-04-03T03:24:16.651+0600][52.529s][info][gc          ] GC(88) Minor Collection (Allocation Rate)
[2026-04-03T03:24:16.651+0600][52.529s][info][gc,task     ] GC(88) Using 2 Workers for Young Generation
[2026-04-03T03:24:16.651+0600][52.529s][info][gc,phases   ] GC(88) y: Young Generation
[2026-04-03T03:24:16.651+0600][52.529s][info][gc,phases   ] GC(88) y: Pause Mark Start 0.025ms
[2026-04-03T03:24:16.933+0600][52.811s][info][gc,phases   ] GC(88) y: Concurrent Mark 281.520ms
[2026-04-03T03:24:16.933+0600][52.811s][info][gc,phases   ] GC(88) y: Pause Mark End 0.032ms
[2026-04-03T03:24:16.933+0600][52.811s][info][gc,phases   ] GC(88) y: Concurrent Mark Free 0.001ms
[2026-04-03T03:24:16.933+0600][52.811s][info][gc,phases   ] GC(88) y: Concurrent Reset Relocation Set 0.015ms
[2026-04-03T03:24:16.939+0600][52.817s][info][gc,reloc    ] GC(88) y: Using tenuring threshold: 2 (Computed)
[2026-04-03T03:24:16.956+0600][52.834s][info][gc,phases   ] GC(88) y: Concurrent Select Relocation Set 23.040ms
[2026-04-03T03:24:16.957+0600][52.834s][info][gc,phases   ] GC(88) y: Pause Relocate Start 0.027ms
[2026-04-03T03:24:17.028+0600][52.906s][info][gc,phases   ] GC(88) y: Concurrent Relocate 71.559ms
[2026-04-03T03:24:17.028+0600][52.906s][info][gc,alloc    ] GC(88) y:                         Mark Start        Mark End      Relocate Start    Relocate End   
[2026-04-03T03:24:17.028+0600][52.906s][info][gc,alloc    ] GC(88) y: Allocation Stalls:          0                0                0                0         
[2026-04-03T03:24:17.028+0600][52.906s][info][gc,load     ] GC(88) y: Load: 4.24 (35%) / 4.62 (39%) / 5.21 (43%)
[2026-04-03T03:24:17.028+0600][52.906s][info][gc,mmu      ] GC(88) y: MMU: 2ms/87.1%, 5ms/94.9%, 10ms/97.4%, 20ms/98.7%, 50ms/99.4%, 100ms/99.6%
[2026-04-03T03:24:17.028+0600][52.906s][info][gc,marking  ] GC(88) y: Mark: 2 stripe(s), 3 proactive flush(es), 1 terminate flush(es), 0 completion(s), 0 continuation(s) 
[2026-04-03T03:24:17.028+0600][52.906s][info][gc,marking  ] GC(88) y: Mark Stack Usage: 32M
[2026-04-03T03:24:17.028+0600][52.906s][info][gc,nmethod  ] GC(88) y: NMethods: 6783 registered, 1352 unregistered
[2026-04-03T03:24:17.028+0600][52.906s][info][gc,metaspace] GC(88) y: Metaspace: 71M used, 72M committed, 1088M reserved
[2026-04-03T03:24:17.028+0600][52.906s][info][gc,reloc    ] GC(88) y:                        Candidates     Selected     In-Place         Size        Empty    Relocated 
[2026-04-03T03:24:17.028+0600][52.906s][info][gc,reloc    ] GC(88) y: Small Pages:                  217           78            0         434M         242M          16M 
[2026-04-03T03:24:17.028+0600][52.906s][info][gc,reloc    ] GC(88) y: Medium Pages:                   2            0            0          64M          64M           0M 
[2026-04-03T03:24:17.028+0600][52.906s][info][gc,reloc    ] GC(88) y: Large Pages:                   13            0            0         106M          60M           0M 
[2026-04-03T03:24:17.029+0600][52.906s][info][gc,reloc    ] GC(88) y: Forwarding Usage: 23M
[2026-04-03T03:24:17.029+0600][52.906s][info][gc,reloc    ] GC(88) y: Age Table:
[2026-04-03T03:24:17.029+0600][52.906s][info][gc,reloc    ] GC(88) y:                    Live             Garbage             Small              Medium             Large        
[2026-04-03T03:24:17.029+0600][52.906s][info][gc,reloc    ] GC(88) y: Eden              49M (4%)          516M (41%)        207 / 73             2 / 0             12 / 0        
[2026-04-03T03:24:17.029+0600][52.906s][info][gc,reloc    ] GC(88) y: Survivor 1        21M (2%)            4M (0%)           4 / 2              0 / 0              1 / 0        
[2026-04-03T03:24:17.029+0600][52.906s][info][gc,reloc    ] GC(88) y: Survivor 2         2M (0%)            5M (0%)           4 / 2              0 / 0              0 / 0        
[2026-04-03T03:24:17.029+0600][52.906s][info][gc,reloc    ] GC(88) y: Survivor 3         1M (0%)            2M (0%)           2 / 1              0 / 0              0 / 0        
[2026-04-03T03:24:17.029+0600][52.906s][info][gc,heap     ] GC(88) y: Min Capacity: 8M(1%)
[2026-04-03T03:24:17.029+0600][52.906s][info][gc,heap     ] GC(88) y: Max Capacity: 1250M(100%)
[2026-04-03T03:24:17.029+0600][52.906s][info][gc,heap     ] GC(88) y: Soft Max Capacity: 1250M(100%)
[2026-04-03T03:24:17.029+0600][52.906s][info][gc,heap     ] GC(88) y: Heap Statistics:
[2026-04-03T03:24:17.029+0600][52.906s][info][gc,heap     ] GC(88) y:                Mark Start          Mark End        Relocate Start      Relocate End           High               Low         
[2026-04-03T03:24:17.029+0600][52.906s][info][gc,heap     ] GC(88) y:  Capacity:     1250M (100%)       1250M (100%)       1250M (100%)       1250M (100%)       1250M (100%)       1250M (100%)   
[2026-04-03T03:24:17.029+0600][52.906s][info][gc,heap     ] GC(88) y:      Free:      408M (33%)         288M (23%)         628M (50%)         720M (58%)         720M (58%)         288M (23%)    
[2026-04-03T03:24:17.029+0600][52.906s][info][gc,heap     ] GC(88) y:      Used:      842M (67%)         962M (77%)         622M (50%)         530M (42%)         962M (77%)         530M (42%)    
[2026-04-03T03:24:17.029+0600][52.906s][info][gc,heap     ] GC(88) y: Young Generation Statistics:
[2026-04-03T03:24:17.029+0600][52.906s][info][gc,heap     ] GC(88) y:                Mark Start          Mark End        Relocate Start      Relocate End    
[2026-04-03T03:24:17.029+0600][52.906s][info][gc,heap     ] GC(88) y:      Used:      604M (48%)         724M (58%)         378M (30%)         282M (23%)    
[2026-04-03T03:24:17.029+0600][52.907s][info][gc,heap     ] GC(88) y:      Live:         -                75M (6%)           72M (6%)           71M (6%)     
[2026-04-03T03:24:17.029+0600][52.907s][info][gc,heap     ] GC(88) y:   Garbage:         -               528M (42%)         159M (13%)           0M (0%)     
[2026-04-03T03:24:17.029+0600][52.907s][info][gc,heap     ] GC(88) y: Allocated:         -               120M (10%)         146M (12%)         209M (17%)    
[2026-04-03T03:24:17.029+0600][52.907s][info][gc,heap     ] GC(88) y: Reclaimed:         -                  -               368M (29%)         527M (42%)    
[2026-04-03T03:24:17.029+0600][52.907s][info][gc,heap     ] GC(88) y:  Promoted:         -                  -                 3M (0%)            4M (0%)     
[2026-04-03T03:24:17.029+0600][52.907s][info][gc,heap     ] GC(88) y: Compacted:         -                  -                  -                22M (2%)     
[2026-04-03T03:24:17.029+0600][52.907s][info][gc,phases   ] GC(88) y: Young Generation 842M(67%)->530M(42%) 0.377s
[2026-04-03T03:24:17.029+0600][52.907s][info][gc          ] GC(88) Minor Collection (Allocation Rate) 842M(67%)->530M(42%) 0.378s
[2026-04-03T03:24:17.210+0600][53.088s][info][gc          ] GC(89) Minor Collection (Allocation Rate)
[2026-04-03T03:24:17.210+0600][53.088s][info][gc,task     ] GC(89) Using 3 Workers for Young Generation
[2026-04-03T03:24:17.210+0600][53.088s][info][gc,phases   ] GC(89) y: Young Generation
[2026-04-03T03:24:17.210+0600][53.088s][info][gc,phases   ] GC(89) y: Pause Mark Start 0.025ms
[2026-04-03T03:24:17.359+0600][53.237s][info][gc,phases   ] GC(89) y: Concurrent Mark 148.707ms
[2026-04-03T03:24:17.359+0600][53.237s][info][gc,phases   ] GC(89) y: Pause Mark End 0.031ms
[2026-04-03T03:24:17.360+0600][53.237s][info][gc,phases   ] GC(89) y: Concurrent Mark Free 0.002ms
[2026-04-03T03:24:17.360+0600][53.237s][info][gc,phases   ] GC(89) y: Concurrent Reset Relocation Set 0.042ms
[2026-04-03T03:24:17.366+0600][53.243s][info][gc,reloc    ] GC(89) y: Using tenuring threshold: 1 (Computed)
[2026-04-03T03:24:17.397+0600][53.275s][info][gc,phases   ] GC(89) y: Concurrent Select Relocation Set 37.714ms
[2026-04-03T03:24:17.398+0600][53.276s][info][gc,phases   ] GC(89) y: Pause Relocate Start 0.036ms
[2026-04-03T03:24:17.488+0600][53.366s][info][gc,phases   ] GC(89) y: Concurrent Relocate 89.743ms
[2026-04-03T03:24:17.488+0600][53.366s][info][gc,alloc    ] GC(89) y:                         Mark Start        Mark End      Relocate Start    Relocate End   
[2026-04-03T03:24:17.488+0600][53.366s][info][gc,alloc    ] GC(89) y: Allocation Stalls:          0                0                0                0         
[2026-04-03T03:24:17.488+0600][53.366s][info][gc,load     ] GC(89) y: Load: 4.24 (35%) / 4.62 (39%) / 5.21 (43%)
[2026-04-03T03:24:17.488+0600][53.366s][info][gc,mmu      ] GC(89) y: MMU: 2ms/87.1%, 5ms/94.9%, 10ms/97.4%, 20ms/98.7%, 50ms/99.4%, 100ms/99.6%
[2026-04-03T03:24:17.488+0600][53.366s][info][gc,marking  ] GC(89) y: Mark: 2 stripe(s), 10 proactive flush(es), 1 terminate flush(es), 0 completion(s), 0 continuation(s) 
[2026-04-03T03:24:17.488+0600][53.366s][info][gc,marking  ] GC(89) y: Mark Stack Usage: 32M
[2026-04-03T03:24:17.488+0600][53.366s][info][gc,nmethod  ] GC(89) y: NMethods: 6839 registered, 1352 unregistered
[2026-04-03T03:24:17.488+0600][53.366s][info][gc,metaspace] GC(89) y: Metaspace: 71M used, 72M committed, 1088M reserved
[2026-04-03T03:24:17.488+0600][53.366s][info][gc,reloc    ] GC(89) y:                        Candidates     Selected     In-Place         Size        Empty    Relocated 
[2026-04-03T03:24:17.488+0600][53.366s][info][gc,reloc    ] GC(89) y: Small Pages:                  150           59            0         300M         156M          13M 
[2026-04-03T03:24:17.488+0600][53.366s][info][gc,reloc    ] GC(89) y: Medium Pages:                   1            0            0          32M          32M           0M 
[2026-04-03T03:24:17.488+0600][53.366s][info][gc,reloc    ] GC(89) y: Large Pages:                   11            0            0          90M          54M           0M 
[2026-04-03T03:24:17.488+0600][53.366s][info][gc,reloc    ] GC(89) y: Forwarding Usage: 20M
[2026-04-03T03:24:17.488+0600][53.366s][info][gc,reloc    ] GC(89) y: Age Table:
[2026-04-03T03:24:17.488+0600][53.366s][info][gc,reloc    ] GC(89) y:                    Live             Garbage             Small              Medium             Large        
[2026-04-03T03:24:17.488+0600][53.366s][info][gc,reloc    ] GC(89) y: Eden              36M (3%)          305M (24%)        133 / 56             1 / 0              6 / 0        
[2026-04-03T03:24:17.488+0600][53.366s][info][gc,reloc    ] GC(89) y: Survivor 1         0M (0%)           55M (4%)          14 / 2              0 / 0              4 / 0        
[2026-04-03T03:24:17.488+0600][53.366s][info][gc,reloc    ] GC(89) y: Survivor 2        21M (2%)            2M (0%)           3 / 1              0 / 0              1 / 0        
[2026-04-03T03:24:17.488+0600][53.366s][info][gc,heap     ] GC(89) y: Min Capacity: 8M(1%)
[2026-04-03T03:24:17.488+0600][53.366s][info][gc,heap     ] GC(89) y: Max Capacity: 1250M(100%)
[2026-04-03T03:24:17.488+0600][53.366s][info][gc,heap     ] GC(89) y: Soft Max Capacity: 1250M(100%)
[2026-04-03T03:24:17.488+0600][53.366s][info][gc,heap     ] GC(89) y: Heap Statistics:
[2026-04-03T03:24:17.488+0600][53.366s][info][gc,heap     ] GC(89) y:                Mark Start          Mark End        Relocate Start      Relocate End           High               Low         
[2026-04-03T03:24:17.488+0600][53.366s][info][gc,heap     ] GC(89) y:  Capacity:     1250M (100%)       1250M (100%)       1250M (100%)       1250M (100%)       1250M (100%)       1250M (100%)   
[2026-04-03T03:24:17.488+0600][53.366s][info][gc,heap     ] GC(89) y:      Free:      580M (46%)         500M (40%)         730M (58%)         810M (65%)         828M (66%)         500M (40%)    
[2026-04-03T03:24:17.488+0600][53.366s][info][gc,heap     ] GC(89) y:      Used:      670M (54%)         750M (60%)         520M (42%)         440M (35%)         750M (60%)         422M (34%)    
[2026-04-03T03:24:17.488+0600][53.366s][info][gc,heap     ] GC(89) y: Young Generation Statistics:
[2026-04-03T03:24:17.488+0600][53.366s][info][gc,heap     ] GC(89) y:                Mark Start          Mark End        Relocate Start      Relocate End    
[2026-04-03T03:24:17.488+0600][53.366s][info][gc,heap     ] GC(89) y:      Used:      422M (34%)         502M (40%)         250M (20%)         166M (13%)    
[2026-04-03T03:24:17.488+0600][53.366s][info][gc,heap     ] GC(89) y:      Live:         -                58M (5%)           37M (3%)           36M (3%)     
[2026-04-03T03:24:17.488+0600][53.366s][info][gc,heap     ] GC(89) y:   Garbage:         -               363M (29%)         120M (10%)           0M (0%)     
[2026-04-03T03:24:17.488+0600][53.366s][info][gc,heap     ] GC(89) y: Allocated:         -                80M (6%)           92M (7%)          129M (10%)    
[2026-04-03T03:24:17.488+0600][53.366s][info][gc,heap     ] GC(89) y: Reclaimed:         -                  -               242M (19%)         363M (29%)    
[2026-04-03T03:24:17.488+0600][53.366s][info][gc,heap     ] GC(89) y:  Promoted:         -                  -                21M (2%)           22M (2%)     
[2026-04-03T03:24:17.488+0600][53.366s][info][gc,heap     ] GC(89) y: Compacted:         -                  -                  -                18M (1%)     
[2026-04-03T03:24:17.489+0600][53.366s][info][gc,phases   ] GC(89) y: Young Generation 670M(54%)->440M(35%) 0.278s
[2026-04-03T03:24:17.489+0600][53.366s][info][gc          ] GC(89) Minor Collection (Allocation Rate) 670M(54%)->440M(35%) 0.279s
[2026-04-03T03:24:17.740+0600][53.618s][info][gc          ] GC(90) Minor Collection (Allocation Rate)
[2026-04-03T03:24:17.740+0600][53.618s][info][gc,task     ] GC(90) Using 3 Workers for Young Generation
[2026-04-03T03:24:17.740+0600][53.618s][info][gc,phases   ] GC(90) y: Young Generation
[2026-04-03T03:24:17.740+0600][53.618s][info][gc,phases   ] GC(90) y: Pause Mark Start 0.021ms
[2026-04-03T03:24:17.873+0600][53.751s][info][gc,phases   ] GC(90) y: Concurrent Mark 132.483ms
[2026-04-03T03:24:17.873+0600][53.751s][info][gc,phases   ] GC(90) y: Pause Mark End 0.047ms
[2026-04-03T03:24:17.873+0600][53.751s][info][gc,phases   ] GC(90) y: Concurrent Mark Free 0.001ms
[2026-04-03T03:24:17.873+0600][53.751s][info][gc,phases   ] GC(90) y: Concurrent Reset Relocation Set 0.031ms
[2026-04-03T03:24:17.879+0600][53.757s][info][gc,reloc    ] GC(90) y: Using tenuring threshold: 2 (Computed)
[2026-04-03T03:24:17.881+0600][53.759s][info][gc,phases   ] GC(90) y: Concurrent Select Relocation Set 7.576ms
[2026-04-03T03:24:17.881+0600][53.759s][info][gc,phases   ] GC(90) y: Pause Relocate Start 0.022ms
[2026-04-03T03:24:17.914+0600][53.792s][info][gc,phases   ] GC(90) y: Concurrent Relocate 32.568ms
[2026-04-03T03:24:17.914+0600][53.792s][info][gc,alloc    ] GC(90) y:                         Mark Start        Mark End      Relocate Start    Relocate End   
[2026-04-03T03:24:17.914+0600][53.792s][info][gc,alloc    ] GC(90) y: Allocation Stalls:          0                0                0                0         
[2026-04-03T03:24:17.914+0600][53.792s][info][gc,load     ] GC(90) y: Load: 4.24 (35%) / 4.62 (39%) / 5.21 (43%)
[2026-04-03T03:24:17.914+0600][53.792s][info][gc,mmu      ] GC(90) y: MMU: 2ms/87.1%, 5ms/94.9%, 10ms/97.4%, 20ms/98.7%, 50ms/99.4%, 100ms/99.6%
[2026-04-03T03:24:17.914+0600][53.792s][info][gc,marking  ] GC(90) y: Mark: 2 stripe(s), 10 proactive flush(es), 1 terminate flush(es), 0 completion(s), 0 continuation(s) 
[2026-04-03T03:24:17.914+0600][53.792s][info][gc,marking  ] GC(90) y: Mark Stack Usage: 32M
[2026-04-03T03:24:17.914+0600][53.792s][info][gc,nmethod  ] GC(90) y: NMethods: 6880 registered, 1352 unregistered
[2026-04-03T03:24:17.914+0600][53.792s][info][gc,metaspace] GC(90) y: Metaspace: 71M used, 72M committed, 1088M reserved
[2026-04-03T03:24:17.914+0600][53.792s][info][gc,reloc    ] GC(90) y:                        Candidates     Selected     In-Place         Size        Empty    Relocated 
[2026-04-03T03:24:17.914+0600][53.792s][info][gc,reloc    ] GC(90) y: Small Pages:                  116           40            0         232M         122M          13M 
[2026-04-03T03:24:17.914+0600][53.792s][info][gc,reloc    ] GC(90) y: Medium Pages:                   0            0            0           0M           0M           0M 
[2026-04-03T03:24:17.914+0600][53.792s][info][gc,reloc    ] GC(90) y: Large Pages:                    6            0            0          48M          18M           0M 
[2026-04-03T03:24:17.914+0600][53.792s][info][gc,reloc    ] GC(90) y: Forwarding Usage: 18M
[2026-04-03T03:24:17.914+0600][53.792s][info][gc,reloc    ] GC(90) y: Age Table:
[2026-04-03T03:24:17.914+0600][53.792s][info][gc,reloc    ] GC(90) y:                    Live             Garbage             Small              Medium             Large        
[2026-04-03T03:24:17.914+0600][53.792s][info][gc,reloc    ] GC(90) y: Eden              43M (4%)          192M (15%)        103 / 34             0 / 0              3 / 0        
[2026-04-03T03:24:17.914+0600][53.792s][info][gc,reloc    ] GC(90) y: Survivor 1        10M (1%)           33M (3%)          13 / 6              0 / 0              3 / 0        
[2026-04-03T03:24:17.914+0600][53.792s][info][gc,heap     ] GC(90) y: Min Capacity: 8M(1%)
[2026-04-03T03:24:17.914+0600][53.792s][info][gc,heap     ] GC(90) y: Max Capacity: 1250M(100%)
[2026-04-03T03:24:17.914+0600][53.792s][info][gc,heap     ] GC(90) y: Soft Max Capacity: 1250M(100%)
[2026-04-03T03:24:17.914+0600][53.792s][info][gc,heap     ] GC(90) y: Heap Statistics:
[2026-04-03T03:24:17.914+0600][53.792s][info][gc,heap     ] GC(90) y:                Mark Start          Mark End        Relocate Start      Relocate End           High               Low         
[2026-04-03T03:24:17.914+0600][53.792s][info][gc,heap     ] GC(90) y:  Capacity:     1250M (100%)       1250M (100%)       1250M (100%)       1250M (100%)       1250M (100%)       1250M (100%)   
[2026-04-03T03:24:17.914+0600][53.792s][info][gc,heap     ] GC(90) y:      Free:      696M (56%)         594M (48%)         724M (58%)         758M (61%)         768M (61%)         594M (48%)    
[2026-04-03T03:24:17.914+0600][53.792s][info][gc,heap     ] GC(90) y:      Used:      554M (44%)         656M (52%)         526M (42%)         492M (39%)         656M (52%)         482M (39%)    
[2026-04-03T03:24:17.914+0600][53.792s][info][gc,heap     ] GC(90) y: Young Generation Statistics:
[2026-04-03T03:24:17.914+0600][53.792s][info][gc,heap     ] GC(90) y:                Mark Start          Mark End        Relocate Start      Relocate End    
[2026-04-03T03:24:17.914+0600][53.792s][info][gc,heap     ] GC(90) y:      Used:      280M (22%)         382M (31%)         252M (20%)         218M (17%)    
[2026-04-03T03:24:17.914+0600][53.792s][info][gc,heap     ] GC(90) y:      Live:         -                54M (4%)           54M (4%)           54M (4%)     
[2026-04-03T03:24:17.914+0600][53.792s][info][gc,heap     ] GC(90) y:   Garbage:         -               225M (18%)          85M (7%)            2M (0%)     
[2026-04-03T03:24:17.914+0600][53.792s][info][gc,heap     ] GC(90) y: Allocated:         -               102M (8%)          112M (9%)          160M (13%)    
[2026-04-03T03:24:17.914+0600][53.792s][info][gc,heap     ] GC(90) y: Reclaimed:         -                  -               140M (11%)         222M (18%)    
[2026-04-03T03:24:17.914+0600][53.792s][info][gc,heap     ] GC(90) y:  Promoted:         -                  -                 0M (0%)            0M (0%)     
[2026-04-03T03:24:17.914+0600][53.792s][info][gc,heap     ] GC(90) y: Compacted:         -                  -                  -                19M (2%)     
[2026-04-03T03:24:17.914+0600][53.792s][info][gc,phases   ] GC(90) y: Young Generation 554M(44%)->492M(39%) 0.174s
[2026-04-03T03:24:17.914+0600][53.792s][info][gc          ] GC(90) Minor Collection (Allocation Rate) 554M(44%)->492M(39%) 0.174s
[2026-04-03T03:24:17.943+0600][53.821s][info][gc          ] GC(91) Minor Collection (Allocation Rate)
[2026-04-03T03:24:17.943+0600][53.821s][info][gc,task     ] GC(91) Using 3 Workers for Young Generation
[2026-04-03T03:24:17.944+0600][53.821s][info][gc,phases   ] GC(91) y: Young Generation
[2026-04-03T03:24:17.944+0600][53.822s][info][gc,phases   ] GC(91) y: Pause Mark Start 0.024ms
[2026-04-03T03:24:17.966+0600][53.844s][info][gc,phases   ] GC(91) y: Concurrent Mark 22.066ms
[2026-04-03T03:24:17.966+0600][53.844s][info][gc,phases   ] GC(91) y: Pause Mark End 0.029ms
[2026-04-03T03:24:17.967+0600][53.844s][info][gc,phases   ] GC(91) y: Concurrent Mark Free 0.003ms
[2026-04-03T03:24:17.967+0600][53.844s][info][gc,phases   ] GC(91) y: Concurrent Reset Relocation Set 0.031ms
[2026-04-03T03:24:17.968+0600][53.846s][info][gc,reloc    ] GC(91) y: Using tenuring threshold: 1 (Computed)
[2026-04-03T03:24:17.970+0600][53.848s][info][gc,phases   ] GC(91) y: Concurrent Select Relocation Set 3.660ms
[2026-04-03T03:24:17.971+0600][53.848s][info][gc,phases   ] GC(91) y: Pause Relocate Start 0.019ms
[2026-04-03T03:24:17.980+0600][53.858s][info][gc,phases   ] GC(91) y: Concurrent Relocate 9.704ms
[2026-04-03T03:24:17.980+0600][53.858s][info][gc,alloc    ] GC(91) y:                         Mark Start        Mark End      Relocate Start    Relocate End   
[2026-04-03T03:24:17.980+0600][53.858s][info][gc,alloc    ] GC(91) y: Allocation Stalls:          0                0                0                0         
[2026-04-03T03:24:17.980+0600][53.858s][info][gc,load     ] GC(91) y: Load: 4.24 (35%) / 4.62 (39%) / 5.21 (43%)
[2026-04-03T03:24:17.980+0600][53.858s][info][gc,mmu      ] GC(91) y: MMU: 2ms/87.1%, 5ms/94.9%, 10ms/97.4%, 20ms/98.7%, 50ms/99.4%, 100ms/99.6%
[2026-04-03T03:24:17.980+0600][53.858s][info][gc,marking  ] GC(91) y: Mark: 2 stripe(s), 2 proactive flush(es), 1 terminate flush(es), 0 completion(s), 0 continuation(s) 
[2026-04-03T03:24:17.980+0600][53.858s][info][gc,marking  ] GC(91) y: Mark Stack Usage: 32M
[2026-04-03T03:24:17.980+0600][53.858s][info][gc,nmethod  ] GC(91) y: NMethods: 6880 registered, 1352 unregistered
[2026-04-03T03:24:17.980+0600][53.858s][info][gc,metaspace] GC(91) y: Metaspace: 71M used, 72M committed, 1088M reserved
[2026-04-03T03:24:17.980+0600][53.858s][info][gc,reloc    ] GC(91) y:                        Candidates     Selected     In-Place         Size        Empty    Relocated 
[2026-04-03T03:24:17.981+0600][53.858s][info][gc,reloc    ] GC(91) y: Small Pages:                  106           80            0         212M          42M           7M 
[2026-04-03T03:24:17.981+0600][53.858s][info][gc,reloc    ] GC(91) y: Medium Pages:                   1            0            0          32M           0M           0M 
[2026-04-03T03:24:17.981+0600][53.858s][info][gc,reloc    ] GC(91) y: Large Pages:                    4            0            0          36M          36M           0M 
[2026-04-03T03:24:17.981+0600][53.858s][info][gc,reloc    ] GC(91) y: Forwarding Usage: 7M
[2026-04-03T03:24:17.981+0600][53.858s][info][gc,reloc    ] GC(91) y: Age Table:
[2026-04-03T03:24:17.981+0600][53.858s][info][gc,reloc    ] GC(91) y:                    Live             Garbage             Small              Medium             Large        
[2026-04-03T03:24:17.981+0600][53.858s][info][gc,reloc    ] GC(91) y: Eden               9M (1%)          206M (16%)         89 / 76             1 / 0              1 / 0        
[2026-04-03T03:24:17.981+0600][53.858s][info][gc,reloc    ] GC(91) y: Survivor 1         0M (0%)           45M (4%)           8 / 1              0 / 0              3 / 0        
[2026-04-03T03:24:17.981+0600][53.858s][info][gc,reloc    ] GC(91) y: Survivor 2         0M (0%)           17M (1%)           9 / 3              0 / 0              0 / 0        
[2026-04-03T03:24:17.981+0600][53.858s][info][gc,heap     ] GC(91) y: Min Capacity: 8M(1%)
[2026-04-03T03:24:17.981+0600][53.858s][info][gc,heap     ] GC(91) y: Max Capacity: 1250M(100%)
[2026-04-03T03:24:17.981+0600][53.858s][info][gc,heap     ] GC(91) y: Soft Max Capacity: 1250M(100%)
[2026-04-03T03:24:17.981+0600][53.858s][info][gc,heap     ] GC(91) y: Heap Statistics:
[2026-04-03T03:24:17.981+0600][53.858s][info][gc,heap     ] GC(91) y:                Mark Start          Mark End        Relocate Start      Relocate End           High               Low         
[2026-04-03T03:24:17.981+0600][53.858s][info][gc,heap     ] GC(91) y:  Capacity:     1250M (100%)       1250M (100%)       1250M (100%)       1250M (100%)       1250M (100%)       1250M (100%)   
[2026-04-03T03:24:17.981+0600][53.858s][info][gc,heap     ] GC(91) y:      Free:      696M (56%)         626M (50%)         698M (56%)         834M (67%)         834M (67%)         622M (50%)    
[2026-04-03T03:24:17.981+0600][53.858s][info][gc,heap     ] GC(91) y:      Used:      554M (44%)         624M (50%)         552M (44%)         416M (33%)         628M (50%)         416M (33%)    
[2026-04-03T03:24:17.981+0600][53.858s][info][gc,heap     ] GC(91) y: Young Generation Statistics:
[2026-04-03T03:24:17.981+0600][53.858s][info][gc,heap     ] GC(91) y:                Mark Start          Mark End        Relocate Start      Relocate End    
[2026-04-03T03:24:17.981+0600][53.858s][info][gc,heap     ] GC(91) y:      Used:      280M (22%)         350M (28%)         278M (22%)         138M (11%)    
[2026-04-03T03:24:17.981+0600][53.858s][info][gc,heap     ] GC(91) y:      Live:         -                 9M (1%)            9M (1%)            9M (1%)     
[2026-04-03T03:24:17.981+0600][53.858s][info][gc,heap     ] GC(91) y:   Garbage:         -               270M (22%)         192M (15%)          30M (2%)     
[2026-04-03T03:24:17.981+0600][53.858s][info][gc,heap     ] GC(91) y: Allocated:         -                70M (6%)           76M (6%)           97M (8%)     
[2026-04-03T03:24:17.981+0600][53.858s][info][gc,heap     ] GC(91) y: Reclaimed:         -                  -                78M (6%)          239M (19%)    
[2026-04-03T03:24:17.981+0600][53.858s][info][gc,heap     ] GC(91) y:  Promoted:         -                  -                 0M (0%)            0M (0%)     
[2026-04-03T03:24:17.981+0600][53.858s][info][gc,heap     ] GC(91) y: Compacted:         -                  -                  -                 8M (1%)     
[2026-04-03T03:24:17.981+0600][53.858s][info][gc,phases   ] GC(91) y: Young Generation 552M(44%)->416M(33%) 0.037s
[2026-04-03T03:24:17.981+0600][53.859s][info][gc          ] GC(91) Minor Collection (Allocation Rate) 552M(44%)->416M(33%) 0.037s
[2026-04-03T03:24:18.011+0600][53.889s][info][gc          ] GC(92) Minor Collection (Allocation Rate)
[2026-04-03T03:24:18.011+0600][53.889s][info][gc,task     ] GC(92) Using 3 Workers for Young Generation
[2026-04-03T03:24:18.011+0600][53.889s][info][gc,phases   ] GC(92) y: Young Generation
[2026-04-03T03:24:18.011+0600][53.889s][info][gc,phases   ] GC(92) y: Pause Mark Start 0.021ms
[2026-04-03T03:24:18.057+0600][53.935s][info][gc,phases   ] GC(92) y: Concurrent Mark 46.067ms
[2026-04-03T03:24:18.058+0600][53.935s][info][gc,phases   ] GC(92) y: Pause Mark End 0.032ms
[2026-04-03T03:24:18.058+0600][53.936s][info][gc,phases   ] GC(92) y: Concurrent Mark Free 0.003ms
[2026-04-03T03:24:18.081+0600][53.958s][info][gc,phases   ] GC(92) y: Concurrent Reset Relocation Set 0.014ms
[2026-04-03T03:24:18.082+0600][53.960s][info][gc,reloc    ] GC(92) y: Using tenuring threshold: 2 (Computed)
[2026-04-03T03:24:18.085+0600][53.963s][info][gc,phases   ] GC(92) y: Concurrent Select Relocation Set 4.791ms
[2026-04-03T03:24:18.086+0600][53.963s][info][gc,phases   ] GC(92) y: Pause Relocate Start 0.021ms
[2026-04-03T03:24:18.104+0600][53.982s][info][gc,phases   ] GC(92) y: Concurrent Relocate 18.618ms
[2026-04-03T03:24:18.105+0600][53.982s][info][gc,alloc    ] GC(92) y:                         Mark Start        Mark End      Relocate Start    Relocate End   
[2026-04-03T03:24:18.105+0600][53.982s][info][gc,alloc    ] GC(92) y: Allocation Stalls:          0                0                0                0         
[2026-04-03T03:24:18.105+0600][53.982s][info][gc,load     ] GC(92) y: Load: 4.24 (35%) / 4.62 (39%) / 5.21 (43%)
[2026-04-03T03:24:18.105+0600][53.982s][info][gc,mmu      ] GC(92) y: MMU: 2ms/87.1%, 5ms/94.9%, 10ms/97.4%, 20ms/98.7%, 50ms/99.4%, 100ms/99.6%
[2026-04-03T03:24:18.105+0600][53.982s][info][gc,marking  ] GC(92) y: Mark: 2 stripe(s), 2 proactive flush(es), 1 terminate flush(es), 0 completion(s), 0 continuation(s) 
[2026-04-03T03:24:18.105+0600][53.982s][info][gc,marking  ] GC(92) y: Mark Stack Usage: 32M
[2026-04-03T03:24:18.105+0600][53.982s][info][gc,nmethod  ] GC(92) y: NMethods: 6881 registered, 1352 unregistered
[2026-04-03T03:24:18.105+0600][53.982s][info][gc,metaspace] GC(92) y: Metaspace: 71M used, 72M committed, 1088M reserved
[2026-04-03T03:24:18.105+0600][53.982s][info][gc,reloc    ] GC(92) y:                        Candidates     Selected     In-Place         Size        Empty    Relocated 
[2026-04-03T03:24:18.105+0600][53.982s][info][gc,reloc    ] GC(92) y: Small Pages:                   69           57            0         138M           0M          12M 
[2026-04-03T03:24:18.105+0600][53.982s][info][gc,reloc    ] GC(92) y: Medium Pages:                   2            0            0          64M          32M           0M 
[2026-04-03T03:24:18.105+0600][53.982s][info][gc,reloc    ] GC(92) y: Large Pages:                    0            0            0           0M           0M           0M 
[2026-04-03T03:24:18.105+0600][53.982s][info][gc,reloc    ] GC(92) y: Forwarding Usage: 14M
[2026-04-03T03:24:18.105+0600][53.982s][info][gc,reloc    ] GC(92) y: Age Table:
[2026-04-03T03:24:18.105+0600][53.982s][info][gc,reloc    ] GC(92) y:                    Live             Garbage             Small              Medium             Large        
[2026-04-03T03:24:18.105+0600][53.982s][info][gc,reloc    ] GC(92) y: Eden              16M (1%)          135M (11%)         60 / 52             1 / 0              0 / 0        
[2026-04-03T03:24:18.105+0600][53.983s][info][gc,reloc    ] GC(92) y: Survivor 1         8M (1%)           41M (3%)           9 / 5              1 / 0              0 / 0        
[2026-04-03T03:24:18.105+0600][53.983s][info][gc,heap     ] GC(92) y: Min Capacity: 8M(1%)
[2026-04-03T03:24:18.105+0600][53.983s][info][gc,heap     ] GC(92) y: Max Capacity: 1250M(100%)
[2026-04-03T03:24:18.105+0600][53.983s][info][gc,heap     ] GC(92) y: Soft Max Capacity: 1250M(100%)
[2026-04-03T03:24:18.105+0600][53.983s][info][gc,heap     ] GC(92) y: Heap Statistics:
[2026-04-03T03:24:18.105+0600][53.983s][info][gc,heap     ] GC(92) y:                Mark Start          Mark End        Relocate Start      Relocate End           High               Low         
[2026-04-03T03:24:18.105+0600][53.983s][info][gc,heap     ] GC(92) y:  Capacity:     1250M (100%)       1250M (100%)       1250M (100%)       1250M (100%)       1250M (100%)       1250M (100%)   
[2026-04-03T03:24:18.105+0600][53.983s][info][gc,heap     ] GC(92) y:      Free:      770M (62%)         666M (53%)         642M (51%)         712M (57%)         770M (62%)         618M (49%)    
[2026-04-03T03:24:18.105+0600][53.983s][info][gc,heap     ] GC(92) y:      Used:      480M (38%)         584M (47%)         608M (49%)         538M (43%)         632M (51%)         480M (38%)    
[2026-04-03T03:24:18.105+0600][53.983s][info][gc,heap     ] GC(92) y: Young Generation Statistics:
[2026-04-03T03:24:18.105+0600][53.983s][info][gc,heap     ] GC(92) y:                Mark Start          Mark End        Relocate Start      Relocate End    
[2026-04-03T03:24:18.105+0600][53.983s][info][gc,heap     ] GC(92) y:      Used:      202M (16%)         306M (24%)         330M (26%)         260M (21%)    
[2026-04-03T03:24:18.105+0600][53.983s][info][gc,heap     ] GC(92) y:      Live:         -                25M (2%)           25M (2%)           25M (2%)     
[2026-04-03T03:24:18.105+0600][53.983s][info][gc,heap     ] GC(92) y:   Garbage:         -               176M (14%)         144M (12%)          27M (2%)     
[2026-04-03T03:24:18.105+0600][53.983s][info][gc,heap     ] GC(92) y: Allocated:         -               104M (8%)          160M (13%)         206M (17%)    
[2026-04-03T03:24:18.105+0600][53.983s][info][gc,heap     ] GC(92) y: Reclaimed:         -                  -                32M (3%)          148M (12%)    
[2026-04-03T03:24:18.105+0600][53.983s][info][gc,heap     ] GC(92) y:  Promoted:         -                  -                 0M (0%)            0M (0%)     
[2026-04-03T03:24:18.105+0600][53.983s][info][gc,heap     ] GC(92) y: Compacted:         -                  -                  -                15M (1%)     
[2026-04-03T03:24:18.105+0600][53.983s][info][gc,phases   ] GC(92) y: Young Generation 480M(38%)->538M(43%) 0.094s
[2026-04-03T03:24:18.105+0600][53.983s][info][gc          ] GC(92) Minor Collection (Allocation Rate) 478M(38%)->538M(43%) 0.094s
[2026-04-03T03:24:18.109+0600][53.986s][info][gc          ] GC(93) Minor Collection (Allocation Rate)
[2026-04-03T03:24:18.109+0600][53.986s][info][gc,task     ] GC(93) Using 3 Workers for Young Generation
[2026-04-03T03:24:18.109+0600][53.986s][info][gc,phases   ] GC(93) y: Young Generation
[2026-04-03T03:24:18.114+0600][53.992s][info][gc,phases   ] GC(93) y: Pause Mark Start 0.024ms
[2026-04-03T03:24:18.201+0600][54.079s][info][gc,phases   ] GC(93) y: Concurrent Mark 86.895ms
[2026-04-03T03:24:18.201+0600][54.079s][info][gc,phases   ] GC(93) y: Pause Mark End 0.032ms
[2026-04-03T03:24:18.202+0600][54.079s][info][gc,phases   ] GC(93) y: Concurrent Mark Free 0.002ms
[2026-04-03T03:24:18.202+0600][54.079s][info][gc,phases   ] GC(93) y: Concurrent Reset Relocation Set 0.013ms
[2026-04-03T03:24:18.203+0600][54.081s][info][gc,reloc    ] GC(93) y: Using tenuring threshold: 2 (Computed)
[2026-04-03T03:24:18.210+0600][54.088s][info][gc,phases   ] GC(93) y: Concurrent Select Relocation Set 8.238ms
[2026-04-03T03:24:18.210+0600][54.088s][info][gc,phases   ] GC(93) y: Pause Relocate Start 0.030ms
[2026-04-03T03:24:18.246+0600][54.124s][info][gc,phases   ] GC(93) y: Concurrent Relocate 36.090ms
[2026-04-03T03:24:18.246+0600][54.124s][info][gc,alloc    ] GC(93) y:                         Mark Start        Mark End      Relocate Start    Relocate End   
[2026-04-03T03:24:18.246+0600][54.124s][info][gc,alloc    ] GC(93) y: Allocation Stalls:          0                0                0                0         
[2026-04-03T03:24:18.246+0600][54.124s][info][gc,load     ] GC(93) y: Load: 4.24 (35%) / 4.62 (39%) / 5.21 (43%)
[2026-04-03T03:24:18.246+0600][54.124s][info][gc,mmu      ] GC(93) y: MMU: 2ms/87.1%, 5ms/94.9%, 10ms/97.4%, 20ms/98.7%, 50ms/99.4%, 100ms/99.6%
[2026-04-03T03:24:18.246+0600][54.124s][info][gc,marking  ] GC(93) y: Mark: 2 stripe(s), 4 proactive flush(es), 1 terminate flush(es), 0 completion(s), 0 continuation(s) 
[2026-04-03T03:24:18.246+0600][54.124s][info][gc,marking  ] GC(93) y: Mark Stack Usage: 32M
[2026-04-03T03:24:18.246+0600][54.124s][info][gc,nmethod  ] GC(93) y: NMethods: 6881 registered, 1352 unregistered
[2026-04-03T03:24:18.246+0600][54.124s][info][gc,metaspace] GC(93) y: Metaspace: 71M used, 72M committed, 1088M reserved
[2026-04-03T03:24:18.246+0600][54.124s][info][gc,reloc    ] GC(93) y:                        Candidates     Selected     In-Place         Size        Empty    Relocated 
[2026-04-03T03:24:18.246+0600][54.124s][info][gc,reloc    ] GC(93) y: Small Pages:                  100           78            0         200M           0M          17M 
[2026-04-03T03:24:18.247+0600][54.124s][info][gc,reloc    ] GC(93) y: Medium Pages:                   2            1            0          64M           0M           4M 
[2026-04-03T03:24:18.247+0600][54.124s][info][gc,reloc    ] GC(93) y: Large Pages:                    1            0            0           6M           0M           0M 
[2026-04-03T03:24:18.247+0600][54.124s][info][gc,reloc    ] GC(93) y: Forwarding Usage: 19M
[2026-04-03T03:24:18.247+0600][54.124s][info][gc,reloc    ] GC(93) y: Age Table:
[2026-04-03T03:24:18.247+0600][54.124s][info][gc,reloc    ] GC(93) y:                    Live             Garbage             Small              Medium             Large        
[2026-04-03T03:24:18.247+0600][54.124s][info][gc,reloc    ] GC(93) y: Eden              28M (2%)          167M (13%)         79 / 69             1 / 1              1 / 0        
[2026-04-03T03:24:18.247+0600][54.124s][info][gc,reloc    ] GC(93) y: Survivor 1        14M (1%)           41M (3%)          12 / 5              1 / 0              0 / 0        
[2026-04-03T03:24:18.247+0600][54.124s][info][gc,reloc    ] GC(93) y: Survivor 2         8M (1%)            9M (1%)           9 / 4              0 / 0              0 / 0        
[2026-04-03T03:24:18.247+0600][54.124s][info][gc,heap     ] GC(93) y: Min Capacity: 8M(1%)
[2026-04-03T03:24:18.247+0600][54.124s][info][gc,heap     ] GC(93) y: Max Capacity: 1250M(100%)
[2026-04-03T03:24:18.247+0600][54.124s][info][gc,heap     ] GC(93) y: Soft Max Capacity: 1250M(100%)
[2026-04-03T03:24:18.247+0600][54.124s][info][gc,heap     ] GC(93) y: Heap Statistics:
[2026-04-03T03:24:18.247+0600][54.124s][info][gc,heap     ] GC(93) y:                Mark Start          Mark End        Relocate Start      Relocate End           High               Low         
[2026-04-03T03:24:18.247+0600][54.124s][info][gc,heap     ] GC(93) y:  Capacity:     1250M (100%)       1250M (100%)       1250M (100%)       1250M (100%)       1250M (100%)       1250M (100%)   
[2026-04-03T03:24:18.247+0600][54.124s][info][gc,heap     ] GC(93) y:      Free:      702M (56%)         558M (45%)         546M (44%)         634M (51%)         702M (56%)         470M (38%)    
[2026-04-03T03:24:18.247+0600][54.124s][info][gc,heap     ] GC(93) y:      Used:      548M (44%)         692M (55%)         704M (56%)         616M (49%)         780M (62%)         548M (44%)    
[2026-04-03T03:24:18.247+0600][54.124s][info][gc,heap     ] GC(93) y: Young Generation Statistics:
[2026-04-03T03:24:18.247+0600][54.124s][info][gc,heap     ] GC(93) y:                Mark Start          Mark End        Relocate Start      Relocate End    
[2026-04-03T03:24:18.247+0600][54.124s][info][gc,heap     ] GC(93) y:      Used:      270M (22%)         414M (33%)         418M (33%)         318M (25%)    
[2026-04-03T03:24:18.247+0600][54.124s][info][gc,heap     ] GC(93) y:      Live:         -                51M (4%)           44M (4%)           43M (3%)     
[2026-04-03T03:24:18.247+0600][54.124s][info][gc,heap     ] GC(93) y:   Garbage:         -               218M (17%)         217M (17%)           0M (0%)     
[2026-04-03T03:24:18.247+0600][54.124s][info][gc,heap     ] GC(93) y: Allocated:         -               144M (12%)         156M (12%)         274M (22%)    
[2026-04-03T03:24:18.247+0600][54.124s][info][gc,heap     ] GC(93) y: Reclaimed:         -                  -                 1M (0%)          218M (17%)    
[2026-04-03T03:24:18.247+0600][54.124s][info][gc,heap     ] GC(93) y:  Promoted:         -                  -                 6M (1%)            8M (1%)     
[2026-04-03T03:24:18.247+0600][54.124s][info][gc,heap     ] GC(93) y: Compacted:         -                  -                  -                25M (2%)     
[2026-04-03T03:24:18.247+0600][54.124s][info][gc,phases   ] GC(93) y: Young Generation 548M(44%)->616M(49%) 0.138s
[2026-04-03T03:24:18.247+0600][54.125s][info][gc          ] GC(93) Minor Collection (Allocation Rate) 548M(44%)->618M(49%) 0.138s
[2026-04-03T03:24:18.247+0600][54.125s][info][gc          ] GC(94) Major Collection (Allocation Rate)
[2026-04-03T03:24:18.247+0600][54.125s][info][gc,task     ] GC(94) Using 3 Workers for Young Generation
[2026-04-03T03:24:18.247+0600][54.125s][info][gc,task     ] GC(94) Using 1 Workers for Old Generation
[2026-04-03T03:24:18.247+0600][54.125s][info][gc,phases   ] GC(94) Y: Young Generation
[2026-04-03T03:24:18.247+0600][54.125s][info][gc,phases   ] GC(94) Y: Pause Mark Start (Major) 0.033ms
[2026-04-03T03:24:18.376+0600][54.254s][info][gc,phases   ] GC(94) Y: Concurrent Mark 128.727ms
[2026-04-03T03:24:18.377+0600][54.254s][info][gc,phases   ] GC(94) Y: Pause Mark End 0.027ms
[2026-04-03T03:24:18.377+0600][54.254s][info][gc,phases   ] GC(94) Y: Concurrent Mark Free 0.001ms
[2026-04-03T03:24:18.377+0600][54.255s][info][gc,phases   ] GC(94) Y: Concurrent Reset Relocation Set 0.039ms
[2026-04-03T03:24:18.379+0600][54.257s][info][gc,reloc    ] GC(94) Y: Using tenuring threshold: 2 (Computed)
[2026-04-03T03:24:18.388+0600][54.265s][info][gc,phases   ] GC(94) Y: Concurrent Select Relocation Set 10.797ms
[2026-04-03T03:24:18.388+0600][54.266s][info][gc,phases   ] GC(94) Y: Pause Relocate Start 0.051ms
[2026-04-03T03:24:18.439+0600][54.317s][info][gc,phases   ] GC(94) Y: Concurrent Relocate 51.220ms
[2026-04-03T03:24:18.439+0600][54.317s][info][gc,alloc    ] GC(94) Y:                         Mark Start        Mark End      Relocate Start    Relocate End   
[2026-04-03T03:24:18.439+0600][54.317s][info][gc,alloc    ] GC(94) Y: Allocation Stalls:          0                0                0                0         
[2026-04-03T03:24:18.439+0600][54.317s][info][gc,load     ] GC(94) Y: Load: 4.24 (35%) / 4.62 (39%) / 5.21 (43%)
[2026-04-03T03:24:18.439+0600][54.317s][info][gc,mmu      ] GC(94) Y: MMU: 2ms/87.1%, 5ms/94.9%, 10ms/97.4%, 20ms/98.7%, 50ms/99.4%, 100ms/99.6%
[2026-04-03T03:24:18.439+0600][54.317s][info][gc,marking  ] GC(94) Y: Mark: 2 stripe(s), 2 proactive flush(es), 1 terminate flush(es), 0 completion(s), 0 continuation(s) 
[2026-04-03T03:24:18.439+0600][54.317s][info][gc,marking  ] GC(94) Y: Mark Stack Usage: 32M
[2026-04-03T03:24:18.439+0600][54.317s][info][gc,nmethod  ] GC(94) Y: NMethods: 6893 registered, 1352 unregistered
[2026-04-03T03:24:18.439+0600][54.317s][info][gc,metaspace] GC(94) Y: Metaspace: 71M used, 72M committed, 1088M reserved
[2026-04-03T03:24:18.439+0600][54.317s][info][gc,reloc    ] GC(94) Y:                        Candidates     Selected     In-Place         Size        Empty    Relocated 
[2026-04-03T03:24:18.439+0600][54.317s][info][gc,reloc    ] GC(94) Y: Small Pages:                  119           89            0         238M           0M          20M 
[2026-04-03T03:24:18.439+0600][54.317s][info][gc,reloc    ] GC(94) Y: Medium Pages:                   2            0            0          64M          64M           0M 
[2026-04-03T03:24:18.439+0600][54.317s][info][gc,reloc    ] GC(94) Y: Large Pages:                    3            0            0          18M           0M           0M 
[2026-04-03T03:24:18.439+0600][54.317s][info][gc,reloc    ] GC(94) Y: Forwarding Usage: 23M
[2026-04-03T03:24:18.439+0600][54.317s][info][gc,reloc    ] GC(94) Y: Age Table:
[2026-04-03T03:24:18.439+0600][54.317s][info][gc,reloc    ] GC(94) Y:                    Live             Garbage             Small              Medium             Large        
[2026-04-03T03:24:18.439+0600][54.317s][info][gc,reloc    ] GC(94) Y: Eden              35M (3%)          172M (14%)         98 / 84             0 / 0              2 / 0        
[2026-04-03T03:24:18.440+0600][54.317s][info][gc,reloc    ] GC(94) Y: Survivor 1        24M (2%)           39M (3%)          13 / 3              1 / 0              1 / 0        
[2026-04-03T03:24:18.440+0600][54.317s][info][gc,reloc    ] GC(94) Y: Survivor 2        12M (1%)           35M (3%)           8 / 2              1 / 0              0 / 0        
[2026-04-03T03:24:18.440+0600][54.317s][info][gc,heap     ] GC(94) Y: Min Capacity: 8M(1%)
[2026-04-03T03:24:18.440+0600][54.317s][info][gc,heap     ] GC(94) Y: Max Capacity: 1250M(100%)
[2026-04-03T03:24:18.440+0600][54.317s][info][gc,heap     ] GC(94) Y: Soft Max Capacity: 1250M(100%)
[2026-04-03T03:24:18.440+0600][54.317s][info][gc,heap     ] GC(94) Y: Heap Statistics:
[2026-04-03T03:24:18.440+0600][54.317s][info][gc,heap     ] GC(94) Y:                Mark Start          Mark End        Relocate Start      Relocate End           High               Low         
[2026-04-03T03:24:18.440+0600][54.317s][info][gc,heap     ] GC(94) Y:  Capacity:     1250M (100%)       1250M (100%)       1250M (100%)       1250M (100%)       1250M (100%)       1250M (100%)   
[2026-04-03T03:24:18.440+0600][54.317s][info][gc,heap     ] GC(94) Y:      Free:      632M (51%)         512M (41%)         576M (46%)         728M (58%)         728M (58%)         512M (41%)    
[2026-04-03T03:24:18.440+0600][54.317s][info][gc,heap     ] GC(94) Y:      Used:      618M (49%)         738M (59%)         674M (54%)         522M (42%)         738M (59%)         522M (42%)    
[2026-04-03T03:24:18.440+0600][54.317s][info][gc,heap     ] GC(94) Y: Young Generation Statistics:
[2026-04-03T03:24:18.440+0600][54.317s][info][gc,heap     ] GC(94) Y:                Mark Start          Mark End        Relocate Start      Relocate End    
[2026-04-03T03:24:18.440+0600][54.317s][info][gc,heap     ] GC(94) Y:      Used:      320M (26%)         440M (35%)         364M (29%)         200M (16%)    
[2026-04-03T03:24:18.440+0600][54.317s][info][gc,heap     ] GC(94) Y:      Live:         -                72M (6%)           60M (5%)           59M (5%)     
[2026-04-03T03:24:18.440+0600][54.317s][info][gc,heap     ] GC(94) Y:   Garbage:         -               247M (20%)         183M (15%)           1M (0%)     
[2026-04-03T03:24:18.440+0600][54.317s][info][gc,heap     ] GC(94) Y: Allocated:         -               120M (10%)         120M (10%)         138M (11%)    
[2026-04-03T03:24:18.440+0600][54.317s][info][gc,heap     ] GC(94) Y: Reclaimed:         -                  -                64M (5%)          245M (20%)    
[2026-04-03T03:24:18.440+0600][54.317s][info][gc,heap     ] GC(94) Y:  Promoted:         -                  -                11M (1%)           12M (1%)     
[2026-04-03T03:24:18.440+0600][54.317s][info][gc,heap     ] GC(94) Y: Compacted:         -                  -                  -                23M (2%)     
[2026-04-03T03:24:18.440+0600][54.317s][info][gc,phases   ] GC(94) Y: Young Generation 618M(49%)->522M(42%) 0.192s
[2026-04-03T03:24:18.440+0600][54.318s][info][gc,phases   ] GC(94) O: Old Generation
[2026-04-03T03:24:18.447+0600][54.325s][info][gc          ] GC(95) Minor Collection (Allocation Rate)
[2026-04-03T03:24:18.447+0600][54.325s][info][gc,task     ] GC(95) Using 2 Workers for Young Generation
[2026-04-03T03:24:18.447+0600][54.325s][info][gc,phases   ] GC(95) y: Young Generation
[2026-04-03T03:24:18.448+0600][54.325s][info][gc,phases   ] GC(95) y: Pause Mark Start 0.093ms
[2026-04-03T03:24:18.666+0600][54.544s][info][gc,phases   ] GC(95) y: Concurrent Mark 218.482ms
[2026-04-03T03:24:18.667+0600][54.544s][info][gc,phases   ] GC(95) y: Pause Mark End 0.037ms
[2026-04-03T03:24:18.667+0600][54.545s][info][gc,phases   ] GC(95) y: Concurrent Mark Free 0.002ms
[2026-04-03T03:24:18.667+0600][54.545s][info][gc,phases   ] GC(95) y: Concurrent Reset Relocation Set 0.052ms
[2026-04-03T03:24:18.669+0600][54.547s][info][gc,reloc    ] GC(95) y: Using tenuring threshold: 1 (Computed)
[2026-04-03T03:24:18.713+0600][54.590s][info][gc,phases   ] GC(95) y: Concurrent Select Relocation Set 45.570ms
[2026-04-03T03:24:18.713+0600][54.591s][info][gc,phases   ] GC(95) y: Pause Relocate Start 0.028ms
[2026-04-03T03:24:18.838+0600][54.715s][info][gc,phases   ] GC(95) y: Concurrent Relocate 124.526ms
[2026-04-03T03:24:18.838+0600][54.715s][info][gc,alloc    ] GC(95) y:                         Mark Start        Mark End      Relocate Start    Relocate End   
[2026-04-03T03:24:18.838+0600][54.715s][info][gc,alloc    ] GC(95) y: Allocation Stalls:          0                0                0                0         
[2026-04-03T03:24:18.838+0600][54.716s][info][gc,load     ] GC(95) y: Load: 4.24 (35%) / 4.62 (39%) / 5.21 (43%)
[2026-04-03T03:24:18.838+0600][54.716s][info][gc,mmu      ] GC(95) y: MMU: 2ms/87.1%, 5ms/94.9%, 10ms/97.4%, 20ms/98.7%, 50ms/99.4%, 100ms/99.6%
[2026-04-03T03:24:18.838+0600][54.716s][info][gc,marking  ] GC(95) y: Mark: 2 stripe(s), 2 proactive flush(es), 1 terminate flush(es), 0 completion(s), 0 continuation(s) 
[2026-04-03T03:24:18.838+0600][54.716s][info][gc,marking  ] GC(95) y: Mark Stack Usage: 32M
[2026-04-03T03:24:18.838+0600][54.716s][info][gc,nmethod  ] GC(95) y: NMethods: 6894 registered, 1352 unregistered
[2026-04-03T03:24:18.838+0600][54.716s][info][gc,metaspace] GC(95) y: Metaspace: 71M used, 72M committed, 1088M reserved
[2026-04-03T03:24:18.838+0600][54.716s][info][gc,reloc    ] GC(95) y:                        Candidates     Selected     In-Place         Size        Empty    Relocated 
[2026-04-03T03:24:18.838+0600][54.716s][info][gc,reloc    ] GC(95) y: Small Pages:                   75           47            0         150M           0M          11M 
[2026-04-03T03:24:18.838+0600][54.716s][info][gc,reloc    ] GC(95) y: Medium Pages:                   1            0            0          32M           0M           0M 
[2026-04-03T03:24:18.838+0600][54.716s][info][gc,reloc    ] GC(95) y: Large Pages:                    3            0            0          18M           0M           0M 
[2026-04-03T03:24:18.838+0600][54.716s][info][gc,reloc    ] GC(95) y: Forwarding Usage: 13M
[2026-04-03T03:24:18.838+0600][54.716s][info][gc,reloc    ] GC(95) y: Age Table:
[2026-04-03T03:24:18.838+0600][54.716s][info][gc,reloc    ] GC(95) y:                    Live             Garbage             Small              Medium             Large        
[2026-04-03T03:24:18.838+0600][54.716s][info][gc,reloc    ] GC(95) y: Eden              14M (1%)          113M (9%)          48 / 41             1 / 0              0 / 0        
[2026-04-03T03:24:18.838+0600][54.716s][info][gc,reloc    ] GC(95) y: Survivor 1        35M (3%)            4M (0%)          14 / 2              0 / 0              2 / 0        
[2026-04-03T03:24:18.838+0600][54.716s][info][gc,reloc    ] GC(95) y: Survivor 2        24M (2%)            7M (1%)          13 / 4              0 / 0              1 / 0        
[2026-04-03T03:24:18.838+0600][54.716s][info][gc,heap     ] GC(95) y: Min Capacity: 8M(1%)
[2026-04-03T03:24:18.838+0600][54.716s][info][gc,heap     ] GC(95) y: Max Capacity: 1250M(100%)
[2026-04-03T03:24:18.838+0600][54.716s][info][gc,heap     ] GC(95) y: Soft Max Capacity: 1250M(100%)
[2026-04-03T03:24:18.838+0600][54.716s][info][gc,heap     ] GC(95) y: Heap Statistics:
[2026-04-03T03:24:18.838+0600][54.716s][info][gc,heap     ] GC(95) y:                Mark Start          Mark End        Relocate Start      Relocate End           High               Low         
[2026-04-03T03:24:18.838+0600][54.716s][info][gc,heap     ] GC(95) y:  Capacity:     1250M (100%)       1250M (100%)       1250M (100%)       1250M (100%)       1250M (100%)       1250M (100%)   
[2026-04-03T03:24:18.838+0600][54.716s][info][gc,heap     ] GC(95) y:      Free:      728M (58%)         672M (54%)         662M (53%)         704M (56%)         748M (60%)         654M (52%)    
[2026-04-03T03:24:18.838+0600][54.716s][info][gc,heap     ] GC(95) y:      Used:      522M (42%)         578M (46%)         588M (47%)         546M (44%)         596M (48%)         502M (40%)    
[2026-04-03T03:24:18.838+0600][54.716s][info][gc,heap     ] GC(95) y: Young Generation Statistics:
[2026-04-03T03:24:18.838+0600][54.716s][info][gc,heap     ] GC(95) y:                Mark Start          Mark End        Relocate Start      Relocate End    
[2026-04-03T03:24:18.838+0600][54.716s][info][gc,heap     ] GC(95) y:      Used:      200M (16%)         256M (20%)         210M (17%)         160M (13%)    
[2026-04-03T03:24:18.838+0600][54.716s][info][gc,heap     ] GC(95) y:      Live:         -                74M (6%)           19M (2%)           14M (1%)     
[2026-04-03T03:24:18.838+0600][54.716s][info][gc,heap     ] GC(95) y:   Garbage:         -               125M (10%)         124M (10%)          28M (2%)     
[2026-04-03T03:24:18.838+0600][54.716s][info][gc,heap     ] GC(95) y: Allocated:         -                56M (4%)           66M (5%)          117M (9%)     
[2026-04-03T03:24:18.838+0600][54.716s][info][gc,heap     ] GC(95) y: Reclaimed:         -                  -                 1M (0%)           97M (8%)     
[2026-04-03T03:24:18.838+0600][54.716s][info][gc,heap     ] GC(95) y:  Promoted:         -                  -                54M (4%)           59M (5%)     
[2026-04-03T03:24:18.838+0600][54.716s][info][gc,heap     ] GC(95) y: Compacted:         -                  -                  -                10M (1%)     
[2026-04-03T03:24:18.838+0600][54.716s][info][gc,phases   ] GC(95) y: Young Generation 522M(42%)->546M(44%) 0.390s
[2026-04-03T03:24:18.838+0600][54.716s][info][gc          ] GC(95) Minor Collection (Allocation Rate) 522M(42%)->546M(44%) 0.391s
[2026-04-03T03:24:18.838+0600][54.716s][info][gc,task     ] Adjusting Workers for Old Generation: 1 -> 2
[2026-04-03T03:24:18.838+0600][54.716s][info][gc          ] GC(96) Minor Collection (Allocation Rate)
[2026-04-03T03:24:18.838+0600][54.716s][info][gc,task     ] GC(96) Using 1 Workers for Young Generation
[2026-04-03T03:24:18.839+0600][54.716s][info][gc,phases   ] GC(96) y: Young Generation
[2026-04-03T03:24:18.840+0600][54.717s][info][gc,phases   ] GC(96) y: Pause Mark Start 0.066ms
[2026-04-03T03:24:19.034+0600][54.912s][info][gc,phases   ] GC(96) y: Concurrent Mark 194.293ms
[2026-04-03T03:24:19.034+0600][54.912s][info][gc,phases   ] GC(96) y: Pause Mark End 0.074ms
[2026-04-03T03:24:19.035+0600][54.913s][info][gc,phases   ] GC(96) y: Concurrent Mark Free 0.004ms
[2026-04-03T03:24:19.035+0600][54.913s][info][gc,phases   ] GC(96) y: Concurrent Reset Relocation Set 0.086ms
[2026-04-03T03:24:19.037+0600][54.915s][info][gc,reloc    ] GC(96) y: Using tenuring threshold: 2 (Computed)
[2026-04-03T03:24:19.039+0600][54.917s][info][gc,phases   ] GC(96) y: Concurrent Select Relocation Set 4.425ms
[2026-04-03T03:24:19.040+0600][54.917s][info][gc,phases   ] GC(96) y: Pause Relocate Start 0.022ms
[2026-04-03T03:24:19.068+0600][54.946s][info][gc,phases   ] GC(96) y: Concurrent Relocate 28.449ms
[2026-04-03T03:24:19.068+0600][54.946s][info][gc,alloc    ] GC(96) y:                         Mark Start        Mark End      Relocate Start    Relocate End   
[2026-04-03T03:24:19.068+0600][54.946s][info][gc,alloc    ] GC(96) y: Allocation Stalls:          0                0                0                0         
[2026-04-03T03:24:19.068+0600][54.946s][info][gc,load     ] GC(96) y: Load: 4.24 (35%) / 4.62 (39%) / 5.21 (43%)
[2026-04-03T03:24:19.068+0600][54.946s][info][gc,mmu      ] GC(96) y: MMU: 2ms/87.1%, 5ms/94.9%, 10ms/97.4%, 20ms/98.7%, 50ms/99.4%, 100ms/99.6%
[2026-04-03T03:24:19.069+0600][54.946s][info][gc,marking  ] GC(96) y: Mark: 1 stripe(s), 2 proactive flush(es), 1 terminate flush(es), 0 completion(s), 0 continuation(s) 
[2026-04-03T03:24:19.069+0600][54.946s][info][gc,marking  ] GC(96) y: Mark Stack Usage: 32M
[2026-04-03T03:24:19.069+0600][54.946s][info][gc,nmethod  ] GC(96) y: NMethods: 6895 registered, 1352 unregistered
[2026-04-03T03:24:19.069+0600][54.946s][info][gc,metaspace] GC(96) y: Metaspace: 71M used, 72M committed, 1088M reserved
[2026-04-03T03:24:19.069+0600][54.946s][info][gc,reloc    ] GC(96) y:                        Candidates     Selected     In-Place         Size        Empty    Relocated 
[2026-04-03T03:24:19.069+0600][54.946s][info][gc,reloc    ] GC(96) y: Small Pages:                   32           10            0          64M          32M           1M 
[2026-04-03T03:24:19.069+0600][54.946s][info][gc,reloc    ] GC(96) y: Medium Pages:                   3            1            0          96M          32M          12M 
[2026-04-03T03:24:19.069+0600][54.946s][info][gc,reloc    ] GC(96) y: Large Pages:                    0            0            0           0M           0M           0M 
[2026-04-03T03:24:19.069+0600][54.946s][info][gc,reloc    ] GC(96) y: Forwarding Usage: 0M
[2026-04-03T03:24:19.069+0600][54.946s][info][gc,reloc    ] GC(96) y: Age Table:
[2026-04-03T03:24:19.069+0600][54.946s][info][gc,reloc    ] GC(96) y:                    Live             Garbage             Small              Medium             Large        
[2026-04-03T03:24:19.069+0600][54.946s][info][gc,reloc    ] GC(96) y: Eden              16M (1%)           95M (8%)          24 / 7              2 / 1              0 / 0        
[2026-04-03T03:24:19.069+0600][54.946s][info][gc,reloc    ] GC(96) y: Survivor 1        10M (1%)           37M (3%)           8 / 3              1 / 0              0 / 0        
[2026-04-03T03:24:19.069+0600][54.946s][info][gc,heap     ] GC(96) y: Min Capacity: 8M(1%)
[2026-04-03T03:24:19.069+0600][54.947s][info][gc,heap     ] GC(96) y: Max Capacity: 1250M(100%)
[2026-04-03T03:24:19.069+0600][54.947s][info][gc,heap     ] GC(96) y: Soft Max Capacity: 1250M(100%)
[2026-04-03T03:24:19.069+0600][54.947s][info][gc,heap     ] GC(96) y: Heap Statistics:
[2026-04-03T03:24:19.069+0600][54.947s][info][gc,heap     ] GC(96) y:                Mark Start          Mark End        Relocate Start      Relocate End           High               Low         
[2026-04-03T03:24:19.069+0600][54.947s][info][gc,heap     ] GC(96) y:  Capacity:     1250M (100%)       1250M (100%)       1250M (100%)       1250M (100%)       1250M (100%)       1250M (100%)   
[2026-04-03T03:24:19.069+0600][54.947s][info][gc,heap     ] GC(96) y:      Free:      704M (56%)         652M (52%)         716M (57%)         724M (58%)         724M (58%)         644M (52%)    
[2026-04-03T03:24:19.069+0600][54.947s][info][gc,heap     ] GC(96) y:      Used:      546M (44%)         598M (48%)         534M (43%)         526M (42%)         606M (48%)         526M (42%)    
[2026-04-03T03:24:19.069+0600][54.947s][info][gc,heap     ] GC(96) y: Young Generation Statistics:
[2026-04-03T03:24:19.069+0600][54.947s][info][gc,heap     ] GC(96) y:                Mark Start          Mark End        Relocate Start      Relocate End    
[2026-04-03T03:24:19.069+0600][54.947s][info][gc,heap     ] GC(96) y:      Used:      160M (13%)         212M (17%)         148M (12%)         140M (11%)    
[2026-04-03T03:24:19.069+0600][54.947s][info][gc,heap     ] GC(96) y:      Live:         -                27M (2%)           27M (2%)           27M (2%)     
[2026-04-03T03:24:19.069+0600][54.947s][info][gc,heap     ] GC(96) y:   Garbage:         -               132M (11%)          68M (5%)            0M (0%)     
[2026-04-03T03:24:19.069+0600][54.947s][info][gc,heap     ] GC(96) y: Allocated:         -                52M (4%)           52M (4%)          112M (9%)     
[2026-04-03T03:24:19.069+0600][54.947s][info][gc,heap     ] GC(96) y: Reclaimed:         -                  -                64M (5%)          132M (11%)    
[2026-04-03T03:24:19.069+0600][54.947s][info][gc,heap     ] GC(96) y:  Promoted:         -                  -                 0M (0%)            0M (0%)     
[2026-04-03T03:24:19.069+0600][54.947s][info][gc,heap     ] GC(96) y: Compacted:         -                  -                  -                17M (1%)     
[2026-04-03T03:24:19.069+0600][54.947s][info][gc,phases   ] GC(96) y: Young Generation 546M(44%)->526M(42%) 0.230s
[2026-04-03T03:24:19.069+0600][54.947s][info][gc          ] GC(96) Minor Collection (Allocation Rate) 546M(44%)->526M(42%) 0.231s
[2026-04-03T03:24:19.069+0600][54.947s][info][gc          ] GC(97) Minor Collection (Allocation Rate)
[2026-04-03T03:24:19.069+0600][54.947s][info][gc,task     ] GC(97) Using 1 Workers for Young Generation
[2026-04-03T03:24:19.069+0600][54.947s][info][gc,phases   ] GC(97) y: Young Generation
[2026-04-03T03:24:19.070+0600][54.947s][info][gc,phases   ] GC(97) y: Pause Mark Start 0.041ms
[2026-04-03T03:24:19.184+0600][55.061s][info][gc,phases   ] GC(94) O: Concurrent Mark 743.803ms
[2026-04-03T03:24:19.184+0600][55.062s][info][gc,phases   ] GC(94) O: Pause Mark End 0.044ms
[2026-04-03T03:24:19.184+0600][55.062s][info][gc,phases   ] GC(94) O: Concurrent Mark Free 0.002ms
[2026-04-03T03:24:19.203+0600][55.081s][info][gc,phases   ] GC(94) O: Concurrent Process Non-Strong 19.126ms
[2026-04-03T03:24:19.204+0600][55.081s][info][gc,phases   ] GC(94) O: Concurrent Reset Relocation Set 0.013ms
[2026-04-03T03:24:19.213+0600][55.091s][info][gc,phases   ] GC(94) O: Concurrent Select Relocation Set 9.532ms
[2026-04-03T03:24:19.279+0600][55.156s][info][gc,phases   ] GC(97) y: Concurrent Mark 208.794ms
[2026-04-03T03:24:19.279+0600][55.157s][info][gc,phases   ] GC(97) y: Pause Mark End 0.048ms
[2026-04-03T03:24:19.279+0600][55.157s][info][gc,phases   ] GC(97) y: Concurrent Mark Free 0.004ms
[2026-04-03T03:24:19.279+0600][55.157s][info][gc,phases   ] GC(97) y: Concurrent Reset Relocation Set 0.004ms
[2026-04-03T03:24:19.281+0600][55.159s][info][gc,reloc    ] GC(97) y: Using tenuring threshold: 2 (Computed)
[2026-04-03T03:24:19.295+0600][55.173s][info][gc,phases   ] GC(97) y: Concurrent Select Relocation Set 15.574ms
[2026-04-03T03:24:19.295+0600][55.173s][info][gc,phases   ] GC(97) y: Pause Relocate Start 0.027ms
[2026-04-03T03:24:19.335+0600][55.213s][info][gc,phases   ] GC(97) y: Concurrent Relocate 39.842ms
[2026-04-03T03:24:19.336+0600][55.213s][info][gc,alloc    ] GC(97) y:                         Mark Start        Mark End      Relocate Start    Relocate End   
[2026-04-03T03:24:19.336+0600][55.213s][info][gc,alloc    ] GC(97) y: Allocation Stalls:          0                0                0                0         
[2026-04-03T03:24:19.336+0600][55.213s][info][gc,load     ] GC(97) y: Load: 4.24 (35%) / 4.62 (39%) / 5.21 (43%)
[2026-04-03T03:24:19.336+0600][55.213s][info][gc,mmu      ] GC(97) y: MMU: 2ms/87.1%, 5ms/94.9%, 10ms/97.4%, 20ms/98.7%, 50ms/99.4%, 100ms/99.6%
[2026-04-03T03:24:19.336+0600][55.213s][info][gc,marking  ] GC(97) y: Mark: 1 stripe(s), 2 proactive flush(es), 1 terminate flush(es), 0 completion(s), 0 continuation(s) 
[2026-04-03T03:24:19.336+0600][55.213s][info][gc,marking  ] GC(97) y: Mark Stack Usage: 32M
[2026-04-03T03:24:19.336+0600][55.213s][info][gc,nmethod  ] GC(97) y: NMethods: 6918 registered, 1386 unregistered
[2026-04-03T03:24:19.336+0600][55.213s][info][gc,metaspace] GC(97) y: Metaspace: 71M used, 72M committed, 1088M reserved
[2026-04-03T03:24:19.336+0600][55.213s][info][gc,reloc    ] GC(97) y:                        Candidates     Selected     In-Place         Size        Empty    Relocated 
[2026-04-03T03:24:19.336+0600][55.213s][info][gc,reloc    ] GC(97) y: Small Pages:                   19           12            0          38M           2M           1M 
[2026-04-03T03:24:19.336+0600][55.213s][info][gc,reloc    ] GC(97) y: Medium Pages:                   3            1            0          96M           0M           5M 
[2026-04-03T03:24:19.336+0600][55.213s][info][gc,reloc    ] GC(97) y: Large Pages:                    1            0            0           6M           0M           0M 
[2026-04-03T03:24:19.336+0600][55.213s][info][gc,reloc    ] GC(97) y: Forwarding Usage: 1M
[2026-04-03T03:24:19.336+0600][55.214s][info][gc,reloc    ] GC(97) y: Age Table:
[2026-04-03T03:24:19.336+0600][55.214s][info][gc,reloc    ] GC(97) y:                    Live             Garbage             Small              Medium             Large        
[2026-04-03T03:24:19.336+0600][55.214s][info][gc,reloc    ] GC(97) y: Eden              26M (2%)           25M (2%)           7 / 5              1 / 0              1 / 0        
[2026-04-03T03:24:19.336+0600][55.214s][info][gc,reloc    ] GC(97) y: Survivor 1         8M (1%)           61M (5%)           3 / 3              2 / 1              0 / 0        
[2026-04-03T03:24:19.336+0600][55.214s][info][gc,reloc    ] GC(97) y: Survivor 2        10M (1%)            7M (1%)           9 / 4              0 / 0              0 / 0        
[2026-04-03T03:24:19.336+0600][55.214s][info][gc,heap     ] GC(97) y: Min Capacity: 8M(1%)
[2026-04-03T03:24:19.336+0600][55.214s][info][gc,heap     ] GC(97) y: Max Capacity: 1250M(100%)
[2026-04-03T03:24:19.336+0600][55.214s][info][gc,heap     ] GC(97) y: Soft Max Capacity: 1250M(100%)
[2026-04-03T03:24:19.336+0600][55.214s][info][gc,heap     ] GC(97) y: Heap Statistics:
[2026-04-03T03:24:19.336+0600][55.214s][info][gc,heap     ] GC(97) y:                Mark Start          Mark End        Relocate Start      Relocate End           High               Low         
[2026-04-03T03:24:19.336+0600][55.214s][info][gc,heap     ] GC(97) y:  Capacity:     1250M (100%)       1250M (100%)       1250M (100%)       1250M (100%)       1250M (100%)       1250M (100%)   
[2026-04-03T03:24:19.336+0600][55.214s][info][gc,heap     ] GC(97) y:      Free:      724M (58%)         724M (58%)         724M (58%)         718M (57%)         734M (59%)         652M (52%)    
[2026-04-03T03:24:19.336+0600][55.214s][info][gc,heap     ] GC(97) y:      Used:      526M (42%)         526M (42%)         526M (42%)         532M (43%)         598M (48%)         516M (41%)    
[2026-04-03T03:24:19.336+0600][55.214s][info][gc,heap     ] GC(97) y: Young Generation Statistics:
[2026-04-03T03:24:19.336+0600][55.214s][info][gc,heap     ] GC(97) y:                Mark Start          Mark End        Relocate Start      Relocate End    
[2026-04-03T03:24:19.336+0600][55.214s][info][gc,heap     ] GC(97) y:      Used:      140M (11%)         208M (17%)         198M (16%)         198M (16%)    
[2026-04-03T03:24:19.336+0600][55.214s][info][gc,heap     ] GC(97) y:      Live:         -                45M (4%)           35M (3%)           34M (3%)     
[2026-04-03T03:24:19.336+0600][55.214s][info][gc,heap     ] GC(97) y:   Garbage:         -                94M (8%)           92M (7%)           11M (1%)     
[2026-04-03T03:24:19.336+0600][55.214s][info][gc,heap     ] GC(97) y: Allocated:         -                68M (5%)           70M (6%)          151M (12%)    
[2026-04-03T03:24:19.336+0600][55.214s][info][gc,heap     ] GC(97) y: Reclaimed:         -                  -                 2M (0%)           83M (7%)     
[2026-04-03T03:24:19.336+0600][55.214s][info][gc,heap     ] GC(97) y:  Promoted:         -                  -                 9M (1%)           10M (1%)     
[2026-04-03T03:24:19.336+0600][55.214s][info][gc,heap     ] GC(97) y: Compacted:         -                  -                  -                 8M (1%)     
[2026-04-03T03:24:19.336+0600][55.214s][info][gc,phases   ] GC(97) y: Young Generation 526M(42%)->532M(43%) 0.266s
[2026-04-03T03:24:19.336+0600][55.214s][info][gc          ] GC(97) Minor Collection (Allocation Rate) 526M(42%)->534M(43%) 0.267s
[2026-04-03T03:24:19.336+0600][55.214s][info][gc,task     ] GC(94) O: Using 3 Workers for Old Generation
[2026-04-03T03:24:19.365+0600][55.243s][info][gc,task     ] GC(94) O: Using 2 Workers for Old Generation
[2026-04-03T03:24:19.365+0600][55.243s][info][gc,phases   ] GC(94) O: Concurrent Remap Roots 28.834ms
[2026-04-03T03:24:19.365+0600][55.243s][info][gc,phases   ] GC(94) O: Pause Relocate Start 0.090ms
[2026-04-03T03:24:19.366+0600][55.243s][info][gc          ] GC(98) Minor Collection (Allocation Rate)
[2026-04-03T03:24:19.366+0600][55.244s][info][gc,task     ] GC(98) Using 1 Workers for Young Generation
[2026-04-03T03:24:19.366+0600][55.244s][info][gc,phases   ] GC(98) y: Young Generation
[2026-04-03T03:24:19.366+0600][55.244s][info][gc,phases   ] GC(98) y: Pause Mark Start 0.045ms
[2026-04-03T03:24:19.383+0600][55.260s][info][gc,phases   ] GC(94) O: Concurrent Relocate 17.022ms
[2026-04-03T03:24:19.438+0600][55.316s][info][gc,phases   ] GC(98) y: Concurrent Mark 71.940ms
[2026-04-03T03:24:19.439+0600][55.317s][info][gc,phases   ] GC(98) y: Pause Mark End 0.057ms
[2026-04-03T03:24:19.439+0600][55.317s][info][gc,phases   ] GC(98) y: Concurrent Mark Free 0.003ms
[2026-04-03T03:24:19.439+0600][55.317s][info][gc,phases   ] GC(98) y: Concurrent Reset Relocation Set 0.023ms
[2026-04-03T03:24:19.441+0600][55.319s][info][gc,reloc    ] GC(98) y: Using tenuring threshold: 3 (Computed)
[2026-04-03T03:24:19.443+0600][55.321s][info][gc,phases   ] GC(98) y: Concurrent Select Relocation Set 4.121ms
[2026-04-03T03:24:19.444+0600][55.322s][info][gc,phases   ] GC(98) y: Pause Relocate Start 0.023ms
[2026-04-03T03:24:19.462+0600][55.340s][info][gc,phases   ] GC(98) y: Concurrent Relocate 18.028ms
[2026-04-03T03:24:19.462+0600][55.340s][info][gc,alloc    ] GC(98) y:                         Mark Start        Mark End      Relocate Start    Relocate End   
[2026-04-03T03:24:19.462+0600][55.340s][info][gc,alloc    ] GC(98) y: Allocation Stalls:          0                0                0                0         
[2026-04-03T03:24:19.462+0600][55.340s][info][gc,load     ] GC(98) y: Load: 4.24 (35%) / 4.62 (39%) / 5.21 (43%)
[2026-04-03T03:24:19.462+0600][55.340s][info][gc,mmu      ] GC(98) y: MMU: 2ms/87.1%, 5ms/94.9%, 10ms/97.4%, 20ms/98.7%, 50ms/99.4%, 100ms/99.6%
[2026-04-03T03:24:19.462+0600][55.340s][info][gc,marking  ] GC(98) y: Mark: 1 stripe(s), 2 proactive flush(es), 1 terminate flush(es), 0 completion(s), 0 continuation(s) 
[2026-04-03T03:24:19.462+0600][55.340s][info][gc,marking  ] GC(98) y: Mark Stack Usage: 32M
[2026-04-03T03:24:19.462+0600][55.340s][info][gc,nmethod  ] GC(98) y: NMethods: 6951 registered, 1386 unregistered
[2026-04-03T03:24:19.462+0600][55.340s][info][gc,metaspace] GC(98) y: Metaspace: 71M used, 72M committed, 1088M reserved
[2026-04-03T03:24:19.462+0600][55.340s][info][gc,reloc    ] GC(98) y:                        Candidates     Selected     In-Place         Size        Empty    Relocated 
[2026-04-03T03:24:19.462+0600][55.340s][info][gc,reloc    ] GC(98) y: Small Pages:                   28           26            0          56M           0M           2M 
[2026-04-03T03:24:19.462+0600][55.340s][info][gc,reloc    ] GC(98) y: Medium Pages:                   5            2            0         160M          32M           9M 
[2026-04-03T03:24:19.462+0600][55.340s][info][gc,reloc    ] GC(98) y: Large Pages:                    5            0            0          34M          14M           0M 
[2026-04-03T03:24:19.462+0600][55.340s][info][gc,reloc    ] GC(98) y: Forwarding Usage: 2M
[2026-04-03T03:24:19.462+0600][55.340s][info][gc,reloc    ] GC(98) y: Age Table:
[2026-04-03T03:24:19.462+0600][55.340s][info][gc,reloc    ] GC(98) y:                    Live             Garbage             Small              Medium             Large        
[2026-04-03T03:24:19.462+0600][55.340s][info][gc,reloc    ] GC(98) y: Eden              52M (4%)           87M (7%)          24 / 22             2 / 1              4 / 0        
[2026-04-03T03:24:19.462+0600][55.340s][info][gc,reloc    ] GC(98) y: Survivor 1         6M (0%)           35M (3%)           2 / 2              1 / 1              1 / 0        
[2026-04-03T03:24:19.462+0600][55.340s][info][gc,reloc    ] GC(98) y: Survivor 2         3M (0%)           64M (5%)           2 / 2              2 / 0              0 / 0        
[2026-04-03T03:24:19.462+0600][55.340s][info][gc,heap     ] GC(98) y: Min Capacity: 8M(1%)
[2026-04-03T03:24:19.462+0600][55.340s][info][gc,heap     ] GC(98) y: Max Capacity: 1250M(100%)
[2026-04-03T03:24:19.462+0600][55.340s][info][gc,heap     ] GC(98) y: Soft Max Capacity: 1250M(100%)
[2026-04-03T03:24:19.462+0600][55.340s][info][gc,heap     ] GC(98) y: Heap Statistics:
[2026-04-03T03:24:19.462+0600][55.340s][info][gc,heap     ] GC(98) y:                Mark Start          Mark End        Relocate Start      Relocate End           High               Low         
[2026-04-03T03:24:19.462+0600][55.340s][info][gc,heap     ] GC(98) y:  Capacity:     1250M (100%)       1250M (100%)       1250M (100%)       1250M (100%)       1250M (100%)       1250M (100%)   
[2026-04-03T03:24:19.462+0600][55.340s][info][gc,heap     ] GC(98) y:      Free:      666M (53%)         606M (48%)         648M (52%)         590M (47%)         678M (54%)         532M (43%)    
[2026-04-03T03:24:19.462+0600][55.340s][info][gc,heap     ] GC(98) y:      Used:      584M (47%)         644M (52%)         602M (48%)         660M (53%)         718M (57%)         572M (46%)    
[2026-04-03T03:24:19.463+0600][55.340s][info][gc,heap     ] GC(98) y: Young Generation Statistics:
[2026-04-03T03:24:19.463+0600][55.340s][info][gc,heap     ] GC(98) y:                Mark Start          Mark End        Relocate Start      Relocate End    
[2026-04-03T03:24:19.463+0600][55.340s][info][gc,heap     ] GC(98) y:      Used:      250M (20%)         334M (27%)         292M (23%)         350M (28%)    
[2026-04-03T03:24:19.463+0600][55.340s][info][gc,heap     ] GC(98) y:      Live:         -                61M (5%)           61M (5%)           61M (5%)     
[2026-04-03T03:24:19.463+0600][55.340s][info][gc,heap     ] GC(98) y:   Garbage:         -               188M (15%)         142M (11%)           6M (1%)     
[2026-04-03T03:24:19.463+0600][55.340s][info][gc,heap     ] GC(98) y: Allocated:         -                84M (7%)           88M (7%)          281M (23%)    
[2026-04-03T03:24:19.463+0600][55.340s][info][gc,heap     ] GC(98) y: Reclaimed:         -                  -                46M (4%)          181M (15%)    
[2026-04-03T03:24:19.463+0600][55.340s][info][gc,heap     ] GC(98) y:  Promoted:         -                  -                 0M (0%)            0M (0%)     
[2026-04-03T03:24:19.463+0600][55.340s][info][gc,heap     ] GC(98) y: Compacted:         -                  -                  -                16M (1%)     
[2026-04-03T03:24:19.463+0600][55.340s][info][gc,phases   ] GC(98) y: Young Generation 584M(47%)->660M(53%) 0.096s
[2026-04-03T03:24:19.463+0600][55.340s][info][gc          ] GC(98) Minor Collection (Allocation Rate) 584M(47%)->660M(53%) 0.097s
[2026-04-03T03:24:19.463+0600][55.341s][info][gc,alloc    ] GC(94) O:                         Mark Start        Mark End      Relocate Start    Relocate End   
[2026-04-03T03:24:19.463+0600][55.341s][info][gc,alloc    ] GC(94) O: Allocation Stalls:          0                0                0                0         
[2026-04-03T03:24:19.463+0600][55.341s][info][gc,load     ] GC(94) O: Load: 4.24 (35%) / 4.62 (39%) / 5.21 (43%)
[2026-04-03T03:24:19.463+0600][55.341s][info][gc,mmu      ] GC(94) O: MMU: 2ms/87.1%, 5ms/94.9%, 10ms/97.4%, 20ms/98.7%, 50ms/99.4%, 100ms/99.6%
[2026-04-03T03:24:19.463+0600][55.341s][info][gc,marking  ] GC(94) O: Mark: 1 stripe(s), 2 proactive flush(es), 1 terminate flush(es), 0 completion(s), 0 continuation(s) 
[2026-04-03T03:24:19.463+0600][55.341s][info][gc,marking  ] GC(94) O: Mark Stack Usage: 32M
[2026-04-03T03:24:19.463+0600][55.341s][info][gc,nmethod  ] GC(94) O: NMethods: 6951 registered, 1386 unregistered
[2026-04-03T03:24:19.463+0600][55.341s][info][gc,metaspace] GC(94) O: Metaspace: 71M used, 72M committed, 1088M reserved
[2026-04-03T03:24:19.463+0600][55.341s][info][gc,ref      ] GC(94) O:                       Encountered   Discovered     Enqueued 
[2026-04-03T03:24:19.463+0600][55.341s][info][gc,ref      ] GC(94) O: Soft References:             5095            0            0 
[2026-04-03T03:24:19.463+0600][55.341s][info][gc,ref      ] GC(94) O: Weak References:             7045         6137          362 
[2026-04-03T03:24:19.463+0600][55.341s][info][gc,ref      ] GC(94) O: Final References:              84           68            0 
[2026-04-03T03:24:19.463+0600][55.341s][info][gc,ref      ] GC(94) O: Phantom References:           602          341            0 
[2026-04-03T03:24:19.463+0600][55.341s][info][gc,reloc    ] GC(94) O:                        Candidates     Selected     In-Place         Size        Empty    Relocated 
[2026-04-03T03:24:19.463+0600][55.341s][info][gc,reloc    ] GC(94) O: Small Pages:                  119           13            0         238M          40M           4M 
[2026-04-03T03:24:19.463+0600][55.341s][info][gc,reloc    ] GC(94) O: Medium Pages:                   1            0            0          32M           0M           0M 
[2026-04-03T03:24:19.463+0600][55.341s][info][gc,reloc    ] GC(94) O: Large Pages:                    2            0            0          28M          28M           0M 
[2026-04-03T03:24:19.463+0600][55.341s][info][gc,reloc    ] GC(94) O: Forwarding Usage: 3M
[2026-04-03T03:24:19.463+0600][55.341s][info][gc,heap     ] GC(94) O: Min Capacity: 8M(1%)
[2026-04-03T03:24:19.463+0600][55.341s][info][gc,heap     ] GC(94) O: Max Capacity: 1250M(100%)
[2026-04-03T03:24:19.463+0600][55.341s][info][gc,heap     ] GC(94) O: Soft Max Capacity: 1250M(100%)
[2026-04-03T03:24:19.463+0600][55.341s][info][gc,heap     ] GC(94) O: Heap Statistics:
[2026-04-03T03:24:19.463+0600][55.341s][info][gc,heap     ] GC(94) O:                Mark Start          Mark End        Relocate Start      Relocate End           High               Low         
[2026-04-03T03:24:19.463+0600][55.341s][info][gc,heap     ] GC(94) O:  Capacity:     1250M (100%)       1250M (100%)       1250M (100%)       1250M (100%)       1250M (100%)       1250M (100%)   
[2026-04-03T03:24:19.463+0600][55.341s][info][gc,heap     ] GC(94) O:      Free:      632M (51%)         672M (54%)         666M (53%)         646M (52%)         748M (60%)         512M (41%)    
[2026-04-03T03:24:19.463+0600][55.341s][info][gc,heap     ] GC(94) O:      Used:      618M (49%)         578M (46%)         584M (47%)         604M (48%)         738M (59%)         502M (40%)    
[2026-04-03T03:24:19.463+0600][55.341s][info][gc,heap     ] GC(94) O: Old Generation Statistics:
[2026-04-03T03:24:19.463+0600][55.341s][info][gc,heap     ] GC(94) O:                Mark Start          Mark End        Relocate Start      Relocate End    
[2026-04-03T03:24:19.463+0600][55.341s][info][gc,heap     ] GC(94) O:      Used:      298M (24%)         386M (31%)         334M (27%)         310M (25%)    
[2026-04-03T03:24:19.463+0600][55.341s][info][gc,heap     ] GC(94) O:      Live:         -               179M (14%)         179M (14%)         179M (14%)    
[2026-04-03T03:24:19.463+0600][55.341s][info][gc,heap     ] GC(94) O:   Garbage:         -               118M (9%)           50M (4%)           23M (2%)     
[2026-04-03T03:24:19.463+0600][55.341s][info][gc,heap     ] GC(94) O: Allocated:         -                88M (7%)          104M (8%)          107M (9%)     
[2026-04-03T03:24:19.463+0600][55.341s][info][gc,heap     ] GC(94) O: Reclaimed:         -                  -                68M (5%)           95M (8%)     
[2026-04-03T03:24:19.463+0600][55.341s][info][gc,heap     ] GC(94) O: Compacted:         -                  -                  -                 6M (1%)     
[2026-04-03T03:24:19.463+0600][55.341s][info][gc,phases   ] GC(94) O: Old Generation 522M(42%)->604M(48%) 1.023s
[2026-04-03T03:24:19.463+0600][55.341s][info][gc          ] GC(94) Major Collection (Allocation Rate) 618M(49%)->660M(53%) 1.216s
[2026-04-03T03:24:19.483+0600][55.360s][info][gc          ] GC(99) Minor Collection (Allocation Rate)
[2026-04-03T03:24:19.483+0600][55.360s][info][gc,task     ] GC(99) Using 3 Workers for Young Generation
[2026-04-03T03:24:19.483+0600][55.361s][info][gc,phases   ] GC(99) y: Young Generation
[2026-04-03T03:24:19.496+0600][55.374s][info][gc,phases   ] GC(99) y: Pause Mark Start 0.030ms
[2026-04-03T03:24:19.532+0600][55.410s][info][gc,phases   ] GC(99) y: Concurrent Mark 35.697ms
[2026-04-03T03:24:19.532+0600][55.410s][info][gc,phases   ] GC(99) y: Pause Mark End 0.027ms
[2026-04-03T03:24:19.533+0600][55.410s][info][gc,phases   ] GC(99) y: Concurrent Mark Free 0.002ms
[2026-04-03T03:24:19.533+0600][55.410s][info][gc,phases   ] GC(99) y: Concurrent Reset Relocation Set 0.012ms
[2026-04-03T03:24:19.535+0600][55.412s][info][gc,reloc    ] GC(99) y: Using tenuring threshold: 1 (Computed)
[2026-04-03T03:24:19.540+0600][55.418s][info][gc,phases   ] GC(99) y: Concurrent Select Relocation Set 7.593ms
[2026-04-03T03:24:19.541+0600][55.418s][info][gc,phases   ] GC(99) y: Pause Relocate Start 0.023ms
[2026-04-03T03:24:19.564+0600][55.442s][info][gc,phases   ] GC(99) y: Concurrent Relocate 22.974ms
[2026-04-03T03:24:19.564+0600][55.442s][info][gc,alloc    ] GC(99) y:                         Mark Start        Mark End      Relocate Start    Relocate End   
[2026-04-03T03:24:19.564+0600][55.442s][info][gc,alloc    ] GC(99) y: Allocation Stalls:          0                0                0                0         
[2026-04-03T03:24:19.564+0600][55.442s][info][gc,load     ] GC(99) y: Load: 4.24 (35%) / 4.62 (39%) / 5.21 (43%)
[2026-04-03T03:24:19.564+0600][55.442s][info][gc,mmu      ] GC(99) y: MMU: 2ms/87.1%, 5ms/94.9%, 10ms/97.4%, 20ms/98.7%, 50ms/99.4%, 100ms/99.6%
[2026-04-03T03:24:19.564+0600][55.442s][info][gc,marking  ] GC(99) y: Mark: 2 stripe(s), 2 proactive flush(es), 1 terminate flush(es), 0 completion(s), 0 continuation(s) 
[2026-04-03T03:24:19.564+0600][55.442s][info][gc,marking  ] GC(99) y: Mark Stack Usage: 32M
[2026-04-03T03:24:19.564+0600][55.442s][info][gc,nmethod  ] GC(99) y: NMethods: 6990 registered, 1386 unregistered
[2026-04-03T03:24:19.564+0600][55.442s][info][gc,metaspace] GC(99) y: Metaspace: 71M used, 72M committed, 1088M reserved
[2026-04-03T03:24:19.564+0600][55.442s][info][gc,reloc    ] GC(99) y:                        Candidates     Selected     In-Place         Size        Empty    Relocated 
[2026-04-03T03:24:19.564+0600][55.442s][info][gc,reloc    ] GC(99) y: Small Pages:                   45           37            0          90M           4M           6M 
[2026-04-03T03:24:19.564+0600][55.442s][info][gc,reloc    ] GC(99) y: Medium Pages:                   7            2            0         224M          96M          19M 
[2026-04-03T03:24:19.564+0600][55.442s][info][gc,reloc    ] GC(99) y: Large Pages:                    7            0            0          44M          18M           0M 
[2026-04-03T03:24:19.564+0600][55.442s][info][gc,reloc    ] GC(99) y: Forwarding Usage: 7M
[2026-04-03T03:24:19.564+0600][55.442s][info][gc,reloc    ] GC(99) y: Age Table:
[2026-04-03T03:24:19.564+0600][55.442s][info][gc,reloc    ] GC(99) y:                    Live             Garbage             Small              Medium             Large        
[2026-04-03T03:24:19.564+0600][55.442s][info][gc,reloc    ] GC(99) y: Eden              42M (3%)           85M (7%)          36 / 31             1 / 0              4 / 0        
[2026-04-03T03:24:19.564+0600][55.442s][info][gc,reloc    ] GC(99) y: Survivor 1        26M (2%)          101M (8%)           6 / 4              3 / 1              3 / 0        
[2026-04-03T03:24:19.564+0600][55.442s][info][gc,reloc    ] GC(99) y: Survivor 2         1M (0%)           32M (3%)           1 / 1              1 / 0              0 / 0        
[2026-04-03T03:24:19.564+0600][55.442s][info][gc,reloc    ] GC(99) y: Survivor 3         3M (0%)           64M (5%)           2 / 1              2 / 1              0 / 0        
[2026-04-03T03:24:19.564+0600][55.442s][info][gc,heap     ] GC(99) y: Min Capacity: 8M(1%)
[2026-04-03T03:24:19.564+0600][55.442s][info][gc,heap     ] GC(99) y: Max Capacity: 1250M(100%)
[2026-04-03T03:24:19.564+0600][55.442s][info][gc,heap     ] GC(99) y: Soft Max Capacity: 1250M(100%)
[2026-04-03T03:24:19.564+0600][55.442s][info][gc,heap     ] GC(99) y: Heap Statistics:
[2026-04-03T03:24:19.564+0600][55.442s][info][gc,heap     ] GC(99) y:                Mark Start          Mark End        Relocate Start      Relocate End           High               Low         
[2026-04-03T03:24:19.564+0600][55.442s][info][gc,heap     ] GC(99) y:  Capacity:     1250M (100%)       1250M (100%)       1250M (100%)       1250M (100%)       1250M (100%)       1250M (100%)   
[2026-04-03T03:24:19.564+0600][55.442s][info][gc,heap     ] GC(99) y:      Free:      582M (47%)         482M (39%)         592M (47%)         660M (53%)         664M (53%)         480M (38%)    
[2026-04-03T03:24:19.564+0600][55.442s][info][gc,heap     ] GC(99) y:      Used:      668M (53%)         768M (61%)         658M (53%)         590M (47%)         770M (62%)         586M (47%)    
[2026-04-03T03:24:19.564+0600][55.442s][info][gc,heap     ] GC(99) y: Young Generation Statistics:
[2026-04-03T03:24:19.564+0600][55.442s][info][gc,heap     ] GC(99) y:                Mark Start          Mark End        Relocate Start      Relocate End    
[2026-04-03T03:24:19.564+0600][55.442s][info][gc,heap     ] GC(99) y:      Used:      358M (29%)         458M (37%)         338M (27%)         202M (16%)    
[2026-04-03T03:24:19.564+0600][55.442s][info][gc,heap     ] GC(99) y:      Live:         -                73M (6%)           63M (5%)           42M (3%)     
[2026-04-03T03:24:19.564+0600][55.442s][info][gc,heap     ] GC(99) y:   Garbage:         -               284M (23%)         166M (13%)          14M (1%)     
[2026-04-03T03:24:19.564+0600][55.442s][info][gc,heap     ] GC(99) y: Allocated:         -               100M (8%)          108M (9%)          145M (12%)    
[2026-04-03T03:24:19.564+0600][55.442s][info][gc,heap     ] GC(99) y: Reclaimed:         -                  -               118M (9%)          270M (22%)    
[2026-04-03T03:24:19.564+0600][55.442s][info][gc,heap     ] GC(99) y:  Promoted:         -                  -                 9M (1%)           30M (2%)     
[2026-04-03T03:24:19.564+0600][55.442s][info][gc,heap     ] GC(99) y: Compacted:         -                  -                  -                 6M (1%)     
[2026-04-03T03:24:19.564+0600][55.442s][info][gc,phases   ] GC(99) y: Young Generation 668M(53%)->590M(47%) 0.081s
[2026-04-03T03:24:19.564+0600][55.442s][info][gc          ] GC(99) Minor Collection (Allocation Rate) 668M(53%)->590M(47%) 0.082s
[2026-04-03T03:24:19.690+0600][55.567s][info][gc          ] GC(100) Minor Collection (Allocation Rate)
[2026-04-03T03:24:19.690+0600][55.567s][info][gc,task     ] GC(100) Using 3 Workers for Young Generation
[2026-04-03T03:24:19.690+0600][55.567s][info][gc,phases   ] GC(100) y: Young Generation
[2026-04-03T03:24:19.695+0600][55.573s][info][gc,phases   ] GC(100) y: Pause Mark Start 0.018ms
[2026-04-03T03:24:19.776+0600][55.654s][info][gc,phases   ] GC(100) y: Concurrent Mark 81.089ms
[2026-04-03T03:24:19.777+0600][55.654s][info][gc,phases   ] GC(100) y: Pause Mark End 0.030ms
[2026-04-03T03:24:19.777+0600][55.654s][info][gc,phases   ] GC(100) y: Concurrent Mark Free 0.001ms
[2026-04-03T03:24:19.777+0600][55.655s][info][gc,phases   ] GC(100) y: Concurrent Reset Relocation Set 0.026ms
[2026-04-03T03:24:19.780+0600][55.657s][info][gc,reloc    ] GC(100) y: Using tenuring threshold: 2 (Computed)
[2026-04-03T03:24:19.788+0600][55.666s][info][gc,phases   ] GC(100) y: Concurrent Select Relocation Set 11.646ms
[2026-04-03T03:24:19.789+0600][55.666s][info][gc,phases   ] GC(100) y: Pause Relocate Start 0.019ms
[2026-04-03T03:24:19.833+0600][55.710s][info][gc,phases   ] GC(100) y: Concurrent Relocate 43.925ms
[2026-04-03T03:24:19.833+0600][55.711s][info][gc,alloc    ] GC(100) y:                         Mark Start        Mark End      Relocate Start    Relocate End   
[2026-04-03T03:24:19.833+0600][55.711s][info][gc,alloc    ] GC(100) y: Allocation Stalls:          0                0                0                0         
[2026-04-03T03:24:19.833+0600][55.711s][info][gc,load     ] GC(100) y: Load: 4.24 (35%) / 4.62 (39%) / 5.21 (43%)
[2026-04-03T03:24:19.833+0600][55.711s][info][gc,mmu      ] GC(100) y: MMU: 2ms/87.1%, 5ms/94.9%, 10ms/97.4%, 20ms/98.7%, 50ms/99.4%, 100ms/99.6%
[2026-04-03T03:24:19.833+0600][55.711s][info][gc,marking  ] GC(100) y: Mark: 2 stripe(s), 10 proactive flush(es), 1 terminate flush(es), 0 completion(s), 0 continuation(s) 
[2026-04-03T03:24:19.833+0600][55.711s][info][gc,marking  ] GC(100) y: Mark Stack Usage: 32M
[2026-04-03T03:24:19.833+0600][55.711s][info][gc,nmethod  ] GC(100) y: NMethods: 7015 registered, 1386 unregistered
[2026-04-03T03:24:19.833+0600][55.711s][info][gc,metaspace] GC(100) y: Metaspace: 71M used, 72M committed, 1088M reserved
[2026-04-03T03:24:19.833+0600][55.711s][info][gc,reloc    ] GC(100) y:                        Candidates     Selected     In-Place         Size        Empty    Relocated 
[2026-04-03T03:24:19.833+0600][55.711s][info][gc,reloc    ] GC(100) y: Small Pages:                  150          127            0         300M           2M          28M 
[2026-04-03T03:24:19.833+0600][55.711s][info][gc,reloc    ] GC(100) y: Medium Pages:                   3            1            0          96M          32M           2M 
[2026-04-03T03:24:19.833+0600][55.711s][info][gc,reloc    ] GC(100) y: Large Pages:                   10            0            0          60M          42M           0M 
[2026-04-03T03:24:19.833+0600][55.711s][info][gc,reloc    ] GC(100) y: Forwarding Usage: 33M
[2026-04-03T03:24:19.833+0600][55.711s][info][gc,reloc    ] GC(100) y: Age Table:
[2026-04-03T03:24:19.833+0600][55.711s][info][gc,reloc    ] GC(100) y:                    Live             Garbage             Small              Medium             Large        
[2026-04-03T03:24:19.833+0600][55.711s][info][gc,reloc    ] GC(100) y: Eden              39M (3%)          352M (28%)        143 / 124            2 / 0              7 / 0        
[2026-04-03T03:24:19.833+0600][55.711s][info][gc,reloc    ] GC(100) y: Survivor 1        20M (2%)           43M (3%)           7 / 3              1 / 1              3 / 0        
[2026-04-03T03:24:19.833+0600][55.711s][info][gc,heap     ] GC(100) y: Min Capacity: 8M(1%)
[2026-04-03T03:24:19.833+0600][55.711s][info][gc,heap     ] GC(100) y: Max Capacity: 1250M(100%)
[2026-04-03T03:24:19.833+0600][55.711s][info][gc,heap     ] GC(100) y: Soft Max Capacity: 1250M(100%)
[2026-04-03T03:24:19.833+0600][55.711s][info][gc,heap     ] GC(100) y: Heap Statistics:
[2026-04-03T03:24:19.833+0600][55.711s][info][gc,heap     ] GC(100) y:                Mark Start          Mark End        Relocate Start      Relocate End           High               Low         
[2026-04-03T03:24:19.833+0600][55.711s][info][gc,heap     ] GC(100) y:  Capacity:     1250M (100%)       1250M (100%)       1250M (100%)       1250M (100%)       1250M (100%)       1250M (100%)   
[2026-04-03T03:24:19.833+0600][55.711s][info][gc,heap     ] GC(100) y:      Free:      406M (32%)         332M (27%)         390M (31%)         588M (47%)         590M (47%)         324M (26%)    
[2026-04-03T03:24:19.833+0600][55.711s][info][gc,heap     ] GC(100) y:      Used:      844M (68%)         918M (73%)         860M (69%)         662M (53%)         926M (74%)         660M (53%)    
[2026-04-03T03:24:19.833+0600][55.711s][info][gc,heap     ] GC(100) y: Young Generation Statistics:
[2026-04-03T03:24:19.833+0600][55.711s][info][gc,heap     ] GC(100) y:                Mark Start          Mark End        Relocate Start      Relocate End    
[2026-04-03T03:24:19.833+0600][55.711s][info][gc,heap     ] GC(100) y:      Used:      456M (36%)         530M (42%)         472M (38%)         274M (22%)    
[2026-04-03T03:24:19.833+0600][55.711s][info][gc,heap     ] GC(100) y:      Live:         -                60M (5%)           60M (5%)           60M (5%)     
[2026-04-03T03:24:19.833+0600][55.711s][info][gc,heap     ] GC(100) y:   Garbage:         -               395M (32%)         319M (26%)           0M (0%)     
[2026-04-03T03:24:19.833+0600][55.711s][info][gc,heap     ] GC(100) y: Allocated:         -                74M (6%)           92M (7%)          213M (17%)    
[2026-04-03T03:24:19.833+0600][55.711s][info][gc,heap     ] GC(100) y: Reclaimed:         -                  -                76M (6%)          395M (32%)    
[2026-04-03T03:24:19.833+0600][55.711s][info][gc,heap     ] GC(100) y:  Promoted:         -                  -                 0M (0%)            0M (0%)     
[2026-04-03T03:24:19.833+0600][55.711s][info][gc,heap     ] GC(100) y: Compacted:         -                  -                  -                36M (3%)     
[2026-04-03T03:24:19.833+0600][55.711s][info][gc,phases   ] GC(100) y: Young Generation 844M(68%)->662M(53%) 0.143s
[2026-04-03T03:24:19.833+0600][55.711s][info][gc          ] GC(100) Minor Collection (Allocation Rate) 844M(68%)->662M(53%) 0.144s
[2026-04-03T03:24:19.833+0600][55.711s][info][gc          ] GC(101) Major Collection (Allocation Rate)
[2026-04-03T03:24:19.833+0600][55.711s][info][gc,task     ] GC(101) Using 3 Workers for Young Generation
[2026-04-03T03:24:19.833+0600][55.711s][info][gc,task     ] GC(101) Using 1 Workers for Old Generation
[2026-04-03T03:24:19.833+0600][55.711s][info][gc,phases   ] GC(101) Y: Young Generation
[2026-04-03T03:24:19.834+0600][55.711s][info][gc,phases   ] GC(101) Y: Pause Mark Start (Major) 0.030ms
[2026-04-03T03:24:19.978+0600][55.856s][info][gc,phases   ] GC(101) Y: Concurrent Mark 144.288ms
[2026-04-03T03:24:19.978+0600][55.856s][info][gc,phases   ] GC(101) Y: Pause Mark End 0.020ms
[2026-04-03T03:24:19.978+0600][55.856s][info][gc,phases   ] GC(101) Y: Concurrent Mark Free 0.001ms
[2026-04-03T03:24:19.978+0600][55.856s][info][gc,phases   ] GC(101) Y: Concurrent Reset Relocation Set 0.021ms
[2026-04-03T03:24:19.982+0600][55.860s][info][gc,reloc    ] GC(101) Y: Using tenuring threshold: 1 (Computed)
[2026-04-03T03:24:20.009+0600][55.887s][info][gc,phases   ] GC(101) Y: Concurrent Select Relocation Set 30.335ms
[2026-04-03T03:24:20.009+0600][55.887s][info][gc,phases   ] GC(101) Y: Pause Relocate Start 0.018ms
[2026-04-03T03:24:20.042+0600][55.920s][info][gc,phases   ] GC(101) Y: Concurrent Relocate 32.583ms
[2026-04-03T03:24:20.042+0600][55.920s][info][gc,alloc    ] GC(101) Y:                         Mark Start        Mark End      Relocate Start    Relocate End   
[2026-04-03T03:24:20.042+0600][55.920s][info][gc,alloc    ] GC(101) Y: Allocation Stalls:          0                0                0                0         
[2026-04-03T03:24:20.042+0600][55.920s][info][gc,load     ] GC(101) Y: Load: 4.24 (35%) / 4.62 (39%) / 5.21 (43%)
[2026-04-03T03:24:20.042+0600][55.920s][info][gc,mmu      ] GC(101) Y: MMU: 2ms/87.1%, 5ms/94.9%, 10ms/97.4%, 20ms/98.7%, 50ms/99.4%, 100ms/99.6%
[2026-04-03T03:24:20.042+0600][55.920s][info][gc,marking  ] GC(101) Y: Mark: 2 stripe(s), 2 proactive flush(es), 1 terminate flush(es), 0 completion(s), 0 continuation(s) 
[2026-04-03T03:24:20.042+0600][55.920s][info][gc,marking  ] GC(101) Y: Mark Stack Usage: 32M
[2026-04-03T03:24:20.042+0600][55.920s][info][gc,nmethod  ] GC(101) Y: NMethods: 7019 registered, 1386 unregistered
[2026-04-03T03:24:20.042+0600][55.920s][info][gc,metaspace] GC(101) Y: Metaspace: 71M used, 72M committed, 1088M reserved
[2026-04-03T03:24:20.042+0600][55.920s][info][gc,reloc    ] GC(101) Y:                        Candidates     Selected     In-Place         Size        Empty    Relocated 
[2026-04-03T03:24:20.042+0600][55.920s][info][gc,reloc    ] GC(101) Y: Small Pages:                   90            4            0         180M         108M           1M 
[2026-04-03T03:24:20.042+0600][55.920s][info][gc,reloc    ] GC(101) Y: Medium Pages:                   2            1            0          64M           0M           2M 
[2026-04-03T03:24:20.042+0600][55.920s][info][gc,reloc    ] GC(101) Y: Large Pages:                    5            0            0          30M           0M           0M 
[2026-04-03T03:24:20.042+0600][55.920s][info][gc,reloc    ] GC(101) Y: Forwarding Usage: 1M
[2026-04-03T03:24:20.042+0600][55.920s][info][gc,reloc    ] GC(101) Y: Age Table:
[2026-04-03T03:24:20.042+0600][55.920s][info][gc,reloc    ] GC(101) Y:                    Live             Garbage             Small              Medium             Large        
[2026-04-03T03:24:20.042+0600][55.920s][info][gc,reloc    ] GC(101) Y: Eden              34M (3%)          113M (9%)          68 / 1              0 / 0              2 / 0        
[2026-04-03T03:24:20.042+0600][55.920s][info][gc,reloc    ] GC(101) Y: Survivor 1        39M (3%)           34M (3%)          18 / 2              1 / 0              1 / 0        
[2026-04-03T03:24:20.042+0600][55.920s][info][gc,reloc    ] GC(101) Y: Survivor 2        20M (2%)           31M (2%)           4 / 1              1 / 1              2 / 0        
[2026-04-03T03:24:20.042+0600][55.920s][info][gc,heap     ] GC(101) Y: Min Capacity: 8M(1%)
[2026-04-03T03:24:20.042+0600][55.920s][info][gc,heap     ] GC(101) Y: Max Capacity: 1250M(100%)
[2026-04-03T03:24:20.042+0600][55.920s][info][gc,heap     ] GC(101) Y: Soft Max Capacity: 1250M(100%)
[2026-04-03T03:24:20.042+0600][55.920s][info][gc,heap     ] GC(101) Y: Heap Statistics:
[2026-04-03T03:24:20.042+0600][55.920s][info][gc,heap     ] GC(101) Y:                Mark Start          Mark End        Relocate Start      Relocate End           High               Low         
[2026-04-03T03:24:20.042+0600][55.920s][info][gc,heap     ] GC(101) Y:  Capacity:     1250M (100%)       1250M (100%)       1250M (100%)       1250M (100%)       1250M (100%)       1250M (100%)   
[2026-04-03T03:24:20.042+0600][55.920s][info][gc,heap     ] GC(101) Y:      Free:      588M (47%)         336M (27%)         368M (29%)         374M (30%)         588M (47%)         326M (26%)    
[2026-04-03T03:24:20.042+0600][55.920s][info][gc,heap     ] GC(101) Y:      Used:      662M (53%)         914M (73%)         882M (71%)         876M (70%)         924M (74%)         662M (53%)    
[2026-04-03T03:24:20.042+0600][55.920s][info][gc,heap     ] GC(101) Y: Young Generation Statistics:
[2026-04-03T03:24:20.042+0600][55.920s][info][gc,heap     ] GC(101) Y:                Mark Start          Mark End        Relocate Start      Relocate End    
[2026-04-03T03:24:20.042+0600][55.920s][info][gc,heap     ] GC(101) Y:      Used:      274M (22%)         526M (42%)         438M (35%)         398M (32%)    
[2026-04-03T03:24:20.042+0600][55.920s][info][gc,heap     ] GC(101) Y:      Live:         -                95M (8%)           39M (3%)           34M (3%)     
[2026-04-03T03:24:20.042+0600][55.920s][info][gc,heap     ] GC(101) Y:   Garbage:         -               178M (14%)          70M (6%)            1M (0%)     
[2026-04-03T03:24:20.042+0600][55.920s][info][gc,heap     ] GC(101) Y: Allocated:         -               252M (20%)         328M (26%)         361M (29%)    
[2026-04-03T03:24:20.042+0600][55.920s][info][gc,heap     ] GC(101) Y: Reclaimed:         -                  -               108M (9%)          177M (14%)    
[2026-04-03T03:24:20.042+0600][55.920s][info][gc,heap     ] GC(101) Y:  Promoted:         -                  -                55M (4%)           60M (5%)     
[2026-04-03T03:24:20.042+0600][55.920s][info][gc,heap     ] GC(101) Y: Compacted:         -                  -                  -                 0M (0%)     
[2026-04-03T03:24:20.042+0600][55.920s][info][gc,phases   ] GC(101) Y: Young Generation 662M(53%)->876M(70%) 0.208s
[2026-04-03T03:24:20.042+0600][55.920s][info][gc,phases   ] GC(101) O: Old Generation
[2026-04-03T03:24:20.044+0600][55.922s][info][gc          ] GC(102) Minor Collection (Allocation Rate)
[2026-04-03T03:24:20.044+0600][55.922s][info][gc,task     ] GC(102) Using 2 Workers for Young Generation
[2026-04-03T03:24:20.044+0600][55.922s][info][gc,phases   ] GC(102) y: Young Generation
[2026-04-03T03:24:20.044+0600][55.922s][info][gc,phases   ] GC(102) y: Pause Mark Start 0.017ms
[2026-04-03T03:24:20.155+0600][56.033s][info][gc,phases   ] GC(102) y: Concurrent Mark 110.851ms
[2026-04-03T03:24:20.156+0600][56.033s][info][gc,phases   ] GC(102) y: Pause Mark End 0.018ms
[2026-04-03T03:24:20.156+0600][56.033s][info][gc,phases   ] GC(102) y: Concurrent Mark Free 0.001ms
[2026-04-03T03:24:20.156+0600][56.033s][info][gc,phases   ] GC(102) y: Concurrent Reset Relocation Set 0.030ms
[2026-04-03T03:24:20.157+0600][56.035s][info][gc,reloc    ] GC(102) y: Using tenuring threshold: 2 (Computed)
[2026-04-03T03:24:20.158+0600][56.035s][info][gc,phases   ] GC(102) y: Concurrent Select Relocation Set 1.844ms
[2026-04-03T03:24:20.158+0600][56.035s][info][gc,phases   ] GC(102) y: Pause Relocate Start 0.009ms
[2026-04-03T03:24:20.160+0600][56.037s][info][gc,phases   ] GC(102) y: Concurrent Relocate 1.841ms
[2026-04-03T03:24:20.160+0600][56.037s][info][gc,alloc    ] GC(102) y:                         Mark Start        Mark End      Relocate Start    Relocate End   
[2026-04-03T03:24:20.160+0600][56.037s][info][gc,alloc    ] GC(102) y: Allocation Stalls:          0                0                0                0         
[2026-04-03T03:24:20.160+0600][56.037s][info][gc,load     ] GC(102) y: Load: 4.24 (35%) / 4.62 (39%) / 5.21 (43%)
[2026-04-03T03:24:20.160+0600][56.037s][info][gc,mmu      ] GC(102) y: MMU: 2ms/87.1%, 5ms/94.9%, 10ms/97.4%, 20ms/98.7%, 50ms/99.4%, 100ms/99.6%
[2026-04-03T03:24:20.160+0600][56.037s][info][gc,marking  ] GC(102) y: Mark: 2 stripe(s), 10 proactive flush(es), 1 terminate flush(es), 0 completion(s), 0 continuation(s) 
[2026-04-03T03:24:20.160+0600][56.037s][info][gc,marking  ] GC(102) y: Mark Stack Usage: 32M
[2026-04-03T03:24:20.160+0600][56.037s][info][gc,nmethod  ] GC(102) y: NMethods: 7022 registered, 1386 unregistered
[2026-04-03T03:24:20.160+0600][56.037s][info][gc,metaspace] GC(102) y: Metaspace: 71M used, 72M committed, 1088M reserved
[2026-04-03T03:24:20.160+0600][56.037s][info][gc,reloc    ] GC(102) y:                        Candidates     Selected     In-Place         Size        Empty    Relocated 
[2026-04-03T03:24:20.160+0600][56.037s][info][gc,reloc    ] GC(102) y: Small Pages:                  191            2            0         382M         304M           1M 
[2026-04-03T03:24:20.160+0600][56.037s][info][gc,reloc    ] GC(102) y: Medium Pages:                   0            0            0           0M           0M           0M 
[2026-04-03T03:24:20.160+0600][56.037s][info][gc,reloc    ] GC(102) y: Large Pages:                    3            0            0          18M          12M           0M 
[2026-04-03T03:24:20.160+0600][56.037s][info][gc,reloc    ] GC(102) y: Forwarding Usage: 1M
[2026-04-03T03:24:20.160+0600][56.037s][info][gc,reloc    ] GC(102) y: Age Table:
[2026-04-03T03:24:20.160+0600][56.037s][info][gc,reloc    ] GC(102) y:                    Live             Garbage             Small              Medium             Large        
[2026-04-03T03:24:20.160+0600][56.037s][info][gc,reloc    ] GC(102) y: Eden              50M (4%)          311M (25%)        178 / 1              0 / 0              1 / 0        
[2026-04-03T03:24:20.160+0600][56.037s][info][gc,reloc    ] GC(102) y: Survivor 1        28M (2%)            9M (1%)          13 / 1              0 / 0              2 / 0        
[2026-04-03T03:24:20.160+0600][56.037s][info][gc,heap     ] GC(102) y: Min Capacity: 8M(1%)
[2026-04-03T03:24:20.160+0600][56.037s][info][gc,heap     ] GC(102) y: Max Capacity: 1250M(100%)
[2026-04-03T03:24:20.160+0600][56.037s][info][gc,heap     ] GC(102) y: Soft Max Capacity: 1250M(100%)
[2026-04-03T03:24:20.160+0600][56.037s][info][gc,heap     ] GC(102) y: Heap Statistics:
[2026-04-03T03:24:20.160+0600][56.037s][info][gc,heap     ] GC(102) y:                Mark Start          Mark End        Relocate Start      Relocate End           High               Low         
[2026-04-03T03:24:20.160+0600][56.037s][info][gc,heap     ] GC(102) y:  Capacity:     1250M (100%)       1250M (100%)       1250M (100%)       1250M (100%)       1250M (100%)       1250M (100%)   
[2026-04-03T03:24:20.160+0600][56.037s][info][gc,heap     ] GC(102) y:      Free:      372M (30%)         186M (15%)         502M (40%)         504M (40%)         504M (40%)         186M (15%)    
[2026-04-03T03:24:20.160+0600][56.038s][info][gc,heap     ] GC(102) y:      Used:      878M (70%)        1064M (85%)         748M (60%)         746M (60%)        1064M (85%)         746M (60%)    
[2026-04-03T03:24:20.160+0600][56.038s][info][gc,heap     ] GC(102) y: Young Generation Statistics:
[2026-04-03T03:24:20.160+0600][56.038s][info][gc,heap     ] GC(102) y:                Mark Start          Mark End        Relocate Start      Relocate End    
[2026-04-03T03:24:20.160+0600][56.038s][info][gc,heap     ] GC(102) y:      Used:      400M (32%)         586M (47%)         270M (22%)         268M (21%)    
[2026-04-03T03:24:20.160+0600][56.038s][info][gc,heap     ] GC(102) y:      Live:         -                79M (6%)           79M (6%)           79M (6%)     
[2026-04-03T03:24:20.160+0600][56.038s][info][gc,heap     ] GC(102) y:   Garbage:         -               320M (26%)           4M (0%)            0M (0%)     
[2026-04-03T03:24:20.160+0600][56.038s][info][gc,heap     ] GC(102) y: Allocated:         -               186M (15%)         186M (15%)         188M (15%)    
[2026-04-03T03:24:20.160+0600][56.038s][info][gc,heap     ] GC(102) y: Reclaimed:         -                  -               316M (25%)         320M (26%)    
[2026-04-03T03:24:20.160+0600][56.038s][info][gc,heap     ] GC(102) y:  Promoted:         -                  -                 0M (0%)            0M (0%)     
[2026-04-03T03:24:20.160+0600][56.038s][info][gc,heap     ] GC(102) y: Compacted:         -                  -                  -                 1M (0%)     
[2026-04-03T03:24:20.160+0600][56.038s][info][gc,phases   ] GC(102) y: Young Generation 878M(70%)->746M(60%) 0.115s
[2026-04-03T03:24:20.160+0600][56.038s][info][gc          ] GC(102) Minor Collection (Allocation Rate) 878M(70%)->746M(60%) 0.116s
[2026-04-03T03:24:20.160+0600][56.038s][info][gc          ] GC(103) Minor Collection (Allocation Rate)
[2026-04-03T03:24:20.160+0600][56.038s][info][gc,task     ] GC(103) Using 2 Workers for Young Generation
[2026-04-03T03:24:20.160+0600][56.038s][info][gc,phases   ] GC(103) y: Young Generation
[2026-04-03T03:24:20.160+0600][56.038s][info][gc,phases   ] GC(103) y: Pause Mark Start 0.011ms
[2026-04-03T03:24:20.169+0600][56.047s][info][gc,phases   ] GC(103) y: Concurrent Mark 8.606ms
[2026-04-03T03:24:20.169+0600][56.047s][info][gc,phases   ] GC(103) y: Pause Mark End 0.031ms
[2026-04-03T03:24:20.169+0600][56.047s][info][gc,phases   ] GC(103) y: Concurrent Mark Free 0.001ms
[2026-04-03T03:24:20.169+0600][56.047s][info][gc,phases   ] GC(103) y: Concurrent Reset Relocation Set 0.001ms
[2026-04-03T03:24:20.170+0600][56.048s][info][gc,reloc    ] GC(103) y: Using tenuring threshold: 3 (Computed)
[2026-04-03T03:24:20.171+0600][56.048s][info][gc,phases   ] GC(103) y: Concurrent Select Relocation Set 1.691ms
[2026-04-03T03:24:20.171+0600][56.049s][info][gc,phases   ] GC(103) y: Pause Relocate Start 0.007ms
[2026-04-03T03:24:20.171+0600][56.049s][info][gc,phases   ] GC(103) y: Concurrent Relocate 0.095ms
[2026-04-03T03:24:20.171+0600][56.049s][info][gc,alloc    ] GC(103) y:                         Mark Start        Mark End      Relocate Start    Relocate End   
[2026-04-03T03:24:20.171+0600][56.049s][info][gc,alloc    ] GC(103) y: Allocation Stalls:          0                0                0                0         
[2026-04-03T03:24:20.171+0600][56.049s][info][gc,load     ] GC(103) y: Load: 4.24 (35%) / 4.62 (39%) / 5.21 (43%)
[2026-04-03T03:24:20.171+0600][56.049s][info][gc,mmu      ] GC(103) y: MMU: 2ms/87.1%, 5ms/94.9%, 10ms/97.4%, 20ms/98.7%, 50ms/99.4%, 100ms/99.6%
[2026-04-03T03:24:20.171+0600][56.049s][info][gc,marking  ] GC(103) y: Mark: 2 stripe(s), 1 proactive flush(es), 1 terminate flush(es), 0 completion(s), 0 continuation(s) 
[2026-04-03T03:24:20.171+0600][56.049s][info][gc,marking  ] GC(103) y: Mark Stack Usage: 32M
[2026-04-03T03:24:20.171+0600][56.049s][info][gc,nmethod  ] GC(103) y: NMethods: 7022 registered, 1386 unregistered
[2026-04-03T03:24:20.171+0600][56.049s][info][gc,metaspace] GC(103) y: Metaspace: 71M used, 72M committed, 1088M reserved
[2026-04-03T03:24:20.171+0600][56.049s][info][gc,reloc    ] GC(103) y:                        Candidates     Selected     In-Place         Size        Empty    Relocated 
[2026-04-03T03:24:20.171+0600][56.049s][info][gc,reloc    ] GC(103) y: Small Pages:                  131            3            0         262M         254M           0M 
[2026-04-03T03:24:20.171+0600][56.049s][info][gc,reloc    ] GC(103) y: Medium Pages:                   0            0            0           0M           0M           0M 
[2026-04-03T03:24:20.171+0600][56.049s][info][gc,reloc    ] GC(103) y: Large Pages:                    1            0            0           6M           6M           0M 
[2026-04-03T03:24:20.171+0600][56.049s][info][gc,reloc    ] GC(103) y: Forwarding Usage: 0M
[2026-04-03T03:24:20.171+0600][56.049s][info][gc,reloc    ] GC(103) y: Age Table:
[2026-04-03T03:24:20.171+0600][56.049s][info][gc,reloc    ] GC(103) y:                    Live             Garbage             Small              Medium             Large        
[2026-04-03T03:24:20.171+0600][56.049s][info][gc,reloc    ] GC(103) y: Eden               0M (0%)          185M (15%)         93 / 1              0 / 0              0 / 0        
[2026-04-03T03:24:20.171+0600][56.049s][info][gc,reloc    ] GC(103) y: Survivor 1         0M (0%)           51M (4%)          26 / 1              0 / 0              0 / 0        
[2026-04-03T03:24:20.171+0600][56.049s][info][gc,reloc    ] GC(103) y: Survivor 2         0M (0%)           29M (2%)          12 / 1              0 / 0              1 / 0        
[2026-04-03T03:24:20.171+0600][56.049s][info][gc,heap     ] GC(103) y: Min Capacity: 8M(1%)
[2026-04-03T03:24:20.171+0600][56.049s][info][gc,heap     ] GC(103) y: Max Capacity: 1250M(100%)
[2026-04-03T03:24:20.171+0600][56.049s][info][gc,heap     ] GC(103) y: Soft Max Capacity: 1250M(100%)
[2026-04-03T03:24:20.171+0600][56.049s][info][gc,heap     ] GC(103) y: Heap Statistics:
[2026-04-03T03:24:20.171+0600][56.049s][info][gc,heap     ] GC(103) y:                Mark Start          Mark End        Relocate Start      Relocate End           High               Low         
[2026-04-03T03:24:20.171+0600][56.049s][info][gc,heap     ] GC(103) y:  Capacity:     1250M (100%)       1250M (100%)       1250M (100%)       1250M (100%)       1250M (100%)       1250M (100%)   
[2026-04-03T03:24:20.171+0600][56.049s][info][gc,heap     ] GC(103) y:      Free:      504M (40%)         504M (40%)         764M (61%)         766M (61%)         766M (61%)         504M (40%)    
[2026-04-03T03:24:20.171+0600][56.049s][info][gc,heap     ] GC(103) y:      Used:      746M (60%)         746M (60%)         486M (39%)         484M (39%)         746M (60%)         484M (39%)    
[2026-04-03T03:24:20.171+0600][56.049s][info][gc,heap     ] GC(103) y: Young Generation Statistics:
[2026-04-03T03:24:20.171+0600][56.049s][info][gc,heap     ] GC(103) y:                Mark Start          Mark End        Relocate Start      Relocate End    
[2026-04-03T03:24:20.171+0600][56.049s][info][gc,heap     ] GC(103) y:      Used:      268M (21%)         268M (21%)           8M (1%)            6M (0%)     
[2026-04-03T03:24:20.171+0600][56.049s][info][gc,heap     ] GC(103) y:      Live:         -                 0M (0%)            0M (0%)            0M (0%)     
[2026-04-03T03:24:20.171+0600][56.049s][info][gc,heap     ] GC(103) y:   Garbage:         -               267M (21%)           7M (1%)            0M (0%)     
[2026-04-03T03:24:20.171+0600][56.049s][info][gc,heap     ] GC(103) y: Allocated:         -                 0M (0%)            0M (0%)            5M (0%)     
[2026-04-03T03:24:20.171+0600][56.049s][info][gc,heap     ] GC(103) y: Reclaimed:         -                  -               260M (21%)         267M (21%)    
[2026-04-03T03:24:20.171+0600][56.049s][info][gc,heap     ] GC(103) y:  Promoted:         -                  -                 0M (0%)            0M (0%)     
[2026-04-03T03:24:20.171+0600][56.049s][info][gc,heap     ] GC(103) y: Compacted:         -                  -                  -                 0M (0%)     
[2026-04-03T03:24:20.171+0600][56.049s][info][gc,phases   ] GC(103) y: Young Generation 746M(60%)->484M(39%) 0.011s
[2026-04-03T03:24:20.171+0600][56.049s][info][gc          ] GC(103) Minor Collection (Allocation Rate) 746M(60%)->484M(39%) 0.011s
[2026-04-03T03:24:20.537+0600][56.414s][info][gc,phases   ] GC(101) O: Concurrent Mark 494.399ms
[2026-04-03T03:24:20.537+0600][56.415s][info][gc,phases   ] GC(101) O: Pause Mark End 0.017ms
[2026-04-03T03:24:20.537+0600][56.415s][info][gc,phases   ] GC(101) O: Concurrent Mark Free 0.002ms
[2026-04-03T03:24:20.552+0600][56.430s][info][gc,phases   ] GC(101) O: Concurrent Process Non-Strong 15.543ms
[2026-04-03T03:24:20.553+0600][56.430s][info][gc,phases   ] GC(101) O: Concurrent Reset Relocation Set 0.005ms
[2026-04-03T03:24:20.555+0600][56.433s][info][gc,phases   ] GC(101) O: Concurrent Select Relocation Set 2.607ms
[2026-04-03T03:24:20.555+0600][56.433s][info][gc,task     ] GC(101) O: Using 3 Workers for Old Generation
[2026-04-03T03:24:20.574+0600][56.452s][info][gc,task     ] GC(101) O: Using 1 Workers for Old Generation
[2026-04-03T03:24:20.574+0600][56.452s][info][gc,phases   ] GC(101) O: Concurrent Remap Roots 19.266ms
[2026-04-03T03:24:20.575+0600][56.453s][info][gc,phases   ] GC(101) O: Pause Relocate Start 0.022ms
[2026-04-03T03:24:20.582+0600][56.459s][info][gc,phases   ] GC(101) O: Concurrent Relocate 6.634ms
[2026-04-03T03:24:20.582+0600][56.459s][info][gc,alloc    ] GC(101) O:                         Mark Start        Mark End      Relocate Start    Relocate End   
[2026-04-03T03:24:20.582+0600][56.459s][info][gc,alloc    ] GC(101) O: Allocation Stalls:          0                0                0                0         
[2026-04-03T03:24:20.582+0600][56.459s][info][gc,load     ] GC(101) O: Load: 3.98 (33%) / 4.56 (38%) / 5.18 (43%)
[2026-04-03T03:24:20.582+0600][56.459s][info][gc,mmu      ] GC(101) O: MMU: 2ms/87.1%, 5ms/94.9%, 10ms/97.4%, 20ms/98.7%, 50ms/99.4%, 100ms/99.6%
[2026-04-03T03:24:20.582+0600][56.459s][info][gc,marking  ] GC(101) O: Mark: 1 stripe(s), 2 proactive flush(es), 1 terminate flush(es), 0 completion(s), 0 continuation(s) 
[2026-04-03T03:24:20.582+0600][56.459s][info][gc,marking  ] GC(101) O: Mark Stack Usage: 32M
[2026-04-03T03:24:20.582+0600][56.459s][info][gc,nmethod  ] GC(101) O: NMethods: 7018 registered, 1399 unregistered
[2026-04-03T03:24:20.582+0600][56.459s][info][gc,metaspace] GC(101) O: Metaspace: 71M used, 72M committed, 1088M reserved
[2026-04-03T03:24:20.582+0600][56.459s][info][gc,ref      ] GC(101) O:                       Encountered   Discovered     Enqueued 
[2026-04-03T03:24:20.582+0600][56.459s][info][gc,ref      ] GC(101) O: Soft References:             5092            0            0 
[2026-04-03T03:24:20.582+0600][56.459s][info][gc,ref      ] GC(101) O: Weak References:             6748         5278          152 
[2026-04-03T03:24:20.582+0600][56.459s][info][gc,ref      ] GC(101) O: Final References:              84           14            0 
[2026-04-03T03:24:20.582+0600][56.459s][info][gc,ref      ] GC(101) O: Phantom References:           600          538            0 
[2026-04-03T03:24:20.582+0600][56.460s][info][gc,reloc    ] GC(101) O:                        Candidates     Selected     In-Place         Size        Empty    Relocated 
[2026-04-03T03:24:20.582+0600][56.460s][info][gc,reloc    ] GC(101) O: Small Pages:                  133           11            0         266M          78M           2M 
[2026-04-03T03:24:20.582+0600][56.460s][info][gc,reloc    ] GC(101) O: Medium Pages:                   3            0            0          96M          64M           0M 
[2026-04-03T03:24:20.582+0600][56.460s][info][gc,reloc    ] GC(101) O: Large Pages:                    4            0            0          26M          26M           0M 
[2026-04-03T03:24:20.582+0600][56.460s][info][gc,reloc    ] GC(101) O: Forwarding Usage: 1M
[2026-04-03T03:24:20.582+0600][56.460s][info][gc,heap     ] GC(101) O: Min Capacity: 8M(1%)
[2026-04-03T03:24:20.582+0600][56.460s][info][gc,heap     ] GC(101) O: Max Capacity: 1250M(100%)
[2026-04-03T03:24:20.582+0600][56.460s][info][gc,heap     ] GC(101) O: Soft Max Capacity: 1250M(100%)
[2026-04-03T03:24:20.582+0600][56.460s][info][gc,heap     ] GC(101) O: Heap Statistics:
[2026-04-03T03:24:20.582+0600][56.460s][info][gc,heap     ] GC(101) O:                Mark Start          Mark End        Relocate Start      Relocate End           High               Low         
[2026-04-03T03:24:20.582+0600][56.460s][info][gc,heap     ] GC(101) O:  Capacity:     1250M (100%)       1250M (100%)       1250M (100%)       1250M (100%)       1250M (100%)       1250M (100%)   
[2026-04-03T03:24:20.582+0600][56.460s][info][gc,heap     ] GC(101) O:      Free:      588M (47%)         756M (60%)         920M (74%)         942M (75%)         942M (75%)         186M (15%)    
[2026-04-03T03:24:20.582+0600][56.460s][info][gc,heap     ] GC(101) O:      Used:      662M (53%)         494M (40%)         330M (26%)         308M (25%)        1064M (85%)         308M (25%)    
[2026-04-03T03:24:20.582+0600][56.460s][info][gc,heap     ] GC(101) O: Old Generation Statistics:
[2026-04-03T03:24:20.582+0600][56.460s][info][gc,heap     ] GC(101) O:                Mark Start          Mark End        Relocate Start      Relocate End    
[2026-04-03T03:24:20.582+0600][56.460s][info][gc,heap     ] GC(101) O:      Used:      388M (31%)         478M (38%)         310M (25%)         288M (23%)    
[2026-04-03T03:24:20.582+0600][56.460s][info][gc,heap     ] GC(101) O:      Live:         -               173M (14%)         173M (14%)         173M (14%)    
[2026-04-03T03:24:20.582+0600][56.460s][info][gc,heap     ] GC(101) O:   Garbage:         -               214M (17%)          46M (4%)           23M (2%)     
[2026-04-03T03:24:20.582+0600][56.460s][info][gc,heap     ] GC(101) O: Allocated:         -                90M (7%)           90M (7%)           90M (7%)     
[2026-04-03T03:24:20.582+0600][56.460s][info][gc,heap     ] GC(101) O: Reclaimed:         -                  -               168M (13%)         190M (15%)    
[2026-04-03T03:24:20.582+0600][56.460s][info][gc,heap     ] GC(101) O: Compacted:         -                  -                  -                 3M (0%)     
[2026-04-03T03:24:20.582+0600][56.460s][info][gc,phases   ] GC(101) O: Old Generation 876M(70%)->308M(25%) 0.539s
[2026-04-03T03:24:20.582+0600][56.460s][info][gc          ] GC(101) Major Collection (Allocation Rate) 662M(53%)->308M(25%) 0.748s
[2026-04-03T03:24:20.582+0600][56.460s][info][gc          ] GC(104) Major Collection (System.gc())
[2026-04-03T03:24:20.582+0600][56.460s][info][gc,task     ] GC(104) Using 3 Workers for Young Generation
[2026-04-03T03:24:20.582+0600][56.460s][info][gc,task     ] GC(104) Using 3 Workers for Old Generation
[2026-04-03T03:24:20.582+0600][56.460s][info][gc,phases   ] GC(104) Y: Young Generation (Promote All)
[2026-04-03T03:24:20.582+0600][56.460s][info][gc,phases   ] GC(104) Y: Pause Mark Start 0.032ms
[2026-04-03T03:24:20.591+0600][56.468s][info][gc,phases   ] GC(104) Y: Concurrent Mark 8.478ms
[2026-04-03T03:24:20.591+0600][56.469s][info][gc,phases   ] GC(104) Y: Pause Mark End 0.017ms
[2026-04-03T03:24:20.591+0600][56.469s][info][gc,phases   ] GC(104) Y: Concurrent Mark Free 0.001ms
[2026-04-03T03:24:20.591+0600][56.469s][info][gc,phases   ] GC(104) Y: Concurrent Reset Relocation Set 0.002ms
[2026-04-03T03:24:20.592+0600][56.470s][info][gc,reloc    ] GC(104) Y: Using tenuring threshold: 0 (Promote All)
[2026-04-03T03:24:20.593+0600][56.470s][info][gc,phases   ] GC(104) Y: Concurrent Select Relocation Set 1.526ms
[2026-04-03T03:24:20.593+0600][56.470s][info][gc,phases   ] GC(104) Y: Pause Relocate Start 0.012ms
[2026-04-03T03:24:20.593+0600][56.471s][info][gc,phases   ] GC(104) Y: Concurrent Relocate 0.175ms
[2026-04-03T03:24:20.593+0600][56.471s][info][gc,alloc    ] GC(104) Y:                         Mark Start        Mark End      Relocate Start    Relocate End   
[2026-04-03T03:24:20.593+0600][56.471s][info][gc,alloc    ] GC(104) Y: Allocation Stalls:          0                0                0                0         
[2026-04-03T03:24:20.593+0600][56.471s][info][gc,load     ] GC(104) Y: Load: 3.98 (33%) / 4.56 (38%) / 5.18 (43%)
[2026-04-03T03:24:20.593+0600][56.471s][info][gc,mmu      ] GC(104) Y: MMU: 2ms/87.1%, 5ms/94.9%, 10ms/97.4%, 20ms/98.7%, 50ms/99.4%, 100ms/99.6%
[2026-04-03T03:24:20.593+0600][56.471s][info][gc,marking  ] GC(104) Y: Mark: 2 stripe(s), 1 proactive flush(es), 1 terminate flush(es), 0 completion(s), 0 continuation(s) 
[2026-04-03T03:24:20.593+0600][56.471s][info][gc,marking  ] GC(104) Y: Mark Stack Usage: 32M
[2026-04-03T03:24:20.593+0600][56.471s][info][gc,nmethod  ] GC(104) Y: NMethods: 7018 registered, 1399 unregistered
[2026-04-03T03:24:20.593+0600][56.471s][info][gc,metaspace] GC(104) Y: Metaspace: 71M used, 72M committed, 1088M reserved
[2026-04-03T03:24:20.593+0600][56.471s][info][gc,reloc    ] GC(104) Y:                        Candidates     Selected     In-Place         Size        Empty    Relocated 
[2026-04-03T03:24:20.593+0600][56.471s][info][gc,reloc    ] GC(104) Y: Small Pages:                   10            9            0          20M           0M           0M 
[2026-04-03T03:24:20.593+0600][56.471s][info][gc,reloc    ] GC(104) Y: Medium Pages:                   0            0            0           0M           0M           0M 
[2026-04-03T03:24:20.593+0600][56.471s][info][gc,reloc    ] GC(104) Y: Large Pages:                    0            0            0           0M           0M           0M 
[2026-04-03T03:24:20.593+0600][56.471s][info][gc,reloc    ] GC(104) Y: Forwarding Usage: 0M
[2026-04-03T03:24:20.593+0600][56.471s][info][gc,reloc    ] GC(104) Y: Age Table:
[2026-04-03T03:24:20.593+0600][56.471s][info][gc,reloc    ] GC(104) Y:                    Live             Garbage             Small              Medium             Large        
[2026-04-03T03:24:20.593+0600][56.471s][info][gc,reloc    ] GC(104) Y: Eden               0M (0%)           13M (1%)           7 / 6              0 / 0              0 / 0        
[2026-04-03T03:24:20.593+0600][56.471s][info][gc,reloc    ] GC(104) Y: Survivor 1         0M (0%)            1M (0%)           1 / 1              0 / 0              0 / 0        
[2026-04-03T03:24:20.593+0600][56.471s][info][gc,reloc    ] GC(104) Y: Survivor 2         0M (0%)            1M (0%)           1 / 1              0 / 0              0 / 0        
[2026-04-03T03:24:20.593+0600][56.471s][info][gc,reloc    ] GC(104) Y: Survivor 3         0M (0%)            1M (0%)           1 / 1              0 / 0              0 / 0        
[2026-04-03T03:24:20.593+0600][56.471s][info][gc,heap     ] GC(104) Y: Min Capacity: 8M(1%)
[2026-04-03T03:24:20.593+0600][56.471s][info][gc,heap     ] GC(104) Y: Max Capacity: 1250M(100%)
[2026-04-03T03:24:20.593+0600][56.471s][info][gc,heap     ] GC(104) Y: Soft Max Capacity: 1250M(100%)
[2026-04-03T03:24:20.593+0600][56.471s][info][gc,heap     ] GC(104) Y: Heap Statistics:
[2026-04-03T03:24:20.593+0600][56.471s][info][gc,heap     ] GC(104) Y:                Mark Start          Mark End        Relocate Start      Relocate End           High               Low         
[2026-04-03T03:24:20.593+0600][56.471s][info][gc,heap     ] GC(104) Y:  Capacity:     1250M (100%)       1250M (100%)       1250M (100%)       1250M (100%)       1250M (100%)       1250M (100%)   
[2026-04-03T03:24:20.593+0600][56.471s][info][gc,heap     ] GC(104) Y:      Free:      942M (75%)         942M (75%)         942M (75%)         956M (76%)         956M (76%)         936M (75%)    
[2026-04-03T03:24:20.593+0600][56.471s][info][gc,heap     ] GC(104) Y:      Used:      308M (25%)         308M (25%)         308M (25%)         294M (24%)         314M (25%)         294M (24%)    
[2026-04-03T03:24:20.593+0600][56.471s][info][gc,heap     ] GC(104) Y: Young Generation Statistics:
[2026-04-03T03:24:20.593+0600][56.471s][info][gc,heap     ] GC(104) Y:                Mark Start          Mark End        Relocate Start      Relocate End    
[2026-04-03T03:24:20.593+0600][56.471s][info][gc,heap     ] GC(104) Y:      Used:       20M (2%)           20M (2%)           20M (2%)            0M (0%)     
[2026-04-03T03:24:20.593+0600][56.471s][info][gc,heap     ] GC(104) Y:      Live:         -                 0M (0%)            0M (0%)            0M (0%)     
[2026-04-03T03:24:20.593+0600][56.471s][info][gc,heap     ] GC(104) Y:   Garbage:         -                19M (2%)           19M (2%)            0M (0%)     
[2026-04-03T03:24:20.593+0600][56.471s][info][gc,heap     ] GC(104) Y: Allocated:         -                 0M (0%)            0M (0%)            0M (0%)     
[2026-04-03T03:24:20.593+0600][56.471s][info][gc,heap     ] GC(104) Y: Reclaimed:         -                  -                 0M (0%)           19M (2%)     
[2026-04-03T03:24:20.593+0600][56.471s][info][gc,heap     ] GC(104) Y:  Promoted:         -                  -                 0M (0%)            0M (0%)     
[2026-04-03T03:24:20.593+0600][56.471s][info][gc,heap     ] GC(104) Y: Compacted:         -                  -                  -                 0M (0%)     
[2026-04-03T03:24:20.593+0600][56.471s][info][gc,phases   ] GC(104) Y: Young Generation (Promote All) 308M(25%)->294M(24%) 0.011s
[2026-04-03T03:24:20.593+0600][56.471s][info][gc,phases   ] GC(104) Y: Young Generation (Collect Roots)
[2026-04-03T03:24:20.593+0600][56.471s][info][gc,phases   ] GC(104) Y: Pause Mark Start (Major) 0.016ms
[2026-04-03T03:24:20.601+0600][56.478s][info][gc,phases   ] GC(104) Y: Concurrent Mark 7.315ms
[2026-04-03T03:24:20.601+0600][56.479s][info][gc,phases   ] GC(104) Y: Pause Mark End 0.017ms
[2026-04-03T03:24:20.601+0600][56.479s][info][gc,phases   ] GC(104) Y: Concurrent Mark Free 0.399ms
[2026-04-03T03:24:20.601+0600][56.479s][info][gc,phases   ] GC(104) Y: Concurrent Reset Relocation Set 0.002ms
[2026-04-03T03:24:20.603+0600][56.480s][info][gc,reloc    ] GC(104) Y: Using tenuring threshold: 0 (Computed)
[2026-04-03T03:24:20.603+0600][56.481s][info][gc,phases   ] GC(104) Y: Concurrent Select Relocation Set 1.697ms
[2026-04-03T03:24:20.603+0600][56.481s][info][gc,phases   ] GC(104) Y: Pause Relocate Start 0.011ms
[2026-04-03T03:24:20.603+0600][56.481s][info][gc,phases   ] GC(104) Y: Concurrent Relocate 0.098ms
[2026-04-03T03:24:20.603+0600][56.481s][info][gc,alloc    ] GC(104) Y:                         Mark Start        Mark End      Relocate Start    Relocate End   
[2026-04-03T03:24:20.603+0600][56.481s][info][gc,alloc    ] GC(104) Y: Allocation Stalls:          0                0                0                0         
[2026-04-03T03:24:20.603+0600][56.481s][info][gc,load     ] GC(104) Y: Load: 3.98 (33%) / 4.56 (38%) / 5.18 (43%)
[2026-04-03T03:24:20.603+0600][56.481s][info][gc,mmu      ] GC(104) Y: MMU: 2ms/87.1%, 5ms/94.9%, 10ms/97.4%, 20ms/98.7%, 50ms/99.4%, 100ms/99.6%
[2026-04-03T03:24:20.603+0600][56.481s][info][gc,marking  ] GC(104) Y: Mark: 2 stripe(s), 1 proactive flush(es), 1 terminate flush(es), 0 completion(s), 0 continuation(s) 
[2026-04-03T03:24:20.603+0600][56.481s][info][gc,marking  ] GC(104) Y: Mark Stack Usage: 0M
[2026-04-03T03:24:20.603+0600][56.481s][info][gc,nmethod  ] GC(104) Y: NMethods: 7018 registered, 1399 unregistered
[2026-04-03T03:24:20.603+0600][56.481s][info][gc,metaspace] GC(104) Y: Metaspace: 71M used, 72M committed, 1088M reserved
[2026-04-03T03:24:20.604+0600][56.481s][info][gc,heap     ] GC(104) Y: Min Capacity: 8M(1%)
[2026-04-03T03:24:20.604+0600][56.481s][info][gc,heap     ] GC(104) Y: Max Capacity: 1250M(100%)
[2026-04-03T03:24:20.604+0600][56.481s][info][gc,heap     ] GC(104) Y: Soft Max Capacity: 1250M(100%)
[2026-04-03T03:24:20.604+0600][56.481s][info][gc,heap     ] GC(104) Y: Heap Statistics:
[2026-04-03T03:24:20.604+0600][56.481s][info][gc,heap     ] GC(104) Y:                Mark Start          Mark End        Relocate Start      Relocate End           High               Low         
[2026-04-03T03:24:20.604+0600][56.481s][info][gc,heap     ] GC(104) Y:  Capacity:     1250M (100%)       1250M (100%)       1250M (100%)       1250M (100%)       1250M (100%)       1250M (100%)   
[2026-04-03T03:24:20.604+0600][56.481s][info][gc,heap     ] GC(104) Y:      Free:      956M (76%)         956M (76%)         956M (76%)         956M (76%)         956M (76%)         956M (76%)    
[2026-04-03T03:24:20.604+0600][56.481s][info][gc,heap     ] GC(104) Y:      Used:      294M (24%)         294M (24%)         294M (24%)         294M (24%)         294M (24%)         294M (24%)    
[2026-04-03T03:24:20.604+0600][56.481s][info][gc,heap     ] GC(104) Y: Young Generation Statistics:
[2026-04-03T03:24:20.604+0600][56.481s][info][gc,heap     ] GC(104) Y:                Mark Start          Mark End        Relocate Start      Relocate End    
[2026-04-03T03:24:20.604+0600][56.481s][info][gc,heap     ] GC(104) Y:      Used:        0M (0%)            0M (0%)            0M (0%)            0M (0%)     
[2026-04-03T03:24:20.604+0600][56.481s][info][gc,heap     ] GC(104) Y:      Live:         -                 0M (0%)            0M (0%)            0M (0%)     
[2026-04-03T03:24:20.604+0600][56.481s][info][gc,heap     ] GC(104) Y:   Garbage:         -                 0M (0%)            0M (0%)            0M (0%)     
[2026-04-03T03:24:20.604+0600][56.481s][info][gc,heap     ] GC(104) Y: Allocated:         -                 0M (0%)            0M (0%)            0M (0%)     
[2026-04-03T03:24:20.604+0600][56.481s][info][gc,heap     ] GC(104) Y: Reclaimed:         -                  -                 0M (0%)            0M (0%)     
[2026-04-03T03:24:20.604+0600][56.481s][info][gc,heap     ] GC(104) Y:  Promoted:         -                  -                 0M (0%)            0M (0%)     
[2026-04-03T03:24:20.604+0600][56.481s][info][gc,heap     ] GC(104) Y: Compacted:         -                  -                  -                 0M (0%)     
[2026-04-03T03:24:20.604+0600][56.481s][info][gc,phases   ] GC(104) Y: Young Generation (Collect Roots) 294M(24%)->294M(24%) 0.010s
[2026-04-03T03:24:20.604+0600][56.481s][info][gc,phases   ] GC(104) O: Old Generation
[2026-04-03T03:24:20.810+0600][56.688s][info][gc,phases   ] GC(104) O: Concurrent Mark 206.358ms
[2026-04-03T03:24:20.810+0600][56.688s][info][gc,phases   ] GC(104) O: Pause Mark End 0.021ms
[2026-04-03T03:24:20.810+0600][56.688s][info][gc,phases   ] GC(104) O: Concurrent Mark Free 0.001ms
[2026-04-03T03:24:20.816+0600][56.694s][info][gc,phases   ] GC(104) O: Concurrent Process Non-Strong 6.139ms
[2026-04-03T03:24:20.816+0600][56.694s][info][gc,phases   ] GC(104) O: Concurrent Reset Relocation Set 0.004ms
[2026-04-03T03:24:20.819+0600][56.696s][info][gc,phases   ] GC(104) O: Concurrent Select Relocation Set 2.038ms
[2026-04-03T03:24:20.819+0600][56.696s][info][gc,task     ] GC(104) O: Using 3 Workers for Old Generation
[2026-04-03T03:24:20.834+0600][56.712s][info][gc,task     ] GC(104) O: Using 3 Workers for Old Generation
[2026-04-03T03:24:20.834+0600][56.712s][info][gc,phases   ] GC(104) O: Concurrent Remap Roots 15.821ms
[2026-04-03T03:24:20.835+0600][56.712s][info][gc,phases   ] GC(104) O: Pause Relocate Start 0.021ms
[2026-04-03T03:24:20.839+0600][56.717s][info][gc,phases   ] GC(104) O: Concurrent Relocate 4.540ms
[2026-04-03T03:24:20.839+0600][56.717s][info][gc,alloc    ] GC(104) O:                         Mark Start        Mark End      Relocate Start    Relocate End   
[2026-04-03T03:24:20.839+0600][56.717s][info][gc,alloc    ] GC(104) O: Allocation Stalls:          0                0                0                0         
[2026-04-03T03:24:20.839+0600][56.717s][info][gc,load     ] GC(104) O: Load: 3.98 (33%) / 4.56 (38%) / 5.18 (43%)
[2026-04-03T03:24:20.839+0600][56.717s][info][gc,mmu      ] GC(104) O: MMU: 2ms/87.1%, 5ms/94.9%, 10ms/97.4%, 20ms/98.7%, 50ms/99.4%, 100ms/99.6%
[2026-04-03T03:24:20.839+0600][56.717s][info][gc,marking  ] GC(104) O: Mark: 2 stripe(s), 2 proactive flush(es), 1 terminate flush(es), 0 completion(s), 0 continuation(s) 
[2026-04-03T03:24:20.839+0600][56.717s][info][gc,marking  ] GC(104) O: Mark Stack Usage: 32M
[2026-04-03T03:24:20.839+0600][56.717s][info][gc,nmethod  ] GC(104) O: NMethods: 7021 registered, 1403 unregistered
[2026-04-03T03:24:20.839+0600][56.717s][info][gc,metaspace] GC(104) O: Metaspace: 71M used, 72M committed, 1088M reserved
[2026-04-03T03:24:20.839+0600][56.717s][info][gc,ref      ] GC(104) O:                       Encountered   Discovered     Enqueued 
[2026-04-03T03:24:20.839+0600][56.717s][info][gc,ref      ] GC(104) O: Soft References:             5092            0            0 
[2026-04-03T03:24:20.839+0600][56.717s][info][gc,ref      ] GC(104) O: Weak References:             6611         1518          100 
[2026-04-03T03:24:20.839+0600][56.717s][info][gc,ref      ] GC(104) O: Final References:              84            0            0 
[2026-04-03T03:24:20.839+0600][56.717s][info][gc,ref      ] GC(104) O: Phantom References:           600          325            0 
[2026-04-03T03:24:20.839+0600][56.717s][info][gc,reloc    ] GC(104) O:                        Candidates     Selected     In-Place         Size        Empty    Relocated 
[2026-04-03T03:24:20.839+0600][56.717s][info][gc,reloc    ] GC(104) O: Small Pages:                  106            8            0         212M          32M           1M 
[2026-04-03T03:24:20.839+0600][56.717s][info][gc,reloc    ] GC(104) O: Medium Pages:                   2            0            0          64M          32M           0M 
[2026-04-03T03:24:20.839+0600][56.717s][info][gc,reloc    ] GC(104) O: Large Pages:                    3            0            0          18M          18M           0M 
[2026-04-03T03:24:20.839+0600][56.717s][info][gc,reloc    ] GC(104) O: Forwarding Usage: 1M
[2026-04-03T03:24:20.839+0600][56.717s][info][gc,heap     ] GC(104) O: Min Capacity: 8M(1%)
[2026-04-03T03:24:20.839+0600][56.717s][info][gc,heap     ] GC(104) O: Max Capacity: 1250M(100%)
[2026-04-03T03:24:20.839+0600][56.717s][info][gc,heap     ] GC(104) O: Soft Max Capacity: 1250M(100%)
[2026-04-03T03:24:20.839+0600][56.717s][info][gc,heap     ] GC(104) O: Heap Statistics:
[2026-04-03T03:24:20.839+0600][56.717s][info][gc,heap     ] GC(104) O:                Mark Start          Mark End        Relocate Start      Relocate End           High               Low         
[2026-04-03T03:24:20.839+0600][56.717s][info][gc,heap     ] GC(104) O:  Capacity:     1250M (100%)       1250M (100%)       1250M (100%)       1250M (100%)       1250M (100%)       1250M (100%)   
[2026-04-03T03:24:20.839+0600][56.717s][info][gc,heap     ] GC(104) O:      Free:      956M (76%)         952M (76%)        1026M (82%)        1038M (83%)        1038M (83%)         948M (76%)    
[2026-04-03T03:24:20.839+0600][56.717s][info][gc,heap     ] GC(104) O:      Used:      294M (24%)         298M (24%)         224M (18%)         212M (17%)         302M (24%)         212M (17%)    
[2026-04-03T03:24:20.839+0600][56.717s][info][gc,heap     ] GC(104) O: Old Generation Statistics:
[2026-04-03T03:24:20.839+0600][56.717s][info][gc,heap     ] GC(104) O:                Mark Start          Mark End        Relocate Start      Relocate End    
[2026-04-03T03:24:20.839+0600][56.717s][info][gc,heap     ] GC(104) O:      Used:      294M (24%)         294M (24%)         212M (17%)         200M (16%)    
[2026-04-03T03:24:20.839+0600][56.717s][info][gc,heap     ] GC(104) O:      Live:         -               171M (14%)         171M (14%)         171M (14%)    
[2026-04-03T03:24:20.839+0600][56.717s][info][gc,heap     ] GC(104) O:   Garbage:         -               122M (10%)          40M (3%)           24M (2%)     
[2026-04-03T03:24:20.839+0600][56.717s][info][gc,heap     ] GC(104) O: Allocated:         -                 0M (0%)            0M (0%)            4M (0%)     
[2026-04-03T03:24:20.839+0600][56.717s][info][gc,heap     ] GC(104) O: Reclaimed:         -                  -                82M (7%)           98M (8%)     
[2026-04-03T03:24:20.839+0600][56.717s][info][gc,heap     ] GC(104) O: Compacted:         -                  -                  -                 1M (0%)     
[2026-04-03T03:24:20.839+0600][56.717s][info][gc,phases   ] GC(104) O: Old Generation 294M(24%)->212M(17%) 0.236s
[2026-04-03T03:24:20.839+0600][56.717s][info][gc          ] GC(104) Major Collection (System.gc()) 308M(25%)->212M(17%) 0.258s
[2026-04-03T03:24:20.903+0600][56.781s][info][gc          ] GC(105) Minor Collection (Allocation Rate)
[2026-04-03T03:24:20.903+0600][56.781s][info][gc,task     ] GC(105) Using 3 Workers for Young Generation
[2026-04-03T03:24:20.903+0600][56.781s][info][gc,phases   ] GC(105) y: Young Generation
[2026-04-03T03:24:20.903+0600][56.781s][info][gc,phases   ] GC(105) y: Pause Mark Start 0.013ms
[2026-04-03T03:24:20.913+0600][56.791s][info][gc,phases   ] GC(105) y: Concurrent Mark 9.559ms
[2026-04-03T03:24:20.913+0600][56.791s][info][gc,phases   ] GC(105) y: Pause Mark End 0.025ms
[2026-04-03T03:24:20.913+0600][56.791s][info][gc,phases   ] GC(105) y: Concurrent Mark Free 0.003ms
[2026-04-03T03:24:20.913+0600][56.791s][info][gc,phases   ] GC(105) y: Concurrent Reset Relocation Set 0.001ms
[2026-04-03T03:24:20.916+0600][56.794s][info][gc,reloc    ] GC(105) y: Using tenuring threshold: 1 (Computed)
[2026-04-03T03:24:20.917+0600][56.794s][info][gc,phases   ] GC(105) y: Concurrent Select Relocation Set 3.385ms
[2026-04-03T03:24:20.917+0600][56.795s][info][gc,phases   ] GC(105) y: Pause Relocate Start 0.020ms
[2026-04-03T03:24:20.917+0600][56.795s][info][gc,phases   ] GC(105) y: Concurrent Relocate 0.382ms
[2026-04-03T03:24:20.917+0600][56.795s][info][gc,alloc    ] GC(105) y:                         Mark Start        Mark End      Relocate Start    Relocate End   
[2026-04-03T03:24:20.917+0600][56.795s][info][gc,alloc    ] GC(105) y: Allocation Stalls:          0                0                0                0         
[2026-04-03T03:24:20.917+0600][56.795s][info][gc,load     ] GC(105) y: Load: 3.98 (33%) / 4.56 (38%) / 5.18 (43%)
[2026-04-03T03:24:20.917+0600][56.795s][info][gc,mmu      ] GC(105) y: MMU: 2ms/87.1%, 5ms/94.9%, 10ms/97.4%, 20ms/98.7%, 50ms/99.4%, 100ms/99.6%
[2026-04-03T03:24:20.917+0600][56.795s][info][gc,marking  ] GC(105) y: Mark: 2 stripe(s), 2 proactive flush(es), 1 terminate flush(es), 0 completion(s), 0 continuation(s) 
[2026-04-03T03:24:20.917+0600][56.795s][info][gc,marking  ] GC(105) y: Mark Stack Usage: 32M
[2026-04-03T03:24:20.917+0600][56.795s][info][gc,nmethod  ] GC(105) y: NMethods: 7089 registered, 1403 unregistered
[2026-04-03T03:24:20.917+0600][56.795s][info][gc,metaspace] GC(105) y: Metaspace: 71M used, 72M committed, 1088M reserved
[2026-04-03T03:24:20.917+0600][56.795s][info][gc,reloc    ] GC(105) y:                        Candidates     Selected     In-Place         Size        Empty    Relocated 
[2026-04-03T03:24:20.918+0600][56.795s][info][gc,reloc    ] GC(105) y: Small Pages:                   14           13            0          28M           0M           0M 
[2026-04-03T03:24:20.918+0600][56.795s][info][gc,reloc    ] GC(105) y: Medium Pages:                   1            0            0          32M          32M           0M 
[2026-04-03T03:24:20.918+0600][56.795s][info][gc,reloc    ] GC(105) y: Large Pages:                    1            0            0           6M           0M           0M 
[2026-04-03T03:24:20.918+0600][56.795s][info][gc,reloc    ] GC(105) y: Forwarding Usage: 0M
[2026-04-03T03:24:20.918+0600][56.795s][info][gc,reloc    ] GC(105) y: Age Table:
[2026-04-03T03:24:20.918+0600][56.795s][info][gc,reloc    ] GC(105) y:                    Live             Garbage             Small              Medium             Large        
[2026-04-03T03:24:20.918+0600][56.795s][info][gc,reloc    ] GC(105) y: Eden               6M (0%)           59M (5%)          14 / 13             1 / 0              1 / 0        
[2026-04-03T03:24:20.918+0600][56.795s][info][gc,heap     ] GC(105) y: Min Capacity: 8M(1%)
[2026-04-03T03:24:20.918+0600][56.795s][info][gc,heap     ] GC(105) y: Max Capacity: 1250M(100%)
[2026-04-03T03:24:20.918+0600][56.795s][info][gc,heap     ] GC(105) y: Soft Max Capacity: 1250M(100%)
[2026-04-03T03:24:20.918+0600][56.795s][info][gc,heap     ] GC(105) y: Heap Statistics:
[2026-04-03T03:24:20.918+0600][56.795s][info][gc,heap     ] GC(105) y:                Mark Start          Mark End        Relocate Start      Relocate End           High               Low         
[2026-04-03T03:24:20.918+0600][56.795s][info][gc,heap     ] GC(105) y:  Capacity:     1250M (100%)       1250M (100%)       1250M (100%)       1250M (100%)       1250M (100%)       1250M (100%)   
[2026-04-03T03:24:20.918+0600][56.795s][info][gc,heap     ] GC(105) y:      Free:      984M (79%)         974M (78%)        1002M (80%)        1022M (82%)        1022M (82%)         970M (78%)    
[2026-04-03T03:24:20.918+0600][56.795s][info][gc,heap     ] GC(105) y:      Used:      266M (21%)         276M (22%)         248M (20%)         228M (18%)         280M (22%)         228M (18%)    
[2026-04-03T03:24:20.918+0600][56.795s][info][gc,heap     ] GC(105) y: Young Generation Statistics:
[2026-04-03T03:24:20.918+0600][56.795s][info][gc,heap     ] GC(105) y:                Mark Start          Mark End        Relocate Start      Relocate End    
[2026-04-03T03:24:20.918+0600][56.795s][info][gc,heap     ] GC(105) y:      Used:       66M (5%)           76M (6%)           48M (4%)           28M (2%)     
[2026-04-03T03:24:20.918+0600][56.795s][info][gc,heap     ] GC(105) y:      Live:         -                 6M (0%)            6M (0%)            6M (0%)     
[2026-04-03T03:24:20.918+0600][56.795s][info][gc,heap     ] GC(105) y:   Garbage:         -                59M (5%)           27M (2%)            0M (0%)     
[2026-04-03T03:24:20.918+0600][56.796s][info][gc,heap     ] GC(105) y: Allocated:         -                10M (1%)           14M (1%)           21M (2%)     
[2026-04-03T03:24:20.918+0600][56.796s][info][gc,heap     ] GC(105) y: Reclaimed:         -                  -                32M (3%)           59M (5%)     
[2026-04-03T03:24:20.918+0600][56.796s][info][gc,heap     ] GC(105) y:  Promoted:         -                  -                 0M (0%)            0M (0%)     
[2026-04-03T03:24:20.918+0600][56.796s][info][gc,heap     ] GC(105) y: Compacted:         -                  -                  -                 0M (0%)     
[2026-04-03T03:24:20.918+0600][56.796s][info][gc,phases   ] GC(105) y: Young Generation 266M(21%)->228M(18%) 0.014s
[2026-04-03T03:24:20.918+0600][56.796s][info][gc          ] GC(105) Minor Collection (Allocation Rate) 266M(21%)->228M(18%) 0.015s
[2026-04-03T03:24:21.153+0600][57.030s][info][gc          ] GC(106) Minor Collection (Allocation Rate)
[2026-04-03T03:24:21.153+0600][57.031s][info][gc,task     ] GC(106) Using 3 Workers for Young Generation
[2026-04-03T03:24:21.153+0600][57.031s][info][gc,phases   ] GC(106) y: Young Generation
[2026-04-03T03:24:21.153+0600][57.031s][info][gc,phases   ] GC(106) y: Pause Mark Start 0.028ms
[2026-04-03T03:24:21.308+0600][57.186s][info][gc,phases   ] GC(106) y: Concurrent Mark 154.579ms
[2026-04-03T03:24:21.308+0600][57.186s][info][gc,phases   ] GC(106) y: Pause Mark End 0.026ms
[2026-04-03T03:24:21.308+0600][57.186s][info][gc,phases   ] GC(106) y: Concurrent Mark Free 0.003ms
[2026-04-03T03:24:21.308+0600][57.186s][info][gc,phases   ] GC(106) y: Concurrent Reset Relocation Set 0.005ms
[2026-04-03T03:24:21.312+0600][57.189s][info][gc,reloc    ] GC(106) y: Using tenuring threshold: 2 (Computed)
[2026-04-03T03:24:21.329+0600][57.207s][info][gc,phases   ] GC(106) y: Concurrent Select Relocation Set 20.959ms
[2026-04-03T03:24:21.330+0600][57.207s][info][gc,phases   ] GC(106) y: Pause Relocate Start 0.015ms
[2026-04-03T03:24:21.406+0600][57.283s][info][gc,phases   ] GC(106) y: Concurrent Relocate 76.031ms
[2026-04-03T03:24:21.406+0600][57.284s][info][gc,alloc    ] GC(106) y:                         Mark Start        Mark End      Relocate Start    Relocate End   
[2026-04-03T03:24:21.406+0600][57.284s][info][gc,alloc    ] GC(106) y: Allocation Stalls:          0                0                0                0         
[2026-04-03T03:24:21.406+0600][57.284s][info][gc,load     ] GC(106) y: Load: 3.98 (33%) / 4.56 (38%) / 5.18 (43%)
[2026-04-03T03:24:21.406+0600][57.284s][info][gc,mmu      ] GC(106) y: MMU: 2ms/87.1%, 5ms/94.9%, 10ms/97.4%, 20ms/98.7%, 50ms/99.4%, 100ms/99.6%
[2026-04-03T03:24:21.406+0600][57.284s][info][gc,marking  ] GC(106) y: Mark: 2 stripe(s), 10 proactive flush(es), 1 terminate flush(es), 0 completion(s), 0 continuation(s) 
[2026-04-03T03:24:21.406+0600][57.284s][info][gc,marking  ] GC(106) y: Mark Stack Usage: 32M
[2026-04-03T03:24:21.406+0600][57.284s][info][gc,nmethod  ] GC(106) y: NMethods: 7103 registered, 1403 unregistered
[2026-04-03T03:24:21.406+0600][57.284s][info][gc,metaspace] GC(106) y: Metaspace: 71M used, 72M committed, 1088M reserved
[2026-04-03T03:24:21.406+0600][57.284s][info][gc,reloc    ] GC(106) y:                        Candidates     Selected     In-Place         Size        Empty    Relocated 
[2026-04-03T03:24:21.406+0600][57.284s][info][gc,reloc    ] GC(106) y: Small Pages:                  138           86            0         276M           0M          34M 
[2026-04-03T03:24:21.406+0600][57.284s][info][gc,reloc    ] GC(106) y: Medium Pages:                   1            0            0          32M          32M           0M 
[2026-04-03T03:24:21.406+0600][57.284s][info][gc,reloc    ] GC(106) y: Large Pages:                    7            0            0          54M          24M           0M 
[2026-04-03T03:24:21.406+0600][57.284s][info][gc,reloc    ] GC(106) y: Forwarding Usage: 40M
[2026-04-03T03:24:21.406+0600][57.284s][info][gc,reloc    ] GC(106) y: Age Table:
[2026-04-03T03:24:21.406+0600][57.284s][info][gc,reloc    ] GC(106) y:                    Live             Garbage             Small              Medium             Large        
[2026-04-03T03:24:21.406+0600][57.284s][info][gc,reloc    ] GC(106) y: Eden             115M (9%)          232M (19%)        134 / 82             1 / 0              6 / 0        
[2026-04-03T03:24:21.406+0600][57.284s][info][gc,reloc    ] GC(106) y: Survivor 1         0M (0%)           13M (1%)           4 / 4              0 / 0              1 / 0        
[2026-04-03T03:24:21.406+0600][57.284s][info][gc,heap     ] GC(106) y: Min Capacity: 8M(1%)
[2026-04-03T03:24:21.406+0600][57.284s][info][gc,heap     ] GC(106) y: Max Capacity: 1250M(100%)
[2026-04-03T03:24:21.406+0600][57.284s][info][gc,heap     ] GC(106) y: Soft Max Capacity: 1250M(100%)
[2026-04-03T03:24:21.406+0600][57.284s][info][gc,heap     ] GC(106) y: Heap Statistics:
[2026-04-03T03:24:21.406+0600][57.284s][info][gc,heap     ] GC(106) y:                Mark Start          Mark End        Relocate Start      Relocate End           High               Low         
[2026-04-03T03:24:21.406+0600][57.284s][info][gc,heap     ] GC(106) y:  Capacity:     1250M (100%)       1250M (100%)       1250M (100%)       1250M (100%)       1250M (100%)       1250M (100%)   
[2026-04-03T03:24:21.406+0600][57.284s][info][gc,heap     ] GC(106) y:      Free:      688M (55%)         540M (43%)         582M (47%)         712M (57%)         726M (58%)         538M (43%)    
[2026-04-03T03:24:21.406+0600][57.284s][info][gc,heap     ] GC(106) y:      Used:      562M (45%)         710M (57%)         668M (53%)         538M (43%)         712M (57%)         524M (42%)    
[2026-04-03T03:24:21.406+0600][57.284s][info][gc,heap     ] GC(106) y: Young Generation Statistics:
[2026-04-03T03:24:21.406+0600][57.284s][info][gc,heap     ] GC(106) y:                Mark Start          Mark End        Relocate Start      Relocate End    
[2026-04-03T03:24:21.406+0600][57.284s][info][gc,heap     ] GC(106) y:      Used:      362M (29%)         510M (41%)         468M (37%)         338M (27%)    
[2026-04-03T03:24:21.406+0600][57.284s][info][gc,heap     ] GC(106) y:      Live:         -               115M (9%)          115M (9%)          115M (9%)     
[2026-04-03T03:24:21.406+0600][57.284s][info][gc,heap     ] GC(106) y:   Garbage:         -               246M (20%)         190M (15%)           0M (0%)     
[2026-04-03T03:24:21.406+0600][57.284s][info][gc,heap     ] GC(106) y: Allocated:         -               148M (12%)         162M (13%)         222M (18%)    
[2026-04-03T03:24:21.406+0600][57.284s][info][gc,heap     ] GC(106) y: Reclaimed:         -                  -                56M (4%)          246M (20%)    
[2026-04-03T03:24:21.406+0600][57.284s][info][gc,heap     ] GC(106) y:  Promoted:         -                  -                 0M (0%)            0M (0%)     
[2026-04-03T03:24:21.406+0600][57.284s][info][gc,heap     ] GC(106) y: Compacted:         -                  -                  -                85M (7%)     
[2026-04-03T03:24:21.406+0600][57.284s][info][gc,phases   ] GC(106) y: Young Generation 562M(45%)->538M(43%) 0.253s
[2026-04-03T03:24:21.406+0600][57.284s][info][gc          ] GC(106) Minor Collection (Allocation Rate) 562M(45%)->538M(43%) 0.253s
[2026-04-03T03:24:21.406+0600][57.284s][info][gc          ] GC(107) Minor Collection (Allocation Rate)
[2026-04-03T03:24:21.406+0600][57.284s][info][gc,task     ] GC(107) Using 3 Workers for Young Generation
[2026-04-03T03:24:21.406+0600][57.284s][info][gc,phases   ] GC(107) y: Young Generation
[2026-04-03T03:24:21.407+0600][57.284s][info][gc,phases   ] GC(107) y: Pause Mark Start 0.024ms
[2026-04-03T03:24:21.662+0600][57.540s][info][gc,phases   ] GC(107) y: Concurrent Mark 255.503ms
[2026-04-03T03:24:21.663+0600][57.540s][info][gc,phases   ] GC(107) y: Pause Mark End 0.036ms
[2026-04-03T03:24:21.663+0600][57.541s][info][gc,phases   ] GC(107) y: Concurrent Mark Free 0.004ms
[2026-04-03T03:24:21.663+0600][57.541s][info][gc,phases   ] GC(107) y: Concurrent Reset Relocation Set 0.033ms
[2026-04-03T03:24:21.666+0600][57.544s][info][gc,reloc    ] GC(107) y: Using tenuring threshold: 1 (Computed)
[2026-04-03T03:24:21.734+0600][57.612s][info][gc,phases   ] GC(107) y: Concurrent Select Relocation Set 71.073ms
[2026-04-03T03:24:21.734+0600][57.612s][info][gc,phases   ] GC(107) y: Pause Relocate Start 0.026ms
[2026-04-03T03:24:21.909+0600][57.787s][info][gc,phases   ] GC(107) y: Concurrent Relocate 174.881ms
[2026-04-03T03:24:21.910+0600][57.787s][info][gc,alloc    ] GC(107) y:                         Mark Start        Mark End      Relocate Start    Relocate End   
[2026-04-03T03:24:21.910+0600][57.787s][info][gc,alloc    ] GC(107) y: Allocation Stalls:          0                0                0                0         
[2026-04-03T03:24:21.910+0600][57.787s][info][gc,load     ] GC(107) y: Load: 3.98 (33%) / 4.56 (38%) / 5.18 (43%)
[2026-04-03T03:24:21.910+0600][57.787s][info][gc,mmu      ] GC(107) y: MMU: 2ms/87.1%, 5ms/94.9%, 10ms/97.4%, 20ms/98.7%, 50ms/99.4%, 100ms/99.6%
[2026-04-03T03:24:21.910+0600][57.787s][info][gc,marking  ] GC(107) y: Mark: 2 stripe(s), 2 proactive flush(es), 1 terminate flush(es), 0 completion(s), 0 continuation(s) 
[2026-04-03T03:24:21.910+0600][57.787s][info][gc,marking  ] GC(107) y: Mark Stack Usage: 32M
[2026-04-03T03:24:21.910+0600][57.787s][info][gc,nmethod  ] GC(107) y: NMethods: 7105 registered, 1403 unregistered
[2026-04-03T03:24:21.910+0600][57.787s][info][gc,metaspace] GC(107) y: Metaspace: 71M used, 72M committed, 1088M reserved
[2026-04-03T03:24:21.910+0600][57.787s][info][gc,reloc    ] GC(107) y:                        Candidates     Selected     In-Place         Size        Empty    Relocated 
[2026-04-03T03:24:21.910+0600][57.787s][info][gc,reloc    ] GC(107) y: Small Pages:                  138           83            0         276M           0M          16M 
[2026-04-03T03:24:21.910+0600][57.787s][info][gc,reloc    ] GC(107) y: Medium Pages:                   1            0            0          32M           0M           0M 
[2026-04-03T03:24:21.910+0600][57.787s][info][gc,reloc    ] GC(107) y: Large Pages:                    3            0            0          30M           0M           0M 
[2026-04-03T03:24:21.910+0600][57.788s][info][gc,reloc    ] GC(107) y: Forwarding Usage: 22M
[2026-04-03T03:24:21.910+0600][57.788s][info][gc,reloc    ] GC(107) y: Age Table:
[2026-04-03T03:24:21.910+0600][57.788s][info][gc,reloc    ] GC(107) y:                    Live             Garbage             Small              Medium             Large        
[2026-04-03T03:24:21.910+0600][57.788s][info][gc,reloc    ] GC(107) y: Eden              22M (2%)          181M (15%)         86 / 75             1 / 0              0 / 0        
[2026-04-03T03:24:21.910+0600][57.788s][info][gc,reloc    ] GC(107) y: Survivor 1       115M (9%)           12M (1%)          49 / 5              0 / 0              3 / 0        
[2026-04-03T03:24:21.910+0600][57.788s][info][gc,reloc    ] GC(107) y: Survivor 2         0M (0%)            5M (0%)           3 / 3              0 / 0              0 / 0        
[2026-04-03T03:24:21.910+0600][57.788s][info][gc,heap     ] GC(107) y: Min Capacity: 8M(1%)
[2026-04-03T03:24:21.910+0600][57.788s][info][gc,heap     ] GC(107) y: Max Capacity: 1250M(100%)
[2026-04-03T03:24:21.910+0600][57.788s][info][gc,heap     ] GC(107) y: Soft Max Capacity: 1250M(100%)
[2026-04-03T03:24:21.910+0600][57.788s][info][gc,heap     ] GC(107) y: Heap Statistics:
[2026-04-03T03:24:21.910+0600][57.788s][info][gc,heap     ] GC(107) y:                Mark Start          Mark End        Relocate Start      Relocate End           High               Low         
[2026-04-03T03:24:21.910+0600][57.788s][info][gc,heap     ] GC(107) y:  Capacity:     1250M (100%)       1250M (100%)       1250M (100%)       1250M (100%)       1250M (100%)       1250M (100%)   
[2026-04-03T03:24:21.910+0600][57.788s][info][gc,heap     ] GC(107) y:      Free:      712M (57%)         464M (37%)         404M (32%)         468M (37%)         712M (57%)         386M (31%)    
[2026-04-03T03:24:21.910+0600][57.788s][info][gc,heap     ] GC(107) y:      Used:      538M (43%)         786M (63%)         846M (68%)         782M (63%)         864M (69%)         538M (43%)    
[2026-04-03T03:24:21.910+0600][57.788s][info][gc,heap     ] GC(107) y: Young Generation Statistics:
[2026-04-03T03:24:21.910+0600][57.788s][info][gc,heap     ] GC(107) y:                Mark Start          Mark End        Relocate Start      Relocate End    
[2026-04-03T03:24:21.910+0600][57.788s][info][gc,heap     ] GC(107) y:      Used:      338M (27%)         586M (47%)         530M (42%)         454M (36%)    
[2026-04-03T03:24:21.910+0600][57.788s][info][gc,heap     ] GC(107) y:      Live:         -               138M (11%)          23M (2%)           22M (2%)     
[2026-04-03T03:24:21.910+0600][57.788s][info][gc,heap     ] GC(107) y:   Garbage:         -               199M (16%)         198M (16%)          28M (2%)     
[2026-04-03T03:24:21.910+0600][57.788s][info][gc,heap     ] GC(107) y: Allocated:         -               248M (20%)         308M (25%)         402M (32%)    
[2026-04-03T03:24:21.910+0600][57.788s][info][gc,heap     ] GC(107) y: Reclaimed:         -                  -                 0M (0%)          170M (14%)    
[2026-04-03T03:24:21.910+0600][57.788s][info][gc,heap     ] GC(107) y:  Promoted:         -                  -               115M (9%)          115M (9%)     
[2026-04-03T03:24:21.910+0600][57.788s][info][gc,heap     ] GC(107) y: Compacted:         -                  -                  -                19M (2%)     
[2026-04-03T03:24:21.910+0600][57.788s][info][gc,phases   ] GC(107) y: Young Generation 538M(43%)->782M(63%) 0.503s
[2026-04-03T03:24:21.910+0600][57.788s][info][gc          ] GC(107) Minor Collection (Allocation Rate) 538M(43%)->782M(63%) 0.504s
[2026-04-03T03:24:21.910+0600][57.788s][info][gc          ] GC(108) Major Collection (Allocation Rate)
[2026-04-03T03:24:21.910+0600][57.788s][info][gc,task     ] GC(108) Using 3 Workers for Young Generation
[2026-04-03T03:24:21.910+0600][57.788s][info][gc,task     ] GC(108) Using 2 Workers for Old Generation
[2026-04-03T03:24:21.910+0600][57.788s][info][gc,phases   ] GC(108) Y: Young Generation
[2026-04-03T03:24:21.911+0600][57.788s][info][gc,phases   ] GC(108) Y: Pause Mark Start (Major) 0.039ms
[2026-04-03T03:24:22.107+0600][57.984s][info][gc,phases   ] GC(108) Y: Concurrent Mark 195.749ms
[2026-04-03T03:24:22.107+0600][57.985s][info][gc,phases   ] GC(108) Y: Pause Mark End 0.035ms
[2026-04-03T03:24:22.107+0600][57.985s][info][gc,phases   ] GC(108) Y: Concurrent Mark Free 0.002ms
[2026-04-03T03:24:22.107+0600][57.985s][info][gc,phases   ] GC(108) Y: Concurrent Reset Relocation Set 0.090ms
[2026-04-03T03:24:22.109+0600][57.987s][info][gc,reloc    ] GC(108) Y: Using tenuring threshold: 2 (Computed)
[2026-04-03T03:24:22.112+0600][57.989s][info][gc,phases   ] GC(108) Y: Concurrent Select Relocation Set 4.507ms
[2026-04-03T03:24:22.112+0600][57.990s][info][gc,phases   ] GC(108) Y: Pause Relocate Start 0.029ms
[2026-04-03T03:24:22.157+0600][58.035s][info][gc,phases   ] GC(108) Y: Concurrent Relocate 44.882ms
[2026-04-03T03:24:22.157+0600][58.035s][info][gc,alloc    ] GC(108) Y:                         Mark Start        Mark End      Relocate Start    Relocate End   
[2026-04-03T03:24:22.157+0600][58.035s][info][gc,alloc    ] GC(108) Y: Allocation Stalls:          0                0                0                0         
[2026-04-03T03:24:22.157+0600][58.035s][info][gc,load     ] GC(108) Y: Load: 3.98 (33%) / 4.56 (38%) / 5.18 (43%)
[2026-04-03T03:24:22.157+0600][58.035s][info][gc,mmu      ] GC(108) Y: MMU: 2ms/87.1%, 5ms/94.9%, 10ms/97.4%, 20ms/98.7%, 50ms/99.4%, 100ms/99.6%
[2026-04-03T03:24:22.157+0600][58.035s][info][gc,marking  ] GC(108) Y: Mark: 2 stripe(s), 2 proactive flush(es), 1 terminate flush(es), 0 completion(s), 0 continuation(s) 
[2026-04-03T03:24:22.157+0600][58.035s][info][gc,marking  ] GC(108) Y: Mark Stack Usage: 32M
[2026-04-03T03:24:22.157+0600][58.035s][info][gc,nmethod  ] GC(108) Y: NMethods: 7105 registered, 1403 unregistered
[2026-04-03T03:24:22.157+0600][58.035s][info][gc,metaspace] GC(108) Y: Metaspace: 71M used, 72M committed, 1088M reserved
[2026-04-03T03:24:22.157+0600][58.035s][info][gc,reloc    ] GC(108) Y:                        Candidates     Selected     In-Place         Size        Empty    Relocated 
[2026-04-03T03:24:22.157+0600][58.035s][info][gc,reloc    ] GC(108) Y: Small Pages:                  179          152            0         358M           6M          21M 
[2026-04-03T03:24:22.157+0600][58.035s][info][gc,reloc    ] GC(108) Y: Medium Pages:                   2            0            0          64M          32M           0M 
[2026-04-03T03:24:22.157+0600][58.035s][info][gc,reloc    ] GC(108) Y: Large Pages:                    4            0            0          32M           0M           0M 
[2026-04-03T03:24:22.157+0600][58.035s][info][gc,reloc    ] GC(108) Y: Forwarding Usage: 20M
[2026-04-03T03:24:22.157+0600][58.035s][info][gc,reloc    ] GC(108) Y: Age Table:
[2026-04-03T03:24:22.157+0600][58.035s][info][gc,reloc    ] GC(108) Y:                    Live             Garbage             Small              Medium             Large        
[2026-04-03T03:24:22.157+0600][58.035s][info][gc,reloc    ] GC(108) Y: Eden              57M (5%)          336M (27%)        165 / 149            1 / 0              4 / 0        
[2026-04-03T03:24:22.157+0600][58.035s][info][gc,reloc    ] GC(108) Y: Survivor 1        18M (1%)           41M (3%)          14 / 3              1 / 0              0 / 0        
[2026-04-03T03:24:22.157+0600][58.035s][info][gc,heap     ] GC(108) Y: Min Capacity: 8M(1%)
[2026-04-03T03:24:22.157+0600][58.035s][info][gc,heap     ] GC(108) Y: Max Capacity: 1250M(100%)
[2026-04-03T03:24:22.157+0600][58.035s][info][gc,heap     ] GC(108) Y: Soft Max Capacity: 1250M(100%)
[2026-04-03T03:24:22.157+0600][58.035s][info][gc,heap     ] GC(108) Y: Heap Statistics:
[2026-04-03T03:24:22.157+0600][58.035s][info][gc,heap     ] GC(108) Y:                Mark Start          Mark End        Relocate Start      Relocate End           High               Low         
[2026-04-03T03:24:22.157+0600][58.035s][info][gc,heap     ] GC(108) Y:  Capacity:     1250M (100%)       1250M (100%)       1250M (100%)       1250M (100%)       1250M (100%)       1250M (100%)   
[2026-04-03T03:24:22.157+0600][58.035s][info][gc,heap     ] GC(108) Y:      Free:      468M (37%)         348M (28%)         386M (31%)         642M (51%)         642M (51%)         348M (28%)    
[2026-04-03T03:24:22.157+0600][58.035s][info][gc,heap     ] GC(108) Y:      Used:      782M (63%)         902M (72%)         864M (69%)         608M (49%)         902M (72%)         608M (49%)    
[2026-04-03T03:24:22.157+0600][58.035s][info][gc,heap     ] GC(108) Y: Young Generation Statistics:
[2026-04-03T03:24:22.157+0600][58.035s][info][gc,heap     ] GC(108) Y:                Mark Start          Mark End        Relocate Start      Relocate End    
[2026-04-03T03:24:22.157+0600][58.035s][info][gc,heap     ] GC(108) Y:      Used:      454M (36%)         574M (46%)         536M (43%)         280M (22%)    
[2026-04-03T03:24:22.157+0600][58.035s][info][gc,heap     ] GC(108) Y:      Live:         -                75M (6%)           75M (6%)           75M (6%)     
[2026-04-03T03:24:22.157+0600][58.035s][info][gc,heap     ] GC(108) Y:   Garbage:         -               378M (30%)         340M (27%)          32M (3%)     
[2026-04-03T03:24:22.157+0600][58.035s][info][gc,heap     ] GC(108) Y: Allocated:         -               120M (10%)         120M (10%)         171M (14%)    
[2026-04-03T03:24:22.157+0600][58.035s][info][gc,heap     ] GC(108) Y: Reclaimed:         -                  -                38M (3%)          345M (28%)    
[2026-04-03T03:24:22.157+0600][58.035s][info][gc,heap     ] GC(108) Y:  Promoted:         -                  -                 0M (0%)            0M (0%)     
[2026-04-03T03:24:22.158+0600][58.035s][info][gc,heap     ] GC(108) Y: Compacted:         -                  -                  -                24M (2%)     
[2026-04-03T03:24:22.158+0600][58.035s][info][gc,phases   ] GC(108) Y: Young Generation 782M(63%)->608M(49%) 0.247s
[2026-04-03T03:24:22.158+0600][58.035s][info][gc,phases   ] GC(108) O: Old Generation
[2026-04-03T03:24:22.161+0600][58.039s][info][gc          ] GC(109) Minor Collection (Allocation Rate)
[2026-04-03T03:24:22.162+0600][58.039s][info][gc,task     ] GC(109) Using 1 Workers for Young Generation
[2026-04-03T03:24:22.162+0600][58.039s][info][gc,phases   ] GC(109) y: Young Generation
[2026-04-03T03:24:22.162+0600][58.040s][info][gc,phases   ] GC(109) y: Pause Mark Start 0.033ms
[2026-04-03T03:24:22.950+0600][58.828s][info][gc,phases   ] GC(109) y: Concurrent Mark 788.081ms
[2026-04-03T03:24:22.950+0600][58.828s][info][gc,phases   ] GC(109) y: Pause Mark End 0.037ms
[2026-04-03T03:24:22.951+0600][58.828s][info][gc,phases   ] GC(109) y: Concurrent Mark Free 0.001ms
[2026-04-03T03:24:22.951+0600][58.829s][info][gc,phases   ] GC(109) y: Concurrent Reset Relocation Set 0.042ms
[2026-04-03T03:24:22.957+0600][58.835s][info][gc,reloc    ] GC(109) y: Using tenuring threshold: 1 (Computed)
[2026-04-03T03:24:22.990+0600][58.867s][info][gc,phases   ] GC(108) O: Concurrent Mark 832.171ms
[2026-04-03T03:24:22.991+0600][58.869s][info][gc,phases   ] GC(108) O: Pause Mark End 0.040ms
[2026-04-03T03:24:22.992+0600][58.869s][info][gc,phases   ] GC(108) O: Concurrent Mark Free 0.004ms
[2026-04-03T03:24:23.010+0600][58.888s][info][gc,phases   ] GC(108) O: Concurrent Process Non-Strong 18.750ms
[2026-04-03T03:24:23.010+0600][58.888s][info][gc,phases   ] GC(108) O: Concurrent Reset Relocation Set 0.005ms
[2026-04-03T03:24:23.013+0600][58.891s][info][gc,phases   ] GC(108) O: Concurrent Select Relocation Set 2.286ms
[2026-04-03T03:24:23.047+0600][58.925s][info][gc,phases   ] GC(109) y: Concurrent Select Relocation Set 95.976ms
[2026-04-03T03:24:23.047+0600][58.925s][info][gc,phases   ] GC(109) y: Pause Relocate Start 0.025ms
[2026-04-03T03:24:23.048+0600][58.926s][info][gc          ] Relocation Stall (Executor task launch worker for task 2.0 in stage 27.0 (TID 41)) 0.943ms
[2026-04-03T03:24:23.048+0600][58.926s][info][gc          ] Relocation Stall (Executor task launch worker for task 0.0 in stage 27.0 (TID 39)) 0.760ms
[2026-04-03T03:24:23.048+0600][58.926s][info][gc          ] Relocation Stall (Executor task launch worker for task 1.0 in stage 27.0 (TID 40)) 0.840ms
[2026-04-03T03:24:23.245+0600][59.123s][info][gc,phases   ] GC(109) y: Concurrent Relocate 197.984ms
[2026-04-03T03:24:23.245+0600][59.123s][info][gc,alloc    ] GC(109) y:                         Mark Start        Mark End      Relocate Start    Relocate End   
[2026-04-03T03:24:23.245+0600][59.123s][info][gc,alloc    ] GC(109) y: Allocation Stalls:          0                0                0                0         
[2026-04-03T03:24:23.245+0600][59.123s][info][gc,load     ] GC(109) y: Load: 3.98 (33%) / 4.56 (38%) / 5.18 (43%)
[2026-04-03T03:24:23.245+0600][59.123s][info][gc,mmu      ] GC(109) y: MMU: 2ms/87.1%, 5ms/94.9%, 10ms/97.4%, 20ms/98.7%, 50ms/99.4%, 100ms/99.6%
[2026-04-03T03:24:23.245+0600][59.123s][info][gc,marking  ] GC(109) y: Mark: 1 stripe(s), 2 proactive flush(es), 1 terminate flush(es), 0 completion(s), 0 continuation(s) 
[2026-04-03T03:24:23.245+0600][59.123s][info][gc,marking  ] GC(109) y: Mark Stack Usage: 32M
[2026-04-03T03:24:23.245+0600][59.123s][info][gc,nmethod  ] GC(109) y: NMethods: 7088 registered, 1420 unregistered
[2026-04-03T03:24:23.245+0600][59.123s][info][gc,metaspace] GC(109) y: Metaspace: 71M used, 72M committed, 1088M reserved
[2026-04-03T03:24:23.245+0600][59.123s][info][gc,reloc    ] GC(109) y:                        Candidates     Selected     In-Place         Size        Empty    Relocated 
[2026-04-03T03:24:23.245+0600][59.123s][info][gc,reloc    ] GC(109) y: Small Pages:                  110           81            1         220M           4M          11M 
[2026-04-03T03:24:23.245+0600][59.123s][info][gc,reloc    ] GC(109) y: Medium Pages:                   1            0            0          32M           0M           0M 
[2026-04-03T03:24:23.245+0600][59.123s][info][gc,reloc    ] GC(109) y: Large Pages:                    4            0            0          32M          12M           0M 
[2026-04-03T03:24:23.245+0600][59.123s][info][gc,reloc    ] GC(109) y: Forwarding Usage: 12M
[2026-04-03T03:24:23.246+0600][59.123s][info][gc,reloc    ] GC(109) y: Age Table:
[2026-04-03T03:24:23.246+0600][59.123s][info][gc,reloc    ] GC(109) y:                    Live             Garbage             Small              Medium             Large        
[2026-04-03T03:24:23.246+0600][59.123s][info][gc,reloc    ] GC(109) y: Eden               8M (1%)          145M (12%)         77 / 69             0 / 0              0 / 0        
[2026-04-03T03:24:23.246+0600][59.123s][info][gc,reloc    ] GC(109) y: Survivor 1        43M (3%)           54M (4%)          17 / 6              1 / 0              4 / 0        
[2026-04-03T03:24:23.246+0600][59.123s][info][gc,reloc    ] GC(109) y: Survivor 2        18M (1%)           13M (1%)          16 / 6              0 / 0              0 / 0        
[2026-04-03T03:24:23.246+0600][59.123s][info][gc,heap     ] GC(109) y: Min Capacity: 8M(1%)
[2026-04-03T03:24:23.246+0600][59.123s][info][gc,heap     ] GC(109) y: Max Capacity: 1250M(100%)
[2026-04-03T03:24:23.269+0600][59.146s][info][gc,heap     ] GC(109) y: Soft Max Capacity: 1250M(100%)
[2026-04-03T03:24:23.269+0600][59.147s][info][gc,heap     ] GC(109) y: Heap Statistics:
[2026-04-03T03:24:23.269+0600][59.147s][info][gc,heap     ] GC(109) y:                Mark Start          Mark End        Relocate Start      Relocate End           High               Low         
[2026-04-03T03:24:23.269+0600][59.147s][info][gc,heap     ] GC(109) y:  Capacity:     1250M (100%)       1250M (100%)       1250M (100%)       1250M (100%)       1250M (100%)       1250M (100%)   
[2026-04-03T03:24:23.269+0600][59.147s][info][gc,heap     ] GC(109) y:      Free:      638M (51%)          66M (5%)            0M (0%)           12M (1%)          638M (51%)           0M (0%)     
[2026-04-03T03:24:23.269+0600][59.147s][info][gc,heap     ] GC(109) y:      Used:      612M (49%)        1184M (95%)        1250M (100%)       1238M (99%)        1250M (100%)        612M (49%)    
[2026-04-03T03:24:23.269+0600][59.147s][info][gc,heap     ] GC(109) y: Young Generation Statistics:
[2026-04-03T03:24:23.269+0600][59.147s][info][gc,heap     ] GC(109) y:                Mark Start          Mark End        Relocate Start      Relocate End    
[2026-04-03T03:24:23.269+0600][59.147s][info][gc,heap     ] GC(109) y:      Used:      284M (23%)         856M (68%)         832M (67%)         808M (65%)    
[2026-04-03T03:24:23.269+0600][59.147s][info][gc,heap     ] GC(109) y:      Live:         -                70M (6%)           13M (1%)            8M (1%)     
[2026-04-03T03:24:23.269+0600][59.147s][info][gc,heap     ] GC(109) y:   Garbage:         -               213M (17%)         164M (13%)           0M (0%)     
[2026-04-03T03:24:23.269+0600][59.147s][info][gc,heap     ] GC(109) y: Allocated:         -               572M (46%)         654M (52%)         799M (64%)    
[2026-04-03T03:24:23.269+0600][59.147s][info][gc,heap     ] GC(109) y: Reclaimed:         -                  -                49M (4%)          213M (17%)    
[2026-04-03T03:24:23.269+0600][59.147s][info][gc,heap     ] GC(109) y:  Promoted:         -                  -                56M (5%)           61M (5%)     
[2026-04-03T03:24:23.269+0600][59.147s][info][gc,heap     ] GC(109) y: Compacted:         -                  -                  -                 8M (1%)     
[2026-04-03T03:24:23.269+0600][59.147s][info][gc,phases   ] GC(109) y: Young Generation 612M(49%)->1238M(99%) 1.084s
[2026-04-03T03:24:23.269+0600][59.147s][info][gc          ] GC(109) Minor Collection (Allocation Rate) 612M(49%)->1250M(100%) 1.108s
[2026-04-03T03:24:23.269+0600][59.147s][info][gc          ] GC(110) Minor Collection (Allocation Stall)
[2026-04-03T03:24:23.269+0600][59.147s][info][gc,task     ] GC(110) Using 3 Workers for Young Generation
[2026-04-03T03:24:23.269+0600][59.147s][info][gc,phases   ] GC(110) y: Young Generation
[2026-04-03T03:24:23.269+0600][59.147s][info][gc,task     ] Adjusting Workers for Old Generation: 2 -> 3
[2026-04-03T03:24:23.269+0600][59.147s][info][gc,phases   ] GC(110) y: Pause Mark Start 0.033ms
[2026-04-03T03:24:23.472+0600][59.350s][info][gc,phases   ] GC(110) y: Concurrent Mark 202.935ms
[2026-04-03T03:24:23.473+0600][59.350s][info][gc,phases   ] GC(110) y: Pause Mark End 0.021ms
[2026-04-03T03:24:23.473+0600][59.350s][info][gc,phases   ] GC(110) y: Concurrent Mark Free 0.001ms
[2026-04-03T03:24:23.473+0600][59.351s][info][gc,phases   ] GC(110) y: Concurrent Reset Relocation Set 0.055ms
[2026-04-03T03:24:23.477+0600][59.355s][info][gc,reloc    ] GC(110) y: Using tenuring threshold: 2 (Computed)
[2026-04-03T03:24:23.477+0600][59.355s][info][gc          ] Allocation Stall (Spark Context Cleaner) 153.360ms
[2026-04-03T03:24:23.477+0600][59.355s][info][gc          ] Allocation Stall (Executor task launch worker for task 0.0 in stage 27.0 (TID 39)) 218.639ms
[2026-04-03T03:24:23.477+0600][59.355s][info][gc          ] Allocation Stall (Executor task launch worker for task 2.0 in stage 27.0 (TID 41)) 221.598ms
[2026-04-03T03:24:23.477+0600][59.355s][info][gc          ] Allocation Stall (Executor task launch worker for task 1.0 in stage 27.0 (TID 40)) 219.728ms
[2026-04-03T03:24:23.488+0600][59.365s][info][gc,phases   ] GC(110) y: Concurrent Select Relocation Set 14.764ms
[2026-04-03T03:24:23.488+0600][59.366s][info][gc,phases   ] GC(110) y: Pause Relocate Start 0.026ms
[2026-04-03T03:24:23.489+0600][59.366s][info][gc          ] Allocation Stall (Executor task launch worker for task 2.0 in stage 27.0 (TID 41)) 6.913ms
[2026-04-03T03:24:23.489+0600][59.366s][info][gc          ] Allocation Stall (Executor task launch worker for task 1.0 in stage 27.0 (TID 40)) 4.410ms
[2026-04-03T03:24:23.489+0600][59.366s][info][gc          ] Allocation Stall (Executor task launch worker for task 0.0 in stage 27.0 (TID 39)) 3.432ms
[2026-04-03T03:24:23.566+0600][59.444s][info][gc,phases   ] GC(110) y: Concurrent Relocate 77.760ms
[2026-04-03T03:24:23.566+0600][59.444s][info][gc,alloc    ] GC(110) y:                         Mark Start        Mark End      Relocate Start    Relocate End   
[2026-04-03T03:24:23.566+0600][59.444s][info][gc,alloc    ] GC(110) y: Allocation Stalls:          3                4                3                0         
[2026-04-03T03:24:23.566+0600][59.444s][info][gc,load     ] GC(110) y: Load: 3.98 (33%) / 4.56 (38%) / 5.18 (43%)
[2026-04-03T03:24:23.566+0600][59.444s][info][gc,mmu      ] GC(110) y: MMU: 2ms/87.1%, 5ms/94.9%, 10ms/97.4%, 20ms/98.7%, 50ms/99.4%, 100ms/99.6%
[2026-04-03T03:24:23.566+0600][59.444s][info][gc,marking  ] GC(110) y: Mark: 2 stripe(s), 1 proactive flush(es), 1 terminate flush(es), 0 completion(s), 0 continuation(s) 
[2026-04-03T03:24:23.566+0600][59.444s][info][gc,marking  ] GC(110) y: Mark Stack Usage: 32M
[2026-04-03T03:24:23.566+0600][59.444s][info][gc,nmethod  ] GC(110) y: NMethods: 7088 registered, 1420 unregistered
[2026-04-03T03:24:23.566+0600][59.444s][info][gc,metaspace] GC(110) y: Metaspace: 71M used, 72M committed, 1088M reserved
[2026-04-03T03:24:23.566+0600][59.444s][info][gc,reloc    ] GC(110) y:                        Candidates     Selected     In-Place         Size        Empty    Relocated 
[2026-04-03T03:24:23.566+0600][59.444s][info][gc,reloc    ] GC(110) y: Small Pages:                  389          360            2         778M          10M          34M 
[2026-04-03T03:24:23.566+0600][59.444s][info][gc,reloc    ] GC(110) y: Medium Pages:                   0            0            0           0M           0M           0M 
[2026-04-03T03:24:23.566+0600][59.444s][info][gc,reloc    ] GC(110) y: Large Pages:                    3            0            0          42M           0M           0M 
[2026-04-03T03:24:23.566+0600][59.444s][info][gc,reloc    ] GC(110) y: Forwarding Usage: 34M
[2026-04-03T03:24:23.566+0600][59.444s][info][gc,reloc    ] GC(110) y: Age Table:
[2026-04-03T03:24:23.566+0600][59.444s][info][gc,reloc    ] GC(110) y:                    Live             Garbage             Small              Medium             Large        
[2026-04-03T03:24:23.566+0600][59.444s][info][gc,reloc    ] GC(110) y: Eden              76M (6%)          729M (58%)        382 / 356            0 / 0              3 / 0        
[2026-04-03T03:24:23.566+0600][59.444s][info][gc,reloc    ] GC(110) y: Survivor 1         5M (0%)            8M (1%)           7 / 4              0 / 0              0 / 0        
[2026-04-03T03:24:23.566+0600][59.444s][info][gc,heap     ] GC(110) y: Min Capacity: 8M(1%)
[2026-04-03T03:24:23.566+0600][59.444s][info][gc,heap     ] GC(110) y: Max Capacity: 1250M(100%)
[2026-04-03T03:24:23.566+0600][59.444s][info][gc,heap     ] GC(110) y: Soft Max Capacity: 1250M(100%)
[2026-04-03T03:24:23.566+0600][59.444s][info][gc,heap     ] GC(110) y: Heap Statistics:
[2026-04-03T03:24:23.566+0600][59.444s][info][gc,heap     ] GC(110) y:                Mark Start          Mark End        Relocate Start      Relocate End           High               Low         
[2026-04-03T03:24:23.566+0600][59.444s][info][gc,heap     ] GC(110) y:  Capacity:     1250M (100%)       1250M (100%)       1250M (100%)       1250M (100%)       1250M (100%)       1250M (100%)   
[2026-04-03T03:24:23.566+0600][59.444s][info][gc,heap     ] GC(110) y:      Free:        0M (0%)            0M (0%)            0M (0%)          648M (52%)         656M (52%)           0M (0%)     
[2026-04-03T03:24:23.566+0600][59.444s][info][gc,heap     ] GC(110) y:      Used:     1250M (100%)       1250M (100%)       1250M (100%)        602M (48%)        1250M (100%)        594M (48%)    
[2026-04-03T03:24:23.566+0600][59.444s][info][gc,heap     ] GC(110) y: Young Generation Statistics:
[2026-04-03T03:24:23.566+0600][59.444s][info][gc,heap     ] GC(110) y:                Mark Start          Mark End        Relocate Start      Relocate End    
[2026-04-03T03:24:23.566+0600][59.444s][info][gc,heap     ] GC(110) y:      Used:      820M (66%)         820M (66%)         820M (66%)         172M (14%)    
[2026-04-03T03:24:23.567+0600][59.444s][info][gc,heap     ] GC(110) y:      Live:         -                82M (7%)           82M (7%)           82M (7%)     
[2026-04-03T03:24:23.567+0600][59.444s][info][gc,heap     ] GC(110) y:   Garbage:         -               737M (59%)         727M (58%)           1M (0%)     
[2026-04-03T03:24:23.567+0600][59.444s][info][gc,heap     ] GC(110) y: Allocated:         -                 0M (0%)           10M (1%)           87M (7%)     
[2026-04-03T03:24:23.567+0600][59.444s][info][gc,heap     ] GC(110) y: Reclaimed:         -                  -                10M (1%)          735M (59%)    
[2026-04-03T03:24:23.567+0600][59.444s][info][gc,heap     ] GC(110) y:  Promoted:         -                  -                 0M (0%)            0M (0%)     
[2026-04-03T03:24:23.567+0600][59.444s][info][gc,heap     ] GC(110) y: Compacted:         -                  -                  -                36M (3%)     
[2026-04-03T03:24:23.567+0600][59.444s][info][gc,phases   ] GC(110) y: Young Generation 1250M(100%)->602M(48%) 0.297s
[2026-04-03T03:24:23.567+0600][59.444s][info][gc          ] GC(110) Minor Collection (Allocation Stall) 1250M(100%)->602M(48%) 0.298s
[2026-04-03T03:24:23.567+0600][59.444s][info][gc,task     ] GC(108) O: Using 3 Workers for Old Generation
[2026-04-03T03:24:23.567+0600][59.445s][info][gc,task     ] Adjusting Workers for Old Generation: 2 -> 1
[2026-04-03T03:24:23.674+0600][59.552s][info][gc,task     ] GC(108) O: Using 2 Workers for Old Generation
[2026-04-03T03:24:23.674+0600][59.552s][info][gc,phases   ] GC(108) O: Concurrent Remap Roots 107.381ms
[2026-04-03T03:24:23.674+0600][59.552s][info][gc,phases   ] GC(108) O: Pause Relocate Start 0.031ms
[2026-04-03T03:24:23.674+0600][59.552s][info][gc          ] GC(111) Minor Collection (Allocation Rate)
[2026-04-03T03:24:23.675+0600][59.552s][info][gc,task     ] GC(111) Using 2 Workers for Young Generation
[2026-04-03T03:24:23.675+0600][59.552s][info][gc,phases   ] GC(111) y: Young Generation
[2026-04-03T03:24:23.675+0600][59.553s][info][gc,phases   ] GC(111) y: Pause Mark Start 0.018ms
[2026-04-03T03:24:23.682+0600][59.559s][info][gc,phases   ] GC(108) O: Concurrent Relocate 7.227ms
[2026-04-03T03:24:23.924+0600][59.802s][info][gc,task     ] Adjusting Workers for Young Generation: 2 -> 3
[2026-04-03T03:24:24.140+0600][60.018s][info][gc,phases   ] GC(111) y: Concurrent Mark 465.012ms
[2026-04-03T03:24:24.140+0600][60.018s][info][gc,phases   ] GC(111) y: Pause Mark End 0.038ms
[2026-04-03T03:24:24.141+0600][60.018s][info][gc,phases   ] GC(111) y: Concurrent Mark Free 0.002ms
[2026-04-03T03:24:24.141+0600][60.018s][info][gc,phases   ] GC(111) y: Concurrent Reset Relocation Set 0.068ms
[2026-04-03T03:24:24.147+0600][60.024s][info][gc,reloc    ] GC(111) y: Using tenuring threshold: 1 (Computed)
[2026-04-03T03:24:24.201+0600][60.079s][info][gc,phases   ] GC(111) y: Concurrent Select Relocation Set 60.407ms
[2026-04-03T03:24:24.202+0600][60.079s][info][gc,phases   ] GC(111) y: Pause Relocate Start 0.038ms
[2026-04-03T03:24:24.365+0600][60.243s][info][gc,phases   ] GC(111) y: Concurrent Relocate 163.624ms
[2026-04-03T03:24:24.365+0600][60.243s][info][gc,alloc    ] GC(111) y:                         Mark Start        Mark End      Relocate Start    Relocate End   
[2026-04-03T03:24:24.365+0600][60.243s][info][gc,alloc    ] GC(111) y: Allocation Stalls:          0                0                0                0         
[2026-04-03T03:24:24.365+0600][60.243s][info][gc,load     ] GC(111) y: Load: 3.98 (33%) / 4.56 (38%) / 5.18 (43%)
[2026-04-03T03:24:24.365+0600][60.243s][info][gc,mmu      ] GC(111) y: MMU: 2ms/87.1%, 5ms/94.9%, 10ms/97.4%, 20ms/98.7%, 50ms/99.4%, 100ms/99.6%
[2026-04-03T03:24:24.366+0600][60.243s][info][gc,marking  ] GC(111) y: Mark: 2 stripe(s), 10 proactive flush(es), 1 terminate flush(es), 0 completion(s), 0 continuation(s) 
[2026-04-03T03:24:24.366+0600][60.243s][info][gc,marking  ] GC(111) y: Mark Stack Usage: 32M
[2026-04-03T03:24:24.366+0600][60.243s][info][gc,nmethod  ] GC(111) y: NMethods: 7091 registered, 1420 unregistered
[2026-04-03T03:24:24.366+0600][60.243s][info][gc,metaspace] GC(111) y: Metaspace: 71M used, 72M committed, 1088M reserved
[2026-04-03T03:24:24.366+0600][60.243s][info][gc,reloc    ] GC(111) y:                        Candidates     Selected     In-Place         Size        Empty    Relocated 
[2026-04-03T03:24:24.366+0600][60.243s][info][gc,reloc    ] GC(111) y: Small Pages:                  112           86            0         224M           0M          10M 
[2026-04-03T03:24:24.366+0600][60.243s][info][gc,reloc    ] GC(111) y: Medium Pages:                   0            0            0           0M           0M           0M 
[2026-04-03T03:24:24.366+0600][60.243s][info][gc,reloc    ] GC(111) y: Large Pages:                    3            0            0          42M           0M           0M 
[2026-04-03T03:24:24.366+0600][60.243s][info][gc,reloc    ] GC(111) y: Forwarding Usage: 13M
[2026-04-03T03:24:24.366+0600][60.243s][info][gc,reloc    ] GC(111) y: Age Table:
[2026-04-03T03:24:24.366+0600][60.243s][info][gc,reloc    ] GC(111) y:                    Live             Garbage             Small              Medium             Large        
[2026-04-03T03:24:24.366+0600][60.243s][info][gc,reloc    ] GC(111) y: Eden               8M (1%)          159M (13%)         84 / 79             0 / 0              0 / 0        
[2026-04-03T03:24:24.366+0600][60.243s][info][gc,reloc    ] GC(111) y: Survivor 1        75M (6%)            8M (1%)          21 / 3              0 / 0              3 / 0        
[2026-04-03T03:24:24.366+0600][60.243s][info][gc,reloc    ] GC(111) y: Survivor 2         5M (0%)            8M (1%)           7 / 4              0 / 0              0 / 0        
[2026-04-03T03:24:24.366+0600][60.243s][info][gc,heap     ] GC(111) y: Min Capacity: 8M(1%)
[2026-04-03T03:24:24.366+0600][60.243s][info][gc,heap     ] GC(111) y: Max Capacity: 1250M(100%)
[2026-04-03T03:24:24.366+0600][60.243s][info][gc,heap     ] GC(111) y: Soft Max Capacity: 1250M(100%)
[2026-04-03T03:24:24.366+0600][60.243s][info][gc,heap     ] GC(111) y: Heap Statistics:
[2026-04-03T03:24:24.366+0600][60.243s][info][gc,heap     ] GC(111) y:                Mark Start          Mark End        Relocate Start      Relocate End           High               Low         
[2026-04-03T03:24:24.366+0600][60.243s][info][gc,heap     ] GC(111) y:  Capacity:     1250M (100%)       1250M (100%)       1250M (100%)       1250M (100%)       1250M (100%)       1250M (100%)   
[2026-04-03T03:24:24.366+0600][60.243s][info][gc,heap     ] GC(111) y:      Free:      552M (44%)         266M (21%)         242M (19%)         348M (28%)         552M (44%)         234M (19%)    
[2026-04-03T03:24:24.366+0600][60.243s][info][gc,heap     ] GC(111) y:      Used:      698M (56%)         984M (79%)        1008M (81%)         902M (72%)        1016M (81%)         698M (56%)    
[2026-04-03T03:24:24.366+0600][60.244s][info][gc,heap     ] GC(111) y: Young Generation Statistics:
[2026-04-03T03:24:24.366+0600][60.244s][info][gc,heap     ] GC(111) y:                Mark Start          Mark End        Relocate Start      Relocate End    
[2026-04-03T03:24:24.366+0600][60.244s][info][gc,heap     ] GC(111) y:      Used:      266M (21%)         564M (45%)         510M (41%)         396M (32%)    
[2026-04-03T03:24:24.366+0600][60.244s][info][gc,heap     ] GC(111) y:      Live:         -                90M (7%)           13M (1%)            8M (1%)     
[2026-04-03T03:24:24.366+0600][60.244s][info][gc,heap     ] GC(111) y:   Garbage:         -               175M (14%)         174M (14%)           0M (0%)     
[2026-04-03T03:24:24.366+0600][60.244s][info][gc,heap     ] GC(111) y: Allocated:         -               298M (24%)         322M (26%)         387M (31%)    
[2026-04-03T03:24:24.366+0600][60.244s][info][gc,heap     ] GC(111) y: Reclaimed:         -                  -                 1M (0%)          175M (14%)    
[2026-04-03T03:24:24.366+0600][60.244s][info][gc,heap     ] GC(111) y:  Promoted:         -                  -                76M (6%)           81M (7%)     
[2026-04-03T03:24:24.366+0600][60.244s][info][gc,heap     ] GC(111) y: Compacted:         -                  -                  -                 8M (1%)     
[2026-04-03T03:24:24.366+0600][60.244s][info][gc,phases   ] GC(111) y: Young Generation 698M(56%)->902M(72%) 0.691s
[2026-04-03T03:24:24.366+0600][60.244s][info][gc          ] GC(111) Minor Collection (Allocation Rate) 696M(56%)->902M(72%) 0.691s
[2026-04-03T03:24:24.366+0600][60.244s][info][gc,alloc    ] GC(108) O:                         Mark Start        Mark End      Relocate Start    Relocate End   
[2026-04-03T03:24:24.366+0600][60.244s][info][gc,alloc    ] GC(108) O: Allocation Stalls:          0                0                0                0         
[2026-04-03T03:24:24.366+0600][60.244s][info][gc,load     ] GC(108) O: Load: 3.98 (33%) / 4.56 (38%) / 5.18 (43%)
[2026-04-03T03:24:24.366+0600][60.244s][info][gc,mmu      ] GC(108) O: MMU: 2ms/87.1%, 5ms/94.9%, 10ms/97.4%, 20ms/98.7%, 50ms/99.4%, 100ms/99.6%
[2026-04-03T03:24:24.366+0600][60.244s][info][gc,marking  ] GC(108) O: Mark: 2 stripe(s), 2 proactive flush(es), 1 terminate flush(es), 0 completion(s), 0 continuation(s) 
[2026-04-03T03:24:24.366+0600][60.244s][info][gc,marking  ] GC(108) O: Mark Stack Usage: 32M
[2026-04-03T03:24:24.366+0600][60.244s][info][gc,nmethod  ] GC(108) O: NMethods: 7091 registered, 1420 unregistered
[2026-04-03T03:24:24.366+0600][60.244s][info][gc,metaspace] GC(108) O: Metaspace: 71M used, 72M committed, 1088M reserved
[2026-04-03T03:24:24.366+0600][60.244s][info][gc,ref      ] GC(108) O:                       Encountered   Discovered     Enqueued 
[2026-04-03T03:24:24.366+0600][60.244s][info][gc,ref      ] GC(108) O: Soft References:             5095            0            0 
[2026-04-03T03:24:24.366+0600][60.244s][info][gc,ref      ] GC(108) O: Weak References:             6627         5011           23 
[2026-04-03T03:24:24.366+0600][60.244s][info][gc,ref      ] GC(108) O: Final References:              84            0            0 
[2026-04-03T03:24:24.366+0600][60.244s][info][gc,ref      ] GC(108) O: Phantom References:           601          528            0 
[2026-04-03T03:24:24.366+0600][60.244s][info][gc,reloc    ] GC(108) O:                        Candidates     Selected     In-Place         Size        Empty    Relocated 
[2026-04-03T03:24:24.366+0600][60.244s][info][gc,reloc    ] GC(108) O: Small Pages:                  133            8            0         266M           0M           1M 
[2026-04-03T03:24:24.366+0600][60.244s][info][gc,reloc    ] GC(108) O: Medium Pages:                   1            0            0          32M           0M           0M 
[2026-04-03T03:24:24.366+0600][60.244s][info][gc,reloc    ] GC(108) O: Large Pages:                    3            0            0          30M           0M           0M 
[2026-04-03T03:24:24.366+0600][60.244s][info][gc,reloc    ] GC(108) O: Forwarding Usage: 0M
[2026-04-03T03:24:24.366+0600][60.244s][info][gc,heap     ] GC(108) O: Min Capacity: 8M(1%)
[2026-04-03T03:24:24.366+0600][60.244s][info][gc,heap     ] GC(108) O: Max Capacity: 1250M(100%)
[2026-04-03T03:24:24.366+0600][60.244s][info][gc,heap     ] GC(108) O: Soft Max Capacity: 1250M(100%)
[2026-04-03T03:24:24.366+0600][60.244s][info][gc,heap     ] GC(108) O: Heap Statistics:
[2026-04-03T03:24:24.366+0600][60.244s][info][gc,heap     ] GC(108) O:                Mark Start          Mark End        Relocate Start      Relocate End           High               Low         
[2026-04-03T03:24:24.366+0600][60.244s][info][gc,heap     ] GC(108) O:  Capacity:     1250M (100%)       1250M (100%)       1250M (100%)       1250M (100%)       1250M (100%)       1250M (100%)   
[2026-04-03T03:24:24.366+0600][60.244s][info][gc,heap     ] GC(108) O:      Free:      468M (37%)          48M (4%)          554M (44%)         546M (44%)         656M (52%)           0M (0%)     
[2026-04-03T03:24:24.366+0600][60.244s][info][gc,heap     ] GC(108) O:      Used:      782M (63%)        1202M (96%)         696M (56%)         704M (56%)        1250M (100%)        594M (48%)    
[2026-04-03T03:24:24.366+0600][60.244s][info][gc,heap     ] GC(108) O: Old Generation Statistics:
[2026-04-03T03:24:24.366+0600][60.244s][info][gc,heap     ] GC(108) O:                Mark Start          Mark End        Relocate Start      Relocate End    
[2026-04-03T03:24:24.366+0600][60.244s][info][gc,heap     ] GC(108) O:      Used:      328M (26%)         346M (28%)         430M (34%)         420M (34%)    
[2026-04-03T03:24:24.366+0600][60.244s][info][gc,heap     ] GC(108) O:      Live:         -               286M (23%)         286M (23%)         286M (23%)    
[2026-04-03T03:24:24.366+0600][60.244s][info][gc,heap     ] GC(108) O:   Garbage:         -                41M (3%)           41M (3%)           24M (2%)     
[2026-04-03T03:24:24.366+0600][60.244s][info][gc,heap     ] GC(108) O: Allocated:         -                18M (1%)          102M (8%)          108M (9%)     
[2026-04-03T03:24:24.366+0600][60.244s][info][gc,heap     ] GC(108) O: Reclaimed:         -                  -                 0M (0%)           16M (1%)     
[2026-04-03T03:24:24.366+0600][60.244s][info][gc,heap     ] GC(108) O: Compacted:         -                  -                  -                 1M (0%)     
[2026-04-03T03:24:24.366+0600][60.244s][info][gc,phases   ] GC(108) O: Old Generation 608M(49%)->704M(56%) 2.208s
[2026-04-03T03:24:24.367+0600][60.244s][info][gc          ] GC(108) Major Collection (Allocation Rate) 782M(63%)->902M(72%) 2.456s
[2026-04-03T03:24:24.376+0600][60.254s][info][gc          ] GC(112) Major Collection (Allocation Rate)
[2026-04-03T03:24:24.376+0600][60.254s][info][gc,task     ] GC(112) Using 3 Workers for Young Generation
[2026-04-03T03:24:24.376+0600][60.254s][info][gc,task     ] GC(112) Using 1 Workers for Old Generation
[2026-04-03T03:24:24.376+0600][60.254s][info][gc,phases   ] GC(112) Y: Young Generation
[2026-04-03T03:24:24.377+0600][60.254s][info][gc,phases   ] GC(112) Y: Pause Mark Start (Major) 0.042ms
[2026-04-03T03:24:24.590+0600][60.468s][info][gc,phases   ] GC(112) Y: Concurrent Mark 213.091ms
[2026-04-03T03:24:24.590+0600][60.468s][info][gc,phases   ] GC(112) Y: Pause Mark End 0.037ms
[2026-04-03T03:24:24.590+0600][60.468s][info][gc,phases   ] GC(112) Y: Concurrent Mark Free 0.002ms
[2026-04-03T03:24:24.590+0600][60.468s][info][gc,phases   ] GC(112) Y: Concurrent Reset Relocation Set 0.071ms
[2026-04-03T03:24:24.595+0600][60.472s][info][gc,reloc    ] GC(112) Y: Using tenuring threshold: 2 (Computed)
[2026-04-03T03:24:24.597+0600][60.475s][info][gc,phases   ] GC(112) Y: Concurrent Select Relocation Set 6.792ms
[2026-04-03T03:24:24.597+0600][60.475s][info][gc,phases   ] GC(112) Y: Pause Relocate Start 0.018ms
[2026-04-03T03:24:24.627+0600][60.505s][info][gc,phases   ] GC(112) Y: Concurrent Relocate 29.936ms
[2026-04-03T03:24:24.628+0600][60.505s][info][gc,alloc    ] GC(112) Y:                         Mark Start        Mark End      Relocate Start    Relocate End   
[2026-04-03T03:24:24.628+0600][60.505s][info][gc,alloc    ] GC(112) Y: Allocation Stalls:          0                0                0                0         
[2026-04-03T03:24:24.628+0600][60.505s][info][gc,load     ] GC(112) Y: Load: 3.98 (33%) / 4.56 (38%) / 5.18 (43%)
[2026-04-03T03:24:24.628+0600][60.506s][info][gc,mmu      ] GC(112) Y: MMU: 2ms/87.1%, 5ms/94.9%, 10ms/97.4%, 20ms/98.7%, 50ms/99.4%, 100ms/99.6%
[2026-04-03T03:24:24.628+0600][60.506s][info][gc,marking  ] GC(112) Y: Mark: 2 stripe(s), 11 proactive flush(es), 2 terminate flush(es), 0 completion(s), 0 continuation(s) 
[2026-04-03T03:24:24.628+0600][60.506s][info][gc,marking  ] GC(112) Y: Mark Stack Usage: 32M
[2026-04-03T03:24:24.628+0600][60.506s][info][gc,nmethod  ] GC(112) Y: NMethods: 7091 registered, 1420 unregistered
[2026-04-03T03:24:24.628+0600][60.506s][info][gc,metaspace] GC(112) Y: Metaspace: 71M used, 72M committed, 1088M reserved
[2026-04-03T03:24:24.628+0600][60.506s][info][gc,reloc    ] GC(112) Y:                        Candidates     Selected     In-Place         Size        Empty    Relocated 
[2026-04-03T03:24:24.628+0600][60.506s][info][gc,reloc    ] GC(112) Y: Small Pages:                  179          166            0         358M           2M          12M 
[2026-04-03T03:24:24.628+0600][60.506s][info][gc,reloc    ] GC(112) Y: Medium Pages:                   1            0            0          32M           0M           0M 
[2026-04-03T03:24:24.628+0600][60.506s][info][gc,reloc    ] GC(112) Y: Large Pages:                    1            0            0          10M           0M           0M 
[2026-04-03T03:24:24.628+0600][60.506s][info][gc,reloc    ] GC(112) Y: Forwarding Usage: 12M
[2026-04-03T03:24:24.628+0600][60.506s][info][gc,reloc    ] GC(112) Y: Age Table:
[2026-04-03T03:24:24.628+0600][60.506s][info][gc,reloc    ] GC(112) Y:                    Live             Garbage             Small              Medium             Large        
[2026-04-03T03:24:24.628+0600][60.506s][info][gc,reloc    ] GC(112) Y: Eden              25M (2%)          356M (29%)        170 / 161            1 / 0              1 / 0        
[2026-04-03T03:24:24.628+0600][60.506s][info][gc,reloc    ] GC(112) Y: Survivor 1         6M (1%)           11M (1%)           9 / 5              0 / 0              0 / 0        
[2026-04-03T03:24:24.628+0600][60.506s][info][gc,heap     ] GC(112) Y: Min Capacity: 8M(1%)
[2026-04-03T03:24:24.628+0600][60.506s][info][gc,heap     ] GC(112) Y: Max Capacity: 1250M(100%)
[2026-04-03T03:24:24.628+0600][60.506s][info][gc,heap     ] GC(112) Y: Soft Max Capacity: 1250M(100%)
[2026-04-03T03:24:24.628+0600][60.506s][info][gc,heap     ] GC(112) Y: Heap Statistics:
[2026-04-03T03:24:24.628+0600][60.506s][info][gc,heap     ] GC(112) Y:                Mark Start          Mark End        Relocate Start      Relocate End           High               Low         
[2026-04-03T03:24:24.628+0600][60.506s][info][gc,heap     ] GC(112) Y:  Capacity:     1250M (100%)       1250M (100%)       1250M (100%)       1250M (100%)       1250M (100%)       1250M (100%)   
[2026-04-03T03:24:24.628+0600][60.506s][info][gc,heap     ] GC(112) Y:      Free:      344M (28%)         236M (19%)         236M (19%)         544M (44%)         544M (44%)         224M (18%)    
[2026-04-03T03:24:24.628+0600][60.506s][info][gc,heap     ] GC(112) Y:      Used:      906M (72%)        1014M (81%)        1014M (81%)         706M (56%)        1026M (82%)         706M (56%)    
[2026-04-03T03:24:24.628+0600][60.506s][info][gc,heap     ] GC(112) Y: Young Generation Statistics:
[2026-04-03T03:24:24.628+0600][60.506s][info][gc,heap     ] GC(112) Y:                Mark Start          Mark End        Relocate Start      Relocate End    
[2026-04-03T03:24:24.628+0600][60.506s][info][gc,heap     ] GC(112) Y:      Used:      400M (32%)         508M (41%)         508M (41%)         200M (16%)    
[2026-04-03T03:24:24.628+0600][60.506s][info][gc,heap     ] GC(112) Y:      Live:         -                32M (3%)           32M (3%)           32M (3%)     
[2026-04-03T03:24:24.628+0600][60.506s][info][gc,heap     ] GC(112) Y:   Garbage:         -               367M (29%)         365M (29%)          30M (2%)     
[2026-04-03T03:24:24.628+0600][60.506s][info][gc,heap     ] GC(112) Y: Allocated:         -               108M (9%)          110M (9%)          136M (11%)    
[2026-04-03T03:24:24.628+0600][60.506s][info][gc,heap     ] GC(112) Y: Reclaimed:         -                  -                 2M (0%)          336M (27%)    
[2026-04-03T03:24:24.628+0600][60.506s][info][gc,heap     ] GC(112) Y:  Promoted:         -                  -                 0M (0%)            0M (0%)     
[2026-04-03T03:24:24.628+0600][60.506s][info][gc,heap     ] GC(112) Y: Compacted:         -                  -                  -                13M (1%)     
[2026-04-03T03:24:24.628+0600][60.506s][info][gc,phases   ] GC(112) Y: Young Generation 906M(72%)->706M(56%) 0.251s
[2026-04-03T03:24:24.628+0600][60.506s][info][gc,phases   ] GC(112) O: Old Generation
[2026-04-03T03:24:24.630+0600][60.508s][info][gc          ] GC(113) Minor Collection (Allocation Rate)
[2026-04-03T03:24:24.630+0600][60.508s][info][gc,task     ] GC(113) Using 2 Workers for Young Generation
[2026-04-03T03:24:24.630+0600][60.508s][info][gc,phases   ] GC(113) y: Young Generation
[2026-04-03T03:24:24.632+0600][60.510s][info][gc,phases   ] GC(113) y: Pause Mark Start 0.044ms
[2026-04-03T03:24:24.921+0600][60.799s][info][gc,phases   ] GC(113) y: Concurrent Mark 289.015ms
[2026-04-03T03:24:24.922+0600][60.799s][info][gc,phases   ] GC(113) y: Pause Mark End 0.033ms
[2026-04-03T03:24:24.922+0600][60.799s][info][gc,phases   ] GC(113) y: Concurrent Mark Free 0.001ms
[2026-04-03T03:24:24.922+0600][60.799s][info][gc,phases   ] GC(113) y: Concurrent Reset Relocation Set 0.044ms
[2026-04-03T03:24:24.925+0600][60.803s][info][gc,reloc    ] GC(113) y: Using tenuring threshold: 1 (Computed)
[2026-04-03T03:24:24.960+0600][60.837s][info][gc,phases   ] GC(113) y: Concurrent Select Relocation Set 37.911ms
[2026-04-03T03:24:24.960+0600][60.838s][info][gc,phases   ] GC(113) y: Pause Relocate Start 0.065ms
[2026-04-03T03:24:25.068+0600][60.946s][info][gc,phases   ] GC(113) y: Concurrent Relocate 107.976ms
[2026-04-03T03:24:25.069+0600][60.946s][info][gc,alloc    ] GC(113) y:                         Mark Start        Mark End      Relocate Start    Relocate End   
[2026-04-03T03:24:25.069+0600][60.946s][info][gc,alloc    ] GC(113) y: Allocation Stalls:          0                0                0                0         
[2026-04-03T03:24:25.069+0600][60.946s][info][gc,load     ] GC(113) y: Load: 3.98 (33%) / 4.56 (38%) / 5.18 (43%)
[2026-04-03T03:24:25.069+0600][60.946s][info][gc,mmu      ] GC(113) y: MMU: 2ms/87.1%, 5ms/94.9%, 10ms/97.4%, 20ms/98.7%, 50ms/99.4%, 100ms/99.6%
[2026-04-03T03:24:25.069+0600][60.946s][info][gc,marking  ] GC(113) y: Mark: 2 stripe(s), 2 proactive flush(es), 1 terminate flush(es), 0 completion(s), 0 continuation(s) 
[2026-04-03T03:24:25.069+0600][60.946s][info][gc,marking  ] GC(113) y: Mark Stack Usage: 32M
[2026-04-03T03:24:25.069+0600][60.946s][info][gc,nmethod  ] GC(113) y: NMethods: 7098 registered, 1420 unregistered
[2026-04-03T03:24:25.069+0600][60.946s][info][gc,metaspace] GC(113) y: Metaspace: 71M used, 72M committed, 1088M reserved
[2026-04-03T03:24:25.069+0600][60.946s][info][gc,reloc    ] GC(113) y:                        Candidates     Selected     In-Place         Size        Empty    Relocated 
[2026-04-03T03:24:25.069+0600][60.946s][info][gc,reloc    ] GC(113) y: Small Pages:                   64           51            0         128M           0M           4M 
[2026-04-03T03:24:25.069+0600][60.946s][info][gc,reloc    ] GC(113) y: Medium Pages:                   2            1            0          64M           0M           2M 
[2026-04-03T03:24:25.069+0600][60.946s][info][gc,reloc    ] GC(113) y: Large Pages:                    1            0            0          10M           0M           0M 
[2026-04-03T03:24:25.069+0600][60.947s][info][gc,reloc    ] GC(113) y: Forwarding Usage: 4M
[2026-04-03T03:24:25.069+0600][60.947s][info][gc,reloc    ] GC(113) y: Age Table:
[2026-04-03T03:24:25.069+0600][60.947s][info][gc,reloc    ] GC(113) y:                    Live             Garbage             Small              Medium             Large        
[2026-04-03T03:24:25.069+0600][60.947s][info][gc,reloc    ] GC(113) y: Eden               5M (0%)          116M (9%)          45 / 43             1 / 0              0 / 0        
[2026-04-03T03:24:25.069+0600][60.947s][info][gc,reloc    ] GC(113) y: Survivor 1        23M (2%)           38M (3%)          10 / 3              1 / 1              1 / 0        
[2026-04-03T03:24:25.069+0600][60.947s][info][gc,reloc    ] GC(113) y: Survivor 2         6M (1%)           11M (1%)           9 / 5              0 / 0              0 / 0        
[2026-04-03T03:24:25.069+0600][60.947s][info][gc,heap     ] GC(113) y: Min Capacity: 8M(1%)
[2026-04-03T03:24:25.069+0600][60.947s][info][gc,heap     ] GC(113) y: Max Capacity: 1250M(100%)
[2026-04-03T03:24:25.069+0600][60.947s][info][gc,heap     ] GC(113) y: Soft Max Capacity: 1250M(100%)
[2026-04-03T03:24:25.069+0600][60.947s][info][gc,heap     ] GC(113) y: Heap Statistics:
[2026-04-03T03:24:25.069+0600][60.947s][info][gc,heap     ] GC(113) y:                Mark Start          Mark End        Relocate Start      Relocate End           High               Low         
[2026-04-03T03:24:25.069+0600][60.947s][info][gc,heap     ] GC(113) y:  Capacity:     1250M (100%)       1250M (100%)       1250M (100%)       1250M (100%)       1250M (100%)       1250M (100%)   
[2026-04-03T03:24:25.069+0600][60.947s][info][gc,heap     ] GC(113) y:      Free:      542M (43%)         432M (35%)         420M (34%)         440M (35%)         542M (43%)         312M (25%)    
[2026-04-03T03:24:25.069+0600][60.947s][info][gc,heap     ] GC(113) y:      Used:      708M (57%)         818M (65%)         830M (66%)         810M (65%)         938M (75%)         708M (57%)    
[2026-04-03T03:24:25.069+0600][60.947s][info][gc,heap     ] GC(113) y: Young Generation Statistics:
[2026-04-03T03:24:25.069+0600][60.947s][info][gc,heap     ] GC(113) y:                Mark Start          Mark End        Relocate Start      Relocate End    
[2026-04-03T03:24:25.069+0600][60.947s][info][gc,heap     ] GC(113) y:      Used:      202M (16%)         312M (25%)         294M (24%)         230M (18%)    
[2026-04-03T03:24:25.069+0600][60.947s][info][gc,heap     ] GC(113) y:      Live:         -                35M (3%)            9M (1%)            5M (0%)     
[2026-04-03T03:24:25.069+0600][60.947s][info][gc,heap     ] GC(113) y:   Garbage:         -               166M (13%)         162M (13%)           0M (0%)     
[2026-04-03T03:24:25.069+0600][60.947s][info][gc,heap     ] GC(113) y: Allocated:         -               110M (9%)          122M (10%)         224M (18%)    
[2026-04-03T03:24:25.069+0600][60.947s][info][gc,heap     ] GC(113) y: Reclaimed:         -                  -                 3M (0%)          166M (13%)    
[2026-04-03T03:24:25.069+0600][60.947s][info][gc,heap     ] GC(113) y:  Promoted:         -                  -                26M (2%)           30M (2%)     
[2026-04-03T03:24:25.069+0600][60.947s][info][gc,heap     ] GC(113) y: Compacted:         -                  -                  -                 5M (0%)     
[2026-04-03T03:24:25.069+0600][60.947s][info][gc,phases   ] GC(113) y: Young Generation 708M(57%)->810M(65%) 0.438s
[2026-04-03T03:24:25.069+0600][60.947s][info][gc          ] GC(113) Minor Collection (Allocation Rate) 708M(57%)->810M(65%) 0.439s
[2026-04-03T03:24:25.069+0600][60.947s][info][gc          ] GC(114) Minor Collection (Allocation Rate)
[2026-04-03T03:24:25.069+0600][60.947s][info][gc,task     ] GC(114) Using 2 Workers for Young Generation
[2026-04-03T03:24:25.069+0600][60.947s][info][gc,phases   ] GC(114) y: Young Generation
[2026-04-03T03:24:25.070+0600][60.947s][info][gc,phases   ] GC(114) y: Pause Mark Start 0.035ms
[2026-04-03T03:24:25.205+0600][61.083s][info][gc,phases   ] GC(114) y: Concurrent Mark 135.522ms
[2026-04-03T03:24:25.206+0600][61.083s][info][gc,phases   ] GC(114) y: Pause Mark End 0.042ms
[2026-04-03T03:24:25.206+0600][61.084s][info][gc,phases   ] GC(114) y: Concurrent Mark Free 0.003ms
[2026-04-03T03:24:25.206+0600][61.084s][info][gc,phases   ] GC(114) y: Concurrent Reset Relocation Set 0.052ms
[2026-04-03T03:24:25.210+0600][61.088s][info][gc,reloc    ] GC(114) y: Using tenuring threshold: 2 (Computed)
[2026-04-03T03:24:25.211+0600][61.089s][info][gc,phases   ] GC(114) y: Concurrent Select Relocation Set 5.395ms
[2026-04-03T03:24:25.212+0600][61.089s][info][gc,phases   ] GC(114) y: Pause Relocate Start 0.023ms
[2026-04-03T03:24:25.232+0600][61.110s][info][gc,phases   ] GC(114) y: Concurrent Relocate 20.153ms
[2026-04-03T03:24:25.232+0600][61.110s][info][gc,alloc    ] GC(114) y:                         Mark Start        Mark End      Relocate Start    Relocate End   
[2026-04-03T03:24:25.232+0600][61.110s][info][gc,alloc    ] GC(114) y: Allocation Stalls:          0                0                0                0         
[2026-04-03T03:24:25.232+0600][61.110s][info][gc,load     ] GC(114) y: Load: 3.98 (33%) / 4.56 (38%) / 5.18 (43%)
[2026-04-03T03:24:25.232+0600][61.110s][info][gc,mmu      ] GC(114) y: MMU: 2ms/87.1%, 5ms/94.9%, 10ms/97.4%, 20ms/98.7%, 50ms/99.4%, 100ms/99.6%
[2026-04-03T03:24:25.232+0600][61.110s][info][gc,marking  ] GC(114) y: Mark: 2 stripe(s), 2 proactive flush(es), 1 terminate flush(es), 0 completion(s), 0 continuation(s) 
[2026-04-03T03:24:25.232+0600][61.110s][info][gc,marking  ] GC(114) y: Mark Stack Usage: 32M
[2026-04-03T03:24:25.232+0600][61.110s][info][gc,nmethod  ] GC(114) y: NMethods: 7099 registered, 1420 unregistered
[2026-04-03T03:24:25.232+0600][61.110s][info][gc,metaspace] GC(114) y: Metaspace: 71M used, 72M committed, 1088M reserved
[2026-04-03T03:24:25.232+0600][61.110s][info][gc,reloc    ] GC(114) y:                        Candidates     Selected     In-Place         Size        Empty    Relocated 
[2026-04-03T03:24:25.232+0600][61.110s][info][gc,reloc    ] GC(114) y: Small Pages:                   67           61            0         134M           4M           4M 
[2026-04-03T03:24:25.232+0600][61.110s][info][gc,reloc    ] GC(114) y: Medium Pages:                   3            0            0          96M          64M           0M 
[2026-04-03T03:24:25.232+0600][61.110s][info][gc,reloc    ] GC(114) y: Large Pages:                    0            0            0           0M           0M           0M 
[2026-04-03T03:24:25.232+0600][61.110s][info][gc,reloc    ] GC(114) y: Forwarding Usage: 4M
[2026-04-03T03:24:25.232+0600][61.110s][info][gc,reloc    ] GC(114) y: Age Table:
[2026-04-03T03:24:25.232+0600][61.110s][info][gc,reloc    ] GC(114) y:                    Live             Garbage             Small              Medium             Large        
[2026-04-03T03:24:25.232+0600][61.110s][info][gc,reloc    ] GC(114) y: Eden              10M (1%)          147M (12%)         63 / 58             1 / 0              0 / 0        
[2026-04-03T03:24:25.232+0600][61.110s][info][gc,reloc    ] GC(114) y: Survivor 1         2M (0%)           69M (6%)           4 / 3              2 / 0              0 / 0        
[2026-04-03T03:24:25.232+0600][61.110s][info][gc,heap     ] GC(114) y: Min Capacity: 8M(1%)
[2026-04-03T03:24:25.232+0600][61.110s][info][gc,heap     ] GC(114) y: Max Capacity: 1250M(100%)
[2026-04-03T03:24:25.232+0600][61.110s][info][gc,heap     ] GC(114) y: Soft Max Capacity: 1250M(100%)
[2026-04-03T03:24:25.232+0600][61.110s][info][gc,heap     ] GC(114) y: Heap Statistics:
[2026-04-03T03:24:25.232+0600][61.110s][info][gc,heap     ] GC(114) y:                Mark Start          Mark End        Relocate Start      Relocate End           High               Low         
[2026-04-03T03:24:25.232+0600][61.110s][info][gc,heap     ] GC(114) y:  Capacity:     1250M (100%)       1250M (100%)       1250M (100%)       1250M (100%)       1250M (100%)       1250M (100%)   
[2026-04-03T03:24:25.232+0600][61.110s][info][gc,heap     ] GC(114) y:      Free:      440M (35%)         390M (31%)         456M (36%)         556M (44%)         556M (44%)         388M (31%)    
[2026-04-03T03:24:25.232+0600][61.110s][info][gc,heap     ] GC(114) y:      Used:      810M (65%)         860M (69%)         794M (64%)         694M (56%)         862M (69%)         694M (56%)    
[2026-04-03T03:24:25.232+0600][61.110s][info][gc,heap     ] GC(114) y: Young Generation Statistics:
[2026-04-03T03:24:25.232+0600][61.110s][info][gc,heap     ] GC(114) y:                Mark Start          Mark End        Relocate Start      Relocate End    
[2026-04-03T03:24:25.232+0600][61.110s][info][gc,heap     ] GC(114) y:      Used:      230M (18%)         280M (22%)         214M (17%)         114M (9%)     
[2026-04-03T03:24:25.233+0600][61.110s][info][gc,heap     ] GC(114) y:      Live:         -                12M (1%)           12M (1%)           12M (1%)     
[2026-04-03T03:24:25.233+0600][61.110s][info][gc,heap     ] GC(114) y:   Garbage:         -               217M (17%)         149M (12%)          26M (2%)     
[2026-04-03T03:24:25.233+0600][61.110s][info][gc,heap     ] GC(114) y: Allocated:         -                50M (4%)           52M (4%)           75M (6%)     
[2026-04-03T03:24:25.233+0600][61.110s][info][gc,heap     ] GC(114) y: Reclaimed:         -                  -                68M (5%)          191M (15%)    
[2026-04-03T03:24:25.233+0600][61.110s][info][gc,heap     ] GC(114) y:  Promoted:         -                  -                 0M (0%)            0M (0%)     
[2026-04-03T03:24:25.233+0600][61.110s][info][gc,heap     ] GC(114) y: Compacted:         -                  -                  -                 4M (0%)     
[2026-04-03T03:24:25.233+0600][61.110s][info][gc,phases   ] GC(114) y: Young Generation 810M(65%)->694M(56%) 0.163s
[2026-04-03T03:24:25.233+0600][61.110s][info][gc          ] GC(114) Minor Collection (Allocation Rate) 810M(65%)->696M(56%) 0.163s
[2026-04-03T03:24:25.233+0600][61.110s][info][gc          ] GC(115) Minor Collection (Allocation Rate)
[2026-04-03T03:24:25.233+0600][61.111s][info][gc,task     ] GC(115) Using 2 Workers for Young Generation
[2026-04-03T03:24:25.233+0600][61.111s][info][gc,phases   ] GC(115) y: Young Generation
[2026-04-03T03:24:25.233+0600][61.111s][info][gc,phases   ] GC(115) y: Pause Mark Start 0.026ms
[2026-04-03T03:24:25.356+0600][61.234s][info][gc,phases   ] GC(115) y: Concurrent Mark 122.543ms
[2026-04-03T03:24:25.356+0600][61.234s][info][gc,phases   ] GC(115) y: Pause Mark End 0.034ms
[2026-04-03T03:24:25.357+0600][61.234s][info][gc,phases   ] GC(115) y: Concurrent Mark Free 0.003ms
[2026-04-03T03:24:25.357+0600][61.234s][info][gc,phases   ] GC(115) y: Concurrent Reset Relocation Set 0.021ms
[2026-04-03T03:24:25.363+0600][61.241s][info][gc,reloc    ] GC(115) y: Using tenuring threshold: 1 (Computed)
[2026-04-03T03:24:25.376+0600][61.254s][info][gc,phases   ] GC(115) y: Concurrent Select Relocation Set 19.662ms
[2026-04-03T03:24:25.377+0600][61.254s][info][gc,phases   ] GC(115) y: Pause Relocate Start 0.020ms
[2026-04-03T03:24:25.413+0600][61.291s][info][gc,phases   ] GC(115) y: Concurrent Relocate 35.939ms
[2026-04-03T03:24:25.413+0600][61.291s][info][gc,alloc    ] GC(115) y:                         Mark Start        Mark End      Relocate Start    Relocate End   
[2026-04-03T03:24:25.413+0600][61.291s][info][gc,alloc    ] GC(115) y: Allocation Stalls:          0                0                0                0         
[2026-04-03T03:24:25.413+0600][61.291s][info][gc,load     ] GC(115) y: Load: 3.98 (33%) / 4.56 (38%) / 5.18 (43%)
[2026-04-03T03:24:25.413+0600][61.291s][info][gc,mmu      ] GC(115) y: MMU: 2ms/87.1%, 5ms/94.9%, 10ms/97.4%, 20ms/98.7%, 50ms/99.4%, 100ms/99.6%
[2026-04-03T03:24:25.413+0600][61.291s][info][gc,marking  ] GC(115) y: Mark: 2 stripe(s), 2 proactive flush(es), 1 terminate flush(es), 0 completion(s), 0 continuation(s) 
[2026-04-03T03:24:25.413+0600][61.291s][info][gc,marking  ] GC(115) y: Mark Stack Usage: 32M
[2026-04-03T03:24:25.413+0600][61.291s][info][gc,nmethod  ] GC(115) y: NMethods: 7111 registered, 1420 unregistered
[2026-04-03T03:24:25.413+0600][61.291s][info][gc,metaspace] GC(115) y: Metaspace: 71M used, 72M committed, 1088M reserved
[2026-04-03T03:24:25.413+0600][61.291s][info][gc,reloc    ] GC(115) y:                        Candidates     Selected     In-Place         Size        Empty    Relocated 
[2026-04-03T03:24:25.413+0600][61.291s][info][gc,reloc    ] GC(115) y: Small Pages:                   42           34            0          84M           6M           2M 
[2026-04-03T03:24:25.413+0600][61.291s][info][gc,reloc    ] GC(115) y: Medium Pages:                   1            0            0          32M           0M           0M 
[2026-04-03T03:24:25.413+0600][61.291s][info][gc,reloc    ] GC(115) y: Large Pages:                    0            0            0           0M           0M           0M 
[2026-04-03T03:24:25.413+0600][61.291s][info][gc,reloc    ] GC(115) y: Forwarding Usage: 2M
[2026-04-03T03:24:25.413+0600][61.291s][info][gc,reloc    ] GC(115) y: Age Table:
[2026-04-03T03:24:25.413+0600][61.291s][info][gc,reloc    ] GC(115) y:                    Live             Garbage             Small              Medium             Large        
[2026-04-03T03:24:25.413+0600][61.291s][info][gc,reloc    ] GC(115) y: Eden               2M (0%)           59M (5%)          31 / 27             0 / 0              0 / 0        
[2026-04-03T03:24:25.413+0600][61.291s][info][gc,reloc    ] GC(115) y: Survivor 1         9M (1%)           36M (3%)           7 / 4              1 / 0              0 / 0        
[2026-04-03T03:24:25.413+0600][61.291s][info][gc,reloc    ] GC(115) y: Survivor 2         2M (0%)            5M (0%)           4 / 3              0 / 0              0 / 0        
[2026-04-03T03:24:25.413+0600][61.291s][info][gc,heap     ] GC(115) y: Min Capacity: 8M(1%)
[2026-04-03T03:24:25.413+0600][61.291s][info][gc,heap     ] GC(115) y: Max Capacity: 1250M(100%)
[2026-04-03T03:24:25.413+0600][61.291s][info][gc,heap     ] GC(115) y: Soft Max Capacity: 1250M(100%)
[2026-04-03T03:24:25.413+0600][61.291s][info][gc,heap     ] GC(115) y: Heap Statistics:
[2026-04-03T03:24:25.413+0600][61.291s][info][gc,heap     ] GC(115) y:                Mark Start          Mark End        Relocate Start      Relocate End           High               Low         
[2026-04-03T03:24:25.413+0600][61.291s][info][gc,heap     ] GC(115) y:  Capacity:     1250M (100%)       1250M (100%)       1250M (100%)       1250M (100%)       1250M (100%)       1250M (100%)   
[2026-04-03T03:24:25.413+0600][61.291s][info][gc,heap     ] GC(115) y:      Free:      554M (44%)         468M (37%)         468M (37%)         514M (41%)         554M (44%)         462M (37%)    
[2026-04-03T03:24:25.413+0600][61.291s][info][gc,heap     ] GC(115) y:      Used:      696M (56%)         782M (63%)         782M (63%)         736M (59%)         788M (63%)         696M (56%)    
[2026-04-03T03:24:25.413+0600][61.291s][info][gc,heap     ] GC(115) y: Young Generation Statistics:
[2026-04-03T03:24:25.413+0600][61.291s][info][gc,heap     ] GC(115) y:                Mark Start          Mark End        Relocate Start      Relocate End    
[2026-04-03T03:24:25.413+0600][61.291s][info][gc,heap     ] GC(115) y:      Used:      116M (9%)          202M (16%)         164M (13%)         114M (9%)     
[2026-04-03T03:24:25.413+0600][61.291s][info][gc,heap     ] GC(115) y:      Live:         -                14M (1%)            3M (0%)            2M (0%)     
[2026-04-03T03:24:25.413+0600][61.291s][info][gc,heap     ] GC(115) y:   Garbage:         -               101M (8%)           68M (6%)            0M (0%)     
[2026-04-03T03:24:25.413+0600][61.291s][info][gc,heap     ] GC(115) y: Allocated:         -                86M (7%)           92M (7%)          111M (9%)     
[2026-04-03T03:24:25.413+0600][61.291s][info][gc,heap     ] GC(115) y: Reclaimed:         -                  -                32M (3%)          101M (8%)     
[2026-04-03T03:24:25.413+0600][61.291s][info][gc,heap     ] GC(115) y:  Promoted:         -                  -                11M (1%)           12M (1%)     
[2026-04-03T03:24:25.413+0600][61.291s][info][gc,heap     ] GC(115) y: Compacted:         -                  -                  -                 2M (0%)     
[2026-04-03T03:24:25.413+0600][61.291s][info][gc,phases   ] GC(115) y: Young Generation 696M(56%)->736M(59%) 0.180s
[2026-04-03T03:24:25.413+0600][61.291s][info][gc          ] GC(115) Minor Collection (Allocation Rate) 696M(56%)->736M(59%) 0.181s
[2026-04-03T03:24:25.414+0600][61.291s][info][gc          ] GC(116) Minor Collection (Allocation Rate)
[2026-04-03T03:24:25.414+0600][61.291s][info][gc,task     ] GC(116) Using 2 Workers for Young Generation
[2026-04-03T03:24:25.414+0600][61.292s][info][gc,phases   ] GC(116) y: Young Generation
[2026-04-03T03:24:25.414+0600][61.292s][info][gc,phases   ] GC(116) y: Pause Mark Start 0.035ms
[2026-04-03T03:24:25.469+0600][61.347s][info][gc,phases   ] GC(116) y: Concurrent Mark 55.036ms
[2026-04-03T03:24:25.469+0600][61.347s][info][gc,phases   ] GC(116) y: Pause Mark End 0.025ms
[2026-04-03T03:24:25.470+0600][61.347s][info][gc,phases   ] GC(116) y: Concurrent Mark Free 0.004ms
[2026-04-03T03:24:25.470+0600][61.347s][info][gc,phases   ] GC(116) y: Concurrent Reset Relocation Set 0.047ms
[2026-04-03T03:24:25.472+0600][61.350s][info][gc,reloc    ] GC(116) y: Using tenuring threshold: 2 (Computed)
[2026-04-03T03:24:25.473+0600][61.350s][info][gc,phases   ] GC(116) y: Concurrent Select Relocation Set 2.894ms
[2026-04-03T03:24:25.473+0600][61.351s][info][gc,phases   ] GC(116) y: Pause Relocate Start 0.017ms
[2026-04-03T03:24:25.483+0600][61.361s][info][gc,phases   ] GC(116) y: Concurrent Relocate 10.200ms
[2026-04-03T03:24:25.483+0600][61.361s][info][gc,alloc    ] GC(116) y:                         Mark Start        Mark End      Relocate Start    Relocate End   
[2026-04-03T03:24:25.483+0600][61.361s][info][gc,alloc    ] GC(116) y: Allocation Stalls:          0                0                0                0         
[2026-04-03T03:24:25.483+0600][61.361s][info][gc,load     ] GC(116) y: Load: 4.06 (34%) / 4.57 (38%) / 5.18 (43%)
[2026-04-03T03:24:25.483+0600][61.361s][info][gc,mmu      ] GC(116) y: MMU: 2ms/87.1%, 5ms/94.9%, 10ms/97.4%, 20ms/98.7%, 50ms/99.4%, 100ms/99.6%
[2026-04-03T03:24:25.483+0600][61.361s][info][gc,marking  ] GC(116) y: Mark: 2 stripe(s), 11 proactive flush(es), 2 terminate flush(es), 0 completion(s), 0 continuation(s) 
[2026-04-03T03:24:25.483+0600][61.361s][info][gc,marking  ] GC(116) y: Mark Stack Usage: 32M
[2026-04-03T03:24:25.483+0600][61.361s][info][gc,nmethod  ] GC(116) y: NMethods: 7112 registered, 1420 unregistered
[2026-04-03T03:24:25.483+0600][61.361s][info][gc,metaspace] GC(116) y: Metaspace: 71M used, 72M committed, 1088M reserved
[2026-04-03T03:24:25.483+0600][61.361s][info][gc,reloc    ] GC(116) y:                        Candidates     Selected     In-Place         Size        Empty    Relocated 
[2026-04-03T03:24:25.483+0600][61.361s][info][gc,reloc    ] GC(116) y: Small Pages:                   41           34            0          82M           8M           2M 
[2026-04-03T03:24:25.483+0600][61.361s][info][gc,reloc    ] GC(116) y: Medium Pages:                   1            0            0          32M          32M           0M 
[2026-04-03T03:24:25.483+0600][61.361s][info][gc,reloc    ] GC(116) y: Large Pages:                    0            0            0           0M           0M           0M 
[2026-04-03T03:24:25.483+0600][61.361s][info][gc,reloc    ] GC(116) y: Forwarding Usage: 2M
[2026-04-03T03:24:25.483+0600][61.361s][info][gc,reloc    ] GC(116) y: Age Table:
[2026-04-03T03:24:25.483+0600][61.361s][info][gc,reloc    ] GC(116) y:                    Live             Garbage             Small              Medium             Large        
[2026-04-03T03:24:25.483+0600][61.361s][info][gc,reloc    ] GC(116) y: Eden               2M (0%)          103M (8%)          37 / 31             1 / 0              0 / 0        
[2026-04-03T03:24:25.483+0600][61.361s][info][gc,reloc    ] GC(116) y: Survivor 1         1M (0%)            6M (1%)           4 / 3              0 / 0              0 / 0        
[2026-04-03T03:24:25.483+0600][61.361s][info][gc,heap     ] GC(116) y: Min Capacity: 8M(1%)
[2026-04-03T03:24:25.483+0600][61.361s][info][gc,heap     ] GC(116) y: Max Capacity: 1250M(100%)
[2026-04-03T03:24:25.484+0600][61.361s][info][gc,heap     ] GC(116) y: Soft Max Capacity: 1250M(100%)
[2026-04-03T03:24:25.484+0600][61.361s][info][gc,heap     ] GC(116) y: Heap Statistics:
[2026-04-03T03:24:25.484+0600][61.361s][info][gc,heap     ] GC(116) y:                Mark Start          Mark End        Relocate Start      Relocate End           High               Low         
[2026-04-03T03:24:25.484+0600][61.361s][info][gc,heap     ] GC(116) y:  Capacity:     1250M (100%)       1250M (100%)       1250M (100%)       1250M (100%)       1250M (100%)       1250M (100%)   
[2026-04-03T03:24:25.484+0600][61.361s][info][gc,heap     ] GC(116) y:      Free:      514M (41%)         492M (39%)         530M (42%)         582M (47%)         584M (47%)         490M (39%)    
[2026-04-03T03:24:25.484+0600][61.361s][info][gc,heap     ] GC(116) y:      Used:      736M (59%)         758M (61%)         720M (58%)         668M (53%)         760M (61%)         666M (53%)    
[2026-04-03T03:24:25.484+0600][61.361s][info][gc,heap     ] GC(116) y: Young Generation Statistics:
[2026-04-03T03:24:25.484+0600][61.361s][info][gc,heap     ] GC(116) y:                Mark Start          Mark End        Relocate Start      Relocate End    
[2026-04-03T03:24:25.484+0600][61.361s][info][gc,heap     ] GC(116) y:      Used:      114M (9%)          136M (11%)          98M (8%)           46M (4%)     
[2026-04-03T03:24:25.484+0600][61.361s][info][gc,heap     ] GC(116) y:      Live:         -                 3M (0%)            3M (0%)            3M (0%)     
[2026-04-03T03:24:25.484+0600][61.361s][info][gc,heap     ] GC(116) y:   Garbage:         -               110M (9%)           70M (6%)            1M (0%)     
[2026-04-03T03:24:25.484+0600][61.361s][info][gc,heap     ] GC(116) y: Allocated:         -                22M (2%)           24M (2%)           41M (3%)     
[2026-04-03T03:24:25.484+0600][61.361s][info][gc,heap     ] GC(116) y: Reclaimed:         -                  -                40M (3%)          109M (9%)     
[2026-04-03T03:24:25.484+0600][61.361s][info][gc,heap     ] GC(116) y:  Promoted:         -                  -                 0M (0%)            0M (0%)     
[2026-04-03T03:24:25.484+0600][61.361s][info][gc,heap     ] GC(116) y: Compacted:         -                  -                  -                 2M (0%)     
[2026-04-03T03:24:25.484+0600][61.361s][info][gc,phases   ] GC(116) y: Young Generation 736M(59%)->668M(53%) 0.070s
[2026-04-03T03:24:25.484+0600][61.361s][info][gc          ] GC(116) Minor Collection (Allocation Rate) 736M(59%)->670M(54%) 0.070s
[2026-04-03T03:24:25.740+0600][61.618s][info][gc          ] GC(117) Minor Collection (Allocation Rate)
[2026-04-03T03:24:25.740+0600][61.618s][info][gc,task     ] GC(117) Using 2 Workers for Young Generation
[2026-04-03T03:24:25.740+0600][61.618s][info][gc,phases   ] GC(117) y: Young Generation
[2026-04-03T03:24:25.740+0600][61.618s][info][gc,phases   ] GC(117) y: Pause Mark Start 0.024ms
[2026-04-03T03:24:25.805+0600][61.683s][info][gc,phases   ] GC(117) y: Concurrent Mark 64.870ms
[2026-04-03T03:24:25.805+0600][61.683s][info][gc,phases   ] GC(117) y: Pause Mark End 0.027ms
[2026-04-03T03:24:25.806+0600][61.683s][info][gc,phases   ] GC(117) y: Concurrent Mark Free 0.001ms
[2026-04-03T03:24:25.806+0600][61.683s][info][gc,phases   ] GC(117) y: Concurrent Reset Relocation Set 0.006ms
[2026-04-03T03:24:25.810+0600][61.688s][info][gc,reloc    ] GC(117) y: Using tenuring threshold: 3 (Computed)
[2026-04-03T03:24:25.813+0600][61.691s][info][gc,phases   ] GC(117) y: Concurrent Select Relocation Set 7.454ms
[2026-04-03T03:24:25.813+0600][61.691s][info][gc,phases   ] GC(117) y: Pause Relocate Start 0.019ms
[2026-04-03T03:24:25.828+0600][61.705s][info][gc,phases   ] GC(117) y: Concurrent Relocate 14.076ms
[2026-04-03T03:24:25.828+0600][61.705s][info][gc,alloc    ] GC(117) y:                         Mark Start        Mark End      Relocate Start    Relocate End   
[2026-04-03T03:24:25.828+0600][61.706s][info][gc,alloc    ] GC(117) y: Allocation Stalls:          0                0                0                0         
[2026-04-03T03:24:25.828+0600][61.706s][info][gc,load     ] GC(117) y: Load: 4.06 (34%) / 4.57 (38%) / 5.18 (43%)
[2026-04-03T03:24:25.828+0600][61.706s][info][gc,mmu      ] GC(117) y: MMU: 2ms/87.1%, 5ms/94.9%, 10ms/97.4%, 20ms/98.7%, 50ms/99.4%, 100ms/99.6%
[2026-04-03T03:24:25.828+0600][61.706s][info][gc,marking  ] GC(117) y: Mark: 2 stripe(s), 2 proactive flush(es), 1 terminate flush(es), 0 completion(s), 0 continuation(s) 
[2026-04-03T03:24:25.828+0600][61.706s][info][gc,marking  ] GC(117) y: Mark Stack Usage: 32M
[2026-04-03T03:24:25.828+0600][61.706s][info][gc,nmethod  ] GC(117) y: NMethods: 7119 registered, 1420 unregistered
[2026-04-03T03:24:25.828+0600][61.706s][info][gc,metaspace] GC(117) y: Metaspace: 71M used, 72M committed, 1088M reserved
[2026-04-03T03:24:25.828+0600][61.706s][info][gc,reloc    ] GC(117) y:                        Candidates     Selected     In-Place         Size        Empty    Relocated 
[2026-04-03T03:24:25.828+0600][61.706s][info][gc,reloc    ] GC(117) y: Small Pages:                   69           62            0         138M           6M           5M 
[2026-04-03T03:24:25.828+0600][61.706s][info][gc,reloc    ] GC(117) y: Medium Pages:                   1            0            0          32M          32M           0M 
[2026-04-03T03:24:25.828+0600][61.706s][info][gc,reloc    ] GC(117) y: Large Pages:                    1            0            0          18M           0M           0M 
[2026-04-03T03:24:25.828+0600][61.706s][info][gc,reloc    ] GC(117) y: Forwarding Usage: 5M
[2026-04-03T03:24:25.828+0600][61.706s][info][gc,reloc    ] GC(117) y: Age Table:
[2026-04-03T03:24:25.828+0600][61.706s][info][gc,reloc    ] GC(117) y:                    Live             Garbage             Small              Medium             Large        
[2026-04-03T03:24:25.828+0600][61.706s][info][gc,reloc    ] GC(117) y: Eden              21M (2%)          150M (12%)         61 / 56             1 / 0              1 / 0        
[2026-04-03T03:24:25.828+0600][61.706s][info][gc,reloc    ] GC(117) y: Survivor 1         1M (0%)            6M (1%)           4 / 2              0 / 0              0 / 0        
[2026-04-03T03:24:25.828+0600][61.706s][info][gc,reloc    ] GC(117) y: Survivor 2         1M (0%)            6M (1%)           4 / 4              0 / 0              0 / 0        
[2026-04-03T03:24:25.828+0600][61.706s][info][gc,heap     ] GC(117) y: Min Capacity: 8M(1%)
[2026-04-03T03:24:25.828+0600][61.706s][info][gc,heap     ] GC(117) y: Max Capacity: 1250M(100%)
[2026-04-03T03:24:25.828+0600][61.706s][info][gc,heap     ] GC(117) y: Soft Max Capacity: 1250M(100%)
[2026-04-03T03:24:25.828+0600][61.706s][info][gc,heap     ] GC(117) y: Heap Statistics:
[2026-04-03T03:24:25.828+0600][61.706s][info][gc,heap     ] GC(117) y:                Mark Start          Mark End        Relocate Start      Relocate End           High               Low         
[2026-04-03T03:24:25.828+0600][61.706s][info][gc,heap     ] GC(117) y:  Capacity:     1250M (100%)       1250M (100%)       1250M (100%)       1250M (100%)       1250M (100%)       1250M (100%)   
[2026-04-03T03:24:25.828+0600][61.706s][info][gc,heap     ] GC(117) y:      Free:      440M (35%)         406M (32%)         442M (35%)         550M (44%)         550M (44%)         404M (32%)    
[2026-04-03T03:24:25.828+0600][61.706s][info][gc,heap     ] GC(117) y:      Used:      810M (65%)         844M (68%)         808M (65%)         700M (56%)         846M (68%)         700M (56%)    
[2026-04-03T03:24:25.828+0600][61.706s][info][gc,heap     ] GC(117) y: Young Generation Statistics:
[2026-04-03T03:24:25.828+0600][61.706s][info][gc,heap     ] GC(117) y:                Mark Start          Mark End        Relocate Start      Relocate End    
[2026-04-03T03:24:25.828+0600][61.706s][info][gc,heap     ] GC(117) y:      Used:      188M (15%)         222M (18%)         186M (15%)          78M (6%)     
[2026-04-03T03:24:25.828+0600][61.706s][info][gc,heap     ] GC(117) y:      Live:         -                24M (2%)           24M (2%)           24M (2%)     
[2026-04-03T03:24:25.828+0600][61.706s][info][gc,heap     ] GC(117) y:   Garbage:         -               163M (13%)         125M (10%)           0M (0%)     
[2026-04-03T03:24:25.828+0600][61.706s][info][gc,heap     ] GC(117) y: Allocated:         -                34M (3%)           36M (3%)           53M (4%)     
[2026-04-03T03:24:25.828+0600][61.706s][info][gc,heap     ] GC(117) y: Reclaimed:         -                  -                38M (3%)          163M (13%)    
[2026-04-03T03:24:25.828+0600][61.706s][info][gc,heap     ] GC(117) y:  Promoted:         -                  -                 0M (0%)            0M (0%)     
[2026-04-03T03:24:25.828+0600][61.706s][info][gc,heap     ] GC(117) y: Compacted:         -                  -                  -                 6M (1%)     
[2026-04-03T03:24:25.828+0600][61.706s][info][gc,phases   ] GC(117) y: Young Generation 810M(65%)->700M(56%) 0.088s
[2026-04-03T03:24:25.828+0600][61.706s][info][gc          ] GC(117) Minor Collection (Allocation Rate) 810M(65%)->700M(56%) 0.088s
[2026-04-03T03:24:25.976+0600][61.853s][info][gc,phases   ] GC(112) O: Concurrent Mark 1347.314ms
[2026-04-03T03:24:25.976+0600][61.854s][info][gc,phases   ] GC(112) O: Pause Mark End 0.021ms
[2026-04-03T03:24:25.976+0600][61.854s][info][gc,phases   ] GC(112) O: Concurrent Mark Free 0.001ms
[2026-04-03T03:24:25.994+0600][61.871s][info][gc,phases   ] GC(112) O: Concurrent Process Non-Strong 17.532ms
[2026-04-03T03:24:25.994+0600][61.872s][info][gc,phases   ] GC(112) O: Concurrent Reset Relocation Set 0.003ms
[2026-04-03T03:24:26.018+0600][61.895s][info][gc,phases   ] GC(112) O: Concurrent Select Relocation Set 23.790ms
[2026-04-03T03:24:26.018+0600][61.895s][info][gc,task     ] GC(112) O: Using 3 Workers for Old Generation
[2026-04-03T03:24:26.043+0600][61.921s][info][gc,task     ] GC(112) O: Using 1 Workers for Old Generation
[2026-04-03T03:24:26.043+0600][61.921s][info][gc,phases   ] GC(112) O: Concurrent Remap Roots 25.503ms
[2026-04-03T03:24:26.043+0600][61.921s][info][gc,phases   ] GC(112) O: Pause Relocate Start 0.020ms
[2026-04-03T03:24:26.172+0600][62.050s][info][gc,phases   ] GC(112) O: Concurrent Relocate 128.867ms
[2026-04-03T03:24:26.172+0600][62.050s][info][gc,alloc    ] GC(112) O:                         Mark Start        Mark End      Relocate Start    Relocate End   
[2026-04-03T03:24:26.172+0600][62.050s][info][gc,alloc    ] GC(112) O: Allocation Stalls:          0                0                0                0         
[2026-04-03T03:24:26.172+0600][62.050s][info][gc,load     ] GC(112) O: Load: 4.06 (34%) / 4.57 (38%) / 5.18 (43%)
[2026-04-03T03:24:26.173+0600][62.050s][info][gc,mmu      ] GC(112) O: MMU: 2ms/87.1%, 5ms/94.9%, 10ms/97.4%, 20ms/98.7%, 50ms/99.4%, 100ms/99.6%
[2026-04-03T03:24:26.173+0600][62.050s][info][gc,marking  ] GC(112) O: Mark: 1 stripe(s), 2 proactive flush(es), 1 terminate flush(es), 0 completion(s), 0 continuation(s) 
[2026-04-03T03:24:26.173+0600][62.050s][info][gc,marking  ] GC(112) O: Mark Stack Usage: 32M
[2026-04-03T03:24:26.173+0600][62.050s][info][gc,nmethod  ] GC(112) O: NMethods: 7118 registered, 1421 unregistered
[2026-04-03T03:24:26.173+0600][62.050s][info][gc,metaspace] GC(112) O: Metaspace: 71M used, 72M committed, 1088M reserved
[2026-04-03T03:24:26.173+0600][62.050s][info][gc,ref      ] GC(112) O:                       Encountered   Discovered     Enqueued 
[2026-04-03T03:24:26.173+0600][62.050s][info][gc,ref      ] GC(112) O: Soft References:             5098            0            0 
[2026-04-03T03:24:26.173+0600][62.050s][info][gc,ref      ] GC(112) O: Weak References:             7247         5698            0 
[2026-04-03T03:24:26.173+0600][62.050s][info][gc,ref      ] GC(112) O: Final References:              84           48            0 
[2026-04-03T03:24:26.173+0600][62.050s][info][gc,ref      ] GC(112) O: Phantom References:           610          220            0 
[2026-04-03T03:24:26.173+0600][62.050s][info][gc,reloc    ] GC(112) O:                        Candidates     Selected     In-Place         Size        Empty    Relocated 
[2026-04-03T03:24:26.173+0600][62.050s][info][gc,reloc    ] GC(112) O: Small Pages:                  175           20            0         350M          82M           9M 
[2026-04-03T03:24:26.173+0600][62.050s][info][gc,reloc    ] GC(112) O: Medium Pages:                   2            0            0          64M          32M           0M 
[2026-04-03T03:24:26.173+0600][62.050s][info][gc,reloc    ] GC(112) O: Large Pages:                    8            0            0          92M          56M           0M 
[2026-04-03T03:24:26.173+0600][62.050s][info][gc,reloc    ] GC(112) O: Forwarding Usage: 31M
[2026-04-03T03:24:26.173+0600][62.050s][info][gc,heap     ] GC(112) O: Min Capacity: 8M(1%)
[2026-04-03T03:24:26.173+0600][62.050s][info][gc,heap     ] GC(112) O: Max Capacity: 1250M(100%)
[2026-04-03T03:24:26.173+0600][62.050s][info][gc,heap     ] GC(112) O: Soft Max Capacity: 1250M(100%)
[2026-04-03T03:24:26.173+0600][62.050s][info][gc,heap     ] GC(112) O: Heap Statistics:
[2026-04-03T03:24:26.173+0600][62.050s][info][gc,heap     ] GC(112) O:                Mark Start          Mark End        Relocate Start      Relocate End           High               Low         
[2026-04-03T03:24:26.173+0600][62.050s][info][gc,heap     ] GC(112) O:  Capacity:     1250M (100%)       1250M (100%)       1250M (100%)       1250M (100%)       1250M (100%)       1250M (100%)   
[2026-04-03T03:24:26.173+0600][62.050s][info][gc,heap     ] GC(112) O:      Free:      344M (28%)         472M (38%)         606M (48%)         602M (48%)         634M (51%)         224M (18%)    
[2026-04-03T03:24:26.173+0600][62.050s][info][gc,heap     ] GC(112) O:      Used:      906M (72%)         778M (62%)         644M (52%)         648M (52%)        1026M (82%)         616M (49%)    
[2026-04-03T03:24:26.173+0600][62.050s][info][gc,heap     ] GC(112) O: Old Generation Statistics:
[2026-04-03T03:24:26.173+0600][62.050s][info][gc,heap     ] GC(112) O:                Mark Start          Mark End        Relocate Start      Relocate End    
[2026-04-03T03:24:26.173+0600][62.050s][info][gc,heap     ] GC(112) O:      Used:      506M (40%)         622M (50%)         452M (36%)         408M (33%)    
[2026-04-03T03:24:26.173+0600][62.050s][info][gc,heap     ] GC(112) O:      Live:         -               263M (21%)         263M (21%)         263M (21%)    
[2026-04-03T03:24:26.173+0600][62.050s][info][gc,heap     ] GC(112) O:   Garbage:         -               242M (19%)          72M (6%)           27M (2%)     
[2026-04-03T03:24:26.173+0600][62.050s][info][gc,heap     ] GC(112) O: Allocated:         -               116M (9%)          116M (9%)          117M (9%)     
[2026-04-03T03:24:26.173+0600][62.050s][info][gc,heap     ] GC(112) O: Reclaimed:         -                  -               170M (14%)         215M (17%)    
[2026-04-03T03:24:26.173+0600][62.050s][info][gc,heap     ] GC(112) O: Compacted:         -                  -                  -                34M (3%)     
[2026-04-03T03:24:26.173+0600][62.050s][info][gc,phases   ] GC(112) O: Old Generation 706M(56%)->648M(52%) 1.544s
[2026-04-03T03:24:26.173+0600][62.050s][info][gc          ] GC(112) Major Collection (Allocation Rate) 906M(72%)->648M(52%) 1.796s
[2026-04-03T03:24:27.007+0600][62.885s][info][gc          ] GC(118) Minor Collection (Allocation Rate)
[2026-04-03T03:24:27.007+0600][62.885s][info][gc,task     ] GC(118) Using 2 Workers for Young Generation
[2026-04-03T03:24:27.007+0600][62.885s][info][gc,phases   ] GC(118) y: Young Generation
[2026-04-03T03:24:27.008+0600][62.886s][info][gc,phases   ] GC(118) y: Pause Mark Start 0.040ms
[2026-04-03T03:24:27.235+0600][63.112s][info][gc,phases   ] GC(118) y: Concurrent Mark 226.608ms
[2026-04-03T03:24:27.235+0600][63.113s][info][gc,phases   ] GC(118) y: Pause Mark End 0.026ms
[2026-04-03T03:24:27.235+0600][63.113s][info][gc,phases   ] GC(118) y: Concurrent Mark Free 0.002ms
[2026-04-03T03:24:27.235+0600][63.113s][info][gc,phases   ] GC(118) y: Concurrent Reset Relocation Set 0.012ms
[2026-04-03T03:24:27.239+0600][63.117s][info][gc,reloc    ] GC(118) y: Using tenuring threshold: 2 (Computed)
[2026-04-03T03:24:27.257+0600][63.134s][info][gc,phases   ] GC(118) y: Concurrent Select Relocation Set 21.275ms
[2026-04-03T03:24:27.257+0600][63.135s][info][gc,phases   ] GC(118) y: Pause Relocate Start 0.024ms
[2026-04-03T03:24:27.333+0600][63.211s][info][gc,phases   ] GC(118) y: Concurrent Relocate 76.019ms
[2026-04-03T03:24:27.333+0600][63.211s][info][gc,alloc    ] GC(118) y:                         Mark Start        Mark End      Relocate Start    Relocate End   
[2026-04-03T03:24:27.333+0600][63.211s][info][gc,alloc    ] GC(118) y: Allocation Stalls:          0                0                0                0         
[2026-04-03T03:24:27.333+0600][63.211s][info][gc,load     ] GC(118) y: Load: 4.06 (34%) / 4.57 (38%) / 5.18 (43%)
[2026-04-03T03:24:27.333+0600][63.211s][info][gc,mmu      ] GC(118) y: MMU: 2ms/87.1%, 5ms/94.9%, 10ms/97.4%, 20ms/98.7%, 50ms/99.4%, 100ms/99.6%
[2026-04-03T03:24:27.333+0600][63.211s][info][gc,marking  ] GC(118) y: Mark: 2 stripe(s), 2 proactive flush(es), 1 terminate flush(es), 0 completion(s), 0 continuation(s) 
[2026-04-03T03:24:27.333+0600][63.211s][info][gc,marking  ] GC(118) y: Mark Stack Usage: 32M
[2026-04-03T03:24:27.333+0600][63.211s][info][gc,nmethod  ] GC(118) y: NMethods: 7178 registered, 1421 unregistered
[2026-04-03T03:24:27.333+0600][63.211s][info][gc,metaspace] GC(118) y: Metaspace: 71M used, 72M committed, 1088M reserved
[2026-04-03T03:24:27.333+0600][63.211s][info][gc,reloc    ] GC(118) y:                        Candidates     Selected     In-Place         Size        Empty    Relocated 
[2026-04-03T03:24:27.333+0600][63.211s][info][gc,reloc    ] GC(118) y: Small Pages:                  176          151            0         352M          12M          22M 
[2026-04-03T03:24:27.333+0600][63.211s][info][gc,reloc    ] GC(118) y: Medium Pages:                   1            0            0          32M          32M           0M 
[2026-04-03T03:24:27.333+0600][63.211s][info][gc,reloc    ] GC(118) y: Large Pages:                    8            0            0          72M           6M           0M 
[2026-04-03T03:24:27.333+0600][63.211s][info][gc,reloc    ] GC(118) y: Forwarding Usage: 30M
[2026-04-03T03:24:27.333+0600][63.211s][info][gc,reloc    ] GC(118) y: Age Table:
[2026-04-03T03:24:27.333+0600][63.211s][info][gc,reloc    ] GC(118) y:                    Live             Garbage             Small              Medium             Large        
[2026-04-03T03:24:27.333+0600][63.211s][info][gc,reloc    ] GC(118) y: Eden              74M (6%)          345M (28%)        167 / 147            1 / 0              7 / 0        
[2026-04-03T03:24:27.333+0600][63.211s][info][gc,reloc    ] GC(118) y: Survivor 1        21M (2%)            2M (0%)           3 / 1              0 / 0              1 / 0        
[2026-04-03T03:24:27.333+0600][63.211s][info][gc,reloc    ] GC(118) y: Survivor 2         1M (0%)            4M (0%)           3 / 1              0 / 0              0 / 0        
[2026-04-03T03:24:27.333+0600][63.211s][info][gc,reloc    ] GC(118) y: Survivor 3         1M (0%)            4M (0%)           3 / 2              0 / 0              0 / 0        
[2026-04-03T03:24:27.333+0600][63.211s][info][gc,heap     ] GC(118) y: Min Capacity: 8M(1%)
[2026-04-03T03:24:27.333+0600][63.211s][info][gc,heap     ] GC(118) y: Max Capacity: 1250M(100%)
[2026-04-03T03:24:27.333+0600][63.211s][info][gc,heap     ] GC(118) y: Soft Max Capacity: 1250M(100%)
[2026-04-03T03:24:27.333+0600][63.211s][info][gc,heap     ] GC(118) y: Heap Statistics:
[2026-04-03T03:24:27.333+0600][63.211s][info][gc,heap     ] GC(118) y:                Mark Start          Mark End        Relocate Start      Relocate End           High               Low         
[2026-04-03T03:24:27.333+0600][63.211s][info][gc,heap     ] GC(118) y:  Capacity:     1250M (100%)       1250M (100%)       1250M (100%)       1250M (100%)       1250M (100%)       1250M (100%)   
[2026-04-03T03:24:27.333+0600][63.211s][info][gc,heap     ] GC(118) y:      Free:      386M (31%)         202M (16%)         224M (18%)         454M (36%)         462M (37%)         198M (16%)    
[2026-04-03T03:24:27.333+0600][63.211s][info][gc,heap     ] GC(118) y:      Used:      864M (69%)        1048M (84%)        1026M (82%)         796M (64%)        1052M (84%)         788M (63%)    
[2026-04-03T03:24:27.333+0600][63.211s][info][gc,heap     ] GC(118) y: Young Generation Statistics:
[2026-04-03T03:24:27.333+0600][63.211s][info][gc,heap     ] GC(118) y:                Mark Start          Mark End        Relocate Start      Relocate End    
[2026-04-03T03:24:27.333+0600][63.211s][info][gc,heap     ] GC(118) y:      Used:      456M (36%)         640M (51%)         618M (49%)         382M (31%)    
[2026-04-03T03:24:27.333+0600][63.211s][info][gc,heap     ] GC(118) y:      Live:         -                98M (8%)           98M (8%)           96M (8%)     
[2026-04-03T03:24:27.333+0600][63.211s][info][gc,heap     ] GC(118) y:   Garbage:         -               357M (29%)         307M (25%)           0M (0%)     
[2026-04-03T03:24:27.333+0600][63.211s][info][gc,heap     ] GC(118) y: Allocated:         -               184M (15%)         212M (17%)         285M (23%)    
[2026-04-03T03:24:27.334+0600][63.211s][info][gc,heap     ] GC(118) y: Reclaimed:         -                  -                50M (4%)          356M (29%)    
[2026-04-03T03:24:27.334+0600][63.211s][info][gc,heap     ] GC(118) y:  Promoted:         -                  -                 0M (0%)            2M (0%)     
[2026-04-03T03:24:27.334+0600][63.211s][info][gc,heap     ] GC(118) y: Compacted:         -                  -                  -                26M (2%)     
[2026-04-03T03:24:27.334+0600][63.211s][info][gc,phases   ] GC(118) y: Young Generation 864M(69%)->796M(64%) 0.326s
[2026-04-03T03:24:27.334+0600][63.211s][info][gc          ] GC(118) Minor Collection (Allocation Rate) 864M(69%)->796M(64%) 0.326s
[2026-04-03T03:24:27.334+0600][63.212s][info][gc          ] GC(119) Major Collection (Allocation Rate)
[2026-04-03T03:24:27.334+0600][63.212s][info][gc,task     ] GC(119) Using 3 Workers for Young Generation
[2026-04-03T03:24:27.334+0600][63.212s][info][gc,task     ] GC(119) Using 1 Workers for Old Generation
[2026-04-03T03:24:27.334+0600][63.212s][info][gc,phases   ] GC(119) Y: Young Generation
[2026-04-03T03:24:27.334+0600][63.212s][info][gc,phases   ] GC(119) Y: Pause Mark Start (Major) 0.030ms
[2026-04-03T03:24:27.776+0600][63.654s][info][gc,phases   ] GC(119) Y: Concurrent Mark 441.475ms
[2026-04-03T03:24:27.776+0600][63.654s][info][gc,phases   ] GC(119) Y: Pause Mark End 0.024ms
[2026-04-03T03:24:27.776+0600][63.654s][info][gc,phases   ] GC(119) Y: Concurrent Mark Free 0.003ms
[2026-04-03T03:24:27.776+0600][63.654s][info][gc,phases   ] GC(119) Y: Concurrent Reset Relocation Set 0.017ms
[2026-04-03T03:24:27.778+0600][63.656s][info][gc,reloc    ] GC(119) Y: Using tenuring threshold: 2 (Computed)
[2026-04-03T03:24:27.813+0600][63.691s][info][gc,phases   ] GC(119) Y: Concurrent Select Relocation Set 36.695ms
[2026-04-03T03:24:27.813+0600][63.691s][info][gc,phases   ] GC(119) Y: Pause Relocate Start 0.020ms
[2026-04-03T03:24:27.948+0600][63.826s][info][gc,phases   ] GC(119) Y: Concurrent Relocate 135.036ms
[2026-04-03T03:24:27.949+0600][63.826s][info][gc,alloc    ] GC(119) Y:                         Mark Start        Mark End      Relocate Start    Relocate End   
[2026-04-03T03:24:27.949+0600][63.826s][info][gc,alloc    ] GC(119) Y: Allocation Stalls:          0                0                0                0         
[2026-04-03T03:24:27.949+0600][63.826s][info][gc,load     ] GC(119) Y: Load: 4.06 (34%) / 4.57 (38%) / 5.18 (43%)
[2026-04-03T03:24:27.949+0600][63.826s][info][gc,mmu      ] GC(119) Y: MMU: 2ms/87.1%, 5ms/94.9%, 10ms/97.4%, 20ms/98.7%, 50ms/99.4%, 100ms/99.6%
[2026-04-03T03:24:27.949+0600][63.826s][info][gc,marking  ] GC(119) Y: Mark: 2 stripe(s), 10 proactive flush(es), 1 terminate flush(es), 0 completion(s), 0 continuation(s) 
[2026-04-03T03:24:27.949+0600][63.826s][info][gc,marking  ] GC(119) Y: Mark Stack Usage: 32M
[2026-04-03T03:24:27.949+0600][63.826s][info][gc,nmethod  ] GC(119) Y: NMethods: 7188 registered, 1421 unregistered
[2026-04-03T03:24:27.949+0600][63.826s][info][gc,metaspace] GC(119) Y: Metaspace: 71M used, 72M committed, 1088M reserved
[2026-04-03T03:24:27.949+0600][63.826s][info][gc,reloc    ] GC(119) Y:                        Candidates     Selected     In-Place         Size        Empty    Relocated 
[2026-04-03T03:24:27.949+0600][63.827s][info][gc,reloc    ] GC(119) Y: Small Pages:                  134           82            0         268M           0M          31M 
[2026-04-03T03:24:27.949+0600][63.827s][info][gc,reloc    ] GC(119) Y: Medium Pages:                   1            0            0          32M           0M           0M 
[2026-04-03T03:24:27.949+0600][63.827s][info][gc,reloc    ] GC(119) Y: Large Pages:                   10            0            0          84M          18M           0M 
[2026-04-03T03:24:27.949+0600][63.827s][info][gc,reloc    ] GC(119) Y: Forwarding Usage: 39M
[2026-04-03T03:24:27.949+0600][63.827s][info][gc,reloc    ] GC(119) Y: Age Table:
[2026-04-03T03:24:27.949+0600][63.827s][info][gc,reloc    ] GC(119) Y:                    Live             Garbage             Small              Medium             Large        
[2026-04-03T03:24:27.949+0600][63.827s][info][gc,reloc    ] GC(119) Y: Eden              83M (7%)          196M (16%)        115 / 78             1 / 0              3 / 0        
[2026-04-03T03:24:27.949+0600][63.827s][info][gc,reloc    ] GC(119) Y: Survivor 1        49M (4%)           30M (2%)          16 / 3              0 / 0              6 / 0        
[2026-04-03T03:24:27.949+0600][63.827s][info][gc,reloc    ] GC(119) Y: Survivor 2        21M (2%)            2M (0%)           3 / 1              0 / 0              1 / 0        
[2026-04-03T03:24:27.949+0600][63.827s][info][gc,heap     ] GC(119) Y: Min Capacity: 8M(1%)
[2026-04-03T03:24:27.949+0600][63.827s][info][gc,heap     ] GC(119) Y: Max Capacity: 1250M(100%)
[2026-04-03T03:24:27.949+0600][63.827s][info][gc,heap     ] GC(119) Y: Soft Max Capacity: 1250M(100%)
[2026-04-03T03:24:27.949+0600][63.827s][info][gc,heap     ] GC(119) Y: Heap Statistics:
[2026-04-03T03:24:27.949+0600][63.827s][info][gc,heap     ] GC(119) Y:                Mark Start          Mark End        Relocate Start      Relocate End           High               Low         
[2026-04-03T03:24:27.949+0600][63.827s][info][gc,heap     ] GC(119) Y:  Capacity:     1250M (100%)       1250M (100%)       1250M (100%)       1250M (100%)       1250M (100%)       1250M (100%)   
[2026-04-03T03:24:27.949+0600][63.827s][info][gc,heap     ] GC(119) Y:      Free:      452M (36%)         112M (9%)           84M (7%)           96M (8%)          452M (36%)          70M (6%)     
[2026-04-03T03:24:27.949+0600][63.827s][info][gc,heap     ] GC(119) Y:      Used:      798M (64%)        1138M (91%)        1166M (93%)        1154M (92%)        1180M (94%)         798M (64%)    
[2026-04-03T03:24:27.949+0600][63.827s][info][gc,heap     ] GC(119) Y: Young Generation Statistics:
[2026-04-03T03:24:27.949+0600][63.827s][info][gc,heap     ] GC(119) Y:                Mark Start          Mark End        Relocate Start      Relocate End    
[2026-04-03T03:24:27.949+0600][63.827s][info][gc,heap     ] GC(119) Y:      Used:      384M (31%)         724M (58%)         730M (58%)         716M (57%)    
[2026-04-03T03:24:27.949+0600][63.827s][info][gc,heap     ] GC(119) Y:      Live:         -               154M (12%)         132M (11%)         132M (11%)    
[2026-04-03T03:24:27.949+0600][63.827s][info][gc,heap     ] GC(119) Y:   Garbage:         -               229M (18%)         211M (17%)          33M (3%)     
[2026-04-03T03:24:27.949+0600][63.827s][info][gc,heap     ] GC(119) Y: Allocated:         -               340M (27%)         386M (31%)         549M (44%)    
[2026-04-03T03:24:27.949+0600][63.827s][info][gc,heap     ] GC(119) Y: Reclaimed:         -                  -                18M (2%)          196M (16%)    
[2026-04-03T03:24:27.949+0600][63.827s][info][gc,heap     ] GC(119) Y:  Promoted:         -                  -                21M (2%)           21M (2%)     
[2026-04-03T03:24:27.949+0600][63.827s][info][gc,heap     ] GC(119) Y: Compacted:         -                  -                  -                66M (5%)     
[2026-04-03T03:24:27.949+0600][63.827s][info][gc,phases   ] GC(119) Y: Young Generation 798M(64%)->1154M(92%) 0.615s
[2026-04-03T03:24:27.949+0600][63.827s][info][gc,phases   ] GC(119) O: Old Generation
[2026-04-03T03:24:27.957+0600][63.834s][info][gc,task     ] Adjusting Workers for Old Generation: 1 -> 2
[2026-04-03T03:24:27.957+0600][63.834s][info][gc          ] GC(120) Minor Collection (Allocation Rate)
[2026-04-03T03:24:27.957+0600][63.835s][info][gc,task     ] GC(120) Using 1 Workers for Young Generation
[2026-04-03T03:24:27.957+0600][63.835s][info][gc,phases   ] GC(120) y: Young Generation
[2026-04-03T03:24:27.957+0600][63.835s][info][gc,phases   ] GC(120) y: Pause Mark Start 0.040ms
[2026-04-03T03:24:28.069+0600][63.947s][info][gc,task     ] Adjusting Workers for Old Generation: 2 -> 3
[2026-04-03T03:24:28.069+0600][63.947s][info][gc,task     ] Adjusting Workers for Young Generation: 1 -> 3
[2026-04-03T03:24:28.329+0600][64.206s][info][gc,phases   ] GC(120) y: Concurrent Mark 371.362ms
[2026-04-03T03:24:28.329+0600][64.207s][info][gc,phases   ] GC(120) y: Pause Mark End 0.027ms
[2026-04-03T03:24:28.352+0600][64.230s][info][gc,phases   ] GC(120) y: Concurrent Mark Free 0.005ms
[2026-04-03T03:24:28.352+0600][64.230s][info][gc,phases   ] GC(120) y: Concurrent Reset Relocation Set 0.060ms
[2026-04-03T03:24:28.359+0600][64.236s][info][gc,reloc    ] GC(120) y: Using tenuring threshold: 3 (Computed)
[2026-04-03T03:24:28.359+0600][64.236s][info][gc          ] Allocation Stall (Executor task launch worker for task 1.0 in stage 28.0 (TID 43)) 293.016ms
[2026-04-03T03:24:28.359+0600][64.236s][info][gc          ] Allocation Stall (Executor task launch worker for task 0.0 in stage 28.0 (TID 42)) 294.182ms
[2026-04-03T03:24:28.359+0600][64.236s][info][gc          ] Allocation Stall (Executor task launch worker for task 2.0 in stage 28.0 (TID 44)) 296.323ms
[2026-04-03T03:24:28.366+0600][64.243s][info][gc,phases   ] GC(120) y: Concurrent Select Relocation Set 13.129ms
[2026-04-03T03:24:28.366+0600][64.244s][info][gc,phases   ] GC(120) y: Pause Relocate Start 0.029ms
[2026-04-03T03:24:28.452+0600][64.330s][info][gc,phases   ] GC(119) O: Concurrent Mark 502.925ms
[2026-04-03T03:24:28.454+0600][64.332s][info][gc,phases   ] GC(119) O: Pause Mark End 0.041ms
[2026-04-03T03:24:28.454+0600][64.332s][info][gc,phases   ] GC(119) O: Concurrent Mark Free 0.004ms
[2026-04-03T03:24:28.468+0600][64.346s][info][gc,phases   ] GC(119) O: Concurrent Process Non-Strong 13.843ms
[2026-04-03T03:24:28.468+0600][64.346s][info][gc,phases   ] GC(119) O: Concurrent Reset Relocation Set 0.014ms
[2026-04-03T03:24:28.468+0600][64.346s][info][gc,phases   ] GC(120) y: Concurrent Relocate 102.275ms
[2026-04-03T03:24:28.469+0600][64.346s][info][gc,alloc    ] GC(120) y:                         Mark Start        Mark End      Relocate Start    Relocate End   
[2026-04-03T03:24:28.469+0600][64.346s][info][gc,alloc    ] GC(120) y: Allocation Stalls:          0                3                0                0         
[2026-04-03T03:24:28.469+0600][64.346s][info][gc,load     ] GC(120) y: Load: 4.06 (34%) / 4.57 (38%) / 5.18 (43%)
[2026-04-03T03:24:28.469+0600][64.346s][info][gc,mmu      ] GC(120) y: MMU: 2ms/87.1%, 5ms/94.9%, 10ms/97.4%, 20ms/98.7%, 50ms/99.4%, 100ms/99.6%
[2026-04-03T03:24:28.469+0600][64.346s][info][gc,marking  ] GC(120) y: Mark: 1 stripe(s), 10 proactive flush(es), 1 terminate flush(es), 0 completion(s), 0 continuation(s) 
[2026-04-03T03:24:28.469+0600][64.346s][info][gc,marking  ] GC(120) y: Mark Stack Usage: 32M
[2026-04-03T03:24:28.469+0600][64.347s][info][gc,nmethod  ] GC(120) y: NMethods: 7187 registered, 1432 unregistered
[2026-04-03T03:24:28.469+0600][64.347s][info][gc,metaspace] GC(120) y: Metaspace: 71M used, 72M committed, 1088M reserved
[2026-04-03T03:24:28.469+0600][64.347s][info][gc,reloc    ] GC(120) y:                        Candidates     Selected     In-Place         Size        Empty    Relocated 
[2026-04-03T03:24:28.469+0600][64.347s][info][gc,reloc    ] GC(120) y: Small Pages:                  286          210            0         572M          14M          42M 
[2026-04-03T03:24:28.469+0600][64.347s][info][gc,reloc    ] GC(120) y: Medium Pages:                   2            0            0          64M          64M           0M 
[2026-04-03T03:24:28.469+0600][64.347s][info][gc,reloc    ] GC(120) y: Large Pages:                   11            0            0          90M          48M           0M 
[2026-04-03T03:24:28.469+0600][64.347s][info][gc,reloc    ] GC(120) y: Forwarding Usage: 46M
[2026-04-03T03:24:28.469+0600][64.347s][info][gc,reloc    ] GC(120) y: Age Table:
[2026-04-03T03:24:28.469+0600][64.347s][info][gc,reloc    ] GC(120) y:                    Live             Garbage             Small              Medium             Large        
[2026-04-03T03:24:28.469+0600][64.347s][info][gc,reloc    ] GC(120) y: Eden             103M (8%)          442M (35%)        236 / 193            1 / 0              5 / 0        
[2026-04-03T03:24:28.469+0600][64.347s][info][gc,reloc    ] GC(120) y: Survivor 1        53M (4%)           66M (5%)          35 / 5              1 / 0              3 / 0        
[2026-04-03T03:24:28.469+0600][64.347s][info][gc,reloc    ] GC(120) y: Survivor 2         5M (0%)           54M (4%)          15 / 12             0 / 0              3 / 0        
[2026-04-03T03:24:28.469+0600][64.347s][info][gc,heap     ] GC(120) y: Min Capacity: 8M(1%)
[2026-04-03T03:24:28.469+0600][64.347s][info][gc,heap     ] GC(120) y: Max Capacity: 1250M(100%)
[2026-04-03T03:24:28.469+0600][64.347s][info][gc,heap     ] GC(120) y: Soft Max Capacity: 1250M(100%)
[2026-04-03T03:24:28.469+0600][64.347s][info][gc,heap     ] GC(120) y: Heap Statistics:
[2026-04-03T03:24:28.469+0600][64.347s][info][gc,heap     ] GC(120) y:                Mark Start          Mark End        Relocate Start      Relocate End           High               Low         
[2026-04-03T03:24:28.469+0600][64.347s][info][gc,heap     ] GC(120) y:  Capacity:     1250M (100%)       1250M (100%)       1250M (100%)       1250M (100%)       1250M (100%)       1250M (100%)   
[2026-04-03T03:24:28.469+0600][64.347s][info][gc,heap     ] GC(120) y:      Free:       86M (7%)            0M (0%)          112M (9%)          474M (38%)         474M (38%)           0M (0%)     
[2026-04-03T03:24:28.469+0600][64.347s][info][gc,heap     ] GC(120) y:      Used:     1164M (93%)        1250M (100%)       1138M (91%)         776M (62%)        1250M (100%)        776M (62%)    
[2026-04-03T03:24:28.469+0600][64.347s][info][gc,heap     ] GC(120) y: Young Generation Statistics:
[2026-04-03T03:24:28.469+0600][64.347s][info][gc,heap     ] GC(120) y:                Mark Start          Mark End        Relocate Start      Relocate End    
[2026-04-03T03:24:28.469+0600][64.347s][info][gc,heap     ] GC(120) y:      Used:      726M (58%)         812M (65%)         700M (56%)         338M (27%)    
[2026-04-03T03:24:28.469+0600][64.347s][info][gc,heap     ] GC(120) y:      Live:         -               162M (13%)         162M (13%)         162M (13%)    
[2026-04-03T03:24:28.469+0600][64.347s][info][gc,heap     ] GC(120) y:   Garbage:         -               563M (45%)         437M (35%)           5M (0%)     
[2026-04-03T03:24:28.469+0600][64.347s][info][gc,heap     ] GC(120) y: Allocated:         -                86M (7%)          100M (8%)          169M (14%)    
[2026-04-03T03:24:28.469+0600][64.347s][info][gc,heap     ] GC(120) y: Reclaimed:         -                  -               126M (10%)         557M (45%)    
[2026-04-03T03:24:28.469+0600][64.347s][info][gc,heap     ] GC(120) y:  Promoted:         -                  -                 0M (0%)            0M (0%)     
[2026-04-03T03:24:28.469+0600][64.347s][info][gc,heap     ] GC(120) y: Compacted:         -                  -                  -                66M (5%)     
[2026-04-03T03:24:28.469+0600][64.347s][info][gc,phases   ] GC(120) y: Young Generation 1164M(93%)->776M(62%) 0.512s
[2026-04-03T03:24:28.469+0600][64.347s][info][gc          ] GC(120) Minor Collection (Allocation Rate) 1164M(93%)->776M(62%) 0.513s
[2026-04-03T03:24:28.469+0600][64.347s][info][gc,task     ] Adjusting Workers for Old Generation: 3 -> 1
[2026-04-03T03:24:28.469+0600][64.347s][info][gc          ] GC(121) Minor Collection (Allocation Rate)
[2026-04-03T03:24:28.470+0600][64.347s][info][gc,task     ] GC(121) Using 2 Workers for Young Generation
[2026-04-03T03:24:28.470+0600][64.347s][info][gc,phases   ] GC(121) y: Young Generation
[2026-04-03T03:24:28.470+0600][64.348s][info][gc,phases   ] GC(121) y: Pause Mark Start 0.026ms
[2026-04-03T03:24:28.475+0600][64.353s][info][gc,phases   ] GC(119) O: Concurrent Select Relocation Set 6.845ms
[2026-04-03T03:24:28.871+0600][64.748s][info][gc,phases   ] GC(121) y: Concurrent Mark 400.484ms
[2026-04-03T03:24:28.871+0600][64.749s][info][gc,phases   ] GC(121) y: Pause Mark End 0.036ms
[2026-04-03T03:24:28.871+0600][64.749s][info][gc,phases   ] GC(121) y: Concurrent Mark Free 0.002ms
[2026-04-03T03:24:28.871+0600][64.749s][info][gc,phases   ] GC(121) y: Concurrent Reset Relocation Set 0.027ms
[2026-04-03T03:24:28.873+0600][64.751s][info][gc,reloc    ] GC(121) y: Using tenuring threshold: 1 (Computed)
[2026-04-03T03:24:28.962+0600][64.839s][info][gc,phases   ] GC(121) y: Concurrent Select Relocation Set 90.556ms
[2026-04-03T03:24:28.962+0600][64.840s][info][gc,phases   ] GC(121) y: Pause Relocate Start 0.027ms
[2026-04-03T03:24:29.187+0600][65.065s][info][gc,phases   ] GC(121) y: Concurrent Relocate 225.021ms
[2026-04-03T03:24:29.187+0600][65.065s][info][gc,alloc    ] GC(121) y:                         Mark Start        Mark End      Relocate Start    Relocate End   
[2026-04-03T03:24:29.187+0600][65.065s][info][gc,alloc    ] GC(121) y: Allocation Stalls:          0                0                0                0         
[2026-04-03T03:24:29.187+0600][65.065s][info][gc,load     ] GC(121) y: Load: 4.06 (34%) / 4.57 (38%) / 5.18 (43%)
[2026-04-03T03:24:29.187+0600][65.065s][info][gc,mmu      ] GC(121) y: MMU: 2ms/87.1%, 5ms/94.9%, 10ms/97.4%, 20ms/98.7%, 50ms/99.4%, 100ms/99.6%
[2026-04-03T03:24:29.187+0600][65.065s][info][gc,marking  ] GC(121) y: Mark: 2 stripe(s), 2 proactive flush(es), 1 terminate flush(es), 0 completion(s), 0 continuation(s) 
[2026-04-03T03:24:29.187+0600][65.065s][info][gc,marking  ] GC(121) y: Mark Stack Usage: 32M
[2026-04-03T03:24:29.187+0600][65.065s][info][gc,nmethod  ] GC(121) y: NMethods: 7195 registered, 1432 unregistered
[2026-04-03T03:24:29.187+0600][65.065s][info][gc,metaspace] GC(121) y: Metaspace: 71M used, 72M committed, 1088M reserved
[2026-04-03T03:24:29.187+0600][65.065s][info][gc,reloc    ] GC(121) y:                        Candidates     Selected     In-Place         Size        Empty    Relocated 
[2026-04-03T03:24:29.187+0600][65.065s][info][gc,reloc    ] GC(121) y: Small Pages:                  143           75            0         286M           0M          11M 
[2026-04-03T03:24:29.187+0600][65.065s][info][gc,reloc    ] GC(121) y: Medium Pages:                   0            0            0           0M           0M           0M 
[2026-04-03T03:24:29.187+0600][65.065s][info][gc,reloc    ] GC(121) y: Large Pages:                    6            0            0          52M           0M           0M 
[2026-04-03T03:24:29.187+0600][65.065s][info][gc,reloc    ] GC(121) y: Forwarding Usage: 11M
[2026-04-03T03:24:29.188+0600][65.065s][info][gc,reloc    ] GC(121) y: Age Table:
[2026-04-03T03:24:29.188+0600][65.065s][info][gc,reloc    ] GC(121) y:                    Live             Garbage             Small              Medium             Large        
[2026-04-03T03:24:29.188+0600][65.065s][info][gc,reloc    ] GC(121) y: Eden              18M (1%)          121M (10%)         65 / 61             0 / 0              1 / 0        
[2026-04-03T03:24:29.188+0600][65.065s][info][gc,reloc    ] GC(121) y: Survivor 1       101M (8%)           12M (1%)          36 / 4              0 / 0              5 / 0        
[2026-04-03T03:24:29.188+0600][65.065s][info][gc,reloc    ] GC(121) y: Survivor 2        53M (4%)            6M (1%)          30 / 2              0 / 0              0 / 0        
[2026-04-03T03:24:29.188+0600][65.065s][info][gc,reloc    ] GC(121) y: Survivor 3         5M (0%)           18M (1%)          12 / 8              0 / 0              0 / 0        
[2026-04-03T03:24:29.188+0600][65.065s][info][gc,heap     ] GC(121) y: Min Capacity: 8M(1%)
[2026-04-03T03:24:29.188+0600][65.065s][info][gc,heap     ] GC(121) y: Max Capacity: 1250M(100%)
[2026-04-03T03:24:29.188+0600][65.065s][info][gc,heap     ] GC(121) y: Soft Max Capacity: 1250M(100%)
[2026-04-03T03:24:29.188+0600][65.065s][info][gc,heap     ] GC(121) y: Heap Statistics:
[2026-04-03T03:24:29.188+0600][65.065s][info][gc,heap     ] GC(121) y:                Mark Start          Mark End        Relocate Start      Relocate End           High               Low         
[2026-04-03T03:24:29.188+0600][65.065s][info][gc,heap     ] GC(121) y:  Capacity:     1250M (100%)       1250M (100%)       1250M (100%)       1250M (100%)       1250M (100%)       1250M (100%)   
[2026-04-03T03:24:29.188+0600][65.065s][info][gc,heap     ] GC(121) y:      Free:      474M (38%)         226M (18%)         148M (12%)         120M (10%)         596M (48%)         120M (10%)    
[2026-04-03T03:24:29.188+0600][65.065s][info][gc,heap     ] GC(121) y:      Used:      776M (62%)        1024M (82%)        1102M (88%)        1130M (90%)        1130M (90%)         654M (52%)    
[2026-04-03T03:24:29.188+0600][65.065s][info][gc,heap     ] GC(121) y: Young Generation Statistics:
[2026-04-03T03:24:29.188+0600][65.065s][info][gc,heap     ] GC(121) y:                Mark Start          Mark End        Relocate Start      Relocate End    
[2026-04-03T03:24:29.188+0600][65.065s][info][gc,heap     ] GC(121) y:      Used:      338M (27%)         716M (57%)         634M (51%)         650M (52%)    
[2026-04-03T03:24:29.188+0600][65.065s][info][gc,heap     ] GC(121) y:      Live:         -               179M (14%)          25M (2%)           18M (1%)     
[2026-04-03T03:24:29.188+0600][65.065s][info][gc,heap     ] GC(121) y:   Garbage:         -               158M (13%)         152M (12%)           0M (0%)     
[2026-04-03T03:24:29.188+0600][65.065s][info][gc,heap     ] GC(121) y: Allocated:         -               378M (30%)         456M (36%)         631M (51%)    
[2026-04-03T03:24:29.188+0600][65.065s][info][gc,heap     ] GC(121) y: Reclaimed:         -                  -                 6M (1%)          158M (13%)    
[2026-04-03T03:24:29.188+0600][65.065s][info][gc,heap     ] GC(121) y:  Promoted:         -                  -               153M (12%)         161M (13%)    
[2026-04-03T03:24:29.188+0600][65.065s][info][gc,heap     ] GC(121) y: Compacted:         -                  -                  -                 8M (1%)     
[2026-04-03T03:24:29.188+0600][65.065s][info][gc,phases   ] GC(121) y: Young Generation 776M(62%)->1130M(90%) 0.718s
[2026-04-03T03:24:29.188+0600][65.065s][info][gc          ] GC(121) Minor Collection (Allocation Rate) 776M(62%)->1130M(90%) 0.718s
[2026-04-03T03:24:29.188+0600][65.066s][info][gc,task     ] GC(119) O: Using 3 Workers for Old Generation
[2026-04-03T03:24:29.243+0600][65.120s][info][gc,task     ] GC(119) O: Using 3 Workers for Old Generation
[2026-04-03T03:24:29.243+0600][65.121s][info][gc,phases   ] GC(119) O: Concurrent Remap Roots 55.009ms
[2026-04-03T03:24:29.243+0600][65.121s][info][gc,phases   ] GC(119) O: Pause Relocate Start 0.026ms
[2026-04-03T03:24:29.243+0600][65.121s][info][gc          ] GC(122) Minor Collection (Allocation Rate)
[2026-04-03T03:24:29.243+0600][65.121s][info][gc,task     ] GC(122) Using 2 Workers for Young Generation
[2026-04-03T03:24:29.243+0600][65.121s][info][gc,phases   ] GC(122) y: Young Generation
[2026-04-03T03:24:29.244+0600][65.122s][info][gc,phases   ] GC(122) y: Pause Mark Start 0.032ms
[2026-04-03T03:24:29.361+0600][65.239s][info][gc,phases   ] GC(119) O: Concurrent Relocate 118.180ms
[2026-04-03T03:24:29.364+0600][65.242s][info][gc,task     ] Adjusting Workers for Young Generation: 2 -> 3
[2026-04-03T03:24:29.509+0600][65.387s][info][gc,phases   ] GC(122) y: Concurrent Mark 264.893ms
[2026-04-03T03:24:29.509+0600][65.387s][info][gc,phases   ] GC(122) y: Pause Mark End 0.029ms
[2026-04-03T03:24:29.509+0600][65.387s][info][gc,phases   ] GC(122) y: Concurrent Mark Free 0.001ms
[2026-04-03T03:24:29.510+0600][65.387s][info][gc,phases   ] GC(122) y: Concurrent Reset Relocation Set 0.124ms
[2026-04-03T03:24:29.515+0600][65.393s][info][gc,reloc    ] GC(122) y: Using tenuring threshold: 2 (Computed)
[2026-04-03T03:24:29.515+0600][65.393s][info][gc          ] Allocation Stall (Executor task launch worker for task 2.0 in stage 28.0 (TID 44)) 42.010ms
[2026-04-03T03:24:29.515+0600][65.393s][info][gc          ] Allocation Stall (Executor task launch worker for task 0.0 in stage 28.0 (TID 42)) 33.055ms
[2026-04-03T03:24:29.525+0600][65.403s][info][gc,phases   ] GC(122) y: Concurrent Select Relocation Set 15.192ms
[2026-04-03T03:24:29.525+0600][65.403s][info][gc,phases   ] GC(122) y: Pause Relocate Start 0.033ms
[2026-04-03T03:24:29.526+0600][65.404s][info][gc          ] Relocation Stall (Executor task launch worker for task 2.0 in stage 28.0 (TID 44)) 0.774ms
[2026-04-03T03:24:29.586+0600][65.463s][info][gc,phases   ] GC(122) y: Concurrent Relocate 60.370ms
[2026-04-03T03:24:29.586+0600][65.463s][info][gc,alloc    ] GC(122) y:                         Mark Start        Mark End      Relocate Start    Relocate End   
[2026-04-03T03:24:29.586+0600][65.463s][info][gc,alloc    ] GC(122) y: Allocation Stalls:          0                2                0                0         
[2026-04-03T03:24:29.586+0600][65.463s][info][gc,load     ] GC(122) y: Load: 4.06 (34%) / 4.57 (38%) / 5.18 (43%)
[2026-04-03T03:24:29.586+0600][65.464s][info][gc,mmu      ] GC(122) y: MMU: 2ms/87.1%, 5ms/94.9%, 10ms/97.4%, 20ms/98.7%, 50ms/99.4%, 100ms/99.6%
[2026-04-03T03:24:29.586+0600][65.464s][info][gc,marking  ] GC(122) y: Mark: 2 stripe(s), 10 proactive flush(es), 1 terminate flush(es), 0 completion(s), 0 continuation(s) 
[2026-04-03T03:24:29.586+0600][65.464s][info][gc,marking  ] GC(122) y: Mark Stack Usage: 32M
[2026-04-03T03:24:29.586+0600][65.464s][info][gc,nmethod  ] GC(122) y: NMethods: 7195 registered, 1432 unregistered
[2026-04-03T03:24:29.586+0600][65.464s][info][gc,metaspace] GC(122) y: Metaspace: 71M used, 72M committed, 1088M reserved
[2026-04-03T03:24:29.586+0600][65.464s][info][gc,reloc    ] GC(122) y:                        Candidates     Selected     In-Place         Size        Empty    Relocated 
[2026-04-03T03:24:29.586+0600][65.464s][info][gc,reloc    ] GC(122) y: Small Pages:                  313          285            3         626M          12M          29M 
[2026-04-03T03:24:29.586+0600][65.464s][info][gc,reloc    ] GC(122) y: Medium Pages:                   1            0            0          32M           0M           0M 
[2026-04-03T03:24:29.586+0600][65.464s][info][gc,reloc    ] GC(122) y: Large Pages:                    2            0            0          20M           0M           0M 
[2026-04-03T03:24:29.586+0600][65.464s][info][gc,reloc    ] GC(122) y: Forwarding Usage: 31M
[2026-04-03T03:24:29.586+0600][65.464s][info][gc,reloc    ] GC(122) y: Age Table:
[2026-04-03T03:24:29.586+0600][65.464s][info][gc,reloc    ] GC(122) y:                    Live             Garbage             Small              Medium             Large        
[2026-04-03T03:24:29.586+0600][65.464s][info][gc,reloc    ] GC(122) y: Eden              42M (3%)          611M (49%)        306 / 282            1 / 0              1 / 0        
[2026-04-03T03:24:29.586+0600][65.464s][info][gc,reloc    ] GC(122) y: Survivor 1        17M (1%)            6M (0%)           7 / 3              0 / 0              1 / 0        
[2026-04-03T03:24:29.586+0600][65.464s][info][gc,heap     ] GC(122) y: Min Capacity: 8M(1%)
[2026-04-03T03:24:29.586+0600][65.464s][info][gc,heap     ] GC(122) y: Max Capacity: 1250M(100%)
[2026-04-03T03:24:29.586+0600][65.464s][info][gc,heap     ] GC(122) y: Soft Max Capacity: 1250M(100%)
[2026-04-03T03:24:29.586+0600][65.464s][info][gc,heap     ] GC(122) y: Heap Statistics:
[2026-04-03T03:24:29.586+0600][65.464s][info][gc,heap     ] GC(122) y:                Mark Start          Mark End        Relocate Start      Relocate End           High               Low         
[2026-04-03T03:24:29.586+0600][65.464s][info][gc,heap     ] GC(122) y:  Capacity:     1250M (100%)       1250M (100%)       1250M (100%)       1250M (100%)       1250M (100%)       1250M (100%)   
[2026-04-03T03:24:29.586+0600][65.464s][info][gc,heap     ] GC(122) y:      Free:       90M (7%)            0M (0%)            6M (0%)          546M (44%)         546M (44%)           0M (0%)     
[2026-04-03T03:24:29.586+0600][65.464s][info][gc,heap     ] GC(122) y:      Used:     1160M (93%)        1250M (100%)       1244M (100%)        704M (56%)        1250M (100%)        704M (56%)    
[2026-04-03T03:24:29.586+0600][65.464s][info][gc,heap     ] GC(122) y: Young Generation Statistics:
[2026-04-03T03:24:29.586+0600][65.464s][info][gc,heap     ] GC(122) y:                Mark Start          Mark End        Relocate Start      Relocate End    
[2026-04-03T03:24:29.586+0600][65.464s][info][gc,heap     ] GC(122) y:      Used:      678M (54%)         822M (66%)         816M (65%)         276M (22%)    
[2026-04-03T03:24:29.586+0600][65.464s][info][gc,heap     ] GC(122) y:      Live:         -                60M (5%)           60M (5%)           60M (5%)     
[2026-04-03T03:24:29.586+0600][65.464s][info][gc,heap     ] GC(122) y:   Garbage:         -               617M (49%)         605M (48%)          30M (2%)     
[2026-04-03T03:24:29.586+0600][65.464s][info][gc,heap     ] GC(122) y: Allocated:         -               144M (12%)         150M (12%)         184M (15%)    
[2026-04-03T03:24:29.586+0600][65.464s][info][gc,heap     ] GC(122) y: Reclaimed:         -                  -                12M (1%)          586M (47%)    
[2026-04-03T03:24:29.586+0600][65.464s][info][gc,heap     ] GC(122) y:  Promoted:         -                  -                 0M (0%)            0M (0%)     
[2026-04-03T03:24:29.586+0600][65.464s][info][gc,heap     ] GC(122) y: Compacted:         -                  -                  -                31M (3%)     
[2026-04-03T03:24:29.586+0600][65.464s][info][gc,phases   ] GC(122) y: Young Generation 1160M(93%)->704M(56%) 0.342s
[2026-04-03T03:24:29.586+0600][65.464s][info][gc          ] GC(122) Minor Collection (Allocation Rate) 1158M(93%)->706M(56%) 0.343s
[2026-04-03T03:24:29.586+0600][65.464s][info][gc,alloc    ] GC(119) O:                         Mark Start        Mark End      Relocate Start    Relocate End   
[2026-04-03T03:24:29.587+0600][65.464s][info][gc,alloc    ] GC(119) O: Allocation Stalls:          0                0                0                0         
[2026-04-03T03:24:29.587+0600][65.464s][info][gc,load     ] GC(119) O: Load: 4.06 (34%) / 4.57 (38%) / 5.18 (43%)
[2026-04-03T03:24:29.587+0600][65.464s][info][gc,mmu      ] GC(119) O: MMU: 2ms/87.1%, 5ms/94.9%, 10ms/97.4%, 20ms/98.7%, 50ms/99.4%, 100ms/99.6%
[2026-04-03T03:24:29.587+0600][65.464s][info][gc,marking  ] GC(119) O: Mark: 1 stripe(s), 10 proactive flush(es), 1 terminate flush(es), 0 completion(s), 0 continuation(s) 
[2026-04-03T03:24:29.587+0600][65.464s][info][gc,marking  ] GC(119) O: Mark Stack Usage: 32M
[2026-04-03T03:24:29.587+0600][65.464s][info][gc,nmethod  ] GC(119) O: NMethods: 7195 registered, 1432 unregistered
[2026-04-03T03:24:29.587+0600][65.464s][info][gc,metaspace] GC(119) O: Metaspace: 71M used, 72M committed, 1088M reserved
[2026-04-03T03:24:29.587+0600][65.464s][info][gc,ref      ] GC(119) O:                       Encountered   Discovered     Enqueued 
[2026-04-03T03:24:29.587+0600][65.464s][info][gc,ref      ] GC(119) O: Soft References:             5107            0            0 
[2026-04-03T03:24:29.587+0600][65.464s][info][gc,ref      ] GC(119) O: Weak References:             7011         5494           68 
[2026-04-03T03:24:29.587+0600][65.464s][info][gc,ref      ] GC(119) O: Final References:              84            0            0 
[2026-04-03T03:24:29.587+0600][65.464s][info][gc,ref      ] GC(119) O: Phantom References:           600          560            0 
[2026-04-03T03:24:29.587+0600][65.464s][info][gc,reloc    ] GC(119) O:                        Candidates     Selected     In-Place         Size        Empty    Relocated 
[2026-04-03T03:24:29.587+0600][65.464s][info][gc,reloc    ] GC(119) O: Small Pages:                  136           32            0         272M          20M          12M 
[2026-04-03T03:24:29.587+0600][65.464s][info][gc,reloc    ] GC(119) O: Medium Pages:                   3            0            0          96M          64M           0M 
[2026-04-03T03:24:29.587+0600][65.464s][info][gc,reloc    ] GC(119) O: Large Pages:                    3            0            0          46M          46M           0M 
[2026-04-03T03:24:29.587+0600][65.464s][info][gc,reloc    ] GC(119) O: Forwarding Usage: 19M
[2026-04-03T03:24:29.587+0600][65.464s][info][gc,heap     ] GC(119) O: Min Capacity: 8M(1%)
[2026-04-03T03:24:29.587+0600][65.464s][info][gc,heap     ] GC(119) O: Max Capacity: 1250M(100%)
[2026-04-03T03:24:29.587+0600][65.464s][info][gc,heap     ] GC(119) O: Soft Max Capacity: 1250M(100%)
[2026-04-03T03:24:29.587+0600][65.464s][info][gc,heap     ] GC(119) O: Heap Statistics:
[2026-04-03T03:24:29.587+0600][65.464s][info][gc,heap     ] GC(119) O:                Mark Start          Mark End        Relocate Start      Relocate End           High               Low         
[2026-04-03T03:24:29.587+0600][65.465s][info][gc,heap     ] GC(119) O:  Capacity:     1250M (100%)       1250M (100%)       1250M (100%)       1250M (100%)       1250M (100%)       1250M (100%)   
[2026-04-03T03:24:29.587+0600][65.465s][info][gc,heap     ] GC(119) O:      Free:      452M (36%)         470M (38%)          92M (7%)           66M (5%)          596M (48%)           0M (0%)     
[2026-04-03T03:24:29.587+0600][65.465s][info][gc,heap     ] GC(119) O:      Used:      798M (64%)         780M (62%)        1158M (93%)        1184M (95%)        1250M (100%)        654M (52%)    
[2026-04-03T03:24:29.587+0600][65.465s][info][gc,heap     ] GC(119) O: Old Generation Statistics:
[2026-04-03T03:24:29.587+0600][65.465s][info][gc,heap     ] GC(119) O:                Mark Start          Mark End        Relocate Start      Relocate End    
[2026-04-03T03:24:29.587+0600][65.465s][info][gc,heap     ] GC(119) O:      Used:      414M (33%)         438M (35%)         480M (38%)         428M (34%)    
[2026-04-03T03:24:29.587+0600][65.465s][info][gc,heap     ] GC(119) O:      Live:         -               192M (15%)         192M (15%)         192M (15%)    
[2026-04-03T03:24:29.587+0600][65.465s][info][gc,heap     ] GC(119) O:   Garbage:         -               221M (18%)          91M (7%)           24M (2%)     
[2026-04-03T03:24:29.587+0600][65.465s][info][gc,heap     ] GC(119) O: Allocated:         -                24M (2%)          196M (16%)         211M (17%)    
[2026-04-03T03:24:29.587+0600][65.465s][info][gc,heap     ] GC(119) O: Reclaimed:         -                  -               130M (10%)         197M (16%)    
[2026-04-03T03:24:29.587+0600][65.465s][info][gc,heap     ] GC(119) O: Compacted:         -                  -                  -                22M (2%)     
[2026-04-03T03:24:29.587+0600][65.465s][info][gc,phases   ] GC(119) O: Old Generation 1154M(92%)->1184M(95%) 1.637s
[2026-04-03T03:24:29.587+0600][65.465s][info][gc          ] GC(119) Major Collection (Allocation Rate) 798M(64%)->706M(56%) 2.253s
[2026-04-03T03:24:29.595+0600][65.472s][info][gc          ] GC(123) Minor Collection (Allocation Rate)
[2026-04-03T03:24:29.595+0600][65.472s][info][gc,task     ] GC(123) Using 3 Workers for Young Generation
[2026-04-03T03:24:29.595+0600][65.473s][info][gc,phases   ] GC(123) y: Young Generation
[2026-04-03T03:24:29.595+0600][65.473s][info][gc,phases   ] GC(123) y: Pause Mark Start 0.026ms
[2026-04-03T03:24:29.882+0600][65.760s][info][gc,phases   ] GC(123) y: Concurrent Mark 287.115ms
[2026-04-03T03:24:29.882+0600][65.760s][info][gc,phases   ] GC(123) y: Pause Mark End 0.031ms
[2026-04-03T03:24:29.883+0600][65.760s][info][gc,phases   ] GC(123) y: Concurrent Mark Free 0.002ms
[2026-04-03T03:24:29.883+0600][65.760s][info][gc,phases   ] GC(123) y: Concurrent Reset Relocation Set 0.060ms
[2026-04-03T03:24:29.889+0600][65.766s][info][gc,reloc    ] GC(123) y: Using tenuring threshold: 3 (Computed)
[2026-04-03T03:24:29.892+0600][65.770s][info][gc,phases   ] GC(123) y: Concurrent Select Relocation Set 9.541ms
[2026-04-03T03:24:29.892+0600][65.770s][info][gc,phases   ] GC(123) y: Pause Relocate Start 0.023ms
[2026-04-03T03:24:29.914+0600][65.792s][info][gc,phases   ] GC(123) y: Concurrent Relocate 21.758ms
[2026-04-03T03:24:29.914+0600][65.792s][info][gc,alloc    ] GC(123) y:                         Mark Start        Mark End      Relocate Start    Relocate End   
[2026-04-03T03:24:29.914+0600][65.792s][info][gc,alloc    ] GC(123) y: Allocation Stalls:          0                0                0                0         
[2026-04-03T03:24:29.915+0600][65.792s][info][gc,load     ] GC(123) y: Load: 4.06 (34%) / 4.57 (38%) / 5.18 (43%)
[2026-04-03T03:24:29.915+0600][65.792s][info][gc,mmu      ] GC(123) y: MMU: 2ms/87.1%, 5ms/94.9%, 10ms/97.4%, 20ms/98.7%, 50ms/99.4%, 100ms/99.6%
[2026-04-03T03:24:29.915+0600][65.792s][info][gc,marking  ] GC(123) y: Mark: 2 stripe(s), 10 proactive flush(es), 1 terminate flush(es), 0 completion(s), 0 continuation(s) 
[2026-04-03T03:24:29.915+0600][65.792s][info][gc,marking  ] GC(123) y: Mark Stack Usage: 32M
[2026-04-03T03:24:29.915+0600][65.792s][info][gc,nmethod  ] GC(123) y: NMethods: 7197 registered, 1432 unregistered
[2026-04-03T03:24:29.915+0600][65.792s][info][gc,metaspace] GC(123) y: Metaspace: 71M used, 72M committed, 1088M reserved
[2026-04-03T03:24:29.915+0600][65.792s][info][gc,reloc    ] GC(123) y:                        Candidates     Selected     In-Place         Size        Empty    Relocated 
[2026-04-03T03:24:29.915+0600][65.792s][info][gc,reloc    ] GC(123) y: Small Pages:                  107           79            0         214M           6M           9M 
[2026-04-03T03:24:29.915+0600][65.792s][info][gc,reloc    ] GC(123) y: Medium Pages:                   1            0            0          32M           0M           0M 
[2026-04-03T03:24:29.915+0600][65.792s][info][gc,reloc    ] GC(123) y: Large Pages:                    3            0            0          38M          10M           0M 
[2026-04-03T03:24:29.915+0600][65.792s][info][gc,reloc    ] GC(123) y: Forwarding Usage: 10M
[2026-04-03T03:24:29.915+0600][65.792s][info][gc,reloc    ] GC(123) y: Age Table:
[2026-04-03T03:24:29.915+0600][65.792s][info][gc,reloc    ] GC(123) y:                    Live             Garbage             Small              Medium             Large        
[2026-04-03T03:24:29.915+0600][65.792s][info][gc,reloc    ] GC(123) y: Eden              25M (2%)          152M (12%)         80 / 72             0 / 0              1 / 0        
[2026-04-03T03:24:29.915+0600][65.792s][info][gc,reloc    ] GC(123) y: Survivor 1        39M (3%)           40M (3%)          19 / 4              1 / 0              1 / 0        
[2026-04-03T03:24:29.915+0600][65.793s][info][gc,reloc    ] GC(123) y: Survivor 2         7M (1%)           18M (1%)           8 / 3              0 / 0              1 / 0        
[2026-04-03T03:24:29.915+0600][65.793s][info][gc,heap     ] GC(123) y: Min Capacity: 8M(1%)
[2026-04-03T03:24:29.915+0600][65.793s][info][gc,heap     ] GC(123) y: Max Capacity: 1250M(100%)
[2026-04-03T03:24:29.915+0600][65.793s][info][gc,heap     ] GC(123) y: Soft Max Capacity: 1250M(100%)
[2026-04-03T03:24:29.915+0600][65.793s][info][gc,heap     ] GC(123) y: Heap Statistics:
[2026-04-03T03:24:29.915+0600][65.793s][info][gc,heap     ] GC(123) y:                Mark Start          Mark End        Relocate Start      Relocate End           High               Low         
[2026-04-03T03:24:29.915+0600][65.793s][info][gc,heap     ] GC(123) y:  Capacity:     1250M (100%)       1250M (100%)       1250M (100%)       1250M (100%)       1250M (100%)       1250M (100%)   
[2026-04-03T03:24:29.915+0600][65.793s][info][gc,heap     ] GC(123) y:      Free:      538M (43%)         406M (32%)         414M (33%)         532M (43%)         538M (43%)         402M (32%)    
[2026-04-03T03:24:29.915+0600][65.793s][info][gc,heap     ] GC(123) y:      Used:      712M (57%)         844M (68%)         836M (67%)         718M (57%)         848M (68%)         712M (57%)    
[2026-04-03T03:24:29.915+0600][65.793s][info][gc,heap     ] GC(123) y: Young Generation Statistics:
[2026-04-03T03:24:29.915+0600][65.793s][info][gc,heap     ] GC(123) y:                Mark Start          Mark End        Relocate Start      Relocate End    
[2026-04-03T03:24:29.915+0600][65.793s][info][gc,heap     ] GC(123) y:      Used:      284M (23%)         416M (33%)         408M (33%)         290M (23%)    
[2026-04-03T03:24:29.915+0600][65.793s][info][gc,heap     ] GC(123) y:      Live:         -                73M (6%)           73M (6%)           73M (6%)     
[2026-04-03T03:24:29.915+0600][65.793s][info][gc,heap     ] GC(123) y:   Garbage:         -               210M (17%)         194M (16%)          34M (3%)     
[2026-04-03T03:24:29.915+0600][65.793s][info][gc,heap     ] GC(123) y: Allocated:         -               132M (11%)         140M (11%)         182M (15%)    
[2026-04-03T03:24:29.915+0600][65.793s][info][gc,heap     ] GC(123) y: Reclaimed:         -                  -                16M (1%)          176M (14%)    
[2026-04-03T03:24:29.915+0600][65.793s][info][gc,heap     ] GC(123) y:  Promoted:         -                  -                 0M (0%)            0M (0%)     
[2026-04-03T03:24:29.915+0600][65.793s][info][gc,heap     ] GC(123) y: Compacted:         -                  -                  -                 9M (1%)     
[2026-04-03T03:24:29.915+0600][65.793s][info][gc,phases   ] GC(123) y: Young Generation 712M(57%)->718M(57%) 0.320s
[2026-04-03T03:24:29.915+0600][65.793s][info][gc          ] GC(123) Minor Collection (Allocation Rate) 712M(57%)->718M(57%) 0.320s
[2026-04-03T03:24:29.915+0600][65.793s][info][gc          ] GC(124) Major Collection (Allocation Rate)
[2026-04-03T03:24:29.915+0600][65.793s][info][gc,task     ] GC(124) Using 3 Workers for Young Generation
[2026-04-03T03:24:29.915+0600][65.793s][info][gc,task     ] GC(124) Using 1 Workers for Old Generation
[2026-04-03T03:24:29.916+0600][65.793s][info][gc,phases   ] GC(124) Y: Young Generation
[2026-04-03T03:24:29.916+0600][65.794s][info][gc,phases   ] GC(124) Y: Pause Mark Start (Major) 0.163ms
[2026-04-03T03:24:30.166+0600][66.044s][info][gc,phases   ] GC(124) Y: Concurrent Mark 250.285ms
[2026-04-03T03:24:30.167+0600][66.044s][info][gc,phases   ] GC(124) Y: Pause Mark End 0.030ms
[2026-04-03T03:24:30.167+0600][66.045s][info][gc,phases   ] GC(124) Y: Concurrent Mark Free 0.003ms
[2026-04-03T03:24:30.167+0600][66.045s][info][gc,phases   ] GC(124) Y: Concurrent Reset Relocation Set 0.023ms
[2026-04-03T03:24:30.171+0600][66.049s][info][gc,reloc    ] GC(124) Y: Using tenuring threshold: 1 (Computed)
[2026-04-03T03:24:30.226+0600][66.104s][info][gc,phases   ] GC(124) Y: Concurrent Select Relocation Set 59.021ms
[2026-04-03T03:24:30.226+0600][66.104s][info][gc,phases   ] GC(124) Y: Pause Relocate Start 0.025ms
[2026-04-03T03:24:30.358+0600][66.236s][info][gc,phases   ] GC(124) Y: Concurrent Relocate 131.314ms
[2026-04-03T03:24:30.358+0600][66.236s][info][gc,alloc    ] GC(124) Y:                         Mark Start        Mark End      Relocate Start    Relocate End   
[2026-04-03T03:24:30.358+0600][66.236s][info][gc,alloc    ] GC(124) Y: Allocation Stalls:          0                0                0                0         
[2026-04-03T03:24:30.358+0600][66.236s][info][gc,load     ] GC(124) Y: Load: 4.06 (34%) / 4.57 (38%) / 5.18 (43%)
[2026-04-03T03:24:30.358+0600][66.236s][info][gc,mmu      ] GC(124) Y: MMU: 2ms/87.1%, 5ms/94.9%, 10ms/97.4%, 20ms/98.7%, 50ms/99.4%, 100ms/99.6%
[2026-04-03T03:24:30.358+0600][66.236s][info][gc,marking  ] GC(124) Y: Mark: 2 stripe(s), 10 proactive flush(es), 1 terminate flush(es), 0 completion(s), 0 continuation(s) 
[2026-04-03T03:24:30.358+0600][66.236s][info][gc,marking  ] GC(124) Y: Mark Stack Usage: 32M
[2026-04-03T03:24:30.358+0600][66.236s][info][gc,nmethod  ] GC(124) Y: NMethods: 7209 registered, 1432 unregistered
[2026-04-03T03:24:30.358+0600][66.236s][info][gc,metaspace] GC(124) Y: Metaspace: 71M used, 72M committed, 1088M reserved
[2026-04-03T03:24:30.358+0600][66.236s][info][gc,reloc    ] GC(124) Y:                        Candidates     Selected     In-Place         Size        Empty    Relocated 
[2026-04-03T03:24:30.358+0600][66.236s][info][gc,reloc    ] GC(124) Y: Small Pages:                  107           75            0         214M          10M           7M 
[2026-04-03T03:24:30.358+0600][66.236s][info][gc,reloc    ] GC(124) Y: Medium Pages:                   1            0            0          32M           0M           0M 
[2026-04-03T03:24:30.358+0600][66.236s][info][gc,reloc    ] GC(124) Y: Large Pages:                    3            0            0          46M          10M           0M 
[2026-04-03T03:24:30.358+0600][66.236s][info][gc,reloc    ] GC(124) Y: Forwarding Usage: 8M
[2026-04-03T03:24:30.358+0600][66.236s][info][gc,reloc    ] GC(124) Y: Age Table:
[2026-04-03T03:24:30.358+0600][66.236s][info][gc,reloc    ] GC(124) Y:                    Live             Garbage             Small              Medium             Large        
[2026-04-03T03:24:30.358+0600][66.236s][info][gc,reloc    ] GC(124) Y: Eden              23M (2%)          134M (11%)         70 / 62             0 / 0              1 / 0        
[2026-04-03T03:24:30.358+0600][66.236s][info][gc,reloc    ] GC(124) Y: Survivor 1        24M (2%)            9M (1%)           8 / 4              0 / 0              1 / 0        
[2026-04-03T03:24:30.358+0600][66.236s][info][gc,reloc    ] GC(124) Y: Survivor 2        28M (2%)           55M (4%)          21 / 5              1 / 0              1 / 0        
[2026-04-03T03:24:30.358+0600][66.236s][info][gc,reloc    ] GC(124) Y: Survivor 3         7M (1%)            8M (1%)           8 / 4              0 / 0              0 / 0        
[2026-04-03T03:24:30.358+0600][66.236s][info][gc,heap     ] GC(124) Y: Min Capacity: 8M(1%)
[2026-04-03T03:24:30.358+0600][66.236s][info][gc,heap     ] GC(124) Y: Max Capacity: 1250M(100%)
[2026-04-03T03:24:30.358+0600][66.236s][info][gc,heap     ] GC(124) Y: Soft Max Capacity: 1250M(100%)
[2026-04-03T03:24:30.358+0600][66.236s][info][gc,heap     ] GC(124) Y: Heap Statistics:
[2026-04-03T03:24:30.358+0600][66.236s][info][gc,heap     ] GC(124) Y:                Mark Start          Mark End        Relocate Start      Relocate End           High               Low         
[2026-04-03T03:24:30.358+0600][66.236s][info][gc,heap     ] GC(124) Y:  Capacity:     1250M (100%)       1250M (100%)       1250M (100%)       1250M (100%)       1250M (100%)       1250M (100%)   
[2026-04-03T03:24:30.358+0600][66.236s][info][gc,heap     ] GC(124) Y:      Free:      530M (42%)         386M (31%)         384M (31%)         464M (37%)         530M (42%)         368M (29%)    
[2026-04-03T03:24:30.358+0600][66.236s][info][gc,heap     ] GC(124) Y:      Used:      720M (58%)         864M (69%)         866M (69%)         786M (63%)         882M (71%)         720M (58%)    
[2026-04-03T03:24:30.358+0600][66.236s][info][gc,heap     ] GC(124) Y: Young Generation Statistics:
[2026-04-03T03:24:30.358+0600][66.236s][info][gc,heap     ] GC(124) Y:                Mark Start          Mark End        Relocate Start      Relocate End    
[2026-04-03T03:24:30.358+0600][66.236s][info][gc,heap     ] GC(124) Y:      Used:      292M (23%)         436M (35%)         344M (28%)         252M (20%)    
[2026-04-03T03:24:30.358+0600][66.236s][info][gc,heap     ] GC(124) Y:      Live:         -                84M (7%)           26M (2%)           23M (2%)     
[2026-04-03T03:24:30.358+0600][66.236s][info][gc,heap     ] GC(124) Y:   Garbage:         -               207M (17%)         151M (12%)           0M (0%)     
[2026-04-03T03:24:30.358+0600][66.236s][info][gc,heap     ] GC(124) Y: Allocated:         -               144M (12%)         166M (13%)         228M (18%)    
[2026-04-03T03:24:30.358+0600][66.236s][info][gc,heap     ] GC(124) Y: Reclaimed:         -                  -                56M (5%)          207M (17%)    
[2026-04-03T03:24:30.359+0600][66.236s][info][gc,heap     ] GC(124) Y:  Promoted:         -                  -                57M (5%)           61M (5%)     
[2026-04-03T03:24:30.359+0600][66.236s][info][gc,heap     ] GC(124) Y: Compacted:         -                  -                  -                 5M (0%)     
[2026-04-03T03:24:30.359+0600][66.236s][info][gc,phases   ] GC(124) Y: Young Generation 720M(58%)->786M(63%) 0.443s
[2026-04-03T03:24:30.359+0600][66.236s][info][gc,phases   ] GC(124) O: Old Generation
[2026-04-03T03:24:30.359+0600][66.237s][info][gc          ] GC(125) Minor Collection (Allocation Rate)
[2026-04-03T03:24:30.359+0600][66.237s][info][gc,task     ] GC(125) Using 2 Workers for Young Generation
[2026-04-03T03:24:30.359+0600][66.237s][info][gc,phases   ] GC(125) y: Young Generation
[2026-04-03T03:24:30.361+0600][66.239s][info][gc,phases   ] GC(125) y: Pause Mark Start 0.076ms
[2026-04-03T03:24:30.546+0600][66.423s][info][gc,phases   ] GC(125) y: Concurrent Mark 184.204ms
[2026-04-03T03:24:30.546+0600][66.424s][info][gc,phases   ] GC(125) y: Pause Mark End 0.037ms
[2026-04-03T03:24:30.546+0600][66.424s][info][gc,phases   ] GC(125) y: Concurrent Mark Free 0.004ms
[2026-04-03T03:24:30.546+0600][66.424s][info][gc,phases   ] GC(125) y: Concurrent Reset Relocation Set 0.073ms
[2026-04-03T03:24:30.548+0600][66.426s][info][gc,reloc    ] GC(125) y: Using tenuring threshold: 2 (Computed)
[2026-04-03T03:24:30.552+0600][66.430s][info][gc,phases   ] GC(125) y: Concurrent Select Relocation Set 5.729ms
[2026-04-03T03:24:30.553+0600][66.430s][info][gc,phases   ] GC(125) y: Pause Relocate Start 0.030ms
[2026-04-03T03:24:30.588+0600][66.466s][info][gc,phases   ] GC(125) y: Concurrent Relocate 35.130ms
[2026-04-03T03:24:30.588+0600][66.466s][info][gc,alloc    ] GC(125) y:                         Mark Start        Mark End      Relocate Start    Relocate End   
[2026-04-03T03:24:30.588+0600][66.466s][info][gc,alloc    ] GC(125) y: Allocation Stalls:          0                0                0                0         
[2026-04-03T03:24:30.588+0600][66.466s][info][gc,load     ] GC(125) y: Load: 4.29 (36%) / 4.61 (38%) / 5.19 (43%)
[2026-04-03T03:24:30.588+0600][66.466s][info][gc,mmu      ] GC(125) y: MMU: 2ms/87.1%, 5ms/94.9%, 10ms/97.4%, 20ms/98.7%, 50ms/99.4%, 100ms/99.6%
[2026-04-03T03:24:30.588+0600][66.466s][info][gc,marking  ] GC(125) y: Mark: 2 stripe(s), 2 proactive flush(es), 1 terminate flush(es), 0 completion(s), 0 continuation(s) 
[2026-04-03T03:24:30.588+0600][66.466s][info][gc,marking  ] GC(125) y: Mark Stack Usage: 32M
[2026-04-03T03:24:30.588+0600][66.466s][info][gc,nmethod  ] GC(125) y: NMethods: 7209 registered, 1432 unregistered
[2026-04-03T03:24:30.588+0600][66.466s][info][gc,metaspace] GC(125) y: Metaspace: 71M used, 72M committed, 1088M reserved
[2026-04-03T03:24:30.588+0600][66.466s][info][gc,reloc    ] GC(125) y:                        Candidates     Selected     In-Place         Size        Empty    Relocated 
[2026-04-03T03:24:30.588+0600][66.466s][info][gc,reloc    ] GC(125) y: Small Pages:                   99           90            0         198M           2M          10M 
[2026-04-03T03:24:30.588+0600][66.466s][info][gc,reloc    ] GC(125) y: Medium Pages:                   1            0            0          32M           0M           0M 
[2026-04-03T03:24:30.588+0600][66.466s][info][gc,reloc    ] GC(125) y: Large Pages:                    2            0            0          24M           0M           0M 
[2026-04-03T03:24:30.588+0600][66.466s][info][gc,reloc    ] GC(125) y: Forwarding Usage: 11M
[2026-04-03T03:24:30.588+0600][66.466s][info][gc,reloc    ] GC(125) y: Age Table:
[2026-04-03T03:24:30.588+0600][66.466s][info][gc,reloc    ] GC(125) y:                    Live             Garbage             Small              Medium             Large        
[2026-04-03T03:24:30.588+0600][66.466s][info][gc,reloc    ] GC(125) y: Eden              19M (2%)          204M (16%)         93 / 86             1 / 0              1 / 0        
[2026-04-03T03:24:30.588+0600][66.466s][info][gc,reloc    ] GC(125) y: Survivor 1        22M (2%)            7M (1%)           6 / 4              0 / 0              1 / 0        
[2026-04-03T03:24:30.588+0600][66.466s][info][gc,heap     ] GC(125) y: Min Capacity: 8M(1%)
[2026-04-03T03:24:30.588+0600][66.466s][info][gc,heap     ] GC(125) y: Max Capacity: 1250M(100%)
[2026-04-03T03:24:30.588+0600][66.466s][info][gc,heap     ] GC(125) y: Soft Max Capacity: 1250M(100%)
[2026-04-03T03:24:30.588+0600][66.466s][info][gc,heap     ] GC(125) y: Heap Statistics:
[2026-04-03T03:24:30.588+0600][66.466s][info][gc,heap     ] GC(125) y:                Mark Start          Mark End        Relocate Start      Relocate End           High               Low         
[2026-04-03T03:24:30.588+0600][66.466s][info][gc,heap     ] GC(125) y:  Capacity:     1250M (100%)       1250M (100%)       1250M (100%)       1250M (100%)       1250M (100%)       1250M (100%)   
[2026-04-03T03:24:30.588+0600][66.466s][info][gc,heap     ] GC(125) y:      Free:      462M (37%)         372M (30%)         374M (30%)         536M (43%)         536M (43%)         360M (29%)    
[2026-04-03T03:24:30.588+0600][66.466s][info][gc,heap     ] GC(125) y:      Used:      788M (63%)         878M (70%)         876M (70%)         714M (57%)         890M (71%)         714M (57%)    
[2026-04-03T03:24:30.588+0600][66.466s][info][gc,heap     ] GC(125) y: Young Generation Statistics:
[2026-04-03T03:24:30.588+0600][66.466s][info][gc,heap     ] GC(125) y:                Mark Start          Mark End        Relocate Start      Relocate End    
[2026-04-03T03:24:30.588+0600][66.466s][info][gc,heap     ] GC(125) y:      Used:      254M (20%)         344M (28%)         342M (27%)         180M (14%)    
[2026-04-03T03:24:30.589+0600][66.466s][info][gc,heap     ] GC(125) y:      Live:         -                41M (3%)           41M (3%)           41M (3%)     
[2026-04-03T03:24:30.589+0600][66.466s][info][gc,heap     ] GC(125) y:   Garbage:         -               212M (17%)         210M (17%)          28M (2%)     
[2026-04-03T03:24:30.589+0600][66.466s][info][gc,heap     ] GC(125) y: Allocated:         -                90M (7%)           90M (7%)          109M (9%)     
[2026-04-03T03:24:30.589+0600][66.466s][info][gc,heap     ] GC(125) y: Reclaimed:         -                  -                 2M (0%)          183M (15%)    
[2026-04-03T03:24:30.589+0600][66.466s][info][gc,heap     ] GC(125) y:  Promoted:         -                  -                 0M (0%)            0M (0%)     
[2026-04-03T03:24:30.589+0600][66.466s][info][gc,heap     ] GC(125) y: Compacted:         -                  -                  -                12M (1%)     
[2026-04-03T03:24:30.589+0600][66.466s][info][gc,phases   ] GC(125) y: Young Generation 788M(63%)->714M(57%) 0.229s
[2026-04-03T03:24:30.589+0600][66.466s][info][gc          ] GC(125) Minor Collection (Allocation Rate) 788M(63%)->714M(57%) 0.229s
[2026-04-03T03:24:30.589+0600][66.467s][info][gc          ] GC(126) Minor Collection (Allocation Rate)
[2026-04-03T03:24:30.589+0600][66.467s][info][gc,task     ] GC(126) Using 2 Workers for Young Generation
[2026-04-03T03:24:30.589+0600][66.467s][info][gc,phases   ] GC(126) y: Young Generation
[2026-04-03T03:24:30.589+0600][66.467s][info][gc,phases   ] GC(126) y: Pause Mark Start 0.039ms
[2026-04-03T03:24:30.815+0600][66.693s][info][gc,phases   ] GC(126) y: Concurrent Mark 226.004ms
[2026-04-03T03:24:30.816+0600][66.694s][info][gc,phases   ] GC(126) y: Pause Mark End 0.039ms
[2026-04-03T03:24:30.816+0600][66.694s][info][gc,phases   ] GC(126) y: Concurrent Mark Free 0.005ms
[2026-04-03T03:24:30.816+0600][66.694s][info][gc,phases   ] GC(126) y: Concurrent Reset Relocation Set 0.032ms
[2026-04-03T03:24:30.818+0600][66.696s][info][gc,reloc    ] GC(126) y: Using tenuring threshold: 1 (Computed)
[2026-04-03T03:24:30.862+0600][66.740s][info][gc,phases   ] GC(126) y: Concurrent Select Relocation Set 46.017ms
[2026-04-03T03:24:30.863+0600][66.741s][info][gc,phases   ] GC(126) y: Pause Relocate Start 0.036ms
[2026-04-03T03:24:30.957+0600][66.835s][info][gc,phases   ] GC(126) y: Concurrent Relocate 94.443ms
[2026-04-03T03:24:30.958+0600][66.835s][info][gc,alloc    ] GC(126) y:                         Mark Start        Mark End      Relocate Start    Relocate End   
[2026-04-03T03:24:30.958+0600][66.835s][info][gc,alloc    ] GC(126) y: Allocation Stalls:          0                0                0                0         
[2026-04-03T03:24:30.958+0600][66.835s][info][gc,load     ] GC(126) y: Load: 4.29 (36%) / 4.61 (38%) / 5.19 (43%)
[2026-04-03T03:24:30.958+0600][66.835s][info][gc,mmu      ] GC(126) y: MMU: 2ms/87.1%, 5ms/94.9%, 10ms/97.4%, 20ms/98.7%, 50ms/99.4%, 100ms/99.6%
[2026-04-03T03:24:30.958+0600][66.835s][info][gc,marking  ] GC(126) y: Mark: 2 stripe(s), 2 proactive flush(es), 1 terminate flush(es), 0 completion(s), 0 continuation(s) 
[2026-04-03T03:24:30.958+0600][66.835s][info][gc,marking  ] GC(126) y: Mark Stack Usage: 32M
[2026-04-03T03:24:30.958+0600][66.835s][info][gc,nmethod  ] GC(126) y: NMethods: 7209 registered, 1432 unregistered
[2026-04-03T03:24:30.958+0600][66.836s][info][gc,metaspace] GC(126) y: Metaspace: 71M used, 72M committed, 1088M reserved
[2026-04-03T03:24:30.958+0600][66.836s][info][gc,reloc    ] GC(126) y:                        Candidates     Selected     In-Place         Size        Empty    Relocated 
[2026-04-03T03:24:30.958+0600][66.836s][info][gc,reloc    ] GC(126) y: Small Pages:                   46           36            0          92M           0M           4M 
[2026-04-03T03:24:30.958+0600][66.836s][info][gc,reloc    ] GC(126) y: Medium Pages:                   2            1            0          64M           0M           2M 
[2026-04-03T03:24:30.958+0600][66.836s][info][gc,reloc    ] GC(126) y: Large Pages:                    2            0            0          24M           0M           0M 
[2026-04-03T03:24:30.958+0600][66.836s][info][gc,reloc    ] GC(126) y: Forwarding Usage: 4M
[2026-04-03T03:24:30.958+0600][66.836s][info][gc,reloc    ] GC(126) y: Age Table:
[2026-04-03T03:24:30.958+0600][66.836s][info][gc,reloc    ] GC(126) y:                    Live             Garbage             Small              Medium             Large        
[2026-04-03T03:24:30.958+0600][66.836s][info][gc,reloc    ] GC(126) y: Eden               5M (0%)           92M (7%)          33 / 31             1 / 0              0 / 0        
[2026-04-03T03:24:30.958+0600][66.836s][info][gc,reloc    ] GC(126) y: Survivor 1        16M (1%)           37M (3%)           8 / 4              1 / 1              1 / 0        
[2026-04-03T03:24:30.958+0600][66.836s][info][gc,reloc    ] GC(126) y: Survivor 2        22M (2%)            5M (0%)           5 / 1              0 / 0              1 / 0        
[2026-04-03T03:24:30.958+0600][66.836s][info][gc,heap     ] GC(126) y: Min Capacity: 8M(1%)
[2026-04-03T03:24:30.958+0600][66.836s][info][gc,heap     ] GC(126) y: Max Capacity: 1250M(100%)
[2026-04-03T03:24:30.958+0600][66.836s][info][gc,heap     ] GC(126) y: Soft Max Capacity: 1250M(100%)
[2026-04-03T03:24:30.958+0600][66.836s][info][gc,heap     ] GC(126) y: Heap Statistics:
[2026-04-03T03:24:30.958+0600][66.836s][info][gc,heap     ] GC(126) y:                Mark Start          Mark End        Relocate Start      Relocate End           High               Low         
[2026-04-03T03:24:30.958+0600][66.836s][info][gc,heap     ] GC(126) y:  Capacity:     1250M (100%)       1250M (100%)       1250M (100%)       1250M (100%)       1250M (100%)       1250M (100%)   
[2026-04-03T03:24:30.958+0600][66.836s][info][gc,heap     ] GC(126) y:      Free:      536M (43%)         482M (39%)         438M (35%)         496M (40%)         536M (43%)         370M (30%)    
[2026-04-03T03:24:30.958+0600][66.836s][info][gc,heap     ] GC(126) y:      Used:      714M (57%)         768M (61%)         812M (65%)         754M (60%)         880M (70%)         714M (57%)    
[2026-04-03T03:24:30.958+0600][66.836s][info][gc,heap     ] GC(126) y: Young Generation Statistics:
[2026-04-03T03:24:30.958+0600][66.836s][info][gc,heap     ] GC(126) y:                Mark Start          Mark End        Relocate Start      Relocate End    
[2026-04-03T03:24:30.958+0600][66.836s][info][gc,heap     ] GC(126) y:      Used:      180M (14%)         234M (19%)         240M (19%)         144M (12%)    
[2026-04-03T03:24:30.958+0600][66.836s][info][gc,heap     ] GC(126) y:      Live:         -                44M (4%)            8M (1%)            5M (0%)     
[2026-04-03T03:24:30.958+0600][66.836s][info][gc,heap     ] GC(126) y:   Garbage:         -               135M (11%)         133M (11%)           0M (0%)     
[2026-04-03T03:24:30.958+0600][66.836s][info][gc,heap     ] GC(126) y: Allocated:         -                54M (4%)           98M (8%)          138M (11%)    
[2026-04-03T03:24:30.958+0600][66.836s][info][gc,heap     ] GC(126) y: Reclaimed:         -                  -                 2M (0%)          135M (11%)    
[2026-04-03T03:24:30.958+0600][66.836s][info][gc,heap     ] GC(126) y:  Promoted:         -                  -                35M (3%)           39M (3%)     
[2026-04-03T03:24:30.958+0600][66.836s][info][gc,heap     ] GC(126) y: Compacted:         -                  -                  -                 5M (0%)     
[2026-04-03T03:24:30.958+0600][66.836s][info][gc,phases   ] GC(126) y: Young Generation 714M(57%)->754M(60%) 0.369s
[2026-04-03T03:24:30.958+0600][66.836s][info][gc          ] GC(126) Minor Collection (Allocation Rate) 714M(57%)->754M(60%) 0.369s
[2026-04-03T03:24:30.959+0600][66.836s][info][gc          ] GC(127) Minor Collection (Allocation Rate)
[2026-04-03T03:24:30.959+0600][66.836s][info][gc,task     ] GC(127) Using 2 Workers for Young Generation
[2026-04-03T03:24:30.959+0600][66.836s][info][gc,phases   ] GC(127) y: Young Generation
[2026-04-03T03:24:30.959+0600][66.837s][info][gc,phases   ] GC(127) y: Pause Mark Start 0.033ms
[2026-04-03T03:24:31.078+0600][66.955s][info][gc,phases   ] GC(127) y: Concurrent Mark 118.391ms
[2026-04-03T03:24:31.078+0600][66.956s][info][gc,phases   ] GC(127) y: Pause Mark End 0.033ms
[2026-04-03T03:24:31.078+0600][66.956s][info][gc,phases   ] GC(127) y: Concurrent Mark Free 0.002ms
[2026-04-03T03:24:31.078+0600][66.956s][info][gc,phases   ] GC(127) y: Concurrent Reset Relocation Set 0.038ms
[2026-04-03T03:24:31.084+0600][66.962s][info][gc,reloc    ] GC(127) y: Using tenuring threshold: 2 (Computed)
[2026-04-03T03:24:31.085+0600][66.963s][info][gc,phases   ] GC(127) y: Concurrent Select Relocation Set 6.795ms
[2026-04-03T03:24:31.085+0600][66.963s][info][gc,phases   ] GC(127) y: Pause Relocate Start 0.087ms
[2026-04-03T03:24:31.095+0600][66.973s][info][gc,phases   ] GC(127) y: Concurrent Relocate 9.749ms
[2026-04-03T03:24:31.095+0600][66.973s][info][gc,alloc    ] GC(127) y:                         Mark Start        Mark End      Relocate Start    Relocate End   
[2026-04-03T03:24:31.095+0600][66.973s][info][gc,alloc    ] GC(127) y: Allocation Stalls:          0                0                0                0         
[2026-04-03T03:24:31.095+0600][66.973s][info][gc,load     ] GC(127) y: Load: 4.29 (36%) / 4.61 (38%) / 5.19 (43%)
[2026-04-03T03:24:31.096+0600][66.973s][info][gc,mmu      ] GC(127) y: MMU: 2ms/87.1%, 5ms/94.9%, 10ms/97.4%, 20ms/98.7%, 50ms/99.4%, 100ms/99.6%
[2026-04-03T03:24:31.096+0600][66.973s][info][gc,marking  ] GC(127) y: Mark: 2 stripe(s), 2 proactive flush(es), 1 terminate flush(es), 0 completion(s), 0 continuation(s) 
[2026-04-03T03:24:31.096+0600][66.973s][info][gc,marking  ] GC(127) y: Mark Stack Usage: 32M
[2026-04-03T03:24:31.096+0600][66.973s][info][gc,nmethod  ] GC(127) y: NMethods: 7212 registered, 1432 unregistered
[2026-04-03T03:24:31.096+0600][66.973s][info][gc,metaspace] GC(127) y: Metaspace: 71M used, 72M committed, 1088M reserved
[2026-04-03T03:24:31.096+0600][66.973s][info][gc,reloc    ] GC(127) y:                        Candidates     Selected     In-Place         Size        Empty    Relocated 
[2026-04-03T03:24:31.096+0600][66.973s][info][gc,reloc    ] GC(127) y: Small Pages:                   35           31            0          70M           0M           3M 
[2026-04-03T03:24:31.096+0600][66.973s][info][gc,reloc    ] GC(127) y: Medium Pages:                   2            0            0          64M          32M           0M 
[2026-04-03T03:24:31.096+0600][66.973s][info][gc,reloc    ] GC(127) y: Large Pages:                    1            0            0          10M           0M           0M 
[2026-04-03T03:24:31.096+0600][66.973s][info][gc,reloc    ] GC(127) y: Forwarding Usage: 2M
[2026-04-03T03:24:31.096+0600][66.973s][info][gc,reloc    ] GC(127) y: Age Table:
[2026-04-03T03:24:31.096+0600][66.973s][info][gc,reloc    ] GC(127) y:                    Live             Garbage             Small              Medium             Large        
[2026-04-03T03:24:31.096+0600][66.973s][info][gc,reloc    ] GC(127) y: Eden              18M (1%)           85M (7%)          31 / 29             1 / 0              1 / 0        
[2026-04-03T03:24:31.096+0600][66.973s][info][gc,reloc    ] GC(127) y: Survivor 1         2M (0%)           37M (3%)           4 / 2              1 / 0              0 / 0        
[2026-04-03T03:24:31.096+0600][66.973s][info][gc,heap     ] GC(127) y: Min Capacity: 8M(1%)
[2026-04-03T03:24:31.096+0600][66.974s][info][gc,heap     ] GC(127) y: Max Capacity: 1250M(100%)
[2026-04-03T03:24:31.096+0600][66.974s][info][gc,heap     ] GC(127) y: Soft Max Capacity: 1250M(100%)
[2026-04-03T03:24:31.096+0600][66.974s][info][gc,heap     ] GC(127) y: Heap Statistics:
[2026-04-03T03:24:31.096+0600][66.974s][info][gc,heap     ] GC(127) y:                Mark Start          Mark End        Relocate Start      Relocate End           High               Low         
[2026-04-03T03:24:31.096+0600][66.974s][info][gc,heap     ] GC(127) y:  Capacity:     1250M (100%)       1250M (100%)       1250M (100%)       1250M (100%)       1250M (100%)       1250M (100%)   
[2026-04-03T03:24:31.096+0600][66.974s][info][gc,heap     ] GC(127) y:      Free:      496M (40%)         450M (36%)         474M (38%)         526M (42%)         526M (42%)         444M (36%)    
[2026-04-03T03:24:31.096+0600][66.974s][info][gc,heap     ] GC(127) y:      Used:      754M (60%)         800M (64%)         776M (62%)         724M (58%)         806M (64%)         724M (58%)    
[2026-04-03T03:24:31.096+0600][66.974s][info][gc,heap     ] GC(127) y: Young Generation Statistics:
[2026-04-03T03:24:31.096+0600][66.974s][info][gc,heap     ] GC(127) y:                Mark Start          Mark End        Relocate Start      Relocate End    
[2026-04-03T03:24:31.096+0600][66.974s][info][gc,heap     ] GC(127) y:      Used:      144M (12%)         190M (15%)         166M (13%)         114M (9%)     
[2026-04-03T03:24:31.096+0600][66.974s][info][gc,heap     ] GC(127) y:      Live:         -                21M (2%)           21M (2%)           21M (2%)     
[2026-04-03T03:24:31.096+0600][66.974s][info][gc,heap     ] GC(127) y:   Garbage:         -               122M (10%)          90M (7%)           27M (2%)     
[2026-04-03T03:24:31.096+0600][66.974s][info][gc,heap     ] GC(127) y: Allocated:         -                46M (4%)           54M (4%)           64M (5%)     
[2026-04-03T03:24:31.096+0600][66.974s][info][gc,heap     ] GC(127) y: Reclaimed:         -                  -                32M (3%)           94M (8%)     
[2026-04-03T03:24:31.096+0600][66.974s][info][gc,heap     ] GC(127) y:  Promoted:         -                  -                 0M (0%)            0M (0%)     
[2026-04-03T03:24:31.096+0600][66.974s][info][gc,heap     ] GC(127) y: Compacted:         -                  -                  -                 3M (0%)     
[2026-04-03T03:24:31.096+0600][66.974s][info][gc,phases   ] GC(127) y: Young Generation 754M(60%)->724M(58%) 0.137s
[2026-04-03T03:24:31.096+0600][66.974s][info][gc          ] GC(127) Minor Collection (Allocation Rate) 754M(60%)->726M(58%) 0.137s
[2026-04-03T03:24:31.096+0600][66.974s][info][gc,task     ] Adjusting Workers for Old Generation: 1 -> 2
[2026-04-03T03:24:31.096+0600][66.974s][info][gc          ] GC(128) Minor Collection (Allocation Rate)
[2026-04-03T03:24:31.097+0600][66.974s][info][gc,task     ] GC(128) Using 1 Workers for Young Generation
[2026-04-03T03:24:31.097+0600][66.974s][info][gc,phases   ] GC(128) y: Young Generation
[2026-04-03T03:24:31.097+0600][66.975s][info][gc,phases   ] GC(128) y: Pause Mark Start 0.036ms
[2026-04-03T03:24:31.282+0600][67.160s][info][gc,phases   ] GC(128) y: Concurrent Mark 184.765ms
[2026-04-03T03:24:31.283+0600][67.160s][info][gc,phases   ] GC(128) y: Pause Mark End 0.036ms
[2026-04-03T03:24:31.283+0600][67.160s][info][gc,phases   ] GC(128) y: Concurrent Mark Free 0.001ms
[2026-04-03T03:24:31.283+0600][67.160s][info][gc,phases   ] GC(128) y: Concurrent Reset Relocation Set 0.008ms
[2026-04-03T03:24:31.288+0600][67.166s][info][gc,reloc    ] GC(128) y: Using tenuring threshold: 1 (Computed)
[2026-04-03T03:24:31.304+0600][67.182s][info][gc,phases   ] GC(128) y: Concurrent Select Relocation Set 21.198ms
[2026-04-03T03:24:31.304+0600][67.182s][info][gc,phases   ] GC(128) y: Pause Relocate Start 0.024ms
[2026-04-03T03:24:31.372+0600][67.250s][info][gc,phases   ] GC(128) y: Concurrent Relocate 67.258ms
[2026-04-03T03:24:31.372+0600][67.250s][info][gc,alloc    ] GC(128) y:                         Mark Start        Mark End      Relocate Start    Relocate End   
[2026-04-03T03:24:31.372+0600][67.250s][info][gc,alloc    ] GC(128) y: Allocation Stalls:          0                0                0                0         
[2026-04-03T03:24:31.372+0600][67.250s][info][gc,load     ] GC(128) y: Load: 4.29 (36%) / 4.61 (38%) / 5.19 (43%)
[2026-04-03T03:24:31.372+0600][67.250s][info][gc,mmu      ] GC(128) y: MMU: 2ms/87.1%, 5ms/94.9%, 10ms/97.4%, 20ms/98.7%, 50ms/99.4%, 100ms/99.6%
[2026-04-03T03:24:31.372+0600][67.250s][info][gc,marking  ] GC(128) y: Mark: 1 stripe(s), 2 proactive flush(es), 1 terminate flush(es), 0 completion(s), 0 continuation(s) 
[2026-04-03T03:24:31.372+0600][67.250s][info][gc,marking  ] GC(128) y: Mark Stack Usage: 32M
[2026-04-03T03:24:31.372+0600][67.250s][info][gc,nmethod  ] GC(128) y: NMethods: 7224 registered, 1432 unregistered
[2026-04-03T03:24:31.372+0600][67.250s][info][gc,metaspace] GC(128) y: Metaspace: 71M used, 72M committed, 1088M reserved
[2026-04-03T03:24:31.372+0600][67.250s][info][gc,reloc    ] GC(128) y:                        Candidates     Selected     In-Place         Size        Empty    Relocated 
[2026-04-03T03:24:31.372+0600][67.250s][info][gc,reloc    ] GC(128) y: Small Pages:                   37           30            0          74M           4M           2M 
[2026-04-03T03:24:31.372+0600][67.250s][info][gc,reloc    ] GC(128) y: Medium Pages:                   1            0            0          32M           0M           0M 
[2026-04-03T03:24:31.372+0600][67.250s][info][gc,reloc    ] GC(128) y: Large Pages:                    1            0            0          10M           0M           0M 
[2026-04-03T03:24:31.372+0600][67.250s][info][gc,reloc    ] GC(128) y: Forwarding Usage: 2M
[2026-04-03T03:24:31.372+0600][67.250s][info][gc,reloc    ] GC(128) y: Age Table:
[2026-04-03T03:24:31.372+0600][67.250s][info][gc,reloc    ] GC(128) y:                    Live             Garbage             Small              Medium             Large        
[2026-04-03T03:24:31.372+0600][67.250s][info][gc,reloc    ] GC(128) y: Eden               1M (0%)           56M (4%)          29 / 25             0 / 0              0 / 0        
[2026-04-03T03:24:31.372+0600][67.250s][info][gc,reloc    ] GC(128) y: Survivor 1        18M (1%)           29M (2%)           3 / 1              1 / 0              1 / 0        
[2026-04-03T03:24:31.372+0600][67.250s][info][gc,reloc    ] GC(128) y: Survivor 2         2M (0%)            7M (1%)           5 / 4              0 / 0              0 / 0        
[2026-04-03T03:24:31.372+0600][67.250s][info][gc,heap     ] GC(128) y: Min Capacity: 8M(1%)
[2026-04-03T03:24:31.372+0600][67.250s][info][gc,heap     ] GC(128) y: Max Capacity: 1250M(100%)
[2026-04-03T03:24:31.372+0600][67.250s][info][gc,heap     ] GC(128) y: Soft Max Capacity: 1250M(100%)
[2026-04-03T03:24:31.372+0600][67.250s][info][gc,heap     ] GC(128) y: Heap Statistics:
[2026-04-03T03:24:31.372+0600][67.250s][info][gc,heap     ] GC(128) y:                Mark Start          Mark End        Relocate Start      Relocate End           High               Low         
[2026-04-03T03:24:31.372+0600][67.250s][info][gc,heap     ] GC(128) y:  Capacity:     1250M (100%)       1250M (100%)       1250M (100%)       1250M (100%)       1250M (100%)       1250M (100%)   
[2026-04-03T03:24:31.372+0600][67.250s][info][gc,heap     ] GC(128) y:      Free:      524M (42%)         402M (32%)         398M (32%)         428M (34%)         524M (42%)         396M (32%)    
[2026-04-03T03:24:31.372+0600][67.250s][info][gc,heap     ] GC(128) y:      Used:      726M (58%)         848M (68%)         852M (68%)         822M (66%)         854M (68%)         726M (58%)    
[2026-04-03T03:24:31.372+0600][67.250s][info][gc,heap     ] GC(128) y: Young Generation Statistics:
[2026-04-03T03:24:31.372+0600][67.250s][info][gc,heap     ] GC(128) y:                Mark Start          Mark End        Relocate Start      Relocate End    
[2026-04-03T03:24:31.372+0600][67.250s][info][gc,heap     ] GC(128) y:      Used:      116M (9%)          238M (19%)         194M (16%)         162M (13%)    
[2026-04-03T03:24:31.372+0600][67.250s][info][gc,heap     ] GC(128) y:      Live:         -                23M (2%)            2M (0%)            1M (0%)     
[2026-04-03T03:24:31.372+0600][67.250s][info][gc,heap     ] GC(128) y:   Garbage:         -                92M (7%)           61M (5%)            0M (0%)     
[2026-04-03T03:24:31.372+0600][67.250s][info][gc,heap     ] GC(128) y: Allocated:         -               122M (10%)         130M (10%)         160M (13%)    
[2026-04-03T03:24:31.372+0600][67.250s][info][gc,heap     ] GC(128) y: Reclaimed:         -                  -                31M (3%)           92M (7%)     
[2026-04-03T03:24:31.372+0600][67.250s][info][gc,heap     ] GC(128) y:  Promoted:         -                  -                20M (2%)           21M (2%)     
[2026-04-03T03:24:31.372+0600][67.250s][info][gc,heap     ] GC(128) y: Compacted:         -                  -                  -                 1M (0%)     
[2026-04-03T03:24:31.372+0600][67.250s][info][gc,phases   ] GC(128) y: Young Generation 726M(58%)->822M(66%) 0.275s
[2026-04-03T03:24:31.372+0600][67.250s][info][gc          ] GC(128) Minor Collection (Allocation Rate) 726M(58%)->822M(66%) 0.276s
[2026-04-03T03:24:31.372+0600][67.250s][info][gc,task     ] Adjusting Workers for Old Generation: 2 -> 1
[2026-04-03T03:24:31.372+0600][67.250s][info][gc          ] GC(129) Minor Collection (Allocation Rate)
[2026-04-03T03:24:31.372+0600][67.250s][info][gc,task     ] GC(129) Using 2 Workers for Young Generation
[2026-04-03T03:24:31.372+0600][67.250s][info][gc,phases   ] GC(129) y: Young Generation
[2026-04-03T03:24:31.373+0600][67.250s][info][gc,phases   ] GC(129) y: Pause Mark Start 0.017ms
[2026-04-03T03:24:31.415+0600][67.293s][info][gc,phases   ] GC(129) y: Concurrent Mark 42.664ms
[2026-04-03T03:24:31.416+0600][67.293s][info][gc,phases   ] GC(129) y: Pause Mark End 0.036ms
[2026-04-03T03:24:31.416+0600][67.294s][info][gc,phases   ] GC(129) y: Concurrent Mark Free 0.003ms
[2026-04-03T03:24:31.416+0600][67.294s][info][gc,phases   ] GC(129) y: Concurrent Reset Relocation Set 0.020ms
[2026-04-03T03:24:31.418+0600][67.295s][info][gc,reloc    ] GC(129) y: Using tenuring threshold: 2 (Computed)
[2026-04-03T03:24:31.420+0600][67.297s][info][gc,phases   ] GC(129) y: Concurrent Select Relocation Set 3.566ms
[2026-04-03T03:24:31.420+0600][67.298s][info][gc,phases   ] GC(129) y: Pause Relocate Start 0.025ms
[2026-04-03T03:24:31.433+0600][67.311s][info][gc,phases   ] GC(129) y: Concurrent Relocate 13.050ms
[2026-04-03T03:24:31.433+0600][67.311s][info][gc,alloc    ] GC(129) y:                         Mark Start        Mark End      Relocate Start    Relocate End   
[2026-04-03T03:24:31.433+0600][67.311s][info][gc,alloc    ] GC(129) y: Allocation Stalls:          0                0                0                0         
[2026-04-03T03:24:31.433+0600][67.311s][info][gc,load     ] GC(129) y: Load: 4.29 (36%) / 4.61 (38%) / 5.19 (43%)
[2026-04-03T03:24:31.433+0600][67.311s][info][gc,mmu      ] GC(129) y: MMU: 2ms/87.1%, 5ms/94.9%, 10ms/97.4%, 20ms/98.7%, 50ms/99.4%, 100ms/99.6%
[2026-04-03T03:24:31.433+0600][67.311s][info][gc,marking  ] GC(129) y: Mark: 2 stripe(s), 2 proactive flush(es), 1 terminate flush(es), 0 completion(s), 0 continuation(s) 
[2026-04-03T03:24:31.433+0600][67.311s][info][gc,marking  ] GC(129) y: Mark Stack Usage: 32M
[2026-04-03T03:24:31.433+0600][67.311s][info][gc,nmethod  ] GC(129) y: NMethods: 7224 registered, 1432 unregistered
[2026-04-03T03:24:31.433+0600][67.311s][info][gc,metaspace] GC(129) y: Metaspace: 71M used, 72M committed, 1088M reserved
[2026-04-03T03:24:31.433+0600][67.311s][info][gc,reloc    ] GC(129) y:                        Candidates     Selected     In-Place         Size        Empty    Relocated 
[2026-04-03T03:24:31.433+0600][67.311s][info][gc,reloc    ] GC(129) y: Small Pages:                   66           57            0         132M          12M           4M 
[2026-04-03T03:24:31.433+0600][67.311s][info][gc,reloc    ] GC(129) y: Medium Pages:                   1            0            0          32M          32M           0M 
[2026-04-03T03:24:31.433+0600][67.311s][info][gc,reloc    ] GC(129) y: Large Pages:                    0            0            0           0M           0M           0M 
[2026-04-03T03:24:31.433+0600][67.311s][info][gc,reloc    ] GC(129) y: Forwarding Usage: 4M
[2026-04-03T03:24:31.433+0600][67.311s][info][gc,reloc    ] GC(129) y: Age Table:
[2026-04-03T03:24:31.433+0600][67.311s][info][gc,reloc    ] GC(129) y:                    Live             Garbage             Small              Medium             Large        
[2026-04-03T03:24:31.433+0600][67.311s][info][gc,reloc    ] GC(129) y: Eden               3M (0%)          156M (12%)         64 / 55             1 / 0              0 / 0        
[2026-04-03T03:24:31.433+0600][67.311s][info][gc,reloc    ] GC(129) y: Survivor 1         1M (0%)            2M (0%)           2 / 2              0 / 0              0 / 0        
[2026-04-03T03:24:31.433+0600][67.311s][info][gc,heap     ] GC(129) y: Min Capacity: 8M(1%)
[2026-04-03T03:24:31.433+0600][67.311s][info][gc,heap     ] GC(129) y: Max Capacity: 1250M(100%)
[2026-04-03T03:24:31.433+0600][67.311s][info][gc,heap     ] GC(129) y: Soft Max Capacity: 1250M(100%)
[2026-04-03T03:24:31.433+0600][67.311s][info][gc,heap     ] GC(129) y: Heap Statistics:
[2026-04-03T03:24:31.433+0600][67.311s][info][gc,heap     ] GC(129) y:                Mark Start          Mark End        Relocate Start      Relocate End           High               Low         
[2026-04-03T03:24:31.433+0600][67.311s][info][gc,heap     ] GC(129) y:  Capacity:     1250M (100%)       1250M (100%)       1250M (100%)       1250M (100%)       1250M (100%)       1250M (100%)   
[2026-04-03T03:24:31.433+0600][67.311s][info][gc,heap     ] GC(129) y:      Free:      426M (34%)         406M (32%)         448M (36%)         550M (44%)         550M (44%)         404M (32%)    
[2026-04-03T03:24:31.433+0600][67.311s][info][gc,heap     ] GC(129) y:      Used:      824M (66%)         844M (68%)         802M (64%)         700M (56%)         846M (68%)         700M (56%)    
[2026-04-03T03:24:31.433+0600][67.311s][info][gc,heap     ] GC(129) y: Young Generation Statistics:
[2026-04-03T03:24:31.433+0600][67.311s][info][gc,heap     ] GC(129) y:                Mark Start          Mark End        Relocate Start      Relocate End    
[2026-04-03T03:24:31.433+0600][67.311s][info][gc,heap     ] GC(129) y:      Used:      164M (13%)         184M (15%)         142M (11%)          40M (3%)     
[2026-04-03T03:24:31.434+0600][67.311s][info][gc,heap     ] GC(129) y:      Live:         -                 5M (0%)            5M (0%)            5M (0%)     
[2026-04-03T03:24:31.434+0600][67.311s][info][gc,heap     ] GC(129) y:   Garbage:         -               158M (13%)         114M (9%)            0M (0%)     
[2026-04-03T03:24:31.434+0600][67.311s][info][gc,heap     ] GC(129) y: Allocated:         -                20M (2%)           22M (2%)           34M (3%)     
[2026-04-03T03:24:31.434+0600][67.311s][info][gc,heap     ] GC(129) y: Reclaimed:         -                  -                44M (4%)          158M (13%)    
[2026-04-03T03:24:31.434+0600][67.311s][info][gc,heap     ] GC(129) y:  Promoted:         -                  -                 0M (0%)            0M (0%)     
[2026-04-03T03:24:31.434+0600][67.311s][info][gc,heap     ] GC(129) y: Compacted:         -                  -                  -                 5M (0%)     
[2026-04-03T03:24:31.434+0600][67.311s][info][gc,phases   ] GC(129) y: Young Generation 824M(66%)->700M(56%) 0.061s
[2026-04-03T03:24:31.434+0600][67.311s][info][gc          ] GC(129) Minor Collection (Allocation Rate) 824M(66%)->700M(56%) 0.061s
[2026-04-03T03:24:31.487+0600][67.365s][info][gc          ] GC(130) Minor Collection (Allocation Rate)
[2026-04-03T03:24:31.487+0600][67.365s][info][gc,task     ] GC(130) Using 2 Workers for Young Generation
[2026-04-03T03:24:31.487+0600][67.365s][info][gc,phases   ] GC(130) y: Young Generation
[2026-04-03T03:24:31.488+0600][67.365s][info][gc,phases   ] GC(130) y: Pause Mark Start 0.037ms
[2026-04-03T03:24:31.506+0600][67.384s][info][gc,phases   ] GC(124) O: Concurrent Mark 1147.373ms
[2026-04-03T03:24:31.528+0600][67.406s][info][gc,phases   ] GC(124) O: Pause Mark End 0.030ms
[2026-04-03T03:24:31.528+0600][67.406s][info][gc,phases   ] GC(124) O: Concurrent Mark Free 0.003ms
[2026-04-03T03:24:31.545+0600][67.423s][info][gc,phases   ] GC(130) y: Concurrent Mark 57.399ms
[2026-04-03T03:24:31.549+0600][67.427s][info][gc,phases   ] GC(130) y: Pause Mark End 0.031ms
[2026-04-03T03:24:31.549+0600][67.427s][info][gc,phases   ] GC(130) y: Concurrent Mark Free 0.003ms
[2026-04-03T03:24:31.549+0600][67.427s][info][gc,phases   ] GC(130) y: Concurrent Reset Relocation Set 0.012ms
[2026-04-03T03:24:31.549+0600][67.427s][info][gc,phases   ] GC(124) O: Concurrent Process Non-Strong 21.119ms
[2026-04-03T03:24:31.550+0600][67.427s][info][gc,phases   ] GC(124) O: Concurrent Reset Relocation Set 0.006ms
[2026-04-03T03:24:31.551+0600][67.429s][info][gc,reloc    ] GC(130) y: Using tenuring threshold: 3 (Computed)
[2026-04-03T03:24:31.552+0600][67.429s][info][gc,phases   ] GC(130) y: Concurrent Select Relocation Set 2.546ms
[2026-04-03T03:24:31.552+0600][67.430s][info][gc,phases   ] GC(130) y: Pause Relocate Start 0.019ms
[2026-04-03T03:24:31.562+0600][67.440s][info][gc,phases   ] GC(130) y: Concurrent Relocate 9.939ms
[2026-04-03T03:24:31.562+0600][67.440s][info][gc,alloc    ] GC(130) y:                         Mark Start        Mark End      Relocate Start    Relocate End   
[2026-04-03T03:24:31.562+0600][67.440s][info][gc,alloc    ] GC(130) y: Allocation Stalls:          0                0                0                0         
[2026-04-03T03:24:31.562+0600][67.440s][info][gc,load     ] GC(130) y: Load: 4.29 (36%) / 4.61 (38%) / 5.19 (43%)
[2026-04-03T03:24:31.562+0600][67.440s][info][gc,mmu      ] GC(130) y: MMU: 2ms/87.1%, 5ms/94.9%, 10ms/97.4%, 20ms/98.7%, 50ms/99.4%, 100ms/99.6%
[2026-04-03T03:24:31.562+0600][67.440s][info][gc,marking  ] GC(130) y: Mark: 2 stripe(s), 2 proactive flush(es), 1 terminate flush(es), 0 completion(s), 0 continuation(s) 
[2026-04-03T03:24:31.562+0600][67.440s][info][gc,marking  ] GC(130) y: Mark Stack Usage: 32M
[2026-04-03T03:24:31.562+0600][67.440s][info][gc,nmethod  ] GC(130) y: NMethods: 7222 registered, 1434 unregistered
[2026-04-03T03:24:31.562+0600][67.440s][info][gc,metaspace] GC(130) y: Metaspace: 71M used, 72M committed, 1088M reserved
[2026-04-03T03:24:31.562+0600][67.440s][info][gc,reloc    ] GC(130) y:                        Candidates     Selected     In-Place         Size        Empty    Relocated 
[2026-04-03T03:24:31.562+0600][67.440s][info][gc,reloc    ] GC(130) y: Small Pages:                   33           29            0          66M           0M           3M 
[2026-04-03T03:24:31.562+0600][67.440s][info][gc,reloc    ] GC(130) y: Medium Pages:                   0            0            0           0M           0M           0M 
[2026-04-03T03:24:31.562+0600][67.440s][info][gc,reloc    ] GC(130) y: Large Pages:                    0            0            0           0M           0M           0M 
[2026-04-03T03:24:31.562+0600][67.440s][info][gc,reloc    ] GC(130) y: Forwarding Usage: 2M
[2026-04-03T03:24:31.562+0600][67.440s][info][gc,reloc    ] GC(130) y: Age Table:
[2026-04-03T03:24:31.562+0600][67.440s][info][gc,reloc    ] GC(130) y:                    Live             Garbage             Small              Medium             Large        
[2026-04-03T03:24:31.562+0600][67.440s][info][gc,reloc    ] GC(130) y: Eden               2M (0%)           51M (4%)          27 / 25             0 / 0              0 / 0        
[2026-04-03T03:24:31.562+0600][67.440s][info][gc,reloc    ] GC(130) y: Survivor 1         3M (0%)            4M (0%)           4 / 2              0 / 0              0 / 0        
[2026-04-03T03:24:31.562+0600][67.440s][info][gc,reloc    ] GC(130) y: Survivor 2         1M (0%)            2M (0%)           2 / 2              0 / 0              0 / 0        
[2026-04-03T03:24:31.562+0600][67.440s][info][gc,heap     ] GC(130) y: Min Capacity: 8M(1%)
[2026-04-03T03:24:31.562+0600][67.440s][info][gc,heap     ] GC(130) y: Max Capacity: 1250M(100%)
[2026-04-03T03:24:31.562+0600][67.440s][info][gc,heap     ] GC(130) y: Soft Max Capacity: 1250M(100%)
[2026-04-03T03:24:31.562+0600][67.440s][info][gc,heap     ] GC(130) y: Heap Statistics:
[2026-04-03T03:24:31.562+0600][67.440s][info][gc,heap     ] GC(130) y:                Mark Start          Mark End        Relocate Start      Relocate End           High               Low         
[2026-04-03T03:24:31.562+0600][67.440s][info][gc,heap     ] GC(130) y:  Capacity:     1250M (100%)       1250M (100%)       1250M (100%)       1250M (100%)       1250M (100%)       1250M (100%)   
[2026-04-03T03:24:31.562+0600][67.440s][info][gc,heap     ] GC(130) y:      Free:      524M (42%)         496M (40%)         494M (40%)         588M (47%)         588M (47%)         494M (40%)    
[2026-04-03T03:24:31.562+0600][67.440s][info][gc,heap     ] GC(130) y:      Used:      726M (58%)         754M (60%)         756M (60%)         662M (53%)         756M (60%)         662M (53%)    
[2026-04-03T03:24:31.562+0600][67.440s][info][gc,heap     ] GC(130) y: Young Generation Statistics:
[2026-04-03T03:24:31.562+0600][67.440s][info][gc,heap     ] GC(130) y:                Mark Start          Mark End        Relocate Start      Relocate End    
[2026-04-03T03:24:31.562+0600][67.440s][info][gc,heap     ] GC(130) y:      Used:       66M (5%)           94M (8%)           96M (8%)           56M (4%)     
[2026-04-03T03:24:31.562+0600][67.440s][info][gc,heap     ] GC(130) y:      Live:         -                 6M (1%)            6M (1%)            6M (1%)     
[2026-04-03T03:24:31.562+0600][67.440s][info][gc,heap     ] GC(130) y:   Garbage:         -                59M (5%)           59M (5%)            0M (0%)     
[2026-04-03T03:24:31.562+0600][67.440s][info][gc,heap     ] GC(130) y: Allocated:         -                28M (2%)           30M (2%)           48M (4%)     
[2026-04-03T03:24:31.562+0600][67.440s][info][gc,heap     ] GC(130) y: Reclaimed:         -                  -                 0M (0%)           58M (5%)     
[2026-04-03T03:24:31.562+0600][67.440s][info][gc,heap     ] GC(130) y:  Promoted:         -                  -                 0M (0%)            0M (0%)     
[2026-04-03T03:24:31.562+0600][67.440s][info][gc,heap     ] GC(130) y: Compacted:         -                  -                  -                 3M (0%)     
[2026-04-03T03:24:31.562+0600][67.440s][info][gc,phases   ] GC(130) y: Young Generation 726M(58%)->662M(53%) 0.075s
[2026-04-03T03:24:31.562+0600][67.440s][info][gc          ] GC(130) Minor Collection (Allocation Rate) 726M(58%)->662M(53%) 0.075s
[2026-04-03T03:24:31.570+0600][67.448s][info][gc,phases   ] GC(124) O: Concurrent Select Relocation Set 20.471ms
[2026-04-03T03:24:31.570+0600][67.448s][info][gc,task     ] GC(124) O: Using 3 Workers for Old Generation
[2026-04-03T03:24:31.595+0600][67.473s][info][gc,task     ] GC(124) O: Using 1 Workers for Old Generation
[2026-04-03T03:24:31.595+0600][67.473s][info][gc,phases   ] GC(124) O: Concurrent Remap Roots 25.348ms
[2026-04-03T03:24:31.596+0600][67.473s][info][gc,phases   ] GC(124) O: Pause Relocate Start 0.021ms
[2026-04-03T03:24:31.751+0600][67.628s][info][gc,phases   ] GC(124) O: Concurrent Relocate 154.955ms
[2026-04-03T03:24:31.751+0600][67.629s][info][gc,alloc    ] GC(124) O:                         Mark Start        Mark End      Relocate Start    Relocate End   
[2026-04-03T03:24:31.751+0600][67.629s][info][gc,alloc    ] GC(124) O: Allocation Stalls:          0                0                0                0         
[2026-04-03T03:24:31.751+0600][67.629s][info][gc,load     ] GC(124) O: Load: 4.29 (36%) / 4.61 (38%) / 5.19 (43%)
[2026-04-03T03:24:31.751+0600][67.629s][info][gc,mmu      ] GC(124) O: MMU: 2ms/87.1%, 5ms/94.9%, 10ms/97.4%, 20ms/98.7%, 50ms/99.4%, 100ms/99.6%
[2026-04-03T03:24:31.751+0600][67.629s][info][gc,marking  ] GC(124) O: Mark: 1 stripe(s), 2 proactive flush(es), 1 terminate flush(es), 0 completion(s), 0 continuation(s) 
[2026-04-03T03:24:31.751+0600][67.629s][info][gc,marking  ] GC(124) O: Mark Stack Usage: 32M
[2026-04-03T03:24:31.751+0600][67.629s][info][gc,nmethod  ] GC(124) O: NMethods: 7222 registered, 1434 unregistered
[2026-04-03T03:24:31.751+0600][67.629s][info][gc,metaspace] GC(124) O: Metaspace: 71M used, 72M committed, 1088M reserved
[2026-04-03T03:24:31.751+0600][67.629s][info][gc,ref      ] GC(124) O:                       Encountered   Discovered     Enqueued 
[2026-04-03T03:24:31.751+0600][67.629s][info][gc,ref      ] GC(124) O: Soft References:             5102            0            0 
[2026-04-03T03:24:31.751+0600][67.629s][info][gc,ref      ] GC(124) O: Weak References:             6809         5509            5 
[2026-04-03T03:24:31.751+0600][67.629s][info][gc,ref      ] GC(124) O: Final References:              84            1            0 
[2026-04-03T03:24:31.751+0600][67.629s][info][gc,ref      ] GC(124) O: Phantom References:           609          212            0 
[2026-04-03T03:24:31.751+0600][67.629s][info][gc,reloc    ] GC(124) O:                        Candidates     Selected     In-Place         Size        Empty    Relocated 
[2026-04-03T03:24:31.751+0600][67.629s][info][gc,reloc    ] GC(124) O: Small Pages:                  168           36            0         336M          14M          15M 
[2026-04-03T03:24:31.751+0600][67.629s][info][gc,reloc    ] GC(124) O: Medium Pages:                   1            0            0          32M           0M           0M 
[2026-04-03T03:24:31.751+0600][67.629s][info][gc,reloc    ] GC(124) O: Large Pages:                    6            0            0          60M          40M           0M 
[2026-04-03T03:24:31.751+0600][67.629s][info][gc,reloc    ] GC(124) O: Forwarding Usage: 38M
[2026-04-03T03:24:31.751+0600][67.629s][info][gc,heap     ] GC(124) O: Min Capacity: 8M(1%)
[2026-04-03T03:24:31.751+0600][67.629s][info][gc,heap     ] GC(124) O: Max Capacity: 1250M(100%)
[2026-04-03T03:24:31.751+0600][67.629s][info][gc,heap     ] GC(124) O: Soft Max Capacity: 1250M(100%)
[2026-04-03T03:24:31.751+0600][67.629s][info][gc,heap     ] GC(124) O: Heap Statistics:
[2026-04-03T03:24:31.751+0600][67.629s][info][gc,heap     ] GC(124) O:                Mark Start          Mark End        Relocate Start      Relocate End           High               Low         
[2026-04-03T03:24:31.751+0600][67.629s][info][gc,heap     ] GC(124) O:  Capacity:     1250M (100%)       1250M (100%)       1250M (100%)       1250M (100%)       1250M (100%)       1250M (100%)   
[2026-04-03T03:24:31.751+0600][67.629s][info][gc,heap     ] GC(124) O:      Free:      530M (42%)         504M (40%)         572M (46%)         570M (46%)         620M (50%)         360M (29%)    
[2026-04-03T03:24:31.751+0600][67.629s][info][gc,heap     ] GC(124) O:      Used:      720M (58%)         746M (60%)         678M (54%)         680M (54%)         890M (71%)         630M (50%)    
[2026-04-03T03:24:31.751+0600][67.629s][info][gc,heap     ] GC(124) O: Old Generation Statistics:
[2026-04-03T03:24:31.751+0600][67.629s][info][gc,heap     ] GC(124) O:                Mark Start          Mark End        Relocate Start      Relocate End    
[2026-04-03T03:24:31.751+0600][67.629s][info][gc,heap     ] GC(124) O:      Used:      428M (34%)         660M (53%)         606M (48%)         526M (42%)    
[2026-04-03T03:24:31.751+0600][67.629s][info][gc,heap     ] GC(124) O:      Live:         -               269M (22%)         269M (22%)         269M (22%)    
[2026-04-03T03:24:31.751+0600][67.629s][info][gc,heap     ] GC(124) O:   Garbage:         -               158M (13%)         104M (8%)           24M (2%)     
[2026-04-03T03:24:31.751+0600][67.629s][info][gc,heap     ] GC(124) O: Allocated:         -               232M (19%)         232M (19%)         232M (19%)    
[2026-04-03T03:24:31.751+0600][67.629s][info][gc,heap     ] GC(124) O: Reclaimed:         -                  -                54M (4%)          134M (11%)    
[2026-04-03T03:24:31.751+0600][67.629s][info][gc,heap     ] GC(124) O: Compacted:         -                  -                  -                55M (4%)     
[2026-04-03T03:24:31.751+0600][67.629s][info][gc,phases   ] GC(124) O: Old Generation 786M(63%)->680M(54%) 1.392s
[2026-04-03T03:24:31.751+0600][67.629s][info][gc          ] GC(124) Major Collection (Allocation Rate) 720M(58%)->680M(54%) 1.836s
[2026-04-03T03:24:32.119+0600][67.997s][info][gc          ] GC(131) Major Collection (Allocation Rate)
[2026-04-03T03:24:32.119+0600][67.997s][info][gc,task     ] GC(131) Using 2 Workers for Young Generation
[2026-04-03T03:24:32.119+0600][67.997s][info][gc,task     ] GC(131) Using 1 Workers for Old Generation
[2026-04-03T03:24:32.119+0600][67.997s][info][gc,phases   ] GC(131) Y: Young Generation
[2026-04-03T03:24:32.120+0600][67.997s][info][gc,phases   ] GC(131) Y: Pause Mark Start (Major) 0.024ms
[2026-04-03T03:24:32.234+0600][68.112s][info][gc,phases   ] GC(131) Y: Concurrent Mark 114.198ms
[2026-04-03T03:24:32.234+0600][68.112s][info][gc,phases   ] GC(131) Y: Pause Mark End 0.025ms
[2026-04-03T03:24:32.234+0600][68.112s][info][gc,phases   ] GC(131) Y: Concurrent Mark Free 0.003ms
[2026-04-03T03:24:32.234+0600][68.112s][info][gc,phases   ] GC(131) Y: Concurrent Reset Relocation Set 0.009ms
[2026-04-03T03:24:32.236+0600][68.114s][info][gc,reloc    ] GC(131) Y: Using tenuring threshold: 2 (Computed)
[2026-04-03T03:24:32.244+0600][68.122s][info][gc,phases   ] GC(131) Y: Concurrent Select Relocation Set 9.864ms
[2026-04-03T03:24:32.245+0600][68.122s][info][gc,phases   ] GC(131) Y: Pause Relocate Start 0.021ms
[2026-04-03T03:24:32.277+0600][68.155s][info][gc,phases   ] GC(131) Y: Concurrent Relocate 32.381ms
[2026-04-03T03:24:32.277+0600][68.155s][info][gc,alloc    ] GC(131) Y:                         Mark Start        Mark End      Relocate Start    Relocate End   
[2026-04-03T03:24:32.277+0600][68.155s][info][gc,alloc    ] GC(131) Y: Allocation Stalls:          0                0                0                0         
[2026-04-03T03:24:32.277+0600][68.155s][info][gc,load     ] GC(131) Y: Load: 4.29 (36%) / 4.61 (38%) / 5.19 (43%)
[2026-04-03T03:24:32.277+0600][68.155s][info][gc,mmu      ] GC(131) Y: MMU: 2ms/87.1%, 5ms/94.9%, 10ms/97.4%, 20ms/98.7%, 50ms/99.4%, 100ms/99.6%
[2026-04-03T03:24:32.277+0600][68.155s][info][gc,marking  ] GC(131) Y: Mark: 2 stripe(s), 2 proactive flush(es), 1 terminate flush(es), 0 completion(s), 0 continuation(s) 
[2026-04-03T03:24:32.277+0600][68.155s][info][gc,marking  ] GC(131) Y: Mark Stack Usage: 32M
[2026-04-03T03:24:32.277+0600][68.155s][info][gc,nmethod  ] GC(131) Y: NMethods: 7222 registered, 1434 unregistered
[2026-04-03T03:24:32.277+0600][68.155s][info][gc,metaspace] GC(131) Y: Metaspace: 71M used, 72M committed, 1088M reserved
[2026-04-03T03:24:32.277+0600][68.155s][info][gc,reloc    ] GC(131) Y:                        Candidates     Selected     In-Place         Size        Empty    Relocated 
[2026-04-03T03:24:32.277+0600][68.155s][info][gc,reloc    ] GC(131) Y: Small Pages:                  186          176            0         372M           2M          10M 
[2026-04-03T03:24:32.277+0600][68.155s][info][gc,reloc    ] GC(131) Y: Medium Pages:                   0            0            0           0M           0M           0M 
[2026-04-03T03:24:32.277+0600][68.155s][info][gc,reloc    ] GC(131) Y: Large Pages:                    0            0            0           0M           0M           0M 
[2026-04-03T03:24:32.277+0600][68.155s][info][gc,reloc    ] GC(131) Y: Forwarding Usage: 12M
[2026-04-03T03:24:32.277+0600][68.155s][info][gc,reloc    ] GC(131) Y: Age Table:
[2026-04-03T03:24:32.277+0600][68.155s][info][gc,reloc    ] GC(131) Y:                    Live             Garbage             Small              Medium             Large        
[2026-04-03T03:24:32.277+0600][68.155s][info][gc,reloc    ] GC(131) Y: Eden               9M (1%)          340M (27%)        175 / 169            0 / 0              0 / 0        
[2026-04-03T03:24:32.277+0600][68.155s][info][gc,reloc    ] GC(131) Y: Survivor 1         1M (0%)            4M (0%)           3 / 2              0 / 0              0 / 0        
[2026-04-03T03:24:32.277+0600][68.155s][info][gc,reloc    ] GC(131) Y: Survivor 2         2M (0%)            7M (1%)           5 / 2              0 / 0              0 / 0        
[2026-04-03T03:24:32.277+0600][68.155s][info][gc,reloc    ] GC(131) Y: Survivor 3         1M (0%)            4M (0%)           3 / 3              0 / 0              0 / 0        
[2026-04-03T03:24:32.277+0600][68.155s][info][gc,heap     ] GC(131) Y: Min Capacity: 8M(1%)
[2026-04-03T03:24:32.277+0600][68.155s][info][gc,heap     ] GC(131) Y: Max Capacity: 1250M(100%)
[2026-04-03T03:24:32.277+0600][68.155s][info][gc,heap     ] GC(131) Y: Soft Max Capacity: 1250M(100%)
[2026-04-03T03:24:32.277+0600][68.155s][info][gc,heap     ] GC(131) Y: Heap Statistics:
[2026-04-03T03:24:32.277+0600][68.155s][info][gc,heap     ] GC(131) Y:                Mark Start          Mark End        Relocate Start      Relocate End           High               Low         
[2026-04-03T03:24:32.277+0600][68.155s][info][gc,heap     ] GC(131) Y:  Capacity:     1250M (100%)       1250M (100%)       1250M (100%)       1250M (100%)       1250M (100%)       1250M (100%)   
[2026-04-03T03:24:32.277+0600][68.155s][info][gc,heap     ] GC(131) Y:      Free:      352M (28%)         288M (23%)         290M (23%)         630M (50%)         630M (50%)         282M (23%)    
[2026-04-03T03:24:32.277+0600][68.155s][info][gc,heap     ] GC(131) Y:      Used:      898M (72%)         962M (77%)         960M (77%)         620M (50%)         968M (77%)         620M (50%)    
[2026-04-03T03:24:32.277+0600][68.155s][info][gc,heap     ] GC(131) Y: Young Generation Statistics:
[2026-04-03T03:24:32.277+0600][68.155s][info][gc,heap     ] GC(131) Y:                Mark Start          Mark End        Relocate Start      Relocate End    
[2026-04-03T03:24:32.277+0600][68.155s][info][gc,heap     ] GC(131) Y:      Used:      372M (30%)         436M (35%)         430M (34%)          84M (7%)     
[2026-04-03T03:24:32.277+0600][68.155s][info][gc,heap     ] GC(131) Y:      Live:         -                14M (1%)           11M (1%)           10M (1%)     
[2026-04-03T03:24:32.277+0600][68.155s][info][gc,heap     ] GC(131) Y:   Garbage:         -               357M (29%)         354M (28%)           0M (0%)     
[2026-04-03T03:24:32.277+0600][68.155s][info][gc,heap     ] GC(131) Y: Allocated:         -                64M (5%)           64M (5%)           73M (6%)     
[2026-04-03T03:24:32.277+0600][68.155s][info][gc,heap     ] GC(131) Y: Reclaimed:         -                  -                 3M (0%)          357M (29%)    
[2026-04-03T03:24:32.277+0600][68.155s][info][gc,heap     ] GC(131) Y:  Promoted:         -                  -                 2M (0%)            3M (0%)     
[2026-04-03T03:24:32.277+0600][68.155s][info][gc,heap     ] GC(131) Y: Compacted:         -                  -                  -                10M (1%)     
[2026-04-03T03:24:32.277+0600][68.155s][info][gc,phases   ] GC(131) Y: Young Generation 898M(72%)->620M(50%) 0.158s
[2026-04-03T03:24:32.277+0600][68.155s][info][gc,phases   ] GC(131) O: Old Generation
[2026-04-03T03:24:32.870+0600][68.748s][info][gc,phases   ] GC(131) O: Concurrent Mark 592.461ms
[2026-04-03T03:24:32.870+0600][68.748s][info][gc,phases   ] GC(131) O: Pause Mark End 0.022ms
[2026-04-03T03:24:32.870+0600][68.748s][info][gc,phases   ] GC(131) O: Concurrent Mark Free 0.001ms
[2026-04-03T03:24:32.890+0600][68.767s][info][gc,phases   ] GC(131) O: Concurrent Process Non-Strong 19.357ms
[2026-04-03T03:24:32.890+0600][68.767s][info][gc,phases   ] GC(131) O: Concurrent Reset Relocation Set 0.008ms
[2026-04-03T03:24:32.896+0600][68.773s][info][gc,phases   ] GC(131) O: Concurrent Select Relocation Set 5.762ms
[2026-04-03T03:24:32.896+0600][68.773s][info][gc,task     ] GC(131) O: Using 3 Workers for Old Generation
[2026-04-03T03:24:32.919+0600][68.796s][info][gc,task     ] GC(131) O: Using 1 Workers for Old Generation
[2026-04-03T03:24:32.919+0600][68.797s][info][gc,phases   ] GC(131) O: Concurrent Remap Roots 23.276ms
[2026-04-03T03:24:32.919+0600][68.797s][info][gc,phases   ] GC(131) O: Pause Relocate Start 0.021ms
[2026-04-03T03:24:32.960+0600][68.838s][info][gc,phases   ] GC(131) O: Concurrent Relocate 40.997ms
[2026-04-03T03:24:32.960+0600][68.838s][info][gc,alloc    ] GC(131) O:                         Mark Start        Mark End      Relocate Start    Relocate End   
[2026-04-03T03:24:32.960+0600][68.838s][info][gc,alloc    ] GC(131) O: Allocation Stalls:          0                0                0                0         
[2026-04-03T03:24:32.960+0600][68.838s][info][gc,load     ] GC(131) O: Load: 4.29 (36%) / 4.61 (38%) / 5.19 (43%)
[2026-04-03T03:24:32.960+0600][68.838s][info][gc,mmu      ] GC(131) O: MMU: 2ms/87.1%, 5ms/94.9%, 10ms/97.4%, 20ms/98.7%, 50ms/99.4%, 100ms/99.6%
[2026-04-03T03:24:32.960+0600][68.838s][info][gc,marking  ] GC(131) O: Mark: 1 stripe(s), 2 proactive flush(es), 1 terminate flush(es), 0 completion(s), 0 continuation(s) 
[2026-04-03T03:24:32.960+0600][68.838s][info][gc,marking  ] GC(131) O: Mark Stack Usage: 32M
[2026-04-03T03:24:32.960+0600][68.838s][info][gc,nmethod  ] GC(131) O: NMethods: 7223 registered, 1435 unregistered
[2026-04-03T03:24:32.960+0600][68.838s][info][gc,metaspace] GC(131) O: Metaspace: 71M used, 72M committed, 1088M reserved
[2026-04-03T03:24:32.960+0600][68.838s][info][gc,ref      ] GC(131) O:                       Encountered   Discovered     Enqueued 
[2026-04-03T03:24:32.960+0600][68.838s][info][gc,ref      ] GC(131) O: Soft References:             5096            0            0 
[2026-04-03T03:24:32.960+0600][68.838s][info][gc,ref      ] GC(131) O: Weak References:             6774         5750           86 
[2026-04-03T03:24:32.960+0600][68.838s][info][gc,ref      ] GC(131) O: Final References:              84            0            0 
[2026-04-03T03:24:32.960+0600][68.838s][info][gc,ref      ] GC(131) O: Phantom References:           601          595            0 
[2026-04-03T03:24:32.961+0600][68.838s][info][gc,reloc    ] GC(131) O:                        Candidates     Selected     In-Place         Size        Empty    Relocated 
[2026-04-03T03:24:32.961+0600][68.838s][info][gc,reloc    ] GC(131) O: Small Pages:                  163           27            0         326M          96M           7M 
[2026-04-03T03:24:32.961+0600][68.838s][info][gc,reloc    ] GC(131) O: Medium Pages:                   4            0            0         128M          96M           0M 
[2026-04-03T03:24:32.961+0600][68.838s][info][gc,reloc    ] GC(131) O: Large Pages:                    6            0            0          72M          62M           0M 
[2026-04-03T03:24:32.961+0600][68.838s][info][gc,reloc    ] GC(131) O: Forwarding Usage: 9M
[2026-04-03T03:24:32.961+0600][68.838s][info][gc,heap     ] GC(131) O: Min Capacity: 8M(1%)
[2026-04-03T03:24:32.961+0600][68.838s][info][gc,heap     ] GC(131) O: Max Capacity: 1250M(100%)
[2026-04-03T03:24:32.961+0600][68.838s][info][gc,heap     ] GC(131) O: Soft Max Capacity: 1250M(100%)
[2026-04-03T03:24:32.961+0600][68.838s][info][gc,heap     ] GC(131) O: Heap Statistics:
[2026-04-03T03:24:32.961+0600][68.838s][info][gc,heap     ] GC(131) O:                Mark Start          Mark End        Relocate Start      Relocate End           High               Low         
[2026-04-03T03:24:32.961+0600][68.838s][info][gc,heap     ] GC(131) O:  Capacity:     1250M (100%)       1250M (100%)       1250M (100%)       1250M (100%)       1250M (100%)       1250M (100%)   
[2026-04-03T03:24:32.961+0600][68.838s][info][gc,heap     ] GC(131) O:      Free:      352M (28%)         460M (37%)         714M (57%)         770M (62%)         770M (62%)         282M (23%)    
[2026-04-03T03:24:32.961+0600][68.838s][info][gc,heap     ] GC(131) O:      Used:      898M (72%)         790M (63%)         536M (43%)         480M (38%)         968M (77%)         480M (38%)    
[2026-04-03T03:24:32.961+0600][68.838s][info][gc,heap     ] GC(131) O: Old Generation Statistics:
[2026-04-03T03:24:32.961+0600][68.838s][info][gc,heap     ] GC(131) O:                Mark Start          Mark End        Relocate Start      Relocate End    
[2026-04-03T03:24:32.961+0600][68.838s][info][gc,heap     ] GC(131) O:      Used:      526M (42%)         536M (43%)         282M (23%)         226M (18%)    
[2026-04-03T03:24:32.961+0600][68.838s][info][gc,heap     ] GC(131) O:      Live:         -               191M (15%)         191M (15%)         191M (15%)    
[2026-04-03T03:24:32.961+0600][68.838s][info][gc,heap     ] GC(131) O:   Garbage:         -               334M (27%)          80M (6%)           23M (2%)     
[2026-04-03T03:24:32.961+0600][68.838s][info][gc,heap     ] GC(131) O: Allocated:         -                10M (1%)           10M (1%)           10M (1%)     
[2026-04-03T03:24:32.961+0600][68.838s][info][gc,heap     ] GC(131) O: Reclaimed:         -                  -               254M (20%)         310M (25%)    
[2026-04-03T03:24:32.961+0600][68.838s][info][gc,heap     ] GC(131) O: Compacted:         -                  -                  -                11M (1%)     
[2026-04-03T03:24:32.961+0600][68.838s][info][gc,phases   ] GC(131) O: Old Generation 620M(50%)->480M(38%) 0.683s
[2026-04-03T03:24:32.961+0600][68.838s][info][gc          ] GC(131) Major Collection (Allocation Rate) 898M(72%)->480M(38%) 0.841s
[2026-04-03T03:24:33.274+0600][69.152s][info][gc          ] GC(132) Minor Collection (Allocation Rate)
[2026-04-03T03:24:33.274+0600][69.152s][info][gc,task     ] GC(132) Using 1 Workers for Young Generation
[2026-04-03T03:24:33.274+0600][69.152s][info][gc,phases   ] GC(132) y: Young Generation
[2026-04-03T03:24:33.274+0600][69.152s][info][gc,phases   ] GC(132) y: Pause Mark Start 0.016ms
[2026-04-03T03:24:33.545+0600][69.423s][info][gc,phases   ] GC(132) y: Concurrent Mark 270.574ms
[2026-04-03T03:24:33.546+0600][69.423s][info][gc,phases   ] GC(132) y: Pause Mark End 0.042ms
[2026-04-03T03:24:33.546+0600][69.423s][info][gc,phases   ] GC(132) y: Concurrent Mark Free 0.003ms
[2026-04-03T03:24:33.546+0600][69.424s][info][gc,phases   ] GC(132) y: Concurrent Reset Relocation Set 0.071ms
[2026-04-03T03:24:33.549+0600][69.427s][info][gc,reloc    ] GC(132) y: Using tenuring threshold: 3 (Computed)
[2026-04-03T03:24:33.552+0600][69.430s][info][gc,phases   ] GC(132) y: Concurrent Select Relocation Set 5.989ms
[2026-04-03T03:24:33.552+0600][69.430s][info][gc,phases   ] GC(132) y: Pause Relocate Start 0.027ms
[2026-04-03T03:24:33.589+0600][69.466s][info][gc,phases   ] GC(132) y: Concurrent Relocate 36.471ms
[2026-04-03T03:24:33.589+0600][69.467s][info][gc,alloc    ] GC(132) y:                         Mark Start        Mark End      Relocate Start    Relocate End   
[2026-04-03T03:24:33.589+0600][69.467s][info][gc,alloc    ] GC(132) y: Allocation Stalls:          0                0                0                0         
[2026-04-03T03:24:33.589+0600][69.467s][info][gc,load     ] GC(132) y: Load: 4.29 (36%) / 4.61 (38%) / 5.19 (43%)
[2026-04-03T03:24:33.589+0600][69.467s][info][gc,mmu      ] GC(132) y: MMU: 2ms/87.1%, 5ms/94.9%, 10ms/97.4%, 20ms/98.7%, 50ms/99.4%, 100ms/99.6%
[2026-04-03T03:24:33.589+0600][69.467s][info][gc,marking  ] GC(132) y: Mark: 1 stripe(s), 2 proactive flush(es), 1 terminate flush(es), 0 completion(s), 0 continuation(s) 
[2026-04-03T03:24:33.589+0600][69.467s][info][gc,marking  ] GC(132) y: Mark Stack Usage: 32M
[2026-04-03T03:24:33.589+0600][69.467s][info][gc,nmethod  ] GC(132) y: NMethods: 7265 registered, 1435 unregistered
[2026-04-03T03:24:33.589+0600][69.467s][info][gc,metaspace] GC(132) y: Metaspace: 71M used, 72M committed, 1088M reserved
[2026-04-03T03:24:33.589+0600][69.467s][info][gc,reloc    ] GC(132) y:                        Candidates     Selected     In-Place         Size        Empty    Relocated 
[2026-04-03T03:24:33.589+0600][69.467s][info][gc,reloc    ] GC(132) y: Small Pages:                  110           96            0         220M          10M           7M 
[2026-04-03T03:24:33.589+0600][69.467s][info][gc,reloc    ] GC(132) y: Medium Pages:                   1            0            0          32M          32M           0M 
[2026-04-03T03:24:33.589+0600][69.467s][info][gc,reloc    ] GC(132) y: Large Pages:                    1            0            0          18M           0M           0M 
[2026-04-03T03:24:33.589+0600][69.467s][info][gc,reloc    ] GC(132) y: Forwarding Usage: 7M
[2026-04-03T03:24:33.589+0600][69.467s][info][gc,reloc    ] GC(132) y: Age Table:
[2026-04-03T03:24:33.589+0600][69.467s][info][gc,reloc    ] GC(132) y:                    Live             Garbage             Small              Medium             Large        
[2026-04-03T03:24:33.589+0600][69.467s][info][gc,reloc    ] GC(132) y: Eden              23M (2%)          226M (18%)        100 / 91             1 / 0              1 / 0        
[2026-04-03T03:24:33.589+0600][69.467s][info][gc,reloc    ] GC(132) y: Survivor 1         8M (1%)            5M (0%)           7 / 3              0 / 0              0 / 0        
[2026-04-03T03:24:33.589+0600][69.467s][info][gc,reloc    ] GC(132) y: Survivor 2         1M (0%)            4M (0%)           3 / 2              0 / 0              0 / 0        
[2026-04-03T03:24:33.589+0600][69.467s][info][gc,heap     ] GC(132) y: Min Capacity: 8M(1%)
[2026-04-03T03:24:33.589+0600][69.467s][info][gc,heap     ] GC(132) y: Max Capacity: 1250M(100%)
[2026-04-03T03:24:33.589+0600][69.467s][info][gc,heap     ] GC(132) y: Soft Max Capacity: 1250M(100%)
[2026-04-03T03:24:33.589+0600][69.467s][info][gc,heap     ] GC(132) y: Heap Statistics:
[2026-04-03T03:24:33.589+0600][69.467s][info][gc,heap     ] GC(132) y:                Mark Start          Mark End        Relocate Start      Relocate End           High               Low         
[2026-04-03T03:24:33.589+0600][69.467s][info][gc,heap     ] GC(132) y:  Capacity:     1250M (100%)       1250M (100%)       1250M (100%)       1250M (100%)       1250M (100%)       1250M (100%)   
[2026-04-03T03:24:33.589+0600][69.467s][info][gc,heap     ] GC(132) y:      Free:      754M (60%)         550M (44%)         590M (47%)         750M (60%)         754M (60%)         550M (44%)    
[2026-04-03T03:24:33.589+0600][69.467s][info][gc,heap     ] GC(132) y:      Used:      496M (40%)         700M (56%)         660M (53%)         500M (40%)         700M (56%)         496M (40%)    
[2026-04-03T03:24:33.589+0600][69.467s][info][gc,heap     ] GC(132) y: Young Generation Statistics:
[2026-04-03T03:24:33.589+0600][69.467s][info][gc,heap     ] GC(132) y:                Mark Start          Mark End        Relocate Start      Relocate End    
[2026-04-03T03:24:33.589+0600][69.467s][info][gc,heap     ] GC(132) y:      Used:      270M (22%)         474M (38%)         434M (35%)         274M (22%)    
[2026-04-03T03:24:33.589+0600][69.467s][info][gc,heap     ] GC(132) y:      Live:         -                33M (3%)           33M (3%)           33M (3%)     
[2026-04-03T03:24:33.589+0600][69.467s][info][gc,heap     ] GC(132) y:   Garbage:         -               236M (19%)         194M (16%)           0M (0%)     
[2026-04-03T03:24:33.589+0600][69.467s][info][gc,heap     ] GC(132) y: Allocated:         -               204M (16%)         206M (16%)         239M (19%)    
[2026-04-03T03:24:33.589+0600][69.467s][info][gc,heap     ] GC(132) y: Reclaimed:         -                  -                42M (3%)          235M (19%)    
[2026-04-03T03:24:33.589+0600][69.467s][info][gc,heap     ] GC(132) y:  Promoted:         -                  -                 0M (0%)            0M (0%)     
[2026-04-03T03:24:33.589+0600][69.467s][info][gc,heap     ] GC(132) y: Compacted:         -                  -                  -                 8M (1%)     
[2026-04-03T03:24:33.589+0600][69.467s][info][gc,phases   ] GC(132) y: Young Generation 496M(40%)->500M(40%) 0.315s
[2026-04-03T03:24:33.589+0600][69.467s][info][gc          ] GC(132) Minor Collection (Allocation Rate) 496M(40%)->500M(40%) 0.315s
[2026-04-03T03:24:33.803+0600][69.680s][info][gc          ] GC(133) Minor Collection (Allocation Rate)
[2026-04-03T03:24:33.803+0600][69.680s][info][gc,task     ] GC(133) Using 1 Workers for Young Generation
[2026-04-03T03:24:33.803+0600][69.681s][info][gc,phases   ] GC(133) y: Young Generation
[2026-04-03T03:24:33.803+0600][69.681s][info][gc,phases   ] GC(133) y: Pause Mark Start 0.024ms
[2026-04-03T03:24:34.162+0600][70.040s][info][gc,phases   ] GC(133) y: Concurrent Mark 359.084ms
[2026-04-03T03:24:34.163+0600][70.040s][info][gc,phases   ] GC(133) y: Pause Mark End 0.041ms
[2026-04-03T03:24:34.163+0600][70.041s][info][gc,phases   ] GC(133) y: Concurrent Mark Free 0.001ms
[2026-04-03T03:24:34.163+0600][70.041s][info][gc,phases   ] GC(133) y: Concurrent Reset Relocation Set 0.018ms
[2026-04-03T03:24:34.169+0600][70.047s][info][gc,reloc    ] GC(133) y: Using tenuring threshold: 1 (Computed)
[2026-04-03T03:24:34.218+0600][70.096s][info][gc,phases   ] GC(133) y: Concurrent Select Relocation Set 55.203ms
[2026-04-03T03:24:34.219+0600][70.096s][info][gc,phases   ] GC(133) y: Pause Relocate Start 0.016ms
[2026-04-03T03:24:34.323+0600][70.201s][info][gc,phases   ] GC(133) y: Concurrent Relocate 104.699ms
[2026-04-03T03:24:34.323+0600][70.201s][info][gc,alloc    ] GC(133) y:                         Mark Start        Mark End      Relocate Start    Relocate End   
[2026-04-03T03:24:34.323+0600][70.201s][info][gc,alloc    ] GC(133) y: Allocation Stalls:          0                0                0                0         
[2026-04-03T03:24:34.324+0600][70.201s][info][gc,load     ] GC(133) y: Load: 4.29 (36%) / 4.61 (38%) / 5.19 (43%)
[2026-04-03T03:24:34.324+0600][70.201s][info][gc,mmu      ] GC(133) y: MMU: 2ms/87.1%, 5ms/94.9%, 10ms/97.4%, 20ms/98.7%, 50ms/99.4%, 100ms/99.6%
[2026-04-03T03:24:34.324+0600][70.201s][info][gc,marking  ] GC(133) y: Mark: 1 stripe(s), 2 proactive flush(es), 1 terminate flush(es), 0 completion(s), 0 continuation(s) 
[2026-04-03T03:24:34.324+0600][70.201s][info][gc,marking  ] GC(133) y: Mark Stack Usage: 32M
[2026-04-03T03:24:34.324+0600][70.201s][info][gc,nmethod  ] GC(133) y: NMethods: 7400 registered, 1435 unregistered
[2026-04-03T03:24:34.324+0600][70.201s][info][gc,metaspace] GC(133) y: Metaspace: 71M used, 72M committed, 1088M reserved
[2026-04-03T03:24:34.324+0600][70.201s][info][gc,reloc    ] GC(133) y:                        Candidates     Selected     In-Place         Size        Empty    Relocated 
[2026-04-03T03:24:34.324+0600][70.201s][info][gc,reloc    ] GC(133) y: Small Pages:                  167           42            0         334M         228M           4M 
[2026-04-03T03:24:34.324+0600][70.201s][info][gc,reloc    ] GC(133) y: Medium Pages:                   1            0            0          32M           0M           0M 
[2026-04-03T03:24:34.324+0600][70.201s][info][gc,reloc    ] GC(133) y: Large Pages:                    9            0            0          78M          60M           0M 
[2026-04-03T03:24:34.324+0600][70.201s][info][gc,reloc    ] GC(133) y: Forwarding Usage: 5M
[2026-04-03T03:24:34.324+0600][70.201s][info][gc,reloc    ] GC(133) y: Age Table:
[2026-04-03T03:24:34.324+0600][70.201s][info][gc,reloc    ] GC(133) y:                    Live             Garbage             Small              Medium             Large        
[2026-04-03T03:24:34.324+0600][70.201s][info][gc,reloc    ] GC(133) y: Eden               7M (1%)          400M (32%)        158 / 41             1 / 0              8 / 0        
[2026-04-03T03:24:34.324+0600][70.201s][info][gc,reloc    ] GC(133) y: Survivor 1        23M (2%)            0M (0%)           3 / 0              0 / 0              1 / 0        
[2026-04-03T03:24:34.324+0600][70.201s][info][gc,reloc    ] GC(133) y: Survivor 2         8M (1%)            1M (0%)           5 / 1              0 / 0              0 / 0        
[2026-04-03T03:24:34.324+0600][70.201s][info][gc,reloc    ] GC(133) y: Survivor 3         1M (0%)            0M (0%)           1 / 0              0 / 0              0 / 0        
[2026-04-03T03:24:34.324+0600][70.202s][info][gc,heap     ] GC(133) y: Min Capacity: 8M(1%)
[2026-04-03T03:24:34.324+0600][70.202s][info][gc,heap     ] GC(133) y: Max Capacity: 1250M(100%)
[2026-04-03T03:24:34.324+0600][70.202s][info][gc,heap     ] GC(133) y: Soft Max Capacity: 1250M(100%)
[2026-04-03T03:24:34.324+0600][70.202s][info][gc,heap     ] GC(133) y: Heap Statistics:
[2026-04-03T03:24:34.324+0600][70.202s][info][gc,heap     ] GC(133) y:                Mark Start          Mark End        Relocate Start      Relocate End           High               Low         
[2026-04-03T03:24:34.324+0600][70.202s][info][gc,heap     ] GC(133) y:  Capacity:     1250M (100%)       1250M (100%)       1250M (100%)       1250M (100%)       1250M (100%)       1250M (100%)   
[2026-04-03T03:24:34.324+0600][70.202s][info][gc,heap     ] GC(133) y:      Free:      580M (46%)         308M (25%)         550M (44%)         530M (42%)         620M (50%)         308M (25%)    
[2026-04-03T03:24:34.324+0600][70.202s][info][gc,heap     ] GC(133) y:      Used:      670M (54%)         942M (75%)         700M (56%)         720M (58%)         942M (75%)         630M (50%)    
[2026-04-03T03:24:34.324+0600][70.202s][info][gc,heap     ] GC(133) y: Young Generation Statistics:
[2026-04-03T03:24:34.324+0600][70.202s][info][gc,heap     ] GC(133) y:                Mark Start          Mark End        Relocate Start      Relocate End    
[2026-04-03T03:24:34.324+0600][70.202s][info][gc,heap     ] GC(133) y:      Used:      444M (36%)         716M (57%)         442M (35%)         458M (37%)    
[2026-04-03T03:24:34.324+0600][70.202s][info][gc,heap     ] GC(133) y:      Live:         -                40M (3%)            9M (1%)            7M (1%)     
[2026-04-03T03:24:34.324+0600][70.202s][info][gc,heap     ] GC(133) y:   Garbage:         -               403M (32%)         114M (9%)           28M (2%)     
[2026-04-03T03:24:34.324+0600][70.202s][info][gc,heap     ] GC(133) y: Allocated:         -               272M (22%)         318M (25%)         422M (34%)    
[2026-04-03T03:24:34.324+0600][70.202s][info][gc,heap     ] GC(133) y: Reclaimed:         -                  -               289M (23%)         374M (30%)    
[2026-04-03T03:24:34.324+0600][70.202s][info][gc,heap     ] GC(133) y:  Promoted:         -                  -                30M (2%)           33M (3%)     
[2026-04-03T03:24:34.324+0600][70.202s][info][gc,heap     ] GC(133) y: Compacted:         -                  -                  -                 3M (0%)     
[2026-04-03T03:24:34.324+0600][70.202s][info][gc,phases   ] GC(133) y: Young Generation 670M(54%)->720M(58%) 0.521s
[2026-04-03T03:24:34.324+0600][70.202s][info][gc          ] GC(133) Minor Collection (Allocation Rate) 670M(54%)->720M(58%) 0.521s
[2026-04-03T03:24:34.358+0600][70.235s][info][gc          ] GC(134) Minor Collection (Allocation Rate)
[2026-04-03T03:24:34.358+0600][70.236s][info][gc,task     ] GC(134) Using 2 Workers for Young Generation
[2026-04-03T03:24:34.358+0600][70.236s][info][gc,phases   ] GC(134) y: Young Generation
[2026-04-03T03:24:34.358+0600][70.236s][info][gc,phases   ] GC(134) y: Pause Mark Start 0.026ms
[2026-04-03T03:24:34.519+0600][70.397s][info][gc,phases   ] GC(134) y: Concurrent Mark 160.666ms
[2026-04-03T03:24:34.519+0600][70.397s][info][gc,phases   ] GC(134) y: Pause Mark End 0.035ms
[2026-04-03T03:24:34.520+0600][70.397s][info][gc,phases   ] GC(134) y: Concurrent Mark Free 0.005ms
[2026-04-03T03:24:34.520+0600][70.397s][info][gc,phases   ] GC(134) y: Concurrent Reset Relocation Set 0.033ms
[2026-04-03T03:24:34.522+0600][70.400s][info][gc,reloc    ] GC(134) y: Using tenuring threshold: 2 (Computed)
[2026-04-03T03:24:34.531+0600][70.409s][info][gc,phases   ] GC(134) y: Concurrent Select Relocation Set 11.113ms
[2026-04-03T03:24:34.531+0600][70.409s][info][gc,phases   ] GC(134) y: Pause Relocate Start 0.033ms
[2026-04-03T03:24:34.576+0600][70.454s][info][gc,phases   ] GC(134) y: Concurrent Relocate 44.428ms
[2026-04-03T03:24:34.576+0600][70.454s][info][gc,alloc    ] GC(134) y:                         Mark Start        Mark End      Relocate Start    Relocate End   
[2026-04-03T03:24:34.576+0600][70.454s][info][gc,alloc    ] GC(134) y: Allocation Stalls:          0                0                0                0         
[2026-04-03T03:24:34.576+0600][70.454s][info][gc,load     ] GC(134) y: Load: 4.29 (36%) / 4.61 (38%) / 5.19 (43%)
[2026-04-03T03:24:34.576+0600][70.454s][info][gc,mmu      ] GC(134) y: MMU: 2ms/87.1%, 5ms/94.9%, 10ms/97.4%, 20ms/98.7%, 50ms/99.4%, 100ms/99.6%
[2026-04-03T03:24:34.576+0600][70.454s][info][gc,marking  ] GC(134) y: Mark: 2 stripe(s), 2 proactive flush(es), 1 terminate flush(es), 0 completion(s), 0 continuation(s) 
[2026-04-03T03:24:34.576+0600][70.454s][info][gc,marking  ] GC(134) y: Mark Stack Usage: 32M
[2026-04-03T03:24:34.576+0600][70.454s][info][gc,nmethod  ] GC(134) y: NMethods: 7402 registered, 1435 unregistered
[2026-04-03T03:24:34.576+0600][70.454s][info][gc,metaspace] GC(134) y: Metaspace: 71M used, 72M committed, 1088M reserved
[2026-04-03T03:24:34.576+0600][70.454s][info][gc,reloc    ] GC(134) y:                        Candidates     Selected     In-Place         Size        Empty    Relocated 
[2026-04-03T03:24:34.576+0600][70.454s][info][gc,reloc    ] GC(134) y: Small Pages:                  171           54            0         342M         214M          10M 
[2026-04-03T03:24:34.576+0600][70.454s][info][gc,reloc    ] GC(134) y: Medium Pages:                   2            0            0          64M          64M           0M 
[2026-04-03T03:24:34.576+0600][70.454s][info][gc,reloc    ] GC(134) y: Large Pages:                   10            0            0          72M          54M           0M 
[2026-04-03T03:24:34.576+0600][70.454s][info][gc,reloc    ] GC(134) y: Forwarding Usage: 17M
[2026-04-03T03:24:34.576+0600][70.454s][info][gc,reloc    ] GC(134) y: Age Table:
[2026-04-03T03:24:34.576+0600][70.454s][info][gc,reloc    ] GC(134) y:                    Live             Garbage             Small              Medium             Large        
[2026-04-03T03:24:34.576+0600][70.454s][info][gc,reloc    ] GC(134) y: Eden              34M (3%)          403M (32%)        167 / 51             1 / 0             10 / 0        
[2026-04-03T03:24:34.576+0600][70.454s][info][gc,reloc    ] GC(134) y: Survivor 1         0M (0%)           39M (3%)           4 / 3              1 / 0              0 / 0        
[2026-04-03T03:24:34.576+0600][70.454s][info][gc,heap     ] GC(134) y: Min Capacity: 8M(1%)
[2026-04-03T03:24:34.576+0600][70.454s][info][gc,heap     ] GC(134) y: Max Capacity: 1250M(100%)
[2026-04-03T03:24:34.576+0600][70.454s][info][gc,heap     ] GC(134) y: Soft Max Capacity: 1250M(100%)
[2026-04-03T03:24:34.576+0600][70.454s][info][gc,heap     ] GC(134) y: Heap Statistics:
[2026-04-03T03:24:34.576+0600][70.454s][info][gc,heap     ] GC(134) y:                Mark Start          Mark End        Relocate Start      Relocate End           High               Low         
[2026-04-03T03:24:34.576+0600][70.454s][info][gc,heap     ] GC(134) y:  Capacity:     1250M (100%)       1250M (100%)       1250M (100%)       1250M (100%)       1250M (100%)       1250M (100%)   
[2026-04-03T03:24:34.576+0600][70.454s][info][gc,heap     ] GC(134) y:      Free:      510M (41%)         422M (34%)         750M (60%)         838M (67%)         838M (67%)         422M (34%)    
[2026-04-03T03:24:34.576+0600][70.454s][info][gc,heap     ] GC(134) y:      Used:      740M (59%)         828M (66%)         500M (40%)         412M (33%)         828M (66%)         412M (33%)    
[2026-04-03T03:24:34.576+0600][70.454s][info][gc,heap     ] GC(134) y: Young Generation Statistics:
[2026-04-03T03:24:34.576+0600][70.454s][info][gc,heap     ] GC(134) y:                Mark Start          Mark End        Relocate Start      Relocate End    
[2026-04-03T03:24:34.576+0600][70.454s][info][gc,heap     ] GC(134) y:      Used:      478M (38%)         566M (45%)         238M (19%)         150M (12%)    
[2026-04-03T03:24:34.576+0600][70.454s][info][gc,heap     ] GC(134) y:      Live:         -                34M (3%)           34M (3%)           34M (3%)     
[2026-04-03T03:24:34.576+0600][70.454s][info][gc,heap     ] GC(134) y:   Garbage:         -               443M (35%)         111M (9%)            1M (0%)     
[2026-04-03T03:24:34.576+0600][70.454s][info][gc,heap     ] GC(134) y: Allocated:         -                88M (7%)           92M (7%)          114M (9%)     
[2026-04-03T03:24:34.576+0600][70.454s][info][gc,heap     ] GC(134) y: Reclaimed:         -                  -               332M (27%)         442M (35%)    
[2026-04-03T03:24:34.576+0600][70.454s][info][gc,heap     ] GC(134) y:  Promoted:         -                  -                 0M (0%)            0M (0%)     
[2026-04-03T03:24:34.576+0600][70.454s][info][gc,heap     ] GC(134) y: Compacted:         -                  -                  -                15M (1%)     
[2026-04-03T03:24:34.576+0600][70.454s][info][gc,phases   ] GC(134) y: Young Generation 740M(59%)->412M(33%) 0.218s
[2026-04-03T03:24:34.576+0600][70.454s][info][gc          ] GC(134) Minor Collection (Allocation Rate) 740M(59%)->412M(33%) 0.219s
[2026-04-03T03:24:34.993+0600][70.871s][info][gc          ] GC(135) Minor Collection (Allocation Rate)
[2026-04-03T03:24:34.993+0600][70.871s][info][gc,task     ] GC(135) Using 2 Workers for Young Generation
[2026-04-03T03:24:34.993+0600][70.871s][info][gc,phases   ] GC(135) y: Young Generation
[2026-04-03T03:24:34.993+0600][70.871s][info][gc,phases   ] GC(135) y: Pause Mark Start 0.021ms
[2026-04-03T03:24:35.006+0600][70.884s][info][gc,phases   ] GC(135) y: Concurrent Mark 12.746ms
[2026-04-03T03:24:35.006+0600][70.884s][info][gc,phases   ] GC(135) y: Pause Mark End 0.027ms
[2026-04-03T03:24:35.006+0600][70.884s][info][gc,phases   ] GC(135) y: Concurrent Mark Free 0.001ms
[2026-04-03T03:24:35.006+0600][70.884s][info][gc,phases   ] GC(135) y: Concurrent Reset Relocation Set 0.016ms
[2026-04-03T03:24:35.012+0600][70.889s][info][gc,reloc    ] GC(135) y: Using tenuring threshold: 3 (Computed)
[2026-04-03T03:24:35.014+0600][70.892s][info][gc,phases   ] GC(135) y: Concurrent Select Relocation Set 7.774ms
[2026-04-03T03:24:35.015+0600][70.892s][info][gc,phases   ] GC(135) y: Pause Relocate Start 0.049ms
[2026-04-03T03:24:35.016+0600][70.894s][info][gc,phases   ] GC(135) y: Concurrent Relocate 1.692ms
[2026-04-03T03:24:35.016+0600][70.894s][info][gc,alloc    ] GC(135) y:                         Mark Start        Mark End      Relocate Start    Relocate End   
[2026-04-03T03:24:35.016+0600][70.894s][info][gc,alloc    ] GC(135) y: Allocation Stalls:          0                0                0                0         
[2026-04-03T03:24:35.016+0600][70.894s][info][gc,load     ] GC(135) y: Load: 4.29 (36%) / 4.61 (38%) / 5.19 (43%)
[2026-04-03T03:24:35.016+0600][70.894s][info][gc,mmu      ] GC(135) y: MMU: 2ms/87.1%, 5ms/94.9%, 10ms/97.4%, 20ms/98.7%, 50ms/99.4%, 100ms/99.6%
[2026-04-03T03:24:35.016+0600][70.894s][info][gc,marking  ] GC(135) y: Mark: 2 stripe(s), 2 proactive flush(es), 1 terminate flush(es), 0 completion(s), 0 continuation(s) 
[2026-04-03T03:24:35.016+0600][70.894s][info][gc,marking  ] GC(135) y: Mark Stack Usage: 32M
[2026-04-03T03:24:35.016+0600][70.894s][info][gc,nmethod  ] GC(135) y: NMethods: 7463 registered, 1435 unregistered
[2026-04-03T03:24:35.016+0600][70.894s][info][gc,metaspace] GC(135) y: Metaspace: 71M used, 72M committed, 1088M reserved
[2026-04-03T03:24:35.016+0600][70.894s][info][gc,reloc    ] GC(135) y:                        Candidates     Selected     In-Place         Size        Empty    Relocated 
[2026-04-03T03:24:35.016+0600][70.894s][info][gc,reloc    ] GC(135) y: Small Pages:                  155           30            0         310M         248M           1M 
[2026-04-03T03:24:35.017+0600][70.894s][info][gc,reloc    ] GC(135) y: Medium Pages:                   1            0            0          32M          32M           0M 
[2026-04-03T03:24:35.017+0600][70.894s][info][gc,reloc    ] GC(135) y: Large Pages:                    7            0            0          54M          54M           0M 
[2026-04-03T03:24:35.017+0600][70.894s][info][gc,reloc    ] GC(135) y: Forwarding Usage: 0M
[2026-04-03T03:24:35.017+0600][70.894s][info][gc,reloc    ] GC(135) y: Age Table:
[2026-04-03T03:24:35.017+0600][70.894s][info][gc,reloc    ] GC(135) y:                    Live             Garbage             Small              Medium             Large        
[2026-04-03T03:24:35.017+0600][70.894s][info][gc,reloc    ] GC(135) y: Eden               0M (0%)          349M (28%)        141 / 26             1 / 0              4 / 0        
[2026-04-03T03:24:35.017+0600][70.894s][info][gc,reloc    ] GC(135) y: Survivor 1         0M (0%)           41M (3%)          12 / 2              0 / 0              3 / 0        
[2026-04-03T03:24:35.017+0600][70.894s][info][gc,reloc    ] GC(135) y: Survivor 2         0M (0%)            3M (0%)           2 / 2              0 / 0              0 / 0        
[2026-04-03T03:24:35.017+0600][70.894s][info][gc,heap     ] GC(135) y: Min Capacity: 8M(1%)
[2026-04-03T03:24:35.017+0600][70.894s][info][gc,heap     ] GC(135) y: Max Capacity: 1250M(100%)
[2026-04-03T03:24:35.017+0600][70.894s][info][gc,heap     ] GC(135) y: Soft Max Capacity: 1250M(100%)
[2026-04-03T03:24:35.017+0600][70.894s][info][gc,heap     ] GC(135) y: Heap Statistics:
[2026-04-03T03:24:35.017+0600][70.894s][info][gc,heap     ] GC(135) y:                Mark Start          Mark End        Relocate Start      Relocate End           High               Low         
[2026-04-03T03:24:35.017+0600][70.894s][info][gc,heap     ] GC(135) y:  Capacity:     1250M (100%)       1250M (100%)       1250M (100%)       1250M (100%)       1250M (100%)       1250M (100%)   
[2026-04-03T03:24:35.017+0600][70.894s][info][gc,heap     ] GC(135) y:      Free:      592M (47%)         564M (45%)         882M (71%)         930M (74%)         930M (74%)         564M (45%)    
[2026-04-03T03:24:35.017+0600][70.894s][info][gc,heap     ] GC(135) y:      Used:      658M (53%)         686M (55%)         368M (29%)         320M (26%)         686M (55%)         320M (26%)    
[2026-04-03T03:24:35.017+0600][70.894s][info][gc,heap     ] GC(135) y: Young Generation Statistics:
[2026-04-03T03:24:35.017+0600][70.894s][info][gc,heap     ] GC(135) y:                Mark Start          Mark End        Relocate Start      Relocate End    
[2026-04-03T03:24:35.017+0600][70.894s][info][gc,heap     ] GC(135) y:      Used:      396M (32%)         424M (34%)         106M (8%)           58M (5%)     
[2026-04-03T03:24:35.017+0600][70.894s][info][gc,heap     ] GC(135) y:      Live:         -                 1M (0%)            1M (0%)            1M (0%)     
[2026-04-03T03:24:35.017+0600][70.894s][info][gc,heap     ] GC(135) y:   Garbage:         -               394M (32%)          60M (5%)            0M (0%)     
[2026-04-03T03:24:35.017+0600][70.894s][info][gc,heap     ] GC(135) y: Allocated:         -                28M (2%)           44M (4%)           56M (5%)     
[2026-04-03T03:24:35.017+0600][70.895s][info][gc,heap     ] GC(135) y: Reclaimed:         -                  -               334M (27%)         394M (32%)    
[2026-04-03T03:24:35.017+0600][70.895s][info][gc,heap     ] GC(135) y:  Promoted:         -                  -                 0M (0%)            0M (0%)     
[2026-04-03T03:24:35.017+0600][70.895s][info][gc,heap     ] GC(135) y: Compacted:         -                  -                  -                 1M (0%)     
[2026-04-03T03:24:35.017+0600][70.895s][info][gc,phases   ] GC(135) y: Young Generation 658M(53%)->320M(26%) 0.023s
[2026-04-03T03:24:35.017+0600][70.895s][info][gc          ] GC(135) Minor Collection (Allocation Rate) 658M(53%)->320M(26%) 0.024s
[2026-04-03T03:24:35.036+0600][70.913s][info][gc          ] GC(136) Minor Collection (Allocation Rate)
[2026-04-03T03:24:35.036+0600][70.913s][info][gc,task     ] GC(136) Using 2 Workers for Young Generation
[2026-04-03T03:24:35.036+0600][70.913s][info][gc,phases   ] GC(136) y: Young Generation
[2026-04-03T03:24:35.036+0600][70.914s][info][gc,phases   ] GC(136) y: Pause Mark Start 0.025ms
[2026-04-03T03:24:35.063+0600][70.941s][info][gc,phases   ] GC(136) y: Concurrent Mark 27.354ms
[2026-04-03T03:24:35.064+0600][70.941s][info][gc,phases   ] GC(136) y: Pause Mark End 0.028ms
[2026-04-03T03:24:35.064+0600][70.942s][info][gc,phases   ] GC(136) y: Concurrent Mark Free 0.001ms
[2026-04-03T03:24:35.064+0600][70.942s][info][gc,phases   ] GC(136) y: Concurrent Reset Relocation Set 0.006ms
[2026-04-03T03:24:35.069+0600][70.947s][info][gc,reloc    ] GC(136) y: Using tenuring threshold: 4 (Computed)
[2026-04-03T03:24:35.072+0600][70.950s][info][gc,phases   ] GC(136) y: Concurrent Select Relocation Set 8.434ms
[2026-04-03T03:24:35.073+0600][70.950s][info][gc,phases   ] GC(136) y: Pause Relocate Start 0.021ms
[2026-04-03T03:24:35.085+0600][70.963s][info][gc,phases   ] GC(136) y: Concurrent Relocate 12.732ms
[2026-04-03T03:24:35.085+0600][70.963s][info][gc,alloc    ] GC(136) y:                         Mark Start        Mark End      Relocate Start    Relocate End   
[2026-04-03T03:24:35.085+0600][70.963s][info][gc,alloc    ] GC(136) y: Allocation Stalls:          0                0                0                0         
[2026-04-03T03:24:35.086+0600][70.963s][info][gc,load     ] GC(136) y: Load: 4.29 (36%) / 4.61 (38%) / 5.19 (43%)
[2026-04-03T03:24:35.086+0600][70.963s][info][gc,mmu      ] GC(136) y: MMU: 2ms/87.1%, 5ms/94.9%, 10ms/97.4%, 20ms/98.7%, 50ms/99.4%, 100ms/99.6%
[2026-04-03T03:24:35.086+0600][70.963s][info][gc,marking  ] GC(136) y: Mark: 2 stripe(s), 2 proactive flush(es), 1 terminate flush(es), 0 completion(s), 0 continuation(s) 
[2026-04-03T03:24:35.086+0600][70.963s][info][gc,marking  ] GC(136) y: Mark Stack Usage: 32M
[2026-04-03T03:24:35.086+0600][70.963s][info][gc,nmethod  ] GC(136) y: NMethods: 7463 registered, 1435 unregistered
[2026-04-03T03:24:35.086+0600][70.963s][info][gc,metaspace] GC(136) y: Metaspace: 71M used, 72M committed, 1088M reserved
[2026-04-03T03:24:35.086+0600][70.963s][info][gc,reloc    ] GC(136) y:                        Candidates     Selected     In-Place         Size        Empty    Relocated 
[2026-04-03T03:24:35.086+0600][70.963s][info][gc,reloc    ] GC(136) y: Small Pages:                   50           46            0         100M           0M           4M 
[2026-04-03T03:24:35.086+0600][70.963s][info][gc,reloc    ] GC(136) y: Medium Pages:                   1            0            0          32M           0M           0M 
[2026-04-03T03:24:35.086+0600][70.963s][info][gc,reloc    ] GC(136) y: Large Pages:                    0            0            0           0M           0M           0M 
[2026-04-03T03:24:35.086+0600][70.963s][info][gc,reloc    ] GC(136) y: Forwarding Usage: 4M
[2026-04-03T03:24:35.086+0600][70.963s][info][gc,reloc    ] GC(136) y: Age Table:
[2026-04-03T03:24:35.086+0600][70.963s][info][gc,reloc    ] GC(136) y:                    Live             Garbage             Small              Medium             Large        
[2026-04-03T03:24:35.086+0600][70.963s][info][gc,reloc    ] GC(136) y: Eden               5M (0%)          112M (9%)          43 / 40             1 / 0              0 / 0        
[2026-04-03T03:24:35.086+0600][70.963s][info][gc,reloc    ] GC(136) y: Survivor 1         0M (0%)            9M (1%)           5 / 4              0 / 0              0 / 0        
[2026-04-03T03:24:35.086+0600][70.963s][info][gc,reloc    ] GC(136) y: Survivor 2         0M (0%)            1M (0%)           1 / 1              0 / 0              0 / 0        
[2026-04-03T03:24:35.086+0600][70.964s][info][gc,reloc    ] GC(136) y: Survivor 3         0M (0%)            1M (0%)           1 / 1              0 / 0              0 / 0        
[2026-04-03T03:24:35.086+0600][70.964s][info][gc,heap     ] GC(136) y: Min Capacity: 8M(1%)
[2026-04-03T03:24:35.086+0600][70.964s][info][gc,heap     ] GC(136) y: Max Capacity: 1250M(100%)
[2026-04-03T03:24:35.086+0600][70.964s][info][gc,heap     ] GC(136) y: Soft Max Capacity: 1250M(100%)
[2026-04-03T03:24:35.086+0600][70.964s][info][gc,heap     ] GC(136) y: Heap Statistics:
[2026-04-03T03:24:35.086+0600][70.964s][info][gc,heap     ] GC(136) y:                Mark Start          Mark End        Relocate Start      Relocate End           High               Low         
[2026-04-03T03:24:35.086+0600][70.964s][info][gc,heap     ] GC(136) y:  Capacity:     1250M (100%)       1250M (100%)       1250M (100%)       1250M (100%)       1250M (100%)       1250M (100%)   
[2026-04-03T03:24:35.086+0600][70.964s][info][gc,heap     ] GC(136) y:      Free:      856M (68%)         774M (62%)         760M (61%)         822M (66%)         856M (68%)         752M (60%)    
[2026-04-03T03:24:35.086+0600][70.964s][info][gc,heap     ] GC(136) y:      Used:      394M (32%)         476M (38%)         490M (39%)         428M (34%)         498M (40%)         394M (32%)    
[2026-04-03T03:24:35.086+0600][70.964s][info][gc,heap     ] GC(136) y: Young Generation Statistics:
[2026-04-03T03:24:35.086+0600][70.964s][info][gc,heap     ] GC(136) y:                Mark Start          Mark End        Relocate Start      Relocate End    
[2026-04-03T03:24:35.086+0600][70.964s][info][gc,heap     ] GC(136) y:      Used:      132M (11%)         214M (17%)         228M (18%)         166M (13%)    
[2026-04-03T03:24:35.086+0600][70.964s][info][gc,heap     ] GC(136) y:      Live:         -                 6M (1%)            6M (1%)            6M (1%)     
[2026-04-03T03:24:35.086+0600][70.964s][info][gc,heap     ] GC(136) y:   Garbage:         -               125M (10%)         125M (10%)          32M (3%)     
[2026-04-03T03:24:35.086+0600][70.964s][info][gc,heap     ] GC(136) y: Allocated:         -                82M (7%)           96M (8%)          126M (10%)    
[2026-04-03T03:24:35.086+0600][70.964s][info][gc,heap     ] GC(136) y: Reclaimed:         -                  -                 0M (0%)           92M (7%)     
[2026-04-03T03:24:35.086+0600][70.964s][info][gc,heap     ] GC(136) y:  Promoted:         -                  -                 0M (0%)            0M (0%)     
[2026-04-03T03:24:35.086+0600][70.964s][info][gc,heap     ] GC(136) y: Compacted:         -                  -                  -                 5M (0%)     
[2026-04-03T03:24:35.086+0600][70.964s][info][gc,phases   ] GC(136) y: Young Generation 394M(32%)->428M(34%) 0.050s
[2026-04-03T03:24:35.086+0600][70.964s][info][gc          ] GC(136) Minor Collection (Allocation Rate) 394M(32%)->428M(34%) 0.050s
[2026-04-03T03:24:35.140+0600][71.018s][info][gc          ] GC(137) Minor Collection (Allocation Rate)
[2026-04-03T03:24:35.140+0600][71.018s][info][gc,task     ] GC(137) Using 2 Workers for Young Generation
[2026-04-03T03:24:35.140+0600][71.018s][info][gc,phases   ] GC(137) y: Young Generation
[2026-04-03T03:24:35.141+0600][71.018s][info][gc,phases   ] GC(137) y: Pause Mark Start 0.032ms
[2026-04-03T03:24:35.222+0600][71.100s][info][gc,phases   ] GC(137) y: Concurrent Mark 81.009ms
[2026-04-03T03:24:35.222+0600][71.100s][info][gc,phases   ] GC(137) y: Pause Mark End 0.059ms
[2026-04-03T03:24:35.223+0600][71.100s][info][gc,phases   ] GC(137) y: Concurrent Mark Free 0.002ms
[2026-04-03T03:24:35.223+0600][71.100s][info][gc,phases   ] GC(137) y: Concurrent Reset Relocation Set 0.011ms
[2026-04-03T03:24:35.228+0600][71.106s][info][gc,reloc    ] GC(137) y: Using tenuring threshold: 3 (Computed)
[2026-04-03T03:24:35.238+0600][71.116s][info][gc,phases   ] GC(137) y: Concurrent Select Relocation Set 15.342ms
[2026-04-03T03:24:35.238+0600][71.116s][info][gc,phases   ] GC(137) y: Pause Relocate Start 0.048ms
[2026-04-03T03:24:35.282+0600][71.160s][info][gc,phases   ] GC(137) y: Concurrent Relocate 43.178ms
[2026-04-03T03:24:35.282+0600][71.160s][info][gc,alloc    ] GC(137) y:                         Mark Start        Mark End      Relocate Start    Relocate End   
[2026-04-03T03:24:35.282+0600][71.160s][info][gc,alloc    ] GC(137) y: Allocation Stalls:          0                0                0                0         
[2026-04-03T03:24:35.282+0600][71.160s][info][gc,load     ] GC(137) y: Load: 4.29 (36%) / 4.61 (38%) / 5.19 (43%)
[2026-04-03T03:24:35.282+0600][71.160s][info][gc,mmu      ] GC(137) y: MMU: 2ms/87.1%, 5ms/94.9%, 10ms/97.4%, 20ms/98.7%, 50ms/99.4%, 100ms/99.6%
[2026-04-03T03:24:35.282+0600][71.160s][info][gc,marking  ] GC(137) y: Mark: 2 stripe(s), 2 proactive flush(es), 1 terminate flush(es), 0 completion(s), 0 continuation(s) 
[2026-04-03T03:24:35.282+0600][71.160s][info][gc,marking  ] GC(137) y: Mark Stack Usage: 32M
[2026-04-03T03:24:35.282+0600][71.160s][info][gc,nmethod  ] GC(137) y: NMethods: 7467 registered, 1435 unregistered
[2026-04-03T03:24:35.282+0600][71.160s][info][gc,metaspace] GC(137) y: Metaspace: 71M used, 72M committed, 1088M reserved
[2026-04-03T03:24:35.282+0600][71.160s][info][gc,reloc    ] GC(137) y:                        Candidates     Selected     In-Place         Size        Empty    Relocated 
[2026-04-03T03:24:35.282+0600][71.160s][info][gc,reloc    ] GC(137) y: Small Pages:                  105           90            0         210M           0M          17M 
[2026-04-03T03:24:35.282+0600][71.160s][info][gc,reloc    ] GC(137) y: Medium Pages:                   2            0            0          64M          32M           0M 
[2026-04-03T03:24:35.282+0600][71.160s][info][gc,reloc    ] GC(137) y: Large Pages:                    0            0            0           0M           0M           0M 
[2026-04-03T03:24:35.282+0600][71.160s][info][gc,reloc    ] GC(137) y: Forwarding Usage: 19M
[2026-04-03T03:24:35.282+0600][71.160s][info][gc,reloc    ] GC(137) y: Age Table:
[2026-04-03T03:24:35.282+0600][71.160s][info][gc,reloc    ] GC(137) y:                    Live             Garbage             Small              Medium             Large        
[2026-04-03T03:24:35.282+0600][71.160s][info][gc,reloc    ] GC(137) y: Eden              24M (2%)          191M (15%)         92 / 81             1 / 0              0 / 0        
[2026-04-03T03:24:35.282+0600][71.160s][info][gc,reloc    ] GC(137) y: Survivor 1         4M (0%)           37M (3%)           5 / 2              1 / 0              0 / 0        
[2026-04-03T03:24:35.282+0600][71.160s][info][gc,reloc    ] GC(137) y: Survivor 2         0M (0%)           11M (1%)           6 / 5              0 / 0              0 / 0        
[2026-04-03T03:24:35.282+0600][71.160s][info][gc,reloc    ] GC(137) y: Survivor 3         0M (0%)            1M (0%)           1 / 1              0 / 0              0 / 0        
[2026-04-03T03:24:35.282+0600][71.160s][info][gc,reloc    ] GC(137) y: Survivor 4         0M (0%)            1M (0%)           1 / 1              0 / 0              0 / 0        
[2026-04-03T03:24:35.282+0600][71.160s][info][gc,heap     ] GC(137) y: Min Capacity: 8M(1%)
[2026-04-03T03:24:35.282+0600][71.160s][info][gc,heap     ] GC(137) y: Max Capacity: 1250M(100%)
[2026-04-03T03:24:35.282+0600][71.160s][info][gc,heap     ] GC(137) y: Soft Max Capacity: 1250M(100%)
[2026-04-03T03:24:35.282+0600][71.160s][info][gc,heap     ] GC(137) y: Heap Statistics:
[2026-04-03T03:24:35.282+0600][71.160s][info][gc,heap     ] GC(137) y:                Mark Start          Mark End        Relocate Start      Relocate End           High               Low         
[2026-04-03T03:24:35.282+0600][71.160s][info][gc,heap     ] GC(137) y:  Capacity:     1250M (100%)       1250M (100%)       1250M (100%)       1250M (100%)       1250M (100%)       1250M (100%)   
[2026-04-03T03:24:35.282+0600][71.160s][info][gc,heap     ] GC(137) y:      Free:      714M (57%)         532M (43%)         530M (42%)         640M (51%)         714M (57%)         520M (42%)    
[2026-04-03T03:24:35.282+0600][71.160s][info][gc,heap     ] GC(137) y:      Used:      536M (43%)         718M (57%)         720M (58%)         610M (49%)         730M (58%)         536M (43%)    
[2026-04-03T03:24:35.282+0600][71.160s][info][gc,heap     ] GC(137) y: Young Generation Statistics:
[2026-04-03T03:24:35.282+0600][71.160s][info][gc,heap     ] GC(137) y:                Mark Start          Mark End        Relocate Start      Relocate End    
[2026-04-03T03:24:35.282+0600][71.160s][info][gc,heap     ] GC(137) y:      Used:      274M (22%)         456M (36%)         458M (37%)         346M (28%)    
[2026-04-03T03:24:35.282+0600][71.160s][info][gc,heap     ] GC(137) y:      Live:         -                29M (2%)           29M (2%)           29M (2%)     
[2026-04-03T03:24:35.282+0600][71.160s][info][gc,heap     ] GC(137) y:   Garbage:         -               244M (20%)         212M (17%)          28M (2%)     
[2026-04-03T03:24:35.282+0600][71.160s][info][gc,heap     ] GC(137) y: Allocated:         -               182M (15%)         216M (17%)         287M (23%)    
[2026-04-03T03:24:35.282+0600][71.160s][info][gc,heap     ] GC(137) y: Reclaimed:         -                  -                32M (3%)          215M (17%)    
[2026-04-03T03:24:35.282+0600][71.160s][info][gc,heap     ] GC(137) y:  Promoted:         -                  -                 0M (0%)            0M (0%)     
[2026-04-03T03:24:35.282+0600][71.160s][info][gc,heap     ] GC(137) y: Compacted:         -                  -                  -                20M (2%)     
[2026-04-03T03:24:35.282+0600][71.160s][info][gc,phases   ] GC(137) y: Young Generation 536M(43%)->610M(49%) 0.141s
[2026-04-03T03:24:35.282+0600][71.160s][info][gc          ] GC(137) Minor Collection (Allocation Rate) 536M(43%)->612M(49%) 0.142s
[2026-04-03T03:24:35.282+0600][71.160s][info][gc          ] GC(138) Minor Collection (Allocation Rate)
[2026-04-03T03:24:35.282+0600][71.160s][info][gc,task     ] GC(138) Using 3 Workers for Young Generation
[2026-04-03T03:24:35.283+0600][71.160s][info][gc,phases   ] GC(138) y: Young Generation
[2026-04-03T03:24:35.283+0600][71.161s][info][gc,phases   ] GC(138) y: Pause Mark Start 0.038ms
[2026-04-03T03:24:35.419+0600][71.296s][info][gc,phases   ] GC(138) y: Concurrent Mark 135.465ms
[2026-04-03T03:24:35.419+0600][71.297s][info][gc,phases   ] GC(138) y: Pause Mark End 0.044ms
[2026-04-03T03:24:35.419+0600][71.297s][info][gc,phases   ] GC(138) y: Concurrent Mark Free 0.004ms
[2026-04-03T03:24:35.419+0600][71.297s][info][gc,phases   ] GC(138) y: Concurrent Reset Relocation Set 0.033ms
[2026-04-03T03:24:35.425+0600][71.303s][info][gc,reloc    ] GC(138) y: Using tenuring threshold: 4 (Computed)
[2026-04-03T03:24:35.433+0600][71.311s][info][gc,phases   ] GC(138) y: Concurrent Select Relocation Set 13.308ms
[2026-04-03T03:24:35.433+0600][71.311s][info][gc,phases   ] GC(138) y: Pause Relocate Start 0.059ms
[2026-04-03T03:24:35.478+0600][71.356s][info][gc,phases   ] GC(138) y: Concurrent Relocate 44.581ms
[2026-04-03T03:24:35.478+0600][71.356s][info][gc,alloc    ] GC(138) y:                         Mark Start        Mark End      Relocate Start    Relocate End   
[2026-04-03T03:24:35.478+0600][71.356s][info][gc,alloc    ] GC(138) y: Allocation Stalls:          0                0                0                0         
[2026-04-03T03:24:35.478+0600][71.356s][info][gc,load     ] GC(138) y: Load: 4.29 (36%) / 4.61 (38%) / 5.19 (43%)
[2026-04-03T03:24:35.479+0600][71.356s][info][gc,mmu      ] GC(138) y: MMU: 2ms/87.1%, 5ms/94.9%, 10ms/97.4%, 20ms/98.7%, 50ms/99.4%, 100ms/99.6%
[2026-04-03T03:24:35.479+0600][71.356s][info][gc,marking  ] GC(138) y: Mark: 2 stripe(s), 2 proactive flush(es), 1 terminate flush(es), 0 completion(s), 0 continuation(s) 
[2026-04-03T03:24:35.479+0600][71.356s][info][gc,marking  ] GC(138) y: Mark Stack Usage: 32M
[2026-04-03T03:24:35.479+0600][71.356s][info][gc,nmethod  ] GC(138) y: NMethods: 7468 registered, 1435 unregistered
[2026-04-03T03:24:35.479+0600][71.356s][info][gc,metaspace] GC(138) y: Metaspace: 71M used, 72M committed, 1088M reserved
[2026-04-03T03:24:35.479+0600][71.356s][info][gc,reloc    ] GC(138) y:                        Candidates     Selected     In-Place         Size        Empty    Relocated 
[2026-04-03T03:24:35.479+0600][71.356s][info][gc,reloc    ] GC(138) y: Small Pages:                  133          104            0         266M           0M          24M 
[2026-04-03T03:24:35.479+0600][71.356s][info][gc,reloc    ] GC(138) y: Medium Pages:                   2            0            0          64M          64M           0M 
[2026-04-03T03:24:35.479+0600][71.356s][info][gc,reloc    ] GC(138) y: Large Pages:                    3            0            0          18M           0M           0M 
[2026-04-03T03:24:35.479+0600][71.356s][info][gc,reloc    ] GC(138) y: Forwarding Usage: 26M
[2026-04-03T03:24:35.479+0600][71.356s][info][gc,reloc    ] GC(138) y: Age Table:
[2026-04-03T03:24:35.479+0600][71.356s][info][gc,reloc    ] GC(138) y:                    Live             Garbage             Small              Medium             Large        
[2026-04-03T03:24:35.479+0600][71.356s][info][gc,reloc    ] GC(138) y: Eden              44M (4%)          227M (18%)        111 / 95             1 / 0              3 / 0        
[2026-04-03T03:24:35.479+0600][71.356s][info][gc,reloc    ] GC(138) y: Survivor 1        18M (2%)           35M (3%)          11 / 1              1 / 0              0 / 0        
[2026-04-03T03:24:35.479+0600][71.356s][info][gc,reloc    ] GC(138) y: Survivor 2         4M (0%)            7M (1%)           6 / 3              0 / 0              0 / 0        
[2026-04-03T03:24:35.479+0600][71.356s][info][gc,reloc    ] GC(138) y: Survivor 3         0M (0%)            9M (1%)           5 / 5              0 / 0              0 / 0        
[2026-04-03T03:24:35.479+0600][71.357s][info][gc,heap     ] GC(138) y: Min Capacity: 8M(1%)
[2026-04-03T03:24:35.479+0600][71.357s][info][gc,heap     ] GC(138) y: Max Capacity: 1250M(100%)
[2026-04-03T03:24:35.479+0600][71.357s][info][gc,heap     ] GC(138) y: Soft Max Capacity: 1250M(100%)
[2026-04-03T03:24:35.479+0600][71.357s][info][gc,heap     ] GC(138) y: Heap Statistics:
[2026-04-03T03:24:35.479+0600][71.357s][info][gc,heap     ] GC(138) y:                Mark Start          Mark End        Relocate Start      Relocate End           High               Low         
[2026-04-03T03:24:35.479+0600][71.357s][info][gc,heap     ] GC(138) y:  Capacity:     1250M (100%)       1250M (100%)       1250M (100%)       1250M (100%)       1250M (100%)       1250M (100%)   
[2026-04-03T03:24:35.479+0600][71.357s][info][gc,heap     ] GC(138) y:      Free:      638M (51%)         446M (36%)         502M (40%)         668M (53%)         668M (53%)         442M (35%)    
[2026-04-03T03:24:35.479+0600][71.357s][info][gc,heap     ] GC(138) y:      Used:      612M (49%)         804M (64%)         748M (60%)         582M (47%)         808M (65%)         582M (47%)    
[2026-04-03T03:24:35.479+0600][71.357s][info][gc,heap     ] GC(138) y: Young Generation Statistics:
[2026-04-03T03:24:35.479+0600][71.357s][info][gc,heap     ] GC(138) y:                Mark Start          Mark End        Relocate Start      Relocate End    
[2026-04-03T03:24:35.479+0600][71.357s][info][gc,heap     ] GC(138) y:      Used:      348M (28%)         540M (43%)         484M (39%)         318M (25%)    
[2026-04-03T03:24:35.479+0600][71.357s][info][gc,heap     ] GC(138) y:      Live:         -                68M (5%)           68M (5%)           68M (5%)     
[2026-04-03T03:24:35.479+0600][71.357s][info][gc,heap     ] GC(138) y:   Garbage:         -               279M (22%)         215M (17%)           2M (0%)     
[2026-04-03T03:24:35.479+0600][71.357s][info][gc,heap     ] GC(138) y: Allocated:         -               192M (15%)         200M (16%)         247M (20%)    
[2026-04-03T03:24:35.479+0600][71.357s][info][gc,heap     ] GC(138) y: Reclaimed:         -                  -                64M (5%)          277M (22%)    
[2026-04-03T03:24:35.479+0600][71.357s][info][gc,heap     ] GC(138) y:  Promoted:         -                  -                 0M (0%)            0M (0%)     
[2026-04-03T03:24:35.479+0600][71.357s][info][gc,heap     ] GC(138) y: Compacted:         -                  -                  -                28M (2%)     
[2026-04-03T03:24:35.479+0600][71.357s][info][gc,phases   ] GC(138) y: Young Generation 612M(49%)->582M(47%) 0.196s
[2026-04-03T03:24:35.479+0600][71.357s][info][gc          ] GC(138) Minor Collection (Allocation Rate) 612M(49%)->582M(47%) 0.197s
[2026-04-03T03:24:35.479+0600][71.357s][info][gc          ] GC(139) Minor Collection (Allocation Rate)
[2026-04-03T03:24:35.479+0600][71.357s][info][gc,task     ] GC(139) Using 3 Workers for Young Generation
[2026-04-03T03:24:35.479+0600][71.357s][info][gc,phases   ] GC(139) y: Young Generation
[2026-04-03T03:24:35.480+0600][71.357s][info][gc,phases   ] GC(139) y: Pause Mark Start 0.033ms
[2026-04-03T03:24:35.686+0600][71.563s][info][gc,phases   ] GC(139) y: Concurrent Mark 205.677ms
[2026-04-03T03:24:35.686+0600][71.564s][info][gc,phases   ] GC(139) y: Pause Mark End 0.040ms
[2026-04-03T03:24:35.686+0600][71.564s][info][gc,phases   ] GC(139) y: Concurrent Mark Free 0.002ms
[2026-04-03T03:24:35.686+0600][71.564s][info][gc,phases   ] GC(139) y: Concurrent Reset Relocation Set 0.032ms
[2026-04-03T03:24:35.693+0600][71.570s][info][gc,reloc    ] GC(139) y: Using tenuring threshold: 4 (Computed)
[2026-04-03T03:24:35.696+0600][71.574s][info][gc,phases   ] GC(139) y: Concurrent Select Relocation Set 9.927ms
[2026-04-03T03:24:35.697+0600][71.575s][info][gc,phases   ] GC(139) y: Pause Relocate Start 0.090ms
[2026-04-03T03:24:35.746+0600][71.624s][info][gc,phases   ] GC(139) y: Concurrent Relocate 48.995ms
[2026-04-03T03:24:35.746+0600][71.624s][info][gc,alloc    ] GC(139) y:                         Mark Start        Mark End      Relocate Start    Relocate End   
[2026-04-03T03:24:35.746+0600][71.624s][info][gc,alloc    ] GC(139) y: Allocation Stalls:          0                0                0                0         
[2026-04-03T03:24:35.746+0600][71.624s][info][gc,load     ] GC(139) y: Load: 4.51 (38%) / 4.65 (39%) / 5.20 (43%)
[2026-04-03T03:24:35.746+0600][71.624s][info][gc,mmu      ] GC(139) y: MMU: 2ms/87.1%, 5ms/94.9%, 10ms/97.4%, 20ms/98.7%, 50ms/99.4%, 100ms/99.6%
[2026-04-03T03:24:35.746+0600][71.624s][info][gc,marking  ] GC(139) y: Mark: 2 stripe(s), 2 proactive flush(es), 1 terminate flush(es), 0 completion(s), 0 continuation(s) 
[2026-04-03T03:24:35.746+0600][71.624s][info][gc,marking  ] GC(139) y: Mark Stack Usage: 32M
[2026-04-03T03:24:35.746+0600][71.624s][info][gc,nmethod  ] GC(139) y: NMethods: 7468 registered, 1435 unregistered
[2026-04-03T03:24:35.746+0600][71.624s][info][gc,metaspace] GC(139) y: Metaspace: 71M used, 72M committed, 1088M reserved
[2026-04-03T03:24:35.746+0600][71.624s][info][gc,reloc    ] GC(139) y:                        Candidates     Selected     In-Place         Size        Empty    Relocated 
[2026-04-03T03:24:35.746+0600][71.624s][info][gc,reloc    ] GC(139) y: Small Pages:                  134           94            0         268M           0M          23M 
[2026-04-03T03:24:35.747+0600][71.624s][info][gc,reloc    ] GC(139) y: Medium Pages:                   1            0            0          32M           0M           0M 
[2026-04-03T03:24:35.747+0600][71.624s][info][gc,reloc    ] GC(139) y: Large Pages:                    3            0            0          18M           0M           0M 
[2026-04-03T03:24:35.747+0600][71.624s][info][gc,reloc    ] GC(139) y: Forwarding Usage: 27M
[2026-04-03T03:24:35.747+0600][71.624s][info][gc,reloc    ] GC(139) y: Age Table:
[2026-04-03T03:24:35.747+0600][71.624s][info][gc,reloc    ] GC(139) y:                    Live             Garbage             Small              Medium             Large        
[2026-04-03T03:24:35.747+0600][71.624s][info][gc,reloc    ] GC(139) y: Eden              24M (2%)          193M (15%)         93 / 79             1 / 0              0 / 0        
[2026-04-03T03:24:35.747+0600][71.624s][info][gc,reloc    ] GC(139) y: Survivor 1        44M (4%)            9M (1%)          18 / 4              0 / 0              3 / 0        
[2026-04-03T03:24:35.747+0600][71.624s][info][gc,reloc    ] GC(139) y: Survivor 2        18M (2%)            3M (0%)          11 / 2              0 / 0              0 / 0        
[2026-04-03T03:24:35.747+0600][71.624s][info][gc,reloc    ] GC(139) y: Survivor 3         4M (0%)            7M (1%)           6 / 3              0 / 0              0 / 0        
[2026-04-03T03:24:35.747+0600][71.624s][info][gc,reloc    ] GC(139) y: Survivor 4         0M (0%)           11M (1%)           6 / 6              0 / 0              0 / 0        
[2026-04-03T03:24:35.747+0600][71.624s][info][gc,heap     ] GC(139) y: Min Capacity: 8M(1%)
[2026-04-03T03:24:35.747+0600][71.624s][info][gc,heap     ] GC(139) y: Max Capacity: 1250M(100%)
[2026-04-03T03:24:35.747+0600][71.624s][info][gc,heap     ] GC(139) y: Soft Max Capacity: 1250M(100%)
[2026-04-03T03:24:35.747+0600][71.625s][info][gc,heap     ] GC(139) y: Heap Statistics:
[2026-04-03T03:24:35.747+0600][71.625s][info][gc,heap     ] GC(139) y:                Mark Start          Mark End        Relocate Start      Relocate End           High               Low         
[2026-04-03T03:24:35.747+0600][71.625s][info][gc,heap     ] GC(139) y:  Capacity:     1250M (100%)       1250M (100%)       1250M (100%)       1250M (100%)       1250M (100%)       1250M (100%)   
[2026-04-03T03:24:35.747+0600][71.625s][info][gc,heap     ] GC(139) y:      Free:      668M (53%)         618M (49%)         618M (49%)         778M (62%)         778M (62%)         596M (48%)    
[2026-04-03T03:24:35.747+0600][71.625s][info][gc,heap     ] GC(139) y:      Used:      582M (47%)         632M (51%)         632M (51%)         472M (38%)         654M (52%)         472M (38%)    
[2026-04-03T03:24:35.747+0600][71.625s][info][gc,heap     ] GC(139) y: Young Generation Statistics:
[2026-04-03T03:24:35.747+0600][71.625s][info][gc,heap     ] GC(139) y:                Mark Start          Mark End        Relocate Start      Relocate End    
[2026-04-03T03:24:35.747+0600][71.625s][info][gc,heap     ] GC(139) y:      Used:      318M (25%)         368M (29%)         368M (29%)         200M (16%)    
[2026-04-03T03:24:35.747+0600][71.625s][info][gc,heap     ] GC(139) y:      Live:         -                93M (7%)           93M (7%)           92M (7%)     
[2026-04-03T03:24:35.747+0600][71.625s][info][gc,heap     ] GC(139) y:   Garbage:         -               224M (18%)         224M (18%)          32M (3%)     
[2026-04-03T03:24:35.747+0600][71.625s][info][gc,heap     ] GC(139) y: Allocated:         -                50M (4%)           50M (4%)           75M (6%)     
[2026-04-03T03:24:35.747+0600][71.625s][info][gc,heap     ] GC(139) y: Reclaimed:         -                  -                 0M (0%)          192M (15%)    
[2026-04-03T03:24:35.747+0600][71.625s][info][gc,heap     ] GC(139) y:  Promoted:         -                  -                 0M (0%)            0M (0%)     
[2026-04-03T03:24:35.747+0600][71.625s][info][gc,heap     ] GC(139) y: Compacted:         -                  -                  -                28M (2%)     
[2026-04-03T03:24:35.747+0600][71.625s][info][gc,phases   ] GC(139) y: Young Generation 582M(47%)->472M(38%) 0.267s
[2026-04-03T03:24:35.747+0600][71.625s][info][gc          ] GC(139) Minor Collection (Allocation Rate) 582M(47%)->472M(38%) 0.268s
[2026-04-03T03:24:35.747+0600][71.625s][info][gc          ] GC(140) Major Collection (Allocation Rate)
[2026-04-03T03:24:35.747+0600][71.625s][info][gc,task     ] GC(140) Using 3 Workers for Young Generation
[2026-04-03T03:24:35.747+0600][71.625s][info][gc,task     ] GC(140) Using 1 Workers for Old Generation
[2026-04-03T03:24:35.748+0600][71.625s][info][gc,phases   ] GC(140) Y: Young Generation
[2026-04-03T03:24:35.748+0600][71.626s][info][gc,phases   ] GC(140) Y: Pause Mark Start (Major) 0.069ms
[2026-04-03T03:24:36.111+0600][71.989s][info][gc,phases   ] GC(140) Y: Concurrent Mark 362.512ms
[2026-04-03T03:24:36.111+0600][71.989s][info][gc,phases   ] GC(140) Y: Pause Mark End 0.030ms
[2026-04-03T03:24:36.111+0600][71.989s][info][gc,phases   ] GC(140) Y: Concurrent Mark Free 0.003ms
[2026-04-03T03:24:36.111+0600][71.989s][info][gc,phases   ] GC(140) Y: Concurrent Reset Relocation Set 0.025ms
[2026-04-03T03:24:36.113+0600][71.991s][info][gc,reloc    ] GC(140) Y: Using tenuring threshold: 1 (Computed)
[2026-04-03T03:24:36.149+0600][72.027s][info][gc,phases   ] GC(140) Y: Concurrent Select Relocation Set 37.816ms
[2026-04-03T03:24:36.149+0600][72.027s][info][gc,phases   ] GC(140) Y: Pause Relocate Start 0.025ms
[2026-04-03T03:24:36.218+0600][72.096s][info][gc,phases   ] GC(140) Y: Concurrent Relocate 68.648ms
[2026-04-03T03:24:36.218+0600][72.096s][info][gc,alloc    ] GC(140) Y:                         Mark Start        Mark End      Relocate Start    Relocate End   
[2026-04-03T03:24:36.218+0600][72.096s][info][gc,alloc    ] GC(140) Y: Allocation Stalls:          0                0                0                0         
[2026-04-03T03:24:36.218+0600][72.096s][info][gc,load     ] GC(140) Y: Load: 4.51 (38%) / 4.65 (39%) / 5.20 (43%)
[2026-04-03T03:24:36.218+0600][72.096s][info][gc,mmu      ] GC(140) Y: MMU: 2ms/87.1%, 5ms/94.9%, 10ms/97.4%, 20ms/98.7%, 50ms/99.4%, 100ms/99.6%
[2026-04-03T03:24:36.218+0600][72.096s][info][gc,marking  ] GC(140) Y: Mark: 2 stripe(s), 10 proactive flush(es), 1 terminate flush(es), 0 completion(s), 0 continuation(s) 
[2026-04-03T03:24:36.218+0600][72.096s][info][gc,marking  ] GC(140) Y: Mark Stack Usage: 32M
[2026-04-03T03:24:36.218+0600][72.096s][info][gc,nmethod  ] GC(140) Y: NMethods: 7503 registered, 1435 unregistered
[2026-04-03T03:24:36.218+0600][72.096s][info][gc,metaspace] GC(140) Y: Metaspace: 71M used, 72M committed, 1088M reserved
[2026-04-03T03:24:36.218+0600][72.096s][info][gc,reloc    ] GC(140) Y:                        Candidates     Selected     In-Place         Size        Empty    Relocated 
[2026-04-03T03:24:36.218+0600][72.096s][info][gc,reloc    ] GC(140) Y: Small Pages:                   59           14            0         118M          12M           4M 
[2026-04-03T03:24:36.218+0600][72.096s][info][gc,reloc    ] GC(140) Y: Medium Pages:                   2            0            0          64M          32M           0M 
[2026-04-03T03:24:36.218+0600][72.096s][info][gc,reloc    ] GC(140) Y: Large Pages:                    3            0            0          18M           0M           0M 
[2026-04-03T03:24:36.218+0600][72.096s][info][gc,reloc    ] GC(140) Y: Forwarding Usage: 3M
[2026-04-03T03:24:36.218+0600][72.096s][info][gc,reloc    ] GC(140) Y: Age Table:
[2026-04-03T03:24:36.218+0600][72.096s][info][gc,reloc    ] GC(140) Y:                    Live             Garbage             Small              Medium             Large        
[2026-04-03T03:24:36.218+0600][72.096s][info][gc,reloc    ] GC(140) Y: Eden               7M (1%)           42M (3%)           9 / 2              1 / 0              0 / 0        
[2026-04-03T03:24:36.219+0600][72.096s][info][gc,reloc    ] GC(140) Y: Survivor 1        23M (2%)           36M (3%)          14 / 2              1 / 0              0 / 0        
[2026-04-03T03:24:36.219+0600][72.096s][info][gc,reloc    ] GC(140) Y: Survivor 2        44M (4%)            9M (1%)          18 / 6              0 / 0              3 / 0        
[2026-04-03T03:24:36.219+0600][72.096s][info][gc,reloc    ] GC(140) Y: Survivor 3        18M (2%)            5M (0%)          12 / 1              0 / 0              0 / 0        
[2026-04-03T03:24:36.219+0600][72.096s][info][gc,reloc    ] GC(140) Y: Survivor 4         4M (0%)            7M (1%)           6 / 3              0 / 0              0 / 0        
[2026-04-03T03:24:36.219+0600][72.096s][info][gc,heap     ] GC(140) Y: Min Capacity: 8M(1%)
[2026-04-03T03:24:36.219+0600][72.096s][info][gc,heap     ] GC(140) Y: Max Capacity: 1250M(100%)
[2026-04-03T03:24:36.219+0600][72.096s][info][gc,heap     ] GC(140) Y: Soft Max Capacity: 1250M(100%)
[2026-04-03T03:24:36.219+0600][72.096s][info][gc,heap     ] GC(140) Y: Heap Statistics:
[2026-04-03T03:24:36.219+0600][72.096s][info][gc,heap     ] GC(140) Y:                Mark Start          Mark End        Relocate Start      Relocate End           High               Low         
[2026-04-03T03:24:36.219+0600][72.096s][info][gc,heap     ] GC(140) Y:  Capacity:     1250M (100%)       1250M (100%)       1250M (100%)       1250M (100%)       1250M (100%)       1250M (100%)   
[2026-04-03T03:24:36.219+0600][72.096s][info][gc,heap     ] GC(140) Y:      Free:      778M (62%)         648M (52%)         670M (54%)         630M (50%)         778M (62%)         630M (50%)    
[2026-04-03T03:24:36.219+0600][72.096s][info][gc,heap     ] GC(140) Y:      Used:      472M (38%)         602M (48%)         580M (46%)         620M (50%)         620M (50%)         472M (38%)    
[2026-04-03T03:24:36.219+0600][72.096s][info][gc,heap     ] GC(140) Y: Young Generation Statistics:
[2026-04-03T03:24:36.219+0600][72.096s][info][gc,heap     ] GC(140) Y:                Mark Start          Mark End        Relocate Start      Relocate End    
[2026-04-03T03:24:36.219+0600][72.096s][info][gc,heap     ] GC(140) Y:      Used:      200M (16%)         330M (26%)         218M (17%)         246M (20%)    
[2026-04-03T03:24:36.219+0600][72.096s][info][gc,heap     ] GC(140) Y:      Live:         -                98M (8%)           12M (1%)            7M (1%)     
[2026-04-03T03:24:36.219+0600][72.096s][info][gc,heap     ] GC(140) Y:   Garbage:         -               101M (8%)           53M (4%)           24M (2%)     
[2026-04-03T03:24:36.219+0600][72.096s][info][gc,heap     ] GC(140) Y: Allocated:         -               130M (10%)         152M (12%)         213M (17%)    
[2026-04-03T03:24:36.219+0600][72.097s][info][gc,heap     ] GC(140) Y: Reclaimed:         -                  -                48M (4%)           77M (6%)     
[2026-04-03T03:24:36.219+0600][72.097s][info][gc,heap     ] GC(140) Y:  Promoted:         -                  -                85M (7%)           90M (7%)     
[2026-04-03T03:24:36.219+0600][72.097s][info][gc,heap     ] GC(140) Y: Compacted:         -                  -                  -                 0M (0%)     
[2026-04-03T03:24:36.219+0600][72.097s][info][gc,phases   ] GC(140) Y: Young Generation 472M(38%)->620M(50%) 0.471s
[2026-04-03T03:24:36.219+0600][72.097s][info][gc,phases   ] GC(140) O: Old Generation
[2026-04-03T03:24:36.221+0600][72.098s][info][gc,task     ] Adjusting Workers for Old Generation: 1 -> 2
[2026-04-03T03:24:36.221+0600][72.098s][info][gc          ] GC(141) Minor Collection (Allocation Rate)
[2026-04-03T03:24:36.221+0600][72.099s][info][gc,task     ] GC(141) Using 1 Workers for Young Generation
[2026-04-03T03:24:36.221+0600][72.099s][info][gc,phases   ] GC(141) y: Young Generation
[2026-04-03T03:24:36.221+0600][72.099s][info][gc,phases   ] GC(141) y: Pause Mark Start 0.026ms
[2026-04-03T03:24:36.329+0600][72.207s][info][gc,phases   ] GC(141) y: Concurrent Mark 108.264ms
[2026-04-03T03:24:36.330+0600][72.207s][info][gc,phases   ] GC(141) y: Pause Mark End 0.030ms
[2026-04-03T03:24:36.330+0600][72.208s][info][gc,phases   ] GC(141) y: Concurrent Mark Free 0.002ms
[2026-04-03T03:24:36.330+0600][72.208s][info][gc,phases   ] GC(141) y: Concurrent Reset Relocation Set 0.105ms
[2026-04-03T03:24:36.336+0600][72.214s][info][gc,reloc    ] GC(141) y: Using tenuring threshold: 2 (Computed)
[2026-04-03T03:24:36.339+0600][72.217s][info][gc,phases   ] GC(141) y: Concurrent Select Relocation Set 9.235ms
[2026-04-03T03:24:36.340+0600][72.217s][info][gc,phases   ] GC(141) y: Pause Relocate Start 0.028ms
[2026-04-03T03:24:36.382+0600][72.260s][info][gc,phases   ] GC(141) y: Concurrent Relocate 42.370ms
[2026-04-03T03:24:36.382+0600][72.260s][info][gc,alloc    ] GC(141) y:                         Mark Start        Mark End      Relocate Start    Relocate End   
[2026-04-03T03:24:36.382+0600][72.260s][info][gc,alloc    ] GC(141) y: Allocation Stalls:          0                0                0                0         
[2026-04-03T03:24:36.382+0600][72.260s][info][gc,load     ] GC(141) y: Load: 4.51 (38%) / 4.65 (39%) / 5.20 (43%)
[2026-04-03T03:24:36.382+0600][72.260s][info][gc,mmu      ] GC(141) y: MMU: 2ms/87.1%, 5ms/94.9%, 10ms/97.4%, 20ms/98.7%, 50ms/99.4%, 100ms/99.6%
[2026-04-03T03:24:36.382+0600][72.260s][info][gc,marking  ] GC(141) y: Mark: 1 stripe(s), 2 proactive flush(es), 1 terminate flush(es), 0 completion(s), 0 continuation(s) 
[2026-04-03T03:24:36.382+0600][72.260s][info][gc,marking  ] GC(141) y: Mark Stack Usage: 32M
[2026-04-03T03:24:36.382+0600][72.260s][info][gc,nmethod  ] GC(141) y: NMethods: 7506 registered, 1435 unregistered
[2026-04-03T03:24:36.382+0600][72.260s][info][gc,metaspace] GC(141) y: Metaspace: 71M used, 72M committed, 1088M reserved
[2026-04-03T03:24:36.382+0600][72.260s][info][gc,reloc    ] GC(141) y:                        Candidates     Selected     In-Place         Size        Empty    Relocated 
[2026-04-03T03:24:36.382+0600][72.260s][info][gc,reloc    ] GC(141) y: Small Pages:                   50           34            0         100M          26M           4M 
[2026-04-03T03:24:36.382+0600][72.260s][info][gc,reloc    ] GC(141) y: Medium Pages:                   4            1            0         128M          32M           9M 
[2026-04-03T03:24:36.382+0600][72.260s][info][gc,reloc    ] GC(141) y: Large Pages:                    3            0            0          18M          12M           0M 
[2026-04-03T03:24:36.382+0600][72.260s][info][gc,reloc    ] GC(141) y: Forwarding Usage: 5M
[2026-04-03T03:24:36.382+0600][72.260s][info][gc,reloc    ] GC(141) y: Age Table:
[2026-04-03T03:24:36.382+0600][72.260s][info][gc,reloc    ] GC(141) y:                    Live             Garbage             Small              Medium             Large        
[2026-04-03T03:24:36.382+0600][72.260s][info][gc,reloc    ] GC(141) y: Eden              51M (4%)          158M (13%)         48 / 32             3 / 1              3 / 0        
[2026-04-03T03:24:36.383+0600][72.260s][info][gc,reloc    ] GC(141) y: Survivor 1         0M (0%)           35M (3%)           2 / 2              1 / 0              0 / 0        
[2026-04-03T03:24:36.383+0600][72.260s][info][gc,heap     ] GC(141) y: Min Capacity: 8M(1%)
[2026-04-03T03:24:36.383+0600][72.260s][info][gc,heap     ] GC(141) y: Max Capacity: 1250M(100%)
[2026-04-03T03:24:36.383+0600][72.260s][info][gc,heap     ] GC(141) y: Soft Max Capacity: 1250M(100%)
[2026-04-03T03:24:36.383+0600][72.260s][info][gc,heap     ] GC(141) y: Heap Statistics:
[2026-04-03T03:24:36.383+0600][72.260s][info][gc,heap     ] GC(141) y:                Mark Start          Mark End        Relocate Start      Relocate End           High               Low         
[2026-04-03T03:24:36.383+0600][72.260s][info][gc,heap     ] GC(141) y:  Capacity:     1250M (100%)       1250M (100%)       1250M (100%)       1250M (100%)       1250M (100%)       1250M (100%)   
[2026-04-03T03:24:36.383+0600][72.260s][info][gc,heap     ] GC(141) y:      Free:      630M (50%)         498M (40%)         568M (45%)         626M (50%)         630M (50%)         466M (37%)    
[2026-04-03T03:24:36.383+0600][72.260s][info][gc,heap     ] GC(141) y:      Used:      620M (50%)         752M (60%)         682M (55%)         624M (50%)         784M (63%)         620M (50%)    
[2026-04-03T03:24:36.383+0600][72.260s][info][gc,heap     ] GC(141) y: Young Generation Statistics:
[2026-04-03T03:24:36.383+0600][72.260s][info][gc,heap     ] GC(141) y:                Mark Start          Mark End        Relocate Start      Relocate End    
[2026-04-03T03:24:36.383+0600][72.260s][info][gc,heap     ] GC(141) y:      Used:      246M (20%)         378M (30%)         308M (25%)         250M (20%)    
[2026-04-03T03:24:36.383+0600][72.260s][info][gc,heap     ] GC(141) y:      Live:         -                51M (4%)           51M (4%)           51M (4%)     
[2026-04-03T03:24:36.383+0600][72.260s][info][gc,heap     ] GC(141) y:   Garbage:         -               194M (16%)         124M (10%)           9M (1%)     
[2026-04-03T03:24:36.383+0600][72.260s][info][gc,heap     ] GC(141) y: Allocated:         -               132M (11%)         132M (11%)         188M (15%)    
[2026-04-03T03:24:36.383+0600][72.261s][info][gc,heap     ] GC(141) y: Reclaimed:         -                  -                70M (6%)          184M (15%)    
[2026-04-03T03:24:36.383+0600][72.261s][info][gc,heap     ] GC(141) y:  Promoted:         -                  -                 0M (0%)            0M (0%)     
[2026-04-03T03:24:36.383+0600][72.261s][info][gc,heap     ] GC(141) y: Compacted:         -                  -                  -                23M (2%)     
[2026-04-03T03:24:36.383+0600][72.261s][info][gc,phases   ] GC(141) y: Young Generation 620M(50%)->624M(50%) 0.161s
[2026-04-03T03:24:36.383+0600][72.261s][info][gc          ] GC(141) Minor Collection (Allocation Rate) 620M(50%)->624M(50%) 0.162s
[2026-04-03T03:24:36.383+0600][72.261s][info][gc          ] GC(142) Minor Collection (Allocation Rate)
[2026-04-03T03:24:36.383+0600][72.261s][info][gc,task     ] GC(142) Using 1 Workers for Young Generation
[2026-04-03T03:24:36.383+0600][72.261s][info][gc,phases   ] GC(142) y: Young Generation
[2026-04-03T03:24:36.383+0600][72.261s][info][gc,phases   ] GC(142) y: Pause Mark Start 0.050ms
[2026-04-03T03:24:36.532+0600][72.410s][info][gc,phases   ] GC(142) y: Concurrent Mark 148.578ms
[2026-04-03T03:24:36.533+0600][72.411s][info][gc,phases   ] GC(142) y: Pause Mark End 0.035ms
[2026-04-03T03:24:36.533+0600][72.411s][info][gc,phases   ] GC(142) y: Concurrent Mark Free 0.006ms
[2026-04-03T03:24:36.533+0600][72.411s][info][gc,phases   ] GC(142) y: Concurrent Reset Relocation Set 0.014ms
[2026-04-03T03:24:36.541+0600][72.419s][info][gc,reloc    ] GC(142) y: Using tenuring threshold: 3 (Computed)
[2026-04-03T03:24:36.545+0600][72.423s][info][gc,phases   ] GC(142) y: Concurrent Select Relocation Set 12.078ms
[2026-04-03T03:24:36.546+0600][72.424s][info][gc,phases   ] GC(142) y: Pause Relocate Start 0.043ms
[2026-04-03T03:24:36.598+0600][72.476s][info][gc,phases   ] GC(142) y: Concurrent Relocate 50.381ms
[2026-04-03T03:24:36.598+0600][72.476s][info][gc,alloc    ] GC(142) y:                         Mark Start        Mark End      Relocate Start    Relocate End   
[2026-04-03T03:24:36.598+0600][72.476s][info][gc,alloc    ] GC(142) y: Allocation Stalls:          0                0                0                0         
[2026-04-03T03:24:36.598+0600][72.476s][info][gc,load     ] GC(142) y: Load: 4.51 (38%) / 4.65 (39%) / 5.20 (43%)
[2026-04-03T03:24:36.598+0600][72.476s][info][gc,mmu      ] GC(142) y: MMU: 2ms/87.1%, 5ms/94.9%, 10ms/97.4%, 20ms/98.7%, 50ms/99.4%, 100ms/99.6%
[2026-04-03T03:24:36.598+0600][72.476s][info][gc,marking  ] GC(142) y: Mark: 1 stripe(s), 2 proactive flush(es), 1 terminate flush(es), 0 completion(s), 0 continuation(s) 
[2026-04-03T03:24:36.598+0600][72.476s][info][gc,marking  ] GC(142) y: Mark Stack Usage: 32M
[2026-04-03T03:24:36.598+0600][72.476s][info][gc,nmethod  ] GC(142) y: NMethods: 7536 registered, 1435 unregistered
[2026-04-03T03:24:36.598+0600][72.476s][info][gc,metaspace] GC(142) y: Metaspace: 71M used, 72M committed, 1088M reserved
[2026-04-03T03:24:36.598+0600][72.476s][info][gc,reloc    ] GC(142) y:                        Candidates     Selected     In-Place         Size        Empty    Relocated 
[2026-04-03T03:24:36.598+0600][72.476s][info][gc,reloc    ] GC(142) y: Small Pages:                   46           38            0          92M           2M           5M 
[2026-04-03T03:24:36.598+0600][72.476s][info][gc,reloc    ] GC(142) y: Medium Pages:                   4            3            0         128M           0M          20M 
[2026-04-03T03:24:36.598+0600][72.476s][info][gc,reloc    ] GC(142) y: Large Pages:                    5            0            0          30M          18M           0M 
[2026-04-03T03:24:36.598+0600][72.476s][info][gc,reloc    ] GC(142) y: Forwarding Usage: 6M
[2026-04-03T03:24:36.598+0600][72.476s][info][gc,reloc    ] GC(142) y: Age Table:
[2026-04-03T03:24:36.598+0600][72.476s][info][gc,reloc    ] GC(142) y:                    Live             Garbage             Small              Medium             Large        
[2026-04-03T03:24:36.598+0600][72.476s][info][gc,reloc    ] GC(142) y: Eden              27M (2%)          106M (9%)          39 / 35             1 / 1              4 / 0        
[2026-04-03T03:24:36.598+0600][72.476s][info][gc,reloc    ] GC(142) y: Survivor 1        21M (2%)           92M (7%)           6 / 2              3 / 2              1 / 0        
[2026-04-03T03:24:36.598+0600][72.476s][info][gc,reloc    ] GC(142) y: Survivor 2         0M (0%)            1M (0%)           1 / 1              0 / 0              0 / 0        
[2026-04-03T03:24:36.598+0600][72.476s][info][gc,heap     ] GC(142) y: Min Capacity: 8M(1%)
[2026-04-03T03:24:36.598+0600][72.476s][info][gc,heap     ] GC(142) y: Max Capacity: 1250M(100%)
[2026-04-03T03:24:36.598+0600][72.476s][info][gc,heap     ] GC(142) y: Soft Max Capacity: 1250M(100%)
[2026-04-03T03:24:36.598+0600][72.476s][info][gc,heap     ] GC(142) y: Heap Statistics:
[2026-04-03T03:24:36.598+0600][72.476s][info][gc,heap     ] GC(142) y:                Mark Start          Mark End        Relocate Start      Relocate End           High               Low         
[2026-04-03T03:24:36.598+0600][72.476s][info][gc,heap     ] GC(142) y:  Capacity:     1250M (100%)       1250M (100%)       1250M (100%)       1250M (100%)       1250M (100%)       1250M (100%)   
[2026-04-03T03:24:36.598+0600][72.476s][info][gc,heap     ] GC(142) y:      Free:      626M (50%)         576M (46%)         590M (47%)         632M (51%)         632M (51%)         486M (39%)    
[2026-04-03T03:24:36.598+0600][72.476s][info][gc,heap     ] GC(142) y:      Used:      624M (50%)         674M (54%)         660M (53%)         618M (49%)         764M (61%)         618M (49%)    
[2026-04-03T03:24:36.598+0600][72.476s][info][gc,heap     ] GC(142) y: Young Generation Statistics:
[2026-04-03T03:24:36.599+0600][72.476s][info][gc,heap     ] GC(142) y:                Mark Start          Mark End        Relocate Start      Relocate End    
[2026-04-03T03:24:36.599+0600][72.476s][info][gc,heap     ] GC(142) y:      Used:      250M (20%)         300M (24%)         286M (23%)         244M (20%)    
[2026-04-03T03:24:36.599+0600][72.476s][info][gc,heap     ] GC(142) y:      Live:         -                48M (4%)           48M (4%)           48M (4%)     
[2026-04-03T03:24:36.599+0600][72.476s][info][gc,heap     ] GC(142) y:   Garbage:         -               201M (16%)         181M (15%)           0M (0%)     
[2026-04-03T03:24:36.599+0600][72.476s][info][gc,heap     ] GC(142) y: Allocated:         -                50M (4%)           56M (4%)          194M (16%)    
[2026-04-03T03:24:36.599+0600][72.476s][info][gc,heap     ] GC(142) y: Reclaimed:         -                  -                20M (2%)          200M (16%)    
[2026-04-03T03:24:36.599+0600][72.476s][info][gc,heap     ] GC(142) y:  Promoted:         -                  -                 0M (0%)            0M (0%)     
[2026-04-03T03:24:36.599+0600][72.476s][info][gc,heap     ] GC(142) y: Compacted:         -                  -                  -                31M (3%)     
[2026-04-03T03:24:36.599+0600][72.476s][info][gc,phases   ] GC(142) y: Young Generation 624M(50%)->618M(49%) 0.215s
[2026-04-03T03:24:36.599+0600][72.476s][info][gc          ] GC(142) Minor Collection (Allocation Rate) 624M(50%)->620M(50%) 0.216s
[2026-04-03T03:24:36.599+0600][72.476s][info][gc          ] GC(143) Minor Collection (Allocation Rate)
[2026-04-03T03:24:36.599+0600][72.477s][info][gc,task     ] GC(143) Using 1 Workers for Young Generation
[2026-04-03T03:24:36.599+0600][72.477s][info][gc,phases   ] GC(143) y: Young Generation
[2026-04-03T03:24:36.599+0600][72.477s][info][gc,phases   ] GC(143) y: Pause Mark Start 0.029ms
[2026-04-03T03:24:36.725+0600][72.603s][info][gc,phases   ] GC(140) O: Concurrent Mark 506.581ms
[2026-04-03T03:24:36.726+0600][72.604s][info][gc,phases   ] GC(140) O: Pause Mark End 0.030ms
[2026-04-03T03:24:36.726+0600][72.604s][info][gc,phases   ] GC(140) O: Concurrent Mark Free 0.001ms
[2026-04-03T03:24:36.741+0600][72.619s][info][gc,phases   ] GC(140) O: Concurrent Process Non-Strong 14.806ms
[2026-04-03T03:24:36.741+0600][72.619s][info][gc,phases   ] GC(140) O: Concurrent Reset Relocation Set 0.010ms
[2026-04-03T03:24:36.742+0600][72.620s][info][gc,phases   ] GC(143) y: Concurrent Mark 143.072ms
[2026-04-03T03:24:36.743+0600][72.621s][info][gc,phases   ] GC(143) y: Pause Mark End 0.050ms
[2026-04-03T03:24:36.743+0600][72.621s][info][gc,phases   ] GC(143) y: Concurrent Mark Free 0.003ms
[2026-04-03T03:24:36.743+0600][72.621s][info][gc,phases   ] GC(143) y: Concurrent Reset Relocation Set 0.012ms
[2026-04-03T03:24:36.745+0600][72.623s][info][gc,reloc    ] GC(143) y: Using tenuring threshold: 2 (Computed)
[2026-04-03T03:24:36.749+0600][72.626s][info][gc,phases   ] GC(140) O: Concurrent Select Relocation Set 7.669ms
[2026-04-03T03:24:36.756+0600][72.634s][info][gc,phases   ] GC(143) y: Concurrent Select Relocation Set 12.684ms
[2026-04-03T03:24:36.756+0600][72.634s][info][gc,phases   ] GC(143) y: Pause Relocate Start 0.021ms
[2026-04-03T03:24:36.794+0600][72.672s][info][gc,phases   ] GC(143) y: Concurrent Relocate 37.678ms
[2026-04-03T03:24:36.794+0600][72.672s][info][gc,alloc    ] GC(143) y:                         Mark Start        Mark End      Relocate Start    Relocate End   
[2026-04-03T03:24:36.794+0600][72.672s][info][gc,alloc    ] GC(143) y: Allocation Stalls:          0                0                0                0         
[2026-04-03T03:24:36.794+0600][72.672s][info][gc,load     ] GC(143) y: Load: 4.51 (38%) / 4.65 (39%) / 5.20 (43%)
[2026-04-03T03:24:36.794+0600][72.672s][info][gc,mmu      ] GC(143) y: MMU: 2ms/87.1%, 5ms/94.9%, 10ms/97.4%, 20ms/98.7%, 50ms/99.4%, 100ms/99.6%
[2026-04-03T03:24:36.794+0600][72.672s][info][gc,marking  ] GC(143) y: Mark: 1 stripe(s), 2 proactive flush(es), 1 terminate flush(es), 0 completion(s), 0 continuation(s) 
[2026-04-03T03:24:36.794+0600][72.672s][info][gc,marking  ] GC(143) y: Mark Stack Usage: 32M
[2026-04-03T03:24:36.794+0600][72.672s][info][gc,nmethod  ] GC(143) y: NMethods: 7551 registered, 1463 unregistered
[2026-04-03T03:24:36.794+0600][72.672s][info][gc,metaspace] GC(143) y: Metaspace: 71M used, 72M committed, 1088M reserved
[2026-04-03T03:24:36.794+0600][72.672s][info][gc,reloc    ] GC(143) y:                        Candidates     Selected     In-Place         Size        Empty    Relocated 
[2026-04-03T03:24:36.794+0600][72.672s][info][gc,reloc    ] GC(143) y: Small Pages:                   31           22            0          62M           2M           3M 
[2026-04-03T03:24:36.794+0600][72.672s][info][gc,reloc    ] GC(143) y: Medium Pages:                   5            3            0         160M           0M          12M 
[2026-04-03T03:24:36.794+0600][72.672s][info][gc,reloc    ] GC(143) y: Large Pages:                    4            0            0          24M          12M           0M 
[2026-04-03T03:24:36.794+0600][72.672s][info][gc,reloc    ] GC(143) y: Forwarding Usage: 3M
[2026-04-03T03:24:36.794+0600][72.672s][info][gc,reloc    ] GC(143) y: Age Table:
[2026-04-03T03:24:36.794+0600][72.672s][info][gc,reloc    ] GC(143) y:                    Live             Garbage             Small              Medium             Large        
[2026-04-03T03:24:36.794+0600][72.672s][info][gc,reloc    ] GC(143) y: Eden              27M (2%)           58M (5%)          21 / 19             1 / 0              2 / 0        
[2026-04-03T03:24:36.794+0600][72.672s][info][gc,reloc    ] GC(143) y: Survivor 1        17M (1%)           66M (5%)           4 / 1              2 / 2              2 / 0        
[2026-04-03T03:24:36.794+0600][72.672s][info][gc,reloc    ] GC(143) y: Survivor 2        14M (1%)           59M (5%)           5 / 1              2 / 1              0 / 0        
[2026-04-03T03:24:36.794+0600][72.672s][info][gc,reloc    ] GC(143) y: Survivor 3         0M (0%)            1M (0%)           1 / 1              0 / 0              0 / 0        
[2026-04-03T03:24:36.794+0600][72.672s][info][gc,heap     ] GC(143) y: Min Capacity: 8M(1%)
[2026-04-03T03:24:36.794+0600][72.672s][info][gc,heap     ] GC(143) y: Max Capacity: 1250M(100%)
[2026-04-03T03:24:36.794+0600][72.672s][info][gc,heap     ] GC(143) y: Soft Max Capacity: 1250M(100%)
[2026-04-03T03:24:36.794+0600][72.672s][info][gc,heap     ] GC(143) y: Heap Statistics:
[2026-04-03T03:24:36.794+0600][72.672s][info][gc,heap     ] GC(143) y:                Mark Start          Mark End        Relocate Start      Relocate End           High               Low         
[2026-04-03T03:24:36.794+0600][72.672s][info][gc,heap     ] GC(143) y:  Capacity:     1250M (100%)       1250M (100%)       1250M (100%)       1250M (100%)       1250M (100%)       1250M (100%)   
[2026-04-03T03:24:36.794+0600][72.672s][info][gc,heap     ] GC(143) y:      Free:      630M (50%)         444M (36%)         496M (40%)         544M (44%)         630M (50%)         442M (35%)    
[2026-04-03T03:24:36.794+0600][72.672s][info][gc,heap     ] GC(143) y:      Used:      620M (50%)         806M (64%)         754M (60%)         706M (56%)         808M (65%)         620M (50%)    
[2026-04-03T03:24:36.794+0600][72.672s][info][gc,heap     ] GC(143) y: Young Generation Statistics:
[2026-04-03T03:24:36.794+0600][72.672s][info][gc,heap     ] GC(143) y:                Mark Start          Mark End        Relocate Start      Relocate End    
[2026-04-03T03:24:36.794+0600][72.672s][info][gc,heap     ] GC(143) y:      Used:      246M (20%)         432M (35%)         424M (34%)         342M (27%)    
[2026-04-03T03:24:36.794+0600][72.672s][info][gc,heap     ] GC(143) y:      Live:         -                59M (5%)           53M (4%)           44M (4%)     
[2026-04-03T03:24:36.794+0600][72.672s][info][gc,heap     ] GC(143) y:   Garbage:         -               186M (15%)         172M (14%)          13M (1%)     
[2026-04-03T03:24:36.794+0600][72.672s][info][gc,heap     ] GC(143) y: Allocated:         -               186M (15%)         198M (16%)         283M (23%)    
[2026-04-03T03:24:36.794+0600][72.672s][info][gc,heap     ] GC(143) y: Reclaimed:         -                  -                14M (1%)          173M (14%)    
[2026-04-03T03:24:36.794+0600][72.672s][info][gc,heap     ] GC(143) y:  Promoted:         -                  -                 5M (0%)           14M (1%)     
[2026-04-03T03:24:36.794+0600][72.672s][info][gc,heap     ] GC(143) y: Compacted:         -                  -                  -                 8M (1%)     
[2026-04-03T03:24:36.794+0600][72.672s][info][gc,phases   ] GC(143) y: Young Generation 620M(50%)->706M(56%) 0.195s
[2026-04-03T03:24:36.794+0600][72.672s][info][gc          ] GC(143) Minor Collection (Allocation Rate) 620M(50%)->706M(56%) 0.196s
[2026-04-03T03:24:36.795+0600][72.672s][info][gc,task     ] GC(140) O: Using 3 Workers for Old Generation
[2026-04-03T03:24:36.795+0600][72.672s][info][gc,task     ] Adjusting Workers for Old Generation: 2 -> 1
[2026-04-03T03:24:36.814+0600][72.692s][info][gc,task     ] GC(140) O: Using 2 Workers for Old Generation
[2026-04-03T03:24:36.814+0600][72.692s][info][gc,phases   ] GC(140) O: Concurrent Remap Roots 19.828ms
[2026-04-03T03:24:36.815+0600][72.692s][info][gc,phases   ] GC(140) O: Pause Relocate Start 0.096ms
[2026-04-03T03:24:36.815+0600][72.693s][info][gc          ] GC(144) Minor Collection (Allocation Rate)
[2026-04-03T03:24:36.815+0600][72.693s][info][gc,task     ] GC(144) Using 2 Workers for Young Generation
[2026-04-03T03:24:36.815+0600][72.693s][info][gc,phases   ] GC(144) y: Young Generation
[2026-04-03T03:24:36.815+0600][72.693s][info][gc,phases   ] GC(144) y: Pause Mark Start 0.015ms
[2026-04-03T03:24:36.822+0600][72.700s][info][gc,phases   ] GC(140) O: Concurrent Relocate 7.403ms
[2026-04-03T03:24:36.886+0600][72.764s][info][gc,phases   ] GC(144) y: Concurrent Mark 71.071ms
[2026-04-03T03:24:36.887+0600][72.764s][info][gc,phases   ] GC(144) y: Pause Mark End 0.034ms
[2026-04-03T03:24:36.887+0600][72.764s][info][gc,phases   ] GC(144) y: Concurrent Mark Free 0.001ms
[2026-04-03T03:24:36.887+0600][72.764s][info][gc,phases   ] GC(144) y: Concurrent Reset Relocation Set 0.012ms
[2026-04-03T03:24:36.888+0600][72.766s][info][gc,reloc    ] GC(144) y: Using tenuring threshold: 2 (Computed)
[2026-04-03T03:24:36.910+0600][72.787s][info][gc,phases   ] GC(144) y: Concurrent Select Relocation Set 22.947ms
[2026-04-03T03:24:36.910+0600][72.787s][info][gc,phases   ] GC(144) y: Pause Relocate Start 0.011ms
[2026-04-03T03:24:36.962+0600][72.840s][info][gc,phases   ] GC(144) y: Concurrent Relocate 52.174ms
[2026-04-03T03:24:36.962+0600][72.840s][info][gc,alloc    ] GC(144) y:                         Mark Start        Mark End      Relocate Start    Relocate End   
[2026-04-03T03:24:36.962+0600][72.840s][info][gc,alloc    ] GC(144) y: Allocation Stalls:          0                0                0                0         
[2026-04-03T03:24:36.962+0600][72.840s][info][gc,load     ] GC(144) y: Load: 4.51 (38%) / 4.65 (39%) / 5.20 (43%)
[2026-04-03T03:24:36.962+0600][72.840s][info][gc,mmu      ] GC(144) y: MMU: 2ms/87.1%, 5ms/94.9%, 10ms/97.4%, 20ms/98.7%, 50ms/99.4%, 100ms/99.6%
[2026-04-03T03:24:36.962+0600][72.840s][info][gc,marking  ] GC(144) y: Mark: 2 stripe(s), 3 proactive flush(es), 1 terminate flush(es), 0 completion(s), 0 continuation(s) 
[2026-04-03T03:24:36.962+0600][72.840s][info][gc,marking  ] GC(144) y: Mark Stack Usage: 32M
[2026-04-03T03:24:36.962+0600][72.840s][info][gc,nmethod  ] GC(144) y: NMethods: 7559 registered, 1463 unregistered
[2026-04-03T03:24:36.962+0600][72.840s][info][gc,metaspace] GC(144) y: Metaspace: 71M used, 72M committed, 1088M reserved
[2026-04-03T03:24:36.962+0600][72.840s][info][gc,reloc    ] GC(144) y:                        Candidates     Selected     In-Place         Size        Empty    Relocated 
[2026-04-03T03:24:36.962+0600][72.840s][info][gc,reloc    ] GC(144) y: Small Pages:                   96           80            0         192M           0M          16M 
[2026-04-03T03:24:36.962+0600][72.840s][info][gc,reloc    ] GC(144) y: Medium Pages:                   4            2            0         128M           0M           9M 
[2026-04-03T03:24:36.962+0600][72.840s][info][gc,reloc    ] GC(144) y: Large Pages:                    8            0            0          52M          26M           0M 
[2026-04-03T03:24:36.962+0600][72.840s][info][gc,reloc    ] GC(144) y: Forwarding Usage: 20M
[2026-04-03T03:24:36.962+0600][72.840s][info][gc,reloc    ] GC(144) y: Age Table:
[2026-04-03T03:24:36.962+0600][72.840s][info][gc,reloc    ] GC(144) y:                    Live             Garbage             Small              Medium             Large        
[2026-04-03T03:24:36.962+0600][72.840s][info][gc,reloc    ] GC(144) y: Eden              60M (5%)          223M (18%)         90 / 79             2 / 0              6 / 0        
[2026-04-03T03:24:36.962+0600][72.840s][info][gc,reloc    ] GC(144) y: Survivor 1         7M (1%)           34M (3%)           2 / 0              1 / 1              1 / 0        
[2026-04-03T03:24:36.962+0600][72.840s][info][gc,reloc    ] GC(144) y: Survivor 2        17M (1%)           28M (2%)           4 / 1              1 / 1              1 / 0        
[2026-04-03T03:24:36.962+0600][72.840s][info][gc,heap     ] GC(144) y: Min Capacity: 8M(1%)
[2026-04-03T03:24:36.962+0600][72.840s][info][gc,heap     ] GC(144) y: Max Capacity: 1250M(100%)
[2026-04-03T03:24:36.962+0600][72.840s][info][gc,heap     ] GC(144) y: Soft Max Capacity: 1250M(100%)
[2026-04-03T03:24:36.962+0600][72.840s][info][gc,heap     ] GC(144) y: Heap Statistics:
[2026-04-03T03:24:36.962+0600][72.840s][info][gc,heap     ] GC(144) y:                Mark Start          Mark End        Relocate Start      Relocate End           High               Low         
[2026-04-03T03:24:36.962+0600][72.840s][info][gc,heap     ] GC(144) y:  Capacity:     1250M (100%)       1250M (100%)       1250M (100%)       1250M (100%)       1250M (100%)       1250M (100%)   
[2026-04-03T03:24:36.962+0600][72.840s][info][gc,heap     ] GC(144) y:      Free:      514M (41%)         502M (40%)         508M (41%)         596M (48%)         612M (49%)         406M (32%)    
[2026-04-03T03:24:36.962+0600][72.840s][info][gc,heap     ] GC(144) y:      Used:      736M (59%)         748M (60%)         742M (59%)         654M (52%)         844M (68%)         638M (51%)    
[2026-04-03T03:24:36.962+0600][72.840s][info][gc,heap     ] GC(144) y: Young Generation Statistics:
[2026-04-03T03:24:36.962+0600][72.840s][info][gc,heap     ] GC(144) y:                Mark Start          Mark End        Relocate Start      Relocate End    
[2026-04-03T03:24:36.962+0600][72.840s][info][gc,heap     ] GC(144) y:      Used:      372M (30%)         402M (32%)         384M (31%)         262M (21%)    
[2026-04-03T03:24:36.962+0600][72.840s][info][gc,heap     ] GC(144) y:      Live:         -                85M (7%)           73M (6%)           68M (5%)     
[2026-04-03T03:24:36.962+0600][72.840s][info][gc,heap     ] GC(144) y:   Garbage:         -               286M (23%)         260M (21%)          13M (1%)     
[2026-04-03T03:24:36.962+0600][72.840s][info][gc,heap     ] GC(144) y: Allocated:         -                30M (2%)           50M (4%)          180M (14%)    
[2026-04-03T03:24:36.962+0600][72.840s][info][gc,heap     ] GC(144) y: Reclaimed:         -                  -                26M (2%)          273M (22%)    
[2026-04-03T03:24:36.962+0600][72.840s][info][gc,heap     ] GC(144) y:  Promoted:         -                  -                11M (1%)           17M (1%)     
[2026-04-03T03:24:36.962+0600][72.840s][info][gc,heap     ] GC(144) y: Compacted:         -                  -                  -                27M (2%)     
[2026-04-03T03:24:36.962+0600][72.840s][info][gc,phases   ] GC(144) y: Young Generation 736M(59%)->654M(52%) 0.147s
[2026-04-03T03:24:36.962+0600][72.840s][info][gc          ] GC(144) Minor Collection (Allocation Rate) 736M(59%)->654M(52%) 0.147s
[2026-04-03T03:24:36.962+0600][72.840s][info][gc,alloc    ] GC(140) O:                         Mark Start        Mark End      Relocate Start    Relocate End   
[2026-04-03T03:24:36.962+0600][72.840s][info][gc,alloc    ] GC(140) O: Allocation Stalls:          0                0                0                0         
[2026-04-03T03:24:36.963+0600][72.840s][info][gc,load     ] GC(140) O: Load: 4.51 (38%) / 4.65 (39%) / 5.20 (43%)
[2026-04-03T03:24:36.963+0600][72.840s][info][gc,mmu      ] GC(140) O: MMU: 2ms/87.1%, 5ms/94.9%, 10ms/97.4%, 20ms/98.7%, 50ms/99.4%, 100ms/99.6%
[2026-04-03T03:24:36.963+0600][72.840s][info][gc,marking  ] GC(140) O: Mark: 1 stripe(s), 2 proactive flush(es), 1 terminate flush(es), 0 completion(s), 0 continuation(s) 
[2026-04-03T03:24:36.963+0600][72.840s][info][gc,marking  ] GC(140) O: Mark Stack Usage: 32M
[2026-04-03T03:24:36.963+0600][72.840s][info][gc,nmethod  ] GC(140) O: NMethods: 7559 registered, 1463 unregistered
[2026-04-03T03:24:36.963+0600][72.840s][info][gc,metaspace] GC(140) O: Metaspace: 71M used, 72M committed, 1088M reserved
[2026-04-03T03:24:36.963+0600][72.840s][info][gc,ref      ] GC(140) O:                       Encountered   Discovered     Enqueued 
[2026-04-03T03:24:36.963+0600][72.840s][info][gc,ref      ] GC(140) O: Soft References:             5095            0            0 
[2026-04-03T03:24:36.963+0600][72.840s][info][gc,ref      ] GC(140) O: Weak References:             7170         6063          358 
[2026-04-03T03:24:36.963+0600][72.840s][info][gc,ref      ] GC(140) O: Final References:              84            0            0 
[2026-04-03T03:24:36.963+0600][72.840s][info][gc,ref      ] GC(140) O: Phantom References:           601          348            0 
[2026-04-03T03:24:36.963+0600][72.840s][info][gc,reloc    ] GC(140) O:                        Candidates     Selected     In-Place         Size        Empty    Relocated 
[2026-04-03T03:24:36.963+0600][72.840s][info][gc,reloc    ] GC(140) O: Small Pages:                  106           13            0         212M          22M           2M 
[2026-04-03T03:24:36.963+0600][72.840s][info][gc,reloc    ] GC(140) O: Medium Pages:                   1            0            0          32M           0M           0M 
[2026-04-03T03:24:36.963+0600][72.840s][info][gc,reloc    ] GC(140) O: Large Pages:                    2            0            0          28M          28M           0M 
[2026-04-03T03:24:36.963+0600][72.840s][info][gc,reloc    ] GC(140) O: Forwarding Usage: 1M
[2026-04-03T03:24:36.963+0600][72.840s][info][gc,heap     ] GC(140) O: Min Capacity: 8M(1%)
[2026-04-03T03:24:36.963+0600][72.840s][info][gc,heap     ] GC(140) O: Max Capacity: 1250M(100%)
[2026-04-03T03:24:36.963+0600][72.840s][info][gc,heap     ] GC(140) O: Soft Max Capacity: 1250M(100%)
[2026-04-03T03:24:36.963+0600][72.840s][info][gc,heap     ] GC(140) O: Heap Statistics:
[2026-04-03T03:24:36.963+0600][72.840s][info][gc,heap     ] GC(140) O:                Mark Start          Mark End        Relocate Start      Relocate End           High               Low         
[2026-04-03T03:24:36.963+0600][72.840s][info][gc,heap     ] GC(140) O:  Capacity:     1250M (100%)       1250M (100%)       1250M (100%)       1250M (100%)       1250M (100%)       1250M (100%)   
[2026-04-03T03:24:36.963+0600][72.841s][info][gc,heap     ] GC(140) O:      Free:      778M (62%)         458M (37%)         514M (41%)         532M (43%)         778M (62%)         442M (35%)    
[2026-04-03T03:24:36.963+0600][72.841s][info][gc,heap     ] GC(140) O:      Used:      472M (38%)         792M (63%)         736M (59%)         718M (57%)         808M (65%)         472M (38%)    
[2026-04-03T03:24:36.963+0600][72.841s][info][gc,heap     ] GC(140) O: Old Generation Statistics:
[2026-04-03T03:24:36.963+0600][72.841s][info][gc,heap     ] GC(140) O:                Mark Start          Mark End        Relocate Start      Relocate End    
[2026-04-03T03:24:36.963+0600][72.841s][info][gc,heap     ] GC(140) O:      Used:      272M (22%)         374M (30%)         364M (29%)         346M (28%)    
[2026-04-03T03:24:36.963+0600][72.841s][info][gc,heap     ] GC(140) O:      Live:         -               172M (14%)         172M (14%)         172M (14%)    
[2026-04-03T03:24:36.963+0600][72.841s][info][gc,heap     ] GC(140) O:   Garbage:         -                99M (8%)           49M (4%)           23M (2%)     
[2026-04-03T03:24:36.963+0600][72.841s][info][gc,heap     ] GC(140) O: Allocated:         -               102M (8%)          142M (11%)         150M (12%)    
[2026-04-03T03:24:36.963+0600][72.841s][info][gc,heap     ] GC(140) O: Reclaimed:         -                  -                50M (4%)           76M (6%)     
[2026-04-03T03:24:36.963+0600][72.841s][info][gc,heap     ] GC(140) O: Compacted:         -                  -                  -                 3M (0%)     
[2026-04-03T03:24:36.963+0600][72.841s][info][gc,phases   ] GC(140) O: Old Generation 620M(50%)->718M(57%) 0.744s
[2026-04-03T03:24:36.963+0600][72.841s][info][gc          ] GC(140) Major Collection (Allocation Rate) 472M(38%)->654M(52%) 1.216s
[2026-04-03T03:24:36.973+0600][72.850s][info][gc          ] GC(145) Minor Collection (Allocation Rate)
[2026-04-03T03:24:36.973+0600][72.850s][info][gc,task     ] GC(145) Using 3 Workers for Young Generation
[2026-04-03T03:24:36.973+0600][72.850s][info][gc,phases   ] GC(145) y: Young Generation
[2026-04-03T03:24:36.981+0600][72.859s][info][gc,phases   ] GC(145) y: Pause Mark Start 0.017ms
[2026-04-03T03:24:37.037+0600][72.914s][info][gc,phases   ] GC(145) y: Concurrent Mark 55.063ms
[2026-04-03T03:24:37.037+0600][72.915s][info][gc,phases   ] GC(145) y: Pause Mark End 0.057ms
[2026-04-03T03:24:37.037+0600][72.915s][info][gc,phases   ] GC(145) y: Concurrent Mark Free 0.003ms
[2026-04-03T03:24:37.037+0600][72.915s][info][gc,phases   ] GC(145) y: Concurrent Reset Relocation Set 0.026ms
[2026-04-03T03:24:37.039+0600][72.916s][info][gc,reloc    ] GC(145) y: Using tenuring threshold: 3 (Computed)
[2026-04-03T03:24:37.040+0600][72.918s][info][gc,phases   ] GC(145) y: Concurrent Select Relocation Set 3.266ms
[2026-04-03T03:24:37.041+0600][72.919s][info][gc,phases   ] GC(145) y: Pause Relocate Start 0.046ms
[2026-04-03T03:24:37.053+0600][72.930s][info][gc,phases   ] GC(145) y: Concurrent Relocate 11.814ms
[2026-04-03T03:24:37.053+0600][72.931s][info][gc,alloc    ] GC(145) y:                         Mark Start        Mark End      Relocate Start    Relocate End   
[2026-04-03T03:24:37.053+0600][72.931s][info][gc,alloc    ] GC(145) y: Allocation Stalls:          0                0                0                0         
[2026-04-03T03:24:37.053+0600][72.931s][info][gc,load     ] GC(145) y: Load: 4.51 (38%) / 4.65 (39%) / 5.20 (43%)
[2026-04-03T03:24:37.053+0600][72.931s][info][gc,mmu      ] GC(145) y: MMU: 2ms/87.1%, 5ms/94.9%, 10ms/97.4%, 20ms/98.7%, 50ms/99.4%, 100ms/99.6%
[2026-04-03T03:24:37.053+0600][72.931s][info][gc,marking  ] GC(145) y: Mark: 2 stripe(s), 6 proactive flush(es), 1 terminate flush(es), 0 completion(s), 0 continuation(s) 
[2026-04-03T03:24:37.053+0600][72.931s][info][gc,marking  ] GC(145) y: Mark Stack Usage: 32M
[2026-04-03T03:24:37.053+0600][72.931s][info][gc,nmethod  ] GC(145) y: NMethods: 7559 registered, 1463 unregistered
[2026-04-03T03:24:37.053+0600][72.931s][info][gc,metaspace] GC(145) y: Metaspace: 71M used, 72M committed, 1088M reserved
[2026-04-03T03:24:37.053+0600][72.931s][info][gc,reloc    ] GC(145) y:                        Candidates     Selected     In-Place         Size        Empty    Relocated 
[2026-04-03T03:24:37.053+0600][72.931s][info][gc,reloc    ] GC(145) y: Small Pages:                   54           38            0         108M           0M           8M 
[2026-04-03T03:24:37.053+0600][72.931s][info][gc,reloc    ] GC(145) y: Medium Pages:                   4            1            0         128M          64M           4M 
[2026-04-03T03:24:37.053+0600][72.931s][info][gc,reloc    ] GC(145) y: Large Pages:                    4            0            0          26M          20M           0M 
[2026-04-03T03:24:37.053+0600][72.931s][info][gc,reloc    ] GC(145) y: Forwarding Usage: 9M
[2026-04-03T03:24:37.053+0600][72.931s][info][gc,reloc    ] GC(145) y: Age Table:
[2026-04-03T03:24:37.053+0600][72.931s][info][gc,reloc    ] GC(145) y:                    Live             Garbage             Small              Medium             Large        
[2026-04-03T03:24:37.053+0600][72.931s][info][gc,reloc    ] GC(145) y: Eden              14M (1%)           71M (6%)          40 / 35             0 / 0              1 / 0        
[2026-04-03T03:24:37.053+0600][72.931s][info][gc,reloc    ] GC(145) y: Survivor 1        20M (2%)          119M (10%)         12 / 3              3 / 0              3 / 0        
[2026-04-03T03:24:37.053+0600][72.931s][info][gc,reloc    ] GC(145) y: Survivor 2         7M (1%)           28M (2%)           2 / 0              1 / 1              0 / 0        
[2026-04-03T03:24:37.053+0600][72.931s][info][gc,heap     ] GC(145) y: Min Capacity: 8M(1%)
[2026-04-03T03:24:37.053+0600][72.931s][info][gc,heap     ] GC(145) y: Max Capacity: 1250M(100%)
[2026-04-03T03:24:37.053+0600][72.931s][info][gc,heap     ] GC(145) y: Soft Max Capacity: 1250M(100%)
[2026-04-03T03:24:37.053+0600][72.931s][info][gc,heap     ] GC(145) y: Heap Statistics:
[2026-04-03T03:24:37.053+0600][72.931s][info][gc,heap     ] GC(145) y:                Mark Start          Mark End        Relocate Start      Relocate End           High               Low         
[2026-04-03T03:24:37.053+0600][72.931s][info][gc,heap     ] GC(145) y:  Capacity:     1250M (100%)       1250M (100%)       1250M (100%)       1250M (100%)       1250M (100%)       1250M (100%)   
[2026-04-03T03:24:37.053+0600][72.931s][info][gc,heap     ] GC(145) y:      Free:      596M (48%)         560M (45%)         640M (51%)         694M (56%)         694M (56%)         560M (45%)    
[2026-04-03T03:24:37.053+0600][72.931s][info][gc,heap     ] GC(145) y:      Used:      654M (52%)         690M (55%)         610M (49%)         556M (44%)         690M (55%)         556M (44%)    
[2026-04-03T03:24:37.053+0600][72.931s][info][gc,heap     ] GC(145) y: Young Generation Statistics:
[2026-04-03T03:24:37.053+0600][72.931s][info][gc,heap     ] GC(145) y:                Mark Start          Mark End        Relocate Start      Relocate End    
[2026-04-03T03:24:37.053+0600][72.931s][info][gc,heap     ] GC(145) y:      Used:      262M (21%)         298M (24%)         218M (17%)         164M (13%)    
[2026-04-03T03:24:37.053+0600][72.931s][info][gc,heap     ] GC(145) y:      Live:         -                42M (3%)           42M (3%)           42M (3%)     
[2026-04-03T03:24:37.053+0600][72.931s][info][gc,heap     ] GC(145) y:   Garbage:         -               219M (18%)         135M (11%)           0M (0%)     
[2026-04-03T03:24:37.053+0600][72.931s][info][gc,heap     ] GC(145) y: Allocated:         -                36M (3%)           40M (3%)          121M (10%)    
[2026-04-03T03:24:37.053+0600][72.931s][info][gc,heap     ] GC(145) y: Reclaimed:         -                  -                84M (7%)          219M (18%)    
[2026-04-03T03:24:37.053+0600][72.931s][info][gc,heap     ] GC(145) y:  Promoted:         -                  -                 0M (0%)            0M (0%)     
[2026-04-03T03:24:37.053+0600][72.931s][info][gc,heap     ] GC(145) y: Compacted:         -                  -                  -                16M (1%)     
[2026-04-03T03:24:37.053+0600][72.931s][info][gc,phases   ] GC(145) y: Young Generation 654M(52%)->556M(44%) 0.080s
[2026-04-03T03:24:37.053+0600][72.931s][info][gc          ] GC(145) Minor Collection (Allocation Rate) 654M(52%)->558M(45%) 0.080s
[2026-04-03T03:24:37.157+0600][73.034s][info][gc          ] GC(146) Minor Collection (Allocation Rate)
[2026-04-03T03:24:37.157+0600][73.035s][info][gc,task     ] GC(146) Using 3 Workers for Young Generation
[2026-04-03T03:24:37.157+0600][73.035s][info][gc,phases   ] GC(146) y: Young Generation
[2026-04-03T03:24:37.157+0600][73.035s][info][gc,phases   ] GC(146) y: Pause Mark Start 0.018ms
[2026-04-03T03:24:37.231+0600][73.108s][info][gc,phases   ] GC(146) y: Concurrent Mark 73.578ms
[2026-04-03T03:24:37.231+0600][73.109s][info][gc,phases   ] GC(146) y: Pause Mark End 0.022ms
[2026-04-03T03:24:37.231+0600][73.109s][info][gc,phases   ] GC(146) y: Concurrent Mark Free 0.002ms
[2026-04-03T03:24:37.231+0600][73.109s][info][gc,phases   ] GC(146) y: Concurrent Reset Relocation Set 0.010ms
[2026-04-03T03:24:37.233+0600][73.110s][info][gc,reloc    ] GC(146) y: Using tenuring threshold: 2 (Computed)
[2026-04-03T03:24:37.241+0600][73.119s][info][gc,phases   ] GC(146) y: Concurrent Select Relocation Set 9.839ms
[2026-04-03T03:24:37.241+0600][73.119s][info][gc,phases   ] GC(146) y: Pause Relocate Start 0.017ms
[2026-04-03T03:24:37.260+0600][73.138s][info][gc,phases   ] GC(146) y: Concurrent Relocate 18.785ms
[2026-04-03T03:24:37.260+0600][73.138s][info][gc,alloc    ] GC(146) y:                         Mark Start        Mark End      Relocate Start    Relocate End   
[2026-04-03T03:24:37.260+0600][73.138s][info][gc,alloc    ] GC(146) y: Allocation Stalls:          0                0                0                0         
[2026-04-03T03:24:37.260+0600][73.138s][info][gc,load     ] GC(146) y: Load: 4.51 (38%) / 4.65 (39%) / 5.20 (43%)
[2026-04-03T03:24:37.260+0600][73.138s][info][gc,mmu      ] GC(146) y: MMU: 2ms/87.1%, 5ms/94.9%, 10ms/97.4%, 20ms/98.7%, 50ms/99.4%, 100ms/99.6%
[2026-04-03T03:24:37.260+0600][73.138s][info][gc,marking  ] GC(146) y: Mark: 2 stripe(s), 5 proactive flush(es), 1 terminate flush(es), 0 completion(s), 0 continuation(s) 
[2026-04-03T03:24:37.260+0600][73.138s][info][gc,marking  ] GC(146) y: Mark Stack Usage: 32M
[2026-04-03T03:24:37.260+0600][73.138s][info][gc,nmethod  ] GC(146) y: NMethods: 7559 registered, 1463 unregistered
[2026-04-03T03:24:37.260+0600][73.138s][info][gc,metaspace] GC(146) y: Metaspace: 71M used, 72M committed, 1088M reserved
[2026-04-03T03:24:37.260+0600][73.138s][info][gc,reloc    ] GC(146) y:                        Candidates     Selected     In-Place         Size        Empty    Relocated 
[2026-04-03T03:24:37.260+0600][73.138s][info][gc,reloc    ] GC(146) y: Small Pages:                  176            6            0         352M         286M           2M 
[2026-04-03T03:24:37.260+0600][73.138s][info][gc,reloc    ] GC(146) y: Medium Pages:                   2            1            0          64M           0M           4M 
[2026-04-03T03:24:37.260+0600][73.138s][info][gc,reloc    ] GC(146) y: Large Pages:                    3            0            0          18M           0M           0M 
[2026-04-03T03:24:37.260+0600][73.138s][info][gc,reloc    ] GC(146) y: Forwarding Usage: 3M
[2026-04-03T03:24:37.260+0600][73.138s][info][gc,reloc    ] GC(146) y: Age Table:
[2026-04-03T03:24:37.260+0600][73.138s][info][gc,reloc    ] GC(146) y:                    Live             Garbage             Small              Medium             Large        
[2026-04-03T03:24:37.260+0600][73.138s][info][gc,reloc    ] GC(146) y: Eden              34M (3%)          293M (23%)        158 / 3              0 / 0              2 / 0        
[2026-04-03T03:24:37.260+0600][73.138s][info][gc,reloc    ] GC(146) y: Survivor 1        14M (1%)            3M (0%)           6 / 2              0 / 0              1 / 0        
[2026-04-03T03:24:37.260+0600][73.138s][info][gc,reloc    ] GC(146) y: Survivor 2        20M (2%)           31M (3%)          10 / 0              1 / 0              0 / 0        
[2026-04-03T03:24:37.260+0600][73.138s][info][gc,reloc    ] GC(146) y: Survivor 3         7M (1%)           28M (2%)           2 / 1              1 / 1              0 / 0        
[2026-04-03T03:24:37.260+0600][73.138s][info][gc,heap     ] GC(146) y: Min Capacity: 8M(1%)
[2026-04-03T03:24:37.260+0600][73.138s][info][gc,heap     ] GC(146) y: Max Capacity: 1250M(100%)
[2026-04-03T03:24:37.260+0600][73.138s][info][gc,heap     ] GC(146) y: Soft Max Capacity: 1250M(100%)
[2026-04-03T03:24:37.260+0600][73.138s][info][gc,heap     ] GC(146) y: Heap Statistics:
[2026-04-03T03:24:37.260+0600][73.138s][info][gc,heap     ] GC(146) y:                Mark Start          Mark End        Relocate Start      Relocate End           High               Low         
[2026-04-03T03:24:37.260+0600][73.138s][info][gc,heap     ] GC(146) y:  Capacity:     1250M (100%)       1250M (100%)       1250M (100%)       1250M (100%)       1250M (100%)       1250M (100%)   
[2026-04-03T03:24:37.260+0600][73.138s][info][gc,heap     ] GC(146) y:      Free:      424M (34%)         262M (21%)         530M (42%)         544M (44%)         570M (46%)         262M (21%)    
[2026-04-03T03:24:37.260+0600][73.138s][info][gc,heap     ] GC(146) y:      Used:      826M (66%)         988M (79%)         720M (58%)         706M (56%)         988M (79%)         680M (54%)    
[2026-04-03T03:24:37.260+0600][73.138s][info][gc,heap     ] GC(146) y: Young Generation Statistics:
[2026-04-03T03:24:37.260+0600][73.138s][info][gc,heap     ] GC(146) y:                Mark Start          Mark End        Relocate Start      Relocate End    
[2026-04-03T03:24:37.260+0600][73.138s][info][gc,heap     ] GC(146) y:      Used:      434M (35%)         596M (48%)         308M (25%)         258M (21%)    
[2026-04-03T03:24:37.260+0600][73.138s][info][gc,heap     ] GC(146) y:      Live:         -                76M (6%)           57M (5%)           49M (4%)     
[2026-04-03T03:24:37.260+0600][73.138s][info][gc,heap     ] GC(146) y:   Garbage:         -               357M (29%)          70M (6%)            1M (0%)     
[2026-04-03T03:24:37.260+0600][73.138s][info][gc,heap     ] GC(146) y: Allocated:         -               162M (13%)         180M (14%)         207M (17%)    
[2026-04-03T03:24:37.260+0600][73.138s][info][gc,heap     ] GC(146) y: Reclaimed:         -                  -               286M (23%)         356M (28%)    
[2026-04-03T03:24:37.260+0600][73.138s][info][gc,heap     ] GC(146) y:  Promoted:         -                  -                19M (2%)           27M (2%)     
[2026-04-03T03:24:37.260+0600][73.138s][info][gc,heap     ] GC(146) y: Compacted:         -                  -                  -                 2M (0%)     
[2026-04-03T03:24:37.260+0600][73.138s][info][gc,phases   ] GC(146) y: Young Generation 826M(66%)->706M(56%) 0.103s
[2026-04-03T03:24:37.260+0600][73.138s][info][gc          ] GC(146) Minor Collection (Allocation Rate) 826M(66%)->706M(56%) 0.104s
[2026-04-03T03:24:37.262+0600][73.139s][info][gc          ] GC(147) Major Collection (Allocation Rate)
[2026-04-03T03:24:37.262+0600][73.140s][info][gc,task     ] GC(147) Using 3 Workers for Young Generation
[2026-04-03T03:24:37.262+0600][73.140s][info][gc,task     ] GC(147) Using 1 Workers for Old Generation
[2026-04-03T03:24:37.262+0600][73.140s][info][gc,phases   ] GC(147) Y: Young Generation
[2026-04-03T03:24:37.262+0600][73.140s][info][gc,phases   ] GC(147) Y: Pause Mark Start (Major) 0.038ms
[2026-04-03T03:24:37.381+0600][73.259s][info][gc,phases   ] GC(147) Y: Concurrent Mark 118.885ms
[2026-04-03T03:24:37.381+0600][73.259s][info][gc,phases   ] GC(147) Y: Pause Mark End 0.020ms
[2026-04-03T03:24:37.381+0600][73.259s][info][gc,phases   ] GC(147) Y: Concurrent Mark Free 0.001ms
[2026-04-03T03:24:37.381+0600][73.259s][info][gc,phases   ] GC(147) Y: Concurrent Reset Relocation Set 0.032ms
[2026-04-03T03:24:37.387+0600][73.265s][info][gc,reloc    ] GC(147) Y: Using tenuring threshold: 2 (Computed)
[2026-04-03T03:24:37.393+0600][73.271s][info][gc,phases   ] GC(147) Y: Concurrent Select Relocation Set 11.659ms
[2026-04-03T03:24:37.393+0600][73.271s][info][gc,phases   ] GC(147) Y: Pause Relocate Start 0.020ms
[2026-04-03T03:24:37.416+0600][73.294s][info][gc,phases   ] GC(147) Y: Concurrent Relocate 22.885ms
[2026-04-03T03:24:37.416+0600][73.294s][info][gc,alloc    ] GC(147) Y:                         Mark Start        Mark End      Relocate Start    Relocate End   
[2026-04-03T03:24:37.416+0600][73.294s][info][gc,alloc    ] GC(147) Y: Allocation Stalls:          0                0                0                0         
[2026-04-03T03:24:37.416+0600][73.294s][info][gc,load     ] GC(147) Y: Load: 4.51 (38%) / 4.65 (39%) / 5.20 (43%)
[2026-04-03T03:24:37.416+0600][73.294s][info][gc,mmu      ] GC(147) Y: MMU: 2ms/87.1%, 5ms/94.9%, 10ms/97.4%, 20ms/98.7%, 50ms/99.4%, 100ms/99.6%
[2026-04-03T03:24:37.416+0600][73.294s][info][gc,marking  ] GC(147) Y: Mark: 2 stripe(s), 10 proactive flush(es), 1 terminate flush(es), 0 completion(s), 0 continuation(s) 
[2026-04-03T03:24:37.416+0600][73.294s][info][gc,marking  ] GC(147) Y: Mark Stack Usage: 32M
[2026-04-03T03:24:37.416+0600][73.294s][info][gc,nmethod  ] GC(147) Y: NMethods: 7597 registered, 1463 unregistered
[2026-04-03T03:24:37.416+0600][73.294s][info][gc,metaspace] GC(147) Y: Metaspace: 71M used, 72M committed, 1088M reserved
[2026-04-03T03:24:37.416+0600][73.294s][info][gc,reloc    ] GC(147) Y:                        Candidates     Selected     In-Place         Size        Empty    Relocated 
[2026-04-03T03:24:37.416+0600][73.294s][info][gc,reloc    ] GC(147) Y: Small Pages:                  119            5            0         238M         146M           2M 
[2026-04-03T03:24:37.416+0600][73.294s][info][gc,reloc    ] GC(147) Y: Medium Pages:                   0            0            0           0M           0M           0M 
[2026-04-03T03:24:37.416+0600][73.294s][info][gc,reloc    ] GC(147) Y: Large Pages:                    4            0            0          24M          12M           0M 
[2026-04-03T03:24:37.416+0600][73.294s][info][gc,reloc    ] GC(147) Y: Forwarding Usage: 2M
[2026-04-03T03:24:37.416+0600][73.294s][info][gc,reloc    ] GC(147) Y: Age Table:
[2026-04-03T03:24:37.416+0600][73.294s][info][gc,reloc    ] GC(147) Y:                    Live             Garbage             Small              Medium             Large        
[2026-04-03T03:24:37.416+0600][73.294s][info][gc,reloc    ] GC(147) Y: Eden              50M (4%)          159M (13%)        102 / 3              0 / 0              1 / 0        
[2026-04-03T03:24:37.416+0600][73.294s][info][gc,reloc    ] GC(147) Y: Survivor 1        28M (2%)            7M (1%)          12 / 1              0 / 0              2 / 0        
[2026-04-03T03:24:37.416+0600][73.294s][info][gc,reloc    ] GC(147) Y: Survivor 2        14M (1%)            1M (0%)           5 / 1              0 / 0              1 / 0        
[2026-04-03T03:24:37.416+0600][73.294s][info][gc,heap     ] GC(147) Y: Min Capacity: 8M(1%)
[2026-04-03T03:24:37.416+0600][73.294s][info][gc,heap     ] GC(147) Y: Max Capacity: 1250M(100%)
[2026-04-03T03:24:37.416+0600][73.294s][info][gc,heap     ] GC(147) Y: Soft Max Capacity: 1250M(100%)
[2026-04-03T03:24:37.416+0600][73.294s][info][gc,heap     ] GC(147) Y: Heap Statistics:
[2026-04-03T03:24:37.416+0600][73.294s][info][gc,heap     ] GC(147) Y:                Mark Start          Mark End        Relocate Start      Relocate End           High               Low         
[2026-04-03T03:24:37.416+0600][73.294s][info][gc,heap     ] GC(147) Y:  Capacity:     1250M (100%)       1250M (100%)       1250M (100%)       1250M (100%)       1250M (100%)       1250M (100%)   
[2026-04-03T03:24:37.416+0600][73.294s][info][gc,heap     ] GC(147) Y:      Free:      540M (43%)         342M (27%)         492M (39%)         486M (39%)         540M (43%)         342M (27%)    
[2026-04-03T03:24:37.416+0600][73.294s][info][gc,heap     ] GC(147) Y:      Used:      710M (57%)         908M (73%)         758M (61%)         764M (61%)         908M (73%)         710M (57%)    
[2026-04-03T03:24:37.416+0600][73.294s][info][gc,heap     ] GC(147) Y: Young Generation Statistics:
[2026-04-03T03:24:37.416+0600][73.294s][info][gc,heap     ] GC(147) Y:                Mark Start          Mark End        Relocate Start      Relocate End    
[2026-04-03T03:24:37.416+0600][73.294s][info][gc,heap     ] GC(147) Y:      Used:      262M (21%)         460M (37%)         298M (24%)         300M (24%)    
[2026-04-03T03:24:37.417+0600][73.294s][info][gc,heap     ] GC(147) Y:      Live:         -                93M (7%)           81M (6%)           79M (6%)     
[2026-04-03T03:24:37.417+0600][73.294s][info][gc,heap     ] GC(147) Y:   Garbage:         -               168M (14%)          10M (1%)            0M (0%)     
[2026-04-03T03:24:37.417+0600][73.294s][info][gc,heap     ] GC(147) Y: Allocated:         -               198M (16%)         206M (16%)         220M (18%)    
[2026-04-03T03:24:37.417+0600][73.294s][info][gc,heap     ] GC(147) Y: Reclaimed:         -                  -               158M (13%)         168M (13%)    
[2026-04-03T03:24:37.417+0600][73.294s][info][gc,heap     ] GC(147) Y:  Promoted:         -                  -                11M (1%)           14M (1%)     
[2026-04-03T03:24:37.417+0600][73.294s][info][gc,heap     ] GC(147) Y: Compacted:         -                  -                  -                 1M (0%)     
[2026-04-03T03:24:37.417+0600][73.294s][info][gc,phases   ] GC(147) Y: Young Generation 710M(57%)->764M(61%) 0.154s
[2026-04-03T03:24:37.417+0600][73.294s][info][gc,phases   ] GC(147) O: Old Generation
[2026-04-03T03:24:37.417+0600][73.295s][info][gc          ] GC(148) Minor Collection (Allocation Rate)
[2026-04-03T03:24:37.418+0600][73.295s][info][gc,task     ] GC(148) Using 2 Workers for Young Generation
[2026-04-03T03:24:37.418+0600][73.295s][info][gc,phases   ] GC(148) y: Young Generation
[2026-04-03T03:24:37.418+0600][73.296s][info][gc,phases   ] GC(148) y: Pause Mark Start 0.023ms
[2026-04-03T03:24:37.438+0600][73.316s][info][gc,phases   ] GC(148) y: Concurrent Mark 19.766ms
[2026-04-03T03:24:37.439+0600][73.317s][info][gc,phases   ] GC(148) y: Pause Mark End 0.024ms
[2026-04-03T03:24:37.439+0600][73.317s][info][gc,phases   ] GC(148) y: Concurrent Mark Free 0.002ms
[2026-04-03T03:24:37.439+0600][73.317s][info][gc,phases   ] GC(148) y: Concurrent Reset Relocation Set 0.021ms
[2026-04-03T03:24:37.441+0600][73.319s][info][gc,reloc    ] GC(148) y: Using tenuring threshold: 3 (Computed)
[2026-04-03T03:24:37.442+0600][73.320s][info][gc,phases   ] GC(148) y: Concurrent Select Relocation Set 2.907ms
[2026-04-03T03:24:37.442+0600][73.320s][info][gc,phases   ] GC(148) y: Pause Relocate Start 0.018ms
[2026-04-03T03:24:37.443+0600][73.321s][info][gc,phases   ] GC(148) y: Concurrent Relocate 0.405ms
[2026-04-03T03:24:37.443+0600][73.321s][info][gc,alloc    ] GC(148) y:                         Mark Start        Mark End      Relocate Start    Relocate End   
[2026-04-03T03:24:37.443+0600][73.321s][info][gc,alloc    ] GC(148) y: Allocation Stalls:          0                0                0                0         
[2026-04-03T03:24:37.443+0600][73.321s][info][gc,load     ] GC(148) y: Load: 4.51 (38%) / 4.65 (39%) / 5.20 (43%)
[2026-04-03T03:24:37.443+0600][73.321s][info][gc,mmu      ] GC(148) y: MMU: 2ms/87.1%, 5ms/94.9%, 10ms/97.4%, 20ms/98.7%, 50ms/99.4%, 100ms/99.6%
[2026-04-03T03:24:37.443+0600][73.321s][info][gc,marking  ] GC(148) y: Mark: 2 stripe(s), 1 proactive flush(es), 1 terminate flush(es), 0 completion(s), 0 continuation(s) 
[2026-04-03T03:24:37.443+0600][73.321s][info][gc,marking  ] GC(148) y: Mark Stack Usage: 32M
[2026-04-03T03:24:37.443+0600][73.321s][info][gc,nmethod  ] GC(148) y: NMethods: 7606 registered, 1463 unregistered
[2026-04-03T03:24:37.443+0600][73.321s][info][gc,metaspace] GC(148) y: Metaspace: 72M used, 72M committed, 1088M reserved
[2026-04-03T03:24:37.443+0600][73.321s][info][gc,reloc    ] GC(148) y:                        Candidates     Selected     In-Place         Size        Empty    Relocated 
[2026-04-03T03:24:37.443+0600][73.321s][info][gc,reloc    ] GC(148) y: Small Pages:                  151           29            0         302M         242M           0M 
[2026-04-03T03:24:37.443+0600][73.321s][info][gc,reloc    ] GC(148) y: Medium Pages:                   0            0            0           0M           0M           0M 
[2026-04-03T03:24:37.443+0600][73.321s][info][gc,reloc    ] GC(148) y: Large Pages:                    1            0            0           6M           6M           0M 
[2026-04-03T03:24:37.443+0600][73.321s][info][gc,reloc    ] GC(148) y: Forwarding Usage: 0M
[2026-04-03T03:24:37.443+0600][73.321s][info][gc,reloc    ] GC(148) y: Age Table:
[2026-04-03T03:24:37.443+0600][73.321s][info][gc,reloc    ] GC(148) y:                    Live             Garbage             Small              Medium             Large        
[2026-04-03T03:24:37.443+0600][73.321s][info][gc,reloc    ] GC(148) y: Eden               0M (0%)          221M (18%)        111 / 27             0 / 0              0 / 0        
[2026-04-03T03:24:37.443+0600][73.321s][info][gc,reloc    ] GC(148) y: Survivor 1         0M (0%)           55M (4%)          28 / 1              0 / 0              0 / 0        
[2026-04-03T03:24:37.443+0600][73.321s][info][gc,reloc    ] GC(148) y: Survivor 2         0M (0%)           29M (2%)          12 / 1              0 / 0              1 / 0        
[2026-04-03T03:24:37.443+0600][73.321s][info][gc,heap     ] GC(148) y: Min Capacity: 8M(1%)
[2026-04-03T03:24:37.443+0600][73.321s][info][gc,heap     ] GC(148) y: Max Capacity: 1250M(100%)
[2026-04-03T03:24:37.443+0600][73.321s][info][gc,heap     ] GC(148) y: Soft Max Capacity: 1250M(100%)
[2026-04-03T03:24:37.443+0600][73.321s][info][gc,heap     ] GC(148) y: Heap Statistics:
[2026-04-03T03:24:37.443+0600][73.321s][info][gc,heap     ] GC(148) y:                Mark Start          Mark End        Relocate Start      Relocate End           High               Low         
[2026-04-03T03:24:37.443+0600][73.321s][info][gc,heap     ] GC(148) y:  Capacity:     1250M (100%)       1250M (100%)       1250M (100%)       1250M (100%)       1250M (100%)       1250M (100%)   
[2026-04-03T03:24:37.443+0600][73.321s][info][gc,heap     ] GC(148) y:      Free:      478M (38%)         456M (36%)         704M (56%)         754M (60%)         754M (60%)         456M (36%)    
[2026-04-03T03:24:37.443+0600][73.321s][info][gc,heap     ] GC(148) y:      Used:      772M (62%)         794M (64%)         546M (44%)         496M (40%)         794M (64%)         496M (40%)    
[2026-04-03T03:24:37.443+0600][73.321s][info][gc,heap     ] GC(148) y: Young Generation Statistics:
[2026-04-03T03:24:37.443+0600][73.321s][info][gc,heap     ] GC(148) y:                Mark Start          Mark End        Relocate Start      Relocate End    
[2026-04-03T03:24:37.443+0600][73.321s][info][gc,heap     ] GC(148) y:      Used:      308M (25%)         330M (26%)          82M (7%)           32M (3%)     
[2026-04-03T03:24:37.443+0600][73.321s][info][gc,heap     ] GC(148) y:      Live:         -                 0M (0%)            0M (0%)            0M (0%)     
[2026-04-03T03:24:37.443+0600][73.321s][info][gc,heap     ] GC(148) y:   Garbage:         -               307M (25%)          59M (5%)            0M (0%)     
[2026-04-03T03:24:37.443+0600][73.321s][info][gc,heap     ] GC(148) y: Allocated:         -                22M (2%)           22M (2%)           31M (3%)     
[2026-04-03T03:24:37.443+0600][73.321s][info][gc,heap     ] GC(148) y: Reclaimed:         -                  -               248M (20%)         307M (25%)    
[2026-04-03T03:24:37.443+0600][73.321s][info][gc,heap     ] GC(148) y:  Promoted:         -                  -                 0M (0%)            0M (0%)     
[2026-04-03T03:24:37.443+0600][73.321s][info][gc,heap     ] GC(148) y: Compacted:         -                  -                  -                 0M (0%)     
[2026-04-03T03:24:37.443+0600][73.321s][info][gc,phases   ] GC(148) y: Young Generation 772M(62%)->496M(40%) 0.025s
[2026-04-03T03:24:37.443+0600][73.321s][info][gc          ] GC(148) Minor Collection (Allocation Rate) 770M(62%)->496M(40%) 0.026s
[2026-04-03T03:24:37.634+0600][73.512s][info][gc          ] GC(149) Minor Collection (Allocation Rate)
[2026-04-03T03:24:37.634+0600][73.512s][info][gc,task     ] GC(149) Using 2 Workers for Young Generation
[2026-04-03T03:24:37.634+0600][73.512s][info][gc,phases   ] GC(149) y: Young Generation
[2026-04-03T03:24:37.635+0600][73.512s][info][gc,phases   ] GC(149) y: Pause Mark Start 0.022ms
[2026-04-03T03:24:37.643+0600][73.521s][info][gc,phases   ] GC(149) y: Concurrent Mark 8.143ms
[2026-04-03T03:24:37.643+0600][73.521s][info][gc,phases   ] GC(149) y: Pause Mark End 0.022ms
[2026-04-03T03:24:37.643+0600][73.521s][info][gc,phases   ] GC(149) y: Concurrent Mark Free 0.001ms
[2026-04-03T03:24:37.643+0600][73.521s][info][gc,phases   ] GC(149) y: Concurrent Reset Relocation Set 0.005ms
[2026-04-03T03:24:37.648+0600][73.525s][info][gc,reloc    ] GC(149) y: Using tenuring threshold: 4 (Computed)
[2026-04-03T03:24:37.648+0600][73.526s][info][gc,phases   ] GC(149) y: Concurrent Select Relocation Set 4.890ms
[2026-04-03T03:24:37.648+0600][73.526s][info][gc,phases   ] GC(149) y: Pause Relocate Start 0.015ms
[2026-04-03T03:24:37.649+0600][73.527s][info][gc,phases   ] GC(149) y: Concurrent Relocate 0.392ms
[2026-04-03T03:24:37.649+0600][73.527s][info][gc,alloc    ] GC(149) y:                         Mark Start        Mark End      Relocate Start    Relocate End   
[2026-04-03T03:24:37.649+0600][73.527s][info][gc,alloc    ] GC(149) y: Allocation Stalls:          0                0                0                0         
[2026-04-03T03:24:37.649+0600][73.527s][info][gc,load     ] GC(149) y: Load: 4.51 (38%) / 4.65 (39%) / 5.20 (43%)
[2026-04-03T03:24:37.649+0600][73.527s][info][gc,mmu      ] GC(149) y: MMU: 2ms/87.1%, 5ms/94.9%, 10ms/97.4%, 20ms/98.7%, 50ms/99.4%, 100ms/99.6%
[2026-04-03T03:24:37.649+0600][73.527s][info][gc,marking  ] GC(149) y: Mark: 2 stripe(s), 2 proactive flush(es), 1 terminate flush(es), 0 completion(s), 0 continuation(s) 
[2026-04-03T03:24:37.649+0600][73.527s][info][gc,marking  ] GC(149) y: Mark Stack Usage: 32M
[2026-04-03T03:24:37.649+0600][73.527s][info][gc,nmethod  ] GC(149) y: NMethods: 7626 registered, 1463 unregistered
[2026-04-03T03:24:37.649+0600][73.527s][info][gc,metaspace] GC(149) y: Metaspace: 72M used, 72M committed, 1088M reserved
[2026-04-03T03:24:37.649+0600][73.527s][info][gc,reloc    ] GC(149) y:                        Candidates     Selected     In-Place         Size        Empty    Relocated 
[2026-04-03T03:24:37.649+0600][73.527s][info][gc,reloc    ] GC(149) y: Small Pages:                   20           14            0          40M          10M           0M 
[2026-04-03T03:24:37.649+0600][73.527s][info][gc,reloc    ] GC(149) y: Medium Pages:                   1            0            0          32M           0M           0M 
[2026-04-03T03:24:37.649+0600][73.527s][info][gc,reloc    ] GC(149) y: Large Pages:                    0            0            0           0M           0M           0M 
[2026-04-03T03:24:37.649+0600][73.527s][info][gc,reloc    ] GC(149) y: Forwarding Usage: 0M
[2026-04-03T03:24:37.649+0600][73.527s][info][gc,reloc    ] GC(149) y: Age Table:
[2026-04-03T03:24:37.649+0600][73.527s][info][gc,reloc    ] GC(149) y:                    Live             Garbage             Small              Medium             Large        
[2026-04-03T03:24:37.649+0600][73.527s][info][gc,reloc    ] GC(149) y: Eden               1M (0%)           62M (5%)          16 / 11             1 / 0              0 / 0        
[2026-04-03T03:24:37.649+0600][73.527s][info][gc,reloc    ] GC(149) y: Survivor 1         0M (0%)            3M (0%)           2 / 2              0 / 0              0 / 0        
[2026-04-03T03:24:37.649+0600][73.527s][info][gc,reloc    ] GC(149) y: Survivor 2         0M (0%)            1M (0%)           1 / 0              0 / 0              0 / 0        
[2026-04-03T03:24:37.649+0600][73.527s][info][gc,reloc    ] GC(149) y: Survivor 3         0M (0%)            1M (0%)           1 / 1              0 / 0              0 / 0        
[2026-04-03T03:24:37.649+0600][73.527s][info][gc,heap     ] GC(149) y: Min Capacity: 8M(1%)
[2026-04-03T03:24:37.649+0600][73.527s][info][gc,heap     ] GC(149) y: Max Capacity: 1250M(100%)
[2026-04-03T03:24:37.649+0600][73.527s][info][gc,heap     ] GC(149) y: Soft Max Capacity: 1250M(100%)
[2026-04-03T03:24:37.649+0600][73.527s][info][gc,heap     ] GC(149) y: Heap Statistics:
[2026-04-03T03:24:37.649+0600][73.527s][info][gc,heap     ] GC(149) y:                Mark Start          Mark End        Relocate Start      Relocate End           High               Low         
[2026-04-03T03:24:37.649+0600][73.527s][info][gc,heap     ] GC(149) y:  Capacity:     1250M (100%)       1250M (100%)       1250M (100%)       1250M (100%)       1250M (100%)       1250M (100%)   
[2026-04-03T03:24:37.649+0600][73.527s][info][gc,heap     ] GC(149) y:      Free:      714M (57%)         712M (57%)         722M (58%)         738M (59%)         738M (59%)         712M (57%)    
[2026-04-03T03:24:37.649+0600][73.527s][info][gc,heap     ] GC(149) y:      Used:      536M (43%)         538M (43%)         528M (42%)         512M (41%)         538M (43%)         512M (41%)    
[2026-04-03T03:24:37.649+0600][73.527s][info][gc,heap     ] GC(149) y: Young Generation Statistics:
[2026-04-03T03:24:37.649+0600][73.527s][info][gc,heap     ] GC(149) y:                Mark Start          Mark End        Relocate Start      Relocate End    
[2026-04-03T03:24:37.649+0600][73.527s][info][gc,heap     ] GC(149) y:      Used:       72M (6%)           74M (6%)           64M (5%)           48M (4%)     
[2026-04-03T03:24:37.649+0600][73.527s][info][gc,heap     ] GC(149) y:      Live:         -                 1M (0%)            1M (0%)            1M (0%)     
[2026-04-03T03:24:37.649+0600][73.527s][info][gc,heap     ] GC(149) y:   Garbage:         -                70M (6%)           60M (5%)           30M (2%)     
[2026-04-03T03:24:37.649+0600][73.527s][info][gc,heap     ] GC(149) y: Allocated:         -                 2M (0%)            2M (0%)           15M (1%)     
[2026-04-03T03:24:37.649+0600][73.527s][info][gc,heap     ] GC(149) y: Reclaimed:         -                  -                10M (1%)           39M (3%)     
[2026-04-03T03:24:37.649+0600][73.527s][info][gc,heap     ] GC(149) y:  Promoted:         -                  -                 0M (0%)            0M (0%)     
[2026-04-03T03:24:37.649+0600][73.527s][info][gc,heap     ] GC(149) y: Compacted:         -                  -                  -                 0M (0%)     
[2026-04-03T03:24:37.649+0600][73.527s][info][gc,phases   ] GC(149) y: Young Generation 536M(43%)->512M(41%) 0.014s
[2026-04-03T03:24:37.649+0600][73.527s][info][gc          ] GC(149) Minor Collection (Allocation Rate) 536M(43%)->512M(41%) 0.015s
[2026-04-03T03:24:37.655+0600][73.533s][info][gc          ] GC(150) Minor Collection (Allocation Rate)
[2026-04-03T03:24:37.655+0600][73.533s][info][gc,task     ] GC(150) Using 2 Workers for Young Generation
[2026-04-03T03:24:37.656+0600][73.533s][info][gc,phases   ] GC(150) y: Young Generation
[2026-04-03T03:24:37.656+0600][73.533s][info][gc,phases   ] GC(150) y: Pause Mark Start 0.017ms
[2026-04-03T03:24:37.667+0600][73.544s][info][gc,phases   ] GC(150) y: Concurrent Mark 10.808ms
[2026-04-03T03:24:37.667+0600][73.545s][info][gc,phases   ] GC(150) y: Pause Mark End 0.025ms
[2026-04-03T03:24:37.667+0600][73.545s][info][gc,phases   ] GC(150) y: Concurrent Mark Free 0.001ms
[2026-04-03T03:24:37.667+0600][73.545s][info][gc,phases   ] GC(150) y: Concurrent Reset Relocation Set 0.004ms
[2026-04-03T03:24:37.672+0600][73.549s][info][gc,reloc    ] GC(150) y: Using tenuring threshold: 5 (Computed)
[2026-04-03T03:24:37.672+0600][73.550s][info][gc,phases   ] GC(150) y: Concurrent Select Relocation Set 5.141ms
[2026-04-03T03:24:37.672+0600][73.550s][info][gc,phases   ] GC(150) y: Pause Relocate Start 0.012ms
[2026-04-03T03:24:37.673+0600][73.551s][info][gc,phases   ] GC(150) y: Concurrent Relocate 0.614ms
[2026-04-03T03:24:37.673+0600][73.551s][info][gc,alloc    ] GC(150) y:                         Mark Start        Mark End      Relocate Start    Relocate End   
[2026-04-03T03:24:37.673+0600][73.551s][info][gc,alloc    ] GC(150) y: Allocation Stalls:          0                0                0                0         
[2026-04-03T03:24:37.673+0600][73.551s][info][gc,load     ] GC(150) y: Load: 4.51 (38%) / 4.65 (39%) / 5.20 (43%)
[2026-04-03T03:24:37.673+0600][73.551s][info][gc,mmu      ] GC(150) y: MMU: 2ms/87.1%, 5ms/94.9%, 10ms/97.4%, 20ms/98.7%, 50ms/99.4%, 100ms/99.6%
[2026-04-03T03:24:37.673+0600][73.551s][info][gc,marking  ] GC(150) y: Mark: 2 stripe(s), 2 proactive flush(es), 1 terminate flush(es), 0 completion(s), 0 continuation(s) 
[2026-04-03T03:24:37.673+0600][73.551s][info][gc,marking  ] GC(150) y: Mark Stack Usage: 32M
[2026-04-03T03:24:37.673+0600][73.551s][info][gc,nmethod  ] GC(150) y: NMethods: 7627 registered, 1463 unregistered
[2026-04-03T03:24:37.673+0600][73.551s][info][gc,metaspace] GC(150) y: Metaspace: 72M used, 72M committed, 1088M reserved
[2026-04-03T03:24:37.673+0600][73.551s][info][gc,reloc    ] GC(150) y:                        Candidates     Selected     In-Place         Size        Empty    Relocated 
[2026-04-03T03:24:37.673+0600][73.551s][info][gc,reloc    ] GC(150) y: Small Pages:                   17            7            0          34M          18M           0M 
[2026-04-03T03:24:37.673+0600][73.551s][info][gc,reloc    ] GC(150) y: Medium Pages:                   1            0            0          32M          32M           0M 
[2026-04-03T03:24:37.673+0600][73.551s][info][gc,reloc    ] GC(150) y: Large Pages:                    0            0            0           0M           0M           0M 
[2026-04-03T03:24:37.673+0600][73.551s][info][gc,reloc    ] GC(150) y: Forwarding Usage: 0M
[2026-04-03T03:24:37.673+0600][73.551s][info][gc,reloc    ] GC(150) y: Age Table:
[2026-04-03T03:24:37.673+0600][73.551s][info][gc,reloc    ] GC(150) y:                    Live             Garbage             Small              Medium             Large        
[2026-04-03T03:24:37.673+0600][73.551s][info][gc,reloc    ] GC(150) y: Eden               0M (0%)           19M (2%)          10 / 1              0 / 0              0 / 0        
[2026-04-03T03:24:37.673+0600][73.551s][info][gc,reloc    ] GC(150) y: Survivor 1         0M (0%)           37M (3%)           3 / 3              1 / 0              0 / 0        
[2026-04-03T03:24:37.673+0600][73.551s][info][gc,reloc    ] GC(150) y: Survivor 2         0M (0%)            3M (0%)           2 / 2              0 / 0              0 / 0        
[2026-04-03T03:24:37.673+0600][73.551s][info][gc,reloc    ] GC(150) y: Survivor 3         0M (0%)            1M (0%)           1 / 0              0 / 0              0 / 0        
[2026-04-03T03:24:37.673+0600][73.551s][info][gc,reloc    ] GC(150) y: Survivor 4         0M (0%)            1M (0%)           1 / 1              0 / 0              0 / 0        
[2026-04-03T03:24:37.673+0600][73.551s][info][gc,heap     ] GC(150) y: Min Capacity: 8M(1%)
[2026-04-03T03:24:37.673+0600][73.551s][info][gc,heap     ] GC(150) y: Max Capacity: 1250M(100%)
[2026-04-03T03:24:37.673+0600][73.551s][info][gc,heap     ] GC(150) y: Soft Max Capacity: 1250M(100%)
[2026-04-03T03:24:37.673+0600][73.551s][info][gc,heap     ] GC(150) y: Heap Statistics:
[2026-04-03T03:24:37.673+0600][73.551s][info][gc,heap     ] GC(150) y:                Mark Start          Mark End        Relocate Start      Relocate End           High               Low         
[2026-04-03T03:24:37.673+0600][73.551s][info][gc,heap     ] GC(150) y:  Capacity:     1250M (100%)       1250M (100%)       1250M (100%)       1250M (100%)       1250M (100%)       1250M (100%)   
[2026-04-03T03:24:37.673+0600][73.551s][info][gc,heap     ] GC(150) y:      Free:      720M (58%)         714M (57%)         764M (61%)         766M (61%)         766M (61%)         714M (57%)    
[2026-04-03T03:24:37.674+0600][73.551s][info][gc,heap     ] GC(150) y:      Used:      530M (42%)         536M (43%)         486M (39%)         484M (39%)         536M (43%)         484M (39%)    
[2026-04-03T03:24:37.674+0600][73.551s][info][gc,heap     ] GC(150) y: Young Generation Statistics:
[2026-04-03T03:24:37.674+0600][73.551s][info][gc,heap     ] GC(150) y:                Mark Start          Mark End        Relocate Start      Relocate End    
[2026-04-03T03:24:37.674+0600][73.551s][info][gc,heap     ] GC(150) y:      Used:       66M (5%)           72M (6%)           22M (2%)           20M (2%)     
[2026-04-03T03:24:37.674+0600][73.551s][info][gc,heap     ] GC(150) y:      Live:         -                 0M (0%)            0M (0%)            0M (0%)     
[2026-04-03T03:24:37.674+0600][73.551s][info][gc,heap     ] GC(150) y:   Garbage:         -                65M (5%)           15M (1%)            0M (0%)     
[2026-04-03T03:24:37.674+0600][73.551s][info][gc,heap     ] GC(150) y: Allocated:         -                 6M (0%)            6M (0%)           19M (2%)     
[2026-04-03T03:24:37.674+0600][73.551s][info][gc,heap     ] GC(150) y: Reclaimed:         -                  -                50M (4%)           65M (5%)     
[2026-04-03T03:24:37.674+0600][73.551s][info][gc,heap     ] GC(150) y:  Promoted:         -                  -                 0M (0%)            0M (0%)     
[2026-04-03T03:24:37.674+0600][73.551s][info][gc,heap     ] GC(150) y: Compacted:         -                  -                  -                 0M (0%)     
[2026-04-03T03:24:37.674+0600][73.551s][info][gc,phases   ] GC(150) y: Young Generation 530M(42%)->484M(39%) 0.018s
[2026-04-03T03:24:37.674+0600][73.551s][info][gc          ] GC(150) Minor Collection (Allocation Rate) 530M(42%)->484M(39%) 0.018s
[2026-04-03T03:24:38.022+0600][73.900s][info][gc,phases   ] GC(147) O: Concurrent Mark 605.364ms
[2026-04-03T03:24:38.022+0600][73.900s][info][gc,phases   ] GC(147) O: Pause Mark End 0.023ms
[2026-04-03T03:24:38.022+0600][73.900s][info][gc,phases   ] GC(147) O: Concurrent Mark Free 0.001ms
[2026-04-03T03:24:38.040+0600][73.917s][info][gc,phases   ] GC(147) O: Concurrent Process Non-Strong 17.357ms
[2026-04-03T03:24:38.040+0600][73.917s][info][gc,phases   ] GC(147) O: Concurrent Reset Relocation Set 0.003ms
[2026-04-03T03:24:38.043+0600][73.920s][info][gc,phases   ] GC(147) O: Concurrent Select Relocation Set 2.894ms
[2026-04-03T03:24:38.043+0600][73.920s][info][gc,task     ] GC(147) O: Using 3 Workers for Old Generation
[2026-04-03T03:24:38.063+0600][73.940s][info][gc,task     ] GC(147) O: Using 1 Workers for Old Generation
[2026-04-03T03:24:38.063+0600][73.940s][info][gc,phases   ] GC(147) O: Concurrent Remap Roots 20.077ms
[2026-04-03T03:24:38.063+0600][73.941s][info][gc,phases   ] GC(147) O: Pause Relocate Start 0.028ms
[2026-04-03T03:24:38.064+0600][73.941s][info][gc,exit     ] Stopping ZGC
[2026-04-03T03:24:38.073+0600][73.950s][info][gc,phases   ] GC(147) O: Old Generation Aborted
[2026-04-03T03:24:38.073+0600][73.951s][info][gc          ] GC(147) Major Collection (Allocation Rate) Aborted
[2026-04-03T03:24:38.073+0600][73.951s][info][gc,stats    ] === Garbage Collection Statistics =======================================================================================================================
[2026-04-03T03:24:38.073+0600][73.951s][info][gc,stats    ]                                                              Last 10s              Last 10m              Last 10h                Total
[2026-04-03T03:24:38.073+0600][73.951s][info][gc,stats    ]                                                              Avg / Max             Avg / Max             Avg / Max             Avg / Max
[2026-04-03T03:24:38.073+0600][73.951s][info][gc,stats    ]        Contention: Mark Segment Reset Contention                     1 / 3                10 / 341              10 / 341              10 / 341         ops/s
[2026-04-03T03:24:38.073+0600][73.951s][info][gc,stats    ]        Contention: Mark SeqNum Reset Contention                      0 / 1                 0 / 12                0 / 12                0 / 12          ops/s
[2026-04-03T03:24:38.073+0600][73.951s][info][gc,stats    ]          Critical: Allocation Stall                                  0 / 3                 0 / 7                 0 / 7                 0 / 7           ops/s
[2026-04-03T03:24:38.073+0600][73.951s][info][gc,stats    ]          Critical: Allocation Stall                            191.717 / 296.323     103.070 / 296.323     103.070 / 296.323     103.070 / 296.323     ms
[2026-04-03T03:24:38.073+0600][73.951s][info][gc,stats    ]          Critical: JNI Critical Stall                                0 / 0                 0 / 2                 0 / 2                 0 / 2           ops/s
[2026-04-03T03:24:38.073+0600][73.951s][info][gc,stats    ]          Critical: JNI Critical Stall                            0.000 / 0.000         0.638 / 1.661         0.638 / 1.661         0.638 / 1.661       ms
[2026-04-03T03:24:38.073+0600][73.951s][info][gc,stats    ]          Critical: Relocation Stall                                  0 / 1                 0 / 3                 0 / 3                 0 / 3           ops/s
[2026-04-03T03:24:38.073+0600][73.951s][info][gc,stats    ]          Critical: Relocation Stall                              0.774 / 0.774         1.453 / 4.915         1.453 / 4.915         1.453 / 4.915       ms
[2026-04-03T03:24:38.073+0600][73.951s][info][gc,stats    ]  Major Collection: Major Collection                           1536.427 / 2253.047   1308.712 / 2796.893   1308.712 / 2796.893   1308.712 / 2796.893    ms
[2026-04-03T03:24:38.073+0600][73.951s][info][gc,stats    ]            Memory: Allocation Rate                                 684 / 1238            569 / 2526            569 / 2526            569 / 2526        MB/s
[2026-04-03T03:24:38.073+0600][73.951s][info][gc,stats    ]            Memory: Defragment                                       10 / 41                9 / 157               9 / 157               9 / 157         ops/s
[2026-04-03T03:24:38.073+0600][73.951s][info][gc,stats    ]            Memory: Out Of Memory                                     0 / 0                 0 / 0                 0 / 0                 0 / 0           ops/s
[2026-04-03T03:24:38.073+0600][73.951s][info][gc,stats    ]            Memory: Page Cache Flush                                 52 / 138              48 / 350              48 / 350              48 / 350         MB/s
[2026-04-03T03:24:38.073+0600][73.951s][info][gc,stats    ]            Memory: Page Cache Hit L1                               307 / 488             254 / 1196            254 / 1196            254 / 1196        ops/s
[2026-04-03T03:24:38.073+0600][73.951s][info][gc,stats    ]            Memory: Page Cache Hit L2                                 0 / 0                 0 / 0                 0 / 0                 0 / 0           ops/s
[2026-04-03T03:24:38.073+0600][73.951s][info][gc,stats    ]            Memory: Page Cache Hit L3                                10 / 39               11 / 143              11 / 143              11 / 143         ops/s
[2026-04-03T03:24:38.073+0600][73.951s][info][gc,stats    ]            Memory: Page Cache Miss                                   1 / 5                 6 / 137               6 / 137               6 / 137         ops/s
[2026-04-03T03:24:38.073+0600][73.951s][info][gc,stats    ]            Memory: Uncommit                                          0 / 0                 0 / 0                 0 / 0                 0 / 0           MB/s
[2026-04-03T03:24:38.073+0600][73.951s][info][gc,stats    ]            Memory: Undo Object Allocation Failed                     0 / 0                 0 / 0                 0 / 0                 0 / 0           ops/s
[2026-04-03T03:24:38.073+0600][73.951s][info][gc,stats    ]            Memory: Undo Object Allocation Succeeded                185 / 1310             63 / 1432             63 / 1432             63 / 1432        ops/s
[2026-04-03T03:24:38.073+0600][73.951s][info][gc,stats    ]            Memory: Undo Page Allocation                              0 / 1                 0 / 2                 0 / 2                 0 / 2           ops/s
[2026-04-03T03:24:38.073+0600][73.951s][info][gc,stats    ]  Minor Collection: Minor Collection                            246.093 / 718.247     279.522 / 1107.581    279.522 / 1107.581    279.522 / 1107.581    ms
[2026-04-03T03:24:38.073+0600][73.951s][info][gc,stats    ]    Old Generation: Old Generation                             1114.053 / 1637.355   1030.061 / 2208.496   1030.061 / 2208.496   1030.061 / 2208.496    ms
[2026-04-03T03:24:38.073+0600][73.951s][info][gc,stats    ]         Old Pause: Pause Mark End                                0.031 / 0.041         0.028 / 0.059         0.028 / 0.059         0.028 / 0.059       ms
[2026-04-03T03:24:38.073+0600][73.951s][info][gc,stats    ]         Old Pause: Pause Relocate Start                          0.041 / 0.096         0.029 / 0.096         0.029 / 0.096         0.029 / 0.096       ms
[2026-04-03T03:24:38.073+0600][73.951s][info][gc,stats    ]         Old Phase: Concurrent Mark                             687.335 / 1147.373    639.137 / 1902.600    639.137 / 1902.600    639.137 / 1902.600    ms
[2026-04-03T03:24:38.073+0600][73.951s][info][gc,stats    ]         Old Phase: Concurrent Mark Continue                      0.000 / 0.000         0.000 / 0.000         0.000 / 0.000         0.000 / 0.000       ms
[2026-04-03T03:24:38.073+0600][73.951s][info][gc,stats    ]         Old Phase: Concurrent Mark Free                          0.002 / 0.004         0.003 / 0.030         0.003 / 0.030         0.003 / 0.030       ms
[2026-04-03T03:24:38.073+0600][73.951s][info][gc,stats    ]         Old Phase: Concurrent Process Non-Strong                17.281 / 21.119       15.881 / 42.743       15.881 / 42.743       15.881 / 42.743      ms
[2026-04-03T03:24:38.073+0600][73.951s][info][gc,stats    ]         Old Phase: Concurrent Relocate                          80.384 / 154.955      48.525 / 207.565      48.525 / 207.565      48.525 / 207.565     ms
[2026-04-03T03:24:38.073+0600][73.951s][info][gc,stats    ]         Old Phase: Concurrent Remap Roots                       30.865 / 55.009       29.640 / 107.381      29.640 / 107.381      29.640 / 107.381     ms
[2026-04-03T03:24:38.073+0600][73.951s][info][gc,stats    ]         Old Phase: Concurrent Reset Relocation Set               0.010 / 0.014         0.007 / 0.024         0.007 / 0.024         0.007 / 0.024       ms
[2026-04-03T03:24:38.073+0600][73.951s][info][gc,stats    ]         Old Phase: Concurrent Select Relocation Set             10.187 / 20.471       10.312 / 42.372       10.312 / 42.372       10.312 / 42.372      ms
[2026-04-03T03:24:38.073+0600][73.951s][info][gc,stats    ]      Old Subphase: Concurrent Classes Purge                      0.046 / 0.074         0.195 / 1.836         0.195 / 1.836         0.195 / 1.836       ms
[2026-04-03T03:24:38.073+0600][73.951s][info][gc,stats    ]      Old Subphase: Concurrent Classes Unlink                    13.508 / 17.079       12.163 / 38.084       12.163 / 38.084       12.163 / 38.084      ms
[2026-04-03T03:24:38.073+0600][73.951s][info][gc,stats    ]      Old Subphase: Concurrent Mark Follow                      685.293 / 1145.001    637.686 / 1901.098    637.686 / 1901.098    637.686 / 1901.098    ms
[2026-04-03T03:24:38.073+0600][73.951s][info][gc,stats    ]      Old Subphase: Concurrent Mark Root Colored                  0.270 / 0.302         0.225 / 0.451         0.225 / 0.451         0.225 / 0.451       ms
[2026-04-03T03:24:38.073+0600][73.951s][info][gc,stats    ]      Old Subphase: Concurrent Mark Root Uncolored                1.642 / 1.909         0.885 / 2.742         0.885 / 2.742         0.885 / 2.742       ms
[2026-04-03T03:24:38.073+0600][73.951s][info][gc,stats    ]      Old Subphase: Concurrent Mark Roots                         2.034 / 2.364         1.444 / 3.367         1.444 / 3.367         1.444 / 3.367       ms
[2026-04-03T03:24:38.073+0600][73.951s][info][gc,stats    ]      Old Subphase: Concurrent References Enqueue                 0.008 / 0.010         0.007 / 0.017         0.007 / 0.017         0.007 / 0.017       ms
[2026-04-03T03:24:38.073+0600][73.951s][info][gc,stats    ]      Old Subphase: Concurrent References Process                 1.333 / 1.587         1.076 / 2.547         1.076 / 2.547         1.076 / 2.547       ms
[2026-04-03T03:24:38.074+0600][73.951s][info][gc,stats    ]      Old Subphase: Concurrent Remap Remembered                  20.594 / 45.393       21.843 / 98.584       21.843 / 98.584       21.843 / 98.584      ms
[2026-04-03T03:24:38.074+0600][73.951s][info][gc,stats    ]      Old Subphase: Concurrent Remap Roots Colored                3.526 / 5.061         2.607 / 5.310         2.607 / 5.310         2.607 / 5.310       ms
[2026-04-03T03:24:38.074+0600][73.951s][info][gc,stats    ]      Old Subphase: Concurrent Remap Roots Uncolored              3.036 / 4.079         2.486 / 5.214         2.486 / 5.214         2.486 / 5.214       ms
[2026-04-03T03:24:38.074+0600][73.951s][info][gc,stats    ]      Old Subphase: Concurrent Roots ClassLoaderDataGraph         2.342 / 4.406         1.561 / 4.495         1.561 / 4.495         1.561 / 4.495       ms
[2026-04-03T03:24:38.074+0600][73.951s][info][gc,stats    ]      Old Subphase: Concurrent Roots CodeCache                    2.600 / 3.395         2.188 / 4.363         2.188 / 4.363         2.188 / 4.363       ms
[2026-04-03T03:24:38.074+0600][73.951s][info][gc,stats    ]      Old Subphase: Concurrent Roots JavaThreads                  0.538 / 1.907         0.370 / 2.740         0.370 / 2.740         0.370 / 2.740       ms
[2026-04-03T03:24:38.074+0600][73.951s][info][gc,stats    ]      Old Subphase: Concurrent Roots OopStorageSet                0.038 / 0.104         0.034 / 0.187         0.034 / 0.187         0.034 / 0.187       ms
[2026-04-03T03:24:38.074+0600][73.951s][info][gc,stats    ]      Old Subphase: Concurrent Weak Roots OopStorageSet           0.829 / 1.808         0.683 / 2.533         0.683 / 2.533         0.683 / 2.533       ms
[2026-04-03T03:24:38.074+0600][73.951s][info][gc,stats    ]            System: Java Threads                                    197 / 227             126 / 227             126 / 227             126 / 227         threads
[2026-04-03T03:24:38.074+0600][73.951s][info][gc,stats    ]  Young Generation: Young Generation                            421.400 / 614.572     305.826 / 727.326     305.826 / 727.326     305.826 / 727.326     ms
[2026-04-03T03:24:38.074+0600][73.951s][info][gc,stats    ]  Young Generation: Young Generation                            245.520 / 717.820     278.756 / 1083.769    278.756 / 1083.769    278.756 / 1083.769    ms
[2026-04-03T03:24:38.074+0600][73.951s][info][gc,stats    ]  Young Generation: Young Generation (Collect Roots)              0.000 / 0.000        10.856 / 12.203       10.856 / 12.203       10.856 / 12.203      ms
[2026-04-03T03:24:38.074+0600][73.951s][info][gc,stats    ]  Young Generation: Young Generation (Promote All)                0.000 / 0.000        15.075 / 22.353       15.075 / 22.353       15.075 / 22.353      ms
[2026-04-03T03:24:38.074+0600][73.951s][info][gc,stats    ]       Young Pause: Pause Mark End                                0.035 / 0.059         0.034 / 0.138         0.034 / 0.138         0.034 / 0.138       ms
[2026-04-03T03:24:38.074+0600][73.951s][info][gc,stats    ]       Young Pause: Pause Mark Start                              0.031 / 0.076         0.032 / 0.094         0.032 / 0.094         0.032 / 0.094       ms
[2026-04-03T03:24:38.074+0600][73.951s][info][gc,stats    ]       Young Pause: Pause Mark Start (Major)                      0.071 / 0.163         0.037 / 0.163         0.037 / 0.163         0.037 / 0.163       ms
[2026-04-03T03:24:38.074+0600][73.951s][info][gc,stats    ]       Young Pause: Pause Relocate Start                          0.034 / 0.090         0.033 / 0.257         0.033 / 0.257         0.033 / 0.257       ms
[2026-04-03T03:24:38.074+0600][73.951s][info][gc,stats    ]       Young Phase: Concurrent Mark                             189.678 / 441.475     191.048 / 854.366     191.048 / 854.366     191.048 / 854.366     ms
[2026-04-03T03:24:38.074+0600][73.951s][info][gc,stats    ]       Young Phase: Concurrent Mark Continue                      0.000 / 0.000         0.000 / 0.000         0.000 / 0.000         0.000 / 0.000       ms
[2026-04-03T03:24:38.074+0600][73.951s][info][gc,stats    ]       Young Phase: Concurrent Mark Free                          0.003 / 0.006         0.009 / 0.399         0.009 / 0.399         0.009 / 0.399       ms
[2026-04-03T03:24:38.074+0600][73.951s][info][gc,stats    ]       Young Phase: Concurrent Relocate                          57.628 / 225.021      59.188 / 228.252      59.188 / 228.252      59.188 / 228.252     ms
[2026-04-03T03:24:38.074+0600][73.951s][info][gc,stats    ]       Young Phase: Concurrent Reset Relocation Set               0.033 / 0.124         0.035 / 0.265         0.035 / 0.265         0.035 / 0.265       ms
[2026-04-03T03:24:38.074+0600][73.951s][info][gc,stats    ]       Young Phase: Concurrent Select Relocation Set             20.223 / 90.556       19.970 / 95.976       19.970 / 95.976       19.970 / 95.976      ms
[2026-04-03T03:24:38.074+0600][73.952s][info][gc,stats    ]    Young Subphase: Concurrent Mark Follow                      179.236 / 431.333     181.826 / 840.555     181.826 / 840.555     181.826 / 840.555     ms
[2026-04-03T03:24:38.074+0600][73.952s][info][gc,stats    ]    Young Subphase: Concurrent Mark Root Colored                  4.080 / 5.642         3.989 / 6.721         3.989 / 6.721         3.989 / 6.721       ms
[2026-04-03T03:24:38.074+0600][73.952s][info][gc,stats    ]    Young Subphase: Concurrent Mark Root Uncolored                5.449 / 12.845        4.424 / 13.440        4.424 / 13.440        4.424 / 13.440      ms
[2026-04-03T03:24:38.074+0600][73.952s][info][gc,stats    ]    Young Subphase: Concurrent Mark Roots                        10.333 / 16.362        9.198 / 17.581        9.198 / 17.581        9.198 / 17.581      ms
[2026-04-03T03:24:38.074+0600][73.952s][info][gc,stats    ]    Young Subphase: Concurrent Relocate Remset FP                22.510 / 185.484      24.289 / 185.484      24.289 / 185.484      24.289 / 185.484     ms
[2026-04-03T03:24:38.074+0600][73.952s][info][gc,stats    ]    Young Subphase: Concurrent Roots ClassLoaderDataGraph         2.980 / 4.380         2.918 / 5.556         2.918 / 5.556         2.918 / 5.556       ms
[2026-04-03T03:24:38.074+0600][73.952s][info][gc,stats    ]    Young Subphase: Concurrent Roots CodeCache                    4.503 / 10.816        3.705 / 11.392        3.705 / 11.392        3.705 / 11.392      ms
[2026-04-03T03:24:38.074+0600][73.952s][info][gc,stats    ]    Young Subphase: Concurrent Roots JavaThreads                  0.502 / 2.043         0.370 / 2.442         0.370 / 2.442         0.370 / 2.442       ms
[2026-04-03T03:24:38.074+0600][73.952s][info][gc,stats    ]    Young Subphase: Concurrent Roots OopStorageSet                0.035 / 0.127         0.034 / 0.131         0.034 / 0.131         0.034 / 0.131       ms
[2026-04-03T03:24:38.074+0600][73.952s][info][gc,stats    ]    Young Subphase: Concurrent Weak Roots OopStorageSet           1.064 / 2.714         1.038 / 3.869         1.038 / 3.869         1.038 / 3.869       ms
[2026-04-03T03:24:38.074+0600][73.952s][info][gc,stats    ] =========================================================================================================================================================
[2026-04-03T03:24:38.074+0600][73.952s][info][gc,heap,exit] Heap
[2026-04-03T03:24:38.074+0600][73.952s][info][gc,heap,exit]  ZHeap           used 314M, capacity 1250M, max capacity 1250M
[2026-04-03T03:24:38.074+0600][73.952s][info][gc,heap,exit]  Metaspace       used 73777K, committed 74688K, reserved 1114112K
[2026-04-03T03:24:38.074+0600][73.952s][info][gc,heap,exit]   class space    used 9383K, committed 9792K, reserved 1048576K
